
<?xml version="1.0" ?>

<verbosegc xmlns="http://www.ibm.com/j9/verbosegc" version="6fe7bac_CMPRSS">

<gc check installed>
<initialized id="1" timestamp="2019-08-08T19:52:39.039">
  <attribute name="gcPolicy" value="-Xgcpolicy:balanced" />
  <attribute name="elasticGC enabled" value="1" />
  <attribute name= "numThreadsSpecified" value="0" />
  <attribute name="heapSize specified" value="0" />
  <attribute name="Current GC Util" value="0" />
  <attribute name= "Current Time Running" value="0" />
  <attribute name ="GC Interval" value="0" />
  <attribute name="Target GC Util Change" value ="0.000000" />
  <attribute name="Current GC Util Change" value="0.000000"/>
  <attribute name="Current Error" value="0.000000" />
  <attribute name="Output H" value="0"/>
  <attribute name="Output I" value="0"/>
  <attribute name="Output T" value="0"/>
  <attribute name= "Current Time Running" value="0" />
  <attribute name="GC Util currently" value="0" />
  <attribute name="CPU Util currently" value="0" />
  <attribute name="maxHeapSize" value="0xfa800000" />
  <attribute name="initialHeapSize" value="0x800000" />
  <attribute name="compressedRefs" value="true" />
  <attribute name="compressedRefsDisplacement" value="0x0" />
  <attribute name="compressedRefsShift" value="0x3" />
  <attribute name="pageSize" value="0x1000" />
  <attribute name="pageType" value="not used" />
  <attribute name="requestedPageSize" value="0x1000" />
  <attribute name="requestedPageType" value="not used" />
  <attribute name="gcthreads" value="16" />
  <attribute name="packetListSplit" value="16" />
  <attribute name="cacheListSplit" value="16" />
  <attribute name="splitFreeListSplitAmount" value="2" />
  <attribute name="numaNodes" value="0" />
  <region>
    <attribute name="regionSize" value="2097152" />
    <attribute name="regionCount" value="2004" />
    <attribute name="arrayletLeafSize" value="2097152" />
  </region>
  <system>
    <attribute name="physicalMemory" value="16815001600" />
    <attribute name="numCPUs" value="16" />
    <attribute name="architecture" value="amd64" />
    <attribute name="os" value="Linux" />
    <attribute name="osVersion" value="4.15.0" />
  </system>
  <vmargs>
    <vmarg name="-Xoptionsfile=/jdk/lib/options.default" />
    <vmarg name="-Xlockword:mode=default,noLockword=java/lang/String,noLockword=java/util/MapEntry,noLockword=java/util/HashMap$Entry,noLockword..." />
    <vmarg name="-Xjcl:jclse29" />
    <vmarg name="-Dcom.ibm.oti.vm.bootstrap.library.path=/jdk/lib/compressedrefs:/jdk/lib" />
    <vmarg name="-Dsun.boot.library.path=/jdk/lib/compressedrefs:/jdk/lib" />
    <vmarg name="-Djava.library.path=/jdk/lib/compressedrefs:/jdk/lib:/usr/lib64:/usr/lib" />
    <vmarg name="-Djava.home=/jdk" />
    <vmarg name="-Duser.dir=/" />
    <vmarg name="-Xgcelastic" />
    <vmarg name="-Xcheck:gc:::elasticGC" />
    <vmarg name="-Xgcpolicy:balanced" />
    <vmarg name="-verbose:gc" />
    <vmarg name="-Djava.class.path=dacapo-9.12-MR1-bach.jar" />
    <vmarg name="-Dsun.java.command=dacapo-9.12-MR1-bach.jar avrora jython pmd sunflow xalan --size=large" />
    <vmarg name="-Dsun.java.launcher=SUN_STANDARD" />
    <vmarg name="-Dsun.java.launcher.pid=1" />
  </vmargs>
</initialized>

<exclusive-start id="2" timestamp="2019-08-08T19:52:39.391" intervalms="352.559">
  <response-info timems="0.014" idlems="0.014" threads="0" lastid="0000000001F80F00" lastname="main" />
</exclusive-start>
<sys-start reason="explicit" id="3" timestamp="2019-08-08T19:52:39.391" intervalms="352.641" />
<cycle-start id="4" type="global garbage collect" contextid="0" timestamp="2019-08-08T19:52:39.391" intervalms="352.693" />
<gc-start id="5" type="global garbage collect" contextid="4" timestamp="2019-08-08T19:52:39.392">
  <mem-info id="6" free="2318184" total="8388608" percent="27">
    <mem type="eden" free="221032" total="6291456" percent="3" />
    <remembered-set count="0" freebytes="335360" totalbytes="335360" percent="100" regionsoverflowed="0" regionsstable="0" regionsrebuilding="0"/>
  </mem-info>
</gc-start>
<allocation-stats totalBytes="6061040" >
  <allocated-bytes non-tlh="471848" tlh="5589192" arrayletleaf="0"/>
  <largest-consumer threadName="main" threadId="0000000001F80F00" bytes="5976520" />
</allocation-stats>
<gc-op id="7" type="global mark" timems="5.549" contextid="4" timestamp="2019-08-08T19:52:39.397">
  <trace-info objectcount="17980" scancount="14220" scanbytes="467692" />
  <finalization candidates="14" enqueued="1" />
  <references type="soft" candidates="66" cleared="0" enqueued="0" dynamicThreshold="32" maxThreshold="32" />
  <references type="weak" candidates="553" cleared="411" enqueued="372" />
  <references type="phantom" candidates="99" cleared="41" enqueued="41" />
  <stringconstants candidates="2455" cleared="0"  />
</gc-op>
<gc-op id="8" type="classunload" timems="0.002" contextid="4" timestamp="2019-08-08T19:52:39.397">
  <classunload-info classloadercandidates="6" classloadersunloaded="0" classesunloaded="0" anonymousclassesunloaded="0" quiescems="0.000" setupms="0.002" scanms="0.000" postms="0.000" />
</gc-op>
<gc-op id="9" type="sweep" timems="1.528" contextid="4" timestamp="2019-08-08T19:52:39.399" />
<gc-op id="10" type="compact" timems="6.899" contextid="4" timestamp="2019-08-08T19:52:39.406">
  <compact-info movecount="17980" movebytes="1028856" />
  <remembered-set-cleared processed="275" cleared="275" durationms="0.239" />
</gc-op>
<gc-end id="11" type="global garbage collect" contextid="4" durationms="14.529" usertimems="23.253" systemtimems="9.859" timestamp="2019-08-08T19:52:39.406" activeThreads="16">
  <mem-info id="12" free="6291456" total="8388608" percent="75">
    <pending-finalizers system="1" default="0" reference="413" classloader="0" />
    <remembered-set count="0" freebytes="335360" totalbytes="335360" percent="100" regionsoverflowed="0" regionsstable="0" regionsrebuilding="0"/>
  </mem-info>
</gc-end>
<cycle-end id="13" type="global garbage collect" contextid="4" timestamp="2019-08-08T19:52:39.406" />
  <attribute name="elasticGC enabled" value="1" />
  <attribute name= "numThreadsSpecified" value="16" />
  <attribute name="heapSize specified" value="0" />
  <attribute name="Current GC Util" value="106" />
  <attribute name= "Current Time Running" value="281" />
  <attribute name ="GC Interval" value="0" />
  <attribute name="Target GC Util Change" value ="80.000000" />
  <attribute name="Current GC Util Change" value="106.000000"/>
  <attribute name="Current Error" value="-121.000000" />
  <attribute name="Output H" value="8464152"/>
  <attribute name="Output I" value="1792"/>
  <attribute name="Output T" value="16"/>
  <attribute name= "Current Time Running" value="281" />
  <attribute name="GC Util currently" value="106" />
  <attribute name="CPU Util currently" value="701956115663" />
<sys-end id="14" timestamp="2019-08-08T19:52:39.406" />
<exclusive-end id="15" timestamp="2019-08-08T19:52:39.406" durationms="14.967" />

===== DaCapo 9.12-MR1 avrora starting =====
<exclusive-start id="16" timestamp="2019-08-08T19:52:39.605" intervalms="213.806">
  <response-info timems="0.033" idlems="0.033" threads="0" lastid="0000000001F80F00" lastname="main" />
</exclusive-start>
<allocation-taxation id="17" taxation-threshold="6291456" timestamp="2019-08-08T19:52:39.605" intervalms="566.406" />
<cycle-start id="18" type="partial gc" contextid="0" timestamp="2019-08-08T19:52:39.605" intervalms="566.464" />
<gc-start id="19" type="partial gc" contextid="18" timestamp="2019-08-08T19:52:39.605">
  <mem-info id="20" free="0" total="8388608" percent="0">
    <mem type="eden" free="0" total="6291456" percent="0" />
    <remembered-set count="0" freebytes="335360" totalbytes="335360" percent="100" regionsoverflowed="0" regionsstable="0" regionsrebuilding="0"/>
  </mem-info>
</gc-start>
<allocation-stats totalBytes="6270432" >
  <allocated-bytes non-tlh="252944" tlh="6017488" arrayletleaf="0"/>
  <largest-consumer threadName="main" threadId="0000000001F80F00" bytes="6254360" />
</allocation-stats>
<gc-op id="21" type="mark" timems="7.648" contextid="18" timestamp="2019-08-08T19:52:39.614">
  <trace-info objectcount="76639" scancount="73344" scanbytes="2183592" />
  <cardclean-info objects="1171" bytes="40332" />
  <remembered-set-cleared processed="0" cleared="0" durationms="0.075" />
  <references type="weak" candidates="41" cleared="40" enqueued="40" />
  <references type="phantom" candidates="13" cleared="11" enqueued="11" />
  <stringconstants candidates="3257" cleared="0"  />
  <warning details="Mark invoked due to insufficient free space for Copy-Forward" />
</gc-op>
<gc-op id="22" type="classunload" timems="0.002" contextid="18" timestamp="2019-08-08T19:52:39.614">
  <classunload-info classloadercandidates="6" classloadersunloaded="0" classesunloaded="0" anonymousclassesunloaded="0" quiescems="0.000" setupms="0.001" scanms="0.000" postms="0.000" />
</gc-op>
<gc-op id="23" type="sweep" timems="1.546" contextid="18" timestamp="2019-08-08T19:52:39.615" />
<gc-op id="24" type="compact" timems="10.359" contextid="18" timestamp="2019-08-08T19:52:39.626">
  <compact-info movecount="76639" movebytes="2541800" />
  <remembered-set-cleared processed="595" cleared="595" durationms="0.075" />
</gc-op>
<heap-resize id="25" type="expand" space="default" amount="4194304" count="1" timems="0.074" reason="insufficient free space following gc" timestamp="2019-08-08T19:52:39.626" />
<gc-end id="26" type="partial gc" contextid="18" durationms="20.715" usertimems="37.225" systemtimems="5.441" timestamp="2019-08-08T19:52:39.626" activeThreads="16">
  <mem-info id="27" free="6291456" total="12582912" percent="50">
    <mem type="eden" free="1652472" total="4194304" percent="39" />
    <pending-finalizers system="0" default="0" reference="51" classloader="0" />
    <remembered-set count="2560" freebytes="492800" totalbytes="503040" percent="97" regionsoverflowed="0" regionsstable="0" regionsrebuilding="0"/>
  </mem-info>
</gc-end>
<cycle-end id="28" type="partial gc" contextid="18" timestamp="2019-08-08T19:52:39.626" />
  <attribute name="elasticGC enabled" value="1" />
  <attribute name= "numThreadsSpecified" value="16" />
  <attribute name="heapSize specified" value="0" />
  <attribute name="Current GC Util" value="121" />
  <attribute name= "Current Time Running" value="497" />
  <attribute name ="GC Interval" value="0" />
  <attribute name="Target GC Util Change" value ="80.000000" />
  <attribute name="Current GC Util Change" value="121.000000"/>
  <attribute name="Current Error" value="-189.000000" />
  <attribute name="Output H" value="8464072"/>
  <attribute name="Output I" value="1672"/>
  <attribute name="Output T" value="16"/>
  <attribute name= "Current Time Running" value="497" />
  <attribute name="GC Util currently" value="121" />
  <attribute name="CPU Util currently" value="688604876567" />
<exclusive-end id="29" timestamp="2019-08-08T19:52:39.626" durationms="21.258" />

<exclusive-start id="30" timestamp="2019-08-08T19:52:39.752" intervalms="146.949">
  <response-info timems="0.035" idlems="0.035" threads="0" lastid="0000000001F80F00" lastname="main" />
</exclusive-start>
<allocation-taxation id="31" taxation-threshold="2097152" timestamp="2019-08-08T19:52:39.752" intervalms="146.952" />
<cycle-start id="32" type="global mark phase" contextid="0" timestamp="2019-08-08T19:52:39.752" intervalms="713.440" />
<gc-start id="33" type="global mark phase" contextid="32" timestamp="2019-08-08T19:52:39.752">
  <mem-info id="34" free="4194304" total="12582912" percent="33">
    <remembered-set count="2560" freebytes="492800" totalbytes="503040" percent="97" regionsoverflowed="0" regionsstable="0" regionsrebuilding="0"/>
  </mem-info>
</gc-start>
<gc-op id="35" type="mark increment" timems="1.648" contextid="32" timestamp="2019-08-08T19:52:39.754">
  <trace-info objectcount="139" scancount="0" scanbytes="0" />
</gc-op>
<gc-end id="36" type="global mark phase" contextid="32" durationms="1.684" usertimems="2.927" systemtimems="0.372" timestamp="2019-08-08T19:52:39.754" activeThreads="16">
  <mem-info id="37" free="4194304" total="12582912" percent="33">
    <remembered-set count="2560" freebytes="492800" totalbytes="503040" percent="97" regionsoverflowed="0" regionsstable="0" regionsrebuilding="0"/>
  </mem-info>
</gc-end>
<concurrent-start id="38" type="GMP work packet processing" contextid="32" timestamp="2019-08-08T19:52:39.754">
  <concurrent-mark-start scanTarget="18446744073709551615" />
</concurrent-start>
<exclusive-end id="39" timestamp="2019-08-08T19:52:39.754" durationms="1.926" />

<concurrent-end id="40" type="GMP work packet processing" contextid="32" timestamp="2019-08-08T19:52:39.756">
  <concurrent-mark-end bytesScanned="2774772" reasonForTermination="Completed all work in GC phase" />
</concurrent-end>

<exclusive-start id="41" timestamp="2019-08-08T19:52:39.786" intervalms="34.310">
  <response-info timems="0.012" idlems="0.012" threads="0" lastid="0000000001F80F00" lastname="main" />
</exclusive-start>
<allocation-taxation id="42" taxation-threshold="2097152" timestamp="2019-08-08T19:52:39.786" intervalms="34.305" />
<cycle-start id="43" type="partial gc" contextid="0" timestamp="2019-08-08T19:52:39.786" intervalms="181.293" />
<gc-start id="44" type="partial gc" contextid="43" timestamp="2019-08-08T19:52:39.787">
  <mem-info id="45" free="2097152" total="12582912" percent="16">
    <mem type="eden" free="0" total="4194304" percent="0" />
    <remembered-set count="2560" freebytes="492800" totalbytes="503040" percent="97" regionsoverflowed="0" regionsstable="0" regionsrebuilding="0"/>
  </mem-info>
</gc-start>
<allocation-stats totalBytes="4167296" >
  <allocated-bytes non-tlh="99992" tlh="4067304" arrayletleaf="0"/>
  <largest-consumer threadName="main" threadId="0000000001F80F00" bytes="2073784" />
</allocation-stats>
<gc-op id="46" type="copy forward" timems="12.584" contextid="43" timestamp="2019-08-08T19:52:39.800">
  <memory-copied type="eden" objects="28104" bytes="1790304" bytesdiscarded="288296" />
  <memory-copied type="other" objects="76434" bytes="2522632" bytesdiscarded="297160" />
  <memory-cardclean objects="111" bytes="6216" />
  <regions eden="2" other="2" />
  <remembered-set-cleared processed="238" cleared="238" durationms="0.072" />
  <references type="weak" candidates="3" cleared="0" enqueued="0" />
  <references type="phantom" candidates="2" cleared="0" enqueued="0" />
  <stringconstants candidates="3823" cleared="0"  />
  <heap-resize type="expand" space="default" amount="4194304" count="2" timems="0.634" reason="continue current collection" />
</gc-op>
<gc-op id="47" type="classunload" timems="0.002" contextid="43" timestamp="2019-08-08T19:52:39.800">
  <classunload-info classloadercandidates="6" classloadersunloaded="0" classesunloaded="0" anonymousclassesunloaded="0" quiescems="0.000" setupms="0.002" scanms="0.000" postms="0.000" />
</gc-op>
<gc-op id="48" type="compact" timems="3.084" contextid="43" timestamp="2019-08-08T19:52:39.803">
  <compact-info movecount="0" movebytes="0" />
  <remembered-set-cleared processed="1567" cleared="238" durationms="0.089" />
</gc-op>
<heap-resize id="49" type="expand" space="default" amount="2097152" count="1" timems="0.064" reason="insufficient free space following gc" timestamp="2019-08-08T19:52:39.803" />
<gc-end id="50" type="partial gc" contextid="43" durationms="16.715" usertimems="34.376" systemtimems="17.350" timestamp="2019-08-08T19:52:39.803" activeThreads="16">
  <mem-info id="51" free="10485760" total="18874368" percent="55">
    <mem type="eden" free="18288" total="2097152" percent="0" />
    <remembered-set count="3520" freebytes="740480" totalbytes="754560" percent="98" regionsoverflowed="0" regionsstable="0" regionsrebuilding="0"/>
  </mem-info>
</gc-end>
<cycle-end id="52" type="partial gc" contextid="43" timestamp="2019-08-08T19:52:39.803" />
  <attribute name="elasticGC enabled" value="1" />
  <attribute name= "numThreadsSpecified" value="16" />
  <attribute name="heapSize specified" value="0" />
  <attribute name="Current GC Util" value="303" />
  <attribute name= "Current Time Running" value="682" />
  <attribute name ="GC Interval" value="0" />
  <attribute name="Target GC Util Change" value ="80.000000" />
  <attribute name="Current GC Util Change" value="303.000000"/>
  <attribute name="Current Error" value="-328.000000" />
  <attribute name="Output H" value="16852520"/>
  <attribute name="Output I" value="1424"/>
  <attribute name="Output T" value="16"/>
  <attribute name= "Current Time Running" value="682" />
  <attribute name="GC Util currently" value="303" />
  <attribute name="CPU Util currently" value="90383859185" />
<exclusive-end id="53" timestamp="2019-08-08T19:52:39.803" durationms="17.141" />

<exclusive-start id="54" timestamp="2019-08-08T19:52:41.932" intervalms="2145.440">
  <response-info timems="0.022" idlems="0.022" threads="0" lastid="00000000022B6100" lastname="node-8" />
</exclusive-start>
<allocation-taxation id="55" taxation-threshold="4194304" timestamp="2019-08-08T19:52:41.932" intervalms="2145.474" />
<gc-start id="56" type="global mark phase" contextid="32" timestamp="2019-08-08T19:52:41.932">
  <mem-info id="57" free="6291456" total="18874368" percent="33">
    <remembered-set count="3520" freebytes="740480" totalbytes="754560" percent="98" regionsoverflowed="0" regionsstable="0" regionsrebuilding="0"/>
  </mem-info>
</gc-start>
<gc-op id="58" type="mark increment" timems="7.200" contextid="32" timestamp="2019-08-08T19:52:41.939">
  <trace-info objectcount="56601" scancount="53871" scanbytes="2765384" />
  <cardclean-info objects="2228" bytes="75120" />
  <finalization candidates="13" enqueued="0" />
  <references type="soft" candidates="66" cleared="0" enqueued="0" dynamicThreshold="17" maxThreshold="32" />
  <references type="weak" candidates="147" cleared="4" enqueued="4" />
  <references type="phantom" candidates="59" cleared="2" enqueued="2" />
  <stringconstants candidates="3837" cleared="0"  />
</gc-op>
<gc-op id="59" type="classunload" timems="0.002" contextid="32" timestamp="2019-08-08T19:52:41.939">
  <classunload-info classloadercandidates="6" classloadersunloaded="0" classesunloaded="0" anonymousclassesunloaded="0" quiescems="0.000" setupms="0.002" scanms="0.000" postms="0.000" />
</gc-op>
<gc-end id="60" type="global mark phase" contextid="32" durationms="7.310" usertimems="12.785" systemtimems="7.938" timestamp="2019-08-08T19:52:41.939" activeThreads="16">
  <mem-info id="61" free="6291456" total="18874368" percent="33">
    <pending-finalizers system="0" default="0" reference="6" classloader="0" />
    <remembered-set count="3520" freebytes="740480" totalbytes="754560" percent="98" regionsoverflowed="0" regionsstable="0" regionsrebuilding="0"/>
  </mem-info>
</gc-end>
<cycle-end id="62" type="global mark phase" contextid="32" timestamp="2019-08-08T19:52:41.939" />
  <attribute name="elasticGC enabled" value="1" />
  <attribute name= "numThreadsSpecified" value="16" />
  <attribute name="heapSize specified" value="0" />
  <attribute name="Current GC Util" value="229" />
  <attribute name= "Current Time Running" value="2817" />
  <attribute name ="GC Interval" value="0" />
  <attribute name="Target GC Util Change" value ="80.000000" />
  <attribute name="Current GC Util Change" value="229.000000"/>
  <attribute name="Current Error" value="-516.000000" />
  <attribute name="Output H" value="18949456"/>
  <attribute name="Output I" value="1088"/>
  <attribute name="Output T" value="16"/>
  <attribute name= "Current Time Running" value="2817" />
  <attribute name="GC Util currently" value="229" />
  <attribute name="CPU Util currently" value="419380519991" />
<exclusive-end id="63" timestamp="2019-08-08T19:52:41.939" durationms="7.695" />

<exclusive-start id="64" timestamp="2019-08-08T19:52:43.823" intervalms="1891.268">
  <response-info timems="0.219" idlems="0.219" threads="0" lastid="0000000002276700" lastname="node-12" />
</exclusive-start>
<allocation-taxation id="65" taxation-threshold="4194304" timestamp="2019-08-08T19:52:43.823" intervalms="1891.247" />
<cycle-start id="66" type="partial gc" contextid="0" timestamp="2019-08-08T19:52:43.823" intervalms="4036.704" />
<gc-start id="67" type="partial gc" contextid="66" timestamp="2019-08-08T19:52:43.823">
  <mem-info id="68" free="2097152" total="18874368" percent="11">
    <mem type="eden" free="0" total="8388608" percent="0" />
    <remembered-set count="3520" freebytes="740480" totalbytes="754560" percent="98" regionsoverflowed="0" regionsstable="0" regionsrebuilding="0"/>
  </mem-info>
</gc-start>
<allocation-stats totalBytes="8378080" >
  <allocated-bytes non-tlh="383896" tlh="7994184" arrayletleaf="0"/>
  <largest-consumer threadName="node-1" threadId="00000000022A7200" bytes="380752" />
</allocation-stats>
<gc-op id="69" type="sweep" timems="1.337" contextid="66" timestamp="2019-08-08T19:52:43.825" />
<gc-op id="70" type="copy forward" timems="13.021" contextid="66" timestamp="2019-08-08T19:52:43.838">
  <memory-copied type="eden" objects="4860" bytes="117776" bytesdiscarded="19638" />
  <memory-copied type="other" objects="61007" bytes="3574888" bytesdiscarded="728994" />
  <memory-cardclean objects="351" bytes="16864" />
  <regions eden="2" other="3" />
  <remembered-set-cleared processed="1310" cleared="477" durationms="0.077" />
  <stringconstants candidates="3837" cleared="0"  />
  <heap-resize type="expand" space="default" amount="6291456" count="3" timems="0.810" reason="continue current collection" />
</gc-op>
<gc-op id="71" type="classunload" timems="0.002" contextid="66" timestamp="2019-08-08T19:52:43.838">
  <classunload-info classloadercandidates="6" classloadersunloaded="0" classesunloaded="0" anonymousclassesunloaded="0" quiescems="0.000" setupms="0.002" scanms="0.000" postms="0.000" />
</gc-op>
<gc-op id="72" type="compact" timems="2.980" contextid="66" timestamp="2019-08-08T19:52:43.841">
  <compact-info movecount="0" movebytes="0" />
  <remembered-set-cleared processed="3482" cleared="477" durationms="0.077" />
</gc-op>
<gc-end id="73" type="partial gc" contextid="66" durationms="18.443" usertimems="32.926" systemtimems="22.553" timestamp="2019-08-08T19:52:43.842" activeThreads="16">
  <mem-info id="74" free="10485760" total="25165824" percent="41">
    <mem type="eden" free="1875944" total="4194304" percent="44" />
    <remembered-set count="4544" freebytes="987904" totalbytes="1006080" percent="98" regionsoverflowed="0" regionsstable="0" regionsrebuilding="0"/>
  </mem-info>
</gc-end>
<cycle-end id="75" type="partial gc" contextid="66" timestamp="2019-08-08T19:52:43.842" />
  <attribute name="elasticGC enabled" value="1" />
  <attribute name= "numThreadsSpecified" value="16" />
  <attribute name="heapSize specified" value="0" />
  <attribute name="Current GC Util" value="316" />
  <attribute name= "Current Time Running" value="4720" />
  <attribute name ="GC Interval" value="0" />
  <attribute name="Target GC Util Change" value ="80.000000" />
  <attribute name="Current GC Util Change" value="316.000000"/>
  <attribute name="Current Error" value="-361.000000" />
  <attribute name="Output H" value="25241088"/>
  <attribute name="Output I" value="1368"/>
  <attribute name="Output T" value="16"/>
  <attribute name= "Current Time Running" value="4720" />
  <attribute name="GC Util currently" value="316" />
  <attribute name="CPU Util currently" value="87510930394" />
<exclusive-end id="76" timestamp="2019-08-08T19:52:43.842" durationms="18.939" />

<exclusive-start id="77" timestamp="2019-08-08T19:52:47.755" intervalms="3931.573">
  <response-info timems="0.330" idlems="0.330" threads="0" lastid="00000000022B6100" lastname="node-8" />
</exclusive-start>
<allocation-taxation id="78" taxation-threshold="10485760" timestamp="2019-08-08T19:52:47.755" intervalms="3931.591" />
<cycle-start id="79" type="partial gc" contextid="0" timestamp="2019-08-08T19:52:47.755" intervalms="3931.606" />
<gc-start id="80" type="partial gc" contextid="79" timestamp="2019-08-08T19:52:47.755">
  <mem-info id="81" free="0" total="25165824" percent="0">
    <mem type="eden" free="0" total="10485760" percent="0" />
    <remembered-set count="4064" freebytes="989824" totalbytes="1006080" percent="98" regionsoverflowed="0" regionsstable="0" regionsrebuilding="0"/>
  </mem-info>
</gc-start>
<allocation-stats totalBytes="10477248" >
  <allocated-bytes non-tlh="0" tlh="10477248" arrayletleaf="0"/>
  <largest-consumer threadName="node-9" threadId="00000000022BD900" bytes="602000" />
</allocation-stats>
<gc-op id="82" type="mark" timems="9.873" contextid="79" timestamp="2019-08-08T19:52:47.766">
  <trace-info objectcount="47547" scancount="46203" scanbytes="1838564" />
  <cardclean-info objects="762" bytes="32664" />
  <remembered-set-cleared processed="2100" cleared="880" durationms="0.069" />
  <stringconstants candidates="3837" cleared="0"  />
  <warning details="Mark invoked due to insufficient free space for Copy-Forward" />
</gc-op>
<gc-op id="83" type="classunload" timems="0.003" contextid="79" timestamp="2019-08-08T19:52:47.766">
  <classunload-info classloadercandidates="6" classloadersunloaded="0" classesunloaded="0" anonymousclassesunloaded="0" quiescems="0.000" setupms="0.003" scanms="0.000" postms="0.000" />
</gc-op>
<gc-op id="84" type="sweep" timems="1.636" contextid="79" timestamp="2019-08-08T19:52:47.767" />
<gc-op id="85" type="compact" timems="11.138" contextid="79" timestamp="2019-08-08T19:52:47.779">
  <compact-info movecount="40242" movebytes="1961464" />
  <remembered-set-cleared processed="4434" cleared="2051" durationms="0.076" />
</gc-op>
<gc-end id="86" type="partial gc" contextid="79" durationms="23.983" usertimems="35.092" systemtimems="14.575" timestamp="2019-08-08T19:52:47.779" activeThreads="16">
  <mem-info id="87" free="10485760" total="25165824" percent="41">
    <mem type="eden" free="1857376" total="2097152" percent="88" />
    <remembered-set count="6816" freebytes="978816" totalbytes="1006080" percent="97" regionsoverflowed="0" regionsstable="0" regionsrebuilding="0"/>
  </mem-info>
</gc-end>
<cycle-end id="88" type="partial gc" contextid="79" timestamp="2019-08-08T19:52:47.779" />
  <attribute name="elasticGC enabled" value="1" />
  <attribute name= "numThreadsSpecified" value="16" />
  <attribute name="heapSize specified" value="0" />
  <attribute name="Current GC Util" value="172" />
  <attribute name= "Current Time Running" value="8649" />
  <attribute name ="GC Interval" value="0" />
  <attribute name="Target GC Util Change" value ="80.000000" />
  <attribute name="Current GC Util Change" value="172.000000"/>
  <attribute name="Current Error" value="-92.000000" />
  <attribute name="Output H" value="25241400"/>
  <attribute name="Output I" value="1848"/>
  <attribute name="Output T" value="16"/>
  <attribute name= "Current Time Running" value="8649" />
  <attribute name="GC Util currently" value="172" />
  <attribute name="CPU Util currently" value="660307223118" />
<exclusive-end id="89" timestamp="2019-08-08T19:52:47.779" durationms="24.668" />

<exclusive-start id="90" timestamp="2019-08-08T19:52:50.651" intervalms="2896.665">
  <response-info timems="0.322" idlems="0.322" threads="0" lastid="0000000002294600" lastname="node-5" />
</exclusive-start>
<allocation-taxation id="91" taxation-threshold="10485760" timestamp="2019-08-08T19:52:50.651" intervalms="2896.647" />
<cycle-start id="92" type="partial gc" contextid="0" timestamp="2019-08-08T19:52:50.651" intervalms="2896.608" />
<gc-start id="93" type="partial gc" contextid="92" timestamp="2019-08-08T19:52:50.652">
  <mem-info id="94" free="0" total="25165824" percent="0">
    <mem type="eden" free="0" total="10485760" percent="0" />
    <remembered-set count="6368" freebytes="980608" totalbytes="1006080" percent="97" regionsoverflowed="0" regionsstable="0" regionsrebuilding="0"/>
  </mem-info>
</gc-start>
<allocation-stats totalBytes="10473632" >
  <allocated-bytes non-tlh="0" tlh="10473632" arrayletleaf="0"/>
  <largest-consumer threadName="node-13" threadId="000000000226EF00" bytes="507088" />
</allocation-stats>
<gc-op id="95" type="mark" timems="5.097" contextid="92" timestamp="2019-08-08T19:52:50.657">
  <trace-info objectcount="16516" scancount="16493" scanbytes="512096" />
  <cardclean-info objects="2056" bytes="122564" />
  <remembered-set-cleared processed="2266" cleared="424" durationms="0.081" />
  <stringconstants candidates="3837" cleared="0"  />
  <warning details="Mark invoked due to insufficient free space for Copy-Forward" />
</gc-op>
<gc-op id="96" type="classunload" timems="0.002" contextid="92" timestamp="2019-08-08T19:52:50.657">
  <classunload-info classloadercandidates="6" classloadersunloaded="0" classesunloaded="0" anonymousclassesunloaded="0" quiescems="0.000" setupms="0.002" scanms="0.000" postms="0.000" />
</gc-op>
<gc-op id="97" type="sweep" timems="1.695" contextid="92" timestamp="2019-08-08T19:52:50.659" />
<gc-op id="98" type="compact" timems="3.903" contextid="92" timestamp="2019-08-08T19:52:50.663">
  <compact-info movecount="14802" movebytes="356968" />
  <remembered-set-cleared processed="4730" cleared="1021" durationms="0.263" />
</gc-op>
<heap-resize id="99" type="expand" space="default" amount="2097152" count="1" timems="0.067" reason="insufficient free space following gc" timestamp="2019-08-08T19:52:50.663" />
<gc-end id="100" type="partial gc" contextid="92" durationms="11.835" usertimems="19.655" systemtimems="9.063" timestamp="2019-08-08T19:52:50.663" activeThreads="16">
  <mem-info id="101" free="10485760" total="27262976" percent="38">
    <mem type="eden" free="1933936" total="2097152" percent="92" />
    <remembered-set count="6272" freebytes="1064832" totalbytes="1089920" percent="97" regionsoverflowed="0" regionsstable="0" regionsrebuilding="0"/>
  </mem-info>
</gc-end>
<cycle-end id="102" type="partial gc" contextid="92" timestamp="2019-08-08T19:52:50.664" />
  <attribute name="elasticGC enabled" value="1" />
  <attribute name= "numThreadsSpecified" value="16" />
  <attribute name="heapSize specified" value="0" />
  <attribute name="Current GC Util" value="158" />
  <attribute name= "Current Time Running" value="11541" />
  <attribute name ="GC Interval" value="0" />
  <attribute name="Target GC Util Change" value ="80.000000" />
  <attribute name="Current GC Util Change" value="158.000000"/>
  <attribute name="Current Error" value="-272.000000" />
  <attribute name="Output H" value="25241192"/>
  <attribute name="Output I" value="1528"/>
  <attribute name="Output T" value="16"/>
  <attribute name= "Current Time Running" value="11541" />
  <attribute name="GC Util currently" value="158" />
  <attribute name="CPU Util currently" value="632217255709" />
<exclusive-end id="103" timestamp="2019-08-08T19:52:50.664" durationms="12.421" />

<exclusive-start id="104" timestamp="2019-08-08T19:52:51.837" intervalms="1185.959">
  <response-info timems="0.055" idlems="0.055" threads="0" lastid="00000000022AE900" lastname="node-24" />
</exclusive-start>
<allocation-taxation id="105" taxation-threshold="4194304" timestamp="2019-08-08T19:52:51.837" intervalms="1185.967" />
<cycle-start id="106" type="global mark phase" contextid="0" timestamp="2019-08-08T19:52:51.837" intervalms="12085.204" />
<gc-start id="107" type="global mark phase" contextid="106" timestamp="2019-08-08T19:52:51.837">
  <mem-info id="108" free="6291456" total="27262976" percent="23">
    <remembered-set count="6272" freebytes="1064832" totalbytes="1089920" percent="97" regionsoverflowed="0" regionsstable="0" regionsrebuilding="0"/>
  </mem-info>
</gc-start>
<gc-op id="109" type="mark increment" timems="1.624" contextid="106" timestamp="2019-08-08T19:52:51.839">
  <trace-info objectcount="389" scancount="0" scanbytes="0" />
</gc-op>
<gc-end id="110" type="global mark phase" contextid="106" durationms="1.677" usertimems="2.854" systemtimems="1.257" timestamp="2019-08-08T19:52:51.839" activeThreads="16">
  <mem-info id="111" free="6291456" total="27262976" percent="23">
    <remembered-set count="6272" freebytes="1064832" totalbytes="1089920" percent="97" regionsoverflowed="0" regionsstable="0" regionsrebuilding="0"/>
  </mem-info>
</gc-end>
<concurrent-start id="112" type="GMP work packet processing" contextid="106" timestamp="2019-08-08T19:52:51.840">
  <concurrent-mark-start scanTarget="18446744073709551615" />
</concurrent-start>
<exclusive-end id="113" timestamp="2019-08-08T19:52:51.840" durationms="2.955" />

<concurrent-end id="114" type="GMP work packet processing" contextid="106" timestamp="2019-08-08T19:52:51.845">
  <concurrent-mark-end bytesScanned="5319640" reasonForTermination="Completed all work in GC phase" />
</concurrent-end>

<exclusive-start id="115" timestamp="2019-08-08T19:52:53.141" intervalms="1303.748">
  <response-info timems="0.236" idlems="0.236" threads="0" lastid="0000000002290A00" lastname="node-25" />
</exclusive-start>
<allocation-taxation id="116" taxation-threshold="4194304" timestamp="2019-08-08T19:52:53.141" intervalms="1303.749" />
<cycle-start id="117" type="partial gc" contextid="0" timestamp="2019-08-08T19:52:53.141" intervalms="2489.708" />
<gc-start id="118" type="partial gc" contextid="117" timestamp="2019-08-08T19:52:53.141">
  <mem-info id="119" free="2097152" total="27262976" percent="7">
    <mem type="eden" free="1933936" total="10485760" percent="18" />
    <remembered-set count="6272" freebytes="1064832" totalbytes="1089920" percent="97" regionsoverflowed="0" regionsstable="0" regionsrebuilding="0"/>
  </mem-info>
</gc-start>
<allocation-stats totalBytes="8379456" >
  <allocated-bytes non-tlh="0" tlh="8379456" arrayletleaf="0"/>
  <largest-consumer threadName="node-14" threadId="00000000022C1500" bytes="237568" />
</allocation-stats>
<gc-op id="120" type="copy forward" timems="8.062" contextid="117" timestamp="2019-08-08T19:52:53.150">
  <memory-copied type="eden" objects="6010" bytes="145960" bytesdiscarded="15008" />
  <memory-copied type="other" objects="6587" bytes="158088" bytesdiscarded="7296" />
  <memory-cardclean objects="1892" bytes="236048" />
  <regions eden="4" other="1" />
  <remembered-set-cleared processed="2436" cleared="372" durationms="0.076" />
  <stringconstants candidates="3837" cleared="0"  />
  <heap-resize type="expand" space="default" amount="4194304" count="2" timems="0.204" reason="continue current collection" />
</gc-op>
<gc-op id="121" type="classunload" timems="0.003" contextid="117" timestamp="2019-08-08T19:52:53.150">
  <classunload-info classloadercandidates="6" classloadersunloaded="0" classesunloaded="0" anonymousclassesunloaded="0" quiescems="0.000" setupms="0.003" scanms="0.000" postms="0.000" />
</gc-op>
<heap-resize id="122" type="expand" space="default" amount="2097152" count="1" timems="0.064" reason="insufficient free space following gc" timestamp="2019-08-08T19:52:53.150" />
<gc-end id="123" type="partial gc" contextid="117" durationms="9.105" usertimems="9.340" systemtimems="13.088" timestamp="2019-08-08T19:52:53.150" activeThreads="16">
  <mem-info id="124" free="12582912" total="33554432" percent="37">
    <mem type="eden" free="5965104" total="6291456" percent="94" />
    <remembered-set count="9600" freebytes="1303040" totalbytes="1341440" percent="97" regionsoverflowed="0" regionsstable="0" regionsrebuilding="0"/>
  </mem-info>
</gc-end>
<cycle-end id="125" type="partial gc" contextid="117" timestamp="2019-08-08T19:52:53.151" />
  <attribute name="elasticGC enabled" value="1" />
  <attribute name= "numThreadsSpecified" value="16" />
  <attribute name="heapSize specified" value="0" />
  <attribute name="Current GC Util" value="113" />
  <attribute name= "Current Time Running" value="14024" />
  <attribute name ="GC Interval" value="0" />
  <attribute name="Target GC Util Change" value ="80.000000" />
  <attribute name="Current GC Util Change" value="113.000000"/>
  <attribute name="Current Error" value="-167.000000" />
  <attribute name="Output H" value="27338464"/>
  <attribute name="Output I" value="1712"/>
  <attribute name="Output T" value="16"/>
  <attribute name= "Current Time Running" value="14024" />
  <attribute name="GC Util currently" value="113" />
  <attribute name="CPU Util currently" value="2005869268253" />
<exclusive-end id="126" timestamp="2019-08-08T19:52:53.151" durationms="10.063" />

<exclusive-start id="127" timestamp="2019-08-08T19:52:54.948" intervalms="1806.948">
  <response-info timems="0.172" idlems="0.172" threads="0" lastid="0000000002290A00" lastname="node-25" />
</exclusive-start>
<allocation-taxation id="128" taxation-threshold="6291456" timestamp="2019-08-08T19:52:54.948" intervalms="1806.957" />
<gc-start id="129" type="global mark phase" contextid="106" timestamp="2019-08-08T19:52:54.948">
  <mem-info id="130" free="6291456" total="33554432" percent="18">
    <remembered-set count="9120" freebytes="1304960" totalbytes="1341440" percent="97" regionsoverflowed="0" regionsstable="0" regionsrebuilding="0"/>
  </mem-info>
</gc-start>
<gc-op id="131" type="mark increment" timems="6.952" contextid="106" timestamp="2019-08-08T19:52:54.955">
  <trace-info objectcount="7424" scancount="7401" scanbytes="293928" />
  <cardclean-info objects="1831" bytes="117140" />
  <finalization candidates="13" enqueued="0" />
  <references type="soft" candidates="66" cleared="0" enqueued="0" dynamicThreshold="12" maxThreshold="32" />
  <references type="weak" candidates="143" cleared="0" enqueued="0" />
  <references type="phantom" candidates="57" cleared="0" enqueued="0" />
  <stringconstants candidates="3837" cleared="0"  />
</gc-op>
<gc-op id="132" type="classunload" timems="0.002" contextid="106" timestamp="2019-08-08T19:52:54.955">
  <classunload-info classloadercandidates="6" classloadersunloaded="0" classesunloaded="0" anonymousclassesunloaded="0" quiescems="0.000" setupms="0.002" scanms="0.000" postms="0.000" />
</gc-op>
<gc-end id="133" type="global mark phase" contextid="106" durationms="7.074" usertimems="10.848" systemtimems="4.610" timestamp="2019-08-08T19:52:54.955" activeThreads="16">
  <mem-info id="134" free="6291456" total="33554432" percent="18">
    <remembered-set count="9120" freebytes="1304960" totalbytes="1341440" percent="97" regionsoverflowed="0" regionsstable="0" regionsrebuilding="0"/>
  </mem-info>
</gc-end>
<cycle-end id="135" type="global mark phase" contextid="106" timestamp="2019-08-08T19:52:54.956" />
  <attribute name="elasticGC enabled" value="1" />
  <attribute name= "numThreadsSpecified" value="16" />
  <attribute name="heapSize specified" value="0" />
  <attribute name="Current GC Util" value="148" />
  <attribute name= "Current Time Running" value="15832" />
  <attribute name ="GC Interval" value="0" />
  <attribute name="Target GC Util Change" value ="80.000000" />
  <attribute name="Current GC Util Change" value="148.000000"/>
  <attribute name="Current Error" value="-68.000000" />
  <attribute name="Output H" value="33630040"/>
  <attribute name="Output I" value="1888"/>
  <attribute name="Output T" value="16"/>
  <attribute name= "Current Time Running" value="15832" />
  <attribute name="GC Util currently" value="148" />
  <attribute name="CPU Util currently" value="1026386519649" />
<exclusive-end id="136" timestamp="2019-08-08T19:52:54.956" durationms="7.757" />

<exclusive-start id="137" timestamp="2019-08-08T19:52:56.754" intervalms="1806.356">
  <response-info timems="0.023" idlems="0.023" threads="0" lastid="0000000002290A00" lastname="node-25" />
</exclusive-start>
<allocation-taxation id="138" taxation-threshold="6291456" timestamp="2019-08-08T19:52:56.754" intervalms="1806.379" />
<cycle-start id="139" type="partial gc" contextid="0" timestamp="2019-08-08T19:52:56.754" intervalms="3613.380" />
<gc-start id="140" type="partial gc" contextid="139" timestamp="2019-08-08T19:52:56.755">
  <mem-info id="141" free="0" total="33554432" percent="0">
    <mem type="eden" free="0" total="12582912" percent="0" />
    <remembered-set count="9120" freebytes="1304960" totalbytes="1341440" percent="97" regionsoverflowed="0" regionsstable="0" regionsrebuilding="0"/>
  </mem-info>
</gc-start>
<allocation-stats totalBytes="12570064" >
  <allocated-bytes non-tlh="0" tlh="12570064" arrayletleaf="0"/>
  <largest-consumer threadName="node-9" threadId="00000000022BD900" bytes="331632" />
</allocation-stats>
<gc-op id="142" type="sweep" timems="2.331" contextid="139" timestamp="2019-08-08T19:52:56.757" />
<gc-op id="143" type="copy forward" timems="8.818" contextid="139" timestamp="2019-08-08T19:52:56.767">
  <memory-copied type="eden" objects="4101" bytes="97504" bytesdiscarded="6890" />
  <memory-copied type="other" objects="7270" bytes="174480" bytesdiscarded="4486" />
  <memory-cardclean objects="1738" bytes="230728" />
  <regions eden="3" other="5" />
  <remembered-set-cleared processed="2393" cleared="492" durationms="0.103" />
  <stringconstants candidates="3837" cleared="0"  />
  <heap-resize type="expand" space="default" amount="2097152" count="1" timems="0.064" reason="continue current collection" />
</gc-op>
<gc-op id="144" type="classunload" timems="0.003" contextid="139" timestamp="2019-08-08T19:52:56.767">
  <classunload-info classloadercandidates="6" classloadersunloaded="0" classesunloaded="0" anonymousclassesunloaded="0" quiescems="0.000" setupms="0.003" scanms="0.000" postms="0.000" />
</gc-op>
<gc-end id="145" type="partial gc" contextid="139" durationms="12.359" usertimems="10.699" systemtimems="12.421" timestamp="2019-08-08T19:52:56.767" activeThreads="16">
  <mem-info id="146" free="16777216" total="35651584" percent="47">
    <mem type="eden" free="3985520" total="4194304" percent="95" />
    <remembered-set count="7936" freebytes="1393536" totalbytes="1425280" percent="97" regionsoverflowed="0" regionsstable="0" regionsrebuilding="0"/>
  </mem-info>
</gc-end>
<cycle-end id="147" type="partial gc" contextid="139" timestamp="2019-08-08T19:52:56.767" />
  <attribute name="elasticGC enabled" value="1" />
  <attribute name= "numThreadsSpecified" value="16" />
  <attribute name="heapSize specified" value="0" />
  <attribute name="Current GC Util" value="104" />
  <attribute name= "Current Time Running" value="17640" />
  <attribute name ="GC Interval" value="0" />
  <attribute name="Target GC Util Change" value ="80.000000" />
  <attribute name="Current GC Util Change" value="104.000000"/>
  <attribute name="Current Error" value="-29.000000" />
  <attribute name="Output H" value="33630080"/>
  <attribute name="Output I" value="1960"/>
  <attribute name="Output T" value="16"/>
  <attribute name= "Current Time Running" value="17640" />
  <attribute name="GC Util currently" value="104" />
  <attribute name="CPU Util currently" value="1791591692043" />
<exclusive-end id="148" timestamp="2019-08-08T19:52:56.767" durationms="12.995" />

<exclusive-start id="149" timestamp="2019-08-08T19:53:00.901" intervalms="4146.539">
  <response-info timems="0.118" idlems="0.118" threads="0" lastid="00000000022BD900" lastname="node-9" />
</exclusive-start>
<allocation-taxation id="150" taxation-threshold="16777216" timestamp="2019-08-08T19:53:00.901" intervalms="4146.579" />
<cycle-start id="151" type="partial gc" contextid="0" timestamp="2019-08-08T19:53:00.901" intervalms="4146.540" />
<gc-start id="152" type="partial gc" contextid="151" timestamp="2019-08-08T19:53:00.901">
  <mem-info id="153" free="0" total="35651584" percent="0">
    <mem type="eden" free="0" total="16777216" percent="0" />
    <remembered-set count="7456" freebytes="1395456" totalbytes="1425280" percent="97" regionsoverflowed="0" regionsstable="0" regionsrebuilding="0"/>
  </mem-info>
</gc-start>
<allocation-stats totalBytes="16766368" >
  <allocated-bytes non-tlh="0" tlh="16766368" arrayletleaf="0"/>
  <largest-consumer threadName="node-8" threadId="00000000022B6100" bytes="765864" />
</allocation-stats>
<gc-op id="154" type="mark" timems="5.606" contextid="151" timestamp="2019-08-08T19:53:00.907">
  <trace-info objectcount="17805" scancount="17782" scanbytes="543032" />
  <cardclean-info objects="1868" bytes="117996" />
  <remembered-set-cleared processed="2252" cleared="321" durationms="0.092" />
  <stringconstants candidates="3837" cleared="0"  />
  <warning details="Mark invoked due to insufficient free space for Copy-Forward" />
</gc-op>
<gc-op id="155" type="classunload" timems="0.002" contextid="151" timestamp="2019-08-08T19:53:00.907">
  <classunload-info classloadercandidates="6" classloadersunloaded="0" classesunloaded="0" anonymousclassesunloaded="0" quiescems="0.000" setupms="0.001" scanms="0.000" postms="0.000" />
</gc-op>
<gc-op id="156" type="sweep" timems="1.603" contextid="151" timestamp="2019-08-08T19:53:00.909" />
<gc-op id="157" type="compact" timems="4.101" contextid="151" timestamp="2019-08-08T19:53:00.913">
  <compact-info movecount="17804" movebytes="429016" />
  <remembered-set-cleared processed="4731" cleared="911" durationms="0.092" />
</gc-op>
<gc-end id="158" type="partial gc" contextid="151" durationms="12.337" usertimems="10.875" systemtimems="18.950" timestamp="2019-08-08T19:53:00.913" activeThreads="16">
  <mem-info id="159" free="16777216" total="35651584" percent="47">
    <mem type="eden" free="1865008" total="2097152" percent="88" />
    <remembered-set count="7360" freebytes="1395840" totalbytes="1425280" percent="97" regionsoverflowed="0" regionsstable="0" regionsrebuilding="0"/>
  </mem-info>
</gc-end>
<cycle-end id="160" type="partial gc" contextid="151" timestamp="2019-08-08T19:53:00.914" />
  <attribute name="elasticGC enabled" value="1" />
  <attribute name= "numThreadsSpecified" value="16" />
  <attribute name="heapSize specified" value="0" />
  <attribute name="Current GC Util" value="199" />
  <attribute name= "Current Time Running" value="21791" />
  <attribute name ="GC Interval" value="0" />
  <attribute name="Target GC Util Change" value ="80.000000" />
  <attribute name="Current GC Util Change" value="199.000000"/>
  <attribute name="Current Error" value="-235.000000" />
  <attribute name="Output H" value="35727000"/>
  <attribute name="Output I" value="1592"/>
  <attribute name="Output T" value="16"/>
  <attribute name= "Current Time Running" value="21791" />
  <attribute name="GC Util currently" value="199" />
  <attribute name="CPU Util currently" value="666357741332" />
<exclusive-end id="161" timestamp="2019-08-08T19:53:00.914" durationms="12.938" />

<exclusive-start id="162" timestamp="2019-08-08T19:53:05.576" intervalms="4674.817">
  <response-info timems="0.110" idlems="0.110" threads="0" lastid="0000000002290A00" lastname="node-25" />
</exclusive-start>
<allocation-taxation id="163" taxation-threshold="16777216" timestamp="2019-08-08T19:53:05.576" intervalms="4674.737" />
<cycle-start id="164" type="partial gc" contextid="0" timestamp="2019-08-08T19:53:05.576" intervalms="4674.775" />
<gc-start id="165" type="partial gc" contextid="164" timestamp="2019-08-08T19:53:05.576">
  <mem-info id="166" free="0" total="35651584" percent="0">
    <mem type="eden" free="0" total="16777216" percent="0" />
    <remembered-set count="6912" freebytes="1397632" totalbytes="1425280" percent="98" regionsoverflowed="0" regionsstable="0" regionsrebuilding="0"/>
  </mem-info>
</gc-start>
<allocation-stats totalBytes="16769128" >
  <allocated-bytes non-tlh="0" tlh="16769128" arrayletleaf="0"/>
  <largest-consumer threadName="node-4" threadId="000000000229BE00" bytes="781928" />
</allocation-stats>
<gc-op id="167" type="mark" timems="6.284" contextid="164" timestamp="2019-08-08T19:53:05.583">
  <trace-info objectcount="20234" scancount="20201" scanbytes="601072" />
  <cardclean-info objects="1930" bytes="119700" />
  <remembered-set-cleared processed="2404" cleared="376" durationms="0.078" />
  <stringconstants candidates="3837" cleared="0"  />
  <warning details="Mark invoked due to insufficient free space for Copy-Forward" />
</gc-op>
<gc-op id="168" type="classunload" timems="0.002" contextid="164" timestamp="2019-08-08T19:53:05.583">
  <classunload-info classloadercandidates="6" classloadersunloaded="0" classesunloaded="0" anonymousclassesunloaded="0" quiescems="0.000" setupms="0.002" scanms="0.000" postms="0.000" />
</gc-op>
<gc-op id="169" type="sweep" timems="1.415" contextid="164" timestamp="2019-08-08T19:53:05.585" />
<gc-op id="170" type="compact" timems="5.138" contextid="164" timestamp="2019-08-08T19:53:05.590">
  <compact-info movecount="19142" movebytes="468312" />
  <remembered-set-cleared processed="5044" cleared="936" durationms="0.078" />
</gc-op>
<heap-resize id="171" type="expand" space="default" amount="2097152" count="1" timems="0.063" reason="insufficient free space following gc" timestamp="2019-08-08T19:53:05.590" />
<gc-end id="172" type="partial gc" contextid="164" durationms="14.086" usertimems="16.497" systemtimems="16.749" timestamp="2019-08-08T19:53:05.590" activeThreads="16">
  <mem-info id="173" free="16777216" total="37748736" percent="44">
    <mem type="eden" free="1829648" total="2097152" percent="87" />
    <remembered-set count="8320" freebytes="1475840" totalbytes="1509120" percent="97" regionsoverflowed="0" regionsstable="0" regionsrebuilding="0"/>
  </mem-info>
</gc-end>
<cycle-end id="174" type="partial gc" contextid="164" timestamp="2019-08-08T19:53:05.590" />
  <attribute name="elasticGC enabled" value="1" />
  <attribute name= "numThreadsSpecified" value="16" />
  <attribute name="heapSize specified" value="0" />
  <attribute name="Current GC Util" value="141" />
  <attribute name= "Current Time Running" value="26466" />
  <attribute name ="GC Interval" value="0" />
  <attribute name="Target GC Util Change" value ="80.000000" />
  <attribute name="Current GC Util Change" value="141.000000"/>
  <attribute name="Current Error" value="-356.000000" />
  <attribute name="Output H" value="35726856"/>
  <attribute name="Output I" value="1376"/>
  <attribute name="Output T" value="16"/>
  <attribute name= "Current Time Running" value="26466" />
  <attribute name="GC Util currently" value="141" />
  <attribute name="CPU Util currently" value="748338842172" />
<exclusive-end id="175" timestamp="2019-08-08T19:53:05.590" durationms="14.683" />

<exclusive-start id="176" timestamp="2019-08-08T19:53:07.621" intervalms="2045.653">
  <response-info timems="0.079" idlems="0.079" threads="0" lastid="00000000022C1500" lastname="node-14" />
</exclusive-start>
<allocation-taxation id="177" taxation-threshold="8388608" timestamp="2019-08-08T19:53:07.621" intervalms="2045.662" />
<cycle-start id="178" type="global mark phase" contextid="0" timestamp="2019-08-08T19:53:07.621" intervalms="15784.075" />
<gc-start id="179" type="global mark phase" contextid="178" timestamp="2019-08-08T19:53:07.621">
  <mem-info id="180" free="8388608" total="37748736" percent="22">
    <remembered-set count="8320" freebytes="1475840" totalbytes="1509120" percent="97" regionsoverflowed="0" regionsstable="0" regionsrebuilding="0"/>
  </mem-info>
</gc-start>
<gc-op id="181" type="mark increment" timems="2.077" contextid="178" timestamp="2019-08-08T19:53:07.623">
  <trace-info objectcount="481" scancount="0" scanbytes="0" />
</gc-op>
<gc-end id="182" type="global mark phase" contextid="178" durationms="2.118" usertimems="1.856" systemtimems="4.084" timestamp="2019-08-08T19:53:07.624" activeThreads="16">
  <mem-info id="183" free="8388608" total="37748736" percent="22">
    <remembered-set count="8320" freebytes="1475840" totalbytes="1509120" percent="97" regionsoverflowed="0" regionsstable="0" regionsrebuilding="0"/>
  </mem-info>
</gc-end>
<concurrent-start id="184" type="GMP work packet processing" contextid="178" timestamp="2019-08-08T19:53:07.624">
  <concurrent-mark-start scanTarget="18446744073709551615" />
</concurrent-start>
<exclusive-end id="185" timestamp="2019-08-08T19:53:07.624" durationms="2.369" />

<concurrent-end id="186" type="GMP work packet processing" contextid="178" timestamp="2019-08-08T19:53:07.627">
  <concurrent-mark-end bytesScanned="5308376" reasonForTermination="Completed all work in GC phase" />
</concurrent-end>

<exclusive-start id="187" timestamp="2019-08-08T19:53:09.672" intervalms="2051.173">
  <response-info timems="0.820" idlems="0.820" threads="0" lastid="00000000022C1500" lastname="node-14" />
</exclusive-start>
<allocation-taxation id="188" taxation-threshold="8388608" timestamp="2019-08-08T19:53:09.672" intervalms="2051.174" />
<cycle-start id="189" type="partial gc" contextid="0" timestamp="2019-08-08T19:53:09.673" intervalms="4096.834" />
<gc-start id="190" type="partial gc" contextid="189" timestamp="2019-08-08T19:53:09.673">
  <mem-info id="191" free="0" total="37748736" percent="0">
    <mem type="eden" free="0" total="16777216" percent="0" />
    <remembered-set count="8320" freebytes="1475840" totalbytes="1509120" percent="97" regionsoverflowed="0" regionsstable="0" regionsrebuilding="0"/>
  </mem-info>
</gc-start>
<allocation-stats totalBytes="16765648" >
  <allocated-bytes non-tlh="0" tlh="16765648" arrayletleaf="0"/>
  <largest-consumer threadName="node-9" threadId="00000000022BD900" bytes="409584" />
</allocation-stats>
<gc-op id="192" type="mark" timems="5.861" contextid="189" timestamp="2019-08-08T19:53:09.679">
  <trace-info objectcount="20284" scancount="20242" scanbytes="602048" />
  <cardclean-info objects="1931" bytes="119724" />
  <remembered-set-cleared processed="2550" cleared="390" durationms="0.079" />
  <stringconstants candidates="3837" cleared="0"  />
  <warning details="Mark invoked due to insufficient free space for Copy-Forward" />
</gc-op>
<gc-op id="193" type="classunload" timems="0.002" contextid="189" timestamp="2019-08-08T19:53:09.679">
  <classunload-info classloadercandidates="6" classloadersunloaded="0" classesunloaded="0" anonymousclassesunloaded="0" quiescems="0.000" setupms="0.002" scanms="0.000" postms="0.000" />
</gc-op>
<gc-op id="194" type="sweep" timems="1.407" contextid="189" timestamp="2019-08-08T19:53:09.681" />
<gc-op id="195" type="compact" timems="4.260" contextid="189" timestamp="2019-08-08T19:53:09.685">
  <compact-info movecount="18626" movebytes="460552" />
  <remembered-set-cleared processed="5322" cleared="949" durationms="0.088" />
</gc-op>
<heap-resize id="196" type="expand" space="default" amount="2097152" count="1" timems="0.059" reason="insufficient free space following gc" timestamp="2019-08-08T19:53:09.685" />
<gc-end id="197" type="partial gc" contextid="189" durationms="12.626" usertimems="22.280" systemtimems="7.699" timestamp="2019-08-08T19:53:09.685" activeThreads="16">
  <mem-info id="198" free="16777216" total="39845888" percent="42">
    <mem type="eden" free="1851520" total="2097152" percent="88" />
    <remembered-set count="7136" freebytes="1564416" totalbytes="1592960" percent="98" regionsoverflowed="0" regionsstable="0" regionsrebuilding="0"/>
  </mem-info>
</gc-end>
<cycle-end id="199" type="partial gc" contextid="189" timestamp="2019-08-08T19:53:09.685" />
  <attribute name="elasticGC enabled" value="1" />
  <attribute name= "numThreadsSpecified" value="16" />
  <attribute name="heapSize specified" value="0" />
  <attribute name="Current GC Util" value="132" />
  <attribute name= "Current Time Running" value="30563" />
  <attribute name ="GC Interval" value="0" />
  <attribute name="Target GC Util Change" value ="80.000000" />
  <attribute name="Current GC Util Change" value="132.000000"/>
  <attribute name="Current Error" value="-52.000000" />
  <attribute name="Output H" value="37824360"/>
  <attribute name="Output I" value="1920"/>
  <attribute name="Output T" value="16"/>
  <attribute name= "Current Time Running" value="30563" />
  <attribute name="GC Util currently" value="132" />
  <attribute name="CPU Util currently" value="734840103569" />
<exclusive-end id="200" timestamp="2019-08-08T19:53:09.686" durationms="13.164" />

<exclusive-start id="201" timestamp="2019-08-08T19:53:11.911" intervalms="2238.755">
  <response-info timems="0.024" idlems="0.024" threads="0" lastid="00000000022A3600" lastname="node-19" />
</exclusive-start>
<allocation-taxation id="202" taxation-threshold="8388608" timestamp="2019-08-08T19:53:11.911" intervalms="2238.747" />
<gc-start id="203" type="global mark phase" contextid="178" timestamp="2019-08-08T19:53:11.911">
  <mem-info id="204" free="8388608" total="39845888" percent="21">
    <remembered-set count="7136" freebytes="1564416" totalbytes="1592960" percent="98" regionsoverflowed="0" regionsstable="0" regionsrebuilding="0"/>
  </mem-info>
</gc-start>
<gc-op id="205" type="mark increment" timems="5.954" contextid="178" timestamp="2019-08-08T19:53:11.917">
  <trace-info objectcount="10486" scancount="10463" scanbytes="367392" />
  <cardclean-info objects="1839" bytes="117108" />
  <finalization candidates="13" enqueued="0" />
  <references type="soft" candidates="66" cleared="0" enqueued="0" dynamicThreshold="13" maxThreshold="32" />
  <references type="weak" candidates="143" cleared="0" enqueued="0" />
  <references type="phantom" candidates="57" cleared="0" enqueued="0" />
  <stringconstants candidates="3837" cleared="0"  />
</gc-op>
<gc-op id="206" type="classunload" timems="0.002" contextid="178" timestamp="2019-08-08T19:53:11.917">
  <classunload-info classloadercandidates="6" classloadersunloaded="0" classesunloaded="0" anonymousclassesunloaded="0" quiescems="0.000" setupms="0.002" scanms="0.000" postms="0.000" />
</gc-op>
<gc-end id="207" type="global mark phase" contextid="178" durationms="6.086" usertimems="8.289" systemtimems="5.362" timestamp="2019-08-08T19:53:11.917" activeThreads="16">
  <mem-info id="208" free="8388608" total="39845888" percent="21">
    <remembered-set count="7136" freebytes="1564416" totalbytes="1592960" percent="98" regionsoverflowed="0" regionsstable="0" regionsrebuilding="0"/>
  </mem-info>
</gc-end>
<cycle-end id="209" type="global mark phase" contextid="178" timestamp="2019-08-08T19:53:11.917" />
  <attribute name="elasticGC enabled" value="1" />
  <attribute name= "numThreadsSpecified" value="16" />
  <attribute name="heapSize specified" value="0" />
  <attribute name="Current GC Util" value="135" />
  <attribute name= "Current Time Running" value="32795" />
  <attribute name ="GC Interval" value="0" />
  <attribute name="Target GC Util Change" value ="80.000000" />
  <attribute name="Current GC Util Change" value="135.000000"/>
  <attribute name="Current Error" value="-163.000000" />
  <attribute name="Output H" value="39921384"/>
  <attribute name="Output I" value="1720"/>
  <attribute name="Output T" value="16"/>
  <attribute name= "Current Time Running" value="32795" />
  <attribute name="GC Util currently" value="135" />
  <attribute name="CPU Util currently" value="928215403830" />
<exclusive-end id="210" timestamp="2019-08-08T19:53:11.918" durationms="6.391" />

<exclusive-start id="211" timestamp="2019-08-08T19:53:13.982" intervalms="2070.580">
  <response-info timems="0.042" idlems="0.027" threads="1" lastid="000000000226EF00" lastname="node-13" />
</exclusive-start>
<allocation-taxation id="212" taxation-threshold="8388608" timestamp="2019-08-08T19:53:13.982" intervalms="2070.609" />
<cycle-start id="213" type="partial gc" contextid="0" timestamp="2019-08-08T19:53:13.982" intervalms="4309.345" />
<gc-start id="214" type="partial gc" contextid="213" timestamp="2019-08-08T19:53:13.982">
  <mem-info id="215" free="0" total="39845888" percent="0">
    <mem type="eden" free="0" total="16777216" percent="0" />
    <remembered-set count="7136" freebytes="1564416" totalbytes="1592960" percent="98" regionsoverflowed="0" regionsstable="0" regionsrebuilding="0"/>
  </mem-info>
</gc-start>
<allocation-stats totalBytes="16766960" >
  <allocated-bytes non-tlh="0" tlh="16766960" arrayletleaf="0"/>
  <largest-consumer threadName="node-12" threadId="0000000002276700" bytes="409584" />
</allocation-stats>
<gc-op id="216" type="sweep" timems="1.582" contextid="213" timestamp="2019-08-08T19:53:13.984" />
<gc-op id="217" type="copy forward" timems="7.212" contextid="213" timestamp="2019-08-08T19:53:13.992">
  <memory-copied type="eden" objects="4999" bytes="127376" bytesdiscarded="13257" />
  <memory-copied type="other" objects="10343" bytes="248232" bytesdiscarded="4919" />
  <memory-cardclean objects="1851" bytes="235056" />
  <regions eden="4" other="5" />
  <remembered-set-cleared processed="2644" cleared="725" durationms="0.069" />
  <stringconstants candidates="3837" cleared="0"  />
</gc-op>
<gc-op id="218" type="classunload" timems="0.002" contextid="213" timestamp="2019-08-08T19:53:13.992">
  <classunload-info classloadercandidates="6" classloadersunloaded="0" classesunloaded="0" anonymousclassesunloaded="0" quiescems="0.000" setupms="0.002" scanms="0.000" postms="0.000" />
</gc-op>
<gc-end id="219" type="partial gc" contextid="213" durationms="10.375" usertimems="11.922" systemtimems="12.228" timestamp="2019-08-08T19:53:13.992" activeThreads="16">
  <mem-info id="220" free="20971520" total="39845888" percent="52">
    <mem type="eden" free="3917136" total="4194304" percent="93" />
    <remembered-set count="7072" freebytes="1564672" totalbytes="1592960" percent="98" regionsoverflowed="0" regionsstable="0" regionsrebuilding="0"/>
  </mem-info>
</gc-end>
<cycle-end id="221" type="partial gc" contextid="213" timestamp="2019-08-08T19:53:13.993" />
  <attribute name="elasticGC enabled" value="1" />
  <attribute name= "numThreadsSpecified" value="16" />
  <attribute name="heapSize specified" value="0" />
  <attribute name="Current GC Util" value="144" />
  <attribute name= "Current Time Running" value="34867" />
  <attribute name ="GC Interval" value="0" />
  <attribute name="Target GC Util Change" value ="80.000000" />
  <attribute name="Current GC Util Change" value="144.000000"/>
  <attribute name="Current Error" value="-64.000000" />
  <attribute name="Output H" value="39921496"/>
  <attribute name="Output I" value="1896"/>
  <attribute name="Output T" value="16"/>
  <attribute name= "Current Time Running" value="34867" />
  <attribute name="GC Util currently" value="144" />
  <attribute name="CPU Util currently" value="1218936673956" />
<exclusive-end id="222" timestamp="2019-08-08T19:53:13.993" durationms="10.881" />

<exclusive-start id="223" timestamp="2019-08-08T19:53:18.121" intervalms="4139.336">
  <response-info timems="0.077" idlems="0.077" threads="0" lastid="000000000226B300" lastname="node-11" />
</exclusive-start>
<allocation-taxation id="224" taxation-threshold="16777216" timestamp="2019-08-08T19:53:18.121" intervalms="4139.368" />
<cycle-start id="225" type="partial gc" contextid="0" timestamp="2019-08-08T19:53:18.121" intervalms="4139.547" />
<gc-start id="226" type="partial gc" contextid="225" timestamp="2019-08-08T19:53:18.122">
  <mem-info id="227" free="4194304" total="39845888" percent="10">
    <mem type="eden" free="0" total="16777216" percent="0" />
    <remembered-set count="6624" freebytes="1566464" totalbytes="1592960" percent="98" regionsoverflowed="0" regionsstable="0" regionsrebuilding="0"/>
  </mem-info>
</gc-start>
<allocation-stats totalBytes="16764608" >
  <allocated-bytes non-tlh="0" tlh="16764608" arrayletleaf="0"/>
  <largest-consumer threadName="node-7" threadId="0000000002281B00" bytes="765736" />
</allocation-stats>
<gc-op id="228" type="copy forward" timems="11.898" contextid="225" timestamp="2019-08-08T19:53:18.134">
  <memory-copied type="eden" objects="9531" bytes="230456" bytesdiscarded="50048" />
  <memory-copied type="other" objects="38485" bytes="2039320" bytesdiscarded="384096" />
  <memory-cardclean objects="5630" bytes="331048" />
  <regions eden="8" other="4" />
  <remembered-set-cleared processed="1768" cleared="774" durationms="0.115" />
  <stringconstants candidates="3837" cleared="0"  />
  <heap-resize type="expand" space="default" amount="4194304" count="2" timems="0.301" reason="continue current collection" />
</gc-op>
<gc-op id="229" type="classunload" timems="0.002" contextid="225" timestamp="2019-08-08T19:53:18.134">
  <classunload-info classloadercandidates="6" classloadersunloaded="0" classesunloaded="0" anonymousclassesunloaded="0" quiescems="0.000" setupms="0.002" scanms="0.000" postms="0.000" />
</gc-op>
<gc-end id="230" type="partial gc" contextid="225" durationms="12.846" usertimems="20.991" systemtimems="5.664" timestamp="2019-08-08T19:53:18.134" activeThreads="16">
  <mem-info id="231" free="25165824" total="44040192" percent="57">
    <mem type="eden" free="1816648" total="2097152" percent="86" />
    <remembered-set count="9344" freebytes="1723264" totalbytes="1760640" percent="97" regionsoverflowed="0" regionsstable="0" regionsrebuilding="0"/>
  </mem-info>
</gc-end>
<cycle-end id="232" type="partial gc" contextid="225" timestamp="2019-08-08T19:53:18.135" />
  <attribute name="elasticGC enabled" value="1" />
  <attribute name= "numThreadsSpecified" value="16" />
  <attribute name="heapSize specified" value="0" />
  <attribute name="Current GC Util" value="127" />
  <attribute name= "Current Time Running" value="39004" />
  <attribute name ="GC Interval" value="0" />
  <attribute name="Target GC Util Change" value ="80.000000" />
  <attribute name="Current GC Util Change" value="127.000000"/>
  <attribute name="Current Error" value="-31.000000" />
  <attribute name="Output H" value="39921536"/>
  <attribute name="Output I" value="1960"/>
  <attribute name="Output T" value="16"/>
  <attribute name= "Current Time Running" value="39004" />
  <attribute name="GC Util currently" value="127" />
  <attribute name="CPU Util currently" value="2260120759902" />
<exclusive-end id="233" timestamp="2019-08-08T19:53:18.135" durationms="13.584" />

<exclusive-start id="234" timestamp="2019-08-08T19:53:22.976" intervalms="4854.995">
  <response-info timems="0.318" idlems="0.318" threads="0" lastid="0000000002276700" lastname="node-12" />
</exclusive-start>
<allocation-taxation id="235" taxation-threshold="18874368" timestamp="2019-08-08T19:53:22.976" intervalms="4854.985" />
<cycle-start id="236" type="partial gc" contextid="0" timestamp="2019-08-08T19:53:22.976" intervalms="4854.810" />
<gc-start id="237" type="partial gc" contextid="236" timestamp="2019-08-08T19:53:22.976">
  <mem-info id="238" free="6291456" total="44040192" percent="14">
    <mem type="eden" free="0" total="18874368" percent="0" />
    <remembered-set count="9344" freebytes="1723264" totalbytes="1760640" percent="97" regionsoverflowed="0" regionsstable="0" regionsrebuilding="0"/>
  </mem-info>
</gc-start>
<allocation-stats totalBytes="18861472" >
  <allocated-bytes non-tlh="0" tlh="18861472" arrayletleaf="0"/>
  <largest-consumer threadName="node-8" threadId="00000000022B6100" bytes="859552" />
</allocation-stats>
<gc-op id="239" type="copy forward" timems="9.896" contextid="236" timestamp="2019-08-08T19:53:22.987">
  <memory-copied type="eden" objects="11375" bytes="274712" bytesdiscarded="19560" />
  <memory-copied type="other" objects="9389" bytes="225336" bytesdiscarded="15784" />
  <memory-cardclean objects="1846" bytes="297064" />
  <regions eden="9" other="1" />
  <remembered-set-cleared processed="2474" cleared="369" durationms="0.081" />
  <stringconstants candidates="3837" cleared="0"  />
</gc-op>
<gc-op id="240" type="classunload" timems="0.003" contextid="236" timestamp="2019-08-08T19:53:22.987">
  <classunload-info classloadercandidates="6" classloadersunloaded="0" classesunloaded="0" anonymousclassesunloaded="0" quiescems="0.000" setupms="0.002" scanms="0.000" postms="0.000" />
</gc-op>
<gc-end id="241" type="partial gc" contextid="236" durationms="10.788" usertimems="4.311" systemtimems="15.022" timestamp="2019-08-08T19:53:22.987" activeThreads="16">
  <mem-info id="242" free="23068672" total="44040192" percent="52">
    <mem type="eden" free="1802880" total="2097152" percent="85" />
    <remembered-set count="9152" freebytes="1724032" totalbytes="1760640" percent="97" regionsoverflowed="0" regionsstable="0" regionsrebuilding="0"/>
  </mem-info>
</gc-end>
<cycle-end id="243" type="partial gc" contextid="236" timestamp="2019-08-08T19:53:22.987" />
  <attribute name="elasticGC enabled" value="1" />
  <attribute name= "numThreadsSpecified" value="16" />
  <attribute name="heapSize specified" value="0" />
  <attribute name="Current GC Util" value="119" />
  <attribute name= "Current Time Running" value="43859" />
  <attribute name ="GC Interval" value="0" />
  <attribute name="Target GC Util Change" value ="80.000000" />
  <attribute name="Current GC Util Change" value="119.000000"/>
  <attribute name="Current Error" value="10.000000" />
  <attribute name="Output H" value="44115888"/>
  <attribute name="Output I" value="2032"/>
  <attribute name="Output T" value="16"/>
  <attribute name= "Current Time Running" value="43859" />
  <attribute name="GC Util currently" value="119" />
  <attribute name="CPU Util currently" value="2209059679847" />
<exclusive-end id="244" timestamp="2019-08-08T19:53:22.987" durationms="11.368" />

<exclusive-start id="245" timestamp="2019-08-08T19:53:25.065" intervalms="2088.738">
  <response-info timems="0.385" idlems="0.227" threads="1" lastid="0000000002276700" lastname="node-12" />
</exclusive-start>
<allocation-taxation id="246" taxation-threshold="8388608" timestamp="2019-08-08T19:53:25.065" intervalms="2088.679" />
<cycle-start id="247" type="global mark phase" contextid="0" timestamp="2019-08-08T19:53:25.065" intervalms="17443.579" />
<gc-start id="248" type="global mark phase" contextid="247" timestamp="2019-08-08T19:53:25.065">
  <mem-info id="249" free="14680064" total="44040192" percent="33">
    <remembered-set count="8832" freebytes="1725312" totalbytes="1760640" percent="97" regionsoverflowed="0" regionsstable="0" regionsrebuilding="0"/>
  </mem-info>
</gc-start>
<gc-op id="250" type="mark increment" timems="3.639" contextid="247" timestamp="2019-08-08T19:53:25.069">
  <trace-info objectcount="89200" scancount="65270" scanbytes="2725508" />
</gc-op>
<gc-end id="251" type="global mark phase" contextid="247" durationms="3.691" usertimems="10.144" systemtimems="2.537" timestamp="2019-08-08T19:53:25.069" activeThreads="16">
  <mem-info id="252" free="14680064" total="44040192" percent="33">
    <remembered-set count="8832" freebytes="1725312" totalbytes="1760640" percent="97" regionsoverflowed="0" regionsstable="0" regionsrebuilding="0"/>
  </mem-info>
</gc-end>
<concurrent-start id="253" type="GMP work packet processing" contextid="247" timestamp="2019-08-08T19:53:25.069">
  <concurrent-mark-start scanTarget="13186151" />
</concurrent-start>
<exclusive-end id="254" timestamp="2019-08-08T19:53:25.069" durationms="4.051" />

<concurrent-end id="255" type="GMP work packet processing" contextid="247" timestamp="2019-08-08T19:53:25.071">
  <concurrent-mark-end bytesScanned="2569164" reasonForTermination="Completed all work in GC phase" />
</concurrent-end>

<exclusive-start id="256" timestamp="2019-08-08T19:53:27.128" intervalms="2062.887">
  <response-info timems="0.364" idlems="0.206" threads="1" lastid="0000000002298200" lastname="node-23" />
</exclusive-start>
<allocation-taxation id="257" taxation-threshold="8388608" timestamp="2019-08-08T19:53:27.128" intervalms="2062.888" />
<cycle-start id="258" type="partial gc" contextid="0" timestamp="2019-08-08T19:53:27.128" intervalms="4151.638" />
<gc-start id="259" type="partial gc" contextid="258" timestamp="2019-08-08T19:53:27.128">
  <mem-info id="260" free="6291456" total="44040192" percent="14">
    <mem type="eden" free="0" total="16777216" percent="0" />
    <remembered-set count="8832" freebytes="1725312" totalbytes="1760640" percent="97" regionsoverflowed="0" regionsstable="0" regionsrebuilding="0"/>
  </mem-info>
</gc-start>
<allocation-stats totalBytes="16771472" >
  <allocated-bytes non-tlh="0" tlh="16771472" arrayletleaf="0"/>
  <largest-consumer threadName="node-8" threadId="00000000022B6100" bytes="429048" />
</allocation-stats>
<gc-op id="261" type="copy forward" timems="11.848" contextid="258" timestamp="2019-08-08T19:53:27.141">
  <memory-copied type="eden" objects="10747" bytes="273536" bytesdiscarded="23576" />
  <memory-copied type="other" objects="11235" bytes="269640" bytesdiscarded="18000" />
  <memory-cardclean objects="1847" bytes="297088" />
  <regions eden="8" other="1" />
  <remembered-set-cleared processed="2587" cleared="381" durationms="0.078" />
  <stringconstants candidates="3837" cleared="0"  />
</gc-op>
<gc-op id="262" type="classunload" timems="0.002" contextid="258" timestamp="2019-08-08T19:53:27.141">
  <classunload-info classloadercandidates="6" classloadersunloaded="0" classesunloaded="0" anonymousclassesunloaded="0" quiescems="0.000" setupms="0.002" scanms="0.000" postms="0.000" />
</gc-op>
<gc-end id="263" type="partial gc" contextid="258" durationms="12.803" usertimems="20.176" systemtimems="5.619" timestamp="2019-08-08T19:53:27.141" activeThreads="16">
  <mem-info id="264" free="20971520" total="44040192" percent="47">
    <mem type="eden" free="1800040" total="2097152" percent="85" />
    <remembered-set count="8352" freebytes="1727232" totalbytes="1760640" percent="98" regionsoverflowed="0" regionsstable="0" regionsrebuilding="0"/>
  </mem-info>
</gc-end>
<cycle-end id="265" type="partial gc" contextid="258" timestamp="2019-08-08T19:53:27.141" />
  <attribute name="elasticGC enabled" value="1" />
  <attribute name= "numThreadsSpecified" value="16" />
  <attribute name="heapSize specified" value="0" />
  <attribute name="Current GC Util" value="116" />
  <attribute name= "Current Time Running" value="48010" />
  <attribute name ="GC Interval" value="0" />
  <attribute name="Target GC Util Change" value ="80.000000" />
  <attribute name="Current GC Util Change" value="116.000000"/>
  <attribute name="Current Error" value="-525.000000" />
  <attribute name="Output H" value="44115272"/>
  <attribute name="Output I" value="1072"/>
  <attribute name="Output T" value="16"/>
  <attribute name= "Current Time Running" value="48010" />
  <attribute name="GC Util currently" value="116" />
  <attribute name="CPU Util currently" value="2338227452276" />
<exclusive-end id="266" timestamp="2019-08-08T19:53:27.141" durationms="13.449" />

<exclusive-start id="267" timestamp="2019-08-08T19:53:28.966" intervalms="1838.332">
  <response-info timems="0.428" idlems="0.428" threads="0" lastid="00000000022B6100" lastname="node-8" />
</exclusive-start>
<allocation-taxation id="268" taxation-threshold="8388608" timestamp="2019-08-08T19:53:28.966" intervalms="1838.350" />
<gc-start id="269" type="global mark phase" contextid="247" timestamp="2019-08-08T19:53:28.966">
  <mem-info id="270" free="12582912" total="44040192" percent="28">
    <remembered-set count="7936" freebytes="1728896" totalbytes="1760640" percent="98" regionsoverflowed="0" regionsstable="0" regionsrebuilding="0"/>
  </mem-info>
</gc-start>
<gc-op id="271" type="mark increment" timems="6.623" contextid="247" timestamp="2019-08-08T19:53:28.973">
  <trace-info objectcount="9719" scancount="9696" scanbytes="393608" />
  <cardclean-info objects="1719" bytes="131848" />
  <finalization candidates="13" enqueued="0" />
  <references type="soft" candidates="66" cleared="0" enqueued="0" dynamicThreshold="15" maxThreshold="32" />
  <references type="weak" candidates="143" cleared="0" enqueued="0" />
  <references type="phantom" candidates="57" cleared="0" enqueued="0" />
  <stringconstants candidates="3837" cleared="0"  />
</gc-op>
<gc-op id="272" type="classunload" timems="0.002" contextid="247" timestamp="2019-08-08T19:53:28.973">
  <classunload-info classloadercandidates="6" classloadersunloaded="0" classesunloaded="0" anonymousclassesunloaded="0" quiescems="0.000" setupms="0.002" scanms="0.000" postms="0.000" />
</gc-op>
<gc-end id="273" type="global mark phase" contextid="247" durationms="6.740" usertimems="2.303" systemtimems="12.584" timestamp="2019-08-08T19:53:28.973" activeThreads="16">
  <mem-info id="274" free="12582912" total="44040192" percent="28">
    <remembered-set count="7936" freebytes="1728896" totalbytes="1760640" percent="98" regionsoverflowed="0" regionsstable="0" regionsrebuilding="0"/>
  </mem-info>
</gc-end>
<cycle-end id="275" type="global mark phase" contextid="247" timestamp="2019-08-08T19:53:28.973" />
  <attribute name="elasticGC enabled" value="1" />
  <attribute name= "numThreadsSpecified" value="16" />
  <attribute name="heapSize specified" value="0" />
  <attribute name="Current GC Util" value="128" />
  <attribute name= "Current Time Running" value="49851" />
  <attribute name ="GC Interval" value="0" />
  <attribute name="Target GC Util Change" value ="80.000000" />
  <attribute name="Current GC Util Change" value="128.000000"/>
  <attribute name="Current Error" value="-147.000000" />
  <attribute name="Output H" value="44115704"/>
  <attribute name="Output I" value="1752"/>
  <attribute name="Output T" value="16"/>
  <attribute name= "Current Time Running" value="49851" />
  <attribute name="GC Util currently" value="128" />
  <attribute name="CPU Util currently" value="821131729694" />
<exclusive-end id="276" timestamp="2019-08-08T19:53:28.973" durationms="7.030" />

<exclusive-start id="277" timestamp="2019-08-08T19:53:30.707" intervalms="1741.399">
  <response-info timems="0.189" idlems="0.189" threads="0" lastid="00000000022AE900" lastname="node-24" />
</exclusive-start>
<allocation-taxation id="278" taxation-threshold="8388608" timestamp="2019-08-08T19:53:30.707" intervalms="1741.395" />
<cycle-start id="279" type="partial gc" contextid="0" timestamp="2019-08-08T19:53:30.708" intervalms="3579.657" />
<gc-start id="280" type="partial gc" contextid="279" timestamp="2019-08-08T19:53:30.708">
  <mem-info id="281" free="4194304" total="44040192" percent="9">
    <mem type="eden" free="0" total="16777216" percent="0" />
    <remembered-set count="7936" freebytes="1728896" totalbytes="1760640" percent="98" regionsoverflowed="0" regionsstable="0" regionsrebuilding="0"/>
  </mem-info>
</gc-start>
<allocation-stats totalBytes="16772288" >
  <allocated-bytes non-tlh="0" tlh="16772288" arrayletleaf="0"/>
  <largest-consumer threadName="node-9" threadId="00000000022BD900" bytes="430064" />
</allocation-stats>
<gc-op id="282" type="sweep" timems="1.704" contextid="279" timestamp="2019-08-08T19:53:30.710" />
<gc-op id="283" type="copy forward" timems="9.299" contextid="279" timestamp="2019-08-08T19:53:30.720">
  <memory-copied type="eden" objects="4050" bytes="109680" bytesdiscarded="10604" />
  <memory-copied type="other" objects="9575" bytes="229800" bytesdiscarded="4364" />
  <memory-cardclean objects="1740" bytes="294520" />
  <regions eden="4" other="5" />
  <remembered-set-cleared processed="2661" cleared="712" durationms="0.075" />
  <stringconstants candidates="3837" cleared="0"  />
</gc-op>
<gc-op id="284" type="classunload" timems="0.002" contextid="279" timestamp="2019-08-08T19:53:30.720">
  <classunload-info classloadercandidates="6" classloadersunloaded="0" classesunloaded="0" anonymousclassesunloaded="0" quiescems="0.000" setupms="0.002" scanms="0.000" postms="0.000" />
</gc-op>
<gc-end id="285" type="partial gc" contextid="279" durationms="12.573" usertimems="13.773" systemtimems="9.841" timestamp="2019-08-08T19:53:30.720" activeThreads="16">
  <mem-info id="286" free="27262976" total="44040192" percent="61">
    <mem type="eden" free="1866024" total="2097152" percent="88" />
    <remembered-set count="8320" freebytes="1727360" totalbytes="1760640" percent="98" regionsoverflowed="0" regionsstable="0" regionsrebuilding="0"/>
  </mem-info>
</gc-end>
<cycle-end id="287" type="partial gc" contextid="279" timestamp="2019-08-08T19:53:30.720" />
  <attribute name="elasticGC enabled" value="1" />
  <attribute name= "numThreadsSpecified" value="16" />
  <attribute name="heapSize specified" value="0" />
  <attribute name="Current GC Util" value="123" />
  <attribute name= "Current Time Running" value="51592" />
  <attribute name ="GC Interval" value="0" />
  <attribute name="Target GC Util Change" value ="80.000000" />
  <attribute name="Current GC Util Change" value="123.000000"/>
  <attribute name="Current Error" value="-132.000000" />
  <attribute name="Output H" value="44115720"/>
  <attribute name="Output I" value="1776"/>
  <attribute name="Output T" value="16"/>
  <attribute name= "Current Time Running" value="51592" />
  <attribute name="GC Util currently" value="123" />
  <attribute name="CPU Util currently" value="1981230303695" />
<exclusive-end id="288" timestamp="2019-08-08T19:53:30.721" durationms="13.137" />

<exclusive-start id="289" timestamp="2019-08-08T19:53:35.678" intervalms="4970.736">
  <response-info timems="0.201" idlems="0.201" threads="0" lastid="00000000022C1500" lastname="node-14" />
</exclusive-start>
<allocation-taxation id="290" taxation-threshold="18874368" timestamp="2019-08-08T19:53:35.678" intervalms="4970.728" />
<cycle-start id="291" type="partial gc" contextid="0" timestamp="2019-08-08T19:53:35.678" intervalms="4970.732" />
<gc-start id="292" type="partial gc" contextid="291" timestamp="2019-08-08T19:53:35.678">
  <mem-info id="293" free="8388608" total="44040192" percent="19">
    <mem type="eden" free="0" total="18874368" percent="0" />
    <remembered-set count="8192" freebytes="1727872" totalbytes="1760640" percent="98" regionsoverflowed="0" regionsstable="0" regionsrebuilding="0"/>
  </mem-info>
</gc-start>
<allocation-stats totalBytes="18866200" >
  <allocated-bytes non-tlh="0" tlh="18866200" arrayletleaf="0"/>
  <largest-consumer threadName="node-23" threadId="0000000002298200" bytes="860080" />
</allocation-stats>
<gc-op id="294" type="copy forward" timems="9.275" contextid="291" timestamp="2019-08-08T19:53:35.688">
  <memory-copied type="eden" objects="11415" bytes="275680" bytesdiscarded="18408" />
  <memory-copied type="other" objects="36411" bytes="1989544" bytesdiscarded="279560" />
  <memory-cardclean objects="5631" bytes="331032" />
  <regions eden="9" other="3" />
  <remembered-set-cleared processed="1781" cleared="788" durationms="0.069" />
  <stringconstants candidates="3837" cleared="0"  />
</gc-op>
<gc-op id="295" type="classunload" timems="0.002" contextid="291" timestamp="2019-08-08T19:53:35.688">
  <classunload-info classloadercandidates="6" classloadersunloaded="0" classesunloaded="0" anonymousclassesunloaded="0" quiescems="0.000" setupms="0.002" scanms="0.000" postms="0.000" />
</gc-op>
<gc-end id="296" type="partial gc" contextid="291" durationms="10.135" usertimems="13.060" systemtimems="9.684" timestamp="2019-08-08T19:53:35.689" activeThreads="16">
  <mem-info id="297" free="25165824" total="44040192" percent="57">
    <mem type="eden" free="3900216" total="4194304" percent="92" />
    <remembered-set count="8832" freebytes="1725312" totalbytes="1760640" percent="97" regionsoverflowed="0" regionsstable="0" regionsrebuilding="0"/>
  </mem-info>
</gc-end>
<cycle-end id="298" type="partial gc" contextid="291" timestamp="2019-08-08T19:53:35.689" />
  <attribute name="elasticGC enabled" value="1" />
  <attribute name= "numThreadsSpecified" value="16" />
  <attribute name="heapSize specified" value="0" />
  <attribute name="Current GC Util" value="126" />
  <attribute name= "Current Time Running" value="56561" />
  <attribute name ="GC Interval" value="0" />
  <attribute name="Target GC Util Change" value ="80.000000" />
  <attribute name="Current GC Util Change" value="126.000000"/>
  <attribute name="Current Error" value="-46.000000" />
  <attribute name="Output H" value="44115824"/>
  <attribute name="Output I" value="1928"/>
  <attribute name="Output T" value="16"/>
  <attribute name= "Current Time Running" value="56561" />
  <attribute name="GC Util currently" value="126" />
  <attribute name="CPU Util currently" value="2549605703399" />
<exclusive-end id="299" timestamp="2019-08-08T19:53:35.689" durationms="10.670" />

<exclusive-start id="300" timestamp="2019-08-08T19:53:38.078" intervalms="2399.819">
  <response-info timems="0.155" idlems="0.155" threads="0" lastid="00000000022BD900" lastname="node-9" />
</exclusive-start>
<allocation-taxation id="301" taxation-threshold="8388608" timestamp="2019-08-08T19:53:38.078" intervalms="2399.827" />
<cycle-start id="302" type="global mark phase" contextid="0" timestamp="2019-08-08T19:53:38.078" intervalms="13013.161" />
<gc-start id="303" type="global mark phase" contextid="302" timestamp="2019-08-08T19:53:38.078">
  <mem-info id="304" free="16777216" total="44040192" percent="38">
    <remembered-set count="8832" freebytes="1725312" totalbytes="1760640" percent="97" regionsoverflowed="0" regionsstable="0" regionsrebuilding="0"/>
  </mem-info>
</gc-start>
<gc-op id="305" type="mark increment" timems="3.648" contextid="302" timestamp="2019-08-08T19:53:38.082">
  <trace-info objectcount="373" scancount="0" scanbytes="0" />
</gc-op>
<gc-end id="306" type="global mark phase" contextid="302" durationms="3.694" usertimems="2.144" systemtimems="2.841" timestamp="2019-08-08T19:53:38.082" activeThreads="16">
  <mem-info id="307" free="16777216" total="44040192" percent="38">
    <remembered-set count="8832" freebytes="1725312" totalbytes="1760640" percent="97" regionsoverflowed="0" regionsstable="0" regionsrebuilding="0"/>
  </mem-info>
</gc-end>
<concurrent-start id="308" type="GMP work packet processing" contextid="302" timestamp="2019-08-08T19:53:38.082">
  <concurrent-mark-start scanTarget="13006754" />
</concurrent-start>
<exclusive-end id="309" timestamp="2019-08-08T19:53:38.082" durationms="4.043" />

<concurrent-end id="310" type="GMP work packet processing" contextid="302" timestamp="2019-08-08T19:53:38.086">
  <concurrent-mark-end bytesScanned="5284440" reasonForTermination="Completed all work in GC phase" />
</concurrent-end>

<exclusive-start id="311" timestamp="2019-08-08T19:53:40.007" intervalms="1928.535">
  <response-info timems="0.531" idlems="0.268" threads="1" lastid="00000000022C5100" lastname="node-10" />
</exclusive-start>
<allocation-taxation id="312" taxation-threshold="8388608" timestamp="2019-08-08T19:53:40.007" intervalms="1928.527" />
<cycle-start id="313" type="partial gc" contextid="0" timestamp="2019-08-08T19:53:40.007" intervalms="4328.362" />
<gc-start id="314" type="partial gc" contextid="313" timestamp="2019-08-08T19:53:40.007">
  <mem-info id="315" free="8388608" total="44040192" percent="19">
    <mem type="eden" free="0" total="16777216" percent="0" />
    <remembered-set count="8832" freebytes="1725312" totalbytes="1760640" percent="97" regionsoverflowed="0" regionsstable="0" regionsrebuilding="0"/>
  </mem-info>
</gc-start>
<allocation-stats totalBytes="16771416" >
  <allocated-bytes non-tlh="0" tlh="16771416" arrayletleaf="0"/>
  <largest-consumer threadName="node-9" threadId="00000000022BD900" bytes="430048" />
</allocation-stats>
<gc-op id="316" type="copy forward" timems="6.557" contextid="313" timestamp="2019-08-08T19:53:40.014">
  <memory-copied type="eden" objects="10019" bytes="250512" bytesdiscarded="9024" />
  <memory-copied type="other" objects="11274" bytes="270576" bytesdiscarded="16088" />
  <memory-cardclean objects="1766" bytes="330944" />
  <regions eden="8" other="2" />
  <remembered-set-cleared processed="2386" cleared="349" durationms="0.077" />
  <stringconstants candidates="3837" cleared="0"  />
</gc-op>
<gc-op id="317" type="classunload" timems="0.002" contextid="313" timestamp="2019-08-08T19:53:40.014">
  <classunload-info classloadercandidates="6" classloadersunloaded="0" classesunloaded="0" anonymousclassesunloaded="0" quiescems="0.000" setupms="0.002" scanms="0.000" postms="0.000" />
</gc-op>
<gc-end id="318" type="partial gc" contextid="313" durationms="7.498" usertimems="10.766" systemtimems="7.911" timestamp="2019-08-08T19:53:40.014" activeThreads="16">
  <mem-info id="319" free="25165824" total="44040192" percent="57">
    <mem type="eden" free="1837616" total="2097152" percent="87" />
    <remembered-set count="9088" freebytes="1724288" totalbytes="1760640" percent="97" regionsoverflowed="0" regionsstable="0" regionsrebuilding="0"/>
  </mem-info>
</gc-end>
<cycle-end id="320" type="partial gc" contextid="313" timestamp="2019-08-08T19:53:40.014" />
  <attribute name="elasticGC enabled" value="1" />
  <attribute name= "numThreadsSpecified" value="16" />
  <attribute name="heapSize specified" value="0" />
  <attribute name="Current GC Util" value="127" />
  <attribute name= "Current Time Running" value="60889" />
  <attribute name ="GC Interval" value="0" />
  <attribute name="Target GC Util Change" value ="80.000000" />
  <attribute name="Current GC Util Change" value="127.000000"/>
  <attribute name="Current Error" value="-39.000000" />
  <attribute name="Output H" value="44115832"/>
  <attribute name="Output I" value="1944"/>
  <attribute name="Output T" value="16"/>
  <attribute name= "Current Time Running" value="60889" />
  <attribute name="GC Util currently" value="127" />
  <attribute name="CPU Util currently" value="2217079986485" />
<exclusive-end id="321" timestamp="2019-08-08T19:53:40.015" durationms="8.034" />

<exclusive-start id="322" timestamp="2019-08-08T19:53:42.494" intervalms="2487.116">
  <response-info timems="0.359" idlems="0.359" threads="0" lastid="00000000022B6100" lastname="node-8" />
</exclusive-start>
<allocation-taxation id="323" taxation-threshold="8388608" timestamp="2019-08-08T19:53:42.494" intervalms="2487.147" />
<gc-start id="324" type="global mark phase" contextid="302" timestamp="2019-08-08T19:53:42.494">
  <mem-info id="325" free="16777216" total="44040192" percent="38">
    <remembered-set count="8608" freebytes="1726208" totalbytes="1760640" percent="98" regionsoverflowed="0" regionsstable="0" regionsrebuilding="0"/>
  </mem-info>
</gc-start>
<gc-op id="326" type="mark increment" timems="6.048" contextid="302" timestamp="2019-08-08T19:53:42.500">
  <trace-info objectcount="10034" scancount="10011" scanbytes="421752" />
  <cardclean-info objects="1713" bytes="147408" />
  <finalization candidates="13" enqueued="0" />
  <references type="soft" candidates="66" cleared="0" enqueued="0" dynamicThreshold="18" maxThreshold="32" />
  <references type="weak" candidates="143" cleared="0" enqueued="0" />
  <references type="phantom" candidates="57" cleared="0" enqueued="0" />
  <stringconstants candidates="3837" cleared="0"  />
</gc-op>
<gc-op id="327" type="classunload" timems="0.003" contextid="302" timestamp="2019-08-08T19:53:42.500">
  <classunload-info classloadercandidates="6" classloadersunloaded="0" classesunloaded="0" anonymousclassesunloaded="0" quiescems="0.000" setupms="0.003" scanms="0.000" postms="0.000" />
</gc-op>
<gc-end id="328" type="global mark phase" contextid="302" durationms="6.182" usertimems="6.244" systemtimems="6.965" timestamp="2019-08-08T19:53:42.500" activeThreads="16">
  <mem-info id="329" free="16777216" total="44040192" percent="38">
    <remembered-set count="8608" freebytes="1726208" totalbytes="1760640" percent="98" regionsoverflowed="0" regionsstable="0" regionsrebuilding="0"/>
  </mem-info>
</gc-end>
<cycle-end id="330" type="global mark phase" contextid="302" timestamp="2019-08-08T19:53:42.500" />
  <attribute name="elasticGC enabled" value="1" />
  <attribute name= "numThreadsSpecified" value="16" />
  <attribute name="heapSize specified" value="0" />
  <attribute name="Current GC Util" value="0" />
  <attribute name= "Current Time Running" value="63378" />
  <attribute name ="GC Interval" value="0" />
  <attribute name="Target GC Util Change" value ="80.000000" />
  <attribute name="Current GC Util Change" value="0.000000"/>
  <attribute name="Current Error" value="58.000000" />
  <attribute name="Output H" value="44115944"/>
  <attribute name="Output I" value="2112"/>
  <attribute name="Output T" value="16"/>
  <attribute name= "Current Time Running" value="63378" />
  <attribute name="GC Util currently" value="0" />
  <attribute name="CPU Util currently" value="1100525482082" />
<exclusive-end id="331" timestamp="2019-08-08T19:53:42.500" durationms="6.541" />

<exclusive-start id="332" timestamp="2019-08-08T19:53:44.425" intervalms="1931.592">
  <response-info timems="0.052" idlems="0.052" threads="0" lastid="00000000022AE900" lastname="node-24" />
</exclusive-start>
<allocation-taxation id="333" taxation-threshold="8388608" timestamp="2019-08-08T19:53:44.425" intervalms="1931.558" />
<cycle-start id="334" type="partial gc" contextid="0" timestamp="2019-08-08T19:53:44.425" intervalms="4418.713" />
<gc-start id="335" type="partial gc" contextid="334" timestamp="2019-08-08T19:53:44.426">
  <mem-info id="336" free="8388608" total="44040192" percent="19">
    <mem type="eden" free="0" total="16777216" percent="0" />
    <remembered-set count="8608" freebytes="1726208" totalbytes="1760640" percent="98" regionsoverflowed="0" regionsstable="0" regionsrebuilding="0"/>
  </mem-info>
</gc-start>
<allocation-stats totalBytes="16769064" >
  <allocated-bytes non-tlh="0" tlh="16769064" arrayletleaf="0"/>
  <largest-consumer threadName="node-7" threadId="0000000002281B00" bytes="429928" />
</allocation-stats>
<gc-op id="337" type="sweep" timems="1.731" contextid="334" timestamp="2019-08-08T19:53:44.427" />
<gc-op id="338" type="copy forward" timems="7.599" contextid="334" timestamp="2019-08-08T19:53:44.436">
  <memory-copied type="eden" objects="4047" bytes="96208" bytesdiscarded="12690" />
  <memory-copied type="other" objects="9885" bytes="237240" bytesdiscarded="5646" />
  <memory-cardclean objects="1679" bytes="329344" />
  <regions eden="4" other="5" />
  <remembered-set-cleared processed="2479" cleared="591" durationms="0.109" />
  <stringconstants candidates="3837" cleared="0"  />
</gc-op>
<gc-op id="339" type="classunload" timems="0.002" contextid="334" timestamp="2019-08-08T19:53:44.436">
  <classunload-info classloadercandidates="6" classloadersunloaded="0" classesunloaded="0" anonymousclassesunloaded="0" quiescems="0.000" setupms="0.002" scanms="0.000" postms="0.000" />
</gc-op>
<gc-end id="340" type="partial gc" contextid="334" durationms="10.775" usertimems="7.680" systemtimems="15.230" timestamp="2019-08-08T19:53:44.436" activeThreads="16">
  <mem-info id="341" free="27262976" total="44040192" percent="61">
    <mem type="eden" free="3952376" total="4194304" percent="94" />
    <remembered-set count="7712" freebytes="1729792" totalbytes="1760640" percent="98" regionsoverflowed="0" regionsstable="0" regionsrebuilding="0"/>
  </mem-info>
</gc-end>
<cycle-end id="342" type="partial gc" contextid="334" timestamp="2019-08-08T19:53:44.436" />
  <attribute name="elasticGC enabled" value="1" />
  <attribute name= "numThreadsSpecified" value="16" />
  <attribute name="heapSize specified" value="0" />
  <attribute name="Current GC Util" value="102" />
  <attribute name= "Current Time Running" value="65310" />
  <attribute name ="GC Interval" value="0" />
  <attribute name="Target GC Util Change" value ="80.000000" />
  <attribute name="Current GC Util Change" value="102.000000"/>
  <attribute name="Current Error" value="71.000000" />
  <attribute name="Output H" value="44115960"/>
  <attribute name="Output I" value="2136"/>
  <attribute name="Output T" value="16"/>
  <attribute name= "Current Time Running" value="65310" />
  <attribute name="GC Util currently" value="102" />
  <attribute name="CPU Util currently" value="1406768690005" />
<exclusive-end id="343" timestamp="2019-08-08T19:53:44.437" durationms="11.347" />

<exclusive-start id="344" timestamp="2019-08-08T19:53:49.677" intervalms="5252.135">
  <response-info timems="0.271" idlems="0.271" threads="0" lastid="0000000001F80F00" lastname="main" />
</exclusive-start>
<allocation-taxation id="345" taxation-threshold="18874368" timestamp="2019-08-08T19:53:49.677" intervalms="5252.131" />
<cycle-start id="346" type="partial gc" contextid="0" timestamp="2019-08-08T19:53:49.678" intervalms="5252.150" />
<gc-start id="347" type="partial gc" contextid="346" timestamp="2019-08-08T19:53:49.678">
  <mem-info id="348" free="8388608" total="44040192" percent="19">
    <mem type="eden" free="0" total="18874368" percent="0" />
    <remembered-set count="7712" freebytes="1729792" totalbytes="1760640" percent="98" regionsoverflowed="0" regionsstable="0" regionsrebuilding="0"/>
  </mem-info>
</gc-start>
<allocation-stats totalBytes="18863024" >
  <allocated-bytes non-tlh="0" tlh="18863024" arrayletleaf="0"/>
</allocation-stats>
<gc-op id="349" type="copy forward" timems="6.702" contextid="346" timestamp="2019-08-08T19:53:49.685">
  <memory-copied type="eden" objects="12386" bytes="296520" bytesdiscarded="8944" />
  <memory-copied type="other" objects="9423" bytes="226152" bytesdiscarded="6864" />
  <memory-cardclean objects="1837" bytes="332808" />
  <regions eden="9" other="2" />
  <remembered-set-cleared processed="2262" cleared="329" durationms="0.185" />
  <stringconstants candidates="3837" cleared="0"  />
</gc-op>
<gc-op id="350" type="classunload" timems="0.002" contextid="346" timestamp="2019-08-08T19:53:49.685">
  <classunload-info classloadercandidates="6" classloadersunloaded="0" classesunloaded="0" anonymousclassesunloaded="0" quiescems="0.000" setupms="0.001" scanms="0.000" postms="0.000" />
</gc-op>
<gc-end id="351" type="partial gc" contextid="346" durationms="7.751" usertimems="8.259" systemtimems="8.291" timestamp="2019-08-08T19:53:49.685" activeThreads="16">
  <mem-info id="352" free="27262976" total="44040192" percent="61">
    <mem type="eden" free="1791688" total="2097152" percent="85" />
    <remembered-set count="7264" freebytes="1731584" totalbytes="1760640" percent="98" regionsoverflowed="0" regionsstable="0" regionsrebuilding="0"/>
  </mem-info>
</gc-end>
<cycle-end id="353" type="partial gc" contextid="346" timestamp="2019-08-08T19:53:49.686" />
  <attribute name="elasticGC enabled" value="1" />
  <attribute name= "numThreadsSpecified" value="16" />
  <attribute name="heapSize specified" value="0" />
  <attribute name="Current GC Util" value="120" />
  <attribute name= "Current Time Running" value="70560" />
  <attribute name ="GC Interval" value="0" />
  <attribute name="Target GC Util Change" value ="80.000000" />
  <attribute name="Current GC Util Change" value="120.000000"/>
  <attribute name="Current Error" value="40.000000" />
  <attribute name="Output H" value="44115920"/>
  <attribute name="Output I" value="2080"/>
  <attribute name="Output T" value="16"/>
  <attribute name= "Current Time Running" value="70560" />
  <attribute name="GC Util currently" value="120" />
  <attribute name="CPU Util currently" value="2569968993487" />
<exclusive-end id="354" timestamp="2019-08-08T19:53:49.686" durationms="8.315" />

===== DaCapo 9.12-MR1 avrora PASSED in 70283 msec =====
<exclusive-start id="355" timestamp="2019-08-08T19:53:50.081" intervalms="404.119">
  <response-info timems="0.016" idlems="0.016" threads="0" lastid="0000000001F80F00" lastname="main" />
</exclusive-start>
<allocation-taxation id="356" taxation-threshold="8388608" timestamp="2019-08-08T19:53:50.082" intervalms="404.116" />
<cycle-start id="357" type="global mark phase" contextid="0" timestamp="2019-08-08T19:53:50.082" intervalms="12003.511" />
<gc-start id="358" type="global mark phase" contextid="357" timestamp="2019-08-08T19:53:50.082">
  <mem-info id="359" free="18874368" total="44040192" percent="42">
    <remembered-set count="7264" freebytes="1731584" totalbytes="1760640" percent="98" regionsoverflowed="0" regionsstable="0" regionsrebuilding="0"/>
  </mem-info>
</gc-start>
<gc-op id="360" type="mark increment" timems="2.367" contextid="357" timestamp="2019-08-08T19:53:50.084">
  <trace-info objectcount="3003" scancount="815" scanbytes="48368" />
</gc-op>
<gc-end id="361" type="global mark phase" contextid="357" durationms="2.405" usertimems="4.841" systemtimems="0.123" timestamp="2019-08-08T19:53:50.084" activeThreads="16">
  <mem-info id="362" free="18874368" total="44040192" percent="42">
    <remembered-set count="7264" freebytes="1731584" totalbytes="1760640" percent="98" regionsoverflowed="0" regionsstable="0" regionsrebuilding="0"/>
  </mem-info>
</gc-end>
<concurrent-start id="363" type="GMP work packet processing" contextid="357" timestamp="2019-08-08T19:53:50.084">
  <concurrent-mark-start scanTarget="7040973" />
</concurrent-start>
<exclusive-end id="364" timestamp="2019-08-08T19:53:50.084" durationms="2.813" />

<concurrent-end id="365" type="GMP work packet processing" contextid="357" timestamp="2019-08-08T19:53:50.085">
  <concurrent-mark-end bytesScanned="419052" reasonForTermination="Completed all work in GC phase" />
</concurrent-end>

WARNING: An illegal reflective access operation has occurred
WARNING: Illegal reflective access by com.google.common.base.internal.Finalizer (file:/./scratch/jar/guava-r07.jar) to field java.lang.Thread.inheritableThreadLocals
WARNING: Please consider reporting this to the maintainers of com.google.common.base.internal.Finalizer
WARNING: Use --illegal-access=warn to enable warnings of further illegal reflective access operations
WARNING: All illegal access operations will be denied in a future release
<exclusive-start id="366" timestamp="2019-08-08T19:53:50.285" intervalms="203.550">
  <response-info timems="0.017" idlems="0.017" threads="0" lastid="0000000001F80F00" lastname="main" />
</exclusive-start>
<allocation-taxation id="367" taxation-threshold="8388608" timestamp="2019-08-08T19:53:50.285" intervalms="203.556" />
<cycle-start id="368" type="partial gc" contextid="0" timestamp="2019-08-08T19:53:50.285" intervalms="607.646" />
<gc-start id="369" type="partial gc" contextid="368" timestamp="2019-08-08T19:53:50.285">
  <mem-info id="370" free="10485760" total="44040192" percent="23">
    <mem type="eden" free="0" total="16777216" percent="0" />
    <remembered-set count="7264" freebytes="1731584" totalbytes="1760640" percent="98" regionsoverflowed="0" regionsstable="0" regionsrebuilding="0"/>
  </mem-info>
</gc-start>
<allocation-stats totalBytes="16705712" >
  <allocated-bytes non-tlh="636464" tlh="16069248" arrayletleaf="0"/>
  <largest-consumer threadName="main" threadId="0000000001F80F00" bytes="8356056" />
</allocation-stats>
<gc-op id="371" type="copy forward" timems="9.732" contextid="368" timestamp="2019-08-08T19:53:50.296">
  <memory-copied type="eden" objects="15939" bytes="1409288" bytesdiscarded="193416" />
  <memory-copied type="other" objects="12386" bytes="296520" bytesdiscarded="3504" />
  <memory-cardclean objects="1617" bytes="234632" />
  <regions eden="8" other="1" />
  <remembered-set-cleared processed="2385" cleared="312" durationms="0.078" />
  <finalization candidates="51" enqueued="2" />
  <ownableSynchronizers candidates="17" cleared="0" />
  <references type="soft" candidates="46" cleared="0" enqueued="0" dynamicThreshold="13" maxThreshold="32" />
  <references type="weak" candidates="1427" cleared="0" enqueued="0" />
  <references type="phantom" candidates="50" cleared="0" enqueued="0" />
  <stringconstants candidates="5507" cleared="0"  />
</gc-op>
<gc-op id="372" type="classunload" timems="0.004" contextid="368" timestamp="2019-08-08T19:53:50.296">
  <classunload-info classloadercandidates="8" classloadersunloaded="0" classesunloaded="0" anonymousclassesunloaded="0" quiescems="0.000" setupms="0.003" scanms="0.000" postms="0.000" />
</gc-op>
<gc-end id="373" type="partial gc" contextid="368" durationms="10.813" usertimems="24.276" systemtimems="0.000" timestamp="2019-08-08T19:53:50.296" activeThreads="16">
  <mem-info id="374" free="25165824" total="44040192" percent="57">
    <mem type="eden" free="492816" total="2097152" percent="23" />
    <pending-finalizers system="2" default="0" reference="0" classloader="0" />
    <remembered-set count="11168" freebytes="1715968" totalbytes="1760640" percent="97" regionsoverflowed="0" regionsstable="0" regionsrebuilding="0"/>
  </mem-info>
</gc-end>
<cycle-end id="375" type="partial gc" contextid="368" timestamp="2019-08-08T19:53:50.296" />
  <attribute name="elasticGC enabled" value="1" />
  <attribute name= "numThreadsSpecified" value="16" />
  <attribute name="heapSize specified" value="0" />
  <attribute name="Current GC Util" value="111" />
  <attribute name= "Current Time Running" value="71168" />
  <attribute name ="GC Interval" value="0" />
  <attribute name="Target GC Util Change" value ="80.000000" />
  <attribute name="Current GC Util Change" value="111.000000"/>
  <attribute name="Current Error" value="48.000000" />
  <attribute name="Output H" value="44115928"/>
  <attribute name="Output I" value="2096"/>
  <attribute name="Output T" value="16"/>
  <attribute name= "Current Time Running" value="71168" />
  <attribute name="GC Util currently" value="111" />
  <attribute name="CPU Util currently" value="1639698917587" />
<exclusive-end id="376" timestamp="2019-08-08T19:53:50.296" durationms="11.446" />

<exclusive-start id="377" timestamp="2019-08-08T19:53:51.517" intervalms="1231.943">
  <response-info timems="0.018" idlems="0.018" threads="0" lastid="0000000001F80F00" lastname="main" />
</exclusive-start>
<allocation-taxation id="378" taxation-threshold="8388608" timestamp="2019-08-08T19:53:51.517" intervalms="1231.942" />
<gc-start id="379" type="global mark phase" contextid="357" timestamp="2019-08-08T19:53:51.517">
  <mem-info id="380" free="16777216" total="44040192" percent="38">
    <remembered-set count="11168" freebytes="1715968" totalbytes="1760640" percent="97" regionsoverflowed="0" regionsstable="0" regionsrebuilding="0"/>
  </mem-info>
</gc-start>
<gc-op id="381" type="mark increment" timems="9.926" contextid="357" timestamp="2019-08-08T19:53:51.527">
  <trace-info objectcount="27518" scancount="22211" scanbytes="751220" />
  <cardclean-info objects="1794" bytes="88656" />
  <finalization candidates="65" enqueued="0" />
  <ownableSynchronizers candidates="17" cleared="0" />
  <references type="soft" candidates="630" cleared="0" enqueued="0" dynamicThreshold="18" maxThreshold="32" />
  <references type="weak" candidates="2526" cleared="554" enqueued="432" />
  <references type="phantom" candidates="115" cleared="21" enqueued="21" />
  <stringconstants candidates="6856" cleared="1397"  />
</gc-op>
<gc-op id="382" type="classunload" timems="4.210" contextid="357" timestamp="2019-08-08T19:53:51.531">
  <classunload-info classloadercandidates="11" classloadersunloaded="1" classesunloaded="508" anonymousclassesunloaded="0" quiescems="0.000" setupms="1.179" scanms="3.017" postms="0.013" />
</gc-op>
<gc-end id="383" type="global mark phase" contextid="357" durationms="14.279" usertimems="23.547" systemtimems="0.000" timestamp="2019-08-08T19:53:51.531" activeThreads="16">
  <mem-info id="384" free="16777216" total="44040192" percent="38">
    <pending-finalizers system="0" default="0" reference="453" classloader="0" />
    <remembered-set count="11168" freebytes="1715968" totalbytes="1760640" percent="97" regionsoverflowed="0" regionsstable="0" regionsrebuilding="0"/>
  </mem-info>
</gc-end>
<cycle-end id="385" type="global mark phase" contextid="357" timestamp="2019-08-08T19:53:51.532" />
  <attribute name="elasticGC enabled" value="1" />
  <attribute name= "numThreadsSpecified" value="16" />
  <attribute name="heapSize specified" value="0" />
  <attribute name="Current GC Util" value="149" />
  <attribute name= "Current Time Running" value="72404" />
  <attribute name ="GC Interval" value="0" />
  <attribute name="Target GC Util Change" value ="80.000000" />
  <attribute name="Current GC Util Change" value="149.000000"/>
  <attribute name="Current Error" value="8.000000" />
  <attribute name="Output H" value="44115888"/>
  <attribute name="Output I" value="2024"/>
  <attribute name="Output T" value="16"/>
  <attribute name= "Current Time Running" value="72404" />
  <attribute name="GC Util currently" value="149" />
  <attribute name="CPU Util currently" value="302943508038" />
<exclusive-end id="386" timestamp="2019-08-08T19:53:51.532" durationms="15.043" />

<exclusive-start id="387" timestamp="2019-08-08T19:53:51.731" intervalms="214.137">
  <response-info timems="0.018" idlems="0.018" threads="0" lastid="0000000001F80F00" lastname="main" />
</exclusive-start>
<allocation-taxation id="388" taxation-threshold="8388608" timestamp="2019-08-08T19:53:51.731" intervalms="214.137" />
<cycle-start id="389" type="partial gc" contextid="0" timestamp="2019-08-08T19:53:51.731" intervalms="1446.107" />
<gc-start id="390" type="partial gc" contextid="389" timestamp="2019-08-08T19:53:51.732">
  <mem-info id="391" free="8388608" total="44040192" percent="19">
    <mem type="eden" free="0" total="16777216" percent="0" />
    <remembered-set count="11168" freebytes="1715968" totalbytes="1760640" percent="97" regionsoverflowed="0" regionsstable="0" regionsrebuilding="0"/>
  </mem-info>
</gc-start>
<allocation-stats totalBytes="16743552" >
  <allocated-bytes non-tlh="1711920" tlh="15031632" arrayletleaf="0"/>
  <largest-consumer threadName="main" threadId="0000000001F80F00" bytes="8307840" />
</allocation-stats>
<gc-op id="392" type="sweep" timems="1.876" contextid="389" timestamp="2019-08-08T19:53:51.734" />
<gc-op id="393" type="copy forward" timems="13.085" contextid="389" timestamp="2019-08-08T19:53:51.748">
  <memory-copied type="eden" objects="18468" bytes="1597016" bytesdiscarded="122458" />
  <memory-copied type="other" objects="26820" bytes="1684704" bytesdiscarded="202478" />
  <memory-cardclean objects="794" bytes="40664" />
  <regions eden="4" other="5" />
  <remembered-set-cleared processed="3032" cleared="958" durationms="0.092" />
  <finalization candidates="67" enqueued="0" />
  <ownableSynchronizers candidates="21" cleared="0" />
  <references type="soft" candidates="960" cleared="0" enqueued="0" dynamicThreshold="12" maxThreshold="32" />
  <references type="weak" candidates="3332" cleared="0" enqueued="0" />
  <references type="phantom" candidates="47" cleared="0" enqueued="0" />
  <stringconstants candidates="6912" cleared="0"  />
</gc-op>
<gc-op id="394" type="classunload" timems="0.006" contextid="389" timestamp="2019-08-08T19:53:51.748">
  <classunload-info classloadercandidates="11" classloadersunloaded="0" classesunloaded="0" anonymousclassesunloaded="0" quiescems="0.000" setupms="0.005" scanms="0.000" postms="0.000" />
</gc-op>
<heap-resize id="395" type="contract" space="default" amount="4194304" count="1" timems="0.268" reason="insufficient time being spent in gc" timestamp="2019-08-08T19:53:51.748" />
<gc-end id="396" type="partial gc" contextid="389" durationms="16.537" usertimems="43.066" systemtimems="0.000" timestamp="2019-08-08T19:53:51.748" activeThreads="16">
  <mem-info id="397" free="23068672" total="39845888" percent="57">
    <mem type="eden" free="1885288" total="4194304" percent="44" />
    <remembered-set count="11584" freebytes="1714304" totalbytes="1760640" percent="97" regionsoverflowed="0" regionsstable="0" regionsrebuilding="0"/>
  </mem-info>
</gc-end>
<cycle-end id="398" type="partial gc" contextid="389" timestamp="2019-08-08T19:53:51.748" />
  <attribute name="elasticGC enabled" value="1" />
  <attribute name= "numThreadsSpecified" value="16" />
  <attribute name="heapSize specified" value="0" />
  <attribute name="Current GC Util" value="169" />
  <attribute name= "Current Time Running" value="72616" />
  <attribute name ="GC Interval" value="0" />
  <attribute name="Target GC Util Change" value ="80.000000" />
  <attribute name="Current GC Util Change" value="169.000000"/>
  <attribute name="Current Error" value="-154.000000" />
  <attribute name="Output H" value="44115696"/>
  <attribute name="Output I" value="1736"/>
  <attribute name="Output T" value="16"/>
  <attribute name= "Current Time Running" value="72616" />
  <attribute name="GC Util currently" value="169" />
  <attribute name="CPU Util currently" value="1776918369624" />
<exclusive-end id="399" timestamp="2019-08-08T19:53:51.748" durationms="17.152" />

<exclusive-start id="400" timestamp="2019-08-08T19:53:51.892" intervalms="161.229">
  <response-info timems="0.017" idlems="0.017" threads="0" lastid="0000000001F80F00" lastname="main" />
</exclusive-start>
<allocation-taxation id="401" taxation-threshold="8388608" timestamp="2019-08-08T19:53:51.892" intervalms="161.224" />
<cycle-start id="402" type="global mark phase" contextid="0" timestamp="2019-08-08T19:53:51.892" intervalms="1810.819" />
<gc-start id="403" type="global mark phase" contextid="402" timestamp="2019-08-08T19:53:51.892">
  <mem-info id="404" free="14680064" total="39845888" percent="36">
    <remembered-set count="11264" freebytes="1715584" totalbytes="1760640" percent="97" regionsoverflowed="0" regionsstable="0" regionsrebuilding="0"/>
  </mem-info>
</gc-start>
<gc-op id="405" type="mark increment" timems="2.623" contextid="402" timestamp="2019-08-08T19:53:51.895">
  <trace-info objectcount="196" scancount="0" scanbytes="0" />
</gc-op>
<gc-end id="406" type="global mark phase" contextid="402" durationms="2.659" usertimems="5.804" systemtimems="0.000" timestamp="2019-08-08T19:53:51.895" activeThreads="16">
  <mem-info id="407" free="14680064" total="39845888" percent="36">
    <remembered-set count="11264" freebytes="1715584" totalbytes="1760640" percent="97" regionsoverflowed="0" regionsstable="0" regionsrebuilding="0"/>
  </mem-info>
</gc-end>
<concurrent-start id="408" type="GMP work packet processing" contextid="402" timestamp="2019-08-08T19:53:51.895">
  <concurrent-mark-start scanTarget="6270997" />
</concurrent-start>
<exclusive-end id="409" timestamp="2019-08-08T19:53:51.895" durationms="2.852" />

<concurrent-end id="410" type="GMP work packet processing" contextid="402" timestamp="2019-08-08T19:53:51.898">
  <concurrent-mark-end bytesScanned="2024772" reasonForTermination="Completed all work in GC phase" />
</concurrent-end>

<exclusive-start id="411" timestamp="2019-08-08T19:53:52.012" intervalms="119.808">
  <response-info timems="0.014" idlems="0.014" threads="0" lastid="0000000001F80F00" lastname="main" />
</exclusive-start>
<allocation-taxation id="412" taxation-threshold="8388608" timestamp="2019-08-08T19:53:52.012" intervalms="119.809" />
<cycle-start id="413" type="partial gc" contextid="0" timestamp="2019-08-08T19:53:52.012" intervalms="281.001" />
<gc-start id="414" type="partial gc" contextid="413" timestamp="2019-08-08T19:53:52.012">
  <mem-info id="415" free="6291456" total="39845888" percent="15">
    <mem type="eden" free="0" total="16777216" percent="0" />
    <remembered-set count="11264" freebytes="1715584" totalbytes="1760640" percent="97" regionsoverflowed="0" regionsstable="0" regionsrebuilding="0"/>
  </mem-info>
</gc-start>
<allocation-stats totalBytes="16695944" >
  <allocated-bytes non-tlh="338992" tlh="16356952" arrayletleaf="0"/>
  <largest-consumer threadName="main" threadId="0000000001F80F00" bytes="8314944" />
</allocation-stats>
<gc-op id="416" type="copy forward" timems="15.993" contextid="413" timestamp="2019-08-08T19:53:52.029">
  <memory-copied type="eden" objects="6313" bytes="605976" bytesdiscarded="56832" />
  <memory-copied type="other" objects="28292" bytes="1760072" bytesdiscarded="202752" />
  <memory-cardclean objects="1742" bytes="90472" />
  <regions eden="8" other="4" />
  <remembered-set-cleared processed="1943" cleared="1471" durationms="0.136" />
  <finalization candidates="18" enqueued="0" />
  <ownableSynchronizers candidates="4" cleared="0" />
  <references type="soft" candidates="988" cleared="0" enqueued="0" dynamicThreshold="11" maxThreshold="32" />
  <references type="weak" candidates="3237" cleared="0" enqueued="0" />
  <references type="phantom" candidates="13" cleared="0" enqueued="0" />
  <stringconstants candidates="7814" cleared="0"  />
</gc-op>
<gc-op id="417" type="classunload" timems="0.006" contextid="413" timestamp="2019-08-08T19:53:52.030">
  <classunload-info classloadercandidates="12" classloadersunloaded="0" classesunloaded="0" anonymousclassesunloaded="0" quiescems="0.000" setupms="0.006" scanms="0.000" postms="0.000" />
</gc-op>
<heap-resize id="418" type="contract" space="default" amount="2097152" count="1" timems="0.148" reason="excess free space following gc" timestamp="2019-08-08T19:53:52.030" />
<gc-end id="419" type="partial gc" contextid="413" durationms="17.319" usertimems="54.518" systemtimems="0.000" timestamp="2019-08-08T19:53:52.030" activeThreads="16">
  <mem-info id="420" free="23068672" total="37748736" percent="61">
    <mem type="eden" free="1433512" total="2097152" percent="68" />
    <remembered-set count="10080" freebytes="1552640" totalbytes="1592960" percent="97" regionsoverflowed="0" regionsstable="0" regionsrebuilding="0"/>
  </mem-info>
</gc-end>
<cycle-end id="421" type="partial gc" contextid="413" timestamp="2019-08-08T19:53:52.030" />
  <attribute name="elasticGC enabled" value="1" />
  <attribute name= "numThreadsSpecified" value="16" />
  <attribute name="heapSize specified" value="0" />
  <attribute name="Current GC Util" value="133" />
  <attribute name= "Current Time Running" value="72895" />
  <attribute name ="GC Interval" value="0" />
  <attribute name="Target GC Util Change" value ="80.000000" />
  <attribute name="Current GC Util Change" value="133.000000"/>
  <attribute name="Current Error" value="-53.000000" />
  <attribute name="Output H" value="39921512"/>
  <attribute name="Output I" value="1920"/>
  <attribute name="Output T" value="16"/>
  <attribute name= "Current Time Running" value="72895" />
  <attribute name="GC Util currently" value="133" />
  <attribute name="CPU Util currently" value="1552898446235" />
<exclusive-end id="422" timestamp="2019-08-08T19:53:52.030" durationms="17.855" />

<exclusive-start id="423" timestamp="2019-08-08T19:53:52.131" intervalms="118.412">
  <response-info timems="0.021" idlems="0.021" threads="0" lastid="0000000001F80F00" lastname="main" />
</exclusive-start>
<allocation-taxation id="424" taxation-threshold="8388608" timestamp="2019-08-08T19:53:52.131" intervalms="118.418" />
<gc-start id="425" type="global mark phase" contextid="402" timestamp="2019-08-08T19:53:52.131">
  <mem-info id="426" free="14680064" total="37748736" percent="38">
    <remembered-set count="9760" freebytes="1553920" totalbytes="1592960" percent="97" regionsoverflowed="0" regionsstable="0" regionsrebuilding="0"/>
  </mem-info>
</gc-start>
<gc-op id="427" type="mark increment" timems="8.828" contextid="402" timestamp="2019-08-08T19:53:52.140">
  <trace-info objectcount="18610" scancount="16600" scanbytes="699272" />
  <cardclean-info objects="6701" bytes="282328" />
  <finalization candidates="80" enqueued="0" />
  <ownableSynchronizers candidates="21" cleared="0" />
  <references type="soft" candidates="1096" cleared="0" enqueued="0" dynamicThreshold="19" maxThreshold="32" />
  <references type="weak" candidates="4328" cleared="464" enqueued="316" />
  <references type="phantom" candidates="98" cleared="3" enqueued="3" />
  <stringconstants candidates="7880" cleared="0"  />
</gc-op>
<gc-op id="428" type="classunload" timems="0.006" contextid="402" timestamp="2019-08-08T19:53:52.140">
  <classunload-info classloadercandidates="12" classloadersunloaded="0" classesunloaded="0" anonymousclassesunloaded="0" quiescems="0.000" setupms="0.006" scanms="0.000" postms="0.000" />
</gc-op>
<gc-end id="429" type="global mark phase" contextid="402" durationms="8.961" usertimems="19.328" systemtimems="0.000" timestamp="2019-08-08T19:53:52.140" activeThreads="16">
  <mem-info id="430" free="14680064" total="37748736" percent="38">
    <pending-finalizers system="0" default="0" reference="319" classloader="0" />
    <remembered-set count="9760" freebytes="1553920" totalbytes="1592960" percent="97" regionsoverflowed="0" regionsstable="0" regionsrebuilding="0"/>
  </mem-info>
</gc-end>
<cycle-end id="431" type="global mark phase" contextid="402" timestamp="2019-08-08T19:53:52.140" />
  <attribute name="elasticGC enabled" value="1" />
  <attribute name= "numThreadsSpecified" value="16" />
  <attribute name="heapSize specified" value="0" />
  <attribute name="Current GC Util" value="209" />
  <attribute name= "Current Time Running" value="73016" />
  <attribute name ="GC Interval" value="0" />
  <attribute name="Target GC Util Change" value ="80.000000" />
  <attribute name="Current GC Util Change" value="209.000000"/>
  <attribute name="Current Error" value="-200.000000" />
  <attribute name="Output H" value="37824192"/>
  <attribute name="Output I" value="1656"/>
  <attribute name="Output T" value="16"/>
  <attribute name= "Current Time Running" value="73016" />
  <attribute name="GC Util currently" value="209" />
  <attribute name="CPU Util currently" value="652736612675" />
<exclusive-end id="432" timestamp="2019-08-08T19:53:52.140" durationms="9.269" />

<exclusive-start id="433" timestamp="2019-08-08T19:53:52.247" intervalms="116.260">
  <response-info timems="0.017" idlems="0.017" threads="0" lastid="0000000001F80F00" lastname="main" />
</exclusive-start>
<allocation-taxation id="434" taxation-threshold="8388608" timestamp="2019-08-08T19:53:52.247" intervalms="116.266" />
<cycle-start id="435" type="partial gc" contextid="0" timestamp="2019-08-08T19:53:52.247" intervalms="234.657" />
<gc-start id="436" type="partial gc" contextid="435" timestamp="2019-08-08T19:53:52.247">
  <mem-info id="437" free="6291456" total="37748736" percent="16">
    <mem type="eden" free="0" total="16777216" percent="0" />
    <remembered-set count="9760" freebytes="1553920" totalbytes="1592960" percent="97" regionsoverflowed="0" regionsstable="0" regionsrebuilding="0"/>
  </mem-info>
</gc-start>
<allocation-stats totalBytes="16772528" >
  <allocated-bytes non-tlh="268904" tlh="16503624" arrayletleaf="0"/>
  <largest-consumer threadName="main" threadId="0000000001F80F00" bytes="8374264" />
</allocation-stats>
<gc-op id="438" type="sweep" timems="2.064" contextid="435" timestamp="2019-08-08T19:53:52.249" />
<gc-op id="439" type="copy forward" timems="12.325" contextid="435" timestamp="2019-08-08T19:53:52.263">
  <memory-copied type="eden" objects="13481" bytes="868136" bytesdiscarded="94724" />
  <memory-copied type="other" objects="6737" bytes="292944" bytesdiscarded="42380" />
  <memory-cardclean objects="3710" bytes="168664" />
  <regions eden="4" other="5" />
  <remembered-set-cleared processed="3709" cleared="926" durationms="0.077" />
  <references type="soft" candidates="297" cleared="0" enqueued="0" dynamicThreshold="12" maxThreshold="32" />
  <references type="weak" candidates="1364" cleared="0" enqueued="0" />
  <references type="phantom" candidates="1" cleared="0" enqueued="0" />
  <stringconstants candidates="8320" cleared="0"  />
</gc-op>
<gc-op id="440" type="classunload" timems="0.006" contextid="435" timestamp="2019-08-08T19:53:52.263">
  <classunload-info classloadercandidates="14" classloadersunloaded="0" classesunloaded="0" anonymousclassesunloaded="0" quiescems="0.000" setupms="0.005" scanms="0.000" postms="0.000" />
</gc-op>
<gc-end id="441" type="partial gc" contextid="435" durationms="15.669" usertimems="44.808" systemtimems="0.000" timestamp="2019-08-08T19:53:52.263" activeThreads="16">
  <mem-info id="442" free="20971520" total="37748736" percent="55">
    <mem type="eden" free="1110424" total="2097152" percent="52" />
    <remembered-set count="11200" freebytes="1464320" totalbytes="1509120" percent="97" regionsoverflowed="0" regionsstable="0" regionsrebuilding="0"/>
  </mem-info>
</gc-end>
<cycle-end id="443" type="partial gc" contextid="435" timestamp="2019-08-08T19:53:52.263" />
  <attribute name="elasticGC enabled" value="1" />
  <attribute name= "numThreadsSpecified" value="16" />
  <attribute name="heapSize specified" value="0" />
  <attribute name="Current GC Util" value="125" />
  <attribute name= "Current Time Running" value="73132" />
  <attribute name ="GC Interval" value="0" />
  <attribute name="Target GC Util Change" value ="80.000000" />
  <attribute name="Current GC Util Change" value="125.000000"/>
  <attribute name="Current Error" value="-45.000000" />
  <attribute name="Output H" value="37824368"/>
  <attribute name="Output I" value="1928"/>
  <attribute name="Output T" value="16"/>
  <attribute name= "Current Time Running" value="73132" />
  <attribute name="GC Util currently" value="125" />
  <attribute name="CPU Util currently" value="1620885824160" />
<exclusive-end id="444" timestamp="2019-08-08T19:53:52.263" durationms="16.178" />

<exclusive-start id="445" timestamp="2019-08-08T19:53:52.338" intervalms="91.326">
  <response-info timems="0.042" idlems="0.042" threads="0" lastid="0000000001F80F00" lastname="main" />
</exclusive-start>
<allocation-taxation id="446" taxation-threshold="8388608" timestamp="2019-08-08T19:53:52.338" intervalms="91.311" />
<cycle-start id="447" type="global mark phase" contextid="0" timestamp="2019-08-08T19:53:52.338" intervalms="445.835" />
<gc-start id="448" type="global mark phase" contextid="447" timestamp="2019-08-08T19:53:52.338">
  <mem-info id="449" free="12582912" total="37748736" percent="33">
    <remembered-set count="11136" freebytes="1464576" totalbytes="1509120" percent="97" regionsoverflowed="0" regionsstable="0" regionsrebuilding="0"/>
  </mem-info>
</gc-start>
<gc-op id="450" type="mark increment" timems="3.388" contextid="447" timestamp="2019-08-08T19:53:52.342">
  <trace-info objectcount="176" scancount="0" scanbytes="0" />
</gc-op>
<gc-end id="451" type="global mark phase" contextid="447" durationms="3.421" usertimems="8.639" systemtimems="0.000" timestamp="2019-08-08T19:53:52.342" activeThreads="16">
  <mem-info id="452" free="12582912" total="37748736" percent="33">
    <remembered-set count="11136" freebytes="1464576" totalbytes="1509120" percent="97" regionsoverflowed="0" regionsstable="0" regionsrebuilding="0"/>
  </mem-info>
</gc-end>
<concurrent-start id="453" type="GMP work packet processing" contextid="447" timestamp="2019-08-08T19:53:52.342">
  <concurrent-mark-start scanTarget="11316111" />
</concurrent-start>
<exclusive-end id="454" timestamp="2019-08-08T19:53:52.342" durationms="3.688" />

<concurrent-end id="455" type="GMP work packet processing" contextid="447" timestamp="2019-08-08T19:53:52.345">
  <concurrent-mark-end bytesScanned="2104632" reasonForTermination="Completed all work in GC phase" />
</concurrent-end>

<exclusive-start id="456" timestamp="2019-08-08T19:53:52.357" intervalms="19.220">
  <response-info timems="0.042" idlems="0.042" threads="0" lastid="0000000001F80F00" lastname="main" />
</exclusive-start>
<sys-start reason="explicit" id="457" timestamp="2019-08-08T19:53:52.357" intervalms="72966.124" />
<cycle-continue id="458" oldtype="global mark phase" newtype="global garbage collect" contextid="447" timestamp="2019-08-08T19:53:52.357" />
  <attribute name="elasticGC enabled" value="1" />
  <attribute name= "numThreadsSpecified" value="16" />
  <attribute name="heapSize specified" value="0" />
  <attribute name="Current GC Util" value="275" />
  <attribute name= "Current Time Running" value="73223" />
  <attribute name ="GC Interval" value="0" />
  <attribute name="Target GC Util Change" value ="80.000000" />
  <attribute name="Current GC Util Change" value="275.000000"/>
  <attribute name="Current Error" value="-509.000000" />
  <attribute name="Output H" value="37823832"/>
  <attribute name="Output I" value="1104"/>
  <attribute name="Output T" value="16"/>
  <attribute name= "Current Time Running" value="73223" />
  <attribute name="GC Util currently" value="275" />
  <attribute name="CPU Util currently" value="834485864847" />
<gc-start id="459" type="global garbage collect" contextid="447" timestamp="2019-08-08T19:53:52.358">
  <mem-info id="460" free="11853512" total="37748736" percent="31">
    <mem type="eden" free="1367752" total="10485760" percent="13" />
    <remembered-set count="11136" freebytes="1464576" totalbytes="1509120" percent="97" regionsoverflowed="0" regionsstable="0" regionsrebuilding="0"/>
  </mem-info>
</gc-start>
<allocation-stats totalBytes="9114856" >
  <allocated-bytes non-tlh="433728" tlh="8681128" arrayletleaf="0"/>
  <largest-consumer threadName="main" threadId="0000000001F80F00" bytes="728776" />
</allocation-stats>
<gc-op id="461" type="global mark" timems="8.452" contextid="447" timestamp="2019-08-08T19:53:52.366">
  <trace-info objectcount="780" scancount="680" scanbytes="21892" />
  <cardclean-info objects="6425" bytes="257176" />
  <finalization candidates="80" enqueued="0" />
  <ownableSynchronizers candidates="21" cleared="0" />
  <references type="soft" candidates="1641" cleared="0" enqueued="0" dynamicThreshold="10" maxThreshold="32" />
  <references type="weak" candidates="4518" cleared="30" enqueued="27" />
  <references type="phantom" candidates="94" cleared="0" enqueued="0" />
  <stringconstants candidates="8698" cleared="15"  />
</gc-op>
<gc-op id="462" type="classunload" timems="0.412" contextid="447" timestamp="2019-08-08T19:53:52.367">
  <classunload-info classloadercandidates="17" classloadersunloaded="1" classesunloaded="1" anonymousclassesunloaded="0" quiescems="0.000" setupms="0.397" scanms="0.010" postms="0.005" />
</gc-op>
<gc-op id="463" type="sweep" timems="1.969" contextid="447" timestamp="2019-08-08T19:53:52.369" />
<gc-op id="464" type="compact" timems="10.273" contextid="447" timestamp="2019-08-08T19:53:52.379">
  <compact-info movecount="75728" movebytes="4333152" />
  <remembered-set-cleared processed="9351" cleared="9351" durationms="0.099" />
</gc-op>
<gc-end id="465" type="global garbage collect" contextid="447" durationms="21.818" usertimems="56.469" systemtimems="0.000" timestamp="2019-08-08T19:53:52.379" activeThreads="16">
  <mem-info id="466" free="18874368" total="37748736" percent="50">
    <pending-finalizers system="0" default="0" reference="27" classloader="0" />
    <remembered-set count="10240" freebytes="1468160" totalbytes="1509120" percent="97" regionsoverflowed="0" regionsstable="0" regionsrebuilding="0"/>
  </mem-info>
</gc-end>
<cycle-end id="467" type="global garbage collect" contextid="447" timestamp="2019-08-08T19:53:52.380" />
  <attribute name="elasticGC enabled" value="1" />
  <attribute name= "numThreadsSpecified" value="16" />
  <attribute name="heapSize specified" value="0" />
  <attribute name="Current GC Util" value="158" />
  <attribute name= "Current Time Running" value="73251" />
  <attribute name ="GC Interval" value="0" />
  <attribute name="Target GC Util Change" value ="80.000000" />
  <attribute name="Current GC Util Change" value="158.000000"/>
  <attribute name="Current Error" value="-389.000000" />
  <attribute name="Output H" value="37823968"/>
  <attribute name="Output I" value="1320"/>
  <attribute name="Output T" value="16"/>
  <attribute name= "Current Time Running" value="73251" />
  <attribute name="GC Util currently" value="158" />
  <attribute name="CPU Util currently" value="537570732110" />
<sys-end id="468" timestamp="2019-08-08T19:53:52.380" />
<exclusive-end id="469" timestamp="2019-08-08T19:53:52.380" durationms="22.329" />

===== DaCapo 9.12-MR1 jython starting =====
<exclusive-start id="470" timestamp="2019-08-08T19:53:52.612" intervalms="254.514">
  <response-info timems="0.016" idlems="0.016" threads="0" lastid="0000000001F80F00" lastname="main" />
</exclusive-start>
<allocation-taxation id="471" taxation-threshold="16777216" timestamp="2019-08-08T19:53:52.612" intervalms="273.734" />
<cycle-start id="472" type="partial gc" contextid="0" timestamp="2019-08-08T19:53:52.612" intervalms="365.075" />
<gc-start id="473" type="partial gc" contextid="472" timestamp="2019-08-08T19:53:52.612">
  <mem-info id="474" free="2097152" total="37748736" percent="5">
    <mem type="eden" free="0" total="16777216" percent="0" />
    <remembered-set count="10016" freebytes="1469056" totalbytes="1509120" percent="97" regionsoverflowed="0" regionsstable="0" regionsrebuilding="0"/>
  </mem-info>
</gc-start>
<allocation-stats totalBytes="16771816" >
  <allocated-bytes non-tlh="669080" tlh="16102736" arrayletleaf="0"/>
  <largest-consumer threadName="main" threadId="0000000001F80F00" bytes="16763568" />
</allocation-stats>
<gc-op id="475" type="copy forward" timems="12.817" contextid="472" timestamp="2019-08-08T19:53:52.626">
  <memory-copied type="eden" objects="12706" bytes="790952" bytesdiscarded="78408" />
  <memory-copied type="other" objects="0" bytes="0" bytesdiscarded="0" />
  <memory-cardclean objects="941" bytes="46928" />
  <regions eden="8" other="0" />
  <remembered-set-cleared processed="5996" cleared="219" durationms="0.095" />
  <references type="soft" candidates="59" cleared="0" enqueued="0" dynamicThreshold="16" maxThreshold="32" />
  <references type="weak" candidates="129" cleared="0" enqueued="0" />
  <references type="phantom" candidates="5" cleared="0" enqueued="0" />
  <stringconstants candidates="10904" cleared="0"  />
</gc-op>
<gc-op id="476" type="classunload" timems="0.007" contextid="472" timestamp="2019-08-08T19:53:52.626">
  <classunload-info classloadercandidates="17" classloadersunloaded="0" classesunloaded="0" anonymousclassesunloaded="0" quiescems="0.000" setupms="0.006" scanms="0.000" postms="0.000" />
</gc-op>
<gc-end id="477" type="partial gc" contextid="472" durationms="13.949" usertimems="35.731" systemtimems="0.000" timestamp="2019-08-08T19:53:52.626" activeThreads="16">
  <mem-info id="478" free="16777216" total="37748736" percent="44">
    <mem type="eden" free="1227472" total="2097152" percent="58" />
    <remembered-set count="12768" freebytes="1458048" totalbytes="1509120" percent="96" regionsoverflowed="0" regionsstable="0" regionsrebuilding="0"/>
  </mem-info>
</gc-end>
<cycle-end id="479" type="partial gc" contextid="472" timestamp="2019-08-08T19:53:52.626" />
  <attribute name="elasticGC enabled" value="1" />
  <attribute name= "numThreadsSpecified" value="16" />
  <attribute name="heapSize specified" value="0" />
  <attribute name="Current GC Util" value="232" />
  <attribute name= "Current Time Running" value="73495" />
  <attribute name ="GC Interval" value="0" />
  <attribute name="Target GC Util Change" value ="80.000000" />
  <attribute name="Current GC Util Change" value="232.000000"/>
  <attribute name="Current Error" value="-473.000000" />
  <attribute name="Output H" value="37823872"/>
  <attribute name="Output I" value="1168"/>
  <attribute name="Output T" value="16"/>
  <attribute name= "Current Time Running" value="73495" />
  <attribute name="GC Util currently" value="232" />
  <attribute name="CPU Util currently" value="1566946323402" />
<exclusive-end id="480" timestamp="2019-08-08T19:53:52.626" durationms="14.513" />

<exclusive-start id="481" timestamp="2019-08-08T19:53:52.740" intervalms="127.938">
  <response-info timems="0.022" idlems="0.022" threads="0" lastid="0000000001F80F00" lastname="main" />
</exclusive-start>
<allocation-taxation id="482" taxation-threshold="16777216" timestamp="2019-08-08T19:53:52.740" intervalms="127.945" />
<cycle-start id="483" type="partial gc" contextid="0" timestamp="2019-08-08T19:53:52.740" intervalms="127.927" />
<gc-start id="484" type="partial gc" contextid="483" timestamp="2019-08-08T19:53:52.740">
  <mem-info id="485" free="0" total="37748736" percent="0">
    <mem type="eden" free="0" total="16777216" percent="0" />
    <remembered-set count="12416" freebytes="1459456" totalbytes="1509120" percent="96" regionsoverflowed="0" regionsstable="0" regionsrebuilding="0"/>
  </mem-info>
</gc-start>
<allocation-stats totalBytes="16774472" >
  <allocated-bytes non-tlh="702920" tlh="16071552" arrayletleaf="0"/>
  <largest-consumer threadName="main" threadId="0000000001F80F00" bytes="16774472" />
</allocation-stats>
<gc-op id="486" type="mark" timems="10.097" contextid="483" timestamp="2019-08-08T19:53:52.751">
  <trace-info objectcount="21935" scancount="17100" scanbytes="635464" />
  <cardclean-info objects="665" bytes="48124" />
  <remembered-set-cleared processed="6531" cleared="774" durationms="0.230" />
  <references type="soft" candidates="92" cleared="0" enqueued="0" dynamicThreshold="14" maxThreshold="32" />
  <references type="weak" candidates="157" cleared="23" enqueued="20" />
  <references type="phantom" candidates="5" cleared="1" enqueued="1" />
  <stringconstants candidates="11076" cleared="0"  />
  <warning details="Mark invoked due to insufficient free space for Copy-Forward" />
</gc-op>
<gc-op id="487" type="classunload" timems="0.006" contextid="483" timestamp="2019-08-08T19:53:52.751">
  <classunload-info classloadercandidates="19" classloadersunloaded="0" classesunloaded="0" anonymousclassesunloaded="0" quiescems="0.000" setupms="0.006" scanms="0.000" postms="0.000" />
</gc-op>
<gc-op id="488" type="sweep" timems="2.105" contextid="483" timestamp="2019-08-08T19:53:52.754" />
<gc-op id="489" type="compact" timems="5.533" contextid="483" timestamp="2019-08-08T19:53:52.759">
  <compact-info movecount="21934" movebytes="1525072" />
  <remembered-set-cleared processed="14640" cleared="3104" durationms="0.230" />
</gc-op>
<gc-end id="490" type="partial gc" contextid="483" durationms="19.385" usertimems="50.292" systemtimems="0.000" timestamp="2019-08-08T19:53:52.760" activeThreads="16">
  <mem-info id="491" free="14680064" total="37748736" percent="38">
    <mem type="eden" free="1324784" total="2097152" percent="63" />
    <pending-finalizers system="0" default="0" reference="21" classloader="0" />
    <remembered-set count="12640" freebytes="1458560" totalbytes="1509120" percent="96" regionsoverflowed="0" regionsstable="0" regionsrebuilding="0"/>
  </mem-info>
</gc-end>
<cycle-end id="492" type="partial gc" contextid="483" timestamp="2019-08-08T19:53:52.760" />
  <attribute name="elasticGC enabled" value="1" />
  <attribute name= "numThreadsSpecified" value="16" />
  <attribute name="heapSize specified" value="0" />
  <attribute name="Current GC Util" value="165" />
  <attribute name= "Current Time Running" value="73635" />
  <attribute name ="GC Interval" value="0" />
  <attribute name="Target GC Util Change" value ="80.000000" />
  <attribute name="Current GC Util Change" value="165.000000"/>
  <attribute name="Current Error" value="-477.000000" />
  <attribute name="Output H" value="37823872"/>
  <attribute name="Output I" value="1160"/>
  <attribute name="Output T" value="16"/>
  <attribute name= "Current Time Running" value="73635" />
  <attribute name="GC Util currently" value="165" />
  <attribute name="CPU Util currently" value="513233008354" />
<exclusive-end id="493" timestamp="2019-08-08T19:53:52.760" durationms="19.899" />

<exclusive-start id="494" timestamp="2019-08-08T19:53:52.773" intervalms="33.392">
  <response-info timems="0.039" idlems="0.039" threads="0" lastid="0000000001F80F00" lastname="main" />
</exclusive-start>
<allocation-taxation id="495" taxation-threshold="6291456" timestamp="2019-08-08T19:53:52.773" intervalms="33.394" />
<cycle-start id="496" type="global mark phase" contextid="0" timestamp="2019-08-08T19:53:52.773" intervalms="435.038" />
<gc-start id="497" type="global mark phase" contextid="496" timestamp="2019-08-08T19:53:52.773">
  <mem-info id="498" free="8388608" total="37748736" percent="22">
    <remembered-set count="12352" freebytes="1459712" totalbytes="1509120" percent="96" regionsoverflowed="0" regionsstable="0" regionsrebuilding="0"/>
  </mem-info>
</gc-start>
<gc-op id="499" type="mark increment" timems="2.157" contextid="496" timestamp="2019-08-08T19:53:52.775">
  <trace-info objectcount="454" scancount="0" scanbytes="0" />
</gc-op>
<gc-end id="500" type="global mark phase" contextid="496" durationms="2.192" usertimems="5.131" systemtimems="0.000" timestamp="2019-08-08T19:53:52.776" activeThreads="16">
  <mem-info id="501" free="8388608" total="37748736" percent="22">
    <remembered-set count="12352" freebytes="1459712" totalbytes="1509120" percent="96" regionsoverflowed="0" regionsstable="0" regionsrebuilding="0"/>
  </mem-info>
</gc-end>
<concurrent-start id="502" type="GMP work packet processing" contextid="496" timestamp="2019-08-08T19:53:52.776">
  <concurrent-mark-start scanTarget="18446744073709551615" />
</concurrent-start>
<exclusive-end id="503" timestamp="2019-08-08T19:53:52.776" durationms="2.396" />

<concurrent-end id="504" type="GMP work packet processing" contextid="496" timestamp="2019-08-08T19:53:52.779">
  <concurrent-mark-end bytesScanned="2934052" reasonForTermination="Completed all work in GC phase" />
</concurrent-end>

<exclusive-start id="505" timestamp="2019-08-08T19:53:52.800" intervalms="26.587">
  <response-info timems="0.071" idlems="0.071" threads="0" lastid="0000000001F80F00" lastname="main" />
</exclusive-start>
<allocation-taxation id="506" taxation-threshold="6291456" timestamp="2019-08-08T19:53:52.800" intervalms="26.583" />
<cycle-start id="507" type="partial gc" contextid="0" timestamp="2019-08-08T19:53:52.800" intervalms="59.965" />
<gc-start id="508" type="partial gc" contextid="507" timestamp="2019-08-08T19:53:52.800">
  <mem-info id="509" free="2097152" total="37748736" percent="5">
    <mem type="eden" free="0" total="12582912" percent="0" />
    <remembered-set count="12352" freebytes="1459712" totalbytes="1509120" percent="96" regionsoverflowed="0" regionsstable="0" regionsrebuilding="0"/>
  </mem-info>
</gc-start>
<allocation-stats totalBytes="12581648" >
  <allocated-bytes non-tlh="168" tlh="12581480" arrayletleaf="0"/>
  <largest-consumer threadName="main" threadId="0000000001F80F00" bytes="6290888" />
</allocation-stats>
<gc-op id="510" type="copy forward" timems="14.513" contextid="507" timestamp="2019-08-08T19:53:52.816">
  <memory-copied type="eden" objects="13997" bytes="548968" bytesdiscarded="30688" />
  <memory-copied type="other" objects="3980" bytes="243496" bytesdiscarded="42400" />
  <memory-cardclean objects="259" bytes="27704" />
  <regions eden="6" other="1" />
  <remembered-set-cleared processed="7290" cleared="854" durationms="0.093" />
  <references type="soft" candidates="33" cleared="0" enqueued="0" dynamicThreshold="7" maxThreshold="32" />
  <references type="weak" candidates="24" cleared="0" enqueued="0" />
  <stringconstants candidates="11077" cleared="0"  />
  <heap-resize type="expand" space="default" amount="2097152" count="1" timems="0.058" reason="continue current collection" />
</gc-op>
<gc-op id="511" type="classunload" timems="0.020" contextid="507" timestamp="2019-08-08T19:53:52.816">
  <classunload-info classloadercandidates="19" classloadersunloaded="0" classesunloaded="0" anonymousclassesunloaded="0" quiescems="0.000" setupms="0.020" scanms="0.000" postms="0.000" />
</gc-op>
<heap-resize id="512" type="expand" space="default" amount="4194304" count="1" timems="0.068" reason="insufficient free space following gc" timestamp="2019-08-08T19:53:52.816" />
<gc-end id="513" type="partial gc" contextid="507" durationms="15.933" usertimems="42.502" systemtimems="0.000" timestamp="2019-08-08T19:53:52.816" activeThreads="16">
  <mem-info id="514" free="18874368" total="44040192" percent="42">
    <mem type="eden" free="1517496" total="2097152" percent="72" />
    <remembered-set count="17216" freebytes="1691776" totalbytes="1760640" percent="96" regionsoverflowed="0" regionsstable="0" regionsrebuilding="0"/>
  </mem-info>
</gc-end>
<cycle-end id="515" type="partial gc" contextid="507" timestamp="2019-08-08T19:53:52.816" />
  <attribute name="elasticGC enabled" value="1" />
  <attribute name= "numThreadsSpecified" value="16" />
  <attribute name="heapSize specified" value="0" />
  <attribute name="Current GC Util" value="206" />
  <attribute name= "Current Time Running" value="73683" />
  <attribute name ="GC Interval" value="0" />
  <attribute name="Target GC Util Change" value ="80.000000" />
  <attribute name="Current GC Util Change" value="206.000000"/>
  <attribute name="Current Error" value="-299.000000" />
  <attribute name="Output H" value="37824072"/>
  <attribute name="Output I" value="1480"/>
  <attribute name="Output T" value="16"/>
  <attribute name= "Current Time Running" value="73683" />
  <attribute name="GC Util currently" value="206" />
  <attribute name="CPU Util currently" value="1527967144974" />
<exclusive-end id="516" timestamp="2019-08-08T19:53:52.816" durationms="16.389" />

<exclusive-start id="517" timestamp="2019-08-08T19:53:52.872" intervalms="71.997">
  <response-info timems="0.064" idlems="0.064" threads="0" lastid="0000000001F80F00" lastname="main" />
</exclusive-start>
<allocation-taxation id="518" taxation-threshold="8388608" timestamp="2019-08-08T19:53:52.872" intervalms="71.997" />
<gc-start id="519" type="global mark phase" contextid="496" timestamp="2019-08-08T19:53:52.872">
  <mem-info id="520" free="10485760" total="44040192" percent="23">
    <remembered-set count="16736" freebytes="1693696" totalbytes="1760640" percent="96" regionsoverflowed="0" regionsstable="0" regionsrebuilding="0"/>
  </mem-info>
</gc-start>
<gc-op id="521" type="mark increment" timems="12.579" contextid="496" timestamp="2019-08-08T19:53:52.885">
  <trace-info objectcount="13636" scancount="12337" scanbytes="526980" />
  <cardclean-info objects="2498" bytes="116116" />
  <finalization candidates="80" enqueued="0" />
  <ownableSynchronizers candidates="21" cleared="0" />
  <references type="soft" candidates="1744" cleared="11" enqueued="11" dynamicThreshold="13" maxThreshold="32" />
  <references type="weak" candidates="4830" cleared="0" enqueued="0" />
  <references type="phantom" candidates="98" cleared="1" enqueued="1" />
  <stringconstants candidates="11326" cleared="0"  />
</gc-op>
<gc-op id="522" type="classunload" timems="0.010" contextid="496" timestamp="2019-08-08T19:53:52.885">
  <classunload-info classloadercandidates="21" classloadersunloaded="0" classesunloaded="0" anonymousclassesunloaded="0" quiescems="0.000" setupms="0.010" scanms="0.000" postms="0.000" />
</gc-op>
<gc-end id="523" type="global mark phase" contextid="496" durationms="12.709" usertimems="39.613" systemtimems="0.000" timestamp="2019-08-08T19:53:52.885" activeThreads="16">
  <mem-info id="524" free="10485760" total="44040192" percent="23">
    <pending-finalizers system="0" default="0" reference="12" classloader="0" />
    <remembered-set count="16736" freebytes="1693696" totalbytes="1760640" percent="96" regionsoverflowed="0" regionsstable="0" regionsrebuilding="0"/>
  </mem-info>
</gc-end>
<cycle-end id="525" type="global mark phase" contextid="496" timestamp="2019-08-08T19:53:52.885" />
  <attribute name="elasticGC enabled" value="1" />
  <attribute name= "numThreadsSpecified" value="16" />
  <attribute name="heapSize specified" value="0" />
  <attribute name="Current GC Util" value="166" />
  <attribute name= "Current Time Running" value="73757" />
  <attribute name ="GC Interval" value="0" />
  <attribute name="Target GC Util Change" value ="80.000000" />
  <attribute name="Current GC Util Change" value="166.000000"/>
  <attribute name="Current Error" value="-463.000000" />
  <attribute name="Output H" value="44115344"/>
  <attribute name="Output I" value="1184"/>
  <attribute name="Output T" value="16"/>
  <attribute name= "Current Time Running" value="73757" />
  <attribute name="GC Util currently" value="166" />
  <attribute name="CPU Util currently" value="689663493725" />
<exclusive-end id="526" timestamp="2019-08-08T19:53:52.885" durationms="13.038" />

<exclusive-start id="527" timestamp="2019-08-08T19:53:52.910" intervalms="38.604">
  <response-info timems="0.039" idlems="0.039" threads="0" lastid="0000000001F80F00" lastname="main" />
</exclusive-start>
<allocation-taxation id="528" taxation-threshold="8388608" timestamp="2019-08-08T19:53:52.910" intervalms="38.602" />
<cycle-start id="529" type="partial gc" contextid="0" timestamp="2019-08-08T19:53:52.911" intervalms="110.612" />
<gc-start id="530" type="partial gc" contextid="529" timestamp="2019-08-08T19:53:52.911">
  <mem-info id="531" free="2097152" total="44040192" percent="4">
    <mem type="eden" free="0" total="16777216" percent="0" />
    <remembered-set count="16736" freebytes="1693696" totalbytes="1760640" percent="96" regionsoverflowed="0" regionsstable="0" regionsrebuilding="0"/>
  </mem-info>
</gc-start>
<allocation-stats totalBytes="16775312" >
  <allocated-bytes non-tlh="547992" tlh="16227320" arrayletleaf="0"/>
  <largest-consumer threadName="main" threadId="0000000001F80F00" bytes="8387800" />
</allocation-stats>
<gc-op id="532" type="sweep" timems="3.205" contextid="529" timestamp="2019-08-08T19:53:52.914" />
<gc-op id="533" type="copy forward" timems="14.685" contextid="529" timestamp="2019-08-08T19:53:52.930">
  <memory-copied type="eden" objects="15323" bytes="652424" bytesdiscarded="55317" />
  <memory-copied type="other" objects="18845" bytes="1080448" bytesdiscarded="102363" />
  <memory-cardclean objects="888" bytes="53440" />
  <regions eden="4" other="4" />
  <remembered-set-cleared processed="9467" cleared="2524" durationms="0.102" />
  <references type="soft" candidates="11" cleared="0" enqueued="0" dynamicThreshold="7" maxThreshold="32" />
  <references type="weak" candidates="213" cleared="0" enqueued="0" />
  <references type="phantom" candidates="1" cleared="0" enqueued="0" />
  <stringconstants candidates="11326" cleared="0"  />
</gc-op>
<gc-op id="534" type="classunload" timems="0.008" contextid="529" timestamp="2019-08-08T19:53:52.930">
  <classunload-info classloadercandidates="21" classloadersunloaded="0" classesunloaded="0" anonymousclassesunloaded="0" quiescems="0.000" setupms="0.007" scanms="0.000" postms="0.000" />
</gc-op>
<heap-resize id="535" type="expand" space="default" amount="8388608" count="1" timems="0.097" reason="excessive time being spent in gc" timestamp="2019-08-08T19:53:52.930" />
<gc-end id="536" type="partial gc" contextid="529" durationms="19.467" usertimems="39.048" systemtimems="19.321" timestamp="2019-08-08T19:53:52.930" activeThreads="16">
  <mem-info id="537" free="25165824" total="52428800" percent="48">
    <mem type="eden" free="662456" total="2097152" percent="31" />
    <remembered-set count="18496" freebytes="2022016" totalbytes="2096000" percent="96" regionsoverflowed="0" regionsstable="0" regionsrebuilding="0"/>
  </mem-info>
</gc-end>
<cycle-end id="538" type="partial gc" contextid="529" timestamp="2019-08-08T19:53:52.930" />
  <attribute name="elasticGC enabled" value="1" />
  <attribute name= "numThreadsSpecified" value="16" />
  <attribute name="heapSize specified" value="0" />
  <attribute name="Current GC Util" value="155" />
  <attribute name= "Current Time Running" value="73797" />
  <attribute name ="GC Interval" value="0" />
  <attribute name="Target GC Util Change" value ="80.000000" />
  <attribute name="Current GC Util Change" value="155.000000"/>
  <attribute name="Current Error" value="-146.000000" />
  <attribute name="Output H" value="44115704"/>
  <attribute name="Output I" value="1752"/>
  <attribute name="Output T" value="16"/>
  <attribute name= "Current Time Running" value="73797" />
  <attribute name="GC Util currently" value="155" />
  <attribute name="CPU Util currently" value="2004564906605" />
<exclusive-end id="539" timestamp="2019-08-08T19:53:52.930" durationms="19.970" />

<exclusive-start id="540" timestamp="2019-08-08T19:53:53.074" intervalms="163.756">
  <response-info timems="0.041" idlems="0.041" threads="0" lastid="0000000001F80F00" lastname="main" />
</exclusive-start>
<allocation-taxation id="541" taxation-threshold="20971520" timestamp="2019-08-08T19:53:53.074" intervalms="163.757" />
<cycle-start id="542" type="partial gc" contextid="0" timestamp="2019-08-08T19:53:53.074" intervalms="163.787" />
<gc-start id="543" type="partial gc" contextid="542" timestamp="2019-08-08T19:53:53.075">
  <mem-info id="544" free="4194304" total="52428800" percent="8">
    <mem type="eden" free="0" total="20971520" percent="0" />
    <remembered-set count="18272" freebytes="2022912" totalbytes="2096000" percent="96" regionsoverflowed="0" regionsstable="0" regionsrebuilding="0"/>
  </mem-info>
</gc-start>
<allocation-stats totalBytes="20967472" >
  <allocated-bytes non-tlh="638424" tlh="20329048" arrayletleaf="0"/>
  <largest-consumer threadName="main" threadId="0000000001F80F00" bytes="20967472" />
</allocation-stats>
<gc-op id="545" type="copy forward" timems="10.157" contextid="542" timestamp="2019-08-08T19:53:53.086">
  <memory-copied type="eden" objects="9791" bytes="743528" bytesdiscarded="116224" />
  <memory-copied type="other" objects="2822" bytes="174688" bytesdiscarded="49856" />
  <memory-cardclean objects="1429" bytes="79416" />
  <regions eden="10" other="4" />
  <remembered-set-cleared processed="11640" cleared="2853" durationms="0.103" />
  <finalization candidates="1" enqueued="1" />
  <references type="soft" candidates="36" cleared="0" enqueued="0" dynamicThreshold="15" maxThreshold="32" />
  <references type="weak" candidates="615" cleared="0" enqueued="0" />
  <references type="phantom" candidates="1" cleared="0" enqueued="0" />
  <stringconstants candidates="11676" cleared="0"  />
  <heap-resize type="expand" space="default" amount="2097152" count="1" timems="0.074" reason="continue current collection" />
</gc-op>
<gc-op id="546" type="classunload" timems="0.006" contextid="542" timestamp="2019-08-08T19:53:53.086">
  <classunload-info classloadercandidates="26" classloadersunloaded="0" classesunloaded="0" anonymousclassesunloaded="0" quiescems="0.000" setupms="0.006" scanms="0.000" postms="0.000" />
</gc-op>
<heap-resize id="547" type="expand" space="default" amount="8388608" count="1" timems="0.116" reason="excessive time being spent in gc" timestamp="2019-08-08T19:53:53.086" />
<gc-end id="548" type="partial gc" contextid="542" durationms="11.330" usertimems="32.268" systemtimems="0.000" timestamp="2019-08-08T19:53:53.086" activeThreads="16">
  <mem-info id="549" free="37748736" total="62914560" percent="60">
    <mem type="eden" free="1237032" total="2097152" percent="58" />
    <pending-finalizers system="0" default="1" reference="0" classloader="0" />
    <remembered-set count="17184" freebytes="2446464" totalbytes="2515200" percent="97" regionsoverflowed="0" regionsstable="0" regionsrebuilding="0"/>
  </mem-info>
</gc-end>
<cycle-end id="550" type="partial gc" contextid="542" timestamp="2019-08-08T19:53:53.086" />
  <attribute name="elasticGC enabled" value="1" />
  <attribute name= "numThreadsSpecified" value="16" />
  <attribute name="heapSize specified" value="0" />
  <attribute name="Current GC Util" value="179" />
  <attribute name= "Current Time Running" value="73957" />
  <attribute name ="GC Interval" value="0" />
  <attribute name="Target GC Util Change" value ="80.000000" />
  <attribute name="Current GC Util Change" value="179.000000"/>
  <attribute name="Current Error" value="-191.000000" />
  <attribute name="Output H" value="52504264"/>
  <attribute name="Output I" value="1672"/>
  <attribute name="Output T" value="16"/>
  <attribute name= "Current Time Running" value="73957" />
  <attribute name="GC Util currently" value="179" />
  <attribute name="CPU Util currently" value="1859178965224" />
<exclusive-end id="551" timestamp="2019-08-08T19:53:53.086" durationms="11.898" />

<exclusive-start id="552" timestamp="2019-08-08T19:53:53.179" intervalms="104.744">
  <response-info timems="0.031" idlems="0.031" threads="0" lastid="0000000001F80F00" lastname="main" />
</exclusive-start>
<allocation-taxation id="553" taxation-threshold="23068672" timestamp="2019-08-08T19:53:53.179" intervalms="104.742" />
<cycle-start id="554" type="partial gc" contextid="0" timestamp="2019-08-08T19:53:53.179" intervalms="104.715" />
<gc-start id="555" type="partial gc" contextid="554" timestamp="2019-08-08T19:53:53.179">
  <mem-info id="556" free="14680064" total="62914560" percent="23">
    <mem type="eden" free="0" total="23068672" percent="0" />
    <remembered-set count="16896" freebytes="2447616" totalbytes="2515200" percent="97" regionsoverflowed="0" regionsstable="0" regionsrebuilding="0"/>
  </mem-info>
</gc-start>
<allocation-stats totalBytes="23065080" >
  <allocated-bytes non-tlh="813264" tlh="22251816" arrayletleaf="0"/>
  <largest-consumer threadName="main" threadId="0000000001F80F00" bytes="23060864" />
</allocation-stats>
<gc-op id="557" type="copy forward" timems="11.837" contextid="554" timestamp="2019-08-08T19:53:53.192">
  <memory-copied type="eden" objects="26178" bytes="1557752" bytesdiscarded="145744" />
  <memory-copied type="other" objects="9202" bytes="344712" bytesdiscarded="36264" />
  <memory-cardclean objects="1037" bytes="71248" />
  <regions eden="11" other="2" />
  <remembered-set-cleared processed="10879" cleared="2801" durationms="0.195" />
  <references type="soft" candidates="371" cleared="0" enqueued="0" dynamicThreshold="19" maxThreshold="32" />
  <references type="weak" candidates="683" cleared="0" enqueued="0" />
  <references type="phantom" candidates="1" cleared="0" enqueued="0" />
  <stringconstants candidates="11804" cleared="6"  />
</gc-op>
<gc-op id="558" type="classunload" timems="0.428" contextid="554" timestamp="2019-08-08T19:53:53.192">
  <classunload-info classloadercandidates="28" classloadersunloaded="1" classesunloaded="1" anonymousclassesunloaded="0" quiescems="0.000" setupms="0.415" scanms="0.009" postms="0.004" />
</gc-op>
<gc-end id="559" type="partial gc" contextid="554" durationms="13.349" usertimems="38.838" systemtimems="0.000" timestamp="2019-08-08T19:53:53.193" activeThreads="16">
  <mem-info id="560" free="37748736" total="62914560" percent="60">
    <mem type="eden" free="393552" total="2097152" percent="18" />
    <remembered-set count="20000" freebytes="2435200" totalbytes="2515200" percent="96" regionsoverflowed="0" regionsstable="0" regionsrebuilding="0"/>
  </mem-info>
</gc-end>
<cycle-end id="561" type="partial gc" contextid="554" timestamp="2019-08-08T19:53:53.193" />
  <attribute name="elasticGC enabled" value="1" />
  <attribute name= "numThreadsSpecified" value="16" />
  <attribute name="heapSize specified" value="0" />
  <attribute name="Current GC Util" value="144" />
  <attribute name= "Current Time Running" value="74062" />
  <attribute name ="GC Interval" value="0" />
  <attribute name="Target GC Util Change" value ="80.000000" />
  <attribute name="Current GC Util Change" value="144.000000"/>
  <attribute name="Current Error" value="-64.000000" />
  <attribute name="Output H" value="62990168"/>
  <attribute name="Output I" value="1896"/>
  <attribute name="Output T" value="16"/>
  <attribute name= "Current Time Running" value="74062" />
  <attribute name="GC Util currently" value="144" />
  <attribute name="CPU Util currently" value="1706724621923" />
<exclusive-end id="562" timestamp="2019-08-08T19:53:53.193" durationms="13.901" />

<exclusive-start id="563" timestamp="2019-08-08T19:53:53.307" intervalms="128.210">
  <response-info timems="0.022" idlems="0.022" threads="0" lastid="0000000001F80F00" lastname="main" />
</exclusive-start>
<allocation-taxation id="564" taxation-threshold="23068672" timestamp="2019-08-08T19:53:53.307" intervalms="128.213" />
<cycle-start id="565" type="partial gc" contextid="0" timestamp="2019-08-08T19:53:53.307" intervalms="128.231" />
<gc-start id="566" type="partial gc" contextid="565" timestamp="2019-08-08T19:53:53.307">
  <mem-info id="567" free="14680064" total="62914560" percent="23">
    <mem type="eden" free="0" total="23068672" percent="0" />
    <remembered-set count="19552" freebytes="2436992" totalbytes="2515200" percent="96" regionsoverflowed="0" regionsstable="0" regionsrebuilding="0"/>
  </mem-info>
</gc-start>
<allocation-stats totalBytes="23065480" >
  <allocated-bytes non-tlh="1066560" tlh="21998920" arrayletleaf="0"/>
  <largest-consumer threadName="main" threadId="0000000001F80F00" bytes="23065480" />
</allocation-stats>
<gc-op id="568" type="copy forward" timems="12.075" contextid="565" timestamp="2019-08-08T19:53:53.320">
  <memory-copied type="eden" objects="13428" bytes="818864" bytesdiscarded="136960" />
  <memory-copied type="other" objects="6931" bytes="279768" bytesdiscarded="36128" />
  <memory-cardclean objects="2281" bytes="127056" />
  <regions eden="11" other="2" />
  <remembered-set-cleared processed="13575" cleared="4693" durationms="0.193" />
  <references type="soft" candidates="343" cleared="0" enqueued="0" dynamicThreshold="19" maxThreshold="32" />
  <references type="weak" candidates="720" cleared="0" enqueued="0" />
  <references type="phantom" candidates="1" cleared="0" enqueued="0" />
  <stringconstants candidates="12336" cleared="3"  />
</gc-op>
<gc-op id="569" type="classunload" timems="0.561" contextid="565" timestamp="2019-08-08T19:53:53.321">
  <classunload-info classloadercandidates="34" classloadersunloaded="1" classesunloaded="1" anonymousclassesunloaded="0" quiescems="0.000" setupms="0.546" scanms="0.010" postms="0.005" />
</gc-op>
<gc-end id="570" type="partial gc" contextid="565" durationms="13.735" usertimems="36.318" systemtimems="0.000" timestamp="2019-08-08T19:53:53.321" activeThreads="16">
  <mem-info id="571" free="37748736" total="62914560" percent="60">
    <mem type="eden" free="1140904" total="2097152" percent="54" />
    <remembered-set count="19840" freebytes="2435840" totalbytes="2515200" percent="96" regionsoverflowed="0" regionsstable="0" regionsrebuilding="0"/>
  </mem-info>
</gc-end>
<cycle-end id="572" type="partial gc" contextid="565" timestamp="2019-08-08T19:53:53.321" />
  <attribute name="elasticGC enabled" value="1" />
  <attribute name= "numThreadsSpecified" value="16" />
  <attribute name="heapSize specified" value="0" />
  <attribute name="Current GC Util" value="144" />
  <attribute name= "Current Time Running" value="74190" />
  <attribute name ="GC Interval" value="0" />
  <attribute name="Target GC Util Change" value ="80.000000" />
  <attribute name="Current GC Util Change" value="144.000000"/>
  <attribute name="Current Error" value="-77.000000" />
  <attribute name="Output H" value="62990152"/>
  <attribute name="Output I" value="1872"/>
  <attribute name="Output T" value="16"/>
  <attribute name= "Current Time Running" value="74190" />
  <attribute name="GC Util currently" value="144" />
  <attribute name="CPU Util currently" value="1781902942655" />
<exclusive-end id="573" timestamp="2019-08-08T19:53:53.321" durationms="14.287" />

<exclusive-start id="574" timestamp="2019-08-08T19:53:53.385" intervalms="77.431">
  <response-info timems="0.030" idlems="0.021" threads="1" lastid="0000000001F88700" lastname="JIT Compilation Thread-1" />
</exclusive-start>
<allocation-taxation id="575" taxation-threshold="23068672" timestamp="2019-08-08T19:53:53.385" intervalms="77.441" />
<cycle-start id="576" type="partial gc" contextid="0" timestamp="2019-08-08T19:53:53.385" intervalms="77.453" />
<gc-start id="577" type="partial gc" contextid="576" timestamp="2019-08-08T19:53:53.385">
  <mem-info id="578" free="14680064" total="62914560" percent="23">
    <mem type="eden" free="0" total="23068672" percent="0" />
    <remembered-set count="19584" freebytes="2436864" totalbytes="2515200" percent="96" regionsoverflowed="0" regionsstable="0" regionsrebuilding="0"/>
  </mem-info>
</gc-start>
<allocation-stats totalBytes="23065664" >
  <allocated-bytes non-tlh="617264" tlh="22448400" arrayletleaf="0"/>
  <largest-consumer threadName="main" threadId="0000000001F80F00" bytes="23065664" />
</allocation-stats>
<gc-op id="579" type="copy forward" timems="11.044" contextid="576" timestamp="2019-08-08T19:53:53.397">
  <memory-copied type="eden" objects="24662" bytes="1305144" bytesdiscarded="138496" />
  <memory-copied type="other" objects="11473" bytes="470408" bytesdiscarded="48704" />
  <memory-cardclean objects="6431" bytes="326888" />
  <regions eden="11" other="2" />
  <remembered-set-cleared processed="11407" cleared="5267" durationms="0.107" />
  <references type="soft" candidates="203" cleared="0" enqueued="0" dynamicThreshold="19" maxThreshold="32" />
  <references type="weak" candidates="1210" cleared="0" enqueued="0" />
  <references type="phantom" candidates="1" cleared="0" enqueued="0" />
  <stringconstants candidates="12479" cleared="0"  />
</gc-op>
<gc-op id="580" type="classunload" timems="0.007" contextid="576" timestamp="2019-08-08T19:53:53.397">
  <classunload-info classloadercandidates="36" classloadersunloaded="0" classesunloaded="0" anonymousclassesunloaded="0" quiescems="0.000" setupms="0.007" scanms="0.000" postms="0.000" />
</gc-op>
<gc-end id="581" type="partial gc" contextid="576" durationms="12.073" usertimems="39.167" systemtimems="0.000" timestamp="2019-08-08T19:53:53.397" activeThreads="16">
  <mem-info id="582" free="37748736" total="62914560" percent="60">
    <mem type="eden" free="653312" total="2097152" percent="31" />
    <remembered-set count="21408" freebytes="2429568" totalbytes="2515200" percent="96" regionsoverflowed="0" regionsstable="0" regionsrebuilding="0"/>
  </mem-info>
</gc-end>
<cycle-end id="583" type="partial gc" contextid="576" timestamp="2019-08-08T19:53:53.397" />
  <attribute name="elasticGC enabled" value="1" />
  <attribute name= "numThreadsSpecified" value="16" />
  <attribute name="heapSize specified" value="0" />
  <attribute name="Current GC Util" value="138" />
  <attribute name= "Current Time Running" value="74267" />
  <attribute name ="GC Interval" value="0" />
  <attribute name="Target GC Util Change" value ="80.000000" />
  <attribute name="Current GC Util Change" value="138.000000"/>
  <attribute name="Current Error" value="-101.000000" />
  <attribute name="Output H" value="62990128"/>
  <attribute name="Output I" value="1832"/>
  <attribute name="Output T" value="16"/>
  <attribute name= "Current Time Running" value="74267" />
  <attribute name="GC Util currently" value="138" />
  <attribute name="CPU Util currently" value="1953604240200" />
<exclusive-end id="584" timestamp="2019-08-08T19:53:53.398" durationms="12.972" />

<exclusive-start id="585" timestamp="2019-08-08T19:53:53.470" intervalms="85.788">
  <response-info timems="0.039" idlems="0.039" threads="0" lastid="0000000001F80F00" lastname="main" />
</exclusive-start>
<allocation-taxation id="586" taxation-threshold="23068672" timestamp="2019-08-08T19:53:53.470" intervalms="85.773" />
<cycle-start id="587" type="partial gc" contextid="0" timestamp="2019-08-08T19:53:53.470" intervalms="85.730" />
<gc-start id="588" type="partial gc" contextid="587" timestamp="2019-08-08T19:53:53.471">
  <mem-info id="589" free="14680064" total="62914560" percent="23">
    <mem type="eden" free="0" total="23068672" percent="0" />
    <remembered-set count="21344" freebytes="2429824" totalbytes="2515200" percent="96" regionsoverflowed="0" regionsstable="0" regionsrebuilding="0"/>
  </mem-info>
</gc-start>
<allocation-stats totalBytes="23064464" >
  <allocated-bytes non-tlh="401152" tlh="22663312" arrayletleaf="0"/>
  <largest-consumer threadName="main" threadId="0000000001F80F00" bytes="23064464" />
</allocation-stats>
<gc-op id="590" type="copy forward" timems="10.939" contextid="587" timestamp="2019-08-08T19:53:53.482">
  <memory-copied type="eden" objects="8468" bytes="618128" bytesdiscarded="31744" />
  <memory-copied type="other" objects="17592" bytes="817648" bytesdiscarded="157664" />
  <memory-cardclean objects="22036" bytes="970840" />
  <regions eden="11" other="2" />
  <remembered-set-cleared processed="10742" cleared="6716" durationms="0.428" />
  <finalization candidates="13" enqueued="0" />
  <references type="soft" candidates="90" cleared="0" enqueued="0" dynamicThreshold="19" maxThreshold="32" />
  <references type="weak" candidates="223" cleared="0" enqueued="0" />
  <references type="phantom" candidates="52" cleared="0" enqueued="0" />
  <stringconstants candidates="12495" cleared="0"  />
</gc-op>
<gc-op id="591" type="classunload" timems="0.008" contextid="587" timestamp="2019-08-08T19:53:53.482">
  <classunload-info classloadercandidates="38" classloadersunloaded="0" classesunloaded="0" anonymousclassesunloaded="0" quiescems="0.000" setupms="0.008" scanms="0.000" postms="0.000" />
</gc-op>
<gc-end id="592" type="partial gc" contextid="587" durationms="11.909" usertimems="33.817" systemtimems="0.000" timestamp="2019-08-08T19:53:53.483" activeThreads="16">
  <mem-info id="593" free="37748736" total="62914560" percent="60">
    <mem type="eden" free="1447200" total="2097152" percent="69" />
    <remembered-set count="18016" freebytes="2443136" totalbytes="2515200" percent="97" regionsoverflowed="0" regionsstable="0" regionsrebuilding="0"/>
  </mem-info>
</gc-end>
<cycle-end id="594" type="partial gc" contextid="587" timestamp="2019-08-08T19:53:53.483" />
  <attribute name="elasticGC enabled" value="1" />
  <attribute name= "numThreadsSpecified" value="16" />
  <attribute name="heapSize specified" value="0" />
  <attribute name="Current GC Util" value="166" />
  <attribute name= "Current Time Running" value="74353" />
  <attribute name ="GC Interval" value="0" />
  <attribute name="Target GC Util Change" value ="80.000000" />
  <attribute name="Current GC Util Change" value="166.000000"/>
  <attribute name="Current Error" value="-86.000000" />
  <attribute name="Output H" value="62990144"/>
  <attribute name="Output I" value="1856"/>
  <attribute name="Output T" value="16"/>
  <attribute name= "Current Time Running" value="74353" />
  <attribute name="GC Util currently" value="166" />
  <attribute name="CPU Util currently" value="2502092081766" />
<exclusive-end id="595" timestamp="2019-08-08T19:53:53.483" durationms="12.394" />

<exclusive-start id="596" timestamp="2019-08-08T19:53:53.558" intervalms="87.255">
  <response-info timems="0.013" idlems="0.013" threads="0" lastid="0000000001F80F00" lastname="main" />
</exclusive-start>
<allocation-taxation id="597" taxation-threshold="23068672" timestamp="2019-08-08T19:53:53.558" intervalms="87.252" />
<cycle-start id="598" type="partial gc" contextid="0" timestamp="2019-08-08T19:53:53.558" intervalms="87.278" />
<gc-start id="599" type="partial gc" contextid="598" timestamp="2019-08-08T19:53:53.558">
  <mem-info id="600" free="14680064" total="62914560" percent="23">
    <mem type="eden" free="0" total="23068672" percent="0" />
    <remembered-set count="17920" freebytes="2443520" totalbytes="2515200" percent="97" regionsoverflowed="0" regionsstable="0" regionsrebuilding="0"/>
  </mem-info>
</gc-start>
<allocation-stats totalBytes="23066216" >
  <allocated-bytes non-tlh="402464" tlh="22663752" arrayletleaf="0"/>
  <largest-consumer threadName="main" threadId="0000000001F80F00" bytes="23066216" />
</allocation-stats>
<gc-op id="601" type="copy forward" timems="13.051" contextid="598" timestamp="2019-08-08T19:53:53.572">
  <memory-copied type="eden" objects="10233" bytes="733120" bytesdiscarded="91016" />
  <memory-copied type="other" objects="1003" bytes="31480" bytesdiscarded="4088" />
  <memory-cardclean objects="134" bytes="13392" />
  <regions eden="11" other="1" />
  <remembered-set-cleared processed="11242" cleared="670" durationms="0.106" />
  <references type="soft" candidates="4" cleared="0" enqueued="0" dynamicThreshold="19" maxThreshold="32" />
  <references type="weak" candidates="30" cleared="0" enqueued="0" />
  <references type="phantom" candidates="1" cleared="0" enqueued="0" />
  <stringconstants candidates="12514" cleared="0"  />
</gc-op>
<gc-op id="602" type="classunload" timems="0.007" contextid="598" timestamp="2019-08-08T19:53:53.572">
  <classunload-info classloadercandidates="40" classloadersunloaded="0" classesunloaded="0" anonymousclassesunloaded="0" quiescems="0.000" setupms="0.007" scanms="0.000" postms="0.000" />
</gc-op>
<heap-resize id="603" type="expand" space="default" amount="6291456" count="1" timems="0.082" reason="excessive time being spent in gc" timestamp="2019-08-08T19:53:53.572" />
<gc-end id="604" type="partial gc" contextid="598" durationms="14.103" usertimems="40.512" systemtimems="0.000" timestamp="2019-08-08T19:53:53.572" activeThreads="16">
  <mem-info id="605" free="41943040" total="69206016" percent="60">
    <mem type="eden" free="1272936" total="2097152" percent="60" />
    <remembered-set count="20352" freebytes="2685312" totalbytes="2766720" percent="97" regionsoverflowed="0" regionsstable="0" regionsrebuilding="0"/>
  </mem-info>
</gc-end>
<cycle-end id="606" type="partial gc" contextid="598" timestamp="2019-08-08T19:53:53.572" />
  <attribute name="elasticGC enabled" value="1" />
  <attribute name= "numThreadsSpecified" value="16" />
  <attribute name="heapSize specified" value="0" />
  <attribute name="Current GC Util" value="142" />
  <attribute name= "Current Time Running" value="74440" />
  <attribute name ="GC Interval" value="0" />
  <attribute name="Target GC Util Change" value ="80.000000" />
  <attribute name="Current GC Util Change" value="142.000000"/>
  <attribute name="Current Error" value="-103.000000" />
  <attribute name="Output H" value="62990128"/>
  <attribute name="Output I" value="1832"/>
  <attribute name="Output T" value="16"/>
  <attribute name= "Current Time Running" value="74440" />
  <attribute name="GC Util currently" value="142" />
  <attribute name="CPU Util currently" value="2015202435037" />
<exclusive-end id="607" timestamp="2019-08-08T19:53:53.572" durationms="14.606" />

<exclusive-start id="608" timestamp="2019-08-08T19:53:53.621" intervalms="63.377">
  <response-info timems="0.016" idlems="0.016" threads="0" lastid="0000000001F80F00" lastname="main" />
</exclusive-start>
<allocation-taxation id="609" taxation-threshold="25165824" timestamp="2019-08-08T19:53:53.621" intervalms="63.382" />
<cycle-start id="610" type="partial gc" contextid="0" timestamp="2019-08-08T19:53:53.621" intervalms="63.355" />
<gc-start id="611" type="partial gc" contextid="610" timestamp="2019-08-08T19:53:53.621">
  <mem-info id="612" free="16777216" total="69206016" percent="24">
    <mem type="eden" free="0" total="25165824" percent="0" />
    <remembered-set count="19872" freebytes="2687232" totalbytes="2766720" percent="97" regionsoverflowed="0" regionsstable="0" regionsrebuilding="0"/>
  </mem-info>
</gc-start>
<allocation-stats totalBytes="25162656" >
  <allocated-bytes non-tlh="601688" tlh="24560968" arrayletleaf="0"/>
  <largest-consumer threadName="main" threadId="0000000001F80F00" bytes="25162656" />
</allocation-stats>
<gc-op id="613" type="copy forward" timems="9.953" contextid="610" timestamp="2019-08-08T19:53:53.632">
  <memory-copied type="eden" objects="5695" bytes="491848" bytesdiscarded="72016" />
  <memory-copied type="other" objects="494" bytes="18816" bytesdiscarded="3376" />
  <memory-cardclean objects="152" bytes="14064" />
  <regions eden="12" other="1" />
  <remembered-set-cleared processed="11324" cleared="494" durationms="0.114" />
  <references type="soft" candidates="5" cleared="0" enqueued="0" dynamicThreshold="19" maxThreshold="32" />
  <references type="weak" candidates="31" cleared="0" enqueued="0" />
  <references type="phantom" candidates="1" cleared="0" enqueued="0" />
  <stringconstants candidates="12541" cleared="0"  />
</gc-op>
<gc-op id="614" type="classunload" timems="0.007" contextid="610" timestamp="2019-08-08T19:53:53.632">
  <classunload-info classloadercandidates="43" classloadersunloaded="0" classesunloaded="0" anonymousclassesunloaded="0" quiescems="0.000" setupms="0.007" scanms="0.000" postms="0.000" />
</gc-op>
<heap-resize id="615" type="expand" space="default" amount="4194304" count="1" timems="0.084" reason="excessive time being spent in gc" timestamp="2019-08-08T19:53:53.632" />
<gc-end id="616" type="partial gc" contextid="610" durationms="11.198" usertimems="32.677" systemtimems="0.000" timestamp="2019-08-08T19:53:53.632" activeThreads="16">
  <mem-info id="617" free="44040192" total="73400320" percent="60">
    <mem type="eden" free="1533168" total="2097152" percent="73" />
    <remembered-set count="20192" freebytes="2853632" totalbytes="2934400" percent="97" regionsoverflowed="0" regionsstable="0" regionsrebuilding="0"/>
  </mem-info>
</gc-end>
<cycle-end id="618" type="partial gc" contextid="610" timestamp="2019-08-08T19:53:53.633" />
  <attribute name="elasticGC enabled" value="1" />
  <attribute name= "numThreadsSpecified" value="16" />
  <attribute name="heapSize specified" value="0" />
  <attribute name="Current GC Util" value="147" />
  <attribute name= "Current Time Running" value="74504" />
  <attribute name ="GC Interval" value="0" />
  <attribute name="Target GC Util Change" value ="80.000000" />
  <attribute name="Current GC Util Change" value="147.000000"/>
  <attribute name="Current Error" value="-153.000000" />
  <attribute name="Output H" value="69281520"/>
  <attribute name="Output I" value="1736"/>
  <attribute name="Output T" value="16"/>
  <attribute name= "Current Time Running" value="74504" />
  <attribute name="GC Util currently" value="147" />
  <attribute name="CPU Util currently" value="1571630606568" />
<exclusive-end id="619" timestamp="2019-08-08T19:53:53.633" durationms="11.758" />

<exclusive-start id="620" timestamp="2019-08-08T19:53:53.684" intervalms="62.978">
  <response-info timems="0.043" idlems="0.043" threads="0" lastid="0000000001F80F00" lastname="main" />
</exclusive-start>
<allocation-taxation id="621" taxation-threshold="25165824" timestamp="2019-08-08T19:53:53.684" intervalms="62.989" />
<cycle-start id="622" type="partial gc" contextid="0" timestamp="2019-08-08T19:53:53.684" intervalms="63.033" />
<gc-start id="623" type="partial gc" contextid="622" timestamp="2019-08-08T19:53:53.684">
  <mem-info id="624" free="18874368" total="73400320" percent="25">
    <mem type="eden" free="0" total="25165824" percent="0" />
    <remembered-set count="19776" freebytes="2855296" totalbytes="2934400" percent="97" regionsoverflowed="0" regionsstable="0" regionsrebuilding="0"/>
  </mem-info>
</gc-start>
<allocation-stats totalBytes="25162344" >
  <allocated-bytes non-tlh="400800" tlh="24761544" arrayletleaf="0"/>
  <largest-consumer threadName="main" threadId="0000000001F80F00" bytes="25162344" />
</allocation-stats>
<gc-op id="625" type="copy forward" timems="12.759" contextid="622" timestamp="2019-08-08T19:53:53.698">
  <memory-copied type="eden" objects="7797" bytes="610904" bytesdiscarded="61888" />
  <memory-copied type="other" objects="614" bytes="21856" bytesdiscarded="5024" />
  <memory-cardclean objects="143" bytes="14456" />
  <regions eden="12" other="1" />
  <remembered-set-cleared processed="11518" cleared="535" durationms="0.115" />
  <references type="soft" candidates="5" cleared="0" enqueued="0" dynamicThreshold="19" maxThreshold="32" />
  <references type="weak" candidates="27" cleared="0" enqueued="0" />
  <references type="phantom" candidates="1" cleared="0" enqueued="0" />
  <stringconstants candidates="12552" cleared="0"  />
</gc-op>
<gc-op id="626" type="classunload" timems="0.009" contextid="622" timestamp="2019-08-08T19:53:53.698">
  <classunload-info classloadercandidates="45" classloadersunloaded="0" classesunloaded="0" anonymousclassesunloaded="0" quiescems="0.000" setupms="0.009" scanms="0.000" postms="0.000" />
</gc-op>
<heap-resize id="627" type="expand" space="default" amount="6291456" count="1" timems="0.108" reason="excessive time being spent in gc" timestamp="2019-08-08T19:53:53.698" />
<gc-end id="628" type="partial gc" contextid="622" durationms="13.965" usertimems="42.047" systemtimems="0.000" timestamp="2019-08-08T19:53:53.698" activeThreads="16">
  <mem-info id="629" free="48234496" total="79691776" percent="60">
    <mem type="eden" free="1424280" total="2097152" percent="67" />
    <remembered-set count="19584" freebytes="3107584" totalbytes="3185920" percent="97" regionsoverflowed="0" regionsstable="0" regionsrebuilding="0"/>
  </mem-info>
</gc-end>
<cycle-end id="630" type="partial gc" contextid="622" timestamp="2019-08-08T19:53:53.698" />
  <attribute name="elasticGC enabled" value="1" />
  <attribute name= "numThreadsSpecified" value="16" />
  <attribute name="heapSize specified" value="0" />
  <attribute name="Current GC Util" value="148" />
  <attribute name= "Current Time Running" value="74567" />
  <attribute name ="GC Interval" value="0" />
  <attribute name="Target GC Util Change" value ="80.000000" />
  <attribute name="Current GC Util Change" value="148.000000"/>
  <attribute name="Current Error" value="-68.000000" />
  <attribute name="Output H" value="73475928"/>
  <attribute name="Output I" value="1888"/>
  <attribute name="Output T" value="16"/>
  <attribute name= "Current Time Running" value="74567" />
  <attribute name="GC Util currently" value="148" />
  <attribute name="CPU Util currently" value="1827794345745" />
<exclusive-end id="631" timestamp="2019-08-08T19:53:53.699" durationms="14.617" />

<exclusive-start id="632" timestamp="2019-08-08T19:53:53.759" intervalms="74.560">
  <response-info timems="0.053" idlems="0.053" threads="0" lastid="0000000001F80F00" lastname="main" />
</exclusive-start>
<allocation-taxation id="633" taxation-threshold="27262976" timestamp="2019-08-08T19:53:53.759" intervalms="74.551" />
<cycle-start id="634" type="partial gc" contextid="0" timestamp="2019-08-08T19:53:53.759" intervalms="74.561" />
<gc-start id="635" type="partial gc" contextid="634" timestamp="2019-08-08T19:53:53.759">
  <mem-info id="636" free="20971520" total="79691776" percent="26">
    <mem type="eden" free="0" total="27262976" percent="0" />
    <remembered-set count="19296" freebytes="3108736" totalbytes="3185920" percent="97" regionsoverflowed="0" regionsstable="0" regionsrebuilding="0"/>
  </mem-info>
</gc-start>
<allocation-stats totalBytes="27260272" >
  <allocated-bytes non-tlh="1002408" tlh="26257864" arrayletleaf="0"/>
  <largest-consumer threadName="main" threadId="0000000001F80F00" bytes="27260272" />
</allocation-stats>
<gc-op id="637" type="copy forward" timems="7.384" contextid="634" timestamp="2019-08-08T19:53:53.768">
  <memory-copied type="eden" objects="10479" bytes="713920" bytesdiscarded="119344" />
  <memory-copied type="other" objects="313" bytes="10904" bytesdiscarded="2272" />
  <memory-cardclean objects="158" bytes="14184" />
  <regions eden="13" other="1" />
  <remembered-set-cleared processed="11629" cleared="451" durationms="0.167" />
  <references type="soft" candidates="5" cleared="0" enqueued="0" dynamicThreshold="19" maxThreshold="32" />
  <references type="weak" candidates="34" cleared="0" enqueued="0" />
  <references type="phantom" candidates="1" cleared="0" enqueued="0" />
  <stringconstants candidates="12587" cleared="4"  />
</gc-op>
<gc-op id="638" type="classunload" timems="0.506" contextid="634" timestamp="2019-08-08T19:53:53.768">
  <classunload-info classloadercandidates="50" classloadersunloaded="2" classesunloaded="2" anonymousclassesunloaded="0" quiescems="0.000" setupms="0.482" scanms="0.016" postms="0.007" />
</gc-op>
<heap-resize id="639" type="expand" space="default" amount="4194304" count="1" timems="0.085" reason="excessive time being spent in gc" timestamp="2019-08-08T19:53:53.768" />
<gc-end id="640" type="partial gc" contextid="634" durationms="9.328" usertimems="30.431" systemtimems="0.000" timestamp="2019-08-08T19:53:53.768" activeThreads="16">
  <mem-info id="641" free="50331648" total="83886080" percent="60">
    <mem type="eden" free="1263784" total="2097152" percent="60" />
    <remembered-set count="21600" freebytes="3267200" totalbytes="3353600" percent="97" regionsoverflowed="0" regionsstable="0" regionsrebuilding="0"/>
  </mem-info>
</gc-end>
<cycle-end id="642" type="partial gc" contextid="634" timestamp="2019-08-08T19:53:53.768" />
  <attribute name="elasticGC enabled" value="1" />
  <attribute name= "numThreadsSpecified" value="16" />
  <attribute name="heapSize specified" value="0" />
  <attribute name="Current GC Util" value="242" />
  <attribute name= "Current Time Running" value="74642" />
  <attribute name ="GC Interval" value="0" />
  <attribute name="Target GC Util Change" value ="80.000000" />
  <attribute name="Current GC Util Change" value="242.000000"/>
  <attribute name="Current Error" value="-197.000000" />
  <attribute name="Output H" value="79767232"/>
  <attribute name="Output I" value="1664"/>
  <attribute name="Output T" value="16"/>
  <attribute name= "Current Time Running" value="74642" />
  <attribute name="GC Util currently" value="242" />
  <attribute name="CPU Util currently" value="1336932932983" />
<exclusive-end id="643" timestamp="2019-08-08T19:53:53.769" durationms="10.053" />

<exclusive-start id="644" timestamp="2019-08-08T19:53:53.823" intervalms="64.223">
  <response-info timems="0.066" idlems="0.066" threads="0" lastid="0000000001F80F00" lastname="main" />
</exclusive-start>
<allocation-taxation id="645" taxation-threshold="27262976" timestamp="2019-08-08T19:53:53.823" intervalms="64.232" />
<cycle-start id="646" type="partial gc" contextid="0" timestamp="2019-08-08T19:53:53.823" intervalms="64.463" />
<gc-start id="647" type="partial gc" contextid="646" timestamp="2019-08-08T19:53:53.823">
  <mem-info id="648" free="23068672" total="83886080" percent="27">
    <mem type="eden" free="0" total="27262976" percent="0" />
    <remembered-set count="21184" freebytes="3268864" totalbytes="3353600" percent="97" regionsoverflowed="0" regionsstable="0" regionsrebuilding="0"/>
  </mem-info>
</gc-start>
<allocation-stats totalBytes="27259520" >
  <allocated-bytes non-tlh="201168" tlh="27058352" arrayletleaf="0"/>
  <largest-consumer threadName="main" threadId="0000000001F80F00" bytes="27259520" />
</allocation-stats>
<gc-op id="649" type="copy forward" timems="11.374" contextid="646" timestamp="2019-08-08T19:53:53.836">
  <memory-copied type="eden" objects="21418" bytes="1177512" bytesdiscarded="124088" />
  <memory-copied type="other" objects="657" bytes="21944" bytesdiscarded="5400" />
  <memory-cardclean objects="149" bytes="14160" />
  <regions eden="13" other="1" />
  <remembered-set-cleared processed="12161" cleared="897" durationms="0.122" />
  <references type="soft" candidates="4" cleared="0" enqueued="0" dynamicThreshold="19" maxThreshold="32" />
  <references type="weak" candidates="40" cleared="0" enqueued="0" />
  <references type="phantom" candidates="1" cleared="0" enqueued="0" />
  <stringconstants candidates="12606" cleared="0"  />
</gc-op>
<gc-op id="650" type="classunload" timems="0.007" contextid="646" timestamp="2019-08-08T19:53:53.836">
  <classunload-info classloadercandidates="49" classloadersunloaded="0" classesunloaded="0" anonymousclassesunloaded="0" quiescems="0.000" setupms="0.007" scanms="0.000" postms="0.000" />
</gc-op>
<heap-resize id="651" type="expand" space="default" amount="6291456" count="1" timems="0.193" reason="excessive time being spent in gc" timestamp="2019-08-08T19:53:53.836" />
<gc-end id="652" type="partial gc" contextid="646" durationms="12.604" usertimems="34.279" systemtimems="0.000" timestamp="2019-08-08T19:53:53.836" activeThreads="16">
  <mem-info id="653" free="54525952" total="90177536" percent="60">
    <mem type="eden" free="795496" total="2097152" percent="37" />
    <remembered-set count="22784" freebytes="3513984" totalbytes="3605120" percent="97" regionsoverflowed="0" regionsstable="0" regionsrebuilding="0"/>
  </mem-info>
</gc-end>
<cycle-end id="654" type="partial gc" contextid="646" timestamp="2019-08-08T19:53:53.836" />
  <attribute name="elasticGC enabled" value="1" />
  <attribute name= "numThreadsSpecified" value="16" />
  <attribute name="heapSize specified" value="0" />
  <attribute name="Current GC Util" value="131" />
  <attribute name= "Current Time Running" value="74706" />
  <attribute name ="GC Interval" value="0" />
  <attribute name="Target GC Util Change" value ="80.000000" />
  <attribute name="Current GC Util Change" value="131.000000"/>
  <attribute name="Current Error" value="-199.000000" />
  <attribute name="Output H" value="83961536"/>
  <attribute name="Output I" value="1656"/>
  <attribute name="Output T" value="16"/>
  <attribute name= "Current Time Running" value="74706" />
  <attribute name="GC Util currently" value="131" />
  <attribute name="CPU Util currently" value="1957528243904" />
<exclusive-end id="655" timestamp="2019-08-08T19:53:53.836" durationms="13.504" />

<exclusive-start id="656" timestamp="2019-08-08T19:53:53.940" intervalms="117.050">
  <response-info timems="0.057" idlems="0.057" threads="0" lastid="0000000001F80F00" lastname="main" />
</exclusive-start>
<allocation-taxation id="657" taxation-threshold="29360128" timestamp="2019-08-08T19:53:53.940" intervalms="117.067" />
<cycle-start id="658" type="partial gc" contextid="0" timestamp="2019-08-08T19:53:53.940" intervalms="116.832" />
<gc-start id="659" type="partial gc" contextid="658" timestamp="2019-08-08T19:53:53.940">
  <mem-info id="660" free="25165824" total="90177536" percent="27">
    <mem type="eden" free="0" total="29360128" percent="0" />
    <remembered-set count="22688" freebytes="3514368" totalbytes="3605120" percent="97" regionsoverflowed="0" regionsstable="0" regionsrebuilding="0"/>
  </mem-info>
</gc-start>
<allocation-stats totalBytes="29353792" >
  <allocated-bytes non-tlh="899104" tlh="28454688" arrayletleaf="0"/>
  <largest-consumer threadName="main" threadId="0000000001F80F00" bytes="29353792" />
</allocation-stats>
<gc-op id="661" type="copy forward" timems="15.029" contextid="658" timestamp="2019-08-08T19:53:53.956">
  <memory-copied type="eden" objects="13469" bytes="880504" bytesdiscarded="121584" />
  <memory-copied type="other" objects="4334" bytes="255440" bytesdiscarded="18216" />
  <memory-cardclean objects="2766" bytes="136408" />
  <regions eden="14" other="2" />
  <remembered-set-cleared processed="12641" cleared="3320" durationms="0.124" />
  <references type="soft" candidates="669" cleared="0" enqueued="0" dynamicThreshold="19" maxThreshold="32" />
  <references type="weak" candidates="115" cleared="0" enqueued="0" />
  <references type="phantom" candidates="1" cleared="0" enqueued="0" />
  <stringconstants candidates="13128" cleared="0"  />
</gc-op>
<gc-op id="662" type="classunload" timems="0.009" contextid="658" timestamp="2019-08-08T19:53:53.956">
  <classunload-info classloadercandidates="53" classloadersunloaded="0" classesunloaded="0" anonymousclassesunloaded="0" quiescems="0.000" setupms="0.009" scanms="0.000" postms="0.000" />
</gc-op>
<heap-resize id="663" type="expand" space="default" amount="4194304" count="1" timems="0.076" reason="excessive time being spent in gc" timestamp="2019-08-08T19:53:53.956" />
<gc-end id="664" type="partial gc" contextid="658" durationms="16.303" usertimems="36.681" systemtimems="0.000" timestamp="2019-08-08T19:53:53.956" activeThreads="16">
  <mem-info id="665" free="56623104" total="94371840" percent="60">
    <mem type="eden" free="1094664" total="2097152" percent="52" />
    <remembered-set count="21632" freebytes="3686272" totalbytes="3772800" percent="97" regionsoverflowed="0" regionsstable="0" regionsrebuilding="0"/>
  </mem-info>
</gc-end>
<cycle-end id="666" type="partial gc" contextid="658" timestamp="2019-08-08T19:53:53.957" />
  <attribute name="elasticGC enabled" value="1" />
  <attribute name= "numThreadsSpecified" value="16" />
  <attribute name="heapSize specified" value="0" />
  <attribute name="Current GC Util" value="164" />
  <attribute name= "Current Time Running" value="74823" />
  <attribute name ="GC Interval" value="0" />
  <attribute name="Target GC Util Change" value ="80.000000" />
  <attribute name="Current GC Util Change" value="164.000000"/>
  <attribute name="Current Error" value="-84.000000" />
  <attribute name="Output H" value="90253120"/>
  <attribute name="Output I" value="1864"/>
  <attribute name="Output T" value="16"/>
  <attribute name= "Current Time Running" value="74823" />
  <attribute name="GC Util currently" value="164" />
  <attribute name="CPU Util currently" value="1578695733921" />
<exclusive-end id="667" timestamp="2019-08-08T19:53:53.957" durationms="16.929" />

<exclusive-start id="668" timestamp="2019-08-08T19:53:54.348" intervalms="408.570">
  <response-info timems="0.061" idlems="0.061" threads="0" lastid="0000000001F80F00" lastname="main" />
</exclusive-start>
<allocation-taxation id="669" taxation-threshold="31457280" timestamp="2019-08-08T19:53:54.348" intervalms="408.546" />
<cycle-start id="670" type="partial gc" contextid="0" timestamp="2019-08-08T19:53:54.348" intervalms="408.496" />
<gc-start id="671" type="partial gc" contextid="670" timestamp="2019-08-08T19:53:54.349">
  <mem-info id="672" free="25165824" total="94371840" percent="26">
    <mem type="eden" free="0" total="31457280" percent="0" />
    <remembered-set count="21472" freebytes="3686912" totalbytes="3772800" percent="97" regionsoverflowed="0" regionsstable="0" regionsrebuilding="0"/>
  </mem-info>
</gc-start>
<allocation-stats totalBytes="31440544" >
  <allocated-bytes non-tlh="3133648" tlh="28306896" arrayletleaf="0"/>
  <largest-consumer threadName="main" threadId="0000000001F80F00" bytes="31440544" />
</allocation-stats>
<gc-op id="673" type="copy forward" timems="12.142" contextid="670" timestamp="2019-08-08T19:53:54.362">
  <memory-copied type="eden" objects="27613" bytes="2708728" bytesdiscarded="161176" />
  <memory-copied type="other" objects="19711" bytes="1015776" bytesdiscarded="101608" />
  <memory-cardclean objects="2915" bytes="144168" />
  <regions eden="15" other="2" />
  <remembered-set-cleared processed="12440" cleared="2677" durationms="0.123" />
  <finalization candidates="3" enqueued="2" />
  <references type="soft" candidates="839" cleared="0" enqueued="0" dynamicThreshold="19" maxThreshold="32" />
  <references type="weak" candidates="298" cleared="0" enqueued="0" />
  <references type="phantom" candidates="5" cleared="0" enqueued="0" />
  <stringconstants candidates="13328" cleared="0"  />
</gc-op>
<gc-op id="674" type="classunload" timems="0.008" contextid="670" timestamp="2019-08-08T19:53:54.362">
  <classunload-info classloadercandidates="55" classloadersunloaded="0" classesunloaded="0" anonymousclassesunloaded="0" quiescems="0.000" setupms="0.008" scanms="0.000" postms="0.000" />
</gc-op>
<gc-end id="675" type="partial gc" contextid="670" durationms="13.289" usertimems="39.801" systemtimems="0.000" timestamp="2019-08-08T19:53:54.362" activeThreads="16">
  <mem-info id="676" free="52428800" total="94371840" percent="55">
    <mem type="eden" free="1324104" total="4194304" percent="31" />
    <pending-finalizers system="0" default="2" reference="0" classloader="0" />
    <remembered-set count="23552" freebytes="3678592" totalbytes="3772800" percent="97" regionsoverflowed="0" regionsstable="0" regionsrebuilding="0"/>
  </mem-info>
</gc-end>
<cycle-end id="677" type="partial gc" contextid="670" timestamp="2019-08-08T19:53:54.362" />
  <attribute name="elasticGC enabled" value="1" />
  <attribute name= "numThreadsSpecified" value="16" />
  <attribute name="heapSize specified" value="0" />
  <attribute name="Current GC Util" value="177" />
  <attribute name= "Current Time Running" value="75231" />
  <attribute name ="GC Interval" value="0" />
  <attribute name="Target GC Util Change" value ="80.000000" />
  <attribute name="Current GC Util Change" value="177.000000"/>
  <attribute name="Current Error" value="-109.000000" />
  <attribute name="Output H" value="94447400"/>
  <attribute name="Output I" value="1816"/>
  <attribute name="Output T" value="16"/>
  <attribute name= "Current Time Running" value="75231" />
  <attribute name="GC Util currently" value="177" />
  <attribute name="CPU Util currently" value="1827487238825" />
<exclusive-end id="678" timestamp="2019-08-08T19:53:54.362" durationms="13.758" />

<exclusive-start id="679" timestamp="2019-08-08T19:53:54.662" intervalms="313.799">
  <response-info timems="0.135" idlems="0.135" threads="0" lastid="0000000001F80F00" lastname="main" />
</exclusive-start>
<allocation-taxation id="680" taxation-threshold="31457280" timestamp="2019-08-08T19:53:54.662" intervalms="313.800" />
<cycle-start id="681" type="partial gc" contextid="0" timestamp="2019-08-08T19:53:54.662" intervalms="313.796" />
<gc-start id="682" type="partial gc" contextid="681" timestamp="2019-08-08T19:53:54.662">
  <mem-info id="683" free="20971520" total="94371840" percent="22">
    <mem type="eden" free="0" total="31457280" percent="0" />
    <remembered-set count="23232" freebytes="3679872" totalbytes="3772800" percent="97" regionsoverflowed="0" regionsstable="0" regionsrebuilding="0"/>
  </mem-info>
</gc-start>
<allocation-stats totalBytes="31423616" >
  <allocated-bytes non-tlh="0" tlh="31423616" arrayletleaf="0"/>
  <largest-consumer threadName="main" threadId="0000000001F80F00" bytes="31419520" />
</allocation-stats>
<gc-op id="684" type="copy forward" timems="12.647" contextid="681" timestamp="2019-08-08T19:53:54.676">
  <memory-copied type="eden" objects="65482" bytes="1659552" bytesdiscarded="108928" />
  <memory-copied type="other" objects="27024" bytes="2668136" bytesdiscarded="56336" />
  <memory-cardclean objects="210" bytes="26432" />
  <regions eden="15" other="2" />
  <remembered-set-cleared processed="14775" cleared="2401" durationms="0.153" />
  <finalization candidates="1" enqueued="0" />
  <references type="soft" candidates="145" cleared="0" enqueued="0" dynamicThreshold="17" maxThreshold="32" />
  <references type="weak" candidates="115" cleared="0" enqueued="0" />
  <references type="phantom" candidates="2" cleared="0" enqueued="0" />
  <stringconstants candidates="13328" cleared="0"  />
</gc-op>
<gc-op id="685" type="classunload" timems="0.009" contextid="681" timestamp="2019-08-08T19:53:54.676">
  <classunload-info classloadercandidates="55" classloadersunloaded="0" classesunloaded="0" anonymousclassesunloaded="0" quiescems="0.000" setupms="0.009" scanms="0.000" postms="0.000" />
</gc-op>
<gc-end id="686" type="partial gc" contextid="681" durationms="13.731" usertimems="54.225" systemtimems="0.000" timestamp="2019-08-08T19:53:54.676" activeThreads="16">
  <mem-info id="687" free="50331648" total="94371840" percent="53">
    <mem type="eden" free="328672" total="2097152" percent="15" />
    <remembered-set count="28800" freebytes="3657600" totalbytes="3772800" percent="96" regionsoverflowed="0" regionsstable="0" regionsrebuilding="0"/>
  </mem-info>
</gc-end>
<cycle-end id="688" type="partial gc" contextid="681" timestamp="2019-08-08T19:53:54.676" />
  <attribute name="elasticGC enabled" value="1" />
  <attribute name= "numThreadsSpecified" value="16" />
  <attribute name="heapSize specified" value="0" />
  <attribute name="Current GC Util" value="168" />
  <attribute name= "Current Time Running" value="75545" />
  <attribute name ="GC Interval" value="0" />
  <attribute name="Target GC Util Change" value ="80.000000" />
  <attribute name="Current GC Util Change" value="168.000000"/>
  <attribute name="Current Error" value="-129.000000" />
  <attribute name="Output H" value="94447376"/>
  <attribute name="Output I" value="1784"/>
  <attribute name="Output T" value="16"/>
  <attribute name= "Current Time Running" value="75545" />
  <attribute name="GC Util currently" value="168" />
  <attribute name="CPU Util currently" value="1722629533246" />
<exclusive-end id="689" timestamp="2019-08-08T19:53:54.676" durationms="14.277" />

<exclusive-start id="690" timestamp="2019-08-08T19:53:54.773" intervalms="110.389">
  <response-info timems="0.014" idlems="0.014" threads="0" lastid="0000000001F80F00" lastname="main" />
</exclusive-start>
<allocation-taxation id="691" taxation-threshold="31457280" timestamp="2019-08-08T19:53:54.773" intervalms="110.388" />
<cycle-start id="692" type="partial gc" contextid="0" timestamp="2019-08-08T19:53:54.773" intervalms="110.427" />
<gc-start id="693" type="partial gc" contextid="692" timestamp="2019-08-08T19:53:54.773">
  <mem-info id="694" free="18874368" total="94371840" percent="20">
    <mem type="eden" free="0" total="31457280" percent="0" />
    <remembered-set count="28608" freebytes="3658368" totalbytes="3772800" percent="96" regionsoverflowed="0" regionsstable="0" regionsrebuilding="0"/>
  </mem-info>
</gc-start>
<allocation-stats totalBytes="31425840" >
  <allocated-bytes non-tlh="65544" tlh="31360296" arrayletleaf="0"/>
  <largest-consumer threadName="main" threadId="0000000001F80F00" bytes="31425840" />
</allocation-stats>
<gc-op id="695" type="copy forward" timems="14.640" contextid="692" timestamp="2019-08-08T19:53:54.789">
  <memory-copied type="eden" objects="65726" bytes="1758848" bytesdiscarded="71000" />
  <memory-copied type="other" objects="69318" bytes="3643856" bytesdiscarded="90384" />
  <memory-cardclean objects="1904" bytes="65360" />
  <regions eden="15" other="2" />
  <remembered-set-cleared processed="19159" cleared="5159" durationms="0.154" />
  <references type="soft" candidates="65" cleared="0" enqueued="0" dynamicThreshold="17" maxThreshold="32" />
  <references type="weak" candidates="11" cleared="0" enqueued="0" />
  <references type="phantom" candidates="1" cleared="0" enqueued="0" />
  <stringconstants candidates="13328" cleared="0"  />
</gc-op>
<gc-op id="696" type="classunload" timems="0.007" contextid="692" timestamp="2019-08-08T19:53:54.789">
  <classunload-info classloadercandidates="55" classloadersunloaded="0" classesunloaded="0" anonymousclassesunloaded="0" quiescems="0.000" setupms="0.007" scanms="0.000" postms="0.000" />
</gc-op>
<gc-end id="697" type="partial gc" contextid="692" durationms="15.783" usertimems="48.703" systemtimems="0.000" timestamp="2019-08-08T19:53:54.789" activeThreads="16">
  <mem-info id="698" free="48234496" total="94371840" percent="51">
    <mem type="eden" free="267304" total="2097152" percent="12" />
    <remembered-set count="34080" freebytes="3636480" totalbytes="3772800" percent="96" regionsoverflowed="0" regionsstable="0" regionsrebuilding="0"/>
  </mem-info>
</gc-end>
<cycle-end id="699" type="partial gc" contextid="692" timestamp="2019-08-08T19:53:54.789" />
  <attribute name="elasticGC enabled" value="1" />
  <attribute name= "numThreadsSpecified" value="16" />
  <attribute name="heapSize specified" value="0" />
  <attribute name="Current GC Util" value="144" />
  <attribute name= "Current Time Running" value="75656" />
  <attribute name ="GC Interval" value="0" />
  <attribute name="Target GC Util Change" value ="80.000000" />
  <attribute name="Current GC Util Change" value="144.000000"/>
  <attribute name="Current Error" value="-64.000000" />
  <attribute name="Output H" value="94447448"/>
  <attribute name="Output I" value="1896"/>
  <attribute name="Output T" value="16"/>
  <attribute name= "Current Time Running" value="75656" />
  <attribute name="GC Util currently" value="144" />
  <attribute name="CPU Util currently" value="1629193365344" />
<exclusive-end id="700" timestamp="2019-08-08T19:53:54.789" durationms="16.420" />

<exclusive-start id="701" timestamp="2019-08-08T19:53:54.864" intervalms="91.776">
  <response-info timems="0.026" idlems="0.026" threads="0" lastid="0000000001F80F00" lastname="main" />
</exclusive-start>
<allocation-taxation id="702" taxation-threshold="31457280" timestamp="2019-08-08T19:53:54.864" intervalms="91.793" />
<cycle-start id="703" type="partial gc" contextid="0" timestamp="2019-08-08T19:53:54.864" intervalms="91.783" />
<gc-start id="704" type="partial gc" contextid="703" timestamp="2019-08-08T19:53:54.865">
  <mem-info id="705" free="16777216" total="94371840" percent="17">
    <mem type="eden" free="0" total="31457280" percent="0" />
    <remembered-set count="33824" freebytes="3637504" totalbytes="3772800" percent="96" regionsoverflowed="0" regionsstable="0" regionsrebuilding="0"/>
  </mem-info>
</gc-start>
<allocation-stats totalBytes="31423696" >
  <allocated-bytes non-tlh="0" tlh="31423696" arrayletleaf="0"/>
  <largest-consumer threadName="main" threadId="0000000001F80F00" bytes="31423696" />
</allocation-stats>
<gc-op id="706" type="copy forward" timems="15.079" contextid="703" timestamp="2019-08-08T19:53:54.881">
  <memory-copied type="eden" objects="65379" bytes="1601984" bytesdiscarded="100016" />
  <memory-copied type="other" objects="130381" bytes="3331376" bytesdiscarded="180536" />
  <memory-cardclean objects="1108" bytes="30392" />
  <regions eden="15" other="2" />
  <remembered-set-cleared processed="23645" cleared="8919" durationms="0.164" />
  <stringconstants candidates="13328" cleared="0"  />
</gc-op>
<gc-op id="707" type="classunload" timems="0.015" contextid="703" timestamp="2019-08-08T19:53:54.881">
  <classunload-info classloadercandidates="55" classloadersunloaded="0" classesunloaded="0" anonymousclassesunloaded="0" quiescems="0.000" setupms="0.015" scanms="0.000" postms="0.000" />
</gc-op>
<gc-end id="708" type="partial gc" contextid="703" durationms="16.183" usertimems="61.425" systemtimems="0.000" timestamp="2019-08-08T19:53:54.881" activeThreads="16">
  <mem-info id="709" free="46137344" total="94371840" percent="48">
    <mem type="eden" free="395152" total="2097152" percent="18" />
    <remembered-set count="37600" freebytes="3622400" totalbytes="3772800" percent="96" regionsoverflowed="0" regionsstable="0" regionsrebuilding="0"/>
  </mem-info>
</gc-end>
<cycle-end id="710" type="partial gc" contextid="703" timestamp="2019-08-08T19:53:54.881" />
  <attribute name="elasticGC enabled" value="1" />
  <attribute name= "numThreadsSpecified" value="16" />
  <attribute name="heapSize specified" value="0" />
  <attribute name="Current GC Util" value="155" />
  <attribute name= "Current Time Running" value="75747" />
  <attribute name ="GC Interval" value="0" />
  <attribute name="Target GC Util Change" value ="80.000000" />
  <attribute name="Current GC Util Change" value="155.000000"/>
  <attribute name="Current Error" value="-111.000000" />
  <attribute name="Output H" value="94447392"/>
  <attribute name="Output I" value="1816"/>
  <attribute name="Output T" value="16"/>
  <attribute name= "Current Time Running" value="75747" />
  <attribute name="GC Util currently" value="155" />
  <attribute name="CPU Util currently" value="1926280894250" />
<exclusive-end id="711" timestamp="2019-08-08T19:53:54.881" durationms="16.821" />

<exclusive-start id="712" timestamp="2019-08-08T19:53:54.954" intervalms="89.209">
  <response-info timems="0.020" idlems="0.020" threads="0" lastid="0000000001F80F00" lastname="main" />
</exclusive-start>
<allocation-taxation id="713" taxation-threshold="31457280" timestamp="2019-08-08T19:53:54.954" intervalms="89.192" />
<cycle-start id="714" type="partial gc" contextid="0" timestamp="2019-08-08T19:53:54.954" intervalms="89.238" />
<gc-start id="715" type="partial gc" contextid="714" timestamp="2019-08-08T19:53:54.954">
  <mem-info id="716" free="14680064" total="94371840" percent="15">
    <mem type="eden" free="0" total="31457280" percent="0" />
    <remembered-set count="37504" freebytes="3622784" totalbytes="3772800" percent="96" regionsoverflowed="0" regionsstable="0" regionsrebuilding="0"/>
  </mem-info>
</gc-start>
<allocation-stats totalBytes="31417424" >
  <allocated-bytes non-tlh="0" tlh="31417424" arrayletleaf="0"/>
  <largest-consumer threadName="main" threadId="0000000001F80F00" bytes="31417424" />
</allocation-stats>
<gc-op id="717" type="copy forward" timems="15.533" contextid="714" timestamp="2019-08-08T19:53:54.970">
  <memory-copied type="eden" objects="64033" bytes="1555176" bytesdiscarded="113800" />
  <memory-copied type="other" objects="131004" bytes="3357440" bytesdiscarded="187720" />
  <memory-cardclean objects="4053" bytes="111800" />
  <regions eden="15" other="2" />
  <remembered-set-cleared processed="27140" cleared="8798" durationms="0.157" />
  <stringconstants candidates="13328" cleared="0"  />
</gc-op>
<gc-op id="718" type="classunload" timems="0.007" contextid="714" timestamp="2019-08-08T19:53:54.970">
  <classunload-info classloadercandidates="55" classloadersunloaded="0" classesunloaded="0" anonymousclassesunloaded="0" quiescems="0.000" setupms="0.007" scanms="0.000" postms="0.000" />
</gc-op>
<heap-resize id="719" type="expand" space="default" amount="16777216" count="1" timems="0.123" reason="excessive time being spent in gc" timestamp="2019-08-08T19:53:54.971" />
<gc-end id="720" type="partial gc" contextid="714" durationms="16.699" usertimems="67.922" systemtimems="0.000" timestamp="2019-08-08T19:53:54.971" activeThreads="16">
  <mem-info id="721" free="60817408" total="111149056" percent="54">
    <mem type="eden" free="428176" total="2097152" percent="20" />
    <remembered-set count="43360" freebytes="4270080" totalbytes="4443520" percent="96" regionsoverflowed="0" regionsstable="0" regionsrebuilding="0"/>
  </mem-info>
</gc-end>
<cycle-end id="722" type="partial gc" contextid="714" timestamp="2019-08-08T19:53:54.971" />
  <attribute name="elasticGC enabled" value="1" />
  <attribute name= "numThreadsSpecified" value="16" />
  <attribute name="heapSize specified" value="0" />
  <attribute name="Current GC Util" value="147" />
  <attribute name= "Current Time Running" value="75836" />
  <attribute name ="GC Interval" value="0" />
  <attribute name="Target GC Util Change" value ="80.000000" />
  <attribute name="Current GC Util Change" value="147.000000"/>
  <attribute name="Current Error" value="-166.000000" />
  <attribute name="Output H" value="94447336"/>
  <attribute name="Output I" value="1712"/>
  <attribute name="Output T" value="16"/>
  <attribute name= "Current Time Running" value="75836" />
  <attribute name="GC Util currently" value="147" />
  <attribute name="CPU Util currently" value="1878233156255" />
<exclusive-end id="723" timestamp="2019-08-08T19:53:54.971" durationms="17.415" />

<exclusive-start id="724" timestamp="2019-08-08T19:53:55.053" intervalms="99.484">
  <response-info timems="0.020" idlems="0.020" threads="0" lastid="0000000001F80F00" lastname="main" />
</exclusive-start>
<allocation-taxation id="725" taxation-threshold="35651584" timestamp="2019-08-08T19:53:55.053" intervalms="99.536" />
<cycle-start id="726" type="partial gc" contextid="0" timestamp="2019-08-08T19:53:55.053" intervalms="99.503" />
<gc-start id="727" type="partial gc" contextid="726" timestamp="2019-08-08T19:53:55.053">
  <mem-info id="728" free="25165824" total="111149056" percent="22">
    <mem type="eden" free="0" total="35651584" percent="0" />
    <remembered-set count="42912" freebytes="4271872" totalbytes="4443520" percent="96" regionsoverflowed="0" regionsstable="0" regionsrebuilding="0"/>
  </mem-info>
</gc-start>
<allocation-stats totalBytes="35615408" >
  <allocated-bytes non-tlh="262160" tlh="35353248" arrayletleaf="0"/>
  <largest-consumer threadName="main" threadId="0000000001F80F00" bytes="35615408" />
</allocation-stats>
<gc-op id="729" type="copy forward" timems="12.283" contextid="726" timestamp="2019-08-08T19:53:55.067">
  <memory-copied type="eden" objects="75587" bytes="2163984" bytesdiscarded="88640" />
  <memory-copied type="other" objects="127981" bytes="3110736" bytesdiscarded="150560" />
  <memory-cardclean objects="9454" bytes="386112" />
  <regions eden="17" other="2" />
  <remembered-set-cleared processed="31834" cleared="9347" durationms="0.168" />
  <stringconstants candidates="13328" cleared="0"  />
</gc-op>
<gc-op id="730" type="classunload" timems="0.008" contextid="726" timestamp="2019-08-08T19:53:55.067">
  <classunload-info classloadercandidates="55" classloadersunloaded="0" classesunloaded="0" anonymousclassesunloaded="0" quiescems="0.000" setupms="0.008" scanms="0.000" postms="0.000" />
</gc-op>
<heap-resize id="731" type="expand" space="default" amount="20971520" count="1" timems="0.172" reason="excessive time being spent in gc" timestamp="2019-08-08T19:53:55.067" />
<gc-end id="732" type="partial gc" contextid="726" durationms="13.564" usertimems="54.290" systemtimems="0.000" timestamp="2019-08-08T19:53:55.067" activeThreads="16">
  <mem-info id="733" free="77594624" total="132120576" percent="58">
    <mem type="eden" free="1941680" total="4194304" percent="46" />
    <remembered-set count="46816" freebytes="5094656" totalbytes="5281920" percent="96" regionsoverflowed="0" regionsstable="0" regionsrebuilding="0"/>
  </mem-info>
</gc-end>
<cycle-end id="734" type="partial gc" contextid="726" timestamp="2019-08-08T19:53:55.067" />
  <attribute name="elasticGC enabled" value="1" />
  <attribute name= "numThreadsSpecified" value="16" />
  <attribute name="heapSize specified" value="0" />
  <attribute name="Current GC Util" value="135" />
  <attribute name= "Current Time Running" value="75936" />
  <attribute name ="GC Interval" value="0" />
  <attribute name="Target GC Util Change" value ="80.000000" />
  <attribute name="Current GC Util Change" value="135.000000"/>
  <attribute name="Current Error" value="-55.000000" />
  <attribute name="Output H" value="111224680"/>
  <attribute name="Output I" value="1912"/>
  <attribute name="Output T" value="16"/>
  <attribute name= "Current Time Running" value="75936" />
  <attribute name="GC Util currently" value="135" />
  <attribute name="CPU Util currently" value="1784172388751" />
<exclusive-end id="735" timestamp="2019-08-08T19:53:55.067" durationms="14.141" />

<exclusive-start id="736" timestamp="2019-08-08T19:53:55.202" intervalms="149.000">
  <response-info timems="0.040" idlems="0.040" threads="0" lastid="0000000001F80F00" lastname="main" />
</exclusive-start>
<allocation-taxation id="737" taxation-threshold="39845888" timestamp="2019-08-08T19:53:55.202" intervalms="148.948" />
<cycle-start id="738" type="partial gc" contextid="0" timestamp="2019-08-08T19:53:55.202" intervalms="148.960" />
<gc-start id="739" type="partial gc" contextid="738" timestamp="2019-08-08T19:53:55.202">
  <mem-info id="740" free="37748736" total="132120576" percent="28">
    <mem type="eden" free="0" total="39845888" percent="0" />
    <remembered-set count="46816" freebytes="5094656" totalbytes="5281920" percent="96" regionsoverflowed="0" regionsstable="0" regionsrebuilding="0"/>
  </mem-info>
</gc-start>
<allocation-stats totalBytes="39819224" >
  <allocated-bytes non-tlh="1809512" tlh="38009712" arrayletleaf="0"/>
  <largest-consumer threadName="main" threadId="0000000001F80F00" bytes="39819224" />
</allocation-stats>
<gc-op id="741" type="copy forward" timems="13.101" contextid="738" timestamp="2019-08-08T19:53:55.216">
  <memory-copied type="eden" objects="84740" bytes="3301848" bytesdiscarded="197496" />
  <memory-copied type="other" objects="77042" bytes="4153336" bytesdiscarded="276104" />
  <memory-cardclean objects="10049" bytes="420336" />
  <regions eden="19" other="3" />
  <remembered-set-cleared processed="37091" cleared="7389" durationms="0.560" />
  <finalization candidates="1" enqueued="1" />
  <references type="soft" candidates="65" cleared="0" enqueued="0" dynamicThreshold="18" maxThreshold="32" />
  <references type="weak" candidates="17" cleared="0" enqueued="0" />
  <references type="phantom" candidates="1" cleared="0" enqueued="0" />
  <stringconstants candidates="13328" cleared="0"  />
</gc-op>
<gc-op id="742" type="classunload" timems="0.007" contextid="738" timestamp="2019-08-08T19:53:55.216">
  <classunload-info classloadercandidates="55" classloadersunloaded="0" classesunloaded="0" anonymousclassesunloaded="0" quiescems="0.000" setupms="0.007" scanms="0.000" postms="0.000" />
</gc-op>
<heap-resize id="743" type="expand" space="default" amount="14680064" count="1" timems="0.110" reason="excessive time being spent in gc" timestamp="2019-08-08T19:53:55.217" />
<gc-end id="744" type="partial gc" contextid="738" durationms="14.222" usertimems="45.861" systemtimems="0.000" timestamp="2019-08-08T19:53:55.217" activeThreads="16">
  <mem-info id="745" free="88080384" total="146800640" percent="60">
    <mem type="eden" free="694936" total="4194304" percent="16" />
    <pending-finalizers system="0" default="1" reference="0" classloader="0" />
    <remembered-set count="54144" freebytes="5652224" totalbytes="5868800" percent="96" regionsoverflowed="0" regionsstable="0" regionsrebuilding="0"/>
  </mem-info>
</gc-end>
<cycle-end id="746" type="partial gc" contextid="738" timestamp="2019-08-08T19:53:55.217" />
  <attribute name="elasticGC enabled" value="1" />
  <attribute name= "numThreadsSpecified" value="16" />
  <attribute name="heapSize specified" value="0" />
  <attribute name="Current GC Util" value="170" />
  <attribute name= "Current Time Running" value="76085" />
  <attribute name ="GC Interval" value="0" />
  <attribute name="Target GC Util Change" value ="80.000000" />
  <attribute name="Current GC Util Change" value="170.000000"/>
  <attribute name="Current Error" value="-100.000000" />
  <attribute name="Output H" value="132196144"/>
  <attribute name="Output I" value="1832"/>
  <attribute name="Output T" value="16"/>
  <attribute name= "Current Time Running" value="76085" />
  <attribute name="GC Util currently" value="170" />
  <attribute name="CPU Util currently" value="2041186787926" />
<exclusive-end id="747" timestamp="2019-08-08T19:53:55.217" durationms="14.869" />

-------------------------------------------------------------------------------
PYBENCH 2.0
-------------------------------------------------------------------------------
* using Python 2.5.2
* system check interval set to maximum: 2147483647
* using timer: time.time

Calibrating tests. Please wait...

Running 4 round(s) of the suite at warp factor 10:

<exclusive-start id="748" timestamp="2019-08-08T19:53:55.475" intervalms="273.090">
  <response-info timems="0.064" idlems="0.064" threads="0" lastid="0000000001F80F00" lastname="main" />
</exclusive-start>
<allocation-taxation id="749" taxation-threshold="44040192" timestamp="2019-08-08T19:53:55.475" intervalms="273.092" />
<cycle-start id="750" type="partial gc" contextid="0" timestamp="2019-08-08T19:53:55.475" intervalms="273.053" />
<gc-start id="751" type="partial gc" contextid="750" timestamp="2019-08-08T19:53:55.475">
  <mem-info id="752" free="44040192" total="146800640" percent="30">
    <mem type="eden" free="0" total="44040192" percent="0" />
    <remembered-set count="53792" freebytes="5653632" totalbytes="5868800" percent="96" regionsoverflowed="0" regionsstable="0" regionsrebuilding="0"/>
  </mem-info>
</gc-start>
<allocation-stats totalBytes="44037104" >
  <allocated-bytes non-tlh="149376" tlh="43887728" arrayletleaf="0"/>
  <largest-consumer threadName="main" threadId="0000000001F80F00" bytes="44037104" />
</allocation-stats>
<gc-op id="753" type="copy forward" timems="13.692" contextid="750" timestamp="2019-08-08T19:53:55.490">
  <memory-copied type="eden" objects="52741" bytes="1370968" bytesdiscarded="179280" />
  <memory-copied type="other" objects="149624" bytes="3626640" bytesdiscarded="227704" />
  <memory-cardclean objects="6708" bytes="470416" />
  <regions eden="21" other="3" />
  <remembered-set-cleared processed="41446" cleared="10859" durationms="0.387" />
  <references type="soft" candidates="2139" cleared="0" enqueued="0" dynamicThreshold="19" maxThreshold="32" />
  <references type="weak" candidates="80" cleared="0" enqueued="0" />
  <stringconstants candidates="13787" cleared="5"  />
</gc-op>
<gc-op id="754" type="classunload" timems="0.008" contextid="750" timestamp="2019-08-08T19:53:55.490">
  <classunload-info classloadercandidates="55" classloadersunloaded="0" classesunloaded="0" anonymousclassesunloaded="0" quiescems="0.000" setupms="0.007" scanms="0.000" postms="0.000" />
</gc-op>
<gc-end id="755" type="partial gc" contextid="750" durationms="14.711" usertimems="69.622" systemtimems="0.000" timestamp="2019-08-08T19:53:55.490" activeThreads="16">
  <mem-info id="756" free="85983232" total="146800640" percent="58">
    <mem type="eden" free="546880" total="2097152" percent="26" />
    <remembered-set count="56256" freebytes="5643776" totalbytes="5868800" percent="96" regionsoverflowed="0" regionsstable="0" regionsrebuilding="0"/>
  </mem-info>
</gc-end>
<cycle-end id="757" type="partial gc" contextid="750" timestamp="2019-08-08T19:53:55.490" />
  <attribute name="elasticGC enabled" value="1" />
  <attribute name= "numThreadsSpecified" value="16" />
  <attribute name="heapSize specified" value="0" />
  <attribute name="Current GC Util" value="145" />
  <attribute name= "Current Time Running" value="76358" />
  <attribute name ="GC Interval" value="0" />
  <attribute name="Target GC Util Change" value ="80.000000" />
  <attribute name="Current GC Util Change" value="145.000000"/>
  <attribute name="Current Error" value="-101.000000" />
  <attribute name="Output H" value="146876208"/>
  <attribute name="Output I" value="1832"/>
  <attribute name="Output T" value="16"/>
  <attribute name= "Current Time Running" value="76358" />
  <attribute name="GC Util currently" value="145" />
  <attribute name="CPU Util currently" value="1899889742780" />
<exclusive-end id="758" timestamp="2019-08-08T19:53:55.490" durationms="15.270" />

<exclusive-start id="759" timestamp="2019-08-08T19:53:57.481" intervalms="2005.730">
  <response-info timems="0.043" idlems="0.043" threads="0" lastid="0000000001F80F00" lastname="main" />
</exclusive-start>
<allocation-taxation id="760" taxation-threshold="44040192" timestamp="2019-08-08T19:53:57.481" intervalms="2005.729" />
<cycle-start id="761" type="partial gc" contextid="0" timestamp="2019-08-08T19:53:57.481" intervalms="2005.900" />
<gc-start id="762" type="partial gc" contextid="761" timestamp="2019-08-08T19:53:57.481">
  <mem-info id="763" free="41943040" total="146800640" percent="28">
    <mem type="eden" free="0" total="44040192" percent="0" />
    <remembered-set count="56224" freebytes="5643904" totalbytes="5868800" percent="96" regionsoverflowed="0" regionsstable="0" regionsrebuilding="0"/>
  </mem-info>
</gc-start>
<allocation-stats totalBytes="43989416" >
  <allocated-bytes non-tlh="64" tlh="43989352" arrayletleaf="0"/>
  <largest-consumer threadName="main" threadId="0000000001F80F00" bytes="43989416" />
</allocation-stats>
<gc-op id="764" type="copy forward" timems="16.987" contextid="761" timestamp="2019-08-08T19:53:57.499">
  <memory-copied type="eden" objects="82" bytes="3208" bytesdiscarded="0" />
  <memory-copied type="other" objects="117694" bytes="2962416" bytesdiscarded="168152" />
  <memory-cardclean objects="6715" bytes="455320" />
  <regions eden="21" other="2" />
  <remembered-set-cleared processed="44447" cleared="9022" durationms="0.251" />
  <references type="soft" candidates="2139" cleared="0" enqueued="0" dynamicThreshold="18" maxThreshold="32" />
  <references type="weak" candidates="74" cleared="0" enqueued="0" />
  <stringconstants candidates="13783" cleared="0"  />
</gc-op>
<gc-op id="765" type="classunload" timems="0.022" contextid="761" timestamp="2019-08-08T19:53:57.499">
  <classunload-info classloadercandidates="55" classloadersunloaded="0" classesunloaded="0" anonymousclassesunloaded="0" quiescems="0.000" setupms="0.022" scanms="0.000" postms="0.000" />
</gc-op>
<gc-end id="766" type="partial gc" contextid="761" durationms="17.995" usertimems="80.335" systemtimems="0.000" timestamp="2019-08-08T19:53:57.499" activeThreads="16">
  <mem-info id="767" free="83886080" total="146800640" percent="57">
    <mem type="eden" free="2093944" total="2097152" percent="99" />
    <remembered-set count="55648" freebytes="5646208" totalbytes="5868800" percent="96" regionsoverflowed="0" regionsstable="0" regionsrebuilding="0"/>
  </mem-info>
</gc-end>
<cycle-end id="768" type="partial gc" contextid="761" timestamp="2019-08-08T19:53:57.499" />
  <attribute name="elasticGC enabled" value="1" />
  <attribute name= "numThreadsSpecified" value="16" />
  <attribute name="heapSize specified" value="0" />
  <attribute name="Current GC Util" value="0" />
  <attribute name= "Current Time Running" value="78364" />
  <attribute name ="GC Interval" value="0" />
  <attribute name="Target GC Util Change" value ="80.000000" />
  <attribute name="Current GC Util Change" value="0.000000"/>
  <attribute name="Current Error" value="80.000000" />
  <attribute name="Output H" value="146876416"/>
  <attribute name="Output I" value="2152"/>
  <attribute name="Output T" value="16"/>
  <attribute name= "Current Time Running" value="78364" />
  <attribute name="GC Util currently" value="0" />
  <attribute name="CPU Util currently" value="2079209182225" />
<exclusive-end id="769" timestamp="2019-08-08T19:53:57.500" durationms="18.736" />

<exclusive-start id="770" timestamp="2019-08-08T19:53:57.539" intervalms="58.166">
  <response-info timems="0.043" idlems="0.043" threads="0" lastid="0000000001F80F00" lastname="main" />
</exclusive-start>
<allocation-taxation id="771" taxation-threshold="44040192" timestamp="2019-08-08T19:53:57.539" intervalms="58.167" />
<cycle-start id="772" type="partial gc" contextid="0" timestamp="2019-08-08T19:53:57.539" intervalms="58.019" />
<gc-start id="773" type="partial gc" contextid="772" timestamp="2019-08-08T19:53:57.539">
  <mem-info id="774" free="39845888" total="146800640" percent="27">
    <mem type="eden" free="0" total="44040192" percent="0" />
    <remembered-set count="55360" freebytes="5647360" totalbytes="5868800" percent="96" regionsoverflowed="0" regionsstable="0" regionsrebuilding="0"/>
  </mem-info>
</gc-start>
<allocation-stats totalBytes="43875624" >
  <allocated-bytes non-tlh="0" tlh="43875624" arrayletleaf="0"/>
  <largest-consumer threadName="main" threadId="0000000001F80F00" bytes="43875624" />
</allocation-stats>
<gc-op id="775" type="copy forward" timems="11.311" contextid="772" timestamp="2019-08-08T19:53:57.552">
  <memory-copied type="eden" objects="2" bytes="56" bytesdiscarded="736" />
  <memory-copied type="other" objects="82467" bytes="1978368" bytesdiscarded="91936" />
  <memory-cardclean objects="5046" bytes="522320" />
  <regions eden="21" other="2" />
  <remembered-set-cleared processed="44299" cleared="5346" durationms="0.220" />
  <references type="weak" candidates="6" cleared="0" enqueued="0" />
  <stringconstants candidates="13783" cleared="0"  />
</gc-op>
<gc-op id="776" type="classunload" timems="0.011" contextid="772" timestamp="2019-08-08T19:53:57.552">
  <classunload-info classloadercandidates="55" classloadersunloaded="0" classesunloaded="0" anonymousclassesunloaded="0" quiescems="0.000" setupms="0.011" scanms="0.000" postms="0.000" />
</gc-op>
<heap-resize id="777" type="contract" space="default" amount="8388608" count="1" timems="0.081" reason="insufficient time being spent in gc" timestamp="2019-08-08T19:53:57.552" />
<gc-end id="778" type="partial gc" contextid="772" durationms="12.807" usertimems="43.511" systemtimems="0.000" timestamp="2019-08-08T19:53:57.552" activeThreads="16">
  <mem-info id="779" free="73400320" total="138412032" percent="53">
    <mem type="eden" free="2096360" total="2097152" percent="99" />
    <remembered-set count="57120" freebytes="5640320" totalbytes="5868800" percent="96" regionsoverflowed="0" regionsstable="0" regionsrebuilding="0"/>
  </mem-info>
</gc-end>
<cycle-end id="780" type="partial gc" contextid="772" timestamp="2019-08-08T19:53:57.552" />
  <attribute name="elasticGC enabled" value="1" />
  <attribute name= "numThreadsSpecified" value="16" />
  <attribute name="heapSize specified" value="0" />
  <attribute name="Current GC Util" value="147" />
  <attribute name= "Current Time Running" value="78422" />
  <attribute name ="GC Interval" value="0" />
  <attribute name="Target GC Util Change" value ="80.000000" />
  <attribute name="Current GC Util Change" value="147.000000"/>
  <attribute name="Current Error" value="-31.000000" />
  <attribute name="Output H" value="146876288"/>
  <attribute name="Output I" value="1960"/>
  <attribute name="Output T" value="16"/>
  <attribute name= "Current Time Running" value="78422" />
  <attribute name="GC Util currently" value="147" />
  <attribute name="CPU Util currently" value="1204918546022" />
<exclusive-end id="781" timestamp="2019-08-08T19:53:57.552" durationms="13.382" />

<exclusive-start id="782" timestamp="2019-08-08T19:53:57.577" intervalms="38.429">
  <response-info timems="0.034" idlems="0.034" threads="0" lastid="0000000001F80F00" lastname="main" />
</exclusive-start>
<allocation-taxation id="783" taxation-threshold="41943040" timestamp="2019-08-08T19:53:57.577" intervalms="38.427" />
<cycle-start id="784" type="partial gc" contextid="0" timestamp="2019-08-08T19:53:57.578" intervalms="38.401" />
<gc-start id="785" type="partial gc" contextid="784" timestamp="2019-08-08T19:53:57.578">
  <mem-info id="786" free="31457280" total="138412032" percent="22">
    <mem type="eden" free="2096360" total="44040192" percent="4" />
    <remembered-set count="56960" freebytes="5640960" totalbytes="5868800" percent="96" regionsoverflowed="0" regionsstable="0" regionsrebuilding="0"/>
  </mem-info>
</gc-start>
<allocation-stats totalBytes="41802040" >
  <allocated-bytes non-tlh="0" tlh="41802040" arrayletleaf="0"/>
  <largest-consumer threadName="main" threadId="0000000001F80F00" bytes="41802040" />
</allocation-stats>
<gc-op id="787" type="copy forward" timems="11.581" contextid="784" timestamp="2019-08-08T19:53:57.591">
  <memory-copied type="eden" objects="2" bytes="56" bytesdiscarded="0" />
  <memory-copied type="other" objects="63854" bytes="1550016" bytesdiscarded="92712" />
  <memory-cardclean objects="5205" bytes="395488" />
  <regions eden="20" other="2" />
  <remembered-set-cleared processed="44180" cleared="5275" durationms="0.239" />
  <stringconstants candidates="13783" cleared="0"  />
</gc-op>
<gc-op id="788" type="classunload" timems="0.011" contextid="784" timestamp="2019-08-08T19:53:57.591">
  <classunload-info classloadercandidates="55" classloadersunloaded="0" classesunloaded="0" anonymousclassesunloaded="0" quiescems="0.000" setupms="0.011" scanms="0.000" postms="0.000" />
</gc-op>
<heap-resize id="789" type="contract" space="default" amount="8388608" count="1" timems="0.084" reason="insufficient time being spent in gc" timestamp="2019-08-08T19:53:57.591" />
<gc-end id="790" type="partial gc" contextid="784" durationms="13.283" usertimems="34.115" systemtimems="0.000" timestamp="2019-08-08T19:53:57.591" activeThreads="16">
  <mem-info id="791" free="65011712" total="130023424" percent="50">
    <mem type="eden" free="2097096" total="2097152" percent="99" />
    <remembered-set count="55712" freebytes="5310592" totalbytes="5533440" percent="95" regionsoverflowed="0" regionsstable="0" regionsrebuilding="0"/>
  </mem-info>
</gc-end>
<cycle-end id="792" type="partial gc" contextid="784" timestamp="2019-08-08T19:53:57.591" />
  <attribute name="elasticGC enabled" value="1" />
  <attribute name= "numThreadsSpecified" value="16" />
  <attribute name="heapSize specified" value="0" />
  <attribute name="Current GC Util" value="115" />
  <attribute name= "Current Time Running" value="78461" />
  <attribute name ="GC Interval" value="0" />
  <attribute name="Target GC Util Change" value ="80.000000" />
  <attribute name="Current GC Util Change" value="115.000000"/>
  <attribute name="Current Error" value="-93.000000" />
  <attribute name="Output H" value="138487608"/>
  <attribute name="Output I" value="1848"/>
  <attribute name="Output T" value="16"/>
  <attribute name= "Current Time Running" value="78461" />
  <attribute name="GC Util currently" value="115" />
  <attribute name="CPU Util currently" value="1091013046515" />
<exclusive-end id="793" timestamp="2019-08-08T19:53:57.591" durationms="13.820" />

<exclusive-start id="794" timestamp="2019-08-08T19:53:57.612" intervalms="34.849">
  <response-info timems="0.038" idlems="0.038" threads="0" lastid="0000000001F80F00" lastname="main" />
</exclusive-start>
<allocation-taxation id="795" taxation-threshold="39845888" timestamp="2019-08-08T19:53:57.612" intervalms="34.850" />
<cycle-start id="796" type="partial gc" contextid="0" timestamp="2019-08-08T19:53:57.612" intervalms="34.851" />
<gc-start id="797" type="partial gc" contextid="796" timestamp="2019-08-08T19:53:57.613">
  <mem-info id="798" free="25165824" total="130023424" percent="19">
    <mem type="eden" free="2097096" total="41943040" percent="4" />
    <remembered-set count="55296" freebytes="5312256" totalbytes="5533440" percent="96" regionsoverflowed="0" regionsstable="0" regionsrebuilding="0"/>
  </mem-info>
</gc-start>
<allocation-stats totalBytes="39711728" >
  <allocated-bytes non-tlh="0" tlh="39711728" arrayletleaf="0"/>
  <largest-consumer threadName="main" threadId="0000000001F80F00" bytes="39711728" />
</allocation-stats>
<gc-op id="799" type="copy forward" timems="21.661" contextid="796" timestamp="2019-08-08T19:53:57.636">
  <memory-copied type="eden" objects="2" bytes="56" bytesdiscarded="0" />
  <memory-copied type="other" objects="83590" bytes="3153600" bytesdiscarded="504" />
  <memory-cardclean objects="172233" bytes="5786304" />
  <regions eden="19" other="3" />
  <remembered-set-cleared processed="28098" cleared="17851" durationms="0.427" />
  <finalization candidates="49" enqueued="0" />
  <ownableSynchronizers candidates="17" cleared="0" />
  <references type="soft" candidates="45" cleared="0" enqueued="0" dynamicThreshold="16" maxThreshold="32" />
  <references type="weak" candidates="857" cleared="0" enqueued="0" />
  <references type="phantom" candidates="34" cleared="0" enqueued="0" />
  <stringconstants candidates="13783" cleared="0"  />
</gc-op>
<gc-op id="800" type="classunload" timems="0.008" contextid="796" timestamp="2019-08-08T19:53:57.636">
  <classunload-info classloadercandidates="55" classloadersunloaded="0" classesunloaded="0" anonymousclassesunloaded="0" quiescems="0.000" setupms="0.007" scanms="0.000" postms="0.000" />
</gc-op>
<heap-resize id="801" type="expand" space="default" amount="23068672" count="1" timems="0.113" reason="excessive time being spent in gc" timestamp="2019-08-08T19:53:57.636" />
<gc-end id="802" type="partial gc" contextid="796" durationms="23.258" usertimems="24.376" systemtimems="0.000" timestamp="2019-08-08T19:53:57.636" activeThreads="1">
  <mem-info id="803" free="90177536" total="153092096" percent="58">
    <mem type="eden" free="2097096" total="2097152" percent="99" />
    <remembered-set count="49440" freebytes="5922560" totalbytes="6120320" percent="96" regionsoverflowed="0" regionsstable="0" regionsrebuilding="0"/>
  </mem-info>
</gc-end>
<cycle-end id="804" type="partial gc" contextid="796" timestamp="2019-08-08T19:53:57.636" />
  <attribute name="elasticGC enabled" value="1" />
  <attribute name= "numThreadsSpecified" value="1" />
  <attribute name="heapSize specified" value="0" />
  <attribute name="Current GC Util" value="102" />
  <attribute name= "Current Time Running" value="78495" />
  <attribute name ="GC Interval" value="0" />
  <attribute name="Target GC Util Change" value ="80.000000" />
  <attribute name="Current GC Util Change" value="102.000000"/>
  <attribute name="Current Error" value="-22.000000" />
  <attribute name="Output H" value="130099080"/>
  <attribute name="Output I" value="1976"/>
  <attribute name="Output T" value="1"/>
  <attribute name= "Current Time Running" value="78495" />
  <attribute name="GC Util currently" value="102" />
  <attribute name="CPU Util currently" value="1205363228601" />
<exclusive-end id="805" timestamp="2019-08-08T19:53:57.636" durationms="23.788" />

<exclusive-start id="806" timestamp="2019-08-08T19:53:57.661" intervalms="48.358">
  <response-info timems="0.035" idlems="0.035" threads="0" lastid="0000000001F80F00" lastname="main" />
</exclusive-start>
<allocation-taxation id="807" taxation-threshold="46137344" timestamp="2019-08-08T19:53:57.661" intervalms="48.358" />
<cycle-start id="808" type="partial gc" contextid="0" timestamp="2019-08-08T19:53:57.661" intervalms="48.417" />
<gc-start id="809" type="partial gc" contextid="808" timestamp="2019-08-08T19:53:57.661">
  <mem-info id="810" free="44040192" total="153092096" percent="28">
    <mem type="eden" free="2097096" total="48234496" percent="4" />
    <remembered-set count="49120" freebytes="5923840" totalbytes="6120320" percent="96" regionsoverflowed="0" regionsstable="0" regionsrebuilding="0"/>
  </mem-info>
</gc-start>
<allocation-stats totalBytes="45982592" >
  <allocated-bytes non-tlh="0" tlh="45982592" arrayletleaf="0"/>
  <largest-consumer threadName="main" threadId="0000000001F80F00" bytes="45982592" />
</allocation-stats>
<gc-op id="811" type="copy forward" timems="12.952" contextid="808" timestamp="2019-08-08T19:53:57.676">
  <memory-copied type="eden" objects="2" bytes="56" bytesdiscarded="0" />
  <memory-copied type="other" objects="95003" bytes="2420736" bytesdiscarded="124784" />
  <memory-cardclean objects="4252" bytes="521576" />
  <regions eden="22" other="3" />
  <remembered-set-cleared processed="43033" cleared="7223" durationms="0.223" />
  <references type="weak" candidates="6" cleared="0" enqueued="0" />
  <stringconstants candidates="13783" cleared="0"  />
</gc-op>
<gc-op id="812" type="classunload" timems="0.008" contextid="808" timestamp="2019-08-08T19:53:57.676">
  <classunload-info classloadercandidates="55" classloadersunloaded="0" classesunloaded="0" anonymousclassesunloaded="0" quiescems="0.000" setupms="0.007" scanms="0.000" postms="0.000" />
</gc-op>
<gc-end id="813" type="partial gc" contextid="808" durationms="14.840" usertimems="40.373" systemtimems="0.000" timestamp="2019-08-08T19:53:57.676" activeThreads="16">
  <mem-info id="814" free="92274688" total="153092096" percent="60">
    <mem type="eden" free="2097096" total="2097152" percent="99" />
    <remembered-set count="53824" freebytes="5905024" totalbytes="6120320" percent="96" regionsoverflowed="0" regionsstable="0" regionsrebuilding="0"/>
  </mem-info>
</gc-end>
<cycle-end id="815" type="partial gc" contextid="808" timestamp="2019-08-08T19:53:57.676" />
  <attribute name="elasticGC enabled" value="1" />
  <attribute name= "numThreadsSpecified" value="16" />
  <attribute name="heapSize specified" value="0" />
  <attribute name="Current GC Util" value="340" />
  <attribute name= "Current Time Running" value="78544" />
  <attribute name ="GC Interval" value="0" />
  <attribute name="Target GC Util Change" value ="80.000000" />
  <attribute name="Current GC Util Change" value="340.000000"/>
  <attribute name="Current Error" value="-250.000000" />
  <attribute name="Output H" value="153167488"/>
  <attribute name="Output I" value="1568"/>
  <attribute name="Output T" value="16"/>
  <attribute name= "Current Time Running" value="78544" />
  <attribute name="GC Util currently" value="340" />
  <attribute name="CPU Util currently" value="811139676438" />
<exclusive-end id="816" timestamp="2019-08-08T19:53:57.676" durationms="15.474" />

<exclusive-start id="817" timestamp="2019-08-08T19:53:57.710" intervalms="49.813">
  <response-info timems="0.058" idlems="0.058" threads="0" lastid="0000000001F80F00" lastname="main" />
</exclusive-start>
<allocation-taxation id="818" taxation-threshold="46137344" timestamp="2019-08-08T19:53:57.710" intervalms="49.819" />
<cycle-start id="819" type="partial gc" contextid="0" timestamp="2019-08-08T19:53:57.711" intervalms="49.803" />
<gc-start id="820" type="partial gc" contextid="819" timestamp="2019-08-08T19:53:57.711">
  <mem-info id="821" free="46137344" total="153092096" percent="30">
    <mem type="eden" free="2097096" total="48234496" percent="4" />
    <remembered-set count="53376" freebytes="5906816" totalbytes="6120320" percent="96" regionsoverflowed="0" regionsstable="0" regionsrebuilding="0"/>
  </mem-info>
</gc-start>
<allocation-stats totalBytes="45982616" >
  <allocated-bytes non-tlh="0" tlh="45982616" arrayletleaf="0"/>
  <largest-consumer threadName="main" threadId="0000000001F80F00" bytes="45982616" />
</allocation-stats>
<gc-op id="822" type="copy forward" timems="11.902" contextid="819" timestamp="2019-08-08T19:53:57.724">
  <memory-copied type="eden" objects="2" bytes="56" bytesdiscarded="0" />
  <memory-copied type="other" objects="52707" bytes="1362832" bytesdiscarded="107120" />
  <memory-cardclean objects="2437" bytes="78624" />
  <regions eden="22" other="2" />
  <remembered-set-cleared processed="43372" cleared="2824" durationms="0.537" />
  <references type="soft" candidates="2139" cleared="0" enqueued="0" dynamicThreshold="19" maxThreshold="32" />
  <references type="weak" candidates="74" cleared="0" enqueued="0" />
  <stringconstants candidates="13783" cleared="0"  />
</gc-op>
<gc-op id="823" type="classunload" timems="0.009" contextid="819" timestamp="2019-08-08T19:53:57.724">
  <classunload-info classloadercandidates="55" classloadersunloaded="0" classesunloaded="0" anonymousclassesunloaded="0" quiescems="0.000" setupms="0.009" scanms="0.000" postms="0.000" />
</gc-op>
<gc-end id="824" type="partial gc" contextid="819" durationms="13.133" usertimems="45.285" systemtimems="0.000" timestamp="2019-08-08T19:53:57.724" activeThreads="16">
  <mem-info id="825" free="92274688" total="153092096" percent="60">
    <mem type="eden" free="2097096" total="2097152" percent="99" />
    <remembered-set count="53408" freebytes="5906688" totalbytes="6120320" percent="96" regionsoverflowed="0" regionsstable="0" regionsrebuilding="0"/>
  </mem-info>
</gc-end>
<cycle-end id="826" type="partial gc" contextid="819" timestamp="2019-08-08T19:53:57.724" />
  <attribute name="elasticGC enabled" value="1" />
  <attribute name= "numThreadsSpecified" value="16" />
  <attribute name="heapSize specified" value="0" />
  <attribute name="Current GC Util" value="243" />
  <attribute name= "Current Time Running" value="78594" />
  <attribute name ="GC Interval" value="0" />
  <attribute name="Target GC Util Change" value ="80.000000" />
  <attribute name="Current GC Util Change" value="243.000000"/>
  <attribute name="Current Error" value="-407.000000" />
  <attribute name="Output H" value="153167312"/>
  <attribute name="Output I" value="1288"/>
  <attribute name="Output T" value="16"/>
  <attribute name= "Current Time Running" value="78594" />
  <attribute name="GC Util currently" value="243" />
  <attribute name="CPU Util currently" value="1467569956510" />
<exclusive-end id="827" timestamp="2019-08-08T19:53:57.724" durationms="14.015" />

<exclusive-start id="828" timestamp="2019-08-08T19:53:57.749" intervalms="38.714">
  <response-info timems="0.040" idlems="0.040" threads="0" lastid="0000000001F80F00" lastname="main" />
</exclusive-start>
<allocation-taxation id="829" taxation-threshold="46137344" timestamp="2019-08-08T19:53:57.749" intervalms="38.707" />
<cycle-start id="830" type="partial gc" contextid="0" timestamp="2019-08-08T19:53:57.749" intervalms="38.695" />
<gc-start id="831" type="partial gc" contextid="830" timestamp="2019-08-08T19:53:57.750">
  <mem-info id="832" free="46137344" total="153092096" percent="30">
    <mem type="eden" free="2097096" total="48234496" percent="4" />
    <remembered-set count="36736" freebytes="5973376" totalbytes="6120320" percent="97" regionsoverflowed="0" regionsstable="1" regionsrebuilding="0"/>
  </mem-info>
</gc-start>
<allocation-stats totalBytes="45982592" >
  <allocated-bytes non-tlh="0" tlh="45982592" arrayletleaf="0"/>
  <largest-consumer threadName="main" threadId="0000000001F80F00" bytes="45982592" />
</allocation-stats>
<gc-op id="833" type="copy forward" timems="9.959" contextid="830" timestamp="2019-08-08T19:53:57.761">
  <memory-copied type="eden" objects="2" bytes="56" bytesdiscarded="0" />
  <memory-copied type="other" objects="26132" bytes="711128" bytesdiscarded="44224" />
  <memory-cardclean objects="4449" bytes="401032" />
  <regions eden="22" other="2" />
  <remembered-set-cleared processed="26915" cleared="2975" durationms="0.202" />
  <finalization candidates="1" enqueued="0" />
  <references type="soft" candidates="113" cleared="0" enqueued="0" dynamicThreshold="19" maxThreshold="32" />
  <references type="weak" candidates="113" cleared="0" enqueued="0" />
  <references type="phantom" candidates="2" cleared="0" enqueued="0" />
  <stringconstants candidates="13783" cleared="0"  />
</gc-op>
<gc-op id="834" type="classunload" timems="0.008" contextid="830" timestamp="2019-08-08T19:53:57.761">
  <classunload-info classloadercandidates="55" classloadersunloaded="0" classesunloaded="0" anonymousclassesunloaded="0" quiescems="0.000" setupms="0.008" scanms="0.000" postms="0.000" />
</gc-op>
<gc-end id="835" type="partial gc" contextid="830" durationms="11.380" usertimems="38.066" systemtimems="0.000" timestamp="2019-08-08T19:53:57.761" activeThreads="16">
  <mem-info id="836" free="92274688" total="153092096" percent="60">
    <mem type="eden" free="2097096" total="2097152" percent="99" />
    <remembered-set count="36800" freebytes="5973120" totalbytes="6120320" percent="97" regionsoverflowed="0" regionsstable="1" regionsrebuilding="0"/>
  </mem-info>
</gc-end>
<cycle-end id="837" type="partial gc" contextid="830" timestamp="2019-08-08T19:53:57.761" />
  <attribute name="elasticGC enabled" value="1" />
  <attribute name= "numThreadsSpecified" value="16" />
  <attribute name="heapSize specified" value="0" />
  <attribute name="Current GC Util" value="233" />
  <attribute name= "Current Time Running" value="78632" />
  <attribute name ="GC Interval" value="0" />
  <attribute name="Target GC Util Change" value ="80.000000" />
  <attribute name="Current GC Util Change" value="233.000000"/>
  <attribute name="Current Error" value="-153.000000" />
  <attribute name="Output H" value="153167600"/>
  <attribute name="Output I" value="1736"/>
  <attribute name="Output T" value="16"/>
  <attribute name= "Current Time Running" value="78632" />
  <attribute name="GC Util currently" value="233" />
  <attribute name="CPU Util currently" value="1295862948362" />
<exclusive-end id="838" timestamp="2019-08-08T19:53:57.761" durationms="11.988" />

<exclusive-start id="839" timestamp="2019-08-08T19:53:57.786" intervalms="37.204">
  <response-info timems="0.041" idlems="0.041" threads="0" lastid="0000000001F80F00" lastname="main" />
</exclusive-start>
<allocation-taxation id="840" taxation-threshold="46137344" timestamp="2019-08-08T19:53:57.786" intervalms="37.208" />
<cycle-start id="841" type="partial gc" contextid="0" timestamp="2019-08-08T19:53:57.786" intervalms="37.179" />
<gc-start id="842" type="partial gc" contextid="841" timestamp="2019-08-08T19:53:57.787">
  <mem-info id="843" free="46137344" total="153092096" percent="30">
    <mem type="eden" free="2097096" total="48234496" percent="4" />
    <remembered-set count="36800" freebytes="5973120" totalbytes="6120320" percent="97" regionsoverflowed="0" regionsstable="1" regionsrebuilding="0"/>
  </mem-info>
</gc-start>
<allocation-stats totalBytes="45982592" >
  <allocated-bytes non-tlh="0" tlh="45982592" arrayletleaf="0"/>
  <largest-consumer threadName="main" threadId="0000000001F80F00" bytes="45982592" />
</allocation-stats>
<gc-op id="844" type="copy forward" timems="8.839" contextid="841" timestamp="2019-08-08T19:53:57.797">
  <memory-copied type="eden" objects="2" bytes="56" bytesdiscarded="0" />
  <memory-copied type="other" objects="521" bytes="17656" bytesdiscarded="50616" />
  <memory-cardclean objects="1140" bytes="45808" />
  <regions eden="22" other="2" />
  <remembered-set-cleared processed="27223" cleared="429" durationms="0.248" />
  <references type="soft" candidates="32" cleared="0" enqueued="0" dynamicThreshold="19" maxThreshold="32" />
  <references type="weak" candidates="11" cleared="0" enqueued="0" />
  <references type="phantom" candidates="1" cleared="0" enqueued="0" />
  <stringconstants candidates="13783" cleared="0"  />
</gc-op>
<gc-op id="845" type="classunload" timems="0.009" contextid="841" timestamp="2019-08-08T19:53:57.797">
  <classunload-info classloadercandidates="55" classloadersunloaded="0" classesunloaded="0" anonymousclassesunloaded="0" quiescems="0.000" setupms="0.009" scanms="0.000" postms="0.000" />
</gc-op>
<heap-resize id="846" type="contract" space="default" amount="2097152" count="1" timems="0.070" reason="excess free space following gc" timestamp="2019-08-08T19:53:57.797" />
<gc-end id="847" type="partial gc" contextid="841" durationms="10.480" usertimems="30.273" systemtimems="0.000" timestamp="2019-08-08T19:53:57.797" activeThreads="16">
  <mem-info id="848" free="92274688" total="150994944" percent="61">
    <mem type="eden" free="2097096" total="2097152" percent="99" />
    <remembered-set count="36608" freebytes="5973888" totalbytes="6120320" percent="97" regionsoverflowed="0" regionsstable="1" regionsrebuilding="0"/>
  </mem-info>
</gc-end>
<cycle-end id="849" type="partial gc" contextid="841" timestamp="2019-08-08T19:53:57.797" />
  <attribute name="elasticGC enabled" value="1" />
  <attribute name= "numThreadsSpecified" value="16" />
  <attribute name="heapSize specified" value="0" />
  <attribute name="Current GC Util" value="214" />
  <attribute name= "Current Time Running" value="78670" />
  <attribute name ="GC Interval" value="0" />
  <attribute name="Target GC Util Change" value ="80.000000" />
  <attribute name="Current GC Util Change" value="214.000000"/>
  <attribute name="Current Error" value="-275.000000" />
  <attribute name="Output H" value="153167464"/>
  <attribute name="Output I" value="1520"/>
  <attribute name="Output T" value="16"/>
  <attribute name= "Current Time Running" value="78670" />
  <attribute name="GC Util currently" value="214" />
  <attribute name="CPU Util currently" value="1074438085423" />
<exclusive-end id="850" timestamp="2019-08-08T19:53:57.797" durationms="10.992" />

<exclusive-start id="851" timestamp="2019-08-08T19:53:57.822" intervalms="35.722">
  <response-info timems="0.046" idlems="0.046" threads="0" lastid="0000000001F80F00" lastname="main" />
</exclusive-start>
<allocation-taxation id="852" taxation-threshold="44040192" timestamp="2019-08-08T19:53:57.822" intervalms="35.725" />
<cycle-start id="853" type="partial gc" contextid="0" timestamp="2019-08-08T19:53:57.822" intervalms="35.733" />
<gc-start id="854" type="partial gc" contextid="853" timestamp="2019-08-08T19:53:57.822">
  <mem-info id="855" free="48234496" total="150994944" percent="31">
    <mem type="eden" free="2097096" total="46137344" percent="4" />
    <remembered-set count="36128" freebytes="5975808" totalbytes="6120320" percent="97" regionsoverflowed="0" regionsstable="1" regionsrebuilding="0"/>
  </mem-info>
</gc-start>
<allocation-stats totalBytes="43892304" >
  <allocated-bytes non-tlh="0" tlh="43892304" arrayletleaf="0"/>
  <largest-consumer threadName="main" threadId="0000000001F80F00" bytes="43892304" />
</allocation-stats>
<gc-op id="856" type="copy forward" timems="9.722" contextid="853" timestamp="2019-08-08T19:53:57.833">
  <memory-copied type="eden" objects="2" bytes="56" bytesdiscarded="0" />
  <memory-copied type="other" objects="64965" bytes="1591920" bytesdiscarded="103016" />
  <memory-cardclean objects="19430" bytes="872088" />
  <regions eden="21" other="2" />
  <remembered-set-cleared processed="25092" cleared="4231" durationms="0.149" />
  <stringconstants candidates="13783" cleared="0"  />
</gc-op>
<gc-op id="857" type="classunload" timems="0.007" contextid="853" timestamp="2019-08-08T19:53:57.833">
  <classunload-info classloadercandidates="55" classloadersunloaded="0" classesunloaded="0" anonymousclassesunloaded="0" quiescems="0.000" setupms="0.007" scanms="0.000" postms="0.000" />
</gc-op>
<gc-end id="858" type="partial gc" contextid="853" durationms="11.141" usertimems="44.954" systemtimems="0.000" timestamp="2019-08-08T19:53:57.834" activeThreads="16">
  <mem-info id="859" free="92274688" total="150994944" percent="61">
    <mem type="eden" free="2097096" total="2097152" percent="99" />
    <remembered-set count="36800" freebytes="5889280" totalbytes="6036480" percent="97" regionsoverflowed="0" regionsstable="1" regionsrebuilding="0"/>
  </mem-info>
</gc-end>
<cycle-end id="860" type="partial gc" contextid="853" timestamp="2019-08-08T19:53:57.834" />
  <attribute name="elasticGC enabled" value="1" />
  <attribute name= "numThreadsSpecified" value="16" />
  <attribute name="heapSize specified" value="0" />
  <attribute name="Current GC Util" value="86" />
  <attribute name= "Current Time Running" value="78705" />
  <attribute name ="GC Interval" value="0" />
  <attribute name="Target GC Util Change" value ="80.000000" />
  <attribute name="Current GC Util Change" value="86.000000"/>
  <attribute name="Current Error" value="-266.000000" />
  <attribute name="Output H" value="151070320"/>
  <attribute name="Output I" value="1536"/>
  <attribute name="Output T" value="16"/>
  <attribute name= "Current Time Running" value="78705" />
  <attribute name="GC Util currently" value="86" />
  <attribute name="CPU Util currently" value="1181632803523" />
<exclusive-end id="861" timestamp="2019-08-08T19:53:57.834" durationms="11.721" />

<exclusive-start id="862" timestamp="2019-08-08T19:53:57.857" intervalms="35.353">
  <response-info timems="0.036" idlems="0.036" threads="0" lastid="0000000001F80F00" lastname="main" />
</exclusive-start>
<allocation-taxation id="863" taxation-threshold="44040192" timestamp="2019-08-08T19:53:57.857" intervalms="35.348" />
<cycle-start id="864" type="partial gc" contextid="0" timestamp="2019-08-08T19:53:57.858" intervalms="35.370" />
<gc-start id="865" type="partial gc" contextid="864" timestamp="2019-08-08T19:53:57.858">
  <mem-info id="866" free="48234496" total="150994944" percent="31">
    <mem type="eden" free="2097096" total="46137344" percent="4" />
    <remembered-set count="36416" freebytes="5890816" totalbytes="6036480" percent="97" regionsoverflowed="0" regionsstable="1" regionsrebuilding="0"/>
  </mem-info>
</gc-start>
<allocation-stats totalBytes="43892304" >
  <allocated-bytes non-tlh="0" tlh="43892304" arrayletleaf="0"/>
  <largest-consumer threadName="main" threadId="0000000001F80F00" bytes="43892304" />
</allocation-stats>
<gc-op id="867" type="copy forward" timems="8.366" contextid="864" timestamp="2019-08-08T19:53:57.867">
  <memory-copied type="eden" objects="2" bytes="56" bytesdiscarded="0" />
  <memory-copied type="other" objects="64033" bytes="1558440" bytesdiscarded="65064" />
  <memory-cardclean objects="4262" bytes="380752" />
  <regions eden="21" other="2" />
  <remembered-set-cleared processed="26705" cleared="3947" durationms="0.220" />
  <stringconstants candidates="13783" cleared="0"  />
</gc-op>
<gc-op id="868" type="classunload" timems="0.031" contextid="864" timestamp="2019-08-08T19:53:57.867">
  <classunload-info classloadercandidates="55" classloadersunloaded="0" classesunloaded="0" anonymousclassesunloaded="0" quiescems="0.000" setupms="0.031" scanms="0.000" postms="0.000" />
</gc-op>
<gc-end id="869" type="partial gc" contextid="864" durationms="9.440" usertimems="37.313" systemtimems="0.000" timestamp="2019-08-08T19:53:57.867" activeThreads="16">
  <mem-info id="870" free="92274688" total="150994944" percent="61">
    <mem type="eden" free="2097096" total="2097152" percent="99" />
    <remembered-set count="35008" freebytes="5896448" totalbytes="6036480" percent="97" regionsoverflowed="0" regionsstable="1" regionsrebuilding="0"/>
  </mem-info>
</gc-end>
<cycle-end id="871" type="partial gc" contextid="864" timestamp="2019-08-08T19:53:57.867" />
  <attribute name="elasticGC enabled" value="1" />
  <attribute name= "numThreadsSpecified" value="16" />
  <attribute name="heapSize specified" value="0" />
  <attribute name="Current GC Util" value="159" />
  <attribute name= "Current Time Running" value="78740" />
  <attribute name ="GC Interval" value="0" />
  <attribute name="Target GC Util Change" value ="80.000000" />
  <attribute name="Current GC Util Change" value="159.000000"/>
  <attribute name="Current Error" value="-79.000000" />
  <attribute name="Output H" value="151070536"/>
  <attribute name="Output I" value="1872"/>
  <attribute name="Output T" value="16"/>
  <attribute name= "Current Time Running" value="78740" />
  <attribute name="GC Util currently" value="159" />
  <attribute name="CPU Util currently" value="1866480852211" />
<exclusive-end id="872" timestamp="2019-08-08T19:53:57.868" durationms="10.165" />

<exclusive-start id="873" timestamp="2019-08-08T19:53:57.892" intervalms="34.585">
  <response-info timems="0.099" idlems="0.099" threads="0" lastid="0000000001F80F00" lastname="main" />
</exclusive-start>
<allocation-taxation id="874" taxation-threshold="44040192" timestamp="2019-08-08T19:53:57.892" intervalms="34.583" />
<cycle-start id="875" type="partial gc" contextid="0" timestamp="2019-08-08T19:53:57.892" intervalms="34.553" />
<gc-start id="876" type="partial gc" contextid="875" timestamp="2019-08-08T19:53:57.892">
  <mem-info id="877" free="48234496" total="150994944" percent="31">
    <mem type="eden" free="2097096" total="46137344" percent="4" />
    <remembered-set count="34848" freebytes="5897088" totalbytes="6036480" percent="97" regionsoverflowed="0" regionsstable="1" regionsrebuilding="0"/>
  </mem-info>
</gc-start>
<allocation-stats totalBytes="43892328" >
  <allocated-bytes non-tlh="0" tlh="43892328" arrayletleaf="0"/>
  <largest-consumer threadName="main" threadId="0000000001F80F00" bytes="43892328" />
</allocation-stats>
<gc-op id="878" type="copy forward" timems="9.706" contextid="875" timestamp="2019-08-08T19:53:57.903">
  <memory-copied type="eden" objects="2" bytes="56" bytesdiscarded="0" />
  <memory-copied type="other" objects="64944" bytes="1608200" bytesdiscarded="98000" />
  <memory-cardclean objects="3240" bytes="348456" />
  <regions eden="21" other="2" />
  <remembered-set-cleared processed="26807" cleared="4230" durationms="0.189" />
  <stringconstants candidates="13783" cleared="0"  />
</gc-op>
<gc-op id="879" type="classunload" timems="0.011" contextid="875" timestamp="2019-08-08T19:53:57.903">
  <classunload-info classloadercandidates="55" classloadersunloaded="0" classesunloaded="0" anonymousclassesunloaded="0" quiescems="0.000" setupms="0.011" scanms="0.000" postms="0.000" />
</gc-op>
<gc-end id="880" type="partial gc" contextid="875" durationms="11.139" usertimems="34.613" systemtimems="0.000" timestamp="2019-08-08T19:53:57.904" activeThreads="16">
  <mem-info id="881" free="92274688" total="150994944" percent="61">
    <mem type="eden" free="2097096" total="2097152" percent="99" />
    <remembered-set count="37024" freebytes="5888384" totalbytes="6036480" percent="97" regionsoverflowed="0" regionsstable="1" regionsrebuilding="0"/>
  </mem-info>
</gc-end>
<cycle-end id="882" type="partial gc" contextid="875" timestamp="2019-08-08T19:53:57.904" />
  <attribute name="elasticGC enabled" value="1" />
  <attribute name= "numThreadsSpecified" value="16" />
  <attribute name="heapSize specified" value="0" />
  <attribute name="Current GC Util" value="192" />
  <attribute name= "Current Time Running" value="78775" />
  <attribute name ="GC Interval" value="0" />
  <attribute name="Target GC Util Change" value ="80.000000" />
  <attribute name="Current GC Util Change" value="192.000000"/>
  <attribute name="Current Error" value="-192.000000" />
  <attribute name="Output H" value="151070408"/>
  <attribute name="Output I" value="1672"/>
  <attribute name="Output T" value="16"/>
  <attribute name= "Current Time Running" value="78775" />
  <attribute name="GC Util currently" value="192" />
  <attribute name="CPU Util currently" value="1188297093745" />
<exclusive-end id="883" timestamp="2019-08-08T19:53:57.904" durationms="11.695" />

<exclusive-start id="884" timestamp="2019-08-08T19:53:57.927" intervalms="35.109">
  <response-info timems="0.040" idlems="0.040" threads="0" lastid="0000000001F80F00" lastname="main" />
</exclusive-start>
<allocation-taxation id="885" taxation-threshold="44040192" timestamp="2019-08-08T19:53:57.927" intervalms="35.119" />
<cycle-start id="886" type="partial gc" contextid="0" timestamp="2019-08-08T19:53:57.927" intervalms="35.124" />
<gc-start id="887" type="partial gc" contextid="886" timestamp="2019-08-08T19:53:57.927">
  <mem-info id="888" free="48234496" total="150994944" percent="31">
    <mem type="eden" free="2097096" total="46137344" percent="4" />
    <remembered-set count="36640" freebytes="5889920" totalbytes="6036480" percent="97" regionsoverflowed="0" regionsstable="1" regionsrebuilding="0"/>
  </mem-info>
</gc-start>
<allocation-stats totalBytes="43892304" >
  <allocated-bytes non-tlh="0" tlh="43892304" arrayletleaf="0"/>
  <largest-consumer threadName="main" threadId="0000000001F80F00" bytes="43892304" />
</allocation-stats>
<gc-op id="889" type="copy forward" timems="11.198" contextid="886" timestamp="2019-08-08T19:53:57.939">
  <memory-copied type="eden" objects="2" bytes="56" bytesdiscarded="0" />
  <memory-copied type="other" objects="64955" bytes="1591680" bytesdiscarded="99160" />
  <memory-cardclean objects="3887" bytes="364264" />
  <regions eden="21" other="2" />
  <remembered-set-cleared processed="26572" cleared="3847" durationms="0.191" />
  <stringconstants candidates="13783" cleared="0"  />
</gc-op>
<gc-op id="890" type="classunload" timems="0.008" contextid="886" timestamp="2019-08-08T19:53:57.939">
  <classunload-info classloadercandidates="55" classloadersunloaded="0" classesunloaded="0" anonymousclassesunloaded="0" quiescems="0.000" setupms="0.008" scanms="0.000" postms="0.000" />
</gc-op>
<gc-end id="891" type="partial gc" contextid="886" durationms="12.125" usertimems="41.646" systemtimems="0.000" timestamp="2019-08-08T19:53:57.940" activeThreads="16">
  <mem-info id="892" free="92274688" total="150994944" percent="61">
    <mem type="eden" free="2097096" total="2097152" percent="99" />
    <remembered-set count="36640" freebytes="5889920" totalbytes="6036480" percent="97" regionsoverflowed="0" regionsstable="1" regionsrebuilding="0"/>
  </mem-info>
</gc-end>
<cycle-end id="893" type="partial gc" contextid="886" timestamp="2019-08-08T19:53:57.940" />
  <attribute name="elasticGC enabled" value="1" />
  <attribute name= "numThreadsSpecified" value="16" />
  <attribute name="heapSize specified" value="0" />
  <attribute name="Current GC Util" value="189" />
  <attribute name= "Current Time Running" value="78810" />
  <attribute name ="GC Interval" value="0" />
  <attribute name="Target GC Util Change" value ="80.000000" />
  <attribute name="Current GC Util Change" value="189.000000"/>
  <attribute name="Current Error" value="-315.000000" />
  <attribute name="Output H" value="151070264"/>
  <attribute name="Output I" value="1448"/>
  <attribute name="Output T" value="16"/>
  <attribute name= "Current Time Running" value="78810" />
  <attribute name="GC Util currently" value="189" />
  <attribute name="CPU Util currently" value="2450381161293" />
<exclusive-end id="894" timestamp="2019-08-08T19:53:57.940" durationms="12.714" />

<exclusive-start id="895" timestamp="2019-08-08T19:53:57.964" intervalms="36.708">
  <response-info timems="0.040" idlems="0.040" threads="0" lastid="0000000001F80F00" lastname="main" />
</exclusive-start>
<allocation-taxation id="896" taxation-threshold="44040192" timestamp="2019-08-08T19:53:57.964" intervalms="36.700" />
<cycle-start id="897" type="partial gc" contextid="0" timestamp="2019-08-08T19:53:57.964" intervalms="36.709" />
<gc-start id="898" type="partial gc" contextid="897" timestamp="2019-08-08T19:53:57.964">
  <mem-info id="899" free="48234496" total="150994944" percent="31">
    <mem type="eden" free="2097096" total="46137344" percent="4" />
    <remembered-set count="36256" freebytes="5891456" totalbytes="6036480" percent="97" regionsoverflowed="0" regionsstable="1" regionsrebuilding="0"/>
  </mem-info>
</gc-start>
<allocation-stats totalBytes="43892304" >
  <allocated-bytes non-tlh="0" tlh="43892304" arrayletleaf="0"/>
  <largest-consumer threadName="main" threadId="0000000001F80F00" bytes="43892304" />
</allocation-stats>
<gc-op id="900" type="copy forward" timems="9.489" contextid="897" timestamp="2019-08-08T19:53:57.975">
  <memory-copied type="eden" objects="2" bytes="56" bytesdiscarded="0" />
  <memory-copied type="other" objects="63848" bytes="1549872" bytesdiscarded="69792" />
  <memory-cardclean objects="4818" bytes="385224" />
  <regions eden="21" other="2" />
  <remembered-set-cleared processed="26515" cleared="3516" durationms="0.186" />
  <stringconstants candidates="13783" cleared="0"  />
</gc-op>
<gc-op id="901" type="classunload" timems="0.008" contextid="897" timestamp="2019-08-08T19:53:57.975">
  <classunload-info classloadercandidates="55" classloadersunloaded="0" classesunloaded="0" anonymousclassesunloaded="0" quiescems="0.000" setupms="0.008" scanms="0.000" postms="0.000" />
</gc-op>
<gc-end id="902" type="partial gc" contextid="897" durationms="10.724" usertimems="38.831" systemtimems="0.000" timestamp="2019-08-08T19:53:57.975" activeThreads="16">
  <mem-info id="903" free="92274688" total="150994944" percent="61">
    <mem type="eden" free="2097096" total="2097152" percent="99" />
    <remembered-set count="36384" freebytes="5890944" totalbytes="6036480" percent="97" regionsoverflowed="0" regionsstable="1" regionsrebuilding="0"/>
  </mem-info>
</gc-end>
<cycle-end id="904" type="partial gc" contextid="897" timestamp="2019-08-08T19:53:57.975" />
  <attribute name="elasticGC enabled" value="1" />
  <attribute name= "numThreadsSpecified" value="16" />
  <attribute name="heapSize specified" value="0" />
  <attribute name="Current GC Util" value="262" />
  <attribute name= "Current Time Running" value="78847" />
  <attribute name ="GC Interval" value="0" />
  <attribute name="Target GC Util Change" value ="80.000000" />
  <attribute name="Current GC Util Change" value="262.000000"/>
  <attribute name="Current Error" value="-182.000000" />
  <attribute name="Output H" value="151070416"/>
  <attribute name="Output I" value="1688"/>
  <attribute name="Output T" value="16"/>
  <attribute name= "Current Time Running" value="78847" />
  <attribute name="GC Util currently" value="262" />
  <attribute name="CPU Util currently" value="1652299172395" />
<exclusive-end id="905" timestamp="2019-08-08T19:53:57.975" durationms="11.280" />

<exclusive-start id="906" timestamp="2019-08-08T19:53:58.001" intervalms="37.022">
  <response-info timems="0.045" idlems="0.045" threads="0" lastid="0000000001F80F00" lastname="main" />
</exclusive-start>
<allocation-taxation id="907" taxation-threshold="44040192" timestamp="2019-08-08T19:53:58.001" intervalms="37.022" />
<cycle-start id="908" type="partial gc" contextid="0" timestamp="2019-08-08T19:53:58.001" intervalms="37.006" />
<gc-start id="909" type="partial gc" contextid="908" timestamp="2019-08-08T19:53:58.001">
  <mem-info id="910" free="48234496" total="150994944" percent="31">
    <mem type="eden" free="2097096" total="46137344" percent="4" />
    <remembered-set count="36128" freebytes="5891968" totalbytes="6036480" percent="97" regionsoverflowed="0" regionsstable="1" regionsrebuilding="0"/>
  </mem-info>
</gc-start>
<allocation-stats totalBytes="43892304" >
  <allocated-bytes non-tlh="0" tlh="43892304" arrayletleaf="0"/>
  <largest-consumer threadName="main" threadId="0000000001F80F00" bytes="43892304" />
</allocation-stats>
<gc-op id="911" type="copy forward" timems="7.807" contextid="908" timestamp="2019-08-08T19:53:58.010">
  <memory-copied type="eden" objects="2" bytes="56" bytesdiscarded="0" />
  <memory-copied type="other" objects="26521" bytes="723176" bytesdiscarded="33784" />
  <memory-cardclean objects="4272" bytes="395640" />
  <regions eden="21" other="2" />
  <remembered-set-cleared processed="26576" cleared="2790" durationms="0.261" />
  <finalization candidates="1" enqueued="0" />
  <references type="soft" candidates="145" cleared="0" enqueued="0" dynamicThreshold="19" maxThreshold="32" />
  <references type="weak" candidates="113" cleared="0" enqueued="0" />
  <references type="phantom" candidates="2" cleared="0" enqueued="0" />
  <stringconstants candidates="13783" cleared="0"  />
</gc-op>
<gc-op id="912" type="classunload" timems="0.009" contextid="908" timestamp="2019-08-08T19:53:58.010">
  <classunload-info classloadercandidates="55" classloadersunloaded="0" classesunloaded="0" anonymousclassesunloaded="0" quiescems="0.000" setupms="0.008" scanms="0.000" postms="0.000" />
</gc-op>
<gc-end id="913" type="partial gc" contextid="908" durationms="8.880" usertimems="32.006" systemtimems="0.000" timestamp="2019-08-08T19:53:58.010" activeThreads="16">
  <mem-info id="914" free="92274688" total="150994944" percent="61">
    <mem type="eden" free="2097096" total="2097152" percent="99" />
    <remembered-set count="35296" freebytes="5895296" totalbytes="6036480" percent="97" regionsoverflowed="0" regionsstable="1" regionsrebuilding="0"/>
  </mem-info>
</gc-end>
<cycle-end id="915" type="partial gc" contextid="908" timestamp="2019-08-08T19:53:58.010" />
  <attribute name="elasticGC enabled" value="1" />
  <attribute name= "numThreadsSpecified" value="16" />
  <attribute name="heapSize specified" value="0" />
  <attribute name="Current GC Util" value="192" />
  <attribute name= "Current Time Running" value="78884" />
  <attribute name ="GC Interval" value="0" />
  <attribute name="Target GC Util Change" value ="80.000000" />
  <attribute name="Current GC Util Change" value="192.000000"/>
  <attribute name="Current Error" value="-287.000000" />
  <attribute name="Output H" value="151070296"/>
  <attribute name="Output I" value="1496"/>
  <attribute name="Output T" value="16"/>
  <attribute name= "Current Time Running" value="78884" />
  <attribute name="GC Util currently" value="192" />
  <attribute name="CPU Util currently" value="1792708774221" />
<exclusive-end id="916" timestamp="2019-08-08T19:53:58.010" durationms="9.375" />

<exclusive-start id="917" timestamp="2019-08-08T19:53:58.041" intervalms="39.984">
  <response-info timems="0.035" idlems="0.035" threads="0" lastid="0000000001F80F00" lastname="main" />
</exclusive-start>
<allocation-taxation id="918" taxation-threshold="44040192" timestamp="2019-08-08T19:53:58.041" intervalms="39.986" />
<cycle-start id="919" type="partial gc" contextid="0" timestamp="2019-08-08T19:53:58.041" intervalms="40.006" />
<gc-start id="920" type="partial gc" contextid="919" timestamp="2019-08-08T19:53:58.041">
  <mem-info id="921" free="48234496" total="150994944" percent="31">
    <mem type="eden" free="2097096" total="46137344" percent="4" />
    <remembered-set count="35264" freebytes="5895424" totalbytes="6036480" percent="97" regionsoverflowed="0" regionsstable="1" regionsrebuilding="0"/>
  </mem-info>
</gc-start>
<allocation-stats totalBytes="43853888" >
  <allocated-bytes non-tlh="0" tlh="43853888" arrayletleaf="0"/>
  <largest-consumer threadName="main" threadId="0000000001F80F00" bytes="43853888" />
</allocation-stats>
<gc-op id="922" type="copy forward" timems="9.878" contextid="919" timestamp="2019-08-08T19:53:58.052">
  <memory-copied type="eden" objects="28" bytes="1960" bytesdiscarded="1080" />
  <memory-copied type="other" objects="83699" bytes="1996248" bytesdiscarded="123072" />
  <memory-cardclean objects="4363" bytes="515200" />
  <regions eden="21" other="2" />
  <remembered-set-cleared processed="26630" cleared="3101" durationms="0.194" />
  <references type="weak" candidates="6" cleared="0" enqueued="0" />
  <stringconstants candidates="13783" cleared="0"  />
</gc-op>
<gc-op id="923" type="classunload" timems="0.008" contextid="919" timestamp="2019-08-08T19:53:58.052">
  <classunload-info classloadercandidates="55" classloadersunloaded="0" classesunloaded="0" anonymousclassesunloaded="0" quiescems="0.000" setupms="0.007" scanms="0.000" postms="0.000" />
</gc-op>
<gc-end id="924" type="partial gc" contextid="919" durationms="11.120" usertimems="34.608" systemtimems="0.000" timestamp="2019-08-08T19:53:58.052" activeThreads="16">
  <mem-info id="925" free="92274688" total="150994944" percent="61">
    <mem type="eden" free="2094112" total="2097152" percent="99" />
    <remembered-set count="37120" freebytes="5888000" totalbytes="6036480" percent="97" regionsoverflowed="0" regionsstable="1" regionsrebuilding="0"/>
  </mem-info>
</gc-end>
<cycle-end id="926" type="partial gc" contextid="919" timestamp="2019-08-08T19:53:58.052" />
  <attribute name="elasticGC enabled" value="1" />
  <attribute name= "numThreadsSpecified" value="16" />
  <attribute name="heapSize specified" value="0" />
  <attribute name="Current GC Util" value="104" />
  <attribute name= "Current Time Running" value="78924" />
  <attribute name ="GC Interval" value="0" />
  <attribute name="Target GC Util Change" value ="80.000000" />
  <attribute name="Current GC Util Change" value="104.000000"/>
  <attribute name="Current Error" value="-287.000000" />
  <attribute name="Output H" value="151070296"/>
  <attribute name="Output I" value="1496"/>
  <attribute name="Output T" value="16"/>
  <attribute name= "Current Time Running" value="78924" />
  <attribute name="GC Util currently" value="104" />
  <attribute name="CPU Util currently" value="1494937856069" />
<exclusive-end id="927" timestamp="2019-08-08T19:53:58.053" durationms="11.753" />

<exclusive-start id="928" timestamp="2019-08-08T19:53:58.094" intervalms="53.238">
  <response-info timems="0.038" idlems="0.038" threads="0" lastid="0000000001F80F00" lastname="main" />
</exclusive-start>
<allocation-taxation id="929" taxation-threshold="44040192" timestamp="2019-08-08T19:53:58.094" intervalms="53.235" />
<cycle-start id="930" type="partial gc" contextid="0" timestamp="2019-08-08T19:53:58.094" intervalms="53.253" />
<gc-start id="931" type="partial gc" contextid="930" timestamp="2019-08-08T19:53:58.094">
  <mem-info id="932" free="48234496" total="150994944" percent="31">
    <mem type="eden" free="0" total="44040192" percent="0" />
    <remembered-set count="37024" freebytes="5888384" totalbytes="6036480" percent="97" regionsoverflowed="0" regionsstable="1" regionsrebuilding="0"/>
  </mem-info>
</gc-start>
<allocation-stats totalBytes="43748776" >
  <allocated-bytes non-tlh="0" tlh="43748776" arrayletleaf="0"/>
  <largest-consumer threadName="main" threadId="0000000001F80F00" bytes="43748776" />
</allocation-stats>
<gc-op id="933" type="copy forward" timems="8.473" contextid="930" timestamp="2019-08-08T19:53:58.104">
  <memory-copied type="eden" objects="2" bytes="64" bytesdiscarded="0" />
  <memory-copied type="other" objects="64971" bytes="1610120" bytesdiscarded="80992" />
  <memory-cardclean objects="3248" bytes="348896" />
  <regions eden="21" other="2" />
  <remembered-set-cleared processed="26761" cleared="4052" durationms="0.179" />
  <stringconstants candidates="13783" cleared="0"  />
</gc-op>
<gc-op id="934" type="classunload" timems="0.011" contextid="930" timestamp="2019-08-08T19:53:58.104">
  <classunload-info classloadercandidates="55" classloadersunloaded="0" classesunloaded="0" anonymousclassesunloaded="0" quiescems="0.000" setupms="0.010" scanms="0.000" postms="0.000" />
</gc-op>
<heap-resize id="935" type="expand" space="default" amount="2097152" count="1" timems="0.058" reason="excessive time being spent in gc" timestamp="2019-08-08T19:53:58.104" />
<gc-end id="936" type="partial gc" contextid="930" durationms="10.009" usertimems="27.888" systemtimems="0.000" timestamp="2019-08-08T19:53:58.104" activeThreads="16">
  <mem-info id="937" free="92274688" total="153092096" percent="60">
    <mem type="eden" free="2097088" total="2097152" percent="99" />
    <remembered-set count="37184" freebytes="5971584" totalbytes="6120320" percent="97" regionsoverflowed="0" regionsstable="1" regionsrebuilding="0"/>
  </mem-info>
</gc-end>
<cycle-end id="938" type="partial gc" contextid="930" timestamp="2019-08-08T19:53:58.105" />
  <attribute name="elasticGC enabled" value="1" />
  <attribute name= "numThreadsSpecified" value="16" />
  <attribute name="heapSize specified" value="0" />
  <attribute name="Current GC Util" value="72" />
  <attribute name= "Current Time Running" value="78977" />
  <attribute name ="GC Interval" value="0" />
  <attribute name="Target GC Util Change" value ="80.000000" />
  <attribute name="Current GC Util Change" value="72.000000"/>
  <attribute name="Current Error" value="8.000000" />
  <attribute name="Output H" value="151070640"/>
  <attribute name="Output I" value="2024"/>
  <attribute name="Output T" value="16"/>
  <attribute name= "Current Time Running" value="78977" />
  <attribute name="GC Util currently" value="72" />
  <attribute name="CPU Util currently" value="1187763338096" />
<exclusive-end id="939" timestamp="2019-08-08T19:53:58.105" durationms="10.607" />

<exclusive-start id="940" timestamp="2019-08-08T19:53:58.129" intervalms="34.657">
  <response-info timems="0.020" idlems="0.020" threads="0" lastid="0000000001F80F00" lastname="main" />
</exclusive-start>
<allocation-taxation id="941" taxation-threshold="46137344" timestamp="2019-08-08T19:53:58.129" intervalms="34.664" />
<cycle-start id="942" type="partial gc" contextid="0" timestamp="2019-08-08T19:53:58.129" intervalms="34.645" />
<gc-start id="943" type="partial gc" contextid="942" timestamp="2019-08-08T19:53:58.129">
  <mem-info id="944" free="46137344" total="153092096" percent="30">
    <mem type="eden" free="2097088" total="48234496" percent="4" />
    <remembered-set count="36768" freebytes="5973248" totalbytes="6120320" percent="97" regionsoverflowed="0" regionsstable="1" regionsrebuilding="0"/>
  </mem-info>
</gc-start>
<allocation-stats totalBytes="45848136" >
  <allocated-bytes non-tlh="0" tlh="45848136" arrayletleaf="0"/>
  <largest-consumer threadName="main" threadId="0000000001F80F00" bytes="45848136" />
</allocation-stats>
<gc-op id="945" type="copy forward" timems="9.366" contextid="942" timestamp="2019-08-08T19:53:58.140">
  <memory-copied type="eden" objects="2" bytes="64" bytesdiscarded="0" />
  <memory-copied type="other" objects="64955" bytes="1591680" bytesdiscarded="80040" />
  <memory-cardclean objects="3870" bytes="364096" />
  <regions eden="22" other="2" />
  <remembered-set-cleared processed="26722" cleared="3877" durationms="0.317" />
  <stringconstants candidates="13783" cleared="0"  />
</gc-op>
<gc-op id="946" type="classunload" timems="0.007" contextid="942" timestamp="2019-08-08T19:53:58.140">
  <classunload-info classloadercandidates="55" classloadersunloaded="0" classesunloaded="0" anonymousclassesunloaded="0" quiescems="0.000" setupms="0.007" scanms="0.000" postms="0.000" />
</gc-op>
<gc-end id="947" type="partial gc" contextid="942" durationms="10.879" usertimems="34.833" systemtimems="0.000" timestamp="2019-08-08T19:53:58.140" activeThreads="16">
  <mem-info id="948" free="92274688" total="153092096" percent="60">
    <mem type="eden" free="2097088" total="2097152" percent="99" />
    <remembered-set count="38048" freebytes="5968128" totalbytes="6120320" percent="97" regionsoverflowed="0" regionsstable="1" regionsrebuilding="0"/>
  </mem-info>
</gc-end>
<cycle-end id="949" type="partial gc" contextid="942" timestamp="2019-08-08T19:53:58.140" />
  <attribute name="elasticGC enabled" value="1" />
  <attribute name= "numThreadsSpecified" value="16" />
  <attribute name="heapSize specified" value="0" />
  <attribute name="Current GC Util" value="214" />
  <attribute name= "Current Time Running" value="79012" />
  <attribute name ="GC Interval" value="0" />
  <attribute name="Target GC Util Change" value ="80.000000" />
  <attribute name="Current GC Util Change" value="214.000000"/>
  <attribute name="Current Error" value="-126.000000" />
  <attribute name="Output H" value="153167632"/>
  <attribute name="Output I" value="1784"/>
  <attribute name="Output T" value="16"/>
  <attribute name= "Current Time Running" value="79012" />
  <attribute name="GC Util currently" value="214" />
  <attribute name="CPU Util currently" value="1116220168995" />
<exclusive-end id="950" timestamp="2019-08-08T19:53:58.140" durationms="11.505" />

<exclusive-start id="951" timestamp="2019-08-08T19:53:58.165" intervalms="36.184">
  <response-info timems="0.199" idlems="0.199" threads="0" lastid="0000000001F80F00" lastname="main" />
</exclusive-start>
<allocation-taxation id="952" taxation-threshold="46137344" timestamp="2019-08-08T19:53:58.165" intervalms="36.177" />
<cycle-start id="953" type="partial gc" contextid="0" timestamp="2019-08-08T19:53:58.165" intervalms="36.184" />
<gc-start id="954" type="partial gc" contextid="953" timestamp="2019-08-08T19:53:58.165">
  <mem-info id="955" free="46137344" total="153092096" percent="30">
    <mem type="eden" free="2097088" total="48234496" percent="4" />
    <remembered-set count="37632" freebytes="5969792" totalbytes="6120320" percent="97" regionsoverflowed="0" regionsstable="1" regionsrebuilding="0"/>
  </mem-info>
</gc-start>
<allocation-stats totalBytes="45848136" >
  <allocated-bytes non-tlh="0" tlh="45848136" arrayletleaf="0"/>
  <largest-consumer threadName="main" threadId="0000000001F80F00" bytes="45848136" />
</allocation-stats>
<gc-op id="956" type="copy forward" timems="14.900" contextid="953" timestamp="2019-08-08T19:53:58.182">
  <memory-copied type="eden" objects="2" bytes="64" bytesdiscarded="0" />
  <memory-copied type="other" objects="82789" bytes="1977912" bytesdiscarded="149240" />
  <memory-cardclean objects="4328" bytes="511920" />
  <regions eden="22" other="2" />
  <remembered-set-cleared processed="26704" cleared="3136" durationms="0.198" />
  <references type="weak" candidates="6" cleared="0" enqueued="0" />
  <stringconstants candidates="13783" cleared="0"  />
</gc-op>
<gc-op id="957" type="classunload" timems="0.011" contextid="953" timestamp="2019-08-08T19:53:58.182">
  <classunload-info classloadercandidates="55" classloadersunloaded="0" classesunloaded="0" anonymousclassesunloaded="0" quiescems="0.000" setupms="0.011" scanms="0.000" postms="0.000" />
</gc-op>
<gc-end id="958" type="partial gc" contextid="953" durationms="16.595" usertimems="50.286" systemtimems="0.000" timestamp="2019-08-08T19:53:58.182" activeThreads="16">
  <mem-info id="959" free="92274688" total="153092096" percent="60">
    <mem type="eden" free="2097088" total="2097152" percent="99" />
    <remembered-set count="38368" freebytes="5966848" totalbytes="6120320" percent="97" regionsoverflowed="0" regionsstable="1" regionsrebuilding="0"/>
  </mem-info>
</gc-end>
<cycle-end id="960" type="partial gc" contextid="953" timestamp="2019-08-08T19:53:58.182" />
  <attribute name="elasticGC enabled" value="1" />
  <attribute name= "numThreadsSpecified" value="16" />
  <attribute name="heapSize specified" value="0" />
  <attribute name="Current GC Util" value="171" />
  <attribute name= "Current Time Running" value="79048" />
  <attribute name ="GC Interval" value="0" />
  <attribute name="Target GC Util Change" value ="80.000000" />
  <attribute name="Current GC Util Change" value="171.000000"/>
  <attribute name="Current Error" value="-230.000000" />
  <attribute name="Output H" value="153167512"/>
  <attribute name="Output I" value="1600"/>
  <attribute name="Output T" value="16"/>
  <attribute name= "Current Time Running" value="79048" />
  <attribute name="GC Util currently" value="171" />
  <attribute name="CPU Util currently" value="1072739568861" />
<exclusive-end id="961" timestamp="2019-08-08T19:53:58.182" durationms="17.233" />

<exclusive-start id="962" timestamp="2019-08-08T19:53:58.206" intervalms="40.923">
  <response-info timems="0.040" idlems="0.040" threads="0" lastid="0000000001F80F00" lastname="main" />
</exclusive-start>
<allocation-taxation id="963" taxation-threshold="46137344" timestamp="2019-08-08T19:53:58.206" intervalms="40.924" />
<cycle-start id="964" type="partial gc" contextid="0" timestamp="2019-08-08T19:53:58.206" intervalms="40.927" />
<gc-start id="965" type="partial gc" contextid="964" timestamp="2019-08-08T19:53:58.206">
  <mem-info id="966" free="46137344" total="153092096" percent="30">
    <mem type="eden" free="2097088" total="48234496" percent="4" />
    <remembered-set count="37952" freebytes="5968512" totalbytes="6120320" percent="97" regionsoverflowed="0" regionsstable="1" regionsrebuilding="0"/>
  </mem-info>
</gc-start>
<allocation-stats totalBytes="45849376" >
  <allocated-bytes non-tlh="0" tlh="45849376" arrayletleaf="0"/>
  <largest-consumer threadName="main" threadId="0000000001F80F00" bytes="45849376" />
</allocation-stats>
<gc-op id="967" type="copy forward" timems="10.963" contextid="964" timestamp="2019-08-08T19:53:58.218">
  <memory-copied type="eden" objects="2" bytes="64" bytesdiscarded="0" />
  <memory-copied type="other" objects="52707" bytes="1362832" bytesdiscarded="90952" />
  <memory-cardclean objects="2467" bytes="79544" />
  <regions eden="22" other="2" />
  <remembered-set-cleared processed="27261" cleared="1505" durationms="0.220" />
  <references type="soft" candidates="2139" cleared="0" enqueued="0" dynamicThreshold="19" maxThreshold="32" />
  <references type="weak" candidates="74" cleared="0" enqueued="0" />
  <stringconstants candidates="13783" cleared="0"  />
</gc-op>
<gc-op id="968" type="classunload" timems="0.009" contextid="964" timestamp="2019-08-08T19:53:58.218">
  <classunload-info classloadercandidates="55" classloadersunloaded="0" classesunloaded="0" anonymousclassesunloaded="0" quiescems="0.000" setupms="0.009" scanms="0.000" postms="0.000" />
</gc-op>
<gc-end id="969" type="partial gc" contextid="964" durationms="12.323" usertimems="43.944" systemtimems="0.000" timestamp="2019-08-08T19:53:58.219" activeThreads="16">
  <mem-info id="970" free="92274688" total="153092096" percent="60">
    <mem type="eden" free="2097088" total="2097152" percent="99" />
    <remembered-set count="37344" freebytes="5970944" totalbytes="6120320" percent="97" regionsoverflowed="0" regionsstable="1" regionsrebuilding="0"/>
  </mem-info>
</gc-end>
<cycle-end id="971" type="partial gc" contextid="964" timestamp="2019-08-08T19:53:58.219" />
  <attribute name="elasticGC enabled" value="1" />
  <attribute name= "numThreadsSpecified" value="16" />
  <attribute name="heapSize specified" value="0" />
  <attribute name="Current GC Util" value="114" />
  <attribute name= "Current Time Running" value="79089" />
  <attribute name ="GC Interval" value="0" />
  <attribute name="Target GC Util Change" value ="80.000000" />
  <attribute name="Current GC Util Change" value="114.000000"/>
  <attribute name="Current Error" value="-34.000000" />
  <attribute name="Output H" value="153167744"/>
  <attribute name="Output I" value="1952"/>
  <attribute name="Output T" value="16"/>
  <attribute name= "Current Time Running" value="79089" />
  <attribute name="GC Util currently" value="114" />
  <attribute name="CPU Util currently" value="1426928945273" />
<exclusive-end id="972" timestamp="2019-08-08T19:53:58.219" durationms="13.122" />

<exclusive-start id="973" timestamp="2019-08-08T19:53:58.243" intervalms="37.555">
  <response-info timems="0.090" idlems="0.090" threads="0" lastid="0000000001F80F00" lastname="main" />
</exclusive-start>
<allocation-taxation id="974" taxation-threshold="46137344" timestamp="2019-08-08T19:53:58.243" intervalms="37.554" />
<cycle-start id="975" type="partial gc" contextid="0" timestamp="2019-08-08T19:53:58.244" intervalms="37.564" />
<gc-start id="976" type="partial gc" contextid="975" timestamp="2019-08-08T19:53:58.244">
  <mem-info id="977" free="46137344" total="153092096" percent="30">
    <mem type="eden" free="2097088" total="48234496" percent="4" />
    <remembered-set count="37184" freebytes="5971584" totalbytes="6120320" percent="97" regionsoverflowed="0" regionsstable="1" regionsrebuilding="0"/>
  </mem-info>
</gc-start>
<allocation-stats totalBytes="45849376" >
  <allocated-bytes non-tlh="0" tlh="45849376" arrayletleaf="0"/>
  <largest-consumer threadName="main" threadId="0000000001F80F00" bytes="45849376" />
</allocation-stats>
<gc-op id="978" type="copy forward" timems="8.975" contextid="975" timestamp="2019-08-08T19:53:58.254">
  <memory-copied type="eden" objects="2" bytes="64" bytesdiscarded="0" />
  <memory-copied type="other" objects="71101" bytes="2064536" bytesdiscarded="156352" />
  <memory-cardclean objects="4375" bytes="119400" />
  <regions eden="22" other="2" />
  <remembered-set-cleared processed="26993" cleared="4349" durationms="0.211" />
  <stringconstants candidates="13783" cleared="0"  />
</gc-op>
<gc-op id="979" type="classunload" timems="0.008" contextid="975" timestamp="2019-08-08T19:53:58.254">
  <classunload-info classloadercandidates="55" classloadersunloaded="0" classesunloaded="0" anonymousclassesunloaded="0" quiescems="0.000" setupms="0.008" scanms="0.000" postms="0.000" />
</gc-op>
<gc-end id="980" type="partial gc" contextid="975" durationms="10.106" usertimems="41.072" systemtimems="0.000" timestamp="2019-08-08T19:53:58.254" activeThreads="16">
  <mem-info id="981" free="92274688" total="153092096" percent="60">
    <mem type="eden" free="2097088" total="2097152" percent="99" />
    <remembered-set count="37280" freebytes="5971200" totalbytes="6120320" percent="97" regionsoverflowed="0" regionsstable="1" regionsrebuilding="0"/>
  </mem-info>
</gc-end>
<cycle-end id="982" type="partial gc" contextid="975" timestamp="2019-08-08T19:53:58.254" />
  <attribute name="elasticGC enabled" value="1" />
  <attribute name= "numThreadsSpecified" value="16" />
  <attribute name="heapSize specified" value="0" />
  <attribute name="Current GC Util" value="181" />
  <attribute name= "Current Time Running" value="79126" />
  <attribute name ="GC Interval" value="0" />
  <attribute name="Target GC Util Change" value ="80.000000" />
  <attribute name="Current GC Util Change" value="181.000000"/>
  <attribute name="Current Error" value="-140.000000" />
  <attribute name="Output H" value="153167616"/>
  <attribute name="Output I" value="1760"/>
  <attribute name="Output T" value="16"/>
  <attribute name= "Current Time Running" value="79126" />
  <attribute name="GC Util currently" value="181" />
  <attribute name="CPU Util currently" value="2003415399764" />
<exclusive-end id="983" timestamp="2019-08-08T19:53:58.254" durationms="10.787" />

<exclusive-start id="984" timestamp="2019-08-08T19:53:58.282" intervalms="38.370">
  <response-info timems="0.039" idlems="0.039" threads="0" lastid="0000000001F80F00" lastname="main" />
</exclusive-start>
<allocation-taxation id="985" taxation-threshold="46137344" timestamp="2019-08-08T19:53:58.282" intervalms="38.393" />
<cycle-start id="986" type="partial gc" contextid="0" timestamp="2019-08-08T19:53:58.282" intervalms="38.359" />
<gc-start id="987" type="partial gc" contextid="986" timestamp="2019-08-08T19:53:58.282">
  <mem-info id="988" free="46137344" total="153092096" percent="30">
    <mem type="eden" free="2097088" total="48234496" percent="4" />
    <remembered-set count="36896" freebytes="5972736" totalbytes="6120320" percent="97" regionsoverflowed="0" regionsstable="1" regionsrebuilding="0"/>
  </mem-info>
</gc-start>
<allocation-stats totalBytes="45848160" >
  <allocated-bytes non-tlh="0" tlh="45848160" arrayletleaf="0"/>
  <largest-consumer threadName="main" threadId="0000000001F80F00" bytes="45848160" />
</allocation-stats>
<gc-op id="989" type="copy forward" timems="8.547" contextid="986" timestamp="2019-08-08T19:53:58.292">
  <memory-copied type="eden" objects="2" bytes="64" bytesdiscarded="0" />
  <memory-copied type="other" objects="83024" bytes="1983128" bytesdiscarded="86400" />
  <memory-cardclean objects="4139" bytes="509456" />
  <regions eden="22" other="2" />
  <remembered-set-cleared processed="27273" cleared="3478" durationms="0.184" />
  <references type="weak" candidates="6" cleared="0" enqueued="0" />
  <stringconstants candidates="13783" cleared="0"  />
</gc-op>
<gc-op id="990" type="classunload" timems="0.008" contextid="986" timestamp="2019-08-08T19:53:58.292">
  <classunload-info classloadercandidates="55" classloadersunloaded="0" classesunloaded="0" anonymousclassesunloaded="0" quiescems="0.000" setupms="0.008" scanms="0.000" postms="0.000" />
</gc-op>
<gc-end id="991" type="partial gc" contextid="986" durationms="10.262" usertimems="41.006" systemtimems="0.000" timestamp="2019-08-08T19:53:58.292" activeThreads="16">
  <mem-info id="992" free="92274688" total="153092096" percent="60">
    <mem type="eden" free="2097088" total="2097152" percent="99" />
    <remembered-set count="36992" freebytes="5972352" totalbytes="6120320" percent="97" regionsoverflowed="0" regionsstable="1" regionsrebuilding="0"/>
  </mem-info>
</gc-end>
<cycle-end id="993" type="partial gc" contextid="986" timestamp="2019-08-08T19:53:58.292" />
  <attribute name="elasticGC enabled" value="1" />
  <attribute name= "numThreadsSpecified" value="16" />
  <attribute name="heapSize specified" value="0" />
  <attribute name="Current GC Util" value="290" />
  <attribute name= "Current Time Running" value="79165" />
  <attribute name ="GC Interval" value="0" />
  <attribute name="Target GC Util Change" value ="80.000000" />
  <attribute name="Current GC Util Change" value="290.000000"/>
  <attribute name="Current Error" value="-350.000000" />
  <attribute name="Output H" value="153167376"/>
  <attribute name="Output I" value="1384"/>
  <attribute name="Output T" value="16"/>
  <attribute name= "Current Time Running" value="79165" />
  <attribute name="GC Util currently" value="290" />
  <attribute name="CPU Util currently" value="968410277114" />
<exclusive-end id="994" timestamp="2019-08-08T19:53:58.293" durationms="10.857" />

<exclusive-start id="995" timestamp="2019-08-08T19:53:58.317" intervalms="35.091">
  <response-info timems="0.039" idlems="0.039" threads="0" lastid="0000000001F80F00" lastname="main" />
</exclusive-start>
<allocation-taxation id="996" taxation-threshold="46137344" timestamp="2019-08-08T19:53:58.317" intervalms="35.070" />
<cycle-start id="997" type="partial gc" contextid="0" timestamp="2019-08-08T19:53:58.317" intervalms="35.083" />
<gc-start id="998" type="partial gc" contextid="997" timestamp="2019-08-08T19:53:58.317">
  <mem-info id="999" free="46137344" total="153092096" percent="30">
    <mem type="eden" free="2097088" total="48234496" percent="4" />
    <remembered-set count="35776" freebytes="5977216" totalbytes="6120320" percent="97" regionsoverflowed="0" regionsstable="2" regionsrebuilding="0"/>
  </mem-info>
</gc-start>
<allocation-stats totalBytes="45848136" >
  <allocated-bytes non-tlh="0" tlh="45848136" arrayletleaf="0"/>
  <largest-consumer threadName="main" threadId="0000000001F80F00" bytes="45848136" />
</allocation-stats>
<gc-op id="1000" type="copy forward" timems="8.872" contextid="997" timestamp="2019-08-08T19:53:58.328">
  <memory-copied type="eden" objects="2" bytes="64" bytesdiscarded="0" />
  <memory-copied type="other" objects="81388" bytes="1945960" bytesdiscarded="107024" />
  <memory-cardclean objects="4243" bytes="515728" />
  <regions eden="22" other="2" />
  <remembered-set-cleared processed="26386" cleared="2916" durationms="0.195" />
  <references type="weak" candidates="6" cleared="0" enqueued="0" />
  <stringconstants candidates="13783" cleared="0"  />
</gc-op>
<gc-op id="1001" type="classunload" timems="0.012" contextid="997" timestamp="2019-08-08T19:53:58.328">
  <classunload-info classloadercandidates="55" classloadersunloaded="0" classesunloaded="0" anonymousclassesunloaded="0" quiescems="0.000" setupms="0.011" scanms="0.000" postms="0.000" />
</gc-op>
<gc-end id="1002" type="partial gc" contextid="997" durationms="10.812" usertimems="37.437" systemtimems="0.000" timestamp="2019-08-08T19:53:58.328" activeThreads="16">
  <mem-info id="1003" free="92274688" total="153092096" percent="60">
    <mem type="eden" free="2097088" total="2097152" percent="99" />
    <remembered-set count="37472" freebytes="5970432" totalbytes="6120320" percent="97" regionsoverflowed="0" regionsstable="2" regionsrebuilding="0"/>
  </mem-info>
</gc-end>
<cycle-end id="1004" type="partial gc" contextid="997" timestamp="2019-08-08T19:53:58.328" />
  <attribute name="elasticGC enabled" value="1" />
  <attribute name= "numThreadsSpecified" value="16" />
  <attribute name="heapSize specified" value="0" />
  <attribute name="Current GC Util" value="152" />
  <attribute name= "Current Time Running" value="79201" />
  <attribute name ="GC Interval" value="0" />
  <attribute name="Target GC Util Change" value ="80.000000" />
  <attribute name="Current GC Util Change" value="152.000000"/>
  <attribute name="Current Error" value="-72.000000" />
  <attribute name="Output H" value="153167696"/>
  <attribute name="Output I" value="1880"/>
  <attribute name="Output T" value="16"/>
  <attribute name= "Current Time Running" value="79201" />
  <attribute name="GC Util currently" value="152" />
  <attribute name="CPU Util currently" value="859174783618" />
<exclusive-end id="1005" timestamp="2019-08-08T19:53:58.328" durationms="11.469" />

<exclusive-start id="1006" timestamp="2019-08-08T19:53:58.424" intervalms="107.092">
  <response-info timems="0.052" idlems="0.052" threads="0" lastid="0000000001F80F00" lastname="main" />
</exclusive-start>
<allocation-taxation id="1007" taxation-threshold="46137344" timestamp="2019-08-08T19:53:58.424" intervalms="107.089" />
<cycle-start id="1008" type="partial gc" contextid="0" timestamp="2019-08-08T19:53:58.424" intervalms="107.074" />
<gc-start id="1009" type="partial gc" contextid="1008" timestamp="2019-08-08T19:53:58.424">
  <mem-info id="1010" free="46137344" total="153092096" percent="30">
    <mem type="eden" free="2097088" total="48234496" percent="4" />
    <remembered-set count="36512" freebytes="5974272" totalbytes="6120320" percent="97" regionsoverflowed="0" regionsstable="3" regionsrebuilding="0"/>
  </mem-info>
</gc-start>
<allocation-stats totalBytes="46124560" >
  <allocated-bytes non-tlh="0" tlh="46124560" arrayletleaf="0"/>
  <largest-consumer threadName="main" threadId="0000000001F80F00" bytes="46124560" />
</allocation-stats>
<gc-op id="1011" type="copy forward" timems="9.533" contextid="1008" timestamp="2019-08-08T19:53:58.436">
  <memory-copied type="eden" objects="156" bytes="5128" bytesdiscarded="1080" />
  <memory-copied type="other" objects="52707" bytes="1362832" bytesdiscarded="98984" />
  <memory-cardclean objects="2444" bytes="78744" />
  <regions eden="22" other="2" />
  <remembered-set-cleared processed="26223" cleared="1526" durationms="0.171" />
  <references type="soft" candidates="2139" cleared="0" enqueued="0" dynamicThreshold="19" maxThreshold="32" />
  <references type="weak" candidates="74" cleared="0" enqueued="0" />
  <stringconstants candidates="13783" cleared="0"  />
</gc-op>
<gc-op id="1012" type="classunload" timems="0.009" contextid="1008" timestamp="2019-08-08T19:53:58.436">
  <classunload-info classloadercandidates="55" classloadersunloaded="0" classesunloaded="0" anonymousclassesunloaded="0" quiescems="0.000" setupms="0.009" scanms="0.000" postms="0.000" />
</gc-op>
<gc-end id="1013" type="partial gc" contextid="1008" durationms="11.563" usertimems="37.071" systemtimems="0.000" timestamp="2019-08-08T19:53:58.436" activeThreads="16">
  <mem-info id="1014" free="92274688" total="153092096" percent="60">
    <mem type="eden" free="2090944" total="2097152" percent="99" />
    <remembered-set count="35712" freebytes="5977472" totalbytes="6120320" percent="97" regionsoverflowed="0" regionsstable="3" regionsrebuilding="0"/>
  </mem-info>
</gc-end>
<cycle-end id="1015" type="partial gc" contextid="1008" timestamp="2019-08-08T19:53:58.436" />
  <attribute name="elasticGC enabled" value="1" />
  <attribute name= "numThreadsSpecified" value="16" />
  <attribute name="heapSize specified" value="0" />
  <attribute name="Current GC Util" value="118" />
  <attribute name= "Current Time Running" value="79308" />
  <attribute name ="GC Interval" value="0" />
  <attribute name="Target GC Util Change" value ="80.000000" />
  <attribute name="Current GC Util Change" value="118.000000"/>
  <attribute name="Current Error" value="-57.000000" />
  <attribute name="Output H" value="153167712"/>
  <attribute name="Output I" value="1912"/>
  <attribute name="Output T" value="16"/>
  <attribute name= "Current Time Running" value="79308" />
  <attribute name="GC Util currently" value="118" />
  <attribute name="CPU Util currently" value="784207506618" />
<exclusive-end id="1016" timestamp="2019-08-08T19:53:58.436" durationms="12.203" />

<exclusive-start id="1017" timestamp="2019-08-08T19:53:58.631" intervalms="207.450">
  <response-info timems="0.044" idlems="0.044" threads="0" lastid="0000000001F80F00" lastname="main" />
</exclusive-start>
<allocation-taxation id="1018" taxation-threshold="46137344" timestamp="2019-08-08T19:53:58.631" intervalms="207.453" />
<cycle-start id="1019" type="partial gc" contextid="0" timestamp="2019-08-08T19:53:58.632" intervalms="207.460" />
<gc-start id="1020" type="partial gc" contextid="1019" timestamp="2019-08-08T19:53:58.632">
  <mem-info id="1021" free="46137344" total="153092096" percent="30">
    <mem type="eden" free="0" total="46137344" percent="0" />
    <remembered-set count="35424" freebytes="5978624" totalbytes="6120320" percent="97" regionsoverflowed="0" regionsstable="3" regionsrebuilding="0"/>
  </mem-info>
</gc-start>
<allocation-stats totalBytes="46130528" >
  <allocated-bytes non-tlh="0" tlh="46130528" arrayletleaf="0"/>
  <largest-consumer threadName="main" threadId="0000000001F80F00" bytes="46130528" />
</allocation-stats>
<gc-op id="1022" type="copy forward" timems="8.105" contextid="1019" timestamp="2019-08-08T19:53:58.641">
  <memory-copied type="eden" objects="240" bytes="7840" bytesdiscarded="1184" />
  <memory-copied type="other" objects="8" bytes="184" bytesdiscarded="0" />
  <memory-cardclean objects="145" bytes="12720" />
  <regions eden="22" other="1" />
  <remembered-set-cleared processed="26413" cleared="76" durationms="0.276" />
  <references type="weak" candidates="37" cleared="0" enqueued="0" />
  <stringconstants candidates="13783" cleared="0"  />
</gc-op>
<gc-op id="1023" type="classunload" timems="0.007" contextid="1019" timestamp="2019-08-08T19:53:58.641">
  <classunload-info classloadercandidates="55" classloadersunloaded="0" classesunloaded="0" anonymousclassesunloaded="0" quiescems="0.000" setupms="0.007" scanms="0.000" postms="0.000" />
</gc-op>
<gc-end id="1024" type="partial gc" contextid="1019" durationms="9.689" usertimems="21.168" systemtimems="0.000" timestamp="2019-08-08T19:53:58.641" activeThreads="16">
  <mem-info id="1025" free="90177536" total="153092096" percent="58">
    <mem type="eden" free="2088080" total="2097152" percent="99" />
    <remembered-set count="33216" freebytes="5987456" totalbytes="6120320" percent="97" regionsoverflowed="0" regionsstable="3" regionsrebuilding="0"/>
  </mem-info>
</gc-end>
<cycle-end id="1026" type="partial gc" contextid="1019" timestamp="2019-08-08T19:53:58.642" />
  <attribute name="elasticGC enabled" value="1" />
  <attribute name= "numThreadsSpecified" value="16" />
  <attribute name="heapSize specified" value="0" />
  <attribute name="Current GC Util" value="242" />
  <attribute name= "Current Time Running" value="79515" />
  <attribute name ="GC Interval" value="0" />
  <attribute name="Target GC Util Change" value ="80.000000" />
  <attribute name="Current GC Util Change" value="242.000000"/>
  <attribute name="Current Error" value="-153.000000" />
  <attribute name="Output H" value="153167600"/>
  <attribute name="Output I" value="1736"/>
  <attribute name="Output T" value="16"/>
  <attribute name= "Current Time Running" value="79515" />
  <attribute name="GC Util currently" value="242" />
  <attribute name="CPU Util currently" value="1122159722170" />
<exclusive-end id="1027" timestamp="2019-08-08T19:53:58.642" durationms="10.491" />

<exclusive-start id="1028" timestamp="2019-08-08T19:53:58.769" intervalms="137.267">
  <response-info timems="0.090" idlems="0.090" threads="0" lastid="0000000001F80F00" lastname="main" />
</exclusive-start>
<allocation-taxation id="1029" taxation-threshold="46137344" timestamp="2019-08-08T19:53:58.769" intervalms="137.264" />
<cycle-start id="1030" type="partial gc" contextid="0" timestamp="2019-08-08T19:53:58.769" intervalms="137.301" />
<gc-start id="1031" type="partial gc" contextid="1030" timestamp="2019-08-08T19:53:58.769">
  <mem-info id="1032" free="44040192" total="153092096" percent="28">
    <mem type="eden" free="0" total="46137344" percent="0" />
    <remembered-set count="32864" freebytes="5988864" totalbytes="6120320" percent="97" regionsoverflowed="0" regionsstable="3" regionsrebuilding="0"/>
  </mem-info>
</gc-start>
<allocation-stats totalBytes="46131584" >
  <allocated-bytes non-tlh="0" tlh="46131584" arrayletleaf="0"/>
  <largest-consumer threadName="main" threadId="0000000001F80F00" bytes="46131584" />
</allocation-stats>
<gc-op id="1033" type="copy forward" timems="7.393" contextid="1030" timestamp="2019-08-08T19:53:58.778">
  <memory-copied type="eden" objects="129" bytes="3968" bytesdiscarded="0" />
  <memory-copied type="other" objects="114" bytes="3992" bytesdiscarded="2088" />
  <memory-cardclean objects="51" bytes="9928" />
  <regions eden="22" other="1" />
  <remembered-set-cleared processed="26430" cleared="70" durationms="0.233" />
  <references type="weak" candidates="37" cleared="0" enqueued="0" />
  <stringconstants candidates="13783" cleared="0"  />
</gc-op>
<gc-op id="1034" type="classunload" timems="0.008" contextid="1030" timestamp="2019-08-08T19:53:58.778">
  <classunload-info classloadercandidates="55" classloadersunloaded="0" classesunloaded="0" anonymousclassesunloaded="0" quiescems="0.000" setupms="0.008" scanms="0.000" postms="0.000" />
</gc-op>
<gc-end id="1035" type="partial gc" contextid="1030" durationms="9.155" usertimems="26.672" systemtimems="0.000" timestamp="2019-08-08T19:53:58.778" activeThreads="16">
  <mem-info id="1036" free="88080384" total="153092096" percent="57">
    <mem type="eden" free="2093184" total="2097152" percent="99" />
    <remembered-set count="34848" freebytes="5980928" totalbytes="6120320" percent="97" regionsoverflowed="0" regionsstable="3" regionsrebuilding="0"/>
  </mem-info>
</gc-end>
<cycle-end id="1037" type="partial gc" contextid="1030" timestamp="2019-08-08T19:53:58.778" />
  <attribute name="elasticGC enabled" value="1" />
  <attribute name= "numThreadsSpecified" value="16" />
  <attribute name="heapSize specified" value="0" />
  <attribute name="Current GC Util" value="304" />
  <attribute name= "Current Time Running" value="79652" />
  <attribute name ="GC Interval" value="0" />
  <attribute name="Target GC Util Change" value ="80.000000" />
  <attribute name="Current GC Util Change" value="304.000000"/>
  <attribute name="Current Error" value="-224.000000" />
  <attribute name="Output H" value="153167520"/>
  <attribute name="Output I" value="1608"/>
  <attribute name="Output T" value="16"/>
  <attribute name= "Current Time Running" value="79652" />
  <attribute name="GC Util currently" value="304" />
  <attribute name="CPU Util currently" value="902720707139" />
<exclusive-end id="1038" timestamp="2019-08-08T19:53:58.778" durationms="9.819" />

<exclusive-start id="1039" timestamp="2019-08-08T19:53:58.844" intervalms="75.073">
  <response-info timems="0.038" idlems="0.038" threads="0" lastid="0000000001F80F00" lastname="main" />
</exclusive-start>
<allocation-taxation id="1040" taxation-threshold="46137344" timestamp="2019-08-08T19:53:58.844" intervalms="75.073" />
<cycle-start id="1041" type="partial gc" contextid="0" timestamp="2019-08-08T19:53:58.844" intervalms="75.063" />
<gc-start id="1042" type="partial gc" contextid="1041" timestamp="2019-08-08T19:53:58.844">
  <mem-info id="1043" free="41943040" total="153092096" percent="27">
    <mem type="eden" free="2093184" total="48234496" percent="4" />
    <remembered-set count="34400" freebytes="5982720" totalbytes="6120320" percent="97" regionsoverflowed="0" regionsstable="3" regionsrebuilding="0"/>
  </mem-info>
</gc-start>
<allocation-stats totalBytes="46110248" >
  <allocated-bytes non-tlh="0" tlh="46110248" arrayletleaf="0"/>
  <largest-consumer threadName="main" threadId="0000000001F80F00" bytes="46110248" />
</allocation-stats>
<gc-op id="1044" type="copy forward" timems="9.281" contextid="1041" timestamp="2019-08-08T19:53:58.854">
  <memory-copied type="eden" objects="137" bytes="4336" bytesdiscarded="1896" />
  <memory-copied type="other" objects="0" bytes="0" bytesdiscarded="0" />
  <memory-cardclean objects="68" bytes="2400" />
  <regions eden="22" other="1" />
  <remembered-set-cleared processed="26437" cleared="32" durationms="0.162" />
  <stringconstants candidates="13783" cleared="0"  />
</gc-op>
<gc-op id="1045" type="classunload" timems="0.007" contextid="1041" timestamp="2019-08-08T19:53:58.854">
  <classunload-info classloadercandidates="55" classloadersunloaded="0" classesunloaded="0" anonymousclassesunloaded="0" quiescems="0.000" setupms="0.006" scanms="0.000" postms="0.000" />
</gc-op>
<gc-end id="1046" type="partial gc" contextid="1041" durationms="10.441" usertimems="21.917" systemtimems="0.000" timestamp="2019-08-08T19:53:58.855" activeThreads="16">
  <mem-info id="1047" free="88080384" total="153092096" percent="57">
    <mem type="eden" free="2090920" total="2097152" percent="99" />
    <remembered-set count="34464" freebytes="5982464" totalbytes="6120320" percent="97" regionsoverflowed="0" regionsstable="3" regionsrebuilding="0"/>
  </mem-info>
</gc-end>
<cycle-end id="1048" type="partial gc" contextid="1041" timestamp="2019-08-08T19:53:58.855" />
  <attribute name="elasticGC enabled" value="1" />
  <attribute name= "numThreadsSpecified" value="16" />
  <attribute name="heapSize specified" value="0" />
  <attribute name="Current GC Util" value="113" />
  <attribute name= "Current Time Running" value="79727" />
  <attribute name ="GC Interval" value="0" />
  <attribute name="Target GC Util Change" value ="80.000000" />
  <attribute name="Current GC Util Change" value="113.000000"/>
  <attribute name="Current Error" value="-203.000000" />
  <attribute name="Output H" value="153167544"/>
  <attribute name="Output I" value="1648"/>
  <attribute name="Output T" value="16"/>
  <attribute name= "Current Time Running" value="79727" />
  <attribute name="GC Util currently" value="113" />
  <attribute name="CPU Util currently" value="1545174968291" />
<exclusive-end id="1049" timestamp="2019-08-08T19:53:58.855" durationms="10.996" />

<exclusive-start id="1050" timestamp="2019-08-08T19:53:58.902" intervalms="58.284">
  <response-info timems="0.032" idlems="0.032" threads="0" lastid="0000000001F80F00" lastname="main" />
</exclusive-start>
<allocation-taxation id="1051" taxation-threshold="46137344" timestamp="2019-08-08T19:53:58.902" intervalms="58.283" />
<cycle-start id="1052" type="partial gc" contextid="0" timestamp="2019-08-08T19:53:58.902" intervalms="58.275" />
<gc-start id="1053" type="partial gc" contextid="1052" timestamp="2019-08-08T19:53:58.902">
  <mem-info id="1054" free="41943040" total="153092096" percent="27">
    <mem type="eden" free="0" total="46137344" percent="0" />
    <remembered-set count="34080" freebytes="5984000" totalbytes="6120320" percent="97" regionsoverflowed="0" regionsstable="3" regionsrebuilding="0"/>
  </mem-info>
</gc-start>
<allocation-stats totalBytes="46112872" >
  <allocated-bytes non-tlh="0" tlh="46112872" arrayletleaf="0"/>
  <largest-consumer threadName="main" threadId="0000000001F80F00" bytes="46112872" />
</allocation-stats>
<gc-op id="1055" type="copy forward" timems="9.062" contextid="1052" timestamp="2019-08-08T19:53:58.912">
  <memory-copied type="eden" objects="6" bytes="176" bytesdiscarded="0" />
  <memory-copied type="other" objects="131" bytes="4032" bytesdiscarded="1880" />
  <memory-cardclean objects="38" bytes="1680" />
  <regions eden="22" other="1" />
  <remembered-set-cleared processed="26445" cleared="40" durationms="0.253" />
  <stringconstants candidates="13783" cleared="0"  />
</gc-op>
<gc-op id="1056" type="classunload" timems="0.008" contextid="1052" timestamp="2019-08-08T19:53:58.912">
  <classunload-info classloadercandidates="55" classloadersunloaded="0" classesunloaded="0" anonymousclassesunloaded="0" quiescems="0.000" setupms="0.007" scanms="0.000" postms="0.000" />
</gc-op>
<gc-end id="1057" type="partial gc" contextid="1052" durationms="9.954" usertimems="21.823" systemtimems="0.000" timestamp="2019-08-08T19:53:58.912" activeThreads="16">
  <mem-info id="1058" free="85983232" total="153092096" percent="56">
    <mem type="eden" free="2096976" total="2097152" percent="99" />
    <remembered-set count="34464" freebytes="5982464" totalbytes="6120320" percent="97" regionsoverflowed="0" regionsstable="3" regionsrebuilding="0"/>
  </mem-info>
</gc-end>
<cycle-end id="1059" type="partial gc" contextid="1052" timestamp="2019-08-08T19:53:58.912" />
  <attribute name="elasticGC enabled" value="1" />
  <attribute name= "numThreadsSpecified" value="16" />
  <attribute name="heapSize specified" value="0" />
  <attribute name="Current GC Util" value="146" />
  <attribute name= "Current Time Running" value="79785" />
  <attribute name ="GC Interval" value="0" />
  <attribute name="Target GC Util Change" value ="80.000000" />
  <attribute name="Current GC Util Change" value="146.000000"/>
  <attribute name="Current Error" value="-225.000000" />
  <attribute name="Output H" value="153167520"/>
  <attribute name="Output I" value="1608"/>
  <attribute name="Output T" value="16"/>
  <attribute name= "Current Time Running" value="79785" />
  <attribute name="GC Util currently" value="146" />
  <attribute name="CPU Util currently" value="2459476640269" />
<exclusive-end id="1060" timestamp="2019-08-08T19:53:58.913" durationms="10.527" />

<exclusive-start id="1061" timestamp="2019-08-08T19:53:58.971" intervalms="68.677">
  <response-info timems="0.047" idlems="0.047" threads="0" lastid="0000000001F80F00" lastname="main" />
</exclusive-start>
<allocation-taxation id="1062" taxation-threshold="46137344" timestamp="2019-08-08T19:53:58.971" intervalms="68.701" />
<cycle-start id="1063" type="partial gc" contextid="0" timestamp="2019-08-08T19:53:58.971" intervalms="68.720" />
<gc-start id="1064" type="partial gc" contextid="1063" timestamp="2019-08-08T19:53:58.971">
  <mem-info id="1065" free="39845888" total="153092096" percent="26">
    <mem type="eden" free="2096976" total="48234496" percent="4" />
    <remembered-set count="34016" freebytes="5984256" totalbytes="6120320" percent="97" regionsoverflowed="0" regionsstable="3" regionsrebuilding="0"/>
  </mem-info>
</gc-start>
<allocation-stats totalBytes="46113568" >
  <allocated-bytes non-tlh="0" tlh="46113568" arrayletleaf="0"/>
  <largest-consumer threadName="main" threadId="0000000001F80F00" bytes="46113568" />
</allocation-stats>
<gc-op id="1066" type="copy forward" timems="9.761" contextid="1063" timestamp="2019-08-08T19:53:58.982">
  <memory-copied type="eden" objects="6" bytes="384" bytesdiscarded="0" />
  <memory-copied type="other" objects="0" bytes="0" bytesdiscarded="0" />
  <memory-cardclean objects="16" bytes="528" />
  <regions eden="22" other="1" />
  <remembered-set-cleared processed="26446" cleared="8" durationms="0.218" />
  <stringconstants candidates="13783" cleared="0"  />
</gc-op>
<gc-op id="1067" type="classunload" timems="0.009" contextid="1063" timestamp="2019-08-08T19:53:58.982">
  <classunload-info classloadercandidates="55" classloadersunloaded="0" classesunloaded="0" anonymousclassesunloaded="0" quiescems="0.000" setupms="0.008" scanms="0.000" postms="0.000" />
</gc-op>
<heap-resize id="1068" type="expand" space="default" amount="14680064" count="1" timems="0.124" reason="excessive time being spent in gc" timestamp="2019-08-08T19:53:58.982" />
<gc-end id="1069" type="partial gc" contextid="1063" durationms="11.040" usertimems="30.806" systemtimems="0.000" timestamp="2019-08-08T19:53:58.982" activeThreads="16">
  <mem-info id="1070" free="100663296" total="167772160" percent="60">
    <mem type="eden" free="2096768" total="2097152" percent="99" />
    <remembered-set count="32672" freebytes="6576512" totalbytes="6707200" percent="98" regionsoverflowed="0" regionsstable="3" regionsrebuilding="0"/>
  </mem-info>
</gc-end>
<cycle-end id="1071" type="partial gc" contextid="1063" timestamp="2019-08-08T19:53:58.982" />
  <attribute name="elasticGC enabled" value="1" />
  <attribute name= "numThreadsSpecified" value="16" />
  <attribute name="heapSize specified" value="0" />
  <attribute name="Current GC Util" value="141" />
  <attribute name= "Current Time Running" value="79854" />
  <attribute name ="GC Interval" value="0" />
  <attribute name="Target GC Util Change" value ="80.000000" />
  <attribute name="Current GC Util Change" value="141.000000"/>
  <attribute name="Current Error" value="-61.000000" />
  <attribute name="Output H" value="153167712"/>
  <attribute name="Output I" value="1904"/>
  <attribute name="Output T" value="16"/>
  <attribute name= "Current Time Running" value="79854" />
  <attribute name="GC Util currently" value="141" />
  <attribute name="CPU Util currently" value="1730531301920" />
<exclusive-end id="1072" timestamp="2019-08-08T19:53:58.982" durationms="11.733" />

<exclusive-start id="1073" timestamp="2019-08-08T19:53:59.032" intervalms="61.626">
  <response-info timems="0.044" idlems="0.044" threads="0" lastid="0000000001F80F00" lastname="main" />
</exclusive-start>
<allocation-taxation id="1074" taxation-threshold="48234496" timestamp="2019-08-08T19:53:59.032" intervalms="61.604" />
<cycle-start id="1075" type="partial gc" contextid="0" timestamp="2019-08-08T19:53:59.032" intervalms="61.575" />
<gc-start id="1076" type="partial gc" contextid="1075" timestamp="2019-08-08T19:53:59.033">
  <mem-info id="1077" free="52428800" total="167772160" percent="31">
    <mem type="eden" free="2096768" total="50331648" percent="4" />
    <remembered-set count="32672" freebytes="6576512" totalbytes="6707200" percent="98" regionsoverflowed="0" regionsstable="3" regionsrebuilding="0"/>
  </mem-info>
</gc-start>
<allocation-stats totalBytes="48209608" >
  <allocated-bytes non-tlh="0" tlh="48209608" arrayletleaf="0"/>
  <largest-consumer threadName="main" threadId="0000000001F80F00" bytes="48209608" />
</allocation-stats>
<gc-op id="1078" type="copy forward" timems="8.052" contextid="1075" timestamp="2019-08-08T19:53:59.042">
  <memory-copied type="eden" objects="6" bytes="400" bytesdiscarded="0" />
  <memory-copied type="other" objects="0" bytes="0" bytesdiscarded="0" />
  <memory-cardclean objects="16" bytes="528" />
  <regions eden="23" other="1" />
  <remembered-set-cleared processed="26445" cleared="7" durationms="0.168" />
  <stringconstants candidates="13783" cleared="0"  />
</gc-op>
<gc-op id="1079" type="classunload" timems="0.011" contextid="1075" timestamp="2019-08-08T19:53:59.042">
  <classunload-info classloadercandidates="55" classloadersunloaded="0" classesunloaded="0" anonymousclassesunloaded="0" quiescems="0.000" setupms="0.010" scanms="0.000" postms="0.000" />
</gc-op>
<gc-end id="1080" type="partial gc" contextid="1075" durationms="9.236" usertimems="27.336" systemtimems="0.000" timestamp="2019-08-08T19:53:59.042" activeThreads="16">
  <mem-info id="1081" free="100663296" total="167772160" percent="60">
    <mem type="eden" free="2096752" total="2097152" percent="99" />
    <remembered-set count="32672" freebytes="6576512" totalbytes="6707200" percent="98" regionsoverflowed="0" regionsstable="3" regionsrebuilding="0"/>
  </mem-info>
</gc-end>
<cycle-end id="1082" type="partial gc" contextid="1075" timestamp="2019-08-08T19:53:59.042" />
  <attribute name="elasticGC enabled" value="1" />
  <attribute name= "numThreadsSpecified" value="16" />
  <attribute name="heapSize specified" value="0" />
  <attribute name="Current GC Util" value="57" />
  <attribute name= "Current Time Running" value="79915" />
  <attribute name ="GC Interval" value="0" />
  <attribute name="Target GC Util Change" value ="80.000000" />
  <attribute name="Current GC Util Change" value="57.000000"/>
  <attribute name="Current Error" value="5.000000" />
  <attribute name="Output H" value="167847848"/>
  <attribute name="Output I" value="2016"/>
  <attribute name="Output T" value="16"/>
  <attribute name= "Current Time Running" value="79915" />
  <attribute name="GC Util currently" value="57" />
  <attribute name="CPU Util currently" value="1928578335127" />
<exclusive-end id="1083" timestamp="2019-08-08T19:53:59.042" durationms="9.779" />

<exclusive-start id="1084" timestamp="2019-08-08T19:53:59.093" intervalms="60.930">
  <response-info timems="0.087" idlems="0.087" threads="0" lastid="0000000001F80F00" lastname="main" />
</exclusive-start>
<allocation-taxation id="1085" taxation-threshold="48234496" timestamp="2019-08-08T19:53:59.093" intervalms="60.930" />
<cycle-start id="1086" type="partial gc" contextid="0" timestamp="2019-08-08T19:53:59.093" intervalms="60.906" />
<gc-start id="1087" type="partial gc" contextid="1086" timestamp="2019-08-08T19:53:59.094">
  <mem-info id="1088" free="52428800" total="167772160" percent="31">
    <mem type="eden" free="2096752" total="50331648" percent="4" />
    <remembered-set count="32672" freebytes="6576512" totalbytes="6707200" percent="98" regionsoverflowed="0" regionsstable="3" regionsrebuilding="0"/>
  </mem-info>
</gc-start>
<allocation-stats totalBytes="48208024" >
  <allocated-bytes non-tlh="0" tlh="48208024" arrayletleaf="0"/>
  <largest-consumer threadName="main" threadId="0000000001F80F00" bytes="48208024" />
</allocation-stats>
<gc-op id="1089" type="copy forward" timems="7.546" contextid="1086" timestamp="2019-08-08T19:53:59.102">
  <memory-copied type="eden" objects="28" bytes="1376" bytesdiscarded="584" />
  <memory-copied type="other" objects="0" bytes="0" bytesdiscarded="0" />
  <memory-cardclean objects="74" bytes="2408" />
  <regions eden="23" other="1" />
  <remembered-set-cleared processed="26445" cleared="22" durationms="0.168" />
  <stringconstants candidates="13783" cleared="0"  />
</gc-op>
<gc-op id="1090" type="classunload" timems="0.009" contextid="1086" timestamp="2019-08-08T19:53:59.102">
  <classunload-info classloadercandidates="55" classloadersunloaded="0" classesunloaded="0" anonymousclassesunloaded="0" quiescems="0.000" setupms="0.008" scanms="0.000" postms="0.000" />
</gc-op>
<gc-end id="1091" type="partial gc" contextid="1086" durationms="8.962" usertimems="26.581" systemtimems="0.000" timestamp="2019-08-08T19:53:59.103" activeThreads="16">
  <mem-info id="1092" free="100663296" total="167772160" percent="60">
    <mem type="eden" free="2095192" total="2097152" percent="99" />
    <remembered-set count="34048" freebytes="6571008" totalbytes="6707200" percent="97" regionsoverflowed="0" regionsstable="3" regionsrebuilding="0"/>
  </mem-info>
</gc-end>
<cycle-end id="1093" type="partial gc" contextid="1086" timestamp="2019-08-08T19:53:59.103" />
  <attribute name="elasticGC enabled" value="1" />
  <attribute name= "numThreadsSpecified" value="16" />
  <attribute name="heapSize specified" value="0" />
  <attribute name="Current GC Util" value="178" />
  <attribute name= "Current Time Running" value="79976" />
  <attribute name ="GC Interval" value="0" />
  <attribute name="Target GC Util Change" value ="80.000000" />
  <attribute name="Current GC Util Change" value="178.000000"/>
  <attribute name="Current Error" value="-48.000000" />
  <attribute name="Output H" value="167847792"/>
  <attribute name="Output I" value="1928"/>
  <attribute name="Output T" value="16"/>
  <attribute name= "Current Time Running" value="79976" />
  <attribute name="GC Util currently" value="178" />
  <attribute name="CPU Util currently" value="1272801574938" />
<exclusive-end id="1094" timestamp="2019-08-08T19:53:59.103" durationms="9.458" />

<exclusive-start id="1095" timestamp="2019-08-08T19:53:59.158" intervalms="64.403">
  <response-info timems="0.041" idlems="0.041" threads="0" lastid="0000000001F80F00" lastname="main" />
</exclusive-start>
<allocation-taxation id="1096" taxation-threshold="48234496" timestamp="2019-08-08T19:53:59.158" intervalms="64.407" />
<cycle-start id="1097" type="partial gc" contextid="0" timestamp="2019-08-08T19:53:59.158" intervalms="64.449" />
<gc-start id="1098" type="partial gc" contextid="1097" timestamp="2019-08-08T19:53:59.158">
  <mem-info id="1099" free="52428800" total="167772160" percent="31">
    <mem type="eden" free="0" total="48234496" percent="0" />
    <remembered-set count="33696" freebytes="6572416" totalbytes="6707200" percent="97" regionsoverflowed="0" regionsstable="3" regionsrebuilding="0"/>
  </mem-info>
</gc-start>
<allocation-stats totalBytes="48190600" >
  <allocated-bytes non-tlh="0" tlh="48190600" arrayletleaf="0"/>
  <largest-consumer threadName="main" threadId="0000000001F80F00" bytes="48190600" />
</allocation-stats>
<gc-op id="1100" type="copy forward" timems="11.494" contextid="1097" timestamp="2019-08-08T19:53:59.171">
  <memory-copied type="eden" objects="6" bytes="248" bytesdiscarded="0" />
  <memory-copied type="other" objects="23" bytes="968" bytesdiscarded="584" />
  <memory-cardclean objects="47" bytes="1864" />
  <regions eden="23" other="1" />
  <remembered-set-cleared processed="26457" cleared="34" durationms="0.227" />
  <stringconstants candidates="13783" cleared="0"  />
</gc-op>
<gc-op id="1101" type="classunload" timems="0.008" contextid="1097" timestamp="2019-08-08T19:53:59.171">
  <classunload-info classloadercandidates="55" classloadersunloaded="0" classesunloaded="0" anonymousclassesunloaded="0" quiescems="0.000" setupms="0.008" scanms="0.000" postms="0.000" />
</gc-op>
<heap-resize id="1102" type="expand" space="default" amount="6291456" count="1" timems="0.081" reason="excessive time being spent in gc" timestamp="2019-08-08T19:53:59.171" />
<gc-end id="1103" type="partial gc" contextid="1097" durationms="13.305" usertimems="43.839" systemtimems="0.000" timestamp="2019-08-08T19:53:59.171" activeThreads="16">
  <mem-info id="1104" free="104857600" total="174063616" percent="60">
    <mem type="eden" free="2096904" total="2097152" percent="99" />
    <remembered-set count="34048" freebytes="6822528" totalbytes="6958720" percent="98" regionsoverflowed="0" regionsstable="3" regionsrebuilding="0"/>
  </mem-info>
</gc-end>
<cycle-end id="1105" type="partial gc" contextid="1097" timestamp="2019-08-08T19:53:59.172" />
  <attribute name="elasticGC enabled" value="1" />
  <attribute name= "numThreadsSpecified" value="16" />
  <attribute name="heapSize specified" value="0" />
  <attribute name="Current GC Util" value="156" />
  <attribute name= "Current Time Running" value="80041" />
  <attribute name ="GC Interval" value="0" />
  <attribute name="Target GC Util Change" value ="80.000000" />
  <attribute name="Current GC Util Change" value="156.000000"/>
  <attribute name="Current Error" value="-76.000000" />
  <attribute name="Output H" value="167847760"/>
  <attribute name="Output I" value="1880"/>
  <attribute name="Output T" value="16"/>
  <attribute name= "Current Time Running" value="80041" />
  <attribute name="GC Util currently" value="156" />
  <attribute name="CPU Util currently" value="974047417868" />
<exclusive-end id="1106" timestamp="2019-08-08T19:53:59.172" durationms="14.000" />

<exclusive-start id="1107" timestamp="2019-08-08T19:53:59.269" intervalms="111.187">
  <response-info timems="0.058" idlems="0.058" threads="0" lastid="0000000001F80F00" lastname="main" />
</exclusive-start>
<allocation-taxation id="1108" taxation-threshold="50331648" timestamp="2019-08-08T19:53:59.269" intervalms="111.184" />
<cycle-start id="1109" type="partial gc" contextid="0" timestamp="2019-08-08T19:53:59.269" intervalms="111.180" />
<gc-start id="1110" type="partial gc" contextid="1109" timestamp="2019-08-08T19:53:59.269">
  <mem-info id="1111" free="54525952" total="174063616" percent="31">
    <mem type="eden" free="2096904" total="52428800" percent="3" />
    <remembered-set count="34048" freebytes="6822528" totalbytes="6958720" percent="98" regionsoverflowed="0" regionsstable="3" regionsrebuilding="0"/>
  </mem-info>
</gc-start>
<allocation-stats totalBytes="50295744" >
  <allocated-bytes non-tlh="0" tlh="50295744" arrayletleaf="0"/>
  <largest-consumer threadName="main" threadId="0000000001F80F00" bytes="50295744" />
</allocation-stats>
<gc-op id="1112" type="copy forward" timems="7.925" contextid="1109" timestamp="2019-08-08T19:53:59.278">
  <memory-copied type="eden" objects="54" bytes="2496" bytesdiscarded="584" />
  <memory-copied type="other" objects="0" bytes="0" bytesdiscarded="0" />
  <memory-cardclean objects="90" bytes="2872" />
  <regions eden="24" other="1" />
  <remembered-set-cleared processed="26459" cleared="31" durationms="0.629" />
  <stringconstants candidates="13783" cleared="0"  />
</gc-op>
<gc-op id="1113" type="classunload" timems="0.009" contextid="1109" timestamp="2019-08-08T19:53:59.278">
  <classunload-info classloadercandidates="55" classloadersunloaded="0" classesunloaded="0" anonymousclassesunloaded="0" quiescems="0.000" setupms="0.008" scanms="0.000" postms="0.000" />
</gc-op>
<gc-end id="1114" type="partial gc" contextid="1109" durationms="9.228" usertimems="32.127" systemtimems="0.000" timestamp="2019-08-08T19:53:59.279" activeThreads="16">
  <mem-info id="1115" free="104857600" total="174063616" percent="60">
    <mem type="eden" free="2094072" total="2097152" percent="99" />
    <remembered-set count="34112" freebytes="6822272" totalbytes="6958720" percent="98" regionsoverflowed="0" regionsstable="3" regionsrebuilding="0"/>
  </mem-info>
</gc-end>
<cycle-end id="1116" type="partial gc" contextid="1109" timestamp="2019-08-08T19:53:59.279" />
  <attribute name="elasticGC enabled" value="1" />
  <attribute name= "numThreadsSpecified" value="16" />
  <attribute name="heapSize specified" value="0" />
  <attribute name="Current GC Util" value="0" />
  <attribute name= "Current Time Running" value="80152" />
  <attribute name ="GC Interval" value="0" />
  <attribute name="Target GC Util Change" value ="80.000000" />
  <attribute name="Current GC Util Change" value="0.000000"/>
  <attribute name="Current Error" value="58.000000" />
  <attribute name="Output H" value="174139368"/>
  <attribute name="Output I" value="2112"/>
  <attribute name="Output T" value="16"/>
  <attribute name= "Current Time Running" value="80152" />
  <attribute name="GC Util currently" value="0" />
  <attribute name="CPU Util currently" value="1376655544612" />
<exclusive-end id="1117" timestamp="2019-08-08T19:53:59.279" durationms="9.904" />

<exclusive-start id="1118" timestamp="2019-08-08T19:53:59.452" intervalms="182.929">
  <response-info timems="0.052" idlems="0.052" threads="0" lastid="0000000001F80F00" lastname="main" />
</exclusive-start>
<allocation-taxation id="1119" taxation-threshold="50331648" timestamp="2019-08-08T19:53:59.452" intervalms="182.935" />
<cycle-start id="1120" type="partial gc" contextid="0" timestamp="2019-08-08T19:53:59.452" intervalms="182.910" />
<gc-start id="1121" type="partial gc" contextid="1120" timestamp="2019-08-08T19:53:59.452">
  <mem-info id="1122" free="54525952" total="174063616" percent="31">
    <mem type="eden" free="0" total="50331648" percent="0" />
    <remembered-set count="34112" freebytes="6822272" totalbytes="6958720" percent="98" regionsoverflowed="0" regionsstable="3" regionsrebuilding="0"/>
  </mem-info>
</gc-start>
<allocation-stats totalBytes="50320808" >
  <allocated-bytes non-tlh="0" tlh="50320808" arrayletleaf="0"/>
  <largest-consumer threadName="main" threadId="0000000001F80F00" bytes="50320808" />
</allocation-stats>
<gc-op id="1123" type="copy forward" timems="13.442" contextid="1120" timestamp="2019-08-08T19:53:59.467">
  <memory-copied type="eden" objects="31" bytes="1504" bytesdiscarded="0" />
  <memory-copied type="other" objects="23" bytes="992" bytesdiscarded="584" />
  <memory-cardclean objects="48" bytes="1936" />
  <regions eden="24" other="1" />
  <remembered-set-cleared processed="26466" cleared="34" durationms="0.161" />
  <stringconstants candidates="13783" cleared="0"  />
</gc-op>
<gc-op id="1124" type="classunload" timems="0.008" contextid="1120" timestamp="2019-08-08T19:53:59.467">
  <classunload-info classloadercandidates="55" classloadersunloaded="0" classesunloaded="0" anonymousclassesunloaded="0" quiescems="0.000" setupms="0.008" scanms="0.000" postms="0.000" />
</gc-op>
<gc-end id="1125" type="partial gc" contextid="1120" durationms="15.335" usertimems="42.334" systemtimems="0.000" timestamp="2019-08-08T19:53:59.467" activeThreads="16">
  <mem-info id="1126" free="102760448" total="174063616" percent="59">
    <mem type="eden" free="2095648" total="2097152" percent="99" />
    <remembered-set count="34144" freebytes="6822144" totalbytes="6958720" percent="98" regionsoverflowed="0" regionsstable="3" regionsrebuilding="0"/>
  </mem-info>
</gc-end>
<cycle-end id="1127" type="partial gc" contextid="1120" timestamp="2019-08-08T19:53:59.468" />
  <attribute name="elasticGC enabled" value="1" />
  <attribute name= "numThreadsSpecified" value="16" />
  <attribute name="heapSize specified" value="0" />
  <attribute name="Current GC Util" value="153" />
  <attribute name= "Current Time Running" value="80335" />
  <attribute name ="GC Interval" value="0" />
  <attribute name="Target GC Util Change" value ="80.000000" />
  <attribute name="Current GC Util Change" value="153.000000"/>
  <attribute name="Current Error" value="53.000000" />
  <attribute name="Output H" value="174139360"/>
  <attribute name="Output I" value="2104"/>
  <attribute name="Output T" value="16"/>
  <attribute name= "Current Time Running" value="80335" />
  <attribute name="GC Util currently" value="153" />
  <attribute name="CPU Util currently" value="844972828090" />
<exclusive-end id="1128" timestamp="2019-08-08T19:53:59.469" durationms="17.127" />

<exclusive-start id="1129" timestamp="2019-08-08T19:54:00.678" intervalms="1226.181">
  <response-info timems="0.064" idlems="0.064" threads="0" lastid="0000000001F80F00" lastname="main" />
</exclusive-start>
<allocation-taxation id="1130" taxation-threshold="50331648" timestamp="2019-08-08T19:54:00.678" intervalms="1226.181" />
<cycle-start id="1131" type="partial gc" contextid="0" timestamp="2019-08-08T19:54:00.678" intervalms="1226.280" />
<gc-start id="1132" type="partial gc" contextid="1131" timestamp="2019-08-08T19:54:00.678">
  <mem-info id="1133" free="52428800" total="174063616" percent="30">
    <mem type="eden" free="2095648" total="52428800" percent="3" />
    <remembered-set count="34144" freebytes="6822144" totalbytes="6958720" percent="98" regionsoverflowed="0" regionsstable="3" regionsrebuilding="0"/>
  </mem-info>
</gc-start>
<allocation-stats totalBytes="48496584" >
  <allocated-bytes non-tlh="0" tlh="48496584" arrayletleaf="0"/>
  <largest-consumer threadName="main" threadId="0000000001F80F00" bytes="48496584" />
</allocation-stats>
<gc-op id="1134" type="copy forward" timems="6.907" contextid="1131" timestamp="2019-08-08T19:54:00.687">
  <memory-copied type="eden" objects="104" bytes="37384" bytesdiscarded="608" />
  <memory-copied type="other" objects="0" bytes="0" bytesdiscarded="0" />
  <memory-cardclean objects="124" bytes="4320" />
  <regions eden="24" other="1" />
  <remembered-set-cleared processed="26472" cleared="38" durationms="0.316" />
  <stringconstants candidates="13783" cleared="0"  />
</gc-op>
<gc-op id="1135" type="classunload" timems="0.008" contextid="1131" timestamp="2019-08-08T19:54:00.687">
  <classunload-info classloadercandidates="55" classloadersunloaded="0" classesunloaded="0" anonymousclassesunloaded="0" quiescems="0.000" setupms="0.008" scanms="0.000" postms="0.000" />
</gc-op>
<heap-resize id="1136" type="contract" space="default" amount="10485760" count="1" timems="0.115" reason="insufficient time being spent in gc" timestamp="2019-08-08T19:54:00.687" />
<gc-end id="1137" type="partial gc" contextid="1131" durationms="8.977" usertimems="19.827" systemtimems="0.000" timestamp="2019-08-08T19:54:00.687" activeThreads="16">
  <mem-info id="1138" free="92274688" total="163577856" percent="56">
    <mem type="eden" free="2059160" total="2097152" percent="98" />
    <remembered-set count="34304" freebytes="6821504" totalbytes="6958720" percent="98" regionsoverflowed="0" regionsstable="3" regionsrebuilding="0"/>
  </mem-info>
</gc-end>
<cycle-end id="1139" type="partial gc" contextid="1131" timestamp="2019-08-08T19:54:00.688" />
  <attribute name="elasticGC enabled" value="1" />
  <attribute name= "numThreadsSpecified" value="16" />
  <attribute name="heapSize specified" value="0" />
  <attribute name="Current GC Util" value="184" />
  <attribute name= "Current Time Running" value="81562" />
  <attribute name ="GC Interval" value="0" />
  <attribute name="Target GC Util Change" value ="80.000000" />
  <attribute name="Current GC Util Change" value="184.000000"/>
  <attribute name="Current Error" value="-104.000000" />
  <attribute name="Output H" value="174139176"/>
  <attribute name="Output I" value="1824"/>
  <attribute name="Output T" value="16"/>
  <attribute name= "Current Time Running" value="81562" />
  <attribute name="GC Util currently" value="184" />
  <attribute name="CPU Util currently" value="882622021607" />
<exclusive-end id="1140" timestamp="2019-08-08T19:54:00.688" durationms="9.851" />

<exclusive-start id="1141" timestamp="2019-08-08T19:54:00.864" intervalms="186.353">
  <response-info timems="0.204" idlems="0.204" threads="0" lastid="0000000001F80F00" lastname="main" />
</exclusive-start>
<allocation-taxation id="1142" taxation-threshold="48234496" timestamp="2019-08-08T19:54:00.864" intervalms="186.432" />
<cycle-start id="1143" type="partial gc" contextid="0" timestamp="2019-08-08T19:54:00.865" intervalms="186.576" />
<gc-start id="1144" type="partial gc" contextid="1143" timestamp="2019-08-08T19:54:00.865">
  <mem-info id="1145" free="44040192" total="163577856" percent="26">
    <mem type="eden" free="0" total="48234496" percent="0" />
    <remembered-set count="34016" freebytes="6822656" totalbytes="6958720" percent="98" regionsoverflowed="0" regionsstable="3" regionsrebuilding="0"/>
  </mem-info>
</gc-start>
<allocation-stats totalBytes="48230560" >
  <allocated-bytes non-tlh="0" tlh="48230560" arrayletleaf="0"/>
  <largest-consumer threadName="main" threadId="0000000001F80F00" bytes="48230560" />
</allocation-stats>
<gc-op id="1146" type="copy forward" timems="19.032" contextid="1143" timestamp="2019-08-08T19:54:00.888">
  <memory-copied type="eden" objects="133" bytes="7384" bytesdiscarded="0" />
  <memory-copied type="other" objects="73" bytes="2464" bytesdiscarded="624" />
  <memory-cardclean objects="92" bytes="3256" />
  <regions eden="23" other="1" />
  <remembered-set-cleared processed="26483" cleared="40" durationms="0.200" />
  <stringconstants candidates="13783" cleared="0"  />
</gc-op>
<gc-op id="1147" type="classunload" timems="0.009" contextid="1143" timestamp="2019-08-08T19:54:00.888">
  <classunload-info classloadercandidates="55" classloadersunloaded="0" classesunloaded="0" anonymousclassesunloaded="0" quiescems="0.000" setupms="0.009" scanms="0.000" postms="0.000" />
</gc-op>
<heap-resize id="1148" type="contract" space="default" amount="8388608" count="1" timems="1.224" reason="insufficient time being spent in gc" timestamp="2019-08-08T19:54:00.891" />
<gc-end id="1149" type="partial gc" contextid="1143" durationms="25.400" usertimems="100.280" systemtimems="0.000" timestamp="2019-08-08T19:54:00.891" activeThreads="16">
  <mem-info id="1150" free="81788928" total="155189248" percent="52">
    <mem type="eden" free="2089768" total="2097152" percent="99" />
    <remembered-set count="33824" freebytes="6404224" totalbytes="6539520" percent="97" regionsoverflowed="0" regionsstable="3" regionsrebuilding="0"/>
  </mem-info>
</gc-end>
<cycle-end id="1151" type="partial gc" contextid="1143" timestamp="2019-08-08T19:54:00.891" />
  <attribute name="elasticGC enabled" value="1" />
  <attribute name= "numThreadsSpecified" value="16" />
  <attribute name="heapSize specified" value="0" />
  <attribute name="Current GC Util" value="133" />
  <attribute name= "Current Time Running" value="81750" />
  <attribute name ="GC Interval" value="0" />
  <attribute name="Target GC Util Change" value ="80.000000" />
  <attribute name="Current GC Util Change" value="133.000000"/>
  <attribute name="Current Error" value="-86.000000" />
  <attribute name="Output H" value="163653440"/>
  <attribute name="Output I" value="1856"/>
  <attribute name="Output T" value="16"/>
  <attribute name= "Current Time Running" value="81750" />
  <attribute name="GC Util currently" value="133" />
  <attribute name="CPU Util currently" value="392369838726" />
<exclusive-end id="1152" timestamp="2019-08-08T19:54:00.891" durationms="26.819" />

<exclusive-start id="1153" timestamp="2019-08-08T19:54:01.611" intervalms="746.266">
  <response-info timems="0.128" idlems="0.128" threads="0" lastid="0000000001F80F00" lastname="main" />
</exclusive-start>
<allocation-taxation id="1154" taxation-threshold="46137344" timestamp="2019-08-08T19:54:01.611" intervalms="746.192" />
<cycle-start id="1155" type="partial gc" contextid="0" timestamp="2019-08-08T19:54:01.611" intervalms="745.986" />
<gc-start id="1156" type="partial gc" contextid="1155" timestamp="2019-08-08T19:54:01.611">
  <mem-info id="1157" free="35651584" total="155189248" percent="22">
    <mem type="eden" free="0" total="46137344" percent="0" />
    <remembered-set count="33568" freebytes="6405248" totalbytes="6539520" percent="97" regionsoverflowed="0" regionsstable="3" regionsrebuilding="0"/>
  </mem-info>
</gc-start>
<allocation-stats totalBytes="46131856" >
  <allocated-bytes non-tlh="0" tlh="46131856" arrayletleaf="0"/>
  <largest-consumer threadName="main" threadId="0000000001F80F00" bytes="46131856" />
</allocation-stats>
<gc-op id="1158" type="copy forward" timems="7.074" contextid="1155" timestamp="2019-08-08T19:54:01.619">
  <memory-copied type="eden" objects="45" bytes="1416" bytesdiscarded="0" />
  <memory-copied type="other" objects="7" bytes="160" bytesdiscarded="0" />
  <memory-cardclean objects="111" bytes="3960" />
  <regions eden="22" other="1" />
  <remembered-set-cleared processed="26492" cleared="33" durationms="0.363" />
  <stringconstants candidates="13783" cleared="0"  />
</gc-op>
<gc-op id="1159" type="classunload" timems="0.008" contextid="1155" timestamp="2019-08-08T19:54:01.620">
  <classunload-info classloadercandidates="55" classloadersunloaded="0" classesunloaded="0" anonymousclassesunloaded="0" quiescems="0.000" setupms="0.007" scanms="0.000" postms="0.000" />
</gc-op>
<heap-resize id="1160" type="contract" space="default" amount="8388608" count="1" timems="0.251" reason="insufficient time being spent in gc" timestamp="2019-08-08T19:54:01.620" />
<gc-end id="1161" type="partial gc" contextid="1155" durationms="8.885" usertimems="26.239" systemtimems="0.000" timestamp="2019-08-08T19:54:01.620" activeThreads="16">
  <mem-info id="1162" free="71303168" total="146800640" percent="48">
    <mem type="eden" free="2095736" total="2097152" percent="99" />
    <remembered-set count="34688" freebytes="6065408" totalbytes="6204160" percent="97" regionsoverflowed="0" regionsstable="3" regionsrebuilding="0"/>
  </mem-info>
</gc-end>
<cycle-end id="1163" type="partial gc" contextid="1155" timestamp="2019-08-08T19:54:01.620" />
  <attribute name="elasticGC enabled" value="1" />
  <attribute name= "numThreadsSpecified" value="16" />
  <attribute name="heapSize specified" value="0" />
  <attribute name="Current GC Util" value="96" />
  <attribute name= "Current Time Running" value="82494" />
  <attribute name ="GC Interval" value="0" />
  <attribute name="Target GC Util Change" value ="80.000000" />
  <attribute name="Current GC Util Change" value="96.000000"/>
  <attribute name="Current Error" value="-28.000000" />
  <attribute name="Output H" value="155264896"/>
  <attribute name="Output I" value="1960"/>
  <attribute name="Output T" value="16"/>
  <attribute name= "Current Time Running" value="82494" />
  <attribute name="GC Util currently" value="96" />
  <attribute name="CPU Util currently" value="1044818313135" />
<exclusive-end id="1164" timestamp="2019-08-08T19:54:01.620" durationms="9.533" />

<exclusive-start id="1165" timestamp="2019-08-08T19:54:01.906" intervalms="295.544">
  <response-info timems="0.047" idlems="0.047" threads="0" lastid="0000000001F80F00" lastname="main" />
</exclusive-start>
<allocation-taxation id="1166" taxation-threshold="44040192" timestamp="2019-08-08T19:54:01.906" intervalms="295.536" />
<cycle-start id="1167" type="partial gc" contextid="0" timestamp="2019-08-08T19:54:01.906" intervalms="295.496" />
<gc-start id="1168" type="partial gc" contextid="1167" timestamp="2019-08-08T19:54:01.907">
  <mem-info id="1169" free="27262976" total="146800640" percent="18">
    <mem type="eden" free="0" total="44040192" percent="0" />
    <remembered-set count="34688" freebytes="6065408" totalbytes="6204160" percent="97" regionsoverflowed="0" regionsstable="3" regionsrebuilding="0"/>
  </mem-info>
</gc-start>
<allocation-stats totalBytes="44032456" >
  <allocated-bytes non-tlh="32" tlh="44032424" arrayletleaf="0"/>
  <largest-consumer threadName="main" threadId="0000000001F80F00" bytes="44032456" />
</allocation-stats>
<gc-op id="1170" type="copy forward" timems="7.276" contextid="1167" timestamp="2019-08-08T19:54:01.915">
  <memory-copied type="eden" objects="40" bytes="1376" bytesdiscarded="1160" />
  <memory-copied type="other" objects="31" bytes="912" bytesdiscarded="288" />
  <memory-cardclean objects="92" bytes="3288" />
  <regions eden="21" other="1" />
  <remembered-set-cleared processed="26501" cleared="33" durationms="0.243" />
  <stringconstants candidates="13784" cleared="0"  />
</gc-op>
<gc-op id="1171" type="classunload" timems="0.009" contextid="1167" timestamp="2019-08-08T19:54:01.915">
  <classunload-info classloadercandidates="55" classloadersunloaded="0" classesunloaded="0" anonymousclassesunloaded="0" quiescems="0.000" setupms="0.009" scanms="0.000" postms="0.000" />
</gc-op>
<heap-resize id="1172" type="contract" space="default" amount="8388608" count="1" timems="0.340" reason="insufficient time being spent in gc" timestamp="2019-08-08T19:54:01.916" />
<gc-end id="1173" type="partial gc" contextid="1167" durationms="9.408" usertimems="37.196" systemtimems="0.000" timestamp="2019-08-08T19:54:01.916" activeThreads="16">
  <mem-info id="1174" free="60817408" total="138412032" percent="43">
    <mem type="eden" free="2094616" total="2097152" percent="99" />
    <remembered-set count="34752" freebytes="5729792" totalbytes="5868800" percent="97" regionsoverflowed="0" regionsstable="3" regionsrebuilding="0"/>
  </mem-info>
</gc-end>
<cycle-end id="1175" type="partial gc" contextid="1167" timestamp="2019-08-08T19:54:01.916" />
  <attribute name="elasticGC enabled" value="1" />
  <attribute name= "numThreadsSpecified" value="16" />
  <attribute name="heapSize specified" value="0" />
  <attribute name="Current GC Util" value="146" />
  <attribute name= "Current Time Running" value="82790" />
  <attribute name ="GC Interval" value="0" />
  <attribute name="Target GC Util Change" value ="80.000000" />
  <attribute name="Current GC Util Change" value="146.000000"/>
  <attribute name="Current Error" value="-66.000000" />
  <attribute name="Output H" value="146876248"/>
  <attribute name="Output I" value="1896"/>
  <attribute name="Output T" value="16"/>
  <attribute name= "Current Time Running" value="82790" />
  <attribute name="GC Util currently" value="146" />
  <attribute name="CPU Util currently" value="978372909023" />
<exclusive-end id="1176" timestamp="2019-08-08T19:54:01.916" durationms="10.148" />

<exclusive-start id="1177" timestamp="2019-08-08T19:54:02.123" intervalms="216.633">
  <response-info timems="0.059" idlems="0.059" threads="0" lastid="0000000001F80F00" lastname="main" />
</exclusive-start>
<allocation-taxation id="1178" taxation-threshold="20971520" timestamp="2019-08-08T19:54:02.123" intervalms="216.680" />
<cycle-start id="1179" type="global mark phase" contextid="0" timestamp="2019-08-08T19:54:02.123" intervalms="9349.621" />
<gc-start id="1180" type="global mark phase" contextid="1179" timestamp="2019-08-08T19:54:02.123">
  <mem-info id="1181" free="39845888" total="138412032" percent="28">
    <remembered-set count="34368" freebytes="5731328" totalbytes="5868800" percent="97" regionsoverflowed="0" regionsstable="3" regionsrebuilding="0"/>
  </mem-info>
</gc-start>
<gc-op id="1182" type="mark increment" timems="2.697" contextid="1179" timestamp="2019-08-08T19:54:02.126">
  <trace-info objectcount="227" scancount="0" scanbytes="0" />
</gc-op>
<gc-end id="1183" type="global mark phase" contextid="1179" durationms="2.736" usertimems="11.086" systemtimems="0.000" timestamp="2019-08-08T19:54:02.126" activeThreads="16">
  <mem-info id="1184" free="39845888" total="138412032" percent="28">
    <remembered-set count="34368" freebytes="5731328" totalbytes="5868800" percent="97" regionsoverflowed="0" regionsstable="0" regionsrebuilding="3"/>
  </mem-info>
</gc-end>
<concurrent-start id="1185" type="GMP work packet processing" contextid="1179" timestamp="2019-08-08T19:54:02.126">
  <concurrent-mark-start scanTarget="5664634" />
</concurrent-start>
<exclusive-end id="1186" timestamp="2019-08-08T19:54:02.126" durationms="3.070" />

<concurrent-end id="1187" type="GMP work packet processing" contextid="1179" timestamp="2019-08-08T19:54:02.130">
  <concurrent-mark-end bytesScanned="5745984" reasonForTermination="Work target met" />
</concurrent-end>

<exclusive-start id="1188" timestamp="2019-08-08T19:54:02.333" intervalms="210.364">
  <response-info timems="0.059" idlems="0.059" threads="0" lastid="0000000001F80F00" lastname="main" />
</exclusive-start>
<allocation-taxation id="1189" taxation-threshold="20971520" timestamp="2019-08-08T19:54:02.333" intervalms="210.315" />
<cycle-start id="1190" type="partial gc" contextid="0" timestamp="2019-08-08T19:54:02.333" intervalms="427.023" />
<gc-start id="1191" type="partial gc" contextid="1190" timestamp="2019-08-08T19:54:02.334">
  <mem-info id="1192" free="18874368" total="138412032" percent="13">
    <mem type="eden" free="0" total="41943040" percent="0" />
    <remembered-set count="57632" freebytes="5638272" totalbytes="5868800" percent="96" regionsoverflowed="0" regionsstable="0" regionsrebuilding="3"/>
  </mem-info>
</gc-start>
<allocation-stats totalBytes="41926416" >
  <allocated-bytes non-tlh="0" tlh="41926416" arrayletleaf="0"/>
  <largest-consumer threadName="main" threadId="0000000001F80F00" bytes="20963184" />
</allocation-stats>
<gc-op id="1193" type="copy forward" timems="10.417" contextid="1190" timestamp="2019-08-08T19:54:02.345">
  <memory-copied type="eden" objects="17" bytes="792" bytesdiscarded="0" />
  <memory-copied type="other" objects="28" bytes="800" bytesdiscarded="424" />
  <memory-cardclean objects="59" bytes="2160" />
  <regions eden="20" other="1" />
  <remembered-set-cleared processed="48417" cleared="61" durationms="0.260" />
  <stringconstants candidates="13784" cleared="0"  />
</gc-op>
<gc-op id="1194" type="classunload" timems="0.009" contextid="1190" timestamp="2019-08-08T19:54:02.345">
  <classunload-info classloadercandidates="55" classloadersunloaded="0" classesunloaded="0" anonymousclassesunloaded="0" quiescems="0.000" setupms="0.009" scanms="0.000" postms="0.000" />
</gc-op>
<heap-resize id="1195" type="contract" space="default" amount="8388608" count="1" timems="0.102" reason="insufficient time being spent in gc" timestamp="2019-08-08T19:54:02.345" />
<gc-end id="1196" type="partial gc" contextid="1190" durationms="11.988" usertimems="28.861" systemtimems="0.000" timestamp="2019-08-08T19:54:02.346" activeThreads="16">
  <mem-info id="1197" free="50331648" total="130023424" percent="38">
    <mem type="eden" free="2096360" total="2097152" percent="99" />
    <remembered-set count="57056" freebytes="5305216" totalbytes="5533440" percent="95" regionsoverflowed="0" regionsstable="0" regionsrebuilding="3"/>
  </mem-info>
</gc-end>
<cycle-end id="1198" type="partial gc" contextid="1190" timestamp="2019-08-08T19:54:02.346" />
  <attribute name="elasticGC enabled" value="1" />
  <attribute name= "numThreadsSpecified" value="16" />
  <attribute name="heapSize specified" value="0" />
  <attribute name="Current GC Util" value="86" />
  <attribute name= "Current Time Running" value="83216" />
  <attribute name ="GC Interval" value="0" />
  <attribute name="Target GC Util Change" value ="80.000000" />
  <attribute name="Current GC Util Change" value="86.000000"/>
  <attribute name="Current Error" value="-287.000000" />
  <attribute name="Output H" value="138487384"/>
  <attribute name="Output I" value="1496"/>
  <attribute name="Output T" value="16"/>
  <attribute name= "Current Time Running" value="83216" />
  <attribute name="GC Util currently" value="86" />
  <attribute name="CPU Util currently" value="1202653616688" />
<exclusive-end id="1199" timestamp="2019-08-08T19:54:02.346" durationms="12.762" />

<exclusive-start id="1200" timestamp="2019-08-08T19:54:02.528" intervalms="194.711">
  <response-info timems="0.055" idlems="0.055" threads="0" lastid="0000000001F80F00" lastname="main" />
</exclusive-start>
<allocation-taxation id="1201" taxation-threshold="18874368" timestamp="2019-08-08T19:54:02.528" intervalms="194.733" />
<gc-start id="1202" type="global mark phase" contextid="1179" timestamp="2019-08-08T19:54:02.528">
  <mem-info id="1203" free="31457280" total="130023424" percent="24">
    <remembered-set count="56608" freebytes="5307008" totalbytes="5533440" percent="95" regionsoverflowed="0" regionsstable="0" regionsrebuilding="3"/>
  </mem-info>
</gc-start>
<gc-end id="1204" type="global mark phase" contextid="1179" durationms="0.037" usertimems="0.035" systemtimems="0.000" timestamp="2019-08-08T19:54:02.528" activeThreads="16">
  <mem-info id="1205" free="31457280" total="130023424" percent="24">
    <remembered-set count="56608" freebytes="5307008" totalbytes="5533440" percent="95" regionsoverflowed="0" regionsstable="0" regionsrebuilding="3"/>
  </mem-info>
</gc-end>
<concurrent-start id="1206" type="GMP work packet processing" contextid="1179" timestamp="2019-08-08T19:54:02.528">
  <concurrent-mark-start scanTarget="5664634" />
</concurrent-start>
<exclusive-end id="1207" timestamp="2019-08-08T19:54:02.532" durationms="3.683" />

<concurrent-end id="1208" type="GMP work packet processing" contextid="1179" timestamp="2019-08-08T19:54:02.533">
  <concurrent-mark-end bytesScanned="5842588" reasonForTermination="Work target met" />
</concurrent-end>

<exclusive-start id="1209" timestamp="2019-08-08T19:54:02.590" intervalms="61.864">
  <response-info timems="0.059" idlems="0.059" threads="0" lastid="0000000001F80F00" lastname="main" />
</exclusive-start>
<allocation-taxation id="1210" taxation-threshold="18874368" timestamp="2019-08-08T19:54:02.590" intervalms="61.850" />
<cycle-start id="1211" type="partial gc" contextid="0" timestamp="2019-08-08T19:54:02.590" intervalms="256.619" />
<gc-start id="1212" type="partial gc" contextid="1211" timestamp="2019-08-08T19:54:02.590">
  <mem-info id="1213" free="12582912" total="130023424" percent="9">
    <mem type="eden" free="2096360" total="39845888" percent="5" />
    <remembered-set count="83904" freebytes="5197824" totalbytes="5533440" percent="93" regionsoverflowed="0" regionsstable="0" regionsrebuilding="3"/>
  </mem-info>
</gc-start>
<allocation-stats totalBytes="37743872" >
  <allocated-bytes non-tlh="0" tlh="37743872" arrayletleaf="0"/>
  <largest-consumer threadName="main" threadId="0000000001F80F00" bytes="18872632" />
</allocation-stats>
<gc-op id="1214" type="copy forward" timems="12.147" contextid="1211" timestamp="2019-08-08T19:54:02.605">
  <memory-copied type="eden" objects="38" bytes="1096" bytesdiscarded="0" />
  <memory-copied type="other" objects="0" bytes="0" bytesdiscarded="0" />
  <memory-cardclean objects="14592" bytes="589552" />
  <regions eden="18" other="1" />
  <remembered-set-cleared processed="72886" cleared="3709" durationms="0.658" />
  <stringconstants candidates="13784" cleared="0"  />
</gc-op>
<gc-op id="1215" type="classunload" timems="0.011" contextid="1211" timestamp="2019-08-08T19:54:02.605">
  <classunload-info classloadercandidates="55" classloadersunloaded="0" classesunloaded="0" anonymousclassesunloaded="0" quiescems="0.000" setupms="0.011" scanms="0.000" postms="0.000" />
</gc-op>
<heap-resize id="1216" type="contract" space="default" amount="6291456" count="1" timems="0.261" reason="insufficient time being spent in gc" timestamp="2019-08-08T19:54:02.605" />
<gc-end id="1217" type="partial gc" contextid="1211" durationms="15.253" usertimems="58.092" systemtimems="0.000" timestamp="2019-08-08T19:54:02.605" activeThreads="16">
  <mem-info id="1218" free="44040192" total="123731968" percent="35">
    <mem type="eden" free="2096056" total="2097152" percent="99" />
    <remembered-set count="83104" freebytes="4865664" totalbytes="5198080" percent="93" regionsoverflowed="0" regionsstable="0" regionsrebuilding="3"/>
  </mem-info>
</gc-end>
<cycle-end id="1219" type="partial gc" contextid="1211" timestamp="2019-08-08T19:54:02.606" />
  <attribute name="elasticGC enabled" value="1" />
  <attribute name= "numThreadsSpecified" value="16" />
  <attribute name="heapSize specified" value="0" />
  <attribute name="Current GC Util" value="67" />
  <attribute name= "Current Time Running" value="83474" />
  <attribute name ="GC Interval" value="0" />
  <attribute name="Target GC Util Change" value ="80.000000" />
  <attribute name="Current GC Util Change" value="67.000000"/>
  <attribute name="Current Error" value="125.000000" />
  <attribute name="Output H" value="130099248"/>
  <attribute name="Output I" value="2232"/>
  <attribute name="Output T" value="16"/>
  <attribute name= "Current Time Running" value="83474" />
  <attribute name="GC Util currently" value="67" />
  <attribute name="CPU Util currently" value="483418612035" />
<exclusive-end id="1220" timestamp="2019-08-08T19:54:02.606" durationms="15.947" />

<exclusive-start id="1221" timestamp="2019-08-08T19:54:02.659" intervalms="69.188">
  <response-info timems="0.039" idlems="0.039" threads="0" lastid="0000000001F80F00" lastname="main" />
</exclusive-start>
<allocation-taxation id="1222" taxation-threshold="18874368" timestamp="2019-08-08T19:54:02.659" intervalms="69.180" />
<gc-start id="1223" type="global mark phase" contextid="1179" timestamp="2019-08-08T19:54:02.659">
  <mem-info id="1224" free="25165824" total="123731968" percent="20">
    <remembered-set count="82816" freebytes="4866816" totalbytes="5198080" percent="93" regionsoverflowed="0" regionsstable="0" regionsrebuilding="3"/>
  </mem-info>
</gc-start>
<gc-end id="1225" type="global mark phase" contextid="1179" durationms="0.032" usertimems="0.030" systemtimems="0.000" timestamp="2019-08-08T19:54:02.659" activeThreads="16">
  <mem-info id="1226" free="25165824" total="123731968" percent="20">
    <remembered-set count="82816" freebytes="4866816" totalbytes="5198080" percent="93" regionsoverflowed="0" regionsstable="0" regionsrebuilding="3"/>
  </mem-info>
</gc-end>
<concurrent-start id="1227" type="GMP work packet processing" contextid="1179" timestamp="2019-08-08T19:54:02.659">
  <concurrent-mark-start scanTarget="8496952" />
</concurrent-start>
<exclusive-end id="1228" timestamp="2019-08-08T19:54:02.659" durationms="0.332" />

<concurrent-end id="1229" type="GMP work packet processing" contextid="1179" timestamp="2019-08-08T19:54:02.662">
  <concurrent-mark-end bytesScanned="2061140" reasonForTermination="Completed all work in GC phase" />
</concurrent-end>

<exclusive-start id="1230" timestamp="2019-08-08T19:54:02.710" intervalms="51.444">
  <response-info timems="0.036" idlems="0.036" threads="0" lastid="0000000001F80F00" lastname="main" />
</exclusive-start>
<allocation-taxation id="1231" taxation-threshold="18874368" timestamp="2019-08-08T19:54:02.710" intervalms="51.445" />
<cycle-start id="1232" type="partial gc" contextid="0" timestamp="2019-08-08T19:54:02.710" intervalms="120.586" />
<gc-start id="1233" type="partial gc" contextid="1232" timestamp="2019-08-08T19:54:02.711">
  <mem-info id="1234" free="6291456" total="123731968" percent="5">
    <mem type="eden" free="0" total="37748736" percent="0" />
    <remembered-set count="87424" freebytes="4848384" totalbytes="5198080" percent="93" regionsoverflowed="0" regionsstable="0" regionsrebuilding="3"/>
  </mem-info>
</gc-start>
<allocation-stats totalBytes="37744096" >
  <allocated-bytes non-tlh="0" tlh="37744096" arrayletleaf="0"/>
  <largest-consumer threadName="main" threadId="0000000001F80F00" bytes="18871008" />
</allocation-stats>
<gc-op id="1235" type="copy forward" timems="11.881" contextid="1232" timestamp="2019-08-08T19:54:02.724">
  <memory-copied type="eden" objects="30" bytes="928" bytesdiscarded="0" />
  <memory-copied type="other" objects="15" bytes="344" bytesdiscarded="496" />
  <memory-cardclean objects="82" bytes="2648" />
  <regions eden="18" other="1" />
  <remembered-set-cleared processed="77205" cleared="39" durationms="0.441" />
  <stringconstants candidates="13784" cleared="0"  />
</gc-op>
<gc-op id="1236" type="classunload" timems="0.010" contextid="1232" timestamp="2019-08-08T19:54:02.724">
  <classunload-info classloadercandidates="55" classloadersunloaded="0" classesunloaded="0" anonymousclassesunloaded="0" quiescems="0.000" setupms="0.010" scanms="0.000" postms="0.000" />
</gc-op>
<gc-end id="1237" type="partial gc" contextid="1232" durationms="13.352" usertimems="36.007" systemtimems="0.000" timestamp="2019-08-08T19:54:02.724" activeThreads="16">
  <mem-info id="1238" free="41943040" total="123731968" percent="33">
    <mem type="eden" free="2096224" total="2097152" percent="99" />
    <remembered-set count="86112" freebytes="4602112" totalbytes="4946560" percent="93" regionsoverflowed="0" regionsstable="0" regionsrebuilding="3"/>
  </mem-info>
</gc-end>
<cycle-end id="1239" type="partial gc" contextid="1232" timestamp="2019-08-08T19:54:02.724" />
  <attribute name="elasticGC enabled" value="1" />
  <attribute name= "numThreadsSpecified" value="16" />
  <attribute name="heapSize specified" value="0" />
  <attribute name="Current GC Util" value="83" />
  <attribute name= "Current Time Running" value="83594" />
  <attribute name ="GC Interval" value="0" />
  <attribute name="Target GC Util Change" value ="80.000000" />
  <attribute name="Current GC Util Change" value="83.000000"/>
  <attribute name="Current Error" value="206.000000" />
  <attribute name="Output H" value="123807888"/>
  <attribute name="Output I" value="2376"/>
  <attribute name="Output T" value="16"/>
  <attribute name= "Current Time Running" value="83594" />
  <attribute name="GC Util currently" value="83" />
  <attribute name="CPU Util currently" value="1208228126188" />
<exclusive-end id="1240" timestamp="2019-08-08T19:54:02.724" durationms="13.951" />

<exclusive-start id="1241" timestamp="2019-08-08T19:54:02.788" intervalms="77.507">
  <response-info timems="0.015" idlems="0.015" threads="0" lastid="0000000001F80F00" lastname="main" />
</exclusive-start>
<allocation-taxation id="1242" taxation-threshold="18874368" timestamp="2019-08-08T19:54:02.788" intervalms="77.505" />
<gc-start id="1243" type="global mark phase" contextid="1179" timestamp="2019-08-08T19:54:02.788">
  <mem-info id="1244" free="23068672" total="123731968" percent="18">
    <remembered-set count="85632" freebytes="4604032" totalbytes="4946560" percent="93" regionsoverflowed="0" regionsstable="0" regionsrebuilding="3"/>
  </mem-info>
</gc-start>
<gc-op id="1245" type="mark increment" timems="9.757" contextid="1179" timestamp="2019-08-08T19:54:02.798">
  <trace-info objectcount="73" scancount="64" scanbytes="116508" />
  <cardclean-info objects="24216" bytes="637108" />
  <finalization candidates="81" enqueued="1" />
  <ownableSynchronizers candidates="21" cleared="0" />
  <references type="soft" candidates="4844" cleared="14" enqueued="12" dynamicThreshold="10" maxThreshold="32" />
  <references type="weak" candidates="5668" cleared="55" enqueued="50" />
  <references type="phantom" candidates="98" cleared="0" enqueued="0" />
  <stringconstants candidates="13784" cleared="14"  />
</gc-op>
<gc-op id="1246" type="classunload" timems="0.432" contextid="1179" timestamp="2019-08-08T19:54:02.798">
  <classunload-info classloadercandidates="55" classloadersunloaded="1" classesunloaded="1" anonymousclassesunloaded="0" quiescems="0.000" setupms="0.417" scanms="0.010" postms="0.005" />
</gc-op>
<gc-end id="1247" type="global mark phase" contextid="1179" durationms="10.319" usertimems="26.450" systemtimems="0.000" timestamp="2019-08-08T19:54:02.798" activeThreads="16">
  <mem-info id="1248" free="23068672" total="123731968" percent="18">
    <pending-finalizers system="0" default="1" reference="62" classloader="0" />
    <remembered-set count="91264" freebytes="4581504" totalbytes="4946560" percent="92" regionsoverflowed="0" regionsstable="0" regionsrebuilding="0"/>
  </mem-info>
</gc-end>
<cycle-end id="1249" type="global mark phase" contextid="1179" timestamp="2019-08-08T19:54:02.798" />
  <attribute name="elasticGC enabled" value="1" />
  <attribute name= "numThreadsSpecified" value="16" />
  <attribute name="heapSize specified" value="0" />
  <attribute name="Current GC Util" value="129" />
  <attribute name= "Current Time Running" value="83673" />
  <attribute name ="GC Interval" value="0" />
  <attribute name="Target GC Util Change" value ="80.000000" />
  <attribute name="Current GC Util Change" value="129.000000"/>
  <attribute name="Current Error" value="-319.000000" />
  <attribute name="Output H" value="123807280"/>
  <attribute name="Output I" value="1440"/>
  <attribute name="Output T" value="16"/>
  <attribute name= "Current Time Running" value="83673" />
  <attribute name="GC Util currently" value="129" />
  <attribute name="CPU Util currently" value="812424589112" />
<exclusive-end id="1250" timestamp="2019-08-08T19:54:02.798" durationms="10.613" />

<exclusive-start id="1251" timestamp="2019-08-08T19:54:02.855" intervalms="67.405">
  <response-info timems="0.017" idlems="0.017" threads="0" lastid="0000000001F80F00" lastname="main" />
</exclusive-start>
<allocation-taxation id="1252" taxation-threshold="18874368" timestamp="2019-08-08T19:54:02.855" intervalms="67.406" />
<cycle-start id="1253" type="partial gc" contextid="0" timestamp="2019-08-08T19:54:02.855" intervalms="144.883" />
<gc-start id="1254" type="partial gc" contextid="1253" timestamp="2019-08-08T19:54:02.856">
  <mem-info id="1255" free="4194304" total="123731968" percent="3">
    <mem type="eden" free="0" total="37748736" percent="0" />
    <remembered-set count="37760" freebytes="4795520" totalbytes="4946560" percent="96" regionsoverflowed="0" regionsstable="3" regionsrebuilding="0"/>
  </mem-info>
</gc-start>
<allocation-stats totalBytes="37743664" >
  <allocated-bytes non-tlh="0" tlh="37743664" arrayletleaf="0"/>
  <largest-consumer threadName="main" threadId="0000000001F80F00" bytes="18863648" />
</allocation-stats>
<gc-op id="1256" type="sweep" timems="2.091" contextid="1253" timestamp="2019-08-08T19:54:02.858" />
<gc-op id="1257" type="copy forward" timems="8.400" contextid="1253" timestamp="2019-08-08T19:54:02.867">
  <memory-copied type="eden" objects="22" bytes="1192" bytesdiscarded="584" />
  <memory-copied type="other" objects="7" bytes="160" bytesdiscarded="0" />
  <memory-cardclean objects="147" bytes="8992" />
  <regions eden="9" other="2" />
  <remembered-set-cleared processed="26447" cleared="50" durationms="0.183" />
  <stringconstants candidates="13770" cleared="0"  />
</gc-op>
<gc-op id="1258" type="classunload" timems="0.009" contextid="1253" timestamp="2019-08-08T19:54:02.867">
  <classunload-info classloadercandidates="54" classloadersunloaded="0" classesunloaded="0" anonymousclassesunloaded="0" quiescems="0.000" setupms="0.009" scanms="0.000" postms="0.000" />
</gc-op>
<gc-end id="1259" type="partial gc" contextid="1253" durationms="11.790" usertimems="25.787" systemtimems="0.000" timestamp="2019-08-08T19:54:02.867" activeThreads="16">
  <mem-info id="1260" free="39845888" total="123731968" percent="32">
    <mem type="eden" free="2095376" total="2097152" percent="99" />
    <remembered-set count="35104" freebytes="4806144" totalbytes="4946560" percent="97" regionsoverflowed="0" regionsstable="3" regionsrebuilding="0"/>
  </mem-info>
</gc-end>
<cycle-end id="1261" type="partial gc" contextid="1253" timestamp="2019-08-08T19:54:02.867" />
  <attribute name="elasticGC enabled" value="1" />
  <attribute name= "numThreadsSpecified" value="16" />
  <attribute name="heapSize specified" value="0" />
  <attribute name="Current GC Util" value="121" />
  <attribute name= "Current Time Running" value="83740" />
  <attribute name ="GC Interval" value="0" />
  <attribute name="Target GC Util Change" value ="80.000000" />
  <attribute name="Current GC Util Change" value="121.000000"/>
  <attribute name="Current Error" value="-387.000000" />
  <attribute name="Output H" value="123807208"/>
  <attribute name="Output I" value="1320"/>
  <attribute name="Output T" value="16"/>
  <attribute name= "Current Time Running" value="83740" />
  <attribute name="GC Util currently" value="121" />
  <attribute name="CPU Util currently" value="1757038895796" />
<exclusive-end id="1262" timestamp="2019-08-08T19:54:02.868" durationms="12.325" />

<exclusive-start id="1263" timestamp="2019-08-08T19:54:03.045" intervalms="189.849">
  <response-info timems="0.054" idlems="0.054" threads="0" lastid="0000000001F80F00" lastname="main" />
</exclusive-start>
<allocation-taxation id="1264" taxation-threshold="18874368" timestamp="2019-08-08T19:54:03.045" intervalms="189.847" />
<cycle-start id="1265" type="global mark phase" contextid="0" timestamp="2019-08-08T19:54:03.045" intervalms="922.265" />
<gc-start id="1266" type="global mark phase" contextid="1265" timestamp="2019-08-08T19:54:03.045">
  <mem-info id="1267" free="20971520" total="123731968" percent="16">
    <remembered-set count="34624" freebytes="4808064" totalbytes="4946560" percent="97" regionsoverflowed="0" regionsstable="3" regionsrebuilding="0"/>
  </mem-info>
</gc-start>
<gc-op id="1268" type="mark increment" timems="3.364" contextid="1265" timestamp="2019-08-08T19:54:03.049">
  <trace-info objectcount="203" scancount="0" scanbytes="0" />
</gc-op>
<gc-end id="1269" type="global mark phase" contextid="1265" durationms="3.407" usertimems="13.456" systemtimems="0.000" timestamp="2019-08-08T19:54:03.049" activeThreads="16">
  <mem-info id="1270" free="20971520" total="123731968" percent="16">
    <remembered-set count="34624" freebytes="4808064" totalbytes="4946560" percent="97" regionsoverflowed="0" regionsstable="0" regionsrebuilding="3"/>
  </mem-info>
</gc-end>
<concurrent-start id="1271" type="GMP work packet processing" contextid="1265" timestamp="2019-08-08T19:54:03.049">
  <concurrent-mark-start scanTarget="4622789" />
</concurrent-start>
<exclusive-end id="1272" timestamp="2019-08-08T19:54:03.049" durationms="3.839" />

<concurrent-end id="1273" type="GMP work packet processing" contextid="1265" timestamp="2019-08-08T19:54:03.053">
  <concurrent-mark-end bytesScanned="4822952" reasonForTermination="Work target met" />
</concurrent-end>

<exclusive-start id="1274" timestamp="2019-08-08T19:54:03.400" intervalms="354.682">
  <response-info timems="0.060" idlems="0.060" threads="0" lastid="0000000001F80F00" lastname="main" />
</exclusive-start>
<allocation-taxation id="1275" taxation-threshold="18874368" timestamp="2019-08-08T19:54:03.400" intervalms="354.704" />
<cycle-start id="1276" type="partial gc" contextid="0" timestamp="2019-08-08T19:54:03.400" intervalms="544.563" />
<gc-start id="1277" type="partial gc" contextid="1276" timestamp="2019-08-08T19:54:03.400">
  <mem-info id="1278" free="2097152" total="123731968" percent="1">
    <mem type="eden" free="0" total="37748736" percent="0" />
    <remembered-set count="58208" freebytes="4713728" totalbytes="4946560" percent="95" regionsoverflowed="0" regionsstable="0" regionsrebuilding="3"/>
  </mem-info>
</gc-start>
<allocation-stats totalBytes="37747360" >
  <allocated-bytes non-tlh="0" tlh="37747360" arrayletleaf="0"/>
  <largest-consumer threadName="main" threadId="0000000001F80F00" bytes="18873552" />
</allocation-stats>
<gc-op id="1279" type="copy forward" timems="12.387" contextid="1276" timestamp="2019-08-08T19:54:03.414">
  <memory-copied type="eden" objects="27" bytes="952" bytesdiscarded="0" />
  <memory-copied type="other" objects="56043" bytes="1754640" bytesdiscarded="160512" />
  <memory-cardclean objects="35185" bytes="1472048" />
  <regions eden="18" other="20" />
  <remembered-set-cleared processed="42457" cleared="17160" durationms="0.382" />
  <references type="soft" candidates="1016" cleared="0" enqueued="0" dynamicThreshold="5" maxThreshold="32" />
  <references type="weak" candidates="1129" cleared="0" enqueued="0" />
  <references type="phantom" candidates="2" cleared="0" enqueued="0" />
  <stringconstants candidates="13770" cleared="0"  />
  <heap-resize type="expand" space="default" amount="6291456" count="3" timems="0.158" reason="continue current collection" />
</gc-op>
<gc-op id="1280" type="classunload" timems="0.008" contextid="1276" timestamp="2019-08-08T19:54:03.414">
  <classunload-info classloadercandidates="54" classloadersunloaded="0" classesunloaded="0" anonymousclassesunloaded="0" quiescems="0.000" setupms="0.008" scanms="0.000" postms="0.000" />
</gc-op>
<heap-resize id="1281" type="contract" space="default" amount="8388608" count="1" timems="0.380" reason="insufficient time being spent in gc" timestamp="2019-08-08T19:54:03.414" />
<gc-end id="1282" type="partial gc" contextid="1276" durationms="14.185" usertimems="50.299" systemtimems="0.000" timestamp="2019-08-08T19:54:03.414" activeThreads="16">
  <mem-info id="1283" free="71303168" total="121634816" percent="58">
    <mem type="eden" free="2096200" total="2097152" percent="99" />
    <remembered-set count="48704" freebytes="5003264" totalbytes="5198080" percent="96" regionsoverflowed="0" regionsstable="0" regionsrebuilding="3"/>
  </mem-info>
</gc-end>
<cycle-end id="1284" type="partial gc" contextid="1276" timestamp="2019-08-08T19:54:03.414" />
  <attribute name="elasticGC enabled" value="1" />
  <attribute name= "numThreadsSpecified" value="16" />
  <attribute name="heapSize specified" value="0" />
  <attribute name="Current GC Util" value="239" />
  <attribute name= "Current Time Running" value="84283" />
  <attribute name ="GC Interval" value="0" />
  <attribute name="Target GC Util Change" value ="80.000000" />
  <attribute name="Current GC Util Change" value="239.000000"/>
  <attribute name="Current Error" value="-465.000000" />
  <attribute name="Output H" value="123807112"/>
  <attribute name="Output I" value="1184"/>
  <attribute name="Output T" value="16"/>
  <attribute name= "Current Time Running" value="84283" />
  <attribute name="GC Util currently" value="239" />
  <attribute name="CPU Util currently" value="1664827698135" />
<exclusive-end id="1285" timestamp="2019-08-08T19:54:03.415" durationms="14.831" />

<exclusive-start id="1286" timestamp="2019-08-08T19:54:03.838" intervalms="437.798">
  <response-info timems="0.064" idlems="0.064" threads="0" lastid="0000000001F80F00" lastname="main" />
</exclusive-start>
<allocation-taxation id="1287" taxation-threshold="18874368" timestamp="2019-08-08T19:54:03.838" intervalms="437.775" />
<gc-start id="1288" type="global mark phase" contextid="1265" timestamp="2019-08-08T19:54:03.838">
  <mem-info id="1289" free="52428800" total="121634816" percent="43">
    <remembered-set count="48320" freebytes="5004800" totalbytes="5198080" percent="96" regionsoverflowed="0" regionsstable="0" regionsrebuilding="3"/>
  </mem-info>
</gc-start>
<gc-end id="1290" type="global mark phase" contextid="1265" durationms="0.027" usertimems="0.025" systemtimems="0.000" timestamp="2019-08-08T19:54:03.838" activeThreads="16">
  <mem-info id="1291" free="52428800" total="121634816" percent="43">
    <remembered-set count="48320" freebytes="5004800" totalbytes="5198080" percent="96" regionsoverflowed="0" regionsstable="0" regionsrebuilding="3"/>
  </mem-info>
</gc-end>
<concurrent-start id="1292" type="GMP work packet processing" contextid="1265" timestamp="2019-08-08T19:54:03.838">
  <concurrent-mark-start scanTarget="4622789" />
</concurrent-start>
<exclusive-end id="1293" timestamp="2019-08-08T19:54:03.838" durationms="0.561" />

<concurrent-end id="1294" type="GMP work packet processing" contextid="1265" timestamp="2019-08-08T19:54:03.843">
  <concurrent-mark-end bytesScanned="4729232" reasonForTermination="Work target met" />
</concurrent-end>

<exclusive-start id="1295" timestamp="2019-08-08T19:54:04.890" intervalms="1052.393">
  <response-info timems="0.164" idlems="0.164" threads="0" lastid="0000000001F80F00" lastname="main" />
</exclusive-start>
<allocation-taxation id="1296" taxation-threshold="18874368" timestamp="2019-08-08T19:54:04.890" intervalms="1052.396" />
<cycle-start id="1297" type="partial gc" contextid="0" timestamp="2019-08-08T19:54:04.890" intervalms="1490.324" />
<gc-start id="1298" type="partial gc" contextid="1297" timestamp="2019-08-08T19:54:04.891">
  <mem-info id="1299" free="33554432" total="121634816" percent="27">
    <mem type="eden" free="0" total="37748736" percent="0" />
    <remembered-set count="69312" freebytes="4920832" totalbytes="5198080" percent="94" regionsoverflowed="0" regionsstable="0" regionsrebuilding="3"/>
  </mem-info>
</gc-start>
<allocation-stats totalBytes="37746352" >
  <allocated-bytes non-tlh="0" tlh="37746352" arrayletleaf="0"/>
  <largest-consumer threadName="main" threadId="0000000001F80F00" bytes="18873200" />
</allocation-stats>
<gc-op id="1300" type="copy forward" timems="16.209" contextid="1297" timestamp="2019-08-08T19:54:04.908">
  <memory-copied type="eden" objects="51" bytes="1352" bytesdiscarded="696" />
  <memory-copied type="other" objects="25831" bytes="1338712" bytesdiscarded="131952" />
  <memory-cardclean objects="117885" bytes="4349384" />
  <regions eden="18" other="3" />
  <remembered-set-cleared processed="42583" cleared="24206" durationms="0.454" />
  <finalization candidates="18" enqueued="0" />
  <ownableSynchronizers candidates="4" cleared="0" />
  <references type="soft" candidates="1888" cleared="0" enqueued="0" dynamicThreshold="13" maxThreshold="32" />
  <references type="weak" candidates="2927" cleared="0" enqueued="0" />
  <references type="phantom" candidates="10" cleared="0" enqueued="0" />
  <stringconstants candidates="13770" cleared="6"  />
</gc-op>
<gc-op id="1301" type="classunload" timems="0.010" contextid="1297" timestamp="2019-08-08T19:54:04.908">
  <classunload-info classloadercandidates="54" classloadersunloaded="0" classesunloaded="0" anonymousclassesunloaded="0" quiescems="0.000" setupms="0.010" scanms="0.000" postms="0.000" />
</gc-op>
<heap-resize id="1302" type="contract" space="default" amount="6291456" count="1" timems="0.679" reason="insufficient time being spent in gc" timestamp="2019-08-08T19:54:04.909" />
<gc-end id="1303" type="partial gc" contextid="1297" durationms="18.516" usertimems="85.488" systemtimems="0.000" timestamp="2019-08-08T19:54:04.909" activeThreads="16">
  <mem-info id="1304" free="62914560" total="115343360" percent="54">
    <mem type="eden" free="2095104" total="2097152" percent="99" />
    <remembered-set count="51072" freebytes="4658432" totalbytes="4862720" percent="95" regionsoverflowed="0" regionsstable="0" regionsrebuilding="3"/>
  </mem-info>
</gc-end>
<cycle-end id="1305" type="partial gc" contextid="1297" timestamp="2019-08-08T19:54:04.909" />
  <attribute name="elasticGC enabled" value="1" />
  <attribute name= "numThreadsSpecified" value="16" />
  <attribute name="heapSize specified" value="0" />
  <attribute name="Current GC Util" value="107" />
  <attribute name= "Current Time Running" value="85774" />
  <attribute name ="GC Interval" value="0" />
  <attribute name="Target GC Util Change" value ="80.000000" />
  <attribute name="Current GC Util Change" value="107.000000"/>
  <attribute name="Current Error" value="123.000000" />
  <attribute name="Output H" value="121710640"/>
  <attribute name="Output I" value="2232"/>
  <attribute name="Output T" value="16"/>
  <attribute name= "Current Time Running" value="85774" />
  <attribute name="GC Util currently" value="107" />
  <attribute name="CPU Util currently" value="1209264755440" />
<exclusive-end id="1306" timestamp="2019-08-08T19:54:04.909" durationms="19.305" />

<exclusive-start id="1307" timestamp="2019-08-08T19:54:04.967" intervalms="76.880">
  <response-info timems="0.122" idlems="0.122" threads="0" lastid="0000000001F80F00" lastname="main" />
</exclusive-start>
<allocation-taxation id="1308" taxation-threshold="16777216" timestamp="2019-08-08T19:54:04.967" intervalms="76.896" />
<gc-start id="1309" type="global mark phase" contextid="1265" timestamp="2019-08-08T19:54:04.967">
  <mem-info id="1310" free="46137344" total="115343360" percent="40">
    <remembered-set count="41536" freebytes="4696576" totalbytes="4862720" percent="96" regionsoverflowed="0" regionsstable="1" regionsrebuilding="3"/>
  </mem-info>
</gc-start>
<gc-end id="1311" type="global mark phase" contextid="1265" durationms="0.035" usertimems="0.130" systemtimems="0.000" timestamp="2019-08-08T19:54:04.967" activeThreads="16">
  <mem-info id="1312" free="46137344" total="115343360" percent="40">
    <remembered-set count="41536" freebytes="4696576" totalbytes="4862720" percent="96" regionsoverflowed="0" regionsstable="1" regionsrebuilding="3"/>
  </mem-info>
</gc-end>
<concurrent-start id="1313" type="GMP work packet processing" contextid="1265" timestamp="2019-08-08T19:54:04.967">
  <concurrent-mark-start scanTarget="4622789" />
</concurrent-start>
<exclusive-end id="1314" timestamp="2019-08-08T19:54:04.967" durationms="0.473" />

<concurrent-end id="1315" type="GMP work packet processing" contextid="1265" timestamp="2019-08-08T19:54:04.970">
  <concurrent-mark-end bytesScanned="4018572" reasonForTermination="Completed all work in GC phase" />
</concurrent-end>

<exclusive-start id="1316" timestamp="2019-08-08T19:54:05.017" intervalms="49.837">
  <response-info timems="0.116" idlems="0.116" threads="0" lastid="0000000001F80F00" lastname="main" />
</exclusive-start>
<allocation-taxation id="1317" taxation-threshold="16777216" timestamp="2019-08-08T19:54:05.017" intervalms="49.831" />
<cycle-start id="1318" type="partial gc" contextid="0" timestamp="2019-08-08T19:54:05.017" intervalms="126.588" />
<gc-start id="1319" type="partial gc" contextid="1318" timestamp="2019-08-08T19:54:05.017">
  <mem-info id="1320" free="29360128" total="115343360" percent="25">
    <mem type="eden" free="0" total="33554432" percent="0" />
    <remembered-set count="52928" freebytes="4651008" totalbytes="4862720" percent="95" regionsoverflowed="0" regionsstable="1" regionsrebuilding="3"/>
  </mem-info>
</gc-start>
<allocation-stats totalBytes="33551928" >
  <allocated-bytes non-tlh="0" tlh="33551928" arrayletleaf="0"/>
  <largest-consumer threadName="main" threadId="0000000001F80F00" bytes="16775872" />
</allocation-stats>
<gc-op id="1321" type="copy forward" timems="13.577" contextid="1318" timestamp="2019-08-08T19:54:05.032">
  <memory-copied type="eden" objects="6" bytes="136" bytesdiscarded="0" />
  <memory-copied type="other" objects="52731" bytes="1363464" bytesdiscarded="97552" />
  <memory-cardclean objects="14634" bytes="697312" />
  <regions eden="16" other="3" />
  <remembered-set-cleared processed="43344" cleared="4905" durationms="0.594" />
  <references type="soft" candidates="2940" cleared="0" enqueued="0" dynamicThreshold="12" maxThreshold="32" />
  <references type="weak" candidates="1839" cleared="0" enqueued="0" />
  <references type="phantom" candidates="8" cleared="0" enqueued="0" />
  <stringconstants candidates="13764" cleared="0"  />
</gc-op>
<gc-op id="1322" type="classunload" timems="0.009" contextid="1318" timestamp="2019-08-08T19:54:05.032">
  <classunload-info classloadercandidates="54" classloadersunloaded="0" classesunloaded="0" anonymousclassesunloaded="0" quiescems="0.000" setupms="0.008" scanms="0.000" postms="0.000" />
</gc-op>
<heap-resize id="1323" type="contract" space="default" amount="6291456" count="1" timems="0.213" reason="insufficient time being spent in gc" timestamp="2019-08-08T19:54:05.032" />
<gc-end id="1324" type="partial gc" contextid="1318" durationms="15.426" usertimems="53.712" systemtimems="0.000" timestamp="2019-08-08T19:54:05.032" activeThreads="16">
  <mem-info id="1325" free="54525952" total="109051904" percent="50">
    <mem type="eden" free="2097016" total="2097152" percent="99" />
    <remembered-set count="51264" freebytes="4406144" totalbytes="4611200" percent="95" regionsoverflowed="0" regionsstable="1" regionsrebuilding="3"/>
  </mem-info>
</gc-end>
<cycle-end id="1326" type="partial gc" contextid="1318" timestamp="2019-08-08T19:54:05.033" />
  <attribute name="elasticGC enabled" value="1" />
  <attribute name= "numThreadsSpecified" value="16" />
  <attribute name="heapSize specified" value="0" />
  <attribute name="Current GC Util" value="94" />
  <attribute name= "Current Time Running" value="85900" />
  <attribute name ="GC Interval" value="0" />
  <attribute name="Target GC Util Change" value ="80.000000" />
  <attribute name="Current GC Util Change" value="94.000000"/>
  <attribute name="Current Error" value="175.000000" />
  <attribute name="Output H" value="115419248"/>
  <attribute name="Output I" value="2320"/>
  <attribute name="Output T" value="16"/>
  <attribute name= "Current Time Running" value="85900" />
  <attribute name="GC Util currently" value="94" />
  <attribute name="CPU Util currently" value="968892061830" />
<exclusive-end id="1327" timestamp="2019-08-08T19:54:05.033" durationms="15.967" />

<exclusive-start id="1328" timestamp="2019-08-08T19:54:05.099" intervalms="82.282">
  <response-info timems="0.469" idlems="0.469" threads="0" lastid="0000000001F80F00" lastname="main" />
</exclusive-start>
<allocation-taxation id="1329" taxation-threshold="16777216" timestamp="2019-08-08T19:54:05.099" intervalms="82.270" />
<gc-start id="1330" type="global mark phase" contextid="1265" timestamp="2019-08-08T19:54:05.099">
  <mem-info id="1331" free="37748736" total="109051904" percent="34">
    <remembered-set count="48736" freebytes="4416256" totalbytes="4611200" percent="95" regionsoverflowed="0" regionsstable="2" regionsrebuilding="3"/>
  </mem-info>
</gc-start>
<gc-op id="1332" type="mark increment" timems="14.558" contextid="1265" timestamp="2019-08-08T19:54:05.114">
  <trace-info objectcount="339" scancount="336" scanbytes="247468" />
  <cardclean-info objects="205189" bytes="5825260" />
  <finalization candidates="80" enqueued="0" />
  <ownableSynchronizers candidates="21" cleared="0" />
  <references type="soft" candidates="4830" cleared="137" enqueued="131" dynamicThreshold="16" maxThreshold="32" />
  <references type="weak" candidates="5614" cleared="0" enqueued="0" />
  <references type="phantom" candidates="98" cleared="1" enqueued="1" />
  <stringconstants candidates="13764" cleared="0"  />
</gc-op>
<gc-op id="1333" type="classunload" timems="0.008" contextid="1265" timestamp="2019-08-08T19:54:05.114">
  <classunload-info classloadercandidates="54" classloadersunloaded="0" classesunloaded="0" anonymousclassesunloaded="0" quiescems="0.000" setupms="0.008" scanms="0.000" postms="0.000" />
</gc-op>
<gc-end id="1334" type="global mark phase" contextid="1265" durationms="14.691" usertimems="63.356" systemtimems="0.000" timestamp="2019-08-08T19:54:05.114" activeThreads="16">
  <mem-info id="1335" free="37748736" total="109051904" percent="34">
    <pending-finalizers system="0" default="0" reference="132" classloader="0" />
    <remembered-set count="58464" freebytes="4377344" totalbytes="4611200" percent="94" regionsoverflowed="0" regionsstable="2" regionsrebuilding="0"/>
  </mem-info>
</gc-end>
<cycle-end id="1336" type="global mark phase" contextid="1265" timestamp="2019-08-08T19:54:05.114" />
  <attribute name="elasticGC enabled" value="1" />
  <attribute name= "numThreadsSpecified" value="16" />
  <attribute name="heapSize specified" value="0" />
  <attribute name="Current GC Util" value="241" />
  <attribute name= "Current Time Running" value="85990" />
  <attribute name ="GC Interval" value="0" />
  <attribute name="Target GC Util Change" value ="80.000000" />
  <attribute name="Current GC Util Change" value="241.000000"/>
  <attribute name="Current Error" value="-463.000000" />
  <attribute name="Output H" value="109127056"/>
  <attribute name="Output I" value="1184"/>
  <attribute name="Output T" value="16"/>
  <attribute name= "Current Time Running" value="85990" />
  <attribute name="GC Util currently" value="241" />
  <attribute name="CPU Util currently" value="720617361679" />
<exclusive-end id="1337" timestamp="2019-08-08T19:54:05.114" durationms="14.991" />

<exclusive-start id="1338" timestamp="2019-08-08T19:54:05.180" intervalms="81.189">
  <response-info timems="0.117" idlems="0.117" threads="0" lastid="0000000001F80F00" lastname="main" />
</exclusive-start>
<allocation-taxation id="1339" taxation-threshold="16777216" timestamp="2019-08-08T19:54:05.180" intervalms="81.189" />
<cycle-start id="1340" type="partial gc" contextid="0" timestamp="2019-08-08T19:54:05.180" intervalms="163.433" />
<gc-start id="1341" type="partial gc" contextid="1340" timestamp="2019-08-08T19:54:05.181">
  <mem-info id="1342" free="20971520" total="109051904" percent="19">
    <mem type="eden" free="2097016" total="35651584" percent="5" />
    <remembered-set count="55776" freebytes="4388096" totalbytes="4611200" percent="95" regionsoverflowed="0" regionsstable="4" regionsrebuilding="0"/>
  </mem-info>
</gc-start>
<allocation-stats totalBytes="33551968" >
  <allocated-bytes non-tlh="0" tlh="33551968" arrayletleaf="0"/>
  <largest-consumer threadName="main" threadId="0000000001F80F00" bytes="16772040" />
</allocation-stats>
<gc-op id="1343" type="sweep" timems="1.845" contextid="1340" timestamp="2019-08-08T19:54:05.183" />
<gc-op id="1344" type="copy forward" timems="16.541" contextid="1340" timestamp="2019-08-08T19:54:05.201">
  <memory-copied type="eden" objects="12" bytes="816" bytesdiscarded="248" />
  <memory-copied type="other" objects="35035" bytes="1563968" bytesdiscarded="1506880" />
  <memory-cardclean objects="71566" bytes="1855880" />
  <regions eden="8" other="3" />
  <remembered-set-cleared processed="41287" cleared="6561" durationms="0.536" />
  <finalization candidates="13" enqueued="0" />
  <references type="soft" candidates="667" cleared="0" enqueued="0" dynamicThreshold="11" maxThreshold="32" />
  <references type="weak" candidates="1620" cleared="0" enqueued="0" />
  <references type="phantom" candidates="51" cleared="0" enqueued="0" />
  <stringconstants candidates="13764" cleared="0"  />
</gc-op>
<gc-op id="1345" type="classunload" timems="0.009" contextid="1340" timestamp="2019-08-08T19:54:05.201">
  <classunload-info classloadercandidates="54" classloadersunloaded="0" classesunloaded="0" anonymousclassesunloaded="0" quiescems="0.000" setupms="0.009" scanms="0.000" postms="0.000" />
</gc-op>
<heap-resize id="1346" type="expand" space="default" amount="18874368" count="1" timems="0.237" reason="excessive time being spent in gc" timestamp="2019-08-08T19:54:05.201" />
<gc-end id="1347" type="partial gc" contextid="1340" durationms="20.540" usertimems="70.724" systemtimems="0.000" timestamp="2019-08-08T19:54:05.201" activeThreads="16">
  <mem-info id="1348" free="71303168" total="127926272" percent="55">
    <mem type="eden" free="2095512" total="2097152" percent="99" />
    <remembered-set count="56352" freebytes="4888832" totalbytes="5114240" percent="95" regionsoverflowed="0" regionsstable="4" regionsrebuilding="0"/>
  </mem-info>
</gc-end>
<cycle-end id="1349" type="partial gc" contextid="1340" timestamp="2019-08-08T19:54:05.201" />
  <attribute name="elasticGC enabled" value="1" />
  <attribute name= "numThreadsSpecified" value="16" />
  <attribute name="heapSize specified" value="0" />
  <attribute name="Current GC Util" value="81" />
  <attribute name= "Current Time Running" value="86066" />
  <attribute name ="GC Interval" value="0" />
  <attribute name="Target GC Util Change" value ="80.000000" />
  <attribute name="Current GC Util Change" value="81.000000"/>
  <attribute name="Current Error" value="-497.000000" />
  <attribute name="Output H" value="109127016"/>
  <attribute name="Output I" value="1128"/>
  <attribute name="Output T" value="16"/>
  <attribute name= "Current Time Running" value="86066" />
  <attribute name="GC Util currently" value="81" />
  <attribute name="CPU Util currently" value="1020076870756" />
<exclusive-end id="1350" timestamp="2019-08-08T19:54:05.201" durationms="21.247" />

<exclusive-start id="1351" timestamp="2019-08-08T19:54:05.309" intervalms="128.816">
  <response-info timems="0.057" idlems="0.057" threads="0" lastid="0000000001F80F00" lastname="main" />
</exclusive-start>
<allocation-taxation id="1352" taxation-threshold="18874368" timestamp="2019-08-08T19:54:05.309" intervalms="128.815" />
<cycle-start id="1353" type="global mark phase" contextid="0" timestamp="2019-08-08T19:54:05.309" intervalms="2263.893" />
<gc-start id="1354" type="global mark phase" contextid="1353" timestamp="2019-08-08T19:54:05.309">
  <mem-info id="1355" free="52428800" total="127926272" percent="40">
    <remembered-set count="16672" freebytes="5047552" totalbytes="5114240" percent="98" regionsoverflowed="0" regionsstable="9" regionsrebuilding="0"/>
  </mem-info>
</gc-start>
<gc-op id="1356" type="mark increment" timems="3.856" contextid="1353" timestamp="2019-08-08T19:54:05.313">
  <trace-info objectcount="203" scancount="0" scanbytes="0" />
</gc-op>
<gc-end id="1357" type="global mark phase" contextid="1353" durationms="3.902" usertimems="15.486" systemtimems="0.000" timestamp="2019-08-08T19:54:05.313" activeThreads="16">
  <mem-info id="1358" free="52428800" total="127926272" percent="40">
    <remembered-set count="16672" freebytes="5047552" totalbytes="5114240" percent="98" regionsoverflowed="0" regionsstable="0" regionsrebuilding="9"/>
  </mem-info>
</gc-end>
<concurrent-start id="1359" type="GMP work packet processing" contextid="1353" timestamp="2019-08-08T19:54:05.313">
  <concurrent-mark-start scanTarget="8069177" />
</concurrent-start>
<exclusive-end id="1360" timestamp="2019-08-08T19:54:05.313" durationms="4.199" />

<concurrent-end id="1361" type="GMP work packet processing" contextid="1353" timestamp="2019-08-08T19:54:05.326">
  <concurrent-mark-end bytesScanned="8266200" reasonForTermination="Work target met" />
</concurrent-end>

<exclusive-start id="1362" timestamp="2019-08-08T19:54:05.455" intervalms="146.225">
  <response-info timems="0.107" idlems="0.107" threads="0" lastid="0000000001F80F00" lastname="main" />
</exclusive-start>
<allocation-taxation id="1363" taxation-threshold="18874368" timestamp="2019-08-08T19:54:05.455" intervalms="146.230" />
<cycle-start id="1364" type="partial gc" contextid="0" timestamp="2019-08-08T19:54:05.455" intervalms="275.117" />
<gc-start id="1365" type="partial gc" contextid="1364" timestamp="2019-08-08T19:54:05.456">
  <mem-info id="1366" free="33554432" total="127926272" percent="26">
    <mem type="eden" free="0" total="37748736" percent="0" />
    <remembered-set count="70016" freebytes="4834176" totalbytes="5114240" percent="94" regionsoverflowed="0" regionsstable="0" regionsrebuilding="9"/>
  </mem-info>
</gc-start>
<allocation-stats totalBytes="37746224" >
  <allocated-bytes non-tlh="0" tlh="37746224" arrayletleaf="0"/>
  <largest-consumer threadName="main" threadId="0000000001F80F00" bytes="18873080" />
</allocation-stats>
<gc-op id="1367" type="copy forward" timems="9.494" contextid="1364" timestamp="2019-08-08T19:54:05.467">
  <memory-copied type="eden" objects="30" bytes="904" bytesdiscarded="0" />
  <memory-copied type="other" objects="25366" bytes="571480" bytesdiscarded="34584" />
  <memory-cardclean objects="3776" bytes="222952" />
  <regions eden="18" other="3" />
  <remembered-set-cleared processed="62091" cleared="907" durationms="0.522" />
  <references type="soft" candidates="479" cleared="0" enqueued="0" dynamicThreshold="13" maxThreshold="32" />
  <references type="weak" candidates="1511" cleared="0" enqueued="0" />
  <stringconstants candidates="13764" cleared="0"  />
</gc-op>
<gc-op id="1368" type="classunload" timems="0.011" contextid="1364" timestamp="2019-08-08T19:54:05.467">
  <classunload-info classloadercandidates="54" classloadersunloaded="0" classesunloaded="0" anonymousclassesunloaded="0" quiescems="0.000" setupms="0.011" scanms="0.000" postms="0.000" />
</gc-op>
<gc-end id="1369" type="partial gc" contextid="1364" durationms="11.498" usertimems="41.604" systemtimems="0.000" timestamp="2019-08-08T19:54:05.467" activeThreads="16">
  <mem-info id="1370" free="71303168" total="127926272" percent="55">
    <mem type="eden" free="2096248" total="2097152" percent="99" />
    <remembered-set count="69408" freebytes="4836608" totalbytes="5114240" percent="94" regionsoverflowed="0" regionsstable="0" regionsrebuilding="9"/>
  </mem-info>
</gc-end>
<cycle-end id="1371" type="partial gc" contextid="1364" timestamp="2019-08-08T19:54:05.467" />
  <attribute name="elasticGC enabled" value="1" />
  <attribute name= "numThreadsSpecified" value="16" />
  <attribute name="heapSize specified" value="0" />
  <attribute name="Current GC Util" value="222" />
  <attribute name= "Current Time Running" value="86339" />
  <attribute name ="GC Interval" value="0" />
  <attribute name="Target GC Util Change" value ="80.000000" />
  <attribute name="Current GC Util Change" value="222.000000"/>
  <attribute name="Current Error" value="-450.000000" />
  <attribute name="Output H" value="128001440"/>
  <attribute name="Output I" value="1208"/>
  <attribute name="Output T" value="16"/>
  <attribute name= "Current Time Running" value="86339" />
  <attribute name="GC Util currently" value="222" />
  <attribute name="CPU Util currently" value="781664999352" />
<exclusive-end id="1372" timestamp="2019-08-08T19:54:05.467" durationms="12.088" />

<exclusive-start id="1373" timestamp="2019-08-08T19:54:05.593" intervalms="138.075">
  <response-info timems="0.155" idlems="0.155" threads="0" lastid="0000000001F80F00" lastname="main" />
</exclusive-start>
<allocation-taxation id="1374" taxation-threshold="18874368" timestamp="2019-08-08T19:54:05.593" intervalms="138.092" />
<gc-start id="1375" type="global mark phase" contextid="1353" timestamp="2019-08-08T19:54:05.594">
  <mem-info id="1376" free="52428800" total="127926272" percent="40">
    <remembered-set count="69024" freebytes="4838144" totalbytes="5114240" percent="94" regionsoverflowed="0" regionsstable="0" regionsrebuilding="9"/>
  </mem-info>
</gc-start>
<gc-end id="1377" type="global mark phase" contextid="1353" durationms="0.027" usertimems="0.024" systemtimems="0.000" timestamp="2019-08-08T19:54:05.594" activeThreads="16">
  <mem-info id="1378" free="52428800" total="127926272" percent="40">
    <remembered-set count="69024" freebytes="4838144" totalbytes="5114240" percent="94" regionsoverflowed="0" regionsstable="0" regionsrebuilding="9"/>
  </mem-info>
</gc-end>
<concurrent-start id="1379" type="GMP work packet processing" contextid="1353" timestamp="2019-08-08T19:54:05.594">
  <concurrent-mark-start scanTarget="8069177" />
</concurrent-start>
<exclusive-end id="1380" timestamp="2019-08-08T19:54:05.594" durationms="0.679" />

<concurrent-end id="1381" type="GMP work packet processing" contextid="1353" timestamp="2019-08-08T19:54:05.598">
  <concurrent-mark-end bytesScanned="5309992" reasonForTermination="Completed all work in GC phase" />
</concurrent-end>

<exclusive-start id="1382" timestamp="2019-08-08T19:54:05.700" intervalms="106.749">
  <response-info timems="0.065" idlems="0.065" threads="0" lastid="0000000001F80F00" lastname="main" />
</exclusive-start>
<allocation-taxation id="1383" taxation-threshold="18874368" timestamp="2019-08-08T19:54:05.700" intervalms="106.747" />
<cycle-start id="1384" type="partial gc" contextid="0" timestamp="2019-08-08T19:54:05.700" intervalms="244.788" />
<gc-start id="1385" type="partial gc" contextid="1384" timestamp="2019-08-08T19:54:05.700">
  <mem-info id="1386" free="33554432" total="127926272" percent="26">
    <mem type="eden" free="0" total="37748736" percent="0" />
    <remembered-set count="99744" freebytes="4715264" totalbytes="5114240" percent="92" regionsoverflowed="0" regionsstable="0" regionsrebuilding="9"/>
  </mem-info>
</gc-start>
<allocation-stats totalBytes="37745832" >
  <allocated-bytes non-tlh="0" tlh="37745832" arrayletleaf="0"/>
  <largest-consumer threadName="main" threadId="0000000001F80F00" bytes="18872960" />
</allocation-stats>
<gc-op id="1387" type="copy forward" timems="14.392" contextid="1384" timestamp="2019-08-08T19:54:05.716">
  <memory-copied type="eden" objects="8" bytes="224" bytesdiscarded="0" />
  <memory-copied type="other" objects="10543" bytes="619648" bytesdiscarded="85576" />
  <memory-cardclean objects="51790" bytes="1619280" />
  <regions eden="18" other="4" />
  <remembered-set-cleared processed="85897" cleared="12297" durationms="0.610" />
  <finalization candidates="8" enqueued="0" />
  <references type="soft" candidates="839" cleared="0" enqueued="0" dynamicThreshold="13" maxThreshold="32" />
  <references type="weak" candidates="1624" cleared="0" enqueued="0" />
  <references type="phantom" candidates="51" cleared="0" enqueued="0" />
  <stringconstants candidates="13764" cleared="0"  />
</gc-op>
<gc-op id="1388" type="classunload" timems="0.009" contextid="1384" timestamp="2019-08-08T19:54:05.716">
  <classunload-info classloadercandidates="54" classloadersunloaded="0" classesunloaded="0" anonymousclassesunloaded="0" quiescems="0.000" setupms="0.009" scanms="0.000" postms="0.000" />
</gc-op>
<heap-resize id="1389" type="contract" space="default" amount="8388608" count="1" timems="0.100" reason="insufficient time being spent in gc" timestamp="2019-08-08T19:54:05.716" />
<gc-end id="1390" type="partial gc" contextid="1384" durationms="15.890" usertimems="47.567" systemtimems="0.000" timestamp="2019-08-08T19:54:05.716" activeThreads="16">
  <mem-info id="1391" free="62914560" total="119537664" percent="52">
    <mem type="eden" free="2096928" total="2097152" percent="99" />
    <remembered-set count="94400" freebytes="4736640" totalbytes="5114240" percent="92" regionsoverflowed="0" regionsstable="0" regionsrebuilding="9"/>
  </mem-info>
</gc-end>
<cycle-end id="1392" type="partial gc" contextid="1384" timestamp="2019-08-08T19:54:05.716" />
  <attribute name="elasticGC enabled" value="1" />
  <attribute name= "numThreadsSpecified" value="16" />
  <attribute name="heapSize specified" value="0" />
  <attribute name="Current GC Util" value="158" />
  <attribute name= "Current Time Running" value="86583" />
  <attribute name ="GC Interval" value="0" />
  <attribute name="Target GC Util Change" value ="80.000000" />
  <attribute name="Current GC Util Change" value="158.000000"/>
  <attribute name="Current Error" value="40.000000" />
  <attribute name="Output H" value="128002000"/>
  <attribute name="Output I" value="2080"/>
  <attribute name="Output T" value="16"/>
  <attribute name= "Current Time Running" value="86583" />
  <attribute name="GC Util currently" value="158" />
  <attribute name="CPU Util currently" value="1634387531376" />
<exclusive-end id="1393" timestamp="2019-08-08T19:54:05.717" durationms="16.536" />

<exclusive-start id="1394" timestamp="2019-08-08T19:54:06.553" intervalms="852.663">
  <response-info timems="0.119" idlems="0.119" threads="0" lastid="0000000001F80F00" lastname="main" />
</exclusive-start>
<allocation-taxation id="1395" taxation-threshold="18874368" timestamp="2019-08-08T19:54:06.553" intervalms="852.646" />
<gc-start id="1396" type="global mark phase" contextid="1353" timestamp="2019-08-08T19:54:06.553">
  <mem-info id="1397" free="44040192" total="119537664" percent="36">
    <remembered-set count="85696" freebytes="4771456" totalbytes="5114240" percent="93" regionsoverflowed="0" regionsstable="1" regionsrebuilding="9"/>
  </mem-info>
</gc-start>
<gc-op id="1398" type="mark increment" timems="19.309" contextid="1353" timestamp="2019-08-08T19:54:06.572">
  <trace-info objectcount="66" scancount="55" scanbytes="116072" />
  <cardclean-info objects="134176" bytes="3179832" />
  <finalization candidates="80" enqueued="0" />
  <ownableSynchronizers candidates="21" cleared="0" />
  <references type="soft" candidates="4693" cleared="0" enqueued="0" dynamicThreshold="16" maxThreshold="32" />
  <references type="weak" candidates="5618" cleared="0" enqueued="0" />
  <references type="phantom" candidates="97" cleared="0" enqueued="0" />
  <stringconstants candidates="13770" cleared="10"  />
</gc-op>
<gc-op id="1399" type="classunload" timems="0.012" contextid="1353" timestamp="2019-08-08T19:54:06.572">
  <classunload-info classloadercandidates="54" classloadersunloaded="0" classesunloaded="0" anonymousclassesunloaded="0" quiescems="0.000" setupms="0.012" scanms="0.000" postms="0.000" />
</gc-op>
<gc-end id="1400" type="global mark phase" contextid="1353" durationms="19.438" usertimems="53.339" systemtimems="0.000" timestamp="2019-08-08T19:54:06.572" activeThreads="16">
  <mem-info id="1401" free="44040192" total="119537664" percent="36">
    <remembered-set count="90816" freebytes="4750976" totalbytes="5114240" percent="92" regionsoverflowed="0" regionsstable="1" regionsrebuilding="0"/>
  </mem-info>
</gc-end>
<cycle-end id="1402" type="global mark phase" contextid="1353" timestamp="2019-08-08T19:54:06.572" />
  <attribute name="elasticGC enabled" value="1" />
  <attribute name= "numThreadsSpecified" value="16" />
  <attribute name="heapSize specified" value="0" />
  <attribute name="Current GC Util" value="123" />
  <attribute name= "Current Time Running" value="87439" />
  <attribute name ="GC Interval" value="0" />
  <attribute name="Target GC Util Change" value ="80.000000" />
  <attribute name="Current GC Util Change" value="123.000000"/>
  <attribute name="Current Error" value="-75.000000" />
  <attribute name="Output H" value="119613264"/>
  <attribute name="Output I" value="1880"/>
  <attribute name="Output T" value="16"/>
  <attribute name= "Current Time Running" value="87439" />
  <attribute name="GC Util currently" value="123" />
  <attribute name="CPU Util currently" value="747370560992" />
<exclusive-end id="1403" timestamp="2019-08-08T19:54:06.572" durationms="19.777" />

<exclusive-start id="1404" timestamp="2019-08-08T19:54:06.654" intervalms="100.832">
  <response-info timems="0.165" idlems="0.165" threads="0" lastid="0000000001F80F00" lastname="main" />
</exclusive-start>
<allocation-taxation id="1405" taxation-threshold="18874368" timestamp="2019-08-08T19:54:06.654" intervalms="100.846" />
<cycle-start id="1406" type="partial gc" contextid="0" timestamp="2019-08-08T19:54:06.654" intervalms="953.515" />
<gc-start id="1407" type="partial gc" contextid="1406" timestamp="2019-08-08T19:54:06.654">
  <mem-info id="1408" free="25165824" total="119537664" percent="21">
    <mem type="eden" free="2096928" total="39845888" percent="5" />
    <remembered-set count="8416" freebytes="5080576" totalbytes="5114240" percent="99" regionsoverflowed="0" regionsstable="8" regionsrebuilding="0"/>
  </mem-info>
</gc-start>
<allocation-stats totalBytes="37724456" >
  <allocated-bytes non-tlh="360" tlh="37724096" arrayletleaf="0"/>
  <largest-consumer threadName="main" threadId="0000000001F80F00" bytes="18861152" />
</allocation-stats>
<gc-op id="1409" type="sweep" timems="2.043" contextid="1406" timestamp="2019-08-08T19:54:06.656" />
<gc-op id="1410" type="copy forward" timems="7.936" contextid="1406" timestamp="2019-08-08T19:54:06.665">
  <memory-copied type="eden" objects="2" bytes="56" bytesdiscarded="21" />
  <memory-copied type="other" objects="64" bytes="2528" bytesdiscarded="2539" />
  <memory-cardclean objects="6198" bytes="458848" />
  <regions eden="9" other="2" />
  <remembered-set-cleared processed="1387" cleared="201" durationms="0.414" />
  <references type="weak" candidates="4" cleared="0" enqueued="0" />
  <stringconstants candidates="13760" cleared="0"  />
</gc-op>
<gc-op id="1411" type="classunload" timems="0.009" contextid="1406" timestamp="2019-08-08T19:54:06.665">
  <classunload-info classloadercandidates="54" classloadersunloaded="0" classesunloaded="0" anonymousclassesunloaded="0" quiescems="0.000" setupms="0.008" scanms="0.000" postms="0.000" />
</gc-op>
<heap-resize id="1412" type="contract" space="default" amount="6291456" count="1" timems="0.214" reason="insufficient time being spent in gc" timestamp="2019-08-08T19:54:06.666" />
<gc-end id="1413" type="partial gc" contextid="1406" durationms="11.857" usertimems="48.014" systemtimems="0.000" timestamp="2019-08-08T19:54:06.666" activeThreads="16">
  <mem-info id="1414" free="56623104" total="113246208" percent="50">
    <mem type="eden" free="2092008" total="2097152" percent="99" />
    <remembered-set count="7168" freebytes="4750208" totalbytes="4778880" percent="99" regionsoverflowed="0" regionsstable="8" regionsrebuilding="0"/>
  </mem-info>
</gc-end>
<cycle-end id="1415" type="partial gc" contextid="1406" timestamp="2019-08-08T19:54:06.666" />
  <attribute name="elasticGC enabled" value="1" />
  <attribute name= "numThreadsSpecified" value="16" />
  <attribute name="heapSize specified" value="0" />
  <attribute name="Current GC Util" value="157" />
  <attribute name= "Current Time Running" value="87539" />
  <attribute name ="GC Interval" value="0" />
  <attribute name="Target GC Util Change" value ="80.000000" />
  <attribute name="Current GC Util Change" value="157.000000"/>
  <attribute name="Current Error" value="-117.000000" />
  <attribute name="Output H" value="119613216"/>
  <attribute name="Output I" value="1800"/>
  <attribute name="Output T" value="16"/>
  <attribute name= "Current Time Running" value="87539" />
  <attribute name="GC Util currently" value="157" />
  <attribute name="CPU Util currently" value="1106422949046" />
<exclusive-end id="1416" timestamp="2019-08-08T19:54:06.666" durationms="12.513" />

<exclusive-start id="1417" timestamp="2019-08-08T19:54:06.770" intervalms="116.621">
  <response-info timems="0.283" idlems="0.283" threads="0" lastid="0000000001F80F00" lastname="main" />
</exclusive-start>
<allocation-taxation id="1418" taxation-threshold="35651584" timestamp="2019-08-08T19:54:06.770" intervalms="116.601" />
<cycle-start id="1419" type="partial gc" contextid="0" timestamp="2019-08-08T19:54:06.770" intervalms="116.668" />
<gc-start id="1420" type="partial gc" contextid="1419" timestamp="2019-08-08T19:54:06.771">
  <mem-info id="1421" free="20971520" total="113246208" percent="18">
    <mem type="eden" free="0" total="35651584" percent="0" />
    <remembered-set count="6816" freebytes="4751616" totalbytes="4778880" percent="99" regionsoverflowed="0" regionsstable="8" regionsrebuilding="0"/>
  </mem-info>
</gc-start>
<allocation-stats totalBytes="35625888" >
  <allocated-bytes non-tlh="0" tlh="35625888" arrayletleaf="0"/>
  <largest-consumer threadName="main" threadId="0000000001F80F00" bytes="35625888" />
</allocation-stats>
<gc-op id="1422" type="copy forward" timems="14.354" contextid="1419" timestamp="2019-08-08T19:54:06.787">
  <memory-copied type="eden" objects="2" bytes="56" bytesdiscarded="0" />
  <memory-copied type="other" objects="3168" bytes="139712" bytesdiscarded="15008" />
  <memory-cardclean objects="6974" bytes="290544" />
  <regions eden="17" other="4" />
  <remembered-set-cleared processed="1070" cleared="20" durationms="0.170" />
  <references type="soft" candidates="5" cleared="0" enqueued="0" dynamicThreshold="16" maxThreshold="32" />
  <references type="weak" candidates="40" cleared="0" enqueued="0" />
  <references type="phantom" candidates="2" cleared="0" enqueued="0" />
  <stringconstants candidates="13760" cleared="0"  />
</gc-op>
<gc-op id="1423" type="classunload" timems="0.010" contextid="1419" timestamp="2019-08-08T19:54:06.787">
  <classunload-info classloadercandidates="54" classloadersunloaded="0" classesunloaded="0" anonymousclassesunloaded="0" quiescems="0.000" setupms="0.010" scanms="0.000" postms="0.000" />
</gc-op>
<heap-resize id="1424" type="contract" space="default" amount="6291456" count="1" timems="0.371" reason="insufficient time being spent in gc" timestamp="2019-08-08T19:54:06.787" />
<gc-end id="1425" type="partial gc" contextid="1419" durationms="16.718" usertimems="59.752" systemtimems="0.000" timestamp="2019-08-08T19:54:06.787" activeThreads="16">
  <mem-info id="1426" free="50331648" total="106954752" percent="47">
    <mem type="eden" free="2097096" total="2097152" percent="99" />
    <remembered-set count="5024" freebytes="4507264" totalbytes="4527360" percent="99" regionsoverflowed="0" regionsstable="8" regionsrebuilding="0"/>
  </mem-info>
</gc-end>
<cycle-end id="1427" type="partial gc" contextid="1419" timestamp="2019-08-08T19:54:06.787" />
  <attribute name="elasticGC enabled" value="1" />
  <attribute name= "numThreadsSpecified" value="16" />
  <attribute name="heapSize specified" value="0" />
  <attribute name="Current GC Util" value="70" />
  <attribute name= "Current Time Running" value="87654" />
  <attribute name ="GC Interval" value="0" />
  <attribute name="Target GC Util Change" value ="80.000000" />
  <attribute name="Current GC Util Change" value="70.000000"/>
  <attribute name="Current Error" value="-46.000000" />
  <attribute name="Output H" value="113321840"/>
  <attribute name="Output I" value="1928"/>
  <attribute name="Output T" value="16"/>
  <attribute name= "Current Time Running" value="87654" />
  <attribute name="GC Util currently" value="70" />
  <attribute name="CPU Util currently" value="875181029687" />
<exclusive-end id="1428" timestamp="2019-08-08T19:54:06.788" durationms="17.446" />

<exclusive-start id="1429" timestamp="2019-08-08T19:54:07.163" intervalms="393.327">
  <response-info timems="0.101" idlems="0.101" threads="0" lastid="0000000001F80F00" lastname="main" />
</exclusive-start>
<allocation-taxation id="1430" taxation-threshold="33554432" timestamp="2019-08-08T19:54:07.164" intervalms="393.333" />
<cycle-start id="1431" type="partial gc" contextid="0" timestamp="2019-08-08T19:54:07.164" intervalms="393.246" />
<gc-start id="1432" type="partial gc" contextid="1431" timestamp="2019-08-08T19:54:07.164">
  <mem-info id="1433" free="16777216" total="106954752" percent="15">
    <mem type="eden" free="2097096" total="35651584" percent="5" />
    <remembered-set count="4544" freebytes="4509184" totalbytes="4527360" percent="99" regionsoverflowed="0" regionsstable="8" regionsrebuilding="0"/>
  </mem-info>
</gc-start>
<allocation-stats totalBytes="33543624" >
  <allocated-bytes non-tlh="0" tlh="33543624" arrayletleaf="0"/>
  <largest-consumer threadName="main" threadId="0000000001F80F00" bytes="33543624" />
</allocation-stats>
<gc-op id="1434" type="copy forward" timems="12.099" contextid="1431" timestamp="2019-08-08T19:54:07.178">
  <memory-copied type="eden" objects="41" bytes="1248" bytesdiscarded="248" />
  <memory-copied type="other" objects="63862" bytes="1550192" bytesdiscarded="66992" />
  <memory-cardclean objects="5462" bytes="416616" />
  <regions eden="16" other="4" />
  <remembered-set-cleared processed="1349" cleared="282" durationms="0.203" />
  <references type="weak" candidates="14" cleared="0" enqueued="0" />
  <stringconstants candidates="13760" cleared="0"  />
</gc-op>
<gc-op id="1435" type="classunload" timems="0.010" contextid="1431" timestamp="2019-08-08T19:54:07.178">
  <classunload-info classloadercandidates="54" classloadersunloaded="0" classesunloaded="0" anonymousclassesunloaded="0" quiescems="0.000" setupms="0.010" scanms="0.000" postms="0.000" />
</gc-op>
<gc-end id="1436" type="partial gc" contextid="1431" durationms="13.951" usertimems="58.573" systemtimems="0.000" timestamp="2019-08-08T19:54:07.178" activeThreads="16">
  <mem-info id="1437" free="54525952" total="106954752" percent="50">
    <mem type="eden" free="2095656" total="2097152" percent="99" />
    <remembered-set count="6272" freebytes="4250752" totalbytes="4275840" percent="99" regionsoverflowed="0" regionsstable="8" regionsrebuilding="0"/>
  </mem-info>
</gc-end>
<cycle-end id="1438" type="partial gc" contextid="1431" timestamp="2019-08-08T19:54:07.178" />
  <attribute name="elasticGC enabled" value="1" />
  <attribute name= "numThreadsSpecified" value="16" />
  <attribute name="heapSize specified" value="0" />
  <attribute name="Current GC Util" value="90" />
  <attribute name= "Current Time Running" value="88047" />
  <attribute name ="GC Interval" value="0" />
  <attribute name="Target GC Util Change" value ="80.000000" />
  <attribute name="Current GC Util Change" value="90.000000"/>
  <attribute name="Current Error" value="-10.000000" />
  <attribute name="Output H" value="107030424"/>
  <attribute name="Output I" value="1992"/>
  <attribute name="Output T" value="16"/>
  <attribute name= "Current Time Running" value="88047" />
  <attribute name="GC Util currently" value="90" />
  <attribute name="CPU Util currently" value="994602623257" />
<exclusive-end id="1439" timestamp="2019-08-08T19:54:07.178" durationms="14.774" />

<exclusive-start id="1440" timestamp="2019-08-08T19:54:07.196" intervalms="32.322">
  <response-info timems="0.178" idlems="0.178" threads="0" lastid="0000000001F80F00" lastname="main" />
</exclusive-start>
<allocation-taxation id="1441" taxation-threshold="16777216" timestamp="2019-08-08T19:54:07.196" intervalms="32.374" />
<cycle-start id="1442" type="global mark phase" contextid="0" timestamp="2019-08-08T19:54:07.196" intervalms="1886.998" />
<gc-start id="1443" type="global mark phase" contextid="1442" timestamp="2019-08-08T19:54:07.196">
  <mem-info id="1444" free="37748736" total="106954752" percent="35">
    <remembered-set count="5920" freebytes="4252160" totalbytes="4275840" percent="99" regionsoverflowed="0" regionsstable="8" regionsrebuilding="0"/>
  </mem-info>
</gc-start>
<gc-op id="1445" type="mark increment" timems="3.671" contextid="1442" timestamp="2019-08-08T19:54:07.200">
  <trace-info objectcount="219" scancount="0" scanbytes="0" />
</gc-op>
<gc-end id="1446" type="global mark phase" contextid="1442" durationms="3.716" usertimems="13.307" systemtimems="0.000" timestamp="2019-08-08T19:54:07.200" activeThreads="16">
  <mem-info id="1447" free="37748736" total="106954752" percent="35">
    <remembered-set count="5920" freebytes="4252160" totalbytes="4275840" percent="99" regionsoverflowed="0" regionsstable="0" regionsrebuilding="8"/>
  </mem-info>
</gc-end>
<concurrent-start id="1448" type="GMP work packet processing" contextid="1442" timestamp="2019-08-08T19:54:07.200">
  <concurrent-mark-start scanTarget="11718317" />
</concurrent-start>
<exclusive-end id="1449" timestamp="2019-08-08T19:54:07.200" durationms="4.149" />

<concurrent-end id="1450" type="GMP work packet processing" contextid="1442" timestamp="2019-08-08T19:54:07.207">
  <concurrent-mark-end bytesScanned="11892860" reasonForTermination="Work target met" />
</concurrent-end>

<exclusive-start id="1451" timestamp="2019-08-08T19:54:07.219" intervalms="23.542">
  <response-info timems="0.108" idlems="0.108" threads="0" lastid="0000000001F80F00" lastname="main" />
</exclusive-start>
<allocation-taxation id="1452" taxation-threshold="16777216" timestamp="2019-08-08T19:54:07.219" intervalms="23.490" />
<cycle-start id="1453" type="partial gc" contextid="0" timestamp="2019-08-08T19:54:07.219" intervalms="55.848" />
<gc-start id="1454" type="partial gc" contextid="1453" timestamp="2019-08-08T19:54:07.220">
  <mem-info id="1455" free="20971520" total="106954752" percent="19">
    <mem type="eden" free="0" total="33554432" percent="0" />
    <remembered-set count="90496" freebytes="3913856" totalbytes="4275840" percent="91" regionsoverflowed="0" regionsstable="0" regionsrebuilding="8"/>
  </mem-info>
</gc-start>
<allocation-stats totalBytes="33510240" >
  <allocated-bytes non-tlh="0" tlh="33510240" arrayletleaf="0"/>
  <largest-consumer threadName="main" threadId="0000000001F80F00" bytes="16747368" />
</allocation-stats>
<gc-op id="1456" type="copy forward" timems="10.480" contextid="1453" timestamp="2019-08-08T19:54:07.232">
  <memory-copied type="eden" objects="26" bytes="1328" bytesdiscarded="0" />
  <memory-copied type="other" objects="29" bytes="792" bytesdiscarded="928" />
  <memory-cardclean objects="79" bytes="11312" />
  <regions eden="16" other="2" />
  <remembered-set-cleared processed="83911" cleared="78" durationms="0.359" />
  <references type="weak" candidates="14" cleared="0" enqueued="0" />
  <stringconstants candidates="13760" cleared="0"  />
</gc-op>
<gc-op id="1457" type="classunload" timems="0.010" contextid="1453" timestamp="2019-08-08T19:54:07.232">
  <classunload-info classloadercandidates="54" classloadersunloaded="0" classesunloaded="0" anonymousclassesunloaded="0" quiescems="0.000" setupms="0.010" scanms="0.000" postms="0.000" />
</gc-op>
<gc-end id="1458" type="partial gc" contextid="1453" durationms="12.604" usertimems="37.840" systemtimems="0.000" timestamp="2019-08-08T19:54:07.232" activeThreads="16">
  <mem-info id="1459" free="52428800" total="106954752" percent="49">
    <mem type="eden" free="2095824" total="2097152" percent="99" />
    <remembered-set count="88640" freebytes="3921280" totalbytes="4275840" percent="91" regionsoverflowed="0" regionsstable="0" regionsrebuilding="8"/>
  </mem-info>
</gc-end>
<cycle-end id="1460" type="partial gc" contextid="1453" timestamp="2019-08-08T19:54:07.232" />
  <attribute name="elasticGC enabled" value="1" />
  <attribute name= "numThreadsSpecified" value="16" />
  <attribute name="heapSize specified" value="0" />
  <attribute name="Current GC Util" value="184" />
  <attribute name= "Current Time Running" value="88103" />
  <attribute name ="GC Interval" value="0" />
  <attribute name="Target GC Util Change" value ="80.000000" />
  <attribute name="Current GC Util Change" value="184.000000"/>
  <attribute name="Current Error" value="-605.000000" />
  <attribute name="Output H" value="107029736"/>
  <attribute name="Output I" value="928"/>
  <attribute name="Output T" value="16"/>
  <attribute name= "Current Time Running" value="88103" />
  <attribute name="GC Util currently" value="184" />
  <attribute name="CPU Util currently" value="726419057691" />
<exclusive-end id="1461" timestamp="2019-08-08T19:54:07.232" durationms="13.144" />

<exclusive-start id="1462" timestamp="2019-08-08T19:54:07.244" intervalms="24.652">
  <response-info timems="0.266" idlems="0.266" threads="0" lastid="0000000001F80F00" lastname="main" />
</exclusive-start>
<allocation-taxation id="1463" taxation-threshold="16777216" timestamp="2019-08-08T19:54:07.244" intervalms="24.670" />
<gc-start id="1464" type="global mark phase" contextid="1442" timestamp="2019-08-08T19:54:07.244">
  <mem-info id="1465" free="35651584" total="106954752" percent="33">
    <remembered-set count="88640" freebytes="3921280" totalbytes="4275840" percent="91" regionsoverflowed="0" regionsstable="0" regionsrebuilding="8"/>
  </mem-info>
</gc-start>
<gc-end id="1466" type="global mark phase" contextid="1442" durationms="0.020" usertimems="0.018" systemtimems="0.000" timestamp="2019-08-08T19:54:07.244" activeThreads="16">
  <mem-info id="1467" free="35651584" total="106954752" percent="33">
    <remembered-set count="88640" freebytes="3921280" totalbytes="4275840" percent="91" regionsoverflowed="0" regionsstable="0" regionsrebuilding="8"/>
  </mem-info>
</gc-end>
<concurrent-start id="1468" type="GMP work packet processing" contextid="1442" timestamp="2019-08-08T19:54:07.244">
  <concurrent-mark-start scanTarget="11718317" />
</concurrent-start>
<exclusive-end id="1469" timestamp="2019-08-08T19:54:07.244" durationms="0.451" />

<concurrent-end id="1470" type="GMP work packet processing" contextid="1442" timestamp="2019-08-08T19:54:07.252">
  <concurrent-mark-end bytesScanned="1670104" reasonForTermination="Completed all work in GC phase" />
</concurrent-end>

<exclusive-start id="1471" timestamp="2019-08-08T19:54:07.262" intervalms="17.788">
  <response-info timems="0.061" idlems="0.061" threads="0" lastid="0000000001F80F00" lastname="main" />
</exclusive-start>
<allocation-taxation id="1472" taxation-threshold="16777216" timestamp="2019-08-08T19:54:07.262" intervalms="17.791" />
<cycle-start id="1473" type="partial gc" contextid="0" timestamp="2019-08-08T19:54:07.262" intervalms="42.475" />
<gc-start id="1474" type="partial gc" contextid="1473" timestamp="2019-08-08T19:54:07.262">
  <mem-info id="1475" free="18874368" total="106954752" percent="17">
    <mem type="eden" free="0" total="33554432" percent="0" />
    <remembered-set count="97760" freebytes="3884800" totalbytes="4275840" percent="90" regionsoverflowed="0" regionsstable="0" regionsrebuilding="8"/>
  </mem-info>
</gc-start>
<allocation-stats totalBytes="33496344" >
  <allocated-bytes non-tlh="0" tlh="33496344" arrayletleaf="0"/>
  <largest-consumer threadName="main" threadId="0000000001F80F00" bytes="16747368" />
</allocation-stats>
<gc-op id="1476" type="copy forward" timems="10.890" contextid="1473" timestamp="2019-08-08T19:54:07.274">
  <memory-copied type="eden" objects="4" bytes="104" bytesdiscarded="0" />
  <memory-copied type="other" objects="29" bytes="1384" bytesdiscarded="0" />
  <memory-cardclean objects="61" bytes="2720" />
  <regions eden="16" other="2" />
  <remembered-set-cleared processed="93000" cleared="36" durationms="0.759" />
  <stringconstants candidates="13760" cleared="0"  />
</gc-op>
<gc-op id="1477" type="classunload" timems="0.174" contextid="1473" timestamp="2019-08-08T19:54:07.275">
  <classunload-info classloadercandidates="54" classloadersunloaded="0" classesunloaded="0" anonymousclassesunloaded="0" quiescems="0.000" setupms="0.174" scanms="0.000" postms="0.000" />
</gc-op>
<heap-resize id="1478" type="expand" space="default" amount="18874368" count="1" timems="0.090" reason="excessive time being spent in gc" timestamp="2019-08-08T19:54:07.275" />
<gc-end id="1479" type="partial gc" contextid="1473" durationms="12.986" usertimems="39.379" systemtimems="0.000" timestamp="2019-08-08T19:54:07.275" activeThreads="16">
  <mem-info id="1480" free="69206016" total="125829120" percent="55">
    <mem type="eden" free="2097048" total="2097152" percent="99" />
    <remembered-set count="97472" freebytes="4640512" totalbytes="5030400" percent="92" regionsoverflowed="0" regionsstable="0" regionsrebuilding="8"/>
  </mem-info>
</gc-end>
<cycle-end id="1481" type="partial gc" contextid="1473" timestamp="2019-08-08T19:54:07.275" />
  <attribute name="elasticGC enabled" value="1" />
  <attribute name= "numThreadsSpecified" value="16" />
  <attribute name="heapSize specified" value="0" />
  <attribute name="Current GC Util" value="450" />
  <attribute name= "Current Time Running" value="88145" />
  <attribute name ="GC Interval" value="0" />
  <attribute name="Target GC Util Change" value ="80.000000" />
  <attribute name="Current GC Util Change" value="450.000000"/>
  <attribute name="Current Error" value="-313.000000" />
  <attribute name="Output H" value="107030072"/>
  <attribute name="Output I" value="1456"/>
  <attribute name="Output T" value="16"/>
  <attribute name= "Current Time Running" value="88145" />
  <attribute name="GC Util currently" value="450" />
  <attribute name="CPU Util currently" value="1110276855129" />
<exclusive-end id="1482" timestamp="2019-08-08T19:54:07.275" durationms="13.557" />

<exclusive-start id="1483" timestamp="2019-08-08T19:54:07.296" intervalms="34.699">
  <response-info timems="0.232" idlems="0.130" threads="1" lastid="0000000001F88700" lastname="JIT Compilation Thread-1" />
</exclusive-start>
<allocation-taxation id="1484" taxation-threshold="18874368" timestamp="2019-08-08T19:54:07.297" intervalms="34.678" />
<gc-start id="1485" type="global mark phase" contextid="1442" timestamp="2019-08-08T19:54:07.297">
  <mem-info id="1486" free="50331648" total="125829120" percent="40">
    <remembered-set count="97472" freebytes="4640512" totalbytes="5030400" percent="92" regionsoverflowed="0" regionsstable="0" regionsrebuilding="8"/>
  </mem-info>
</gc-start>
<gc-op id="1487" type="mark increment" timems="7.642" contextid="1442" timestamp="2019-08-08T19:54:07.304">
  <trace-info objectcount="3" scancount="3" scanbytes="72" />
  <cardclean-info objects="128" bytes="12812" />
  <finalization candidates="80" enqueued="0" />
  <ownableSynchronizers candidates="21" cleared="0" />
  <references type="soft" candidates="4693" cleared="79" enqueued="78" dynamicThreshold="17" maxThreshold="32" />
  <references type="weak" candidates="5628" cleared="0" enqueued="0" />
  <references type="phantom" candidates="97" cleared="0" enqueued="0" />
  <stringconstants candidates="13760" cleared="0"  />
</gc-op>
<gc-op id="1488" type="classunload" timems="0.010" contextid="1442" timestamp="2019-08-08T19:54:07.304">
  <classunload-info classloadercandidates="54" classloadersunloaded="0" classesunloaded="0" anonymousclassesunloaded="0" quiescems="0.000" setupms="0.010" scanms="0.000" postms="0.000" />
</gc-op>
<gc-end id="1489" type="global mark phase" contextid="1442" durationms="7.797" usertimems="17.799" systemtimems="0.000" timestamp="2019-08-08T19:54:07.304" activeThreads="16">
  <mem-info id="1490" free="50331648" total="125829120" percent="40">
    <pending-finalizers system="0" default="0" reference="78" classloader="0" />
    <remembered-set count="100544" freebytes="4628224" totalbytes="5030400" percent="92" regionsoverflowed="0" regionsstable="0" regionsrebuilding="0"/>
  </mem-info>
</gc-end>
<cycle-end id="1491" type="global mark phase" contextid="1442" timestamp="2019-08-08T19:54:07.304" />
  <attribute name="elasticGC enabled" value="1" />
  <attribute name= "numThreadsSpecified" value="16" />
  <attribute name="heapSize specified" value="0" />
  <attribute name="Current GC Util" value="150" />
  <attribute name= "Current Time Running" value="88180" />
  <attribute name ="GC Interval" value="0" />
  <attribute name="Target GC Util Change" value ="80.000000" />
  <attribute name="Current GC Util Change" value="150.000000"/>
  <attribute name="Current Error" value="-529.000000" />
  <attribute name="Output H" value="125904192"/>
  <attribute name="Output I" value="1064"/>
  <attribute name="Output T" value="16"/>
  <attribute name= "Current Time Running" value="88180" />
  <attribute name="GC Util currently" value="150" />
  <attribute name="CPU Util currently" value="1045060757804" />
<exclusive-end id="1492" timestamp="2019-08-08T19:54:07.305" durationms="8.087" />

<exclusive-start id="1493" timestamp="2019-08-08T19:54:07.323" intervalms="26.864">
  <response-info timems="0.074" idlems="0.074" threads="0" lastid="0000000001F80F00" lastname="main" />
</exclusive-start>
<allocation-taxation id="1494" taxation-threshold="18874368" timestamp="2019-08-08T19:54:07.323" intervalms="26.871" />
<cycle-start id="1495" type="partial gc" contextid="0" timestamp="2019-08-08T19:54:07.323" intervalms="61.544" />
<gc-start id="1496" type="partial gc" contextid="1495" timestamp="2019-08-08T19:54:07.324">
  <mem-info id="1497" free="31457280" total="125829120" percent="25">
    <mem type="eden" free="2097048" total="39845888" percent="5" />
    <remembered-set count="7744" freebytes="4999424" totalbytes="5030400" percent="99" regionsoverflowed="0" regionsstable="6" regionsrebuilding="0"/>
  </mem-info>
</gc-start>
<allocation-stats totalBytes="37682992" >
  <allocated-bytes non-tlh="0" tlh="37682992" arrayletleaf="0"/>
  <largest-consumer threadName="main" threadId="0000000001F80F00" bytes="18836720" />
</allocation-stats>
<gc-op id="1498" type="sweep" timems="4.327" contextid="1495" timestamp="2019-08-08T19:54:07.328" />
<gc-op id="1499" type="copy forward" timems="10.757" contextid="1495" timestamp="2019-08-08T19:54:07.343">
  <memory-copied type="eden" objects="5" bytes="624" bytesdiscarded="744" />
  <memory-copied type="other" objects="0" bytes="0" bytesdiscarded="0" />
  <memory-cardclean objects="201" bytes="10440" />
  <regions eden="9" other="1" />
  <remembered-set-cleared processed="2807" cleared="2" durationms="0.303" />
  <stringconstants candidates="13760" cleared="0"  />
</gc-op>
<gc-op id="1500" type="classunload" timems="0.008" contextid="1495" timestamp="2019-08-08T19:54:07.343">
  <classunload-info classloadercandidates="54" classloadersunloaded="0" classesunloaded="0" anonymousclassesunloaded="0" quiescems="0.000" setupms="0.007" scanms="0.000" postms="0.000" />
</gc-op>
<heap-resize id="1501" type="expand" space="default" amount="16777216" count="1" timems="0.077" reason="excessive time being spent in gc" timestamp="2019-08-08T19:54:07.343" />
<gc-end id="1502" type="partial gc" contextid="1495" durationms="19.206" usertimems="49.838" systemtimems="0.000" timestamp="2019-08-08T19:54:07.343" activeThreads="16">
  <mem-info id="1503" free="85983232" total="142606336" percent="60">
    <mem type="eden" free="2095784" total="2097152" percent="99" />
    <remembered-set count="5824" freebytes="5677824" totalbytes="5701120" percent="99" regionsoverflowed="0" regionsstable="6" regionsrebuilding="0"/>
  </mem-info>
</gc-end>
<cycle-end id="1504" type="partial gc" contextid="1495" timestamp="2019-08-08T19:54:07.343" />
  <attribute name="elasticGC enabled" value="1" />
  <attribute name= "numThreadsSpecified" value="16" />
  <attribute name="heapSize specified" value="0" />
  <attribute name="Current GC Util" value="71" />
  <attribute name= "Current Time Running" value="88213" />
  <attribute name ="GC Interval" value="0" />
  <attribute name="Target GC Util Change" value ="80.000000" />
  <attribute name="Current GC Util Change" value="71.000000"/>
  <attribute name="Current Error" value="-79.000000" />
  <attribute name="Output H" value="125904712"/>
  <attribute name="Output I" value="1872"/>
  <attribute name="Output T" value="16"/>
  <attribute name= "Current Time Running" value="88213" />
  <attribute name="GC Util currently" value="71" />
  <attribute name="CPU Util currently" value="552110988337" />
<exclusive-end id="1505" timestamp="2019-08-08T19:54:07.343" durationms="19.773" />

<exclusive-start id="1506" timestamp="2019-08-08T19:54:07.371" intervalms="47.653">
  <response-info timems="0.092" idlems="0.092" threads="0" lastid="0000000001F80F00" lastname="main" />
</exclusive-start>
<allocation-taxation id="1507" taxation-threshold="41943040" timestamp="2019-08-08T19:54:07.371" intervalms="47.658" />
<cycle-start id="1508" type="partial gc" contextid="0" timestamp="2019-08-08T19:54:07.371" intervalms="47.650" />
<gc-start id="1509" type="partial gc" contextid="1508" timestamp="2019-08-08T19:54:07.371">
  <mem-info id="1510" free="44040192" total="142606336" percent="30">
    <mem type="eden" free="0" total="41943040" percent="0" />
    <remembered-set count="5344" freebytes="5679744" totalbytes="5701120" percent="99" regionsoverflowed="0" regionsstable="6" regionsrebuilding="0"/>
  </mem-info>
</gc-start>
<allocation-stats totalBytes="41869944" >
  <allocated-bytes non-tlh="0" tlh="41869944" arrayletleaf="0"/>
  <largest-consumer threadName="main" threadId="0000000001F80F00" bytes="41869944" />
</allocation-stats>
<gc-op id="1511" type="copy forward" timems="10.910" contextid="1508" timestamp="2019-08-08T19:54:07.384">
  <memory-copied type="eden" objects="3" bytes="72" bytesdiscarded="0" />
  <memory-copied type="other" objects="64048" bytes="1559280" bytesdiscarded="97800" />
  <memory-cardclean objects="4420" bytes="385664" />
  <regions eden="20" other="4" />
  <remembered-set-cleared processed="2339" cleared="1131" durationms="0.093" />
  <stringconstants candidates="13760" cleared="0"  />
</gc-op>
<gc-op id="1512" type="classunload" timems="0.009" contextid="1508" timestamp="2019-08-08T19:54:07.384">
  <classunload-info classloadercandidates="54" classloadersunloaded="0" classesunloaded="0" anonymousclassesunloaded="0" quiescems="0.000" setupms="0.009" scanms="0.000" postms="0.000" />
</gc-op>
<gc-end id="1513" type="partial gc" contextid="1508" durationms="12.382" usertimems="48.742" systemtimems="0.000" timestamp="2019-08-08T19:54:07.384" activeThreads="16">
  <mem-info id="1514" free="85983232" total="142606336" percent="60">
    <mem type="eden" free="2097080" total="2097152" percent="99" />
    <remembered-set count="7392" freebytes="5671552" totalbytes="5701120" percent="99" regionsoverflowed="0" regionsstable="6" regionsrebuilding="0"/>
  </mem-info>
</gc-end>
<cycle-end id="1515" type="partial gc" contextid="1508" timestamp="2019-08-08T19:54:07.384" />
  <attribute name="elasticGC enabled" value="1" />
  <attribute name= "numThreadsSpecified" value="16" />
  <attribute name="heapSize specified" value="0" />
  <attribute name="Current GC Util" value="201" />
  <attribute name= "Current Time Running" value="88254" />
  <attribute name ="GC Interval" value="0" />
  <attribute name="Target GC Util Change" value ="80.000000" />
  <attribute name="Current GC Util Change" value="201.000000"/>
  <attribute name="Current Error" value="-194.000000" />
  <attribute name="Output H" value="142681792"/>
  <attribute name="Output I" value="1664"/>
  <attribute name="Output T" value="16"/>
  <attribute name= "Current Time Running" value="88254" />
  <attribute name="GC Util currently" value="201" />
  <attribute name="CPU Util currently" value="1118192650901" />
<exclusive-end id="1516" timestamp="2019-08-08T19:54:07.384" durationms="13.312" />

<exclusive-start id="1517" timestamp="2019-08-08T19:54:07.420" intervalms="49.250">
  <response-info timems="0.059" idlems="0.059" threads="0" lastid="0000000001F80F00" lastname="main" />
</exclusive-start>
<allocation-taxation id="1518" taxation-threshold="41943040" timestamp="2019-08-08T19:54:07.420" intervalms="49.245" />
<cycle-start id="1519" type="partial gc" contextid="0" timestamp="2019-08-08T19:54:07.420" intervalms="49.276" />
<gc-start id="1520" type="partial gc" contextid="1519" timestamp="2019-08-08T19:54:07.421">
  <mem-info id="1521" free="44040192" total="142606336" percent="30">
    <mem type="eden" free="2097080" total="44040192" percent="4" />
    <remembered-set count="7168" freebytes="5672448" totalbytes="5701120" percent="99" regionsoverflowed="0" regionsstable="6" regionsrebuilding="0"/>
  </mem-info>
</gc-start>
<allocation-stats totalBytes="41869128" >
  <allocated-bytes non-tlh="0" tlh="41869128" arrayletleaf="0"/>
  <largest-consumer threadName="main" threadId="0000000001F80F00" bytes="41869128" />
</allocation-stats>
<gc-op id="1522" type="copy forward" timems="14.756" contextid="1519" timestamp="2019-08-08T19:54:07.439">
  <memory-copied type="eden" objects="3" bytes="72" bytesdiscarded="0" />
  <memory-copied type="other" objects="7" bytes="160" bytesdiscarded="0" />
  <memory-cardclean objects="33" bytes="1336" />
  <regions eden="20" other="2" />
  <remembered-set-cleared processed="2491" cleared="5" durationms="0.270" />
  <stringconstants candidates="13760" cleared="0"  />
</gc-op>
<gc-op id="1523" type="classunload" timems="0.012" contextid="1519" timestamp="2019-08-08T19:54:07.439">
  <classunload-info classloadercandidates="54" classloadersunloaded="0" classesunloaded="0" anonymousclassesunloaded="0" quiescems="0.000" setupms="0.012" scanms="0.000" postms="0.000" />
</gc-op>
<gc-end id="1524" type="partial gc" contextid="1519" durationms="18.071" usertimems="57.484" systemtimems="0.000" timestamp="2019-08-08T19:54:07.439" activeThreads="16">
  <mem-info id="1525" free="85983232" total="142606336" percent="60">
    <mem type="eden" free="2097080" total="2097152" percent="99" />
    <remembered-set count="5216" freebytes="5680256" totalbytes="5701120" percent="99" regionsoverflowed="0" regionsstable="6" regionsrebuilding="0"/>
  </mem-info>
</gc-end>
<cycle-end id="1526" type="partial gc" contextid="1519" timestamp="2019-08-08T19:54:07.439" />
  <attribute name="elasticGC enabled" value="1" />
  <attribute name= "numThreadsSpecified" value="16" />
  <attribute name="heapSize specified" value="0" />
  <attribute name="Current GC Util" value="135" />
  <attribute name= "Current Time Running" value="88305" />
  <attribute name ="GC Interval" value="0" />
  <attribute name="Target GC Util Change" value ="80.000000" />
  <attribute name="Current GC Util Change" value="135.000000"/>
  <attribute name="Current Error" value="-55.000000" />
  <attribute name="Output H" value="142681960"/>
  <attribute name="Output I" value="1912"/>
  <attribute name="Output T" value="16"/>
  <attribute name= "Current Time Running" value="88305" />
  <attribute name="GC Util currently" value="135" />
  <attribute name="CPU Util currently" value="513561292589" />
<exclusive-end id="1527" timestamp="2019-08-08T19:54:07.439" durationms="18.881" />

<exclusive-start id="1528" timestamp="2019-08-08T19:54:07.633" intervalms="212.337">
  <response-info timems="0.079" idlems="0.079" threads="0" lastid="0000000001F80F00" lastname="main" />
</exclusive-start>
<allocation-taxation id="1529" taxation-threshold="41943040" timestamp="2019-08-08T19:54:07.633" intervalms="212.341" />
<cycle-start id="1530" type="partial gc" contextid="0" timestamp="2019-08-08T19:54:07.633" intervalms="212.317" />
<gc-start id="1531" type="partial gc" contextid="1530" timestamp="2019-08-08T19:54:07.633">
  <mem-info id="1532" free="44040192" total="142606336" percent="30">
    <mem type="eden" free="2097080" total="44040192" percent="4" />
    <remembered-set count="4832" freebytes="5681792" totalbytes="5701120" percent="99" regionsoverflowed="0" regionsstable="6" regionsrebuilding="0"/>
  </mem-info>
</gc-start>
<allocation-stats totalBytes="41897912" >
  <allocated-bytes non-tlh="0" tlh="41897912" arrayletleaf="0"/>
  <largest-consumer threadName="main" threadId="0000000001F80F00" bytes="41897912" />
</allocation-stats>
<gc-op id="1533" type="copy forward" timems="7.149" contextid="1530" timestamp="2019-08-08T19:54:07.641">
  <memory-copied type="eden" objects="36" bytes="1472" bytesdiscarded="1168" />
  <memory-copied type="other" objects="14" bytes="320" bytesdiscarded="432" />
  <memory-cardclean objects="135" bytes="5120" />
  <regions eden="20" other="3" />
  <remembered-set-cleared processed="2489" cleared="18" durationms="0.814" />
  <stringconstants candidates="13760" cleared="0"  />
</gc-op>
<gc-op id="1534" type="classunload" timems="0.011" contextid="1530" timestamp="2019-08-08T19:54:07.641">
  <classunload-info classloadercandidates="54" classloadersunloaded="0" classesunloaded="0" anonymousclassesunloaded="0" quiescems="0.000" setupms="0.010" scanms="0.000" postms="0.000" />
</gc-op>
<heap-resize id="1535" type="contract" space="default" amount="2097152" count="1" timems="0.066" reason="excess free space following gc" timestamp="2019-08-08T19:54:07.641" />
<gc-end id="1536" type="partial gc" contextid="1530" durationms="8.527" usertimems="20.439" systemtimems="0.000" timestamp="2019-08-08T19:54:07.641" activeThreads="16">
  <mem-info id="1537" free="85983232" total="140509184" percent="61">
    <mem type="eden" free="2094512" total="2097152" percent="99" />
    <remembered-set count="5632" freebytes="5678592" totalbytes="5701120" percent="99" regionsoverflowed="0" regionsstable="6" regionsrebuilding="0"/>
  </mem-info>
</gc-end>
<cycle-end id="1538" type="partial gc" contextid="1530" timestamp="2019-08-08T19:54:07.641" />
  <attribute name="elasticGC enabled" value="1" />
  <attribute name= "numThreadsSpecified" value="16" />
  <attribute name="heapSize specified" value="0" />
  <attribute name="Current GC Util" value="101" />
  <attribute name= "Current Time Running" value="88516" />
  <attribute name ="GC Interval" value="0" />
  <attribute name="Target GC Util Change" value ="80.000000" />
  <attribute name="Current GC Util Change" value="101.000000"/>
  <attribute name="Current Error" value="-9.000000" />
  <attribute name="Output H" value="142682008"/>
  <attribute name="Output I" value="1992"/>
  <attribute name="Output T" value="16"/>
  <attribute name= "Current Time Running" value="88516" />
  <attribute name="GC Util currently" value="101" />
  <attribute name="CPU Util currently" value="1357047153664" />
<exclusive-end id="1539" timestamp="2019-08-08T19:54:07.642" durationms="9.077" />

<exclusive-start id="1540" timestamp="2019-08-08T19:54:07.718" intervalms="85.254">
  <response-info timems="0.086" idlems="0.086" threads="0" lastid="0000000001F80F00" lastname="main" />
</exclusive-start>
<allocation-taxation id="1541" taxation-threshold="41943040" timestamp="2019-08-08T19:54:07.718" intervalms="85.262" />
<cycle-start id="1542" type="partial gc" contextid="0" timestamp="2019-08-08T19:54:07.718" intervalms="85.262" />
<gc-start id="1543" type="partial gc" contextid="1542" timestamp="2019-08-08T19:54:07.718">
  <mem-info id="1544" free="44040192" total="140509184" percent="31">
    <mem type="eden" free="0" total="41943040" percent="0" />
    <remembered-set count="5152" freebytes="5680512" totalbytes="5701120" percent="99" regionsoverflowed="0" regionsstable="6" regionsrebuilding="0"/>
  </mem-info>
</gc-start>
<allocation-stats totalBytes="41914344" >
  <allocated-bytes non-tlh="0" tlh="41914344" arrayletleaf="0"/>
  <largest-consumer threadName="main" threadId="0000000001F80F00" bytes="41914344" />
</allocation-stats>
<gc-op id="1545" type="copy forward" timems="7.972" contextid="1542" timestamp="2019-08-08T19:54:07.729">
  <memory-copied type="eden" objects="29" bytes="1504" bytesdiscarded="0" />
  <memory-copied type="other" objects="22" bytes="504" bytesdiscarded="696" />
  <memory-cardclean objects="1022" bytes="290848" />
  <regions eden="20" other="2" />
  <remembered-set-cleared processed="2323" cleared="128" durationms="0.089" />
  <stringconstants candidates="13760" cleared="0"  />
</gc-op>
<gc-op id="1546" type="classunload" timems="0.009" contextid="1542" timestamp="2019-08-08T19:54:07.729">
  <classunload-info classloadercandidates="54" classloadersunloaded="0" classesunloaded="0" anonymousclassesunloaded="0" quiescems="0.000" setupms="0.008" scanms="0.000" postms="0.000" />
</gc-op>
<gc-end id="1547" type="partial gc" contextid="1542" durationms="11.223" usertimems="35.734" systemtimems="0.000" timestamp="2019-08-08T19:54:07.729" activeThreads="16">
  <mem-info id="1548" free="83886080" total="140509184" percent="59">
    <mem type="eden" free="2095648" total="2097152" percent="99" />
    <remembered-set count="8896" freebytes="5581696" totalbytes="5617280" percent="99" regionsoverflowed="0" regionsstable="6" regionsrebuilding="0"/>
  </mem-info>
</gc-end>
<cycle-end id="1549" type="partial gc" contextid="1542" timestamp="2019-08-08T19:54:07.729" />
  <attribute name="elasticGC enabled" value="1" />
  <attribute name= "numThreadsSpecified" value="16" />
  <attribute name="heapSize specified" value="0" />
  <attribute name="Current GC Util" value="119" />
  <attribute name= "Current Time Running" value="88603" />
  <attribute name ="GC Interval" value="0" />
  <attribute name="Target GC Util Change" value ="80.000000" />
  <attribute name="Current GC Util Change" value="119.000000"/>
  <attribute name="Current Error" value="9.000000" />
  <attribute name="Output H" value="140584880"/>
  <attribute name="Output I" value="2024"/>
  <attribute name="Output T" value="16"/>
  <attribute name= "Current Time Running" value="88603" />
  <attribute name="GC Util currently" value="119" />
  <attribute name="CPU Util currently" value="449697526720" />
<exclusive-end id="1550" timestamp="2019-08-08T19:54:07.730" durationms="11.850" />

<exclusive-start id="1551" timestamp="2019-08-08T19:54:07.770" intervalms="51.786">
  <response-info timems="0.046" idlems="0.046" threads="0" lastid="0000000001F80F00" lastname="main" />
</exclusive-start>
<allocation-taxation id="1552" taxation-threshold="41943040" timestamp="2019-08-08T19:54:07.770" intervalms="51.783" />
<cycle-start id="1553" type="partial gc" contextid="0" timestamp="2019-08-08T19:54:07.770" intervalms="51.784" />
<gc-start id="1554" type="partial gc" contextid="1553" timestamp="2019-08-08T19:54:07.770">
  <mem-info id="1555" free="41943040" total="140509184" percent="29">
    <mem type="eden" free="0" total="41943040" percent="0" />
    <remembered-set count="8448" freebytes="5583488" totalbytes="5617280" percent="99" regionsoverflowed="0" regionsstable="6" regionsrebuilding="0"/>
  </mem-info>
</gc-start>
<allocation-stats totalBytes="41912576" >
  <allocated-bytes non-tlh="0" tlh="41912576" arrayletleaf="0"/>
  <largest-consumer threadName="main" threadId="0000000001F80F00" bytes="41912576" />
</allocation-stats>
<gc-op id="1556" type="copy forward" timems="1.477" contextid="1553" timestamp="2019-08-08T19:54:07.772">
  <memory-copied type="eden" objects="4" bytes="288" bytesdiscarded="0" />
  <memory-copied type="other" objects="81" bytes="2496" bytesdiscarded="352" />
  <memory-cardclean objects="92" bytes="3728" />
  <regions eden="20" other="3" />
  <remembered-set-cleared processed="2488" cleared="12" durationms="0.184" />
  <stringconstants candidates="13760" cleared="0"  />
</gc-op>
<gc-op id="1557" type="classunload" timems="0.004" contextid="1553" timestamp="2019-08-08T19:54:07.772">
  <classunload-info classloadercandidates="54" classloadersunloaded="0" classesunloaded="0" anonymousclassesunloaded="0" quiescems="0.000" setupms="0.004" scanms="0.000" postms="0.000" />
</gc-op>
<gc-end id="1558" type="partial gc" contextid="1553" durationms="2.558" usertimems="5.378" systemtimems="0.000" timestamp="2019-08-08T19:54:07.773" activeThreads="1">
  <mem-info id="1559" free="83886080" total="140509184" percent="59">
    <mem type="eden" free="2096864" total="2097152" percent="99" />
    <remembered-set count="8704" freebytes="5582464" totalbytes="5617280" percent="99" regionsoverflowed="0" regionsstable="6" regionsrebuilding="0"/>
  </mem-info>
</gc-end>
<cycle-end id="1560" type="partial gc" contextid="1553" timestamp="2019-08-08T19:54:07.773" />
  <attribute name="elasticGC enabled" value="1" />
  <attribute name= "numThreadsSpecified" value="1" />
  <attribute name="heapSize specified" value="0" />
  <attribute name="Current GC Util" value="105" />
  <attribute name= "Current Time Running" value="88653" />
  <attribute name ="GC Interval" value="0" />
  <attribute name="Target GC Util Change" value ="80.000000" />
  <attribute name="Current GC Util Change" value="105.000000"/>
  <attribute name="Current Error" value="-25.000000" />
  <attribute name="Output H" value="140584840"/>
  <attribute name="Output I" value="1968"/>
  <attribute name="Output T" value="1"/>
  <attribute name= "Current Time Running" value="88653" />
  <attribute name="GC Util currently" value="105" />
  <attribute name="CPU Util currently" value="1607262417866" />
<exclusive-end id="1561" timestamp="2019-08-08T19:54:07.773" durationms="3.110" />

<exclusive-start id="1562" timestamp="2019-08-08T19:54:07.989" intervalms="218.916">
  <response-info timems="0.086" idlems="0.086" threads="0" lastid="0000000001F80F00" lastname="main" />
</exclusive-start>
<allocation-taxation id="1563" taxation-threshold="41943040" timestamp="2019-08-08T19:54:07.989" intervalms="218.898" />
<cycle-start id="1564" type="partial gc" contextid="0" timestamp="2019-08-08T19:54:07.989" intervalms="218.984" />
<gc-start id="1565" type="partial gc" contextid="1564" timestamp="2019-08-08T19:54:07.989">
  <mem-info id="1566" free="41943040" total="140509184" percent="29">
    <mem type="eden" free="2096864" total="44040192" percent="4" />
    <remembered-set count="8384" freebytes="5583744" totalbytes="5617280" percent="99" regionsoverflowed="0" regionsstable="6" regionsrebuilding="0"/>
  </mem-info>
</gc-start>
<allocation-stats totalBytes="41891024" >
  <allocated-bytes non-tlh="3776" tlh="41887248" arrayletleaf="0"/>
  <largest-consumer threadName="main" threadId="0000000001F80F00" bytes="41891024" />
</allocation-stats>
<gc-op id="1567" type="copy forward" timems="6.547" contextid="1564" timestamp="2019-08-08T19:54:07.997">
  <memory-copied type="eden" objects="1011" bytes="53160" bytesdiscarded="4592" />
  <memory-copied type="other" objects="30" bytes="880" bytesdiscarded="368" />
  <memory-cardclean objects="328" bytes="24696" />
  <regions eden="20" other="2" />
  <remembered-set-cleared processed="2493" cleared="23" durationms="0.111" />
  <references type="soft" candidates="9" cleared="0" enqueued="0" dynamicThreshold="19" maxThreshold="32" />
  <references type="weak" candidates="62" cleared="0" enqueued="0" />
  <stringconstants candidates="13797" cleared="0"  />
</gc-op>
<gc-op id="1568" type="classunload" timems="0.007" contextid="1564" timestamp="2019-08-08T19:54:07.997">
  <classunload-info classloadercandidates="54" classloadersunloaded="0" classesunloaded="0" anonymousclassesunloaded="0" quiescems="0.000" setupms="0.007" scanms="0.000" postms="0.000" />
</gc-op>
<gc-end id="1569" type="partial gc" contextid="1564" durationms="8.119" usertimems="18.609" systemtimems="0.000" timestamp="2019-08-08T19:54:07.997" activeThreads="16">
  <mem-info id="1570" free="83886080" total="140509184" percent="59">
    <mem type="eden" free="2039368" total="2097152" percent="97" />
    <remembered-set count="6912" freebytes="5589632" totalbytes="5617280" percent="99" regionsoverflowed="0" regionsstable="6" regionsrebuilding="0"/>
  </mem-info>
</gc-end>
<cycle-end id="1571" type="partial gc" contextid="1564" timestamp="2019-08-08T19:54:07.997" />
  <attribute name="elasticGC enabled" value="1" />
  <attribute name= "numThreadsSpecified" value="16" />
  <attribute name="heapSize specified" value="0" />
  <attribute name="Current GC Util" value="201" />
  <attribute name= "Current Time Running" value="88872" />
  <attribute name ="GC Interval" value="0" />
  <attribute name="Target GC Util Change" value ="80.000000" />
  <attribute name="Current GC Util Change" value="201.000000"/>
  <attribute name="Current Error" value="-67.000000" />
  <attribute name="Output H" value="140584792"/>
  <attribute name="Output I" value="1896"/>
  <attribute name="Output T" value="16"/>
  <attribute name= "Current Time Running" value="88872" />
  <attribute name="GC Util currently" value="201" />
  <attribute name="CPU Util currently" value="1309020912331" />
<exclusive-end id="1572" timestamp="2019-08-08T19:54:07.997" durationms="8.737" />

<exclusive-start id="1573" timestamp="2019-08-08T19:54:08.123" intervalms="134.469">
  <response-info timems="0.055" idlems="0.055" threads="0" lastid="0000000001F80F00" lastname="main" />
</exclusive-start>
<allocation-taxation id="1574" taxation-threshold="41943040" timestamp="2019-08-08T19:54:08.123" intervalms="134.473" />
<cycle-start id="1575" type="partial gc" contextid="0" timestamp="2019-08-08T19:54:08.123" intervalms="134.527" />
<gc-start id="1576" type="partial gc" contextid="1575" timestamp="2019-08-08T19:54:08.124">
  <mem-info id="1577" free="41943040" total="140509184" percent="29">
    <mem type="eden" free="0" total="41943040" percent="0" />
    <remembered-set count="6912" freebytes="5589632" totalbytes="5617280" percent="99" regionsoverflowed="0" regionsstable="6" regionsrebuilding="0"/>
  </mem-info>
</gc-start>
<allocation-stats totalBytes="41872216" >
  <allocated-bytes non-tlh="0" tlh="41872216" arrayletleaf="0"/>
  <largest-consumer threadName="main" threadId="0000000001F80F00" bytes="41872216" />
</allocation-stats>
<gc-op id="1578" type="copy forward" timems="6.701" contextid="1575" timestamp="2019-08-08T19:54:08.132">
  <memory-copied type="eden" objects="3" bytes="96" bytesdiscarded="0" />
  <memory-copied type="other" objects="1029" bytes="52688" bytesdiscarded="3888" />
  <memory-cardclean objects="147" bytes="18040" />
  <regions eden="20" other="2" />
  <remembered-set-cleared processed="2492" cleared="18" durationms="0.093" />
  <references type="soft" candidates="9" cleared="0" enqueued="0" dynamicThreshold="19" maxThreshold="32" />
  <references type="weak" candidates="76" cleared="0" enqueued="0" />
  <stringconstants candidates="13797" cleared="0"  />
</gc-op>
<gc-op id="1579" type="classunload" timems="0.009" contextid="1575" timestamp="2019-08-08T19:54:08.132">
  <classunload-info classloadercandidates="54" classloadersunloaded="0" classesunloaded="0" anonymousclassesunloaded="0" quiescems="0.000" setupms="0.008" scanms="0.000" postms="0.000" />
</gc-op>
<gc-end id="1580" type="partial gc" contextid="1575" durationms="8.802" usertimems="18.797" systemtimems="0.000" timestamp="2019-08-08T19:54:08.132" activeThreads="16">
  <mem-info id="1581" free="81788928" total="140509184" percent="58">
    <mem type="eden" free="2097056" total="2097152" percent="99" />
    <remembered-set count="6976" freebytes="5589376" totalbytes="5617280" percent="99" regionsoverflowed="0" regionsstable="6" regionsrebuilding="0"/>
  </mem-info>
</gc-end>
<cycle-end id="1582" type="partial gc" contextid="1575" timestamp="2019-08-08T19:54:08.132" />
  <attribute name="elasticGC enabled" value="1" />
  <attribute name= "numThreadsSpecified" value="16" />
  <attribute name="heapSize specified" value="0" />
  <attribute name="Current GC Util" value="108" />
  <attribute name= "Current Time Running" value="89007" />
  <attribute name ="GC Interval" value="0" />
  <attribute name="Target GC Util Change" value ="80.000000" />
  <attribute name="Current GC Util Change" value="108.000000"/>
  <attribute name="Current Error" value="-28.000000" />
  <attribute name="Output H" value="140584832"/>
  <attribute name="Output I" value="1960"/>
  <attribute name="Output T" value="16"/>
  <attribute name= "Current Time Running" value="89007" />
  <attribute name="GC Util currently" value="108" />
  <attribute name="CPU Util currently" value="1474320369310" />
<exclusive-end id="1583" timestamp="2019-08-08T19:54:08.133" durationms="9.735" />

<exclusive-start id="1584" timestamp="2019-08-08T19:54:08.654" intervalms="530.858">
  <response-info timems="0.130" idlems="0.130" threads="0" lastid="0000000001F80F00" lastname="main" />
</exclusive-start>
<allocation-taxation id="1585" taxation-threshold="41943040" timestamp="2019-08-08T19:54:08.654" intervalms="530.873" />
<cycle-start id="1586" type="partial gc" contextid="0" timestamp="2019-08-08T19:54:08.654" intervalms="530.732" />
<gc-start id="1587" type="partial gc" contextid="1586" timestamp="2019-08-08T19:54:08.654">
  <mem-info id="1588" free="39845888" total="140509184" percent="28">
    <mem type="eden" free="2097056" total="44040192" percent="4" />
    <remembered-set count="6496" freebytes="5591296" totalbytes="5617280" percent="99" regionsoverflowed="0" regionsstable="6" regionsrebuilding="0"/>
  </mem-info>
</gc-start>
<allocation-stats totalBytes="41927264" >
  <allocated-bytes non-tlh="0" tlh="41927264" arrayletleaf="0"/>
  <largest-consumer threadName="main" threadId="0000000001F80F00" bytes="41927264" />
</allocation-stats>
<gc-op id="1589" type="copy forward" timems="1.243" contextid="1586" timestamp="2019-08-08T19:54:08.656">
  <memory-copied type="eden" objects="68" bytes="2200" bytesdiscarded="0" />
  <memory-copied type="other" objects="24" bytes="560" bytesdiscarded="288" />
  <memory-cardclean objects="179" bytes="15640" />
  <regions eden="20" other="3" />
  <remembered-set-cleared processed="2515" cleared="33" durationms="0.189" />
  <references type="weak" candidates="34" cleared="0" enqueued="0" />
  <stringconstants candidates="13797" cleared="0"  />
</gc-op>
<gc-op id="1590" type="classunload" timems="0.005" contextid="1586" timestamp="2019-08-08T19:54:08.657">
  <classunload-info classloadercandidates="54" classloadersunloaded="0" classesunloaded="0" anonymousclassesunloaded="0" quiescems="0.000" setupms="0.005" scanms="0.000" postms="0.000" />
</gc-op>
<heap-resize id="1591" type="contract" space="default" amount="8388608" count="1" timems="0.222" reason="insufficient time being spent in gc" timestamp="2019-08-08T19:54:08.657" />
<gc-end id="1592" type="partial gc" contextid="1586" durationms="2.663" usertimems="7.371" systemtimems="0.000" timestamp="2019-08-08T19:54:08.657" activeThreads="1">
  <mem-info id="1593" free="75497472" total="132120576" percent="57">
    <mem type="eden" free="2094952" total="2097152" percent="99" />
    <remembered-set count="6400" freebytes="5591680" totalbytes="5617280" percent="99" regionsoverflowed="0" regionsstable="6" regionsrebuilding="0"/>
  </mem-info>
</gc-end>
<cycle-end id="1594" type="partial gc" contextid="1586" timestamp="2019-08-08T19:54:08.657" />
  <attribute name="elasticGC enabled" value="1" />
  <attribute name= "numThreadsSpecified" value="1" />
  <attribute name="heapSize specified" value="0" />
  <attribute name="Current GC Util" value="105" />
  <attribute name= "Current Time Running" value="89537" />
  <attribute name ="GC Interval" value="0" />
  <attribute name="Target GC Util Change" value ="80.000000" />
  <attribute name="Current GC Util Change" value="105.000000"/>
  <attribute name="Current Error" value="-25.000000" />
  <attribute name="Output H" value="140584840"/>
  <attribute name="Output I" value="1968"/>
  <attribute name="Output T" value="1"/>
  <attribute name= "Current Time Running" value="89537" />
  <attribute name="GC Util currently" value="105" />
  <attribute name="CPU Util currently" value="1658130682437" />
<exclusive-end id="1595" timestamp="2019-08-08T19:54:08.657" durationms="3.216" />

<exclusive-start id="1596" timestamp="2019-08-08T19:54:08.779" intervalms="124.748">
  <response-info timems="0.042" idlems="0.042" threads="0" lastid="0000000001F80F00" lastname="main" />
</exclusive-start>
<allocation-taxation id="1597" taxation-threshold="39845888" timestamp="2019-08-08T19:54:08.779" intervalms="124.730" />
<cycle-start id="1598" type="partial gc" contextid="0" timestamp="2019-08-08T19:54:08.779" intervalms="124.748" />
<gc-start id="1599" type="partial gc" contextid="1598" timestamp="2019-08-08T19:54:08.779">
  <mem-info id="1600" free="35651584" total="132120576" percent="26">
    <mem type="eden" free="0" total="39845888" percent="0" />
    <remembered-set count="6240" freebytes="5592320" totalbytes="5617280" percent="99" regionsoverflowed="0" regionsstable="6" regionsrebuilding="0"/>
  </mem-info>
</gc-start>
<allocation-stats totalBytes="39838728" >
  <allocated-bytes non-tlh="0" tlh="39838728" arrayletleaf="0"/>
  <largest-consumer threadName="main" threadId="0000000001F80F00" bytes="39838728" />
</allocation-stats>
<gc-op id="1601" type="copy forward" timems="6.128" contextid="1598" timestamp="2019-08-08T19:54:08.786">
  <memory-copied type="eden" objects="3" bytes="120" bytesdiscarded="0" />
  <memory-copied type="other" objects="71" bytes="2640" bytesdiscarded="1008" />
  <memory-cardclean objects="337" bytes="284640" />
  <regions eden="19" other="2" />
  <remembered-set-cleared processed="2455" cleared="74" durationms="0.188" />
  <references type="weak" candidates="34" cleared="0" enqueued="0" />
  <stringconstants candidates="13797" cleared="0"  />
</gc-op>
<gc-op id="1602" type="classunload" timems="0.008" contextid="1598" timestamp="2019-08-08T19:54:08.786">
  <classunload-info classloadercandidates="54" classloadersunloaded="0" classesunloaded="0" anonymousclassesunloaded="0" quiescems="0.000" setupms="0.008" scanms="0.000" postms="0.000" />
</gc-op>
<heap-resize id="1603" type="contract" space="default" amount="8388608" count="1" timems="0.230" reason="insufficient time being spent in gc" timestamp="2019-08-08T19:54:08.787" />
<gc-end id="1604" type="partial gc" contextid="1598" durationms="7.646" usertimems="23.402" systemtimems="0.000" timestamp="2019-08-08T19:54:08.787" activeThreads="16">
  <mem-info id="1605" free="65011712" total="123731968" percent="52">
    <mem type="eden" free="2097032" total="2097152" percent="99" />
    <remembered-set count="7072" freebytes="5253632" totalbytes="5281920" percent="99" regionsoverflowed="0" regionsstable="6" regionsrebuilding="0"/>
  </mem-info>
</gc-end>
<cycle-end id="1606" type="partial gc" contextid="1598" timestamp="2019-08-08T19:54:08.787" />
  <attribute name="elasticGC enabled" value="1" />
  <attribute name= "numThreadsSpecified" value="16" />
  <attribute name="heapSize specified" value="0" />
  <attribute name="Current GC Util" value="116" />
  <attribute name= "Current Time Running" value="89662" />
  <attribute name ="GC Interval" value="0" />
  <attribute name="Target GC Util Change" value ="80.000000" />
  <attribute name="Current GC Util Change" value="116.000000"/>
  <attribute name="Current Error" value="17.000000" />
  <attribute name="Output H" value="132196280"/>
  <attribute name="Output I" value="2040"/>
  <attribute name="Output T" value="16"/>
  <attribute name= "Current Time Running" value="89662" />
  <attribute name="GC Util currently" value="116" />
  <attribute name="CPU Util currently" value="1397821138610" />
<exclusive-end id="1607" timestamp="2019-08-08T19:54:08.787" durationms="8.286" />

<exclusive-start id="1608" timestamp="2019-08-08T19:54:08.884" intervalms="105.328">
  <response-info timems="0.071" idlems="0.071" threads="0" lastid="0000000001F80F00" lastname="main" />
</exclusive-start>
<allocation-taxation id="1609" taxation-threshold="37748736" timestamp="2019-08-08T19:54:08.884" intervalms="105.347" />
<cycle-start id="1610" type="partial gc" contextid="0" timestamp="2019-08-08T19:54:08.884" intervalms="105.326" />
<gc-start id="1611" type="partial gc" contextid="1610" timestamp="2019-08-08T19:54:08.884">
  <mem-info id="1612" free="27262976" total="123731968" percent="22">
    <mem type="eden" free="2097032" total="39845888" percent="5" />
    <remembered-set count="7072" freebytes="5253632" totalbytes="5281920" percent="99" regionsoverflowed="0" regionsstable="6" regionsrebuilding="0"/>
  </mem-info>
</gc-start>
<allocation-stats totalBytes="37741368" >
  <allocated-bytes non-tlh="0" tlh="37741368" arrayletleaf="0"/>
  <largest-consumer threadName="main" threadId="0000000001F80F00" bytes="37741368" />
</allocation-stats>
<gc-op id="1613" type="copy forward" timems="6.507" contextid="1610" timestamp="2019-08-08T19:54:08.892">
  <memory-copied type="eden" objects="9" bytes="312" bytesdiscarded="0" />
  <memory-copied type="other" objects="37" bytes="864" bytesdiscarded="720" />
  <memory-cardclean objects="1121" bytes="303864" />
  <regions eden="18" other="2" />
  <remembered-set-cleared processed="2338" cleared="119" durationms="0.086" />
  <references type="weak" candidates="2" cleared="0" enqueued="0" />
  <stringconstants candidates="13797" cleared="0"  />
</gc-op>
<gc-op id="1614" type="classunload" timems="0.010" contextid="1610" timestamp="2019-08-08T19:54:08.892">
  <classunload-info classloadercandidates="54" classloadersunloaded="0" classesunloaded="0" anonymousclassesunloaded="0" quiescems="0.000" setupms="0.009" scanms="0.000" postms="0.000" />
</gc-op>
<heap-resize id="1615" type="contract" space="default" amount="6291456" count="1" timems="0.190" reason="insufficient time being spent in gc" timestamp="2019-08-08T19:54:08.893" />
<gc-end id="1616" type="partial gc" contextid="1610" durationms="8.281" usertimems="25.757" systemtimems="0.000" timestamp="2019-08-08T19:54:08.893" activeThreads="16">
  <mem-info id="1617" free="58720256" total="117440512" percent="50">
    <mem type="eden" free="2096840" total="2097152" percent="99" />
    <remembered-set count="7200" freebytes="4917760" totalbytes="4946560" percent="99" regionsoverflowed="0" regionsstable="6" regionsrebuilding="0"/>
  </mem-info>
</gc-end>
<cycle-end id="1618" type="partial gc" contextid="1610" timestamp="2019-08-08T19:54:08.893" />
  <attribute name="elasticGC enabled" value="1" />
  <attribute name= "numThreadsSpecified" value="16" />
  <attribute name="heapSize specified" value="0" />
  <attribute name="Current GC Util" value="62" />
  <attribute name= "Current Time Running" value="89767" />
  <attribute name ="GC Interval" value="0" />
  <attribute name="Target GC Util Change" value ="80.000000" />
  <attribute name="Current GC Util Change" value="62.000000"/>
  <attribute name="Current Error" value="100.000000" />
  <attribute name="Output H" value="123807768"/>
  <attribute name="Output I" value="2192"/>
  <attribute name="Output T" value="16"/>
  <attribute name= "Current Time Running" value="89767" />
  <attribute name="GC Util currently" value="62" />
  <attribute name="CPU Util currently" value="1045219925620" />
<exclusive-end id="1619" timestamp="2019-08-08T19:54:08.893" durationms="8.932" />

<exclusive-start id="1620" timestamp="2019-08-08T19:54:08.975" intervalms="90.914">
  <response-info timems="0.020" idlems="0.020" threads="0" lastid="0000000001F80F00" lastname="main" />
</exclusive-start>
<allocation-taxation id="1621" taxation-threshold="35651584" timestamp="2019-08-08T19:54:08.975" intervalms="90.896" />
<cycle-start id="1622" type="partial gc" contextid="0" timestamp="2019-08-08T19:54:08.975" intervalms="91.120" />
<gc-start id="1623" type="partial gc" contextid="1622" timestamp="2019-08-08T19:54:08.975">
  <mem-info id="1624" free="23068672" total="117440512" percent="19">
    <mem type="eden" free="2096840" total="37748736" percent="5" />
    <remembered-set count="7200" freebytes="4917760" totalbytes="4946560" percent="99" regionsoverflowed="0" regionsstable="6" regionsrebuilding="0"/>
  </mem-info>
</gc-start>
<allocation-stats totalBytes="35645024" >
  <allocated-bytes non-tlh="0" tlh="35645024" arrayletleaf="0"/>
  <largest-consumer threadName="main" threadId="0000000001F80F00" bytes="35645024" />
</allocation-stats>
<gc-op id="1625" type="copy forward" timems="5.748" contextid="1622" timestamp="2019-08-08T19:54:08.982">
  <memory-copied type="eden" objects="6" bytes="264" bytesdiscarded="0" />
  <memory-copied type="other" objects="8" bytes="680" bytesdiscarded="0" />
  <memory-cardclean objects="40" bytes="1712" />
  <regions eden="17" other="2" />
  <remembered-set-cleared processed="2511" cleared="1" durationms="0.121" />
  <stringconstants candidates="13797" cleared="0"  />
</gc-op>
<gc-op id="1626" type="classunload" timems="0.009" contextid="1622" timestamp="2019-08-08T19:54:08.982">
  <classunload-info classloadercandidates="54" classloadersunloaded="0" classesunloaded="0" anonymousclassesunloaded="0" quiescems="0.000" setupms="0.009" scanms="0.000" postms="0.000" />
</gc-op>
<gc-end id="1627" type="partial gc" contextid="1622" durationms="7.130" usertimems="14.359" systemtimems="0.000" timestamp="2019-08-08T19:54:08.983" activeThreads="8">
  <mem-info id="1628" free="58720256" total="117440512" percent="50">
    <mem type="eden" free="2096888" total="2097152" percent="99" />
    <remembered-set count="6496" freebytes="4669056" totalbytes="4695040" percent="99" regionsoverflowed="0" regionsstable="6" regionsrebuilding="0"/>
  </mem-info>
</gc-end>
<cycle-end id="1629" type="partial gc" contextid="1622" timestamp="2019-08-08T19:54:08.983" />
  <attribute name="elasticGC enabled" value="1" />
  <attribute name= "numThreadsSpecified" value="8" />
  <attribute name="heapSize specified" value="0" />
  <attribute name="Current GC Util" value="97" />
  <attribute name= "Current Time Running" value="89858" />
  <attribute name ="GC Interval" value="0" />
  <attribute name="Target GC Util Change" value ="80.000000" />
  <attribute name="Current GC Util Change" value="97.000000"/>
  <attribute name="Current Error" value="-17.000000" />
  <attribute name="Output H" value="117516176"/>
  <attribute name="Output I" value="1984"/>
  <attribute name="Output T" value="8"/>
  <attribute name= "Current Time Running" value="89858" />
  <attribute name="GC Util currently" value="97" />
  <attribute name="CPU Util currently" value="1237491656910" />
<exclusive-end id="1630" timestamp="2019-08-08T19:54:08.983" durationms="8.088" />

<exclusive-start id="1631" timestamp="2019-08-08T19:54:09.020" intervalms="45.381">
  <response-info timems="0.020" idlems="0.020" threads="0" lastid="0000000001F80F00" lastname="main" />
</exclusive-start>
<allocation-taxation id="1632" taxation-threshold="16777216" timestamp="2019-08-08T19:54:09.020" intervalms="45.383" />
<cycle-start id="1633" type="global mark phase" contextid="0" timestamp="2019-08-08T19:54:09.020" intervalms="1824.251" />
<gc-start id="1634" type="global mark phase" contextid="1633" timestamp="2019-08-08T19:54:09.020">
  <mem-info id="1635" free="41943040" total="117440512" percent="35">
    <remembered-set count="6496" freebytes="4669056" totalbytes="4695040" percent="99" regionsoverflowed="0" regionsstable="6" regionsrebuilding="0"/>
  </mem-info>
</gc-start>
<gc-op id="1636" type="mark increment" timems="2.747" contextid="1633" timestamp="2019-08-08T19:54:09.023">
  <trace-info objectcount="217" scancount="0" scanbytes="0" />
</gc-op>
<gc-end id="1637" type="global mark phase" contextid="1633" durationms="2.809" usertimems="6.653" systemtimems="0.000" timestamp="2019-08-08T19:54:09.023" activeThreads="16">
  <mem-info id="1638" free="41943040" total="117440512" percent="35">
    <remembered-set count="6496" freebytes="4669056" totalbytes="4695040" percent="99" regionsoverflowed="0" regionsstable="0" regionsrebuilding="6"/>
  </mem-info>
</gc-end>
<concurrent-start id="1639" type="GMP work packet processing" contextid="1633" timestamp="2019-08-08T19:54:09.023">
  <concurrent-mark-start scanTarget="7158553" />
</concurrent-start>
<exclusive-end id="1640" timestamp="2019-08-08T19:54:09.023" durationms="3.055" />

<concurrent-end id="1641" type="GMP work packet processing" contextid="1633" timestamp="2019-08-08T19:54:09.029">
  <concurrent-mark-end bytesScanned="7265020" reasonForTermination="Work target met" />
</concurrent-end>

<exclusive-start id="1642" timestamp="2019-08-08T19:54:09.063" intervalms="42.594">
  <response-info timems="0.018" idlems="0.018" threads="0" lastid="0000000001F80F00" lastname="main" />
</exclusive-start>
<allocation-taxation id="1643" taxation-threshold="16777216" timestamp="2019-08-08T19:54:09.063" intervalms="42.593" />
<cycle-start id="1644" type="partial gc" contextid="0" timestamp="2019-08-08T19:54:09.063" intervalms="87.772" />
<gc-start id="1645" type="partial gc" contextid="1644" timestamp="2019-08-08T19:54:09.063">
  <mem-info id="1646" free="25165824" total="117440512" percent="21">
    <mem type="eden" free="2096888" total="35651584" percent="5" />
    <remembered-set count="63904" freebytes="4439424" totalbytes="4695040" percent="94" regionsoverflowed="0" regionsstable="0" regionsrebuilding="6"/>
  </mem-info>
</gc-start>
<allocation-stats totalBytes="33548440" >
  <allocated-bytes non-tlh="0" tlh="33548440" arrayletleaf="0"/>
  <largest-consumer threadName="main" threadId="0000000001F80F00" bytes="16774456" />
</allocation-stats>
<gc-op id="1647" type="copy forward" timems="12.744" contextid="1644" timestamp="2019-08-08T19:54:09.078">
  <memory-copied type="eden" objects="4" bytes="136" bytesdiscarded="0" />
  <memory-copied type="other" objects="37" bytes="968" bytesdiscarded="280" />
  <memory-cardclean objects="48" bytes="10256" />
  <regions eden="16" other="2" />
  <remembered-set-cleared processed="57920" cleared="63" durationms="0.458" />
  <references type="weak" candidates="4" cleared="0" enqueued="0" />
  <stringconstants candidates="13797" cleared="0"  />
</gc-op>
<gc-op id="1648" type="classunload" timems="0.009" contextid="1644" timestamp="2019-08-08T19:54:09.078">
  <classunload-info classloadercandidates="54" classloadersunloaded="0" classesunloaded="0" anonymousclassesunloaded="0" quiescems="0.000" setupms="0.008" scanms="0.000" postms="0.000" />
</gc-op>
<gc-end id="1649" type="partial gc" contextid="1644" durationms="14.762" usertimems="33.803" systemtimems="0.000" timestamp="2019-08-08T19:54:09.078" activeThreads="16">
  <mem-info id="1650" free="58720256" total="117440512" percent="50">
    <mem type="eden" free="2097016" total="2097152" percent="99" />
    <remembered-set count="62240" freebytes="4446080" totalbytes="4695040" percent="94" regionsoverflowed="0" regionsstable="0" regionsrebuilding="6"/>
  </mem-info>
</gc-end>
<cycle-end id="1651" type="partial gc" contextid="1644" timestamp="2019-08-08T19:54:09.078" />
  <attribute name="elasticGC enabled" value="1" />
  <attribute name= "numThreadsSpecified" value="16" />
  <attribute name="heapSize specified" value="0" />
  <attribute name="Current GC Util" value="185" />
  <attribute name= "Current Time Running" value="89947" />
  <attribute name ="GC Interval" value="0" />
  <attribute name="Target GC Util Change" value ="80.000000" />
  <attribute name="Current GC Util Change" value="185.000000"/>
  <attribute name="Current Error" value="-403.000000" />
  <attribute name="Output H" value="117515728"/>
  <attribute name="Output I" value="1296"/>
  <attribute name="Output T" value="16"/>
  <attribute name= "Current Time Running" value="89947" />
  <attribute name="GC Util currently" value="185" />
  <attribute name="CPU Util currently" value="734023695856" />
<exclusive-end id="1652" timestamp="2019-08-08T19:54:09.078" durationms="15.404" />

<exclusive-start id="1653" timestamp="2019-08-08T19:54:09.118" intervalms="54.692">
  <response-info timems="0.019" idlems="0.019" threads="0" lastid="0000000001F80F00" lastname="main" />
</exclusive-start>
<allocation-taxation id="1654" taxation-threshold="16777216" timestamp="2019-08-08T19:54:09.118" intervalms="54.699" />
<gc-start id="1655" type="global mark phase" contextid="1633" timestamp="2019-08-08T19:54:09.118">
  <mem-info id="1656" free="41943040" total="117440512" percent="35">
    <remembered-set count="61984" freebytes="4447104" totalbytes="4695040" percent="94" regionsoverflowed="0" regionsstable="0" regionsrebuilding="6"/>
  </mem-info>
</gc-start>
<gc-end id="1657" type="global mark phase" contextid="1633" durationms="0.028" usertimems="0.026" systemtimems="0.000" timestamp="2019-08-08T19:54:09.118" activeThreads="16">
  <mem-info id="1658" free="41943040" total="117440512" percent="35">
    <remembered-set count="61984" freebytes="4447104" totalbytes="4695040" percent="94" regionsoverflowed="0" regionsstable="0" regionsrebuilding="6"/>
  </mem-info>
</gc-end>
<concurrent-start id="1659" type="GMP work packet processing" contextid="1633" timestamp="2019-08-08T19:54:09.118">
  <concurrent-mark-start scanTarget="7158553" />
</concurrent-start>
<exclusive-end id="1660" timestamp="2019-08-08T19:54:09.118" durationms="0.606" />

<concurrent-end id="1661" type="GMP work packet processing" contextid="1633" timestamp="2019-08-08T19:54:09.121">
  <concurrent-mark-end bytesScanned="6303880" reasonForTermination="Completed all work in GC phase" />
</concurrent-end>

<exclusive-start id="1662" timestamp="2019-08-08T19:54:09.161" intervalms="43.381">
  <response-info timems="0.015" idlems="0.015" threads="0" lastid="0000000001F80F00" lastname="main" />
</exclusive-start>
<allocation-taxation id="1663" taxation-threshold="16777216" timestamp="2019-08-08T19:54:09.161" intervalms="43.377" />
<cycle-start id="1664" type="partial gc" contextid="0" timestamp="2019-08-08T19:54:09.161" intervalms="98.093" />
<gc-start id="1665" type="partial gc" contextid="1664" timestamp="2019-08-08T19:54:09.161">
  <mem-info id="1666" free="25165824" total="117440512" percent="21">
    <mem type="eden" free="2097016" total="35651584" percent="5" />
    <remembered-set count="100064" freebytes="4294784" totalbytes="4695040" percent="91" regionsoverflowed="0" regionsstable="0" regionsrebuilding="6"/>
  </mem-info>
</gc-start>
<allocation-stats totalBytes="33548136" >
  <allocated-bytes non-tlh="0" tlh="33548136" arrayletleaf="0"/>
  <largest-consumer threadName="main" threadId="0000000001F80F00" bytes="16774056" />
</allocation-stats>
<gc-op id="1667" type="copy forward" timems="8.508" contextid="1664" timestamp="2019-08-08T19:54:09.171">
  <memory-copied type="eden" objects="5" bytes="240" bytesdiscarded="0" />
  <memory-copied type="other" objects="0" bytes="0" bytesdiscarded="0" />
  <memory-cardclean objects="22" bytes="1000" />
  <regions eden="16" other="1" />
  <remembered-set-cleared processed="93791" cleared="10" durationms="0.437" />
  <stringconstants candidates="13797" cleared="0"  />
</gc-op>
<gc-op id="1668" type="classunload" timems="0.008" contextid="1664" timestamp="2019-08-08T19:54:09.171">
  <classunload-info classloadercandidates="54" classloadersunloaded="0" classesunloaded="0" anonymousclassesunloaded="0" quiescems="0.000" setupms="0.007" scanms="0.000" postms="0.000" />
</gc-op>
<heap-resize id="1669" type="expand" space="default" amount="20971520" count="1" timems="0.086" reason="excessive time being spent in gc" timestamp="2019-08-08T19:54:09.172" />
<gc-end id="1670" type="partial gc" contextid="1664" durationms="10.335" usertimems="24.396" systemtimems="0.000" timestamp="2019-08-08T19:54:09.172" activeThreads="16">
  <mem-info id="1671" free="79691776" total="138412032" percent="57">
    <mem type="eden" free="2096912" total="2097152" percent="99" />
    <remembered-set count="98464" freebytes="5139584" totalbytes="5533440" percent="92" regionsoverflowed="0" regionsstable="0" regionsrebuilding="6"/>
  </mem-info>
</gc-end>
<cycle-end id="1672" type="partial gc" contextid="1664" timestamp="2019-08-08T19:54:09.172" />
  <attribute name="elasticGC enabled" value="1" />
  <attribute name= "numThreadsSpecified" value="16" />
  <attribute name="heapSize specified" value="0" />
  <attribute name="Current GC Util" value="84" />
  <attribute name= "Current Time Running" value="90044" />
  <attribute name ="GC Interval" value="0" />
  <attribute name="Target GC Util Change" value ="80.000000" />
  <attribute name="Current GC Util Change" value="84.000000"/>
  <attribute name="Current Error" value="52.000000" />
  <attribute name="Output H" value="117516256"/>
  <attribute name="Output I" value="2104"/>
  <attribute name="Output T" value="16"/>
  <attribute name= "Current Time Running" value="90044" />
  <attribute name="GC Util currently" value="84" />
  <attribute name="CPU Util currently" value="874825744928" />
<exclusive-end id="1673" timestamp="2019-08-08T19:54:09.172" durationms="10.926" />

<exclusive-start id="1674" timestamp="2019-08-08T19:54:09.203" intervalms="42.068">
  <response-info timems="0.016" idlems="0.016" threads="0" lastid="0000000001F80F00" lastname="main" />
</exclusive-start>
<allocation-taxation id="1675" taxation-threshold="20971520" timestamp="2019-08-08T19:54:09.203" intervalms="42.063" />
<gc-start id="1676" type="global mark phase" contextid="1633" timestamp="2019-08-08T19:54:09.203">
  <mem-info id="1677" free="58720256" total="138412032" percent="42">
    <remembered-set count="98016" freebytes="5141376" totalbytes="5533440" percent="92" regionsoverflowed="0" regionsstable="0" regionsrebuilding="6"/>
  </mem-info>
</gc-start>
<gc-op id="1678" type="mark increment" timems="8.067" contextid="1633" timestamp="2019-08-08T19:54:09.211">
  <trace-info objectcount="27" scancount="26" scanbytes="764" />
  <cardclean-info objects="110" bytes="12348" />
  <finalization candidates="80" enqueued="0" />
  <ownableSynchronizers candidates="21" cleared="0" />
  <references type="soft" candidates="4623" cleared="139" enqueued="138" dynamicThreshold="18" maxThreshold="32" />
  <references type="weak" candidates="5714" cleared="10" enqueued="7" />
  <references type="phantom" candidates="97" cleared="0" enqueued="0" />
  <stringconstants candidates="13797" cleared="6"  />
</gc-op>
<gc-op id="1679" type="classunload" timems="0.008" contextid="1633" timestamp="2019-08-08T19:54:09.211">
  <classunload-info classloadercandidates="54" classloadersunloaded="0" classesunloaded="0" anonymousclassesunloaded="0" quiescems="0.000" setupms="0.007" scanms="0.000" postms="0.000" />
</gc-op>
<gc-end id="1680" type="global mark phase" contextid="1633" durationms="8.353" usertimems="20.425" systemtimems="0.000" timestamp="2019-08-08T19:54:09.212" activeThreads="16">
  <mem-info id="1681" free="58720256" total="138412032" percent="42">
    <pending-finalizers system="0" default="0" reference="145" classloader="0" />
    <remembered-set count="101600" freebytes="5127040" totalbytes="5533440" percent="92" regionsoverflowed="0" regionsstable="0" regionsrebuilding="0"/>
  </mem-info>
</gc-end>
<cycle-end id="1682" type="global mark phase" contextid="1633" timestamp="2019-08-08T19:54:09.212" />
  <attribute name="elasticGC enabled" value="1" />
  <attribute name= "numThreadsSpecified" value="16" />
  <attribute name="heapSize specified" value="0" />
  <attribute name="Current GC Util" value="165" />
  <attribute name= "Current Time Running" value="90088" />
  <attribute name ="GC Interval" value="0" />
  <attribute name="Target GC Util Change" value ="80.000000" />
  <attribute name="Current GC Util Change" value="165.000000"/>
  <attribute name="Current Error" value="-219.000000" />
  <attribute name="Output H" value="138487464"/>
  <attribute name="Output I" value="1624"/>
  <attribute name="Output T" value="16"/>
  <attribute name= "Current Time Running" value="90088" />
  <attribute name="GC Util currently" value="165" />
  <attribute name="CPU Util currently" value="948364084944" />
<exclusive-end id="1683" timestamp="2019-08-08T19:54:09.212" durationms="8.704" />

<exclusive-start id="1684" timestamp="2019-08-08T19:54:09.228" intervalms="24.903">
  <response-info timems="0.022" idlems="0.022" threads="0" lastid="0000000001F80F00" lastname="main" />
</exclusive-start>
<allocation-taxation id="1685" taxation-threshold="20971520" timestamp="2019-08-08T19:54:09.228" intervalms="24.913" />
<cycle-start id="1686" type="partial gc" contextid="0" timestamp="2019-08-08T19:54:09.228" intervalms="67.022" />
<gc-start id="1687" type="partial gc" contextid="1686" timestamp="2019-08-08T19:54:09.228">
  <mem-info id="1688" free="37748736" total="138412032" percent="27">
    <mem type="eden" free="2096912" total="44040192" percent="4" />
    <remembered-set count="58016" freebytes="5301376" totalbytes="5533440" percent="95" regionsoverflowed="0" regionsstable="5" regionsrebuilding="0"/>
  </mem-info>
</gc-start>
<allocation-stats totalBytes="41888480" >
  <allocated-bytes non-tlh="0" tlh="41888480" arrayletleaf="0"/>
  <largest-consumer threadName="main" threadId="0000000001F80F00" bytes="20942592" />
</allocation-stats>
<gc-op id="1689" type="sweep" timems="2.134" contextid="1686" timestamp="2019-08-08T19:54:09.231" />
<gc-op id="1690" type="copy forward" timems="9.098" contextid="1686" timestamp="2019-08-08T19:54:09.241">
  <memory-copied type="eden" objects="4" bytes="112" bytesdiscarded="0" />
  <memory-copied type="other" objects="23" bytes="1256" bytesdiscarded="696" />
  <memory-cardclean objects="498" bytes="18912" />
  <regions eden="10" other="2" />
  <remembered-set-cleared processed="52996" cleared="81" durationms="0.571" />
  <stringconstants candidates="13791" cleared="0"  />
</gc-op>
<gc-op id="1691" type="classunload" timems="0.008" contextid="1686" timestamp="2019-08-08T19:54:09.241">
  <classunload-info classloadercandidates="54" classloadersunloaded="0" classesunloaded="0" anonymousclassesunloaded="0" quiescems="0.000" setupms="0.008" scanms="0.000" postms="0.000" />
</gc-op>
<heap-resize id="1692" type="expand" space="default" amount="8388608" count="1" timems="0.064" reason="excessive time being spent in gc" timestamp="2019-08-08T19:54:09.241" />
<gc-end id="1693" type="partial gc" contextid="1686" durationms="12.673" usertimems="30.512" systemtimems="0.000" timestamp="2019-08-08T19:54:09.241" activeThreads="16">
  <mem-info id="1694" free="88080384" total="146800640" percent="60">
    <mem type="eden" free="2095088" total="2097152" percent="99" />
    <remembered-set count="57120" freebytes="5640320" totalbytes="5868800" percent="96" regionsoverflowed="0" regionsstable="5" regionsrebuilding="0"/>
  </mem-info>
</gc-end>
<cycle-end id="1695" type="partial gc" contextid="1686" timestamp="2019-08-08T19:54:09.241" />
  <attribute name="elasticGC enabled" value="1" />
  <attribute name= "numThreadsSpecified" value="16" />
  <attribute name="heapSize specified" value="0" />
  <attribute name="Current GC Util" value="119" />
  <attribute name= "Current Time Running" value="90113" />
  <attribute name ="GC Interval" value="0" />
  <attribute name="Target GC Util Change" value ="80.000000" />
  <attribute name="Current GC Util Change" value="119.000000"/>
  <attribute name="Current Error" value="-157.000000" />
  <attribute name="Output H" value="138487536"/>
  <attribute name="Output I" value="1728"/>
  <attribute name="Output T" value="16"/>
  <attribute name= "Current Time Running" value="90113" />
  <attribute name="GC Util currently" value="119" />
  <attribute name="CPU Util currently" value="1542881753588" />
<exclusive-end id="1696" timestamp="2019-08-08T19:54:09.241" durationms="13.239" />

<exclusive-start id="1697" timestamp="2019-08-08T19:54:09.272" intervalms="44.212">
  <response-info timems="0.019" idlems="0.019" threads="0" lastid="0000000001F80F00" lastname="main" />
</exclusive-start>
<allocation-taxation id="1698" taxation-threshold="44040192" timestamp="2019-08-08T19:54:09.272" intervalms="44.209" />
<cycle-start id="1699" type="partial gc" contextid="0" timestamp="2019-08-08T19:54:09.272" intervalms="44.146" />
<gc-start id="1700" type="partial gc" contextid="1699" timestamp="2019-08-08T19:54:09.272">
  <mem-info id="1701" free="44040192" total="146800640" percent="30">
    <mem type="eden" free="0" total="44040192" percent="0" />
    <remembered-set count="56640" freebytes="5642240" totalbytes="5868800" percent="96" regionsoverflowed="0" regionsstable="5" regionsrebuilding="0"/>
  </mem-info>
</gc-start>
<allocation-stats totalBytes="43978752" >
  <allocated-bytes non-tlh="0" tlh="43978752" arrayletleaf="0"/>
  <largest-consumer threadName="main" threadId="0000000001F80F00" bytes="43978752" />
</allocation-stats>
<gc-op id="1702" type="copy forward" timems="11.179" contextid="1699" timestamp="2019-08-08T19:54:09.285">
  <memory-copied type="eden" objects="4" bytes="112" bytesdiscarded="680" />
  <memory-copied type="other" objects="64246" bytes="1564760" bytesdiscarded="110656" />
  <memory-cardclean objects="4522" bytes="398568" />
  <regions eden="21" other="10" />
  <remembered-set-cleared processed="52509" cleared="5944" durationms="0.564" />
  <references type="weak" candidates="2" cleared="0" enqueued="0" />
  <stringconstants candidates="13791" cleared="0"  />
</gc-op>
<gc-op id="1703" type="classunload" timems="0.012" contextid="1699" timestamp="2019-08-08T19:54:09.285">
  <classunload-info classloadercandidates="54" classloadersunloaded="0" classesunloaded="0" anonymousclassesunloaded="0" quiescems="0.000" setupms="0.012" scanms="0.000" postms="0.000" />
</gc-op>
<gc-end id="1704" type="partial gc" contextid="1699" durationms="12.873" usertimems="36.294" systemtimems="0.000" timestamp="2019-08-08T19:54:09.285" activeThreads="16">
  <mem-info id="1705" free="100663296" total="146800640" percent="68">
    <mem type="eden" free="2096360" total="2097152" percent="99" />
    <remembered-set count="55584" freebytes="5646464" totalbytes="5868800" percent="96" regionsoverflowed="0" regionsstable="5" regionsrebuilding="0"/>
  </mem-info>
</gc-end>
<cycle-end id="1706" type="partial gc" contextid="1699" timestamp="2019-08-08T19:54:09.285" />
  <attribute name="elasticGC enabled" value="1" />
  <attribute name= "numThreadsSpecified" value="16" />
  <attribute name="heapSize specified" value="0" />
  <attribute name="Current GC Util" value="218" />
  <attribute name= "Current Time Running" value="90156" />
  <attribute name ="GC Interval" value="0" />
  <attribute name="Target GC Util Change" value ="80.000000" />
  <attribute name="Current GC Util Change" value="218.000000"/>
  <attribute name="Current Error" value="-274.000000" />
  <attribute name="Output H" value="146876008"/>
  <attribute name="Output I" value="1520"/>
  <attribute name="Output T" value="16"/>
  <attribute name= "Current Time Running" value="90156" />
  <attribute name="GC Util currently" value="218" />
  <attribute name="CPU Util currently" value="959791308979" />
<exclusive-end id="1707" timestamp="2019-08-08T19:54:09.286" durationms="13.492" />

<exclusive-start id="1708" timestamp="2019-08-08T19:54:09.315" intervalms="42.977">
  <response-info timems="0.100" idlems="0.100" threads="0" lastid="0000000001F80F00" lastname="main" />
</exclusive-start>
<allocation-taxation id="1709" taxation-threshold="44040192" timestamp="2019-08-08T19:54:09.315" intervalms="42.971" />
<cycle-start id="1710" type="partial gc" contextid="0" timestamp="2019-08-08T19:54:09.315" intervalms="42.924" />
<gc-start id="1711" type="partial gc" contextid="1710" timestamp="2019-08-08T19:54:09.315">
  <mem-info id="1712" free="56623104" total="146800640" percent="38">
    <mem type="eden" free="2096360" total="46137344" percent="4" />
    <remembered-set count="55392" freebytes="5647232" totalbytes="5868800" percent="96" regionsoverflowed="0" regionsstable="5" regionsrebuilding="0"/>
  </mem-info>
</gc-start>
<allocation-stats totalBytes="43979448" >
  <allocated-bytes non-tlh="0" tlh="43979448" arrayletleaf="0"/>
  <largest-consumer threadName="main" threadId="0000000001F80F00" bytes="43979448" />
</allocation-stats>
<gc-op id="1713" type="copy forward" timems="18.210" contextid="1710" timestamp="2019-08-08T19:54:09.337">
  <memory-copied type="eden" objects="4" bytes="112" bytesdiscarded="0" />
  <memory-copied type="other" objects="15" bytes="840" bytesdiscarded="960" />
  <memory-cardclean objects="51" bytes="1896" />
  <regions eden="21" other="3" />
  <remembered-set-cleared processed="49671" cleared="18" durationms="0.437" />
  <stringconstants candidates="13791" cleared="0"  />
</gc-op>
<gc-op id="1714" type="classunload" timems="0.017" contextid="1710" timestamp="2019-08-08T19:54:09.337">
  <classunload-info classloadercandidates="54" classloadersunloaded="0" classesunloaded="0" anonymousclassesunloaded="0" quiescems="0.000" setupms="0.017" scanms="0.000" postms="0.000" />
</gc-op>
<gc-end id="1715" type="partial gc" contextid="1710" durationms="21.420" usertimems="62.000" systemtimems="0.000" timestamp="2019-08-08T19:54:09.337" activeThreads="16">
  <mem-info id="1716" free="102760448" total="146800640" percent="70">
    <mem type="eden" free="2097040" total="2097152" percent="99" />
    <remembered-set count="52416" freebytes="5659136" totalbytes="5868800" percent="96" regionsoverflowed="0" regionsstable="5" regionsrebuilding="0"/>
  </mem-info>
</gc-end>
<cycle-end id="1717" type="partial gc" contextid="1710" timestamp="2019-08-08T19:54:09.337" />
  <attribute name="elasticGC enabled" value="1" />
  <attribute name= "numThreadsSpecified" value="16" />
  <attribute name="heapSize specified" value="0" />
  <attribute name="Current GC Util" value="63" />
  <attribute name= "Current Time Running" value="90200" />
  <attribute name ="GC Interval" value="0" />
  <attribute name="Target GC Util Change" value ="80.000000" />
  <attribute name="Current GC Util Change" value="63.000000"/>
  <attribute name="Current Error" value="17.000000" />
  <attribute name="Output H" value="146876344"/>
  <attribute name="Output I" value="2040"/>
  <attribute name="Output T" value="16"/>
  <attribute name= "Current Time Running" value="90200" />
  <attribute name="GC Util currently" value="63" />
  <attribute name="CPU Util currently" value="485426722857" />
<exclusive-end id="1718" timestamp="2019-08-08T19:54:09.338" durationms="23.269" />

<exclusive-start id="1719" timestamp="2019-08-08T19:54:09.378" intervalms="63.171">
  <response-info timems="0.053" idlems="0.053" threads="0" lastid="0000000001F80F00" lastname="main" />
</exclusive-start>
<allocation-taxation id="1720" taxation-threshold="44040192" timestamp="2019-08-08T19:54:09.378" intervalms="63.270" />
<cycle-start id="1721" type="partial gc" contextid="0" timestamp="2019-08-08T19:54:09.378" intervalms="63.306" />
<gc-start id="1722" type="partial gc" contextid="1721" timestamp="2019-08-08T19:54:09.379">
  <mem-info id="1723" free="58720256" total="146800640" percent="40">
    <mem type="eden" free="2097040" total="46137344" percent="4" />
    <remembered-set count="52416" freebytes="5659136" totalbytes="5868800" percent="96" regionsoverflowed="0" regionsstable="5" regionsrebuilding="0"/>
  </mem-info>
</gc-start>
<allocation-stats totalBytes="43979448" >
  <allocated-bytes non-tlh="0" tlh="43979448" arrayletleaf="0"/>
  <largest-consumer threadName="main" threadId="0000000001F80F00" bytes="43979448" />
</allocation-stats>
<gc-op id="1724" type="copy forward" timems="7.155" contextid="1721" timestamp="2019-08-08T19:54:09.388">
  <memory-copied type="eden" objects="4" bytes="112" bytesdiscarded="0" />
  <memory-copied type="other" objects="7" bytes="160" bytesdiscarded="0" />
  <memory-cardclean objects="33" bytes="1192" />
  <regions eden="21" other="2" />
  <remembered-set-cleared processed="49670" cleared="13" durationms="0.407" />
  <stringconstants candidates="13791" cleared="0"  />
</gc-op>
<gc-op id="1725" type="classunload" timems="0.009" contextid="1721" timestamp="2019-08-08T19:54:09.388">
  <classunload-info classloadercandidates="54" classloadersunloaded="0" classesunloaded="0" anonymousclassesunloaded="0" quiescems="0.000" setupms="0.009" scanms="0.000" postms="0.000" />
</gc-op>
<heap-resize id="1726" type="contract" space="default" amount="8388608" count="1" timems="0.088" reason="excess free space following gc" timestamp="2019-08-08T19:54:09.388" />
<gc-end id="1727" type="partial gc" contextid="1721" durationms="9.743" usertimems="32.935" systemtimems="0.000" timestamp="2019-08-08T19:54:09.389" activeThreads="16">
  <mem-info id="1728" free="94371840" total="138412032" percent="68">
    <mem type="eden" free="2097040" total="2097152" percent="99" />
    <remembered-set count="52480" freebytes="5658880" totalbytes="5868800" percent="96" regionsoverflowed="0" regionsstable="5" regionsrebuilding="0"/>
  </mem-info>
</gc-end>
<cycle-end id="1729" type="partial gc" contextid="1721" timestamp="2019-08-08T19:54:09.389" />
  <attribute name="elasticGC enabled" value="1" />
  <attribute name= "numThreadsSpecified" value="16" />
  <attribute name="heapSize specified" value="0" />
  <attribute name="Current GC Util" value="184" />
  <attribute name= "Current Time Running" value="90263" />
  <attribute name ="GC Interval" value="0" />
  <attribute name="Target GC Util Change" value ="80.000000" />
  <attribute name="Current GC Util Change" value="184.000000"/>
  <attribute name="Current Error" value="-76.000000" />
  <attribute name="Output H" value="146876240"/>
  <attribute name="Output I" value="1880"/>
  <attribute name="Output T" value="16"/>
  <attribute name= "Current Time Running" value="90263" />
  <attribute name="GC Util currently" value="184" />
  <attribute name="CPU Util currently" value="588648408735" />
<exclusive-end id="1730" timestamp="2019-08-08T19:54:09.389" durationms="10.512" />

* Round 1 done in 14.111 seconds.
<exclusive-start id="1731" timestamp="2019-08-08T19:54:09.429" intervalms="51.116">
  <response-info timems="0.042" idlems="0.042" threads="0" lastid="0000000001F80F00" lastname="main" />
</exclusive-start>
<allocation-taxation id="1732" taxation-threshold="41943040" timestamp="2019-08-08T19:54:09.429" intervalms="51.009" />
<cycle-start id="1733" type="partial gc" contextid="0" timestamp="2019-08-08T19:54:09.429" intervalms="51.049" />
<gc-start id="1734" type="partial gc" contextid="1733" timestamp="2019-08-08T19:54:09.430">
  <mem-info id="1735" free="52428800" total="138412032" percent="37">
    <mem type="eden" free="2097040" total="44040192" percent="4" />
    <remembered-set count="52096" freebytes="5660416" totalbytes="5868800" percent="96" regionsoverflowed="0" regionsstable="5" regionsrebuilding="0"/>
  </mem-info>
</gc-start>
<allocation-stats totalBytes="41922944" >
  <allocated-bytes non-tlh="2800" tlh="41920144" arrayletleaf="0"/>
  <largest-consumer threadName="main" threadId="0000000001F80F00" bytes="41922944" />
</allocation-stats>
<gc-op id="1736" type="copy forward" timems="8.460" contextid="1733" timestamp="2019-08-08T19:54:09.440">
  <memory-copied type="eden" objects="246" bytes="8920" bytesdiscarded="2024" />
  <memory-copied type="other" objects="1" bytes="520" bytesdiscarded="0" />
  <memory-cardclean objects="8278" bytes="546816" />
  <regions eden="20" other="2" />
  <remembered-set-cleared processed="48865" cleared="926" durationms="0.528" />
  <references type="soft" candidates="4" cleared="0" enqueued="0" dynamicThreshold="21" maxThreshold="32" />
  <references type="weak" candidates="16" cleared="0" enqueued="0" />
  <stringconstants candidates="13816" cleared="0"  />
</gc-op>
<gc-op id="1737" type="classunload" timems="0.007" contextid="1733" timestamp="2019-08-08T19:54:09.440">
  <classunload-info classloadercandidates="54" classloadersunloaded="0" classesunloaded="0" anonymousclassesunloaded="0" quiescems="0.000" setupms="0.007" scanms="0.000" postms="0.000" />
</gc-op>
<heap-resize id="1738" type="contract" space="default" amount="8388608" count="1" timems="0.083" reason="excess free space following gc" timestamp="2019-08-08T19:54:09.440" />
<gc-end id="1739" type="partial gc" contextid="1733" durationms="10.023" usertimems="23.213" systemtimems="0.000" timestamp="2019-08-08T19:54:09.440" activeThreads="16">
  <mem-info id="1740" free="85983232" total="130023424" percent="66">
    <mem type="eden" free="2086192" total="2097152" percent="99" />
    <remembered-set count="55264" freebytes="5312384" totalbytes="5533440" percent="96" regionsoverflowed="0" regionsstable="5" regionsrebuilding="0"/>
  </mem-info>
</gc-end>
<cycle-end id="1741" type="partial gc" contextid="1733" timestamp="2019-08-08T19:54:09.440" />
  <attribute name="elasticGC enabled" value="1" />
  <attribute name= "numThreadsSpecified" value="16" />
  <attribute name="heapSize specified" value="0" />
  <attribute name="Current GC Util" value="88" />
  <attribute name= "Current Time Running" value="90313" />
  <attribute name ="GC Interval" value="0" />
  <attribute name="Target GC Util Change" value ="80.000000" />
  <attribute name="Current GC Util Change" value="88.000000"/>
  <attribute name="Current Error" value="-43.000000" />
  <attribute name="Output H" value="138487664"/>
  <attribute name="Output I" value="1936"/>
  <attribute name="Output T" value="16"/>
  <attribute name= "Current Time Running" value="90313" />
  <attribute name="GC Util currently" value="88" />
  <attribute name="CPU Util currently" value="1132235532154" />
<exclusive-end id="1742" timestamp="2019-08-08T19:54:09.440" durationms="10.649" />

<exclusive-start id="1743" timestamp="2019-08-08T19:54:09.688" intervalms="259.114">
  <response-info timems="0.033" idlems="0.033" threads="0" lastid="0000000001F80F00" lastname="main" />
</exclusive-start>
<allocation-taxation id="1744" taxation-threshold="39845888" timestamp="2019-08-08T19:54:09.688" intervalms="259.121" />
<cycle-start id="1745" type="partial gc" contextid="0" timestamp="2019-08-08T19:54:09.689" intervalms="259.031" />
<gc-start id="1746" type="partial gc" contextid="1745" timestamp="2019-08-08T19:54:09.689">
  <mem-info id="1747" free="46137344" total="130023424" percent="35">
    <mem type="eden" free="0" total="39845888" percent="0" />
    <remembered-set count="54976" freebytes="5313536" totalbytes="5533440" percent="96" regionsoverflowed="0" regionsstable="5" regionsrebuilding="0"/>
  </mem-info>
</gc-start>
<allocation-stats totalBytes="39802560" >
  <allocated-bytes non-tlh="0" tlh="39802560" arrayletleaf="0"/>
  <largest-consumer threadName="main" threadId="0000000001F80F00" bytes="39802560" />
</allocation-stats>
<gc-op id="1748" type="copy forward" timems="6.616" contextid="1745" timestamp="2019-08-08T19:54:09.696">
  <memory-copied type="eden" objects="68" bytes="2840" bytesdiscarded="952" />
  <memory-copied type="other" objects="65235" bytes="1601296" bytesdiscarded="98344" />
  <memory-cardclean objects="4262" bytes="389408" />
  <regions eden="19" other="4" />
  <remembered-set-cleared processed="48330" cleared="7407" durationms="0.423" />
  <references type="soft" candidates="4" cleared="0" enqueued="0" dynamicThreshold="21" maxThreshold="32" />
  <references type="weak" candidates="20" cleared="0" enqueued="0" />
  <stringconstants candidates="13816" cleared="0"  />
</gc-op>
<gc-op id="1749" type="classunload" timems="0.011" contextid="1745" timestamp="2019-08-08T19:54:09.696">
  <classunload-info classloadercandidates="54" classloadersunloaded="0" classesunloaded="0" anonymousclassesunloaded="0" quiescems="0.000" setupms="0.010" scanms="0.000" postms="0.000" />
</gc-op>
<heap-resize id="1750" type="contract" space="default" amount="8388608" count="1" timems="0.078" reason="excess free space following gc" timestamp="2019-08-08T19:54:09.697" />
<gc-end id="1751" type="partial gc" contextid="1745" durationms="7.968" usertimems="21.119" systemtimems="0.000" timestamp="2019-08-08T19:54:09.697" activeThreads="8">
  <mem-info id="1752" free="79691776" total="121634816" percent="65">
    <mem type="eden" free="2093360" total="2097152" percent="99" />
    <remembered-set count="48320" freebytes="5004800" totalbytes="5198080" percent="96" regionsoverflowed="0" regionsstable="5" regionsrebuilding="0"/>
  </mem-info>
</gc-end>
<cycle-end id="1753" type="partial gc" contextid="1745" timestamp="2019-08-08T19:54:09.697" />
  <attribute name="elasticGC enabled" value="1" />
  <attribute name= "numThreadsSpecified" value="8" />
  <attribute name="heapSize specified" value="0" />
  <attribute name="Current GC Util" value="99" />
  <attribute name= "Current Time Running" value="90571" />
  <attribute name ="GC Interval" value="0" />
  <attribute name="Target GC Util Change" value ="80.000000" />
  <attribute name="Current GC Util Change" value="99.000000"/>
  <attribute name="Current Error" value="-19.000000" />
  <attribute name="Output H" value="130099088"/>
  <attribute name="Output I" value="1976"/>
  <attribute name="Output T" value="8"/>
  <attribute name= "Current Time Running" value="90571" />
  <attribute name="GC Util currently" value="99" />
  <attribute name="CPU Util currently" value="1365053522716" />
<exclusive-end id="1754" timestamp="2019-08-08T19:54:09.697" durationms="8.476" />

<exclusive-start id="1755" timestamp="2019-08-08T19:54:09.711" intervalms="22.073">
  <response-info timems="0.016" idlems="0.016" threads="0" lastid="0000000001F80F00" lastname="main" />
</exclusive-start>
<allocation-taxation id="1756" taxation-threshold="37748736" timestamp="2019-08-08T19:54:09.711" intervalms="22.071" />
<cycle-start id="1757" type="partial gc" contextid="0" timestamp="2019-08-08T19:54:09.711" intervalms="22.129" />
<gc-start id="1758" type="partial gc" contextid="1757" timestamp="2019-08-08T19:54:09.711">
  <mem-info id="1759" free="41943040" total="121634816" percent="34">
    <mem type="eden" free="0" total="37748736" percent="0" />
    <remembered-set count="46720" freebytes="5011200" totalbytes="5198080" percent="96" regionsoverflowed="0" regionsstable="6" regionsrebuilding="0"/>
  </mem-info>
</gc-start>
<allocation-stats totalBytes="37606800" >
  <allocated-bytes non-tlh="0" tlh="37606800" arrayletleaf="0"/>
  <largest-consumer threadName="main" threadId="0000000001F80F00" bytes="37606800" />
</allocation-stats>
<gc-op id="1760" type="copy forward" timems="11.774" contextid="1757" timestamp="2019-08-08T19:54:09.724">
  <memory-copied type="eden" objects="1" bytes="32" bytesdiscarded="0" />
  <memory-copied type="other" objects="88" bytes="3416" bytesdiscarded="1232" />
  <memory-cardclean objects="84" bytes="11240" />
  <regions eden="18" other="2" />
  <remembered-set-cleared processed="43508" cleared="30" durationms="0.356" />
  <references type="weak" candidates="14" cleared="0" enqueued="0" />
  <stringconstants candidates="13816" cleared="0"  />
</gc-op>
<gc-op id="1761" type="classunload" timems="0.008" contextid="1757" timestamp="2019-08-08T19:54:09.724">
  <classunload-info classloadercandidates="54" classloadersunloaded="0" classesunloaded="0" anonymousclassesunloaded="0" quiescems="0.000" setupms="0.007" scanms="0.000" postms="0.000" />
</gc-op>
<heap-resize id="1762" type="contract" space="default" amount="6291456" count="1" timems="0.080" reason="excess free space following gc" timestamp="2019-08-08T19:54:09.725" />
<gc-end id="1763" type="partial gc" contextid="1757" durationms="13.770" usertimems="29.758" systemtimems="0.000" timestamp="2019-08-08T19:54:09.725" activeThreads="16">
  <mem-info id="1764" free="71303168" total="115343360" percent="61">
    <mem type="eden" free="2097120" total="2097152" percent="99" />
    <remembered-set count="45984" freebytes="4678784" totalbytes="4862720" percent="96" regionsoverflowed="0" regionsstable="6" regionsrebuilding="0"/>
  </mem-info>
</gc-end>
<cycle-end id="1765" type="partial gc" contextid="1757" timestamp="2019-08-08T19:54:09.725" />
  <attribute name="elasticGC enabled" value="1" />
  <attribute name= "numThreadsSpecified" value="16" />
  <attribute name="heapSize specified" value="0" />
  <attribute name="Current GC Util" value="104" />
  <attribute name= "Current Time Running" value="90594" />
  <attribute name ="GC Interval" value="0" />
  <attribute name="Target GC Util Change" value ="80.000000" />
  <attribute name="Current GC Util Change" value="104.000000"/>
  <attribute name="Current Error" value="-57.000000" />
  <attribute name="Output H" value="121710432"/>
  <attribute name="Output I" value="1912"/>
  <attribute name="Output T" value="16"/>
  <attribute name= "Current Time Running" value="90594" />
  <attribute name="GC Util currently" value="104" />
  <attribute name="CPU Util currently" value="770730228081" />
<exclusive-end id="1766" timestamp="2019-08-08T19:54:09.725" durationms="14.454" />

<exclusive-start id="1767" timestamp="2019-08-08T19:54:09.737" intervalms="26.071">
  <response-info timems="0.014" idlems="0.014" threads="0" lastid="0000000001F80F00" lastname="main" />
</exclusive-start>
<allocation-taxation id="1768" taxation-threshold="35651584" timestamp="2019-08-08T19:54:09.737" intervalms="26.073" />
<cycle-start id="1769" type="partial gc" contextid="0" timestamp="2019-08-08T19:54:09.737" intervalms="26.082" />
<gc-start id="1770" type="partial gc" contextid="1769" timestamp="2019-08-08T19:54:09.737">
  <mem-info id="1771" free="35651584" total="115343360" percent="30">
    <mem type="eden" free="2097120" total="37748736" percent="5" />
    <remembered-set count="45632" freebytes="4680192" totalbytes="4862720" percent="96" regionsoverflowed="0" regionsstable="6" regionsrebuilding="0"/>
  </mem-info>
</gc-start>
<allocation-stats totalBytes="35528248" >
  <allocated-bytes non-tlh="0" tlh="35528248" arrayletleaf="0"/>
  <largest-consumer threadName="main" threadId="0000000001F80F00" bytes="35528248" />
</allocation-stats>
<gc-op id="1772" type="copy forward" timems="6.773" contextid="1769" timestamp="2019-08-08T19:54:09.745">
  <memory-copied type="eden" objects="2" bytes="56" bytesdiscarded="0" />
  <memory-copied type="other" objects="48" bytes="1408" bytesdiscarded="464" />
  <memory-cardclean objects="2185" bytes="81824" />
  <regions eden="17" other="2" />
  <remembered-set-cleared processed="43152" cleared="569" durationms="0.463" />
  <references type="weak" candidates="34" cleared="0" enqueued="0" />
  <stringconstants candidates="13816" cleared="0"  />
</gc-op>
<gc-op id="1773" type="classunload" timems="0.008" contextid="1769" timestamp="2019-08-08T19:54:09.745">
  <classunload-info classloadercandidates="54" classloadersunloaded="0" classesunloaded="0" anonymousclassesunloaded="0" quiescems="0.000" setupms="0.008" scanms="0.000" postms="0.000" />
</gc-op>
<heap-resize id="1774" type="contract" space="default" amount="2097152" count="1" timems="0.064" reason="excess free space following gc" timestamp="2019-08-08T19:54:09.745" />
<gc-end id="1775" type="partial gc" contextid="1769" durationms="8.510" usertimems="20.390" systemtimems="0.000" timestamp="2019-08-08T19:54:09.746" activeThreads="16">
  <mem-info id="1776" free="69206016" total="113246208" percent="61">
    <mem type="eden" free="2097096" total="2097152" percent="99" />
    <remembered-set count="45984" freebytes="4427264" totalbytes="4611200" percent="96" regionsoverflowed="0" regionsstable="6" regionsrebuilding="0"/>
  </mem-info>
</gc-end>
<cycle-end id="1777" type="partial gc" contextid="1769" timestamp="2019-08-08T19:54:09.746" />
  <attribute name="elasticGC enabled" value="1" />
  <attribute name= "numThreadsSpecified" value="16" />
  <attribute name="heapSize specified" value="0" />
  <attribute name="Current GC Util" value="112" />
  <attribute name= "Current Time Running" value="90620" />
  <attribute name ="GC Interval" value="0" />
  <attribute name="Target GC Util Change" value ="80.000000" />
  <attribute name="Current GC Util Change" value="112.000000"/>
  <attribute name="Current Error" value="-124.000000" />
  <attribute name="Output H" value="115418904"/>
  <attribute name="Output I" value="1792"/>
  <attribute name="Output T" value="16"/>
  <attribute name= "Current Time Running" value="90620" />
  <attribute name="GC Util currently" value="112" />
  <attribute name="CPU Util currently" value="953387879039" />
<exclusive-end id="1778" timestamp="2019-08-08T19:54:09.746" durationms="9.155" />

<exclusive-start id="1779" timestamp="2019-08-08T19:54:09.757" intervalms="20.689">
  <response-info timems="0.018" idlems="0.018" threads="0" lastid="0000000001F80F00" lastname="main" />
</exclusive-start>
<allocation-taxation id="1780" taxation-threshold="35651584" timestamp="2019-08-08T19:54:09.757" intervalms="20.694" />
<cycle-start id="1781" type="partial gc" contextid="0" timestamp="2019-08-08T19:54:09.757" intervalms="20.694" />
<gc-start id="1782" type="partial gc" contextid="1781" timestamp="2019-08-08T19:54:09.758">
  <mem-info id="1783" free="33554432" total="113246208" percent="29">
    <mem type="eden" free="2097096" total="37748736" percent="5" />
    <remembered-set count="45568" freebytes="4428928" totalbytes="4611200" percent="96" regionsoverflowed="0" regionsstable="6" regionsrebuilding="0"/>
  </mem-info>
</gc-start>
<allocation-stats totalBytes="35531176" >
  <allocated-bytes non-tlh="0" tlh="35531176" arrayletleaf="0"/>
  <largest-consumer threadName="main" threadId="0000000001F80F00" bytes="35531176" />
</allocation-stats>
<gc-op id="1784" type="copy forward" timems="9.614" contextid="1781" timestamp="2019-08-08T19:54:09.769">
  <memory-copied type="eden" objects="2" bytes="56" bytesdiscarded="0" />
  <memory-copied type="other" objects="946" bytes="46808" bytesdiscarded="3648" />
  <memory-cardclean objects="118" bytes="16392" />
  <regions eden="17" other="2" />
  <remembered-set-cleared processed="42754" cleared="51" durationms="0.344" />
  <references type="soft" candidates="9" cleared="0" enqueued="0" dynamicThreshold="19" maxThreshold="32" />
  <references type="weak" candidates="52" cleared="0" enqueued="0" />
  <stringconstants candidates="13816" cleared="0"  />
</gc-op>
<gc-op id="1785" type="classunload" timems="0.008" contextid="1781" timestamp="2019-08-08T19:54:09.769">
  <classunload-info classloadercandidates="54" classloadersunloaded="0" classesunloaded="0" anonymousclassesunloaded="0" quiescems="0.000" setupms="0.008" scanms="0.000" postms="0.000" />
</gc-op>
<gc-end id="1786" type="partial gc" contextid="1781" durationms="10.959" usertimems="27.111" systemtimems="0.000" timestamp="2019-08-08T19:54:09.769" activeThreads="16">
  <mem-info id="1787" free="69206016" total="113246208" percent="61">
    <mem type="eden" free="2097096" total="2097152" percent="99" />
    <remembered-set count="46912" freebytes="4339712" totalbytes="4527360" percent="95" regionsoverflowed="0" regionsstable="6" regionsrebuilding="0"/>
  </mem-info>
</gc-end>
<cycle-end id="1788" type="partial gc" contextid="1781" timestamp="2019-08-08T19:54:09.769" />
  <attribute name="elasticGC enabled" value="1" />
  <attribute name= "numThreadsSpecified" value="16" />
  <attribute name="heapSize specified" value="0" />
  <attribute name="Current GC Util" value="89" />
  <attribute name= "Current Time Running" value="90641" />
  <attribute name ="GC Interval" value="0" />
  <attribute name="Target GC Util Change" value ="80.000000" />
  <attribute name="Current GC Util Change" value="89.000000"/>
  <attribute name="Current Error" value="-9.000000" />
  <attribute name="Output H" value="113321880"/>
  <attribute name="Output I" value="1992"/>
  <attribute name="Output T" value="16"/>
  <attribute name= "Current Time Running" value="90641" />
  <attribute name="GC Util currently" value="89" />
  <attribute name="CPU Util currently" value="1288590752130" />
<exclusive-end id="1789" timestamp="2019-08-08T19:54:09.769" durationms="11.676" />

<exclusive-start id="1790" timestamp="2019-08-08T19:54:09.780" intervalms="23.165">
  <response-info timems="0.016" idlems="0.016" threads="0" lastid="0000000001F80F00" lastname="main" />
</exclusive-start>
<allocation-taxation id="1791" taxation-threshold="35651584" timestamp="2019-08-08T19:54:09.780" intervalms="23.160" />
<cycle-start id="1792" type="partial gc" contextid="0" timestamp="2019-08-08T19:54:09.781" intervalms="23.118" />
<gc-start id="1793" type="partial gc" contextid="1792" timestamp="2019-08-08T19:54:09.781">
  <mem-info id="1794" free="33554432" total="113246208" percent="29">
    <mem type="eden" free="2097096" total="37748736" percent="5" />
    <remembered-set count="46912" freebytes="4339712" totalbytes="4527360" percent="95" regionsoverflowed="0" regionsstable="6" regionsrebuilding="0"/>
  </mem-info>
</gc-start>
<allocation-stats totalBytes="35531176" >
  <allocated-bytes non-tlh="0" tlh="35531176" arrayletleaf="0"/>
  <largest-consumer threadName="main" threadId="0000000001F80F00" bytes="35531176" />
</allocation-stats>
<gc-op id="1795" type="copy forward" timems="8.631" contextid="1792" timestamp="2019-08-08T19:54:09.791">
  <memory-copied type="eden" objects="2" bytes="56" bytesdiscarded="0" />
  <memory-copied type="other" objects="0" bytes="0" bytesdiscarded="0" />
  <memory-cardclean objects="14" bytes="448" />
  <regions eden="17" other="1" />
  <remembered-set-cleared processed="42768" cleared="2" durationms="0.660" />
  <stringconstants candidates="13816" cleared="0"  />
</gc-op>
<gc-op id="1796" type="classunload" timems="0.009" contextid="1792" timestamp="2019-08-08T19:54:09.791">
  <classunload-info classloadercandidates="54" classloadersunloaded="0" classesunloaded="0" anonymousclassesunloaded="0" quiescems="0.000" setupms="0.009" scanms="0.000" postms="0.000" />
</gc-op>
<gc-end id="1797" type="partial gc" contextid="1792" durationms="10.365" usertimems="25.555" systemtimems="0.000" timestamp="2019-08-08T19:54:09.791" activeThreads="16">
  <mem-info id="1798" free="69206016" total="113246208" percent="61">
    <mem type="eden" free="2097096" total="2097152" percent="99" />
    <remembered-set count="44800" freebytes="4348160" totalbytes="4527360" percent="96" regionsoverflowed="0" regionsstable="6" regionsrebuilding="0"/>
  </mem-info>
</gc-end>
<cycle-end id="1799" type="partial gc" contextid="1792" timestamp="2019-08-08T19:54:09.791" />
  <attribute name="elasticGC enabled" value="1" />
  <attribute name= "numThreadsSpecified" value="16" />
  <attribute name="heapSize specified" value="0" />
  <attribute name="Current GC Util" value="68" />
  <attribute name= "Current Time Running" value="90664" />
  <attribute name ="GC Interval" value="0" />
  <attribute name="Target GC Util Change" value ="80.000000" />
  <attribute name="Current GC Util Change" value="68.000000"/>
  <attribute name="Current Error" value="-37.000000" />
  <attribute name="Output H" value="113321848"/>
  <attribute name="Output I" value="1944"/>
  <attribute name="Output T" value="16"/>
  <attribute name= "Current Time Running" value="90664" />
  <attribute name="GC Util currently" value="68" />
  <attribute name="CPU Util currently" value="896213627851" />
<exclusive-end id="1800" timestamp="2019-08-08T19:54:09.792" durationms="11.139" />

<exclusive-start id="1801" timestamp="2019-08-08T19:54:09.805" intervalms="24.934">
  <response-info timems="0.020" idlems="0.020" threads="0" lastid="0000000001F80F00" lastname="main" />
</exclusive-start>
<allocation-taxation id="1802" taxation-threshold="35651584" timestamp="2019-08-08T19:54:09.805" intervalms="24.946" />
<cycle-start id="1803" type="partial gc" contextid="0" timestamp="2019-08-08T19:54:09.806" intervalms="24.990" />
<gc-start id="1804" type="partial gc" contextid="1803" timestamp="2019-08-08T19:54:09.806">
  <mem-info id="1805" free="33554432" total="113246208" percent="29">
    <mem type="eden" free="2097096" total="37748736" percent="5" />
    <remembered-set count="44320" freebytes="4350080" totalbytes="4527360" percent="96" regionsoverflowed="0" regionsstable="6" regionsrebuilding="0"/>
  </mem-info>
</gc-start>
<allocation-stats totalBytes="35531152" >
  <allocated-bytes non-tlh="0" tlh="35531152" arrayletleaf="0"/>
  <largest-consumer threadName="main" threadId="0000000001F80F00" bytes="35531152" />
</allocation-stats>
<gc-op id="1806" type="copy forward" timems="7.226" contextid="1803" timestamp="2019-08-08T19:54:09.815">
  <memory-copied type="eden" objects="2" bytes="56" bytesdiscarded="0" />
  <memory-copied type="other" objects="0" bytes="0" bytesdiscarded="0" />
  <memory-cardclean objects="14" bytes="448" />
  <regions eden="17" other="1" />
  <remembered-set-cleared processed="42768" cleared="2" durationms="0.513" />
  <stringconstants candidates="13816" cleared="0"  />
</gc-op>
<gc-op id="1807" type="classunload" timems="0.008" contextid="1803" timestamp="2019-08-08T19:54:09.815">
  <classunload-info classloadercandidates="54" classloadersunloaded="0" classesunloaded="0" anonymousclassesunloaded="0" quiescems="0.000" setupms="0.008" scanms="0.000" postms="0.000" />
</gc-op>
<gc-end id="1808" type="partial gc" contextid="1803" durationms="8.944" usertimems="23.485" systemtimems="0.000" timestamp="2019-08-08T19:54:09.815" activeThreads="16">
  <mem-info id="1809" free="69206016" total="113246208" percent="61">
    <mem type="eden" free="2097096" total="2097152" percent="99" />
    <remembered-set count="44800" freebytes="4348160" totalbytes="4527360" percent="96" regionsoverflowed="0" regionsstable="6" regionsrebuilding="0"/>
  </mem-info>
</gc-end>
<cycle-end id="1810" type="partial gc" contextid="1803" timestamp="2019-08-08T19:54:09.815" />
  <attribute name="elasticGC enabled" value="1" />
  <attribute name= "numThreadsSpecified" value="16" />
  <attribute name="heapSize specified" value="0" />
  <attribute name="Current GC Util" value="341" />
  <attribute name= "Current Time Running" value="90689" />
  <attribute name ="GC Interval" value="0" />
  <attribute name="Target GC Util Change" value ="80.000000" />
  <attribute name="Current GC Util Change" value="341.000000"/>
  <attribute name="Current Error" value="-319.000000" />
  <attribute name="Output H" value="113321520"/>
  <attribute name="Output I" value="1440"/>
  <attribute name="Output T" value="16"/>
  <attribute name= "Current Time Running" value="90689" />
  <attribute name="GC Util currently" value="341" />
  <attribute name="CPU Util currently" value="892443879322" />
<exclusive-end id="1811" timestamp="2019-08-08T19:54:09.815" durationms="9.561" />

<exclusive-start id="1812" timestamp="2019-08-08T19:54:09.827" intervalms="21.632">
  <response-info timems="0.013" idlems="0.013" threads="0" lastid="0000000001F80F00" lastname="main" />
</exclusive-start>
<allocation-taxation id="1813" taxation-threshold="35651584" timestamp="2019-08-08T19:54:09.827" intervalms="21.618" />
<cycle-start id="1814" type="partial gc" contextid="0" timestamp="2019-08-08T19:54:09.827" intervalms="21.605" />
<gc-start id="1815" type="partial gc" contextid="1814" timestamp="2019-08-08T19:54:09.827">
  <mem-info id="1816" free="33554432" total="113246208" percent="29">
    <mem type="eden" free="2097096" total="37748736" percent="5" />
    <remembered-set count="44320" freebytes="4350080" totalbytes="4527360" percent="96" regionsoverflowed="0" regionsstable="6" regionsrebuilding="0"/>
  </mem-info>
</gc-start>
<allocation-stats totalBytes="35531176" >
  <allocated-bytes non-tlh="0" tlh="35531176" arrayletleaf="0"/>
  <largest-consumer threadName="main" threadId="0000000001F80F00" bytes="35531176" />
</allocation-stats>
<gc-op id="1817" type="copy forward" timems="10.153" contextid="1814" timestamp="2019-08-08T19:54:09.839">
  <memory-copied type="eden" objects="2" bytes="56" bytesdiscarded="0" />
  <memory-copied type="other" objects="0" bytes="0" bytesdiscarded="0" />
  <memory-cardclean objects="14" bytes="448" />
  <regions eden="17" other="1" />
  <remembered-set-cleared processed="42768" cleared="2" durationms="0.362" />
  <stringconstants candidates="13816" cleared="0"  />
</gc-op>
<gc-op id="1818" type="classunload" timems="0.008" contextid="1814" timestamp="2019-08-08T19:54:09.839">
  <classunload-info classloadercandidates="54" classloadersunloaded="0" classesunloaded="0" anonymousclassesunloaded="0" quiescems="0.000" setupms="0.008" scanms="0.000" postms="0.000" />
</gc-op>
<gc-end id="1819" type="partial gc" contextid="1814" durationms="11.606" usertimems="23.418" systemtimems="0.000" timestamp="2019-08-08T19:54:09.839" activeThreads="16">
  <mem-info id="1820" free="69206016" total="113246208" percent="61">
    <mem type="eden" free="2097096" total="2097152" percent="99" />
    <remembered-set count="44800" freebytes="4348160" totalbytes="4527360" percent="96" regionsoverflowed="0" regionsstable="6" regionsrebuilding="0"/>
  </mem-info>
</gc-end>
<cycle-end id="1821" type="partial gc" contextid="1814" timestamp="2019-08-08T19:54:09.839" />
  <attribute name="elasticGC enabled" value="1" />
  <attribute name= "numThreadsSpecified" value="16" />
  <attribute name="heapSize specified" value="0" />
  <attribute name="Current GC Util" value="227" />
  <attribute name= "Current Time Running" value="90710" />
  <attribute name ="GC Interval" value="0" />
  <attribute name="Target GC Util Change" value ="80.000000" />
  <attribute name="Current GC Util Change" value="227.000000"/>
  <attribute name="Current Error" value="-147.000000" />
  <attribute name="Output H" value="113321720"/>
  <attribute name="Output I" value="1752"/>
  <attribute name="Output T" value="16"/>
  <attribute name= "Current Time Running" value="90710" />
  <attribute name="GC Util currently" value="227" />
  <attribute name="CPU Util currently" value="1133132449153" />
<exclusive-end id="1822" timestamp="2019-08-08T19:54:09.839" durationms="12.231" />

<exclusive-start id="1823" timestamp="2019-08-08T19:54:09.852" intervalms="24.498">
  <response-info timems="0.016" idlems="0.016" threads="0" lastid="0000000001F80F00" lastname="main" />
</exclusive-start>
<allocation-taxation id="1824" taxation-threshold="35651584" timestamp="2019-08-08T19:54:09.852" intervalms="24.501" />
<cycle-start id="1825" type="partial gc" contextid="0" timestamp="2019-08-08T19:54:09.852" intervalms="24.503" />
<gc-start id="1826" type="partial gc" contextid="1825" timestamp="2019-08-08T19:54:09.852">
  <mem-info id="1827" free="33554432" total="113246208" percent="29">
    <mem type="eden" free="2097096" total="37748736" percent="5" />
    <remembered-set count="44320" freebytes="4350080" totalbytes="4527360" percent="96" regionsoverflowed="0" regionsstable="6" regionsrebuilding="0"/>
  </mem-info>
</gc-start>
<allocation-stats totalBytes="35531152" >
  <allocated-bytes non-tlh="0" tlh="35531152" arrayletleaf="0"/>
  <largest-consumer threadName="main" threadId="0000000001F80F00" bytes="35531152" />
</allocation-stats>
<gc-op id="1828" type="copy forward" timems="7.901" contextid="1825" timestamp="2019-08-08T19:54:09.861">
  <memory-copied type="eden" objects="2" bytes="56" bytesdiscarded="0" />
  <memory-copied type="other" objects="0" bytes="0" bytesdiscarded="0" />
  <memory-cardclean objects="14" bytes="448" />
  <regions eden="17" other="1" />
  <remembered-set-cleared processed="42768" cleared="2" durationms="0.459" />
  <stringconstants candidates="13816" cleared="0"  />
</gc-op>
<gc-op id="1829" type="classunload" timems="0.007" contextid="1825" timestamp="2019-08-08T19:54:09.861">
  <classunload-info classloadercandidates="54" classloadersunloaded="0" classesunloaded="0" anonymousclassesunloaded="0" quiescems="0.000" setupms="0.007" scanms="0.000" postms="0.000" />
</gc-op>
<gc-end id="1830" type="partial gc" contextid="1825" durationms="9.149" usertimems="22.177" systemtimems="0.000" timestamp="2019-08-08T19:54:09.861" activeThreads="16">
  <mem-info id="1831" free="69206016" total="113246208" percent="61">
    <mem type="eden" free="2097096" total="2097152" percent="99" />
    <remembered-set count="44800" freebytes="4348160" totalbytes="4527360" percent="96" regionsoverflowed="0" regionsstable="6" regionsrebuilding="0"/>
  </mem-info>
</gc-end>
<cycle-end id="1832" type="partial gc" contextid="1825" timestamp="2019-08-08T19:54:09.861" />
  <attribute name="elasticGC enabled" value="1" />
  <attribute name= "numThreadsSpecified" value="16" />
  <attribute name="heapSize specified" value="0" />
  <attribute name="Current GC Util" value="226" />
  <attribute name= "Current Time Running" value="90735" />
  <attribute name ="GC Interval" value="0" />
  <attribute name="Target GC Util Change" value ="80.000000" />
  <attribute name="Current GC Util Change" value="226.000000"/>
  <attribute name="Current Error" value="-303.000000" />
  <attribute name="Output H" value="113321544"/>
  <attribute name="Output I" value="1472"/>
  <attribute name="Output T" value="16"/>
  <attribute name= "Current Time Running" value="90735" />
  <attribute name="GC Util currently" value="226" />
  <attribute name="CPU Util currently" value="1347875489091" />
<exclusive-end id="1833" timestamp="2019-08-08T19:54:09.861" durationms="9.766" />

<exclusive-start id="1834" timestamp="2019-08-08T19:54:09.873" intervalms="21.393">
  <response-info timems="0.017" idlems="0.017" threads="0" lastid="0000000001F80F00" lastname="main" />
</exclusive-start>
<allocation-taxation id="1835" taxation-threshold="35651584" timestamp="2019-08-08T19:54:09.873" intervalms="21.396" />
<cycle-start id="1836" type="partial gc" contextid="0" timestamp="2019-08-08T19:54:09.873" intervalms="21.400" />
<gc-start id="1837" type="partial gc" contextid="1836" timestamp="2019-08-08T19:54:09.873">
  <mem-info id="1838" free="33554432" total="113246208" percent="29">
    <mem type="eden" free="2097096" total="37748736" percent="5" />
    <remembered-set count="44320" freebytes="4350080" totalbytes="4527360" percent="96" regionsoverflowed="0" regionsstable="6" regionsrebuilding="0"/>
  </mem-info>
</gc-start>
<allocation-stats totalBytes="35531176" >
  <allocated-bytes non-tlh="0" tlh="35531176" arrayletleaf="0"/>
  <largest-consumer threadName="main" threadId="0000000001F80F00" bytes="35531176" />
</allocation-stats>
<gc-op id="1839" type="copy forward" timems="12.120" contextid="1836" timestamp="2019-08-08T19:54:09.887">
  <memory-copied type="eden" objects="2" bytes="56" bytesdiscarded="0" />
  <memory-copied type="other" objects="0" bytes="0" bytesdiscarded="0" />
  <memory-cardclean objects="14" bytes="448" />
  <regions eden="17" other="1" />
  <remembered-set-cleared processed="42768" cleared="2" durationms="0.428" />
  <stringconstants candidates="13816" cleared="0"  />
</gc-op>
<gc-op id="1840" type="classunload" timems="0.009" contextid="1836" timestamp="2019-08-08T19:54:09.887">
  <classunload-info classloadercandidates="54" classloadersunloaded="0" classesunloaded="0" anonymousclassesunloaded="0" quiescems="0.000" setupms="0.009" scanms="0.000" postms="0.000" />
</gc-op>
<gc-end id="1841" type="partial gc" contextid="1836" durationms="13.513" usertimems="25.010" systemtimems="0.000" timestamp="2019-08-08T19:54:09.887" activeThreads="16">
  <mem-info id="1842" free="69206016" total="113246208" percent="61">
    <mem type="eden" free="2097096" total="2097152" percent="99" />
    <remembered-set count="44800" freebytes="4348160" totalbytes="4527360" percent="96" regionsoverflowed="0" regionsstable="6" regionsrebuilding="0"/>
  </mem-info>
</gc-end>
<cycle-end id="1843" type="partial gc" contextid="1836" timestamp="2019-08-08T19:54:09.887" />
  <attribute name="elasticGC enabled" value="1" />
  <attribute name= "numThreadsSpecified" value="16" />
  <attribute name="heapSize specified" value="0" />
  <attribute name="Current GC Util" value="119" />
  <attribute name= "Current Time Running" value="90756" />
  <attribute name ="GC Interval" value="0" />
  <attribute name="Target GC Util Change" value ="80.000000" />
  <attribute name="Current GC Util Change" value="119.000000"/>
  <attribute name="Current Error" value="-361.000000" />
  <attribute name="Output H" value="113321472"/>
  <attribute name="Output I" value="1368"/>
  <attribute name="Output T" value="16"/>
  <attribute name= "Current Time Running" value="90756" />
  <attribute name="GC Util currently" value="119" />
  <attribute name="CPU Util currently" value="1245546542606" />
<exclusive-end id="1844" timestamp="2019-08-08T19:54:09.887" durationms="14.091" />

<exclusive-start id="1845" timestamp="2019-08-08T19:54:09.899" intervalms="25.754">
  <response-info timems="0.013" idlems="0.013" threads="0" lastid="0000000001F80F00" lastname="main" />
</exclusive-start>
<allocation-taxation id="1846" taxation-threshold="35651584" timestamp="2019-08-08T19:54:09.899" intervalms="25.746" />
<cycle-start id="1847" type="partial gc" contextid="0" timestamp="2019-08-08T19:54:09.899" intervalms="25.744" />
<gc-start id="1848" type="partial gc" contextid="1847" timestamp="2019-08-08T19:54:09.899">
  <mem-info id="1849" free="33554432" total="113246208" percent="29">
    <mem type="eden" free="2097096" total="37748736" percent="5" />
    <remembered-set count="44320" freebytes="4350080" totalbytes="4527360" percent="96" regionsoverflowed="0" regionsstable="6" regionsrebuilding="0"/>
  </mem-info>
</gc-start>
<allocation-stats totalBytes="35531152" >
  <allocated-bytes non-tlh="0" tlh="35531152" arrayletleaf="0"/>
  <largest-consumer threadName="main" threadId="0000000001F80F00" bytes="35531152" />
</allocation-stats>
<gc-op id="1850" type="copy forward" timems="7.697" contextid="1847" timestamp="2019-08-08T19:54:09.908">
  <memory-copied type="eden" objects="2" bytes="56" bytesdiscarded="0" />
  <memory-copied type="other" objects="0" bytes="0" bytesdiscarded="0" />
  <memory-cardclean objects="14" bytes="448" />
  <regions eden="17" other="1" />
  <remembered-set-cleared processed="42768" cleared="2" durationms="0.458" />
  <stringconstants candidates="13816" cleared="0"  />
</gc-op>
<gc-op id="1851" type="classunload" timems="0.008" contextid="1847" timestamp="2019-08-08T19:54:09.908">
  <classunload-info classloadercandidates="54" classloadersunloaded="0" classesunloaded="0" anonymousclassesunloaded="0" quiescems="0.000" setupms="0.008" scanms="0.000" postms="0.000" />
</gc-op>
<gc-end id="1852" type="partial gc" contextid="1847" durationms="9.116" usertimems="21.244" systemtimems="0.000" timestamp="2019-08-08T19:54:09.908" activeThreads="16">
  <mem-info id="1853" free="69206016" total="113246208" percent="61">
    <mem type="eden" free="2097096" total="2097152" percent="99" />
    <remembered-set count="44800" freebytes="4348160" totalbytes="4527360" percent="96" regionsoverflowed="0" regionsstable="6" regionsrebuilding="0"/>
  </mem-info>
</gc-end>
<cycle-end id="1854" type="partial gc" contextid="1847" timestamp="2019-08-08T19:54:09.908" />
  <attribute name="elasticGC enabled" value="1" />
  <attribute name= "numThreadsSpecified" value="16" />
  <attribute name="heapSize specified" value="0" />
  <attribute name="Current GC Util" value="225" />
  <attribute name= "Current Time Running" value="90782" />
  <attribute name ="GC Interval" value="0" />
  <attribute name="Target GC Util Change" value ="80.000000" />
  <attribute name="Current GC Util Change" value="225.000000"/>
  <attribute name="Current Error" value="-145.000000" />
  <attribute name="Output H" value="113321728"/>
  <attribute name="Output I" value="1752"/>
  <attribute name="Output T" value="16"/>
  <attribute name= "Current Time Running" value="90782" />
  <attribute name="GC Util currently" value="225" />
  <attribute name="CPU Util currently" value="1166504249281" />
<exclusive-end id="1855" timestamp="2019-08-08T19:54:09.908" durationms="9.698" />

<exclusive-start id="1856" timestamp="2019-08-08T19:54:09.920" intervalms="20.959">
  <response-info timems="0.013" idlems="0.013" threads="0" lastid="0000000001F80F00" lastname="main" />
</exclusive-start>
<allocation-taxation id="1857" taxation-threshold="35651584" timestamp="2019-08-08T19:54:09.920" intervalms="20.962" />
<cycle-start id="1858" type="partial gc" contextid="0" timestamp="2019-08-08T19:54:09.920" intervalms="20.925" />
<gc-start id="1859" type="partial gc" contextid="1858" timestamp="2019-08-08T19:54:09.920">
  <mem-info id="1860" free="33554432" total="113246208" percent="29">
    <mem type="eden" free="2097096" total="37748736" percent="5" />
    <remembered-set count="44800" freebytes="4348160" totalbytes="4527360" percent="96" regionsoverflowed="0" regionsstable="6" regionsrebuilding="0"/>
  </mem-info>
</gc-start>
<allocation-stats totalBytes="35531176" >
  <allocated-bytes non-tlh="0" tlh="35531176" arrayletleaf="0"/>
  <largest-consumer threadName="main" threadId="0000000001F80F00" bytes="35531176" />
</allocation-stats>
<gc-op id="1861" type="copy forward" timems="11.047" contextid="1858" timestamp="2019-08-08T19:54:09.932">
  <memory-copied type="eden" objects="2" bytes="56" bytesdiscarded="0" />
  <memory-copied type="other" objects="0" bytes="0" bytesdiscarded="0" />
  <memory-cardclean objects="14" bytes="448" />
  <regions eden="17" other="1" />
  <remembered-set-cleared processed="42768" cleared="2" durationms="0.417" />
  <stringconstants candidates="13816" cleared="0"  />
</gc-op>
<gc-op id="1862" type="classunload" timems="0.009" contextid="1858" timestamp="2019-08-08T19:54:09.932">
  <classunload-info classloadercandidates="54" classloadersunloaded="0" classesunloaded="0" anonymousclassesunloaded="0" quiescems="0.000" setupms="0.009" scanms="0.000" postms="0.000" />
</gc-op>
<gc-end id="1863" type="partial gc" contextid="1858" durationms="12.122" usertimems="26.404" systemtimems="0.000" timestamp="2019-08-08T19:54:09.932" activeThreads="16">
  <mem-info id="1864" free="69206016" total="113246208" percent="61">
    <mem type="eden" free="2097096" total="2097152" percent="99" />
    <remembered-set count="44800" freebytes="4348160" totalbytes="4527360" percent="96" regionsoverflowed="0" regionsstable="6" regionsrebuilding="0"/>
  </mem-info>
</gc-end>
<cycle-end id="1865" type="partial gc" contextid="1858" timestamp="2019-08-08T19:54:09.932" />
  <attribute name="elasticGC enabled" value="1" />
  <attribute name= "numThreadsSpecified" value="16" />
  <attribute name="heapSize specified" value="0" />
  <attribute name="Current GC Util" value="148" />
  <attribute name= "Current Time Running" value="90802" />
  <attribute name ="GC Interval" value="0" />
  <attribute name="Target GC Util Change" value ="80.000000" />
  <attribute name="Current GC Util Change" value="148.000000"/>
  <attribute name="Current Error" value="-229.000000" />
  <attribute name="Output H" value="113321624"/>
  <attribute name="Output I" value="1600"/>
  <attribute name="Output T" value="16"/>
  <attribute name= "Current Time Running" value="90802" />
  <attribute name="GC Util currently" value="148" />
  <attribute name="CPU Util currently" value="1762496883204" />
<exclusive-end id="1866" timestamp="2019-08-08T19:54:09.932" durationms="12.608" />

<exclusive-start id="1867" timestamp="2019-08-08T19:54:09.944" intervalms="23.934">
  <response-info timems="0.019" idlems="0.019" threads="0" lastid="0000000001F80F00" lastname="main" />
</exclusive-start>
<allocation-taxation id="1868" taxation-threshold="35651584" timestamp="2019-08-08T19:54:09.944" intervalms="23.946" />
<cycle-start id="1869" type="partial gc" contextid="0" timestamp="2019-08-08T19:54:09.944" intervalms="23.954" />
<gc-start id="1870" type="partial gc" contextid="1869" timestamp="2019-08-08T19:54:09.944">
  <mem-info id="1871" free="33554432" total="113246208" percent="29">
    <mem type="eden" free="2097096" total="37748736" percent="5" />
    <remembered-set count="44320" freebytes="4350080" totalbytes="4527360" percent="96" regionsoverflowed="0" regionsstable="6" regionsrebuilding="0"/>
  </mem-info>
</gc-start>
<allocation-stats totalBytes="35531176" >
  <allocated-bytes non-tlh="0" tlh="35531176" arrayletleaf="0"/>
  <largest-consumer threadName="main" threadId="0000000001F80F00" bytes="35531176" />
</allocation-stats>
<gc-op id="1872" type="copy forward" timems="8.078" contextid="1869" timestamp="2019-08-08T19:54:09.953">
  <memory-copied type="eden" objects="2" bytes="56" bytesdiscarded="0" />
  <memory-copied type="other" objects="0" bytes="0" bytesdiscarded="0" />
  <memory-cardclean objects="14" bytes="448" />
  <regions eden="17" other="1" />
  <remembered-set-cleared processed="42768" cleared="2" durationms="0.353" />
  <stringconstants candidates="13816" cleared="0"  />
</gc-op>
<gc-op id="1873" type="classunload" timems="0.007" contextid="1869" timestamp="2019-08-08T19:54:09.953">
  <classunload-info classloadercandidates="54" classloadersunloaded="0" classesunloaded="0" anonymousclassesunloaded="0" quiescems="0.000" setupms="0.007" scanms="0.000" postms="0.000" />
</gc-op>
<gc-end id="1874" type="partial gc" contextid="1869" durationms="9.036" usertimems="21.083" systemtimems="0.000" timestamp="2019-08-08T19:54:09.953" activeThreads="16">
  <mem-info id="1875" free="69206016" total="113246208" percent="61">
    <mem type="eden" free="2097096" total="2097152" percent="99" />
    <remembered-set count="44800" freebytes="4348160" totalbytes="4527360" percent="96" regionsoverflowed="0" regionsstable="6" regionsrebuilding="0"/>
  </mem-info>
</gc-end>
<cycle-end id="1876" type="partial gc" contextid="1869" timestamp="2019-08-08T19:54:09.953" />
  <attribute name="elasticGC enabled" value="1" />
  <attribute name= "numThreadsSpecified" value="16" />
  <attribute name="heapSize specified" value="0" />
  <attribute name="Current GC Util" value="144" />
  <attribute name= "Current Time Running" value="90826" />
  <attribute name ="GC Interval" value="0" />
  <attribute name="Target GC Util Change" value ="80.000000" />
  <attribute name="Current GC Util Change" value="144.000000"/>
  <attribute name="Current Error" value="-322.000000" />
  <attribute name="Output H" value="113321520"/>
  <attribute name="Output I" value="1440"/>
  <attribute name="Output T" value="16"/>
  <attribute name= "Current Time Running" value="90826" />
  <attribute name="GC Util currently" value="144" />
  <attribute name="CPU Util currently" value="2095081898225" />
<exclusive-end id="1877" timestamp="2019-08-08T19:54:09.953" durationms="9.538" />

<exclusive-start id="1878" timestamp="2019-08-08T19:54:09.965" intervalms="21.709">
  <response-info timems="0.017" idlems="0.017" threads="0" lastid="0000000001F80F00" lastname="main" />
</exclusive-start>
<allocation-taxation id="1879" taxation-threshold="35651584" timestamp="2019-08-08T19:54:09.965" intervalms="21.698" />
<cycle-start id="1880" type="partial gc" contextid="0" timestamp="2019-08-08T19:54:09.965" intervalms="21.722" />
<gc-start id="1881" type="partial gc" contextid="1880" timestamp="2019-08-08T19:54:09.966">
  <mem-info id="1882" free="33554432" total="113246208" percent="29">
    <mem type="eden" free="2097096" total="37748736" percent="5" />
    <remembered-set count="44320" freebytes="4350080" totalbytes="4527360" percent="96" regionsoverflowed="0" regionsstable="6" regionsrebuilding="0"/>
  </mem-info>
</gc-start>
<allocation-stats totalBytes="35531152" >
  <allocated-bytes non-tlh="0" tlh="35531152" arrayletleaf="0"/>
  <largest-consumer threadName="main" threadId="0000000001F80F00" bytes="35531152" />
</allocation-stats>
<gc-op id="1883" type="copy forward" timems="8.137" contextid="1880" timestamp="2019-08-08T19:54:09.975">
  <memory-copied type="eden" objects="2" bytes="56" bytesdiscarded="0" />
  <memory-copied type="other" objects="0" bytes="0" bytesdiscarded="0" />
  <memory-cardclean objects="14" bytes="448" />
  <regions eden="17" other="1" />
  <remembered-set-cleared processed="42768" cleared="2" durationms="0.424" />
  <stringconstants candidates="13816" cleared="0"  />
</gc-op>
<gc-op id="1884" type="classunload" timems="0.008" contextid="1880" timestamp="2019-08-08T19:54:09.975">
  <classunload-info classloadercandidates="54" classloadersunloaded="0" classesunloaded="0" anonymousclassesunloaded="0" quiescems="0.000" setupms="0.008" scanms="0.000" postms="0.000" />
</gc-op>
<gc-end id="1885" type="partial gc" contextid="1880" durationms="9.444" usertimems="20.287" systemtimems="0.000" timestamp="2019-08-08T19:54:09.975" activeThreads="16">
  <mem-info id="1886" free="69206016" total="113246208" percent="61">
    <mem type="eden" free="2097096" total="2097152" percent="99" />
    <remembered-set count="44800" freebytes="4348160" totalbytes="4527360" percent="96" regionsoverflowed="0" regionsstable="6" regionsrebuilding="0"/>
  </mem-info>
</gc-end>
<cycle-end id="1887" type="partial gc" contextid="1880" timestamp="2019-08-08T19:54:09.975" />
  <attribute name="elasticGC enabled" value="1" />
  <attribute name= "numThreadsSpecified" value="16" />
  <attribute name="heapSize specified" value="0" />
  <attribute name="Current GC Util" value="125" />
  <attribute name= "Current Time Running" value="90848" />
  <attribute name ="GC Interval" value="0" />
  <attribute name="Target GC Util Change" value ="80.000000" />
  <attribute name="Current GC Util Change" value="125.000000"/>
  <attribute name="Current Error" value="-45.000000" />
  <attribute name="Output H" value="113321840"/>
  <attribute name="Output I" value="1928"/>
  <attribute name="Output T" value="16"/>
  <attribute name= "Current Time Running" value="90848" />
  <attribute name="GC Util currently" value="125" />
  <attribute name="CPU Util currently" value="1276930587367" />
<exclusive-end id="1888" timestamp="2019-08-08T19:54:09.975" durationms="9.926" />

<exclusive-start id="1889" timestamp="2019-08-08T19:54:09.986" intervalms="21.160">
  <response-info timems="0.015" idlems="0.015" threads="0" lastid="0000000001F80F00" lastname="main" />
</exclusive-start>
<allocation-taxation id="1890" taxation-threshold="35651584" timestamp="2019-08-08T19:54:09.986" intervalms="21.161" />
<cycle-start id="1891" type="partial gc" contextid="0" timestamp="2019-08-08T19:54:09.987" intervalms="21.151" />
<gc-start id="1892" type="partial gc" contextid="1891" timestamp="2019-08-08T19:54:09.987">
  <mem-info id="1893" free="33554432" total="113246208" percent="29">
    <mem type="eden" free="2097096" total="37748736" percent="5" />
    <remembered-set count="44320" freebytes="4350080" totalbytes="4527360" percent="96" regionsoverflowed="0" regionsstable="6" regionsrebuilding="0"/>
  </mem-info>
</gc-start>
<allocation-stats totalBytes="35531176" >
  <allocated-bytes non-tlh="0" tlh="35531176" arrayletleaf="0"/>
  <largest-consumer threadName="main" threadId="0000000001F80F00" bytes="35531176" />
</allocation-stats>
<gc-op id="1894" type="copy forward" timems="10.884" contextid="1891" timestamp="2019-08-08T19:54:09.999">
  <memory-copied type="eden" objects="2" bytes="56" bytesdiscarded="0" />
  <memory-copied type="other" objects="0" bytes="0" bytesdiscarded="0" />
  <memory-cardclean objects="14" bytes="448" />
  <regions eden="17" other="1" />
  <remembered-set-cleared processed="42768" cleared="2" durationms="0.570" />
  <stringconstants candidates="13816" cleared="0"  />
</gc-op>
<gc-op id="1895" type="classunload" timems="0.006" contextid="1891" timestamp="2019-08-08T19:54:09.999">
  <classunload-info classloadercandidates="54" classloadersunloaded="0" classesunloaded="0" anonymousclassesunloaded="0" quiescems="0.000" setupms="0.006" scanms="0.000" postms="0.000" />
</gc-op>
<gc-end id="1896" type="partial gc" contextid="1891" durationms="12.425" usertimems="25.465" systemtimems="0.000" timestamp="2019-08-08T19:54:09.999" activeThreads="16">
  <mem-info id="1897" free="69206016" total="113246208" percent="61">
    <mem type="eden" free="2097096" total="2097152" percent="99" />
    <remembered-set count="44800" freebytes="4348160" totalbytes="4527360" percent="96" regionsoverflowed="0" regionsstable="6" regionsrebuilding="0"/>
  </mem-info>
</gc-end>
<cycle-end id="1898" type="partial gc" contextid="1891" timestamp="2019-08-08T19:54:09.999" />
  <attribute name="elasticGC enabled" value="1" />
  <attribute name= "numThreadsSpecified" value="16" />
  <attribute name="heapSize specified" value="0" />
  <attribute name="Current GC Util" value="138" />
  <attribute name= "Current Time Running" value="90870" />
  <attribute name ="GC Interval" value="0" />
  <attribute name="Target GC Util Change" value ="80.000000" />
  <attribute name="Current GC Util Change" value="138.000000"/>
  <attribute name="Current Error" value="-117.000000" />
  <attribute name="Output H" value="113321760"/>
  <attribute name="Output I" value="1800"/>
  <attribute name="Output T" value="16"/>
  <attribute name= "Current Time Running" value="90870" />
  <attribute name="GC Util currently" value="138" />
  <attribute name="CPU Util currently" value="992774104232" />
<exclusive-end id="1899" timestamp="2019-08-08T19:54:10.000" durationms="13.142" />

<exclusive-start id="1900" timestamp="2019-08-08T19:54:10.011" intervalms="24.978">
  <response-info timems="0.022" idlems="0.022" threads="0" lastid="0000000001F80F00" lastname="main" />
</exclusive-start>
<allocation-taxation id="1901" taxation-threshold="35651584" timestamp="2019-08-08T19:54:10.011" intervalms="24.978" />
<cycle-start id="1902" type="partial gc" contextid="0" timestamp="2019-08-08T19:54:10.012" intervalms="24.965" />
<gc-start id="1903" type="partial gc" contextid="1902" timestamp="2019-08-08T19:54:10.012">
  <mem-info id="1904" free="33554432" total="113246208" percent="29">
    <mem type="eden" free="2097096" total="37748736" percent="5" />
    <remembered-set count="44800" freebytes="4348160" totalbytes="4527360" percent="96" regionsoverflowed="0" regionsstable="6" regionsrebuilding="0"/>
  </mem-info>
</gc-start>
<allocation-stats totalBytes="35531152" >
  <allocated-bytes non-tlh="0" tlh="35531152" arrayletleaf="0"/>
  <largest-consumer threadName="main" threadId="0000000001F80F00" bytes="35531152" />
</allocation-stats>
<gc-op id="1905" type="copy forward" timems="8.576" contextid="1902" timestamp="2019-08-08T19:54:10.021">
  <memory-copied type="eden" objects="2" bytes="56" bytesdiscarded="0" />
  <memory-copied type="other" objects="0" bytes="0" bytesdiscarded="0" />
  <memory-cardclean objects="14" bytes="448" />
  <regions eden="17" other="1" />
  <remembered-set-cleared processed="42768" cleared="2" durationms="0.358" />
  <stringconstants candidates="13816" cleared="0"  />
</gc-op>
<gc-op id="1906" type="classunload" timems="0.009" contextid="1902" timestamp="2019-08-08T19:54:10.021">
  <classunload-info classloadercandidates="54" classloadersunloaded="0" classesunloaded="0" anonymousclassesunloaded="0" quiescems="0.000" setupms="0.009" scanms="0.000" postms="0.000" />
</gc-op>
<gc-end id="1907" type="partial gc" contextid="1902" durationms="9.647" usertimems="23.739" systemtimems="0.000" timestamp="2019-08-08T19:54:10.021" activeThreads="16">
  <mem-info id="1908" free="69206016" total="113246208" percent="61">
    <mem type="eden" free="2097096" total="2097152" percent="99" />
    <remembered-set count="44800" freebytes="4348160" totalbytes="4527360" percent="96" regionsoverflowed="0" regionsstable="6" regionsrebuilding="0"/>
  </mem-info>
</gc-end>
<cycle-end id="1909" type="partial gc" contextid="1902" timestamp="2019-08-08T19:54:10.022" />
  <attribute name="elasticGC enabled" value="1" />
  <attribute name= "numThreadsSpecified" value="16" />
  <attribute name="heapSize specified" value="0" />
  <attribute name="Current GC Util" value="152" />
  <attribute name= "Current Time Running" value="90894" />
  <attribute name ="GC Interval" value="0" />
  <attribute name="Target GC Util Change" value ="80.000000" />
  <attribute name="Current GC Util Change" value="152.000000"/>
  <attribute name="Current Error" value="-209.000000" />
  <attribute name="Output H" value="113321648"/>
  <attribute name="Output I" value="1640"/>
  <attribute name="Output T" value="16"/>
  <attribute name= "Current Time Running" value="90894" />
  <attribute name="GC Util currently" value="152" />
  <attribute name="CPU Util currently" value="1878380007803" />
<exclusive-end id="1910" timestamp="2019-08-08T19:54:10.022" durationms="10.307" />

<exclusive-start id="1911" timestamp="2019-08-08T19:54:10.033" intervalms="21.664">
  <response-info timems="0.020" idlems="0.020" threads="0" lastid="0000000001F80F00" lastname="main" />
</exclusive-start>
<allocation-taxation id="1912" taxation-threshold="35651584" timestamp="2019-08-08T19:54:10.033" intervalms="21.679" />
<cycle-start id="1913" type="partial gc" contextid="0" timestamp="2019-08-08T19:54:10.033" intervalms="21.709" />
<gc-start id="1914" type="partial gc" contextid="1913" timestamp="2019-08-08T19:54:10.033">
  <mem-info id="1915" free="33554432" total="113246208" percent="29">
    <mem type="eden" free="2097096" total="37748736" percent="5" />
    <remembered-set count="44800" freebytes="4348160" totalbytes="4527360" percent="96" regionsoverflowed="0" regionsstable="6" regionsrebuilding="0"/>
  </mem-info>
</gc-start>
<allocation-stats totalBytes="35531176" >
  <allocated-bytes non-tlh="0" tlh="35531176" arrayletleaf="0"/>
  <largest-consumer threadName="main" threadId="0000000001F80F00" bytes="35531176" />
</allocation-stats>
<gc-op id="1916" type="copy forward" timems="8.350" contextid="1913" timestamp="2019-08-08T19:54:10.043">
  <memory-copied type="eden" objects="2" bytes="56" bytesdiscarded="0" />
  <memory-copied type="other" objects="0" bytes="0" bytesdiscarded="0" />
  <memory-cardclean objects="14" bytes="448" />
  <regions eden="17" other="1" />
  <remembered-set-cleared processed="42768" cleared="2" durationms="0.336" />
  <stringconstants candidates="13816" cleared="0"  />
</gc-op>
<gc-op id="1917" type="classunload" timems="0.010" contextid="1913" timestamp="2019-08-08T19:54:10.043">
  <classunload-info classloadercandidates="54" classloadersunloaded="0" classesunloaded="0" anonymousclassesunloaded="0" quiescems="0.000" setupms="0.010" scanms="0.000" postms="0.000" />
</gc-op>
<gc-end id="1918" type="partial gc" contextid="1913" durationms="10.118" usertimems="22.654" systemtimems="0.000" timestamp="2019-08-08T19:54:10.044" activeThreads="16">
  <mem-info id="1919" free="69206016" total="113246208" percent="61">
    <mem type="eden" free="2097096" total="2097152" percent="99" />
    <remembered-set count="44800" freebytes="4348160" totalbytes="4527360" percent="96" regionsoverflowed="0" regionsstable="6" regionsrebuilding="0"/>
  </mem-info>
</gc-end>
<cycle-end id="1920" type="partial gc" contextid="1913" timestamp="2019-08-08T19:54:10.044" />
  <attribute name="elasticGC enabled" value="1" />
  <attribute name= "numThreadsSpecified" value="16" />
  <attribute name="heapSize specified" value="0" />
  <attribute name="Current GC Util" value="127" />
  <attribute name= "Current Time Running" value="90917" />
  <attribute name ="GC Interval" value="0" />
  <attribute name="Target GC Util Change" value ="80.000000" />
  <attribute name="Current GC Util Change" value="127.000000"/>
  <attribute name="Current Error" value="-47.000000" />
  <attribute name="Output H" value="113321840"/>
  <attribute name="Output I" value="1928"/>
  <attribute name="Output T" value="16"/>
  <attribute name= "Current Time Running" value="90917" />
  <attribute name="GC Util currently" value="127" />
  <attribute name="CPU Util currently" value="877863222942" />
<exclusive-end id="1921" timestamp="2019-08-08T19:54:10.044" durationms="10.790" />

<exclusive-start id="1922" timestamp="2019-08-08T19:54:10.056" intervalms="22.693">
  <response-info timems="0.015" idlems="0.015" threads="0" lastid="0000000001F80F00" lastname="main" />
</exclusive-start>
<allocation-taxation id="1923" taxation-threshold="35651584" timestamp="2019-08-08T19:54:10.056" intervalms="22.695" />
<cycle-start id="1924" type="partial gc" contextid="0" timestamp="2019-08-08T19:54:10.056" intervalms="22.699" />
<gc-start id="1925" type="partial gc" contextid="1924" timestamp="2019-08-08T19:54:10.056">
  <mem-info id="1926" free="33554432" total="113246208" percent="29">
    <mem type="eden" free="2097096" total="37748736" percent="5" />
    <remembered-set count="44320" freebytes="4350080" totalbytes="4527360" percent="96" regionsoverflowed="0" regionsstable="6" regionsrebuilding="0"/>
  </mem-info>
</gc-start>
<allocation-stats totalBytes="35531176" >
  <allocated-bytes non-tlh="0" tlh="35531176" arrayletleaf="0"/>
  <largest-consumer threadName="main" threadId="0000000001F80F00" bytes="35531176" />
</allocation-stats>
<gc-op id="1927" type="copy forward" timems="7.717" contextid="1924" timestamp="2019-08-08T19:54:10.065">
  <memory-copied type="eden" objects="2" bytes="56" bytesdiscarded="0" />
  <memory-copied type="other" objects="0" bytes="0" bytesdiscarded="0" />
  <memory-cardclean objects="14" bytes="448" />
  <regions eden="17" other="1" />
  <remembered-set-cleared processed="42768" cleared="2" durationms="0.354" />
  <stringconstants candidates="13816" cleared="0"  />
</gc-op>
<gc-op id="1928" type="classunload" timems="0.008" contextid="1924" timestamp="2019-08-08T19:54:10.065">
  <classunload-info classloadercandidates="54" classloadersunloaded="0" classesunloaded="0" anonymousclassesunloaded="0" quiescems="0.000" setupms="0.008" scanms="0.000" postms="0.000" />
</gc-op>
<gc-end id="1929" type="partial gc" contextid="1924" durationms="8.701" usertimems="21.084" systemtimems="0.000" timestamp="2019-08-08T19:54:10.065" activeThreads="16">
  <mem-info id="1930" free="69206016" total="113246208" percent="61">
    <mem type="eden" free="2097096" total="2097152" percent="99" />
    <remembered-set count="44800" freebytes="4348160" totalbytes="4527360" percent="96" regionsoverflowed="0" regionsstable="6" regionsrebuilding="0"/>
  </mem-info>
</gc-end>
<cycle-end id="1931" type="partial gc" contextid="1924" timestamp="2019-08-08T19:54:10.065" />
  <attribute name="elasticGC enabled" value="1" />
  <attribute name= "numThreadsSpecified" value="16" />
  <attribute name="heapSize specified" value="0" />
  <attribute name="Current GC Util" value="155" />
  <attribute name= "Current Time Running" value="90939" />
  <attribute name ="GC Interval" value="0" />
  <attribute name="Target GC Util Change" value ="80.000000" />
  <attribute name="Current GC Util Change" value="155.000000"/>
  <attribute name="Current Error" value="-140.000000" />
  <attribute name="Output H" value="113321728"/>
  <attribute name="Output I" value="1760"/>
  <attribute name="Output T" value="16"/>
  <attribute name= "Current Time Running" value="90939" />
  <attribute name="GC Util currently" value="155" />
  <attribute name="CPU Util currently" value="2032141883831" />
<exclusive-end id="1932" timestamp="2019-08-08T19:54:10.065" durationms="9.261" />

<exclusive-start id="1933" timestamp="2019-08-08T19:54:10.077" intervalms="21.327">
  <response-info timems="0.017" idlems="0.017" threads="0" lastid="0000000001F80F00" lastname="main" />
</exclusive-start>
<allocation-taxation id="1934" taxation-threshold="35651584" timestamp="2019-08-08T19:54:10.077" intervalms="21.306" />
<cycle-start id="1935" type="partial gc" contextid="0" timestamp="2019-08-08T19:54:10.077" intervalms="21.319" />
<gc-start id="1936" type="partial gc" contextid="1935" timestamp="2019-08-08T19:54:10.077">
  <mem-info id="1937" free="33554432" total="113246208" percent="29">
    <mem type="eden" free="2097096" total="37748736" percent="5" />
    <remembered-set count="44800" freebytes="4348160" totalbytes="4527360" percent="96" regionsoverflowed="0" regionsstable="6" regionsrebuilding="0"/>
  </mem-info>
</gc-start>
<allocation-stats totalBytes="35530320" >
  <allocated-bytes non-tlh="0" tlh="35530320" arrayletleaf="0"/>
  <largest-consumer threadName="main" threadId="0000000001F80F00" bytes="35530320" />
</allocation-stats>
<gc-op id="1938" type="copy forward" timems="8.599" contextid="1935" timestamp="2019-08-08T19:54:10.087">
  <memory-copied type="eden" objects="27" bytes="1936" bytesdiscarded="800" />
  <memory-copied type="other" objects="0" bytes="0" bytesdiscarded="0" />
  <memory-cardclean objects="72" bytes="2432" />
  <regions eden="17" other="1" />
  <remembered-set-cleared processed="42768" cleared="9" durationms="0.583" />
  <stringconstants candidates="13816" cleared="0"  />
</gc-op>
<gc-op id="1939" type="classunload" timems="0.008" contextid="1935" timestamp="2019-08-08T19:54:10.087">
  <classunload-info classloadercandidates="54" classloadersunloaded="0" classesunloaded="0" anonymousclassesunloaded="0" quiescems="0.000" setupms="0.008" scanms="0.000" postms="0.000" />
</gc-op>
<gc-end id="1940" type="partial gc" contextid="1935" durationms="9.618" usertimems="21.828" systemtimems="0.000" timestamp="2019-08-08T19:54:10.087" activeThreads="16">
  <mem-info id="1941" free="69206016" total="113246208" percent="61">
    <mem type="eden" free="2094416" total="2097152" percent="99" />
    <remembered-set count="45280" freebytes="4346240" totalbytes="4527360" percent="95" regionsoverflowed="0" regionsstable="6" regionsrebuilding="0"/>
  </mem-info>
</gc-end>
<cycle-end id="1942" type="partial gc" contextid="1935" timestamp="2019-08-08T19:54:10.087" />
  <attribute name="elasticGC enabled" value="1" />
  <attribute name= "numThreadsSpecified" value="16" />
  <attribute name="heapSize specified" value="0" />
  <attribute name="Current GC Util" value="125" />
  <attribute name= "Current Time Running" value="90960" />
  <attribute name ="GC Interval" value="0" />
  <attribute name="Target GC Util Change" value ="80.000000" />
  <attribute name="Current GC Util Change" value="125.000000"/>
  <attribute name="Current Error" value="-203.000000" />
  <attribute name="Output H" value="113321656"/>
  <attribute name="Output I" value="1648"/>
  <attribute name="Output T" value="16"/>
  <attribute name= "Current Time Running" value="90960" />
  <attribute name="GC Util currently" value="125" />
  <attribute name="CPU Util currently" value="1878337163679" />
<exclusive-end id="1943" timestamp="2019-08-08T19:54:10.087" durationms="10.184" />

<exclusive-start id="1944" timestamp="2019-08-08T19:54:10.100" intervalms="23.119">
  <response-info timems="0.017" idlems="0.017" threads="0" lastid="0000000001F80F00" lastname="main" />
</exclusive-start>
<allocation-taxation id="1945" taxation-threshold="35651584" timestamp="2019-08-08T19:54:10.100" intervalms="23.122" />
<cycle-start id="1946" type="partial gc" contextid="0" timestamp="2019-08-08T19:54:10.100" intervalms="23.089" />
<gc-start id="1947" type="partial gc" contextid="1946" timestamp="2019-08-08T19:54:10.101">
  <mem-info id="1948" free="33554432" total="113246208" percent="29">
    <mem type="eden" free="2094416" total="37748736" percent="5" />
    <remembered-set count="3904" freebytes="4511744" totalbytes="4527360" percent="99" regionsoverflowed="0" regionsstable="7" regionsrebuilding="0"/>
  </mem-info>
</gc-start>
<allocation-stats totalBytes="35415640" >
  <allocated-bytes non-tlh="0" tlh="35415640" arrayletleaf="0"/>
  <largest-consumer threadName="main" threadId="0000000001F80F00" bytes="35415640" />
</allocation-stats>
<gc-op id="1949" type="copy forward" timems="7.304" contextid="1946" timestamp="2019-08-08T19:54:10.109">
  <memory-copied type="eden" objects="1" bytes="40" bytesdiscarded="0" />
  <memory-copied type="other" objects="26" bytes="1896" bytesdiscarded="800" />
  <memory-cardclean objects="54" bytes="2144" />
  <regions eden="17" other="1" />
  <remembered-set-cleared processed="2047" cleared="1" durationms="0.170" />
  <stringconstants candidates="13816" cleared="0"  />
</gc-op>
<gc-op id="1950" type="classunload" timems="0.006" contextid="1946" timestamp="2019-08-08T19:54:10.109">
  <classunload-info classloadercandidates="54" classloadersunloaded="0" classesunloaded="0" anonymousclassesunloaded="0" quiescems="0.000" setupms="0.006" scanms="0.000" postms="0.000" />
</gc-op>
<heap-resize id="1951" type="expand" space="default" amount="2097152" count="1" timems="0.048" reason="excessive time being spent in gc" timestamp="2019-08-08T19:54:10.109" />
<gc-end id="1952" type="partial gc" contextid="1946" durationms="8.423" usertimems="19.532" systemtimems="0.000" timestamp="2019-08-08T19:54:10.109" activeThreads="16">
  <mem-info id="1953" free="69206016" total="115343360" percent="60">
    <mem type="eden" free="4191568" total="4194304" percent="99" />
    <remembered-set count="4352" freebytes="4593792" totalbytes="4611200" percent="99" regionsoverflowed="0" regionsstable="7" regionsrebuilding="0"/>
  </mem-info>
</gc-end>
<cycle-end id="1954" type="partial gc" contextid="1946" timestamp="2019-08-08T19:54:10.109" />
  <attribute name="elasticGC enabled" value="1" />
  <attribute name= "numThreadsSpecified" value="16" />
  <attribute name="heapSize specified" value="0" />
  <attribute name="Current GC Util" value="150" />
  <attribute name= "Current Time Running" value="90983" />
  <attribute name ="GC Interval" value="0" />
  <attribute name="Target GC Util Change" value ="80.000000" />
  <attribute name="Current GC Util Change" value="150.000000"/>
  <attribute name="Current Error" value="-70.000000" />
  <attribute name="Output H" value="113321808"/>
  <attribute name="Output I" value="1888"/>
  <attribute name="Output T" value="16"/>
  <attribute name= "Current Time Running" value="90983" />
  <attribute name="GC Util currently" value="150" />
  <attribute name="CPU Util currently" value="2037053708253" />
<exclusive-end id="1955" timestamp="2019-08-08T19:54:10.109" durationms="8.928" />

<exclusive-start id="1956" timestamp="2019-08-08T19:54:10.120" intervalms="20.266">
  <response-info timems="0.014" idlems="0.014" threads="0" lastid="0000000001F80F00" lastname="main" />
</exclusive-start>
<allocation-taxation id="1957" taxation-threshold="35651584" timestamp="2019-08-08T19:54:10.121" intervalms="20.264" />
<cycle-start id="1958" type="partial gc" contextid="0" timestamp="2019-08-08T19:54:10.121" intervalms="20.286" />
<gc-start id="1959" type="partial gc" contextid="1958" timestamp="2019-08-08T19:54:10.121">
  <mem-info id="1960" free="33554432" total="115343360" percent="29">
    <mem type="eden" free="2097112" total="37748736" percent="5" />
    <remembered-set count="3872" freebytes="4595712" totalbytes="4611200" percent="99" regionsoverflowed="0" regionsstable="7" regionsrebuilding="0"/>
  </mem-info>
</gc-start>
<allocation-stats totalBytes="35421544" >
  <allocated-bytes non-tlh="0" tlh="35421544" arrayletleaf="0"/>
  <largest-consumer threadName="main" threadId="0000000001F80F00" bytes="35421544" />
</allocation-stats>
<gc-op id="1961" type="copy forward" timems="10.987" contextid="1958" timestamp="2019-08-08T19:54:10.133">
  <memory-copied type="eden" objects="2" bytes="64" bytesdiscarded="0" />
  <memory-copied type="other" objects="0" bytes="0" bytesdiscarded="0" />
  <memory-cardclean objects="14" bytes="416" />
  <regions eden="17" other="1" />
  <remembered-set-cleared processed="2052" cleared="0" durationms="0.088" />
  <stringconstants candidates="13816" cleared="0"  />
</gc-op>
<gc-op id="1962" type="classunload" timems="0.011" contextid="1958" timestamp="2019-08-08T19:54:10.133">
  <classunload-info classloadercandidates="54" classloadersunloaded="0" classesunloaded="0" anonymousclassesunloaded="0" quiescems="0.000" setupms="0.011" scanms="0.000" postms="0.000" />
</gc-op>
<gc-end id="1963" type="partial gc" contextid="1958" durationms="12.158" usertimems="25.482" systemtimems="0.000" timestamp="2019-08-08T19:54:10.133" activeThreads="16">
  <mem-info id="1964" free="69206016" total="115343360" percent="60">
    <mem type="eden" free="2097088" total="2097152" percent="99" />
    <remembered-set count="3904" freebytes="4595584" totalbytes="4611200" percent="99" regionsoverflowed="0" regionsstable="7" regionsrebuilding="0"/>
  </mem-info>
</gc-end>
<cycle-end id="1965" type="partial gc" contextid="1958" timestamp="2019-08-08T19:54:10.133" />
  <attribute name="elasticGC enabled" value="1" />
  <attribute name= "numThreadsSpecified" value="16" />
  <attribute name="heapSize specified" value="0" />
  <attribute name="Current GC Util" value="156" />
  <attribute name= "Current Time Running" value="91003" />
  <attribute name ="GC Interval" value="0" />
  <attribute name="Target GC Util Change" value ="80.000000" />
  <attribute name="Current GC Util Change" value="156.000000"/>
  <attribute name="Current Error" value="-160.000000" />
  <attribute name="Output H" value="115418856"/>
  <attribute name="Output I" value="1728"/>
  <attribute name="Output T" value="16"/>
  <attribute name= "Current Time Running" value="91003" />
  <attribute name="GC Util currently" value="156" />
  <attribute name="CPU Util currently" value="1840804248996" />
<exclusive-end id="1966" timestamp="2019-08-08T19:54:10.133" durationms="12.779" />

<exclusive-start id="1967" timestamp="2019-08-08T19:54:10.146" intervalms="25.339">
  <response-info timems="0.014" idlems="0.014" threads="0" lastid="0000000001F80F00" lastname="main" />
</exclusive-start>
<allocation-taxation id="1968" taxation-threshold="35651584" timestamp="2019-08-08T19:54:10.146" intervalms="25.345" />
<cycle-start id="1969" type="partial gc" contextid="0" timestamp="2019-08-08T19:54:10.146" intervalms="25.320" />
<gc-start id="1970" type="partial gc" contextid="1969" timestamp="2019-08-08T19:54:10.146">
  <mem-info id="1971" free="33554432" total="115343360" percent="29">
    <mem type="eden" free="2097088" total="37748736" percent="5" />
    <remembered-set count="3424" freebytes="4597504" totalbytes="4611200" percent="99" regionsoverflowed="0" regionsstable="7" regionsrebuilding="0"/>
  </mem-info>
</gc-start>
<allocation-stats totalBytes="35428104" >
  <allocated-bytes non-tlh="0" tlh="35428104" arrayletleaf="0"/>
  <largest-consumer threadName="main" threadId="0000000001F80F00" bytes="35428104" />
</allocation-stats>
<gc-op id="1972" type="copy forward" timems="9.233" contextid="1969" timestamp="2019-08-08T19:54:10.157">
  <memory-copied type="eden" objects="2" bytes="64" bytesdiscarded="0" />
  <memory-copied type="other" objects="0" bytes="0" bytesdiscarded="0" />
  <memory-cardclean objects="14" bytes="416" />
  <regions eden="17" other="1" />
  <remembered-set-cleared processed="2052" cleared="0" durationms="0.166" />
  <stringconstants candidates="13816" cleared="0"  />
</gc-op>
<gc-op id="1973" type="classunload" timems="0.010" contextid="1969" timestamp="2019-08-08T19:54:10.157">
  <classunload-info classloadercandidates="54" classloadersunloaded="0" classesunloaded="0" anonymousclassesunloaded="0" quiescems="0.000" setupms="0.010" scanms="0.000" postms="0.000" />
</gc-op>
<gc-end id="1974" type="partial gc" contextid="1969" durationms="10.550" usertimems="27.096" systemtimems="0.000" timestamp="2019-08-08T19:54:10.157" activeThreads="16">
  <mem-info id="1975" free="69206016" total="115343360" percent="60">
    <mem type="eden" free="2097088" total="2097152" percent="99" />
    <remembered-set count="3904" freebytes="4595584" totalbytes="4611200" percent="99" regionsoverflowed="0" regionsstable="7" regionsrebuilding="0"/>
  </mem-info>
</gc-end>
<cycle-end id="1976" type="partial gc" contextid="1969" timestamp="2019-08-08T19:54:10.157" />
  <attribute name="elasticGC enabled" value="1" />
  <attribute name= "numThreadsSpecified" value="16" />
  <attribute name="heapSize specified" value="0" />
  <attribute name="Current GC Util" value="310" />
  <attribute name= "Current Time Running" value="91029" />
  <attribute name ="GC Interval" value="0" />
  <attribute name="Target GC Util Change" value ="80.000000" />
  <attribute name="Current GC Util Change" value="310.000000"/>
  <attribute name="Current Error" value="-409.000000" />
  <attribute name="Output H" value="115418568"/>
  <attribute name="Output I" value="1280"/>
  <attribute name="Output T" value="16"/>
  <attribute name= "Current Time Running" value="91029" />
  <attribute name="GC Util currently" value="310" />
  <attribute name="CPU Util currently" value="1287835074655" />
<exclusive-end id="1977" timestamp="2019-08-08T19:54:10.157" durationms="11.187" />

<exclusive-start id="1978" timestamp="2019-08-08T19:54:10.169" intervalms="23.145">
  <response-info timems="0.014" idlems="0.014" threads="0" lastid="0000000001F80F00" lastname="main" />
</exclusive-start>
<allocation-taxation id="1979" taxation-threshold="35651584" timestamp="2019-08-08T19:54:10.169" intervalms="23.143" />
<cycle-start id="1980" type="partial gc" contextid="0" timestamp="2019-08-08T19:54:10.169" intervalms="23.190" />
<gc-start id="1981" type="partial gc" contextid="1980" timestamp="2019-08-08T19:54:10.169">
  <mem-info id="1982" free="33554432" total="115343360" percent="29">
    <mem type="eden" free="2097088" total="37748736" percent="5" />
    <remembered-set count="3424" freebytes="4597504" totalbytes="4611200" percent="99" regionsoverflowed="0" regionsstable="7" regionsrebuilding="0"/>
  </mem-info>
</gc-start>
<allocation-stats totalBytes="35428104" >
  <allocated-bytes non-tlh="0" tlh="35428104" arrayletleaf="0"/>
  <largest-consumer threadName="main" threadId="0000000001F80F00" bytes="35428104" />
</allocation-stats>
<gc-op id="1983" type="copy forward" timems="12.022" contextid="1980" timestamp="2019-08-08T19:54:10.182">
  <memory-copied type="eden" objects="2" bytes="64" bytesdiscarded="0" />
  <memory-copied type="other" objects="0" bytes="0" bytesdiscarded="0" />
  <memory-cardclean objects="14" bytes="416" />
  <regions eden="17" other="1" />
  <remembered-set-cleared processed="2052" cleared="0" durationms="0.199" />
  <stringconstants candidates="13816" cleared="0"  />
</gc-op>
<gc-op id="1984" type="classunload" timems="0.008" contextid="1980" timestamp="2019-08-08T19:54:10.183">
  <classunload-info classloadercandidates="54" classloadersunloaded="0" classesunloaded="0" anonymousclassesunloaded="0" quiescems="0.000" setupms="0.008" scanms="0.000" postms="0.000" />
</gc-op>
<gc-end id="1985" type="partial gc" contextid="1980" durationms="13.315" usertimems="30.620" systemtimems="0.000" timestamp="2019-08-08T19:54:10.183" activeThreads="16">
  <mem-info id="1986" free="69206016" total="115343360" percent="60">
    <mem type="eden" free="2097088" total="2097152" percent="99" />
    <remembered-set count="3904" freebytes="4595584" totalbytes="4611200" percent="99" regionsoverflowed="0" regionsstable="7" regionsrebuilding="0"/>
  </mem-info>
</gc-end>
<cycle-end id="1987" type="partial gc" contextid="1980" timestamp="2019-08-08T19:54:10.183" />
  <attribute name="elasticGC enabled" value="1" />
  <attribute name= "numThreadsSpecified" value="16" />
  <attribute name="heapSize specified" value="0" />
  <attribute name="Current GC Util" value="195" />
  <attribute name= "Current Time Running" value="91052" />
  <attribute name ="GC Interval" value="0" />
  <attribute name="Target GC Util Change" value ="80.000000" />
  <attribute name="Current GC Util Change" value="195.000000"/>
  <attribute name="Current Error" value="-115.000000" />
  <attribute name="Output H" value="115418912"/>
  <attribute name="Output I" value="1808"/>
  <attribute name="Output T" value="16"/>
  <attribute name= "Current Time Running" value="91052" />
  <attribute name="GC Util currently" value="195" />
  <attribute name="CPU Util currently" value="1342784484217" />
<exclusive-end id="1988" timestamp="2019-08-08T19:54:10.183" durationms="14.362" />

<exclusive-start id="1989" timestamp="2019-08-08T19:54:10.195" intervalms="25.912">
  <response-info timems="0.016" idlems="0.016" threads="0" lastid="0000000001F80F00" lastname="main" />
</exclusive-start>
<allocation-taxation id="1990" taxation-threshold="35651584" timestamp="2019-08-08T19:54:10.195" intervalms="25.913" />
<cycle-start id="1991" type="partial gc" contextid="0" timestamp="2019-08-08T19:54:10.195" intervalms="25.859" />
<gc-start id="1992" type="partial gc" contextid="1991" timestamp="2019-08-08T19:54:10.195">
  <mem-info id="1993" free="33554432" total="115343360" percent="29">
    <mem type="eden" free="2097088" total="37748736" percent="5" />
    <remembered-set count="3904" freebytes="4595584" totalbytes="4611200" percent="99" regionsoverflowed="0" regionsstable="7" regionsrebuilding="0"/>
  </mem-info>
</gc-start>
<allocation-stats totalBytes="35429344" >
  <allocated-bytes non-tlh="0" tlh="35429344" arrayletleaf="0"/>
  <largest-consumer threadName="main" threadId="0000000001F80F00" bytes="35429344" />
</allocation-stats>
<gc-op id="1994" type="copy forward" timems="8.638" contextid="1991" timestamp="2019-08-08T19:54:10.205">
  <memory-copied type="eden" objects="2" bytes="64" bytesdiscarded="0" />
  <memory-copied type="other" objects="0" bytes="0" bytesdiscarded="0" />
  <memory-cardclean objects="14" bytes="416" />
  <regions eden="17" other="1" />
  <remembered-set-cleared processed="2052" cleared="0" durationms="0.093" />
  <stringconstants candidates="13816" cleared="0"  />
</gc-op>
<gc-op id="1995" type="classunload" timems="0.007" contextid="1991" timestamp="2019-08-08T19:54:10.205">
  <classunload-info classloadercandidates="54" classloadersunloaded="0" classesunloaded="0" anonymousclassesunloaded="0" quiescems="0.000" setupms="0.007" scanms="0.000" postms="0.000" />
</gc-op>
<gc-end id="1996" type="partial gc" contextid="1991" durationms="10.102" usertimems="21.790" systemtimems="0.000" timestamp="2019-08-08T19:54:10.205" activeThreads="16">
  <mem-info id="1997" free="69206016" total="115343360" percent="60">
    <mem type="eden" free="2097088" total="2097152" percent="99" />
    <remembered-set count="3904" freebytes="4595584" totalbytes="4611200" percent="99" regionsoverflowed="0" regionsstable="7" regionsrebuilding="0"/>
  </mem-info>
</gc-end>
<cycle-end id="1998" type="partial gc" contextid="1991" timestamp="2019-08-08T19:54:10.205" />
  <attribute name="elasticGC enabled" value="1" />
  <attribute name= "numThreadsSpecified" value="16" />
  <attribute name="heapSize specified" value="0" />
  <attribute name="Current GC Util" value="83" />
  <attribute name= "Current Time Running" value="91078" />
  <attribute name ="GC Interval" value="0" />
  <attribute name="Target GC Util Change" value ="80.000000" />
  <attribute name="Current GC Util Change" value="83.000000"/>
  <attribute name="Current Error" value="-154.000000" />
  <attribute name="Output H" value="115418864"/>
  <attribute name="Output I" value="1736"/>
  <attribute name="Output T" value="16"/>
  <attribute name= "Current Time Running" value="91078" />
  <attribute name="GC Util currently" value="83" />
  <attribute name="CPU Util currently" value="1084768708250" />
<exclusive-end id="1999" timestamp="2019-08-08T19:54:10.206" durationms="10.648" />

<exclusive-start id="2000" timestamp="2019-08-08T19:54:10.218" intervalms="23.612">
  <response-info timems="0.019" idlems="0.019" threads="0" lastid="0000000001F80F00" lastname="main" />
</exclusive-start>
<allocation-taxation id="2001" taxation-threshold="35651584" timestamp="2019-08-08T19:54:10.219" intervalms="23.616" />
<cycle-start id="2002" type="partial gc" contextid="0" timestamp="2019-08-08T19:54:10.219" intervalms="23.663" />
<gc-start id="2003" type="partial gc" contextid="2002" timestamp="2019-08-08T19:54:10.219">
  <mem-info id="2004" free="33554432" total="115343360" percent="29">
    <mem type="eden" free="2097088" total="37748736" percent="5" />
    <remembered-set count="3424" freebytes="4597504" totalbytes="4611200" percent="99" regionsoverflowed="0" regionsstable="7" regionsrebuilding="0"/>
  </mem-info>
</gc-start>
<allocation-stats totalBytes="35429344" >
  <allocated-bytes non-tlh="0" tlh="35429344" arrayletleaf="0"/>
  <largest-consumer threadName="main" threadId="0000000001F80F00" bytes="35429344" />
</allocation-stats>
<gc-op id="2005" type="copy forward" timems="10.255" contextid="2002" timestamp="2019-08-08T19:54:10.230">
  <memory-copied type="eden" objects="2" bytes="64" bytesdiscarded="0" />
  <memory-copied type="other" objects="0" bytes="0" bytesdiscarded="0" />
  <memory-cardclean objects="14" bytes="416" />
  <regions eden="17" other="1" />
  <remembered-set-cleared processed="2052" cleared="0" durationms="0.083" />
  <stringconstants candidates="13816" cleared="0"  />
</gc-op>
<gc-op id="2006" type="classunload" timems="0.008" contextid="2002" timestamp="2019-08-08T19:54:10.230">
  <classunload-info classloadercandidates="54" classloadersunloaded="0" classesunloaded="0" anonymousclassesunloaded="0" quiescems="0.000" setupms="0.008" scanms="0.000" postms="0.000" />
</gc-op>
<gc-end id="2007" type="partial gc" contextid="2002" durationms="11.340" usertimems="24.212" systemtimems="0.000" timestamp="2019-08-08T19:54:10.230" activeThreads="16">
  <mem-info id="2008" free="69206016" total="115343360" percent="60">
    <mem type="eden" free="2097088" total="2097152" percent="99" />
    <remembered-set count="3904" freebytes="4595584" totalbytes="4611200" percent="99" regionsoverflowed="0" regionsstable="7" regionsrebuilding="0"/>
  </mem-info>
</gc-end>
<cycle-end id="2009" type="partial gc" contextid="2002" timestamp="2019-08-08T19:54:10.230" />
  <attribute name="elasticGC enabled" value="1" />
  <attribute name= "numThreadsSpecified" value="16" />
  <attribute name="heapSize specified" value="0" />
  <attribute name="Current GC Util" value="144" />
  <attribute name= "Current Time Running" value="91101" />
  <attribute name ="GC Interval" value="0" />
  <attribute name="Target GC Util Change" value ="80.000000" />
  <attribute name="Current GC Util Change" value="144.000000"/>
  <attribute name="Current Error" value="-231.000000" />
  <attribute name="Output H" value="115418776"/>
  <attribute name="Output I" value="1600"/>
  <attribute name="Output T" value="16"/>
  <attribute name= "Current Time Running" value="91101" />
  <attribute name="GC Util currently" value="144" />
  <attribute name="CPU Util currently" value="1777203191085" />
<exclusive-end id="2010" timestamp="2019-08-08T19:54:10.230" durationms="11.938" />

<exclusive-start id="2011" timestamp="2019-08-08T19:54:10.242" intervalms="23.343">
  <response-info timems="0.014" idlems="0.014" threads="0" lastid="0000000001F80F00" lastname="main" />
</exclusive-start>
<allocation-taxation id="2012" taxation-threshold="35651584" timestamp="2019-08-08T19:54:10.242" intervalms="23.339" />
<cycle-start id="2013" type="partial gc" contextid="0" timestamp="2019-08-08T19:54:10.242" intervalms="23.324" />
<gc-start id="2014" type="partial gc" contextid="2013" timestamp="2019-08-08T19:54:10.242">
  <mem-info id="2015" free="33554432" total="115343360" percent="29">
    <mem type="eden" free="2097088" total="37748736" percent="5" />
    <remembered-set count="3424" freebytes="4597504" totalbytes="4611200" percent="99" regionsoverflowed="0" regionsstable="7" regionsrebuilding="0"/>
  </mem-info>
</gc-start>
<allocation-stats totalBytes="35428128" >
  <allocated-bytes non-tlh="0" tlh="35428128" arrayletleaf="0"/>
  <largest-consumer threadName="main" threadId="0000000001F80F00" bytes="35428128" />
</allocation-stats>
<gc-op id="2016" type="copy forward" timems="9.926" contextid="2013" timestamp="2019-08-08T19:54:10.253">
  <memory-copied type="eden" objects="2" bytes="64" bytesdiscarded="0" />
  <memory-copied type="other" objects="0" bytes="0" bytesdiscarded="0" />
  <memory-cardclean objects="14" bytes="416" />
  <regions eden="17" other="1" />
  <remembered-set-cleared processed="2052" cleared="0" durationms="0.109" />
  <stringconstants candidates="13816" cleared="0"  />
</gc-op>
<gc-op id="2017" type="classunload" timems="0.010" contextid="2013" timestamp="2019-08-08T19:54:10.253">
  <classunload-info classloadercandidates="54" classloadersunloaded="0" classesunloaded="0" anonymousclassesunloaded="0" quiescems="0.000" setupms="0.010" scanms="0.000" postms="0.000" />
</gc-op>
<gc-end id="2018" type="partial gc" contextid="2013" durationms="11.121" usertimems="28.686" systemtimems="0.000" timestamp="2019-08-08T19:54:10.253" activeThreads="16">
  <mem-info id="2019" free="69206016" total="115343360" percent="60">
    <mem type="eden" free="2097088" total="2097152" percent="99" />
    <remembered-set count="3904" freebytes="4595584" totalbytes="4611200" percent="99" regionsoverflowed="0" regionsstable="7" regionsrebuilding="0"/>
  </mem-info>
</gc-end>
<cycle-end id="2020" type="partial gc" contextid="2013" timestamp="2019-08-08T19:54:10.253" />
  <attribute name="elasticGC enabled" value="1" />
  <attribute name= "numThreadsSpecified" value="16" />
  <attribute name="heapSize specified" value="0" />
  <attribute name="Current GC Util" value="218" />
  <attribute name= "Current Time Running" value="91125" />
  <attribute name ="GC Interval" value="0" />
  <attribute name="Target GC Util Change" value ="80.000000" />
  <attribute name="Current GC Util Change" value="218.000000"/>
  <attribute name="Current Error" value="-138.000000" />
  <attribute name="Output H" value="115418888"/>
  <attribute name="Output I" value="1768"/>
  <attribute name="Output T" value="16"/>
  <attribute name= "Current Time Running" value="91125" />
  <attribute name="GC Util currently" value="218" />
  <attribute name="CPU Util currently" value="1550048563774" />
<exclusive-end id="2021" timestamp="2019-08-08T19:54:10.254" durationms="11.729" />

<exclusive-start id="2022" timestamp="2019-08-08T19:54:10.267" intervalms="24.761">
  <response-info timems="0.013" idlems="0.013" threads="0" lastid="0000000001F80F00" lastname="main" />
</exclusive-start>
<allocation-taxation id="2023" taxation-threshold="35651584" timestamp="2019-08-08T19:54:10.267" intervalms="24.754" />
<cycle-start id="2024" type="partial gc" contextid="0" timestamp="2019-08-08T19:54:10.267" intervalms="24.744" />
<gc-start id="2025" type="partial gc" contextid="2024" timestamp="2019-08-08T19:54:10.267">
  <mem-info id="2026" free="33554432" total="115343360" percent="29">
    <mem type="eden" free="2097088" total="37748736" percent="5" />
    <remembered-set count="3424" freebytes="4597504" totalbytes="4611200" percent="99" regionsoverflowed="0" regionsstable="7" regionsrebuilding="0"/>
  </mem-info>
</gc-start>
<allocation-stats totalBytes="35428104" >
  <allocated-bytes non-tlh="0" tlh="35428104" arrayletleaf="0"/>
  <largest-consumer threadName="main" threadId="0000000001F80F00" bytes="35428104" />
</allocation-stats>
<gc-op id="2027" type="copy forward" timems="11.887" contextid="2024" timestamp="2019-08-08T19:54:10.280">
  <memory-copied type="eden" objects="2" bytes="64" bytesdiscarded="0" />
  <memory-copied type="other" objects="0" bytes="0" bytesdiscarded="0" />
  <memory-cardclean objects="14" bytes="416" />
  <regions eden="17" other="1" />
  <remembered-set-cleared processed="2052" cleared="0" durationms="0.254" />
  <stringconstants candidates="13816" cleared="0"  />
</gc-op>
<gc-op id="2028" type="classunload" timems="0.008" contextid="2024" timestamp="2019-08-08T19:54:10.280">
  <classunload-info classloadercandidates="54" classloadersunloaded="0" classesunloaded="0" anonymousclassesunloaded="0" quiescems="0.000" setupms="0.008" scanms="0.000" postms="0.000" />
</gc-op>
<gc-end id="2029" type="partial gc" contextid="2024" durationms="12.990" usertimems="29.925" systemtimems="0.000" timestamp="2019-08-08T19:54:10.280" activeThreads="16">
  <mem-info id="2030" free="69206016" total="115343360" percent="60">
    <mem type="eden" free="2097088" total="2097152" percent="99" />
    <remembered-set count="3904" freebytes="4595584" totalbytes="4611200" percent="99" regionsoverflowed="0" regionsstable="7" regionsrebuilding="0"/>
  </mem-info>
</gc-end>
<cycle-end id="2031" type="partial gc" contextid="2024" timestamp="2019-08-08T19:54:10.280" />
  <attribute name="elasticGC enabled" value="1" />
  <attribute name= "numThreadsSpecified" value="16" />
  <attribute name="heapSize specified" value="0" />
  <attribute name="Current GC Util" value="123" />
  <attribute name= "Current Time Running" value="91150" />
  <attribute name ="GC Interval" value="0" />
  <attribute name="Target GC Util Change" value ="80.000000" />
  <attribute name="Current GC Util Change" value="123.000000"/>
  <attribute name="Current Error" value="-214.000000" />
  <attribute name="Output H" value="115418800"/>
  <attribute name="Output I" value="1632"/>
  <attribute name="Output T" value="16"/>
  <attribute name= "Current Time Running" value="91150" />
  <attribute name="GC Util currently" value="123" />
  <attribute name="CPU Util currently" value="1708646922395" />
<exclusive-end id="2032" timestamp="2019-08-08T19:54:10.280" durationms="13.561" />

<exclusive-start id="2033" timestamp="2019-08-08T19:54:10.292" intervalms="25.129">
  <response-info timems="0.015" idlems="0.015" threads="0" lastid="0000000001F80F00" lastname="main" />
</exclusive-start>
<allocation-taxation id="2034" taxation-threshold="35651584" timestamp="2019-08-08T19:54:10.292" intervalms="25.168" />
<cycle-start id="2035" type="partial gc" contextid="0" timestamp="2019-08-08T19:54:10.292" intervalms="25.142" />
<gc-start id="2036" type="partial gc" contextid="2035" timestamp="2019-08-08T19:54:10.292">
  <mem-info id="2037" free="33554432" total="115343360" percent="29">
    <mem type="eden" free="2097088" total="37748736" percent="5" />
    <remembered-set count="3424" freebytes="4597504" totalbytes="4611200" percent="99" regionsoverflowed="0" regionsstable="7" regionsrebuilding="0"/>
  </mem-info>
</gc-start>
<allocation-stats totalBytes="35429344" >
  <allocated-bytes non-tlh="0" tlh="35429344" arrayletleaf="0"/>
  <largest-consumer threadName="main" threadId="0000000001F80F00" bytes="35429344" />
</allocation-stats>
<gc-op id="2038" type="copy forward" timems="9.489" contextid="2035" timestamp="2019-08-08T19:54:10.303">
  <memory-copied type="eden" objects="2" bytes="64" bytesdiscarded="0" />
  <memory-copied type="other" objects="0" bytes="0" bytesdiscarded="0" />
  <memory-cardclean objects="14" bytes="416" />
  <regions eden="17" other="1" />
  <remembered-set-cleared processed="2052" cleared="0" durationms="0.157" />
  <stringconstants candidates="13816" cleared="0"  />
</gc-op>
<gc-op id="2039" type="classunload" timems="0.011" contextid="2035" timestamp="2019-08-08T19:54:10.303">
  <classunload-info classloadercandidates="54" classloadersunloaded="0" classesunloaded="0" anonymousclassesunloaded="0" quiescems="0.000" setupms="0.010" scanms="0.000" postms="0.000" />
</gc-op>
<gc-end id="2040" type="partial gc" contextid="2035" durationms="10.958" usertimems="28.143" systemtimems="0.000" timestamp="2019-08-08T19:54:10.303" activeThreads="16">
  <mem-info id="2041" free="69206016" total="115343360" percent="60">
    <mem type="eden" free="2097088" total="2097152" percent="99" />
    <remembered-set count="3904" freebytes="4595584" totalbytes="4611200" percent="99" regionsoverflowed="0" regionsstable="7" regionsrebuilding="0"/>
  </mem-info>
</gc-end>
<cycle-end id="2042" type="partial gc" contextid="2035" timestamp="2019-08-08T19:54:10.303" />
  <attribute name="elasticGC enabled" value="1" />
  <attribute name= "numThreadsSpecified" value="16" />
  <attribute name="heapSize specified" value="0" />
  <attribute name="Current GC Util" value="219" />
  <attribute name= "Current Time Running" value="91175" />
  <attribute name ="GC Interval" value="0" />
  <attribute name="Target GC Util Change" value ="80.000000" />
  <attribute name="Current GC Util Change" value="219.000000"/>
  <attribute name="Current Error" value="-392.000000" />
  <attribute name="Output H" value="115418592"/>
  <attribute name="Output I" value="1312"/>
  <attribute name="Output T" value="16"/>
  <attribute name= "Current Time Running" value="91175" />
  <attribute name="GC Util currently" value="219" />
  <attribute name="CPU Util currently" value="1114335380074" />
<exclusive-end id="2043" timestamp="2019-08-08T19:54:10.303" durationms="11.508" />

<exclusive-start id="2044" timestamp="2019-08-08T19:54:10.317" intervalms="25.374">
  <response-info timems="0.015" idlems="0.015" threads="0" lastid="0000000001F80F00" lastname="main" />
</exclusive-start>
<allocation-taxation id="2045" taxation-threshold="35651584" timestamp="2019-08-08T19:54:10.317" intervalms="25.366" />
<cycle-start id="2046" type="partial gc" contextid="0" timestamp="2019-08-08T19:54:10.317" intervalms="25.410" />
<gc-start id="2047" type="partial gc" contextid="2046" timestamp="2019-08-08T19:54:10.317">
  <mem-info id="2048" free="33554432" total="115343360" percent="29">
    <mem type="eden" free="2097088" total="37748736" percent="5" />
    <remembered-set count="3424" freebytes="4597504" totalbytes="4611200" percent="99" regionsoverflowed="0" regionsstable="7" regionsrebuilding="0"/>
  </mem-info>
</gc-start>
<allocation-stats totalBytes="35429344" >
  <allocated-bytes non-tlh="0" tlh="35429344" arrayletleaf="0"/>
  <largest-consumer threadName="main" threadId="0000000001F80F00" bytes="35429344" />
</allocation-stats>
<gc-op id="2049" type="copy forward" timems="9.748" contextid="2046" timestamp="2019-08-08T19:54:10.328">
  <memory-copied type="eden" objects="2" bytes="64" bytesdiscarded="0" />
  <memory-copied type="other" objects="0" bytes="0" bytesdiscarded="0" />
  <memory-cardclean objects="14" bytes="416" />
  <regions eden="17" other="1" />
  <remembered-set-cleared processed="2052" cleared="0" durationms="0.091" />
  <stringconstants candidates="13816" cleared="0"  />
</gc-op>
<gc-op id="2050" type="classunload" timems="0.008" contextid="2046" timestamp="2019-08-08T19:54:10.328">
  <classunload-info classloadercandidates="54" classloadersunloaded="0" classesunloaded="0" anonymousclassesunloaded="0" quiescems="0.000" setupms="0.008" scanms="0.000" postms="0.000" />
</gc-op>
<gc-end id="2051" type="partial gc" contextid="2046" durationms="10.931" usertimems="26.358" systemtimems="0.000" timestamp="2019-08-08T19:54:10.328" activeThreads="16">
  <mem-info id="2052" free="69206016" total="115343360" percent="60">
    <mem type="eden" free="2097088" total="2097152" percent="99" />
    <remembered-set count="3904" freebytes="4595584" totalbytes="4611200" percent="99" regionsoverflowed="0" regionsstable="7" regionsrebuilding="0"/>
  </mem-info>
</gc-end>
<cycle-end id="2053" type="partial gc" contextid="2046" timestamp="2019-08-08T19:54:10.328" />
  <attribute name="elasticGC enabled" value="1" />
  <attribute name= "numThreadsSpecified" value="16" />
  <attribute name="heapSize specified" value="0" />
  <attribute name="Current GC Util" value="129" />
  <attribute name= "Current Time Running" value="91200" />
  <attribute name ="GC Interval" value="0" />
  <attribute name="Target GC Util Change" value ="80.000000" />
  <attribute name="Current GC Util Change" value="129.000000"/>
  <attribute name="Current Error" value="-49.000000" />
  <attribute name="Output H" value="115418984"/>
  <attribute name="Output I" value="1928"/>
  <attribute name="Output T" value="16"/>
  <attribute name= "Current Time Running" value="91200" />
  <attribute name="GC Util currently" value="129" />
  <attribute name="CPU Util currently" value="1466733504546" />
<exclusive-end id="2054" timestamp="2019-08-08T19:54:10.329" durationms="11.488" />

<exclusive-start id="2055" timestamp="2019-08-08T19:54:10.370" intervalms="52.531">
  <response-info timems="0.023" idlems="0.023" threads="0" lastid="0000000001F80F00" lastname="main" />
</exclusive-start>
<allocation-taxation id="2056" taxation-threshold="35651584" timestamp="2019-08-08T19:54:10.370" intervalms="52.548" />
<cycle-start id="2057" type="partial gc" contextid="0" timestamp="2019-08-08T19:54:10.370" intervalms="52.530" />
<gc-start id="2058" type="partial gc" contextid="2057" timestamp="2019-08-08T19:54:10.370">
  <mem-info id="2059" free="33554432" total="115343360" percent="29">
    <mem type="eden" free="2097088" total="37748736" percent="5" />
    <remembered-set count="3424" freebytes="4597504" totalbytes="4611200" percent="99" regionsoverflowed="0" regionsstable="7" regionsrebuilding="0"/>
  </mem-info>
</gc-start>
<allocation-stats totalBytes="35641784" >
  <allocated-bytes non-tlh="0" tlh="35641784" arrayletleaf="0"/>
  <largest-consumer threadName="main" threadId="0000000001F80F00" bytes="35641784" />
</allocation-stats>
<gc-op id="2060" type="copy forward" timems="8.884" contextid="2057" timestamp="2019-08-08T19:54:10.380">
  <memory-copied type="eden" objects="151" bytes="4968" bytesdiscarded="1176" />
  <memory-copied type="other" objects="0" bytes="0" bytesdiscarded="0" />
  <memory-cardclean objects="72" bytes="2320" />
  <regions eden="17" other="1" />
  <remembered-set-cleared processed="2052" cleared="4" durationms="0.083" />
  <stringconstants candidates="13816" cleared="0"  />
</gc-op>
<gc-op id="2061" type="classunload" timems="0.008" contextid="2057" timestamp="2019-08-08T19:54:10.380">
  <classunload-info classloadercandidates="54" classloadersunloaded="0" classesunloaded="0" anonymousclassesunloaded="0" quiescems="0.000" setupms="0.007" scanms="0.000" postms="0.000" />
</gc-op>
<gc-end id="2062" type="partial gc" contextid="2057" durationms="10.261" usertimems="23.480" systemtimems="0.000" timestamp="2019-08-08T19:54:10.380" activeThreads="16">
  <mem-info id="2063" free="69206016" total="115343360" percent="60">
    <mem type="eden" free="2091008" total="2097152" percent="99" />
    <remembered-set count="4928" freebytes="4591488" totalbytes="4611200" percent="99" regionsoverflowed="0" regionsstable="7" regionsrebuilding="0"/>
  </mem-info>
</gc-end>
<cycle-end id="2064" type="partial gc" contextid="2057" timestamp="2019-08-08T19:54:10.380" />
  <attribute name="elasticGC enabled" value="1" />
  <attribute name= "numThreadsSpecified" value="16" />
  <attribute name="heapSize specified" value="0" />
  <attribute name="Current GC Util" value="91" />
  <attribute name= "Current Time Running" value="91253" />
  <attribute name ="GC Interval" value="0" />
  <attribute name="Target GC Util Change" value ="80.000000" />
  <attribute name="Current GC Util Change" value="91.000000"/>
  <attribute name="Current Error" value="-28.000000" />
  <attribute name="Output H" value="115419008"/>
  <attribute name="Output I" value="1960"/>
  <attribute name="Output T" value="16"/>
  <attribute name= "Current Time Running" value="91253" />
  <attribute name="GC Util currently" value="91" />
  <attribute name="CPU Util currently" value="1875141655028" />
<exclusive-end id="2065" timestamp="2019-08-08T19:54:10.380" durationms="10.829" />

<exclusive-start id="2066" timestamp="2019-08-08T19:54:10.446" intervalms="76.389">
  <response-info timems="0.014" idlems="0.014" threads="0" lastid="0000000001F80F00" lastname="main" />
</exclusive-start>
<allocation-taxation id="2067" taxation-threshold="35651584" timestamp="2019-08-08T19:54:10.446" intervalms="76.345" />
<cycle-start id="2068" type="partial gc" contextid="0" timestamp="2019-08-08T19:54:10.446" intervalms="76.309" />
<gc-start id="2069" type="partial gc" contextid="2068" timestamp="2019-08-08T19:54:10.446">
  <mem-info id="2070" free="33554432" total="115343360" percent="29">
    <mem type="eden" free="0" total="35651584" percent="0" />
    <remembered-set count="4480" freebytes="4593280" totalbytes="4611200" percent="99" regionsoverflowed="0" regionsstable="7" regionsrebuilding="0"/>
  </mem-info>
</gc-start>
<allocation-stats totalBytes="35646888" >
  <allocated-bytes non-tlh="0" tlh="35646888" arrayletleaf="0"/>
  <largest-consumer threadName="main" threadId="0000000001F80F00" bytes="35646888" />
</allocation-stats>
<gc-op id="2071" type="copy forward" timems="10.434" contextid="2068" timestamp="2019-08-08T19:54:10.458">
  <memory-copied type="eden" objects="241" bytes="7872" bytesdiscarded="2344" />
  <memory-copied type="other" objects="7" bytes="160" bytesdiscarded="680" />
  <memory-cardclean objects="111" bytes="11504" />
  <regions eden="17" other="1" />
  <remembered-set-cleared processed="2057" cleared="15" durationms="0.114" />
  <references type="weak" candidates="37" cleared="0" enqueued="0" />
  <stringconstants candidates="13816" cleared="0"  />
</gc-op>
<gc-op id="2072" type="classunload" timems="0.009" contextid="2068" timestamp="2019-08-08T19:54:10.458">
  <classunload-info classloadercandidates="54" classloadersunloaded="0" classesunloaded="0" anonymousclassesunloaded="0" quiescems="0.000" setupms="0.009" scanms="0.000" postms="0.000" />
</gc-op>
<heap-resize id="2073" type="expand" space="default" amount="6291456" count="1" timems="0.058" reason="excessive time being spent in gc" timestamp="2019-08-08T19:54:10.458" />
<gc-end id="2074" type="partial gc" contextid="2068" durationms="11.664" usertimems="31.278" systemtimems="0.000" timestamp="2019-08-08T19:54:10.458" activeThreads="16">
  <mem-info id="2075" free="73400320" total="121634816" percent="60">
    <mem type="eden" free="2086888" total="2097152" percent="99" />
    <remembered-set count="5376" freebytes="4841216" totalbytes="4862720" percent="99" regionsoverflowed="0" regionsstable="7" regionsrebuilding="0"/>
  </mem-info>
</gc-end>
<cycle-end id="2076" type="partial gc" contextid="2068" timestamp="2019-08-08T19:54:10.458" />
  <attribute name="elasticGC enabled" value="1" />
  <attribute name= "numThreadsSpecified" value="16" />
  <attribute name="heapSize specified" value="0" />
  <attribute name="Current GC Util" value="170" />
  <attribute name= "Current Time Running" value="91329" />
  <attribute name ="GC Interval" value="0" />
  <attribute name="Target GC Util Change" value ="80.000000" />
  <attribute name="Current GC Util Change" value="170.000000"/>
  <attribute name="Current Error" value="-68.000000" />
  <attribute name="Output H" value="115418968"/>
  <attribute name="Output I" value="1888"/>
  <attribute name="Output T" value="16"/>
  <attribute name= "Current Time Running" value="91329" />
  <attribute name="GC Util currently" value="170" />
  <attribute name="CPU Util currently" value="1626478949186" />
<exclusive-end id="2077" timestamp="2019-08-08T19:54:10.458" durationms="12.200" />

<exclusive-start id="2078" timestamp="2019-08-08T19:54:10.518" intervalms="72.369">
  <response-info timems="0.020" idlems="0.020" threads="0" lastid="0000000001F80F00" lastname="main" />
</exclusive-start>
<allocation-taxation id="2079" taxation-threshold="37748736" timestamp="2019-08-08T19:54:10.518" intervalms="72.371" />
<cycle-start id="2080" type="partial gc" contextid="0" timestamp="2019-08-08T19:54:10.518" intervalms="72.377" />
<gc-start id="2081" type="partial gc" contextid="2080" timestamp="2019-08-08T19:54:10.519">
  <mem-info id="2082" free="35651584" total="121634816" percent="29">
    <mem type="eden" free="0" total="37748736" percent="0" />
    <remembered-set count="2688" freebytes="4851968" totalbytes="4862720" percent="99" regionsoverflowed="0" regionsstable="9" regionsrebuilding="0"/>
  </mem-info>
</gc-start>
<allocation-stats totalBytes="37744048" >
  <allocated-bytes non-tlh="0" tlh="37744048" arrayletleaf="0"/>
  <largest-consumer threadName="main" threadId="0000000001F80F00" bytes="37744048" />
</allocation-stats>
<gc-op id="2083" type="copy forward" timems="8.401" contextid="2080" timestamp="2019-08-08T19:54:10.528">
  <memory-copied type="eden" objects="118" bytes="3568" bytesdiscarded="0" />
  <memory-copied type="other" objects="113" bytes="3968" bytesdiscarded="1712" />
  <memory-cardclean objects="64" bytes="10536" />
  <regions eden="18" other="1" />
  <remembered-set-cleared processed="428" cleared="6" durationms="0.102" />
  <references type="weak" candidates="37" cleared="0" enqueued="0" />
  <stringconstants candidates="13816" cleared="0"  />
</gc-op>
<gc-op id="2084" type="classunload" timems="0.007" contextid="2080" timestamp="2019-08-08T19:54:10.528">
  <classunload-info classloadercandidates="54" classloadersunloaded="0" classesunloaded="0" anonymousclassesunloaded="0" quiescems="0.000" setupms="0.006" scanms="0.000" postms="0.000" />
</gc-op>
<heap-resize id="2085" type="expand" space="default" amount="4194304" count="1" timems="0.055" reason="excessive time being spent in gc" timestamp="2019-08-08T19:54:10.528" />
<gc-end id="2086" type="partial gc" contextid="2080" durationms="9.601" usertimems="23.094" systemtimems="0.000" timestamp="2019-08-08T19:54:10.528" activeThreads="16">
  <mem-info id="2087" free="75497472" total="125829120" percent="60">
    <mem type="eden" free="2093584" total="2097152" percent="99" />
    <remembered-set count="3200" freebytes="5017600" totalbytes="5030400" percent="99" regionsoverflowed="0" regionsstable="9" regionsrebuilding="0"/>
  </mem-info>
</gc-end>
<cycle-end id="2088" type="partial gc" contextid="2080" timestamp="2019-08-08T19:54:10.528" />
  <attribute name="elasticGC enabled" value="1" />
  <attribute name= "numThreadsSpecified" value="16" />
  <attribute name="heapSize specified" value="0" />
  <attribute name="Current GC Util" value="263" />
  <attribute name= "Current Time Running" value="91401" />
  <attribute name ="GC Interval" value="0" />
  <attribute name="Target GC Util Change" value ="80.000000" />
  <attribute name="Current GC Util Change" value="263.000000"/>
  <attribute name="Current Error" value="-183.000000" />
  <attribute name="Output H" value="121710288"/>
  <attribute name="Output I" value="1688"/>
  <attribute name="Output T" value="16"/>
  <attribute name= "Current Time Running" value="91401" />
  <attribute name="GC Util currently" value="263" />
  <attribute name="CPU Util currently" value="1988021862034" />
<exclusive-end id="2089" timestamp="2019-08-08T19:54:10.529" durationms="10.316" />

<exclusive-start id="2090" timestamp="2019-08-08T19:54:10.551" intervalms="32.421">
  <response-info timems="0.022" idlems="0.022" threads="0" lastid="0000000001F80F00" lastname="main" />
</exclusive-start>
<allocation-taxation id="2091" taxation-threshold="37748736" timestamp="2019-08-08T19:54:10.551" intervalms="32.465" />
<cycle-start id="2092" type="partial gc" contextid="0" timestamp="2019-08-08T19:54:10.551" intervalms="32.584" />
<gc-start id="2093" type="partial gc" contextid="2092" timestamp="2019-08-08T19:54:10.551">
  <mem-info id="2094" free="37748736" total="125829120" percent="30">
    <mem type="eden" free="2093584" total="39845888" percent="5" />
    <remembered-set count="2752" freebytes="5019392" totalbytes="5030400" percent="99" regionsoverflowed="0" regionsstable="9" regionsrebuilding="0"/>
  </mem-info>
</gc-start>
<allocation-stats totalBytes="37727576" >
  <allocated-bytes non-tlh="0" tlh="37727576" arrayletleaf="0"/>
  <largest-consumer threadName="main" threadId="0000000001F80F00" bytes="37727576" />
</allocation-stats>
<gc-op id="2095" type="copy forward" timems="10.452" contextid="2092" timestamp="2019-08-08T19:54:10.563">
  <memory-copied type="eden" objects="136" bytes="4280" bytesdiscarded="1896" />
  <memory-copied type="other" objects="0" bytes="0" bytesdiscarded="0" />
  <memory-cardclean objects="82" bytes="3096" />
  <regions eden="18" other="1" />
  <remembered-set-cleared processed="436" cleared="6" durationms="0.769" />
  <stringconstants candidates="13816" cleared="0"  />
</gc-op>
<gc-op id="2096" type="classunload" timems="0.008" contextid="2092" timestamp="2019-08-08T19:54:10.563">
  <classunload-info classloadercandidates="54" classloadersunloaded="0" classesunloaded="0" anonymousclassesunloaded="0" quiescems="0.000" setupms="0.008" scanms="0.000" postms="0.000" />
</gc-op>
<gc-end id="2097" type="partial gc" contextid="2092" durationms="11.732" usertimems="28.774" systemtimems="0.000" timestamp="2019-08-08T19:54:10.563" activeThreads="16">
  <mem-info id="2098" free="75497472" total="125829120" percent="60">
    <mem type="eden" free="2090976" total="2097152" percent="99" />
    <remembered-set count="3456" freebytes="5016576" totalbytes="5030400" percent="99" regionsoverflowed="0" regionsstable="9" regionsrebuilding="0"/>
  </mem-info>
</gc-end>
<cycle-end id="2099" type="partial gc" contextid="2092" timestamp="2019-08-08T19:54:10.563" />
  <attribute name="elasticGC enabled" value="1" />
  <attribute name= "numThreadsSpecified" value="16" />
  <attribute name="heapSize specified" value="0" />
  <attribute name="Current GC Util" value="134" />
  <attribute name= "Current Time Running" value="91434" />
  <attribute name ="GC Interval" value="0" />
  <attribute name="Target GC Util Change" value ="80.000000" />
  <attribute name="Current GC Util Change" value="134.000000"/>
  <attribute name="Current Error" value="-225.000000" />
  <attribute name="Output H" value="125904544"/>
  <attribute name="Output I" value="1608"/>
  <attribute name="Output T" value="16"/>
  <attribute name= "Current Time Running" value="91434" />
  <attribute name="GC Util currently" value="134" />
  <attribute name="CPU Util currently" value="1593097494251" />
<exclusive-end id="2100" timestamp="2019-08-08T19:54:10.563" durationms="12.534" />

<exclusive-start id="2101" timestamp="2019-08-08T19:54:10.576" intervalms="24.741">
  <response-info timems="0.015" idlems="0.015" threads="0" lastid="0000000001F80F00" lastname="main" />
</exclusive-start>
<allocation-taxation id="2102" taxation-threshold="37748736" timestamp="2019-08-08T19:54:10.576" intervalms="24.693" />
<cycle-start id="2103" type="partial gc" contextid="0" timestamp="2019-08-08T19:54:10.576" intervalms="24.586" />
<gc-start id="2104" type="partial gc" contextid="2103" timestamp="2019-08-08T19:54:10.576">
  <mem-info id="2105" free="37748736" total="125829120" percent="30">
    <mem type="eden" free="0" total="37748736" percent="0" />
    <remembered-set count="2976" freebytes="5018496" totalbytes="5030400" percent="99" regionsoverflowed="0" regionsstable="9" regionsrebuilding="0"/>
  </mem-info>
</gc-start>
<allocation-stats totalBytes="37729160" >
  <allocated-bytes non-tlh="0" tlh="37729160" arrayletleaf="0"/>
  <largest-consumer threadName="main" threadId="0000000001F80F00" bytes="37729160" />
</allocation-stats>
<gc-op id="2106" type="copy forward" timems="9.924" contextid="2103" timestamp="2019-08-08T19:54:10.587">
  <memory-copied type="eden" objects="6" bytes="352" bytesdiscarded="0" />
  <memory-copied type="other" objects="130" bytes="4008" bytesdiscarded="2072" />
  <memory-cardclean objects="60" bytes="2504" />
  <regions eden="18" other="1" />
  <remembered-set-cleared processed="434" cleared="4" durationms="0.096" />
  <stringconstants candidates="13816" cleared="0"  />
</gc-op>
<gc-op id="2107" type="classunload" timems="0.007" contextid="2103" timestamp="2019-08-08T19:54:10.587">
  <classunload-info classloadercandidates="54" classloadersunloaded="0" classesunloaded="0" anonymousclassesunloaded="0" quiescems="0.000" setupms="0.007" scanms="0.000" postms="0.000" />
</gc-op>
<heap-resize id="2108" type="expand" space="default" amount="6291456" count="1" timems="0.074" reason="excessive time being spent in gc" timestamp="2019-08-08T19:54:10.587" />
<gc-end id="2109" type="partial gc" contextid="2103" durationms="11.183" usertimems="25.405" systemtimems="0.000" timestamp="2019-08-08T19:54:10.587" activeThreads="16">
  <mem-info id="2110" free="79691776" total="132120576" percent="60">
    <mem type="eden" free="2096800" total="2097152" percent="99" />
    <remembered-set count="3456" freebytes="5268096" totalbytes="5281920" percent="99" regionsoverflowed="0" regionsstable="9" regionsrebuilding="0"/>
  </mem-info>
</gc-end>
<cycle-end id="2111" type="partial gc" contextid="2103" timestamp="2019-08-08T19:54:10.587" />
  <attribute name="elasticGC enabled" value="1" />
  <attribute name= "numThreadsSpecified" value="16" />
  <attribute name="heapSize specified" value="0" />
  <attribute name="Current GC Util" value="160" />
  <attribute name= "Current Time Running" value="91458" />
  <attribute name ="GC Interval" value="0" />
  <attribute name="Target GC Util Change" value ="80.000000" />
  <attribute name="Current GC Util Change" value="160.000000"/>
  <attribute name="Current Error" value="-343.000000" />
  <attribute name="Output H" value="125904408"/>
  <attribute name="Output I" value="1400"/>
  <attribute name="Output T" value="16"/>
  <attribute name= "Current Time Running" value="91458" />
  <attribute name="GC Util currently" value="160" />
  <attribute name="CPU Util currently" value="1598939150481" />
<exclusive-end id="2112" timestamp="2019-08-08T19:54:10.587" durationms="11.713" />

<exclusive-start id="2113" timestamp="2019-08-08T19:54:10.602" intervalms="26.819">
  <response-info timems="0.019" idlems="0.019" threads="0" lastid="0000000001F80F00" lastname="main" />
</exclusive-start>
<allocation-taxation id="2114" taxation-threshold="39845888" timestamp="2019-08-08T19:54:10.602" intervalms="26.822" />
<cycle-start id="2115" type="partial gc" contextid="0" timestamp="2019-08-08T19:54:10.602" intervalms="26.844" />
<gc-start id="2116" type="partial gc" contextid="2115" timestamp="2019-08-08T19:54:10.603">
  <mem-info id="2117" free="39845888" total="132120576" percent="30">
    <mem type="eden" free="2096800" total="41943040" percent="4" />
    <remembered-set count="2976" freebytes="5270016" totalbytes="5281920" percent="99" regionsoverflowed="0" regionsstable="9" regionsrebuilding="0"/>
  </mem-info>
</gc-start>
<allocation-stats totalBytes="39825168" >
  <allocated-bytes non-tlh="0" tlh="39825168" arrayletleaf="0"/>
  <largest-consumer threadName="main" threadId="0000000001F80F00" bytes="39825168" />
</allocation-stats>
<gc-op id="2118" type="copy forward" timems="8.863" contextid="2115" timestamp="2019-08-08T19:54:10.613">
  <memory-copied type="eden" objects="6" bytes="256" bytesdiscarded="0" />
  <memory-copied type="other" objects="0" bytes="0" bytesdiscarded="0" />
  <memory-cardclean objects="13" bytes="456" />
  <regions eden="19" other="1" />
  <remembered-set-cleared processed="441" cleared="0" durationms="0.103" />
  <stringconstants candidates="13816" cleared="0"  />
</gc-op>
<gc-op id="2119" type="classunload" timems="0.006" contextid="2115" timestamp="2019-08-08T19:54:10.613">
  <classunload-info classloadercandidates="54" classloadersunloaded="0" classesunloaded="0" anonymousclassesunloaded="0" quiescems="0.000" setupms="0.006" scanms="0.000" postms="0.000" />
</gc-op>
<gc-end id="2120" type="partial gc" contextid="2115" durationms="9.938" usertimems="24.322" systemtimems="0.000" timestamp="2019-08-08T19:54:10.613" activeThreads="16">
  <mem-info id="2121" free="79691776" total="132120576" percent="60">
    <mem type="eden" free="2096896" total="2097152" percent="99" />
    <remembered-set count="2048" freebytes="5273728" totalbytes="5281920" percent="99" regionsoverflowed="0" regionsstable="9" regionsrebuilding="0"/>
  </mem-info>
</gc-end>
<cycle-end id="2122" type="partial gc" contextid="2115" timestamp="2019-08-08T19:54:10.613" />
  <attribute name="elasticGC enabled" value="1" />
  <attribute name= "numThreadsSpecified" value="16" />
  <attribute name="heapSize specified" value="0" />
  <attribute name="Current GC Util" value="201" />
  <attribute name= "Current Time Running" value="91485" />
  <attribute name ="GC Interval" value="0" />
  <attribute name="Target GC Util Change" value ="80.000000" />
  <attribute name="Current GC Util Change" value="201.000000"/>
  <attribute name="Current Error" value="-121.000000" />
  <attribute name="Output H" value="132196120"/>
  <attribute name="Output I" value="1792"/>
  <attribute name="Output T" value="16"/>
  <attribute name= "Current Time Running" value="91485" />
  <attribute name="GC Util currently" value="201" />
  <attribute name="CPU Util currently" value="1890583776031" />
<exclusive-end id="2123" timestamp="2019-08-08T19:54:10.613" durationms="10.575" />

<exclusive-start id="2124" timestamp="2019-08-08T19:54:10.626" intervalms="23.726">
  <response-info timems="0.014" idlems="0.014" threads="0" lastid="0000000001F80F00" lastname="main" />
</exclusive-start>
<allocation-taxation id="2125" taxation-threshold="39845888" timestamp="2019-08-08T19:54:10.626" intervalms="23.737" />
<cycle-start id="2126" type="partial gc" contextid="0" timestamp="2019-08-08T19:54:10.626" intervalms="23.743" />
<gc-start id="2127" type="partial gc" contextid="2126" timestamp="2019-08-08T19:54:10.626">
  <mem-info id="2128" free="39845888" total="132120576" percent="30">
    <mem type="eden" free="2096896" total="41943040" percent="4" />
    <remembered-set count="2048" freebytes="5273728" totalbytes="5281920" percent="99" regionsoverflowed="0" regionsstable="9" regionsrebuilding="0"/>
  </mem-info>
</gc-start>
<allocation-stats totalBytes="39825200" >
  <allocated-bytes non-tlh="0" tlh="39825200" arrayletleaf="0"/>
  <largest-consumer threadName="main" threadId="0000000001F80F00" bytes="39825200" />
</allocation-stats>
<gc-op id="2129" type="copy forward" timems="11.108" contextid="2126" timestamp="2019-08-08T19:54:10.638">
  <memory-copied type="eden" objects="6" bytes="408" bytesdiscarded="0" />
  <memory-copied type="other" objects="0" bytes="0" bytesdiscarded="0" />
  <memory-cardclean objects="13" bytes="456" />
  <regions eden="19" other="1" />
  <remembered-set-cleared processed="441" cleared="0" durationms="0.377" />
  <stringconstants candidates="13816" cleared="0"  />
</gc-op>
<gc-op id="2130" type="classunload" timems="0.008" contextid="2126" timestamp="2019-08-08T19:54:10.639">
  <classunload-info classloadercandidates="54" classloadersunloaded="0" classesunloaded="0" anonymousclassesunloaded="0" quiescems="0.000" setupms="0.008" scanms="0.000" postms="0.000" />
</gc-op>
<gc-end id="2131" type="partial gc" contextid="2126" durationms="12.220" usertimems="29.651" systemtimems="0.000" timestamp="2019-08-08T19:54:10.639" activeThreads="16">
  <mem-info id="2132" free="79691776" total="132120576" percent="60">
    <mem type="eden" free="2096744" total="2097152" percent="99" />
    <remembered-set count="2048" freebytes="5273728" totalbytes="5281920" percent="99" regionsoverflowed="0" regionsstable="9" regionsrebuilding="0"/>
  </mem-info>
</gc-end>
<cycle-end id="2133" type="partial gc" contextid="2126" timestamp="2019-08-08T19:54:10.639" />
  <attribute name="elasticGC enabled" value="1" />
  <attribute name= "numThreadsSpecified" value="16" />
  <attribute name="heapSize specified" value="0" />
  <attribute name="Current GC Util" value="131" />
  <attribute name= "Current Time Running" value="91509" />
  <attribute name ="GC Interval" value="0" />
  <attribute name="Target GC Util Change" value ="80.000000" />
  <attribute name="Current GC Util Change" value="131.000000"/>
  <attribute name="Current Error" value="-192.000000" />
  <attribute name="Output H" value="132196040"/>
  <attribute name="Output I" value="1672"/>
  <attribute name="Output T" value="16"/>
  <attribute name= "Current Time Running" value="91509" />
  <attribute name="GC Util currently" value="131" />
  <attribute name="CPU Util currently" value="1807971092290" />
<exclusive-end id="2134" timestamp="2019-08-08T19:54:10.639" durationms="13.010" />

<exclusive-start id="2135" timestamp="2019-08-08T19:54:10.653" intervalms="27.326">
  <response-info timems="0.017" idlems="0.017" threads="0" lastid="0000000001F80F00" lastname="main" />
</exclusive-start>
<allocation-taxation id="2136" taxation-threshold="39845888" timestamp="2019-08-08T19:54:10.653" intervalms="27.315" />
<cycle-start id="2137" type="partial gc" contextid="0" timestamp="2019-08-08T19:54:10.654" intervalms="27.319" />
<gc-start id="2138" type="partial gc" contextid="2137" timestamp="2019-08-08T19:54:10.654">
  <mem-info id="2139" free="39845888" total="132120576" percent="30">
    <mem type="eden" free="2096744" total="41943040" percent="4" />
    <remembered-set count="2048" freebytes="5273728" totalbytes="5281920" percent="99" regionsoverflowed="0" regionsstable="9" regionsrebuilding="0"/>
  </mem-info>
</gc-start>
<allocation-stats totalBytes="39824472" >
  <allocated-bytes non-tlh="0" tlh="39824472" arrayletleaf="0"/>
  <largest-consumer threadName="main" threadId="0000000001F80F00" bytes="39824472" />
</allocation-stats>
<gc-op id="2140" type="copy forward" timems="10.887" contextid="2137" timestamp="2019-08-08T19:54:10.666">
  <memory-copied type="eden" objects="6" bytes="320" bytesdiscarded="0" />
  <memory-copied type="other" objects="0" bytes="0" bytesdiscarded="0" />
  <memory-cardclean objects="13" bytes="456" />
  <regions eden="19" other="1" />
  <remembered-set-cleared processed="441" cleared="0" durationms="0.087" />
  <stringconstants candidates="13816" cleared="0"  />
</gc-op>
<gc-op id="2141" type="classunload" timems="0.008" contextid="2137" timestamp="2019-08-08T19:54:10.666">
  <classunload-info classloadercandidates="54" classloadersunloaded="0" classesunloaded="0" anonymousclassesunloaded="0" quiescems="0.000" setupms="0.008" scanms="0.000" postms="0.000" />
</gc-op>
<gc-end id="2142" type="partial gc" contextid="2137" durationms="12.180" usertimems="25.773" systemtimems="0.000" timestamp="2019-08-08T19:54:10.666" activeThreads="16">
  <mem-info id="2143" free="79691776" total="132120576" percent="60">
    <mem type="eden" free="2096832" total="2097152" percent="99" />
    <remembered-set count="2048" freebytes="5273728" totalbytes="5281920" percent="99" regionsoverflowed="0" regionsstable="9" regionsrebuilding="0"/>
  </mem-info>
</gc-end>
<cycle-end id="2144" type="partial gc" contextid="2137" timestamp="2019-08-08T19:54:10.666" />
  <attribute name="elasticGC enabled" value="1" />
  <attribute name= "numThreadsSpecified" value="16" />
  <attribute name="heapSize specified" value="0" />
  <attribute name="Current GC Util" value="157" />
  <attribute name= "Current Time Running" value="91537" />
  <attribute name ="GC Interval" value="0" />
  <attribute name="Target GC Util Change" value ="80.000000" />
  <attribute name="Current GC Util Change" value="157.000000"/>
  <attribute name="Current Error" value="-296.000000" />
  <attribute name="Output H" value="132195920"/>
  <attribute name="Output I" value="1480"/>
  <attribute name="Output T" value="16"/>
  <attribute name= "Current Time Running" value="91537" />
  <attribute name="GC Util currently" value="157" />
  <attribute name="CPU Util currently" value="1428491828311" />
<exclusive-end id="2145" timestamp="2019-08-08T19:54:10.666" durationms="12.947" />

<exclusive-start id="2146" timestamp="2019-08-08T19:54:10.681" intervalms="27.902">
  <response-info timems="0.019" idlems="0.019" threads="0" lastid="0000000001F80F00" lastname="main" />
</exclusive-start>
<allocation-taxation id="2147" taxation-threshold="39845888" timestamp="2019-08-08T19:54:10.681" intervalms="27.901" />
<cycle-start id="2148" type="partial gc" contextid="0" timestamp="2019-08-08T19:54:10.681" intervalms="27.892" />
<gc-start id="2149" type="partial gc" contextid="2148" timestamp="2019-08-08T19:54:10.682">
  <mem-info id="2150" free="39845888" total="132120576" percent="30">
    <mem type="eden" free="2096832" total="41943040" percent="4" />
    <remembered-set count="2048" freebytes="5273728" totalbytes="5281920" percent="99" regionsoverflowed="0" regionsstable="9" regionsrebuilding="0"/>
  </mem-info>
</gc-start>
<allocation-stats totalBytes="39824496" >
  <allocated-bytes non-tlh="0" tlh="39824496" arrayletleaf="0"/>
  <largest-consumer threadName="main" threadId="0000000001F80F00" bytes="39824496" />
</allocation-stats>
<gc-op id="2151" type="copy forward" timems="11.260" contextid="2148" timestamp="2019-08-08T19:54:10.697">
  <memory-copied type="eden" objects="28" bytes="1632" bytesdiscarded="608" />
  <memory-copied type="other" objects="0" bytes="0" bytesdiscarded="0" />
  <memory-cardclean objects="83" bytes="2424" />
  <regions eden="19" other="1" />
  <remembered-set-cleared processed="441" cleared="6" durationms="0.390" />
  <stringconstants candidates="13816" cleared="0"  />
</gc-op>
<gc-op id="2152" type="classunload" timems="0.008" contextid="2148" timestamp="2019-08-08T19:54:10.697">
  <classunload-info classloadercandidates="54" classloadersunloaded="0" classesunloaded="0" anonymousclassesunloaded="0" quiescems="0.000" setupms="0.007" scanms="0.000" postms="0.000" />
</gc-op>
<gc-end id="2153" type="partial gc" contextid="2148" durationms="15.740" usertimems="38.855" systemtimems="0.000" timestamp="2019-08-08T19:54:10.698" activeThreads="16">
  <mem-info id="2154" free="79691776" total="132120576" percent="60">
    <mem type="eden" free="2094912" total="2097152" percent="99" />
    <remembered-set count="3040" freebytes="5269760" totalbytes="5281920" percent="99" regionsoverflowed="0" regionsstable="9" regionsrebuilding="0"/>
  </mem-info>
</gc-end>
<cycle-end id="2155" type="partial gc" contextid="2148" timestamp="2019-08-08T19:54:10.698" />
  <attribute name="elasticGC enabled" value="1" />
  <attribute name= "numThreadsSpecified" value="16" />
  <attribute name="heapSize specified" value="0" />
  <attribute name="Current GC Util" value="221" />
  <attribute name= "Current Time Running" value="91568" />
  <attribute name ="GC Interval" value="0" />
  <attribute name="Target GC Util Change" value ="80.000000" />
  <attribute name="Current GC Util Change" value="221.000000"/>
  <attribute name="Current Error" value="-141.000000" />
  <attribute name="Output H" value="132196096"/>
  <attribute name="Output I" value="1760"/>
  <attribute name="Output T" value="16"/>
  <attribute name= "Current Time Running" value="91568" />
  <attribute name="GC Util currently" value="221" />
  <attribute name="CPU Util currently" value="290659701173" />
<exclusive-end id="2156" timestamp="2019-08-08T19:54:10.698" durationms="16.465" />

<exclusive-start id="2157" timestamp="2019-08-08T19:54:10.712" intervalms="30.323">
  <response-info timems="0.017" idlems="0.017" threads="0" lastid="0000000001F80F00" lastname="main" />
</exclusive-start>
<allocation-taxation id="2158" taxation-threshold="39845888" timestamp="2019-08-08T19:54:10.712" intervalms="30.326" />
<cycle-start id="2159" type="partial gc" contextid="0" timestamp="2019-08-08T19:54:10.712" intervalms="30.321" />
<gc-start id="2160" type="partial gc" contextid="2159" timestamp="2019-08-08T19:54:10.712">
  <mem-info id="2161" free="39845888" total="132120576" percent="30">
    <mem type="eden" free="0" total="39845888" percent="0" />
    <remembered-set count="2560" freebytes="5271680" totalbytes="5281920" percent="99" regionsoverflowed="0" regionsstable="9" regionsrebuilding="0"/>
  </mem-info>
</gc-start>
<allocation-stats totalBytes="39811128" >
  <allocated-bytes non-tlh="0" tlh="39811128" arrayletleaf="0"/>
  <largest-consumer threadName="main" threadId="0000000001F80F00" bytes="39811128" />
</allocation-stats>
<gc-op id="2162" type="copy forward" timems="7.925" contextid="2159" timestamp="2019-08-08T19:54:10.721">
  <memory-copied type="eden" objects="6" bytes="328" bytesdiscarded="0" />
  <memory-copied type="other" objects="22" bytes="944" bytesdiscarded="608" />
  <memory-cardclean objects="51" bytes="1912" />
  <regions eden="19" other="1" />
  <remembered-set-cleared processed="439" cleared="4" durationms="0.102" />
  <stringconstants candidates="13816" cleared="0"  />
</gc-op>
<gc-op id="2163" type="classunload" timems="0.008" contextid="2159" timestamp="2019-08-08T19:54:10.721">
  <classunload-info classloadercandidates="54" classloadersunloaded="0" classesunloaded="0" anonymousclassesunloaded="0" quiescems="0.000" setupms="0.008" scanms="0.000" postms="0.000" />
</gc-op>
<heap-resize id="2164" type="expand" space="default" amount="4194304" count="1" timems="0.064" reason="excessive time being spent in gc" timestamp="2019-08-08T19:54:10.721" />
<gc-end id="2165" type="partial gc" contextid="2159" durationms="9.221" usertimems="22.142" systemtimems="0.000" timestamp="2019-08-08T19:54:10.721" activeThreads="16">
  <mem-info id="2166" free="81788928" total="136314880" percent="60">
    <mem type="eden" free="2096824" total="2097152" percent="99" />
    <remembered-set count="3552" freebytes="5435392" totalbytes="5449600" percent="99" regionsoverflowed="0" regionsstable="9" regionsrebuilding="0"/>
  </mem-info>
</gc-end>
<cycle-end id="2167" type="partial gc" contextid="2159" timestamp="2019-08-08T19:54:10.721" />
  <attribute name="elasticGC enabled" value="1" />
  <attribute name= "numThreadsSpecified" value="16" />
  <attribute name="heapSize specified" value="0" />
  <attribute name="Current GC Util" value="161" />
  <attribute name= "Current Time Running" value="91595" />
  <attribute name ="GC Interval" value="0" />
  <attribute name="Target GC Util Change" value ="80.000000" />
  <attribute name="Current GC Util Change" value="161.000000"/>
  <attribute name="Current Error" value="-256.000000" />
  <attribute name="Output H" value="132195968"/>
  <attribute name="Output I" value="1552"/>
  <attribute name="Output T" value="16"/>
  <attribute name= "Current Time Running" value="91595" />
  <attribute name="GC Util currently" value="161" />
  <attribute name="CPU Util currently" value="1785014869999" />
<exclusive-end id="2168" timestamp="2019-08-08T19:54:10.722" durationms="9.972" />

<exclusive-start id="2169" timestamp="2019-08-08T19:54:10.737" intervalms="24.923">
  <response-info timems="0.019" idlems="0.019" threads="0" lastid="0000000001F80F00" lastname="main" />
</exclusive-start>
<allocation-taxation id="2170" taxation-threshold="41943040" timestamp="2019-08-08T19:54:10.737" intervalms="24.946" />
<cycle-start id="2171" type="partial gc" contextid="0" timestamp="2019-08-08T19:54:10.737" intervalms="24.964" />
<gc-start id="2172" type="partial gc" contextid="2171" timestamp="2019-08-08T19:54:10.737">
  <mem-info id="2173" free="39845888" total="136314880" percent="29">
    <mem type="eden" free="2096824" total="44040192" percent="4" />
    <remembered-set count="3072" freebytes="5437312" totalbytes="5449600" percent="99" regionsoverflowed="0" regionsstable="9" regionsrebuilding="0"/>
  </mem-info>
</gc-start>
<allocation-stats totalBytes="41905392" >
  <allocated-bytes non-tlh="0" tlh="41905392" arrayletleaf="0"/>
  <largest-consumer threadName="main" threadId="0000000001F80F00" bytes="41905392" />
</allocation-stats>
<gc-op id="2174" type="copy forward" timems="8.833" contextid="2171" timestamp="2019-08-08T19:54:10.747">
  <memory-copied type="eden" objects="6" bytes="352" bytesdiscarded="0" />
  <memory-copied type="other" objects="0" bytes="0" bytesdiscarded="0" />
  <memory-cardclean objects="16" bytes="520" />
  <regions eden="20" other="1" />
  <remembered-set-cleared processed="444" cleared="0" durationms="0.087" />
  <stringconstants candidates="13816" cleared="0"  />
</gc-op>
<gc-op id="2175" type="classunload" timems="0.009" contextid="2171" timestamp="2019-08-08T19:54:10.748">
  <classunload-info classloadercandidates="54" classloadersunloaded="0" classesunloaded="0" anonymousclassesunloaded="0" quiescems="0.000" setupms="0.009" scanms="0.000" postms="0.000" />
</gc-op>
<gc-end id="2176" type="partial gc" contextid="2171" durationms="10.566" usertimems="25.885" systemtimems="0.000" timestamp="2019-08-08T19:54:10.748" activeThreads="16">
  <mem-info id="2177" free="81788928" total="136314880" percent="60">
    <mem type="eden" free="2096800" total="2097152" percent="99" />
    <remembered-set count="2208" freebytes="5440768" totalbytes="5449600" percent="99" regionsoverflowed="0" regionsstable="9" regionsrebuilding="0"/>
  </mem-info>
</gc-end>
<cycle-end id="2178" type="partial gc" contextid="2171" timestamp="2019-08-08T19:54:10.748" />
  <attribute name="elasticGC enabled" value="1" />
  <attribute name= "numThreadsSpecified" value="16" />
  <attribute name="heapSize specified" value="0" />
  <attribute name="Current GC Util" value="283" />
  <attribute name= "Current Time Running" value="91620" />
  <attribute name ="GC Interval" value="0" />
  <attribute name="Target GC Util Change" value ="80.000000" />
  <attribute name="Current GC Util Change" value="283.000000"/>
  <attribute name="Current Error" value="-466.000000" />
  <attribute name="Output H" value="136390024"/>
  <attribute name="Output I" value="1176"/>
  <attribute name="Output T" value="16"/>
  <attribute name= "Current Time Running" value="91620" />
  <attribute name="GC Util currently" value="283" />
  <attribute name="CPU Util currently" value="926744028576" />
<exclusive-end id="2179" timestamp="2019-08-08T19:54:10.748" durationms="11.504" />

<exclusive-start id="2180" timestamp="2019-08-08T19:54:10.793" intervalms="56.010">
  <response-info timems="0.016" idlems="0.016" threads="0" lastid="0000000001F80F00" lastname="main" />
</exclusive-start>
<allocation-taxation id="2181" taxation-threshold="41943040" timestamp="2019-08-08T19:54:10.793" intervalms="55.984" />
<cycle-start id="2182" type="partial gc" contextid="0" timestamp="2019-08-08T19:54:10.793" intervalms="56.011" />
<gc-start id="2183" type="partial gc" contextid="2182" timestamp="2019-08-08T19:54:10.793">
  <mem-info id="2184" free="39845888" total="136314880" percent="29">
    <mem type="eden" free="2096800" total="44040192" percent="4" />
    <remembered-set count="2208" freebytes="5440768" totalbytes="5449600" percent="99" regionsoverflowed="0" regionsstable="9" regionsrebuilding="0"/>
  </mem-info>
</gc-start>
<allocation-stats totalBytes="41929096" >
  <allocated-bytes non-tlh="0" tlh="41929096" arrayletleaf="0"/>
  <largest-consumer threadName="main" threadId="0000000001F80F00" bytes="41929096" />
</allocation-stats>
<gc-op id="2185" type="copy forward" timems="8.736" contextid="2182" timestamp="2019-08-08T19:54:10.803">
  <memory-copied type="eden" objects="50" bytes="2296" bytesdiscarded="1376" />
  <memory-copied type="other" objects="0" bytes="0" bytesdiscarded="0" />
  <memory-cardclean objects="86" bytes="2488" />
  <regions eden="20" other="1" />
  <remembered-set-cleared processed="444" cleared="8" durationms="0.090" />
  <stringconstants candidates="13816" cleared="0"  />
</gc-op>
<gc-op id="2186" type="classunload" timems="0.008" contextid="2182" timestamp="2019-08-08T19:54:10.803">
  <classunload-info classloadercandidates="54" classloadersunloaded="0" classesunloaded="0" anonymousclassesunloaded="0" quiescems="0.000" setupms="0.008" scanms="0.000" postms="0.000" />
</gc-op>
<gc-end id="2187" type="partial gc" contextid="2182" durationms="9.873" usertimems="21.029" systemtimems="0.000" timestamp="2019-08-08T19:54:10.803" activeThreads="16">
  <mem-info id="2188" free="81788928" total="136314880" percent="60">
    <mem type="eden" free="2093480" total="2097152" percent="99" />
    <remembered-set count="3584" freebytes="5435264" totalbytes="5449600" percent="99" regionsoverflowed="0" regionsstable="9" regionsrebuilding="0"/>
  </mem-info>
</gc-end>
<cycle-end id="2189" type="partial gc" contextid="2182" timestamp="2019-08-08T19:54:10.803" />
  <attribute name="elasticGC enabled" value="1" />
  <attribute name= "numThreadsSpecified" value="16" />
  <attribute name="heapSize specified" value="0" />
  <attribute name="Current GC Util" value="133" />
  <attribute name= "Current Time Running" value="91676" />
  <attribute name ="GC Interval" value="0" />
  <attribute name="Target GC Util Change" value ="80.000000" />
  <attribute name="Current GC Util Change" value="133.000000"/>
  <attribute name="Current Error" value="-53.000000" />
  <attribute name="Output H" value="136390504"/>
  <attribute name="Output I" value="1920"/>
  <attribute name="Output T" value="16"/>
  <attribute name= "Current Time Running" value="91676" />
  <attribute name="GC Util currently" value="133" />
  <attribute name="CPU Util currently" value="1830083460990" />
<exclusive-end id="2190" timestamp="2019-08-08T19:54:10.803" durationms="10.494" />

<exclusive-start id="2191" timestamp="2019-08-08T19:54:10.849" intervalms="56.759">
  <response-info timems="0.024" idlems="0.024" threads="0" lastid="0000000001F80F00" lastname="main" />
</exclusive-start>
<allocation-taxation id="2192" taxation-threshold="41943040" timestamp="2019-08-08T19:54:10.849" intervalms="56.774" />
<cycle-start id="2193" type="partial gc" contextid="0" timestamp="2019-08-08T19:54:10.849" intervalms="56.749" />
<gc-start id="2194" type="partial gc" contextid="2193" timestamp="2019-08-08T19:54:10.850">
  <mem-info id="2195" free="39845888" total="136314880" percent="29">
    <mem type="eden" free="0" total="41943040" percent="0" />
    <remembered-set count="3104" freebytes="5437184" totalbytes="5449600" percent="99" regionsoverflowed="0" regionsstable="9" regionsrebuilding="0"/>
  </mem-info>
</gc-start>
<allocation-stats totalBytes="41934232" >
  <allocated-bytes non-tlh="0" tlh="41934232" arrayletleaf="0"/>
  <largest-consumer threadName="main" threadId="0000000001F80F00" bytes="41934232" />
</allocation-stats>
<gc-op id="2196" type="copy forward" timems="11.645" contextid="2193" timestamp="2019-08-08T19:54:10.862">
  <memory-copied type="eden" objects="19" bytes="880" bytesdiscarded="0" />
  <memory-copied type="other" objects="22" bytes="968" bytesdiscarded="1376" />
  <memory-cardclean objects="54" bytes="1976" />
  <regions eden="20" other="1" />
  <remembered-set-cleared processed="442" cleared="6" durationms="0.104" />
  <stringconstants candidates="13816" cleared="0"  />
</gc-op>
<gc-op id="2197" type="classunload" timems="0.009" contextid="2193" timestamp="2019-08-08T19:54:10.862">
  <classunload-info classloadercandidates="54" classloadersunloaded="0" classesunloaded="0" anonymousclassesunloaded="0" quiescems="0.000" setupms="0.009" scanms="0.000" postms="0.000" />
</gc-op>
<heap-resize id="2198" type="expand" space="default" amount="6291456" count="1" timems="0.094" reason="excessive time being spent in gc" timestamp="2019-08-08T19:54:10.863" />
<gc-end id="2199" type="partial gc" contextid="2193" durationms="13.003" usertimems="28.802" systemtimems="0.000" timestamp="2019-08-08T19:54:10.863" activeThreads="16">
  <mem-info id="2200" free="85983232" total="142606336" percent="60">
    <mem type="eden" free="2096272" total="2097152" percent="99" />
    <remembered-set count="4096" freebytes="5684736" totalbytes="5701120" percent="99" regionsoverflowed="0" regionsstable="9" regionsrebuilding="0"/>
  </mem-info>
</gc-end>
<cycle-end id="2201" type="partial gc" contextid="2193" timestamp="2019-08-08T19:54:10.863" />
  <attribute name="elasticGC enabled" value="1" />
  <attribute name= "numThreadsSpecified" value="16" />
  <attribute name="heapSize specified" value="0" />
  <attribute name="Current GC Util" value="153" />
  <attribute name= "Current Time Running" value="91732" />
  <attribute name ="GC Interval" value="0" />
  <attribute name="Target GC Util Change" value ="80.000000" />
  <attribute name="Current GC Util Change" value="153.000000"/>
  <attribute name="Current Error" value="-82.000000" />
  <attribute name="Output H" value="136390472"/>
  <attribute name="Output I" value="1864"/>
  <attribute name="Output T" value="16"/>
  <attribute name= "Current Time Running" value="91732" />
  <attribute name="GC Util currently" value="153" />
  <attribute name="CPU Util currently" value="1501141190930" />
<exclusive-end id="2202" timestamp="2019-08-08T19:54:10.863" durationms="13.706" />

<exclusive-start id="2203" timestamp="2019-08-08T19:54:11.065" intervalms="215.649">
  <response-info timems="0.020" idlems="0.020" threads="0" lastid="0000000001F80F00" lastname="main" />
</exclusive-start>
<allocation-taxation id="2204" taxation-threshold="41943040" timestamp="2019-08-08T19:54:11.065" intervalms="215.645" />
<cycle-start id="2205" type="partial gc" contextid="0" timestamp="2019-08-08T19:54:11.065" intervalms="215.670" />
<gc-start id="2206" type="partial gc" contextid="2205" timestamp="2019-08-08T19:54:11.065">
  <mem-info id="2207" free="44040192" total="142606336" percent="30">
    <mem type="eden" free="2096272" total="44040192" percent="4" />
    <remembered-set count="3616" freebytes="5686656" totalbytes="5701120" percent="99" regionsoverflowed="0" regionsstable="9" regionsrebuilding="0"/>
  </mem-info>
</gc-start>
<allocation-stats totalBytes="39937480" >
  <allocated-bytes non-tlh="0" tlh="39937480" arrayletleaf="0"/>
  <largest-consumer threadName="main" threadId="0000000001F80F00" bytes="39937480" />
</allocation-stats>
<gc-op id="2208" type="copy forward" timems="9.325" contextid="2205" timestamp="2019-08-08T19:54:11.076">
  <memory-copied type="eden" objects="98" bytes="17192" bytesdiscarded="864" />
  <memory-copied type="other" objects="0" bytes="0" bytesdiscarded="0" />
  <memory-cardclean objects="124" bytes="3440" />
  <regions eden="20" other="1" />
  <remembered-set-cleared processed="447" cleared="10" durationms="0.088" />
  <stringconstants candidates="13816" cleared="0"  />
</gc-op>
<gc-op id="2209" type="classunload" timems="0.008" contextid="2205" timestamp="2019-08-08T19:54:11.076">
  <classunload-info classloadercandidates="54" classloadersunloaded="0" classesunloaded="0" anonymousclassesunloaded="0" quiescems="0.000" setupms="0.008" scanms="0.000" postms="0.000" />
</gc-op>
<gc-end id="2210" type="partial gc" contextid="2205" durationms="10.882" usertimems="22.857" systemtimems="0.000" timestamp="2019-08-08T19:54:11.076" activeThreads="16">
  <mem-info id="2211" free="85983232" total="142606336" percent="60">
    <mem type="eden" free="2079096" total="2097152" percent="99" />
    <remembered-set count="3616" freebytes="5686656" totalbytes="5701120" percent="99" regionsoverflowed="0" regionsstable="9" regionsrebuilding="0"/>
  </mem-info>
</gc-end>
<cycle-end id="2212" type="partial gc" contextid="2205" timestamp="2019-08-08T19:54:11.076" />
  <attribute name="elasticGC enabled" value="1" />
  <attribute name= "numThreadsSpecified" value="16" />
  <attribute name="heapSize specified" value="0" />
  <attribute name="Current GC Util" value="75" />
  <attribute name= "Current Time Running" value="91948" />
  <attribute name ="GC Interval" value="0" />
  <attribute name="Target GC Util Change" value ="80.000000" />
  <attribute name="Current GC Util Change" value="75.000000"/>
  <attribute name="Current Error" value="-9.000000" />
  <attribute name="Output H" value="142682008"/>
  <attribute name="Output I" value="1992"/>
  <attribute name="Output T" value="16"/>
  <attribute name= "Current Time Running" value="91948" />
  <attribute name="GC Util currently" value="75" />
  <attribute name="CPU Util currently" value="1071004610084" />
<exclusive-end id="2213" timestamp="2019-08-08T19:54:11.076" durationms="11.483" />

<exclusive-start id="2214" timestamp="2019-08-08T19:54:11.110" intervalms="44.564">
  <response-info timems="0.014" idlems="0.014" threads="0" lastid="0000000001F80F00" lastname="main" />
</exclusive-start>
<allocation-taxation id="2215" taxation-threshold="41943040" timestamp="2019-08-08T19:54:11.110" intervalms="44.558" />
<cycle-start id="2216" type="partial gc" contextid="0" timestamp="2019-08-08T19:54:11.110" intervalms="44.516" />
<gc-start id="2217" type="partial gc" contextid="2216" timestamp="2019-08-08T19:54:11.110">
  <mem-info id="2218" free="44040192" total="142606336" percent="30">
    <mem type="eden" free="0" total="41943040" percent="0" />
    <remembered-set count="3136" freebytes="5688576" totalbytes="5701120" percent="99" regionsoverflowed="0" regionsstable="9" regionsrebuilding="0"/>
  </mem-info>
</gc-start>
<allocation-stats totalBytes="41937792" >
  <allocated-bytes non-tlh="0" tlh="41937792" arrayletleaf="0"/>
  <largest-consumer threadName="main" threadId="0000000001F80F00" bytes="41937792" />
</allocation-stats>
<gc-op id="2219" type="copy forward" timems="9.522" contextid="2216" timestamp="2019-08-08T19:54:11.120">
  <memory-copied type="eden" objects="131" bytes="7328" bytesdiscarded="0" />
  <memory-copied type="other" objects="67" bytes="2320" bytesdiscarded="120" />
  <memory-cardclean objects="95" bytes="2976" />
  <regions eden="20" other="1" />
  <remembered-set-cleared processed="445" cleared="8" durationms="0.097" />
  <stringconstants candidates="13816" cleared="0"  />
</gc-op>
<gc-op id="2220" type="classunload" timems="0.008" contextid="2216" timestamp="2019-08-08T19:54:11.120">
  <classunload-info classloadercandidates="54" classloadersunloaded="0" classesunloaded="0" anonymousclassesunloaded="0" quiescems="0.000" setupms="0.007" scanms="0.000" postms="0.000" />
</gc-op>
<gc-end id="2221" type="partial gc" contextid="2216" durationms="10.601" usertimems="29.222" systemtimems="0.000" timestamp="2019-08-08T19:54:11.121" activeThreads="16">
  <mem-info id="2222" free="83886080" total="142606336" percent="58">
    <mem type="eden" free="2089824" total="2097152" percent="99" />
    <remembered-set count="2592" freebytes="5690752" totalbytes="5701120" percent="99" regionsoverflowed="0" regionsstable="9" regionsrebuilding="0"/>
  </mem-info>
</gc-end>
<cycle-end id="2223" type="partial gc" contextid="2216" timestamp="2019-08-08T19:54:11.121" />
  <attribute name="elasticGC enabled" value="1" />
  <attribute name= "numThreadsSpecified" value="16" />
  <attribute name="heapSize specified" value="0" />
  <attribute name="Current GC Util" value="182" />
  <attribute name= "Current Time Running" value="91992" />
  <attribute name ="GC Interval" value="0" />
  <attribute name="Target GC Util Change" value ="80.000000" />
  <attribute name="Current GC Util Change" value="182.000000"/>
  <attribute name="Current Error" value="-102.000000" />
  <attribute name="Output H" value="142681904"/>
  <attribute name="Output I" value="1832"/>
  <attribute name="Output T" value="16"/>
  <attribute name= "Current Time Running" value="91992" />
  <attribute name="GC Util currently" value="182" />
  <attribute name="CPU Util currently" value="1887491721886" />
<exclusive-end id="2224" timestamp="2019-08-08T19:54:11.121" durationms="11.203" />

<exclusive-start id="2225" timestamp="2019-08-08T19:54:11.261" intervalms="151.797">
  <response-info timems="0.018" idlems="0.018" threads="0" lastid="0000000001F80F00" lastname="main" />
</exclusive-start>
<allocation-taxation id="2226" taxation-threshold="41943040" timestamp="2019-08-08T19:54:11.261" intervalms="151.794" />
<cycle-start id="2227" type="partial gc" contextid="0" timestamp="2019-08-08T19:54:11.261" intervalms="151.779" />
<gc-start id="2228" type="partial gc" contextid="2227" timestamp="2019-08-08T19:54:11.262">
  <mem-info id="2229" free="41943040" total="142606336" percent="29">
    <mem type="eden" free="0" total="41943040" percent="0" />
    <remembered-set count="2240" freebytes="5692160" totalbytes="5701120" percent="99" regionsoverflowed="0" regionsstable="9" regionsrebuilding="0"/>
  </mem-info>
</gc-start>
<allocation-stats totalBytes="41938544" >
  <allocated-bytes non-tlh="0" tlh="41938544" arrayletleaf="0"/>
  <largest-consumer threadName="main" threadId="0000000001F80F00" bytes="41938544" />
</allocation-stats>
<gc-op id="2230" type="copy forward" timems="10.341" contextid="2227" timestamp="2019-08-08T19:54:11.273">
  <memory-copied type="eden" objects="35" bytes="1048" bytesdiscarded="600" />
  <memory-copied type="other" objects="6" bytes="136" bytesdiscarded="728" />
  <memory-cardclean objects="115" bytes="3480" />
  <regions eden="20" other="1" />
  <remembered-set-cleared processed="450" cleared="2" durationms="0.095" />
  <stringconstants candidates="13816" cleared="0"  />
</gc-op>
<gc-op id="2231" type="classunload" timems="0.007" contextid="2227" timestamp="2019-08-08T19:54:11.273">
  <classunload-info classloadercandidates="54" classloadersunloaded="0" classesunloaded="0" anonymousclassesunloaded="0" quiescems="0.000" setupms="0.007" scanms="0.000" postms="0.000" />
</gc-op>
<gc-end id="2232" type="partial gc" contextid="2227" durationms="11.972" usertimems="24.401" systemtimems="0.000" timestamp="2019-08-08T19:54:11.274" activeThreads="16">
  <mem-info id="2233" free="81788928" total="142606336" percent="57">
    <mem type="eden" free="2095504" total="2097152" percent="99" />
    <remembered-set count="3264" freebytes="5688064" totalbytes="5701120" percent="99" regionsoverflowed="0" regionsstable="9" regionsrebuilding="0"/>
  </mem-info>
</gc-end>
<cycle-end id="2234" type="partial gc" contextid="2227" timestamp="2019-08-08T19:54:11.274" />
  <attribute name="elasticGC enabled" value="1" />
  <attribute name= "numThreadsSpecified" value="16" />
  <attribute name="heapSize specified" value="0" />
  <attribute name="Current GC Util" value="89" />
  <attribute name= "Current Time Running" value="92145" />
  <attribute name ="GC Interval" value="0" />
  <attribute name="Target GC Util Change" value ="80.000000" />
  <attribute name="Current GC Util Change" value="89.000000"/>
  <attribute name="Current Error" value="-49.000000" />
  <attribute name="Output H" value="142681960"/>
  <attribute name="Output I" value="1928"/>
  <attribute name="Output T" value="16"/>
  <attribute name= "Current Time Running" value="92145" />
  <attribute name="GC Util currently" value="89" />
  <attribute name="CPU Util currently" value="1020711738951" />
<exclusive-end id="2235" timestamp="2019-08-08T19:54:11.274" durationms="12.570" />

<exclusive-start id="2236" timestamp="2019-08-08T19:54:11.325" intervalms="63.263">
  <response-info timems="0.017" idlems="0.017" threads="0" lastid="0000000001F80F00" lastname="main" />
</exclusive-start>
<allocation-taxation id="2237" taxation-threshold="41943040" timestamp="2019-08-08T19:54:11.325" intervalms="63.260" />
<cycle-start id="2238" type="partial gc" contextid="0" timestamp="2019-08-08T19:54:11.325" intervalms="63.245" />
<gc-start id="2239" type="partial gc" contextid="2238" timestamp="2019-08-08T19:54:11.325">
  <mem-info id="2240" free="39845888" total="142606336" percent="27">
    <mem type="eden" free="0" total="41943040" percent="0" />
    <remembered-set count="2784" freebytes="5689984" totalbytes="5701120" percent="99" regionsoverflowed="0" regionsstable="9" regionsrebuilding="0"/>
  </mem-info>
</gc-start>
<allocation-stats totalBytes="41936592" >
  <allocated-bytes non-tlh="0" tlh="41936592" arrayletleaf="0"/>
  <largest-consumer threadName="main" threadId="0000000001F80F00" bytes="41936592" />
</allocation-stats>
<gc-op id="2241" type="copy forward" timems="9.609" contextid="2238" timestamp="2019-08-08T19:54:11.336">
  <memory-copied type="eden" objects="43" bytes="1400" bytesdiscarded="0" />
  <memory-copied type="other" objects="23" bytes="624" bytesdiscarded="0" />
  <memory-cardclean objects="101" bytes="3200" />
  <regions eden="20" other="1" />
  <remembered-set-cleared processed="452" cleared="4" durationms="0.099" />
  <stringconstants candidates="13816" cleared="0"  />
</gc-op>
<gc-op id="2242" type="classunload" timems="0.007" contextid="2238" timestamp="2019-08-08T19:54:11.336">
  <classunload-info classloadercandidates="54" classloadersunloaded="0" classesunloaded="0" anonymousclassesunloaded="0" quiescems="0.000" setupms="0.007" scanms="0.000" postms="0.000" />
</gc-op>
<heap-resize id="2243" type="expand" space="default" amount="14680064" count="1" timems="0.089" reason="excessive time being spent in gc" timestamp="2019-08-08T19:54:11.336" />
<gc-end id="2244" type="partial gc" contextid="2238" durationms="10.867" usertimems="24.535" systemtimems="0.000" timestamp="2019-08-08T19:54:11.336" activeThreads="16">
  <mem-info id="2245" free="94371840" total="157286400" percent="60">
    <mem type="eden" free="2095752" total="2097152" percent="99" />
    <remembered-set count="2752" freebytes="6276992" totalbytes="6288000" percent="99" regionsoverflowed="0" regionsstable="9" regionsrebuilding="0"/>
  </mem-info>
</gc-end>
<cycle-end id="2246" type="partial gc" contextid="2238" timestamp="2019-08-08T19:54:11.336" />
  <attribute name="elasticGC enabled" value="1" />
  <attribute name= "numThreadsSpecified" value="16" />
  <attribute name="heapSize specified" value="0" />
  <attribute name="Current GC Util" value="127" />
  <attribute name= "Current Time Running" value="92208" />
  <attribute name ="GC Interval" value="0" />
  <attribute name="Target GC Util Change" value ="80.000000" />
  <attribute name="Current GC Util Change" value="127.000000"/>
  <attribute name="Current Error" value="-52.000000" />
  <attribute name="Output H" value="142681960"/>
  <attribute name="Output I" value="1920"/>
  <attribute name="Output T" value="16"/>
  <attribute name= "Current Time Running" value="92208" />
  <attribute name="GC Util currently" value="127" />
  <attribute name="CPU Util currently" value="1696720335859" />
<exclusive-end id="2247" timestamp="2019-08-08T19:54:11.336" durationms="11.429" />

<exclusive-start id="2248" timestamp="2019-08-08T19:54:11.380" intervalms="54.981">
  <response-info timems="0.021" idlems="0.021" threads="0" lastid="0000000001F80F00" lastname="main" />
</exclusive-start>
<allocation-taxation id="2249" taxation-threshold="46137344" timestamp="2019-08-08T19:54:11.380" intervalms="54.986" />
<cycle-start id="2250" type="partial gc" contextid="0" timestamp="2019-08-08T19:54:11.380" intervalms="55.140" />
<gc-start id="2251" type="partial gc" contextid="2250" timestamp="2019-08-08T19:54:11.380">
  <mem-info id="2252" free="48234496" total="157286400" percent="30">
    <mem type="eden" free="0" total="46137344" percent="0" />
    <remembered-set count="2272" freebytes="6278912" totalbytes="6288000" percent="99" regionsoverflowed="0" regionsstable="9" regionsrebuilding="0"/>
  </mem-info>
</gc-start>
<allocation-stats totalBytes="46121200" >
  <allocated-bytes non-tlh="0" tlh="46121200" arrayletleaf="0"/>
  <largest-consumer threadName="main" threadId="0000000001F80F00" bytes="46121200" />
</allocation-stats>
<gc-op id="2253" type="copy forward" timems="14.028" contextid="2250" timestamp="2019-08-08T19:54:11.395">
  <memory-copied type="eden" objects="27" bytes="992" bytesdiscarded="680" />
  <memory-copied type="other" objects="6" bytes="136" bytesdiscarded="728" />
  <memory-cardclean objects="76" bytes="2448" />
  <regions eden="22" other="1" />
  <remembered-set-cleared processed="457" cleared="5" durationms="0.250" />
  <stringconstants candidates="13816" cleared="0"  />
</gc-op>
<gc-op id="2254" type="classunload" timems="0.009" contextid="2250" timestamp="2019-08-08T19:54:11.395">
  <classunload-info classloadercandidates="54" classloadersunloaded="0" classesunloaded="0" anonymousclassesunloaded="0" quiescems="0.000" setupms="0.008" scanms="0.000" postms="0.000" />
</gc-op>
<gc-end id="2255" type="partial gc" contextid="2250" durationms="15.363" usertimems="31.490" systemtimems="0.000" timestamp="2019-08-08T19:54:11.396" activeThreads="16">
  <mem-info id="2256" free="92274688" total="157286400" percent="58">
    <mem type="eden" free="2095480" total="2097152" percent="99" />
    <remembered-set count="2848" freebytes="6276608" totalbytes="6288000" percent="99" regionsoverflowed="0" regionsstable="9" regionsrebuilding="0"/>
  </mem-info>
</gc-end>
<cycle-end id="2257" type="partial gc" contextid="2250" timestamp="2019-08-08T19:54:11.396" />
  <attribute name="elasticGC enabled" value="1" />
  <attribute name= "numThreadsSpecified" value="16" />
  <attribute name="heapSize specified" value="0" />
  <attribute name="Current GC Util" value="64" />
  <attribute name= "Current Time Running" value="92263" />
  <attribute name ="GC Interval" value="0" />
  <attribute name="Target GC Util Change" value ="80.000000" />
  <attribute name="Current GC Util Change" value="64.000000"/>
  <attribute name="Current Error" value="16.000000" />
  <attribute name="Output H" value="157362104"/>
  <attribute name="Output I" value="2040"/>
  <attribute name="Output T" value="16"/>
  <attribute name= "Current Time Running" value="92263" />
  <attribute name="GC Util currently" value="64" />
  <attribute name="CPU Util currently" value="1605872165073" />
<exclusive-end id="2258" timestamp="2019-08-08T19:54:11.396" durationms="16.342" />

<exclusive-start id="2259" timestamp="2019-08-08T19:54:11.463" intervalms="82.974">
  <response-info timems="0.018" idlems="0.018" threads="0" lastid="0000000001F80F00" lastname="main" />
</exclusive-start>
<allocation-taxation id="2260" taxation-threshold="46137344" timestamp="2019-08-08T19:54:11.463" intervalms="83.008" />
<cycle-start id="2261" type="partial gc" contextid="0" timestamp="2019-08-08T19:54:11.463" intervalms="82.881" />
<gc-start id="2262" type="partial gc" contextid="2261" timestamp="2019-08-08T19:54:11.463">
  <mem-info id="2263" free="46137344" total="157286400" percent="29">
    <mem type="eden" free="0" total="46137344" percent="0" />
    <remembered-set count="2464" freebytes="6278144" totalbytes="6288000" percent="99" regionsoverflowed="0" regionsstable="9" regionsrebuilding="0"/>
  </mem-info>
</gc-start>
<allocation-stats totalBytes="46129424" >
  <allocated-bytes non-tlh="0" tlh="46129424" arrayletleaf="0"/>
  <largest-consumer threadName="main" threadId="0000000001F80F00" bytes="46129424" />
</allocation-stats>
<gc-op id="2264" type="copy forward" timems="12.330" contextid="2261" timestamp="2019-08-08T19:54:11.477">
  <memory-copied type="eden" objects="30" bytes="904" bytesdiscarded="640" />
  <memory-copied type="other" objects="7" bytes="184" bytesdiscarded="728" />
  <memory-cardclean objects="84" bytes="2728" />
  <regions eden="22" other="1" />
  <remembered-set-cleared processed="459" cleared="7" durationms="0.087" />
  <stringconstants candidates="13816" cleared="0"  />
</gc-op>
<gc-op id="2265" type="classunload" timems="0.009" contextid="2261" timestamp="2019-08-08T19:54:11.477">
  <classunload-info classloadercandidates="54" classloadersunloaded="0" classesunloaded="0" anonymousclassesunloaded="0" quiescems="0.000" setupms="0.009" scanms="0.000" postms="0.000" />
</gc-op>
<heap-resize id="2266" type="expand" space="default" amount="10485760" count="1" timems="0.090" reason="excessive time being spent in gc" timestamp="2019-08-08T19:54:11.477" />
<gc-end id="2267" type="partial gc" contextid="2261" durationms="14.112" usertimems="30.143" systemtimems="0.000" timestamp="2019-08-08T19:54:11.477" activeThreads="16">
  <mem-info id="2268" free="100663296" total="167772160" percent="60">
    <mem type="eden" free="2095608" total="2097152" percent="99" />
    <remembered-set count="3360" freebytes="6693760" totalbytes="6707200" percent="99" regionsoverflowed="0" regionsstable="9" regionsrebuilding="0"/>
  </mem-info>
</gc-end>
<cycle-end id="2269" type="partial gc" contextid="2261" timestamp="2019-08-08T19:54:11.477" />
  <attribute name="elasticGC enabled" value="1" />
  <attribute name= "numThreadsSpecified" value="16" />
  <attribute name="heapSize specified" value="0" />
  <attribute name="Current GC Util" value="231" />
  <attribute name= "Current Time Running" value="92346" />
  <attribute name ="GC Interval" value="0" />
  <attribute name="Target GC Util Change" value ="80.000000" />
  <attribute name="Current GC Util Change" value="231.000000"/>
  <attribute name="Current Error" value="-93.000000" />
  <attribute name="Output H" value="157361976"/>
  <attribute name="Output I" value="1848"/>
  <attribute name="Output T" value="16"/>
  <attribute name= "Current Time Running" value="92346" />
  <attribute name="GC Util currently" value="231" />
  <attribute name="CPU Util currently" value="1045860873659" />
<exclusive-end id="2270" timestamp="2019-08-08T19:54:11.477" durationms="14.925" />

<exclusive-start id="2271" timestamp="2019-08-08T19:54:11.553" intervalms="90.640">
  <response-info timems="0.018" idlems="0.018" threads="0" lastid="0000000001F80F00" lastname="main" />
</exclusive-start>
<allocation-taxation id="2272" taxation-threshold="48234496" timestamp="2019-08-08T19:54:11.553" intervalms="90.748" />
<cycle-start id="2273" type="partial gc" contextid="0" timestamp="2019-08-08T19:54:11.554" intervalms="90.907" />
<gc-start id="2274" type="partial gc" contextid="2273" timestamp="2019-08-08T19:54:11.554">
  <mem-info id="2275" free="52428800" total="167772160" percent="31">
    <mem type="eden" free="0" total="48234496" percent="0" />
    <remembered-set count="2880" freebytes="6695680" totalbytes="6707200" percent="99" regionsoverflowed="0" regionsstable="9" regionsrebuilding="0"/>
  </mem-info>
</gc-start>
<allocation-stats totalBytes="48228680" >
  <allocated-bytes non-tlh="0" tlh="48228680" arrayletleaf="0"/>
  <largest-consumer threadName="main" threadId="0000000001F80F00" bytes="48228680" />
</allocation-stats>
<gc-op id="2276" type="copy forward" timems="9.737" contextid="2273" timestamp="2019-08-08T19:54:11.566">
  <memory-copied type="eden" objects="30" bytes="912" bytesdiscarded="680" />
  <memory-copied type="other" objects="12" bytes="272" bytesdiscarded="688" />
  <memory-cardclean objects="70" bytes="2248" />
  <regions eden="23" other="1" />
  <remembered-set-cleared processed="462" cleared="8" durationms="0.107" />
  <stringconstants candidates="13816" cleared="0"  />
</gc-op>
<gc-op id="2277" type="classunload" timems="0.008" contextid="2273" timestamp="2019-08-08T19:54:11.566">
  <classunload-info classloadercandidates="54" classloadersunloaded="0" classesunloaded="0" anonymousclassesunloaded="0" quiescems="0.000" setupms="0.008" scanms="0.000" postms="0.000" />
</gc-op>
<heap-resize id="2278" type="expand" space="default" amount="6291456" count="1" timems="0.096" reason="excessive time being spent in gc" timestamp="2019-08-08T19:54:11.567" />
<gc-end id="2279" type="partial gc" contextid="2273" durationms="12.573" usertimems="29.214" systemtimems="0.000" timestamp="2019-08-08T19:54:11.567" activeThreads="16">
  <mem-info id="2280" free="104857600" total="174063616" percent="60">
    <mem type="eden" free="2095560" total="2097152" percent="99" />
    <remembered-set count="3424" freebytes="6945024" totalbytes="6958720" percent="99" regionsoverflowed="0" regionsstable="9" regionsrebuilding="0"/>
  </mem-info>
</gc-end>
<cycle-end id="2281" type="partial gc" contextid="2273" timestamp="2019-08-08T19:54:11.567" />
  <attribute name="elasticGC enabled" value="1" />
  <attribute name= "numThreadsSpecified" value="16" />
  <attribute name="heapSize specified" value="0" />
  <attribute name="Current GC Util" value="95" />
  <attribute name= "Current Time Running" value="92438" />
  <attribute name ="GC Interval" value="0" />
  <attribute name="Target GC Util Change" value ="80.000000" />
  <attribute name="Current GC Util Change" value="95.000000"/>
  <attribute name="Current Error" value="-58.000000" />
  <attribute name="Output H" value="167847776"/>
  <attribute name="Output I" value="1912"/>
  <attribute name="Output T" value="16"/>
  <attribute name= "Current Time Running" value="92438" />
  <attribute name="GC Util currently" value="95" />
  <attribute name="CPU Util currently" value="613919655536" />
<exclusive-end id="2282" timestamp="2019-08-08T19:54:11.567" durationms="13.714" />

<exclusive-start id="2283" timestamp="2019-08-08T19:54:11.613" intervalms="60.146">
  <response-info timems="0.017" idlems="0.017" threads="0" lastid="0000000001F80F00" lastname="main" />
</exclusive-start>
<allocation-taxation id="2284" taxation-threshold="50331648" timestamp="2019-08-08T19:54:11.613" intervalms="60.041" />
<cycle-start id="2285" type="partial gc" contextid="0" timestamp="2019-08-08T19:54:11.614" intervalms="59.909" />
<gc-start id="2286" type="partial gc" contextid="2285" timestamp="2019-08-08T19:54:11.614">
  <mem-info id="2287" free="54525952" total="174063616" percent="31">
    <mem type="eden" free="0" total="50331648" percent="0" />
    <remembered-set count="2944" freebytes="6946944" totalbytes="6958720" percent="99" regionsoverflowed="0" regionsstable="9" regionsrebuilding="0"/>
  </mem-info>
</gc-start>
<allocation-stats totalBytes="50327424" >
  <allocated-bytes non-tlh="0" tlh="50327424" arrayletleaf="0"/>
  <largest-consumer threadName="main" threadId="0000000001F80F00" bytes="50327424" />
</allocation-stats>
<gc-op id="2288" type="copy forward" timems="8.610" contextid="2285" timestamp="2019-08-08T19:54:11.623">
  <memory-copied type="eden" objects="21" bytes="672" bytesdiscarded="680" />
  <memory-copied type="other" objects="6" bytes="136" bytesdiscarded="728" />
  <memory-cardclean objects="85" bytes="2672" />
  <regions eden="24" other="1" />
  <remembered-set-cleared processed="464" cleared="10" durationms="0.105" />
  <stringconstants candidates="13816" cleared="0"  />
</gc-op>
<gc-op id="2289" type="classunload" timems="0.007" contextid="2285" timestamp="2019-08-08T19:54:11.623">
  <classunload-info classloadercandidates="54" classloadersunloaded="0" classesunloaded="0" anonymousclassesunloaded="0" quiescems="0.000" setupms="0.006" scanms="0.000" postms="0.000" />
</gc-op>
<heap-resize id="2290" type="expand" space="default" amount="4194304" count="1" timems="0.091" reason="excessive time being spent in gc" timestamp="2019-08-08T19:54:11.623" />
<gc-end id="2291" type="partial gc" contextid="2285" durationms="9.622" usertimems="21.478" systemtimems="0.000" timestamp="2019-08-08T19:54:11.623" activeThreads="16">
  <mem-info id="2292" free="106954752" total="178257920" percent="60">
    <mem type="eden" free="2095800" total="2097152" percent="99" />
    <remembered-set count="3424" freebytes="7112704" totalbytes="7126400" percent="99" regionsoverflowed="0" regionsstable="9" regionsrebuilding="0"/>
  </mem-info>
</gc-end>
<cycle-end id="2293" type="partial gc" contextid="2285" timestamp="2019-08-08T19:54:11.624" />
  <attribute name="elasticGC enabled" value="1" />
  <attribute name= "numThreadsSpecified" value="16" />
  <attribute name="heapSize specified" value="0" />
  <attribute name="Current GC Util" value="0" />
  <attribute name= "Current Time Running" value="92496" />
  <attribute name ="GC Interval" value="0" />
  <attribute name="Target GC Util Change" value ="80.000000" />
  <attribute name="Current GC Util Change" value="0.000000"/>
  <attribute name="Current Error" value="80.000000" />
  <attribute name="Output H" value="174139392"/>
  <attribute name="Output I" value="2152"/>
  <attribute name="Output T" value="16"/>
  <attribute name= "Current Time Running" value="92496" />
  <attribute name="GC Util currently" value="0" />
  <attribute name="CPU Util currently" value="2639816705697" />
<exclusive-end id="2294" timestamp="2019-08-08T19:54:11.624" durationms="10.309" />

<exclusive-start id="2295" timestamp="2019-08-08T19:54:11.809" intervalms="196.001">
  <response-info timems="0.019" idlems="0.019" threads="0" lastid="0000000001F80F00" lastname="main" />
</exclusive-start>
<allocation-taxation id="2296" taxation-threshold="52428800" timestamp="2019-08-08T19:54:11.809" intervalms="195.967" />
<cycle-start id="2297" type="partial gc" contextid="0" timestamp="2019-08-08T19:54:11.810" intervalms="196.004" />
<gc-start id="2298" type="partial gc" contextid="2297" timestamp="2019-08-08T19:54:11.810">
  <mem-info id="2299" free="54525952" total="178257920" percent="30">
    <mem type="eden" free="0" total="52428800" percent="0" />
    <remembered-set count="3424" freebytes="7112704" totalbytes="7126400" percent="99" regionsoverflowed="0" regionsstable="9" regionsrebuilding="0"/>
  </mem-info>
</gc-start>
<allocation-stats totalBytes="52425632" >
  <allocated-bytes non-tlh="0" tlh="52425632" arrayletleaf="0"/>
  <largest-consumer threadName="main" threadId="0000000001F80F00" bytes="52425632" />
</allocation-stats>
<gc-op id="2300" type="copy forward" timems="8.923" contextid="2297" timestamp="2019-08-08T19:54:11.820">
  <memory-copied type="eden" objects="51" bytes="1328" bytesdiscarded="480" />
  <memory-copied type="other" objects="6" bytes="136" bytesdiscarded="728" />
  <memory-cardclean objects="62" bytes="1976" />
  <regions eden="25" other="1" />
  <remembered-set-cleared processed="466" cleared="7" durationms="0.104" />
  <stringconstants candidates="13816" cleared="0"  />
</gc-op>
<gc-op id="2301" type="classunload" timems="0.008" contextid="2297" timestamp="2019-08-08T19:54:11.820">
  <classunload-info classloadercandidates="54" classloadersunloaded="0" classesunloaded="0" anonymousclassesunloaded="0" quiescems="0.000" setupms="0.008" scanms="0.000" postms="0.000" />
</gc-op>
<gc-end id="2302" type="partial gc" contextid="2297" durationms="10.243" usertimems="24.357" systemtimems="0.000" timestamp="2019-08-08T19:54:11.820" activeThreads="16">
  <mem-info id="2303" free="104857600" total="178257920" percent="58">
    <mem type="eden" free="2095344" total="2097152" percent="99" />
    <remembered-set count="3584" freebytes="7112064" totalbytes="7126400" percent="99" regionsoverflowed="0" regionsstable="9" regionsrebuilding="0"/>
  </mem-info>
</gc-end>
<cycle-end id="2304" type="partial gc" contextid="2297" timestamp="2019-08-08T19:54:11.820" />
  <attribute name="elasticGC enabled" value="1" />
  <attribute name= "numThreadsSpecified" value="16" />
  <attribute name="heapSize specified" value="0" />
  <attribute name="Current GC Util" value="181" />
  <attribute name= "Current Time Running" value="92693" />
  <attribute name ="GC Interval" value="0" />
  <attribute name="Target GC Util Change" value ="80.000000" />
  <attribute name="Current GC Util Change" value="181.000000"/>
  <attribute name="Current Error" value="48.000000" />
  <attribute name="Output H" value="178333656"/>
  <attribute name="Output I" value="2096"/>
  <attribute name="Output T" value="16"/>
  <attribute name= "Current Time Running" value="92693" />
  <attribute name="GC Util currently" value="181" />
  <attribute name="CPU Util currently" value="1545508426948" />
<exclusive-end id="2305" timestamp="2019-08-08T19:54:11.820" durationms="10.987" />

<exclusive-start id="2306" timestamp="2019-08-08T19:54:11.856" intervalms="46.754">
  <response-info timems="0.016" idlems="0.016" threads="0" lastid="0000000001F80F00" lastname="main" />
</exclusive-start>
<allocation-taxation id="2307" taxation-threshold="52428800" timestamp="2019-08-08T19:54:11.856" intervalms="46.758" />
<cycle-start id="2308" type="partial gc" contextid="0" timestamp="2019-08-08T19:54:11.856" intervalms="46.727" />
<gc-start id="2309" type="partial gc" contextid="2308" timestamp="2019-08-08T19:54:11.857">
  <mem-info id="2310" free="52428800" total="178257920" percent="29">
    <mem type="eden" free="0" total="52428800" percent="0" />
    <remembered-set count="3104" freebytes="7113984" totalbytes="7126400" percent="99" regionsoverflowed="0" regionsstable="9" regionsrebuilding="0"/>
  </mem-info>
</gc-start>
<allocation-stats totalBytes="52424776" >
  <allocated-bytes non-tlh="0" tlh="52424776" arrayletleaf="0"/>
  <largest-consumer threadName="main" threadId="0000000001F80F00" bytes="52424776" />
</allocation-stats>
<gc-op id="2311" type="copy forward" timems="8.968" contextid="2308" timestamp="2019-08-08T19:54:11.867">
  <memory-copied type="eden" objects="30" bytes="888" bytesdiscarded="680" />
  <memory-copied type="other" objects="36" bytes="816" bytesdiscarded="672" />
  <memory-cardclean objects="90" bytes="2520" />
  <regions eden="25" other="1" />
  <remembered-set-cleared processed="468" cleared="9" durationms="0.283" />
  <stringconstants candidates="13816" cleared="0"  />
</gc-op>
<gc-op id="2312" type="classunload" timems="0.007" contextid="2308" timestamp="2019-08-08T19:54:11.867">
  <classunload-info classloadercandidates="54" classloadersunloaded="0" classesunloaded="0" anonymousclassesunloaded="0" quiescems="0.000" setupms="0.007" scanms="0.000" postms="0.000" />
</gc-op>
<gc-end id="2313" type="partial gc" contextid="2308" durationms="10.242" usertimems="25.702" systemtimems="0.000" timestamp="2019-08-08T19:54:11.867" activeThreads="16">
  <mem-info id="2314" free="102760448" total="178257920" percent="57">
    <mem type="eden" free="2095584" total="2097152" percent="99" />
    <remembered-set count="3072" freebytes="7114112" totalbytes="7126400" percent="99" regionsoverflowed="0" regionsstable="9" regionsrebuilding="0"/>
  </mem-info>
</gc-end>
<cycle-end id="2315" type="partial gc" contextid="2308" timestamp="2019-08-08T19:54:11.867" />
  <attribute name="elasticGC enabled" value="1" />
  <attribute name= "numThreadsSpecified" value="16" />
  <attribute name="heapSize specified" value="0" />
  <attribute name="Current GC Util" value="130" />
  <attribute name= "Current Time Running" value="92739" />
  <attribute name ="GC Interval" value="0" />
  <attribute name="Target GC Util Change" value ="80.000000" />
  <attribute name="Current GC Util Change" value="130.000000"/>
  <attribute name="Current Error" value="28.000000" />
  <attribute name="Output H" value="178333632"/>
  <attribute name="Output I" value="2064"/>
  <attribute name="Output T" value="16"/>
  <attribute name= "Current Time Running" value="92739" />
  <attribute name="GC Util currently" value="130" />
  <attribute name="CPU Util currently" value="1591810752428" />
<exclusive-end id="2316" timestamp="2019-08-08T19:54:11.867" durationms="10.915" />

<exclusive-start id="2317" timestamp="2019-08-08T19:54:11.936" intervalms="80.326">
  <response-info timems="0.019" idlems="0.019" threads="0" lastid="0000000001F80F00" lastname="main" />
</exclusive-start>
<allocation-taxation id="2318" taxation-threshold="52428800" timestamp="2019-08-08T19:54:11.936" intervalms="80.315" />
<cycle-start id="2319" type="partial gc" contextid="0" timestamp="2019-08-08T19:54:11.937" intervalms="80.318" />
<gc-start id="2320" type="partial gc" contextid="2319" timestamp="2019-08-08T19:54:11.937">
  <mem-info id="2321" free="50331648" total="178257920" percent="28">
    <mem type="eden" free="0" total="52428800" percent="0" />
    <remembered-set count="2656" freebytes="7115776" totalbytes="7126400" percent="99" regionsoverflowed="0" regionsstable="9" regionsrebuilding="0"/>
  </mem-info>
</gc-start>
<allocation-stats totalBytes="52425384" >
  <allocated-bytes non-tlh="0" tlh="52425384" arrayletleaf="0"/>
  <largest-consumer threadName="main" threadId="0000000001F80F00" bytes="52425384" />
</allocation-stats>
<gc-op id="2322" type="copy forward" timems="11.643" contextid="2319" timestamp="2019-08-08T19:54:11.949">
  <memory-copied type="eden" objects="30" bytes="880" bytesdiscarded="680" />
  <memory-copied type="other" objects="6" bytes="136" bytesdiscarded="728" />
  <memory-cardclean objects="58" bytes="1864" />
  <regions eden="25" other="1" />
  <remembered-set-cleared processed="470" cleared="4" durationms="0.111" />
  <stringconstants candidates="13816" cleared="0"  />
</gc-op>
<gc-op id="2323" type="classunload" timems="0.008" contextid="2319" timestamp="2019-08-08T19:54:11.949">
  <classunload-info classloadercandidates="54" classloadersunloaded="0" classesunloaded="0" anonymousclassesunloaded="0" quiescems="0.000" setupms="0.008" scanms="0.000" postms="0.000" />
</gc-op>
<gc-end id="2324" type="partial gc" contextid="2319" durationms="12.761" usertimems="26.883" systemtimems="0.000" timestamp="2019-08-08T19:54:11.950" activeThreads="16">
  <mem-info id="2325" free="100663296" total="178257920" percent="56">
    <mem type="eden" free="2095592" total="2097152" percent="99" />
    <remembered-set count="4416" freebytes="7108736" totalbytes="7126400" percent="99" regionsoverflowed="0" regionsstable="9" regionsrebuilding="0"/>
  </mem-info>
</gc-end>
<cycle-end id="2326" type="partial gc" contextid="2319" timestamp="2019-08-08T19:54:11.950" />
  <attribute name="elasticGC enabled" value="1" />
  <attribute name= "numThreadsSpecified" value="16" />
  <attribute name="heapSize specified" value="0" />
  <attribute name="Current GC Util" value="143" />
  <attribute name= "Current Time Running" value="92819" />
  <attribute name ="GC Interval" value="0" />
  <attribute name="Target GC Util Change" value ="80.000000" />
  <attribute name="Current GC Util Change" value="143.000000"/>
  <attribute name="Current Error" value="-63.000000" />
  <attribute name="Output H" value="178333528"/>
  <attribute name="Output I" value="1896"/>
  <attribute name="Output T" value="16"/>
  <attribute name= "Current Time Running" value="92819" />
  <attribute name="GC Util currently" value="143" />
  <attribute name="CPU Util currently" value="1920796271834" />
<exclusive-end id="2327" timestamp="2019-08-08T19:54:11.950" durationms="13.496" />

<exclusive-start id="2328" timestamp="2019-08-08T19:54:12.075" intervalms="138.568">
  <response-info timems="0.022" idlems="0.022" threads="0" lastid="0000000001F80F00" lastname="main" />
</exclusive-start>
<allocation-taxation id="2329" taxation-threshold="52428800" timestamp="2019-08-08T19:54:12.075" intervalms="138.576" />
<cycle-start id="2330" type="partial gc" contextid="0" timestamp="2019-08-08T19:54:12.075" intervalms="138.579" />
<gc-start id="2331" type="partial gc" contextid="2330" timestamp="2019-08-08T19:54:12.075">
  <mem-info id="2332" free="48234496" total="178257920" percent="27">
    <mem type="eden" free="0" total="52428800" percent="0" />
    <remembered-set count="3552" freebytes="7112192" totalbytes="7126400" percent="99" regionsoverflowed="0" regionsstable="10" regionsrebuilding="0"/>
  </mem-info>
</gc-start>
<allocation-stats totalBytes="52417896" >
  <allocated-bytes non-tlh="0" tlh="52417896" arrayletleaf="0"/>
  <largest-consumer threadName="main" threadId="0000000001F80F00" bytes="52417896" />
</allocation-stats>
<gc-op id="2333" type="copy forward" timems="11.161" contextid="2330" timestamp="2019-08-08T19:54:12.088">
  <memory-copied type="eden" objects="47" bytes="2208" bytesdiscarded="600" />
  <memory-copied type="other" objects="6" bytes="136" bytesdiscarded="728" />
  <memory-cardclean objects="70" bytes="2104" />
  <regions eden="25" other="1" />
  <remembered-set-cleared processed="114" cleared="3" durationms="0.126" />
  <stringconstants candidates="13816" cleared="0"  />
</gc-op>
<gc-op id="2334" type="classunload" timems="0.008" contextid="2330" timestamp="2019-08-08T19:54:12.088">
  <classunload-info classloadercandidates="54" classloadersunloaded="0" classesunloaded="0" anonymousclassesunloaded="0" quiescems="0.000" setupms="0.008" scanms="0.000" postms="0.000" />
</gc-op>
<heap-resize id="2335" type="expand" space="default" amount="20971520" count="1" timems="0.150" reason="excessive time being spent in gc" timestamp="2019-08-08T19:54:12.088" />
<gc-end id="2336" type="partial gc" contextid="2330" durationms="12.653" usertimems="36.374" systemtimems="0.000" timestamp="2019-08-08T19:54:12.088" activeThreads="16">
  <mem-info id="2337" free="119537664" total="199229440" percent="60">
    <mem type="eden" free="2094344" total="2097152" percent="99" />
    <remembered-set count="3520" freebytes="7950720" totalbytes="7964800" percent="99" regionsoverflowed="0" regionsstable="10" regionsrebuilding="0"/>
  </mem-info>
</gc-end>
<cycle-end id="2338" type="partial gc" contextid="2330" timestamp="2019-08-08T19:54:12.088" />
  <attribute name="elasticGC enabled" value="1" />
  <attribute name= "numThreadsSpecified" value="16" />
  <attribute name="heapSize specified" value="0" />
  <attribute name="Current GC Util" value="206" />
  <attribute name= "Current Time Running" value="92958" />
  <attribute name ="GC Interval" value="0" />
  <attribute name="Target GC Util Change" value ="80.000000" />
  <attribute name="Current GC Util Change" value="206.000000"/>
  <attribute name="Current Error" value="-127.000000" />
  <attribute name="Output H" value="178333456"/>
  <attribute name="Output I" value="1784"/>
  <attribute name="Output T" value="16"/>
  <attribute name= "Current Time Running" value="92958" />
  <attribute name="GC Util currently" value="206" />
  <attribute name="CPU Util currently" value="1565971507519" />
<exclusive-end id="2339" timestamp="2019-08-08T19:54:12.088" durationms="13.347" />

<exclusive-start id="2340" timestamp="2019-08-08T19:54:12.160" intervalms="85.151">
  <response-info timems="0.017" idlems="0.017" threads="0" lastid="0000000001F80F00" lastname="main" />
</exclusive-start>
<allocation-taxation id="2341" taxation-threshold="56623104" timestamp="2019-08-08T19:54:12.160" intervalms="85.144" />
<cycle-start id="2342" type="partial gc" contextid="0" timestamp="2019-08-08T19:54:12.160" intervalms="85.144" />
<gc-start id="2343" type="partial gc" contextid="2342" timestamp="2019-08-08T19:54:12.161">
  <mem-info id="2344" free="62914560" total="199229440" percent="31">
    <mem type="eden" free="0" total="56623104" percent="0" />
    <remembered-set count="3104" freebytes="7952384" totalbytes="7964800" percent="99" regionsoverflowed="0" regionsstable="10" regionsrebuilding="0"/>
  </mem-info>
</gc-start>
<allocation-stats totalBytes="56581008" >
  <allocated-bytes non-tlh="0" tlh="56581008" arrayletleaf="0"/>
  <largest-consumer threadName="main" threadId="0000000001F80F00" bytes="56581008" />
</allocation-stats>
<gc-op id="2345" type="copy forward" timems="10.423" contextid="2342" timestamp="2019-08-08T19:54:12.173">
  <memory-copied type="eden" objects="2" bytes="56" bytesdiscarded="0" />
  <memory-copied type="other" objects="45" bytes="1968" bytesdiscarded="648" />
  <memory-cardclean objects="45" bytes="1656" />
  <regions eden="27" other="1" />
  <remembered-set-cleared processed="116" cleared="4" durationms="0.112" />
  <stringconstants candidates="13816" cleared="0"  />
</gc-op>
<gc-op id="2346" type="classunload" timems="0.026" contextid="2342" timestamp="2019-08-08T19:54:12.173">
  <classunload-info classloadercandidates="54" classloadersunloaded="0" classesunloaded="0" anonymousclassesunloaded="0" quiescems="0.000" setupms="0.026" scanms="0.000" postms="0.000" />
</gc-op>
<gc-end id="2347" type="partial gc" contextid="2342" durationms="12.429" usertimems="29.094" systemtimems="0.000" timestamp="2019-08-08T19:54:12.173" activeThreads="16">
  <mem-info id="2348" free="117440512" total="199229440" percent="58">
    <mem type="eden" free="2097096" total="2097152" percent="99" />
    <remembered-set count="4064" freebytes="7948544" totalbytes="7964800" percent="99" regionsoverflowed="0" regionsstable="10" regionsrebuilding="0"/>
  </mem-info>
</gc-end>
<cycle-end id="2349" type="partial gc" contextid="2342" timestamp="2019-08-08T19:54:12.173" />
  <attribute name="elasticGC enabled" value="1" />
  <attribute name= "numThreadsSpecified" value="16" />
  <attribute name="heapSize specified" value="0" />
  <attribute name="Current GC Util" value="311" />
  <attribute name= "Current Time Running" value="93044" />
  <attribute name ="GC Interval" value="0" />
  <attribute name="Target GC Util Change" value ="80.000000" />
  <attribute name="Current GC Util Change" value="311.000000"/>
  <attribute name="Current Error" value="-319.000000" />
  <attribute name="Output H" value="199304752"/>
  <attribute name="Output I" value="1440"/>
  <attribute name="Output T" value="16"/>
  <attribute name= "Current Time Running" value="93044" />
  <attribute name="GC Util currently" value="311" />
  <attribute name="CPU Util currently" value="816387107583" />
<exclusive-end id="2350" timestamp="2019-08-08T19:54:12.173" durationms="13.233" />

<exclusive-start id="2351" timestamp="2019-08-08T19:54:12.238" intervalms="78.015">
  <response-info timems="0.014" idlems="0.014" threads="0" lastid="0000000001F80F00" lastname="main" />
</exclusive-start>
<allocation-taxation id="2352" taxation-threshold="56623104" timestamp="2019-08-08T19:54:12.238" intervalms="78.015" />
<cycle-start id="2353" type="partial gc" contextid="0" timestamp="2019-08-08T19:54:12.238" intervalms="77.984" />
<gc-start id="2354" type="partial gc" contextid="2353" timestamp="2019-08-08T19:54:12.239">
  <mem-info id="2355" free="60817408" total="199229440" percent="30">
    <mem type="eden" free="2097096" total="58720256" percent="3" />
    <remembered-set count="3584" freebytes="7950464" totalbytes="7964800" percent="99" regionsoverflowed="0" regionsstable="10" regionsrebuilding="0"/>
  </mem-info>
</gc-start>
<allocation-stats totalBytes="56586976" >
  <allocated-bytes non-tlh="0" tlh="56586976" arrayletleaf="0"/>
  <largest-consumer threadName="main" threadId="0000000001F80F00" bytes="56586976" />
</allocation-stats>
<gc-op id="2356" type="copy forward" timems="10.747" contextid="2353" timestamp="2019-08-08T19:54:12.250">
  <memory-copied type="eden" objects="33" bytes="1496" bytesdiscarded="1992" />
  <memory-copied type="other" objects="0" bytes="0" bytesdiscarded="0" />
  <memory-cardclean objects="67" bytes="10384" />
  <regions eden="27" other="1" />
  <remembered-set-cleared processed="121" cleared="12" durationms="0.119" />
  <references type="weak" candidates="2" cleared="0" enqueued="0" />
  <stringconstants candidates="13816" cleared="0"  />
</gc-op>
<gc-op id="2357" type="classunload" timems="0.010" contextid="2353" timestamp="2019-08-08T19:54:12.250">
  <classunload-info classloadercandidates="54" classloadersunloaded="0" classesunloaded="0" anonymousclassesunloaded="0" quiescems="0.000" setupms="0.009" scanms="0.000" postms="0.000" />
</gc-op>
<heap-resize id="2358" type="expand" space="default" amount="6291456" count="1" timems="0.084" reason="excessive time being spent in gc" timestamp="2019-08-08T19:54:12.251" />
<gc-end id="2359" type="partial gc" contextid="2353" durationms="12.065" usertimems="27.286" systemtimems="0.000" timestamp="2019-08-08T19:54:12.251" activeThreads="16">
  <mem-info id="2360" free="123731968" total="205520896" percent="60">
    <mem type="eden" free="2093664" total="2097152" percent="99" />
    <remembered-set count="4480" freebytes="8198400" totalbytes="8216320" percent="99" regionsoverflowed="0" regionsstable="10" regionsrebuilding="0"/>
  </mem-info>
</gc-end>
<cycle-end id="2361" type="partial gc" contextid="2353" timestamp="2019-08-08T19:54:12.251" />
  <attribute name="elasticGC enabled" value="1" />
  <attribute name= "numThreadsSpecified" value="16" />
  <attribute name="heapSize specified" value="0" />
  <attribute name="Current GC Util" value="133" />
  <attribute name= "Current Time Running" value="93121" />
  <attribute name ="GC Interval" value="0" />
  <attribute name="Target GC Util Change" value ="80.000000" />
  <attribute name="Current GC Util Change" value="133.000000"/>
  <attribute name="Current Error" value="-53.000000" />
  <attribute name="Output H" value="199305064"/>
  <attribute name="Output I" value="1920"/>
  <attribute name="Output T" value="16"/>
  <attribute name= "Current Time Running" value="93121" />
  <attribute name="GC Util currently" value="133" />
  <attribute name="CPU Util currently" value="1777836237421" />
<exclusive-end id="2362" timestamp="2019-08-08T19:54:12.251" durationms="12.812" />

<exclusive-start id="2363" timestamp="2019-08-08T19:54:12.270" intervalms="31.587">
  <response-info timems="0.021" idlems="0.021" threads="0" lastid="0000000001F80F00" lastname="main" />
</exclusive-start>
<allocation-taxation id="2364" taxation-threshold="58720256" timestamp="2019-08-08T19:54:12.270" intervalms="31.589" />
<cycle-start id="2365" type="partial gc" contextid="0" timestamp="2019-08-08T19:54:12.270" intervalms="31.606" />
<gc-start id="2366" type="partial gc" contextid="2365" timestamp="2019-08-08T19:54:12.270">
  <mem-info id="2367" free="65011712" total="205520896" percent="31">
    <mem type="eden" free="0" total="58720256" percent="0" />
    <remembered-set count="4096" freebytes="8199936" totalbytes="8216320" percent="99" regionsoverflowed="0" regionsstable="10" regionsrebuilding="0"/>
  </mem-info>
</gc-start>
<allocation-stats totalBytes="58616520" >
  <allocated-bytes non-tlh="0" tlh="58616520" arrayletleaf="0"/>
  <largest-consumer threadName="main" threadId="0000000001F80F00" bytes="58616520" />
</allocation-stats>
<gc-op id="2368" type="copy forward" timems="8.367" contextid="2365" timestamp="2019-08-08T19:54:12.279">
  <memory-copied type="eden" objects="4" bytes="104" bytesdiscarded="0" />
  <memory-copied type="other" objects="30" bytes="1424" bytesdiscarded="1992" />
  <memory-cardclean objects="53" bytes="10160" />
  <regions eden="28" other="1" />
  <remembered-set-cleared processed="118" cleared="9" durationms="0.109" />
  <references type="weak" candidates="2" cleared="0" enqueued="0" />
  <stringconstants candidates="13816" cleared="0"  />
</gc-op>
<gc-op id="2369" type="classunload" timems="0.010" contextid="2365" timestamp="2019-08-08T19:54:12.279">
  <classunload-info classloadercandidates="54" classloadersunloaded="0" classesunloaded="0" anonymousclassesunloaded="0" quiescems="0.000" setupms="0.010" scanms="0.000" postms="0.000" />
</gc-op>
<heap-resize id="2370" type="expand" space="default" amount="4194304" count="1" timems="0.081" reason="excessive time being spent in gc" timestamp="2019-08-08T19:54:12.280" />
<gc-end id="2371" type="partial gc" contextid="2365" durationms="9.648" usertimems="21.241" systemtimems="0.000" timestamp="2019-08-08T19:54:12.280" activeThreads="16">
  <mem-info id="2372" free="125829120" total="209715200" percent="60">
    <mem type="eden" free="2097048" total="2097152" percent="99" />
    <remembered-set count="4992" freebytes="8364032" totalbytes="8384000" percent="99" regionsoverflowed="0" regionsstable="10" regionsrebuilding="0"/>
  </mem-info>
</gc-end>
<cycle-end id="2373" type="partial gc" contextid="2365" timestamp="2019-08-08T19:54:12.280" />
  <attribute name="elasticGC enabled" value="1" />
  <attribute name= "numThreadsSpecified" value="16" />
  <attribute name="heapSize specified" value="0" />
  <attribute name="Current GC Util" value="152" />
  <attribute name= "Current Time Running" value="93153" />
  <attribute name ="GC Interval" value="0" />
  <attribute name="Target GC Util Change" value ="80.000000" />
  <attribute name="Current GC Util Change" value="152.000000"/>
  <attribute name="Current Error" value="-130.000000" />
  <attribute name="Output H" value="205596432"/>
  <attribute name="Output I" value="1776"/>
  <attribute name="Output T" value="16"/>
  <attribute name= "Current Time Running" value="93153" />
  <attribute name="GC Util currently" value="152" />
  <attribute name="CPU Util currently" value="2016048112668" />
<exclusive-end id="2374" timestamp="2019-08-08T19:54:12.280" durationms="10.328" />

<exclusive-start id="2375" timestamp="2019-08-08T19:54:12.300" intervalms="29.824">
  <response-info timems="0.021" idlems="0.021" threads="0" lastid="0000000001F80F00" lastname="main" />
</exclusive-start>
<allocation-taxation id="2376" taxation-threshold="58720256" timestamp="2019-08-08T19:54:12.300" intervalms="29.823" />
<cycle-start id="2377" type="partial gc" contextid="0" timestamp="2019-08-08T19:54:12.300" intervalms="29.796" />
<gc-start id="2378" type="partial gc" contextid="2377" timestamp="2019-08-08T19:54:12.300">
  <mem-info id="2379" free="67108864" total="209715200" percent="32">
    <mem type="eden" free="2097048" total="60817408" percent="3" />
    <remembered-set count="4608" freebytes="8365568" totalbytes="8384000" percent="99" regionsoverflowed="0" regionsstable="10" regionsrebuilding="0"/>
  </mem-info>
</gc-start>
<allocation-stats totalBytes="58617280" >
  <allocated-bytes non-tlh="0" tlh="58617280" arrayletleaf="0"/>
  <largest-consumer threadName="main" threadId="0000000001F80F00" bytes="58617280" />
</allocation-stats>
<gc-op id="2380" type="copy forward" timems="7.577" contextid="2377" timestamp="2019-08-08T19:54:12.309">
  <memory-copied type="eden" objects="3" bytes="72" bytesdiscarded="0" />
  <memory-copied type="other" objects="0" bytes="0" bytesdiscarded="0" />
  <memory-cardclean objects="12" bytes="424" />
  <regions eden="28" other="1" />
  <remembered-set-cleared processed="125" cleared="0" durationms="0.108" />
  <stringconstants candidates="13816" cleared="0"  />
</gc-op>
<gc-op id="2381" type="classunload" timems="0.006" contextid="2377" timestamp="2019-08-08T19:54:12.309">
  <classunload-info classloadercandidates="54" classloadersunloaded="0" classesunloaded="0" anonymousclassesunloaded="0" quiescems="0.000" setupms="0.006" scanms="0.000" postms="0.000" />
</gc-op>
<gc-end id="2382" type="partial gc" contextid="2377" durationms="8.772" usertimems="20.167" systemtimems="0.000" timestamp="2019-08-08T19:54:12.309" activeThreads="16">
  <mem-info id="2383" free="125829120" total="209715200" percent="60">
    <mem type="eden" free="2097080" total="2097152" percent="99" />
    <remembered-set count="2752" freebytes="8372992" totalbytes="8384000" percent="99" regionsoverflowed="0" regionsstable="10" regionsrebuilding="0"/>
  </mem-info>
</gc-end>
<cycle-end id="2384" type="partial gc" contextid="2377" timestamp="2019-08-08T19:54:12.309" />
  <attribute name="elasticGC enabled" value="1" />
  <attribute name= "numThreadsSpecified" value="16" />
  <attribute name="heapSize specified" value="0" />
  <attribute name="Current GC Util" value="152" />
  <attribute name= "Current Time Running" value="93183" />
  <attribute name ="GC Interval" value="0" />
  <attribute name="Target GC Util Change" value ="80.000000" />
  <attribute name="Current GC Util Change" value="152.000000"/>
  <attribute name="Current Error" value="-192.000000" />
  <attribute name="Output H" value="209790664"/>
  <attribute name="Output I" value="1672"/>
  <attribute name="Output T" value="16"/>
  <attribute name= "Current Time Running" value="93183" />
  <attribute name="GC Util currently" value="152" />
  <attribute name="CPU Util currently" value="1724440814076" />
<exclusive-end id="2385" timestamp="2019-08-08T19:54:12.309" durationms="9.405" />

<exclusive-start id="2386" timestamp="2019-08-08T19:54:12.328" intervalms="28.299">
  <response-info timems="0.022" idlems="0.022" threads="0" lastid="0000000001F80F00" lastname="main" />
</exclusive-start>
<allocation-taxation id="2387" taxation-threshold="58720256" timestamp="2019-08-08T19:54:12.328" intervalms="28.307" />
<cycle-start id="2388" type="partial gc" contextid="0" timestamp="2019-08-08T19:54:12.328" intervalms="28.339" />
<gc-start id="2389" type="partial gc" contextid="2388" timestamp="2019-08-08T19:54:12.328">
  <mem-info id="2390" free="67108864" total="209715200" percent="32">
    <mem type="eden" free="2097080" total="60817408" percent="3" />
    <remembered-set count="2752" freebytes="8372992" totalbytes="8384000" percent="99" regionsoverflowed="0" regionsstable="10" regionsrebuilding="0"/>
  </mem-info>
</gc-start>
<allocation-stats totalBytes="58617320" >
  <allocated-bytes non-tlh="0" tlh="58617320" arrayletleaf="0"/>
  <largest-consumer threadName="main" threadId="0000000001F80F00" bytes="58617320" />
</allocation-stats>
<gc-op id="2391" type="copy forward" timems="1.356" contextid="2388" timestamp="2019-08-08T19:54:12.331">
  <memory-copied type="eden" objects="4" bytes="104" bytesdiscarded="0" />
  <memory-copied type="other" objects="0" bytes="0" bytesdiscarded="0" />
  <memory-cardclean objects="12" bytes="424" />
  <regions eden="28" other="1" />
  <remembered-set-cleared processed="125" cleared="0" durationms="0.243" />
  <stringconstants candidates="13816" cleared="0"  />
</gc-op>
<gc-op id="2392" type="classunload" timems="0.003" contextid="2388" timestamp="2019-08-08T19:54:12.331">
  <classunload-info classloadercandidates="54" classloadersunloaded="0" classesunloaded="0" anonymousclassesunloaded="0" quiescems="0.000" setupms="0.003" scanms="0.000" postms="0.000" />
</gc-op>
<gc-end id="2393" type="partial gc" contextid="2388" durationms="2.994" usertimems="5.013" systemtimems="0.000" timestamp="2019-08-08T19:54:12.331" activeThreads="1">
  <mem-info id="2394" free="125829120" total="209715200" percent="60">
    <mem type="eden" free="2097048" total="2097152" percent="99" />
    <remembered-set count="3232" freebytes="8371072" totalbytes="8384000" percent="99" regionsoverflowed="0" regionsstable="10" regionsrebuilding="0"/>
  </mem-info>
</gc-end>
<cycle-end id="2395" type="partial gc" contextid="2388" timestamp="2019-08-08T19:54:12.331" />
  <attribute name="elasticGC enabled" value="1" />
  <attribute name= "numThreadsSpecified" value="1" />
  <attribute name="heapSize specified" value="0" />
  <attribute name="Current GC Util" value="105" />
  <attribute name= "Current Time Running" value="93211" />
  <attribute name ="GC Interval" value="0" />
  <attribute name="Target GC Util Change" value ="80.000000" />
  <attribute name="Current GC Util Change" value="105.000000"/>
  <attribute name="Current Error" value="-25.000000" />
  <attribute name="Output H" value="209790856"/>
  <attribute name="Output I" value="1968"/>
  <attribute name="Output T" value="1"/>
  <attribute name= "Current Time Running" value="93211" />
  <attribute name="GC Util currently" value="105" />
  <attribute name="CPU Util currently" value="976501773173" />
<exclusive-end id="2396" timestamp="2019-08-08T19:54:12.332" durationms="3.692" />

<exclusive-start id="2397" timestamp="2019-08-08T19:54:12.422" intervalms="93.708">
  <response-info timems="0.019" idlems="0.019" threads="0" lastid="0000000001F80F00" lastname="main" />
</exclusive-start>
<allocation-taxation id="2398" taxation-threshold="58720256" timestamp="2019-08-08T19:54:12.422" intervalms="93.702" />
<cycle-start id="2399" type="partial gc" contextid="0" timestamp="2019-08-08T19:54:12.422" intervalms="93.664" />
<gc-start id="2400" type="partial gc" contextid="2399" timestamp="2019-08-08T19:54:12.422">
  <mem-info id="2401" free="67108864" total="209715200" percent="32">
    <mem type="eden" free="2097048" total="60817408" percent="3" />
    <remembered-set count="2752" freebytes="8372992" totalbytes="8384000" percent="99" regionsoverflowed="0" regionsstable="10" regionsrebuilding="0"/>
  </mem-info>
</gc-start>
<allocation-stats totalBytes="58665664" >
  <allocated-bytes non-tlh="0" tlh="58665664" arrayletleaf="0"/>
  <largest-consumer threadName="main" threadId="0000000001F80F00" bytes="58665664" />
</allocation-stats>
<gc-op id="2402" type="copy forward" timems="7.847" contextid="2399" timestamp="2019-08-08T19:54:12.431">
  <memory-copied type="eden" objects="39" bytes="1504" bytesdiscarded="1488" />
  <memory-copied type="other" objects="0" bytes="0" bytesdiscarded="0" />
  <memory-cardclean objects="87" bytes="2688" />
  <regions eden="28" other="1" />
  <remembered-set-cleared processed="125" cleared="11" durationms="0.118" />
  <stringconstants candidates="13816" cleared="0"  />
</gc-op>
<gc-op id="2403" type="classunload" timems="0.008" contextid="2399" timestamp="2019-08-08T19:54:12.431">
  <classunload-info classloadercandidates="54" classloadersunloaded="0" classesunloaded="0" anonymousclassesunloaded="0" quiescems="0.000" setupms="0.008" scanms="0.000" postms="0.000" />
</gc-op>
<gc-end id="2404" type="partial gc" contextid="2399" durationms="8.917" usertimems="20.130" systemtimems="0.000" timestamp="2019-08-08T19:54:12.431" activeThreads="16">
  <mem-info id="2405" free="125829120" total="209715200" percent="60">
    <mem type="eden" free="2094160" total="2097152" percent="99" />
    <remembered-set count="4160" freebytes="8367360" totalbytes="8384000" percent="99" regionsoverflowed="0" regionsstable="10" regionsrebuilding="0"/>
  </mem-info>
</gc-end>
<cycle-end id="2406" type="partial gc" contextid="2399" timestamp="2019-08-08T19:54:12.431" />
  <attribute name="elasticGC enabled" value="1" />
  <attribute name= "numThreadsSpecified" value="16" />
  <attribute name="heapSize specified" value="0" />
  <attribute name="Current GC Util" value="260" />
  <attribute name= "Current Time Running" value="93304" />
  <attribute name ="GC Interval" value="0" />
  <attribute name="Target GC Util Change" value ="80.000000" />
  <attribute name="Current GC Util Change" value="260.000000"/>
  <attribute name="Current Error" value="-128.000000" />
  <attribute name="Output H" value="209790736"/>
  <attribute name="Output I" value="1784"/>
  <attribute name="Output T" value="16"/>
  <attribute name= "Current Time Running" value="93304" />
  <attribute name="GC Util currently" value="260" />
  <attribute name="CPU Util currently" value="1939697813854" />
<exclusive-end id="2407" timestamp="2019-08-08T19:54:12.431" durationms="9.505" />

<exclusive-start id="2408" timestamp="2019-08-08T19:54:12.459" intervalms="37.419">
  <response-info timems="0.018" idlems="0.018" threads="0" lastid="0000000001F80F00" lastname="main" />
</exclusive-start>
<allocation-taxation id="2409" taxation-threshold="58720256" timestamp="2019-08-08T19:54:12.459" intervalms="37.418" />
<cycle-start id="2410" type="partial gc" contextid="0" timestamp="2019-08-08T19:54:12.459" intervalms="37.437" />
<gc-start id="2411" type="partial gc" contextid="2410" timestamp="2019-08-08T19:54:12.459">
  <mem-info id="2412" free="67108864" total="209715200" percent="32">
    <mem type="eden" free="0" total="58720256" percent="0" />
    <remembered-set count="3904" freebytes="8368384" totalbytes="8384000" percent="99" regionsoverflowed="0" regionsstable="10" regionsrebuilding="0"/>
  </mem-info>
</gc-start>
<allocation-stats totalBytes="58676472" >
  <allocated-bytes non-tlh="0" tlh="58676472" arrayletleaf="0"/>
  <largest-consumer threadName="main" threadId="0000000001F80F00" bytes="58676472" />
</allocation-stats>
<gc-op id="2413" type="copy forward" timems="9.187" contextid="2410" timestamp="2019-08-08T19:54:12.470">
  <memory-copied type="eden" objects="28" bytes="1480" bytesdiscarded="696" />
  <memory-copied type="other" objects="13" bytes="296" bytesdiscarded="1408" />
  <memory-cardclean objects="80" bytes="2624" />
  <regions eden="28" other="1" />
  <remembered-set-cleared processed="122" cleared="8" durationms="0.114" />
  <stringconstants candidates="13816" cleared="0"  />
</gc-op>
<gc-op id="2414" type="classunload" timems="0.008" contextid="2410" timestamp="2019-08-08T19:54:12.470">
  <classunload-info classloadercandidates="54" classloadersunloaded="0" classesunloaded="0" anonymousclassesunloaded="0" quiescems="0.000" setupms="0.008" scanms="0.000" postms="0.000" />
</gc-op>
<heap-resize id="2415" type="expand" space="default" amount="6291456" count="1" timems="0.104" reason="excessive time being spent in gc" timestamp="2019-08-08T19:54:12.470" />
<gc-end id="2416" type="partial gc" contextid="2410" durationms="10.903" usertimems="27.052" systemtimems="0.000" timestamp="2019-08-08T19:54:12.470" activeThreads="16">
  <mem-info id="2417" free="130023424" total="216006656" percent="60">
    <mem type="eden" free="2094976" total="2097152" percent="99" />
    <remembered-set count="4160" freebytes="8618880" totalbytes="8635520" percent="99" regionsoverflowed="0" regionsstable="10" regionsrebuilding="0"/>
  </mem-info>
</gc-end>
<cycle-end id="2418" type="partial gc" contextid="2410" timestamp="2019-08-08T19:54:12.470" />
  <attribute name="elasticGC enabled" value="1" />
  <attribute name= "numThreadsSpecified" value="16" />
  <attribute name="heapSize specified" value="0" />
  <attribute name="Current GC Util" value="97" />
  <attribute name= "Current Time Running" value="93342" />
  <attribute name ="GC Interval" value="0" />
  <attribute name="Target GC Util Change" value ="80.000000" />
  <attribute name="Current GC Util Change" value="97.000000"/>
  <attribute name="Current Error" value="-118.000000" />
  <attribute name="Output H" value="209790744"/>
  <attribute name="Output I" value="1800"/>
  <attribute name="Output T" value="16"/>
  <attribute name= "Current Time Running" value="93342" />
  <attribute name="GC Util currently" value="97" />
  <attribute name="CPU Util currently" value="1085340564910" />
<exclusive-end id="2419" timestamp="2019-08-08T19:54:12.470" durationms="11.471" />

<exclusive-start id="2420" timestamp="2019-08-08T19:54:12.554" intervalms="94.925">
  <response-info timems="0.013" idlems="0.013" threads="0" lastid="0000000001F80F00" lastname="main" />
</exclusive-start>
<allocation-taxation id="2421" taxation-threshold="60817408" timestamp="2019-08-08T19:54:12.554" intervalms="94.923" />
<cycle-start id="2422" type="partial gc" contextid="0" timestamp="2019-08-08T19:54:12.554" intervalms="94.904" />
<gc-start id="2423" type="partial gc" contextid="2422" timestamp="2019-08-08T19:54:12.554">
  <mem-info id="2424" free="69206016" total="216006656" percent="32">
    <mem type="eden" free="0" total="60817408" percent="0" />
    <remembered-set count="4160" freebytes="8618880" totalbytes="8635520" percent="99" regionsoverflowed="0" regionsstable="10" regionsrebuilding="0"/>
  </mem-info>
</gc-start>
<allocation-stats totalBytes="60731624" >
  <allocated-bytes non-tlh="0" tlh="60731624" arrayletleaf="0"/>
  <largest-consumer threadName="main" threadId="0000000001F80F00" bytes="60731624" />
</allocation-stats>
<gc-op id="2425" type="copy forward" timems="8.298" contextid="2422" timestamp="2019-08-08T19:54:12.563">
  <memory-copied type="eden" objects="36" bytes="6200" bytesdiscarded="0" />
  <memory-copied type="other" objects="6" bytes="136" bytesdiscarded="648" />
  <memory-cardclean objects="61" bytes="2088" />
  <regions eden="29" other="1" />
  <remembered-set-cleared processed="126" cleared="5" durationms="0.108" />
  <stringconstants candidates="13816" cleared="0"  />
</gc-op>
<gc-op id="2426" type="classunload" timems="0.009" contextid="2422" timestamp="2019-08-08T19:54:12.564">
  <classunload-info classloadercandidates="54" classloadersunloaded="0" classesunloaded="0" anonymousclassesunloaded="0" quiescems="0.000" setupms="0.008" scanms="0.000" postms="0.000" />
</gc-op>
<gc-end id="2427" type="partial gc" contextid="2422" durationms="9.404" usertimems="21.193" systemtimems="0.000" timestamp="2019-08-08T19:54:12.564" activeThreads="16">
  <mem-info id="2428" free="127926272" total="216006656" percent="59">
    <mem type="eden" free="2090952" total="2097152" percent="99" />
    <remembered-set count="3872" freebytes="8620032" totalbytes="8635520" percent="99" regionsoverflowed="0" regionsstable="10" regionsrebuilding="0"/>
  </mem-info>
</gc-end>
<cycle-end id="2429" type="partial gc" contextid="2422" timestamp="2019-08-08T19:54:12.564" />
  <attribute name="elasticGC enabled" value="1" />
  <attribute name= "numThreadsSpecified" value="16" />
  <attribute name="heapSize specified" value="0" />
  <attribute name="Current GC Util" value="130" />
  <attribute name= "Current Time Running" value="93437" />
  <attribute name ="GC Interval" value="0" />
  <attribute name="Target GC Util Change" value ="80.000000" />
  <attribute name="Current GC Util Change" value="130.000000"/>
  <attribute name="Current Error" value="-50.000000" />
  <attribute name="Output H" value="216082280"/>
  <attribute name="Output I" value="1920"/>
  <attribute name="Output T" value="16"/>
  <attribute name= "Current Time Running" value="93437" />
  <attribute name="GC Util currently" value="130" />
  <attribute name="CPU Util currently" value="1775919275192" />
<exclusive-end id="2430" timestamp="2019-08-08T19:54:12.564" durationms="9.965" />

<exclusive-start id="2431" timestamp="2019-08-08T19:54:12.679" intervalms="125.555">
  <response-info timems="0.015" idlems="0.015" threads="0" lastid="0000000001F80F00" lastname="main" />
</exclusive-start>
<allocation-taxation id="2432" taxation-threshold="60817408" timestamp="2019-08-08T19:54:12.680" intervalms="125.558" />
<cycle-start id="2433" type="partial gc" contextid="0" timestamp="2019-08-08T19:54:12.680" intervalms="125.681" />
<gc-start id="2434" type="partial gc" contextid="2433" timestamp="2019-08-08T19:54:12.680">
  <mem-info id="2435" free="67108864" total="216006656" percent="31">
    <mem type="eden" free="0" total="60817408" percent="0" />
    <remembered-set count="3392" freebytes="8621952" totalbytes="8635520" percent="99" regionsoverflowed="0" regionsstable="10" regionsrebuilding="0"/>
  </mem-info>
</gc-start>
<allocation-stats totalBytes="60767752" >
  <allocated-bytes non-tlh="0" tlh="60767752" arrayletleaf="0"/>
  <largest-consumer threadName="main" threadId="0000000001F80F00" bytes="60767752" />
</allocation-stats>
<gc-op id="2436" type="copy forward" timems="7.362" contextid="2433" timestamp="2019-08-08T19:54:12.688">
  <memory-copied type="eden" objects="28" bytes="896" bytesdiscarded="0" />
  <memory-copied type="other" objects="6" bytes="136" bytesdiscarded="648" />
  <memory-cardclean objects="69" bytes="2328" />
  <regions eden="29" other="1" />
  <remembered-set-cleared processed="128" cleared="5" durationms="0.127" />
  <stringconstants candidates="13816" cleared="0"  />
</gc-op>
<gc-op id="2437" type="classunload" timems="0.011" contextid="2433" timestamp="2019-08-08T19:54:12.689">
  <classunload-info classloadercandidates="54" classloadersunloaded="0" classesunloaded="0" anonymousclassesunloaded="0" quiescems="0.000" setupms="0.011" scanms="0.000" postms="0.000" />
</gc-op>
<gc-end id="2438" type="partial gc" contextid="2433" durationms="8.774" usertimems="19.820" systemtimems="0.000" timestamp="2019-08-08T19:54:12.689" activeThreads="16">
  <mem-info id="2439" free="125829120" total="216006656" percent="58">
    <mem type="eden" free="2096256" total="2097152" percent="99" />
    <remembered-set count="3936" freebytes="8619776" totalbytes="8635520" percent="99" regionsoverflowed="0" regionsstable="10" regionsrebuilding="0"/>
  </mem-info>
</gc-end>
<cycle-end id="2440" type="partial gc" contextid="2433" timestamp="2019-08-08T19:54:12.689" />
  <attribute name="elasticGC enabled" value="1" />
  <attribute name= "numThreadsSpecified" value="16" />
  <attribute name="heapSize specified" value="0" />
  <attribute name="Current GC Util" value="211" />
  <attribute name= "Current Time Running" value="93563" />
  <attribute name ="GC Interval" value="0" />
  <attribute name="Target GC Util Change" value ="80.000000" />
  <attribute name="Current GC Util Change" value="211.000000"/>
  <attribute name="Current Error" value="-117.000000" />
  <attribute name="Output H" value="216082208"/>
  <attribute name="Output I" value="1800"/>
  <attribute name="Output T" value="16"/>
  <attribute name= "Current Time Running" value="93563" />
  <attribute name="GC Util currently" value="211" />
  <attribute name="CPU Util currently" value="1441488779948" />
<exclusive-end id="2441" timestamp="2019-08-08T19:54:12.689" durationms="9.579" />

<exclusive-start id="2442" timestamp="2019-08-08T19:54:12.813" intervalms="133.597">
  <response-info timems="0.020" idlems="0.020" threads="0" lastid="0000000001F80F00" lastname="main" />
</exclusive-start>
<allocation-taxation id="2443" taxation-threshold="60817408" timestamp="2019-08-08T19:54:12.813" intervalms="133.596" />
<cycle-start id="2444" type="partial gc" contextid="0" timestamp="2019-08-08T19:54:12.813" intervalms="133.483" />
<gc-start id="2445" type="partial gc" contextid="2444" timestamp="2019-08-08T19:54:12.813">
  <mem-info id="2446" free="65011712" total="216006656" percent="30">
    <mem type="eden" free="0" total="60817408" percent="0" />
    <remembered-set count="3456" freebytes="8621696" totalbytes="8635520" percent="99" regionsoverflowed="0" regionsstable="10" regionsrebuilding="0"/>
  </mem-info>
</gc-start>
<allocation-stats totalBytes="60806464" >
  <allocated-bytes non-tlh="0" tlh="60806464" arrayletleaf="0"/>
  <largest-consumer threadName="main" threadId="0000000001F80F00" bytes="60806464" />
</allocation-stats>
<gc-op id="2447" type="copy forward" timems="10.092" contextid="2444" timestamp="2019-08-08T19:54:12.825">
  <memory-copied type="eden" objects="10" bytes="336" bytesdiscarded="0" />
  <memory-copied type="other" objects="26" bytes="800" bytesdiscarded="600" />
  <memory-cardclean objects="46" bytes="1720" />
  <regions eden="29" other="1" />
  <remembered-set-cleared processed="130" cleared="5" durationms="0.262" />
  <stringconstants candidates="13816" cleared="0"  />
</gc-op>
<gc-op id="2448" type="classunload" timems="0.007" contextid="2444" timestamp="2019-08-08T19:54:12.825">
  <classunload-info classloadercandidates="54" classloadersunloaded="0" classesunloaded="0" anonymousclassesunloaded="0" quiescems="0.000" setupms="0.006" scanms="0.000" postms="0.000" />
</gc-op>
<gc-end id="2449" type="partial gc" contextid="2444" durationms="11.475" usertimems="25.037" systemtimems="0.000" timestamp="2019-08-08T19:54:12.825" activeThreads="16">
  <mem-info id="2450" free="123731968" total="216006656" percent="57">
    <mem type="eden" free="2096816" total="2097152" percent="99" />
    <remembered-set count="4512" freebytes="8617472" totalbytes="8635520" percent="99" regionsoverflowed="0" regionsstable="10" regionsrebuilding="0"/>
  </mem-info>
</gc-end>
<cycle-end id="2451" type="partial gc" contextid="2444" timestamp="2019-08-08T19:54:12.825" />
  <attribute name="elasticGC enabled" value="1" />
  <attribute name= "numThreadsSpecified" value="16" />
  <attribute name="heapSize specified" value="0" />
  <attribute name="Current GC Util" value="148" />
  <attribute name= "Current Time Running" value="93696" />
  <attribute name ="GC Interval" value="0" />
  <attribute name="Target GC Util Change" value ="80.000000" />
  <attribute name="Current GC Util Change" value="148.000000"/>
  <attribute name="Current Error" value="-118.000000" />
  <attribute name="Output H" value="216082200"/>
  <attribute name="Output I" value="1800"/>
  <attribute name="Output T" value="16"/>
  <attribute name= "Current Time Running" value="93696" />
  <attribute name="GC Util currently" value="148" />
  <attribute name="CPU Util currently" value="2066749005429" />
<exclusive-end id="2452" timestamp="2019-08-08T19:54:12.825" durationms="12.084" />

<exclusive-start id="2453" timestamp="2019-08-08T19:54:12.937" intervalms="123.912">
  <response-info timems="0.022" idlems="0.022" threads="0" lastid="0000000001F80F00" lastname="main" />
</exclusive-start>
<allocation-taxation id="2454" taxation-threshold="60817408" timestamp="2019-08-08T19:54:12.937" intervalms="123.947" />
<cycle-start id="2455" type="partial gc" contextid="0" timestamp="2019-08-08T19:54:12.937" intervalms="124.079" />
<gc-start id="2456" type="partial gc" contextid="2455" timestamp="2019-08-08T19:54:12.938">
  <mem-info id="2457" free="62914560" total="216006656" percent="29">
    <mem type="eden" free="2096816" total="62914560" percent="3" />
    <remembered-set count="4032" freebytes="8619392" totalbytes="8635520" percent="99" regionsoverflowed="0" regionsstable="10" regionsrebuilding="0"/>
  </mem-info>
</gc-start>
<allocation-stats totalBytes="60806288" >
  <allocated-bytes non-tlh="0" tlh="60806288" arrayletleaf="0"/>
  <largest-consumer threadName="main" threadId="0000000001F80F00" bytes="60806288" />
</allocation-stats>
<gc-op id="2458" type="copy forward" timems="16.279" contextid="2455" timestamp="2019-08-08T19:54:12.955">
  <memory-copied type="eden" objects="6" bytes="264" bytesdiscarded="0" />
  <memory-copied type="other" objects="0" bytes="0" bytesdiscarded="0" />
  <memory-cardclean objects="22" bytes="1008" />
  <regions eden="29" other="1" />
  <remembered-set-cleared processed="134" cleared="1" durationms="0.187" />
  <stringconstants candidates="13816" cleared="0"  />
</gc-op>
<gc-op id="2459" type="classunload" timems="0.010" contextid="2455" timestamp="2019-08-08T19:54:12.955">
  <classunload-info classloadercandidates="54" classloadersunloaded="0" classesunloaded="0" anonymousclassesunloaded="0" quiescems="0.000" setupms="0.010" scanms="0.000" postms="0.000" />
</gc-op>
<gc-end id="2460" type="partial gc" contextid="2455" durationms="17.569" usertimems="42.135" systemtimems="0.000" timestamp="2019-08-08T19:54:12.955" activeThreads="16">
  <mem-info id="2461" free="123731968" total="216006656" percent="57">
    <mem type="eden" free="2096888" total="2097152" percent="99" />
    <remembered-set count="4224" freebytes="8618624" totalbytes="8635520" percent="99" regionsoverflowed="0" regionsstable="10" regionsrebuilding="0"/>
  </mem-info>
</gc-end>
<cycle-end id="2462" type="partial gc" contextid="2455" timestamp="2019-08-08T19:54:12.955" />
  <attribute name="elasticGC enabled" value="1" />
  <attribute name= "numThreadsSpecified" value="16" />
  <attribute name="heapSize specified" value="0" />
  <attribute name="Current GC Util" value="136" />
  <attribute name= "Current Time Running" value="93820" />
  <attribute name ="GC Interval" value="0" />
  <attribute name="Target GC Util Change" value ="80.000000" />
  <attribute name="Current GC Util Change" value="136.000000"/>
  <attribute name="Current Error" value="-56.000000" />
  <attribute name="Output H" value="216082272"/>
  <attribute name="Output I" value="1912"/>
  <attribute name="Output T" value="16"/>
  <attribute name= "Current Time Running" value="93820" />
  <attribute name="GC Util currently" value="136" />
  <attribute name="CPU Util currently" value="1866003510977" />
<exclusive-end id="2463" timestamp="2019-08-08T19:54:12.955" durationms="18.441" />

<exclusive-start id="2464" timestamp="2019-08-08T19:54:13.068" intervalms="130.538">
  <response-info timems="0.016" idlems="0.016" threads="0" lastid="0000000001F80F00" lastname="main" />
</exclusive-start>
<allocation-taxation id="2465" taxation-threshold="60817408" timestamp="2019-08-08T19:54:13.068" intervalms="130.617" />
<cycle-start id="2466" type="partial gc" contextid="0" timestamp="2019-08-08T19:54:13.068" intervalms="130.635" />
<gc-start id="2467" type="partial gc" contextid="2466" timestamp="2019-08-08T19:54:13.068">
  <mem-info id="2468" free="62914560" total="216006656" percent="29">
    <mem type="eden" free="2096888" total="62914560" percent="3" />
    <remembered-set count="4224" freebytes="8618624" totalbytes="8635520" percent="99" regionsoverflowed="0" regionsstable="10" regionsrebuilding="0"/>
  </mem-info>
</gc-start>
<allocation-stats totalBytes="60806328" >
  <allocated-bytes non-tlh="0" tlh="60806328" arrayletleaf="0"/>
  <largest-consumer threadName="main" threadId="0000000001F80F00" bytes="60806328" />
</allocation-stats>
<gc-op id="2469" type="copy forward" timems="8.117" contextid="2466" timestamp="2019-08-08T19:54:13.078">
  <memory-copied type="eden" objects="1" bytes="24" bytesdiscarded="0" />
  <memory-copied type="other" objects="0" bytes="0" bytesdiscarded="0" />
  <memory-cardclean objects="22" bytes="1008" />
  <regions eden="29" other="1" />
  <remembered-set-cleared processed="134" cleared="1" durationms="0.121" />
  <stringconstants candidates="13816" cleared="0"  />
</gc-op>
<gc-op id="2470" type="classunload" timems="0.008" contextid="2466" timestamp="2019-08-08T19:54:13.078">
  <classunload-info classloadercandidates="54" classloadersunloaded="0" classesunloaded="0" anonymousclassesunloaded="0" quiescems="0.000" setupms="0.008" scanms="0.000" postms="0.000" />
</gc-op>
<gc-end id="2471" type="partial gc" contextid="2466" durationms="9.996" usertimems="21.892" systemtimems="0.000" timestamp="2019-08-08T19:54:13.078" activeThreads="16">
  <mem-info id="2472" free="123731968" total="216006656" percent="57">
    <mem type="eden" free="2097128" total="2097152" percent="99" />
    <remembered-set count="3200" freebytes="8622720" totalbytes="8635520" percent="99" regionsoverflowed="0" regionsstable="10" regionsrebuilding="0"/>
  </mem-info>
</gc-end>
<cycle-end id="2473" type="partial gc" contextid="2466" timestamp="2019-08-08T19:54:13.078" />
  <attribute name="elasticGC enabled" value="1" />
  <attribute name= "numThreadsSpecified" value="16" />
  <attribute name="heapSize specified" value="0" />
  <attribute name="Current GC Util" value="116" />
  <attribute name= "Current Time Running" value="93951" />
  <attribute name ="GC Interval" value="0" />
  <attribute name="Target GC Util Change" value ="80.000000" />
  <attribute name="Current GC Util Change" value="116.000000"/>
  <attribute name="Current Error" value="-43.000000" />
  <attribute name="Output H" value="216082288"/>
  <attribute name="Output I" value="1936"/>
  <attribute name="Output T" value="16"/>
  <attribute name= "Current Time Running" value="93951" />
  <attribute name="GC Util currently" value="116" />
  <attribute name="CPU Util currently" value="978873789706" />
<exclusive-end id="2474" timestamp="2019-08-08T19:54:13.078" durationms="10.787" />

<exclusive-start id="2475" timestamp="2019-08-08T19:54:13.107" intervalms="39.137">
  <response-info timems="0.021" idlems="0.021" threads="0" lastid="0000000001F80F00" lastname="main" />
</exclusive-start>
<allocation-taxation id="2476" taxation-threshold="60817408" timestamp="2019-08-08T19:54:13.107" intervalms="39.057" />
<cycle-start id="2477" type="partial gc" contextid="0" timestamp="2019-08-08T19:54:13.107" intervalms="38.853" />
<gc-start id="2478" type="partial gc" contextid="2477" timestamp="2019-08-08T19:54:13.107">
  <mem-info id="2479" free="62914560" total="216006656" percent="29">
    <mem type="eden" free="2097128" total="62914560" percent="3" />
    <remembered-set count="3200" freebytes="8622720" totalbytes="8635520" percent="99" regionsoverflowed="0" regionsstable="10" regionsrebuilding="0"/>
  </mem-info>
</gc-start>
<allocation-stats totalBytes="60737752" >
  <allocated-bytes non-tlh="0" tlh="60737752" arrayletleaf="0"/>
  <largest-consumer threadName="main" threadId="0000000001F80F00" bytes="60737752" />
</allocation-stats>
<gc-op id="2480" type="copy forward" timems="1.498" contextid="2477" timestamp="2019-08-08T19:54:13.110">
  <memory-copied type="eden" objects="26" bytes="1344" bytesdiscarded="0" />
  <memory-copied type="other" objects="0" bytes="0" bytesdiscarded="0" />
  <memory-cardclean objects="66" bytes="2264" />
  <regions eden="29" other="1" />
  <remembered-set-cleared processed="134" cleared="8" durationms="0.291" />
  <stringconstants candidates="13816" cleared="0"  />
</gc-op>
<gc-op id="2481" type="classunload" timems="0.005" contextid="2477" timestamp="2019-08-08T19:54:13.110">
  <classunload-info classloadercandidates="54" classloadersunloaded="0" classesunloaded="0" anonymousclassesunloaded="0" quiescems="0.000" setupms="0.005" scanms="0.000" postms="0.000" />
</gc-op>
<heap-resize id="2482" type="expand" space="default" amount="14680064" count="1" timems="0.140" reason="excessive time being spent in gc" timestamp="2019-08-08T19:54:13.110" />
<gc-end id="2483" type="partial gc" contextid="2477" durationms="2.721" usertimems="3.501" systemtimems="0.000" timestamp="2019-08-08T19:54:13.110" activeThreads="1">
  <mem-info id="2484" free="138412032" total="230686720" percent="60">
    <mem type="eden" free="2095808" total="2097152" percent="99" />
    <remembered-set count="3520" freebytes="9208320" totalbytes="9222400" percent="99" regionsoverflowed="0" regionsstable="10" regionsrebuilding="0"/>
  </mem-info>
</gc-end>
<cycle-end id="2485" type="partial gc" contextid="2477" timestamp="2019-08-08T19:54:13.110" />
  <attribute name="elasticGC enabled" value="1" />
  <attribute name= "numThreadsSpecified" value="1" />
  <attribute name="heapSize specified" value="0" />
  <attribute name="Current GC Util" value="85" />
  <attribute name= "Current Time Running" value="93990" />
  <attribute name ="GC Interval" value="0" />
  <attribute name="Target GC Util Change" value ="80.000000" />
  <attribute name="Current GC Util Change" value="85.000000"/>
  <attribute name="Current Error" value="-22.000000" />
  <attribute name="Output H" value="216082312"/>
  <attribute name="Output I" value="1976"/>
  <attribute name="Output T" value="1"/>
  <attribute name= "Current Time Running" value="93990" />
  <attribute name="GC Util currently" value="85" />
  <attribute name="CPU Util currently" value="2070386189923" />
<exclusive-end id="2486" timestamp="2019-08-08T19:54:13.110" durationms="3.782" />

<exclusive-start id="2487" timestamp="2019-08-08T19:54:13.132" intervalms="25.688">
  <response-info timems="0.013" idlems="0.013" threads="0" lastid="0000000001F80F00" lastname="main" />
</exclusive-start>
<allocation-taxation id="2488" taxation-threshold="65011712" timestamp="2019-08-08T19:54:13.132" intervalms="25.655" />
<cycle-start id="2489" type="partial gc" contextid="0" timestamp="2019-08-08T19:54:13.132" intervalms="25.730" />
<gc-start id="2490" type="partial gc" contextid="2489" timestamp="2019-08-08T19:54:13.133">
  <mem-info id="2491" free="73400320" total="230686720" percent="31">
    <mem type="eden" free="0" total="65011712" percent="0" />
    <remembered-set count="3136" freebytes="9209856" totalbytes="9222400" percent="99" regionsoverflowed="0" regionsstable="10" regionsrebuilding="0"/>
  </mem-info>
</gc-start>
<allocation-stats totalBytes="64922040" >
  <allocated-bytes non-tlh="0" tlh="64922040" arrayletleaf="0"/>
  <largest-consumer threadName="main" threadId="0000000001F80F00" bytes="64922040" />
</allocation-stats>
<gc-op id="2492" type="copy forward" timems="7.869" contextid="2489" timestamp="2019-08-08T19:54:13.142">
  <memory-copied type="eden" objects="4" bytes="112" bytesdiscarded="0" />
  <memory-copied type="other" objects="22" bytes="1232" bytesdiscarded="680" />
  <memory-cardclean objects="54" bytes="2072" />
  <regions eden="31" other="1" />
  <remembered-set-cleared processed="132" cleared="6" durationms="0.189" />
  <stringconstants candidates="13816" cleared="0"  />
</gc-op>
<gc-op id="2493" type="classunload" timems="0.006" contextid="2489" timestamp="2019-08-08T19:54:13.142">
  <classunload-info classloadercandidates="54" classloadersunloaded="0" classesunloaded="0" anonymousclassesunloaded="0" quiescems="0.000" setupms="0.006" scanms="0.000" postms="0.000" />
</gc-op>
<heap-resize id="2494" type="expand" space="default" amount="6291456" count="1" timems="0.093" reason="excessive time being spent in gc" timestamp="2019-08-08T19:54:13.142" />
<gc-end id="2495" type="partial gc" contextid="2489" durationms="9.231" usertimems="19.651" systemtimems="0.000" timestamp="2019-08-08T19:54:13.142" activeThreads="16">
  <mem-info id="2496" free="142606336" total="236978176" percent="60">
    <mem type="eden" free="2097040" total="2097152" percent="99" />
    <remembered-set count="4576" freebytes="9455616" totalbytes="9473920" percent="99" regionsoverflowed="0" regionsstable="10" regionsrebuilding="0"/>
  </mem-info>
</gc-end>
<cycle-end id="2497" type="partial gc" contextid="2489" timestamp="2019-08-08T19:54:13.142" />
  <attribute name="elasticGC enabled" value="1" />
  <attribute name= "numThreadsSpecified" value="16" />
  <attribute name="heapSize specified" value="0" />
  <attribute name="Current GC Util" value="218" />
  <attribute name= "Current Time Running" value="94015" />
  <attribute name ="GC Interval" value="0" />
  <attribute name="Target GC Util Change" value ="80.000000" />
  <attribute name="Current GC Util Change" value="218.000000"/>
  <attribute name="Current Error" value="-138.000000" />
  <attribute name="Output H" value="230762248"/>
  <attribute name="Output I" value="1768"/>
  <attribute name="Output T" value="16"/>
  <attribute name= "Current Time Running" value="94015" />
  <attribute name="GC Util currently" value="218" />
  <attribute name="CPU Util currently" value="2062622598174" />
<exclusive-end id="2498" timestamp="2019-08-08T19:54:13.142" durationms="9.987" />

* Round 2 done in 3.756 seconds.
<exclusive-start id="2499" timestamp="2019-08-08T19:54:13.171" intervalms="38.668">
  <response-info timems="0.014" idlems="0.014" threads="0" lastid="0000000001F80F00" lastname="main" />
</exclusive-start>
<allocation-taxation id="2500" taxation-threshold="67108864" timestamp="2019-08-08T19:54:13.171" intervalms="38.662" />
<cycle-start id="2501" type="partial gc" contextid="0" timestamp="2019-08-08T19:54:13.171" intervalms="38.655" />
<gc-start id="2502" type="partial gc" contextid="2501" timestamp="2019-08-08T19:54:13.171">
  <mem-info id="2503" free="75497472" total="236978176" percent="31">
    <mem type="eden" free="2097040" total="69206016" percent="3" />
    <remembered-set count="4096" freebytes="9457536" totalbytes="9473920" percent="99" regionsoverflowed="0" regionsstable="10" regionsrebuilding="0"/>
  </mem-info>
</gc-start>
<allocation-stats totalBytes="67023184" >
  <allocated-bytes non-tlh="0" tlh="67023184" arrayletleaf="0"/>
  <largest-consumer threadName="main" threadId="0000000001F80F00" bytes="67023184" />
</allocation-stats>
<gc-op id="2504" type="copy forward" timems="9.491" contextid="2501" timestamp="2019-08-08T19:54:13.182">
  <memory-copied type="eden" objects="25" bytes="936" bytesdiscarded="696" />
  <memory-copied type="other" objects="0" bytes="0" bytesdiscarded="0" />
  <memory-cardclean objects="95" bytes="3576" />
  <regions eden="32" other="1" />
  <remembered-set-cleared processed="137" cleared="5" durationms="0.122" />
  <stringconstants candidates="13816" cleared="0"  />
</gc-op>
<gc-op id="2505" type="classunload" timems="0.007" contextid="2501" timestamp="2019-08-08T19:54:13.182">
  <classunload-info classloadercandidates="54" classloadersunloaded="0" classesunloaded="0" anonymousclassesunloaded="0" quiescems="0.000" setupms="0.007" scanms="0.000" postms="0.000" />
</gc-op>
<gc-end id="2506" type="partial gc" contextid="2501" durationms="10.879" usertimems="23.233" systemtimems="0.000" timestamp="2019-08-08T19:54:13.182" activeThreads="16">
  <mem-info id="2507" free="142606336" total="236978176" percent="60">
    <mem type="eden" free="2095520" total="2097152" percent="99" />
    <remembered-set count="3712" freebytes="9459072" totalbytes="9473920" percent="99" regionsoverflowed="0" regionsstable="10" regionsrebuilding="0"/>
  </mem-info>
</gc-end>
<cycle-end id="2508" type="partial gc" contextid="2501" timestamp="2019-08-08T19:54:13.182" />
  <attribute name="elasticGC enabled" value="1" />
  <attribute name= "numThreadsSpecified" value="16" />
  <attribute name="heapSize specified" value="0" />
  <attribute name="Current GC Util" value="159" />
  <attribute name= "Current Time Running" value="94054" />
  <attribute name ="GC Interval" value="0" />
  <attribute name="Target GC Util Change" value ="80.000000" />
  <attribute name="Current GC Util Change" value="159.000000"/>
  <attribute name="Current Error" value="-187.000000" />
  <attribute name="Output H" value="237053648"/>
  <attribute name="Output I" value="1680"/>
  <attribute name="Output T" value="16"/>
  <attribute name= "Current Time Running" value="94054" />
  <attribute name="GC Util currently" value="159" />
  <attribute name="CPU Util currently" value="1214222712591" />
<exclusive-end id="2509" timestamp="2019-08-08T19:54:13.183" durationms="11.573" />

<exclusive-start id="2510" timestamp="2019-08-08T19:54:13.424" intervalms="252.960">
  <response-info timems="0.021" idlems="0.021" threads="0" lastid="0000000001F80F00" lastname="main" />
</exclusive-start>
<allocation-taxation id="2511" taxation-threshold="67108864" timestamp="2019-08-08T19:54:13.424" intervalms="253.001" />
<cycle-start id="2512" type="partial gc" contextid="0" timestamp="2019-08-08T19:54:13.424" intervalms="252.967" />
<gc-start id="2513" type="partial gc" contextid="2512" timestamp="2019-08-08T19:54:13.424">
  <mem-info id="2514" free="75497472" total="236978176" percent="31">
    <mem type="eden" free="0" total="67108864" percent="0" />
    <remembered-set count="3232" freebytes="9460992" totalbytes="9473920" percent="99" regionsoverflowed="0" regionsstable="10" regionsrebuilding="0"/>
  </mem-info>
</gc-start>
<allocation-stats totalBytes="67049896" >
  <allocated-bytes non-tlh="0" tlh="67049896" arrayletleaf="0"/>
  <largest-consumer threadName="main" threadId="0000000001F80F00" bytes="67049896" />
</allocation-stats>
<gc-op id="2515" type="copy forward" timems="11.374" contextid="2512" timestamp="2019-08-08T19:54:13.437">
  <memory-copied type="eden" objects="74" bytes="3048" bytesdiscarded="504" />
  <memory-copied type="other" objects="14" bytes="520" bytesdiscarded="640" />
  <memory-cardclean objects="145" bytes="4472" />
  <regions eden="32" other="1" />
  <remembered-set-cleared processed="134" cleared="7" durationms="0.116" />
  <stringconstants candidates="13816" cleared="0"  />
</gc-op>
<gc-op id="2516" type="classunload" timems="0.009" contextid="2512" timestamp="2019-08-08T19:54:13.437">
  <classunload-info classloadercandidates="54" classloadersunloaded="0" classesunloaded="0" anonymousclassesunloaded="0" quiescems="0.000" setupms="0.008" scanms="0.000" postms="0.000" />
</gc-op>
<gc-end id="2517" type="partial gc" contextid="2512" durationms="13.212" usertimems="32.074" systemtimems="0.000" timestamp="2019-08-08T19:54:13.438" activeThreads="16">
  <mem-info id="2518" free="140509184" total="236978176" percent="59">
    <mem type="eden" free="2093600" total="2097152" percent="99" />
    <remembered-set count="4160" freebytes="9457280" totalbytes="9473920" percent="99" regionsoverflowed="0" regionsstable="10" regionsrebuilding="0"/>
  </mem-info>
</gc-end>
<cycle-end id="2519" type="partial gc" contextid="2512" timestamp="2019-08-08T19:54:13.438" />
  <attribute name="elasticGC enabled" value="1" />
  <attribute name= "numThreadsSpecified" value="16" />
  <attribute name="heapSize specified" value="0" />
  <attribute name="Current GC Util" value="256" />
  <attribute name= "Current Time Running" value="94308" />
  <attribute name ="GC Interval" value="0" />
  <attribute name="Target GC Util Change" value ="80.000000" />
  <attribute name="Current GC Util Change" value="256.000000"/>
  <attribute name="Current Error" value="-291.000000" />
  <attribute name="Output H" value="237053520"/>
  <attribute name="Output I" value="1496"/>
  <attribute name="Output T" value="16"/>
  <attribute name= "Current Time Running" value="94308" />
  <attribute name="GC Util currently" value="256" />
  <attribute name="CPU Util currently" value="876072151796" />
<exclusive-end id="2520" timestamp="2019-08-08T19:54:13.438" durationms="13.865" />

<exclusive-start id="2521" timestamp="2019-08-08T19:54:13.463" intervalms="39.453">
  <response-info timems="0.024" idlems="0.024" threads="0" lastid="0000000001F80F00" lastname="main" />
</exclusive-start>
<allocation-taxation id="2522" taxation-threshold="67108864" timestamp="2019-08-08T19:54:13.463" intervalms="39.428" />
<cycle-start id="2523" type="partial gc" contextid="0" timestamp="2019-08-08T19:54:13.464" intervalms="39.447" />
<gc-start id="2524" type="partial gc" contextid="2523" timestamp="2019-08-08T19:54:13.464">
  <mem-info id="2525" free="73400320" total="236978176" percent="30">
    <mem type="eden" free="0" total="67108864" percent="0" />
    <remembered-set count="3776" freebytes="9458816" totalbytes="9473920" percent="99" regionsoverflowed="0" regionsstable="10" regionsrebuilding="0"/>
  </mem-info>
</gc-start>
<allocation-stats totalBytes="66869512" >
  <allocated-bytes non-tlh="0" tlh="66869512" arrayletleaf="0"/>
  <largest-consumer threadName="main" threadId="0000000001F80F00" bytes="66869512" />
</allocation-stats>
<gc-op id="2526" type="copy forward" timems="10.766" contextid="2523" timestamp="2019-08-08T19:54:13.476">
  <memory-copied type="eden" objects="2" bytes="56" bytesdiscarded="736" />
  <memory-copied type="other" objects="73" bytes="3016" bytesdiscarded="736" />
  <memory-cardclean objects="76" bytes="2520" />
  <regions eden="32" other="1" />
  <remembered-set-cleared processed="136" cleared="2" durationms="0.155" />
  <stringconstants candidates="13816" cleared="0"  />
</gc-op>
<gc-op id="2527" type="classunload" timems="0.009" contextid="2523" timestamp="2019-08-08T19:54:13.476">
  <classunload-info classloadercandidates="54" classloadersunloaded="0" classesunloaded="0" anonymousclassesunloaded="0" quiescems="0.000" setupms="0.009" scanms="0.000" postms="0.000" />
</gc-op>
<gc-end id="2528" type="partial gc" contextid="2523" durationms="12.051" usertimems="23.456" systemtimems="0.000" timestamp="2019-08-08T19:54:13.476" activeThreads="16">
  <mem-info id="2529" free="138412032" total="236978176" percent="58">
    <mem type="eden" free="2096360" total="2097152" percent="99" />
    <remembered-set count="4288" freebytes="9456768" totalbytes="9473920" percent="99" regionsoverflowed="0" regionsstable="10" regionsrebuilding="0"/>
  </mem-info>
</gc-end>
<cycle-end id="2530" type="partial gc" contextid="2523" timestamp="2019-08-08T19:54:13.476" />
  <attribute name="elasticGC enabled" value="1" />
  <attribute name= "numThreadsSpecified" value="16" />
  <attribute name="heapSize specified" value="0" />
  <attribute name="Current GC Util" value="300" />
  <attribute name= "Current Time Running" value="94347" />
  <attribute name ="GC Interval" value="0" />
  <attribute name="Target GC Util Change" value ="80.000000" />
  <attribute name="Current GC Util Change" value="300.000000"/>
  <attribute name="Current Error" value="-220.000000" />
  <attribute name="Output H" value="237053608"/>
  <attribute name="Output I" value="1616"/>
  <attribute name="Output T" value="16"/>
  <attribute name= "Current Time Running" value="94347" />
  <attribute name="GC Util currently" value="300" />
  <attribute name="CPU Util currently" value="1426725848728" />
<exclusive-end id="2531" timestamp="2019-08-08T19:54:13.476" durationms="12.797" />

<exclusive-start id="2532" timestamp="2019-08-08T19:54:13.499" intervalms="35.945">
  <response-info timems="0.016" idlems="0.016" threads="0" lastid="0000000001F80F00" lastname="main" />
</exclusive-start>
<allocation-taxation id="2533" taxation-threshold="67108864" timestamp="2019-08-08T19:54:13.499" intervalms="35.936" />
<cycle-start id="2534" type="partial gc" contextid="0" timestamp="2019-08-08T19:54:13.500" intervalms="36.024" />
<gc-start id="2535" type="partial gc" contextid="2534" timestamp="2019-08-08T19:54:13.500">
  <mem-info id="2536" free="71303168" total="236978176" percent="30">
    <mem type="eden" free="2096360" total="69206016" percent="3" />
    <remembered-set count="3840" freebytes="9458560" totalbytes="9473920" percent="99" regionsoverflowed="0" regionsstable="10" regionsrebuilding="0"/>
  </mem-info>
</gc-start>
<allocation-stats totalBytes="66885448" >
  <allocated-bytes non-tlh="0" tlh="66885448" arrayletleaf="0"/>
  <largest-consumer threadName="main" threadId="0000000001F80F00" bytes="66885448" />
</allocation-stats>
<gc-op id="2537" type="copy forward" timems="6.623" contextid="2534" timestamp="2019-08-08T19:54:13.508">
  <memory-copied type="eden" objects="2" bytes="56" bytesdiscarded="0" />
  <memory-copied type="other" objects="0" bytes="0" bytesdiscarded="0" />
  <memory-cardclean objects="6" bytes="192" />
  <regions eden="32" other="1" />
  <remembered-set-cleared processed="142" cleared="0" durationms="0.096" />
  <stringconstants candidates="13816" cleared="0"  />
</gc-op>
<gc-op id="2538" type="classunload" timems="0.007" contextid="2534" timestamp="2019-08-08T19:54:13.508">
  <classunload-info classloadercandidates="54" classloadersunloaded="0" classesunloaded="0" anonymousclassesunloaded="0" quiescems="0.000" setupms="0.007" scanms="0.000" postms="0.000" />
</gc-op>
<gc-end id="2539" type="partial gc" contextid="2534" durationms="8.063" usertimems="18.661" systemtimems="0.000" timestamp="2019-08-08T19:54:13.508" activeThreads="16">
  <mem-info id="2540" free="138412032" total="236978176" percent="58">
    <mem type="eden" free="2097096" total="2097152" percent="99" />
    <remembered-set count="3360" freebytes="9460480" totalbytes="9473920" percent="99" regionsoverflowed="0" regionsstable="10" regionsrebuilding="0"/>
  </mem-info>
</gc-end>
<cycle-end id="2541" type="partial gc" contextid="2534" timestamp="2019-08-08T19:54:13.508" />
  <attribute name="elasticGC enabled" value="1" />
  <attribute name= "numThreadsSpecified" value="16" />
  <attribute name="heapSize specified" value="0" />
  <attribute name="Current GC Util" value="196" />
  <attribute name= "Current Time Running" value="94383" />
  <attribute name ="GC Interval" value="0" />
  <attribute name="Target GC Util Change" value ="80.000000" />
  <attribute name="Current GC Util Change" value="196.000000"/>
  <attribute name="Current Error" value="-317.000000" />
  <attribute name="Output H" value="237053496"/>
  <attribute name="Output I" value="1448"/>
  <attribute name="Output T" value="16"/>
  <attribute name= "Current Time Running" value="94383" />
  <attribute name="GC Util currently" value="196" />
  <attribute name="CPU Util currently" value="1334903521732" />
<exclusive-end id="2542" timestamp="2019-08-08T19:54:13.508" durationms="8.793" />

<exclusive-start id="2543" timestamp="2019-08-08T19:54:13.531" intervalms="31.660">
  <response-info timems="0.016" idlems="0.016" threads="0" lastid="0000000001F80F00" lastname="main" />
</exclusive-start>
<allocation-taxation id="2544" taxation-threshold="67108864" timestamp="2019-08-08T19:54:13.531" intervalms="31.659" />
<cycle-start id="2545" type="partial gc" contextid="0" timestamp="2019-08-08T19:54:13.531" intervalms="31.646" />
<gc-start id="2546" type="partial gc" contextid="2545" timestamp="2019-08-08T19:54:13.531">
  <mem-info id="2547" free="71303168" total="236978176" percent="30">
    <mem type="eden" free="2097096" total="69206016" percent="3" />
    <remembered-set count="3360" freebytes="9460480" totalbytes="9473920" percent="99" regionsoverflowed="0" regionsstable="10" regionsrebuilding="0"/>
  </mem-info>
</gc-start>
<allocation-stats totalBytes="66885448" >
  <allocated-bytes non-tlh="0" tlh="66885448" arrayletleaf="0"/>
  <largest-consumer threadName="main" threadId="0000000001F80F00" bytes="66885448" />
</allocation-stats>
<gc-op id="2548" type="copy forward" timems="6.039" contextid="2545" timestamp="2019-08-08T19:54:13.538">
  <memory-copied type="eden" objects="2" bytes="56" bytesdiscarded="0" />
  <memory-copied type="other" objects="0" bytes="0" bytesdiscarded="0" />
  <memory-cardclean objects="6" bytes="192" />
  <regions eden="32" other="1" />
  <remembered-set-cleared processed="142" cleared="0" durationms="0.099" />
  <stringconstants candidates="13816" cleared="0"  />
</gc-op>
<gc-op id="2549" type="classunload" timems="0.005" contextid="2545" timestamp="2019-08-08T19:54:13.538">
  <classunload-info classloadercandidates="54" classloadersunloaded="0" classesunloaded="0" anonymousclassesunloaded="0" quiescems="0.000" setupms="0.005" scanms="0.000" postms="0.000" />
</gc-op>
<heap-resize id="2550" type="expand" space="default" amount="10485760" count="1" timems="0.092" reason="excessive time being spent in gc" timestamp="2019-08-08T19:54:13.539" />
<gc-end id="2551" type="partial gc" contextid="2545" durationms="7.248" usertimems="14.457" systemtimems="0.000" timestamp="2019-08-08T19:54:13.539" activeThreads="16">
  <mem-info id="2552" free="148897792" total="247463936" percent="60">
    <mem type="eden" free="2097096" total="2097152" percent="99" />
    <remembered-set count="3360" freebytes="9879680" totalbytes="9893120" percent="99" regionsoverflowed="0" regionsstable="10" regionsrebuilding="0"/>
  </mem-info>
</gc-end>
<cycle-end id="2553" type="partial gc" contextid="2545" timestamp="2019-08-08T19:54:13.539" />
  <attribute name="elasticGC enabled" value="1" />
  <attribute name= "numThreadsSpecified" value="16" />
  <attribute name="heapSize specified" value="0" />
  <attribute name="Current GC Util" value="150" />
  <attribute name= "Current Time Running" value="94414" />
  <attribute name ="GC Interval" value="0" />
  <attribute name="Target GC Util Change" value ="80.000000" />
  <attribute name="Current GC Util Change" value="150.000000"/>
  <attribute name="Current Error" value="-362.000000" />
  <attribute name="Output H" value="237053440"/>
  <attribute name="Output I" value="1368"/>
  <attribute name="Output T" value="16"/>
  <attribute name= "Current Time Running" value="94414" />
  <attribute name="GC Util currently" value="150" />
  <attribute name="CPU Util currently" value="2479838302920" />
<exclusive-end id="2554" timestamp="2019-08-08T19:54:13.539" durationms="7.908" />

<exclusive-start id="2555" timestamp="2019-08-08T19:54:13.561" intervalms="30.221">
  <response-info timems="0.014" idlems="0.014" threads="0" lastid="0000000001F80F00" lastname="main" />
</exclusive-start>
<allocation-taxation id="2556" taxation-threshold="69206016" timestamp="2019-08-08T19:54:13.561" intervalms="30.225" />
<cycle-start id="2557" type="partial gc" contextid="0" timestamp="2019-08-08T19:54:13.561" intervalms="30.157" />
<gc-start id="2558" type="partial gc" contextid="2557" timestamp="2019-08-08T19:54:13.562">
  <mem-info id="2559" free="79691776" total="247463936" percent="32">
    <mem type="eden" free="2097096" total="71303168" percent="2" />
    <remembered-set count="3360" freebytes="9879680" totalbytes="9893120" percent="99" regionsoverflowed="0" regionsstable="10" regionsrebuilding="0"/>
  </mem-info>
</gc-start>
<allocation-stats totalBytes="68975760" >
  <allocated-bytes non-tlh="0" tlh="68975760" arrayletleaf="0"/>
  <largest-consumer threadName="main" threadId="0000000001F80F00" bytes="68975760" />
</allocation-stats>
<gc-op id="2560" type="copy forward" timems="9.011" contextid="2557" timestamp="2019-08-08T19:54:13.573">
  <memory-copied type="eden" objects="2" bytes="56" bytesdiscarded="736" />
  <memory-copied type="other" objects="73" bytes="3016" bytesdiscarded="848" />
  <memory-cardclean objects="76" bytes="2520" />
  <regions eden="33" other="2" />
  <remembered-set-cleared processed="136" cleared="2" durationms="0.135" />
  <stringconstants candidates="13816" cleared="0"  />
</gc-op>
<gc-op id="2561" type="classunload" timems="0.008" contextid="2557" timestamp="2019-08-08T19:54:13.573">
  <classunload-info classloadercandidates="54" classloadersunloaded="0" classesunloaded="0" anonymousclassesunloaded="0" quiescems="0.000" setupms="0.008" scanms="0.000" postms="0.000" />
</gc-op>
<gc-end id="2562" type="partial gc" contextid="2557" durationms="11.061" usertimems="23.542" systemtimems="0.000" timestamp="2019-08-08T19:54:13.573" activeThreads="16">
  <mem-info id="2563" free="148897792" total="247463936" percent="60">
    <mem type="eden" free="2096360" total="2097152" percent="99" />
    <remembered-set count="4288" freebytes="9875968" totalbytes="9893120" percent="99" regionsoverflowed="0" regionsstable="10" regionsrebuilding="0"/>
  </mem-info>
</gc-end>
<cycle-end id="2564" type="partial gc" contextid="2557" timestamp="2019-08-08T19:54:13.573" />
  <attribute name="elasticGC enabled" value="1" />
  <attribute name= "numThreadsSpecified" value="16" />
  <attribute name="heapSize specified" value="0" />
  <attribute name="Current GC Util" value="231" />
  <attribute name= "Current Time Running" value="94445" />
  <attribute name ="GC Interval" value="0" />
  <attribute name="Target GC Util Change" value ="80.000000" />
  <attribute name="Current GC Util Change" value="231.000000"/>
  <attribute name="Current Error" value="-151.000000" />
  <attribute name="Output H" value="247539448"/>
  <attribute name="Output I" value="1744"/>
  <attribute name="Output T" value="16"/>
  <attribute name= "Current Time Running" value="94445" />
  <attribute name="GC Util currently" value="231" />
  <attribute name="CPU Util currently" value="809742195127" />
<exclusive-end id="2565" timestamp="2019-08-08T19:54:13.573" durationms="11.706" />

<exclusive-start id="2566" timestamp="2019-08-08T19:54:13.595" intervalms="34.107">
  <response-info timems="0.019" idlems="0.019" threads="0" lastid="0000000001F80F00" lastname="main" />
</exclusive-start>
<allocation-taxation id="2567" taxation-threshold="69206016" timestamp="2019-08-08T19:54:13.595" intervalms="34.106" />
<cycle-start id="2568" type="partial gc" contextid="0" timestamp="2019-08-08T19:54:13.595" intervalms="34.098" />
<gc-start id="2569" type="partial gc" contextid="2568" timestamp="2019-08-08T19:54:13.596">
  <mem-info id="2570" free="79691776" total="247463936" percent="32">
    <mem type="eden" free="2096360" total="71303168" percent="2" />
    <remembered-set count="4288" freebytes="9875968" totalbytes="9893120" percent="99" regionsoverflowed="0" regionsstable="10" regionsrebuilding="0"/>
  </mem-info>
</gc-start>
<allocation-stats totalBytes="68975736" >
  <allocated-bytes non-tlh="0" tlh="68975736" arrayletleaf="0"/>
  <largest-consumer threadName="main" threadId="0000000001F80F00" bytes="68975736" />
</allocation-stats>
<gc-op id="2571" type="copy forward" timems="8.684" contextid="2568" timestamp="2019-08-08T19:54:13.605">
  <memory-copied type="eden" objects="2" bytes="56" bytesdiscarded="736" />
  <memory-copied type="other" objects="73" bytes="3016" bytesdiscarded="512" />
  <memory-cardclean objects="76" bytes="2520" />
  <regions eden="33" other="2" />
  <remembered-set-cleared processed="137" cleared="3" durationms="0.206" />
  <stringconstants candidates="13816" cleared="0"  />
</gc-op>
<gc-op id="2572" type="classunload" timems="0.009" contextid="2568" timestamp="2019-08-08T19:54:13.605">
  <classunload-info classloadercandidates="54" classloadersunloaded="0" classesunloaded="0" anonymousclassesunloaded="0" quiescems="0.000" setupms="0.008" scanms="0.000" postms="0.000" />
</gc-op>
<gc-end id="2573" type="partial gc" contextid="2568" durationms="9.635" usertimems="19.827" systemtimems="0.000" timestamp="2019-08-08T19:54:13.605" activeThreads="16">
  <mem-info id="2574" free="148897792" total="247463936" percent="60">
    <mem type="eden" free="2096360" total="2097152" percent="99" />
    <remembered-set count="4288" freebytes="9875968" totalbytes="9893120" percent="99" regionsoverflowed="0" regionsstable="10" regionsrebuilding="0"/>
  </mem-info>
</gc-end>
<cycle-end id="2575" type="partial gc" contextid="2568" timestamp="2019-08-08T19:54:13.605" />
  <attribute name="elasticGC enabled" value="1" />
  <attribute name= "numThreadsSpecified" value="16" />
  <attribute name="heapSize specified" value="0" />
  <attribute name="Current GC Util" value="155" />
  <attribute name= "Current Time Running" value="94478" />
  <attribute name ="GC Interval" value="0" />
  <attribute name="Target GC Util Change" value ="80.000000" />
  <attribute name="Current GC Util Change" value="155.000000"/>
  <attribute name="Current Error" value="-208.000000" />
  <attribute name="Output H" value="247539376"/>
  <attribute name="Output I" value="1640"/>
  <attribute name="Output T" value="16"/>
  <attribute name= "Current Time Running" value="94478" />
  <attribute name="GC Util currently" value="155" />
  <attribute name="CPU Util currently" value="2408090448183" />
<exclusive-end id="2576" timestamp="2019-08-08T19:54:13.606" durationms="10.338" />

<exclusive-start id="2577" timestamp="2019-08-08T19:54:13.631" intervalms="35.557">
  <response-info timems="0.018" idlems="0.018" threads="0" lastid="0000000001F80F00" lastname="main" />
</exclusive-start>
<allocation-taxation id="2578" taxation-threshold="69206016" timestamp="2019-08-08T19:54:13.631" intervalms="35.572" />
<cycle-start id="2579" type="partial gc" contextid="0" timestamp="2019-08-08T19:54:13.631" intervalms="35.551" />
<gc-start id="2580" type="partial gc" contextid="2579" timestamp="2019-08-08T19:54:13.631">
  <mem-info id="2581" free="79691776" total="247463936" percent="32">
    <mem type="eden" free="2096360" total="71303168" percent="2" />
    <remembered-set count="4288" freebytes="9875968" totalbytes="9893120" percent="99" regionsoverflowed="0" regionsstable="10" regionsrebuilding="0"/>
  </mem-info>
</gc-start>
<allocation-stats totalBytes="68975736" >
  <allocated-bytes non-tlh="0" tlh="68975736" arrayletleaf="0"/>
  <largest-consumer threadName="main" threadId="0000000001F80F00" bytes="68975736" />
</allocation-stats>
<gc-op id="2582" type="copy forward" timems="8.264" contextid="2579" timestamp="2019-08-08T19:54:13.641">
  <memory-copied type="eden" objects="2" bytes="56" bytesdiscarded="736" />
  <memory-copied type="other" objects="73" bytes="3016" bytesdiscarded="512" />
  <memory-cardclean objects="76" bytes="2520" />
  <regions eden="33" other="2" />
  <remembered-set-cleared processed="137" cleared="3" durationms="0.174" />
  <stringconstants candidates="13816" cleared="0"  />
</gc-op>
<gc-op id="2583" type="classunload" timems="0.008" contextid="2579" timestamp="2019-08-08T19:54:13.641">
  <classunload-info classloadercandidates="54" classloadersunloaded="0" classesunloaded="0" anonymousclassesunloaded="0" quiescems="0.000" setupms="0.007" scanms="0.000" postms="0.000" />
</gc-op>
<gc-end id="2584" type="partial gc" contextid="2579" durationms="9.454" usertimems="20.278" systemtimems="0.000" timestamp="2019-08-08T19:54:13.641" activeThreads="16">
  <mem-info id="2585" free="148897792" total="247463936" percent="60">
    <mem type="eden" free="2096360" total="2097152" percent="99" />
    <remembered-set count="4288" freebytes="9875968" totalbytes="9893120" percent="99" regionsoverflowed="0" regionsstable="10" regionsrebuilding="0"/>
  </mem-info>
</gc-end>
<cycle-end id="2586" type="partial gc" contextid="2579" timestamp="2019-08-08T19:54:13.641" />
  <attribute name="elasticGC enabled" value="1" />
  <attribute name= "numThreadsSpecified" value="16" />
  <attribute name="heapSize specified" value="0" />
  <attribute name="Current GC Util" value="158" />
  <attribute name= "Current Time Running" value="94514" />
  <attribute name ="GC Interval" value="0" />
  <attribute name="Target GC Util Change" value ="80.000000" />
  <attribute name="Current GC Util Change" value="158.000000"/>
  <attribute name="Current Error" value="-260.000000" />
  <attribute name="Output H" value="247539320"/>
  <attribute name="Output I" value="1544"/>
  <attribute name="Output T" value="16"/>
  <attribute name= "Current Time Running" value="94514" />
  <attribute name="GC Util currently" value="158" />
  <attribute name="CPU Util currently" value="1602617551334" />
<exclusive-end id="2587" timestamp="2019-08-08T19:54:13.641" durationms="10.156" />

<exclusive-start id="2588" timestamp="2019-08-08T19:54:13.663" intervalms="32.280">
  <response-info timems="0.017" idlems="0.017" threads="0" lastid="0000000001F80F00" lastname="main" />
</exclusive-start>
<allocation-taxation id="2589" taxation-threshold="69206016" timestamp="2019-08-08T19:54:13.663" intervalms="32.263" />
<cycle-start id="2590" type="partial gc" contextid="0" timestamp="2019-08-08T19:54:13.663" intervalms="32.303" />
<gc-start id="2591" type="partial gc" contextid="2590" timestamp="2019-08-08T19:54:13.664">
  <mem-info id="2592" free="79691776" total="247463936" percent="32">
    <mem type="eden" free="2096360" total="71303168" percent="2" />
    <remembered-set count="3840" freebytes="9877760" totalbytes="9893120" percent="99" regionsoverflowed="0" regionsstable="10" regionsrebuilding="0"/>
  </mem-info>
</gc-start>
<allocation-stats totalBytes="68975760" >
  <allocated-bytes non-tlh="0" tlh="68975760" arrayletleaf="0"/>
  <largest-consumer threadName="main" threadId="0000000001F80F00" bytes="68975760" />
</allocation-stats>
<gc-op id="2593" type="copy forward" timems="10.165" contextid="2590" timestamp="2019-08-08T19:54:13.675">
  <memory-copied type="eden" objects="2" bytes="56" bytesdiscarded="736" />
  <memory-copied type="other" objects="73" bytes="3016" bytesdiscarded="736" />
  <memory-cardclean objects="76" bytes="2520" />
  <regions eden="33" other="2" />
  <remembered-set-cleared processed="137" cleared="3" durationms="0.289" />
  <stringconstants candidates="13816" cleared="0"  />
</gc-op>
<gc-op id="2594" type="classunload" timems="0.008" contextid="2590" timestamp="2019-08-08T19:54:13.675">
  <classunload-info classloadercandidates="54" classloadersunloaded="0" classesunloaded="0" anonymousclassesunloaded="0" quiescems="0.000" setupms="0.008" scanms="0.000" postms="0.000" />
</gc-op>
<gc-end id="2595" type="partial gc" contextid="2590" durationms="11.269" usertimems="24.828" systemtimems="0.000" timestamp="2019-08-08T19:54:13.675" activeThreads="16">
  <mem-info id="2596" free="148897792" total="247463936" percent="60">
    <mem type="eden" free="2096360" total="2097152" percent="99" />
    <remembered-set count="4288" freebytes="9875968" totalbytes="9893120" percent="99" regionsoverflowed="0" regionsstable="10" regionsrebuilding="0"/>
  </mem-info>
</gc-end>
<cycle-end id="2597" type="partial gc" contextid="2590" timestamp="2019-08-08T19:54:13.675" />
  <attribute name="elasticGC enabled" value="1" />
  <attribute name= "numThreadsSpecified" value="16" />
  <attribute name="heapSize specified" value="0" />
  <attribute name="Current GC Util" value="142" />
  <attribute name= "Current Time Running" value="94546" />
  <attribute name ="GC Interval" value="0" />
  <attribute name="Target GC Util Change" value ="80.000000" />
  <attribute name="Current GC Util Change" value="142.000000"/>
  <attribute name="Current Error" value="-62.000000" />
  <attribute name="Output H" value="247539552"/>
  <attribute name="Output I" value="1904"/>
  <attribute name="Output T" value="16"/>
  <attribute name= "Current Time Running" value="94546" />
  <attribute name="GC Util currently" value="142" />
  <attribute name="CPU Util currently" value="2041392745431" />
<exclusive-end id="2598" timestamp="2019-08-08T19:54:13.675" durationms="11.872" />

<exclusive-start id="2599" timestamp="2019-08-08T19:54:13.698" intervalms="34.482">
  <response-info timems="0.016" idlems="0.016" threads="0" lastid="0000000001F80F00" lastname="main" />
</exclusive-start>
<allocation-taxation id="2600" taxation-threshold="69206016" timestamp="2019-08-08T19:54:13.698" intervalms="34.481" />
<cycle-start id="2601" type="partial gc" contextid="0" timestamp="2019-08-08T19:54:13.698" intervalms="34.470" />
<gc-start id="2602" type="partial gc" contextid="2601" timestamp="2019-08-08T19:54:13.698">
  <mem-info id="2603" free="79691776" total="247463936" percent="32">
    <mem type="eden" free="2096360" total="71303168" percent="2" />
    <remembered-set count="3808" freebytes="9877888" totalbytes="9893120" percent="99" regionsoverflowed="0" regionsstable="10" regionsrebuilding="0"/>
  </mem-info>
</gc-start>
<allocation-stats totalBytes="68975736" >
  <allocated-bytes non-tlh="0" tlh="68975736" arrayletleaf="0"/>
  <largest-consumer threadName="main" threadId="0000000001F80F00" bytes="68975736" />
</allocation-stats>
<gc-op id="2604" type="copy forward" timems="8.043" contextid="2601" timestamp="2019-08-08T19:54:13.707">
  <memory-copied type="eden" objects="2" bytes="56" bytesdiscarded="736" />
  <memory-copied type="other" objects="73" bytes="3016" bytesdiscarded="736" />
  <memory-cardclean objects="76" bytes="2520" />
  <regions eden="33" other="2" />
  <remembered-set-cleared processed="136" cleared="2" durationms="0.116" />
  <stringconstants candidates="13816" cleared="0"  />
</gc-op>
<gc-op id="2605" type="classunload" timems="0.006" contextid="2601" timestamp="2019-08-08T19:54:13.707">
  <classunload-info classloadercandidates="54" classloadersunloaded="0" classesunloaded="0" anonymousclassesunloaded="0" quiescems="0.000" setupms="0.006" scanms="0.000" postms="0.000" />
</gc-op>
<gc-end id="2606" type="partial gc" contextid="2601" durationms="9.256" usertimems="21.972" systemtimems="0.000" timestamp="2019-08-08T19:54:13.707" activeThreads="16">
  <mem-info id="2607" free="148897792" total="247463936" percent="60">
    <mem type="eden" free="2096360" total="2097152" percent="99" />
    <remembered-set count="4288" freebytes="9875968" totalbytes="9893120" percent="99" regionsoverflowed="0" regionsstable="10" regionsrebuilding="0"/>
  </mem-info>
</gc-end>
<cycle-end id="2608" type="partial gc" contextid="2601" timestamp="2019-08-08T19:54:13.707" />
  <attribute name="elasticGC enabled" value="1" />
  <attribute name= "numThreadsSpecified" value="16" />
  <attribute name="heapSize specified" value="0" />
  <attribute name="Current GC Util" value="208" />
  <attribute name= "Current Time Running" value="94581" />
  <attribute name ="GC Interval" value="0" />
  <attribute name="Target GC Util Change" value ="80.000000" />
  <attribute name="Current GC Util Change" value="208.000000"/>
  <attribute name="Current Error" value="-181.000000" />
  <attribute name="Output H" value="247539408"/>
  <attribute name="Output I" value="1688"/>
  <attribute name="Output T" value="16"/>
  <attribute name= "Current Time Running" value="94581" />
  <attribute name="GC Util currently" value="208" />
  <attribute name="CPU Util currently" value="1422532655037" />
<exclusive-end id="2609" timestamp="2019-08-08T19:54:13.707" durationms="9.814" />

<exclusive-start id="2610" timestamp="2019-08-08T19:54:13.731" intervalms="32.881">
  <response-info timems="0.017" idlems="0.017" threads="0" lastid="0000000001F80F00" lastname="main" />
</exclusive-start>
<allocation-taxation id="2611" taxation-threshold="69206016" timestamp="2019-08-08T19:54:13.731" intervalms="32.884" />
<cycle-start id="2612" type="partial gc" contextid="0" timestamp="2019-08-08T19:54:13.731" intervalms="32.897" />
<gc-start id="2613" type="partial gc" contextid="2612" timestamp="2019-08-08T19:54:13.731">
  <mem-info id="2614" free="79691776" total="247463936" percent="32">
    <mem type="eden" free="2096360" total="71303168" percent="2" />
    <remembered-set count="3808" freebytes="9877888" totalbytes="9893120" percent="99" regionsoverflowed="0" regionsstable="10" regionsrebuilding="0"/>
  </mem-info>
</gc-start>
<allocation-stats totalBytes="68932224" >
  <allocated-bytes non-tlh="0" tlh="68932224" arrayletleaf="0"/>
  <largest-consumer threadName="main" threadId="0000000001F80F00" bytes="68932224" />
</allocation-stats>
<gc-op id="2615" type="copy forward" timems="9.395" contextid="2612" timestamp="2019-08-08T19:54:13.742">
  <memory-copied type="eden" objects="26" bytes="1920" bytesdiscarded="840" />
  <memory-copied type="other" objects="54" bytes="1296" bytesdiscarded="0" />
  <memory-cardclean objects="115" bytes="3576" />
  <regions eden="33" other="2" />
  <remembered-set-cleared processed="136" cleared="10" durationms="0.111" />
  <stringconstants candidates="13816" cleared="0"  />
</gc-op>
<gc-op id="2616" type="classunload" timems="0.008" contextid="2612" timestamp="2019-08-08T19:54:13.742">
  <classunload-info classloadercandidates="54" classloadersunloaded="0" classesunloaded="0" anonymousclassesunloaded="0" quiescems="0.000" setupms="0.008" scanms="0.000" postms="0.000" />
</gc-op>
<gc-end id="2617" type="partial gc" contextid="2612" durationms="11.365" usertimems="29.360" systemtimems="0.000" timestamp="2019-08-08T19:54:13.742" activeThreads="16">
  <mem-info id="2618" free="148897792" total="247463936" percent="60">
    <mem type="eden" free="2094392" total="2097152" percent="99" />
    <remembered-set count="3712" freebytes="9878272" totalbytes="9893120" percent="99" regionsoverflowed="0" regionsstable="10" regionsrebuilding="0"/>
  </mem-info>
</gc-end>
<cycle-end id="2619" type="partial gc" contextid="2612" timestamp="2019-08-08T19:54:13.743" />
  <attribute name="elasticGC enabled" value="1" />
  <attribute name= "numThreadsSpecified" value="16" />
  <attribute name="heapSize specified" value="0" />
  <attribute name="Current GC Util" value="245" />
  <attribute name= "Current Time Running" value="94615" />
  <attribute name ="GC Interval" value="0" />
  <attribute name="Target GC Util Change" value ="80.000000" />
  <attribute name="Current GC Util Change" value="245.000000"/>
  <attribute name="Current Error" value="-328.000000" />
  <attribute name="Output H" value="247539240"/>
  <attribute name="Output I" value="1424"/>
  <attribute name="Output T" value="16"/>
  <attribute name= "Current Time Running" value="94615" />
  <attribute name="GC Util currently" value="245" />
  <attribute name="CPU Util currently" value="771116840142" />
<exclusive-end id="2620" timestamp="2019-08-08T19:54:13.743" durationms="12.136" />

<exclusive-start id="2621" timestamp="2019-08-08T19:54:13.766" intervalms="35.115">
  <response-info timems="0.024" idlems="0.024" threads="0" lastid="0000000001F80F00" lastname="main" />
</exclusive-start>
<allocation-taxation id="2622" taxation-threshold="69206016" timestamp="2019-08-08T19:54:13.766" intervalms="35.186" />
<cycle-start id="2623" type="partial gc" contextid="0" timestamp="2019-08-08T19:54:13.766" intervalms="35.280" />
<gc-start id="2624" type="partial gc" contextid="2623" timestamp="2019-08-08T19:54:13.766">
  <mem-info id="2625" free="79691776" total="247463936" percent="32">
    <mem type="eden" free="0" total="69206016" percent="0" />
    <remembered-set count="3360" freebytes="9879680" totalbytes="9893120" percent="99" regionsoverflowed="0" regionsstable="10" regionsrebuilding="0"/>
  </mem-info>
</gc-start>
<allocation-stats totalBytes="68756752" >
  <allocated-bytes non-tlh="0" tlh="68756752" arrayletleaf="0"/>
  <largest-consumer threadName="main" threadId="0000000001F80F00" bytes="68756752" />
</allocation-stats>
<gc-op id="2626" type="copy forward" timems="1.608" contextid="2623" timestamp="2019-08-08T19:54:13.769">
  <memory-copied type="eden" objects="2" bytes="64" bytesdiscarded="0" />
  <memory-copied type="other" objects="79" bytes="3176" bytesdiscarded="0" />
  <memory-cardclean objects="99" bytes="3320" />
  <regions eden="33" other="2" />
  <remembered-set-cleared processed="135" cleared="9" durationms="0.386" />
  <stringconstants candidates="13816" cleared="0"  />
</gc-op>
<gc-op id="2627" type="classunload" timems="0.004" contextid="2623" timestamp="2019-08-08T19:54:13.769">
  <classunload-info classloadercandidates="54" classloadersunloaded="0" classesunloaded="0" anonymousclassesunloaded="0" quiescems="0.000" setupms="0.003" scanms="0.000" postms="0.000" />
</gc-op>
<heap-resize id="2628" type="expand" space="default" amount="4194304" count="1" timems="0.089" reason="excessive time being spent in gc" timestamp="2019-08-08T19:54:13.769" />
<gc-end id="2629" type="partial gc" contextid="2623" durationms="2.968" usertimems="4.335" systemtimems="0.000" timestamp="2019-08-08T19:54:13.769" activeThreads="1">
  <mem-info id="2630" free="150994944" total="251658240" percent="60">
    <mem type="eden" free="2097088" total="2097152" percent="99" />
    <remembered-set count="3648" freebytes="10046208" totalbytes="10060800" percent="99" regionsoverflowed="0" regionsstable="10" regionsrebuilding="0"/>
  </mem-info>
</gc-end>
<cycle-end id="2631" type="partial gc" contextid="2623" timestamp="2019-08-08T19:54:13.769" />
  <attribute name="elasticGC enabled" value="1" />
  <attribute name= "numThreadsSpecified" value="1" />
  <attribute name="heapSize specified" value="0" />
  <attribute name="Current GC Util" value="104" />
  <attribute name= "Current Time Running" value="94649" />
  <attribute name ="GC Interval" value="0" />
  <attribute name="Target GC Util Change" value ="80.000000" />
  <attribute name="Current GC Util Change" value="104.000000"/>
  <attribute name="Current Error" value="-24.000000" />
  <attribute name="Output H" value="247539592"/>
  <attribute name="Output I" value="1968"/>
  <attribute name="Output T" value="1"/>
  <attribute name= "Current Time Running" value="94649" />
  <attribute name="GC Util currently" value="104" />
  <attribute name="CPU Util currently" value="1337638661137" />
<exclusive-end id="2632" timestamp="2019-08-08T19:54:13.769" durationms="3.710" />

<exclusive-start id="2633" timestamp="2019-08-08T19:54:13.792" intervalms="26.180">
  <response-info timems="0.015" idlems="0.015" threads="0" lastid="0000000001F80F00" lastname="main" />
</exclusive-start>
<allocation-taxation id="2634" taxation-threshold="69206016" timestamp="2019-08-08T19:54:13.792" intervalms="26.119" />
<cycle-start id="2635" type="partial gc" contextid="0" timestamp="2019-08-08T19:54:13.792" intervalms="26.011" />
<gc-start id="2636" type="partial gc" contextid="2635" timestamp="2019-08-08T19:54:13.792">
  <mem-info id="2637" free="81788928" total="251658240" percent="32">
    <mem type="eden" free="2097088" total="71303168" percent="2" />
    <remembered-set count="3328" freebytes="10047488" totalbytes="10060800" percent="99" regionsoverflowed="0" regionsstable="10" regionsrebuilding="0"/>
  </mem-info>
</gc-start>
<allocation-stats totalBytes="68773456" >
  <allocated-bytes non-tlh="0" tlh="68773456" arrayletleaf="0"/>
  <largest-consumer threadName="main" threadId="0000000001F80F00" bytes="68773456" />
</allocation-stats>
<gc-op id="2638" type="copy forward" timems="8.310" contextid="2635" timestamp="2019-08-08T19:54:13.802">
  <memory-copied type="eden" objects="2" bytes="64" bytesdiscarded="0" />
  <memory-copied type="other" objects="25" bytes="1880" bytesdiscarded="1080" />
  <memory-cardclean objects="42" bytes="1728" />
  <regions eden="33" other="2" />
  <remembered-set-cleared processed="139" cleared="7" durationms="0.104" />
  <stringconstants candidates="13816" cleared="0"  />
</gc-op>
<gc-op id="2639" type="classunload" timems="0.007" contextid="2635" timestamp="2019-08-08T19:54:13.802">
  <classunload-info classloadercandidates="54" classloadersunloaded="0" classesunloaded="0" anonymousclassesunloaded="0" quiescems="0.000" setupms="0.007" scanms="0.000" postms="0.000" />
</gc-op>
<gc-end id="2640" type="partial gc" contextid="2635" durationms="9.506" usertimems="22.415" systemtimems="0.000" timestamp="2019-08-08T19:54:13.802" activeThreads="16">
  <mem-info id="2641" free="150994944" total="251658240" percent="60">
    <mem type="eden" free="2097088" total="2097152" percent="99" />
    <remembered-set count="4288" freebytes="10043648" totalbytes="10060800" percent="99" regionsoverflowed="0" regionsstable="10" regionsrebuilding="0"/>
  </mem-info>
</gc-end>
<cycle-end id="2642" type="partial gc" contextid="2635" timestamp="2019-08-08T19:54:13.802" />
  <attribute name="elasticGC enabled" value="1" />
  <attribute name= "numThreadsSpecified" value="16" />
  <attribute name="heapSize specified" value="0" />
  <attribute name="Current GC Util" value="216" />
  <attribute name= "Current Time Running" value="94675" />
  <attribute name ="GC Interval" value="0" />
  <attribute name="Target GC Util Change" value ="80.000000" />
  <attribute name="Current GC Util Change" value="216.000000"/>
  <attribute name="Current Error" value="-91.000000" />
  <attribute name="Output H" value="251733816"/>
  <attribute name="Output I" value="1848"/>
  <attribute name="Output T" value="16"/>
  <attribute name= "Current Time Running" value="94675" />
  <attribute name="GC Util currently" value="216" />
  <attribute name="CPU Util currently" value="1494738193115" />
<exclusive-end id="2643" timestamp="2019-08-08T19:54:13.802" durationms="10.094" />

<exclusive-start id="2644" timestamp="2019-08-08T19:54:13.824" intervalms="32.031">
  <response-info timems="0.014" idlems="0.014" threads="0" lastid="0000000001F80F00" lastname="main" />
</exclusive-start>
<allocation-taxation id="2645" taxation-threshold="69206016" timestamp="2019-08-08T19:54:13.824" intervalms="32.018" />
<cycle-start id="2646" type="partial gc" contextid="0" timestamp="2019-08-08T19:54:13.824" intervalms="32.007" />
<gc-start id="2647" type="partial gc" contextid="2646" timestamp="2019-08-08T19:54:13.824">
  <mem-info id="2648" free="81788928" total="251658240" percent="32">
    <mem type="eden" free="2097088" total="71303168" percent="2" />
    <remembered-set count="3808" freebytes="10045568" totalbytes="10060800" percent="99" regionsoverflowed="0" regionsstable="10" regionsrebuilding="0"/>
  </mem-info>
</gc-start>
<allocation-stats totalBytes="68773456" >
  <allocated-bytes non-tlh="0" tlh="68773456" arrayletleaf="0"/>
  <largest-consumer threadName="main" threadId="0000000001F80F00" bytes="68773456" />
</allocation-stats>
<gc-op id="2649" type="copy forward" timems="8.165" contextid="2646" timestamp="2019-08-08T19:54:13.834">
  <memory-copied type="eden" objects="2" bytes="64" bytesdiscarded="0" />
  <memory-copied type="other" objects="25" bytes="1880" bytesdiscarded="840" />
  <memory-cardclean objects="42" bytes="1728" />
  <regions eden="33" other="2" />
  <remembered-set-cleared processed="139" cleared="7" durationms="0.123" />
  <stringconstants candidates="13816" cleared="0"  />
</gc-op>
<gc-op id="2650" type="classunload" timems="0.008" contextid="2646" timestamp="2019-08-08T19:54:13.834">
  <classunload-info classloadercandidates="54" classloadersunloaded="0" classesunloaded="0" anonymousclassesunloaded="0" quiescems="0.000" setupms="0.008" scanms="0.000" postms="0.000" />
</gc-op>
<gc-end id="2651" type="partial gc" contextid="2646" durationms="9.577" usertimems="22.132" systemtimems="0.000" timestamp="2019-08-08T19:54:13.834" activeThreads="16">
  <mem-info id="2652" free="150994944" total="251658240" percent="60">
    <mem type="eden" free="2097088" total="2097152" percent="99" />
    <remembered-set count="4288" freebytes="10043648" totalbytes="10060800" percent="99" regionsoverflowed="0" regionsstable="10" regionsrebuilding="0"/>
  </mem-info>
</gc-end>
<cycle-end id="2653" type="partial gc" contextid="2646" timestamp="2019-08-08T19:54:13.834" />
  <attribute name="elasticGC enabled" value="1" />
  <attribute name= "numThreadsSpecified" value="16" />
  <attribute name="heapSize specified" value="0" />
  <attribute name="Current GC Util" value="204" />
  <attribute name= "Current Time Running" value="94707" />
  <attribute name ="GC Interval" value="0" />
  <attribute name="Target GC Util Change" value ="80.000000" />
  <attribute name="Current GC Util Change" value="204.000000"/>
  <attribute name="Current Error" value="-204.000000" />
  <attribute name="Output H" value="251733688"/>
  <attribute name="Output I" value="1648"/>
  <attribute name="Output T" value="16"/>
  <attribute name= "Current Time Running" value="94707" />
  <attribute name="GC Util currently" value="204" />
  <attribute name="CPU Util currently" value="1245210218296" />
<exclusive-end id="2654" timestamp="2019-08-08T19:54:13.834" durationms="10.150" />

<exclusive-start id="2655" timestamp="2019-08-08T19:54:13.858" intervalms="33.824">
  <response-info timems="0.019" idlems="0.019" threads="0" lastid="0000000001F80F00" lastname="main" />
</exclusive-start>
<allocation-taxation id="2656" taxation-threshold="69206016" timestamp="2019-08-08T19:54:13.858" intervalms="33.837" />
<cycle-start id="2657" type="partial gc" contextid="0" timestamp="2019-08-08T19:54:13.858" intervalms="33.818" />
<gc-start id="2658" type="partial gc" contextid="2657" timestamp="2019-08-08T19:54:13.858">
  <mem-info id="2659" free="81788928" total="251658240" percent="32">
    <mem type="eden" free="2097088" total="71303168" percent="2" />
    <remembered-set count="4288" freebytes="10043648" totalbytes="10060800" percent="99" regionsoverflowed="0" regionsstable="10" regionsrebuilding="0"/>
  </mem-info>
</gc-start>
<allocation-stats totalBytes="68772216" >
  <allocated-bytes non-tlh="0" tlh="68772216" arrayletleaf="0"/>
  <largest-consumer threadName="main" threadId="0000000001F80F00" bytes="68772216" />
</allocation-stats>
<gc-op id="2660" type="copy forward" timems="8.315" contextid="2657" timestamp="2019-08-08T19:54:13.867">
  <memory-copied type="eden" objects="2" bytes="64" bytesdiscarded="0" />
  <memory-copied type="other" objects="25" bytes="1880" bytesdiscarded="1080" />
  <memory-cardclean objects="42" bytes="1728" />
  <regions eden="33" other="2" />
  <remembered-set-cleared processed="139" cleared="7" durationms="0.124" />
  <stringconstants candidates="13816" cleared="0"  />
</gc-op>
<gc-op id="2661" type="classunload" timems="0.010" contextid="2657" timestamp="2019-08-08T19:54:13.867">
  <classunload-info classloadercandidates="54" classloadersunloaded="0" classesunloaded="0" anonymousclassesunloaded="0" quiescems="0.000" setupms="0.010" scanms="0.000" postms="0.000" />
</gc-op>
<gc-end id="2662" type="partial gc" contextid="2657" durationms="9.555" usertimems="22.470" systemtimems="0.000" timestamp="2019-08-08T19:54:13.868" activeThreads="16">
  <mem-info id="2663" free="150994944" total="251658240" percent="60">
    <mem type="eden" free="2097088" total="2097152" percent="99" />
    <remembered-set count="3776" freebytes="10045696" totalbytes="10060800" percent="99" regionsoverflowed="0" regionsstable="10" regionsrebuilding="0"/>
  </mem-info>
</gc-end>
<cycle-end id="2664" type="partial gc" contextid="2657" timestamp="2019-08-08T19:54:13.868" />
  <attribute name="elasticGC enabled" value="1" />
  <attribute name= "numThreadsSpecified" value="16" />
  <attribute name="heapSize specified" value="0" />
  <attribute name="Current GC Util" value="172" />
  <attribute name= "Current Time Running" value="94741" />
  <attribute name ="GC Interval" value="0" />
  <attribute name="Target GC Util Change" value ="80.000000" />
  <attribute name="Current GC Util Change" value="172.000000"/>
  <attribute name="Current Error" value="-92.000000" />
  <attribute name="Output H" value="251733816"/>
  <attribute name="Output I" value="1848"/>
  <attribute name="Output T" value="16"/>
  <attribute name= "Current Time Running" value="94741" />
  <attribute name="GC Util currently" value="172" />
  <attribute name="CPU Util currently" value="1531018804836" />
<exclusive-end id="2665" timestamp="2019-08-08T19:54:13.868" durationms="10.157" />

<exclusive-start id="2666" timestamp="2019-08-08T19:54:13.890" intervalms="31.957">
  <response-info timems="0.015" idlems="0.015" threads="0" lastid="0000000001F80F00" lastname="main" />
</exclusive-start>
<allocation-taxation id="2667" taxation-threshold="69206016" timestamp="2019-08-08T19:54:13.890" intervalms="31.953" />
<cycle-start id="2668" type="partial gc" contextid="0" timestamp="2019-08-08T19:54:13.890" intervalms="31.924" />
<gc-start id="2669" type="partial gc" contextid="2668" timestamp="2019-08-08T19:54:13.890">
  <mem-info id="2670" free="81788928" total="251658240" percent="32">
    <mem type="eden" free="2097088" total="71303168" percent="2" />
    <remembered-set count="3776" freebytes="10045696" totalbytes="10060800" percent="99" regionsoverflowed="0" regionsstable="10" regionsrebuilding="0"/>
  </mem-info>
</gc-start>
<allocation-stats totalBytes="68772192" >
  <allocated-bytes non-tlh="0" tlh="68772192" arrayletleaf="0"/>
  <largest-consumer threadName="main" threadId="0000000001F80F00" bytes="68772192" />
</allocation-stats>
<gc-op id="2671" type="copy forward" timems="11.804" contextid="2668" timestamp="2019-08-08T19:54:13.903">
  <memory-copied type="eden" objects="2" bytes="64" bytesdiscarded="0" />
  <memory-copied type="other" objects="25" bytes="1880" bytesdiscarded="840" />
  <memory-cardclean objects="42" bytes="1728" />
  <regions eden="33" other="2" />
  <remembered-set-cleared processed="139" cleared="7" durationms="0.121" />
  <stringconstants candidates="13816" cleared="0"  />
</gc-op>
<gc-op id="2672" type="classunload" timems="0.009" contextid="2668" timestamp="2019-08-08T19:54:13.903">
  <classunload-info classloadercandidates="54" classloadersunloaded="0" classesunloaded="0" anonymousclassesunloaded="0" quiescems="0.000" setupms="0.008" scanms="0.000" postms="0.000" />
</gc-op>
<gc-end id="2673" type="partial gc" contextid="2668" durationms="12.991" usertimems="30.927" systemtimems="0.000" timestamp="2019-08-08T19:54:13.903" activeThreads="16">
  <mem-info id="2674" free="150994944" total="251658240" percent="60">
    <mem type="eden" free="2097088" total="2097152" percent="99" />
    <remembered-set count="4288" freebytes="10043648" totalbytes="10060800" percent="99" regionsoverflowed="0" regionsstable="10" regionsrebuilding="0"/>
  </mem-info>
</gc-end>
<cycle-end id="2675" type="partial gc" contextid="2668" timestamp="2019-08-08T19:54:13.903" />
  <attribute name="elasticGC enabled" value="1" />
  <attribute name= "numThreadsSpecified" value="16" />
  <attribute name="heapSize specified" value="0" />
  <attribute name="Current GC Util" value="155" />
  <attribute name= "Current Time Running" value="94773" />
  <attribute name ="GC Interval" value="0" />
  <attribute name="Target GC Util Change" value ="80.000000" />
  <attribute name="Current GC Util Change" value="155.000000"/>
  <attribute name="Current Error" value="-155.000000" />
  <attribute name="Output H" value="251733744"/>
  <attribute name="Output I" value="1736"/>
  <attribute name="Output T" value="16"/>
  <attribute name= "Current Time Running" value="94773" />
  <attribute name="GC Util currently" value="155" />
  <attribute name="CPU Util currently" value="1562956972633" />
<exclusive-end id="2676" timestamp="2019-08-08T19:54:13.903" durationms="13.587" />

<exclusive-start id="2677" timestamp="2019-08-08T19:54:14.009" intervalms="119.619">
  <response-info timems="0.014" idlems="0.014" threads="0" lastid="0000000001F80F00" lastname="main" />
</exclusive-start>
<allocation-taxation id="2678" taxation-threshold="69206016" timestamp="2019-08-08T19:54:14.009" intervalms="119.607" />
<cycle-start id="2679" type="partial gc" contextid="0" timestamp="2019-08-08T19:54:14.009" intervalms="119.672" />
<gc-start id="2680" type="partial gc" contextid="2679" timestamp="2019-08-08T19:54:14.010">
  <mem-info id="2681" free="81788928" total="251658240" percent="32">
    <mem type="eden" free="2097088" total="71303168" percent="2" />
    <remembered-set count="3872" freebytes="10045312" totalbytes="10060800" percent="99" regionsoverflowed="0" regionsstable="10" regionsrebuilding="0"/>
  </mem-info>
</gc-start>
<allocation-stats totalBytes="69191624" >
  <allocated-bytes non-tlh="0" tlh="69191624" arrayletleaf="0"/>
  <largest-consumer threadName="main" threadId="0000000001F80F00" bytes="69191624" />
</allocation-stats>
<gc-op id="2682" type="copy forward" timems="10.136" contextid="2679" timestamp="2019-08-08T19:54:14.021">
  <memory-copied type="eden" objects="244" bytes="8032" bytesdiscarded="1864" />
  <memory-copied type="other" objects="6" bytes="144" bytesdiscarded="648" />
  <memory-cardclean objects="140" bytes="12320" />
  <regions eden="33" other="2" />
  <remembered-set-cleared processed="139" cleared="15" durationms="0.117" />
  <references type="weak" candidates="37" cleared="0" enqueued="0" />
  <stringconstants candidates="13816" cleared="0"  />
</gc-op>
<gc-op id="2683" type="classunload" timems="0.011" contextid="2679" timestamp="2019-08-08T19:54:14.021">
  <classunload-info classloadercandidates="54" classloadersunloaded="0" classesunloaded="0" anonymousclassesunloaded="0" quiescems="0.000" setupms="0.010" scanms="0.000" postms="0.000" />
</gc-op>
<gc-end id="2684" type="partial gc" contextid="2679" durationms="11.666" usertimems="23.551" systemtimems="0.000" timestamp="2019-08-08T19:54:14.021" activeThreads="16">
  <mem-info id="2685" free="150994944" total="251658240" percent="60">
    <mem type="eden" free="2087208" total="2097152" percent="99" />
    <remembered-set count="5120" freebytes="10040320" totalbytes="10060800" percent="99" regionsoverflowed="0" regionsstable="10" regionsrebuilding="0"/>
  </mem-info>
</gc-end>
<cycle-end id="2686" type="partial gc" contextid="2679" timestamp="2019-08-08T19:54:14.022" />
  <attribute name="elasticGC enabled" value="1" />
  <attribute name= "numThreadsSpecified" value="16" />
  <attribute name="heapSize specified" value="0" />
  <attribute name="Current GC Util" value="73" />
  <attribute name= "Current Time Running" value="94893" />
  <attribute name ="GC Interval" value="0" />
  <attribute name="Target GC Util Change" value ="80.000000" />
  <attribute name="Current GC Util Change" value="73.000000"/>
  <attribute name="Current Error" value="-93.000000" />
  <attribute name="Output H" value="251733816"/>
  <attribute name="Output I" value="1848"/>
  <attribute name="Output T" value="16"/>
  <attribute name= "Current Time Running" value="94893" />
  <attribute name="GC Util currently" value="73" />
  <attribute name="CPU Util currently" value="1147111343543" />
<exclusive-end id="2687" timestamp="2019-08-08T19:54:14.022" durationms="12.437" />

<exclusive-start id="2688" timestamp="2019-08-08T19:54:14.098" intervalms="89.001">
  <response-info timems="0.018" idlems="0.018" threads="0" lastid="0000000001F80F00" lastname="main" />
</exclusive-start>
<allocation-taxation id="2689" taxation-threshold="69206016" timestamp="2019-08-08T19:54:14.098" intervalms="89.006" />
<cycle-start id="2690" type="partial gc" contextid="0" timestamp="2019-08-08T19:54:14.098" intervalms="89.008" />
<gc-start id="2691" type="partial gc" contextid="2690" timestamp="2019-08-08T19:54:14.099">
  <mem-info id="2692" free="81788928" total="251658240" percent="32">
    <mem type="eden" free="0" total="69206016" percent="0" />
    <remembered-set count="4768" freebytes="10041728" totalbytes="10060800" percent="99" regionsoverflowed="0" regionsstable="10" regionsrebuilding="0"/>
  </mem-info>
</gc-start>
<allocation-stats totalBytes="69183824" >
  <allocated-bytes non-tlh="0" tlh="69183824" arrayletleaf="0"/>
  <largest-consumer threadName="main" threadId="0000000001F80F00" bytes="69183824" />
</allocation-stats>
<gc-op id="2693" type="copy forward" timems="10.698" contextid="2690" timestamp="2019-08-08T19:54:14.110">
  <memory-copied type="eden" objects="23" bytes="808" bytesdiscarded="672" />
  <memory-copied type="other" objects="115" bytes="3928" bytesdiscarded="2520" />
  <memory-cardclean objects="91" bytes="11248" />
  <regions eden="33" other="2" />
  <remembered-set-cleared processed="138" cleared="14" durationms="0.139" />
  <references type="weak" candidates="37" cleared="0" enqueued="0" />
  <stringconstants candidates="13816" cleared="0"  />
</gc-op>
<gc-op id="2694" type="classunload" timems="0.008" contextid="2690" timestamp="2019-08-08T19:54:14.110">
  <classunload-info classloadercandidates="54" classloadersunloaded="0" classesunloaded="0" anonymousclassesunloaded="0" quiescems="0.000" setupms="0.007" scanms="0.000" postms="0.000" />
</gc-op>
<heap-resize id="2695" type="expand" space="default" amount="6291456" count="1" timems="0.080" reason="excessive time being spent in gc" timestamp="2019-08-08T19:54:14.110" />
<gc-end id="2696" type="partial gc" contextid="2690" durationms="11.871" usertimems="18.805" systemtimems="0.000" timestamp="2019-08-08T19:54:14.111" activeThreads="16">
  <mem-info id="2697" free="155189248" total="257949696" percent="60">
    <mem type="eden" free="2095672" total="2097152" percent="99" />
    <remembered-set count="5120" freebytes="10291840" totalbytes="10312320" percent="99" regionsoverflowed="0" regionsstable="10" regionsrebuilding="0"/>
  </mem-info>
</gc-end>
<cycle-end id="2698" type="partial gc" contextid="2690" timestamp="2019-08-08T19:54:14.111" />
  <attribute name="elasticGC enabled" value="1" />
  <attribute name= "numThreadsSpecified" value="16" />
  <attribute name="heapSize specified" value="0" />
  <attribute name="Current GC Util" value="142" />
  <attribute name= "Current Time Running" value="94981" />
  <attribute name ="GC Interval" value="0" />
  <attribute name="Target GC Util Change" value ="80.000000" />
  <attribute name="Current GC Util Change" value="142.000000"/>
  <attribute name="Current Error" value="-62.000000" />
  <attribute name="Output H" value="251733856"/>
  <attribute name="Output I" value="1904"/>
  <attribute name="Output T" value="16"/>
  <attribute name= "Current Time Running" value="94981" />
  <attribute name="GC Util currently" value="142" />
  <attribute name="CPU Util currently" value="1934983908749" />
<exclusive-end id="2699" timestamp="2019-08-08T19:54:14.111" durationms="12.478" />

<exclusive-start id="2700" timestamp="2019-08-08T19:54:14.134" intervalms="36.106">
  <response-info timems="0.018" idlems="0.018" threads="0" lastid="0000000001F80F00" lastname="main" />
</exclusive-start>
<allocation-taxation id="2701" taxation-threshold="71303168" timestamp="2019-08-08T19:54:14.134" intervalms="36.109" />
<cycle-start id="2702" type="partial gc" contextid="0" timestamp="2019-08-08T19:54:14.135" intervalms="36.138" />
<gc-start id="2703" type="partial gc" contextid="2702" timestamp="2019-08-08T19:54:14.135">
  <mem-info id="2704" free="83886080" total="257949696" percent="32">
    <mem type="eden" free="0" total="71303168" percent="0" />
    <remembered-set count="4800" freebytes="10293120" totalbytes="10312320" percent="99" regionsoverflowed="0" regionsstable="10" regionsrebuilding="0"/>
  </mem-info>
</gc-start>
<allocation-stats totalBytes="71266752" >
  <allocated-bytes non-tlh="0" tlh="71266752" arrayletleaf="0"/>
  <largest-consumer threadName="main" threadId="0000000001F80F00" bytes="71266752" />
</allocation-stats>
<gc-op id="2705" type="copy forward" timems="7.515" contextid="2702" timestamp="2019-08-08T19:54:14.144">
  <memory-copied type="eden" objects="6" bytes="240" bytesdiscarded="0" />
  <memory-copied type="other" objects="126" bytes="4336" bytesdiscarded="2600" />
  <memory-cardclean objects="67" bytes="10560" />
  <regions eden="34" other="2" />
  <remembered-set-cleared processed="139" cleared="13" durationms="0.120" />
  <references type="weak" candidates="37" cleared="0" enqueued="0" />
  <stringconstants candidates="13816" cleared="0"  />
</gc-op>
<gc-op id="2706" type="classunload" timems="0.008" contextid="2702" timestamp="2019-08-08T19:54:14.144">
  <classunload-info classloadercandidates="54" classloadersunloaded="0" classesunloaded="0" anonymousclassesunloaded="0" quiescems="0.000" setupms="0.008" scanms="0.000" postms="0.000" />
</gc-op>
<heap-resize id="2707" type="expand" space="default" amount="4194304" count="1" timems="0.072" reason="excessive time being spent in gc" timestamp="2019-08-08T19:54:14.144" />
<gc-end id="2708" type="partial gc" contextid="2702" durationms="8.793" usertimems="19.934" systemtimems="0.000" timestamp="2019-08-08T19:54:14.144" activeThreads="16">
  <mem-info id="2709" free="157286400" total="262144000" percent="60">
    <mem type="eden" free="2096912" total="2097152" percent="99" />
    <remembered-set count="5184" freebytes="10459264" totalbytes="10480000" percent="99" regionsoverflowed="0" regionsstable="10" regionsrebuilding="0"/>
  </mem-info>
</gc-end>
<cycle-end id="2710" type="partial gc" contextid="2702" timestamp="2019-08-08T19:54:14.144" />
  <attribute name="elasticGC enabled" value="1" />
  <attribute name= "numThreadsSpecified" value="16" />
  <attribute name="heapSize specified" value="0" />
  <attribute name="Current GC Util" value="196" />
  <attribute name= "Current Time Running" value="95018" />
  <attribute name ="GC Interval" value="0" />
  <attribute name="Target GC Util Change" value ="80.000000" />
  <attribute name="Current GC Util Change" value="196.000000"/>
  <attribute name="Current Error" value="-148.000000" />
  <attribute name="Output H" value="258025208"/>
  <attribute name="Output I" value="1744"/>
  <attribute name="Output T" value="16"/>
  <attribute name= "Current Time Running" value="95018" />
  <attribute name="GC Util currently" value="196" />
  <attribute name="CPU Util currently" value="2115502685922" />
<exclusive-end id="2711" timestamp="2019-08-08T19:54:14.144" durationms="9.590" />

<exclusive-start id="2712" timestamp="2019-08-08T19:54:14.169" intervalms="35.020">
  <response-info timems="0.022" idlems="0.022" threads="0" lastid="0000000001F80F00" lastname="main" />
</exclusive-start>
<allocation-taxation id="2713" taxation-threshold="73400320" timestamp="2019-08-08T19:54:14.169" intervalms="35.029" />
<cycle-start id="2714" type="partial gc" contextid="0" timestamp="2019-08-08T19:54:14.170" intervalms="34.982" />
<gc-start id="2715" type="partial gc" contextid="2714" timestamp="2019-08-08T19:54:14.170">
  <mem-info id="2716" free="83886080" total="262144000" percent="32">
    <mem type="eden" free="2096912" total="75497472" percent="2" />
    <remembered-set count="4704" freebytes="10461184" totalbytes="10480000" percent="99" regionsoverflowed="0" regionsstable="10" regionsrebuilding="0"/>
  </mem-info>
</gc-start>
<allocation-stats totalBytes="73362616" >
  <allocated-bytes non-tlh="0" tlh="73362616" arrayletleaf="0"/>
  <largest-consumer threadName="main" threadId="0000000001F80F00" bytes="73362616" />
</allocation-stats>
<gc-op id="2717" type="copy forward" timems="10.551" contextid="2714" timestamp="2019-08-08T19:54:14.182">
  <memory-copied type="eden" objects="6" bytes="320" bytesdiscarded="0" />
  <memory-copied type="other" objects="17" bytes="552" bytesdiscarded="672" />
  <memory-cardclean objects="45" bytes="1704" />
  <regions eden="35" other="2" />
  <remembered-set-cleared processed="143" cleared="6" durationms="0.122" />
  <stringconstants candidates="13816" cleared="0"  />
</gc-op>
<gc-op id="2718" type="classunload" timems="0.009" contextid="2714" timestamp="2019-08-08T19:54:14.182">
  <classunload-info classloadercandidates="54" classloadersunloaded="0" classesunloaded="0" anonymousclassesunloaded="0" quiescems="0.000" setupms="0.008" scanms="0.000" postms="0.000" />
</gc-op>
<gc-end id="2719" type="partial gc" contextid="2714" durationms="12.067" usertimems="25.096" systemtimems="0.000" timestamp="2019-08-08T19:54:14.182" activeThreads="16">
  <mem-info id="2720" free="157286400" total="262144000" percent="60">
    <mem type="eden" free="2096832" total="2097152" percent="99" />
    <remembered-set count="4416" freebytes="10462336" totalbytes="10480000" percent="99" regionsoverflowed="0" regionsstable="10" regionsrebuilding="0"/>
  </mem-info>
</gc-end>
<cycle-end id="2721" type="partial gc" contextid="2714" timestamp="2019-08-08T19:54:14.182" />
  <attribute name="elasticGC enabled" value="1" />
  <attribute name= "numThreadsSpecified" value="16" />
  <attribute name="heapSize specified" value="0" />
  <attribute name="Current GC Util" value="124" />
  <attribute name= "Current Time Running" value="95053" />
  <attribute name ="GC Interval" value="0" />
  <attribute name="Target GC Util Change" value ="80.000000" />
  <attribute name="Current GC Util Change" value="124.000000"/>
  <attribute name="Current Error" value="-167.000000" />
  <attribute name="Output H" value="262219488"/>
  <attribute name="Output I" value="1712"/>
  <attribute name="Output T" value="16"/>
  <attribute name= "Current Time Running" value="95053" />
  <attribute name="GC Util currently" value="124" />
  <attribute name="CPU Util currently" value="1289455452714" />
<exclusive-end id="2722" timestamp="2019-08-08T19:54:14.182" durationms="12.802" />

<exclusive-start id="2723" timestamp="2019-08-08T19:54:14.207" intervalms="38.065">
  <response-info timems="0.017" idlems="0.017" threads="0" lastid="0000000001F80F00" lastname="main" />
</exclusive-start>
<allocation-taxation id="2724" taxation-threshold="73400320" timestamp="2019-08-08T19:54:14.208" intervalms="38.050" />
<cycle-start id="2725" type="partial gc" contextid="0" timestamp="2019-08-08T19:54:14.208" intervalms="38.021" />
<gc-start id="2726" type="partial gc" contextid="2725" timestamp="2019-08-08T19:54:14.208">
  <mem-info id="2727" free="83886080" total="262144000" percent="32">
    <mem type="eden" free="2096832" total="75497472" percent="2" />
    <remembered-set count="4416" freebytes="10462336" totalbytes="10480000" percent="99" regionsoverflowed="0" regionsstable="10" regionsrebuilding="0"/>
  </mem-info>
</gc-start>
<allocation-stats totalBytes="73357496" >
  <allocated-bytes non-tlh="0" tlh="73357496" arrayletleaf="0"/>
  <largest-consumer threadName="main" threadId="0000000001F80F00" bytes="73357496" />
</allocation-stats>
<gc-op id="2728" type="copy forward" timems="15.443" contextid="2725" timestamp="2019-08-08T19:54:14.224">
  <memory-copied type="eden" objects="23" bytes="936" bytesdiscarded="672" />
  <memory-copied type="other" objects="6" bytes="144" bytesdiscarded="672" />
  <memory-cardclean objects="82" bytes="2352" />
  <regions eden="35" other="2" />
  <remembered-set-cleared processed="143" cleared="9" durationms="0.143" />
  <stringconstants candidates="13816" cleared="0"  />
</gc-op>
<gc-op id="2729" type="classunload" timems="0.009" contextid="2725" timestamp="2019-08-08T19:54:14.224">
  <classunload-info classloadercandidates="54" classloadersunloaded="0" classesunloaded="0" anonymousclassesunloaded="0" quiescems="0.000" setupms="0.009" scanms="0.000" postms="0.000" />
</gc-op>
<gc-end id="2730" type="partial gc" contextid="2725" durationms="16.599" usertimems="39.798" systemtimems="0.000" timestamp="2019-08-08T19:54:14.224" activeThreads="16">
  <mem-info id="2731" free="157286400" total="262144000" percent="60">
    <mem type="eden" free="2095544" total="2097152" percent="99" />
    <remembered-set count="4832" freebytes="10460672" totalbytes="10480000" percent="99" regionsoverflowed="0" regionsstable="10" regionsrebuilding="0"/>
  </mem-info>
</gc-end>
<cycle-end id="2732" type="partial gc" contextid="2725" timestamp="2019-08-08T19:54:14.224" />
  <attribute name="elasticGC enabled" value="1" />
  <attribute name= "numThreadsSpecified" value="16" />
  <attribute name="heapSize specified" value="0" />
  <attribute name="Current GC Util" value="121" />
  <attribute name= "Current Time Running" value="95090" />
  <attribute name ="GC Interval" value="0" />
  <attribute name="Target GC Util Change" value ="80.000000" />
  <attribute name="Current GC Util Change" value="121.000000"/>
  <attribute name="Current Error" value="-41.000000" />
  <attribute name="Output H" value="262219640"/>
  <attribute name="Output I" value="1936"/>
  <attribute name="Output T" value="16"/>
  <attribute name= "Current Time Running" value="95090" />
  <attribute name="GC Util currently" value="121" />
  <attribute name="CPU Util currently" value="1594022577690" />
<exclusive-end id="2733" timestamp="2019-08-08T19:54:14.225" durationms="17.122" />

<exclusive-start id="2734" timestamp="2019-08-08T19:54:14.250" intervalms="42.690">
  <response-info timems="0.020" idlems="0.020" threads="0" lastid="0000000001F80F00" lastname="main" />
</exclusive-start>
<allocation-taxation id="2735" taxation-threshold="73400320" timestamp="2019-08-08T19:54:14.250" intervalms="42.693" />
<cycle-start id="2736" type="partial gc" contextid="0" timestamp="2019-08-08T19:54:14.250" intervalms="42.704" />
<gc-start id="2737" type="partial gc" contextid="2736" timestamp="2019-08-08T19:54:14.251">
  <mem-info id="2738" free="83886080" total="262144000" percent="32">
    <mem type="eden" free="0" total="73400320" percent="0" />
    <remembered-set count="4832" freebytes="10460672" totalbytes="10480000" percent="99" regionsoverflowed="0" regionsstable="10" regionsrebuilding="0"/>
  </mem-info>
</gc-start>
<allocation-stats totalBytes="73332328" >
  <allocated-bytes non-tlh="0" tlh="73332328" arrayletleaf="0"/>
  <largest-consumer threadName="main" threadId="0000000001F80F00" bytes="73332328" />
</allocation-stats>
<gc-op id="2739" type="copy forward" timems="11.380" contextid="2736" timestamp="2019-08-08T19:54:14.263">
  <memory-copied type="eden" objects="6" bytes="392" bytesdiscarded="0" />
  <memory-copied type="other" objects="23" bytes="696" bytesdiscarded="1392" />
  <memory-cardclean objects="52" bytes="1872" />
  <regions eden="35" other="2" />
  <remembered-set-cleared processed="142" cleared="8" durationms="0.446" />
  <stringconstants candidates="13816" cleared="0"  />
</gc-op>
<gc-op id="2740" type="classunload" timems="0.008" contextid="2736" timestamp="2019-08-08T19:54:14.263">
  <classunload-info classloadercandidates="54" classloadersunloaded="0" classesunloaded="0" anonymousclassesunloaded="0" quiescems="0.000" setupms="0.008" scanms="0.000" postms="0.000" />
</gc-op>
<heap-resize id="2741" type="expand" space="default" amount="6291456" count="1" timems="0.094" reason="excessive time being spent in gc" timestamp="2019-08-08T19:54:14.263" />
<gc-end id="2742" type="partial gc" contextid="2736" durationms="12.731" usertimems="25.674" systemtimems="0.000" timestamp="2019-08-08T19:54:14.263" activeThreads="16">
  <mem-info id="2743" free="161480704" total="268435456" percent="60">
    <mem type="eden" free="2096760" total="2097152" percent="99" />
    <remembered-set count="4832" freebytes="10712192" totalbytes="10731520" percent="99" regionsoverflowed="0" regionsstable="10" regionsrebuilding="0"/>
  </mem-info>
</gc-end>
<cycle-end id="2744" type="partial gc" contextid="2736" timestamp="2019-08-08T19:54:14.263" />
  <attribute name="elasticGC enabled" value="1" />
  <attribute name= "numThreadsSpecified" value="16" />
  <attribute name="heapSize specified" value="0" />
  <attribute name="Current GC Util" value="113" />
  <attribute name= "Current Time Running" value="95133" />
  <attribute name ="GC Interval" value="0" />
  <attribute name="Target GC Util Change" value ="80.000000" />
  <attribute name="Current GC Util Change" value="113.000000"/>
  <attribute name="Current Error" value="-86.000000" />
  <attribute name="Output H" value="262219584"/>
  <attribute name="Output I" value="1856"/>
  <attribute name="Output T" value="16"/>
  <attribute name= "Current Time Running" value="95133" />
  <attribute name="GC Util currently" value="113" />
  <attribute name="CPU Util currently" value="1690703958097" />
<exclusive-end id="2745" timestamp="2019-08-08T19:54:14.263" durationms="13.255" />

<exclusive-start id="2746" timestamp="2019-08-08T19:54:14.345" intervalms="94.474">
  <response-info timems="0.022" idlems="0.022" threads="0" lastid="0000000001F80F00" lastname="main" />
</exclusive-start>
<allocation-taxation id="2747" taxation-threshold="73400320" timestamp="2019-08-08T19:54:14.345" intervalms="94.472" />
<cycle-start id="2748" type="partial gc" contextid="0" timestamp="2019-08-08T19:54:14.345" intervalms="94.523" />
<gc-start id="2749" type="partial gc" contextid="2748" timestamp="2019-08-08T19:54:14.345">
  <mem-info id="2750" free="88080384" total="268435456" percent="32">
    <mem type="eden" free="2096760" total="75497472" percent="2" />
    <remembered-set count="4832" freebytes="10712192" totalbytes="10731520" percent="99" regionsoverflowed="0" regionsstable="10" regionsrebuilding="0"/>
  </mem-info>
</gc-start>
<allocation-stats totalBytes="73383480" >
  <allocated-bytes non-tlh="0" tlh="73383480" arrayletleaf="0"/>
  <largest-consumer threadName="main" threadId="0000000001F80F00" bytes="73383480" />
</allocation-stats>
<gc-op id="2751" type="copy forward" timems="11.859" contextid="2748" timestamp="2019-08-08T19:54:14.358">
  <memory-copied type="eden" objects="46" bytes="1920" bytesdiscarded="672" />
  <memory-copied type="other" objects="6" bytes="144" bytesdiscarded="720" />
  <memory-cardclean objects="70" bytes="1968" />
  <regions eden="35" other="2" />
  <remembered-set-cleared processed="144" cleared="8" durationms="0.127" />
  <stringconstants candidates="13816" cleared="0"  />
</gc-op>
<gc-op id="2752" type="classunload" timems="0.009" contextid="2748" timestamp="2019-08-08T19:54:14.358">
  <classunload-info classloadercandidates="54" classloadersunloaded="0" classesunloaded="0" anonymousclassesunloaded="0" quiescems="0.000" setupms="0.009" scanms="0.000" postms="0.000" />
</gc-op>
<gc-end id="2753" type="partial gc" contextid="2748" durationms="13.064" usertimems="27.921" systemtimems="0.000" timestamp="2019-08-08T19:54:14.358" activeThreads="16">
  <mem-info id="2754" free="161480704" total="268435456" percent="60">
    <mem type="eden" free="2094560" total="2097152" percent="99" />
    <remembered-set count="4384" freebytes="10713984" totalbytes="10731520" percent="99" regionsoverflowed="0" regionsstable="10" regionsrebuilding="0"/>
  </mem-info>
</gc-end>
<cycle-end id="2755" type="partial gc" contextid="2748" timestamp="2019-08-08T19:54:14.358" />
  <attribute name="elasticGC enabled" value="1" />
  <attribute name= "numThreadsSpecified" value="16" />
  <attribute name="heapSize specified" value="0" />
  <attribute name="Current GC Util" value="155" />
  <attribute name= "Current Time Running" value="95228" />
  <attribute name ="GC Interval" value="0" />
  <attribute name="Target GC Util Change" value ="80.000000" />
  <attribute name="Current GC Util Change" value="155.000000"/>
  <attribute name="Current Error" value="-107.000000" />
  <attribute name="Output H" value="268511016"/>
  <attribute name="Output I" value="1824"/>
  <attribute name="Output T" value="16"/>
  <attribute name= "Current Time Running" value="95228" />
  <attribute name="GC Util currently" value="155" />
  <attribute name="CPU Util currently" value="1569202689463" />
<exclusive-end id="2756" timestamp="2019-08-08T19:54:14.358" durationms="13.653" />

<exclusive-start id="2757" timestamp="2019-08-08T19:54:14.580" intervalms="235.084">
  <response-info timems="0.026" idlems="0.026" threads="0" lastid="0000000001F80F00" lastname="main" />
</exclusive-start>
<allocation-taxation id="2758" taxation-threshold="73400320" timestamp="2019-08-08T19:54:14.580" intervalms="235.098" />
<cycle-start id="2759" type="partial gc" contextid="0" timestamp="2019-08-08T19:54:14.580" intervalms="235.077" />
<gc-start id="2760" type="partial gc" contextid="2759" timestamp="2019-08-08T19:54:14.580">
  <mem-info id="2761" free="88080384" total="268435456" percent="32">
    <mem type="eden" free="0" total="73400320" percent="0" />
    <remembered-set count="3904" freebytes="10715904" totalbytes="10731520" percent="99" regionsoverflowed="0" regionsstable="10" regionsrebuilding="0"/>
  </mem-info>
</gc-start>
<allocation-stats totalBytes="69685016" >
  <allocated-bytes non-tlh="0" tlh="69685016" arrayletleaf="0"/>
  <largest-consumer threadName="main" threadId="0000000001F80F00" bytes="69685016" />
</allocation-stats>
<gc-op id="2762" type="copy forward" timems="15.719" contextid="2759" timestamp="2019-08-08T19:54:14.597">
  <memory-copied type="eden" objects="67" bytes="12928" bytesdiscarded="432" />
  <memory-copied type="other" objects="12" bytes="288" bytesdiscarded="1440" />
  <memory-cardclean objects="110" bytes="2952" />
  <regions eden="35" other="2" />
  <remembered-set-cleared processed="143" cleared="19" durationms="0.143" />
  <stringconstants candidates="13816" cleared="0"  />
</gc-op>
<gc-op id="2763" type="classunload" timems="0.011" contextid="2759" timestamp="2019-08-08T19:54:14.598">
  <classunload-info classloadercandidates="54" classloadersunloaded="0" classesunloaded="0" anonymousclassesunloaded="0" quiescems="0.000" setupms="0.011" scanms="0.000" postms="0.000" />
</gc-op>
<gc-end id="2764" type="partial gc" contextid="2759" durationms="17.732" usertimems="40.212" systemtimems="0.000" timestamp="2019-08-08T19:54:14.598" activeThreads="16">
  <mem-info id="2765" free="159383552" total="268435456" percent="59">
    <mem type="eden" free="2083792" total="2097152" percent="99" />
    <remembered-set count="3520" freebytes="10717440" totalbytes="10731520" percent="99" regionsoverflowed="0" regionsstable="10" regionsrebuilding="0"/>
  </mem-info>
</gc-end>
<cycle-end id="2766" type="partial gc" contextid="2759" timestamp="2019-08-08T19:54:14.598" />
  <attribute name="elasticGC enabled" value="1" />
  <attribute name= "numThreadsSpecified" value="16" />
  <attribute name="heapSize specified" value="0" />
  <attribute name="Current GC Util" value="111" />
  <attribute name= "Current Time Running" value="95463" />
  <attribute name ="GC Interval" value="0" />
  <attribute name="Target GC Util Change" value ="80.000000" />
  <attribute name="Current GC Util Change" value="111.000000"/>
  <attribute name="Current Error" value="-31.000000" />
  <attribute name="Output H" value="268511104"/>
  <attribute name="Output I" value="1960"/>
  <attribute name="Output T" value="16"/>
  <attribute name= "Current Time Running" value="95463" />
  <attribute name="GC Util currently" value="111" />
  <attribute name="CPU Util currently" value="1267566514790" />
<exclusive-end id="2767" timestamp="2019-08-08T19:54:14.598" durationms="18.551" />

<exclusive-start id="2768" timestamp="2019-08-08T19:54:14.774" intervalms="194.102">
  <response-info timems="0.018" idlems="0.018" threads="0" lastid="0000000001F80F00" lastname="main" />
</exclusive-start>
<allocation-taxation id="2769" taxation-threshold="73400320" timestamp="2019-08-08T19:54:14.774" intervalms="194.105" />
<cycle-start id="2770" type="partial gc" contextid="0" timestamp="2019-08-08T19:54:14.774" intervalms="194.087" />
<gc-start id="2771" type="partial gc" contextid="2770" timestamp="2019-08-08T19:54:14.774">
  <mem-info id="2772" free="85983232" total="268435456" percent="32">
    <mem type="eden" free="0" total="73400320" percent="0" />
    <remembered-set count="3520" freebytes="10717440" totalbytes="10731520" percent="99" regionsoverflowed="0" regionsstable="10" regionsrebuilding="0"/>
  </mem-info>
</gc-start>
<allocation-stats totalBytes="73392088" >
  <allocated-bytes non-tlh="0" tlh="73392088" arrayletleaf="0"/>
  <largest-consumer threadName="main" threadId="0000000001F80F00" bytes="73392088" />
</allocation-stats>
<gc-op id="2773" type="copy forward" timems="8.597" contextid="2770" timestamp="2019-08-08T19:54:14.784">
  <memory-copied type="eden" objects="43" bytes="1320" bytesdiscarded="600" />
  <memory-copied type="other" objects="42" bytes="1008" bytesdiscarded="1200" />
  <memory-cardclean objects="136" bytes="4040" />
  <regions eden="35" other="2" />
  <remembered-set-cleared processed="142" cleared="25" durationms="0.173" />
  <stringconstants candidates="13816" cleared="0"  />
</gc-op>
<gc-op id="2774" type="classunload" timems="0.008" contextid="2770" timestamp="2019-08-08T19:54:14.784">
  <classunload-info classloadercandidates="54" classloadersunloaded="0" classesunloaded="0" anonymousclassesunloaded="0" quiescems="0.000" setupms="0.008" scanms="0.000" postms="0.000" />
</gc-op>
<gc-end id="2775" type="partial gc" contextid="2770" durationms="9.888" usertimems="22.889" systemtimems="0.000" timestamp="2019-08-08T19:54:14.784" activeThreads="16">
  <mem-info id="2776" free="157286400" total="268435456" percent="58">
    <mem type="eden" free="2095232" total="2097152" percent="99" />
    <remembered-set count="3296" freebytes="10718336" totalbytes="10731520" percent="99" regionsoverflowed="0" regionsstable="10" regionsrebuilding="0"/>
  </mem-info>
</gc-end>
<cycle-end id="2777" type="partial gc" contextid="2770" timestamp="2019-08-08T19:54:14.784" />
  <attribute name="elasticGC enabled" value="1" />
  <attribute name= "numThreadsSpecified" value="16" />
  <attribute name="heapSize specified" value="0" />
  <attribute name="Current GC Util" value="149" />
  <attribute name= "Current Time Running" value="95657" />
  <attribute name ="GC Interval" value="0" />
  <attribute name="Target GC Util Change" value ="80.000000" />
  <attribute name="Current GC Util Change" value="149.000000"/>
  <attribute name="Current Error" value="-40.000000" />
  <attribute name="Output H" value="268511096"/>
  <attribute name="Output I" value="1944"/>
  <attribute name="Output T" value="16"/>
  <attribute name= "Current Time Running" value="95657" />
  <attribute name="GC Util currently" value="149" />
  <attribute name="CPU Util currently" value="1404867608230" />
<exclusive-end id="2778" timestamp="2019-08-08T19:54:14.784" durationms="10.513" />

<exclusive-start id="2779" timestamp="2019-08-08T19:54:14.860" intervalms="86.646">
  <response-info timems="0.017" idlems="0.017" threads="0" lastid="0000000001F80F00" lastname="main" />
</exclusive-start>
<allocation-taxation id="2780" taxation-threshold="73400320" timestamp="2019-08-08T19:54:14.861" intervalms="86.629" />
<cycle-start id="2781" type="partial gc" contextid="0" timestamp="2019-08-08T19:54:14.861" intervalms="86.611" />
<gc-start id="2782" type="partial gc" contextid="2781" timestamp="2019-08-08T19:54:14.861">
  <mem-info id="2783" free="83886080" total="268435456" percent="31">
    <mem type="eden" free="0" total="73400320" percent="0" />
    <remembered-set count="3040" freebytes="10719360" totalbytes="10731520" percent="99" regionsoverflowed="0" regionsstable="10" regionsrebuilding="0"/>
  </mem-info>
</gc-start>
<allocation-stats totalBytes="73379240" >
  <allocated-bytes non-tlh="0" tlh="73379240" arrayletleaf="0"/>
  <largest-consumer threadName="main" threadId="0000000001F80F00" bytes="73379240" />
</allocation-stats>
<gc-op id="2784" type="copy forward" timems="9.036" contextid="2781" timestamp="2019-08-08T19:54:14.871">
  <memory-copied type="eden" objects="39" bytes="1432" bytesdiscarded="1056" />
  <memory-copied type="other" objects="64" bytes="1608" bytesdiscarded="1056" />
  <memory-cardclean objects="123" bytes="3784" />
  <regions eden="35" other="2" />
  <remembered-set-cleared processed="138" cleared="20" durationms="0.136" />
  <stringconstants candidates="13816" cleared="0"  />
</gc-op>
<gc-op id="2785" type="classunload" timems="0.008" contextid="2781" timestamp="2019-08-08T19:54:14.871">
  <classunload-info classloadercandidates="54" classloadersunloaded="0" classesunloaded="0" anonymousclassesunloaded="0" quiescems="0.000" setupms="0.008" scanms="0.000" postms="0.000" />
</gc-op>
<gc-end id="2786" type="partial gc" contextid="2781" durationms="10.203" usertimems="24.541" systemtimems="0.000" timestamp="2019-08-08T19:54:14.871" activeThreads="16">
  <mem-info id="2787" free="155189248" total="268435456" percent="57">
    <mem type="eden" free="2094664" total="2097152" percent="99" />
    <remembered-set count="3328" freebytes="10718208" totalbytes="10731520" percent="99" regionsoverflowed="0" regionsstable="10" regionsrebuilding="0"/>
  </mem-info>
</gc-end>
<cycle-end id="2788" type="partial gc" contextid="2781" timestamp="2019-08-08T19:54:14.871" />
  <attribute name="elasticGC enabled" value="1" />
  <attribute name= "numThreadsSpecified" value="16" />
  <attribute name="heapSize specified" value="0" />
  <attribute name="Current GC Util" value="138" />
  <attribute name= "Current Time Running" value="95743" />
  <attribute name ="GC Interval" value="0" />
  <attribute name="Target GC Util Change" value ="80.000000" />
  <attribute name="Current GC Util Change" value="138.000000"/>
  <attribute name="Current Error" value="-43.000000" />
  <attribute name="Output H" value="268511088"/>
  <attribute name="Output I" value="1936"/>
  <attribute name="Output T" value="16"/>
  <attribute name= "Current Time Running" value="95743" />
  <attribute name="GC Util currently" value="138" />
  <attribute name="CPU Util currently" value="1915358736347" />
<exclusive-end id="2789" timestamp="2019-08-08T19:54:14.871" durationms="10.861" />

<exclusive-start id="2790" timestamp="2019-08-08T19:54:14.969" intervalms="108.119">
  <response-info timems="0.015" idlems="0.015" threads="0" lastid="0000000001F80F00" lastname="main" />
</exclusive-start>
<allocation-taxation id="2791" taxation-threshold="73400320" timestamp="2019-08-08T19:54:14.969" intervalms="108.123" />
<cycle-start id="2792" type="partial gc" contextid="0" timestamp="2019-08-08T19:54:14.969" intervalms="108.125" />
<gc-start id="2793" type="partial gc" contextid="2792" timestamp="2019-08-08T19:54:14.969">
  <mem-info id="2794" free="81788928" total="268435456" percent="30">
    <mem type="eden" free="0" total="73400320" percent="0" />
    <remembered-set count="3040" freebytes="10719360" totalbytes="10731520" percent="99" regionsoverflowed="0" regionsstable="10" regionsrebuilding="0"/>
  </mem-info>
</gc-start>
<allocation-stats totalBytes="73389952" >
  <allocated-bytes non-tlh="0" tlh="73389952" arrayletleaf="0"/>
  <largest-consumer threadName="main" threadId="0000000001F80F00" bytes="73389952" />
</allocation-stats>
<gc-op id="2795" type="copy forward" timems="9.049" contextid="2792" timestamp="2019-08-08T19:54:14.979">
  <memory-copied type="eden" objects="41" bytes="1176" bytesdiscarded="576" />
  <memory-copied type="other" objects="41" bytes="1080" bytesdiscarded="1248" />
  <memory-cardclean objects="110" bytes="3504" />
  <regions eden="35" other="2" />
  <remembered-set-cleared processed="140" cleared="12" durationms="0.123" />
  <stringconstants candidates="13816" cleared="0"  />
</gc-op>
<gc-op id="2796" type="classunload" timems="0.010" contextid="2792" timestamp="2019-08-08T19:54:14.979">
  <classunload-info classloadercandidates="54" classloadersunloaded="0" classesunloaded="0" anonymousclassesunloaded="0" quiescems="0.000" setupms="0.010" scanms="0.000" postms="0.000" />
</gc-op>
<gc-end id="2797" type="partial gc" contextid="2792" durationms="10.334" usertimems="25.098" systemtimems="0.000" timestamp="2019-08-08T19:54:14.979" activeThreads="16">
  <mem-info id="2798" free="153092096" total="268435456" percent="57">
    <mem type="eden" free="2095400" total="2097152" percent="99" />
    <remembered-set count="4160" freebytes="10714880" totalbytes="10731520" percent="99" regionsoverflowed="0" regionsstable="10" regionsrebuilding="0"/>
  </mem-info>
</gc-end>
<cycle-end id="2799" type="partial gc" contextid="2792" timestamp="2019-08-08T19:54:14.979" />
  <attribute name="elasticGC enabled" value="1" />
  <attribute name= "numThreadsSpecified" value="16" />
  <attribute name="heapSize specified" value="0" />
  <attribute name="Current GC Util" value="197" />
  <attribute name= "Current Time Running" value="95852" />
  <attribute name ="GC Interval" value="0" />
  <attribute name="Target GC Util Change" value ="80.000000" />
  <attribute name="Current GC Util Change" value="197.000000"/>
  <attribute name="Current Error" value="-117.000000" />
  <attribute name="Output H" value="268511008"/>
  <attribute name="Output I" value="1800"/>
  <attribute name="Output T" value="16"/>
  <attribute name= "Current Time Running" value="95852" />
  <attribute name="GC Util currently" value="197" />
  <attribute name="CPU Util currently" value="1674212697393" />
<exclusive-end id="2800" timestamp="2019-08-08T19:54:14.980" durationms="10.984" />

<exclusive-start id="2801" timestamp="2019-08-08T19:54:15.051" intervalms="82.674">
  <response-info timems="0.018" idlems="0.018" threads="0" lastid="0000000001F80F00" lastname="main" />
</exclusive-start>
<allocation-taxation id="2802" taxation-threshold="73400320" timestamp="2019-08-08T19:54:15.051" intervalms="82.672" />
<cycle-start id="2803" type="partial gc" contextid="0" timestamp="2019-08-08T19:54:15.051" intervalms="82.703" />
<gc-start id="2804" type="partial gc" contextid="2803" timestamp="2019-08-08T19:54:15.052">
  <mem-info id="2805" free="79691776" total="268435456" percent="29">
    <mem type="eden" free="0" total="73400320" percent="0" />
    <remembered-set count="3680" freebytes="10716800" totalbytes="10731520" percent="99" regionsoverflowed="0" regionsstable="10" regionsrebuilding="0"/>
  </mem-info>
</gc-start>
<allocation-stats totalBytes="73392992" >
  <allocated-bytes non-tlh="0" tlh="73392992" arrayletleaf="0"/>
  <largest-consumer threadName="main" threadId="0000000001F80F00" bytes="73392992" />
</allocation-stats>
<gc-op id="2806" type="copy forward" timems="9.449" contextid="2803" timestamp="2019-08-08T19:54:15.062">
  <memory-copied type="eden" objects="21" bytes="680" bytesdiscarded="672" />
  <memory-copied type="other" objects="31" bytes="768" bytesdiscarded="1296" />
  <memory-cardclean objects="99" bytes="3152" />
  <regions eden="35" other="2" />
  <remembered-set-cleared processed="143" cleared="12" durationms="0.133" />
  <stringconstants candidates="13816" cleared="0"  />
</gc-op>
<gc-op id="2807" type="classunload" timems="0.009" contextid="2803" timestamp="2019-08-08T19:54:15.062">
  <classunload-info classloadercandidates="54" classloadersunloaded="0" classesunloaded="0" anonymousclassesunloaded="0" quiescems="0.000" setupms="0.009" scanms="0.000" postms="0.000" />
</gc-op>
<gc-end id="2808" type="partial gc" contextid="2803" durationms="10.854" usertimems="26.586" systemtimems="0.000" timestamp="2019-08-08T19:54:15.063" activeThreads="16">
  <mem-info id="2809" free="150994944" total="268435456" percent="56">
    <mem type="eden" free="2095800" total="2097152" percent="99" />
    <remembered-set count="3744" freebytes="10716544" totalbytes="10731520" percent="99" regionsoverflowed="0" regionsstable="10" regionsrebuilding="0"/>
  </mem-info>
</gc-end>
<cycle-end id="2810" type="partial gc" contextid="2803" timestamp="2019-08-08T19:54:15.063" />
  <attribute name="elasticGC enabled" value="1" />
  <attribute name= "numThreadsSpecified" value="16" />
  <attribute name="heapSize specified" value="0" />
  <attribute name="Current GC Util" value="134" />
  <attribute name= "Current Time Running" value="95934" />
  <attribute name ="GC Interval" value="0" />
  <attribute name="Target GC Util Change" value ="80.000000" />
  <attribute name="Current GC Util Change" value="134.000000"/>
  <attribute name="Current Error" value="-120.000000" />
  <attribute name="Output H" value="268511000"/>
  <attribute name="Output I" value="1800"/>
  <attribute name="Output T" value="16"/>
  <attribute name= "Current Time Running" value="95934" />
  <attribute name="GC Util currently" value="134" />
  <attribute name="CPU Util currently" value="1700549376302" />
<exclusive-end id="2811" timestamp="2019-08-08T19:54:15.063" durationms="11.573" />

<exclusive-start id="2812" timestamp="2019-08-08T19:54:15.257" intervalms="205.808">
  <response-info timems="0.014" idlems="0.014" threads="0" lastid="0000000001F80F00" lastname="main" />
</exclusive-start>
<allocation-taxation id="2813" taxation-threshold="73400320" timestamp="2019-08-08T19:54:15.257" intervalms="205.812" />
<cycle-start id="2814" type="partial gc" contextid="0" timestamp="2019-08-08T19:54:15.257" intervalms="205.819" />
<gc-start id="2815" type="partial gc" contextid="2814" timestamp="2019-08-08T19:54:15.257">
  <mem-info id="2816" free="77594624" total="268435456" percent="28">
    <mem type="eden" free="0" total="73400320" percent="0" />
    <remembered-set count="3744" freebytes="10716544" totalbytes="10731520" percent="99" regionsoverflowed="0" regionsstable="10" regionsrebuilding="0"/>
  </mem-info>
</gc-start>
<allocation-stats totalBytes="73395520" >
  <allocated-bytes non-tlh="0" tlh="73395520" arrayletleaf="0"/>
  <largest-consumer threadName="main" threadId="0000000001F80F00" bytes="73395520" />
</allocation-stats>
<gc-op id="2817" type="copy forward" timems="7.777" contextid="2814" timestamp="2019-08-08T19:54:15.266">
  <memory-copied type="eden" objects="52" bytes="1392" bytesdiscarded="432" />
  <memory-copied type="other" objects="24" bytes="576" bytesdiscarded="1344" />
  <memory-cardclean objects="76" bytes="2368" />
  <regions eden="35" other="2" />
  <remembered-set-cleared processed="145" cleared="10" durationms="0.159" />
  <stringconstants candidates="13816" cleared="0"  />
</gc-op>
<gc-op id="2818" type="classunload" timems="0.007" contextid="2814" timestamp="2019-08-08T19:54:15.267">
  <classunload-info classloadercandidates="54" classloadersunloaded="0" classesunloaded="0" anonymousclassesunloaded="0" quiescems="0.000" setupms="0.007" scanms="0.000" postms="0.000" />
</gc-op>
<gc-end id="2819" type="partial gc" contextid="2814" durationms="9.267" usertimems="19.306" systemtimems="0.000" timestamp="2019-08-08T19:54:15.267" activeThreads="16">
  <mem-info id="2820" free="148897792" total="268435456" percent="55">
    <mem type="eden" free="2095328" total="2097152" percent="99" />
    <remembered-set count="4384" freebytes="10713984" totalbytes="10731520" percent="99" regionsoverflowed="0" regionsstable="10" regionsrebuilding="0"/>
  </mem-info>
</gc-end>
<cycle-end id="2821" type="partial gc" contextid="2814" timestamp="2019-08-08T19:54:15.267" />
  <attribute name="elasticGC enabled" value="1" />
  <attribute name= "numThreadsSpecified" value="16" />
  <attribute name="heapSize specified" value="0" />
  <attribute name="Current GC Util" value="98" />
  <attribute name= "Current Time Running" value="96140" />
  <attribute name ="GC Interval" value="0" />
  <attribute name="Target GC Util Change" value ="80.000000" />
  <attribute name="Current GC Util Change" value="98.000000"/>
  <attribute name="Current Error" value="-70.000000" />
  <attribute name="Output H" value="268511056"/>
  <attribute name="Output I" value="1888"/>
  <attribute name="Output T" value="16"/>
  <attribute name= "Current Time Running" value="96140" />
  <attribute name="GC Util currently" value="98" />
  <attribute name="CPU Util currently" value="1375729031512" />
<exclusive-end id="2822" timestamp="2019-08-08T19:54:15.267" durationms="10.025" />

<exclusive-start id="2823" timestamp="2019-08-08T19:54:15.350" intervalms="93.372">
  <response-info timems="0.014" idlems="0.014" threads="0" lastid="0000000001F80F00" lastname="main" />
</exclusive-start>
<allocation-taxation id="2824" taxation-threshold="73400320" timestamp="2019-08-08T19:54:15.350" intervalms="93.364" />
<cycle-start id="2825" type="partial gc" contextid="0" timestamp="2019-08-08T19:54:15.351" intervalms="93.381" />
<gc-start id="2826" type="partial gc" contextid="2825" timestamp="2019-08-08T19:54:15.351">
  <mem-info id="2827" free="75497472" total="268435456" percent="28">
    <mem type="eden" free="0" total="73400320" percent="0" />
    <remembered-set count="3904" freebytes="10715904" totalbytes="10731520" percent="99" regionsoverflowed="0" regionsstable="10" regionsrebuilding="0"/>
  </mem-info>
</gc-start>
<allocation-stats totalBytes="73395304" >
  <allocated-bytes non-tlh="0" tlh="73395304" arrayletleaf="0"/>
  <largest-consumer threadName="main" threadId="0000000001F80F00" bytes="73395304" />
</allocation-stats>
<gc-op id="2828" type="copy forward" timems="11.338" contextid="2825" timestamp="2019-08-08T19:54:15.364">
  <memory-copied type="eden" objects="38" bytes="1088" bytesdiscarded="1320" />
  <memory-copied type="other" objects="42" bytes="1008" bytesdiscarded="1200" />
  <memory-cardclean objects="118" bytes="3184" />
  <regions eden="35" other="2" />
  <remembered-set-cleared processed="146" cleared="13" durationms="0.151" />
  <stringconstants candidates="13816" cleared="0"  />
</gc-op>
<gc-op id="2829" type="classunload" timems="0.009" contextid="2825" timestamp="2019-08-08T19:54:15.364">
  <classunload-info classloadercandidates="54" classloadersunloaded="0" classesunloaded="0" anonymousclassesunloaded="0" quiescems="0.000" setupms="0.009" scanms="0.000" postms="0.000" />
</gc-op>
<gc-end id="2830" type="partial gc" contextid="2825" durationms="13.078" usertimems="25.147" systemtimems="0.000" timestamp="2019-08-08T19:54:15.364" activeThreads="16">
  <mem-info id="2831" free="146800640" total="268435456" percent="54">
    <mem type="eden" free="2094744" total="2097152" percent="99" />
    <remembered-set count="4320" freebytes="10714240" totalbytes="10731520" percent="99" regionsoverflowed="0" regionsstable="10" regionsrebuilding="0"/>
  </mem-info>
</gc-end>
<cycle-end id="2832" type="partial gc" contextid="2825" timestamp="2019-08-08T19:54:15.364" />
  <attribute name="elasticGC enabled" value="1" />
  <attribute name= "numThreadsSpecified" value="16" />
  <attribute name="heapSize specified" value="0" />
  <attribute name="Current GC Util" value="216" />
  <attribute name= "Current Time Running" value="96234" />
  <attribute name ="GC Interval" value="0" />
  <attribute name="Target GC Util Change" value ="80.000000" />
  <attribute name="Current GC Util Change" value="216.000000"/>
  <attribute name="Current Error" value="-136.000000" />
  <attribute name="Output H" value="268510984"/>
  <attribute name="Output I" value="1768"/>
  <attribute name="Output T" value="16"/>
  <attribute name= "Current Time Running" value="96234" />
  <attribute name="GC Util currently" value="216" />
  <attribute name="CPU Util currently" value="1041907281423" />
<exclusive-end id="2833" timestamp="2019-08-08T19:54:15.364" durationms="13.895" />

<exclusive-start id="2834" timestamp="2019-08-08T19:54:15.515" intervalms="164.472">
  <response-info timems="0.020" idlems="0.020" threads="0" lastid="0000000001F80F00" lastname="main" />
</exclusive-start>
<allocation-taxation id="2835" taxation-threshold="73400320" timestamp="2019-08-08T19:54:15.515" intervalms="164.490" />
<cycle-start id="2836" type="partial gc" contextid="0" timestamp="2019-08-08T19:54:15.515" intervalms="164.444" />
<gc-start id="2837" type="partial gc" contextid="2836" timestamp="2019-08-08T19:54:15.515">
  <mem-info id="2838" free="73400320" total="268435456" percent="27">
    <mem type="eden" free="0" total="73400320" percent="0" />
    <remembered-set count="4000" freebytes="10715520" totalbytes="10731520" percent="99" regionsoverflowed="0" regionsstable="10" regionsrebuilding="0"/>
  </mem-info>
</gc-start>
<allocation-stats totalBytes="73378576" >
  <allocated-bytes non-tlh="0" tlh="73378576" arrayletleaf="0"/>
  <largest-consumer threadName="main" threadId="0000000001F80F00" bytes="73378576" />
</allocation-stats>
<gc-op id="2839" type="copy forward" timems="9.938" contextid="2836" timestamp="2019-08-08T19:54:15.526">
  <memory-copied type="eden" objects="49" bytes="2176" bytesdiscarded="576" />
  <memory-copied type="other" objects="48" bytes="1152" bytesdiscarded="1824" />
  <memory-cardclean objects="113" bytes="3248" />
  <regions eden="35" other="2" />
  <remembered-set-cleared processed="146" cleared="13" durationms="0.302" />
  <stringconstants candidates="13816" cleared="0"  />
</gc-op>
<gc-op id="2840" type="classunload" timems="0.010" contextid="2836" timestamp="2019-08-08T19:54:15.526">
  <classunload-info classloadercandidates="54" classloadersunloaded="0" classesunloaded="0" anonymousclassesunloaded="0" quiescems="0.000" setupms="0.010" scanms="0.000" postms="0.000" />
</gc-op>
<gc-end id="2841" type="partial gc" contextid="2836" durationms="11.312" usertimems="24.438" systemtimems="0.000" timestamp="2019-08-08T19:54:15.527" activeThreads="16">
  <mem-info id="2842" free="144703488" total="268435456" percent="53">
    <mem type="eden" free="2094400" total="2097152" percent="99" />
    <remembered-set count="4320" freebytes="10714240" totalbytes="10731520" percent="99" regionsoverflowed="0" regionsstable="10" regionsrebuilding="0"/>
  </mem-info>
</gc-end>
<cycle-end id="2843" type="partial gc" contextid="2836" timestamp="2019-08-08T19:54:15.527" />
  <attribute name="elasticGC enabled" value="1" />
  <attribute name= "numThreadsSpecified" value="16" />
  <attribute name="heapSize specified" value="0" />
  <attribute name="Current GC Util" value="127" />
  <attribute name= "Current Time Running" value="96398" />
  <attribute name ="GC Interval" value="0" />
  <attribute name="Target GC Util Change" value ="80.000000" />
  <attribute name="Current GC Util Change" value="127.000000"/>
  <attribute name="Current Error" value="-117.000000" />
  <attribute name="Output H" value="268511008"/>
  <attribute name="Output I" value="1800"/>
  <attribute name="Output T" value="16"/>
  <attribute name= "Current Time Running" value="96398" />
  <attribute name="GC Util currently" value="127" />
  <attribute name="CPU Util currently" value="1628456942816" />
<exclusive-end id="2844" timestamp="2019-08-08T19:54:15.527" durationms="12.029" />

<exclusive-start id="2845" timestamp="2019-08-08T19:54:15.646" intervalms="131.592">
  <response-info timems="0.040" idlems="0.040" threads="0" lastid="0000000001F80F00" lastname="main" />
</exclusive-start>
<allocation-taxation id="2846" taxation-threshold="73400320" timestamp="2019-08-08T19:54:15.647" intervalms="131.584" />
<cycle-start id="2847" type="partial gc" contextid="0" timestamp="2019-08-08T19:54:15.647" intervalms="131.610" />
<gc-start id="2848" type="partial gc" contextid="2847" timestamp="2019-08-08T19:54:15.647">
  <mem-info id="2849" free="71303168" total="268435456" percent="26">
    <mem type="eden" free="0" total="73400320" percent="0" />
    <remembered-set count="4320" freebytes="10714240" totalbytes="10731520" percent="99" regionsoverflowed="0" regionsstable="10" regionsrebuilding="0"/>
  </mem-info>
</gc-start>
<allocation-stats totalBytes="73357504" >
  <allocated-bytes non-tlh="0" tlh="73357504" arrayletleaf="0"/>
  <largest-consumer threadName="main" threadId="0000000001F80F00" bytes="73357504" />
</allocation-stats>
<gc-op id="2850" type="copy forward" timems="9.103" contextid="2847" timestamp="2019-08-08T19:54:15.657">
  <memory-copied type="eden" objects="25" bytes="760" bytesdiscarded="696" />
  <memory-copied type="other" objects="30" bytes="720" bytesdiscarded="2064" />
  <memory-cardclean objects="75" bytes="2328" />
  <regions eden="35" other="2" />
  <remembered-set-cleared processed="147" cleared="6" durationms="0.195" />
  <stringconstants candidates="13816" cleared="0"  />
</gc-op>
<gc-op id="2851" type="classunload" timems="0.008" contextid="2847" timestamp="2019-08-08T19:54:15.657">
  <classunload-info classloadercandidates="54" classloadersunloaded="0" classesunloaded="0" anonymousclassesunloaded="0" quiescems="0.000" setupms="0.008" scanms="0.000" postms="0.000" />
</gc-op>
<gc-end id="2852" type="partial gc" contextid="2847" durationms="10.439" usertimems="23.842" systemtimems="0.000" timestamp="2019-08-08T19:54:15.657" activeThreads="16">
  <mem-info id="2853" free="142606336" total="268435456" percent="53">
    <mem type="eden" free="2095696" total="2097152" percent="99" />
    <remembered-set count="5088" freebytes="10711168" totalbytes="10731520" percent="99" regionsoverflowed="0" regionsstable="10" regionsrebuilding="0"/>
  </mem-info>
</gc-end>
<cycle-end id="2854" type="partial gc" contextid="2847" timestamp="2019-08-08T19:54:15.658" />
  <attribute name="elasticGC enabled" value="1" />
  <attribute name= "numThreadsSpecified" value="16" />
  <attribute name="heapSize specified" value="0" />
  <attribute name="Current GC Util" value="147" />
  <attribute name= "Current Time Running" value="96530" />
  <attribute name ="GC Interval" value="0" />
  <attribute name="Target GC Util Change" value ="80.000000" />
  <attribute name="Current GC Util Change" value="147.000000"/>
  <attribute name="Current Error" value="-122.000000" />
  <attribute name="Output H" value="268511000"/>
  <attribute name="Output I" value="1792"/>
  <attribute name="Output T" value="16"/>
  <attribute name= "Current Time Running" value="96530" />
  <attribute name="GC Util currently" value="147" />
  <attribute name="CPU Util currently" value="1618330717881" />
<exclusive-end id="2855" timestamp="2019-08-08T19:54:15.658" durationms="11.219" />

<exclusive-start id="2856" timestamp="2019-08-08T19:54:15.689" intervalms="42.007">
  <response-info timems="0.020" idlems="0.020" threads="0" lastid="0000000001F80F00" lastname="main" />
</exclusive-start>
<allocation-taxation id="2857" taxation-threshold="73400320" timestamp="2019-08-08T19:54:15.689" intervalms="42.000" />
<cycle-start id="2858" type="partial gc" contextid="0" timestamp="2019-08-08T19:54:15.689" intervalms="41.999" />
<gc-start id="2859" type="partial gc" contextid="2858" timestamp="2019-08-08T19:54:15.689">
  <mem-info id="2860" free="69206016" total="268435456" percent="25">
    <mem type="eden" free="0" total="73400320" percent="0" />
    <remembered-set count="4608" freebytes="10713088" totalbytes="10731520" percent="99" regionsoverflowed="0" regionsstable="10" regionsrebuilding="0"/>
  </mem-info>
</gc-start>
<allocation-stats totalBytes="73292616" >
  <allocated-bytes non-tlh="0" tlh="73292616" arrayletleaf="0"/>
  <largest-consumer threadName="main" threadId="0000000001F80F00" bytes="73292616" />
</allocation-stats>
<gc-op id="2861" type="copy forward" timems="10.834" contextid="2858" timestamp="2019-08-08T19:54:15.701">
  <memory-copied type="eden" objects="24" bytes="1280" bytesdiscarded="696" />
  <memory-copied type="other" objects="24" bytes="576" bytesdiscarded="1296" />
  <memory-cardclean objects="66" bytes="2088" />
  <regions eden="35" other="2" />
  <remembered-set-cleared processed="152" cleared="7" durationms="0.143" />
  <stringconstants candidates="13816" cleared="0"  />
</gc-op>
<gc-op id="2862" type="classunload" timems="0.010" contextid="2858" timestamp="2019-08-08T19:54:15.701">
  <classunload-info classloadercandidates="54" classloadersunloaded="0" classesunloaded="0" anonymousclassesunloaded="0" quiescems="0.000" setupms="0.010" scanms="0.000" postms="0.000" />
</gc-op>
<gc-end id="2863" type="partial gc" contextid="2858" durationms="12.281" usertimems="29.068" systemtimems="0.000" timestamp="2019-08-08T19:54:15.701" activeThreads="16">
  <mem-info id="2864" free="140509184" total="268435456" percent="52">
    <mem type="eden" free="2095176" total="2097152" percent="99" />
    <remembered-set count="5216" freebytes="10710656" totalbytes="10731520" percent="99" regionsoverflowed="0" regionsstable="10" regionsrebuilding="0"/>
  </mem-info>
</gc-end>
<cycle-end id="2865" type="partial gc" contextid="2858" timestamp="2019-08-08T19:54:15.702" />
  <attribute name="elasticGC enabled" value="1" />
  <attribute name= "numThreadsSpecified" value="16" />
  <attribute name="heapSize specified" value="0" />
  <attribute name="Current GC Util" value="215" />
  <attribute name= "Current Time Running" value="96572" />
  <attribute name ="GC Interval" value="0" />
  <attribute name="Target GC Util Change" value ="80.000000" />
  <attribute name="Current GC Util Change" value="215.000000"/>
  <attribute name="Current Error" value="-135.000000" />
  <attribute name="Output H" value="268510984"/>
  <attribute name="Output I" value="1768"/>
  <attribute name="Output T" value="16"/>
  <attribute name= "Current Time Running" value="96572" />
  <attribute name="GC Util currently" value="215" />
  <attribute name="CPU Util currently" value="1550872152476" />
<exclusive-end id="2866" timestamp="2019-08-08T19:54:15.702" durationms="13.778" />

<exclusive-start id="2867" timestamp="2019-08-08T19:54:15.726" intervalms="37.371">
  <response-info timems="0.016" idlems="0.016" threads="0" lastid="0000000001F80F00" lastname="main" />
</exclusive-start>
<allocation-taxation id="2868" taxation-threshold="73400320" timestamp="2019-08-08T19:54:15.726" intervalms="37.371" />
<cycle-start id="2869" type="partial gc" contextid="0" timestamp="2019-08-08T19:54:15.726" intervalms="37.376" />
<gc-start id="2870" type="partial gc" contextid="2869" timestamp="2019-08-08T19:54:15.726">
  <mem-info id="2871" free="67108864" total="268435456" percent="25">
    <mem type="eden" free="0" total="73400320" percent="0" />
    <remembered-set count="4736" freebytes="10712576" totalbytes="10731520" percent="99" regionsoverflowed="0" regionsstable="10" regionsrebuilding="0"/>
  </mem-info>
</gc-start>
<allocation-stats totalBytes="73270368" >
  <allocated-bytes non-tlh="0" tlh="73270368" arrayletleaf="0"/>
  <largest-consumer threadName="main" threadId="0000000001F80F00" bytes="73270368" />
</allocation-stats>
<gc-op id="2872" type="copy forward" timems="7.555" contextid="2869" timestamp="2019-08-08T19:54:15.735">
  <memory-copied type="eden" objects="3" bytes="72" bytesdiscarded="720" />
  <memory-copied type="other" objects="27" bytes="1352" bytesdiscarded="1912" />
  <memory-cardclean objects="43" bytes="1576" />
  <regions eden="35" other="2" />
  <remembered-set-cleared processed="154" cleared="7" durationms="0.152" />
  <stringconstants candidates="13816" cleared="0"  />
</gc-op>
<gc-op id="2873" type="classunload" timems="0.007" contextid="2869" timestamp="2019-08-08T19:54:15.735">
  <classunload-info classloadercandidates="54" classloadersunloaded="0" classesunloaded="0" anonymousclassesunloaded="0" quiescems="0.000" setupms="0.007" scanms="0.000" postms="0.000" />
</gc-op>
<heap-resize id="2874" type="expand" space="default" amount="46137344" count="1" timems="0.277" reason="excessive time being spent in gc" timestamp="2019-08-08T19:54:15.735" />
<gc-end id="2875" type="partial gc" contextid="2869" durationms="9.277" usertimems="21.643" systemtimems="0.000" timestamp="2019-08-08T19:54:15.736" activeThreads="16">
  <mem-info id="2876" free="184549376" total="314572800" percent="58">
    <mem type="eden" free="2096360" total="2097152" percent="99" />
    <remembered-set count="5280" freebytes="12554880" totalbytes="12576000" percent="99" regionsoverflowed="0" regionsstable="10" regionsrebuilding="0"/>
  </mem-info>
</gc-end>
<cycle-end id="2877" type="partial gc" contextid="2869" timestamp="2019-08-08T19:54:15.736" />
  <attribute name="elasticGC enabled" value="1" />
  <attribute name= "numThreadsSpecified" value="16" />
  <attribute name="heapSize specified" value="0" />
  <attribute name="Current GC Util" value="184" />
  <attribute name= "Current Time Running" value="96609" />
  <attribute name ="GC Interval" value="0" />
  <attribute name="Target GC Util Change" value ="80.000000" />
  <attribute name="Current GC Util Change" value="184.000000"/>
  <attribute name="Current Error" value="-234.000000" />
  <attribute name="Output H" value="268510872"/>
  <attribute name="Output I" value="1592"/>
  <attribute name="Output T" value="16"/>
  <attribute name= "Current Time Running" value="96609" />
  <attribute name="GC Util currently" value="184" />
  <attribute name="CPU Util currently" value="1732382676368" />
<exclusive-end id="2878" timestamp="2019-08-08T19:54:15.736" durationms="10.070" />

<exclusive-start id="2879" timestamp="2019-08-08T19:54:15.806" intervalms="79.736">
  <response-info timems="0.023" idlems="0.023" threads="0" lastid="0000000001F80F00" lastname="main" />
</exclusive-start>
<allocation-taxation id="2880" taxation-threshold="85983232" timestamp="2019-08-08T19:54:15.806" intervalms="79.752" />
<cycle-start id="2881" type="partial gc" contextid="0" timestamp="2019-08-08T19:54:15.806" intervalms="79.814" />
<gc-start id="2882" type="partial gc" contextid="2881" timestamp="2019-08-08T19:54:15.806">
  <mem-info id="2883" free="98566144" total="314572800" percent="31">
    <mem type="eden" free="2096360" total="88080384" percent="2" />
    <remembered-set count="5280" freebytes="12554880" totalbytes="12576000" percent="99" regionsoverflowed="0" regionsstable="10" regionsrebuilding="0"/>
  </mem-info>
</gc-start>
<allocation-stats totalBytes="85852760" >
  <allocated-bytes non-tlh="0" tlh="85852760" arrayletleaf="0"/>
  <largest-consumer threadName="main" threadId="0000000001F80F00" bytes="85852760" />
</allocation-stats>
<gc-op id="2884" type="copy forward" timems="8.422" contextid="2881" timestamp="2019-08-08T19:54:15.816">
  <memory-copied type="eden" objects="30" bytes="1352" bytesdiscarded="816" />
  <memory-copied type="other" objects="6" bytes="144" bytesdiscarded="648" />
  <memory-cardclean objects="80" bytes="2392" />
  <regions eden="41" other="2" />
  <remembered-set-cleared processed="156" cleared="12" durationms="0.139" />
  <stringconstants candidates="13816" cleared="0"  />
</gc-op>
<gc-op id="2885" type="classunload" timems="0.009" contextid="2881" timestamp="2019-08-08T19:54:15.816">
  <classunload-info classloadercandidates="54" classloadersunloaded="0" classesunloaded="0" anonymousclassesunloaded="0" quiescems="0.000" setupms="0.009" scanms="0.000" postms="0.000" />
</gc-op>
<heap-resize id="2886" type="expand" space="default" amount="10485760" count="1" timems="0.117" reason="excessive time being spent in gc" timestamp="2019-08-08T19:54:15.816" />
<gc-end id="2887" type="partial gc" contextid="2881" durationms="9.985" usertimems="24.297" systemtimems="0.000" timestamp="2019-08-08T19:54:15.816" activeThreads="16">
  <mem-info id="2888" free="195035136" total="325058560" percent="60">
    <mem type="eden" free="2094984" total="2097152" percent="99" />
    <remembered-set count="5216" freebytes="12974336" totalbytes="12995200" percent="99" regionsoverflowed="0" regionsstable="10" regionsrebuilding="0"/>
  </mem-info>
</gc-end>
<cycle-end id="2889" type="partial gc" contextid="2881" timestamp="2019-08-08T19:54:15.816" />
  <attribute name="elasticGC enabled" value="1" />
  <attribute name= "numThreadsSpecified" value="16" />
  <attribute name="heapSize specified" value="0" />
  <attribute name="Current GC Util" value="128" />
  <attribute name= "Current Time Running" value="96689" />
  <attribute name ="GC Interval" value="0" />
  <attribute name="Target GC Util Change" value ="80.000000" />
  <attribute name="Current GC Util Change" value="128.000000"/>
  <attribute name="Current Error" value="-228.000000" />
  <attribute name="Output H" value="314648224"/>
  <attribute name="Output I" value="1608"/>
  <attribute name="Output T" value="16"/>
  <attribute name= "Current Time Running" value="96689" />
  <attribute name="GC Util currently" value="128" />
  <attribute name="CPU Util currently" value="1572784016778" />
<exclusive-end id="2890" timestamp="2019-08-08T19:54:15.816" durationms="10.832" />

<exclusive-start id="2891" timestamp="2019-08-08T19:54:15.890" intervalms="84.575">
  <response-info timems="0.018" idlems="0.018" threads="0" lastid="0000000001F80F00" lastname="main" />
</exclusive-start>
<allocation-taxation id="2892" taxation-threshold="88080384" timestamp="2019-08-08T19:54:15.890" intervalms="84.571" />
<cycle-start id="2893" type="partial gc" contextid="0" timestamp="2019-08-08T19:54:15.890" intervalms="84.467" />
<gc-start id="2894" type="partial gc" contextid="2893" timestamp="2019-08-08T19:54:15.891">
  <mem-info id="2895" free="106954752" total="325058560" percent="32">
    <mem type="eden" free="0" total="88080384" percent="0" />
    <remembered-set count="4736" freebytes="12976256" totalbytes="12995200" percent="99" regionsoverflowed="0" regionsstable="10" regionsrebuilding="0"/>
  </mem-info>
</gc-start>
<allocation-stats totalBytes="88011904" >
  <allocated-bytes non-tlh="0" tlh="88011904" arrayletleaf="0"/>
  <largest-consumer threadName="main" threadId="0000000001F80F00" bytes="88011904" />
</allocation-stats>
<gc-op id="2896" type="copy forward" timems="9.641" contextid="2893" timestamp="2019-08-08T19:54:15.901">
  <memory-copied type="eden" objects="28" bytes="1488" bytesdiscarded="0" />
  <memory-copied type="other" objects="18" bytes="432" bytesdiscarded="1320" />
  <memory-cardclean objects="76" bytes="2376" />
  <regions eden="42" other="2" />
  <remembered-set-cleared processed="155" cleared="12" durationms="0.156" />
  <stringconstants candidates="13816" cleared="0"  />
</gc-op>
<gc-op id="2897" type="classunload" timems="0.008" contextid="2893" timestamp="2019-08-08T19:54:15.901">
  <classunload-info classloadercandidates="54" classloadersunloaded="0" classesunloaded="0" anonymousclassesunloaded="0" quiescems="0.000" setupms="0.007" scanms="0.000" postms="0.000" />
</gc-op>
<heap-resize id="2898" type="expand" space="default" amount="6291456" count="1" timems="0.082" reason="excessive time being spent in gc" timestamp="2019-08-08T19:54:15.901" />
<gc-end id="2899" type="partial gc" contextid="2893" durationms="10.962" usertimems="23.856" systemtimems="0.000" timestamp="2019-08-08T19:54:15.901" activeThreads="16">
  <mem-info id="2900" free="199229440" total="331350016" percent="60">
    <mem type="eden" free="2095664" total="2097152" percent="99" />
    <remembered-set count="4672" freebytes="13228032" totalbytes="13246720" percent="99" regionsoverflowed="0" regionsstable="10" regionsrebuilding="0"/>
  </mem-info>
</gc-end>
<cycle-end id="2901" type="partial gc" contextid="2893" timestamp="2019-08-08T19:54:15.902" />
  <attribute name="elasticGC enabled" value="1" />
  <attribute name= "numThreadsSpecified" value="16" />
  <attribute name="heapSize specified" value="0" />
  <attribute name="Current GC Util" value="165" />
  <attribute name= "Current Time Running" value="96773" />
  <attribute name ="GC Interval" value="0" />
  <attribute name="Target GC Util Change" value ="80.000000" />
  <attribute name="Current GC Util Change" value="165.000000"/>
  <attribute name="Current Error" value="-85.000000" />
  <attribute name="Output H" value="325134144"/>
  <attribute name="Output I" value="1864"/>
  <attribute name="Output T" value="16"/>
  <attribute name= "Current Time Running" value="96773" />
  <attribute name="GC Util currently" value="165" />
  <attribute name="CPU Util currently" value="2022889260633" />
<exclusive-end id="2902" timestamp="2019-08-08T19:54:15.902" durationms="11.631" />

<exclusive-start id="2903" timestamp="2019-08-08T19:54:16.027" intervalms="136.812">
  <response-info timems="0.020" idlems="0.020" threads="0" lastid="0000000001F80F00" lastname="main" />
</exclusive-start>
<allocation-taxation id="2904" taxation-threshold="90177536" timestamp="2019-08-08T19:54:16.027" intervalms="136.802" />
<cycle-start id="2905" type="partial gc" contextid="0" timestamp="2019-08-08T19:54:16.027" intervalms="136.844" />
<gc-start id="2906" type="partial gc" contextid="2905" timestamp="2019-08-08T19:54:16.027">
  <mem-info id="2907" free="109051904" total="331350016" percent="32">
    <mem type="eden" free="0" total="90177536" percent="0" />
    <remembered-set count="4192" freebytes="13229952" totalbytes="13246720" percent="99" regionsoverflowed="0" regionsstable="10" regionsrebuilding="0"/>
  </mem-info>
</gc-start>
<allocation-stats totalBytes="90045984" >
  <allocated-bytes non-tlh="0" tlh="90045984" arrayletleaf="0"/>
  <largest-consumer threadName="main" threadId="0000000001F80F00" bytes="90045984" />
</allocation-stats>
<gc-op id="2908" type="copy forward" timems="11.252" contextid="2905" timestamp="2019-08-08T19:54:16.040">
  <memory-copied type="eden" objects="31" bytes="912" bytesdiscarded="600" />
  <memory-copied type="other" objects="18" bytes="432" bytesdiscarded="672" />
  <memory-cardclean objects="104" bytes="3240" />
  <regions eden="43" other="2" />
  <remembered-set-cleared processed="157" cleared="13" durationms="0.168" />
  <stringconstants candidates="13816" cleared="0"  />
</gc-op>
<gc-op id="2909" type="classunload" timems="0.009" contextid="2905" timestamp="2019-08-08T19:54:16.040">
  <classunload-info classloadercandidates="54" classloadersunloaded="0" classesunloaded="0" anonymousclassesunloaded="0" quiescems="0.000" setupms="0.008" scanms="0.000" postms="0.000" />
</gc-op>
<gc-end id="2910" type="partial gc" contextid="2905" durationms="12.328" usertimems="31.014" systemtimems="0.000" timestamp="2019-08-08T19:54:16.040" activeThreads="16">
  <mem-info id="2911" free="197132288" total="331350016" percent="59">
    <mem type="eden" free="2095640" total="2097152" percent="99" />
    <remembered-set count="4704" freebytes="13227904" totalbytes="13246720" percent="99" regionsoverflowed="0" regionsstable="10" regionsrebuilding="0"/>
  </mem-info>
</gc-end>
<cycle-end id="2912" type="partial gc" contextid="2905" timestamp="2019-08-08T19:54:16.040" />
  <attribute name="elasticGC enabled" value="1" />
  <attribute name= "numThreadsSpecified" value="16" />
  <attribute name="heapSize specified" value="0" />
  <attribute name="Current GC Util" value="0" />
  <attribute name= "Current Time Running" value="96910" />
  <attribute name ="GC Interval" value="0" />
  <attribute name="Target GC Util Change" value ="80.000000" />
  <attribute name="Current GC Util Change" value="0.000000"/>
  <attribute name="Current Error" value="59.000000" />
  <attribute name="Output H" value="331425768"/>
  <attribute name="Output I" value="2120"/>
  <attribute name="Output T" value="16"/>
  <attribute name= "Current Time Running" value="96910" />
  <attribute name="GC Util currently" value="0" />
  <attribute name="CPU Util currently" value="2698470355257" />
<exclusive-end id="2913" timestamp="2019-08-08T19:54:16.040" durationms="13.034" />

<exclusive-start id="2914" timestamp="2019-08-08T19:54:16.237" intervalms="210.113">
  <response-info timems="0.020" idlems="0.020" threads="0" lastid="0000000001F80F00" lastname="main" />
</exclusive-start>
<allocation-taxation id="2915" taxation-threshold="90177536" timestamp="2019-08-08T19:54:16.237" intervalms="210.111" />
<cycle-start id="2916" type="partial gc" contextid="0" timestamp="2019-08-08T19:54:16.237" intervalms="210.099" />
<gc-start id="2917" type="partial gc" contextid="2916" timestamp="2019-08-08T19:54:16.238">
  <mem-info id="2918" free="106954752" total="331350016" percent="32">
    <mem type="eden" free="0" total="90177536" percent="0" />
    <remembered-set count="4704" freebytes="13227904" totalbytes="13246720" percent="99" regionsoverflowed="0" regionsstable="10" regionsrebuilding="0"/>
  </mem-info>
</gc-start>
<allocation-stats totalBytes="90162584" >
  <allocated-bytes non-tlh="0" tlh="90162584" arrayletleaf="0"/>
  <largest-consumer threadName="main" threadId="0000000001F80F00" bytes="90162584" />
</allocation-stats>
<gc-op id="2919" type="copy forward" timems="10.090" contextid="2916" timestamp="2019-08-08T19:54:16.249">
  <memory-copied type="eden" objects="25" bytes="912" bytesdiscarded="0" />
  <memory-copied type="other" objects="18" bytes="432" bytesdiscarded="1248" />
  <memory-cardclean objects="74" bytes="2456" />
  <regions eden="43" other="2" />
  <remembered-set-cleared processed="162" cleared="10" durationms="0.146" />
  <stringconstants candidates="13816" cleared="0"  />
</gc-op>
<gc-op id="2920" type="classunload" timems="0.008" contextid="2916" timestamp="2019-08-08T19:54:16.249">
  <classunload-info classloadercandidates="54" classloadersunloaded="0" classesunloaded="0" anonymousclassesunloaded="0" quiescems="0.000" setupms="0.008" scanms="0.000" postms="0.000" />
</gc-op>
<gc-end id="2921" type="partial gc" contextid="2916" durationms="11.513" usertimems="24.929" systemtimems="0.000" timestamp="2019-08-08T19:54:16.249" activeThreads="16">
  <mem-info id="2922" free="195035136" total="331350016" percent="58">
    <mem type="eden" free="2096240" total="2097152" percent="99" />
    <remembered-set count="4448" freebytes="13228928" totalbytes="13246720" percent="99" regionsoverflowed="0" regionsstable="10" regionsrebuilding="0"/>
  </mem-info>
</gc-end>
<cycle-end id="2923" type="partial gc" contextid="2916" timestamp="2019-08-08T19:54:16.249" />
  <attribute name="elasticGC enabled" value="1" />
  <attribute name= "numThreadsSpecified" value="16" />
  <attribute name="heapSize specified" value="0" />
  <attribute name="Current GC Util" value="145" />
  <attribute name= "Current Time Running" value="97120" />
  <attribute name ="GC Interval" value="0" />
  <attribute name="Target GC Util Change" value ="80.000000" />
  <attribute name="Current GC Util Change" value="145.000000"/>
  <attribute name="Current Error" value="60.000000" />
  <attribute name="Output H" value="331425768"/>
  <attribute name="Output I" value="2120"/>
  <attribute name="Output T" value="16"/>
  <attribute name= "Current Time Running" value="97120" />
  <attribute name="GC Util currently" value="145" />
  <attribute name="CPU Util currently" value="1904349015276" />
<exclusive-end id="2924" timestamp="2019-08-08T19:54:16.249" durationms="12.221" />

<exclusive-start id="2925" timestamp="2019-08-08T19:54:16.456" intervalms="218.879">
  <response-info timems="0.022" idlems="0.022" threads="0" lastid="0000000001F80F00" lastname="main" />
</exclusive-start>
<allocation-taxation id="2926" taxation-threshold="90177536" timestamp="2019-08-08T19:54:16.456" intervalms="218.889" />
<cycle-start id="2927" type="partial gc" contextid="0" timestamp="2019-08-08T19:54:16.456" intervalms="218.838" />
<gc-start id="2928" type="partial gc" contextid="2927" timestamp="2019-08-08T19:54:16.456">
  <mem-info id="2929" free="104857600" total="331350016" percent="31">
    <mem type="eden" free="0" total="90177536" percent="0" />
    <remembered-set count="4000" freebytes="13230720" totalbytes="13246720" percent="99" regionsoverflowed="0" regionsstable="10" regionsrebuilding="0"/>
  </mem-info>
</gc-start>
<allocation-stats totalBytes="90160960" >
  <allocated-bytes non-tlh="0" tlh="90160960" arrayletleaf="0"/>
  <largest-consumer threadName="main" threadId="0000000001F80F00" bytes="90160960" />
</allocation-stats>
<gc-op id="2930" type="copy forward" timems="8.007" contextid="2927" timestamp="2019-08-08T19:54:16.465">
  <memory-copied type="eden" objects="5" bytes="216" bytesdiscarded="0" />
  <memory-copied type="other" objects="32" bytes="960" bytesdiscarded="2016" />
  <memory-cardclean objects="56" bytes="2104" />
  <regions eden="43" other="2" />
  <remembered-set-cleared processed="164" cleared="9" durationms="0.155" />
  <stringconstants candidates="13816" cleared="0"  />
</gc-op>
<gc-op id="2931" type="classunload" timems="0.009" contextid="2927" timestamp="2019-08-08T19:54:16.465">
  <classunload-info classloadercandidates="54" classloadersunloaded="0" classesunloaded="0" anonymousclassesunloaded="0" quiescems="0.000" setupms="0.008" scanms="0.000" postms="0.000" />
</gc-op>
<gc-end id="2932" type="partial gc" contextid="2927" durationms="9.303" usertimems="21.649" systemtimems="0.000" timestamp="2019-08-08T19:54:16.466" activeThreads="16">
  <mem-info id="2933" free="192937984" total="331350016" percent="58">
    <mem type="eden" free="2096936" total="2097152" percent="99" />
    <remembered-set count="5056" freebytes="13226496" totalbytes="13246720" percent="99" regionsoverflowed="0" regionsstable="10" regionsrebuilding="0"/>
  </mem-info>
</gc-end>
<cycle-end id="2934" type="partial gc" contextid="2927" timestamp="2019-08-08T19:54:16.466" />
  <attribute name="elasticGC enabled" value="1" />
  <attribute name= "numThreadsSpecified" value="16" />
  <attribute name="heapSize specified" value="0" />
  <attribute name="Current GC Util" value="141" />
  <attribute name= "Current Time Running" value="97339" />
  <attribute name ="GC Interval" value="0" />
  <attribute name="Target GC Util Change" value ="80.000000" />
  <attribute name="Current GC Util Change" value="141.000000"/>
  <attribute name="Current Error" value="-61.000000" />
  <attribute name="Output H" value="331425632"/>
  <attribute name="Output I" value="1904"/>
  <attribute name="Output T" value="16"/>
  <attribute name= "Current Time Running" value="97339" />
  <attribute name="GC Util currently" value="141" />
  <attribute name="CPU Util currently" value="1406241869252" />
<exclusive-end id="2935" timestamp="2019-08-08T19:54:16.466" durationms="9.920" />

<exclusive-start id="2936" timestamp="2019-08-08T19:54:16.573" intervalms="117.200">
  <response-info timems="0.026" idlems="0.026" threads="0" lastid="0000000001F80F00" lastname="main" />
</exclusive-start>
<allocation-taxation id="2937" taxation-threshold="90177536" timestamp="2019-08-08T19:54:16.573" intervalms="117.191" />
<cycle-start id="2938" type="partial gc" contextid="0" timestamp="2019-08-08T19:54:16.573" intervalms="117.231" />
<gc-start id="2939" type="partial gc" contextid="2938" timestamp="2019-08-08T19:54:16.574">
  <mem-info id="2940" free="102760448" total="331350016" percent="31">
    <mem type="eden" free="2096936" total="92274688" percent="2" />
    <remembered-set count="4576" freebytes="13228416" totalbytes="13246720" percent="99" regionsoverflowed="0" regionsstable="10" regionsrebuilding="0"/>
  </mem-info>
</gc-start>
<allocation-stats totalBytes="90097448" >
  <allocated-bytes non-tlh="0" tlh="90097448" arrayletleaf="0"/>
  <largest-consumer threadName="main" threadId="0000000001F80F00" bytes="90097448" />
</allocation-stats>
<gc-op id="2941" type="copy forward" timems="8.530" contextid="2938" timestamp="2019-08-08T19:54:16.583">
  <memory-copied type="eden" objects="25" bytes="1328" bytesdiscarded="672" />
  <memory-copied type="other" objects="6" bytes="144" bytesdiscarded="0" />
  <memory-cardclean objects="65" bytes="2120" />
  <regions eden="43" other="2" />
  <remembered-set-cleared processed="167" cleared="9" durationms="0.179" />
  <stringconstants candidates="13816" cleared="0"  />
</gc-op>
<gc-op id="2942" type="classunload" timems="0.007" contextid="2938" timestamp="2019-08-08T19:54:16.583">
  <classunload-info classloadercandidates="54" classloadersunloaded="0" classesunloaded="0" anonymousclassesunloaded="0" quiescems="0.000" setupms="0.007" scanms="0.000" postms="0.000" />
</gc-op>
<gc-end id="2943" type="partial gc" contextid="2938" durationms="9.625" usertimems="23.063" systemtimems="0.000" timestamp="2019-08-08T19:54:16.583" activeThreads="16">
  <mem-info id="2944" free="192937984" total="331350016" percent="58">
    <mem type="eden" free="2095152" total="2097152" percent="99" />
    <remembered-set count="5184" freebytes="13225984" totalbytes="13246720" percent="99" regionsoverflowed="0" regionsstable="10" regionsrebuilding="0"/>
  </mem-info>
</gc-end>
<cycle-end id="2945" type="partial gc" contextid="2938" timestamp="2019-08-08T19:54:16.583" />
  <attribute name="elasticGC enabled" value="1" />
  <attribute name= "numThreadsSpecified" value="16" />
  <attribute name="heapSize specified" value="0" />
  <attribute name="Current GC Util" value="150" />
  <attribute name= "Current Time Running" value="97456" />
  <attribute name ="GC Interval" value="0" />
  <attribute name="Target GC Util Change" value ="80.000000" />
  <attribute name="Current GC Util Change" value="150.000000"/>
  <attribute name="Current Error" value="-68.000000" />
  <attribute name="Output H" value="331425624"/>
  <attribute name="Output I" value="1888"/>
  <attribute name="Output T" value="16"/>
  <attribute name= "Current Time Running" value="97456" />
  <attribute name="GC Util currently" value="150" />
  <attribute name="CPU Util currently" value="2157332170935" />
<exclusive-end id="2946" timestamp="2019-08-08T19:54:16.583" durationms="10.257" />

<exclusive-start id="2947" timestamp="2019-08-08T19:54:16.614" intervalms="41.155">
  <response-info timems="0.020" idlems="0.020" threads="0" lastid="0000000001F80F00" lastname="main" />
</exclusive-start>
<allocation-taxation id="2948" taxation-threshold="90177536" timestamp="2019-08-08T19:54:16.614" intervalms="41.154" />
<cycle-start id="2949" type="partial gc" contextid="0" timestamp="2019-08-08T19:54:16.614" intervalms="41.137" />
<gc-start id="2950" type="partial gc" contextid="2949" timestamp="2019-08-08T19:54:16.615">
  <mem-info id="2951" free="102760448" total="331350016" percent="31">
    <mem type="eden" free="0" total="90177536" percent="0" />
    <remembered-set count="4704" freebytes="13227904" totalbytes="13246720" percent="99" regionsoverflowed="0" regionsstable="10" regionsrebuilding="0"/>
  </mem-info>
</gc-start>
<allocation-stats totalBytes="90052464" >
  <allocated-bytes non-tlh="0" tlh="90052464" arrayletleaf="0"/>
  <largest-consumer threadName="main" threadId="0000000001F80F00" bytes="90052464" />
</allocation-stats>
<gc-op id="2952" type="copy forward" timems="7.443" contextid="2949" timestamp="2019-08-08T19:54:16.623">
  <memory-copied type="eden" objects="4" bytes="112" bytesdiscarded="680" />
  <memory-copied type="other" objects="27" bytes="1360" bytesdiscarded="1920" />
  <memory-cardclean objects="55" bytes="1960" />
  <regions eden="43" other="2" />
  <remembered-set-cleared processed="167" cleared="9" durationms="0.127" />
  <stringconstants candidates="13816" cleared="0"  />
</gc-op>
<gc-op id="2953" type="classunload" timems="0.006" contextid="2949" timestamp="2019-08-08T19:54:16.623">
  <classunload-info classloadercandidates="54" classloadersunloaded="0" classesunloaded="0" anonymousclassesunloaded="0" quiescems="0.000" setupms="0.006" scanms="0.000" postms="0.000" />
</gc-op>
<gc-end id="2954" type="partial gc" contextid="2949" durationms="8.680" usertimems="20.017" systemtimems="0.000" timestamp="2019-08-08T19:54:16.623" activeThreads="16">
  <mem-info id="2955" free="190840832" total="331350016" percent="57">
    <mem type="eden" free="2096360" total="2097152" percent="99" />
    <remembered-set count="5696" freebytes="13223936" totalbytes="13246720" percent="99" regionsoverflowed="0" regionsstable="10" regionsrebuilding="0"/>
  </mem-info>
</gc-end>
<cycle-end id="2956" type="partial gc" contextid="2949" timestamp="2019-08-08T19:54:16.624" />
  <attribute name="elasticGC enabled" value="1" />
  <attribute name= "numThreadsSpecified" value="16" />
  <attribute name="heapSize specified" value="0" />
  <attribute name="Current GC Util" value="110" />
  <attribute name= "Current Time Running" value="97497" />
  <attribute name ="GC Interval" value="0" />
  <attribute name="Target GC Util Change" value ="80.000000" />
  <attribute name="Current GC Util Change" value="110.000000"/>
  <attribute name="Current Error" value="-73.000000" />
  <attribute name="Output H" value="331425616"/>
  <attribute name="Output I" value="1880"/>
  <attribute name="Output T" value="16"/>
  <attribute name= "Current Time Running" value="97497" />
  <attribute name="GC Util currently" value="110" />
  <attribute name="CPU Util currently" value="1607793600803" />
<exclusive-end id="2957" timestamp="2019-08-08T19:54:16.624" durationms="9.310" />

* Round 3 done in 3.469 seconds.
<exclusive-start id="2958" timestamp="2019-08-08T19:54:16.692" intervalms="77.768">
  <response-info timems="0.018" idlems="0.018" threads="0" lastid="0000000001F80F00" lastname="main" />
</exclusive-start>
<allocation-taxation id="2959" taxation-threshold="90177536" timestamp="2019-08-08T19:54:16.692" intervalms="77.775" />
<cycle-start id="2960" type="partial gc" contextid="0" timestamp="2019-08-08T19:54:16.692" intervalms="77.821" />
<gc-start id="2961" type="partial gc" contextid="2960" timestamp="2019-08-08T19:54:16.693">
  <mem-info id="2962" free="100663296" total="331350016" percent="30">
    <mem type="eden" free="2096360" total="92274688" percent="2" />
    <remembered-set count="5216" freebytes="13225856" totalbytes="13246720" percent="99" regionsoverflowed="0" regionsstable="10" regionsrebuilding="0"/>
  </mem-info>
</gc-start>
<allocation-stats totalBytes="90117304" >
  <allocated-bytes non-tlh="0" tlh="90117304" arrayletleaf="0"/>
  <largest-consumer threadName="main" threadId="0000000001F80F00" bytes="90117304" />
</allocation-stats>
<gc-op id="2963" type="copy forward" timems="7.889" contextid="2960" timestamp="2019-08-08T19:54:16.702">
  <memory-copied type="eden" objects="36" bytes="1248" bytesdiscarded="0" />
  <memory-copied type="other" objects="6" bytes="144" bytesdiscarded="720" />
  <memory-cardclean objects="136" bytes="4536" />
  <regions eden="43" other="2" />
  <remembered-set-cleared processed="169" cleared="12" durationms="0.144" />
  <stringconstants candidates="13816" cleared="0"  />
</gc-op>
<gc-op id="2964" type="classunload" timems="0.008" contextid="2960" timestamp="2019-08-08T19:54:16.702">
  <classunload-info classloadercandidates="54" classloadersunloaded="0" classesunloaded="0" anonymousclassesunloaded="0" quiescems="0.000" setupms="0.007" scanms="0.000" postms="0.000" />
</gc-op>
<gc-end id="2965" type="partial gc" contextid="2960" durationms="9.301" usertimems="22.387" systemtimems="0.000" timestamp="2019-08-08T19:54:16.702" activeThreads="16">
  <mem-info id="2966" free="190840832" total="331350016" percent="57">
    <mem type="eden" free="2095904" total="2097152" percent="99" />
    <remembered-set count="5248" freebytes="13225728" totalbytes="13246720" percent="99" regionsoverflowed="0" regionsstable="10" regionsrebuilding="0"/>
  </mem-info>
</gc-end>
<cycle-end id="2967" type="partial gc" contextid="2960" timestamp="2019-08-08T19:54:16.702" />
  <attribute name="elasticGC enabled" value="1" />
  <attribute name= "numThreadsSpecified" value="16" />
  <attribute name="heapSize specified" value="0" />
  <attribute name="Current GC Util" value="75" />
  <attribute name= "Current Time Running" value="97576" />
  <attribute name ="GC Interval" value="0" />
  <attribute name="Target GC Util Change" value ="80.000000" />
  <attribute name="Current GC Util Change" value="75.000000"/>
  <attribute name="Current Error" value="5.000000" />
  <attribute name="Output H" value="331425704"/>
  <attribute name="Output I" value="2016"/>
  <attribute name="Output T" value="16"/>
  <attribute name= "Current Time Running" value="97576" />
  <attribute name="GC Util currently" value="75" />
  <attribute name="CPU Util currently" value="1554774762817" />
<exclusive-end id="2968" timestamp="2019-08-08T19:54:16.702" durationms="10.065" />

<exclusive-start id="2969" timestamp="2019-08-08T19:54:16.930" intervalms="237.891">
  <response-info timems="0.024" idlems="0.024" threads="0" lastid="0000000001F80F00" lastname="main" />
</exclusive-start>
<allocation-taxation id="2970" taxation-threshold="90177536" timestamp="2019-08-08T19:54:16.930" intervalms="237.889" />
<cycle-start id="2971" type="partial gc" contextid="0" timestamp="2019-08-08T19:54:16.930" intervalms="237.823" />
<gc-start id="2972" type="partial gc" contextid="2971" timestamp="2019-08-08T19:54:16.930">
  <mem-info id="2973" free="100663296" total="331350016" percent="30">
    <mem type="eden" free="0" total="90177536" percent="0" />
    <remembered-set count="4768" freebytes="13227648" totalbytes="13246720" percent="99" regionsoverflowed="0" regionsstable="10" regionsrebuilding="0"/>
  </mem-info>
</gc-start>
<allocation-stats totalBytes="89886584" >
  <allocated-bytes non-tlh="0" tlh="89886584" arrayletleaf="0"/>
  <largest-consumer threadName="main" threadId="0000000001F80F00" bytes="89886584" />
</allocation-stats>
<gc-op id="2974" type="copy forward" timems="10.401" contextid="2971" timestamp="2019-08-08T19:54:16.942">
  <memory-copied type="eden" objects="69" bytes="2928" bytesdiscarded="360" />
  <memory-copied type="other" objects="25" bytes="800" bytesdiscarded="720" />
  <memory-cardclean objects="151" bytes="4544" />
  <regions eden="43" other="2" />
  <remembered-set-cleared processed="170" cleared="15" durationms="0.853" />
  <stringconstants candidates="13816" cleared="0"  />
</gc-op>
<gc-op id="2975" type="classunload" timems="0.008" contextid="2971" timestamp="2019-08-08T19:54:16.942">
  <classunload-info classloadercandidates="54" classloadersunloaded="0" classesunloaded="0" anonymousclassesunloaded="0" quiescems="0.000" setupms="0.008" scanms="0.000" postms="0.000" />
</gc-op>
<gc-end id="2976" type="partial gc" contextid="2971" durationms="11.673" usertimems="32.280" systemtimems="0.000" timestamp="2019-08-08T19:54:16.942" activeThreads="16">
  <mem-info id="2977" free="188743680" total="331350016" percent="56">
    <mem type="eden" free="2093864" total="2097152" percent="99" />
    <remembered-set count="4704" freebytes="13227904" totalbytes="13246720" percent="99" regionsoverflowed="0" regionsstable="10" regionsrebuilding="0"/>
  </mem-info>
</gc-end>
<cycle-end id="2978" type="partial gc" contextid="2971" timestamp="2019-08-08T19:54:16.942" />
  <attribute name="elasticGC enabled" value="1" />
  <attribute name= "numThreadsSpecified" value="16" />
  <attribute name="heapSize specified" value="0" />
  <attribute name="Current GC Util" value="132" />
  <attribute name= "Current Time Running" value="97813" />
  <attribute name ="GC Interval" value="0" />
  <attribute name="Target GC Util Change" value ="80.000000" />
  <attribute name="Current GC Util Change" value="132.000000"/>
  <attribute name="Current Error" value="24.000000" />
  <attribute name="Output H" value="331425728"/>
  <attribute name="Output I" value="2056"/>
  <attribute name="Output T" value="16"/>
  <attribute name= "Current Time Running" value="97813" />
  <attribute name="GC Util currently" value="132" />
  <attribute name="CPU Util currently" value="1718469903676" />
<exclusive-end id="2979" timestamp="2019-08-08T19:54:16.942" durationms="12.220" />

<exclusive-start id="2980" timestamp="2019-08-08T19:54:16.974" intervalms="44.113">
  <response-info timems="0.014" idlems="0.014" threads="0" lastid="0000000001F80F00" lastname="main" />
</exclusive-start>
<allocation-taxation id="2981" taxation-threshold="90177536" timestamp="2019-08-08T19:54:16.974" intervalms="44.109" />
<cycle-start id="2982" type="partial gc" contextid="0" timestamp="2019-08-08T19:54:16.974" intervalms="44.134" />
<gc-start id="2983" type="partial gc" contextid="2982" timestamp="2019-08-08T19:54:16.975">
  <mem-info id="2984" free="98566144" total="331350016" percent="29">
    <mem type="eden" free="0" total="90177536" percent="0" />
    <remembered-set count="4448" freebytes="13228928" totalbytes="13246720" percent="99" regionsoverflowed="0" regionsstable="10" regionsrebuilding="0"/>
  </mem-info>
</gc-start>
<allocation-stats totalBytes="89878616" >
  <allocated-bytes non-tlh="0" tlh="89878616" arrayletleaf="0"/>
  <largest-consumer threadName="main" threadId="0000000001F80F00" bytes="89878616" />
</allocation-stats>
<gc-op id="2985" type="copy forward" timems="8.430" contextid="2982" timestamp="2019-08-08T19:54:16.984">
  <memory-copied type="eden" objects="2" bytes="56" bytesdiscarded="736" />
  <memory-copied type="other" objects="86" bytes="3528" bytesdiscarded="1328" />
  <memory-cardclean objects="113" bytes="3664" />
  <regions eden="43" other="2" />
  <remembered-set-cleared processed="171" cleared="7" durationms="0.157" />
  <stringconstants candidates="13816" cleared="0"  />
</gc-op>
<gc-op id="2986" type="classunload" timems="0.010" contextid="2982" timestamp="2019-08-08T19:54:16.984">
  <classunload-info classloadercandidates="54" classloadersunloaded="0" classesunloaded="0" anonymousclassesunloaded="0" quiescems="0.000" setupms="0.010" scanms="0.000" postms="0.000" />
</gc-op>
<gc-end id="2987" type="partial gc" contextid="2982" durationms="9.977" usertimems="21.657" systemtimems="0.000" timestamp="2019-08-08T19:54:16.985" activeThreads="16">
  <mem-info id="2988" free="186646528" total="331350016" percent="56">
    <mem type="eden" free="2096360" total="2097152" percent="99" />
    <remembered-set count="5920" freebytes="13223040" totalbytes="13246720" percent="99" regionsoverflowed="0" regionsstable="10" regionsrebuilding="0"/>
  </mem-info>
</gc-end>
<cycle-end id="2989" type="partial gc" contextid="2982" timestamp="2019-08-08T19:54:16.985" />
  <attribute name="elasticGC enabled" value="1" />
  <attribute name= "numThreadsSpecified" value="16" />
  <attribute name="heapSize specified" value="0" />
  <attribute name="Current GC Util" value="154" />
  <attribute name= "Current Time Running" value="97857" />
  <attribute name ="GC Interval" value="0" />
  <attribute name="Target GC Util Change" value ="80.000000" />
  <attribute name="Current GC Util Change" value="154.000000"/>
  <attribute name="Current Error" value="-42.000000" />
  <attribute name="Output H" value="331425648"/>
  <attribute name="Output I" value="1936"/>
  <attribute name="Output T" value="16"/>
  <attribute name= "Current Time Running" value="97857" />
  <attribute name="GC Util currently" value="154" />
  <attribute name="CPU Util currently" value="1288046558482" />
<exclusive-end id="2990" timestamp="2019-08-08T19:54:16.985" durationms="10.651" />

<exclusive-start id="2991" timestamp="2019-08-08T19:54:17.017" intervalms="42.796">
  <response-info timems="0.019" idlems="0.019" threads="0" lastid="0000000001F80F00" lastname="main" />
</exclusive-start>
<allocation-taxation id="2992" taxation-threshold="90177536" timestamp="2019-08-08T19:54:17.017" intervalms="42.807" />
<cycle-start id="2993" type="partial gc" contextid="0" timestamp="2019-08-08T19:54:17.017" intervalms="42.865" />
<gc-start id="2994" type="partial gc" contextid="2993" timestamp="2019-08-08T19:54:17.017">
  <mem-info id="2995" free="96468992" total="331350016" percent="29">
    <mem type="eden" free="2096360" total="92274688" percent="2" />
    <remembered-set count="5440" freebytes="13224960" totalbytes="13246720" percent="99" regionsoverflowed="0" regionsstable="10" regionsrebuilding="0"/>
  </mem-info>
</gc-start>
<allocation-stats totalBytes="89878592" >
  <allocated-bytes non-tlh="0" tlh="89878592" arrayletleaf="0"/>
  <largest-consumer threadName="main" threadId="0000000001F80F00" bytes="89878592" />
</allocation-stats>
<gc-op id="2996" type="copy forward" timems="9.428" contextid="2993" timestamp="2019-08-08T19:54:17.028">
  <memory-copied type="eden" objects="2" bytes="56" bytesdiscarded="736" />
  <memory-copied type="other" objects="67" bytes="2872" bytesdiscarded="512" />
  <memory-cardclean objects="62" bytes="2144" />
  <regions eden="43" other="2" />
  <remembered-set-cleared processed="174" cleared="3" durationms="0.138" />
  <stringconstants candidates="13816" cleared="0"  />
</gc-op>
<gc-op id="2997" type="classunload" timems="0.009" contextid="2993" timestamp="2019-08-08T19:54:17.028">
  <classunload-info classloadercandidates="54" classloadersunloaded="0" classesunloaded="0" anonymousclassesunloaded="0" quiescems="0.000" setupms="0.009" scanms="0.000" postms="0.000" />
</gc-op>
<gc-end id="2998" type="partial gc" contextid="2993" durationms="10.804" usertimems="22.721" systemtimems="0.000" timestamp="2019-08-08T19:54:17.028" activeThreads="16">
  <mem-info id="2999" free="186646528" total="331350016" percent="56">
    <mem type="eden" free="2096360" total="2097152" percent="99" />
    <remembered-set count="5568" freebytes="13224448" totalbytes="13246720" percent="99" regionsoverflowed="0" regionsstable="10" regionsrebuilding="0"/>
  </mem-info>
</gc-end>
<cycle-end id="3000" type="partial gc" contextid="2993" timestamp="2019-08-08T19:54:17.028" />
  <attribute name="elasticGC enabled" value="1" />
  <attribute name= "numThreadsSpecified" value="16" />
  <attribute name="heapSize specified" value="0" />
  <attribute name="Current GC Util" value="152" />
  <attribute name= "Current Time Running" value="97900" />
  <attribute name ="GC Interval" value="0" />
  <attribute name="Target GC Util Change" value ="80.000000" />
  <attribute name="Current GC Util Change" value="152.000000"/>
  <attribute name="Current Error" value="-72.000000" />
  <attribute name="Output H" value="331425616"/>
  <attribute name="Output I" value="1880"/>
  <attribute name="Output T" value="16"/>
  <attribute name= "Current Time Running" value="97900" />
  <attribute name="GC Util currently" value="152" />
  <attribute name="CPU Util currently" value="2430129457027" />
<exclusive-end id="3001" timestamp="2019-08-08T19:54:17.028" durationms="11.582" />

<exclusive-start id="3002" timestamp="2019-08-08T19:54:17.061" intervalms="43.664">
  <response-info timems="0.016" idlems="0.016" threads="0" lastid="0000000001F80F00" lastname="main" />
</exclusive-start>
<allocation-taxation id="3003" taxation-threshold="90177536" timestamp="2019-08-08T19:54:17.061" intervalms="43.654" />
<cycle-start id="3004" type="partial gc" contextid="0" timestamp="2019-08-08T19:54:17.061" intervalms="43.615" />
<gc-start id="3005" type="partial gc" contextid="3004" timestamp="2019-08-08T19:54:17.061">
  <mem-info id="3006" free="96468992" total="331350016" percent="29">
    <mem type="eden" free="2096360" total="92274688" percent="2" />
    <remembered-set count="5088" freebytes="13226368" totalbytes="13246720" percent="99" regionsoverflowed="0" regionsstable="10" regionsrebuilding="0"/>
  </mem-info>
</gc-start>
<allocation-stats totalBytes="89878616" >
  <allocated-bytes non-tlh="0" tlh="89878616" arrayletleaf="0"/>
  <largest-consumer threadName="main" threadId="0000000001F80F00" bytes="89878616" />
</allocation-stats>
<gc-op id="3007" type="copy forward" timems="8.987" contextid="3004" timestamp="2019-08-08T19:54:17.071">
  <memory-copied type="eden" objects="2" bytes="56" bytesdiscarded="736" />
  <memory-copied type="other" objects="67" bytes="2872" bytesdiscarded="896" />
  <memory-cardclean objects="62" bytes="2144" />
  <regions eden="43" other="2" />
  <remembered-set-cleared processed="176" cleared="5" durationms="0.176" />
  <stringconstants candidates="13816" cleared="0"  />
</gc-op>
<gc-op id="3008" type="classunload" timems="0.008" contextid="3004" timestamp="2019-08-08T19:54:17.071">
  <classunload-info classloadercandidates="54" classloadersunloaded="0" classesunloaded="0" anonymousclassesunloaded="0" quiescems="0.000" setupms="0.008" scanms="0.000" postms="0.000" />
</gc-op>
<heap-resize id="3009" type="expand" space="default" amount="31457280" count="1" timems="0.237" reason="excessive time being spent in gc" timestamp="2019-08-08T19:54:17.072" />
<gc-end id="3010" type="partial gc" contextid="3004" durationms="10.517" usertimems="22.221" systemtimems="0.000" timestamp="2019-08-08T19:54:17.072" activeThreads="16">
  <mem-info id="3011" free="218103808" total="362807296" percent="60">
    <mem type="eden" free="2096360" total="2097152" percent="99" />
    <remembered-set count="5568" freebytes="14482048" totalbytes="14504320" percent="99" regionsoverflowed="0" regionsstable="10" regionsrebuilding="0"/>
  </mem-info>
</gc-end>
<cycle-end id="3012" type="partial gc" contextid="3004" timestamp="2019-08-08T19:54:17.072" />
  <attribute name="elasticGC enabled" value="1" />
  <attribute name= "numThreadsSpecified" value="16" />
  <attribute name="heapSize specified" value="0" />
  <attribute name="Current GC Util" value="112" />
  <attribute name= "Current Time Running" value="97944" />
  <attribute name ="GC Interval" value="0" />
  <attribute name="Target GC Util Change" value ="80.000000" />
  <attribute name="Current GC Util Change" value="112.000000"/>
  <attribute name="Current Error" value="-75.000000" />
  <attribute name="Output H" value="331425616"/>
  <attribute name="Output I" value="1880"/>
  <attribute name="Output T" value="16"/>
  <attribute name= "Current Time Running" value="97944" />
  <attribute name="GC Util currently" value="112" />
  <attribute name="CPU Util currently" value="1638391649026" />
<exclusive-end id="3013" timestamp="2019-08-08T19:54:17.072" durationms="11.388" />

<exclusive-start id="3014" timestamp="2019-08-08T19:54:17.107" intervalms="46.143">
  <response-info timems="0.017" idlems="0.017" threads="0" lastid="0000000001F80F00" lastname="main" />
</exclusive-start>
<allocation-taxation id="3015" taxation-threshold="96468992" timestamp="2019-08-08T19:54:17.107" intervalms="46.170" />
<cycle-start id="3016" type="partial gc" contextid="0" timestamp="2019-08-08T19:54:17.107" intervalms="46.201" />
<gc-start id="3017" type="partial gc" contextid="3016" timestamp="2019-08-08T19:54:17.107">
  <mem-info id="3018" free="121634816" total="362807296" percent="33">
    <mem type="eden" free="2096360" total="98566144" percent="2" />
    <remembered-set count="5088" freebytes="14483968" totalbytes="14504320" percent="99" regionsoverflowed="0" regionsstable="10" regionsrebuilding="0"/>
  </mem-info>
</gc-start>
<allocation-stats totalBytes="96149456" >
  <allocated-bytes non-tlh="0" tlh="96149456" arrayletleaf="0"/>
  <largest-consumer threadName="main" threadId="0000000001F80F00" bytes="96149456" />
</allocation-stats>
<gc-op id="3019" type="copy forward" timems="7.217" contextid="3016" timestamp="2019-08-08T19:54:17.115">
  <memory-copied type="eden" objects="2" bytes="56" bytesdiscarded="736" />
  <memory-copied type="other" objects="67" bytes="2872" bytesdiscarded="512" />
  <memory-cardclean objects="62" bytes="2144" />
  <regions eden="46" other="2" />
  <remembered-set-cleared processed="176" cleared="5" durationms="0.138" />
  <stringconstants candidates="13816" cleared="0"  />
</gc-op>
<gc-op id="3020" type="classunload" timems="0.007" contextid="3016" timestamp="2019-08-08T19:54:17.115">
  <classunload-info classloadercandidates="54" classloadersunloaded="0" classesunloaded="0" anonymousclassesunloaded="0" quiescems="0.000" setupms="0.007" scanms="0.000" postms="0.000" />
</gc-op>
<gc-end id="3021" type="partial gc" contextid="3016" durationms="8.408" usertimems="21.028" systemtimems="0.000" timestamp="2019-08-08T19:54:17.116" activeThreads="16">
  <mem-info id="3022" free="218103808" total="362807296" percent="60">
    <mem type="eden" free="2096360" total="2097152" percent="99" />
    <remembered-set count="5568" freebytes="14482048" totalbytes="14504320" percent="99" regionsoverflowed="0" regionsstable="10" regionsrebuilding="0"/>
  </mem-info>
</gc-end>
<cycle-end id="3023" type="partial gc" contextid="3016" timestamp="2019-08-08T19:54:17.116" />
  <attribute name="elasticGC enabled" value="1" />
  <attribute name= "numThreadsSpecified" value="16" />
  <attribute name="heapSize specified" value="0" />
  <attribute name="Current GC Util" value="124" />
  <attribute name= "Current Time Running" value="97990" />
  <attribute name ="GC Interval" value="0" />
  <attribute name="Target GC Util Change" value ="80.000000" />
  <attribute name="Current GC Util Change" value="124.000000"/>
  <attribute name="Current Error" value="-87.000000" />
  <attribute name="Output H" value="362882880"/>
  <attribute name="Output I" value="1856"/>
  <attribute name="Output T" value="16"/>
  <attribute name= "Current Time Running" value="97990" />
  <attribute name="GC Util currently" value="124" />
  <attribute name="CPU Util currently" value="1748891066476" />
<exclusive-end id="3024" timestamp="2019-08-08T19:54:17.116" durationms="9.141" />

<exclusive-start id="3025" timestamp="2019-08-08T19:54:17.150" intervalms="43.487">
  <response-info timems="0.019" idlems="0.019" threads="0" lastid="0000000001F80F00" lastname="main" />
</exclusive-start>
<allocation-taxation id="3026" taxation-threshold="96468992" timestamp="2019-08-08T19:54:17.150" intervalms="43.457" />
<cycle-start id="3027" type="partial gc" contextid="0" timestamp="2019-08-08T19:54:17.150" intervalms="43.438" />
<gc-start id="3028" type="partial gc" contextid="3027" timestamp="2019-08-08T19:54:17.151">
  <mem-info id="3029" free="121634816" total="362807296" percent="33">
    <mem type="eden" free="2096360" total="98566144" percent="2" />
    <remembered-set count="5088" freebytes="14483968" totalbytes="14504320" percent="99" regionsoverflowed="0" regionsstable="10" regionsrebuilding="0"/>
  </mem-info>
</gc-start>
<allocation-stats totalBytes="96149456" >
  <allocated-bytes non-tlh="0" tlh="96149456" arrayletleaf="0"/>
  <largest-consumer threadName="main" threadId="0000000001F80F00" bytes="96149456" />
</allocation-stats>
<gc-op id="3030" type="copy forward" timems="7.508" contextid="3027" timestamp="2019-08-08T19:54:17.159">
  <memory-copied type="eden" objects="2" bytes="56" bytesdiscarded="736" />
  <memory-copied type="other" objects="67" bytes="2872" bytesdiscarded="736" />
  <memory-cardclean objects="62" bytes="2144" />
  <regions eden="46" other="2" />
  <remembered-set-cleared processed="176" cleared="5" durationms="0.203" />
  <stringconstants candidates="13816" cleared="0"  />
</gc-op>
<gc-op id="3031" type="classunload" timems="0.007" contextid="3027" timestamp="2019-08-08T19:54:17.159">
  <classunload-info classloadercandidates="54" classloadersunloaded="0" classesunloaded="0" anonymousclassesunloaded="0" quiescems="0.000" setupms="0.007" scanms="0.000" postms="0.000" />
</gc-op>
<gc-end id="3032" type="partial gc" contextid="3027" durationms="8.729" usertimems="19.994" systemtimems="0.000" timestamp="2019-08-08T19:54:17.159" activeThreads="16">
  <mem-info id="3033" free="218103808" total="362807296" percent="60">
    <mem type="eden" free="2096360" total="2097152" percent="99" />
    <remembered-set count="5568" freebytes="14482048" totalbytes="14504320" percent="99" regionsoverflowed="0" regionsstable="10" regionsrebuilding="0"/>
  </mem-info>
</gc-end>
<cycle-end id="3034" type="partial gc" contextid="3027" timestamp="2019-08-08T19:54:17.159" />
  <attribute name="elasticGC enabled" value="1" />
  <attribute name= "numThreadsSpecified" value="16" />
  <attribute name="heapSize specified" value="0" />
  <attribute name="Current GC Util" value="110" />
  <attribute name= "Current Time Running" value="98033" />
  <attribute name ="GC Interval" value="0" />
  <attribute name="Target GC Util Change" value ="80.000000" />
  <attribute name="Current GC Util Change" value="110.000000"/>
  <attribute name="Current Error" value="-30.000000" />
  <attribute name="Output H" value="362882944"/>
  <attribute name="Output I" value="1960"/>
  <attribute name="Output T" value="16"/>
  <attribute name= "Current Time Running" value="98033" />
  <attribute name="GC Util currently" value="110" />
  <attribute name="CPU Util currently" value="1672350033248" />
<exclusive-end id="3035" timestamp="2019-08-08T19:54:17.160" durationms="9.400" />

<exclusive-start id="3036" timestamp="2019-08-08T19:54:17.197" intervalms="46.463">
  <response-info timems="0.018" idlems="0.018" threads="0" lastid="0000000001F80F00" lastname="main" />
</exclusive-start>
<allocation-taxation id="3037" taxation-threshold="96468992" timestamp="2019-08-08T19:54:17.197" intervalms="46.467" />
<cycle-start id="3038" type="partial gc" contextid="0" timestamp="2019-08-08T19:54:17.197" intervalms="46.465" />
<gc-start id="3039" type="partial gc" contextid="3038" timestamp="2019-08-08T19:54:17.197">
  <mem-info id="3040" free="121634816" total="362807296" percent="33">
    <mem type="eden" free="2096360" total="98566144" percent="2" />
    <remembered-set count="5088" freebytes="14483968" totalbytes="14504320" percent="99" regionsoverflowed="0" regionsstable="10" regionsrebuilding="0"/>
  </mem-info>
</gc-start>
<allocation-stats totalBytes="96075152" >
  <allocated-bytes non-tlh="0" tlh="96075152" arrayletleaf="0"/>
  <largest-consumer threadName="main" threadId="0000000001F80F00" bytes="96075152" />
</allocation-stats>
<gc-op id="3041" type="copy forward" timems="8.664" contextid="3038" timestamp="2019-08-08T19:54:17.207">
  <memory-copied type="eden" objects="26" bytes="1920" bytesdiscarded="816" />
  <memory-copied type="other" objects="48" bytes="1152" bytesdiscarded="384" />
  <memory-cardclean objects="101" bytes="3200" />
  <regions eden="46" other="2" />
  <remembered-set-cleared processed="174" cleared="10" durationms="0.162" />
  <stringconstants candidates="13816" cleared="0"  />
</gc-op>
<gc-op id="3042" type="classunload" timems="0.007" contextid="3038" timestamp="2019-08-08T19:54:17.207">
  <classunload-info classloadercandidates="54" classloadersunloaded="0" classesunloaded="0" anonymousclassesunloaded="0" quiescems="0.000" setupms="0.006" scanms="0.000" postms="0.000" />
</gc-op>
<gc-end id="3043" type="partial gc" contextid="3038" durationms="10.270" usertimems="24.002" systemtimems="0.000" timestamp="2019-08-08T19:54:17.207" activeThreads="16">
  <mem-info id="3044" free="218103808" total="362807296" percent="60">
    <mem type="eden" free="2094416" total="2097152" percent="99" />
    <remembered-set count="4832" freebytes="14484992" totalbytes="14504320" percent="99" regionsoverflowed="0" regionsstable="10" regionsrebuilding="0"/>
  </mem-info>
</gc-end>
<cycle-end id="3045" type="partial gc" contextid="3038" timestamp="2019-08-08T19:54:17.208" />
  <attribute name="elasticGC enabled" value="1" />
  <attribute name= "numThreadsSpecified" value="16" />
  <attribute name="heapSize specified" value="0" />
  <attribute name="Current GC Util" value="193" />
  <attribute name= "Current Time Running" value="98080" />
  <attribute name ="GC Interval" value="0" />
  <attribute name="Target GC Util Change" value ="80.000000" />
  <attribute name="Current GC Util Change" value="193.000000"/>
  <attribute name="Current Error" value="-105.000000" />
  <attribute name="Output H" value="362882856"/>
  <attribute name="Output I" value="1824"/>
  <attribute name="Output T" value="16"/>
  <attribute name= "Current Time Running" value="98080" />
  <attribute name="GC Util currently" value="193" />
  <attribute name="CPU Util currently" value="1070325508334" />
<exclusive-end id="3046" timestamp="2019-08-08T19:54:17.208" durationms="10.951" />

<exclusive-start id="3047" timestamp="2019-08-08T19:54:17.242" intervalms="45.332">
  <response-info timems="0.018" idlems="0.018" threads="0" lastid="0000000001F80F00" lastname="main" />
</exclusive-start>
<allocation-taxation id="3048" taxation-threshold="96468992" timestamp="2019-08-08T19:54:17.242" intervalms="45.340" />
<cycle-start id="3049" type="partial gc" contextid="0" timestamp="2019-08-08T19:54:17.242" intervalms="45.328" />
<gc-start id="3050" type="partial gc" contextid="3049" timestamp="2019-08-08T19:54:17.242">
  <mem-info id="3051" free="121634816" total="362807296" percent="33">
    <mem type="eden" free="0" total="96468992" percent="0" />
    <remembered-set count="4832" freebytes="14484992" totalbytes="14504320" percent="99" regionsoverflowed="0" regionsstable="10" regionsrebuilding="0"/>
  </mem-info>
</gc-start>
<allocation-stats totalBytes="95853016" >
  <allocated-bytes non-tlh="0" tlh="95853016" arrayletleaf="0"/>
  <largest-consumer threadName="main" threadId="0000000001F80F00" bytes="95853016" />
</allocation-stats>
<gc-op id="3052" type="copy forward" timems="8.136" contextid="3049" timestamp="2019-08-08T19:54:17.252">
  <memory-copied type="eden" objects="2" bytes="64" bytesdiscarded="0" />
  <memory-copied type="other" objects="73" bytes="3032" bytesdiscarded="1416" />
  <memory-cardclean objects="85" bytes="2944" />
  <regions eden="46" other="2" />
  <remembered-set-cleared processed="174" cleared="10" durationms="0.512" />
  <stringconstants candidates="13816" cleared="0"  />
</gc-op>
<gc-op id="3053" type="classunload" timems="0.010" contextid="3049" timestamp="2019-08-08T19:54:17.252">
  <classunload-info classloadercandidates="54" classloadersunloaded="0" classesunloaded="0" anonymousclassesunloaded="0" quiescems="0.000" setupms="0.010" scanms="0.000" postms="0.000" />
</gc-op>
<heap-resize id="3054" type="expand" space="default" amount="4194304" count="1" timems="0.085" reason="excessive time being spent in gc" timestamp="2019-08-08T19:54:17.252" />
<gc-end id="3055" type="partial gc" contextid="3049" durationms="9.589" usertimems="24.922" systemtimems="0.000" timestamp="2019-08-08T19:54:17.252" activeThreads="16">
  <mem-info id="3056" free="220200960" total="367001600" percent="60">
    <mem type="eden" free="2097088" total="2097152" percent="99" />
    <remembered-set count="5344" freebytes="14650624" totalbytes="14672000" percent="99" regionsoverflowed="0" regionsstable="10" regionsrebuilding="0"/>
  </mem-info>
</gc-end>
<cycle-end id="3057" type="partial gc" contextid="3049" timestamp="2019-08-08T19:54:17.252" />
  <attribute name="elasticGC enabled" value="1" />
  <attribute name= "numThreadsSpecified" value="16" />
  <attribute name="heapSize specified" value="0" />
  <attribute name="Current GC Util" value="133" />
  <attribute name= "Current Time Running" value="98125" />
  <attribute name ="GC Interval" value="0" />
  <attribute name="Target GC Util Change" value ="80.000000" />
  <attribute name="Current GC Util Change" value="133.000000"/>
  <attribute name="Current Error" value="-127.000000" />
  <attribute name="Output H" value="362882832"/>
  <attribute name="Output I" value="1784"/>
  <attribute name="Output T" value="16"/>
  <attribute name= "Current Time Running" value="98125" />
  <attribute name="GC Util currently" value="133" />
  <attribute name="CPU Util currently" value="1758791823587" />
<exclusive-end id="3058" timestamp="2019-08-08T19:54:17.252" durationms="10.253" />

<exclusive-start id="3059" timestamp="2019-08-08T19:54:17.288" intervalms="46.140">
  <response-info timems="0.017" idlems="0.017" threads="0" lastid="0000000001F80F00" lastname="main" />
</exclusive-start>
<allocation-taxation id="3060" taxation-threshold="98566144" timestamp="2019-08-08T19:54:17.288" intervalms="46.133" />
<cycle-start id="3061" type="partial gc" contextid="0" timestamp="2019-08-08T19:54:17.288" intervalms="46.118" />
<gc-start id="3062" type="partial gc" contextid="3061" timestamp="2019-08-08T19:54:17.289">
  <mem-info id="3063" free="121634816" total="367001600" percent="33">
    <mem type="eden" free="2097088" total="100663296" percent="2" />
    <remembered-set count="5056" freebytes="14651776" totalbytes="14672000" percent="99" regionsoverflowed="0" regionsstable="10" regionsrebuilding="0"/>
  </mem-info>
</gc-start>
<allocation-stats totalBytes="97948296" >
  <allocated-bytes non-tlh="0" tlh="97948296" arrayletleaf="0"/>
  <largest-consumer threadName="main" threadId="0000000001F80F00" bytes="97948296" />
</allocation-stats>
<gc-op id="3064" type="copy forward" timems="8.165" contextid="3061" timestamp="2019-08-08T19:54:17.298">
  <memory-copied type="eden" objects="2" bytes="64" bytesdiscarded="0" />
  <memory-copied type="other" objects="25" bytes="1880" bytesdiscarded="840" />
  <memory-cardclean objects="42" bytes="1728" />
  <regions eden="47" other="2" />
  <remembered-set-cleared processed="177" cleared="7" durationms="0.192" />
  <stringconstants candidates="13816" cleared="0"  />
</gc-op>
<gc-op id="3065" type="classunload" timems="0.009" contextid="3061" timestamp="2019-08-08T19:54:17.298">
  <classunload-info classloadercandidates="54" classloadersunloaded="0" classesunloaded="0" anonymousclassesunloaded="0" quiescems="0.000" setupms="0.009" scanms="0.000" postms="0.000" />
</gc-op>
<gc-end id="3066" type="partial gc" contextid="3061" durationms="9.679" usertimems="25.292" systemtimems="0.000" timestamp="2019-08-08T19:54:17.298" activeThreads="16">
  <mem-info id="3067" free="220200960" total="367001600" percent="60">
    <mem type="eden" free="2097088" total="2097152" percent="99" />
    <remembered-set count="4960" freebytes="14652160" totalbytes="14672000" percent="99" regionsoverflowed="0" regionsstable="10" regionsrebuilding="0"/>
  </mem-info>
</gc-end>
<cycle-end id="3068" type="partial gc" contextid="3061" timestamp="2019-08-08T19:54:17.298" />
  <attribute name="elasticGC enabled" value="1" />
  <attribute name= "numThreadsSpecified" value="16" />
  <attribute name="heapSize specified" value="0" />
  <attribute name="Current GC Util" value="233" />
  <attribute name= "Current Time Running" value="98171" />
  <attribute name ="GC Interval" value="0" />
  <attribute name="Target GC Util Change" value ="80.000000" />
  <attribute name="Current GC Util Change" value="233.000000"/>
  <attribute name="Current Error" value="-153.000000" />
  <attribute name="Output H" value="367077104"/>
  <attribute name="Output I" value="1736"/>
  <attribute name="Output T" value="16"/>
  <attribute name= "Current Time Running" value="98171" />
  <attribute name="GC Util currently" value="233" />
  <attribute name="CPU Util currently" value="1212764088354" />
<exclusive-end id="3069" timestamp="2019-08-08T19:54:17.298" durationms="10.282" />

<exclusive-start id="3070" timestamp="2019-08-08T19:54:17.334" intervalms="45.865">
  <response-info timems="0.018" idlems="0.018" threads="0" lastid="0000000001F80F00" lastname="main" />
</exclusive-start>
<allocation-taxation id="3071" taxation-threshold="98566144" timestamp="2019-08-08T19:54:17.334" intervalms="45.874" />
<cycle-start id="3072" type="partial gc" contextid="0" timestamp="2019-08-08T19:54:17.334" intervalms="45.896" />
<gc-start id="3073" type="partial gc" contextid="3072" timestamp="2019-08-08T19:54:17.334">
  <mem-info id="3074" free="121634816" total="367001600" percent="33">
    <mem type="eden" free="2097088" total="100663296" percent="2" />
    <remembered-set count="4608" freebytes="14653568" totalbytes="14672000" percent="99" regionsoverflowed="0" regionsstable="10" regionsrebuilding="0"/>
  </mem-info>
</gc-start>
<allocation-stats totalBytes="97949536" >
  <allocated-bytes non-tlh="0" tlh="97949536" arrayletleaf="0"/>
  <largest-consumer threadName="main" threadId="0000000001F80F00" bytes="97949536" />
</allocation-stats>
<gc-op id="3075" type="copy forward" timems="9.407" contextid="3072" timestamp="2019-08-08T19:54:17.345">
  <memory-copied type="eden" objects="2" bytes="64" bytesdiscarded="0" />
  <memory-copied type="other" objects="25" bytes="1880" bytesdiscarded="840" />
  <memory-cardclean objects="42" bytes="1728" />
  <regions eden="47" other="2" />
  <remembered-set-cleared processed="177" cleared="7" durationms="0.184" />
  <stringconstants candidates="13816" cleared="0"  />
</gc-op>
<gc-op id="3076" type="classunload" timems="0.008" contextid="3072" timestamp="2019-08-08T19:54:17.345">
  <classunload-info classloadercandidates="54" classloadersunloaded="0" classesunloaded="0" anonymousclassesunloaded="0" quiescems="0.000" setupms="0.008" scanms="0.000" postms="0.000" />
</gc-op>
<gc-end id="3077" type="partial gc" contextid="3072" durationms="10.937" usertimems="24.067" systemtimems="0.000" timestamp="2019-08-08T19:54:17.345" activeThreads="16">
  <mem-info id="3078" free="220200960" total="367001600" percent="60">
    <mem type="eden" free="2097088" total="2097152" percent="99" />
    <remembered-set count="5472" freebytes="14650112" totalbytes="14672000" percent="99" regionsoverflowed="0" regionsstable="10" regionsrebuilding="0"/>
  </mem-info>
</gc-end>
<cycle-end id="3079" type="partial gc" contextid="3072" timestamp="2019-08-08T19:54:17.346" />
  <attribute name="elasticGC enabled" value="1" />
  <attribute name= "numThreadsSpecified" value="16" />
  <attribute name="heapSize specified" value="0" />
  <attribute name="Current GC Util" value="263" />
  <attribute name= "Current Time Running" value="98217" />
  <attribute name ="GC Interval" value="0" />
  <attribute name="Target GC Util Change" value ="80.000000" />
  <attribute name="Current GC Util Change" value="263.000000"/>
  <attribute name="Current Error" value="-307.000000" />
  <attribute name="Output H" value="367076928"/>
  <attribute name="Output I" value="1464"/>
  <attribute name="Output T" value="16"/>
  <attribute name= "Current Time Running" value="98217" />
  <attribute name="GC Util currently" value="263" />
  <attribute name="CPU Util currently" value="1220105337312" />
<exclusive-end id="3080" timestamp="2019-08-08T19:54:17.346" durationms="11.635" />

<exclusive-start id="3081" timestamp="2019-08-08T19:54:17.451" intervalms="117.305">
  <response-info timems="0.017" idlems="0.017" threads="0" lastid="0000000001F80F00" lastname="main" />
</exclusive-start>
<allocation-taxation id="3082" taxation-threshold="98566144" timestamp="2019-08-08T19:54:17.451" intervalms="117.289" />
<cycle-start id="3083" type="partial gc" contextid="0" timestamp="2019-08-08T19:54:17.451" intervalms="117.279" />
<gc-start id="3084" type="partial gc" contextid="3083" timestamp="2019-08-08T19:54:17.452">
  <mem-info id="3085" free="121634816" total="367001600" percent="33">
    <mem type="eden" free="2097088" total="100663296" percent="2" />
    <remembered-set count="5472" freebytes="14650112" totalbytes="14672000" percent="99" regionsoverflowed="0" regionsstable="10" regionsrebuilding="0"/>
  </mem-info>
</gc-start>
<allocation-stats totalBytes="98544952" >
  <allocated-bytes non-tlh="0" tlh="98544952" arrayletleaf="0"/>
  <largest-consumer threadName="main" threadId="0000000001F80F00" bytes="98544952" />
</allocation-stats>
<gc-op id="3086" type="copy forward" timems="10.601" contextid="3083" timestamp="2019-08-08T19:54:17.464">
  <memory-copied type="eden" objects="238" bytes="7720" bytesdiscarded="2576" />
  <memory-copied type="other" objects="6" bytes="144" bytesdiscarded="0" />
  <memory-cardclean objects="104" bytes="11584" />
  <regions eden="47" other="2" />
  <remembered-set-cleared processed="177" cleared="16" durationms="0.147" />
  <references type="weak" candidates="37" cleared="0" enqueued="0" />
  <stringconstants candidates="13816" cleared="0"  />
</gc-op>
<gc-op id="3087" type="classunload" timems="0.008" contextid="3083" timestamp="2019-08-08T19:54:17.464">
  <classunload-info classloadercandidates="54" classloadersunloaded="0" classesunloaded="0" anonymousclassesunloaded="0" quiescems="0.000" setupms="0.008" scanms="0.000" postms="0.000" />
</gc-op>
<gc-end id="3088" type="partial gc" contextid="3083" durationms="12.711" usertimems="23.809" systemtimems="0.000" timestamp="2019-08-08T19:54:17.464" activeThreads="16">
  <mem-info id="3089" free="220200960" total="367001600" percent="60">
    <mem type="eden" free="2086808" total="2097152" percent="99" />
    <remembered-set count="5792" freebytes="14648832" totalbytes="14672000" percent="99" regionsoverflowed="0" regionsstable="10" regionsrebuilding="0"/>
  </mem-info>
</gc-end>
<cycle-end id="3090" type="partial gc" contextid="3083" timestamp="2019-08-08T19:54:17.464" />
  <attribute name="elasticGC enabled" value="1" />
  <attribute name= "numThreadsSpecified" value="16" />
  <attribute name="heapSize specified" value="0" />
  <attribute name="Current GC Util" value="192" />
  <attribute name= "Current Time Running" value="98335" />
  <attribute name ="GC Interval" value="0" />
  <attribute name="Target GC Util Change" value ="80.000000" />
  <attribute name="Current GC Util Change" value="192.000000"/>
  <attribute name="Current Error" value="-357.000000" />
  <attribute name="Output H" value="367076872"/>
  <attribute name="Output I" value="1376"/>
  <attribute name="Output T" value="16"/>
  <attribute name= "Current Time Running" value="98335" />
  <attribute name="GC Util currently" value="192" />
  <attribute name="CPU Util currently" value="713954871549" />
<exclusive-end id="3091" timestamp="2019-08-08T19:54:17.465" durationms="13.318" />

<exclusive-start id="3092" timestamp="2019-08-08T19:54:17.567" intervalms="115.925">
  <response-info timems="0.020" idlems="0.020" threads="0" lastid="0000000001F80F00" lastname="main" />
</exclusive-start>
<allocation-taxation id="3093" taxation-threshold="98566144" timestamp="2019-08-08T19:54:17.567" intervalms="115.929" />
<cycle-start id="3094" type="partial gc" contextid="0" timestamp="2019-08-08T19:54:17.567" intervalms="115.911" />
<gc-start id="3095" type="partial gc" contextid="3094" timestamp="2019-08-08T19:54:17.568">
  <mem-info id="3096" free="121634816" total="367001600" percent="33">
    <mem type="eden" free="0" total="98566144" percent="0" />
    <remembered-set count="5472" freebytes="14650112" totalbytes="14672000" percent="99" regionsoverflowed="0" regionsstable="10" regionsrebuilding="0"/>
  </mem-info>
</gc-start>
<allocation-stats totalBytes="98533256" >
  <allocated-bytes non-tlh="0" tlh="98533256" arrayletleaf="0"/>
  <largest-consumer threadName="main" threadId="0000000001F80F00" bytes="98533256" />
</allocation-stats>
<gc-op id="3097" type="copy forward" timems="7.134" contextid="3094" timestamp="2019-08-08T19:54:17.576">
  <memory-copied type="eden" objects="23" bytes="824" bytesdiscarded="672" />
  <memory-copied type="other" objects="114" bytes="3792" bytesdiscarded="1776" />
  <memory-cardclean objects="104" bytes="11760" />
  <regions eden="47" other="2" />
  <remembered-set-cleared processed="178" cleared="18" durationms="0.166" />
  <references type="weak" candidates="37" cleared="0" enqueued="0" />
  <stringconstants candidates="13816" cleared="0"  />
</gc-op>
<gc-op id="3098" type="classunload" timems="0.009" contextid="3094" timestamp="2019-08-08T19:54:17.576">
  <classunload-info classloadercandidates="54" classloadersunloaded="0" classesunloaded="0" anonymousclassesunloaded="0" quiescems="0.000" setupms="0.008" scanms="0.000" postms="0.000" />
</gc-op>
<gc-end id="3099" type="partial gc" contextid="3094" durationms="8.587" usertimems="18.326" systemtimems="0.000" timestamp="2019-08-08T19:54:17.576" activeThreads="16">
  <mem-info id="3100" free="218103808" total="367001600" percent="59">
    <mem type="eden" free="2095656" total="2097152" percent="99" />
    <remembered-set count="6272" freebytes="14646912" totalbytes="14672000" percent="99" regionsoverflowed="0" regionsstable="10" regionsrebuilding="0"/>
  </mem-info>
</gc-end>
<cycle-end id="3101" type="partial gc" contextid="3094" timestamp="2019-08-08T19:54:17.576" />
  <attribute name="elasticGC enabled" value="1" />
  <attribute name= "numThreadsSpecified" value="16" />
  <attribute name="heapSize specified" value="0" />
  <attribute name="Current GC Util" value="220" />
  <attribute name= "Current Time Running" value="98450" />
  <attribute name ="GC Interval" value="0" />
  <attribute name="Target GC Util Change" value ="80.000000" />
  <attribute name="Current GC Util Change" value="220.000000"/>
  <attribute name="Current Error" value="-140.000000" />
  <attribute name="Output H" value="367077120"/>
  <attribute name="Output I" value="1760"/>
  <attribute name="Output T" value="16"/>
  <attribute name= "Current Time Running" value="98450" />
  <attribute name="GC Util currently" value="220" />
  <attribute name="CPU Util currently" value="1284234426867" />
<exclusive-end id="3102" timestamp="2019-08-08T19:54:17.576" durationms="9.170" />

<exclusive-start id="3103" timestamp="2019-08-08T19:54:17.611" intervalms="43.275">
  <response-info timems="0.016" idlems="0.016" threads="0" lastid="0000000001F80F00" lastname="main" />
</exclusive-start>
<allocation-taxation id="3104" taxation-threshold="98566144" timestamp="2019-08-08T19:54:17.611" intervalms="43.278" />
<cycle-start id="3105" type="partial gc" contextid="0" timestamp="2019-08-08T19:54:17.611" intervalms="43.312" />
<gc-start id="3106" type="partial gc" contextid="3105" timestamp="2019-08-08T19:54:17.611">
  <mem-info id="3107" free="119537664" total="367001600" percent="32">
    <mem type="eden" free="0" total="98566144" percent="0" />
    <remembered-set count="6272" freebytes="14646912" totalbytes="14672000" percent="99" regionsoverflowed="0" regionsstable="10" regionsrebuilding="0"/>
  </mem-info>
</gc-start>
<allocation-stats totalBytes="98515928" >
  <allocated-bytes non-tlh="0" tlh="98515928" arrayletleaf="0"/>
  <largest-consumer threadName="main" threadId="0000000001F80F00" bytes="98515928" />
</allocation-stats>
<gc-op id="3108" type="copy forward" timems="7.521" contextid="3105" timestamp="2019-08-08T19:54:17.620">
  <memory-copied type="eden" objects="6" bytes="400" bytesdiscarded="0" />
  <memory-copied type="other" objects="125" bytes="4200" bytesdiscarded="1696" />
  <memory-cardclean objects="80" bytes="11072" />
  <regions eden="47" other="2" />
  <remembered-set-cleared processed="180" cleared="17" durationms="0.144" />
  <references type="weak" candidates="37" cleared="0" enqueued="0" />
  <stringconstants candidates="13816" cleared="0"  />
</gc-op>
<gc-op id="3109" type="classunload" timems="0.006" contextid="3105" timestamp="2019-08-08T19:54:17.620">
  <classunload-info classloadercandidates="54" classloadersunloaded="0" classesunloaded="0" anonymousclassesunloaded="0" quiescems="0.000" setupms="0.005" scanms="0.000" postms="0.000" />
</gc-op>
<gc-end id="3110" type="partial gc" contextid="3105" durationms="8.763" usertimems="20.849" systemtimems="0.000" timestamp="2019-08-08T19:54:17.620" activeThreads="16">
  <mem-info id="3111" free="216006656" total="367001600" percent="58">
    <mem type="eden" free="2096752" total="2097152" percent="99" />
    <remembered-set count="6368" freebytes="14646528" totalbytes="14672000" percent="99" regionsoverflowed="0" regionsstable="10" regionsrebuilding="0"/>
  </mem-info>
</gc-end>
<cycle-end id="3112" type="partial gc" contextid="3105" timestamp="2019-08-08T19:54:17.620" />
  <attribute name="elasticGC enabled" value="1" />
  <attribute name= "numThreadsSpecified" value="16" />
  <attribute name="heapSize specified" value="0" />
  <attribute name="Current GC Util" value="143" />
  <attribute name= "Current Time Running" value="98494" />
  <attribute name ="GC Interval" value="0" />
  <attribute name="Target GC Util Change" value ="80.000000" />
  <attribute name="Current GC Util Change" value="143.000000"/>
  <attribute name="Current Error" value="-161.000000" />
  <attribute name="Output H" value="367077096"/>
  <attribute name="Output I" value="1728"/>
  <attribute name="Output T" value="16"/>
  <attribute name= "Current Time Running" value="98494" />
  <attribute name="GC Util currently" value="143" />
  <attribute name="CPU Util currently" value="1724059152284" />
<exclusive-end id="3113" timestamp="2019-08-08T19:54:17.620" durationms="9.486" />

<exclusive-start id="3114" timestamp="2019-08-08T19:54:17.655" intervalms="44.199">
  <response-info timems="0.016" idlems="0.016" threads="0" lastid="0000000001F80F00" lastname="main" />
</exclusive-start>
<allocation-taxation id="3115" taxation-threshold="98566144" timestamp="2019-08-08T19:54:17.655" intervalms="44.195" />
<cycle-start id="3116" type="partial gc" contextid="0" timestamp="2019-08-08T19:54:17.655" intervalms="44.167" />
<gc-start id="3117" type="partial gc" contextid="3116" timestamp="2019-08-08T19:54:17.655">
  <mem-info id="3118" free="117440512" total="367001600" percent="32">
    <mem type="eden" free="2096752" total="100663296" percent="2" />
    <remembered-set count="5952" freebytes="14648192" totalbytes="14672000" percent="99" regionsoverflowed="0" regionsstable="10" regionsrebuilding="0"/>
  </mem-info>
</gc-start>
<allocation-stats totalBytes="98512800" >
  <allocated-bytes non-tlh="0" tlh="98512800" arrayletleaf="0"/>
  <largest-consumer threadName="main" threadId="0000000001F80F00" bytes="98512800" />
</allocation-stats>
<gc-op id="3119" type="copy forward" timems="7.695" contextid="3116" timestamp="2019-08-08T19:54:17.664">
  <memory-copied type="eden" objects="23" bytes="800" bytesdiscarded="672" />
  <memory-copied type="other" objects="6" bytes="144" bytesdiscarded="648" />
  <memory-cardclean objects="82" bytes="2352" />
  <regions eden="47" other="2" />
  <remembered-set-cleared processed="186" cleared="10" durationms="0.151" />
  <stringconstants candidates="13816" cleared="0"  />
</gc-op>
<gc-op id="3120" type="classunload" timems="0.009" contextid="3116" timestamp="2019-08-08T19:54:17.664">
  <classunload-info classloadercandidates="54" classloadersunloaded="0" classesunloaded="0" anonymousclassesunloaded="0" quiescems="0.000" setupms="0.008" scanms="0.000" postms="0.000" />
</gc-op>
<heap-resize id="3121" type="expand" space="default" amount="10485760" count="1" timems="0.122" reason="excessive time being spent in gc" timestamp="2019-08-08T19:54:17.664" />
<gc-end id="3122" type="partial gc" contextid="3116" durationms="8.825" usertimems="18.784" systemtimems="0.000" timestamp="2019-08-08T19:54:17.664" activeThreads="16">
  <mem-info id="3123" free="226492416" total="377487360" percent="60">
    <mem type="eden" free="2095680" total="2097152" percent="99" />
    <remembered-set count="6208" freebytes="15066368" totalbytes="15091200" percent="99" regionsoverflowed="0" regionsstable="10" regionsrebuilding="0"/>
  </mem-info>
</gc-end>
<cycle-end id="3124" type="partial gc" contextid="3116" timestamp="2019-08-08T19:54:17.664" />
  <attribute name="elasticGC enabled" value="1" />
  <attribute name= "numThreadsSpecified" value="16" />
  <attribute name="heapSize specified" value="0" />
  <attribute name="Current GC Util" value="152" />
  <attribute name= "Current Time Running" value="98537" />
  <attribute name ="GC Interval" value="0" />
  <attribute name="Target GC Util Change" value ="80.000000" />
  <attribute name="Current GC Util Change" value="152.000000"/>
  <attribute name="Current Error" value="-199.000000" />
  <attribute name="Output H" value="367077056"/>
  <attribute name="Output I" value="1656"/>
  <attribute name="Output T" value="16"/>
  <attribute name= "Current Time Running" value="98537" />
  <attribute name="GC Util currently" value="152" />
  <attribute name="CPU Util currently" value="2199858147147" />
<exclusive-end id="3125" timestamp="2019-08-08T19:54:17.664" durationms="9.355" />

<exclusive-start id="3126" timestamp="2019-08-08T19:54:17.716" intervalms="61.154">
  <response-info timems="0.015" idlems="0.015" threads="0" lastid="0000000001F80F00" lastname="main" />
</exclusive-start>
<allocation-taxation id="3127" taxation-threshold="100663296" timestamp="2019-08-08T19:54:17.716" intervalms="61.163" />
<cycle-start id="3128" type="partial gc" contextid="0" timestamp="2019-08-08T19:54:17.716" intervalms="61.232" />
<gc-start id="3129" type="partial gc" contextid="3128" timestamp="2019-08-08T19:54:17.716">
  <mem-info id="3130" free="125829120" total="377487360" percent="33">
    <mem type="eden" free="0" total="100663296" percent="0" />
    <remembered-set count="5728" freebytes="15068288" totalbytes="15091200" percent="99" regionsoverflowed="0" regionsstable="10" regionsrebuilding="0"/>
  </mem-info>
</gc-start>
<allocation-stats totalBytes="100585176" >
  <allocated-bytes non-tlh="0" tlh="100585176" arrayletleaf="0"/>
  <largest-consumer threadName="main" threadId="0000000001F80F00" bytes="100585176" />
</allocation-stats>
<gc-op id="3131" type="copy forward" timems="9.874" contextid="3128" timestamp="2019-08-08T19:54:17.727">
  <memory-copied type="eden" objects="46" bytes="1920" bytesdiscarded="672" />
  <memory-copied type="other" objects="12" bytes="288" bytesdiscarded="720" />
  <memory-cardclean objects="82" bytes="2352" />
  <regions eden="48" other="2" />
  <remembered-set-cleared processed="186" cleared="10" durationms="0.142" />
  <stringconstants candidates="13816" cleared="0"  />
</gc-op>
<gc-op id="3132" type="classunload" timems="0.008" contextid="3128" timestamp="2019-08-08T19:54:17.727">
  <classunload-info classloadercandidates="54" classloadersunloaded="0" classesunloaded="0" anonymousclassesunloaded="0" quiescems="0.000" setupms="0.008" scanms="0.000" postms="0.000" />
</gc-op>
<heap-resize id="3133" type="expand" space="default" amount="6291456" count="1" timems="0.093" reason="excessive time being spent in gc" timestamp="2019-08-08T19:54:17.727" />
<gc-end id="3134" type="partial gc" contextid="3128" durationms="11.240" usertimems="25.150" systemtimems="0.000" timestamp="2019-08-08T19:54:17.728" activeThreads="16">
  <mem-info id="3135" free="230686720" total="383778816" percent="60">
    <mem type="eden" free="2094560" total="2097152" percent="99" />
    <remembered-set count="5696" freebytes="15319936" totalbytes="15342720" percent="99" regionsoverflowed="0" regionsstable="10" regionsrebuilding="0"/>
  </mem-info>
</gc-end>
<cycle-end id="3136" type="partial gc" contextid="3128" timestamp="2019-08-08T19:54:17.728" />
  <attribute name="elasticGC enabled" value="1" />
  <attribute name= "numThreadsSpecified" value="16" />
  <attribute name="heapSize specified" value="0" />
  <attribute name="Current GC Util" value="172" />
  <attribute name= "Current Time Running" value="98599" />
  <attribute name ="GC Interval" value="0" />
  <attribute name="Target GC Util Change" value ="80.000000" />
  <attribute name="Current GC Util Change" value="172.000000"/>
  <attribute name="Current Error" value="-92.000000" />
  <attribute name="Output H" value="377562936"/>
  <attribute name="Output I" value="1848"/>
  <attribute name="Output T" value="16"/>
  <attribute name= "Current Time Running" value="98599" />
  <attribute name="GC Util currently" value="172" />
  <attribute name="CPU Util currently" value="1528929578806" />
<exclusive-end id="3137" timestamp="2019-08-08T19:54:17.728" durationms="11.859" />

<exclusive-start id="3138" timestamp="2019-08-08T19:54:17.979" intervalms="263.584">
  <response-info timems="0.020" idlems="0.020" threads="0" lastid="0000000001F80F00" lastname="main" />
</exclusive-start>
<allocation-taxation id="3139" taxation-threshold="102760448" timestamp="2019-08-08T19:54:17.980" intervalms="263.583" />
<cycle-start id="3140" type="partial gc" contextid="0" timestamp="2019-08-08T19:54:17.980" intervalms="263.552" />
<gc-start id="3141" type="partial gc" contextid="3140" timestamp="2019-08-08T19:54:17.980">
  <mem-info id="3142" free="127926272" total="383778816" percent="33">
    <mem type="eden" free="0" total="102760448" percent="0" />
    <remembered-set count="5536" freebytes="15320576" totalbytes="15342720" percent="99" regionsoverflowed="0" regionsstable="10" regionsrebuilding="0"/>
  </mem-info>
</gc-start>
<allocation-stats totalBytes="100376808" >
  <allocated-bytes non-tlh="0" tlh="100376808" arrayletleaf="0"/>
  <largest-consumer threadName="main" threadId="0000000001F80F00" bytes="100376808" />
</allocation-stats>
<gc-op id="3143" type="copy forward" timems="6.669" contextid="3140" timestamp="2019-08-08T19:54:17.987">
  <memory-copied type="eden" objects="67" bytes="41272" bytesdiscarded="552" />
  <memory-copied type="other" objects="12" bytes="288" bytesdiscarded="1440" />
  <memory-cardclean objects="110" bytes="2952" />
  <regions eden="49" other="2" />
  <remembered-set-cleared processed="188" cleared="17" durationms="0.163" />
  <stringconstants candidates="13816" cleared="0"  />
</gc-op>
<gc-op id="3144" type="classunload" timems="0.007" contextid="3140" timestamp="2019-08-08T19:54:17.987">
  <classunload-info classloadercandidates="54" classloadersunloaded="0" classesunloaded="0" anonymousclassesunloaded="0" quiescems="0.000" setupms="0.007" scanms="0.000" postms="0.000" />
</gc-op>
<gc-end id="3145" type="partial gc" contextid="3140" durationms="7.601" usertimems="17.993" systemtimems="0.000" timestamp="2019-08-08T19:54:17.988" activeThreads="16">
  <mem-info id="3146" free="228589568" total="383778816" percent="59">
    <mem type="eden" free="2055328" total="2097152" percent="98" />
    <remembered-set count="5024" freebytes="15322624" totalbytes="15342720" percent="99" regionsoverflowed="0" regionsstable="10" regionsrebuilding="0"/>
  </mem-info>
</gc-end>
<cycle-end id="3147" type="partial gc" contextid="3140" timestamp="2019-08-08T19:54:17.988" />
  <attribute name="elasticGC enabled" value="1" />
  <attribute name= "numThreadsSpecified" value="16" />
  <attribute name="heapSize specified" value="0" />
  <attribute name="Current GC Util" value="0" />
  <attribute name= "Current Time Running" value="98862" />
  <attribute name ="GC Interval" value="0" />
  <attribute name="Target GC Util Change" value ="80.000000" />
  <attribute name="Current GC Util Change" value="0.000000"/>
  <attribute name="Current Error" value="60.000000" />
  <attribute name="Output H" value="383854568"/>
  <attribute name="Output I" value="2120"/>
  <attribute name="Output T" value="16"/>
  <attribute name= "Current Time Running" value="98862" />
  <attribute name="GC Util currently" value="0" />
  <attribute name="CPU Util currently" value="2850957364308" />
<exclusive-end id="3148" timestamp="2019-08-08T19:54:17.988" durationms="8.351" />

<exclusive-start id="3149" timestamp="2019-08-08T19:54:18.187" intervalms="207.099">
  <response-info timems="0.019" idlems="0.019" threads="0" lastid="0000000001F80F00" lastname="main" />
</exclusive-start>
<allocation-taxation id="3150" taxation-threshold="102760448" timestamp="2019-08-08T19:54:18.187" intervalms="207.234" />
<cycle-start id="3151" type="partial gc" contextid="0" timestamp="2019-08-08T19:54:18.187" intervalms="207.293" />
<gc-start id="3152" type="partial gc" contextid="3151" timestamp="2019-08-08T19:54:18.187">
  <mem-info id="3153" free="125829120" total="383778816" percent="32">
    <mem type="eden" free="0" total="102760448" percent="0" />
    <remembered-set count="5024" freebytes="15322624" totalbytes="15342720" percent="99" regionsoverflowed="0" regionsstable="10" regionsrebuilding="0"/>
  </mem-info>
</gc-start>
<allocation-stats totalBytes="102749896" >
  <allocated-bytes non-tlh="0" tlh="102749896" arrayletleaf="0"/>
  <largest-consumer threadName="main" threadId="0000000001F80F00" bytes="102749896" />
</allocation-stats>
<gc-op id="3154" type="copy forward" timems="7.712" contextid="3151" timestamp="2019-08-08T19:54:18.196">
  <memory-copied type="eden" objects="72" bytes="2208" bytesdiscarded="576" />
  <memory-copied type="other" objects="42" bytes="1008" bytesdiscarded="1344" />
  <memory-cardclean objects="136" bytes="4040" />
  <regions eden="49" other="2" />
  <remembered-set-cleared processed="188" cleared="21" durationms="0.155" />
  <stringconstants candidates="13816" cleared="0"  />
</gc-op>
<gc-op id="3155" type="classunload" timems="0.010" contextid="3151" timestamp="2019-08-08T19:54:18.196">
  <classunload-info classloadercandidates="54" classloadersunloaded="0" classesunloaded="0" anonymousclassesunloaded="0" quiescems="0.000" setupms="0.010" scanms="0.000" postms="0.000" />
</gc-op>
<gc-end id="3156" type="partial gc" contextid="3151" durationms="8.721" usertimems="21.010" systemtimems="0.000" timestamp="2019-08-08T19:54:18.196" activeThreads="16">
  <mem-info id="3157" free="226492416" total="383778816" percent="59">
    <mem type="eden" free="2094368" total="2097152" percent="99" />
    <remembered-set count="5920" freebytes="15319040" totalbytes="15342720" percent="99" regionsoverflowed="0" regionsstable="10" regionsrebuilding="0"/>
  </mem-info>
</gc-end>
<cycle-end id="3158" type="partial gc" contextid="3151" timestamp="2019-08-08T19:54:18.196" />
  <attribute name="elasticGC enabled" value="1" />
  <attribute name= "numThreadsSpecified" value="16" />
  <attribute name="heapSize specified" value="0" />
  <attribute name="Current GC Util" value="143" />
  <attribute name= "Current Time Running" value="99069" />
  <attribute name ="GC Interval" value="0" />
  <attribute name="Target GC Util Change" value ="80.000000" />
  <attribute name="Current GC Util Change" value="143.000000"/>
  <attribute name="Current Error" value="69.000000" />
  <attribute name="Output H" value="383854576"/>
  <attribute name="Output I" value="2136"/>
  <attribute name="Output T" value="16"/>
  <attribute name= "Current Time Running" value="99069" />
  <attribute name="GC Util currently" value="143" />
  <attribute name="CPU Util currently" value="2248527935119" />
<exclusive-end id="3159" timestamp="2019-08-08T19:54:18.196" durationms="9.455" />

<exclusive-start id="3160" timestamp="2019-08-08T19:54:18.316" intervalms="128.977">
  <response-info timems="0.015" idlems="0.015" threads="0" lastid="0000000001F80F00" lastname="main" />
</exclusive-start>
<allocation-taxation id="3161" taxation-threshold="102760448" timestamp="2019-08-08T19:54:18.316" intervalms="128.881" />
<cycle-start id="3162" type="partial gc" contextid="0" timestamp="2019-08-08T19:54:18.316" intervalms="128.809" />
<gc-start id="3163" type="partial gc" contextid="3162" timestamp="2019-08-08T19:54:18.316">
  <mem-info id="3164" free="123731968" total="383778816" percent="32">
    <mem type="eden" free="0" total="102760448" percent="0" />
    <remembered-set count="5440" freebytes="15320960" totalbytes="15342720" percent="99" regionsoverflowed="0" regionsstable="10" regionsrebuilding="0"/>
  </mem-info>
</gc-start>
<allocation-stats totalBytes="102734584" >
  <allocated-bytes non-tlh="0" tlh="102734584" arrayletleaf="0"/>
  <largest-consumer threadName="main" threadId="0000000001F80F00" bytes="102734584" />
</allocation-stats>
<gc-op id="3165" type="copy forward" timems="7.164" contextid="3162" timestamp="2019-08-08T19:54:18.324">
  <memory-copied type="eden" objects="42" bytes="1232" bytesdiscarded="0" />
  <memory-copied type="other" objects="70" bytes="1752" bytesdiscarded="0" />
  <memory-cardclean objects="132" bytes="4088" />
  <regions eden="49" other="2" />
  <remembered-set-cleared processed="189" cleared="20" durationms="0.142" />
  <stringconstants candidates="13816" cleared="0"  />
</gc-op>
<gc-op id="3166" type="classunload" timems="0.008" contextid="3162" timestamp="2019-08-08T19:54:18.324">
  <classunload-info classloadercandidates="54" classloadersunloaded="0" classesunloaded="0" anonymousclassesunloaded="0" quiescems="0.000" setupms="0.008" scanms="0.000" postms="0.000" />
</gc-op>
<heap-resize id="3167" type="contract" space="default" amount="20971520" count="1" timems="0.124" reason="insufficient time being spent in gc" timestamp="2019-08-08T19:54:18.324" />
<gc-end id="3168" type="partial gc" contextid="3162" durationms="8.304" usertimems="18.947" systemtimems="0.000" timestamp="2019-08-08T19:54:18.324" activeThreads="16">
  <mem-info id="3169" free="203423744" total="362807296" percent="56">
    <mem type="eden" free="2095920" total="2097152" percent="99" />
    <remembered-set count="5472" freebytes="15320832" totalbytes="15342720" percent="99" regionsoverflowed="0" regionsstable="10" regionsrebuilding="0"/>
  </mem-info>
</gc-end>
<cycle-end id="3170" type="partial gc" contextid="3162" timestamp="2019-08-08T19:54:18.324" />
  <attribute name="elasticGC enabled" value="1" />
  <attribute name= "numThreadsSpecified" value="16" />
  <attribute name="heapSize specified" value="0" />
  <attribute name="Current GC Util" value="143" />
  <attribute name= "Current Time Running" value="99198" />
  <attribute name ="GC Interval" value="0" />
  <attribute name="Target GC Util Change" value ="80.000000" />
  <attribute name="Current GC Util Change" value="143.000000"/>
  <attribute name="Current Error" value="-63.000000" />
  <attribute name="Output H" value="383854424"/>
  <attribute name="Output I" value="1896"/>
  <attribute name="Output T" value="16"/>
  <attribute name= "Current Time Running" value="99198" />
  <attribute name="GC Util currently" value="143" />
  <attribute name="CPU Util currently" value="2177093931028" />
<exclusive-end id="3171" timestamp="2019-08-08T19:54:18.325" durationms="8.986" />

<exclusive-start id="3172" timestamp="2019-08-08T19:54:18.443" intervalms="127.875">
  <response-info timems="0.019" idlems="0.019" threads="0" lastid="0000000001F80F00" lastname="main" />
</exclusive-start>
<allocation-taxation id="3173" taxation-threshold="96468992" timestamp="2019-08-08T19:54:18.444" intervalms="127.893" />
<cycle-start id="3174" type="partial gc" contextid="0" timestamp="2019-08-08T19:54:18.444" intervalms="127.947" />
<gc-start id="3175" type="partial gc" contextid="3174" timestamp="2019-08-08T19:54:18.444">
  <mem-info id="3176" free="106954752" total="362807296" percent="29">
    <mem type="eden" free="0" total="96468992" percent="0" />
    <remembered-set count="5472" freebytes="15320832" totalbytes="15342720" percent="99" regionsoverflowed="0" regionsstable="10" regionsrebuilding="0"/>
  </mem-info>
</gc-start>
<allocation-stats totalBytes="96458480" >
  <allocated-bytes non-tlh="0" tlh="96458480" arrayletleaf="0"/>
  <largest-consumer threadName="main" threadId="0000000001F80F00" bytes="96458480" />
</allocation-stats>
<gc-op id="3177" type="copy forward" timems="7.643" contextid="3174" timestamp="2019-08-08T19:54:18.454">
  <memory-copied type="eden" objects="27" bytes="824" bytesdiscarded="648" />
  <memory-copied type="other" objects="53" bytes="1368" bytesdiscarded="1224" />
  <memory-cardclean objects="132" bytes="4040" />
  <regions eden="46" other="2" />
  <remembered-set-cleared processed="195" cleared="17" durationms="0.149" />
  <stringconstants candidates="13816" cleared="0"  />
</gc-op>
<gc-op id="3178" type="classunload" timems="0.019" contextid="3174" timestamp="2019-08-08T19:54:18.454">
  <classunload-info classloadercandidates="54" classloadersunloaded="0" classesunloaded="0" anonymousclassesunloaded="0" quiescems="0.000" setupms="0.019" scanms="0.000" postms="0.000" />
</gc-op>
<gc-end id="3179" type="partial gc" contextid="3174" durationms="9.992" usertimems="21.832" systemtimems="0.000" timestamp="2019-08-08T19:54:18.454" activeThreads="16">
  <mem-info id="3180" free="201326592" total="362807296" percent="55">
    <mem type="eden" free="2095680" total="2097152" percent="99" />
    <remembered-set count="5664" freebytes="14481664" totalbytes="14504320" percent="99" regionsoverflowed="0" regionsstable="10" regionsrebuilding="0"/>
  </mem-info>
</gc-end>
<cycle-end id="3181" type="partial gc" contextid="3174" timestamp="2019-08-08T19:54:18.454" />
  <attribute name="elasticGC enabled" value="1" />
  <attribute name= "numThreadsSpecified" value="16" />
  <attribute name="heapSize specified" value="0" />
  <attribute name="Current GC Util" value="53" />
  <attribute name= "Current Time Running" value="99328" />
  <attribute name ="GC Interval" value="0" />
  <attribute name="Target GC Util Change" value ="80.000000" />
  <attribute name="Current GC Util Change" value="53.000000"/>
  <attribute name="Current Error" value="30.000000" />
  <attribute name="Output H" value="362883016"/>
  <attribute name="Output I" value="2064"/>
  <attribute name="Output T" value="16"/>
  <attribute name= "Current Time Running" value="99328" />
  <attribute name="GC Util currently" value="53" />
  <attribute name="CPU Util currently" value="628327942989" />
<exclusive-end id="3182" timestamp="2019-08-08T19:54:18.454" durationms="10.764" />

<exclusive-start id="3183" timestamp="2019-08-08T19:54:18.669" intervalms="225.165">
  <response-info timems="0.019" idlems="0.019" threads="0" lastid="0000000001F80F00" lastname="main" />
</exclusive-start>
<allocation-taxation id="3184" taxation-threshold="96468992" timestamp="2019-08-08T19:54:18.669" intervalms="225.142" />
<cycle-start id="3185" type="partial gc" contextid="0" timestamp="2019-08-08T19:54:18.669" intervalms="225.150" />
<gc-start id="3186" type="partial gc" contextid="3185" timestamp="2019-08-08T19:54:18.669">
  <mem-info id="3187" free="104857600" total="362807296" percent="28">
    <mem type="eden" free="0" total="96468992" percent="0" />
    <remembered-set count="5664" freebytes="14481664" totalbytes="14504320" percent="99" regionsoverflowed="0" regionsstable="10" regionsrebuilding="0"/>
  </mem-info>
</gc-start>
<allocation-stats totalBytes="96462864" >
  <allocated-bytes non-tlh="0" tlh="96462864" arrayletleaf="0"/>
  <largest-consumer threadName="main" threadId="0000000001F80F00" bytes="96462864" />
</allocation-stats>
<gc-op id="3188" type="copy forward" timems="8.986" contextid="3185" timestamp="2019-08-08T19:54:18.679">
  <memory-copied type="eden" objects="51" bytes="1376" bytesdiscarded="432" />
  <memory-copied type="other" objects="31" bytes="768" bytesdiscarded="1296" />
  <memory-cardclean objects="90" bytes="2848" />
  <regions eden="46" other="2" />
  <remembered-set-cleared processed="200" cleared="14" durationms="0.160" />
  <stringconstants candidates="13816" cleared="0"  />
</gc-op>
<gc-op id="3189" type="classunload" timems="0.008" contextid="3185" timestamp="2019-08-08T19:54:18.679">
  <classunload-info classloadercandidates="54" classloadersunloaded="0" classesunloaded="0" anonymousclassesunloaded="0" quiescems="0.000" setupms="0.007" scanms="0.000" postms="0.000" />
</gc-op>
<gc-end id="3190" type="partial gc" contextid="3185" durationms="10.269" usertimems="19.823" systemtimems="0.000" timestamp="2019-08-08T19:54:18.679" activeThreads="16">
  <mem-info id="3191" free="199229440" total="362807296" percent="54">
    <mem type="eden" free="2095344" total="2097152" percent="99" />
    <remembered-set count="5408" freebytes="14482688" totalbytes="14504320" percent="99" regionsoverflowed="0" regionsstable="10" regionsrebuilding="0"/>
  </mem-info>
</gc-end>
<cycle-end id="3192" type="partial gc" contextid="3185" timestamp="2019-08-08T19:54:18.679" />
  <attribute name="elasticGC enabled" value="1" />
  <attribute name= "numThreadsSpecified" value="16" />
  <attribute name="heapSize specified" value="0" />
  <attribute name="Current GC Util" value="99" />
  <attribute name= "Current Time Running" value="99552" />
  <attribute name ="GC Interval" value="0" />
  <attribute name="Target GC Util Change" value ="80.000000" />
  <attribute name="Current GC Util Change" value="99.000000"/>
  <attribute name="Current Error" value="82.000000" />
  <attribute name="Output H" value="362883072"/>
  <attribute name="Output I" value="2160"/>
  <attribute name="Output T" value="16"/>
  <attribute name= "Current Time Running" value="99552" />
  <attribute name="GC Util currently" value="99" />
  <attribute name="CPU Util currently" value="1458640924391" />
<exclusive-end id="3193" timestamp="2019-08-08T19:54:18.680" durationms="10.951" />

<exclusive-start id="3194" timestamp="2019-08-08T19:54:18.802" intervalms="133.197">
  <response-info timems="0.019" idlems="0.019" threads="0" lastid="0000000001F80F00" lastname="main" />
</exclusive-start>
<allocation-taxation id="3195" taxation-threshold="96468992" timestamp="2019-08-08T19:54:18.802" intervalms="133.267" />
<cycle-start id="3196" type="partial gc" contextid="0" timestamp="2019-08-08T19:54:18.802" intervalms="133.252" />
<gc-start id="3197" type="partial gc" contextid="3196" timestamp="2019-08-08T19:54:18.802">
  <mem-info id="3198" free="102760448" total="362807296" percent="28">
    <mem type="eden" free="0" total="96468992" percent="0" />
    <remembered-set count="4992" freebytes="14484352" totalbytes="14504320" percent="99" regionsoverflowed="0" regionsstable="10" regionsrebuilding="0"/>
  </mem-info>
</gc-start>
<allocation-stats totalBytes="96462336" >
  <allocated-bytes non-tlh="0" tlh="96462336" arrayletleaf="0"/>
  <largest-consumer threadName="main" threadId="0000000001F80F00" bytes="96462336" />
</allocation-stats>
<gc-op id="3199" type="copy forward" timems="9.160" contextid="3196" timestamp="2019-08-08T19:54:18.813">
  <memory-copied type="eden" objects="33" bytes="976" bytesdiscarded="576" />
  <memory-copied type="other" objects="48" bytes="1152" bytesdiscarded="1344" />
  <memory-cardclean objects="132" bytes="3576" />
  <regions eden="46" other="2" />
  <remembered-set-cleared processed="203" cleared="19" durationms="0.163" />
  <stringconstants candidates="13816" cleared="0"  />
</gc-op>
<gc-op id="3200" type="classunload" timems="0.008" contextid="3196" timestamp="2019-08-08T19:54:18.813">
  <classunload-info classloadercandidates="54" classloadersunloaded="0" classesunloaded="0" anonymousclassesunloaded="0" quiescems="0.000" setupms="0.007" scanms="0.000" postms="0.000" />
</gc-op>
<gc-end id="3201" type="partial gc" contextid="3196" durationms="10.604" usertimems="23.122" systemtimems="0.000" timestamp="2019-08-08T19:54:18.813" activeThreads="16">
  <mem-info id="3202" free="197132288" total="362807296" percent="54">
    <mem type="eden" free="2095600" total="2097152" percent="99" />
    <remembered-set count="5312" freebytes="14483072" totalbytes="14504320" percent="99" regionsoverflowed="0" regionsstable="10" regionsrebuilding="0"/>
  </mem-info>
</gc-end>
<cycle-end id="3203" type="partial gc" contextid="3196" timestamp="2019-08-08T19:54:18.813" />
  <attribute name="elasticGC enabled" value="1" />
  <attribute name= "numThreadsSpecified" value="16" />
  <attribute name="heapSize specified" value="0" />
  <attribute name="Current GC Util" value="144" />
  <attribute name= "Current Time Running" value="99685" />
  <attribute name ="GC Interval" value="0" />
  <attribute name="Target GC Util Change" value ="80.000000" />
  <attribute name="Current GC Util Change" value="144.000000"/>
  <attribute name="Current Error" value="-64.000000" />
  <attribute name="Output H" value="362882904"/>
  <attribute name="Output I" value="1896"/>
  <attribute name="Output T" value="16"/>
  <attribute name= "Current Time Running" value="99685" />
  <attribute name="GC Util currently" value="144" />
  <attribute name="CPU Util currently" value="1255666355079" />
<exclusive-end id="3204" timestamp="2019-08-08T19:54:18.813" durationms="11.320" />

<exclusive-start id="3205" timestamp="2019-08-08T19:54:19.013" intervalms="211.142">
  <response-info timems="0.018" idlems="0.018" threads="0" lastid="0000000001F80F00" lastname="main" />
</exclusive-start>
<allocation-taxation id="3206" taxation-threshold="96468992" timestamp="2019-08-08T19:54:19.013" intervalms="211.035" />
<cycle-start id="3207" type="partial gc" contextid="0" timestamp="2019-08-08T19:54:19.013" intervalms="210.967" />
<gc-start id="3208" type="partial gc" contextid="3207" timestamp="2019-08-08T19:54:19.013">
  <mem-info id="3209" free="100663296" total="362807296" percent="27">
    <mem type="eden" free="0" total="96468992" percent="0" />
    <remembered-set count="5248" freebytes="14483328" totalbytes="14504320" percent="99" regionsoverflowed="0" regionsstable="10" regionsrebuilding="0"/>
  </mem-info>
</gc-start>
<allocation-stats totalBytes="96409848" >
  <allocated-bytes non-tlh="0" tlh="96409848" arrayletleaf="0"/>
  <largest-consumer threadName="main" threadId="0000000001F80F00" bytes="96409848" />
</allocation-stats>
<gc-op id="3210" type="copy forward" timems="6.962" contextid="3207" timestamp="2019-08-08T19:54:19.021">
  <memory-copied type="eden" objects="43" bytes="1192" bytesdiscarded="528" />
  <memory-copied type="other" objects="48" bytes="1152" bytesdiscarded="1344" />
  <memory-cardclean objects="120" bytes="3408" />
  <regions eden="46" other="2" />
  <remembered-set-cleared processed="205" cleared="16" durationms="0.144" />
  <stringconstants candidates="13816" cleared="0"  />
</gc-op>
<gc-op id="3211" type="classunload" timems="0.006" contextid="3207" timestamp="2019-08-08T19:54:19.021">
  <classunload-info classloadercandidates="54" classloadersunloaded="0" classesunloaded="0" anonymousclassesunloaded="0" quiescems="0.000" setupms="0.006" scanms="0.000" postms="0.000" />
</gc-op>
<gc-end id="3212" type="partial gc" contextid="3207" durationms="8.119" usertimems="18.315" systemtimems="0.000" timestamp="2019-08-08T19:54:19.021" activeThreads="16">
  <mem-info id="3213" free="195035136" total="362807296" percent="53">
    <mem type="eden" free="2095432" total="2097152" percent="99" />
    <remembered-set count="6432" freebytes="14478592" totalbytes="14504320" percent="99" regionsoverflowed="0" regionsstable="10" regionsrebuilding="0"/>
  </mem-info>
</gc-end>
<cycle-end id="3214" type="partial gc" contextid="3207" timestamp="2019-08-08T19:54:19.022" />
  <attribute name="elasticGC enabled" value="1" />
  <attribute name= "numThreadsSpecified" value="16" />
  <attribute name="heapSize specified" value="0" />
  <attribute name="Current GC Util" value="182" />
  <attribute name= "Current Time Running" value="99896" />
  <attribute name ="GC Interval" value="0" />
  <attribute name="Target GC Util Change" value ="80.000000" />
  <attribute name="Current GC Util Change" value="182.000000"/>
  <attribute name="Current Error" value="-96.000000" />
  <attribute name="Output H" value="362882872"/>
  <attribute name="Output I" value="1840"/>
  <attribute name="Output T" value="16"/>
  <attribute name= "Current Time Running" value="99896" />
  <attribute name="GC Util currently" value="182" />
  <attribute name="CPU Util currently" value="2319976205908" />
<exclusive-end id="3215" timestamp="2019-08-08T19:54:19.022" durationms="8.829" />

<exclusive-start id="3216" timestamp="2019-08-08T19:54:19.090" intervalms="77.548">
  <response-info timems="0.019" idlems="0.019" threads="0" lastid="0000000001F80F00" lastname="main" />
</exclusive-start>
<allocation-taxation id="3217" taxation-threshold="96468992" timestamp="2019-08-08T19:54:19.091" intervalms="77.547" />
<cycle-start id="3218" type="partial gc" contextid="0" timestamp="2019-08-08T19:54:19.091" intervalms="77.577" />
<gc-start id="3219" type="partial gc" contextid="3218" timestamp="2019-08-08T19:54:19.091">
  <mem-info id="3220" free="98566144" total="362807296" percent="27">
    <mem type="eden" free="0" total="96468992" percent="0" />
    <remembered-set count="6304" freebytes="14479104" totalbytes="14504320" percent="99" regionsoverflowed="0" regionsstable="10" regionsrebuilding="0"/>
  </mem-info>
</gc-start>
<allocation-stats totalBytes="96344712" >
  <allocated-bytes non-tlh="0" tlh="96344712" arrayletleaf="0"/>
  <largest-consumer threadName="main" threadId="0000000001F80F00" bytes="96344712" />
</allocation-stats>
<gc-op id="3221" type="copy forward" timems="10.289" contextid="3218" timestamp="2019-08-08T19:54:19.103">
  <memory-copied type="eden" objects="24" bytes="1280" bytesdiscarded="696" />
  <memory-copied type="other" objects="36" bytes="864" bytesdiscarded="1896" />
  <memory-cardclean objects="80" bytes="2456" />
  <regions eden="46" other="2" />
  <remembered-set-cleared processed="208" cleared="11" durationms="0.213" />
  <stringconstants candidates="13816" cleared="0"  />
</gc-op>
<gc-op id="3222" type="classunload" timems="0.008" contextid="3218" timestamp="2019-08-08T19:54:19.103">
  <classunload-info classloadercandidates="54" classloadersunloaded="0" classesunloaded="0" anonymousclassesunloaded="0" quiescems="0.000" setupms="0.008" scanms="0.000" postms="0.000" />
</gc-op>
<gc-end id="3223" type="partial gc" contextid="3218" durationms="11.834" usertimems="25.719" systemtimems="0.000" timestamp="2019-08-08T19:54:19.103" activeThreads="16">
  <mem-info id="3224" free="192937984" total="362807296" percent="53">
    <mem type="eden" free="2095176" total="2097152" percent="99" />
    <remembered-set count="6656" freebytes="14477696" totalbytes="14504320" percent="99" regionsoverflowed="0" regionsstable="10" regionsrebuilding="0"/>
  </mem-info>
</gc-end>
<cycle-end id="3225" type="partial gc" contextid="3218" timestamp="2019-08-08T19:54:19.103" />
  <attribute name="elasticGC enabled" value="1" />
  <attribute name= "numThreadsSpecified" value="16" />
  <attribute name="heapSize specified" value="0" />
  <attribute name="Current GC Util" value="213" />
  <attribute name= "Current Time Running" value="99974" />
  <attribute name ="GC Interval" value="0" />
  <attribute name="Target GC Util Change" value ="80.000000" />
  <attribute name="Current GC Util Change" value="213.000000"/>
  <attribute name="Current Error" value="-171.000000" />
  <attribute name="Output H" value="362882784"/>
  <attribute name="Output I" value="1704"/>
  <attribute name="Output T" value="16"/>
  <attribute name= "Current Time Running" value="99974" />
  <attribute name="GC Util currently" value="213" />
  <attribute name="CPU Util currently" value="1240316646881" />
<exclusive-end id="3226" timestamp="2019-08-08T19:54:19.103" durationms="12.580" />

<exclusive-start id="3227" timestamp="2019-08-08T19:54:19.134" intervalms="43.230">
  <response-info timems="0.021" idlems="0.021" threads="0" lastid="0000000001F80F00" lastname="main" />
</exclusive-start>
<allocation-taxation id="3228" taxation-threshold="96468992" timestamp="2019-08-08T19:54:19.134" intervalms="43.239" />
<cycle-start id="3229" type="partial gc" contextid="0" timestamp="2019-08-08T19:54:19.134" intervalms="43.290" />
<gc-start id="3230" type="partial gc" contextid="3229" timestamp="2019-08-08T19:54:19.134">
  <mem-info id="3231" free="96468992" total="362807296" percent="26">
    <mem type="eden" free="0" total="96468992" percent="0" />
    <remembered-set count="6496" freebytes="14478336" totalbytes="14504320" percent="99" regionsoverflowed="0" regionsstable="10" regionsrebuilding="0"/>
  </mem-info>
</gc-start>
<allocation-stats totalBytes="96297288" >
  <allocated-bytes non-tlh="0" tlh="96297288" arrayletleaf="0"/>
  <largest-consumer threadName="main" threadId="0000000001F80F00" bytes="96297288" />
</allocation-stats>
<gc-op id="3232" type="copy forward" timems="9.227" contextid="3229" timestamp="2019-08-08T19:54:19.145">
  <memory-copied type="eden" objects="3" bytes="72" bytesdiscarded="0" />
  <memory-copied type="other" objects="45" bytes="1784" bytesdiscarded="552" />
  <memory-cardclean objects="55" bytes="1912" />
  <regions eden="46" other="2" />
  <remembered-set-cleared processed="213" cleared="10" durationms="0.145" />
  <stringconstants candidates="13816" cleared="0"  />
</gc-op>
<gc-op id="3233" type="classunload" timems="0.009" contextid="3229" timestamp="2019-08-08T19:54:19.145">
  <classunload-info classloadercandidates="54" classloadersunloaded="0" classesunloaded="0" anonymousclassesunloaded="0" quiescems="0.000" setupms="0.009" scanms="0.000" postms="0.000" />
</gc-op>
<gc-end id="3234" type="partial gc" contextid="3229" durationms="10.937" usertimems="22.135" systemtimems="0.000" timestamp="2019-08-08T19:54:19.145" activeThreads="16">
  <mem-info id="3235" free="190840832" total="362807296" percent="52">
    <mem type="eden" free="2097080" total="2097152" percent="99" />
    <remembered-set count="6336" freebytes="14478976" totalbytes="14504320" percent="99" regionsoverflowed="0" regionsstable="10" regionsrebuilding="0"/>
  </mem-info>
</gc-end>
<cycle-end id="3236" type="partial gc" contextid="3229" timestamp="2019-08-08T19:54:19.145" />
  <attribute name="elasticGC enabled" value="1" />
  <attribute name= "numThreadsSpecified" value="16" />
  <attribute name="heapSize specified" value="0" />
  <attribute name="Current GC Util" value="173" />
  <attribute name= "Current Time Running" value="100017" />
  <attribute name ="GC Interval" value="0" />
  <attribute name="Target GC Util Change" value ="80.000000" />
  <attribute name="Current GC Util Change" value="173.000000"/>
  <attribute name="Current Error" value="-93.000000" />
  <attribute name="Output H" value="362882872"/>
  <attribute name="Output I" value="1848"/>
  <attribute name="Output T" value="16"/>
  <attribute name= "Current Time Running" value="100017" />
  <attribute name="GC Util currently" value="173" />
  <attribute name="CPU Util currently" value="1042212438832" />
<exclusive-end id="3237" timestamp="2019-08-08T19:54:19.145" durationms="11.616" />

<exclusive-start id="3238" timestamp="2019-08-08T19:54:19.253" intervalms="118.947">
  <response-info timems="0.019" idlems="0.019" threads="0" lastid="0000000001F80F00" lastname="main" />
</exclusive-start>
<allocation-taxation id="3239" taxation-threshold="96468992" timestamp="2019-08-08T19:54:19.253" intervalms="118.941" />
<cycle-start id="3240" type="partial gc" contextid="0" timestamp="2019-08-08T19:54:19.253" intervalms="118.850" />
<gc-start id="3241" type="partial gc" contextid="3240" timestamp="2019-08-08T19:54:19.253">
  <mem-info id="3242" free="94371840" total="362807296" percent="26">
    <mem type="eden" free="2097080" total="98566144" percent="2" />
    <remembered-set count="6048" freebytes="14480128" totalbytes="14504320" percent="99" regionsoverflowed="0" regionsstable="10" regionsrebuilding="0"/>
  </mem-info>
</gc-start>
<allocation-stats totalBytes="96360144" >
  <allocated-bytes non-tlh="0" tlh="96360144" arrayletleaf="0"/>
  <largest-consumer threadName="main" threadId="0000000001F80F00" bytes="96360144" />
</allocation-stats>
<gc-op id="3243" type="copy forward" timems="10.180" contextid="3240" timestamp="2019-08-08T19:54:19.265">
  <memory-copied type="eden" objects="41" bytes="1632" bytesdiscarded="384" />
  <memory-copied type="other" objects="6" bytes="144" bytesdiscarded="648" />
  <memory-cardclean objects="87" bytes="2552" />
  <regions eden="46" other="2" />
  <remembered-set-cleared processed="216" cleared="13" durationms="0.150" />
  <stringconstants candidates="13816" cleared="0"  />
</gc-op>
<gc-op id="3244" type="classunload" timems="0.008" contextid="3240" timestamp="2019-08-08T19:54:19.265">
  <classunload-info classloadercandidates="54" classloadersunloaded="0" classesunloaded="0" anonymousclassesunloaded="0" quiescems="0.000" setupms="0.008" scanms="0.000" postms="0.000" />
</gc-op>
<heap-resize id="3245" type="expand" space="default" amount="62914560" count="1" timems="0.251" reason="excessive time being spent in gc" timestamp="2019-08-08T19:54:19.265" />
<gc-end id="3246" type="partial gc" contextid="3240" durationms="12.391" usertimems="25.196" systemtimems="0.000" timestamp="2019-08-08T19:54:19.265" activeThreads="16">
  <mem-info id="3247" free="253755392" total="425721856" percent="59">
    <mem type="eden" free="2095136" total="2097152" percent="99" />
    <remembered-set count="6400" freebytes="16993920" totalbytes="17019520" percent="99" regionsoverflowed="0" regionsstable="10" regionsrebuilding="0"/>
  </mem-info>
</gc-end>
<cycle-end id="3248" type="partial gc" contextid="3240" timestamp="2019-08-08T19:54:19.266" />
  <attribute name="elasticGC enabled" value="1" />
  <attribute name= "numThreadsSpecified" value="16" />
  <attribute name="heapSize specified" value="0" />
  <attribute name="Current GC Util" value="197" />
  <attribute name= "Current Time Running" value="100136" />
  <attribute name ="GC Interval" value="0" />
  <attribute name="Target GC Util Change" value ="80.000000" />
  <attribute name="Current GC Util Change" value="197.000000"/>
  <attribute name="Current Error" value="-147.000000" />
  <attribute name="Output H" value="362882808"/>
  <attribute name="Output I" value="1752"/>
  <attribute name="Output T" value="16"/>
  <attribute name= "Current Time Running" value="100136" />
  <attribute name="GC Util currently" value="197" />
  <attribute name="CPU Util currently" value="916256155153" />
<exclusive-end id="3249" timestamp="2019-08-08T19:54:19.266" durationms="13.110" />

<exclusive-start id="3250" timestamp="2019-08-08T19:54:19.369" intervalms="115.868">
  <response-info timems="0.047" idlems="0.047" threads="0" lastid="0000000001F80F00" lastname="main" />
</exclusive-start>
<allocation-taxation id="3251" taxation-threshold="113246208" timestamp="2019-08-08T19:54:19.369" intervalms="115.865" />
<cycle-start id="3252" type="partial gc" contextid="0" timestamp="2019-08-08T19:54:19.369" intervalms="115.894" />
<gc-start id="3253" type="partial gc" contextid="3252" timestamp="2019-08-08T19:54:19.369">
  <mem-info id="3254" free="140509184" total="425721856" percent="33">
    <mem type="eden" free="0" total="113246208" percent="0" />
    <remembered-set count="6208" freebytes="16994688" totalbytes="17019520" percent="99" regionsoverflowed="0" regionsstable="10" regionsrebuilding="0"/>
  </mem-info>
</gc-start>
<allocation-stats totalBytes="113114824" >
  <allocated-bytes non-tlh="0" tlh="113114824" arrayletleaf="0"/>
  <largest-consumer threadName="main" threadId="0000000001F80F00" bytes="113114824" />
</allocation-stats>
<gc-op id="3255" type="copy forward" timems="10.610" contextid="3252" timestamp="2019-08-08T19:54:19.381">
  <memory-copied type="eden" objects="36" bytes="5208" bytesdiscarded="696" />
  <memory-copied type="other" objects="24" bytes="576" bytesdiscarded="1296" />
  <memory-cardclean objects="90" bytes="2864" />
  <regions eden="54" other="2" />
  <remembered-set-cleared processed="217" cleared="15" durationms="0.295" />
  <stringconstants candidates="13816" cleared="0"  />
</gc-op>
<gc-op id="3256" type="classunload" timems="0.007" contextid="3252" timestamp="2019-08-08T19:54:19.381">
  <classunload-info classloadercandidates="54" classloadersunloaded="0" classesunloaded="0" anonymousclassesunloaded="0" quiescems="0.000" setupms="0.007" scanms="0.000" postms="0.000" />
</gc-op>
<heap-resize id="3257" type="expand" space="default" amount="10485760" count="1" timems="0.094" reason="excessive time being spent in gc" timestamp="2019-08-08T19:54:19.381" />
<gc-end id="3258" type="partial gc" contextid="3252" durationms="12.377" usertimems="26.409" systemtimems="0.000" timestamp="2019-08-08T19:54:19.381" activeThreads="16">
  <mem-info id="3259" free="262144000" total="436207616" percent="60">
    <mem type="eden" free="2091248" total="2097152" percent="99" />
    <remembered-set count="7424" freebytes="17409024" totalbytes="17438720" percent="99" regionsoverflowed="0" regionsstable="10" regionsrebuilding="0"/>
  </mem-info>
</gc-end>
<cycle-end id="3260" type="partial gc" contextid="3252" timestamp="2019-08-08T19:54:19.384" />
  <attribute name="elasticGC enabled" value="1" />
  <attribute name= "numThreadsSpecified" value="16" />
  <attribute name="heapSize specified" value="0" />
  <attribute name="Current GC Util" value="304" />
  <attribute name= "Current Time Running" value="100252" />
  <attribute name ="GC Interval" value="0" />
  <attribute name="Target GC Util Change" value ="80.000000" />
  <attribute name="Current GC Util Change" value="304.000000"/>
  <attribute name="Current Error" value="-310.000000" />
  <attribute name="Output H" value="425797184"/>
  <attribute name="Output I" value="1456"/>
  <attribute name="Output T" value="16"/>
  <attribute name= "Current Time Running" value="100252" />
  <attribute name="GC Util currently" value="304" />
  <attribute name="CPU Util currently" value="1165795332765" />
<exclusive-end id="3261" timestamp="2019-08-08T19:54:19.384" durationms="15.944" />

<exclusive-start id="3262" timestamp="2019-08-08T19:54:19.605" intervalms="236.655">
  <response-info timems="0.018" idlems="0.018" threads="0" lastid="0000000001F80F00" lastname="main" />
</exclusive-start>
<allocation-taxation id="3263" taxation-threshold="115343360" timestamp="2019-08-08T19:54:19.605" intervalms="236.660" />
<cycle-start id="3264" type="partial gc" contextid="0" timestamp="2019-08-08T19:54:19.605" intervalms="236.654" />
<gc-start id="3265" type="partial gc" contextid="3264" timestamp="2019-08-08T19:54:19.606">
  <mem-info id="3266" free="146800640" total="436207616" percent="33">
    <mem type="eden" free="0" total="115343360" percent="0" />
    <remembered-set count="7328" freebytes="17409408" totalbytes="17438720" percent="99" regionsoverflowed="0" regionsstable="10" regionsrebuilding="0"/>
  </mem-info>
</gc-start>
<allocation-stats totalBytes="115294088" >
  <allocated-bytes non-tlh="0" tlh="115294088" arrayletleaf="0"/>
  <largest-consumer threadName="main" threadId="0000000001F80F00" bytes="115294088" />
</allocation-stats>
<gc-op id="3267" type="copy forward" timems="7.731" contextid="3264" timestamp="2019-08-08T19:54:19.615">
  <memory-copied type="eden" objects="30" bytes="1016" bytesdiscarded="576" />
  <memory-copied type="other" objects="24" bytes="576" bytesdiscarded="1848" />
  <memory-cardclean objects="98" bytes="3104" />
  <regions eden="55" other="2" />
  <remembered-set-cleared processed="221" cleared="17" durationms="0.139" />
  <stringconstants candidates="13816" cleared="0"  />
</gc-op>
<gc-op id="3268" type="classunload" timems="0.007" contextid="3264" timestamp="2019-08-08T19:54:19.615">
  <classunload-info classloadercandidates="54" classloadersunloaded="0" classesunloaded="0" anonymousclassesunloaded="0" quiescems="0.000" setupms="0.006" scanms="0.000" postms="0.000" />
</gc-op>
<gc-end id="3269" type="partial gc" contextid="3264" durationms="9.187" usertimems="20.954" systemtimems="0.000" timestamp="2019-08-08T19:54:19.615" activeThreads="16">
  <mem-info id="3270" free="260046848" total="436207616" percent="59">
    <mem type="eden" free="2095560" total="2097152" percent="99" />
    <remembered-set count="7936" freebytes="17406976" totalbytes="17438720" percent="99" regionsoverflowed="0" regionsstable="10" regionsrebuilding="0"/>
  </mem-info>
</gc-end>
<cycle-end id="3271" type="partial gc" contextid="3264" timestamp="2019-08-08T19:54:19.615" />
  <attribute name="elasticGC enabled" value="1" />
  <attribute name= "numThreadsSpecified" value="16" />
  <attribute name="heapSize specified" value="0" />
  <attribute name="Current GC Util" value="131" />
  <attribute name= "Current Time Running" value="100488" />
  <attribute name ="GC Interval" value="0" />
  <attribute name="Target GC Util Change" value ="80.000000" />
  <attribute name="Current GC Util Change" value="131.000000"/>
  <attribute name="Current Error" value="-51.000000" />
  <attribute name="Output H" value="436283240"/>
  <attribute name="Output I" value="1920"/>
  <attribute name="Output T" value="16"/>
  <attribute name= "Current Time Running" value="100488" />
  <attribute name="GC Util currently" value="131" />
  <attribute name="CPU Util currently" value="1622329523758" />
<exclusive-end id="3272" timestamp="2019-08-08T19:54:19.615" durationms="10.035" />

<exclusive-start id="3273" timestamp="2019-08-08T19:54:19.815" intervalms="210.197">
  <response-info timems="0.022" idlems="0.022" threads="0" lastid="0000000001F80F00" lastname="main" />
</exclusive-start>
<allocation-taxation id="3274" taxation-threshold="115343360" timestamp="2019-08-08T19:54:19.815" intervalms="210.201" />
<cycle-start id="3275" type="partial gc" contextid="0" timestamp="2019-08-08T19:54:19.816" intervalms="210.217" />
<gc-start id="3276" type="partial gc" contextid="3275" timestamp="2019-08-08T19:54:19.816">
  <mem-info id="3277" free="144703488" total="436207616" percent="33">
    <mem type="eden" free="0" total="115343360" percent="0" />
    <remembered-set count="7456" freebytes="17408896" totalbytes="17438720" percent="99" regionsoverflowed="0" regionsstable="10" regionsrebuilding="0"/>
  </mem-info>
</gc-start>
<allocation-stats totalBytes="115322552" >
  <allocated-bytes non-tlh="0" tlh="115322552" arrayletleaf="0"/>
  <largest-consumer threadName="main" threadId="0000000001F80F00" bytes="115322552" />
</allocation-stats>
<gc-op id="3278" type="copy forward" timems="8.274" contextid="3275" timestamp="2019-08-08T19:54:19.826">
  <memory-copied type="eden" objects="5" bytes="240" bytesdiscarded="0" />
  <memory-copied type="other" objects="32" bytes="960" bytesdiscarded="648" />
  <memory-cardclean objects="56" bytes="2104" />
  <regions eden="55" other="2" />
  <remembered-set-cleared processed="225" cleared="9" durationms="0.364" />
  <stringconstants candidates="13816" cleared="0"  />
</gc-op>
<gc-op id="3279" type="classunload" timems="0.009" contextid="3275" timestamp="2019-08-08T19:54:19.826">
  <classunload-info classloadercandidates="54" classloadersunloaded="0" classesunloaded="0" anonymousclassesunloaded="0" quiescems="0.000" setupms="0.009" scanms="0.000" postms="0.000" />
</gc-op>
<gc-end id="3280" type="partial gc" contextid="3275" durationms="10.074" usertimems="22.151" systemtimems="0.000" timestamp="2019-08-08T19:54:19.826" activeThreads="16">
  <mem-info id="3281" free="257949696" total="436207616" percent="59">
    <mem type="eden" free="2096912" total="2097152" percent="99" />
    <remembered-set count="6784" freebytes="17411584" totalbytes="17438720" percent="99" regionsoverflowed="0" regionsstable="10" regionsrebuilding="0"/>
  </mem-info>
</gc-end>
<cycle-end id="3282" type="partial gc" contextid="3275" timestamp="2019-08-08T19:54:19.826" />
  <attribute name="elasticGC enabled" value="1" />
  <attribute name= "numThreadsSpecified" value="16" />
  <attribute name="heapSize specified" value="0" />
  <attribute name="Current GC Util" value="241" />
  <attribute name= "Current Time Running" value="100699" />
  <attribute name ="GC Interval" value="0" />
  <attribute name="Target GC Util Change" value ="80.000000" />
  <attribute name="Current GC Util Change" value="241.000000"/>
  <attribute name="Current Error" value="-141.000000" />
  <attribute name="Output H" value="436283136"/>
  <attribute name="Output I" value="1760"/>
  <attribute name="Output T" value="16"/>
  <attribute name= "Current Time Running" value="100699" />
  <attribute name="GC Util currently" value="241" />
  <attribute name="CPU Util currently" value="1045304246521" />
<exclusive-end id="3283" timestamp="2019-08-08T19:54:19.826" durationms="10.926" />

<exclusive-start id="3284" timestamp="2019-08-08T19:54:19.898" intervalms="82.824">
  <response-info timems="0.022" idlems="0.022" threads="0" lastid="0000000001F80F00" lastname="main" />
</exclusive-start>
<allocation-taxation id="3285" taxation-threshold="115343360" timestamp="2019-08-08T19:54:19.898" intervalms="82.821" />
<cycle-start id="3286" type="partial gc" contextid="0" timestamp="2019-08-08T19:54:19.898" intervalms="82.791" />
<gc-start id="3287" type="partial gc" contextid="3286" timestamp="2019-08-08T19:54:19.899">
  <mem-info id="3288" free="142606336" total="436207616" percent="32">
    <mem type="eden" free="2096912" total="117440512" percent="1" />
    <remembered-set count="6304" freebytes="17413504" totalbytes="17438720" percent="99" regionsoverflowed="0" regionsstable="10" regionsrebuilding="0"/>
  </mem-info>
</gc-start>
<allocation-stats totalBytes="115195584" >
  <allocated-bytes non-tlh="0" tlh="115195584" arrayletleaf="0"/>
  <largest-consumer threadName="main" threadId="0000000001F80F00" bytes="115195584" />
</allocation-stats>
<gc-op id="3289" type="copy forward" timems="7.530" contextid="3286" timestamp="2019-08-08T19:54:19.907">
  <memory-copied type="eden" objects="25" bytes="1328" bytesdiscarded="672" />
  <memory-copied type="other" objects="12" bytes="288" bytesdiscarded="528" />
  <memory-cardclean objects="65" bytes="2120" />
  <regions eden="55" other="2" />
  <remembered-set-cleared processed="227" cleared="9" durationms="0.164" />
  <stringconstants candidates="13816" cleared="0"  />
</gc-op>
<gc-op id="3290" type="classunload" timems="0.008" contextid="3286" timestamp="2019-08-08T19:54:19.907">
  <classunload-info classloadercandidates="54" classloadersunloaded="0" classesunloaded="0" anonymousclassesunloaded="0" quiescems="0.000" setupms="0.007" scanms="0.000" postms="0.000" />
</gc-op>
<gc-end id="3291" type="partial gc" contextid="3286" durationms="9.138" usertimems="20.669" systemtimems="0.000" timestamp="2019-08-08T19:54:19.908" activeThreads="16">
  <mem-info id="3292" free="257949696" total="436207616" percent="59">
    <mem type="eden" free="2095152" total="2097152" percent="99" />
    <remembered-set count="7360" freebytes="17409280" totalbytes="17438720" percent="99" regionsoverflowed="0" regionsstable="10" regionsrebuilding="0"/>
  </mem-info>
</gc-end>
<cycle-end id="3293" type="partial gc" contextid="3286" timestamp="2019-08-08T19:54:19.908" />
  <attribute name="elasticGC enabled" value="1" />
  <attribute name= "numThreadsSpecified" value="16" />
  <attribute name="heapSize specified" value="0" />
  <attribute name="Current GC Util" value="227" />
  <attribute name= "Current Time Running" value="100782" />
  <attribute name ="GC Interval" value="0" />
  <attribute name="Target GC Util Change" value ="80.000000" />
  <attribute name="Current GC Util Change" value="227.000000"/>
  <attribute name="Current Error" value="-232.000000" />
  <attribute name="Output H" value="436283032"/>
  <attribute name="Output I" value="1600"/>
  <attribute name="Output T" value="16"/>
  <attribute name= "Current Time Running" value="100782" />
  <attribute name="GC Util currently" value="227" />
  <attribute name="CPU Util currently" value="1168060689003" />
<exclusive-end id="3294" timestamp="2019-08-08T19:54:19.908" durationms="9.825" />

* Round 4 done in 3.293 seconds.

-------------------------------------------------------------------------------
Benchmark: 2019-08-08 19:53:55
-------------------------------------------------------------------------------

    Rounds: 4
    Warp:   10
    Timer:  time.time

Test                             minimum  average  operation  overhead
-------------------------------------------------------------------------------
          BuiltinFunctionCalls:     21ms     53ms    0.10us    0.000ms
           BuiltinMethodLookup:     39ms    103ms    0.10us    0.000ms
                 CompareFloats:     15ms    107ms    0.09us    0.000ms
         CompareFloatsIntegers:     20ms     84ms    0.09us    0.000ms
               CompareIntegers:     22ms     70ms    0.04us    0.000ms
        CompareInternedStrings:     41ms    133ms    0.09us    0.000ms
                  CompareLongs:     18ms     55ms    0.05us    0.000ms
                CompareStrings:     31ms     80ms    0.08us    0.000ms
                CompareUnicode:     26ms     61ms    0.08us    0.000ms
                 ConcatStrings:    288ms    386ms    0.77us    0.000ms
                 ConcatUnicode:    180ms    239ms    0.80us    0.000ms
               CreateInstances:     81ms    114ms    1.02us    0.000ms
            CreateNewInstances:    101ms    133ms    1.58us    0.000ms
       CreateStringsWithConcat:     97ms    163ms    0.16us    0.000ms
       CreateUnicodeWithConcat:     43ms     76ms    0.19us    0.000ms
                  DictCreation:    101ms    162ms    0.41us    0.000ms
             DictWithFloatKeys:     16ms    103ms    0.11us    0.000ms
           DictWithIntegerKeys:     19ms     64ms    0.05us    0.000ms
            DictWithStringKeys:     21ms     57ms    0.05us    0.000ms
                      ForLoops:     99ms    137ms    5.47us    0.000ms
                    IfThenElse:     22ms     62ms    0.05us    0.000ms
                   ListSlicing:     20ms     35ms    2.50us    0.000ms
                NestedForLoops:     85ms    120ms    0.08us    0.000ms
          NormalClassAttribute:     25ms     86ms    0.07us    0.000ms
       NormalInstanceAttribute:     26ms     68ms    0.06us    0.000ms
           PythonFunctionCalls:     39ms    107ms    0.32us    0.000ms
             PythonMethodCalls:     38ms     89ms    0.39us    0.000ms
                     Recursion:     46ms    163ms    3.26us    0.000ms
                  SecondImport:     38ms     79ms    0.79us    0.000ms
           SecondPackageImport:     40ms     67ms    0.67us    0.000ms
         SecondSubmoduleImport:     70ms    101ms    1.01us    0.000ms
       SimpleComplexArithmetic:     28ms     89ms    0.10us    0.000ms
        SimpleDictManipulation:     68ms    138ms    0.12us    0.000ms
         SimpleFloatArithmetic:     22ms    134ms    0.10us    0.000ms
      SimpleIntFloatArithmetic:     20ms     90ms    0.07us    0.000ms
       SimpleIntegerArithmetic:     22ms     84ms    0.06us    0.000ms
        SimpleListManipulation:     43ms     99ms    0.08us    0.000ms
          SimpleLongArithmetic:     36ms    102ms    0.15us    0.000ms
                    SmallLists:     64ms    123ms    0.18us    0.000ms
                   SmallTuples:     81ms    170ms    0.32us    0.000ms
         SpecialClassAttribute:     25ms     78ms    0.06us    0.000ms
      SpecialInstanceAttribute:     27ms     72ms    0.06us    0.000ms
                StringMappings:    103ms    244ms    0.97us    0.000ms
              StringPredicates:     42ms    132ms    0.19us    0.000ms
                 StringSlicing:     90ms    140ms    0.25us    0.000ms
                     TryExcept:      2ms     26ms    0.01us    0.000ms
                TryRaiseExcept:     88ms    109ms    1.70us    0.000ms
                  TupleSlicing:     44ms     57ms    0.22us    0.000ms
               UnicodeMappings:    111ms    179ms    4.97us    0.000ms
             UnicodePredicates:     43ms     96ms    0.18us    0.000ms
             UnicodeProperties:    400ms    528ms    1.32us    0.000ms
                UnicodeSlicing:     74ms    112ms    0.23us    0.000ms
-------------------------------------------------------------------------------
Totals:                           3161ms   6157ms

===== DaCapo 9.12-MR1 jython PASSED in 27570 msec =====
<exclusive-start id="3295" timestamp="2019-08-08T19:54:20.148" intervalms="250.287">
  <response-info timems="0.055" idlems="0.055" threads="0" lastid="0000000001F80F00" lastname="main" />
</exclusive-start>
<allocation-taxation id="3296" taxation-threshold="115343360" timestamp="2019-08-08T19:54:20.149" intervalms="250.283" />
<cycle-start id="3297" type="partial gc" contextid="0" timestamp="2019-08-08T19:54:20.149" intervalms="250.246" />
<gc-start id="3298" type="partial gc" contextid="3297" timestamp="2019-08-08T19:54:20.149">
  <mem-info id="3299" free="142606336" total="436207616" percent="32">
    <mem type="eden" free="0" total="115343360" percent="0" />
    <remembered-set count="6880" freebytes="17411200" totalbytes="17438720" percent="99" regionsoverflowed="0" regionsstable="10" regionsrebuilding="0"/>
  </mem-info>
</gc-start>
<allocation-stats totalBytes="110714008" >
  <allocated-bytes non-tlh="126256" tlh="110587752" arrayletleaf="0"/>
  <largest-consumer threadName="main" threadId="0000000001F80F00" bytes="110714008" />
</allocation-stats>
<gc-op id="3300" type="copy forward" timems="8.878" contextid="3297" timestamp="2019-08-08T19:54:20.159">
  <memory-copied type="eden" objects="5031" bytes="655656" bytesdiscarded="84088" />
  <memory-copied type="other" objects="18" bytes="432" bytesdiscarded="648" />
  <memory-cardclean objects="614" bytes="41200" />
  <regions eden="55" other="2" />
  <remembered-set-cleared processed="228" cleared="25" durationms="0.166" />
  <finalization candidates="1" enqueued="1" />
  <ownableSynchronizers candidates="3" cleared="3" />
  <references type="soft" candidates="11" cleared="0" enqueued="0" dynamicThreshold="18" maxThreshold="32" />
  <references type="weak" candidates="75" cleared="0" enqueued="0" />
  <references type="phantom" candidates="38" cleared="0" enqueued="0" />
  <stringconstants candidates="14234" cleared="0"  />
</gc-op>
<gc-op id="3301" type="classunload" timems="0.009" contextid="3297" timestamp="2019-08-08T19:54:20.159">
  <classunload-info classloadercandidates="55" classloadersunloaded="0" classesunloaded="0" anonymousclassesunloaded="0" quiescems="0.000" setupms="0.008" scanms="0.000" postms="0.000" />
</gc-op>
<gc-end id="3302" type="partial gc" contextid="3297" durationms="10.386" usertimems="25.560" systemtimems="0.000" timestamp="2019-08-08T19:54:20.159" activeThreads="16">
  <mem-info id="3303" free="255852544" total="436207616" percent="58">
    <mem type="eden" free="1356824" total="2097152" percent="64" />
    <pending-finalizers system="1" default="0" reference="0" classloader="0" />
    <remembered-set count="7104" freebytes="17410304" totalbytes="17438720" percent="99" regionsoverflowed="0" regionsstable="10" regionsrebuilding="0"/>
  </mem-info>
</gc-end>
<cycle-end id="3304" type="partial gc" contextid="3297" timestamp="2019-08-08T19:54:20.160" />
  <attribute name="elasticGC enabled" value="1" />
  <attribute name= "numThreadsSpecified" value="16" />
  <attribute name="heapSize specified" value="0" />
  <attribute name="Current GC Util" value="119" />
  <attribute name= "Current Time Running" value="101032" />
  <attribute name ="GC Interval" value="0" />
  <attribute name="Target GC Util Change" value ="80.000000" />
  <attribute name="Current GC Util Change" value="119.000000"/>
  <attribute name="Current Error" value="-39.000000" />
  <attribute name="Output H" value="436283256"/>
  <attribute name="Output I" value="1944"/>
  <attribute name="Output T" value="16"/>
  <attribute name= "Current Time Running" value="101032" />
  <attribute name="GC Util currently" value="119" />
  <attribute name="CPU Util currently" value="1163496473739" />
<exclusive-end id="3305" timestamp="2019-08-08T19:54:20.160" durationms="11.382" />

<exclusive-start id="3306" timestamp="2019-08-08T19:54:20.176" intervalms="27.170">
  <response-info timems="0.048" idlems="0.048" threads="0" lastid="0000000001F80F00" lastname="main" />
</exclusive-start>
<allocation-taxation id="3307" taxation-threshold="115343360" timestamp="2019-08-08T19:54:20.176" intervalms="27.169" />
<cycle-start id="3308" type="partial gc" contextid="0" timestamp="2019-08-08T19:54:20.176" intervalms="27.244" />
<gc-start id="3309" type="partial gc" contextid="3308" timestamp="2019-08-08T19:54:20.176">
  <mem-info id="3310" free="140509184" total="436207616" percent="32">
    <mem type="eden" free="1068032" total="115343360" percent="0" />
    <remembered-set count="6656" freebytes="17412096" totalbytes="17438720" percent="99" regionsoverflowed="0" regionsstable="10" regionsrebuilding="0"/>
  </mem-info>
</gc-start>
<allocation-stats totalBytes="103956824" >
  <allocated-bytes non-tlh="42277672" tlh="61679152" arrayletleaf="0"/>
  <largest-consumer threadName="main" threadId="0000000001F80F00" bytes="103956824" />
</allocation-stats>
<gc-op id="3311" type="copy forward" timems="11.625" contextid="3308" timestamp="2019-08-08T19:54:20.189">
  <memory-copied type="eden" objects="2" bytes="65568" bytesdiscarded="0" />
  <memory-copied type="other" objects="5025" bytes="627176" bytesdiscarded="88832" />
  <memory-cardclean objects="257" bytes="25336" />
  <regions eden="55" other="2" />
  <remembered-set-cleared processed="230" cleared="22" durationms="0.163" />
  <references type="soft" candidates="11" cleared="0" enqueued="0" dynamicThreshold="18" maxThreshold="32" />
  <references type="weak" candidates="75" cleared="0" enqueued="0" />
  <references type="phantom" candidates="38" cleared="0" enqueued="0" />
  <stringconstants candidates="14234" cleared="0"  />
</gc-op>
<gc-op id="3312" type="classunload" timems="0.009" contextid="3308" timestamp="2019-08-08T19:54:20.189">
  <classunload-info classloadercandidates="55" classloadersunloaded="0" classesunloaded="0" anonymousclassesunloaded="0" quiescems="0.000" setupms="0.008" scanms="0.000" postms="0.000" />
</gc-op>
<gc-end id="3313" type="partial gc" contextid="3308" durationms="12.778" usertimems="31.568" systemtimems="0.000" timestamp="2019-08-08T19:54:20.189" activeThreads="16">
  <mem-info id="3314" free="253755392" total="436207616" percent="58">
    <mem type="eden" free="2031584" total="2097152" percent="96" />
    <remembered-set count="7744" freebytes="17407744" totalbytes="17438720" percent="99" regionsoverflowed="0" regionsstable="10" regionsrebuilding="0"/>
  </mem-info>
</gc-end>
<cycle-end id="3315" type="partial gc" contextid="3308" timestamp="2019-08-08T19:54:20.189" />
  <attribute name="elasticGC enabled" value="1" />
  <attribute name= "numThreadsSpecified" value="16" />
  <attribute name="heapSize specified" value="0" />
  <attribute name="Current GC Util" value="178" />
  <attribute name= "Current Time Running" value="101059" />
  <attribute name ="GC Interval" value="0" />
  <attribute name="Target GC Util Change" value ="80.000000" />
  <attribute name="Current GC Util Change" value="178.000000"/>
  <attribute name="Current Error" value="-152.000000" />
  <attribute name="Output H" value="436283128"/>
  <attribute name="Output I" value="1744"/>
  <attribute name="Output T" value="16"/>
  <attribute name= "Current Time Running" value="101059" />
  <attribute name="GC Util currently" value="178" />
  <attribute name="CPU Util currently" value="1723798796980" />
<exclusive-end id="3316" timestamp="2019-08-08T19:54:20.189" durationms="13.485" />

<exclusive-start id="3317" timestamp="2019-08-08T19:54:20.197" intervalms="20.980">
  <response-info timems="0.071" idlems="0.071" threads="0" lastid="0000000001F80F00" lastname="main" />
</exclusive-start>
<sys-start reason="explicit" id="3318" timestamp="2019-08-08T19:54:20.197" intervalms="27839.280" />
<cycle-start id="3319" type="global garbage collect" contextid="0" timestamp="2019-08-08T19:54:20.197" intervalms="100805.648" />
<gc-start id="3320" type="global garbage collect" contextid="3319" timestamp="2019-08-08T19:54:20.197">
  <mem-info id="3321" free="221259040" total="436207616" percent="50">
    <mem type="eden" free="3089664" total="35651584" percent="8" />
    <remembered-set count="7264" freebytes="17409664" totalbytes="17438720" percent="99" regionsoverflowed="0" regionsstable="10" regionsrebuilding="0"/>
  </mem-info>
</gc-start>
<allocation-stats totalBytes="32496352" >
  <allocated-bytes non-tlh="32430816" tlh="65536" arrayletleaf="0"/>
  <largest-consumer threadName="main" threadId="0000000001F80F00" bytes="32496352" />
</allocation-stats>
<gc-op id="3322" type="global mark" timems="11.998" contextid="3319" timestamp="2019-08-08T19:54:20.209">
  <trace-info objectcount="607571" scancount="525017" scanbytes="13570400" />
  <finalization candidates="80" enqueued="0" />
  <ownableSynchronizers candidates="21" cleared="0" />
  <references type="soft" candidates="4498" cleared="0" enqueued="0" dynamicThreshold="18" maxThreshold="32" />
  <references type="weak" candidates="5868" cleared="85" enqueued="72" />
  <references type="phantom" candidates="133" cleared="11" enqueued="11" />
  <stringconstants candidates="14234" cleared="55"  />
</gc-op>
<gc-op id="3323" type="classunload" timems="0.008" contextid="3319" timestamp="2019-08-08T19:54:20.209">
  <classunload-info classloadercandidates="55" classloadersunloaded="0" classesunloaded="0" anonymousclassesunloaded="0" quiescems="0.000" setupms="0.008" scanms="0.000" postms="0.000" />
</gc-op>
<gc-op id="3324" type="sweep" timems="2.399" contextid="3319" timestamp="2019-08-08T19:54:20.212" />
<gc-op id="3325" type="compact" timems="32.600" contextid="3319" timestamp="2019-08-08T19:54:20.245">
  <compact-info movecount="607570" movebytes="18708576" />
  <remembered-set-cleared processed="95056" cleared="95056" durationms="0.496" />
</gc-op>
<heap-resize id="3326" type="contract" space="default" amount="23068672" count="1" timems="0.159" reason="excess free space following gc" timestamp="2019-08-08T19:54:20.245" />
<gc-end id="3327" type="global garbage collect" contextid="3319" durationms="48.075" usertimems="218.655" systemtimems="0.000" timestamp="2019-08-08T19:54:20.245" activeThreads="16">
  <mem-info id="3328" free="383778816" total="413138944" percent="92">
    <pending-finalizers system="0" default="0" reference="83" classloader="0" />
    <remembered-set count="49152" freebytes="17242112" totalbytes="17438720" percent="98" regionsoverflowed="0" regionsstable="0" regionsrebuilding="0"/>
  </mem-info>
</gc-end>
<cycle-end id="3329" type="global garbage collect" contextid="3319" timestamp="2019-08-08T19:54:20.245" />
  <attribute name="elasticGC enabled" value="1" />
  <attribute name= "numThreadsSpecified" value="16" />
  <attribute name="heapSize specified" value="0" />
  <attribute name="Current GC Util" value="198" />
  <attribute name= "Current Time Running" value="101094" />
  <attribute name ="GC Interval" value="0" />
  <attribute name="Target GC Util Change" value ="80.000000" />
  <attribute name="Current GC Util Change" value="198.000000"/>
  <attribute name="Current Error" value="-766.000000" />
  <attribute name="Output H" value="436282416"/>
  <attribute name="Output I" value="640"/>
  <attribute name="Output T" value="16"/>
  <attribute name= "Current Time Running" value="101094" />
  <attribute name="GC Util currently" value="198" />
  <attribute name="CPU Util currently" value="453402521677" />
<sys-end id="3330" timestamp="2019-08-08T19:54:20.246" />
<exclusive-end id="3331" timestamp="2019-08-08T19:54:20.246" durationms="48.904" />

===== DaCapo 9.12-MR1 pmd starting =====
<exclusive-start id="3332" timestamp="2019-08-08T19:54:21.101" intervalms="904.013">
  <response-info timems="0.267" idlems="0.225" threads="1" lastid="00000000022A3600" lastname="PmdThread 11" />
</exclusive-start>
<allocation-taxation id="3333" taxation-threshold="109051904" timestamp="2019-08-08T19:54:21.101" intervalms="924.988" />
<cycle-start id="3334" type="partial gc" contextid="0" timestamp="2019-08-08T19:54:21.101" intervalms="924.922" />
<gc-start id="3335" type="partial gc" contextid="3334" timestamp="2019-08-08T19:54:21.101">
  <mem-info id="3336" free="274726912" total="413138944" percent="66">
    <mem type="eden" free="0" total="109051904" percent="0" />
    <remembered-set count="48832" freebytes="17243392" totalbytes="17438720" percent="98" regionsoverflowed="0" regionsstable="0" regionsrebuilding="0"/>
  </mem-info>
</gc-start>
<allocation-stats totalBytes="108946064" >
  <allocated-bytes non-tlh="601048" tlh="108345016" arrayletleaf="0"/>
  <largest-consumer threadName="PmdThread 13" threadId="000000000226EF00" bytes="10544384" />
</allocation-stats>
<gc-op id="3337" type="copy forward" timems="18.445" contextid="3334" timestamp="2019-08-08T19:54:21.121">
  <memory-copied type="eden" objects="223948" bytes="11092744" bytesdiscarded="1394064" />
  <memory-copied type="other" objects="0" bytes="0" bytesdiscarded="0" />
  <memory-cardclean objects="1630" bytes="77064" />
  <regions eden="52" other="0" />
  <remembered-set-cleared processed="44047" cleared="280" durationms="0.202" />
  <finalization candidates="4" enqueued="0" />
  <ownableSynchronizers candidates="19" cleared="0" />
  <references type="soft" candidates="153" cleared="0" enqueued="0" dynamicThreshold="29" maxThreshold="32" />
  <references type="weak" candidates="1590" cleared="0" enqueued="0" />
  <references type="phantom" candidates="369" cleared="0" enqueued="0" />
  <stringconstants candidates="15680" cleared="4"  />
</gc-op>
<gc-op id="3338" type="classunload" timems="0.012" contextid="3334" timestamp="2019-08-08T19:54:21.121">
  <classunload-info classloadercandidates="58" classloadersunloaded="0" classesunloaded="0" anonymousclassesunloaded="0" quiescems="0.000" setupms="0.011" scanms="0.000" postms="0.000" />
</gc-op>
<heap-resize id="3339" type="contract" space="default" amount="20971520" count="1" timems="0.191" reason="excess free space following gc" timestamp="2019-08-08T19:54:21.122" />
<gc-end id="3340" type="partial gc" contextid="3334" durationms="20.680" usertimems="66.874" systemtimems="0.000" timestamp="2019-08-08T19:54:21.122" activeThreads="16">
  <mem-info id="3341" free="348127232" total="392167424" percent="88">
    <mem type="eden" free="2149800" total="14680064" percent="14" />
    <remembered-set count="75936" freebytes="16212736" totalbytes="16516480" percent="98" regionsoverflowed="0" regionsstable="0" regionsrebuilding="0"/>
  </mem-info>
</gc-end>
<cycle-end id="3342" type="partial gc" contextid="3334" timestamp="2019-08-08T19:54:21.123" />
  <attribute name="elasticGC enabled" value="1" />
  <attribute name= "numThreadsSpecified" value="16" />
  <attribute name="heapSize specified" value="0" />
  <attribute name="Current GC Util" value="61" />
  <attribute name= "Current Time Running" value="101984" />
  <attribute name ="GC Interval" value="0" />
  <attribute name="Target GC Util Change" value ="80.000000" />
  <attribute name="Current GC Util Change" value="61.000000"/>
  <attribute name="Current Error" value="84.000000" />
  <attribute name="Output H" value="413214720"/>
  <attribute name="Output I" value="2160"/>
  <attribute name="Output T" value="16"/>
  <attribute name= "Current Time Running" value="101984" />
  <attribute name="GC Util currently" value="61" />
  <attribute name="CPU Util currently" value="744926628266" />
<exclusive-end id="3343" timestamp="2019-08-08T19:54:21.123" durationms="22.227" />

<exclusive-start id="3344" timestamp="2019-08-08T19:54:21.322" intervalms="221.197">
  <response-info timems="0.457" idlems="0.294" threads="5" lastid="000000000226EF00" lastname="PmdThread 13" />
</exclusive-start>
<allocation-taxation id="3345" taxation-threshold="104857600" timestamp="2019-08-08T19:54:21.322" intervalms="221.197" />
<cycle-start id="3346" type="partial gc" contextid="0" timestamp="2019-08-08T19:54:21.322" intervalms="221.263" />
<gc-start id="3347" type="partial gc" contextid="3346" timestamp="2019-08-08T19:54:21.322">
  <mem-info id="3348" free="243269632" total="392167424" percent="62">
    <mem type="eden" free="0" total="104857600" percent="0" />
    <remembered-set count="19744" freebytes="16437504" totalbytes="16516480" percent="99" regionsoverflowed="0" regionsstable="8" regionsrebuilding="0"/>
  </mem-info>
</gc-start>
<allocation-stats totalBytes="104799888" >
  <allocated-bytes non-tlh="23832" tlh="104776056" arrayletleaf="0"/>
  <largest-consumer threadName="PmdThread 14" threadId="0000000002272B00" bytes="13188600" />
</allocation-stats>
<gc-op id="3349" type="copy forward" timems="24.667" contextid="3346" timestamp="2019-08-08T19:54:21.349">
  <memory-copied type="eden" objects="301567" bytes="13296872" bytesdiscarded="1400096" />
  <memory-copied type="other" objects="124360" bytes="5228472" bytesdiscarded="598904" />
  <memory-cardclean objects="803" bytes="43912" />
  <regions eden="50" other="7" />
  <remembered-set-cleared processed="2142" cleared="993" durationms="0.164" />
  <finalization candidates="4" enqueued="0" />
  <ownableSynchronizers candidates="19" cleared="0" />
  <references type="soft" candidates="153" cleared="0" enqueued="0" dynamicThreshold="28" maxThreshold="32" />
  <references type="weak" candidates="2506" cleared="0" enqueued="0" />
  <references type="phantom" candidates="622" cleared="0" enqueued="0" />
  <stringconstants candidates="15791" cleared="0"  />
</gc-op>
<gc-op id="3350" type="classunload" timems="0.012" contextid="3346" timestamp="2019-08-08T19:54:21.349">
  <classunload-info classloadercandidates="58" classloadersunloaded="0" classesunloaded="0" anonymousclassesunloaded="0" quiescems="0.000" setupms="0.012" scanms="0.000" postms="0.000" />
</gc-op>
<heap-resize id="3351" type="contract" space="default" amount="20971520" count="1" timems="0.162" reason="excess free space following gc" timestamp="2019-08-08T19:54:21.349" />
<gc-end id="3352" type="partial gc" contextid="3346" durationms="27.306" usertimems="118.452" systemtimems="0.000" timestamp="2019-08-08T19:54:21.350" activeThreads="16">
  <mem-info id="3353" free="318767104" total="371195904" percent="85">
    <mem type="eden" free="2058016" total="16777216" percent="12" />
    <remembered-set count="35392" freebytes="15536512" totalbytes="15678080" percent="99" regionsoverflowed="0" regionsstable="8" regionsrebuilding="0"/>
  </mem-info>
</gc-end>
<cycle-end id="3354" type="partial gc" contextid="3346" timestamp="2019-08-08T19:54:21.350" />
  <attribute name="elasticGC enabled" value="1" />
  <attribute name= "numThreadsSpecified" value="16" />
  <attribute name="heapSize specified" value="0" />
  <attribute name="Current GC Util" value="81" />
  <attribute name= "Current Time Running" value="102206" />
  <attribute name ="GC Interval" value="0" />
  <attribute name="Target GC Util Change" value ="80.000000" />
  <attribute name="Current GC Util Change" value="81.000000"/>
  <attribute name="Current Error" value="133.000000" />
  <attribute name="Output H" value="392243264"/>
  <attribute name="Output I" value="2248"/>
  <attribute name="Output T" value="16"/>
  <attribute name= "Current Time Running" value="102206" />
  <attribute name="GC Util currently" value="81" />
  <attribute name="CPU Util currently" value="583032375532" />
<exclusive-end id="3355" timestamp="2019-08-08T19:54:21.350" durationms="28.217" />

<exclusive-start id="3356" timestamp="2019-08-08T19:54:21.508" intervalms="185.715">
  <response-info timems="0.395" idlems="0.234" threads="1" lastid="00000000022B6100" lastname="PmdThread 7" />
</exclusive-start>
<allocation-taxation id="3357" taxation-threshold="98566144" timestamp="2019-08-08T19:54:21.508" intervalms="185.711" />
<cycle-start id="3358" type="partial gc" contextid="0" timestamp="2019-08-08T19:54:21.508" intervalms="185.895" />
<gc-start id="3359" type="partial gc" contextid="3358" timestamp="2019-08-08T19:54:21.508">
  <mem-info id="3360" free="220200960" total="371195904" percent="59">
    <mem type="eden" free="0" total="98566144" percent="0" />
    <remembered-set count="35200" freebytes="15537280" totalbytes="15678080" percent="99" regionsoverflowed="0" regionsstable="8" regionsrebuilding="0"/>
  </mem-info>
</gc-start>
<allocation-stats totalBytes="98526832" >
  <allocated-bytes non-tlh="64080" tlh="98462752" arrayletleaf="0"/>
  <largest-consumer threadName="PmdThread 1" threadId="000000000227DF00" bytes="12065848" />
</allocation-stats>
<gc-op id="3361" type="copy forward" timems="30.953" contextid="3358" timestamp="2019-08-08T19:54:21.542">
  <memory-copied type="eden" objects="195480" bytes="8974800" bytesdiscarded="1283656" />
  <memory-copied type="other" objects="327237" bytes="13134176" bytesdiscarded="1047632" />
  <memory-cardclean objects="830" bytes="47952" />
  <memory-traced type="eden" objects="4601" bytes="186208" />
  <memory-traced type="other" objects="0" bytes="0" />
  <regions eden="47" other="11" evacuated="57" marked="1" />
  <remembered-set-cleared processed="1928" cleared="779" durationms="0.113" />
  <finalization candidates="4" enqueued="0" />
  <ownableSynchronizers candidates="19" cleared="0" />
  <references type="soft" candidates="153" cleared="0" enqueued="0" dynamicThreshold="27" maxThreshold="32" />
  <references type="weak" candidates="3054" cleared="0" enqueued="0" />
  <references type="phantom" candidates="836" cleared="0" enqueued="0" />
  <stringconstants candidates="15867" cleared="0"  />
</gc-op>
<gc-op id="3362" type="classunload" timems="0.010" contextid="3358" timestamp="2019-08-08T19:54:21.542">
  <classunload-info classloadercandidates="58" classloadersunloaded="0" classesunloaded="0" anonymousclassesunloaded="0" quiescems="0.000" setupms="0.009" scanms="0.000" postms="0.000" />
</gc-op>
<gc-op id="3363" type="sweep" timems="1.640" contextid="3358" timestamp="2019-08-08T19:54:21.543" />
<gc-op id="3364" type="compact" timems="4.812" contextid="3358" timestamp="2019-08-08T19:54:21.548">
  <compact-info movecount="0" movebytes="0" />
  <remembered-set-cleared processed="35646" cleared="779" durationms="0.186" />
</gc-op>
<heap-resize id="3365" type="contract" space="default" amount="18874368" count="1" timems="0.121" reason="excess free space following gc" timestamp="2019-08-08T19:54:21.549" />
<gc-end id="3366" type="partial gc" contextid="3358" durationms="40.469" usertimems="179.482" systemtimems="0.000" timestamp="2019-08-08T19:54:21.549" activeThreads="16">
  <mem-info id="3367" free="293601280" total="352321536" percent="83">
    <mem type="eden" free="206480" total="12582912" percent="1" />
    <remembered-set count="38976" freebytes="14683776" totalbytes="14839680" percent="98" regionsoverflowed="0" regionsstable="8" regionsrebuilding="0"/>
  </mem-info>
</gc-end>
<cycle-end id="3368" type="partial gc" contextid="3358" timestamp="2019-08-08T19:54:21.549" />
  <attribute name="elasticGC enabled" value="1" />
  <attribute name= "numThreadsSpecified" value="16" />
  <attribute name="heapSize specified" value="0" />
  <attribute name="Current GC Util" value="192" />
  <attribute name= "Current Time Running" value="102425" />
  <attribute name ="GC Interval" value="0" />
  <attribute name="Target GC Util Change" value ="80.000000" />
  <attribute name="Current GC Util Change" value="192.000000"/>
  <attribute name="Current Error" value="-487.000000" />
  <attribute name="Output H" value="371271024"/>
  <attribute name="Output I" value="1144"/>
  <attribute name="Output T" value="16"/>
  <attribute name= "Current Time Running" value="102425" />
  <attribute name="GC Util currently" value="192" />
  <attribute name="CPU Util currently" value="672889097385" />
<exclusive-end id="3369" timestamp="2019-08-08T19:54:21.549" durationms="41.363" />

<exclusive-start id="3370" timestamp="2019-08-08T19:54:21.734" intervalms="226.634">
  <response-info timems="0.310" idlems="0.310" threads="0" lastid="00000000022BD900" lastname="PmdThread 15" />
</exclusive-start>
<allocation-taxation id="3371" taxation-threshold="94371840" timestamp="2019-08-08T19:54:21.734" intervalms="226.640" />
<cycle-start id="3372" type="partial gc" contextid="0" timestamp="2019-08-08T19:54:21.734" intervalms="226.427" />
<gc-start id="3373" type="partial gc" contextid="3372" timestamp="2019-08-08T19:54:21.735">
  <mem-info id="3374" free="199229440" total="352321536" percent="56">
    <mem type="eden" free="0" total="96468992" percent="0" />
    <remembered-set count="38528" freebytes="14685568" totalbytes="14839680" percent="98" regionsoverflowed="0" regionsstable="8" regionsrebuilding="0"/>
  </mem-info>
</gc-start>
<allocation-stats totalBytes="94339720" >
  <allocated-bytes non-tlh="93448" tlh="94246272" arrayletleaf="0"/>
  <largest-consumer threadName="PmdThread 13" threadId="000000000226EF00" bytes="18873184" />
</allocation-stats>
<gc-op id="3375" type="copy forward" timems="21.376" contextid="3372" timestamp="2019-08-08T19:54:21.758">
  <memory-copied type="eden" objects="134718" bytes="6989160" bytesdiscarded="790720" />
  <memory-copied type="other" objects="265402" bytes="10924000" bytesdiscarded="1269640" />
  <memory-cardclean objects="29979" bytes="1638936" />
  <regions eden="45" other="10" />
  <remembered-set-cleared processed="5348" cleared="3142" durationms="0.114" />
  <finalization candidates="1" enqueued="0" />
  <references type="soft" candidates="8" cleared="0" enqueued="0" dynamicThreshold="26" maxThreshold="32" />
  <references type="weak" candidates="2644" cleared="0" enqueued="0" />
  <references type="phantom" candidates="723" cleared="0" enqueued="0" />
  <stringconstants candidates="15948" cleared="0"  />
</gc-op>
<gc-op id="3376" type="classunload" timems="0.012" contextid="3372" timestamp="2019-08-08T19:54:21.758">
  <classunload-info classloadercandidates="58" classloadersunloaded="0" classesunloaded="0" anonymousclassesunloaded="0" quiescems="0.000" setupms="0.011" scanms="0.000" postms="0.000" />
</gc-op>
<heap-resize id="3377" type="contract" space="default" amount="18874368" count="1" timems="0.132" reason="excess free space following gc" timestamp="2019-08-08T19:54:21.758" />
<gc-end id="3378" type="partial gc" contextid="3372" durationms="23.866" usertimems="107.207" systemtimems="0.000" timestamp="2019-08-08T19:54:21.758" activeThreads="16">
  <mem-info id="3379" free="272629760" total="333447168" percent="81">
    <mem type="eden" free="566136" total="8388608" percent="6" />
    <remembered-set count="41856" freebytes="13917696" totalbytes="14085120" percent="98" regionsoverflowed="0" regionsstable="8" regionsrebuilding="0"/>
  </mem-info>
</gc-end>
<cycle-end id="3380" type="partial gc" contextid="3372" timestamp="2019-08-08T19:54:21.759" />
  <attribute name="elasticGC enabled" value="1" />
  <attribute name= "numThreadsSpecified" value="16" />
  <attribute name="heapSize specified" value="0" />
  <attribute name="Current GC Util" value="59" />
  <attribute name= "Current Time Running" value="102618" />
  <attribute name ="GC Interval" value="0" />
  <attribute name="Target GC Util Change" value ="80.000000" />
  <attribute name="Current GC Util Change" value="59.000000"/>
  <attribute name="Current Error" value="-401.000000" />
  <attribute name="Output H" value="352396760"/>
  <attribute name="Output I" value="1296"/>
  <attribute name="Output T" value="16"/>
  <attribute name= "Current Time Running" value="102618" />
  <attribute name="GC Util currently" value="59" />
  <attribute name="CPU Util currently" value="692590489165" />
<exclusive-end id="3381" timestamp="2019-08-08T19:54:21.759" durationms="24.562" />

<exclusive-start id="3382" timestamp="2019-08-08T19:54:21.946" intervalms="211.473">
  <response-info timems="2.247" idlems="2.247" threads="0" lastid="00000000022BD900" lastname="PmdThread 15" />
</exclusive-start>
<allocation-taxation id="3383" taxation-threshold="90177536" timestamp="2019-08-08T19:54:21.946" intervalms="211.477" />
<cycle-start id="3384" type="partial gc" contextid="0" timestamp="2019-08-08T19:54:21.946" intervalms="211.539" />
<gc-start id="3385" type="partial gc" contextid="3384" timestamp="2019-08-08T19:54:21.946">
  <mem-info id="3386" free="182452224" total="333447168" percent="54">
    <mem type="eden" free="0" total="90177536" percent="0" />
    <remembered-set count="41440" freebytes="13919360" totalbytes="14085120" percent="98" regionsoverflowed="0" regionsstable="8" regionsrebuilding="0"/>
  </mem-info>
</gc-start>
<allocation-stats totalBytes="90138440" >
  <allocated-bytes non-tlh="25016" tlh="90113424" arrayletleaf="0"/>
  <largest-consumer threadName="PmdThread 16" threadId="00000000022A7200" bytes="9354976" />
</allocation-stats>
<gc-op id="3387" type="copy forward" timems="25.965" contextid="3384" timestamp="2019-08-08T19:54:21.974">
  <memory-copied type="eden" objects="123865" bytes="6925112" bytesdiscarded="920744" />
  <memory-copied type="other" objects="255289" bytes="10134192" bytesdiscarded="1084640" />
  <memory-cardclean objects="62799" bytes="3113680" />
  <regions eden="43" other="8" />
  <remembered-set-cleared processed="16552" cleared="11633" durationms="0.267" />
  <references type="soft" candidates="8" cleared="0" enqueued="0" dynamicThreshold="26" maxThreshold="32" />
  <references type="weak" candidates="2846" cleared="0" enqueued="0" />
  <references type="phantom" candidates="843" cleared="0" enqueued="0" />
  <stringconstants candidates="16038" cleared="0"  />
</gc-op>
<gc-op id="3388" type="classunload" timems="0.010" contextid="3384" timestamp="2019-08-08T19:54:21.974">
  <classunload-info classloadercandidates="58" classloadersunloaded="0" classesunloaded="0" anonymousclassesunloaded="0" quiescems="0.000" setupms="0.009" scanms="0.000" postms="0.000" />
</gc-op>
<heap-resize id="3389" type="contract" space="default" amount="16777216" count="1" timems="0.120" reason="excess free space following gc" timestamp="2019-08-08T19:54:21.975" />
<gc-end id="3390" type="partial gc" contextid="3384" durationms="28.614" usertimems="118.198" systemtimems="30.022" timestamp="2019-08-08T19:54:21.975" activeThreads="16">
  <mem-info id="3391" free="251658240" total="316669952" percent="79">
    <mem type="eden" free="519576" total="8388608" percent="6" />
    <remembered-set count="52928" freebytes="13118848" totalbytes="13330560" percent="98" regionsoverflowed="0" regionsstable="8" regionsrebuilding="0"/>
  </mem-info>
</gc-end>
<cycle-end id="3392" type="partial gc" contextid="3384" timestamp="2019-08-08T19:54:21.975" />
  <attribute name="elasticGC enabled" value="1" />
  <attribute name= "numThreadsSpecified" value="16" />
  <attribute name="heapSize specified" value="0" />
  <attribute name="Current GC Util" value="141" />
  <attribute name= "Current Time Running" value="102830" />
  <attribute name ="GC Interval" value="0" />
  <attribute name="Target GC Util Change" value ="80.000000" />
  <attribute name="Current GC Util Change" value="141.000000"/>
  <attribute name="Current Error" value="-432.000000" />
  <attribute name="Output H" value="333522352"/>
  <attribute name="Output I" value="1240"/>
  <attribute name="Output T" value="16"/>
  <attribute name= "Current Time Running" value="102830" />
  <attribute name="GC Util currently" value="141" />
  <attribute name="CPU Util currently" value="573588765901" />
<exclusive-end id="3393" timestamp="2019-08-08T19:54:21.975" durationms="29.375" />

<exclusive-start id="3394" timestamp="2019-08-08T19:54:22.189" intervalms="243.606">
  <response-info timems="0.020" idlems="0.020" threads="0" lastid="0000000002272B00" lastname="PmdThread 14" />
</exclusive-start>
<allocation-taxation id="3395" taxation-threshold="85983232" timestamp="2019-08-08T19:54:22.189" intervalms="243.630" />
<cycle-start id="3396" type="partial gc" contextid="0" timestamp="2019-08-08T19:54:22.189" intervalms="243.641" />
<gc-start id="3397" type="partial gc" contextid="3396" timestamp="2019-08-08T19:54:22.190">
  <mem-info id="3398" free="165675008" total="316669952" percent="52">
    <mem type="eden" free="0" total="85983232" percent="0" />
    <remembered-set count="52768" freebytes="13119488" totalbytes="13330560" percent="98" regionsoverflowed="0" regionsstable="8" regionsrebuilding="0"/>
  </mem-info>
</gc-start>
<allocation-stats totalBytes="85903528" >
  <allocated-bytes non-tlh="456944" tlh="85446584" arrayletleaf="0"/>
  <largest-consumer threadName="PmdThread 14" threadId="0000000002272B00" bytes="53615384" />
</allocation-stats>
<gc-op id="3399" type="copy forward" timems="29.502" contextid="3396" timestamp="2019-08-08T19:54:22.221">
  <memory-copied type="eden" objects="37418" bytes="2060840" bytesdiscarded="372400" />
  <memory-copied type="other" objects="249204" bytes="10466920" bytesdiscarded="691488" />
  <memory-cardclean objects="89485" bytes="3984768" />
  <regions eden="41" other="8" />
  <remembered-set-cleared processed="19756" cleared="14569" durationms="0.203" />
  <references type="soft" candidates="2" cleared="0" enqueued="0" dynamicThreshold="25" maxThreshold="32" />
  <references type="weak" candidates="3660" cleared="0" enqueued="0" />
  <references type="phantom" candidates="632" cleared="0" enqueued="0" />
  <stringconstants candidates="16114" cleared="0"  />
</gc-op>
<gc-op id="3400" type="classunload" timems="0.009" contextid="3396" timestamp="2019-08-08T19:54:22.221">
  <classunload-info classloadercandidates="58" classloadersunloaded="0" classesunloaded="0" anonymousclassesunloaded="0" quiescems="0.000" setupms="0.009" scanms="0.000" postms="0.000" />
</gc-op>
<heap-resize id="3401" type="contract" space="default" amount="16777216" count="1" timems="0.194" reason="excess free space following gc" timestamp="2019-08-08T19:54:22.222" />
<gc-end id="3402" type="partial gc" contextid="3396" durationms="31.810" usertimems="128.121" systemtimems="49.234" timestamp="2019-08-08T19:54:22.222" activeThreads="16">
  <mem-info id="3403" free="234881024" total="299892736" percent="78">
    <mem type="eden" free="1741304" total="4194304" percent="41" />
    <remembered-set count="56736" freebytes="12432896" totalbytes="12659840" percent="98" regionsoverflowed="0" regionsstable="8" regionsrebuilding="0"/>
  </mem-info>
</gc-end>
<cycle-end id="3404" type="partial gc" contextid="3396" timestamp="2019-08-08T19:54:22.222" />
  <attribute name="elasticGC enabled" value="1" />
  <attribute name= "numThreadsSpecified" value="16" />
  <attribute name="heapSize specified" value="0" />
  <attribute name="Current GC Util" value="81" />
  <attribute name= "Current Time Running" value="103073" />
  <attribute name ="GC Interval" value="0" />
  <attribute name="Target GC Util Change" value ="80.000000" />
  <attribute name="Current GC Util Change" value="81.000000"/>
  <attribute name="Current Error" value="20.000000" />
  <attribute name="Output H" value="316745656"/>
  <attribute name="Output I" value="2048"/>
  <attribute name="Output T" value="16"/>
  <attribute name= "Current Time Running" value="103073" />
  <attribute name="GC Util currently" value="81" />
  <attribute name="CPU Util currently" value="737944348160" />
<exclusive-end id="3405" timestamp="2019-08-08T19:54:22.222" durationms="32.774" />

===== DaCapo 9.12-MR1 pmd PASSED in 2199 msec =====
Using scaled threading model. 16 processors detected, 16 threads used to drive the workload, in a possible range of [1,512]
<exclusive-start id="3406" timestamp="2019-08-08T19:54:22.573" intervalms="383.926">
  <response-info timems="0.027" idlems="0.027" threads="0" lastid="0000000001F80F00" lastname="main" />
</exclusive-start>
<sys-start reason="explicit" id="3407" timestamp="2019-08-08T19:54:22.573" intervalms="2376.533" />
<cycle-start id="3408" type="global garbage collect" contextid="0" timestamp="2019-08-08T19:54:22.573" intervalms="2376.390" />
<gc-start id="3409" type="global garbage collect" contextid="3408" timestamp="2019-08-08T19:54:22.574">
  <mem-info id="3410" free="194379768" total="299892736" percent="64">
    <mem type="eden" free="1441784" total="41943040" percent="3" />
    <remembered-set count="56480" freebytes="12433920" totalbytes="12659840" percent="98" regionsoverflowed="0" regionsstable="8" regionsrebuilding="0"/>
  </mem-info>
</gc-start>
<allocation-stats totalBytes="40491368" >
  <allocated-bytes non-tlh="2915624" tlh="37575744" arrayletleaf="0"/>
  <largest-consumer threadName="main" threadId="0000000001F80F00" bytes="9693352" />
</allocation-stats>
<gc-op id="3411" type="global mark" timems="12.597" contextid="3408" timestamp="2019-08-08T19:54:22.587">
  <trace-info objectcount="635562" scancount="548258" scanbytes="14313948" />
  <finalization candidates="152" enqueued="1" />
  <ownableSynchronizers candidates="42" cleared="19" />
  <references type="soft" candidates="4532" cleared="0" enqueued="0" dynamicThreshold="25" maxThreshold="32" />
  <references type="weak" candidates="12201" cleared="5938" enqueued="5863" />
  <references type="phantom" candidates="1599" cleared="746" enqueued="746" />
  <stringconstants candidates="16310" cleared="1766"  />
</gc-op>
<gc-op id="3412" type="classunload" timems="13.662" contextid="3408" timestamp="2019-08-08T19:54:22.600">
  <classunload-info classloadercandidates="59" classloadersunloaded="4" classesunloaded="1006" anonymousclassesunloaded="0" quiescems="0.000" setupms="5.730" scanms="7.887" postms="0.044" />
</gc-op>
<gc-op id="3413" type="sweep" timems="2.168" contextid="3408" timestamp="2019-08-08T19:54:22.603" />
<gc-op id="3414" type="compact" timems="39.594" contextid="3408" timestamp="2019-08-08T19:54:22.643">
  <compact-info movecount="635556" movebytes="22589136" />
  <remembered-set-cleared processed="134099" cleared="134099" durationms="0.523" />
</gc-op>
<heap-resize id="3415" type="contract" space="default" amount="16777216" count="1" timems="0.628" reason="excess free space following gc" timestamp="2019-08-08T19:54:22.643" />
<gc-end id="3416" type="global garbage collect" contextid="3408" durationms="69.905" usertimems="212.386" systemtimems="1.352" timestamp="2019-08-08T19:54:22.644" activeThreads="16">
  <mem-info id="3417" free="247463936" total="283115520" percent="87">
    <pending-finalizers system="1" default="0" reference="6609" classloader="0" />
    <remembered-set count="55808" freebytes="12436608" totalbytes="12659840" percent="98" regionsoverflowed="0" regionsstable="0" regionsrebuilding="0"/>
  </mem-info>
</gc-end>
<cycle-end id="3418" type="global garbage collect" contextid="3408" timestamp="2019-08-08T19:54:22.645" />
  <attribute name="elasticGC enabled" value="1" />
  <attribute name= "numThreadsSpecified" value="16" />
  <attribute name="heapSize specified" value="0" />
  <attribute name="Current GC Util" value="224" />
  <attribute name= "Current Time Running" value="103485" />
  <attribute name ="GC Interval" value="0" />
  <attribute name="Target GC Util Change" value ="80.000000" />
  <attribute name="Current GC Util Change" value="224.000000"/>
  <attribute name="Current Error" value="-260.000000" />
  <attribute name="Output H" value="299968120"/>
  <attribute name="Output I" value="1544"/>
  <attribute name="Output T" value="16"/>
  <attribute name= "Current Time Running" value="103485" />
  <attribute name="GC Util currently" value="224" />
  <attribute name="CPU Util currently" value="484609122132" />
<sys-end id="3419" timestamp="2019-08-08T19:54:22.645" />
<exclusive-end id="3420" timestamp="2019-08-08T19:54:22.645" durationms="72.155" />

===== DaCapo 9.12-MR1 sunflow starting =====
<exclusive-start id="3421" timestamp="2019-08-08T19:54:23.020" intervalms="446.704">
  <response-info timems="0.205" idlems="0.205" threads="0" lastid="0000000002272B00" lastname="Thread-27" />
</exclusive-start>
<allocation-taxation id="3422" taxation-threshold="77594624" timestamp="2019-08-08T19:54:23.020" intervalms="830.603" />
<cycle-start id="3423" type="partial gc" contextid="0" timestamp="2019-08-08T19:54:23.020" intervalms="830.539" />
<gc-start id="3424" type="partial gc" contextid="3423" timestamp="2019-08-08T19:54:23.020">
  <mem-info id="3425" free="169869312" total="283115520" percent="60">
    <mem type="eden" free="0" total="77594624" percent="0" />
    <remembered-set count="55776" freebytes="12436736" totalbytes="12659840" percent="98" regionsoverflowed="0" regionsstable="0" regionsrebuilding="0"/>
  </mem-info>
</gc-start>
<allocation-stats totalBytes="77528184" >
  <allocated-bytes non-tlh="3334592" tlh="74193592" arrayletleaf="0"/>
  <largest-consumer threadName="Thread-22" threadId="00000000022B9D00" bytes="5921048" />
</allocation-stats>
<gc-op id="3426" type="copy forward" timems="16.104" contextid="3423" timestamp="2019-08-08T19:54:23.038">
  <memory-copied type="eden" objects="112722" bytes="6527272" bytesdiscarded="838184" />
  <memory-copied type="other" objects="0" bytes="0" bytesdiscarded="0" />
  <memory-cardclean objects="93497" bytes="3144256" />
  <regions eden="37" other="0" />
  <remembered-set-cleared processed="40273" cleared="7683" durationms="0.461" />
  <references type="soft" candidates="15" cleared="0" enqueued="0" dynamicThreshold="27" maxThreshold="32" />
  <references type="weak" candidates="38" cleared="0" enqueued="0" />
  <references type="phantom" candidates="2" cleared="0" enqueued="0" />
  <stringconstants candidates="15097" cleared="1"  />
</gc-op>
<gc-op id="3427" type="classunload" timems="0.009" contextid="3423" timestamp="2019-08-08T19:54:23.038">
  <classunload-info classloadercandidates="55" classloadersunloaded="0" classesunloaded="0" anonymousclassesunloaded="0" quiescems="0.000" setupms="0.009" scanms="0.000" postms="0.000" />
</gc-op>
<heap-resize id="3428" type="contract" space="default" amount="14680064" count="1" timems="0.584" reason="excess free space following gc" timestamp="2019-08-08T19:54:23.039" />
<gc-end id="3429" type="partial gc" contextid="3423" durationms="18.919" usertimems="41.509" systemtimems="24.091" timestamp="2019-08-08T19:54:23.039" activeThreads="16">
  <mem-info id="3430" free="222298112" total="268435456" percent="82">
    <mem type="eden" free="3119808" total="10485760" percent="29" />
    <remembered-set count="61696" freebytes="11071616" totalbytes="11318400" percent="97" regionsoverflowed="0" regionsstable="0" regionsrebuilding="0"/>
  </mem-info>
</gc-end>
<cycle-end id="3431" type="partial gc" contextid="3423" timestamp="2019-08-08T19:54:23.039" />
  <attribute name="elasticGC enabled" value="1" />
  <attribute name= "numThreadsSpecified" value="16" />
  <attribute name="heapSize specified" value="0" />
  <attribute name="Current GC Util" value="80" />
  <attribute name= "Current Time Running" value="103904" />
  <attribute name ="GC Interval" value="0" />
  <attribute name="Target GC Util Change" value ="80.000000" />
  <attribute name="Current GC Util Change" value="80.000000"/>
  <attribute name="Current Error" value="0.000000" />
  <attribute name="Output H" value="283191200"/>
  <attribute name="Output I" value="2008"/>
  <attribute name="Output T" value="16"/>
  <attribute name= "Current Time Running" value="103904" />
  <attribute name="GC Util currently" value="80" />
  <attribute name="CPU Util currently" value="651971030030" />
<exclusive-end id="3432" timestamp="2019-08-08T19:54:23.040" durationms="19.635" />

<exclusive-start id="3433" timestamp="2019-08-08T19:54:23.136" intervalms="116.465">
  <response-info timems="3.389" idlems="3.389" threads="0" lastid="0000000002272B00" lastname="Thread-27" />
</exclusive-start>
<allocation-taxation id="3434" taxation-threshold="73400320" timestamp="2019-08-08T19:54:23.136" intervalms="116.461" />
<cycle-start id="3435" type="partial gc" contextid="0" timestamp="2019-08-08T19:54:23.136" intervalms="116.427" />
<gc-start id="3436" type="partial gc" contextid="3435" timestamp="2019-08-08T19:54:23.137">
  <mem-info id="3437" free="148897792" total="268435456" percent="55">
    <mem type="eden" free="0" total="73400320" percent="0" />
    <remembered-set count="11616" freebytes="11271936" totalbytes="11318400" percent="99" regionsoverflowed="0" regionsstable="9" regionsrebuilding="0"/>
  </mem-info>
</gc-start>
<allocation-stats totalBytes="73391216" >
  <allocated-bytes non-tlh="168" tlh="73391048" arrayletleaf="0"/>
  <largest-consumer threadName="Thread-26" threadId="00000000022B6100" bytes="7359496" />
</allocation-stats>
<gc-op id="3438" type="copy forward" timems="10.873" contextid="3435" timestamp="2019-08-08T19:54:23.149">
  <memory-copied type="eden" objects="24665" bytes="755216" bytesdiscarded="309600" />
  <memory-copied type="other" objects="98668" bytes="5915176" bytesdiscarded="702704" />
  <memory-cardclean objects="19579" bytes="933160" />
  <regions eden="35" other="5" />
  <remembered-set-cleared processed="105" cleared="19" durationms="0.096" />
  <references type="soft" candidates="15" cleared="0" enqueued="0" dynamicThreshold="26" maxThreshold="32" />
  <references type="weak" candidates="38" cleared="0" enqueued="0" />
  <references type="phantom" candidates="2" cleared="0" enqueued="0" />
  <stringconstants candidates="15097" cleared="0"  />
</gc-op>
<gc-op id="3439" type="classunload" timems="0.010" contextid="3435" timestamp="2019-08-08T19:54:23.149">
  <classunload-info classloadercandidates="55" classloadersunloaded="0" classesunloaded="0" anonymousclassesunloaded="0" quiescems="0.000" setupms="0.009" scanms="0.000" postms="0.000" />
</gc-op>
<heap-resize id="3440" type="contract" space="default" amount="14680064" count="1" timems="0.667" reason="excess free space following gc" timestamp="2019-08-08T19:54:23.150" />
<gc-end id="3441" type="partial gc" contextid="3435" durationms="13.481" usertimems="32.638" systemtimems="12.204" timestamp="2019-08-08T19:54:23.150" activeThreads="16">
  <mem-info id="3442" free="207618048" total="253755392" percent="81">
    <mem type="eden" free="1032336" total="2097152" percent="49" />
    <remembered-set count="13984" freebytes="10675584" totalbytes="10731520" percent="99" regionsoverflowed="0" regionsstable="9" regionsrebuilding="0"/>
  </mem-info>
</gc-end>
<cycle-end id="3443" type="partial gc" contextid="3435" timestamp="2019-08-08T19:54:23.150" />
  <attribute name="elasticGC enabled" value="1" />
  <attribute name= "numThreadsSpecified" value="16" />
  <attribute name="heapSize specified" value="0" />
  <attribute name="Current GC Util" value="84" />
  <attribute name= "Current Time Running" value="104020" />
  <attribute name ="GC Interval" value="0" />
  <attribute name="Target GC Util Change" value ="80.000000" />
  <attribute name="Current GC Util Change" value="84.000000"/>
  <attribute name="Current Error" value="20.000000" />
  <attribute name="Output H" value="268511160"/>
  <attribute name="Output I" value="2048"/>
  <attribute name="Output T" value="16"/>
  <attribute name= "Current Time Running" value="104020" />
  <attribute name="GC Util currently" value="84" />
  <attribute name="CPU Util currently" value="822115959927" />
<exclusive-end id="3444" timestamp="2019-08-08T19:54:23.150" durationms="14.017" />

<exclusive-start id="3445" timestamp="2019-08-08T19:54:23.245" intervalms="108.262">
  <response-info timems="0.278" idlems="0.190" threads="1" lastid="0000000002290A00" lastname="Thread-23" />
</exclusive-start>
<allocation-taxation id="3446" taxation-threshold="71303168" timestamp="2019-08-08T19:54:23.245" intervalms="108.275" />
<cycle-start id="3447" type="partial gc" contextid="0" timestamp="2019-08-08T19:54:23.245" intervalms="108.311" />
<gc-start id="3448" type="partial gc" contextid="3447" timestamp="2019-08-08T19:54:23.245">
  <mem-info id="3449" free="136314880" total="253755392" percent="53">
    <mem type="eden" free="0" total="71303168" percent="0" />
    <remembered-set count="13504" freebytes="10677504" totalbytes="10731520" percent="99" regionsoverflowed="0" regionsstable="9" regionsrebuilding="0"/>
  </mem-info>
</gc-start>
<allocation-stats totalBytes="71294360" >
  <allocated-bytes non-tlh="0" tlh="71294360" arrayletleaf="0"/>
  <largest-consumer threadName="Thread-23" threadId="0000000002290A00" bytes="6782128" />
</allocation-stats>
<gc-op id="3450" type="copy forward" timems="17.372" contextid="3447" timestamp="2019-08-08T19:54:23.264">
  <memory-copied type="eden" objects="50694" bytes="1907504" bytesdiscarded="173512" />
  <memory-copied type="other" objects="76942" bytes="3948048" bytesdiscarded="256336" />
  <memory-cardclean objects="39317" bytes="2209056" />
  <regions eden="34" other="3" />
  <remembered-set-cleared processed="1252" cleared="736" durationms="0.089" />
  <references type="weak" candidates="8" cleared="0" enqueued="0" />
  <stringconstants candidates="15097" cleared="0"  />
</gc-op>
<gc-op id="3451" type="classunload" timems="0.013" contextid="3447" timestamp="2019-08-08T19:54:23.264">
  <classunload-info classloadercandidates="55" classloadersunloaded="0" classesunloaded="0" anonymousclassesunloaded="0" quiescems="0.000" setupms="0.013" scanms="0.000" postms="0.000" />
</gc-op>
<heap-resize id="3452" type="contract" space="default" amount="14680064" count="1" timems="0.581" reason="excess free space following gc" timestamp="2019-08-08T19:54:23.265" />
<gc-end id="3453" type="partial gc" contextid="3447" durationms="19.879" usertimems="42.667" systemtimems="17.314" timestamp="2019-08-08T19:54:23.265" activeThreads="16">
  <mem-info id="3454" free="190840832" total="239075328" percent="79">
    <mem type="eden" free="16136" total="2097152" percent="0" />
    <remembered-set count="17664" freebytes="10073984" totalbytes="10144640" percent="99" regionsoverflowed="0" regionsstable="9" regionsrebuilding="0"/>
  </mem-info>
</gc-end>
<cycle-end id="3455" type="partial gc" contextid="3447" timestamp="2019-08-08T19:54:23.265" />
  <attribute name="elasticGC enabled" value="1" />
  <attribute name= "numThreadsSpecified" value="16" />
  <attribute name="heapSize specified" value="0" />
  <attribute name="Current GC Util" value="78" />
  <attribute name= "Current Time Running" value="104128" />
  <attribute name ="GC Interval" value="0" />
  <attribute name="Target GC Util Change" value ="80.000000" />
  <attribute name="Current GC Util Change" value="78.000000"/>
  <attribute name="Current Error" value="62.000000" />
  <attribute name="Output H" value="253831144"/>
  <attribute name="Output I" value="2120"/>
  <attribute name="Output T" value="16"/>
  <attribute name= "Current Time Running" value="104128" />
  <attribute name="GC Util currently" value="78" />
  <attribute name="CPU Util currently" value="901586952726" />
<exclusive-end id="3456" timestamp="2019-08-08T19:54:23.266" durationms="21.425" />

<exclusive-start id="3457" timestamp="2019-08-08T19:54:23.361" intervalms="116.696">
  <response-info timems="11.389" idlems="11.389" threads="0" lastid="000000000227A300" lastname="Thread-30" />
</exclusive-start>
<allocation-taxation id="3458" taxation-threshold="67108864" timestamp="2019-08-08T19:54:23.361" intervalms="116.701" />
<cycle-start id="3459" type="partial gc" contextid="0" timestamp="2019-08-08T19:54:23.362" intervalms="116.742" />
<gc-start id="3460" type="partial gc" contextid="3459" timestamp="2019-08-08T19:54:23.362">
  <mem-info id="3461" free="123731968" total="239075328" percent="51">
    <mem type="eden" free="0" total="67108864" percent="0" />
    <remembered-set count="17376" freebytes="10075136" totalbytes="10144640" percent="99" regionsoverflowed="0" regionsstable="9" regionsrebuilding="0"/>
  </mem-info>
</gc-start>
<allocation-stats totalBytes="67100384" >
  <allocated-bytes non-tlh="0" tlh="67100384" arrayletleaf="0"/>
  <largest-consumer threadName="Thread-27" threadId="0000000002272B00" bytes="5660104" />
</allocation-stats>
<gc-op id="3462" type="copy forward" timems="13.062" contextid="3459" timestamp="2019-08-08T19:54:23.377">
  <memory-copied type="eden" objects="47683" bytes="2110112" bytesdiscarded="182848" />
  <memory-copied type="other" objects="57525" bytes="3346944" bytesdiscarded="394360" />
  <memory-cardclean objects="28883" bytes="1501400" />
  <regions eden="32" other="3" />
  <remembered-set-cleared processed="2133" cleared="562" durationms="0.094" />
  <references type="soft" candidates="15" cleared="0" enqueued="0" dynamicThreshold="25" maxThreshold="32" />
  <references type="weak" candidates="38" cleared="0" enqueued="0" />
  <references type="phantom" candidates="2" cleared="0" enqueued="0" />
  <stringconstants candidates="15097" cleared="0"  />
</gc-op>
<gc-op id="3463" type="classunload" timems="0.013" contextid="3459" timestamp="2019-08-08T19:54:23.377">
  <classunload-info classloadercandidates="55" classloadersunloaded="0" classesunloaded="0" anonymousclassesunloaded="0" quiescems="0.000" setupms="0.012" scanms="0.000" postms="0.000" />
</gc-op>
<heap-resize id="3464" type="contract" space="default" amount="12582912" count="1" timems="0.483" reason="excess free space following gc" timestamp="2019-08-08T19:54:23.377" />
<gc-end id="3465" type="partial gc" contextid="3459" durationms="15.668" usertimems="29.693" systemtimems="21.419" timestamp="2019-08-08T19:54:23.377" activeThreads="16">
  <mem-info id="3466" free="174063616" total="226492416" percent="76">
    <mem type="eden" free="3998496" total="6291456" percent="63" />
    <remembered-set count="17696" freebytes="9486976" totalbytes="9557760" percent="99" regionsoverflowed="0" regionsstable="9" regionsrebuilding="0"/>
  </mem-info>
</gc-end>
<cycle-end id="3467" type="partial gc" contextid="3459" timestamp="2019-08-08T19:54:23.377" />
  <attribute name="elasticGC enabled" value="1" />
  <attribute name= "numThreadsSpecified" value="16" />
  <attribute name="heapSize specified" value="0" />
  <attribute name="Current GC Util" value="60" />
  <attribute name= "Current Time Running" value="104245" />
  <attribute name ="GC Interval" value="0" />
  <attribute name="Target GC Util Change" value ="80.000000" />
  <attribute name="Current GC Util Change" value="60.000000"/>
  <attribute name="Current Error" value="20.000000" />
  <attribute name="Output H" value="239151032"/>
  <attribute name="Output I" value="2048"/>
  <attribute name="Output T" value="16"/>
  <attribute name= "Current Time Running" value="104245" />
  <attribute name="GC Util currently" value="60" />
  <attribute name="CPU Util currently" value="733490376827" />
<exclusive-end id="3468" timestamp="2019-08-08T19:54:23.378" durationms="16.357" />

<exclusive-start id="3469" timestamp="2019-08-08T19:54:23.460" intervalms="99.008">
  <response-info timems="0.501" idlems="0.229" threads="2" lastid="00000000022C5100" lastname="Thread-21" />
</exclusive-start>
<allocation-taxation id="3470" taxation-threshold="62914560" timestamp="2019-08-08T19:54:23.460" intervalms="99.032" />
<cycle-start id="3471" type="partial gc" contextid="0" timestamp="2019-08-08T19:54:23.461" intervalms="99.497" />
<gc-start id="3472" type="partial gc" contextid="3471" timestamp="2019-08-08T19:54:23.461">
  <mem-info id="3473" free="111149056" total="226492416" percent="49">
    <mem type="eden" free="0" total="62914560" percent="0" />
    <remembered-set count="17600" freebytes="9487360" totalbytes="9557760" percent="99" regionsoverflowed="0" regionsstable="9" regionsrebuilding="0"/>
  </mem-info>
</gc-start>
<allocation-stats totalBytes="62906584" >
  <allocated-bytes non-tlh="0" tlh="62906584" arrayletleaf="0"/>
  <largest-consumer threadName="Thread-31" threadId="000000000228CE00" bytes="7515288" />
</allocation-stats>
<gc-op id="3474" type="copy forward" timems="13.631" contextid="3471" timestamp="2019-08-08T19:54:23.478">
  <memory-copied type="eden" objects="39026" bytes="1491448" bytesdiscarded="154280" />
  <memory-copied type="other" objects="77038" bytes="4670920" bytesdiscarded="329984" />
  <memory-cardclean objects="10719" bytes="564736" />
  <regions eden="30" other="5" />
  <remembered-set-cleared processed="5896" cleared="2885" durationms="0.160" />
  <references type="soft" candidates="2" cleared="0" enqueued="0" dynamicThreshold="24" maxThreshold="32" />
  <stringconstants candidates="15097" cleared="0"  />
</gc-op>
<gc-op id="3475" type="classunload" timems="0.011" contextid="3471" timestamp="2019-08-08T19:54:23.478">
  <classunload-info classloadercandidates="55" classloadersunloaded="0" classesunloaded="0" anonymousclassesunloaded="0" quiescems="0.000" setupms="0.011" scanms="0.000" postms="0.000" />
</gc-op>
<heap-resize id="3476" type="contract" space="default" amount="12582912" count="1" timems="0.479" reason="excess free space following gc" timestamp="2019-08-08T19:54:23.478" />
<gc-end id="3477" type="partial gc" contextid="3471" durationms="17.170" usertimems="33.631" systemtimems="24.977" timestamp="2019-08-08T19:54:23.478" activeThreads="16">
  <mem-info id="3478" free="161480704" total="213909504" percent="75">
    <mem type="eden" free="2548576" total="4194304" percent="60" />
    <remembered-set count="17216" freebytes="8985856" totalbytes="9054720" percent="99" regionsoverflowed="0" regionsstable="9" regionsrebuilding="0"/>
  </mem-info>
</gc-end>
<cycle-end id="3479" type="partial gc" contextid="3471" timestamp="2019-08-08T19:54:23.478" />
  <attribute name="elasticGC enabled" value="1" />
  <attribute name= "numThreadsSpecified" value="16" />
  <attribute name="heapSize specified" value="0" />
  <attribute name="Current GC Util" value="120" />
  <attribute name= "Current Time Running" value="104346" />
  <attribute name ="GC Interval" value="0" />
  <attribute name="Target GC Util Change" value ="80.000000" />
  <attribute name="Current GC Util Change" value="120.000000"/>
  <attribute name="Current Error" value="9.000000" />
  <attribute name="Output H" value="226568112"/>
  <attribute name="Output I" value="2024"/>
  <attribute name="Output T" value="16"/>
  <attribute name= "Current Time Running" value="104346" />
  <attribute name="GC Util currently" value="120" />
  <attribute name="CPU Util currently" value="476111233954" />
<exclusive-end id="3480" timestamp="2019-08-08T19:54:23.479" durationms="18.321" />

<exclusive-start id="3481" timestamp="2019-08-08T19:54:23.577" intervalms="116.540">
  <response-info timems="5.337" idlems="5.337" threads="0" lastid="00000000022C5100" lastname="Thread-21" />
</exclusive-start>
<allocation-taxation id="3482" taxation-threshold="60817408" timestamp="2019-08-08T19:54:23.577" intervalms="116.513" />
<cycle-start id="3483" type="partial gc" contextid="0" timestamp="2019-08-08T19:54:23.577" intervalms="116.010" />
<gc-start id="3484" type="partial gc" contextid="3483" timestamp="2019-08-08T19:54:23.577">
  <mem-info id="3485" free="100663296" total="213909504" percent="47">
    <mem type="eden" free="0" total="60817408" percent="0" />
    <remembered-set count="16736" freebytes="8987776" totalbytes="9054720" percent="99" regionsoverflowed="0" regionsstable="9" regionsrebuilding="0"/>
  </mem-info>
</gc-start>
<allocation-stats totalBytes="60809632" >
  <allocated-bytes non-tlh="0" tlh="60809632" arrayletleaf="0"/>
  <largest-consumer threadName="Thread-31" threadId="000000000228CE00" bytes="7052456" />
</allocation-stats>
<gc-op id="3486" type="copy forward" timems="12.251" contextid="3483" timestamp="2019-08-08T19:54:23.591">
  <memory-copied type="eden" objects="29773" bytes="994192" bytesdiscarded="146160" />
  <memory-copied type="other" objects="93663" bytes="4906752" bytesdiscarded="527624" />
  <memory-cardclean objects="16824" bytes="891968" />
  <regions eden="29" other="4" />
  <remembered-set-cleared processed="4757" cleared="1460" durationms="0.106" />
  <references type="soft" candidates="15" cleared="0" enqueued="0" dynamicThreshold="24" maxThreshold="32" />
  <references type="weak" candidates="38" cleared="0" enqueued="0" />
  <references type="phantom" candidates="2" cleared="0" enqueued="0" />
  <stringconstants candidates="15097" cleared="0"  />
</gc-op>
<gc-op id="3487" type="classunload" timems="0.010" contextid="3483" timestamp="2019-08-08T19:54:23.591">
  <classunload-info classloadercandidates="55" classloadersunloaded="0" classesunloaded="0" anonymousclassesunloaded="0" quiescems="0.000" setupms="0.010" scanms="0.000" postms="0.000" />
</gc-op>
<heap-resize id="3488" type="contract" space="default" amount="12582912" count="1" timems="0.460" reason="excess free space following gc" timestamp="2019-08-08T19:54:23.592" />
<gc-end id="3489" type="partial gc" contextid="3483" durationms="14.309" usertimems="28.875" systemtimems="21.070" timestamp="2019-08-08T19:54:23.592" activeThreads="16">
  <mem-info id="3490" free="150994944" total="201326592" percent="75">
    <mem type="eden" free="956800" total="2097152" percent="45" />
    <remembered-set count="19552" freebytes="8473472" totalbytes="8551680" percent="99" regionsoverflowed="0" regionsstable="9" regionsrebuilding="0"/>
  </mem-info>
</gc-end>
<cycle-end id="3491" type="partial gc" contextid="3483" timestamp="2019-08-08T19:54:23.592" />
  <attribute name="elasticGC enabled" value="1" />
  <attribute name= "numThreadsSpecified" value="16" />
  <attribute name="heapSize specified" value="0" />
  <attribute name="Current GC Util" value="94" />
  <attribute name= "Current Time Running" value="104460" />
  <attribute name ="GC Interval" value="0" />
  <attribute name="Target GC Util Change" value ="80.000000" />
  <attribute name="Current GC Util Change" value="94.000000"/>
  <attribute name="Current Error" value="34.000000" />
  <attribute name="Output H" value="213985224"/>
  <attribute name="Output I" value="2072"/>
  <attribute name="Output T" value="16"/>
  <attribute name= "Current Time Running" value="104460" />
  <attribute name="GC Util currently" value="94" />
  <attribute name="CPU Util currently" value="1043440533813" />
<exclusive-end id="3492" timestamp="2019-08-08T19:54:23.592" durationms="15.186" />

<exclusive-start id="3493" timestamp="2019-08-08T19:54:23.658" intervalms="81.379">
  <response-info timems="0.213" idlems="0.213" threads="0" lastid="00000000022B9D00" lastname="Thread-22" />
</exclusive-start>
<allocation-taxation id="3494" taxation-threshold="56623104" timestamp="2019-08-08T19:54:23.658" intervalms="81.416" />
<cycle-start id="3495" type="partial gc" contextid="0" timestamp="2019-08-08T19:54:23.658" intervalms="81.485" />
<gc-start id="3496" type="partial gc" contextid="3495" timestamp="2019-08-08T19:54:23.659">
  <mem-info id="3497" free="94371840" total="201326592" percent="46">
    <mem type="eden" free="0" total="56623104" percent="0" />
    <remembered-set count="19520" freebytes="8473600" totalbytes="8551680" percent="99" regionsoverflowed="0" regionsstable="9" regionsrebuilding="0"/>
  </mem-info>
</gc-start>
<allocation-stats totalBytes="56615856" >
  <allocated-bytes non-tlh="0" tlh="56615856" arrayletleaf="0"/>
  <largest-consumer threadName="Thread-31" threadId="000000000228CE00" bytes="6835440" />
</allocation-stats>
<gc-op id="3498" type="copy forward" timems="8.868" contextid="3495" timestamp="2019-08-08T19:54:23.670">
  <memory-copied type="eden" objects="40953" bytes="1675096" bytesdiscarded="112552" />
  <memory-copied type="other" objects="47686" bytes="1693968" bytesdiscarded="153976" />
  <memory-cardclean objects="33780" bytes="1686160" />
  <regions eden="27" other="2" />
  <remembered-set-cleared processed="7611" cleared="1979" durationms="0.151" />
  <stringconstants candidates="15097" cleared="0"  />
</gc-op>
<gc-op id="3499" type="classunload" timems="0.009" contextid="3495" timestamp="2019-08-08T19:54:23.670">
  <classunload-info classloadercandidates="55" classloadersunloaded="0" classesunloaded="0" anonymousclassesunloaded="0" quiescems="0.000" setupms="0.009" scanms="0.000" postms="0.000" />
</gc-op>
<heap-resize id="3500" type="contract" space="default" amount="10485760" count="1" timems="0.749" reason="excess free space following gc" timestamp="2019-08-08T19:54:23.670" />
<gc-end id="3501" type="partial gc" contextid="3495" durationms="11.691" usertimems="35.807" systemtimems="5.950" timestamp="2019-08-08T19:54:23.670" activeThreads="8">
  <mem-info id="3502" free="138412032" total="190840832" percent="72">
    <mem type="eden" free="309504" total="2097152" percent="14" />
    <remembered-set count="18560" freebytes="7974400" totalbytes="8048640" percent="99" regionsoverflowed="0" regionsstable="9" regionsrebuilding="0"/>
  </mem-info>
</gc-end>
<cycle-end id="3503" type="partial gc" contextid="3495" timestamp="2019-08-08T19:54:23.671" />
  <attribute name="elasticGC enabled" value="1" />
  <attribute name= "numThreadsSpecified" value="8" />
  <attribute name="heapSize specified" value="0" />
  <attribute name="Current GC Util" value="99" />
  <attribute name= "Current Time Running" value="104542" />
  <attribute name ="GC Interval" value="0" />
  <attribute name="Target GC Util Change" value ="80.000000" />
  <attribute name="Current GC Util Change" value="99.000000"/>
  <attribute name="Current Error" value="-19.000000" />
  <attribute name="Output H" value="201402256"/>
  <attribute name="Output I" value="1976"/>
  <attribute name="Output T" value="8"/>
  <attribute name= "Current Time Running" value="104542" />
  <attribute name="GC Util currently" value="99" />
  <attribute name="CPU Util currently" value="784347256553" />
<exclusive-end id="3504" timestamp="2019-08-08T19:54:23.671" durationms="12.627" />

<exclusive-start id="3505" timestamp="2019-08-08T19:54:23.699" intervalms="41.174">
  <response-info timems="0.317" idlems="0.317" threads="0" lastid="000000000229BE00" lastname="Thread-35" />
</exclusive-start>
<allocation-taxation id="3506" taxation-threshold="27262976" timestamp="2019-08-08T19:54:23.699" intervalms="41.120" />
<cycle-start id="3507" type="global mark phase" contextid="0" timestamp="2019-08-08T19:54:23.700" intervalms="14679.361" />
<gc-start id="3508" type="global mark phase" contextid="3507" timestamp="2019-08-08T19:54:23.700">
  <mem-info id="3509" free="111149056" total="190840832" percent="58">
    <remembered-set count="18560" freebytes="7974400" totalbytes="8048640" percent="99" regionsoverflowed="0" regionsstable="9" regionsrebuilding="0"/>
  </mem-info>
</gc-start>
<gc-op id="3510" type="mark increment" timems="4.927" contextid="3507" timestamp="2019-08-08T19:54:23.705">
  <trace-info objectcount="54418" scancount="439" scanbytes="271972" />
</gc-op>
<gc-end id="3511" type="global mark phase" contextid="3507" durationms="4.973" usertimems="10.859" systemtimems="4.535" timestamp="2019-08-08T19:54:23.705" activeThreads="16">
  <mem-info id="3512" free="111149056" total="190840832" percent="58">
    <remembered-set count="19584" freebytes="7970304" totalbytes="8048640" percent="99" regionsoverflowed="0" regionsstable="0" regionsrebuilding="9"/>
  </mem-info>
</gc-end>
<concurrent-start id="3513" type="GMP work packet processing" contextid="3507" timestamp="2019-08-08T19:54:23.705">
  <concurrent-mark-start scanTarget="13109462" />
</concurrent-start>
<exclusive-end id="3514" timestamp="2019-08-08T19:54:23.705" durationms="5.710" />

<concurrent-end id="3515" type="GMP work packet processing" contextid="3507" timestamp="2019-08-08T19:54:23.714">
  <concurrent-mark-end bytesScanned="13325460" reasonForTermination="Work target met" />
</concurrent-end>

<exclusive-start id="3516" timestamp="2019-08-08T19:54:23.749" intervalms="49.584">
  <response-info timems="7.032" idlems="3.928" threads="2" lastid="000000000227A300" lastname="Thread-30" />
</exclusive-start>
<allocation-taxation id="3517" taxation-threshold="27262976" timestamp="2019-08-08T19:54:23.749" intervalms="49.591" />
<cycle-start id="3518" type="partial gc" contextid="0" timestamp="2019-08-08T19:54:23.749" intervalms="90.616" />
<gc-start id="3519" type="partial gc" contextid="3518" timestamp="2019-08-08T19:54:23.749">
  <mem-info id="3520" free="83886080" total="190840832" percent="43">
    <mem type="eden" free="0" total="54525952" percent="0" />
    <remembered-set count="93472" freebytes="7674752" totalbytes="8048640" percent="95" regionsoverflowed="0" regionsstable="0" regionsrebuilding="9"/>
  </mem-info>
</gc-start>
<allocation-stats totalBytes="54518960" >
  <allocated-bytes non-tlh="0" tlh="54518960" arrayletleaf="0"/>
  <largest-consumer threadName="Thread-22" threadId="00000000022B9D00" bytes="3681768" />
</allocation-stats>
<gc-op id="3521" type="copy forward" timems="14.444" contextid="3518" timestamp="2019-08-08T19:54:23.766">
  <memory-copied type="eden" objects="28642" bytes="1241664" bytesdiscarded="167872" />
  <memory-copied type="other" objects="38619" bytes="2467920" bytesdiscarded="285360" />
  <memory-cardclean objects="29791" bytes="1498200" />
  <regions eden="26" other="2" />
  <remembered-set-cleared processed="80505" cleared="4480" durationms="0.375" />
  <references type="soft" candidates="15" cleared="0" enqueued="0" dynamicThreshold="18" maxThreshold="32" />
  <references type="weak" candidates="38" cleared="0" enqueued="0" />
  <references type="phantom" candidates="2" cleared="0" enqueued="0" />
  <stringconstants candidates="15097" cleared="0"  />
</gc-op>
<gc-op id="3522" type="classunload" timems="0.011" contextid="3518" timestamp="2019-08-08T19:54:23.766">
  <classunload-info classloadercandidates="55" classloadersunloaded="0" classesunloaded="0" anonymousclassesunloaded="0" quiescems="0.000" setupms="0.010" scanms="0.000" postms="0.000" />
</gc-op>
<heap-resize id="3523" type="contract" space="default" amount="10485760" count="1" timems="0.827" reason="excess free space following gc" timestamp="2019-08-08T19:54:23.767" />
<gc-end id="3524" type="partial gc" contextid="3518" durationms="17.370" usertimems="38.664" systemtimems="26.062" timestamp="2019-08-08T19:54:23.767" activeThreads="16">
  <mem-info id="3525" free="123731968" total="180355072" percent="68">
    <mem type="eden" free="2784768" total="4194304" percent="66" />
    <remembered-set count="94976" freebytes="7249536" totalbytes="7629440" percent="95" regionsoverflowed="0" regionsstable="0" regionsrebuilding="9"/>
  </mem-info>
</gc-end>
<cycle-end id="3526" type="partial gc" contextid="3518" timestamp="2019-08-08T19:54:23.767" />
  <attribute name="elasticGC enabled" value="1" />
  <attribute name= "numThreadsSpecified" value="16" />
  <attribute name="heapSize specified" value="0" />
  <attribute name="Current GC Util" value="71" />
  <attribute name= "Current Time Running" value="104633" />
  <attribute name ="GC Interval" value="0" />
  <attribute name="Target GC Util Change" value ="80.000000" />
  <attribute name="Current GC Util Change" value="71.000000"/>
  <attribute name="Current Error" value="9.000000" />
  <attribute name="Output H" value="190916528"/>
  <attribute name="Output I" value="2024"/>
  <attribute name="Output T" value="16"/>
  <attribute name= "Current Time Running" value="104633" />
  <attribute name="GC Util currently" value="71" />
  <attribute name="CPU Util currently" value="861259395110" />
<exclusive-end id="3527" timestamp="2019-08-08T19:54:23.767" durationms="18.055" />

<exclusive-start id="3528" timestamp="2019-08-08T19:54:23.788" intervalms="38.717">
  <response-info timems="0.685" idlems="0.685" threads="0" lastid="00000000022B6100" lastname="Thread-26" />
</exclusive-start>
<allocation-taxation id="3529" taxation-threshold="25165824" timestamp="2019-08-08T19:54:23.788" intervalms="38.717" />
<gc-start id="3530" type="global mark phase" contextid="3507" timestamp="2019-08-08T19:54:23.788">
  <mem-info id="3531" free="98566144" total="180355072" percent="54">
    <remembered-set count="94784" freebytes="7250304" totalbytes="7629440" percent="95" regionsoverflowed="0" regionsstable="0" regionsrebuilding="9"/>
  </mem-info>
</gc-start>
<gc-end id="3532" type="global mark phase" contextid="3507" durationms="0.031" usertimems="0.015" systemtimems="0.013" timestamp="2019-08-08T19:54:23.788" activeThreads="16">
  <mem-info id="3533" free="98566144" total="180355072" percent="54">
    <remembered-set count="94784" freebytes="7250304" totalbytes="7629440" percent="95" regionsoverflowed="0" regionsstable="0" regionsrebuilding="9"/>
  </mem-info>
</gc-end>
<concurrent-start id="3534" type="GMP work packet processing" contextid="3507" timestamp="2019-08-08T19:54:23.788">
  <concurrent-mark-start scanTarget="13109462" />
</concurrent-start>
<exclusive-end id="3535" timestamp="2019-08-08T19:54:23.788" durationms="0.429" />

<concurrent-end id="3536" type="GMP work packet processing" contextid="3507" timestamp="2019-08-08T19:54:23.793">
  <concurrent-mark-end bytesScanned="5674820" reasonForTermination="Completed all work in GC phase" />
</concurrent-end>

<exclusive-start id="3537" timestamp="2019-08-08T19:54:23.812" intervalms="23.936">
  <response-info timems="0.335" idlems="0.335" threads="0" lastid="0000000002290A00" lastname="Thread-23" />
</exclusive-start>
<allocation-taxation id="3538" taxation-threshold="25165824" timestamp="2019-08-08T19:54:23.812" intervalms="23.936" />
<cycle-start id="3539" type="partial gc" contextid="0" timestamp="2019-08-08T19:54:23.812" intervalms="62.641" />
<gc-start id="3540" type="partial gc" contextid="3539" timestamp="2019-08-08T19:54:23.812">
  <mem-info id="3541" free="73400320" total="180355072" percent="40">
    <mem type="eden" free="0" total="50331648" percent="0" />
    <remembered-set count="149536" freebytes="7031296" totalbytes="7629440" percent="92" regionsoverflowed="0" regionsstable="0" regionsrebuilding="9"/>
  </mem-info>
</gc-start>
<allocation-stats totalBytes="50324808" >
  <allocated-bytes non-tlh="0" tlh="50324808" arrayletleaf="0"/>
  <largest-consumer threadName="Thread-27" threadId="0000000002272B00" bytes="2227984" />
</allocation-stats>
<gc-op id="3542" type="copy forward" timems="16.152" contextid="3539" timestamp="2019-08-08T19:54:23.830">
  <memory-copied type="eden" objects="11972" bytes="292168" bytesdiscarded="75856" />
  <memory-copied type="other" objects="42989" bytes="1855992" bytesdiscarded="157592" />
  <memory-cardclean objects="99153" bytes="3789720" />
  <regions eden="24" other="3" />
  <remembered-set-cleared processed="116286" cleared="24183" durationms="0.608" />
  <stringconstants candidates="15097" cleared="0"  />
</gc-op>
<gc-op id="3543" type="classunload" timems="0.010" contextid="3539" timestamp="2019-08-08T19:54:23.830">
  <classunload-info classloadercandidates="55" classloadersunloaded="0" classesunloaded="0" anonymousclassesunloaded="0" quiescems="0.000" setupms="0.010" scanms="0.000" postms="0.000" />
</gc-op>
<heap-resize id="3544" type="contract" space="default" amount="10485760" count="1" timems="0.422" reason="excess free space following gc" timestamp="2019-08-08T19:54:23.830" />
<gc-end id="3545" type="partial gc" contextid="3539" durationms="18.447" usertimems="41.750" systemtimems="25.191" timestamp="2019-08-08T19:54:23.830" activeThreads="16">
  <mem-info id="3546" free="111149056" total="169869312" percent="65">
    <mem type="eden" free="3826280" total="4194304" percent="91" />
    <remembered-set count="124320" freebytes="6712960" totalbytes="7210240" percent="93" regionsoverflowed="0" regionsstable="0" regionsrebuilding="9"/>
  </mem-info>
</gc-end>
<cycle-end id="3547" type="partial gc" contextid="3539" timestamp="2019-08-08T19:54:23.831" />
  <attribute name="elasticGC enabled" value="1" />
  <attribute name= "numThreadsSpecified" value="16" />
  <attribute name="heapSize specified" value="0" />
  <attribute name="Current GC Util" value="113" />
  <attribute name= "Current Time Running" value="104695" />
  <attribute name ="GC Interval" value="0" />
  <attribute name="Target GC Util Change" value ="80.000000" />
  <attribute name="Current GC Util Change" value="113.000000"/>
  <attribute name="Current Error" value="-92.000000" />
  <attribute name="Output H" value="180430648"/>
  <attribute name="Output I" value="1848"/>
  <attribute name="Output T" value="16"/>
  <attribute name= "Current Time Running" value="104695" />
  <attribute name="GC Util currently" value="113" />
  <attribute name="CPU Util currently" value="839909755424" />
<exclusive-end id="3548" timestamp="2019-08-08T19:54:23.831" durationms="19.219" />

<exclusive-start id="3549" timestamp="2019-08-08T19:54:23.879" intervalms="67.841">
  <response-info timems="4.208" idlems="4.208" threads="0" lastid="000000000229BE00" lastname="Thread-35" />
</exclusive-start>
<allocation-taxation id="3550" taxation-threshold="25165824" timestamp="2019-08-08T19:54:23.880" intervalms="67.837" />
<gc-start id="3551" type="global mark phase" contextid="3507" timestamp="2019-08-08T19:54:23.880">
  <mem-info id="3552" free="85983232" total="169869312" percent="50">
    <remembered-set count="124032" freebytes="6714112" totalbytes="7210240" percent="93" regionsoverflowed="0" regionsstable="0" regionsrebuilding="9"/>
  </mem-info>
</gc-start>
<gc-op id="3553" type="mark increment" timems="9.240" contextid="3507" timestamp="2019-08-08T19:54:23.889">
  <trace-info objectcount="34793" scancount="34793" scanbytes="1489416" />
  <cardclean-info objects="154638" bytes="5103236" />
  <finalization candidates="151" enqueued="0" />
  <ownableSynchronizers candidates="23" cleared="0" />
  <references type="soft" candidates="4547" cleared="0" enqueued="0" dynamicThreshold="20" maxThreshold="32" />
  <references type="weak" candidates="6301" cleared="25" enqueued="25" />
  <references type="phantom" candidates="835" cleared="0" enqueued="0" />
  <stringconstants candidates="15097" cleared="1"  />
</gc-op>
<gc-op id="3554" type="classunload" timems="0.009" contextid="3507" timestamp="2019-08-08T19:54:23.889">
  <classunload-info classloadercandidates="55" classloadersunloaded="0" classesunloaded="0" anonymousclassesunloaded="0" quiescems="0.000" setupms="0.008" scanms="0.000" postms="0.000" />
</gc-op>
<gc-end id="3555" type="global mark phase" contextid="3507" durationms="9.371" usertimems="19.288" systemtimems="12.648" timestamp="2019-08-08T19:54:23.889" activeThreads="16">
  <mem-info id="3556" free="85983232" total="169869312" percent="50">
    <pending-finalizers system="0" default="0" reference="25" classloader="0" />
    <remembered-set count="138880" freebytes="6654720" totalbytes="7210240" percent="92" regionsoverflowed="0" regionsstable="0" regionsrebuilding="0"/>
  </mem-info>
</gc-end>
<cycle-end id="3557" type="global mark phase" contextid="3507" timestamp="2019-08-08T19:54:23.889" />
  <attribute name="elasticGC enabled" value="1" />
  <attribute name= "numThreadsSpecified" value="16" />
  <attribute name="heapSize specified" value="0" />
  <attribute name="Current GC Util" value="227" />
  <attribute name= "Current Time Running" value="104766" />
  <attribute name ="GC Interval" value="0" />
  <attribute name="Target GC Util Change" value ="80.000000" />
  <attribute name="Current GC Util Change" value="227.000000"/>
  <attribute name="Current Error" value="-147.000000" />
  <attribute name="Output H" value="169944824"/>
  <attribute name="Output I" value="1752"/>
  <attribute name="Output T" value="16"/>
  <attribute name= "Current Time Running" value="104766" />
  <attribute name="GC Util currently" value="227" />
  <attribute name="CPU Util currently" value="757966882014" />
<exclusive-end id="3558" timestamp="2019-08-08T19:54:23.890" durationms="10.041" />

<exclusive-start id="3559" timestamp="2019-08-08T19:54:23.914" intervalms="34.744">
  <response-info timems="0.624" idlems="0.624" threads="0" lastid="0000000002298200" lastname="Thread-34" />
</exclusive-start>
<allocation-taxation id="3560" taxation-threshold="25165824" timestamp="2019-08-08T19:54:23.914" intervalms="34.745" />
<cycle-start id="3561" type="partial gc" contextid="0" timestamp="2019-08-08T19:54:23.914" intervalms="102.585" />
<gc-start id="3562" type="partial gc" contextid="3561" timestamp="2019-08-08T19:54:23.915">
  <mem-info id="3563" free="60817408" total="169869312" percent="35">
    <mem type="eden" free="0" total="50331648" percent="0" />
    <remembered-set count="22048" freebytes="7122048" totalbytes="7210240" percent="98" regionsoverflowed="0" regionsstable="9" regionsrebuilding="0"/>
  </mem-info>
</gc-start>
<allocation-stats totalBytes="50325496" >
  <allocated-bytes non-tlh="0" tlh="50325496" arrayletleaf="0"/>
  <largest-consumer threadName="Thread-35" threadId="000000000229BE00" bytes="2752184" />
</allocation-stats>
<gc-op id="3564" type="sweep" timems="2.459" contextid="3561" timestamp="2019-08-08T19:54:23.917" />
<gc-op id="3565" type="copy forward" timems="11.674" contextid="3561" timestamp="2019-08-08T19:54:23.930">
  <memory-copied type="eden" objects="6113" bytes="151328" bytesdiscarded="11184" />
  <memory-copied type="other" objects="17416" bytes="417984" bytesdiscarded="20904" />
  <memory-cardclean objects="37773" bytes="1905528" />
  <regions eden="12" other="15" />
  <remembered-set-cleared processed="9404" cleared="3641" durationms="0.113" />
  <stringconstants candidates="15096" cleared="0"  />
</gc-op>
<gc-op id="3566" type="classunload" timems="0.010" contextid="3561" timestamp="2019-08-08T19:54:23.931">
  <classunload-info classloadercandidates="55" classloadersunloaded="0" classesunloaded="0" anonymousclassesunloaded="0" quiescems="0.000" setupms="0.010" scanms="0.000" postms="0.000" />
</gc-op>
<heap-resize id="3567" type="contract" space="default" amount="10485760" count="1" timems="0.453" reason="excess free space following gc" timestamp="2019-08-08T19:54:23.931" />
<gc-end id="3568" type="partial gc" contextid="3561" durationms="16.406" usertimems="30.807" systemtimems="22.472" timestamp="2019-08-08T19:54:23.931" activeThreads="16">
  <mem-info id="3569" free="100663296" total="159383552" percent="63">
    <mem type="eden" free="1805088" total="2097152" percent="86" />
    <remembered-set count="20096" freebytes="6710656" totalbytes="6791040" percent="98" regionsoverflowed="0" regionsstable="9" regionsrebuilding="0"/>
  </mem-info>
</gc-end>
<cycle-end id="3570" type="partial gc" contextid="3561" timestamp="2019-08-08T19:54:23.931" />
  <attribute name="elasticGC enabled" value="1" />
  <attribute name= "numThreadsSpecified" value="16" />
  <attribute name="heapSize specified" value="0" />
  <attribute name="Current GC Util" value="67" />
  <attribute name= "Current Time Running" value="104800" />
  <attribute name ="GC Interval" value="0" />
  <attribute name="Target GC Util Change" value ="80.000000" />
  <attribute name="Current GC Util Change" value="67.000000"/>
  <attribute name="Current Error" value="-219.000000" />
  <attribute name="Output H" value="169944744"/>
  <attribute name="Output I" value="1624"/>
  <attribute name="Output T" value="16"/>
  <attribute name= "Current Time Running" value="104800" />
  <attribute name="GC Util currently" value="67" />
  <attribute name="CPU Util currently" value="998985733436" />
<exclusive-end id="3571" timestamp="2019-08-08T19:54:23.931" durationms="17.136" />

<exclusive-start id="3572" timestamp="2019-08-08T19:54:23.965" intervalms="51.114">
  <response-info timems="5.761" idlems="5.761" threads="0" lastid="00000000022A3600" lastname="Thread-29" />
</exclusive-start>
<allocation-taxation id="3573" taxation-threshold="23068672" timestamp="2019-08-08T19:54:23.965" intervalms="51.138" />
<cycle-start id="3574" type="global mark phase" contextid="0" timestamp="2019-08-08T19:54:23.966" intervalms="265.827" />
<gc-start id="3575" type="global mark phase" contextid="3574" timestamp="2019-08-08T19:54:23.966">
  <mem-info id="3576" free="77594624" total="159383552" percent="48">
    <remembered-set count="20096" freebytes="6710656" totalbytes="6791040" percent="98" regionsoverflowed="0" regionsstable="9" regionsrebuilding="0"/>
  </mem-info>
</gc-start>
<gc-op id="3577" type="mark increment" timems="6.398" contextid="3574" timestamp="2019-08-08T19:54:23.972">
  <trace-info objectcount="610" scancount="0" scanbytes="0" />
</gc-op>
<gc-end id="3578" type="global mark phase" contextid="3574" durationms="6.743" usertimems="13.127" systemtimems="8.353" timestamp="2019-08-08T19:54:23.972" activeThreads="16">
  <mem-info id="3579" free="77594624" total="159383552" percent="48">
    <remembered-set count="20096" freebytes="6710656" totalbytes="6791040" percent="98" regionsoverflowed="0" regionsstable="0" regionsrebuilding="9"/>
  </mem-info>
</gc-end>
<concurrent-start id="3580" type="GMP work packet processing" contextid="3574" timestamp="2019-08-08T19:54:23.972">
  <concurrent-mark-start scanTarget="17572163" />
</concurrent-start>
<exclusive-end id="3581" timestamp="2019-08-08T19:54:23.973" durationms="7.289" />

<exclusive-start id="3582" timestamp="2019-08-08T19:54:24.016" intervalms="51.151">
  <response-info timems="0.737" idlems="0.441" threads="1" lastid="000000000227DF00" lastname="Thread-25" />
</exclusive-start>
<concurrent-end id="3583" type="GMP work packet processing" contextid="3574" timestamp="2019-08-08T19:54:24.017">
  <concurrent-mark-end bytesScanned="17741512" reasonForTermination="Work target met" />
</concurrent-end>

<allocation-taxation id="3584" taxation-threshold="23068672" timestamp="2019-08-08T19:54:24.017" intervalms="51.131" />
<cycle-start id="3585" type="partial gc" contextid="0" timestamp="2019-08-08T19:54:24.017" intervalms="102.245" />
<gc-start id="3586" type="partial gc" contextid="3585" timestamp="2019-08-08T19:54:24.017">
  <mem-info id="3587" free="54525952" total="159383552" percent="34">
    <mem type="eden" free="0" total="46137344" percent="0" />
    <remembered-set count="128448" freebytes="6277248" totalbytes="6791040" percent="92" regionsoverflowed="0" regionsstable="0" regionsrebuilding="9"/>
  </mem-info>
</gc-start>
<allocation-stats totalBytes="46131440" >
  <allocated-bytes non-tlh="0" tlh="46131440" arrayletleaf="0"/>
  <largest-consumer threadName="Thread-34" threadId="0000000002298200" bytes="3399248" />
</allocation-stats>
<gc-op id="3588" type="copy forward" timems="17.429" contextid="3585" timestamp="2019-08-08T19:54:24.036">
  <memory-copied type="eden" objects="25826" bytes="1035912" bytesdiscarded="91728" />
  <memory-copied type="other" objects="23343" bytes="1967536" bytesdiscarded="70680" />
  <memory-cardclean objects="70581" bytes="3001896" />
  <regions eden="22" other="9" />
  <remembered-set-cleared processed="99257" cleared="17499" durationms="0.681" />
  <finalization candidates="71" enqueued="0" />
  <ownableSynchronizers candidates="2" cleared="0" />
  <references type="soft" candidates="37" cleared="0" enqueued="0" dynamicThreshold="15" maxThreshold="32" />
  <references type="weak" candidates="486" cleared="0" enqueued="0" />
  <references type="phantom" candidates="735" cleared="0" enqueued="0" />
  <stringconstants candidates="15096" cleared="0"  />
</gc-op>
<gc-op id="3589" type="classunload" timems="0.011" contextid="3585" timestamp="2019-08-08T19:54:24.036">
  <classunload-info classloadercandidates="55" classloadersunloaded="0" classesunloaded="0" anonymousclassesunloaded="0" quiescems="0.000" setupms="0.010" scanms="0.000" postms="0.000" />
</gc-op>
<heap-resize id="3590" type="contract" space="default" amount="8388608" count="1" timems="0.742" reason="excess free space following gc" timestamp="2019-08-08T19:54:24.037" />
<gc-end id="3591" type="partial gc" contextid="3585" durationms="20.124" usertimems="57.887" systemtimems="21.168" timestamp="2019-08-08T19:54:24.037" activeThreads="16">
  <mem-info id="3592" free="102760448" total="150994944" percent="68">
    <mem type="eden" free="969512" total="2097152" percent="46" />
    <remembered-set count="106624" freebytes="5945344" totalbytes="6371840" percent="93" regionsoverflowed="0" regionsstable="0" regionsrebuilding="9"/>
  </mem-info>
</gc-end>
<cycle-end id="3593" type="partial gc" contextid="3585" timestamp="2019-08-08T19:54:24.037" />
  <attribute name="elasticGC enabled" value="1" />
  <attribute name= "numThreadsSpecified" value="16" />
  <attribute name="heapSize specified" value="0" />
  <attribute name="Current GC Util" value="100" />
  <attribute name= "Current Time Running" value="104900" />
  <attribute name ="GC Interval" value="0" />
  <attribute name="Target GC Util Change" value ="80.000000" />
  <attribute name="Current GC Util Change" value="100.000000"/>
  <attribute name="Current Error" value="-416.000000" />
  <attribute name="Output H" value="159458752"/>
  <attribute name="Output I" value="1272"/>
  <attribute name="Output T" value="16"/>
  <attribute name= "Current Time Running" value="104900" />
  <attribute name="GC Util currently" value="100" />
  <attribute name="CPU Util currently" value="823872523296" />
<exclusive-end id="3594" timestamp="2019-08-08T19:54:24.037" durationms="20.758" />

<exclusive-start id="3595" timestamp="2019-08-08T19:54:24.070" intervalms="53.041">
  <response-info timems="6.857" idlems="3.569" threads="1" lastid="0000000002281B00" lastname="Thread-36" />
</exclusive-start>
<allocation-taxation id="3596" taxation-threshold="20971520" timestamp="2019-08-08T19:54:24.070" intervalms="53.483" />
<gc-start id="3597" type="global mark phase" contextid="3574" timestamp="2019-08-08T19:54:24.070">
  <mem-info id="3598" free="81788928" total="150994944" percent="54">
    <remembered-set count="106240" freebytes="5946880" totalbytes="6371840" percent="93" regionsoverflowed="0" regionsstable="0" regionsrebuilding="9"/>
  </mem-info>
</gc-start>
<gc-end id="3599" type="global mark phase" contextid="3574" durationms="0.122" usertimems="0.048" systemtimems="0.040" timestamp="2019-08-08T19:54:24.070" activeThreads="16">
  <mem-info id="3600" free="81788928" total="150994944" percent="54">
    <remembered-set count="106240" freebytes="5946880" totalbytes="6371840" percent="93" regionsoverflowed="0" regionsstable="0" regionsrebuilding="9"/>
  </mem-info>
</gc-end>
<concurrent-start id="3601" type="GMP work packet processing" contextid="3574" timestamp="2019-08-08T19:54:24.070">
  <concurrent-mark-start scanTarget="17572163" />
</concurrent-start>
<exclusive-end id="3602" timestamp="2019-08-08T19:54:24.072" durationms="2.465" />

<concurrent-end id="3603" type="GMP work packet processing" contextid="3574" timestamp="2019-08-08T19:54:24.076">
  <concurrent-mark-end bytesScanned="1810380" reasonForTermination="Completed all work in GC phase" />
</concurrent-end>

<exclusive-start id="3604" timestamp="2019-08-08T19:54:24.097" intervalms="27.797">
  <response-info timems="0.394" idlems="0.394" threads="0" lastid="000000000227DF00" lastname="Thread-25" />
</exclusive-start>
<allocation-taxation id="3605" taxation-threshold="20971520" timestamp="2019-08-08T19:54:24.097" intervalms="27.382" />
<cycle-start id="3606" type="partial gc" contextid="0" timestamp="2019-08-08T19:54:24.098" intervalms="80.928" />
<gc-start id="3607" type="partial gc" contextid="3606" timestamp="2019-08-08T19:54:24.098">
  <mem-info id="3608" free="60817408" total="150994944" percent="40">
    <mem type="eden" free="0" total="41943040" percent="0" />
    <remembered-set count="126240" freebytes="5866880" totalbytes="6371840" percent="92" regionsoverflowed="0" regionsstable="0" regionsrebuilding="9"/>
  </mem-info>
</gc-start>
<allocation-stats totalBytes="41937248" >
  <allocated-bytes non-tlh="0" tlh="41937248" arrayletleaf="0"/>
  <largest-consumer threadName="Thread-22" threadId="00000000022B9D00" bytes="2649840" />
</allocation-stats>
<gc-op id="3609" type="copy forward" timems="12.215" contextid="3606" timestamp="2019-08-08T19:54:24.112">
  <memory-copied type="eden" objects="16338" bytes="671512" bytesdiscarded="94808" />
  <memory-copied type="other" objects="30278" bytes="1276176" bytesdiscarded="65000" />
  <memory-cardclean objects="122890" bytes="4766968" />
  <regions eden="20" other="2" />
  <remembered-set-cleared processed="97076" cleared="34159" durationms="0.586" />
  <stringconstants candidates="15096" cleared="0"  />
</gc-op>
<gc-op id="3610" type="classunload" timems="0.021" contextid="3606" timestamp="2019-08-08T19:54:24.112">
  <classunload-info classloadercandidates="55" classloadersunloaded="0" classesunloaded="0" anonymousclassesunloaded="0" quiescems="0.000" setupms="0.021" scanms="0.000" postms="0.000" />
</gc-op>
<heap-resize id="3611" type="contract" space="default" amount="8388608" count="1" timems="0.358" reason="excess free space following gc" timestamp="2019-08-08T19:54:24.112" />
<gc-end id="3612" type="partial gc" contextid="3606" durationms="14.554" usertimems="29.320" systemtimems="21.855" timestamp="2019-08-08T19:54:24.112" activeThreads="16">
  <mem-info id="3613" free="92274688" total="142606336" percent="64">
    <mem type="eden" free="1330832" total="2097152" percent="63" />
    <remembered-set count="101408" freebytes="5630848" totalbytes="6036480" percent="93" regionsoverflowed="0" regionsstable="0" regionsrebuilding="9"/>
  </mem-info>
</gc-end>
<cycle-end id="3614" type="partial gc" contextid="3606" timestamp="2019-08-08T19:54:24.112" />
  <attribute name="elasticGC enabled" value="1" />
  <attribute name= "numThreadsSpecified" value="16" />
  <attribute name="heapSize specified" value="0" />
  <attribute name="Current GC Util" value="163" />
  <attribute name= "Current Time Running" value="104981" />
  <attribute name ="GC Interval" value="0" />
  <attribute name="Target GC Util Change" value ="80.000000" />
  <attribute name="Current GC Util Change" value="163.000000"/>
  <attribute name="Current Error" value="-83.000000" />
  <attribute name="Output H" value="151070536"/>
  <attribute name="Output I" value="1864"/>
  <attribute name="Output T" value="16"/>
  <attribute name= "Current Time Running" value="104981" />
  <attribute name="GC Util currently" value="163" />
  <attribute name="CPU Util currently" value="843164665677" />
<exclusive-end id="3615" timestamp="2019-08-08T19:54:24.113" durationms="15.274" />

<exclusive-start id="3616" timestamp="2019-08-08T19:54:24.143" intervalms="45.745">
  <response-info timems="0.528" idlems="0.528" threads="0" lastid="00000000022B9D00" lastname="Thread-22" />
</exclusive-start>
<allocation-taxation id="3617" taxation-threshold="20971520" timestamp="2019-08-08T19:54:24.143" intervalms="45.741" />
<gc-start id="3618" type="global mark phase" contextid="3574" timestamp="2019-08-08T19:54:24.143">
  <mem-info id="3619" free="71303168" total="142606336" percent="50">
    <remembered-set count="100928" freebytes="5632768" totalbytes="6036480" percent="93" regionsoverflowed="0" regionsstable="0" regionsrebuilding="9"/>
  </mem-info>
</gc-start>
<gc-op id="3620" type="mark increment" timems="11.299" contextid="3574" timestamp="2019-08-08T19:54:24.155">
  <trace-info objectcount="33914" scancount="33914" scanbytes="1603128" />
  <cardclean-info objects="227435" bytes="7150936" />
  <finalization candidates="151" enqueued="0" />
  <ownableSynchronizers candidates="23" cleared="0" />
  <references type="soft" candidates="4547" cleared="4" enqueued="3" dynamicThreshold="20" maxThreshold="32" />
  <references type="weak" candidates="6276" cleared="0" enqueued="0" />
  <references type="phantom" candidates="835" cleared="0" enqueued="0" />
  <stringconstants candidates="15096" cleared="0"  />
</gc-op>
<gc-op id="3621" type="classunload" timems="0.010" contextid="3574" timestamp="2019-08-08T19:54:24.155">
  <classunload-info classloadercandidates="55" classloadersunloaded="0" classesunloaded="0" anonymousclassesunloaded="0" quiescems="0.000" setupms="0.009" scanms="0.000" postms="0.000" />
</gc-op>
<gc-end id="3622" type="global mark phase" contextid="3574" durationms="11.655" usertimems="40.443" systemtimems="7.070" timestamp="2019-08-08T19:54:24.155" activeThreads="16">
  <mem-info id="3623" free="71303168" total="142606336" percent="50">
    <pending-finalizers system="0" default="0" reference="3" classloader="0" />
    <remembered-set count="123456" freebytes="5542656" totalbytes="6036480" percent="91" regionsoverflowed="0" regionsstable="0" regionsrebuilding="0"/>
  </mem-info>
</gc-end>
<cycle-end id="3624" type="global mark phase" contextid="3574" timestamp="2019-08-08T19:54:24.155" />
  <attribute name="elasticGC enabled" value="1" />
  <attribute name= "numThreadsSpecified" value="16" />
  <attribute name="heapSize specified" value="0" />
  <attribute name="Current GC Util" value="234" />
  <attribute name= "Current Time Running" value="105031" />
  <attribute name ="GC Interval" value="0" />
  <attribute name="Target GC Util Change" value ="80.000000" />
  <attribute name="Current GC Util Change" value="234.000000"/>
  <attribute name="Current Error" value="-518.000000" />
  <attribute name="Output H" value="142681424"/>
  <attribute name="Output I" value="1088"/>
  <attribute name="Output T" value="16"/>
  <attribute name= "Current Time Running" value="105031" />
  <attribute name="GC Util currently" value="234" />
  <attribute name="CPU Util currently" value="726549042028" />
<exclusive-end id="3625" timestamp="2019-08-08T19:54:24.155" durationms="12.049" />

<exclusive-start id="3626" timestamp="2019-08-08T19:54:24.193" intervalms="50.118">
  <response-info timems="0.757" idlems="0.757" threads="0" lastid="000000000226EF00" lastname="Thread-28" />
</exclusive-start>
<allocation-taxation id="3627" taxation-threshold="20971520" timestamp="2019-08-08T19:54:24.193" intervalms="50.149" />
<cycle-start id="3628" type="partial gc" contextid="0" timestamp="2019-08-08T19:54:24.193" intervalms="95.866" />
<gc-start id="3629" type="partial gc" contextid="3628" timestamp="2019-08-08T19:54:24.194">
  <mem-info id="3630" free="50331648" total="142606336" percent="35">
    <mem type="eden" free="0" total="41943040" percent="0" />
    <remembered-set count="23392" freebytes="5942912" totalbytes="6036480" percent="98" regionsoverflowed="0" regionsstable="7" regionsrebuilding="0"/>
  </mem-info>
</gc-start>
<allocation-stats totalBytes="41937432" >
  <allocated-bytes non-tlh="0" tlh="41937432" arrayletleaf="0"/>
  <largest-consumer threadName="Thread-30" threadId="000000000227A300" bytes="2084624" />
</allocation-stats>
<gc-op id="3631" type="sweep" timems="3.324" contextid="3628" timestamp="2019-08-08T19:54:24.197" />
<gc-op id="3632" type="copy forward" timems="9.260" contextid="3628" timestamp="2019-08-08T19:54:24.208">
  <memory-copied type="eden" objects="3103" bytes="78784" bytesdiscarded="4378" />
  <memory-copied type="other" objects="19208" bytes="735744" bytesdiscarded="33678" />
  <memory-cardclean objects="25835" bytes="1454864" />
  <regions eden="10" other="12" />
  <remembered-set-cleared processed="14992" cleared="2882" durationms="0.159" />
  <stringconstants candidates="15096" cleared="0"  />
</gc-op>
<gc-op id="3633" type="classunload" timems="0.011" contextid="3628" timestamp="2019-08-08T19:54:24.208">
  <classunload-info classloadercandidates="55" classloadersunloaded="0" classesunloaded="0" anonymousclassesunloaded="0" quiescems="0.000" setupms="0.011" scanms="0.000" postms="0.000" />
</gc-op>
<heap-resize id="3634" type="contract" space="default" amount="6291456" count="1" timems="0.348" reason="excess free space following gc" timestamp="2019-08-08T19:54:24.209" />
<gc-end id="3635" type="partial gc" contextid="3628" durationms="14.976" usertimems="18.088" systemtimems="18.302" timestamp="2019-08-08T19:54:24.209" activeThreads="16">
  <mem-info id="3636" free="83886080" total="136314880" percent="61">
    <mem type="eden" free="1946064" total="2097152" percent="92" />
    <remembered-set count="24096" freebytes="5604736" totalbytes="5701120" percent="98" regionsoverflowed="0" regionsstable="7" regionsrebuilding="0"/>
  </mem-info>
</gc-end>
<cycle-end id="3637" type="partial gc" contextid="3628" timestamp="2019-08-08T19:54:24.209" />
  <attribute name="elasticGC enabled" value="1" />
  <attribute name= "numThreadsSpecified" value="16" />
  <attribute name="heapSize specified" value="0" />
  <attribute name="Current GC Util" value="121" />
  <attribute name= "Current Time Running" value="105080" />
  <attribute name ="GC Interval" value="0" />
  <attribute name="Target GC Util Change" value ="80.000000" />
  <attribute name="Current GC Util Change" value="121.000000"/>
  <attribute name="Current Error" value="-41.000000" />
  <attribute name="Output H" value="142681976"/>
  <attribute name="Output I" value="1936"/>
  <attribute name="Output T" value="16"/>
  <attribute name= "Current Time Running" value="105080" />
  <attribute name="GC Util currently" value="121" />
  <attribute name="CPU Util currently" value="868734169580" />
<exclusive-end id="3638" timestamp="2019-08-08T19:54:24.209" durationms="15.693" />

<exclusive-start id="3639" timestamp="2019-08-08T19:54:24.239" intervalms="46.068">
  <response-info timems="3.295" idlems="1.742" threads="1" lastid="0000000002290A00" lastname="Thread-23" />
</exclusive-start>
<allocation-taxation id="3640" taxation-threshold="20971520" timestamp="2019-08-08T19:54:24.239" intervalms="46.009" />
<cycle-start id="3641" type="global mark phase" contextid="0" timestamp="2019-08-08T19:54:24.239" intervalms="273.887" />
<gc-start id="3642" type="global mark phase" contextid="3641" timestamp="2019-08-08T19:54:24.239">
  <mem-info id="3643" free="62914560" total="136314880" percent="46">
    <remembered-set count="23744" freebytes="5606144" totalbytes="5701120" percent="98" regionsoverflowed="0" regionsstable="7" regionsrebuilding="0"/>
  </mem-info>
</gc-start>
<gc-op id="3644" type="mark increment" timems="3.767" contextid="3641" timestamp="2019-08-08T19:54:24.243">
  <trace-info objectcount="103200" scancount="52321" scanbytes="2519296" />
</gc-op>
<gc-end id="3645" type="global mark phase" contextid="3641" durationms="3.815" usertimems="3.756" systemtimems="6.988" timestamp="2019-08-08T19:54:24.243" activeThreads="16">
  <mem-info id="3646" free="62914560" total="136314880" percent="46">
    <remembered-set count="26304" freebytes="5595904" totalbytes="5701120" percent="98" regionsoverflowed="0" regionsstable="0" regionsrebuilding="7"/>
  </mem-info>
</gc-end>
<concurrent-start id="3647" type="GMP work packet processing" contextid="3641" timestamp="2019-08-08T19:54:24.243">
  <concurrent-mark-start scanTarget="24677759" />
</concurrent-start>
<exclusive-end id="3648" timestamp="2019-08-08T19:54:24.243" durationms="4.148" />

<exclusive-start id="3649" timestamp="2019-08-08T19:54:24.308" intervalms="68.317">
  <response-info timems="2.791" idlems="2.791" threads="0" lastid="000000000227A300" lastname="Thread-30" />
</exclusive-start>
<allocation-taxation id="3650" taxation-threshold="20971520" timestamp="2019-08-08T19:54:24.308" intervalms="68.376" />
<concurrent-end id="3651" type="GMP work packet processing" contextid="3641" timestamp="2019-08-08T19:54:24.310">
  <concurrent-mark-end bytesScanned="16946824" reasonForTermination="Termination requested" />
</concurrent-end>

<cycle-start id="3652" type="partial gc" contextid="0" timestamp="2019-08-08T19:54:24.310" intervalms="116.471" />
<gc-start id="3653" type="partial gc" contextid="3652" timestamp="2019-08-08T19:54:24.310">
  <mem-info id="3654" free="41943040" total="136314880" percent="30">
    <mem type="eden" free="0" total="41943040" percent="0" />
    <remembered-set count="145184" freebytes="5120384" totalbytes="5701120" percent="89" regionsoverflowed="0" regionsstable="0" regionsrebuilding="7"/>
  </mem-info>
</gc-start>
<allocation-stats totalBytes="41936584" >
  <allocated-bytes non-tlh="0" tlh="41936584" arrayletleaf="0"/>
  <largest-consumer threadName="Thread-30" threadId="000000000227A300" bytes="3014240" />
</allocation-stats>
<gc-op id="3655" type="copy forward" timems="12.299" contextid="3652" timestamp="2019-08-08T19:54:24.324">
  <memory-copied type="eden" objects="17164" bytes="691152" bytesdiscarded="49632" />
  <memory-copied type="other" objects="6433" bytes="176304" bytesdiscarded="5520" />
  <memory-cardclean objects="20492" bytes="1059368" />
  <regions eden="20" other="2" />
  <remembered-set-cleared processed="135156" cleared="2411" durationms="0.747" />
  <stringconstants candidates="15096" cleared="0"  />
</gc-op>
<gc-op id="3656" type="classunload" timems="0.013" contextid="3652" timestamp="2019-08-08T19:54:24.324">
  <classunload-info classloadercandidates="55" classloadersunloaded="0" classesunloaded="0" anonymousclassesunloaded="0" quiescems="0.000" setupms="0.013" scanms="0.000" postms="0.000" />
</gc-op>
<heap-resize id="3657" type="expand" space="default" amount="6291456" count="1" timems="0.061" reason="excessive time being spent in gc" timestamp="2019-08-08T19:54:24.324" />
<gc-end id="3658" type="partial gc" contextid="3652" durationms="13.916" usertimems="58.416" systemtimems="3.537" timestamp="2019-08-08T19:54:24.324" activeThreads="16">
  <mem-info id="3659" free="85983232" total="142606336" percent="60">
    <mem type="eden" free="3453520" total="4194304" percent="82" />
    <remembered-set count="147168" freebytes="5112448" totalbytes="5701120" percent="89" regionsoverflowed="0" regionsstable="0" regionsrebuilding="7"/>
  </mem-info>
</gc-end>
<cycle-end id="3660" type="partial gc" contextid="3652" timestamp="2019-08-08T19:54:24.324" />
  <attribute name="elasticGC enabled" value="1" />
  <attribute name= "numThreadsSpecified" value="16" />
  <attribute name="heapSize specified" value="0" />
  <attribute name="Current GC Util" value="77" />
  <attribute name= "Current Time Running" value="105193" />
  <attribute name ="GC Interval" value="0" />
  <attribute name="Target GC Util Change" value ="80.000000" />
  <attribute name="Current GC Util Change" value="77.000000"/>
  <attribute name="Current Error" value="3.000000" />
  <attribute name="Output H" value="136390568"/>
  <attribute name="Output I" value="2016"/>
  <attribute name="Output T" value="16"/>
  <attribute name= "Current Time Running" value="105193" />
  <attribute name="GC Util currently" value="77" />
  <attribute name="CPU Util currently" value="1147087353635" />
<concurrent-start id="3661" type="GMP work packet processing" contextid="3641" timestamp="2019-08-08T19:54:24.324">
  <concurrent-mark-start scanTarget="7730935" />
</concurrent-start>
<exclusive-end id="3662" timestamp="2019-08-08T19:54:24.324" durationms="16.630" />

<concurrent-end id="3663" type="GMP work packet processing" contextid="3641" timestamp="2019-08-08T19:54:24.326">
  <concurrent-mark-end bytesScanned="0" reasonForTermination="Completed all work in GC phase" />
</concurrent-end>

<exclusive-start id="3664" timestamp="2019-08-08T19:54:24.370" intervalms="62.053">
  <response-info timems="0.210" idlems="0.210" threads="0" lastid="000000000227A300" lastname="Thread-30" />
</exclusive-start>
<allocation-taxation id="3665" taxation-threshold="20971520" timestamp="2019-08-08T19:54:24.370" intervalms="62.067" />
<gc-start id="3666" type="global mark phase" contextid="3641" timestamp="2019-08-08T19:54:24.370">
  <mem-info id="3667" free="65011712" total="142606336" percent="45">
    <remembered-set count="146752" freebytes="5114112" totalbytes="5701120" percent="89" regionsoverflowed="0" regionsstable="0" regionsrebuilding="7"/>
  </mem-info>
</gc-start>
<gc-op id="3668" type="mark increment" timems="12.211" contextid="3641" timestamp="2019-08-08T19:54:24.382">
  <trace-info objectcount="23006" scancount="23006" scanbytes="971304" />
  <cardclean-info objects="22617" bytes="1113888" />
  <finalization candidates="151" enqueued="0" />
  <ownableSynchronizers candidates="23" cleared="0" />
  <references type="soft" candidates="4543" cleared="826" enqueued="800" dynamicThreshold="19" maxThreshold="32" />
  <references type="weak" candidates="6276" cleared="0" enqueued="0" />
  <references type="phantom" candidates="835" cleared="0" enqueued="0" />
  <stringconstants candidates="15096" cleared="4"  />
</gc-op>
<gc-op id="3669" type="classunload" timems="0.010" contextid="3641" timestamp="2019-08-08T19:54:24.382">
  <classunload-info classloadercandidates="55" classloadersunloaded="0" classesunloaded="0" anonymousclassesunloaded="0" quiescems="0.000" setupms="0.010" scanms="0.000" postms="0.000" />
</gc-op>
<gc-end id="3670" type="global mark phase" contextid="3641" durationms="12.338" usertimems="25.951" systemtimems="15.822" timestamp="2019-08-08T19:54:24.382" activeThreads="16">
  <mem-info id="3671" free="65011712" total="142606336" percent="45">
    <pending-finalizers system="0" default="0" reference="800" classloader="0" />
    <remembered-set count="149824" freebytes="5101824" totalbytes="5701120" percent="89" regionsoverflowed="0" regionsstable="0" regionsrebuilding="0"/>
  </mem-info>
</gc-end>
<cycle-end id="3672" type="global mark phase" contextid="3641" timestamp="2019-08-08T19:54:24.382" />
  <attribute name="elasticGC enabled" value="1" />
  <attribute name= "numThreadsSpecified" value="16" />
  <attribute name="heapSize specified" value="0" />
  <attribute name="Current GC Util" value="129" />
  <attribute name= "Current Time Running" value="105255" />
  <attribute name ="GC Interval" value="0" />
  <attribute name="Target GC Util Change" value ="80.000000" />
  <attribute name="Current GC Util Change" value="129.000000"/>
  <attribute name="Current Error" value="-488.000000" />
  <attribute name="Output H" value="142681456"/>
  <attribute name="Output I" value="1144"/>
  <attribute name="Output T" value="16"/>
  <attribute name= "Current Time Running" value="105255" />
  <attribute name="GC Util currently" value="129" />
  <attribute name="CPU Util currently" value="649871504734" />
<exclusive-end id="3673" timestamp="2019-08-08T19:54:24.382" durationms="12.854" />

<exclusive-start id="3674" timestamp="2019-08-08T19:54:24.413" intervalms="43.347">
  <response-info timems="5.916" idlems="3.327" threads="1" lastid="0000000002298200" lastname="Thread-34" />
</exclusive-start>
<allocation-taxation id="3675" taxation-threshold="20971520" timestamp="2019-08-08T19:54:24.413" intervalms="43.275" />
<cycle-start id="3676" type="partial gc" contextid="0" timestamp="2019-08-08T19:54:24.413" intervalms="103.246" />
<gc-start id="3677" type="partial gc" contextid="3676" timestamp="2019-08-08T19:54:24.413">
  <mem-info id="3678" free="44040192" total="142606336" percent="30">
    <mem type="eden" free="0" total="41943040" percent="0" />
    <remembered-set count="27360" freebytes="5591680" totalbytes="5701120" percent="98" regionsoverflowed="0" regionsstable="7" regionsrebuilding="0"/>
  </mem-info>
</gc-start>
<allocation-stats totalBytes="41935064" >
  <allocated-bytes non-tlh="0" tlh="41935064" arrayletleaf="0"/>
  <largest-consumer threadName="Thread-30" threadId="000000000227A300" bytes="2227896" />
</allocation-stats>
<gc-op id="3679" type="sweep" timems="2.124" contextid="3676" timestamp="2019-08-08T19:54:24.416" />
<gc-op id="3680" type="copy forward" timems="11.566" contextid="3676" timestamp="2019-08-08T19:54:24.428">
  <memory-copied type="eden" objects="3650" bytes="95432" bytesdiscarded="18551" />
  <memory-copied type="other" objects="25698" bytes="1029264" bytesdiscarded="124705" />
  <memory-cardclean objects="20375" bytes="986480" />
  <regions eden="10" other="13" />
  <remembered-set-cleared processed="18059" cleared="2909" durationms="0.171" />
  <stringconstants candidates="15092" cleared="0"  />
</gc-op>
<gc-op id="3681" type="classunload" timems="0.012" contextid="3676" timestamp="2019-08-08T19:54:24.428">
  <classunload-info classloadercandidates="55" classloadersunloaded="0" classesunloaded="0" anonymousclassesunloaded="0" quiescems="0.000" setupms="0.011" scanms="0.000" postms="0.000" />
</gc-op>
<gc-end id="3682" type="partial gc" contextid="3676" durationms="15.022" usertimems="32.672" systemtimems="27.442" timestamp="2019-08-08T19:54:24.428" activeThreads="16">
  <mem-info id="3683" free="85983232" total="142606336" percent="60">
    <mem type="eden" free="1590552" total="2097152" percent="75" />
    <remembered-set count="29472" freebytes="5583232" totalbytes="5701120" percent="97" regionsoverflowed="0" regionsstable="7" regionsrebuilding="0"/>
  </mem-info>
</gc-end>
<cycle-end id="3684" type="partial gc" contextid="3676" timestamp="2019-08-08T19:54:24.428" />
  <attribute name="elasticGC enabled" value="1" />
  <attribute name= "numThreadsSpecified" value="16" />
  <attribute name="heapSize specified" value="0" />
  <attribute name="Current GC Util" value="175" />
  <attribute name= "Current Time Running" value="105298" />
  <attribute name ="GC Interval" value="0" />
  <attribute name="Target GC Util Change" value ="80.000000" />
  <attribute name="Current GC Util Change" value="175.000000"/>
  <attribute name="Current Error" value="-207.000000" />
  <attribute name="Output H" value="142681784"/>
  <attribute name="Output I" value="1640"/>
  <attribute name="Output T" value="16"/>
  <attribute name= "Current Time Running" value="105298" />
  <attribute name="GC Util currently" value="175" />
  <attribute name="CPU Util currently" value="1932311589954" />
<exclusive-end id="3685" timestamp="2019-08-08T19:54:24.429" durationms="15.598" />

<exclusive-start id="3686" timestamp="2019-08-08T19:54:24.479" intervalms="66.274">
  <response-info timems="2.729" idlems="0.929" threads="2" lastid="0000000002272B00" lastname="Thread-27" />
</exclusive-start>
<allocation-taxation id="3687" taxation-threshold="20971520" timestamp="2019-08-08T19:54:24.479" intervalms="66.271" />
<cycle-start id="3688" type="global mark phase" contextid="0" timestamp="2019-08-08T19:54:24.479" intervalms="239.976" />
<gc-start id="3689" type="global mark phase" contextid="3688" timestamp="2019-08-08T19:54:24.479">
  <mem-info id="3690" free="65011712" total="142606336" percent="45">
    <remembered-set count="29376" freebytes="5583616" totalbytes="5701120" percent="97" regionsoverflowed="0" regionsstable="7" regionsrebuilding="0"/>
  </mem-info>
</gc-start>
<gc-op id="3691" type="mark increment" timems="4.475" contextid="3688" timestamp="2019-08-08T19:54:24.484">
  <trace-info objectcount="7042" scancount="549" scanbytes="47520" />
</gc-op>
<gc-end id="3692" type="global mark phase" contextid="3688" durationms="4.518" usertimems="3.406" systemtimems="7.975" timestamp="2019-08-08T19:54:24.484" activeThreads="16">
  <mem-info id="3693" free="65011712" total="142606336" percent="45">
    <remembered-set count="29888" freebytes="5581568" totalbytes="5701120" percent="97" regionsoverflowed="0" regionsstable="0" regionsrebuilding="7"/>
  </mem-info>
</gc-end>
<concurrent-start id="3694" type="GMP work packet processing" contextid="3688" timestamp="2019-08-08T19:54:24.484">
  <concurrent-mark-start scanTarget="22507792" />
</concurrent-start>
<exclusive-end id="3695" timestamp="2019-08-08T19:54:24.484" durationms="4.797" />

<exclusive-start id="3696" timestamp="2019-08-08T19:54:24.550" intervalms="71.023">
  <response-info timems="7.883" idlems="7.883" threads="0" lastid="0000000002281B00" lastname="Thread-36" />
</exclusive-start>
<allocation-taxation id="3697" taxation-threshold="20971520" timestamp="2019-08-08T19:54:24.550" intervalms="71.093" />
<concurrent-end id="3698" type="GMP work packet processing" contextid="3688" timestamp="2019-08-08T19:54:24.552">
  <concurrent-mark-end bytesScanned="19099104" reasonForTermination="Termination requested" />
</concurrent-end>

<cycle-start id="3699" type="partial gc" contextid="0" timestamp="2019-08-08T19:54:24.552" intervalms="138.581" />
<gc-start id="3700" type="partial gc" contextid="3699" timestamp="2019-08-08T19:54:24.552">
  <mem-info id="3701" free="44040192" total="142606336" percent="30">
    <mem type="eden" free="0" total="41943040" percent="0" />
    <remembered-set count="147520" freebytes="5111040" totalbytes="5701120" percent="89" regionsoverflowed="0" regionsstable="0" regionsrebuilding="7"/>
  </mem-info>
</gc-start>
<allocation-stats totalBytes="41936888" >
  <allocated-bytes non-tlh="0" tlh="41936888" arrayletleaf="0"/>
  <largest-consumer threadName="Thread-26" threadId="00000000022B6100" bytes="2473696" />
</allocation-stats>
<gc-op id="3702" type="copy forward" timems="16.013" contextid="3699" timestamp="2019-08-08T19:54:24.569">
  <memory-copied type="eden" objects="18064" bytes="712664" bytesdiscarded="73400" />
  <memory-copied type="other" objects="12328" bytes="457912" bytesdiscarded="31368" />
  <memory-cardclean objects="19486" bytes="971528" />
  <regions eden="20" other="2" />
  <remembered-set-cleared processed="136960" cleared="2420" durationms="0.691" />
  <stringconstants candidates="15092" cleared="0"  />
</gc-op>
<gc-op id="3703" type="classunload" timems="0.014" contextid="3699" timestamp="2019-08-08T19:54:24.569">
  <classunload-info classloadercandidates="55" classloadersunloaded="0" classesunloaded="0" anonymousclassesunloaded="0" quiescems="0.000" setupms="0.014" scanms="0.000" postms="0.000" />
</gc-op>
<heap-resize id="3704" type="expand" space="default" amount="10485760" count="1" timems="0.074" reason="excessive time being spent in gc" timestamp="2019-08-08T19:54:24.569" />
<gc-end id="3705" type="partial gc" contextid="3699" durationms="17.196" usertimems="29.676" systemtimems="23.221" timestamp="2019-08-08T19:54:24.569" activeThreads="16">
  <mem-info id="3706" free="92274688" total="153092096" percent="60">
    <mem type="eden" free="3408240" total="4194304" percent="81" />
    <remembered-set count="150912" freebytes="5516672" totalbytes="6120320" percent="90" regionsoverflowed="0" regionsstable="0" regionsrebuilding="7"/>
  </mem-info>
</gc-end>
<cycle-end id="3707" type="partial gc" contextid="3699" timestamp="2019-08-08T19:54:24.569" />
  <attribute name="elasticGC enabled" value="1" />
  <attribute name= "numThreadsSpecified" value="16" />
  <attribute name="heapSize specified" value="0" />
  <attribute name="Current GC Util" value="200" />
  <attribute name= "Current Time Running" value="105434" />
  <attribute name ="GC Interval" value="0" />
  <attribute name="Target GC Util Change" value ="80.000000" />
  <attribute name="Current GC Util Change" value="200.000000"/>
  <attribute name="Current Error" value="-393.000000" />
  <attribute name="Output H" value="142681568"/>
  <attribute name="Output I" value="1312"/>
  <attribute name="Output T" value="16"/>
  <attribute name= "Current Time Running" value="105434" />
  <attribute name="GC Util currently" value="200" />
  <attribute name="CPU Util currently" value="1913384710400" />
<concurrent-start id="3708" type="GMP work packet processing" contextid="3688" timestamp="2019-08-08T19:54:24.569">
  <concurrent-mark-start scanTarget="3408688" />
</concurrent-start>
<exclusive-end id="3709" timestamp="2019-08-08T19:54:24.569" durationms="19.188" />

<exclusive-start id="3710" timestamp="2019-08-08T19:54:24.609" intervalms="58.635">
  <response-info timems="5.575" idlems="5.575" threads="0" lastid="00000000022A3600" lastname="Thread-29" />
</exclusive-start>
<allocation-taxation id="3711" taxation-threshold="23068672" timestamp="2019-08-08T19:54:24.609" intervalms="58.556" />
<concurrent-end id="3712" type="GMP work packet processing" contextid="3688" timestamp="2019-08-08T19:54:24.610">
  <concurrent-mark-end bytesScanned="0" reasonForTermination="Termination requested" />
</concurrent-end>

<gc-start id="3713" type="global mark phase" contextid="3688" timestamp="2019-08-08T19:54:24.610">
  <mem-info id="3714" free="69206016" total="153092096" percent="45">
    <remembered-set count="150688" freebytes="5517568" totalbytes="6120320" percent="90" regionsoverflowed="0" regionsstable="0" regionsrebuilding="7"/>
  </mem-info>
</gc-start>
<gc-op id="3715" type="mark increment" timems="2.871" contextid="3688" timestamp="2019-08-08T19:54:24.613">
  <trace-info objectcount="0" scancount="0" scanbytes="0" />
</gc-op>
<gc-end id="3716" type="global mark phase" contextid="3688" durationms="2.910" usertimems="1.976" systemtimems="5.506" timestamp="2019-08-08T19:54:24.613" activeThreads="16">
  <mem-info id="3717" free="69206016" total="153092096" percent="45">
    <remembered-set count="150688" freebytes="5517568" totalbytes="6120320" percent="90" regionsoverflowed="0" regionsstable="0" regionsrebuilding="7"/>
  </mem-info>
</gc-end>
<exclusive-end id="3718" timestamp="2019-08-08T19:54:24.613" durationms="4.592" />

<exclusive-start id="3719" timestamp="2019-08-08T19:54:24.639" intervalms="30.584">
  <response-info timems="4.023" idlems="4.023" threads="0" lastid="0000000002298200" lastname="Thread-34" />
</exclusive-start>
<allocation-taxation id="3720" taxation-threshold="23068672" timestamp="2019-08-08T19:54:24.640" intervalms="30.643" />
<cycle-start id="3721" type="partial gc" contextid="0" timestamp="2019-08-08T19:54:24.640" intervalms="88.077" />
<gc-start id="3722" type="partial gc" contextid="3721" timestamp="2019-08-08T19:54:24.640">
  <mem-info id="3723" free="46137344" total="153092096" percent="30">
    <mem type="eden" free="0" total="46137344" percent="0" />
    <remembered-set count="150688" freebytes="5517568" totalbytes="6120320" percent="90" regionsoverflowed="0" regionsstable="0" regionsrebuilding="7"/>
  </mem-info>
</gc-start>
<allocation-stats totalBytes="46130616" >
  <allocated-bytes non-tlh="0" tlh="46130616" arrayletleaf="0"/>
  <largest-consumer threadName="Thread-35" threadId="000000000229BE00" bytes="3235448" />
</allocation-stats>
<gc-op id="3724" type="copy forward" timems="12.804" contextid="3721" timestamp="2019-08-08T19:54:24.654">
  <memory-copied type="eden" objects="18638" bytes="727032" bytesdiscarded="99816" />
  <memory-copied type="other" objects="21967" bytes="801960" bytesdiscarded="74088" />
  <memory-cardclean objects="27082" bytes="1341016" />
  <regions eden="22" other="3" />
  <remembered-set-cleared processed="137013" cleared="4902" durationms="0.926" />
  <stringconstants candidates="15092" cleared="0"  />
</gc-op>
<gc-op id="3725" type="classunload" timems="0.010" contextid="3721" timestamp="2019-08-08T19:54:24.654">
  <classunload-info classloadercandidates="55" classloadersunloaded="0" classesunloaded="0" anonymousclassesunloaded="0" quiescems="0.000" setupms="0.010" scanms="0.000" postms="0.000" />
</gc-op>
<gc-end id="3726" type="partial gc" contextid="3721" durationms="14.351" usertimems="30.111" systemtimems="17.575" timestamp="2019-08-08T19:54:24.654" activeThreads="16">
  <mem-info id="3727" free="92274688" total="153092096" percent="60">
    <mem type="eden" free="1270304" total="2097152" percent="60" />
    <remembered-set count="150080" freebytes="5520000" totalbytes="6120320" percent="90" regionsoverflowed="0" regionsstable="0" regionsrebuilding="7"/>
  </mem-info>
</gc-end>
<cycle-end id="3728" type="partial gc" contextid="3721" timestamp="2019-08-08T19:54:24.655" />
  <attribute name="elasticGC enabled" value="1" />
  <attribute name= "numThreadsSpecified" value="16" />
  <attribute name="heapSize specified" value="0" />
  <attribute name="Current GC Util" value="249" />
  <attribute name= "Current Time Running" value="105523" />
  <attribute name ="GC Interval" value="0" />
  <attribute name="Target GC Util Change" value ="80.000000" />
  <attribute name="Current GC Util Change" value="249.000000"/>
  <attribute name="Current Error" value="-169.000000" />
  <attribute name="Output H" value="153167584"/>
  <attribute name="Output I" value="1712"/>
  <attribute name="Output T" value="16"/>
  <attribute name= "Current Time Running" value="105523" />
  <attribute name="GC Util currently" value="249" />
  <attribute name="CPU Util currently" value="1020329604982" />
<exclusive-end id="3729" timestamp="2019-08-08T19:54:24.655" durationms="15.105" />

<exclusive-start id="3730" timestamp="2019-08-08T19:54:24.671" intervalms="31.087">
  <response-info timems="0.680" idlems="0.680" threads="0" lastid="000000000227DF00" lastname="Thread-25" />
</exclusive-start>
<allocation-taxation id="3731" taxation-threshold="23068672" timestamp="2019-08-08T19:54:24.671" intervalms="31.111" />
<gc-start id="3732" type="global mark phase" contextid="3688" timestamp="2019-08-08T19:54:24.671">
  <mem-info id="3733" free="69206016" total="153092096" percent="45">
    <remembered-set count="150080" freebytes="5520000" totalbytes="6120320" percent="90" regionsoverflowed="0" regionsstable="0" regionsrebuilding="7"/>
  </mem-info>
</gc-start>
<gc-op id="3734" type="mark increment" timems="9.529" contextid="3688" timestamp="2019-08-08T19:54:24.680">
  <trace-info objectcount="24864" scancount="24864" scanbytes="884316" />
  <cardclean-info objects="28813" bytes="1447980" />
  <finalization candidates="151" enqueued="0" />
  <ownableSynchronizers candidates="23" cleared="0" />
  <references type="soft" candidates="3717" cleared="95" enqueued="93" dynamicThreshold="19" maxThreshold="32" />
  <references type="weak" candidates="6276" cleared="0" enqueued="0" />
  <references type="phantom" candidates="835" cleared="0" enqueued="0" />
  <stringconstants candidates="15092" cleared="0"  />
</gc-op>
<gc-op id="3735" type="classunload" timems="0.009" contextid="3688" timestamp="2019-08-08T19:54:24.680">
  <classunload-info classloadercandidates="55" classloadersunloaded="0" classesunloaded="0" anonymousclassesunloaded="0" quiescems="0.000" setupms="0.009" scanms="0.000" postms="0.000" />
</gc-op>
<gc-end id="3736" type="global mark phase" contextid="3688" durationms="9.856" usertimems="23.418" systemtimems="11.749" timestamp="2019-08-08T19:54:24.681" activeThreads="16">
  <mem-info id="3737" free="69206016" total="153092096" percent="45">
    <pending-finalizers system="0" default="0" reference="93" classloader="0" />
    <remembered-set count="152128" freebytes="5511808" totalbytes="6120320" percent="90" regionsoverflowed="0" regionsstable="0" regionsrebuilding="0"/>
  </mem-info>
</gc-end>
<cycle-end id="3738" type="global mark phase" contextid="3688" timestamp="2019-08-08T19:54:24.681" />
  <attribute name="elasticGC enabled" value="1" />
  <attribute name= "numThreadsSpecified" value="16" />
  <attribute name="heapSize specified" value="0" />
  <attribute name="Current GC Util" value="235" />
  <attribute name= "Current Time Running" value="105555" />
  <attribute name ="GC Interval" value="0" />
  <attribute name="Target GC Util Change" value ="80.000000" />
  <attribute name="Current GC Util Change" value="235.000000"/>
  <attribute name="Current Error" value="-612.000000" />
  <attribute name="Output H" value="153167072"/>
  <attribute name="Output I" value="920"/>
  <attribute name="Output T" value="16"/>
  <attribute name= "Current Time Running" value="105555" />
  <attribute name="GC Util currently" value="235" />
  <attribute name="CPU Util currently" value="776644275340" />
<exclusive-end id="3739" timestamp="2019-08-08T19:54:24.681" durationms="10.300" />

<exclusive-start id="3740" timestamp="2019-08-08T19:54:24.702" intervalms="31.040">
  <response-info timems="3.467" idlems="3.467" threads="0" lastid="0000000002294600" lastname="Thread-32" />
</exclusive-start>
<allocation-taxation id="3741" taxation-threshold="23068672" timestamp="2019-08-08T19:54:24.702" intervalms="30.968" />
<cycle-start id="3742" type="partial gc" contextid="0" timestamp="2019-08-08T19:54:24.702" intervalms="62.062" />
<gc-start id="3743" type="partial gc" contextid="3742" timestamp="2019-08-08T19:54:24.702">
  <mem-info id="3744" free="46137344" total="153092096" percent="30">
    <mem type="eden" free="0" total="46137344" percent="0" />
    <remembered-set count="30880" freebytes="5996800" totalbytes="6120320" percent="97" regionsoverflowed="0" regionsstable="7" regionsrebuilding="0"/>
  </mem-info>
</gc-start>
<allocation-stats totalBytes="46130144" >
  <allocated-bytes non-tlh="0" tlh="46130144" arrayletleaf="0"/>
  <largest-consumer threadName="Thread-34" threadId="0000000002298200" bytes="3358288" />
</allocation-stats>
<gc-op id="3745" type="sweep" timems="2.630" contextid="3742" timestamp="2019-08-08T19:54:24.705" />
<gc-op id="3746" type="copy forward" timems="11.401" contextid="3742" timestamp="2019-08-08T19:54:24.717">
  <memory-copied type="eden" objects="5261" bytes="132184" bytesdiscarded="12382" />
  <memory-copied type="other" objects="22259" bytes="808968" bytesdiscarded="93714" />
  <memory-cardclean objects="17289" bytes="870056" />
  <regions eden="11" other="13" />
  <remembered-set-cleared processed="20988" cleared="2254" durationms="0.137" />
  <stringconstants candidates="15092" cleared="0"  />
</gc-op>
<gc-op id="3747" type="classunload" timems="0.009" contextid="3742" timestamp="2019-08-08T19:54:24.717">
  <classunload-info classloadercandidates="55" classloadersunloaded="0" classesunloaded="0" anonymousclassesunloaded="0" quiescems="0.000" setupms="0.009" scanms="0.000" postms="0.000" />
</gc-op>
<heap-resize id="3748" type="expand" space="default" amount="4194304" count="1" timems="0.054" reason="excessive time being spent in gc" timestamp="2019-08-08T19:54:24.717" />
<gc-end id="3749" type="partial gc" contextid="3742" durationms="15.385" usertimems="24.706" systemtimems="20.461" timestamp="2019-08-08T19:54:24.717" activeThreads="16">
  <mem-info id="3750" free="94371840" total="157286400" percent="60">
    <mem type="eden" free="1838376" total="2097152" percent="87" />
    <remembered-set count="33248" freebytes="6155008" totalbytes="6288000" percent="97" regionsoverflowed="0" regionsstable="7" regionsrebuilding="0"/>
  </mem-info>
</gc-end>
<cycle-end id="3751" type="partial gc" contextid="3742" timestamp="2019-08-08T19:54:24.717" />
  <attribute name="elasticGC enabled" value="1" />
  <attribute name= "numThreadsSpecified" value="16" />
  <attribute name="heapSize specified" value="0" />
  <attribute name="Current GC Util" value="157" />
  <attribute name= "Current Time Running" value="105587" />
  <attribute name ="GC Interval" value="0" />
  <attribute name="Target GC Util Change" value ="80.000000" />
  <attribute name="Current GC Util Change" value="157.000000"/>
  <attribute name="Current Error" value="-77.000000" />
  <attribute name="Output H" value="153167688"/>
  <attribute name="Output I" value="1872"/>
  <attribute name="Output T" value="16"/>
  <attribute name= "Current Time Running" value="105587" />
  <attribute name="GC Util currently" value="157" />
  <attribute name="CPU Util currently" value="1897475735405" />
<exclusive-end id="3752" timestamp="2019-08-08T19:54:24.718" durationms="15.981" />

<exclusive-start id="3753" timestamp="2019-08-08T19:54:24.752" intervalms="50.285">
  <response-info timems="1.408" idlems="0.329" threads="8" lastid="000000000228CE00" lastname="Thread-31" />
</exclusive-start>
<allocation-taxation id="3754" taxation-threshold="46137344" timestamp="2019-08-08T19:54:24.752" intervalms="50.290" />
<cycle-start id="3755" type="partial gc" contextid="0" timestamp="2019-08-08T19:54:24.752" intervalms="50.232" />
<gc-start id="3756" type="partial gc" contextid="3755" timestamp="2019-08-08T19:54:24.752">
  <mem-info id="3757" free="48234496" total="157286400" percent="30">
    <mem type="eden" free="0" total="46137344" percent="0" />
    <remembered-set count="33184" freebytes="6155264" totalbytes="6288000" percent="97" regionsoverflowed="0" regionsstable="7" regionsrebuilding="0"/>
  </mem-info>
</gc-start>
<allocation-stats totalBytes="46130512" >
  <allocated-bytes non-tlh="0" tlh="46130512" arrayletleaf="0"/>
  <largest-consumer threadName="Thread-33" threadId="0000000002276700" bytes="5876872" />
</allocation-stats>
<gc-op id="3758" type="copy forward" timems="19.583" contextid="3755" timestamp="2019-08-08T19:54:24.773">
  <memory-copied type="eden" objects="11748" bytes="368120" bytesdiscarded="19128" />
  <memory-copied type="other" objects="8835" bytes="212536" bytesdiscarded="5936" />
  <memory-cardclean objects="25543" bytes="1268440" />
  <regions eden="22" other="2" />
  <remembered-set-cleared processed="21836" cleared="4846" durationms="0.160" />
  <stringconstants candidates="15092" cleared="0"  />
</gc-op>
<gc-op id="3759" type="classunload" timems="0.014" contextid="3755" timestamp="2019-08-08T19:54:24.773">
  <classunload-info classloadercandidates="55" classloadersunloaded="0" classesunloaded="0" anonymousclassesunloaded="0" quiescems="0.000" setupms="0.014" scanms="0.000" postms="0.000" />
</gc-op>
<heap-resize id="3760" type="expand" space="default" amount="6291456" count="1" timems="0.061" reason="excessive time being spent in gc" timestamp="2019-08-08T19:54:24.773" />
<gc-end id="3761" type="partial gc" contextid="3755" durationms="21.164" usertimems="29.198" systemtimems="31.889" timestamp="2019-08-08T19:54:24.773" activeThreads="16">
  <mem-info id="3762" free="98566144" total="163577856" percent="60">
    <mem type="eden" free="1709904" total="2097152" percent="81" />
    <remembered-set count="30560" freebytes="6417280" totalbytes="6539520" percent="98" regionsoverflowed="0" regionsstable="7" regionsrebuilding="0"/>
  </mem-info>
</gc-end>
<cycle-end id="3763" type="partial gc" contextid="3755" timestamp="2019-08-08T19:54:24.774" />
  <attribute name="elasticGC enabled" value="1" />
  <attribute name= "numThreadsSpecified" value="16" />
  <attribute name="heapSize specified" value="0" />
  <attribute name="Current GC Util" value="135" />
  <attribute name= "Current Time Running" value="105635" />
  <attribute name ="GC Interval" value="0" />
  <attribute name="Target GC Util Change" value ="80.000000" />
  <attribute name="Current GC Util Change" value="135.000000"/>
  <attribute name="Current Error" value="-133.000000" />
  <attribute name="Output H" value="157361928"/>
  <attribute name="Output I" value="1776"/>
  <attribute name="Output T" value="16"/>
  <attribute name= "Current Time Running" value="105635" />
  <attribute name="GC Util currently" value="135" />
  <attribute name="CPU Util currently" value="1218963669014" />
<exclusive-end id="3764" timestamp="2019-08-08T19:54:24.774" durationms="22.040" />

<exclusive-start id="3765" timestamp="2019-08-08T19:54:24.794" intervalms="41.706">
  <response-info timems="0.124" idlems="0.046" threads="2" lastid="000000000228CE00" lastname="Thread-31" />
</exclusive-start>
<allocation-taxation id="3766" taxation-threshold="48234496" timestamp="2019-08-08T19:54:24.794" intervalms="41.711" />
<cycle-start id="3767" type="partial gc" contextid="0" timestamp="2019-08-08T19:54:24.794" intervalms="41.686" />
<gc-start id="3768" type="partial gc" contextid="3767" timestamp="2019-08-08T19:54:24.794">
  <mem-info id="3769" free="50331648" total="163577856" percent="30">
    <mem type="eden" free="0" total="48234496" percent="0" />
    <remembered-set count="30240" freebytes="6418560" totalbytes="6539520" percent="98" regionsoverflowed="0" regionsstable="7" regionsrebuilding="0"/>
  </mem-info>
</gc-start>
<allocation-stats totalBytes="48227120" >
  <allocated-bytes non-tlh="0" tlh="48227120" arrayletleaf="0"/>
  <largest-consumer threadName="Thread-35" threadId="000000000229BE00" bytes="5954784" />
</allocation-stats>
<gc-op id="3770" type="copy forward" timems="12.984" contextid="3767" timestamp="2019-08-08T19:54:24.808">
  <memory-copied type="eden" objects="24687" bytes="928848" bytesdiscarded="57792" />
  <memory-copied type="other" objects="11107" bytes="348048" bytesdiscarded="21744" />
  <memory-cardclean objects="24141" bytes="1172456" />
  <regions eden="23" other="2" />
  <remembered-set-cleared processed="21178" cleared="3752" durationms="0.244" />
  <stringconstants candidates="15092" cleared="0"  />
</gc-op>
<gc-op id="3771" type="classunload" timems="0.010" contextid="3767" timestamp="2019-08-08T19:54:24.808">
  <classunload-info classloadercandidates="55" classloadersunloaded="0" classesunloaded="0" anonymousclassesunloaded="0" quiescems="0.000" setupms="0.010" scanms="0.000" postms="0.000" />
</gc-op>
<heap-resize id="3772" type="expand" space="default" amount="4194304" count="1" timems="0.056" reason="excessive time being spent in gc" timestamp="2019-08-08T19:54:24.808" />
<gc-end id="3773" type="partial gc" contextid="3767" durationms="14.201" usertimems="43.288" systemtimems="0.000" timestamp="2019-08-08T19:54:24.808" activeThreads="16">
  <mem-info id="3774" free="100663296" total="167772160" percent="60">
    <mem type="eden" free="1110512" total="2097152" percent="52" />
    <remembered-set count="31552" freebytes="6580992" totalbytes="6707200" percent="98" regionsoverflowed="0" regionsstable="7" regionsrebuilding="0"/>
  </mem-info>
</gc-end>
<cycle-end id="3775" type="partial gc" contextid="3767" timestamp="2019-08-08T19:54:24.808" />
  <attribute name="elasticGC enabled" value="1" />
  <attribute name= "numThreadsSpecified" value="16" />
  <attribute name="heapSize specified" value="0" />
  <attribute name="Current GC Util" value="150" />
  <attribute name= "Current Time Running" value="105677" />
  <attribute name ="GC Interval" value="0" />
  <attribute name="Target GC Util Change" value ="80.000000" />
  <attribute name="Current GC Util Change" value="150.000000"/>
  <attribute name="Current Error" value="-270.000000" />
  <attribute name="Output H" value="163653232"/>
  <attribute name="Output I" value="1528"/>
  <attribute name="Output T" value="16"/>
  <attribute name= "Current Time Running" value="105677" />
  <attribute name="GC Util currently" value="150" />
  <attribute name="CPU Util currently" value="1658982406119" />
<exclusive-end id="3776" timestamp="2019-08-08T19:54:24.808" durationms="14.775" />

<exclusive-start id="3777" timestamp="2019-08-08T19:54:24.837" intervalms="43.426">
  <response-info timems="4.564" idlems="4.564" threads="0" lastid="0000000002276700" lastname="Thread-33" />
</exclusive-start>
<allocation-taxation id="3778" taxation-threshold="48234496" timestamp="2019-08-08T19:54:24.837" intervalms="43.441" />
<cycle-start id="3779" type="partial gc" contextid="0" timestamp="2019-08-08T19:54:24.837" intervalms="43.477" />
<gc-start id="3780" type="partial gc" contextid="3779" timestamp="2019-08-08T19:54:24.837">
  <mem-info id="3781" free="52428800" total="167772160" percent="31">
    <mem type="eden" free="0" total="48234496" percent="0" />
    <remembered-set count="31488" freebytes="6581248" totalbytes="6707200" percent="98" regionsoverflowed="0" regionsstable="7" regionsrebuilding="0"/>
  </mem-info>
</gc-start>
<allocation-stats totalBytes="48227280" >
  <allocated-bytes non-tlh="0" tlh="48227280" arrayletleaf="0"/>
  <largest-consumer threadName="Thread-30" threadId="000000000227A300" bytes="5995680" />
</allocation-stats>
<gc-op id="3782" type="copy forward" timems="13.349" contextid="3779" timestamp="2019-08-08T19:54:24.852">
  <memory-copied type="eden" objects="12278" bytes="300456" bytesdiscarded="64216" />
  <memory-copied type="other" objects="23848" bytes="924416" bytesdiscarded="89480" />
  <memory-cardclean objects="22967" bytes="1131208" />
  <regions eden="23" other="2" />
  <remembered-set-cleared processed="22139" cleared="2778" durationms="0.160" />
  <stringconstants candidates="15092" cleared="0"  />
</gc-op>
<gc-op id="3783" type="classunload" timems="0.009" contextid="3779" timestamp="2019-08-08T19:54:24.852">
  <classunload-info classloadercandidates="55" classloadersunloaded="0" classesunloaded="0" anonymousclassesunloaded="0" quiescems="0.000" setupms="0.009" scanms="0.000" postms="0.000" />
</gc-op>
<heap-resize id="3784" type="expand" space="default" amount="6291456" count="1" timems="0.059" reason="excessive time being spent in gc" timestamp="2019-08-08T19:54:24.852" />
<gc-end id="3785" type="partial gc" contextid="3779" durationms="14.425" usertimems="21.042" systemtimems="22.511" timestamp="2019-08-08T19:54:24.852" activeThreads="16">
  <mem-info id="3786" free="104857600" total="174063616" percent="60">
    <mem type="eden" free="1732480" total="2097152" percent="82" />
    <remembered-set count="35040" freebytes="6818560" totalbytes="6958720" percent="97" regionsoverflowed="0" regionsstable="7" regionsrebuilding="0"/>
  </mem-info>
</gc-end>
<cycle-end id="3787" type="partial gc" contextid="3779" timestamp="2019-08-08T19:54:24.852" />
  <attribute name="elasticGC enabled" value="1" />
  <attribute name= "numThreadsSpecified" value="16" />
  <attribute name="heapSize specified" value="0" />
  <attribute name="Current GC Util" value="171" />
  <attribute name= "Current Time Running" value="105720" />
  <attribute name ="GC Interval" value="0" />
  <attribute name="Target GC Util Change" value ="80.000000" />
  <attribute name="Current GC Util Change" value="171.000000"/>
  <attribute name="Current Error" value="-91.000000" />
  <attribute name="Output H" value="167847736"/>
  <attribute name="Output I" value="1848"/>
  <attribute name="Output T" value="16"/>
  <attribute name= "Current Time Running" value="105720" />
  <attribute name="GC Util currently" value="171" />
  <attribute name="CPU Util currently" value="2158467057713" />
<exclusive-end id="3788" timestamp="2019-08-08T19:54:24.852" durationms="15.133" />

<exclusive-start id="3789" timestamp="2019-08-08T19:54:24.879" intervalms="41.849">
  <response-info timems="1.179" idlems="0.428" threads="2" lastid="0000000002290A00" lastname="Thread-23" />
</exclusive-start>
<allocation-taxation id="3790" taxation-threshold="50331648" timestamp="2019-08-08T19:54:24.879" intervalms="41.901" />
<cycle-start id="3791" type="partial gc" contextid="0" timestamp="2019-08-08T19:54:24.879" intervalms="41.927" />
<gc-start id="3792" type="partial gc" contextid="3791" timestamp="2019-08-08T19:54:24.879">
  <mem-info id="3793" free="54525952" total="174063616" percent="31">
    <mem type="eden" free="0" total="50331648" percent="0" />
    <remembered-set count="34848" freebytes="6819328" totalbytes="6958720" percent="97" regionsoverflowed="0" regionsstable="7" regionsrebuilding="0"/>
  </mem-info>
</gc-start>
<allocation-stats totalBytes="50324624" >
  <allocated-bytes non-tlh="0" tlh="50324624" arrayletleaf="0"/>
  <largest-consumer threadName="Thread-30" threadId="000000000227A300" bytes="7478336" />
</allocation-stats>
<gc-op id="3794" type="copy forward" timems="16.760" contextid="3791" timestamp="2019-08-08T19:54:24.898">
  <memory-copied type="eden" objects="42853" bytes="1720544" bytesdiscarded="115768" />
  <memory-copied type="other" objects="13269" bytes="318456" bytesdiscarded="10440" />
  <memory-cardclean objects="33865" bytes="1683816" />
  <regions eden="24" other="2" />
  <remembered-set-cleared processed="23197" cleared="4295" durationms="0.194" />
  <stringconstants candidates="15092" cleared="0"  />
</gc-op>
<gc-op id="3795" type="classunload" timems="0.010" contextid="3791" timestamp="2019-08-08T19:54:24.898">
  <classunload-info classloadercandidates="55" classloadersunloaded="0" classesunloaded="0" anonymousclassesunloaded="0" quiescems="0.000" setupms="0.010" scanms="0.000" postms="0.000" />
</gc-op>
<heap-resize id="3796" type="expand" space="default" amount="10485760" count="1" timems="0.123" reason="excessive time being spent in gc" timestamp="2019-08-08T19:54:24.898" />
<gc-end id="3797" type="partial gc" contextid="3791" durationms="18.433" usertimems="44.221" systemtimems="23.050" timestamp="2019-08-08T19:54:24.898" activeThreads="16">
  <mem-info id="3798" free="111149056" total="184549376" percent="60">
    <mem type="eden" free="2357992" total="4194304" percent="56" />
    <remembered-set count="36384" freebytes="7232384" totalbytes="7377920" percent="98" regionsoverflowed="0" regionsstable="7" regionsrebuilding="0"/>
  </mem-info>
</gc-end>
<cycle-end id="3799" type="partial gc" contextid="3791" timestamp="2019-08-08T19:54:24.898" />
  <attribute name="elasticGC enabled" value="1" />
  <attribute name= "numThreadsSpecified" value="16" />
  <attribute name="heapSize specified" value="0" />
  <attribute name="Current GC Util" value="141" />
  <attribute name= "Current Time Running" value="105762" />
  <attribute name ="GC Interval" value="0" />
  <attribute name="Target GC Util Change" value ="80.000000" />
  <attribute name="Current GC Util Change" value="141.000000"/>
  <attribute name="Current Error" value="-173.000000" />
  <attribute name="Output H" value="174139104"/>
  <attribute name="Output I" value="1704"/>
  <attribute name="Output T" value="16"/>
  <attribute name= "Current Time Running" value="105762" />
  <attribute name="GC Util currently" value="141" />
  <attribute name="CPU Util currently" value="1546053453736" />
<exclusive-end id="3800" timestamp="2019-08-08T19:54:24.898" durationms="19.263" />

<exclusive-start id="3801" timestamp="2019-08-08T19:54:24.937" intervalms="58.460">
  <response-info timems="1.869" idlems="0.937" threads="1" lastid="000000000226EF00" lastname="Thread-28" />
</exclusive-start>
<allocation-taxation id="3802" taxation-threshold="52428800" timestamp="2019-08-08T19:54:24.937" intervalms="58.399" />
<cycle-start id="3803" type="partial gc" contextid="0" timestamp="2019-08-08T19:54:24.937" intervalms="58.352" />
<gc-start id="3804" type="partial gc" contextid="3803" timestamp="2019-08-08T19:54:24.938">
  <mem-info id="3805" free="58720256" total="184549376" percent="31">
    <mem type="eden" free="0" total="52428800" percent="0" />
    <remembered-set count="36384" freebytes="7232384" totalbytes="7377920" percent="98" regionsoverflowed="0" regionsstable="7" regionsrebuilding="0"/>
  </mem-info>
</gc-start>
<allocation-stats totalBytes="52420936" >
  <allocated-bytes non-tlh="0" tlh="52420936" arrayletleaf="0"/>
  <largest-consumer threadName="Thread-33" threadId="0000000002276700" bytes="6155432" />
</allocation-stats>
<gc-op id="3806" type="copy forward" timems="10.964" contextid="3803" timestamp="2019-08-08T19:54:24.949">
  <memory-copied type="eden" objects="28393" bytes="961448" bytesdiscarded="123584" />
  <memory-copied type="other" objects="44472" bytes="1754208" bytesdiscarded="167832" />
  <memory-cardclean objects="26266" bytes="1291752" />
  <regions eden="25" other="3" />
  <remembered-set-cleared processed="24290" cleared="4197" durationms="0.364" />
  <stringconstants candidates="15092" cleared="0"  />
</gc-op>
<gc-op id="3807" type="classunload" timems="0.009" contextid="3803" timestamp="2019-08-08T19:54:24.949">
  <classunload-info classloadercandidates="55" classloadersunloaded="0" classesunloaded="0" anonymousclassesunloaded="0" quiescems="0.000" setupms="0.009" scanms="0.000" postms="0.000" />
</gc-op>
<gc-end id="3808" type="partial gc" contextid="3803" durationms="11.932" usertimems="35.045" systemtimems="1.863" timestamp="2019-08-08T19:54:24.950" activeThreads="16">
  <mem-info id="3809" free="111149056" total="184549376" percent="60">
    <mem type="eden" free="1012120" total="2097152" percent="48" />
    <remembered-set count="36736" freebytes="7230976" totalbytes="7377920" percent="98" regionsoverflowed="0" regionsstable="7" regionsrebuilding="0"/>
  </mem-info>
</gc-end>
<cycle-end id="3810" type="partial gc" contextid="3803" timestamp="2019-08-08T19:54:24.950" />
  <attribute name="elasticGC enabled" value="1" />
  <attribute name= "numThreadsSpecified" value="16" />
  <attribute name="heapSize specified" value="0" />
  <attribute name="Current GC Util" value="177" />
  <attribute name= "Current Time Running" value="105820" />
  <attribute name ="GC Interval" value="0" />
  <attribute name="Target GC Util Change" value ="80.000000" />
  <attribute name="Current GC Util Change" value="177.000000"/>
  <attribute name="Current Error" value="-298.000000" />
  <attribute name="Output H" value="184624712"/>
  <attribute name="Output I" value="1480"/>
  <attribute name="Output T" value="16"/>
  <attribute name= "Current Time Running" value="105820" />
  <attribute name="GC Util currently" value="177" />
  <attribute name="CPU Util currently" value="2447104419893" />
<exclusive-end id="3811" timestamp="2019-08-08T19:54:24.950" durationms="12.689" />

<exclusive-start id="3812" timestamp="2019-08-08T19:54:24.974" intervalms="36.438">
  <response-info timems="2.458" idlems="1.232" threads="1" lastid="00000000022B6100" lastname="Thread-26" />
</exclusive-start>
<allocation-taxation id="3813" taxation-threshold="52428800" timestamp="2019-08-08T19:54:24.974" intervalms="36.453" />
<cycle-start id="3814" type="partial gc" contextid="0" timestamp="2019-08-08T19:54:24.974" intervalms="36.446" />
<gc-start id="3815" type="partial gc" contextid="3814" timestamp="2019-08-08T19:54:24.974">
  <mem-info id="3816" free="58720256" total="184549376" percent="31">
    <mem type="eden" free="0" total="52428800" percent="0" />
    <remembered-set count="36576" freebytes="7231616" totalbytes="7377920" percent="98" regionsoverflowed="0" regionsstable="7" regionsrebuilding="0"/>
  </mem-info>
</gc-start>
<allocation-stats totalBytes="52421400" >
  <allocated-bytes non-tlh="0" tlh="52421400" arrayletleaf="0"/>
  <largest-consumer threadName="Thread-23" threadId="0000000002290A00" bytes="5602672" />
</allocation-stats>
<gc-op id="3817" type="copy forward" timems="13.638" contextid="3814" timestamp="2019-08-08T19:54:24.989">
  <memory-copied type="eden" objects="32713" bytes="1202008" bytesdiscarded="94560" />
  <memory-copied type="other" objects="30570" bytes="1008928" bytesdiscarded="47816" />
  <memory-cardclean objects="42281" bytes="2136704" />
  <regions eden="25" other="2" />
  <remembered-set-cleared processed="25491" cleared="4521" durationms="0.464" />
  <stringconstants candidates="15092" cleared="0"  />
</gc-op>
<gc-op id="3818" type="classunload" timems="0.010" contextid="3814" timestamp="2019-08-08T19:54:24.989">
  <classunload-info classloadercandidates="55" classloadersunloaded="0" classesunloaded="0" anonymousclassesunloaded="0" quiescems="0.000" setupms="0.010" scanms="0.000" postms="0.000" />
</gc-op>
<heap-resize id="3819" type="expand" space="default" amount="4194304" count="1" timems="0.055" reason="excessive time being spent in gc" timestamp="2019-08-08T19:54:24.989" />
<gc-end id="3820" type="partial gc" contextid="3814" durationms="15.117" usertimems="37.987" systemtimems="9.100" timestamp="2019-08-08T19:54:24.989" activeThreads="16">
  <mem-info id="3821" free="113246208" total="188743680" percent="60">
    <mem type="eden" free="800584" total="2097152" percent="38" />
    <remembered-set count="40192" freebytes="7384832" totalbytes="7545600" percent="97" regionsoverflowed="0" regionsstable="7" regionsrebuilding="0"/>
  </mem-info>
</gc-end>
<cycle-end id="3822" type="partial gc" contextid="3814" timestamp="2019-08-08T19:54:24.989" />
  <attribute name="elasticGC enabled" value="1" />
  <attribute name= "numThreadsSpecified" value="16" />
  <attribute name="heapSize specified" value="0" />
  <attribute name="Current GC Util" value="122" />
  <attribute name= "Current Time Running" value="105857" />
  <attribute name ="GC Interval" value="0" />
  <attribute name="Target GC Util Change" value ="80.000000" />
  <attribute name="Current GC Util Change" value="122.000000"/>
  <attribute name="Current Error" value="-42.000000" />
  <attribute name="Output H" value="184625008"/>
  <attribute name="Output I" value="1936"/>
  <attribute name="Output T" value="16"/>
  <attribute name= "Current Time Running" value="105857" />
  <attribute name="GC Util currently" value="122" />
  <attribute name="CPU Util currently" value="1278646953878" />
<exclusive-end id="3823" timestamp="2019-08-08T19:54:24.989" durationms="15.704" />

<exclusive-start id="3824" timestamp="2019-08-08T19:54:25.015" intervalms="41.600">
  <response-info timems="0.312" idlems="0.312" threads="0" lastid="00000000022A3600" lastname="Thread-29" />
</exclusive-start>
<allocation-taxation id="3825" taxation-threshold="54525952" timestamp="2019-08-08T19:54:25.015" intervalms="41.573" />
<cycle-start id="3826" type="partial gc" contextid="0" timestamp="2019-08-08T19:54:25.016" intervalms="41.579" />
<gc-start id="3827" type="partial gc" contextid="3826" timestamp="2019-08-08T19:54:25.016">
  <mem-info id="3828" free="58720256" total="188743680" percent="31">
    <mem type="eden" free="0" total="54525952" percent="0" />
    <remembered-set count="39968" freebytes="7385728" totalbytes="7545600" percent="97" regionsoverflowed="0" regionsstable="7" regionsrebuilding="0"/>
  </mem-info>
</gc-start>
<allocation-stats totalBytes="54518056" >
  <allocated-bytes non-tlh="0" tlh="54518056" arrayletleaf="0"/>
  <largest-consumer threadName="Thread-24" threadId="00000000022A7200" bytes="6183976" />
</allocation-stats>
<gc-op id="3829" type="copy forward" timems="11.303" contextid="3826" timestamp="2019-08-08T19:54:25.028">
  <memory-copied type="eden" objects="25906" bytes="1039320" bytesdiscarded="106784" />
  <memory-copied type="other" objects="36580" bytes="1759336" bytesdiscarded="147968" />
  <memory-cardclean objects="31011" bytes="1627528" />
  <regions eden="26" other="3" />
  <remembered-set-cleared processed="28456" cleared="4639" durationms="0.187" />
  <stringconstants candidates="15092" cleared="0"  />
</gc-op>
<gc-op id="3830" type="classunload" timems="0.009" contextid="3826" timestamp="2019-08-08T19:54:25.028">
  <classunload-info classloadercandidates="55" classloadersunloaded="0" classesunloaded="0" anonymousclassesunloaded="0" quiescems="0.000" setupms="0.009" scanms="0.000" postms="0.000" />
</gc-op>
<heap-resize id="3831" type="expand" space="default" amount="6291456" count="1" timems="0.060" reason="excessive time being spent in gc" timestamp="2019-08-08T19:54:25.028" />
<gc-end id="3832" type="partial gc" contextid="3826" durationms="12.669" usertimems="39.732" systemtimems="0.000" timestamp="2019-08-08T19:54:25.028" activeThreads="16">
  <mem-info id="3833" free="117440512" total="195035136" percent="60">
    <mem type="eden" free="951048" total="2097152" percent="45" />
    <remembered-set count="40736" freebytes="7634176" totalbytes="7797120" percent="97" regionsoverflowed="0" regionsstable="7" regionsrebuilding="0"/>
  </mem-info>
</gc-end>
<cycle-end id="3834" type="partial gc" contextid="3826" timestamp="2019-08-08T19:54:25.029" />
  <attribute name="elasticGC enabled" value="1" />
  <attribute name= "numThreadsSpecified" value="16" />
  <attribute name="heapSize specified" value="0" />
  <attribute name="Current GC Util" value="162" />
  <attribute name= "Current Time Running" value="105899" />
  <attribute name ="GC Interval" value="0" />
  <attribute name="Target GC Util Change" value ="80.000000" />
  <attribute name="Current GC Util Change" value="162.000000"/>
  <attribute name="Current Error" value="-157.000000" />
  <attribute name="Output H" value="188819184"/>
  <attribute name="Output I" value="1728"/>
  <attribute name="Output T" value="16"/>
  <attribute name= "Current Time Running" value="105899" />
  <attribute name="GC Util currently" value="162" />
  <attribute name="CPU Util currently" value="1420821611945" />
<exclusive-end id="3835" timestamp="2019-08-08T19:54:25.029" durationms="13.271" />

<exclusive-start id="3836" timestamp="2019-08-08T19:54:25.067" intervalms="51.667">
  <response-info timems="3.064" idlems="1.787" threads="2" lastid="00000000022B6100" lastname="Thread-26" />
</exclusive-start>
<allocation-taxation id="3837" taxation-threshold="56623104" timestamp="2019-08-08T19:54:25.067" intervalms="51.673" />
<cycle-start id="3838" type="partial gc" contextid="0" timestamp="2019-08-08T19:54:25.067" intervalms="51.677" />
<gc-start id="3839" type="partial gc" contextid="3838" timestamp="2019-08-08T19:54:25.067">
  <mem-info id="3840" free="60817408" total="195035136" percent="31">
    <mem type="eden" free="0" total="56623104" percent="0" />
    <remembered-set count="40704" freebytes="7634304" totalbytes="7797120" percent="97" regionsoverflowed="0" regionsstable="7" regionsrebuilding="0"/>
  </mem-info>
</gc-start>
<allocation-stats totalBytes="56614816" >
  <allocated-bytes non-tlh="0" tlh="56614816" arrayletleaf="0"/>
  <largest-consumer threadName="Thread-25" threadId="000000000227DF00" bytes="5680360" />
</allocation-stats>
<gc-op id="3841" type="copy forward" timems="9.476" contextid="3838" timestamp="2019-08-08T19:54:25.078">
  <memory-copied type="eden" objects="29084" bytes="1252720" bytesdiscarded="106728" />
  <memory-copied type="other" objects="24935" bytes="2059120" bytesdiscarded="67960" />
  <memory-cardclean objects="20101" bytes="1051096" />
  <regions eden="27" other="3" />
  <remembered-set-cleared processed="29565" cleared="4637" durationms="0.163" />
  <stringconstants candidates="15092" cleared="0"  />
</gc-op>
<gc-op id="3842" type="classunload" timems="0.010" contextid="3838" timestamp="2019-08-08T19:54:25.078">
  <classunload-info classloadercandidates="55" classloadersunloaded="0" classesunloaded="0" anonymousclassesunloaded="0" quiescems="0.000" setupms="0.009" scanms="0.000" postms="0.000" />
</gc-op>
<heap-resize id="3843" type="expand" space="default" amount="4194304" count="1" timems="0.067" reason="excessive time being spent in gc" timestamp="2019-08-08T19:54:25.078" />
<gc-end id="3844" type="partial gc" contextid="3838" durationms="10.663" usertimems="30.066" systemtimems="11.332" timestamp="2019-08-08T19:54:25.078" activeThreads="16">
  <mem-info id="3845" free="119537664" total="199229440" percent="60">
    <mem type="eden" free="2834856" total="4194304" percent="67" />
    <remembered-set count="41504" freebytes="7798784" totalbytes="7964800" percent="97" regionsoverflowed="0" regionsstable="7" regionsrebuilding="0"/>
  </mem-info>
</gc-end>
<cycle-end id="3846" type="partial gc" contextid="3838" timestamp="2019-08-08T19:54:25.078" />
  <attribute name="elasticGC enabled" value="1" />
  <attribute name= "numThreadsSpecified" value="16" />
  <attribute name="heapSize specified" value="0" />
  <attribute name="Current GC Util" value="171" />
  <attribute name= "Current Time Running" value="105950" />
  <attribute name ="GC Interval" value="0" />
  <attribute name="Target GC Util Change" value ="80.000000" />
  <attribute name="Current GC Util Change" value="171.000000"/>
  <attribute name="Current Error" value="-243.000000" />
  <attribute name="Output H" value="195110536"/>
  <attribute name="Output I" value="1576"/>
  <attribute name="Output T" value="16"/>
  <attribute name= "Current Time Running" value="105950" />
  <attribute name="GC Util currently" value="171" />
  <attribute name="CPU Util currently" value="2306779421049" />
<exclusive-end id="3847" timestamp="2019-08-08T19:54:25.078" durationms="11.284" />

<exclusive-start id="3848" timestamp="2019-08-08T19:54:25.129" intervalms="62.288">
  <response-info timems="4.840" idlems="4.840" threads="0" lastid="000000000227A300" lastname="Thread-30" />
</exclusive-start>
<allocation-taxation id="3849" taxation-threshold="56623104" timestamp="2019-08-08T19:54:25.129" intervalms="62.324" />
<cycle-start id="3850" type="partial gc" contextid="0" timestamp="2019-08-08T19:54:25.130" intervalms="62.370" />
<gc-start id="3851" type="partial gc" contextid="3850" timestamp="2019-08-08T19:54:25.130">
  <mem-info id="3852" free="62914560" total="199229440" percent="31">
    <mem type="eden" free="0" total="56623104" percent="0" />
    <remembered-set count="41024" freebytes="7800704" totalbytes="7964800" percent="97" regionsoverflowed="0" regionsstable="7" regionsrebuilding="0"/>
  </mem-info>
</gc-start>
<allocation-stats totalBytes="56614864" >
  <allocated-bytes non-tlh="0" tlh="56614864" arrayletleaf="0"/>
  <largest-consumer threadName="Thread-33" threadId="0000000002276700" bytes="5401888" />
</allocation-stats>
<gc-op id="3853" type="copy forward" timems="15.000" contextid="3850" timestamp="2019-08-08T19:54:25.146">
  <memory-copied type="eden" objects="10960" bytes="406128" bytesdiscarded="57944" />
  <memory-copied type="other" objects="49723" bytes="3269368" bytesdiscarded="175640" />
  <memory-cardclean objects="25990" bytes="1330192" />
  <regions eden="27" other="6" />
  <remembered-set-cleared processed="27759" cleared="7471" durationms="0.168" />
  <finalization candidates="71" enqueued="0" />
  <ownableSynchronizers candidates="2" cleared="0" />
  <references type="soft" candidates="37" cleared="0" enqueued="0" dynamicThreshold="19" maxThreshold="32" />
  <references type="weak" candidates="486" cleared="0" enqueued="0" />
  <references type="phantom" candidates="735" cleared="0" enqueued="0" />
  <stringconstants candidates="15092" cleared="0"  />
</gc-op>
<gc-op id="3854" type="classunload" timems="0.010" contextid="3850" timestamp="2019-08-08T19:54:25.146">
  <classunload-info classloadercandidates="55" classloadersunloaded="0" classesunloaded="0" anonymousclassesunloaded="0" quiescems="0.000" setupms="0.010" scanms="0.000" postms="0.000" />
</gc-op>
<gc-end id="3855" type="partial gc" contextid="3850" durationms="16.262" usertimems="23.317" systemtimems="24.902" timestamp="2019-08-08T19:54:25.146" activeThreads="16">
  <mem-info id="3856" free="123731968" total="199229440" percent="62">
    <mem type="eden" free="1633080" total="2097152" percent="77" />
    <remembered-set count="39328" freebytes="7807488" totalbytes="7964800" percent="98" regionsoverflowed="0" regionsstable="7" regionsrebuilding="0"/>
  </mem-info>
</gc-end>
<cycle-end id="3857" type="partial gc" contextid="3850" timestamp="2019-08-08T19:54:25.146" />
  <attribute name="elasticGC enabled" value="1" />
  <attribute name= "numThreadsSpecified" value="16" />
  <attribute name="heapSize specified" value="0" />
  <attribute name="Current GC Util" value="130" />
  <attribute name= "Current Time Running" value="106013" />
  <attribute name ="GC Interval" value="0" />
  <attribute name="Target GC Util Change" value ="80.000000" />
  <attribute name="Current GC Util Change" value="130.000000"/>
  <attribute name="Current Error" value="-50.000000" />
  <attribute name="Output H" value="199305064"/>
  <attribute name="Output I" value="1920"/>
  <attribute name="Output T" value="16"/>
  <attribute name= "Current Time Running" value="106013" />
  <attribute name="GC Util currently" value="130" />
  <attribute name="CPU Util currently" value="1566252277665" />
<exclusive-end id="3858" timestamp="2019-08-08T19:54:25.146" durationms="17.004" />

<exclusive-start id="3859" timestamp="2019-08-08T19:54:25.182" intervalms="52.995">
  <response-info timems="1.565" idlems="0.799" threads="1" lastid="00000000022A3600" lastname="Thread-29" />
</exclusive-start>
<allocation-taxation id="3860" taxation-threshold="56623104" timestamp="2019-08-08T19:54:25.182" intervalms="52.953" />
<cycle-start id="3861" type="partial gc" contextid="0" timestamp="2019-08-08T19:54:25.182" intervalms="52.895" />
<gc-start id="3862" type="partial gc" contextid="3861" timestamp="2019-08-08T19:54:25.183">
  <mem-info id="3863" free="67108864" total="199229440" percent="33">
    <mem type="eden" free="0" total="56623104" percent="0" />
    <remembered-set count="38272" freebytes="7811712" totalbytes="7964800" percent="98" regionsoverflowed="0" regionsstable="8" regionsrebuilding="0"/>
  </mem-info>
</gc-start>
<allocation-stats totalBytes="56614640" >
  <allocated-bytes non-tlh="0" tlh="56614640" arrayletleaf="0"/>
  <largest-consumer threadName="Thread-25" threadId="000000000227DF00" bytes="6184072" />
</allocation-stats>
<gc-op id="3864" type="copy forward" timems="11.506" contextid="3861" timestamp="2019-08-08T19:54:25.195">
  <memory-copied type="eden" objects="10885" bytes="404600" bytesdiscarded="39320" />
  <memory-copied type="other" objects="12152" bytes="429024" bytesdiscarded="36360" />
  <memory-cardclean objects="21049" bytes="1100376" />
  <regions eden="27" other="2" />
  <remembered-set-cleared processed="28071" cleared="5320" durationms="0.219" />
  <stringconstants candidates="15092" cleared="0"  />
</gc-op>
<gc-op id="3865" type="classunload" timems="0.009" contextid="3861" timestamp="2019-08-08T19:54:25.195">
  <classunload-info classloadercandidates="55" classloadersunloaded="0" classesunloaded="0" anonymousclassesunloaded="0" quiescems="0.000" setupms="0.009" scanms="0.000" postms="0.000" />
</gc-op>
<gc-end id="3866" type="partial gc" contextid="3861" durationms="12.530" usertimems="26.317" systemtimems="14.831" timestamp="2019-08-08T19:54:25.195" activeThreads="16">
  <mem-info id="3867" free="121634816" total="199229440" percent="61">
    <mem type="eden" free="1653232" total="2097152" percent="78" />
    <remembered-set count="37856" freebytes="7813376" totalbytes="7964800" percent="98" regionsoverflowed="0" regionsstable="8" regionsrebuilding="0"/>
  </mem-info>
</gc-end>
<cycle-end id="3868" type="partial gc" contextid="3861" timestamp="2019-08-08T19:54:25.195" />
  <attribute name="elasticGC enabled" value="1" />
  <attribute name= "numThreadsSpecified" value="16" />
  <attribute name="heapSize specified" value="0" />
  <attribute name="Current GC Util" value="171" />
  <attribute name= "Current Time Running" value="106065" />
  <attribute name ="GC Interval" value="0" />
  <attribute name="Target GC Util Change" value ="80.000000" />
  <attribute name="Current GC Util Change" value="171.000000"/>
  <attribute name="Current Error" value="-151.000000" />
  <attribute name="Output H" value="199304952"/>
  <attribute name="Output I" value="1744"/>
  <attribute name="Output T" value="16"/>
  <attribute name= "Current Time Running" value="106065" />
  <attribute name="GC Util currently" value="171" />
  <attribute name="CPU Util currently" value="2264902490177" />
<exclusive-end id="3869" timestamp="2019-08-08T19:54:25.196" durationms="13.215" />

<exclusive-start id="3870" timestamp="2019-08-08T19:54:25.243" intervalms="60.734">
  <response-info timems="0.910" idlems="0.474" threads="1" lastid="00000000022A3600" lastname="Thread-29" />
</exclusive-start>
<allocation-taxation id="3871" taxation-threshold="56623104" timestamp="2019-08-08T19:54:25.243" intervalms="60.752" />
<cycle-start id="3872" type="partial gc" contextid="0" timestamp="2019-08-08T19:54:25.243" intervalms="60.983" />
<gc-start id="3873" type="partial gc" contextid="3872" timestamp="2019-08-08T19:54:25.244">
  <mem-info id="3874" free="65011712" total="199229440" percent="32">
    <mem type="eden" free="0" total="56623104" percent="0" />
    <remembered-set count="37824" freebytes="7813504" totalbytes="7964800" percent="98" regionsoverflowed="0" regionsstable="8" regionsrebuilding="0"/>
  </mem-info>
</gc-start>
<allocation-stats totalBytes="56614808" >
  <allocated-bytes non-tlh="0" tlh="56614808" arrayletleaf="0"/>
  <largest-consumer threadName="Thread-22" threadId="00000000022B9D00" bytes="6335728" />
</allocation-stats>
<gc-op id="3875" type="copy forward" timems="14.530" contextid="3872" timestamp="2019-08-08T19:54:25.261">
  <memory-copied type="eden" objects="13077" bytes="456960" bytesdiscarded="24840" />
  <memory-copied type="other" objects="12155" bytes="429096" bytesdiscarded="9944" />
  <memory-cardclean objects="22011" bytes="1088976" />
  <regions eden="27" other="2" />
  <remembered-set-cleared processed="27325" cleared="6142" durationms="0.491" />
  <stringconstants candidates="15092" cleared="0"  />
</gc-op>
<gc-op id="3876" type="classunload" timems="0.010" contextid="3872" timestamp="2019-08-08T19:54:25.261">
  <classunload-info classloadercandidates="55" classloadersunloaded="0" classesunloaded="0" anonymousclassesunloaded="0" quiescems="0.000" setupms="0.009" scanms="0.000" postms="0.000" />
</gc-op>
<gc-end id="3877" type="partial gc" contextid="3872" durationms="17.522" usertimems="35.498" systemtimems="18.250" timestamp="2019-08-08T19:54:25.261" activeThreads="16">
  <mem-info id="3878" free="119537664" total="199229440" percent="60">
    <mem type="eden" free="1615352" total="2097152" percent="77" />
    <remembered-set count="36288" freebytes="7819648" totalbytes="7964800" percent="98" regionsoverflowed="0" regionsstable="8" regionsrebuilding="0"/>
  </mem-info>
</gc-end>
<cycle-end id="3879" type="partial gc" contextid="3872" timestamp="2019-08-08T19:54:25.261" />
  <attribute name="elasticGC enabled" value="1" />
  <attribute name= "numThreadsSpecified" value="16" />
  <attribute name="heapSize specified" value="0" />
  <attribute name="Current GC Util" value="156" />
  <attribute name= "Current Time Running" value="106128" />
  <attribute name ="GC Interval" value="0" />
  <attribute name="Target GC Util Change" value ="80.000000" />
  <attribute name="Current GC Util Change" value="156.000000"/>
  <attribute name="Current Error" value="-205.000000" />
  <attribute name="Output H" value="199304888"/>
  <attribute name="Output I" value="1648"/>
  <attribute name="Output T" value="16"/>
  <attribute name= "Current Time Running" value="106128" />
  <attribute name="GC Util currently" value="156" />
  <attribute name="CPU Util currently" value="484689386070" />
<exclusive-end id="3880" timestamp="2019-08-08T19:54:25.262" durationms="18.441" />

<exclusive-start id="3881" timestamp="2019-08-08T19:54:25.322" intervalms="78.795">
  <response-info timems="2.272" idlems="0.766" threads="2" lastid="00000000022B9D00" lastname="Thread-22" />
</exclusive-start>
<allocation-taxation id="3882" taxation-threshold="56623104" timestamp="2019-08-08T19:54:25.322" intervalms="78.791" />
<cycle-start id="3883" type="partial gc" contextid="0" timestamp="2019-08-08T19:54:25.322" intervalms="78.563" />
<gc-start id="3884" type="partial gc" contextid="3883" timestamp="2019-08-08T19:54:25.322">
  <mem-info id="3885" free="62914560" total="199229440" percent="31">
    <mem type="eden" free="0" total="56623104" percent="0" />
    <remembered-set count="36160" freebytes="7820160" totalbytes="7964800" percent="98" regionsoverflowed="0" regionsstable="8" regionsrebuilding="0"/>
  </mem-info>
</gc-start>
<allocation-stats totalBytes="56615400" >
  <allocated-bytes non-tlh="0" tlh="56615400" arrayletleaf="0"/>
  <largest-consumer threadName="Thread-24" threadId="00000000022A7200" bytes="5819592" />
</allocation-stats>
<gc-op id="3886" type="copy forward" timems="16.844" contextid="3883" timestamp="2019-08-08T19:54:25.340">
  <memory-copied type="eden" objects="8859" bytes="218152" bytesdiscarded="30768" />
  <memory-copied type="other" objects="11044" bytes="402432" bytesdiscarded="31328" />
  <memory-cardclean objects="18903" bytes="955824" />
  <regions eden="27" other="2" />
  <remembered-set-cleared processed="26743" cleared="7135" durationms="1.915" />
  <stringconstants candidates="15092" cleared="0"  />
</gc-op>
<gc-op id="3887" type="classunload" timems="0.010" contextid="3883" timestamp="2019-08-08T19:54:25.340">
  <classunload-info classloadercandidates="55" classloadersunloaded="0" classesunloaded="0" anonymousclassesunloaded="0" quiescems="0.000" setupms="0.010" scanms="0.000" postms="0.000" />
</gc-op>
<heap-resize id="3888" type="expand" space="default" amount="10485760" count="1" timems="0.068" reason="excessive time being spent in gc" timestamp="2019-08-08T19:54:25.341" />
<gc-end id="3889" type="partial gc" contextid="3883" durationms="18.475" usertimems="35.392" systemtimems="18.972" timestamp="2019-08-08T19:54:25.341" activeThreads="16">
  <mem-info id="3890" free="125829120" total="209715200" percent="60">
    <mem type="eden" free="3945384" total="4194304" percent="94" />
    <remembered-set count="33632" freebytes="8249472" totalbytes="8384000" percent="98" regionsoverflowed="0" regionsstable="8" regionsrebuilding="0"/>
  </mem-info>
</gc-end>
<cycle-end id="3891" type="partial gc" contextid="3883" timestamp="2019-08-08T19:54:25.341" />
  <attribute name="elasticGC enabled" value="1" />
  <attribute name= "numThreadsSpecified" value="16" />
  <attribute name="heapSize specified" value="0" />
  <attribute name="Current GC Util" value="131" />
  <attribute name= "Current Time Running" value="106205" />
  <attribute name ="GC Interval" value="0" />
  <attribute name="Target GC Util Change" value ="80.000000" />
  <attribute name="Current GC Util Change" value="131.000000"/>
  <attribute name="Current Error" value="-51.000000" />
  <attribute name="Output H" value="199305064"/>
  <attribute name="Output I" value="1920"/>
  <attribute name="Output T" value="16"/>
  <attribute name= "Current Time Running" value="106205" />
  <attribute name="GC Util currently" value="131" />
  <attribute name="CPU Util currently" value="1075647959543" />
<exclusive-end id="3892" timestamp="2019-08-08T19:54:25.341" durationms="19.074" />

<exclusive-start id="3893" timestamp="2019-08-08T19:54:25.402" intervalms="80.298">
  <response-info timems="5.939" idlems="5.939" threads="0" lastid="000000000228CE00" lastname="Thread-31" />
</exclusive-start>
<allocation-taxation id="3894" taxation-threshold="58720256" timestamp="2019-08-08T19:54:25.402" intervalms="80.297" />
<cycle-start id="3895" type="partial gc" contextid="0" timestamp="2019-08-08T19:54:25.402" intervalms="80.308" />
<gc-start id="3896" type="partial gc" contextid="3895" timestamp="2019-08-08T19:54:25.403">
  <mem-info id="3897" free="67108864" total="209715200" percent="32">
    <mem type="eden" free="0" total="58720256" percent="0" />
    <remembered-set count="33536" freebytes="8249856" totalbytes="8384000" percent="98" regionsoverflowed="0" regionsstable="8" regionsrebuilding="0"/>
  </mem-info>
</gc-start>
<allocation-stats totalBytes="58711968" >
  <allocated-bytes non-tlh="0" tlh="58711968" arrayletleaf="0"/>
  <largest-consumer threadName="Thread-36" threadId="0000000002281B00" bytes="6491336" />
</allocation-stats>
<gc-op id="3898" type="copy forward" timems="13.818" contextid="3895" timestamp="2019-08-08T19:54:25.418">
  <memory-copied type="eden" objects="11800" bytes="425800" bytesdiscarded="18424" />
  <memory-copied type="other" objects="19342" bytes="601584" bytesdiscarded="54856" />
  <memory-cardclean objects="26694" bytes="1317768" />
  <regions eden="28" other="4" />
  <remembered-set-cleared processed="22512" cleared="10477" durationms="0.277" />
  <stringconstants candidates="15092" cleared="0"  />
</gc-op>
<gc-op id="3899" type="classunload" timems="0.010" contextid="3895" timestamp="2019-08-08T19:54:25.418">
  <classunload-info classloadercandidates="55" classloadersunloaded="0" classesunloaded="0" anonymousclassesunloaded="0" quiescems="0.000" setupms="0.010" scanms="0.000" postms="0.000" />
</gc-op>
<gc-end id="3900" type="partial gc" contextid="3895" durationms="15.255" usertimems="23.238" systemtimems="18.852" timestamp="2019-08-08T19:54:25.418" activeThreads="16">
  <mem-info id="3901" free="125829120" total="209715200" percent="60">
    <mem type="eden" free="1652928" total="2097152" percent="78" />
    <remembered-set count="28672" freebytes="8269312" totalbytes="8384000" percent="98" regionsoverflowed="0" regionsstable="8" regionsrebuilding="0"/>
  </mem-info>
</gc-end>
<cycle-end id="3902" type="partial gc" contextid="3895" timestamp="2019-08-08T19:54:25.418" />
  <attribute name="elasticGC enabled" value="1" />
  <attribute name= "numThreadsSpecified" value="16" />
  <attribute name="heapSize specified" value="0" />
  <attribute name="Current GC Util" value="99" />
  <attribute name= "Current Time Running" value="106285" />
  <attribute name ="GC Interval" value="0" />
  <attribute name="Target GC Util Change" value ="80.000000" />
  <attribute name="Current GC Util Change" value="99.000000"/>
  <attribute name="Current Error" value="-56.000000" />
  <attribute name="Output H" value="209790816"/>
  <attribute name="Output I" value="1912"/>
  <attribute name="Output T" value="16"/>
  <attribute name= "Current Time Running" value="106285" />
  <attribute name="GC Util currently" value="99" />
  <attribute name="CPU Util currently" value="1194806572099" />
<exclusive-end id="3903" timestamp="2019-08-08T19:54:25.418" durationms="15.846" />

<exclusive-start id="3904" timestamp="2019-08-08T19:54:25.470" intervalms="67.559">
  <response-info timems="7.821" idlems="1.665" threads="8" lastid="0000000002272B00" lastname="Thread-27" />
</exclusive-start>
<allocation-taxation id="3905" taxation-threshold="58720256" timestamp="2019-08-08T19:54:25.470" intervalms="67.632" />
<cycle-start id="3906" type="partial gc" contextid="0" timestamp="2019-08-08T19:54:25.470" intervalms="67.684" />
<gc-start id="3907" type="partial gc" contextid="3906" timestamp="2019-08-08T19:54:25.470">
  <mem-info id="3908" free="67108864" total="209715200" percent="32">
    <mem type="eden" free="0" total="58720256" percent="0" />
    <remembered-set count="28672" freebytes="8269312" totalbytes="8384000" percent="98" regionsoverflowed="0" regionsstable="8" regionsrebuilding="0"/>
  </mem-info>
</gc-start>
<allocation-stats totalBytes="58711800" >
  <allocated-bytes non-tlh="0" tlh="58711800" arrayletleaf="0"/>
  <largest-consumer threadName="Thread-22" threadId="00000000022B9D00" bytes="7015488" />
</allocation-stats>
<gc-op id="3909" type="copy forward" timems="10.180" contextid="3906" timestamp="2019-08-08T19:54:25.482">
  <memory-copied type="eden" objects="8196" bytes="201816" bytesdiscarded="31400" />
  <memory-copied type="other" objects="37721" bytes="1510704" bytesdiscarded="150128" />
  <memory-cardclean objects="23881" bytes="1209792" />
  <regions eden="28" other="3" />
  <remembered-set-cleared processed="17587" cleared="6523" durationms="0.173" />
  <stringconstants candidates="15092" cleared="0"  />
</gc-op>
<gc-op id="3910" type="classunload" timems="0.011" contextid="3906" timestamp="2019-08-08T19:54:25.482">
  <classunload-info classloadercandidates="55" classloadersunloaded="0" classesunloaded="0" anonymousclassesunloaded="0" quiescems="0.000" setupms="0.010" scanms="0.000" postms="0.000" />
</gc-op>
<heap-resize id="3911" type="expand" space="default" amount="6291456" count="1" timems="0.060" reason="excessive time being spent in gc" timestamp="2019-08-08T19:54:25.482" />
<gc-end id="3912" type="partial gc" contextid="3906" durationms="12.300" usertimems="21.077" systemtimems="4.932" timestamp="2019-08-08T19:54:25.482" activeThreads="8">
  <mem-info id="3913" free="130023424" total="216006656" percent="60">
    <mem type="eden" free="1863936" total="2097152" percent="88" />
    <remembered-set count="30112" freebytes="8515072" totalbytes="8635520" percent="98" regionsoverflowed="0" regionsstable="8" regionsrebuilding="0"/>
  </mem-info>
</gc-end>
<cycle-end id="3914" type="partial gc" contextid="3906" timestamp="2019-08-08T19:54:25.483" />
  <attribute name="elasticGC enabled" value="1" />
  <attribute name= "numThreadsSpecified" value="8" />
  <attribute name="heapSize specified" value="0" />
  <attribute name="Current GC Util" value="66" />
  <attribute name= "Current Time Running" value="106354" />
  <attribute name ="GC Interval" value="0" />
  <attribute name="Target GC Util Change" value ="80.000000" />
  <attribute name="Current GC Util Change" value="66.000000"/>
  <attribute name="Current Error" value="-18.000000" />
  <attribute name="Output H" value="209790864"/>
  <attribute name="Output I" value="1976"/>
  <attribute name="Output T" value="8"/>
  <attribute name= "Current Time Running" value="106354" />
  <attribute name="GC Util currently" value="66" />
  <attribute name="CPU Util currently" value="739020460485" />
<exclusive-end id="3915" timestamp="2019-08-08T19:54:25.483" durationms="13.091" />

<exclusive-start id="3916" timestamp="2019-08-08T19:54:25.529" intervalms="58.794">
  <response-info timems="5.445" idlems="5.445" threads="0" lastid="0000000002272B00" lastname="Thread-27" />
</exclusive-start>
<allocation-taxation id="3917" taxation-threshold="60817408" timestamp="2019-08-08T19:54:25.529" intervalms="58.709" />
<cycle-start id="3918" type="partial gc" contextid="0" timestamp="2019-08-08T19:54:25.529" intervalms="58.689" />
<gc-start id="3919" type="partial gc" contextid="3918" timestamp="2019-08-08T19:54:25.529">
  <mem-info id="3920" free="69206016" total="216006656" percent="32">
    <mem type="eden" free="0" total="60817408" percent="0" />
    <remembered-set count="29760" freebytes="8516480" totalbytes="8635520" percent="98" regionsoverflowed="0" regionsstable="8" regionsrebuilding="0"/>
  </mem-info>
</gc-start>
<allocation-stats totalBytes="60808968" >
  <allocated-bytes non-tlh="0" tlh="60808968" arrayletleaf="0"/>
  <largest-consumer threadName="Thread-36" threadId="0000000002281B00" bytes="5410008" />
</allocation-stats>
<gc-op id="3921" type="copy forward" timems="9.710" contextid="3918" timestamp="2019-08-08T19:54:25.539">
  <memory-copied type="eden" objects="17564" bytes="702768" bytesdiscarded="49480" />
  <memory-copied type="other" objects="25188" bytes="1016640" bytesdiscarded="150336" />
  <memory-cardclean objects="21526" bytes="1111200" />
  <regions eden="29" other="3" />
  <remembered-set-cleared processed="17895" cleared="7662" durationms="0.190" />
  <stringconstants candidates="15092" cleared="0"  />
</gc-op>
<gc-op id="3922" type="classunload" timems="0.010" contextid="3918" timestamp="2019-08-08T19:54:25.540">
  <classunload-info classloadercandidates="55" classloadersunloaded="0" classesunloaded="0" anonymousclassesunloaded="0" quiescems="0.000" setupms="0.010" scanms="0.000" postms="0.000" />
</gc-op>
<heap-resize id="3923" type="expand" space="default" amount="10485760" count="1" timems="0.078" reason="excessive time being spent in gc" timestamp="2019-08-08T19:54:25.540" />
<gc-end id="3924" type="partial gc" contextid="3918" durationms="10.796" usertimems="22.844" systemtimems="13.865" timestamp="2019-08-08T19:54:25.540" activeThreads="16">
  <mem-info id="3925" free="136314880" total="226492416" percent="60">
    <mem type="eden" free="3442056" total="4194304" percent="82" />
    <remembered-set count="30112" freebytes="8934272" totalbytes="9054720" percent="98" regionsoverflowed="0" regionsstable="8" regionsrebuilding="0"/>
  </mem-info>
</gc-end>
<cycle-end id="3926" type="partial gc" contextid="3918" timestamp="2019-08-08T19:54:25.540" />
  <attribute name="elasticGC enabled" value="1" />
  <attribute name= "numThreadsSpecified" value="16" />
  <attribute name="heapSize specified" value="0" />
  <attribute name="Current GC Util" value="167" />
  <attribute name= "Current Time Running" value="106411" />
  <attribute name ="GC Interval" value="0" />
  <attribute name="Target GC Util Change" value ="80.000000" />
  <attribute name="Current GC Util Change" value="167.000000"/>
  <attribute name="Current Error" value="-87.000000" />
  <attribute name="Output H" value="216082240"/>
  <attribute name="Output I" value="1856"/>
  <attribute name="Output T" value="16"/>
  <attribute name= "Current Time Running" value="106411" />
  <attribute name="GC Util currently" value="167" />
  <attribute name="CPU Util currently" value="2451459563059" />
<exclusive-end id="3927" timestamp="2019-08-08T19:54:25.540" durationms="11.581" />

<exclusive-start id="3928" timestamp="2019-08-08T19:54:25.611" intervalms="82.139">
  <response-info timems="4.591" idlems="4.591" threads="0" lastid="00000000022A7200" lastname="Thread-24" />
</exclusive-start>
<allocation-taxation id="3929" taxation-threshold="62914560" timestamp="2019-08-08T19:54:25.611" intervalms="82.147" />
<cycle-start id="3930" type="partial gc" contextid="0" timestamp="2019-08-08T19:54:25.611" intervalms="82.215" />
<gc-start id="3931" type="partial gc" contextid="3930" timestamp="2019-08-08T19:54:25.611">
  <mem-info id="3932" free="73400320" total="226492416" percent="32">
    <mem type="eden" free="0" total="62914560" percent="0" />
    <remembered-set count="29856" freebytes="8935296" totalbytes="9054720" percent="98" regionsoverflowed="0" regionsstable="8" regionsrebuilding="0"/>
  </mem-info>
</gc-start>
<allocation-stats totalBytes="62905896" >
  <allocated-bytes non-tlh="0" tlh="62905896" arrayletleaf="0"/>
  <largest-consumer threadName="Thread-36" threadId="0000000002281B00" bytes="6126784" />
</allocation-stats>
<gc-op id="3933" type="copy forward" timems="11.063" contextid="3930" timestamp="2019-08-08T19:54:25.623">
  <memory-copied type="eden" objects="19691" bytes="753368" bytesdiscarded="103144" />
  <memory-copied type="other" objects="32268" bytes="1461312" bytesdiscarded="149696" />
  <memory-cardclean objects="16008" bytes="781632" />
  <regions eden="30" other="4" />
  <remembered-set-cleared processed="17678" cleared="6345" durationms="0.136" />
  <stringconstants candidates="15092" cleared="0"  />
</gc-op>
<gc-op id="3934" type="classunload" timems="0.011" contextid="3930" timestamp="2019-08-08T19:54:25.623">
  <classunload-info classloadercandidates="55" classloadersunloaded="0" classesunloaded="0" anonymousclassesunloaded="0" quiescems="0.000" setupms="0.011" scanms="0.000" postms="0.000" />
</gc-op>
<gc-end id="3935" type="partial gc" contextid="3930" durationms="12.122" usertimems="28.016" systemtimems="15.406" timestamp="2019-08-08T19:54:25.623" activeThreads="16">
  <mem-info id="3936" free="136314880" total="226492416" percent="60">
    <mem type="eden" free="1240640" total="2097152" percent="59" />
    <remembered-set count="29664" freebytes="8936064" totalbytes="9054720" percent="98" regionsoverflowed="0" regionsstable="8" regionsrebuilding="0"/>
  </mem-info>
</gc-end>
<cycle-end id="3937" type="partial gc" contextid="3930" timestamp="2019-08-08T19:54:25.623" />
  <attribute name="elasticGC enabled" value="1" />
  <attribute name= "numThreadsSpecified" value="16" />
  <attribute name="heapSize specified" value="0" />
  <attribute name="Current GC Util" value="144" />
  <attribute name= "Current Time Running" value="106494" />
  <attribute name ="GC Interval" value="0" />
  <attribute name="Target GC Util Change" value ="80.000000" />
  <attribute name="Current GC Util Change" value="144.000000"/>
  <attribute name="Current Error" value="-105.000000" />
  <attribute name="Output H" value="226567976"/>
  <attribute name="Output I" value="1824"/>
  <attribute name="Output T" value="16"/>
  <attribute name= "Current Time Running" value="106494" />
  <attribute name="GC Util currently" value="144" />
  <attribute name="CPU Util currently" value="1933675982918" />
<exclusive-end id="3938" timestamp="2019-08-08T19:54:25.623" durationms="12.844" />

<exclusive-start id="3939" timestamp="2019-08-08T19:54:25.673" intervalms="62.416">
  <response-info timems="16.091" idlems="10.746" threads="2" lastid="00000000022A3600" lastname="Thread-29" />
</exclusive-start>
<allocation-taxation id="3940" taxation-threshold="62914560" timestamp="2019-08-08T19:54:25.673" intervalms="62.443" />
<cycle-start id="3941" type="partial gc" contextid="0" timestamp="2019-08-08T19:54:25.673" intervalms="62.363" />
<gc-start id="3942" type="partial gc" contextid="3941" timestamp="2019-08-08T19:54:25.674">
  <mem-info id="3943" free="73400320" total="226492416" percent="32">
    <mem type="eden" free="0" total="62914560" percent="0" />
    <remembered-set count="29216" freebytes="8937856" totalbytes="9054720" percent="98" regionsoverflowed="0" regionsstable="8" regionsrebuilding="0"/>
  </mem-info>
</gc-start>
<allocation-stats totalBytes="62905920" >
  <allocated-bytes non-tlh="0" tlh="62905920" arrayletleaf="0"/>
  <largest-consumer threadName="Thread-32" threadId="0000000002294600" bytes="8813400" />
</allocation-stats>
<gc-op id="3944" type="copy forward" timems="10.755" contextid="3941" timestamp="2019-08-08T19:54:25.685">
  <memory-copied type="eden" objects="6284" bytes="156720" bytesdiscarded="34872" />
  <memory-copied type="other" objects="51536" bytes="2335872" bytesdiscarded="162368" />
  <memory-cardclean objects="14652" bytes="808368" />
  <regions eden="30" other="3" />
  <remembered-set-cleared processed="16867" cleared="7008" durationms="0.253" />
  <stringconstants candidates="15092" cleared="0"  />
</gc-op>
<gc-op id="3945" type="classunload" timems="0.010" contextid="3941" timestamp="2019-08-08T19:54:25.685">
  <classunload-info classloadercandidates="55" classloadersunloaded="0" classesunloaded="0" anonymousclassesunloaded="0" quiescems="0.000" setupms="0.010" scanms="0.000" postms="0.000" />
</gc-op>
<heap-resize id="3946" type="expand" space="default" amount="10485760" count="1" timems="0.070" reason="excessive time being spent in gc" timestamp="2019-08-08T19:54:25.686" />
<gc-end id="3947" type="partial gc" contextid="3941" durationms="12.135" usertimems="19.473" systemtimems="10.409" timestamp="2019-08-08T19:54:25.686" activeThreads="16">
  <mem-info id="3948" free="142606336" total="236978176" percent="60">
    <mem type="eden" free="4002712" total="4194304" percent="95" />
    <remembered-set count="30560" freebytes="9351680" totalbytes="9473920" percent="98" regionsoverflowed="0" regionsstable="8" regionsrebuilding="0"/>
  </mem-info>
</gc-end>
<cycle-end id="3949" type="partial gc" contextid="3941" timestamp="2019-08-08T19:54:25.686" />
  <attribute name="elasticGC enabled" value="1" />
  <attribute name= "numThreadsSpecified" value="16" />
  <attribute name="heapSize specified" value="0" />
  <attribute name="Current GC Util" value="106" />
  <attribute name= "Current Time Running" value="106556" />
  <attribute name ="GC Interval" value="0" />
  <attribute name="Target GC Util Change" value ="80.000000" />
  <attribute name="Current GC Util Change" value="106.000000"/>
  <attribute name="Current Error" value="-105.000000" />
  <attribute name="Output H" value="226567976"/>
  <attribute name="Output I" value="1824"/>
  <attribute name="Output T" value="16"/>
  <attribute name= "Current Time Running" value="106556" />
  <attribute name="GC Util currently" value="106" />
  <attribute name="CPU Util currently" value="1738264680678" />
<exclusive-end id="3950" timestamp="2019-08-08T19:54:25.686" durationms="13.136" />

<exclusive-start id="3951" timestamp="2019-08-08T19:54:25.748" intervalms="74.894">
  <response-info timems="10.891" idlems="10.891" threads="0" lastid="00000000022C5100" lastname="Thread-21" />
</exclusive-start>
<allocation-taxation id="3952" taxation-threshold="67108864" timestamp="2019-08-08T19:54:25.748" intervalms="74.894" />
<cycle-start id="3953" type="partial gc" contextid="0" timestamp="2019-08-08T19:54:25.748" intervalms="74.862" />
<gc-start id="3954" type="partial gc" contextid="3953" timestamp="2019-08-08T19:54:25.748">
  <mem-info id="3955" free="75497472" total="236978176" percent="31">
    <mem type="eden" free="0" total="67108864" percent="0" />
    <remembered-set count="30176" freebytes="9353216" totalbytes="9473920" percent="98" regionsoverflowed="0" regionsstable="8" regionsrebuilding="0"/>
  </mem-info>
</gc-start>
<allocation-stats totalBytes="67099400" >
  <allocated-bytes non-tlh="0" tlh="67099400" arrayletleaf="0"/>
  <largest-consumer threadName="Thread-32" threadId="0000000002294600" bytes="7154856" />
</allocation-stats>
<gc-op id="3956" type="copy forward" timems="18.965" contextid="3953" timestamp="2019-08-08T19:54:25.768">
  <memory-copied type="eden" objects="6068" bytes="150872" bytesdiscarded="16504" />
  <memory-copied type="other" objects="40343" bytes="1517736" bytesdiscarded="135400" />
  <memory-cardclean objects="21348" bytes="1072944" />
  <regions eden="32" other="5" />
  <remembered-set-cleared processed="16839" cleared="4138" durationms="0.217" />
  <stringconstants candidates="15092" cleared="0"  />
</gc-op>
<gc-op id="3957" type="classunload" timems="0.010" contextid="3953" timestamp="2019-08-08T19:54:25.768">
  <classunload-info classloadercandidates="55" classloadersunloaded="0" classesunloaded="0" anonymousclassesunloaded="0" quiescems="0.000" setupms="0.010" scanms="0.000" postms="0.000" />
</gc-op>
<gc-end id="3958" type="partial gc" contextid="3953" durationms="20.107" usertimems="30.920" systemtimems="18.738" timestamp="2019-08-08T19:54:25.768" activeThreads="16">
  <mem-info id="3959" free="142606336" total="236978176" percent="60">
    <mem type="eden" free="1929776" total="2097152" percent="92" />
    <remembered-set count="33248" freebytes="9340928" totalbytes="9473920" percent="98" regionsoverflowed="0" regionsstable="8" regionsrebuilding="0"/>
  </mem-info>
</gc-end>
<cycle-end id="3960" type="partial gc" contextid="3953" timestamp="2019-08-08T19:54:25.769" />
  <attribute name="elasticGC enabled" value="1" />
  <attribute name= "numThreadsSpecified" value="16" />
  <attribute name="heapSize specified" value="0" />
  <attribute name="Current GC Util" value="116" />
  <attribute name= "Current Time Running" value="106631" />
  <attribute name ="GC Interval" value="0" />
  <attribute name="Target GC Util Change" value ="80.000000" />
  <attribute name="Current GC Util Change" value="116.000000"/>
  <attribute name="Current Error" value="-36.000000" />
  <attribute name="Output H" value="237053816"/>
  <attribute name="Output I" value="1944"/>
  <attribute name="Output T" value="16"/>
  <attribute name= "Current Time Running" value="106631" />
  <attribute name="GC Util currently" value="116" />
  <attribute name="CPU Util currently" value="1763232689040" />
<exclusive-end id="3961" timestamp="2019-08-08T19:54:25.769" durationms="20.731" />

<exclusive-start id="3962" timestamp="2019-08-08T19:54:25.807" intervalms="59.407">
  <response-info timems="0.382" idlems="0.119" threads="9" lastid="00000000022B9D00" lastname="Thread-22" />
</exclusive-start>
<allocation-taxation id="3963" taxation-threshold="67108864" timestamp="2019-08-08T19:54:25.807" intervalms="59.372" />
<cycle-start id="3964" type="partial gc" contextid="0" timestamp="2019-08-08T19:54:25.808" intervalms="59.405" />
<gc-start id="3965" type="partial gc" contextid="3964" timestamp="2019-08-08T19:54:25.808">
  <mem-info id="3966" free="75497472" total="236978176" percent="31">
    <mem type="eden" free="0" total="67108864" percent="0" />
    <remembered-set count="32800" freebytes="9342720" totalbytes="9473920" percent="98" regionsoverflowed="0" regionsstable="8" regionsrebuilding="0"/>
  </mem-info>
</gc-start>
<allocation-stats totalBytes="67097912" >
  <allocated-bytes non-tlh="0" tlh="67097912" arrayletleaf="0"/>
  <largest-consumer threadName="Thread-32" threadId="0000000002294600" bytes="6442048" />
</allocation-stats>
<gc-op id="3967" type="copy forward" timems="8.629" contextid="3964" timestamp="2019-08-08T19:54:25.818">
  <memory-copied type="eden" objects="24665" bytes="1009848" bytesdiscarded="57456" />
  <memory-copied type="other" objects="16011" bytes="521640" bytesdiscarded="23544" />
  <memory-cardclean objects="31137" bytes="1587720" />
  <regions eden="32" other="3" />
  <remembered-set-cleared processed="18955" cleared="7563" durationms="0.147" />
  <stringconstants candidates="15092" cleared="0"  />
</gc-op>
<gc-op id="3968" type="classunload" timems="0.010" contextid="3964" timestamp="2019-08-08T19:54:25.818">
  <classunload-info classloadercandidates="55" classloadersunloaded="0" classesunloaded="0" anonymousclassesunloaded="0" quiescems="0.000" setupms="0.010" scanms="0.000" postms="0.000" />
</gc-op>
<heap-resize id="3969" type="expand" space="default" amount="4194304" count="1" timems="0.062" reason="excessive time being spent in gc" timestamp="2019-08-08T19:54:25.818" />
<gc-end id="3970" type="partial gc" contextid="3964" durationms="9.856" usertimems="7.042" systemtimems="20.483" timestamp="2019-08-08T19:54:25.818" activeThreads="16">
  <mem-info id="3971" free="144703488" total="241172480" percent="60">
    <mem type="eden" free="1029848" total="2097152" percent="49" />
    <remembered-set count="33792" freebytes="9506432" totalbytes="9641600" percent="98" regionsoverflowed="0" regionsstable="8" regionsrebuilding="0"/>
  </mem-info>
</gc-end>
<cycle-end id="3972" type="partial gc" contextid="3964" timestamp="2019-08-08T19:54:25.818" />
  <attribute name="elasticGC enabled" value="1" />
  <attribute name= "numThreadsSpecified" value="16" />
  <attribute name="heapSize specified" value="0" />
  <attribute name="Current GC Util" value="123" />
  <attribute name= "Current Time Running" value="106690" />
  <attribute name ="GC Interval" value="0" />
  <attribute name="Target GC Util Change" value ="80.000000" />
  <attribute name="Current GC Util Change" value="123.000000"/>
  <attribute name="Current Error" value="-82.000000" />
  <attribute name="Output H" value="237053768"/>
  <attribute name="Output I" value="1864"/>
  <attribute name="Output T" value="16"/>
  <attribute name= "Current Time Running" value="106690" />
  <attribute name="GC Util currently" value="123" />
  <attribute name="CPU Util currently" value="1919945364597" />
<exclusive-end id="3973" timestamp="2019-08-08T19:54:25.818" durationms="10.942" />

<exclusive-start id="3974" timestamp="2019-08-08T19:54:25.874" intervalms="66.598">
  <response-info timems="4.057" idlems="4.057" threads="0" lastid="00000000022B6100" lastname="Thread-26" />
</exclusive-start>
<allocation-taxation id="3975" taxation-threshold="67108864" timestamp="2019-08-08T19:54:25.874" intervalms="66.598" />
<cycle-start id="3976" type="partial gc" contextid="0" timestamp="2019-08-08T19:54:25.874" intervalms="66.567" />
<gc-start id="3977" type="partial gc" contextid="3976" timestamp="2019-08-08T19:54:25.874">
  <mem-info id="3978" free="77594624" total="241172480" percent="32">
    <mem type="eden" free="0" total="67108864" percent="0" />
    <remembered-set count="33568" freebytes="9507328" totalbytes="9641600" percent="98" regionsoverflowed="0" regionsstable="8" regionsrebuilding="0"/>
  </mem-info>
</gc-start>
<allocation-stats totalBytes="67096760" >
  <allocated-bytes non-tlh="0" tlh="67096760" arrayletleaf="0"/>
  <largest-consumer threadName="Thread-21" threadId="00000000022C5100" bytes="8813112" />
</allocation-stats>
<gc-op id="3979" type="copy forward" timems="8.846" contextid="3976" timestamp="2019-08-08T19:54:25.884">
  <memory-copied type="eden" objects="16728" bytes="544864" bytesdiscarded="68784" />
  <memory-copied type="other" objects="42846" bytes="1852560" bytesdiscarded="156016" />
  <memory-cardclean objects="18878" bytes="947616" />
  <regions eden="32" other="3" />
  <remembered-set-cleared processed="20168" cleared="7804" durationms="0.429" />
  <stringconstants candidates="15092" cleared="0"  />
</gc-op>
<gc-op id="3980" type="classunload" timems="0.010" contextid="3976" timestamp="2019-08-08T19:54:25.884">
  <classunload-info classloadercandidates="55" classloadersunloaded="0" classesunloaded="0" anonymousclassesunloaded="0" quiescems="0.000" setupms="0.009" scanms="0.000" postms="0.000" />
</gc-op>
<heap-resize id="3981" type="expand" space="default" amount="6291456" count="1" timems="0.059" reason="excessive time being spent in gc" timestamp="2019-08-08T19:54:25.884" />
<gc-end id="3982" type="partial gc" contextid="3976" durationms="10.072" usertimems="29.548" systemtimems="3.917" timestamp="2019-08-08T19:54:25.884" activeThreads="16">
  <mem-info id="3983" free="148897792" total="247463936" percent="60">
    <mem type="eden" free="1483504" total="2097152" percent="70" />
    <remembered-set count="34560" freebytes="9754880" totalbytes="9893120" percent="98" regionsoverflowed="0" regionsstable="8" regionsrebuilding="0"/>
  </mem-info>
</gc-end>
<cycle-end id="3984" type="partial gc" contextid="3976" timestamp="2019-08-08T19:54:25.884" />
  <attribute name="elasticGC enabled" value="1" />
  <attribute name= "numThreadsSpecified" value="16" />
  <attribute name="heapSize specified" value="0" />
  <attribute name="Current GC Util" value="104" />
  <attribute name= "Current Time Running" value="106757" />
  <attribute name ="GC Interval" value="0" />
  <attribute name="Target GC Util Change" value ="80.000000" />
  <attribute name="Current GC Util Change" value="104.000000"/>
  <attribute name="Current Error" value="-67.000000" />
  <attribute name="Output H" value="241248088"/>
  <attribute name="Output I" value="1896"/>
  <attribute name="Output T" value="16"/>
  <attribute name= "Current Time Running" value="106757" />
  <attribute name="GC Util currently" value="104" />
  <attribute name="CPU Util currently" value="1699413833981" />
<exclusive-end id="3985" timestamp="2019-08-08T19:54:25.885" durationms="10.609" />

<exclusive-start id="3986" timestamp="2019-08-08T19:54:25.948" intervalms="73.915">
  <response-info timems="3.235" idlems="3.235" threads="0" lastid="00000000022B6100" lastname="Thread-26" />
</exclusive-start>
<allocation-taxation id="3987" taxation-threshold="69206016" timestamp="2019-08-08T19:54:25.948" intervalms="73.910" />
<cycle-start id="3988" type="partial gc" contextid="0" timestamp="2019-08-08T19:54:25.948" intervalms="73.957" />
<gc-start id="3989" type="partial gc" contextid="3988" timestamp="2019-08-08T19:54:25.948">
  <mem-info id="3990" free="79691776" total="247463936" percent="32">
    <mem type="eden" free="0" total="69206016" percent="0" />
    <remembered-set count="34176" freebytes="9756416" totalbytes="9893120" percent="98" regionsoverflowed="0" regionsstable="8" regionsrebuilding="0"/>
  </mem-info>
</gc-start>
<allocation-stats totalBytes="69193880" >
  <allocated-bytes non-tlh="0" tlh="69193880" arrayletleaf="0"/>
  <largest-consumer threadName="Thread-26" threadId="00000000022B6100" bytes="8915520" />
</allocation-stats>
<gc-op id="3991" type="copy forward" timems="11.291" contextid="3988" timestamp="2019-08-08T19:54:25.960">
  <memory-copied type="eden" objects="19045" bytes="737920" bytesdiscarded="47768" />
  <memory-copied type="other" objects="41294" bytes="1540560" bytesdiscarded="98168" />
  <memory-cardclean objects="26220" bytes="1314648" />
  <regions eden="33" other="4" />
  <remembered-set-cleared processed="18973" cleared="6030" durationms="0.146" />
  <stringconstants candidates="15092" cleared="0"  />
</gc-op>
<gc-op id="3992" type="classunload" timems="0.009" contextid="3988" timestamp="2019-08-08T19:54:25.960">
  <classunload-info classloadercandidates="55" classloadersunloaded="0" classesunloaded="0" anonymousclassesunloaded="0" quiescems="0.000" setupms="0.009" scanms="0.000" postms="0.000" />
</gc-op>
<heap-resize id="3993" type="expand" space="default" amount="10485760" count="1" timems="0.061" reason="excessive time being spent in gc" timestamp="2019-08-08T19:54:25.960" />
<gc-end id="3994" type="partial gc" contextid="3988" durationms="12.195" usertimems="19.804" systemtimems="9.596" timestamp="2019-08-08T19:54:25.961" activeThreads="16">
  <mem-info id="3995" free="155189248" total="257949696" percent="60">
    <mem type="eden" free="3408616" total="4194304" percent="81" />
    <remembered-set count="35744" freebytes="10169344" totalbytes="10312320" percent="98" regionsoverflowed="0" regionsstable="8" regionsrebuilding="0"/>
  </mem-info>
</gc-end>
<cycle-end id="3996" type="partial gc" contextid="3988" timestamp="2019-08-08T19:54:25.961" />
  <attribute name="elasticGC enabled" value="1" />
  <attribute name= "numThreadsSpecified" value="16" />
  <attribute name="heapSize specified" value="0" />
  <attribute name="Current GC Util" value="0" />
  <attribute name= "Current Time Running" value="106831" />
  <attribute name ="GC Interval" value="0" />
  <attribute name="Target GC Util Change" value ="80.000000" />
  <attribute name="Current GC Util Change" value="0.000000"/>
  <attribute name="Current Error" value="80.000000" />
  <attribute name="Output H" value="247539712"/>
  <attribute name="Output I" value="2152"/>
  <attribute name="Output T" value="16"/>
  <attribute name= "Current Time Running" value="106831" />
  <attribute name="GC Util currently" value="0" />
  <attribute name="CPU Util currently" value="3227546117434" />
<exclusive-end id="3997" timestamp="2019-08-08T19:54:25.961" durationms="12.834" />

<exclusive-start id="3998" timestamp="2019-08-08T19:54:26.040" intervalms="91.645">
  <response-info timems="4.741" idlems="4.741" threads="0" lastid="0000000002298200" lastname="Thread-34" />
</exclusive-start>
<allocation-taxation id="3999" taxation-threshold="71303168" timestamp="2019-08-08T19:54:26.040" intervalms="91.648" />
<cycle-start id="4000" type="partial gc" contextid="0" timestamp="2019-08-08T19:54:26.040" intervalms="91.591" />
<gc-start id="4001" type="partial gc" contextid="4000" timestamp="2019-08-08T19:54:26.040">
  <mem-info id="4002" free="83886080" total="257949696" percent="32">
    <mem type="eden" free="0" total="71303168" percent="0" />
    <remembered-set count="35328" freebytes="10171008" totalbytes="10312320" percent="98" regionsoverflowed="0" regionsstable="8" regionsrebuilding="0"/>
  </mem-info>
</gc-start>
<allocation-stats totalBytes="71290808" >
  <allocated-bytes non-tlh="0" tlh="71290808" arrayletleaf="0"/>
  <largest-consumer threadName="Thread-25" threadId="000000000227DF00" bytes="9030240" />
</allocation-stats>
<gc-op id="4003" type="copy forward" timems="10.711" contextid="4000" timestamp="2019-08-08T19:54:26.052">
  <memory-copied type="eden" objects="18829" bytes="731728" bytesdiscarded="56360" />
  <memory-copied type="other" objects="48034" bytes="1977072" bytesdiscarded="99208" />
  <memory-cardclean objects="22908" bytes="1174800" />
  <regions eden="34" other="5" />
  <remembered-set-cleared processed="20579" cleared="8867" durationms="0.190" />
  <stringconstants candidates="15092" cleared="0"  />
</gc-op>
<gc-op id="4004" type="classunload" timems="0.010" contextid="4000" timestamp="2019-08-08T19:54:26.052">
  <classunload-info classloadercandidates="55" classloadersunloaded="0" classesunloaded="0" anonymousclassesunloaded="0" quiescems="0.000" setupms="0.010" scanms="0.000" postms="0.000" />
</gc-op>
<heap-resize id="4005" type="expand" space="default" amount="4194304" count="1" timems="0.053" reason="excessive time being spent in gc" timestamp="2019-08-08T19:54:26.052" />
<gc-end id="4006" type="partial gc" contextid="4000" durationms="12.214" usertimems="31.399" systemtimems="3.796" timestamp="2019-08-08T19:54:26.052" activeThreads="16">
  <mem-info id="4007" free="157286400" total="262144000" percent="60">
    <mem type="eden" free="3406216" total="4194304" percent="81" />
    <remembered-set count="37152" freebytes="10331392" totalbytes="10480000" percent="98" regionsoverflowed="0" regionsstable="8" regionsrebuilding="0"/>
  </mem-info>
</gc-end>
<cycle-end id="4008" type="partial gc" contextid="4000" timestamp="2019-08-08T19:54:26.052" />
  <attribute name="elasticGC enabled" value="1" />
  <attribute name= "numThreadsSpecified" value="16" />
  <attribute name="heapSize specified" value="0" />
  <attribute name="Current GC Util" value="122" />
  <attribute name= "Current Time Running" value="106923" />
  <attribute name ="GC Interval" value="0" />
  <attribute name="Target GC Util Change" value ="80.000000" />
  <attribute name="Current GC Util Change" value="122.000000"/>
  <attribute name="Current Error" value="86.000000" />
  <attribute name="Output H" value="258025480"/>
  <attribute name="Output I" value="2168"/>
  <attribute name="Output T" value="16"/>
  <attribute name= "Current Time Running" value="106923" />
  <attribute name="GC Util currently" value="122" />
  <attribute name="CPU Util currently" value="1150459447897" />
<exclusive-end id="4009" timestamp="2019-08-08T19:54:26.052" durationms="12.789" />

<exclusive-start id="4010" timestamp="2019-08-08T19:54:26.129" intervalms="89.915">
  <response-info timems="4.876" idlems="4.876" threads="0" lastid="000000000229BE00" lastname="Thread-35" />
</exclusive-start>
<allocation-taxation id="4011" taxation-threshold="73400320" timestamp="2019-08-08T19:54:26.130" intervalms="89.931" />
<cycle-start id="4012" type="partial gc" contextid="0" timestamp="2019-08-08T19:54:26.130" intervalms="90.006" />
<gc-start id="4013" type="partial gc" contextid="4012" timestamp="2019-08-08T19:54:26.131">
  <mem-info id="4014" free="83886080" total="262144000" percent="32">
    <mem type="eden" free="0" total="73400320" percent="0" />
    <remembered-set count="36672" freebytes="10333312" totalbytes="10480000" percent="98" regionsoverflowed="0" regionsstable="8" regionsrebuilding="0"/>
  </mem-info>
</gc-start>
<allocation-stats totalBytes="73387896" >
  <allocated-bytes non-tlh="0" tlh="73387896" arrayletleaf="0"/>
  <largest-consumer threadName="Thread-25" threadId="000000000227DF00" bytes="9943688" />
</allocation-stats>
<gc-op id="4015" type="copy forward" timems="12.402" contextid="4012" timestamp="2019-08-08T19:54:26.145">
  <memory-copied type="eden" objects="17646" bytes="704752" bytesdiscarded="54584" />
  <memory-copied type="other" objects="39308" bytes="1630272" bytesdiscarded="108184" />
  <memory-cardclean objects="24701" bytes="1299096" />
  <regions eden="35" other="5" />
  <remembered-set-cleared processed="21456" cleared="6530" durationms="0.191" />
  <stringconstants candidates="15092" cleared="0"  />
</gc-op>
<gc-op id="4016" type="classunload" timems="0.011" contextid="4012" timestamp="2019-08-08T19:54:26.145">
  <classunload-info classloadercandidates="55" classloadersunloaded="0" classesunloaded="0" anonymousclassesunloaded="0" quiescems="0.000" setupms="0.010" scanms="0.000" postms="0.000" />
</gc-op>
<heap-resize id="4017" type="expand" space="default" amount="6291456" count="1" timems="0.061" reason="excessive time being spent in gc" timestamp="2019-08-08T19:54:26.146" />
<gc-end id="4018" type="partial gc" contextid="4012" durationms="14.951" usertimems="30.820" systemtimems="10.794" timestamp="2019-08-08T19:54:26.146" activeThreads="16">
  <mem-info id="4019" free="161480704" total="268435456" percent="60">
    <mem type="eden" free="3434968" total="4194304" percent="81" />
    <remembered-set count="37600" freebytes="10581120" totalbytes="10731520" percent="98" regionsoverflowed="0" regionsstable="8" regionsrebuilding="0"/>
  </mem-info>
</gc-end>
<cycle-end id="4020" type="partial gc" contextid="4012" timestamp="2019-08-08T19:54:26.146" />
  <attribute name="elasticGC enabled" value="1" />
  <attribute name= "numThreadsSpecified" value="16" />
  <attribute name="heapSize specified" value="0" />
  <attribute name="Current GC Util" value="203" />
  <attribute name= "Current Time Running" value="107015" />
  <attribute name ="GC Interval" value="0" />
  <attribute name="Target GC Util Change" value ="80.000000" />
  <attribute name="Current GC Util Change" value="203.000000"/>
  <attribute name="Current Error" value="6.000000" />
  <attribute name="Output H" value="262219688"/>
  <attribute name="Output I" value="2024"/>
  <attribute name="Output T" value="16"/>
  <attribute name= "Current Time Running" value="107015" />
  <attribute name="GC Util currently" value="203" />
  <attribute name="CPU Util currently" value="646874273903" />
<exclusive-end id="4021" timestamp="2019-08-08T19:54:26.146" durationms="16.468" />

<exclusive-start id="4022" timestamp="2019-08-08T19:54:26.181" intervalms="51.922">
  <response-info timems="4.014" idlems="2.514" threads="2" lastid="000000000229BE00" lastname="Thread-35" />
</exclusive-start>
<allocation-taxation id="4023" taxation-threshold="73400320" timestamp="2019-08-08T19:54:26.181" intervalms="51.941" />
<cycle-start id="4024" type="partial gc" contextid="0" timestamp="2019-08-08T19:54:26.182" intervalms="51.884" />
<gc-start id="4025" type="partial gc" contextid="4024" timestamp="2019-08-08T19:54:26.182">
  <mem-info id="4026" free="88080384" total="268435456" percent="32">
    <mem type="eden" free="0" total="73400320" percent="0" />
    <remembered-set count="37472" freebytes="10581632" totalbytes="10731520" percent="98" regionsoverflowed="0" regionsstable="8" regionsrebuilding="0"/>
  </mem-info>
</gc-start>
<allocation-stats totalBytes="73387728" >
  <allocated-bytes non-tlh="0" tlh="73387728" arrayletleaf="0"/>
  <largest-consumer threadName="Thread-25" threadId="000000000227DF00" bytes="10492528" />
</allocation-stats>
<gc-op id="4027" type="copy forward" timems="14.730" contextid="4024" timestamp="2019-08-08T19:54:26.197">
  <memory-copied type="eden" objects="23362" bytes="978600" bytesdiscarded="134904" />
  <memory-copied type="other" objects="34473" bytes="1376856" bytesdiscarded="83816" />
  <memory-cardclean objects="25996" bytes="1344384" />
  <regions eden="35" other="5" />
  <remembered-set-cleared processed="23005" cleared="7750" durationms="0.182" />
  <stringconstants candidates="15092" cleared="0"  />
</gc-op>
<gc-op id="4028" type="classunload" timems="0.010" contextid="4024" timestamp="2019-08-08T19:54:26.197">
  <classunload-info classloadercandidates="55" classloadersunloaded="0" classesunloaded="0" anonymousclassesunloaded="0" quiescems="0.000" setupms="0.010" scanms="0.000" postms="0.000" />
</gc-op>
<gc-end id="4029" type="partial gc" contextid="4024" durationms="15.745" usertimems="37.167" systemtimems="20.339" timestamp="2019-08-08T19:54:26.198" activeThreads="16">
  <mem-info id="4030" free="161480704" total="268435456" percent="60">
    <mem type="eden" free="983648" total="2097152" percent="46" />
    <remembered-set count="36256" freebytes="10586496" totalbytes="10731520" percent="98" regionsoverflowed="0" regionsstable="8" regionsrebuilding="0"/>
  </mem-info>
</gc-end>
<cycle-end id="4031" type="partial gc" contextid="4024" timestamp="2019-08-08T19:54:26.198" />
  <attribute name="elasticGC enabled" value="1" />
  <attribute name= "numThreadsSpecified" value="16" />
  <attribute name="heapSize specified" value="0" />
  <attribute name="Current GC Util" value="147" />
  <attribute name= "Current Time Running" value="107064" />
  <attribute name ="GC Interval" value="0" />
  <attribute name="Target GC Util Change" value ="80.000000" />
  <attribute name="Current GC Util Change" value="147.000000"/>
  <attribute name="Current Error" value="-67.000000" />
  <attribute name="Output H" value="268511064"/>
  <attribute name="Output I" value="1896"/>
  <attribute name="Output T" value="16"/>
  <attribute name= "Current Time Running" value="107064" />
  <attribute name="GC Util currently" value="147" />
  <attribute name="CPU Util currently" value="2244505027757" />
<exclusive-end id="4032" timestamp="2019-08-08T19:54:26.198" durationms="16.472" />

<exclusive-start id="4033" timestamp="2019-08-08T19:54:26.254" intervalms="72.863">
  <response-info timems="10.902" idlems="10.902" threads="0" lastid="000000000227DF00" lastname="Thread-25" />
</exclusive-start>
<allocation-taxation id="4034" taxation-threshold="73400320" timestamp="2019-08-08T19:54:26.254" intervalms="72.835" />
<cycle-start id="4035" type="partial gc" contextid="0" timestamp="2019-08-08T19:54:26.254" intervalms="72.871" />
<gc-start id="4036" type="partial gc" contextid="4035" timestamp="2019-08-08T19:54:26.255">
  <mem-info id="4037" free="88080384" total="268435456" percent="32">
    <mem type="eden" free="0" total="73400320" percent="0" />
    <remembered-set count="36000" freebytes="10587520" totalbytes="10731520" percent="98" regionsoverflowed="0" regionsstable="8" regionsrebuilding="0"/>
  </mem-info>
</gc-start>
<allocation-stats totalBytes="73387648" >
  <allocated-bytes non-tlh="0" tlh="73387648" arrayletleaf="0"/>
  <largest-consumer threadName="Thread-21" threadId="00000000022C5100" bytes="9824760" />
</allocation-stats>
<gc-op id="4038" type="copy forward" timems="14.626" contextid="4035" timestamp="2019-08-08T19:54:26.270">
  <memory-copied type="eden" objects="5972" bytes="148912" bytesdiscarded="65960" />
  <memory-copied type="other" objects="38904" bytes="1620576" bytesdiscarded="149624" />
  <memory-cardclean objects="26536" bytes="1343688" />
  <regions eden="35" other="4" />
  <remembered-set-cleared processed="21439" cleared="7043" durationms="0.198" />
  <stringconstants candidates="15092" cleared="0"  />
</gc-op>
<gc-op id="4039" type="classunload" timems="0.010" contextid="4035" timestamp="2019-08-08T19:54:26.270">
  <classunload-info classloadercandidates="55" classloadersunloaded="0" classesunloaded="0" anonymousclassesunloaded="0" quiescems="0.000" setupms="0.010" scanms="0.000" postms="0.000" />
</gc-op>
<heap-resize id="4040" type="expand" space="default" amount="4194304" count="1" timems="0.061" reason="excessive time being spent in gc" timestamp="2019-08-08T19:54:26.270" />
<gc-end id="4041" type="partial gc" contextid="4035" durationms="15.879" usertimems="30.007" systemtimems="15.184" timestamp="2019-08-08T19:54:26.271" activeThreads="16">
  <mem-info id="4042" free="163577856" total="272629760" percent="60">
    <mem type="eden" free="1882280" total="2097152" percent="89" />
    <remembered-set count="36672" freebytes="10752512" totalbytes="10899200" percent="98" regionsoverflowed="0" regionsstable="8" regionsrebuilding="0"/>
  </mem-info>
</gc-end>
<cycle-end id="4043" type="partial gc" contextid="4035" timestamp="2019-08-08T19:54:26.271" />
  <attribute name="elasticGC enabled" value="1" />
  <attribute name= "numThreadsSpecified" value="16" />
  <attribute name="heapSize specified" value="0" />
  <attribute name="Current GC Util" value="157" />
  <attribute name= "Current Time Running" value="107137" />
  <attribute name ="GC Interval" value="0" />
  <attribute name="Target GC Util Change" value ="80.000000" />
  <attribute name="Current GC Util Change" value="157.000000"/>
  <attribute name="Current Error" value="-123.000000" />
  <attribute name="Output H" value="268511000"/>
  <attribute name="Output I" value="1792"/>
  <attribute name="Output T" value="16"/>
  <attribute name= "Current Time Running" value="107137" />
  <attribute name="GC Util currently" value="157" />
  <attribute name="CPU Util currently" value="1921647813297" />
<exclusive-end id="4044" timestamp="2019-08-08T19:54:26.271" durationms="16.503" />

<exclusive-start id="4045" timestamp="2019-08-08T19:54:26.313" intervalms="58.994">
  <response-info timems="1.570" idlems="0.791" threads="1" lastid="00000000022A3600" lastname="Thread-29" />
</exclusive-start>
<allocation-taxation id="4046" taxation-threshold="75497472" timestamp="2019-08-08T19:54:26.313" intervalms="59.009" />
<cycle-start id="4047" type="partial gc" contextid="0" timestamp="2019-08-08T19:54:26.313" intervalms="59.085" />
<gc-start id="4048" type="partial gc" contextid="4047" timestamp="2019-08-08T19:54:26.314">
  <mem-info id="4049" free="88080384" total="272629760" percent="32">
    <mem type="eden" free="0" total="75497472" percent="0" />
    <remembered-set count="36448" freebytes="10753408" totalbytes="10899200" percent="98" regionsoverflowed="0" regionsstable="8" regionsrebuilding="0"/>
  </mem-info>
</gc-start>
<allocation-stats totalBytes="75484664" >
  <allocated-bytes non-tlh="0" tlh="75484664" arrayletleaf="0"/>
  <largest-consumer threadName="Thread-27" threadId="0000000002272B00" bytes="8669656" />
</allocation-stats>
<gc-op id="4050" type="copy forward" timems="27.096" contextid="4047" timestamp="2019-08-08T19:54:26.342">
  <memory-copied type="eden" objects="5840" bytes="146768" bytesdiscarded="10216" />
  <memory-copied type="other" objects="48681" bytes="2129976" bytesdiscarded="233800" />
  <memory-cardclean objects="20955" bytes="1048824" />
  <regions eden="36" other="4" />
  <remembered-set-cleared processed="20096" cleared="6958" durationms="0.181" />
  <stringconstants candidates="15092" cleared="0"  />
</gc-op>
<gc-op id="4051" type="classunload" timems="0.013" contextid="4047" timestamp="2019-08-08T19:54:26.342">
  <classunload-info classloadercandidates="55" classloadersunloaded="0" classesunloaded="0" anonymousclassesunloaded="0" quiescems="0.000" setupms="0.013" scanms="0.000" postms="0.000" />
</gc-op>
<heap-resize id="4052" type="expand" space="default" amount="6291456" count="1" timems="0.071" reason="excessive time being spent in gc" timestamp="2019-08-08T19:54:26.343" />
<gc-end id="4053" type="partial gc" contextid="4047" durationms="28.674" usertimems="39.307" systemtimems="30.705" timestamp="2019-08-08T19:54:26.343" activeThreads="16">
  <mem-info id="4054" free="167772160" total="278921216" percent="60">
    <mem type="eden" free="1940168" total="2097152" percent="92" />
    <remembered-set count="36512" freebytes="11004672" totalbytes="11150720" percent="98" regionsoverflowed="0" regionsstable="8" regionsrebuilding="0"/>
  </mem-info>
</gc-end>
<cycle-end id="4055" type="partial gc" contextid="4047" timestamp="2019-08-08T19:54:26.343" />
  <attribute name="elasticGC enabled" value="1" />
  <attribute name= "numThreadsSpecified" value="16" />
  <attribute name="heapSize specified" value="0" />
  <attribute name="Current GC Util" value="146" />
  <attribute name= "Current Time Running" value="107197" />
  <attribute name ="GC Interval" value="0" />
  <attribute name="Target GC Util Change" value ="80.000000" />
  <attribute name="Current GC Util Change" value="146.000000"/>
  <attribute name="Current Error" value="-165.000000" />
  <attribute name="Output H" value="272705256"/>
  <attribute name="Output I" value="1720"/>
  <attribute name="Output T" value="16"/>
  <attribute name= "Current Time Running" value="107197" />
  <attribute name="GC Util currently" value="146" />
  <attribute name="CPU Util currently" value="1207585188832" />
<exclusive-end id="4056" timestamp="2019-08-08T19:54:26.343" durationms="29.751" />

<exclusive-start id="4057" timestamp="2019-08-08T19:54:26.386" intervalms="72.990">
  <response-info timems="0.957" idlems="0.957" threads="0" lastid="000000000229BE00" lastname="Thread-35" />
</exclusive-start>
<allocation-taxation id="4058" taxation-threshold="77594624" timestamp="2019-08-08T19:54:26.386" intervalms="72.989" />
<cycle-start id="4059" type="partial gc" contextid="0" timestamp="2019-08-08T19:54:26.386" intervalms="72.907" />
<gc-start id="4060" type="partial gc" contextid="4059" timestamp="2019-08-08T19:54:26.387">
  <mem-info id="4061" free="90177536" total="278921216" percent="32">
    <mem type="eden" free="0" total="77594624" percent="0" />
    <remembered-set count="36192" freebytes="11005952" totalbytes="11150720" percent="98" regionsoverflowed="0" regionsstable="8" regionsrebuilding="0"/>
  </mem-info>
</gc-start>
<allocation-stats totalBytes="77581192" >
  <allocated-bytes non-tlh="0" tlh="77581192" arrayletleaf="0"/>
  <largest-consumer threadName="Thread-30" threadId="000000000227A300" bytes="9992544" />
</allocation-stats>
<gc-op id="4062" type="copy forward" timems="71.470" contextid="4059" timestamp="2019-08-08T19:54:26.460">
  <memory-copied type="eden" objects="17652" bytes="703984" bytesdiscarded="41872" />
  <memory-copied type="other" objects="18914" bytes="591312" bytesdiscarded="52600" />
  <memory-cardclean objects="31216" bytes="1625904" />
  <regions eden="37" other="4" />
  <remembered-set-cleared processed="19628" cleared="7117" durationms="0.244" />
  <stringconstants candidates="15092" cleared="0"  />
</gc-op>
<gc-op id="4063" type="classunload" timems="0.011" contextid="4059" timestamp="2019-08-08T19:54:26.460">
  <classunload-info classloadercandidates="55" classloadersunloaded="0" classesunloaded="0" anonymousclassesunloaded="0" quiescems="0.000" setupms="0.010" scanms="0.000" postms="0.000" />
</gc-op>
<heap-resize id="4064" type="expand" space="default" amount="4194304" count="1" timems="0.054" reason="excessive time being spent in gc" timestamp="2019-08-08T19:54:26.460" />
<gc-end id="4065" type="partial gc" contextid="4059" durationms="73.703" usertimems="51.811" systemtimems="63.128" timestamp="2019-08-08T19:54:26.460" activeThreads="16">
  <mem-info id="4066" free="169869312" total="283115520" percent="60">
    <mem type="eden" free="1351296" total="2097152" percent="64" />
    <remembered-set count="37120" freebytes="11169920" totalbytes="11318400" percent="98" regionsoverflowed="0" regionsstable="8" regionsrebuilding="0"/>
  </mem-info>
</gc-end>
<cycle-end id="4067" type="partial gc" contextid="4059" timestamp="2019-08-08T19:54:26.460" />
  <attribute name="elasticGC enabled" value="1" />
  <attribute name= "numThreadsSpecified" value="16" />
  <attribute name="heapSize specified" value="0" />
  <attribute name="Current GC Util" value="90" />
  <attribute name= "Current Time Running" value="107270" />
  <attribute name ="GC Interval" value="0" />
  <attribute name="Target GC Util Change" value ="80.000000" />
  <attribute name="Current GC Util Change" value="90.000000"/>
  <attribute name="Current Error" value="-10.000000" />
  <attribute name="Output H" value="278996888"/>
  <attribute name="Output I" value="1992"/>
  <attribute name="Output T" value="16"/>
  <attribute name= "Current Time Running" value="107270" />
  <attribute name="GC Util currently" value="90" />
  <attribute name="CPU Util currently" value="1044871289593" />
<exclusive-end id="4068" timestamp="2019-08-08T19:54:26.461" durationms="74.469" />

<exclusive-start id="4069" timestamp="2019-08-08T19:54:26.548" intervalms="161.918">
  <response-info timems="0.352" idlems="0.352" threads="0" lastid="0000000002281B00" lastname="Thread-36" />
</exclusive-start>
<allocation-taxation id="4070" taxation-threshold="77594624" timestamp="2019-08-08T19:54:26.548" intervalms="161.919" />
<cycle-start id="4071" type="partial gc" contextid="0" timestamp="2019-08-08T19:54:26.549" intervalms="162.107" />
<gc-start id="4072" type="partial gc" contextid="4071" timestamp="2019-08-08T19:54:26.549">
  <mem-info id="4073" free="92274688" total="283115520" percent="32">
    <mem type="eden" free="0" total="77594624" percent="0" />
    <remembered-set count="36640" freebytes="11171840" totalbytes="11318400" percent="98" regionsoverflowed="0" regionsstable="8" regionsrebuilding="0"/>
  </mem-info>
</gc-start>
<allocation-stats totalBytes="77581120" >
  <allocated-bytes non-tlh="0" tlh="77581120" arrayletleaf="0"/>
  <largest-consumer threadName="Thread-22" threadId="00000000022B9D00" bytes="9349720" />
</allocation-stats>
<gc-op id="4074" type="copy forward" timems="12.643" contextid="4071" timestamp="2019-08-08T19:54:26.563">
  <memory-copied type="eden" objects="11731" bytes="424912" bytesdiscarded="72904" />
  <memory-copied type="other" objects="32748" bytes="1335456" bytesdiscarded="105456" />
  <memory-cardclean objects="25542" bytes="1254456" />
  <regions eden="37" other="4" />
  <remembered-set-cleared processed="20007" cleared="5169" durationms="0.152" />
  <stringconstants candidates="15092" cleared="0"  />
</gc-op>
<gc-op id="4075" type="classunload" timems="0.013" contextid="4071" timestamp="2019-08-08T19:54:26.563">
  <classunload-info classloadercandidates="55" classloadersunloaded="0" classesunloaded="0" anonymousclassesunloaded="0" quiescems="0.000" setupms="0.013" scanms="0.000" postms="0.000" />
</gc-op>
<heap-resize id="4076" type="expand" space="default" amount="6291456" count="1" timems="0.112" reason="excessive time being spent in gc" timestamp="2019-08-08T19:54:26.563" />
<gc-end id="4077" type="partial gc" contextid="4071" durationms="14.602" usertimems="22.437" systemtimems="17.447" timestamp="2019-08-08T19:54:26.564" activeThreads="16">
  <mem-info id="4078" free="174063616" total="289406976" percent="60">
    <mem type="eden" free="1599336" total="2097152" percent="76" />
    <remembered-set count="36896" freebytes="11422336" totalbytes="11569920" percent="98" regionsoverflowed="0" regionsstable="8" regionsrebuilding="0"/>
  </mem-info>
</gc-end>
<cycle-end id="4079" type="partial gc" contextid="4071" timestamp="2019-08-08T19:54:26.564" />
  <attribute name="elasticGC enabled" value="1" />
  <attribute name= "numThreadsSpecified" value="16" />
  <attribute name="heapSize specified" value="0" />
  <attribute name="Current GC Util" value="89" />
  <attribute name= "Current Time Running" value="107432" />
  <attribute name ="GC Interval" value="0" />
  <attribute name="Target GC Util Change" value ="80.000000" />
  <attribute name="Current GC Util Change" value="89.000000"/>
  <attribute name="Current Error" value="-10.000000" />
  <attribute name="Output H" value="283191192"/>
  <attribute name="Output I" value="1992"/>
  <attribute name="Output T" value="16"/>
  <attribute name= "Current Time Running" value="107432" />
  <attribute name="GC Util currently" value="89" />
  <attribute name="CPU Util currently" value="1258209672607" />
<exclusive-end id="4080" timestamp="2019-08-08T19:54:26.564" durationms="16.006" />

<exclusive-start id="4081" timestamp="2019-08-08T19:54:26.677" intervalms="129.205">
  <response-info timems="19.160" idlems="6.396" threads="2" lastid="00000000022A7200" lastname="Thread-24" />
</exclusive-start>
<allocation-taxation id="4082" taxation-threshold="79691776" timestamp="2019-08-08T19:54:26.677" intervalms="129.205" />
<cycle-start id="4083" type="partial gc" contextid="0" timestamp="2019-08-08T19:54:26.678" intervalms="129.011" />
<gc-start id="4084" type="partial gc" contextid="4083" timestamp="2019-08-08T19:54:26.678">
  <mem-info id="4085" free="94371840" total="289406976" percent="32">
    <mem type="eden" free="0" total="79691776" percent="0" />
    <remembered-set count="36608" freebytes="11423488" totalbytes="11569920" percent="98" regionsoverflowed="0" regionsstable="8" regionsrebuilding="0"/>
  </mem-info>
</gc-start>
<allocation-stats totalBytes="79678536" >
  <allocated-bytes non-tlh="0" tlh="79678536" arrayletleaf="0"/>
  <largest-consumer threadName="Thread-25" threadId="000000000227DF00" bytes="12605488" />
</allocation-stats>
<gc-op id="4086" type="copy forward" timems="8.254" contextid="4083" timestamp="2019-08-08T19:54:26.687">
  <memory-copied type="eden" objects="12424" bytes="441664" bytesdiscarded="41440" />
  <memory-copied type="other" objects="46570" bytes="2079312" bytesdiscarded="248232" />
  <memory-cardclean objects="18032" bytes="913584" />
  <regions eden="38" other="4" />
  <remembered-set-cleared processed="20975" cleared="6178" durationms="0.215" />
  <stringconstants candidates="15092" cleared="0"  />
</gc-op>
<gc-op id="4087" type="classunload" timems="0.010" contextid="4083" timestamp="2019-08-08T19:54:26.687">
  <classunload-info classloadercandidates="55" classloadersunloaded="0" classesunloaded="0" anonymousclassesunloaded="0" quiescems="0.000" setupms="0.009" scanms="0.000" postms="0.000" />
</gc-op>
<heap-resize id="4088" type="expand" space="default" amount="4194304" count="1" timems="0.158" reason="excessive time being spent in gc" timestamp="2019-08-08T19:54:26.687" />
<gc-end id="4089" type="partial gc" contextid="4083" durationms="9.584" usertimems="20.330" systemtimems="12.613" timestamp="2019-08-08T19:54:26.687" activeThreads="8">
  <mem-info id="4090" free="176160768" total="293601280" percent="60">
    <mem type="eden" free="1614048" total="2097152" percent="76" />
    <remembered-set count="35968" freebytes="11593728" totalbytes="11737600" percent="98" regionsoverflowed="0" regionsstable="8" regionsrebuilding="0"/>
  </mem-info>
</gc-end>
<cycle-end id="4091" type="partial gc" contextid="4083" timestamp="2019-08-08T19:54:26.688" />
  <attribute name="elasticGC enabled" value="1" />
  <attribute name= "numThreadsSpecified" value="8" />
  <attribute name="heapSize specified" value="0" />
  <attribute name="Current GC Util" value="134" />
  <attribute name= "Current Time Running" value="107560" />
  <attribute name ="GC Interval" value="0" />
  <attribute name="Target GC Util Change" value ="80.000000" />
  <attribute name="Current GC Util Change" value="134.000000"/>
  <attribute name="Current Error" value="-15.000000" />
  <attribute name="Output H" value="289482640"/>
  <attribute name="Output I" value="1984"/>
  <attribute name="Output T" value="8"/>
  <attribute name= "Current Time Running" value="107560" />
  <attribute name="GC Util currently" value="134" />
  <attribute name="CPU Util currently" value="2016072724643" />
<exclusive-end id="4092" timestamp="2019-08-08T19:54:26.688" durationms="10.302" />

<exclusive-start id="4093" timestamp="2019-08-08T19:54:26.739" intervalms="61.228">
  <response-info timems="4.291" idlems="4.291" threads="0" lastid="0000000002294600" lastname="Thread-32" />
</exclusive-start>
<allocation-taxation id="4094" taxation-threshold="79691776" timestamp="2019-08-08T19:54:26.739" intervalms="61.210" />
<cycle-start id="4095" type="partial gc" contextid="0" timestamp="2019-08-08T19:54:26.739" intervalms="61.783" />
<gc-start id="4096" type="partial gc" contextid="4095" timestamp="2019-08-08T19:54:26.740">
  <mem-info id="4097" free="96468992" total="293601280" percent="32">
    <mem type="eden" free="0" total="79691776" percent="0" />
    <remembered-set count="35936" freebytes="11593856" totalbytes="11737600" percent="98" regionsoverflowed="0" regionsstable="8" regionsrebuilding="0"/>
  </mem-info>
</gc-start>
<allocation-stats totalBytes="79678240" >
  <allocated-bytes non-tlh="0" tlh="79678240" arrayletleaf="0"/>
  <largest-consumer threadName="Thread-30" threadId="000000000227A300" bytes="9169536" />
</allocation-stats>
<gc-op id="4098" type="copy forward" timems="19.745" contextid="4095" timestamp="2019-08-08T19:54:26.761">
  <memory-copied type="eden" objects="12962" bytes="454720" bytesdiscarded="41240" />
  <memory-copied type="other" objects="36804" bytes="1570176" bytesdiscarded="172032" />
  <memory-cardclean objects="21202" bytes="1065792" />
  <regions eden="38" other="4" />
  <remembered-set-cleared processed="20450" cleared="5718" durationms="0.177" />
  <stringconstants candidates="15092" cleared="0"  />
</gc-op>
<gc-op id="4099" type="classunload" timems="0.012" contextid="4095" timestamp="2019-08-08T19:54:26.762">
  <classunload-info classloadercandidates="55" classloadersunloaded="0" classesunloaded="0" anonymousclassesunloaded="0" quiescems="0.000" setupms="0.012" scanms="0.000" postms="0.000" />
</gc-op>
<heap-resize id="4100" type="expand" space="default" amount="10485760" count="1" timems="1.191" reason="excessive time being spent in gc" timestamp="2019-08-08T19:54:26.763" />
<gc-end id="4101" type="partial gc" contextid="4095" durationms="23.257" usertimems="29.214" systemtimems="26.939" timestamp="2019-08-08T19:54:26.763" activeThreads="16">
  <mem-info id="4102" free="182452224" total="304087040" percent="60">
    <mem type="eden" free="3698344" total="4194304" percent="88" />
    <remembered-set count="38080" freebytes="12004480" totalbytes="12156800" percent="98" regionsoverflowed="0" regionsstable="8" regionsrebuilding="0"/>
  </mem-info>
</gc-end>
<cycle-end id="4103" type="partial gc" contextid="4095" timestamp="2019-08-08T19:54:26.763" />
  <attribute name="elasticGC enabled" value="1" />
  <attribute name= "numThreadsSpecified" value="16" />
  <attribute name="heapSize specified" value="0" />
  <attribute name="Current GC Util" value="147" />
  <attribute name= "Current Time Running" value="107623" />
  <attribute name ="GC Interval" value="0" />
  <attribute name="Target GC Util Change" value ="80.000000" />
  <attribute name="Current GC Util Change" value="147.000000"/>
  <attribute name="Current Error" value="-67.000000" />
  <attribute name="Output H" value="293676888"/>
  <attribute name="Output I" value="1896"/>
  <attribute name="Output T" value="16"/>
  <attribute name= "Current Time Running" value="107623" />
  <attribute name="GC Util currently" value="147" />
  <attribute name="CPU Util currently" value="856697017391" />
<exclusive-end id="4104" timestamp="2019-08-08T19:54:26.763" durationms="24.560" />

<exclusive-start id="4105" timestamp="2019-08-08T19:54:26.845" intervalms="106.861">
  <response-info timems="1.875" idlems="1.875" threads="0" lastid="00000000022A7200" lastname="Thread-24" />
</exclusive-start>
<allocation-taxation id="4106" taxation-threshold="83886080" timestamp="2019-08-08T19:54:26.845" intervalms="106.861" />
<cycle-start id="4107" type="partial gc" contextid="0" timestamp="2019-08-08T19:54:26.846" intervalms="106.270" />
<gc-start id="4108" type="partial gc" contextid="4107" timestamp="2019-08-08T19:54:26.846">
  <mem-info id="4109" free="98566144" total="304087040" percent="32">
    <mem type="eden" free="0" total="83886080" percent="0" />
    <remembered-set count="37952" freebytes="12004992" totalbytes="12156800" percent="98" regionsoverflowed="0" regionsstable="8" regionsrebuilding="0"/>
  </mem-info>
</gc-start>
<allocation-stats totalBytes="83871664" >
  <allocated-bytes non-tlh="0" tlh="83871664" arrayletleaf="0"/>
  <largest-consumer threadName="Thread-25" threadId="000000000227DF00" bytes="9673312" />
</allocation-stats>
<gc-op id="4110" type="copy forward" timems="26.871" contextid="4107" timestamp="2019-08-08T19:54:26.874">
  <memory-copied type="eden" objects="8898" bytes="219616" bytesdiscarded="33416" />
  <memory-copied type="other" objects="49538" bytes="2150544" bytesdiscarded="173568" />
  <memory-cardclean objects="20607" bytes="1014408" />
  <regions eden="40" other="5" />
  <remembered-set-cleared processed="20919" cleared="5975" durationms="0.613" />
  <stringconstants candidates="15092" cleared="0"  />
</gc-op>
<gc-op id="4111" type="classunload" timems="0.012" contextid="4107" timestamp="2019-08-08T19:54:26.874">
  <classunload-info classloadercandidates="55" classloadersunloaded="0" classesunloaded="0" anonymousclassesunloaded="0" quiescems="0.000" setupms="0.012" scanms="0.000" postms="0.000" />
</gc-op>
<heap-resize id="4112" type="expand" space="default" amount="6291456" count="1" timems="0.056" reason="excessive time being spent in gc" timestamp="2019-08-08T19:54:26.874" />
<gc-end id="4113" type="partial gc" contextid="4107" durationms="27.963" usertimems="75.573" systemtimems="31.819" timestamp="2019-08-08T19:54:26.874" activeThreads="16">
  <mem-info id="4114" free="186646528" total="310378496" percent="60">
    <mem type="eden" free="3941272" total="4194304" percent="93" />
    <remembered-set count="41280" freebytes="12243200" totalbytes="12408320" percent="98" regionsoverflowed="0" regionsstable="8" regionsrebuilding="0"/>
  </mem-info>
</gc-end>
<cycle-end id="4115" type="partial gc" contextid="4107" timestamp="2019-08-08T19:54:26.874" />
  <attribute name="elasticGC enabled" value="1" />
  <attribute name= "numThreadsSpecified" value="16" />
  <attribute name="heapSize specified" value="0" />
  <attribute name="Current GC Util" value="0" />
  <attribute name= "Current Time Running" value="107728" />
  <attribute name ="GC Interval" value="0" />
  <attribute name="Target GC Util Change" value ="80.000000" />
  <attribute name="Current GC Util Change" value="0.000000"/>
  <attribute name="Current Error" value="54.000000" />
  <attribute name="Output H" value="304162784"/>
  <attribute name="Output I" value="2104"/>
  <attribute name="Output T" value="16"/>
  <attribute name= "Current Time Running" value="107728" />
  <attribute name="GC Util currently" value="0" />
  <attribute name="CPU Util currently" value="2161408870180" />
<exclusive-end id="4116" timestamp="2019-08-08T19:54:26.874" durationms="28.568" />

<exclusive-start id="4117" timestamp="2019-08-08T19:54:26.908" intervalms="62.567">
  <response-info timems="1.583" idlems="0.805" threads="1" lastid="0000000002272B00" lastname="Thread-27" />
</exclusive-start>
<allocation-taxation id="4118" taxation-threshold="83886080" timestamp="2019-08-08T19:54:26.908" intervalms="62.714" />
<cycle-start id="4119" type="partial gc" contextid="0" timestamp="2019-08-08T19:54:26.908" intervalms="62.750" />
<gc-start id="4120" type="partial gc" contextid="4119" timestamp="2019-08-08T19:54:26.909">
  <mem-info id="4121" free="102760448" total="310378496" percent="33">
    <mem type="eden" free="0" total="83886080" percent="0" />
    <remembered-set count="41184" freebytes="12243584" totalbytes="12408320" percent="98" regionsoverflowed="0" regionsstable="8" regionsrebuilding="0"/>
  </mem-info>
</gc-start>
<allocation-stats totalBytes="83871792" >
  <allocated-bytes non-tlh="0" tlh="83871792" arrayletleaf="0"/>
  <largest-consumer threadName="Thread-22" threadId="00000000022B9D00" bytes="10009176" />
</allocation-stats>
<gc-op id="4122" type="copy forward" timems="18.813" contextid="4119" timestamp="2019-08-08T19:54:26.929">
  <memory-copied type="eden" objects="20121" bytes="763664" bytesdiscarded="64864" />
  <memory-copied type="other" objects="32601" bytes="1194552" bytesdiscarded="84056" />
  <memory-cardclean objects="30055" bytes="1570536" />
  <regions eden="40" other="5" />
  <remembered-set-cleared processed="22193" cleared="6885" durationms="0.183" />
  <stringconstants candidates="15092" cleared="0"  />
</gc-op>
<gc-op id="4123" type="classunload" timems="0.011" contextid="4119" timestamp="2019-08-08T19:54:26.929">
  <classunload-info classloadercandidates="55" classloadersunloaded="0" classesunloaded="0" anonymousclassesunloaded="0" quiescems="0.000" setupms="0.011" scanms="0.000" postms="0.000" />
</gc-op>
<gc-end id="4124" type="partial gc" contextid="4119" durationms="20.166" usertimems="30.107" systemtimems="22.253" timestamp="2019-08-08T19:54:26.929" activeThreads="16">
  <mem-info id="4125" free="186646528" total="310378496" percent="60">
    <mem type="eden" free="1268624" total="2097152" percent="60" />
    <remembered-set count="40704" freebytes="12245504" totalbytes="12408320" percent="98" regionsoverflowed="0" regionsstable="8" regionsrebuilding="0"/>
  </mem-info>
</gc-end>
<cycle-end id="4126" type="partial gc" contextid="4119" timestamp="2019-08-08T19:54:26.929" />
  <attribute name="elasticGC enabled" value="1" />
  <attribute name= "numThreadsSpecified" value="16" />
  <attribute name="heapSize specified" value="0" />
  <attribute name="Current GC Util" value="122" />
  <attribute name= "Current Time Running" value="107791" />
  <attribute name ="GC Interval" value="0" />
  <attribute name="Target GC Util Change" value ="80.000000" />
  <attribute name="Current GC Util Change" value="122.000000"/>
  <attribute name="Current Error" value="-35.000000" />
  <attribute name="Output H" value="310454136"/>
  <attribute name="Output I" value="1952"/>
  <attribute name="Output T" value="16"/>
  <attribute name= "Current Time Running" value="107791" />
  <attribute name="GC Util currently" value="122" />
  <attribute name="CPU Util currently" value="1589306981599" />
<exclusive-end id="4127" timestamp="2019-08-08T19:54:26.929" durationms="21.332" />

<exclusive-start id="4128" timestamp="2019-08-08T19:54:26.984" intervalms="75.672">
  <response-info timems="0.236" idlems="0.236" threads="0" lastid="000000000227DF00" lastname="Thread-25" />
</exclusive-start>
<allocation-taxation id="4129" taxation-threshold="83886080" timestamp="2019-08-08T19:54:26.984" intervalms="75.523" />
<cycle-start id="4130" type="partial gc" contextid="0" timestamp="2019-08-08T19:54:26.984" intervalms="75.781" />
<gc-start id="4131" type="partial gc" contextid="4130" timestamp="2019-08-08T19:54:26.984">
  <mem-info id="4132" free="102760448" total="310378496" percent="33">
    <mem type="eden" free="0" total="83886080" percent="0" />
    <remembered-set count="40448" freebytes="12246528" totalbytes="12408320" percent="98" regionsoverflowed="0" regionsstable="8" regionsrebuilding="0"/>
  </mem-info>
</gc-start>
<allocation-stats totalBytes="83871952" >
  <allocated-bytes non-tlh="0" tlh="83871952" arrayletleaf="0"/>
  <largest-consumer threadName="Thread-32" threadId="0000000002294600" bytes="10811752" />
</allocation-stats>
<gc-op id="4133" type="copy forward" timems="11.219" contextid="4130" timestamp="2019-08-08T19:54:26.997">
  <memory-copied type="eden" objects="26603" bytes="1056632" bytesdiscarded="102568" />
  <memory-copied type="other" objects="27841" bytes="942936" bytesdiscarded="84936" />
  <memory-cardclean objects="32950" bytes="1658472" />
  <regions eden="40" other="4" />
  <remembered-set-cleared processed="22434" cleared="6153" durationms="0.235" />
  <stringconstants candidates="15092" cleared="0"  />
</gc-op>
<gc-op id="4134" type="classunload" timems="0.014" contextid="4130" timestamp="2019-08-08T19:54:26.997">
  <classunload-info classloadercandidates="55" classloadersunloaded="0" classesunloaded="0" anonymousclassesunloaded="0" quiescems="0.000" setupms="0.014" scanms="0.000" postms="0.000" />
</gc-op>
<heap-resize id="4135" type="expand" space="default" amount="14680064" count="1" timems="0.072" reason="excessive time being spent in gc" timestamp="2019-08-08T19:54:26.997" />
<gc-end id="4136" type="partial gc" contextid="4130" durationms="12.741" usertimems="23.103" systemtimems="11.714" timestamp="2019-08-08T19:54:26.997" activeThreads="16">
  <mem-info id="4137" free="195035136" total="325058560" percent="60">
    <mem type="eden" free="5132256" total="6291456" percent="81" />
    <remembered-set count="41760" freebytes="12828160" totalbytes="12995200" percent="98" regionsoverflowed="0" regionsstable="8" regionsrebuilding="0"/>
  </mem-info>
</gc-end>
<cycle-end id="4138" type="partial gc" contextid="4130" timestamp="2019-08-08T19:54:26.997" />
  <attribute name="elasticGC enabled" value="1" />
  <attribute name= "numThreadsSpecified" value="16" />
  <attribute name="heapSize specified" value="0" />
  <attribute name="Current GC Util" value="0" />
  <attribute name= "Current Time Running" value="107867" />
  <attribute name ="GC Interval" value="0" />
  <attribute name="Target GC Util Change" value ="80.000000" />
  <attribute name="Current GC Util Change" value="0.000000"/>
  <attribute name="Current Error" value="80.000000" />
  <attribute name="Output H" value="310454272"/>
  <attribute name="Output I" value="2152"/>
  <attribute name="Output T" value="16"/>
  <attribute name= "Current Time Running" value="107867" />
  <attribute name="GC Util currently" value="0" />
  <attribute name="CPU Util currently" value="1655190700771" />
<exclusive-end id="4139" timestamp="2019-08-08T19:54:26.998" durationms="13.914" />

<exclusive-start id="4140" timestamp="2019-08-08T19:54:27.093" intervalms="108.958">
  <response-info timems="6.485" idlems="6.485" threads="0" lastid="000000000226EF00" lastname="Thread-28" />
</exclusive-start>
<allocation-taxation id="4141" taxation-threshold="88080384" timestamp="2019-08-08T19:54:27.093" intervalms="108.966" />
<cycle-start id="4142" type="partial gc" contextid="0" timestamp="2019-08-08T19:54:27.093" intervalms="108.653" />
<gc-start id="4143" type="partial gc" contextid="4142" timestamp="2019-08-08T19:54:27.093">
  <mem-info id="4144" free="106954752" total="325058560" percent="32">
    <mem type="eden" free="0" total="88080384" percent="0" />
    <remembered-set count="41728" freebytes="12828288" totalbytes="12995200" percent="98" regionsoverflowed="0" regionsstable="8" regionsrebuilding="0"/>
  </mem-info>
</gc-start>
<allocation-stats totalBytes="88065328" >
  <allocated-bytes non-tlh="0" tlh="88065328" arrayletleaf="0"/>
  <largest-consumer threadName="Thread-32" threadId="0000000002294600" bytes="10340864" />
</allocation-stats>
<gc-op id="4145" type="copy forward" timems="10.212" contextid="4142" timestamp="2019-08-08T19:54:27.104">
  <memory-copied type="eden" objects="16160" bytes="668872" bytesdiscarded="116816" />
  <memory-copied type="other" objects="53401" bytes="2105880" bytesdiscarded="175392" />
  <memory-cardclean objects="27863" bytes="1374792" />
  <regions eden="42" other="7" />
  <remembered-set-cleared processed="22842" cleared="7621" durationms="0.162" />
  <stringconstants candidates="15092" cleared="0"  />
</gc-op>
<gc-op id="4146" type="classunload" timems="0.013" contextid="4142" timestamp="2019-08-08T19:54:27.104">
  <classunload-info classloadercandidates="55" classloadersunloaded="0" classesunloaded="0" anonymousclassesunloaded="0" quiescems="0.000" setupms="0.013" scanms="0.000" postms="0.000" />
</gc-op>
<gc-end id="4147" type="partial gc" contextid="4142" durationms="11.624" usertimems="22.461" systemtimems="9.603" timestamp="2019-08-08T19:54:27.105" activeThreads="16">
  <mem-info id="4148" free="197132288" total="325058560" percent="60">
    <mem type="eden" free="1311464" total="2097152" percent="62" />
    <remembered-set count="43712" freebytes="12820352" totalbytes="12995200" percent="98" regionsoverflowed="0" regionsstable="8" regionsrebuilding="0"/>
  </mem-info>
</gc-end>
<cycle-end id="4149" type="partial gc" contextid="4142" timestamp="2019-08-08T19:54:27.105" />
  <attribute name="elasticGC enabled" value="1" />
  <attribute name= "numThreadsSpecified" value="16" />
  <attribute name="heapSize specified" value="0" />
  <attribute name="Current GC Util" value="93" />
  <attribute name= "Current Time Running" value="107976" />
  <attribute name ="GC Interval" value="0" />
  <attribute name="Target GC Util Change" value ="80.000000" />
  <attribute name="Current GC Util Change" value="93.000000"/>
  <attribute name="Current Error" value="115.000000" />
  <attribute name="Output H" value="325134376"/>
  <attribute name="Output I" value="2216"/>
  <attribute name="Output T" value="16"/>
  <attribute name= "Current Time Running" value="107976" />
  <attribute name="GC Util currently" value="93" />
  <attribute name="CPU Util currently" value="1344252987704" />
<exclusive-end id="4150" timestamp="2019-08-08T19:54:27.105" durationms="12.337" />

<exclusive-start id="4151" timestamp="2019-08-08T19:54:27.157" intervalms="64.820">
  <response-info timems="0.999" idlems="0.999" threads="0" lastid="00000000022B6100" lastname="Thread-26" />
</exclusive-start>
<allocation-taxation id="4152" taxation-threshold="88080384" timestamp="2019-08-08T19:54:27.158" intervalms="64.832" />
<cycle-start id="4153" type="partial gc" contextid="0" timestamp="2019-08-08T19:54:27.158" intervalms="64.840" />
<gc-start id="4154" type="partial gc" contextid="4153" timestamp="2019-08-08T19:54:27.158">
  <mem-info id="4155" free="109051904" total="325058560" percent="33">
    <mem type="eden" free="0" total="88080384" percent="0" />
    <remembered-set count="43680" freebytes="12820480" totalbytes="12995200" percent="98" regionsoverflowed="0" regionsstable="8" regionsrebuilding="0"/>
  </mem-info>
</gc-start>
<allocation-stats totalBytes="88065344" >
  <allocated-bytes non-tlh="0" tlh="88065344" arrayletleaf="0"/>
  <largest-consumer threadName="Thread-24" threadId="00000000022A7200" bytes="9959824" />
</allocation-stats>
<gc-op id="4156" type="copy forward" timems="13.422" contextid="4153" timestamp="2019-08-08T19:54:27.172">
  <memory-copied type="eden" objects="21985" bytes="808912" bytesdiscarded="52816" />
  <memory-copied type="other" objects="60246" bytes="2407536" bytesdiscarded="242488" />
  <memory-cardclean objects="28891" bytes="1489824" />
  <regions eden="42" other="5" />
  <remembered-set-cleared processed="23213" cleared="6299" durationms="0.800" />
  <stringconstants candidates="15092" cleared="0"  />
</gc-op>
<gc-op id="4157" type="classunload" timems="0.010" contextid="4153" timestamp="2019-08-08T19:54:27.172">
  <classunload-info classloadercandidates="55" classloadersunloaded="0" classesunloaded="0" anonymousclassesunloaded="0" quiescems="0.000" setupms="0.010" scanms="0.000" postms="0.000" />
</gc-op>
<gc-end id="4158" type="partial gc" contextid="4153" durationms="14.713" usertimems="24.014" systemtimems="14.950" timestamp="2019-08-08T19:54:27.173" activeThreads="16">
  <mem-info id="4159" free="195035136" total="325058560" percent="60">
    <mem type="eden" free="1235424" total="2097152" percent="58" />
    <remembered-set count="45344" freebytes="12813824" totalbytes="12995200" percent="98" regionsoverflowed="0" regionsstable="8" regionsrebuilding="0"/>
  </mem-info>
</gc-end>
<cycle-end id="4160" type="partial gc" contextid="4153" timestamp="2019-08-08T19:54:27.173" />
  <attribute name="elasticGC enabled" value="1" />
  <attribute name= "numThreadsSpecified" value="16" />
  <attribute name="heapSize specified" value="0" />
  <attribute name="Current GC Util" value="124" />
  <attribute name= "Current Time Running" value="108041" />
  <attribute name ="GC Interval" value="0" />
  <attribute name="Target GC Util Change" value ="80.000000" />
  <attribute name="Current GC Util Change" value="124.000000"/>
  <attribute name="Current Error" value="102.000000" />
  <attribute name="Output H" value="325134360"/>
  <attribute name="Output I" value="2192"/>
  <attribute name="Output T" value="16"/>
  <attribute name= "Current Time Running" value="108041" />
  <attribute name="GC Util currently" value="124" />
  <attribute name="CPU Util currently" value="1720678090384" />
<exclusive-end id="4161" timestamp="2019-08-08T19:54:27.173" durationms="15.499" />

<exclusive-start id="4162" timestamp="2019-08-08T19:54:27.237" intervalms="79.461">
  <response-info timems="5.996" idlems="5.996" threads="0" lastid="00000000022A7200" lastname="Thread-24" />
</exclusive-start>
<allocation-taxation id="4163" taxation-threshold="88080384" timestamp="2019-08-08T19:54:27.237" intervalms="79.564" />
<cycle-start id="4164" type="partial gc" contextid="0" timestamp="2019-08-08T19:54:27.237" intervalms="79.561" />
<gc-start id="4165" type="partial gc" contextid="4164" timestamp="2019-08-08T19:54:27.237">
  <mem-info id="4166" free="106954752" total="325058560" percent="32">
    <mem type="eden" free="0" total="88080384" percent="0" />
    <remembered-set count="44928" freebytes="12815488" totalbytes="12995200" percent="98" regionsoverflowed="0" regionsstable="8" regionsrebuilding="0"/>
  </mem-info>
</gc-start>
<allocation-stats totalBytes="88065112" >
  <allocated-bytes non-tlh="0" tlh="88065112" arrayletleaf="0"/>
  <largest-consumer threadName="Thread-24" threadId="00000000022A7200" bytes="8272560" />
</allocation-stats>
<gc-op id="4167" type="copy forward" timems="9.829" contextid="4164" timestamp="2019-08-08T19:54:27.248">
  <memory-copied type="eden" objects="21457" bytes="932680" bytesdiscarded="66216" />
  <memory-copied type="other" objects="35570" bytes="1265808" bytesdiscarded="89704" />
  <memory-cardclean objects="38623" bytes="1947744" />
  <regions eden="42" other="5" />
  <remembered-set-cleared processed="24853" cleared="9163" durationms="0.210" />
  <stringconstants candidates="15092" cleared="0"  />
</gc-op>
<gc-op id="4168" type="classunload" timems="0.010" contextid="4164" timestamp="2019-08-08T19:54:27.248">
  <classunload-info classloadercandidates="55" classloadersunloaded="0" classesunloaded="0" anonymousclassesunloaded="0" quiescems="0.000" setupms="0.010" scanms="0.000" postms="0.000" />
</gc-op>
<heap-resize id="4169" type="expand" space="default" amount="10485760" count="1" timems="0.067" reason="excessive time being spent in gc" timestamp="2019-08-08T19:54:27.248" />
<gc-end id="4170" type="partial gc" contextid="4164" durationms="11.111" usertimems="28.029" systemtimems="5.117" timestamp="2019-08-08T19:54:27.249" activeThreads="16">
  <mem-info id="4171" free="201326592" total="335544320" percent="60">
    <mem type="eden" free="3195408" total="4194304" percent="76" />
    <remembered-set count="42944" freebytes="13242624" totalbytes="13414400" percent="98" regionsoverflowed="0" regionsstable="8" regionsrebuilding="0"/>
  </mem-info>
</gc-end>
<cycle-end id="4172" type="partial gc" contextid="4164" timestamp="2019-08-08T19:54:27.249" />
  <attribute name="elasticGC enabled" value="1" />
  <attribute name= "numThreadsSpecified" value="16" />
  <attribute name="heapSize specified" value="0" />
  <attribute name="Current GC Util" value="167" />
  <attribute name= "Current Time Running" value="108120" />
  <attribute name ="GC Interval" value="0" />
  <attribute name="Target GC Util Change" value ="80.000000" />
  <attribute name="Current GC Util Change" value="167.000000"/>
  <attribute name="Current Error" value="-87.000000" />
  <attribute name="Output H" value="325134144"/>
  <attribute name="Output I" value="1856"/>
  <attribute name="Output T" value="16"/>
  <attribute name= "Current Time Running" value="108120" />
  <attribute name="GC Util currently" value="167" />
  <attribute name="CPU Util currently" value="1922070687600" />
<exclusive-end id="4173" timestamp="2019-08-08T19:54:27.249" durationms="11.863" />

<exclusive-start id="4174" timestamp="2019-08-08T19:54:27.293" intervalms="56.048">
  <response-info timems="0.424" idlems="0.424" threads="0" lastid="00000000022A7200" lastname="Thread-24" />
</exclusive-start>
<allocation-taxation id="4175" taxation-threshold="90177536" timestamp="2019-08-08T19:54:27.293" intervalms="55.943" />
<cycle-start id="4176" type="partial gc" contextid="0" timestamp="2019-08-08T19:54:27.293" intervalms="55.973" />
<gc-start id="4177" type="partial gc" contextid="4176" timestamp="2019-08-08T19:54:27.293">
  <mem-info id="4178" free="111149056" total="335544320" percent="33">
    <mem type="eden" free="0" total="90177536" percent="0" />
    <remembered-set count="42912" freebytes="13242752" totalbytes="13414400" percent="98" regionsoverflowed="0" regionsstable="8" regionsrebuilding="0"/>
  </mem-info>
</gc-start>
<allocation-stats totalBytes="90161688" >
  <allocated-bytes non-tlh="0" tlh="90161688" arrayletleaf="0"/>
  <largest-consumer threadName="Thread-21" threadId="00000000022C5100" bytes="10148136" />
</allocation-stats>
<gc-op id="4179" type="copy forward" timems="13.528" contextid="4176" timestamp="2019-08-08T19:54:27.308">
  <memory-copied type="eden" objects="13424" bytes="464832" bytesdiscarded="54256" />
  <memory-copied type="other" objects="48658" bytes="1992048" bytesdiscarded="148840" />
  <memory-cardclean objects="34587" bytes="1674360" />
  <regions eden="43" other="6" />
  <remembered-set-cleared processed="24114" cleared="6948" durationms="0.278" />
  <stringconstants candidates="15092" cleared="0"  />
</gc-op>
<gc-op id="4180" type="classunload" timems="0.010" contextid="4176" timestamp="2019-08-08T19:54:27.308">
  <classunload-info classloadercandidates="55" classloadersunloaded="0" classesunloaded="0" anonymousclassesunloaded="0" quiescems="0.000" setupms="0.009" scanms="0.000" postms="0.000" />
</gc-op>
<gc-end id="4181" type="partial gc" contextid="4176" durationms="14.712" usertimems="26.571" systemtimems="11.668" timestamp="2019-08-08T19:54:27.308" activeThreads="16">
  <mem-info id="4182" free="201326592" total="335544320" percent="60">
    <mem type="eden" free="1578064" total="2097152" percent="75" />
    <remembered-set count="45120" freebytes="13233920" totalbytes="13414400" percent="98" regionsoverflowed="0" regionsstable="8" regionsrebuilding="0"/>
  </mem-info>
</gc-end>
<cycle-end id="4183" type="partial gc" contextid="4176" timestamp="2019-08-08T19:54:27.308" />
  <attribute name="elasticGC enabled" value="1" />
  <attribute name= "numThreadsSpecified" value="16" />
  <attribute name="heapSize specified" value="0" />
  <attribute name="Current GC Util" value="166" />
  <attribute name= "Current Time Running" value="108176" />
  <attribute name ="GC Interval" value="0" />
  <attribute name="Target GC Util Change" value ="80.000000" />
  <attribute name="Current GC Util Change" value="166.000000"/>
  <attribute name="Current Error" value="-151.000000" />
  <attribute name="Output H" value="335619832"/>
  <attribute name="Output I" value="1744"/>
  <attribute name="Output T" value="16"/>
  <attribute name= "Current Time Running" value="108176" />
  <attribute name="GC Util currently" value="166" />
  <attribute name="CPU Util currently" value="2165932290834" />
<exclusive-end id="4184" timestamp="2019-08-08T19:54:27.308" durationms="15.464" />

<exclusive-start id="4185" timestamp="2019-08-08T19:54:27.381" intervalms="87.993">
  <response-info timems="1.902" idlems="1.902" threads="0" lastid="00000000022A7200" lastname="Thread-24" />
</exclusive-start>
<allocation-taxation id="4186" taxation-threshold="90177536" timestamp="2019-08-08T19:54:27.381" intervalms="87.976" />
<cycle-start id="4187" type="partial gc" contextid="0" timestamp="2019-08-08T19:54:27.381" intervalms="87.934" />
<gc-start id="4188" type="partial gc" contextid="4187" timestamp="2019-08-08T19:54:27.381">
  <mem-info id="4189" free="111149056" total="335544320" percent="33">
    <mem type="eden" free="0" total="90177536" percent="0" />
    <remembered-set count="44896" freebytes="13234816" totalbytes="13414400" percent="98" regionsoverflowed="0" regionsstable="8" regionsrebuilding="0"/>
  </mem-info>
</gc-start>
<allocation-stats totalBytes="90161872" >
  <allocated-bytes non-tlh="0" tlh="90161872" arrayletleaf="0"/>
  <largest-consumer threadName="Thread-35" threadId="000000000229BE00" bytes="9972144" />
</allocation-stats>
<gc-op id="4190" type="copy forward" timems="10.221" contextid="4187" timestamp="2019-08-08T19:54:27.393">
  <memory-copied type="eden" objects="23591" bytes="983328" bytesdiscarded="85648" />
  <memory-copied type="other" objects="66119" bytes="2823240" bytesdiscarded="282120" />
  <memory-cardclean objects="22258" bytes="1117920" />
  <regions eden="43" other="5" />
  <remembered-set-cleared processed="25251" cleared="8029" durationms="0.184" />
  <stringconstants candidates="15092" cleared="0"  />
</gc-op>
<gc-op id="4191" type="classunload" timems="0.010" contextid="4187" timestamp="2019-08-08T19:54:27.393">
  <classunload-info classloadercandidates="55" classloadersunloaded="0" classesunloaded="0" anonymousclassesunloaded="0" quiescems="0.000" setupms="0.010" scanms="0.000" postms="0.000" />
</gc-op>
<heap-resize id="4192" type="expand" space="default" amount="6291456" count="1" timems="0.111" reason="excessive time being spent in gc" timestamp="2019-08-08T19:54:27.393" />
<gc-end id="4193" type="partial gc" contextid="4187" durationms="11.630" usertimems="27.874" systemtimems="10.352" timestamp="2019-08-08T19:54:27.393" activeThreads="16">
  <mem-info id="4194" free="205520896" total="341835776" percent="60">
    <mem type="eden" free="1028176" total="2097152" percent="49" />
    <remembered-set count="45952" freebytes="13482112" totalbytes="13665920" percent="98" regionsoverflowed="0" regionsstable="8" regionsrebuilding="0"/>
  </mem-info>
</gc-end>
<cycle-end id="4195" type="partial gc" contextid="4187" timestamp="2019-08-08T19:54:27.393" />
  <attribute name="elasticGC enabled" value="1" />
  <attribute name= "numThreadsSpecified" value="16" />
  <attribute name="heapSize specified" value="0" />
  <attribute name="Current GC Util" value="143" />
  <attribute name= "Current Time Running" value="108264" />
  <attribute name ="GC Interval" value="0" />
  <attribute name="Target GC Util Change" value ="80.000000" />
  <attribute name="Current GC Util Change" value="143.000000"/>
  <attribute name="Current Error" value="-177.000000" />
  <attribute name="Output H" value="335619800"/>
  <attribute name="Output I" value="1696"/>
  <attribute name="Output T" value="16"/>
  <attribute name= "Current Time Running" value="108264" />
  <attribute name="GC Util currently" value="143" />
  <attribute name="CPU Util currently" value="1492304241517" />
<exclusive-end id="4196" timestamp="2019-08-08T19:54:27.393" durationms="12.131" />

<exclusive-start id="4197" timestamp="2019-08-08T19:54:27.453" intervalms="71.883">
  <response-info timems="5.253" idlems="5.253" threads="0" lastid="000000000227A300" lastname="Thread-30" />
</exclusive-start>
<allocation-taxation id="4198" taxation-threshold="92274688" timestamp="2019-08-08T19:54:27.453" intervalms="71.904" />
<cycle-start id="4199" type="partial gc" contextid="0" timestamp="2019-08-08T19:54:27.453" intervalms="72.001" />
<gc-start id="4200" type="partial gc" contextid="4199" timestamp="2019-08-08T19:54:27.453">
  <mem-info id="4201" free="113246208" total="341835776" percent="33">
    <mem type="eden" free="0" total="92274688" percent="0" />
    <remembered-set count="45568" freebytes="13483648" totalbytes="13665920" percent="98" regionsoverflowed="0" regionsstable="8" regionsrebuilding="0"/>
  </mem-info>
</gc-start>
<allocation-stats totalBytes="92258304" >
  <allocated-bytes non-tlh="0" tlh="92258304" arrayletleaf="0"/>
  <largest-consumer threadName="Thread-22" threadId="00000000022B9D00" bytes="9140616" />
</allocation-stats>
<gc-op id="4202" type="copy forward" timems="15.690" contextid="4199" timestamp="2019-08-08T19:54:27.470">
  <memory-copied type="eden" objects="16805" bytes="683584" bytesdiscarded="64936" />
  <memory-copied type="other" objects="53044" bytes="2234688" bytesdiscarded="250104" />
  <memory-cardclean objects="22756" bytes="1206048" />
  <regions eden="44" other="5" />
  <remembered-set-cleared processed="25188" cleared="8026" durationms="2.117" />
  <stringconstants candidates="15092" cleared="0"  />
</gc-op>
<gc-op id="4203" type="classunload" timems="0.010" contextid="4199" timestamp="2019-08-08T19:54:27.471">
  <classunload-info classloadercandidates="55" classloadersunloaded="0" classesunloaded="0" anonymousclassesunloaded="0" quiescems="0.000" setupms="0.010" scanms="0.000" postms="0.000" />
</gc-op>
<heap-resize id="4204" type="expand" space="default" amount="10485760" count="1" timems="0.062" reason="excessive time being spent in gc" timestamp="2019-08-08T19:54:27.471" />
<gc-end id="4205" type="partial gc" contextid="4199" durationms="17.395" usertimems="22.902" systemtimems="16.878" timestamp="2019-08-08T19:54:27.471" activeThreads="16">
  <mem-info id="4206" free="211812352" total="352321536" percent="60">
    <mem type="eden" free="3445784" total="4194304" percent="82" />
    <remembered-set count="44992" freebytes="13905152" totalbytes="14085120" percent="98" regionsoverflowed="0" regionsstable="8" regionsrebuilding="0"/>
  </mem-info>
</gc-end>
<cycle-end id="4207" type="partial gc" contextid="4199" timestamp="2019-08-08T19:54:27.471" />
  <attribute name="elasticGC enabled" value="1" />
  <attribute name= "numThreadsSpecified" value="16" />
  <attribute name="heapSize specified" value="0" />
  <attribute name="Current GC Util" value="68" />
  <attribute name= "Current Time Running" value="108336" />
  <attribute name ="GC Interval" value="0" />
  <attribute name="Target GC Util Change" value ="80.000000" />
  <attribute name="Current GC Util Change" value="68.000000"/>
  <attribute name="Current Error" value="12.000000" />
  <attribute name="Output H" value="341911472"/>
  <attribute name="Output I" value="2032"/>
  <attribute name="Output T" value="16"/>
  <attribute name= "Current Time Running" value="108336" />
  <attribute name="GC Util currently" value="68" />
  <attribute name="CPU Util currently" value="1020690917679" />
<exclusive-end id="4208" timestamp="2019-08-08T19:54:27.471" durationms="18.129" />

<exclusive-start id="4209" timestamp="2019-08-08T19:54:27.552" intervalms="98.992">
  <response-info timems="1.782" idlems="1.782" threads="0" lastid="0000000002281B00" lastname="Thread-36" />
</exclusive-start>
<allocation-taxation id="4210" taxation-threshold="94371840" timestamp="2019-08-08T19:54:27.552" intervalms="99.024" />
<cycle-start id="4211" type="partial gc" contextid="0" timestamp="2019-08-08T19:54:27.552" intervalms="98.952" />
<gc-start id="4212" type="partial gc" contextid="4211" timestamp="2019-08-08T19:54:27.552">
  <mem-info id="4213" free="117440512" total="352321536" percent="33">
    <mem type="eden" free="0" total="94371840" percent="0" />
    <remembered-set count="44512" freebytes="13907072" totalbytes="14085120" percent="98" regionsoverflowed="0" regionsstable="8" regionsrebuilding="0"/>
  </mem-info>
</gc-start>
<allocation-stats totalBytes="94355408" >
  <allocated-bytes non-tlh="0" tlh="94355408" arrayletleaf="0"/>
  <largest-consumer threadName="Thread-30" threadId="000000000227A300" bytes="10266984" />
</allocation-stats>
<gc-op id="4214" type="copy forward" timems="12.794" contextid="4211" timestamp="2019-08-08T19:54:27.566">
  <memory-copied type="eden" objects="12490" bytes="442664" bytesdiscarded="52528" />
  <memory-copied type="other" objects="72838" bytes="3121872" bytesdiscarded="217600" />
  <memory-cardclean objects="16681" bytes="841296" />
  <regions eden="45" other="6" />
  <remembered-set-cleared processed="24154" cleared="3058" durationms="0.279" />
  <stringconstants candidates="15092" cleared="0"  />
</gc-op>
<gc-op id="4215" type="classunload" timems="0.010" contextid="4211" timestamp="2019-08-08T19:54:27.566">
  <classunload-info classloadercandidates="55" classloadersunloaded="0" classesunloaded="0" anonymousclassesunloaded="0" quiescems="0.000" setupms="0.010" scanms="0.000" postms="0.000" />
</gc-op>
<gc-end id="4216" type="partial gc" contextid="4211" durationms="14.194" usertimems="24.745" systemtimems="13.608" timestamp="2019-08-08T19:54:27.566" activeThreads="16">
  <mem-info id="4217" free="211812352" total="352321536" percent="60">
    <mem type="eden" free="1601960" total="2097152" percent="76" />
    <remembered-set count="46496" freebytes="13899136" totalbytes="14085120" percent="98" regionsoverflowed="0" regionsstable="8" regionsrebuilding="0"/>
  </mem-info>
</gc-end>
<cycle-end id="4218" type="partial gc" contextid="4211" timestamp="2019-08-08T19:54:27.566" />
  <attribute name="elasticGC enabled" value="1" />
  <attribute name= "numThreadsSpecified" value="16" />
  <attribute name="heapSize specified" value="0" />
  <attribute name="Current GC Util" value="189" />
  <attribute name= "Current Time Running" value="108435" />
  <attribute name ="GC Interval" value="0" />
  <attribute name="Target GC Util Change" value ="80.000000" />
  <attribute name="Current GC Util Change" value="189.000000"/>
  <attribute name="Current Error" value="-57.000000" />
  <attribute name="Output H" value="352397152"/>
  <attribute name="Output I" value="1912"/>
  <attribute name="Output T" value="16"/>
  <attribute name= "Current Time Running" value="108435" />
  <attribute name="GC Util currently" value="189" />
  <attribute name="CPU Util currently" value="1305728183688" />
<exclusive-end id="4219" timestamp="2019-08-08T19:54:27.567" durationms="14.787" />

<exclusive-start id="4220" timestamp="2019-08-08T19:54:27.623" intervalms="71.205">
  <response-info timems="0.723" idlems="0.385" threads="1" lastid="00000000022C5100" lastname="Thread-21" />
</exclusive-start>
<allocation-taxation id="4221" taxation-threshold="94371840" timestamp="2019-08-08T19:54:27.623" intervalms="71.177" />
<cycle-start id="4222" type="partial gc" contextid="0" timestamp="2019-08-08T19:54:27.623" intervalms="71.189" />
<gc-start id="4223" type="partial gc" contextid="4222" timestamp="2019-08-08T19:54:27.623">
  <mem-info id="4224" free="117440512" total="352321536" percent="33">
    <mem type="eden" free="0" total="94371840" percent="0" />
    <remembered-set count="46368" freebytes="13899648" totalbytes="14085120" percent="98" regionsoverflowed="0" regionsstable="8" regionsrebuilding="0"/>
  </mem-info>
</gc-start>
<allocation-stats totalBytes="94355144" >
  <allocated-bytes non-tlh="0" tlh="94355144" arrayletleaf="0"/>
  <largest-consumer threadName="Thread-33" threadId="0000000002276700" bytes="10213584" />
</allocation-stats>
<gc-op id="4225" type="copy forward" timems="10.656" contextid="4222" timestamp="2019-08-08T19:54:27.636">
  <memory-copied type="eden" objects="19482" bytes="747504" bytesdiscarded="0" />
  <memory-copied type="other" objects="56887" bytes="2326920" bytesdiscarded="0" />
  <memory-cardclean objects="31660" bytes="1659696" />
  <regions eden="45" other="5" />
  <remembered-set-cleared processed="25686" cleared="7644" durationms="0.628" />
  <stringconstants candidates="15092" cleared="0"  />
</gc-op>
<gc-op id="4226" type="classunload" timems="0.009" contextid="4222" timestamp="2019-08-08T19:54:27.636">
  <classunload-info classloadercandidates="55" classloadersunloaded="0" classesunloaded="0" anonymousclassesunloaded="0" quiescems="0.000" setupms="0.009" scanms="0.000" postms="0.000" />
</gc-op>
<heap-resize id="4227" type="expand" space="default" amount="4194304" count="1" timems="0.054" reason="excessive time being spent in gc" timestamp="2019-08-08T19:54:27.636" />
<gc-end id="4228" type="partial gc" contextid="4222" durationms="12.924" usertimems="9.773" systemtimems="4.375" timestamp="2019-08-08T19:54:27.636" activeThreads="1">
  <mem-info id="4229" free="213909504" total="356515840" percent="60">
    <mem type="eden" free="1349648" total="2097152" percent="64" />
    <remembered-set count="49664" freebytes="14054144" totalbytes="14252800" percent="98" regionsoverflowed="0" regionsstable="8" regionsrebuilding="0"/>
  </mem-info>
</gc-end>
<cycle-end id="4230" type="partial gc" contextid="4222" timestamp="2019-08-08T19:54:27.636" />
  <attribute name="elasticGC enabled" value="1" />
  <attribute name= "numThreadsSpecified" value="1" />
  <attribute name="heapSize specified" value="0" />
  <attribute name="Current GC Util" value="71" />
  <attribute name= "Current Time Running" value="108507" />
  <attribute name ="GC Interval" value="0" />
  <attribute name="Target GC Util Change" value ="80.000000" />
  <attribute name="Current GC Util Change" value="71.000000"/>
  <attribute name="Current Error" value="-20.000000" />
  <attribute name="Output H" value="352397200"/>
  <attribute name="Output I" value="1976"/>
  <attribute name="Output T" value="1"/>
  <attribute name= "Current Time Running" value="108507" />
  <attribute name="GC Util currently" value="71" />
  <attribute name="CPU Util currently" value="830789459114" />
<exclusive-end id="4231" timestamp="2019-08-08T19:54:27.637" durationms="13.598" />

<exclusive-start id="4232" timestamp="2019-08-08T19:54:27.748" intervalms="124.813">
  <response-info timems="0.404" idlems="0.181" threads="10" lastid="00000000022B6100" lastname="Thread-26" />
</exclusive-start>
<allocation-taxation id="4233" taxation-threshold="96468992" timestamp="2019-08-08T19:54:27.748" intervalms="124.785" />
<cycle-start id="4234" type="partial gc" contextid="0" timestamp="2019-08-08T19:54:27.748" intervalms="124.806" />
<gc-start id="4235" type="partial gc" contextid="4234" timestamp="2019-08-08T19:54:27.748">
  <mem-info id="4236" free="117440512" total="356515840" percent="32">
    <mem type="eden" free="0" total="96468992" percent="0" />
    <remembered-set count="49440" freebytes="14055040" totalbytes="14252800" percent="98" regionsoverflowed="0" regionsstable="8" regionsrebuilding="0"/>
  </mem-info>
</gc-start>
<allocation-stats totalBytes="96451264" >
  <allocated-bytes non-tlh="0" tlh="96451264" arrayletleaf="0"/>
  <largest-consumer threadName="Thread-33" threadId="0000000002276700" bytes="10168488" />
</allocation-stats>
<gc-op id="4237" type="copy forward" timems="10.810" contextid="4234" timestamp="2019-08-08T19:54:27.760">
  <memory-copied type="eden" objects="21250" bytes="790168" bytesdiscarded="93992" />
  <memory-copied type="other" objects="51855" bytes="2206152" bytesdiscarded="195288" />
  <memory-cardclean objects="24724" bytes="1323600" />
  <regions eden="46" other="5" />
  <remembered-set-cleared processed="26926" cleared="8024" durationms="0.194" />
  <stringconstants candidates="15092" cleared="0"  />
</gc-op>
<gc-op id="4238" type="classunload" timems="0.011" contextid="4234" timestamp="2019-08-08T19:54:27.760">
  <classunload-info classloadercandidates="55" classloadersunloaded="0" classesunloaded="0" anonymousclassesunloaded="0" quiescems="0.000" setupms="0.011" scanms="0.000" postms="0.000" />
</gc-op>
<heap-resize id="4239" type="expand" space="default" amount="10485760" count="1" timems="0.068" reason="excessive time being spent in gc" timestamp="2019-08-08T19:54:27.760" />
<gc-end id="4240" type="partial gc" contextid="4234" durationms="12.243" usertimems="20.446" systemtimems="9.092" timestamp="2019-08-08T19:54:27.760" activeThreads="16">
  <mem-info id="4241" free="220200960" total="367001600" percent="60">
    <mem type="eden" free="3310144" total="4194304" percent="78" />
    <remembered-set count="47136" freebytes="14483456" totalbytes="14672000" percent="98" regionsoverflowed="0" regionsstable="8" regionsrebuilding="0"/>
  </mem-info>
</gc-end>
<cycle-end id="4242" type="partial gc" contextid="4234" timestamp="2019-08-08T19:54:27.761" />
  <attribute name="elasticGC enabled" value="1" />
  <attribute name= "numThreadsSpecified" value="16" />
  <attribute name="heapSize specified" value="0" />
  <attribute name="Current GC Util" value="162" />
  <attribute name= "Current Time Running" value="108631" />
  <attribute name ="GC Interval" value="0" />
  <attribute name="Target GC Util Change" value ="80.000000" />
  <attribute name="Current GC Util Change" value="162.000000"/>
  <attribute name="Current Error" value="-82.000000" />
  <attribute name="Output H" value="356591432"/>
  <attribute name="Output I" value="1864"/>
  <attribute name="Output T" value="16"/>
  <attribute name= "Current Time Running" value="108631" />
  <attribute name="GC Util currently" value="162" />
  <attribute name="CPU Util currently" value="1475728091023" />
<exclusive-end id="4243" timestamp="2019-08-08T19:54:27.761" durationms="13.190" />

<exclusive-start id="4244" timestamp="2019-08-08T19:54:27.853" intervalms="104.811">
  <response-info timems="19.388" idlems="7.458" threads="2" lastid="0000000002298200" lastname="Thread-34" />
</exclusive-start>
<allocation-taxation id="4245" taxation-threshold="98566144" timestamp="2019-08-08T19:54:27.853" intervalms="105.052" />
<cycle-start id="4246" type="partial gc" contextid="0" timestamp="2019-08-08T19:54:27.853" intervalms="105.036" />
<gc-start id="4247" type="partial gc" contextid="4246" timestamp="2019-08-08T19:54:27.853">
  <mem-info id="4248" free="121634816" total="367001600" percent="33">
    <mem type="eden" free="0" total="98566144" percent="0" />
    <remembered-set count="47072" freebytes="14483712" totalbytes="14672000" percent="98" regionsoverflowed="0" regionsstable="8" regionsrebuilding="0"/>
  </mem-info>
</gc-start>
<allocation-stats totalBytes="98547920" >
  <allocated-bytes non-tlh="0" tlh="98547920" arrayletleaf="0"/>
  <largest-consumer threadName="Thread-30" threadId="000000000227A300" bytes="9689408" />
</allocation-stats>
<gc-op id="4249" type="copy forward" timems="15.804" contextid="4246" timestamp="2019-08-08T19:54:27.877">
  <memory-copied type="eden" objects="16257" bytes="532120" bytesdiscarded="70480" />
  <memory-copied type="other" objects="51002" bytes="2048304" bytesdiscarded="292032" />
  <memory-cardclean objects="26922" bytes="1359312" />
  <regions eden="47" other="5" />
  <remembered-set-cleared processed="26932" cleared="5162" durationms="0.279" />
  <stringconstants candidates="15092" cleared="0"  />
</gc-op>
<gc-op id="4250" type="classunload" timems="0.021" contextid="4246" timestamp="2019-08-08T19:54:27.878">
  <classunload-info classloadercandidates="55" classloadersunloaded="0" classesunloaded="0" anonymousclassesunloaded="0" quiescems="0.000" setupms="0.020" scanms="0.000" postms="0.000" />
</gc-op>
<heap-resize id="4251" type="expand" space="default" amount="6291456" count="1" timems="0.165" reason="excessive time being spent in gc" timestamp="2019-08-08T19:54:27.878" />
<gc-end id="4252" type="partial gc" contextid="4246" durationms="24.488" usertimems="29.410" systemtimems="16.466" timestamp="2019-08-08T19:54:27.878" activeThreads="16">
  <mem-info id="4253" free="224395264" total="373293056" percent="60">
    <mem type="eden" free="3591704" total="4194304" percent="85" />
    <remembered-set count="47456" freebytes="14733696" totalbytes="14923520" percent="98" regionsoverflowed="0" regionsstable="8" regionsrebuilding="0"/>
  </mem-info>
</gc-end>
<cycle-end id="4254" type="partial gc" contextid="4246" timestamp="2019-08-08T19:54:27.878" />
  <attribute name="elasticGC enabled" value="1" />
  <attribute name= "numThreadsSpecified" value="16" />
  <attribute name="heapSize specified" value="0" />
  <attribute name="Current GC Util" value="92" />
  <attribute name= "Current Time Running" value="108743" />
  <attribute name ="GC Interval" value="0" />
  <attribute name="Target GC Util Change" value ="80.000000" />
  <attribute name="Current GC Util Change" value="92.000000"/>
  <attribute name="Current Error" value="-41.000000" />
  <attribute name="Output H" value="367077240"/>
  <attribute name="Output I" value="1936"/>
  <attribute name="Output T" value="16"/>
  <attribute name= "Current Time Running" value="108743" />
  <attribute name="GC Util currently" value="92" />
  <attribute name="CPU Util currently" value="150654093110" />
<exclusive-end id="4255" timestamp="2019-08-08T19:54:27.878" durationms="25.398" />

<exclusive-start id="4256" timestamp="2019-08-08T19:54:27.924" intervalms="71.213">
  <response-info timems="3.054" idlems="3.054" threads="0" lastid="0000000002294600" lastname="Thread-32" />
</exclusive-start>
<allocation-taxation id="4257" taxation-threshold="100663296" timestamp="2019-08-08T19:54:27.924" intervalms="70.987" />
<cycle-start id="4258" type="partial gc" contextid="0" timestamp="2019-08-08T19:54:27.924" intervalms="70.967" />
<gc-start id="4259" type="partial gc" contextid="4258" timestamp="2019-08-08T19:54:27.924">
  <mem-info id="4260" free="123731968" total="373293056" percent="33">
    <mem type="eden" free="0" total="100663296" percent="0" />
    <remembered-set count="47424" freebytes="14733824" totalbytes="14923520" percent="98" regionsoverflowed="0" regionsstable="8" regionsrebuilding="0"/>
  </mem-info>
</gc-start>
<allocation-stats totalBytes="100645192" >
  <allocated-bytes non-tlh="0" tlh="100645192" arrayletleaf="0"/>
  <largest-consumer threadName="Thread-35" threadId="000000000229BE00" bytes="9976192" />
</allocation-stats>
<gc-op id="4261" type="copy forward" timems="13.329" contextid="4258" timestamp="2019-08-08T19:54:27.938">
  <memory-copied type="eden" objects="22815" bytes="827048" bytesdiscarded="30840" />
  <memory-copied type="other" objects="39717" bytes="1502712" bytesdiscarded="88360" />
  <memory-cardclean objects="32058" bytes="1601736" />
  <regions eden="48" other="6" />
  <remembered-set-cleared processed="27165" cleared="6897" durationms="0.265" />
  <stringconstants candidates="15092" cleared="0"  />
</gc-op>
<gc-op id="4262" type="classunload" timems="0.013" contextid="4258" timestamp="2019-08-08T19:54:27.939">
  <classunload-info classloadercandidates="55" classloadersunloaded="0" classesunloaded="0" anonymousclassesunloaded="0" quiescems="0.000" setupms="0.012" scanms="0.000" postms="0.000" />
</gc-op>
<heap-resize id="4263" type="expand" space="default" amount="4194304" count="1" timems="0.069" reason="excessive time being spent in gc" timestamp="2019-08-08T19:54:27.939" />
<gc-end id="4264" type="partial gc" contextid="4258" durationms="14.555" usertimems="21.896" systemtimems="10.139" timestamp="2019-08-08T19:54:27.939" activeThreads="16">
  <mem-info id="4265" free="226492416" total="377487360" percent="60">
    <mem type="eden" free="3336416" total="4194304" percent="79" />
    <remembered-set count="47264" freebytes="14902144" totalbytes="15091200" percent="98" regionsoverflowed="0" regionsstable="8" regionsrebuilding="0"/>
  </mem-info>
</gc-end>
<cycle-end id="4266" type="partial gc" contextid="4258" timestamp="2019-08-08T19:54:27.939" />
  <attribute name="elasticGC enabled" value="1" />
  <attribute name= "numThreadsSpecified" value="16" />
  <attribute name="heapSize specified" value="0" />
  <attribute name="Current GC Util" value="0" />
  <attribute name= "Current Time Running" value="108807" />
  <attribute name ="GC Interval" value="0" />
  <attribute name="Target GC Util Change" value ="80.000000" />
  <attribute name="Current GC Util Change" value="0.000000"/>
  <attribute name="Current Error" value="57.000000" />
  <attribute name="Output H" value="373368808"/>
  <attribute name="Output I" value="2112"/>
  <attribute name="Output T" value="16"/>
  <attribute name= "Current Time Running" value="108807" />
  <attribute name="GC Util currently" value="0" />
  <attribute name="CPU Util currently" value="2410325646126" />
<exclusive-end id="4267" timestamp="2019-08-08T19:54:27.939" durationms="15.250" />

<exclusive-start id="4268" timestamp="2019-08-08T19:54:28.017" intervalms="92.998">
  <response-info timems="0.603" idlems="0.465" threads="2" lastid="0000000002294600" lastname="Thread-32" />
</exclusive-start>
<allocation-taxation id="4269" taxation-threshold="100663296" timestamp="2019-08-08T19:54:28.017" intervalms="93.074" />
<cycle-start id="4270" type="partial gc" contextid="0" timestamp="2019-08-08T19:54:28.017" intervalms="93.169" />
<gc-start id="4271" type="partial gc" contextid="4270" timestamp="2019-08-08T19:54:28.017">
  <mem-info id="4272" free="125829120" total="377487360" percent="33">
    <mem type="eden" free="0" total="100663296" percent="0" />
    <remembered-set count="47008" freebytes="14903168" totalbytes="15091200" percent="98" regionsoverflowed="0" regionsstable="8" regionsrebuilding="0"/>
  </mem-info>
</gc-start>
<allocation-stats totalBytes="100644360" >
  <allocated-bytes non-tlh="0" tlh="100644360" arrayletleaf="0"/>
  <largest-consumer threadName="Thread-34" threadId="0000000002298200" bytes="10676368" />
</allocation-stats>
<gc-op id="4273" type="copy forward" timems="9.727" contextid="4270" timestamp="2019-08-08T19:54:28.028">
  <memory-copied type="eden" objects="33020" bytes="1347040" bytesdiscarded="102704" />
  <memory-copied type="other" objects="45704" bytes="1783776" bytesdiscarded="109184" />
  <memory-cardclean objects="33338" bytes="1702464" />
  <regions eden="48" other="6" />
  <remembered-set-cleared processed="27101" cleared="8270" durationms="0.236" />
  <stringconstants candidates="15092" cleared="0"  />
</gc-op>
<gc-op id="4274" type="classunload" timems="0.010" contextid="4270" timestamp="2019-08-08T19:54:28.028">
  <classunload-info classloadercandidates="55" classloadersunloaded="0" classesunloaded="0" anonymousclassesunloaded="0" quiescems="0.000" setupms="0.010" scanms="0.000" postms="0.000" />
</gc-op>
<gc-end id="4275" type="partial gc" contextid="4270" durationms="11.062" usertimems="17.170" systemtimems="17.165" timestamp="2019-08-08T19:54:28.029" activeThreads="16">
  <mem-info id="4276" free="226492416" total="377487360" percent="60">
    <mem type="eden" free="647408" total="2097152" percent="30" />
    <remembered-set count="45440" freebytes="14909440" totalbytes="15091200" percent="98" regionsoverflowed="0" regionsstable="8" regionsrebuilding="0"/>
  </mem-info>
</gc-end>
<cycle-end id="4277" type="partial gc" contextid="4270" timestamp="2019-08-08T19:54:28.029" />
  <attribute name="elasticGC enabled" value="1" />
  <attribute name= "numThreadsSpecified" value="16" />
  <attribute name="heapSize specified" value="0" />
  <attribute name="Current GC Util" value="147" />
  <attribute name= "Current Time Running" value="108900" />
  <attribute name ="GC Interval" value="0" />
  <attribute name="Target GC Util Change" value ="80.000000" />
  <attribute name="Current GC Util Change" value="147.000000"/>
  <attribute name="Current Error" value="-67.000000" />
  <attribute name="Output H" value="377562968"/>
  <attribute name="Output I" value="1896"/>
  <attribute name="Output T" value="16"/>
  <attribute name= "Current Time Running" value="108900" />
  <attribute name="GC Util currently" value="147" />
  <attribute name="CPU Util currently" value="1727626868301" />
<exclusive-end id="4278" timestamp="2019-08-08T19:54:28.029" durationms="11.940" />

<exclusive-start id="4279" timestamp="2019-08-08T19:54:28.115" intervalms="97.837">
  <response-info timems="4.497" idlems="4.497" threads="0" lastid="00000000022A7200" lastname="Thread-24" />
</exclusive-start>
<allocation-taxation id="4280" taxation-threshold="100663296" timestamp="2019-08-08T19:54:28.115" intervalms="97.823" />
<cycle-start id="4281" type="partial gc" contextid="0" timestamp="2019-08-08T19:54:28.115" intervalms="97.714" />
<gc-start id="4282" type="partial gc" contextid="4281" timestamp="2019-08-08T19:54:28.115">
  <mem-info id="4283" free="125829120" total="377487360" percent="33">
    <mem type="eden" free="0" total="100663296" percent="0" />
    <remembered-set count="45152" freebytes="14910592" totalbytes="15091200" percent="98" regionsoverflowed="0" regionsstable="8" regionsrebuilding="0"/>
  </mem-info>
</gc-start>
<allocation-stats totalBytes="100644952" >
  <allocated-bytes non-tlh="0" tlh="100644952" arrayletleaf="0"/>
  <largest-consumer threadName="Thread-35" threadId="000000000229BE00" bytes="10729488" />
</allocation-stats>
<gc-op id="4284" type="copy forward" timems="19.537" contextid="4281" timestamp="2019-08-08T19:54:28.136">
  <memory-copied type="eden" objects="31057" bytes="1161960" bytesdiscarded="142808" />
  <memory-copied type="other" objects="68081" bytes="2732952" bytesdiscarded="242512" />
  <memory-cardclean objects="29732" bytes="1563624" />
  <regions eden="48" other="5" />
  <remembered-set-cleared processed="25070" cleared="4285" durationms="0.516" />
  <stringconstants candidates="15092" cleared="0"  />
</gc-op>
<gc-op id="4285" type="classunload" timems="0.009" contextid="4281" timestamp="2019-08-08T19:54:28.136">
  <classunload-info classloadercandidates="55" classloadersunloaded="0" classesunloaded="0" anonymousclassesunloaded="0" quiescems="0.000" setupms="0.009" scanms="0.000" postms="0.000" />
</gc-op>
<heap-resize id="4286" type="expand" space="default" amount="10485760" count="1" timems="0.121" reason="excessive time being spent in gc" timestamp="2019-08-08T19:54:28.136" />
<gc-end id="4287" type="partial gc" contextid="4281" durationms="20.792" usertimems="32.905" systemtimems="25.695" timestamp="2019-08-08T19:54:28.136" activeThreads="16">
  <mem-info id="4288" free="232783872" total="387973120" percent="60">
    <mem type="eden" free="2889536" total="4194304" percent="68" />
    <remembered-set count="49088" freebytes="15314048" totalbytes="15510400" percent="98" regionsoverflowed="0" regionsstable="8" regionsrebuilding="0"/>
  </mem-info>
</gc-end>
<cycle-end id="4289" type="partial gc" contextid="4281" timestamp="2019-08-08T19:54:28.136" />
  <attribute name="elasticGC enabled" value="1" />
  <attribute name= "numThreadsSpecified" value="16" />
  <attribute name="heapSize specified" value="0" />
  <attribute name="Current GC Util" value="0" />
  <attribute name= "Current Time Running" value="108998" />
  <attribute name ="GC Interval" value="0" />
  <attribute name="Target GC Util Change" value ="80.000000" />
  <attribute name="Current GC Util Change" value="0.000000"/>
  <attribute name="Current Error" value="59.000000" />
  <attribute name="Output H" value="377563112"/>
  <attribute name="Output I" value="2120"/>
  <attribute name="Output T" value="16"/>
  <attribute name= "Current Time Running" value="108998" />
  <attribute name="GC Util currently" value="0" />
  <attribute name="CPU Util currently" value="1950721756325" />
<exclusive-end id="4290" timestamp="2019-08-08T19:54:28.136" durationms="21.409" />

<exclusive-start id="4291" timestamp="2019-08-08T19:54:28.243" intervalms="128.482">
  <response-info timems="3.859" idlems="3.859" threads="0" lastid="00000000022C5100" lastname="Thread-21" />
</exclusive-start>
<allocation-taxation id="4292" taxation-threshold="102760448" timestamp="2019-08-08T19:54:28.243" intervalms="128.437" />
<cycle-start id="4293" type="partial gc" contextid="0" timestamp="2019-08-08T19:54:28.243" intervalms="128.407" />
<gc-start id="4294" type="partial gc" contextid="4293" timestamp="2019-08-08T19:54:28.244">
  <mem-info id="4295" free="130023424" total="387973120" percent="33">
    <mem type="eden" free="0" total="102760448" percent="0" />
    <remembered-set count="49088" freebytes="15314048" totalbytes="15510400" percent="98" regionsoverflowed="0" regionsstable="8" regionsrebuilding="0"/>
  </mem-info>
</gc-start>
<allocation-stats totalBytes="102741912" >
  <allocated-bytes non-tlh="0" tlh="102741912" arrayletleaf="0"/>
  <largest-consumer threadName="Thread-34" threadId="0000000002298200" bytes="9693512" />
</allocation-stats>
<gc-op id="4296" type="copy forward" timems="11.277" contextid="4293" timestamp="2019-08-08T19:54:28.256">
  <memory-copied type="eden" objects="37637" bytes="1457856" bytesdiscarded="112416" />
  <memory-copied type="other" objects="64427" bytes="2645256" bytesdiscarded="227968" />
  <memory-cardclean objects="27888" bytes="1394712" />
  <regions eden="49" other="6" />
  <remembered-set-cleared processed="26833" cleared="6146" durationms="0.204" />
  <stringconstants candidates="15092" cleared="0"  />
</gc-op>
<gc-op id="4297" type="classunload" timems="0.013" contextid="4293" timestamp="2019-08-08T19:54:28.256">
  <classunload-info classloadercandidates="55" classloadersunloaded="0" classesunloaded="0" anonymousclassesunloaded="0" quiescems="0.000" setupms="0.012" scanms="0.000" postms="0.000" />
</gc-op>
<heap-resize id="4298" type="expand" space="default" amount="6291456" count="1" timems="0.074" reason="excessive time being spent in gc" timestamp="2019-08-08T19:54:28.256" />
<gc-end id="4299" type="partial gc" contextid="4293" durationms="12.549" usertimems="30.463" systemtimems="9.632" timestamp="2019-08-08T19:54:28.256" activeThreads="16">
  <mem-info id="4300" free="236978176" total="394264576" percent="60">
    <mem type="eden" free="2624032" total="4194304" percent="62" />
    <remembered-set count="50592" freebytes="15559552" totalbytes="15761920" percent="98" regionsoverflowed="0" regionsstable="8" regionsrebuilding="0"/>
  </mem-info>
</gc-end>
<cycle-end id="4301" type="partial gc" contextid="4293" timestamp="2019-08-08T19:54:28.256" />
  <attribute name="elasticGC enabled" value="1" />
  <attribute name= "numThreadsSpecified" value="16" />
  <attribute name="heapSize specified" value="0" />
  <attribute name="Current GC Util" value="161" />
  <attribute name= "Current Time Running" value="109126" />
  <attribute name ="GC Interval" value="0" />
  <attribute name="Target GC Util Change" value ="80.000000" />
  <attribute name="Current GC Util Change" value="161.000000"/>
  <attribute name="Current Error" value="12.000000" />
  <attribute name="Output H" value="388048816"/>
  <attribute name="Output I" value="2032"/>
  <attribute name="Output T" value="16"/>
  <attribute name= "Current Time Running" value="109126" />
  <attribute name="GC Util currently" value="161" />
  <attribute name="CPU Util currently" value="2028541258405" />
<exclusive-end id="4302" timestamp="2019-08-08T19:54:28.256" durationms="13.099" />

<exclusive-start id="4303" timestamp="2019-08-08T19:54:28.350" intervalms="107.167">
  <response-info timems="5.014" idlems="5.014" threads="0" lastid="0000000002272B00" lastname="Thread-27" />
</exclusive-start>
<allocation-taxation id="4304" taxation-threshold="104857600" timestamp="2019-08-08T19:54:28.350" intervalms="107.160" />
<cycle-start id="4305" type="partial gc" contextid="0" timestamp="2019-08-08T19:54:28.350" intervalms="107.186" />
<gc-start id="4306" type="partial gc" contextid="4305" timestamp="2019-08-08T19:54:28.351">
  <mem-info id="4307" free="132120576" total="394264576" percent="33">
    <mem type="eden" free="0" total="104857600" percent="0" />
    <remembered-set count="50336" freebytes="15560576" totalbytes="15761920" percent="98" regionsoverflowed="0" regionsstable="8" regionsrebuilding="0"/>
  </mem-info>
</gc-start>
<allocation-stats totalBytes="104838928" >
  <allocated-bytes non-tlh="0" tlh="104838928" arrayletleaf="0"/>
  <largest-consumer threadName="Thread-34" threadId="0000000002298200" bytes="9779632" />
</allocation-stats>
<gc-op id="4308" type="copy forward" timems="9.909" contextid="4305" timestamp="2019-08-08T19:54:28.362">
  <memory-copied type="eden" objects="26885" bytes="1062944" bytesdiscarded="136672" />
  <memory-copied type="other" objects="67381" bytes="2716152" bytesdiscarded="232560" />
  <memory-cardclean objects="24389" bytes="1212600" />
  <regions eden="50" other="6" />
  <remembered-set-cleared processed="27343" cleared="6008" durationms="0.174" />
  <stringconstants candidates="15092" cleared="0"  />
</gc-op>
<gc-op id="4309" type="classunload" timems="0.009" contextid="4305" timestamp="2019-08-08T19:54:28.362">
  <classunload-info classloadercandidates="55" classloadersunloaded="0" classesunloaded="0" anonymousclassesunloaded="0" quiescems="0.000" setupms="0.009" scanms="0.000" postms="0.000" />
</gc-op>
<gc-end id="4310" type="partial gc" contextid="4305" durationms="10.982" usertimems="32.595" systemtimems="6.589" timestamp="2019-08-08T19:54:28.362" activeThreads="16">
  <mem-info id="4311" free="236978176" total="394264576" percent="60">
    <mem type="eden" free="897536" total="2097152" percent="42" />
    <remembered-set count="49376" freebytes="15564416" totalbytes="15761920" percent="98" regionsoverflowed="0" regionsstable="8" regionsrebuilding="0"/>
  </mem-info>
</gc-end>
<cycle-end id="4312" type="partial gc" contextid="4305" timestamp="2019-08-08T19:54:28.362" />
  <attribute name="elasticGC enabled" value="1" />
  <attribute name= "numThreadsSpecified" value="16" />
  <attribute name="heapSize specified" value="0" />
  <attribute name="Current GC Util" value="134" />
  <attribute name= "Current Time Running" value="109233" />
  <attribute name ="GC Interval" value="0" />
  <attribute name="Target GC Util Change" value ="80.000000" />
  <attribute name="Current GC Util Change" value="134.000000"/>
  <attribute name="Current Error" value="-54.000000" />
  <attribute name="Output H" value="394340200"/>
  <attribute name="Output I" value="1912"/>
  <attribute name="Output T" value="16"/>
  <attribute name= "Current Time Running" value="109233" />
  <attribute name="GC Util currently" value="134" />
  <attribute name="CPU Util currently" value="2043527485744" />
<exclusive-end id="4313" timestamp="2019-08-08T19:54:28.362" durationms="11.518" />

<exclusive-start id="4314" timestamp="2019-08-08T19:54:28.443" intervalms="93.126">
  <response-info timems="0.386" idlems="0.386" threads="0" lastid="000000000229BE00" lastname="Thread-35" />
</exclusive-start>
<allocation-taxation id="4315" taxation-threshold="104857600" timestamp="2019-08-08T19:54:28.444" intervalms="93.107" />
<cycle-start id="4316" type="partial gc" contextid="0" timestamp="2019-08-08T19:54:28.444" intervalms="93.125" />
<gc-start id="4317" type="partial gc" contextid="4316" timestamp="2019-08-08T19:54:28.444">
  <mem-info id="4318" free="132120576" total="394264576" percent="33">
    <mem type="eden" free="0" total="104857600" percent="0" />
    <remembered-set count="49344" freebytes="15564544" totalbytes="15761920" percent="98" regionsoverflowed="0" regionsstable="8" regionsrebuilding="0"/>
  </mem-info>
</gc-start>
<allocation-stats totalBytes="104838808" >
  <allocated-bytes non-tlh="0" tlh="104838808" arrayletleaf="0"/>
  <largest-consumer threadName="Thread-22" threadId="00000000022B9D00" bytes="10103080" />
</allocation-stats>
<gc-op id="4319" type="copy forward" timems="12.837" contextid="4316" timestamp="2019-08-08T19:54:28.458">
  <memory-copied type="eden" objects="24530" bytes="868776" bytesdiscarded="96832" />
  <memory-copied type="other" objects="77112" bytes="3087072" bytesdiscarded="257128" />
  <memory-cardclean objects="25420" bytes="1272936" />
  <regions eden="50" other="5" />
  <remembered-set-cleared processed="26543" cleared="4688" durationms="0.228" />
  <stringconstants candidates="15092" cleared="0"  />
</gc-op>
<gc-op id="4320" type="classunload" timems="0.010" contextid="4316" timestamp="2019-08-08T19:54:28.458">
  <classunload-info classloadercandidates="55" classloadersunloaded="0" classesunloaded="0" anonymousclassesunloaded="0" quiescems="0.000" setupms="0.009" scanms="0.000" postms="0.000" />
</gc-op>
<heap-resize id="4321" type="expand" space="default" amount="4194304" count="1" timems="0.073" reason="excessive time being spent in gc" timestamp="2019-08-08T19:54:28.458" />
<gc-end id="4322" type="partial gc" contextid="4316" durationms="14.034" usertimems="35.961" systemtimems="14.089" timestamp="2019-08-08T19:54:28.458" activeThreads="16">
  <mem-info id="4323" free="239075328" total="398458880" percent="60">
    <mem type="eden" free="1131544" total="2097152" percent="53" />
    <remembered-set count="51904" freebytes="15721984" totalbytes="15929600" percent="98" regionsoverflowed="0" regionsstable="8" regionsrebuilding="0"/>
  </mem-info>
</gc-end>
<cycle-end id="4324" type="partial gc" contextid="4316" timestamp="2019-08-08T19:54:28.458" />
  <attribute name="elasticGC enabled" value="1" />
  <attribute name= "numThreadsSpecified" value="16" />
  <attribute name="heapSize specified" value="0" />
  <attribute name="Current GC Util" value="115" />
  <attribute name= "Current Time Running" value="109326" />
  <attribute name ="GC Interval" value="0" />
  <attribute name="Target GC Util Change" value ="80.000000" />
  <attribute name="Current GC Util Change" value="115.000000"/>
  <attribute name="Current Error" value="-50.000000" />
  <attribute name="Output H" value="394340200"/>
  <attribute name="Output I" value="1920"/>
  <attribute name="Output T" value="16"/>
  <attribute name= "Current Time Running" value="109326" />
  <attribute name="GC Util currently" value="115" />
  <attribute name="CPU Util currently" value="2010858019416" />
<exclusive-end id="4325" timestamp="2019-08-08T19:54:28.458" durationms="14.721" />

<exclusive-start id="4326" timestamp="2019-08-08T19:54:28.537" intervalms="93.093">
  <response-info timems="9.664" idlems="9.664" threads="0" lastid="000000000227A300" lastname="Thread-30" />
</exclusive-start>
<allocation-taxation id="4327" taxation-threshold="106954752" timestamp="2019-08-08T19:54:28.537" intervalms="93.131" />
<cycle-start id="4328" type="partial gc" contextid="0" timestamp="2019-08-08T19:54:28.537" intervalms="93.136" />
<gc-start id="4329" type="partial gc" contextid="4328" timestamp="2019-08-08T19:54:28.537">
  <mem-info id="4330" free="132120576" total="398458880" percent="33">
    <mem type="eden" free="0" total="106954752" percent="0" />
    <remembered-set count="51520" freebytes="15723520" totalbytes="15929600" percent="98" regionsoverflowed="0" regionsstable="8" regionsrebuilding="0"/>
  </mem-info>
</gc-start>
<allocation-stats totalBytes="106935784" >
  <allocated-bytes non-tlh="0" tlh="106935784" arrayletleaf="0"/>
  <largest-consumer threadName="Thread-34" threadId="0000000002298200" bytes="13166512" />
</allocation-stats>
<gc-op id="4331" type="copy forward" timems="11.891" contextid="4328" timestamp="2019-08-08T19:54:28.550">
  <memory-copied type="eden" objects="24421" bytes="1004032" bytesdiscarded="71040" />
  <memory-copied type="other" objects="62896" bytes="2471136" bytesdiscarded="229112" />
  <memory-cardclean objects="22258" bytes="1144272" />
  <regions eden="51" other="5" />
  <remembered-set-cleared processed="27601" cleared="5617" durationms="0.472" />
  <stringconstants candidates="15092" cleared="0"  />
</gc-op>
<gc-op id="4332" type="classunload" timems="0.010" contextid="4328" timestamp="2019-08-08T19:54:28.550">
  <classunload-info classloadercandidates="55" classloadersunloaded="0" classesunloaded="0" anonymousclassesunloaded="0" quiescems="0.000" setupms="0.009" scanms="0.000" postms="0.000" />
</gc-op>
<heap-resize id="4333" type="expand" space="default" amount="16777216" count="1" timems="0.088" reason="excessive time being spent in gc" timestamp="2019-08-08T19:54:28.550" />
<gc-end id="4334" type="partial gc" contextid="4328" durationms="13.354" usertimems="25.859" systemtimems="13.120" timestamp="2019-08-08T19:54:28.550" activeThreads="16">
  <mem-info id="4335" free="249561088" total="415236096" percent="60">
    <mem type="eden" free="5216384" total="6291456" percent="82" />
    <remembered-set count="49536" freebytes="16402176" totalbytes="16600320" percent="98" regionsoverflowed="0" regionsstable="8" regionsrebuilding="0"/>
  </mem-info>
</gc-end>
<cycle-end id="4336" type="partial gc" contextid="4328" timestamp="2019-08-08T19:54:28.551" />
  <attribute name="elasticGC enabled" value="1" />
  <attribute name= "numThreadsSpecified" value="16" />
  <attribute name="heapSize specified" value="0" />
  <attribute name="Current GC Util" value="0" />
  <attribute name= "Current Time Running" value="109420" />
  <attribute name ="GC Interval" value="0" />
  <attribute name="Target GC Util Change" value ="80.000000" />
  <attribute name="Current GC Util Change" value="0.000000"/>
  <attribute name="Current Error" value="57.000000" />
  <attribute name="Output H" value="398534632"/>
  <attribute name="Output I" value="2112"/>
  <attribute name="Output T" value="16"/>
  <attribute name= "Current Time Running" value="109420" />
  <attribute name="GC Util currently" value="0" />
  <attribute name="CPU Util currently" value="1329935890491" />
<exclusive-end id="4337" timestamp="2019-08-08T19:54:28.551" durationms="14.074" />

<exclusive-start id="4338" timestamp="2019-08-08T19:54:28.622" intervalms="85.668">
  <response-info timems="2.134" idlems="2.134" threads="0" lastid="00000000022B9D00" lastname="Thread-22" />
</exclusive-start>
<allocation-taxation id="4339" taxation-threshold="111149056" timestamp="2019-08-08T19:54:28.622" intervalms="85.634" />
<cycle-start id="4340" type="partial gc" contextid="0" timestamp="2019-08-08T19:54:28.622" intervalms="85.612" />
<gc-start id="4341" type="partial gc" contextid="4340" timestamp="2019-08-08T19:54:28.623">
  <mem-info id="4342" free="138412032" total="415236096" percent="33">
    <mem type="eden" free="0" total="111149056" percent="0" />
    <remembered-set count="49536" freebytes="16402176" totalbytes="16600320" percent="98" regionsoverflowed="0" regionsstable="8" regionsrebuilding="0"/>
  </mem-info>
</gc-start>
<allocation-stats totalBytes="111129592" >
  <allocated-bytes non-tlh="0" tlh="111129592" arrayletleaf="0"/>
  <largest-consumer threadName="Thread-33" threadId="0000000002276700" bytes="11925416" />
</allocation-stats>
<gc-op id="4343" type="copy forward" timems="15.550" contextid="4340" timestamp="2019-08-08T19:54:28.639">
  <memory-copied type="eden" objects="41234" bytes="1544256" bytesdiscarded="159776" />
  <memory-copied type="other" objects="74296" bytes="3019488" bytesdiscarded="242344" />
  <memory-cardclean objects="25567" bytes="1295856" />
  <regions eden="53" other="7" />
  <remembered-set-cleared processed="27408" cleared="5242" durationms="0.323" />
  <stringconstants candidates="15092" cleared="0"  />
</gc-op>
<gc-op id="4344" type="classunload" timems="0.011" contextid="4340" timestamp="2019-08-08T19:54:28.639">
  <classunload-info classloadercandidates="55" classloadersunloaded="0" classesunloaded="0" anonymousclassesunloaded="0" quiescems="0.000" setupms="0.010" scanms="0.000" postms="0.000" />
</gc-op>
<gc-end id="4345" type="partial gc" contextid="4340" durationms="16.833" usertimems="41.244" systemtimems="17.336" timestamp="2019-08-08T19:54:28.639" activeThreads="16">
  <mem-info id="4346" free="251658240" total="415236096" percent="60">
    <mem type="eden" free="393120" total="2097152" percent="18" />
    <remembered-set count="53248" freebytes="16387328" totalbytes="16600320" percent="98" regionsoverflowed="0" regionsstable="8" regionsrebuilding="0"/>
  </mem-info>
</gc-end>
<cycle-end id="4347" type="partial gc" contextid="4340" timestamp="2019-08-08T19:54:28.640" />
  <attribute name="elasticGC enabled" value="1" />
  <attribute name= "numThreadsSpecified" value="16" />
  <attribute name="heapSize specified" value="0" />
  <attribute name="Current GC Util" value="134" />
  <attribute name= "Current Time Running" value="109505" />
  <attribute name ="GC Interval" value="0" />
  <attribute name="Target GC Util Change" value ="80.000000" />
  <attribute name="Current GC Util Change" value="134.000000"/>
  <attribute name="Current Error" value="-54.000000" />
  <attribute name="Output H" value="415311720"/>
  <attribute name="Output I" value="1912"/>
  <attribute name="Output T" value="16"/>
  <attribute name= "Current Time Running" value="109505" />
  <attribute name="GC Util currently" value="134" />
  <attribute name="CPU Util currently" value="1707707905986" />
<exclusive-end id="4348" timestamp="2019-08-08T19:54:28.640" durationms="17.380" />

<exclusive-start id="4349" timestamp="2019-08-08T19:54:28.717" intervalms="94.641">
  <response-info timems="1.445" idlems="1.445" threads="0" lastid="000000000227DF00" lastname="Thread-25" />
</exclusive-start>
<allocation-taxation id="4350" taxation-threshold="111149056" timestamp="2019-08-08T19:54:28.717" intervalms="94.636" />
<cycle-start id="4351" type="partial gc" contextid="0" timestamp="2019-08-08T19:54:28.717" intervalms="94.627" />
<gc-start id="4352" type="partial gc" contextid="4351" timestamp="2019-08-08T19:54:28.717">
  <mem-info id="4353" free="140509184" total="415236096" percent="33">
    <mem type="eden" free="0" total="111149056" percent="0" />
    <remembered-set count="53120" freebytes="16387840" totalbytes="16600320" percent="98" regionsoverflowed="0" regionsstable="8" regionsrebuilding="0"/>
  </mem-info>
</gc-start>
<allocation-stats totalBytes="111129632" >
  <allocated-bytes non-tlh="0" tlh="111129632" arrayletleaf="0"/>
  <largest-consumer threadName="Thread-33" threadId="0000000002276700" bytes="10234048" />
</allocation-stats>
<gc-op id="4354" type="copy forward" timems="11.206" contextid="4351" timestamp="2019-08-08T19:54:28.729">
  <memory-copied type="eden" objects="56298" bytes="2317856" bytesdiscarded="200704" />
  <memory-copied type="other" objects="54322" bytes="2127984" bytesdiscarded="182320" />
  <memory-cardclean objects="26282" bytes="1367472" />
  <regions eden="53" other="5" />
  <remembered-set-cleared processed="29745" cleared="6892" durationms="0.263" />
  <stringconstants candidates="15092" cleared="0"  />
</gc-op>
<gc-op id="4355" type="classunload" timems="0.015" contextid="4351" timestamp="2019-08-08T19:54:28.729">
  <classunload-info classloadercandidates="55" classloadersunloaded="0" classesunloaded="0" anonymousclassesunloaded="0" quiescems="0.000" setupms="0.015" scanms="0.000" postms="0.000" />
</gc-op>
<heap-resize id="4356" type="expand" space="default" amount="4194304" count="1" timems="0.071" reason="excessive time being spent in gc" timestamp="2019-08-08T19:54:28.730" />
<gc-end id="4357" type="partial gc" contextid="4351" durationms="12.539" usertimems="33.856" systemtimems="9.867" timestamp="2019-08-08T19:54:28.730" activeThreads="16">
  <mem-info id="4358" free="251658240" total="419430400" percent="60">
    <mem type="eden" free="1675744" total="4194304" percent="39" />
    <remembered-set count="53152" freebytes="16555392" totalbytes="16768000" percent="98" regionsoverflowed="0" regionsstable="8" regionsrebuilding="0"/>
  </mem-info>
</gc-end>
<cycle-end id="4359" type="partial gc" contextid="4351" timestamp="2019-08-08T19:54:28.730" />
  <attribute name="elasticGC enabled" value="1" />
  <attribute name= "numThreadsSpecified" value="16" />
  <attribute name="heapSize specified" value="0" />
  <attribute name="Current GC Util" value="129" />
  <attribute name= "Current Time Running" value="109600" />
  <attribute name ="GC Interval" value="0" />
  <attribute name="Target GC Util Change" value ="80.000000" />
  <attribute name="Current GC Util Change" value="129.000000"/>
  <attribute name="Current Error" value="-84.000000" />
  <attribute name="Output H" value="415311680"/>
  <attribute name="Output I" value="1864"/>
  <attribute name="Output T" value="16"/>
  <attribute name= "Current Time Running" value="109600" />
  <attribute name="GC Util currently" value="129" />
  <attribute name="CPU Util currently" value="1786455824870" />
<exclusive-end id="4360" timestamp="2019-08-08T19:54:28.730" durationms="13.129" />

<exclusive-start id="4361" timestamp="2019-08-08T19:54:28.804" intervalms="87.157">
  <response-info timems="4.219" idlems="4.219" threads="0" lastid="00000000022B9D00" lastname="Thread-22" />
</exclusive-start>
<allocation-taxation id="4362" taxation-threshold="111149056" timestamp="2019-08-08T19:54:28.804" intervalms="87.157" />
<cycle-start id="4363" type="partial gc" contextid="0" timestamp="2019-08-08T19:54:28.804" intervalms="87.173" />
<gc-start id="4364" type="partial gc" contextid="4363" timestamp="2019-08-08T19:54:28.804">
  <mem-info id="4365" free="140509184" total="419430400" percent="33">
    <mem type="eden" free="0" total="111149056" percent="0" />
    <remembered-set count="52992" freebytes="16556032" totalbytes="16768000" percent="98" regionsoverflowed="0" regionsstable="8" regionsrebuilding="0"/>
  </mem-info>
</gc-start>
<allocation-stats totalBytes="111129928" >
  <allocated-bytes non-tlh="0" tlh="111129928" arrayletleaf="0"/>
  <largest-consumer threadName="Thread-33" threadId="0000000002276700" bytes="12957400" />
</allocation-stats>
<gc-op id="4366" type="copy forward" timems="15.981" contextid="4363" timestamp="2019-08-08T19:54:28.821">
  <memory-copied type="eden" objects="31441" bytes="1309984" bytesdiscarded="180560" />
  <memory-copied type="other" objects="51797" bytes="2067384" bytesdiscarded="169504" />
  <memory-cardclean objects="29737" bytes="1548600" />
  <regions eden="53" other="6" />
  <remembered-set-cleared processed="30009" cleared="8504" durationms="0.301" />
  <stringconstants candidates="15092" cleared="0"  />
</gc-op>
<gc-op id="4367" type="classunload" timems="0.010" contextid="4363" timestamp="2019-08-08T19:54:28.822">
  <classunload-info classloadercandidates="55" classloadersunloaded="0" classesunloaded="0" anonymousclassesunloaded="0" quiescems="0.000" setupms="0.010" scanms="0.000" postms="0.000" />
</gc-op>
<gc-end id="4368" type="partial gc" contextid="4363" durationms="17.319" usertimems="24.453" systemtimems="26.348" timestamp="2019-08-08T19:54:28.822" activeThreads="16">
  <mem-info id="4369" free="251658240" total="419430400" percent="60">
    <mem type="eden" free="606608" total="2097152" percent="28" />
    <remembered-set count="50848" freebytes="16564608" totalbytes="16768000" percent="98" regionsoverflowed="0" regionsstable="8" regionsrebuilding="0"/>
  </mem-info>
</gc-end>
<cycle-end id="4370" type="partial gc" contextid="4363" timestamp="2019-08-08T19:54:28.822" />
  <attribute name="elasticGC enabled" value="1" />
  <attribute name= "numThreadsSpecified" value="16" />
  <attribute name="heapSize specified" value="0" />
  <attribute name="Current GC Util" value="149" />
  <attribute name= "Current Time Running" value="109687" />
  <attribute name ="GC Interval" value="0" />
  <attribute name="Target GC Util Change" value ="80.000000" />
  <attribute name="Current GC Util Change" value="149.000000"/>
  <attribute name="Current Error" value="-123.000000" />
  <attribute name="Output H" value="419505944"/>
  <attribute name="Output I" value="1792"/>
  <attribute name="Output T" value="16"/>
  <attribute name= "Current Time Running" value="109687" />
  <attribute name="GC Util currently" value="149" />
  <attribute name="CPU Util currently" value="1346262171782" />
<exclusive-end id="4371" timestamp="2019-08-08T19:54:28.822" durationms="17.876" />

<exclusive-start id="4372" timestamp="2019-08-08T19:54:28.924" intervalms="119.702">
  <response-info timems="4.918" idlems="4.918" threads="0" lastid="0000000002276700" lastname="Thread-33" />
</exclusive-start>
<allocation-taxation id="4373" taxation-threshold="111149056" timestamp="2019-08-08T19:54:28.924" intervalms="120.025" />
<cycle-start id="4374" type="partial gc" contextid="0" timestamp="2019-08-08T19:54:28.924" intervalms="120.153" />
<gc-start id="4375" type="partial gc" contextid="4374" timestamp="2019-08-08T19:54:28.925">
  <mem-info id="4376" free="140509184" total="419430400" percent="33">
    <mem type="eden" free="0" total="111149056" percent="0" />
    <remembered-set count="50688" freebytes="16565248" totalbytes="16768000" percent="98" regionsoverflowed="0" regionsstable="8" regionsrebuilding="0"/>
  </mem-info>
</gc-start>
<allocation-stats totalBytes="111129600" >
  <allocated-bytes non-tlh="0" tlh="111129600" arrayletleaf="0"/>
  <largest-consumer threadName="Thread-30" threadId="000000000227A300" bytes="10189128" />
</allocation-stats>
<gc-op id="4377" type="copy forward" timems="11.422" contextid="4374" timestamp="2019-08-08T19:54:28.938">
  <memory-copied type="eden" objects="20568" bytes="776416" bytesdiscarded="0" />
  <memory-copied type="other" objects="79853" bytes="3427608" bytesdiscarded="0" />
  <memory-cardclean objects="16596" bytes="834576" />
  <regions eden="53" other="5" />
  <remembered-set-cleared processed="27562" cleared="4698" durationms="0.952" />
  <stringconstants candidates="15092" cleared="0"  />
</gc-op>
<gc-op id="4378" type="classunload" timems="0.009" contextid="4374" timestamp="2019-08-08T19:54:28.938">
  <classunload-info classloadercandidates="55" classloadersunloaded="0" classesunloaded="0" anonymousclassesunloaded="0" quiescems="0.000" setupms="0.009" scanms="0.000" postms="0.000" />
</gc-op>
<heap-resize id="4379" type="expand" space="default" amount="6291456" count="1" timems="0.063" reason="excessive time being spent in gc" timestamp="2019-08-08T19:54:28.938" />
<gc-end id="4380" type="partial gc" contextid="4374" durationms="13.579" usertimems="9.583" systemtimems="7.565" timestamp="2019-08-08T19:54:28.938" activeThreads="1">
  <mem-info id="4381" free="255852544" total="425721856" percent="60">
    <mem type="eden" free="1320736" total="2097152" percent="62" />
    <remembered-set count="53952" freebytes="16803712" totalbytes="17019520" percent="98" regionsoverflowed="0" regionsstable="8" regionsrebuilding="0"/>
  </mem-info>
</gc-end>
<cycle-end id="4382" type="partial gc" contextid="4374" timestamp="2019-08-08T19:54:28.938" />
  <attribute name="elasticGC enabled" value="1" />
  <attribute name= "numThreadsSpecified" value="1" />
  <attribute name="heapSize specified" value="0" />
  <attribute name="Current GC Util" value="100" />
  <attribute name= "Current Time Running" value="109808" />
  <attribute name ="GC Interval" value="0" />
  <attribute name="Target GC Util Change" value ="80.000000" />
  <attribute name="Current GC Util Change" value="100.000000"/>
  <attribute name="Current Error" value="-20.000000" />
  <attribute name="Output H" value="419506064"/>
  <attribute name="Output I" value="1976"/>
  <attribute name="Output T" value="1"/>
  <attribute name= "Current Time Running" value="109808" />
  <attribute name="GC Util currently" value="100" />
  <attribute name="CPU Util currently" value="782788493683" />
<exclusive-end id="4383" timestamp="2019-08-08T19:54:28.938" durationms="14.571" />

<exclusive-start id="4384" timestamp="2019-08-08T19:54:29.016" intervalms="92.087">
  <response-info timems="6.121" idlems="6.121" threads="0" lastid="00000000022A7200" lastname="Thread-24" />
</exclusive-start>
<allocation-taxation id="4385" taxation-threshold="113246208" timestamp="2019-08-08T19:54:29.016" intervalms="91.772" />
<cycle-start id="4386" type="partial gc" contextid="0" timestamp="2019-08-08T19:54:29.016" intervalms="91.684" />
<gc-start id="4387" type="partial gc" contextid="4386" timestamp="2019-08-08T19:54:29.016">
  <mem-info id="4388" free="142606336" total="425721856" percent="33">
    <mem type="eden" free="0" total="113246208" percent="0" />
    <remembered-set count="53600" freebytes="16805120" totalbytes="17019520" percent="98" regionsoverflowed="0" regionsstable="8" regionsrebuilding="0"/>
  </mem-info>
</gc-start>
<allocation-stats totalBytes="113226248" >
  <allocated-bytes non-tlh="0" tlh="113226248" arrayletleaf="0"/>
  <largest-consumer threadName="Thread-25" threadId="000000000227DF00" bytes="13752328" />
</allocation-stats>
<gc-op id="4389" type="copy forward" timems="11.560" contextid="4386" timestamp="2019-08-08T19:54:29.029">
  <memory-copied type="eden" objects="14536" bytes="492160" bytesdiscarded="41336" />
  <memory-copied type="other" objects="77281" bytes="3365880" bytesdiscarded="277920" />
  <memory-cardclean objects="16431" bytes="860616" />
  <regions eden="54" other="5" />
  <remembered-set-cleared processed="28316" cleared="5349" durationms="0.217" />
  <stringconstants candidates="15092" cleared="0"  />
</gc-op>
<gc-op id="4390" type="classunload" timems="0.010" contextid="4386" timestamp="2019-08-08T19:54:29.029">
  <classunload-info classloadercandidates="55" classloadersunloaded="0" classesunloaded="0" anonymousclassesunloaded="0" quiescems="0.000" setupms="0.009" scanms="0.000" postms="0.000" />
</gc-op>
<heap-resize id="4391" type="expand" space="default" amount="4194304" count="1" timems="0.068" reason="excessive time being spent in gc" timestamp="2019-08-08T19:54:29.029" />
<gc-end id="4392" type="partial gc" contextid="4386" durationms="13.039" usertimems="30.613" systemtimems="15.965" timestamp="2019-08-08T19:54:29.029" activeThreads="16">
  <mem-info id="4393" free="257949696" total="429916160" percent="60">
    <mem type="eden" free="1563656" total="2097152" percent="74" />
    <remembered-set count="49664" freebytes="16988544" totalbytes="17187200" percent="98" regionsoverflowed="0" regionsstable="8" regionsrebuilding="0"/>
  </mem-info>
</gc-end>
<cycle-end id="4394" type="partial gc" contextid="4386" timestamp="2019-08-08T19:54:29.029" />
  <attribute name="elasticGC enabled" value="1" />
  <attribute name= "numThreadsSpecified" value="16" />
  <attribute name="heapSize specified" value="0" />
  <attribute name="Current GC Util" value="320" />
  <attribute name= "Current Time Running" value="109899" />
  <attribute name ="GC Interval" value="0" />
  <attribute name="Target GC Util Change" value ="80.000000" />
  <attribute name="Current GC Util Change" value="320.000000"/>
  <attribute name="Current Error" value="-194.000000" />
  <attribute name="Output H" value="425797312"/>
  <attribute name="Output I" value="1664"/>
  <attribute name="Output T" value="16"/>
  <attribute name= "Current Time Running" value="109899" />
  <attribute name="GC Util currently" value="320" />
  <attribute name="CPU Util currently" value="1340799629347" />
<exclusive-end id="4395" timestamp="2019-08-08T19:54:29.029" durationms="13.673" />

<exclusive-start id="4396" timestamp="2019-08-08T19:54:29.153" intervalms="137.475">
  <response-info timems="5.151" idlems="5.151" threads="0" lastid="000000000229BE00" lastname="Thread-35" />
</exclusive-start>
<allocation-taxation id="4397" taxation-threshold="113246208" timestamp="2019-08-08T19:54:29.153" intervalms="137.473" />
<cycle-start id="4398" type="partial gc" contextid="0" timestamp="2019-08-08T19:54:29.153" intervalms="137.490" />
<gc-start id="4399" type="partial gc" contextid="4398" timestamp="2019-08-08T19:54:29.154">
  <mem-info id="4400" free="144703488" total="429916160" percent="33">
    <mem type="eden" free="0" total="113246208" percent="0" />
    <remembered-set count="49248" freebytes="16990208" totalbytes="17187200" percent="98" regionsoverflowed="0" regionsstable="8" regionsrebuilding="0"/>
  </mem-info>
</gc-start>
<allocation-stats totalBytes="113227544" >
  <allocated-bytes non-tlh="0" tlh="113227544" arrayletleaf="0"/>
  <largest-consumer threadName="Thread-26" threadId="00000000022B6100" bytes="13842464" />
</allocation-stats>
<gc-op id="4401" type="copy forward" timems="10.371" contextid="4398" timestamp="2019-08-08T19:54:29.165">
  <memory-copied type="eden" objects="16117" bytes="530368" bytesdiscarded="37136" />
  <memory-copied type="other" objects="82883" bytes="3500328" bytesdiscarded="270936" />
  <memory-cardclean objects="16001" bytes="843600" />
  <regions eden="54" other="5" />
  <remembered-set-cleared processed="27869" cleared="4987" durationms="0.227" />
  <stringconstants candidates="15092" cleared="0"  />
</gc-op>
<gc-op id="4402" type="classunload" timems="0.013" contextid="4398" timestamp="2019-08-08T19:54:29.165">
  <classunload-info classloadercandidates="55" classloadersunloaded="0" classesunloaded="0" anonymousclassesunloaded="0" quiescems="0.000" setupms="0.013" scanms="0.000" postms="0.000" />
</gc-op>
<heap-resize id="4403" type="expand" space="default" amount="6291456" count="1" timems="0.079" reason="excessive time being spent in gc" timestamp="2019-08-08T19:54:29.165" />
<gc-end id="4404" type="partial gc" contextid="4398" durationms="11.732" usertimems="23.417" systemtimems="14.241" timestamp="2019-08-08T19:54:29.165" activeThreads="16">
  <mem-info id="4405" free="262144000" total="436207616" percent="60">
    <mem type="eden" free="1529648" total="2097152" percent="72" />
    <remembered-set count="51584" freebytes="17232384" totalbytes="17438720" percent="98" regionsoverflowed="0" regionsstable="8" regionsrebuilding="0"/>
  </mem-info>
</gc-end>
<cycle-end id="4406" type="partial gc" contextid="4398" timestamp="2019-08-08T19:54:29.165" />
  <attribute name="elasticGC enabled" value="1" />
  <attribute name= "numThreadsSpecified" value="16" />
  <attribute name="heapSize specified" value="0" />
  <attribute name="Current GC Util" value="147" />
  <attribute name= "Current Time Running" value="110036" />
  <attribute name ="GC Interval" value="0" />
  <attribute name="Target GC Util Change" value ="80.000000" />
  <attribute name="Current GC Util Change" value="147.000000"/>
  <attribute name="Current Error" value="-211.000000" />
  <attribute name="Output H" value="429991600"/>
  <attribute name="Output I" value="1632"/>
  <attribute name="Output T" value="16"/>
  <attribute name= "Current Time Running" value="110036" />
  <attribute name="GC Util currently" value="147" />
  <attribute name="CPU Util currently" value="1778801690705" />
<exclusive-end id="4407" timestamp="2019-08-08T19:54:29.166" durationms="12.337" />

<exclusive-start id="4408" timestamp="2019-08-08T19:54:29.250" intervalms="97.073">
  <response-info timems="4.667" idlems="4.667" threads="0" lastid="00000000022B9D00" lastname="Thread-22" />
</exclusive-start>
<allocation-taxation id="4409" taxation-threshold="115343360" timestamp="2019-08-08T19:54:29.250" intervalms="97.132" />
<cycle-start id="4410" type="partial gc" contextid="0" timestamp="2019-08-08T19:54:29.251" intervalms="97.353" />
<gc-start id="4411" type="partial gc" contextid="4410" timestamp="2019-08-08T19:54:29.251">
  <mem-info id="4412" free="146800640" total="436207616" percent="33">
    <mem type="eden" free="0" total="115343360" percent="0" />
    <remembered-set count="51296" freebytes="17233536" totalbytes="17438720" percent="98" regionsoverflowed="0" regionsstable="8" regionsrebuilding="0"/>
  </mem-info>
</gc-start>
<allocation-stats totalBytes="115325264" >
  <allocated-bytes non-tlh="0" tlh="115325264" arrayletleaf="0"/>
  <largest-consumer threadName="Thread-26" threadId="00000000022B6100" bytes="12863960" />
</allocation-stats>
<gc-op id="4413" type="copy forward" timems="10.807" contextid="4410" timestamp="2019-08-08T19:54:29.263">
  <memory-copied type="eden" objects="27805" bytes="1086536" bytesdiscarded="90152" />
  <memory-copied type="other" objects="48561" bytes="1852344" bytesdiscarded="113152" />
  <memory-cardclean objects="34941" bytes="1797096" />
  <regions eden="55" other="5" />
  <remembered-set-cleared processed="30140" cleared="8950" durationms="0.295" />
  <stringconstants candidates="15092" cleared="0"  />
</gc-op>
<gc-op id="4414" type="classunload" timems="0.011" contextid="4410" timestamp="2019-08-08T19:54:29.263">
  <classunload-info classloadercandidates="55" classloadersunloaded="0" classesunloaded="0" anonymousclassesunloaded="0" quiescems="0.000" setupms="0.010" scanms="0.000" postms="0.000" />
</gc-op>
<gc-end id="4415" type="partial gc" contextid="4410" durationms="11.962" usertimems="27.224" systemtimems="10.830" timestamp="2019-08-08T19:54:29.263" activeThreads="16">
  <mem-info id="4416" free="257949696" total="436207616" percent="59">
    <mem type="eden" free="3017616" total="4194304" percent="71" />
    <remembered-set count="51776" freebytes="17231616" totalbytes="17438720" percent="98" regionsoverflowed="0" regionsstable="8" regionsrebuilding="0"/>
  </mem-info>
</gc-end>
<cycle-end id="4417" type="partial gc" contextid="4410" timestamp="2019-08-08T19:54:29.263" />
  <attribute name="elasticGC enabled" value="1" />
  <attribute name= "numThreadsSpecified" value="16" />
  <attribute name="heapSize specified" value="0" />
  <attribute name="Current GC Util" value="123" />
  <attribute name= "Current Time Running" value="110134" />
  <attribute name ="GC Interval" value="0" />
  <attribute name="Target GC Util Change" value ="80.000000" />
  <attribute name="Current GC Util Change" value="123.000000"/>
  <attribute name="Current Error" value="-43.000000" />
  <attribute name="Output H" value="436283248"/>
  <attribute name="Output I" value="1936"/>
  <attribute name="Output T" value="16"/>
  <attribute name= "Current Time Running" value="110134" />
  <attribute name="GC Util currently" value="123" />
  <attribute name="CPU Util currently" value="1853514798721" />
<exclusive-end id="4418" timestamp="2019-08-08T19:54:29.263" durationms="12.879" />

<exclusive-start id="4419" timestamp="2019-08-08T19:54:29.317" intervalms="66.218">
  <response-info timems="3.214" idlems="3.214" threads="0" lastid="00000000022B9D00" lastname="Thread-22" />
</exclusive-start>
<allocation-taxation id="4420" taxation-threshold="115343360" timestamp="2019-08-08T19:54:29.317" intervalms="66.155" />
<cycle-start id="4421" type="partial gc" contextid="0" timestamp="2019-08-08T19:54:29.317" intervalms="66.007" />
<gc-start id="4422" type="partial gc" contextid="4421" timestamp="2019-08-08T19:54:29.317">
  <mem-info id="4423" free="142606336" total="436207616" percent="32">
    <mem type="eden" free="0" total="115343360" percent="0" />
    <remembered-set count="51424" freebytes="17233024" totalbytes="17438720" percent="98" regionsoverflowed="0" regionsstable="8" regionsrebuilding="0"/>
  </mem-info>
</gc-start>
<allocation-stats totalBytes="115325816" >
  <allocated-bytes non-tlh="0" tlh="115325816" arrayletleaf="0"/>
  <largest-consumer threadName="Thread-25" threadId="000000000227DF00" bytes="11299528" />
</allocation-stats>
<gc-op id="4424" type="copy forward" timems="10.643" contextid="4421" timestamp="2019-08-08T19:54:29.329">
  <memory-copied type="eden" objects="21042" bytes="787288" bytesdiscarded="46120" />
  <memory-copied type="other" objects="66428" bytes="2830656" bytesdiscarded="213776" />
  <memory-cardclean objects="22051" bytes="1127760" />
  <regions eden="55" other="6" />
  <remembered-set-cleared processed="28645" cleared="6361" durationms="0.255" />
  <stringconstants candidates="15092" cleared="0"  />
</gc-op>
<gc-op id="4425" type="classunload" timems="0.010" contextid="4421" timestamp="2019-08-08T19:54:29.329">
  <classunload-info classloadercandidates="55" classloadersunloaded="0" classesunloaded="0" anonymousclassesunloaded="0" quiescems="0.000" setupms="0.010" scanms="0.000" postms="0.000" />
</gc-op>
<gc-end id="4426" type="partial gc" contextid="4421" durationms="11.736" usertimems="19.347" systemtimems="13.683" timestamp="2019-08-08T19:54:29.329" activeThreads="16">
  <mem-info id="4427" free="257949696" total="436207616" percent="59">
    <mem type="eden" free="1263744" total="2097152" percent="60" />
    <remembered-set count="49952" freebytes="17238912" totalbytes="17438720" percent="98" regionsoverflowed="0" regionsstable="8" regionsrebuilding="0"/>
  </mem-info>
</gc-end>
<cycle-end id="4428" type="partial gc" contextid="4421" timestamp="2019-08-08T19:54:29.329" />
  <attribute name="elasticGC enabled" value="1" />
  <attribute name= "numThreadsSpecified" value="16" />
  <attribute name="heapSize specified" value="0" />
  <attribute name="Current GC Util" value="0" />
  <attribute name= "Current Time Running" value="110200" />
  <attribute name ="GC Interval" value="0" />
  <attribute name="Target GC Util Change" value ="80.000000" />
  <attribute name="Current GC Util Change" value="0.000000"/>
  <attribute name="Current Error" value="60.000000" />
  <attribute name="Output H" value="436283368"/>
  <attribute name="Output I" value="2120"/>
  <attribute name="Output T" value="16"/>
  <attribute name= "Current Time Running" value="110200" />
  <attribute name="GC Util currently" value="0" />
  <attribute name="CPU Util currently" value="2087120918885" />
<exclusive-end id="4429" timestamp="2019-08-08T19:54:29.329" durationms="12.406" />

<exclusive-start id="4430" timestamp="2019-08-08T19:54:29.397" intervalms="80.445">
  <response-info timems="1.504" idlems="1.504" threads="0" lastid="0000000002272B00" lastname="Thread-27" />
</exclusive-start>
<allocation-taxation id="4431" taxation-threshold="115343360" timestamp="2019-08-08T19:54:29.397" intervalms="80.467" />
<cycle-start id="4432" type="partial gc" contextid="0" timestamp="2019-08-08T19:54:29.397" intervalms="80.350" />
<gc-start id="4433" type="partial gc" contextid="4432" timestamp="2019-08-08T19:54:29.397">
  <mem-info id="4434" free="142606336" total="436207616" percent="32">
    <mem type="eden" free="0" total="115343360" percent="0" />
    <remembered-set count="49760" freebytes="17239680" totalbytes="17438720" percent="98" regionsoverflowed="0" regionsstable="8" regionsrebuilding="0"/>
  </mem-info>
</gc-start>
<allocation-stats totalBytes="115325608" >
  <allocated-bytes non-tlh="0" tlh="115325608" arrayletleaf="0"/>
  <largest-consumer threadName="Thread-23" threadId="0000000002290A00" bytes="13367536" />
</allocation-stats>
<gc-op id="4435" type="copy forward" timems="14.401" contextid="4432" timestamp="2019-08-08T19:54:29.413">
  <memory-copied type="eden" objects="18657" bytes="728864" bytesdiscarded="86568" />
  <memory-copied type="other" objects="56124" bytes="2308608" bytesdiscarded="190064" />
  <memory-cardclean objects="23729" bytes="1228728" />
  <regions eden="55" other="5" />
  <remembered-set-cleared processed="29188" cleared="6760" durationms="0.224" />
  <stringconstants candidates="15092" cleared="0"  />
</gc-op>
<gc-op id="4436" type="classunload" timems="0.010" contextid="4432" timestamp="2019-08-08T19:54:29.413">
  <classunload-info classloadercandidates="55" classloadersunloaded="0" classesunloaded="0" anonymousclassesunloaded="0" quiescems="0.000" setupms="0.010" scanms="0.000" postms="0.000" />
</gc-op>
<heap-resize id="4437" type="expand" space="default" amount="14680064" count="1" timems="0.118" reason="excessive time being spent in gc" timestamp="2019-08-08T19:54:29.413" />
<gc-end id="4438" type="partial gc" contextid="4432" durationms="16.014" usertimems="19.458" systemtimems="21.925" timestamp="2019-08-08T19:54:29.413" activeThreads="16">
  <mem-info id="4439" free="270532608" total="450887680" percent="60">
    <mem type="eden" free="1281720" total="2097152" percent="61" />
    <remembered-set count="50848" freebytes="17822208" totalbytes="18025600" percent="98" regionsoverflowed="0" regionsstable="8" regionsrebuilding="0"/>
  </mem-info>
</gc-end>
<cycle-end id="4440" type="partial gc" contextid="4432" timestamp="2019-08-08T19:54:29.414" />
  <attribute name="elasticGC enabled" value="1" />
  <attribute name= "numThreadsSpecified" value="16" />
  <attribute name="heapSize specified" value="0" />
  <attribute name="Current GC Util" value="154" />
  <attribute name= "Current Time Running" value="110280" />
  <attribute name ="GC Interval" value="0" />
  <attribute name="Target GC Util Change" value ="80.000000" />
  <attribute name="Current GC Util Change" value="154.000000"/>
  <attribute name="Current Error" value="25.000000" />
  <attribute name="Output H" value="436283328"/>
  <attribute name="Output I" value="2056"/>
  <attribute name="Output T" value="16"/>
  <attribute name= "Current Time Running" value="110280" />
  <attribute name="GC Util currently" value="154" />
  <attribute name="CPU Util currently" value="1267413191815" />
<exclusive-end id="4441" timestamp="2019-08-08T19:54:29.414" durationms="16.602" />

<exclusive-start id="4442" timestamp="2019-08-08T19:54:29.543" intervalms="145.690">
  <response-info timems="14.960" idlems="5.072" threads="2" lastid="0000000002276700" lastname="Thread-33" />
</exclusive-start>
<allocation-taxation id="4443" taxation-threshold="119537664" timestamp="2019-08-08T19:54:29.543" intervalms="145.700" />
<cycle-start id="4444" type="partial gc" contextid="0" timestamp="2019-08-08T19:54:29.543" intervalms="145.652" />
<gc-start id="4445" type="partial gc" contextid="4444" timestamp="2019-08-08T19:54:29.543">
  <mem-info id="4446" free="150994944" total="450887680" percent="33">
    <mem type="eden" free="0" total="119537664" percent="0" />
    <remembered-set count="50400" freebytes="17824000" totalbytes="18025600" percent="98" regionsoverflowed="0" regionsstable="8" regionsrebuilding="0"/>
  </mem-info>
</gc-start>
<allocation-stats totalBytes="119519008" >
  <allocated-bytes non-tlh="0" tlh="119519008" arrayletleaf="0"/>
  <largest-consumer threadName="Thread-30" threadId="000000000227A300" bytes="11499624" />
</allocation-stats>
<gc-op id="4447" type="copy forward" timems="11.357" contextid="4444" timestamp="2019-08-08T19:54:29.555">
  <memory-copied type="eden" objects="25892" bytes="1040944" bytesdiscarded="78824" />
  <memory-copied type="other" objects="73793" bytes="3144792" bytesdiscarded="285008" />
  <memory-cardclean objects="18161" bytes="924072" />
  <regions eden="57" other="6" />
  <remembered-set-cleared processed="27739" cleared="5499" durationms="0.620" />
  <stringconstants candidates="15092" cleared="0"  />
</gc-op>
<gc-op id="4448" type="classunload" timems="0.009" contextid="4444" timestamp="2019-08-08T19:54:29.556">
  <classunload-info classloadercandidates="55" classloadersunloaded="0" classesunloaded="0" anonymousclassesunloaded="0" quiescems="0.000" setupms="0.009" scanms="0.000" postms="0.000" />
</gc-op>
<heap-resize id="4449" type="expand" space="default" amount="10485760" count="1" timems="0.093" reason="excessive time being spent in gc" timestamp="2019-08-08T19:54:29.556" />
<gc-end id="4450" type="partial gc" contextid="4444" durationms="12.742" usertimems="34.591" systemtimems="8.261" timestamp="2019-08-08T19:54:29.556" activeThreads="16">
  <mem-info id="4451" free="276824064" total="461373440" percent="60">
    <mem type="eden" free="3074536" total="4194304" percent="73" />
    <remembered-set count="51008" freebytes="18240768" totalbytes="18444800" percent="98" regionsoverflowed="0" regionsstable="8" regionsrebuilding="0"/>
  </mem-info>
</gc-end>
<cycle-end id="4452" type="partial gc" contextid="4444" timestamp="2019-08-08T19:54:29.556" />
  <attribute name="elasticGC enabled" value="1" />
  <attribute name= "numThreadsSpecified" value="16" />
  <attribute name="heapSize specified" value="0" />
  <attribute name="Current GC Util" value="123" />
  <attribute name= "Current Time Running" value="110426" />
  <attribute name ="GC Interval" value="0" />
  <attribute name="Target GC Util Change" value ="80.000000" />
  <attribute name="Current GC Util Change" value="123.000000"/>
  <attribute name="Current Error" value="-43.000000" />
  <attribute name="Output H" value="450963312"/>
  <attribute name="Output I" value="1936"/>
  <attribute name="Output T" value="16"/>
  <attribute name= "Current Time Running" value="110426" />
  <attribute name="GC Util currently" value="123" />
  <attribute name="CPU Util currently" value="1407381653321" />
<exclusive-end id="4453" timestamp="2019-08-08T19:54:29.556" durationms="13.227" />

<exclusive-start id="4454" timestamp="2019-08-08T19:54:29.605" intervalms="61.812">
  <response-info timems="0.323" idlems="0.323" threads="0" lastid="000000000226EF00" lastname="Thread-28" />
</exclusive-start>
<allocation-taxation id="4455" taxation-threshold="121634816" timestamp="2019-08-08T19:54:29.605" intervalms="61.792" />
<cycle-start id="4456" type="partial gc" contextid="0" timestamp="2019-08-08T19:54:29.605" intervalms="61.796" />
<gc-start id="4457" type="partial gc" contextid="4456" timestamp="2019-08-08T19:54:29.605">
  <mem-info id="4458" free="155189248" total="461373440" percent="33">
    <mem type="eden" free="0" total="121634816" percent="0" />
    <remembered-set count="50592" freebytes="18242432" totalbytes="18444800" percent="98" regionsoverflowed="0" regionsstable="8" regionsrebuilding="0"/>
  </mem-info>
</gc-start>
<allocation-stats totalBytes="121615256" >
  <allocated-bytes non-tlh="0" tlh="121615256" arrayletleaf="0"/>
  <largest-consumer threadName="Thread-23" threadId="0000000002290A00" bytes="11106768" />
</allocation-stats>
<gc-op id="4459" type="copy forward" timems="11.900" contextid="4456" timestamp="2019-08-08T19:54:29.618">
  <memory-copied type="eden" objects="25356" bytes="890936" bytesdiscarded="89608" />
  <memory-copied type="other" objects="78606" bytes="3397680" bytesdiscarded="225312" />
  <memory-cardclean objects="17693" bytes="901584" />
  <regions eden="58" other="7" />
  <remembered-set-cleared processed="27745" cleared="5018" durationms="0.676" />
  <stringconstants candidates="15092" cleared="0"  />
</gc-op>
<gc-op id="4460" type="classunload" timems="0.010" contextid="4456" timestamp="2019-08-08T19:54:29.618">
  <classunload-info classloadercandidates="55" classloadersunloaded="0" classesunloaded="0" anonymousclassesunloaded="0" quiescems="0.000" setupms="0.010" scanms="0.000" postms="0.000" />
</gc-op>
<gc-end id="4461" type="partial gc" contextid="4456" durationms="13.217" usertimems="29.713" systemtimems="9.355" timestamp="2019-08-08T19:54:29.619" activeThreads="16">
  <mem-info id="4462" free="276824064" total="461373440" percent="60">
    <mem type="eden" free="1116608" total="2097152" percent="53" />
    <remembered-set count="50688" freebytes="18242048" totalbytes="18444800" percent="98" regionsoverflowed="0" regionsstable="8" regionsrebuilding="0"/>
  </mem-info>
</gc-end>
<cycle-end id="4463" type="partial gc" contextid="4456" timestamp="2019-08-08T19:54:29.619" />
  <attribute name="elasticGC enabled" value="1" />
  <attribute name= "numThreadsSpecified" value="16" />
  <attribute name="heapSize specified" value="0" />
  <attribute name="Current GC Util" value="115" />
  <attribute name= "Current Time Running" value="110488" />
  <attribute name ="GC Interval" value="0" />
  <attribute name="Target GC Util Change" value ="80.000000" />
  <attribute name="Current GC Util Change" value="115.000000"/>
  <attribute name="Current Error" value="-66.000000" />
  <attribute name="Output H" value="461449048"/>
  <attribute name="Output I" value="1896"/>
  <attribute name="Output T" value="16"/>
  <attribute name= "Current Time Running" value="110488" />
  <attribute name="GC Util currently" value="115" />
  <attribute name="CPU Util currently" value="1650071446817" />
<exclusive-end id="4464" timestamp="2019-08-08T19:54:29.619" durationms="14.171" />

<exclusive-start id="4465" timestamp="2019-08-08T19:54:29.763" intervalms="158.444">
  <response-info timems="23.176" idlems="15.792" threads="1" lastid="0000000002281B00" lastname="Thread-36" />
</exclusive-start>
<allocation-taxation id="4466" taxation-threshold="121634816" timestamp="2019-08-08T19:54:29.764" intervalms="159.074" />
<cycle-start id="4467" type="partial gc" contextid="0" timestamp="2019-08-08T19:54:29.764" intervalms="159.295" />
<gc-start id="4468" type="partial gc" contextid="4467" timestamp="2019-08-08T19:54:29.764">
  <mem-info id="4469" free="155189248" total="461373440" percent="33">
    <mem type="eden" free="0" total="121634816" percent="0" />
    <remembered-set count="50208" freebytes="18243968" totalbytes="18444800" percent="98" regionsoverflowed="0" regionsstable="8" regionsrebuilding="0"/>
  </mem-info>
</gc-start>
<allocation-stats totalBytes="121614464" >
  <allocated-bytes non-tlh="0" tlh="121614464" arrayletleaf="0"/>
  <largest-consumer threadName="Thread-27" threadId="0000000002272B00" bytes="12060744" />
</allocation-stats>
<gc-op id="4470" type="copy forward" timems="9.334" contextid="4467" timestamp="2019-08-08T19:54:29.775">
  <memory-copied type="eden" objects="28113" bytes="1095400" bytesdiscarded="100928" />
  <memory-copied type="other" objects="71537" bytes="3090648" bytesdiscarded="185896" />
  <memory-cardclean objects="20035" bytes="1033416" />
  <regions eden="58" other="6" />
  <remembered-set-cleared processed="28684" cleared="5536" durationms="0.196" />
  <stringconstants candidates="15092" cleared="0"  />
</gc-op>
<gc-op id="4471" type="classunload" timems="0.012" contextid="4467" timestamp="2019-08-08T19:54:29.775">
  <classunload-info classloadercandidates="55" classloadersunloaded="0" classesunloaded="0" anonymousclassesunloaded="0" quiescems="0.000" setupms="0.012" scanms="0.000" postms="0.000" />
</gc-op>
<gc-end id="4472" type="partial gc" contextid="4467" durationms="10.840" usertimems="17.307" systemtimems="15.795" timestamp="2019-08-08T19:54:29.775" activeThreads="16">
  <mem-info id="4473" free="274726912" total="461373440" percent="59">
    <mem type="eden" free="900824" total="2097152" percent="42" />
    <remembered-set count="53632" freebytes="18230272" totalbytes="18444800" percent="98" regionsoverflowed="0" regionsstable="8" regionsrebuilding="0"/>
  </mem-info>
</gc-end>
<cycle-end id="4474" type="partial gc" contextid="4467" timestamp="2019-08-08T19:54:29.775" />
  <attribute name="elasticGC enabled" value="1" />
  <attribute name= "numThreadsSpecified" value="16" />
  <attribute name="heapSize specified" value="0" />
  <attribute name="Current GC Util" value="118" />
  <attribute name= "Current Time Running" value="110647" />
  <attribute name ="GC Interval" value="0" />
  <attribute name="Target GC Util Change" value ="80.000000" />
  <attribute name="Current GC Util Change" value="118.000000"/>
  <attribute name="Current Error" value="-48.000000" />
  <attribute name="Output H" value="461449072"/>
  <attribute name="Output I" value="1928"/>
  <attribute name="Output T" value="16"/>
  <attribute name= "Current Time Running" value="110647" />
  <attribute name="GC Util currently" value="118" />
  <attribute name="CPU Util currently" value="1482090829379" />
<exclusive-end id="4475" timestamp="2019-08-08T19:54:29.775" durationms="12.359" />

<exclusive-start id="4476" timestamp="2019-08-08T19:54:29.859" intervalms="96.403">
  <response-info timems="1.786" idlems="1.786" threads="0" lastid="00000000022A7200" lastname="Thread-24" />
</exclusive-start>
<allocation-taxation id="4477" taxation-threshold="121634816" timestamp="2019-08-08T19:54:29.859" intervalms="95.765" />
<cycle-start id="4478" type="partial gc" contextid="0" timestamp="2019-08-08T19:54:29.860" intervalms="95.671" />
<gc-start id="4479" type="partial gc" contextid="4478" timestamp="2019-08-08T19:54:29.860">
  <mem-info id="4480" free="153092096" total="461373440" percent="33">
    <mem type="eden" free="0" total="121634816" percent="0" />
    <remembered-set count="53632" freebytes="18230272" totalbytes="18444800" percent="98" regionsoverflowed="0" regionsstable="8" regionsrebuilding="0"/>
  </mem-info>
</gc-start>
<allocation-stats totalBytes="121614864" >
  <allocated-bytes non-tlh="0" tlh="121614864" arrayletleaf="0"/>
  <largest-consumer threadName="Thread-36" threadId="0000000002281B00" bytes="11630648" />
</allocation-stats>
<gc-op id="4481" type="copy forward" timems="10.560" contextid="4478" timestamp="2019-08-08T19:54:29.872">
  <memory-copied type="eden" objects="21595" bytes="800664" bytesdiscarded="72632" />
  <memory-copied type="other" objects="67135" bytes="2847624" bytesdiscarded="188624" />
  <memory-cardclean objects="25392" bytes="1317192" />
  <regions eden="58" other="6" />
  <remembered-set-cleared processed="30609" cleared="8175" durationms="0.214" />
  <stringconstants candidates="15092" cleared="0"  />
</gc-op>
<gc-op id="4482" type="classunload" timems="0.010" contextid="4478" timestamp="2019-08-08T19:54:29.872">
  <classunload-info classloadercandidates="55" classloadersunloaded="0" classesunloaded="0" anonymousclassesunloaded="0" quiescems="0.000" setupms="0.010" scanms="0.000" postms="0.000" />
</gc-op>
<gc-end id="4483" type="partial gc" contextid="4478" durationms="11.956" usertimems="27.622" systemtimems="8.630" timestamp="2019-08-08T19:54:29.872" activeThreads="16">
  <mem-info id="4484" free="272629760" total="461373440" percent="59">
    <mem type="eden" free="1223856" total="2097152" percent="58" />
    <remembered-set count="54656" freebytes="18226176" totalbytes="18444800" percent="98" regionsoverflowed="0" regionsstable="8" regionsrebuilding="0"/>
  </mem-info>
</gc-end>
<cycle-end id="4485" type="partial gc" contextid="4478" timestamp="2019-08-08T19:54:29.872" />
  <attribute name="elasticGC enabled" value="1" />
  <attribute name= "numThreadsSpecified" value="16" />
  <attribute name="heapSize specified" value="0" />
  <attribute name="Current GC Util" value="107" />
  <attribute name= "Current Time Running" value="110743" />
  <attribute name ="GC Interval" value="0" />
  <attribute name="Target GC Util Change" value ="80.000000" />
  <attribute name="Current GC Util Change" value="107.000000"/>
  <attribute name="Current Error" value="-27.000000" />
  <attribute name="Output H" value="461449096"/>
  <attribute name="Output I" value="1960"/>
  <attribute name="Output T" value="16"/>
  <attribute name= "Current Time Running" value="110743" />
  <attribute name="GC Util currently" value="107" />
  <attribute name="CPU Util currently" value="1594600147365" />
<exclusive-end id="4486" timestamp="2019-08-08T19:54:29.872" durationms="12.843" />

<exclusive-start id="4487" timestamp="2019-08-08T19:54:29.931" intervalms="71.455">
  <response-info timems="0.829" idlems="0.235" threads="3" lastid="00000000022A3600" lastname="Thread-29" />
</exclusive-start>
<allocation-taxation id="4488" taxation-threshold="121634816" timestamp="2019-08-08T19:54:29.931" intervalms="71.469" />
<cycle-start id="4489" type="partial gc" contextid="0" timestamp="2019-08-08T19:54:29.932" intervalms="72.786" />
<gc-start id="4490" type="partial gc" contextid="4489" timestamp="2019-08-08T19:54:29.933">
  <mem-info id="4491" free="150994944" total="461373440" percent="32">
    <mem type="eden" free="0" total="121634816" percent="0" />
    <remembered-set count="54400" freebytes="18227200" totalbytes="18444800" percent="98" regionsoverflowed="0" regionsstable="8" regionsrebuilding="0"/>
  </mem-info>
</gc-start>
<allocation-stats totalBytes="121614752" >
  <allocated-bytes non-tlh="0" tlh="121614752" arrayletleaf="0"/>
  <largest-consumer threadName="Thread-32" threadId="0000000002294600" bytes="11328056" />
</allocation-stats>
<gc-op id="4492" type="copy forward" timems="17.683" contextid="4489" timestamp="2019-08-08T19:54:29.952">
  <memory-copied type="eden" objects="22574" bytes="823936" bytesdiscarded="51376" />
  <memory-copied type="other" objects="88924" bytes="3786768" bytesdiscarded="330416" />
  <memory-cardclean objects="19015" bytes="969288" />
  <regions eden="58" other="6" />
  <remembered-set-cleared processed="28825" cleared="4997" durationms="2.673" />
  <stringconstants candidates="15092" cleared="0"  />
</gc-op>
<gc-op id="4493" type="classunload" timems="0.010" contextid="4489" timestamp="2019-08-08T19:54:29.952">
  <classunload-info classloadercandidates="55" classloadersunloaded="0" classesunloaded="0" anonymousclassesunloaded="0" quiescems="0.000" setupms="0.010" scanms="0.000" postms="0.000" />
</gc-op>
<gc-end id="4494" type="partial gc" contextid="4489" durationms="19.640" usertimems="41.460" systemtimems="12.390" timestamp="2019-08-08T19:54:29.952" activeThreads="16">
  <mem-info id="4495" free="268435456" total="461373440" percent="58">
    <mem type="eden" free="3318992" total="4194304" percent="79" />
    <remembered-set count="55456" freebytes="18222976" totalbytes="18444800" percent="98" regionsoverflowed="0" regionsstable="8" regionsrebuilding="0"/>
  </mem-info>
</gc-end>
<cycle-end id="4496" type="partial gc" contextid="4489" timestamp="2019-08-08T19:54:29.952" />
  <attribute name="elasticGC enabled" value="1" />
  <attribute name= "numThreadsSpecified" value="16" />
  <attribute name="heapSize specified" value="0" />
  <attribute name="Current GC Util" value="129" />
  <attribute name= "Current Time Running" value="110816" />
  <attribute name ="GC Interval" value="0" />
  <attribute name="Target GC Util Change" value ="80.000000" />
  <attribute name="Current GC Util Change" value="129.000000"/>
  <attribute name="Current Error" value="-45.000000" />
  <attribute name="Output H" value="461449072"/>
  <attribute name="Output I" value="1928"/>
  <attribute name="Output T" value="16"/>
  <attribute name= "Current Time Running" value="110816" />
  <attribute name="GC Util currently" value="129" />
  <attribute name="CPU Util currently" value="845889065725" />
<exclusive-end id="4497" timestamp="2019-08-08T19:54:29.953" durationms="21.719" />

<exclusive-start id="4498" timestamp="2019-08-08T19:54:30.041" intervalms="109.893">
  <response-info timems="3.175" idlems="3.175" threads="0" lastid="00000000022A3600" lastname="Thread-29" />
</exclusive-start>
<allocation-taxation id="4499" taxation-threshold="121634816" timestamp="2019-08-08T19:54:30.041" intervalms="109.900" />
<cycle-start id="4500" type="partial gc" contextid="0" timestamp="2019-08-08T19:54:30.041" intervalms="108.482" />
<gc-start id="4501" type="partial gc" contextid="4500" timestamp="2019-08-08T19:54:30.041">
  <mem-info id="4502" free="146800640" total="461373440" percent="31">
    <mem type="eden" free="0" total="121634816" percent="0" />
    <remembered-set count="55104" freebytes="18224384" totalbytes="18444800" percent="98" regionsoverflowed="0" regionsstable="8" regionsrebuilding="0"/>
  </mem-info>
</gc-start>
<allocation-stats totalBytes="121614504" >
  <allocated-bytes non-tlh="0" tlh="121614504" arrayletleaf="0"/>
  <largest-consumer threadName="Thread-28" threadId="000000000226EF00" bytes="11991344" />
</allocation-stats>
<gc-op id="4503" type="copy forward" timems="10.126" contextid="4500" timestamp="2019-08-08T19:54:30.053">
  <memory-copied type="eden" objects="24144" bytes="861504" bytesdiscarded="51568" />
  <memory-copied type="other" objects="82081" bytes="3343704" bytesdiscarded="252648" />
  <memory-cardclean objects="19612" bytes="1020912" />
  <regions eden="58" other="7" />
  <remembered-set-cleared processed="29846" cleared="5948" durationms="0.641" />
  <stringconstants candidates="15092" cleared="0"  />
</gc-op>
<gc-op id="4504" type="classunload" timems="0.009" contextid="4500" timestamp="2019-08-08T19:54:30.053">
  <classunload-info classloadercandidates="55" classloadersunloaded="0" classesunloaded="0" anonymousclassesunloaded="0" quiescems="0.000" setupms="0.008" scanms="0.000" postms="0.000" />
</gc-op>
<heap-resize id="4505" type="expand" space="default" amount="20971520" count="1" timems="0.155" reason="excessive time being spent in gc" timestamp="2019-08-08T19:54:30.053" />
<gc-end id="4506" type="partial gc" contextid="4500" durationms="11.857" usertimems="21.370" systemtimems="12.396" timestamp="2019-08-08T19:54:30.053" activeThreads="16">
  <mem-info id="4507" free="289406976" total="482344960" percent="60">
    <mem type="eden" free="1184080" total="2097152" percent="56" />
    <remembered-set count="55552" freebytes="19060992" totalbytes="19283200" percent="98" regionsoverflowed="0" regionsstable="8" regionsrebuilding="0"/>
  </mem-info>
</gc-end>
<cycle-end id="4508" type="partial gc" contextid="4500" timestamp="2019-08-08T19:54:30.053" />
  <attribute name="elasticGC enabled" value="1" />
  <attribute name= "numThreadsSpecified" value="16" />
  <attribute name="heapSize specified" value="0" />
  <attribute name="Current GC Util" value="39" />
  <attribute name= "Current Time Running" value="110924" />
  <attribute name ="GC Interval" value="0" />
  <attribute name="Target GC Util Change" value ="80.000000" />
  <attribute name="Current GC Util Change" value="39.000000"/>
  <attribute name="Current Error" value="27.000000" />
  <attribute name="Output H" value="461449152"/>
  <attribute name="Output I" value="2056"/>
  <attribute name="Output T" value="16"/>
  <attribute name= "Current Time Running" value="110924" />
  <attribute name="GC Util currently" value="39" />
  <attribute name="CPU Util currently" value="1215886080247" />
<exclusive-end id="4509" timestamp="2019-08-08T19:54:30.053" durationms="12.452" />

<exclusive-start id="4510" timestamp="2019-08-08T19:54:30.164" intervalms="123.345">
  <response-info timems="3.515" idlems="3.176" threads="2" lastid="000000000227DF00" lastname="Thread-25" />
</exclusive-start>
<allocation-taxation id="4511" taxation-threshold="127926272" timestamp="2019-08-08T19:54:30.164" intervalms="123.318" />
<cycle-start id="4512" type="partial gc" contextid="0" timestamp="2019-08-08T19:54:30.164" intervalms="123.486" />
<gc-start id="4513" type="partial gc" contextid="4512" timestamp="2019-08-08T19:54:30.165">
  <mem-info id="4514" free="161480704" total="482344960" percent="33">
    <mem type="eden" free="0" total="127926272" percent="0" />
    <remembered-set count="55392" freebytes="19061632" totalbytes="19283200" percent="98" regionsoverflowed="0" regionsstable="8" regionsrebuilding="0"/>
  </mem-info>
</gc-start>
<allocation-stats totalBytes="127904672" >
  <allocated-bytes non-tlh="0" tlh="127904672" arrayletleaf="0"/>
  <largest-consumer threadName="Thread-32" threadId="0000000002294600" bytes="12548160" />
</allocation-stats>
<gc-op id="4515" type="copy forward" timems="10.847" contextid="4512" timestamp="2019-08-08T19:54:30.177">
  <memory-copied type="eden" objects="56049" bytes="2313144" bytesdiscarded="178792" />
  <memory-copied type="other" objects="53260" bytes="2102496" bytesdiscarded="185432" />
  <memory-cardclean objects="26937" bytes="1374960" />
  <regions eden="61" other="6" />
  <remembered-set-cleared processed="31912" cleared="9005" durationms="0.353" />
  <stringconstants candidates="15092" cleared="0"  />
</gc-op>
<gc-op id="4516" type="classunload" timems="0.013" contextid="4512" timestamp="2019-08-08T19:54:30.177">
  <classunload-info classloadercandidates="55" classloadersunloaded="0" classesunloaded="0" anonymousclassesunloaded="0" quiescems="0.000" setupms="0.013" scanms="0.000" postms="0.000" />
</gc-op>
<heap-resize id="4517" type="expand" space="default" amount="16777216" count="1" timems="0.127" reason="excessive time being spent in gc" timestamp="2019-08-08T19:54:30.177" />
<gc-end id="4518" type="partial gc" contextid="4512" durationms="12.800" usertimems="21.581" systemtimems="17.690" timestamp="2019-08-08T19:54:30.177" activeThreads="16">
  <mem-info id="4519" free="299892736" total="499122176" percent="60">
    <mem type="eden" free="3799520" total="6291456" percent="60" />
    <remembered-set count="53696" freebytes="19739136" totalbytes="19953920" percent="98" regionsoverflowed="0" regionsstable="8" regionsrebuilding="0"/>
  </mem-info>
</gc-end>
<cycle-end id="4520" type="partial gc" contextid="4512" timestamp="2019-08-08T19:54:30.178" />
  <attribute name="elasticGC enabled" value="1" />
  <attribute name= "numThreadsSpecified" value="16" />
  <attribute name="heapSize specified" value="0" />
  <attribute name="Current GC Util" value="108" />
  <attribute name= "Current Time Running" value="111048" />
  <attribute name ="GC Interval" value="0" />
  <attribute name="Target GC Util Change" value ="80.000000" />
  <attribute name="Current GC Util Change" value="108.000000"/>
  <attribute name="Current Error" value="-28.000000" />
  <attribute name="Output H" value="482420608"/>
  <attribute name="Output I" value="1960"/>
  <attribute name="Output T" value="16"/>
  <attribute name= "Current Time Running" value="111048" />
  <attribute name="GC Util currently" value="108" />
  <attribute name="CPU Util currently" value="947281715446" />
<exclusive-end id="4521" timestamp="2019-08-08T19:54:30.178" durationms="13.633" />

<exclusive-start id="4522" timestamp="2019-08-08T19:54:30.317" intervalms="153.282">
  <response-info timems="6.845" idlems="6.845" threads="0" lastid="0000000002281B00" lastname="Thread-36" />
</exclusive-start>
<allocation-taxation id="4523" taxation-threshold="132120576" timestamp="2019-08-08T19:54:30.318" intervalms="153.406" />
<cycle-start id="4524" type="partial gc" contextid="0" timestamp="2019-08-08T19:54:30.318" intervalms="153.244" />
<gc-start id="4525" type="partial gc" contextid="4524" timestamp="2019-08-08T19:54:30.318">
  <mem-info id="4526" free="167772160" total="499122176" percent="33">
    <mem type="eden" free="0" total="132120576" percent="0" />
    <remembered-set count="53504" freebytes="19739904" totalbytes="19953920" percent="98" regionsoverflowed="0" regionsstable="8" regionsrebuilding="0"/>
  </mem-info>
</gc-start>
<allocation-stats totalBytes="132098112" >
  <allocated-bytes non-tlh="0" tlh="132098112" arrayletleaf="0"/>
  <largest-consumer threadName="Thread-30" threadId="000000000227A300" bytes="14644832" />
</allocation-stats>
<gc-op id="4527" type="copy forward" timems="10.550" contextid="4524" timestamp="2019-08-08T19:54:30.330">
  <memory-copied type="eden" objects="43313" bytes="1596344" bytesdiscarded="200824" />
  <memory-copied type="other" objects="64744" bytes="2790240" bytesdiscarded="260616" />
  <memory-cardclean objects="17752" bytes="919584" />
  <regions eden="63" other="8" />
  <remembered-set-cleared processed="30093" cleared="6560" durationms="0.188" />
  <stringconstants candidates="15092" cleared="0"  />
</gc-op>
<gc-op id="4528" type="classunload" timems="0.010" contextid="4524" timestamp="2019-08-08T19:54:30.330">
  <classunload-info classloadercandidates="55" classloadersunloaded="0" classesunloaded="0" anonymousclassesunloaded="0" quiescems="0.000" setupms="0.010" scanms="0.000" postms="0.000" />
</gc-op>
<gc-end id="4529" type="partial gc" contextid="4524" durationms="11.956" usertimems="24.668" systemtimems="12.832" timestamp="2019-08-08T19:54:30.330" activeThreads="16">
  <mem-info id="4530" free="299892736" total="499122176" percent="60">
    <mem type="eden" free="2397136" total="4194304" percent="57" />
    <remembered-set count="55456" freebytes="19732096" totalbytes="19953920" percent="98" regionsoverflowed="0" regionsstable="8" regionsrebuilding="0"/>
  </mem-info>
</gc-end>
<cycle-end id="4531" type="partial gc" contextid="4524" timestamp="2019-08-08T19:54:30.330" />
  <attribute name="elasticGC enabled" value="1" />
  <attribute name= "numThreadsSpecified" value="16" />
  <attribute name="heapSize specified" value="0" />
  <attribute name="Current GC Util" value="168" />
  <attribute name= "Current Time Running" value="111201" />
  <attribute name ="GC Interval" value="0" />
  <attribute name="Target GC Util Change" value ="80.000000" />
  <attribute name="Current GC Util Change" value="168.000000"/>
  <attribute name="Current Error" value="-61.000000" />
  <attribute name="Output H" value="499197792"/>
  <attribute name="Output I" value="1904"/>
  <attribute name="Output T" value="16"/>
  <attribute name= "Current Time Running" value="111201" />
  <attribute name="GC Util currently" value="168" />
  <attribute name="CPU Util currently" value="1304642171119" />
<exclusive-end id="4532" timestamp="2019-08-08T19:54:30.330" durationms="12.654" />

<exclusive-start id="4533" timestamp="2019-08-08T19:54:30.408" intervalms="90.704">
  <response-info timems="2.192" idlems="2.192" threads="0" lastid="0000000002294600" lastname="Thread-32" />
</exclusive-start>
<allocation-taxation id="4534" taxation-threshold="132120576" timestamp="2019-08-08T19:54:30.408" intervalms="90.600" />
<cycle-start id="4535" type="partial gc" contextid="0" timestamp="2019-08-08T19:54:30.408" intervalms="90.616" />
<gc-start id="4536" type="partial gc" contextid="4535" timestamp="2019-08-08T19:54:30.408">
  <mem-info id="4537" free="167772160" total="499122176" percent="33">
    <mem type="eden" free="0" total="132120576" percent="0" />
    <remembered-set count="55232" freebytes="19732992" totalbytes="19953920" percent="98" regionsoverflowed="0" regionsstable="8" regionsrebuilding="0"/>
  </mem-info>
</gc-start>
<allocation-stats totalBytes="132097824" >
  <allocated-bytes non-tlh="0" tlh="132097824" arrayletleaf="0"/>
  <largest-consumer threadName="Thread-36" threadId="0000000002281B00" bytes="13047424" />
</allocation-stats>
<gc-op id="4538" type="copy forward" timems="9.507" contextid="4535" timestamp="2019-08-08T19:54:30.419">
  <memory-copied type="eden" objects="71265" bytes="2956736" bytesdiscarded="187120" />
  <memory-copied type="other" objects="31047" bytes="1157256" bytesdiscarded="113072" />
  <memory-cardclean objects="22116" bytes="1150632" />
  <regions eden="63" other="7" />
  <remembered-set-cleared processed="29930" cleared="6333" durationms="0.210" />
  <stringconstants candidates="15092" cleared="0"  />
</gc-op>
<gc-op id="4539" type="classunload" timems="0.010" contextid="4535" timestamp="2019-08-08T19:54:30.419">
  <classunload-info classloadercandidates="55" classloadersunloaded="0" classesunloaded="0" anonymousclassesunloaded="0" quiescems="0.000" setupms="0.009" scanms="0.000" postms="0.000" />
</gc-op>
<gc-end id="4540" type="partial gc" contextid="4535" durationms="10.605" usertimems="23.699" systemtimems="10.408" timestamp="2019-08-08T19:54:30.419" activeThreads="16">
  <mem-info id="4541" free="295698432" total="499122176" percent="59">
    <mem type="eden" free="3147600" total="6291456" percent="50" />
    <remembered-set count="51648" freebytes="19747328" totalbytes="19953920" percent="98" regionsoverflowed="0" regionsstable="8" regionsrebuilding="0"/>
  </mem-info>
</gc-end>
<cycle-end id="4542" type="partial gc" contextid="4535" timestamp="2019-08-08T19:54:30.419" />
  <attribute name="elasticGC enabled" value="1" />
  <attribute name= "numThreadsSpecified" value="16" />
  <attribute name="heapSize specified" value="0" />
  <attribute name="Current GC Util" value="0" />
  <attribute name= "Current Time Running" value="111291" />
  <attribute name ="GC Interval" value="0" />
  <attribute name="Target GC Util Change" value ="80.000000" />
  <attribute name="Current GC Util Change" value="0.000000"/>
  <attribute name="Current Error" value="59.000000" />
  <attribute name="Output H" value="499197928"/>
  <attribute name="Output I" value="2120"/>
  <attribute name="Output T" value="16"/>
  <attribute name= "Current Time Running" value="111291" />
  <attribute name="GC Util currently" value="0" />
  <attribute name="CPU Util currently" value="2173211726244" />
<exclusive-end id="4543" timestamp="2019-08-08T19:54:30.419" durationms="11.192" />

<exclusive-start id="4544" timestamp="2019-08-08T19:54:30.510" intervalms="102.344">
  <response-info timems="6.258" idlems="6.258" threads="0" lastid="0000000002281B00" lastname="Thread-36" />
</exclusive-start>
<allocation-taxation id="4545" taxation-threshold="132120576" timestamp="2019-08-08T19:54:30.510" intervalms="102.356" />
<cycle-start id="4546" type="partial gc" contextid="0" timestamp="2019-08-08T19:54:30.511" intervalms="102.357" />
<gc-start id="4547" type="partial gc" contextid="4546" timestamp="2019-08-08T19:54:30.511">
  <mem-info id="4548" free="163577856" total="499122176" percent="32">
    <mem type="eden" free="0" total="132120576" percent="0" />
    <remembered-set count="51648" freebytes="19747328" totalbytes="19953920" percent="98" regionsoverflowed="0" regionsstable="8" regionsrebuilding="0"/>
  </mem-info>
</gc-start>
<allocation-stats totalBytes="132097344" >
  <allocated-bytes non-tlh="0" tlh="132097344" arrayletleaf="0"/>
  <largest-consumer threadName="Thread-25" threadId="000000000227DF00" bytes="12949224" />
</allocation-stats>
<gc-op id="4549" type="copy forward" timems="12.029" contextid="4546" timestamp="2019-08-08T19:54:30.524">
  <memory-copied type="eden" objects="63485" bytes="2628992" bytesdiscarded="298136" />
  <memory-copied type="other" objects="56273" bytes="2449560" bytesdiscarded="131824" />
  <memory-cardclean objects="7082" bytes="350160" />
  <regions eden="63" other="8" />
  <remembered-set-cleared processed="28792" cleared="5123" durationms="0.281" />
  <stringconstants candidates="15092" cleared="0"  />
</gc-op>
<gc-op id="4550" type="classunload" timems="0.030" contextid="4546" timestamp="2019-08-08T19:54:30.524">
  <classunload-info classloadercandidates="55" classloadersunloaded="0" classesunloaded="0" anonymousclassesunloaded="0" quiescems="0.000" setupms="0.030" scanms="0.000" postms="0.000" />
</gc-op>
<gc-end id="4551" type="partial gc" contextid="4546" durationms="13.177" usertimems="21.138" systemtimems="22.488" timestamp="2019-08-08T19:54:30.524" activeThreads="16">
  <mem-info id="4552" free="295698432" total="499122176" percent="59">
    <mem type="eden" free="1267176" total="4194304" percent="30" />
    <remembered-set count="48640" freebytes="19759360" totalbytes="19953920" percent="99" regionsoverflowed="0" regionsstable="8" regionsrebuilding="0"/>
  </mem-info>
</gc-end>
<cycle-end id="4553" type="partial gc" contextid="4546" timestamp="2019-08-08T19:54:30.524" />
  <attribute name="elasticGC enabled" value="1" />
  <attribute name= "numThreadsSpecified" value="16" />
  <attribute name="heapSize specified" value="0" />
  <attribute name="Current GC Util" value="184" />
  <attribute name= "Current Time Running" value="111393" />
  <attribute name ="GC Interval" value="0" />
  <attribute name="Target GC Util Change" value ="80.000000" />
  <attribute name="Current GC Util Change" value="184.000000"/>
  <attribute name="Current Error" value="-104.000000" />
  <attribute name="Output H" value="499197736"/>
  <attribute name="Output I" value="1824"/>
  <attribute name="Output T" value="16"/>
  <attribute name= "Current Time Running" value="111393" />
  <attribute name="GC Util currently" value="184" />
  <attribute name="CPU Util currently" value="2263088568101" />
<exclusive-end id="4554" timestamp="2019-08-08T19:54:30.524" durationms="13.773" />

<exclusive-start id="4555" timestamp="2019-08-08T19:54:30.600" intervalms="89.146">
  <response-info timems="0.966" idlems="0.966" threads="0" lastid="0000000002290A00" lastname="Thread-23" />
</exclusive-start>
<allocation-taxation id="4556" taxation-threshold="132120576" timestamp="2019-08-08T19:54:30.600" intervalms="89.124" />
<cycle-start id="4557" type="partial gc" contextid="0" timestamp="2019-08-08T19:54:30.600" intervalms="89.634" />
<gc-start id="4558" type="partial gc" contextid="4557" timestamp="2019-08-08T19:54:30.600">
  <mem-info id="4559" free="163577856" total="499122176" percent="32">
    <mem type="eden" free="0" total="132120576" percent="0" />
    <remembered-set count="48416" freebytes="19760256" totalbytes="19953920" percent="99" regionsoverflowed="0" regionsstable="8" regionsrebuilding="0"/>
  </mem-info>
</gc-start>
<allocation-stats totalBytes="132097392" >
  <allocated-bytes non-tlh="0" tlh="132097392" arrayletleaf="0"/>
  <largest-consumer threadName="Thread-23" threadId="0000000002290A00" bytes="12855152" />
</allocation-stats>
<gc-op id="4560" type="copy forward" timems="9.712" contextid="4557" timestamp="2019-08-08T19:54:30.611">
  <memory-copied type="eden" objects="65432" bytes="2813008" bytesdiscarded="313560" />
  <memory-copied type="other" objects="28127" bytes="1224552" bytesdiscarded="82552" />
  <memory-cardclean objects="8563" bytes="478632" />
  <regions eden="63" other="5" />
  <remembered-set-cleared processed="28606" cleared="3815" durationms="0.585" />
  <stringconstants candidates="15092" cleared="0"  />
</gc-op>
<gc-op id="4561" type="classunload" timems="0.011" contextid="4557" timestamp="2019-08-08T19:54:30.611">
  <classunload-info classloadercandidates="55" classloadersunloaded="0" classesunloaded="0" anonymousclassesunloaded="0" quiescems="0.000" setupms="0.010" scanms="0.000" postms="0.000" />
</gc-op>
<heap-resize id="4562" type="expand" space="default" amount="14680064" count="1" timems="0.114" reason="excessive time being spent in gc" timestamp="2019-08-08T19:54:30.611" />
<gc-end id="4563" type="partial gc" contextid="4557" durationms="11.138" usertimems="31.252" systemtimems="1.938" timestamp="2019-08-08T19:54:30.612" activeThreads="16">
  <mem-info id="4564" free="308281344" total="513802240" percent="60">
    <mem type="eden" free="1067736" total="4194304" percent="25" />
    <remembered-set count="46688" freebytes="20354048" totalbytes="20540800" percent="99" regionsoverflowed="0" regionsstable="8" regionsrebuilding="0"/>
  </mem-info>
</gc-end>
<cycle-end id="4565" type="partial gc" contextid="4557" timestamp="2019-08-08T19:54:30.612" />
  <attribute name="elasticGC enabled" value="1" />
  <attribute name= "numThreadsSpecified" value="16" />
  <attribute name="heapSize specified" value="0" />
  <attribute name="Current GC Util" value="128" />
  <attribute name= "Current Time Running" value="111483" />
  <attribute name ="GC Interval" value="0" />
  <attribute name="Target GC Util Change" value ="80.000000" />
  <attribute name="Current GC Util Change" value="128.000000"/>
  <attribute name="Current Error" value="-120.000000" />
  <attribute name="Output H" value="499197720"/>
  <attribute name="Output I" value="1800"/>
  <attribute name="Output T" value="16"/>
  <attribute name= "Current Time Running" value="111483" />
  <attribute name="GC Util currently" value="128" />
  <attribute name="CPU Util currently" value="1965926313477" />
<exclusive-end id="4566" timestamp="2019-08-08T19:54:30.612" durationms="12.183" />

<exclusive-start id="4567" timestamp="2019-08-08T19:54:30.738" intervalms="137.962">
  <response-info timems="2.325" idlems="1.179" threads="1" lastid="000000000227A300" lastname="Thread-30" />
</exclusive-start>
<allocation-taxation id="4568" taxation-threshold="134217728" timestamp="2019-08-08T19:54:30.738" intervalms="137.982" />
<cycle-start id="4569" type="partial gc" contextid="0" timestamp="2019-08-08T19:54:30.738" intervalms="137.650" />
<gc-start id="4570" type="partial gc" contextid="4569" timestamp="2019-08-08T19:54:30.738">
  <mem-info id="4571" free="174063616" total="513802240" percent="33">
    <mem type="eden" free="0" total="134217728" percent="0" />
    <remembered-set count="46304" freebytes="20355584" totalbytes="20540800" percent="99" regionsoverflowed="0" regionsstable="8" regionsrebuilding="0"/>
  </mem-info>
</gc-start>
<allocation-stats totalBytes="134193856" >
  <allocated-bytes non-tlh="0" tlh="134193856" arrayletleaf="0"/>
  <largest-consumer threadName="Thread-26" threadId="00000000022B6100" bytes="13473416" />
</allocation-stats>
<gc-op id="4572" type="copy forward" timems="9.288" contextid="4569" timestamp="2019-08-08T19:54:30.748">
  <memory-copied type="eden" objects="59785" bytes="2539256" bytesdiscarded="293960" />
  <memory-copied type="other" objects="47705" bytes="2243928" bytesdiscarded="95368" />
  <memory-cardclean objects="5508" bytes="270696" />
  <regions eden="64" other="6" />
  <remembered-set-cleared processed="27186" cleared="4505" durationms="0.268" />
  <stringconstants candidates="15092" cleared="0"  />
</gc-op>
<gc-op id="4573" type="classunload" timems="0.010" contextid="4569" timestamp="2019-08-08T19:54:30.749">
  <classunload-info classloadercandidates="55" classloadersunloaded="0" classesunloaded="0" anonymousclassesunloaded="0" quiescems="0.000" setupms="0.010" scanms="0.000" postms="0.000" />
</gc-op>
<gc-end id="4574" type="partial gc" contextid="4569" durationms="10.568" usertimems="23.625" systemtimems="10.079" timestamp="2019-08-08T19:54:30.749" activeThreads="16">
  <mem-info id="4575" free="304087040" total="513802240" percent="59">
    <mem type="eden" free="3458240" total="6291456" percent="54" />
    <remembered-set count="46368" freebytes="20355328" totalbytes="20540800" percent="99" regionsoverflowed="0" regionsstable="8" regionsrebuilding="0"/>
  </mem-info>
</gc-end>
<cycle-end id="4576" type="partial gc" contextid="4569" timestamp="2019-08-08T19:54:30.749" />
  <attribute name="elasticGC enabled" value="1" />
  <attribute name= "numThreadsSpecified" value="16" />
  <attribute name="heapSize specified" value="0" />
  <attribute name="Current GC Util" value="145" />
  <attribute name= "Current Time Running" value="111621" />
  <attribute name ="GC Interval" value="0" />
  <attribute name="Target GC Util Change" value ="80.000000" />
  <attribute name="Current GC Util Change" value="145.000000"/>
  <attribute name="Current Error" value="-128.000000" />
  <attribute name="Output H" value="513877776"/>
  <attribute name="Output I" value="1784"/>
  <attribute name="Output T" value="16"/>
  <attribute name= "Current Time Running" value="111621" />
  <attribute name="GC Util currently" value="145" />
  <attribute name="CPU Util currently" value="1719849004240" />
<exclusive-end id="4577" timestamp="2019-08-08T19:54:30.749" durationms="11.498" />

<exclusive-start id="4578" timestamp="2019-08-08T19:54:30.842" intervalms="104.168">
  <response-info timems="12.571" idlems="12.571" threads="0" lastid="0000000002272B00" lastname="Thread-27" />
</exclusive-start>
<allocation-taxation id="4579" taxation-threshold="134217728" timestamp="2019-08-08T19:54:30.842" intervalms="104.840" />
<cycle-start id="4580" type="partial gc" contextid="0" timestamp="2019-08-08T19:54:30.843" intervalms="105.050" />
<gc-start id="4581" type="partial gc" contextid="4580" timestamp="2019-08-08T19:54:30.843">
  <mem-info id="4582" free="169869312" total="513802240" percent="33">
    <mem type="eden" free="0" total="134217728" percent="0" />
    <remembered-set count="45952" freebytes="20356992" totalbytes="20540800" percent="99" regionsoverflowed="0" regionsstable="8" regionsrebuilding="0"/>
  </mem-info>
</gc-start>
<allocation-stats totalBytes="134193296" >
  <allocated-bytes non-tlh="0" tlh="134193296" arrayletleaf="0"/>
  <largest-consumer threadName="Thread-30" threadId="000000000227A300" bytes="11372504" />
</allocation-stats>
<gc-op id="4583" type="copy forward" timems="11.215" contextid="4580" timestamp="2019-08-08T19:54:30.856">
  <memory-copied type="eden" objects="49688" bytes="1883464" bytesdiscarded="218704" />
  <memory-copied type="other" objects="48889" bytes="2276424" bytesdiscarded="138824" />
  <memory-cardclean objects="5974" bytes="327504" />
  <regions eden="64" other="8" />
  <remembered-set-cleared processed="25834" cleared="2481" durationms="0.230" />
  <stringconstants candidates="15092" cleared="0"  />
</gc-op>
<gc-op id="4584" type="classunload" timems="0.010" contextid="4580" timestamp="2019-08-08T19:54:30.856">
  <classunload-info classloadercandidates="55" classloadersunloaded="0" classesunloaded="0" anonymousclassesunloaded="0" quiescems="0.000" setupms="0.010" scanms="0.000" postms="0.000" />
</gc-op>
<gc-end id="4585" type="partial gc" contextid="4580" durationms="12.992" usertimems="21.646" systemtimems="14.353" timestamp="2019-08-08T19:54:30.856" activeThreads="16">
  <mem-info id="4586" free="304087040" total="513802240" percent="59">
    <mem type="eden" free="2092136" total="4194304" percent="49" />
    <remembered-set count="47808" freebytes="20349568" totalbytes="20540800" percent="99" regionsoverflowed="0" regionsstable="8" regionsrebuilding="0"/>
  </mem-info>
</gc-end>
<cycle-end id="4587" type="partial gc" contextid="4580" timestamp="2019-08-08T19:54:30.856" />
  <attribute name="elasticGC enabled" value="1" />
  <attribute name= "numThreadsSpecified" value="16" />
  <attribute name="heapSize specified" value="0" />
  <attribute name="Current GC Util" value="141" />
  <attribute name= "Current Time Running" value="111726" />
  <attribute name ="GC Interval" value="0" />
  <attribute name="Target GC Util Change" value ="80.000000" />
  <attribute name="Current GC Util Change" value="141.000000"/>
  <attribute name="Current Error" value="-61.000000" />
  <attribute name="Output H" value="513877856"/>
  <attribute name="Output I" value="1904"/>
  <attribute name="Output T" value="16"/>
  <attribute name= "Current Time Running" value="111726" />
  <attribute name="GC Util currently" value="141" />
  <attribute name="CPU Util currently" value="939763354250" />
<exclusive-end id="4588" timestamp="2019-08-08T19:54:30.856" durationms="14.752" />

<exclusive-start id="4589" timestamp="2019-08-08T19:54:30.951" intervalms="109.245">
  <response-info timems="1.817" idlems="1.002" threads="1" lastid="00000000022B9D00" lastname="Thread-22" />
</exclusive-start>
<allocation-taxation id="4590" taxation-threshold="134217728" timestamp="2019-08-08T19:54:30.951" intervalms="108.630" />
<cycle-start id="4591" type="partial gc" contextid="0" timestamp="2019-08-08T19:54:30.951" intervalms="108.290" />
<gc-start id="4592" type="partial gc" contextid="4591" timestamp="2019-08-08T19:54:30.951">
  <mem-info id="4593" free="169869312" total="513802240" percent="33">
    <mem type="eden" free="0" total="134217728" percent="0" />
    <remembered-set count="47424" freebytes="20351104" totalbytes="20540800" percent="99" regionsoverflowed="0" regionsstable="8" regionsrebuilding="0"/>
  </mem-info>
</gc-start>
<allocation-stats totalBytes="134193256" >
  <allocated-bytes non-tlh="0" tlh="134193256" arrayletleaf="0"/>
  <largest-consumer threadName="Thread-30" threadId="000000000227A300" bytes="14742896" />
</allocation-stats>
<gc-op id="4594" type="copy forward" timems="10.465" contextid="4591" timestamp="2019-08-08T19:54:30.965">
  <memory-copied type="eden" objects="52153" bytes="2081072" bytesdiscarded="159280" />
  <memory-copied type="other" objects="64365" bytes="2918520" bytesdiscarded="183160" />
  <memory-cardclean objects="90" bytes="7056" />
  <regions eden="64" other="7" />
  <remembered-set-cleared processed="26146" cleared="3152" durationms="0.999" />
  <stringconstants candidates="15092" cleared="0"  />
</gc-op>
<gc-op id="4595" type="classunload" timems="0.009" contextid="4591" timestamp="2019-08-08T19:54:30.965">
  <classunload-info classloadercandidates="55" classloadersunloaded="0" classesunloaded="0" anonymousclassesunloaded="0" quiescems="0.000" setupms="0.009" scanms="0.000" postms="0.000" />
</gc-op>
<gc-end id="4596" type="partial gc" contextid="4591" durationms="13.535" usertimems="27.429" systemtimems="11.392" timestamp="2019-08-08T19:54:30.965" activeThreads="16">
  <mem-info id="4597" free="301989888" total="513802240" percent="58">
    <mem type="eden" free="1953952" total="4194304" percent="46" />
    <remembered-set count="49184" freebytes="20344064" totalbytes="20540800" percent="99" regionsoverflowed="0" regionsstable="8" regionsrebuilding="0"/>
  </mem-info>
</gc-end>
<cycle-end id="4598" type="partial gc" contextid="4591" timestamp="2019-08-08T19:54:30.965" />
  <attribute name="elasticGC enabled" value="1" />
  <attribute name= "numThreadsSpecified" value="16" />
  <attribute name="heapSize specified" value="0" />
  <attribute name="Current GC Util" value="96" />
  <attribute name= "Current Time Running" value="111836" />
  <attribute name ="GC Interval" value="0" />
  <attribute name="Target GC Util Change" value ="80.000000" />
  <attribute name="Current GC Util Change" value="96.000000"/>
  <attribute name="Current Error" value="-29.000000" />
  <attribute name="Output H" value="513877888"/>
  <attribute name="Output I" value="1960"/>
  <attribute name="Output T" value="16"/>
  <attribute name= "Current Time Running" value="111836" />
  <attribute name="GC Util currently" value="96" />
  <attribute name="CPU Util currently" value="886745305899" />
<exclusive-end id="4599" timestamp="2019-08-08T19:54:30.965" durationms="14.296" />

<exclusive-start id="4600" timestamp="2019-08-08T19:54:31.093" intervalms="141.873">
  <response-info timems="6.417" idlems="6.417" threads="0" lastid="0000000002281B00" lastname="Thread-36" />
</exclusive-start>
<allocation-taxation id="4601" taxation-threshold="134217728" timestamp="2019-08-08T19:54:31.093" intervalms="141.806" />
<cycle-start id="4602" type="partial gc" contextid="0" timestamp="2019-08-08T19:54:31.093" intervalms="141.812" />
<gc-start id="4603" type="partial gc" contextid="4602" timestamp="2019-08-08T19:54:31.093">
  <mem-info id="4604" free="167772160" total="513802240" percent="32">
    <mem type="eden" free="0" total="134217728" percent="0" />
    <remembered-set count="49184" freebytes="20344064" totalbytes="20540800" percent="99" regionsoverflowed="0" regionsstable="8" regionsrebuilding="0"/>
  </mem-info>
</gc-start>
<allocation-stats totalBytes="134193184" >
  <allocated-bytes non-tlh="0" tlh="134193184" arrayletleaf="0"/>
  <largest-consumer threadName="Thread-36" threadId="0000000002281B00" bytes="15013328" />
</allocation-stats>
<gc-op id="4605" type="copy forward" timems="11.029" contextid="4602" timestamp="2019-08-08T19:54:31.105">
  <memory-copied type="eden" objects="33355" bytes="1354552" bytesdiscarded="142752" />
  <memory-copied type="other" objects="54085" bytes="2259672" bytesdiscarded="100672" />
  <memory-cardclean objects="8964" bytes="511152" />
  <regions eden="64" other="5" />
  <remembered-set-cleared processed="26716" cleared="2359" durationms="0.234" />
  <stringconstants candidates="15092" cleared="0"  />
</gc-op>
<gc-op id="4606" type="classunload" timems="0.013" contextid="4602" timestamp="2019-08-08T19:54:31.105">
  <classunload-info classloadercandidates="55" classloadersunloaded="0" classesunloaded="0" anonymousclassesunloaded="0" quiescems="0.000" setupms="0.013" scanms="0.000" postms="0.000" />
</gc-op>
<gc-end id="4607" type="partial gc" contextid="4602" durationms="12.246" usertimems="25.670" systemtimems="9.449" timestamp="2019-08-08T19:54:31.105" activeThreads="16">
  <mem-info id="4608" free="301989888" total="513802240" percent="58">
    <mem type="eden" free="599848" total="2097152" percent="28" />
    <remembered-set count="48896" freebytes="20345216" totalbytes="20540800" percent="99" regionsoverflowed="0" regionsstable="8" regionsrebuilding="0"/>
  </mem-info>
</gc-end>
<cycle-end id="4609" type="partial gc" contextid="4602" timestamp="2019-08-08T19:54:31.106" />
  <attribute name="elasticGC enabled" value="1" />
  <attribute name= "numThreadsSpecified" value="16" />
  <attribute name="heapSize specified" value="0" />
  <attribute name="Current GC Util" value="183" />
  <attribute name= "Current Time Running" value="111976" />
  <attribute name ="GC Interval" value="0" />
  <attribute name="Target GC Util Change" value ="80.000000" />
  <attribute name="Current GC Util Change" value="183.000000"/>
  <attribute name="Current Error" value="-79.000000" />
  <attribute name="Output H" value="513877832"/>
  <attribute name="Output I" value="1872"/>
  <attribute name="Output T" value="16"/>
  <attribute name= "Current Time Running" value="111976" />
  <attribute name="GC Util currently" value="183" />
  <attribute name="CPU Util currently" value="1626380214493" />
<exclusive-end id="4610" timestamp="2019-08-08T19:54:31.106" durationms="12.895" />

<exclusive-start id="4611" timestamp="2019-08-08T19:54:31.220" intervalms="127.600">
  <response-info timems="3.823" idlems="3.823" threads="0" lastid="000000000226EF00" lastname="Thread-28" />
</exclusive-start>
<allocation-taxation id="4612" taxation-threshold="134217728" timestamp="2019-08-08T19:54:31.220" intervalms="127.582" />
<cycle-start id="4613" type="partial gc" contextid="0" timestamp="2019-08-08T19:54:31.220" intervalms="127.476" />
<gc-start id="4614" type="partial gc" contextid="4613" timestamp="2019-08-08T19:54:31.221">
  <mem-info id="4615" free="167772160" total="513802240" percent="32">
    <mem type="eden" free="0" total="134217728" percent="0" />
    <remembered-set count="48576" freebytes="20346496" totalbytes="20540800" percent="99" regionsoverflowed="0" regionsstable="8" regionsrebuilding="0"/>
  </mem-info>
</gc-start>
<allocation-stats totalBytes="134193848" >
  <allocated-bytes non-tlh="0" tlh="134193848" arrayletleaf="0"/>
  <largest-consumer threadName="Thread-36" threadId="0000000002281B00" bytes="14792216" />
</allocation-stats>
<gc-op id="4616" type="copy forward" timems="10.091" contextid="4613" timestamp="2019-08-08T19:54:31.232">
  <memory-copied type="eden" objects="50095" bytes="2031104" bytesdiscarded="125696" />
  <memory-copied type="other" objects="43560" bytes="1736400" bytesdiscarded="180928" />
  <memory-cardclean objects="15841" bytes="828024" />
  <regions eden="64" other="3" />
  <remembered-set-cleared processed="27596" cleared="2354" durationms="0.190" />
  <stringconstants candidates="15092" cleared="0"  />
</gc-op>
<gc-op id="4617" type="classunload" timems="0.009" contextid="4613" timestamp="2019-08-08T19:54:31.232">
  <classunload-info classloadercandidates="55" classloadersunloaded="0" classesunloaded="0" anonymousclassesunloaded="0" quiescems="0.000" setupms="0.009" scanms="0.000" postms="0.000" />
</gc-op>
<gc-end id="4618" type="partial gc" contextid="4613" durationms="11.163" usertimems="24.956" systemtimems="13.234" timestamp="2019-08-08T19:54:31.232" activeThreads="16">
  <mem-info id="4619" free="295698432" total="513802240" percent="57">
    <mem type="eden" free="4134656" total="6291456" percent="65" />
    <remembered-set count="51104" freebytes="20336384" totalbytes="20540800" percent="99" regionsoverflowed="0" regionsstable="8" regionsrebuilding="0"/>
  </mem-info>
</gc-end>
<cycle-end id="4620" type="partial gc" contextid="4613" timestamp="2019-08-08T19:54:31.232" />
  <attribute name="elasticGC enabled" value="1" />
  <attribute name= "numThreadsSpecified" value="16" />
  <attribute name="heapSize specified" value="0" />
  <attribute name="Current GC Util" value="0" />
  <attribute name= "Current Time Running" value="112103" />
  <attribute name ="GC Interval" value="0" />
  <attribute name="Target GC Util Change" value ="80.000000" />
  <attribute name="Current GC Util Change" value="0.000000"/>
  <attribute name="Current Error" value="80.000000" />
  <attribute name="Output H" value="513878016"/>
  <attribute name="Output I" value="2152"/>
  <attribute name="Output T" value="16"/>
  <attribute name= "Current Time Running" value="112103" />
  <attribute name="GC Util currently" value="0" />
  <attribute name="CPU Util currently" value="2955246412780" />
<exclusive-end id="4621" timestamp="2019-08-08T19:54:31.232" durationms="11.685" />

<exclusive-start id="4622" timestamp="2019-08-08T19:54:31.379" intervalms="159.027">
  <response-info timems="0.034" idlems="0.034" threads="0" lastid="00000000022A3600" lastname="Thread-29" />
</exclusive-start>
<allocation-taxation id="4623" taxation-threshold="134217728" timestamp="2019-08-08T19:54:31.379" intervalms="159.026" />
<cycle-start id="4624" type="partial gc" contextid="0" timestamp="2019-08-08T19:54:31.380" intervalms="159.041" />
<gc-start id="4625" type="partial gc" contextid="4624" timestamp="2019-08-08T19:54:31.380">
  <mem-info id="4626" free="161480704" total="513802240" percent="31">
    <mem type="eden" free="0" total="134217728" percent="0" />
    <remembered-set count="50784" freebytes="20337664" totalbytes="20540800" percent="99" regionsoverflowed="0" regionsstable="8" regionsrebuilding="0"/>
  </mem-info>
</gc-start>
<allocation-stats totalBytes="134194520" >
  <allocated-bytes non-tlh="0" tlh="134194520" arrayletleaf="0"/>
  <largest-consumer threadName="Thread-31" threadId="000000000228CE00" bytes="14694160" />
</allocation-stats>
<gc-op id="4627" type="copy forward" timems="16.777" contextid="4624" timestamp="2019-08-08T19:54:31.398">
  <memory-copied type="eden" objects="3318" bytes="80640" bytesdiscarded="59520" />
  <memory-copied type="other" objects="23737" bytes="981816" bytesdiscarded="95064" />
  <memory-cardclean objects="4803" bytes="236784" />
  <regions eden="64" other="9" />
  <remembered-set-cleared processed="27423" cleared="4428" durationms="0.239" />
  <stringconstants candidates="15092" cleared="0"  />
</gc-op>
<gc-op id="4628" type="classunload" timems="0.013" contextid="4624" timestamp="2019-08-08T19:54:31.398">
  <classunload-info classloadercandidates="55" classloadersunloaded="0" classesunloaded="0" anonymousclassesunloaded="0" quiescems="0.000" setupms="0.013" scanms="0.000" postms="0.000" />
</gc-op>
<gc-end id="4629" type="partial gc" contextid="4624" durationms="17.923" usertimems="20.776" systemtimems="19.606" timestamp="2019-08-08T19:54:31.398" activeThreads="16">
  <mem-info id="4630" free="297795584" total="513802240" percent="57">
    <mem type="eden" free="1956992" total="2097152" percent="93" />
    <remembered-set count="44576" freebytes="20362496" totalbytes="20540800" percent="99" regionsoverflowed="0" regionsstable="8" regionsrebuilding="0"/>
  </mem-info>
</gc-end>
<cycle-end id="4631" type="partial gc" contextid="4624" timestamp="2019-08-08T19:54:31.398" />
  <attribute name="elasticGC enabled" value="1" />
  <attribute name= "numThreadsSpecified" value="16" />
  <attribute name="heapSize specified" value="0" />
  <attribute name="Current GC Util" value="160" />
  <attribute name= "Current Time Running" value="112262" />
  <attribute name ="GC Interval" value="0" />
  <attribute name="Target GC Util Change" value ="80.000000" />
  <attribute name="Current GC Util Change" value="160.000000"/>
  <attribute name="Current Error" value="56.000000" />
  <attribute name="Output H" value="513877984"/>
  <attribute name="Output I" value="2112"/>
  <attribute name="Output T" value="16"/>
  <attribute name= "Current Time Running" value="112262" />
  <attribute name="GC Util currently" value="160" />
  <attribute name="CPU Util currently" value="2097899077502" />
<exclusive-end id="4632" timestamp="2019-08-08T19:54:31.398" durationms="18.685" />

===== DaCapo 9.12-MR1 sunflow PASSED in 8811 msec =====
Using scaled threading model. 16 processors detected, 16 threads used to drive the workload, in a possible range of [1,1000]
<exclusive-start id="4633" timestamp="2019-08-08T19:54:31.746" intervalms="366.877">
  <response-info timems="0.047" idlems="0.047" threads="0" lastid="0000000001F80F00" lastname="main" />
</exclusive-start>
<sys-start reason="explicit" id="4634" timestamp="2019-08-08T19:54:31.747" intervalms="9173.281" />
<cycle-start id="4635" type="global garbage collect" contextid="0" timestamp="2019-08-08T19:54:31.747" intervalms="9173.216" />
<gc-start id="4636" type="global garbage collect" contextid="4635" timestamp="2019-08-08T19:54:31.747">
  <mem-info id="4637" free="229301464" total="513802240" percent="44">
    <mem type="eden" free="711896" total="69206016" percent="1" />
    <remembered-set count="44576" freebytes="20362496" totalbytes="20540800" percent="99" regionsoverflowed="0" regionsstable="8" regionsrebuilding="0"/>
  </mem-info>
</gc-start>
<allocation-stats totalBytes="68442608" >
  <allocated-bytes non-tlh="632536" tlh="67810072" arrayletleaf="0"/>
  <largest-consumer threadName="main" threadId="0000000001F80F00" bytes="11365440" />
</allocation-stats>
<gc-op id="4638" type="global mark" timems="13.614" contextid="4635" timestamp="2019-08-08T19:54:31.761">
  <trace-info objectcount="637588" scancount="548621" scanbytes="14513180" />
  <finalization candidates="154" enqueued="1" />
  <ownableSynchronizers candidates="23" cleared="0" />
  <references type="soft" candidates="3693" cleared="0" enqueued="0" dynamicThreshold="18" maxThreshold="32" />
  <references type="weak" candidates="6386" cleared="93" enqueued="93" />
  <references type="phantom" candidates="888" cleared="10" enqueued="10" />
  <stringconstants candidates="16085" cleared="30"  />
</gc-op>
<gc-op id="4639" type="classunload" timems="0.016" contextid="4635" timestamp="2019-08-08T19:54:31.761">
  <classunload-info classloadercandidates="68" classloadersunloaded="0" classesunloaded="0" anonymousclassesunloaded="0" quiescems="0.000" setupms="0.016" scanms="0.000" postms="0.000" />
</gc-op>
<gc-op id="4640" type="sweep" timems="4.152" contextid="4635" timestamp="2019-08-08T19:54:31.765" />
<gc-op id="4641" type="compact" timems="39.773" contextid="4635" timestamp="2019-08-08T19:54:31.805">
  <compact-info movecount="637585" movebytes="22779672" />
  <remembered-set-cleared processed="129608" cleared="129608" durationms="0.516" />
</gc-op>
<heap-resize id="4642" type="contract" space="default" amount="27262976" count="1" timems="0.169" reason="excess free space following gc" timestamp="2019-08-08T19:54:31.806" />
<gc-end id="4643" type="global garbage collect" contextid="4635" durationms="58.837" usertimems="203.805" systemtimems="0.000" timestamp="2019-08-08T19:54:31.806" activeThreads="16">
  <mem-info id="4644" free="461373440" total="486539264" percent="94">
    <pending-finalizers system="1" default="0" reference="103" classloader="0" />
    <remembered-set count="54784" freebytes="20321664" totalbytes="20540800" percent="98" regionsoverflowed="0" regionsstable="0" regionsrebuilding="0"/>
  </mem-info>
</gc-end>
<cycle-end id="4645" type="global garbage collect" contextid="4635" timestamp="2019-08-08T19:54:31.806" />
  <attribute name="elasticGC enabled" value="1" />
  <attribute name= "numThreadsSpecified" value="16" />
  <attribute name="heapSize specified" value="0" />
  <attribute name="Current GC Util" value="122" />
  <attribute name= "Current Time Running" value="112647" />
  <attribute name ="GC Interval" value="0" />
  <attribute name="Target GC Util Change" value ="80.000000" />
  <attribute name="Current GC Util Change" value="122.000000"/>
  <attribute name="Current Error" value="-337.000000" />
  <attribute name="Output H" value="513877536"/>
  <attribute name="Output I" value="1408"/>
  <attribute name="Output T" value="16"/>
  <attribute name= "Current Time Running" value="112647" />
  <attribute name="GC Util currently" value="122" />
  <attribute name="CPU Util currently" value="266609706588" />
<sys-end id="4646" timestamp="2019-08-08T19:54:31.806" />
<exclusive-end id="4647" timestamp="2019-08-08T19:54:31.806" durationms="59.787" />

===== DaCapo 9.12-MR1 xalan starting =====
<exclusive-start id="4648" timestamp="2019-08-08T19:54:32.287" intervalms="540.655">
  <response-info timems="1.141" idlems="0.253" threads="4" lastid="000000000226EF00" lastname="Thread-52" />
</exclusive-start>
<allocation-taxation id="4649" taxation-threshold="127926272" timestamp="2019-08-08T19:54:32.287" intervalms="907.528" />
<cycle-start id="4650" type="partial gc" contextid="0" timestamp="2019-08-08T19:54:32.287" intervalms="907.537" />
<gc-start id="4651" type="partial gc" contextid="4650" timestamp="2019-08-08T19:54:32.287">
  <mem-info id="4652" free="333447168" total="486539264" percent="68">
    <mem type="eden" free="0" total="127926272" percent="0" />
    <remembered-set count="54624" freebytes="20322304" totalbytes="20540800" percent="98" regionsoverflowed="0" regionsstable="0" regionsrebuilding="0"/>
  </mem-info>
</gc-start>
<allocation-stats totalBytes="127642808" >
  <allocated-bytes non-tlh="1266400" tlh="126376408" arrayletleaf="0"/>
  <largest-consumer threadName="Thread-41" threadId="00000000022AAD00" bytes="11755416" />
</allocation-stats>
<gc-op id="4653" type="copy forward" timems="16.019" contextid="4650" timestamp="2019-08-08T19:54:32.306">
  <memory-copied type="eden" objects="37439" bytes="4646664" bytesdiscarded="873544" />
  <memory-copied type="other" objects="0" bytes="0" bytesdiscarded="0" />
  <memory-cardclean objects="1996" bytes="153080" />
  <regions eden="61" other="0" />
  <remembered-set-cleared processed="50173" cleared="312" durationms="0.232" />
  <finalization candidates="6" enqueued="5" />
  <references type="soft" candidates="25" cleared="0" enqueued="0" dynamicThreshold="30" maxThreshold="32" />
  <references type="weak" candidates="89" cleared="0" enqueued="0" />
  <references type="phantom" candidates="25" cleared="0" enqueued="0" />
  <stringconstants candidates="16427" cleared="1"  />
</gc-op>
<gc-op id="4654" type="classunload" timems="0.498" contextid="4650" timestamp="2019-08-08T19:54:32.307">
  <classunload-info classloadercandidates="70" classloadersunloaded="1" classesunloaded="1" anonymousclassesunloaded="0" quiescems="0.000" setupms="0.469" scanms="0.024" postms="0.004" />
</gc-op>
<heap-resize id="4655" type="contract" space="default" amount="25165824" count="1" timems="0.147" reason="excess free space following gc" timestamp="2019-08-08T19:54:32.307" />
<gc-end id="4656" type="partial gc" contextid="4650" durationms="20.147" usertimems="25.131" systemtimems="24.004" timestamp="2019-08-08T19:54:32.307" activeThreads="16">
  <mem-info id="4657" free="429916160" total="461373440" percent="93">
    <mem type="eden" free="770552" total="6291456" percent="12" />
    <pending-finalizers system="5" default="0" reference="0" classloader="0" />
    <remembered-set count="61312" freebytes="19205632" totalbytes="19450880" percent="98" regionsoverflowed="0" regionsstable="0" regionsrebuilding="0"/>
  </mem-info>
</gc-end>
<cycle-end id="4658" type="partial gc" contextid="4650" timestamp="2019-08-08T19:54:32.307" />
  <attribute name="elasticGC enabled" value="1" />
  <attribute name= "numThreadsSpecified" value="16" />
  <attribute name="heapSize specified" value="0" />
  <attribute name="Current GC Util" value="70" />
  <attribute name= "Current Time Running" value="113172" />
  <attribute name ="GC Interval" value="0" />
  <attribute name="Target GC Util Change" value ="80.000000" />
  <attribute name="Current GC Util Change" value="70.000000"/>
  <attribute name="Current Error" value="68.000000" />
  <attribute name="Output H" value="486615024"/>
  <attribute name="Output I" value="2136"/>
  <attribute name="Output T" value="16"/>
  <attribute name= "Current Time Running" value="113172" />
  <attribute name="GC Util currently" value="70" />
  <attribute name="CPU Util currently" value="412026790244" />
<exclusive-end id="4659" timestamp="2019-08-08T19:54:32.308" durationms="20.687" />

<exclusive-start id="4660" timestamp="2019-08-08T19:54:32.525" intervalms="237.620">
  <response-info timems="0.209" idlems="0.209" threads="0" lastid="00000000022AE900" lastname="Thread-37" />
</exclusive-start>
<allocation-taxation id="4661" taxation-threshold="121634816" timestamp="2019-08-08T19:54:32.525" intervalms="237.627" />
<cycle-start id="4662" type="partial gc" contextid="0" timestamp="2019-08-08T19:54:32.525" intervalms="237.630" />
<gc-start id="4663" type="partial gc" contextid="4662" timestamp="2019-08-08T19:54:32.525">
  <mem-info id="4664" free="308281344" total="461373440" percent="66">
    <mem type="eden" free="0" total="121634816" percent="0" />
    <remembered-set count="8000" freebytes="19418880" totalbytes="19450880" percent="99" regionsoverflowed="0" regionsstable="10" regionsrebuilding="0"/>
  </mem-info>
</gc-start>
<allocation-stats totalBytes="121373256" >
  <allocated-bytes non-tlh="90152" tlh="121283104" arrayletleaf="0"/>
  <largest-consumer threadName="Thread-41" threadId="00000000022AAD00" bytes="12758368" />
</allocation-stats>
<gc-op id="4665" type="copy forward" timems="18.898" contextid="4662" timestamp="2019-08-08T19:54:32.546">
  <memory-copied type="eden" objects="9709" bytes="3856032" bytesdiscarded="977512" />
  <memory-copied type="other" objects="28340" bytes="1050096" bytesdiscarded="82360" />
  <memory-cardclean objects="622" bytes="90472" />
  <regions eden="58" other="3" />
  <remembered-set-cleared processed="1604" cleared="693" durationms="0.441" />
  <finalization candidates="1" enqueued="0" />
  <references type="soft" candidates="25" cleared="0" enqueued="0" dynamicThreshold="29" maxThreshold="32" />
  <references type="weak" candidates="89" cleared="0" enqueued="0" />
  <references type="phantom" candidates="28" cleared="0" enqueued="0" />
  <stringconstants candidates="16426" cleared="0"  />
</gc-op>
<gc-op id="4666" type="classunload" timems="0.012" contextid="4662" timestamp="2019-08-08T19:54:32.546">
  <classunload-info classloadercandidates="69" classloadersunloaded="0" classesunloaded="0" anonymousclassesunloaded="0" quiescems="0.000" setupms="0.012" scanms="0.000" postms="0.000" />
</gc-op>
<heap-resize id="4667" type="contract" space="default" amount="23068672" count="1" timems="0.155" reason="excess free space following gc" timestamp="2019-08-08T19:54:32.547" />
<gc-end id="4668" type="partial gc" contextid="4662" durationms="21.659" usertimems="26.837" systemtimems="20.123" timestamp="2019-08-08T19:54:32.547" activeThreads="16">
  <mem-info id="4669" free="402653184" total="438304768" percent="91">
    <mem type="eden" free="3554792" total="8388608" percent="42" />
    <remembered-set count="7456" freebytes="18414976" totalbytes="18444800" percent="99" regionsoverflowed="0" regionsstable="10" regionsrebuilding="0"/>
  </mem-info>
</gc-end>
<cycle-end id="4670" type="partial gc" contextid="4662" timestamp="2019-08-08T19:54:32.547" />
  <attribute name="elasticGC enabled" value="1" />
  <attribute name= "numThreadsSpecified" value="16" />
  <attribute name="heapSize specified" value="0" />
  <attribute name="Current GC Util" value="36" />
  <attribute name= "Current Time Running" value="113409" />
  <attribute name ="GC Interval" value="0" />
  <attribute name="Target GC Util Change" value ="80.000000" />
  <attribute name="Current GC Util Change" value="36.000000"/>
  <attribute name="Current Error" value="173.000000" />
  <attribute name="Output H" value="461449320"/>
  <attribute name="Output I" value="2320"/>
  <attribute name="Output T" value="16"/>
  <attribute name= "Current Time Running" value="113409" />
  <attribute name="GC Util currently" value="36" />
  <attribute name="CPU Util currently" value="559797495482" />
<exclusive-end id="4671" timestamp="2019-08-08T19:54:32.547" durationms="22.440" />

<exclusive-start id="4672" timestamp="2019-08-08T19:54:32.675" intervalms="149.935">
  <response-info timems="1.004" idlems="1.004" threads="0" lastid="00000000022AE900" lastname="Thread-37" />
</exclusive-start>
<allocation-taxation id="4673" taxation-threshold="115343360" timestamp="2019-08-08T19:54:32.675" intervalms="149.935" />
<cycle-start id="4674" type="partial gc" contextid="0" timestamp="2019-08-08T19:54:32.675" intervalms="149.943" />
<gc-start id="4675" type="partial gc" contextid="4674" timestamp="2019-08-08T19:54:32.675">
  <mem-info id="4676" free="287309824" total="438304768" percent="65">
    <mem type="eden" free="0" total="115343360" percent="0" />
    <remembered-set count="7456" freebytes="18414976" totalbytes="18444800" percent="99" regionsoverflowed="0" regionsstable="10" regionsrebuilding="0"/>
  </mem-info>
</gc-start>
<allocation-stats totalBytes="115174872" >
  <allocated-bytes non-tlh="131112" tlh="115043760" arrayletleaf="0"/>
  <largest-consumer threadName="Thread-42" threadId="0000000002289200" bytes="13151488" />
</allocation-stats>
<gc-op id="4677" type="copy forward" timems="13.308" contextid="4674" timestamp="2019-08-08T19:54:32.691">
  <memory-copied type="eden" objects="8294" bytes="3364872" bytesdiscarded="784536" />
  <memory-copied type="other" objects="28379" bytes="1059528" bytesdiscarded="117464" />
  <memory-cardclean objects="623" bytes="90488" />
  <regions eden="55" other="5" />
  <remembered-set-cleared processed="1682" cleared="771" durationms="0.113" />
  <finalization candidates="1" enqueued="0" />
  <references type="soft" candidates="25" cleared="0" enqueued="0" dynamicThreshold="29" maxThreshold="32" />
  <references type="weak" candidates="91" cleared="0" enqueued="0" />
  <references type="phantom" candidates="32" cleared="0" enqueued="0" />
  <stringconstants candidates="16426" cleared="0"  />
</gc-op>
<gc-op id="4678" type="classunload" timems="0.011" contextid="4674" timestamp="2019-08-08T19:54:32.691">
  <classunload-info classloadercandidates="69" classloadersunloaded="0" classesunloaded="0" anonymousclassesunloaded="0" quiescems="0.000" setupms="0.011" scanms="0.000" postms="0.000" />
</gc-op>
<heap-resize id="4679" type="contract" space="default" amount="23068672" count="1" timems="0.159" reason="excess free space following gc" timestamp="2019-08-08T19:54:32.691" />
<gc-end id="4680" type="partial gc" contextid="4674" durationms="16.321" usertimems="35.497" systemtimems="15.084" timestamp="2019-08-08T19:54:32.691" activeThreads="16">
  <mem-info id="4681" free="379584512" total="415236096" percent="91">
    <mem type="eden" free="2141776" total="6291456" percent="34" />
    <remembered-set count="8992" freebytes="17486592" totalbytes="17522560" percent="99" regionsoverflowed="0" regionsstable="10" regionsrebuilding="0"/>
  </mem-info>
</gc-end>
<cycle-end id="4682" type="partial gc" contextid="4674" timestamp="2019-08-08T19:54:32.691" />
  <attribute name="elasticGC enabled" value="1" />
  <attribute name= "numThreadsSpecified" value="16" />
  <attribute name="heapSize specified" value="0" />
  <attribute name="Current GC Util" value="42" />
  <attribute name= "Current Time Running" value="113559" />
  <attribute name ="GC Interval" value="0" />
  <attribute name="Target GC Util Change" value ="80.000000" />
  <attribute name="Current GC Util Change" value="42.000000"/>
  <attribute name="Current Error" value="260.000000" />
  <attribute name="Output H" value="438380752"/>
  <attribute name="Output I" value="2472"/>
  <attribute name="Output T" value="16"/>
  <attribute name= "Current Time Running" value="113559" />
  <attribute name="GC Util currently" value="42" />
  <attribute name="CPU Util currently" value="486989118649" />
<exclusive-end id="4683" timestamp="2019-08-08T19:54:32.691" durationms="16.927" />

<exclusive-start id="4684" timestamp="2019-08-08T19:54:32.806" intervalms="131.842">
  <response-info timems="0.123" idlems="0.064" threads="1" lastid="00000000022C5100" lastname="Thread-51" />
</exclusive-start>
<allocation-taxation id="4685" taxation-threshold="111149056" timestamp="2019-08-08T19:54:32.806" intervalms="131.872" />
<cycle-start id="4686" type="partial gc" contextid="0" timestamp="2019-08-08T19:54:32.807" intervalms="131.943" />
<gc-start id="4687" type="partial gc" contextid="4686" timestamp="2019-08-08T19:54:32.807">
  <mem-info id="4688" free="268435456" total="415236096" percent="64">
    <mem type="eden" free="0" total="111149056" percent="0" />
    <remembered-set count="8800" freebytes="17487360" totalbytes="17522560" percent="99" regionsoverflowed="0" regionsstable="10" regionsrebuilding="0"/>
  </mem-info>
</gc-start>
<allocation-stats totalBytes="110980576" >
  <allocated-bytes non-tlh="40984" tlh="110939592" arrayletleaf="0"/>
  <largest-consumer threadName="Thread-44" threadId="0000000002272B00" bytes="11660592" />
</allocation-stats>
<gc-op id="4689" type="copy forward" timems="10.254" contextid="4686" timestamp="2019-08-08T19:54:32.820">
  <memory-copied type="eden" objects="9500" bytes="3860920" bytesdiscarded="859840" />
  <memory-copied type="other" objects="28273" bytes="1059496" bytesdiscarded="134664" />
  <memory-cardclean objects="615" bytes="90112" />
  <regions eden="53" other="5" />
  <remembered-set-cleared processed="1617" cleared="706" durationms="0.299" />
  <finalization candidates="1" enqueued="0" />
  <references type="soft" candidates="25" cleared="0" enqueued="0" dynamicThreshold="29" maxThreshold="32" />
  <references type="weak" candidates="89" cleared="0" enqueued="0" />
  <references type="phantom" candidates="28" cleared="0" enqueued="0" />
  <stringconstants candidates="16426" cleared="0"  />
</gc-op>
<gc-op id="4690" type="classunload" timems="0.010" contextid="4686" timestamp="2019-08-08T19:54:32.820">
  <classunload-info classloadercandidates="69" classloadersunloaded="0" classesunloaded="0" anonymousclassesunloaded="0" quiescems="0.000" setupms="0.010" scanms="0.000" postms="0.000" />
</gc-op>
<heap-resize id="4691" type="contract" space="default" amount="20971520" count="1" timems="0.227" reason="excess free space following gc" timestamp="2019-08-08T19:54:32.820" />
<gc-end id="4692" type="partial gc" contextid="4686" durationms="13.126" usertimems="16.980" systemtimems="16.722" timestamp="2019-08-08T19:54:32.820" activeThreads="16">
  <mem-info id="4693" free="356515840" total="394264576" percent="90">
    <mem type="eden" free="1570416" total="6291456" percent="24" />
    <remembered-set count="9504" freebytes="16562304" totalbytes="16600320" percent="99" regionsoverflowed="0" regionsstable="10" regionsrebuilding="0"/>
  </mem-info>
</gc-end>
<cycle-end id="4694" type="partial gc" contextid="4686" timestamp="2019-08-08T19:54:32.820" />
  <attribute name="elasticGC enabled" value="1" />
  <attribute name= "numThreadsSpecified" value="16" />
  <attribute name="heapSize specified" value="0" />
  <attribute name="Current GC Util" value="49" />
  <attribute name= "Current Time Running" value="113691" />
  <attribute name ="GC Interval" value="0" />
  <attribute name="Target GC Util Change" value ="80.000000" />
  <attribute name="Current GC Util Change" value="49.000000"/>
  <attribute name="Current Error" value="73.000000" />
  <attribute name="Output H" value="415311864"/>
  <attribute name="Output I" value="2144"/>
  <attribute name="Output T" value="16"/>
  <attribute name= "Current Time Running" value="113691" />
  <attribute name="GC Util currently" value="49" />
  <attribute name="CPU Util currently" value="551000884965" />
<exclusive-end id="4695" timestamp="2019-08-08T19:54:32.820" durationms="13.928" />

<exclusive-start id="4696" timestamp="2019-08-08T19:54:32.973" intervalms="166.337">
  <response-info timems="1.741" idlems="1.741" threads="0" lastid="000000000227DF00" lastname="Thread-46" />
</exclusive-start>
<allocation-taxation id="4697" taxation-threshold="104857600" timestamp="2019-08-08T19:54:32.973" intervalms="166.314" />
<cycle-start id="4698" type="partial gc" contextid="0" timestamp="2019-08-08T19:54:32.973" intervalms="166.388" />
<gc-start id="4699" type="partial gc" contextid="4698" timestamp="2019-08-08T19:54:32.973">
  <mem-info id="4700" free="251658240" total="394264576" percent="63">
    <mem type="eden" free="0" total="104857600" percent="0" />
    <remembered-set count="9280" freebytes="16563200" totalbytes="16600320" percent="99" regionsoverflowed="0" regionsstable="10" regionsrebuilding="0"/>
  </mem-info>
</gc-start>
<allocation-stats totalBytes="104634848" >
  <allocated-bytes non-tlh="49176" tlh="104585672" arrayletleaf="0"/>
  <largest-consumer threadName="Thread-37" threadId="00000000022AE900" bytes="10019392" />
</allocation-stats>
<gc-op id="4701" type="copy forward" timems="14.756" contextid="4698" timestamp="2019-08-08T19:54:32.991">
  <memory-copied type="eden" objects="8695" bytes="3416144" bytesdiscarded="736808" />
  <memory-copied type="other" objects="27889" bytes="1043424" bytesdiscarded="68600" />
  <memory-cardclean objects="749" bytes="94808" />
  <regions eden="50" other="5" />
  <remembered-set-cleared processed="1739" cleared="827" durationms="0.147" />
  <finalization candidates="1" enqueued="0" />
  <references type="soft" candidates="25" cleared="0" enqueued="0" dynamicThreshold="28" maxThreshold="32" />
  <references type="weak" candidates="90" cleared="0" enqueued="0" />
  <references type="phantom" candidates="26" cleared="0" enqueued="0" />
  <stringconstants candidates="16426" cleared="0"  />
</gc-op>
<gc-op id="4702" type="classunload" timems="0.015" contextid="4698" timestamp="2019-08-08T19:54:32.991">
  <classunload-info classloadercandidates="69" classloadersunloaded="0" classesunloaded="0" anonymousclassesunloaded="0" quiescems="0.000" setupms="0.015" scanms="0.000" postms="0.000" />
</gc-op>
<heap-resize id="4703" type="contract" space="default" amount="20971520" count="1" timems="0.145" reason="excess free space following gc" timestamp="2019-08-08T19:54:32.991" />
<gc-end id="4704" type="partial gc" contextid="4698" durationms="17.975" usertimems="22.962" systemtimems="20.714" timestamp="2019-08-08T19:54:32.991" activeThreads="16">
  <mem-info id="4705" free="335544320" total="373293056" percent="89">
    <mem type="eden" free="41088" total="4194304" percent="0" />
    <remembered-set count="9536" freebytes="15723776" totalbytes="15761920" percent="99" regionsoverflowed="0" regionsstable="10" regionsrebuilding="0"/>
  </mem-info>
</gc-end>
<cycle-end id="4706" type="partial gc" contextid="4698" timestamp="2019-08-08T19:54:32.991" />
  <attribute name="elasticGC enabled" value="1" />
  <attribute name= "numThreadsSpecified" value="16" />
  <attribute name="heapSize specified" value="0" />
  <attribute name="Current GC Util" value="34" />
  <attribute name= "Current Time Running" value="113858" />
  <attribute name ="GC Interval" value="0" />
  <attribute name="Target GC Util Change" value ="80.000000" />
  <attribute name="Current GC Util Change" value="34.000000"/>
  <attribute name="Current Error" value="179.000000" />
  <attribute name="Output H" value="394340464"/>
  <attribute name="Output I" value="2328"/>
  <attribute name="Output T" value="16"/>
  <attribute name= "Current Time Running" value="113858" />
  <attribute name="GC Util currently" value="34" />
  <attribute name="CPU Util currently" value="460429852120" />
<exclusive-end id="4707" timestamp="2019-08-08T19:54:32.991" durationms="18.760" />

<exclusive-start id="4708" timestamp="2019-08-08T19:54:33.267" intervalms="293.910">
  <response-info timems="0.881" idlems="0.234" threads="10" lastid="0000000002272B00" lastname="Thread-44" />
</exclusive-start>
<allocation-taxation id="4709" taxation-threshold="100663296" timestamp="2019-08-08T19:54:33.267" intervalms="293.895" />
<cycle-start id="4710" type="partial gc" contextid="0" timestamp="2019-08-08T19:54:33.267" intervalms="293.742" />
<gc-start id="4711" type="partial gc" contextid="4710" timestamp="2019-08-08T19:54:33.267">
  <mem-info id="4712" free="234881024" total="373293056" percent="62">
    <mem type="eden" free="0" total="100663296" percent="0" />
    <remembered-set count="9344" freebytes="15724544" totalbytes="15761920" percent="99" regionsoverflowed="0" regionsstable="10" regionsrebuilding="0"/>
  </mem-info>
</gc-start>
<allocation-stats totalBytes="100413384" >
  <allocated-bytes non-tlh="57376" tlh="100356008" arrayletleaf="0"/>
  <largest-consumer threadName="Thread-37" threadId="00000000022AE900" bytes="12068152" />
</allocation-stats>
<gc-op id="4713" type="copy forward" timems="13.360" contextid="4710" timestamp="2019-08-08T19:54:33.282">
  <memory-copied type="eden" objects="10009" bytes="3804216" bytesdiscarded="875568" />
  <memory-copied type="other" objects="27603" bytes="1034024" bytesdiscarded="92440" />
  <memory-cardclean objects="869" bytes="99184" />
  <regions eden="48" other="4" />
  <remembered-set-cleared processed="1714" cleared="808" durationms="0.102" />
  <finalization candidates="1" enqueued="0" />
  <references type="soft" candidates="25" cleared="0" enqueued="0" dynamicThreshold="28" maxThreshold="32" />
  <references type="weak" candidates="90" cleared="0" enqueued="0" />
  <references type="phantom" candidates="28" cleared="0" enqueued="0" />
  <stringconstants candidates="16426" cleared="0"  />
</gc-op>
<gc-op id="4714" type="classunload" timems="0.011" contextid="4710" timestamp="2019-08-08T19:54:33.282">
  <classunload-info classloadercandidates="69" classloadersunloaded="0" classesunloaded="0" anonymousclassesunloaded="0" quiescems="0.000" setupms="0.011" scanms="0.000" postms="0.000" />
</gc-op>
<heap-resize id="4715" type="contract" space="default" amount="18874368" count="1" timems="0.602" reason="excess free space following gc" timestamp="2019-08-08T19:54:33.283" />
<gc-end id="4716" type="partial gc" contextid="4710" durationms="16.073" usertimems="32.025" systemtimems="21.322" timestamp="2019-08-08T19:54:33.283" activeThreads="16">
  <mem-info id="4717" free="312475648" total="354418688" percent="88">
    <mem type="eden" free="1611408" total="6291456" percent="25" />
    <remembered-set count="9536" freebytes="14885376" totalbytes="14923520" percent="99" regionsoverflowed="0" regionsstable="10" regionsrebuilding="0"/>
  </mem-info>
</gc-end>
<cycle-end id="4718" type="partial gc" contextid="4710" timestamp="2019-08-08T19:54:33.283" />
  <attribute name="elasticGC enabled" value="1" />
  <attribute name= "numThreadsSpecified" value="16" />
  <attribute name="heapSize specified" value="0" />
  <attribute name="Current GC Util" value="51" />
  <attribute name= "Current Time Running" value="114151" />
  <attribute name ="GC Interval" value="0" />
  <attribute name="Target GC Util Change" value ="80.000000" />
  <attribute name="Current GC Util Change" value="51.000000"/>
  <attribute name="Current Error" value="275.000000" />
  <attribute name="Output H" value="373369056"/>
  <attribute name="Output I" value="2504"/>
  <attribute name="Output T" value="16"/>
  <attribute name= "Current Time Running" value="114151" />
  <attribute name="GC Util currently" value="51" />
  <attribute name="CPU Util currently" value="712990996561" />
<exclusive-end id="4719" timestamp="2019-08-08T19:54:33.283" durationms="16.793" />

<exclusive-start id="4720" timestamp="2019-08-08T19:54:33.537" intervalms="269.938">
  <response-info timems="0.443" idlems="0.225" threads="1" lastid="0000000002272B00" lastname="Thread-44" />
</exclusive-start>
<allocation-taxation id="4721" taxation-threshold="96468992" timestamp="2019-08-08T19:54:33.537" intervalms="269.943" />
<cycle-start id="4722" type="partial gc" contextid="0" timestamp="2019-08-08T19:54:33.537" intervalms="269.927" />
<gc-start id="4723" type="partial gc" contextid="4722" timestamp="2019-08-08T19:54:33.537">
  <mem-info id="4724" free="216006656" total="354418688" percent="60">
    <mem type="eden" free="0" total="96468992" percent="0" />
    <remembered-set count="9408" freebytes="14885888" totalbytes="14923520" percent="99" regionsoverflowed="0" regionsstable="10" regionsrebuilding="0"/>
  </mem-info>
</gc-start>
<allocation-stats totalBytes="96331600" >
  <allocated-bytes non-tlh="65560" tlh="96266040" arrayletleaf="0"/>
  <largest-consumer threadName="Thread-49" threadId="0000000002294600" bytes="11373048" />
</allocation-stats>
<gc-op id="4725" type="copy forward" timems="10.841" contextid="4722" timestamp="2019-08-08T19:54:33.550">
  <memory-copied type="eden" objects="8860" bytes="3460920" bytesdiscarded="734200" />
  <memory-copied type="other" objects="27424" bytes="1029264" bytesdiscarded="95400" />
  <memory-cardclean objects="9585" bytes="546712" />
  <regions eden="46" other="5" />
  <remembered-set-cleared processed="220" cleared="134" durationms="0.113" />
  <finalization candidates="1" enqueued="0" />
  <references type="soft" candidates="25" cleared="0" enqueued="0" dynamicThreshold="28" maxThreshold="32" />
  <references type="weak" candidates="89" cleared="0" enqueued="0" />
  <references type="phantom" candidates="29" cleared="0" enqueued="0" />
  <stringconstants candidates="16426" cleared="0"  />
</gc-op>
<gc-op id="4726" type="classunload" timems="0.014" contextid="4722" timestamp="2019-08-08T19:54:33.550">
  <classunload-info classloadercandidates="69" classloadersunloaded="0" classesunloaded="0" anonymousclassesunloaded="0" quiescems="0.000" setupms="0.014" scanms="0.000" postms="0.000" />
</gc-op>
<heap-resize id="4727" type="contract" space="default" amount="18874368" count="1" timems="0.786" reason="excess free space following gc" timestamp="2019-08-08T19:54:33.551" />
<gc-end id="4728" type="partial gc" contextid="4722" durationms="13.843" usertimems="28.964" systemtimems="11.209" timestamp="2019-08-08T19:54:33.551" activeThreads="16">
  <mem-info id="4729" free="291504128" total="335544320" percent="86">
    <mem type="eden" free="2096064" total="6291456" percent="33" />
    <remembered-set count="8896" freebytes="14133376" totalbytes="14168960" percent="99" regionsoverflowed="0" regionsstable="10" regionsrebuilding="0"/>
  </mem-info>
</gc-end>
<cycle-end id="4730" type="partial gc" contextid="4722" timestamp="2019-08-08T19:54:33.551" />
  <attribute name="elasticGC enabled" value="1" />
  <attribute name= "numThreadsSpecified" value="16" />
  <attribute name="heapSize specified" value="0" />
  <attribute name="Current GC Util" value="60" />
  <attribute name= "Current Time Running" value="114421" />
  <attribute name ="GC Interval" value="0" />
  <attribute name="Target GC Util Change" value ="80.000000" />
  <attribute name="Current GC Util Change" value="60.000000"/>
  <attribute name="Current Error" value="84.000000" />
  <attribute name="Output H" value="354494464"/>
  <attribute name="Output I" value="2160"/>
  <attribute name="Output T" value="16"/>
  <attribute name= "Current Time Running" value="114421" />
  <attribute name="GC Util currently" value="60" />
  <attribute name="CPU Util currently" value="688933182611" />
<exclusive-end id="4731" timestamp="2019-08-08T19:54:33.551" durationms="14.560" />

<exclusive-start id="4732" timestamp="2019-08-08T19:54:33.701" intervalms="164.854">
  <response-info timems="2.236" idlems="1.331" threads="7" lastid="00000000022B2500" lastname="Thread-40" />
</exclusive-start>
<allocation-taxation id="4733" taxation-threshold="90177536" timestamp="2019-08-08T19:54:33.701" intervalms="164.892" />
<cycle-start id="4734" type="partial gc" contextid="0" timestamp="2019-08-08T19:54:33.702" intervalms="164.924" />
<gc-start id="4735" type="partial gc" contextid="4734" timestamp="2019-08-08T19:54:33.702">
  <mem-info id="4736" free="201326592" total="335544320" percent="60">
    <mem type="eden" free="0" total="90177536" percent="0" />
    <remembered-set count="8704" freebytes="14134144" totalbytes="14168960" percent="99" regionsoverflowed="0" regionsstable="10" regionsrebuilding="0"/>
  </mem-info>
</gc-start>
<allocation-stats totalBytes="89985328" >
  <allocated-bytes non-tlh="16392" tlh="89968936" arrayletleaf="0"/>
  <largest-consumer threadName="Thread-51" threadId="00000000022C5100" bytes="12945712" />
</allocation-stats>
<gc-op id="4737" type="copy forward" timems="11.538" contextid="4734" timestamp="2019-08-08T19:54:33.715">
  <memory-copied type="eden" objects="9152" bytes="3703512" bytesdiscarded="707624" />
  <memory-copied type="other" objects="27250" bytes="1025496" bytesdiscarded="65976" />
  <memory-cardclean objects="848" bytes="98976" />
  <regions eden="43" other="5" />
  <remembered-set-cleared processed="1651" cleared="746" durationms="0.105" />
  <finalization candidates="1" enqueued="0" />
  <references type="soft" candidates="25" cleared="0" enqueued="0" dynamicThreshold="27" maxThreshold="32" />
  <references type="weak" candidates="89" cleared="0" enqueued="0" />
  <references type="phantom" candidates="29" cleared="0" enqueued="0" />
  <stringconstants candidates="16426" cleared="0"  />
</gc-op>
<gc-op id="4738" type="classunload" timems="0.015" contextid="4734" timestamp="2019-08-08T19:54:33.715">
  <classunload-info classloadercandidates="69" classloadersunloaded="0" classesunloaded="0" anonymousclassesunloaded="0" quiescems="0.000" setupms="0.015" scanms="0.000" postms="0.000" />
</gc-op>
<heap-resize id="4739" type="contract" space="default" amount="16777216" count="1" timems="0.666" reason="excess free space following gc" timestamp="2019-08-08T19:54:33.716" />
<gc-end id="4740" type="partial gc" contextid="4734" durationms="14.425" usertimems="20.335" systemtimems="21.714" timestamp="2019-08-08T19:54:33.716" activeThreads="16">
  <mem-info id="4741" free="272629760" total="318767104" percent="85">
    <mem type="eden" free="1880048" total="6291456" percent="29" />
    <remembered-set count="9056" freebytes="13378176" totalbytes="13414400" percent="99" regionsoverflowed="0" regionsstable="10" regionsrebuilding="0"/>
  </mem-info>
</gc-end>
<cycle-end id="4742" type="partial gc" contextid="4734" timestamp="2019-08-08T19:54:33.716" />
  <attribute name="elasticGC enabled" value="1" />
  <attribute name= "numThreadsSpecified" value="16" />
  <attribute name="heapSize specified" value="0" />
  <attribute name="Current GC Util" value="51" />
  <attribute name= "Current Time Running" value="114585" />
  <attribute name ="GC Interval" value="0" />
  <attribute name="Target GC Util Change" value ="80.000000" />
  <attribute name="Current GC Util Change" value="51.000000"/>
  <attribute name="Current Error" value="170.000000" />
  <attribute name="Output H" value="335620200"/>
  <attribute name="Output I" value="2312"/>
  <attribute name="Output T" value="16"/>
  <attribute name= "Current Time Running" value="114585" />
  <attribute name="GC Util currently" value="51" />
  <attribute name="CPU Util currently" value="718855572297" />
<exclusive-end id="4743" timestamp="2019-08-08T19:54:33.716" durationms="15.080" />

<exclusive-start id="4744" timestamp="2019-08-08T19:54:33.880" intervalms="178.619">
  <response-info timems="1.858" idlems="1.067" threads="4" lastid="00000000022B2500" lastname="Thread-40" />
</exclusive-start>
<allocation-taxation id="4745" taxation-threshold="85983232" timestamp="2019-08-08T19:54:33.880" intervalms="178.589" />
<cycle-start id="4746" type="partial gc" contextid="0" timestamp="2019-08-08T19:54:33.880" intervalms="178.571" />
<gc-start id="4747" type="partial gc" contextid="4746" timestamp="2019-08-08T19:54:33.880">
  <mem-info id="4748" free="186646528" total="318767104" percent="58">
    <mem type="eden" free="0" total="85983232" percent="0" />
    <remembered-set count="8960" freebytes="13378560" totalbytes="13414400" percent="99" regionsoverflowed="0" regionsstable="10" regionsrebuilding="0"/>
  </mem-info>
</gc-start>
<allocation-stats totalBytes="85745928" >
  <allocated-bytes non-tlh="16392" tlh="85729536" arrayletleaf="0"/>
  <largest-consumer threadName="Thread-44" threadId="0000000002272B00" bytes="9343456" />
</allocation-stats>
<gc-op id="4749" type="copy forward" timems="12.240" contextid="4746" timestamp="2019-08-08T19:54:33.895">
  <memory-copied type="eden" objects="9511" bytes="3796512" bytesdiscarded="809648" />
  <memory-copied type="other" objects="27065" bytes="1020544" bytesdiscarded="105792" />
  <memory-cardclean objects="2304" bytes="162176" />
  <regions eden="41" other="5" />
  <remembered-set-cleared processed="1513" cleared="761" durationms="0.279" />
  <finalization candidates="1" enqueued="0" />
  <references type="soft" candidates="25" cleared="0" enqueued="0" dynamicThreshold="27" maxThreshold="32" />
  <references type="weak" candidates="89" cleared="0" enqueued="0" />
  <references type="phantom" candidates="24" cleared="0" enqueued="0" />
  <stringconstants candidates="16426" cleared="0"  />
</gc-op>
<gc-op id="4750" type="classunload" timems="0.012" contextid="4746" timestamp="2019-08-08T19:54:33.895">
  <classunload-info classloadercandidates="69" classloadersunloaded="0" classesunloaded="0" anonymousclassesunloaded="0" quiescems="0.000" setupms="0.011" scanms="0.000" postms="0.000" />
</gc-op>
<heap-resize id="4751" type="contract" space="default" amount="16777216" count="1" timems="0.664" reason="excess free space following gc" timestamp="2019-08-08T19:54:33.895" />
<gc-end id="4752" type="partial gc" contextid="4746" durationms="15.037" usertimems="37.323" systemtimems="13.265" timestamp="2019-08-08T19:54:33.895" activeThreads="16">
  <mem-info id="4753" free="251658240" total="301989888" percent="83">
    <mem type="eden" free="3782184" total="8388608" percent="45" />
    <remembered-set count="9920" freebytes="12704000" totalbytes="12743680" percent="99" regionsoverflowed="0" regionsstable="10" regionsrebuilding="0"/>
  </mem-info>
</gc-end>
<cycle-end id="4754" type="partial gc" contextid="4746" timestamp="2019-08-08T19:54:33.896" />
  <attribute name="elasticGC enabled" value="1" />
  <attribute name= "numThreadsSpecified" value="16" />
  <attribute name="heapSize specified" value="0" />
  <attribute name="Current GC Util" value="47" />
  <attribute name= "Current Time Running" value="114764" />
  <attribute name ="GC Interval" value="0" />
  <attribute name="Target GC Util Change" value ="80.000000" />
  <attribute name="Current GC Util Change" value="47.000000"/>
  <attribute name="Current Error" value="263.000000" />
  <attribute name="Output H" value="318843088"/>
  <attribute name="Output I" value="2480"/>
  <attribute name="Output T" value="16"/>
  <attribute name= "Current Time Running" value="114764" />
  <attribute name="GC Util currently" value="47" />
  <attribute name="CPU Util currently" value="719768842577" />
<exclusive-end id="4755" timestamp="2019-08-08T19:54:33.896" durationms="15.669" />

<exclusive-start id="4756" timestamp="2019-08-08T19:54:34.093" intervalms="212.493">
  <response-info timems="2.075" idlems="0.696" threads="2" lastid="0000000002281B00" lastname="Thread-48" />
</exclusive-start>
<allocation-taxation id="4757" taxation-threshold="81788928" timestamp="2019-08-08T19:54:34.093" intervalms="212.496" />
<cycle-start id="4758" type="partial gc" contextid="0" timestamp="2019-08-08T19:54:34.096" intervalms="216.325" />
<gc-start id="4759" type="partial gc" contextid="4758" timestamp="2019-08-08T19:54:34.097">
  <mem-info id="4760" free="169869312" total="301989888" percent="56">
    <mem type="eden" free="0" total="81788928" percent="0" />
    <remembered-set count="9792" freebytes="12704512" totalbytes="12743680" percent="99" regionsoverflowed="0" regionsstable="10" regionsrebuilding="0"/>
  </mem-info>
</gc-start>
<allocation-stats totalBytes="81625176" >
  <allocated-bytes non-tlh="114720" tlh="81510456" arrayletleaf="0"/>
  <largest-consumer threadName="Thread-43" threadId="00000000022BD900" bytes="12675552" />
</allocation-stats>
<gc-op id="4761" type="copy forward" timems="15.826" contextid="4758" timestamp="2019-08-08T19:54:34.116">
  <memory-copied type="eden" objects="8986" bytes="3517856" bytesdiscarded="653552" />
  <memory-copied type="other" objects="26898" bytes="1016072" bytesdiscarded="68568" />
  <memory-cardclean objects="873" bytes="100296" />
  <regions eden="39" other="6" />
  <remembered-set-cleared processed="1784" cleared="869" durationms="0.107" />
  <finalization candidates="1" enqueued="0" />
  <references type="soft" candidates="25" cleared="0" enqueued="0" dynamicThreshold="26" maxThreshold="32" />
  <references type="weak" candidates="89" cleared="0" enqueued="0" />
  <references type="phantom" candidates="25" cleared="0" enqueued="0" />
  <stringconstants candidates="16426" cleared="0"  />
</gc-op>
<gc-op id="4762" type="classunload" timems="0.015" contextid="4758" timestamp="2019-08-08T19:54:34.116">
  <classunload-info classloadercandidates="69" classloadersunloaded="0" classesunloaded="0" anonymousclassesunloaded="0" quiescems="0.000" setupms="0.015" scanms="0.000" postms="0.000" />
</gc-op>
<heap-resize id="4763" type="contract" space="default" amount="16777216" count="1" timems="1.531" reason="excess free space following gc" timestamp="2019-08-08T19:54:34.118" />
<gc-end id="4764" type="partial gc" contextid="4758" durationms="20.864" usertimems="50.053" systemtimems="29.762" timestamp="2019-08-08T19:54:34.118" activeThreads="16">
  <mem-info id="4765" free="234881024" total="285212672" percent="82">
    <mem type="eden" free="2119784" total="6291456" percent="33" />
    <remembered-set count="9600" freebytes="12034560" totalbytes="12072960" percent="99" regionsoverflowed="0" regionsstable="10" regionsrebuilding="0"/>
  </mem-info>
</gc-end>
<cycle-end id="4766" type="partial gc" contextid="4758" timestamp="2019-08-08T19:54:34.119" />
  <attribute name="elasticGC enabled" value="1" />
  <attribute name= "numThreadsSpecified" value="16" />
  <attribute name="heapSize specified" value="0" />
  <attribute name="Current GC Util" value="74" />
  <attribute name= "Current Time Running" value="114982" />
  <attribute name ="GC Interval" value="0" />
  <attribute name="Target GC Util Change" value ="80.000000" />
  <attribute name="Current GC Util Change" value="74.000000"/>
  <attribute name="Current Error" value="67.000000" />
  <attribute name="Output H" value="302065648"/>
  <attribute name="Output I" value="2128"/>
  <attribute name="Output T" value="16"/>
  <attribute name= "Current Time Running" value="114982" />
  <attribute name="GC Util currently" value="74" />
  <attribute name="CPU Util currently" value="401026744762" />
<exclusive-end id="4767" timestamp="2019-08-08T19:54:34.119" durationms="26.336" />

<exclusive-start id="4768" timestamp="2019-08-08T19:54:34.306" intervalms="212.998">
  <response-info timems="0.501" idlems="0.334" threads="2" lastid="0000000002281B00" lastname="Thread-48" />
</exclusive-start>
<allocation-taxation id="4769" taxation-threshold="77594624" timestamp="2019-08-08T19:54:34.306" intervalms="213.000" />
<cycle-start id="4770" type="partial gc" contextid="0" timestamp="2019-08-08T19:54:34.306" intervalms="209.201" />
<gc-start id="4771" type="partial gc" contextid="4770" timestamp="2019-08-08T19:54:34.307">
  <mem-info id="4772" free="157286400" total="285212672" percent="55">
    <mem type="eden" free="0" total="77594624" percent="0" />
    <remembered-set count="9408" freebytes="12035328" totalbytes="12072960" percent="99" regionsoverflowed="0" regionsstable="10" regionsrebuilding="0"/>
  </mem-info>
</gc-start>
<allocation-stats totalBytes="77451912" >
  <allocated-bytes non-tlh="106552" tlh="77345360" arrayletleaf="0"/>
  <largest-consumer threadName="Thread-39" threadId="00000000022C1500" bytes="11788816" />
</allocation-stats>
<gc-op id="4773" type="copy forward" timems="12.323" contextid="4770" timestamp="2019-08-08T19:54:34.321">
  <memory-copied type="eden" objects="9125" bytes="3687888" bytesdiscarded="840920" />
  <memory-copied type="other" objects="26771" bytes="1013680" bytesdiscarded="69144" />
  <memory-cardclean objects="1587" bytes="126808" />
  <regions eden="37" other="5" />
  <remembered-set-cleared processed="1594" cleared="747" durationms="0.114" />
  <finalization candidates="1" enqueued="0" />
  <references type="soft" candidates="25" cleared="0" enqueued="0" dynamicThreshold="26" maxThreshold="32" />
  <references type="weak" candidates="89" cleared="0" enqueued="0" />
  <references type="phantom" candidates="24" cleared="0" enqueued="0" />
  <stringconstants candidates="16426" cleared="0"  />
</gc-op>
<gc-op id="4774" type="classunload" timems="0.012" contextid="4770" timestamp="2019-08-08T19:54:34.321">
  <classunload-info classloadercandidates="69" classloadersunloaded="0" classesunloaded="0" anonymousclassesunloaded="0" quiescems="0.000" setupms="0.012" scanms="0.000" postms="0.000" />
</gc-op>
<heap-resize id="4775" type="contract" space="default" amount="14680064" count="1" timems="1.021" reason="excess free space following gc" timestamp="2019-08-08T19:54:34.322" />
<gc-end id="4776" type="partial gc" contextid="4770" durationms="15.526" usertimems="41.190" systemtimems="19.802" timestamp="2019-08-08T19:54:34.322" activeThreads="16">
  <mem-info id="4777" free="218103808" total="270532608" percent="80">
    <mem type="eden" free="1762384" total="6291456" percent="28" />
    <remembered-set count="9472" freebytes="11364352" totalbytes="11402240" percent="99" regionsoverflowed="0" regionsstable="10" regionsrebuilding="0"/>
  </mem-info>
</gc-end>
<cycle-end id="4778" type="partial gc" contextid="4770" timestamp="2019-08-08T19:54:34.323" />
  <attribute name="elasticGC enabled" value="1" />
  <attribute name= "numThreadsSpecified" value="16" />
  <attribute name="heapSize specified" value="0" />
  <attribute name="Current GC Util" value="55" />
  <attribute name= "Current Time Running" value="115190" />
  <attribute name ="GC Interval" value="0" />
  <attribute name="Target GC Util Change" value ="80.000000" />
  <attribute name="Current GC Util Change" value="55.000000"/>
  <attribute name="Current Error" value="144.000000" />
  <attribute name="Output H" value="285288520"/>
  <attribute name="Output I" value="2272"/>
  <attribute name="Output T" value="16"/>
  <attribute name= "Current Time Running" value="115190" />
  <attribute name="GC Util currently" value="55" />
  <attribute name="CPU Util currently" value="683761724396" />
<exclusive-end id="4779" timestamp="2019-08-08T19:54:34.323" durationms="17.344" />

<exclusive-start id="4780" timestamp="2019-08-08T19:54:34.448" intervalms="142.815">
  <response-info timems="2.827" idlems="0.774" threads="4" lastid="00000000022B2500" lastname="Thread-40" />
</exclusive-start>
<allocation-taxation id="4781" taxation-threshold="75497472" timestamp="2019-08-08T19:54:34.448" intervalms="142.835" />
<cycle-start id="4782" type="partial gc" contextid="0" timestamp="2019-08-08T19:54:34.449" intervalms="143.449" />
<gc-start id="4783" type="partial gc" contextid="4782" timestamp="2019-08-08T19:54:34.449">
  <mem-info id="4784" free="142606336" total="270532608" percent="52">
    <mem type="eden" free="0" total="75497472" percent="0" />
    <remembered-set count="9440" freebytes="11364480" totalbytes="11402240" percent="99" regionsoverflowed="0" regionsstable="10" regionsrebuilding="0"/>
  </mem-info>
</gc-start>
<allocation-stats totalBytes="75283632" >
  <allocated-bytes non-tlh="40984" tlh="75242648" arrayletleaf="0"/>
  <largest-consumer threadName="Thread-39" threadId="00000000022C1500" bytes="10523440" />
</allocation-stats>
<gc-op id="4785" type="copy forward" timems="10.138" contextid="4782" timestamp="2019-08-08T19:54:34.462">
  <memory-copied type="eden" objects="8394" bytes="3361080" bytesdiscarded="704864" />
  <memory-copied type="other" objects="51" bytes="2808" bytesdiscarded="1176" />
  <memory-cardclean objects="4611" bytes="194592" />
  <regions eden="36" other="4" />
  <remembered-set-cleared processed="2115" cleared="933" durationms="0.130" />
  <references type="phantom" candidates="5" cleared="0" enqueued="0" />
  <stringconstants candidates="16426" cleared="0"  />
</gc-op>
<gc-op id="4786" type="classunload" timems="0.013" contextid="4782" timestamp="2019-08-08T19:54:34.462">
  <classunload-info classloadercandidates="69" classloadersunloaded="0" classesunloaded="0" anonymousclassesunloaded="0" quiescems="0.000" setupms="0.013" scanms="0.000" postms="0.000" />
</gc-op>
<heap-resize id="4787" type="contract" space="default" amount="14680064" count="1" timems="0.595" reason="excess free space following gc" timestamp="2019-08-08T19:54:34.463" />
<gc-end id="4788" type="partial gc" contextid="4782" durationms="13.268" usertimems="25.678" systemtimems="9.054" timestamp="2019-08-08T19:54:34.463" activeThreads="16">
  <mem-info id="4789" free="203423744" total="255852544" percent="79">
    <mem type="eden" free="128064" total="4194304" percent="3" />
    <remembered-set count="9280" freebytes="10778240" totalbytes="10815360" percent="99" regionsoverflowed="0" regionsstable="10" regionsrebuilding="0"/>
  </mem-info>
</gc-end>
<cycle-end id="4790" type="partial gc" contextid="4782" timestamp="2019-08-08T19:54:34.463" />
  <attribute name="elasticGC enabled" value="1" />
  <attribute name= "numThreadsSpecified" value="16" />
  <attribute name="heapSize specified" value="0" />
  <attribute name="Current GC Util" value="47" />
  <attribute name= "Current Time Running" value="115333" />
  <attribute name ="GC Interval" value="0" />
  <attribute name="Target GC Util Change" value ="80.000000" />
  <attribute name="Current GC Util Change" value="47.000000"/>
  <attribute name="Current Error" value="228.000000" />
  <attribute name="Output H" value="270608552"/>
  <attribute name="Output I" value="2416"/>
  <attribute name="Output T" value="16"/>
  <attribute name= "Current Time Running" value="115333" />
  <attribute name="GC Util currently" value="47" />
  <attribute name="CPU Util currently" value="646809665993" />
<exclusive-end id="4791" timestamp="2019-08-08T19:54:34.463" durationms="15.134" />

<exclusive-start id="4792" timestamp="2019-08-08T19:54:34.618" intervalms="170.034">
  <response-info timems="3.630" idlems="1.858" threads="1" lastid="00000000022C5100" lastname="Thread-51" />
</exclusive-start>
<allocation-taxation id="4793" taxation-threshold="71303168" timestamp="2019-08-08T19:54:34.618" intervalms="170.004" />
<cycle-start id="4794" type="partial gc" contextid="0" timestamp="2019-08-08T19:54:34.619" intervalms="169.430" />
<gc-start id="4795" type="partial gc" contextid="4794" timestamp="2019-08-08T19:54:34.619">
  <mem-info id="4796" free="132120576" total="255852544" percent="51">
    <mem type="eden" free="0" total="71303168" percent="0" />
    <remembered-set count="8960" freebytes="10779520" totalbytes="10815360" percent="99" regionsoverflowed="0" regionsstable="10" regionsrebuilding="0"/>
  </mem-info>
</gc-start>
<allocation-stats totalBytes="71102104" >
  <allocated-bytes non-tlh="131112" tlh="70970992" arrayletleaf="0"/>
  <largest-consumer threadName="Thread-39" threadId="00000000022C1500" bytes="9946968" />
</allocation-stats>
<gc-op id="4797" type="copy forward" timems="11.269" contextid="4794" timestamp="2019-08-08T19:54:34.632">
  <memory-copied type="eden" objects="7976" bytes="3256272" bytesdiscarded="672816" />
  <memory-copied type="other" objects="27069" bytes="1236392" bytesdiscarded="123136" />
  <memory-cardclean objects="3190" bytes="313720" />
  <regions eden="34" other="4" />
  <remembered-set-cleared processed="1449" cleared="748" durationms="0.385" />
  <finalization candidates="1" enqueued="0" />
  <references type="soft" candidates="25" cleared="0" enqueued="0" dynamicThreshold="25" maxThreshold="32" />
  <references type="weak" candidates="89" cleared="0" enqueued="0" />
  <references type="phantom" candidates="27" cleared="0" enqueued="0" />
  <stringconstants candidates="16426" cleared="0"  />
</gc-op>
<gc-op id="4798" type="classunload" timems="0.011" contextid="4794" timestamp="2019-08-08T19:54:34.632">
  <classunload-info classloadercandidates="69" classloadersunloaded="0" classesunloaded="0" anonymousclassesunloaded="0" quiescems="0.000" setupms="0.010" scanms="0.000" postms="0.000" />
</gc-op>
<heap-resize id="4799" type="contract" space="default" amount="14680064" count="1" timems="0.562" reason="excess free space following gc" timestamp="2019-08-08T19:54:34.633" />
<gc-end id="4800" type="partial gc" contextid="4794" durationms="13.584" usertimems="28.618" systemtimems="16.057" timestamp="2019-08-08T19:54:34.633" activeThreads="16">
  <mem-info id="4801" free="184549376" total="241172480" percent="76">
    <mem type="eden" free="2362096" total="6291456" percent="37" />
    <remembered-set count="10336" freebytes="10187136" totalbytes="10228480" percent="99" regionsoverflowed="0" regionsstable="10" regionsrebuilding="0"/>
  </mem-info>
</gc-end>
<cycle-end id="4802" type="partial gc" contextid="4794" timestamp="2019-08-08T19:54:34.633" />
  <attribute name="elasticGC enabled" value="1" />
  <attribute name= "numThreadsSpecified" value="16" />
  <attribute name="heapSize specified" value="0" />
  <attribute name="Current GC Util" value="57" />
  <attribute name= "Current Time Running" value="115502" />
  <attribute name ="GC Interval" value="0" />
  <attribute name="Target GC Util Change" value ="80.000000" />
  <attribute name="Current GC Util Change" value="57.000000"/>
  <attribute name="Current Error" value="88.000000" />
  <attribute name="Output H" value="255928328"/>
  <attribute name="Output I" value="2168"/>
  <attribute name="Output T" value="16"/>
  <attribute name= "Current Time Running" value="115502" />
  <attribute name="GC Util currently" value="57" />
  <attribute name="CPU Util currently" value="899646603118" />
<exclusive-end id="4803" timestamp="2019-08-08T19:54:34.633" durationms="14.966" />

<exclusive-start id="4804" timestamp="2019-08-08T19:54:34.745" intervalms="126.905">
  <response-info timems="2.064" idlems="2.064" threads="0" lastid="000000000226EF00" lastname="Thread-52" />
</exclusive-start>
<allocation-taxation id="4805" taxation-threshold="67108864" timestamp="2019-08-08T19:54:34.745" intervalms="126.895" />
<cycle-start id="4806" type="partial gc" contextid="0" timestamp="2019-08-08T19:54:34.745" intervalms="126.829" />
<gc-start id="4807" type="partial gc" contextid="4806" timestamp="2019-08-08T19:54:34.746">
  <mem-info id="4808" free="117440512" total="241172480" percent="48">
    <mem type="eden" free="0" total="67108864" percent="0" />
    <remembered-set count="9920" freebytes="10188800" totalbytes="10228480" percent="99" regionsoverflowed="0" regionsstable="10" regionsrebuilding="0"/>
  </mem-info>
</gc-start>
<allocation-stats totalBytes="66916904" >
  <allocated-bytes non-tlh="40976" tlh="66875928" arrayletleaf="0"/>
  <largest-consumer threadName="Thread-47" threadId="0000000002290A00" bytes="9231040" />
</allocation-stats>
<gc-op id="4809" type="copy forward" timems="10.902" contextid="4806" timestamp="2019-08-08T19:54:34.759">
  <memory-copied type="eden" objects="8415" bytes="3403688" bytesdiscarded="660624" />
  <memory-copied type="other" objects="26386" bytes="1003832" bytesdiscarded="77416" />
  <memory-cardclean objects="1869" bytes="140208" />
  <regions eden="32" other="6" />
  <remembered-set-cleared processed="1595" cleared="778" durationms="0.103" />
  <finalization candidates="1" enqueued="0" />
  <references type="soft" candidates="25" cleared="0" enqueued="0" dynamicThreshold="24" maxThreshold="32" />
  <references type="weak" candidates="91" cleared="0" enqueued="0" />
  <references type="phantom" candidates="26" cleared="0" enqueued="0" />
  <stringconstants candidates="16426" cleared="0"  />
</gc-op>
<gc-op id="4810" type="classunload" timems="0.013" contextid="4806" timestamp="2019-08-08T19:54:34.759">
  <classunload-info classloadercandidates="69" classloadersunloaded="0" classesunloaded="0" anonymousclassesunloaded="0" quiescems="0.000" setupms="0.012" scanms="0.000" postms="0.000" />
</gc-op>
<heap-resize id="4811" type="contract" space="default" amount="12582912" count="1" timems="0.491" reason="excess free space following gc" timestamp="2019-08-08T19:54:34.759" />
<gc-end id="4812" type="partial gc" contextid="4806" durationms="13.645" usertimems="27.999" systemtimems="9.286" timestamp="2019-08-08T19:54:34.759" activeThreads="16">
  <mem-info id="4813" free="169869312" total="228589568" percent="74">
    <mem type="eden" free="2226888" total="6291456" percent="35" />
    <remembered-set count="11008" freebytes="9597568" totalbytes="9641600" percent="99" regionsoverflowed="0" regionsstable="10" regionsrebuilding="0"/>
  </mem-info>
</gc-end>
<cycle-end id="4814" type="partial gc" contextid="4806" timestamp="2019-08-08T19:54:34.760" />
  <attribute name="elasticGC enabled" value="1" />
  <attribute name= "numThreadsSpecified" value="16" />
  <attribute name="heapSize specified" value="0" />
  <attribute name="Current GC Util" value="50" />
  <attribute name= "Current Time Running" value="115629" />
  <attribute name ="GC Interval" value="0" />
  <attribute name="Target GC Util Change" value ="80.000000" />
  <attribute name="Current GC Util Change" value="50.000000"/>
  <attribute name="Current Error" value="165.000000" />
  <attribute name="Output H" value="241248352"/>
  <attribute name="Output I" value="2304"/>
  <attribute name="Output T" value="16"/>
  <attribute name= "Current Time Running" value="115629" />
  <attribute name="GC Util currently" value="50" />
  <attribute name="CPU Util currently" value="744861149249" />
<exclusive-end id="4815" timestamp="2019-08-08T19:54:34.760" durationms="14.803" />

<exclusive-start id="4816" timestamp="2019-08-08T19:54:34.843" intervalms="98.209">
  <response-info timems="2.209" idlems="1.399" threads="2" lastid="00000000022AE900" lastname="Thread-37" />
</exclusive-start>
<allocation-taxation id="4817" taxation-threshold="65011712" timestamp="2019-08-08T19:54:34.844" intervalms="98.231" />
<cycle-start id="4818" type="partial gc" contextid="0" timestamp="2019-08-08T19:54:34.844" intervalms="98.231" />
<gc-start id="4819" type="partial gc" contextid="4818" timestamp="2019-08-08T19:54:34.844">
  <mem-info id="4820" free="104857600" total="228589568" percent="45">
    <mem type="eden" free="0" total="65011712" percent="0" />
    <remembered-set count="10912" freebytes="9597952" totalbytes="9641600" percent="99" regionsoverflowed="0" regionsstable="10" regionsrebuilding="0"/>
  </mem-info>
</gc-start>
<allocation-stats totalBytes="64878888" >
  <allocated-bytes non-tlh="32776" tlh="64846112" arrayletleaf="0"/>
  <largest-consumer threadName="Thread-39" threadId="00000000022C1500" bytes="10248320" />
</allocation-stats>
<gc-op id="4821" type="copy forward" timems="11.666" contextid="4818" timestamp="2019-08-08T19:54:34.858">
  <memory-copied type="eden" objects="10285" bytes="4088888" bytesdiscarded="756816" />
  <memory-copied type="other" objects="26243" bytes="999656" bytesdiscarded="66104" />
  <memory-cardclean objects="905" bytes="102616" />
  <regions eden="31" other="5" />
  <remembered-set-cleared processed="1758" cleared="842" durationms="0.111" />
  <finalization candidates="1" enqueued="0" />
  <references type="soft" candidates="25" cleared="0" enqueued="0" dynamicThreshold="23" maxThreshold="32" />
  <references type="weak" candidates="89" cleared="0" enqueued="0" />
  <references type="phantom" candidates="24" cleared="0" enqueued="0" />
  <stringconstants candidates="16426" cleared="0"  />
</gc-op>
<gc-op id="4822" type="classunload" timems="0.012" contextid="4818" timestamp="2019-08-08T19:54:34.858">
  <classunload-info classloadercandidates="69" classloadersunloaded="0" classesunloaded="0" anonymousclassesunloaded="0" quiescems="0.000" setupms="0.012" scanms="0.000" postms="0.000" />
</gc-op>
<heap-resize id="4823" type="contract" space="default" amount="12582912" count="1" timems="1.133" reason="excess free space following gc" timestamp="2019-08-08T19:54:34.859" />
<gc-end id="4824" type="partial gc" contextid="4818" durationms="14.826" usertimems="63.288" systemtimems="4.311" timestamp="2019-08-08T19:54:34.859" activeThreads="16">
  <mem-info id="4825" free="155189248" total="216006656" percent="71">
    <mem type="eden" free="1445472" total="6291456" percent="22" />
    <remembered-set count="10720" freebytes="9095680" totalbytes="9138560" percent="99" regionsoverflowed="0" regionsstable="10" regionsrebuilding="0"/>
  </mem-info>
</gc-end>
<cycle-end id="4826" type="partial gc" contextid="4818" timestamp="2019-08-08T19:54:34.859" />
  <attribute name="elasticGC enabled" value="1" />
  <attribute name= "numThreadsSpecified" value="16" />
  <attribute name="heapSize specified" value="0" />
  <attribute name="Current GC Util" value="60" />
  <attribute name= "Current Time Running" value="115728" />
  <attribute name ="GC Interval" value="0" />
  <attribute name="Target GC Util Change" value ="80.000000" />
  <attribute name="Current GC Util Change" value="60.000000"/>
  <attribute name="Current Error" value="236.000000" />
  <attribute name="Output H" value="228665520"/>
  <attribute name="Output I" value="2432"/>
  <attribute name="Output T" value="16"/>
  <attribute name= "Current Time Running" value="115728" />
  <attribute name="GC Util currently" value="60" />
  <attribute name="CPU Util currently" value="848567429203" />
<exclusive-end id="4827" timestamp="2019-08-08T19:54:34.860" durationms="16.171" />

<exclusive-start id="4828" timestamp="2019-08-08T19:54:34.893" intervalms="49.057">
  <response-info timems="3.767" idlems="3.767" threads="0" lastid="00000000022C1500" lastname="Thread-39" />
</exclusive-start>
<allocation-taxation id="4829" taxation-threshold="29360128" timestamp="2019-08-08T19:54:34.893" intervalms="49.052" />
<cycle-start id="4830" type="global mark phase" contextid="0" timestamp="2019-08-08T19:54:34.893" intervalms="10413.283" />
<gc-start id="4831" type="global mark phase" contextid="4830" timestamp="2019-08-08T19:54:34.893">
  <mem-info id="4832" free="125829120" total="216006656" percent="58">
    <remembered-set count="10656" freebytes="9095936" totalbytes="9138560" percent="99" regionsoverflowed="0" regionsstable="10" regionsrebuilding="0"/>
  </mem-info>
</gc-start>
<gc-op id="4833" type="mark increment" timems="8.595" contextid="4830" timestamp="2019-08-08T19:54:34.901">
  <trace-info objectcount="720" scancount="0" scanbytes="0" />
</gc-op>
<gc-end id="4834" type="global mark phase" contextid="4830" durationms="8.702" usertimems="23.248" systemtimems="10.881" timestamp="2019-08-08T19:54:34.901" activeThreads="16">
  <mem-info id="4835" free="125829120" total="216006656" percent="58">
    <remembered-set count="10656" freebytes="9095936" totalbytes="9138560" percent="99" regionsoverflowed="0" regionsstable="0" regionsrebuilding="10"/>
  </mem-info>
</gc-end>
<concurrent-start id="4836" type="GMP work packet processing" contextid="4830" timestamp="2019-08-08T19:54:34.901">
  <concurrent-mark-start scanTarget="13356836" />
</concurrent-start>
<exclusive-end id="4837" timestamp="2019-08-08T19:54:34.902" durationms="9.005" />

<concurrent-end id="4838" type="GMP work packet processing" contextid="4830" timestamp="2019-08-08T19:54:34.939">
  <concurrent-mark-end bytesScanned="13594764" reasonForTermination="Work target met" />
</concurrent-end>

<exclusive-start id="4839" timestamp="2019-08-08T19:54:34.993" intervalms="100.248">
  <response-info timems="1.001" idlems="1.001" threads="0" lastid="00000000022AAD00" lastname="Thread-41" />
</exclusive-start>
<allocation-taxation id="4840" taxation-threshold="29360128" timestamp="2019-08-08T19:54:34.993" intervalms="100.236" />
<cycle-start id="4841" type="partial gc" contextid="0" timestamp="2019-08-08T19:54:34.993" intervalms="149.400" />
<gc-start id="4842" type="partial gc" contextid="4841" timestamp="2019-08-08T19:54:34.993">
  <mem-info id="4843" free="96468992" total="216006656" percent="44">
    <mem type="eden" free="0" total="58720256" percent="0" />
    <remembered-set count="110880" freebytes="8695040" totalbytes="9138560" percent="95" regionsoverflowed="0" regionsstable="0" regionsrebuilding="10"/>
  </mem-info>
</gc-start>
<allocation-stats totalBytes="58281504" >
  <allocated-bytes non-tlh="98336" tlh="58183168" arrayletleaf="0"/>
  <largest-consumer threadName="Thread-39" threadId="00000000022C1500" bytes="5039848" />
</allocation-stats>
<gc-op id="4844" type="copy forward" timems="10.449" contextid="4841" timestamp="2019-08-08T19:54:35.005">
  <memory-copied type="eden" objects="8721" bytes="3467288" bytesdiscarded="950296" />
  <memory-copied type="other" objects="26116" bytes="996472" bytesdiscarded="79368" />
  <memory-cardclean objects="4695" bytes="239600" />
  <regions eden="28" other="4" />
  <remembered-set-cleared processed="100565" cleared="4785" durationms="0.594" />
  <finalization candidates="1" enqueued="0" />
  <references type="soft" candidates="25" cleared="0" enqueued="0" dynamicThreshold="18" maxThreshold="32" />
  <references type="weak" candidates="90" cleared="0" enqueued="0" />
  <references type="phantom" candidates="25" cleared="0" enqueued="0" />
  <stringconstants candidates="16426" cleared="0"  />
</gc-op>
<gc-op id="4845" type="classunload" timems="0.012" contextid="4841" timestamp="2019-08-08T19:54:35.005">
  <classunload-info classloadercandidates="69" classloadersunloaded="0" classesunloaded="0" anonymousclassesunloaded="0" quiescems="0.000" setupms="0.011" scanms="0.000" postms="0.000" />
</gc-op>
<heap-resize id="4846" type="contract" space="default" amount="12582912" count="1" timems="0.525" reason="excess free space following gc" timestamp="2019-08-08T19:54:35.006" />
<gc-end id="4847" type="partial gc" contextid="4841" durationms="12.704" usertimems="40.722" systemtimems="5.674" timestamp="2019-08-08T19:54:35.006" activeThreads="16">
  <mem-info id="4848" free="140509184" total="203423744" percent="69">
    <mem type="eden" free="1873608" total="6291456" percent="29" />
    <remembered-set count="109408" freebytes="8197888" totalbytes="8635520" percent="94" regionsoverflowed="0" regionsstable="0" regionsrebuilding="10"/>
  </mem-info>
</gc-end>
<cycle-end id="4849" type="partial gc" contextid="4841" timestamp="2019-08-08T19:54:35.006" />
  <attribute name="elasticGC enabled" value="1" />
  <attribute name= "numThreadsSpecified" value="16" />
  <attribute name="heapSize specified" value="0" />
  <attribute name="Current GC Util" value="720" />
  <attribute name= "Current Time Running" value="115876" />
  <attribute name ="GC Interval" value="0" />
  <attribute name="Target GC Util Change" value ="80.000000" />
  <attribute name="Current GC Util Change" value="720.000000"/>
  <attribute name="Current Error" value="-1031.000000" />
  <attribute name="Output H" value="216081152"/>
  <attribute name="Output I" value="200"/>
  <attribute name="Output T" value="16"/>
  <attribute name= "Current Time Running" value="115876" />
  <attribute name="GC Util currently" value="720" />
  <attribute name="CPU Util currently" value="915825972506" />
<exclusive-end id="4850" timestamp="2019-08-08T19:54:35.007" durationms="13.779" />

<exclusive-start id="4851" timestamp="2019-08-08T19:54:35.036" intervalms="43.652">
  <response-info timems="1.023" idlems="1.023" threads="0" lastid="00000000022AAD00" lastname="Thread-41" />
</exclusive-start>
<allocation-taxation id="4852" taxation-threshold="29360128" timestamp="2019-08-08T19:54:35.036" intervalms="43.653" />
<gc-start id="4853" type="global mark phase" contextid="4830" timestamp="2019-08-08T19:54:35.037">
  <mem-info id="4854" free="111149056" total="203423744" percent="54">
    <remembered-set count="109152" freebytes="8198912" totalbytes="8635520" percent="94" regionsoverflowed="0" regionsstable="0" regionsrebuilding="10"/>
  </mem-info>
</gc-start>
<gc-end id="4855" type="global mark phase" contextid="4830" durationms="0.029" usertimems="0.015" systemtimems="0.010" timestamp="2019-08-08T19:54:35.037" activeThreads="16">
  <mem-info id="4856" free="111149056" total="203423744" percent="54">
    <remembered-set count="109152" freebytes="8198912" totalbytes="8635520" percent="94" regionsoverflowed="0" regionsstable="0" regionsrebuilding="10"/>
  </mem-info>
</gc-end>
<concurrent-start id="4857" type="GMP work packet processing" contextid="4830" timestamp="2019-08-08T19:54:35.037">
  <concurrent-mark-start scanTarget="10017627" />
</concurrent-start>
<exclusive-end id="4858" timestamp="2019-08-08T19:54:35.037" durationms="0.718" />

<concurrent-end id="4859" type="GMP work packet processing" contextid="4830" timestamp="2019-08-08T19:54:35.054">
  <concurrent-mark-end bytesScanned="3348512" reasonForTermination="Completed all work in GC phase" />
</concurrent-end>

<exclusive-start id="4860" timestamp="2019-08-08T19:54:35.071" intervalms="34.243">
  <response-info timems="0.499" idlems="0.499" threads="0" lastid="0000000002289200" lastname="Thread-42" />
</exclusive-start>
<allocation-taxation id="4861" taxation-threshold="29360128" timestamp="2019-08-08T19:54:35.071" intervalms="34.254" />
<cycle-start id="4862" type="partial gc" contextid="0" timestamp="2019-08-08T19:54:35.071" intervalms="78.076" />
<gc-start id="4863" type="partial gc" contextid="4862" timestamp="2019-08-08T19:54:35.071">
  <mem-info id="4864" free="81788928" total="203423744" percent="40">
    <mem type="eden" free="0" total="58720256" percent="0" />
    <remembered-set count="141856" freebytes="8068096" totalbytes="8635520" percent="93" regionsoverflowed="0" regionsstable="0" regionsrebuilding="10"/>
  </mem-info>
</gc-start>
<allocation-stats totalBytes="58444616" >
  <allocated-bytes non-tlh="106536" tlh="58338080" arrayletleaf="0"/>
  <largest-consumer threadName="Thread-46" threadId="000000000227DF00" bytes="4615160" />
</allocation-stats>
<gc-op id="4865" type="copy forward" timems="11.350" contextid="4862" timestamp="2019-08-08T19:54:35.084">
  <memory-copied type="eden" objects="10168" bytes="4053576" bytesdiscarded="756424" />
  <memory-copied type="other" objects="26030" bytes="995088" bytesdiscarded="68312" />
  <memory-cardclean objects="3166" bytes="309040" />
  <regions eden="28" other="4" />
  <remembered-set-cleared processed="132215" cleared="3762" durationms="0.763" />
  <finalization candidates="1" enqueued="0" />
  <references type="soft" candidates="25" cleared="0" enqueued="0" dynamicThreshold="17" maxThreshold="32" />
  <references type="weak" candidates="89" cleared="0" enqueued="0" />
  <references type="phantom" candidates="24" cleared="0" enqueued="0" />
  <stringconstants candidates="16426" cleared="0"  />
</gc-op>
<gc-op id="4866" type="classunload" timems="0.018" contextid="4862" timestamp="2019-08-08T19:54:35.084">
  <classunload-info classloadercandidates="69" classloadersunloaded="0" classesunloaded="0" anonymousclassesunloaded="0" quiescems="0.000" setupms="0.018" scanms="0.000" postms="0.000" />
</gc-op>
<heap-resize id="4867" type="contract" space="default" amount="10485760" count="1" timems="1.321" reason="excess free space following gc" timestamp="2019-08-08T19:54:35.086" />
<gc-end id="4868" type="partial gc" contextid="4862" durationms="14.565" usertimems="42.422" systemtimems="11.593" timestamp="2019-08-08T19:54:35.086" activeThreads="16">
  <mem-info id="4869" free="125829120" total="192937984" percent="65">
    <mem type="eden" free="3578336" total="8388608" percent="42" />
    <remembered-set count="142496" freebytes="7562496" totalbytes="8132480" percent="92" regionsoverflowed="0" regionsstable="0" regionsrebuilding="10"/>
  </mem-info>
</gc-end>
<cycle-end id="4870" type="partial gc" contextid="4862" timestamp="2019-08-08T19:54:35.086" />
  <attribute name="elasticGC enabled" value="1" />
  <attribute name= "numThreadsSpecified" value="16" />
  <attribute name="heapSize specified" value="0" />
  <attribute name="Current GC Util" value="69" />
  <attribute name= "Current Time Running" value="115955" />
  <attribute name ="GC Interval" value="0" />
  <attribute name="Target GC Util Change" value ="80.000000" />
  <attribute name="Current GC Util Change" value="69.000000"/>
  <attribute name="Current Error" value="33.000000" />
  <attribute name="Output H" value="203499464"/>
  <attribute name="Output I" value="2072"/>
  <attribute name="Output T" value="16"/>
  <attribute name= "Current Time Running" value="115955" />
  <attribute name="GC Util currently" value="69" />
  <attribute name="CPU Util currently" value="883453850909" />
<exclusive-end id="4871" timestamp="2019-08-08T19:54:35.086" durationms="15.755" />

<exclusive-start id="4872" timestamp="2019-08-08T19:54:35.112" intervalms="41.241">
  <response-info timems="1.167" idlems="0.605" threads="2" lastid="00000000022C5100" lastname="Thread-51" />
</exclusive-start>
<allocation-taxation id="4873" taxation-threshold="27262976" timestamp="2019-08-08T19:54:35.112" intervalms="41.238" />
<gc-start id="4874" type="global mark phase" contextid="4830" timestamp="2019-08-08T19:54:35.112">
  <mem-info id="4875" free="98566144" total="192937984" percent="51">
    <remembered-set count="142304" freebytes="7563264" totalbytes="8132480" percent="93" regionsoverflowed="0" regionsstable="0" regionsrebuilding="10"/>
  </mem-info>
</gc-start>
<gc-op id="4876" type="mark increment" timems="10.456" contextid="4830" timestamp="2019-08-08T19:54:35.123">
  <trace-info objectcount="9789" scancount="8010" scanbytes="1805956" />
  <cardclean-info objects="16342" bytes="710116" />
  <finalization candidates="154" enqueued="0" />
  <ownableSynchronizers candidates="23" cleared="0" />
  <references type="soft" candidates="3718" cleared="0" enqueued="0" dynamicThreshold="20" maxThreshold="32" />
  <references type="weak" candidates="6382" cleared="20" enqueued="19" />
  <references type="phantom" candidates="909" cleared="0" enqueued="0" />
  <stringconstants candidates="16426" cleared="0"  />
</gc-op>
<gc-op id="4877" type="classunload" timems="0.011" contextid="4830" timestamp="2019-08-08T19:54:35.123">
  <classunload-info classloadercandidates="69" classloadersunloaded="0" classesunloaded="0" anonymousclassesunloaded="0" quiescems="0.000" setupms="0.011" scanms="0.000" postms="0.000" />
</gc-op>
<gc-end id="4878" type="global mark phase" contextid="4830" durationms="10.785" usertimems="10.872" systemtimems="12.702" timestamp="2019-08-08T19:54:35.123" activeThreads="16">
  <mem-info id="4879" free="98566144" total="192937984" percent="51">
    <pending-finalizers system="0" default="0" reference="19" classloader="0" />
    <remembered-set count="146912" freebytes="7544832" totalbytes="8132480" percent="92" regionsoverflowed="0" regionsstable="0" regionsrebuilding="0"/>
  </mem-info>
</gc-end>
<cycle-end id="4880" type="global mark phase" contextid="4830" timestamp="2019-08-08T19:54:35.123" />
  <attribute name="elasticGC enabled" value="1" />
  <attribute name= "numThreadsSpecified" value="16" />
  <attribute name="heapSize specified" value="0" />
  <attribute name="Current GC Util" value="189" />
  <attribute name= "Current Time Running" value="115998" />
  <attribute name ="GC Interval" value="0" />
  <attribute name="Target GC Util Change" value ="80.000000" />
  <attribute name="Current GC Util Change" value="189.000000"/>
  <attribute name="Current Error" value="-213.000000" />
  <attribute name="Output H" value="193013424"/>
  <attribute name="Output I" value="1632"/>
  <attribute name="Output T" value="16"/>
  <attribute name= "Current Time Running" value="115998" />
  <attribute name="GC Util currently" value="189" />
  <attribute name="CPU Util currently" value="633692657536" />
<exclusive-end id="4881" timestamp="2019-08-08T19:54:35.123" durationms="11.393" />

<exclusive-start id="4882" timestamp="2019-08-08T19:54:35.149" intervalms="37.512">
  <response-info timems="1.870" idlems="1.870" threads="0" lastid="00000000022BD900" lastname="Thread-43" />
</exclusive-start>
<allocation-taxation id="4883" taxation-threshold="27262976" timestamp="2019-08-08T19:54:35.149" intervalms="37.501" />
<cycle-start id="4884" type="partial gc" contextid="0" timestamp="2019-08-08T19:54:35.150" intervalms="78.449" />
<gc-start id="4885" type="partial gc" contextid="4884" timestamp="2019-08-08T19:54:35.150">
  <mem-info id="4886" free="71303168" total="192937984" percent="36">
    <mem type="eden" free="0" total="54525952" percent="0" />
    <remembered-set count="9952" freebytes="8092672" totalbytes="8132480" percent="99" regionsoverflowed="0" regionsstable="10" regionsrebuilding="0"/>
  </mem-info>
</gc-start>
<allocation-stats totalBytes="54149008" >
  <allocated-bytes non-tlh="98336" tlh="54050672" arrayletleaf="0"/>
  <largest-consumer threadName="Thread-44" threadId="0000000002272B00" bytes="3165680" />
</allocation-stats>
<gc-op id="4887" type="sweep" timems="1.718" contextid="4884" timestamp="2019-08-08T19:54:35.152" />
<gc-op id="4888" type="copy forward" timems="7.579" contextid="4884" timestamp="2019-08-08T19:54:35.161">
  <memory-copied type="eden" objects="8564" bytes="3425232" bytesdiscarded="745777" />
  <memory-copied type="other" objects="30" bytes="1528" bytesdiscarded="231" />
  <memory-cardclean objects="3188" bytes="179976" />
  <regions eden="13" other="19" />
  <remembered-set-cleared processed="2412" cleared="1063" durationms="0.122" />
  <references type="phantom" candidates="2" cleared="0" enqueued="0" />
  <stringconstants candidates="16426" cleared="0"  />
</gc-op>
<gc-op id="4889" type="classunload" timems="0.011" contextid="4884" timestamp="2019-08-08T19:54:35.161">
  <classunload-info classloadercandidates="69" classloadersunloaded="0" classesunloaded="0" anonymousclassesunloaded="0" quiescems="0.000" setupms="0.010" scanms="0.000" postms="0.000" />
</gc-op>
<heap-resize id="4890" type="contract" space="default" amount="10485760" count="1" timems="0.451" reason="excess free space following gc" timestamp="2019-08-08T19:54:35.162" />
<gc-end id="4891" type="partial gc" contextid="4884" durationms="11.655" usertimems="18.755" systemtimems="10.594" timestamp="2019-08-08T19:54:35.162" activeThreads="16">
  <mem-info id="4892" free="117440512" total="182452224" percent="64">
    <mem type="eden" free="21928" total="4194304" percent="0" />
    <remembered-set count="8896" freebytes="7677696" totalbytes="7713280" percent="99" regionsoverflowed="0" regionsstable="10" regionsrebuilding="0"/>
  </mem-info>
</gc-end>
<cycle-end id="4893" type="partial gc" contextid="4884" timestamp="2019-08-08T19:54:35.162" />
  <attribute name="elasticGC enabled" value="1" />
  <attribute name= "numThreadsSpecified" value="16" />
  <attribute name="heapSize specified" value="0" />
  <attribute name="Current GC Util" value="73" />
  <attribute name= "Current Time Running" value="116035" />
  <attribute name ="GC Interval" value="0" />
  <attribute name="Target GC Util Change" value ="80.000000" />
  <attribute name="Current GC Util Change" value="73.000000"/>
  <attribute name="Current Error" value="-59.000000" />
  <attribute name="Output H" value="193013600"/>
  <attribute name="Output I" value="1904"/>
  <attribute name="Output T" value="16"/>
  <attribute name= "Current Time Running" value="116035" />
  <attribute name="GC Util currently" value="73" />
  <attribute name="CPU Util currently" value="1054565271144" />
<exclusive-end id="4894" timestamp="2019-08-08T19:54:35.162" durationms="12.635" />

<exclusive-start id="4895" timestamp="2019-08-08T19:54:35.193" intervalms="43.151">
  <response-info timems="0.461" idlems="0.461" threads="0" lastid="0000000002290A00" lastname="Thread-47" />
</exclusive-start>
<allocation-taxation id="4896" taxation-threshold="25165824" timestamp="2019-08-08T19:54:35.193" intervalms="43.150" />
<cycle-start id="4897" type="global mark phase" contextid="0" timestamp="2019-08-08T19:54:35.193" intervalms="300.558" />
<gc-start id="4898" type="global mark phase" contextid="4897" timestamp="2019-08-08T19:54:35.193">
  <mem-info id="4899" free="92274688" total="182452224" percent="50">
    <remembered-set count="8896" freebytes="7677696" totalbytes="7713280" percent="99" regionsoverflowed="0" regionsstable="10" regionsrebuilding="0"/>
  </mem-info>
</gc-start>
<gc-op id="4900" type="mark increment" timems="2.660" contextid="4897" timestamp="2019-08-08T19:54:35.196">
  <trace-info objectcount="726" scancount="0" scanbytes="0" />
</gc-op>
<gc-end id="4901" type="global mark phase" contextid="4897" durationms="2.713" usertimems="11.193" systemtimems="0.000" timestamp="2019-08-08T19:54:35.196" activeThreads="16">
  <mem-info id="4902" free="92274688" total="182452224" percent="50">
    <remembered-set count="8896" freebytes="7677696" totalbytes="7713280" percent="99" regionsoverflowed="0" regionsstable="0" regionsrebuilding="10"/>
  </mem-info>
</gc-end>
<concurrent-start id="4903" type="GMP work packet processing" contextid="4897" timestamp="2019-08-08T19:54:35.196">
  <concurrent-mark-start scanTarget="11313578" />
</concurrent-start>
<exclusive-end id="4904" timestamp="2019-08-08T19:54:35.196" durationms="3.817" />

<concurrent-end id="4905" type="GMP work packet processing" contextid="4897" timestamp="2019-08-08T19:54:35.206">
  <concurrent-mark-end bytesScanned="11468500" reasonForTermination="Work target met" />
</concurrent-end>

<exclusive-start id="4906" timestamp="2019-08-08T19:54:35.222" intervalms="29.408">
  <response-info timems="0.397" idlems="0.381" threads="1" lastid="00000000022AE900" lastname="Thread-37" />
</exclusive-start>
<allocation-taxation id="4907" taxation-threshold="25165824" timestamp="2019-08-08T19:54:35.222" intervalms="29.416" />
<cycle-start id="4908" type="partial gc" contextid="0" timestamp="2019-08-08T19:54:35.222" intervalms="72.602" />
<gc-start id="4909" type="partial gc" contextid="4908" timestamp="2019-08-08T19:54:35.222">
  <mem-info id="4910" free="67108864" total="182452224" percent="36">
    <mem type="eden" free="0" total="50331648" percent="0" />
    <remembered-set count="85216" freebytes="7372416" totalbytes="7713280" percent="95" regionsoverflowed="0" regionsstable="0" regionsrebuilding="10"/>
  </mem-info>
</gc-start>
<allocation-stats totalBytes="49987752" >
  <allocated-bytes non-tlh="0" tlh="49987752" arrayletleaf="0"/>
  <largest-consumer threadName="Thread-39" threadId="00000000022C1500" bytes="4414528" />
</allocation-stats>
<gc-op id="4911" type="copy forward" timems="27.861" contextid="4908" timestamp="2019-08-08T19:54:35.252">
  <memory-copied type="eden" objects="9804" bytes="3844808" bytesdiscarded="686856" />
  <memory-copied type="other" objects="11463" bytes="679296" bytesdiscarded="53368" />
  <memory-cardclean objects="77024" bytes="2978288" />
  <regions eden="24" other="4" />
  <remembered-set-cleared processed="58229" cleared="21752" durationms="0.736" />
  <references type="soft" candidates="43" cleared="0" enqueued="0" dynamicThreshold="16" maxThreshold="32" />
  <references type="weak" candidates="28" cleared="0" enqueued="0" />
  <references type="phantom" candidates="5" cleared="0" enqueued="0" />
  <stringconstants candidates="16426" cleared="0"  />
</gc-op>
<gc-op id="4912" type="classunload" timems="0.046" contextid="4908" timestamp="2019-08-08T19:54:35.252">
  <classunload-info classloadercandidates="69" classloadersunloaded="0" classesunloaded="0" anonymousclassesunloaded="0" quiescems="0.000" setupms="0.045" scanms="0.000" postms="0.000" />
</gc-op>
<heap-resize id="4913" type="contract" space="default" amount="4194304" count="1" timems="0.542" reason="excess free space following gc" timestamp="2019-08-08T19:54:35.253" />
<gc-end id="4914" type="partial gc" contextid="4908" durationms="30.625" usertimems="100.561" systemtimems="29.485" timestamp="2019-08-08T19:54:35.253" activeThreads="16">
  <mem-info id="4915" free="109051904" total="178257920" percent="61">
    <mem type="eden" free="1759504" total="6291456" percent="27" />
    <remembered-set count="64960" freebytes="7034240" totalbytes="7294080" percent="96" regionsoverflowed="0" regionsstable="0" regionsrebuilding="10"/>
  </mem-info>
</gc-end>
<cycle-end id="4916" type="partial gc" contextid="4908" timestamp="2019-08-08T19:54:35.253" />
  <attribute name="elasticGC enabled" value="1" />
  <attribute name= "numThreadsSpecified" value="16" />
  <attribute name="heapSize specified" value="0" />
  <attribute name="Current GC Util" value="66" />
  <attribute name= "Current Time Running" value="116106" />
  <attribute name ="GC Interval" value="0" />
  <attribute name="Target GC Util Change" value ="80.000000" />
  <attribute name="Current GC Util Change" value="66.000000"/>
  <attribute name="Current Error" value="14.000000" />
  <attribute name="Output H" value="182527920"/>
  <attribute name="Output I" value="2040"/>
  <attribute name="Output T" value="16"/>
  <attribute name= "Current Time Running" value="116106" />
  <attribute name="GC Util currently" value="66" />
  <attribute name="CPU Util currently" value="712231642307" />
<exclusive-end id="4917" timestamp="2019-08-08T19:54:35.254" durationms="31.587" />

<exclusive-start id="4918" timestamp="2019-08-08T19:54:35.279" intervalms="56.597">
  <response-info timems="1.032" idlems="0.969" threads="1" lastid="00000000022AE900" lastname="Thread-37" />
</exclusive-start>
<allocation-taxation id="4919" taxation-threshold="25165824" timestamp="2019-08-08T19:54:35.279" intervalms="56.622" />
<gc-start id="4920" type="global mark phase" contextid="4897" timestamp="2019-08-08T19:54:35.279">
  <mem-info id="4921" free="83886080" total="178257920" percent="47">
    <remembered-set count="64768" freebytes="7035008" totalbytes="7294080" percent="96" regionsoverflowed="0" regionsstable="0" regionsrebuilding="10"/>
  </mem-info>
</gc-start>
<gc-end id="4922" type="global mark phase" contextid="4897" durationms="0.023" usertimems="0.012" systemtimems="0.008" timestamp="2019-08-08T19:54:35.279" activeThreads="16">
  <mem-info id="4923" free="83886080" total="178257920" percent="47">
    <remembered-set count="64768" freebytes="7035008" totalbytes="7294080" percent="96" regionsoverflowed="0" regionsstable="0" regionsrebuilding="10"/>
  </mem-info>
</gc-end>
<concurrent-start id="4924" type="GMP work packet processing" contextid="4897" timestamp="2019-08-08T19:54:35.287">
  <concurrent-mark-start scanTarget="15084770" />
</concurrent-start>
<exclusive-end id="4925" timestamp="2019-08-08T19:54:35.292" durationms="13.347" />

<exclusive-start id="4926" timestamp="2019-08-08T19:54:35.327" intervalms="48.690">
  <response-info timems="1.249" idlems="1.249" threads="0" lastid="0000000002294600" lastname="Thread-49" />
</exclusive-start>
<allocation-taxation id="4927" taxation-threshold="25165824" timestamp="2019-08-08T19:54:35.327" intervalms="48.661" />
<concurrent-end id="4928" type="GMP work packet processing" contextid="4897" timestamp="2019-08-08T19:54:35.328">
  <concurrent-mark-end bytesScanned="5486448" reasonForTermination="Termination requested" />
</concurrent-end>

<cycle-start id="4929" type="partial gc" contextid="0" timestamp="2019-08-08T19:54:35.328" intervalms="105.409" />
<gc-start id="4930" type="partial gc" contextid="4929" timestamp="2019-08-08T19:54:35.328">
  <mem-info id="4931" free="58720256" total="178257920" percent="32">
    <mem type="eden" free="0" total="50331648" percent="0" />
    <remembered-set count="120128" freebytes="6813568" totalbytes="7294080" percent="93" regionsoverflowed="0" regionsstable="0" regionsrebuilding="10"/>
  </mem-info>
</gc-start>
<allocation-stats totalBytes="50061320" >
  <allocated-bytes non-tlh="90144" tlh="49971176" arrayletleaf="0"/>
  <largest-consumer threadName="Thread-49" threadId="0000000002294600" bytes="2939976" />
</allocation-stats>
<gc-op id="4932" type="copy forward" timems="14.113" contextid="4929" timestamp="2019-08-08T19:54:35.344">
  <memory-copied type="eden" objects="8293" bytes="3427256" bytesdiscarded="728240" />
  <memory-copied type="other" objects="659" bytes="245760" bytesdiscarded="24792" />
  <memory-cardclean objects="21928" bytes="911472" />
  <regions eden="24" other="4" />
  <remembered-set-cleared processed="108476" cleared="9588" durationms="0.551" />
  <references type="phantom" candidates="6" cleared="0" enqueued="0" />
  <stringconstants candidates="16426" cleared="0"  />
</gc-op>
<gc-op id="4933" type="classunload" timems="0.011" contextid="4929" timestamp="2019-08-08T19:54:35.344">
  <classunload-info classloadercandidates="69" classloadersunloaded="0" classesunloaded="0" anonymousclassesunloaded="0" quiescems="0.000" setupms="0.011" scanms="0.000" postms="0.000" />
</gc-op>
<heap-resize id="4934" type="contract" space="default" amount="4194304" count="1" timems="0.242" reason="excess free space following gc" timestamp="2019-08-08T19:54:35.344" />
<gc-end id="4935" type="partial gc" contextid="4929" durationms="16.796" usertimems="39.095" systemtimems="10.832" timestamp="2019-08-08T19:54:35.345" activeThreads="16">
  <mem-info id="4936" free="106954752" total="174063616" percent="61">
    <mem type="eden" free="38520" total="4194304" percent="0" />
    <remembered-set count="112800" freebytes="6675200" totalbytes="7126400" percent="93" regionsoverflowed="0" regionsstable="0" regionsrebuilding="10"/>
  </mem-info>
</gc-end>
<cycle-end id="4937" type="partial gc" contextid="4929" timestamp="2019-08-08T19:54:35.345" />
  <attribute name="elasticGC enabled" value="1" />
  <attribute name= "numThreadsSpecified" value="16" />
  <attribute name="heapSize specified" value="0" />
  <attribute name="Current GC Util" value="49" />
  <attribute name= "Current Time Running" value="116212" />
  <attribute name ="GC Interval" value="0" />
  <attribute name="Target GC Util Change" value ="80.000000" />
  <attribute name="Current GC Util Change" value="49.000000"/>
  <attribute name="Current Error" value="0.000000" />
  <attribute name="Output H" value="178333600"/>
  <attribute name="Output I" value="2008"/>
  <attribute name="Output T" value="16"/>
  <attribute name= "Current Time Running" value="116212" />
  <attribute name="GC Util currently" value="49" />
  <attribute name="CPU Util currently" value="590189395141" />
<exclusive-end id="4938" timestamp="2019-08-08T19:54:35.345" durationms="17.789" />

<exclusive-start id="4939" timestamp="2019-08-08T19:54:35.365" intervalms="37.418">
  <response-info timems="0.369" idlems="0.127" threads="2" lastid="00000000022BD900" lastname="Thread-43" />
</exclusive-start>
<allocation-taxation id="4940" taxation-threshold="25165824" timestamp="2019-08-08T19:54:35.365" intervalms="37.409" />
<gc-start id="4941" type="global mark phase" contextid="4897" timestamp="2019-08-08T19:54:35.365">
  <mem-info id="4942" free="81788928" total="174063616" percent="46">
    <remembered-set count="112800" freebytes="6675200" totalbytes="7126400" percent="93" regionsoverflowed="0" regionsstable="0" regionsrebuilding="10"/>
  </mem-info>
</gc-start>
<gc-op id="4943" type="mark increment" timems="11.400" contextid="4897" timestamp="2019-08-08T19:54:35.376">
  <trace-info objectcount="9989" scancount="8085" scanbytes="2069784" />
  <cardclean-info objects="135190" bytes="4113096" />
  <finalization candidates="154" enqueued="0" />
  <ownableSynchronizers candidates="23" cleared="0" />
  <references type="soft" candidates="3718" cleared="59" enqueued="59" dynamicThreshold="19" maxThreshold="32" />
  <references type="weak" candidates="6362" cleared="0" enqueued="0" />
  <references type="phantom" candidates="908" cleared="0" enqueued="0" />
  <stringconstants candidates="16426" cleared="0"  />
</gc-op>
<gc-op id="4944" type="classunload" timems="0.026" contextid="4897" timestamp="2019-08-08T19:54:35.376">
  <classunload-info classloadercandidates="69" classloadersunloaded="0" classesunloaded="0" anonymousclassesunloaded="0" quiescems="0.000" setupms="0.025" scanms="0.000" postms="0.000" />
</gc-op>
<gc-end id="4945" type="global mark phase" contextid="4897" durationms="11.534" usertimems="29.362" systemtimems="13.014" timestamp="2019-08-08T19:54:35.376" activeThreads="16">
  <mem-info id="4946" free="81788928" total="174063616" percent="46">
    <pending-finalizers system="0" default="0" reference="59" classloader="0" />
    <remembered-set count="132768" freebytes="6595328" totalbytes="7126400" percent="92" regionsoverflowed="0" regionsstable="0" regionsrebuilding="0"/>
  </mem-info>
</gc-end>
<cycle-end id="4947" type="global mark phase" contextid="4897" timestamp="2019-08-08T19:54:35.376" />
  <attribute name="elasticGC enabled" value="1" />
  <attribute name= "numThreadsSpecified" value="16" />
  <attribute name="heapSize specified" value="0" />
  <attribute name="Current GC Util" value="304" />
  <attribute name= "Current Time Running" value="116251" />
  <attribute name ="GC Interval" value="0" />
  <attribute name="Target GC Util Change" value ="80.000000" />
  <attribute name="Current GC Util Change" value="304.000000"/>
  <attribute name="Current Error" value="-224.000000" />
  <attribute name="Output H" value="174139040"/>
  <attribute name="Output I" value="1608"/>
  <attribute name="Output T" value="16"/>
  <attribute name= "Current Time Running" value="116251" />
  <attribute name="GC Util currently" value="304" />
  <attribute name="CPU Util currently" value="794014806134" />
<exclusive-end id="4948" timestamp="2019-08-08T19:54:35.377" durationms="11.852" />

<exclusive-start id="4949" timestamp="2019-08-08T19:54:35.411" intervalms="45.999">
  <response-info timems="0.501" idlems="0.501" threads="0" lastid="000000000227DF00" lastname="Thread-46" />
</exclusive-start>
<allocation-taxation id="4950" taxation-threshold="25165824" timestamp="2019-08-08T19:54:35.411" intervalms="46.115" />
<cycle-start id="4951" type="partial gc" contextid="0" timestamp="2019-08-08T19:54:35.411" intervalms="83.390" />
<gc-start id="4952" type="partial gc" contextid="4951" timestamp="2019-08-08T19:54:35.411">
  <mem-info id="4953" free="56623104" total="174063616" percent="32">
    <mem type="eden" free="0" total="50331648" percent="0" />
    <remembered-set count="7808" freebytes="7095168" totalbytes="7126400" percent="99" regionsoverflowed="0" regionsstable="10" regionsrebuilding="0"/>
  </mem-info>
</gc-start>
<allocation-stats totalBytes="50021904" >
  <allocated-bytes non-tlh="131112" tlh="49890792" arrayletleaf="0"/>
  <largest-consumer threadName="Thread-46" threadId="000000000227DF00" bytes="5380168" />
</allocation-stats>
<gc-op id="4954" type="sweep" timems="2.425" contextid="4951" timestamp="2019-08-08T19:54:35.414" />
<gc-op id="4955" type="copy forward" timems="14.356" contextid="4951" timestamp="2019-08-08T19:54:35.429">
  <memory-copied type="eden" objects="8677" bytes="3523920" bytesdiscarded="746462" />
  <memory-copied type="other" objects="720" bytes="302304" bytesdiscarded="50778" />
  <memory-cardclean objects="7048" bytes="293024" />
  <regions eden="12" other="15" />
  <remembered-set-cleared processed="1704" cleared="747" durationms="0.110" />
  <references type="phantom" candidates="5" cleared="0" enqueued="0" />
  <stringconstants candidates="16426" cleared="0"  />
</gc-op>
<gc-op id="4956" type="classunload" timems="0.012" contextid="4951" timestamp="2019-08-08T19:54:35.429">
  <classunload-info classloadercandidates="69" classloadersunloaded="0" classesunloaded="0" anonymousclassesunloaded="0" quiescems="0.000" setupms="0.011" scanms="0.000" postms="0.000" />
</gc-op>
<heap-resize id="4957" type="expand" space="default" amount="4194304" count="1" timems="0.056" reason="excessive time being spent in gc" timestamp="2019-08-08T19:54:35.430" />
<gc-end id="4958" type="partial gc" contextid="4951" durationms="18.570" usertimems="19.150" systemtimems="31.889" timestamp="2019-08-08T19:54:35.430" activeThreads="16">
  <mem-info id="4959" free="106954752" total="178257920" percent="60">
    <mem type="eden" free="3765504" total="8388608" percent="44" />
    <remembered-set count="10432" freebytes="7084672" totalbytes="7126400" percent="99" regionsoverflowed="0" regionsstable="10" regionsrebuilding="0"/>
  </mem-info>
</gc-end>
<cycle-end id="4960" type="partial gc" contextid="4951" timestamp="2019-08-08T19:54:35.430" />
  <attribute name="elasticGC enabled" value="1" />
  <attribute name= "numThreadsSpecified" value="16" />
  <attribute name="heapSize specified" value="0" />
  <attribute name="Current GC Util" value="81" />
  <attribute name= "Current Time Running" value="116297" />
  <attribute name ="GC Interval" value="0" />
  <attribute name="Target GC Util Change" value ="80.000000" />
  <attribute name="Current GC Util Change" value="81.000000"/>
  <attribute name="Current Error" value="-327.000000" />
  <attribute name="Output H" value="174138920"/>
  <attribute name="Output I" value="1424"/>
  <attribute name="Output T" value="16"/>
  <attribute name= "Current Time Running" value="116297" />
  <attribute name="GC Util currently" value="81" />
  <attribute name="CPU Util currently" value="1184073190065" />
<exclusive-end id="4961" timestamp="2019-08-08T19:54:35.430" durationms="19.335" />

<exclusive-start id="4962" timestamp="2019-08-08T19:54:35.459" intervalms="47.843">
  <response-info timems="0.293" idlems="0.103" threads="2" lastid="0000000002281B00" lastname="Thread-48" />
</exclusive-start>
<allocation-taxation id="4963" taxation-threshold="25165824" timestamp="2019-08-08T19:54:35.459" intervalms="47.729" />
<cycle-start id="4964" type="global mark phase" contextid="0" timestamp="2019-08-08T19:54:35.459" intervalms="265.412" />
<gc-start id="4965" type="global mark phase" contextid="4964" timestamp="2019-08-08T19:54:35.459">
  <mem-info id="4966" free="81788928" total="178257920" percent="45">
    <remembered-set count="10208" freebytes="7085568" totalbytes="7126400" percent="99" regionsoverflowed="0" regionsstable="10" regionsrebuilding="0"/>
  </mem-info>
</gc-start>
<gc-op id="4967" type="mark increment" timems="6.860" contextid="4964" timestamp="2019-08-08T19:54:35.466">
  <trace-info objectcount="739" scancount="0" scanbytes="0" />
</gc-op>
<gc-end id="4968" type="global mark phase" contextid="4964" durationms="6.920" usertimems="19.131" systemtimems="6.143" timestamp="2019-08-08T19:54:35.466" activeThreads="16">
  <mem-info id="4969" free="81788928" total="178257920" percent="45">
    <remembered-set count="10208" freebytes="7085568" totalbytes="7126400" percent="99" regionsoverflowed="0" regionsstable="0" regionsrebuilding="10"/>
  </mem-info>
</gc-end>
<concurrent-start id="4970" type="GMP work packet processing" contextid="4964" timestamp="2019-08-08T19:54:35.466">
  <concurrent-mark-start scanTarget="17598912" />
</concurrent-start>
<exclusive-end id="4971" timestamp="2019-08-08T19:54:35.466" durationms="7.163" />

<concurrent-end id="4972" type="GMP work packet processing" contextid="4964" timestamp="2019-08-08T19:54:35.504">
  <concurrent-mark-end bytesScanned="16892432" reasonForTermination="Completed all work in GC phase" />
</concurrent-end>

<exclusive-start id="4973" timestamp="2019-08-08T19:54:35.513" intervalms="54.493">
  <response-info timems="1.858" idlems="1.858" threads="0" lastid="0000000002298200" lastname="Thread-45" />
</exclusive-start>
<allocation-taxation id="4974" taxation-threshold="25165824" timestamp="2019-08-08T19:54:35.513" intervalms="54.560" />
<cycle-start id="4975" type="partial gc" contextid="0" timestamp="2019-08-08T19:54:35.513" intervalms="102.267" />
<gc-start id="4976" type="partial gc" contextid="4975" timestamp="2019-08-08T19:54:35.514">
  <mem-info id="4977" free="56623104" total="178257920" percent="31">
    <mem type="eden" free="0" total="50331648" percent="0" />
    <remembered-set count="139840" freebytes="6567040" totalbytes="7126400" percent="92" regionsoverflowed="0" regionsstable="0" regionsrebuilding="10"/>
  </mem-info>
</gc-start>
<allocation-stats totalBytes="50061672" >
  <allocated-bytes non-tlh="0" tlh="50061672" arrayletleaf="0"/>
  <largest-consumer threadName="Thread-49" threadId="0000000002294600" bytes="2882360" />
</allocation-stats>
<gc-op id="4978" type="copy forward" timems="11.837" contextid="4975" timestamp="2019-08-08T19:54:35.527">
  <memory-copied type="eden" objects="9093" bytes="3718632" bytesdiscarded="988112" />
  <memory-copied type="other" objects="11445" bytes="678904" bytesdiscarded="98904" />
  <memory-cardclean objects="12511" bytes="610696" />
  <regions eden="24" other="6" />
  <remembered-set-cleared processed="130230" cleared="9996" durationms="1.253" />
  <references type="soft" candidates="43" cleared="0" enqueued="0" dynamicThreshold="14" maxThreshold="32" />
  <references type="weak" candidates="28" cleared="0" enqueued="0" />
  <references type="phantom" candidates="5" cleared="0" enqueued="0" />
  <stringconstants candidates="16426" cleared="0"  />
</gc-op>
<gc-op id="4979" type="classunload" timems="0.017" contextid="4975" timestamp="2019-08-08T19:54:35.527">
  <classunload-info classloadercandidates="69" classloadersunloaded="0" classesunloaded="0" anonymousclassesunloaded="0" quiescems="0.000" setupms="0.016" scanms="0.000" postms="0.000" />
</gc-op>
<heap-resize id="4980" type="expand" space="default" amount="6291456" count="1" timems="0.062" reason="excessive time being spent in gc" timestamp="2019-08-08T19:54:35.528" />
<gc-end id="4981" type="partial gc" contextid="4975" durationms="14.084" usertimems="65.065" systemtimems="8.913" timestamp="2019-08-08T19:54:35.528" activeThreads="16">
  <mem-info id="4982" free="111149056" total="184549376" percent="60">
    <mem type="eden" free="3681576" total="8388608" percent="43" />
    <remembered-set count="135424" freebytes="6836224" totalbytes="7377920" percent="92" regionsoverflowed="0" regionsstable="0" regionsrebuilding="10"/>
  </mem-info>
</gc-end>
<cycle-end id="4983" type="partial gc" contextid="4975" timestamp="2019-08-08T19:54:35.528" />
  <attribute name="elasticGC enabled" value="1" />
  <attribute name= "numThreadsSpecified" value="16" />
  <attribute name="heapSize specified" value="0" />
  <attribute name="Current GC Util" value="84" />
  <attribute name= "Current Time Running" value="116397" />
  <attribute name ="GC Interval" value="0" />
  <attribute name="Target GC Util Change" value ="80.000000" />
  <attribute name="Current GC Util Change" value="84.000000"/>
  <attribute name="Current Error" value="-391.000000" />
  <attribute name="Output H" value="178333152"/>
  <attribute name="Output I" value="1312"/>
  <attribute name="Output T" value="16"/>
  <attribute name= "Current Time Running" value="116397" />
  <attribute name="GC Util currently" value="84" />
  <attribute name="CPU Util currently" value="813764072401" />
<exclusive-end id="4984" timestamp="2019-08-08T19:54:35.528" durationms="14.827" />

<exclusive-start id="4985" timestamp="2019-08-08T19:54:35.549" intervalms="35.652">
  <response-info timems="2.264" idlems="2.264" threads="0" lastid="000000000227DF00" lastname="Thread-46" />
</exclusive-start>
<allocation-taxation id="4986" taxation-threshold="25165824" timestamp="2019-08-08T19:54:35.549" intervalms="35.688" />
<gc-start id="4987" type="global mark phase" contextid="4964" timestamp="2019-08-08T19:54:35.549">
  <mem-info id="4988" free="85983232" total="184549376" percent="46">
    <remembered-set count="135296" freebytes="6836736" totalbytes="7377920" percent="92" regionsoverflowed="0" regionsstable="0" regionsrebuilding="10"/>
  </mem-info>
</gc-start>
<gc-op id="4989" type="mark increment" timems="12.118" contextid="4964" timestamp="2019-08-08T19:54:35.561">
  <trace-info objectcount="8863" scancount="7196" scanbytes="1614796" />
  <cardclean-info objects="16389" bytes="671860" />
  <finalization candidates="154" enqueued="0" />
  <ownableSynchronizers candidates="23" cleared="0" />
  <references type="soft" candidates="3659" cleared="15" enqueued="15" dynamicThreshold="19" maxThreshold="32" />
  <references type="weak" candidates="6362" cleared="0" enqueued="0" />
  <references type="phantom" candidates="910" cleared="0" enqueued="0" />
  <stringconstants candidates="16426" cleared="36"  />
</gc-op>
<gc-op id="4990" type="classunload" timems="0.020" contextid="4964" timestamp="2019-08-08T19:54:35.561">
  <classunload-info classloadercandidates="69" classloadersunloaded="0" classesunloaded="0" anonymousclassesunloaded="0" quiescems="0.000" setupms="0.019" scanms="0.000" postms="0.000" />
</gc-op>
<gc-end id="4991" type="global mark phase" contextid="4964" durationms="12.287" usertimems="34.949" systemtimems="9.078" timestamp="2019-08-08T19:54:35.561" activeThreads="16">
  <mem-info id="4992" free="85983232" total="184549376" percent="46">
    <pending-finalizers system="0" default="0" reference="15" classloader="0" />
    <remembered-set count="140928" freebytes="6814208" totalbytes="7377920" percent="92" regionsoverflowed="0" regionsstable="0" regionsrebuilding="0"/>
  </mem-info>
</gc-end>
<cycle-end id="4993" type="global mark phase" contextid="4964" timestamp="2019-08-08T19:54:35.561" />
  <attribute name="elasticGC enabled" value="1" />
  <attribute name= "numThreadsSpecified" value="16" />
  <attribute name="heapSize specified" value="0" />
  <attribute name="Current GC Util" value="287" />
  <attribute name= "Current Time Running" value="116434" />
  <attribute name ="GC Interval" value="0" />
  <attribute name="Target GC Util Change" value ="80.000000" />
  <attribute name="Current GC Util Change" value="287.000000"/>
  <attribute name="Current Error" value="-868.000000" />
  <attribute name="Output H" value="184624056"/>
  <attribute name="Output I" value="464"/>
  <attribute name="Output T" value="16"/>
  <attribute name= "Current Time Running" value="116434" />
  <attribute name="GC Util currently" value="287" />
  <attribute name="CPU Util currently" value="858466529119" />
<exclusive-end id="4994" timestamp="2019-08-08T19:54:35.562" durationms="12.899" />

<exclusive-start id="4995" timestamp="2019-08-08T19:54:35.605" intervalms="56.274">
  <response-info timems="2.444" idlems="2.444" threads="0" lastid="00000000022AAD00" lastname="Thread-41" />
</exclusive-start>
<allocation-taxation id="4996" taxation-threshold="25165824" timestamp="2019-08-08T19:54:35.605" intervalms="56.280" />
<cycle-start id="4997" type="partial gc" contextid="0" timestamp="2019-08-08T19:54:35.605" intervalms="91.960" />
<gc-start id="4998" type="partial gc" contextid="4997" timestamp="2019-08-08T19:54:35.606">
  <mem-info id="4999" free="60817408" total="184549376" percent="32">
    <mem type="eden" free="2036608" total="52428800" percent="3" />
    <remembered-set count="9056" freebytes="7341696" totalbytes="7377920" percent="99" regionsoverflowed="0" regionsstable="10" regionsrebuilding="0"/>
  </mem-info>
</gc-start>
<allocation-stats totalBytes="50017840" >
  <allocated-bytes non-tlh="49168" tlh="49968672" arrayletleaf="0"/>
  <largest-consumer threadName="Thread-45" threadId="0000000002298200" bytes="3597328" />
</allocation-stats>
<gc-op id="5000" type="sweep" timems="1.852" contextid="4997" timestamp="2019-08-08T19:54:35.608" />
<gc-op id="5001" type="copy forward" timems="9.741" contextid="4997" timestamp="2019-08-08T19:54:35.618">
  <memory-copied type="eden" objects="8332" bytes="3423864" bytesdiscarded="502492" />
  <memory-copied type="other" objects="735" bytes="303816" bytesdiscarded="17932" />
  <memory-cardclean objects="3156" bytes="144760" />
  <regions eden="12" other="16" />
  <remembered-set-cleared processed="2327" cleared="971" durationms="0.119" />
  <references type="phantom" candidates="4" cleared="0" enqueued="0" />
  <stringconstants candidates="16390" cleared="0"  />
</gc-op>
<gc-op id="5002" type="classunload" timems="0.011" contextid="4997" timestamp="2019-08-08T19:54:35.618">
  <classunload-info classloadercandidates="69" classloadersunloaded="0" classesunloaded="0" anonymousclassesunloaded="0" quiescems="0.000" setupms="0.010" scanms="0.000" postms="0.000" />
</gc-op>
<heap-resize id="5003" type="expand" space="default" amount="20971520" count="1" timems="0.086" reason="excessive time being spent in gc" timestamp="2019-08-08T19:54:35.619" />
<gc-end id="5004" type="partial gc" contextid="4997" durationms="13.085" usertimems="25.787" systemtimems="18.766" timestamp="2019-08-08T19:54:35.619" activeThreads="16">
  <mem-info id="5005" free="123731968" total="205520896" percent="60">
    <mem type="eden" free="10432840" total="14680064" percent="71" />
    <remembered-set count="11488" freebytes="8170368" totalbytes="8216320" percent="99" regionsoverflowed="0" regionsstable="10" regionsrebuilding="0"/>
  </mem-info>
</gc-end>
<cycle-end id="5006" type="partial gc" contextid="4997" timestamp="2019-08-08T19:54:35.619" />
  <attribute name="elasticGC enabled" value="1" />
  <attribute name= "numThreadsSpecified" value="16" />
  <attribute name="heapSize specified" value="0" />
  <attribute name="Current GC Util" value="0" />
  <attribute name= "Current Time Running" value="116490" />
  <attribute name ="GC Interval" value="0" />
  <attribute name="Target GC Util Change" value ="80.000000" />
  <attribute name="Current GC Util Change" value="0.000000"/>
  <attribute name="Current Error" value="57.000000" />
  <attribute name="Output H" value="184625128"/>
  <attribute name="Output I" value="2112"/>
  <attribute name="Output T" value="16"/>
  <attribute name= "Current Time Running" value="116490" />
  <attribute name="GC Util currently" value="0" />
  <attribute name="CPU Util currently" value="3359171504118" />
<exclusive-end id="5007" timestamp="2019-08-08T19:54:35.619" durationms="14.080" />

<exclusive-start id="5008" timestamp="2019-08-08T19:54:35.664" intervalms="58.610">
  <response-info timems="1.068" idlems="0.361" threads="2" lastid="0000000002272B00" lastname="Thread-44" />
</exclusive-start>
<allocation-taxation id="5009" taxation-threshold="29360128" timestamp="2019-08-08T19:54:35.664" intervalms="58.547" />
<cycle-start id="5010" type="global mark phase" contextid="0" timestamp="2019-08-08T19:54:35.665" intervalms="205.985" />
<gc-start id="5011" type="global mark phase" contextid="5010" timestamp="2019-08-08T19:54:35.665">
  <mem-info id="5012" free="94371840" total="205520896" percent="45">
    <remembered-set count="11072" freebytes="8172032" totalbytes="8216320" percent="99" regionsoverflowed="0" regionsstable="10" regionsrebuilding="0"/>
  </mem-info>
</gc-start>
<gc-op id="5013" type="mark increment" timems="5.724" contextid="5010" timestamp="2019-08-08T19:54:35.670">
  <trace-info objectcount="724" scancount="0" scanbytes="0" />
</gc-op>
<gc-end id="5014" type="global mark phase" contextid="5010" durationms="5.839" usertimems="5.758" systemtimems="5.993" timestamp="2019-08-08T19:54:35.671" activeThreads="16">
  <mem-info id="5015" free="94371840" total="205520896" percent="45">
    <remembered-set count="11072" freebytes="8172032" totalbytes="8216320" percent="99" regionsoverflowed="0" regionsstable="0" regionsrebuilding="10"/>
  </mem-info>
</gc-end>
<concurrent-start id="5016" type="GMP work packet processing" contextid="5010" timestamp="2019-08-08T19:54:35.671">
  <concurrent-mark-start scanTarget="17778413" />
</concurrent-start>
<exclusive-end id="5017" timestamp="2019-08-08T19:54:35.671" durationms="7.496" />

<concurrent-end id="5018" type="GMP work packet processing" contextid="5010" timestamp="2019-08-08T19:54:35.700">
  <concurrent-mark-end bytesScanned="17119668" reasonForTermination="Completed all work in GC phase" />
</concurrent-end>

<exclusive-start id="5019" timestamp="2019-08-08T19:54:35.719" intervalms="55.061">
  <response-info timems="0.505" idlems="0.217" threads="6" lastid="0000000001F93B00" lastname="JIT Compilation Thread-4" />
</exclusive-start>
<allocation-taxation id="5020" taxation-threshold="29360128" timestamp="2019-08-08T19:54:35.719" intervalms="55.032" />
<cycle-start id="5021" type="partial gc" contextid="0" timestamp="2019-08-08T19:54:35.719" intervalms="113.803" />
<gc-start id="5022" type="partial gc" contextid="5021" timestamp="2019-08-08T19:54:35.719">
  <mem-info id="5023" free="65011712" total="205520896" percent="31">
    <mem type="eden" free="0" total="58720256" percent="0" />
    <remembered-set count="141472" freebytes="7650432" totalbytes="8216320" percent="93" regionsoverflowed="0" regionsstable="0" regionsrebuilding="10"/>
  </mem-info>
</gc-start>
<allocation-stats totalBytes="58329376" >
  <allocated-bytes non-tlh="57368" tlh="58272008" arrayletleaf="0"/>
  <largest-consumer threadName="Thread-42" threadId="0000000002289200" bytes="4210072" />
</allocation-stats>
<gc-op id="5024" type="copy forward" timems="10.915" contextid="5021" timestamp="2019-08-08T19:54:35.731">
  <memory-copied type="eden" objects="9704" bytes="3796896" bytesdiscarded="651272" />
  <memory-copied type="other" objects="11460" bytes="679720" bytesdiscarded="29688" />
  <memory-cardclean objects="12470" bytes="608416" />
  <regions eden="28" other="11" />
  <remembered-set-cleared processed="130551" cleared="10463" durationms="1.357" />
  <references type="soft" candidates="43" cleared="0" enqueued="0" dynamicThreshold="14" maxThreshold="32" />
  <references type="weak" candidates="28" cleared="0" enqueued="0" />
  <references type="phantom" candidates="3" cleared="0" enqueued="0" />
  <stringconstants candidates="16390" cleared="0"  />
</gc-op>
<gc-op id="5025" type="classunload" timems="0.016" contextid="5021" timestamp="2019-08-08T19:54:35.731">
  <classunload-info classloadercandidates="69" classloadersunloaded="0" classesunloaded="0" anonymousclassesunloaded="0" quiescems="0.000" setupms="0.016" scanms="0.000" postms="0.000" />
</gc-op>
<gc-end id="5026" type="partial gc" contextid="5021" durationms="12.049" usertimems="30.950" systemtimems="16.760" timestamp="2019-08-08T19:54:35.731" activeThreads="16">
  <mem-info id="5027" free="130023424" total="205520896" percent="63">
    <mem type="eden" free="1843016" total="6291456" percent="29" />
    <remembered-set count="135200" freebytes="7675520" totalbytes="8216320" percent="93" regionsoverflowed="0" regionsstable="0" regionsrebuilding="10"/>
  </mem-info>
</gc-end>
<cycle-end id="5028" type="partial gc" contextid="5021" timestamp="2019-08-08T19:54:35.731" />
  <attribute name="elasticGC enabled" value="1" />
  <attribute name= "numThreadsSpecified" value="16" />
  <attribute name="heapSize specified" value="0" />
  <attribute name="Current GC Util" value="253" />
  <attribute name= "Current Time Running" value="116602" />
  <attribute name ="GC Interval" value="0" />
  <attribute name="Target GC Util Change" value ="80.000000" />
  <attribute name="Current GC Util Change" value="253.000000"/>
  <attribute name="Current Error" value="-481.000000" />
  <attribute name="Output H" value="205596024"/>
  <attribute name="Output I" value="1152"/>
  <attribute name="Output T" value="16"/>
  <attribute name= "Current Time Running" value="116602" />
  <attribute name="GC Util currently" value="253" />
  <attribute name="CPU Util currently" value="1879779507898" />
<exclusive-end id="5029" timestamp="2019-08-08T19:54:35.731" durationms="12.870" />

<exclusive-start id="5030" timestamp="2019-08-08T19:54:35.764" intervalms="45.779">
  <response-info timems="1.249" idlems="0.641" threads="1" lastid="0000000002272B00" lastname="Thread-44" />
</exclusive-start>
<allocation-taxation id="5031" taxation-threshold="29360128" timestamp="2019-08-08T19:54:35.764" intervalms="45.773" />
<gc-start id="5032" type="global mark phase" contextid="5010" timestamp="2019-08-08T19:54:35.765">
  <mem-info id="5033" free="100663296" total="205520896" percent="48">
    <remembered-set count="134816" freebytes="7677056" totalbytes="8216320" percent="93" regionsoverflowed="0" regionsstable="0" regionsrebuilding="10"/>
  </mem-info>
</gc-start>
<gc-op id="5034" type="mark increment" timems="8.456" contextid="5010" timestamp="2019-08-08T19:54:35.773">
  <trace-info objectcount="9880" scancount="7939" scanbytes="1723348" />
  <cardclean-info objects="16392" bytes="591344" />
  <finalization candidates="154" enqueued="0" />
  <ownableSynchronizers candidates="23" cleared="0" />
  <references type="soft" candidates="3644" cleared="7" enqueued="7" dynamicThreshold="20" maxThreshold="32" />
  <references type="weak" candidates="6363" cleared="0" enqueued="0" />
  <references type="phantom" candidates="910" cleared="0" enqueued="0" />
  <stringconstants candidates="16390" cleared="1"  />
</gc-op>
<gc-op id="5035" type="classunload" timems="0.014" contextid="5010" timestamp="2019-08-08T19:54:35.773">
  <classunload-info classloadercandidates="69" classloadersunloaded="0" classesunloaded="0" anonymousclassesunloaded="0" quiescems="0.000" setupms="0.014" scanms="0.000" postms="0.000" />
</gc-op>
<gc-end id="5036" type="global mark phase" contextid="5010" durationms="8.614" usertimems="13.381" systemtimems="10.371" timestamp="2019-08-08T19:54:35.773" activeThreads="16">
  <mem-info id="5037" free="100663296" total="205520896" percent="48">
    <pending-finalizers system="0" default="0" reference="7" classloader="0" />
    <remembered-set count="140448" freebytes="7654528" totalbytes="8216320" percent="93" regionsoverflowed="0" regionsstable="0" regionsrebuilding="0"/>
  </mem-info>
</gc-end>
<cycle-end id="5038" type="global mark phase" contextid="5010" timestamp="2019-08-08T19:54:35.773" />
  <attribute name="elasticGC enabled" value="1" />
  <attribute name= "numThreadsSpecified" value="16" />
  <attribute name="heapSize specified" value="0" />
  <attribute name="Current GC Util" value="188" />
  <attribute name= "Current Time Running" value="116650" />
  <attribute name ="GC Interval" value="0" />
  <attribute name="Target GC Util Change" value ="80.000000" />
  <attribute name="Current GC Util Change" value="188.000000"/>
  <attribute name="Current Error" value="-657.000000" />
  <attribute name="Output H" value="205595824"/>
  <attribute name="Output I" value="840"/>
  <attribute name="Output T" value="16"/>
  <attribute name= "Current Time Running" value="116650" />
  <attribute name="GC Util currently" value="188" />
  <attribute name="CPU Util currently" value="836794015389" />
<exclusive-end id="5039" timestamp="2019-08-08T19:54:35.773" durationms="9.007" />

<exclusive-start id="5040" timestamp="2019-08-08T19:54:35.803" intervalms="38.527">
  <response-info timems="4.874" idlems="3.124" threads="3" lastid="00000000022B2500" lastname="Thread-40" />
</exclusive-start>
<allocation-taxation id="5041" taxation-threshold="29360128" timestamp="2019-08-08T19:54:35.803" intervalms="38.541" />
<cycle-start id="5042" type="partial gc" contextid="0" timestamp="2019-08-08T19:54:35.803" intervalms="84.136" />
<gc-start id="5043" type="partial gc" contextid="5042" timestamp="2019-08-08T19:54:35.803">
  <mem-info id="5044" free="71303168" total="205520896" percent="34">
    <mem type="eden" free="0" total="58720256" percent="0" />
    <remembered-set count="8864" freebytes="8180864" totalbytes="8216320" percent="99" regionsoverflowed="0" regionsstable="10" regionsrebuilding="0"/>
  </mem-info>
</gc-start>
<allocation-stats totalBytes="58534448" >
  <allocated-bytes non-tlh="16392" tlh="58518056" arrayletleaf="0"/>
  <largest-consumer threadName="Thread-46" threadId="000000000227DF00" bytes="7339848" />
</allocation-stats>
<gc-op id="5045" type="sweep" timems="1.890" contextid="5042" timestamp="2019-08-08T19:54:35.805" />
<gc-op id="5046" type="copy forward" timems="7.962" contextid="5042" timestamp="2019-08-08T19:54:35.814">
  <memory-copied type="eden" objects="9496" bytes="3688368" bytesdiscarded="715940" />
  <memory-copied type="other" objects="758" bytes="304352" bytesdiscarded="62484" />
  <memory-cardclean objects="3119" bytes="142024" />
  <regions eden="14" other="17" />
  <remembered-set-cleared processed="2352" cleared="996" durationms="0.167" />
  <stringconstants candidates="16389" cleared="0"  />
</gc-op>
<gc-op id="5047" type="classunload" timems="0.012" contextid="5042" timestamp="2019-08-08T19:54:35.814">
  <classunload-info classloadercandidates="69" classloadersunloaded="0" classesunloaded="0" anonymousclassesunloaded="0" quiescems="0.000" setupms="0.012" scanms="0.000" postms="0.000" />
</gc-op>
<heap-resize id="5048" type="contract" space="default" amount="10485760" count="1" timems="0.482" reason="excess free space following gc" timestamp="2019-08-08T19:54:35.815" />
<gc-end id="5049" type="partial gc" contextid="5042" durationms="11.628" usertimems="27.687" systemtimems="19.478" timestamp="2019-08-08T19:54:35.815" activeThreads="16">
  <mem-info id="5050" free="119537664" total="195035136" percent="61">
    <mem type="eden" free="1520680" total="6291456" percent="24" />
    <remembered-set count="7840" freebytes="8184960" totalbytes="8216320" percent="99" regionsoverflowed="0" regionsstable="10" regionsrebuilding="0"/>
  </mem-info>
</gc-end>
<cycle-end id="5051" type="partial gc" contextid="5042" timestamp="2019-08-08T19:54:35.815" />
  <attribute name="elasticGC enabled" value="1" />
  <attribute name= "numThreadsSpecified" value="16" />
  <attribute name="heapSize specified" value="0" />
  <attribute name="Current GC Util" value="64" />
  <attribute name= "Current Time Running" value="116688" />
  <attribute name ="GC Interval" value="0" />
  <attribute name="Target GC Util Change" value ="80.000000" />
  <attribute name="Current GC Util Change" value="64.000000"/>
  <attribute name="Current Error" value="-1.000000" />
  <attribute name="Output H" value="205596576"/>
  <attribute name="Output I" value="2008"/>
  <attribute name="Output T" value="16"/>
  <attribute name= "Current Time Running" value="116688" />
  <attribute name="GC Util currently" value="64" />
  <attribute name="CPU Util currently" value="2075746330586" />
<exclusive-end id="5052" timestamp="2019-08-08T19:54:35.815" durationms="12.366" />

<exclusive-start id="5053" timestamp="2019-08-08T19:54:35.881" intervalms="77.757">
  <response-info timems="2.555" idlems="1.298" threads="1" lastid="0000000002285600" lastname="Thread-38" />
</exclusive-start>
<allocation-taxation id="5054" taxation-threshold="56623104" timestamp="2019-08-08T19:54:35.881" intervalms="77.933" />
<cycle-start id="5055" type="partial gc" contextid="0" timestamp="2019-08-08T19:54:35.881" intervalms="78.199" />
<gc-start id="5056" type="partial gc" contextid="5055" timestamp="2019-08-08T19:54:35.882">
  <mem-info id="5057" free="62914560" total="195035136" percent="32">
    <mem type="eden" free="0" total="56623104" percent="0" />
    <remembered-set count="7616" freebytes="8185856" totalbytes="8216320" percent="99" regionsoverflowed="0" regionsstable="10" regionsrebuilding="0"/>
  </mem-info>
</gc-start>
<allocation-stats totalBytes="56497528" >
  <allocated-bytes non-tlh="49168" tlh="56448360" arrayletleaf="0"/>
  <largest-consumer threadName="Thread-37" threadId="00000000022AE900" bytes="6786864" />
</allocation-stats>
<gc-op id="5058" type="copy forward" timems="13.889" contextid="5055" timestamp="2019-08-08T19:54:35.899">
  <memory-copied type="eden" objects="9683" bytes="3841472" bytesdiscarded="908168" />
  <memory-copied type="other" objects="11700" bytes="694912" bytesdiscarded="59784" />
  <memory-cardclean objects="13417" bytes="658088" />
  <regions eden="27" other="7" />
  <remembered-set-cleared processed="1010" cleared="778" durationms="0.122" />
  <references type="soft" candidates="43" cleared="0" enqueued="0" dynamicThreshold="19" maxThreshold="32" />
  <references type="weak" candidates="28" cleared="0" enqueued="0" />
  <references type="phantom" candidates="7" cleared="0" enqueued="0" />
  <stringconstants candidates="16389" cleared="0"  />
</gc-op>
<gc-op id="5059" type="classunload" timems="0.014" contextid="5055" timestamp="2019-08-08T19:54:35.899">
  <classunload-info classloadercandidates="69" classloadersunloaded="0" classesunloaded="0" anonymousclassesunloaded="0" quiescems="0.000" setupms="0.014" scanms="0.000" postms="0.000" />
</gc-op>
<gc-end id="5060" type="partial gc" contextid="5055" durationms="17.280" usertimems="51.293" systemtimems="12.378" timestamp="2019-08-08T19:54:35.899" activeThreads="16">
  <mem-info id="5061" free="117440512" total="195035136" percent="60">
    <mem type="eden" free="3638696" total="8388608" percent="43" />
    <remembered-set count="8416" freebytes="7763456" totalbytes="7797120" percent="99" regionsoverflowed="0" regionsstable="10" regionsrebuilding="0"/>
  </mem-info>
</gc-end>
<cycle-end id="5062" type="partial gc" contextid="5055" timestamp="2019-08-08T19:54:35.899" />
  <attribute name="elasticGC enabled" value="1" />
  <attribute name= "numThreadsSpecified" value="16" />
  <attribute name="heapSize specified" value="0" />
  <attribute name="Current GC Util" value="26" />
  <attribute name= "Current Time Running" value="116766" />
  <attribute name ="GC Interval" value="0" />
  <attribute name="Target GC Util Change" value ="80.000000" />
  <attribute name="Current GC Util Change" value="26.000000"/>
  <attribute name="Current Error" value="98.000000" />
  <attribute name="Output H" value="195110936"/>
  <attribute name="Output I" value="2184"/>
  <attribute name="Output T" value="16"/>
  <attribute name= "Current Time Running" value="116766" />
  <attribute name="GC Util currently" value="26" />
  <attribute name="CPU Util currently" value="436778335792" />
<exclusive-end id="5063" timestamp="2019-08-08T19:54:35.899" durationms="18.399" />

<exclusive-start id="5064" timestamp="2019-08-08T19:54:35.964" intervalms="83.698">
  <response-info timems="0.298" idlems="0.298" threads="0" lastid="0000000002281B00" lastname="Thread-48" />
</exclusive-start>
<allocation-taxation id="5065" taxation-threshold="56623104" timestamp="2019-08-08T19:54:35.964" intervalms="83.505" />
<cycle-start id="5066" type="partial gc" contextid="0" timestamp="2019-08-08T19:54:35.965" intervalms="83.226" />
<gc-start id="5067" type="partial gc" contextid="5066" timestamp="2019-08-08T19:54:35.965">
  <mem-info id="5068" free="60817408" total="195035136" percent="31">
    <mem type="eden" free="0" total="56623104" percent="0" />
    <remembered-set count="8160" freebytes="7764480" totalbytes="7797120" percent="99" regionsoverflowed="0" regionsstable="10" regionsrebuilding="0"/>
  </mem-info>
</gc-start>
<allocation-stats totalBytes="56504720" >
  <allocated-bytes non-tlh="16392" tlh="56488328" arrayletleaf="0"/>
  <largest-consumer threadName="Thread-44" threadId="0000000002272B00" bytes="8241952" />
</allocation-stats>
<gc-op id="5069" type="copy forward" timems="12.992" contextid="5066" timestamp="2019-08-08T19:54:35.979">
  <memory-copied type="eden" objects="8984" bytes="3674992" bytesdiscarded="941920" />
  <memory-copied type="other" objects="24093" bytes="953336" bytesdiscarded="111744" />
  <memory-cardclean objects="852" bytes="67096" />
  <regions eden="27" other="8" />
  <remembered-set-cleared processed="1777" cleared="849" durationms="0.121" />
  <finalization candidates="1" enqueued="0" />
  <references type="soft" candidates="22" cleared="0" enqueued="0" dynamicThreshold="19" maxThreshold="32" />
  <references type="weak" candidates="70" cleared="0" enqueued="0" />
  <references type="phantom" candidates="26" cleared="0" enqueued="0" />
  <stringconstants candidates="16389" cleared="0"  />
</gc-op>
<gc-op id="5070" type="classunload" timems="0.014" contextid="5066" timestamp="2019-08-08T19:54:35.979">
  <classunload-info classloadercandidates="69" classloadersunloaded="0" classesunloaded="0" anonymousclassesunloaded="0" quiescems="0.000" setupms="0.013" scanms="0.000" postms="0.000" />
</gc-op>
<heap-resize id="5071" type="contract" space="default" amount="6291456" count="1" timems="0.090" reason="excess free space following gc" timestamp="2019-08-08T19:54:35.979" />
<gc-end id="5072" type="partial gc" contextid="5066" durationms="14.278" usertimems="22.071" systemtimems="9.736" timestamp="2019-08-08T19:54:35.979" activeThreads="16">
  <mem-info id="5073" free="115343360" total="188743680" percent="61">
    <mem type="eden" free="1674272" total="6291456" percent="26" />
    <remembered-set count="9536" freebytes="7758976" totalbytes="7797120" percent="99" regionsoverflowed="0" regionsstable="10" regionsrebuilding="0"/>
  </mem-info>
</gc-end>
<cycle-end id="5074" type="partial gc" contextid="5066" timestamp="2019-08-08T19:54:35.979" />
  <attribute name="elasticGC enabled" value="1" />
  <attribute name= "numThreadsSpecified" value="16" />
  <attribute name="heapSize specified" value="0" />
  <attribute name="Current GC Util" value="117" />
  <attribute name= "Current Time Running" value="116847" />
  <attribute name ="GC Interval" value="0" />
  <attribute name="Target GC Util Change" value ="80.000000" />
  <attribute name="Current GC Util Change" value="117.000000"/>
  <attribute name="Current Error" value="-37.000000" />
  <attribute name="Output H" value="195110776"/>
  <attribute name="Output I" value="1944"/>
  <attribute name="Output T" value="16"/>
  <attribute name= "Current Time Running" value="116847" />
  <attribute name="GC Util currently" value="117" />
  <attribute name="CPU Util currently" value="1899357510826" />
<exclusive-end id="5075" timestamp="2019-08-08T19:54:35.979" durationms="14.848" />

<exclusive-start id="5076" timestamp="2019-08-08T19:54:36.076" intervalms="111.769">
  <response-info timems="2.434" idlems="1.275" threads="1" lastid="0000000002285600" lastname="Thread-38" />
</exclusive-start>
<allocation-taxation id="5077" taxation-threshold="54525952" timestamp="2019-08-08T19:54:36.076" intervalms="111.929" />
<cycle-start id="5078" type="partial gc" contextid="0" timestamp="2019-08-08T19:54:36.077" intervalms="112.037" />
<gc-start id="5079" type="partial gc" contextid="5078" timestamp="2019-08-08T19:54:36.077">
  <mem-info id="5080" free="60817408" total="188743680" percent="32">
    <mem type="eden" free="0" total="54525952" percent="0" />
    <remembered-set count="9536" freebytes="7758976" totalbytes="7797120" percent="99" regionsoverflowed="0" regionsstable="10" regionsrebuilding="0"/>
  </mem-info>
</gc-start>
<allocation-stats totalBytes="54442744" >
  <allocated-bytes non-tlh="57368" tlh="54385376" arrayletleaf="0"/>
  <largest-consumer threadName="Thread-49" threadId="0000000002294600" bytes="7616368" />
</allocation-stats>
<gc-op id="5081" type="copy forward" timems="11.429" contextid="5078" timestamp="2019-08-08T19:54:36.090">
  <memory-copied type="eden" objects="10240" bytes="3938488" bytesdiscarded="583816" />
  <memory-copied type="other" objects="12999" bytes="1184400" bytesdiscarded="122400" />
  <memory-cardclean objects="7046" bytes="310528" />
  <regions eden="26" other="7" />
  <remembered-set-cleared processed="1015" cleared="327" durationms="0.108" />
  <finalization candidates="2" enqueued="0" />
  <references type="soft" candidates="71" cleared="0" enqueued="0" dynamicThreshold="19" maxThreshold="32" />
  <references type="weak" candidates="18" cleared="0" enqueued="0" />
  <references type="phantom" candidates="47" cleared="0" enqueued="0" />
  <stringconstants candidates="16389" cleared="0"  />
</gc-op>
<gc-op id="5082" type="classunload" timems="0.016" contextid="5078" timestamp="2019-08-08T19:54:36.090">
  <classunload-info classloadercandidates="69" classloadersunloaded="0" classesunloaded="0" anonymousclassesunloaded="0" quiescems="0.000" setupms="0.016" scanms="0.000" postms="0.000" />
</gc-op>
<gc-end id="5083" type="partial gc" contextid="5078" durationms="13.544" usertimems="34.066" systemtimems="19.642" timestamp="2019-08-08T19:54:36.090" activeThreads="16">
  <mem-info id="5084" free="113246208" total="188743680" percent="60">
    <mem type="eden" free="3866032" total="8388608" percent="46" />
    <remembered-set count="9056" freebytes="7509376" totalbytes="7545600" percent="99" regionsoverflowed="0" regionsstable="10" regionsrebuilding="0"/>
  </mem-info>
</gc-end>
<cycle-end id="5085" type="partial gc" contextid="5078" timestamp="2019-08-08T19:54:36.091" />
  <attribute name="elasticGC enabled" value="1" />
  <attribute name= "numThreadsSpecified" value="16" />
  <attribute name="heapSize specified" value="0" />
  <attribute name="Current GC Util" value="87" />
  <attribute name= "Current Time Running" value="116960" />
  <attribute name ="GC Interval" value="0" />
  <attribute name="Target GC Util Change" value ="80.000000" />
  <attribute name="Current GC Util Change" value="87.000000"/>
  <attribute name="Current Error" value="10.000000" />
  <attribute name="Output H" value="188819376"/>
  <attribute name="Output I" value="2032"/>
  <attribute name="Output T" value="16"/>
  <attribute name= "Current Time Running" value="116960" />
  <attribute name="GC Util currently" value="87" />
  <attribute name="CPU Util currently" value="746757668726" />
<exclusive-end id="5086" timestamp="2019-08-08T19:54:36.091" durationms="14.591" />

<exclusive-start id="5087" timestamp="2019-08-08T19:54:36.134" intervalms="58.126">
  <response-info timems="0.735" idlems="0.303" threads="4" lastid="00000000022B2500" lastname="Thread-40" />
</exclusive-start>
<allocation-taxation id="5088" taxation-threshold="54525952" timestamp="2019-08-08T19:54:36.134" intervalms="58.033" />
<cycle-start id="5089" type="partial gc" contextid="0" timestamp="2019-08-08T19:54:36.134" intervalms="57.918" />
<gc-start id="5090" type="partial gc" contextid="5089" timestamp="2019-08-08T19:54:36.135">
  <mem-info id="5091" free="58720256" total="188743680" percent="31">
    <mem type="eden" free="0" total="54525952" percent="0" />
    <remembered-set count="6592" freebytes="7519232" totalbytes="7545600" percent="99" regionsoverflowed="0" regionsstable="11" regionsrebuilding="0"/>
  </mem-info>
</gc-start>
<allocation-stats totalBytes="54474488" >
  <allocated-bytes non-tlh="49168" tlh="54425320" arrayletleaf="0"/>
  <largest-consumer threadName="Thread-50" threadId="0000000002276700" bytes="6375720" />
</allocation-stats>
<gc-op id="5092" type="copy forward" timems="10.341" contextid="5089" timestamp="2019-08-08T19:54:36.146">
  <memory-copied type="eden" objects="9900" bytes="3789760" bytesdiscarded="454752" />
  <memory-copied type="other" objects="530" bytes="219208" bytesdiscarded="7640" />
  <memory-cardclean objects="2943" bytes="136792" />
  <regions eden="26" other="6" />
  <remembered-set-cleared processed="522" cleared="227" durationms="0.242" />
  <stringconstants candidates="16389" cleared="0"  />
</gc-op>
<gc-op id="5093" type="classunload" timems="0.012" contextid="5089" timestamp="2019-08-08T19:54:36.146">
  <classunload-info classloadercandidates="69" classloadersunloaded="0" classesunloaded="0" anonymousclassesunloaded="0" quiescems="0.000" setupms="0.011" scanms="0.000" postms="0.000" />
</gc-op>
<gc-end id="5094" type="partial gc" contextid="5089" durationms="11.794" usertimems="20.622" systemtimems="17.103" timestamp="2019-08-08T19:54:36.146" activeThreads="16">
  <mem-info id="5095" free="113246208" total="188743680" percent="60">
    <mem type="eden" free="2046704" total="6291456" percent="32" />
    <remembered-set count="5952" freebytes="7521792" totalbytes="7545600" percent="99" regionsoverflowed="0" regionsstable="11" regionsrebuilding="0"/>
  </mem-info>
</gc-end>
<cycle-end id="5096" type="partial gc" contextid="5089" timestamp="2019-08-08T19:54:36.147" />
  <attribute name="elasticGC enabled" value="1" />
  <attribute name= "numThreadsSpecified" value="16" />
  <attribute name="heapSize specified" value="0" />
  <attribute name="Current GC Util" value="106" />
  <attribute name= "Current Time Running" value="117018" />
  <attribute name ="GC Interval" value="0" />
  <attribute name="Target GC Util Change" value ="80.000000" />
  <attribute name="Current GC Util Change" value="106.000000"/>
  <attribute name="Current Error" value="5.000000" />
  <attribute name="Output H" value="188819368"/>
  <attribute name="Output I" value="2016"/>
  <attribute name="Output T" value="16"/>
  <attribute name= "Current Time Running" value="117018" />
  <attribute name="GC Util currently" value="106" />
  <attribute name="CPU Util currently" value="1633873230579" />
<exclusive-end id="5097" timestamp="2019-08-08T19:54:36.147" durationms="12.725" />

<exclusive-start id="5098" timestamp="2019-08-08T19:54:36.208" intervalms="73.369">
  <response-info timems="4.742" idlems="2.379" threads="1" lastid="00000000022C5100" lastname="Thread-51" />
</exclusive-start>
<allocation-taxation id="5099" taxation-threshold="54525952" timestamp="2019-08-08T19:54:36.208" intervalms="73.333" />
<cycle-start id="5100" type="partial gc" contextid="0" timestamp="2019-08-08T19:54:36.208" intervalms="73.383" />
<gc-start id="5101" type="partial gc" contextid="5100" timestamp="2019-08-08T19:54:36.208">
  <mem-info id="5102" free="58720256" total="188743680" percent="31">
    <mem type="eden" free="0" total="54525952" percent="0" />
    <remembered-set count="5728" freebytes="7522688" totalbytes="7545600" percent="99" regionsoverflowed="0" regionsstable="11" regionsrebuilding="0"/>
  </mem-info>
</gc-start>
<allocation-stats totalBytes="54381376" >
  <allocated-bytes non-tlh="98328" tlh="54283048" arrayletleaf="0"/>
  <largest-consumer threadName="Thread-39" threadId="00000000022C1500" bytes="7434952" />
</allocation-stats>
<gc-op id="5103" type="copy forward" timems="15.289" contextid="5100" timestamp="2019-08-08T19:54:36.225">
  <memory-copied type="eden" objects="10359" bytes="3999368" bytesdiscarded="898744" />
  <memory-copied type="other" objects="179" bytes="70168" bytesdiscarded="3160" />
  <memory-cardclean objects="3023" bytes="174736" />
  <regions eden="26" other="5" />
  <remembered-set-cleared processed="557" cleared="264" durationms="0.122" />
  <references type="phantom" candidates="2" cleared="0" enqueued="0" />
  <stringconstants candidates="16389" cleared="0"  />
</gc-op>
<gc-op id="5104" type="classunload" timems="0.013" contextid="5100" timestamp="2019-08-08T19:54:36.225">
  <classunload-info classloadercandidates="69" classloadersunloaded="0" classesunloaded="0" anonymousclassesunloaded="0" quiescems="0.000" setupms="0.013" scanms="0.000" postms="0.000" />
</gc-op>
<heap-resize id="5105" type="expand" space="default" amount="6291456" count="1" timems="0.067" reason="excessive time being spent in gc" timestamp="2019-08-08T19:54:36.225" />
<gc-end id="5106" type="partial gc" contextid="5100" durationms="16.787" usertimems="43.646" systemtimems="19.829" timestamp="2019-08-08T19:54:36.225" activeThreads="16">
  <mem-info id="5107" free="117440512" total="195035136" percent="60">
    <mem type="eden" free="1393064" total="6291456" percent="22" />
    <remembered-set count="7392" freebytes="7767552" totalbytes="7797120" percent="99" regionsoverflowed="0" regionsstable="11" regionsrebuilding="0"/>
  </mem-info>
</gc-end>
<cycle-end id="5108" type="partial gc" contextid="5100" timestamp="2019-08-08T19:54:36.225" />
  <attribute name="elasticGC enabled" value="1" />
  <attribute name= "numThreadsSpecified" value="16" />
  <attribute name="heapSize specified" value="0" />
  <attribute name="Current GC Util" value="110" />
  <attribute name= "Current Time Running" value="117091" />
  <attribute name ="GC Interval" value="0" />
  <attribute name="Target GC Util Change" value ="80.000000" />
  <attribute name="Current GC Util Change" value="110.000000"/>
  <attribute name="Current Error" value="-30.000000" />
  <attribute name="Output H" value="188819328"/>
  <attribute name="Output I" value="1960"/>
  <attribute name="Output T" value="16"/>
  <attribute name= "Current Time Running" value="117091" />
  <attribute name="GC Util currently" value="110" />
  <attribute name="CPU Util currently" value="1364891836645" />
<exclusive-end id="5109" timestamp="2019-08-08T19:54:36.225" durationms="17.798" />

<exclusive-start id="5110" timestamp="2019-08-08T19:54:36.351" intervalms="142.865">
  <response-info timems="1.271" idlems="0.741" threads="1" lastid="0000000002281B00" lastname="Thread-48" />
</exclusive-start>
<allocation-taxation id="5111" taxation-threshold="56623104" timestamp="2019-08-08T19:54:36.351" intervalms="142.841" />
<cycle-start id="5112" type="partial gc" contextid="0" timestamp="2019-08-08T19:54:36.351" intervalms="142.790" />
<gc-start id="5113" type="partial gc" contextid="5112" timestamp="2019-08-08T19:54:36.351">
  <mem-info id="5114" free="60817408" total="195035136" percent="31">
    <mem type="eden" free="0" total="56623104" percent="0" />
    <remembered-set count="7168" freebytes="7768448" totalbytes="7797120" percent="99" regionsoverflowed="0" regionsstable="11" regionsrebuilding="0"/>
  </mem-info>
</gc-start>
<allocation-stats totalBytes="56489328" >
  <allocated-bytes non-tlh="16392" tlh="56472936" arrayletleaf="0"/>
  <largest-consumer threadName="Thread-44" threadId="0000000002272B00" bytes="7343912" />
</allocation-stats>
<gc-op id="5115" type="copy forward" timems="14.986" contextid="5112" timestamp="2019-08-08T19:54:36.367">
  <memory-copied type="eden" objects="9770" bytes="3719432" bytesdiscarded="863856" />
  <memory-copied type="other" objects="749" bytes="308368" bytesdiscarded="14056" />
  <memory-cardclean objects="2914" bytes="134704" />
  <regions eden="27" other="7" />
  <remembered-set-cleared processed="553" cleared="239" durationms="0.410" />
  <references type="phantom" candidates="5" cleared="0" enqueued="0" />
  <stringconstants candidates="16389" cleared="0"  />
</gc-op>
<gc-op id="5116" type="classunload" timems="0.013" contextid="5112" timestamp="2019-08-08T19:54:36.367">
  <classunload-info classloadercandidates="69" classloadersunloaded="0" classesunloaded="0" anonymousclassesunloaded="0" quiescems="0.000" setupms="0.012" scanms="0.000" postms="0.000" />
</gc-op>
<gc-end id="5117" type="partial gc" contextid="5112" durationms="16.648" usertimems="48.200" systemtimems="18.276" timestamp="2019-08-08T19:54:36.368" activeThreads="16">
  <mem-info id="5118" free="119537664" total="195035136" percent="61">
    <mem type="eden" free="1707920" total="6291456" percent="27" />
    <remembered-set count="8000" freebytes="7765120" totalbytes="7797120" percent="99" regionsoverflowed="0" regionsstable="11" regionsrebuilding="0"/>
  </mem-info>
</gc-end>
<cycle-end id="5119" type="partial gc" contextid="5112" timestamp="2019-08-08T19:54:36.368" />
  <attribute name="elasticGC enabled" value="1" />
  <attribute name= "numThreadsSpecified" value="16" />
  <attribute name="heapSize specified" value="0" />
  <attribute name="Current GC Util" value="90" />
  <attribute name= "Current Time Running" value="117234" />
  <attribute name ="GC Interval" value="0" />
  <attribute name="Target GC Util Change" value ="80.000000" />
  <attribute name="Current GC Util Change" value="90.000000"/>
  <attribute name="Current Error" value="16.000000" />
  <attribute name="Output H" value="195110840"/>
  <attribute name="Output I" value="2040"/>
  <attribute name="Output T" value="16"/>
  <attribute name= "Current Time Running" value="117234" />
  <attribute name="GC Util currently" value="90" />
  <attribute name="CPU Util currently" value="995911048171" />
<exclusive-end id="5120" timestamp="2019-08-08T19:54:36.368" durationms="17.887" />

<exclusive-start id="5121" timestamp="2019-08-08T19:54:36.503" intervalms="152.096">
  <response-info timems="1.277" idlems="1.277" threads="0" lastid="0000000002276700" lastname="Thread-50" />
</exclusive-start>
<allocation-taxation id="5122" taxation-threshold="56623104" timestamp="2019-08-08T19:54:36.503" intervalms="152.094" />
<cycle-start id="5123" type="partial gc" contextid="0" timestamp="2019-08-08T19:54:36.503" intervalms="152.094" />
<gc-start id="5124" type="partial gc" contextid="5123" timestamp="2019-08-08T19:54:36.503">
  <mem-info id="5125" free="62914560" total="195035136" percent="32">
    <mem type="eden" free="0" total="56623104" percent="0" />
    <remembered-set count="7584" freebytes="7766784" totalbytes="7797120" percent="99" regionsoverflowed="0" regionsstable="11" regionsrebuilding="0"/>
  </mem-info>
</gc-start>
<allocation-stats totalBytes="56411040" >
  <allocated-bytes non-tlh="0" tlh="56411040" arrayletleaf="0"/>
  <largest-consumer threadName="Thread-38" threadId="0000000002285600" bytes="6032712" />
</allocation-stats>
<gc-op id="5126" type="copy forward" timems="17.058" contextid="5123" timestamp="2019-08-08T19:54:36.522">
  <memory-copied type="eden" objects="8706" bytes="3630720" bytesdiscarded="851472" />
  <memory-copied type="other" objects="554" bytes="265432" bytesdiscarded="14768" />
  <memory-cardclean objects="2985" bytes="138784" />
  <regions eden="27" other="4" />
  <remembered-set-cleared processed="559" cleared="239" durationms="0.138" />
  <references type="phantom" candidates="4" cleared="0" enqueued="0" />
  <stringconstants candidates="16389" cleared="0"  />
</gc-op>
<gc-op id="5127" type="classunload" timems="0.017" contextid="5123" timestamp="2019-08-08T19:54:36.522">
  <classunload-info classloadercandidates="69" classloadersunloaded="0" classesunloaded="0" anonymousclassesunloaded="0" quiescems="0.000" setupms="0.017" scanms="0.000" postms="0.000" />
</gc-op>
<gc-end id="5128" type="partial gc" contextid="5123" durationms="19.126" usertimems="40.894" systemtimems="24.378" timestamp="2019-08-08T19:54:36.522" activeThreads="16">
  <mem-info id="5129" free="117440512" total="195035136" percent="60">
    <mem type="eden" free="1808992" total="6291456" percent="28" />
    <remembered-set count="7584" freebytes="7766784" totalbytes="7797120" percent="99" regionsoverflowed="0" regionsstable="11" regionsrebuilding="0"/>
  </mem-info>
</gc-end>
<cycle-end id="5130" type="partial gc" contextid="5123" timestamp="2019-08-08T19:54:36.523" />
  <attribute name="elasticGC enabled" value="1" />
  <attribute name= "numThreadsSpecified" value="16" />
  <attribute name="heapSize specified" value="0" />
  <attribute name="Current GC Util" value="58" />
  <attribute name= "Current Time Running" value="117386" />
  <attribute name ="GC Interval" value="0" />
  <attribute name="Target GC Util Change" value ="80.000000" />
  <attribute name="Current GC Util Change" value="58.000000"/>
  <attribute name="Current Error" value="95.000000" />
  <attribute name="Output H" value="195110928"/>
  <attribute name="Output I" value="2184"/>
  <attribute name="Output T" value="16"/>
  <attribute name= "Current Time Running" value="117386" />
  <attribute name="GC Util currently" value="58" />
  <attribute name="CPU Util currently" value="983840537150" />
<exclusive-end id="5131" timestamp="2019-08-08T19:54:36.523" durationms="20.825" />

<exclusive-start id="5132" timestamp="2019-08-08T19:54:36.580" intervalms="76.931">
  <response-info timems="1.500" idlems="1.492" threads="1" lastid="00000000022AE900" lastname="Thread-37" />
</exclusive-start>
<allocation-taxation id="5133" taxation-threshold="56623104" timestamp="2019-08-08T19:54:36.580" intervalms="76.942" />
<cycle-start id="5134" type="partial gc" contextid="0" timestamp="2019-08-08T19:54:36.580" intervalms="76.947" />
<gc-start id="5135" type="partial gc" contextid="5134" timestamp="2019-08-08T19:54:36.580">
  <mem-info id="5136" free="60817408" total="195035136" percent="31">
    <mem type="eden" free="0" total="56623104" percent="0" />
    <remembered-set count="7296" freebytes="7767936" totalbytes="7797120" percent="99" regionsoverflowed="0" regionsstable="11" regionsrebuilding="0"/>
  </mem-info>
</gc-start>
<allocation-stats totalBytes="56427072" >
  <allocated-bytes non-tlh="32776" tlh="56394296" arrayletleaf="0"/>
  <largest-consumer threadName="Thread-47" threadId="0000000002290A00" bytes="7680712" />
</allocation-stats>
<gc-op id="5137" type="copy forward" timems="13.324" contextid="5134" timestamp="2019-08-08T19:54:36.597">
  <memory-copied type="eden" objects="8437" bytes="3368232" bytesdiscarded="669592" />
  <memory-copied type="other" objects="280" bytes="160552" bytesdiscarded="7624" />
  <memory-cardclean objects="3000" bytes="139280" />
  <memory-traced type="eden" objects="1334" bytes="153704" />
  <memory-traced type="other" objects="0" bytes="0" />
  <regions eden="27" other="5" evacuated="31" marked="1" />
  <remembered-set-cleared processed="542" cleared="251" durationms="0.121" />
  <references type="weak" candidates="1" cleared="0" enqueued="0" />
  <references type="phantom" candidates="3" cleared="0" enqueued="0" />
  <stringconstants candidates="16389" cleared="0"  />
</gc-op>
<gc-op id="5138" type="classunload" timems="0.013" contextid="5134" timestamp="2019-08-08T19:54:36.597">
  <classunload-info classloadercandidates="69" classloadersunloaded="0" classesunloaded="0" anonymousclassesunloaded="0" quiescems="0.000" setupms="0.013" scanms="0.000" postms="0.000" />
</gc-op>
<gc-op id="5139" type="sweep" timems="2.443" contextid="5134" timestamp="2019-08-08T19:54:36.600" />
<gc-op id="5140" type="compact" timems="4.721" contextid="5134" timestamp="2019-08-08T19:54:36.604">
  <compact-info movecount="0" movebytes="0" />
  <remembered-set-cleared processed="1434" cleared="251" durationms="0.132" />
</gc-op>
<heap-resize id="5141" type="expand" space="default" amount="10485760" count="1" timems="0.082" reason="excessive time being spent in gc" timestamp="2019-08-08T19:54:36.605" />
<gc-end id="5142" type="partial gc" contextid="5134" durationms="24.670" usertimems="82.013" systemtimems="24.532" timestamp="2019-08-08T19:54:36.605" activeThreads="16">
  <mem-info id="5143" free="123731968" total="205520896" percent="60">
    <mem type="eden" free="2253416" total="8388608" percent="26" />
    <remembered-set count="3008" freebytes="8204288" totalbytes="8216320" percent="99" regionsoverflowed="0" regionsstable="11" regionsrebuilding="0"/>
  </mem-info>
</gc-end>
<cycle-end id="5144" type="partial gc" contextid="5134" timestamp="2019-08-08T19:54:36.605" />
  <attribute name="elasticGC enabled" value="1" />
  <attribute name= "numThreadsSpecified" value="16" />
  <attribute name="heapSize specified" value="0" />
  <attribute name="Current GC Util" value="114" />
  <attribute name= "Current Time Running" value="117481" />
  <attribute name ="GC Interval" value="0" />
  <attribute name="Target GC Util Change" value ="80.000000" />
  <attribute name="Current GC Util Change" value="114.000000"/>
  <attribute name="Current Error" value="-142.000000" />
  <attribute name="Output H" value="195110656"/>
  <attribute name="Output I" value="1760"/>
  <attribute name="Output T" value="16"/>
  <attribute name= "Current Time Running" value="117481" />
  <attribute name="GC Util currently" value="114" />
  <attribute name="CPU Util currently" value="449763810605" />
<exclusive-end id="5145" timestamp="2019-08-08T19:54:36.606" durationms="26.287" />

<exclusive-start id="5146" timestamp="2019-08-08T19:54:36.742" intervalms="161.973">
  <response-info timems="1.046" idlems="0.410" threads="5" lastid="0000000002272B00" lastname="Thread-44" />
</exclusive-start>
<allocation-taxation id="5147" taxation-threshold="58720256" timestamp="2019-08-08T19:54:36.742" intervalms="161.971" />
<cycle-start id="5148" type="partial gc" contextid="0" timestamp="2019-08-08T19:54:36.742" intervalms="162.052" />
<gc-start id="5149" type="partial gc" contextid="5148" timestamp="2019-08-08T19:54:36.742">
  <mem-info id="5150" free="65011712" total="205520896" percent="31">
    <mem type="eden" free="0" total="60817408" percent="0" />
    <remembered-set count="3008" freebytes="8204288" totalbytes="8216320" percent="99" regionsoverflowed="0" regionsstable="11" regionsrebuilding="0"/>
  </mem-info>
</gc-start>
<allocation-stats totalBytes="58537504" >
  <allocated-bytes non-tlh="704696" tlh="57832808" arrayletleaf="0"/>
  <largest-consumer threadName="Thread-41" threadId="00000000022AAD00" bytes="7206168" />
</allocation-stats>
<gc-op id="5151" type="copy forward" timems="12.496" contextid="5148" timestamp="2019-08-08T19:54:36.756">
  <memory-copied type="eden" objects="9865" bytes="3951280" bytesdiscarded="840960" />
  <memory-copied type="other" objects="26" bytes="1232" bytesdiscarded="0" />
  <memory-cardclean objects="2999" bytes="139160" />
  <regions eden="28" other="4" />
  <remembered-set-cleared processed="570" cleared="248" durationms="0.288" />
  <references type="phantom" candidates="4" cleared="0" enqueued="0" />
  <stringconstants candidates="16389" cleared="0"  />
</gc-op>
<gc-op id="5152" type="classunload" timems="0.017" contextid="5148" timestamp="2019-08-08T19:54:36.756">
  <classunload-info classloadercandidates="69" classloadersunloaded="0" classesunloaded="0" anonymousclassesunloaded="0" quiescems="0.000" setupms="0.017" scanms="0.000" postms="0.000" />
</gc-op>
<heap-resize id="5153" type="expand" space="default" amount="4194304" count="1" timems="0.066" reason="excessive time being spent in gc" timestamp="2019-08-08T19:54:36.757" />
<gc-end id="5154" type="partial gc" contextid="5148" durationms="14.284" usertimems="46.689" systemtimems="13.965" timestamp="2019-08-08T19:54:36.757" activeThreads="16">
  <mem-info id="5155" free="125829120" total="209715200" percent="60">
    <mem type="eden" free="3596080" total="8388608" percent="42" />
    <remembered-set count="7744" freebytes="8353024" totalbytes="8384000" percent="99" regionsoverflowed="0" regionsstable="11" regionsrebuilding="0"/>
  </mem-info>
</gc-end>
<cycle-end id="5156" type="partial gc" contextid="5148" timestamp="2019-08-08T19:54:36.757" />
  <attribute name="elasticGC enabled" value="1" />
  <attribute name= "numThreadsSpecified" value="16" />
  <attribute name="heapSize specified" value="0" />
  <attribute name="Current GC Util" value="64" />
  <attribute name= "Current Time Running" value="117626" />
  <attribute name ="GC Interval" value="0" />
  <attribute name="Target GC Util Change" value ="80.000000" />
  <attribute name="Current GC Util Change" value="64.000000"/>
  <attribute name="Current Error" value="-58.000000" />
  <attribute name="Output H" value="205596512"/>
  <attribute name="Output I" value="1912"/>
  <attribute name="Output T" value="16"/>
  <attribute name= "Current Time Running" value="117626" />
  <attribute name="GC Util currently" value="64" />
  <attribute name="CPU Util currently" value="869888418604" />
<exclusive-end id="5157" timestamp="2019-08-08T19:54:36.757" durationms="15.711" />

<exclusive-start id="5158" timestamp="2019-08-08T19:54:36.803" intervalms="61.571">
  <response-info timems="0.968" idlems="0.487" threads="1" lastid="0000000002276700" lastname="Thread-50" />
</exclusive-start>
<allocation-taxation id="5159" taxation-threshold="58720256" timestamp="2019-08-08T19:54:36.803" intervalms="61.567" />
<cycle-start id="5160" type="partial gc" contextid="0" timestamp="2019-08-08T19:54:36.803" intervalms="61.463" />
<gc-start id="5161" type="partial gc" contextid="5160" timestamp="2019-08-08T19:54:36.803">
  <mem-info id="5162" free="67108864" total="209715200" percent="32">
    <mem type="eden" free="0" total="58720256" percent="0" />
    <remembered-set count="7456" freebytes="8354176" totalbytes="8384000" percent="99" regionsoverflowed="0" regionsstable="11" regionsrebuilding="0"/>
  </mem-info>
</gc-start>
<allocation-stats totalBytes="58582776" >
  <allocated-bytes non-tlh="81960" tlh="58500816" arrayletleaf="0"/>
  <largest-consumer threadName="Thread-52" threadId="000000000226EF00" bytes="6653696" />
</allocation-stats>
<gc-op id="5163" type="copy forward" timems="7.572" contextid="5160" timestamp="2019-08-08T19:54:36.812">
  <memory-copied type="eden" objects="10042" bytes="4000536" bytesdiscarded="963368" />
  <memory-copied type="other" objects="15" bytes="664" bytesdiscarded="0" />
  <memory-cardclean objects="3015" bytes="138984" />
  <regions eden="28" other="4" />
  <remembered-set-cleared processed="569" cleared="245" durationms="0.296" />
  <stringconstants candidates="16389" cleared="0"  />
</gc-op>
<gc-op id="5164" type="classunload" timems="0.013" contextid="5160" timestamp="2019-08-08T19:54:36.812">
  <classunload-info classloadercandidates="69" classloadersunloaded="0" classesunloaded="0" anonymousclassesunloaded="0" quiescems="0.000" setupms="0.013" scanms="0.000" postms="0.000" />
</gc-op>
<gc-end id="5165" type="partial gc" contextid="5160" durationms="8.849" usertimems="28.544" systemtimems="5.851" timestamp="2019-08-08T19:54:36.812" activeThreads="16">
  <mem-info id="5166" free="125829120" total="209715200" percent="60">
    <mem type="eden" free="1327296" total="6291456" percent="21" />
    <remembered-set count="8256" freebytes="8350976" totalbytes="8384000" percent="99" regionsoverflowed="0" regionsstable="11" regionsrebuilding="0"/>
  </mem-info>
</gc-end>
<cycle-end id="5167" type="partial gc" contextid="5160" timestamp="2019-08-08T19:54:36.813" />
  <attribute name="elasticGC enabled" value="1" />
  <attribute name= "numThreadsSpecified" value="16" />
  <attribute name="heapSize specified" value="0" />
  <attribute name="Current GC Util" value="136" />
  <attribute name= "Current Time Running" value="117686" />
  <attribute name ="GC Interval" value="0" />
  <attribute name="Target GC Util Change" value ="80.000000" />
  <attribute name="Current GC Util Change" value="136.000000"/>
  <attribute name="Current Error" value="-56.000000" />
  <attribute name="Output H" value="209790816"/>
  <attribute name="Output I" value="1912"/>
  <attribute name="Output T" value="16"/>
  <attribute name= "Current Time Running" value="117686" />
  <attribute name="GC Util currently" value="136" />
  <attribute name="CPU Util currently" value="1674477657227" />
<exclusive-end id="5168" timestamp="2019-08-08T19:54:36.813" durationms="9.734" />

<exclusive-start id="5169" timestamp="2019-08-08T19:54:36.859" intervalms="56.261">
  <response-info timems="1.423" idlems="0.729" threads="1" lastid="0000000001F8FF00" lastname="JIT Compilation Thread-3" />
</exclusive-start>
<allocation-taxation id="5170" taxation-threshold="58720256" timestamp="2019-08-08T19:54:36.859" intervalms="56.261" />
<cycle-start id="5171" type="partial gc" contextid="0" timestamp="2019-08-08T19:54:36.859" intervalms="56.269" />
<gc-start id="5172" type="partial gc" contextid="5171" timestamp="2019-08-08T19:54:36.860">
  <mem-info id="5173" free="67108864" total="209715200" percent="32">
    <mem type="eden" free="0" total="58720256" percent="0" />
    <remembered-set count="7776" freebytes="8352896" totalbytes="8384000" percent="99" regionsoverflowed="0" regionsstable="11" regionsrebuilding="0"/>
  </mem-info>
</gc-start>
<allocation-stats totalBytes="58496648" >
  <allocated-bytes non-tlh="0" tlh="58496648" arrayletleaf="0"/>
  <largest-consumer threadName="Thread-52" threadId="000000000226EF00" bytes="6944272" />
</allocation-stats>
<gc-op id="5174" type="copy forward" timems="7.878" contextid="5171" timestamp="2019-08-08T19:54:36.869">
  <memory-copied type="eden" objects="9235" bytes="3735800" bytesdiscarded="670832" />
  <memory-copied type="other" objects="16" bytes="576" bytesdiscarded="0" />
  <memory-cardclean objects="3019" bytes="139648" />
  <regions eden="28" other="3" />
  <remembered-set-cleared processed="566" cleared="242" durationms="0.411" />
  <references type="phantom" candidates="5" cleared="0" enqueued="0" />
  <stringconstants candidates="16389" cleared="0"  />
</gc-op>
<gc-op id="5175" type="classunload" timems="0.010" contextid="5171" timestamp="2019-08-08T19:54:36.869">
  <classunload-info classloadercandidates="69" classloadersunloaded="0" classesunloaded="0" anonymousclassesunloaded="0" quiescems="0.000" setupms="0.010" scanms="0.000" postms="0.000" />
</gc-op>
<heap-resize id="5176" type="expand" space="default" amount="6291456" count="1" timems="0.066" reason="excessive time being spent in gc" timestamp="2019-08-08T19:54:36.870" />
<gc-end id="5177" type="partial gc" contextid="5171" durationms="9.188" usertimems="38.335" systemtimems="1.329" timestamp="2019-08-08T19:54:36.870" activeThreads="16">
  <mem-info id="5178" free="130023424" total="216006656" percent="60">
    <mem type="eden" free="1884528" total="6291456" percent="29" />
    <remembered-set count="8800" freebytes="8600320" totalbytes="8635520" percent="99" regionsoverflowed="0" regionsstable="11" regionsrebuilding="0"/>
  </mem-info>
</gc-end>
<cycle-end id="5179" type="partial gc" contextid="5171" timestamp="2019-08-08T19:54:36.870" />
  <attribute name="elasticGC enabled" value="1" />
  <attribute name= "numThreadsSpecified" value="16" />
  <attribute name="heapSize specified" value="0" />
  <attribute name="Current GC Util" value="63" />
  <attribute name= "Current Time Running" value="117743" />
  <attribute name ="GC Interval" value="0" />
  <attribute name="Target GC Util Change" value ="80.000000" />
  <attribute name="Current GC Util Change" value="63.000000"/>
  <attribute name="Current Error" value="2.000000" />
  <attribute name="Output H" value="209790888"/>
  <attribute name="Output I" value="2016"/>
  <attribute name="Output T" value="16"/>
  <attribute name= "Current Time Running" value="117743" />
  <attribute name="GC Util currently" value="63" />
  <attribute name="CPU Util currently" value="1902155874036" />
<exclusive-end id="5180" timestamp="2019-08-08T19:54:36.870" durationms="10.800" />

<exclusive-start id="5181" timestamp="2019-08-08T19:54:36.913" intervalms="54.131">
  <response-info timems="2.885" idlems="1.455" threads="1" lastid="0000000002298200" lastname="Thread-45" />
</exclusive-start>
<allocation-taxation id="5182" taxation-threshold="60817408" timestamp="2019-08-08T19:54:36.914" intervalms="54.120" />
<cycle-start id="5183" type="partial gc" contextid="0" timestamp="2019-08-08T19:54:36.914" intervalms="54.120" />
<gc-start id="5184" type="partial gc" contextid="5183" timestamp="2019-08-08T19:54:36.914">
  <mem-info id="5185" free="69206016" total="216006656" percent="32">
    <mem type="eden" free="0" total="60817408" percent="0" />
    <remembered-set count="8352" freebytes="8602112" totalbytes="8635520" percent="99" regionsoverflowed="0" regionsstable="11" regionsrebuilding="0"/>
  </mem-info>
</gc-start>
<allocation-stats totalBytes="60632632" >
  <allocated-bytes non-tlh="0" tlh="60632632" arrayletleaf="0"/>
  <largest-consumer threadName="Thread-51" threadId="00000000022C5100" bytes="6207624" />
</allocation-stats>
<gc-op id="5186" type="copy forward" timems="4.501" contextid="5183" timestamp="2019-08-08T19:54:36.919">
  <memory-copied type="eden" objects="9018" bytes="3550152" bytesdiscarded="0" />
  <memory-copied type="other" objects="24" bytes="1312" bytesdiscarded="0" />
  <memory-cardclean objects="2991" bytes="138208" />
  <regions eden="29" other="3" />
  <remembered-set-cleared processed="560" cleared="233" durationms="0.263" />
  <references type="phantom" candidates="2" cleared="0" enqueued="0" />
  <stringconstants candidates="16389" cleared="0"  />
</gc-op>
<gc-op id="5187" type="classunload" timems="0.009" contextid="5183" timestamp="2019-08-08T19:54:36.919">
  <classunload-info classloadercandidates="69" classloadersunloaded="0" classesunloaded="0" anonymousclassesunloaded="0" quiescems="0.000" setupms="0.009" scanms="0.000" postms="0.000" />
</gc-op>
<gc-end id="5188" type="partial gc" contextid="5183" durationms="5.511" usertimems="9.476" systemtimems="1.871" timestamp="2019-08-08T19:54:36.919" activeThreads="1">
  <mem-info id="5189" free="130023424" total="216006656" percent="60">
    <mem type="eden" free="643896" total="4194304" percent="15" />
    <remembered-set count="7584" freebytes="8605184" totalbytes="8635520" percent="99" regionsoverflowed="0" regionsstable="11" regionsrebuilding="0"/>
  </mem-info>
</gc-end>
<cycle-end id="5190" type="partial gc" contextid="5183" timestamp="2019-08-08T19:54:36.920" />
  <attribute name="elasticGC enabled" value="1" />
  <attribute name= "numThreadsSpecified" value="1" />
  <attribute name="heapSize specified" value="0" />
  <attribute name="Current GC Util" value="132" />
  <attribute name= "Current Time Running" value="117796" />
  <attribute name ="GC Interval" value="0" />
  <attribute name="Target GC Util Change" value ="80.000000" />
  <attribute name="Current GC Util Change" value="132.000000"/>
  <attribute name="Current Error" value="-21.000000" />
  <attribute name="Output H" value="216082312"/>
  <attribute name="Output I" value="1976"/>
  <attribute name="Output T" value="1"/>
  <attribute name= "Current Time Running" value="117796" />
  <attribute name="GC Util currently" value="132" />
  <attribute name="CPU Util currently" value="2389746816958" />
<exclusive-end id="5191" timestamp="2019-08-08T19:54:36.920" durationms="6.965" />

<exclusive-start id="5192" timestamp="2019-08-08T19:54:36.971" intervalms="57.383">
  <response-info timems="1.048" idlems="0.660" threads="3" lastid="0000000002276700" lastname="Thread-50" />
</exclusive-start>
<allocation-taxation id="5193" taxation-threshold="60817408" timestamp="2019-08-08T19:54:36.971" intervalms="57.389" />
<cycle-start id="5194" type="partial gc" contextid="0" timestamp="2019-08-08T19:54:36.971" intervalms="57.386" />
<gc-start id="5195" type="partial gc" contextid="5194" timestamp="2019-08-08T19:54:36.971">
  <mem-info id="5196" free="69206016" total="216006656" percent="32">
    <mem type="eden" free="0" total="60817408" percent="0" />
    <remembered-set count="7520" freebytes="8605440" totalbytes="8635520" percent="99" regionsoverflowed="0" regionsstable="11" regionsrebuilding="0"/>
  </mem-info>
</gc-start>
<allocation-stats totalBytes="60718600" >
  <allocated-bytes non-tlh="32784" tlh="60685816" arrayletleaf="0"/>
  <largest-consumer threadName="Thread-40" threadId="00000000022B2500" bytes="6592640" />
</allocation-stats>
<gc-op id="5197" type="copy forward" timems="10.432" contextid="5194" timestamp="2019-08-08T19:54:36.984">
  <memory-copied type="eden" objects="9241" bytes="3748312" bytesdiscarded="658000" />
  <memory-copied type="other" objects="14" bytes="472" bytesdiscarded="32" />
  <memory-cardclean objects="3010" bytes="139440" />
  <regions eden="29" other="4" />
  <remembered-set-cleared processed="573" cleared="247" durationms="0.189" />
  <references type="phantom" candidates="3" cleared="0" enqueued="0" />
  <stringconstants candidates="16389" cleared="0"  />
</gc-op>
<gc-op id="5198" type="classunload" timems="0.015" contextid="5194" timestamp="2019-08-08T19:54:36.984">
  <classunload-info classloadercandidates="69" classloadersunloaded="0" classesunloaded="0" anonymousclassesunloaded="0" quiescems="0.000" setupms="0.014" scanms="0.000" postms="0.000" />
</gc-op>
<gc-end id="5199" type="partial gc" contextid="5194" durationms="12.650" usertimems="25.324" systemtimems="11.101" timestamp="2019-08-08T19:54:36.984" activeThreads="16">
  <mem-info id="5200" free="130023424" total="216006656" percent="60">
    <mem type="eden" free="1884864" total="6291456" percent="29" />
    <remembered-set count="7744" freebytes="8604544" totalbytes="8635520" percent="99" regionsoverflowed="0" regionsstable="11" regionsrebuilding="0"/>
  </mem-info>
</gc-end>
<cycle-end id="5201" type="partial gc" contextid="5194" timestamp="2019-08-08T19:54:36.984" />
  <attribute name="elasticGC enabled" value="1" />
  <attribute name= "numThreadsSpecified" value="16" />
  <attribute name="heapSize specified" value="0" />
  <attribute name="Current GC Util" value="72" />
  <attribute name= "Current Time Running" value="117855" />
  <attribute name ="GC Interval" value="0" />
  <attribute name="Target GC Util Change" value ="80.000000" />
  <attribute name="Current GC Util Change" value="72.000000"/>
  <attribute name="Current Error" value="8.000000" />
  <attribute name="Output H" value="216082352"/>
  <attribute name="Output I" value="2024"/>
  <attribute name="Output T" value="16"/>
  <attribute name= "Current Time Running" value="117855" />
  <attribute name="GC Util currently" value="72" />
  <attribute name="CPU Util currently" value="701049884990" />
<exclusive-end id="5202" timestamp="2019-08-08T19:54:36.984" durationms="13.458" />

<exclusive-start id="5203" timestamp="2019-08-08T19:54:37.025" intervalms="54.118">
  <response-info timems="1.177" idlems="0.612" threads="1" lastid="000000000227DF00" lastname="Thread-46" />
</exclusive-start>
<allocation-taxation id="5204" taxation-threshold="60817408" timestamp="2019-08-08T19:54:37.025" intervalms="54.167" />
<cycle-start id="5205" type="partial gc" contextid="0" timestamp="2019-08-08T19:54:37.025" intervalms="54.258" />
<gc-start id="5206" type="partial gc" contextid="5205" timestamp="2019-08-08T19:54:37.026">
  <mem-info id="5207" free="69206016" total="216006656" percent="32">
    <mem type="eden" free="0" total="60817408" percent="0" />
    <remembered-set count="7744" freebytes="8604544" totalbytes="8635520" percent="99" regionsoverflowed="0" regionsstable="11" regionsrebuilding="0"/>
  </mem-info>
</gc-start>
<allocation-stats totalBytes="60648480" >
  <allocated-bytes non-tlh="32776" tlh="60615704" arrayletleaf="0"/>
  <largest-consumer threadName="Thread-52" threadId="000000000226EF00" bytes="8794744" />
</allocation-stats>
<gc-op id="5208" type="copy forward" timems="9.415" contextid="5205" timestamp="2019-08-08T19:54:37.036">
  <memory-copied type="eden" objects="10143" bytes="4058936" bytesdiscarded="788200" />
  <memory-copied type="other" objects="12" bytes="432" bytesdiscarded="0" />
  <memory-cardclean objects="3009" bytes="138568" />
  <regions eden="29" other="3" />
  <remembered-set-cleared processed="567" cleared="241" durationms="0.122" />
  <references type="phantom" candidates="1" cleared="0" enqueued="0" />
  <stringconstants candidates="16389" cleared="0"  />
</gc-op>
<gc-op id="5209" type="classunload" timems="0.014" contextid="5205" timestamp="2019-08-08T19:54:37.036">
  <classunload-info classloadercandidates="69" classloadersunloaded="0" classesunloaded="0" anonymousclassesunloaded="0" quiescems="0.000" setupms="0.014" scanms="0.000" postms="0.000" />
</gc-op>
<heap-resize id="5210" type="expand" space="default" amount="4194304" count="1" timems="0.067" reason="excessive time being spent in gc" timestamp="2019-08-08T19:54:37.036" />
<gc-end id="5211" type="partial gc" contextid="5205" durationms="10.932" usertimems="22.365" systemtimems="18.726" timestamp="2019-08-08T19:54:37.036" activeThreads="16">
  <mem-info id="5212" free="132120576" total="220200960" percent="60">
    <mem type="eden" free="1444056" total="6291456" percent="22" />
    <remembered-set count="7232" freebytes="8774272" totalbytes="8803200" percent="99" regionsoverflowed="0" regionsstable="11" regionsrebuilding="0"/>
  </mem-info>
</gc-end>
<cycle-end id="5213" type="partial gc" contextid="5205" timestamp="2019-08-08T19:54:37.037" />
  <attribute name="elasticGC enabled" value="1" />
  <attribute name= "numThreadsSpecified" value="16" />
  <attribute name="heapSize specified" value="0" />
  <attribute name="Current GC Util" value="126" />
  <attribute name= "Current Time Running" value="117908" />
  <attribute name ="GC Interval" value="0" />
  <attribute name="Target GC Util Change" value ="80.000000" />
  <attribute name="Current GC Util Change" value="126.000000"/>
  <attribute name="Current Error" value="-6.000000" />
  <attribute name="Output H" value="216082336"/>
  <attribute name="Output I" value="2000"/>
  <attribute name="Output T" value="16"/>
  <attribute name= "Current Time Running" value="117908" />
  <attribute name="GC Util currently" value="126" />
  <attribute name="CPU Util currently" value="1833094950447" />
<exclusive-end id="5214" timestamp="2019-08-08T19:54:37.037" durationms="11.707" />

<exclusive-start id="5215" timestamp="2019-08-08T19:54:37.083" intervalms="57.647">
  <response-info timems="0.504" idlems="0.266" threads="1" lastid="00000000022BD900" lastname="Thread-43" />
</exclusive-start>
<allocation-taxation id="5216" taxation-threshold="62914560" timestamp="2019-08-08T19:54:37.083" intervalms="57.675" />
<cycle-start id="5217" type="partial gc" contextid="0" timestamp="2019-08-08T19:54:37.083" intervalms="57.695" />
<gc-start id="5218" type="partial gc" contextid="5217" timestamp="2019-08-08T19:54:37.083">
  <mem-info id="5219" free="69206016" total="220200960" percent="31">
    <mem type="eden" free="0" total="62914560" percent="0" />
    <remembered-set count="7040" freebytes="8775040" totalbytes="8803200" percent="99" regionsoverflowed="0" regionsstable="11" regionsrebuilding="0"/>
  </mem-info>
</gc-start>
<allocation-stats totalBytes="62694112" >
  <allocated-bytes non-tlh="73760" tlh="62620352" arrayletleaf="0"/>
  <largest-consumer threadName="Thread-42" threadId="0000000002289200" bytes="6775872" />
</allocation-stats>
<gc-op id="5220" type="copy forward" timems="10.154" contextid="5217" timestamp="2019-08-08T19:54:37.099">
  <memory-copied type="eden" objects="9555" bytes="3796456" bytesdiscarded="708880" />
  <memory-copied type="other" objects="16" bytes="768" bytesdiscarded="0" />
  <memory-cardclean objects="3028" bytes="139624" />
  <regions eden="30" other="3" />
  <remembered-set-cleared processed="584" cleared="262" durationms="0.707" />
  <references type="phantom" candidates="1" cleared="0" enqueued="0" />
  <stringconstants candidates="16389" cleared="0"  />
</gc-op>
<gc-op id="5221" type="classunload" timems="0.011" contextid="5217" timestamp="2019-08-08T19:54:37.099">
  <classunload-info classloadercandidates="69" classloadersunloaded="0" classesunloaded="0" anonymousclassesunloaded="0" quiescems="0.000" setupms="0.011" scanms="0.000" postms="0.000" />
</gc-op>
<heap-resize id="5222" type="expand" space="default" amount="10485760" count="1" timems="0.065" reason="excessive time being spent in gc" timestamp="2019-08-08T19:54:37.100" />
<gc-end id="5223" type="partial gc" contextid="5217" durationms="16.469" usertimems="30.894" systemtimems="13.398" timestamp="2019-08-08T19:54:37.100" activeThreads="16">
  <mem-info id="5224" free="138412032" total="230686720" percent="60">
    <mem type="eden" free="3883016" total="8388608" percent="46" />
    <remembered-set count="7232" freebytes="9193472" totalbytes="9222400" percent="99" regionsoverflowed="0" regionsstable="11" regionsrebuilding="0"/>
  </mem-info>
</gc-end>
<cycle-end id="5225" type="partial gc" contextid="5217" timestamp="2019-08-08T19:54:37.100" />
  <attribute name="elasticGC enabled" value="1" />
  <attribute name= "numThreadsSpecified" value="16" />
  <attribute name="heapSize specified" value="0" />
  <attribute name="Current GC Util" value="13" />
  <attribute name= "Current Time Running" value="117971" />
  <attribute name ="GC Interval" value="0" />
  <attribute name="Target GC Util Change" value ="80.000000" />
  <attribute name="Current GC Util Change" value="13.000000"/>
  <attribute name="Current Error" value="94.000000" />
  <attribute name="Output H" value="220276752"/>
  <attribute name="Output I" value="2176"/>
  <attribute name="Output T" value="16"/>
  <attribute name= "Current Time Running" value="117971" />
  <attribute name="GC Util currently" value="13" />
  <attribute name="CPU Util currently" value="201159336531" />
<exclusive-end id="5226" timestamp="2019-08-08T19:54:37.100" durationms="17.475" />

<exclusive-start id="5227" timestamp="2019-08-08T19:54:37.139" intervalms="55.937">
  <response-info timems="4.085" idlems="2.402" threads="3" lastid="0000000002285600" lastname="Thread-38" />
</exclusive-start>
<allocation-taxation id="5228" taxation-threshold="65011712" timestamp="2019-08-08T19:54:37.139" intervalms="55.861" />
<cycle-start id="5229" type="partial gc" contextid="0" timestamp="2019-08-08T19:54:37.139" intervalms="55.762" />
<gc-start id="5230" type="partial gc" contextid="5229" timestamp="2019-08-08T19:54:37.139">
  <mem-info id="5231" free="73400320" total="230686720" percent="31">
    <mem type="eden" free="0" total="65011712" percent="0" />
    <remembered-set count="7072" freebytes="9194112" totalbytes="9222400" percent="99" regionsoverflowed="0" regionsstable="11" regionsrebuilding="0"/>
  </mem-info>
</gc-start>
<allocation-stats totalBytes="64884584" >
  <allocated-bytes non-tlh="16392" tlh="64868192" arrayletleaf="0"/>
  <largest-consumer threadName="Thread-42" threadId="0000000002289200" bytes="7828392" />
</allocation-stats>
<gc-op id="5232" type="copy forward" timems="8.610" contextid="5229" timestamp="2019-08-08T19:54:37.149">
  <memory-copied type="eden" objects="8873" bytes="3710024" bytesdiscarded="764992" />
  <memory-copied type="other" objects="24" bytes="864" bytesdiscarded="0" />
  <memory-cardclean objects="3012" bytes="139176" />
  <regions eden="31" other="5" />
  <remembered-set-cleared processed="560" cleared="236" durationms="0.296" />
  <references type="phantom" candidates="5" cleared="0" enqueued="0" />
  <stringconstants candidates="16389" cleared="0"  />
</gc-op>
<gc-op id="5233" type="classunload" timems="0.015" contextid="5229" timestamp="2019-08-08T19:54:37.149">
  <classunload-info classloadercandidates="69" classloadersunloaded="0" classesunloaded="0" anonymousclassesunloaded="0" quiescems="0.000" setupms="0.015" scanms="0.000" postms="0.000" />
</gc-op>
<gc-end id="5234" type="partial gc" contextid="5229" durationms="10.150" usertimems="25.517" systemtimems="8.197" timestamp="2019-08-08T19:54:37.149" activeThreads="16">
  <mem-info id="5235" free="138412032" total="230686720" percent="60">
    <mem type="eden" free="1816136" total="6291456" percent="28" />
    <remembered-set count="7712" freebytes="9191552" totalbytes="9222400" percent="99" regionsoverflowed="0" regionsstable="11" regionsrebuilding="0"/>
  </mem-info>
</gc-end>
<cycle-end id="5236" type="partial gc" contextid="5229" timestamp="2019-08-08T19:54:37.149" />
  <attribute name="elasticGC enabled" value="1" />
  <attribute name= "numThreadsSpecified" value="16" />
  <attribute name="heapSize specified" value="0" />
  <attribute name="Current GC Util" value="111" />
  <attribute name= "Current Time Running" value="118022" />
  <attribute name ="GC Interval" value="0" />
  <attribute name="Target GC Util Change" value ="80.000000" />
  <attribute name="Current GC Util Change" value="111.000000"/>
  <attribute name="Current Error" value="-31.000000" />
  <attribute name="Output H" value="230762368"/>
  <attribute name="Output I" value="1960"/>
  <attribute name="Output T" value="16"/>
  <attribute name= "Current Time Running" value="118022" />
  <attribute name="GC Util currently" value="111" />
  <attribute name="CPU Util currently" value="1122604349484" />
<exclusive-end id="5237" timestamp="2019-08-08T19:54:37.150" durationms="11.085" />

<exclusive-start id="5238" timestamp="2019-08-08T19:54:37.202" intervalms="63.223">
  <response-info timems="0.239" idlems="0.239" threads="0" lastid="0000000002285600" lastname="Thread-38" />
</exclusive-start>
<allocation-taxation id="5239" taxation-threshold="65011712" timestamp="2019-08-08T19:54:37.202" intervalms="63.232" />
<cycle-start id="5240" type="partial gc" contextid="0" timestamp="2019-08-08T19:54:37.203" intervalms="63.843" />
<gc-start id="5241" type="partial gc" contextid="5240" timestamp="2019-08-08T19:54:37.203">
  <mem-info id="5242" free="73400320" total="230686720" percent="31">
    <mem type="eden" free="0" total="65011712" percent="0" />
    <remembered-set count="7232" freebytes="9193472" totalbytes="9222400" percent="99" regionsoverflowed="0" regionsstable="11" regionsrebuilding="0"/>
  </mem-info>
</gc-start>
<allocation-stats totalBytes="64770800" >
  <allocated-bytes non-tlh="32784" tlh="64738016" arrayletleaf="0"/>
  <largest-consumer threadName="Thread-44" threadId="0000000002272B00" bytes="6971520" />
</allocation-stats>
<gc-op id="5243" type="copy forward" timems="11.528" contextid="5240" timestamp="2019-08-08T19:54:37.216">
  <memory-copied type="eden" objects="9111" bytes="3573712" bytesdiscarded="746656" />
  <memory-copied type="other" objects="18" bytes="872" bytesdiscarded="0" />
  <memory-cardclean objects="3000" bytes="139440" />
  <regions eden="31" other="4" />
  <remembered-set-cleared processed="545" cleared="221" durationms="0.126" />
  <references type="phantom" candidates="3" cleared="0" enqueued="0" />
  <stringconstants candidates="16389" cleared="0"  />
</gc-op>
<gc-op id="5244" type="classunload" timems="0.015" contextid="5240" timestamp="2019-08-08T19:54:37.216">
  <classunload-info classloadercandidates="69" classloadersunloaded="0" classesunloaded="0" anonymousclassesunloaded="0" quiescems="0.000" setupms="0.015" scanms="0.000" postms="0.000" />
</gc-op>
<gc-end id="5245" type="partial gc" contextid="5240" durationms="13.304" usertimems="27.477" systemtimems="15.845" timestamp="2019-08-08T19:54:37.217" activeThreads="16">
  <mem-info id="5246" free="138412032" total="230686720" percent="60">
    <mem type="eden" free="1970816" total="6291456" percent="31" />
    <remembered-set count="7712" freebytes="9191552" totalbytes="9222400" percent="99" regionsoverflowed="0" regionsstable="11" regionsrebuilding="0"/>
  </mem-info>
</gc-end>
<cycle-end id="5247" type="partial gc" contextid="5240" timestamp="2019-08-08T19:54:37.217" />
  <attribute name="elasticGC enabled" value="1" />
  <attribute name= "numThreadsSpecified" value="16" />
  <attribute name="heapSize specified" value="0" />
  <attribute name="Current GC Util" value="54" />
  <attribute name= "Current Time Running" value="118086" />
  <attribute name ="GC Interval" value="0" />
  <attribute name="Target GC Util Change" value ="80.000000" />
  <attribute name="Current GC Util Change" value="54.000000"/>
  <attribute name="Current Error" value="34.000000" />
  <attribute name="Output H" value="230762440"/>
  <attribute name="Output I" value="2072"/>
  <attribute name="Output T" value="16"/>
  <attribute name= "Current Time Running" value="118086" />
  <attribute name="GC Util currently" value="54" />
  <attribute name="CPU Util currently" value="856493339904" />
<exclusive-end id="5248" timestamp="2019-08-08T19:54:37.217" durationms="15.048" />

<exclusive-start id="5249" timestamp="2019-08-08T19:54:37.314" intervalms="112.632">
  <response-info timems="0.509" idlems="0.509" threads="0" lastid="0000000002289200" lastname="Thread-42" />
</exclusive-start>
<allocation-taxation id="5250" taxation-threshold="65011712" timestamp="2019-08-08T19:54:37.315" intervalms="112.649" />
<cycle-start id="5251" type="partial gc" contextid="0" timestamp="2019-08-08T19:54:37.315" intervalms="112.000" />
<gc-start id="5252" type="partial gc" contextid="5251" timestamp="2019-08-08T19:54:37.315">
  <mem-info id="5253" free="73400320" total="230686720" percent="31">
    <mem type="eden" free="0" total="65011712" percent="0" />
    <remembered-set count="7584" freebytes="9192064" totalbytes="9222400" percent="99" regionsoverflowed="0" regionsstable="11" regionsrebuilding="0"/>
  </mem-info>
</gc-start>
<allocation-stats totalBytes="64880672" >
  <allocated-bytes non-tlh="81952" tlh="64798720" arrayletleaf="0"/>
  <largest-consumer threadName="Thread-37" threadId="00000000022AE900" bytes="7614992" />
</allocation-stats>
<gc-op id="5254" type="copy forward" timems="8.497" contextid="5251" timestamp="2019-08-08T19:54:37.325">
  <memory-copied type="eden" objects="10392" bytes="4107856" bytesdiscarded="765784" />
  <memory-copied type="other" objects="28" bytes="1008" bytesdiscarded="0" />
  <memory-cardclean objects="2997" bytes="139496" />
  <regions eden="31" other="4" />
  <remembered-set-cleared processed="559" cleared="236" durationms="0.131" />
  <references type="phantom" candidates="3" cleared="0" enqueued="0" />
  <stringconstants candidates="16389" cleared="0"  />
</gc-op>
<gc-op id="5255" type="classunload" timems="0.011" contextid="5251" timestamp="2019-08-08T19:54:37.325">
  <classunload-info classloadercandidates="69" classloadersunloaded="0" classesunloaded="0" anonymousclassesunloaded="0" quiescems="0.000" setupms="0.011" scanms="0.000" postms="0.000" />
</gc-op>
<heap-resize id="5256" type="expand" space="default" amount="10485760" count="1" timems="0.187" reason="excessive time being spent in gc" timestamp="2019-08-08T19:54:37.325" />
<gc-end id="5257" type="partial gc" contextid="5251" durationms="9.790" usertimems="34.039" systemtimems="10.773" timestamp="2019-08-08T19:54:37.325" activeThreads="16">
  <mem-info id="5258" free="144703488" total="241172480" percent="60">
    <mem type="eden" free="3514680" total="8388608" percent="41" />
    <remembered-set count="8224" freebytes="9608704" totalbytes="9641600" percent="99" regionsoverflowed="0" regionsstable="11" regionsrebuilding="0"/>
  </mem-info>
</gc-end>
<cycle-end id="5259" type="partial gc" contextid="5251" timestamp="2019-08-08T19:54:37.325" />
  <attribute name="elasticGC enabled" value="1" />
  <attribute name= "numThreadsSpecified" value="16" />
  <attribute name="heapSize specified" value="0" />
  <attribute name="Current GC Util" value="159" />
  <attribute name= "Current Time Running" value="118198" />
  <attribute name ="GC Interval" value="0" />
  <attribute name="Target GC Util Change" value ="80.000000" />
  <attribute name="Current GC Util Change" value="159.000000"/>
  <attribute name="Current Error" value="9.000000" />
  <attribute name="Output H" value="230762416"/>
  <attribute name="Output I" value="2024"/>
  <attribute name="Output T" value="16"/>
  <attribute name= "Current Time Running" value="118198" />
  <attribute name="GC Util currently" value="159" />
  <attribute name="CPU Util currently" value="2023016943597" />
<exclusive-end id="5260" timestamp="2019-08-08T19:54:37.325" durationms="11.046" />

<exclusive-start id="5261" timestamp="2019-08-08T19:54:37.383" intervalms="68.612">
  <response-info timems="0.436" idlems="0.436" threads="0" lastid="00000000022BD900" lastname="Thread-43" />
</exclusive-start>
<allocation-taxation id="5262" taxation-threshold="67108864" timestamp="2019-08-08T19:54:37.383" intervalms="68.580" />
<cycle-start id="5263" type="partial gc" contextid="0" timestamp="2019-08-08T19:54:37.383" intervalms="68.630" />
<gc-start id="5264" type="partial gc" contextid="5263" timestamp="2019-08-08T19:54:37.383">
  <mem-info id="5265" free="77594624" total="241172480" percent="32">
    <mem type="eden" free="0" total="67108864" percent="0" />
    <remembered-set count="8064" freebytes="9609344" totalbytes="9641600" percent="99" regionsoverflowed="0" regionsstable="11" regionsrebuilding="0"/>
  </mem-info>
</gc-start>
<allocation-stats totalBytes="66985600" >
  <allocated-bytes non-tlh="0" tlh="66985600" arrayletleaf="0"/>
  <largest-consumer threadName="Thread-47" threadId="0000000002290A00" bytes="7021792" />
</allocation-stats>
<gc-op id="5266" type="copy forward" timems="5.149" contextid="5263" timestamp="2019-08-08T19:54:37.390">
  <memory-copied type="eden" objects="8583" bytes="3506968" bytesdiscarded="546016" />
  <memory-copied type="other" objects="24" bytes="864" bytesdiscarded="0" />
  <memory-cardclean objects="2989" bytes="138624" />
  <regions eden="32" other="5" />
  <remembered-set-cleared processed="563" cleared="237" durationms="0.331" />
  <references type="weak" candidates="2" cleared="0" enqueued="0" />
  <references type="phantom" candidates="7" cleared="0" enqueued="0" />
  <stringconstants candidates="16389" cleared="0"  />
</gc-op>
<gc-op id="5267" type="classunload" timems="0.011" contextid="5263" timestamp="2019-08-08T19:54:37.390">
  <classunload-info classloadercandidates="69" classloadersunloaded="0" classesunloaded="0" anonymousclassesunloaded="0" quiescems="0.000" setupms="0.011" scanms="0.000" postms="0.000" />
</gc-op>
<gc-end id="5268" type="partial gc" contextid="5263" durationms="6.494" usertimems="20.813" systemtimems="3.550" timestamp="2019-08-08T19:54:37.390" activeThreads="8">
  <mem-info id="5269" free="144703488" total="241172480" percent="60">
    <mem type="eden" free="2238184" total="6291456" percent="35" />
    <remembered-set count="8736" freebytes="9606656" totalbytes="9641600" percent="99" regionsoverflowed="0" regionsstable="11" regionsrebuilding="0"/>
  </mem-info>
</gc-end>
<cycle-end id="5270" type="partial gc" contextid="5263" timestamp="2019-08-08T19:54:37.390" />
  <attribute name="elasticGC enabled" value="1" />
  <attribute name= "numThreadsSpecified" value="8" />
  <attribute name="heapSize specified" value="0" />
  <attribute name="Current GC Util" value="97" />
  <attribute name= "Current Time Running" value="118266" />
  <attribute name ="GC Interval" value="0" />
  <attribute name="Target GC Util Change" value ="80.000000" />
  <attribute name="Current GC Util Change" value="97.000000"/>
  <attribute name="Current Error" value="-17.000000" />
  <attribute name="Output H" value="241248144"/>
  <attribute name="Output I" value="1984"/>
  <attribute name="Output T" value="8"/>
  <attribute name= "Current Time Running" value="118266" />
  <attribute name="GC Util currently" value="97" />
  <attribute name="CPU Util currently" value="1714924432705" />
<exclusive-end id="5271" timestamp="2019-08-08T19:54:37.390" durationms="7.423" />

<exclusive-start id="5272" timestamp="2019-08-08T19:54:37.443" intervalms="60.006">
  <response-info timems="0.377" idlems="0.197" threads="3" lastid="0000000002272B00" lastname="Thread-44" />
</exclusive-start>
<allocation-taxation id="5273" taxation-threshold="67108864" timestamp="2019-08-08T19:54:37.443" intervalms="60.003" />
<cycle-start id="5274" type="partial gc" contextid="0" timestamp="2019-08-08T19:54:37.443" intervalms="59.984" />
<gc-start id="5275" type="partial gc" contextid="5274" timestamp="2019-08-08T19:54:37.443">
  <mem-info id="5276" free="77594624" total="241172480" percent="32">
    <mem type="eden" free="0" total="67108864" percent="0" />
    <remembered-set count="8288" freebytes="9608448" totalbytes="9641600" percent="99" regionsoverflowed="0" regionsstable="11" regionsrebuilding="0"/>
  </mem-info>
</gc-start>
<allocation-stats totalBytes="67001112" >
  <allocated-bytes non-tlh="40984" tlh="66960128" arrayletleaf="0"/>
  <largest-consumer threadName="Thread-52" threadId="000000000226EF00" bytes="7356168" />
</allocation-stats>
<gc-op id="5277" type="copy forward" timems="13.788" contextid="5274" timestamp="2019-08-08T19:54:37.459">
  <memory-copied type="eden" objects="8785" bytes="3322440" bytesdiscarded="571960" />
  <memory-copied type="other" objects="21" bytes="824" bytesdiscarded="0" />
  <memory-cardclean objects="3015" bytes="140216" />
  <regions eden="32" other="4" />
  <remembered-set-cleared processed="547" cleared="225" durationms="0.146" />
  <references type="weak" candidates="1" cleared="0" enqueued="0" />
  <references type="phantom" candidates="3" cleared="0" enqueued="0" />
  <stringconstants candidates="16389" cleared="0"  />
</gc-op>
<gc-op id="5278" type="classunload" timems="0.011" contextid="5274" timestamp="2019-08-08T19:54:37.459">
  <classunload-info classloadercandidates="69" classloadersunloaded="0" classesunloaded="0" anonymousclassesunloaded="0" quiescems="0.000" setupms="0.011" scanms="0.000" postms="0.000" />
</gc-op>
<heap-resize id="5279" type="expand" space="default" amount="6291456" count="1" timems="0.070" reason="excessive time being spent in gc" timestamp="2019-08-08T19:54:37.459" />
<gc-end id="5280" type="partial gc" contextid="5274" durationms="15.518" usertimems="31.341" systemtimems="10.332" timestamp="2019-08-08T19:54:37.459" activeThreads="16">
  <mem-info id="5281" free="148897792" total="247463936" percent="60">
    <mem type="eden" free="2396800" total="6291456" percent="38" />
    <remembered-set count="7712" freebytes="9862272" totalbytes="9893120" percent="99" regionsoverflowed="0" regionsstable="11" regionsrebuilding="0"/>
  </mem-info>
</gc-end>
<cycle-end id="5282" type="partial gc" contextid="5274" timestamp="2019-08-08T19:54:37.459" />
  <attribute name="elasticGC enabled" value="1" />
  <attribute name= "numThreadsSpecified" value="16" />
  <attribute name="heapSize specified" value="0" />
  <attribute name="Current GC Util" value="124" />
  <attribute name= "Current Time Running" value="118326" />
  <attribute name ="GC Interval" value="0" />
  <attribute name="Target GC Util Change" value ="80.000000" />
  <attribute name="Current GC Util Change" value="124.000000"/>
  <attribute name="Current Error" value="-4.000000" />
  <attribute name="Output H" value="241248160"/>
  <attribute name="Output I" value="2008"/>
  <attribute name="Output T" value="16"/>
  <attribute name= "Current Time Running" value="118326" />
  <attribute name="GC Util currently" value="124" />
  <attribute name="CPU Util currently" value="1326793741357" />
<exclusive-end id="5283" timestamp="2019-08-08T19:54:37.459" durationms="16.208" />

<exclusive-start id="5284" timestamp="2019-08-08T19:54:37.514" intervalms="71.254">
  <response-info timems="0.585" idlems="0.219" threads="2" lastid="0000000002272B00" lastname="Thread-44" />
</exclusive-start>
<allocation-taxation id="5285" taxation-threshold="69206016" timestamp="2019-08-08T19:54:37.514" intervalms="71.261" />
<cycle-start id="5286" type="partial gc" contextid="0" timestamp="2019-08-08T19:54:37.514" intervalms="71.272" />
<gc-start id="5287" type="partial gc" contextid="5286" timestamp="2019-08-08T19:54:37.515">
  <mem-info id="5288" free="79691776" total="247463936" percent="32">
    <mem type="eden" free="0" total="69206016" percent="0" />
    <remembered-set count="7264" freebytes="9864064" totalbytes="9893120" percent="99" regionsoverflowed="0" regionsstable="11" regionsrebuilding="0"/>
  </mem-info>
</gc-start>
<allocation-stats totalBytes="69053984" >
  <allocated-bytes non-tlh="32784" tlh="69021200" arrayletleaf="0"/>
  <largest-consumer threadName="Thread-37" threadId="00000000022AE900" bytes="9056568" />
</allocation-stats>
<gc-op id="5289" type="copy forward" timems="7.452" contextid="5286" timestamp="2019-08-08T19:54:37.523">
  <memory-copied type="eden" objects="8946" bytes="3606392" bytesdiscarded="545616" />
  <memory-copied type="other" objects="25" bytes="1072" bytesdiscarded="0" />
  <memory-cardclean objects="3000" bytes="139448" />
  <regions eden="33" other="4" />
  <remembered-set-cleared processed="550" cleared="227" durationms="0.161" />
  <references type="phantom" candidates="2" cleared="0" enqueued="0" />
  <stringconstants candidates="16389" cleared="0"  />
</gc-op>
<gc-op id="5290" type="classunload" timems="0.012" contextid="5286" timestamp="2019-08-08T19:54:37.523">
  <classunload-info classloadercandidates="69" classloadersunloaded="0" classesunloaded="0" anonymousclassesunloaded="0" quiescems="0.000" setupms="0.011" scanms="0.000" postms="0.000" />
</gc-op>
<gc-end id="5291" type="partial gc" contextid="5286" durationms="8.619" usertimems="23.013" systemtimems="6.145" timestamp="2019-08-08T19:54:37.523" activeThreads="8">
  <mem-info id="5292" free="148897792" total="247463936" percent="60">
    <mem type="eden" free="42040" total="4194304" percent="1" />
    <remembered-set count="7872" freebytes="9861632" totalbytes="9893120" percent="99" regionsoverflowed="0" regionsstable="11" regionsrebuilding="0"/>
  </mem-info>
</gc-end>
<cycle-end id="5293" type="partial gc" contextid="5286" timestamp="2019-08-08T19:54:37.524" />
  <attribute name="elasticGC enabled" value="1" />
  <attribute name= "numThreadsSpecified" value="8" />
  <attribute name="heapSize specified" value="0" />
  <attribute name="Current GC Util" value="138" />
  <attribute name= "Current Time Running" value="118397" />
  <attribute name ="GC Interval" value="0" />
  <attribute name="Target GC Util Change" value ="80.000000" />
  <attribute name="Current GC Util Change" value="138.000000"/>
  <attribute name="Current Error" value="-18.000000" />
  <attribute name="Output H" value="247539600"/>
  <attribute name="Output I" value="1976"/>
  <attribute name="Output T" value="8"/>
  <attribute name= "Current Time Running" value="118397" />
  <attribute name="GC Util currently" value="138" />
  <attribute name="CPU Util currently" value="2599398020828" />
<exclusive-end id="5294" timestamp="2019-08-08T19:54:37.524" durationms="9.439" />

<exclusive-start id="5295" timestamp="2019-08-08T19:54:37.574" intervalms="59.891">
  <response-info timems="1.827" idlems="1.816" threads="2" lastid="0000000002298200" lastname="Thread-45" />
</exclusive-start>
<allocation-taxation id="5296" taxation-threshold="69206016" timestamp="2019-08-08T19:54:37.575" intervalms="60.767" />
<cycle-start id="5297" type="partial gc" contextid="0" timestamp="2019-08-08T19:54:37.575" intervalms="60.815" />
<gc-start id="5298" type="partial gc" contextid="5297" timestamp="2019-08-08T19:54:37.575">
  <mem-info id="5299" free="79691776" total="247463936" percent="32">
    <mem type="eden" free="0" total="69206016" percent="0" />
    <remembered-set count="7488" freebytes="9863168" totalbytes="9893120" percent="99" regionsoverflowed="0" regionsstable="11" regionsrebuilding="0"/>
  </mem-info>
</gc-start>
<allocation-stats totalBytes="68987048" >
  <allocated-bytes non-tlh="32784" tlh="68954264" arrayletleaf="0"/>
  <largest-consumer threadName="Thread-52" threadId="000000000226EF00" bytes="7818808" />
</allocation-stats>
<gc-op id="5300" type="copy forward" timems="10.989" contextid="5297" timestamp="2019-08-08T19:54:37.589">
  <memory-copied type="eden" objects="8714" bytes="3548184" bytesdiscarded="631512" />
  <memory-copied type="other" objects="27" bytes="1088" bytesdiscarded="0" />
  <memory-cardclean objects="3024" bytes="140616" />
  <regions eden="33" other="3" />
  <remembered-set-cleared processed="563" cleared="241" durationms="0.375" />
  <references type="phantom" candidates="5" cleared="0" enqueued="0" />
  <stringconstants candidates="16389" cleared="0"  />
</gc-op>
<gc-op id="5301" type="classunload" timems="0.012" contextid="5297" timestamp="2019-08-08T19:54:37.589">
  <classunload-info classloadercandidates="69" classloadersunloaded="0" classesunloaded="0" anonymousclassesunloaded="0" quiescems="0.000" setupms="0.012" scanms="0.000" postms="0.000" />
</gc-op>
<heap-resize id="5302" type="expand" space="default" amount="4194304" count="1" timems="0.067" reason="excessive time being spent in gc" timestamp="2019-08-08T19:54:37.590" />
<gc-end id="5303" type="partial gc" contextid="5297" durationms="14.179" usertimems="39.023" systemtimems="14.129" timestamp="2019-08-08T19:54:37.590" activeThreads="16">
  <mem-info id="5304" free="150994944" total="251658240" percent="60">
    <mem type="eden" free="14328" total="4194304" percent="0" />
    <remembered-set count="6688" freebytes="10034048" totalbytes="10060800" percent="99" regionsoverflowed="0" regionsstable="11" regionsrebuilding="0"/>
  </mem-info>
</gc-end>
<cycle-end id="5305" type="partial gc" contextid="5297" timestamp="2019-08-08T19:54:37.590" />
  <attribute name="elasticGC enabled" value="1" />
  <attribute name= "numThreadsSpecified" value="16" />
  <attribute name="heapSize specified" value="0" />
  <attribute name="Current GC Util" value="222" />
  <attribute name= "Current Time Running" value="118460" />
  <attribute name ="GC Interval" value="0" />
  <attribute name="Target GC Util Change" value ="80.000000" />
  <attribute name="Current GC Util Change" value="222.000000"/>
  <attribute name="Current Error" value="-142.000000" />
  <attribute name="Output H" value="247539456"/>
  <attribute name="Output I" value="1760"/>
  <attribute name="Output T" value="16"/>
  <attribute name= "Current Time Running" value="118460" />
  <attribute name="GC Util currently" value="222" />
  <attribute name="CPU Util currently" value="498613432243" />
<exclusive-end id="5306" timestamp="2019-08-08T19:54:37.590" durationms="16.018" />

<exclusive-start id="5307" timestamp="2019-08-08T19:54:37.639" intervalms="64.394">
  <response-info timems="0.108" idlems="0.108" threads="0" lastid="00000000022B2500" lastname="Thread-40" />
</exclusive-start>
<allocation-taxation id="5308" taxation-threshold="69206016" timestamp="2019-08-08T19:54:37.639" intervalms="63.510" />
<cycle-start id="5309" type="partial gc" contextid="0" timestamp="2019-08-08T19:54:37.639" intervalms="63.435" />
<gc-start id="5310" type="partial gc" contextid="5309" timestamp="2019-08-08T19:54:37.639">
  <mem-info id="5311" free="81788928" total="251658240" percent="32">
    <mem type="eden" free="0" total="69206016" percent="0" />
    <remembered-set count="6496" freebytes="10034816" totalbytes="10060800" percent="99" regionsoverflowed="0" regionsstable="11" regionsrebuilding="0"/>
  </mem-info>
</gc-start>
<allocation-stats totalBytes="69082944" >
  <allocated-bytes non-tlh="81952" tlh="69000992" arrayletleaf="0"/>
  <largest-consumer threadName="Thread-52" threadId="000000000226EF00" bytes="9387920" />
</allocation-stats>
<gc-op id="5312" type="copy forward" timems="9.071" contextid="5309" timestamp="2019-08-08T19:54:37.649">
  <memory-copied type="eden" objects="9372" bytes="3772144" bytesdiscarded="797320" />
  <memory-copied type="other" objects="34" bytes="1448" bytesdiscarded="0" />
  <memory-cardclean objects="3026" bytes="140552" />
  <regions eden="33" other="3" />
  <remembered-set-cleared processed="550" cleared="228" durationms="0.238" />
  <references type="phantom" candidates="2" cleared="0" enqueued="0" />
  <stringconstants candidates="16389" cleared="0"  />
</gc-op>
<gc-op id="5313" type="classunload" timems="0.012" contextid="5309" timestamp="2019-08-08T19:54:37.649">
  <classunload-info classloadercandidates="69" classloadersunloaded="0" classesunloaded="0" anonymousclassesunloaded="0" quiescems="0.000" setupms="0.012" scanms="0.000" postms="0.000" />
</gc-op>
<heap-resize id="5314" type="expand" space="default" amount="10485760" count="1" timems="2.307" reason="excessive time being spent in gc" timestamp="2019-08-08T19:54:37.651" />
<gc-end id="5315" type="partial gc" contextid="5309" durationms="12.382" usertimems="16.537" systemtimems="16.414" timestamp="2019-08-08T19:54:37.651" activeThreads="16">
  <mem-info id="5316" free="157286400" total="262144000" percent="60">
    <mem type="eden" free="1721728" total="6291456" percent="27" />
    <remembered-set count="7200" freebytes="10451200" totalbytes="10480000" percent="99" regionsoverflowed="0" regionsstable="11" regionsrebuilding="0"/>
  </mem-info>
</gc-end>
<cycle-end id="5317" type="partial gc" contextid="5309" timestamp="2019-08-08T19:54:37.652" />
  <attribute name="elasticGC enabled" value="1" />
  <attribute name= "numThreadsSpecified" value="16" />
  <attribute name="heapSize specified" value="0" />
  <attribute name="Current GC Util" value="130" />
  <attribute name= "Current Time Running" value="118521" />
  <attribute name ="GC Interval" value="0" />
  <attribute name="Target GC Util Change" value ="80.000000" />
  <attribute name="Current GC Util Change" value="130.000000"/>
  <attribute name="Current Error" value="-159.000000" />
  <attribute name="Output H" value="251733744"/>
  <attribute name="Output I" value="1728"/>
  <attribute name="Output T" value="16"/>
  <attribute name= "Current Time Running" value="118521" />
  <attribute name="GC Util currently" value="130" />
  <attribute name="CPU Util currently" value="2255341202713" />
<exclusive-end id="5318" timestamp="2019-08-08T19:54:37.652" durationms="13.400" />

<exclusive-start id="5319" timestamp="2019-08-08T19:54:37.697" intervalms="58.556">
  <response-info timems="0.387" idlems="0.387" threads="0" lastid="0000000002276700" lastname="Thread-50" />
</exclusive-start>
<allocation-taxation id="5320" taxation-threshold="73400320" timestamp="2019-08-08T19:54:37.697" intervalms="58.591" />
<cycle-start id="5321" type="partial gc" contextid="0" timestamp="2019-08-08T19:54:37.697" intervalms="58.668" />
<gc-start id="5322" type="partial gc" contextid="5321" timestamp="2019-08-08T19:54:37.698">
  <mem-info id="5323" free="83886080" total="262144000" percent="32">
    <mem type="eden" free="0" total="73400320" percent="0" />
    <remembered-set count="7040" freebytes="10451840" totalbytes="10480000" percent="99" regionsoverflowed="0" regionsstable="11" regionsrebuilding="0"/>
  </mem-info>
</gc-start>
<allocation-stats totalBytes="73181624" >
  <allocated-bytes non-tlh="32776" tlh="73148848" arrayletleaf="0"/>
  <largest-consumer threadName="Thread-52" threadId="000000000226EF00" bytes="8751528" />
</allocation-stats>
<gc-op id="5324" type="copy forward" timems="9.313" contextid="5321" timestamp="2019-08-08T19:54:37.708">
  <memory-copied type="eden" objects="9860" bytes="3855824" bytesdiscarded="753400" />
  <memory-copied type="other" objects="23" bytes="1032" bytesdiscarded="0" />
  <memory-cardclean objects="2972" bytes="139160" />
  <regions eden="35" other="4" />
  <remembered-set-cleared processed="564" cleared="242" durationms="0.974" />
  <references type="phantom" candidates="3" cleared="0" enqueued="0" />
  <stringconstants candidates="16389" cleared="0"  />
</gc-op>
<gc-op id="5325" type="classunload" timems="0.011" contextid="5321" timestamp="2019-08-08T19:54:37.708">
  <classunload-info classloadercandidates="69" classloadersunloaded="0" classesunloaded="0" anonymousclassesunloaded="0" quiescems="0.000" setupms="0.011" scanms="0.000" postms="0.000" />
</gc-op>
<heap-resize id="5326" type="expand" space="default" amount="16777216" count="1" timems="0.104" reason="excessive time being spent in gc" timestamp="2019-08-08T19:54:37.708" />
<gc-end id="5327" type="partial gc" contextid="5321" durationms="10.545" usertimems="21.796" systemtimems="10.808" timestamp="2019-08-08T19:54:37.708" activeThreads="16">
  <mem-info id="5328" free="167772160" total="278921216" percent="60">
    <mem type="eden" free="5876264" total="10485760" percent="56" />
    <remembered-set count="9280" freebytes="11113600" totalbytes="11150720" percent="99" regionsoverflowed="0" regionsstable="11" regionsrebuilding="0"/>
  </mem-info>
</gc-end>
<cycle-end id="5329" type="partial gc" contextid="5321" timestamp="2019-08-08T19:54:37.709" />
  <attribute name="elasticGC enabled" value="1" />
  <attribute name= "numThreadsSpecified" value="16" />
  <attribute name="heapSize specified" value="0" />
  <attribute name="Current GC Util" value="138" />
  <attribute name= "Current Time Running" value="118580" />
  <attribute name ="GC Interval" value="0" />
  <attribute name="Target GC Util Change" value ="80.000000" />
  <attribute name="Current GC Util Change" value="138.000000"/>
  <attribute name="Current Error" value="-178.000000" />
  <attribute name="Output H" value="262219480"/>
  <attribute name="Output I" value="1696"/>
  <attribute name="Output T" value="16"/>
  <attribute name= "Current Time Running" value="118580" />
  <attribute name="GC Util currently" value="138" />
  <attribute name="CPU Util currently" value="2423254320971" />
<exclusive-end id="5330" timestamp="2019-08-08T19:54:37.709" durationms="11.573" />

<exclusive-start id="5331" timestamp="2019-08-08T19:54:37.778" intervalms="80.472">
  <response-info timems="1.753" idlems="1.569" threads="1" lastid="0000000002285600" lastname="Thread-38" />
</exclusive-start>
<allocation-taxation id="5332" taxation-threshold="77594624" timestamp="2019-08-08T19:54:37.778" intervalms="80.699" />
<cycle-start id="5333" type="partial gc" contextid="0" timestamp="2019-08-08T19:54:37.778" intervalms="80.650" />
<gc-start id="5334" type="partial gc" contextid="5333" timestamp="2019-08-08T19:54:37.778">
  <mem-info id="5335" free="90177536" total="278921216" percent="32">
    <mem type="eden" free="2091880" total="79691776" percent="2" />
    <remembered-set count="8864" freebytes="11115264" totalbytes="11150720" percent="99" regionsoverflowed="0" regionsstable="11" regionsrebuilding="0"/>
  </mem-info>
</gc-start>
<allocation-stats totalBytes="77438440" >
  <allocated-bytes non-tlh="98336" tlh="77340104" arrayletleaf="0"/>
  <largest-consumer threadName="Thread-52" threadId="000000000226EF00" bytes="7582296" />
</allocation-stats>
<gc-op id="5336" type="copy forward" timems="14.065" contextid="5333" timestamp="2019-08-08T19:54:37.793">
  <memory-copied type="eden" objects="7993" bytes="3130016" bytesdiscarded="581352" />
  <memory-copied type="other" objects="16" bytes="576" bytesdiscarded="0" />
  <memory-cardclean objects="3051" bytes="141712" />
  <memory-traced type="eden" objects="1087" bytes="118184" />
  <memory-traced type="other" objects="0" bytes="0" />
  <regions eden="37" other="6" evacuated="42" marked="1" />
  <remembered-set-cleared processed="564" cleared="244" durationms="0.201" />
  <references type="weak" candidates="1" cleared="0" enqueued="0" />
  <references type="phantom" candidates="2" cleared="0" enqueued="0" />
  <stringconstants candidates="16389" cleared="0"  />
</gc-op>
<gc-op id="5337" type="classunload" timems="0.012" contextid="5333" timestamp="2019-08-08T19:54:37.793">
  <classunload-info classloadercandidates="69" classloadersunloaded="0" classesunloaded="0" anonymousclassesunloaded="0" quiescems="0.000" setupms="0.012" scanms="0.000" postms="0.000" />
</gc-op>
<gc-op id="5338" type="sweep" timems="1.494" contextid="5333" timestamp="2019-08-08T19:54:37.795" />
<gc-op id="5339" type="compact" timems="3.165" contextid="5333" timestamp="2019-08-08T19:54:37.798">
  <compact-info movecount="0" movebytes="0" />
  <remembered-set-cleared processed="1482" cleared="244" durationms="0.424" />
</gc-op>
<gc-end id="5340" type="partial gc" contextid="5333" durationms="20.270" usertimems="41.953" systemtimems="19.480" timestamp="2019-08-08T19:54:37.798" activeThreads="16">
  <mem-info id="5341" free="169869312" total="278921216" percent="60">
    <mem type="eden" free="482728" total="6291456" percent="7" />
    <remembered-set count="3232" freebytes="11137792" totalbytes="11150720" percent="99" regionsoverflowed="0" regionsstable="11" regionsrebuilding="0"/>
  </mem-info>
</gc-end>
<cycle-end id="5342" type="partial gc" contextid="5333" timestamp="2019-08-08T19:54:37.799" />
  <attribute name="elasticGC enabled" value="1" />
  <attribute name= "numThreadsSpecified" value="16" />
  <attribute name="heapSize specified" value="0" />
  <attribute name="Current GC Util" value="158" />
  <attribute name= "Current Time Running" value="118677" />
  <attribute name ="GC Interval" value="0" />
  <attribute name="Target GC Util Change" value ="80.000000" />
  <attribute name="Current GC Util Change" value="158.000000"/>
  <attribute name="Current Error" value="-348.000000" />
  <attribute name="Output H" value="278996496"/>
  <attribute name="Output I" value="1392"/>
  <attribute name="Output T" value="16"/>
  <attribute name= "Current Time Running" value="118677" />
  <attribute name="GC Util currently" value="158" />
  <attribute name="CPU Util currently" value="718652133660" />
<exclusive-end id="5343" timestamp="2019-08-08T19:54:37.799" durationms="21.284" />

<exclusive-start id="5344" timestamp="2019-08-08T19:54:37.902" intervalms="124.655">
  <response-info timems="0.106" idlems="0.106" threads="0" lastid="0000000002289200" lastname="Thread-42" />
</exclusive-start>
<allocation-taxation id="5345" taxation-threshold="77594624" timestamp="2019-08-08T19:54:37.902" intervalms="124.399" />
<cycle-start id="5346" type="partial gc" contextid="0" timestamp="2019-08-08T19:54:37.902" intervalms="124.364" />
<gc-start id="5347" type="partial gc" contextid="5346" timestamp="2019-08-08T19:54:37.903">
  <mem-info id="5348" free="92274688" total="278921216" percent="33">
    <mem type="eden" free="0" total="79691776" percent="0" />
    <remembered-set count="3232" freebytes="11137792" totalbytes="11150720" percent="99" regionsoverflowed="0" regionsstable="11" regionsrebuilding="0"/>
  </mem-info>
</gc-start>
<allocation-stats totalBytes="77533648" >
  <allocated-bytes non-tlh="639144" tlh="76894504" arrayletleaf="0"/>
  <largest-consumer threadName="Thread-48" threadId="0000000002281B00" bytes="8135536" />
</allocation-stats>
<gc-op id="5349" type="copy forward" timems="6.966" contextid="5346" timestamp="2019-08-08T19:54:37.911">
  <memory-copied type="eden" objects="9956" bytes="3929432" bytesdiscarded="621376" />
  <memory-copied type="other" objects="32" bytes="1432" bytesdiscarded="0" />
  <memory-cardclean objects="3037" bytes="140920" />
  <regions eden="37" other="4" />
  <remembered-set-cleared processed="584" cleared="260" durationms="0.175" />
  <references type="phantom" candidates="2" cleared="0" enqueued="0" />
  <stringconstants candidates="16389" cleared="0"  />
</gc-op>
<gc-op id="5350" type="classunload" timems="0.011" contextid="5346" timestamp="2019-08-08T19:54:37.911">
  <classunload-info classloadercandidates="69" classloadersunloaded="0" classesunloaded="0" anonymousclassesunloaded="0" quiescems="0.000" setupms="0.011" scanms="0.000" postms="0.000" />
</gc-op>
<heap-resize id="5351" type="expand" space="default" amount="4194304" count="1" timems="0.057" reason="excessive time being spent in gc" timestamp="2019-08-08T19:54:37.911" />
<gc-end id="5352" type="partial gc" contextid="5346" durationms="8.376" usertimems="10.319" systemtimems="17.778" timestamp="2019-08-08T19:54:37.911" activeThreads="16">
  <mem-info id="5353" free="169869312" total="283115520" percent="60">
    <mem type="eden" free="3837528" total="8388608" percent="45" />
    <remembered-set count="8256" freebytes="11285376" totalbytes="11318400" percent="99" regionsoverflowed="0" regionsstable="11" regionsrebuilding="0"/>
  </mem-info>
</gc-end>
<cycle-end id="5354" type="partial gc" contextid="5346" timestamp="2019-08-08T19:54:37.911" />
  <attribute name="elasticGC enabled" value="1" />
  <attribute name= "numThreadsSpecified" value="16" />
  <attribute name="heapSize specified" value="0" />
  <attribute name="Current GC Util" value="107" />
  <attribute name= "Current Time Running" value="118785" />
  <attribute name ="GC Interval" value="0" />
  <attribute name="Target GC Util Change" value ="80.000000" />
  <attribute name="Current GC Util Change" value="107.000000"/>
  <attribute name="Current Error" value="-307.000000" />
  <attribute name="Output H" value="278996544"/>
  <attribute name="Output I" value="1464"/>
  <attribute name="Output T" value="16"/>
  <attribute name= "Current Time Running" value="118785" />
  <attribute name="GC Util currently" value="107" />
  <attribute name="CPU Util currently" value="1936290199307" />
<exclusive-end id="5355" timestamp="2019-08-08T19:54:37.911" durationms="9.117" />

<exclusive-start id="5356" timestamp="2019-08-08T19:54:37.991" intervalms="89.220">
  <response-info timems="1.736" idlems="1.736" threads="0" lastid="00000000022AE900" lastname="Thread-37" />
</exclusive-start>
<allocation-taxation id="5357" taxation-threshold="77594624" timestamp="2019-08-08T19:54:37.992" intervalms="89.237" />
<cycle-start id="5358" type="partial gc" contextid="0" timestamp="2019-08-08T19:54:37.992" intervalms="89.246" />
<gc-start id="5359" type="partial gc" contextid="5358" timestamp="2019-08-08T19:54:37.992">
  <mem-info id="5360" free="92274688" total="283115520" percent="32">
    <mem type="eden" free="0" total="77594624" percent="0" />
    <remembered-set count="7776" freebytes="11287296" totalbytes="11318400" percent="99" regionsoverflowed="0" regionsstable="11" regionsrebuilding="0"/>
  </mem-info>
</gc-start>
<allocation-stats totalBytes="77472184" >
  <allocated-bytes non-tlh="32776" tlh="77439408" arrayletleaf="0"/>
  <largest-consumer threadName="Thread-49" threadId="0000000002294600" bytes="9850920" />
</allocation-stats>
<gc-op id="5361" type="copy forward" timems="9.400" contextid="5358" timestamp="2019-08-08T19:54:38.002">
  <memory-copied type="eden" objects="10637" bytes="4196320" bytesdiscarded="871816" />
  <memory-copied type="other" objects="28" bytes="1288" bytesdiscarded="0" />
  <memory-cardclean objects="3051" bytes="141520" />
  <regions eden="37" other="5" />
  <remembered-set-cleared processed="558" cleared="236" durationms="0.129" />
  <references type="phantom" candidates="1" cleared="0" enqueued="0" />
  <stringconstants candidates="16389" cleared="0"  />
</gc-op>
<gc-op id="5362" type="classunload" timems="0.010" contextid="5358" timestamp="2019-08-08T19:54:38.002">
  <classunload-info classloadercandidates="69" classloadersunloaded="0" classesunloaded="0" anonymousclassesunloaded="0" quiescems="0.000" setupms="0.010" scanms="0.000" postms="0.000" />
</gc-op>
<gc-end id="5363" type="partial gc" contextid="5358" durationms="10.428" usertimems="25.331" systemtimems="14.033" timestamp="2019-08-08T19:54:38.002" activeThreads="16">
  <mem-info id="5364" free="169869312" total="283115520" percent="60">
    <mem type="eden" free="1223056" total="6291456" percent="19" />
    <remembered-set count="9280" freebytes="11281280" totalbytes="11318400" percent="99" regionsoverflowed="0" regionsstable="11" regionsrebuilding="0"/>
  </mem-info>
</gc-end>
<cycle-end id="5365" type="partial gc" contextid="5358" timestamp="2019-08-08T19:54:38.002" />
  <attribute name="elasticGC enabled" value="1" />
  <attribute name= "numThreadsSpecified" value="16" />
  <attribute name="heapSize specified" value="0" />
  <attribute name="Current GC Util" value="143" />
  <attribute name= "Current Time Running" value="118874" />
  <attribute name ="GC Interval" value="0" />
  <attribute name="Target GC Util Change" value ="80.000000" />
  <attribute name="Current GC Util Change" value="143.000000"/>
  <attribute name="Current Error" value="-63.000000" />
  <attribute name="Output H" value="283191128"/>
  <attribute name="Output I" value="1896"/>
  <attribute name="Output T" value="16"/>
  <attribute name= "Current Time Running" value="118874" />
  <attribute name="GC Util currently" value="143" />
  <attribute name="CPU Util currently" value="2315289181187" />
<exclusive-end id="5366" timestamp="2019-08-08T19:54:38.002" durationms="10.980" />

<exclusive-start id="5367" timestamp="2019-08-08T19:54:38.085" intervalms="93.950">
  <response-info timems="0.246" idlems="0.176" threads="1" lastid="0000000002272B00" lastname="Thread-44" />
</exclusive-start>
<allocation-taxation id="5368" taxation-threshold="77594624" timestamp="2019-08-08T19:54:38.085" intervalms="93.924" />
<cycle-start id="5369" type="partial gc" contextid="0" timestamp="2019-08-08T19:54:38.086" intervalms="93.913" />
<gc-start id="5370" type="partial gc" contextid="5369" timestamp="2019-08-08T19:54:38.086">
  <mem-info id="5371" free="92274688" total="283115520" percent="32">
    <mem type="eden" free="0" total="77594624" percent="0" />
    <remembered-set count="9120" freebytes="11281920" totalbytes="11318400" percent="99" regionsoverflowed="0" regionsstable="11" regionsrebuilding="0"/>
  </mem-info>
</gc-start>
<allocation-stats totalBytes="77427896" >
  <allocated-bytes non-tlh="65560" tlh="77362336" arrayletleaf="0"/>
  <largest-consumer threadName="Thread-52" threadId="000000000226EF00" bytes="7986152" />
</allocation-stats>
<gc-op id="5372" type="copy forward" timems="5.655" contextid="5369" timestamp="2019-08-08T19:54:38.093">
  <memory-copied type="eden" objects="9951" bytes="3863400" bytesdiscarded="24" />
  <memory-copied type="other" objects="20" bytes="720" bytesdiscarded="0" />
  <memory-cardclean objects="3061" bytes="141928" />
  <regions eden="37" other="4" />
  <remembered-set-cleared processed="593" cleared="271" durationms="0.439" />
  <stringconstants candidates="16389" cleared="0"  />
</gc-op>
<gc-op id="5373" type="classunload" timems="0.010" contextid="5369" timestamp="2019-08-08T19:54:38.093">
  <classunload-info classloadercandidates="69" classloadersunloaded="0" classesunloaded="0" anonymousclassesunloaded="0" quiescems="0.000" setupms="0.010" scanms="0.000" postms="0.000" />
</gc-op>
<gc-end id="5374" type="partial gc" contextid="5369" durationms="6.939" usertimems="5.659" systemtimems="2.550" timestamp="2019-08-08T19:54:38.093" activeThreads="1">
  <mem-info id="5375" free="169869312" total="283115520" percent="60">
    <mem type="eden" free="330632" total="4194304" percent="7" />
    <remembered-set count="9216" freebytes="11281536" totalbytes="11318400" percent="99" regionsoverflowed="0" regionsstable="11" regionsrebuilding="0"/>
  </mem-info>
</gc-end>
<cycle-end id="5376" type="partial gc" contextid="5369" timestamp="2019-08-08T19:54:38.093" />
  <attribute name="elasticGC enabled" value="1" />
  <attribute name= "numThreadsSpecified" value="1" />
  <attribute name="heapSize specified" value="0" />
  <attribute name="Current GC Util" value="87" />
  <attribute name= "Current Time Running" value="118969" />
  <attribute name ="GC Interval" value="0" />
  <attribute name="Target GC Util Change" value ="80.000000" />
  <attribute name="Current GC Util Change" value="87.000000"/>
  <attribute name="Current Error" value="-21.000000" />
  <attribute name="Output H" value="283191176"/>
  <attribute name="Output I" value="1976"/>
  <attribute name="Output T" value="1"/>
  <attribute name= "Current Time Running" value="118969" />
  <attribute name="GC Util currently" value="87" />
  <attribute name="CPU Util currently" value="1414978191496" />
<exclusive-end id="5377" timestamp="2019-08-08T19:54:38.093" durationms="7.873" />

<exclusive-start id="5378" timestamp="2019-08-08T19:54:38.144" intervalms="58.469">
  <response-info timems="2.802" idlems="2.802" threads="0" lastid="00000000022C5100" lastname="Thread-51" />
</exclusive-start>
<allocation-taxation id="5379" taxation-threshold="77594624" timestamp="2019-08-08T19:54:38.144" intervalms="58.688" />
<cycle-start id="5380" type="partial gc" contextid="0" timestamp="2019-08-08T19:54:38.144" intervalms="58.690" />
<gc-start id="5381" type="partial gc" contextid="5380" timestamp="2019-08-08T19:54:38.144">
  <mem-info id="5382" free="92274688" total="283115520" percent="32">
    <mem type="eden" free="0" total="77594624" percent="0" />
    <remembered-set count="8800" freebytes="11283200" totalbytes="11318400" percent="99" regionsoverflowed="0" regionsstable="11" regionsrebuilding="0"/>
  </mem-info>
</gc-start>
<allocation-stats totalBytes="77423624" >
  <allocated-bytes non-tlh="49176" tlh="77374448" arrayletleaf="0"/>
  <largest-consumer threadName="Thread-37" threadId="00000000022AE900" bytes="9015848" />
</allocation-stats>
<gc-op id="5383" type="copy forward" timems="6.698" contextid="5380" timestamp="2019-08-08T19:54:38.152">
  <memory-copied type="eden" objects="7891" bytes="3380024" bytesdiscarded="0" />
  <memory-copied type="other" objects="24" bytes="1224" bytesdiscarded="0" />
  <memory-cardclean objects="3047" bytes="141680" />
  <regions eden="37" other="3" />
  <remembered-set-cleared processed="577" cleared="254" durationms="0.465" />
  <references type="phantom" candidates="4" cleared="0" enqueued="0" />
  <stringconstants candidates="16389" cleared="0"  />
</gc-op>
<gc-op id="5384" type="classunload" timems="0.015" contextid="5380" timestamp="2019-08-08T19:54:38.152">
  <classunload-info classloadercandidates="69" classloadersunloaded="0" classesunloaded="0" anonymousclassesunloaded="0" quiescems="0.000" setupms="0.015" scanms="0.000" postms="0.000" />
</gc-op>
<gc-end id="5385" type="partial gc" contextid="5380" durationms="8.237" usertimems="15.930" systemtimems="1.484" timestamp="2019-08-08T19:54:38.153" activeThreads="1">
  <mem-info id="5386" free="167772160" total="283115520" percent="59">
    <mem type="eden" free="814000" total="4194304" percent="19" />
    <remembered-set count="9216" freebytes="11281536" totalbytes="11318400" percent="99" regionsoverflowed="0" regionsstable="11" regionsrebuilding="0"/>
  </mem-info>
</gc-end>
<cycle-end id="5387" type="partial gc" contextid="5380" timestamp="2019-08-08T19:54:38.153" />
  <attribute name="elasticGC enabled" value="1" />
  <attribute name= "numThreadsSpecified" value="1" />
  <attribute name="heapSize specified" value="0" />
  <attribute name="Current GC Util" value="148" />
  <attribute name= "Current Time Running" value="119027" />
  <attribute name ="GC Interval" value="0" />
  <attribute name="Target GC Util Change" value ="80.000000" />
  <attribute name="Current GC Util Change" value="148.000000"/>
  <attribute name="Current Error" value="-21.000000" />
  <attribute name="Output H" value="283191176"/>
  <attribute name="Output I" value="1976"/>
  <attribute name="Output T" value="1"/>
  <attribute name= "Current Time Running" value="119027" />
  <attribute name="GC Util currently" value="148" />
  <attribute name="CPU Util currently" value="1244949297437" />
<exclusive-end id="5388" timestamp="2019-08-08T19:54:38.153" durationms="9.482" />

<exclusive-start id="5389" timestamp="2019-08-08T19:54:38.199" intervalms="54.829">
  <response-info timems="0.107" idlems="0.107" threads="0" lastid="0000000002281B00" lastname="Thread-48" />
</exclusive-start>
<allocation-taxation id="5390" taxation-threshold="77594624" timestamp="2019-08-08T19:54:38.199" intervalms="54.748" />
<cycle-start id="5391" type="partial gc" contextid="0" timestamp="2019-08-08T19:54:38.199" intervalms="54.754" />
<gc-start id="5392" type="partial gc" contextid="5391" timestamp="2019-08-08T19:54:38.199">
  <mem-info id="5393" free="90177536" total="283115520" percent="31">
    <mem type="eden" free="0" total="77594624" percent="0" />
    <remembered-set count="8736" freebytes="11283456" totalbytes="11318400" percent="99" regionsoverflowed="0" regionsstable="11" regionsrebuilding="0"/>
  </mem-info>
</gc-start>
<allocation-stats totalBytes="77487080" >
  <allocated-bytes non-tlh="73760" tlh="77413320" arrayletleaf="0"/>
  <largest-consumer threadName="Thread-48" threadId="0000000002281B00" bytes="8545408" />
</allocation-stats>
<gc-op id="5394" type="copy forward" timems="9.342" contextid="5391" timestamp="2019-08-08T19:54:38.210">
  <memory-copied type="eden" objects="10037" bytes="3871768" bytesdiscarded="682104" />
  <memory-copied type="other" objects="28" bytes="1600" bytesdiscarded="0" />
  <memory-cardclean objects="3044" bytes="140760" />
  <regions eden="37" other="3" />
  <remembered-set-cleared processed="561" cleared="235" durationms="0.169" />
  <references type="weak" candidates="1" cleared="0" enqueued="0" />
  <references type="phantom" candidates="2" cleared="0" enqueued="0" />
  <stringconstants candidates="16389" cleared="0"  />
</gc-op>
<gc-op id="5395" type="classunload" timems="0.011" contextid="5391" timestamp="2019-08-08T19:54:38.210">
  <classunload-info classloadercandidates="69" classloadersunloaded="0" classesunloaded="0" anonymousclassesunloaded="0" quiescems="0.000" setupms="0.010" scanms="0.000" postms="0.000" />
</gc-op>
<heap-resize id="5396" type="expand" space="default" amount="16777216" count="1" timems="0.078" reason="excessive time being spent in gc" timestamp="2019-08-08T19:54:38.210" />
<gc-end id="5397" type="partial gc" contextid="5391" durationms="10.782" usertimems="18.159" systemtimems="10.564" timestamp="2019-08-08T19:54:38.210" activeThreads="16">
  <mem-info id="5398" free="180355072" total="299892736" percent="60">
    <mem type="eden" free="1737328" total="6291456" percent="27" />
    <remembered-set count="7744" freebytes="11958144" totalbytes="11989120" percent="99" regionsoverflowed="0" regionsstable="11" regionsrebuilding="0"/>
  </mem-info>
</gc-end>
<cycle-end id="5399" type="partial gc" contextid="5391" timestamp="2019-08-08T19:54:38.210" />
  <attribute name="elasticGC enabled" value="1" />
  <attribute name= "numThreadsSpecified" value="16" />
  <attribute name="heapSize specified" value="0" />
  <attribute name="Current GC Util" value="226" />
  <attribute name= "Current Time Running" value="119082" />
  <attribute name ="GC Interval" value="0" />
  <attribute name="Target GC Util Change" value ="80.000000" />
  <attribute name="Current GC Util Change" value="226.000000"/>
  <attribute name="Current Error" value="-146.000000" />
  <attribute name="Output H" value="283191032"/>
  <attribute name="Output I" value="1752"/>
  <attribute name="Output T" value="16"/>
  <attribute name= "Current Time Running" value="119082" />
  <attribute name="GC Util currently" value="226" />
  <attribute name="CPU Util currently" value="1617157060668" />
<exclusive-end id="5400" timestamp="2019-08-08T19:54:38.210" durationms="11.478" />

<exclusive-start id="5401" timestamp="2019-08-08T19:54:38.262" intervalms="63.616">
  <response-info timems="3.205" idlems="3.205" threads="0" lastid="00000000022AAD00" lastname="Thread-41" />
</exclusive-start>
<allocation-taxation id="5402" taxation-threshold="81788928" timestamp="2019-08-08T19:54:38.263" intervalms="63.969" />
<cycle-start id="5403" type="partial gc" contextid="0" timestamp="2019-08-08T19:54:38.263" intervalms="64.008" />
<gc-start id="5404" type="partial gc" contextid="5403" timestamp="2019-08-08T19:54:38.263">
  <mem-info id="5405" free="98566144" total="299892736" percent="32">
    <mem type="eden" free="0" total="81788928" percent="0" />
    <remembered-set count="7360" freebytes="11959680" totalbytes="11989120" percent="99" regionsoverflowed="0" regionsstable="11" regionsrebuilding="0"/>
  </mem-info>
</gc-start>
<allocation-stats totalBytes="81639792" >
  <allocated-bytes non-tlh="114720" tlh="81525072" arrayletleaf="0"/>
  <largest-consumer threadName="Thread-48" threadId="0000000002281B00" bytes="8311112" />
</allocation-stats>
<gc-op id="5406" type="copy forward" timems="9.112" contextid="5403" timestamp="2019-08-08T19:54:38.273">
  <memory-copied type="eden" objects="9977" bytes="3870456" bytesdiscarded="850280" />
  <memory-copied type="other" objects="34" bytes="1856" bytesdiscarded="0" />
  <memory-cardclean objects="3030" bytes="140672" />
  <regions eden="39" other="4" />
  <remembered-set-cleared processed="577" cleared="249" durationms="0.327" />
  <references type="phantom" candidates="2" cleared="0" enqueued="0" />
  <stringconstants candidates="16389" cleared="0"  />
</gc-op>
<gc-op id="5407" type="classunload" timems="0.011" contextid="5403" timestamp="2019-08-08T19:54:38.273">
  <classunload-info classloadercandidates="69" classloadersunloaded="0" classesunloaded="0" anonymousclassesunloaded="0" quiescems="0.000" setupms="0.011" scanms="0.000" postms="0.000" />
</gc-op>
<heap-resize id="5408" type="expand" space="default" amount="4194304" count="1" timems="0.059" reason="excessive time being spent in gc" timestamp="2019-08-08T19:54:38.274" />
<gc-end id="5409" type="partial gc" contextid="5403" durationms="10.447" usertimems="31.724" systemtimems="8.340" timestamp="2019-08-08T19:54:38.274" activeThreads="16">
  <mem-info id="5410" free="182452224" total="304087040" percent="60">
    <mem type="eden" free="1570448" total="6291456" percent="24" />
    <remembered-set count="7744" freebytes="12125824" totalbytes="12156800" percent="99" regionsoverflowed="0" regionsstable="11" regionsrebuilding="0"/>
  </mem-info>
</gc-end>
<cycle-end id="5411" type="partial gc" contextid="5403" timestamp="2019-08-08T19:54:38.274" />
  <attribute name="elasticGC enabled" value="1" />
  <attribute name= "numThreadsSpecified" value="16" />
  <attribute name="heapSize specified" value="0" />
  <attribute name="Current GC Util" value="195" />
  <attribute name= "Current Time Running" value="119146" />
  <attribute name ="GC Interval" value="0" />
  <attribute name="Target GC Util Change" value ="80.000000" />
  <attribute name="Current GC Util Change" value="195.000000"/>
  <attribute name="Current Error" value="-217.000000" />
  <attribute name="Output H" value="299968168"/>
  <attribute name="Output I" value="1624"/>
  <attribute name="Output T" value="16"/>
  <attribute name= "Current Time Running" value="119146" />
  <attribute name="GC Util currently" value="195" />
  <attribute name="CPU Util currently" value="1505978476238" />
<exclusive-end id="5412" timestamp="2019-08-08T19:54:38.274" durationms="11.573" />

<exclusive-start id="5413" timestamp="2019-08-08T19:54:38.378" intervalms="115.686">
  <response-info timems="1.344" idlems="0.859" threads="3" lastid="00000000022C5100" lastname="Thread-51" />
</exclusive-start>
<allocation-taxation id="5414" taxation-threshold="83886080" timestamp="2019-08-08T19:54:38.378" intervalms="115.212" />
<cycle-start id="5415" type="partial gc" contextid="0" timestamp="2019-08-08T19:54:38.378" intervalms="115.173" />
<gc-start id="5416" type="partial gc" contextid="5415" timestamp="2019-08-08T19:54:38.378">
  <mem-info id="5417" free="98566144" total="304087040" percent="32">
    <mem type="eden" free="0" total="83886080" percent="0" />
    <remembered-set count="7296" freebytes="12127616" totalbytes="12156800" percent="99" regionsoverflowed="0" regionsstable="11" regionsrebuilding="0"/>
  </mem-info>
</gc-start>
<allocation-stats totalBytes="83745824" >
  <allocated-bytes non-tlh="98328" tlh="83647496" arrayletleaf="0"/>
  <largest-consumer threadName="Thread-43" threadId="00000000022BD900" bytes="8715768" />
</allocation-stats>
<gc-op id="5418" type="copy forward" timems="14.719" contextid="5415" timestamp="2019-08-08T19:54:38.394">
  <memory-copied type="eden" objects="8495" bytes="3487752" bytesdiscarded="671272" />
  <memory-copied type="other" objects="349" bytes="155184" bytesdiscarded="41832" />
  <memory-cardclean objects="3029" bytes="140184" />
  <regions eden="40" other="4" />
  <remembered-set-cleared processed="566" cleared="236" durationms="0.638" />
  <references type="weak" candidates="1" cleared="0" enqueued="0" />
  <references type="phantom" candidates="4" cleared="0" enqueued="0" />
  <stringconstants candidates="16389" cleared="0"  />
</gc-op>
<gc-op id="5419" type="classunload" timems="0.012" contextid="5415" timestamp="2019-08-08T19:54:38.394">
  <classunload-info classloadercandidates="69" classloadersunloaded="0" classesunloaded="0" anonymousclassesunloaded="0" quiescems="0.000" setupms="0.011" scanms="0.000" postms="0.000" />
</gc-op>
<gc-end id="5420" type="partial gc" contextid="5415" durationms="16.095" usertimems="43.825" systemtimems="25.952" timestamp="2019-08-08T19:54:38.394" activeThreads="16">
  <mem-info id="5421" free="182452224" total="304087040" percent="60">
    <mem type="eden" free="35016" total="4194304" percent="0" />
    <remembered-set count="7232" freebytes="12127872" totalbytes="12156800" percent="99" regionsoverflowed="0" regionsstable="11" regionsrebuilding="0"/>
  </mem-info>
</gc-end>
<cycle-end id="5422" type="partial gc" contextid="5415" timestamp="2019-08-08T19:54:38.395" />
  <attribute name="elasticGC enabled" value="1" />
  <attribute name= "numThreadsSpecified" value="16" />
  <attribute name="heapSize specified" value="0" />
  <attribute name="Current GC Util" value="91" />
  <attribute name= "Current Time Running" value="119261" />
  <attribute name ="GC Interval" value="0" />
  <attribute name="Target GC Util Change" value ="80.000000" />
  <attribute name="Current GC Util Change" value="91.000000"/>
  <attribute name="Current Error" value="-168.000000" />
  <attribute name="Output H" value="304162528"/>
  <attribute name="Output I" value="1712"/>
  <attribute name="Output T" value="16"/>
  <attribute name= "Current Time Running" value="119261" />
  <attribute name="GC Util currently" value="91" />
  <attribute name="CPU Util currently" value="1452382296167" />
<exclusive-end id="5423" timestamp="2019-08-08T19:54:38.395" durationms="16.736" />

<exclusive-start id="5424" timestamp="2019-08-08T19:54:38.481" intervalms="102.606">
  <response-info timems="0.141" idlems="0.141" threads="0" lastid="0000000002281B00" lastname="Thread-48" />
</exclusive-start>
<allocation-taxation id="5425" taxation-threshold="83886080" timestamp="2019-08-08T19:54:38.481" intervalms="102.788" />
<cycle-start id="5426" type="partial gc" contextid="0" timestamp="2019-08-08T19:54:38.481" intervalms="102.782" />
<gc-start id="5427" type="partial gc" contextid="5426" timestamp="2019-08-08T19:54:38.481">
  <mem-info id="5428" free="98566144" total="304087040" percent="32">
    <mem type="eden" free="0" total="83886080" percent="0" />
    <remembered-set count="6784" freebytes="12129664" totalbytes="12156800" percent="99" regionsoverflowed="0" regionsstable="11" regionsrebuilding="0"/>
  </mem-info>
</gc-start>
<allocation-stats totalBytes="83791808" >
  <allocated-bytes non-tlh="16392" tlh="83775416" arrayletleaf="0"/>
  <largest-consumer threadName="Thread-38" threadId="0000000002285600" bytes="10746944" />
</allocation-stats>
<gc-op id="5429" type="copy forward" timems="11.581" contextid="5426" timestamp="2019-08-08T19:54:38.494">
  <memory-copied type="eden" objects="10348" bytes="4097728" bytesdiscarded="667000" />
  <memory-copied type="other" objects="36" bytes="1480" bytesdiscarded="0" />
  <memory-cardclean objects="3025" bytes="140216" />
  <regions eden="40" other="4" />
  <remembered-set-cleared processed="561" cleared="231" durationms="0.150" />
  <references type="weak" candidates="1" cleared="0" enqueued="0" />
  <references type="phantom" candidates="2" cleared="0" enqueued="0" />
  <stringconstants candidates="16389" cleared="0"  />
</gc-op>
<gc-op id="5430" type="classunload" timems="0.011" contextid="5426" timestamp="2019-08-08T19:54:38.494">
  <classunload-info classloadercandidates="69" classloadersunloaded="0" classesunloaded="0" anonymousclassesunloaded="0" quiescems="0.000" setupms="0.011" scanms="0.000" postms="0.000" />
</gc-op>
<heap-resize id="5431" type="expand" space="default" amount="10485760" count="1" timems="0.538" reason="excessive time being spent in gc" timestamp="2019-08-08T19:54:38.494" />
<gc-end id="5432" type="partial gc" contextid="5426" durationms="13.188" usertimems="34.852" systemtimems="14.397" timestamp="2019-08-08T19:54:38.494" activeThreads="16">
  <mem-info id="5433" free="188743680" total="314572800" percent="60">
    <mem type="eden" free="1526464" total="6291456" percent="24" />
    <remembered-set count="7776" freebytes="12544896" totalbytes="12576000" percent="99" regionsoverflowed="0" regionsstable="11" regionsrebuilding="0"/>
  </mem-info>
</gc-end>
<cycle-end id="5434" type="partial gc" contextid="5426" timestamp="2019-08-08T19:54:38.494" />
  <attribute name="elasticGC enabled" value="1" />
  <attribute name= "numThreadsSpecified" value="16" />
  <attribute name="heapSize specified" value="0" />
  <attribute name="Current GC Util" value="162" />
  <attribute name= "Current Time Running" value="119364" />
  <attribute name ="GC Interval" value="0" />
  <attribute name="Target GC Util Change" value ="80.000000" />
  <attribute name="Current GC Util Change" value="162.000000"/>
  <attribute name="Current Error" value="-82.000000" />
  <attribute name="Output H" value="304162632"/>
  <attribute name="Output I" value="1864"/>
  <attribute name="Output T" value="16"/>
  <attribute name= "Current Time Running" value="119364" />
  <attribute name="GC Util currently" value="162" />
  <attribute name="CPU Util currently" value="2244557404155" />
<exclusive-end id="5435" timestamp="2019-08-08T19:54:38.495" durationms="13.947" />

<exclusive-start id="5436" timestamp="2019-08-08T19:54:38.539" intervalms="58.822">
  <response-info timems="0.091" idlems="0.048" threads="1" lastid="0000000002294600" lastname="Thread-49" />
</exclusive-start>
<allocation-taxation id="5437" taxation-threshold="85983232" timestamp="2019-08-08T19:54:38.540" intervalms="58.634" />
<cycle-start id="5438" type="partial gc" contextid="0" timestamp="2019-08-08T19:54:38.540" intervalms="58.644" />
<gc-start id="5439" type="partial gc" contextid="5438" timestamp="2019-08-08T19:54:38.540">
  <mem-info id="5440" free="102760448" total="314572800" percent="32">
    <mem type="eden" free="0" total="85983232" percent="0" />
    <remembered-set count="7360" freebytes="12546560" totalbytes="12576000" percent="99" regionsoverflowed="0" regionsstable="11" regionsrebuilding="0"/>
  </mem-info>
</gc-start>
<allocation-stats totalBytes="85626864" >
  <allocated-bytes non-tlh="49168" tlh="85577696" arrayletleaf="0"/>
  <largest-consumer threadName="Thread-43" threadId="00000000022BD900" bytes="9209232" />
</allocation-stats>
<gc-op id="5441" type="copy forward" timems="9.715" contextid="5438" timestamp="2019-08-08T19:54:38.550">
  <memory-copied type="eden" objects="9400" bytes="3811680" bytesdiscarded="644968" />
  <memory-copied type="other" objects="12" bytes="432" bytesdiscarded="0" />
  <memory-cardclean objects="3063" bytes="142896" />
  <regions eden="41" other="4" />
  <remembered-set-cleared processed="568" cleared="245" durationms="0.145" />
  <references type="phantom" candidates="4" cleared="0" enqueued="0" />
  <stringconstants candidates="16389" cleared="0"  />
</gc-op>
<gc-op id="5442" type="classunload" timems="0.010" contextid="5438" timestamp="2019-08-08T19:54:38.551">
  <classunload-info classloadercandidates="69" classloadersunloaded="0" classesunloaded="0" anonymousclassesunloaded="0" quiescems="0.000" setupms="0.010" scanms="0.000" postms="0.000" />
</gc-op>
<heap-resize id="5443" type="expand" space="default" amount="6291456" count="1" timems="0.060" reason="excessive time being spent in gc" timestamp="2019-08-08T19:54:38.551" />
<gc-end id="5444" type="partial gc" contextid="5438" durationms="10.857" usertimems="32.569" systemtimems="12.252" timestamp="2019-08-08T19:54:38.551" activeThreads="16">
  <mem-info id="5445" free="192937984" total="320864256" percent="60">
    <mem type="eden" free="1834520" total="6291456" percent="29" />
    <remembered-set count="9280" freebytes="12790400" totalbytes="12827520" percent="99" regionsoverflowed="0" regionsstable="11" regionsrebuilding="0"/>
  </mem-info>
</gc-end>
<cycle-end id="5446" type="partial gc" contextid="5438" timestamp="2019-08-08T19:54:38.551" />
  <attribute name="elasticGC enabled" value="1" />
  <attribute name= "numThreadsSpecified" value="16" />
  <attribute name="heapSize specified" value="0" />
  <attribute name="Current GC Util" value="137" />
  <attribute name= "Current Time Running" value="119422" />
  <attribute name ="GC Interval" value="0" />
  <attribute name="Target GC Util Change" value ="80.000000" />
  <attribute name="Current GC Util Change" value="137.000000"/>
  <attribute name="Current Error" value="-107.000000" />
  <attribute name="Output H" value="314648360"/>
  <attribute name="Output I" value="1824"/>
  <attribute name="Output T" value="16"/>
  <attribute name= "Current Time Running" value="119422" />
  <attribute name="GC Util currently" value="137" />
  <attribute name="CPU Util currently" value="1833774284972" />
<exclusive-end id="5447" timestamp="2019-08-08T19:54:38.551" durationms="11.513" />

<exclusive-start id="5448" timestamp="2019-08-08T19:54:38.617" intervalms="77.626">
  <response-info timems="0.138" idlems="0.072" threads="1" lastid="0000000002294600" lastname="Thread-49" />
</exclusive-start>
<allocation-taxation id="5449" taxation-threshold="88080384" timestamp="2019-08-08T19:54:38.617" intervalms="77.621" />
<cycle-start id="5450" type="partial gc" contextid="0" timestamp="2019-08-08T19:54:38.617" intervalms="77.623" />
<gc-start id="5451" type="partial gc" contextid="5450" timestamp="2019-08-08T19:54:38.617">
  <mem-info id="5452" free="104857600" total="320864256" percent="32">
    <mem type="eden" free="0" total="88080384" percent="0" />
    <remembered-set count="8800" freebytes="12792320" totalbytes="12827520" percent="99" regionsoverflowed="0" regionsstable="11" regionsrebuilding="0"/>
  </mem-info>
</gc-start>
<allocation-stats totalBytes="87914552" >
  <allocated-bytes non-tlh="98336" tlh="87816216" arrayletleaf="0"/>
  <largest-consumer threadName="Thread-37" threadId="00000000022AE900" bytes="10790472" />
</allocation-stats>
<gc-op id="5453" type="copy forward" timems="12.065" contextid="5450" timestamp="2019-08-08T19:54:38.631">
  <memory-copied type="eden" objects="9350" bytes="3780288" bytesdiscarded="797024" />
  <memory-copied type="other" objects="30" bytes="1064" bytesdiscarded="0" />
  <memory-cardclean objects="3068" bytes="143360" />
  <regions eden="42" other="4" />
  <remembered-set-cleared processed="566" cleared="244" durationms="0.436" />
  <references type="phantom" candidates="4" cleared="0" enqueued="0" />
  <stringconstants candidates="16389" cleared="0"  />
</gc-op>
<gc-op id="5454" type="classunload" timems="0.015" contextid="5450" timestamp="2019-08-08T19:54:38.631">
  <classunload-info classloadercandidates="69" classloadersunloaded="0" classesunloaded="0" anonymousclassesunloaded="0" quiescems="0.000" setupms="0.013" scanms="0.000" postms="0.000" />
</gc-op>
<heap-resize id="5455" type="expand" space="default" amount="4194304" count="1" timems="0.101" reason="excessive time being spent in gc" timestamp="2019-08-08T19:54:38.631" />
<gc-end id="5456" type="partial gc" contextid="5450" durationms="13.574" usertimems="53.842" systemtimems="7.872" timestamp="2019-08-08T19:54:38.631" activeThreads="16">
  <mem-info id="5457" free="195035136" total="325058560" percent="60">
    <mem type="eden" free="1713864" total="6291456" percent="27" />
    <remembered-set count="8256" freebytes="12962176" totalbytes="12995200" percent="99" regionsoverflowed="0" regionsstable="11" regionsrebuilding="0"/>
  </mem-info>
</gc-end>
<cycle-end id="5458" type="partial gc" contextid="5450" timestamp="2019-08-08T19:54:38.631" />
  <attribute name="elasticGC enabled" value="1" />
  <attribute name= "numThreadsSpecified" value="16" />
  <attribute name="heapSize specified" value="0" />
  <attribute name="Current GC Util" value="119" />
  <attribute name= "Current Time Running" value="119500" />
  <attribute name ="GC Interval" value="0" />
  <attribute name="Target GC Util Change" value ="80.000000" />
  <attribute name="Current GC Util Change" value="119.000000"/>
  <attribute name="Current Error" value="-105.000000" />
  <attribute name="Output H" value="320939816"/>
  <attribute name="Output I" value="1824"/>
  <attribute name="Output T" value="16"/>
  <attribute name= "Current Time Running" value="119500" />
  <attribute name="GC Util currently" value="119" />
  <attribute name="CPU Util currently" value="1741867807516" />
<exclusive-end id="5459" timestamp="2019-08-08T19:54:38.631" durationms="14.218" />

<exclusive-start id="5460" timestamp="2019-08-08T19:54:38.701" intervalms="83.842">
  <response-info timems="1.866" idlems="1.127" threads="4" lastid="00000000022AAD00" lastname="Thread-41" />
</exclusive-start>
<allocation-taxation id="5461" taxation-threshold="88080384" timestamp="2019-08-08T19:54:38.701" intervalms="83.855" />
<cycle-start id="5462" type="partial gc" contextid="0" timestamp="2019-08-08T19:54:38.701" intervalms="83.856" />
<gc-start id="5463" type="partial gc" contextid="5462" timestamp="2019-08-08T19:54:38.701">
  <mem-info id="5464" free="106954752" total="325058560" percent="32">
    <mem type="eden" free="0" total="88080384" percent="0" />
    <remembered-set count="8256" freebytes="12962176" totalbytes="12995200" percent="99" regionsoverflowed="0" regionsstable="11" regionsrebuilding="0"/>
  </mem-info>
</gc-start>
<allocation-stats totalBytes="87885952" >
  <allocated-bytes non-tlh="32784" tlh="87853168" arrayletleaf="0"/>
  <largest-consumer threadName="Thread-50" threadId="0000000002276700" bytes="13429528" />
</allocation-stats>
<gc-op id="5465" type="copy forward" timems="10.811" contextid="5462" timestamp="2019-08-08T19:54:38.714">
  <memory-copied type="eden" objects="9611" bytes="3971224" bytesdiscarded="714728" />
  <memory-copied type="other" objects="31" bytes="1168" bytesdiscarded="0" />
  <memory-cardclean objects="3044" bytes="141896" />
  <regions eden="42" other="4" />
  <remembered-set-cleared processed="564" cleared="240" durationms="0.148" />
  <references type="phantom" candidates="4" cleared="0" enqueued="0" />
  <stringconstants candidates="16389" cleared="0"  />
</gc-op>
<gc-op id="5466" type="classunload" timems="0.010" contextid="5462" timestamp="2019-08-08T19:54:38.714">
  <classunload-info classloadercandidates="69" classloadersunloaded="0" classesunloaded="0" anonymousclassesunloaded="0" quiescems="0.000" setupms="0.010" scanms="0.000" postms="0.000" />
</gc-op>
<heap-resize id="5467" type="expand" space="default" amount="6291456" count="1" timems="0.064" reason="excessive time being spent in gc" timestamp="2019-08-08T19:54:38.714" />
<gc-end id="5468" type="partial gc" contextid="5462" durationms="13.147" usertimems="29.762" systemtimems="17.355" timestamp="2019-08-08T19:54:38.714" activeThreads="16">
  <mem-info id="5469" free="199229440" total="331350016" percent="60">
    <mem type="eden" free="1605216" total="6291456" percent="25" />
    <remembered-set count="7200" freebytes="13217920" totalbytes="13246720" percent="99" regionsoverflowed="0" regionsstable="11" regionsrebuilding="0"/>
  </mem-info>
</gc-end>
<cycle-end id="5470" type="partial gc" contextid="5462" timestamp="2019-08-08T19:54:38.715" />
  <attribute name="elasticGC enabled" value="1" />
  <attribute name= "numThreadsSpecified" value="16" />
  <attribute name="heapSize specified" value="0" />
  <attribute name="Current GC Util" value="263" />
  <attribute name= "Current Time Running" value="119585" />
  <attribute name ="GC Interval" value="0" />
  <attribute name="Target GC Util Change" value ="80.000000" />
  <attribute name="Current GC Util Change" value="263.000000"/>
  <attribute name="Current Error" value="-183.000000" />
  <attribute name="Output H" value="325134032"/>
  <attribute name="Output I" value="1688"/>
  <attribute name="Output T" value="16"/>
  <attribute name= "Current Time Running" value="119585" />
  <attribute name="GC Util currently" value="263" />
  <attribute name="CPU Util currently" value="657190282509" />
<exclusive-end id="5471" timestamp="2019-08-08T19:54:38.715" durationms="13.788" />

<exclusive-start id="5472" timestamp="2019-08-08T19:54:38.776" intervalms="74.875">
  <response-info timems="0.161" idlems="0.158" threads="1" lastid="0000000002294600" lastname="Thread-49" />
</exclusive-start>
<allocation-taxation id="5473" taxation-threshold="90177536" timestamp="2019-08-08T19:54:38.776" intervalms="74.992" />
<cycle-start id="5474" type="partial gc" contextid="0" timestamp="2019-08-08T19:54:38.776" intervalms="75.035" />
<gc-start id="5475" type="partial gc" contextid="5474" timestamp="2019-08-08T19:54:38.776">
  <mem-info id="5476" free="109051904" total="331350016" percent="32">
    <mem type="eden" free="0" total="90177536" percent="0" />
    <remembered-set count="7104" freebytes="13218304" totalbytes="13246720" percent="99" regionsoverflowed="0" regionsstable="11" regionsrebuilding="0"/>
  </mem-info>
</gc-start>
<allocation-stats totalBytes="89959144" >
  <allocated-bytes non-tlh="16392" tlh="89942752" arrayletleaf="0"/>
  <largest-consumer threadName="Thread-43" threadId="00000000022BD900" bytes="11313336" />
</allocation-stats>
<gc-op id="5477" type="copy forward" timems="10.759" contextid="5474" timestamp="2019-08-08T19:54:38.788">
  <memory-copied type="eden" objects="9837" bytes="3813320" bytesdiscarded="852552" />
  <memory-copied type="other" objects="33" bytes="1472" bytesdiscarded="0" />
  <memory-cardclean objects="3043" bytes="141536" />
  <regions eden="43" other="4" />
  <remembered-set-cleared processed="578" cleared="253" durationms="0.125" />
  <stringconstants candidates="16389" cleared="0"  />
</gc-op>
<gc-op id="5478" type="classunload" timems="0.017" contextid="5474" timestamp="2019-08-08T19:54:38.788">
  <classunload-info classloadercandidates="69" classloadersunloaded="0" classesunloaded="0" anonymousclassesunloaded="0" quiescems="0.000" setupms="0.016" scanms="0.000" postms="0.000" />
</gc-op>
<heap-resize id="5479" type="expand" space="default" amount="4194304" count="1" timems="0.069" reason="excessive time being spent in gc" timestamp="2019-08-08T19:54:38.788" />
<gc-end id="5480" type="partial gc" contextid="5474" durationms="11.999" usertimems="37.175" systemtimems="13.654" timestamp="2019-08-08T19:54:38.788" activeThreads="16">
  <mem-info id="5481" free="201326592" total="335544320" percent="60">
    <mem type="eden" free="1625336" total="6291456" percent="25" />
    <remembered-set count="7744" freebytes="13383424" totalbytes="13414400" percent="99" regionsoverflowed="0" regionsstable="11" regionsrebuilding="0"/>
  </mem-info>
</gc-end>
<cycle-end id="5482" type="partial gc" contextid="5474" timestamp="2019-08-08T19:54:38.788" />
  <attribute name="elasticGC enabled" value="1" />
  <attribute name= "numThreadsSpecified" value="16" />
  <attribute name="heapSize specified" value="0" />
  <attribute name="Current GC Util" value="131" />
  <attribute name= "Current Time Running" value="119659" />
  <attribute name ="GC Interval" value="0" />
  <attribute name="Target GC Util Change" value ="80.000000" />
  <attribute name="Current GC Util Change" value="131.000000"/>
  <attribute name="Current Error" value="-189.000000" />
  <attribute name="Output H" value="331425480"/>
  <attribute name="Output I" value="1672"/>
  <attribute name="Output T" value="16"/>
  <attribute name= "Current Time Running" value="119659" />
  <attribute name="GC Util currently" value="131" />
  <attribute name="CPU Util currently" value="2213746515325" />
<exclusive-end id="5483" timestamp="2019-08-08T19:54:38.789" durationms="12.838" />

<exclusive-start id="5484" timestamp="2019-08-08T19:54:38.851" intervalms="75.615">
  <response-info timems="0.109" idlems="0.109" threads="0" lastid="00000000022C1500" lastname="Thread-39" />
</exclusive-start>
<allocation-taxation id="5485" taxation-threshold="90177536" timestamp="2019-08-08T19:54:38.851" intervalms="75.481" />
<cycle-start id="5486" type="partial gc" contextid="0" timestamp="2019-08-08T19:54:38.852" intervalms="75.430" />
<gc-start id="5487" type="partial gc" contextid="5486" timestamp="2019-08-08T19:54:38.852">
  <mem-info id="5488" free="111149056" total="335544320" percent="33">
    <mem type="eden" free="0" total="90177536" percent="0" />
    <remembered-set count="7328" freebytes="13385088" totalbytes="13414400" percent="99" regionsoverflowed="0" regionsstable="11" regionsrebuilding="0"/>
  </mem-info>
</gc-start>
<allocation-stats totalBytes="90011816" >
  <allocated-bytes non-tlh="81944" tlh="89929872" arrayletleaf="0"/>
  <largest-consumer threadName="Thread-38" threadId="0000000002285600" bytes="11194968" />
</allocation-stats>
<gc-op id="5489" type="copy forward" timems="11.834" contextid="5486" timestamp="2019-08-08T19:54:38.865">
  <memory-copied type="eden" objects="7956" bytes="3225128" bytesdiscarded="525608" />
  <memory-copied type="other" objects="20" bytes="1096" bytesdiscarded="0" />
  <memory-cardclean objects="3061" bytes="142472" />
  <regions eden="43" other="4" />
  <remembered-set-cleared processed="593" cleared="271" durationms="0.154" />
  <references type="weak" candidates="2" cleared="0" enqueued="0" />
  <references type="phantom" candidates="3" cleared="0" enqueued="0" />
  <stringconstants candidates="16389" cleared="0"  />
</gc-op>
<gc-op id="5490" type="classunload" timems="0.011" contextid="5486" timestamp="2019-08-08T19:54:38.865">
  <classunload-info classloadercandidates="69" classloadersunloaded="0" classesunloaded="0" anonymousclassesunloaded="0" quiescems="0.000" setupms="0.011" scanms="0.000" postms="0.000" />
</gc-op>
<gc-end id="5491" type="partial gc" contextid="5486" durationms="13.311" usertimems="36.674" systemtimems="16.054" timestamp="2019-08-08T19:54:38.865" activeThreads="16">
  <mem-info id="5492" free="201326592" total="335544320" percent="60">
    <mem type="eden" free="443328" total="4194304" percent="10" />
    <remembered-set count="6176" freebytes="13389696" totalbytes="13414400" percent="99" regionsoverflowed="0" regionsstable="11" regionsrebuilding="0"/>
  </mem-info>
</gc-end>
<cycle-end id="5493" type="partial gc" contextid="5486" timestamp="2019-08-08T19:54:38.865" />
  <attribute name="elasticGC enabled" value="1" />
  <attribute name= "numThreadsSpecified" value="16" />
  <attribute name="heapSize specified" value="0" />
  <attribute name="Current GC Util" value="117" />
  <attribute name= "Current Time Running" value="119735" />
  <attribute name ="GC Interval" value="0" />
  <attribute name="Target GC Util Change" value ="80.000000" />
  <attribute name="Current GC Util Change" value="117.000000"/>
  <attribute name="Current Error" value="-188.000000" />
  <attribute name="Output H" value="335619784"/>
  <attribute name="Output I" value="1680"/>
  <attribute name="Output T" value="16"/>
  <attribute name= "Current Time Running" value="119735" />
  <attribute name="GC Util currently" value="117" />
  <attribute name="CPU Util currently" value="1631724989207" />
<exclusive-end id="5494" timestamp="2019-08-08T19:54:38.865" durationms="14.019" />

<exclusive-start id="5495" timestamp="2019-08-08T19:54:38.928" intervalms="76.549">
  <response-info timems="5.148" idlems="2.422" threads="2" lastid="00000000022C5100" lastname="Thread-51" />
</exclusive-start>
<allocation-taxation id="5496" taxation-threshold="90177536" timestamp="2019-08-08T19:54:38.928" intervalms="76.583" />
<cycle-start id="5497" type="partial gc" contextid="0" timestamp="2019-08-08T19:54:38.928" intervalms="76.593" />
<gc-start id="5498" type="partial gc" contextid="5497" timestamp="2019-08-08T19:54:38.928">
  <mem-info id="5499" free="111149056" total="335544320" percent="33">
    <mem type="eden" free="0" total="90177536" percent="0" />
    <remembered-set count="6144" freebytes="13389824" totalbytes="13414400" percent="99" regionsoverflowed="0" regionsstable="11" regionsrebuilding="0"/>
  </mem-info>
</gc-start>
<allocation-stats totalBytes="89916040" >
  <allocated-bytes non-tlh="81944" tlh="89834096" arrayletleaf="0"/>
  <largest-consumer threadName="Thread-43" threadId="00000000022BD900" bytes="12041752" />
</allocation-stats>
<gc-op id="5500" type="copy forward" timems="10.045" contextid="5497" timestamp="2019-08-08T19:54:38.939">
  <memory-copied type="eden" objects="9700" bytes="3745520" bytesdiscarded="651496" />
  <memory-copied type="other" objects="19" bytes="728" bytesdiscarded="0" />
  <memory-cardclean objects="3097" bytes="143408" />
  <regions eden="43" other="3" />
  <remembered-set-cleared processed="585" cleared="263" durationms="0.566" />
  <references type="phantom" candidates="3" cleared="0" enqueued="0" />
  <stringconstants candidates="16389" cleared="0"  />
</gc-op>
<gc-op id="5501" type="classunload" timems="0.010" contextid="5497" timestamp="2019-08-08T19:54:38.939">
  <classunload-info classloadercandidates="69" classloadersunloaded="0" classesunloaded="0" anonymousclassesunloaded="0" quiescems="0.000" setupms="0.010" scanms="0.000" postms="0.000" />
</gc-op>
<heap-resize id="5502" type="expand" space="default" amount="10485760" count="1" timems="0.069" reason="excessive time being spent in gc" timestamp="2019-08-08T19:54:38.940" />
<gc-end id="5503" type="partial gc" contextid="5497" durationms="11.380" usertimems="39.929" systemtimems="14.989" timestamp="2019-08-08T19:54:38.940" activeThreads="16">
  <mem-info id="5504" free="207618048" total="346030080" percent="60">
    <mem type="eden" free="1894160" total="6291456" percent="30" />
    <remembered-set count="8736" freebytes="13798656" totalbytes="13833600" percent="99" regionsoverflowed="0" regionsstable="11" regionsrebuilding="0"/>
  </mem-info>
</gc-end>
<cycle-end id="5505" type="partial gc" contextid="5497" timestamp="2019-08-08T19:54:38.940" />
  <attribute name="elasticGC enabled" value="1" />
  <attribute name= "numThreadsSpecified" value="16" />
  <attribute name="heapSize specified" value="0" />
  <attribute name="Current GC Util" value="161" />
  <attribute name= "Current Time Running" value="119811" />
  <attribute name ="GC Interval" value="0" />
  <attribute name="Target GC Util Change" value ="80.000000" />
  <attribute name="Current GC Util Change" value="161.000000"/>
  <attribute name="Current Error" value="-81.000000" />
  <attribute name="Output H" value="335619912"/>
  <attribute name="Output I" value="1864"/>
  <attribute name="Output T" value="16"/>
  <attribute name= "Current Time Running" value="119811" />
  <attribute name="GC Util currently" value="161" />
  <attribute name="CPU Util currently" value="1576269576317" />
<exclusive-end id="5506" timestamp="2019-08-08T19:54:38.940" durationms="11.996" />

<exclusive-start id="5507" timestamp="2019-08-08T19:54:39.022" intervalms="93.566">
  <response-info timems="3.422" idlems="3.422" threads="0" lastid="0000000002294600" lastname="Thread-49" />
</exclusive-start>
<allocation-taxation id="5508" taxation-threshold="94371840" timestamp="2019-08-08T19:54:39.022" intervalms="93.541" />
<cycle-start id="5509" type="partial gc" contextid="0" timestamp="2019-08-08T19:54:39.022" intervalms="93.582" />
<gc-start id="5510" type="partial gc" contextid="5509" timestamp="2019-08-08T19:54:39.022">
  <mem-info id="5511" free="113246208" total="346030080" percent="32">
    <mem type="eden" free="0" total="94371840" percent="0" />
    <remembered-set count="8320" freebytes="13800320" totalbytes="13833600" percent="99" regionsoverflowed="0" regionsstable="11" regionsrebuilding="0"/>
  </mem-info>
</gc-start>
<allocation-stats totalBytes="94200320" >
  <allocated-bytes non-tlh="57368" tlh="94142952" arrayletleaf="0"/>
  <largest-consumer threadName="Thread-43" threadId="00000000022BD900" bytes="10829704" />
</allocation-stats>
<gc-op id="5512" type="copy forward" timems="26.612" contextid="5509" timestamp="2019-08-08T19:54:39.050">
  <memory-copied type="eden" objects="10278" bytes="4019056" bytesdiscarded="771160" />
  <memory-copied type="other" objects="15" bytes="720" bytesdiscarded="480" />
  <memory-cardclean objects="3118" bytes="144280" />
  <regions eden="45" other="4" />
  <remembered-set-cleared processed="587" cleared="266" durationms="0.495" />
  <references type="phantom" candidates="2" cleared="0" enqueued="0" />
  <stringconstants candidates="16389" cleared="0"  />
</gc-op>
<gc-op id="5513" type="classunload" timems="0.117" contextid="5509" timestamp="2019-08-08T19:54:39.050">
  <classunload-info classloadercandidates="69" classloadersunloaded="0" classesunloaded="0" anonymousclassesunloaded="0" quiescems="0.000" setupms="0.117" scanms="0.000" postms="0.000" />
</gc-op>
<heap-resize id="5514" type="expand" space="default" amount="6291456" count="1" timems="0.069" reason="excessive time being spent in gc" timestamp="2019-08-08T19:54:39.050" />
<gc-end id="5515" type="partial gc" contextid="5509" durationms="28.058" usertimems="78.851" systemtimems="46.713" timestamp="2019-08-08T19:54:39.050" activeThreads="16">
  <mem-info id="5516" free="211812352" total="352321536" percent="60">
    <mem type="eden" free="3598120" total="8388608" percent="42" />
    <remembered-set count="10304" freebytes="14043904" totalbytes="14085120" percent="99" regionsoverflowed="0" regionsstable="11" regionsrebuilding="0"/>
  </mem-info>
</gc-end>
<cycle-end id="5517" type="partial gc" contextid="5509" timestamp="2019-08-08T19:54:39.050" />
  <attribute name="elasticGC enabled" value="1" />
  <attribute name= "numThreadsSpecified" value="16" />
  <attribute name="heapSize specified" value="0" />
  <attribute name="Current GC Util" value="131" />
  <attribute name= "Current Time Running" value="119905" />
  <attribute name ="GC Interval" value="0" />
  <attribute name="Target GC Util Change" value ="80.000000" />
  <attribute name="Current GC Util Change" value="131.000000"/>
  <attribute name="Current Error" value="-92.000000" />
  <attribute name="Output H" value="346105656"/>
  <attribute name="Output I" value="1848"/>
  <attribute name="Output T" value="16"/>
  <attribute name= "Current Time Running" value="119905" />
  <attribute name="GC Util currently" value="131" />
  <attribute name="CPU Util currently" value="1941929156497" />
<exclusive-end id="5518" timestamp="2019-08-08T19:54:39.050" durationms="28.764" />

<exclusive-start id="5519" timestamp="2019-08-08T19:54:39.107" intervalms="85.485">
  <response-info timems="0.195" idlems="0.100" threads="1" lastid="000000000227DF00" lastname="Thread-46" />
</exclusive-start>
<allocation-taxation id="5520" taxation-threshold="94371840" timestamp="2019-08-08T19:54:39.107" intervalms="85.478" />
<cycle-start id="5521" type="partial gc" contextid="0" timestamp="2019-08-08T19:54:39.107" intervalms="85.460" />
<gc-start id="5522" type="partial gc" contextid="5521" timestamp="2019-08-08T19:54:39.107">
  <mem-info id="5523" free="117440512" total="352321536" percent="33">
    <mem type="eden" free="0" total="94371840" percent="0" />
    <remembered-set count="9888" freebytes="14045568" totalbytes="14085120" percent="99" regionsoverflowed="0" regionsstable="11" regionsrebuilding="0"/>
  </mem-info>
</gc-start>
<allocation-stats totalBytes="94242224" >
  <allocated-bytes non-tlh="32776" tlh="94209448" arrayletleaf="0"/>
  <largest-consumer threadName="Thread-50" threadId="0000000002276700" bytes="11677272" />
</allocation-stats>
<gc-op id="5524" type="copy forward" timems="15.460" contextid="5521" timestamp="2019-08-08T19:54:39.124">
  <memory-copied type="eden" objects="9978" bytes="3938920" bytesdiscarded="806208" />
  <memory-copied type="other" objects="34" bytes="1864" bytesdiscarded="0" />
  <memory-cardclean objects="3076" bytes="142632" />
  <regions eden="45" other="5" />
  <remembered-set-cleared processed="579" cleared="257" durationms="1.190" />
  <references type="weak" candidates="1" cleared="0" enqueued="0" />
  <references type="phantom" candidates="3" cleared="0" enqueued="0" />
  <stringconstants candidates="16389" cleared="0"  />
</gc-op>
<gc-op id="5525" type="classunload" timems="0.011" contextid="5521" timestamp="2019-08-08T19:54:39.124">
  <classunload-info classloadercandidates="69" classloadersunloaded="0" classesunloaded="0" anonymousclassesunloaded="0" quiescems="0.000" setupms="0.011" scanms="0.000" postms="0.000" />
</gc-op>
<gc-end id="5526" type="partial gc" contextid="5521" durationms="17.124" usertimems="48.388" systemtimems="19.850" timestamp="2019-08-08T19:54:39.125" activeThreads="16">
  <mem-info id="5527" free="211812352" total="352321536" percent="60">
    <mem type="eden" free="1546064" total="6291456" percent="24" />
    <remembered-set count="8256" freebytes="14052096" totalbytes="14085120" percent="99" regionsoverflowed="0" regionsstable="11" regionsrebuilding="0"/>
  </mem-info>
</gc-end>
<cycle-end id="5528" type="partial gc" contextid="5521" timestamp="2019-08-08T19:54:39.125" />
  <attribute name="elasticGC enabled" value="1" />
  <attribute name= "numThreadsSpecified" value="16" />
  <attribute name="heapSize specified" value="0" />
  <attribute name="Current GC Util" value="79" />
  <attribute name= "Current Time Running" value="119991" />
  <attribute name ="GC Interval" value="0" />
  <attribute name="Target GC Util Change" value ="80.000000" />
  <attribute name="Current GC Util Change" value="79.000000"/>
  <attribute name="Current Error" value="-100.000000" />
  <attribute name="Output H" value="352397104"/>
  <attribute name="Output I" value="1832"/>
  <attribute name="Output T" value="16"/>
  <attribute name= "Current Time Running" value="119991" />
  <attribute name="GC Util currently" value="79" />
  <attribute name="CPU Util currently" value="859976442498" />
<exclusive-end id="5529" timestamp="2019-08-08T19:54:39.125" durationms="17.916" />

<exclusive-start id="5530" timestamp="2019-08-08T19:54:39.189" intervalms="82.187">
  <response-info timems="2.899" idlems="1.455" threads="1" lastid="00000000022AAD00" lastname="Thread-41" />
</exclusive-start>
<allocation-taxation id="5531" taxation-threshold="94371840" timestamp="2019-08-08T19:54:39.189" intervalms="82.240" />
<cycle-start id="5532" type="partial gc" contextid="0" timestamp="2019-08-08T19:54:39.189" intervalms="82.239" />
<gc-start id="5533" type="partial gc" contextid="5532" timestamp="2019-08-08T19:54:39.190">
  <mem-info id="5534" free="117440512" total="352321536" percent="33">
    <mem type="eden" free="0" total="94371840" percent="0" />
    <remembered-set count="7808" freebytes="14053888" totalbytes="14085120" percent="99" regionsoverflowed="0" regionsstable="11" regionsrebuilding="0"/>
  </mem-info>
</gc-start>
<allocation-stats totalBytes="94123312" >
  <allocated-bytes non-tlh="114720" tlh="94008592" arrayletleaf="0"/>
  <largest-consumer threadName="Thread-52" threadId="000000000226EF00" bytes="11533576" />
</allocation-stats>
<gc-op id="5535" type="copy forward" timems="10.001" contextid="5532" timestamp="2019-08-08T19:54:39.202">
  <memory-copied type="eden" objects="10581" bytes="4242808" bytesdiscarded="931760" />
  <memory-copied type="other" objects="39" bytes="1864" bytesdiscarded="0" />
  <memory-cardclean objects="3039" bytes="140536" />
  <regions eden="45" other="4" />
  <remembered-set-cleared processed="591" cleared="260" durationms="0.213" />
  <references type="weak" candidates="1" cleared="0" enqueued="0" />
  <references type="phantom" candidates="3" cleared="0" enqueued="0" />
  <stringconstants candidates="16389" cleared="0"  />
</gc-op>
<gc-op id="5536" type="classunload" timems="0.011" contextid="5532" timestamp="2019-08-08T19:54:39.202">
  <classunload-info classloadercandidates="69" classloadersunloaded="0" classesunloaded="0" anonymousclassesunloaded="0" quiescems="0.000" setupms="0.011" scanms="0.000" postms="0.000" />
</gc-op>
<heap-resize id="5537" type="expand" space="default" amount="10485760" count="1" timems="0.068" reason="excessive time being spent in gc" timestamp="2019-08-08T19:54:39.202" />
<gc-end id="5538" type="partial gc" contextid="5532" durationms="12.359" usertimems="40.494" systemtimems="13.429" timestamp="2019-08-08T19:54:39.202" activeThreads="16">
  <mem-info id="5539" free="218103808" total="362807296" percent="60">
    <mem type="eden" free="3213768" total="8388608" percent="38" />
    <remembered-set count="8800" freebytes="14469120" totalbytes="14504320" percent="99" regionsoverflowed="0" regionsstable="11" regionsrebuilding="0"/>
  </mem-info>
</gc-end>
<cycle-end id="5540" type="partial gc" contextid="5532" timestamp="2019-08-08T19:54:39.202" />
  <attribute name="elasticGC enabled" value="1" />
  <attribute name= "numThreadsSpecified" value="16" />
  <attribute name="heapSize specified" value="0" />
  <attribute name="Current GC Util" value="53" />
  <attribute name= "Current Time Running" value="120073" />
  <attribute name ="GC Interval" value="0" />
  <attribute name="Target GC Util Change" value ="80.000000" />
  <attribute name="Current GC Util Change" value="53.000000"/>
  <attribute name="Current Error" value="27.000000" />
  <attribute name="Output H" value="352397248"/>
  <attribute name="Output I" value="2056"/>
  <attribute name="Output T" value="16"/>
  <attribute name= "Current Time Running" value="120073" />
  <attribute name="GC Util currently" value="53" />
  <attribute name="CPU Util currently" value="680038361696" />
<exclusive-end id="5541" timestamp="2019-08-08T19:54:39.202" durationms="12.988" />

<exclusive-start id="5542" timestamp="2019-08-08T19:54:39.263" intervalms="73.856">
  <response-info timems="0.808" idlems="0.476" threads="2" lastid="00000000022C5100" lastname="Thread-51" />
</exclusive-start>
<allocation-taxation id="5543" taxation-threshold="96468992" timestamp="2019-08-08T19:54:39.263" intervalms="73.814" />
<cycle-start id="5544" type="partial gc" contextid="0" timestamp="2019-08-08T19:54:39.263" intervalms="73.839" />
<gc-start id="5545" type="partial gc" contextid="5544" timestamp="2019-08-08T19:54:39.263">
  <mem-info id="5546" free="121634816" total="362807296" percent="33">
    <mem type="eden" free="0" total="96468992" percent="0" />
    <remembered-set count="8384" freebytes="14470784" totalbytes="14504320" percent="99" regionsoverflowed="0" regionsstable="11" regionsrebuilding="0"/>
  </mem-info>
</gc-start>
<allocation-stats totalBytes="96254720" >
  <allocated-bytes non-tlh="131112" tlh="96123608" arrayletleaf="0"/>
  <largest-consumer threadName="Thread-50" threadId="0000000002276700" bytes="11464016" />
</allocation-stats>
<gc-op id="5547" type="copy forward" timems="11.503" contextid="5544" timestamp="2019-08-08T19:54:39.276">
  <memory-copied type="eden" objects="9848" bytes="3972176" bytesdiscarded="968680" />
  <memory-copied type="other" objects="24" bytes="864" bytesdiscarded="0" />
  <memory-cardclean objects="3092" bytes="143912" />
  <regions eden="46" other="5" />
  <remembered-set-cleared processed="593" cleared="266" durationms="0.151" />
  <references type="phantom" candidates="2" cleared="0" enqueued="0" />
  <stringconstants candidates="16389" cleared="0"  />
</gc-op>
<gc-op id="5548" type="classunload" timems="0.012" contextid="5544" timestamp="2019-08-08T19:54:39.276">
  <classunload-info classloadercandidates="69" classloadersunloaded="0" classesunloaded="0" anonymousclassesunloaded="0" quiescems="0.000" setupms="0.011" scanms="0.000" postms="0.000" />
</gc-op>
<gc-end id="5549" type="partial gc" contextid="5544" durationms="13.134" usertimems="43.511" systemtimems="11.520" timestamp="2019-08-08T19:54:39.277" activeThreads="16">
  <mem-info id="5550" free="218103808" total="362807296" percent="60">
    <mem type="eden" free="1350320" total="6291456" percent="21" />
    <remembered-set count="10336" freebytes="14462976" totalbytes="14504320" percent="99" regionsoverflowed="0" regionsstable="11" regionsrebuilding="0"/>
  </mem-info>
</gc-end>
<cycle-end id="5551" type="partial gc" contextid="5544" timestamp="2019-08-08T19:54:39.277" />
  <attribute name="elasticGC enabled" value="1" />
  <attribute name= "numThreadsSpecified" value="16" />
  <attribute name="heapSize specified" value="0" />
  <attribute name="Current GC Util" value="214" />
  <attribute name= "Current Time Running" value="120146" />
  <attribute name ="GC Interval" value="0" />
  <attribute name="Target GC Util Change" value ="80.000000" />
  <attribute name="Current GC Util Change" value="214.000000"/>
  <attribute name="Current Error" value="-70.000000" />
  <attribute name="Output H" value="362882896"/>
  <attribute name="Output I" value="1888"/>
  <attribute name="Output T" value="16"/>
  <attribute name= "Current Time Running" value="120146" />
  <attribute name="GC Util currently" value="214" />
  <attribute name="CPU Util currently" value="1326149702173" />
<exclusive-end id="5552" timestamp="2019-08-08T19:54:39.277" durationms="13.919" />

<exclusive-start id="5553" timestamp="2019-08-08T19:54:39.336" intervalms="73.270">
  <response-info timems="4.917" idlems="2.673" threads="2" lastid="00000000022AAD00" lastname="Thread-41" />
</exclusive-start>
<allocation-taxation id="5554" taxation-threshold="96468992" timestamp="2019-08-08T19:54:39.336" intervalms="73.263" />
<cycle-start id="5555" type="partial gc" contextid="0" timestamp="2019-08-08T19:54:39.336" intervalms="73.267" />
<gc-start id="5556" type="partial gc" contextid="5555" timestamp="2019-08-08T19:54:39.337">
  <mem-info id="5557" free="121634816" total="362807296" percent="33">
    <mem type="eden" free="0" total="96468992" percent="0" />
    <remembered-set count="9856" freebytes="14464896" totalbytes="14504320" percent="99" regionsoverflowed="0" regionsstable="11" regionsrebuilding="0"/>
  </mem-info>
</gc-start>
<allocation-stats totalBytes="96286496" >
  <allocated-bytes non-tlh="90144" tlh="96196352" arrayletleaf="0"/>
  <largest-consumer threadName="Thread-50" threadId="0000000002276700" bytes="12088704" />
</allocation-stats>
<gc-op id="5558" type="copy forward" timems="14.222" contextid="5555" timestamp="2019-08-08T19:54:39.352">
  <memory-copied type="eden" objects="9608" bytes="3858112" bytesdiscarded="767816" />
  <memory-copied type="other" objects="16" bytes="576" bytesdiscarded="0" />
  <memory-cardclean objects="3103" bytes="143864" />
  <regions eden="46" other="4" />
  <remembered-set-cleared processed="602" cleared="276" durationms="0.186" />
  <references type="phantom" candidates="1" cleared="0" enqueued="0" />
  <stringconstants candidates="16389" cleared="0"  />
</gc-op>
<gc-op id="5559" type="classunload" timems="0.012" contextid="5555" timestamp="2019-08-08T19:54:39.352">
  <classunload-info classloadercandidates="69" classloadersunloaded="0" classesunloaded="0" anonymousclassesunloaded="0" quiescems="0.000" setupms="0.011" scanms="0.000" postms="0.000" />
</gc-op>
<heap-resize id="5560" type="expand" space="default" amount="10485760" count="1" timems="0.069" reason="excessive time being spent in gc" timestamp="2019-08-08T19:54:39.352" />
<gc-end id="5561" type="partial gc" contextid="5555" durationms="15.335" usertimems="64.187" systemtimems="14.513" timestamp="2019-08-08T19:54:39.352" activeThreads="16">
  <mem-info id="5562" free="224395264" total="373293056" percent="60">
    <mem type="eden" free="3762416" total="8388608" percent="44" />
    <remembered-set count="9312" freebytes="14886272" totalbytes="14923520" percent="99" regionsoverflowed="0" regionsstable="11" regionsrebuilding="0"/>
  </mem-info>
</gc-end>
<cycle-end id="5563" type="partial gc" contextid="5555" timestamp="2019-08-08T19:54:39.352" />
  <attribute name="elasticGC enabled" value="1" />
  <attribute name= "numThreadsSpecified" value="16" />
  <attribute name="heapSize specified" value="0" />
  <attribute name="Current GC Util" value="137" />
  <attribute name= "Current Time Running" value="120219" />
  <attribute name ="GC Interval" value="0" />
  <attribute name="Target GC Util Change" value ="80.000000" />
  <attribute name="Current GC Util Change" value="137.000000"/>
  <attribute name="Current Error" value="-88.000000" />
  <attribute name="Output H" value="362882880"/>
  <attribute name="Output I" value="1856"/>
  <attribute name="Output T" value="16"/>
  <attribute name= "Current Time Running" value="120219" />
  <attribute name="GC Util currently" value="137" />
  <attribute name="CPU Util currently" value="2423381651108" />
<exclusive-end id="5564" timestamp="2019-08-08T19:54:39.352" durationms="16.098" />

<exclusive-start id="5565" timestamp="2019-08-08T19:54:39.448" intervalms="111.312">
  <response-info timems="0.122" idlems="0.064" threads="1" lastid="00000000022C5100" lastname="Thread-51" />
</exclusive-start>
<allocation-taxation id="5566" taxation-threshold="100663296" timestamp="2019-08-08T19:54:39.448" intervalms="111.312" />
<cycle-start id="5567" type="partial gc" contextid="0" timestamp="2019-08-08T19:54:39.448" intervalms="111.273" />
<gc-start id="5568" type="partial gc" contextid="5567" timestamp="2019-08-08T19:54:39.448">
  <mem-info id="5569" free="123731968" total="373293056" percent="33">
    <mem type="eden" free="0" total="100663296" percent="0" />
    <remembered-set count="9312" freebytes="14886272" totalbytes="14923520" percent="99" regionsoverflowed="0" regionsstable="11" regionsrebuilding="0"/>
  </mem-info>
</gc-start>
<allocation-stats totalBytes="100538528" >
  <allocated-bytes non-tlh="49168" tlh="100489360" arrayletleaf="0"/>
  <largest-consumer threadName="Thread-40" threadId="00000000022B2500" bytes="9684816" />
</allocation-stats>
<gc-op id="5570" type="copy forward" timems="13.553" contextid="5567" timestamp="2019-08-08T19:54:39.470">
  <memory-copied type="eden" objects="9352" bytes="3596928" bytesdiscarded="699760" />
  <memory-copied type="other" objects="18" bytes="784" bytesdiscarded="0" />
  <memory-cardclean objects="3080" bytes="142464" />
  <regions eden="48" other="5" />
  <remembered-set-cleared processed="584" cleared="255" durationms="0.158" />
  <references type="weak" candidates="1" cleared="0" enqueued="0" />
  <references type="phantom" candidates="4" cleared="0" enqueued="0" />
  <stringconstants candidates="16389" cleared="0"  />
</gc-op>
<gc-op id="5571" type="classunload" timems="0.012" contextid="5567" timestamp="2019-08-08T19:54:39.470">
  <classunload-info classloadercandidates="69" classloadersunloaded="0" classesunloaded="0" anonymousclassesunloaded="0" quiescems="0.000" setupms="0.011" scanms="0.000" postms="0.000" />
</gc-op>
<gc-end id="5572" type="partial gc" contextid="5567" durationms="21.652" usertimems="49.639" systemtimems="21.934" timestamp="2019-08-08T19:54:39.470" activeThreads="16">
  <mem-info id="5573" free="224395264" total="373293056" percent="60">
    <mem type="eden" free="1994488" total="6291456" percent="31" />
    <remembered-set count="8800" freebytes="14888320" totalbytes="14923520" percent="99" regionsoverflowed="0" regionsstable="11" regionsrebuilding="0"/>
  </mem-info>
</gc-end>
<cycle-end id="5574" type="partial gc" contextid="5567" timestamp="2019-08-08T19:54:39.470" />
  <attribute name="elasticGC enabled" value="1" />
  <attribute name= "numThreadsSpecified" value="16" />
  <attribute name="heapSize specified" value="0" />
  <attribute name="Current GC Util" value="47" />
  <attribute name= "Current Time Running" value="120338" />
  <attribute name ="GC Interval" value="0" />
  <attribute name="Target GC Util Change" value ="80.000000" />
  <attribute name="Current GC Util Change" value="47.000000"/>
  <attribute name="Current Error" value="33.000000" />
  <attribute name="Output H" value="373368776"/>
  <attribute name="Output I" value="2072"/>
  <attribute name="Output T" value="16"/>
  <attribute name= "Current Time Running" value="120338" />
  <attribute name="GC Util currently" value="47" />
  <attribute name="CPU Util currently" value="226087844330" />
<exclusive-end id="5575" timestamp="2019-08-08T19:54:39.470" durationms="22.714" />

<exclusive-start id="5576" timestamp="2019-08-08T19:54:39.540" intervalms="92.788">
  <response-info timems="2.383" idlems="2.383" threads="0" lastid="00000000022AE900" lastname="Thread-37" />
</exclusive-start>
<allocation-taxation id="5577" taxation-threshold="100663296" timestamp="2019-08-08T19:54:39.540" intervalms="92.793" />
<cycle-start id="5578" type="partial gc" contextid="0" timestamp="2019-08-08T19:54:39.542" intervalms="93.753" />
<gc-start id="5579" type="partial gc" contextid="5578" timestamp="2019-08-08T19:54:39.542">
  <mem-info id="5580" free="123731968" total="373293056" percent="33">
    <mem type="eden" free="0" total="100663296" percent="0" />
    <remembered-set count="8320" freebytes="14890240" totalbytes="14923520" percent="99" regionsoverflowed="0" regionsstable="11" regionsrebuilding="0"/>
  </mem-info>
</gc-start>
<allocation-stats totalBytes="100554512" >
  <allocated-bytes non-tlh="81944" tlh="100472568" arrayletleaf="0"/>
  <largest-consumer threadName="Thread-40" threadId="00000000022B2500" bytes="11027216" />
</allocation-stats>
<gc-op id="5581" type="copy forward" timems="12.286" contextid="5578" timestamp="2019-08-08T19:54:39.558">
  <memory-copied type="eden" objects="9853" bytes="3886136" bytesdiscarded="772544" />
  <memory-copied type="other" objects="26" bytes="1072" bytesdiscarded="0" />
  <memory-cardclean objects="3091" bytes="143744" />
  <regions eden="48" other="4" />
  <remembered-set-cleared processed="584" cleared="257" durationms="0.803" />
  <references type="phantom" candidates="1" cleared="0" enqueued="0" />
  <stringconstants candidates="16389" cleared="0"  />
</gc-op>
<gc-op id="5582" type="classunload" timems="0.016" contextid="5578" timestamp="2019-08-08T19:54:39.558">
  <classunload-info classloadercandidates="69" classloadersunloaded="0" classesunloaded="0" anonymousclassesunloaded="0" quiescems="0.000" setupms="0.016" scanms="0.000" postms="0.000" />
</gc-op>
<heap-resize id="5583" type="expand" space="default" amount="4194304" count="1" timems="0.062" reason="excessive time being spent in gc" timestamp="2019-08-08T19:54:39.558" />
<gc-end id="5584" type="partial gc" contextid="5578" durationms="16.143" usertimems="43.517" systemtimems="8.042" timestamp="2019-08-08T19:54:39.558" activeThreads="16">
  <mem-info id="5585" free="226492416" total="377487360" percent="60">
    <mem type="eden" free="1632520" total="6291456" percent="25" />
    <remembered-set count="9312" freebytes="15053952" totalbytes="15091200" percent="99" regionsoverflowed="0" regionsstable="11" regionsrebuilding="0"/>
  </mem-info>
</gc-end>
<cycle-end id="5586" type="partial gc" contextid="5578" timestamp="2019-08-08T19:54:39.558" />
  <attribute name="elasticGC enabled" value="1" />
  <attribute name= "numThreadsSpecified" value="16" />
  <attribute name="heapSize specified" value="0" />
  <attribute name="Current GC Util" value="74" />
  <attribute name= "Current Time Running" value="120427" />
  <attribute name ="GC Interval" value="0" />
  <attribute name="Target GC Util Change" value ="80.000000" />
  <attribute name="Current GC Util Change" value="74.000000"/>
  <attribute name="Current Error" value="78.000000" />
  <attribute name="Output H" value="373368832"/>
  <attribute name="Output I" value="2152"/>
  <attribute name="Output T" value="16"/>
  <attribute name= "Current Time Running" value="120427" />
  <attribute name="GC Util currently" value="74" />
  <attribute name="CPU Util currently" value="380181403605" />
<exclusive-end id="5587" timestamp="2019-08-08T19:54:39.559" durationms="18.181" />

<exclusive-start id="5588" timestamp="2019-08-08T19:54:39.660" intervalms="119.966">
  <response-info timems="0.218" idlems="0.218" threads="0" lastid="00000000022C5100" lastname="Thread-51" />
</exclusive-start>
<allocation-taxation id="5589" taxation-threshold="100663296" timestamp="2019-08-08T19:54:39.660" intervalms="119.959" />
<cycle-start id="5590" type="partial gc" contextid="0" timestamp="2019-08-08T19:54:39.661" intervalms="119.177" />
<gc-start id="5591" type="partial gc" contextid="5590" timestamp="2019-08-08T19:54:39.661">
  <mem-info id="5592" free="125829120" total="377487360" percent="33">
    <mem type="eden" free="0" total="100663296" percent="0" />
    <remembered-set count="8896" freebytes="15055616" totalbytes="15091200" percent="99" regionsoverflowed="0" regionsstable="11" regionsrebuilding="0"/>
  </mem-info>
</gc-start>
<allocation-stats totalBytes="100473096" >
  <allocated-bytes non-tlh="16392" tlh="100456704" arrayletleaf="0"/>
  <largest-consumer threadName="Thread-45" threadId="0000000002298200" bytes="10282656" />
</allocation-stats>
<gc-op id="5593" type="copy forward" timems="14.202" contextid="5590" timestamp="2019-08-08T19:54:39.677">
  <memory-copied type="eden" objects="8663" bytes="3538968" bytesdiscarded="727616" />
  <memory-copied type="other" objects="16" bytes="576" bytesdiscarded="0" />
  <memory-cardclean objects="3057" bytes="142736" />
  <regions eden="48" other="4" />
  <remembered-set-cleared processed="586" cleared="258" durationms="0.508" />
  <references type="phantom" candidates="3" cleared="0" enqueued="0" />
  <stringconstants candidates="16389" cleared="0"  />
</gc-op>
<gc-op id="5594" type="classunload" timems="0.013" contextid="5590" timestamp="2019-08-08T19:54:39.677">
  <classunload-info classloadercandidates="69" classloadersunloaded="0" classesunloaded="0" anonymousclassesunloaded="0" quiescems="0.000" setupms="0.013" scanms="0.000" postms="0.000" />
</gc-op>
<heap-resize id="5595" type="expand" space="default" amount="6291456" count="1" timems="0.060" reason="excessive time being spent in gc" timestamp="2019-08-08T19:54:39.677" />
<gc-end id="5596" type="partial gc" contextid="5590" durationms="15.979" usertimems="39.368" systemtimems="13.369" timestamp="2019-08-08T19:54:39.677" activeThreads="16">
  <mem-info id="5597" free="230686720" total="383778816" percent="60">
    <mem type="eden" free="2024584" total="6291456" percent="32" />
    <remembered-set count="10304" freebytes="15301504" totalbytes="15342720" percent="99" regionsoverflowed="0" regionsstable="11" regionsrebuilding="0"/>
  </mem-info>
</gc-end>
<cycle-end id="5598" type="partial gc" contextid="5590" timestamp="2019-08-08T19:54:39.677" />
  <attribute name="elasticGC enabled" value="1" />
  <attribute name= "numThreadsSpecified" value="16" />
  <attribute name="heapSize specified" value="0" />
  <attribute name="Current GC Util" value="85" />
  <attribute name= "Current Time Running" value="120544" />
  <attribute name ="GC Interval" value="0" />
  <attribute name="Target GC Util Change" value ="80.000000" />
  <attribute name="Current GC Util Change" value="85.000000"/>
  <attribute name="Current Error" value="125.000000" />
  <attribute name="Output H" value="377563184"/>
  <attribute name="Output I" value="2232"/>
  <attribute name="Output T" value="16"/>
  <attribute name= "Current Time Running" value="120544" />
  <attribute name="GC Util currently" value="85" />
  <attribute name="CPU Util currently" value="1398377136828" />
<exclusive-end id="5599" timestamp="2019-08-08T19:54:39.678" durationms="17.123" />

<exclusive-start id="5600" timestamp="2019-08-08T19:54:39.760" intervalms="99.156">
  <response-info timems="0.399" idlems="0.181" threads="4" lastid="00000000022B2500" lastname="Thread-40" />
</exclusive-start>
<allocation-taxation id="5601" taxation-threshold="102760448" timestamp="2019-08-08T19:54:39.760" intervalms="99.169" />
<cycle-start id="5602" type="partial gc" contextid="0" timestamp="2019-08-08T19:54:39.760" intervalms="98.979" />
<gc-start id="5603" type="partial gc" contextid="5602" timestamp="2019-08-08T19:54:39.760">
  <mem-info id="5604" free="127926272" total="383778816" percent="33">
    <mem type="eden" free="0" total="102760448" percent="0" />
    <remembered-set count="9824" freebytes="15303424" totalbytes="15342720" percent="99" regionsoverflowed="0" regionsstable="11" regionsrebuilding="0"/>
  </mem-info>
</gc-start>
<allocation-stats totalBytes="102486184" >
  <allocated-bytes non-tlh="65560" tlh="102420624" arrayletleaf="0"/>
  <largest-consumer threadName="Thread-50" threadId="0000000002276700" bytes="11653544" />
</allocation-stats>
<gc-op id="5605" type="copy forward" timems="10.739" contextid="5602" timestamp="2019-08-08T19:54:39.772">
  <memory-copied type="eden" objects="9162" bytes="3582688" bytesdiscarded="629072" />
  <memory-copied type="other" objects="22" bytes="752" bytesdiscarded="0" />
  <memory-cardclean objects="3070" bytes="143360" />
  <regions eden="49" other="4" />
  <remembered-set-cleared processed="585" cleared="259" durationms="0.263" />
  <references type="phantom" candidates="4" cleared="0" enqueued="0" />
  <stringconstants candidates="16389" cleared="0"  />
</gc-op>
<gc-op id="5606" type="classunload" timems="0.011" contextid="5602" timestamp="2019-08-08T19:54:39.772">
  <classunload-info classloadercandidates="69" classloadersunloaded="0" classesunloaded="0" anonymousclassesunloaded="0" quiescems="0.000" setupms="0.011" scanms="0.000" postms="0.000" />
</gc-op>
<heap-resize id="5607" type="expand" space="default" amount="4194304" count="1" timems="0.062" reason="excessive time being spent in gc" timestamp="2019-08-08T19:54:39.772" />
<gc-end id="5608" type="partial gc" contextid="5602" durationms="12.150" usertimems="33.454" systemtimems="8.485" timestamp="2019-08-08T19:54:39.772" activeThreads="16">
  <mem-info id="5609" free="232783872" total="387973120" percent="60">
    <mem type="eden" free="2079408" total="6291456" percent="33" />
    <remembered-set count="8256" freebytes="15477376" totalbytes="15510400" percent="99" regionsoverflowed="0" regionsstable="11" regionsrebuilding="0"/>
  </mem-info>
</gc-end>
<cycle-end id="5610" type="partial gc" contextid="5602" timestamp="2019-08-08T19:54:39.773" />
  <attribute name="elasticGC enabled" value="1" />
  <attribute name= "numThreadsSpecified" value="16" />
  <attribute name="heapSize specified" value="0" />
  <attribute name="Current GC Util" value="121" />
  <attribute name= "Current Time Running" value="120643" />
  <attribute name ="GC Interval" value="0" />
  <attribute name="Target GC Util Change" value ="80.000000" />
  <attribute name="Current GC Util Change" value="121.000000"/>
  <attribute name="Current Error" value="-41.000000" />
  <attribute name="Output H" value="383854456"/>
  <attribute name="Output I" value="1936"/>
  <attribute name="Output T" value="16"/>
  <attribute name= "Current Time Running" value="120643" />
  <attribute name="GC Util currently" value="121" />
  <attribute name="CPU Util currently" value="1866311502778" />
<exclusive-end id="5611" timestamp="2019-08-08T19:54:39.773" durationms="13.417" />

<exclusive-start id="5612" timestamp="2019-08-08T19:54:39.873" intervalms="113.774">
  <response-info timems="0.505" idlems="0.505" threads="0" lastid="00000000022C5100" lastname="Thread-51" />
</exclusive-start>
<allocation-taxation id="5613" taxation-threshold="102760448" timestamp="2019-08-08T19:54:39.873" intervalms="113.756" />
<cycle-start id="5614" type="partial gc" contextid="0" timestamp="2019-08-08T19:54:39.873" intervalms="113.766" />
<gc-start id="5615" type="partial gc" contextid="5614" timestamp="2019-08-08T19:54:39.874">
  <mem-info id="5616" free="130023424" total="387973120" percent="33">
    <mem type="eden" free="0" total="102760448" percent="0" />
    <remembered-set count="7808" freebytes="15479168" totalbytes="15510400" percent="99" regionsoverflowed="0" regionsstable="11" regionsrebuilding="0"/>
  </mem-info>
</gc-start>
<allocation-stats totalBytes="102643088" >
  <allocated-bytes non-tlh="81952" tlh="102561136" arrayletleaf="0"/>
  <largest-consumer threadName="Thread-50" threadId="0000000002276700" bytes="13614528" />
</allocation-stats>
<gc-op id="5617" type="copy forward" timems="8.144" contextid="5614" timestamp="2019-08-08T19:54:39.883">
  <memory-copied type="eden" objects="9212" bytes="3660928" bytesdiscarded="556224" />
  <memory-copied type="other" objects="32" bytes="1152" bytesdiscarded="0" />
  <memory-cardclean objects="3070" bytes="143696" />
  <regions eden="49" other="4" />
  <remembered-set-cleared processed="576" cleared="249" durationms="0.153" />
  <references type="phantom" candidates="3" cleared="0" enqueued="0" />
  <stringconstants candidates="16389" cleared="0"  />
</gc-op>
<gc-op id="5618" type="classunload" timems="0.010" contextid="5614" timestamp="2019-08-08T19:54:39.883">
  <classunload-info classloadercandidates="69" classloadersunloaded="0" classesunloaded="0" anonymousclassesunloaded="0" quiescems="0.000" setupms="0.009" scanms="0.000" postms="0.000" />
</gc-op>
<heap-resize id="5619" type="expand" space="default" amount="6291456" count="1" timems="0.057" reason="excessive time being spent in gc" timestamp="2019-08-08T19:54:39.883" />
<gc-end id="5620" type="partial gc" contextid="5614" durationms="9.265" usertimems="12.206" systemtimems="12.971" timestamp="2019-08-08T19:54:39.883" activeThreads="16">
  <mem-info id="5621" free="236978176" total="394264576" percent="60">
    <mem type="eden" free="2074024" total="6291456" percent="32" />
    <remembered-set count="7232" freebytes="15732992" totalbytes="15761920" percent="99" regionsoverflowed="0" regionsstable="11" regionsrebuilding="0"/>
  </mem-info>
</gc-end>
<cycle-end id="5622" type="partial gc" contextid="5614" timestamp="2019-08-08T19:54:39.883" />
  <attribute name="elasticGC enabled" value="1" />
  <attribute name= "numThreadsSpecified" value="16" />
  <attribute name="heapSize specified" value="0" />
  <attribute name="Current GC Util" value="142" />
  <attribute name= "Current Time Running" value="120756" />
  <attribute name ="GC Interval" value="0" />
  <attribute name="Target GC Util Change" value ="80.000000" />
  <attribute name="Current GC Util Change" value="142.000000"/>
  <attribute name="Current Error" value="-45.000000" />
  <attribute name="Output H" value="388048752"/>
  <attribute name="Output I" value="1928"/>
  <attribute name="Output T" value="16"/>
  <attribute name= "Current Time Running" value="120756" />
  <attribute name="GC Util currently" value="142" />
  <attribute name="CPU Util currently" value="2139886067753" />
<exclusive-end id="5623" timestamp="2019-08-08T19:54:39.884" durationms="10.327" />

<exclusive-start id="5624" timestamp="2019-08-08T19:54:39.961" intervalms="87.252">
  <response-info timems="0.823" idlems="0.823" threads="0" lastid="00000000022C5100" lastname="Thread-51" />
</exclusive-start>
<allocation-taxation id="5625" taxation-threshold="104857600" timestamp="2019-08-08T19:54:39.961" intervalms="87.255" />
<cycle-start id="5626" type="partial gc" contextid="0" timestamp="2019-08-08T19:54:39.961" intervalms="87.236" />
<gc-start id="5627" type="partial gc" contextid="5626" timestamp="2019-08-08T19:54:39.961">
  <mem-info id="5628" free="132120576" total="394264576" percent="33">
    <mem type="eden" free="0" total="104857600" percent="0" />
    <remembered-set count="6816" freebytes="15734656" totalbytes="15761920" percent="99" regionsoverflowed="0" regionsstable="11" regionsrebuilding="0"/>
  </mem-info>
</gc-start>
<allocation-stats totalBytes="104656152" >
  <allocated-bytes non-tlh="32784" tlh="104623368" arrayletleaf="0"/>
  <largest-consumer threadName="Thread-45" threadId="0000000002298200" bytes="12952184" />
</allocation-stats>
<gc-op id="5629" type="copy forward" timems="9.161" contextid="5626" timestamp="2019-08-08T19:54:39.972">
  <memory-copied type="eden" objects="8832" bytes="3489368" bytesdiscarded="525936" />
  <memory-copied type="other" objects="9" bytes="392" bytesdiscarded="0" />
  <memory-cardclean objects="3086" bytes="143936" />
  <regions eden="50" other="4" />
  <remembered-set-cleared processed="593" cleared="268" durationms="0.347" />
  <references type="phantom" candidates="2" cleared="0" enqueued="0" />
  <stringconstants candidates="16389" cleared="0"  />
</gc-op>
<gc-op id="5630" type="classunload" timems="0.010" contextid="5626" timestamp="2019-08-08T19:54:39.972">
  <classunload-info classloadercandidates="69" classloadersunloaded="0" classesunloaded="0" anonymousclassesunloaded="0" quiescems="0.000" setupms="0.010" scanms="0.000" postms="0.000" />
</gc-op>
<heap-resize id="5631" type="expand" space="default" amount="4194304" count="1" timems="0.194" reason="excessive time being spent in gc" timestamp="2019-08-08T19:54:39.972" />
<gc-end id="5632" type="partial gc" contextid="5626" durationms="10.969" usertimems="11.230" systemtimems="15.074" timestamp="2019-08-08T19:54:39.972" activeThreads="16">
  <mem-info id="5633" free="239075328" total="398458880" percent="60">
    <mem type="eden" free="2275880" total="6291456" percent="36" />
    <remembered-set count="8256" freebytes="15896576" totalbytes="15929600" percent="99" regionsoverflowed="0" regionsstable="11" regionsrebuilding="0"/>
  </mem-info>
</gc-end>
<cycle-end id="5634" type="partial gc" contextid="5626" timestamp="2019-08-08T19:54:39.972" />
  <attribute name="elasticGC enabled" value="1" />
  <attribute name= "numThreadsSpecified" value="16" />
  <attribute name="heapSize specified" value="0" />
  <attribute name="Current GC Util" value="93" />
  <attribute name= "Current Time Running" value="120844" />
  <attribute name ="GC Interval" value="0" />
  <attribute name="Target GC Util Change" value ="80.000000" />
  <attribute name="Current GC Util Change" value="93.000000"/>
  <attribute name="Current Error" value="-2.000000" />
  <attribute name="Output H" value="394340256"/>
  <attribute name="Output I" value="2008"/>
  <attribute name="Output T" value="16"/>
  <attribute name= "Current Time Running" value="120844" />
  <attribute name="GC Util currently" value="93" />
  <attribute name="CPU Util currently" value="1115951053340" />
<exclusive-end id="5635" timestamp="2019-08-08T19:54:39.973" durationms="12.008" />

<exclusive-start id="5636" timestamp="2019-08-08T19:54:40.028" intervalms="67.681">
  <response-info timems="0.071" idlems="0.071" threads="0" lastid="00000000022C1500" lastname="Thread-39" />
</exclusive-start>
<allocation-taxation id="5637" taxation-threshold="106954752" timestamp="2019-08-08T19:54:40.028" intervalms="67.705" />
<cycle-start id="5638" type="partial gc" contextid="0" timestamp="2019-08-08T19:54:40.028" intervalms="67.716" />
<gc-start id="5639" type="partial gc" contextid="5638" timestamp="2019-08-08T19:54:40.029">
  <mem-info id="5640" free="132120576" total="398458880" percent="33">
    <mem type="eden" free="0" total="106954752" percent="0" />
    <remembered-set count="7872" freebytes="15898112" totalbytes="15929600" percent="99" regionsoverflowed="0" regionsstable="11" regionsrebuilding="0"/>
  </mem-info>
</gc-start>
<allocation-stats totalBytes="106787544" >
  <allocated-bytes non-tlh="139304" tlh="106648240" arrayletleaf="0"/>
  <largest-consumer threadName="Thread-46" threadId="000000000227DF00" bytes="12259840" />
</allocation-stats>
<gc-op id="5641" type="copy forward" timems="7.925" contextid="5638" timestamp="2019-08-08T19:54:40.041">
  <memory-copied type="eden" objects="9854" bytes="3833584" bytesdiscarded="692480" />
  <memory-copied type="other" objects="709" bytes="302048" bytesdiscarded="10776" />
  <memory-cardclean objects="2986" bytes="140936" />
  <regions eden="51" other="4" />
  <remembered-set-cleared processed="586" cleared="258" durationms="0.474" />
  <references type="weak" candidates="1" cleared="0" enqueued="0" />
  <references type="phantom" candidates="1" cleared="0" enqueued="0" />
  <stringconstants candidates="16389" cleared="0"  />
</gc-op>
<gc-op id="5642" type="classunload" timems="0.014" contextid="5638" timestamp="2019-08-08T19:54:40.041">
  <classunload-info classloadercandidates="69" classloadersunloaded="0" classesunloaded="0" anonymousclassesunloaded="0" quiescems="0.000" setupms="0.014" scanms="0.000" postms="0.000" />
</gc-op>
<heap-resize id="5643" type="expand" space="default" amount="10485760" count="1" timems="0.066" reason="excessive time being spent in gc" timestamp="2019-08-08T19:54:40.041" />
<gc-end id="5644" type="partial gc" contextid="5638" durationms="12.696" usertimems="19.601" systemtimems="8.799" timestamp="2019-08-08T19:54:40.041" activeThreads="16">
  <mem-info id="5645" free="245366784" total="408944640" percent="60">
    <mem type="eden" free="3862304" total="8388608" percent="46" />
    <remembered-set count="8768" freebytes="16313728" totalbytes="16348800" percent="99" regionsoverflowed="0" regionsstable="11" regionsrebuilding="0"/>
  </mem-info>
</gc-end>
<cycle-end id="5646" type="partial gc" contextid="5638" timestamp="2019-08-08T19:54:40.042" />
  <attribute name="elasticGC enabled" value="1" />
  <attribute name= "numThreadsSpecified" value="16" />
  <attribute name="heapSize specified" value="0" />
  <attribute name="Current GC Util" value="57" />
  <attribute name= "Current Time Running" value="120915" />
  <attribute name ="GC Interval" value="0" />
  <attribute name="Target GC Util Change" value ="80.000000" />
  <attribute name="Current GC Util Change" value="57.000000"/>
  <attribute name="Current Error" value="23.000000" />
  <attribute name="Output H" value="398534592"/>
  <attribute name="Output I" value="2056"/>
  <attribute name="Output T" value="16"/>
  <attribute name= "Current Time Running" value="120915" />
  <attribute name="GC Util currently" value="57" />
  <attribute name="CPU Util currently" value="311660940493" />
<exclusive-end id="5647" timestamp="2019-08-08T19:54:40.042" durationms="13.453" />

<exclusive-start id="5648" timestamp="2019-08-08T19:54:40.110" intervalms="81.593">
  <response-info timems="0.448" idlems="0.240" threads="1" lastid="0000000002272B00" lastname="Thread-44" />
</exclusive-start>
<allocation-taxation id="5649" taxation-threshold="109051904" timestamp="2019-08-08T19:54:40.110" intervalms="81.593" />
<cycle-start id="5650" type="partial gc" contextid="0" timestamp="2019-08-08T19:54:40.110" intervalms="81.578" />
<gc-start id="5651" type="partial gc" contextid="5650" timestamp="2019-08-08T19:54:40.110">
  <mem-info id="5652" free="136314880" total="408944640" percent="33">
    <mem type="eden" free="0" total="109051904" percent="0" />
    <remembered-set count="8384" freebytes="16315264" totalbytes="16348800" percent="99" regionsoverflowed="0" regionsstable="11" regionsrebuilding="0"/>
  </mem-info>
</gc-start>
<allocation-stats totalBytes="108927968" >
  <allocated-bytes non-tlh="163896" tlh="108764072" arrayletleaf="0"/>
  <largest-consumer threadName="Thread-45" threadId="0000000002298200" bytes="17114848" />
</allocation-stats>
<gc-op id="5653" type="copy forward" timems="15.353" contextid="5650" timestamp="2019-08-08T19:54:40.127">
  <memory-copied type="eden" objects="10531" bytes="4016696" bytesdiscarded="739536" />
  <memory-copied type="other" objects="30" bytes="1216" bytesdiscarded="0" />
  <memory-cardclean objects="3079" bytes="143672" />
  <regions eden="52" other="6" />
  <remembered-set-cleared processed="584" cleared="258" durationms="0.140" />
  <references type="phantom" candidates="1" cleared="0" enqueued="0" />
  <stringconstants candidates="16389" cleared="0"  />
</gc-op>
<gc-op id="5654" type="classunload" timems="0.010" contextid="5650" timestamp="2019-08-08T19:54:40.127">
  <classunload-info classloadercandidates="69" classloadersunloaded="0" classesunloaded="0" anonymousclassesunloaded="0" quiescems="0.000" setupms="0.010" scanms="0.000" postms="0.000" />
</gc-op>
<heap-resize id="5655" type="expand" space="default" amount="6291456" count="1" timems="0.086" reason="excessive time being spent in gc" timestamp="2019-08-08T19:54:40.127" />
<gc-end id="5656" type="partial gc" contextid="5650" durationms="16.751" usertimems="13.874" systemtimems="21.228" timestamp="2019-08-08T19:54:40.127" activeThreads="16">
  <mem-info id="5657" free="249561088" total="415236096" percent="60">
    <mem type="eden" free="3632112" total="8388608" percent="43" />
    <remembered-set count="7744" freebytes="16569344" totalbytes="16600320" percent="99" regionsoverflowed="0" regionsstable="11" regionsrebuilding="0"/>
  </mem-info>
</gc-end>
<cycle-end id="5658" type="partial gc" contextid="5650" timestamp="2019-08-08T19:54:40.127" />
  <attribute name="elasticGC enabled" value="1" />
  <attribute name= "numThreadsSpecified" value="16" />
  <attribute name="heapSize specified" value="0" />
  <attribute name="Current GC Util" value="199" />
  <attribute name= "Current Time Running" value="120993" />
  <attribute name ="GC Interval" value="0" />
  <attribute name="Target GC Util Change" value ="80.000000" />
  <attribute name="Current GC Util Change" value="199.000000"/>
  <attribute name="Current Error" value="-50.000000" />
  <attribute name="Output H" value="409020264"/>
  <attribute name="Output I" value="1920"/>
  <attribute name="Output T" value="16"/>
  <attribute name= "Current Time Running" value="120993" />
  <attribute name="GC Util currently" value="199" />
  <attribute name="CPU Util currently" value="1653114024516" />
<exclusive-end id="5659" timestamp="2019-08-08T19:54:40.127" durationms="17.512" />

<exclusive-start id="5660" timestamp="2019-08-08T19:54:40.188" intervalms="78.540">
  <response-info timems="0.219" idlems="0.113" threads="1" lastid="0000000002290A00" lastname="Thread-47" />
</exclusive-start>
<allocation-taxation id="5661" taxation-threshold="111149056" timestamp="2019-08-08T19:54:40.188" intervalms="78.531" />
<cycle-start id="5662" type="partial gc" contextid="0" timestamp="2019-08-08T19:54:40.189" intervalms="78.550" />
<gc-start id="5663" type="partial gc" contextid="5662" timestamp="2019-08-08T19:54:40.190">
  <mem-info id="5664" free="138412032" total="415236096" percent="33">
    <mem type="eden" free="0" total="111149056" percent="0" />
    <remembered-set count="7360" freebytes="16570880" totalbytes="16600320" percent="99" regionsoverflowed="0" regionsstable="11" regionsrebuilding="0"/>
  </mem-info>
</gc-start>
<allocation-stats totalBytes="111004456" >
  <allocated-bytes non-tlh="49168" tlh="110955288" arrayletleaf="0"/>
  <largest-consumer threadName="Thread-48" threadId="0000000002281B00" bytes="13428120" />
</allocation-stats>
<gc-op id="5665" type="copy forward" timems="6.979" contextid="5662" timestamp="2019-08-08T19:54:40.199">
  <memory-copied type="eden" objects="9899" bytes="3997984" bytesdiscarded="683840" />
  <memory-copied type="other" objects="20" bytes="992" bytesdiscarded="0" />
  <memory-cardclean objects="3109" bytes="144816" />
  <regions eden="53" other="5" />
  <remembered-set-cleared processed="601" cleared="276" durationms="0.204" />
  <references type="phantom" candidates="4" cleared="0" enqueued="0" />
  <stringconstants candidates="16389" cleared="0"  />
</gc-op>
<gc-op id="5666" type="classunload" timems="0.011" contextid="5662" timestamp="2019-08-08T19:54:40.199">
  <classunload-info classloadercandidates="69" classloadersunloaded="0" classesunloaded="0" anonymousclassesunloaded="0" quiescems="0.000" setupms="0.011" scanms="0.000" postms="0.000" />
</gc-op>
<gc-end id="5667" type="partial gc" contextid="5662" durationms="9.346" usertimems="10.538" systemtimems="9.550" timestamp="2019-08-08T19:54:40.199" activeThreads="16">
  <mem-info id="5668" free="251658240" total="415236096" percent="60">
    <mem type="eden" free="1609344" total="6291456" percent="25" />
    <remembered-set count="6720" freebytes="16573440" totalbytes="16600320" percent="99" regionsoverflowed="0" regionsstable="11" regionsrebuilding="0"/>
  </mem-info>
</gc-end>
<cycle-end id="5669" type="partial gc" contextid="5662" timestamp="2019-08-08T19:54:40.199" />
  <attribute name="elasticGC enabled" value="1" />
  <attribute name= "numThreadsSpecified" value="16" />
  <attribute name="heapSize specified" value="0" />
  <attribute name="Current GC Util" value="82" />
  <attribute name= "Current Time Running" value="121073" />
  <attribute name ="GC Interval" value="0" />
  <attribute name="Target GC Util Change" value ="80.000000" />
  <attribute name="Current GC Util Change" value="82.000000"/>
  <attribute name="Current Error" value="-10.000000" />
  <attribute name="Output H" value="415311768"/>
  <attribute name="Output I" value="1992"/>
  <attribute name="Output T" value="16"/>
  <attribute name= "Current Time Running" value="121073" />
  <attribute name="GC Util currently" value="82" />
  <attribute name="CPU Util currently" value="1498039805666" />
<exclusive-end id="5670" timestamp="2019-08-08T19:54:40.199" durationms="11.092" />

<exclusive-start id="5671" timestamp="2019-08-08T19:54:40.274" intervalms="86.113">
  <response-info timems="0.232" idlems="0.232" threads="0" lastid="000000000226EF00" lastname="Thread-52" />
</exclusive-start>
<allocation-taxation id="5672" taxation-threshold="111149056" timestamp="2019-08-08T19:54:40.275" intervalms="86.093" />
<cycle-start id="5673" type="partial gc" contextid="0" timestamp="2019-08-08T19:54:40.275" intervalms="86.173" />
<gc-start id="5674" type="partial gc" contextid="5673" timestamp="2019-08-08T19:54:40.276">
  <mem-info id="5675" free="140509184" total="415236096" percent="33">
    <mem type="eden" free="0" total="111149056" percent="0" />
    <remembered-set count="6368" freebytes="16574848" totalbytes="16600320" percent="99" regionsoverflowed="0" regionsstable="11" regionsrebuilding="0"/>
  </mem-info>
</gc-start>
<allocation-stats totalBytes="110997456" >
  <allocated-bytes non-tlh="49168" tlh="110948288" arrayletleaf="0"/>
  <largest-consumer threadName="Thread-44" threadId="0000000002272B00" bytes="12569576" />
</allocation-stats>
<gc-op id="5676" type="copy forward" timems="7.562" contextid="5673" timestamp="2019-08-08T19:54:40.285">
  <memory-copied type="eden" objects="7843" bytes="3279224" bytesdiscarded="587904" />
  <memory-copied type="other" objects="32" bytes="1424" bytesdiscarded="0" />
  <memory-cardclean objects="3092" bytes="143560" />
  <regions eden="53" other="4" />
  <remembered-set-cleared processed="587" cleared="261" durationms="0.583" />
  <references type="phantom" candidates="5" cleared="0" enqueued="0" />
  <stringconstants candidates="16389" cleared="0"  />
</gc-op>
<gc-op id="5677" type="classunload" timems="0.011" contextid="5673" timestamp="2019-08-08T19:54:40.285">
  <classunload-info classloadercandidates="69" classloadersunloaded="0" classesunloaded="0" anonymousclassesunloaded="0" quiescems="0.000" setupms="0.011" scanms="0.000" postms="0.000" />
</gc-op>
<gc-end id="5678" type="partial gc" contextid="5673" durationms="8.894" usertimems="14.114" systemtimems="6.049" timestamp="2019-08-08T19:54:40.285" activeThreads="16">
  <mem-info id="5679" free="251658240" total="415236096" percent="60">
    <mem type="eden" free="326888" total="4194304" percent="7" />
    <remembered-set count="7744" freebytes="16569344" totalbytes="16600320" percent="99" regionsoverflowed="0" regionsstable="11" regionsrebuilding="0"/>
  </mem-info>
</gc-end>
<cycle-end id="5680" type="partial gc" contextid="5673" timestamp="2019-08-08T19:54:40.285" />
  <attribute name="elasticGC enabled" value="1" />
  <attribute name= "numThreadsSpecified" value="16" />
  <attribute name="heapSize specified" value="0" />
  <attribute name="Current GC Util" value="126" />
  <attribute name= "Current Time Running" value="121159" />
  <attribute name ="GC Interval" value="0" />
  <attribute name="Target GC Util Change" value ="80.000000" />
  <attribute name="Current GC Util Change" value="126.000000"/>
  <attribute name="Current Error" value="-46.000000" />
  <attribute name="Output H" value="415311728"/>
  <attribute name="Output I" value="1928"/>
  <attribute name="Output T" value="16"/>
  <attribute name= "Current Time Running" value="121159" />
  <attribute name="GC Util currently" value="126" />
  <attribute name="CPU Util currently" value="1773455112489" />
<exclusive-end id="5681" timestamp="2019-08-08T19:54:40.285" durationms="10.793" />

<exclusive-start id="5682" timestamp="2019-08-08T19:54:40.338" intervalms="63.751">
  <response-info timems="0.523" idlems="0.523" threads="0" lastid="00000000022B2500" lastname="Thread-40" />
</exclusive-start>
<allocation-taxation id="5683" taxation-threshold="111149056" timestamp="2019-08-08T19:54:40.338" intervalms="63.764" />
<cycle-start id="5684" type="partial gc" contextid="0" timestamp="2019-08-08T19:54:40.338" intervalms="63.715" />
<gc-start id="5685" type="partial gc" contextid="5684" timestamp="2019-08-08T19:54:40.339">
  <mem-info id="5686" free="140509184" total="415236096" percent="33">
    <mem type="eden" free="0" total="111149056" percent="0" />
    <remembered-set count="7296" freebytes="16571136" totalbytes="16600320" percent="99" regionsoverflowed="0" regionsstable="11" regionsrebuilding="0"/>
  </mem-info>
</gc-start>
<allocation-stats totalBytes="110873592" >
  <allocated-bytes non-tlh="32776" tlh="110840816" arrayletleaf="0"/>
  <largest-consumer threadName="Thread-52" threadId="000000000226EF00" bytes="10445336" />
</allocation-stats>
<gc-op id="5687" type="copy forward" timems="9.541" contextid="5684" timestamp="2019-08-08T19:54:40.349">
  <memory-copied type="eden" objects="9959" bytes="3906416" bytesdiscarded="690704" />
  <memory-copied type="other" objects="31" bytes="1304" bytesdiscarded="0" />
  <memory-cardclean objects="3115" bytes="144680" />
  <regions eden="53" other="3" />
  <remembered-set-cleared processed="564" cleared="238" durationms="0.165" />
  <references type="weak" candidates="1" cleared="0" enqueued="0" />
  <references type="phantom" candidates="2" cleared="0" enqueued="0" />
  <stringconstants candidates="16389" cleared="0"  />
</gc-op>
<gc-op id="5688" type="classunload" timems="0.015" contextid="5684" timestamp="2019-08-08T19:54:40.349">
  <classunload-info classloadercandidates="69" classloadersunloaded="0" classesunloaded="0" anonymousclassesunloaded="0" quiescems="0.000" setupms="0.014" scanms="0.000" postms="0.000" />
</gc-op>
<heap-resize id="5689" type="expand" space="default" amount="10485760" count="1" timems="0.086" reason="excessive time being spent in gc" timestamp="2019-08-08T19:54:40.350" />
<gc-end id="5690" type="partial gc" contextid="5684" durationms="10.818" usertimems="16.104" systemtimems="11.809" timestamp="2019-08-08T19:54:40.350" activeThreads="16">
  <mem-info id="5691" free="255852544" total="425721856" percent="60">
    <mem type="eden" free="3791224" total="8388608" percent="45" />
    <remembered-set count="8800" freebytes="16984320" totalbytes="17019520" percent="99" regionsoverflowed="0" regionsstable="11" regionsrebuilding="0"/>
  </mem-info>
</gc-end>
<cycle-end id="5692" type="partial gc" contextid="5684" timestamp="2019-08-08T19:54:40.350" />
  <attribute name="elasticGC enabled" value="1" />
  <attribute name= "numThreadsSpecified" value="16" />
  <attribute name="heapSize specified" value="0" />
  <attribute name="Current GC Util" value="145" />
  <attribute name= "Current Time Running" value="121221" />
  <attribute name ="GC Interval" value="0" />
  <attribute name="Target GC Util Change" value ="80.000000" />
  <attribute name="Current GC Util Change" value="145.000000"/>
  <attribute name="Current Error" value="-62.000000" />
  <attribute name="Output H" value="415311712"/>
  <attribute name="Output I" value="1904"/>
  <attribute name="Output T" value="16"/>
  <attribute name= "Current Time Running" value="121221" />
  <attribute name="GC Util currently" value="145" />
  <attribute name="CPU Util currently" value="2414444503747" />
<exclusive-end id="5693" timestamp="2019-08-08T19:54:40.350" durationms="11.974" />

<exclusive-start id="5694" timestamp="2019-08-08T19:54:40.442" intervalms="103.348">
  <response-info timems="2.262" idlems="2.262" threads="0" lastid="0000000002276700" lastname="Thread-50" />
</exclusive-start>
<allocation-taxation id="5695" taxation-threshold="113246208" timestamp="2019-08-08T19:54:40.442" intervalms="103.558" />
<cycle-start id="5696" type="partial gc" contextid="0" timestamp="2019-08-08T19:54:40.444" intervalms="105.139" />
<gc-start id="5697" type="partial gc" contextid="5696" timestamp="2019-08-08T19:54:40.444">
  <mem-info id="5698" free="142606336" total="425721856" percent="33">
    <mem type="eden" free="0" total="113246208" percent="0" />
    <remembered-set count="8384" freebytes="16985984" totalbytes="17019520" percent="99" regionsoverflowed="0" regionsstable="11" regionsrebuilding="0"/>
  </mem-info>
</gc-start>
<allocation-stats totalBytes="113168232" >
  <allocated-bytes non-tlh="49168" tlh="113119064" arrayletleaf="0"/>
  <largest-consumer threadName="Thread-52" threadId="000000000226EF00" bytes="12644160" />
</allocation-stats>
<gc-op id="5699" type="copy forward" timems="6.361" contextid="5696" timestamp="2019-08-08T19:54:40.452">
  <memory-copied type="eden" objects="10069" bytes="3902032" bytesdiscarded="877920" />
  <memory-copied type="other" objects="29" bytes="1192" bytesdiscarded="0" />
  <memory-cardclean objects="3097" bytes="144160" />
  <regions eden="54" other="5" />
  <remembered-set-cleared processed="594" cleared="267" durationms="0.153" />
  <stringconstants candidates="16389" cleared="0"  />
</gc-op>
<gc-op id="5700" type="classunload" timems="0.026" contextid="5696" timestamp="2019-08-08T19:54:40.452">
  <classunload-info classloadercandidates="69" classloadersunloaded="0" classesunloaded="0" anonymousclassesunloaded="0" quiescems="0.000" setupms="0.025" scanms="0.000" postms="0.000" />
</gc-op>
<heap-resize id="5701" type="expand" space="default" amount="4194304" count="1" timems="0.057" reason="excessive time being spent in gc" timestamp="2019-08-08T19:54:40.452" />
<gc-end id="5702" type="partial gc" contextid="5696" durationms="8.248" usertimems="12.589" systemtimems="6.210" timestamp="2019-08-08T19:54:40.452" activeThreads="16">
  <mem-info id="5703" free="257949696" total="429916160" percent="60">
    <mem type="eden" free="3608400" total="8388608" percent="43" />
    <remembered-set count="9792" freebytes="17148032" totalbytes="17187200" percent="99" regionsoverflowed="0" regionsstable="11" regionsrebuilding="0"/>
  </mem-info>
</gc-end>
<cycle-end id="5704" type="partial gc" contextid="5696" timestamp="2019-08-08T19:54:40.452" />
  <attribute name="elasticGC enabled" value="1" />
  <attribute name= "numThreadsSpecified" value="16" />
  <attribute name="heapSize specified" value="0" />
  <attribute name="Current GC Util" value="56" />
  <attribute name= "Current Time Running" value="121327" />
  <attribute name ="GC Interval" value="0" />
  <attribute name="Target GC Util Change" value ="80.000000" />
  <attribute name="Current GC Util Change" value="56.000000"/>
  <attribute name="Current Error" value="16.000000" />
  <attribute name="Output H" value="425797560"/>
  <attribute name="Output I" value="2040"/>
  <attribute name="Output T" value="16"/>
  <attribute name= "Current Time Running" value="121327" />
  <attribute name="GC Util currently" value="56" />
  <attribute name="CPU Util currently" value="1053103024617" />
<exclusive-end id="5705" timestamp="2019-08-08T19:54:40.452" durationms="10.716" />

<exclusive-start id="5706" timestamp="2019-08-08T19:54:40.505" intervalms="63.871">
  <response-info timems="0.327" idlems="0.113" threads="2" lastid="0000000002285600" lastname="Thread-38" />
</exclusive-start>
<allocation-taxation id="5707" taxation-threshold="113246208" timestamp="2019-08-08T19:54:40.506" intervalms="63.658" />
<cycle-start id="5708" type="partial gc" contextid="0" timestamp="2019-08-08T19:54:40.506" intervalms="62.046" />
<gc-start id="5709" type="partial gc" contextid="5708" timestamp="2019-08-08T19:54:40.506">
  <mem-info id="5710" free="144703488" total="429916160" percent="33">
    <mem type="eden" free="0" total="113246208" percent="0" />
    <remembered-set count="9568" freebytes="17148928" totalbytes="17187200" percent="99" regionsoverflowed="0" regionsstable="11" regionsrebuilding="0"/>
  </mem-info>
</gc-start>
<allocation-stats totalBytes="113122744" >
  <allocated-bytes non-tlh="49168" tlh="113073576" arrayletleaf="0"/>
  <largest-consumer threadName="Thread-50" threadId="0000000002276700" bytes="13387336" />
</allocation-stats>
<gc-op id="5711" type="copy forward" timems="9.446" contextid="5708" timestamp="2019-08-08T19:54:40.518">
  <memory-copied type="eden" objects="10058" bytes="4004944" bytesdiscarded="913728" />
  <memory-copied type="other" objects="28" bytes="928" bytesdiscarded="0" />
  <memory-cardclean objects="3108" bytes="144912" />
  <regions eden="54" other="5" />
  <remembered-set-cleared processed="599" cleared="275" durationms="0.565" />
  <references type="phantom" candidates="3" cleared="0" enqueued="0" />
  <stringconstants candidates="16389" cleared="0"  />
</gc-op>
<gc-op id="5712" type="classunload" timems="0.025" contextid="5708" timestamp="2019-08-08T19:54:40.518">
  <classunload-info classloadercandidates="69" classloadersunloaded="0" classesunloaded="0" anonymousclassesunloaded="0" quiescems="0.000" setupms="0.025" scanms="0.000" postms="0.000" />
</gc-op>
<heap-resize id="5713" type="expand" space="default" amount="6291456" count="1" timems="0.064" reason="excessive time being spent in gc" timestamp="2019-08-08T19:54:40.518" />
<gc-end id="5714" type="partial gc" contextid="5708" durationms="12.144" usertimems="15.855" systemtimems="11.668" timestamp="2019-08-08T19:54:40.518" activeThreads="16">
  <mem-info id="5715" free="262144000" total="436207616" percent="60">
    <mem type="eden" free="3469656" total="8388608" percent="41" />
    <remembered-set count="9280" freebytes="17401600" totalbytes="17438720" percent="99" regionsoverflowed="0" regionsstable="11" regionsrebuilding="0"/>
  </mem-info>
</gc-end>
<cycle-end id="5716" type="partial gc" contextid="5708" timestamp="2019-08-08T19:54:40.518" />
  <attribute name="elasticGC enabled" value="1" />
  <attribute name= "numThreadsSpecified" value="16" />
  <attribute name="heapSize specified" value="0" />
  <attribute name="Current GC Util" value="131" />
  <attribute name= "Current Time Running" value="121390" />
  <attribute name ="GC Interval" value="0" />
  <attribute name="Target GC Util Change" value ="80.000000" />
  <attribute name="Current GC Util Change" value="131.000000"/>
  <attribute name="Current Error" value="-51.000000" />
  <attribute name="Output H" value="429991784"/>
  <attribute name="Output I" value="1920"/>
  <attribute name="Output T" value="16"/>
  <attribute name= "Current Time Running" value="121390" />
  <attribute name="GC Util currently" value="131" />
  <attribute name="CPU Util currently" value="620997053523" />
<exclusive-end id="5717" timestamp="2019-08-08T19:54:40.518" durationms="12.956" />

<exclusive-start id="5718" timestamp="2019-08-08T19:54:40.574" intervalms="68.552">
  <response-info timems="0.324" idlems="0.324" threads="0" lastid="0000000002272B00" lastname="Thread-44" />
</exclusive-start>
<allocation-taxation id="5719" taxation-threshold="115343360" timestamp="2019-08-08T19:54:40.574" intervalms="68.556" />
<cycle-start id="5720" type="partial gc" contextid="0" timestamp="2019-08-08T19:54:40.574" intervalms="68.569" />
<gc-start id="5721" type="partial gc" contextid="5720" timestamp="2019-08-08T19:54:40.575">
  <mem-info id="5722" free="146800640" total="436207616" percent="33">
    <mem type="eden" free="0" total="115343360" percent="0" />
    <remembered-set count="8864" freebytes="17403264" totalbytes="17438720" percent="99" regionsoverflowed="0" regionsstable="11" regionsrebuilding="0"/>
  </mem-info>
</gc-start>
<allocation-stats totalBytes="115162320" >
  <allocated-bytes non-tlh="24592" tlh="115137728" arrayletleaf="0"/>
  <largest-consumer threadName="Thread-42" threadId="0000000002289200" bytes="13436760" />
</allocation-stats>
<gc-op id="5723" type="copy forward" timems="11.287" contextid="5720" timestamp="2019-08-08T19:54:40.587">
  <memory-copied type="eden" objects="8706" bytes="3575992" bytesdiscarded="831176" />
  <memory-copied type="other" objects="32" bytes="1152" bytesdiscarded="0" />
  <memory-cardclean objects="3109" bytes="145232" />
  <regions eden="55" other="5" />
  <remembered-set-cleared processed="604" cleared="280" durationms="0.189" />
  <references type="phantom" candidates="5" cleared="0" enqueued="0" />
  <stringconstants candidates="16389" cleared="0"  />
</gc-op>
<gc-op id="5724" type="classunload" timems="0.012" contextid="5720" timestamp="2019-08-08T19:54:40.587">
  <classunload-info classloadercandidates="69" classloadersunloaded="0" classesunloaded="0" anonymousclassesunloaded="0" quiescems="0.000" setupms="0.011" scanms="0.000" postms="0.000" />
</gc-op>
<gc-end id="5725" type="partial gc" contextid="5720" durationms="12.821" usertimems="8.216" systemtimems="21.048" timestamp="2019-08-08T19:54:40.587" activeThreads="16">
  <mem-info id="5726" free="262144000" total="436207616" percent="60">
    <mem type="eden" free="1884000" total="6291456" percent="29" />
    <remembered-set count="8768" freebytes="17403648" totalbytes="17438720" percent="99" regionsoverflowed="0" regionsstable="11" regionsrebuilding="0"/>
  </mem-info>
</gc-end>
<cycle-end id="5727" type="partial gc" contextid="5720" timestamp="2019-08-08T19:54:40.587" />
  <attribute name="elasticGC enabled" value="1" />
  <attribute name= "numThreadsSpecified" value="16" />
  <attribute name="heapSize specified" value="0" />
  <attribute name="Current GC Util" value="115" />
  <attribute name= "Current Time Running" value="121457" />
  <attribute name ="GC Interval" value="0" />
  <attribute name="Target GC Util Change" value ="80.000000" />
  <attribute name="Current GC Util Change" value="115.000000"/>
  <attribute name="Current Error" value="-44.000000" />
  <attribute name="Output H" value="436283248"/>
  <attribute name="Output I" value="1936"/>
  <attribute name="Output T" value="16"/>
  <attribute name= "Current Time Running" value="121457" />
  <attribute name="GC Util currently" value="115" />
  <attribute name="CPU Util currently" value="1770668775605" />
<exclusive-end id="5728" timestamp="2019-08-08T19:54:40.588" durationms="13.580" />

<exclusive-start id="5729" timestamp="2019-08-08T19:54:40.696" intervalms="121.913">
  <response-info timems="2.483" idlems="1.355" threads="1" lastid="0000000002294600" lastname="Thread-49" />
</exclusive-start>
<allocation-taxation id="5730" taxation-threshold="115343360" timestamp="2019-08-08T19:54:40.696" intervalms="121.951" />
<cycle-start id="5731" type="partial gc" contextid="0" timestamp="2019-08-08T19:54:40.696" intervalms="121.998" />
<gc-start id="5732" type="partial gc" contextid="5731" timestamp="2019-08-08T19:54:40.696">
  <mem-info id="5733" free="146800640" total="436207616" percent="33">
    <mem type="eden" free="0" total="115343360" percent="0" />
    <remembered-set count="8512" freebytes="17404672" totalbytes="17438720" percent="99" regionsoverflowed="0" regionsstable="11" regionsrebuilding="0"/>
  </mem-info>
</gc-start>
<allocation-stats totalBytes="115196800" >
  <allocated-bytes non-tlh="122928" tlh="115073872" arrayletleaf="0"/>
  <largest-consumer threadName="Thread-37" threadId="00000000022AE900" bytes="11594368" />
</allocation-stats>
<gc-op id="5734" type="copy forward" timems="10.086" contextid="5731" timestamp="2019-08-08T19:54:40.708">
  <memory-copied type="eden" objects="10030" bytes="3950008" bytesdiscarded="791064" />
  <memory-copied type="other" objects="21" bytes="824" bytesdiscarded="0" />
  <memory-cardclean objects="3105" bytes="144656" />
  <regions eden="55" other="4" />
  <remembered-set-cleared processed="595" cleared="269" durationms="0.158" />
  <references type="phantom" candidates="3" cleared="0" enqueued="0" />
  <stringconstants candidates="16389" cleared="0"  />
</gc-op>
<gc-op id="5735" type="classunload" timems="0.014" contextid="5731" timestamp="2019-08-08T19:54:40.708">
  <classunload-info classloadercandidates="69" classloadersunloaded="0" classesunloaded="0" anonymousclassesunloaded="0" quiescems="0.000" setupms="0.014" scanms="0.000" postms="0.000" />
</gc-op>
<heap-resize id="5736" type="expand" space="default" amount="10485760" count="1" timems="0.075" reason="excessive time being spent in gc" timestamp="2019-08-08T19:54:40.708" />
<gc-end id="5737" type="partial gc" contextid="5731" durationms="11.860" usertimems="20.959" systemtimems="16.591" timestamp="2019-08-08T19:54:40.708" activeThreads="16">
  <mem-info id="5738" free="268435456" total="446693376" percent="60">
    <mem type="eden" free="3647256" total="8388608" percent="43" />
    <remembered-set count="8256" freebytes="17824896" totalbytes="17857920" percent="99" regionsoverflowed="0" regionsstable="11" regionsrebuilding="0"/>
  </mem-info>
</gc-end>
<cycle-end id="5739" type="partial gc" contextid="5731" timestamp="2019-08-08T19:54:40.708" />
  <attribute name="elasticGC enabled" value="1" />
  <attribute name= "numThreadsSpecified" value="16" />
  <attribute name="heapSize specified" value="0" />
  <attribute name="Current GC Util" value="97" />
  <attribute name= "Current Time Running" value="121579" />
  <attribute name ="GC Interval" value="0" />
  <attribute name="Target GC Util Change" value ="80.000000" />
  <attribute name="Current GC Util Change" value="97.000000"/>
  <attribute name="Current Error" value="-4.000000" />
  <attribute name="Output H" value="436283296"/>
  <attribute name="Output I" value="2008"/>
  <attribute name="Output T" value="16"/>
  <attribute name= "Current Time Running" value="121579" />
  <attribute name="GC Util currently" value="97" />
  <attribute name="CPU Util currently" value="1529883047294" />
<exclusive-end id="5740" timestamp="2019-08-08T19:54:40.708" durationms="12.558" />

<exclusive-start id="5741" timestamp="2019-08-08T19:54:40.780" intervalms="84.188">
  <response-info timems="2.080" idlems="1.053" threads="1" lastid="0000000002285600" lastname="Thread-38" />
</exclusive-start>
<allocation-taxation id="5742" taxation-threshold="117440512" timestamp="2019-08-08T19:54:40.780" intervalms="84.149" />
<cycle-start id="5743" type="partial gc" contextid="0" timestamp="2019-08-08T19:54:40.780" intervalms="84.116" />
<gc-start id="5744" type="partial gc" contextid="5743" timestamp="2019-08-08T19:54:40.781">
  <mem-info id="5745" free="150994944" total="446693376" percent="33">
    <mem type="eden" free="0" total="117440512" percent="0" />
    <remembered-set count="8000" freebytes="17825920" totalbytes="17857920" percent="99" regionsoverflowed="0" regionsstable="11" regionsrebuilding="0"/>
  </mem-info>
</gc-start>
<allocation-stats totalBytes="117230496" >
  <allocated-bytes non-tlh="16392" tlh="117214104" arrayletleaf="0"/>
  <largest-consumer threadName="Thread-44" threadId="0000000002272B00" bytes="11174032" />
</allocation-stats>
<gc-op id="5746" type="copy forward" timems="12.882" contextid="5743" timestamp="2019-08-08T19:54:40.795">
  <memory-copied type="eden" objects="10112" bytes="4029144" bytesdiscarded="757856" />
  <memory-copied type="other" objects="29" bytes="1112" bytesdiscarded="0" />
  <memory-cardclean objects="3096" bytes="144096" />
  <regions eden="56" other="5" />
  <remembered-set-cleared processed="595" cleared="268" durationms="0.223" />
  <references type="phantom" candidates="4" cleared="0" enqueued="0" />
  <stringconstants candidates="16389" cleared="0"  />
</gc-op>
<gc-op id="5747" type="classunload" timems="0.013" contextid="5743" timestamp="2019-08-08T19:54:40.795">
  <classunload-info classloadercandidates="69" classloadersunloaded="0" classesunloaded="0" anonymousclassesunloaded="0" quiescems="0.000" setupms="0.012" scanms="0.000" postms="0.000" />
</gc-op>
<gc-end id="5748" type="partial gc" contextid="5743" durationms="14.428" usertimems="20.318" systemtimems="11.927" timestamp="2019-08-08T19:54:40.795" activeThreads="16">
  <mem-info id="5749" free="268435456" total="446693376" percent="60">
    <mem type="eden" free="1504168" total="6291456" percent="23" />
    <remembered-set count="7232" freebytes="17828992" totalbytes="17857920" percent="99" regionsoverflowed="0" regionsstable="11" regionsrebuilding="0"/>
  </mem-info>
</gc-end>
<cycle-end id="5750" type="partial gc" contextid="5743" timestamp="2019-08-08T19:54:40.795" />
  <attribute name="elasticGC enabled" value="1" />
  <attribute name= "numThreadsSpecified" value="16" />
  <attribute name="heapSize specified" value="0" />
  <attribute name="Current GC Util" value="120" />
  <attribute name= "Current Time Running" value="121663" />
  <attribute name ="GC Interval" value="0" />
  <attribute name="Target GC Util Change" value ="80.000000" />
  <attribute name="Current GC Util Change" value="120.000000"/>
  <attribute name="Current Error" value="-40.000000" />
  <attribute name="Output H" value="446769016"/>
  <attribute name="Output I" value="1944"/>
  <attribute name="Output T" value="16"/>
  <attribute name= "Current Time Running" value="121663" />
  <attribute name="GC Util currently" value="120" />
  <attribute name="CPU Util currently" value="1669127425736" />
<exclusive-end id="5751" timestamp="2019-08-08T19:54:40.795" durationms="15.244" />

<exclusive-start id="5752" timestamp="2019-08-08T19:54:40.933" intervalms="152.387">
  <response-info timems="1.835" idlems="1.835" threads="0" lastid="0000000002276700" lastname="Thread-50" />
</exclusive-start>
<allocation-taxation id="5753" taxation-threshold="117440512" timestamp="2019-08-08T19:54:40.933" intervalms="152.383" />
<cycle-start id="5754" type="partial gc" contextid="0" timestamp="2019-08-08T19:54:40.933" intervalms="152.382" />
<gc-start id="5755" type="partial gc" contextid="5754" timestamp="2019-08-08T19:54:40.933">
  <mem-info id="5756" free="150994944" total="446693376" percent="33">
    <mem type="eden" free="0" total="117440512" percent="0" />
    <remembered-set count="6784" freebytes="17830784" totalbytes="17857920" percent="99" regionsoverflowed="0" regionsstable="11" regionsrebuilding="0"/>
  </mem-info>
</gc-start>
<allocation-stats totalBytes="117211136" >
  <allocated-bytes non-tlh="65552" tlh="117145584" arrayletleaf="0"/>
  <largest-consumer threadName="Thread-43" threadId="00000000022BD900" bytes="13586096" />
</allocation-stats>
<gc-op id="5757" type="copy forward" timems="7.915" contextid="5754" timestamp="2019-08-08T19:54:40.942">
  <memory-copied type="eden" objects="8996" bytes="3544256" bytesdiscarded="632064" />
  <memory-copied type="other" objects="16" bytes="576" bytesdiscarded="0" />
  <memory-cardclean objects="3106" bytes="144248" />
  <regions eden="56" other="4" />
  <remembered-set-cleared processed="600" cleared="272" durationms="0.284" />
  <references type="phantom" candidates="2" cleared="0" enqueued="0" />
  <stringconstants candidates="16389" cleared="0"  />
</gc-op>
<gc-op id="5758" type="classunload" timems="0.012" contextid="5754" timestamp="2019-08-08T19:54:40.942">
  <classunload-info classloadercandidates="69" classloadersunloaded="0" classesunloaded="0" anonymousclassesunloaded="0" quiescems="0.000" setupms="0.012" scanms="0.000" postms="0.000" />
</gc-op>
<gc-end id="5759" type="partial gc" contextid="5754" durationms="9.245" usertimems="14.402" systemtimems="7.574" timestamp="2019-08-08T19:54:40.942" activeThreads="16">
  <mem-info id="5760" free="266338304" total="446693376" percent="59">
    <mem type="eden" free="2114872" total="6291456" percent="33" />
    <remembered-set count="6720" freebytes="17831040" totalbytes="17857920" percent="99" regionsoverflowed="0" regionsstable="11" regionsrebuilding="0"/>
  </mem-info>
</gc-end>
<cycle-end id="5761" type="partial gc" contextid="5754" timestamp="2019-08-08T19:54:40.943" />
  <attribute name="elasticGC enabled" value="1" />
  <attribute name= "numThreadsSpecified" value="16" />
  <attribute name="heapSize specified" value="0" />
  <attribute name="Current GC Util" value="171" />
  <attribute name= "Current Time Running" value="121816" />
  <attribute name ="GC Interval" value="0" />
  <attribute name="Target GC Util Change" value ="80.000000" />
  <attribute name="Current GC Util Change" value="171.000000"/>
  <attribute name="Current Error" value="-68.000000" />
  <attribute name="Output H" value="446768984"/>
  <attribute name="Output I" value="1888"/>
  <attribute name="Output T" value="16"/>
  <attribute name= "Current Time Running" value="121816" />
  <attribute name="GC Util currently" value="171" />
  <attribute name="CPU Util currently" value="1869161744667" />
<exclusive-end id="5762" timestamp="2019-08-08T19:54:40.943" durationms="10.250" />

<exclusive-start id="5763" timestamp="2019-08-08T19:54:41.031" intervalms="98.576">
  <response-info timems="0.687" idlems="0.687" threads="0" lastid="0000000002281B00" lastname="Thread-48" />
</exclusive-start>
<allocation-taxation id="5764" taxation-threshold="117440512" timestamp="2019-08-08T19:54:41.031" intervalms="98.603" />
<cycle-start id="5765" type="partial gc" contextid="0" timestamp="2019-08-08T19:54:41.031" intervalms="98.602" />
<gc-start id="5766" type="partial gc" contextid="5765" timestamp="2019-08-08T19:54:41.032">
  <mem-info id="5767" free="148897792" total="446693376" percent="33">
    <mem type="eden" free="0" total="117440512" percent="0" />
    <remembered-set count="6720" freebytes="17831040" totalbytes="17857920" percent="99" regionsoverflowed="0" regionsstable="11" regionsrebuilding="0"/>
  </mem-info>
</gc-start>
<allocation-stats totalBytes="117337312" >
  <allocated-bytes non-tlh="16392" tlh="117320920" arrayletleaf="0"/>
  <largest-consumer threadName="Thread-47" threadId="0000000002290A00" bytes="12329152" />
</allocation-stats>
<gc-op id="5768" type="copy forward" timems="7.856" contextid="5765" timestamp="2019-08-08T19:54:41.041">
  <memory-copied type="eden" objects="10235" bytes="4069616" bytesdiscarded="629504" />
  <memory-copied type="other" objects="24" bytes="864" bytesdiscarded="0" />
  <memory-cardclean objects="3115" bytes="145312" />
  <regions eden="56" other="4" />
  <remembered-set-cleared processed="591" cleared="265" durationms="0.174" />
  <references type="phantom" candidates="1" cleared="0" enqueued="0" />
  <stringconstants candidates="16389" cleared="0"  />
</gc-op>
<gc-op id="5769" type="classunload" timems="0.012" contextid="5765" timestamp="2019-08-08T19:54:41.041">
  <classunload-info classloadercandidates="69" classloadersunloaded="0" classesunloaded="0" anonymousclassesunloaded="0" quiescems="0.000" setupms="0.011" scanms="0.000" postms="0.000" />
</gc-op>
<gc-end id="5770" type="partial gc" contextid="5765" durationms="9.185" usertimems="11.428" systemtimems="11.976" timestamp="2019-08-08T19:54:41.041" activeThreads="16">
  <mem-info id="5771" free="264241152" total="446693376" percent="59">
    <mem type="eden" free="3689224" total="8388608" percent="43" />
    <remembered-set count="8256" freebytes="17824896" totalbytes="17857920" percent="99" regionsoverflowed="0" regionsstable="11" regionsrebuilding="0"/>
  </mem-info>
</gc-end>
<cycle-end id="5772" type="partial gc" contextid="5765" timestamp="2019-08-08T19:54:41.041" />
  <attribute name="elasticGC enabled" value="1" />
  <attribute name= "numThreadsSpecified" value="16" />
  <attribute name="heapSize specified" value="0" />
  <attribute name="Current GC Util" value="129" />
  <attribute name= "Current Time Running" value="121914" />
  <attribute name ="GC Interval" value="0" />
  <attribute name="Target GC Util Change" value ="80.000000" />
  <attribute name="Current GC Util Change" value="129.000000"/>
  <attribute name="Current Error" value="-58.000000" />
  <attribute name="Output H" value="446768992"/>
  <attribute name="Output I" value="1912"/>
  <attribute name="Output T" value="16"/>
  <attribute name= "Current Time Running" value="121914" />
  <attribute name="GC Util currently" value="129" />
  <attribute name="CPU Util currently" value="2154920757529" />
<exclusive-end id="5773" timestamp="2019-08-08T19:54:41.041" durationms="10.045" />

<exclusive-start id="5774" timestamp="2019-08-08T19:54:41.105" intervalms="73.541">
  <response-info timems="0.108" idlems="0.108" threads="0" lastid="0000000002289200" lastname="Thread-42" />
</exclusive-start>
<allocation-taxation id="5775" taxation-threshold="117440512" timestamp="2019-08-08T19:54:41.105" intervalms="73.512" />
<cycle-start id="5776" type="partial gc" contextid="0" timestamp="2019-08-08T19:54:41.105" intervalms="73.504" />
<gc-start id="5777" type="partial gc" contextid="5776" timestamp="2019-08-08T19:54:41.105">
  <mem-info id="5778" free="146800640" total="446693376" percent="32">
    <mem type="eden" free="0" total="117440512" percent="0" />
    <remembered-set count="7808" freebytes="17826688" totalbytes="17857920" percent="99" regionsoverflowed="0" regionsstable="11" regionsrebuilding="0"/>
  </mem-info>
</gc-start>
<allocation-stats totalBytes="117287088" >
  <allocated-bytes non-tlh="0" tlh="117287088" arrayletleaf="0"/>
  <largest-consumer threadName="Thread-39" threadId="00000000022C1500" bytes="10293160" />
</allocation-stats>
<gc-op id="5779" type="copy forward" timems="8.105" contextid="5776" timestamp="2019-08-08T19:54:41.115">
  <memory-copied type="eden" objects="9906" bytes="3956520" bytesdiscarded="809432" />
  <memory-copied type="other" objects="20" bytes="720" bytesdiscarded="0" />
  <memory-cardclean objects="3111" bytes="145064" />
  <regions eden="56" other="5" />
  <remembered-set-cleared processed="600" cleared="274" durationms="0.175" />
  <stringconstants candidates="16389" cleared="0"  />
</gc-op>
<gc-op id="5780" type="classunload" timems="0.010" contextid="5776" timestamp="2019-08-08T19:54:41.115">
  <classunload-info classloadercandidates="69" classloadersunloaded="0" classesunloaded="0" anonymousclassesunloaded="0" quiescems="0.000" setupms="0.010" scanms="0.000" postms="0.000" />
</gc-op>
<gc-end id="5781" type="partial gc" contextid="5776" durationms="10.437" usertimems="24.876" systemtimems="13.306" timestamp="2019-08-08T19:54:41.115" activeThreads="16">
  <mem-info id="5782" free="264241152" total="446693376" percent="59">
    <mem type="eden" free="1525248" total="6291456" percent="24" />
    <remembered-set count="7232" freebytes="17828992" totalbytes="17857920" percent="99" regionsoverflowed="0" regionsstable="11" regionsrebuilding="0"/>
  </mem-info>
</gc-end>
<cycle-end id="5783" type="partial gc" contextid="5776" timestamp="2019-08-08T19:54:41.116" />
  <attribute name="elasticGC enabled" value="1" />
  <attribute name= "numThreadsSpecified" value="16" />
  <attribute name="heapSize specified" value="0" />
  <attribute name="Current GC Util" value="252" />
  <attribute name= "Current Time Running" value="121989" />
  <attribute name ="GC Interval" value="0" />
  <attribute name="Target GC Util Change" value ="80.000000" />
  <attribute name="Current GC Util Change" value="252.000000"/>
  <attribute name="Current Error" value="-172.000000" />
  <attribute name="Output H" value="446768864"/>
  <attribute name="Output I" value="1704"/>
  <attribute name="Output T" value="16"/>
  <attribute name= "Current Time Running" value="121989" />
  <attribute name="GC Util currently" value="252" />
  <attribute name="CPU Util currently" value="697167175930" />
<exclusive-end id="5784" timestamp="2019-08-08T19:54:41.116" durationms="11.117" />

<exclusive-start id="5785" timestamp="2019-08-08T19:54:41.183" intervalms="78.332">
  <response-info timems="3.209" idlems="1.630" threads="1" lastid="000000000227DF00" lastname="Thread-46" />
</exclusive-start>
<allocation-taxation id="5786" taxation-threshold="117440512" timestamp="2019-08-08T19:54:41.183" intervalms="78.396" />
<cycle-start id="5787" type="partial gc" contextid="0" timestamp="2019-08-08T19:54:41.183" intervalms="78.373" />
<gc-start id="5788" type="partial gc" contextid="5787" timestamp="2019-08-08T19:54:41.183">
  <mem-info id="5789" free="146800640" total="446693376" percent="32">
    <mem type="eden" free="0" total="117440512" percent="0" />
    <remembered-set count="6912" freebytes="17830272" totalbytes="17857920" percent="99" regionsoverflowed="0" regionsstable="11" regionsrebuilding="0"/>
  </mem-info>
</gc-start>
<allocation-stats totalBytes="117210760" >
  <allocated-bytes non-tlh="8200" tlh="117202560" arrayletleaf="0"/>
  <largest-consumer threadName="Thread-41" threadId="00000000022AAD00" bytes="13193112" />
</allocation-stats>
<gc-op id="5790" type="copy forward" timems="7.631" contextid="5787" timestamp="2019-08-08T19:54:41.192">
  <memory-copied type="eden" objects="9649" bytes="3888232" bytesdiscarded="656144" />
  <memory-copied type="other" objects="16" bytes="576" bytesdiscarded="0" />
  <memory-cardclean objects="3123" bytes="145600" />
  <regions eden="56" other="4" />
  <remembered-set-cleared processed="605" cleared="281" durationms="0.182" />
  <references type="phantom" candidates="6" cleared="0" enqueued="0" />
  <stringconstants candidates="16389" cleared="0"  />
</gc-op>
<gc-op id="5791" type="classunload" timems="0.013" contextid="5787" timestamp="2019-08-08T19:54:41.192">
  <classunload-info classloadercandidates="69" classloadersunloaded="0" classesunloaded="0" anonymousclassesunloaded="0" quiescems="0.000" setupms="0.013" scanms="0.000" postms="0.000" />
</gc-op>
<gc-end id="5792" type="partial gc" contextid="5787" durationms="9.264" usertimems="24.112" systemtimems="5.082" timestamp="2019-08-08T19:54:41.193" activeThreads="16">
  <mem-info id="5793" free="262144000" total="446693376" percent="58">
    <mem type="eden" free="1746776" total="6291456" percent="27" />
    <remembered-set count="9792" freebytes="17818752" totalbytes="17857920" percent="99" regionsoverflowed="0" regionsstable="11" regionsrebuilding="0"/>
  </mem-info>
</gc-end>
<cycle-end id="5794" type="partial gc" contextid="5787" timestamp="2019-08-08T19:54:41.193" />
  <attribute name="elasticGC enabled" value="1" />
  <attribute name= "numThreadsSpecified" value="16" />
  <attribute name="heapSize specified" value="0" />
  <attribute name="Current GC Util" value="128" />
  <attribute name= "Current Time Running" value="122066" />
  <attribute name ="GC Interval" value="0" />
  <attribute name="Target GC Util Change" value ="80.000000" />
  <attribute name="Current GC Util Change" value="128.000000"/>
  <attribute name="Current Error" value="-170.000000" />
  <attribute name="Output H" value="446768864"/>
  <attribute name="Output I" value="1712"/>
  <attribute name="Output T" value="16"/>
  <attribute name= "Current Time Running" value="122066" />
  <attribute name="GC Util currently" value="128" />
  <attribute name="CPU Util currently" value="1143666841446" />
<exclusive-end id="5795" timestamp="2019-08-08T19:54:41.193" durationms="9.992" />

<exclusive-start id="5796" timestamp="2019-08-08T19:54:41.271" intervalms="88.282">
  <response-info timems="3.157" idlems="3.157" threads="0" lastid="0000000002298200" lastname="Thread-45" />
</exclusive-start>
<allocation-taxation id="5797" taxation-threshold="117440512" timestamp="2019-08-08T19:54:41.271" intervalms="88.229" />
<cycle-start id="5798" type="partial gc" contextid="0" timestamp="2019-08-08T19:54:41.273" intervalms="89.473" />
<gc-start id="5799" type="partial gc" contextid="5798" timestamp="2019-08-08T19:54:41.273">
  <mem-info id="5800" free="144703488" total="446693376" percent="32">
    <mem type="eden" free="0" total="117440512" percent="0" />
    <remembered-set count="9376" freebytes="17820416" totalbytes="17857920" percent="99" regionsoverflowed="0" regionsstable="11" regionsrebuilding="0"/>
  </mem-info>
</gc-start>
<allocation-stats totalBytes="117286576" >
  <allocated-bytes non-tlh="49168" tlh="117237408" arrayletleaf="0"/>
  <largest-consumer threadName="Thread-48" threadId="0000000002281B00" bytes="12232888" />
</allocation-stats>
<gc-op id="5801" type="copy forward" timems="7.057" contextid="5798" timestamp="2019-08-08T19:54:41.283">
  <memory-copied type="eden" objects="8847" bytes="3593720" bytesdiscarded="796680" />
  <memory-copied type="other" objects="24" bytes="1112" bytesdiscarded="0" />
  <memory-cardclean objects="3085" bytes="143616" />
  <regions eden="56" other="4" />
  <remembered-set-cleared processed="589" cleared="261" durationms="0.198" />
  <references type="phantom" candidates="3" cleared="0" enqueued="0" />
  <stringconstants candidates="16389" cleared="0"  />
</gc-op>
<gc-op id="5802" type="classunload" timems="0.010" contextid="5798" timestamp="2019-08-08T19:54:41.283">
  <classunload-info classloadercandidates="69" classloadersunloaded="0" classesunloaded="0" anonymousclassesunloaded="0" quiescems="0.000" setupms="0.010" scanms="0.000" postms="0.000" />
</gc-op>
<gc-end id="5803" type="partial gc" contextid="5798" durationms="9.821" usertimems="7.035" systemtimems="13.335" timestamp="2019-08-08T19:54:41.283" activeThreads="16">
  <mem-info id="5804" free="260046848" total="446693376" percent="58">
    <mem type="eden" free="1900784" total="6291456" percent="30" />
    <remembered-set count="7264" freebytes="17828864" totalbytes="17857920" percent="99" regionsoverflowed="0" regionsstable="11" regionsrebuilding="0"/>
  </mem-info>
</gc-end>
<cycle-end id="5805" type="partial gc" contextid="5798" timestamp="2019-08-08T19:54:41.283" />
  <attribute name="elasticGC enabled" value="1" />
  <attribute name= "numThreadsSpecified" value="16" />
  <attribute name="heapSize specified" value="0" />
  <attribute name="Current GC Util" value="28" />
  <attribute name= "Current Time Running" value="122158" />
  <attribute name ="GC Interval" value="0" />
  <attribute name="Target GC Util Change" value ="80.000000" />
  <attribute name="Current GC Util Change" value="28.000000"/>
  <attribute name="Current Error" value="-62.000000" />
  <attribute name="Output H" value="446768992"/>
  <attribute name="Output I" value="1904"/>
  <attribute name="Output T" value="16"/>
  <attribute name= "Current Time Running" value="122158" />
  <attribute name="GC Util currently" value="28" />
  <attribute name="CPU Util currently" value="505426756734" />
<exclusive-end id="5806" timestamp="2019-08-08T19:54:41.283" durationms="12.184" />

<exclusive-start id="5807" timestamp="2019-08-08T19:54:41.359" intervalms="88.103">
  <response-info timems="1.250" idlems="1.250" threads="0" lastid="0000000002290A00" lastname="Thread-47" />
</exclusive-start>
<allocation-taxation id="5808" taxation-threshold="117440512" timestamp="2019-08-08T19:54:41.359" intervalms="88.102" />
<cycle-start id="5809" type="partial gc" contextid="0" timestamp="2019-08-08T19:54:41.359" intervalms="86.871" />
<gc-start id="5810" type="partial gc" contextid="5809" timestamp="2019-08-08T19:54:41.360">
  <mem-info id="5811" free="142606336" total="446693376" percent="31">
    <mem type="eden" free="0" total="117440512" percent="0" />
    <remembered-set count="7008" freebytes="17829888" totalbytes="17857920" percent="99" regionsoverflowed="0" regionsstable="11" regionsrebuilding="0"/>
  </mem-info>
</gc-start>
<allocation-stats totalBytes="117295872" >
  <allocated-bytes non-tlh="49168" tlh="117246704" arrayletleaf="0"/>
  <largest-consumer threadName="Thread-45" threadId="0000000002298200" bytes="13972032" />
</allocation-stats>
<gc-op id="5812" type="copy forward" timems="9.541" contextid="5809" timestamp="2019-08-08T19:54:41.370">
  <memory-copied type="eden" objects="9557" bytes="3684720" bytesdiscarded="716088" />
  <memory-copied type="other" objects="22" bytes="1264" bytesdiscarded="0" />
  <memory-cardclean objects="3103" bytes="143760" />
  <regions eden="56" other="4" />
  <remembered-set-cleared processed="597" cleared="270" durationms="0.180" />
  <references type="phantom" candidates="1" cleared="0" enqueued="0" />
  <stringconstants candidates="16389" cleared="0"  />
</gc-op>
<gc-op id="5813" type="classunload" timems="0.015" contextid="5809" timestamp="2019-08-08T19:54:41.370">
  <classunload-info classloadercandidates="69" classloadersunloaded="0" classesunloaded="0" anonymousclassesunloaded="0" quiescems="0.000" setupms="0.015" scanms="0.000" postms="0.000" />
</gc-op>
<gc-end id="5814" type="partial gc" contextid="5809" durationms="10.858" usertimems="10.295" systemtimems="17.190" timestamp="2019-08-08T19:54:41.371" activeThreads="16">
  <mem-info id="5815" free="257949696" total="446693376" percent="57">
    <mem type="eden" free="1890384" total="6291456" percent="30" />
    <remembered-set count="8768" freebytes="17822848" totalbytes="17857920" percent="99" regionsoverflowed="0" regionsstable="11" regionsrebuilding="0"/>
  </mem-info>
</gc-end>
<cycle-end id="5816" type="partial gc" contextid="5809" timestamp="2019-08-08T19:54:41.371" />
  <attribute name="elasticGC enabled" value="1" />
  <attribute name= "numThreadsSpecified" value="16" />
  <attribute name="heapSize specified" value="0" />
  <attribute name="Current GC Util" value="149" />
  <attribute name= "Current Time Running" value="122242" />
  <attribute name ="GC Interval" value="0" />
  <attribute name="Target GC Util Change" value ="80.000000" />
  <attribute name="Current GC Util Change" value="149.000000"/>
  <attribute name="Current Error" value="-69.000000" />
  <attribute name="Output H" value="446768984"/>
  <attribute name="Output I" value="1888"/>
  <attribute name="Output T" value="16"/>
  <attribute name= "Current Time Running" value="122242" />
  <attribute name="GC Util currently" value="149" />
  <attribute name="CPU Util currently" value="2511652625989" />
<exclusive-end id="5817" timestamp="2019-08-08T19:54:41.371" durationms="11.625" />

<exclusive-start id="5818" timestamp="2019-08-08T19:54:41.506" intervalms="146.722">
  <response-info timems="0.999" idlems="0.999" threads="0" lastid="0000000002272B00" lastname="Thread-44" />
</exclusive-start>
<allocation-taxation id="5819" taxation-threshold="117440512" timestamp="2019-08-08T19:54:41.506" intervalms="146.721" />
<cycle-start id="5820" type="partial gc" contextid="0" timestamp="2019-08-08T19:54:41.506" intervalms="146.719" />
<gc-start id="5821" type="partial gc" contextid="5820" timestamp="2019-08-08T19:54:41.506">
  <mem-info id="5822" free="140509184" total="446693376" percent="31">
    <mem type="eden" free="0" total="117440512" percent="0" />
    <remembered-set count="8352" freebytes="17824512" totalbytes="17857920" percent="99" regionsoverflowed="0" regionsstable="11" regionsrebuilding="0"/>
  </mem-info>
</gc-start>
<allocation-stats totalBytes="117299920" >
  <allocated-bytes non-tlh="81952" tlh="117217968" arrayletleaf="0"/>
  <largest-consumer threadName="Thread-52" threadId="000000000226EF00" bytes="11244368" />
</allocation-stats>
<gc-op id="5823" type="copy forward" timems="8.147" contextid="5820" timestamp="2019-08-08T19:54:41.515">
  <memory-copied type="eden" objects="10048" bytes="3991192" bytesdiscarded="759776" />
  <memory-copied type="other" objects="20" bytes="720" bytesdiscarded="0" />
  <memory-cardclean objects="3110" bytes="144640" />
  <regions eden="56" other="4" />
  <remembered-set-cleared processed="599" cleared="273" durationms="0.456" />
  <references type="weak" candidates="1" cleared="0" enqueued="0" />
  <references type="phantom" candidates="2" cleared="0" enqueued="0" />
  <stringconstants candidates="16389" cleared="0"  />
</gc-op>
<gc-op id="5824" type="classunload" timems="0.011" contextid="5820" timestamp="2019-08-08T19:54:41.516">
  <classunload-info classloadercandidates="69" classloadersunloaded="0" classesunloaded="0" anonymousclassesunloaded="0" quiescems="0.000" setupms="0.011" scanms="0.000" postms="0.000" />
</gc-op>
<gc-end id="5825" type="partial gc" contextid="5820" durationms="9.242" usertimems="24.898" systemtimems="5.547" timestamp="2019-08-08T19:54:41.516" activeThreads="16">
  <mem-info id="5826" free="253755392" total="446693376" percent="56">
    <mem type="eden" free="3637376" total="8388608" percent="43" />
    <remembered-set count="8320" freebytes="17824640" totalbytes="17857920" percent="99" regionsoverflowed="0" regionsstable="11" regionsrebuilding="0"/>
  </mem-info>
</gc-end>
<cycle-end id="5827" type="partial gc" contextid="5820" timestamp="2019-08-08T19:54:41.516" />
  <attribute name="elasticGC enabled" value="1" />
  <attribute name= "numThreadsSpecified" value="16" />
  <attribute name="heapSize specified" value="0" />
  <attribute name="Current GC Util" value="136" />
  <attribute name= "Current Time Running" value="122389" />
  <attribute name ="GC Interval" value="0" />
  <attribute name="Target GC Util Change" value ="80.000000" />
  <attribute name="Current GC Util Change" value="136.000000"/>
  <attribute name="Current Error" value="-62.000000" />
  <attribute name="Output H" value="446768992"/>
  <attribute name="Output I" value="1904"/>
  <attribute name="Output T" value="16"/>
  <attribute name= "Current Time Running" value="122389" />
  <attribute name="GC Util currently" value="136" />
  <attribute name="CPU Util currently" value="2349309714519" />
<exclusive-end id="5828" timestamp="2019-08-08T19:54:41.516" durationms="10.034" />

<exclusive-start id="5829" timestamp="2019-08-08T19:54:41.591" intervalms="84.619">
  <response-info timems="0.226" idlems="0.080" threads="2" lastid="00000000022B2500" lastname="Thread-40" />
</exclusive-start>
<allocation-taxation id="5830" taxation-threshold="117440512" timestamp="2019-08-08T19:54:41.591" intervalms="84.635" />
<cycle-start id="5831" type="partial gc" contextid="0" timestamp="2019-08-08T19:54:41.591" intervalms="84.668" />
<gc-start id="5832" type="partial gc" contextid="5831" timestamp="2019-08-08T19:54:41.591">
  <mem-info id="5833" free="136314880" total="446693376" percent="30">
    <mem type="eden" free="0" total="117440512" percent="0" />
    <remembered-set count="8096" freebytes="17825536" totalbytes="17857920" percent="99" regionsoverflowed="0" regionsstable="11" regionsrebuilding="0"/>
  </mem-info>
</gc-start>
<allocation-stats totalBytes="117240176" >
  <allocated-bytes non-tlh="98336" tlh="117141840" arrayletleaf="0"/>
  <largest-consumer threadName="Thread-46" threadId="000000000227DF00" bytes="11750064" />
</allocation-stats>
<gc-op id="5834" type="copy forward" timems="9.656" contextid="5831" timestamp="2019-08-08T19:54:41.605">
  <memory-copied type="eden" objects="9755" bytes="3840608" bytesdiscarded="643888" />
  <memory-copied type="other" objects="26" bytes="1160" bytesdiscarded="0" />
  <memory-cardclean objects="3095" bytes="143456" />
  <regions eden="56" other="5" />
  <remembered-set-cleared processed="606" cleared="277" durationms="0.807" />
  <references type="phantom" candidates="3" cleared="0" enqueued="0" />
  <stringconstants candidates="16389" cleared="0"  />
</gc-op>
<gc-op id="5835" type="classunload" timems="0.010" contextid="5831" timestamp="2019-08-08T19:54:41.605">
  <classunload-info classloadercandidates="69" classloadersunloaded="0" classesunloaded="0" anonymousclassesunloaded="0" quiescems="0.000" setupms="0.010" scanms="0.000" postms="0.000" />
</gc-op>
<gc-end id="5836" type="partial gc" contextid="5831" durationms="14.100" usertimems="11.164" systemtimems="17.416" timestamp="2019-08-08T19:54:41.605" activeThreads="16">
  <mem-info id="5837" free="253755392" total="446693376" percent="56">
    <mem type="eden" free="1806680" total="6291456" percent="28" />
    <remembered-set count="7840" freebytes="17826560" totalbytes="17857920" percent="99" regionsoverflowed="0" regionsstable="11" regionsrebuilding="0"/>
  </mem-info>
</gc-end>
<cycle-end id="5838" type="partial gc" contextid="5831" timestamp="2019-08-08T19:54:41.606" />
  <attribute name="elasticGC enabled" value="1" />
  <attribute name= "numThreadsSpecified" value="16" />
  <attribute name="heapSize specified" value="0" />
  <attribute name="Current GC Util" value="107" />
  <attribute name= "Current Time Running" value="122477" />
  <attribute name ="GC Interval" value="0" />
  <attribute name="Target GC Util Change" value ="80.000000" />
  <attribute name="Current GC Util Change" value="107.000000"/>
  <attribute name="Current Error" value="-33.000000" />
  <attribute name="Output H" value="446769024"/>
  <attribute name="Output I" value="1952"/>
  <attribute name="Output T" value="16"/>
  <attribute name= "Current Time Running" value="122477" />
  <attribute name="GC Util currently" value="107" />
  <attribute name="CPU Util currently" value="1447946228870" />
<exclusive-end id="5839" timestamp="2019-08-08T19:54:41.606" durationms="15.186" />

<exclusive-start id="5840" timestamp="2019-08-08T19:54:41.702" intervalms="111.304">
  <response-info timems="0.925" idlems="0.925" threads="0" lastid="000000000226EF00" lastname="Thread-52" />
</exclusive-start>
<allocation-taxation id="5841" taxation-threshold="117440512" timestamp="2019-08-08T19:54:41.702" intervalms="111.284" />
<cycle-start id="5842" type="partial gc" contextid="0" timestamp="2019-08-08T19:54:41.702" intervalms="111.228" />
<gc-start id="5843" type="partial gc" contextid="5842" timestamp="2019-08-08T19:54:41.702">
  <mem-info id="5844" free="136314880" total="446693376" percent="30">
    <mem type="eden" free="0" total="117440512" percent="0" />
    <remembered-set count="7424" freebytes="17828224" totalbytes="17857920" percent="99" regionsoverflowed="0" regionsstable="11" regionsrebuilding="0"/>
  </mem-info>
</gc-start>
<allocation-stats totalBytes="117193128" >
  <allocated-bytes non-tlh="8200" tlh="117184928" arrayletleaf="0"/>
  <largest-consumer threadName="Thread-52" threadId="000000000226EF00" bytes="12706528" />
</allocation-stats>
<gc-op id="5845" type="copy forward" timems="9.840" contextid="5842" timestamp="2019-08-08T19:54:41.713">
  <memory-copied type="eden" objects="9630" bytes="3858864" bytesdiscarded="858752" />
  <memory-copied type="other" objects="22" bytes="1016" bytesdiscarded="0" />
  <memory-cardclean objects="3084" bytes="143112" />
  <regions eden="56" other="4" />
  <remembered-set-cleared processed="600" cleared="271" durationms="1.129" />
  <references type="phantom" candidates="2" cleared="0" enqueued="0" />
  <stringconstants candidates="16389" cleared="0"  />
</gc-op>
<gc-op id="5846" type="classunload" timems="0.011" contextid="5842" timestamp="2019-08-08T19:54:41.714">
  <classunload-info classloadercandidates="69" classloadersunloaded="0" classesunloaded="0" anonymousclassesunloaded="0" quiescems="0.000" setupms="0.011" scanms="0.000" postms="0.000" />
</gc-op>
<gc-end id="5847" type="partial gc" contextid="5842" durationms="11.361" usertimems="13.857" systemtimems="10.453" timestamp="2019-08-08T19:54:41.714" activeThreads="16">
  <mem-info id="5848" free="251658240" total="446693376" percent="56">
    <mem type="eden" free="1573576" total="6291456" percent="25" />
    <remembered-set count="8352" freebytes="17824512" totalbytes="17857920" percent="99" regionsoverflowed="0" regionsstable="11" regionsrebuilding="0"/>
  </mem-info>
</gc-end>
<cycle-end id="5849" type="partial gc" contextid="5842" timestamp="2019-08-08T19:54:41.714" />
  <attribute name="elasticGC enabled" value="1" />
  <attribute name= "numThreadsSpecified" value="16" />
  <attribute name="heapSize specified" value="0" />
  <attribute name="Current GC Util" value="92" />
  <attribute name= "Current Time Running" value="122585" />
  <attribute name ="GC Interval" value="0" />
  <attribute name="Target GC Util Change" value ="80.000000" />
  <attribute name="Current GC Util Change" value="92.000000"/>
  <attribute name="Current Error" value="-12.000000" />
  <attribute name="Output H" value="446769048"/>
  <attribute name="Output I" value="1992"/>
  <attribute name="Output T" value="16"/>
  <attribute name= "Current Time Running" value="122585" />
  <attribute name="GC Util currently" value="92" />
  <attribute name="CPU Util currently" value="1193567127752" />
<exclusive-end id="5850" timestamp="2019-08-08T19:54:41.714" durationms="12.137" />

<exclusive-start id="5851" timestamp="2019-08-08T19:54:41.788" intervalms="86.339">
  <response-info timems="2.859" idlems="2.859" threads="0" lastid="000000000227DF00" lastname="Thread-46" />
</exclusive-start>
<allocation-taxation id="5852" taxation-threshold="117440512" timestamp="2019-08-08T19:54:41.788" intervalms="86.355" />
<cycle-start id="5853" type="partial gc" contextid="0" timestamp="2019-08-08T19:54:41.788" intervalms="86.388" />
<gc-start id="5854" type="partial gc" contextid="5853" timestamp="2019-08-08T19:54:41.790">
  <mem-info id="5855" free="134217728" total="446693376" percent="30">
    <mem type="eden" free="0" total="117440512" percent="0" />
    <remembered-set count="8128" freebytes="17825408" totalbytes="17857920" percent="99" regionsoverflowed="0" regionsstable="11" regionsrebuilding="0"/>
  </mem-info>
</gc-start>
<allocation-stats totalBytes="117255216" >
  <allocated-bytes non-tlh="98352" tlh="117156864" arrayletleaf="0"/>
  <largest-consumer threadName="Thread-52" threadId="000000000226EF00" bytes="12601616" />
</allocation-stats>
<gc-op id="5856" type="copy forward" timems="177.908" contextid="5853" timestamp="2019-08-08T19:54:41.972">
  <memory-copied type="eden" objects="9786" bytes="3892384" bytesdiscarded="853504" />
  <memory-copied type="other" objects="20" bytes="720" bytesdiscarded="0" />
  <memory-cardclean objects="3113" bytes="144000" />
  <regions eden="56" other="4" />
  <remembered-set-cleared processed="604" cleared="276" durationms="0.192" />
  <references type="weak" candidates="1" cleared="0" enqueued="0" />
  <references type="phantom" candidates="3" cleared="0" enqueued="0" />
  <stringconstants candidates="16389" cleared="0"  />
</gc-op>
<gc-op id="5857" type="classunload" timems="0.012" contextid="5853" timestamp="2019-08-08T19:54:41.972">
  <classunload-info classloadercandidates="69" classloadersunloaded="0" classesunloaded="0" anonymousclassesunloaded="0" quiescems="0.000" setupms="0.012" scanms="0.000" postms="0.000" />
</gc-op>
<heap-resize id="5858" type="expand" space="default" amount="46137344" count="1" timems="0.143" reason="excessive time being spent in gc" timestamp="2019-08-08T19:54:41.972" />
<gc-end id="5859" type="partial gc" contextid="5853" durationms="182.278" usertimems="112.910" systemtimems="181.904" timestamp="2019-08-08T19:54:41.972" activeThreads="16">
  <mem-info id="5860" free="295698432" total="492830720" percent="60">
    <mem type="eden" free="1545304" total="6291456" percent="24" />
    <remembered-set count="7264" freebytes="19673344" totalbytes="19702400" percent="99" regionsoverflowed="0" regionsstable="11" regionsrebuilding="0"/>
  </mem-info>
</gc-end>
<cycle-end id="5861" type="partial gc" contextid="5853" timestamp="2019-08-08T19:54:41.972" />
  <attribute name="elasticGC enabled" value="1" />
  <attribute name= "numThreadsSpecified" value="16" />
  <attribute name="heapSize specified" value="0" />
  <attribute name="Current GC Util" value="75" />
  <attribute name= "Current Time Running" value="122675" />
  <attribute name ="GC Interval" value="0" />
  <attribute name="Target GC Util Change" value ="80.000000" />
  <attribute name="Current GC Util Change" value="75.000000"/>
  <attribute name="Current Error" value="46.000000" />
  <attribute name="Output H" value="446769112"/>
  <attribute name="Output I" value="2096"/>
  <attribute name="Output T" value="16"/>
  <attribute name= "Current Time Running" value="122675" />
  <attribute name="GC Util currently" value="75" />
  <attribute name="CPU Util currently" value="328344527413" />
<exclusive-end id="5862" timestamp="2019-08-08T19:54:41.972" durationms="184.063" />

<exclusive-start id="5863" timestamp="2019-08-08T19:54:42.101" intervalms="312.367">
  <response-info timems="1.330" idlems="1.048" threads="1" lastid="0000000002290A00" lastname="Thread-47" />
</exclusive-start>
<allocation-taxation id="5864" taxation-threshold="130023424" timestamp="2019-08-08T19:54:42.101" intervalms="312.351" />
<cycle-start id="5865" type="partial gc" contextid="0" timestamp="2019-08-08T19:54:42.101" intervalms="312.551" />
<gc-start id="5866" type="partial gc" contextid="5865" timestamp="2019-08-08T19:54:42.101">
  <mem-info id="5867" free="165675008" total="492830720" percent="33">
    <mem type="eden" free="0" total="130023424" percent="0" />
    <remembered-set count="7104" freebytes="19673984" totalbytes="19702400" percent="99" regionsoverflowed="0" regionsstable="11" regionsrebuilding="0"/>
  </mem-info>
</gc-start>
<allocation-stats totalBytes="129884376" >
  <allocated-bytes non-tlh="81952" tlh="129802424" arrayletleaf="0"/>
  <largest-consumer threadName="Thread-52" threadId="000000000226EF00" bytes="16673240" />
</allocation-stats>
<gc-op id="5868" type="copy forward" timems="8.257" contextid="5865" timestamp="2019-08-08T19:54:42.110">
  <memory-copied type="eden" objects="8435" bytes="3356360" bytesdiscarded="630848" />
  <memory-copied type="other" objects="17" bytes="688" bytesdiscarded="0" />
  <memory-cardclean objects="3102" bytes="143536" />
  <regions eden="62" other="4" />
  <remembered-set-cleared processed="612" cleared="280" durationms="0.182" />
  <stringconstants candidates="16389" cleared="0"  />
</gc-op>
<gc-op id="5869" type="classunload" timems="0.009" contextid="5865" timestamp="2019-08-08T19:54:42.110">
  <classunload-info classloadercandidates="69" classloadersunloaded="0" classesunloaded="0" anonymousclassesunloaded="0" quiescems="0.000" setupms="0.009" scanms="0.000" postms="0.000" />
</gc-op>
<heap-resize id="5870" type="expand" space="default" amount="6291456" count="1" timems="0.063" reason="excessive time being spent in gc" timestamp="2019-08-08T19:54:42.110" />
<gc-end id="5871" type="partial gc" contextid="5865" durationms="9.306" usertimems="11.073" systemtimems="12.829" timestamp="2019-08-08T19:54:42.111" activeThreads="16">
  <mem-info id="5872" free="299892736" total="499122176" percent="60">
    <mem type="eden" free="2304008" total="6291456" percent="36" />
    <remembered-set count="9312" freebytes="19916672" totalbytes="19953920" percent="99" regionsoverflowed="0" regionsstable="11" regionsrebuilding="0"/>
  </mem-info>
</gc-end>
<cycle-end id="5873" type="partial gc" contextid="5865" timestamp="2019-08-08T19:54:42.111" />
  <attribute name="elasticGC enabled" value="1" />
  <attribute name= "numThreadsSpecified" value="16" />
  <attribute name="heapSize specified" value="0" />
  <attribute name="Current GC Util" value="152" />
  <attribute name= "Current Time Running" value="122984" />
  <attribute name ="GC Interval" value="0" />
  <attribute name="Target GC Util Change" value ="80.000000" />
  <attribute name="Current GC Util Change" value="152.000000"/>
  <attribute name="Current Error" value="-38.000000" />
  <attribute name="Output H" value="492906360"/>
  <attribute name="Output I" value="1944"/>
  <attribute name="Output T" value="16"/>
  <attribute name= "Current Time Running" value="122984" />
  <attribute name="GC Util currently" value="152" />
  <attribute name="CPU Util currently" value="2632072358020" />
<exclusive-end id="5874" timestamp="2019-08-08T19:54:42.111" durationms="10.189" />

<exclusive-start id="5875" timestamp="2019-08-08T19:54:42.210" intervalms="109.208">
  <response-info timems="0.110" idlems="0.110" threads="0" lastid="00000000022AAD00" lastname="Thread-41" />
</exclusive-start>
<allocation-taxation id="5876" taxation-threshold="132120576" timestamp="2019-08-08T19:54:42.210" intervalms="109.205" />
<cycle-start id="5877" type="partial gc" contextid="0" timestamp="2019-08-08T19:54:42.210" intervalms="108.984" />
<gc-start id="5878" type="partial gc" contextid="5877" timestamp="2019-08-08T19:54:42.210">
  <mem-info id="5879" free="167772160" total="499122176" percent="33">
    <mem type="eden" free="0" total="132120576" percent="0" />
    <remembered-set count="8928" freebytes="19918208" totalbytes="19953920" percent="99" regionsoverflowed="0" regionsstable="11" regionsrebuilding="0"/>
  </mem-info>
</gc-start>
<allocation-stats totalBytes="131963016" >
  <allocated-bytes non-tlh="81952" tlh="131881064" arrayletleaf="0"/>
  <largest-consumer threadName="Thread-45" threadId="0000000002298200" bytes="13259128" />
</allocation-stats>
<gc-op id="5880" type="copy forward" timems="5.970" contextid="5877" timestamp="2019-08-08T19:54:42.217">
  <memory-copied type="eden" objects="9508" bytes="3875720" bytesdiscarded="0" />
  <memory-copied type="other" objects="29" bytes="1120" bytesdiscarded="0" />
  <memory-cardclean objects="3100" bytes="143888" />
  <regions eden="63" other="4" />
  <remembered-set-cleared processed="598" cleared="270" durationms="0.715" />
  <references type="phantom" candidates="3" cleared="0" enqueued="0" />
  <stringconstants candidates="16389" cleared="0"  />
</gc-op>
<gc-op id="5881" type="classunload" timems="0.010" contextid="5877" timestamp="2019-08-08T19:54:42.217">
  <classunload-info classloadercandidates="69" classloadersunloaded="0" classesunloaded="0" anonymousclassesunloaded="0" quiescems="0.000" setupms="0.010" scanms="0.000" postms="0.000" />
</gc-op>
<gc-end id="5882" type="partial gc" contextid="5877" durationms="7.271" usertimems="7.226" systemtimems="0.847" timestamp="2019-08-08T19:54:42.218" activeThreads="1">
  <mem-info id="5883" free="299892736" total="499122176" percent="60">
    <mem type="eden" free="318288" total="4194304" percent="7" />
    <remembered-set count="8512" freebytes="19919872" totalbytes="19953920" percent="99" regionsoverflowed="0" regionsstable="11" regionsrebuilding="0"/>
  </mem-info>
</gc-end>
<cycle-end id="5884" type="partial gc" contextid="5877" timestamp="2019-08-08T19:54:42.218" />
  <attribute name="elasticGC enabled" value="1" />
  <attribute name= "numThreadsSpecified" value="1" />
  <attribute name="heapSize specified" value="0" />
  <attribute name="Current GC Util" value="103" />
  <attribute name= "Current Time Running" value="123093" />
  <attribute name ="GC Interval" value="0" />
  <attribute name="Target GC Util Change" value ="80.000000" />
  <attribute name="Current GC Util Change" value="103.000000"/>
  <attribute name="Current Error" value="-23.000000" />
  <attribute name="Output H" value="499197832"/>
  <attribute name="Output I" value="1968"/>
  <attribute name="Output T" value="1"/>
  <attribute name= "Current Time Running" value="123093" />
  <attribute name="GC Util currently" value="103" />
  <attribute name="CPU Util currently" value="1617365759571" />
<exclusive-end id="5885" timestamp="2019-08-08T19:54:42.218" durationms="8.164" />

<exclusive-start id="5886" timestamp="2019-08-08T19:54:42.332" intervalms="122.356">
  <response-info timems="0.709" idlems="0.709" threads="0" lastid="0000000002294600" lastname="Thread-49" />
</exclusive-start>
<allocation-taxation id="5887" taxation-threshold="132120576" timestamp="2019-08-08T19:54:42.332" intervalms="122.468" />
<cycle-start id="5888" type="partial gc" contextid="0" timestamp="2019-08-08T19:54:42.333" intervalms="122.855" />
<gc-start id="5889" type="partial gc" contextid="5888" timestamp="2019-08-08T19:54:42.333">
  <mem-info id="5890" free="167772160" total="499122176" percent="33">
    <mem type="eden" free="0" total="132120576" percent="0" />
    <remembered-set count="8512" freebytes="19919872" totalbytes="19953920" percent="99" regionsoverflowed="0" regionsstable="11" regionsrebuilding="0"/>
  </mem-info>
</gc-start>
<allocation-stats totalBytes="131943040" >
  <allocated-bytes non-tlh="32776" tlh="131910264" arrayletleaf="0"/>
  <largest-consumer threadName="Thread-52" threadId="000000000226EF00" bytes="16262600" />
</allocation-stats>
<gc-op id="5891" type="copy forward" timems="8.262" contextid="5888" timestamp="2019-08-08T19:54:42.342">
  <memory-copied type="eden" objects="9689" bytes="3837336" bytesdiscarded="760496" />
  <memory-copied type="other" objects="16" bytes="576" bytesdiscarded="0" />
  <memory-cardclean objects="3121" bytes="144736" />
  <regions eden="63" other="3" />
  <remembered-set-cleared processed="598" cleared="270" durationms="0.364" />
  <references type="phantom" candidates="1" cleared="0" enqueued="0" />
  <stringconstants candidates="16389" cleared="0"  />
</gc-op>
<gc-op id="5892" type="classunload" timems="0.010" contextid="5888" timestamp="2019-08-08T19:54:42.342">
  <classunload-info classloadercandidates="69" classloadersunloaded="0" classesunloaded="0" anonymousclassesunloaded="0" quiescems="0.000" setupms="0.010" scanms="0.000" postms="0.000" />
</gc-op>
<heap-resize id="5893" type="expand" space="default" amount="10485760" count="1" timems="0.080" reason="excessive time being spent in gc" timestamp="2019-08-08T19:54:42.342" />
<gc-end id="5894" type="partial gc" contextid="5888" durationms="9.434" usertimems="14.965" systemtimems="11.154" timestamp="2019-08-08T19:54:42.343" activeThreads="16">
  <mem-info id="5895" free="306184192" total="509607936" percent="60">
    <mem type="eden" free="1693360" total="6291456" percent="26" />
    <remembered-set count="8288" freebytes="20339968" totalbytes="20373120" percent="99" regionsoverflowed="0" regionsstable="11" regionsrebuilding="0"/>
  </mem-info>
</gc-end>
<cycle-end id="5896" type="partial gc" contextid="5888" timestamp="2019-08-08T19:54:42.343" />
  <attribute name="elasticGC enabled" value="1" />
  <attribute name= "numThreadsSpecified" value="16" />
  <attribute name="heapSize specified" value="0" />
  <attribute name="Current GC Util" value="170" />
  <attribute name= "Current Time Running" value="123216" />
  <attribute name ="GC Interval" value="0" />
  <attribute name="Target GC Util Change" value ="80.000000" />
  <attribute name="Current GC Util Change" value="170.000000"/>
  <attribute name="Current Error" value="-39.000000" />
  <attribute name="Output H" value="499197816"/>
  <attribute name="Output I" value="1944"/>
  <attribute name="Output T" value="16"/>
  <attribute name= "Current Time Running" value="123216" />
  <attribute name="GC Util currently" value="170" />
  <attribute name="CPU Util currently" value="2129797942901" />
<exclusive-end id="5897" timestamp="2019-08-08T19:54:42.343" durationms="10.620" />

<exclusive-start id="5898" timestamp="2019-08-08T19:54:42.431" intervalms="99.098">
  <response-info timems="0.341" idlems="0.125" threads="2" lastid="0000000002294600" lastname="Thread-49" />
</exclusive-start>
<allocation-taxation id="5899" taxation-threshold="134217728" timestamp="2019-08-08T19:54:42.432" intervalms="99.789" />
<cycle-start id="5900" type="partial gc" contextid="0" timestamp="2019-08-08T19:54:42.433" intervalms="99.691" />
<gc-start id="5901" type="partial gc" contextid="5900" timestamp="2019-08-08T19:54:42.433">
  <mem-info id="5902" free="171966464" total="509607936" percent="33">
    <mem type="eden" free="0" total="134217728" percent="0" />
    <remembered-set count="7840" freebytes="20341760" totalbytes="20373120" percent="99" regionsoverflowed="0" regionsstable="11" regionsrebuilding="0"/>
  </mem-info>
</gc-start>
<allocation-stats totalBytes="134019712" >
  <allocated-bytes non-tlh="32784" tlh="133986928" arrayletleaf="0"/>
  <largest-consumer threadName="Thread-42" threadId="0000000002289200" bytes="14364064" />
</allocation-stats>
<gc-op id="5903" type="copy forward" timems="13.037" contextid="5900" timestamp="2019-08-08T19:54:42.447">
  <memory-copied type="eden" objects="8936" bytes="3654072" bytesdiscarded="865192" />
  <memory-copied type="other" objects="32" bytes="1152" bytesdiscarded="0" />
  <memory-cardclean objects="3119" bytes="144968" />
  <regions eden="64" other="5" />
  <remembered-set-cleared processed="607" cleared="280" durationms="0.190" />
  <references type="phantom" candidates="3" cleared="0" enqueued="0" />
  <stringconstants candidates="16389" cleared="0"  />
</gc-op>
<gc-op id="5904" type="classunload" timems="0.010" contextid="5900" timestamp="2019-08-08T19:54:42.447">
  <classunload-info classloadercandidates="69" classloadersunloaded="0" classesunloaded="0" anonymousclassesunloaded="0" quiescems="0.000" setupms="0.010" scanms="0.000" postms="0.000" />
</gc-op>
<gc-end id="5905" type="partial gc" contextid="5900" durationms="14.132" usertimems="19.863" systemtimems="21.874" timestamp="2019-08-08T19:54:42.447" activeThreads="16">
  <mem-info id="5906" free="306184192" total="509607936" percent="60">
    <mem type="eden" free="1771912" total="6291456" percent="28" />
    <remembered-set count="8800" freebytes="20337920" totalbytes="20373120" percent="99" regionsoverflowed="0" regionsstable="11" regionsrebuilding="0"/>
  </mem-info>
</gc-end>
<cycle-end id="5907" type="partial gc" contextid="5900" timestamp="2019-08-08T19:54:42.447" />
  <attribute name="elasticGC enabled" value="1" />
  <attribute name= "numThreadsSpecified" value="16" />
  <attribute name="heapSize specified" value="0" />
  <attribute name="Current GC Util" value="130" />
  <attribute name= "Current Time Running" value="123315" />
  <attribute name ="GC Interval" value="0" />
  <attribute name="Target GC Util Change" value ="80.000000" />
  <attribute name="Current GC Util Change" value="130.000000"/>
  <attribute name="Current Error" value="-34.000000" />
  <attribute name="Output H" value="509683584"/>
  <attribute name="Output I" value="1952"/>
  <attribute name="Output T" value="16"/>
  <attribute name= "Current Time Running" value="123315" />
  <attribute name="GC Util currently" value="130" />
  <attribute name="CPU Util currently" value="2205024644164" />
<exclusive-end id="5908" timestamp="2019-08-08T19:54:42.447" durationms="16.011" />

<exclusive-start id="5909" timestamp="2019-08-08T19:54:42.524" intervalms="92.732">
  <response-info timems="1.279" idlems="1.279" threads="0" lastid="0000000002281B00" lastname="Thread-48" />
</exclusive-start>
<allocation-taxation id="5910" taxation-threshold="134217728" timestamp="2019-08-08T19:54:42.524" intervalms="91.926" />
<cycle-start id="5911" type="partial gc" contextid="0" timestamp="2019-08-08T19:54:42.524" intervalms="91.643" />
<gc-start id="5912" type="partial gc" contextid="5911" timestamp="2019-08-08T19:54:42.524">
  <mem-info id="5913" free="171966464" total="509607936" percent="33">
    <mem type="eden" free="0" total="134217728" percent="0" />
    <remembered-set count="8384" freebytes="20339584" totalbytes="20373120" percent="99" regionsoverflowed="0" regionsstable="11" regionsrebuilding="0"/>
  </mem-info>
</gc-start>
<allocation-stats totalBytes="133987232" >
  <allocated-bytes non-tlh="90144" tlh="133897088" arrayletleaf="0"/>
  <largest-consumer threadName="Thread-40" threadId="00000000022B2500" bytes="14663816" />
</allocation-stats>
<gc-op id="5914" type="copy forward" timems="17.817" contextid="5911" timestamp="2019-08-08T19:54:42.543">
  <memory-copied type="eden" objects="9827" bytes="4000864" bytesdiscarded="678560" />
  <memory-copied type="other" objects="32" bytes="1152" bytesdiscarded="0" />
  <memory-cardclean objects="3122" bytes="144664" />
  <regions eden="64" other="5" />
  <remembered-set-cleared processed="592" cleared="265" durationms="0.582" />
  <references type="phantom" candidates="4" cleared="0" enqueued="0" />
  <stringconstants candidates="16389" cleared="0"  />
</gc-op>
<gc-op id="5915" type="classunload" timems="0.024" contextid="5911" timestamp="2019-08-08T19:54:42.543">
  <classunload-info classloadercandidates="69" classloadersunloaded="0" classesunloaded="0" anonymousclassesunloaded="0" quiescems="0.000" setupms="0.024" scanms="0.000" postms="0.000" />
</gc-op>
<gc-end id="5916" type="partial gc" contextid="5911" durationms="19.186" usertimems="44.648" systemtimems="21.433" timestamp="2019-08-08T19:54:42.544" activeThreads="16">
  <mem-info id="5917" free="306184192" total="509607936" percent="60">
    <mem type="eden" free="1611744" total="6291456" percent="25" />
    <remembered-set count="8800" freebytes="20337920" totalbytes="20373120" percent="99" regionsoverflowed="0" regionsstable="11" regionsrebuilding="0"/>
  </mem-info>
</gc-end>
<cycle-end id="5918" type="partial gc" contextid="5911" timestamp="2019-08-08T19:54:42.544" />
  <attribute name="elasticGC enabled" value="1" />
  <attribute name= "numThreadsSpecified" value="16" />
  <attribute name="heapSize specified" value="0" />
  <attribute name="Current GC Util" value="137" />
  <attribute name= "Current Time Running" value="123407" />
  <attribute name ="GC Interval" value="0" />
  <attribute name="Target GC Util Change" value ="80.000000" />
  <attribute name="Current GC Util Change" value="137.000000"/>
  <attribute name="Current Error" value="-57.000000" />
  <attribute name="Output H" value="509683552"/>
  <attribute name="Output I" value="1912"/>
  <attribute name="Output T" value="16"/>
  <attribute name= "Current Time Running" value="123407" />
  <attribute name="GC Util currently" value="137" />
  <attribute name="CPU Util currently" value="2220115250237" />
<exclusive-end id="5919" timestamp="2019-08-08T19:54:42.544" durationms="19.994" />

<exclusive-start id="5920" timestamp="2019-08-08T19:54:42.656" intervalms="132.013">
  <response-info timems="3.615" idlems="3.615" threads="0" lastid="0000000002272B00" lastname="Thread-44" />
</exclusive-start>
<allocation-taxation id="5921" taxation-threshold="134217728" timestamp="2019-08-08T19:54:42.656" intervalms="132.029" />
<cycle-start id="5922" type="partial gc" contextid="0" timestamp="2019-08-08T19:54:42.656" intervalms="132.029" />
<gc-start id="5923" type="partial gc" contextid="5922" timestamp="2019-08-08T19:54:42.656">
  <mem-info id="5924" free="171966464" total="509607936" percent="33">
    <mem type="eden" free="0" total="134217728" percent="0" />
    <remembered-set count="8576" freebytes="20338816" totalbytes="20373120" percent="99" regionsoverflowed="0" regionsstable="11" regionsrebuilding="0"/>
  </mem-info>
</gc-start>
<allocation-stats totalBytes="133986296" >
  <allocated-bytes non-tlh="98336" tlh="133887960" arrayletleaf="0"/>
  <largest-consumer threadName="Thread-42" threadId="0000000002289200" bytes="14466784" />
</allocation-stats>
<gc-op id="5925" type="copy forward" timems="11.158" contextid="5922" timestamp="2019-08-08T19:54:42.669">
  <memory-copied type="eden" objects="8746" bytes="3634520" bytesdiscarded="675160" />
  <memory-copied type="other" objects="34" bytes="1440" bytesdiscarded="0" />
  <memory-cardclean objects="3115" bytes="144400" />
  <regions eden="64" other="5" />
  <remembered-set-cleared processed="593" cleared="263" durationms="0.214" />
  <references type="phantom" candidates="6" cleared="0" enqueued="0" />
  <stringconstants candidates="16389" cleared="0"  />
</gc-op>
<gc-op id="5926" type="classunload" timems="0.015" contextid="5922" timestamp="2019-08-08T19:54:42.669">
  <classunload-info classloadercandidates="69" classloadersunloaded="0" classesunloaded="0" anonymousclassesunloaded="0" quiescems="0.000" setupms="0.014" scanms="0.000" postms="0.000" />
</gc-op>
<heap-resize id="5927" type="expand" space="default" amount="4194304" count="1" timems="0.075" reason="excessive time being spent in gc" timestamp="2019-08-08T19:54:42.669" />
<gc-end id="5928" type="partial gc" contextid="5922" durationms="12.681" usertimems="27.111" systemtimems="14.922" timestamp="2019-08-08T19:54:42.669" activeThreads="16">
  <mem-info id="5929" free="308281344" total="513802240" percent="60">
    <mem type="eden" free="1981472" total="6291456" percent="31" />
    <remembered-set count="7264" freebytes="20511744" totalbytes="20540800" percent="99" regionsoverflowed="0" regionsstable="11" regionsrebuilding="0"/>
  </mem-info>
</gc-end>
<cycle-end id="5930" type="partial gc" contextid="5922" timestamp="2019-08-08T19:54:42.669" />
  <attribute name="elasticGC enabled" value="1" />
  <attribute name= "numThreadsSpecified" value="16" />
  <attribute name="heapSize specified" value="0" />
  <attribute name="Current GC Util" value="96" />
  <attribute name= "Current Time Running" value="123539" />
  <attribute name ="GC Interval" value="0" />
  <attribute name="Target GC Util Change" value ="80.000000" />
  <attribute name="Current GC Util Change" value="96.000000"/>
  <attribute name="Current Error" value="-28.000000" />
  <attribute name="Output H" value="509683584"/>
  <attribute name="Output I" value="1960"/>
  <attribute name="Output T" value="16"/>
  <attribute name= "Current Time Running" value="123539" />
  <attribute name="GC Util currently" value="96" />
  <attribute name="CPU Util currently" value="1435147439349" />
<exclusive-end id="5931" timestamp="2019-08-08T19:54:42.669" durationms="13.263" />

<exclusive-start id="5932" timestamp="2019-08-08T19:54:42.758" intervalms="102.250">
  <response-info timems="0.213" idlems="0.213" threads="0" lastid="000000000227DF00" lastname="Thread-46" />
</exclusive-start>
<allocation-taxation id="5933" taxation-threshold="134217728" timestamp="2019-08-08T19:54:42.758" intervalms="102.250" />
<cycle-start id="5934" type="partial gc" contextid="0" timestamp="2019-08-08T19:54:42.759" intervalms="102.275" />
<gc-start id="5935" type="partial gc" contextid="5934" timestamp="2019-08-08T19:54:42.759">
  <mem-info id="5936" free="174063616" total="513802240" percent="33">
    <mem type="eden" free="0" total="134217728" percent="0" />
    <remembered-set count="7104" freebytes="20512384" totalbytes="20540800" percent="99" regionsoverflowed="0" regionsstable="11" regionsrebuilding="0"/>
  </mem-info>
</gc-start>
<allocation-stats totalBytes="134009432" >
  <allocated-bytes non-tlh="32784" tlh="133976648" arrayletleaf="0"/>
  <largest-consumer threadName="Thread-51" threadId="00000000022C5100" bytes="14212280" />
</allocation-stats>
<gc-op id="5937" type="copy forward" timems="6.998" contextid="5934" timestamp="2019-08-08T19:54:42.767">
  <memory-copied type="eden" objects="9167" bytes="3640992" bytesdiscarded="0" />
  <memory-copied type="other" objects="18" bytes="872" bytesdiscarded="0" />
  <memory-cardclean objects="3114" bytes="145248" />
  <regions eden="64" other="5" />
  <remembered-set-cleared processed="591" cleared="262" durationms="0.819" />
  <stringconstants candidates="16389" cleared="0"  />
</gc-op>
<gc-op id="5938" type="classunload" timems="0.012" contextid="5934" timestamp="2019-08-08T19:54:42.767">
  <classunload-info classloadercandidates="69" classloadersunloaded="0" classesunloaded="0" anonymousclassesunloaded="0" quiescems="0.000" setupms="0.012" scanms="0.000" postms="0.000" />
</gc-op>
<gc-end id="5939" type="partial gc" contextid="5934" durationms="8.356" usertimems="13.533" systemtimems="3.784" timestamp="2019-08-08T19:54:42.768" activeThreads="1">
  <mem-info id="5940" free="310378496" total="513802240" percent="60">
    <mem type="eden" free="553064" total="4194304" percent="13" />
    <remembered-set count="7488" freebytes="20510848" totalbytes="20540800" percent="99" regionsoverflowed="0" regionsstable="11" regionsrebuilding="0"/>
  </mem-info>
</gc-end>
<cycle-end id="5941" type="partial gc" contextid="5934" timestamp="2019-08-08T19:54:42.768" />
  <attribute name="elasticGC enabled" value="1" />
  <attribute name= "numThreadsSpecified" value="1" />
  <attribute name="heapSize specified" value="0" />
  <attribute name="Current GC Util" value="123" />
  <attribute name= "Current Time Running" value="123642" />
  <attribute name ="GC Interval" value="0" />
  <attribute name="Target GC Util Change" value ="80.000000" />
  <attribute name="Current GC Util Change" value="123.000000"/>
  <attribute name="Current Error" value="-20.000000" />
  <attribute name="Output H" value="513877904"/>
  <attribute name="Output I" value="1976"/>
  <attribute name="Output T" value="1"/>
  <attribute name= "Current Time Running" value="123642" />
  <attribute name="GC Util currently" value="123" />
  <attribute name="CPU Util currently" value="1524856847798" />
<exclusive-end id="5942" timestamp="2019-08-08T19:54:42.768" durationms="10.075" />

<exclusive-start id="5943" timestamp="2019-08-08T19:54:42.867" intervalms="108.807">
  <response-info timems="1.329" idlems="0.680" threads="1" lastid="00000000022AAD00" lastname="Thread-41" />
</exclusive-start>
<allocation-taxation id="5944" taxation-threshold="134217728" timestamp="2019-08-08T19:54:42.867" intervalms="108.793" />
<cycle-start id="5945" type="partial gc" contextid="0" timestamp="2019-08-08T19:54:42.867" intervalms="108.759" />
<gc-start id="5946" type="partial gc" contextid="5945" timestamp="2019-08-08T19:54:42.867">
  <mem-info id="5947" free="176160768" total="513802240" percent="34">
    <mem type="eden" free="0" total="134217728" percent="0" />
    <remembered-set count="7008" freebytes="20512768" totalbytes="20540800" percent="99" regionsoverflowed="0" regionsstable="11" regionsrebuilding="0"/>
  </mem-info>
</gc-start>
<allocation-stats totalBytes="134059424" >
  <allocated-bytes non-tlh="49168" tlh="134010256" arrayletleaf="0"/>
  <largest-consumer threadName="Thread-48" threadId="0000000002281B00" bytes="14895824" />
</allocation-stats>
<gc-op id="5948" type="copy forward" timems="10.973" contextid="5945" timestamp="2019-08-08T19:54:42.880">
  <memory-copied type="eden" objects="10119" bytes="3994072" bytesdiscarded="785048" />
  <memory-copied type="other" objects="12" bytes="432" bytesdiscarded="0" />
  <memory-cardclean objects="3134" bytes="146560" />
  <regions eden="64" other="3" />
  <remembered-set-cleared processed="607" cleared="280" durationms="0.183" />
  <stringconstants candidates="16389" cleared="0"  />
</gc-op>
<gc-op id="5949" type="classunload" timems="0.013" contextid="5945" timestamp="2019-08-08T19:54:42.880">
  <classunload-info classloadercandidates="69" classloadersunloaded="0" classesunloaded="0" anonymousclassesunloaded="0" quiescems="0.000" setupms="0.013" scanms="0.000" postms="0.000" />
</gc-op>
<gc-end id="5950" type="partial gc" contextid="5945" durationms="12.902" usertimems="15.911" systemtimems="24.306" timestamp="2019-08-08T19:54:42.880" activeThreads="16">
  <mem-info id="5951" free="304087040" total="513802240" percent="59">
    <mem type="eden" free="3609232" total="8388608" percent="43" />
    <remembered-set count="8288" freebytes="20507648" totalbytes="20540800" percent="99" regionsoverflowed="0" regionsstable="11" regionsrebuilding="0"/>
  </mem-info>
</gc-end>
<cycle-end id="5952" type="partial gc" contextid="5945" timestamp="2019-08-08T19:54:42.880" />
  <attribute name="elasticGC enabled" value="1" />
  <attribute name= "numThreadsSpecified" value="16" />
  <attribute name="heapSize specified" value="0" />
  <attribute name="Current GC Util" value="71" />
  <attribute name= "Current Time Running" value="123751" />
  <attribute name ="GC Interval" value="0" />
  <attribute name="Target GC Util Change" value ="80.000000" />
  <attribute name="Current GC Util Change" value="71.000000"/>
  <attribute name="Current Error" value="9.000000" />
  <attribute name="Output H" value="513877936"/>
  <attribute name="Output I" value="2024"/>
  <attribute name="Output T" value="16"/>
  <attribute name= "Current Time Running" value="123751" />
  <attribute name="GC Util currently" value="71" />
  <attribute name="CPU Util currently" value="833994418269" />
<exclusive-end id="5953" timestamp="2019-08-08T19:54:42.881" durationms="13.417" />

<exclusive-start id="5954" timestamp="2019-08-08T19:54:42.972" intervalms="104.746">
  <response-info timems="1.224" idlems="1.224" threads="0" lastid="00000000022AAD00" lastname="Thread-41" />
</exclusive-start>
<allocation-taxation id="5955" taxation-threshold="134217728" timestamp="2019-08-08T19:54:42.972" intervalms="104.746" />
<cycle-start id="5956" type="partial gc" contextid="0" timestamp="2019-08-08T19:54:42.972" intervalms="104.748" />
<gc-start id="5957" type="partial gc" contextid="5956" timestamp="2019-08-08T19:54:42.972">
  <mem-info id="5958" free="169869312" total="513802240" percent="33">
    <mem type="eden" free="0" total="134217728" percent="0" />
    <remembered-set count="7936" freebytes="20509056" totalbytes="20540800" percent="99" regionsoverflowed="0" regionsstable="11" regionsrebuilding="0"/>
  </mem-info>
</gc-start>
<allocation-stats totalBytes="134020856" >
  <allocated-bytes non-tlh="32776" tlh="133988080" arrayletleaf="0"/>
  <largest-consumer threadName="Thread-42" threadId="0000000002289200" bytes="11222344" />
</allocation-stats>
<gc-op id="5959" type="copy forward" timems="16.681" contextid="5956" timestamp="2019-08-08T19:54:42.990">
  <memory-copied type="eden" objects="9390" bytes="3698048" bytesdiscarded="818408" />
  <memory-copied type="other" objects="16" bytes="576" bytesdiscarded="0" />
  <memory-cardclean objects="3154" bytes="146992" />
  <regions eden="64" other="6" />
  <remembered-set-cleared processed="606" cleared="279" durationms="0.682" />
  <references type="weak" candidates="1" cleared="0" enqueued="0" />
  <references type="phantom" candidates="3" cleared="0" enqueued="0" />
  <stringconstants candidates="16389" cleared="0"  />
</gc-op>
<gc-op id="5960" type="classunload" timems="0.011" contextid="5956" timestamp="2019-08-08T19:54:42.990">
  <classunload-info classloadercandidates="69" classloadersunloaded="0" classesunloaded="0" anonymousclassesunloaded="0" quiescems="0.000" setupms="0.011" scanms="0.000" postms="0.000" />
</gc-op>
<gc-end id="5961" type="partial gc" contextid="5956" durationms="17.956" usertimems="26.243" systemtimems="34.873" timestamp="2019-08-08T19:54:42.990" activeThreads="16">
  <mem-info id="5962" free="306184192" total="513802240" percent="59">
    <mem type="eden" free="1774744" total="6291456" percent="28" />
    <remembered-set count="10336" freebytes="20499456" totalbytes="20540800" percent="99" regionsoverflowed="0" regionsstable="11" regionsrebuilding="0"/>
  </mem-info>
</gc-end>
<cycle-end id="5963" type="partial gc" contextid="5956" timestamp="2019-08-08T19:54:42.990" />
  <attribute name="elasticGC enabled" value="1" />
  <attribute name= "numThreadsSpecified" value="16" />
  <attribute name="heapSize specified" value="0" />
  <attribute name="Current GC Util" value="120" />
  <attribute name= "Current Time Running" value="123855" />
  <attribute name ="GC Interval" value="0" />
  <attribute name="Target GC Util Change" value ="80.000000" />
  <attribute name="Current GC Util Change" value="120.000000"/>
  <attribute name="Current Error" value="19.000000" />
  <attribute name="Output H" value="513877944"/>
  <attribute name="Output I" value="2048"/>
  <attribute name="Output T" value="16"/>
  <attribute name= "Current Time Running" value="123855" />
  <attribute name="GC Util currently" value="120" />
  <attribute name="CPU Util currently" value="1499462068047" />
<exclusive-end id="5964" timestamp="2019-08-08T19:54:42.990" durationms="18.532" />

===== DaCapo 9.12-MR1 xalan PASSED in 11210 msec =====
</verbosegc>

