<?xml version="1.0" ?>

<verbosegc xmlns="http://www.ibm.com/j9/verbosegc" version="10b4217_CMPRSS">

<initialized id="1" timestamp="2019-06-15T04:55:44.454">
  <attribute name="gcPolicy" value="-Xgcpolicy:gencon" />
  <attribute name="elasticGC enabled" value="1" />
  <attribute name= "numThreadsSpecified" value="0" />
  <attribute name="heapSize specified" value="0" />
  <attribute name="Current GC Util" value="0" />
  <attribute name= "Current Time Running" value="0" />
  <attribute name ="GC Interval" value="0" />
  <attribute name="ProportionalT" value="0.000000" />
  <attribute name="ProportionalI" value="0.000000" />
  <attribute name="ProportionalH" value="0.000000" />
  <attribute name="IntegralT" value="0.000000" />
  <attribute name="IntegralI" value="0.000000" />
  <attribute name="IntegralH" value="0.000000" />
  <attribute name="DerivativeT" value="0.000000" />
  <attribute name="DerivativeI" value="0.000000" />
  <attribute name="DerivativeH" value="0.000000" />
  <attribute name="Target GC Util Change" value ="0.000000" />
  <attribute name="Current GC Util Change" value="0.000000"/>
  <attribute name="Current Error" value="0.000000" />
  <attribute name="Loop Time for DT" value="0.000000" />
  <attribute name="Output H" value="0"/>
  <attribute name="Output I" value="0"/>
  <attribute name="Output T" value="0"/>
  <attribute name="GC Util currently" value="0" />
  <attribute name="CPU Util currently" value="0" />
  <attribute name="maxHeapSize" value="0x7cbc0000" />
  <attribute name="initialHeapSize" value="0x800000" />
  <attribute name="compressedRefs" value="true" />
  <attribute name="compressedRefsDisplacement" value="0x0" />
  <attribute name="compressedRefsShift" value="0x0" />
  <attribute name="pageSize" value="0x1000" />
  <attribute name="pageType" value="not used" />
  <attribute name="requestedPageSize" value="0x1000" />
  <attribute name="requestedPageType" value="not used" />
  <attribute name="gcthreads" value="4" />
  <attribute name="gcthreads Concurrent Mark" value="1" />
  <attribute name="packetListSplit" value="4" />
  <attribute name="cacheListSplit" value="4" />
  <attribute name="splitFreeListSplitAmount" value="1" />
  <attribute name="numaNodes" value="0" />
  <system>
    <attribute name="physicalMemory" value="8370962432" />
    <attribute name="numCPUs" value="4" />
    <attribute name="architecture" value="amd64" />
    <attribute name="os" value="Linux" />
    <attribute name="osVersion" value="4.4.0-148-generic" />
  </system>
  <vmargs>
    <vmarg name="-Xoptionsfile=/vagrant/jdk/lib/options.default" />
    <vmarg name="-Xlockword:mode=default,noLockword=java/lang/String,noLockword=java/util/MapEntry,noLockword=java/util/HashMap$Entry,noLockword..." />
    <vmarg name="-Xjcl:jclse29" />
    <vmarg name="-Dcom.ibm.oti.vm.bootstrap.library.path=/vagrant/jdk/lib/compressedrefs:/vagrant/jdk/lib" />
    <vmarg name="-Dsun.boot.library.path=/vagrant/jdk/lib/compressedrefs:/vagrant/jdk/lib" />
    <vmarg name="-Djava.library.path=/vagrant/jdk/lib/compressedrefs:/vagrant/jdk/lib:/usr/lib64:/usr/lib" />
    <vmarg name="-Djava.home=/vagrant/jdk" />
    <vmarg name="-Duser.dir=/vagrant" />
    <vmarg name="-verbose:gc" />
    <vmarg name="-Xgcelastic" />
    <vmarg name="-Xcheck:gc:::elasticGC" />
    <vmarg name="-Xloggc:large-jdk0.5-1-1.5-verbose13pmd.txt" />
    <vmarg name="-Djava.class.path=dacapo-9.12-MR1-bach.jar" />
    <vmarg name="-Dsun.java.command=dacapo-9.12-MR1-bach.jar pmd --size=large" />
    <vmarg name="-Dsun.java.launcher=SUN_STANDARD" />
    <vmarg name="-Dsun.java.launcher.pid=17044" />
  </vmargs>
</initialized>

<exclusive-start id="2" timestamp="2019-06-15T04:55:44.629" intervalms="174.747">
  <response-info timems="0.022" idlems="0.022" threads="0" lastid="00000000013C3700" lastname="main" />
</exclusive-start>
<af-start id="3" threadId="00000000013C4088" totalBytesRequested="7176" timestamp="2019-06-15T04:55:44.629" intervalms="174.944" type="nursery" />
<cycle-start id="4" type="scavenge" contextid="0" timestamp="2019-06-15T04:55:44.629" intervalms="175.307" />
<gc-start id="5" type="scavenge" contextid="4" timestamp="2019-06-15T04:55:44.634">
  <mem-info id="6" free="6062624" total="8388608" percent="72">
    <mem type="nursery" free="0" total="2097152" percent="0">
      <mem type="allocate" free="0" total="1048576" percent="0" />
      <mem type="survivor" free="0" total="1048576" percent="0" />
    </mem>
    <mem type="tenure" free="6062624" total="6291456" percent="96">
      <mem type="soa" free="5748256" total="5977088" percent="96" />
      <mem type="loa" free="314368" total="314368" percent="100" />
    </mem>
    <remembered-set count="3161" />
  </mem-info>
</gc-start>
<allocation-stats totalBytes="1275632" >
  <allocated-bytes non-tlh="344784" tlh="930848" />
  <largest-consumer threadName="main" threadId="00000000013C3700" bytes="1199072" />
</allocation-stats>
<gc-op id="7" type="scavenge" timems="2.262" contextid="4" timestamp="2019-06-15T04:55:44.637">
  <scavenger-info tenureage="2" tenuremask="fffc" tiltratio="50" />
  <memory-copied type="nursery" objects="10578" bytes="479592" bytesdiscarded="82656" />
  <finalization candidates="11" enqueued="0" />
  <references type="soft" candidates="62" cleared="0" enqueued="0" dynamicThreshold="32" maxThreshold="32" />
  <references type="weak" candidates="309" cleared="177" enqueued="141" />
  <references type="phantom" candidates="25" cleared="6" enqueued="6" />
</gc-op>
<gc-end id="8" type="scavenge" contextid="4" durationms="5.824" usertimems="4.000" systemtimems="4.000" timestamp="2019-06-15T04:55:44.640" activeThreads="4">
  <mem-info id="9" free="6546856" total="8388608" percent="78">
    <mem type="nursery" free="484232" total="2097152" percent="23">
      <mem type="allocate" free="484232" total="1048576" percent="46" />
      <mem type="survivor" free="0" total="1048576" percent="0" />
    </mem>
    <mem type="tenure" free="6062624" total="6291456" percent="96">
      <mem type="soa" free="5748256" total="5977088" percent="96" />
      <mem type="loa" free="314368" total="314368" percent="100" />
    </mem>
    <pending-finalizers system="0" default="0" reference="147" classloader="0" />
    <remembered-set count="3161" />
  </mem-info>
</gc-end>
<cycle-end id="10" type="scavenge" contextid="4" timestamp="2019-06-15T04:55:44.640" />
  <attribute name="elasticGC enabled" value="1" />
  <attribute name= "numThreadsSpecified" value="0" />
  <attribute name="heapSize specified" value="0" />
  <attribute name="Current GC Util" value="0" />
  <attribute name= "Current Time Running" value="68" />
  <attribute name ="GC Interval" value="1" />
  <attribute name="ProportionalT" value="0.000000" />
  <attribute name="ProportionalI" value="0.000000" />
  <attribute name="ProportionalH" value="0.000000" />
  <attribute name="Current Error" value="0.000000" />
  <attribute name="IntegralT" value="0.000000" />
  <attribute name="IntegralI" value="0.000000" />
  <attribute name="IntegralH" value="0.000000" />
  <attribute name="DerivativeT" value="0.000000" />
  <attribute name="DerivativeI" value="0.000000" />
  <attribute name="DerivativeH" value="0.000000" />
  <attribute name="Loop Time for DT" value="0.000000" />
  <attribute name="Output H" value="0"/>
  <attribute name="Output I" value="0"/>
  <attribute name="Output T" value="0"/>
  <attribute name="Target GC Util Change" value ="20.000000" />
  <attribute name="Current GC Util Change" value="0.000000"/>
  <attribute name="GC Util currently" value="0" />
  <attribute name="CPU Util currently" value="29" />
<allocation-satisfied id="11" threadId="00000000013C3700" bytesRequested="7176" />
<af-end id="12" timestamp="2019-06-15T04:55:44.640" threadId="00000000013C4088" success="true" from="nursery"/>
<exclusive-end id="13" timestamp="2019-06-15T04:55:44.640" durationms="11.792" />

<exclusive-start id="14" timestamp="2019-06-15T04:55:44.660" intervalms="31.308">
  <response-info timems="0.022" idlems="0.022" threads="0" lastid="00000000013C3700" lastname="main" />
</exclusive-start>
<af-start id="15" threadId="00000000013C4088" totalBytesRequested="3616" timestamp="2019-06-15T04:55:44.660" intervalms="31.176" type="nursery" />
<cycle-start id="16" type="scavenge" contextid="0" timestamp="2019-06-15T04:55:44.660" intervalms="30.866" />
<gc-start id="17" type="scavenge" contextid="16" timestamp="2019-06-15T04:55:44.664">
  <mem-info id="18" free="6054720" total="8388608" percent="72">
    <mem type="nursery" free="0" total="2097152" percent="0">
      <mem type="allocate" free="0" total="1048576" percent="0" />
      <mem type="survivor" free="0" total="1048576" percent="0" />
    </mem>
    <mem type="tenure" free="6054720" total="6291456" percent="96">
      <mem type="soa" free="5740352" total="5977088" percent="96" />
      <mem type="loa" free="314368" total="314368" percent="100" />
    </mem>
    <remembered-set count="3264" />
  </mem-info>
</gc-start>
<allocation-stats totalBytes="484648" >
  <allocated-bytes non-tlh="15080" tlh="469568" />
  <largest-consumer threadName="main" threadId="00000000013C3700" bytes="472672" />
</allocation-stats>
<gc-op id="19" type="scavenge" timems="0.918" contextid="16" timestamp="2019-06-15T04:55:44.665">
  <scavenger-info tenureage="5" tenuremask="7fe0" tiltratio="50" />
  <memory-copied type="nursery" objects="10917" bytes="486752" bytesdiscarded="59232" />
  <finalization candidates="11" enqueued="0" />
  <references type="soft" candidates="62" cleared="0" enqueued="0" dynamicThreshold="32" maxThreshold="32" />
  <references type="weak" candidates="249" cleared="104" enqueued="101" />
  <references type="phantom" candidates="39" cleared="13" enqueued="13" />
</gc-op>
<gc-end id="20" type="scavenge" contextid="16" durationms="4.531" usertimems="4.000" systemtimems="0.000" timestamp="2019-06-15T04:55:44.668" activeThreads="4">
  <mem-info id="21" free="6555848" total="8388608" percent="78">
    <mem type="nursery" free="501128" total="2097152" percent="23">
      <mem type="allocate" free="501128" total="1048576" percent="47" />
      <mem type="survivor" free="0" total="1048576" percent="0" />
    </mem>
    <mem type="tenure" free="6054720" total="6291456" percent="96">
      <mem type="soa" free="5740352" total="5977088" percent="96" />
      <mem type="loa" free="314368" total="314368" percent="100" />
    </mem>
    <pending-finalizers system="0" default="0" reference="114" classloader="0" />
    <remembered-set count="3264" />
  </mem-info>
</gc-end>
<cycle-end id="22" type="scavenge" contextid="16" timestamp="2019-06-15T04:55:44.669" />
  <attribute name="elasticGC enabled" value="1" />
  <attribute name= "numThreadsSpecified" value="0" />
  <attribute name="heapSize specified" value="0" />
  <attribute name="Current GC Util" value="38" />
  <attribute name= "Current Time Running" value="98" />
  <attribute name ="GC Interval" value="1" />
  <attribute name="ProportionalT" value="0.000000" />
  <attribute name="ProportionalI" value="0.000000" />
  <attribute name="ProportionalH" value="0.000000" />
  <attribute name="Current Error" value="0.000000" />
  <attribute name="IntegralT" value="0.000000" />
  <attribute name="IntegralI" value="0.000000" />
  <attribute name="IntegralH" value="0.000000" />
  <attribute name="DerivativeT" value="0.000000" />
  <attribute name="DerivativeI" value="0.000000" />
  <attribute name="DerivativeH" value="0.000000" />
  <attribute name="Loop Time for DT" value="68.000000" />
  <attribute name="Output H" value="0"/>
  <attribute name="Output I" value="0"/>
  <attribute name="Output T" value="0"/>
  <attribute name="Target GC Util Change" value ="20.000000" />
  <attribute name="Current GC Util Change" value="38.000000"/>
  <attribute name="GC Util currently" value="38" />
  <attribute name="CPU Util currently" value="15" />
<allocation-satisfied id="23" threadId="00000000013C3700" bytesRequested="3616" />
<af-end id="24" timestamp="2019-06-15T04:55:44.669" threadId="00000000013C4088" success="true" from="nursery"/>
<exclusive-end id="25" timestamp="2019-06-15T04:55:44.669" durationms="8.868" />

<exclusive-start id="26" timestamp="2019-06-15T04:55:44.682" intervalms="21.649">
  <response-info timems="0.050" idlems="0.050" threads="0" lastid="00000000013C3700" lastname="main" />
</exclusive-start>
<af-start id="27" threadId="00000000013C4088" totalBytesRequested="2368" timestamp="2019-06-15T04:55:44.682" intervalms="21.656" type="nursery" />
<cycle-start id="28" type="scavenge" contextid="0" timestamp="2019-06-15T04:55:44.682" intervalms="21.654" />
<gc-start id="29" type="scavenge" contextid="28" timestamp="2019-06-15T04:55:44.685">
  <mem-info id="30" free="6049528" total="8388608" percent="72">
    <mem type="nursery" free="0" total="2097152" percent="0">
      <mem type="allocate" free="0" total="1048576" percent="0" />
      <mem type="survivor" free="0" total="1048576" percent="0" />
    </mem>
    <mem type="tenure" free="6049528" total="6291456" percent="96">
      <mem type="soa" free="5735160" total="5977088" percent="95" />
      <mem type="loa" free="314368" total="314368" percent="100" />
    </mem>
    <remembered-set count="3346" />
  </mem-info>
</gc-start>
<allocation-stats totalBytes="488408" >
  <allocated-bytes non-tlh="8808" tlh="479600" />
  <largest-consumer threadName="main" threadId="00000000013C3700" bytes="480216" />
</allocation-stats>
<gc-op id="31" type="scavenge" timems="0.884" contextid="28" timestamp="2019-06-15T04:55:44.686">
  <scavenger-info tenureage="4" tenuremask="7ff0" tiltratio="50" />
  <memory-copied type="nursery" objects="11035" bytes="544712" bytesdiscarded="26112" />
  <finalization candidates="11" enqueued="0" />
  <references type="soft" candidates="62" cleared="0" enqueued="0" dynamicThreshold="32" maxThreshold="32" />
  <references type="weak" candidates="234" cleared="87" enqueued="87" />
  <references type="phantom" candidates="40" cleared="12" enqueued="12" />
</gc-op>
<gc-end id="32" type="scavenge" contextid="28" durationms="1.071" usertimems="0.000" systemtimems="0.000" timestamp="2019-06-15T04:55:44.686" activeThreads="4">
  <mem-info id="33" free="6525816" total="8388608" percent="77">
    <mem type="nursery" free="476288" total="2097152" percent="22">
      <mem type="allocate" free="476288" total="1048576" percent="45" />
      <mem type="survivor" free="0" total="1048576" percent="0" />
    </mem>
    <mem type="tenure" free="6049528" total="6291456" percent="96">
      <mem type="soa" free="5735160" total="5977088" percent="95" />
      <mem type="loa" free="314368" total="314368" percent="100" />
    </mem>
    <pending-finalizers system="0" default="0" reference="99" classloader="0" />
    <remembered-set count="1076" />
  </mem-info>
</gc-end>
<cycle-end id="34" type="scavenge" contextid="28" timestamp="2019-06-15T04:55:44.686" />
  <attribute name="elasticGC enabled" value="1" />
  <attribute name= "numThreadsSpecified" value="4" />
  <attribute name="heapSize specified" value="0" />
  <attribute name="Current GC Util" value="40" />
  <attribute name= "Current Time Running" value="119" />
  <attribute name ="GC Interval" value="432" />
  <attribute name="ProportionalT" value="10.000000" />
  <attribute name="ProportionalI" value="10.000000" />
  <attribute name="ProportionalH" value="10.000000" />
  <attribute name="Current Error" value="20.000000" />
  <attribute name="IntegralT" value="420.000000" />
  <attribute name="IntegralI" value="420.000000" />
  <attribute name="IntegralH" value="420.000000" />
  <attribute name="DerivativeT" value="1.428571" />
  <attribute name="DerivativeI" value="1.428571" />
  <attribute name="DerivativeH" value="1.428571" />
  <attribute name="Loop Time for DT" value="21.000000" />
  <attribute name="Output H" value="8388608"/>
  <attribute name="Output I" value="432"/>
  <attribute name="Output T" value="4"/>
  <attribute name="Target GC Util Change" value ="20.000000" />
  <attribute name="Current GC Util Change" value="40.000000"/>
  <attribute name="GC Util currently" value="40" />
  <attribute name="CPU Util currently" value="216040214437" />
<allocation-satisfied id="35" threadId="00000000013C3700" bytesRequested="2368" />
<af-end id="36" timestamp="2019-06-15T04:55:44.686" threadId="00000000013C4088" success="true" from="nursery"/>
<exclusive-end id="37" timestamp="2019-06-15T04:55:44.687" durationms="5.000" />

<exclusive-start id="38" timestamp="2019-06-15T04:55:44.784" intervalms="102.720">
  <response-info timems="0.023" idlems="0.023" threads="0" lastid="00000000013C3700" lastname="main" />
</exclusive-start>
<af-start id="39" threadId="00000000013C4088" totalBytesRequested="72" timestamp="2019-06-15T04:55:44.784" intervalms="102.724" type="nursery" />
<cycle-start id="40" type="scavenge" contextid="0" timestamp="2019-06-15T04:55:44.784" intervalms="102.723" />
<gc-start id="41" type="scavenge" contextid="40" timestamp="2019-06-15T04:55:44.784">
  <mem-info id="42" free="6047568" total="8388608" percent="72">
    <mem type="nursery" free="0" total="2097152" percent="0">
      <mem type="allocate" free="0" total="1048576" percent="0" />
      <mem type="survivor" free="0" total="1048576" percent="0" />
    </mem>
    <mem type="tenure" free="6047568" total="6291456" percent="96">
      <mem type="soa" free="5733200" total="5977088" percent="95" />
      <mem type="loa" free="314368" total="314368" percent="100" />
    </mem>
    <remembered-set count="1104" />
  </mem-info>
</gc-start>
<allocation-stats totalBytes="478008" >
  <allocated-bytes non-tlh="4328" tlh="473680" />
  <largest-consumer threadName="main" threadId="00000000013C3700" bytes="478008" />
</allocation-stats>
<gc-op id="43" type="scavenge" timems="1.117" contextid="40" timestamp="2019-06-15T04:55:44.786">
  <scavenger-info tenureage="3" tenuremask="fff8" tiltratio="50" />
  <memory-copied type="nursery" objects="863" bytes="189400" bytesdiscarded="143896" />
  <memory-copied type="tenure" objects="10288" bytes="459816" bytesdiscarded="40" />
  <finalization candidates="14" enqueued="1" />
  <references type="soft" candidates="1" cleared="0" enqueued="0" dynamicThreshold="32" maxThreshold="32" />
  <references type="weak" candidates="48" cleared="32" enqueued="32" />
  <references type="phantom" candidates="22" cleared="10" enqueued="10" />
</gc-op>
<gc-end id="44" type="scavenge" contextid="40" durationms="1.261" usertimems="4.000" systemtimems="0.000" timestamp="2019-06-15T04:55:44.786" activeThreads="4">
  <mem-info id="45" free="6205312" total="8388608" percent="73">
    <mem type="nursery" free="715208" total="2097152" percent="34">
      <mem type="allocate" free="715208" total="1048576" percent="68" />
      <mem type="survivor" free="0" total="1048576" percent="0" />
    </mem>
    <mem type="tenure" free="5490104" total="6291456" percent="87">
      <mem type="soa" free="5175736" total="5977088" percent="86" />
      <mem type="loa" free="314368" total="314368" percent="100" />
    </mem>
    <pending-finalizers system="1" default="0" reference="42" classloader="0" />
    <remembered-set count="222" />
  </mem-info>
</gc-end>
<cycle-end id="46" type="scavenge" contextid="40" timestamp="2019-06-15T04:55:44.786" />
  <attribute name="elasticGC enabled" value="1" />
  <attribute name= "numThreadsSpecified" value="4" />
  <attribute name="heapSize specified" value="0" />
  <attribute name="Current GC Util" value="5" />
  <attribute name= "Current Time Running" value="218" />
  <attribute name ="GC Interval" value="200" />
  <attribute name="ProportionalT" value="-7.500000" />
  <attribute name="ProportionalI" value="-7.500000" />
  <attribute name="ProportionalH" value="-7.500000" />
  <attribute name="Current Error" value="-15.000000" />
  <attribute name="IntegralT" value="-1065.000000" />
  <attribute name="IntegralI" value="-1065.000000" />
  <attribute name="IntegralH" value="-1065.000000" />
  <attribute name="DerivativeT" value="-0.530303" />
  <attribute name="DerivativeI" value="-0.530303" />
  <attribute name="DerivativeH" value="-0.530303" />
  <attribute name="Loop Time for DT" value="99.000000" />
  <attribute name="Output H" value="2092630016"/>
  <attribute name="Output I" value="200"/>
  <attribute name="Output T" value="4"/>
  <attribute name="Target GC Util Change" value ="20.000000" />
  <attribute name="Current GC Util Change" value="5.000000"/>
  <attribute name="GC Util currently" value="5" />
  <attribute name="CPU Util currently" value="8" />
<allocation-satisfied id="47" threadId="00000000013C3700" bytesRequested="72" />
<af-end id="48" timestamp="2019-06-15T04:55:44.786" threadId="00000000013C4088" success="true" from="nursery"/>
<exclusive-end id="49" timestamp="2019-06-15T04:55:44.786" durationms="1.615" />

<exclusive-start id="50" timestamp="2019-06-15T04:55:44.860" intervalms="75.826">
  <response-info timems="0.024" idlems="0.024" threads="0" lastid="00000000013C3700" lastname="main" />
</exclusive-start>
<af-start id="51" threadId="00000000013C4088" totalBytesRequested="2056" timestamp="2019-06-15T04:55:44.860" intervalms="75.809" type="nursery" />
<cycle-start id="52" type="scavenge" contextid="0" timestamp="2019-06-15T04:55:44.860" intervalms="75.808" />
<gc-start id="53" type="scavenge" contextid="52" timestamp="2019-06-15T04:55:44.860">
  <mem-info id="54" free="5490104" total="8388608" percent="65">
    <mem type="nursery" free="0" total="2097152" percent="0">
      <mem type="allocate" free="0" total="1048576" percent="0" />
      <mem type="survivor" free="0" total="1048576" percent="0" />
    </mem>
    <mem type="tenure" free="5490104" total="6291456" percent="87">
      <mem type="soa" free="5175736" total="5977088" percent="86" />
      <mem type="loa" free="314368" total="314368" percent="100" />
    </mem>
    <remembered-set count="222" />
  </mem-info>
</gc-start>
<allocation-stats totalBytes="711256" >
  <allocated-bytes non-tlh="72" tlh="711184" />
  <largest-consumer threadName="main" threadId="00000000013C3700" bytes="711256" />
</allocation-stats>
<gc-op id="55" type="scavenge" timems="0.308" contextid="52" timestamp="2019-06-15T04:55:44.861">
  <scavenger-info tenureage="3" tenuremask="7ff8" tiltratio="50" />
  <memory-copied type="nursery" objects="463" bytes="86864" bytesdiscarded="38760" />
  <memory-copied type="tenure" objects="307" bytes="15688" bytesdiscarded="0" />
  <finalization candidates="2" enqueued="0" />
  <references type="soft" candidates="1" cleared="0" enqueued="0" dynamicThreshold="32" maxThreshold="32" />
  <references type="weak" candidates="2" cleared="0" enqueued="0" />
  <references type="phantom" candidates="5" cleared="0" enqueued="0" />
</gc-op>
<gc-end id="56" type="scavenge" contextid="52" durationms="0.449" usertimems="0.000" systemtimems="0.000" timestamp="2019-06-15T04:55:44.861" activeThreads="4">
  <mem-info id="57" free="6373808" total="8388608" percent="75">
    <mem type="nursery" free="922872" total="2097152" percent="44">
      <mem type="allocate" free="922872" total="1048576" percent="88" />
      <mem type="survivor" free="0" total="1048576" percent="0" />
    </mem>
    <mem type="tenure" free="5450936" total="6291456" percent="86">
      <mem type="soa" free="5136568" total="5977088" percent="85" />
      <mem type="loa" free="314368" total="314368" percent="100" />
    </mem>
    <remembered-set count="121" />
  </mem-info>
</gc-end>
<cycle-end id="58" type="scavenge" contextid="52" timestamp="2019-06-15T04:55:44.861" />
  <attribute name="elasticGC enabled" value="1" />
  <attribute name= "numThreadsSpecified" value="4" />
  <attribute name="heapSize specified" value="0" />
  <attribute name="Current GC Util" value="2" />
  <attribute name= "Current Time Running" value="294" />
  <attribute name ="GC Interval" value="200" />
  <attribute name="ProportionalT" value="-9.000000" />
  <attribute name="ProportionalI" value="-9.000000" />
  <attribute name="ProportionalH" value="-9.000000" />
  <attribute name="Current Error" value="-18.000000" />
  <attribute name="IntegralT" value="-2433.000000" />
  <attribute name="IntegralI" value="-2433.000000" />
  <attribute name="IntegralH" value="-2433.000000" />
  <attribute name="DerivativeT" value="-0.355263" />
  <attribute name="DerivativeI" value="-0.355263" />
  <attribute name="DerivativeH" value="-0.355263" />
  <attribute name="Loop Time for DT" value="76.000000" />
  <attribute name="Output H" value="2092630016"/>
  <attribute name="Output I" value="200"/>
  <attribute name="Output T" value="4"/>
  <attribute name="Target GC Util Change" value ="20.000000" />
  <attribute name="Current GC Util Change" value="2.000000"/>
  <attribute name="GC Util currently" value="2" />
  <attribute name="CPU Util currently" value="10" />
<allocation-satisfied id="59" threadId="00000000013C3700" bytesRequested="2056" />
<af-end id="60" timestamp="2019-06-15T04:55:44.861" threadId="00000000013C4088" success="true" from="nursery"/>
<exclusive-end id="61" timestamp="2019-06-15T04:55:44.861" durationms="0.784" />

<exclusive-start id="62" timestamp="2019-06-15T04:55:44.948" intervalms="87.539">
  <response-info timems="0.022" idlems="0.022" threads="0" lastid="00000000013C3700" lastname="main" />
</exclusive-start>
<af-start id="63" threadId="00000000013C4088" totalBytesRequested="2056" timestamp="2019-06-15T04:55:44.948" intervalms="87.541" type="nursery" />
<cycle-start id="64" type="scavenge" contextid="0" timestamp="2019-06-15T04:55:44.948" intervalms="87.539" />
<gc-start id="65" type="scavenge" contextid="64" timestamp="2019-06-15T04:55:44.948">
  <mem-info id="66" free="5450936" total="8388608" percent="64">
    <mem type="nursery" free="0" total="2097152" percent="0">
      <mem type="allocate" free="0" total="1048576" percent="0" />
      <mem type="survivor" free="0" total="1048576" percent="0" />
    </mem>
    <mem type="tenure" free="5450936" total="6291456" percent="86">
      <mem type="soa" free="5136568" total="5977088" percent="85" />
      <mem type="loa" free="314368" total="314368" percent="100" />
    </mem>
    <remembered-set count="121" />
  </mem-info>
</gc-start>
<allocation-stats totalBytes="916344" >
  <allocated-bytes non-tlh="2056" tlh="914288" />
  <largest-consumer threadName="main" threadId="00000000013C3700" bytes="916344" />
</allocation-stats>
<gc-op id="67" type="scavenge" timems="0.266" contextid="64" timestamp="2019-06-15T04:55:44.948">
  <scavenger-info tenureage="4" tenuremask="fff0" tiltratio="50" />
  <memory-copied type="nursery" objects="463" bytes="86872" bytesdiscarded="85864" />
  <finalization candidates="2" enqueued="0" />
  <references type="soft" candidates="1" cleared="0" enqueued="0" dynamicThreshold="32" maxThreshold="32" />
  <references type="weak" candidates="2" cleared="0" enqueued="0" />
  <references type="phantom" candidates="5" cleared="0" enqueued="0" />
</gc-op>
<gc-end id="68" type="scavenge" contextid="64" durationms="0.443" usertimems="0.000" systemtimems="0.000" timestamp="2019-06-15T04:55:44.948" activeThreads="4">
  <mem-info id="69" free="6457768" total="8388608" percent="76">
    <mem type="nursery" free="1006832" total="2097152" percent="48">
      <mem type="allocate" free="1006832" total="1179648" percent="85" />
      <mem type="survivor" free="0" total="917504" percent="0" />
    </mem>
    <mem type="tenure" free="5450936" total="6291456" percent="86">
      <mem type="soa" free="5136568" total="5977088" percent="85" />
      <mem type="loa" free="314368" total="314368" percent="100" />
    </mem>
    <remembered-set count="94" />
  </mem-info>
</gc-end>
<cycle-end id="70" type="scavenge" contextid="64" timestamp="2019-06-15T04:55:44.948" />
  <attribute name="elasticGC enabled" value="1" />
  <attribute name= "numThreadsSpecified" value="4" />
  <attribute name="heapSize specified" value="0" />
  <attribute name="Current GC Util" value="0" />
  <attribute name= "Current Time Running" value="382" />
  <attribute name ="GC Interval" value="200" />
  <attribute name="ProportionalT" value="-10.000000" />
  <attribute name="ProportionalI" value="-10.000000" />
  <attribute name="ProportionalH" value="-10.000000" />
  <attribute name="Current Error" value="-20.000000" />
  <attribute name="IntegralT" value="-4193.000000" />
  <attribute name="IntegralI" value="-4193.000000" />
  <attribute name="IntegralH" value="-4193.000000" />
  <attribute name="DerivativeT" value="-0.340909" />
  <attribute name="DerivativeI" value="-0.340909" />
  <attribute name="DerivativeH" value="-0.340909" />
  <attribute name="Loop Time for DT" value="88.000000" />
  <attribute name="Output H" value="2092630016"/>
  <attribute name="Output I" value="200"/>
  <attribute name="Output T" value="4"/>
  <attribute name="Target GC Util Change" value ="20.000000" />
  <attribute name="Current GC Util Change" value="0.000000"/>
  <attribute name="GC Util currently" value="0" />
  <attribute name="CPU Util currently" value="6" />
<allocation-satisfied id="71" threadId="00000000013C3700" bytesRequested="2056" />
<af-end id="72" timestamp="2019-06-15T04:55:44.948" threadId="00000000013C4088" success="true" from="nursery"/>
<exclusive-end id="73" timestamp="2019-06-15T04:55:44.948" durationms="0.776" />

<exclusive-start id="74" timestamp="2019-06-15T04:55:45.042" intervalms="93.924">
  <response-info timems="0.023" idlems="0.023" threads="0" lastid="00000000013C3700" lastname="main" />
</exclusive-start>
<af-start id="75" threadId="00000000013C4088" totalBytesRequested="2056" timestamp="2019-06-15T04:55:45.042" intervalms="93.923" type="nursery" />
<cycle-start id="76" type="scavenge" contextid="0" timestamp="2019-06-15T04:55:45.042" intervalms="93.924" />
<gc-start id="77" type="scavenge" contextid="76" timestamp="2019-06-15T04:55:45.042">
  <mem-info id="78" free="5450936" total="8388608" percent="64">
    <mem type="nursery" free="0" total="2097152" percent="0">
      <mem type="allocate" free="0" total="1179648" percent="0" />
      <mem type="survivor" free="0" total="917504" percent="0" />
    </mem>
    <mem type="tenure" free="5450936" total="6291456" percent="86">
      <mem type="soa" free="5136568" total="5977088" percent="85" />
      <mem type="loa" free="314368" total="314368" percent="100" />
    </mem>
    <remembered-set count="94" />
  </mem-info>
</gc-start>
<allocation-stats totalBytes="998312" >
  <allocated-bytes non-tlh="4112" tlh="994200" />
  <largest-consumer threadName="main" threadId="00000000013C3700" bytes="998312" />
</allocation-stats>
<gc-op id="79" type="scavenge" timems="0.285" contextid="76" timestamp="2019-06-15T04:55:45.042">
  <scavenger-info tenureage="3" tenuremask="fff8" tiltratio="56" />
  <memory-copied type="nursery" objects="13" bytes="624" bytesdiscarded="77696" />
  <memory-copied type="tenure" objects="450" bytes="86288" bytesdiscarded="16" />
  <finalization candidates="2" enqueued="0" />
  <references type="phantom" candidates="1" cleared="0" enqueued="0" />
</gc-op>
<gc-end id="80" type="scavenge" contextid="76" durationms="0.428" usertimems="0.000" systemtimems="0.000" timestamp="2019-06-15T04:55:45.042" activeThreads="4">
  <mem-info id="81" free="6588592" total="8388608" percent="78">
    <mem type="nursery" free="1232384" total="2097152" percent="58">
      <mem type="allocate" free="1232384" total="1310720" percent="94" />
      <mem type="survivor" free="0" total="786432" percent="0" />
    </mem>
    <mem type="tenure" free="5356208" total="6291456" percent="85">
      <mem type="soa" free="5041840" total="5977088" percent="84" />
      <mem type="loa" free="314368" total="314368" percent="100" />
    </mem>
    <remembered-set count="62" />
  </mem-info>
</gc-end>
<cycle-end id="82" type="scavenge" contextid="76" timestamp="2019-06-15T04:55:45.042" />
  <attribute name="elasticGC enabled" value="1" />
  <attribute name= "numThreadsSpecified" value="4" />
  <attribute name="heapSize specified" value="0" />
  <attribute name="Current GC Util" value="0" />
  <attribute name= "Current Time Running" value="476" />
  <attribute name ="GC Interval" value="200" />
  <attribute name="ProportionalT" value="-10.000000" />
  <attribute name="ProportionalI" value="-10.000000" />
  <attribute name="ProportionalH" value="-10.000000" />
  <attribute name="Current Error" value="-20.000000" />
  <attribute name="IntegralT" value="-6073.000000" />
  <attribute name="IntegralI" value="-6073.000000" />
  <attribute name="IntegralH" value="-6073.000000" />
  <attribute name="DerivativeT" value="-0.319149" />
  <attribute name="DerivativeI" value="-0.319149" />
  <attribute name="DerivativeH" value="-0.319149" />
  <attribute name="Loop Time for DT" value="94.000000" />
  <attribute name="Output H" value="2092630016"/>
  <attribute name="Output I" value="200"/>
  <attribute name="Output T" value="4"/>
  <attribute name="Target GC Util Change" value ="20.000000" />
  <attribute name="Current GC Util Change" value="0.000000"/>
  <attribute name="GC Util currently" value="0" />
  <attribute name="CPU Util currently" value="3" />
<allocation-satisfied id="83" threadId="00000000013C3700" bytesRequested="2056" />
<af-end id="84" timestamp="2019-06-15T04:55:45.042" threadId="00000000013C4088" success="true" from="nursery"/>
<exclusive-end id="85" timestamp="2019-06-15T04:55:45.042" durationms="0.762" />

<exclusive-start id="86" timestamp="2019-06-15T04:55:45.126" intervalms="84.262">
  <response-info timems="0.030" idlems="0.030" threads="0" lastid="00000000013C3700" lastname="main" />
</exclusive-start>
<af-start id="87" threadId="00000000013C4088" totalBytesRequested="104" timestamp="2019-06-15T04:55:45.126" intervalms="84.370" type="nursery" />
<cycle-start id="88" type="scavenge" contextid="0" timestamp="2019-06-15T04:55:45.126" intervalms="84.433" />
<gc-start id="89" type="scavenge" contextid="88" timestamp="2019-06-15T04:55:45.126">
  <mem-info id="90" free="5352448" total="8388608" percent="63">
    <mem type="nursery" free="0" total="2097152" percent="0">
      <mem type="allocate" free="0" total="1310720" percent="0" />
      <mem type="survivor" free="0" total="786432" percent="0" />
    </mem>
    <mem type="tenure" free="5352448" total="6291456" percent="85">
      <mem type="soa" free="5038080" total="5977088" percent="84" />
      <mem type="loa" free="314368" total="314368" percent="100" />
    </mem>
    <remembered-set count="133" />
  </mem-info>
</gc-start>
<allocation-stats totalBytes="1234704" >
  <allocated-bytes non-tlh="95224" tlh="1139480" />
  <largest-consumer threadName="main" threadId="00000000013C3700" bytes="1234704" />
</allocation-stats>
<gc-op id="91" type="scavenge" timems="0.333" contextid="88" timestamp="2019-06-15T04:55:45.127">
  <scavenger-info tenureage="3" tenuremask="ffc8" tiltratio="62" />
  <memory-copied type="nursery" objects="622" bytes="325528" bytesdiscarded="38816" />
  <references type="soft" candidates="1" cleared="0" enqueued="0" dynamicThreshold="32" maxThreshold="32" />
  <references type="weak" candidates="40" cleared="31" enqueued="31" />
  <references type="phantom" candidates="24" cleared="0" enqueued="0" />
</gc-op>
<gc-end id="92" type="scavenge" contextid="88" durationms="0.584" usertimems="0.000" systemtimems="0.000" timestamp="2019-06-15T04:55:45.127" activeThreads="4">
  <mem-info id="93" free="6298792" total="8388608" percent="75">
    <mem type="nursery" free="946344" total="2097152" percent="45">
      <mem type="allocate" free="946344" total="1310720" percent="72" />
      <mem type="survivor" free="0" total="786432" percent="0" />
    </mem>
    <mem type="tenure" free="5352448" total="6291456" percent="85">
      <mem type="soa" free="5038080" total="5977088" percent="84" />
      <mem type="loa" free="314368" total="314368" percent="100" />
    </mem>
    <pending-finalizers system="0" default="0" reference="31" classloader="0" />
    <remembered-set count="132" />
  </mem-info>
</gc-end>
<cycle-end id="94" type="scavenge" contextid="88" timestamp="2019-06-15T04:55:45.127" />
  <attribute name="elasticGC enabled" value="1" />
  <attribute name= "numThreadsSpecified" value="4" />
  <attribute name="heapSize specified" value="0" />
  <attribute name="Current GC Util" value="0" />
  <attribute name= "Current Time Running" value="560" />
  <attribute name ="GC Interval" value="200" />
  <attribute name="ProportionalT" value="-10.000000" />
  <attribute name="ProportionalI" value="-10.000000" />
  <attribute name="ProportionalH" value="-10.000000" />
  <attribute name="Current Error" value="-20.000000" />
  <attribute name="IntegralT" value="-1680.000000" />
  <attribute name="IntegralI" value="-1680.000000" />
  <attribute name="IntegralH" value="-1680.000000" />
  <attribute name="DerivativeT" value="-0.357143" />
  <attribute name="DerivativeI" value="-0.357143" />
  <attribute name="DerivativeH" value="-0.357143" />
  <attribute name="Loop Time for DT" value="84.000000" />
  <attribute name="Output H" value="2092630016"/>
  <attribute name="Output I" value="200"/>
  <attribute name="Output T" value="4"/>
  <attribute name="Target GC Util Change" value ="20.000000" />
  <attribute name="Current GC Util Change" value="0.000000"/>
  <attribute name="GC Util currently" value="0" />
  <attribute name="CPU Util currently" value="15" />
<allocation-satisfied id="95" threadId="00000000013C3700" bytesRequested="104" />
<af-end id="96" timestamp="2019-06-15T04:55:45.127" threadId="00000000013C4088" success="true" from="nursery"/>
<exclusive-end id="97" timestamp="2019-06-15T04:55:45.127" durationms="1.196" />

<exclusive-start id="98" timestamp="2019-06-15T04:55:45.148" intervalms="22.674">
  <response-info timems="0.024" idlems="0.024" threads="0" lastid="00000000013C3700" lastname="main" />
</exclusive-start>
<af-start id="99" threadId="00000000013C4088" totalBytesRequested="6864" timestamp="2019-06-15T04:55:45.149" intervalms="22.629" type="nursery" />
<cycle-start id="100" type="scavenge" contextid="0" timestamp="2019-06-15T04:55:45.149" intervalms="22.604" />
<gc-start id="101" type="scavenge" contextid="100" timestamp="2019-06-15T04:55:45.149">
  <mem-info id="102" free="5340400" total="8388608" percent="63">
    <mem type="nursery" free="0" total="2097152" percent="0">
      <mem type="allocate" free="0" total="1310720" percent="0" />
      <mem type="survivor" free="0" total="786432" percent="0" />
    </mem>
    <mem type="tenure" free="5340400" total="6291456" percent="84">
      <mem type="soa" free="5026032" total="5977088" percent="84" />
      <mem type="loa" free="314368" total="314368" percent="100" />
    </mem>
    <remembered-set count="351" />
  </mem-info>
</gc-start>
<allocation-stats totalBytes="949240" >
  <allocated-bytes non-tlh="12152" tlh="937088" />
  <largest-consumer threadName="main" threadId="00000000013C3700" bytes="949240" />
</allocation-stats>
<gc-op id="103" type="scavenge" timems="0.484" contextid="100" timestamp="2019-06-15T04:55:45.150">
  <scavenger-info tenureage="3" tenuremask="fff8" tiltratio="62" />
  <memory-copied type="nursery" objects="3792" bytes="490808" bytesdiscarded="47008" />
  <finalization candidates="32" enqueued="0" />
  <ownableSynchronizers candidates="4" cleared="3" />
  <references type="soft" candidates="3" cleared="0" enqueued="0" dynamicThreshold="32" maxThreshold="32" />
  <references type="weak" candidates="456" cleared="205" enqueued="141" />
  <references type="phantom" candidates="27" cleared="3" enqueued="3" />
</gc-op>
<gc-end id="104" type="scavenge" contextid="100" durationms="0.835" usertimems="4.000" systemtimems="0.000" timestamp="2019-06-15T04:55:45.150" activeThreads="4">
  <mem-info id="105" free="6178712" total="8388608" percent="73">
    <mem type="nursery" free="838312" total="2097152" percent="39">
      <mem type="allocate" free="838312" total="1376256" percent="60" />
      <mem type="survivor" free="0" total="720896" percent="0" />
    </mem>
    <mem type="tenure" free="5340400" total="6291456" percent="84">
      <mem type="soa" free="5026032" total="5977088" percent="84" />
      <mem type="loa" free="314368" total="314368" percent="100" />
    </mem>
    <pending-finalizers system="0" default="0" reference="144" classloader="0" />
    <remembered-set count="347" />
  </mem-info>
</gc-end>
<cycle-end id="106" type="scavenge" contextid="100" timestamp="2019-06-15T04:55:45.150" />
  <attribute name="elasticGC enabled" value="1" />
  <attribute name= "numThreadsSpecified" value="4" />
  <attribute name="heapSize specified" value="0" />
  <attribute name="Current GC Util" value="3" />
  <attribute name= "Current Time Running" value="583" />
  <attribute name ="GC Interval" value="200" />
  <attribute name="ProportionalT" value="-8.500000" />
  <attribute name="ProportionalI" value="-8.500000" />
  <attribute name="ProportionalH" value="-8.500000" />
  <attribute name="Current Error" value="-17.000000" />
  <attribute name="IntegralT" value="-391.000000" />
  <attribute name="IntegralI" value="-391.000000" />
  <attribute name="IntegralH" value="-391.000000" />
  <attribute name="DerivativeT" value="-1.108696" />
  <attribute name="DerivativeI" value="-1.108696" />
  <attribute name="DerivativeH" value="-1.108696" />
  <attribute name="Loop Time for DT" value="23.000000" />
  <attribute name="Output H" value="2092630016"/>
  <attribute name="Output I" value="200"/>
  <attribute name="Output T" value="4"/>
  <attribute name="Target GC Util Change" value ="20.000000" />
  <attribute name="Current GC Util Change" value="3.000000"/>
  <attribute name="GC Util currently" value="3" />
  <attribute name="CPU Util currently" value="11" />
<allocation-satisfied id="107" threadId="00000000013C3700" bytesRequested="6864" />
<af-end id="108" timestamp="2019-06-15T04:55:45.150" threadId="00000000013C4088" success="true" from="nursery"/>
<exclusive-end id="109" timestamp="2019-06-15T04:55:45.150" durationms="1.464" />

<exclusive-start id="110" timestamp="2019-06-15T04:55:45.150" intervalms="1.620">
  <response-info timems="0.024" idlems="0.024" threads="0" lastid="00000000013C3700" lastname="main" />
</exclusive-start>
<af-start id="111" threadId="00000000013C4088" totalBytesRequested="6176" timestamp="2019-06-15T04:55:45.150" intervalms="1.542" type="nursery" />
<cycle-start id="112" type="scavenge" contextid="0" timestamp="2019-06-15T04:55:45.150" intervalms="1.499" />
<gc-start id="113" type="scavenge" contextid="112" timestamp="2019-06-15T04:55:45.150">
  <mem-info id="114" free="5340400" total="8388608" percent="63">
    <mem type="nursery" free="0" total="2097152" percent="0">
      <mem type="allocate" free="0" total="1376256" percent="0" />
      <mem type="survivor" free="0" total="720896" percent="0" />
    </mem>
    <mem type="tenure" free="5340400" total="6291456" percent="84">
      <mem type="soa" free="5026032" total="5977088" percent="84" />
      <mem type="loa" free="314368" total="314368" percent="100" />
    </mem>
    <pending-finalizers system="0" default="0" reference="31" classloader="0" />
    <remembered-set count="351" />
  </mem-info>
</gc-start>
<allocation-stats totalBytes="807624" >
  <allocated-bytes non-tlh="6864" tlh="800760" />
  <largest-consumer threadName="main" threadId="00000000013C3700" bytes="803528" />
</allocation-stats>
<gc-op id="115" type="scavenge" timems="0.436" contextid="112" timestamp="2019-06-15T04:55:45.151">
  <scavenger-info tenureage="3" tenuremask="fff8" tiltratio="65" />
  <memory-copied type="nursery" objects="3756" bytes="493360" bytesdiscarded="64304" />
  <finalization candidates="32" enqueued="0" />
  <ownableSynchronizers candidates="1" cleared="0" />
  <references type="soft" candidates="3" cleared="0" enqueued="0" dynamicThreshold="32" maxThreshold="32" />
  <references type="weak" candidates="251" cleared="0" enqueued="0" />
  <references type="phantom" candidates="24" cleared="0" enqueued="0" />
</gc-op>
<gc-end id="116" type="scavenge" contextid="112" durationms="0.582" usertimems="0.000" systemtimems="0.000" timestamp="2019-06-15T04:55:45.151" activeThreads="4">
  <mem-info id="117" free="6289952" total="8388608" percent="74">
    <mem type="nursery" free="949552" total="2097152" percent="45">
      <mem type="allocate" free="949552" total="1507328" percent="62" />
      <mem type="survivor" free="0" total="589824" percent="0" />
    </mem>
    <mem type="tenure" free="5340400" total="6291456" percent="84">
      <mem type="soa" free="5026032" total="5977088" percent="84" />
      <mem type="loa" free="314368" total="314368" percent="100" />
    </mem>
    <pending-finalizers system="0" default="0" reference="31" classloader="0" />
    <remembered-set count="304" />
  </mem-info>
</gc-end>
<cycle-end id="118" type="scavenge" contextid="112" timestamp="2019-06-15T04:55:45.151" />
  <attribute name="elasticGC enabled" value="1" />
  <attribute name= "numThreadsSpecified" value="4" />
  <attribute name="heapSize specified" value="0" />
  <attribute name="Current GC Util" value="87" />
  <attribute name= "Current Time Running" value="584" />
  <attribute name ="GC Interval" value="208" />
  <attribute name="ProportionalT" value="33.500000" />
  <attribute name="ProportionalI" value="33.500000" />
  <attribute name="ProportionalH" value="33.500000" />
  <attribute name="Current Error" value="67.000000" />
  <attribute name="IntegralT" value="67.000000" />
  <attribute name="IntegralI" value="67.000000" />
  <attribute name="IntegralH" value="67.000000" />
  <attribute name="DerivativeT" value="100.500000" />
  <attribute name="DerivativeI" value="100.500000" />
  <attribute name="DerivativeH" value="100.500000" />
  <attribute name="Loop Time for DT" value="1.000000" />
  <attribute name="Output H" value="8388608"/>
  <attribute name="Output I" value="208"/>
  <attribute name="Output T" value="4"/>
  <attribute name="Target GC Util Change" value ="20.000000" />
  <attribute name="Current GC Util Change" value="87.000000"/>
  <attribute name="GC Util currently" value="87" />
  <attribute name="CPU Util currently" value="3690742438474" />
<allocation-satisfied id="119" threadId="00000000013C3700" bytesRequested="6176" />
<af-end id="120" timestamp="2019-06-15T04:55:45.151" threadId="00000000013C4088" success="true" from="nursery"/>
<exclusive-end id="121" timestamp="2019-06-15T04:55:45.151" durationms="1.013" />

<exclusive-start id="122" timestamp="2019-06-15T04:55:45.151" intervalms="1.187">
  <response-info timems="0.033" idlems="0.025" threads="1" lastid="000000000150F800" lastname="Finalizer thread" />
</exclusive-start>
<af-start id="123" threadId="00000000013C4088" totalBytesRequested="8016" timestamp="2019-06-15T04:55:45.151" intervalms="1.250" type="nursery" />
<cycle-start id="124" type="scavenge" contextid="0" timestamp="2019-06-15T04:55:45.151" intervalms="1.251" />
<gc-start id="125" type="scavenge" contextid="124" timestamp="2019-06-15T04:55:45.151">
  <mem-info id="126" free="5340400" total="8388608" percent="63">
    <mem type="nursery" free="0" total="2097152" percent="0">
      <mem type="allocate" free="0" total="1507328" percent="0" />
      <mem type="survivor" free="0" total="589824" percent="0" />
    </mem>
    <mem type="tenure" free="5340400" total="6291456" percent="84">
      <mem type="soa" free="5026032" total="5977088" percent="84" />
      <mem type="loa" free="314368" total="314368" percent="100" />
    </mem>
    <pending-finalizers system="0" default="0" reference="11" classloader="0" />
    <remembered-set count="304" />
  </mem-info>
</gc-start>
<allocation-stats totalBytes="878992" >
  <allocated-bytes non-tlh="6176" tlh="872816" />
  <largest-consumer threadName="main" threadId="00000000013C3700" bytes="878992" />
</allocation-stats>
<gc-op id="127" type="scavenge" timems="0.406" contextid="124" timestamp="2019-06-15T04:55:45.152">
  <scavenger-info tenureage="3" tenuremask="fff8" tiltratio="71" />
  <memory-copied type="nursery" objects="3260" bytes="173616" bytesdiscarded="145024" />
  <memory-copied type="tenure" objects="495" bytes="321536" bytesdiscarded="8" />
  <finalization candidates="32" enqueued="0" />
  <ownableSynchronizers candidates="1" cleared="0" />
  <references type="soft" candidates="2" cleared="0" enqueued="0" dynamicThreshold="32" maxThreshold="32" />
  <references type="weak" candidates="242" cleared="0" enqueued="0" />
</gc-op>
<gc-end id="128" type="scavenge" contextid="124" durationms="0.540" usertimems="0.000" systemtimems="0.000" timestamp="2019-06-15T04:55:45.152" activeThreads="4">
  <mem-info id="129" free="6218192" total="8388608" percent="74">
    <mem type="nursery" free="1188608" total="2097152" percent="56">
      <mem type="allocate" free="1188608" total="1507328" percent="78" />
      <mem type="survivor" free="0" total="589824" percent="0" />
    </mem>
    <mem type="tenure" free="5029584" total="6291456" percent="79">
      <mem type="soa" free="4715216" total="5977088" percent="78" />
      <mem type="loa" free="314368" total="314368" percent="100" />
    </mem>
    <pending-finalizers system="0" default="0" reference="11" classloader="0" />
    <remembered-set count="190" />
  </mem-info>
</gc-end>
<cycle-end id="130" type="scavenge" contextid="124" timestamp="2019-06-15T04:55:45.152" />
  <attribute name="elasticGC enabled" value="1" />
  <attribute name= "numThreadsSpecified" value="4" />
  <attribute name="heapSize specified" value="0" />
  <attribute name="Current GC Util" value="70" />
  <attribute name= "Current Time Running" value="585" />
  <attribute name ="GC Interval" value="200" />
  <attribute name="ProportionalT" value="25.000000" />
  <attribute name="ProportionalI" value="25.000000" />
  <attribute name="ProportionalH" value="25.000000" />
  <attribute name="Current Error" value="50.000000" />
  <attribute name="IntegralT" value="50.000000" />
  <attribute name="IntegralI" value="50.000000" />
  <attribute name="IntegralH" value="50.000000" />
  <attribute name="DerivativeT" value="-25.500000" />
  <attribute name="DerivativeI" value="-25.500000" />
  <attribute name="DerivativeH" value="-25.500000" />
  <attribute name="Loop Time for DT" value="1.000000" />
  <attribute name="Output H" value="8388608"/>
  <attribute name="Output I" value="200"/>
  <attribute name="Output T" value="4"/>
  <attribute name="Target GC Util Change" value ="20.000000" />
  <attribute name="Current GC Util Change" value="70.000000"/>
  <attribute name="GC Util currently" value="70" />
  <attribute name="CPU Util currently" value="3673613990866" />
<allocation-satisfied id="131" threadId="00000000013C3700" bytesRequested="8016" />
<af-end id="132" timestamp="2019-06-15T04:55:45.152" threadId="00000000013C4088" success="true" from="nursery"/>
<exclusive-end id="133" timestamp="2019-06-15T04:55:45.152" durationms="0.911" />

<exclusive-start id="134" timestamp="2019-06-15T04:55:45.152" intervalms="1.067">
  <response-info timems="0.020" idlems="0.020" threads="0" lastid="00000000013C3700" lastname="main" />
</exclusive-start>
<af-start id="135" threadId="00000000013C4088" totalBytesRequested="19744" timestamp="2019-06-15T04:55:45.152" intervalms="1.005" type="nursery" />
<cycle-start id="136" type="scavenge" contextid="0" timestamp="2019-06-15T04:55:45.152" intervalms="1.005" />
<gc-start id="137" type="scavenge" contextid="136" timestamp="2019-06-15T04:55:45.152">
  <mem-info id="138" free="5029584" total="8388608" percent="59">
    <mem type="nursery" free="0" total="2097152" percent="0">
      <mem type="allocate" free="0" total="1507328" percent="0" />
      <mem type="survivor" free="0" total="589824" percent="0" />
    </mem>
    <mem type="tenure" free="5029584" total="6291456" percent="79">
      <mem type="soa" free="4715216" total="5977088" percent="78" />
      <mem type="loa" free="314368" total="314368" percent="100" />
    </mem>
    <remembered-set count="190" />
  </mem-info>
</gc-start>
<allocation-stats totalBytes="1092680" >
  <allocated-bytes non-tlh="8016" tlh="1084664" />
  <largest-consumer threadName="main" threadId="00000000013C3700" bytes="1088584" />
</allocation-stats>
<gc-op id="139" type="scavenge" timems="0.319" contextid="136" timestamp="2019-06-15T04:55:45.153">
  <scavenger-info tenureage="3" tenuremask="fff8" tiltratio="71" />
  <memory-copied type="nursery" objects="6" bytes="11984" bytesdiscarded="158512" />
  <memory-copied type="tenure" objects="3250" bytes="164368" bytesdiscarded="24" />
  <finalization candidates="32" enqueued="0" />
  <ownableSynchronizers candidates="1" cleared="0" />
</gc-op>
<gc-end id="140" type="scavenge" contextid="136" durationms="0.456" usertimems="0.000" systemtimems="4.000" timestamp="2019-06-15T04:55:45.153" activeThreads="4">
  <mem-info id="141" free="6191568" total="8388608" percent="73">
    <mem type="nursery" free="1402368" total="2097152" percent="66">
      <mem type="allocate" free="1402368" total="1572864" percent="89" />
      <mem type="survivor" free="0" total="524288" percent="0" />
    </mem>
    <mem type="tenure" free="4789200" total="6291456" percent="76">
      <mem type="soa" free="4474832" total="5977088" percent="74" />
      <mem type="loa" free="314368" total="314368" percent="100" />
    </mem>
    <remembered-set count="61" />
  </mem-info>
</gc-end>
<cycle-end id="142" type="scavenge" contextid="136" timestamp="2019-06-15T04:55:45.153" />
  <attribute name="elasticGC enabled" value="1" />
  <attribute name= "numThreadsSpecified" value="4" />
  <attribute name="heapSize specified" value="0" />
  <attribute name="Current GC Util" value="78" />
  <attribute name= "Current Time Running" value="586" />
  <attribute name ="GC Interval" value="200" />
  <attribute name="ProportionalT" value="29.000000" />
  <attribute name="ProportionalI" value="29.000000" />
  <attribute name="ProportionalH" value="29.000000" />
  <attribute name="Current Error" value="58.000000" />
  <attribute name="IntegralT" value="58.000000" />
  <attribute name="IntegralI" value="58.000000" />
  <attribute name="IntegralH" value="58.000000" />
  <attribute name="DerivativeT" value="12.000000" />
  <attribute name="DerivativeI" value="12.000000" />
  <attribute name="DerivativeH" value="12.000000" />
  <attribute name="Loop Time for DT" value="1.000000" />
  <attribute name="Output H" value="8388608"/>
  <attribute name="Output I" value="200"/>
  <attribute name="Output T" value="4"/>
  <attribute name="Target GC Util Change" value ="20.000000" />
  <attribute name="Current GC Util Change" value="78.000000"/>
  <attribute name="GC Util currently" value="78" />
  <attribute name="CPU Util currently" value="4607230825411" />
<allocation-satisfied id="143" threadId="00000000013C3700" bytesRequested="19744" />
<af-end id="144" timestamp="2019-06-15T04:55:45.153" threadId="00000000013C4088" success="true" from="nursery"/>
<exclusive-end id="145" timestamp="2019-06-15T04:55:45.153" durationms="0.761" />

<exclusive-start id="146" timestamp="2019-06-15T04:55:45.153" intervalms="0.928">
  <response-info timems="0.019" idlems="0.019" threads="0" lastid="00000000013C3700" lastname="main" />
</exclusive-start>
<af-start id="147" threadId="00000000013C4088" totalBytesRequested="11752" timestamp="2019-06-15T04:55:45.153" intervalms="0.929" type="nursery" />
<cycle-start id="148" type="scavenge" contextid="0" timestamp="2019-06-15T04:55:45.153" intervalms="0.928" />
<gc-start id="149" type="scavenge" contextid="148" timestamp="2019-06-15T04:55:45.153">
  <mem-info id="150" free="4789200" total="8388608" percent="57">
    <mem type="nursery" free="0" total="2097152" percent="0">
      <mem type="allocate" free="0" total="1572864" percent="0" />
      <mem type="survivor" free="0" total="524288" percent="0" />
    </mem>
    <mem type="tenure" free="4789200" total="6291456" percent="76">
      <mem type="soa" free="4474832" total="5977088" percent="74" />
      <mem type="loa" free="314368" total="314368" percent="100" />
    </mem>
    <remembered-set count="61" />
  </mem-info>
</gc-start>
<allocation-stats totalBytes="1282096" >
  <allocated-bytes non-tlh="42264" tlh="1239832" />
  <largest-consumer threadName="main" threadId="00000000013C3700" bytes="1282096" />
</allocation-stats>
<gc-op id="151" type="scavenge" timems="0.142" contextid="148" timestamp="2019-06-15T04:55:45.154">
  <scavenger-info tenureage="3" tenuremask="ffe8" tiltratio="75" />
  <memory-copied type="nursery" objects="4" bytes="24552" bytesdiscarded="77280" />
  <memory-copied type="tenure" objects="2" bytes="1040" bytesdiscarded="0" />
</gc-op>
<gc-end id="152" type="scavenge" contextid="148" durationms="0.273" usertimems="0.000" systemtimems="0.000" timestamp="2019-06-15T04:55:45.154" activeThreads="4">
  <mem-info id="153" free="6325768" total="8388608" percent="75">
    <mem type="nursery" free="1536568" total="2097152" percent="73">
      <mem type="allocate" free="1536568" total="1638400" percent="93" />
      <mem type="survivor" free="0" total="458752" percent="0" />
    </mem>
    <mem type="tenure" free="4789200" total="6291456" percent="76">
      <mem type="soa" free="4474832" total="5977088" percent="74" />
      <mem type="loa" free="314368" total="314368" percent="100" />
    </mem>
    <remembered-set count="59" />
  </mem-info>
</gc-end>
<cycle-end id="154" type="scavenge" contextid="148" timestamp="2019-06-15T04:55:45.154" />
  <attribute name="elasticGC enabled" value="1" />
  <attribute name= "numThreadsSpecified" value="4" />
  <attribute name="heapSize specified" value="0" />
  <attribute name="Current GC Util" value="71" />
  <attribute name= "Current Time Running" value="587" />
  <attribute name ="GC Interval" value="200" />
  <attribute name="ProportionalT" value="25.500000" />
  <attribute name="ProportionalI" value="25.500000" />
  <attribute name="ProportionalH" value="25.500000" />
  <attribute name="Current Error" value="51.000000" />
  <attribute name="IntegralT" value="51.000000" />
  <attribute name="IntegralI" value="51.000000" />
  <attribute name="IntegralH" value="51.000000" />
  <attribute name="DerivativeT" value="-10.500000" />
  <attribute name="DerivativeI" value="-10.500000" />
  <attribute name="DerivativeH" value="-10.500000" />
  <attribute name="Loop Time for DT" value="1.000000" />
  <attribute name="Output H" value="8388608"/>
  <attribute name="Output I" value="200"/>
  <attribute name="Output T" value="4"/>
  <attribute name="Target GC Util Change" value ="20.000000" />
  <attribute name="Current GC Util Change" value="71.000000"/>
  <attribute name="GC Util currently" value="71" />
  <attribute name="CPU Util currently" value="4984992138918" />
<allocation-satisfied id="155" threadId="00000000013C3700" bytesRequested="11752" />
<af-end id="156" timestamp="2019-06-15T04:55:45.154" threadId="00000000013C4088" success="true" from="nursery"/>
<exclusive-end id="157" timestamp="2019-06-15T04:55:45.154" durationms="0.584" />

<exclusive-start id="158" timestamp="2019-06-15T04:55:45.154" intervalms="0.776">
  <response-info timems="0.042" idlems="0.029" threads="1" lastid="00000000013C7300" lastname="JIT Compilation Thread-0" />
</exclusive-start>
<af-start id="159" threadId="00000000013C4088" totalBytesRequested="26928" timestamp="2019-06-15T04:55:45.154" intervalms="0.775" type="nursery" />
<cycle-start id="160" type="scavenge" contextid="0" timestamp="2019-06-15T04:55:45.154" intervalms="0.775" />
<gc-start id="161" type="scavenge" contextid="160" timestamp="2019-06-15T04:55:45.154">
  <mem-info id="162" free="4789200" total="8388608" percent="57">
    <mem type="nursery" free="0" total="2097152" percent="0">
      <mem type="allocate" free="0" total="1638400" percent="0" />
      <mem type="survivor" free="0" total="458752" percent="0" />
    </mem>
    <mem type="tenure" free="4789200" total="6291456" percent="76">
      <mem type="soa" free="4474832" total="5977088" percent="74" />
      <mem type="loa" free="314368" total="314368" percent="100" />
    </mem>
    <remembered-set count="59" />
  </mem-info>
</gc-start>
<allocation-stats totalBytes="1389680" >
  <allocated-bytes non-tlh="11752" tlh="1377928" />
  <largest-consumer threadName="main" threadId="00000000013C3700" bytes="1389680" />
</allocation-stats>
<gc-op id="163" type="scavenge" timems="0.091" contextid="160" timestamp="2019-06-15T04:55:45.154">
  <scavenger-info tenureage="3" tenuremask="ffe8" tiltratio="78" />
  <memory-copied type="nursery" objects="4" bytes="14528" bytesdiscarded="24640" />
</gc-op>
<gc-end id="164" type="scavenge" contextid="160" durationms="0.219" usertimems="0.000" systemtimems="0.000" timestamp="2019-06-15T04:55:45.154" activeThreads="1">
  <mem-info id="165" free="6519504" total="8388608" percent="77">
    <mem type="nursery" free="1730304" total="2097152" percent="82">
      <mem type="allocate" free="1730304" total="1769472" percent="97" />
      <mem type="survivor" free="0" total="327680" percent="0" />
    </mem>
    <mem type="tenure" free="4789200" total="6291456" percent="76">
      <mem type="soa" free="4474832" total="5977088" percent="74" />
      <mem type="loa" free="314368" total="314368" percent="100" />
    </mem>
    <remembered-set count="58" />
  </mem-info>
</gc-end>
<cycle-end id="166" type="scavenge" contextid="160" timestamp="2019-06-15T04:55:45.154" />
  <attribute name="elasticGC enabled" value="1" />
  <attribute name= "numThreadsSpecified" value="1" />
  <attribute name="heapSize specified" value="0" />
  <attribute name="Current GC Util" value="43" />
  <attribute name= "Current Time Running" value="588" />
  <attribute name ="GC Interval" value="200" />
  <attribute name="ProportionalT" value="11.500000" />
  <attribute name="ProportionalI" value="11.500000" />
  <attribute name="ProportionalH" value="11.500000" />
  <attribute name="Current Error" value="23.000000" />
  <attribute name="IntegralT" value="23.000000" />
  <attribute name="IntegralI" value="23.000000" />
  <attribute name="IntegralH" value="23.000000" />
  <attribute name="DerivativeT" value="-42.000000" />
  <attribute name="DerivativeI" value="-42.000000" />
  <attribute name="DerivativeH" value="-42.000000" />
  <attribute name="Loop Time for DT" value="1.000000" />
  <attribute name="Output H" value="8388608"/>
  <attribute name="Output I" value="200"/>
  <attribute name="Output T" value="1"/>
  <attribute name="Target GC Util Change" value ="20.000000" />
  <attribute name="Current GC Util Change" value="43.000000"/>
  <attribute name="GC Util currently" value="43" />
  <attribute name="CPU Util currently" value="5948275395518" />
<allocation-satisfied id="167" threadId="00000000013C3700" bytesRequested="26928" />
<af-end id="168" timestamp="2019-06-15T04:55:45.155" threadId="00000000013C4088" success="true" from="nursery"/>
<exclusive-end id="169" timestamp="2019-06-15T04:55:45.155" durationms="0.528" />

<exclusive-start id="170" timestamp="2019-06-15T04:55:45.155" intervalms="0.704">
  <response-info timems="0.021" idlems="0.021" threads="0" lastid="00000000013C3700" lastname="main" />
</exclusive-start>
<af-start id="171" threadId="00000000013C4088" totalBytesRequested="30144" timestamp="2019-06-15T04:55:45.155" intervalms="0.704" type="nursery" />
<cycle-start id="172" type="scavenge" contextid="0" timestamp="2019-06-15T04:55:45.155" intervalms="0.703" />
<gc-start id="173" type="scavenge" contextid="172" timestamp="2019-06-15T04:55:45.155">
  <mem-info id="174" free="4789200" total="8388608" percent="57">
    <mem type="nursery" free="0" total="2097152" percent="0">
      <mem type="allocate" free="0" total="1769472" percent="0" />
      <mem type="survivor" free="0" total="327680" percent="0" />
    </mem>
    <mem type="tenure" free="4789200" total="6291456" percent="76">
      <mem type="soa" free="4474832" total="5977088" percent="74" />
      <mem type="loa" free="314368" total="314368" percent="100" />
    </mem>
    <remembered-set count="58" />
  </mem-info>
</gc-start>
<allocation-stats totalBytes="1545512" >
  <allocated-bytes non-tlh="26928" tlh="1518584" />
  <largest-consumer threadName="main" threadId="00000000013C3700" bytes="1545512" />
</allocation-stats>
<gc-op id="175" type="scavenge" timems="0.138" contextid="172" timestamp="2019-06-15T04:55:45.155">
  <scavenger-info tenureage="3" tenuremask="fff8" tiltratio="84" />
  <memory-copied type="nursery" objects="2" bytes="15104" bytesdiscarded="24064" />
  <memory-copied type="tenure" objects="2" bytes="1040" bytesdiscarded="0" />
</gc-op>
<gc-end id="176" type="scavenge" contextid="172" durationms="0.270" usertimems="0.000" systemtimems="0.000" timestamp="2019-06-15T04:55:45.155" activeThreads="4">
  <mem-info id="177" free="6519504" total="8388608" percent="77">
    <mem type="nursery" free="1730304" total="2097152" percent="82">
      <mem type="allocate" free="1730304" total="1769472" percent="97" />
      <mem type="survivor" free="0" total="327680" percent="0" />
    </mem>
    <mem type="tenure" free="4789200" total="6291456" percent="76">
      <mem type="soa" free="4474832" total="5977088" percent="74" />
      <mem type="loa" free="314368" total="314368" percent="100" />
    </mem>
    <remembered-set count="56" />
  </mem-info>
</gc-end>
<cycle-end id="178" type="scavenge" contextid="172" timestamp="2019-06-15T04:55:45.155" />
  <attribute name="elasticGC enabled" value="1" />
  <attribute name= "numThreadsSpecified" value="4" />
  <attribute name="heapSize specified" value="0" />
  <attribute name="Current GC Util" value="38" />
  <attribute name= "Current Time Running" value="589" />
  <attribute name ="GC Interval" value="200" />
  <attribute name="ProportionalT" value="9.000000" />
  <attribute name="ProportionalI" value="9.000000" />
  <attribute name="ProportionalH" value="9.000000" />
  <attribute name="Current Error" value="18.000000" />
  <attribute name="IntegralT" value="18.000000" />
  <attribute name="IntegralI" value="18.000000" />
  <attribute name="IntegralH" value="18.000000" />
  <attribute name="DerivativeT" value="-7.500000" />
  <attribute name="DerivativeI" value="-7.500000" />
  <attribute name="DerivativeH" value="-7.500000" />
  <attribute name="Loop Time for DT" value="1.000000" />
  <attribute name="Output H" value="8388608"/>
  <attribute name="Output I" value="200"/>
  <attribute name="Output T" value="4"/>
  <attribute name="Target GC Util Change" value ="20.000000" />
  <attribute name="Current GC Util Change" value="38.000000"/>
  <attribute name="GC Util currently" value="38" />
  <attribute name="CPU Util currently" value="6562557035076" />
<allocation-satisfied id="179" threadId="00000000013C3700" bytesRequested="30144" />
<af-end id="180" timestamp="2019-06-15T04:55:45.155" threadId="00000000013C4088" success="true" from="nursery"/>
<exclusive-end id="181" timestamp="2019-06-15T04:55:45.155" durationms="0.569" />

<exclusive-start id="182" timestamp="2019-06-15T04:55:45.156" intervalms="0.740">
  <response-info timems="0.021" idlems="0.021" threads="0" lastid="00000000013C3700" lastname="main" />
</exclusive-start>
<af-start id="183" threadId="00000000013C4088" totalBytesRequested="33064" timestamp="2019-06-15T04:55:45.156" intervalms="0.755" type="nursery" />
<cycle-start id="184" type="scavenge" contextid="0" timestamp="2019-06-15T04:55:45.156" intervalms="0.757" />
<gc-start id="185" type="scavenge" contextid="184" timestamp="2019-06-15T04:55:45.156">
  <mem-info id="186" free="4789200" total="8388608" percent="57">
    <mem type="nursery" free="0" total="2097152" percent="0">
      <mem type="allocate" free="0" total="1769472" percent="0" />
      <mem type="survivor" free="0" total="327680" percent="0" />
    </mem>
    <mem type="tenure" free="4789200" total="6291456" percent="76">
      <mem type="soa" free="4474832" total="5977088" percent="74" />
      <mem type="loa" free="314368" total="314368" percent="100" />
    </mem>
    <remembered-set count="56" />
  </mem-info>
</gc-start>
<allocation-stats totalBytes="1519712" >
  <allocated-bytes non-tlh="30144" tlh="1489568" />
  <largest-consumer threadName="main" threadId="00000000013C3700" bytes="1519712" />
</allocation-stats>
<gc-op id="187" type="scavenge" timems="0.135" contextid="184" timestamp="2019-06-15T04:55:45.156">
  <scavenger-info tenureage="3" tenuremask="ffe8" tiltratio="84" />
  <memory-copied type="nursery" objects="2" bytes="16560" bytesdiscarded="22608" />
</gc-op>
<gc-end id="188" type="scavenge" contextid="184" durationms="0.264" usertimems="0.000" systemtimems="4.000" timestamp="2019-06-15T04:55:45.156" activeThreads="4">
  <mem-info id="189" free="6585040" total="8388608" percent="78">
    <mem type="nursery" free="1795840" total="2097152" percent="85">
      <mem type="allocate" free="1795840" total="1835008" percent="97" />
      <mem type="survivor" free="0" total="262144" percent="0" />
    </mem>
    <mem type="tenure" free="4789200" total="6291456" percent="76">
      <mem type="soa" free="4474832" total="5977088" percent="74" />
      <mem type="loa" free="314368" total="314368" percent="100" />
    </mem>
    <remembered-set count="56" />
  </mem-info>
</gc-end>
<cycle-end id="190" type="scavenge" contextid="184" timestamp="2019-06-15T04:55:45.156" />
  <attribute name="elasticGC enabled" value="1" />
  <attribute name= "numThreadsSpecified" value="4" />
  <attribute name="heapSize specified" value="0" />
  <attribute name="Current GC Util" value="44" />
  <attribute name= "Current Time Running" value="590" />
  <attribute name ="GC Interval" value="200" />
  <attribute name="ProportionalT" value="12.000000" />
  <attribute name="ProportionalI" value="12.000000" />
  <attribute name="ProportionalH" value="12.000000" />
  <attribute name="Current Error" value="24.000000" />
  <attribute name="IntegralT" value="24.000000" />
  <attribute name="IntegralI" value="24.000000" />
  <attribute name="IntegralH" value="24.000000" />
  <attribute name="DerivativeT" value="9.000000" />
  <attribute name="DerivativeI" value="9.000000" />
  <attribute name="DerivativeH" value="9.000000" />
  <attribute name="Loop Time for DT" value="1.000000" />
  <attribute name="Output H" value="8388608"/>
  <attribute name="Output I" value="200"/>
  <attribute name="Output T" value="4"/>
  <attribute name="Target GC Util Change" value ="20.000000" />
  <attribute name="Current GC Util Change" value="44.000000"/>
  <attribute name="GC Util currently" value="44" />
  <attribute name="CPU Util currently" value="6098508484644" />
<allocation-satisfied id="191" threadId="00000000013C3700" bytesRequested="33064" />
<af-end id="192" timestamp="2019-06-15T04:55:45.156" threadId="00000000013C4088" success="true" from="nursery"/>
<exclusive-end id="193" timestamp="2019-06-15T04:55:45.156" durationms="0.580" />

<exclusive-start id="194" timestamp="2019-06-15T04:55:45.156" intervalms="0.748">
  <response-info timems="0.018" idlems="0.018" threads="0" lastid="00000000013C3700" lastname="main" />
</exclusive-start>
<af-start id="195" threadId="00000000013C4088" totalBytesRequested="17816" timestamp="2019-06-15T04:55:45.156" intervalms="0.732" type="nursery" />
<cycle-start id="196" type="scavenge" contextid="0" timestamp="2019-06-15T04:55:45.156" intervalms="0.730" />
<gc-start id="197" type="scavenge" contextid="196" timestamp="2019-06-15T04:55:45.156">
  <mem-info id="198" free="4789200" total="8388608" percent="57">
    <mem type="nursery" free="0" total="2097152" percent="0">
      <mem type="allocate" free="0" total="1835008" percent="0" />
      <mem type="survivor" free="0" total="262144" percent="0" />
    </mem>
    <mem type="tenure" free="4789200" total="6291456" percent="76">
      <mem type="soa" free="4474832" total="5977088" percent="74" />
      <mem type="loa" free="314368" total="314368" percent="100" />
    </mem>
    <remembered-set count="56" />
  </mem-info>
</gc-start>
<allocation-stats totalBytes="1497992" >
  <allocated-bytes non-tlh="33064" tlh="1464928" />
  <largest-consumer threadName="main" threadId="00000000013C3700" bytes="1497992" />
</allocation-stats>
<gc-op id="199" type="scavenge" timems="0.109" contextid="196" timestamp="2019-06-15T04:55:45.157">
  <scavenger-info tenureage="3" tenuremask="fff8" tiltratio="87" />
  <memory-copied type="nursery" objects="4" bytes="17896" bytesdiscarded="21272" />
</gc-op>
<gc-end id="200" type="scavenge" contextid="196" durationms="0.238" usertimems="0.000" systemtimems="0.000" timestamp="2019-06-15T04:55:45.157" activeThreads="4">
  <mem-info id="201" free="6585040" total="8388608" percent="78">
    <mem type="nursery" free="1795840" total="2097152" percent="85">
      <mem type="allocate" free="1795840" total="1835008" percent="97" />
      <mem type="survivor" free="0" total="262144" percent="0" />
    </mem>
    <mem type="tenure" free="4789200" total="6291456" percent="76">
      <mem type="soa" free="4474832" total="5977088" percent="74" />
      <mem type="loa" free="314368" total="314368" percent="100" />
    </mem>
    <remembered-set count="56" />
  </mem-info>
</gc-end>
<cycle-end id="202" type="scavenge" contextid="196" timestamp="2019-06-15T04:55:45.157" />
  <attribute name="elasticGC enabled" value="1" />
  <attribute name= "numThreadsSpecified" value="4" />
  <attribute name="heapSize specified" value="0" />
  <attribute name="Current GC Util" value="43" />
  <attribute name= "Current Time Running" value="590" />
  <attribute name ="GC Interval" value="200" />
  <attribute name="ProportionalT" value="11.500000" />
  <attribute name="ProportionalI" value="11.500000" />
  <attribute name="ProportionalH" value="11.500000" />
  <attribute name="Current Error" value="23.000000" />
  <attribute name="IntegralT" value="0.000000" />
  <attribute name="IntegralI" value="0.000000" />
  <attribute name="IntegralH" value="0.000000" />
  <attribute name="DerivativeT" value="-inf" />
  <attribute name="DerivativeI" value="-inf" />
  <attribute name="DerivativeH" value="-inf" />
  <attribute name="Loop Time for DT" value="0.000000" />
  <attribute name="Output H" value="2092630016"/>
  <attribute name="Output I" value="200"/>
  <attribute name="Output T" value="4"/>
  <attribute name="Target GC Util Change" value ="20.000000" />
  <attribute name="Current GC Util Change" value="43.000000"/>
  <attribute name="GC Util currently" value="43" />
  <attribute name="CPU Util currently" value="6314125898950" />
<allocation-satisfied id="203" threadId="00000000013C3700" bytesRequested="17816" />
<af-end id="204" timestamp="2019-06-15T04:55:45.157" threadId="00000000013C4088" success="true" from="nursery"/>
<exclusive-end id="205" timestamp="2019-06-15T04:55:45.157" durationms="0.536" />

<exclusive-start id="206" timestamp="2019-06-15T04:55:45.157" intervalms="0.712">
  <response-info timems="0.021" idlems="0.021" threads="0" lastid="00000000013C3700" lastname="main" />
</exclusive-start>
<af-start id="207" threadId="00000000013C4088" totalBytesRequested="37864" timestamp="2019-06-15T04:55:45.157" intervalms="0.714" type="nursery" />
<cycle-start id="208" type="scavenge" contextid="0" timestamp="2019-06-15T04:55:45.157" intervalms="0.716" />
<gc-start id="209" type="scavenge" contextid="208" timestamp="2019-06-15T04:55:45.157">
  <mem-info id="210" free="4789200" total="8388608" percent="57">
    <mem type="nursery" free="0" total="2097152" percent="0">
      <mem type="allocate" free="0" total="1835008" percent="0" />
      <mem type="survivor" free="0" total="262144" percent="0" />
    </mem>
    <mem type="tenure" free="4789200" total="6291456" percent="76">
      <mem type="soa" free="4474832" total="5977088" percent="74" />
      <mem type="loa" free="314368" total="314368" percent="100" />
    </mem>
    <remembered-set count="56" />
  </mem-info>
</gc-start>
<allocation-stats totalBytes="1491592" >
  <allocated-bytes non-tlh="53432" tlh="1438160" />
  <largest-consumer threadName="main" threadId="00000000013C3700" bytes="1491592" />
</allocation-stats>
<gc-op id="211" type="scavenge" timems="0.134" contextid="208" timestamp="2019-06-15T04:55:45.157">
  <scavenger-info tenureage="3" tenuremask="fff8" tiltratio="87" />
  <memory-copied type="nursery" objects="2" bytes="18960" bytesdiscarded="20208" />
</gc-op>
<gc-end id="212" type="scavenge" contextid="208" durationms="0.263" usertimems="0.000" systemtimems="0.000" timestamp="2019-06-15T04:55:45.157" activeThreads="4">
  <mem-info id="213" free="6585040" total="8388608" percent="78">
    <mem type="nursery" free="1795840" total="2097152" percent="85">
      <mem type="allocate" free="1795840" total="1835008" percent="97" />
      <mem type="survivor" free="0" total="262144" percent="0" />
    </mem>
    <mem type="tenure" free="4789200" total="6291456" percent="76">
      <mem type="soa" free="4474832" total="5977088" percent="74" />
      <mem type="loa" free="314368" total="314368" percent="100" />
    </mem>
    <remembered-set count="56" />
  </mem-info>
</gc-end>
<cycle-end id="214" type="scavenge" contextid="208" timestamp="2019-06-15T04:55:45.157" />
  <attribute name="elasticGC enabled" value="1" />
  <attribute name= "numThreadsSpecified" value="4" />
  <attribute name="heapSize specified" value="0" />
  <attribute name="Current GC Util" value="43" />
  <attribute name= "Current Time Running" value="591" />
  <attribute name ="GC Interval" value="200" />
  <attribute name="ProportionalT" value="11.500000" />
  <attribute name="ProportionalI" value="11.500000" />
  <attribute name="ProportionalH" value="11.500000" />
  <attribute name="Current Error" value="23.000000" />
  <attribute name="IntegralT" value="23.000000" />
  <attribute name="IntegralI" value="23.000000" />
  <attribute name="IntegralH" value="23.000000" />
  <attribute name="DerivativeT" value="0.000000" />
  <attribute name="DerivativeI" value="0.000000" />
  <attribute name="DerivativeH" value="0.000000" />
  <attribute name="Loop Time for DT" value="1.000000" />
  <attribute name="Output H" value="8388608"/>
  <attribute name="Output I" value="200"/>
  <attribute name="Output T" value="4"/>
  <attribute name="Target GC Util Change" value ="20.000000" />
  <attribute name="Current GC Util Change" value="43.000000"/>
  <attribute name="GC Util currently" value="43" />
  <attribute name="CPU Util currently" value="6445232086868" />
<allocation-satisfied id="215" threadId="00000000013C3700" bytesRequested="37864" />
<af-end id="216" timestamp="2019-06-15T04:55:45.158" threadId="00000000013C4088" success="true" from="nursery"/>
<exclusive-end id="217" timestamp="2019-06-15T04:55:45.158" durationms="0.563" />

<exclusive-start id="218" timestamp="2019-06-15T04:55:45.158" intervalms="0.728">
  <response-info timems="0.020" idlems="0.020" threads="0" lastid="00000000013C3700" lastname="main" />
</exclusive-start>
<af-start id="219" threadId="00000000013C4088" totalBytesRequested="20152" timestamp="2019-06-15T04:55:45.158" intervalms="0.726" type="nursery" />
<cycle-start id="220" type="scavenge" contextid="0" timestamp="2019-06-15T04:55:45.158" intervalms="0.725" />
<gc-start id="221" type="scavenge" contextid="220" timestamp="2019-06-15T04:55:45.158">
  <mem-info id="222" free="4789200" total="8388608" percent="57">
    <mem type="nursery" free="0" total="2097152" percent="0">
      <mem type="allocate" free="0" total="1835008" percent="0" />
      <mem type="survivor" free="0" total="262144" percent="0" />
    </mem>
    <mem type="tenure" free="4789200" total="6291456" percent="76">
      <mem type="soa" free="4474832" total="5977088" percent="74" />
      <mem type="loa" free="314368" total="314368" percent="100" />
    </mem>
    <remembered-set count="56" />
  </mem-info>
</gc-start>
<allocation-stats totalBytes="1528296" >
  <allocated-bytes non-tlh="116008" tlh="1412288" />
  <largest-consumer threadName="main" threadId="00000000013C3700" bytes="1528296" />
</allocation-stats>
<gc-op id="223" type="scavenge" timems="0.136" contextid="220" timestamp="2019-06-15T04:55:45.158">
  <scavenger-info tenureage="3" tenuremask="fff8" tiltratio="87" />
  <memory-copied type="nursery" objects="2" bytes="40312" bytesdiscarded="39152" />
</gc-op>
<gc-end id="224" type="scavenge" contextid="220" durationms="0.265" usertimems="0.000" systemtimems="0.000" timestamp="2019-06-15T04:55:45.158" activeThreads="4">
  <mem-info id="225" free="6544744" total="8388608" percent="78">
    <mem type="nursery" free="1755544" total="2097152" percent="83">
      <mem type="allocate" free="1755544" total="1835008" percent="95" />
      <mem type="survivor" free="0" total="262144" percent="0" />
    </mem>
    <mem type="tenure" free="4789200" total="6291456" percent="76">
      <mem type="soa" free="4474832" total="5977088" percent="74" />
      <mem type="loa" free="314368" total="314368" percent="100" />
    </mem>
    <remembered-set count="56" />
  </mem-info>
</gc-end>
<cycle-end id="226" type="scavenge" contextid="220" timestamp="2019-06-15T04:55:45.158" />
  <attribute name="elasticGC enabled" value="1" />
  <attribute name= "numThreadsSpecified" value="4" />
  <attribute name="heapSize specified" value="0" />
  <attribute name="Current GC Util" value="43" />
  <attribute name= "Current Time Running" value="592" />
  <attribute name ="GC Interval" value="200" />
  <attribute name="ProportionalT" value="11.500000" />
  <attribute name="ProportionalI" value="11.500000" />
  <attribute name="ProportionalH" value="11.500000" />
  <attribute name="Current Error" value="23.000000" />
  <attribute name="IntegralT" value="23.000000" />
  <attribute name="IntegralI" value="23.000000" />
  <attribute name="IntegralH" value="23.000000" />
  <attribute name="DerivativeT" value="0.000000" />
  <attribute name="DerivativeI" value="0.000000" />
  <attribute name="DerivativeH" value="0.000000" />
  <attribute name="Loop Time for DT" value="1.000000" />
  <attribute name="Output H" value="8388608"/>
  <attribute name="Output I" value="200"/>
  <attribute name="Output T" value="4"/>
  <attribute name="Target GC Util Change" value ="20.000000" />
  <attribute name="Current GC Util Change" value="43.000000"/>
  <attribute name="GC Util currently" value="43" />
  <attribute name="CPU Util currently" value="6362271338659" />
<allocation-satisfied id="227" threadId="00000000013C3700" bytesRequested="20152" />
<af-end id="228" timestamp="2019-06-15T04:55:45.158" threadId="00000000013C4088" success="true" from="nursery"/>
<exclusive-end id="229" timestamp="2019-06-15T04:55:45.158" durationms="0.562" />

<exclusive-start id="230" timestamp="2019-06-15T04:55:45.158" intervalms="0.728">
  <response-info timems="0.019" idlems="0.019" threads="0" lastid="00000000013C3700" lastname="main" />
</exclusive-start>
<af-start id="231" threadId="00000000013C4088" totalBytesRequested="42304" timestamp="2019-06-15T04:55:45.158" intervalms="0.729" type="nursery" />
<cycle-start id="232" type="scavenge" contextid="0" timestamp="2019-06-15T04:55:45.159" intervalms="0.729" />
<gc-start id="233" type="scavenge" contextid="232" timestamp="2019-06-15T04:55:45.159">
  <mem-info id="234" free="4789200" total="8388608" percent="57">
    <mem type="nursery" free="0" total="2097152" percent="0">
      <mem type="allocate" free="0" total="1835008" percent="0" />
      <mem type="survivor" free="0" total="262144" percent="0" />
    </mem>
    <mem type="tenure" free="4789200" total="6291456" percent="76">
      <mem type="soa" free="4474832" total="5977088" percent="74" />
      <mem type="loa" free="314368" total="314368" percent="100" />
    </mem>
    <remembered-set count="56" />
  </mem-info>
</gc-start>
<allocation-stats totalBytes="1531056" >
  <allocated-bytes non-tlh="60664" tlh="1470392" />
  <largest-consumer threadName="main" threadId="00000000013C3700" bytes="1531056" />
</allocation-stats>
<gc-op id="235" type="scavenge" timems="0.127" contextid="232" timestamp="2019-06-15T04:55:45.159">
  <scavenger-info tenureage="3" tenuremask="fff8" tiltratio="87" />
  <memory-copied type="nursery" objects="2" bytes="21184" bytesdiscarded="17984" />
</gc-op>
<gc-end id="236" type="scavenge" contextid="232" durationms="0.258" usertimems="0.000" systemtimems="0.000" timestamp="2019-06-15T04:55:45.159" activeThreads="4">
  <mem-info id="237" free="6585040" total="8388608" percent="78">
    <mem type="nursery" free="1795840" total="2097152" percent="85">
      <mem type="allocate" free="1795840" total="1835008" percent="97" />
      <mem type="survivor" free="0" total="262144" percent="0" />
    </mem>
    <mem type="tenure" free="4789200" total="6291456" percent="76">
      <mem type="soa" free="4474832" total="5977088" percent="74" />
      <mem type="loa" free="314368" total="314368" percent="100" />
    </mem>
    <remembered-set count="56" />
  </mem-info>
</gc-end>
<cycle-end id="238" type="scavenge" contextid="232" timestamp="2019-06-15T04:55:45.159" />
  <attribute name="elasticGC enabled" value="1" />
  <attribute name= "numThreadsSpecified" value="4" />
  <attribute name="heapSize specified" value="0" />
  <attribute name="Current GC Util" value="43" />
  <attribute name= "Current Time Running" value="593" />
  <attribute name ="GC Interval" value="200" />
  <attribute name="ProportionalT" value="11.500000" />
  <attribute name="ProportionalI" value="11.500000" />
  <attribute name="ProportionalH" value="11.500000" />
  <attribute name="Current Error" value="23.000000" />
  <attribute name="IntegralT" value="23.000000" />
  <attribute name="IntegralI" value="23.000000" />
  <attribute name="IntegralH" value="23.000000" />
  <attribute name="DerivativeT" value="0.000000" />
  <attribute name="DerivativeI" value="0.000000" />
  <attribute name="DerivativeH" value="0.000000" />
  <attribute name="Loop Time for DT" value="1.000000" />
  <attribute name="Output H" value="8388608"/>
  <attribute name="Output I" value="200"/>
  <attribute name="Output T" value="4"/>
  <attribute name="Target GC Util Change" value ="20.000000" />
  <attribute name="Current GC Util Change" value="43.000000"/>
  <attribute name="GC Util currently" value="43" />
  <attribute name="CPU Util currently" value="6276904966943" />
<allocation-satisfied id="239" threadId="00000000013C3700" bytesRequested="42304" />
<af-end id="240" timestamp="2019-06-15T04:55:45.159" threadId="00000000013C4088" success="true" from="nursery"/>
<exclusive-end id="241" timestamp="2019-06-15T04:55:45.159" durationms="0.563" />

<exclusive-start id="242" timestamp="2019-06-15T04:55:45.159" intervalms="0.729">
  <response-info timems="0.019" idlems="0.019" threads="0" lastid="00000000013C3700" lastname="main" />
</exclusive-start>
<af-start id="243" threadId="00000000013C4088" totalBytesRequested="22144" timestamp="2019-06-15T04:55:45.159" intervalms="0.740" type="nursery" />
<cycle-start id="244" type="scavenge" contextid="0" timestamp="2019-06-15T04:55:45.159" intervalms="0.742" />
<gc-start id="245" type="scavenge" contextid="244" timestamp="2019-06-15T04:55:45.159">
  <mem-info id="246" free="4789200" total="8388608" percent="57">
    <mem type="nursery" free="0" total="2097152" percent="0">
      <mem type="allocate" free="0" total="1835008" percent="0" />
      <mem type="survivor" free="0" total="262144" percent="0" />
    </mem>
    <mem type="tenure" free="4789200" total="6291456" percent="76">
      <mem type="soa" free="4474832" total="5977088" percent="74" />
      <mem type="loa" free="314368" total="314368" percent="100" />
    </mem>
    <remembered-set count="56" />
  </mem-info>
</gc-start>
<allocation-stats totalBytes="1540016" >
  <allocated-bytes non-tlh="127568" tlh="1412448" />
  <largest-consumer threadName="main" threadId="00000000013C3700" bytes="1540016" />
</allocation-stats>
<gc-op id="247" type="scavenge" timems="0.109" contextid="244" timestamp="2019-06-15T04:55:45.159">
  <scavenger-info tenureage="3" tenuremask="fff8" tiltratio="87" />
  <memory-copied type="nursery" objects="4" bytes="22224" bytesdiscarded="16944" />
</gc-op>
<gc-end id="248" type="scavenge" contextid="244" durationms="0.237" usertimems="0.000" systemtimems="0.000" timestamp="2019-06-15T04:55:45.160" activeThreads="4">
  <mem-info id="249" free="6585040" total="8388608" percent="78">
    <mem type="nursery" free="1795840" total="2097152" percent="85">
      <mem type="allocate" free="1795840" total="1835008" percent="97" />
      <mem type="survivor" free="0" total="262144" percent="0" />
    </mem>
    <mem type="tenure" free="4789200" total="6291456" percent="76">
      <mem type="soa" free="4474832" total="5977088" percent="74" />
      <mem type="loa" free="314368" total="314368" percent="100" />
    </mem>
    <remembered-set count="56" />
  </mem-info>
</gc-end>
<cycle-end id="250" type="scavenge" contextid="244" timestamp="2019-06-15T04:55:45.160" />
  <attribute name="elasticGC enabled" value="1" />
  <attribute name= "numThreadsSpecified" value="4" />
  <attribute name="heapSize specified" value="0" />
  <attribute name="Current GC Util" value="43" />
  <attribute name= "Current Time Running" value="593" />
  <attribute name ="GC Interval" value="200" />
  <attribute name="ProportionalT" value="11.500000" />
  <attribute name="ProportionalI" value="11.500000" />
  <attribute name="ProportionalH" value="11.500000" />
  <attribute name="Current Error" value="23.000000" />
  <attribute name="IntegralT" value="0.000000" />
  <attribute name="IntegralI" value="0.000000" />
  <attribute name="IntegralH" value="0.000000" />
  <attribute name="DerivativeT" value="-nan" />
  <attribute name="DerivativeI" value="-nan" />
  <attribute name="DerivativeH" value="-nan" />
  <attribute name="Loop Time for DT" value="0.000000" />
  <attribute name="Output H" value="2092630016"/>
  <attribute name="Output I" value="200"/>
  <attribute name="Output T" value="4"/>
  <attribute name="Target GC Util Change" value ="20.000000" />
  <attribute name="Current GC Util Change" value="43.000000"/>
  <attribute name="GC Util currently" value="43" />
  <attribute name="CPU Util currently" value="6259312266942" />
<allocation-satisfied id="251" threadId="00000000013C3700" bytesRequested="22144" />
<af-end id="252" timestamp="2019-06-15T04:55:45.160" threadId="00000000013C4088" success="true" from="nursery"/>
<exclusive-end id="253" timestamp="2019-06-15T04:55:45.160" durationms="0.559" />

<exclusive-start id="254" timestamp="2019-06-15T04:55:45.160" intervalms="0.722">
  <response-info timems="0.019" idlems="0.019" threads="0" lastid="00000000013C3700" lastname="main" />
</exclusive-start>
<af-start id="255" threadId="00000000013C4088" totalBytesRequested="23168" timestamp="2019-06-15T04:55:45.160" intervalms="0.711" type="nursery" />
<cycle-start id="256" type="scavenge" contextid="0" timestamp="2019-06-15T04:55:45.160" intervalms="0.709" />
<gc-start id="257" type="scavenge" contextid="256" timestamp="2019-06-15T04:55:45.160">
  <mem-info id="258" free="4789200" total="8388608" percent="57">
    <mem type="nursery" free="0" total="2097152" percent="0">
      <mem type="allocate" free="0" total="1835008" percent="0" />
      <mem type="survivor" free="0" total="262144" percent="0" />
    </mem>
    <mem type="tenure" free="4789200" total="6291456" percent="76">
      <mem type="soa" free="4474832" total="5977088" percent="74" />
      <mem type="loa" free="314368" total="314368" percent="100" />
    </mem>
    <remembered-set count="56" />
  </mem-info>
</gc-start>
<allocation-stats totalBytes="1518320" >
  <allocated-bytes non-tlh="155696" tlh="1362624" />
  <largest-consumer threadName="main" threadId="00000000013C3700" bytes="1518320" />
</allocation-stats>
<gc-op id="259" type="scavenge" timems="0.110" contextid="256" timestamp="2019-06-15T04:55:45.160">
  <scavenger-info tenureage="3" tenuremask="fff8" tiltratio="87" />
  <memory-copied type="nursery" objects="2" bytes="46152" bytesdiscarded="39152" />
</gc-op>
<gc-end id="260" type="scavenge" contextid="256" durationms="0.239" usertimems="0.000" systemtimems="0.000" timestamp="2019-06-15T04:55:45.160" activeThreads="4">
  <mem-info id="261" free="6538904" total="8388608" percent="77">
    <mem type="nursery" free="1749704" total="2097152" percent="83">
      <mem type="allocate" free="1749704" total="1835008" percent="95" />
      <mem type="survivor" free="0" total="262144" percent="0" />
    </mem>
    <mem type="tenure" free="4789200" total="6291456" percent="76">
      <mem type="soa" free="4474832" total="5977088" percent="74" />
      <mem type="loa" free="314368" total="314368" percent="100" />
    </mem>
    <remembered-set count="56" />
  </mem-info>
</gc-end>
<cycle-end id="262" type="scavenge" contextid="256" timestamp="2019-06-15T04:55:45.160" />
  <attribute name="elasticGC enabled" value="1" />
  <attribute name= "numThreadsSpecified" value="4" />
  <attribute name="heapSize specified" value="0" />
  <attribute name="Current GC Util" value="43" />
  <attribute name= "Current Time Running" value="594" />
  <attribute name ="GC Interval" value="200" />
  <attribute name="ProportionalT" value="11.500000" />
  <attribute name="ProportionalI" value="11.500000" />
  <attribute name="ProportionalH" value="11.500000" />
  <attribute name="Current Error" value="23.000000" />
  <attribute name="IntegralT" value="23.000000" />
  <attribute name="IntegralI" value="23.000000" />
  <attribute name="IntegralH" value="23.000000" />
  <attribute name="DerivativeT" value="0.000000" />
  <attribute name="DerivativeI" value="0.000000" />
  <attribute name="DerivativeH" value="0.000000" />
  <attribute name="Loop Time for DT" value="1.000000" />
  <attribute name="Output H" value="8388608"/>
  <attribute name="Output I" value="200"/>
  <attribute name="Output T" value="4"/>
  <attribute name="Target GC Util Change" value ="20.000000" />
  <attribute name="Current GC Util Change" value="43.000000"/>
  <attribute name="GC Util currently" value="43" />
  <attribute name="CPU Util currently" value="6501705922329" />
<allocation-satisfied id="263" threadId="00000000013C3700" bytesRequested="23168" />
<af-end id="264" timestamp="2019-06-15T04:55:45.160" threadId="00000000013C4088" success="true" from="nursery"/>
<exclusive-end id="265" timestamp="2019-06-15T04:55:45.160" durationms="0.540" />

<exclusive-start id="266" timestamp="2019-06-15T04:55:45.161" intervalms="0.742">
  <response-info timems="0.059" idlems="0.037" threads="1" lastid="00000000013C7300" lastname="JIT Compilation Thread-0" />
</exclusive-start>
<af-start id="267" threadId="00000000013C4088" totalBytesRequested="47904" timestamp="2019-06-15T04:55:45.161" intervalms="0.743" type="nursery" />
<cycle-start id="268" type="scavenge" contextid="0" timestamp="2019-06-15T04:55:45.161" intervalms="0.743" />
<gc-start id="269" type="scavenge" contextid="268" timestamp="2019-06-15T04:55:45.161">
  <mem-info id="270" free="4789200" total="8388608" percent="57">
    <mem type="nursery" free="0" total="2097152" percent="0">
      <mem type="allocate" free="0" total="1835008" percent="0" />
      <mem type="survivor" free="0" total="262144" percent="0" />
    </mem>
    <mem type="tenure" free="4789200" total="6291456" percent="76">
      <mem type="soa" free="4474832" total="5977088" percent="74" />
      <mem type="loa" free="314368" total="314368" percent="100" />
    </mem>
    <remembered-set count="56" />
  </mem-info>
</gc-start>
<allocation-stats totalBytes="1461192" >
  <allocated-bytes non-tlh="116040" tlh="1345152" />
  <largest-consumer threadName="main" threadId="00000000013C3700" bytes="1461192" />
</allocation-stats>
<gc-op id="271" type="scavenge" timems="0.125" contextid="268" timestamp="2019-06-15T04:55:45.161">
  <scavenger-info tenureage="3" tenuremask="fff8" tiltratio="87" />
  <memory-copied type="nursery" objects="2" bytes="23984" bytesdiscarded="15184" />
</gc-op>
<gc-end id="272" type="scavenge" contextid="268" durationms="0.254" usertimems="0.000" systemtimems="0.000" timestamp="2019-06-15T04:55:45.161" activeThreads="4">
  <mem-info id="273" free="6585040" total="8388608" percent="78">
    <mem type="nursery" free="1795840" total="2097152" percent="85">
      <mem type="allocate" free="1795840" total="1835008" percent="97" />
      <mem type="survivor" free="0" total="262144" percent="0" />
    </mem>
    <mem type="tenure" free="4789200" total="6291456" percent="76">
      <mem type="soa" free="4474832" total="5977088" percent="74" />
      <mem type="loa" free="314368" total="314368" percent="100" />
    </mem>
    <remembered-set count="56" />
  </mem-info>
</gc-end>
<cycle-end id="274" type="scavenge" contextid="268" timestamp="2019-06-15T04:55:45.161" />
  <attribute name="elasticGC enabled" value="1" />
  <attribute name= "numThreadsSpecified" value="4" />
  <attribute name="heapSize specified" value="0" />
  <attribute name="Current GC Util" value="41" />
  <attribute name= "Current Time Running" value="595" />
  <attribute name ="GC Interval" value="200" />
  <attribute name="ProportionalT" value="10.500000" />
  <attribute name="ProportionalI" value="10.500000" />
  <attribute name="ProportionalH" value="10.500000" />
  <attribute name="Current Error" value="21.000000" />
  <attribute name="IntegralT" value="21.000000" />
  <attribute name="IntegralI" value="21.000000" />
  <attribute name="IntegralH" value="21.000000" />
  <attribute name="DerivativeT" value="-3.000000" />
  <attribute name="DerivativeI" value="-3.000000" />
  <attribute name="DerivativeH" value="-3.000000" />
  <attribute name="Loop Time for DT" value="1.000000" />
  <attribute name="Output H" value="8388608"/>
  <attribute name="Output I" value="200"/>
  <attribute name="Output T" value="4"/>
  <attribute name="Target GC Util Change" value ="20.000000" />
  <attribute name="Current GC Util Change" value="41.000000"/>
  <attribute name="GC Util currently" value="41" />
  <attribute name="CPU Util currently" value="6212020535984" />
<allocation-satisfied id="275" threadId="00000000013C3700" bytesRequested="47904" />
<af-end id="276" timestamp="2019-06-15T04:55:45.161" threadId="00000000013C4088" success="true" from="nursery"/>
<exclusive-end id="277" timestamp="2019-06-15T04:55:45.161" durationms="0.555" />

<exclusive-start id="278" timestamp="2019-06-15T04:55:45.161" intervalms="0.736">
  <response-info timems="0.033" idlems="0.023" threads="1" lastid="00000000013CAF00" lastname="JIT Compilation Thread-1" />
</exclusive-start>
<af-start id="279" threadId="00000000013C4088" totalBytesRequested="49912" timestamp="2019-06-15T04:55:45.161" intervalms="0.734" type="nursery" />
<cycle-start id="280" type="scavenge" contextid="0" timestamp="2019-06-15T04:55:45.161" intervalms="0.734" />
<gc-start id="281" type="scavenge" contextid="280" timestamp="2019-06-15T04:55:45.161">
  <mem-info id="282" free="4789200" total="8388608" percent="57">
    <mem type="nursery" free="0" total="2097152" percent="0">
      <mem type="allocate" free="0" total="1835008" percent="0" />
      <mem type="survivor" free="0" total="262144" percent="0" />
    </mem>
    <mem type="tenure" free="4789200" total="6291456" percent="76">
      <mem type="soa" free="4474832" total="5977088" percent="74" />
      <mem type="loa" free="314368" total="314368" percent="100" />
    </mem>
    <remembered-set count="56" />
  </mem-info>
</gc-start>
<allocation-stats totalBytes="1568152" >
  <allocated-bytes non-tlh="192560" tlh="1375592" />
  <largest-consumer threadName="main" threadId="00000000013C3700" bytes="1568152" />
</allocation-stats>
<gc-op id="283" type="scavenge" timems="0.086" contextid="280" timestamp="2019-06-15T04:55:45.162">
  <scavenger-info tenureage="3" tenuremask="fff8" tiltratio="87" />
  <memory-copied type="nursery" objects="2" bytes="24984" bytesdiscarded="14184" />
</gc-op>
<gc-end id="284" type="scavenge" contextid="280" durationms="0.214" usertimems="0.000" systemtimems="0.000" timestamp="2019-06-15T04:55:45.162" activeThreads="1">
  <mem-info id="285" free="6585040" total="8388608" percent="78">
    <mem type="nursery" free="1795840" total="2097152" percent="85">
      <mem type="allocate" free="1795840" total="1835008" percent="97" />
      <mem type="survivor" free="0" total="262144" percent="0" />
    </mem>
    <mem type="tenure" free="4789200" total="6291456" percent="76">
      <mem type="soa" free="4474832" total="5977088" percent="74" />
      <mem type="loa" free="314368" total="314368" percent="100" />
    </mem>
    <remembered-set count="56" />
  </mem-info>
</gc-end>
<cycle-end id="286" type="scavenge" contextid="280" timestamp="2019-06-15T04:55:45.162" />
  <attribute name="elasticGC enabled" value="1" />
  <attribute name= "numThreadsSpecified" value="1" />
  <attribute name="heapSize specified" value="0" />
  <attribute name="Current GC Util" value="42" />
  <attribute name= "Current Time Running" value="595" />
  <attribute name ="GC Interval" value="200" />
  <attribute name="ProportionalT" value="11.000000" />
  <attribute name="ProportionalI" value="11.000000" />
  <attribute name="ProportionalH" value="11.000000" />
  <attribute name="Current Error" value="22.000000" />
  <attribute name="IntegralT" value="0.000000" />
  <attribute name="IntegralI" value="0.000000" />
  <attribute name="IntegralH" value="0.000000" />
  <attribute name="DerivativeT" value="inf" />
  <attribute name="DerivativeI" value="inf" />
  <attribute name="DerivativeH" value="inf" />
  <attribute name="Loop Time for DT" value="0.000000" />
  <attribute name="Output H" value="8388608"/>
  <attribute name="Output I" value="200"/>
  <attribute name="Output T" value="1"/>
  <attribute name="Target GC Util Change" value ="20.000000" />
  <attribute name="Current GC Util Change" value="42.000000"/>
  <attribute name="GC Util currently" value="42" />
  <attribute name="CPU Util currently" value="6286950985868" />
<allocation-satisfied id="287" threadId="00000000013C3700" bytesRequested="49912" />
<af-end id="288" timestamp="2019-06-15T04:55:45.162" threadId="00000000013C4088" success="true" from="nursery"/>
<exclusive-end id="289" timestamp="2019-06-15T04:55:45.162" durationms="0.512" />

<exclusive-start id="290" timestamp="2019-06-15T04:55:45.162" intervalms="0.681">
  <response-info timems="0.022" idlems="0.022" threads="0" lastid="00000000013C3700" lastname="main" />
</exclusive-start>
<af-start id="291" threadId="00000000013C4088" totalBytesRequested="25952" timestamp="2019-06-15T04:55:45.162" intervalms="0.682" type="nursery" />
<cycle-start id="292" type="scavenge" contextid="0" timestamp="2019-06-15T04:55:45.162" intervalms="0.681" />
<gc-start id="293" type="scavenge" contextid="292" timestamp="2019-06-15T04:55:45.162">
  <mem-info id="294" free="4789200" total="8388608" percent="57">
    <mem type="nursery" free="0" total="2097152" percent="0">
      <mem type="allocate" free="0" total="1835008" percent="0" />
      <mem type="survivor" free="0" total="262144" percent="0" />
    </mem>
    <mem type="tenure" free="4789200" total="6291456" percent="76">
      <mem type="soa" free="4474832" total="5977088" percent="74" />
      <mem type="loa" free="314368" total="314368" percent="100" />
    </mem>
    <remembered-set count="56" />
  </mem-info>
</gc-start>
<allocation-stats totalBytes="1607144" >
  <allocated-bytes non-tlh="251336" tlh="1355808" />
  <largest-consumer threadName="main" threadId="00000000013C3700" bytes="1607144" />
</allocation-stats>
<gc-op id="295" type="scavenge" timems="0.126" contextid="292" timestamp="2019-06-15T04:55:45.162">
  <scavenger-info tenureage="14" tenuremask="4000" tiltratio="87" />
  <memory-copied type="nursery" objects="4" bytes="26032" bytesdiscarded="13136" />
</gc-op>
<gc-end id="296" type="scavenge" contextid="292" durationms="0.255" usertimems="0.000" systemtimems="0.000" timestamp="2019-06-15T04:55:45.162" activeThreads="4">
  <mem-info id="297" free="6585040" total="8388608" percent="78">
    <mem type="nursery" free="1795840" total="2097152" percent="85">
      <mem type="allocate" free="1795840" total="1835008" percent="97" />
      <mem type="survivor" free="0" total="262144" percent="0" />
    </mem>
    <mem type="tenure" free="4789200" total="6291456" percent="76">
      <mem type="soa" free="4474832" total="5977088" percent="74" />
      <mem type="loa" free="314368" total="314368" percent="100" />
    </mem>
    <remembered-set count="56" />
  </mem-info>
</gc-end>
<cycle-end id="298" type="scavenge" contextid="292" timestamp="2019-06-15T04:55:45.162" />
  <attribute name="elasticGC enabled" value="1" />
  <attribute name= "numThreadsSpecified" value="4" />
  <attribute name="heapSize specified" value="0" />
  <attribute name="Current GC Util" value="38" />
  <attribute name= "Current Time Running" value="596" />
  <attribute name ="GC Interval" value="200" />
  <attribute name="ProportionalT" value="9.000000" />
  <attribute name="ProportionalI" value="9.000000" />
  <attribute name="ProportionalH" value="9.000000" />
  <attribute name="Current Error" value="18.000000" />
  <attribute name="IntegralT" value="18.000000" />
  <attribute name="IntegralI" value="18.000000" />
  <attribute name="IntegralH" value="18.000000" />
  <attribute name="DerivativeT" value="-6.000000" />
  <attribute name="DerivativeI" value="-6.000000" />
  <attribute name="DerivativeH" value="-6.000000" />
  <attribute name="Loop Time for DT" value="1.000000" />
  <attribute name="Output H" value="8388608"/>
  <attribute name="Output I" value="200"/>
  <attribute name="Output T" value="4"/>
  <attribute name="Target GC Util Change" value ="20.000000" />
  <attribute name="Current GC Util Change" value="38.000000"/>
  <attribute name="GC Util currently" value="38" />
  <attribute name="CPU Util currently" value="6765375726183" />
<allocation-satisfied id="299" threadId="00000000013C3700" bytesRequested="25952" />
<af-end id="300" timestamp="2019-06-15T04:55:45.163" threadId="00000000013C4088" success="true" from="nursery"/>
<exclusive-end id="301" timestamp="2019-06-15T04:55:45.163" durationms="0.560" />

<exclusive-start id="302" timestamp="2019-06-15T04:55:45.163" intervalms="0.731">
  <response-info timems="0.020" idlems="0.020" threads="0" lastid="00000000013C3700" lastname="main" />
</exclusive-start>
<af-start id="303" threadId="00000000013C4088" totalBytesRequested="26880" timestamp="2019-06-15T04:55:45.163" intervalms="0.732" type="nursery" />
<cycle-start id="304" type="scavenge" contextid="0" timestamp="2019-06-15T04:55:45.163" intervalms="0.732" />
<gc-start id="305" type="scavenge" contextid="304" timestamp="2019-06-15T04:55:45.163">
  <mem-info id="306" free="4789200" total="8388608" percent="57">
    <mem type="nursery" free="0" total="2097152" percent="0">
      <mem type="allocate" free="0" total="1835008" percent="0" />
      <mem type="survivor" free="0" total="262144" percent="0" />
    </mem>
    <mem type="tenure" free="4789200" total="6291456" percent="76">
      <mem type="soa" free="4474832" total="5977088" percent="74" />
      <mem type="loa" free="314368" total="314368" percent="100" />
    </mem>
    <remembered-set count="56" />
  </mem-info>
</gc-start>
<allocation-stats totalBytes="1584192" >
  <allocated-bytes non-tlh="287016" tlh="1297176" />
  <largest-consumer threadName="main" threadId="00000000013C3700" bytes="1584192" />
</allocation-stats>
<gc-op id="307" type="scavenge" timems="0.124" contextid="304" timestamp="2019-06-15T04:55:45.163">
  <scavenger-info tenureage="14" tenuremask="4000" tiltratio="87" />
  <memory-copied type="nursery" objects="4" bytes="26960" bytesdiscarded="12208" />
</gc-op>
<gc-end id="308" type="scavenge" contextid="304" durationms="0.255" usertimems="0.000" systemtimems="0.000" timestamp="2019-06-15T04:55:45.163" activeThreads="4">
  <mem-info id="309" free="6585040" total="8388608" percent="78">
    <mem type="nursery" free="1795840" total="2097152" percent="85">
      <mem type="allocate" free="1795840" total="1835008" percent="97" />
      <mem type="survivor" free="0" total="262144" percent="0" />
    </mem>
    <mem type="tenure" free="4789200" total="6291456" percent="76">
      <mem type="soa" free="4474832" total="5977088" percent="74" />
      <mem type="loa" free="314368" total="314368" percent="100" />
    </mem>
    <remembered-set count="56" />
  </mem-info>
</gc-end>
<cycle-end id="310" type="scavenge" contextid="304" timestamp="2019-06-15T04:55:45.163" />
  <attribute name="elasticGC enabled" value="1" />
  <attribute name= "numThreadsSpecified" value="4" />
  <attribute name="heapSize specified" value="0" />
  <attribute name="Current GC Util" value="43" />
  <attribute name= "Current Time Running" value="597" />
  <attribute name ="GC Interval" value="200" />
  <attribute name="ProportionalT" value="11.500000" />
  <attribute name="ProportionalI" value="11.500000" />
  <attribute name="ProportionalH" value="11.500000" />
  <attribute name="Current Error" value="23.000000" />
  <attribute name="IntegralT" value="23.000000" />
  <attribute name="IntegralI" value="23.000000" />
  <attribute name="IntegralH" value="23.000000" />
  <attribute name="DerivativeT" value="7.500000" />
  <attribute name="DerivativeI" value="7.500000" />
  <attribute name="DerivativeH" value="7.500000" />
  <attribute name="Loop Time for DT" value="1.000000" />
  <attribute name="Output H" value="8388608"/>
  <attribute name="Output I" value="200"/>
  <attribute name="Output T" value="4"/>
  <attribute name="Target GC Util Change" value ="20.000000" />
  <attribute name="Current GC Util Change" value="43.000000"/>
  <attribute name="GC Util currently" value="43" />
  <attribute name="CPU Util currently" value="6296427390917" />
<allocation-satisfied id="311" threadId="00000000013C3700" bytesRequested="26880" />
<af-end id="312" timestamp="2019-06-15T04:55:45.163" threadId="00000000013C4088" success="true" from="nursery"/>
<exclusive-end id="313" timestamp="2019-06-15T04:55:45.163" durationms="0.553" />

<exclusive-start id="314" timestamp="2019-06-15T04:55:45.163" intervalms="0.719">
  <response-info timems="0.019" idlems="0.019" threads="0" lastid="00000000013C3700" lastname="main" />
</exclusive-start>
<af-start id="315" threadId="00000000013C4088" totalBytesRequested="55576" timestamp="2019-06-15T04:55:45.164" intervalms="0.728" type="nursery" />
<cycle-start id="316" type="scavenge" contextid="0" timestamp="2019-06-15T04:55:45.164" intervalms="0.751" />
<gc-start id="317" type="scavenge" contextid="316" timestamp="2019-06-15T04:55:45.164">
  <mem-info id="318" free="4789200" total="8388608" percent="57">
    <mem type="nursery" free="0" total="2097152" percent="0">
      <mem type="allocate" free="0" total="1835008" percent="0" />
      <mem type="survivor" free="0" total="262144" percent="0" />
    </mem>
    <mem type="tenure" free="4789200" total="6291456" percent="76">
      <mem type="soa" free="4474832" total="5977088" percent="74" />
      <mem type="loa" free="314368" total="314368" percent="100" />
    </mem>
    <remembered-set count="56" />
  </mem-info>
</gc-start>
<allocation-stats totalBytes="1557056" >
  <allocated-bytes non-tlh="324376" tlh="1232680" />
  <largest-consumer threadName="main" threadId="00000000013C3700" bytes="1557056" />
</allocation-stats>
<gc-op id="319" type="scavenge" timems="0.135" contextid="316" timestamp="2019-06-15T04:55:45.164">
  <scavenger-info tenureage="14" tenuremask="4000" tiltratio="87" />
  <memory-copied type="nursery" objects="2" bytes="27816" bytesdiscarded="11352" />
</gc-op>
<gc-end id="320" type="scavenge" contextid="316" durationms="0.265" usertimems="0.000" systemtimems="0.000" timestamp="2019-06-15T04:55:45.164" activeThreads="4">
  <mem-info id="321" free="6585040" total="8388608" percent="78">
    <mem type="nursery" free="1795840" total="2097152" percent="85">
      <mem type="allocate" free="1795840" total="1835008" percent="97" />
      <mem type="survivor" free="0" total="262144" percent="0" />
    </mem>
    <mem type="tenure" free="4789200" total="6291456" percent="76">
      <mem type="soa" free="4474832" total="5977088" percent="74" />
      <mem type="loa" free="314368" total="314368" percent="100" />
    </mem>
    <remembered-set count="56" />
  </mem-info>
</gc-end>
<cycle-end id="322" type="scavenge" contextid="316" timestamp="2019-06-15T04:55:45.164" />
  <attribute name="elasticGC enabled" value="1" />
  <attribute name= "numThreadsSpecified" value="4" />
  <attribute name="heapSize specified" value="0" />
  <attribute name="Current GC Util" value="41" />
  <attribute name= "Current Time Running" value="598" />
  <attribute name ="GC Interval" value="200" />
  <attribute name="ProportionalT" value="10.500000" />
  <attribute name="ProportionalI" value="10.500000" />
  <attribute name="ProportionalH" value="10.500000" />
  <attribute name="Current Error" value="21.000000" />
  <attribute name="IntegralT" value="21.000000" />
  <attribute name="IntegralI" value="21.000000" />
  <attribute name="IntegralH" value="21.000000" />
  <attribute name="DerivativeT" value="-3.000000" />
  <attribute name="DerivativeI" value="-3.000000" />
  <attribute name="DerivativeH" value="-3.000000" />
  <attribute name="Loop Time for DT" value="1.000000" />
  <attribute name="Output H" value="8388608"/>
  <attribute name="Output I" value="200"/>
  <attribute name="Output T" value="4"/>
  <attribute name="Target GC Util Change" value ="20.000000" />
  <attribute name="Current GC Util Change" value="41.000000"/>
  <attribute name="GC Util currently" value="41" />
  <attribute name="CPU Util currently" value="6123400521154" />
<allocation-satisfied id="323" threadId="00000000013C3700" bytesRequested="55576" />
<af-end id="324" timestamp="2019-06-15T04:55:45.164" threadId="00000000013C4088" success="true" from="nursery"/>
<exclusive-end id="325" timestamp="2019-06-15T04:55:45.164" durationms="0.599" />

<exclusive-start id="326" timestamp="2019-06-15T04:55:45.164" intervalms="0.769">
  <response-info timems="0.021" idlems="0.021" threads="0" lastid="00000000013C3700" lastname="main" />
</exclusive-start>
<af-start id="327" threadId="00000000013C4088" totalBytesRequested="57320" timestamp="2019-06-15T04:55:45.164" intervalms="0.758" type="nursery" />
<cycle-start id="328" type="scavenge" contextid="0" timestamp="2019-06-15T04:55:45.164" intervalms="0.736" />
<gc-start id="329" type="scavenge" contextid="328" timestamp="2019-06-15T04:55:45.164">
  <mem-info id="330" free="4789200" total="8388608" percent="57">
    <mem type="nursery" free="0" total="2097152" percent="0">
      <mem type="allocate" free="0" total="1835008" percent="0" />
      <mem type="survivor" free="0" total="262144" percent="0" />
    </mem>
    <mem type="tenure" free="4789200" total="6291456" percent="76">
      <mem type="soa" free="4474832" total="5977088" percent="74" />
      <mem type="loa" free="314368" total="314368" percent="100" />
    </mem>
    <remembered-set count="56" />
  </mem-info>
</gc-start>
<allocation-stats totalBytes="1579968" >
  <allocated-bytes non-tlh="335248" tlh="1244720" />
  <largest-consumer threadName="main" threadId="00000000013C3700" bytes="1579968" />
</allocation-stats>
<gc-op id="331" type="scavenge" timems="0.086" contextid="328" timestamp="2019-06-15T04:55:45.165">
  <scavenger-info tenureage="14" tenuremask="4000" tiltratio="87" />
  <memory-copied type="nursery" objects="2" bytes="28688" bytesdiscarded="10480" />
</gc-op>
<gc-end id="332" type="scavenge" contextid="328" durationms="0.212" usertimems="0.000" systemtimems="0.000" timestamp="2019-06-15T04:55:45.165" activeThreads="1">
  <mem-info id="333" free="6585040" total="8388608" percent="78">
    <mem type="nursery" free="1795840" total="2097152" percent="85">
      <mem type="allocate" free="1795840" total="1835008" percent="97" />
      <mem type="survivor" free="0" total="262144" percent="0" />
    </mem>
    <mem type="tenure" free="4789200" total="6291456" percent="76">
      <mem type="soa" free="4474832" total="5977088" percent="74" />
      <mem type="loa" free="314368" total="314368" percent="100" />
    </mem>
    <remembered-set count="56" />
  </mem-info>
</gc-end>
<cycle-end id="334" type="scavenge" contextid="328" timestamp="2019-06-15T04:55:45.165" />
  <attribute name="elasticGC enabled" value="1" />
  <attribute name= "numThreadsSpecified" value="1" />
  <attribute name="heapSize specified" value="0" />
  <attribute name="Current GC Util" value="44" />
  <attribute name= "Current Time Running" value="598" />
  <attribute name ="GC Interval" value="200" />
  <attribute name="ProportionalT" value="12.000000" />
  <attribute name="ProportionalI" value="12.000000" />
  <attribute name="ProportionalH" value="12.000000" />
  <attribute name="Current Error" value="24.000000" />
  <attribute name="IntegralT" value="0.000000" />
  <attribute name="IntegralI" value="0.000000" />
  <attribute name="IntegralH" value="0.000000" />
  <attribute name="DerivativeT" value="inf" />
  <attribute name="DerivativeI" value="inf" />
  <attribute name="DerivativeH" value="inf" />
  <attribute name="Loop Time for DT" value="0.000000" />
  <attribute name="Output H" value="8388608"/>
  <attribute name="Output I" value="200"/>
  <attribute name="Output T" value="1"/>
  <attribute name="Target GC Util Change" value ="20.000000" />
  <attribute name="Current GC Util Change" value="44.000000"/>
  <attribute name="GC Util currently" value="44" />
  <attribute name="CPU Util currently" value="6296822861107" />
<allocation-satisfied id="335" threadId="00000000013C3700" bytesRequested="57320" />
<af-end id="336" timestamp="2019-06-15T04:55:45.165" threadId="00000000013C4088" success="true" from="nursery"/>
<exclusive-end id="337" timestamp="2019-06-15T04:55:45.165" durationms="0.510" />

<exclusive-start id="338" timestamp="2019-06-15T04:55:45.165" intervalms="0.747">
  <response-info timems="0.090" idlems="0.053" threads="1" lastid="00000000013C7300" lastname="JIT Compilation Thread-0" />
</exclusive-start>
<af-start id="339" threadId="00000000013C4088" totalBytesRequested="29568" timestamp="2019-06-15T04:55:45.165" intervalms="0.749" type="nursery" />
<cycle-start id="340" type="scavenge" contextid="0" timestamp="2019-06-15T04:55:45.165" intervalms="0.755" />
<gc-start id="341" type="scavenge" contextid="340" timestamp="2019-06-15T04:55:45.165">
  <mem-info id="342" free="4789200" total="8388608" percent="57">
    <mem type="nursery" free="0" total="2097152" percent="0">
      <mem type="allocate" free="0" total="1835008" percent="0" />
      <mem type="survivor" free="0" total="262144" percent="0" />
    </mem>
    <mem type="tenure" free="4789200" total="6291456" percent="76">
      <mem type="soa" free="4474832" total="5977088" percent="74" />
      <mem type="loa" free="314368" total="314368" percent="100" />
    </mem>
    <remembered-set count="56" />
  </mem-info>
</gc-start>
<allocation-stats totalBytes="1601136" >
  <allocated-bytes non-tlh="345696" tlh="1255440" />
  <largest-consumer threadName="main" threadId="00000000013C3700" bytes="1601136" />
</allocation-stats>
<gc-op id="343" type="scavenge" timems="0.087" contextid="340" timestamp="2019-06-15T04:55:45.165">
  <scavenger-info tenureage="14" tenuremask="4000" tiltratio="87" />
  <memory-copied type="nursery" objects="4" bytes="29648" bytesdiscarded="9520" />
</gc-op>
<gc-end id="344" type="scavenge" contextid="340" durationms="0.216" usertimems="0.000" systemtimems="0.000" timestamp="2019-06-15T04:55:45.165" activeThreads="1">
  <mem-info id="345" free="6585040" total="8388608" percent="78">
    <mem type="nursery" free="1795840" total="2097152" percent="85">
      <mem type="allocate" free="1795840" total="1835008" percent="97" />
      <mem type="survivor" free="0" total="262144" percent="0" />
    </mem>
    <mem type="tenure" free="4789200" total="6291456" percent="76">
      <mem type="soa" free="4474832" total="5977088" percent="74" />
      <mem type="loa" free="314368" total="314368" percent="100" />
    </mem>
    <remembered-set count="56" />
  </mem-info>
</gc-end>
<cycle-end id="346" type="scavenge" contextid="340" timestamp="2019-06-15T04:55:45.165" />
  <attribute name="elasticGC enabled" value="1" />
  <attribute name= "numThreadsSpecified" value="1" />
  <attribute name="heapSize specified" value="0" />
  <attribute name="Current GC Util" value="31" />
  <attribute name= "Current Time Running" value="599" />
  <attribute name ="GC Interval" value="200" />
  <attribute name="ProportionalT" value="5.500000" />
  <attribute name="ProportionalI" value="5.500000" />
  <attribute name="ProportionalH" value="5.500000" />
  <attribute name="Current Error" value="11.000000" />
  <attribute name="IntegralT" value="11.000000" />
  <attribute name="IntegralI" value="11.000000" />
  <attribute name="IntegralH" value="11.000000" />
  <attribute name="DerivativeT" value="-19.500000" />
  <attribute name="DerivativeI" value="-19.500000" />
  <attribute name="DerivativeH" value="-19.500000" />
  <attribute name="Loop Time for DT" value="1.000000" />
  <attribute name="Output H" value="8388608"/>
  <attribute name="Output I" value="200"/>
  <attribute name="Output T" value="1"/>
  <attribute name="Target GC Util Change" value ="20.000000" />
  <attribute name="Current GC Util Change" value="31.000000"/>
  <attribute name="GC Util currently" value="31" />
  <attribute name="CPU Util currently" value="5520346011696" />
<allocation-satisfied id="347" threadId="00000000013C3700" bytesRequested="29568" />
<af-end id="348" timestamp="2019-06-15T04:55:45.166" threadId="00000000013C4088" success="true" from="nursery"/>
<exclusive-end id="349" timestamp="2019-06-15T04:55:45.166" durationms="0.600" />

<exclusive-start id="350" timestamp="2019-06-15T04:55:45.166" intervalms="0.770">
  <response-info timems="0.022" idlems="0.022" threads="0" lastid="00000000013C3700" lastname="main" />
</exclusive-start>
<af-start id="351" threadId="00000000013C4088" totalBytesRequested="60584" timestamp="2019-06-15T04:55:45.166" intervalms="0.770" type="nursery" />
<cycle-start id="352" type="scavenge" contextid="0" timestamp="2019-06-15T04:55:45.166" intervalms="0.764" />
<gc-start id="353" type="scavenge" contextid="352" timestamp="2019-06-15T04:55:45.166">
  <mem-info id="354" free="4789200" total="8388608" percent="57">
    <mem type="nursery" free="0" total="2097152" percent="0">
      <mem type="allocate" free="0" total="1835008" percent="0" />
      <mem type="survivor" free="0" total="262144" percent="0" />
    </mem>
    <mem type="tenure" free="4789200" total="6291456" percent="76">
      <mem type="soa" free="4474832" total="5977088" percent="74" />
      <mem type="loa" free="314368" total="314368" percent="100" />
    </mem>
    <remembered-set count="56" />
  </mem-info>
</gc-start>
<allocation-stats totalBytes="1586896" >
  <allocated-bytes non-tlh="385976" tlh="1200920" />
  <largest-consumer threadName="main" threadId="00000000013C3700" bytes="1586896" />
</allocation-stats>
<gc-op id="355" type="scavenge" timems="0.134" contextid="352" timestamp="2019-06-15T04:55:45.166">
  <scavenger-info tenureage="14" tenuremask="4000" tiltratio="87" />
  <memory-copied type="nursery" objects="2" bytes="30320" bytesdiscarded="8848" />
</gc-op>
<gc-end id="356" type="scavenge" contextid="352" durationms="0.263" usertimems="0.000" systemtimems="0.000" timestamp="2019-06-15T04:55:45.166" activeThreads="4">
  <mem-info id="357" free="6585040" total="8388608" percent="78">
    <mem type="nursery" free="1795840" total="2097152" percent="85">
      <mem type="allocate" free="1795840" total="1835008" percent="97" />
      <mem type="survivor" free="0" total="262144" percent="0" />
    </mem>
    <mem type="tenure" free="4789200" total="6291456" percent="76">
      <mem type="soa" free="4474832" total="5977088" percent="74" />
      <mem type="loa" free="314368" total="314368" percent="100" />
    </mem>
    <remembered-set count="56" />
  </mem-info>
</gc-end>
<cycle-end id="358" type="scavenge" contextid="352" timestamp="2019-06-15T04:55:45.166" />
  <attribute name="elasticGC enabled" value="1" />
  <attribute name= "numThreadsSpecified" value="4" />
  <attribute name="heapSize specified" value="0" />
  <attribute name="Current GC Util" value="51" />
  <attribute name= "Current Time Running" value="600" />
  <attribute name ="GC Interval" value="200" />
  <attribute name="ProportionalT" value="15.500000" />
  <attribute name="ProportionalI" value="15.500000" />
  <attribute name="ProportionalH" value="15.500000" />
  <attribute name="Current Error" value="31.000000" />
  <attribute name="IntegralT" value="31.000000" />
  <attribute name="IntegralI" value="31.000000" />
  <attribute name="IntegralH" value="31.000000" />
  <attribute name="DerivativeT" value="30.000000" />
  <attribute name="DerivativeI" value="30.000000" />
  <attribute name="DerivativeH" value="30.000000" />
  <attribute name="Loop Time for DT" value="1.000000" />
  <attribute name="Output H" value="8388608"/>
  <attribute name="Output I" value="200"/>
  <attribute name="Output T" value="4"/>
  <attribute name="Target GC Util Change" value ="20.000000" />
  <attribute name="Current GC Util Change" value="51.000000"/>
  <attribute name="GC Util currently" value="51" />
  <attribute name="CPU Util currently" value="6745347291249" />
<allocation-satisfied id="359" threadId="00000000013C3700" bytesRequested="60584" />
<af-end id="360" timestamp="2019-06-15T04:55:45.166" threadId="00000000013C4088" success="true" from="nursery"/>
<exclusive-end id="361" timestamp="2019-06-15T04:55:45.166" durationms="0.564" />

<exclusive-start id="362" timestamp="2019-06-15T04:55:45.167" intervalms="0.726">
  <response-info timems="0.018" idlems="0.018" threads="0" lastid="00000000013C3700" lastname="main" />
</exclusive-start>
<af-start id="363" threadId="00000000013C4088" totalBytesRequested="31152" timestamp="2019-06-15T04:55:45.167" intervalms="0.729" type="nursery" />
<cycle-start id="364" type="scavenge" contextid="0" timestamp="2019-06-15T04:55:45.167" intervalms="0.729" />
<gc-start id="365" type="scavenge" contextid="364" timestamp="2019-06-15T04:55:45.167">
  <mem-info id="366" free="4789200" total="8388608" percent="57">
    <mem type="nursery" free="0" total="2097152" percent="0">
      <mem type="allocate" free="0" total="1835008" percent="0" />
      <mem type="survivor" free="0" total="262144" percent="0" />
    </mem>
    <mem type="tenure" free="4789200" total="6291456" percent="76">
      <mem type="soa" free="4474832" total="5977088" percent="74" />
      <mem type="loa" free="314368" total="314368" percent="100" />
    </mem>
    <remembered-set count="56" />
  </mem-info>
</gc-start>
<allocation-stats totalBytes="1536088" >
  <allocated-bytes non-tlh="489272" tlh="1046816" />
  <largest-consumer threadName="main" threadId="00000000013C3700" bytes="1536088" />
</allocation-stats>
<gc-op id="367" type="scavenge" timems="0.137" contextid="364" timestamp="2019-06-15T04:55:45.167">
  <scavenger-info tenureage="14" tenuremask="4000" tiltratio="87" />
  <memory-copied type="nursery" objects="2" bytes="62064" bytesdiscarded="39152" />
</gc-op>
<gc-end id="368" type="scavenge" contextid="364" durationms="0.267" usertimems="0.000" systemtimems="0.000" timestamp="2019-06-15T04:55:45.167" activeThreads="4">
  <mem-info id="369" free="6522992" total="8388608" percent="77">
    <mem type="nursery" free="1733792" total="2097152" percent="82">
      <mem type="allocate" free="1733792" total="1835008" percent="94" />
      <mem type="survivor" free="0" total="262144" percent="0" />
    </mem>
    <mem type="tenure" free="4789200" total="6291456" percent="76">
      <mem type="soa" free="4474832" total="5977088" percent="74" />
      <mem type="loa" free="314368" total="314368" percent="100" />
    </mem>
    <remembered-set count="56" />
  </mem-info>
</gc-end>
<cycle-end id="370" type="scavenge" contextid="364" timestamp="2019-06-15T04:55:45.167" />
  <attribute name="elasticGC enabled" value="1" />
  <attribute name= "numThreadsSpecified" value="4" />
  <attribute name="heapSize specified" value="0" />
  <attribute name="Current GC Util" value="45" />
  <attribute name= "Current Time Running" value="601" />
  <attribute name ="GC Interval" value="200" />
  <attribute name="ProportionalT" value="12.500000" />
  <attribute name="ProportionalI" value="12.500000" />
  <attribute name="ProportionalH" value="12.500000" />
  <attribute name="Current Error" value="25.000000" />
  <attribute name="IntegralT" value="25.000000" />
  <attribute name="IntegralI" value="25.000000" />
  <attribute name="IntegralH" value="25.000000" />
  <attribute name="DerivativeT" value="-9.000000" />
  <attribute name="DerivativeI" value="-9.000000" />
  <attribute name="DerivativeH" value="-9.000000" />
  <attribute name="Loop Time for DT" value="1.000000" />
  <attribute name="Output H" value="8388608"/>
  <attribute name="Output I" value="200"/>
  <attribute name="Output T" value="4"/>
  <attribute name="Target GC Util Change" value ="20.000000" />
  <attribute name="Current GC Util Change" value="45.000000"/>
  <attribute name="GC Util currently" value="45" />
  <attribute name="CPU Util currently" value="6323311624555" />
<allocation-satisfied id="371" threadId="00000000013C3700" bytesRequested="31152" />
<af-end id="372" timestamp="2019-06-15T04:55:45.167" threadId="00000000013C4088" success="true" from="nursery"/>
<exclusive-end id="373" timestamp="2019-06-15T04:55:45.167" durationms="0.569" />

<exclusive-start id="374" timestamp="2019-06-15T04:55:45.167" intervalms="0.745">
  <response-info timems="0.016" idlems="0.016" threads="0" lastid="00000000013C3700" lastname="main" />
</exclusive-start>
<af-start id="375" threadId="00000000013C4088" totalBytesRequested="63824" timestamp="2019-06-15T04:55:45.167" intervalms="0.740" type="nursery" />
<cycle-start id="376" type="scavenge" contextid="0" timestamp="2019-06-15T04:55:45.167" intervalms="0.740" />
<gc-start id="377" type="scavenge" contextid="376" timestamp="2019-06-15T04:55:45.167">
  <mem-info id="378" free="4789200" total="8388608" percent="57">
    <mem type="nursery" free="0" total="2097152" percent="0">
      <mem type="allocate" free="0" total="1835008" percent="0" />
      <mem type="survivor" free="0" total="262144" percent="0" />
    </mem>
    <mem type="tenure" free="4789200" total="6291456" percent="76">
      <mem type="soa" free="4474832" total="5977088" percent="74" />
      <mem type="loa" free="314368" total="314368" percent="100" />
    </mem>
    <remembered-set count="56" />
  </mem-info>
</gc-start>
<allocation-stats totalBytes="1575616" >
  <allocated-bytes non-tlh="406784" tlh="1168832" />
  <largest-consumer threadName="main" threadId="00000000013C3700" bytes="1575616" />
</allocation-stats>
<gc-op id="379" type="scavenge" timems="0.139" contextid="376" timestamp="2019-06-15T04:55:45.168">
  <scavenger-info tenureage="14" tenuremask="4000" tiltratio="87" />
  <memory-copied type="nursery" objects="2" bytes="31944" bytesdiscarded="7224" />
</gc-op>
<gc-end id="380" type="scavenge" contextid="376" durationms="0.270" usertimems="0.000" systemtimems="0.000" timestamp="2019-06-15T04:55:45.168" activeThreads="4">
  <mem-info id="381" free="6585040" total="8388608" percent="78">
    <mem type="nursery" free="1795840" total="2097152" percent="85">
      <mem type="allocate" free="1795840" total="1835008" percent="97" />
      <mem type="survivor" free="0" total="262144" percent="0" />
    </mem>
    <mem type="tenure" free="4789200" total="6291456" percent="76">
      <mem type="soa" free="4474832" total="5977088" percent="74" />
      <mem type="loa" free="314368" total="314368" percent="100" />
    </mem>
    <remembered-set count="56" />
  </mem-info>
</gc-end>
<cycle-end id="382" type="scavenge" contextid="376" timestamp="2019-06-15T04:55:45.168" />
  <attribute name="elasticGC enabled" value="1" />
  <attribute name= "numThreadsSpecified" value="4" />
  <attribute name="heapSize specified" value="0" />
  <attribute name="Current GC Util" value="43" />
  <attribute name= "Current Time Running" value="601" />
  <attribute name ="GC Interval" value="200" />
  <attribute name="ProportionalT" value="11.500000" />
  <attribute name="ProportionalI" value="11.500000" />
  <attribute name="ProportionalH" value="11.500000" />
  <attribute name="Current Error" value="23.000000" />
  <attribute name="IntegralT" value="0.000000" />
  <attribute name="IntegralI" value="0.000000" />
  <attribute name="IntegralH" value="0.000000" />
  <attribute name="DerivativeT" value="-inf" />
  <attribute name="DerivativeI" value="-inf" />
  <attribute name="DerivativeH" value="-inf" />
  <attribute name="Loop Time for DT" value="0.000000" />
  <attribute name="Output H" value="2092630016"/>
  <attribute name="Output I" value="200"/>
  <attribute name="Output T" value="4"/>
  <attribute name="Target GC Util Change" value ="20.000000" />
  <attribute name="Current GC Util Change" value="43.000000"/>
  <attribute name="GC Util currently" value="43" />
  <attribute name="CPU Util currently" value="6164416141730" />
<allocation-satisfied id="383" threadId="00000000013C3700" bytesRequested="63824" />
<af-end id="384" timestamp="2019-06-15T04:55:45.168" threadId="00000000013C4088" success="true" from="nursery"/>
<exclusive-end id="385" timestamp="2019-06-15T04:55:45.168" durationms="0.575" />

<exclusive-start id="386" timestamp="2019-06-15T04:55:45.168" intervalms="0.744">
  <response-info timems="0.016" idlems="0.016" threads="0" lastid="00000000013C3700" lastname="main" />
</exclusive-start>
<af-start id="387" threadId="00000000013C4088" totalBytesRequested="32720" timestamp="2019-06-15T04:55:45.168" intervalms="0.744" type="nursery" />
<cycle-start id="388" type="scavenge" contextid="0" timestamp="2019-06-15T04:55:45.168" intervalms="0.743" />
<gc-start id="389" type="scavenge" contextid="388" timestamp="2019-06-15T04:55:45.168">
  <mem-info id="390" free="4789200" total="8388608" percent="57">
    <mem type="nursery" free="0" total="2097152" percent="0">
      <mem type="allocate" free="0" total="1835008" percent="0" />
      <mem type="survivor" free="0" total="262144" percent="0" />
    </mem>
    <mem type="tenure" free="4789200" total="6291456" percent="76">
      <mem type="soa" free="4474832" total="5977088" percent="74" />
      <mem type="loa" free="314368" total="314368" percent="100" />
    </mem>
    <remembered-set count="56" />
  </mem-info>
</gc-start>
<allocation-stats totalBytes="1615752" >
  <allocated-bytes non-tlh="514040" tlh="1101712" />
  <largest-consumer threadName="main" threadId="00000000013C3700" bytes="1615752" />
</allocation-stats>
<gc-op id="391" type="scavenge" timems="0.131" contextid="388" timestamp="2019-06-15T04:55:45.168">
  <scavenger-info tenureage="14" tenuremask="4000" tiltratio="87" />
  <memory-copied type="nursery" objects="2" bytes="65448" bytesdiscarded="39152" />
</gc-op>
<gc-end id="392" type="scavenge" contextid="388" durationms="0.260" usertimems="0.000" systemtimems="0.000" timestamp="2019-06-15T04:55:45.168" activeThreads="4">
  <mem-info id="393" free="6519608" total="8388608" percent="77">
    <mem type="nursery" free="1730408" total="2097152" percent="82">
      <mem type="allocate" free="1730408" total="1835008" percent="94" />
      <mem type="survivor" free="0" total="262144" percent="0" />
    </mem>
    <mem type="tenure" free="4789200" total="6291456" percent="76">
      <mem type="soa" free="4474832" total="5977088" percent="74" />
      <mem type="loa" free="314368" total="314368" percent="100" />
    </mem>
    <remembered-set count="56" />
  </mem-info>
</gc-end>
<cycle-end id="394" type="scavenge" contextid="388" timestamp="2019-06-15T04:55:45.168" />
  <attribute name="elasticGC enabled" value="1" />
  <attribute name= "numThreadsSpecified" value="4" />
  <attribute name="heapSize specified" value="0" />
  <attribute name="Current GC Util" value="44" />
  <attribute name= "Current Time Running" value="602" />
  <attribute name ="GC Interval" value="200" />
  <attribute name="ProportionalT" value="12.000000" />
  <attribute name="ProportionalI" value="12.000000" />
  <attribute name="ProportionalH" value="12.000000" />
  <attribute name="Current Error" value="24.000000" />
  <attribute name="IntegralT" value="24.000000" />
  <attribute name="IntegralI" value="24.000000" />
  <attribute name="IntegralH" value="24.000000" />
  <attribute name="DerivativeT" value="1.500000" />
  <attribute name="DerivativeI" value="1.500000" />
  <attribute name="DerivativeH" value="1.500000" />
  <attribute name="Loop Time for DT" value="1.000000" />
  <attribute name="Output H" value="8388608"/>
  <attribute name="Output I" value="200"/>
  <attribute name="Output T" value="4"/>
  <attribute name="Target GC Util Change" value ="20.000000" />
  <attribute name="Current GC Util Change" value="44.000000"/>
  <attribute name="GC Util currently" value="44" />
  <attribute name="CPU Util currently" value="6279340784584" />
<allocation-satisfied id="395" threadId="00000000013C3700" bytesRequested="32720" />
<af-end id="396" timestamp="2019-06-15T04:55:45.169" threadId="00000000013C4088" success="true" from="nursery"/>
<exclusive-end id="397" timestamp="2019-06-15T04:55:45.169" durationms="0.555" />

<exclusive-start id="398" timestamp="2019-06-15T04:55:45.169" intervalms="0.714">
  <response-info timems="0.016" idlems="0.016" threads="0" lastid="00000000013C3700" lastname="main" />
</exclusive-start>
<af-start id="399" threadId="00000000013C4088" totalBytesRequested="33456" timestamp="2019-06-15T04:55:45.169" intervalms="0.713" type="nursery" />
<cycle-start id="400" type="scavenge" contextid="0" timestamp="2019-06-15T04:55:45.169" intervalms="0.714" />
<gc-start id="401" type="scavenge" contextid="400" timestamp="2019-06-15T04:55:45.169">
  <mem-info id="402" free="4789200" total="8388608" percent="57">
    <mem type="nursery" free="0" total="2097152" percent="0">
      <mem type="allocate" free="0" total="1835008" percent="0" />
      <mem type="survivor" free="0" total="262144" percent="0" />
    </mem>
    <mem type="tenure" free="4789200" total="6291456" percent="76">
      <mem type="soa" free="4474832" total="5977088" percent="74" />
      <mem type="loa" free="314368" total="314368" percent="100" />
    </mem>
    <remembered-set count="56" />
  </mem-info>
</gc-start>
<allocation-stats totalBytes="1455096" >
  <allocated-bytes non-tlh="560560" tlh="894536" />
  <largest-consumer threadName="main" threadId="00000000013C3700" bytes="1455096" />
</allocation-stats>
<gc-op id="403" type="scavenge" timems="0.131" contextid="400" timestamp="2019-06-15T04:55:45.169">
  <scavenger-info tenureage="14" tenuremask="4000" tiltratio="87" />
  <memory-copied type="nursery" objects="2" bytes="66664" bytesdiscarded="39152" />
</gc-op>
<gc-end id="404" type="scavenge" contextid="400" durationms="0.259" usertimems="0.000" systemtimems="0.000" timestamp="2019-06-15T04:55:45.169" activeThreads="4">
  <mem-info id="405" free="6518392" total="8388608" percent="77">
    <mem type="nursery" free="1729192" total="2097152" percent="82">
      <mem type="allocate" free="1729192" total="1835008" percent="94" />
      <mem type="survivor" free="0" total="262144" percent="0" />
    </mem>
    <mem type="tenure" free="4789200" total="6291456" percent="76">
      <mem type="soa" free="4474832" total="5977088" percent="74" />
      <mem type="loa" free="314368" total="314368" percent="100" />
    </mem>
    <remembered-set count="56" />
  </mem-info>
</gc-end>
<cycle-end id="406" type="scavenge" contextid="400" timestamp="2019-06-15T04:55:45.169" />
  <attribute name="elasticGC enabled" value="1" />
  <attribute name= "numThreadsSpecified" value="4" />
  <attribute name="heapSize specified" value="0" />
  <attribute name="Current GC Util" value="44" />
  <attribute name= "Current Time Running" value="603" />
  <attribute name ="GC Interval" value="200" />
  <attribute name="ProportionalT" value="12.000000" />
  <attribute name="ProportionalI" value="12.000000" />
  <attribute name="ProportionalH" value="12.000000" />
  <attribute name="Current Error" value="24.000000" />
  <attribute name="IntegralT" value="24.000000" />
  <attribute name="IntegralI" value="24.000000" />
  <attribute name="IntegralH" value="24.000000" />
  <attribute name="DerivativeT" value="0.000000" />
  <attribute name="DerivativeI" value="0.000000" />
  <attribute name="DerivativeH" value="0.000000" />
  <attribute name="Loop Time for DT" value="1.000000" />
  <attribute name="Output H" value="8388608"/>
  <attribute name="Output I" value="200"/>
  <attribute name="Output T" value="4"/>
  <attribute name="Target GC Util Change" value ="20.000000" />
  <attribute name="Current GC Util Change" value="44.000000"/>
  <attribute name="GC Util currently" value="44" />
  <attribute name="CPU Util currently" value="6462455812736" />
<allocation-satisfied id="407" threadId="00000000013C3700" bytesRequested="33456" />
<af-end id="408" timestamp="2019-06-15T04:55:45.169" threadId="00000000013C4088" success="true" from="nursery"/>
<exclusive-end id="409" timestamp="2019-06-15T04:55:45.169" durationms="0.557" />

<exclusive-start id="410" timestamp="2019-06-15T04:55:45.169" intervalms="0.719">
  <response-info timems="0.015" idlems="0.015" threads="0" lastid="00000000013C3700" lastname="main" />
</exclusive-start>
<af-start id="411" threadId="00000000013C4088" totalBytesRequested="34104" timestamp="2019-06-15T04:55:45.169" intervalms="0.720" type="nursery" />
<cycle-start id="412" type="scavenge" contextid="0" timestamp="2019-06-15T04:55:45.170" intervalms="0.719" />
<gc-start id="413" type="scavenge" contextid="412" timestamp="2019-06-15T04:55:45.170">
  <mem-info id="414" free="4789200" total="8388608" percent="57">
    <mem type="nursery" free="0" total="2097152" percent="0">
      <mem type="allocate" free="0" total="1835008" percent="0" />
      <mem type="survivor" free="0" total="262144" percent="0" />
    </mem>
    <mem type="tenure" free="4789200" total="6291456" percent="76">
      <mem type="soa" free="4474832" total="5977088" percent="74" />
      <mem type="loa" free="314368" total="314368" percent="100" />
    </mem>
    <remembered-set count="56" />
  </mem-info>
</gc-start>
<allocation-stats totalBytes="1485280" >
  <allocated-bytes non-tlh="640064" tlh="845216" />
  <largest-consumer threadName="main" threadId="00000000013C3700" bytes="1485280" />
</allocation-stats>
<gc-op id="415" type="scavenge" timems="0.131" contextid="412" timestamp="2019-06-15T04:55:45.170">
  <scavenger-info tenureage="14" tenuremask="4000" tiltratio="87" />
  <memory-copied type="nursery" objects="2" bytes="68208" bytesdiscarded="39152" />
</gc-op>
<gc-end id="416" type="scavenge" contextid="412" durationms="0.259" usertimems="0.000" systemtimems="0.000" timestamp="2019-06-15T04:55:45.170" activeThreads="4">
  <mem-info id="417" free="6516848" total="8388608" percent="77">
    <mem type="nursery" free="1727648" total="2097152" percent="82">
      <mem type="allocate" free="1727648" total="1835008" percent="94" />
      <mem type="survivor" free="0" total="262144" percent="0" />
    </mem>
    <mem type="tenure" free="4789200" total="6291456" percent="76">
      <mem type="soa" free="4474832" total="5977088" percent="74" />
      <mem type="loa" free="314368" total="314368" percent="100" />
    </mem>
    <remembered-set count="56" />
  </mem-info>
</gc-end>
<cycle-end id="418" type="scavenge" contextid="412" timestamp="2019-06-15T04:55:45.170" />
  <attribute name="elasticGC enabled" value="1" />
  <attribute name= "numThreadsSpecified" value="4" />
  <attribute name="heapSize specified" value="0" />
  <attribute name="Current GC Util" value="43" />
  <attribute name= "Current Time Running" value="604" />
  <attribute name ="GC Interval" value="200" />
  <attribute name="ProportionalT" value="11.500000" />
  <attribute name="ProportionalI" value="11.500000" />
  <attribute name="ProportionalH" value="11.500000" />
  <attribute name="Current Error" value="23.000000" />
  <attribute name="IntegralT" value="23.000000" />
  <attribute name="IntegralI" value="23.000000" />
  <attribute name="IntegralH" value="23.000000" />
  <attribute name="DerivativeT" value="-1.500000" />
  <attribute name="DerivativeI" value="-1.500000" />
  <attribute name="DerivativeH" value="-1.500000" />
  <attribute name="Loop Time for DT" value="1.000000" />
  <attribute name="Output H" value="8388608"/>
  <attribute name="Output I" value="200"/>
  <attribute name="Output T" value="4"/>
  <attribute name="Target GC Util Change" value ="20.000000" />
  <attribute name="Current GC Util Change" value="43.000000"/>
  <attribute name="GC Util currently" value="43" />
  <attribute name="CPU Util currently" value="6405617683362" />
<allocation-satisfied id="419" threadId="00000000013C3700" bytesRequested="34104" />
<af-end id="420" timestamp="2019-06-15T04:55:45.170" threadId="00000000013C4088" success="true" from="nursery"/>
<exclusive-end id="421" timestamp="2019-06-15T04:55:45.170" durationms="0.555" />

<exclusive-start id="422" timestamp="2019-06-15T04:55:45.170" intervalms="0.716">
  <response-info timems="0.016" idlems="0.016" threads="0" lastid="00000000013C3700" lastname="main" />
</exclusive-start>
<af-start id="423" threadId="00000000013C4088" totalBytesRequested="34848" timestamp="2019-06-15T04:55:45.170" intervalms="0.715" type="nursery" />
<cycle-start id="424" type="scavenge" contextid="0" timestamp="2019-06-15T04:55:45.170" intervalms="0.715" />
<gc-start id="425" type="scavenge" contextid="424" timestamp="2019-06-15T04:55:45.170">
  <mem-info id="426" free="4789200" total="8388608" percent="57">
    <mem type="nursery" free="0" total="2097152" percent="0">
      <mem type="allocate" free="0" total="1835008" percent="0" />
      <mem type="survivor" free="0" total="262144" percent="0" />
    </mem>
    <mem type="tenure" free="4789200" total="6291456" percent="76">
      <mem type="soa" free="4474832" total="5977088" percent="74" />
      <mem type="loa" free="314368" total="314368" percent="100" />
    </mem>
    <remembered-set count="56" />
  </mem-info>
</gc-start>
<allocation-stats totalBytes="1516824" >
  <allocated-bytes non-tlh="584344" tlh="932480" />
  <largest-consumer threadName="main" threadId="00000000013C3700" bytes="1516824" />
</allocation-stats>
<gc-op id="427" type="scavenge" timems="0.128" contextid="424" timestamp="2019-06-15T04:55:45.170">
  <scavenger-info tenureage="14" tenuremask="4000" tiltratio="87" />
  <memory-copied type="nursery" objects="2" bytes="69480" bytesdiscarded="39152" />
</gc-op>
<gc-end id="428" type="scavenge" contextid="424" durationms="0.256" usertimems="0.000" systemtimems="0.000" timestamp="2019-06-15T04:55:45.171" activeThreads="4">
  <mem-info id="429" free="6515576" total="8388608" percent="77">
    <mem type="nursery" free="1726376" total="2097152" percent="82">
      <mem type="allocate" free="1726376" total="1835008" percent="94" />
      <mem type="survivor" free="0" total="262144" percent="0" />
    </mem>
    <mem type="tenure" free="4789200" total="6291456" percent="76">
      <mem type="soa" free="4474832" total="5977088" percent="74" />
      <mem type="loa" free="314368" total="314368" percent="100" />
    </mem>
    <remembered-set count="56" />
  </mem-info>
</gc-end>
<cycle-end id="430" type="scavenge" contextid="424" timestamp="2019-06-15T04:55:45.171" />
  <attribute name="elasticGC enabled" value="1" />
  <attribute name= "numThreadsSpecified" value="4" />
  <attribute name="heapSize specified" value="0" />
  <attribute name="Current GC Util" value="43" />
  <attribute name= "Current Time Running" value="604" />
  <attribute name ="GC Interval" value="200" />
  <attribute name="ProportionalT" value="11.500000" />
  <attribute name="ProportionalI" value="11.500000" />
  <attribute name="ProportionalH" value="11.500000" />
  <attribute name="Current Error" value="23.000000" />
  <attribute name="IntegralT" value="0.000000" />
  <attribute name="IntegralI" value="0.000000" />
  <attribute name="IntegralH" value="0.000000" />
  <attribute name="DerivativeT" value="-nan" />
  <attribute name="DerivativeI" value="-nan" />
  <attribute name="DerivativeH" value="-nan" />
  <attribute name="Loop Time for DT" value="0.000000" />
  <attribute name="Output H" value="2092630016"/>
  <attribute name="Output I" value="200"/>
  <attribute name="Output T" value="4"/>
  <attribute name="Target GC Util Change" value ="20.000000" />
  <attribute name="Current GC Util Change" value="43.000000"/>
  <attribute name="GC Util currently" value="43" />
  <attribute name="CPU Util currently" value="6463941334789" />
<allocation-satisfied id="431" threadId="00000000013C3700" bytesRequested="34848" />
<af-end id="432" timestamp="2019-06-15T04:55:45.171" threadId="00000000013C4088" success="true" from="nursery"/>
<exclusive-end id="433" timestamp="2019-06-15T04:55:45.171" durationms="0.555" />

<exclusive-start id="434" timestamp="2019-06-15T04:55:45.171" intervalms="0.720">
  <response-info timems="0.016" idlems="0.016" threads="0" lastid="00000000013C3700" lastname="main" />
</exclusive-start>
<af-start id="435" threadId="00000000013C4088" totalBytesRequested="35504" timestamp="2019-06-15T04:55:45.171" intervalms="0.720" type="nursery" />
<cycle-start id="436" type="scavenge" contextid="0" timestamp="2019-06-15T04:55:45.171" intervalms="0.720" />
<gc-start id="437" type="scavenge" contextid="436" timestamp="2019-06-15T04:55:45.171">
  <mem-info id="438" free="4789200" total="8388608" percent="57">
    <mem type="nursery" free="0" total="2097152" percent="0">
      <mem type="allocate" free="0" total="1835008" percent="0" />
      <mem type="survivor" free="0" total="262144" percent="0" />
    </mem>
    <mem type="tenure" free="4789200" total="6291456" percent="76">
      <mem type="soa" free="4474832" total="5977088" percent="74" />
      <mem type="loa" free="314368" total="314368" percent="100" />
    </mem>
    <remembered-set count="56" />
  </mem-info>
</gc-start>
<allocation-stats totalBytes="1547776" >
  <allocated-bytes non-tlh="667032" tlh="880744" />
  <largest-consumer threadName="main" threadId="00000000013C3700" bytes="1547776" />
</allocation-stats>
<gc-op id="439" type="scavenge" timems="0.130" contextid="436" timestamp="2019-06-15T04:55:45.171">
  <scavenger-info tenureage="14" tenuremask="4000" tiltratio="87" />
  <memory-copied type="nursery" objects="2" bytes="71008" bytesdiscarded="39152" />
</gc-op>
<gc-end id="440" type="scavenge" contextid="436" durationms="0.259" usertimems="0.000" systemtimems="0.000" timestamp="2019-06-15T04:55:45.171" activeThreads="4">
  <mem-info id="441" free="6514048" total="8388608" percent="77">
    <mem type="nursery" free="1724848" total="2097152" percent="82">
      <mem type="allocate" free="1724848" total="1835008" percent="93" />
      <mem type="survivor" free="0" total="262144" percent="0" />
    </mem>
    <mem type="tenure" free="4789200" total="6291456" percent="76">
      <mem type="soa" free="4474832" total="5977088" percent="74" />
      <mem type="loa" free="314368" total="314368" percent="100" />
    </mem>
    <remembered-set count="56" />
  </mem-info>
</gc-end>
<cycle-end id="442" type="scavenge" contextid="436" timestamp="2019-06-15T04:55:45.171" />
  <attribute name="elasticGC enabled" value="1" />
  <attribute name= "numThreadsSpecified" value="4" />
  <attribute name="heapSize specified" value="0" />
  <attribute name="Current GC Util" value="43" />
  <attribute name= "Current Time Running" value="605" />
  <attribute name ="GC Interval" value="200" />
  <attribute name="ProportionalT" value="11.500000" />
  <attribute name="ProportionalI" value="11.500000" />
  <attribute name="ProportionalH" value="11.500000" />
  <attribute name="Current Error" value="23.000000" />
  <attribute name="IntegralT" value="23.000000" />
  <attribute name="IntegralI" value="23.000000" />
  <attribute name="IntegralH" value="23.000000" />
  <attribute name="DerivativeT" value="0.000000" />
  <attribute name="DerivativeI" value="0.000000" />
  <attribute name="DerivativeH" value="0.000000" />
  <attribute name="Loop Time for DT" value="1.000000" />
  <attribute name="Output H" value="8388608"/>
  <attribute name="Output I" value="200"/>
  <attribute name="Output T" value="4"/>
  <attribute name="Target GC Util Change" value ="20.000000" />
  <attribute name="Current GC Util Change" value="43.000000"/>
  <attribute name="GC Util currently" value="43" />
  <attribute name="CPU Util currently" value="6387279442300" />
<allocation-satisfied id="443" threadId="00000000013C3700" bytesRequested="35504" />
<af-end id="444" timestamp="2019-06-15T04:55:45.171" threadId="00000000013C4088" success="true" from="nursery"/>
<exclusive-end id="445" timestamp="2019-06-15T04:55:45.171" durationms="0.555" />

<exclusive-start id="446" timestamp="2019-06-15T04:55:45.172" intervalms="0.732">
  <response-info timems="0.032" idlems="0.032" threads="0" lastid="00000000013C3700" lastname="main" />
</exclusive-start>
<af-start id="447" threadId="00000000013C4088" totalBytesRequested="72192" timestamp="2019-06-15T04:55:45.172" intervalms="0.738" type="nursery" />
<cycle-start id="448" type="scavenge" contextid="0" timestamp="2019-06-15T04:55:45.172" intervalms="0.739" />
<gc-start id="449" type="scavenge" contextid="448" timestamp="2019-06-15T04:55:45.172">
  <mem-info id="450" free="4789200" total="8388608" percent="57">
    <mem type="nursery" free="0" total="2097152" percent="0">
      <mem type="allocate" free="0" total="1835008" percent="0" />
      <mem type="survivor" free="0" total="262144" percent="0" />
    </mem>
    <mem type="tenure" free="4789200" total="6291456" percent="76">
      <mem type="soa" free="4474832" total="5977088" percent="74" />
      <mem type="loa" free="314368" total="314368" percent="100" />
    </mem>
    <remembered-set count="56" />
  </mem-info>
</gc-start>
<allocation-stats totalBytes="1538944" >
  <allocated-bytes non-tlh="607656" tlh="931288" />
  <largest-consumer threadName="main" threadId="00000000013C3700" bytes="1538944" />
</allocation-stats>
<gc-op id="451" type="scavenge" timems="0.129" contextid="448" timestamp="2019-06-15T04:55:45.172">
  <scavenger-info tenureage="14" tenuremask="4000" tiltratio="87" />
  <memory-copied type="nursery" objects="2" bytes="36128" bytesdiscarded="3040" />
</gc-op>
<gc-end id="452" type="scavenge" contextid="448" durationms="0.257" usertimems="0.000" systemtimems="0.000" timestamp="2019-06-15T04:55:45.172" activeThreads="4">
  <mem-info id="453" free="6585040" total="8388608" percent="78">
    <mem type="nursery" free="1795840" total="2097152" percent="85">
      <mem type="allocate" free="1795840" total="1835008" percent="97" />
      <mem type="survivor" free="0" total="262144" percent="0" />
    </mem>
    <mem type="tenure" free="4789200" total="6291456" percent="76">
      <mem type="soa" free="4474832" total="5977088" percent="74" />
      <mem type="loa" free="314368" total="314368" percent="100" />
    </mem>
    <remembered-set count="56" />
  </mem-info>
</gc-end>
<cycle-end id="454" type="scavenge" contextid="448" timestamp="2019-06-15T04:55:45.172" />
  <attribute name="elasticGC enabled" value="1" />
  <attribute name= "numThreadsSpecified" value="4" />
  <attribute name="heapSize specified" value="0" />
  <attribute name="Current GC Util" value="42" />
  <attribute name= "Current Time Running" value="606" />
  <attribute name ="GC Interval" value="200" />
  <attribute name="ProportionalT" value="11.000000" />
  <attribute name="ProportionalI" value="11.000000" />
  <attribute name="ProportionalH" value="11.000000" />
  <attribute name="Current Error" value="22.000000" />
  <attribute name="IntegralT" value="22.000000" />
  <attribute name="IntegralI" value="22.000000" />
  <attribute name="IntegralH" value="22.000000" />
  <attribute name="DerivativeT" value="-1.500000" />
  <attribute name="DerivativeI" value="-1.500000" />
  <attribute name="DerivativeH" value="-1.500000" />
  <attribute name="Loop Time for DT" value="1.000000" />
  <attribute name="Output H" value="8388608"/>
  <attribute name="Output I" value="200"/>
  <attribute name="Output T" value="4"/>
  <attribute name="Target GC Util Change" value ="20.000000" />
  <attribute name="Current GC Util Change" value="42.000000"/>
  <attribute name="GC Util currently" value="42" />
  <attribute name="CPU Util currently" value="6248727700342" />
<allocation-satisfied id="455" threadId="00000000013C3700" bytesRequested="72192" />
<af-end id="456" timestamp="2019-06-15T04:55:45.172" threadId="00000000013C4088" success="true" from="nursery"/>
<exclusive-end id="457" timestamp="2019-06-15T04:55:45.172" durationms="0.560" />

<exclusive-start id="458" timestamp="2019-06-15T04:55:45.172" intervalms="0.727">
  <response-info timems="0.015" idlems="0.015" threads="0" lastid="00000000013C3700" lastname="main" />
</exclusive-start>
<af-start id="459" threadId="00000000013C4088" totalBytesRequested="73592" timestamp="2019-06-15T04:55:45.172" intervalms="0.723" type="nursery" />
<cycle-start id="460" type="scavenge" contextid="0" timestamp="2019-06-15T04:55:45.172" intervalms="0.722" />
<gc-start id="461" type="scavenge" contextid="460" timestamp="2019-06-15T04:55:45.172">
  <mem-info id="462" free="4789200" total="8388608" percent="57">
    <mem type="nursery" free="0" total="2097152" percent="0">
      <mem type="allocate" free="0" total="1835008" percent="0" />
      <mem type="survivor" free="0" total="262144" percent="0" />
    </mem>
    <mem type="tenure" free="4789200" total="6291456" percent="76">
      <mem type="soa" free="4474832" total="5977088" percent="74" />
      <mem type="loa" free="314368" total="314368" percent="100" />
    </mem>
    <remembered-set count="56" />
  </mem-info>
</gc-start>
<allocation-stats totalBytes="1623192" >
  <allocated-bytes non-tlh="617592" tlh="1005600" />
  <largest-consumer threadName="main" threadId="00000000013C3700" bytes="1623192" />
</allocation-stats>
<gc-op id="463" type="scavenge" timems="0.086" contextid="460" timestamp="2019-06-15T04:55:45.173">
  <scavenger-info tenureage="14" tenuremask="4000" tiltratio="87" />
  <memory-copied type="nursery" objects="2" bytes="36824" bytesdiscarded="2344" />
</gc-op>
<gc-end id="464" type="scavenge" contextid="460" durationms="0.212" usertimems="0.000" systemtimems="0.000" timestamp="2019-06-15T04:55:45.173" activeThreads="1">
  <mem-info id="465" free="6585040" total="8388608" percent="78">
    <mem type="nursery" free="1795840" total="2097152" percent="85">
      <mem type="allocate" free="1795840" total="1835008" percent="97" />
      <mem type="survivor" free="0" total="262144" percent="0" />
    </mem>
    <mem type="tenure" free="4789200" total="6291456" percent="76">
      <mem type="soa" free="4474832" total="5977088" percent="74" />
      <mem type="loa" free="314368" total="314368" percent="100" />
    </mem>
    <remembered-set count="56" />
  </mem-info>
</gc-end>
<cycle-end id="466" type="scavenge" contextid="460" timestamp="2019-06-15T04:55:45.173" />
  <attribute name="elasticGC enabled" value="1" />
  <attribute name= "numThreadsSpecified" value="1" />
  <attribute name="heapSize specified" value="0" />
  <attribute name="Current GC Util" value="43" />
  <attribute name= "Current Time Running" value="606" />
  <attribute name ="GC Interval" value="200" />
  <attribute name="ProportionalT" value="11.500000" />
  <attribute name="ProportionalI" value="11.500000" />
  <attribute name="ProportionalH" value="11.500000" />
  <attribute name="Current Error" value="23.000000" />
  <attribute name="IntegralT" value="0.000000" />
  <attribute name="IntegralI" value="0.000000" />
  <attribute name="IntegralH" value="0.000000" />
  <attribute name="DerivativeT" value="inf" />
  <attribute name="DerivativeI" value="inf" />
  <attribute name="DerivativeH" value="inf" />
  <attribute name="Loop Time for DT" value="0.000000" />
  <attribute name="Output H" value="8388608"/>
  <attribute name="Output I" value="200"/>
  <attribute name="Output T" value="1"/>
  <attribute name="Target GC Util Change" value ="20.000000" />
  <attribute name="Current GC Util Change" value="43.000000"/>
  <attribute name="GC Util currently" value="43" />
  <attribute name="CPU Util currently" value="6396768132436" />
<allocation-satisfied id="467" threadId="00000000013C3700" bytesRequested="73592" />
<af-end id="468" timestamp="2019-06-15T04:55:45.173" threadId="00000000013C4088" success="true" from="nursery"/>
<exclusive-end id="469" timestamp="2019-06-15T04:55:45.173" durationms="0.510" />

<exclusive-start id="470" timestamp="2019-06-15T04:55:45.173" intervalms="0.671">
  <response-info timems="0.015" idlems="0.015" threads="0" lastid="00000000013C3700" lastname="main" />
</exclusive-start>
<af-start id="471" threadId="00000000013C4088" totalBytesRequested="37408" timestamp="2019-06-15T04:55:45.173" intervalms="0.670" type="nursery" />
<cycle-start id="472" type="scavenge" contextid="0" timestamp="2019-06-15T04:55:45.173" intervalms="0.671" />
<gc-start id="473" type="scavenge" contextid="472" timestamp="2019-06-15T04:55:45.173">
  <mem-info id="474" free="4789200" total="8388608" percent="57">
    <mem type="nursery" free="0" total="2097152" percent="0">
      <mem type="allocate" free="0" total="1835008" percent="0" />
      <mem type="survivor" free="0" total="262144" percent="0" />
    </mem>
    <mem type="tenure" free="4789200" total="6291456" percent="76">
      <mem type="soa" free="4474832" total="5977088" percent="74" />
      <mem type="loa" free="314368" total="314368" percent="100" />
    </mem>
    <remembered-set count="56" />
  </mem-info>
</gc-start>
<allocation-stats totalBytes="1594968" >
  <allocated-bytes non-tlh="702544" tlh="892424" />
  <largest-consumer threadName="main" threadId="00000000013C3700" bytes="1594968" />
</allocation-stats>
<gc-op id="475" type="scavenge" timems="0.127" contextid="472" timestamp="2019-06-15T04:55:45.173">
  <scavenger-info tenureage="14" tenuremask="4000" tiltratio="87" />
  <memory-copied type="nursery" objects="4" bytes="37488" bytesdiscarded="1680" />
</gc-op>
<gc-end id="476" type="scavenge" contextid="472" durationms="0.256" usertimems="0.000" systemtimems="0.000" timestamp="2019-06-15T04:55:45.173" activeThreads="4">
  <mem-info id="477" free="6585040" total="8388608" percent="78">
    <mem type="nursery" free="1795840" total="2097152" percent="85">
      <mem type="allocate" free="1795840" total="1835008" percent="97" />
      <mem type="survivor" free="0" total="262144" percent="0" />
    </mem>
    <mem type="tenure" free="4789200" total="6291456" percent="76">
      <mem type="soa" free="4474832" total="5977088" percent="74" />
      <mem type="loa" free="314368" total="314368" percent="100" />
    </mem>
    <remembered-set count="56" />
  </mem-info>
</gc-end>
<cycle-end id="478" type="scavenge" contextid="472" timestamp="2019-06-15T04:55:45.173" />
  <attribute name="elasticGC enabled" value="1" />
  <attribute name= "numThreadsSpecified" value="4" />
  <attribute name="heapSize specified" value="0" />
  <attribute name="Current GC Util" value="39" />
  <attribute name= "Current Time Running" value="607" />
  <attribute name ="GC Interval" value="200" />
  <attribute name="ProportionalT" value="9.500000" />
  <attribute name="ProportionalI" value="9.500000" />
  <attribute name="ProportionalH" value="9.500000" />
  <attribute name="Current Error" value="19.000000" />
  <attribute name="IntegralT" value="19.000000" />
  <attribute name="IntegralI" value="19.000000" />
  <attribute name="IntegralH" value="19.000000" />
  <attribute name="DerivativeT" value="-6.000000" />
  <attribute name="DerivativeI" value="-6.000000" />
  <attribute name="DerivativeH" value="-6.000000" />
  <attribute name="Loop Time for DT" value="1.000000" />
  <attribute name="Output H" value="8388608"/>
  <attribute name="Output I" value="200"/>
  <attribute name="Output T" value="4"/>
  <attribute name="Target GC Util Change" value ="20.000000" />
  <attribute name="Current GC Util Change" value="39.000000"/>
  <attribute name="GC Util currently" value="39" />
  <attribute name="CPU Util currently" value="6873541795369" />
<allocation-satisfied id="479" threadId="00000000013C3700" bytesRequested="37408" />
<af-end id="480" timestamp="2019-06-15T04:55:45.174" threadId="00000000013C4088" success="true" from="nursery"/>
<exclusive-end id="481" timestamp="2019-06-15T04:55:45.174" durationms="0.551" />

<exclusive-start id="482" timestamp="2019-06-15T04:55:45.174" intervalms="0.720">
  <response-info timems="0.016" idlems="0.016" threads="0" lastid="00000000013C3700" lastname="main" />
</exclusive-start>
<af-start id="483" threadId="00000000013C4088" totalBytesRequested="38200" timestamp="2019-06-15T04:55:45.174" intervalms="0.719" type="nursery" />
<cycle-start id="484" type="scavenge" contextid="0" timestamp="2019-06-15T04:55:45.174" intervalms="0.719" />
<gc-start id="485" type="scavenge" contextid="484" timestamp="2019-06-15T04:55:45.174">
  <mem-info id="486" free="4789200" total="8388608" percent="57">
    <mem type="nursery" free="0" total="2097152" percent="0">
      <mem type="allocate" free="0" total="1835008" percent="0" />
      <mem type="survivor" free="0" total="262144" percent="0" />
    </mem>
    <mem type="tenure" free="4789200" total="6291456" percent="76">
      <mem type="soa" free="4474832" total="5977088" percent="74" />
      <mem type="loa" free="314368" total="314368" percent="100" />
    </mem>
    <remembered-set count="56" />
  </mem-info>
</gc-start>
<allocation-stats totalBytes="1625376" >
  <allocated-bytes non-tlh="753880" tlh="871496" />
  <largest-consumer threadName="main" threadId="00000000013C3700" bytes="1625376" />
</allocation-stats>
<gc-op id="487" type="scavenge" timems="0.129" contextid="484" timestamp="2019-06-15T04:55:45.174">
  <scavenger-info tenureage="14" tenuremask="4000" tiltratio="87" />
  <memory-copied type="nursery" objects="2" bytes="76160" bytesdiscarded="39152" />
</gc-op>
<gc-end id="488" type="scavenge" contextid="484" durationms="0.257" usertimems="0.000" systemtimems="0.000" timestamp="2019-06-15T04:55:45.174" activeThreads="4">
  <mem-info id="489" free="6508896" total="8388608" percent="77">
    <mem type="nursery" free="1719696" total="2097152" percent="82">
      <mem type="allocate" free="1719696" total="1835008" percent="93" />
      <mem type="survivor" free="0" total="262144" percent="0" />
    </mem>
    <mem type="tenure" free="4789200" total="6291456" percent="76">
      <mem type="soa" free="4474832" total="5977088" percent="74" />
      <mem type="loa" free="314368" total="314368" percent="100" />
    </mem>
    <remembered-set count="56" />
  </mem-info>
</gc-end>
<cycle-end id="490" type="scavenge" contextid="484" timestamp="2019-06-15T04:55:45.174" />
  <attribute name="elasticGC enabled" value="1" />
  <attribute name= "numThreadsSpecified" value="4" />
  <attribute name="heapSize specified" value="0" />
  <attribute name="Current GC Util" value="44" />
  <attribute name= "Current Time Running" value="608" />
  <attribute name ="GC Interval" value="200" />
  <attribute name="ProportionalT" value="12.000000" />
  <attribute name="ProportionalI" value="12.000000" />
  <attribute name="ProportionalH" value="12.000000" />
  <attribute name="Current Error" value="24.000000" />
  <attribute name="IntegralT" value="24.000000" />
  <attribute name="IntegralI" value="24.000000" />
  <attribute name="IntegralH" value="24.000000" />
  <attribute name="DerivativeT" value="7.500000" />
  <attribute name="DerivativeI" value="7.500000" />
  <attribute name="DerivativeH" value="7.500000" />
  <attribute name="Loop Time for DT" value="1.000000" />
  <attribute name="Output H" value="8388608"/>
  <attribute name="Output I" value="200"/>
  <attribute name="Output T" value="4"/>
  <attribute name="Target GC Util Change" value ="20.000000" />
  <attribute name="Current GC Util Change" value="44.000000"/>
  <attribute name="GC Util currently" value="44" />
  <attribute name="CPU Util currently" value="6413385610042" />
<allocation-satisfied id="491" threadId="00000000013C3700" bytesRequested="38200" />
<af-end id="492" timestamp="2019-06-15T04:55:45.174" threadId="00000000013C4088" success="true" from="nursery"/>
<exclusive-end id="493" timestamp="2019-06-15T04:55:45.174" durationms="0.552" />

<exclusive-start id="494" timestamp="2019-06-15T04:55:45.174" intervalms="0.705">
  <response-info timems="0.016" idlems="0.016" threads="0" lastid="00000000013C3700" lastname="main" />
</exclusive-start>
<af-start id="495" threadId="00000000013C4088" totalBytesRequested="77352" timestamp="2019-06-15T04:55:45.174" intervalms="0.706" type="nursery" />
<cycle-start id="496" type="scavenge" contextid="0" timestamp="2019-06-15T04:55:45.175" intervalms="0.705" />
<gc-start id="497" type="scavenge" contextid="496" timestamp="2019-06-15T04:55:45.175">
  <mem-info id="498" free="4855016" total="8388608" percent="57">
    <mem type="nursery" free="65816" total="2097152" percent="3">
      <mem type="allocate" free="65816" total="1835008" percent="3" />
      <mem type="survivor" free="0" total="262144" percent="0" />
    </mem>
    <mem type="tenure" free="4789200" total="6291456" percent="76">
      <mem type="soa" free="4474832" total="5977088" percent="74" />
      <mem type="loa" free="314368" total="314368" percent="100" />
    </mem>
    <remembered-set count="56" />
  </mem-info>
</gc-start>
<allocation-stats totalBytes="1515040" >
  <allocated-bytes non-tlh="613496" tlh="901544" />
  <largest-consumer threadName="main" threadId="00000000013C3700" bytes="1515040" />
</allocation-stats>
<gc-op id="499" type="scavenge" timems="0.129" contextid="496" timestamp="2019-06-15T04:55:45.175">
  <scavenger-info tenureage="14" tenuremask="4000" tiltratio="87" />
  <memory-copied type="nursery" objects="2" bytes="38704" bytesdiscarded="464" />
</gc-op>
<gc-end id="500" type="scavenge" contextid="496" durationms="0.257" usertimems="0.000" systemtimems="0.000" timestamp="2019-06-15T04:55:45.175" activeThreads="4">
  <mem-info id="501" free="6585040" total="8388608" percent="78">
    <mem type="nursery" free="1795840" total="2097152" percent="85">
      <mem type="allocate" free="1795840" total="1835008" percent="97" />
      <mem type="survivor" free="0" total="262144" percent="0" />
    </mem>
    <mem type="tenure" free="4789200" total="6291456" percent="76">
      <mem type="soa" free="4474832" total="5977088" percent="74" />
      <mem type="loa" free="314368" total="314368" percent="100" />
    </mem>
    <remembered-set count="56" />
  </mem-info>
</gc-end>
<cycle-end id="502" type="scavenge" contextid="496" timestamp="2019-06-15T04:55:45.175" />
  <attribute name="elasticGC enabled" value="1" />
  <attribute name= "numThreadsSpecified" value="4" />
  <attribute name="heapSize specified" value="0" />
  <attribute name="Current GC Util" value="43" />
  <attribute name= "Current Time Running" value="609" />
  <attribute name ="GC Interval" value="200" />
  <attribute name="ProportionalT" value="11.500000" />
  <attribute name="ProportionalI" value="11.500000" />
  <attribute name="ProportionalH" value="11.500000" />
  <attribute name="Current Error" value="23.000000" />
  <attribute name="IntegralT" value="23.000000" />
  <attribute name="IntegralI" value="23.000000" />
  <attribute name="IntegralH" value="23.000000" />
  <attribute name="DerivativeT" value="-1.500000" />
  <attribute name="DerivativeI" value="-1.500000" />
  <attribute name="DerivativeH" value="-1.500000" />
  <attribute name="Loop Time for DT" value="1.000000" />
  <attribute name="Output H" value="8388608"/>
  <attribute name="Output I" value="200"/>
  <attribute name="Output T" value="4"/>
  <attribute name="Target GC Util Change" value ="20.000000" />
  <attribute name="Current GC Util Change" value="43.000000"/>
  <attribute name="GC Util currently" value="43" />
  <attribute name="CPU Util currently" value="6487246203502" />
<allocation-satisfied id="503" threadId="00000000013C3700" bytesRequested="77352" />
<af-end id="504" timestamp="2019-06-15T04:55:45.175" threadId="00000000013C4088" success="true" from="nursery"/>
<exclusive-end id="505" timestamp="2019-06-15T04:55:45.175" durationms="0.560" />

<exclusive-start id="506" timestamp="2019-06-15T04:55:45.175" intervalms="0.727">
  <response-info timems="0.016" idlems="0.016" threads="0" lastid="00000000013C3700" lastname="main" />
</exclusive-start>
<af-start id="507" threadId="00000000013C4088" totalBytesRequested="39440" timestamp="2019-06-15T04:55:45.175" intervalms="0.738" type="nursery" />
<cycle-start id="508" type="scavenge" contextid="0" timestamp="2019-06-15T04:55:45.175" intervalms="0.740" />
<gc-start id="509" type="scavenge" contextid="508" timestamp="2019-06-15T04:55:45.175">
  <mem-info id="510" free="4789200" total="8388608" percent="57">
    <mem type="nursery" free="0" total="2097152" percent="0">
      <mem type="allocate" free="0" total="1835008" percent="0" />
      <mem type="survivor" free="0" total="262144" percent="0" />
    </mem>
    <mem type="tenure" free="4789200" total="6291456" percent="76">
      <mem type="soa" free="4474832" total="5977088" percent="74" />
      <mem type="loa" free="314368" total="314368" percent="100" />
    </mem>
    <remembered-set count="56" />
  </mem-info>
</gc-start>
<allocation-stats totalBytes="1640504" >
  <allocated-bytes non-tlh="740304" tlh="900200" />
  <largest-consumer threadName="main" threadId="00000000013C3700" bytes="1640504" />
</allocation-stats>
<gc-op id="511" type="scavenge" timems="0.129" contextid="508" timestamp="2019-06-15T04:55:45.175">
  <scavenger-info tenureage="14" tenuremask="4000" tiltratio="87" />
  <memory-copied type="nursery" objects="2" bytes="78632" bytesdiscarded="39152" />
</gc-op>
<gc-end id="512" type="scavenge" contextid="508" durationms="0.256" usertimems="0.000" systemtimems="0.000" timestamp="2019-06-15T04:55:45.176" activeThreads="4">
  <mem-info id="513" free="6506424" total="8388608" percent="77">
    <mem type="nursery" free="1717224" total="2097152" percent="81">
      <mem type="allocate" free="1717224" total="1835008" percent="93" />
      <mem type="survivor" free="0" total="262144" percent="0" />
    </mem>
    <mem type="tenure" free="4789200" total="6291456" percent="76">
      <mem type="soa" free="4474832" total="5977088" percent="74" />
      <mem type="loa" free="314368" total="314368" percent="100" />
    </mem>
    <remembered-set count="56" />
  </mem-info>
</gc-end>
<cycle-end id="514" type="scavenge" contextid="508" timestamp="2019-06-15T04:55:45.176" />
  <attribute name="elasticGC enabled" value="1" />
  <attribute name= "numThreadsSpecified" value="4" />
  <attribute name="heapSize specified" value="0" />
  <attribute name="Current GC Util" value="42" />
  <attribute name= "Current Time Running" value="609" />
  <attribute name ="GC Interval" value="200" />
  <attribute name="ProportionalT" value="11.000000" />
  <attribute name="ProportionalI" value="11.000000" />
  <attribute name="ProportionalH" value="11.000000" />
  <attribute name="Current Error" value="22.000000" />
  <attribute name="IntegralT" value="0.000000" />
  <attribute name="IntegralI" value="0.000000" />
  <attribute name="IntegralH" value="0.000000" />
  <attribute name="DerivativeT" value="-inf" />
  <attribute name="DerivativeI" value="-inf" />
  <attribute name="DerivativeH" value="-inf" />
  <attribute name="Loop Time for DT" value="0.000000" />
  <attribute name="Output H" value="2092630016"/>
  <attribute name="Output I" value="200"/>
  <attribute name="Output T" value="4"/>
  <attribute name="Target GC Util Change" value ="20.000000" />
  <attribute name="Current GC Util Change" value="42.000000"/>
  <attribute name="GC Util currently" value="42" />
  <attribute name="CPU Util currently" value="6278101272408" />
<allocation-satisfied id="515" threadId="00000000013C3700" bytesRequested="39440" />
<af-end id="516" timestamp="2019-06-15T04:55:45.176" threadId="00000000013C4088" success="true" from="nursery"/>
<exclusive-end id="517" timestamp="2019-06-15T04:55:45.176" durationms="0.578" />

<exclusive-start id="518" timestamp="2019-06-15T04:55:45.176" intervalms="0.734">
  <response-info timems="0.011" idlems="0.011" threads="0" lastid="00000000013C3700" lastname="main" />
</exclusive-start>
<af-start id="519" threadId="00000000013C4088" totalBytesRequested="79920" timestamp="2019-06-15T04:55:45.176" intervalms="0.724" type="nursery" />
<cycle-start id="520" type="scavenge" contextid="0" timestamp="2019-06-15T04:55:45.176" intervalms="0.722" />
<gc-start id="521" type="scavenge" contextid="520" timestamp="2019-06-15T04:55:45.176">
  <mem-info id="522" free="4789200" total="8388608" percent="57">
    <mem type="nursery" free="0" total="2097152" percent="0">
      <mem type="allocate" free="0" total="1835008" percent="0" />
      <mem type="survivor" free="0" total="262144" percent="0" />
    </mem>
    <mem type="tenure" free="4789200" total="6291456" percent="76">
      <mem type="soa" free="4474832" total="5977088" percent="74" />
      <mem type="loa" free="314368" total="314368" percent="100" />
    </mem>
    <remembered-set count="56" />
  </mem-info>
</gc-start>
<allocation-stats totalBytes="1558048" >
  <allocated-bytes non-tlh="752440" tlh="805608" />
  <largest-consumer threadName="main" threadId="00000000013C3700" bytes="1558048" />
</allocation-stats>
<gc-op id="523" type="scavenge" timems="0.129" contextid="520" timestamp="2019-06-15T04:55:45.176">
  <scavenger-info tenureage="14" tenuremask="4000" tiltratio="87" />
  <memory-copied type="nursery" objects="2" bytes="39984" bytesdiscarded="39144" />
</gc-op>
<gc-end id="524" type="scavenge" contextid="520" durationms="0.257" usertimems="0.000" systemtimems="0.000" timestamp="2019-06-15T04:55:45.176" activeThreads="4">
  <mem-info id="525" free="6545080" total="8388608" percent="78">
    <mem type="nursery" free="1755880" total="2097152" percent="83">
      <mem type="allocate" free="1755880" total="1835008" percent="95" />
      <mem type="survivor" free="0" total="262144" percent="0" />
    </mem>
    <mem type="tenure" free="4789200" total="6291456" percent="76">
      <mem type="soa" free="4474832" total="5977088" percent="74" />
      <mem type="loa" free="314368" total="314368" percent="100" />
    </mem>
    <remembered-set count="56" />
  </mem-info>
</gc-end>
<cycle-end id="526" type="scavenge" contextid="520" timestamp="2019-06-15T04:55:45.176" />
  <attribute name="elasticGC enabled" value="1" />
  <attribute name= "numThreadsSpecified" value="4" />
  <attribute name="heapSize specified" value="0" />
  <attribute name="Current GC Util" value="43" />
  <attribute name= "Current Time Running" value="610" />
  <attribute name ="GC Interval" value="200" />
  <attribute name="ProportionalT" value="11.500000" />
  <attribute name="ProportionalI" value="11.500000" />
  <attribute name="ProportionalH" value="11.500000" />
  <attribute name="Current Error" value="23.000000" />
  <attribute name="IntegralT" value="23.000000" />
  <attribute name="IntegralI" value="23.000000" />
  <attribute name="IntegralH" value="23.000000" />
  <attribute name="DerivativeT" value="1.500000" />
  <attribute name="DerivativeI" value="1.500000" />
  <attribute name="DerivativeH" value="1.500000" />
  <attribute name="Loop Time for DT" value="1.000000" />
  <attribute name="Output H" value="8388608"/>
  <attribute name="Output I" value="200"/>
  <attribute name="Output T" value="4"/>
  <attribute name="Target GC Util Change" value ="20.000000" />
  <attribute name="Current GC Util Change" value="43.000000"/>
  <attribute name="GC Util currently" value="43" />
  <attribute name="CPU Util currently" value="6385811258681" />
<allocation-satisfied id="527" threadId="00000000013C3700" bytesRequested="79920" />
<af-end id="528" timestamp="2019-06-15T04:55:45.176" threadId="00000000013C4088" success="true" from="nursery"/>
<exclusive-end id="529" timestamp="2019-06-15T04:55:45.176" durationms="0.554" />

<exclusive-start id="530" timestamp="2019-06-15T04:55:45.177" intervalms="0.718">
  <response-info timems="0.015" idlems="0.015" threads="0" lastid="00000000013C3700" lastname="main" />
</exclusive-start>
<af-start id="531" threadId="00000000013C4088" totalBytesRequested="81168" timestamp="2019-06-15T04:55:45.177" intervalms="0.717" type="nursery" />
<cycle-start id="532" type="scavenge" contextid="0" timestamp="2019-06-15T04:55:45.177" intervalms="0.717" />
<gc-start id="533" type="scavenge" contextid="532" timestamp="2019-06-15T04:55:45.177">
  <mem-info id="534" free="4789200" total="8388608" percent="57">
    <mem type="nursery" free="0" total="2097152" percent="0">
      <mem type="allocate" free="0" total="1835008" percent="0" />
      <mem type="survivor" free="0" total="262144" percent="0" />
    </mem>
    <mem type="tenure" free="4789200" total="6291456" percent="76">
      <mem type="soa" free="4474832" total="5977088" percent="74" />
      <mem type="loa" free="314368" total="314368" percent="100" />
    </mem>
    <remembered-set count="56" />
  </mem-info>
</gc-start>
<allocation-stats totalBytes="1633560" >
  <allocated-bytes non-tlh="804672" tlh="828888" />
  <largest-consumer threadName="main" threadId="00000000013C3700" bytes="1633560" />
</allocation-stats>
<gc-op id="535" type="scavenge" timems="0.128" contextid="532" timestamp="2019-06-15T04:55:45.177">
  <scavenger-info tenureage="14" tenuremask="4000" tiltratio="87" />
  <memory-copied type="nursery" objects="2" bytes="40616" bytesdiscarded="39144" />
</gc-op>
<gc-end id="536" type="scavenge" contextid="532" durationms="0.255" usertimems="0.000" systemtimems="0.000" timestamp="2019-06-15T04:55:45.177" activeThreads="4">
  <mem-info id="537" free="6544448" total="8388608" percent="78">
    <mem type="nursery" free="1755248" total="2097152" percent="83">
      <mem type="allocate" free="1755248" total="1835008" percent="95" />
      <mem type="survivor" free="0" total="262144" percent="0" />
    </mem>
    <mem type="tenure" free="4789200" total="6291456" percent="76">
      <mem type="soa" free="4474832" total="5977088" percent="74" />
      <mem type="loa" free="314368" total="314368" percent="100" />
    </mem>
    <remembered-set count="56" />
  </mem-info>
</gc-end>
<cycle-end id="538" type="scavenge" contextid="532" timestamp="2019-06-15T04:55:45.177" />
  <attribute name="elasticGC enabled" value="1" />
  <attribute name= "numThreadsSpecified" value="4" />
  <attribute name="heapSize specified" value="0" />
  <attribute name="Current GC Util" value="43" />
  <attribute name= "Current Time Running" value="611" />
  <attribute name ="GC Interval" value="200" />
  <attribute name="ProportionalT" value="11.500000" />
  <attribute name="ProportionalI" value="11.500000" />
  <attribute name="ProportionalH" value="11.500000" />
  <attribute name="Current Error" value="23.000000" />
  <attribute name="IntegralT" value="23.000000" />
  <attribute name="IntegralI" value="23.000000" />
  <attribute name="IntegralH" value="23.000000" />
  <attribute name="DerivativeT" value="0.000000" />
  <attribute name="DerivativeI" value="0.000000" />
  <attribute name="DerivativeH" value="0.000000" />
  <attribute name="Loop Time for DT" value="1.000000" />
  <attribute name="Output H" value="8388608"/>
  <attribute name="Output I" value="200"/>
  <attribute name="Output T" value="4"/>
  <attribute name="Target GC Util Change" value ="20.000000" />
  <attribute name="Current GC Util Change" value="43.000000"/>
  <attribute name="GC Util currently" value="43" />
  <attribute name="CPU Util currently" value="6434324150942" />
<allocation-satisfied id="539" threadId="00000000013C3700" bytesRequested="81168" />
<af-end id="540" timestamp="2019-06-15T04:55:45.177" threadId="00000000013C4088" success="true" from="nursery"/>
<exclusive-end id="541" timestamp="2019-06-15T04:55:45.177" durationms="0.552" />

<exclusive-start id="542" timestamp="2019-06-15T04:55:45.177" intervalms="0.708">
  <response-info timems="0.018" idlems="0.018" threads="0" lastid="00000000013C3700" lastname="main" />
</exclusive-start>
<af-start id="543" threadId="00000000013C4088" totalBytesRequested="82160" timestamp="2019-06-15T04:55:45.177" intervalms="0.708" type="nursery" />
<cycle-start id="544" type="scavenge" contextid="0" timestamp="2019-06-15T04:55:45.177" intervalms="0.709" />
<gc-start id="545" type="scavenge" contextid="544" timestamp="2019-06-15T04:55:45.177">
  <mem-info id="546" free="4868576" total="8388608" percent="58">
    <mem type="nursery" free="79376" total="2097152" percent="3">
      <mem type="allocate" free="79376" total="1835008" percent="4" />
      <mem type="survivor" free="0" total="262144" percent="0" />
    </mem>
    <mem type="tenure" free="4789200" total="6291456" percent="76">
      <mem type="soa" free="4474832" total="5977088" percent="74" />
      <mem type="loa" free="314368" total="314368" percent="100" />
    </mem>
    <remembered-set count="56" />
  </mem-info>
</gc-start>
<allocation-stats totalBytes="1519384" >
  <allocated-bytes non-tlh="733792" tlh="785592" />
  <largest-consumer threadName="main" threadId="00000000013C3700" bytes="1519384" />
</allocation-stats>
<gc-op id="547" type="scavenge" timems="0.129" contextid="544" timestamp="2019-06-15T04:55:45.178">
  <scavenger-info tenureage="14" tenuremask="4000" tiltratio="87" />
  <memory-copied type="nursery" objects="2" bytes="41112" bytesdiscarded="39144" />
</gc-op>
<gc-end id="548" type="scavenge" contextid="544" durationms="0.256" usertimems="0.000" systemtimems="0.000" timestamp="2019-06-15T04:55:45.178" activeThreads="4">
  <mem-info id="549" free="6543952" total="8388608" percent="78">
    <mem type="nursery" free="1754752" total="2097152" percent="83">
      <mem type="allocate" free="1754752" total="1835008" percent="95" />
      <mem type="survivor" free="0" total="262144" percent="0" />
    </mem>
    <mem type="tenure" free="4789200" total="6291456" percent="76">
      <mem type="soa" free="4474832" total="5977088" percent="74" />
      <mem type="loa" free="314368" total="314368" percent="100" />
    </mem>
    <remembered-set count="56" />
  </mem-info>
</gc-end>
<cycle-end id="550" type="scavenge" contextid="544" timestamp="2019-06-15T04:55:45.178" />
  <attribute name="elasticGC enabled" value="1" />
  <attribute name= "numThreadsSpecified" value="4" />
  <attribute name="heapSize specified" value="0" />
  <attribute name="Current GC Util" value="43" />
  <attribute name= "Current Time Running" value="611" />
  <attribute name ="GC Interval" value="200" />
  <attribute name="ProportionalT" value="11.500000" />
  <attribute name="ProportionalI" value="11.500000" />
  <attribute name="ProportionalH" value="11.500000" />
  <attribute name="Current Error" value="23.000000" />
  <attribute name="IntegralT" value="0.000000" />
  <attribute name="IntegralI" value="0.000000" />
  <attribute name="IntegralH" value="0.000000" />
  <attribute name="DerivativeT" value="-nan" />
  <attribute name="DerivativeI" value="-nan" />
  <attribute name="DerivativeH" value="-nan" />
  <attribute name="Loop Time for DT" value="0.000000" />
  <attribute name="Output H" value="2092630016"/>
  <attribute name="Output I" value="200"/>
  <attribute name="Output T" value="4"/>
  <attribute name="Target GC Util Change" value ="20.000000" />
  <attribute name="Current GC Util Change" value="43.000000"/>
  <attribute name="GC Util currently" value="43" />
  <attribute name="CPU Util currently" value="6499259436117" />
<allocation-satisfied id="551" threadId="00000000013C3700" bytesRequested="82160" />
<af-end id="552" timestamp="2019-06-15T04:55:45.178" threadId="00000000013C4088" success="true" from="nursery"/>
<exclusive-end id="553" timestamp="2019-06-15T04:55:45.178" durationms="0.554" />

<exclusive-start id="554" timestamp="2019-06-15T04:55:45.178" intervalms="0.716">
  <response-info timems="0.022" idlems="0.022" threads="0" lastid="00000000013C3700" lastname="main" />
</exclusive-start>
<af-start id="555" threadId="00000000013C4088" totalBytesRequested="41712" timestamp="2019-06-15T04:55:45.178" intervalms="0.716" type="nursery" />
<cycle-start id="556" type="scavenge" contextid="0" timestamp="2019-06-15T04:55:45.178" intervalms="0.715" />
<gc-start id="557" type="scavenge" contextid="556" timestamp="2019-06-15T04:55:45.178">
  <mem-info id="558" free="4789200" total="8388608" percent="57">
    <mem type="nursery" free="0" total="2097152" percent="0">
      <mem type="allocate" free="0" total="1835008" percent="0" />
      <mem type="survivor" free="0" total="262144" percent="0" />
    </mem>
    <mem type="tenure" free="4789200" total="6291456" percent="76">
      <mem type="soa" free="4474832" total="5977088" percent="74" />
      <mem type="loa" free="314368" total="314368" percent="100" />
    </mem>
    <remembered-set count="56" />
  </mem-info>
</gc-start>
<allocation-stats totalBytes="1571184" >
  <allocated-bytes non-tlh="949728" tlh="621456" />
  <largest-consumer threadName="main" threadId="00000000013C3700" bytes="1571184" />
</allocation-stats>
<gc-op id="559" type="scavenge" timems="0.131" contextid="556" timestamp="2019-06-15T04:55:45.178">
  <scavenger-info tenureage="14" tenuremask="4000" tiltratio="87" />
  <memory-copied type="nursery" objects="2" bytes="83168" bytesdiscarded="39152" />
</gc-op>
<gc-end id="560" type="scavenge" contextid="556" durationms="0.259" usertimems="0.000" systemtimems="0.000" timestamp="2019-06-15T04:55:45.178" activeThreads="4">
  <mem-info id="561" free="6501888" total="8388608" percent="77">
    <mem type="nursery" free="1712688" total="2097152" percent="81">
      <mem type="allocate" free="1712688" total="1835008" percent="93" />
      <mem type="survivor" free="0" total="262144" percent="0" />
    </mem>
    <mem type="tenure" free="4789200" total="6291456" percent="76">
      <mem type="soa" free="4474832" total="5977088" percent="74" />
      <mem type="loa" free="314368" total="314368" percent="100" />
    </mem>
    <remembered-set count="56" />
  </mem-info>
</gc-end>
<cycle-end id="562" type="scavenge" contextid="556" timestamp="2019-06-15T04:55:45.178" />
  <attribute name="elasticGC enabled" value="1" />
  <attribute name= "numThreadsSpecified" value="4" />
  <attribute name="heapSize specified" value="0" />
  <attribute name="Current GC Util" value="43" />
  <attribute name= "Current Time Running" value="612" />
  <attribute name ="GC Interval" value="200" />
  <attribute name="ProportionalT" value="11.500000" />
  <attribute name="ProportionalI" value="11.500000" />
  <attribute name="ProportionalH" value="11.500000" />
  <attribute name="Current Error" value="23.000000" />
  <attribute name="IntegralT" value="23.000000" />
  <attribute name="IntegralI" value="23.000000" />
  <attribute name="IntegralH" value="23.000000" />
  <attribute name="DerivativeT" value="0.000000" />
  <attribute name="DerivativeI" value="0.000000" />
  <attribute name="DerivativeH" value="0.000000" />
  <attribute name="Loop Time for DT" value="1.000000" />
  <attribute name="Output H" value="8388608"/>
  <attribute name="Output I" value="200"/>
  <attribute name="Output T" value="4"/>
  <attribute name="Target GC Util Change" value ="20.000000" />
  <attribute name="Current GC Util Change" value="43.000000"/>
  <attribute name="GC Util currently" value="43" />
  <attribute name="CPU Util currently" value="6444007262350" />
<allocation-satisfied id="563" threadId="00000000013C3700" bytesRequested="41712" />
<af-end id="564" timestamp="2019-06-15T04:55:45.179" threadId="00000000013C4088" success="true" from="nursery"/>
<exclusive-end id="565" timestamp="2019-06-15T04:55:45.179" durationms="0.561" />

<exclusive-start id="566" timestamp="2019-06-15T04:55:45.179" intervalms="0.740">
  <response-info timems="0.018" idlems="0.018" threads="0" lastid="00000000013C3700" lastname="main" />
</exclusive-start>
<af-start id="567" threadId="00000000013C4088" totalBytesRequested="42280" timestamp="2019-06-15T04:55:45.179" intervalms="0.740" type="nursery" />
<cycle-start id="568" type="scavenge" contextid="0" timestamp="2019-06-15T04:55:45.179" intervalms="0.740" />
<gc-start id="569" type="scavenge" contextid="568" timestamp="2019-06-15T04:55:45.179">
  <mem-info id="570" free="4789200" total="8388608" percent="57">
    <mem type="nursery" free="0" total="2097152" percent="0">
      <mem type="allocate" free="0" total="1835008" percent="0" />
      <mem type="survivor" free="0" total="262144" percent="0" />
    </mem>
    <mem type="tenure" free="4789200" total="6291456" percent="76">
      <mem type="soa" free="4474832" total="5977088" percent="74" />
      <mem type="loa" free="314368" total="314368" percent="100" />
    </mem>
    <remembered-set count="56" />
  </mem-info>
</gc-start>
<allocation-stats totalBytes="1553448" >
  <allocated-bytes non-tlh="795752" tlh="757696" />
  <largest-consumer threadName="main" threadId="00000000013C3700" bytes="1553448" />
</allocation-stats>
<gc-op id="571" type="scavenge" timems="0.130" contextid="568" timestamp="2019-06-15T04:55:45.179">
  <scavenger-info tenureage="14" tenuremask="4000" tiltratio="87" />
  <memory-copied type="nursery" objects="4" bytes="42360" bytesdiscarded="39088" />
</gc-op>
<gc-end id="572" type="scavenge" contextid="568" durationms="0.257" usertimems="0.000" systemtimems="0.000" timestamp="2019-06-15T04:55:45.179" activeThreads="4">
  <mem-info id="573" free="6542760" total="8388608" percent="77">
    <mem type="nursery" free="1753560" total="2097152" percent="83">
      <mem type="allocate" free="1753560" total="1835008" percent="95" />
      <mem type="survivor" free="0" total="262144" percent="0" />
    </mem>
    <mem type="tenure" free="4789200" total="6291456" percent="76">
      <mem type="soa" free="4474832" total="5977088" percent="74" />
      <mem type="loa" free="314368" total="314368" percent="100" />
    </mem>
    <remembered-set count="56" />
  </mem-info>
</gc-end>
<cycle-end id="574" type="scavenge" contextid="568" timestamp="2019-06-15T04:55:45.179" />
  <attribute name="elasticGC enabled" value="1" />
  <attribute name= "numThreadsSpecified" value="4" />
  <attribute name="heapSize specified" value="0" />
  <attribute name="Current GC Util" value="42" />
  <attribute name= "Current Time Running" value="613" />
  <attribute name ="GC Interval" value="200" />
  <attribute name="ProportionalT" value="11.000000" />
  <attribute name="ProportionalI" value="11.000000" />
  <attribute name="ProportionalH" value="11.000000" />
  <attribute name="Current Error" value="22.000000" />
  <attribute name="IntegralT" value="22.000000" />
  <attribute name="IntegralI" value="22.000000" />
  <attribute name="IntegralH" value="22.000000" />
  <attribute name="DerivativeT" value="-1.500000" />
  <attribute name="DerivativeI" value="-1.500000" />
  <attribute name="DerivativeH" value="-1.500000" />
  <attribute name="Loop Time for DT" value="1.000000" />
  <attribute name="Output H" value="8388608"/>
  <attribute name="Output I" value="200"/>
  <attribute name="Output T" value="4"/>
  <attribute name="Target GC Util Change" value ="20.000000" />
  <attribute name="Current GC Util Change" value="42.000000"/>
  <attribute name="GC Util currently" value="42" />
  <attribute name="CPU Util currently" value="6237571370857" />
<allocation-satisfied id="575" threadId="00000000013C3700" bytesRequested="42280" />
<af-end id="576" timestamp="2019-06-15T04:55:45.179" threadId="00000000013C4088" success="true" from="nursery"/>
<exclusive-end id="577" timestamp="2019-06-15T04:55:45.179" durationms="0.553" />

<exclusive-start id="578" timestamp="2019-06-15T04:55:45.179" intervalms="0.713">
  <response-info timems="0.018" idlems="0.018" threads="0" lastid="00000000013C3700" lastname="main" />
</exclusive-start>
<af-start id="579" threadId="00000000013C4088" totalBytesRequested="86096" timestamp="2019-06-15T04:55:45.180" intervalms="0.724" type="nursery" />
<cycle-start id="580" type="scavenge" contextid="0" timestamp="2019-06-15T04:55:45.180" intervalms="0.752" />
<gc-start id="581" type="scavenge" contextid="580" timestamp="2019-06-15T04:55:45.180">
  <mem-info id="582" free="4789200" total="8388608" percent="57">
    <mem type="nursery" free="0" total="2097152" percent="0">
      <mem type="allocate" free="0" total="1835008" percent="0" />
      <mem type="survivor" free="0" total="262144" percent="0" />
    </mem>
    <mem type="tenure" free="4789200" total="6291456" percent="76">
      <mem type="soa" free="4474832" total="5977088" percent="74" />
      <mem type="loa" free="314368" total="314368" percent="100" />
    </mem>
    <remembered-set count="56" />
  </mem-info>
</gc-start>
<allocation-stats totalBytes="1587840" >
  <allocated-bytes non-tlh="894408" tlh="693432" />
  <largest-consumer threadName="main" threadId="00000000013C3700" bytes="1587840" />
</allocation-stats>
<gc-op id="583" type="scavenge" timems="0.128" contextid="580" timestamp="2019-06-15T04:55:45.180">
  <scavenger-info tenureage="14" tenuremask="4000" tiltratio="87" />
  <memory-copied type="nursery" objects="2" bytes="43072" bytesdiscarded="39144" />
</gc-op>
<gc-end id="584" type="scavenge" contextid="580" durationms="0.257" usertimems="0.000" systemtimems="0.000" timestamp="2019-06-15T04:55:45.180" activeThreads="4">
  <mem-info id="585" free="6541992" total="8388608" percent="77">
    <mem type="nursery" free="1752792" total="2097152" percent="83">
      <mem type="allocate" free="1752792" total="1835008" percent="95" />
      <mem type="survivor" free="0" total="262144" percent="0" />
    </mem>
    <mem type="tenure" free="4789200" total="6291456" percent="76">
      <mem type="soa" free="4474832" total="5977088" percent="74" />
      <mem type="loa" free="314368" total="314368" percent="100" />
    </mem>
    <remembered-set count="56" />
  </mem-info>
</gc-end>
<cycle-end id="586" type="scavenge" contextid="580" timestamp="2019-06-15T04:55:45.180" />
  <attribute name="elasticGC enabled" value="1" />
  <attribute name= "numThreadsSpecified" value="4" />
  <attribute name="heapSize specified" value="0" />
  <attribute name="Current GC Util" value="41" />
  <attribute name= "Current Time Running" value="614" />
  <attribute name ="GC Interval" value="200" />
  <attribute name="ProportionalT" value="10.500000" />
  <attribute name="ProportionalI" value="10.500000" />
  <attribute name="ProportionalH" value="10.500000" />
  <attribute name="Current Error" value="21.000000" />
  <attribute name="IntegralT" value="21.000000" />
  <attribute name="IntegralI" value="21.000000" />
  <attribute name="IntegralH" value="21.000000" />
  <attribute name="DerivativeT" value="-1.500000" />
  <attribute name="DerivativeI" value="-1.500000" />
  <attribute name="DerivativeH" value="-1.500000" />
  <attribute name="Loop Time for DT" value="1.000000" />
  <attribute name="Output H" value="8388608"/>
  <attribute name="Output I" value="200"/>
  <attribute name="Output T" value="4"/>
  <attribute name="Target GC Util Change" value ="20.000000" />
  <attribute name="Current GC Util Change" value="41.000000"/>
  <attribute name="GC Util currently" value="41" />
  <attribute name="CPU Util currently" value="6109803799043" />
<allocation-satisfied id="587" threadId="00000000013C3700" bytesRequested="86096" />
<af-end id="588" timestamp="2019-06-15T04:55:45.180" threadId="00000000013C4088" success="true" from="nursery"/>
<exclusive-end id="589" timestamp="2019-06-15T04:55:45.180" durationms="0.596" />

<exclusive-start id="590" timestamp="2019-06-15T04:55:45.180" intervalms="0.754">
  <response-info timems="0.019" idlems="0.019" threads="0" lastid="00000000013C3700" lastname="main" />
</exclusive-start>
<af-start id="591" threadId="00000000013C4088" totalBytesRequested="87248" timestamp="2019-06-15T04:55:45.180" intervalms="0.744" type="nursery" />
<cycle-start id="592" type="scavenge" contextid="0" timestamp="2019-06-15T04:55:45.180" intervalms="0.716" />
<gc-start id="593" type="scavenge" contextid="592" timestamp="2019-06-15T04:55:45.180">
  <mem-info id="594" free="4789200" total="8388608" percent="57">
    <mem type="nursery" free="0" total="2097152" percent="0">
      <mem type="allocate" free="0" total="1835008" percent="0" />
      <mem type="survivor" free="0" total="262144" percent="0" />
    </mem>
    <mem type="tenure" free="4789200" total="6291456" percent="76">
      <mem type="soa" free="4474832" total="5977088" percent="74" />
      <mem type="loa" free="314368" total="314368" percent="100" />
    </mem>
    <remembered-set count="56" />
  </mem-info>
</gc-start>
<allocation-stats totalBytes="1632112" >
  <allocated-bytes non-tlh="908992" tlh="723120" />
  <largest-consumer threadName="main" threadId="00000000013C3700" bytes="1632112" />
</allocation-stats>
<gc-op id="595" type="scavenge" timems="0.087" contextid="592" timestamp="2019-06-15T04:55:45.181">
  <scavenger-info tenureage="14" tenuremask="4000" tiltratio="87" />
  <memory-copied type="nursery" objects="2" bytes="43648" bytesdiscarded="39144" />
</gc-op>
<gc-end id="596" type="scavenge" contextid="592" durationms="0.213" usertimems="0.000" systemtimems="0.000" timestamp="2019-06-15T04:55:45.181" activeThreads="1">
  <mem-info id="597" free="6541416" total="8388608" percent="77">
    <mem type="nursery" free="1752216" total="2097152" percent="83">
      <mem type="allocate" free="1752216" total="1835008" percent="95" />
      <mem type="survivor" free="0" total="262144" percent="0" />
    </mem>
    <mem type="tenure" free="4789200" total="6291456" percent="76">
      <mem type="soa" free="4474832" total="5977088" percent="74" />
      <mem type="loa" free="314368" total="314368" percent="100" />
    </mem>
    <remembered-set count="56" />
  </mem-info>
</gc-end>
<cycle-end id="598" type="scavenge" contextid="592" timestamp="2019-06-15T04:55:45.181" />
  <attribute name="elasticGC enabled" value="1" />
  <attribute name= "numThreadsSpecified" value="1" />
  <attribute name="heapSize specified" value="0" />
  <attribute name="Current GC Util" value="44" />
  <attribute name= "Current Time Running" value="614" />
  <attribute name ="GC Interval" value="200" />
  <attribute name="ProportionalT" value="12.000000" />
  <attribute name="ProportionalI" value="12.000000" />
  <attribute name="ProportionalH" value="12.000000" />
  <attribute name="Current Error" value="24.000000" />
  <attribute name="IntegralT" value="0.000000" />
  <attribute name="IntegralI" value="0.000000" />
  <attribute name="IntegralH" value="0.000000" />
  <attribute name="DerivativeT" value="inf" />
  <attribute name="DerivativeI" value="inf" />
  <attribute name="DerivativeH" value="inf" />
  <attribute name="Loop Time for DT" value="0.000000" />
  <attribute name="Output H" value="8388608"/>
  <attribute name="Output I" value="200"/>
  <attribute name="Output T" value="1"/>
  <attribute name="Target GC Util Change" value ="20.000000" />
  <attribute name="Current GC Util Change" value="44.000000"/>
  <attribute name="GC Util currently" value="44" />
  <attribute name="CPU Util currently" value="6469627041451" />
<allocation-satisfied id="599" threadId="00000000013C3700" bytesRequested="87248" />
<af-end id="600" timestamp="2019-06-15T04:55:45.181" threadId="00000000013C4088" success="true" from="nursery"/>
<exclusive-end id="601" timestamp="2019-06-15T04:55:45.181" durationms="0.510" />

<exclusive-start id="602" timestamp="2019-06-15T04:55:45.181" intervalms="0.666">
  <response-info timems="0.019" idlems="0.019" threads="0" lastid="00000000013C3700" lastname="main" />
</exclusive-start>
<af-start id="603" threadId="00000000013C4088" totalBytesRequested="88616" timestamp="2019-06-15T04:55:45.181" intervalms="0.665" type="nursery" />
<cycle-start id="604" type="scavenge" contextid="0" timestamp="2019-06-15T04:55:45.181" intervalms="0.666" />
<gc-start id="605" type="scavenge" contextid="604" timestamp="2019-06-15T04:55:45.181">
  <mem-info id="606" free="4789200" total="8388608" percent="57">
    <mem type="nursery" free="0" total="2097152" percent="0">
      <mem type="allocate" free="0" total="1835008" percent="0" />
      <mem type="survivor" free="0" total="262144" percent="0" />
    </mem>
    <mem type="tenure" free="4789200" total="6291456" percent="76">
      <mem type="soa" free="4474832" total="5977088" percent="74" />
      <mem type="loa" free="314368" total="314368" percent="100" />
    </mem>
    <remembered-set count="56" />
  </mem-info>
</gc-start>
<allocation-stats totalBytes="1586128" >
  <allocated-bytes non-tlh="966400" tlh="619728" />
  <largest-consumer threadName="main" threadId="00000000013C3700" bytes="1586128" />
</allocation-stats>
<gc-op id="607" type="scavenge" timems="0.128" contextid="604" timestamp="2019-06-15T04:55:45.181">
  <scavenger-info tenureage="14" tenuremask="4000" tiltratio="87" />
  <memory-copied type="nursery" objects="2" bytes="44336" bytesdiscarded="39144" />
</gc-op>
<gc-end id="608" type="scavenge" contextid="604" durationms="0.257" usertimems="0.000" systemtimems="0.000" timestamp="2019-06-15T04:55:45.181" activeThreads="4">
  <mem-info id="609" free="6540728" total="8388608" percent="77">
    <mem type="nursery" free="1751528" total="2097152" percent="83">
      <mem type="allocate" free="1751528" total="1835008" percent="95" />
      <mem type="survivor" free="0" total="262144" percent="0" />
    </mem>
    <mem type="tenure" free="4789200" total="6291456" percent="76">
      <mem type="soa" free="4474832" total="5977088" percent="74" />
      <mem type="loa" free="314368" total="314368" percent="100" />
    </mem>
    <remembered-set count="56" />
  </mem-info>
</gc-end>
<cycle-end id="610" type="scavenge" contextid="604" timestamp="2019-06-15T04:55:45.181" />
  <attribute name="elasticGC enabled" value="1" />
  <attribute name= "numThreadsSpecified" value="4" />
  <attribute name="heapSize specified" value="0" />
  <attribute name="Current GC Util" value="39" />
  <attribute name= "Current Time Running" value="615" />
  <attribute name ="GC Interval" value="200" />
  <attribute name="ProportionalT" value="9.500000" />
  <attribute name="ProportionalI" value="9.500000" />
  <attribute name="ProportionalH" value="9.500000" />
  <attribute name="Current Error" value="19.000000" />
  <attribute name="IntegralT" value="19.000000" />
  <attribute name="IntegralI" value="19.000000" />
  <attribute name="IntegralH" value="19.000000" />
  <attribute name="DerivativeT" value="-7.500000" />
  <attribute name="DerivativeI" value="-7.500000" />
  <attribute name="DerivativeH" value="-7.500000" />
  <attribute name="Loop Time for DT" value="1.000000" />
  <attribute name="Output H" value="8388608"/>
  <attribute name="Output I" value="200"/>
  <attribute name="Output T" value="4"/>
  <attribute name="Target GC Util Change" value ="20.000000" />
  <attribute name="Current GC Util Change" value="39.000000"/>
  <attribute name="GC Util currently" value="39" />
  <attribute name="CPU Util currently" value="6931416118154" />
<allocation-satisfied id="611" threadId="00000000013C3700" bytesRequested="88616" />
<af-end id="612" timestamp="2019-06-15T04:55:45.181" threadId="00000000013C4088" success="true" from="nursery"/>
<exclusive-end id="613" timestamp="2019-06-15T04:55:45.181" durationms="0.555" />

<exclusive-start id="614" timestamp="2019-06-15T04:55:45.182" intervalms="0.712">
  <response-info timems="0.018" idlems="0.018" threads="0" lastid="00000000013C3700" lastname="main" />
</exclusive-start>
<af-start id="615" threadId="00000000013C4088" totalBytesRequested="44896" timestamp="2019-06-15T04:55:45.182" intervalms="0.712" type="nursery" />
<cycle-start id="616" type="scavenge" contextid="0" timestamp="2019-06-15T04:55:45.182" intervalms="0.713" />
<gc-start id="617" type="scavenge" contextid="616" timestamp="2019-06-15T04:55:45.182">
  <mem-info id="618" free="4789200" total="8388608" percent="57">
    <mem type="nursery" free="0" total="2097152" percent="0">
      <mem type="allocate" free="0" total="1835008" percent="0" />
      <mem type="survivor" free="0" total="262144" percent="0" />
    </mem>
    <mem type="tenure" free="4789200" total="6291456" percent="76">
      <mem type="soa" free="4474832" total="5977088" percent="74" />
      <mem type="loa" free="314368" total="314368" percent="100" />
    </mem>
    <remembered-set count="56" />
  </mem-info>
</gc-start>
<allocation-stats totalBytes="1561472" >
  <allocated-bytes non-tlh="935448" tlh="626024" />
  <largest-consumer threadName="main" threadId="00000000013C3700" bytes="1561472" />
</allocation-stats>
<gc-op id="619" type="scavenge" timems="0.129" contextid="616" timestamp="2019-06-15T04:55:45.182">
  <scavenger-info tenureage="14" tenuremask="4000" tiltratio="87" />
  <memory-copied type="nursery" objects="4" bytes="44976" bytesdiscarded="39088" />
</gc-op>
<gc-end id="620" type="scavenge" contextid="616" durationms="0.256" usertimems="0.000" systemtimems="0.000" timestamp="2019-06-15T04:55:45.182" activeThreads="4">
  <mem-info id="621" free="6540144" total="8388608" percent="77">
    <mem type="nursery" free="1750944" total="2097152" percent="83">
      <mem type="allocate" free="1750944" total="1835008" percent="95" />
      <mem type="survivor" free="0" total="262144" percent="0" />
    </mem>
    <mem type="tenure" free="4789200" total="6291456" percent="76">
      <mem type="soa" free="4474832" total="5977088" percent="74" />
      <mem type="loa" free="314368" total="314368" percent="100" />
    </mem>
    <remembered-set count="56" />
  </mem-info>
</gc-end>
<cycle-end id="622" type="scavenge" contextid="616" timestamp="2019-06-15T04:55:45.182" />
  <attribute name="elasticGC enabled" value="1" />
  <attribute name= "numThreadsSpecified" value="4" />
  <attribute name="heapSize specified" value="0" />
  <attribute name="Current GC Util" value="44" />
  <attribute name= "Current Time Running" value="616" />
  <attribute name ="GC Interval" value="200" />
  <attribute name="ProportionalT" value="12.000000" />
  <attribute name="ProportionalI" value="12.000000" />
  <attribute name="ProportionalH" value="12.000000" />
  <attribute name="Current Error" value="24.000000" />
  <attribute name="IntegralT" value="24.000000" />
  <attribute name="IntegralI" value="24.000000" />
  <attribute name="IntegralH" value="24.000000" />
  <attribute name="DerivativeT" value="7.500000" />
  <attribute name="DerivativeI" value="7.500000" />
  <attribute name="DerivativeH" value="7.500000" />
  <attribute name="Loop Time for DT" value="1.000000" />
  <attribute name="Output H" value="8388608"/>
  <attribute name="Output I" value="200"/>
  <attribute name="Output T" value="4"/>
  <attribute name="Target GC Util Change" value ="20.000000" />
  <attribute name="Current GC Util Change" value="44.000000"/>
  <attribute name="GC Util currently" value="44" />
  <attribute name="CPU Util currently" value="6464648103087" />
<allocation-satisfied id="623" threadId="00000000013C3700" bytesRequested="44896" />
<af-end id="624" timestamp="2019-06-15T04:55:45.182" threadId="00000000013C4088" success="true" from="nursery"/>
<exclusive-end id="625" timestamp="2019-06-15T04:55:45.182" durationms="0.554" />

<exclusive-start id="626" timestamp="2019-06-15T04:55:45.182" intervalms="0.706">
  <response-info timems="0.018" idlems="0.018" threads="0" lastid="00000000013C3700" lastname="main" />
</exclusive-start>
<af-start id="627" threadId="00000000013C4088" totalBytesRequested="90952" timestamp="2019-06-15T04:55:45.182" intervalms="0.706" type="nursery" />
<cycle-start id="628" type="scavenge" contextid="0" timestamp="2019-06-15T04:55:45.182" intervalms="0.704" />
<gc-start id="629" type="scavenge" contextid="628" timestamp="2019-06-15T04:55:45.182">
  <mem-info id="630" free="4836208" total="8388608" percent="57">
    <mem type="nursery" free="47008" total="2097152" percent="2">
      <mem type="allocate" free="47008" total="1835008" percent="2" />
      <mem type="survivor" free="0" total="262144" percent="0" />
    </mem>
    <mem type="tenure" free="4789200" total="6291456" percent="76">
      <mem type="soa" free="4474832" total="5977088" percent="74" />
      <mem type="loa" free="314368" total="314368" percent="100" />
    </mem>
    <remembered-set count="56" />
  </mem-info>
</gc-start>
<allocation-stats totalBytes="1577928" >
  <allocated-bytes non-tlh="902776" tlh="675152" />
  <largest-consumer threadName="main" threadId="00000000013C3700" bytes="1577928" />
</allocation-stats>
<gc-op id="631" type="scavenge" timems="0.135" contextid="628" timestamp="2019-06-15T04:55:45.183">
  <scavenger-info tenureage="14" tenuremask="4000" tiltratio="87" />
  <memory-copied type="nursery" objects="2" bytes="45504" bytesdiscarded="39144" />
</gc-op>
<gc-end id="632" type="scavenge" contextid="628" durationms="0.264" usertimems="0.000" systemtimems="0.000" timestamp="2019-06-15T04:55:45.183" activeThreads="4">
  <mem-info id="633" free="6539560" total="8388608" percent="77">
    <mem type="nursery" free="1750360" total="2097152" percent="83">
      <mem type="allocate" free="1750360" total="1835008" percent="95" />
      <mem type="survivor" free="0" total="262144" percent="0" />
    </mem>
    <mem type="tenure" free="4789200" total="6291456" percent="76">
      <mem type="soa" free="4474832" total="5977088" percent="74" />
      <mem type="loa" free="314368" total="314368" percent="100" />
    </mem>
    <remembered-set count="56" />
  </mem-info>
</gc-end>
<cycle-end id="634" type="scavenge" contextid="628" timestamp="2019-06-15T04:55:45.183" />
  <attribute name="elasticGC enabled" value="1" />
  <attribute name= "numThreadsSpecified" value="4" />
  <attribute name="heapSize specified" value="0" />
  <attribute name="Current GC Util" value="43" />
  <attribute name= "Current Time Running" value="616" />
  <attribute name ="GC Interval" value="200" />
  <attribute name="ProportionalT" value="11.500000" />
  <attribute name="ProportionalI" value="11.500000" />
  <attribute name="ProportionalH" value="11.500000" />
  <attribute name="Current Error" value="23.000000" />
  <attribute name="IntegralT" value="0.000000" />
  <attribute name="IntegralI" value="0.000000" />
  <attribute name="IntegralH" value="0.000000" />
  <attribute name="DerivativeT" value="-inf" />
  <attribute name="DerivativeI" value="-inf" />
  <attribute name="DerivativeH" value="-inf" />
  <attribute name="Loop Time for DT" value="0.000000" />
  <attribute name="Output H" value="2092630016"/>
  <attribute name="Output I" value="200"/>
  <attribute name="Output T" value="4"/>
  <attribute name="Target GC Util Change" value ="20.000000" />
  <attribute name="Current GC Util Change" value="43.000000"/>
  <attribute name="GC Util currently" value="43" />
  <attribute name="CPU Util currently" value="6514683782237" />
<allocation-satisfied id="635" threadId="00000000013C3700" bytesRequested="90952" />
<af-end id="636" timestamp="2019-06-15T04:55:45.183" threadId="00000000013C4088" success="true" from="nursery"/>
<exclusive-end id="637" timestamp="2019-06-15T04:55:45.183" durationms="0.656" />

<exclusive-start id="638" timestamp="2019-06-15T04:55:45.183" intervalms="0.807">
  <response-info timems="0.016" idlems="0.016" threads="0" lastid="00000000013C3700" lastname="main" />
</exclusive-start>
<af-start id="639" threadId="00000000013C4088" totalBytesRequested="92112" timestamp="2019-06-15T04:55:45.183" intervalms="0.809" type="nursery" />
<cycle-start id="640" type="scavenge" contextid="0" timestamp="2019-06-15T04:55:45.183" intervalms="0.852" />
<gc-start id="641" type="scavenge" contextid="640" timestamp="2019-06-15T04:55:45.183">
  <mem-info id="642" free="4875192" total="8388608" percent="58">
    <mem type="nursery" free="85992" total="2097152" percent="4">
      <mem type="allocate" free="85992" total="1835008" percent="4" />
      <mem type="survivor" free="0" total="262144" percent="0" />
    </mem>
    <mem type="tenure" free="4789200" total="6291456" percent="76">
      <mem type="soa" free="4474832" total="5977088" percent="74" />
      <mem type="loa" free="314368" total="314368" percent="100" />
    </mem>
    <remembered-set count="56" />
  </mem-info>
</gc-start>
<allocation-stats totalBytes="1551256" >
  <allocated-bytes non-tlh="914800" tlh="636456" />
  <largest-consumer threadName="main" threadId="00000000013C3700" bytes="1551256" />
</allocation-stats>
<gc-op id="643" type="scavenge" timems="0.128" contextid="640" timestamp="2019-06-15T04:55:45.184">
  <scavenger-info tenureage="14" tenuremask="4000" tiltratio="87" />
  <memory-copied type="nursery" objects="2" bytes="46088" bytesdiscarded="39144" />
</gc-op>
<gc-end id="644" type="scavenge" contextid="640" durationms="0.268" usertimems="0.000" systemtimems="0.000" timestamp="2019-06-15T04:55:45.184" activeThreads="4">
  <mem-info id="645" free="6538976" total="8388608" percent="77">
    <mem type="nursery" free="1749776" total="2097152" percent="83">
      <mem type="allocate" free="1749776" total="1835008" percent="95" />
      <mem type="survivor" free="0" total="262144" percent="0" />
    </mem>
    <mem type="tenure" free="4789200" total="6291456" percent="76">
      <mem type="soa" free="4474832" total="5977088" percent="74" />
      <mem type="loa" free="314368" total="314368" percent="100" />
    </mem>
    <remembered-set count="56" />
  </mem-info>
</gc-end>
<cycle-end id="646" type="scavenge" contextid="640" timestamp="2019-06-15T04:55:45.184" />
  <attribute name="elasticGC enabled" value="1" />
  <attribute name= "numThreadsSpecified" value="4" />
  <attribute name="heapSize specified" value="0" />
  <attribute name="Current GC Util" value="37" />
  <attribute name= "Current Time Running" value="617" />
  <attribute name ="GC Interval" value="200" />
  <attribute name="ProportionalT" value="8.500000" />
  <attribute name="ProportionalI" value="8.500000" />
  <attribute name="ProportionalH" value="8.500000" />
  <attribute name="Current Error" value="17.000000" />
  <attribute name="IntegralT" value="17.000000" />
  <attribute name="IntegralI" value="17.000000" />
  <attribute name="IntegralH" value="17.000000" />
  <attribute name="DerivativeT" value="-9.000000" />
  <attribute name="DerivativeI" value="-9.000000" />
  <attribute name="DerivativeH" value="-9.000000" />
  <attribute name="Loop Time for DT" value="1.000000" />
  <attribute name="Output H" value="8388608"/>
  <attribute name="Output I" value="200"/>
  <attribute name="Output T" value="4"/>
  <attribute name="Target GC Util Change" value ="20.000000" />
  <attribute name="Current GC Util Change" value="37.000000"/>
  <attribute name="GC Util currently" value="37" />
  <attribute name="CPU Util currently" value="5293663376402" />
<allocation-satisfied id="647" threadId="00000000013C3700" bytesRequested="92112" />
<af-end id="648" timestamp="2019-06-15T04:55:45.184" threadId="00000000013C4088" success="true" from="nursery"/>
<exclusive-end id="649" timestamp="2019-06-15T04:55:45.184" durationms="0.636" />

<exclusive-start id="650" timestamp="2019-06-15T04:55:45.184" intervalms="0.797">
  <response-info timems="0.022" idlems="0.022" threads="0" lastid="00000000013C3700" lastname="main" />
</exclusive-start>
<af-start id="651" threadId="00000000013C4088" totalBytesRequested="46760" timestamp="2019-06-15T04:55:45.184" intervalms="0.798" type="nursery" />
<cycle-start id="652" type="scavenge" contextid="0" timestamp="2019-06-15T04:55:45.184" intervalms="0.756" />
<gc-start id="653" type="scavenge" contextid="652" timestamp="2019-06-15T04:55:45.184">
  <mem-info id="654" free="4789200" total="8388608" percent="57">
    <mem type="nursery" free="0" total="2097152" percent="0">
      <mem type="allocate" free="0" total="1835008" percent="0" />
      <mem type="survivor" free="0" total="262144" percent="0" />
    </mem>
    <mem type="tenure" free="4789200" total="6291456" percent="76">
      <mem type="soa" free="4474832" total="5977088" percent="74" />
      <mem type="loa" free="314368" total="314368" percent="100" />
    </mem>
    <remembered-set count="56" />
  </mem-info>
</gc-start>
<allocation-stats totalBytes="1577888" >
  <allocated-bytes non-tlh="1066240" tlh="511648" />
  <largest-consumer threadName="main" threadId="00000000013C3700" bytes="1577888" />
</allocation-stats>
<gc-op id="655" type="scavenge" timems="0.133" contextid="652" timestamp="2019-06-15T04:55:45.184">
  <scavenger-info tenureage="14" tenuremask="4000" tiltratio="87" />
  <memory-copied type="nursery" objects="2" bytes="93232" bytesdiscarded="39152" />
</gc-op>
<gc-end id="656" type="scavenge" contextid="652" durationms="0.262" usertimems="0.000" systemtimems="0.000" timestamp="2019-06-15T04:55:45.184" activeThreads="4">
  <mem-info id="657" free="6491824" total="8388608" percent="77">
    <mem type="nursery" free="1702624" total="2097152" percent="81">
      <mem type="allocate" free="1702624" total="1835008" percent="92" />
      <mem type="survivor" free="0" total="262144" percent="0" />
    </mem>
    <mem type="tenure" free="4789200" total="6291456" percent="76">
      <mem type="soa" free="4474832" total="5977088" percent="74" />
      <mem type="loa" free="314368" total="314368" percent="100" />
    </mem>
    <remembered-set count="56" />
  </mem-info>
</gc-end>
<cycle-end id="658" type="scavenge" contextid="652" timestamp="2019-06-15T04:55:45.184" />
  <attribute name="elasticGC enabled" value="1" />
  <attribute name= "numThreadsSpecified" value="4" />
  <attribute name="heapSize specified" value="0" />
  <attribute name="Current GC Util" value="45" />
  <attribute name= "Current Time Running" value="618" />
  <attribute name ="GC Interval" value="200" />
  <attribute name="ProportionalT" value="12.500000" />
  <attribute name="ProportionalI" value="12.500000" />
  <attribute name="ProportionalH" value="12.500000" />
  <attribute name="Current Error" value="25.000000" />
  <attribute name="IntegralT" value="25.000000" />
  <attribute name="IntegralI" value="25.000000" />
  <attribute name="IntegralH" value="25.000000" />
  <attribute name="DerivativeT" value="12.000000" />
  <attribute name="DerivativeI" value="12.000000" />
  <attribute name="DerivativeH" value="12.000000" />
  <attribute name="Loop Time for DT" value="1.000000" />
  <attribute name="Output H" value="8388608"/>
  <attribute name="Output I" value="200"/>
  <attribute name="Output T" value="4"/>
  <attribute name="Target GC Util Change" value ="20.000000" />
  <attribute name="Current GC Util Change" value="45.000000"/>
  <attribute name="GC Util currently" value="45" />
  <attribute name="CPU Util currently" value="6291814377850" />
<allocation-satisfied id="659" threadId="00000000013C3700" bytesRequested="46760" />
<af-end id="660" timestamp="2019-06-15T04:55:45.184" threadId="00000000013C4088" success="true" from="nursery"/>
<exclusive-end id="661" timestamp="2019-06-15T04:55:45.184" durationms="0.562" />

<exclusive-start id="662" timestamp="2019-06-15T04:55:45.185" intervalms="0.722">
  <response-info timems="0.024" idlems="0.024" threads="0" lastid="00000000013C3700" lastname="main" />
</exclusive-start>
<af-start id="663" threadId="00000000013C4088" totalBytesRequested="47320" timestamp="2019-06-15T04:55:45.185" intervalms="0.720" type="nursery" />
<cycle-start id="664" type="scavenge" contextid="0" timestamp="2019-06-15T04:55:45.185" intervalms="0.720" />
<gc-start id="665" type="scavenge" contextid="664" timestamp="2019-06-15T04:55:45.185">
  <mem-info id="666" free="4789200" total="8388608" percent="57">
    <mem type="nursery" free="0" total="2097152" percent="0">
      <mem type="allocate" free="0" total="1835008" percent="0" />
      <mem type="survivor" free="0" total="262144" percent="0" />
    </mem>
    <mem type="tenure" free="4789200" total="6291456" percent="76">
      <mem type="soa" free="4474832" total="5977088" percent="74" />
      <mem type="loa" free="314368" total="314368" percent="100" />
    </mem>
    <remembered-set count="56" />
  </mem-info>
</gc-start>
<allocation-stats totalBytes="1550920" >
  <allocated-bytes non-tlh="985480" tlh="565440" />
  <largest-consumer threadName="main" threadId="00000000013C3700" bytes="1550920" />
</allocation-stats>
<gc-op id="667" type="scavenge" timems="0.109" contextid="664" timestamp="2019-06-15T04:55:45.185">
  <scavenger-info tenureage="14" tenuremask="4000" tiltratio="87" />
  <memory-copied type="nursery" objects="4" bytes="47400" bytesdiscarded="39088" />
</gc-op>
<gc-end id="668" type="scavenge" contextid="664" durationms="0.240" usertimems="0.000" systemtimems="0.000" timestamp="2019-06-15T04:55:45.185" activeThreads="4">
  <mem-info id="669" free="6537720" total="8388608" percent="77">
    <mem type="nursery" free="1748520" total="2097152" percent="83">
      <mem type="allocate" free="1748520" total="1835008" percent="95" />
      <mem type="survivor" free="0" total="262144" percent="0" />
    </mem>
    <mem type="tenure" free="4789200" total="6291456" percent="76">
      <mem type="soa" free="4474832" total="5977088" percent="74" />
      <mem type="loa" free="314368" total="314368" percent="100" />
    </mem>
    <remembered-set count="56" />
  </mem-info>
</gc-end>
<cycle-end id="670" type="scavenge" contextid="664" timestamp="2019-06-15T04:55:45.185" />
  <attribute name="elasticGC enabled" value="1" />
  <attribute name= "numThreadsSpecified" value="4" />
  <attribute name="heapSize specified" value="0" />
  <attribute name="Current GC Util" value="44" />
  <attribute name= "Current Time Running" value="619" />
  <attribute name ="GC Interval" value="200" />
  <attribute name="ProportionalT" value="12.000000" />
  <attribute name="ProportionalI" value="12.000000" />
  <attribute name="ProportionalH" value="12.000000" />
  <attribute name="Current Error" value="24.000000" />
  <attribute name="IntegralT" value="24.000000" />
  <attribute name="IntegralI" value="24.000000" />
  <attribute name="IntegralH" value="24.000000" />
  <attribute name="DerivativeT" value="-1.500000" />
  <attribute name="DerivativeI" value="-1.500000" />
  <attribute name="DerivativeH" value="-1.500000" />
  <attribute name="Loop Time for DT" value="1.000000" />
  <attribute name="Output H" value="8388608"/>
  <attribute name="Output I" value="200"/>
  <attribute name="Output T" value="4"/>
  <attribute name="Target GC Util Change" value ="20.000000" />
  <attribute name="Current GC Util Change" value="44.000000"/>
  <attribute name="GC Util currently" value="44" />
  <attribute name="CPU Util currently" value="6381048734589" />
<allocation-satisfied id="671" threadId="00000000013C3700" bytesRequested="47320" />
<af-end id="672" timestamp="2019-06-15T04:55:45.185" threadId="00000000013C4088" success="true" from="nursery"/>
<exclusive-end id="673" timestamp="2019-06-15T04:55:45.185" durationms="0.537" />

<exclusive-start id="674" timestamp="2019-06-15T04:55:45.185" intervalms="0.700">
  <response-info timems="0.021" idlems="0.021" threads="0" lastid="00000000013C3700" lastname="main" />
</exclusive-start>
<af-start id="675" threadId="00000000013C4088" totalBytesRequested="95760" timestamp="2019-06-15T04:55:45.185" intervalms="0.700" type="nursery" />
<cycle-start id="676" type="scavenge" contextid="0" timestamp="2019-06-15T04:55:45.185" intervalms="0.699" />
<gc-start id="677" type="scavenge" contextid="676" timestamp="2019-06-15T04:55:45.185">
  <mem-info id="678" free="4821480" total="8388608" percent="57">
    <mem type="nursery" free="32280" total="2097152" percent="1">
      <mem type="allocate" free="32280" total="1835008" percent="1" />
      <mem type="survivor" free="0" total="262144" percent="0" />
    </mem>
    <mem type="tenure" free="4789200" total="6291456" percent="76">
      <mem type="soa" free="4474832" total="5977088" percent="74" />
      <mem type="loa" free="314368" total="314368" percent="100" />
    </mem>
    <remembered-set count="56" />
  </mem-info>
</gc-start>
<allocation-stats totalBytes="1597912" >
  <allocated-bytes non-tlh="1045400" tlh="552512" />
  <largest-consumer threadName="main" threadId="00000000013C3700" bytes="1597912" />
</allocation-stats>
<gc-op id="679" type="scavenge" timems="0.128" contextid="676" timestamp="2019-06-15T04:55:45.186">
  <scavenger-info tenureage="14" tenuremask="4000" tiltratio="87" />
  <memory-copied type="nursery" objects="2" bytes="47904" bytesdiscarded="39144" />
</gc-op>
<gc-end id="680" type="scavenge" contextid="676" durationms="0.257" usertimems="0.000" systemtimems="0.000" timestamp="2019-06-15T04:55:45.186" activeThreads="4">
  <mem-info id="681" free="6537160" total="8388608" percent="77">
    <mem type="nursery" free="1747960" total="2097152" percent="83">
      <mem type="allocate" free="1747960" total="1835008" percent="95" />
      <mem type="survivor" free="0" total="262144" percent="0" />
    </mem>
    <mem type="tenure" free="4789200" total="6291456" percent="76">
      <mem type="soa" free="4474832" total="5977088" percent="74" />
      <mem type="loa" free="314368" total="314368" percent="100" />
    </mem>
    <remembered-set count="56" />
  </mem-info>
</gc-end>
<cycle-end id="682" type="scavenge" contextid="676" timestamp="2019-06-15T04:55:45.186" />
  <attribute name="elasticGC enabled" value="1" />
  <attribute name= "numThreadsSpecified" value="4" />
  <attribute name="heapSize specified" value="0" />
  <attribute name="Current GC Util" value="44" />
  <attribute name= "Current Time Running" value="619" />
  <attribute name ="GC Interval" value="200" />
  <attribute name="ProportionalT" value="12.000000" />
  <attribute name="ProportionalI" value="12.000000" />
  <attribute name="ProportionalH" value="12.000000" />
  <attribute name="Current Error" value="24.000000" />
  <attribute name="IntegralT" value="0.000000" />
  <attribute name="IntegralI" value="0.000000" />
  <attribute name="IntegralH" value="0.000000" />
  <attribute name="DerivativeT" value="-nan" />
  <attribute name="DerivativeI" value="-nan" />
  <attribute name="DerivativeH" value="-nan" />
  <attribute name="Loop Time for DT" value="0.000000" />
  <attribute name="Output H" value="2092630016"/>
  <attribute name="Output I" value="200"/>
  <attribute name="Output T" value="4"/>
  <attribute name="Target GC Util Change" value ="20.000000" />
  <attribute name="Current GC Util Change" value="44.000000"/>
  <attribute name="GC Util currently" value="44" />
  <attribute name="CPU Util currently" value="6618235854939" />
<allocation-satisfied id="683" threadId="00000000013C3700" bytesRequested="95760" />
<af-end id="684" timestamp="2019-06-15T04:55:45.186" threadId="00000000013C4088" success="true" from="nursery"/>
<exclusive-end id="685" timestamp="2019-06-15T04:55:45.186" durationms="0.555" />

<exclusive-start id="686" timestamp="2019-06-15T04:55:45.186" intervalms="0.705">
  <response-info timems="0.018" idlems="0.018" threads="0" lastid="00000000013C3700" lastname="main" />
</exclusive-start>
<af-start id="687" threadId="00000000013C4088" totalBytesRequested="96968" timestamp="2019-06-15T04:55:45.186" intervalms="0.704" type="nursery" />
<cycle-start id="688" type="scavenge" contextid="0" timestamp="2019-06-15T04:55:45.186" intervalms="0.704" />
<gc-start id="689" type="scavenge" contextid="688" timestamp="2019-06-15T04:55:45.186">
  <mem-info id="690" free="4872352" total="8388608" percent="58">
    <mem type="nursery" free="83152" total="2097152" percent="3">
      <mem type="allocate" free="83152" total="1835008" percent="4" />
      <mem type="survivor" free="0" total="262144" percent="0" />
    </mem>
    <mem type="tenure" free="4789200" total="6291456" percent="76">
      <mem type="soa" free="4474832" total="5977088" percent="74" />
      <mem type="loa" free="314368" total="314368" percent="100" />
    </mem>
    <remembered-set count="56" />
  </mem-info>
</gc-start>
<allocation-stats totalBytes="1574888" >
  <allocated-bytes non-tlh="1009448" tlh="565440" />
  <largest-consumer threadName="main" threadId="00000000013C3700" bytes="1574888" />
</allocation-stats>
<gc-op id="691" type="scavenge" timems="0.128" contextid="688" timestamp="2019-06-15T04:55:45.186">
  <scavenger-info tenureage="14" tenuremask="4000" tiltratio="87" />
  <memory-copied type="nursery" objects="2" bytes="48512" bytesdiscarded="39144" />
</gc-op>
<gc-end id="692" type="scavenge" contextid="688" durationms="0.256" usertimems="0.000" systemtimems="0.000" timestamp="2019-06-15T04:55:45.186" activeThreads="4">
  <mem-info id="693" free="6536552" total="8388608" percent="77">
    <mem type="nursery" free="1747352" total="2097152" percent="83">
      <mem type="allocate" free="1747352" total="1835008" percent="95" />
      <mem type="survivor" free="0" total="262144" percent="0" />
    </mem>
    <mem type="tenure" free="4789200" total="6291456" percent="76">
      <mem type="soa" free="4474832" total="5977088" percent="74" />
      <mem type="loa" free="314368" total="314368" percent="100" />
    </mem>
    <remembered-set count="56" />
  </mem-info>
</gc-end>
<cycle-end id="694" type="scavenge" contextid="688" timestamp="2019-06-15T04:55:45.186" />
  <attribute name="elasticGC enabled" value="1" />
  <attribute name= "numThreadsSpecified" value="4" />
  <attribute name="heapSize specified" value="0" />
  <attribute name="Current GC Util" value="44" />
  <attribute name= "Current Time Running" value="620" />
  <attribute name ="GC Interval" value="200" />
  <attribute name="ProportionalT" value="12.000000" />
  <attribute name="ProportionalI" value="12.000000" />
  <attribute name="ProportionalH" value="12.000000" />
  <attribute name="Current Error" value="24.000000" />
  <attribute name="IntegralT" value="24.000000" />
  <attribute name="IntegralI" value="24.000000" />
  <attribute name="IntegralH" value="24.000000" />
  <attribute name="DerivativeT" value="0.000000" />
  <attribute name="DerivativeI" value="0.000000" />
  <attribute name="DerivativeH" value="0.000000" />
  <attribute name="Loop Time for DT" value="1.000000" />
  <attribute name="Output H" value="8388608"/>
  <attribute name="Output I" value="200"/>
  <attribute name="Output T" value="4"/>
  <attribute name="Target GC Util Change" value ="20.000000" />
  <attribute name="Current GC Util Change" value="44.000000"/>
  <attribute name="GC Util currently" value="44" />
  <attribute name="CPU Util currently" value="6555830732693" />
<allocation-satisfied id="695" threadId="00000000013C3700" bytesRequested="96968" />
<af-end id="696" timestamp="2019-06-15T04:55:45.187" threadId="00000000013C4088" success="true" from="nursery"/>
<exclusive-end id="697" timestamp="2019-06-15T04:55:45.187" durationms="0.558" />

<exclusive-start id="698" timestamp="2019-06-15T04:55:45.187" intervalms="0.718">
  <response-info timems="0.018" idlems="0.018" threads="0" lastid="00000000013C3700" lastname="main" />
</exclusive-start>
<af-start id="699" threadId="00000000013C4088" totalBytesRequested="98032" timestamp="2019-06-15T04:55:45.187" intervalms="0.718" type="nursery" />
<cycle-start id="700" type="scavenge" contextid="0" timestamp="2019-06-15T04:55:45.187" intervalms="0.760" />
<gc-start id="701" type="scavenge" contextid="700" timestamp="2019-06-15T04:55:45.187">
  <mem-info id="702" free="4789200" total="8388608" percent="57">
    <mem type="nursery" free="0" total="2097152" percent="0">
      <mem type="allocate" free="0" total="1835008" percent="0" />
      <mem type="survivor" free="0" total="262144" percent="0" />
    </mem>
    <mem type="tenure" free="4789200" total="6291456" percent="76">
      <mem type="soa" free="4474832" total="5977088" percent="74" />
      <mem type="loa" free="314368" total="314368" percent="100" />
    </mem>
    <remembered-set count="56" />
  </mem-info>
</gc-start>
<allocation-stats totalBytes="1636400" >
  <allocated-bytes non-tlh="1071152" tlh="565248" />
  <largest-consumer threadName="main" threadId="00000000013C3700" bytes="1636400" />
</allocation-stats>
<gc-op id="703" type="scavenge" timems="0.128" contextid="700" timestamp="2019-06-15T04:55:45.187">
  <scavenger-info tenureage="14" tenuremask="4000" tiltratio="87" />
  <memory-copied type="nursery" objects="2" bytes="49048" bytesdiscarded="39144" />
</gc-op>
<gc-end id="704" type="scavenge" contextid="700" durationms="0.255" usertimems="0.000" systemtimems="0.000" timestamp="2019-06-15T04:55:45.187" activeThreads="4">
  <mem-info id="705" free="6536016" total="8388608" percent="77">
    <mem type="nursery" free="1746816" total="2097152" percent="83">
      <mem type="allocate" free="1746816" total="1835008" percent="95" />
      <mem type="survivor" free="0" total="262144" percent="0" />
    </mem>
    <mem type="tenure" free="4789200" total="6291456" percent="76">
      <mem type="soa" free="4474832" total="5977088" percent="74" />
      <mem type="loa" free="314368" total="314368" percent="100" />
    </mem>
    <remembered-set count="56" />
  </mem-info>
</gc-end>
<cycle-end id="706" type="scavenge" contextid="700" timestamp="2019-06-15T04:55:45.187" />
  <attribute name="elasticGC enabled" value="1" />
  <attribute name= "numThreadsSpecified" value="4" />
  <attribute name="heapSize specified" value="0" />
  <attribute name="Current GC Util" value="40" />
  <attribute name= "Current Time Running" value="621" />
  <attribute name ="GC Interval" value="200" />
  <attribute name="ProportionalT" value="10.000000" />
  <attribute name="ProportionalI" value="10.000000" />
  <attribute name="ProportionalH" value="10.000000" />
  <attribute name="Current Error" value="20.000000" />
  <attribute name="IntegralT" value="20.000000" />
  <attribute name="IntegralI" value="20.000000" />
  <attribute name="IntegralH" value="20.000000" />
  <attribute name="DerivativeT" value="-6.000000" />
  <attribute name="DerivativeI" value="-6.000000" />
  <attribute name="DerivativeH" value="-6.000000" />
  <attribute name="Loop Time for DT" value="1.000000" />
  <attribute name="Output H" value="8388608"/>
  <attribute name="Output I" value="200"/>
  <attribute name="Output T" value="4"/>
  <attribute name="Target GC Util Change" value ="20.000000" />
  <attribute name="Current GC Util Change" value="40.000000"/>
  <attribute name="GC Util currently" value="40" />
  <attribute name="CPU Util currently" value="6050263132528" />
<allocation-satisfied id="707" threadId="00000000013C3700" bytesRequested="98032" />
<af-end id="708" timestamp="2019-06-15T04:55:45.187" threadId="00000000013C4088" success="true" from="nursery"/>
<exclusive-end id="709" timestamp="2019-06-15T04:55:45.187" durationms="0.599" />

<exclusive-start id="710" timestamp="2019-06-15T04:55:45.188" intervalms="0.755">
  <response-info timems="0.018" idlems="0.018" threads="0" lastid="00000000013C3700" lastname="main" />
</exclusive-start>
<af-start id="711" threadId="00000000013C4088" totalBytesRequested="99136" timestamp="2019-06-15T04:55:45.188" intervalms="0.766" type="nursery" />
<cycle-start id="712" type="scavenge" contextid="0" timestamp="2019-06-15T04:55:45.188" intervalms="0.735" />
<gc-start id="713" type="scavenge" contextid="712" timestamp="2019-06-15T04:55:45.188">
  <mem-info id="714" free="4847488" total="8388608" percent="57">
    <mem type="nursery" free="58288" total="2097152" percent="2">
      <mem type="allocate" free="58288" total="1835008" percent="3" />
      <mem type="survivor" free="0" total="262144" percent="0" />
    </mem>
    <mem type="tenure" free="4789200" total="6291456" percent="76">
      <mem type="soa" free="4474832" total="5977088" percent="74" />
      <mem type="loa" free="314368" total="314368" percent="100" />
    </mem>
    <remembered-set count="56" />
  </mem-info>
</gc-start>
<allocation-stats totalBytes="1608736" >
  <allocated-bytes non-tlh="1033168" tlh="575568" />
  <largest-consumer threadName="main" threadId="00000000013C3700" bytes="1608736" />
</allocation-stats>
<gc-op id="715" type="scavenge" timems="0.130" contextid="712" timestamp="2019-06-15T04:55:45.188">
  <scavenger-info tenureage="14" tenuremask="4000" tiltratio="87" />
  <memory-copied type="nursery" objects="2" bytes="49592" bytesdiscarded="39144" />
</gc-op>
<gc-end id="716" type="scavenge" contextid="712" durationms="0.258" usertimems="0.000" systemtimems="0.000" timestamp="2019-06-15T04:55:45.188" activeThreads="4">
  <mem-info id="717" free="6535472" total="8388608" percent="77">
    <mem type="nursery" free="1746272" total="2097152" percent="83">
      <mem type="allocate" free="1746272" total="1835008" percent="95" />
      <mem type="survivor" free="0" total="262144" percent="0" />
    </mem>
    <mem type="tenure" free="4789200" total="6291456" percent="76">
      <mem type="soa" free="4474832" total="5977088" percent="74" />
      <mem type="loa" free="314368" total="314368" percent="100" />
    </mem>
    <remembered-set count="56" />
  </mem-info>
</gc-end>
<cycle-end id="718" type="scavenge" contextid="712" timestamp="2019-06-15T04:55:45.188" />
  <attribute name="elasticGC enabled" value="1" />
  <attribute name= "numThreadsSpecified" value="4" />
  <attribute name="heapSize specified" value="0" />
  <attribute name="Current GC Util" value="42" />
  <attribute name= "Current Time Running" value="622" />
  <attribute name ="GC Interval" value="200" />
  <attribute name="ProportionalT" value="11.000000" />
  <attribute name="ProportionalI" value="11.000000" />
  <attribute name="ProportionalH" value="11.000000" />
  <attribute name="Current Error" value="22.000000" />
  <attribute name="IntegralT" value="22.000000" />
  <attribute name="IntegralI" value="22.000000" />
  <attribute name="IntegralH" value="22.000000" />
  <attribute name="DerivativeT" value="3.000000" />
  <attribute name="DerivativeI" value="3.000000" />
  <attribute name="DerivativeH" value="3.000000" />
  <attribute name="Loop Time for DT" value="1.000000" />
  <attribute name="Output H" value="8388608"/>
  <attribute name="Output I" value="200"/>
  <attribute name="Output T" value="4"/>
  <attribute name="Target GC Util Change" value ="20.000000" />
  <attribute name="Current GC Util Change" value="42.000000"/>
  <attribute name="GC Util currently" value="42" />
  <attribute name="CPU Util currently" value="6271203151434" />
<allocation-satisfied id="719" threadId="00000000013C3700" bytesRequested="99136" />
<af-end id="720" timestamp="2019-06-15T04:55:45.188" threadId="00000000013C4088" success="true" from="nursery"/>
<exclusive-end id="721" timestamp="2019-06-15T04:55:45.188" durationms="0.579" />

<exclusive-start id="722" timestamp="2019-06-15T04:55:45.188" intervalms="0.739">
  <response-info timems="0.022" idlems="0.022" threads="0" lastid="00000000013C3700" lastname="main" />
</exclusive-start>
<af-start id="723" threadId="00000000013C4088" totalBytesRequested="100296" timestamp="2019-06-15T04:55:45.188" intervalms="0.729" type="nursery" />
<cycle-start id="724" type="scavenge" contextid="0" timestamp="2019-06-15T04:55:45.188" intervalms="0.719" />
<gc-start id="725" type="scavenge" contextid="724" timestamp="2019-06-15T04:55:45.188">
  <mem-info id="726" free="4789200" total="8388608" percent="57">
    <mem type="nursery" free="0" total="2097152" percent="0">
      <mem type="allocate" free="0" total="1835008" percent="0" />
      <mem type="survivor" free="0" total="262144" percent="0" />
    </mem>
    <mem type="tenure" free="4789200" total="6291456" percent="76">
      <mem type="soa" free="4474832" total="5977088" percent="74" />
      <mem type="loa" free="314368" total="314368" percent="100" />
    </mem>
    <remembered-set count="56" />
  </mem-info>
</gc-start>
<allocation-stats totalBytes="1668000" >
  <allocated-bytes non-tlh="1095056" tlh="572944" />
  <largest-consumer threadName="main" threadId="00000000013C3700" bytes="1668000" />
</allocation-stats>
<gc-op id="727" type="scavenge" timems="0.087" contextid="724" timestamp="2019-06-15T04:55:45.189">
  <scavenger-info tenureage="14" tenuremask="4000" tiltratio="87" />
  <memory-copied type="nursery" objects="2" bytes="50176" bytesdiscarded="39144" />
</gc-op>
<gc-end id="728" type="scavenge" contextid="724" durationms="0.214" usertimems="0.000" systemtimems="0.000" timestamp="2019-06-15T04:55:45.189" activeThreads="1">
  <mem-info id="729" free="6534888" total="8388608" percent="77">
    <mem type="nursery" free="1745688" total="2097152" percent="83">
      <mem type="allocate" free="1745688" total="1835008" percent="95" />
      <mem type="survivor" free="0" total="262144" percent="0" />
    </mem>
    <mem type="tenure" free="4789200" total="6291456" percent="76">
      <mem type="soa" free="4474832" total="5977088" percent="74" />
      <mem type="loa" free="314368" total="314368" percent="100" />
    </mem>
    <remembered-set count="56" />
  </mem-info>
</gc-end>
<cycle-end id="730" type="scavenge" contextid="724" timestamp="2019-06-15T04:55:45.189" />
  <attribute name="elasticGC enabled" value="1" />
  <attribute name= "numThreadsSpecified" value="1" />
  <attribute name="heapSize specified" value="0" />
  <attribute name="Current GC Util" value="44" />
  <attribute name= "Current Time Running" value="622" />
  <attribute name ="GC Interval" value="200" />
  <attribute name="ProportionalT" value="12.000000" />
  <attribute name="ProportionalI" value="12.000000" />
  <attribute name="ProportionalH" value="12.000000" />
  <attribute name="Current Error" value="24.000000" />
  <attribute name="IntegralT" value="0.000000" />
  <attribute name="IntegralI" value="0.000000" />
  <attribute name="IntegralH" value="0.000000" />
  <attribute name="DerivativeT" value="inf" />
  <attribute name="DerivativeI" value="inf" />
  <attribute name="DerivativeH" value="inf" />
  <attribute name="Loop Time for DT" value="0.000000" />
  <attribute name="Output H" value="8388608"/>
  <attribute name="Output I" value="200"/>
  <attribute name="Output T" value="1"/>
  <attribute name="Target GC Util Change" value ="20.000000" />
  <attribute name="Current GC Util Change" value="44.000000"/>
  <attribute name="GC Util currently" value="44" />
  <attribute name="CPU Util currently" value="6420895251288" />
<allocation-satisfied id="731" threadId="00000000013C3700" bytesRequested="100296" />
<af-end id="732" timestamp="2019-06-15T04:55:45.189" threadId="00000000013C4088" success="true" from="nursery"/>
<exclusive-end id="733" timestamp="2019-06-15T04:55:45.189" durationms="0.514" />

<exclusive-start id="734" timestamp="2019-06-15T04:55:45.189" intervalms="0.673">
  <response-info timems="0.019" idlems="0.019" threads="0" lastid="00000000013C3700" lastname="main" />
</exclusive-start>
<af-start id="735" threadId="00000000013C4088" totalBytesRequested="101488" timestamp="2019-06-15T04:55:45.189" intervalms="0.672" type="nursery" />
<cycle-start id="736" type="scavenge" contextid="0" timestamp="2019-06-15T04:55:45.189" intervalms="0.671" />
<gc-start id="737" type="scavenge" contextid="736" timestamp="2019-06-15T04:55:45.189">
  <mem-info id="738" free="4822672" total="8388608" percent="57">
    <mem type="nursery" free="33472" total="2097152" percent="1">
      <mem type="allocate" free="33472" total="1835008" percent="1" />
      <mem type="survivor" free="0" total="262144" percent="0" />
    </mem>
    <mem type="tenure" free="4789200" total="6291456" percent="76">
      <mem type="soa" free="4474832" total="5977088" percent="74" />
      <mem type="loa" free="314368" total="314368" percent="100" />
    </mem>
    <remembered-set count="56" />
  </mem-info>
</gc-start>
<allocation-stats totalBytes="1642624" >
  <allocated-bytes non-tlh="1056856" tlh="585768" />
  <largest-consumer threadName="main" threadId="00000000013C3700" bytes="1642624" />
</allocation-stats>
<gc-op id="739" type="scavenge" timems="0.128" contextid="736" timestamp="2019-06-15T04:55:45.189">
  <scavenger-info tenureage="14" tenuremask="4000" tiltratio="87" />
  <memory-copied type="nursery" objects="2" bytes="50768" bytesdiscarded="39144" />
</gc-op>
<gc-end id="740" type="scavenge" contextid="736" durationms="0.256" usertimems="0.000" systemtimems="0.000" timestamp="2019-06-15T04:55:45.189" activeThreads="4">
  <mem-info id="741" free="6534296" total="8388608" percent="77">
    <mem type="nursery" free="1745096" total="2097152" percent="83">
      <mem type="allocate" free="1745096" total="1835008" percent="95" />
      <mem type="survivor" free="0" total="262144" percent="0" />
    </mem>
    <mem type="tenure" free="4789200" total="6291456" percent="76">
      <mem type="soa" free="4474832" total="5977088" percent="74" />
      <mem type="loa" free="314368" total="314368" percent="100" />
    </mem>
    <remembered-set count="56" />
  </mem-info>
</gc-end>
<cycle-end id="742" type="scavenge" contextid="736" timestamp="2019-06-15T04:55:45.189" />
  <attribute name="elasticGC enabled" value="1" />
  <attribute name= "numThreadsSpecified" value="4" />
  <attribute name="heapSize specified" value="0" />
  <attribute name="Current GC Util" value="39" />
  <attribute name= "Current Time Running" value="623" />
  <attribute name ="GC Interval" value="200" />
  <attribute name="ProportionalT" value="9.500000" />
  <attribute name="ProportionalI" value="9.500000" />
  <attribute name="ProportionalH" value="9.500000" />
  <attribute name="Current Error" value="19.000000" />
  <attribute name="IntegralT" value="19.000000" />
  <attribute name="IntegralI" value="19.000000" />
  <attribute name="IntegralH" value="19.000000" />
  <attribute name="DerivativeT" value="-7.500000" />
  <attribute name="DerivativeI" value="-7.500000" />
  <attribute name="DerivativeH" value="-7.500000" />
  <attribute name="Loop Time for DT" value="1.000000" />
  <attribute name="Output H" value="8388608"/>
  <attribute name="Output I" value="200"/>
  <attribute name="Output T" value="4"/>
  <attribute name="Target GC Util Change" value ="20.000000" />
  <attribute name="Current GC Util Change" value="39.000000"/>
  <attribute name="GC Util currently" value="39" />
  <attribute name="CPU Util currently" value="6882959362434" />
<allocation-satisfied id="743" threadId="00000000013C3700" bytesRequested="101488" />
<af-end id="744" timestamp="2019-06-15T04:55:45.189" threadId="00000000013C4088" success="true" from="nursery"/>
<exclusive-end id="745" timestamp="2019-06-15T04:55:45.189" durationms="0.553" />

<exclusive-start id="746" timestamp="2019-06-15T04:55:45.190" intervalms="0.710">
  <response-info timems="0.017" idlems="0.017" threads="0" lastid="00000000013C3700" lastname="main" />
</exclusive-start>
<af-start id="747" threadId="00000000013C4088" totalBytesRequested="102680" timestamp="2019-06-15T04:55:45.190" intervalms="0.709" type="nursery" />
<cycle-start id="748" type="scavenge" contextid="0" timestamp="2019-06-15T04:55:45.190" intervalms="0.710" />
<gc-start id="749" type="scavenge" contextid="748" timestamp="2019-06-15T04:55:45.190">
  <mem-info id="750" free="4789200" total="8388608" percent="57">
    <mem type="nursery" free="0" total="2097152" percent="0">
      <mem type="allocate" free="0" total="1835008" percent="0" />
      <mem type="survivor" free="0" total="262144" percent="0" />
    </mem>
    <mem type="tenure" free="4789200" total="6291456" percent="76">
      <mem type="soa" free="4474832" total="5977088" percent="74" />
      <mem type="loa" free="314368" total="314368" percent="100" />
    </mem>
    <remembered-set count="56" />
  </mem-info>
</gc-start>
<allocation-stats totalBytes="1651400" >
  <allocated-bytes non-tlh="1069864" tlh="581536" />
  <largest-consumer threadName="main" threadId="00000000013C3700" bytes="1651400" />
</allocation-stats>
<gc-op id="751" type="scavenge" timems="0.128" contextid="748" timestamp="2019-06-15T04:55:45.190">
  <scavenger-info tenureage="14" tenuremask="4000" tiltratio="87" />
  <memory-copied type="nursery" objects="2" bytes="51368" bytesdiscarded="39144" />
</gc-op>
<gc-end id="752" type="scavenge" contextid="748" durationms="0.255" usertimems="0.000" systemtimems="0.000" timestamp="2019-06-15T04:55:45.190" activeThreads="4">
  <mem-info id="753" free="6533696" total="8388608" percent="77">
    <mem type="nursery" free="1744496" total="2097152" percent="83">
      <mem type="allocate" free="1744496" total="1835008" percent="95" />
      <mem type="survivor" free="0" total="262144" percent="0" />
    </mem>
    <mem type="tenure" free="4789200" total="6291456" percent="76">
      <mem type="soa" free="4474832" total="5977088" percent="74" />
      <mem type="loa" free="314368" total="314368" percent="100" />
    </mem>
    <remembered-set count="56" />
  </mem-info>
</gc-end>
<cycle-end id="754" type="scavenge" contextid="748" timestamp="2019-06-15T04:55:45.190" />
  <attribute name="elasticGC enabled" value="1" />
  <attribute name= "numThreadsSpecified" value="4" />
  <attribute name="heapSize specified" value="0" />
  <attribute name="Current GC Util" value="44" />
  <attribute name= "Current Time Running" value="624" />
  <attribute name ="GC Interval" value="200" />
  <attribute name="ProportionalT" value="12.000000" />
  <attribute name="ProportionalI" value="12.000000" />
  <attribute name="ProportionalH" value="12.000000" />
  <attribute name="Current Error" value="24.000000" />
  <attribute name="IntegralT" value="24.000000" />
  <attribute name="IntegralI" value="24.000000" />
  <attribute name="IntegralH" value="24.000000" />
  <attribute name="DerivativeT" value="7.500000" />
  <attribute name="DerivativeI" value="7.500000" />
  <attribute name="DerivativeH" value="7.500000" />
  <attribute name="Loop Time for DT" value="1.000000" />
  <attribute name="Output H" value="8388608"/>
  <attribute name="Output I" value="200"/>
  <attribute name="Output T" value="4"/>
  <attribute name="Target GC Util Change" value ="20.000000" />
  <attribute name="Current GC Util Change" value="44.000000"/>
  <attribute name="GC Util currently" value="44" />
  <attribute name="CPU Util currently" value="6497602003536" />
<allocation-satisfied id="755" threadId="00000000013C3700" bytesRequested="102680" />
<af-end id="756" timestamp="2019-06-15T04:55:45.190" threadId="00000000013C4088" success="true" from="nursery"/>
<exclusive-end id="757" timestamp="2019-06-15T04:55:45.190" durationms="0.553" />

<exclusive-start id="758" timestamp="2019-06-15T04:55:45.190" intervalms="0.708">
  <response-info timems="0.017" idlems="0.017" threads="0" lastid="00000000013C3700" lastname="main" />
</exclusive-start>
<af-start id="759" threadId="00000000013C4088" totalBytesRequested="103816" timestamp="2019-06-15T04:55:45.190" intervalms="0.709" type="nursery" />
<cycle-start id="760" type="scavenge" contextid="0" timestamp="2019-06-15T04:55:45.190" intervalms="0.709" />
<gc-start id="761" type="scavenge" contextid="760" timestamp="2019-06-15T04:55:45.190">
  <mem-info id="762" free="4789200" total="8388608" percent="57">
    <mem type="nursery" free="0" total="2097152" percent="0">
      <mem type="allocate" free="0" total="1835008" percent="0" />
      <mem type="survivor" free="0" total="262144" percent="0" />
    </mem>
    <mem type="tenure" free="4789200" total="6291456" percent="76">
      <mem type="soa" free="4474832" total="5977088" percent="74" />
      <mem type="loa" free="314368" total="314368" percent="100" />
    </mem>
    <remembered-set count="56" />
  </mem-info>
</gc-start>
<allocation-stats totalBytes="1669568" >
  <allocated-bytes non-tlh="1133608" tlh="535960" />
  <largest-consumer threadName="main" threadId="00000000013C3700" bytes="1669568" />
</allocation-stats>
<gc-op id="763" type="scavenge" timems="0.129" contextid="760" timestamp="2019-06-15T04:55:45.191">
  <scavenger-info tenureage="14" tenuremask="4000" tiltratio="87" />
  <memory-copied type="nursery" objects="2" bytes="51936" bytesdiscarded="39144" />
</gc-op>
<gc-end id="764" type="scavenge" contextid="760" durationms="0.262" usertimems="0.000" systemtimems="0.000" timestamp="2019-06-15T04:55:45.191" activeThreads="4">
  <mem-info id="765" free="6533128" total="8388608" percent="77">
    <mem type="nursery" free="1743928" total="2097152" percent="83">
      <mem type="allocate" free="1743928" total="1835008" percent="95" />
      <mem type="survivor" free="0" total="262144" percent="0" />
    </mem>
    <mem type="tenure" free="4789200" total="6291456" percent="76">
      <mem type="soa" free="4474832" total="5977088" percent="74" />
      <mem type="loa" free="314368" total="314368" percent="100" />
    </mem>
    <remembered-set count="56" />
  </mem-info>
</gc-end>
<cycle-end id="766" type="scavenge" contextid="760" timestamp="2019-06-15T04:55:45.191" />
  <attribute name="elasticGC enabled" value="1" />
  <attribute name= "numThreadsSpecified" value="4" />
  <attribute name="heapSize specified" value="0" />
  <attribute name="Current GC Util" value="43" />
  <attribute name= "Current Time Running" value="624" />
  <attribute name ="GC Interval" value="200" />
  <attribute name="ProportionalT" value="11.500000" />
  <attribute name="ProportionalI" value="11.500000" />
  <attribute name="ProportionalH" value="11.500000" />
  <attribute name="Current Error" value="23.000000" />
  <attribute name="IntegralT" value="0.000000" />
  <attribute name="IntegralI" value="0.000000" />
  <attribute name="IntegralH" value="0.000000" />
  <attribute name="DerivativeT" value="-inf" />
  <attribute name="DerivativeI" value="-inf" />
  <attribute name="DerivativeH" value="-inf" />
  <attribute name="Loop Time for DT" value="0.000000" />
  <attribute name="Output H" value="2092630016"/>
  <attribute name="Output I" value="200"/>
  <attribute name="Output T" value="4"/>
  <attribute name="Target GC Util Change" value ="20.000000" />
  <attribute name="Current GC Util Change" value="43.000000"/>
  <attribute name="GC Util currently" value="43" />
  <attribute name="CPU Util currently" value="6454378929756" />
<allocation-satisfied id="767" threadId="00000000013C3700" bytesRequested="103816" />
<af-end id="768" timestamp="2019-06-15T04:55:45.191" threadId="00000000013C4088" success="true" from="nursery"/>
<exclusive-end id="769" timestamp="2019-06-15T04:55:45.191" durationms="0.561" />

<exclusive-start id="770" timestamp="2019-06-15T04:55:45.191" intervalms="0.731">
  <response-info timems="0.026" idlems="0.026" threads="0" lastid="00000000013C3700" lastname="main" />
</exclusive-start>
<af-start id="771" threadId="00000000013C4088" totalBytesRequested="105184" timestamp="2019-06-15T04:55:45.191" intervalms="0.742" type="nursery" />
<cycle-start id="772" type="scavenge" contextid="0" timestamp="2019-06-15T04:55:45.191" intervalms="0.742" />
<gc-start id="773" type="scavenge" contextid="772" timestamp="2019-06-15T04:55:45.191">
  <mem-info id="774" free="4789200" total="8388608" percent="57">
    <mem type="nursery" free="0" total="2097152" percent="0">
      <mem type="allocate" free="0" total="1835008" percent="0" />
      <mem type="survivor" free="0" total="262144" percent="0" />
    </mem>
    <mem type="tenure" free="4789200" total="6291456" percent="76">
      <mem type="soa" free="4474832" total="5977088" percent="74" />
      <mem type="loa" free="314368" total="314368" percent="100" />
    </mem>
    <remembered-set count="56" />
  </mem-info>
</gc-start>
<allocation-stats totalBytes="1685000" >
  <allocated-bytes non-tlh="1147136" tlh="537864" />
  <largest-consumer threadName="main" threadId="00000000013C3700" bytes="1685000" />
</allocation-stats>
<gc-op id="775" type="scavenge" timems="0.128" contextid="772" timestamp="2019-06-15T04:55:45.191">
  <scavenger-info tenureage="14" tenuremask="4000" tiltratio="87" />
  <memory-copied type="nursery" objects="2" bytes="52624" bytesdiscarded="39144" />
</gc-op>
<gc-end id="776" type="scavenge" contextid="772" durationms="0.255" usertimems="0.000" systemtimems="4.000" timestamp="2019-06-15T04:55:45.191" activeThreads="4">
  <mem-info id="777" free="6532440" total="8388608" percent="77">
    <mem type="nursery" free="1743240" total="2097152" percent="83">
      <mem type="allocate" free="1743240" total="1835008" percent="94" />
      <mem type="survivor" free="0" total="262144" percent="0" />
    </mem>
    <mem type="tenure" free="4789200" total="6291456" percent="76">
      <mem type="soa" free="4474832" total="5977088" percent="74" />
      <mem type="loa" free="314368" total="314368" percent="100" />
    </mem>
    <remembered-set count="56" />
  </mem-info>
</gc-end>
<cycle-end id="778" type="scavenge" contextid="772" timestamp="2019-06-15T04:55:45.192" />
  <attribute name="elasticGC enabled" value="1" />
  <attribute name= "numThreadsSpecified" value="4" />
  <attribute name="heapSize specified" value="0" />
  <attribute name="Current GC Util" value="42" />
  <attribute name= "Current Time Running" value="625" />
  <attribute name ="GC Interval" value="200" />
  <attribute name="ProportionalT" value="11.000000" />
  <attribute name="ProportionalI" value="11.000000" />
  <attribute name="ProportionalH" value="11.000000" />
  <attribute name="Current Error" value="22.000000" />
  <attribute name="IntegralT" value="22.000000" />
  <attribute name="IntegralI" value="22.000000" />
  <attribute name="IntegralH" value="22.000000" />
  <attribute name="DerivativeT" value="-1.500000" />
  <attribute name="DerivativeI" value="-1.500000" />
  <attribute name="DerivativeH" value="-1.500000" />
  <attribute name="Loop Time for DT" value="1.000000" />
  <attribute name="Output H" value="8388608"/>
  <attribute name="Output I" value="200"/>
  <attribute name="Output T" value="4"/>
  <attribute name="Target GC Util Change" value ="20.000000" />
  <attribute name="Current GC Util Change" value="42.000000"/>
  <attribute name="GC Util currently" value="42" />
  <attribute name="CPU Util currently" value="6259567144533" />
<allocation-satisfied id="779" threadId="00000000013C3700" bytesRequested="105184" />
<af-end id="780" timestamp="2019-06-15T04:55:45.192" threadId="00000000013C4088" success="true" from="nursery"/>
<exclusive-end id="781" timestamp="2019-06-15T04:55:45.192" durationms="0.589" />

<exclusive-start id="782" timestamp="2019-06-15T04:55:45.192" intervalms="0.751">
  <response-info timems="0.026" idlems="0.026" threads="0" lastid="00000000013C3700" lastname="main" />
</exclusive-start>
<af-start id="783" threadId="00000000013C4088" totalBytesRequested="53232" timestamp="2019-06-15T04:55:45.192" intervalms="0.751" type="nursery" />
<cycle-start id="784" type="scavenge" contextid="0" timestamp="2019-06-15T04:55:45.192" intervalms="0.753" />
<gc-start id="785" type="scavenge" contextid="784" timestamp="2019-06-15T04:55:45.192">
  <mem-info id="786" free="4789200" total="8388608" percent="57">
    <mem type="nursery" free="0" total="2097152" percent="0">
      <mem type="allocate" free="0" total="1835008" percent="0" />
      <mem type="survivor" free="0" total="262144" percent="0" />
    </mem>
    <mem type="tenure" free="4789200" total="6291456" percent="76">
      <mem type="soa" free="4474832" total="5977088" percent="74" />
      <mem type="loa" free="314368" total="314368" percent="100" />
    </mem>
    <remembered-set count="56" />
  </mem-info>
</gc-start>
<allocation-stats totalBytes="1640208" >
  <allocated-bytes non-tlh="1162408" tlh="477800" />
  <largest-consumer threadName="main" threadId="00000000013C3700" bytes="1640208" />
</allocation-stats>
<gc-op id="787" type="scavenge" timems="0.129" contextid="784" timestamp="2019-06-15T04:55:45.192">
  <scavenger-info tenureage="14" tenuremask="4000" tiltratio="87" />
  <memory-copied type="nursery" objects="4" bytes="53312" bytesdiscarded="39088" />
</gc-op>
<gc-end id="788" type="scavenge" contextid="784" durationms="0.258" usertimems="0.000" systemtimems="0.000" timestamp="2019-06-15T04:55:45.192" activeThreads="4">
  <mem-info id="789" free="6531808" total="8388608" percent="77">
    <mem type="nursery" free="1742608" total="2097152" percent="83">
      <mem type="allocate" free="1742608" total="1835008" percent="94" />
      <mem type="survivor" free="0" total="262144" percent="0" />
    </mem>
    <mem type="tenure" free="4789200" total="6291456" percent="76">
      <mem type="soa" free="4474832" total="5977088" percent="74" />
      <mem type="loa" free="314368" total="314368" percent="100" />
    </mem>
    <remembered-set count="56" />
  </mem-info>
</gc-end>
<cycle-end id="790" type="scavenge" contextid="784" timestamp="2019-06-15T04:55:45.192" />
  <attribute name="elasticGC enabled" value="1" />
  <attribute name= "numThreadsSpecified" value="4" />
  <attribute name="heapSize specified" value="0" />
  <attribute name="Current GC Util" value="43" />
  <attribute name= "Current Time Running" value="626" />
  <attribute name ="GC Interval" value="200" />
  <attribute name="ProportionalT" value="11.500000" />
  <attribute name="ProportionalI" value="11.500000" />
  <attribute name="ProportionalH" value="11.500000" />
  <attribute name="Current Error" value="23.000000" />
  <attribute name="IntegralT" value="23.000000" />
  <attribute name="IntegralI" value="23.000000" />
  <attribute name="IntegralH" value="23.000000" />
  <attribute name="DerivativeT" value="1.500000" />
  <attribute name="DerivativeI" value="1.500000" />
  <attribute name="DerivativeH" value="1.500000" />
  <attribute name="Loop Time for DT" value="1.000000" />
  <attribute name="Output H" value="8388608"/>
  <attribute name="Output I" value="200"/>
  <attribute name="Output T" value="4"/>
  <attribute name="Target GC Util Change" value ="20.000000" />
  <attribute name="Current GC Util Change" value="43.000000"/>
  <attribute name="GC Util currently" value="43" />
  <attribute name="CPU Util currently" value="6123620056340" />
<allocation-satisfied id="791" threadId="00000000013C3700" bytesRequested="53232" />
<af-end id="792" timestamp="2019-06-15T04:55:45.192" threadId="00000000013C4088" success="true" from="nursery"/>
<exclusive-end id="793" timestamp="2019-06-15T04:55:45.192" durationms="0.569" />

<exclusive-start id="794" timestamp="2019-06-15T04:55:45.193" intervalms="0.737">
  <response-info timems="0.026" idlems="0.026" threads="0" lastid="00000000013C3700" lastname="main" />
</exclusive-start>
<af-start id="795" threadId="00000000013C4088" totalBytesRequested="53856" timestamp="2019-06-15T04:55:45.193" intervalms="0.727" type="nursery" />
<cycle-start id="796" type="scavenge" contextid="0" timestamp="2019-06-15T04:55:45.193" intervalms="0.724" />
<gc-start id="797" type="scavenge" contextid="796" timestamp="2019-06-15T04:55:45.193">
  <mem-info id="798" free="4789200" total="8388608" percent="57">
    <mem type="nursery" free="0" total="2097152" percent="0">
      <mem type="allocate" free="0" total="1835008" percent="0" />
      <mem type="survivor" free="0" total="262144" percent="0" />
    </mem>
    <mem type="tenure" free="4789200" total="6291456" percent="76">
      <mem type="soa" free="4474832" total="5977088" percent="74" />
      <mem type="loa" free="314368" total="314368" percent="100" />
    </mem>
    <remembered-set count="56" />
  </mem-info>
</gc-start>
<allocation-stats totalBytes="1658232" >
  <allocated-bytes non-tlh="1282632" tlh="375600" />
  <largest-consumer threadName="main" threadId="00000000013C3700" bytes="1658232" />
</allocation-stats>
<gc-op id="799" type="scavenge" timems="0.134" contextid="796" timestamp="2019-06-15T04:55:45.193">
  <scavenger-info tenureage="14" tenuremask="4000" tiltratio="87" />
  <memory-copied type="nursery" objects="2" bytes="107456" bytesdiscarded="39152" />
</gc-op>
<gc-end id="800" type="scavenge" contextid="796" durationms="0.262" usertimems="0.000" systemtimems="0.000" timestamp="2019-06-15T04:55:45.193" activeThreads="4">
  <mem-info id="801" free="6477600" total="8388608" percent="77">
    <mem type="nursery" free="1688400" total="2097152" percent="80">
      <mem type="allocate" free="1688400" total="1835008" percent="92" />
      <mem type="survivor" free="0" total="262144" percent="0" />
    </mem>
    <mem type="tenure" free="4789200" total="6291456" percent="76">
      <mem type="soa" free="4474832" total="5977088" percent="74" />
      <mem type="loa" free="314368" total="314368" percent="100" />
    </mem>
    <remembered-set count="56" />
  </mem-info>
</gc-end>
<cycle-end id="802" type="scavenge" contextid="796" timestamp="2019-06-15T04:55:45.193" />
  <attribute name="elasticGC enabled" value="1" />
  <attribute name= "numThreadsSpecified" value="4" />
  <attribute name="heapSize specified" value="0" />
  <attribute name="Current GC Util" value="43" />
  <attribute name= "Current Time Running" value="627" />
  <attribute name ="GC Interval" value="200" />
  <attribute name="ProportionalT" value="11.500000" />
  <attribute name="ProportionalI" value="11.500000" />
  <attribute name="ProportionalH" value="11.500000" />
  <attribute name="Current Error" value="23.000000" />
  <attribute name="IntegralT" value="23.000000" />
  <attribute name="IntegralI" value="23.000000" />
  <attribute name="IntegralH" value="23.000000" />
  <attribute name="DerivativeT" value="0.000000" />
  <attribute name="DerivativeI" value="0.000000" />
  <attribute name="DerivativeH" value="0.000000" />
  <attribute name="Loop Time for DT" value="1.000000" />
  <attribute name="Output H" value="8388608"/>
  <attribute name="Output I" value="200"/>
  <attribute name="Output T" value="4"/>
  <attribute name="Target GC Util Change" value ="20.000000" />
  <attribute name="Current GC Util Change" value="43.000000"/>
  <attribute name="GC Util currently" value="43" />
  <attribute name="CPU Util currently" value="6367243214575" />
<allocation-satisfied id="803" threadId="00000000013C3700" bytesRequested="53856" />
<af-end id="804" timestamp="2019-06-15T04:55:45.193" threadId="00000000013C4088" success="true" from="nursery"/>
<exclusive-end id="805" timestamp="2019-06-15T04:55:45.193" durationms="0.560" />

<exclusive-start id="806" timestamp="2019-06-15T04:55:45.193" intervalms="0.719">
  <response-info timems="0.017" idlems="0.017" threads="0" lastid="00000000013C3700" lastname="main" />
</exclusive-start>
<af-start id="807" threadId="00000000013C4088" totalBytesRequested="108656" timestamp="2019-06-15T04:55:45.193" intervalms="0.719" type="nursery" />
<cycle-start id="808" type="scavenge" contextid="0" timestamp="2019-06-15T04:55:45.193" intervalms="0.719" />
<gc-start id="809" type="scavenge" contextid="808" timestamp="2019-06-15T04:55:45.193">
  <mem-info id="810" free="4790192" total="8388608" percent="57">
    <mem type="nursery" free="992" total="2097152" percent="0">
      <mem type="allocate" free="992" total="1835008" percent="0" />
      <mem type="survivor" free="0" total="262144" percent="0" />
    </mem>
    <mem type="tenure" free="4789200" total="6291456" percent="76">
      <mem type="soa" free="4474832" total="5977088" percent="74" />
      <mem type="loa" free="314368" total="314368" percent="100" />
    </mem>
    <remembered-set count="56" />
  </mem-info>
</gc-start>
<allocation-stats totalBytes="1645296" >
  <allocated-bytes non-tlh="1134448" tlh="510848" />
  <largest-consumer threadName="main" threadId="00000000013C3700" bytes="1645296" />
</allocation-stats>
<gc-op id="811" type="scavenge" timems="0.088" contextid="808" timestamp="2019-06-15T04:55:45.194">
  <scavenger-info tenureage="14" tenuremask="4000" tiltratio="87" />
  <memory-copied type="nursery" objects="2" bytes="54360" bytesdiscarded="39144" />
</gc-op>
<gc-end id="812" type="scavenge" contextid="808" durationms="0.215" usertimems="0.000" systemtimems="0.000" timestamp="2019-06-15T04:55:45.194" activeThreads="1">
  <mem-info id="813" free="6530704" total="8388608" percent="77">
    <mem type="nursery" free="1741504" total="2097152" percent="83">
      <mem type="allocate" free="1741504" total="1835008" percent="94" />
      <mem type="survivor" free="0" total="262144" percent="0" />
    </mem>
    <mem type="tenure" free="4789200" total="6291456" percent="76">
      <mem type="soa" free="4474832" total="5977088" percent="74" />
      <mem type="loa" free="314368" total="314368" percent="100" />
    </mem>
    <remembered-set count="56" />
  </mem-info>
</gc-end>
<cycle-end id="814" type="scavenge" contextid="808" timestamp="2019-06-15T04:55:45.194" />
  <attribute name="elasticGC enabled" value="1" />
  <attribute name= "numThreadsSpecified" value="1" />
  <attribute name="heapSize specified" value="0" />
  <attribute name="Current GC Util" value="44" />
  <attribute name= "Current Time Running" value="627" />
  <attribute name ="GC Interval" value="200" />
  <attribute name="ProportionalT" value="12.000000" />
  <attribute name="ProportionalI" value="12.000000" />
  <attribute name="ProportionalH" value="12.000000" />
  <attribute name="Current Error" value="24.000000" />
  <attribute name="IntegralT" value="0.000000" />
  <attribute name="IntegralI" value="0.000000" />
  <attribute name="IntegralH" value="0.000000" />
  <attribute name="DerivativeT" value="inf" />
  <attribute name="DerivativeI" value="inf" />
  <attribute name="DerivativeH" value="inf" />
  <attribute name="Loop Time for DT" value="0.000000" />
  <attribute name="Output H" value="8388608"/>
  <attribute name="Output I" value="200"/>
  <attribute name="Output T" value="1"/>
  <attribute name="Target GC Util Change" value ="20.000000" />
  <attribute name="Current GC Util Change" value="44.000000"/>
  <attribute name="GC Util currently" value="44" />
  <attribute name="CPU Util currently" value="6414616664636" />
<allocation-satisfied id="815" threadId="00000000013C3700" bytesRequested="108656" />
<af-end id="816" timestamp="2019-06-15T04:55:45.194" threadId="00000000013C4088" success="true" from="nursery"/>
<exclusive-end id="817" timestamp="2019-06-15T04:55:45.194" durationms="0.512" />

<exclusive-start id="818" timestamp="2019-06-15T04:55:45.194" intervalms="0.676">
  <response-info timems="0.022" idlems="0.022" threads="0" lastid="00000000013C3700" lastname="main" />
</exclusive-start>
<af-start id="819" threadId="00000000013C4088" totalBytesRequested="54976" timestamp="2019-06-15T04:55:45.194" intervalms="0.674" type="nursery" />
<cycle-start id="820" type="scavenge" contextid="0" timestamp="2019-06-15T04:55:45.194" intervalms="0.675" />
<gc-start id="821" type="scavenge" contextid="820" timestamp="2019-06-15T04:55:45.194">
  <mem-info id="822" free="4789200" total="8388608" percent="57">
    <mem type="nursery" free="0" total="2097152" percent="0">
      <mem type="allocate" free="0" total="1835008" percent="0" />
      <mem type="survivor" free="0" total="262144" percent="0" />
    </mem>
    <mem type="tenure" free="4789200" total="6291456" percent="76">
      <mem type="soa" free="4474832" total="5977088" percent="74" />
      <mem type="loa" free="314368" total="314368" percent="100" />
    </mem>
    <remembered-set count="56" />
  </mem-info>
</gc-start>
<allocation-stats totalBytes="1695976" >
  <allocated-bytes non-tlh="1256584" tlh="439392" />
  <largest-consumer threadName="main" threadId="00000000013C3700" bytes="1695976" />
</allocation-stats>
<gc-op id="823" type="scavenge" timems="0.129" contextid="820" timestamp="2019-06-15T04:55:45.194">
  <scavenger-info tenureage="14" tenuremask="4000" tiltratio="87" />
  <memory-copied type="nursery" objects="4" bytes="55056" bytesdiscarded="39088" />
</gc-op>
<gc-end id="824" type="scavenge" contextid="820" durationms="0.257" usertimems="0.000" systemtimems="0.000" timestamp="2019-06-15T04:55:45.194" activeThreads="4">
  <mem-info id="825" free="6530064" total="8388608" percent="77">
    <mem type="nursery" free="1740864" total="2097152" percent="83">
      <mem type="allocate" free="1740864" total="1835008" percent="94" />
      <mem type="survivor" free="0" total="262144" percent="0" />
    </mem>
    <mem type="tenure" free="4789200" total="6291456" percent="76">
      <mem type="soa" free="4474832" total="5977088" percent="74" />
      <mem type="loa" free="314368" total="314368" percent="100" />
    </mem>
    <remembered-set count="56" />
  </mem-info>
</gc-end>
<cycle-end id="826" type="scavenge" contextid="820" timestamp="2019-06-15T04:55:45.194" />
  <attribute name="elasticGC enabled" value="1" />
  <attribute name= "numThreadsSpecified" value="4" />
  <attribute name="heapSize specified" value="0" />
  <attribute name="Current GC Util" value="39" />
  <attribute name= "Current Time Running" value="628" />
  <attribute name ="GC Interval" value="200" />
  <attribute name="ProportionalT" value="9.500000" />
  <attribute name="ProportionalI" value="9.500000" />
  <attribute name="ProportionalH" value="9.500000" />
  <attribute name="Current Error" value="19.000000" />
  <attribute name="IntegralT" value="19.000000" />
  <attribute name="IntegralI" value="19.000000" />
  <attribute name="IntegralH" value="19.000000" />
  <attribute name="DerivativeT" value="-7.500000" />
  <attribute name="DerivativeI" value="-7.500000" />
  <attribute name="DerivativeH" value="-7.500000" />
  <attribute name="Loop Time for DT" value="1.000000" />
  <attribute name="Output H" value="8388608"/>
  <attribute name="Output I" value="200"/>
  <attribute name="Output T" value="4"/>
  <attribute name="Target GC Util Change" value ="20.000000" />
  <attribute name="Current GC Util Change" value="39.000000"/>
  <attribute name="GC Util currently" value="39" />
  <attribute name="CPU Util currently" value="6847699608988" />
<allocation-satisfied id="827" threadId="00000000013C3700" bytesRequested="54976" />
<af-end id="828" timestamp="2019-06-15T04:55:45.194" threadId="00000000013C4088" success="true" from="nursery"/>
<exclusive-end id="829" timestamp="2019-06-15T04:55:45.195" durationms="0.553" />

<exclusive-start id="830" timestamp="2019-06-15T04:55:45.195" intervalms="0.781">
  <response-info timems="0.060" idlems="0.060" threads="0" lastid="00000000013C3700" lastname="main" />
</exclusive-start>
<af-start id="831" threadId="00000000013C4088" totalBytesRequested="111104" timestamp="2019-06-15T04:55:45.195" intervalms="0.784" type="nursery" />
<cycle-start id="832" type="scavenge" contextid="0" timestamp="2019-06-15T04:55:45.195" intervalms="0.783" />
<gc-start id="833" type="scavenge" contextid="832" timestamp="2019-06-15T04:55:45.195">
  <mem-info id="834" free="4813744" total="8388608" percent="57">
    <mem type="nursery" free="24544" total="2097152" percent="1">
      <mem type="allocate" free="24544" total="1835008" percent="1" />
      <mem type="survivor" free="0" total="262144" percent="0" />
    </mem>
    <mem type="tenure" free="4789200" total="6291456" percent="76">
      <mem type="soa" free="4474832" total="5977088" percent="74" />
      <mem type="loa" free="314368" total="314368" percent="100" />
    </mem>
    <remembered-set count="56" />
  </mem-info>
</gc-start>
<allocation-stats totalBytes="1622856" >
  <allocated-bytes non-tlh="1159264" tlh="463592" />
  <largest-consumer threadName="main" threadId="00000000013C3700" bytes="1622856" />
</allocation-stats>
<gc-op id="835" type="scavenge" timems="0.131" contextid="832" timestamp="2019-06-15T04:55:45.195">
  <scavenger-info tenureage="14" tenuremask="4000" tiltratio="87" />
  <memory-copied type="nursery" objects="2" bytes="55576" bytesdiscarded="39144" />
</gc-op>
<gc-end id="836" type="scavenge" contextid="832" durationms="0.258" usertimems="0.000" systemtimems="0.000" timestamp="2019-06-15T04:55:45.195" activeThreads="4">
  <mem-info id="837" free="6529488" total="8388608" percent="77">
    <mem type="nursery" free="1740288" total="2097152" percent="82">
      <mem type="allocate" free="1740288" total="1835008" percent="94" />
      <mem type="survivor" free="0" total="262144" percent="0" />
    </mem>
    <mem type="tenure" free="4789200" total="6291456" percent="76">
      <mem type="soa" free="4474832" total="5977088" percent="74" />
      <mem type="loa" free="314368" total="314368" percent="100" />
    </mem>
    <remembered-set count="56" />
  </mem-info>
</gc-end>
<cycle-end id="838" type="scavenge" contextid="832" timestamp="2019-06-15T04:55:45.195" />
  <attribute name="elasticGC enabled" value="1" />
  <attribute name= "numThreadsSpecified" value="4" />
  <attribute name="heapSize specified" value="0" />
  <attribute name="Current GC Util" value="40" />
  <attribute name= "Current Time Running" value="629" />
  <attribute name ="GC Interval" value="200" />
  <attribute name="ProportionalT" value="10.000000" />
  <attribute name="ProportionalI" value="10.000000" />
  <attribute name="ProportionalH" value="10.000000" />
  <attribute name="Current Error" value="20.000000" />
  <attribute name="IntegralT" value="20.000000" />
  <attribute name="IntegralI" value="20.000000" />
  <attribute name="IntegralH" value="20.000000" />
  <attribute name="DerivativeT" value="1.500000" />
  <attribute name="DerivativeI" value="1.500000" />
  <attribute name="DerivativeH" value="1.500000" />
  <attribute name="Loop Time for DT" value="1.000000" />
  <attribute name="Output H" value="8388608"/>
  <attribute name="Output I" value="200"/>
  <attribute name="Output T" value="4"/>
  <attribute name="Target GC Util Change" value ="20.000000" />
  <attribute name="Current GC Util Change" value="40.000000"/>
  <attribute name="GC Util currently" value="40" />
  <attribute name="CPU Util currently" value="5882815342232" />
<allocation-satisfied id="839" threadId="00000000013C3700" bytesRequested="111104" />
<af-end id="840" timestamp="2019-06-15T04:55:45.195" threadId="00000000013C4088" success="true" from="nursery"/>
<exclusive-end id="841" timestamp="2019-06-15T04:55:45.195" durationms="0.558" />

<exclusive-start id="842" timestamp="2019-06-15T04:55:45.195" intervalms="0.714">
  <response-info timems="0.022" idlems="0.022" threads="0" lastid="00000000013C3700" lastname="main" />
</exclusive-start>
<af-start id="843" threadId="00000000013C4088" totalBytesRequested="112024" timestamp="2019-06-15T04:55:45.195" intervalms="0.712" type="nursery" />
<cycle-start id="844" type="scavenge" contextid="0" timestamp="2019-06-15T04:55:45.196" intervalms="0.712" />
<gc-start id="845" type="scavenge" contextid="844" timestamp="2019-06-15T04:55:45.196">
  <mem-info id="846" free="4825552" total="8388608" percent="57">
    <mem type="nursery" free="36352" total="2097152" percent="1">
      <mem type="allocate" free="36352" total="1835008" percent="1" />
      <mem type="survivor" free="0" total="262144" percent="0" />
    </mem>
    <mem type="tenure" free="4789200" total="6291456" percent="76">
      <mem type="soa" free="4474832" total="5977088" percent="74" />
      <mem type="loa" free="314368" total="314368" percent="100" />
    </mem>
    <remembered-set count="56" />
  </mem-info>
</gc-start>
<allocation-stats totalBytes="1637512" >
  <allocated-bytes non-tlh="1170544" tlh="466968" />
  <largest-consumer threadName="main" threadId="00000000013C3700" bytes="1637512" />
</allocation-stats>
<gc-op id="847" type="scavenge" timems="0.131" contextid="844" timestamp="2019-06-15T04:55:45.196">
  <scavenger-info tenureage="14" tenuremask="4000" tiltratio="87" />
  <memory-copied type="nursery" objects="2" bytes="56040" bytesdiscarded="39144" />
</gc-op>
<gc-end id="848" type="scavenge" contextid="844" durationms="0.261" usertimems="0.000" systemtimems="0.000" timestamp="2019-06-15T04:55:45.196" activeThreads="4">
  <mem-info id="849" free="6529024" total="8388608" percent="77">
    <mem type="nursery" free="1739824" total="2097152" percent="82">
      <mem type="allocate" free="1739824" total="1835008" percent="94" />
      <mem type="survivor" free="0" total="262144" percent="0" />
    </mem>
    <mem type="tenure" free="4789200" total="6291456" percent="76">
      <mem type="soa" free="4474832" total="5977088" percent="74" />
      <mem type="loa" free="314368" total="314368" percent="100" />
    </mem>
    <remembered-set count="56" />
  </mem-info>
</gc-end>
<cycle-end id="850" type="scavenge" contextid="844" timestamp="2019-06-15T04:55:45.196" />
  <attribute name="elasticGC enabled" value="1" />
  <attribute name= "numThreadsSpecified" value="4" />
  <attribute name="heapSize specified" value="0" />
  <attribute name="Current GC Util" value="43" />
  <attribute name= "Current Time Running" value="630" />
  <attribute name ="GC Interval" value="200" />
  <attribute name="ProportionalT" value="11.500000" />
  <attribute name="ProportionalI" value="11.500000" />
  <attribute name="ProportionalH" value="11.500000" />
  <attribute name="Current Error" value="23.000000" />
  <attribute name="IntegralT" value="23.000000" />
  <attribute name="IntegralI" value="23.000000" />
  <attribute name="IntegralH" value="23.000000" />
  <attribute name="DerivativeT" value="4.500000" />
  <attribute name="DerivativeI" value="4.500000" />
  <attribute name="DerivativeH" value="4.500000" />
  <attribute name="Loop Time for DT" value="1.000000" />
  <attribute name="Output H" value="8388608"/>
  <attribute name="Output I" value="200"/>
  <attribute name="Output T" value="4"/>
  <attribute name="Target GC Util Change" value ="20.000000" />
  <attribute name="Current GC Util Change" value="43.000000"/>
  <attribute name="GC Util currently" value="43" />
  <attribute name="CPU Util currently" value="6343595403746" />
<allocation-satisfied id="851" threadId="00000000013C3700" bytesRequested="112024" />
<af-end id="852" timestamp="2019-06-15T04:55:45.196" threadId="00000000013C4088" success="true" from="nursery"/>
<exclusive-end id="853" timestamp="2019-06-15T04:55:45.196" durationms="0.572" />

<exclusive-start id="854" timestamp="2019-06-15T04:55:45.196" intervalms="0.734">
  <response-info timems="0.024" idlems="0.024" threads="0" lastid="00000000013C3700" lastname="main" />
</exclusive-start>
<af-start id="855" threadId="00000000013C4088" totalBytesRequested="56592" timestamp="2019-06-15T04:55:45.196" intervalms="0.733" type="nursery" />
<cycle-start id="856" type="scavenge" contextid="0" timestamp="2019-06-15T04:55:45.196" intervalms="0.734" />
<gc-start id="857" type="scavenge" contextid="856" timestamp="2019-06-15T04:55:45.196">
  <mem-info id="858" free="4789200" total="8388608" percent="57">
    <mem type="nursery" free="0" total="2097152" percent="0">
      <mem type="allocate" free="0" total="1835008" percent="0" />
      <mem type="survivor" free="0" total="262144" percent="0" />
    </mem>
    <mem type="tenure" free="4789200" total="6291456" percent="76">
      <mem type="soa" free="4474832" total="5977088" percent="74" />
      <mem type="loa" free="314368" total="314368" percent="100" />
    </mem>
    <remembered-set count="56" />
  </mem-info>
</gc-start>
<allocation-stats totalBytes="1690352" >
  <allocated-bytes non-tlh="1294656" tlh="395696" />
  <largest-consumer threadName="main" threadId="00000000013C3700" bytes="1690352" />
</allocation-stats>
<gc-op id="859" type="scavenge" timems="0.092" contextid="856" timestamp="2019-06-15T04:55:45.196">
  <scavenger-info tenureage="14" tenuremask="4000" tiltratio="87" />
  <memory-copied type="nursery" objects="2" bytes="113192" bytesdiscarded="39152" />
</gc-op>
<gc-end id="860" type="scavenge" contextid="856" durationms="0.218" usertimems="0.000" systemtimems="0.000" timestamp="2019-06-15T04:55:45.197" activeThreads="1">
  <mem-info id="861" free="6471864" total="8388608" percent="77">
    <mem type="nursery" free="1682664" total="2097152" percent="80">
      <mem type="allocate" free="1682664" total="1835008" percent="91" />
      <mem type="survivor" free="0" total="262144" percent="0" />
    </mem>
    <mem type="tenure" free="4789200" total="6291456" percent="76">
      <mem type="soa" free="4474832" total="5977088" percent="74" />
      <mem type="loa" free="314368" total="314368" percent="100" />
    </mem>
    <remembered-set count="56" />
  </mem-info>
</gc-end>
<cycle-end id="862" type="scavenge" contextid="856" timestamp="2019-06-15T04:55:45.197" />
  <attribute name="elasticGC enabled" value="1" />
  <attribute name= "numThreadsSpecified" value="1" />
  <attribute name="heapSize specified" value="0" />
  <attribute name="Current GC Util" value="45" />
  <attribute name= "Current Time Running" value="630" />
  <attribute name ="GC Interval" value="200" />
  <attribute name="ProportionalT" value="12.500000" />
  <attribute name="ProportionalI" value="12.500000" />
  <attribute name="ProportionalH" value="12.500000" />
  <attribute name="Current Error" value="25.000000" />
  <attribute name="IntegralT" value="0.000000" />
  <attribute name="IntegralI" value="0.000000" />
  <attribute name="IntegralH" value="0.000000" />
  <attribute name="DerivativeT" value="inf" />
  <attribute name="DerivativeI" value="inf" />
  <attribute name="DerivativeH" value="inf" />
  <attribute name="Loop Time for DT" value="0.000000" />
  <attribute name="Output H" value="8388608"/>
  <attribute name="Output I" value="200"/>
  <attribute name="Output T" value="1"/>
  <attribute name="Target GC Util Change" value ="20.000000" />
  <attribute name="Current GC Util Change" value="45.000000"/>
  <attribute name="GC Util currently" value="45" />
  <attribute name="CPU Util currently" value="6416955185596" />
<allocation-satisfied id="863" threadId="00000000013C3700" bytesRequested="56592" />
<af-end id="864" timestamp="2019-06-15T04:55:45.197" threadId="00000000013C4088" success="true" from="nursery"/>
<exclusive-end id="865" timestamp="2019-06-15T04:55:45.197" durationms="0.515" />

<exclusive-start id="866" timestamp="2019-06-15T04:55:45.197" intervalms="0.663">
  <response-info timems="0.017" idlems="0.017" threads="0" lastid="00000000013C3700" lastname="main" />
</exclusive-start>
<af-start id="867" threadId="00000000013C4088" totalBytesRequested="113984" timestamp="2019-06-15T04:55:45.197" intervalms="0.664" type="nursery" />
<cycle-start id="868" type="scavenge" contextid="0" timestamp="2019-06-15T04:55:45.197" intervalms="0.664" />
<gc-start id="869" type="scavenge" contextid="868" timestamp="2019-06-15T04:55:45.197">
  <mem-info id="870" free="4901968" total="8388608" percent="58">
    <mem type="nursery" free="112768" total="2097152" percent="5">
      <mem type="allocate" free="112768" total="1835008" percent="6" />
      <mem type="survivor" free="0" total="262144" percent="0" />
    </mem>
    <mem type="tenure" free="4789200" total="6291456" percent="76">
      <mem type="soa" free="4474832" total="5977088" percent="74" />
      <mem type="loa" free="314368" total="314368" percent="100" />
    </mem>
    <remembered-set count="56" />
  </mem-info>
</gc-start>
<allocation-stats totalBytes="1551776" >
  <allocated-bytes non-tlh="1135720" tlh="416056" />
  <largest-consumer threadName="main" threadId="00000000013C3700" bytes="1551776" />
</allocation-stats>
<gc-op id="871" type="scavenge" timems="0.128" contextid="868" timestamp="2019-06-15T04:55:45.197">
  <scavenger-info tenureage="14" tenuremask="4000" tiltratio="87" />
  <memory-copied type="nursery" objects="2" bytes="57016" bytesdiscarded="39144" />
</gc-op>
<gc-end id="872" type="scavenge" contextid="868" durationms="0.257" usertimems="0.000" systemtimems="0.000" timestamp="2019-06-15T04:55:45.197" activeThreads="4">
  <mem-info id="873" free="6528048" total="8388608" percent="77">
    <mem type="nursery" free="1738848" total="2097152" percent="82">
      <mem type="allocate" free="1738848" total="1835008" percent="94" />
      <mem type="survivor" free="0" total="262144" percent="0" />
    </mem>
    <mem type="tenure" free="4789200" total="6291456" percent="76">
      <mem type="soa" free="4474832" total="5977088" percent="74" />
      <mem type="loa" free="314368" total="314368" percent="100" />
    </mem>
    <remembered-set count="56" />
  </mem-info>
</gc-end>
<cycle-end id="874" type="scavenge" contextid="868" timestamp="2019-06-15T04:55:45.197" />
  <attribute name="elasticGC enabled" value="1" />
  <attribute name= "numThreadsSpecified" value="4" />
  <attribute name="heapSize specified" value="0" />
  <attribute name="Current GC Util" value="40" />
  <attribute name= "Current Time Running" value="631" />
  <attribute name ="GC Interval" value="200" />
  <attribute name="ProportionalT" value="10.000000" />
  <attribute name="ProportionalI" value="10.000000" />
  <attribute name="ProportionalH" value="10.000000" />
  <attribute name="Current Error" value="20.000000" />
  <attribute name="IntegralT" value="20.000000" />
  <attribute name="IntegralI" value="20.000000" />
  <attribute name="IntegralH" value="20.000000" />
  <attribute name="DerivativeT" value="-7.500000" />
  <attribute name="DerivativeI" value="-7.500000" />
  <attribute name="DerivativeH" value="-7.500000" />
  <attribute name="Loop Time for DT" value="1.000000" />
  <attribute name="Output H" value="8388608"/>
  <attribute name="Output I" value="200"/>
  <attribute name="Output T" value="4"/>
  <attribute name="Target GC Util Change" value ="20.000000" />
  <attribute name="Current GC Util Change" value="40.000000"/>
  <attribute name="GC Util currently" value="40" />
  <attribute name="CPU Util currently" value="6949350099811" />
<allocation-satisfied id="875" threadId="00000000013C3700" bytesRequested="113984" />
<af-end id="876" timestamp="2019-06-15T04:55:45.197" threadId="00000000013C4088" success="true" from="nursery"/>
<exclusive-end id="877" timestamp="2019-06-15T04:55:45.197" durationms="0.555" />

<exclusive-start id="878" timestamp="2019-06-15T04:55:45.198" intervalms="0.714">
  <response-info timems="0.022" idlems="0.022" threads="0" lastid="00000000013C3700" lastname="main" />
</exclusive-start>
<af-start id="879" threadId="00000000013C4088" totalBytesRequested="115072" timestamp="2019-06-15T04:55:45.198" intervalms="0.716" type="nursery" />
<cycle-start id="880" type="scavenge" contextid="0" timestamp="2019-06-15T04:55:45.198" intervalms="0.715" />
<gc-start id="881" type="scavenge" contextid="880" timestamp="2019-06-15T04:55:45.198">
  <mem-info id="882" free="4826728" total="8388608" percent="57">
    <mem type="nursery" free="37528" total="2097152" percent="1">
      <mem type="allocate" free="37528" total="1835008" percent="2" />
      <mem type="survivor" free="0" total="262144" percent="0" />
    </mem>
    <mem type="tenure" free="4789200" total="6291456" percent="76">
      <mem type="soa" free="4474832" total="5977088" percent="74" />
      <mem type="loa" free="314368" total="314368" percent="100" />
    </mem>
    <remembered-set count="56" />
  </mem-info>
</gc-start>
<allocation-stats totalBytes="1677424" >
  <allocated-bytes non-tlh="1258952" tlh="418472" />
  <largest-consumer threadName="main" threadId="00000000013C3700" bytes="1677424" />
</allocation-stats>
<gc-op id="883" type="scavenge" timems="0.128" contextid="880" timestamp="2019-06-15T04:55:45.198">
  <scavenger-info tenureage="14" tenuremask="4000" tiltratio="87" />
  <memory-copied type="nursery" objects="2" bytes="57560" bytesdiscarded="39144" />
</gc-op>
<gc-end id="884" type="scavenge" contextid="880" durationms="0.257" usertimems="0.000" systemtimems="0.000" timestamp="2019-06-15T04:55:45.198" activeThreads="4">
  <mem-info id="885" free="6527504" total="8388608" percent="77">
    <mem type="nursery" free="1738304" total="2097152" percent="82">
      <mem type="allocate" free="1738304" total="1835008" percent="94" />
      <mem type="survivor" free="0" total="262144" percent="0" />
    </mem>
    <mem type="tenure" free="4789200" total="6291456" percent="76">
      <mem type="soa" free="4474832" total="5977088" percent="74" />
      <mem type="loa" free="314368" total="314368" percent="100" />
    </mem>
    <remembered-set count="56" />
  </mem-info>
</gc-end>
<cycle-end id="886" type="scavenge" contextid="880" timestamp="2019-06-15T04:55:45.198" />
  <attribute name="elasticGC enabled" value="1" />
  <attribute name= "numThreadsSpecified" value="4" />
  <attribute name="heapSize specified" value="0" />
  <attribute name="Current GC Util" value="44" />
  <attribute name= "Current Time Running" value="632" />
  <attribute name ="GC Interval" value="200" />
  <attribute name="ProportionalT" value="12.000000" />
  <attribute name="ProportionalI" value="12.000000" />
  <attribute name="ProportionalH" value="12.000000" />
  <attribute name="Current Error" value="24.000000" />
  <attribute name="IntegralT" value="24.000000" />
  <attribute name="IntegralI" value="24.000000" />
  <attribute name="IntegralH" value="24.000000" />
  <attribute name="DerivativeT" value="6.000000" />
  <attribute name="DerivativeI" value="6.000000" />
  <attribute name="DerivativeH" value="6.000000" />
  <attribute name="Loop Time for DT" value="1.000000" />
  <attribute name="Output H" value="8388608"/>
  <attribute name="Output I" value="200"/>
  <attribute name="Output T" value="4"/>
  <attribute name="Target GC Util Change" value ="20.000000" />
  <attribute name="Current GC Util Change" value="44.000000"/>
  <attribute name="GC Util currently" value="44" />
  <attribute name="CPU Util currently" value="6438735030706" />
<allocation-satisfied id="887" threadId="00000000013C3700" bytesRequested="115072" />
<af-end id="888" timestamp="2019-06-15T04:55:45.198" threadId="00000000013C4088" success="true" from="nursery"/>
<exclusive-end id="889" timestamp="2019-06-15T04:55:45.198" durationms="0.556" />

<exclusive-start id="890" timestamp="2019-06-15T04:55:45.198" intervalms="0.714">
  <response-info timems="0.022" idlems="0.022" threads="0" lastid="00000000013C3700" lastname="main" />
</exclusive-start>
<af-start id="891" threadId="00000000013C4088" totalBytesRequested="115856" timestamp="2019-06-15T04:55:45.198" intervalms="0.713" type="nursery" />
<cycle-start id="892" type="scavenge" contextid="0" timestamp="2019-06-15T04:55:45.198" intervalms="0.714" />
<gc-start id="893" type="scavenge" contextid="892" timestamp="2019-06-15T04:55:45.198">
  <mem-info id="894" free="4838792" total="8388608" percent="57">
    <mem type="nursery" free="49592" total="2097152" percent="2">
      <mem type="allocate" free="49592" total="1835008" percent="2" />
      <mem type="survivor" free="0" total="262144" percent="0" />
    </mem>
    <mem type="tenure" free="4789200" total="6291456" percent="76">
      <mem type="soa" free="4474832" total="5977088" percent="74" />
      <mem type="loa" free="314368" total="314368" percent="100" />
    </mem>
    <remembered-set count="56" />
  </mem-info>
</gc-start>
<allocation-stats totalBytes="1667128" >
  <allocated-bytes non-tlh="1269672" tlh="397456" />
  <largest-consumer threadName="main" threadId="00000000013C3700" bytes="1667128" />
</allocation-stats>
<gc-op id="895" type="scavenge" timems="0.111" contextid="892" timestamp="2019-06-15T04:55:45.199">
  <scavenger-info tenureage="14" tenuremask="4000" tiltratio="87" />
  <memory-copied type="nursery" objects="2" bytes="57952" bytesdiscarded="39144" />
</gc-op>
<gc-end id="896" type="scavenge" contextid="892" durationms="0.241" usertimems="0.000" systemtimems="0.000" timestamp="2019-06-15T04:55:45.199" activeThreads="4">
  <mem-info id="897" free="6527112" total="8388608" percent="77">
    <mem type="nursery" free="1737912" total="2097152" percent="82">
      <mem type="allocate" free="1737912" total="1835008" percent="94" />
      <mem type="survivor" free="0" total="262144" percent="0" />
    </mem>
    <mem type="tenure" free="4789200" total="6291456" percent="76">
      <mem type="soa" free="4474832" total="5977088" percent="74" />
      <mem type="loa" free="314368" total="314368" percent="100" />
    </mem>
    <remembered-set count="56" />
  </mem-info>
</gc-end>
<cycle-end id="898" type="scavenge" contextid="892" timestamp="2019-06-15T04:55:45.199" />
  <attribute name="elasticGC enabled" value="1" />
  <attribute name= "numThreadsSpecified" value="4" />
  <attribute name="heapSize specified" value="0" />
  <attribute name="Current GC Util" value="43" />
  <attribute name= "Current Time Running" value="632" />
  <attribute name ="GC Interval" value="200" />
  <attribute name="ProportionalT" value="11.500000" />
  <attribute name="ProportionalI" value="11.500000" />
  <attribute name="ProportionalH" value="11.500000" />
  <attribute name="Current Error" value="23.000000" />
  <attribute name="IntegralT" value="0.000000" />
  <attribute name="IntegralI" value="0.000000" />
  <attribute name="IntegralH" value="0.000000" />
  <attribute name="DerivativeT" value="-inf" />
  <attribute name="DerivativeI" value="-inf" />
  <attribute name="DerivativeH" value="-inf" />
  <attribute name="Loop Time for DT" value="0.000000" />
  <attribute name="Output H" value="2092630016"/>
  <attribute name="Output I" value="200"/>
  <attribute name="Output T" value="4"/>
  <attribute name="Target GC Util Change" value ="20.000000" />
  <attribute name="Current GC Util Change" value="43.000000"/>
  <attribute name="GC Util currently" value="43" />
  <attribute name="CPU Util currently" value="6458989232586" />
<allocation-satisfied id="899" threadId="00000000013C3700" bytesRequested="115856" />
<af-end id="900" timestamp="2019-06-15T04:55:45.199" threadId="00000000013C4088" success="true" from="nursery"/>
<exclusive-end id="901" timestamp="2019-06-15T04:55:45.199" durationms="0.583" />

<exclusive-start id="902" timestamp="2019-06-15T04:55:45.199" intervalms="0.742">
  <response-info timems="0.018" idlems="0.018" threads="0" lastid="00000000013C3700" lastname="main" />
</exclusive-start>
<af-start id="903" threadId="00000000013C4088" totalBytesRequested="116736" timestamp="2019-06-15T04:55:45.199" intervalms="0.742" type="nursery" />
<cycle-start id="904" type="scavenge" contextid="0" timestamp="2019-06-15T04:55:45.199" intervalms="0.781" />
<gc-start id="905" type="scavenge" contextid="904" timestamp="2019-06-15T04:55:45.199">
  <mem-info id="906" free="4806416" total="8388608" percent="57">
    <mem type="nursery" free="17216" total="2097152" percent="0">
      <mem type="allocate" free="17216" total="1835008" percent="0" />
      <mem type="survivor" free="0" total="262144" percent="0" />
    </mem>
    <mem type="tenure" free="4789200" total="6291456" percent="76">
      <mem type="soa" free="4474832" total="5977088" percent="74" />
      <mem type="loa" free="314368" total="314368" percent="100" />
    </mem>
    <remembered-set count="56" />
  </mem-info>
</gc-start>
<allocation-stats totalBytes="1701136" >
  <allocated-bytes non-tlh="1278328" tlh="422808" />
  <largest-consumer threadName="main" threadId="00000000013C3700" bytes="1701136" />
</allocation-stats>
<gc-op id="907" type="scavenge" timems="0.130" contextid="904" timestamp="2019-06-15T04:55:45.199">
  <scavenger-info tenureage="14" tenuremask="4000" tiltratio="87" />
  <memory-copied type="nursery" objects="2" bytes="58392" bytesdiscarded="39144" />
</gc-op>
<gc-end id="908" type="scavenge" contextid="904" durationms="0.258" usertimems="0.000" systemtimems="0.000" timestamp="2019-06-15T04:55:45.199" activeThreads="4">
  <mem-info id="909" free="6526672" total="8388608" percent="77">
    <mem type="nursery" free="1737472" total="2097152" percent="82">
      <mem type="allocate" free="1737472" total="1835008" percent="94" />
      <mem type="survivor" free="0" total="262144" percent="0" />
    </mem>
    <mem type="tenure" free="4789200" total="6291456" percent="76">
      <mem type="soa" free="4474832" total="5977088" percent="74" />
      <mem type="loa" free="314368" total="314368" percent="100" />
    </mem>
    <remembered-set count="56" />
  </mem-info>
</gc-end>
<cycle-end id="910" type="scavenge" contextid="904" timestamp="2019-06-15T04:55:45.199" />
  <attribute name="elasticGC enabled" value="1" />
  <attribute name= "numThreadsSpecified" value="4" />
  <attribute name="heapSize specified" value="0" />
  <attribute name="Current GC Util" value="40" />
  <attribute name= "Current Time Running" value="633" />
  <attribute name ="GC Interval" value="200" />
  <attribute name="ProportionalT" value="10.000000" />
  <attribute name="ProportionalI" value="10.000000" />
  <attribute name="ProportionalH" value="10.000000" />
  <attribute name="Current Error" value="20.000000" />
  <attribute name="IntegralT" value="20.000000" />
  <attribute name="IntegralI" value="20.000000" />
  <attribute name="IntegralH" value="20.000000" />
  <attribute name="DerivativeT" value="-4.500000" />
  <attribute name="DerivativeI" value="-4.500000" />
  <attribute name="DerivativeH" value="-4.500000" />
  <attribute name="Loop Time for DT" value="1.000000" />
  <attribute name="Output H" value="8388608"/>
  <attribute name="Output I" value="200"/>
  <attribute name="Output T" value="4"/>
  <attribute name="Target GC Util Change" value ="20.000000" />
  <attribute name="Current GC Util Change" value="40.000000"/>
  <attribute name="GC Util currently" value="40" />
  <attribute name="CPU Util currently" value="5864457236412" />
<allocation-satisfied id="911" threadId="00000000013C3700" bytesRequested="116736" />
<af-end id="912" timestamp="2019-06-15T04:55:45.200" threadId="00000000013C4088" success="true" from="nursery"/>
<exclusive-end id="913" timestamp="2019-06-15T04:55:45.200" durationms="0.619" />

<exclusive-start id="914" timestamp="2019-06-15T04:55:45.200" intervalms="0.779">
  <response-info timems="0.022" idlems="0.022" threads="0" lastid="00000000013C3700" lastname="main" />
</exclusive-start>
<af-start id="915" threadId="00000000013C4088" totalBytesRequested="117352" timestamp="2019-06-15T04:55:45.200" intervalms="0.778" type="nursery" />
<cycle-start id="916" type="scavenge" contextid="0" timestamp="2019-06-15T04:55:45.200" intervalms="0.739" />
<gc-start id="917" type="scavenge" contextid="916" timestamp="2019-06-15T04:55:45.200">
  <mem-info id="918" free="4836456" total="8388608" percent="57">
    <mem type="nursery" free="47256" total="2097152" percent="2">
      <mem type="allocate" free="47256" total="1835008" percent="2" />
      <mem type="survivor" free="0" total="262144" percent="0" />
    </mem>
    <mem type="tenure" free="4789200" total="6291456" percent="76">
      <mem type="soa" free="4474832" total="5977088" percent="74" />
      <mem type="loa" free="314368" total="314368" percent="100" />
    </mem>
    <remembered-set count="56" />
  </mem-info>
</gc-start>
<allocation-stats totalBytes="1672472" >
  <allocated-bytes non-tlh="1286936" tlh="385536" />
  <largest-consumer threadName="main" threadId="00000000013C3700" bytes="1672472" />
</allocation-stats>
<gc-op id="919" type="scavenge" timems="0.129" contextid="916" timestamp="2019-06-15T04:55:45.200">
  <scavenger-info tenureage="14" tenuremask="4000" tiltratio="87" />
  <memory-copied type="nursery" objects="2" bytes="58704" bytesdiscarded="39144" />
</gc-op>
<gc-end id="920" type="scavenge" contextid="916" durationms="0.258" usertimems="0.000" systemtimems="0.000" timestamp="2019-06-15T04:55:45.200" activeThreads="4">
  <mem-info id="921" free="6526360" total="8388608" percent="77">
    <mem type="nursery" free="1737160" total="2097152" percent="82">
      <mem type="allocate" free="1737160" total="1835008" percent="94" />
      <mem type="survivor" free="0" total="262144" percent="0" />
    </mem>
    <mem type="tenure" free="4789200" total="6291456" percent="76">
      <mem type="soa" free="4474832" total="5977088" percent="74" />
      <mem type="loa" free="314368" total="314368" percent="100" />
    </mem>
    <remembered-set count="56" />
  </mem-info>
</gc-end>
<cycle-end id="922" type="scavenge" contextid="916" timestamp="2019-06-15T04:55:45.200" />
  <attribute name="elasticGC enabled" value="1" />
  <attribute name= "numThreadsSpecified" value="4" />
  <attribute name="heapSize specified" value="0" />
  <attribute name="Current GC Util" value="42" />
  <attribute name= "Current Time Running" value="634" />
  <attribute name ="GC Interval" value="200" />
  <attribute name="ProportionalT" value="11.000000" />
  <attribute name="ProportionalI" value="11.000000" />
  <attribute name="ProportionalH" value="11.000000" />
  <attribute name="Current Error" value="22.000000" />
  <attribute name="IntegralT" value="22.000000" />
  <attribute name="IntegralI" value="22.000000" />
  <attribute name="IntegralH" value="22.000000" />
  <attribute name="DerivativeT" value="3.000000" />
  <attribute name="DerivativeI" value="3.000000" />
  <attribute name="DerivativeH" value="3.000000" />
  <attribute name="Loop Time for DT" value="1.000000" />
  <attribute name="Output H" value="8388608"/>
  <attribute name="Output I" value="200"/>
  <attribute name="Output T" value="4"/>
  <attribute name="Target GC Util Change" value ="20.000000" />
  <attribute name="Current GC Util Change" value="42.000000"/>
  <attribute name="GC Util currently" value="42" />
  <attribute name="CPU Util currently" value="6287388125550" />
<allocation-satisfied id="923" threadId="00000000013C3700" bytesRequested="117352" />
<af-end id="924" timestamp="2019-06-15T04:55:45.200" threadId="00000000013C4088" success="true" from="nursery"/>
<exclusive-end id="925" timestamp="2019-06-15T04:55:45.200" durationms="0.558" />

<exclusive-start id="926" timestamp="2019-06-15T04:55:45.201" intervalms="0.743">
  <response-info timems="0.048" idlems="0.048" threads="0" lastid="00000000013C3700" lastname="main" />
</exclusive-start>
<af-start id="927" threadId="00000000013C4088" totalBytesRequested="118328" timestamp="2019-06-15T04:55:45.201" intervalms="0.743" type="nursery" />
<cycle-start id="928" type="scavenge" contextid="0" timestamp="2019-06-15T04:55:45.201" intervalms="0.743" />
<gc-start id="929" type="scavenge" contextid="928" timestamp="2019-06-15T04:55:45.201">
  <mem-info id="930" free="4789200" total="8388608" percent="57">
    <mem type="nursery" free="0" total="2097152" percent="0">
      <mem type="allocate" free="0" total="1835008" percent="0" />
      <mem type="survivor" free="0" total="262144" percent="0" />
    </mem>
    <mem type="tenure" free="4789200" total="6291456" percent="76">
      <mem type="soa" free="4474832" total="5977088" percent="74" />
      <mem type="loa" free="314368" total="314368" percent="100" />
    </mem>
    <remembered-set count="56" />
  </mem-info>
</gc-start>
<allocation-stats totalBytes="1721560" >
  <allocated-bytes non-tlh="1295696" tlh="425864" />
  <largest-consumer threadName="main" threadId="00000000013C3700" bytes="1721560" />
</allocation-stats>
<gc-op id="931" type="scavenge" timems="0.128" contextid="928" timestamp="2019-06-15T04:55:45.201">
  <scavenger-info tenureage="14" tenuremask="4000" tiltratio="87" />
  <memory-copied type="nursery" objects="2" bytes="59192" bytesdiscarded="39144" />
</gc-op>
<gc-end id="932" type="scavenge" contextid="928" durationms="0.259" usertimems="0.000" systemtimems="0.000" timestamp="2019-06-15T04:55:45.201" activeThreads="4">
  <mem-info id="933" free="6525872" total="8388608" percent="77">
    <mem type="nursery" free="1736672" total="2097152" percent="82">
      <mem type="allocate" free="1736672" total="1835008" percent="94" />
      <mem type="survivor" free="0" total="262144" percent="0" />
    </mem>
    <mem type="tenure" free="4789200" total="6291456" percent="76">
      <mem type="soa" free="4474832" total="5977088" percent="74" />
      <mem type="loa" free="314368" total="314368" percent="100" />
    </mem>
    <remembered-set count="56" />
  </mem-info>
</gc-end>
<cycle-end id="934" type="scavenge" contextid="928" timestamp="2019-06-15T04:55:45.201" />
  <attribute name="elasticGC enabled" value="1" />
  <attribute name= "numThreadsSpecified" value="4" />
  <attribute name="heapSize specified" value="0" />
  <attribute name="Current GC Util" value="42" />
  <attribute name= "Current Time Running" value="635" />
  <attribute name ="GC Interval" value="200" />
  <attribute name="ProportionalT" value="11.000000" />
  <attribute name="ProportionalI" value="11.000000" />
  <attribute name="ProportionalH" value="11.000000" />
  <attribute name="Current Error" value="22.000000" />
  <attribute name="IntegralT" value="22.000000" />
  <attribute name="IntegralI" value="22.000000" />
  <attribute name="IntegralH" value="22.000000" />
  <attribute name="DerivativeT" value="0.000000" />
  <attribute name="DerivativeI" value="0.000000" />
  <attribute name="DerivativeH" value="0.000000" />
  <attribute name="Loop Time for DT" value="1.000000" />
  <attribute name="Output H" value="8388608"/>
  <attribute name="Output I" value="200"/>
  <attribute name="Output T" value="4"/>
  <attribute name="Target GC Util Change" value ="20.000000" />
  <attribute name="Current GC Util Change" value="42.000000"/>
  <attribute name="GC Util currently" value="42" />
  <attribute name="CPU Util currently" value="6185765355607" />
<allocation-satisfied id="935" threadId="00000000013C3700" bytesRequested="118328" />
<af-end id="936" timestamp="2019-06-15T04:55:45.201" threadId="00000000013C4088" success="true" from="nursery"/>
<exclusive-end id="937" timestamp="2019-06-15T04:55:45.201" durationms="0.557" />

<exclusive-start id="938" timestamp="2019-06-15T04:55:45.201" intervalms="0.710">
  <response-info timems="0.022" idlems="0.022" threads="0" lastid="00000000013C3700" lastname="main" />
</exclusive-start>
<af-start id="939" threadId="00000000013C4088" totalBytesRequested="59536" timestamp="2019-06-15T04:55:45.201" intervalms="0.710" type="nursery" />
<cycle-start id="940" type="scavenge" contextid="0" timestamp="2019-06-15T04:55:45.201" intervalms="0.709" />
<gc-start id="941" type="scavenge" contextid="940" timestamp="2019-06-15T04:55:45.201">
  <mem-info id="942" free="4789200" total="8388608" percent="57">
    <mem type="nursery" free="0" total="2097152" percent="0">
      <mem type="allocate" free="0" total="1835008" percent="0" />
      <mem type="survivor" free="0" total="262144" percent="0" />
    </mem>
    <mem type="tenure" free="4789200" total="6291456" percent="76">
      <mem type="soa" free="4474832" total="5977088" percent="74" />
      <mem type="loa" free="314368" total="314368" percent="100" />
    </mem>
    <remembered-set count="56" />
  </mem-info>
</gc-start>
<allocation-stats totalBytes="1602416" >
  <allocated-bytes non-tlh="1304704" tlh="297712" />
  <largest-consumer threadName="main" threadId="00000000013C3700" bytes="1602416" />
</allocation-stats>
<gc-op id="943" type="scavenge" timems="0.089" contextid="940" timestamp="2019-06-15T04:55:45.202">
  <scavenger-info tenureage="14" tenuremask="4000" tiltratio="87" />
  <memory-copied type="nursery" objects="4" bytes="59616" bytesdiscarded="39088" />
</gc-op>
<gc-end id="944" type="scavenge" contextid="940" durationms="0.215" usertimems="0.000" systemtimems="0.000" timestamp="2019-06-15T04:55:45.202" activeThreads="1">
  <mem-info id="945" free="6525504" total="8388608" percent="77">
    <mem type="nursery" free="1736304" total="2097152" percent="82">
      <mem type="allocate" free="1736304" total="1835008" percent="94" />
      <mem type="survivor" free="0" total="262144" percent="0" />
    </mem>
    <mem type="tenure" free="4789200" total="6291456" percent="76">
      <mem type="soa" free="4474832" total="5977088" percent="74" />
      <mem type="loa" free="314368" total="314368" percent="100" />
    </mem>
    <remembered-set count="56" />
  </mem-info>
</gc-end>
<cycle-end id="946" type="scavenge" contextid="940" timestamp="2019-06-15T04:55:45.202" />
  <attribute name="elasticGC enabled" value="1" />
  <attribute name= "numThreadsSpecified" value="1" />
  <attribute name="heapSize specified" value="0" />
  <attribute name="Current GC Util" value="44" />
  <attribute name= "Current Time Running" value="635" />
  <attribute name ="GC Interval" value="200" />
  <attribute name="ProportionalT" value="12.000000" />
  <attribute name="ProportionalI" value="12.000000" />
  <attribute name="ProportionalH" value="12.000000" />
  <attribute name="Current Error" value="24.000000" />
  <attribute name="IntegralT" value="0.000000" />
  <attribute name="IntegralI" value="0.000000" />
  <attribute name="IntegralH" value="0.000000" />
  <attribute name="DerivativeT" value="inf" />
  <attribute name="DerivativeI" value="inf" />
  <attribute name="DerivativeH" value="inf" />
  <attribute name="Loop Time for DT" value="0.000000" />
  <attribute name="Output H" value="8388608"/>
  <attribute name="Output I" value="200"/>
  <attribute name="Output T" value="1"/>
  <attribute name="Target GC Util Change" value ="20.000000" />
  <attribute name="Current GC Util Change" value="44.000000"/>
  <attribute name="GC Util currently" value="44" />
  <attribute name="CPU Util currently" value="6531578077060" />
<allocation-satisfied id="947" threadId="00000000013C3700" bytesRequested="59536" />
<af-end id="948" timestamp="2019-06-15T04:55:45.202" threadId="00000000013C4088" success="true" from="nursery"/>
<exclusive-end id="949" timestamp="2019-06-15T04:55:45.202" durationms="0.512" />

<exclusive-start id="950" timestamp="2019-06-15T04:55:45.202" intervalms="0.687">
  <response-info timems="0.035" idlems="0.024" threads="1" lastid="00000000013CAF00" lastname="JIT Compilation Thread-1" />
</exclusive-start>
<af-start id="951" threadId="00000000013C4088" totalBytesRequested="60104" timestamp="2019-06-15T04:55:45.202" intervalms="0.687" type="nursery" />
<cycle-start id="952" type="scavenge" contextid="0" timestamp="2019-06-15T04:55:45.202" intervalms="0.687" />
<gc-start id="953" type="scavenge" contextid="952" timestamp="2019-06-15T04:55:45.202">
  <mem-info id="954" free="4789200" total="8388608" percent="57">
    <mem type="nursery" free="0" total="2097152" percent="0">
      <mem type="allocate" free="0" total="1835008" percent="0" />
      <mem type="survivor" free="0" total="262144" percent="0" />
    </mem>
    <mem type="tenure" free="4789200" total="6291456" percent="76">
      <mem type="soa" free="4474832" total="5977088" percent="74" />
      <mem type="loa" free="314368" total="314368" percent="100" />
    </mem>
    <remembered-set count="56" />
  </mem-info>
</gc-start>
<allocation-stats totalBytes="1674888" >
  <allocated-bytes non-tlh="1374656" tlh="300232" />
  <largest-consumer threadName="main" threadId="00000000013C3700" bytes="1674888" />
</allocation-stats>
<gc-op id="955" type="scavenge" timems="0.131" contextid="952" timestamp="2019-06-15T04:55:45.202">
  <scavenger-info tenureage="14" tenuremask="4000" tiltratio="87" />
  <memory-copied type="nursery" objects="4" bytes="60184" bytesdiscarded="39088" />
</gc-op>
<gc-end id="956" type="scavenge" contextid="952" durationms="0.258" usertimems="0.000" systemtimems="0.000" timestamp="2019-06-15T04:55:45.202" activeThreads="4">
  <mem-info id="957" free="6524936" total="8388608" percent="77">
    <mem type="nursery" free="1735736" total="2097152" percent="82">
      <mem type="allocate" free="1735736" total="1835008" percent="94" />
      <mem type="survivor" free="0" total="262144" percent="0" />
    </mem>
    <mem type="tenure" free="4789200" total="6291456" percent="76">
      <mem type="soa" free="4474832" total="5977088" percent="74" />
      <mem type="loa" free="314368" total="314368" percent="100" />
    </mem>
    <remembered-set count="56" />
  </mem-info>
</gc-end>
<cycle-end id="958" type="scavenge" contextid="952" timestamp="2019-06-15T04:55:45.202" />
  <attribute name="elasticGC enabled" value="1" />
  <attribute name= "numThreadsSpecified" value="4" />
  <attribute name="heapSize specified" value="0" />
  <attribute name="Current GC Util" value="38" />
  <attribute name= "Current Time Running" value="636" />
  <attribute name ="GC Interval" value="200" />
  <attribute name="ProportionalT" value="9.000000" />
  <attribute name="ProportionalI" value="9.000000" />
  <attribute name="ProportionalH" value="9.000000" />
  <attribute name="Current Error" value="18.000000" />
  <attribute name="IntegralT" value="18.000000" />
  <attribute name="IntegralI" value="18.000000" />
  <attribute name="IntegralH" value="18.000000" />
  <attribute name="DerivativeT" value="-9.000000" />
  <attribute name="DerivativeI" value="-9.000000" />
  <attribute name="DerivativeH" value="-9.000000" />
  <attribute name="Loop Time for DT" value="1.000000" />
  <attribute name="Output H" value="8388608"/>
  <attribute name="Output I" value="200"/>
  <attribute name="Output T" value="4"/>
  <attribute name="Target GC Util Change" value ="20.000000" />
  <attribute name="Current GC Util Change" value="38.000000"/>
  <attribute name="GC Util currently" value="38" />
  <attribute name="CPU Util currently" value="6712095281393" />
<allocation-satisfied id="959" threadId="00000000013C3700" bytesRequested="60104" />
<af-end id="960" timestamp="2019-06-15T04:55:45.202" threadId="00000000013C4088" success="true" from="nursery"/>
<exclusive-end id="961" timestamp="2019-06-15T04:55:45.202" durationms="0.554" />

<exclusive-start id="962" timestamp="2019-06-15T04:55:45.203" intervalms="0.723">
  <response-info timems="0.019" idlems="0.019" threads="0" lastid="00000000013C3700" lastname="main" />
</exclusive-start>
<af-start id="963" threadId="00000000013C4088" totalBytesRequested="60552" timestamp="2019-06-15T04:55:45.203" intervalms="0.726" type="nursery" />
<cycle-start id="964" type="scavenge" contextid="0" timestamp="2019-06-15T04:55:45.203" intervalms="0.768" />
<gc-start id="965" type="scavenge" contextid="964" timestamp="2019-06-15T04:55:45.203">
  <mem-info id="966" free="4789200" total="8388608" percent="57">
    <mem type="nursery" free="0" total="2097152" percent="0">
      <mem type="allocate" free="0" total="1835008" percent="0" />
      <mem type="survivor" free="0" total="262144" percent="0" />
    </mem>
    <mem type="tenure" free="4789200" total="6291456" percent="76">
      <mem type="soa" free="4474832" total="5977088" percent="74" />
      <mem type="loa" free="314368" total="314368" percent="100" />
    </mem>
    <remembered-set count="56" />
  </mem-info>
</gc-start>
<allocation-stats totalBytes="1628664" >
  <allocated-bytes non-tlh="1386552" tlh="242112" />
  <largest-consumer threadName="main" threadId="00000000013C3700" bytes="1628664" />
</allocation-stats>
<gc-op id="967" type="scavenge" timems="0.138" contextid="964" timestamp="2019-06-15T04:55:45.203">
  <scavenger-info tenureage="14" tenuremask="4000" tiltratio="87" />
  <memory-copied type="nursery" objects="2" bytes="121112" bytesdiscarded="39152" />
</gc-op>
<gc-end id="968" type="scavenge" contextid="964" durationms="0.280" usertimems="0.000" systemtimems="0.000" timestamp="2019-06-15T04:55:45.203" activeThreads="4">
  <mem-info id="969" free="6463944" total="8388608" percent="77">
    <mem type="nursery" free="1674744" total="2097152" percent="79">
      <mem type="allocate" free="1674744" total="1835008" percent="91" />
      <mem type="survivor" free="0" total="262144" percent="0" />
    </mem>
    <mem type="tenure" free="4789200" total="6291456" percent="76">
      <mem type="soa" free="4474832" total="5977088" percent="74" />
      <mem type="loa" free="314368" total="314368" percent="100" />
    </mem>
    <remembered-set count="56" />
  </mem-info>
</gc-end>
<cycle-end id="970" type="scavenge" contextid="964" timestamp="2019-06-15T04:55:45.203" />
  <attribute name="elasticGC enabled" value="1" />
  <attribute name= "numThreadsSpecified" value="4" />
  <attribute name="heapSize specified" value="0" />
  <attribute name="Current GC Util" value="40" />
  <attribute name= "Current Time Running" value="637" />
  <attribute name ="GC Interval" value="200" />
  <attribute name="ProportionalT" value="10.000000" />
  <attribute name="ProportionalI" value="10.000000" />
  <attribute name="ProportionalH" value="10.000000" />
  <attribute name="Current Error" value="20.000000" />
  <attribute name="IntegralT" value="20.000000" />
  <attribute name="IntegralI" value="20.000000" />
  <attribute name="IntegralH" value="20.000000" />
  <attribute name="DerivativeT" value="3.000000" />
  <attribute name="DerivativeI" value="3.000000" />
  <attribute name="DerivativeH" value="3.000000" />
  <attribute name="Loop Time for DT" value="1.000000" />
  <attribute name="Output H" value="8388608"/>
  <attribute name="Output I" value="200"/>
  <attribute name="Output T" value="4"/>
  <attribute name="Target GC Util Change" value ="20.000000" />
  <attribute name="Current GC Util Change" value="40.000000"/>
  <attribute name="GC Util currently" value="40" />
  <attribute name="CPU Util currently" value="5878930677021" />
<allocation-satisfied id="971" threadId="00000000013C3700" bytesRequested="60552" />
<af-end id="972" timestamp="2019-06-15T04:55:45.203" threadId="00000000013C4088" success="true" from="nursery"/>
<exclusive-end id="973" timestamp="2019-06-15T04:55:45.203" durationms="0.625" />

<exclusive-start id="974" timestamp="2019-06-15T04:55:45.203" intervalms="0.773">
  <response-info timems="0.018" idlems="0.018" threads="0" lastid="00000000013C3700" lastname="main" />
</exclusive-start>
<af-start id="975" threadId="00000000013C4088" totalBytesRequested="122000" timestamp="2019-06-15T04:55:45.203" intervalms="0.781" type="nursery" />
<cycle-start id="976" type="scavenge" contextid="0" timestamp="2019-06-15T04:55:45.204" intervalms="0.747" />
<gc-start id="977" type="scavenge" contextid="976" timestamp="2019-06-15T04:55:45.204">
  <mem-info id="978" free="4868168" total="8388608" percent="58">
    <mem type="nursery" free="78968" total="2097152" percent="3">
      <mem type="allocate" free="78968" total="1835008" percent="4" />
      <mem type="survivor" free="0" total="262144" percent="0" />
    </mem>
    <mem type="tenure" free="4789200" total="6291456" percent="76">
      <mem type="soa" free="4474832" total="5977088" percent="74" />
      <mem type="loa" free="314368" total="314368" percent="100" />
    </mem>
    <remembered-set count="56" />
  </mem-info>
</gc-start>
<allocation-stats totalBytes="1590392" >
  <allocated-bytes non-tlh="1276288" tlh="314104" />
  <largest-consumer threadName="main" threadId="00000000013C3700" bytes="1590392" />
</allocation-stats>
<gc-op id="979" type="scavenge" timems="0.130" contextid="976" timestamp="2019-06-15T04:55:45.204">
  <scavenger-info tenureage="14" tenuremask="4000" tiltratio="87" />
  <memory-copied type="nursery" objects="2" bytes="61032" bytesdiscarded="39144" />
</gc-op>
<gc-end id="980" type="scavenge" contextid="976" durationms="0.260" usertimems="0.000" systemtimems="0.000" timestamp="2019-06-15T04:55:45.204" activeThreads="4">
  <mem-info id="981" free="6524032" total="8388608" percent="77">
    <mem type="nursery" free="1734832" total="2097152" percent="82">
      <mem type="allocate" free="1734832" total="1835008" percent="94" />
      <mem type="survivor" free="0" total="262144" percent="0" />
    </mem>
    <mem type="tenure" free="4789200" total="6291456" percent="76">
      <mem type="soa" free="4474832" total="5977088" percent="74" />
      <mem type="loa" free="314368" total="314368" percent="100" />
    </mem>
    <remembered-set count="56" />
  </mem-info>
</gc-end>
<cycle-end id="982" type="scavenge" contextid="976" timestamp="2019-06-15T04:55:45.204" />
  <attribute name="elasticGC enabled" value="1" />
  <attribute name= "numThreadsSpecified" value="4" />
  <attribute name="heapSize specified" value="0" />
  <attribute name="Current GC Util" value="44" />
  <attribute name= "Current Time Running" value="638" />
  <attribute name ="GC Interval" value="200" />
  <attribute name="ProportionalT" value="12.000000" />
  <attribute name="ProportionalI" value="12.000000" />
  <attribute name="ProportionalH" value="12.000000" />
  <attribute name="Current Error" value="24.000000" />
  <attribute name="IntegralT" value="24.000000" />
  <attribute name="IntegralI" value="24.000000" />
  <attribute name="IntegralH" value="24.000000" />
  <attribute name="DerivativeT" value="6.000000" />
  <attribute name="DerivativeI" value="6.000000" />
  <attribute name="DerivativeH" value="6.000000" />
  <attribute name="Loop Time for DT" value="1.000000" />
  <attribute name="Output H" value="8388608"/>
  <attribute name="Output I" value="200"/>
  <attribute name="Output T" value="4"/>
  <attribute name="Target GC Util Change" value ="20.000000" />
  <attribute name="Current GC Util Change" value="44.000000"/>
  <attribute name="GC Util currently" value="44" />
  <attribute name="CPU Util currently" value="6221599563252" />
<allocation-satisfied id="983" threadId="00000000013C3700" bytesRequested="122000" />
<af-end id="984" timestamp="2019-06-15T04:55:45.204" threadId="00000000013C4088" success="true" from="nursery"/>
<exclusive-end id="985" timestamp="2019-06-15T04:55:45.204" durationms="0.586" />

<exclusive-start id="986" timestamp="2019-06-15T04:55:45.204" intervalms="0.738">
  <response-info timems="0.018" idlems="0.018" threads="0" lastid="00000000013C3700" lastname="main" />
</exclusive-start>
<af-start id="987" threadId="00000000013C4088" totalBytesRequested="61480" timestamp="2019-06-15T04:55:45.204" intervalms="0.727" type="nursery" />
<cycle-start id="988" type="scavenge" contextid="0" timestamp="2019-06-15T04:55:45.204" intervalms="0.719" />
<gc-start id="989" type="scavenge" contextid="988" timestamp="2019-06-15T04:55:45.204">
  <mem-info id="990" free="4789200" total="8388608" percent="57">
    <mem type="nursery" free="0" total="2097152" percent="0">
      <mem type="allocate" free="0" total="1835008" percent="0" />
      <mem type="survivor" free="0" total="262144" percent="0" />
    </mem>
    <mem type="tenure" free="4789200" total="6291456" percent="76">
      <mem type="soa" free="4474832" total="5977088" percent="74" />
      <mem type="loa" free="314368" total="314368" percent="100" />
    </mem>
    <remembered-set count="56" />
  </mem-info>
</gc-start>
<allocation-stats totalBytes="1653288" >
  <allocated-bytes non-tlh="1407464" tlh="245824" />
  <largest-consumer threadName="main" threadId="00000000013C3700" bytes="1653288" />
</allocation-stats>
<gc-op id="991" type="scavenge" timems="0.129" contextid="988" timestamp="2019-06-15T04:55:45.204">
  <scavenger-info tenureage="14" tenuremask="4000" tiltratio="87" />
  <memory-copied type="nursery" objects="4" bytes="61560" bytesdiscarded="39088" />
</gc-op>
<gc-end id="992" type="scavenge" contextid="988" durationms="0.256" usertimems="0.000" systemtimems="0.000" timestamp="2019-06-15T04:55:45.205" activeThreads="4">
  <mem-info id="993" free="6523560" total="8388608" percent="77">
    <mem type="nursery" free="1734360" total="2097152" percent="82">
      <mem type="allocate" free="1734360" total="1835008" percent="94" />
      <mem type="survivor" free="0" total="262144" percent="0" />
    </mem>
    <mem type="tenure" free="4789200" total="6291456" percent="76">
      <mem type="soa" free="4474832" total="5977088" percent="74" />
      <mem type="loa" free="314368" total="314368" percent="100" />
    </mem>
    <remembered-set count="56" />
  </mem-info>
</gc-end>
<cycle-end id="994" type="scavenge" contextid="988" timestamp="2019-06-15T04:55:45.205" />
  <attribute name="elasticGC enabled" value="1" />
  <attribute name= "numThreadsSpecified" value="4" />
  <attribute name="heapSize specified" value="0" />
  <attribute name="Current GC Util" value="44" />
  <attribute name= "Current Time Running" value="638" />
  <attribute name ="GC Interval" value="200" />
  <attribute name="ProportionalT" value="12.000000" />
  <attribute name="ProportionalI" value="12.000000" />
  <attribute name="ProportionalH" value="12.000000" />
  <attribute name="Current Error" value="24.000000" />
  <attribute name="IntegralT" value="0.000000" />
  <attribute name="IntegralI" value="0.000000" />
  <attribute name="IntegralH" value="0.000000" />
  <attribute name="DerivativeT" value="-nan" />
  <attribute name="DerivativeI" value="-nan" />
  <attribute name="DerivativeH" value="-nan" />
  <attribute name="Loop Time for DT" value="0.000000" />
  <attribute name="Output H" value="2092630016"/>
  <attribute name="Output I" value="200"/>
  <attribute name="Output T" value="4"/>
  <attribute name="Target GC Util Change" value ="20.000000" />
  <attribute name="Current GC Util Change" value="44.000000"/>
  <attribute name="GC Util currently" value="44" />
  <attribute name="CPU Util currently" value="6512420643262" />
<allocation-satisfied id="995" threadId="00000000013C3700" bytesRequested="61480" />
<af-end id="996" timestamp="2019-06-15T04:55:45.205" threadId="00000000013C4088" success="true" from="nursery"/>
<exclusive-end id="997" timestamp="2019-06-15T04:55:45.205" durationms="0.553" />

<exclusive-start id="998" timestamp="2019-06-15T04:55:45.205" intervalms="0.709">
  <response-info timems="0.022" idlems="0.022" threads="0" lastid="00000000013C3700" lastname="main" />
</exclusive-start>
<af-start id="999" threadId="00000000013C4088" totalBytesRequested="61880" timestamp="2019-06-15T04:55:45.205" intervalms="0.708" type="nursery" />
<cycle-start id="1000" type="scavenge" contextid="0" timestamp="2019-06-15T04:55:45.205" intervalms="0.708" />
<gc-start id="1001" type="scavenge" contextid="1000" timestamp="2019-06-15T04:55:45.205">
  <mem-info id="1002" free="4789200" total="8388608" percent="57">
    <mem type="nursery" free="0" total="2097152" percent="0">
      <mem type="allocate" free="0" total="1835008" percent="0" />
      <mem type="survivor" free="0" total="262144" percent="0" />
    </mem>
    <mem type="tenure" free="4789200" total="6291456" percent="76">
      <mem type="soa" free="4474832" total="5977088" percent="74" />
      <mem type="loa" free="314368" total="314368" percent="100" />
    </mem>
    <remembered-set count="56" />
  </mem-info>
</gc-start>
<allocation-stats totalBytes="1665344" >
  <allocated-bytes non-tlh="1479600" tlh="185744" />
  <largest-consumer threadName="main" threadId="00000000013C3700" bytes="1665344" />
</allocation-stats>
<gc-op id="1003" type="scavenge" timems="0.135" contextid="1000" timestamp="2019-06-15T04:55:45.205">
  <scavenger-info tenureage="14" tenuremask="4000" tiltratio="87" />
  <memory-copied type="nursery" objects="2" bytes="123768" bytesdiscarded="39152" />
</gc-op>
<gc-end id="1004" type="scavenge" contextid="1000" durationms="0.264" usertimems="0.000" systemtimems="0.000" timestamp="2019-06-15T04:55:45.205" activeThreads="4">
  <mem-info id="1005" free="6461288" total="8388608" percent="77">
    <mem type="nursery" free="1672088" total="2097152" percent="79">
      <mem type="allocate" free="1672088" total="1835008" percent="91" />
      <mem type="survivor" free="0" total="262144" percent="0" />
    </mem>
    <mem type="tenure" free="4789200" total="6291456" percent="76">
      <mem type="soa" free="4474832" total="5977088" percent="74" />
      <mem type="loa" free="314368" total="314368" percent="100" />
    </mem>
    <remembered-set count="56" />
  </mem-info>
</gc-end>
<cycle-end id="1006" type="scavenge" contextid="1000" timestamp="2019-06-15T04:55:45.205" />
  <attribute name="elasticGC enabled" value="1" />
  <attribute name= "numThreadsSpecified" value="4" />
  <attribute name="heapSize specified" value="0" />
  <attribute name="Current GC Util" value="43" />
  <attribute name= "Current Time Running" value="639" />
  <attribute name ="GC Interval" value="200" />
  <attribute name="ProportionalT" value="11.500000" />
  <attribute name="ProportionalI" value="11.500000" />
  <attribute name="ProportionalH" value="11.500000" />
  <attribute name="Current Error" value="23.000000" />
  <attribute name="IntegralT" value="23.000000" />
  <attribute name="IntegralI" value="23.000000" />
  <attribute name="IntegralH" value="23.000000" />
  <attribute name="DerivativeT" value="-1.500000" />
  <attribute name="DerivativeI" value="-1.500000" />
  <attribute name="DerivativeH" value="-1.500000" />
  <attribute name="Loop Time for DT" value="1.000000" />
  <attribute name="Output H" value="8388608"/>
  <attribute name="Output I" value="200"/>
  <attribute name="Output T" value="4"/>
  <attribute name="Target GC Util Change" value ="20.000000" />
  <attribute name="Current GC Util Change" value="43.000000"/>
  <attribute name="GC Util currently" value="43" />
  <attribute name="CPU Util currently" value="6500835238068" />
<allocation-satisfied id="1007" threadId="00000000013C3700" bytesRequested="61880" />
<af-end id="1008" timestamp="2019-06-15T04:55:45.205" threadId="00000000013C4088" success="true" from="nursery"/>
<exclusive-end id="1009" timestamp="2019-06-15T04:55:45.205" durationms="0.562" />

<exclusive-start id="1010" timestamp="2019-06-15T04:55:45.206" intervalms="0.719">
  <response-info timems="0.022" idlems="0.022" threads="0" lastid="00000000013C3700" lastname="main" />
</exclusive-start>
<af-start id="1011" threadId="00000000013C4088" totalBytesRequested="124608" timestamp="2019-06-15T04:55:45.206" intervalms="0.721" type="nursery" />
<cycle-start id="1012" type="scavenge" contextid="0" timestamp="2019-06-15T04:55:45.206" intervalms="0.721" />
<gc-start id="1013" type="scavenge" contextid="1012" timestamp="2019-06-15T04:55:45.206">
  <mem-info id="1014" free="4826112" total="8388608" percent="57">
    <mem type="nursery" free="36912" total="2097152" percent="1">
      <mem type="allocate" free="36912" total="1835008" percent="2" />
      <mem type="survivor" free="0" total="262144" percent="0" />
    </mem>
    <mem type="tenure" free="4789200" total="6291456" percent="76">
      <mem type="soa" free="4474832" total="5977088" percent="74" />
      <mem type="loa" free="314368" total="314368" percent="100" />
    </mem>
    <remembered-set count="56" />
  </mem-info>
</gc-start>
<allocation-stats totalBytes="1629704" >
  <allocated-bytes non-tlh="1428072" tlh="201632" />
  <largest-consumer threadName="main" threadId="00000000013C3700" bytes="1629704" />
</allocation-stats>
<gc-op id="1015" type="scavenge" timems="0.128" contextid="1012" timestamp="2019-06-15T04:55:45.206">
  <scavenger-info tenureage="14" tenuremask="4000" tiltratio="87" />
  <memory-copied type="nursery" objects="2" bytes="62336" bytesdiscarded="39144" />
</gc-op>
<gc-end id="1016" type="scavenge" contextid="1012" durationms="0.255" usertimems="0.000" systemtimems="0.000" timestamp="2019-06-15T04:55:45.206" activeThreads="4">
  <mem-info id="1017" free="6522728" total="8388608" percent="77">
    <mem type="nursery" free="1733528" total="2097152" percent="82">
      <mem type="allocate" free="1733528" total="1835008" percent="94" />
      <mem type="survivor" free="0" total="262144" percent="0" />
    </mem>
    <mem type="tenure" free="4789200" total="6291456" percent="76">
      <mem type="soa" free="4474832" total="5977088" percent="74" />
      <mem type="loa" free="314368" total="314368" percent="100" />
    </mem>
    <remembered-set count="56" />
  </mem-info>
</gc-end>
<cycle-end id="1018" type="scavenge" contextid="1012" timestamp="2019-06-15T04:55:45.206" />
  <attribute name="elasticGC enabled" value="1" />
  <attribute name= "numThreadsSpecified" value="4" />
  <attribute name="heapSize specified" value="0" />
  <attribute name="Current GC Util" value="45" />
  <attribute name= "Current Time Running" value="640" />
  <attribute name ="GC Interval" value="200" />
  <attribute name="ProportionalT" value="12.500000" />
  <attribute name="ProportionalI" value="12.500000" />
  <attribute name="ProportionalH" value="12.500000" />
  <attribute name="Current Error" value="25.000000" />
  <attribute name="IntegralT" value="25.000000" />
  <attribute name="IntegralI" value="25.000000" />
  <attribute name="IntegralH" value="25.000000" />
  <attribute name="DerivativeT" value="3.000000" />
  <attribute name="DerivativeI" value="3.000000" />
  <attribute name="DerivativeH" value="3.000000" />
  <attribute name="Loop Time for DT" value="1.000000" />
  <attribute name="Output H" value="8388608"/>
  <attribute name="Output I" value="200"/>
  <attribute name="Output T" value="4"/>
  <attribute name="Target GC Util Change" value ="20.000000" />
  <attribute name="Current GC Util Change" value="45.000000"/>
  <attribute name="GC Util currently" value="45" />
  <attribute name="CPU Util currently" value="6400630137254" />
<allocation-satisfied id="1019" threadId="00000000013C3700" bytesRequested="124608" />
<af-end id="1020" timestamp="2019-06-15T04:55:45.206" threadId="00000000013C4088" success="true" from="nursery"/>
<exclusive-end id="1021" timestamp="2019-06-15T04:55:45.206" durationms="0.555" />

<exclusive-start id="1022" timestamp="2019-06-15T04:55:45.206" intervalms="0.713">
  <response-info timems="0.021" idlems="0.021" threads="0" lastid="00000000013C3700" lastname="main" />
</exclusive-start>
<af-start id="1023" threadId="00000000013C4088" totalBytesRequested="62840" timestamp="2019-06-15T04:55:45.206" intervalms="0.712" type="nursery" />
<cycle-start id="1024" type="scavenge" contextid="0" timestamp="2019-06-15T04:55:45.206" intervalms="0.713" />
<gc-start id="1025" type="scavenge" contextid="1024" timestamp="2019-06-15T04:55:45.206">
  <mem-info id="1026" free="4789200" total="8388608" percent="57">
    <mem type="nursery" free="0" total="2097152" percent="0">
      <mem type="allocate" free="0" total="1835008" percent="0" />
      <mem type="survivor" free="0" total="262144" percent="0" />
    </mem>
    <mem type="tenure" free="4789200" total="6291456" percent="76">
      <mem type="soa" free="4474832" total="5977088" percent="74" />
      <mem type="loa" free="314368" total="314368" percent="100" />
    </mem>
    <remembered-set count="56" />
  </mem-info>
</gc-start>
<allocation-stats totalBytes="1689720" >
  <allocated-bytes non-tlh="1438456" tlh="251264" />
  <largest-consumer threadName="main" threadId="00000000013C3700" bytes="1689720" />
</allocation-stats>
<gc-op id="1027" type="scavenge" timems="0.139" contextid="1024" timestamp="2019-06-15T04:55:45.207">
  <scavenger-info tenureage="14" tenuremask="4000" tiltratio="87" />
  <memory-copied type="nursery" objects="4" bytes="62920" bytesdiscarded="39088" />
</gc-op>
<gc-end id="1028" type="scavenge" contextid="1024" durationms="0.267" usertimems="0.000" systemtimems="0.000" timestamp="2019-06-15T04:55:45.207" activeThreads="4">
  <mem-info id="1029" free="6522200" total="8388608" percent="77">
    <mem type="nursery" free="1733000" total="2097152" percent="82">
      <mem type="allocate" free="1733000" total="1835008" percent="94" />
      <mem type="survivor" free="0" total="262144" percent="0" />
    </mem>
    <mem type="tenure" free="4789200" total="6291456" percent="76">
      <mem type="soa" free="4474832" total="5977088" percent="74" />
      <mem type="loa" free="314368" total="314368" percent="100" />
    </mem>
    <remembered-set count="56" />
  </mem-info>
</gc-end>
<cycle-end id="1030" type="scavenge" contextid="1024" timestamp="2019-06-15T04:55:45.207" />
  <attribute name="elasticGC enabled" value="1" />
  <attribute name= "numThreadsSpecified" value="4" />
  <attribute name="heapSize specified" value="0" />
  <attribute name="Current GC Util" value="43" />
  <attribute name= "Current Time Running" value="640" />
  <attribute name ="GC Interval" value="200" />
  <attribute name="ProportionalT" value="11.500000" />
  <attribute name="ProportionalI" value="11.500000" />
  <attribute name="ProportionalH" value="11.500000" />
  <attribute name="Current Error" value="23.000000" />
  <attribute name="IntegralT" value="0.000000" />
  <attribute name="IntegralI" value="0.000000" />
  <attribute name="IntegralH" value="0.000000" />
  <attribute name="DerivativeT" value="-inf" />
  <attribute name="DerivativeI" value="-inf" />
  <attribute name="DerivativeH" value="-inf" />
  <attribute name="Loop Time for DT" value="0.000000" />
  <attribute name="Output H" value="2092630016"/>
  <attribute name="Output I" value="200"/>
  <attribute name="Output T" value="4"/>
  <attribute name="Target GC Util Change" value ="20.000000" />
  <attribute name="Current GC Util Change" value="43.000000"/>
  <attribute name="GC Util currently" value="43" />
  <attribute name="CPU Util currently" value="6437431799385" />
<allocation-satisfied id="1031" threadId="00000000013C3700" bytesRequested="62840" />
<af-end id="1032" timestamp="2019-06-15T04:55:45.207" threadId="00000000013C4088" success="true" from="nursery"/>
<exclusive-end id="1033" timestamp="2019-06-15T04:55:45.207" durationms="0.661" />

<exclusive-start id="1034" timestamp="2019-06-15T04:55:45.207" intervalms="0.813">
  <response-info timems="0.021" idlems="0.021" threads="0" lastid="00000000013C3700" lastname="main" />
</exclusive-start>
<af-start id="1035" threadId="00000000013C4088" totalBytesRequested="126448" timestamp="2019-06-15T04:55:45.207" intervalms="0.824" type="nursery" />
<cycle-start id="1036" type="scavenge" contextid="0" timestamp="2019-06-15T04:55:45.207" intervalms="0.866" />
<gc-start id="1037" type="scavenge" contextid="1036" timestamp="2019-06-15T04:55:45.207">
  <mem-info id="1038" free="4818264" total="8388608" percent="57">
    <mem type="nursery" free="29064" total="2097152" percent="1">
      <mem type="allocate" free="29064" total="1835008" percent="1" />
      <mem type="survivor" free="0" total="262144" percent="0" />
    </mem>
    <mem type="tenure" free="4789200" total="6291456" percent="76">
      <mem type="soa" free="4474832" total="5977088" percent="74" />
      <mem type="loa" free="314368" total="314368" percent="100" />
    </mem>
    <remembered-set count="56" />
  </mem-info>
</gc-start>
<allocation-stats totalBytes="1643144" >
  <allocated-bytes non-tlh="1385528" tlh="257616" />
  <largest-consumer threadName="main" threadId="00000000013C3700" bytes="1643144" />
</allocation-stats>
<gc-op id="1039" type="scavenge" timems="0.128" contextid="1036" timestamp="2019-06-15T04:55:45.208">
  <scavenger-info tenureage="14" tenuremask="4000" tiltratio="87" />
  <memory-copied type="nursery" objects="2" bytes="63248" bytesdiscarded="39144" />
</gc-op>
<gc-end id="1040" type="scavenge" contextid="1036" durationms="0.256" usertimems="0.000" systemtimems="0.000" timestamp="2019-06-15T04:55:45.208" activeThreads="4">
  <mem-info id="1041" free="6521816" total="8388608" percent="77">
    <mem type="nursery" free="1732616" total="2097152" percent="82">
      <mem type="allocate" free="1732616" total="1835008" percent="94" />
      <mem type="survivor" free="0" total="262144" percent="0" />
    </mem>
    <mem type="tenure" free="4789200" total="6291456" percent="76">
      <mem type="soa" free="4474832" total="5977088" percent="74" />
      <mem type="loa" free="314368" total="314368" percent="100" />
    </mem>
    <remembered-set count="56" />
  </mem-info>
</gc-end>
<cycle-end id="1042" type="scavenge" contextid="1036" timestamp="2019-06-15T04:55:45.208" />
  <attribute name="elasticGC enabled" value="1" />
  <attribute name= "numThreadsSpecified" value="4" />
  <attribute name="heapSize specified" value="0" />
  <attribute name="Current GC Util" value="38" />
  <attribute name= "Current Time Running" value="641" />
  <attribute name ="GC Interval" value="200" />
  <attribute name="ProportionalT" value="9.000000" />
  <attribute name="ProportionalI" value="9.000000" />
  <attribute name="ProportionalH" value="9.000000" />
  <attribute name="Current Error" value="18.000000" />
  <attribute name="IntegralT" value="18.000000" />
  <attribute name="IntegralI" value="18.000000" />
  <attribute name="IntegralH" value="18.000000" />
  <attribute name="DerivativeT" value="-7.500000" />
  <attribute name="DerivativeI" value="-7.500000" />
  <attribute name="DerivativeH" value="-7.500000" />
  <attribute name="Loop Time for DT" value="1.000000" />
  <attribute name="Output H" value="8388608"/>
  <attribute name="Output I" value="200"/>
  <attribute name="Output T" value="4"/>
  <attribute name="Target GC Util Change" value ="20.000000" />
  <attribute name="Current GC Util Change" value="38.000000"/>
  <attribute name="GC Util currently" value="38" />
  <attribute name="CPU Util currently" value="5344682498248" />
<allocation-satisfied id="1043" threadId="00000000013C3700" bytesRequested="126448" />
<af-end id="1044" timestamp="2019-06-15T04:55:45.208" threadId="00000000013C4088" success="true" from="nursery"/>
<exclusive-end id="1045" timestamp="2019-06-15T04:55:45.208" durationms="0.624" />

<exclusive-start id="1046" timestamp="2019-06-15T04:55:45.208" intervalms="0.784">
  <response-info timems="0.022" idlems="0.022" threads="0" lastid="00000000013C3700" lastname="main" />
</exclusive-start>
<af-start id="1047" threadId="00000000013C4088" totalBytesRequested="63632" timestamp="2019-06-15T04:55:45.208" intervalms="0.783" type="nursery" />
<cycle-start id="1048" type="scavenge" contextid="0" timestamp="2019-06-15T04:55:45.208" intervalms="0.743" />
<gc-start id="1049" type="scavenge" contextid="1048" timestamp="2019-06-15T04:55:45.208">
  <mem-info id="1050" free="4789200" total="8388608" percent="57">
    <mem type="nursery" free="0" total="2097152" percent="0">
      <mem type="allocate" free="0" total="1835008" percent="0" />
      <mem type="survivor" free="0" total="262144" percent="0" />
    </mem>
    <mem type="tenure" free="4789200" total="6291456" percent="76">
      <mem type="soa" free="4474832" total="5977088" percent="74" />
      <mem type="loa" free="314368" total="314368" percent="100" />
    </mem>
    <remembered-set count="56" />
  </mem-info>
</gc-start>
<allocation-stats totalBytes="1712784" >
  <allocated-bytes non-tlh="1521728" tlh="191056" />
  <largest-consumer threadName="main" threadId="00000000013C3700" bytes="1712784" />
</allocation-stats>
<gc-op id="1051" type="scavenge" timems="0.129" contextid="1048" timestamp="2019-06-15T04:55:45.208">
  <scavenger-info tenureage="14" tenuremask="4000" tiltratio="87" />
  <memory-copied type="nursery" objects="4" bytes="63712" bytesdiscarded="39088" />
</gc-op>
<gc-end id="1052" type="scavenge" contextid="1048" durationms="0.259" usertimems="0.000" systemtimems="0.000" timestamp="2019-06-15T04:55:45.208" activeThreads="4">
  <mem-info id="1053" free="6521408" total="8388608" percent="77">
    <mem type="nursery" free="1732208" total="2097152" percent="82">
      <mem type="allocate" free="1732208" total="1835008" percent="94" />
      <mem type="survivor" free="0" total="262144" percent="0" />
    </mem>
    <mem type="tenure" free="4789200" total="6291456" percent="76">
      <mem type="soa" free="4474832" total="5977088" percent="74" />
      <mem type="loa" free="314368" total="314368" percent="100" />
    </mem>
    <remembered-set count="56" />
  </mem-info>
</gc-end>
<cycle-end id="1054" type="scavenge" contextid="1048" timestamp="2019-06-15T04:55:45.208" />
  <attribute name="elasticGC enabled" value="1" />
  <attribute name= "numThreadsSpecified" value="4" />
  <attribute name="heapSize specified" value="0" />
  <attribute name="Current GC Util" value="44" />
  <attribute name= "Current Time Running" value="642" />
  <attribute name ="GC Interval" value="200" />
  <attribute name="ProportionalT" value="12.000000" />
  <attribute name="ProportionalI" value="12.000000" />
  <attribute name="ProportionalH" value="12.000000" />
  <attribute name="Current Error" value="24.000000" />
  <attribute name="IntegralT" value="24.000000" />
  <attribute name="IntegralI" value="24.000000" />
  <attribute name="IntegralH" value="24.000000" />
  <attribute name="DerivativeT" value="9.000000" />
  <attribute name="DerivativeI" value="9.000000" />
  <attribute name="DerivativeH" value="9.000000" />
  <attribute name="Loop Time for DT" value="1.000000" />
  <attribute name="Output H" value="8388608"/>
  <attribute name="Output I" value="200"/>
  <attribute name="Output T" value="4"/>
  <attribute name="Target GC Util Change" value ="20.000000" />
  <attribute name="Current GC Util Change" value="44.000000"/>
  <attribute name="GC Util currently" value="44" />
  <attribute name="CPU Util currently" value="6211083494414" />
<allocation-satisfied id="1055" threadId="00000000013C3700" bytesRequested="63632" />
<af-end id="1056" timestamp="2019-06-15T04:55:45.208" threadId="00000000013C4088" success="true" from="nursery"/>
<exclusive-end id="1057" timestamp="2019-06-15T04:55:45.208" durationms="0.568" />

<exclusive-start id="1058" timestamp="2019-06-15T04:55:45.209" intervalms="0.723">
  <response-info timems="0.022" idlems="0.022" threads="0" lastid="00000000013C3700" lastname="main" />
</exclusive-start>
<af-start id="1059" threadId="00000000013C4088" totalBytesRequested="128016" timestamp="2019-06-15T04:55:45.209" intervalms="0.714" type="nursery" />
<cycle-start id="1060" type="scavenge" contextid="0" timestamp="2019-06-15T04:55:45.209" intervalms="0.711" />
<gc-start id="1061" type="scavenge" contextid="1060" timestamp="2019-06-15T04:55:45.209">
  <mem-info id="1062" free="4817472" total="8388608" percent="57">
    <mem type="nursery" free="28272" total="2097152" percent="1">
      <mem type="allocate" free="28272" total="1835008" percent="1" />
      <mem type="survivor" free="0" total="262144" percent="0" />
    </mem>
    <mem type="tenure" free="4789200" total="6291456" percent="76">
      <mem type="soa" free="4474832" total="5977088" percent="74" />
      <mem type="loa" free="314368" total="314368" percent="100" />
    </mem>
    <remembered-set count="56" />
  </mem-info>
</gc-start>
<allocation-stats totalBytes="1663472" >
  <allocated-bytes non-tlh="1404168" tlh="259304" />
  <largest-consumer threadName="main" threadId="00000000013C3700" bytes="1663472" />
</allocation-stats>
<gc-op id="1063" type="scavenge" timems="0.128" contextid="1060" timestamp="2019-06-15T04:55:45.209">
  <scavenger-info tenureage="14" tenuremask="4000" tiltratio="87" />
  <memory-copied type="nursery" objects="2" bytes="64032" bytesdiscarded="39144" />
</gc-op>
<gc-end id="1064" type="scavenge" contextid="1060" durationms="0.257" usertimems="0.000" systemtimems="0.000" timestamp="2019-06-15T04:55:45.209" activeThreads="4">
  <mem-info id="1065" free="6521032" total="8388608" percent="77">
    <mem type="nursery" free="1731832" total="2097152" percent="82">
      <mem type="allocate" free="1731832" total="1835008" percent="94" />
      <mem type="survivor" free="0" total="262144" percent="0" />
    </mem>
    <mem type="tenure" free="4789200" total="6291456" percent="76">
      <mem type="soa" free="4474832" total="5977088" percent="74" />
      <mem type="loa" free="314368" total="314368" percent="100" />
    </mem>
    <remembered-set count="56" />
  </mem-info>
</gc-end>
<cycle-end id="1066" type="scavenge" contextid="1060" timestamp="2019-06-15T04:55:45.209" />
  <attribute name="elasticGC enabled" value="1" />
  <attribute name= "numThreadsSpecified" value="4" />
  <attribute name="heapSize specified" value="0" />
  <attribute name="Current GC Util" value="44" />
  <attribute name= "Current Time Running" value="643" />
  <attribute name ="GC Interval" value="200" />
  <attribute name="ProportionalT" value="12.000000" />
  <attribute name="ProportionalI" value="12.000000" />
  <attribute name="ProportionalH" value="12.000000" />
  <attribute name="Current Error" value="24.000000" />
  <attribute name="IntegralT" value="24.000000" />
  <attribute name="IntegralI" value="24.000000" />
  <attribute name="IntegralH" value="24.000000" />
  <attribute name="DerivativeT" value="0.000000" />
  <attribute name="DerivativeI" value="0.000000" />
  <attribute name="DerivativeH" value="0.000000" />
  <attribute name="Loop Time for DT" value="1.000000" />
  <attribute name="Output H" value="8388608"/>
  <attribute name="Output I" value="200"/>
  <attribute name="Output T" value="4"/>
  <attribute name="Target GC Util Change" value ="20.000000" />
  <attribute name="Current GC Util Change" value="44.000000"/>
  <attribute name="GC Util currently" value="44" />
  <attribute name="CPU Util currently" value="6486525361354" />
<allocation-satisfied id="1067" threadId="00000000013C3700" bytesRequested="128016" />
<af-end id="1068" timestamp="2019-06-15T04:55:45.209" threadId="00000000013C4088" success="true" from="nursery"/>
<exclusive-end id="1069" timestamp="2019-06-15T04:55:45.209" durationms="0.556" />

<exclusive-start id="1070" timestamp="2019-06-15T04:55:45.209" intervalms="0.704">
  <response-info timems="0.022" idlems="0.022" threads="0" lastid="00000000013C3700" lastname="main" />
</exclusive-start>
<af-start id="1071" threadId="00000000013C4088" totalBytesRequested="128864" timestamp="2019-06-15T04:55:45.209" intervalms="0.703" type="nursery" />
<cycle-start id="1072" type="scavenge" contextid="0" timestamp="2019-06-15T04:55:45.209" intervalms="0.704" />
<gc-start id="1073" type="scavenge" contextid="1072" timestamp="2019-06-15T04:55:45.209">
  <mem-info id="1074" free="4911144" total="8388608" percent="58">
    <mem type="nursery" free="121944" total="2097152" percent="5">
      <mem type="allocate" free="121944" total="1835008" percent="6" />
      <mem type="survivor" free="0" total="262144" percent="0" />
    </mem>
    <mem type="tenure" free="4789200" total="6291456" percent="76">
      <mem type="soa" free="4474832" total="5977088" percent="74" />
      <mem type="loa" free="314368" total="314368" percent="100" />
    </mem>
    <remembered-set count="56" />
  </mem-info>
</gc-start>
<allocation-stats totalBytes="1608960" >
  <allocated-bytes non-tlh="1413280" tlh="195680" />
  <largest-consumer threadName="main" threadId="00000000013C3700" bytes="1608960" />
</allocation-stats>
<gc-op id="1075" type="scavenge" timems="0.127" contextid="1072" timestamp="2019-06-15T04:55:45.210">
  <scavenger-info tenureage="14" tenuremask="4000" tiltratio="87" />
  <memory-copied type="nursery" objects="2" bytes="64464" bytesdiscarded="39144" />
</gc-op>
<gc-end id="1076" type="scavenge" contextid="1072" durationms="0.255" usertimems="4.000" systemtimems="0.000" timestamp="2019-06-15T04:55:45.210" activeThreads="4">
  <mem-info id="1077" free="6520600" total="8388608" percent="77">
    <mem type="nursery" free="1731400" total="2097152" percent="82">
      <mem type="allocate" free="1731400" total="1835008" percent="94" />
      <mem type="survivor" free="0" total="262144" percent="0" />
    </mem>
    <mem type="tenure" free="4789200" total="6291456" percent="76">
      <mem type="soa" free="4474832" total="5977088" percent="74" />
      <mem type="loa" free="314368" total="314368" percent="100" />
    </mem>
    <remembered-set count="56" />
  </mem-info>
</gc-end>
<cycle-end id="1078" type="scavenge" contextid="1072" timestamp="2019-06-15T04:55:45.210" />
  <attribute name="elasticGC enabled" value="1" />
  <attribute name= "numThreadsSpecified" value="4" />
  <attribute name="heapSize specified" value="0" />
  <attribute name="Current GC Util" value="44" />
  <attribute name= "Current Time Running" value="643" />
  <attribute name ="GC Interval" value="200" />
  <attribute name="ProportionalT" value="12.000000" />
  <attribute name="ProportionalI" value="12.000000" />
  <attribute name="ProportionalH" value="12.000000" />
  <attribute name="Current Error" value="24.000000" />
  <attribute name="IntegralT" value="0.000000" />
  <attribute name="IntegralI" value="0.000000" />
  <attribute name="IntegralH" value="0.000000" />
  <attribute name="DerivativeT" value="-nan" />
  <attribute name="DerivativeI" value="-nan" />
  <attribute name="DerivativeH" value="-nan" />
  <attribute name="Loop Time for DT" value="0.000000" />
  <attribute name="Output H" value="2092630016"/>
  <attribute name="Output I" value="200"/>
  <attribute name="Output T" value="4"/>
  <attribute name="Target GC Util Change" value ="20.000000" />
  <attribute name="Current GC Util Change" value="44.000000"/>
  <attribute name="GC Util currently" value="44" />
  <attribute name="CPU Util currently" value="6548550923707" />
<allocation-satisfied id="1079" threadId="00000000013C3700" bytesRequested="128864" />
<af-end id="1080" timestamp="2019-06-15T04:55:45.210" threadId="00000000013C4088" success="true" from="nursery"/>
<exclusive-end id="1081" timestamp="2019-06-15T04:55:45.210" durationms="0.555" />

<exclusive-start id="1082" timestamp="2019-06-15T04:55:45.210" intervalms="0.712">
  <response-info timems="0.022" idlems="0.022" threads="0" lastid="00000000013C3700" lastname="main" />
</exclusive-start>
<af-start id="1083" threadId="00000000013C4088" totalBytesRequested="64848" timestamp="2019-06-15T04:55:45.210" intervalms="0.712" type="nursery" />
<cycle-start id="1084" type="scavenge" contextid="0" timestamp="2019-06-15T04:55:45.210" intervalms="0.712" />
<gc-start id="1085" type="scavenge" contextid="1084" timestamp="2019-06-15T04:55:45.210">
  <mem-info id="1086" free="4789200" total="8388608" percent="57">
    <mem type="nursery" free="0" total="2097152" percent="0">
      <mem type="allocate" free="0" total="1835008" percent="0" />
      <mem type="survivor" free="0" total="262144" percent="0" />
    </mem>
    <mem type="tenure" free="4789200" total="6291456" percent="76">
      <mem type="soa" free="4474832" total="5977088" percent="74" />
      <mem type="loa" free="314368" total="314368" percent="100" />
    </mem>
    <remembered-set count="56" />
  </mem-info>
</gc-start>
<allocation-stats totalBytes="1680768" >
  <allocated-bytes non-tlh="1550984" tlh="129784" />
  <largest-consumer threadName="main" threadId="00000000013C3700" bytes="1680768" />
</allocation-stats>
<gc-op id="1087" type="scavenge" timems="0.135" contextid="1084" timestamp="2019-06-15T04:55:45.210">
  <scavenger-info tenureage="14" tenuremask="4000" tiltratio="87" />
  <memory-copied type="nursery" objects="2" bytes="129504" bytesdiscarded="39152" />
</gc-op>
<gc-end id="1088" type="scavenge" contextid="1084" durationms="0.263" usertimems="0.000" systemtimems="0.000" timestamp="2019-06-15T04:55:45.210" activeThreads="4">
  <mem-info id="1089" free="6455552" total="8388608" percent="76">
    <mem type="nursery" free="1666352" total="2097152" percent="79">
      <mem type="allocate" free="1666352" total="1835008" percent="90" />
      <mem type="survivor" free="0" total="262144" percent="0" />
    </mem>
    <mem type="tenure" free="4789200" total="6291456" percent="76">
      <mem type="soa" free="4474832" total="5977088" percent="74" />
      <mem type="loa" free="314368" total="314368" percent="100" />
    </mem>
    <remembered-set count="56" />
  </mem-info>
</gc-end>
<cycle-end id="1090" type="scavenge" contextid="1084" timestamp="2019-06-15T04:55:45.210" />
  <attribute name="elasticGC enabled" value="1" />
  <attribute name= "numThreadsSpecified" value="4" />
  <attribute name="heapSize specified" value="0" />
  <attribute name="Current GC Util" value="43" />
  <attribute name= "Current Time Running" value="644" />
  <attribute name ="GC Interval" value="200" />
  <attribute name="ProportionalT" value="11.500000" />
  <attribute name="ProportionalI" value="11.500000" />
  <attribute name="ProportionalH" value="11.500000" />
  <attribute name="Current Error" value="23.000000" />
  <attribute name="IntegralT" value="23.000000" />
  <attribute name="IntegralI" value="23.000000" />
  <attribute name="IntegralH" value="23.000000" />
  <attribute name="DerivativeT" value="-1.500000" />
  <attribute name="DerivativeI" value="-1.500000" />
  <attribute name="DerivativeH" value="-1.500000" />
  <attribute name="Loop Time for DT" value="1.000000" />
  <attribute name="Output H" value="8388608"/>
  <attribute name="Output I" value="200"/>
  <attribute name="Output T" value="4"/>
  <attribute name="Target GC Util Change" value ="20.000000" />
  <attribute name="Current GC Util Change" value="43.000000"/>
  <attribute name="GC Util currently" value="43" />
  <attribute name="CPU Util currently" value="6482012339424" />
<allocation-satisfied id="1091" threadId="00000000013C3700" bytesRequested="64848" />
<af-end id="1092" timestamp="2019-06-15T04:55:45.211" threadId="00000000013C4088" success="true" from="nursery"/>
<exclusive-end id="1093" timestamp="2019-06-15T04:55:45.211" durationms="0.586" />

<exclusive-start id="1094" timestamp="2019-06-15T04:55:45.211" intervalms="0.735">
  <response-info timems="0.018" idlems="0.018" threads="0" lastid="00000000013C3700" lastname="main" />
</exclusive-start>
<af-start id="1095" threadId="00000000013C4088" totalBytesRequested="65208" timestamp="2019-06-15T04:55:45.211" intervalms="0.736" type="nursery" />
<cycle-start id="1096" type="scavenge" contextid="0" timestamp="2019-06-15T04:55:45.211" intervalms="0.781" />
<gc-start id="1097" type="scavenge" contextid="1096" timestamp="2019-06-15T04:55:45.211">
  <mem-info id="1098" free="4789200" total="8388608" percent="57">
    <mem type="nursery" free="0" total="2097152" percent="0">
      <mem type="allocate" free="0" total="1835008" percent="0" />
      <mem type="survivor" free="0" total="262144" percent="0" />
    </mem>
    <mem type="tenure" free="4789200" total="6291456" percent="76">
      <mem type="soa" free="4474832" total="5977088" percent="74" />
      <mem type="loa" free="314368" total="314368" percent="100" />
    </mem>
    <remembered-set count="56" />
  </mem-info>
</gc-start>
<allocation-stats totalBytes="1624712" >
  <allocated-bytes non-tlh="1494112" tlh="130600" />
  <largest-consumer threadName="main" threadId="00000000013C3700" bytes="1624712" />
</allocation-stats>
<gc-op id="1099" type="scavenge" timems="0.129" contextid="1096" timestamp="2019-06-15T04:55:45.211">
  <scavenger-info tenureage="14" tenuremask="4000" tiltratio="87" />
  <memory-copied type="nursery" objects="4" bytes="65288" bytesdiscarded="39088" />
</gc-op>
<gc-end id="1100" type="scavenge" contextid="1096" durationms="0.257" usertimems="0.000" systemtimems="0.000" timestamp="2019-06-15T04:55:45.211" activeThreads="4">
  <mem-info id="1101" free="6519832" total="8388608" percent="77">
    <mem type="nursery" free="1730632" total="2097152" percent="82">
      <mem type="allocate" free="1730632" total="1835008" percent="94" />
      <mem type="survivor" free="0" total="262144" percent="0" />
    </mem>
    <mem type="tenure" free="4789200" total="6291456" percent="76">
      <mem type="soa" free="4474832" total="5977088" percent="74" />
      <mem type="loa" free="314368" total="314368" percent="100" />
    </mem>
    <remembered-set count="56" />
  </mem-info>
</gc-end>
<cycle-end id="1102" type="scavenge" contextid="1096" timestamp="2019-06-15T04:55:45.211" />
  <attribute name="elasticGC enabled" value="1" />
  <attribute name= "numThreadsSpecified" value="4" />
  <attribute name="heapSize specified" value="0" />
  <attribute name="Current GC Util" value="41" />
  <attribute name= "Current Time Running" value="645" />
  <attribute name ="GC Interval" value="200" />
  <attribute name="ProportionalT" value="10.500000" />
  <attribute name="ProportionalI" value="10.500000" />
  <attribute name="ProportionalH" value="10.500000" />
  <attribute name="Current Error" value="21.000000" />
  <attribute name="IntegralT" value="21.000000" />
  <attribute name="IntegralI" value="21.000000" />
  <attribute name="IntegralH" value="21.000000" />
  <attribute name="DerivativeT" value="-3.000000" />
  <attribute name="DerivativeI" value="-3.000000" />
  <attribute name="DerivativeH" value="-3.000000" />
  <attribute name="Loop Time for DT" value="1.000000" />
  <attribute name="Output H" value="8388608"/>
  <attribute name="Output I" value="200"/>
  <attribute name="Output T" value="4"/>
  <attribute name="Target GC Util Change" value ="20.000000" />
  <attribute name="Current GC Util Change" value="41.000000"/>
  <attribute name="GC Util currently" value="41" />
  <attribute name="CPU Util currently" value="5884459244903" />
<allocation-satisfied id="1103" threadId="00000000013C3700" bytesRequested="65208" />
<af-end id="1104" timestamp="2019-06-15T04:55:45.211" threadId="00000000013C4088" success="true" from="nursery"/>
<exclusive-end id="1105" timestamp="2019-06-15T04:55:45.211" durationms="0.605" />

<exclusive-start id="1106" timestamp="2019-06-15T04:55:45.212" intervalms="0.760">
  <response-info timems="0.023" idlems="0.023" threads="0" lastid="00000000013C3700" lastname="main" />
</exclusive-start>
<af-start id="1107" threadId="00000000013C4088" totalBytesRequested="131408" timestamp="2019-06-15T04:55:45.212" intervalms="0.773" type="nursery" />
<cycle-start id="1108" type="scavenge" contextid="0" timestamp="2019-06-15T04:55:45.212" intervalms="0.729" />
<gc-start id="1109" type="scavenge" contextid="1108" timestamp="2019-06-15T04:55:45.212">
  <mem-info id="1110" free="4880368" total="8388608" percent="58">
    <mem type="nursery" free="91168" total="2097152" percent="4">
      <mem type="allocate" free="91168" total="1835008" percent="4" />
      <mem type="survivor" free="0" total="262144" percent="0" />
    </mem>
    <mem type="tenure" free="4789200" total="6291456" percent="76">
      <mem type="soa" free="4474832" total="5977088" percent="74" />
      <mem type="loa" free="314368" total="314368" percent="100" />
    </mem>
    <remembered-set count="56" />
  </mem-info>
</gc-start>
<allocation-stats totalBytes="1639464" >
  <allocated-bytes non-tlh="1569832" tlh="69632" />
  <largest-consumer threadName="main" threadId="00000000013C3700" bytes="1639464" />
</allocation-stats>
<gc-op id="1111" type="scavenge" timems="0.129" contextid="1108" timestamp="2019-06-15T04:55:45.212">
  <scavenger-info tenureage="14" tenuremask="4000" tiltratio="87" />
  <memory-copied type="nursery" objects="2" bytes="65728" bytesdiscarded="39144" />
</gc-op>
<gc-end id="1112" type="scavenge" contextid="1108" durationms="0.258" usertimems="0.000" systemtimems="0.000" timestamp="2019-06-15T04:55:45.212" activeThreads="4">
  <mem-info id="1113" free="6519336" total="8388608" percent="77">
    <mem type="nursery" free="1730136" total="2097152" percent="82">
      <mem type="allocate" free="1730136" total="1835008" percent="94" />
      <mem type="survivor" free="0" total="262144" percent="0" />
    </mem>
    <mem type="tenure" free="4789200" total="6291456" percent="76">
      <mem type="soa" free="4474832" total="5977088" percent="74" />
      <mem type="loa" free="314368" total="314368" percent="100" />
    </mem>
    <remembered-set count="56" />
  </mem-info>
</gc-end>
<cycle-end id="1114" type="scavenge" contextid="1108" timestamp="2019-06-15T04:55:45.212" />
  <attribute name="elasticGC enabled" value="1" />
  <attribute name= "numThreadsSpecified" value="4" />
  <attribute name="heapSize specified" value="0" />
  <attribute name="Current GC Util" value="43" />
  <attribute name= "Current Time Running" value="646" />
  <attribute name ="GC Interval" value="200" />
  <attribute name="ProportionalT" value="11.500000" />
  <attribute name="ProportionalI" value="11.500000" />
  <attribute name="ProportionalH" value="11.500000" />
  <attribute name="Current Error" value="23.000000" />
  <attribute name="IntegralT" value="23.000000" />
  <attribute name="IntegralI" value="23.000000" />
  <attribute name="IntegralH" value="23.000000" />
  <attribute name="DerivativeT" value="3.000000" />
  <attribute name="DerivativeI" value="3.000000" />
  <attribute name="DerivativeH" value="3.000000" />
  <attribute name="Loop Time for DT" value="1.000000" />
  <attribute name="Output H" value="8388608"/>
  <attribute name="Output I" value="200"/>
  <attribute name="Output T" value="4"/>
  <attribute name="Target GC Util Change" value ="20.000000" />
  <attribute name="Current GC Util Change" value="43.000000"/>
  <attribute name="GC Util currently" value="43" />
  <attribute name="CPU Util currently" value="6335212161947" />
<allocation-satisfied id="1115" threadId="00000000013C3700" bytesRequested="131408" />
<af-end id="1116" timestamp="2019-06-15T04:55:45.212" threadId="00000000013C4088" success="true" from="nursery"/>
<exclusive-end id="1117" timestamp="2019-06-15T04:55:45.212" durationms="0.575" />

<exclusive-start id="1118" timestamp="2019-06-15T04:55:45.212" intervalms="0.727">
  <response-info timems="0.026" idlems="0.026" threads="0" lastid="00000000013C3700" lastname="main" />
</exclusive-start>
<af-start id="1119" threadId="00000000013C4088" totalBytesRequested="132328" timestamp="2019-06-15T04:55:45.212" intervalms="0.713" type="nursery" />
<cycle-start id="1120" type="scavenge" contextid="0" timestamp="2019-06-15T04:55:45.212" intervalms="0.712" />
<gc-start id="1121" type="scavenge" contextid="1120" timestamp="2019-06-15T04:55:45.212">
  <mem-info id="1122" free="4872088" total="8388608" percent="58">
    <mem type="nursery" free="82888" total="2097152" percent="3">
      <mem type="allocate" free="82888" total="1835008" percent="4" />
      <mem type="survivor" free="0" total="262144" percent="0" />
    </mem>
    <mem type="tenure" free="4789200" total="6291456" percent="76">
      <mem type="soa" free="4474832" total="5977088" percent="74" />
      <mem type="loa" free="314368" total="314368" percent="100" />
    </mem>
    <remembered-set count="56" />
  </mem-info>
</gc-start>
<allocation-stats totalBytes="1647248" >
  <allocated-bytes non-tlh="1581712" tlh="65536" />
  <largest-consumer threadName="main" threadId="00000000013C3700" bytes="1647248" />
</allocation-stats>
<gc-op id="1123" type="scavenge" timems="0.088" contextid="1120" timestamp="2019-06-15T04:55:45.213">
  <scavenger-info tenureage="14" tenuremask="4000" tiltratio="87" />
  <memory-copied type="nursery" objects="2" bytes="66192" bytesdiscarded="39144" />
</gc-op>
<gc-end id="1124" type="scavenge" contextid="1120" durationms="0.215" usertimems="0.000" systemtimems="0.000" timestamp="2019-06-15T04:55:45.213" activeThreads="1">
  <mem-info id="1125" free="6518872" total="8388608" percent="77">
    <mem type="nursery" free="1729672" total="2097152" percent="82">
      <mem type="allocate" free="1729672" total="1835008" percent="94" />
      <mem type="survivor" free="0" total="262144" percent="0" />
    </mem>
    <mem type="tenure" free="4789200" total="6291456" percent="76">
      <mem type="soa" free="4474832" total="5977088" percent="74" />
      <mem type="loa" free="314368" total="314368" percent="100" />
    </mem>
    <remembered-set count="56" />
  </mem-info>
</gc-end>
<cycle-end id="1126" type="scavenge" contextid="1120" timestamp="2019-06-15T04:55:45.213" />
  <attribute name="elasticGC enabled" value="1" />
  <attribute name= "numThreadsSpecified" value="1" />
  <attribute name="heapSize specified" value="0" />
  <attribute name="Current GC Util" value="44" />
  <attribute name= "Current Time Running" value="646" />
  <attribute name ="GC Interval" value="200" />
  <attribute name="ProportionalT" value="12.000000" />
  <attribute name="ProportionalI" value="12.000000" />
  <attribute name="ProportionalH" value="12.000000" />
  <attribute name="Current Error" value="24.000000" />
  <attribute name="IntegralT" value="0.000000" />
  <attribute name="IntegralI" value="0.000000" />
  <attribute name="IntegralH" value="0.000000" />
  <attribute name="DerivativeT" value="inf" />
  <attribute name="DerivativeI" value="inf" />
  <attribute name="DerivativeH" value="inf" />
  <attribute name="Loop Time for DT" value="0.000000" />
  <attribute name="Output H" value="8388608"/>
  <attribute name="Output I" value="200"/>
  <attribute name="Output T" value="1"/>
  <attribute name="Target GC Util Change" value ="20.000000" />
  <attribute name="Current GC Util Change" value="44.000000"/>
  <attribute name="GC Util currently" value="44" />
  <attribute name="CPU Util currently" value="6491967567472" />
<allocation-satisfied id="1127" threadId="00000000013C3700" bytesRequested="132328" />
<af-end id="1128" timestamp="2019-06-15T04:55:45.213" threadId="00000000013C4088" success="true" from="nursery"/>
<exclusive-end id="1129" timestamp="2019-06-15T04:55:45.213" durationms="0.516" />

<exclusive-start id="1130" timestamp="2019-06-15T04:55:45.213" intervalms="0.666">
  <response-info timems="0.023" idlems="0.023" threads="0" lastid="00000000013C3700" lastname="main" />
</exclusive-start>
<af-start id="1131" threadId="00000000013C4088" totalBytesRequested="133168" timestamp="2019-06-15T04:55:45.213" intervalms="0.666" type="nursery" />
<cycle-start id="1132" type="scavenge" contextid="0" timestamp="2019-06-15T04:55:45.213" intervalms="0.665" />
<gc-start id="1133" type="scavenge" contextid="1132" timestamp="2019-06-15T04:55:45.213">
  <mem-info id="1134" free="4864936" total="8388608" percent="57">
    <mem type="nursery" free="75736" total="2097152" percent="3">
      <mem type="allocate" free="75736" total="1835008" percent="4" />
      <mem type="survivor" free="0" total="262144" percent="0" />
    </mem>
    <mem type="tenure" free="4789200" total="6291456" percent="76">
      <mem type="soa" free="4474832" total="5977088" percent="74" />
      <mem type="loa" free="314368" total="314368" percent="100" />
    </mem>
    <remembered-set count="56" />
  </mem-info>
</gc-start>
<allocation-stats totalBytes="1653936" >
  <allocated-bytes non-tlh="1592496" tlh="61440" />
  <largest-consumer threadName="main" threadId="00000000013C3700" bytes="1653936" />
</allocation-stats>
<gc-op id="1135" type="scavenge" timems="0.130" contextid="1132" timestamp="2019-06-15T04:55:45.213">
  <scavenger-info tenureage="14" tenuremask="4000" tiltratio="87" />
  <memory-copied type="nursery" objects="2" bytes="66616" bytesdiscarded="39144" />
</gc-op>
<gc-end id="1136" type="scavenge" contextid="1132" durationms="0.259" usertimems="0.000" systemtimems="0.000" timestamp="2019-06-15T04:55:45.213" activeThreads="4">
  <mem-info id="1137" free="6518448" total="8388608" percent="77">
    <mem type="nursery" free="1729248" total="2097152" percent="82">
      <mem type="allocate" free="1729248" total="1835008" percent="94" />
      <mem type="survivor" free="0" total="262144" percent="0" />
    </mem>
    <mem type="tenure" free="4789200" total="6291456" percent="76">
      <mem type="soa" free="4474832" total="5977088" percent="74" />
      <mem type="loa" free="314368" total="314368" percent="100" />
    </mem>
    <remembered-set count="56" />
  </mem-info>
</gc-end>
<cycle-end id="1138" type="scavenge" contextid="1132" timestamp="2019-06-15T04:55:45.213" />
  <attribute name="elasticGC enabled" value="1" />
  <attribute name= "numThreadsSpecified" value="4" />
  <attribute name="heapSize specified" value="0" />
  <attribute name="Current GC Util" value="40" />
  <attribute name= "Current Time Running" value="647" />
  <attribute name ="GC Interval" value="200" />
  <attribute name="ProportionalT" value="10.000000" />
  <attribute name="ProportionalI" value="10.000000" />
  <attribute name="ProportionalH" value="10.000000" />
  <attribute name="Current Error" value="20.000000" />
  <attribute name="IntegralT" value="20.000000" />
  <attribute name="IntegralI" value="20.000000" />
  <attribute name="IntegralH" value="20.000000" />
  <attribute name="DerivativeT" value="-6.000000" />
  <attribute name="DerivativeI" value="-6.000000" />
  <attribute name="DerivativeH" value="-6.000000" />
  <attribute name="Loop Time for DT" value="1.000000" />
  <attribute name="Output H" value="8388608"/>
  <attribute name="Output I" value="200"/>
  <attribute name="Output T" value="4"/>
  <attribute name="Target GC Util Change" value ="20.000000" />
  <attribute name="Current GC Util Change" value="40.000000"/>
  <attribute name="GC Util currently" value="40" />
  <attribute name="CPU Util currently" value="6931301521569" />
<allocation-satisfied id="1139" threadId="00000000013C3700" bytesRequested="133168" />
<af-end id="1140" timestamp="2019-06-15T04:55:45.213" threadId="00000000013C4088" success="true" from="nursery"/>
<exclusive-end id="1141" timestamp="2019-06-15T04:55:45.213" durationms="0.558" />

<exclusive-start id="1142" timestamp="2019-06-15T04:55:45.214" intervalms="0.715">
  <response-info timems="0.022" idlems="0.022" threads="0" lastid="00000000013C3700" lastname="main" />
</exclusive-start>
<af-start id="1143" threadId="00000000013C4088" totalBytesRequested="133856" timestamp="2019-06-15T04:55:45.214" intervalms="0.715" type="nursery" />
<cycle-start id="1144" type="scavenge" contextid="0" timestamp="2019-06-15T04:55:45.214" intervalms="0.716" />
<gc-start id="1145" type="scavenge" contextid="1144" timestamp="2019-06-15T04:55:45.214">
  <mem-info id="1146" free="4859784" total="8388608" percent="57">
    <mem type="nursery" free="70584" total="2097152" percent="3">
      <mem type="allocate" free="70584" total="1835008" percent="3" />
      <mem type="survivor" free="0" total="262144" percent="0" />
    </mem>
    <mem type="tenure" free="4789200" total="6291456" percent="76">
      <mem type="soa" free="4474832" total="5977088" percent="74" />
      <mem type="loa" free="314368" total="314368" percent="100" />
    </mem>
    <remembered-set count="56" />
  </mem-info>
</gc-start>
<allocation-stats totalBytes="1658664" >
  <allocated-bytes non-tlh="1601320" tlh="57344" />
  <largest-consumer threadName="main" threadId="00000000013C3700" bytes="1658664" />
</allocation-stats>
<gc-op id="1147" type="scavenge" timems="0.128" contextid="1144" timestamp="2019-06-15T04:55:45.214">
  <scavenger-info tenureage="14" tenuremask="4000" tiltratio="87" />
  <memory-copied type="nursery" objects="2" bytes="66952" bytesdiscarded="39144" />
</gc-op>
<gc-end id="1148" type="scavenge" contextid="1144" durationms="0.256" usertimems="4.000" systemtimems="0.000" timestamp="2019-06-15T04:55:45.214" activeThreads="4">
  <mem-info id="1149" free="6518112" total="8388608" percent="77">
    <mem type="nursery" free="1728912" total="2097152" percent="82">
      <mem type="allocate" free="1728912" total="1835008" percent="94" />
      <mem type="survivor" free="0" total="262144" percent="0" />
    </mem>
    <mem type="tenure" free="4789200" total="6291456" percent="76">
      <mem type="soa" free="4474832" total="5977088" percent="74" />
      <mem type="loa" free="314368" total="314368" percent="100" />
    </mem>
    <remembered-set count="56" />
  </mem-info>
</gc-end>
<cycle-end id="1150" type="scavenge" contextid="1144" timestamp="2019-06-15T04:55:45.214" />
  <attribute name="elasticGC enabled" value="1" />
  <attribute name= "numThreadsSpecified" value="4" />
  <attribute name="heapSize specified" value="0" />
  <attribute name="Current GC Util" value="44" />
  <attribute name= "Current Time Running" value="648" />
  <attribute name ="GC Interval" value="200" />
  <attribute name="ProportionalT" value="12.000000" />
  <attribute name="ProportionalI" value="12.000000" />
  <attribute name="ProportionalH" value="12.000000" />
  <attribute name="Current Error" value="24.000000" />
  <attribute name="IntegralT" value="24.000000" />
  <attribute name="IntegralI" value="24.000000" />
  <attribute name="IntegralH" value="24.000000" />
  <attribute name="DerivativeT" value="6.000000" />
  <attribute name="DerivativeI" value="6.000000" />
  <attribute name="DerivativeH" value="6.000000" />
  <attribute name="Loop Time for DT" value="1.000000" />
  <attribute name="Output H" value="8388608"/>
  <attribute name="Output I" value="200"/>
  <attribute name="Output T" value="4"/>
  <attribute name="Target GC Util Change" value ="20.000000" />
  <attribute name="Current GC Util Change" value="44.000000"/>
  <attribute name="GC Util currently" value="44" />
  <attribute name="CPU Util currently" value="6443953236177" />
<allocation-satisfied id="1151" threadId="00000000013C3700" bytesRequested="133856" />
<af-end id="1152" timestamp="2019-06-15T04:55:45.214" threadId="00000000013C4088" success="true" from="nursery"/>
<exclusive-end id="1153" timestamp="2019-06-15T04:55:45.214" durationms="0.555" />

<exclusive-start id="1154" timestamp="2019-06-15T04:55:45.214" intervalms="0.704">
  <response-info timems="0.018" idlems="0.018" threads="0" lastid="00000000013C3700" lastname="main" />
</exclusive-start>
<af-start id="1155" threadId="00000000013C4088" totalBytesRequested="134552" timestamp="2019-06-15T04:55:45.214" intervalms="0.704" type="nursery" />
<cycle-start id="1156" type="scavenge" contextid="0" timestamp="2019-06-15T04:55:45.214" intervalms="0.703" />
<gc-start id="1157" type="scavenge" contextid="1156" timestamp="2019-06-15T04:55:45.214">
  <mem-info id="1158" free="4851064" total="8388608" percent="57">
    <mem type="nursery" free="61864" total="2097152" percent="2">
      <mem type="allocate" free="61864" total="1835008" percent="3" />
      <mem type="survivor" free="0" total="262144" percent="0" />
    </mem>
    <mem type="tenure" free="4789200" total="6291456" percent="76">
      <mem type="soa" free="4474832" total="5977088" percent="74" />
      <mem type="loa" free="314368" total="314368" percent="100" />
    </mem>
    <remembered-set count="56" />
  </mem-info>
</gc-start>
<allocation-stats totalBytes="1667048" >
  <allocated-bytes non-tlh="1609704" tlh="57344" />
  <largest-consumer threadName="main" threadId="00000000013C3700" bytes="1667048" />
</allocation-stats>
<gc-op id="1159" type="scavenge" timems="0.127" contextid="1156" timestamp="2019-06-15T04:55:45.215">
  <scavenger-info tenureage="14" tenuremask="4000" tiltratio="87" />
  <memory-copied type="nursery" objects="2" bytes="67304" bytesdiscarded="39144" />
</gc-op>
<gc-end id="1160" type="scavenge" contextid="1156" durationms="0.262" usertimems="0.000" systemtimems="0.000" timestamp="2019-06-15T04:55:45.215" activeThreads="4">
  <mem-info id="1161" free="6517760" total="8388608" percent="77">
    <mem type="nursery" free="1728560" total="2097152" percent="82">
      <mem type="allocate" free="1728560" total="1835008" percent="94" />
      <mem type="survivor" free="0" total="262144" percent="0" />
    </mem>
    <mem type="tenure" free="4789200" total="6291456" percent="76">
      <mem type="soa" free="4474832" total="5977088" percent="74" />
      <mem type="loa" free="314368" total="314368" percent="100" />
    </mem>
    <remembered-set count="56" />
  </mem-info>
</gc-end>
<cycle-end id="1162" type="scavenge" contextid="1156" timestamp="2019-06-15T04:55:45.215" />
  <attribute name="elasticGC enabled" value="1" />
  <attribute name= "numThreadsSpecified" value="4" />
  <attribute name="heapSize specified" value="0" />
  <attribute name="Current GC Util" value="44" />
  <attribute name= "Current Time Running" value="648" />
  <attribute name ="GC Interval" value="200" />
  <attribute name="ProportionalT" value="12.000000" />
  <attribute name="ProportionalI" value="12.000000" />
  <attribute name="ProportionalH" value="12.000000" />
  <attribute name="Current Error" value="24.000000" />
  <attribute name="IntegralT" value="0.000000" />
  <attribute name="IntegralI" value="0.000000" />
  <attribute name="IntegralH" value="0.000000" />
  <attribute name="DerivativeT" value="-nan" />
  <attribute name="DerivativeI" value="-nan" />
  <attribute name="DerivativeH" value="-nan" />
  <attribute name="Loop Time for DT" value="0.000000" />
  <attribute name="Output H" value="2092630016"/>
  <attribute name="Output I" value="200"/>
  <attribute name="Output T" value="4"/>
  <attribute name="Target GC Util Change" value ="20.000000" />
  <attribute name="Current GC Util Change" value="44.000000"/>
  <attribute name="GC Util currently" value="44" />
  <attribute name="CPU Util currently" value="6502219275835" />
<allocation-satisfied id="1163" threadId="00000000013C3700" bytesRequested="134552" />
<af-end id="1164" timestamp="2019-06-15T04:55:45.215" threadId="00000000013C4088" success="true" from="nursery"/>
<exclusive-end id="1165" timestamp="2019-06-15T04:55:45.215" durationms="0.670" />

<exclusive-start id="1166" timestamp="2019-06-15T04:55:45.215" intervalms="0.822">
  <response-info timems="0.022" idlems="0.022" threads="0" lastid="00000000013C3700" lastname="main" />
</exclusive-start>
<af-start id="1167" threadId="00000000013C4088" totalBytesRequested="135376" timestamp="2019-06-15T04:55:45.215" intervalms="0.823" type="nursery" />
<cycle-start id="1168" type="scavenge" contextid="0" timestamp="2019-06-15T04:55:45.215" intervalms="0.824" />
<gc-start id="1169" type="scavenge" contextid="1168" timestamp="2019-06-15T04:55:45.215">
  <mem-info id="1170" free="4841432" total="8388608" percent="57">
    <mem type="nursery" free="52232" total="2097152" percent="2">
      <mem type="allocate" free="52232" total="1835008" percent="2" />
      <mem type="survivor" free="0" total="262144" percent="0" />
    </mem>
    <mem type="tenure" free="4789200" total="6291456" percent="76">
      <mem type="soa" free="4474832" total="5977088" percent="74" />
      <mem type="loa" free="314368" total="314368" percent="100" />
    </mem>
    <remembered-set count="56" />
  </mem-info>
</gc-start>
<allocation-stats totalBytes="1676328" >
  <allocated-bytes non-tlh="1618984" tlh="57344" />
  <largest-consumer threadName="main" threadId="00000000013C3700" bytes="1676328" />
</allocation-stats>
<gc-op id="1171" type="scavenge" timems="0.131" contextid="1168" timestamp="2019-06-15T04:55:45.216">
  <scavenger-info tenureage="14" tenuremask="4000" tiltratio="87" />
  <memory-copied type="nursery" objects="2" bytes="67720" bytesdiscarded="39144" />
</gc-op>
<gc-end id="1172" type="scavenge" contextid="1168" durationms="0.266" usertimems="0.000" systemtimems="0.000" timestamp="2019-06-15T04:55:45.216" activeThreads="4">
  <mem-info id="1173" free="6517344" total="8388608" percent="77">
    <mem type="nursery" free="1728144" total="2097152" percent="82">
      <mem type="allocate" free="1728144" total="1835008" percent="94" />
      <mem type="survivor" free="0" total="262144" percent="0" />
    </mem>
    <mem type="tenure" free="4789200" total="6291456" percent="76">
      <mem type="soa" free="4474832" total="5977088" percent="74" />
      <mem type="loa" free="314368" total="314368" percent="100" />
    </mem>
    <remembered-set count="56" />
  </mem-info>
</gc-end>
<cycle-end id="1174" type="scavenge" contextid="1168" timestamp="2019-06-15T04:55:45.216" />
  <attribute name="elasticGC enabled" value="1" />
  <attribute name= "numThreadsSpecified" value="4" />
  <attribute name="heapSize specified" value="0" />
  <attribute name="Current GC Util" value="40" />
  <attribute name= "Current Time Running" value="649" />
  <attribute name ="GC Interval" value="200" />
  <attribute name="ProportionalT" value="10.000000" />
  <attribute name="ProportionalI" value="10.000000" />
  <attribute name="ProportionalH" value="10.000000" />
  <attribute name="Current Error" value="20.000000" />
  <attribute name="IntegralT" value="20.000000" />
  <attribute name="IntegralI" value="20.000000" />
  <attribute name="IntegralH" value="20.000000" />
  <attribute name="DerivativeT" value="-6.000000" />
  <attribute name="DerivativeI" value="-6.000000" />
  <attribute name="DerivativeH" value="-6.000000" />
  <attribute name="Loop Time for DT" value="1.000000" />
  <attribute name="Output H" value="8388608"/>
  <attribute name="Output I" value="200"/>
  <attribute name="Output T" value="4"/>
  <attribute name="Target GC Util Change" value ="20.000000" />
  <attribute name="Current GC Util Change" value="40.000000"/>
  <attribute name="GC Util currently" value="40" />
  <attribute name="CPU Util currently" value="5634899185547" />
<allocation-satisfied id="1175" threadId="00000000013C3700" bytesRequested="135376" />
<af-end id="1176" timestamp="2019-06-15T04:55:45.216" threadId="00000000013C4088" success="true" from="nursery"/>
<exclusive-end id="1177" timestamp="2019-06-15T04:55:45.216" durationms="0.569" />

<exclusive-start id="1178" timestamp="2019-06-15T04:55:45.216" intervalms="0.724">
  <response-info timems="0.025" idlems="0.025" threads="0" lastid="00000000013C3700" lastname="main" />
</exclusive-start>
<af-start id="1179" threadId="00000000013C4088" totalBytesRequested="136160" timestamp="2019-06-15T04:55:45.216" intervalms="0.723" type="nursery" />
<cycle-start id="1180" type="scavenge" contextid="0" timestamp="2019-06-15T04:55:45.216" intervalms="0.723" />
<gc-start id="1181" type="scavenge" contextid="1180" timestamp="2019-06-15T04:55:45.216">
  <mem-info id="1182" free="4831512" total="8388608" percent="57">
    <mem type="nursery" free="42312" total="2097152" percent="2">
      <mem type="allocate" free="42312" total="1835008" percent="2" />
      <mem type="survivor" free="0" total="262144" percent="0" />
    </mem>
    <mem type="tenure" free="4789200" total="6291456" percent="76">
      <mem type="soa" free="4474832" total="5977088" percent="74" />
      <mem type="loa" free="314368" total="314368" percent="100" />
    </mem>
    <remembered-set count="56" />
  </mem-info>
</gc-start>
<allocation-stats totalBytes="1685832" >
  <allocated-bytes non-tlh="1628488" tlh="57344" />
  <largest-consumer threadName="main" threadId="00000000013C3700" bytes="1685832" />
</allocation-stats>
<gc-op id="1183" type="scavenge" timems="0.130" contextid="1180" timestamp="2019-06-15T04:55:45.216">
  <scavenger-info tenureage="14" tenuremask="4000" tiltratio="87" />
  <memory-copied type="nursery" objects="2" bytes="68104" bytesdiscarded="39144" />
</gc-op>
<gc-end id="1184" type="scavenge" contextid="1180" durationms="0.258" usertimems="0.000" systemtimems="0.000" timestamp="2019-06-15T04:55:45.216" activeThreads="4">
  <mem-info id="1185" free="6516960" total="8388608" percent="77">
    <mem type="nursery" free="1727760" total="2097152" percent="82">
      <mem type="allocate" free="1727760" total="1835008" percent="94" />
      <mem type="survivor" free="0" total="262144" percent="0" />
    </mem>
    <mem type="tenure" free="4789200" total="6291456" percent="76">
      <mem type="soa" free="4474832" total="5977088" percent="74" />
      <mem type="loa" free="314368" total="314368" percent="100" />
    </mem>
    <remembered-set count="56" />
  </mem-info>
</gc-end>
<cycle-end id="1186" type="scavenge" contextid="1180" timestamp="2019-06-15T04:55:45.216" />
  <attribute name="elasticGC enabled" value="1" />
  <attribute name= "numThreadsSpecified" value="4" />
  <attribute name="heapSize specified" value="0" />
  <attribute name="Current GC Util" value="47" />
  <attribute name= "Current Time Running" value="650" />
  <attribute name ="GC Interval" value="200" />
  <attribute name="ProportionalT" value="13.500000" />
  <attribute name="ProportionalI" value="13.500000" />
  <attribute name="ProportionalH" value="13.500000" />
  <attribute name="Current Error" value="27.000000" />
  <attribute name="IntegralT" value="27.000000" />
  <attribute name="IntegralI" value="27.000000" />
  <attribute name="IntegralH" value="27.000000" />
  <attribute name="DerivativeT" value="10.500000" />
  <attribute name="DerivativeI" value="10.500000" />
  <attribute name="DerivativeH" value="10.500000" />
  <attribute name="Loop Time for DT" value="1.000000" />
  <attribute name="Output H" value="8388608"/>
  <attribute name="Output I" value="200"/>
  <attribute name="Output T" value="4"/>
  <attribute name="Target GC Util Change" value ="20.000000" />
  <attribute name="Current GC Util Change" value="47.000000"/>
  <attribute name="GC Util currently" value="47" />
  <attribute name="CPU Util currently" value="6380015877708" />
<allocation-satisfied id="1187" threadId="00000000013C3700" bytesRequested="136160" />
<af-end id="1188" timestamp="2019-06-15T04:55:45.216" threadId="00000000013C4088" success="true" from="nursery"/>
<exclusive-end id="1189" timestamp="2019-06-15T04:55:45.216" durationms="0.559" />

<exclusive-start id="1190" timestamp="2019-06-15T04:55:45.217" intervalms="0.714">
  <response-info timems="0.023" idlems="0.023" threads="0" lastid="00000000013C3700" lastname="main" />
</exclusive-start>
<af-start id="1191" threadId="00000000013C4088" totalBytesRequested="136968" timestamp="2019-06-15T04:55:45.217" intervalms="0.715" type="nursery" />
<cycle-start id="1192" type="scavenge" contextid="0" timestamp="2019-06-15T04:55:45.217" intervalms="0.715" />
<gc-start id="1193" type="scavenge" contextid="1192" timestamp="2019-06-15T04:55:45.217">
  <mem-info id="1194" free="4821888" total="8388608" percent="57">
    <mem type="nursery" free="32688" total="2097152" percent="1">
      <mem type="allocate" free="32688" total="1835008" percent="1" />
      <mem type="survivor" free="0" total="262144" percent="0" />
    </mem>
    <mem type="tenure" free="4789200" total="6291456" percent="76">
      <mem type="soa" free="4474832" total="5977088" percent="74" />
      <mem type="loa" free="314368" total="314368" percent="100" />
    </mem>
    <remembered-set count="56" />
  </mem-info>
</gc-start>
<allocation-stats totalBytes="1695072" >
  <allocated-bytes non-tlh="1637728" tlh="57344" />
  <largest-consumer threadName="main" threadId="00000000013C3700" bytes="1695072" />
</allocation-stats>
<gc-op id="1195" type="scavenge" timems="0.128" contextid="1192" timestamp="2019-06-15T04:55:45.217">
  <scavenger-info tenureage="14" tenuremask="4000" tiltratio="87" />
  <memory-copied type="nursery" objects="2" bytes="68512" bytesdiscarded="39144" />
</gc-op>
<gc-end id="1196" type="scavenge" contextid="1192" durationms="0.256" usertimems="0.000" systemtimems="0.000" timestamp="2019-06-15T04:55:45.217" activeThreads="4">
  <mem-info id="1197" free="6516552" total="8388608" percent="77">
    <mem type="nursery" free="1727352" total="2097152" percent="82">
      <mem type="allocate" free="1727352" total="1835008" percent="94" />
      <mem type="survivor" free="0" total="262144" percent="0" />
    </mem>
    <mem type="tenure" free="4789200" total="6291456" percent="76">
      <mem type="soa" free="4474832" total="5977088" percent="74" />
      <mem type="loa" free="314368" total="314368" percent="100" />
    </mem>
    <remembered-set count="56" />
  </mem-info>
</gc-end>
<cycle-end id="1198" type="scavenge" contextid="1192" timestamp="2019-06-15T04:55:45.217" />
  <attribute name="elasticGC enabled" value="1" />
  <attribute name= "numThreadsSpecified" value="4" />
  <attribute name="heapSize specified" value="0" />
  <attribute name="Current GC Util" value="44" />
  <attribute name= "Current Time Running" value="651" />
  <attribute name ="GC Interval" value="200" />
  <attribute name="ProportionalT" value="12.000000" />
  <attribute name="ProportionalI" value="12.000000" />
  <attribute name="ProportionalH" value="12.000000" />
  <attribute name="Current Error" value="24.000000" />
  <attribute name="IntegralT" value="24.000000" />
  <attribute name="IntegralI" value="24.000000" />
  <attribute name="IntegralH" value="24.000000" />
  <attribute name="DerivativeT" value="-4.500000" />
  <attribute name="DerivativeI" value="-4.500000" />
  <attribute name="DerivativeH" value="-4.500000" />
  <attribute name="Loop Time for DT" value="1.000000" />
  <attribute name="Output H" value="8388608"/>
  <attribute name="Output I" value="200"/>
  <attribute name="Output T" value="4"/>
  <attribute name="Target GC Util Change" value ="20.000000" />
  <attribute name="Current GC Util Change" value="44.000000"/>
  <attribute name="GC Util currently" value="44" />
  <attribute name="CPU Util currently" value="6449134813048" />
<allocation-satisfied id="1199" threadId="00000000013C3700" bytesRequested="136968" />
<af-end id="1200" timestamp="2019-06-15T04:55:45.217" threadId="00000000013C4088" success="true" from="nursery"/>
<exclusive-end id="1201" timestamp="2019-06-15T04:55:45.217" durationms="0.557" />

<exclusive-start id="1202" timestamp="2019-06-15T04:55:45.217" intervalms="0.706">
  <response-info timems="0.017" idlems="0.017" threads="0" lastid="00000000013C3700" lastname="main" />
</exclusive-start>
<af-start id="1203" threadId="00000000013C4088" totalBytesRequested="137768" timestamp="2019-06-15T04:55:45.217" intervalms="0.705" type="nursery" />
<cycle-start id="1204" type="scavenge" contextid="0" timestamp="2019-06-15T04:55:45.217" intervalms="0.704" />
<gc-start id="1205" type="scavenge" contextid="1204" timestamp="2019-06-15T04:55:45.217">
  <mem-info id="1206" free="4811688" total="8388608" percent="57">
    <mem type="nursery" free="22488" total="2097152" percent="1">
      <mem type="allocate" free="22488" total="1835008" percent="1" />
      <mem type="survivor" free="0" total="262144" percent="0" />
    </mem>
    <mem type="tenure" free="4789200" total="6291456" percent="76">
      <mem type="soa" free="4474832" total="5977088" percent="74" />
      <mem type="loa" free="314368" total="314368" percent="100" />
    </mem>
    <remembered-set count="56" />
  </mem-info>
</gc-start>
<allocation-stats totalBytes="1704864" >
  <allocated-bytes non-tlh="1647520" tlh="57344" />
  <largest-consumer threadName="main" threadId="00000000013C3700" bytes="1704864" />
</allocation-stats>
<gc-op id="1207" type="scavenge" timems="0.128" contextid="1204" timestamp="2019-06-15T04:55:45.218">
  <scavenger-info tenureage="14" tenuremask="4000" tiltratio="87" />
  <memory-copied type="nursery" objects="2" bytes="68912" bytesdiscarded="39144" />
</gc-op>
<gc-end id="1208" type="scavenge" contextid="1204" durationms="0.257" usertimems="0.000" systemtimems="0.000" timestamp="2019-06-15T04:55:45.218" activeThreads="4">
  <mem-info id="1209" free="6516152" total="8388608" percent="77">
    <mem type="nursery" free="1726952" total="2097152" percent="82">
      <mem type="allocate" free="1726952" total="1835008" percent="94" />
      <mem type="survivor" free="0" total="262144" percent="0" />
    </mem>
    <mem type="tenure" free="4789200" total="6291456" percent="76">
      <mem type="soa" free="4474832" total="5977088" percent="74" />
      <mem type="loa" free="314368" total="314368" percent="100" />
    </mem>
    <remembered-set count="56" />
  </mem-info>
</gc-end>
<cycle-end id="1210" type="scavenge" contextid="1204" timestamp="2019-06-15T04:55:45.218" />
  <attribute name="elasticGC enabled" value="1" />
  <attribute name= "numThreadsSpecified" value="4" />
  <attribute name="heapSize specified" value="0" />
  <attribute name="Current GC Util" value="44" />
  <attribute name= "Current Time Running" value="651" />
  <attribute name ="GC Interval" value="200" />
  <attribute name="ProportionalT" value="12.000000" />
  <attribute name="ProportionalI" value="12.000000" />
  <attribute name="ProportionalH" value="12.000000" />
  <attribute name="Current Error" value="24.000000" />
  <attribute name="IntegralT" value="0.000000" />
  <attribute name="IntegralI" value="0.000000" />
  <attribute name="IntegralH" value="0.000000" />
  <attribute name="DerivativeT" value="-nan" />
  <attribute name="DerivativeI" value="-nan" />
  <attribute name="DerivativeH" value="-nan" />
  <attribute name="Loop Time for DT" value="0.000000" />
  <attribute name="Output H" value="2092630016"/>
  <attribute name="Output I" value="200"/>
  <attribute name="Output T" value="4"/>
  <attribute name="Target GC Util Change" value ="20.000000" />
  <attribute name="Current GC Util Change" value="44.000000"/>
  <attribute name="GC Util currently" value="44" />
  <attribute name="CPU Util currently" value="6556641634830" />
<allocation-satisfied id="1211" threadId="00000000013C3700" bytesRequested="137768" />
<af-end id="1212" timestamp="2019-06-15T04:55:45.218" threadId="00000000013C4088" success="true" from="nursery"/>
<exclusive-end id="1213" timestamp="2019-06-15T04:55:45.218" durationms="0.557" />

<exclusive-start id="1214" timestamp="2019-06-15T04:55:45.218" intervalms="0.705">
  <response-info timems="0.018" idlems="0.018" threads="0" lastid="00000000013C3700" lastname="main" />
</exclusive-start>
<af-start id="1215" threadId="00000000013C4088" totalBytesRequested="138480" timestamp="2019-06-15T04:55:45.218" intervalms="0.705" type="nursery" />
<cycle-start id="1216" type="scavenge" contextid="0" timestamp="2019-06-15T04:55:45.218" intervalms="0.706" />
<gc-start id="1217" type="scavenge" contextid="1216" timestamp="2019-06-15T04:55:45.218">
  <mem-info id="1218" free="4802048" total="8388608" percent="57">
    <mem type="nursery" free="12848" total="2097152" percent="0">
      <mem type="allocate" free="12848" total="1835008" percent="0" />
      <mem type="survivor" free="0" total="262144" percent="0" />
    </mem>
    <mem type="tenure" free="4789200" total="6291456" percent="76">
      <mem type="soa" free="4474832" total="5977088" percent="74" />
      <mem type="loa" free="314368" total="314368" percent="100" />
    </mem>
    <remembered-set count="56" />
  </mem-info>
</gc-start>
<allocation-stats totalBytes="1714104" >
  <allocated-bytes non-tlh="1656760" tlh="57344" />
  <largest-consumer threadName="main" threadId="00000000013C3700" bytes="1714104" />
</allocation-stats>
<gc-op id="1219" type="scavenge" timems="0.130" contextid="1216" timestamp="2019-06-15T04:55:45.218">
  <scavenger-info tenureage="14" tenuremask="4000" tiltratio="87" />
  <memory-copied type="nursery" objects="2" bytes="69264" bytesdiscarded="39144" />
</gc-op>
<gc-end id="1220" type="scavenge" contextid="1216" durationms="0.257" usertimems="4.000" systemtimems="0.000" timestamp="2019-06-15T04:55:45.218" activeThreads="4">
  <mem-info id="1221" free="6515800" total="8388608" percent="77">
    <mem type="nursery" free="1726600" total="2097152" percent="82">
      <mem type="allocate" free="1726600" total="1835008" percent="94" />
      <mem type="survivor" free="0" total="262144" percent="0" />
    </mem>
    <mem type="tenure" free="4789200" total="6291456" percent="76">
      <mem type="soa" free="4474832" total="5977088" percent="74" />
      <mem type="loa" free="314368" total="314368" percent="100" />
    </mem>
    <remembered-set count="56" />
  </mem-info>
</gc-end>
<cycle-end id="1222" type="scavenge" contextid="1216" timestamp="2019-06-15T04:55:45.218" />
  <attribute name="elasticGC enabled" value="1" />
  <attribute name= "numThreadsSpecified" value="4" />
  <attribute name="heapSize specified" value="0" />
  <attribute name="Current GC Util" value="44" />
  <attribute name= "Current Time Running" value="652" />
  <attribute name ="GC Interval" value="200" />
  <attribute name="ProportionalT" value="12.000000" />
  <attribute name="ProportionalI" value="12.000000" />
  <attribute name="ProportionalH" value="12.000000" />
  <attribute name="Current Error" value="24.000000" />
  <attribute name="IntegralT" value="24.000000" />
  <attribute name="IntegralI" value="24.000000" />
  <attribute name="IntegralH" value="24.000000" />
  <attribute name="DerivativeT" value="0.000000" />
  <attribute name="DerivativeI" value="0.000000" />
  <attribute name="DerivativeH" value="0.000000" />
  <attribute name="Loop Time for DT" value="1.000000" />
  <attribute name="Output H" value="8388608"/>
  <attribute name="Output I" value="200"/>
  <attribute name="Output T" value="4"/>
  <attribute name="Target GC Util Change" value ="20.000000" />
  <attribute name="Current GC Util Change" value="44.000000"/>
  <attribute name="GC Util currently" value="44" />
  <attribute name="CPU Util currently" value="6535799140747" />
<allocation-satisfied id="1223" threadId="00000000013C3700" bytesRequested="138480" />
<af-end id="1224" timestamp="2019-06-15T04:55:45.219" threadId="00000000013C4088" success="true" from="nursery"/>
<exclusive-end id="1225" timestamp="2019-06-15T04:55:45.219" durationms="0.562" />

<exclusive-start id="1226" timestamp="2019-06-15T04:55:45.219" intervalms="0.708">
  <response-info timems="0.018" idlems="0.018" threads="0" lastid="00000000013C3700" lastname="main" />
</exclusive-start>
<af-start id="1227" threadId="00000000013C4088" totalBytesRequested="69608" timestamp="2019-06-15T04:55:45.219" intervalms="0.709" type="nursery" />
<cycle-start id="1228" type="scavenge" contextid="0" timestamp="2019-06-15T04:55:45.219" intervalms="0.750" />
<gc-start id="1229" type="scavenge" contextid="1228" timestamp="2019-06-15T04:55:45.219">
  <mem-info id="1230" free="4862488" total="8388608" percent="57">
    <mem type="nursery" free="73288" total="2097152" percent="3">
      <mem type="allocate" free="73288" total="1835008" percent="3" />
      <mem type="survivor" free="0" total="262144" percent="0" />
    </mem>
    <mem type="tenure" free="4789200" total="6291456" percent="76">
      <mem type="soa" free="4474832" total="5977088" percent="74" />
      <mem type="loa" free="314368" total="314368" percent="100" />
    </mem>
    <remembered-set count="56" />
  </mem-info>
</gc-start>
<allocation-stats totalBytes="1653312" >
  <allocated-bytes non-tlh="1595968" tlh="57344" />
  <largest-consumer threadName="main" threadId="00000000013C3700" bytes="1653312" />
</allocation-stats>
<gc-op id="1231" type="scavenge" timems="0.132" contextid="1228" timestamp="2019-06-15T04:55:45.219">
  <scavenger-info tenureage="14" tenuremask="4000" tiltratio="87" />
  <memory-copied type="nursery" objects="4" bytes="69688" bytesdiscarded="39088" />
</gc-op>
<gc-end id="1232" type="scavenge" contextid="1228" durationms="0.275" usertimems="0.000" systemtimems="0.000" timestamp="2019-06-15T04:55:45.219" activeThreads="4">
  <mem-info id="1233" free="6515432" total="8388608" percent="77">
    <mem type="nursery" free="1726232" total="2097152" percent="82">
      <mem type="allocate" free="1726232" total="1835008" percent="94" />
      <mem type="survivor" free="0" total="262144" percent="0" />
    </mem>
    <mem type="tenure" free="4789200" total="6291456" percent="76">
      <mem type="soa" free="4474832" total="5977088" percent="74" />
      <mem type="loa" free="314368" total="314368" percent="100" />
    </mem>
    <remembered-set count="56" />
  </mem-info>
</gc-end>
<cycle-end id="1234" type="scavenge" contextid="1228" timestamp="2019-06-15T04:55:45.219" />
  <attribute name="elasticGC enabled" value="1" />
  <attribute name= "numThreadsSpecified" value="4" />
  <attribute name="heapSize specified" value="0" />
  <attribute name="Current GC Util" value="40" />
  <attribute name= "Current Time Running" value="653" />
  <attribute name ="GC Interval" value="200" />
  <attribute name="ProportionalT" value="10.000000" />
  <attribute name="ProportionalI" value="10.000000" />
  <attribute name="ProportionalH" value="10.000000" />
  <attribute name="Current Error" value="20.000000" />
  <attribute name="IntegralT" value="20.000000" />
  <attribute name="IntegralI" value="20.000000" />
  <attribute name="IntegralH" value="20.000000" />
  <attribute name="DerivativeT" value="-6.000000" />
  <attribute name="DerivativeI" value="-6.000000" />
  <attribute name="DerivativeH" value="-6.000000" />
  <attribute name="Loop Time for DT" value="1.000000" />
  <attribute name="Output H" value="8388608"/>
  <attribute name="Output I" value="200"/>
  <attribute name="Output T" value="4"/>
  <attribute name="Target GC Util Change" value ="20.000000" />
  <attribute name="Current GC Util Change" value="40.000000"/>
  <attribute name="GC Util currently" value="40" />
  <attribute name="CPU Util currently" value="5999916756415" />
<allocation-satisfied id="1235" threadId="00000000013C3700" bytesRequested="69608" />
<af-end id="1236" timestamp="2019-06-15T04:55:45.219" threadId="00000000013C4088" success="true" from="nursery"/>
<exclusive-end id="1237" timestamp="2019-06-15T04:55:45.219" durationms="0.618" />

<exclusive-start id="1238" timestamp="2019-06-15T04:55:45.219" intervalms="0.764">
  <response-info timems="0.018" idlems="0.018" threads="0" lastid="00000000013C3700" lastname="main" />
</exclusive-start>
<af-start id="1239" threadId="00000000013C4088" totalBytesRequested="69968" timestamp="2019-06-15T04:55:45.220" intervalms="0.762" type="nursery" />
<cycle-start id="1240" type="scavenge" contextid="0" timestamp="2019-06-15T04:55:45.220" intervalms="0.743" />
<gc-start id="1241" type="scavenge" contextid="1240" timestamp="2019-06-15T04:55:45.220">
  <mem-info id="1242" free="4854128" total="8388608" percent="57">
    <mem type="nursery" free="64928" total="2097152" percent="3">
      <mem type="allocate" free="64928" total="1835008" percent="3" />
      <mem type="survivor" free="0" total="262144" percent="0" />
    </mem>
    <mem type="tenure" free="4789200" total="6291456" percent="76">
      <mem type="soa" free="4474832" total="5977088" percent="74" />
      <mem type="loa" free="314368" total="314368" percent="100" />
    </mem>
    <remembered-set count="56" />
  </mem-info>
</gc-start>
<allocation-stats totalBytes="1661304" >
  <allocated-bytes non-tlh="1603960" tlh="57344" />
  <largest-consumer threadName="main" threadId="00000000013C3700" bytes="1661304" />
</allocation-stats>
<gc-op id="1243" type="scavenge" timems="0.136" contextid="1240" timestamp="2019-06-15T04:55:45.220">
  <scavenger-info tenureage="14" tenuremask="4000" tiltratio="87" />
  <memory-copied type="nursery" objects="2" bytes="139720" bytesdiscarded="39152" />
</gc-op>
<gc-end id="1244" type="scavenge" contextid="1240" durationms="0.266" usertimems="0.000" systemtimems="0.000" timestamp="2019-06-15T04:55:45.220" activeThreads="4">
  <mem-info id="1245" free="6445336" total="8388608" percent="76">
    <mem type="nursery" free="1656136" total="2097152" percent="78">
      <mem type="allocate" free="1656136" total="1835008" percent="90" />
      <mem type="survivor" free="0" total="262144" percent="0" />
    </mem>
    <mem type="tenure" free="4789200" total="6291456" percent="76">
      <mem type="soa" free="4474832" total="5977088" percent="74" />
      <mem type="loa" free="314368" total="314368" percent="100" />
    </mem>
    <remembered-set count="56" />
  </mem-info>
</gc-end>
<cycle-end id="1246" type="scavenge" contextid="1240" timestamp="2019-06-15T04:55:45.220" />
  <attribute name="elasticGC enabled" value="1" />
  <attribute name= "numThreadsSpecified" value="4" />
  <attribute name="heapSize specified" value="0" />
  <attribute name="Current GC Util" value="44" />
  <attribute name= "Current Time Running" value="654" />
  <attribute name ="GC Interval" value="200" />
  <attribute name="ProportionalT" value="12.000000" />
  <attribute name="ProportionalI" value="12.000000" />
  <attribute name="ProportionalH" value="12.000000" />
  <attribute name="Current Error" value="24.000000" />
  <attribute name="IntegralT" value="24.000000" />
  <attribute name="IntegralI" value="24.000000" />
  <attribute name="IntegralH" value="24.000000" />
  <attribute name="DerivativeT" value="6.000000" />
  <attribute name="DerivativeI" value="6.000000" />
  <attribute name="DerivativeH" value="6.000000" />
  <attribute name="Loop Time for DT" value="1.000000" />
  <attribute name="Output H" value="8388608"/>
  <attribute name="Output I" value="200"/>
  <attribute name="Output T" value="4"/>
  <attribute name="Target GC Util Change" value ="20.000000" />
  <attribute name="Current GC Util Change" value="44.000000"/>
  <attribute name="GC Util currently" value="44" />
  <attribute name="CPU Util currently" value="6335577703199" />
<allocation-satisfied id="1247" threadId="00000000013C3700" bytesRequested="69968" />
<af-end id="1248" timestamp="2019-06-15T04:55:45.220" threadId="00000000013C4088" success="true" from="nursery"/>
<exclusive-end id="1249" timestamp="2019-06-15T04:55:45.220" durationms="0.587" />

<exclusive-start id="1250" timestamp="2019-06-15T04:55:45.220" intervalms="0.734">
  <response-info timems="0.018" idlems="0.018" threads="0" lastid="00000000013C3700" lastname="main" />
</exclusive-start>
<af-start id="1251" threadId="00000000013C4088" totalBytesRequested="140408" timestamp="2019-06-15T04:55:45.220" intervalms="0.735" type="nursery" />
<cycle-start id="1252" type="scavenge" contextid="0" timestamp="2019-06-15T04:55:45.220" intervalms="0.712" />
<gc-start id="1253" type="scavenge" contextid="1252" timestamp="2019-06-15T04:55:45.220">
  <mem-info id="1254" free="4846368" total="8388608" percent="57">
    <mem type="nursery" free="57168" total="2097152" percent="2">
      <mem type="allocate" free="57168" total="1835008" percent="3" />
      <mem type="survivor" free="0" total="262144" percent="0" />
    </mem>
    <mem type="tenure" free="4789200" total="6291456" percent="76">
      <mem type="soa" free="4474832" total="5977088" percent="74" />
      <mem type="loa" free="314368" total="314368" percent="100" />
    </mem>
    <remembered-set count="56" />
  </mem-info>
</gc-start>
<allocation-stats totalBytes="1598968" >
  <allocated-bytes non-tlh="1541624" tlh="57344" />
  <largest-consumer threadName="main" threadId="00000000013C3700" bytes="1598968" />
</allocation-stats>
<gc-op id="1255" type="scavenge" timems="0.088" contextid="1252" timestamp="2019-06-15T04:55:45.221">
  <scavenger-info tenureage="14" tenuremask="4000" tiltratio="87" />
  <memory-copied type="nursery" objects="2" bytes="70232" bytesdiscarded="39144" />
</gc-op>
<gc-end id="1256" type="scavenge" contextid="1252" durationms="0.215" usertimems="0.000" systemtimems="0.000" timestamp="2019-06-15T04:55:45.221" activeThreads="1">
  <mem-info id="1257" free="6514832" total="8388608" percent="77">
    <mem type="nursery" free="1725632" total="2097152" percent="82">
      <mem type="allocate" free="1725632" total="1835008" percent="94" />
      <mem type="survivor" free="0" total="262144" percent="0" />
    </mem>
    <mem type="tenure" free="4789200" total="6291456" percent="76">
      <mem type="soa" free="4474832" total="5977088" percent="74" />
      <mem type="loa" free="314368" total="314368" percent="100" />
    </mem>
    <remembered-set count="56" />
  </mem-info>
</gc-end>
<cycle-end id="1258" type="scavenge" contextid="1252" timestamp="2019-06-15T04:55:45.221" />
  <attribute name="elasticGC enabled" value="1" />
  <attribute name= "numThreadsSpecified" value="1" />
  <attribute name="heapSize specified" value="0" />
  <attribute name="Current GC Util" value="46" />
  <attribute name= "Current Time Running" value="654" />
  <attribute name ="GC Interval" value="200" />
  <attribute name="ProportionalT" value="13.000000" />
  <attribute name="ProportionalI" value="13.000000" />
  <attribute name="ProportionalH" value="13.000000" />
  <attribute name="Current Error" value="26.000000" />
  <attribute name="IntegralT" value="0.000000" />
  <attribute name="IntegralI" value="0.000000" />
  <attribute name="IntegralH" value="0.000000" />
  <attribute name="DerivativeT" value="inf" />
  <attribute name="DerivativeI" value="inf" />
  <attribute name="DerivativeH" value="inf" />
  <attribute name="Loop Time for DT" value="0.000000" />
  <attribute name="Output H" value="8388608"/>
  <attribute name="Output I" value="200"/>
  <attribute name="Output T" value="1"/>
  <attribute name="Target GC Util Change" value ="20.000000" />
  <attribute name="Current GC Util Change" value="46.000000"/>
  <attribute name="GC Util currently" value="46" />
  <attribute name="CPU Util currently" value="6498847287664" />
<allocation-satisfied id="1259" threadId="00000000013C3700" bytesRequested="140408" />
<af-end id="1260" timestamp="2019-06-15T04:55:45.221" threadId="00000000013C4088" success="true" from="nursery"/>
<exclusive-end id="1261" timestamp="2019-06-15T04:55:45.221" durationms="0.515" />

<exclusive-start id="1262" timestamp="2019-06-15T04:55:45.221" intervalms="0.658">
  <response-info timems="0.018" idlems="0.018" threads="0" lastid="00000000013C3700" lastname="main" />
</exclusive-start>
<af-start id="1263" threadId="00000000013C4088" totalBytesRequested="70568" timestamp="2019-06-15T04:55:45.221" intervalms="0.658" type="nursery" />
<cycle-start id="1264" type="scavenge" contextid="0" timestamp="2019-06-15T04:55:45.221" intervalms="0.659" />
<gc-start id="1265" type="scavenge" contextid="1264" timestamp="2019-06-15T04:55:45.221">
  <mem-info id="1266" free="4842496" total="8388608" percent="57">
    <mem type="nursery" free="53296" total="2097152" percent="2">
      <mem type="allocate" free="53296" total="1835008" percent="2" />
      <mem type="survivor" free="0" total="262144" percent="0" />
    </mem>
    <mem type="tenure" free="4789200" total="6291456" percent="76">
      <mem type="soa" free="4474832" total="5977088" percent="74" />
      <mem type="loa" free="314368" total="314368" percent="100" />
    </mem>
    <remembered-set count="56" />
  </mem-info>
</gc-start>
<allocation-stats totalBytes="1672336" >
  <allocated-bytes non-tlh="1619088" tlh="53248" />
  <largest-consumer threadName="main" threadId="00000000013C3700" bytes="1672336" />
</allocation-stats>
<gc-op id="1267" type="scavenge" timems="0.130" contextid="1264" timestamp="2019-06-15T04:55:45.221">
  <scavenger-info tenureage="14" tenuremask="4000" tiltratio="87" />
  <memory-copied type="nursery" objects="4" bytes="70648" bytesdiscarded="39088" />
</gc-op>
<gc-end id="1268" type="scavenge" contextid="1264" durationms="0.258" usertimems="0.000" systemtimems="0.000" timestamp="2019-06-15T04:55:45.221" activeThreads="4">
  <mem-info id="1269" free="6514472" total="8388608" percent="77">
    <mem type="nursery" free="1725272" total="2097152" percent="82">
      <mem type="allocate" free="1725272" total="1835008" percent="94" />
      <mem type="survivor" free="0" total="262144" percent="0" />
    </mem>
    <mem type="tenure" free="4789200" total="6291456" percent="76">
      <mem type="soa" free="4474832" total="5977088" percent="74" />
      <mem type="loa" free="314368" total="314368" percent="100" />
    </mem>
    <remembered-set count="56" />
  </mem-info>
</gc-end>
<cycle-end id="1270" type="scavenge" contextid="1264" timestamp="2019-06-15T04:55:45.221" />
  <attribute name="elasticGC enabled" value="1" />
  <attribute name= "numThreadsSpecified" value="4" />
  <attribute name="heapSize specified" value="0" />
  <attribute name="Current GC Util" value="40" />
  <attribute name= "Current Time Running" value="655" />
  <attribute name ="GC Interval" value="200" />
  <attribute name="ProportionalT" value="10.000000" />
  <attribute name="ProportionalI" value="10.000000" />
  <attribute name="ProportionalH" value="10.000000" />
  <attribute name="Current Error" value="20.000000" />
  <attribute name="IntegralT" value="20.000000" />
  <attribute name="IntegralI" value="20.000000" />
  <attribute name="IntegralH" value="20.000000" />
  <attribute name="DerivativeT" value="-9.000000" />
  <attribute name="DerivativeI" value="-9.000000" />
  <attribute name="DerivativeH" value="-9.000000" />
  <attribute name="Loop Time for DT" value="1.000000" />
  <attribute name="Output H" value="8388608"/>
  <attribute name="Output I" value="200"/>
  <attribute name="Output T" value="4"/>
  <attribute name="Target GC Util Change" value ="20.000000" />
  <attribute name="Current GC Util Change" value="40.000000"/>
  <attribute name="GC Util currently" value="40" />
  <attribute name="CPU Util currently" value="7001884225522" />
<allocation-satisfied id="1271" threadId="00000000013C3700" bytesRequested="70568" />
<af-end id="1272" timestamp="2019-06-15T04:55:45.221" threadId="00000000013C4088" success="true" from="nursery"/>
<exclusive-end id="1273" timestamp="2019-06-15T04:55:45.221" durationms="0.557" />

<exclusive-start id="1274" timestamp="2019-06-15T04:55:45.222" intervalms="0.709">
  <response-info timems="0.022" idlems="0.022" threads="0" lastid="00000000013C3700" lastname="main" />
</exclusive-start>
<af-start id="1275" threadId="00000000013C4088" totalBytesRequested="70984" timestamp="2019-06-15T04:55:45.222" intervalms="0.708" type="nursery" />
<cycle-start id="1276" type="scavenge" contextid="0" timestamp="2019-06-15T04:55:45.222" intervalms="0.707" />
<gc-start id="1277" type="scavenge" contextid="1276" timestamp="2019-06-15T04:55:45.222">
  <mem-info id="1278" free="4829208" total="8388608" percent="57">
    <mem type="nursery" free="40008" total="2097152" percent="1">
      <mem type="allocate" free="40008" total="1835008" percent="2" />
      <mem type="survivor" free="0" total="262144" percent="0" />
    </mem>
    <mem type="tenure" free="4789200" total="6291456" percent="76">
      <mem type="soa" free="4474832" total="5977088" percent="74" />
      <mem type="loa" free="314368" total="314368" percent="100" />
    </mem>
    <remembered-set count="56" />
  </mem-info>
</gc-start>
<allocation-stats totalBytes="1685264" >
  <allocated-bytes non-tlh="1627920" tlh="57344" />
  <largest-consumer threadName="main" threadId="00000000013C3700" bytes="1685264" />
</allocation-stats>
<gc-op id="1279" type="scavenge" timems="0.136" contextid="1276" timestamp="2019-06-15T04:55:45.222">
  <scavenger-info tenureage="14" tenuremask="4000" tiltratio="87" />
  <memory-copied type="nursery" objects="2" bytes="141968" bytesdiscarded="39152" />
</gc-op>
<gc-end id="1280" type="scavenge" contextid="1276" durationms="0.265" usertimems="0.000" systemtimems="0.000" timestamp="2019-06-15T04:55:45.222" activeThreads="4">
  <mem-info id="1281" free="6443088" total="8388608" percent="76">
    <mem type="nursery" free="1653888" total="2097152" percent="78">
      <mem type="allocate" free="1653888" total="1835008" percent="90" />
      <mem type="survivor" free="0" total="262144" percent="0" />
    </mem>
    <mem type="tenure" free="4789200" total="6291456" percent="76">
      <mem type="soa" free="4474832" total="5977088" percent="74" />
      <mem type="loa" free="314368" total="314368" percent="100" />
    </mem>
    <remembered-set count="56" />
  </mem-info>
</gc-end>
<cycle-end id="1282" type="scavenge" contextid="1276" timestamp="2019-06-15T04:55:45.222" />
  <attribute name="elasticGC enabled" value="1" />
  <attribute name= "numThreadsSpecified" value="4" />
  <attribute name="heapSize specified" value="0" />
  <attribute name="Current GC Util" value="45" />
  <attribute name= "Current Time Running" value="656" />
  <attribute name ="GC Interval" value="200" />
  <attribute name="ProportionalT" value="12.500000" />
  <attribute name="ProportionalI" value="12.500000" />
  <attribute name="ProportionalH" value="12.500000" />
  <attribute name="Current Error" value="25.000000" />
  <attribute name="IntegralT" value="25.000000" />
  <attribute name="IntegralI" value="25.000000" />
  <attribute name="IntegralH" value="25.000000" />
  <attribute name="DerivativeT" value="7.500000" />
  <attribute name="DerivativeI" value="7.500000" />
  <attribute name="DerivativeH" value="7.500000" />
  <attribute name="Loop Time for DT" value="1.000000" />
  <attribute name="Output H" value="8388608"/>
  <attribute name="Output I" value="200"/>
  <attribute name="Output T" value="4"/>
  <attribute name="Target GC Util Change" value ="20.000000" />
  <attribute name="Current GC Util Change" value="45.000000"/>
  <attribute name="GC Util currently" value="45" />
  <attribute name="CPU Util currently" value="6522838585342" />
<allocation-satisfied id="1283" threadId="00000000013C3700" bytesRequested="70984" />
<af-end id="1284" timestamp="2019-06-15T04:55:45.222" threadId="00000000013C4088" success="true" from="nursery"/>
<exclusive-end id="1285" timestamp="2019-06-15T04:55:45.222" durationms="0.563" />

<exclusive-start id="1286" timestamp="2019-06-15T04:55:45.222" intervalms="0.712">
  <response-info timems="0.022" idlems="0.022" threads="0" lastid="00000000013C3700" lastname="main" />
</exclusive-start>
<af-start id="1287" threadId="00000000013C4088" totalBytesRequested="142880" timestamp="2019-06-15T04:55:45.222" intervalms="0.713" type="nursery" />
<cycle-start id="1288" type="scavenge" contextid="0" timestamp="2019-06-15T04:55:45.222" intervalms="0.714" />
<gc-start id="1289" type="scavenge" contextid="1288" timestamp="2019-06-15T04:55:45.222">
  <mem-info id="1290" free="4819568" total="8388608" percent="57">
    <mem type="nursery" free="30368" total="2097152" percent="1">
      <mem type="allocate" free="30368" total="1835008" percent="1" />
      <mem type="survivor" free="0" total="262144" percent="0" />
    </mem>
    <mem type="tenure" free="4789200" total="6291456" percent="76">
      <mem type="soa" free="4474832" total="5977088" percent="74" />
      <mem type="loa" free="314368" total="314368" percent="100" />
    </mem>
    <remembered-set count="56" />
  </mem-info>
</gc-start>
<allocation-stats totalBytes="1623520" >
  <allocated-bytes non-tlh="1566176" tlh="57344" />
  <largest-consumer threadName="main" threadId="00000000013C3700" bytes="1623520" />
</allocation-stats>
<gc-op id="1291" type="scavenge" timems="0.135" contextid="1288" timestamp="2019-06-15T04:55:45.223">
  <scavenger-info tenureage="14" tenuremask="4000" tiltratio="87" />
  <memory-copied type="nursery" objects="2" bytes="71472" bytesdiscarded="39144" />
</gc-op>
<gc-end id="1292" type="scavenge" contextid="1288" durationms="0.263" usertimems="0.000" systemtimems="4.000" timestamp="2019-06-15T04:55:45.223" activeThreads="4">
  <mem-info id="1293" free="6513592" total="8388608" percent="77">
    <mem type="nursery" free="1724392" total="2097152" percent="82">
      <mem type="allocate" free="1724392" total="1835008" percent="93" />
      <mem type="survivor" free="0" total="262144" percent="0" />
    </mem>
    <mem type="tenure" free="4789200" total="6291456" percent="76">
      <mem type="soa" free="4474832" total="5977088" percent="74" />
      <mem type="loa" free="314368" total="314368" percent="100" />
    </mem>
    <remembered-set count="56" />
  </mem-info>
</gc-end>
<cycle-end id="1294" type="scavenge" contextid="1288" timestamp="2019-06-15T04:55:45.223" />
  <attribute name="elasticGC enabled" value="1" />
  <attribute name= "numThreadsSpecified" value="4" />
  <attribute name="heapSize specified" value="0" />
  <attribute name="Current GC Util" value="45" />
  <attribute name= "Current Time Running" value="656" />
  <attribute name ="GC Interval" value="200" />
  <attribute name="ProportionalT" value="12.500000" />
  <attribute name="ProportionalI" value="12.500000" />
  <attribute name="ProportionalH" value="12.500000" />
  <attribute name="Current Error" value="25.000000" />
  <attribute name="IntegralT" value="0.000000" />
  <attribute name="IntegralI" value="0.000000" />
  <attribute name="IntegralH" value="0.000000" />
  <attribute name="DerivativeT" value="-nan" />
  <attribute name="DerivativeI" value="-nan" />
  <attribute name="DerivativeH" value="-nan" />
  <attribute name="Loop Time for DT" value="0.000000" />
  <attribute name="Output H" value="2092630016"/>
  <attribute name="Output I" value="200"/>
  <attribute name="Output T" value="4"/>
  <attribute name="Target GC Util Change" value ="20.000000" />
  <attribute name="Current GC Util Change" value="45.000000"/>
  <attribute name="GC Util currently" value="45" />
  <attribute name="CPU Util currently" value="6438932808066" />
<allocation-satisfied id="1295" threadId="00000000013C3700" bytesRequested="142880" />
<af-end id="1296" timestamp="2019-06-15T04:55:45.223" threadId="00000000013C4088" success="true" from="nursery"/>
<exclusive-end id="1297" timestamp="2019-06-15T04:55:45.223" durationms="0.653" />

<exclusive-start id="1298" timestamp="2019-06-15T04:55:45.223" intervalms="0.807">
  <response-info timems="0.022" idlems="0.022" threads="0" lastid="00000000013C3700" lastname="main" />
</exclusive-start>
<af-start id="1299" threadId="00000000013C4088" totalBytesRequested="71912" timestamp="2019-06-15T04:55:45.223" intervalms="0.809" type="nursery" />
<cycle-start id="1300" type="scavenge" contextid="0" timestamp="2019-06-15T04:55:45.223" intervalms="0.852" />
<gc-start id="1301" type="scavenge" contextid="1300" timestamp="2019-06-15T04:55:45.223">
  <mem-info id="1302" free="4812736" total="8388608" percent="57">
    <mem type="nursery" free="23536" total="2097152" percent="1">
      <mem type="allocate" free="23536" total="1835008" percent="1" />
      <mem type="survivor" free="0" total="262144" percent="0" />
    </mem>
    <mem type="tenure" free="4789200" total="6291456" percent="76">
      <mem type="soa" free="4474832" total="5977088" percent="74" />
      <mem type="loa" free="314368" total="314368" percent="100" />
    </mem>
    <remembered-set count="56" />
  </mem-info>
</gc-start>
<allocation-stats totalBytes="1700856" >
  <allocated-bytes non-tlh="1647608" tlh="53248" />
  <largest-consumer threadName="main" threadId="00000000013C3700" bytes="1700856" />
</allocation-stats>
<gc-op id="1303" type="scavenge" timems="0.129" contextid="1300" timestamp="2019-06-15T04:55:45.223">
  <scavenger-info tenureage="14" tenuremask="4000" tiltratio="87" />
  <memory-copied type="nursery" objects="4" bytes="71992" bytesdiscarded="39088" />
</gc-op>
<gc-end id="1304" type="scavenge" contextid="1300" durationms="0.270" usertimems="0.000" systemtimems="0.000" timestamp="2019-06-15T04:55:45.224" activeThreads="4">
  <mem-info id="1305" free="6513128" total="8388608" percent="77">
    <mem type="nursery" free="1723928" total="2097152" percent="82">
      <mem type="allocate" free="1723928" total="1835008" percent="93" />
      <mem type="survivor" free="0" total="262144" percent="0" />
    </mem>
    <mem type="tenure" free="4789200" total="6291456" percent="76">
      <mem type="soa" free="4474832" total="5977088" percent="74" />
      <mem type="loa" free="314368" total="314368" percent="100" />
    </mem>
    <remembered-set count="56" />
  </mem-info>
</gc-end>
<cycle-end id="1306" type="scavenge" contextid="1300" timestamp="2019-06-15T04:55:45.224" />
  <attribute name="elasticGC enabled" value="1" />
  <attribute name= "numThreadsSpecified" value="4" />
  <attribute name="heapSize specified" value="0" />
  <attribute name="Current GC Util" value="38" />
  <attribute name= "Current Time Running" value="657" />
  <attribute name ="GC Interval" value="200" />
  <attribute name="ProportionalT" value="9.000000" />
  <attribute name="ProportionalI" value="9.000000" />
  <attribute name="ProportionalH" value="9.000000" />
  <attribute name="Current Error" value="18.000000" />
  <attribute name="IntegralT" value="18.000000" />
  <attribute name="IntegralI" value="18.000000" />
  <attribute name="IntegralH" value="18.000000" />
  <attribute name="DerivativeT" value="-10.500000" />
  <attribute name="DerivativeI" value="-10.500000" />
  <attribute name="DerivativeH" value="-10.500000" />
  <attribute name="Loop Time for DT" value="1.000000" />
  <attribute name="Output H" value="8388608"/>
  <attribute name="Output I" value="200"/>
  <attribute name="Output T" value="4"/>
  <attribute name="Target GC Util Change" value ="20.000000" />
  <attribute name="Current GC Util Change" value="38.000000"/>
  <attribute name="GC Util currently" value="38" />
  <attribute name="CPU Util currently" value="5412033813258" />
<allocation-satisfied id="1307" threadId="00000000013C3700" bytesRequested="71912" />
<af-end id="1308" timestamp="2019-06-15T04:55:45.224" threadId="00000000013C4088" success="true" from="nursery"/>
<exclusive-end id="1309" timestamp="2019-06-15T04:55:45.224" durationms="0.631" />

<exclusive-start id="1310" timestamp="2019-06-15T04:55:45.224" intervalms="0.784">
  <response-info timems="0.022" idlems="0.022" threads="0" lastid="00000000013C3700" lastname="main" />
</exclusive-start>
<af-start id="1311" threadId="00000000013C4088" totalBytesRequested="72320" timestamp="2019-06-15T04:55:45.224" intervalms="0.783" type="nursery" />
<cycle-start id="1312" type="scavenge" contextid="0" timestamp="2019-06-15T04:55:45.224" intervalms="0.740" />
<gc-start id="1313" type="scavenge" contextid="1312" timestamp="2019-06-15T04:55:45.224">
  <mem-info id="1314" free="4798728" total="8388608" percent="57">
    <mem type="nursery" free="9528" total="2097152" percent="0">
      <mem type="allocate" free="9528" total="1835008" percent="0" />
      <mem type="survivor" free="0" total="262144" percent="0" />
    </mem>
    <mem type="tenure" free="4789200" total="6291456" percent="76">
      <mem type="soa" free="4474832" total="5977088" percent="74" />
      <mem type="loa" free="314368" total="314368" percent="100" />
    </mem>
    <remembered-set count="56" />
  </mem-info>
</gc-start>
<allocation-stats totalBytes="1714400" >
  <allocated-bytes non-tlh="1657056" tlh="57344" />
  <largest-consumer threadName="main" threadId="00000000013C3700" bytes="1714400" />
</allocation-stats>
<gc-op id="1315" type="scavenge" timems="0.136" contextid="1312" timestamp="2019-06-15T04:55:45.224">
  <scavenger-info tenureage="14" tenuremask="4000" tiltratio="87" />
  <memory-copied type="nursery" objects="2" bytes="144360" bytesdiscarded="39152" />
</gc-op>
<gc-end id="1316" type="scavenge" contextid="1312" durationms="0.271" usertimems="0.000" systemtimems="0.000" timestamp="2019-06-15T04:55:45.224" activeThreads="4">
  <mem-info id="1317" free="6440696" total="8388608" percent="76">
    <mem type="nursery" free="1651496" total="2097152" percent="78">
      <mem type="allocate" free="1651496" total="1835008" percent="89" />
      <mem type="survivor" free="0" total="262144" percent="0" />
    </mem>
    <mem type="tenure" free="4789200" total="6291456" percent="76">
      <mem type="soa" free="4474832" total="5977088" percent="74" />
      <mem type="loa" free="314368" total="314368" percent="100" />
    </mem>
    <remembered-set count="56" />
  </mem-info>
</gc-end>
<cycle-end id="1318" type="scavenge" contextid="1312" timestamp="2019-06-15T04:55:45.224" />
  <attribute name="elasticGC enabled" value="1" />
  <attribute name= "numThreadsSpecified" value="4" />
  <attribute name="heapSize specified" value="0" />
  <attribute name="Current GC Util" value="45" />
  <attribute name= "Current Time Running" value="658" />
  <attribute name ="GC Interval" value="200" />
  <attribute name="ProportionalT" value="12.500000" />
  <attribute name="ProportionalI" value="12.500000" />
  <attribute name="ProportionalH" value="12.500000" />
  <attribute name="Current Error" value="25.000000" />
  <attribute name="IntegralT" value="25.000000" />
  <attribute name="IntegralI" value="25.000000" />
  <attribute name="IntegralH" value="25.000000" />
  <attribute name="DerivativeT" value="10.500000" />
  <attribute name="DerivativeI" value="10.500000" />
  <attribute name="DerivativeH" value="10.500000" />
  <attribute name="Loop Time for DT" value="1.000000" />
  <attribute name="Output H" value="8388608"/>
  <attribute name="Output I" value="200"/>
  <attribute name="Output T" value="4"/>
  <attribute name="Target GC Util Change" value ="20.000000" />
  <attribute name="Current GC Util Change" value="45.000000"/>
  <attribute name="GC Util currently" value="45" />
  <attribute name="CPU Util currently" value="6250031871429" />
<allocation-satisfied id="1319" threadId="00000000013C3700" bytesRequested="72320" />
<af-end id="1320" timestamp="2019-06-15T04:55:45.224" threadId="00000000013C4088" success="true" from="nursery"/>
<exclusive-end id="1321" timestamp="2019-06-15T04:55:45.224" durationms="0.574" />

<exclusive-start id="1322" timestamp="2019-06-15T04:55:45.225" intervalms="0.741">
  <response-info timems="0.022" idlems="0.022" threads="0" lastid="00000000013C3700" lastname="main" />
</exclusive-start>
<af-start id="1323" threadId="00000000013C4088" totalBytesRequested="72624" timestamp="2019-06-15T04:55:45.225" intervalms="0.740" type="nursery" />
<cycle-start id="1324" type="scavenge" contextid="0" timestamp="2019-06-15T04:55:45.225" intervalms="0.740" />
<gc-start id="1325" type="scavenge" contextid="1324" timestamp="2019-06-15T04:55:45.225">
  <mem-info id="1326" free="4861800" total="8388608" percent="57">
    <mem type="nursery" free="72600" total="2097152" percent="3">
      <mem type="allocate" free="72600" total="1835008" percent="3" />
      <mem type="survivor" free="0" total="262144" percent="0" />
    </mem>
    <mem type="tenure" free="4789200" total="6291456" percent="76">
      <mem type="soa" free="4474832" total="5977088" percent="74" />
      <mem type="loa" free="314368" total="314368" percent="100" />
    </mem>
    <remembered-set count="56" />
  </mem-info>
</gc-start>
<allocation-stats totalBytes="1578896" >
  <allocated-bytes non-tlh="1521552" tlh="57344" />
  <largest-consumer threadName="main" threadId="00000000013C3700" bytes="1578896" />
</allocation-stats>
<gc-op id="1327" type="scavenge" timems="0.131" contextid="1324" timestamp="2019-06-15T04:55:45.225">
  <scavenger-info tenureage="14" tenuremask="4000" tiltratio="87" />
  <memory-copied type="nursery" objects="4" bytes="72704" bytesdiscarded="39088" />
</gc-op>
<gc-end id="1328" type="scavenge" contextid="1324" durationms="0.259" usertimems="0.000" systemtimems="0.000" timestamp="2019-06-15T04:55:45.225" activeThreads="4">
  <mem-info id="1329" free="6512416" total="8388608" percent="77">
    <mem type="nursery" free="1723216" total="2097152" percent="82">
      <mem type="allocate" free="1723216" total="1835008" percent="93" />
      <mem type="survivor" free="0" total="262144" percent="0" />
    </mem>
    <mem type="tenure" free="4789200" total="6291456" percent="76">
      <mem type="soa" free="4474832" total="5977088" percent="74" />
      <mem type="loa" free="314368" total="314368" percent="100" />
    </mem>
    <remembered-set count="56" />
  </mem-info>
</gc-end>
<cycle-end id="1330" type="scavenge" contextid="1324" timestamp="2019-06-15T04:55:45.225" />
  <attribute name="elasticGC enabled" value="1" />
  <attribute name= "numThreadsSpecified" value="4" />
  <attribute name="heapSize specified" value="0" />
  <attribute name="Current GC Util" value="44" />
  <attribute name= "Current Time Running" value="659" />
  <attribute name ="GC Interval" value="200" />
  <attribute name="ProportionalT" value="12.000000" />
  <attribute name="ProportionalI" value="12.000000" />
  <attribute name="ProportionalH" value="12.000000" />
  <attribute name="Current Error" value="24.000000" />
  <attribute name="IntegralT" value="24.000000" />
  <attribute name="IntegralI" value="24.000000" />
  <attribute name="IntegralH" value="24.000000" />
  <attribute name="DerivativeT" value="-1.500000" />
  <attribute name="DerivativeI" value="-1.500000" />
  <attribute name="DerivativeH" value="-1.500000" />
  <attribute name="Loop Time for DT" value="1.000000" />
  <attribute name="Output H" value="8388608"/>
  <attribute name="Output I" value="200"/>
  <attribute name="Output T" value="4"/>
  <attribute name="Target GC Util Change" value ="20.000000" />
  <attribute name="Current GC Util Change" value="44.000000"/>
  <attribute name="GC Util currently" value="44" />
  <attribute name="CPU Util currently" value="6238567056765" />
<allocation-satisfied id="1331" threadId="00000000013C3700" bytesRequested="72624" />
<af-end id="1332" timestamp="2019-06-15T04:55:45.225" threadId="00000000013C4088" success="true" from="nursery"/>
<exclusive-end id="1333" timestamp="2019-06-15T04:55:45.225" durationms="0.558" />

<exclusive-start id="1334" timestamp="2019-06-15T04:55:45.225" intervalms="0.703">
  <response-info timems="0.022" idlems="0.022" threads="0" lastid="00000000013C3700" lastname="main" />
</exclusive-start>
<af-start id="1335" threadId="00000000013C4088" totalBytesRequested="146088" timestamp="2019-06-15T04:55:45.225" intervalms="0.703" type="nursery" />
<cycle-start id="1336" type="scavenge" contextid="0" timestamp="2019-06-15T04:55:45.225" intervalms="0.702" />
<gc-start id="1337" type="scavenge" contextid="1336" timestamp="2019-06-15T04:55:45.225">
  <mem-info id="1338" free="4925512" total="8388608" percent="58">
    <mem type="nursery" free="136312" total="2097152" percent="6">
      <mem type="allocate" free="136312" total="1835008" percent="7" />
      <mem type="survivor" free="0" total="262144" percent="0" />
    </mem>
    <mem type="tenure" free="4789200" total="6291456" percent="76">
      <mem type="soa" free="4474832" total="5977088" percent="74" />
      <mem type="loa" free="314368" total="314368" percent="100" />
    </mem>
    <remembered-set count="56" />
  </mem-info>
</gc-start>
<allocation-stats totalBytes="1586904" >
  <allocated-bytes non-tlh="1529560" tlh="57344" />
  <largest-consumer threadName="main" threadId="00000000013C3700" bytes="1586904" />
</allocation-stats>
<gc-op id="1339" type="scavenge" timems="0.128" contextid="1336" timestamp="2019-06-15T04:55:45.226">
  <scavenger-info tenureage="14" tenuremask="4000" tiltratio="87" />
  <memory-copied type="nursery" objects="2" bytes="73072" bytesdiscarded="39144" />
</gc-op>
<gc-end id="1340" type="scavenge" contextid="1336" durationms="0.257" usertimems="0.000" systemtimems="0.000" timestamp="2019-06-15T04:55:45.226" activeThreads="4">
  <mem-info id="1341" free="6511992" total="8388608" percent="77">
    <mem type="nursery" free="1722792" total="2097152" percent="82">
      <mem type="allocate" free="1722792" total="1835008" percent="93" />
      <mem type="survivor" free="0" total="262144" percent="0" />
    </mem>
    <mem type="tenure" free="4789200" total="6291456" percent="76">
      <mem type="soa" free="4474832" total="5977088" percent="74" />
      <mem type="loa" free="314368" total="314368" percent="100" />
    </mem>
    <remembered-set count="56" />
  </mem-info>
</gc-end>
<cycle-end id="1342" type="scavenge" contextid="1336" timestamp="2019-06-15T04:55:45.226" />
  <attribute name="elasticGC enabled" value="1" />
  <attribute name= "numThreadsSpecified" value="4" />
  <attribute name="heapSize specified" value="0" />
  <attribute name="Current GC Util" value="44" />
  <attribute name= "Current Time Running" value="659" />
  <attribute name ="GC Interval" value="200" />
  <attribute name="ProportionalT" value="12.000000" />
  <attribute name="ProportionalI" value="12.000000" />
  <attribute name="ProportionalH" value="12.000000" />
  <attribute name="Current Error" value="24.000000" />
  <attribute name="IntegralT" value="0.000000" />
  <attribute name="IntegralI" value="0.000000" />
  <attribute name="IntegralH" value="0.000000" />
  <attribute name="DerivativeT" value="-nan" />
  <attribute name="DerivativeI" value="-nan" />
  <attribute name="DerivativeH" value="-nan" />
  <attribute name="Loop Time for DT" value="0.000000" />
  <attribute name="Output H" value="2092630016"/>
  <attribute name="Output I" value="200"/>
  <attribute name="Output T" value="4"/>
  <attribute name="Target GC Util Change" value ="20.000000" />
  <attribute name="Current GC Util Change" value="44.000000"/>
  <attribute name="GC Util currently" value="44" />
  <attribute name="CPU Util currently" value="6564985994827" />
<allocation-satisfied id="1343" threadId="00000000013C3700" bytesRequested="146088" />
<af-end id="1344" timestamp="2019-06-15T04:55:45.226" threadId="00000000013C4088" success="true" from="nursery"/>
<exclusive-end id="1345" timestamp="2019-06-15T04:55:45.226" durationms="0.555" />

<exclusive-start id="1346" timestamp="2019-06-15T04:55:45.226" intervalms="0.704">
  <response-info timems="0.022" idlems="0.022" threads="0" lastid="00000000013C3700" lastname="main" />
</exclusive-start>
<af-start id="1347" threadId="00000000013C4088" totalBytesRequested="73376" timestamp="2019-06-15T04:55:45.226" intervalms="0.704" type="nursery" />
<cycle-start id="1348" type="scavenge" contextid="0" timestamp="2019-06-15T04:55:45.226" intervalms="0.705" />
<gc-start id="1349" type="scavenge" contextid="1348" timestamp="2019-06-15T04:55:45.226">
  <mem-info id="1350" free="4849016" total="8388608" percent="57">
    <mem type="nursery" free="59816" total="2097152" percent="2">
      <mem type="allocate" free="59816" total="1835008" percent="3" />
      <mem type="survivor" free="0" total="262144" percent="0" />
    </mem>
    <mem type="tenure" free="4789200" total="6291456" percent="76">
      <mem type="soa" free="4474832" total="5977088" percent="74" />
      <mem type="loa" free="314368" total="314368" percent="100" />
    </mem>
    <remembered-set count="56" />
  </mem-info>
</gc-start>
<allocation-stats totalBytes="1662976" >
  <allocated-bytes non-tlh="1609728" tlh="53248" />
  <largest-consumer threadName="main" threadId="00000000013C3700" bytes="1662976" />
</allocation-stats>
<gc-op id="1351" type="scavenge" timems="0.134" contextid="1348" timestamp="2019-06-15T04:55:45.226">
  <scavenger-info tenureage="14" tenuremask="4000" tiltratio="87" />
  <memory-copied type="nursery" objects="2" bytes="146552" bytesdiscarded="39152" />
</gc-op>
<gc-end id="1352" type="scavenge" contextid="1348" durationms="0.263" usertimems="4.000" systemtimems="0.000" timestamp="2019-06-15T04:55:45.226" activeThreads="4">
  <mem-info id="1353" free="6438504" total="8388608" percent="76">
    <mem type="nursery" free="1649304" total="2097152" percent="78">
      <mem type="allocate" free="1649304" total="1835008" percent="89" />
      <mem type="survivor" free="0" total="262144" percent="0" />
    </mem>
    <mem type="tenure" free="4789200" total="6291456" percent="76">
      <mem type="soa" free="4474832" total="5977088" percent="74" />
      <mem type="loa" free="314368" total="314368" percent="100" />
    </mem>
    <remembered-set count="56" />
  </mem-info>
</gc-end>
<cycle-end id="1354" type="scavenge" contextid="1348" timestamp="2019-06-15T04:55:45.226" />
  <attribute name="elasticGC enabled" value="1" />
  <attribute name= "numThreadsSpecified" value="4" />
  <attribute name="heapSize specified" value="0" />
  <attribute name="Current GC Util" value="44" />
  <attribute name= "Current Time Running" value="660" />
  <attribute name ="GC Interval" value="200" />
  <attribute name="ProportionalT" value="12.000000" />
  <attribute name="ProportionalI" value="12.000000" />
  <attribute name="ProportionalH" value="12.000000" />
  <attribute name="Current Error" value="24.000000" />
  <attribute name="IntegralT" value="24.000000" />
  <attribute name="IntegralI" value="24.000000" />
  <attribute name="IntegralH" value="24.000000" />
  <attribute name="DerivativeT" value="0.000000" />
  <attribute name="DerivativeI" value="0.000000" />
  <attribute name="DerivativeH" value="0.000000" />
  <attribute name="Loop Time for DT" value="1.000000" />
  <attribute name="Output H" value="8388608"/>
  <attribute name="Output I" value="200"/>
  <attribute name="Output T" value="4"/>
  <attribute name="Target GC Util Change" value ="20.000000" />
  <attribute name="Current GC Util Change" value="44.000000"/>
  <attribute name="GC Util currently" value="44" />
  <attribute name="CPU Util currently" value="6534215602451" />
<allocation-satisfied id="1355" threadId="00000000013C3700" bytesRequested="73376" />
<af-end id="1356" timestamp="2019-06-15T04:55:45.227" threadId="00000000013C4088" success="true" from="nursery"/>
<exclusive-end id="1357" timestamp="2019-06-15T04:55:45.227" durationms="0.568" />

<exclusive-start id="1358" timestamp="2019-06-15T04:55:45.227" intervalms="0.748">
  <response-info timems="0.017" idlems="0.017" threads="0" lastid="00000000013C3700" lastname="main" />
</exclusive-start>
<sys-start reason="explicit" id="1359" timestamp="2019-06-15T04:55:45.227" intervalms="773.042" />
<cycle-start id="1360" type="global" contextid="0" timestamp="2019-06-15T04:55:45.227" intervalms="773.173" />
<gc-start id="1361" type="global" contextid="1360" timestamp="2019-06-15T04:55:45.227">
  <mem-info id="1362" free="6311880" total="8388608" percent="75">
    <mem type="nursery" free="1522680" total="2097152" percent="72">
      <mem type="allocate" free="1522680" total="1835008" percent="82" />
      <mem type="survivor" free="0" total="262144" percent="0" />
    </mem>
    <mem type="tenure" free="4789200" total="6291456" percent="76">
      <mem type="soa" free="4474832" total="5977088" percent="74" />
      <mem type="loa" free="314368" total="314368" percent="100" />
    </mem>
    <remembered-set count="56" />
  </mem-info>
</gc-start>
<allocation-stats totalBytes="126624" >
  <allocated-bytes non-tlh="73376" tlh="53248" />
  <largest-consumer threadName="main" threadId="00000000013C3700" bytes="126624" />
</allocation-stats>
<gc-op id="1363" type="mark" timems="1.376" contextid="1360" timestamp="2019-06-15T04:55:45.229">
  <trace-info objectcount="18975" scancount="15708" scanbytes="514964" />
  <finalization candidates="45" enqueued="0" />
  <ownableSynchronizers candidates="1" cleared="0" />
  <references type="soft" candidates="66" cleared="0" enqueued="0" dynamicThreshold="32" maxThreshold="32" />
  <references type="weak" candidates="396" cleared="28" enqueued="14" />
  <references type="phantom" candidates="52" cleared="0" enqueued="0" />
  <stringconstants candidates="2485" cleared="0"  />
</gc-op>
<gc-op id="1364" type="classunload" timems="0.033" contextid="1360" timestamp="2019-06-15T04:55:45.229">
  <classunload-info classloadercandidates="6" classloadersunloaded="0" classesunloaded="0" anonymousclassesunloaded="0" quiescems="0.000" setupms="0.033" scanms="0.000" postms="0.000" />
</gc-op>
<gc-op id="1365" type="sweep" timems="0.349" contextid="1360" timestamp="2019-06-15T04:55:45.229" />
<mem-info id="1366" free="6863928" total="8388608" percent="81">
  <mem type="nursery" free="1756752" total="2097152" percent="83">
    <mem type="allocate" free="1756752" total="1835008" percent="95" />
    <mem type="survivor" free="0" total="262144" percent="0" />
  </mem>
  <mem type="tenure" free="5107176" total="6291456" percent="81" micro-fragmented="12447" macro-fragmented="0">
    <mem type="soa" free="4792808" total="5977088" percent="80" />
    <mem type="loa" free="314368" total="314368" percent="100" />
  </mem>
  <pending-finalizers system="0" default="0" reference="14" classloader="0" />
  <remembered-set count="54" />
</mem-info>
<gc-op id="1367" type="compact" timems="3.889" contextid="1360" timestamp="2019-06-15T04:55:45.233">
  <compact-info movecount="14552" movebytes="1069120" reason="compact to aid heap contraction" />
</gc-op>
<gc-end id="1368" type="global" contextid="1360" durationms="6.418" usertimems="4.000" systemtimems="4.000" timestamp="2019-06-15T04:55:45.233" activeThreads="4">
  <mem-info id="1369" free="6873536" total="8388608" percent="81">
    <mem type="nursery" free="1759840" total="2097152" percent="83">
      <mem type="allocate" free="1759840" total="1835008" percent="95" />
      <mem type="survivor" free="0" total="262144" percent="0" />
    </mem>
    <mem type="tenure" free="5113696" total="6291456" percent="81">
      <mem type="soa" free="4799328" total="5977088" percent="80" />
      <mem type="loa" free="314368" total="314368" percent="100" />
    </mem>
    <pending-finalizers system="0" default="0" reference="14" classloader="0" />
    <remembered-set count="54" />
  </mem-info>
</gc-end>
<cycle-end id="1370" type="global" contextid="1360" timestamp="2019-06-15T04:55:45.234" />
  <attribute name="elasticGC enabled" value="1" />
  <attribute name= "numThreadsSpecified" value="4" />
  <attribute name="heapSize specified" value="8388608" />
  <attribute name="Current GC Util" value="23" />
  <attribute name= "Current Time Running" value="667" />
  <attribute name ="GC Interval" value="200" />
  <attribute name="ProportionalT" value="1.500000" />
  <attribute name="ProportionalI" value="1.500000" />
  <attribute name="ProportionalH" value="1.500000" />
  <attribute name="Current Error" value="3.000000" />
  <attribute name="IntegralT" value="12.000000" />
  <attribute name="IntegralI" value="12.000000" />
  <attribute name="IntegralH" value="12.000000" />
  <attribute name="DerivativeT" value="1.125000" />
  <attribute name="DerivativeI" value="1.125000" />
  <attribute name="DerivativeH" value="1.125000" />
  <attribute name="Loop Time for DT" value="4.000000" />
  <attribute name="Output H" value="8388608"/>
  <attribute name="Output I" value="200"/>
  <attribute name="Output T" value="4"/>
  <attribute name="Target GC Util Change" value ="20.000000" />
  <attribute name="Current GC Util Change" value="23.000000"/>
  <attribute name="GC Util currently" value="23" />
  <attribute name="CPU Util currently" value="1172300808924" />
<sys-end id="1371" timestamp="2019-06-15T04:55:45.234" />
<exclusive-end id="1372" timestamp="2019-06-15T04:55:45.234" durationms="6.932" />

<exclusive-start id="1373" timestamp="2019-06-15T04:55:45.575" intervalms="347.932">
  <response-info timems="0.067" idlems="0.067" threads="0" lastid="00000000013C3700" lastname="main" />
</exclusive-start>
<af-start id="1374" threadId="00000000013C4088" totalBytesRequested="1032" timestamp="2019-06-15T04:55:45.575" intervalms="348.722" type="nursery" />
<cycle-start id="1375" type="scavenge" contextid="0" timestamp="2019-06-15T04:55:45.575" intervalms="348.735" />
<gc-start id="1376" type="scavenge" contextid="1375" timestamp="2019-06-15T04:55:45.575">
  <mem-info id="1377" free="5091776" total="8388608" percent="60">
    <mem type="nursery" free="0" total="2097152" percent="0">
      <mem type="allocate" free="0" total="1835008" percent="0" />
      <mem type="survivor" free="0" total="262144" percent="0" />
    </mem>
    <mem type="tenure" free="5091776" total="6291456" percent="80">
      <mem type="soa" free="4777408" total="5977088" percent="79" />
      <mem type="loa" free="314368" total="314368" percent="100" />
    </mem>
    <remembered-set count="393" />
  </mem-info>
</gc-start>
<allocation-stats totalBytes="1775520" >
  <allocated-bytes non-tlh="21920" tlh="1753600" />
  <largest-consumer threadName="main" threadId="00000000013C3700" bytes="1771424" />
</allocation-stats>
<gc-op id="1378" type="scavenge" timems="0.501" contextid="1375" timestamp="2019-06-15T04:55:45.576">
  <scavenger-info tenureage="14" tenuremask="4000" tiltratio="87" />
  <memory-copied type="nursery" objects="3395" bytes="236928" bytesdiscarded="25136" />
  <memory-copied type="tenure" objects="100" bytes="14728" bytesdiscarded="0" />
  <copy-failed type="nursery" objects="100" bytes="14728" />
  <ownableSynchronizers candidates="2" cleared="2" />
  <references type="soft" candidates="2" cleared="0" enqueued="0" dynamicThreshold="26" maxThreshold="32" />
  <references type="weak" candidates="48" cleared="43" enqueued="43" />
  <references type="phantom" candidates="8" cleared="2" enqueued="2" />
</gc-op>
<gc-end id="1379" type="scavenge" contextid="1375" durationms="0.680" usertimems="0.000" systemtimems="0.000" timestamp="2019-06-15T04:55:45.576" activeThreads="4">
  <mem-info id="1380" free="6494400" total="8388608" percent="77">
    <mem type="nursery" free="1441792" total="2097152" percent="68">
      <mem type="allocate" free="1441792" total="1703936" percent="84" />
      <mem type="survivor" free="0" total="393216" percent="0" />
    </mem>
    <mem type="tenure" free="5052608" total="6291456" percent="80">
      <mem type="soa" free="4738240" total="5977088" percent="79" />
      <mem type="loa" free="314368" total="314368" percent="100" />
    </mem>
    <pending-finalizers system="0" default="0" reference="45" classloader="0" />
    <remembered-set count="390" />
  </mem-info>
</gc-end>
<cycle-end id="1381" type="scavenge" contextid="1375" timestamp="2019-06-15T04:55:45.576" />
  <attribute name="elasticGC enabled" value="1" />
  <attribute name= "numThreadsSpecified" value="4" />
  <attribute name="heapSize specified" value="8388608" />
  <attribute name="Current GC Util" value="1" />
  <attribute name= "Current Time Running" value="1009" />
  <attribute name ="GC Interval" value="200" />
  <attribute name="ProportionalT" value="-9.500000" />
  <attribute name="ProportionalI" value="-9.500000" />
  <attribute name="ProportionalH" value="-9.500000" />
  <attribute name="Current Error" value="-19.000000" />
  <attribute name="IntegralT" value="-6498.000000" />
  <attribute name="IntegralI" value="-6498.000000" />
  <attribute name="IntegralH" value="-6498.000000" />
  <attribute name="DerivativeT" value="-0.096491" />
  <attribute name="DerivativeI" value="-0.096491" />
  <attribute name="DerivativeH" value="-0.096491" />
  <attribute name="Loop Time for DT" value="342.000000" />
  <attribute name="Output H" value="2092630016"/>
  <attribute name="Output I" value="200"/>
  <attribute name="Output T" value="4"/>
  <attribute name="Target GC Util Change" value ="20.000000" />
  <attribute name="Current GC Util Change" value="1.000000"/>
  <attribute name="GC Util currently" value="1" />
  <attribute name="CPU Util currently" value="1" />
<allocation-satisfied id="1382" threadId="00000000013C3700" bytesRequested="1032" />
<af-end id="1383" timestamp="2019-06-15T04:55:45.576" threadId="00000000013C4088" success="true" from="nursery"/>
<exclusive-end id="1384" timestamp="2019-06-15T04:55:45.576" durationms="1.059" />

<exclusive-start id="1385" timestamp="2019-06-15T04:55:45.602" intervalms="27.477">
  <response-info timems="0.023" idlems="0.023" threads="0" lastid="00000000013C3700" lastname="main" />
</exclusive-start>
<af-start id="1386" threadId="00000000013C4088" totalBytesRequested="7176" timestamp="2019-06-15T04:55:45.602" intervalms="27.455" type="nursery" />
<cycle-start id="1387" type="scavenge" contextid="0" timestamp="2019-06-15T04:55:45.602" intervalms="27.446" />
<gc-start id="1388" type="scavenge" contextid="1387" timestamp="2019-06-15T04:55:45.602">
  <mem-info id="1389" free="5027400" total="8388608" percent="59">
    <mem type="nursery" free="0" total="2097152" percent="0">
      <mem type="allocate" free="0" total="1703936" percent="0" />
      <mem type="survivor" free="0" total="393216" percent="0" />
    </mem>
    <mem type="tenure" free="5027400" total="6291456" percent="79">
      <mem type="soa" free="4713032" total="5977088" percent="78" />
      <mem type="loa" free="314368" total="314368" percent="100" />
    </mem>
    <remembered-set count="637" />
  </mem-info>
</gc-start>
<allocation-stats totalBytes="1443816" >
  <allocated-bytes non-tlh="26240" tlh="1417576" />
  <largest-consumer threadName="main" threadId="00000000013C3700" bytes="1439720" />
</allocation-stats>
<gc-op id="1390" type="scavenge" timems="0.383" contextid="1387" timestamp="2019-06-15T04:55:45.603">
  <scavenger-info tenureage="14" tenuremask="4000" tiltratio="81" />
  <memory-copied type="nursery" objects="3405" bytes="237584" bytesdiscarded="87616" />
  <references type="soft" candidates="2" cleared="0" enqueued="0" dynamicThreshold="26" maxThreshold="32" />
  <references type="weak" candidates="12" cleared="7" enqueued="7" />
  <references type="phantom" candidates="6" cleared="0" enqueued="0" />
</gc-op>
<gc-end id="1391" type="scavenge" contextid="1387" durationms="0.533" usertimems="0.000" systemtimems="0.000" timestamp="2019-06-15T04:55:45.603" activeThreads="4">
  <mem-info id="1392" free="6406048" total="8388608" percent="76">
    <mem type="nursery" free="1378648" total="2097152" percent="65">
      <mem type="allocate" free="1378648" total="1703936" percent="80" />
      <mem type="survivor" free="0" total="393216" percent="0" />
    </mem>
    <mem type="tenure" free="5027400" total="6291456" percent="79">
      <mem type="soa" free="4713032" total="5977088" percent="78" />
      <mem type="loa" free="314368" total="314368" percent="100" />
    </mem>
    <pending-finalizers system="0" default="0" reference="7" classloader="0" />
    <remembered-set count="633" />
  </mem-info>
</gc-end>
<cycle-end id="1393" type="scavenge" contextid="1387" timestamp="2019-06-15T04:55:45.603" />
  <attribute name="elasticGC enabled" value="1" />
  <attribute name= "numThreadsSpecified" value="4" />
  <attribute name="heapSize specified" value="8388608" />
  <attribute name="Current GC Util" value="3" />
  <attribute name= "Current Time Running" value="1036" />
  <attribute name ="GC Interval" value="200" />
  <attribute name="ProportionalT" value="-8.500000" />
  <attribute name="ProportionalI" value="-8.500000" />
  <attribute name="ProportionalH" value="-8.500000" />
  <attribute name="Current Error" value="-17.000000" />
  <attribute name="IntegralT" value="-459.000000" />
  <attribute name="IntegralI" value="-459.000000" />
  <attribute name="IntegralH" value="-459.000000" />
  <attribute name="DerivativeT" value="-0.944444" />
  <attribute name="DerivativeI" value="-0.944444" />
  <attribute name="DerivativeH" value="-0.944444" />
  <attribute name="Loop Time for DT" value="27.000000" />
  <attribute name="Output H" value="2092630016"/>
  <attribute name="Output I" value="200"/>
  <attribute name="Output T" value="4"/>
  <attribute name="Target GC Util Change" value ="20.000000" />
  <attribute name="Current GC Util Change" value="3.000000"/>
  <attribute name="GC Util currently" value="3" />
  <attribute name="CPU Util currently" value="168101318252" />
<allocation-satisfied id="1394" threadId="00000000013C3700" bytesRequested="7176" />
<af-end id="1395" timestamp="2019-06-15T04:55:45.603" threadId="00000000013C4088" success="true" from="nursery"/>
<exclusive-end id="1396" timestamp="2019-06-15T04:55:45.603" durationms="0.886" />

<exclusive-start id="1397" timestamp="2019-06-15T04:55:45.644" intervalms="41.934">
  <response-info timems="0.025" idlems="0.025" threads="0" lastid="00000000013C3700" lastname="main" />
</exclusive-start>
<af-start id="1398" threadId="00000000013C4088" totalBytesRequested="184" timestamp="2019-06-15T04:55:45.644" intervalms="41.960" type="nursery" />
<cycle-start id="1399" type="scavenge" contextid="0" timestamp="2019-06-15T04:55:45.644" intervalms="41.966" />
<gc-start id="1400" type="scavenge" contextid="1399" timestamp="2019-06-15T04:55:45.644">
  <mem-info id="1401" free="4999032" total="8388608" percent="59">
    <mem type="nursery" free="0" total="2097152" percent="0">
      <mem type="allocate" free="0" total="1703936" percent="0" />
      <mem type="survivor" free="0" total="393216" percent="0" />
    </mem>
    <mem type="tenure" free="4999032" total="6291456" percent="79">
      <mem type="soa" free="4684664" total="5977088" percent="78" />
      <mem type="loa" free="314368" total="314368" percent="100" />
    </mem>
    <remembered-set count="942" />
  </mem-info>
</gc-start>
<allocation-stats totalBytes="1404696" >
  <allocated-bytes non-tlh="35544" tlh="1369152" />
  <largest-consumer threadName="main" threadId="00000000013C3700" bytes="1404696" />
</allocation-stats>
<gc-op id="1402" type="scavenge" timems="0.408" contextid="1399" timestamp="2019-06-15T04:55:45.645">
  <scavenger-info tenureage="14" tenuremask="4000" tiltratio="81" />
  <memory-copied type="nursery" objects="3861" bytes="311232" bytesdiscarded="81824" />
  <references type="soft" candidates="2" cleared="0" enqueued="0" dynamicThreshold="26" maxThreshold="32" />
  <references type="weak" candidates="14" cleared="10" enqueued="10" />
  <references type="phantom" candidates="5" cleared="0" enqueued="0" />
</gc-op>
<gc-end id="1403" type="scavenge" contextid="1399" durationms="0.562" usertimems="0.000" systemtimems="0.000" timestamp="2019-06-15T04:55:45.645" activeThreads="4">
  <mem-info id="1404" free="6244216" total="8388608" percent="74">
    <mem type="nursery" free="1245184" total="2097152" percent="59">
      <mem type="allocate" free="1245184" total="1638400" percent="76" />
      <mem type="survivor" free="0" total="458752" percent="0" />
    </mem>
    <mem type="tenure" free="4999032" total="6291456" percent="79">
      <mem type="soa" free="4684664" total="5977088" percent="78" />
      <mem type="loa" free="314368" total="314368" percent="100" />
    </mem>
    <pending-finalizers system="0" default="0" reference="10" classloader="0" />
    <remembered-set count="693" />
  </mem-info>
</gc-end>
<cycle-end id="1405" type="scavenge" contextid="1399" timestamp="2019-06-15T04:55:45.645" />
  <attribute name="elasticGC enabled" value="1" />
  <attribute name= "numThreadsSpecified" value="4" />
  <attribute name="heapSize specified" value="8388608" />
  <attribute name="Current GC Util" value="1" />
  <attribute name= "Current Time Running" value="1078" />
  <attribute name ="GC Interval" value="200" />
  <attribute name="ProportionalT" value="-9.500000" />
  <attribute name="ProportionalI" value="-9.500000" />
  <attribute name="ProportionalH" value="-9.500000" />
  <attribute name="Current Error" value="-19.000000" />
  <attribute name="IntegralT" value="-798.000000" />
  <attribute name="IntegralI" value="-798.000000" />
  <attribute name="IntegralH" value="-798.000000" />
  <attribute name="DerivativeT" value="-0.678571" />
  <attribute name="DerivativeI" value="-0.678571" />
  <attribute name="DerivativeH" value="-0.678571" />
  <attribute name="Loop Time for DT" value="42.000000" />
  <attribute name="Output H" value="2092630016"/>
  <attribute name="Output I" value="200"/>
  <attribute name="Output T" value="4"/>
  <attribute name="Target GC Util Change" value ="20.000000" />
  <attribute name="Current GC Util Change" value="1.000000"/>
  <attribute name="GC Util currently" value="1" />
  <attribute name="CPU Util currently" value="109897844960" />
<allocation-satisfied id="1406" threadId="00000000013C3700" bytesRequested="184" />
<af-end id="1407" timestamp="2019-06-15T04:55:45.645" threadId="00000000013C4088" success="true" from="nursery"/>
<exclusive-end id="1408" timestamp="2019-06-15T04:55:45.645" durationms="0.941" />

<exclusive-start id="1409" timestamp="2019-06-15T04:55:45.692" intervalms="48.232">
  <response-info timems="0.065" idlems="0.065" threads="0" lastid="00000000013C3700" lastname="main" />
</exclusive-start>
<af-start id="1410" threadId="00000000013C4088" totalBytesRequested="960" timestamp="2019-06-15T04:55:45.692" intervalms="48.227" type="nursery" />
<cycle-start id="1411" type="scavenge" contextid="0" timestamp="2019-06-15T04:55:45.693" intervalms="48.227" />
<gc-start id="1412" type="scavenge" contextid="1411" timestamp="2019-06-15T04:55:45.693">
  <mem-info id="1413" free="4968336" total="8388608" percent="59">
    <mem type="nursery" free="0" total="2097152" percent="0">
      <mem type="allocate" free="0" total="1638400" percent="0" />
      <mem type="survivor" free="0" total="458752" percent="0" />
    </mem>
    <mem type="tenure" free="4968336" total="6291456" percent="78">
      <mem type="soa" free="4653968" total="5977088" percent="77" />
      <mem type="loa" free="314368" total="314368" percent="100" />
    </mem>
    <remembered-set count="1047" />
  </mem-info>
</gc-start>
<allocation-stats totalBytes="1263656" >
  <allocated-bytes non-tlh="30880" tlh="1232776" />
  <largest-consumer threadName="main" threadId="00000000013C3700" bytes="1263656" />
</allocation-stats>
<gc-op id="1414" type="scavenge" timems="0.646" contextid="1411" timestamp="2019-06-15T04:55:45.693">
  <scavenger-info tenureage="3" tenuremask="4008" tiltratio="78" />
  <memory-copied type="nursery" objects="3135" bytes="249360" bytesdiscarded="112064" />
  <memory-copied type="tenure" objects="3160" bytes="213672" bytesdiscarded="144" />
  <references type="weak" candidates="2" cleared="2" enqueued="2" />
</gc-op>
<gc-end id="1415" type="scavenge" contextid="1411" durationms="0.806" usertimems="0.000" systemtimems="0.000" timestamp="2019-06-15T04:55:45.693" activeThreads="4">
  <mem-info id="1416" free="6039656" total="8388608" percent="71">
    <mem type="nursery" free="1342424" total="2097152" percent="64">
      <mem type="allocate" free="1342424" total="1703936" percent="78" />
      <mem type="survivor" free="0" total="393216" percent="0" />
    </mem>
    <mem type="tenure" free="4697232" total="6291456" percent="74">
      <mem type="soa" free="4382864" total="5977088" percent="73" />
      <mem type="loa" free="314368" total="314368" percent="100" />
    </mem>
    <pending-finalizers system="0" default="0" reference="2" classloader="0" />
    <remembered-set count="810" />
  </mem-info>
</gc-end>
<cycle-end id="1417" type="scavenge" contextid="1411" timestamp="2019-06-15T04:55:45.693" />
  <attribute name="elasticGC enabled" value="1" />
  <attribute name= "numThreadsSpecified" value="4" />
  <attribute name="heapSize specified" value="8388608" />
  <attribute name="Current GC Util" value="1" />
  <attribute name= "Current Time Running" value="1127" />
  <attribute name ="GC Interval" value="200" />
  <attribute name="ProportionalT" value="-9.500000" />
  <attribute name="ProportionalI" value="-9.500000" />
  <attribute name="ProportionalH" value="-9.500000" />
  <attribute name="Current Error" value="-19.000000" />
  <attribute name="IntegralT" value="-931.000000" />
  <attribute name="IntegralI" value="-931.000000" />
  <attribute name="IntegralH" value="-931.000000" />
  <attribute name="DerivativeT" value="-0.581633" />
  <attribute name="DerivativeI" value="-0.581633" />
  <attribute name="DerivativeH" value="-0.581633" />
  <attribute name="Loop Time for DT" value="49.000000" />
  <attribute name="Output H" value="2092630016"/>
  <attribute name="Output I" value="200"/>
  <attribute name="Output T" value="4"/>
  <attribute name="Target GC Util Change" value ="20.000000" />
  <attribute name="Current GC Util Change" value="1.000000"/>
  <attribute name="GC Util currently" value="1" />
  <attribute name="CPU Util currently" value="95618506480" />
<allocation-satisfied id="1418" threadId="00000000013C3700" bytesRequested="960" />
<af-end id="1419" timestamp="2019-06-15T04:55:45.694" threadId="00000000013C4088" success="true" from="nursery"/>
<exclusive-end id="1420" timestamp="2019-06-15T04:55:45.694" durationms="1.201" />

<exclusive-start id="1421" timestamp="2019-06-15T04:55:45.947" intervalms="254.645">
  <response-info timems="0.022" idlems="0.022" threads="0" lastid="00000000013C3700" lastname="main" />
</exclusive-start>
<af-start id="1422" threadId="00000000013C4088" totalBytesRequested="104" timestamp="2019-06-15T04:55:45.947" intervalms="254.644" type="nursery" />
<cycle-start id="1423" type="scavenge" contextid="0" timestamp="2019-06-15T04:55:45.947" intervalms="254.645" />
<gc-start id="1424" type="scavenge" contextid="1423" timestamp="2019-06-15T04:55:45.947">
  <mem-info id="1425" free="4676776" total="8388608" percent="55">
    <mem type="nursery" free="0" total="2097152" percent="0">
      <mem type="allocate" free="0" total="1703936" percent="0" />
      <mem type="survivor" free="0" total="393216" percent="0" />
    </mem>
    <mem type="tenure" free="4676776" total="6291456" percent="74">
      <mem type="soa" free="4362408" total="5977088" percent="72" />
      <mem type="loa" free="314368" total="314368" percent="100" />
    </mem>
    <remembered-set count="1115" />
  </mem-info>
</gc-start>
<allocation-stats totalBytes="1360992" >
  <allocated-bytes non-tlh="21416" tlh="1339576" />
  <largest-consumer threadName="main" threadId="00000000013C3700" bytes="1360992" />
</allocation-stats>
<gc-op id="1426" type="scavenge" timems="0.633" contextid="1423" timestamp="2019-06-15T04:55:45.948">
  <scavenger-info tenureage="14" tenuremask="4000" tiltratio="81" />
  <memory-copied type="nursery" objects="3230" bytes="259776" bytesdiscarded="40688" />
  <finalization candidates="5" enqueued="0" />
  <references type="soft" candidates="1" cleared="0" enqueued="0" dynamicThreshold="26" maxThreshold="32" />
  <references type="weak" candidates="105" cleared="35" enqueued="24" />
  <references type="phantom" candidates="2" cleared="1" enqueued="1" />
</gc-op>
<gc-end id="1427" type="scavenge" contextid="1423" durationms="0.788" usertimems="0.000" systemtimems="0.000" timestamp="2019-06-15T04:55:45.948" activeThreads="4">
  <mem-info id="1428" free="6080160" total="8388608" percent="72">
    <mem type="nursery" free="1403384" total="2097152" percent="66">
      <mem type="allocate" free="1403384" total="1703936" percent="82" />
      <mem type="survivor" free="0" total="393216" percent="0" />
    </mem>
    <mem type="tenure" free="4676776" total="6291456" percent="74">
      <mem type="soa" free="4362408" total="5977088" percent="72" />
      <mem type="loa" free="314368" total="314368" percent="100" />
    </mem>
    <pending-finalizers system="0" default="0" reference="25" classloader="0" />
    <remembered-set count="871" />
  </mem-info>
</gc-end>
<cycle-end id="1429" type="scavenge" contextid="1423" timestamp="2019-06-15T04:55:45.948" />
  <attribute name="elasticGC enabled" value="1" />
  <attribute name= "numThreadsSpecified" value="4" />
  <attribute name="heapSize specified" value="8388608" />
  <attribute name="Current GC Util" value="0" />
  <attribute name= "Current Time Running" value="1381" />
  <attribute name ="GC Interval" value="200" />
  <attribute name="ProportionalT" value="-10.000000" />
  <attribute name="ProportionalI" value="-10.000000" />
  <attribute name="ProportionalH" value="-10.000000" />
  <attribute name="Current Error" value="-20.000000" />
  <attribute name="IntegralT" value="-5080.000000" />
  <attribute name="IntegralI" value="-5080.000000" />
  <attribute name="IntegralH" value="-5080.000000" />
  <attribute name="DerivativeT" value="-0.118110" />
  <attribute name="DerivativeI" value="-0.118110" />
  <attribute name="DerivativeH" value="-0.118110" />
  <attribute name="Loop Time for DT" value="254.000000" />
  <attribute name="Output H" value="2092630016"/>
  <attribute name="Output I" value="200"/>
  <attribute name="Output T" value="4"/>
  <attribute name="Target GC Util Change" value ="20.000000" />
  <attribute name="Current GC Util Change" value="0.000000"/>
  <attribute name="GC Util currently" value="0" />
  <attribute name="CPU Util currently" value="4" />
<allocation-satisfied id="1430" threadId="00000000013C3700" bytesRequested="104" />
<af-end id="1431" timestamp="2019-06-15T04:55:45.948" threadId="00000000013C4088" success="true" from="nursery"/>
<exclusive-end id="1432" timestamp="2019-06-15T04:55:45.948" durationms="1.180" />

<exclusive-start id="1433" timestamp="2019-06-15T04:55:46.530" intervalms="582.873">
  <response-info timems="0.026" idlems="0.026" threads="0" lastid="00000000013C3700" lastname="main" />
</exclusive-start>
<af-start id="1434" threadId="00000000013C4088" totalBytesRequested="472" timestamp="2019-06-15T04:55:46.530" intervalms="582.906" type="nursery" />
<cycle-start id="1435" type="scavenge" contextid="0" timestamp="2019-06-15T04:55:46.530" intervalms="582.939" />
<gc-start id="1436" type="scavenge" contextid="1435" timestamp="2019-06-15T04:55:46.530">
  <mem-info id="1437" free="4676776" total="8388608" percent="55">
    <mem type="nursery" free="0" total="2097152" percent="0">
      <mem type="allocate" free="0" total="1703936" percent="0" />
      <mem type="survivor" free="0" total="393216" percent="0" />
    </mem>
    <mem type="tenure" free="4676776" total="6291456" percent="74">
      <mem type="soa" free="4362408" total="5977088" percent="72" />
      <mem type="loa" free="314368" total="314368" percent="100" />
    </mem>
    <remembered-set count="877" />
  </mem-info>
</gc-start>
<allocation-stats totalBytes="1401728" >
  <allocated-bytes non-tlh="104" tlh="1401624" />
  <largest-consumer threadName="main" threadId="00000000013C3700" bytes="1389896" />
</allocation-stats>
<gc-op id="1438" type="scavenge" timems="0.718" contextid="1435" timestamp="2019-06-15T04:55:46.531">
  <scavenger-info tenureage="3" tenuremask="4008" tiltratio="81" />
  <memory-copied type="nursery" objects="5425" bytes="316240" bytesdiscarded="76960" />
  <memory-copied type="tenure" objects="1461" bytes="178368" bytesdiscarded="64" />
  <copy-failed type="nursery" objects="1312" bytes="109112" />
  <finalization candidates="5" enqueued="0" />
  <references type="soft" candidates="1" cleared="0" enqueued="0" dynamicThreshold="26" maxThreshold="32" />
  <references type="weak" candidates="25" cleared="0" enqueued="0" />
  <references type="phantom" candidates="1" cleared="0" enqueued="0" />
</gc-op>
<gc-end id="1439" type="scavenge" contextid="1435" durationms="0.983" usertimems="4.000" systemtimems="0.000" timestamp="2019-06-15T04:55:46.531" activeThreads="4">
  <mem-info id="1440" free="5589920" total="8388608" percent="66">
    <mem type="nursery" free="1048576" total="2097152" percent="50">
      <mem type="allocate" free="1048576" total="1441792" percent="72" />
      <mem type="survivor" free="0" total="655360" percent="0" />
    </mem>
    <mem type="tenure" free="4541344" total="6291456" percent="72">
      <mem type="soa" free="4226976" total="5977088" percent="70" />
      <mem type="loa" free="314368" total="314368" percent="100" />
    </mem>
    <remembered-set count="625" />
  </mem-info>
</gc-end>
<cycle-end id="1441" type="scavenge" contextid="1435" timestamp="2019-06-15T04:55:46.531" />
  <attribute name="elasticGC enabled" value="1" />
  <attribute name= "numThreadsSpecified" value="4" />
  <attribute name="heapSize specified" value="8388608" />
  <attribute name="Current GC Util" value="0" />
  <attribute name= "Current Time Running" value="1964" />
  <attribute name ="GC Interval" value="200" />
  <attribute name="ProportionalT" value="-10.000000" />
  <attribute name="ProportionalI" value="-10.000000" />
  <attribute name="ProportionalH" value="-10.000000" />
  <attribute name="Current Error" value="-20.000000" />
  <attribute name="IntegralT" value="-11660.000000" />
  <attribute name="IntegralI" value="-11660.000000" />
  <attribute name="IntegralH" value="-11660.000000" />
  <attribute name="DerivativeT" value="-0.051458" />
  <attribute name="DerivativeI" value="-0.051458" />
  <attribute name="DerivativeH" value="-0.051458" />
  <attribute name="Loop Time for DT" value="583.000000" />
  <attribute name="Output H" value="2092630016"/>
  <attribute name="Output I" value="200"/>
  <attribute name="Output T" value="4"/>
  <attribute name="Target GC Util Change" value ="20.000000" />
  <attribute name="Current GC Util Change" value="0.000000"/>
  <attribute name="GC Util currently" value="0" />
  <attribute name="CPU Util currently" value="2" />
<allocation-satisfied id="1442" threadId="00000000013C3700" bytesRequested="472" />
<af-end id="1443" timestamp="2019-06-15T04:55:46.531" threadId="00000000013C4088" success="true" from="nursery"/>
<exclusive-end id="1444" timestamp="2019-06-15T04:55:46.532" durationms="1.671" />

<exclusive-start id="1445" timestamp="2019-06-15T04:55:46.569" intervalms="39.325">
  <response-info timems="0.056" idlems="0.030" threads="1" lastid="00000000016D3C00" lastname="PmdThread 1" />
</exclusive-start>
<af-start id="1446" threadId="00000000016D8188" totalBytesRequested="24" timestamp="2019-06-15T04:55:46.569" intervalms="39.300" type="nursery" />
<cycle-start id="1447" type="scavenge" contextid="0" timestamp="2019-06-15T04:55:46.569" intervalms="39.254" />
<gc-start id="1448" type="scavenge" contextid="1447" timestamp="2019-06-15T04:55:46.569">
  <mem-info id="1449" free="4538472" total="8388608" percent="54">
    <mem type="nursery" free="0" total="2097152" percent="0">
      <mem type="allocate" free="0" total="1441792" percent="0" />
      <mem type="survivor" free="0" total="655360" percent="0" />
    </mem>
    <mem type="tenure" free="4538472" total="6291456" percent="72">
      <mem type="soa" free="4224104" total="5977088" percent="70" />
      <mem type="loa" free="314368" total="314368" percent="100" />
    </mem>
    <remembered-set count="688" />
  </mem-info>
</gc-start>
<allocation-stats totalBytes="1026880" >
  <allocated-bytes non-tlh="3344" tlh="1023536" />
  <largest-consumer threadName="main" threadId="00000000013C3700" bytes="457512" />
</allocation-stats>
<gc-op id="1450" type="scavenge" timems="5.179" contextid="1447" timestamp="2019-06-15T04:55:46.575">
  <scavenger-info tenureage="14" tenuremask="4000" tiltratio="68" />
  <memory-copied type="nursery" objects="9893" bytes="638760" bytesdiscarded="16464" />
  <finalization candidates="6" enqueued="0" />
  <ownableSynchronizers candidates="7" cleared="0" />
  <references type="soft" candidates="1" cleared="0" enqueued="0" dynamicThreshold="26" maxThreshold="32" />
  <references type="weak" candidates="366" cleared="188" enqueued="126" />
  <references type="phantom" candidates="5" cleared="0" enqueued="0" />
</gc-op>
<heap-resize id="1451" type="expand" space="nursery" amount="131072" count="1" timems="0.149" reason="excessive time being spent scavenging" timestamp="2019-06-15T04:55:46.575" />
<gc-end id="1452" type="scavenge" contextid="1447" durationms="5.817" usertimems="4.000" systemtimems="4.000" timestamp="2019-06-15T04:55:46.575" activeThreads="4">
  <mem-info id="1453" free="5128296" total="8519680" percent="60">
    <mem type="nursery" free="589824" total="2228224" percent="26">
      <mem type="allocate" free="589824" total="1245184" percent="47" />
      <mem type="survivor" free="0" total="983040" percent="0" />
    </mem>
    <mem type="tenure" free="4538472" total="6291456" percent="72">
      <mem type="soa" free="4224104" total="5977088" percent="70" />
      <mem type="loa" free="314368" total="314368" percent="100" />
    </mem>
    <pending-finalizers system="0" default="0" reference="126" classloader="0" />
    <remembered-set count="509" />
  </mem-info>
</gc-end>
<cycle-end id="1454" type="scavenge" contextid="1447" timestamp="2019-06-15T04:55:46.575" />
  <attribute name="elasticGC enabled" value="1" />
  <attribute name= "numThreadsSpecified" value="4" />
  <attribute name="heapSize specified" value="8388608" />
  <attribute name="Current GC Util" value="3" />
  <attribute name= "Current Time Running" value="2003" />
  <attribute name ="GC Interval" value="200" />
  <attribute name="ProportionalT" value="-8.500000" />
  <attribute name="ProportionalI" value="-8.500000" />
  <attribute name="ProportionalH" value="-8.500000" />
  <attribute name="Current Error" value="-17.000000" />
  <attribute name="IntegralT" value="-663.000000" />
  <attribute name="IntegralI" value="-663.000000" />
  <attribute name="IntegralH" value="-663.000000" />
  <attribute name="DerivativeT" value="-0.653846" />
  <attribute name="DerivativeI" value="-0.653846" />
  <attribute name="DerivativeH" value="-0.653846" />
  <attribute name="Loop Time for DT" value="39.000000" />
  <attribute name="Output H" value="2092630016"/>
  <attribute name="Output I" value="200"/>
  <attribute name="Output T" value="4"/>
  <attribute name="Target GC Util Change" value ="20.000000" />
  <attribute name="Current GC Util Change" value="3.000000"/>
  <attribute name="GC Util currently" value="3" />
  <attribute name="CPU Util currently" value="26" />
<allocation-satisfied id="1455" threadId="00000000016D7800" bytesRequested="24" />
<af-end id="1456" timestamp="2019-06-15T04:55:46.576" threadId="00000000016D8188" success="true" from="nursery"/>
<exclusive-end id="1457" timestamp="2019-06-15T04:55:46.576" durationms="6.622" />

<exclusive-start id="1458" timestamp="2019-06-15T04:55:46.600" intervalms="31.248">
  <response-info timems="2.655" idlems="2.655" threads="0" lastid="00000000016D3C00" lastname="PmdThread 1" />
</exclusive-start>
<af-start id="1459" threadId="00000000016D4588" totalBytesRequested="16" timestamp="2019-06-15T04:55:46.601" intervalms="31.259" type="nursery" />
<cycle-start id="1460" type="scavenge" contextid="0" timestamp="2019-06-15T04:55:46.601" intervalms="31.318" />
<gc-start id="1461" type="scavenge" contextid="1460" timestamp="2019-06-15T04:55:46.601">
  <mem-info id="1462" free="4538472" total="8519680" percent="53">
    <mem type="nursery" free="0" total="2228224" percent="0">
      <mem type="allocate" free="0" total="1245184" percent="0" />
      <mem type="survivor" free="0" total="983040" percent="0" />
    </mem>
    <mem type="tenure" free="4538472" total="6291456" percent="72">
      <mem type="soa" free="4224104" total="5977088" percent="70" />
      <mem type="loa" free="314368" total="314368" percent="100" />
    </mem>
    <remembered-set count="513" />
  </mem-info>
</gc-start>
<allocation-stats totalBytes="588440" >
  <allocated-bytes non-tlh="24" tlh="588416" />
  <largest-consumer threadName="PmdThread 3" threadId="00000000016DB400" bytes="191592" />
</allocation-stats>
<gc-op id="1463" type="scavenge" timems="5.607" contextid="1460" timestamp="2019-06-15T04:55:46.607">
  <scavenger-info tenureage="13" tenuremask="6000" tiltratio="55" />
  <memory-copied type="nursery" objects="15745" bytes="975112" bytesdiscarded="832" />
  <finalization candidates="6" enqueued="0" />
  <ownableSynchronizers candidates="7" cleared="0" />
  <references type="soft" candidates="1" cleared="0" enqueued="0" dynamicThreshold="26" maxThreshold="32" />
  <references type="weak" candidates="178" cleared="0" enqueued="0" />
  <references type="phantom" candidates="3" cleared="0" enqueued="0" />
</gc-op>
<heap-resize id="1464" type="expand" space="nursery" amount="262144" count="1" timems="0.114" reason="excessive time being spent scavenging" timestamp="2019-06-15T04:55:46.607" />
<gc-end id="1465" type="scavenge" contextid="1460" durationms="6.354" usertimems="4.000" systemtimems="4.000" timestamp="2019-06-15T04:55:46.607" activeThreads="4">
  <mem-info id="1466" free="4807632" total="8781824" percent="54">
    <mem type="nursery" free="269160" total="2490368" percent="10">
      <mem type="allocate" free="269160" total="1245184" percent="21" />
      <mem type="survivor" free="0" total="1245184" percent="0" />
    </mem>
    <mem type="tenure" free="4538472" total="6291456" percent="72">
      <mem type="soa" free="4224104" total="5977088" percent="70" />
      <mem type="loa" free="314368" total="314368" percent="100" />
    </mem>
    <remembered-set count="511" />
  </mem-info>
</gc-end>
<cycle-end id="1467" type="scavenge" contextid="1460" timestamp="2019-06-15T04:55:46.607" />
  <attribute name="elasticGC enabled" value="1" />
  <attribute name= "numThreadsSpecified" value="4" />
  <attribute name="heapSize specified" value="8388608" />
  <attribute name="Current GC Util" value="17" />
  <attribute name= "Current Time Running" value="2035" />
  <attribute name ="GC Interval" value="200" />
  <attribute name="ProportionalT" value="-1.500000" />
  <attribute name="ProportionalI" value="-1.500000" />
  <attribute name="ProportionalH" value="-1.500000" />
  <attribute name="Current Error" value="-3.000000" />
  <attribute name="IntegralT" value="-96.000000" />
  <attribute name="IntegralI" value="-96.000000" />
  <attribute name="IntegralH" value="-96.000000" />
  <attribute name="DerivativeT" value="-0.140625" />
  <attribute name="DerivativeI" value="-0.140625" />
  <attribute name="DerivativeH" value="-0.140625" />
  <attribute name="Loop Time for DT" value="32.000000" />
  <attribute name="Output H" value="2092630016"/>
  <attribute name="Output I" value="200"/>
  <attribute name="Output T" value="4"/>
  <attribute name="Target GC Util Change" value ="20.000000" />
  <attribute name="Current GC Util Change" value="17.000000"/>
  <attribute name="GC Util currently" value="17" />
  <attribute name="CPU Util currently" value="146636571841" />
<allocation-satisfied id="1468" threadId="00000000016D3C00" bytesRequested="16" />
<af-end id="1469" timestamp="2019-06-15T04:55:46.607" threadId="00000000016D4588" success="true" from="nursery"/>
<exclusive-end id="1470" timestamp="2019-06-15T04:55:46.608" durationms="7.108" />

<exclusive-start id="1471" timestamp="2019-06-15T04:55:46.612" intervalms="11.997">
  <response-info timems="0.056" idlems="0.031" threads="1" lastid="00000000016DF000" lastname="PmdThread 4" />
</exclusive-start>
<af-start id="1472" threadId="00000000016DBD88" totalBytesRequested="40" timestamp="2019-06-15T04:55:46.613" intervalms="11.955" type="nursery" />
<cycle-start id="1473" type="scavenge" contextid="0" timestamp="2019-06-15T04:55:46.613" intervalms="11.924" />
<gc-start id="1474" type="scavenge" contextid="1473" timestamp="2019-06-15T04:55:46.613">
  <mem-info id="1475" free="4538472" total="8781824" percent="51">
    <mem type="nursery" free="0" total="2490368" percent="0">
      <mem type="allocate" free="0" total="1245184" percent="0" />
      <mem type="survivor" free="0" total="1245184" percent="0" />
    </mem>
    <mem type="tenure" free="4538472" total="6291456" percent="72">
      <mem type="soa" free="4224104" total="5977088" percent="70" />
      <mem type="loa" free="314368" total="314368" percent="100" />
    </mem>
    <remembered-set count="511" />
  </mem-info>
</gc-start>
<allocation-stats totalBytes="268936" >
  <allocated-bytes non-tlh="16" tlh="268920" />
  <largest-consumer threadName="PmdThread 3" threadId="00000000016DB400" bytes="129776" />
</allocation-stats>
<gc-op id="1476" type="scavenge" timems="1.533" contextid="1473" timestamp="2019-06-15T04:55:46.614">
  <scavenger-info tenureage="4" tenuremask="7030" tiltratio="50" />
  <memory-copied type="nursery" objects="13329" bytes="817000" bytesdiscarded="123936" />
  <memory-copied type="tenure" objects="789" bytes="35488" bytesdiscarded="0" />
  <finalization candidates="6" enqueued="0" />
  <ownableSynchronizers candidates="7" cleared="0" />
  <references type="weak" candidates="153" cleared="0" enqueued="0" />
  <references type="phantom" candidates="1" cleared="0" enqueued="0" />
</gc-op>
<heap-resize id="1477" type="expand" space="nursery" amount="262144" count="1" timems="0.014" reason="excessive time being spent scavenging" timestamp="2019-06-15T04:55:46.614" />
<gc-end id="1478" type="scavenge" contextid="1473" durationms="1.759" usertimems="0.000" systemtimems="4.000" timestamp="2019-06-15T04:55:46.614" activeThreads="4">
  <mem-info id="1479" free="4934568" total="9043968" percent="54">
    <mem type="nursery" free="435264" total="2752512" percent="15">
      <mem type="allocate" free="435264" total="1376256" percent="31" />
      <mem type="survivor" free="0" total="1376256" percent="0" />
    </mem>
    <mem type="tenure" free="4499304" total="6291456" percent="71">
      <mem type="soa" free="4184936" total="5977088" percent="70" />
      <mem type="loa" free="314368" total="314368" percent="100" />
    </mem>
    <remembered-set count="190" />
  </mem-info>
</gc-end>
<cycle-end id="1480" type="scavenge" contextid="1473" timestamp="2019-06-15T04:55:46.614" />
  <attribute name="elasticGC enabled" value="1" />
  <attribute name= "numThreadsSpecified" value="4" />
  <attribute name="heapSize specified" value="8388608" />
  <attribute name="Current GC Util" value="50" />
  <attribute name= "Current Time Running" value="2047" />
  <attribute name ="GC Interval" value="384" />
  <attribute name="ProportionalT" value="15.000000" />
  <attribute name="ProportionalI" value="15.000000" />
  <attribute name="ProportionalH" value="15.000000" />
  <attribute name="Current Error" value="30.000000" />
  <attribute name="IntegralT" value="360.000000" />
  <attribute name="IntegralI" value="360.000000" />
  <attribute name="IntegralH" value="360.000000" />
  <attribute name="DerivativeT" value="3.750000" />
  <attribute name="DerivativeI" value="3.750000" />
  <attribute name="DerivativeH" value="3.750000" />
  <attribute name="Loop Time for DT" value="12.000000" />
  <attribute name="Output H" value="8388608"/>
  <attribute name="Output I" value="384"/>
  <attribute name="Output T" value="4"/>
  <attribute name="Target GC Util Change" value ="20.000000" />
  <attribute name="Current GC Util Change" value="50.000000"/>
  <attribute name="GC Util currently" value="50" />
  <attribute name="CPU Util currently" value="391594147734" />
<allocation-satisfied id="1481" threadId="00000000016DB400" bytesRequested="40" />
<af-end id="1482" timestamp="2019-06-15T04:55:46.615" threadId="00000000016DBD88" success="true" from="nursery"/>
<exclusive-end id="1483" timestamp="2019-06-15T04:55:46.615" durationms="2.216" />

<exclusive-start id="1484" timestamp="2019-06-15T04:55:46.622" intervalms="9.884">
  <response-info timems="0.055" idlems="0.029" threads="1" lastid="00000000016D7800" lastname="PmdThread 2" />
</exclusive-start>
<af-start id="1485" threadId="00000000016D4588" totalBytesRequested="24" timestamp="2019-06-15T04:55:46.622" intervalms="9.891" type="nursery" />
<cycle-start id="1486" type="scavenge" contextid="0" timestamp="2019-06-15T04:55:46.622" intervalms="9.866" />
<gc-start id="1487" type="scavenge" contextid="1486" timestamp="2019-06-15T04:55:46.623">
  <mem-info id="1488" free="4499304" total="9043968" percent="49">
    <mem type="nursery" free="0" total="2752512" percent="0">
      <mem type="allocate" free="0" total="1376256" percent="0" />
      <mem type="survivor" free="0" total="1376256" percent="0" />
    </mem>
    <mem type="tenure" free="4499304" total="6291456" percent="71">
      <mem type="soa" free="4184936" total="5977088" percent="70" />
      <mem type="loa" free="314368" total="314368" percent="100" />
    </mem>
    <remembered-set count="190" />
  </mem-info>
</gc-start>
<allocation-stats totalBytes="433304" >
  <allocated-bytes non-tlh="40" tlh="433264" />
  <largest-consumer threadName="PmdThread 1" threadId="00000000016D3C00" bytes="192456" />
</allocation-stats>
<gc-op id="1489" type="scavenge" timems="1.162" contextid="1486" timestamp="2019-06-15T04:55:46.624">
  <scavenger-info tenureage="11" tenuremask="7800" tiltratio="50" />
  <memory-copied type="nursery" objects="11744" bytes="730872" bytesdiscarded="120960" />
  <finalization candidates="1" enqueued="0" />
  <ownableSynchronizers candidates="7" cleared="0" />
  <references type="weak" candidates="153" cleared="0" enqueued="0" />
</gc-op>
<heap-resize id="1490" type="expand" space="nursery" amount="262144" count="1" timems="0.012" reason="excessive time being spent scavenging" timestamp="2019-06-15T04:55:46.624" />
<gc-end id="1491" type="scavenge" contextid="1486" durationms="1.623" usertimems="0.000" systemtimems="0.000" timestamp="2019-06-15T04:55:46.624" activeThreads="4">
  <mem-info id="1492" free="5285832" total="9306112" percent="56">
    <mem type="nursery" free="786528" total="3014656" percent="26">
      <mem type="allocate" free="786528" total="1638400" percent="48" />
      <mem type="survivor" free="0" total="1376256" percent="0" />
    </mem>
    <mem type="tenure" free="4499304" total="6291456" percent="71">
      <mem type="soa" free="4184936" total="5977088" percent="70" />
      <mem type="loa" free="314368" total="314368" percent="100" />
    </mem>
    <remembered-set count="188" />
  </mem-info>
</gc-end>
<cycle-end id="1493" type="scavenge" contextid="1486" timestamp="2019-06-15T04:55:46.624" />
  <attribute name="elasticGC enabled" value="1" />
  <attribute name= "numThreadsSpecified" value="4" />
  <attribute name="heapSize specified" value="8388608" />
  <attribute name="Current GC Util" value="26" />
  <attribute name= "Current Time Running" value="2057" />
  <attribute name ="GC Interval" value="200" />
  <attribute name="ProportionalT" value="3.000000" />
  <attribute name="ProportionalI" value="3.000000" />
  <attribute name="ProportionalH" value="3.000000" />
  <attribute name="Current Error" value="6.000000" />
  <attribute name="IntegralT" value="60.000000" />
  <attribute name="IntegralI" value="60.000000" />
  <attribute name="IntegralH" value="60.000000" />
  <attribute name="DerivativeT" value="-3.600000" />
  <attribute name="DerivativeI" value="-3.600000" />
  <attribute name="DerivativeH" value="-3.600000" />
  <attribute name="Loop Time for DT" value="10.000000" />
  <attribute name="Output H" value="8388608"/>
  <attribute name="Output I" value="200"/>
  <attribute name="Output T" value="4"/>
  <attribute name="Target GC Util Change" value ="20.000000" />
  <attribute name="Current GC Util Change" value="26.000000"/>
  <attribute name="GC Util currently" value="26" />
  <attribute name="CPU Util currently" value="465795676170" />
<allocation-satisfied id="1494" threadId="00000000016D3C00" bytesRequested="24" />
<af-end id="1495" timestamp="2019-06-15T04:55:46.624" threadId="00000000016D4588" success="true" from="nursery"/>
<exclusive-end id="1496" timestamp="2019-06-15T04:55:46.625" durationms="2.242" />

<exclusive-start id="1497" timestamp="2019-06-15T04:55:46.655" intervalms="32.790">
  <response-info timems="0.147" idlems="0.087" threads="3" lastid="00000000013C7300" lastname="JIT Compilation Thread-0" />
</exclusive-start>
<af-start id="1498" threadId="00000000016D8188" totalBytesRequested="40" timestamp="2019-06-15T04:55:46.655" intervalms="32.818" type="nursery" />
<cycle-start id="1499" type="scavenge" contextid="0" timestamp="2019-06-15T04:55:46.655" intervalms="32.837" />
<gc-start id="1500" type="scavenge" contextid="1499" timestamp="2019-06-15T04:55:46.655">
  <mem-info id="1501" free="4494656" total="9306112" percent="48">
    <mem type="nursery" free="0" total="3014656" percent="0">
      <mem type="allocate" free="0" total="1638400" percent="0" />
      <mem type="survivor" free="0" total="1376256" percent="0" />
    </mem>
    <mem type="tenure" free="4494656" total="6291456" percent="71">
      <mem type="soa" free="4180288" total="5977088" percent="69" />
      <mem type="loa" free="314368" total="314368" percent="100" />
    </mem>
    <remembered-set count="243" />
  </mem-info>
</gc-start>
<allocation-stats totalBytes="789192" >
  <allocated-bytes non-tlh="231000" tlh="558192" />
  <largest-consumer threadName="PmdThread 3" threadId="00000000016DB400" bytes="315512" />
</allocation-stats>
<gc-op id="1502" type="scavenge" timems="1.220" contextid="1499" timestamp="2019-06-15T04:55:46.657">
  <scavenger-info tenureage="10" tenuremask="7c00" tiltratio="54" />
  <memory-copied type="nursery" objects="9537" bytes="780504" bytesdiscarded="166320" />
  <memory-copied type="tenure" objects="1" bytes="16" bytesdiscarded="0" />
  <finalization candidates="1" enqueued="0" />
  <ownableSynchronizers candidates="7" cleared="0" />
  <references type="weak" candidates="154" cleared="0" enqueued="0" />
  <references type="phantom" candidates="3" cleared="0" enqueued="0" />
</gc-op>
<gc-end id="1503" type="scavenge" contextid="1499" durationms="1.587" usertimems="4.000" systemtimems="0.000" timestamp="2019-06-15T04:55:46.657" activeThreads="4">
  <mem-info id="1504" free="5343568" total="9306112" percent="57">
    <mem type="nursery" free="888080" total="3014656" percent="29">
      <mem type="allocate" free="888080" total="1835008" percent="48" />
      <mem type="survivor" free="0" total="1179648" percent="0" />
    </mem>
    <mem type="tenure" free="4455488" total="6291456" percent="70">
      <mem type="soa" free="4141120" total="5977088" percent="69" />
      <mem type="loa" free="314368" total="314368" percent="100" />
    </mem>
    <remembered-set count="241" />
  </mem-info>
</gc-end>
<cycle-end id="1505" type="scavenge" contextid="1499" timestamp="2019-06-15T04:55:46.657" />
  <attribute name="elasticGC enabled" value="1" />
  <attribute name= "numThreadsSpecified" value="4" />
  <attribute name="heapSize specified" value="8388608" />
  <attribute name="Current GC Util" value="7" />
  <attribute name= "Current Time Running" value="2089" />
  <attribute name ="GC Interval" value="200" />
  <attribute name="ProportionalT" value="-6.500000" />
  <attribute name="ProportionalI" value="-6.500000" />
  <attribute name="ProportionalH" value="-6.500000" />
  <attribute name="Current Error" value="-13.000000" />
  <attribute name="IntegralT" value="-416.000000" />
  <attribute name="IntegralI" value="-416.000000" />
  <attribute name="IntegralH" value="-416.000000" />
  <attribute name="DerivativeT" value="-0.890625" />
  <attribute name="DerivativeI" value="-0.890625" />
  <attribute name="DerivativeH" value="-0.890625" />
  <attribute name="Loop Time for DT" value="32.000000" />
  <attribute name="Output H" value="2092630016"/>
  <attribute name="Output I" value="200"/>
  <attribute name="Output T" value="4"/>
  <attribute name="Target GC Util Change" value ="20.000000" />
  <attribute name="Current GC Util Change" value="7.000000"/>
  <attribute name="GC Util currently" value="7" />
  <attribute name="CPU Util currently" value="140416627266" />
<allocation-satisfied id="1506" threadId="00000000016D7800" bytesRequested="40" />
<af-end id="1507" timestamp="2019-06-15T04:55:46.657" threadId="00000000016D8188" success="true" from="nursery"/>
<exclusive-end id="1508" timestamp="2019-06-15T04:55:46.657" durationms="2.163" />

<exclusive-start id="1509" timestamp="2019-06-15T04:55:46.666" intervalms="10.534">
  <response-info timems="0.100" idlems="0.057" threads="3" lastid="00000000013CAF00" lastname="JIT Compilation Thread-1" />
</exclusive-start>
<af-start id="1510" threadId="00000000016DBD88" totalBytesRequested="36072" timestamp="2019-06-15T04:55:46.666" intervalms="10.517" type="nursery" />
<cycle-start id="1511" type="scavenge" contextid="0" timestamp="2019-06-15T04:55:46.666" intervalms="10.492" />
<gc-start id="1512" type="scavenge" contextid="1511" timestamp="2019-06-15T04:55:46.666">
  <mem-info id="1513" free="4459144" total="9306112" percent="47">
    <mem type="nursery" free="5144" total="3014656" percent="0">
      <mem type="allocate" free="5144" total="1835008" percent="0" />
      <mem type="survivor" free="0" total="1179648" percent="0" />
    </mem>
    <mem type="tenure" free="4454000" total="6291456" percent="70">
      <mem type="soa" free="4139632" total="5977088" percent="69" />
      <mem type="loa" free="314368" total="314368" percent="100" />
    </mem>
    <remembered-set count="258" />
  </mem-info>
</gc-start>
<allocation-stats totalBytes="857552" >
  <allocated-bytes non-tlh="233144" tlh="624408" />
  <largest-consumer threadName="PmdThread 3" threadId="00000000016DB400" bytes="432120" />
</allocation-stats>
<gc-op id="1514" type="scavenge" timems="1.093" contextid="1511" timestamp="2019-06-15T04:55:46.667">
  <scavenger-info tenureage="5" tenuremask="7e20" tiltratio="60" />
  <memory-copied type="nursery" objects="4778" bytes="578720" bytesdiscarded="189184" />
  <memory-copied type="tenure" objects="2284" bytes="114904" bytesdiscarded="56" />
  <finalization candidates="1" enqueued="0" />
  <ownableSynchronizers candidates="7" cleared="0" />
  <references type="weak" candidates="1" cleared="0" enqueued="0" />
  <references type="phantom" candidates="4" cleared="0" enqueued="0" />
</gc-op>
<heap-resize id="1515" type="expand" space="nursery" amount="262144" count="1" timems="0.014" reason="excessive time being spent scavenging" timestamp="2019-06-15T04:55:46.667" />
<gc-end id="1516" type="scavenge" contextid="1511" durationms="1.497" usertimems="4.000" systemtimems="0.000" timestamp="2019-06-15T04:55:46.667" activeThreads="4">
  <mem-info id="1517" free="5507960" total="9568256" percent="57">
    <mem type="nursery" free="1263624" total="3276800" percent="38">
      <mem type="allocate" free="1263624" total="2031616" percent="62" />
      <mem type="survivor" free="0" total="1245184" percent="0" />
    </mem>
    <mem type="tenure" free="4244336" total="6291456" percent="67">
      <mem type="soa" free="3929968" total="5977088" percent="65" />
      <mem type="loa" free="314368" total="314368" percent="100" />
    </mem>
    <remembered-set count="226" />
  </mem-info>
</gc-end>
<cycle-end id="1518" type="scavenge" contextid="1511" timestamp="2019-06-15T04:55:46.667" />
  <attribute name="elasticGC enabled" value="1" />
  <attribute name= "numThreadsSpecified" value="4" />
  <attribute name="heapSize specified" value="8388608" />
  <attribute name="Current GC Util" value="23" />
  <attribute name= "Current Time Running" value="2100" />
  <attribute name ="GC Interval" value="200" />
  <attribute name="ProportionalT" value="1.500000" />
  <attribute name="ProportionalI" value="1.500000" />
  <attribute name="ProportionalH" value="1.500000" />
  <attribute name="Current Error" value="3.000000" />
  <attribute name="IntegralT" value="33.000000" />
  <attribute name="IntegralI" value="33.000000" />
  <attribute name="IntegralH" value="33.000000" />
  <attribute name="DerivativeT" value="0.409091" />
  <attribute name="DerivativeI" value="0.409091" />
  <attribute name="DerivativeH" value="0.409091" />
  <attribute name="Loop Time for DT" value="11.000000" />
  <attribute name="Output H" value="8388608"/>
  <attribute name="Output I" value="200"/>
  <attribute name="Output T" value="4"/>
  <attribute name="Target GC Util Change" value ="20.000000" />
  <attribute name="Current GC Util Change" value="23.000000"/>
  <attribute name="GC Util currently" value="23" />
  <attribute name="CPU Util currently" value="441051451073" />
<allocation-satisfied id="1519" threadId="00000000016DB400" bytesRequested="36072" />
<af-end id="1520" timestamp="2019-06-15T04:55:46.668" threadId="00000000016DBD88" success="true" from="nursery"/>
<exclusive-end id="1521" timestamp="2019-06-15T04:55:46.668" durationms="1.997" />

<exclusive-start id="1522" timestamp="2019-06-15T04:55:46.713" intervalms="46.842">
  <response-info timems="0.044" idlems="0.018" threads="2" lastid="00000000016DF000" lastname="PmdThread 4" />
</exclusive-start>
<af-start id="1523" threadId="00000000016D8188" totalBytesRequested="40" timestamp="2019-06-15T04:55:46.713" intervalms="46.851" type="nursery" />
<cycle-start id="1524" type="scavenge" contextid="0" timestamp="2019-06-15T04:55:46.713" intervalms="46.858" />
<gc-start id="1525" type="scavenge" contextid="1524" timestamp="2019-06-15T04:55:46.713">
  <mem-info id="1526" free="4229064" total="9568256" percent="44">
    <mem type="nursery" free="0" total="3276800" percent="0">
      <mem type="allocate" free="0" total="2031616" percent="0" />
      <mem type="survivor" free="0" total="1245184" percent="0" />
    </mem>
    <mem type="tenure" free="4229064" total="6291456" percent="67">
      <mem type="soa" free="3914696" total="5977088" percent="65" />
      <mem type="loa" free="314368" total="314368" percent="100" />
    </mem>
    <remembered-set count="470" />
  </mem-info>
</gc-start>
<allocation-stats totalBytes="1238040" >
  <allocated-bytes non-tlh="100520" tlh="1137520" />
  <largest-consumer threadName="PmdThread 3" threadId="00000000016DB400" bytes="807344" />
</allocation-stats>
<gc-op id="1527" type="scavenge" timems="0.593" contextid="1524" timestamp="2019-06-15T04:55:46.713">
  <scavenger-info tenureage="9" tenuremask="7e00" tiltratio="62" />
  <memory-copied type="nursery" objects="8435" bytes="760816" bytesdiscarded="129504" />
  <finalization candidates="1" enqueued="0" />
  <references type="soft" candidates="2" cleared="0" enqueued="0" dynamicThreshold="26" maxThreshold="32" />
  <references type="weak" candidates="15" cleared="5" enqueued="5" />
  <references type="phantom" candidates="9" cleared="2" enqueued="2" />
</gc-op>
<gc-end id="1528" type="scavenge" contextid="1524" durationms="0.760" usertimems="4.000" systemtimems="0.000" timestamp="2019-06-15T04:55:46.713" activeThreads="4">
  <mem-info id="1529" free="5501328" total="9568256" percent="57">
    <mem type="nursery" free="1272264" total="3276800" percent="38">
      <mem type="allocate" free="1272264" total="2162688" percent="58" />
      <mem type="survivor" free="0" total="1114112" percent="0" />
    </mem>
    <mem type="tenure" free="4229064" total="6291456" percent="67">
      <mem type="soa" free="3914696" total="5977088" percent="65" />
      <mem type="loa" free="314368" total="314368" percent="100" />
    </mem>
    <pending-finalizers system="0" default="0" reference="7" classloader="0" />
    <remembered-set count="427" />
  </mem-info>
</gc-end>
<cycle-end id="1530" type="scavenge" contextid="1524" timestamp="2019-06-15T04:55:46.714" />
  <attribute name="elasticGC enabled" value="1" />
  <attribute name= "numThreadsSpecified" value="4" />
  <attribute name="heapSize specified" value="8388608" />
  <attribute name="Current GC Util" value="4" />
  <attribute name= "Current Time Running" value="2147" />
  <attribute name ="GC Interval" value="200" />
  <attribute name="ProportionalT" value="-8.000000" />
  <attribute name="ProportionalI" value="-8.000000" />
  <attribute name="ProportionalH" value="-8.000000" />
  <attribute name="Current Error" value="-16.000000" />
  <attribute name="IntegralT" value="-752.000000" />
  <attribute name="IntegralI" value="-752.000000" />
  <attribute name="IntegralH" value="-752.000000" />
  <attribute name="DerivativeT" value="-0.606383" />
  <attribute name="DerivativeI" value="-0.606383" />
  <attribute name="DerivativeH" value="-0.606383" />
  <attribute name="Loop Time for DT" value="47.000000" />
  <attribute name="Output H" value="2092630016"/>
  <attribute name="Output I" value="200"/>
  <attribute name="Output T" value="4"/>
  <attribute name="Target GC Util Change" value ="20.000000" />
  <attribute name="Current GC Util Change" value="4.000000"/>
  <attribute name="GC Util currently" value="4" />
  <attribute name="CPU Util currently" value="21" />
<allocation-satisfied id="1531" threadId="00000000016D7800" bytesRequested="40" />
<af-end id="1532" timestamp="2019-06-15T04:55:46.714" threadId="00000000016D8188" success="true" from="nursery"/>
<exclusive-end id="1533" timestamp="2019-06-15T04:55:46.714" durationms="1.162" />

<exclusive-start id="1534" timestamp="2019-06-15T04:55:46.765" intervalms="52.420">
  <response-info timems="0.034" idlems="0.034" threads="0" lastid="00000000016D7800" lastname="PmdThread 2" />
</exclusive-start>
<af-start id="1535" threadId="00000000016D8188" totalBytesRequested="40" timestamp="2019-06-15T04:55:46.765" intervalms="52.425" type="nursery" />
<cycle-start id="1536" type="scavenge" contextid="0" timestamp="2019-06-15T04:55:46.765" intervalms="52.425" />
<gc-start id="1537" type="scavenge" contextid="1536" timestamp="2019-06-15T04:55:46.765">
  <mem-info id="1538" free="4190536" total="9568256" percent="43">
    <mem type="nursery" free="0" total="3276800" percent="0">
      <mem type="allocate" free="0" total="2162688" percent="0" />
      <mem type="survivor" free="0" total="1114112" percent="0" />
    </mem>
    <mem type="tenure" free="4190536" total="6291456" percent="66">
      <mem type="soa" free="3876168" total="5977088" percent="64" />
      <mem type="loa" free="314368" total="314368" percent="100" />
    </mem>
    <remembered-set count="984" />
  </mem-info>
</gc-start>
<allocation-stats totalBytes="1305840" >
  <allocated-bytes non-tlh="38568" tlh="1267272" />
  <largest-consumer threadName="PmdThread 3" threadId="00000000016DB400" bytes="482848" />
</allocation-stats>
<gc-op id="1539" type="scavenge" timems="0.910" contextid="1536" timestamp="2019-06-15T04:55:46.766">
  <scavenger-info tenureage="6" tenuremask="7f40" tiltratio="66" />
  <memory-copied type="nursery" objects="15308" bytes="905920" bytesdiscarded="113240" />
  <memory-copied type="tenure" objects="2230" bytes="147240" bytesdiscarded="120" />
  <finalization candidates="1" enqueued="0" />
  <references type="soft" candidates="23" cleared="0" enqueued="0" dynamicThreshold="26" maxThreshold="32" />
  <references type="weak" candidates="73" cleared="24" enqueued="18" />
  <references type="phantom" candidates="5" cleared="0" enqueued="0" />
</gc-op>
<gc-end id="1540" type="scavenge" contextid="1536" durationms="1.075" usertimems="0.000" systemtimems="0.000" timestamp="2019-06-15T04:55:46.766" activeThreads="4">
  <mem-info id="1541" free="5089280" total="9568256" percent="53">
    <mem type="nursery" free="1077688" total="3276800" percent="32">
      <mem type="allocate" free="1077688" total="2097152" percent="51" />
      <mem type="survivor" free="0" total="1179648" percent="0" />
    </mem>
    <mem type="tenure" free="4011592" total="6291456" percent="63">
      <mem type="soa" free="3697224" total="5977088" percent="61" />
      <mem type="loa" free="314368" total="314368" percent="100" />
    </mem>
    <pending-finalizers system="0" default="0" reference="18" classloader="0" />
    <remembered-set count="935" />
  </mem-info>
</gc-end>
<cycle-end id="1542" type="scavenge" contextid="1536" timestamp="2019-06-15T04:55:46.766" />
  <attribute name="elasticGC enabled" value="1" />
  <attribute name= "numThreadsSpecified" value="4" />
  <attribute name="heapSize specified" value="8388608" />
  <attribute name="Current GC Util" value="2" />
  <attribute name= "Current Time Running" value="2199" />
  <attribute name ="GC Interval" value="200" />
  <attribute name="ProportionalT" value="-9.000000" />
  <attribute name="ProportionalI" value="-9.000000" />
  <attribute name="ProportionalH" value="-9.000000" />
  <attribute name="Current Error" value="-18.000000" />
  <attribute name="IntegralT" value="-936.000000" />
  <attribute name="IntegralI" value="-936.000000" />
  <attribute name="IntegralH" value="-936.000000" />
  <attribute name="DerivativeT" value="-0.519231" />
  <attribute name="DerivativeI" value="-0.519231" />
  <attribute name="DerivativeH" value="-0.519231" />
  <attribute name="Loop Time for DT" value="52.000000" />
  <attribute name="Output H" value="2092630016"/>
  <attribute name="Output I" value="200"/>
  <attribute name="Output T" value="4"/>
  <attribute name="Target GC Util Change" value ="20.000000" />
  <attribute name="Current GC Util Change" value="2.000000"/>
  <attribute name="GC Util currently" value="2" />
  <attribute name="CPU Util currently" value="23" />
<allocation-satisfied id="1543" threadId="00000000016D7800" bytesRequested="40" />
<af-end id="1544" timestamp="2019-06-15T04:55:46.766" threadId="00000000016D8188" success="true" from="nursery"/>
<exclusive-end id="1545" timestamp="2019-06-15T04:55:46.766" durationms="1.498" />

<exclusive-start id="1546" timestamp="2019-06-15T04:55:46.791" intervalms="25.899">
  <response-info timems="0.031" idlems="0.031" threads="0" lastid="00000000016DF000" lastname="PmdThread 4" />
</exclusive-start>
<af-start id="1547" threadId="00000000016DF988" totalBytesRequested="16" timestamp="2019-06-15T04:55:46.791" intervalms="25.897" type="nursery" />
<cycle-start id="1548" type="scavenge" contextid="0" timestamp="2019-06-15T04:55:46.791" intervalms="25.911" />
<gc-start id="1549" type="scavenge" contextid="1548" timestamp="2019-06-15T04:55:46.791">
  <mem-info id="1550" free="3983864" total="9568256" percent="41">
    <mem type="nursery" free="0" total="3276800" percent="0">
      <mem type="allocate" free="0" total="2097152" percent="0" />
      <mem type="survivor" free="0" total="1179648" percent="0" />
    </mem>
    <mem type="tenure" free="3983864" total="6291456" percent="63">
      <mem type="soa" free="3669496" total="5977088" percent="61" />
      <mem type="loa" free="314368" total="314368" percent="100" />
    </mem>
    <remembered-set count="1449" />
  </mem-info>
</gc-start>
<allocation-stats totalBytes="1104896" >
  <allocated-bytes non-tlh="27768" tlh="1077128" />
  <largest-consumer threadName="PmdThread 2" threadId="00000000016D7800" bytes="483664" />
</allocation-stats>
<gc-op id="1551" type="scavenge" timems="2.963" contextid="1548" timestamp="2019-06-15T04:55:46.794">
  <scavenger-info tenureage="3" tenuremask="7fa8" tiltratio="64" />
  <memory-copied type="nursery" objects="20713" bytes="913632" bytesdiscarded="80784" />
  <memory-copied type="tenure" objects="1127" bytes="223936" bytesdiscarded="184" />
  <finalization candidates="1" enqueued="0" />
  <references type="soft" candidates="29" cleared="0" enqueued="0" dynamicThreshold="26" maxThreshold="32" />
  <references type="weak" candidates="76" cleared="10" enqueued="7" />
  <references type="phantom" candidates="4" cleared="1" enqueued="1" />
</gc-op>
<heap-resize id="1552" type="expand" space="nursery" amount="262144" count="1" timems="0.014" reason="excessive time being spent scavenging" timestamp="2019-06-15T04:55:46.794" />
<gc-end id="1553" type="scavenge" contextid="1548" durationms="3.191" usertimems="4.000" systemtimems="0.000" timestamp="2019-06-15T04:55:46.794" activeThreads="4">
  <mem-info id="1554" free="5148840" total="9830400" percent="52">
    <mem type="nursery" free="1364464" total="3538944" percent="38">
      <mem type="allocate" free="1364464" total="2359296" percent="57" />
      <mem type="survivor" free="0" total="1179648" percent="0" />
    </mem>
    <mem type="tenure" free="3784376" total="6291456" percent="60">
      <mem type="soa" free="3470008" total="5977088" percent="58" />
      <mem type="loa" free="314368" total="314368" percent="100" />
    </mem>
    <pending-finalizers system="0" default="0" reference="8" classloader="0" />
    <remembered-set count="1275" />
  </mem-info>
</gc-end>
<cycle-end id="1555" type="scavenge" contextid="1548" timestamp="2019-06-15T04:55:46.794" />
  <attribute name="elasticGC enabled" value="1" />
  <attribute name= "numThreadsSpecified" value="4" />
  <attribute name="heapSize specified" value="8388608" />
  <attribute name="Current GC Util" value="8" />
  <attribute name= "Current Time Running" value="2225" />
  <attribute name ="GC Interval" value="200" />
  <attribute name="ProportionalT" value="-6.000000" />
  <attribute name="ProportionalI" value="-6.000000" />
  <attribute name="ProportionalH" value="-6.000000" />
  <attribute name="Current Error" value="-12.000000" />
  <attribute name="IntegralT" value="-312.000000" />
  <attribute name="IntegralI" value="-312.000000" />
  <attribute name="IntegralH" value="-312.000000" />
  <attribute name="DerivativeT" value="-0.692308" />
  <attribute name="DerivativeI" value="-0.692308" />
  <attribute name="DerivativeH" value="-0.692308" />
  <attribute name="Loop Time for DT" value="26.000000" />
  <attribute name="Output H" value="2092630016"/>
  <attribute name="Output I" value="200"/>
  <attribute name="Output T" value="4"/>
  <attribute name="Target GC Util Change" value ="20.000000" />
  <attribute name="Current GC Util Change" value="8.000000"/>
  <attribute name="GC Util currently" value="8" />
  <attribute name="CPU Util currently" value="178055525903" />
<allocation-satisfied id="1556" threadId="00000000016DF000" bytesRequested="16" />
<af-end id="1557" timestamp="2019-06-15T04:55:46.794" threadId="00000000016DF988" success="true" from="nursery"/>
<exclusive-end id="1558" timestamp="2019-06-15T04:55:46.794" durationms="3.581" />

<exclusive-start id="1559" timestamp="2019-06-15T04:55:46.829" intervalms="38.279">
  <response-info timems="0.312" idlems="0.250" threads="2" lastid="00000000016DB400" lastname="PmdThread 3" />
</exclusive-start>
<af-start id="1560" threadId="00000000016DF988" totalBytesRequested="4248" timestamp="2019-06-15T04:55:46.829" intervalms="38.295" type="nursery" />
<cycle-start id="1561" type="scavenge" contextid="0" timestamp="2019-06-15T04:55:46.829" intervalms="38.303" />
<gc-start id="1562" type="scavenge" contextid="1561" timestamp="2019-06-15T04:55:46.829">
  <mem-info id="1563" free="3771776" total="9830400" percent="38">
    <mem type="nursery" free="0" total="3538944" percent="0">
      <mem type="allocate" free="0" total="2359296" percent="0" />
      <mem type="survivor" free="0" total="1179648" percent="0" />
    </mem>
    <mem type="tenure" free="3771776" total="6291456" percent="59">
      <mem type="soa" free="3457408" total="5977088" percent="57" />
      <mem type="loa" free="314368" total="314368" percent="100" />
    </mem>
    <remembered-set count="1442" />
  </mem-info>
</gc-start>
<allocation-stats totalBytes="1370856" >
  <allocated-bytes non-tlh="12616" tlh="1358240" />
  <largest-consumer threadName="PmdThread 3" threadId="00000000016DB400" bytes="619040" />
</allocation-stats>
<gc-op id="1564" type="scavenge" timems="3.209" contextid="1561" timestamp="2019-06-15T04:55:46.833">
  <scavenger-info tenureage="6" tenuremask="7fc0" tiltratio="66" />
  <memory-copied type="nursery" objects="25175" bytes="1065600" bytesdiscarded="101328" />
  <memory-copied type="tenure" objects="438" bytes="36144" bytesdiscarded="96" />
  <finalization candidates="6" enqueued="0" />
  <references type="soft" candidates="32" cleared="0" enqueued="0" dynamicThreshold="26" maxThreshold="32" />
  <references type="weak" candidates="109" cleared="14" enqueued="10" />
  <references type="phantom" candidates="4" cleared="1" enqueued="1" />
</gc-op>
<gc-end id="1565" type="scavenge" contextid="1561" durationms="3.436" usertimems="8.000" systemtimems="0.000" timestamp="2019-06-15T04:55:46.833" activeThreads="4">
  <mem-info id="1566" free="4752880" total="9830400" percent="48">
    <mem type="nursery" free="1060832" total="3538944" percent="29">
      <mem type="allocate" free="1060832" total="2228224" percent="47" />
      <mem type="survivor" free="0" total="1310720" percent="0" />
    </mem>
    <mem type="tenure" free="3692048" total="6291456" percent="58">
      <mem type="soa" free="3377680" total="5977088" percent="56" />
      <mem type="loa" free="314368" total="314368" percent="100" />
    </mem>
    <pending-finalizers system="0" default="0" reference="11" classloader="0" />
    <remembered-set count="955" />
  </mem-info>
</gc-end>
<cycle-end id="1567" type="scavenge" contextid="1561" timestamp="2019-06-15T04:55:46.833" />
  <attribute name="elasticGC enabled" value="1" />
  <attribute name= "numThreadsSpecified" value="4" />
  <attribute name="heapSize specified" value="8388608" />
  <attribute name="Current GC Util" value="12" />
  <attribute name= "Current Time Running" value="2263" />
  <attribute name ="GC Interval" value="200" />
  <attribute name="ProportionalT" value="-4.000000" />
  <attribute name="ProportionalI" value="-4.000000" />
  <attribute name="ProportionalH" value="-4.000000" />
  <attribute name="Current Error" value="-8.000000" />
  <attribute name="IntegralT" value="-304.000000" />
  <attribute name="IntegralI" value="-304.000000" />
  <attribute name="IntegralH" value="-304.000000" />
  <attribute name="DerivativeT" value="-0.315789" />
  <attribute name="DerivativeI" value="-0.315789" />
  <attribute name="DerivativeH" value="-0.315789" />
  <attribute name="Loop Time for DT" value="38.000000" />
  <attribute name="Output H" value="2092630016"/>
  <attribute name="Output I" value="200"/>
  <attribute name="Output T" value="4"/>
  <attribute name="Target GC Util Change" value ="20.000000" />
  <attribute name="Current GC Util Change" value="12.000000"/>
  <attribute name="GC Util currently" value="12" />
  <attribute name="CPU Util currently" value="14" />
<allocation-satisfied id="1568" threadId="00000000016DF000" bytesRequested="4248" />
<af-end id="1569" timestamp="2019-06-15T04:55:46.833" threadId="00000000016DF988" success="true" from="nursery"/>
<exclusive-end id="1570" timestamp="2019-06-15T04:55:46.833" durationms="4.152" />

<exclusive-start id="1571" timestamp="2019-06-15T04:55:46.865" intervalms="35.764">
  <response-info timems="0.073" idlems="0.042" threads="1" lastid="00000000016D3C00" lastname="PmdThread 1" />
</exclusive-start>
<af-start id="1572" threadId="00000000016DBD88" totalBytesRequested="24" timestamp="2019-06-15T04:55:46.865" intervalms="35.729" type="nursery" />
<cycle-start id="1573" type="scavenge" contextid="0" timestamp="2019-06-15T04:55:46.865" intervalms="35.700" />
<gc-start id="1574" type="scavenge" contextid="1573" timestamp="2019-06-15T04:55:46.865">
  <mem-info id="1575" free="3684648" total="9830400" percent="37">
    <mem type="nursery" free="0" total="3538944" percent="0">
      <mem type="allocate" free="0" total="2228224" percent="0" />
      <mem type="survivor" free="0" total="1310720" percent="0" />
    </mem>
    <mem type="tenure" free="3684648" total="6291456" percent="58">
      <mem type="soa" free="3370280" total="5977088" percent="56" />
      <mem type="loa" free="314368" total="314368" percent="100" />
    </mem>
    <remembered-set count="1075" />
  </mem-info>
</gc-start>
<allocation-stats totalBytes="1066336" >
  <allocated-bytes non-tlh="11648" tlh="1054688" />
  <largest-consumer threadName="PmdThread 2" threadId="00000000016D7800" bytes="343952" />
</allocation-stats>
<gc-op id="1576" type="scavenge" timems="4.230" contextid="1573" timestamp="2019-06-15T04:55:46.869">
  <scavenger-info tenureage="3" tenuremask="7ff8" tiltratio="62" />
  <memory-copied type="nursery" objects="15359" bytes="605176" bytesdiscarded="91152" />
  <memory-copied type="tenure" objects="11143" bytes="485592" bytesdiscarded="304" />
  <finalization candidates="6" enqueued="0" />
  <references type="soft" candidates="9" cleared="0" enqueued="0" dynamicThreshold="26" maxThreshold="32" />
  <references type="weak" candidates="53" cleared="5" enqueued="4" />
  <references type="phantom" candidates="1" cleared="0" enqueued="0" />
</gc-op>
<heap-resize id="1577" type="expand" space="nursery" amount="262144" count="1" timems="0.013" reason="excessive time being spent scavenging" timestamp="2019-06-15T04:55:46.869" />
<gc-end id="1578" type="scavenge" contextid="1573" durationms="4.475" usertimems="8.000" systemtimems="4.000" timestamp="2019-06-15T04:55:46.870" activeThreads="4">
  <mem-info id="1579" free="4958184" total="10092544" percent="49">
    <mem type="nursery" free="1728224" total="3801088" percent="45">
      <mem type="allocate" free="1728224" total="2424832" percent="71" />
      <mem type="survivor" free="0" total="1376256" percent="0" />
    </mem>
    <mem type="tenure" free="3229960" total="6291456" percent="51">
      <mem type="soa" free="2915592" total="5977088" percent="48" />
      <mem type="loa" free="314368" total="314368" percent="100" />
    </mem>
    <pending-finalizers system="0" default="0" reference="4" classloader="0" />
    <remembered-set count="891" />
  </mem-info>
</gc-end>
<cycle-end id="1580" type="scavenge" contextid="1573" timestamp="2019-06-15T04:55:46.870" />
  <attribute name="elasticGC enabled" value="1" />
  <attribute name= "numThreadsSpecified" value="4" />
  <attribute name="heapSize specified" value="8388608" />
  <attribute name="Current GC Util" value="15" />
  <attribute name= "Current Time Running" value="2299" />
  <attribute name ="GC Interval" value="200" />
  <attribute name="ProportionalT" value="-2.500000" />
  <attribute name="ProportionalI" value="-2.500000" />
  <attribute name="ProportionalH" value="-2.500000" />
  <attribute name="Current Error" value="-5.000000" />
  <attribute name="IntegralT" value="-180.000000" />
  <attribute name="IntegralI" value="-180.000000" />
  <attribute name="IntegralH" value="-180.000000" />
  <attribute name="DerivativeT" value="-0.208333" />
  <attribute name="DerivativeI" value="-0.208333" />
  <attribute name="DerivativeH" value="-0.208333" />
  <attribute name="Loop Time for DT" value="36.000000" />
  <attribute name="Output H" value="2092630016"/>
  <attribute name="Output I" value="200"/>
  <attribute name="Output T" value="4"/>
  <attribute name="Target GC Util Change" value ="20.000000" />
  <attribute name="Current GC Util Change" value="15.000000"/>
  <attribute name="GC Util currently" value="15" />
  <attribute name="CPU Util currently" value="11" />
<allocation-satisfied id="1581" threadId="00000000016DB400" bytesRequested="24" />
<af-end id="1582" timestamp="2019-06-15T04:55:46.870" threadId="00000000016DBD88" success="true" from="nursery"/>
<exclusive-end id="1583" timestamp="2019-06-15T04:55:46.870" durationms="5.036" />

<exclusive-start id="1584" timestamp="2019-06-15T04:55:46.901" intervalms="36.263">
  <response-info timems="0.063" idlems="0.063" threads="0" lastid="00000000016D3C00" lastname="PmdThread 1" />
</exclusive-start>
<af-start id="1585" threadId="00000000016D4588" totalBytesRequested="24" timestamp="2019-06-15T04:55:46.901" intervalms="36.284" type="nursery" />
<cycle-start id="1586" type="scavenge" contextid="0" timestamp="2019-06-15T04:55:46.901" intervalms="36.319" />
<gc-start id="1587" type="scavenge" contextid="1586" timestamp="2019-06-15T04:55:46.901">
  <mem-info id="1588" free="3229344" total="10092544" percent="31">
    <mem type="nursery" free="0" total="3801088" percent="0">
      <mem type="allocate" free="0" total="2424832" percent="0" />
      <mem type="survivor" free="0" total="1376256" percent="0" />
    </mem>
    <mem type="tenure" free="3229344" total="6291456" percent="51">
      <mem type="soa" free="2914976" total="5977088" percent="48" />
      <mem type="loa" free="314368" total="314368" percent="100" />
    </mem>
    <remembered-set count="941" />
  </mem-info>
</gc-start>
<allocation-stats totalBytes="1727408" >
  <allocated-bytes non-tlh="112272" tlh="1615136" />
  <largest-consumer threadName="PmdThread 4" threadId="00000000016DF000" bytes="692096" />
</allocation-stats>
<gc-op id="1589" type="scavenge" timems="1.758" contextid="1586" timestamp="2019-06-15T04:55:46.903">
  <scavenger-info tenureage="5" tenuremask="7fe0" tiltratio="63" />
  <memory-copied type="nursery" objects="23387" bytes="946088" bytesdiscarded="58904" />
  <finalization candidates="5" enqueued="0" />
  <references type="soft" candidates="10" cleared="0" enqueued="0" dynamicThreshold="26" maxThreshold="32" />
  <references type="weak" candidates="51" cleared="1" enqueued="1" />
  <references type="phantom" candidates="1" cleared="1" enqueued="1" />
</gc-op>
<gc-end id="1590" type="scavenge" contextid="1586" durationms="1.994" usertimems="4.000" systemtimems="0.000" timestamp="2019-06-15T04:55:46.903" activeThreads="4">
  <mem-info id="1591" free="4714104" total="10092544" percent="46">
    <mem type="nursery" free="1484760" total="3801088" percent="39">
      <mem type="allocate" free="1484760" total="2490368" percent="59" />
      <mem type="survivor" free="0" total="1310720" percent="0" />
    </mem>
    <mem type="tenure" free="3229344" total="6291456" percent="51">
      <mem type="soa" free="2914976" total="5977088" percent="48" />
      <mem type="loa" free="314368" total="314368" percent="100" />
    </mem>
    <pending-finalizers system="0" default="0" reference="2" classloader="0" />
    <remembered-set count="834" />
  </mem-info>
</gc-end>
<cycle-end id="1592" type="scavenge" contextid="1586" timestamp="2019-06-15T04:55:46.903" />
  <attribute name="elasticGC enabled" value="1" />
  <attribute name= "numThreadsSpecified" value="4" />
  <attribute name="heapSize specified" value="8388608" />
  <attribute name="Current GC Util" value="16" />
  <attribute name= "Current Time Running" value="2335" />
  <attribute name ="GC Interval" value="200" />
  <attribute name="ProportionalT" value="-2.000000" />
  <attribute name="ProportionalI" value="-2.000000" />
  <attribute name="ProportionalH" value="-2.000000" />
  <attribute name="Current Error" value="-4.000000" />
  <attribute name="IntegralT" value="-144.000000" />
  <attribute name="IntegralI" value="-144.000000" />
  <attribute name="IntegralH" value="-144.000000" />
  <attribute name="DerivativeT" value="-0.166667" />
  <attribute name="DerivativeI" value="-0.166667" />
  <attribute name="DerivativeH" value="-0.166667" />
  <attribute name="Loop Time for DT" value="36.000000" />
  <attribute name="Output H" value="2092630016"/>
  <attribute name="Output I" value="200"/>
  <attribute name="Output T" value="4"/>
  <attribute name="Target GC Util Change" value ="20.000000" />
  <attribute name="Current GC Util Change" value="16.000000"/>
  <attribute name="GC Util currently" value="16" />
  <attribute name="CPU Util currently" value="7" />
<allocation-satisfied id="1593" threadId="00000000016D3C00" bytesRequested="24" />
<af-end id="1594" timestamp="2019-06-15T04:55:46.904" threadId="00000000016D4588" success="true" from="nursery"/>
<exclusive-end id="1595" timestamp="2019-06-15T04:55:46.904" durationms="2.501" />

<exclusive-start id="1596" timestamp="2019-06-15T04:55:46.922" intervalms="20.945">
  <response-info timems="0.247" idlems="0.201" threads="2" lastid="00000000016DB400" lastname="PmdThread 3" />
</exclusive-start>
<af-start id="1597" threadId="00000000016D8188" totalBytesRequested="16" timestamp="2019-06-15T04:55:46.922" intervalms="20.929" type="nursery" />
<cycle-start id="1598" type="scavenge" contextid="0" timestamp="2019-06-15T04:55:46.922" intervalms="20.896" />
<gc-start id="1599" type="scavenge" contextid="1598" timestamp="2019-06-15T04:55:46.922">
  <mem-info id="1600" free="3229104" total="10092544" percent="31">
    <mem type="nursery" free="0" total="3801088" percent="0">
      <mem type="allocate" free="0" total="2490368" percent="0" />
      <mem type="survivor" free="0" total="1310720" percent="0" />
    </mem>
    <mem type="tenure" free="3229104" total="6291456" percent="51">
      <mem type="soa" free="2914736" total="5977088" percent="48" />
      <mem type="loa" free="314368" total="314368" percent="100" />
    </mem>
    <remembered-set count="868" />
  </mem-info>
</gc-start>
<allocation-stats totalBytes="1484104" >
  <allocated-bytes non-tlh="264" tlh="1483840" />
  <largest-consumer threadName="PmdThread 4" threadId="00000000016DF000" bytes="769896" />
</allocation-stats>
<gc-op id="1601" type="scavenge" timems="5.762" contextid="1598" timestamp="2019-06-15T04:55:46.928">
  <scavenger-info tenureage="3" tenuremask="7ff8" tiltratio="65" />
  <memory-copied type="nursery" objects="17623" bytes="679600" bytesdiscarded="154560" />
  <memory-copied type="tenure" objects="10299" bytes="374288" bytesdiscarded="184" />
  <finalization candidates="5" enqueued="0" />
  <references type="soft" candidates="1" cleared="0" enqueued="0" dynamicThreshold="26" maxThreshold="32" />
  <references type="weak" candidates="5" cleared="1" enqueued="1" />
  <references type="phantom" candidates="1" cleared="1" enqueued="1" />
</gc-op>
<heap-resize id="1602" type="expand" space="nursery" amount="524288" count="1" timems="0.019" reason="excessive time being spent scavenging" timestamp="2019-06-15T04:55:46.928" />
<gc-end id="1603" type="scavenge" contextid="1598" durationms="6.277" usertimems="8.000" systemtimems="0.000" timestamp="2019-06-15T04:55:46.929" activeThreads="4">
  <mem-info id="1604" free="4858512" total="10616832" percent="45">
    <mem type="nursery" free="2048736" total="4325376" percent="47">
      <mem type="allocate" free="2048736" total="2883584" percent="71" />
      <mem type="survivor" free="0" total="1441792" percent="0" />
    </mem>
    <mem type="tenure" free="2809776" total="6291456" percent="44">
      <mem type="soa" free="2495408" total="5977088" percent="41" />
      <mem type="loa" free="314368" total="314368" percent="100" />
    </mem>
    <pending-finalizers system="0" default="0" reference="2" classloader="0" />
    <remembered-set count="929" />
  </mem-info>
</gc-end>
<cycle-end id="1605" type="scavenge" contextid="1598" timestamp="2019-06-15T04:55:46.929" />
  <attribute name="elasticGC enabled" value="1" />
  <attribute name= "numThreadsSpecified" value="4" />
  <attribute name="heapSize specified" value="8388608" />
  <attribute name="Current GC Util" value="14" />
  <attribute name= "Current Time Running" value="2356" />
  <attribute name ="GC Interval" value="200" />
  <attribute name="ProportionalT" value="-3.000000" />
  <attribute name="ProportionalI" value="-3.000000" />
  <attribute name="ProportionalH" value="-3.000000" />
  <attribute name="Current Error" value="-6.000000" />
  <attribute name="IntegralT" value="-126.000000" />
  <attribute name="IntegralI" value="-126.000000" />
  <attribute name="IntegralH" value="-126.000000" />
  <attribute name="DerivativeT" value="-0.428571" />
  <attribute name="DerivativeI" value="-0.428571" />
  <attribute name="DerivativeH" value="-0.428571" />
  <attribute name="Loop Time for DT" value="21.000000" />
  <attribute name="Output H" value="2092630016"/>
  <attribute name="Output I" value="200"/>
  <attribute name="Output T" value="4"/>
  <attribute name="Target GC Util Change" value ="20.000000" />
  <attribute name="Current GC Util Change" value="14.000000"/>
  <attribute name="GC Util currently" value="14" />
  <attribute name="CPU Util currently" value="222228219784" />
<allocation-satisfied id="1606" threadId="00000000016D7800" bytesRequested="16" />
<af-end id="1607" timestamp="2019-06-15T04:55:46.929" threadId="00000000016D8188" success="true" from="nursery"/>
<exclusive-end id="1608" timestamp="2019-06-15T04:55:46.929" durationms="7.068" />

<exclusive-start id="1609" timestamp="2019-06-15T04:55:46.957" intervalms="34.842">
  <response-info timems="0.139" idlems="0.092" threads="1" lastid="00000000016DB400" lastname="PmdThread 3" />
</exclusive-start>
<af-start id="1610" threadId="00000000016D8188" totalBytesRequested="1200" timestamp="2019-06-15T04:55:46.957" intervalms="34.881" type="nursery" />
<cycle-start id="1611" type="scavenge" contextid="0" timestamp="2019-06-15T04:55:46.957" intervalms="34.916" />
<gc-start id="1612" type="scavenge" contextid="1611" timestamp="2019-06-15T04:55:46.957">
  <mem-info id="1613" free="2807200" total="10616832" percent="26">
    <mem type="nursery" free="0" total="4325376" percent="0">
      <mem type="allocate" free="0" total="2883584" percent="0" />
      <mem type="survivor" free="0" total="1441792" percent="0" />
    </mem>
    <mem type="tenure" free="2807200" total="6291456" percent="44">
      <mem type="soa" free="2492832" total="5977088" percent="41" />
      <mem type="loa" free="314368" total="314368" percent="100" />
    </mem>
    <remembered-set count="999" />
  </mem-info>
</gc-start>
<allocation-stats totalBytes="2047064" >
  <allocated-bytes non-tlh="2592" tlh="2044472" />
  <largest-consumer threadName="PmdThread 4" threadId="00000000016DF000" bytes="967352" />
</allocation-stats>
<gc-op id="1614" type="scavenge" timems="1.770" contextid="1611" timestamp="2019-06-15T04:55:46.959">
  <scavenger-info tenureage="3" tenuremask="7ff8" tiltratio="66" />
  <memory-copied type="nursery" objects="16293" bytes="472264" bytesdiscarded="75280" />
  <memory-copied type="tenure" objects="4404" bytes="204568" bytesdiscarded="88" />
  <references type="soft" candidates="1" cleared="0" enqueued="0" dynamicThreshold="26" maxThreshold="32" />
  <references type="weak" candidates="56" cleared="53" enqueued="53" />
</gc-op>
<gc-end id="1615" type="scavenge" contextid="1611" durationms="1.985" usertimems="0.000" systemtimems="0.000" timestamp="2019-06-15T04:55:46.959" activeThreads="4">
  <mem-info id="1616" free="5198720" total="10616832" percent="48">
    <mem type="nursery" free="2597376" total="4325376" percent="60">
      <mem type="allocate" free="2597376" total="3145728" percent="82" />
      <mem type="survivor" free="0" total="1179648" percent="0" />
    </mem>
    <mem type="tenure" free="2601344" total="6291456" percent="41">
      <mem type="soa" free="2286976" total="5977088" percent="38" />
      <mem type="loa" free="314368" total="314368" percent="100" />
    </mem>
    <pending-finalizers system="0" default="0" reference="53" classloader="0" />
    <remembered-set count="421" />
  </mem-info>
</gc-end>
<cycle-end id="1617" type="scavenge" contextid="1611" timestamp="2019-06-15T04:55:46.959" />
  <attribute name="elasticGC enabled" value="1" />
  <attribute name= "numThreadsSpecified" value="4" />
  <attribute name="heapSize specified" value="8388608" />
  <attribute name="Current GC Util" value="10" />
  <attribute name= "Current Time Running" value="2391" />
  <attribute name ="GC Interval" value="200" />
  <attribute name="ProportionalT" value="-5.000000" />
  <attribute name="ProportionalI" value="-5.000000" />
  <attribute name="ProportionalH" value="-5.000000" />
  <attribute name="Current Error" value="-10.000000" />
  <attribute name="IntegralT" value="-350.000000" />
  <attribute name="IntegralI" value="-350.000000" />
  <attribute name="IntegralH" value="-350.000000" />
  <attribute name="DerivativeT" value="-0.428571" />
  <attribute name="DerivativeI" value="-0.428571" />
  <attribute name="DerivativeH" value="-0.428571" />
  <attribute name="Loop Time for DT" value="35.000000" />
  <attribute name="Output H" value="2092630016"/>
  <attribute name="Output I" value="200"/>
  <attribute name="Output T" value="4"/>
  <attribute name="Target GC Util Change" value ="20.000000" />
  <attribute name="Current GC Util Change" value="10.000000"/>
  <attribute name="GC Util currently" value="10" />
  <attribute name="CPU Util currently" value="131684079301" />
<allocation-satisfied id="1618" threadId="00000000016D7800" bytesRequested="1200" />
<af-end id="1619" timestamp="2019-06-15T04:55:46.959" threadId="00000000016D8188" success="true" from="nursery"/>
<exclusive-end id="1620" timestamp="2019-06-15T04:55:46.959" durationms="2.473" />

<exclusive-start id="1621" timestamp="2019-06-15T04:55:47.003" intervalms="45.919">
  <response-info timems="0.039" idlems="0.039" threads="0" lastid="00000000016DF000" lastname="PmdThread 4" />
</exclusive-start>
<af-start id="1622" threadId="00000000016DF988" totalBytesRequested="16" timestamp="2019-06-15T04:55:47.003" intervalms="45.912" type="nursery" />
<cycle-start id="1623" type="scavenge" contextid="0" timestamp="2019-06-15T04:55:47.003" intervalms="45.923" />
<gc-start id="1624" type="scavenge" contextid="1623" timestamp="2019-06-15T04:55:47.003">
  <mem-info id="1625" free="2586120" total="10616832" percent="24">
    <mem type="nursery" free="0" total="4325376" percent="0">
      <mem type="allocate" free="0" total="3145728" percent="0" />
      <mem type="survivor" free="0" total="1179648" percent="0" />
    </mem>
    <mem type="tenure" free="2586120" total="6291456" percent="41">
      <mem type="soa" free="2271752" total="5977088" percent="38" />
      <mem type="loa" free="314368" total="314368" percent="100" />
    </mem>
    <remembered-set count="716" />
  </mem-info>
</gc-start>
<allocation-stats totalBytes="2607664" >
  <allocated-bytes non-tlh="16424" tlh="2591240" />
  <largest-consumer threadName="PmdThread 2" threadId="00000000016D7800" bytes="1418336" />
</allocation-stats>
<gc-op id="1626" type="scavenge" timems="2.447" contextid="1623" timestamp="2019-06-15T04:55:47.006">
  <scavenger-info tenureage="4" tenuremask="7ff0" tiltratio="72" />
  <memory-copied type="nursery" objects="22130" bytes="665072" bytesdiscarded="48696" />
  <references type="soft" candidates="88" cleared="0" enqueued="0" dynamicThreshold="26" maxThreshold="32" />
  <references type="weak" candidates="134" cleared="129" enqueued="129" />
</gc-op>
<gc-end id="1627" type="scavenge" contextid="1623" durationms="2.674" usertimems="0.000" systemtimems="4.000" timestamp="2019-06-15T04:55:47.006" activeThreads="4">
  <mem-info id="1628" free="5082280" total="10616832" percent="47">
    <mem type="nursery" free="2496160" total="4325376" percent="57">
      <mem type="allocate" free="2496160" total="3211264" percent="77" />
      <mem type="survivor" free="0" total="1114112" percent="0" />
    </mem>
    <mem type="tenure" free="2586120" total="6291456" percent="41">
      <mem type="soa" free="2271752" total="5977088" percent="38" />
      <mem type="loa" free="314368" total="314368" percent="100" />
    </mem>
    <pending-finalizers system="0" default="0" reference="129" classloader="0" />
    <remembered-set count="702" />
  </mem-info>
</gc-end>
<cycle-end id="1629" type="scavenge" contextid="1623" timestamp="2019-06-15T04:55:47.006" />
  <attribute name="elasticGC enabled" value="1" />
  <attribute name= "numThreadsSpecified" value="4" />
  <attribute name="heapSize specified" value="8388608" />
  <attribute name="Current GC Util" value="4" />
  <attribute name= "Current Time Running" value="2437" />
  <attribute name ="GC Interval" value="200" />
  <attribute name="ProportionalT" value="-8.000000" />
  <attribute name="ProportionalI" value="-8.000000" />
  <attribute name="ProportionalH" value="-8.000000" />
  <attribute name="Current Error" value="-16.000000" />
  <attribute name="IntegralT" value="-736.000000" />
  <attribute name="IntegralI" value="-736.000000" />
  <attribute name="IntegralH" value="-736.000000" />
  <attribute name="DerivativeT" value="-0.521739" />
  <attribute name="DerivativeI" value="-0.521739" />
  <attribute name="DerivativeH" value="-0.521739" />
  <attribute name="Loop Time for DT" value="46.000000" />
  <attribute name="Output H" value="2092630016"/>
  <attribute name="Output I" value="200"/>
  <attribute name="Output T" value="4"/>
  <attribute name="Target GC Util Change" value ="20.000000" />
  <attribute name="Current GC Util Change" value="4.000000"/>
  <attribute name="GC Util currently" value="4" />
  <attribute name="CPU Util currently" value="17" />
<allocation-satisfied id="1630" threadId="00000000016DF000" bytesRequested="16" />
<af-end id="1631" timestamp="2019-06-15T04:55:47.006" threadId="00000000016DF988" success="true" from="nursery"/>
<exclusive-end id="1632" timestamp="2019-06-15T04:55:47.006" durationms="3.194" />

<exclusive-start id="1633" timestamp="2019-06-15T04:55:47.036" intervalms="32.720">
  <response-info timems="0.037" idlems="0.019" threads="1" lastid="00000000013CAF00" lastname="JIT Compilation Thread-1" />
</exclusive-start>
<af-start id="1634" threadId="00000000016D4588" totalBytesRequested="24" timestamp="2019-06-15T04:55:47.036" intervalms="32.752" type="nursery" />
<cycle-start id="1635" type="scavenge" contextid="0" timestamp="2019-06-15T04:55:47.036" intervalms="32.746" />
<gc-start id="1636" type="scavenge" contextid="1635" timestamp="2019-06-15T04:55:47.036">
  <mem-info id="1637" free="2582432" total="10616832" percent="24">
    <mem type="nursery" free="0" total="4325376" percent="0">
      <mem type="allocate" free="0" total="3211264" percent="0" />
      <mem type="survivor" free="0" total="1114112" percent="0" />
    </mem>
    <mem type="tenure" free="2582432" total="6291456" percent="41">
      <mem type="soa" free="2268064" total="5977088" percent="37" />
      <mem type="loa" free="314368" total="314368" percent="100" />
    </mem>
    <remembered-set count="777" />
  </mem-info>
</gc-start>
<allocation-stats totalBytes="2497904" >
  <allocated-bytes non-tlh="3704" tlh="2494200" />
  <largest-consumer threadName="PmdThread 2" threadId="00000000016D7800" bytes="1464808" />
</allocation-stats>
<gc-op id="1638" type="scavenge" timems="2.058" contextid="1635" timestamp="2019-06-15T04:55:47.038">
  <scavenger-info tenureage="4" tenuremask="7ff0" tiltratio="74" />
  <memory-copied type="nursery" objects="20065" bytes="677992" bytesdiscarded="219608" />
  <memory-copied type="tenure" objects="7394" bytes="248320" bytesdiscarded="80" />
  <references type="soft" candidates="109" cleared="0" enqueued="0" dynamicThreshold="26" maxThreshold="32" />
  <references type="weak" candidates="138" cleared="137" enqueued="137" />
  <references type="phantom" candidates="1" cleared="0" enqueued="0" />
</gc-op>
<gc-end id="1639" type="scavenge" contextid="1635" durationms="2.404" usertimems="4.000" systemtimems="0.000" timestamp="2019-06-15T04:55:47.038" activeThreads="4">
  <mem-info id="1640" free="4642096" total="10616832" percent="43">
    <mem type="nursery" free="2378384" total="4325376" percent="54">
      <mem type="allocate" free="2378384" total="3276800" percent="72" />
      <mem type="survivor" free="0" total="1048576" percent="0" />
    </mem>
    <mem type="tenure" free="2263712" total="6291456" percent="35">
      <mem type="soa" free="1949344" total="5977088" percent="32" />
      <mem type="loa" free="314368" total="314368" percent="100" />
    </mem>
    <pending-finalizers system="0" default="0" reference="137" classloader="0" />
    <remembered-set count="698" />
  </mem-info>
</gc-end>
<cycle-end id="1641" type="scavenge" contextid="1635" timestamp="2019-06-15T04:55:47.038" />
  <attribute name="elasticGC enabled" value="1" />
  <attribute name= "numThreadsSpecified" value="4" />
  <attribute name="heapSize specified" value="8388608" />
  <attribute name="Current GC Util" value="11" />
  <attribute name= "Current Time Running" value="2470" />
  <attribute name ="GC Interval" value="200" />
  <attribute name="ProportionalT" value="-4.500000" />
  <attribute name="ProportionalI" value="-4.500000" />
  <attribute name="ProportionalH" value="-4.500000" />
  <attribute name="Current Error" value="-9.000000" />
  <attribute name="IntegralT" value="-297.000000" />
  <attribute name="IntegralI" value="-297.000000" />
  <attribute name="IntegralH" value="-297.000000" />
  <attribute name="DerivativeT" value="-0.409091" />
  <attribute name="DerivativeI" value="-0.409091" />
  <attribute name="DerivativeH" value="-0.409091" />
  <attribute name="Loop Time for DT" value="33.000000" />
  <attribute name="Output H" value="2092630016"/>
  <attribute name="Output I" value="200"/>
  <attribute name="Output T" value="4"/>
  <attribute name="Target GC Util Change" value ="20.000000" />
  <attribute name="Current GC Util Change" value="11.000000"/>
  <attribute name="GC Util currently" value="11" />
  <attribute name="CPU Util currently" value="140843752982" />
<allocation-satisfied id="1642" threadId="00000000016D3C00" bytesRequested="24" />
<af-end id="1643" timestamp="2019-06-15T04:55:47.039" threadId="00000000016D4588" success="true" from="nursery"/>
<exclusive-end id="1644" timestamp="2019-06-15T04:55:47.039" durationms="3.130" />

<exclusive-start id="1645" timestamp="2019-06-15T04:55:47.058" intervalms="22.246">
  <response-info timems="0.091" idlems="0.091" threads="0" lastid="00000000016DB400" lastname="PmdThread 3" />
</exclusive-start>
<af-start id="1646" threadId="00000000016DBD88" totalBytesRequested="24" timestamp="2019-06-15T04:55:47.058" intervalms="22.197" type="nursery" />
<cycle-start id="1647" type="scavenge" contextid="0" timestamp="2019-06-15T04:55:47.058" intervalms="22.298" />
<gc-start id="1648" type="scavenge" contextid="1647" timestamp="2019-06-15T04:55:47.058">
  <mem-info id="1649" free="2262432" total="10616832" percent="21">
    <mem type="nursery" free="0" total="4325376" percent="0">
      <mem type="allocate" free="0" total="3276800" percent="0" />
      <mem type="survivor" free="0" total="1048576" percent="0" />
    </mem>
    <mem type="tenure" free="2262432" total="6291456" percent="35">
      <mem type="soa" free="1948064" total="5977088" percent="32" />
      <mem type="loa" free="314368" total="314368" percent="100" />
    </mem>
    <remembered-set count="731" />
  </mem-info>
</gc-start>
<allocation-stats totalBytes="2377616" >
  <allocated-bytes non-tlh="1304" tlh="2376312" />
  <largest-consumer threadName="PmdThread 2" threadId="00000000016D7800" bytes="1450872" />
</allocation-stats>
<gc-op id="1650" type="scavenge" timems="1.239" contextid="1647" timestamp="2019-06-15T04:55:47.060">
  <scavenger-info tenureage="4" tenuremask="7ff0" tiltratio="75" />
  <memory-copied type="nursery" objects="19281" bytes="763352" bytesdiscarded="142792" />
  <memory-copied type="tenure" objects="4019" bytes="100528" bytesdiscarded="0" />
  <references type="soft" candidates="109" cleared="0" enqueued="0" dynamicThreshold="26" maxThreshold="32" />
  <references type="weak" candidates="141" cleared="140" enqueued="140" />
  <references type="phantom" candidates="3" cleared="2" enqueued="2" />
</gc-op>
<gc-end id="1651" type="scavenge" contextid="1647" durationms="1.503" usertimems="4.000" systemtimems="0.000" timestamp="2019-06-15T04:55:47.060" activeThreads="4">
  <mem-info id="1652" free="4628072" total="10616832" percent="43">
    <mem type="nursery" free="2435528" total="4325376" percent="56">
      <mem type="allocate" free="2435528" total="3342336" percent="72" />
      <mem type="survivor" free="0" total="983040" percent="0" />
    </mem>
    <mem type="tenure" free="2192544" total="6291456" percent="34">
      <mem type="soa" free="1878176" total="5977088" percent="31" />
      <mem type="loa" free="314368" total="314368" percent="100" />
    </mem>
    <pending-finalizers system="0" default="0" reference="142" classloader="0" />
    <remembered-set count="370" />
  </mem-info>
</gc-end>
<cycle-end id="1653" type="scavenge" contextid="1647" timestamp="2019-06-15T04:55:47.060" />
  <attribute name="elasticGC enabled" value="1" />
  <attribute name= "numThreadsSpecified" value="4" />
  <attribute name="heapSize specified" value="8388608" />
  <attribute name="Current GC Util" value="17" />
  <attribute name= "Current Time Running" value="2493" />
  <attribute name ="GC Interval" value="200" />
  <attribute name="ProportionalT" value="-1.500000" />
  <attribute name="ProportionalI" value="-1.500000" />
  <attribute name="ProportionalH" value="-1.500000" />
  <attribute name="Current Error" value="-3.000000" />
  <attribute name="IntegralT" value="-69.000000" />
  <attribute name="IntegralI" value="-69.000000" />
  <attribute name="IntegralH" value="-69.000000" />
  <attribute name="DerivativeT" value="-0.195652" />
  <attribute name="DerivativeI" value="-0.195652" />
  <attribute name="DerivativeH" value="-0.195652" />
  <attribute name="Loop Time for DT" value="23.000000" />
  <attribute name="Output H" value="2092630016"/>
  <attribute name="Output I" value="200"/>
  <attribute name="Output T" value="4"/>
  <attribute name="Target GC Util Change" value ="20.000000" />
  <attribute name="Current GC Util Change" value="17.000000"/>
  <attribute name="GC Util currently" value="17" />
  <attribute name="CPU Util currently" value="204020134636" />
<allocation-satisfied id="1654" threadId="00000000016DB400" bytesRequested="24" />
<af-end id="1655" timestamp="2019-06-15T04:55:47.060" threadId="00000000016DBD88" success="true" from="nursery"/>
<exclusive-end id="1656" timestamp="2019-06-15T04:55:47.060" durationms="2.215" />

<exclusive-start id="1657" timestamp="2019-06-15T04:55:47.094" intervalms="35.833">
  <response-info timems="0.100" idlems="0.100" threads="0" lastid="00000000016DB400" lastname="PmdThread 3" />
</exclusive-start>
<af-start id="1658" threadId="00000000016DBD88" totalBytesRequested="544" timestamp="2019-06-15T04:55:47.094" intervalms="35.923" type="nursery" />
<cycle-start id="1659" type="scavenge" contextid="0" timestamp="2019-06-15T04:55:47.094" intervalms="35.942" />
<gc-start id="1660" type="scavenge" contextid="1659" timestamp="2019-06-15T04:55:47.094">
  <mem-info id="1661" free="2191800" total="10616832" percent="20">
    <mem type="nursery" free="0" total="4325376" percent="0">
      <mem type="allocate" free="0" total="3342336" percent="0" />
      <mem type="survivor" free="0" total="983040" percent="0" />
    </mem>
    <mem type="tenure" free="2191800" total="6291456" percent="34">
      <mem type="soa" free="1877432" total="5977088" percent="31" />
      <mem type="loa" free="314368" total="314368" percent="100" />
    </mem>
    <remembered-set count="405" />
  </mem-info>
</gc-start>
<allocation-stats totalBytes="2435032" >
  <allocated-bytes non-tlh="768" tlh="2434264" />
  <largest-consumer threadName="PmdThread 2" threadId="00000000016D7800" bytes="822656" />
</allocation-stats>
<gc-op id="1662" type="scavenge" timems="0.994" contextid="1659" timestamp="2019-06-15T04:55:47.095">
  <scavenger-info tenureage="3" tenuremask="7ff8" tiltratio="77" />
  <memory-copied type="nursery" objects="10910" bytes="575336" bytesdiscarded="112832" />
  <memory-copied type="tenure" objects="10039" bytes="284056" bytesdiscarded="120" />
  <references type="soft" candidates="24" cleared="0" enqueued="0" dynamicThreshold="26" maxThreshold="32" />
  <references type="weak" candidates="122" cleared="122" enqueued="122" />
  <references type="phantom" candidates="3" cleared="2" enqueued="2" />
</gc-op>
<gc-end id="1663" type="scavenge" contextid="1659" durationms="1.174" usertimems="4.000" systemtimems="0.000" timestamp="2019-06-15T04:55:47.095" activeThreads="4">
  <mem-info id="1664" free="4531064" total="10616832" percent="42">
    <mem type="nursery" free="2719424" total="4325376" percent="62">
      <mem type="allocate" free="2719424" total="3407872" percent="79" />
      <mem type="survivor" free="0" total="917504" percent="0" />
    </mem>
    <mem type="tenure" free="1811640" total="6291456" percent="28">
      <mem type="soa" free="1497272" total="5977088" percent="25" />
      <mem type="loa" free="314368" total="314368" percent="100" />
    </mem>
    <pending-finalizers system="0" default="0" reference="124" classloader="0" />
    <remembered-set count="246" />
  </mem-info>
</gc-end>
<cycle-end id="1665" type="scavenge" contextid="1659" timestamp="2019-06-15T04:55:47.095" />
  <attribute name="elasticGC enabled" value="1" />
  <attribute name= "numThreadsSpecified" value="4" />
  <attribute name="heapSize specified" value="8388608" />
  <attribute name="Current GC Util" value="7" />
  <attribute name= "Current Time Running" value="2528" />
  <attribute name ="GC Interval" value="200" />
  <attribute name="ProportionalT" value="-6.500000" />
  <attribute name="ProportionalI" value="-6.500000" />
  <attribute name="ProportionalH" value="-6.500000" />
  <attribute name="Current Error" value="-13.000000" />
  <attribute name="IntegralT" value="-455.000000" />
  <attribute name="IntegralI" value="-455.000000" />
  <attribute name="IntegralH" value="-455.000000" />
  <attribute name="DerivativeT" value="-0.557143" />
  <attribute name="DerivativeI" value="-0.557143" />
  <attribute name="DerivativeH" value="-0.557143" />
  <attribute name="Loop Time for DT" value="35.000000" />
  <attribute name="Output H" value="2092630016"/>
  <attribute name="Output I" value="200"/>
  <attribute name="Output T" value="4"/>
  <attribute name="Target GC Util Change" value ="20.000000" />
  <attribute name="Current GC Util Change" value="7.000000"/>
  <attribute name="GC Util currently" value="7" />
  <attribute name="CPU Util currently" value="129401548578" />
<allocation-satisfied id="1666" threadId="00000000016DB400" bytesRequested="544" />
<af-end id="1667" timestamp="2019-06-15T04:55:47.096" threadId="00000000016DBD88" success="true" from="nursery"/>
<exclusive-end id="1668" timestamp="2019-06-15T04:55:47.096" durationms="1.966" />

<exclusive-start id="1669" timestamp="2019-06-15T04:55:47.117" intervalms="23.788">
  <response-info timems="0.208" idlems="0.188" threads="1" lastid="00000000016D7800" lastname="PmdThread 2" />
</exclusive-start>
<af-start id="1670" threadId="00000000016DF988" totalBytesRequested="72" timestamp="2019-06-15T04:55:47.118" intervalms="23.731" type="nursery" />
<cycle-start id="1671" type="scavenge" contextid="0" timestamp="2019-06-15T04:55:47.118" intervalms="23.601" />
<gc-start id="1672" type="scavenge" contextid="1671" timestamp="2019-06-15T04:55:47.118">
  <mem-info id="1673" free="1810880" total="10616832" percent="17">
    <mem type="nursery" free="0" total="4325376" percent="0">
      <mem type="allocate" free="0" total="3407872" percent="0" />
      <mem type="survivor" free="0" total="917504" percent="0" />
    </mem>
    <mem type="tenure" free="1810880" total="6291456" percent="28">
      <mem type="soa" free="1496512" total="5977088" percent="25" />
      <mem type="loa" free="314368" total="314368" percent="100" />
    </mem>
    <remembered-set count="357" />
  </mem-info>
</gc-start>
<allocation-stats totalBytes="2718784" >
  <allocated-bytes non-tlh="1304" tlh="2717480" />
  <largest-consumer threadName="PmdThread 2" threadId="00000000016D7800" bytes="1183120" />
</allocation-stats>
<gc-op id="1674" type="scavenge" timems="1.114" contextid="1671" timestamp="2019-06-15T04:55:47.119">
  <scavenger-info tenureage="3" tenuremask="7ff8" tiltratio="78" />
  <memory-copied type="nursery" objects="12076" bytes="557912" bytesdiscarded="95944" />
  <memory-copied type="tenure" objects="5259" bytes="260392" bytesdiscarded="768" />
  <references type="soft" candidates="14" cleared="0" enqueued="0" dynamicThreshold="26" maxThreshold="32" />
  <references type="weak" candidates="36" cleared="35" enqueued="35" />
  <references type="phantom" candidates="5" cleared="3" enqueued="3" />
</gc-op>
<gc-end id="1675" type="scavenge" contextid="1671" durationms="1.349" usertimems="0.000" systemtimems="0.000" timestamp="2019-06-15T04:55:47.119" activeThreads="4">
  <mem-info id="1676" free="4214160" total="10616832" percent="39">
    <mem type="nursery" free="2752472" total="4325376" percent="63">
      <mem type="allocate" free="2752472" total="3407872" percent="80" />
      <mem type="survivor" free="0" total="917504" percent="0" />
    </mem>
    <mem type="tenure" free="1461688" total="6291456" percent="23">
      <mem type="soa" free="1147320" total="5977088" percent="19" />
      <mem type="loa" free="314368" total="314368" percent="100" />
    </mem>
    <pending-finalizers system="0" default="0" reference="38" classloader="0" />
    <remembered-set count="649" />
  </mem-info>
</gc-end>
<cycle-end id="1677" type="scavenge" contextid="1671" timestamp="2019-06-15T04:55:47.119" />
  <attribute name="elasticGC enabled" value="1" />
  <attribute name= "numThreadsSpecified" value="4" />
  <attribute name="heapSize specified" value="8388608" />
  <attribute name="Current GC Util" value="10" />
  <attribute name= "Current Time Running" value="2552" />
  <attribute name ="GC Interval" value="200" />
  <attribute name="ProportionalT" value="-5.000000" />
  <attribute name="ProportionalI" value="-5.000000" />
  <attribute name="ProportionalH" value="-5.000000" />
  <attribute name="Current Error" value="-10.000000" />
  <attribute name="IntegralT" value="-240.000000" />
  <attribute name="IntegralI" value="-240.000000" />
  <attribute name="IntegralH" value="-240.000000" />
  <attribute name="DerivativeT" value="-0.625000" />
  <attribute name="DerivativeI" value="-0.625000" />
  <attribute name="DerivativeH" value="-0.625000" />
  <attribute name="Loop Time for DT" value="24.000000" />
  <attribute name="Output H" value="2092630016"/>
  <attribute name="Output I" value="200"/>
  <attribute name="Output T" value="4"/>
  <attribute name="Target GC Util Change" value ="20.000000" />
  <attribute name="Current GC Util Change" value="10.000000"/>
  <attribute name="GC Util currently" value="10" />
  <attribute name="CPU Util currently" value="195711280782" />
<allocation-satisfied id="1678" threadId="00000000016DF000" bytesRequested="72" />
<af-end id="1679" timestamp="2019-06-15T04:55:47.119" threadId="00000000016DF988" success="true" from="nursery"/>
<exclusive-end id="1680" timestamp="2019-06-15T04:55:47.120" durationms="2.082" />

<exclusive-start id="1681" timestamp="2019-06-15T04:55:47.140" intervalms="22.867">
  <response-info timems="0.066" idlems="0.044" threads="1" lastid="00000000016D7800" lastname="PmdThread 2" />
</exclusive-start>
<af-start id="1682" threadId="00000000016DF988" totalBytesRequested="16" timestamp="2019-06-15T04:55:47.140" intervalms="22.833" type="nursery" />
<cycle-start id="1683" type="scavenge" contextid="0" timestamp="2019-06-15T04:55:47.140" intervalms="22.815" />
<gc-start id="1684" type="scavenge" contextid="1683" timestamp="2019-06-15T04:55:47.141">
  <mem-info id="1685" free="1461248" total="10616832" percent="13">
    <mem type="nursery" free="0" total="4325376" percent="0">
      <mem type="allocate" free="0" total="3407872" percent="0" />
      <mem type="survivor" free="0" total="917504" percent="0" />
    </mem>
    <mem type="tenure" free="1461248" total="6291456" percent="23">
      <mem type="soa" free="1146880" total="5977088" percent="19" />
      <mem type="loa" free="314368" total="314368" percent="100" />
    </mem>
    <remembered-set count="683" />
  </mem-info>
</gc-start>
<allocation-stats totalBytes="2743848" >
  <allocated-bytes non-tlh="512" tlh="2743336" />
  <largest-consumer threadName="PmdThread 4" threadId="00000000016DF000" bytes="913520" />
</allocation-stats>
<gc-op id="1686" type="scavenge" timems="3.352" contextid="1683" timestamp="2019-06-15T04:55:47.144">
  <scavenger-info tenureage="4" tenuremask="7ff0" tiltratio="78" />
  <memory-copied type="nursery" objects="14320" bytes="847680" bytesdiscarded="68848" />
  <memory-copied type="tenure" objects="3473" bytes="74576" bytesdiscarded="0" />
  <copy-failed type="nursery" objects="3473" bytes="74576" />
  <references type="soft" candidates="14" cleared="0" enqueued="0" dynamicThreshold="26" maxThreshold="32" />
  <references type="weak" candidates="30" cleared="29" enqueued="29" />
  <references type="phantom" candidates="6" cleared="2" enqueued="2" />
</gc-op>
<heap-resize id="1687" type="expand" space="nursery" amount="393216" count="1" timems="0.014" reason="excessive time being spent scavenging" timestamp="2019-06-15T04:55:47.144" />
<gc-end id="1688" type="scavenge" contextid="1683" durationms="3.678" usertimems="0.000" systemtimems="4.000" timestamp="2019-06-15T04:55:47.144" activeThreads="4">
  <mem-info id="1689" free="3650304" total="11010048" percent="33">
    <mem type="nursery" free="2228224" total="4718592" percent="47">
      <mem type="allocate" free="2228224" total="3145728" percent="70" />
      <mem type="survivor" free="0" total="1572864" percent="0" />
    </mem>
    <mem type="tenure" free="1422080" total="6291456" percent="22">
      <mem type="soa" free="1107712" total="5977088" percent="18" />
      <mem type="loa" free="314368" total="314368" percent="100" />
    </mem>
    <pending-finalizers system="0" default="0" reference="31" classloader="0" />
    <remembered-set count="684" />
  </mem-info>
</gc-end>
<cycle-end id="1690" type="scavenge" contextid="1683" timestamp="2019-06-15T04:55:47.144" />
  <attribute name="elasticGC enabled" value="1" />
  <attribute name= "numThreadsSpecified" value="4" />
  <attribute name="heapSize specified" value="8388608" />
  <attribute name="Current GC Util" value="9" />
  <attribute name= "Current Time Running" value="2575" />
  <attribute name ="GC Interval" value="200" />
  <attribute name="ProportionalT" value="-5.500000" />
  <attribute name="ProportionalI" value="-5.500000" />
  <attribute name="ProportionalH" value="-5.500000" />
  <attribute name="Current Error" value="-11.000000" />
  <attribute name="IntegralT" value="-253.000000" />
  <attribute name="IntegralI" value="-253.000000" />
  <attribute name="IntegralH" value="-253.000000" />
  <attribute name="DerivativeT" value="-0.717391" />
  <attribute name="DerivativeI" value="-0.717391" />
  <attribute name="DerivativeH" value="-0.717391" />
  <attribute name="Loop Time for DT" value="23.000000" />
  <attribute name="Output H" value="2092630016"/>
  <attribute name="Output I" value="200"/>
  <attribute name="Output T" value="4"/>
  <attribute name="Target GC Util Change" value ="20.000000" />
  <attribute name="Current GC Util Change" value="9.000000"/>
  <attribute name="GC Util currently" value="9" />
  <attribute name="CPU Util currently" value="202223780621" />
<allocation-satisfied id="1691" threadId="00000000016DF000" bytesRequested="16" />
<af-end id="1692" timestamp="2019-06-15T04:55:47.145" threadId="00000000016DF988" success="true" from="nursery"/>
<exclusive-end id="1693" timestamp="2019-06-15T04:55:47.145" durationms="4.414" />

<exclusive-start id="1694" timestamp="2019-06-15T04:55:47.159" intervalms="18.658">
  <response-info timems="0.082" idlems="0.082" threads="0" lastid="00000000016D7800" lastname="PmdThread 2" />
</exclusive-start>
<af-start id="1695" threadId="00000000016D8188" totalBytesRequested="24" timestamp="2019-06-15T04:55:47.159" intervalms="18.705" type="nursery" />
<cycle-start id="1696" type="scavenge" contextid="0" timestamp="2019-06-15T04:55:47.159" intervalms="18.711" />
<gc-start id="1697" type="scavenge" contextid="1696" timestamp="2019-06-15T04:55:47.159">
  <mem-info id="1698" free="1421648" total="11010048" percent="12">
    <mem type="nursery" free="0" total="4718592" percent="0">
      <mem type="allocate" free="0" total="3145728" percent="0" />
      <mem type="survivor" free="0" total="1572864" percent="0" />
    </mem>
    <mem type="tenure" free="1421648" total="6291456" percent="22">
      <mem type="soa" free="1107280" total="5977088" percent="18" />
      <mem type="loa" free="314368" total="314368" percent="100" />
    </mem>
    <remembered-set count="697" />
  </mem-info>
</gc-start>
<allocation-stats totalBytes="2227824" >
  <allocated-bytes non-tlh="448" tlh="2227376" />
  <largest-consumer threadName="PmdThread 4" threadId="00000000016DF000" bytes="1048072" />
</allocation-stats>
<gc-op id="1699" type="scavenge" timems="1.283" contextid="1696" timestamp="2019-06-15T04:55:47.161">
  <scavenger-info tenureage="4" tenuremask="7ff0" tiltratio="66" />
  <memory-copied type="nursery" objects="23560" bytes="1261184" bytesdiscarded="111656" />
  <memory-copied type="tenure" objects="2727" bytes="91936" bytesdiscarded="8" />
  <references type="soft" candidates="14" cleared="0" enqueued="0" dynamicThreshold="26" maxThreshold="32" />
  <references type="weak" candidates="6" cleared="5" enqueued="5" />
  <references type="phantom" candidates="3" cleared="1" enqueued="1" />
</gc-op>
<gc-end id="1700" type="scavenge" contextid="1696" durationms="1.480" usertimems="0.000" systemtimems="0.000" timestamp="2019-06-15T04:55:47.161" activeThreads="4">
  <mem-info id="1701" free="2962368" total="11010048" percent="26">
    <mem type="nursery" free="1641328" total="4718592" percent="34">
      <mem type="allocate" free="1641328" total="3014656" percent="54" />
      <mem type="survivor" free="0" total="1703936" percent="0" />
    </mem>
    <mem type="tenure" free="1321040" total="6291456" percent="20">
      <mem type="soa" free="1006672" total="5977088" percent="16" />
      <mem type="loa" free="314368" total="314368" percent="100" />
    </mem>
    <pending-finalizers system="0" default="0" reference="6" classloader="0" />
    <remembered-set count="302" />
  </mem-info>
</gc-end>
<cycle-end id="1702" type="scavenge" contextid="1696" timestamp="2019-06-15T04:55:47.161" />
  <attribute name="elasticGC enabled" value="1" />
  <attribute name= "numThreadsSpecified" value="4" />
  <attribute name="heapSize specified" value="8388608" />
  <attribute name="Current GC Util" value="24" />
  <attribute name= "Current Time Running" value="2593" />
  <attribute name ="GC Interval" value="200" />
  <attribute name="ProportionalT" value="2.000000" />
  <attribute name="ProportionalI" value="2.000000" />
  <attribute name="ProportionalH" value="2.000000" />
  <attribute name="Current Error" value="4.000000" />
  <attribute name="IntegralT" value="72.000000" />
  <attribute name="IntegralI" value="72.000000" />
  <attribute name="IntegralH" value="72.000000" />
  <attribute name="DerivativeT" value="0.333333" />
  <attribute name="DerivativeI" value="0.333333" />
  <attribute name="DerivativeH" value="0.333333" />
  <attribute name="Loop Time for DT" value="18.000000" />
  <attribute name="Output H" value="8388608"/>
  <attribute name="Output I" value="200"/>
  <attribute name="Output T" value="4"/>
  <attribute name="Target GC Util Change" value ="20.000000" />
  <attribute name="Current GC Util Change" value="24.000000"/>
  <attribute name="GC Util currently" value="24" />
  <attribute name="CPU Util currently" value="246592533223" />
<allocation-satisfied id="1703" threadId="00000000016D7800" bytesRequested="24" />
<af-end id="1704" timestamp="2019-06-15T04:55:47.161" threadId="00000000016D8188" success="true" from="nursery"/>
<exclusive-end id="1705" timestamp="2019-06-15T04:55:47.161" durationms="1.952" />

<exclusive-start id="1706" timestamp="2019-06-15T04:55:47.168" intervalms="9.291">
  <response-info timems="0.133" idlems="0.068" threads="2" lastid="00000000016DB400" lastname="PmdThread 3" />
</exclusive-start>
<af-start id="1707" threadId="00000000016D4588" totalBytesRequested="16392" timestamp="2019-06-15T04:55:47.168" intervalms="9.268" type="nursery" />
<cycle-start id="1708" type="scavenge" contextid="0" timestamp="2019-06-15T04:55:47.168" intervalms="9.278" />
<gc-start id="1709" type="scavenge" contextid="1708" timestamp="2019-06-15T04:55:47.168">
  <mem-info id="1710" free="1320992" total="11010048" percent="11">
    <mem type="nursery" free="0" total="4718592" percent="0">
      <mem type="allocate" free="0" total="3014656" percent="0" />
      <mem type="survivor" free="0" total="1703936" percent="0" />
    </mem>
    <mem type="tenure" free="1320992" total="6291456" percent="20">
      <mem type="soa" free="1006624" total="5977088" percent="16" />
      <mem type="loa" free="314368" total="314368" percent="100" />
    </mem>
    <remembered-set count="311" />
  </mem-info>
</gc-start>
<allocation-stats totalBytes="1633840" >
  <allocated-bytes non-tlh="72" tlh="1633768" />
  <largest-consumer threadName="PmdThread 4" threadId="00000000016DF000" bytes="794488" />
</allocation-stats>
<gc-op id="1711" type="scavenge" timems="1.913" contextid="1708" timestamp="2019-06-15T04:55:47.170">
  <scavenger-info tenureage="3" tenuremask="7ff8" tiltratio="63" />
  <memory-copied type="nursery" objects="23962" bytes="1155856" bytesdiscarded="29480" />
  <memory-copied type="tenure" objects="3352" bytes="182560" bytesdiscarded="168" />
  <references type="weak" candidates="7" cleared="7" enqueued="7" />
  <references type="phantom" candidates="2" cleared="1" enqueued="1" />
</gc-op>
<heap-resize id="1712" type="expand" space="nursery" amount="524288" count="1" timems="0.014" reason="excessive time being spent scavenging" timestamp="2019-06-15T04:55:47.171" />
<gc-end id="1713" type="scavenge" contextid="1708" durationms="2.295" usertimems="0.000" systemtimems="4.000" timestamp="2019-06-15T04:55:47.171" activeThreads="4">
  <mem-info id="1714" free="3456720" total="11534336" percent="29">
    <mem type="nursery" free="2222008" total="5242880" percent="42">
      <mem type="allocate" free="2222008" total="3407872" percent="65" />
      <mem type="survivor" free="0" total="1835008" percent="0" />
    </mem>
    <mem type="tenure" free="1234712" total="6291456" percent="19">
      <mem type="soa" free="920344" total="5977088" percent="15" />
      <mem type="loa" free="314368" total="314368" percent="100" />
    </mem>
    <pending-finalizers system="0" default="0" reference="8" classloader="0" />
    <remembered-set count="171" />
  </mem-info>
</gc-end>
<cycle-end id="1715" type="scavenge" contextid="1708" timestamp="2019-06-15T04:55:47.171" />
  <attribute name="elasticGC enabled" value="1" />
  <attribute name= "numThreadsSpecified" value="4" />
  <attribute name="heapSize specified" value="8388608" />
  <attribute name="Current GC Util" value="32" />
  <attribute name= "Current Time Running" value="2602" />
  <attribute name ="GC Interval" value="200" />
  <attribute name="ProportionalT" value="6.000000" />
  <attribute name="ProportionalI" value="6.000000" />
  <attribute name="ProportionalH" value="6.000000" />
  <attribute name="Current Error" value="12.000000" />
  <attribute name="IntegralT" value="108.000000" />
  <attribute name="IntegralI" value="108.000000" />
  <attribute name="IntegralH" value="108.000000" />
  <attribute name="DerivativeT" value="1.333333" />
  <attribute name="DerivativeI" value="1.333333" />
  <attribute name="DerivativeH" value="1.333333" />
  <attribute name="Loop Time for DT" value="9.000000" />
  <attribute name="Output H" value="8388608"/>
  <attribute name="Output I" value="200"/>
  <attribute name="Output T" value="4"/>
  <attribute name="Target GC Util Change" value ="20.000000" />
  <attribute name="Current GC Util Change" value="32.000000"/>
  <attribute name="GC Util currently" value="32" />
  <attribute name="CPU Util currently" value="499144730619" />
<allocation-satisfied id="1716" threadId="00000000016D3C00" bytesRequested="16392" />
<af-end id="1717" timestamp="2019-06-15T04:55:47.171" threadId="00000000016D4588" success="true" from="nursery"/>
<exclusive-end id="1718" timestamp="2019-06-15T04:55:47.171" durationms="3.085" />

<exclusive-start id="1719" timestamp="2019-06-15T04:55:47.183" intervalms="14.771">
  <response-info timems="0.095" idlems="0.095" threads="0" lastid="00000000016DF000" lastname="PmdThread 4" />
</exclusive-start>
<af-start id="1720" threadId="00000000016DF988" totalBytesRequested="48" timestamp="2019-06-15T04:55:47.183" intervalms="14.712" type="nursery" />
<cycle-start id="1721" type="scavenge" contextid="0" timestamp="2019-06-15T04:55:47.183" intervalms="14.723" />
<gc-start id="1722" type="scavenge" contextid="1721" timestamp="2019-06-15T04:55:47.183">
  <mem-info id="1723" free="1234712" total="11534336" percent="10">
    <mem type="nursery" free="0" total="5242880" percent="0">
      <mem type="allocate" free="0" total="3407872" percent="0" />
      <mem type="survivor" free="0" total="1835008" percent="0" />
    </mem>
    <mem type="tenure" free="1234712" total="6291456" percent="19">
      <mem type="soa" free="920344" total="5977088" percent="15" />
      <mem type="loa" free="314368" total="314368" percent="100" />
    </mem>
    <remembered-set count="187" />
  </mem-info>
</gc-start>
<allocation-stats totalBytes="2220584" >
  <allocated-bytes non-tlh="32784" tlh="2187800" />
  <largest-consumer threadName="PmdThread 4" threadId="00000000016DF000" bytes="1185384" />
</allocation-stats>
<gc-op id="1724" type="scavenge" timems="3.122" contextid="1721" timestamp="2019-06-15T04:55:47.186">
  <scavenger-info tenureage="2" tenuremask="7ffc" tiltratio="65" />
  <memory-copied type="nursery" objects="7716" bytes="339152" bytesdiscarded="129080" />
  <memory-copied type="tenure" objects="17039" bytes="777232" bytesdiscarded="248" />
  <references type="weak" candidates="25" cleared="25" enqueued="25" />
  <references type="phantom" candidates="7" cleared="5" enqueued="5" />
</gc-op>
<heap-resize id="1725" type="expand" space="nursery" amount="524288" count="1" timems="0.012" reason="excessive time being spent scavenging" timestamp="2019-06-15T04:55:47.187" />
<gc-end id="1726" type="scavenge" contextid="1721" durationms="3.436" usertimems="8.000" systemtimems="0.000" timestamp="2019-06-15T04:55:47.187" activeThreads="4">
  <mem-info id="1727" free="3934192" total="12058624" percent="32">
    <mem type="nursery" free="3528936" total="5767168" percent="61">
      <mem type="allocate" free="3528936" total="3997696" percent="88" />
      <mem type="survivor" free="0" total="1769472" percent="0" />
    </mem>
    <mem type="tenure" free="405256" total="6291456" percent="6">
      <mem type="soa" free="90888" total="5977088" percent="1" />
      <mem type="loa" free="314368" total="314368" percent="100" />
    </mem>
    <pending-finalizers system="0" default="0" reference="30" classloader="0" />
    <remembered-set count="1367" />
  </mem-info>
</gc-end>
<cycle-end id="1728" type="scavenge" contextid="1721" timestamp="2019-06-15T04:55:47.187" />
  <attribute name="elasticGC enabled" value="1" />
  <attribute name= "numThreadsSpecified" value="4" />
  <attribute name="heapSize specified" value="8388608" />
  <attribute name="Current GC Util" value="26" />
  <attribute name= "Current Time Running" value="2617" />
  <attribute name ="GC Interval" value="200" />
  <attribute name="ProportionalT" value="3.000000" />
  <attribute name="ProportionalI" value="3.000000" />
  <attribute name="ProportionalH" value="3.000000" />
  <attribute name="Current Error" value="6.000000" />
  <attribute name="IntegralT" value="90.000000" />
  <attribute name="IntegralI" value="90.000000" />
  <attribute name="IntegralH" value="90.000000" />
  <attribute name="DerivativeT" value="-0.600000" />
  <attribute name="DerivativeI" value="-0.600000" />
  <attribute name="DerivativeH" value="-0.600000" />
  <attribute name="Loop Time for DT" value="15.000000" />
  <attribute name="Output H" value="8388608"/>
  <attribute name="Output I" value="200"/>
  <attribute name="Output T" value="4"/>
  <attribute name="Target GC Util Change" value ="20.000000" />
  <attribute name="Current GC Util Change" value="26.000000"/>
  <attribute name="GC Util currently" value="26" />
  <attribute name="CPU Util currently" value="312493462097" />
<allocation-satisfied id="1729" threadId="00000000016DF000" bytesRequested="48" />
<af-end id="1730" timestamp="2019-06-15T04:55:47.187" threadId="00000000016DF988" success="true" from="nursery"/>
<exclusive-end id="1731" timestamp="2019-06-15T04:55:47.187" durationms="3.899" />

<concurrent-kickoff id="1732" timestamp="2019-06-15T04:55:47.202">
  <kickoff reason="threshold reached" targetBytes="1867303" thresholdFreeBytes="258991"  remainingFree="235752" tenureFreeBytes="403032" nurseryFreeBytes="235752" />
</concurrent-kickoff>
<exclusive-start id="1733" timestamp="2019-06-15T04:55:47.203" intervalms="19.785">
  <response-info timems="0.340" idlems="0.159" threads="2" lastid="00000000016DB400" lastname="PmdThread 3" />
</exclusive-start>
<cycle-start id="1734" type="global" contextid="0" timestamp="2019-06-15T04:55:47.203" intervalms="1975.842" />
<exclusive-end id="1735" timestamp="2019-06-15T04:55:47.203" durationms="0.117" />

<exclusive-start id="1736" timestamp="2019-06-15T04:55:47.204" intervalms="1.051">
  <response-info timems="0.201" idlems="0.110" threads="1" lastid="00000000013C7300" lastname="JIT Compilation Thread-0" />
</exclusive-start>
<af-start id="1737" threadId="00000000016DF988" totalBytesRequested="48" timestamp="2019-06-15T04:55:47.204" intervalms="20.854" type="nursery" />
<cycle-start id="1738" type="scavenge" contextid="0" timestamp="2019-06-15T04:55:47.204" intervalms="20.842" />
<gc-start id="1739" type="scavenge" contextid="1738" timestamp="2019-06-15T04:55:47.204">
  <mem-info id="1740" free="403032" total="12058624" percent="3">
    <mem type="nursery" free="0" total="5767168" percent="0">
      <mem type="allocate" free="0" total="3997696" percent="0" />
      <mem type="survivor" free="0" total="1769472" percent="0" />
    </mem>
    <mem type="tenure" free="403032" total="6291456" percent="6">
      <mem type="soa" free="88664" total="5977088" percent="1" />
      <mem type="loa" free="314368" total="314368" percent="100" />
    </mem>
    <remembered-set count="1839" />
  </mem-info>
</gc-start>
<allocation-stats totalBytes="3522544" >
  <allocated-bytes non-tlh="2272" tlh="3520272" />
  <largest-consumer threadName="PmdThread 4" threadId="00000000016DF000" bytes="1897824" />
</allocation-stats>
<gc-op id="1741" type="scavenge" timems="2.481" contextid="1738" timestamp="2019-06-15T04:55:47.207">
  <scavenger-info tenureage="3" tenuremask="7ff8" tiltratio="69" />
  <memory-copied type="nursery" objects="11668" bytes="655264" bytesdiscarded="64480" />
  <references type="weak" candidates="101" cleared="100" enqueued="100" />
  <references type="phantom" candidates="16" cleared="8" enqueued="8" />
</gc-op>
<heap-resize id="1742" type="expand" space="nursery" amount="262144" count="1" timems="0.014" reason="excessive time being spent scavenging" timestamp="2019-06-15T04:55:47.207" />
<gc-end id="1743" type="scavenge" contextid="1738" durationms="2.738" usertimems="4.000" systemtimems="0.000" timestamp="2019-06-15T04:55:47.207" activeThreads="4">
  <mem-info id="1744" free="4204664" total="12320768" percent="34">
    <mem type="nursery" free="3801632" total="6029312" percent="63">
      <mem type="allocate" free="3801632" total="4521984" percent="84" />
      <mem type="survivor" free="0" total="1507328" percent="0" />
    </mem>
    <mem type="tenure" free="403032" total="6291456" percent="6">
      <mem type="soa" free="88664" total="5977088" percent="1" />
      <mem type="loa" free="314368" total="314368" percent="100" />
    </mem>
    <pending-finalizers system="0" default="0" reference="108" classloader="0" />
    <remembered-set count="1409" />
  </mem-info>
</gc-end>
<cycle-end id="1745" type="scavenge" contextid="1738" timestamp="2019-06-15T04:55:47.207" />
  <attribute name="elasticGC enabled" value="1" />
  <attribute name= "numThreadsSpecified" value="4" />
  <attribute name="heapSize specified" value="8388608" />
  <attribute name="Current GC Util" value="25" />
  <attribute name= "Current Time Running" value="2638" />
  <attribute name ="GC Interval" value="200" />
  <attribute name="ProportionalT" value="2.500000" />
  <attribute name="ProportionalI" value="2.500000" />
  <attribute name="ProportionalH" value="2.500000" />
  <attribute name="Current Error" value="5.000000" />
  <attribute name="IntegralT" value="105.000000" />
  <attribute name="IntegralI" value="105.000000" />
  <attribute name="IntegralH" value="105.000000" />
  <attribute name="DerivativeT" value="-0.071429" />
  <attribute name="DerivativeI" value="-0.071429" />
  <attribute name="DerivativeH" value="-0.071429" />
  <attribute name="Loop Time for DT" value="21.000000" />
  <attribute name="Output H" value="8388608"/>
  <attribute name="Output I" value="200"/>
  <attribute name="Output T" value="4"/>
  <attribute name="Target GC Util Change" value ="20.000000" />
  <attribute name="Current GC Util Change" value="25.000000"/>
  <attribute name="GC Util currently" value="25" />
  <attribute name="CPU Util currently" value="221046551090" />
<allocation-satisfied id="1746" threadId="00000000016DF000" bytesRequested="48" />
<af-end id="1747" timestamp="2019-06-15T04:55:47.208" threadId="00000000016DF988" success="true" from="nursery"/>
<exclusive-end id="1748" timestamp="2019-06-15T04:55:47.208" durationms="4.096" />

<exclusive-start id="1749" timestamp="2019-06-15T04:55:47.227" intervalms="23.565">
  <response-info timems="0.277" idlems="0.196" threads="3" lastid="00000000013C7300" lastname="JIT Compilation Thread-0" />
</exclusive-start>
<af-start id="1750" threadId="00000000016DF988" totalBytesRequested="72" timestamp="2019-06-15T04:55:47.228" intervalms="23.591" type="nursery" />
<percolate-collect id="1751" from="nursery" to="global" reason="concurrent mark exhausted" timestamp="2019-06-15T04:55:47.228"/>
<gc-start id="1752" type="global" contextid="1734" timestamp="2019-06-15T04:55:47.228">
  <mem-info id="1753" free="402056" total="12320768" percent="3">
    <mem type="nursery" free="0" total="6029312" percent="0">
      <mem type="allocate" free="0" total="4521984" percent="0" />
      <mem type="survivor" free="0" total="1507328" percent="0" />
    </mem>
    <mem type="tenure" free="402056" total="6291456" percent="6">
      <mem type="soa" free="87688" total="5977088" percent="1" />
      <mem type="loa" free="314368" total="314368" percent="100" />
    </mem>
    <remembered-set count="1455" />
  </mem-info>
</gc-start>
<allocation-stats totalBytes="3800400" >
  <allocated-bytes non-tlh="1024" tlh="3799376" />
  <largest-consumer threadName="PmdThread 4" threadId="00000000016DF000" bytes="1872272" />
</allocation-stats>
<concurrent-halted id="1754" timestamp="2019-06-15T04:55:47.228">
  <halted state="Complete" status="exhausted" />
  <traced bytesTarget="1849687" bytesTotal="3108704" bytesByMutator="2389432" bytesByHelper="719272" percent="168" />
  <cards cleaned="337" thresholdBytes="102026" />
</concurrent-halted>
<gc-op id="1755" type="rs-scan" timems="1.312" contextid="1734" timestamp="2019-06-15T04:55:47.229">
  <scan objectsFound="1412" bytesTraced="351668" workStackOverflowCount="0" />
</gc-op>
<gc-op id="1756" type="card-cleaning" timems="0.583" contextid="1734" timestamp="2019-06-15T04:55:47.230">
  <card-cleaning cardsCleaned="3" bytesTraced="12780" workStackOverflowCount="0" />
</gc-op>
<gc-op id="1757" type="mark" timems="4.351" contextid="1734" timestamp="2019-06-15T04:55:47.234">
  <trace-info objectcount="11673" scancount="10723" scanbytes="385228" />
  <finalization candidates="57" enqueued="0" />
  <ownableSynchronizers candidates="8" cleared="0" />
  <references type="soft" candidates="230" cleared="0" enqueued="0" dynamicThreshold="26" maxThreshold="32" />
  <references type="weak" candidates="752" cleared="96" enqueued="75" />
  <references type="phantom" candidates="71" cleared="4" enqueued="4" />
  <stringconstants candidates="4944" cleared="5"  />
</gc-op>
<gc-op id="1758" type="classunload" timems="0.242" contextid="1734" timestamp="2019-06-15T04:55:47.235">
  <classunload-info classloadercandidates="11" classloadersunloaded="1" classesunloaded="1" anonymousclassesunloaded="0" quiescems="0.000" setupms="0.234" scanms="0.006" postms="0.002" />
</gc-op>
<gc-op id="1759" type="sweep" timems="1.442" contextid="1734" timestamp="2019-06-15T04:55:47.236" />
<mem-info id="1760" free="4015744" total="12320768" percent="32">
  <mem type="nursery" free="2893840" total="6029312" percent="47">
    <mem type="allocate" free="2893840" total="4521984" percent="63" />
    <mem type="survivor" free="0" total="1507328" percent="0" />
  </mem>
  <mem type="tenure" free="1121904" total="6291456" percent="17" micro-fragmented="115751" macro-fragmented="0">
    <mem type="soa" free="807536" total="5977088" percent="13" />
    <mem type="loa" free="314368" total="314368" percent="100" />
  </mem>
  <pending-finalizers system="0" default="0" reference="79" classloader="0" />
  <remembered-set count="1455" />
</mem-info>
<gc-op id="1761" type="compact" timems="27.907" contextid="1734" timestamp="2019-06-15T04:55:47.264">
  <compact-info movecount="123421" movebytes="5830096" reason="compact to aid heap contraction" />
</gc-op>
<heap-resize id="1762" type="contract" space="tenure" amount="262144" count="1" timems="0.190" reason="heap reconfiguration" timestamp="2019-06-15T04:55:47.265" />
<gc-end id="1763" type="global" contextid="1734" durationms="37.801" usertimems="44.000" systemtimems="0.000" timestamp="2019-06-15T04:55:47.265" activeThreads="4">
  <mem-info id="1764" free="4420640" total="12058624" percent="36">
    <mem type="nursery" free="3533784" total="6029312" percent="58">
      <mem type="allocate" free="3533784" total="4521984" percent="78" />
      <mem type="survivor" free="0" total="1507328" percent="0" />
    </mem>
    <mem type="tenure" free="886856" total="6029312" percent="14">
      <mem type="soa" free="638024" total="5728256" percent="11" />
      <mem type="loa" free="248832" total="301056" percent="82" />
    </mem>
    <pending-finalizers system="0" default="0" reference="79" classloader="0" />
    <remembered-set count="1455" />
  </mem-info>
</gc-end>
<cycle-end id="1765" type="global" contextid="1734" timestamp="2019-06-15T04:55:47.266" />
  <attribute name="elasticGC enabled" value="1" />
  <attribute name= "numThreadsSpecified" value="4" />
  <attribute name="heapSize specified" value="12320768" />
  <attribute name="Current GC Util" value="34" />
  <attribute name= "Current Time Running" value="2698" />
  <attribute name ="GC Interval" value="200" />
  <attribute name="ProportionalT" value="7.000000" />
  <attribute name="ProportionalI" value="7.000000" />
  <attribute name="ProportionalH" value="7.000000" />
  <attribute name="Current Error" value="14.000000" />
  <attribute name="IntegralT" value="392.000000" />
  <attribute name="IntegralI" value="392.000000" />
  <attribute name="IntegralH" value="392.000000" />
  <attribute name="DerivativeT" value="-3.482143" />
  <attribute name="DerivativeI" value="-3.482143" />
  <attribute name="DerivativeH" value="-3.482143" />
  <attribute name="Loop Time for DT" value="28.000000" />
  <attribute name="Output H" value="8388608"/>
  <attribute name="Output I" value="400"/>
  <attribute name="Output T" value="4"/>
  <attribute name="Target GC Util Change" value ="20.000000" />
  <attribute name="Current GC Util Change" value="34.000000"/>
  <attribute name="GC Util currently" value="34" />
  <attribute name="CPU Util currently" value="164279290053" />
<allocation-satisfied id="1766" threadId="00000000016DF000" bytesRequested="72" />
<af-end id="1767" timestamp="2019-06-15T04:55:47.266" threadId="00000000016DF988" success="true" from="nursery"/>
<exclusive-end id="1768" timestamp="2019-06-15T04:55:47.266" durationms="38.548" />

<exclusive-start id="1769" timestamp="2019-06-15T04:55:47.286" intervalms="58.448">
  <response-info timems="0.165" idlems="0.098" threads="2" lastid="00000000013C7300" lastname="JIT Compilation Thread-0" />
</exclusive-start>
<af-start id="1770" threadId="00000000016DF988" totalBytesRequested="56" timestamp="2019-06-15T04:55:47.286" intervalms="58.443" type="nursery" />
<cycle-start id="1771" type="scavenge" contextid="0" timestamp="2019-06-15T04:55:47.286" intervalms="82.041" />
<gc-start id="1772" type="scavenge" contextid="1771" timestamp="2019-06-15T04:55:47.286">
  <mem-info id="1773" free="886672" total="12058624" percent="7">
    <mem type="nursery" free="0" total="6029312" percent="0">
      <mem type="allocate" free="0" total="4521984" percent="0" />
      <mem type="survivor" free="0" total="1507328" percent="0" />
    </mem>
    <mem type="tenure" free="886672" total="6029312" percent="14">
      <mem type="soa" free="637840" total="5728256" percent="11" />
      <mem type="loa" free="248832" total="301056" percent="82" />
    </mem>
    <remembered-set count="1609" />
  </mem-info>
</gc-start>
<allocation-stats totalBytes="3531368" >
  <allocated-bytes non-tlh="256" tlh="3531112" />
  <largest-consumer threadName="PmdThread 1" threadId="00000000016D3C00" bytes="1157928" />
</allocation-stats>
<gc-op id="1774" type="scavenge" timems="2.434" contextid="1771" timestamp="2019-06-15T04:55:47.289">
  <scavenger-info tenureage="3" tenuremask="7ff8" tiltratio="75" />
  <memory-copied type="nursery" objects="21317" bytes="1126120" bytesdiscarded="182288" />
  <memory-copied type="tenure" objects="4316" bytes="134368" bytesdiscarded="80" />
  <ownableSynchronizers candidates="16" cleared="16" />
  <references type="soft" candidates="5" cleared="0" enqueued="0" dynamicThreshold="4" maxThreshold="32" />
  <references type="weak" candidates="56" cleared="54" enqueued="54" />
  <references type="phantom" candidates="10" cleared="2" enqueued="2" />
</gc-op>
<gc-end id="1775" type="scavenge" contextid="1771" durationms="2.769" usertimems="4.000" systemtimems="0.000" timestamp="2019-06-15T04:55:47.289" activeThreads="4">
  <mem-info id="1776" free="3745072" total="12058624" percent="31">
    <mem type="nursery" free="3015072" total="6029312" percent="50">
      <mem type="allocate" free="3015072" total="4325376" percent="69" />
      <mem type="survivor" free="0" total="1703936" percent="0" />
    </mem>
    <mem type="tenure" free="730000" total="6029312" percent="12">
      <mem type="soa" free="481168" total="5728256" percent="8" />
      <mem type="loa" free="248832" total="301056" percent="82" />
    </mem>
    <pending-finalizers system="0" default="0" reference="56" classloader="0" />
    <remembered-set count="656" />
  </mem-info>
</gc-end>
<cycle-end id="1777" type="scavenge" contextid="1771" timestamp="2019-06-15T04:55:47.289" />
  <attribute name="elasticGC enabled" value="1" />
  <attribute name= "numThreadsSpecified" value="4" />
  <attribute name="heapSize specified" value="12320768" />
  <attribute name="Current GC Util" value="235" />
  <attribute name= "Current Time Running" value="2720" />
  <attribute name ="GC Interval" value="4000" />
  <attribute name="ProportionalT" value="107.500000" />
  <attribute name="ProportionalI" value="107.500000" />
  <attribute name="ProportionalH" value="107.500000" />
  <attribute name="Current Error" value="215.000000" />
  <attribute name="IntegralT" value="4730.000000" />
  <attribute name="IntegralI" value="4730.000000" />
  <attribute name="IntegralH" value="4730.000000" />
  <attribute name="DerivativeT" value="13.704545" />
  <attribute name="DerivativeI" value="13.704545" />
  <attribute name="DerivativeH" value="13.704545" />
  <attribute name="Loop Time for DT" value="22.000000" />
  <attribute name="Output H" value="8388608"/>
  <attribute name="Output I" value="4000"/>
  <attribute name="Output T" value="4"/>
  <attribute name="Target GC Util Change" value ="20.000000" />
  <attribute name="Current GC Util Change" value="235.000000"/>
  <attribute name="GC Util currently" value="235" />
  <attribute name="CPU Util currently" value="212753808277" />
<allocation-satisfied id="1778" threadId="00000000016DF000" bytesRequested="56" />
<af-end id="1779" timestamp="2019-06-15T04:55:47.289" threadId="00000000016DF988" success="true" from="nursery"/>
<exclusive-end id="1780" timestamp="2019-06-15T04:55:47.289" durationms="3.313" />

<exclusive-start id="1781" timestamp="2019-06-15T04:55:47.318" intervalms="32.458">
  <response-info timems="0.185" idlems="0.102" threads="1" lastid="00000000016DB400" lastname="PmdThread 3" />
</exclusive-start>
<af-start id="1782" threadId="00000000016D4588" totalBytesRequested="24" timestamp="2019-06-15T04:55:47.318" intervalms="32.453" type="nursery" />
<cycle-start id="1783" type="scavenge" contextid="0" timestamp="2019-06-15T04:55:47.318" intervalms="32.446" />
<gc-start id="1784" type="scavenge" contextid="1783" timestamp="2019-06-15T04:55:47.319">
  <mem-info id="1785" free="729816" total="12058624" percent="6">
    <mem type="nursery" free="0" total="6029312" percent="0">
      <mem type="allocate" free="0" total="4325376" percent="0" />
      <mem type="survivor" free="0" total="1703936" percent="0" />
    </mem>
    <mem type="tenure" free="729816" total="6029312" percent="12">
      <mem type="soa" free="480984" total="5728256" percent="8" />
      <mem type="loa" free="248832" total="301056" percent="82" />
    </mem>
    <remembered-set count="693" />
  </mem-info>
</gc-start>
<allocation-stats totalBytes="3014360" >
  <allocated-bytes non-tlh="240" tlh="3014120" />
  <largest-consumer threadName="PmdThread 1" threadId="00000000016D3C00" bytes="1130616" />
</allocation-stats>
<gc-op id="1786" type="scavenge" timems="3.988" contextid="1783" timestamp="2019-06-15T04:55:47.323">
  <scavenger-info tenureage="3" tenuremask="7ff8" tiltratio="71" />
  <memory-copied type="nursery" objects="11720" bytes="836432" bytesdiscarded="69032" />
  <memory-copied type="tenure" objects="1223" bytes="34776" bytesdiscarded="0" />
  <references type="soft" candidates="5" cleared="0" enqueued="0" dynamicThreshold="4" maxThreshold="32" />
  <references type="weak" candidates="29" cleared="28" enqueued="26" />
  <references type="phantom" candidates="9" cleared="4" enqueued="4" />
</gc-op>
<heap-resize id="1787" type="expand" space="nursery" amount="393216" count="1" timems="0.017" reason="excessive time being spent scavenging" timestamp="2019-06-15T04:55:47.323" />
<gc-end id="1788" type="scavenge" contextid="1783" durationms="4.256" usertimems="4.000" systemtimems="0.000" timestamp="2019-06-15T04:55:47.323" activeThreads="4">
  <mem-info id="1789" free="4266568" total="12451840" percent="34">
    <mem type="nursery" free="3746416" total="6422528" percent="58">
      <mem type="allocate" free="3746416" total="4653056" percent="80" />
      <mem type="survivor" free="0" total="1769472" percent="0" />
    </mem>
    <mem type="tenure" free="520152" total="6029312" percent="8">
      <mem type="soa" free="271320" total="5728256" percent="4" />
      <mem type="loa" free="248832" total="301056" percent="82" />
    </mem>
    <pending-finalizers system="0" default="0" reference="30" classloader="0" />
    <remembered-set count="301" />
  </mem-info>
</gc-end>
<cycle-end id="1790" type="scavenge" contextid="1783" timestamp="2019-06-15T04:55:47.323" />
  <attribute name="elasticGC enabled" value="1" />
  <attribute name= "numThreadsSpecified" value="4" />
  <attribute name="heapSize specified" value="12320768" />
  <attribute name="Current GC Util" value="12" />
  <attribute name= "Current Time Running" value="2753" />
  <attribute name ="GC Interval" value="200" />
  <attribute name="ProportionalT" value="-4.000000" />
  <attribute name="ProportionalI" value="-4.000000" />
  <attribute name="ProportionalH" value="-4.000000" />
  <attribute name="Current Error" value="-8.000000" />
  <attribute name="IntegralT" value="-264.000000" />
  <attribute name="IntegralI" value="-264.000000" />
  <attribute name="IntegralH" value="-264.000000" />
  <attribute name="DerivativeT" value="-10.136364" />
  <attribute name="DerivativeI" value="-10.136364" />
  <attribute name="DerivativeH" value="-10.136364" />
  <attribute name="Loop Time for DT" value="33.000000" />
  <attribute name="Output H" value="2092630016"/>
  <attribute name="Output I" value="200"/>
  <attribute name="Output T" value="4"/>
  <attribute name="Target GC Util Change" value ="20.000000" />
  <attribute name="Current GC Util Change" value="12.000000"/>
  <attribute name="GC Util currently" value="12" />
  <attribute name="CPU Util currently" value="141829726026" />
<allocation-satisfied id="1791" threadId="00000000016D3C00" bytesRequested="24" />
<af-end id="1792" timestamp="2019-06-15T04:55:47.323" threadId="00000000016D4588" success="true" from="nursery"/>
<exclusive-end id="1793" timestamp="2019-06-15T04:55:47.323" durationms="4.738" />

<concurrent-kickoff id="1794" timestamp="2019-06-15T04:55:47.337">
  <kickoff reason="threshold reached" targetBytes="2006463" thresholdFreeBytes="277685"  remainingFree="277104" tenureFreeBytes="519960" nurseryFreeBytes="277104" />
</concurrent-kickoff>
<exclusive-start id="1795" timestamp="2019-06-15T04:55:47.337" intervalms="18.596">
  <response-info timems="0.150" idlems="0.087" threads="1" lastid="00000000013CEB00" lastname="JIT Compilation Thread-2" />
</exclusive-start>
<cycle-start id="1796" type="global" contextid="0" timestamp="2019-06-15T04:55:47.337" intervalms="134.203" />
<exclusive-end id="1797" timestamp="2019-06-15T04:55:47.337" durationms="0.181" />

<exclusive-start id="1798" timestamp="2019-06-15T04:55:47.339" intervalms="1.871">
  <response-info timems="0.045" idlems="0.023" threads="1" lastid="00000000016DB400" lastname="PmdThread 3" />
</exclusive-start>
<af-start id="1799" threadId="00000000016D4588" totalBytesRequested="1008" timestamp="2019-06-15T04:55:47.339" intervalms="20.470" type="nursery" />
<cycle-start id="1800" type="scavenge" contextid="0" timestamp="2019-06-15T04:55:47.339" intervalms="20.490" />
<gc-start id="1801" type="scavenge" contextid="1800" timestamp="2019-06-15T04:55:47.339">
  <mem-info id="1802" free="519960" total="12451840" percent="4">
    <mem type="nursery" free="0" total="6422528" percent="0">
      <mem type="allocate" free="0" total="4653056" percent="0" />
      <mem type="survivor" free="0" total="1769472" percent="0" />
    </mem>
    <mem type="tenure" free="519960" total="6029312" percent="8">
      <mem type="soa" free="271128" total="5728256" percent="4" />
      <mem type="loa" free="248832" total="301056" percent="82" />
    </mem>
    <remembered-set count="337" />
  </mem-info>
</gc-start>
<allocation-stats totalBytes="3745400" >
  <allocated-bytes non-tlh="216" tlh="3745184" />
  <largest-consumer threadName="PmdThread 1" threadId="00000000016D3C00" bytes="1359688" />
</allocation-stats>
<gc-op id="1803" type="scavenge" timems="3.948" contextid="1800" timestamp="2019-06-15T04:55:47.343">
  <scavenger-info tenureage="3" tenuremask="7ff8" tiltratio="72" />
  <memory-copied type="nursery" objects="17088" bytes="1000176" bytesdiscarded="77664" />
  <memory-copied type="tenure" objects="389" bytes="72552" bytesdiscarded="56" />
  <references type="soft" candidates="5" cleared="0" enqueued="0" dynamicThreshold="4" maxThreshold="32" />
  <references type="weak" candidates="30" cleared="29" enqueued="29" />
  <references type="phantom" candidates="7" cleared="7" enqueued="7" />
</gc-op>
<heap-resize id="1804" type="expand" space="nursery" amount="655360" count="1" timems="0.016" reason="excessive time being spent scavenging" timestamp="2019-06-15T04:55:47.343" />
<gc-end id="1805" type="scavenge" contextid="1800" durationms="4.208" usertimems="4.000" systemtimems="4.000" timestamp="2019-06-15T04:55:47.343" activeThreads="4">
  <mem-info id="1806" free="4676744" total="13107200" percent="35">
    <mem type="nursery" free="4228744" total="7077888" percent="59">
      <mem type="allocate" free="4228744" total="5308416" percent="79" />
      <mem type="survivor" free="0" total="1769472" percent="0" />
    </mem>
    <mem type="tenure" free="448000" total="6029312" percent="7">
      <mem type="soa" free="199168" total="5728256" percent="3" />
      <mem type="loa" free="248832" total="301056" percent="82" />
    </mem>
    <pending-finalizers system="0" default="0" reference="36" classloader="0" />
    <remembered-set count="257" />
  </mem-info>
</gc-end>
<cycle-end id="1807" type="scavenge" contextid="1800" timestamp="2019-06-15T04:55:47.343" />
  <attribute name="elasticGC enabled" value="1" />
  <attribute name= "numThreadsSpecified" value="4" />
  <attribute name="heapSize specified" value="12320768" />
  <attribute name="Current GC Util" value="28" />
  <attribute name= "Current Time Running" value="2773" />
  <attribute name ="GC Interval" value="200" />
  <attribute name="ProportionalT" value="4.000000" />
  <attribute name="ProportionalI" value="4.000000" />
  <attribute name="ProportionalH" value="4.000000" />
  <attribute name="Current Error" value="8.000000" />
  <attribute name="IntegralT" value="160.000000" />
  <attribute name="IntegralI" value="160.000000" />
  <attribute name="IntegralH" value="160.000000" />
  <attribute name="DerivativeT" value="0.600000" />
  <attribute name="DerivativeI" value="0.600000" />
  <attribute name="DerivativeH" value="0.600000" />
  <attribute name="Loop Time for DT" value="20.000000" />
  <attribute name="Output H" value="8388608"/>
  <attribute name="Output I" value="200"/>
  <attribute name="Output T" value="4"/>
  <attribute name="Target GC Util Change" value ="20.000000" />
  <attribute name="Current GC Util Change" value="28.000000"/>
  <attribute name="GC Util currently" value="28" />
  <attribute name="CPU Util currently" value="225306991360" />
<allocation-satisfied id="1808" threadId="00000000016D3C00" bytesRequested="1008" />
<af-end id="1809" timestamp="2019-06-15T04:55:47.344" threadId="00000000016D4588" success="true" from="nursery"/>
<exclusive-end id="1810" timestamp="2019-06-15T04:55:47.344" durationms="4.948" />

<exclusive-start id="1811" timestamp="2019-06-15T04:55:47.384" intervalms="45.401">
  <response-info timems="0.142" idlems="0.142" threads="0" lastid="00000000016D3C00" lastname="PmdThread 1" />
</exclusive-start>
<af-start id="1812" threadId="00000000016D4588" totalBytesRequested="8200" timestamp="2019-06-15T04:55:47.384" intervalms="45.379" type="nursery" />
<cycle-start id="1813" type="scavenge" contextid="0" timestamp="2019-06-15T04:55:47.384" intervalms="45.362" />
<gc-start id="1814" type="scavenge" contextid="1813" timestamp="2019-06-15T04:55:47.384">
  <mem-info id="1815" free="447208" total="13107200" percent="3">
    <mem type="nursery" free="0" total="7077888" percent="0">
      <mem type="allocate" free="0" total="5308416" percent="0" />
      <mem type="survivor" free="0" total="1769472" percent="0" />
    </mem>
    <mem type="tenure" free="447208" total="6029312" percent="7">
      <mem type="soa" free="198376" total="5728256" percent="3" />
      <mem type="loa" free="248832" total="301056" percent="82" />
    </mem>
    <remembered-set count="314" />
  </mem-info>
</gc-start>
<allocation-stats totalBytes="4218912" >
  <allocated-bytes non-tlh="1800" tlh="4217112" />
  <largest-consumer threadName="PmdThread 3" threadId="00000000016DB400" bytes="1302136" />
</allocation-stats>
<gc-op id="1816" type="scavenge" timems="1.773" contextid="1813" timestamp="2019-06-15T04:55:47.386">
  <scavenger-info tenureage="3" tenuremask="7ff8" tiltratio="75" />
  <memory-copied type="nursery" objects="16214" bytes="1155152" bytesdiscarded="143904" />
  <memory-copied type="tenure" objects="5134" bytes="198952" bytesdiscarded="48" />
  <references type="weak" candidates="67" cleared="67" enqueued="67" />
  <references type="phantom" candidates="16" cleared="11" enqueued="11" />
</gc-op>
<gc-end id="1817" type="scavenge" contextid="1813" durationms="2.124" usertimems="0.000" systemtimems="4.000" timestamp="2019-06-15T04:55:47.387" activeThreads="4">
  <mem-info id="1818" free="4583392" total="13107200" percent="34">
    <mem type="nursery" free="4334560" total="7077888" percent="61">
      <mem type="allocate" free="4334560" total="5636096" percent="76" />
      <mem type="survivor" free="0" total="1441792" percent="0" />
    </mem>
    <mem type="tenure" free="248832" total="6029312" percent="4">
      <mem type="soa" free="0" total="5728256" percent="0" />
      <mem type="loa" free="248832" total="301056" percent="82" />
    </mem>
    <pending-finalizers system="0" default="0" reference="78" classloader="0" />
    <remembered-set count="235" />
  </mem-info>
</gc-end>
<cycle-end id="1819" type="scavenge" contextid="1813" timestamp="2019-06-15T04:55:47.387" />
  <attribute name="elasticGC enabled" value="1" />
  <attribute name= "numThreadsSpecified" value="4" />
  <attribute name="heapSize specified" value="12320768" />
  <attribute name="Current GC Util" value="12" />
  <attribute name= "Current Time Running" value="2818" />
  <attribute name ="GC Interval" value="200" />
  <attribute name="ProportionalT" value="-4.000000" />
  <attribute name="ProportionalI" value="-4.000000" />
  <attribute name="ProportionalH" value="-4.000000" />
  <attribute name="Current Error" value="-8.000000" />
  <attribute name="IntegralT" value="-360.000000" />
  <attribute name="IntegralI" value="-360.000000" />
  <attribute name="IntegralH" value="-360.000000" />
  <attribute name="DerivativeT" value="-0.533333" />
  <attribute name="DerivativeI" value="-0.533333" />
  <attribute name="DerivativeH" value="-0.533333" />
  <attribute name="Loop Time for DT" value="45.000000" />
  <attribute name="Output H" value="2092630016"/>
  <attribute name="Output I" value="200"/>
  <attribute name="Output T" value="4"/>
  <attribute name="Target GC Util Change" value ="20.000000" />
  <attribute name="Current GC Util Change" value="12.000000"/>
  <attribute name="GC Util currently" value="12" />
  <attribute name="CPU Util currently" value="101683503874" />
<allocation-satisfied id="1820" threadId="00000000016D3C00" bytesRequested="8200" />
<af-end id="1821" timestamp="2019-06-15T04:55:47.387" threadId="00000000016D4588" success="true" from="nursery"/>
<exclusive-end id="1822" timestamp="2019-06-15T04:55:47.387" durationms="2.973" />

<exclusive-start id="1823" timestamp="2019-06-15T04:55:47.388" intervalms="3.781">
  <response-info timems="0.215" idlems="0.086" threads="2" lastid="00000000016DF000" lastname="PmdThread 4" />
</exclusive-start>
<concurrent-collection-start id="1824" timestamp="2019-06-15T04:55:47.388" intervalms="2934.193" >
  <concurrent-trace-info reason="card cleaning threshold reached" tracedByMutators="1188236" tracedByHelpers="975968" cardsCleaned="164" workStackOverflowCount="0" />
</concurrent-collection-start>
<gc-start id="1825" type="global" contextid="1796" timestamp="2019-06-15T04:55:47.388">
  <mem-info id="1826" free="4386776" total="13107200" percent="33">
    <mem type="nursery" free="4137944" total="7077888" percent="58">
      <mem type="allocate" free="4137944" total="5636096" percent="73" />
      <mem type="survivor" free="0" total="1441792" percent="0" />
    </mem>
    <mem type="tenure" free="248832" total="6029312" percent="4">
      <mem type="soa" free="0" total="5728256" percent="0" />
      <mem type="loa" free="248832" total="301056" percent="82" />
    </mem>
    <remembered-set count="238" />
  </mem-info>
</gc-start>
<allocation-stats totalBytes="196616" >
  <allocated-bytes non-tlh="8200" tlh="188416" />
  <largest-consumer threadName="PmdThread 1" threadId="00000000016D3C00" bytes="73736" />
</allocation-stats>
<gc-op id="1827" type="rs-scan" timems="0.744" contextid="1796" timestamp="2019-06-15T04:55:47.389">
  <scan objectsFound="189" bytesTraced="236284" workStackOverflowCount="0" />
</gc-op>
<gc-op id="1828" type="card-cleaning" timems="0.370" contextid="1796" timestamp="2019-06-15T04:55:47.389">
  <card-cleaning cardsCleaned="10" bytesTraced="73656" workStackOverflowCount="0" />
</gc-op>
<gc-op id="1829" type="mark" timems="1.259" contextid="1796" timestamp="2019-06-15T04:55:47.391">
  <trace-info objectcount="7186" scancount="6420" scanbytes="235464" />
  <finalization candidates="57" enqueued="0" />
  <ownableSynchronizers candidates="8" cleared="0" />
  <references type="soft" candidates="230" cleared="0" enqueued="0" dynamicThreshold="4" maxThreshold="32" />
  <references type="weak" candidates="656" cleared="0" enqueued="0" />
  <references type="phantom" candidates="72" cleared="0" enqueued="0" />
  <stringconstants candidates="4947" cleared="0"  />
</gc-op>
<gc-op id="1830" type="sweep" timems="0.719" contextid="1796" timestamp="2019-06-15T04:55:47.392" />
<mem-info id="1831" free="6616744" total="13107200" percent="50">
  <mem type="nursery" free="4467512" total="7077888" percent="63">
    <mem type="allocate" free="4467512" total="5636096" percent="79" />
    <mem type="survivor" free="0" total="1441792" percent="0" />
  </mem>
  <mem type="tenure" free="2149232" total="6029312" percent="35" micro-fragmented="43345" macro-fragmented="0">
    <mem type="soa" free="1848176" total="5728256" percent="32" />
    <mem type="loa" free="301056" total="301056" percent="100" />
  </mem>
  <remembered-set count="227" />
</mem-info>
<gc-op id="1832" type="compact" timems="16.272" contextid="1796" timestamp="2019-06-15T04:55:47.408">
  <compact-info movecount="82893" movebytes="4253080" reason="compact to aid heap contraction" />
</gc-op>
<heap-resize id="1833" type="contract" space="tenure" amount="262144" count="1" timems="0.084" reason="heap reconfiguration" timestamp="2019-06-15T04:55:47.408" />
<gc-end id="1834" type="global" contextid="1796" durationms="20.456" usertimems="16.000" systemtimems="12.000" timestamp="2019-06-15T04:55:47.409" activeThreads="4">
  <mem-info id="1835" free="6396424" total="12845056" percent="49">
    <mem type="nursery" free="4473200" total="7077888" percent="63">
      <mem type="allocate" free="4473200" total="5636096" percent="79" />
      <mem type="survivor" free="0" total="1441792" percent="0" />
    </mem>
    <mem type="tenure" free="1923224" total="5767168" percent="33">
      <mem type="soa" free="1674392" total="5479424" percent="30" />
      <mem type="loa" free="248832" total="287744" percent="86" />
    </mem>
    <remembered-set count="227" />
  </mem-info>
</gc-end>
<cycle-end id="1836" type="global" contextid="1796" timestamp="2019-06-15T04:55:47.409" />
  <attribute name="elasticGC enabled" value="1" />
  <attribute name= "numThreadsSpecified" value="4" />
  <attribute name="heapSize specified" value="13107200" />
  <attribute name="Current GC Util" value="49" />
  <attribute name= "Current Time Running" value="2842" />
  <attribute name ="GC Interval" value="200" />
  <attribute name="ProportionalT" value="14.500000" />
  <attribute name="ProportionalI" value="14.500000" />
  <attribute name="ProportionalH" value="14.500000" />
  <attribute name="Current Error" value="29.000000" />
  <attribute name="IntegralT" value="464.000000" />
  <attribute name="IntegralI" value="464.000000" />
  <attribute name="IntegralH" value="464.000000" />
  <attribute name="DerivativeT" value="-10.218750" />
  <attribute name="DerivativeI" value="-10.218750" />
  <attribute name="DerivativeH" value="-10.218750" />
  <attribute name="Loop Time for DT" value="16.000000" />
  <attribute name="Output H" value="8388608"/>
  <attribute name="Output I" value="472"/>
  <attribute name="Output T" value="4"/>
  <attribute name="Target GC Util Change" value ="20.000000" />
  <attribute name="Current GC Util Change" value="49.000000"/>
  <attribute name="GC Util currently" value="49" />
  <attribute name="CPU Util currently" value="280564596951" />
<concurrent-collection-end id="1837" timestamp="2019-06-15T04:55:47.409" />
<exclusive-end id="1838" timestamp="2019-06-15T04:55:47.409" durationms="21.104" />

<exclusive-start id="1839" timestamp="2019-06-15T04:55:47.444" intervalms="55.694">
  <response-info timems="0.054" idlems="0.023" threads="2" lastid="00000000013CAF00" lastname="JIT Compilation Thread-1" />
</exclusive-start>
<af-start id="1840" threadId="00000000013C4088" totalBytesRequested="32" timestamp="2019-06-15T04:55:47.444" intervalms="59.491" type="nursery" />
<cycle-start id="1841" type="scavenge" contextid="0" timestamp="2019-06-15T04:55:47.444" intervalms="59.490" />
<gc-start id="1842" type="scavenge" contextid="1841" timestamp="2019-06-15T04:55:47.444">
  <mem-info id="1843" free="1918560" total="12845056" percent="14">
    <mem type="nursery" free="0" total="7077888" percent="0">
      <mem type="allocate" free="0" total="5636096" percent="0" />
      <mem type="survivor" free="0" total="1441792" percent="0" />
    </mem>
    <mem type="tenure" free="1918560" total="5767168" percent="33">
      <mem type="soa" free="1669728" total="5479424" percent="30" />
      <mem type="loa" free="248832" total="287744" percent="86" />
    </mem>
    <remembered-set count="358" />
  </mem-info>
</gc-start>
<allocation-stats totalBytes="4470736" >
  <allocated-bytes non-tlh="21056" tlh="4449680" />
  <largest-consumer threadName="PmdThread 1" threadId="00000000016D3C00" bytes="1788352" />
</allocation-stats>
<gc-op id="1844" type="scavenge" timems="1.025" contextid="1841" timestamp="2019-06-15T04:55:47.445">
  <scavenger-info tenureage="3" tenuremask="7ff8" tiltratio="79" />
  <memory-copied type="nursery" objects="22625" bytes="1361504" bytesdiscarded="79088" />
  <memory-copied type="tenure" objects="2365" bytes="161328" bytesdiscarded="192" />
  <copy-failed type="nursery" objects="570" bytes="27744" />
  <ownableSynchronizers candidates="16" cleared="16" />
  <references type="weak" candidates="103" cleared="103" enqueued="103" />
  <references type="phantom" candidates="30" cleared="19" enqueued="19" />
</gc-op>
<gc-end id="1845" type="scavenge" contextid="1841" durationms="1.217" usertimems="0.000" systemtimems="0.000" timestamp="2019-06-15T04:55:47.445" activeThreads="4">
  <mem-info id="1846" free="5444192" total="12845056" percent="42">
    <mem type="nursery" free="3866624" total="7077888" percent="54">
      <mem type="allocate" free="3866624" total="5308416" percent="72" />
      <mem type="survivor" free="0" total="1769472" percent="0" />
    </mem>
    <mem type="tenure" free="1577568" total="5767168" percent="27">
      <mem type="soa" free="1328736" total="5479424" percent="24" />
      <mem type="loa" free="248832" total="287744" percent="86" />
    </mem>
    <pending-finalizers system="0" default="0" reference="122" classloader="0" />
    <remembered-set count="683" />
  </mem-info>
</gc-end>
<cycle-end id="1847" type="scavenge" contextid="1841" timestamp="2019-06-15T04:55:47.445" />
  <attribute name="elasticGC enabled" value="1" />
  <attribute name= "numThreadsSpecified" value="4" />
  <attribute name="heapSize specified" value="13107200" />
  <attribute name="Current GC Util" value="48" />
  <attribute name= "Current Time Running" value="2878" />
  <attribute name ="GC Interval" value="1024" />
  <attribute name="ProportionalT" value="14.000000" />
  <attribute name="ProportionalI" value="14.000000" />
  <attribute name="ProportionalH" value="14.000000" />
  <attribute name="Current Error" value="28.000000" />
  <attribute name="IntegralT" value="1008.000000" />
  <attribute name="IntegralI" value="1008.000000" />
  <attribute name="IntegralH" value="1008.000000" />
  <attribute name="DerivativeT" value="-0.041667" />
  <attribute name="DerivativeI" value="-0.041667" />
  <attribute name="DerivativeH" value="-0.041667" />
  <attribute name="Loop Time for DT" value="36.000000" />
  <attribute name="Output H" value="8388608"/>
  <attribute name="Output I" value="1024"/>
  <attribute name="Output T" value="4"/>
  <attribute name="Target GC Util Change" value ="20.000000" />
  <attribute name="Current GC Util Change" value="48.000000"/>
  <attribute name="GC Util currently" value="48" />
  <attribute name="CPU Util currently" value="128449177098" />
<allocation-satisfied id="1848" threadId="00000000013C3700" bytesRequested="32" />
<af-end id="1849" timestamp="2019-06-15T04:55:47.445" threadId="00000000013C4088" success="true" from="nursery"/>
<exclusive-end id="1850" timestamp="2019-06-15T04:55:47.445" durationms="1.670" />

<exclusive-start id="1851" timestamp="2019-06-15T04:55:47.459" intervalms="15.024">
  <response-info timems="0.167" idlems="0.092" threads="1" lastid="00000000013CEB00" lastname="JIT Compilation Thread-2" />
</exclusive-start>
<af-start id="1852" threadId="00000000016DBD88" totalBytesRequested="24" timestamp="2019-06-15T04:55:47.459" intervalms="15.026" type="nursery" />
<cycle-start id="1853" type="scavenge" contextid="0" timestamp="2019-06-15T04:55:47.459" intervalms="15.034" />
<gc-start id="1854" type="scavenge" contextid="1853" timestamp="2019-06-15T04:55:47.459">
  <mem-info id="1855" free="1575968" total="12845056" percent="12">
    <mem type="nursery" free="0" total="7077888" percent="0">
      <mem type="allocate" free="0" total="5308416" percent="0" />
      <mem type="survivor" free="0" total="1769472" percent="0" />
    </mem>
    <mem type="tenure" free="1575968" total="5767168" percent="27">
      <mem type="soa" free="1327136" total="5479424" percent="24" />
      <mem type="loa" free="248832" total="287744" percent="86" />
    </mem>
    <remembered-set count="779" />
  </mem-info>
</gc-start>
<allocation-stats totalBytes="3864352" >
  <allocated-bytes non-tlh="1632" tlh="3862720" />
  <largest-consumer threadName="PmdThread 2" threadId="00000000016D7800" bytes="1907040" />
</allocation-stats>
<gc-op id="1856" type="scavenge" timems="3.843" contextid="1853" timestamp="2019-06-15T04:55:47.463">
  <scavenger-info tenureage="3" tenuremask="7ff8" tiltratio="75" />
  <memory-copied type="nursery" objects="20434" bytes="1221168" bytesdiscarded="124600" />
  <memory-copied type="tenure" objects="3122" bytes="112216" bytesdiscarded="0" />
  <finalization candidates="1" enqueued="0" />
  <references type="soft" candidates="11" cleared="0" enqueued="0" dynamicThreshold="10" maxThreshold="32" />
  <references type="weak" candidates="502" cleared="321" enqueued="259" />
  <references type="phantom" candidates="19" cleared="8" enqueued="8" />
</gc-op>
<heap-resize id="1857" type="expand" space="nursery" amount="917504" count="1" timems="0.016" reason="excessive time being spent scavenging" timestamp="2019-06-15T04:55:47.463" />
<gc-end id="1858" type="scavenge" contextid="1853" durationms="4.172" usertimems="4.000" systemtimems="0.000" timestamp="2019-06-15T04:55:47.463" activeThreads="4">
  <mem-info id="1859" free="6140808" total="13762560" percent="44">
    <mem type="nursery" free="4682344" total="7995392" percent="58">
      <mem type="allocate" free="4682344" total="6029312" percent="77" />
      <mem type="survivor" free="0" total="1966080" percent="0" />
    </mem>
    <mem type="tenure" free="1458464" total="5767168" percent="25">
      <mem type="soa" free="1209632" total="5479424" percent="22" />
      <mem type="loa" free="248832" total="287744" percent="86" />
    </mem>
    <pending-finalizers system="0" default="0" reference="267" classloader="0" />
    <remembered-set count="633" />
  </mem-info>
</gc-end>
<cycle-end id="1860" type="scavenge" contextid="1853" timestamp="2019-06-15T04:55:47.463" />
  <attribute name="elasticGC enabled" value="1" />
  <attribute name= "numThreadsSpecified" value="4" />
  <attribute name="heapSize specified" value="13107200" />
  <attribute name="Current GC Util" value="19" />
  <attribute name= "Current Time Running" value="2893" />
  <attribute name ="GC Interval" value="200" />
  <attribute name="ProportionalT" value="-0.500000" />
  <attribute name="ProportionalI" value="-0.500000" />
  <attribute name="ProportionalH" value="-0.500000" />
  <attribute name="Current Error" value="-1.000000" />
  <attribute name="IntegralT" value="-15.000000" />
  <attribute name="IntegralI" value="-15.000000" />
  <attribute name="IntegralH" value="-15.000000" />
  <attribute name="DerivativeT" value="-2.900000" />
  <attribute name="DerivativeI" value="-2.900000" />
  <attribute name="DerivativeH" value="-2.900000" />
  <attribute name="Loop Time for DT" value="15.000000" />
  <attribute name="Output H" value="2092630016"/>
  <attribute name="Output I" value="200"/>
  <attribute name="Output T" value="4"/>
  <attribute name="Target GC Util Change" value ="20.000000" />
  <attribute name="Current GC Util Change" value="19.000000"/>
  <attribute name="GC Util currently" value="19" />
  <attribute name="CPU Util currently" value="306802267551" />
<allocation-satisfied id="1861" threadId="00000000016DB400" bytesRequested="24" />
<af-end id="1862" timestamp="2019-06-15T04:55:47.463" threadId="00000000016DBD88" success="true" from="nursery"/>
<exclusive-end id="1863" timestamp="2019-06-15T04:55:47.464" durationms="4.875" />

<exclusive-start id="1864" timestamp="2019-06-15T04:55:47.481" intervalms="21.862">
  <response-info timems="0.212" idlems="0.212" threads="0" lastid="00000000016D7800" lastname="PmdThread 2" />
</exclusive-start>
<af-start id="1865" threadId="00000000016D8188" totalBytesRequested="16392" timestamp="2019-06-15T04:55:47.481" intervalms="21.905" type="nursery" />
<cycle-start id="1866" type="scavenge" contextid="0" timestamp="2019-06-15T04:55:47.481" intervalms="21.904" />
<gc-start id="1867" type="scavenge" contextid="1866" timestamp="2019-06-15T04:55:47.481">
  <mem-info id="1868" free="1458464" total="13762560" percent="10">
    <mem type="nursery" free="0" total="7995392" percent="0">
      <mem type="allocate" free="0" total="6029312" percent="0" />
      <mem type="survivor" free="0" total="1966080" percent="0" />
    </mem>
    <mem type="tenure" free="1458464" total="5767168" percent="25">
      <mem type="soa" free="1209632" total="5479424" percent="22" />
      <mem type="loa" free="248832" total="287744" percent="86" />
    </mem>
    <remembered-set count="686" />
  </mem-info>
</gc-start>
<allocation-stats totalBytes="4666608" >
  <allocated-bytes non-tlh="24" tlh="4666584" />
  <largest-consumer threadName="PmdThread 1" threadId="00000000016D3C00" bytes="2059624" />
</allocation-stats>
<gc-op id="1869" type="scavenge" timems="1.333" contextid="1866" timestamp="2019-06-15T04:55:47.482">
  <scavenger-info tenureage="3" tenuremask="7ff8" tiltratio="75" />
  <memory-copied type="nursery" objects="13311" bytes="825400" bytesdiscarded="95480" />
  <memory-copied type="tenure" objects="7216" bytes="454864" bytesdiscarded="96" />
  <finalization candidates="1" enqueued="0" />
  <references type="soft" candidates="11" cleared="0" enqueued="0" dynamicThreshold="10" maxThreshold="32" />
  <references type="weak" candidates="277" cleared="97" enqueued="97" />
  <references type="phantom" candidates="22" cleared="13" enqueued="13" />
</gc-op>
<gc-end id="1870" type="scavenge" contextid="1866" durationms="1.515" usertimems="0.000" systemtimems="0.000" timestamp="2019-06-15T04:55:47.482" activeThreads="4">
  <mem-info id="1871" free="6462560" total="13762560" percent="46">
    <mem type="nursery" free="5433440" total="7995392" percent="67">
      <mem type="allocate" free="5433440" total="6356992" percent="85" />
      <mem type="survivor" free="0" total="1638400" percent="0" />
    </mem>
    <mem type="tenure" free="1029120" total="5767168" percent="17">
      <mem type="soa" free="780288" total="5479424" percent="14" />
      <mem type="loa" free="248832" total="287744" percent="86" />
    </mem>
    <pending-finalizers system="0" default="0" reference="110" classloader="0" />
    <remembered-set count="816" />
  </mem-info>
</gc-end>
<cycle-end id="1872" type="scavenge" contextid="1866" timestamp="2019-06-15T04:55:47.482" />
  <attribute name="elasticGC enabled" value="1" />
  <attribute name= "numThreadsSpecified" value="4" />
  <attribute name="heapSize specified" value="13107200" />
  <attribute name="Current GC Util" value="24" />
  <attribute name= "Current Time Running" value="2915" />
  <attribute name ="GC Interval" value="200" />
  <attribute name="ProportionalT" value="2.000000" />
  <attribute name="ProportionalI" value="2.000000" />
  <attribute name="ProportionalH" value="2.000000" />
  <attribute name="Current Error" value="4.000000" />
  <attribute name="IntegralT" value="88.000000" />
  <attribute name="IntegralI" value="88.000000" />
  <attribute name="IntegralH" value="88.000000" />
  <attribute name="DerivativeT" value="0.272727" />
  <attribute name="DerivativeI" value="0.272727" />
  <attribute name="DerivativeH" value="0.272727" />
  <attribute name="Loop Time for DT" value="22.000000" />
  <attribute name="Output H" value="8388608"/>
  <attribute name="Output I" value="200"/>
  <attribute name="Output T" value="4"/>
  <attribute name="Target GC Util Change" value ="20.000000" />
  <attribute name="Current GC Util Change" value="24.000000"/>
  <attribute name="GC Util currently" value="24" />
  <attribute name="CPU Util currently" value="210398461811" />
<allocation-satisfied id="1873" threadId="00000000016D7800" bytesRequested="16392" />
<af-end id="1874" timestamp="2019-06-15T04:55:47.483" threadId="00000000016D8188" success="true" from="nursery"/>
<exclusive-end id="1875" timestamp="2019-06-15T04:55:47.483" durationms="2.265" />

<exclusive-start id="1876" timestamp="2019-06-15T04:55:47.504" intervalms="23.441">
  <response-info timems="0.049" idlems="0.049" threads="0" lastid="00000000016D3C00" lastname="PmdThread 1" />
</exclusive-start>
<af-start id="1877" threadId="00000000016D4588" totalBytesRequested="16" timestamp="2019-06-15T04:55:47.504" intervalms="23.400" type="nursery" />
<cycle-start id="1878" type="scavenge" contextid="0" timestamp="2019-06-15T04:55:47.504" intervalms="23.374" />
<gc-start id="1879" type="scavenge" contextid="1878" timestamp="2019-06-15T04:55:47.504">
  <mem-info id="1880" free="1029120" total="13762560" percent="7">
    <mem type="nursery" free="0" total="7995392" percent="0">
      <mem type="allocate" free="0" total="6356992" percent="0" />
      <mem type="survivor" free="0" total="1638400" percent="0" />
    </mem>
    <mem type="tenure" free="1029120" total="5767168" percent="17">
      <mem type="soa" free="780288" total="5479424" percent="14" />
      <mem type="loa" free="248832" total="287744" percent="86" />
    </mem>
    <remembered-set count="873" />
  </mem-info>
</gc-start>
<allocation-stats totalBytes="5414064" >
  <allocated-bytes non-tlh="16392" tlh="5397672" />
  <largest-consumer threadName="PmdThread 1" threadId="00000000016D3C00" bytes="2354496" />
</allocation-stats>
<gc-op id="1881" type="scavenge" timems="1.750" contextid="1878" timestamp="2019-06-15T04:55:47.506">
  <scavenger-info tenureage="3" tenuremask="7ff8" tiltratio="79" />
  <memory-copied type="nursery" objects="9379" bytes="779304" bytesdiscarded="237888" />
  <memory-copied type="tenure" objects="8256" bytes="349136" bytesdiscarded="160" />
  <finalization candidates="1" enqueued="0" />
  <references type="soft" candidates="11" cleared="0" enqueued="0" dynamicThreshold="10" maxThreshold="32" />
  <references type="weak" candidates="296" cleared="116" enqueued="116" />
  <references type="phantom" candidates="23" cleared="20" enqueued="20" />
</gc-op>
<heap-resize id="1882" type="expand" space="nursery" amount="393216" count="1" timems="0.014" reason="excessive time being spent scavenging" timestamp="2019-06-15T04:55:47.506" />
<gc-end id="1883" type="scavenge" contextid="1878" durationms="2.183" usertimems="4.000" systemtimems="0.000" timestamp="2019-06-15T04:55:47.506" activeThreads="4">
  <mem-info id="1884" free="6320176" total="14155776" percent="44">
    <mem type="nursery" free="5732408" total="8388608" percent="68">
      <mem type="allocate" free="5732408" total="6750208" percent="84" />
      <mem type="survivor" free="0" total="1638400" percent="0" />
    </mem>
    <mem type="tenure" free="587768" total="5767168" percent="10">
      <mem type="soa" free="338936" total="5479424" percent="6" />
      <mem type="loa" free="248832" total="287744" percent="86" />
    </mem>
    <pending-finalizers system="0" default="0" reference="136" classloader="0" />
    <remembered-set count="353" />
  </mem-info>
</gc-end>
<cycle-end id="1885" type="scavenge" contextid="1878" timestamp="2019-06-15T04:55:47.506" />
  <attribute name="elasticGC enabled" value="1" />
  <attribute name= "numThreadsSpecified" value="4" />
  <attribute name="heapSize specified" value="13107200" />
  <attribute name="Current GC Util" value="11" />
  <attribute name= "Current Time Running" value="2938" />
  <attribute name ="GC Interval" value="200" />
  <attribute name="ProportionalT" value="-4.500000" />
  <attribute name="ProportionalI" value="-4.500000" />
  <attribute name="ProportionalH" value="-4.500000" />
  <attribute name="Current Error" value="-9.000000" />
  <attribute name="IntegralT" value="-207.000000" />
  <attribute name="IntegralI" value="-207.000000" />
  <attribute name="IntegralH" value="-207.000000" />
  <attribute name="DerivativeT" value="-0.847826" />
  <attribute name="DerivativeI" value="-0.847826" />
  <attribute name="DerivativeH" value="-0.847826" />
  <attribute name="Loop Time for DT" value="23.000000" />
  <attribute name="Output H" value="2092630016"/>
  <attribute name="Output I" value="200"/>
  <attribute name="Output T" value="4"/>
  <attribute name="Target GC Util Change" value ="20.000000" />
  <attribute name="Current GC Util Change" value="11.000000"/>
  <attribute name="GC Util currently" value="11" />
  <attribute name="CPU Util currently" value="197359305626" />
<allocation-satisfied id="1886" threadId="00000000016D3C00" bytesRequested="16" />
<af-end id="1887" timestamp="2019-06-15T04:55:47.507" threadId="00000000016D4588" success="true" from="nursery"/>
<exclusive-end id="1888" timestamp="2019-06-15T04:55:47.507" durationms="2.763" />

<concurrent-kickoff id="1889" timestamp="2019-06-15T04:55:47.545">
  <kickoff reason="threshold reached" targetBytes="1955257" thresholdFreeBytes="268324"  remainingFree="186424" tenureFreeBytes="587768" nurseryFreeBytes="186424" />
</concurrent-kickoff>
<exclusive-start id="1890" timestamp="2019-06-15T04:55:47.545" intervalms="40.966">
  <response-info timems="0.131" idlems="0.060" threads="3" lastid="00000000016D3C00" lastname="PmdThread 1" />
</exclusive-start>
<cycle-start id="1891" type="global" contextid="0" timestamp="2019-06-15T04:55:47.545" intervalms="207.938" />
<exclusive-end id="1892" timestamp="2019-06-15T04:55:47.545" durationms="0.079" />

<exclusive-start id="1893" timestamp="2019-06-15T04:55:47.547" intervalms="1.793">
  <response-info timems="0.116" idlems="0.116" threads="0" lastid="00000000016DF000" lastname="PmdThread 4" />
</exclusive-start>
<af-start id="1894" threadId="00000000016DF988" totalBytesRequested="16" timestamp="2019-06-15T04:55:47.547" intervalms="42.747" type="nursery" />
<cycle-start id="1895" type="scavenge" contextid="0" timestamp="2019-06-15T04:55:47.547" intervalms="42.745" />
<gc-start id="1896" type="scavenge" contextid="1895" timestamp="2019-06-15T04:55:47.547">
  <mem-info id="1897" free="587768" total="14155776" percent="4">
    <mem type="nursery" free="0" total="8388608" percent="0">
      <mem type="allocate" free="0" total="6750208" percent="0" />
      <mem type="survivor" free="0" total="1638400" percent="0" />
    </mem>
    <mem type="tenure" free="587768" total="5767168" percent="10">
      <mem type="soa" free="338936" total="5479424" percent="6" />
      <mem type="loa" free="248832" total="287744" percent="86" />
    </mem>
    <remembered-set count="423" />
  </mem-info>
</gc-start>
<allocation-stats totalBytes="5717088" >
  <allocated-bytes non-tlh="16" tlh="5717072" />
  <largest-consumer threadName="PmdThread 1" threadId="00000000016D3C00" bytes="3011208" />
</allocation-stats>
<gc-op id="1898" type="scavenge" timems="0.836" contextid="1895" timestamp="2019-06-15T04:55:47.548">
  <scavenger-info tenureage="3" tenuremask="7ff8" tiltratio="80" />
  <memory-copied type="nursery" objects="10973" bytes="880216" bytesdiscarded="204528" />
  <memory-copied type="tenure" objects="1024" bytes="44640" bytesdiscarded="16" />
  <finalization candidates="1" enqueued="0" />
  <references type="weak" candidates="123" cleared="123" enqueued="123" />
  <references type="phantom" candidates="23" cleared="20" enqueued="20" />
</gc-op>
<gc-end id="1899" type="scavenge" contextid="1895" durationms="0.996" usertimems="0.000" systemtimems="0.000" timestamp="2019-06-15T04:55:47.548" activeThreads="4">
  <mem-info id="1900" free="6369656" total="14155776" percent="44">
    <mem type="nursery" free="5860224" total="8388608" percent="69">
      <mem type="allocate" free="5860224" total="6946816" percent="84" />
      <mem type="survivor" free="0" total="1441792" percent="0" />
    </mem>
    <mem type="tenure" free="509432" total="5767168" percent="8">
      <mem type="soa" free="260600" total="5479424" percent="4" />
      <mem type="loa" free="248832" total="287744" percent="86" />
    </mem>
    <pending-finalizers system="0" default="0" reference="143" classloader="0" />
    <remembered-set count="289" />
  </mem-info>
</gc-end>
<cycle-end id="1901" type="scavenge" contextid="1895" timestamp="2019-06-15T04:55:47.548" />
  <attribute name="elasticGC enabled" value="1" />
  <attribute name= "numThreadsSpecified" value="4" />
  <attribute name="heapSize specified" value="13107200" />
  <attribute name="Current GC Util" value="8" />
  <attribute name= "Current Time Running" value="2981" />
  <attribute name ="GC Interval" value="200" />
  <attribute name="ProportionalT" value="-6.000000" />
  <attribute name="ProportionalI" value="-6.000000" />
  <attribute name="ProportionalH" value="-6.000000" />
  <attribute name="Current Error" value="-12.000000" />
  <attribute name="IntegralT" value="-516.000000" />
  <attribute name="IntegralI" value="-516.000000" />
  <attribute name="IntegralH" value="-516.000000" />
  <attribute name="DerivativeT" value="-0.418605" />
  <attribute name="DerivativeI" value="-0.418605" />
  <attribute name="DerivativeH" value="-0.418605" />
  <attribute name="Loop Time for DT" value="43.000000" />
  <attribute name="Output H" value="2092630016"/>
  <attribute name="Output I" value="200"/>
  <attribute name="Output T" value="4"/>
  <attribute name="Target GC Util Change" value ="20.000000" />
  <attribute name="Current GC Util Change" value="8.000000"/>
  <attribute name="GC Util currently" value="8" />
  <attribute name="CPU Util currently" value="107990221473" />
<allocation-satisfied id="1902" threadId="00000000016DF000" bytesRequested="16" />
<af-end id="1903" timestamp="2019-06-15T04:55:47.549" threadId="00000000016DF988" success="true" from="nursery"/>
<exclusive-end id="1904" timestamp="2019-06-15T04:55:47.549" durationms="2.191" />

<exclusive-start id="1905" timestamp="2019-06-15T04:55:47.596" intervalms="49.733">
  <response-info timems="0.052" idlems="0.052" threads="0" lastid="00000000016D3C00" lastname="PmdThread 1" />
</exclusive-start>
<af-start id="1906" threadId="00000000016D4588" totalBytesRequested="16" timestamp="2019-06-15T04:55:47.597" intervalms="49.718" type="nursery" />
<percolate-collect id="1907" from="nursery" to="global" reason="concurrent mark exhausted" timestamp="2019-06-15T04:55:47.597"/>
<gc-start id="1908" type="global" contextid="1891" timestamp="2019-06-15T04:55:47.597">
  <mem-info id="1909" free="509432" total="14155776" percent="3">
    <mem type="nursery" free="0" total="8388608" percent="0">
      <mem type="allocate" free="0" total="6946816" percent="0" />
      <mem type="survivor" free="0" total="1441792" percent="0" />
    </mem>
    <mem type="tenure" free="509432" total="5767168" percent="8">
      <mem type="soa" free="260600" total="5479424" percent="4" />
      <mem type="loa" free="248832" total="287744" percent="86" />
    </mem>
    <remembered-set count="361" />
  </mem-info>
</gc-start>
<allocation-stats totalBytes="5844624" >
  <allocated-bytes non-tlh="16408" tlh="5828216" />
  <largest-consumer threadName="PmdThread 1" threadId="00000000016D3C00" bytes="1943496" />
</allocation-stats>
<concurrent-halted id="1910" timestamp="2019-06-15T04:55:47.597">
  <halted state="Complete" status="exhausted" />
  <traced bytesTarget="1955257" bytesTotal="1962900" bytesByMutator="402852" bytesByHelper="1560048" percent="100" />
  <cards cleaned="123" thresholdBytes="105703" />
</concurrent-halted>
<gc-op id="1911" type="rs-scan" timems="0.512" contextid="1891" timestamp="2019-06-15T04:55:47.598">
  <scan objectsFound="234" bytesTraced="20328" workStackOverflowCount="0" />
</gc-op>
<gc-op id="1912" type="card-cleaning" timems="0.678" contextid="1891" timestamp="2019-06-15T04:55:47.598">
  <card-cleaning cardsCleaned="29" bytesTraced="272584" workStackOverflowCount="0" />
</gc-op>
<gc-op id="1913" type="mark" timems="1.348" contextid="1891" timestamp="2019-06-15T04:55:47.600">
  <trace-info objectcount="800" scancount="657" scanbytes="20756" />
  <finalization candidates="58" enqueued="0" />
  <ownableSynchronizers candidates="8" cleared="0" />
  <references type="soft" candidates="241" cleared="0" enqueued="0" dynamicThreshold="10" maxThreshold="32" />
  <references type="weak" candidates="965" cleared="149" enqueued="139" />
  <references type="phantom" candidates="103" cleared="23" enqueued="23" />
  <stringconstants candidates="5033" cleared="0"  />
</gc-op>
<gc-op id="1914" type="sweep" timems="0.702" contextid="1891" timestamp="2019-06-15T04:55:47.601" />
<mem-info id="1915" free="8045136" total="14155776" percent="56">
  <mem type="nursery" free="6003640" total="8388608" percent="71">
    <mem type="allocate" free="6003640" total="6946816" percent="86" />
    <mem type="survivor" free="0" total="1441792" percent="0" />
  </mem>
  <mem type="tenure" free="2041496" total="5767168" percent="35" micro-fragmented="62459" macro-fragmented="0">
    <mem type="soa" free="1753752" total="5479424" percent="32" />
    <mem type="loa" free="287744" total="287744" percent="100" />
  </mem>
  <pending-finalizers system="0" default="0" reference="162" classloader="0" />
  <remembered-set count="355" />
</mem-info>
<gc-op id="1916" type="compact" timems="14.135" contextid="1891" timestamp="2019-06-15T04:55:47.615">
  <compact-info movecount="70605" movebytes="3710688" reason="compact to aid heap contraction" />
</gc-op>
<heap-resize id="1917" type="contract" space="tenure" amount="262144" count="1" timems="0.089" reason="heap reconfiguration" timestamp="2019-06-15T04:55:47.615" />
<gc-end id="1918" type="global" contextid="1891" durationms="19.016" usertimems="28.000" systemtimems="0.000" timestamp="2019-06-15T04:55:47.616" activeThreads="4">
  <mem-info id="1919" free="8015968" total="13893632" percent="57">
    <mem type="nursery" free="6185104" total="8388608" percent="73">
      <mem type="allocate" free="6185104" total="6946816" percent="89" />
      <mem type="survivor" free="0" total="1441792" percent="0" />
    </mem>
    <mem type="tenure" free="1830864" total="5505024" percent="33">
      <mem type="soa" free="1582032" total="5230592" percent="30" />
      <mem type="loa" free="248832" total="274432" percent="90" />
    </mem>
    <pending-finalizers system="0" default="0" reference="162" classloader="0" />
    <remembered-set count="355" />
  </mem-info>
</gc-end>
<cycle-end id="1920" type="global" contextid="1891" timestamp="2019-06-15T04:55:47.616" />
  <attribute name="elasticGC enabled" value="1" />
  <attribute name= "numThreadsSpecified" value="4" />
  <attribute name="heapSize specified" value="14155776" />
  <attribute name="Current GC Util" value="39" />
  <attribute name= "Current Time Running" value="3049" />
  <attribute name ="GC Interval" value="200" />
  <attribute name="ProportionalT" value="9.500000" />
  <attribute name="ProportionalI" value="9.500000" />
  <attribute name="ProportionalH" value="9.500000" />
  <attribute name="Current Error" value="19.000000" />
  <attribute name="IntegralT" value="266.000000" />
  <attribute name="IntegralI" value="266.000000" />
  <attribute name="IntegralH" value="266.000000" />
  <attribute name="DerivativeT" value="-7.928571" />
  <attribute name="DerivativeI" value="-7.928571" />
  <attribute name="DerivativeH" value="-7.928571" />
  <attribute name="Loop Time for DT" value="14.000000" />
  <attribute name="Output H" value="8388608"/>
  <attribute name="Output I" value="272"/>
  <attribute name="Output T" value="4"/>
  <attribute name="Target GC Util Change" value ="20.000000" />
  <attribute name="Current GC Util Change" value="39.000000"/>
  <attribute name="GC Util currently" value="39" />
  <attribute name="CPU Util currently" value="322812423203" />
<allocation-satisfied id="1921" threadId="00000000016D3C00" bytesRequested="16" />
<af-end id="1922" timestamp="2019-06-15T04:55:47.616" threadId="00000000016D4588" success="true" from="nursery"/>
<exclusive-end id="1923" timestamp="2019-06-15T04:55:47.616" durationms="19.713" />

<exclusive-start id="1924" timestamp="2019-06-15T04:55:47.697" intervalms="100.334">
  <response-info timems="0.067" idlems="0.067" threads="0" lastid="00000000016DF000" lastname="PmdThread 4" />
</exclusive-start>
<af-start id="1925" threadId="00000000016DF988" totalBytesRequested="56" timestamp="2019-06-15T04:55:47.697" intervalms="100.442" type="nursery" />
<cycle-start id="1926" type="scavenge" contextid="0" timestamp="2019-06-15T04:55:47.697" intervalms="150.190" />
<gc-start id="1927" type="scavenge" contextid="1926" timestamp="2019-06-15T04:55:47.697">
  <mem-info id="1928" free="1830864" total="13893632" percent="13">
    <mem type="nursery" free="0" total="8388608" percent="0">
      <mem type="allocate" free="0" total="6946816" percent="0" />
      <mem type="survivor" free="0" total="1441792" percent="0" />
    </mem>
    <mem type="tenure" free="1830864" total="5505024" percent="33">
      <mem type="soa" free="1582032" total="5230592" percent="30" />
      <mem type="loa" free="248832" total="274432" percent="90" />
    </mem>
    <remembered-set count="435" />
  </mem-info>
</gc-start>
<allocation-stats totalBytes="6158096" >
  <allocated-bytes non-tlh="16" tlh="6158080" />
  <largest-consumer threadName="PmdThread 3" threadId="00000000016DB400" bytes="2239960" />
</allocation-stats>
<gc-op id="1929" type="scavenge" timems="0.781" contextid="1926" timestamp="2019-06-15T04:55:47.698">
  <scavenger-info tenureage="3" tenuremask="7ff8" tiltratio="82" />
  <memory-copied type="nursery" objects="12599" bytes="1060776" bytesdiscarded="45288" />
  <memory-copied type="tenure" objects="378" bytes="16056" bytesdiscarded="0" />
  <ownableSynchronizers candidates="16" cleared="16" />
  <references type="weak" candidates="134" cleared="134" enqueued="134" />
  <references type="phantom" candidates="28" cleared="22" enqueued="22" />
</gc-op>
<gc-end id="1930" type="scavenge" contextid="1926" durationms="0.965" usertimems="0.000" systemtimems="0.000" timestamp="2019-06-15T04:55:47.698" activeThreads="4">
  <mem-info id="1931" free="7560944" total="13893632" percent="54">
    <mem type="nursery" free="5839136" total="8388608" percent="69">
      <mem type="allocate" free="5839136" total="6946816" percent="84" />
      <mem type="survivor" free="0" total="1441792" percent="0" />
    </mem>
    <mem type="tenure" free="1721808" total="5505024" percent="31">
      <mem type="soa" free="1472976" total="5230592" percent="28" />
      <mem type="loa" free="248832" total="274432" percent="90" />
    </mem>
    <pending-finalizers system="0" default="0" reference="156" classloader="0" />
    <remembered-set count="391" />
  </mem-info>
</gc-end>
<cycle-end id="1932" type="scavenge" contextid="1926" timestamp="2019-06-15T04:55:47.698" />
  <attribute name="elasticGC enabled" value="1" />
  <attribute name= "numThreadsSpecified" value="4" />
  <attribute name="heapSize specified" value="14155776" />
  <attribute name="Current GC Util" value="35" />
  <attribute name= "Current Time Running" value="3131" />
  <attribute name ="GC Interval" value="1240" />
  <attribute name="ProportionalT" value="7.500000" />
  <attribute name="ProportionalI" value="7.500000" />
  <attribute name="ProportionalH" value="7.500000" />
  <attribute name="Current Error" value="15.000000" />
  <attribute name="IntegralT" value="1230.000000" />
  <attribute name="IntegralI" value="1230.000000" />
  <attribute name="IntegralH" value="1230.000000" />
  <attribute name="DerivativeT" value="-0.073171" />
  <attribute name="DerivativeI" value="-0.073171" />
  <attribute name="DerivativeH" value="-0.073171" />
  <attribute name="Loop Time for DT" value="82.000000" />
  <attribute name="Output H" value="8388608"/>
  <attribute name="Output I" value="1240"/>
  <attribute name="Output T" value="4"/>
  <attribute name="Target GC Util Change" value ="20.000000" />
  <attribute name="Current GC Util Change" value="35.000000"/>
  <attribute name="GC Util currently" value="35" />
  <attribute name="CPU Util currently" value="56179619315" />
<allocation-satisfied id="1933" threadId="00000000016DF000" bytesRequested="56" />
<af-end id="1934" timestamp="2019-06-15T04:55:47.698" threadId="00000000016DF988" success="true" from="nursery"/>
<exclusive-end id="1935" timestamp="2019-06-15T04:55:47.698" durationms="1.528" />

<exclusive-start id="1936" timestamp="2019-06-15T04:55:47.730" intervalms="33.571">
  <response-info timems="0.083" idlems="0.083" threads="0" lastid="00000000016DF000" lastname="PmdThread 4" />
</exclusive-start>
<af-start id="1937" threadId="00000000016DF988" totalBytesRequested="56" timestamp="2019-06-15T04:55:47.731" intervalms="33.599" type="nursery" />
<cycle-start id="1938" type="scavenge" contextid="0" timestamp="2019-06-15T04:55:47.731" intervalms="33.608" />
<gc-start id="1939" type="scavenge" contextid="1938" timestamp="2019-06-15T04:55:47.731">
  <mem-info id="1940" free="1721808" total="13893632" percent="12">
    <mem type="nursery" free="0" total="8388608" percent="0">
      <mem type="allocate" free="0" total="6946816" percent="0" />
      <mem type="survivor" free="0" total="1441792" percent="0" />
    </mem>
    <mem type="tenure" free="1721808" total="5505024" percent="31">
      <mem type="soa" free="1472976" total="5230592" percent="28" />
      <mem type="loa" free="248832" total="274432" percent="90" />
    </mem>
    <remembered-set count="416" />
  </mem-info>
</gc-start>
<allocation-stats totalBytes="5832960" >
  <allocated-bytes non-tlh="56" tlh="5832904" />
  <largest-consumer threadName="PmdThread 3" threadId="00000000016DB400" bytes="2248112" />
</allocation-stats>
<gc-op id="1941" type="scavenge" timems="2.542" contextid="1938" timestamp="2019-06-15T04:55:47.733">
  <scavenger-info tenureage="3" tenuremask="7ff8" tiltratio="82" />
  <memory-copied type="nursery" objects="28506" bytes="1439992" bytesdiscarded="848" />
  <memory-copied type="tenure" objects="35308" bytes="1282544" bytesdiscarded="320" />
  <copy-failed type="nursery" objects="34802" bytes="1263896" />
  <references type="weak" candidates="26" cleared="25" enqueued="25" />
  <references type="phantom" candidates="12" cleared="5" enqueued="5" />
</gc-op>
<gc-end id="1942" type="scavenge" contextid="1938" durationms="2.823" usertimems="8.000" systemtimems="0.000" timestamp="2019-06-15T04:55:47.734" activeThreads="4">
  <mem-info id="1943" free="3171704" total="13893632" percent="22">
    <mem type="nursery" free="2752512" total="8388608" percent="32">
      <mem type="allocate" free="2752512" total="4194304" percent="65" />
      <mem type="survivor" free="0" total="4194304" percent="0" />
    </mem>
    <mem type="tenure" free="419192" total="5505024" percent="7">
      <mem type="soa" free="170360" total="5230592" percent="3" />
      <mem type="loa" free="248832" total="274432" percent="90" />
    </mem>
    <pending-finalizers system="0" default="0" reference="30" classloader="0" />
    <remembered-set count="8986" />
  </mem-info>
</gc-end>
<cycle-end id="1944" type="scavenge" contextid="1938" timestamp="2019-06-15T04:55:47.734" />
  <attribute name="elasticGC enabled" value="1" />
  <attribute name= "numThreadsSpecified" value="4" />
  <attribute name="heapSize specified" value="14155776" />
  <attribute name="Current GC Util" value="6" />
  <attribute name= "Current Time Running" value="3165" />
  <attribute name ="GC Interval" value="200" />
  <attribute name="ProportionalT" value="-7.000000" />
  <attribute name="ProportionalI" value="-7.000000" />
  <attribute name="ProportionalH" value="-7.000000" />
  <attribute name="Current Error" value="-14.000000" />
  <attribute name="IntegralT" value="-476.000000" />
  <attribute name="IntegralI" value="-476.000000" />
  <attribute name="IntegralH" value="-476.000000" />
  <attribute name="DerivativeT" value="-1.279412" />
  <attribute name="DerivativeI" value="-1.279412" />
  <attribute name="DerivativeH" value="-1.279412" />
  <attribute name="Loop Time for DT" value="34.000000" />
  <attribute name="Output H" value="2092630016"/>
  <attribute name="Output I" value="200"/>
  <attribute name="Output T" value="4"/>
  <attribute name="Target GC Util Change" value ="20.000000" />
  <attribute name="Current GC Util Change" value="6.000000"/>
  <attribute name="GC Util currently" value="6" />
  <attribute name="CPU Util currently" value="136793909473" />
<allocation-satisfied id="1945" threadId="00000000016DF000" bytesRequested="56" />
<af-end id="1946" timestamp="2019-06-15T04:55:47.734" threadId="00000000016DF988" success="true" from="nursery"/>
<exclusive-end id="1947" timestamp="2019-06-15T04:55:47.734" durationms="3.655" />

<concurrent-kickoff id="1948" timestamp="2019-06-15T04:55:47.740">
  <kickoff reason="threshold reached" targetBytes="1868213" thresholdFreeBytes="257382"  remainingFree="204744" tenureFreeBytes="419192" nurseryFreeBytes="204744" />
</concurrent-kickoff>
<exclusive-start id="1949" timestamp="2019-06-15T04:55:47.741" intervalms="10.266">
  <response-info timems="0.142" idlems="0.142" threads="0" lastid="00000000016DF000" lastname="PmdThread 4" />
</exclusive-start>
<cycle-start id="1950" type="global" contextid="0" timestamp="2019-06-15T04:55:47.741" intervalms="195.783" />
<exclusive-end id="1951" timestamp="2019-06-15T04:55:47.741" durationms="0.208" />

<exclusive-start id="1952" timestamp="2019-06-15T04:55:47.742" intervalms="0.881">
  <response-info timems="0.050" idlems="0.050" threads="0" lastid="00000000016D3C00" lastname="PmdThread 1" />
</exclusive-start>
<af-start id="1953" threadId="00000000016D4588" totalBytesRequested="40" timestamp="2019-06-15T04:55:47.742" intervalms="11.049" type="nursery" />
<cycle-start id="1954" type="scavenge" contextid="0" timestamp="2019-06-15T04:55:47.742" intervalms="11.056" />
<gc-start id="1955" type="scavenge" contextid="1954" timestamp="2019-06-15T04:55:47.742">
  <mem-info id="1956" free="419192" total="13893632" percent="3">
    <mem type="nursery" free="0" total="8388608" percent="0">
      <mem type="allocate" free="0" total="4194304" percent="0" />
      <mem type="survivor" free="0" total="4194304" percent="0" />
    </mem>
    <mem type="tenure" free="419192" total="5505024" percent="7">
      <mem type="soa" free="170360" total="5230592" percent="3" />
      <mem type="loa" free="248832" total="274432" percent="90" />
    </mem>
    <remembered-set count="9021" />
  </mem-info>
</gc-start>
<allocation-stats totalBytes="2751528" >
  <allocated-bytes non-tlh="56" tlh="2751472" />
  <largest-consumer threadName="PmdThread 4" threadId="00000000016DF000" bytes="1933016" />
</allocation-stats>
<gc-op id="1957" type="scavenge" timems="2.208" contextid="1954" timestamp="2019-06-15T04:55:47.744">
  <scavenger-info tenureage="2" tenuremask="7ffc" tiltratio="50" />
  <memory-copied type="nursery" objects="59672" bytes="2250344" bytesdiscarded="46120" />
  <memory-copied type="tenure" objects="2941" bytes="170264" bytesdiscarded="88" />
  <copy-failed type="tenure" objects="3444" bytes="264304" />
  <references type="weak" candidates="17" cleared="17" enqueued="17" />
  <references type="phantom" candidates="3" cleared="1" enqueued="1" />
</gc-op>
<heap-resize id="1958" type="expand" space="nursery" amount="917504" count="1" timems="0.019" reason="excessive time being spent scavenging" timestamp="2019-06-15T04:55:47.744" />
<gc-end id="1959" type="scavenge" contextid="1954" durationms="2.449" usertimems="8.000" systemtimems="0.000" timestamp="2019-06-15T04:55:47.744" activeThreads="4">
  <mem-info id="1960" free="2605288" total="14811136" percent="17">
    <mem type="nursery" free="2356456" total="9306112" percent="25">
      <mem type="allocate" free="2356456" total="4653056" percent="50" />
      <mem type="survivor" free="0" total="4653056" percent="0" />
    </mem>
    <mem type="tenure" free="248832" total="5505024" percent="4">
      <mem type="soa" free="0" total="5230592" percent="0" />
      <mem type="loa" free="248832" total="274432" percent="90" />
    </mem>
    <pending-finalizers system="0" default="0" reference="18" classloader="0" />
    <remembered-set count="9147" />
  </mem-info>
</gc-end>
<cycle-end id="1961" type="scavenge" contextid="1954" timestamp="2019-06-15T04:55:47.744" />
  <attribute name="elasticGC enabled" value="1" />
  <attribute name= "numThreadsSpecified" value="4" />
  <attribute name="heapSize specified" value="14155776" />
  <attribute name="Current GC Util" value="54" />
  <attribute name= "Current Time Running" value="3176" />
  <attribute name ="GC Interval" value="400" />
  <attribute name="ProportionalT" value="17.000000" />
  <attribute name="ProportionalI" value="17.000000" />
  <attribute name="ProportionalH" value="17.000000" />
  <attribute name="Current Error" value="34.000000" />
  <attribute name="IntegralT" value="374.000000" />
  <attribute name="IntegralI" value="374.000000" />
  <attribute name="IntegralH" value="374.000000" />
  <attribute name="DerivativeT" value="4.636364" />
  <attribute name="DerivativeI" value="4.636364" />
  <attribute name="DerivativeH" value="4.636364" />
  <attribute name="Loop Time for DT" value="11.000000" />
  <attribute name="Output H" value="8388608"/>
  <attribute name="Output I" value="400"/>
  <attribute name="Output T" value="4"/>
  <attribute name="Target GC Util Change" value ="20.000000" />
  <attribute name="Current GC Util Change" value="54.000000"/>
  <attribute name="GC Util currently" value="54" />
  <attribute name="CPU Util currently" value="419737641637" />
<allocation-satisfied id="1962" threadId="00000000016D3C00" bytesRequested="40" />
<af-end id="1963" timestamp="2019-06-15T04:55:47.744" threadId="00000000016D4588" success="true" from="nursery"/>
<exclusive-end id="1964" timestamp="2019-06-15T04:55:47.744" durationms="2.948" />

<exclusive-start id="1965" timestamp="2019-06-15T04:55:47.755" intervalms="13.549">
  <response-info timems="0.317" idlems="0.317" threads="0" lastid="00000000016DF000" lastname="PmdThread 4" />
</exclusive-start>
<concurrent-collection-start id="1966" timestamp="2019-06-15T04:55:47.755" intervalms="367.222" >
  <concurrent-trace-info reason="card cleaning threshold reached" tracedByMutators="1043832" tracedByHelpers="895672" cardsCleaned="24" workStackOverflowCount="0" />
</concurrent-collection-start>
<gc-start id="1967" type="global" contextid="1950" timestamp="2019-06-15T04:55:47.755">
  <mem-info id="1968" free="248832" total="14811136" percent="1">
    <mem type="nursery" free="0" total="9306112" percent="0">
      <mem type="allocate" free="0" total="4653056" percent="0" />
      <mem type="survivor" free="0" total="4653056" percent="0" />
    </mem>
    <mem type="tenure" free="248832" total="5505024" percent="4">
      <mem type="soa" free="0" total="5230592" percent="0" />
      <mem type="loa" free="248832" total="274432" percent="90" />
    </mem>
    <remembered-set count="9171" />
  </mem-info>
</gc-start>
<allocation-stats totalBytes="2356024" >
  <allocated-bytes non-tlh="40" tlh="2355984" />
  <largest-consumer threadName="PmdThread 4" threadId="00000000016DF000" bytes="1672152" />
</allocation-stats>
<gc-op id="1969" type="rs-scan" timems="0.896" contextid="1950" timestamp="2019-06-15T04:55:47.756">
  <scan objectsFound="3329" bytesTraced="714616" workStackOverflowCount="0" />
</gc-op>
<gc-op id="1970" type="card-cleaning" timems="0.058" contextid="1950" timestamp="2019-06-15T04:55:47.757">
  <card-cleaning cardsCleaned="3" bytesTraced="756" workStackOverflowCount="0" />
</gc-op>
<gc-op id="1971" type="mark" timems="3.221" contextid="1950" timestamp="2019-06-15T04:55:47.760">
  <trace-info objectcount="111057" scancount="86966" scanbytes="2863012" />
  <finalization candidates="58" enqueued="0" />
  <ownableSynchronizers candidates="8" cleared="0" />
  <references type="soft" candidates="241" cleared="0" enqueued="0" dynamicThreshold="10" maxThreshold="32" />
  <references type="weak" candidates="816" cleared="0" enqueued="0" />
  <references type="phantom" candidates="83" cleared="0" enqueued="0" />
  <stringconstants candidates="5033" cleared="0"  />
</gc-op>
<gc-op id="1972" type="sweep" timems="0.345" contextid="1950" timestamp="2019-06-15T04:55:47.760" />
<mem-info id="1973" free="1712872" total="14811136" percent="11">
  <mem type="nursery" free="955368" total="9306112" percent="10">
    <mem type="allocate" free="955368" total="4653056" percent="20" />
    <mem type="survivor" free="0" total="4653056" percent="0" />
  </mem>
  <mem type="tenure" free="757504" total="5505024" percent="13" micro-fragmented="13063" macro-fragmented="0">
    <mem type="soa" free="483072" total="5230592" percent="9" />
    <mem type="loa" free="274432" total="274432" percent="100" />
  </mem>
  <remembered-set count="9166" />
</mem-info>
<gc-op id="1974" type="compact" timems="20.584" contextid="1950" timestamp="2019-06-15T04:55:47.781">
  <compact-info movecount="179003" movebytes="6470296" reason="compact to aid heap contraction" />
</gc-op>
<heap-resize id="1975" type="contract" space="tenure" amount="262144" count="1" timems="0.087" reason="heap reconfiguration" timestamp="2019-06-15T04:55:47.782" />
<gc-end id="1976" type="global" contextid="1950" durationms="26.452" usertimems="52.000" systemtimems="0.000" timestamp="2019-06-15T04:55:47.782" activeThreads="4">
  <mem-info id="1977" free="1788064" total="14548992" percent="12">
    <mem type="nursery" free="1275064" total="9306112" percent="13">
      <mem type="allocate" free="1275064" total="4653056" percent="27" />
      <mem type="survivor" free="0" total="4653056" percent="0" />
    </mem>
    <mem type="tenure" free="513000" total="5242880" percent="9">
      <mem type="soa" free="263144" total="4980736" percent="5" />
      <mem type="loa" free="249856" total="262144" percent="95" />
    </mem>
    <remembered-set count="9166" />
  </mem-info>
</gc-end>
<cycle-end id="1978" type="global" contextid="1950" timestamp="2019-06-15T04:55:47.782" />
  <attribute name="elasticGC enabled" value="1" />
  <attribute name= "numThreadsSpecified" value="4" />
  <attribute name="heapSize specified" value="14811136" />
  <attribute name="Current GC Util" value="100" />
  <attribute name= "Current Time Running" value="3215" />
  <attribute name ="GC Interval" value="400" />
  <attribute name="ProportionalT" value="40.000000" />
  <attribute name="ProportionalI" value="40.000000" />
  <attribute name="ProportionalH" value="40.000000" />
  <attribute name="Current Error" value="80.000000" />
  <attribute name="IntegralT" value="1600.000000" />
  <attribute name="IntegralI" value="1600.000000" />
  <attribute name="IntegralH" value="1600.000000" />
  <attribute name="DerivativeT" value="5.100000" />
  <attribute name="DerivativeI" value="5.100000" />
  <attribute name="DerivativeH" value="5.100000" />
  <attribute name="Loop Time for DT" value="20.000000" />
  <attribute name="Output H" value="8388608"/>
  <attribute name="Output I" value="1648"/>
  <attribute name="Output T" value="4"/>
  <attribute name="Target GC Util Change" value ="20.000000" />
  <attribute name="Current GC Util Change" value="100.000000"/>
  <attribute name="GC Util currently" value="100" />
  <attribute name="CPU Util currently" value="221650201490" />
<concurrent-collection-end id="1979" timestamp="2019-06-15T04:55:47.782" />
<exclusive-end id="1980" timestamp="2019-06-15T04:55:47.782" durationms="27.258" />

<concurrent-kickoff id="1981" timestamp="2019-06-15T04:55:47.784">
  <kickoff reason="threshold reached" targetBytes="1797537" thresholdFreeBytes="248673"  remainingFree="222392" tenureFreeBytes="513000" nurseryFreeBytes="222392" />
</concurrent-kickoff>
<exclusive-start id="1982" timestamp="2019-06-15T04:55:47.784" intervalms="29.009">
  <response-info timems="0.045" idlems="0.045" threads="0" lastid="00000000016D3C00" lastname="PmdThread 1" />
</exclusive-start>
<cycle-start id="1983" type="global" contextid="0" timestamp="2019-06-15T04:55:47.784" intervalms="43.397" />
<exclusive-end id="1984" timestamp="2019-06-15T04:55:47.784" durationms="0.133" />

<exclusive-start id="1985" timestamp="2019-06-15T04:55:47.785" intervalms="0.794">
  <response-info timems="0.036" idlems="0.036" threads="0" lastid="00000000016D7800" lastname="PmdThread 2" />
</exclusive-start>
<af-start id="1986" threadId="00000000016D8188" totalBytesRequested="16" timestamp="2019-06-15T04:55:47.785" intervalms="43.309" type="nursery" />
<cycle-start id="1987" type="scavenge" contextid="0" timestamp="2019-06-15T04:55:47.785" intervalms="43.280" />
<gc-start id="1988" type="scavenge" contextid="1987" timestamp="2019-06-15T04:55:47.785">
  <mem-info id="1989" free="513000" total="14548992" percent="3">
    <mem type="nursery" free="0" total="9306112" percent="0">
      <mem type="allocate" free="0" total="4653056" percent="0" />
      <mem type="survivor" free="0" total="4653056" percent="0" />
    </mem>
    <mem type="tenure" free="513000" total="5242880" percent="9">
      <mem type="soa" free="263144" total="4980736" percent="5" />
      <mem type="loa" free="249856" total="262144" percent="95" />
    </mem>
    <remembered-set count="9167" />
  </mem-info>
</gc-start>
<allocation-stats totalBytes="1274832" >
  <allocated-bytes non-tlh="0" tlh="1274832" />
  <largest-consumer threadName="PmdThread 3" threadId="00000000016DB400" bytes="692088" />
</allocation-stats>
<gc-op id="1990" type="scavenge" timems="5.137" contextid="1987" timestamp="2019-06-15T04:55:47.790">
  <scavenger-info tenureage="1" tenuremask="7ffe" tiltratio="50" />
  <memory-copied type="nursery" objects="102103" bytes="3486512" bytesdiscarded="94864" />
  <memory-copied type="tenure" objects="5737" bytes="263064" bytesdiscarded="8" />
  <copy-failed type="tenure" objects="53841" bytes="1976896" />
  <ownableSynchronizers candidates="16" cleared="16" />
  <references type="phantom" candidates="2" cleared="0" enqueued="0" />
</gc-op>
<heap-resize id="1991" type="expand" space="nursery" amount="524288" count="1" timems="0.016" reason="excessive time being spent scavenging" timestamp="2019-06-15T04:55:47.790" />
<gc-end id="1992" type="scavenge" contextid="1987" durationms="5.444" usertimems="8.000" systemtimems="0.000" timestamp="2019-06-15T04:55:47.790" activeThreads="4">
  <mem-info id="1993" free="1583560" total="15073280" percent="10">
    <mem type="nursery" free="1333704" total="9830400" percent="13">
      <mem type="allocate" free="1333704" total="4915200" percent="27" />
      <mem type="survivor" free="0" total="4915200" percent="0" />
    </mem>
    <mem type="tenure" free="249856" total="5242880" percent="4">
      <mem type="soa" free="0" total="4980736" percent="0" />
      <mem type="loa" free="249856" total="262144" percent="95" />
    </mem>
    <remembered-set count="1347" />
  </mem-info>
</gc-end>
<cycle-end id="1994" type="scavenge" contextid="1987" timestamp="2019-06-15T04:55:47.791" />
  <attribute name="elasticGC enabled" value="1" />
  <attribute name= "numThreadsSpecified" value="4" />
  <attribute name="heapSize specified" value="14811136" />
  <attribute name="Current GC Util" value="601" />
  <attribute name= "Current Time Running" value="3219" />
  <attribute name ="GC Interval" value="2808" />
  <attribute name="ProportionalT" value="290.500000" />
  <attribute name="ProportionalI" value="290.500000" />
  <attribute name="ProportionalH" value="290.500000" />
  <attribute name="Current Error" value="581.000000" />
  <attribute name="IntegralT" value="2324.000000" />
  <attribute name="IntegralI" value="2324.000000" />
  <attribute name="IntegralH" value="2324.000000" />
  <attribute name="DerivativeT" value="187.875000" />
  <attribute name="DerivativeI" value="187.875000" />
  <attribute name="DerivativeH" value="187.875000" />
  <attribute name="Loop Time for DT" value="4.000000" />
  <attribute name="Output H" value="8388608"/>
  <attribute name="Output I" value="2808"/>
  <attribute name="Output T" value="4"/>
  <attribute name="Target GC Util Change" value ="20.000000" />
  <attribute name="Current GC Util Change" value="601.000000"/>
  <attribute name="GC Util currently" value="601" />
  <attribute name="CPU Util currently" value="1241548845775" />
<allocation-satisfied id="1995" threadId="00000000016D7800" bytesRequested="16" />
<af-end id="1996" timestamp="2019-06-15T04:55:47.792" threadId="00000000016D8188" success="true" from="nursery"/>
<exclusive-end id="1997" timestamp="2019-06-15T04:55:47.792" durationms="6.926" />

<exclusive-start id="1998" timestamp="2019-06-15T04:55:47.799" intervalms="13.645">
  <response-info timems="1.000" idlems="0.350" threads="2" lastid="00000000016D3C00" lastname="PmdThread 1" />
</exclusive-start>
<af-start id="1999" threadId="00000000016DF988" totalBytesRequested="16" timestamp="2019-06-15T04:55:47.799" intervalms="13.669" type="nursery" />
<percolate-collect id="2000" from="nursery" to="global" reason="concurrent mark exhausted" timestamp="2019-06-15T04:55:47.799"/>
<gc-start id="2001" type="global" contextid="1983" timestamp="2019-06-15T04:55:47.799">
  <mem-info id="2002" free="249856" total="15073280" percent="1">
    <mem type="nursery" free="0" total="9830400" percent="0">
      <mem type="allocate" free="0" total="4915200" percent="0" />
      <mem type="survivor" free="0" total="4915200" percent="0" />
    </mem>
    <mem type="tenure" free="249856" total="5242880" percent="4">
      <mem type="soa" free="0" total="4980736" percent="0" />
      <mem type="loa" free="249856" total="262144" percent="95" />
    </mem>
    <remembered-set count="1374" />
  </mem-info>
</gc-start>
<allocation-stats totalBytes="1333288" >
  <allocated-bytes non-tlh="16" tlh="1333272" />
  <largest-consumer threadName="PmdThread 2" threadId="00000000016D7800" bytes="470872" />
</allocation-stats>
<concurrent-halted id="2003" timestamp="2019-06-15T04:55:47.799">
  <halted state="Complete" status="exhausted" />
  <traced bytesTarget="1788811" bytesTotal="2157080" bytesByMutator="1355620" bytesByHelper="801460" percent="120" />
  <cards cleaned="40" thresholdBytes="97961" />
</concurrent-halted>
<gc-op id="2004" type="rs-scan" timems="0.502" contextid="1983" timestamp="2019-06-15T04:55:47.799">
  <scan objectsFound="1067" bytesTraced="281460" workStackOverflowCount="0" />
</gc-op>
<gc-op id="2005" type="card-cleaning" timems="0.148" contextid="1983" timestamp="2019-06-15T04:55:47.800">
  <card-cleaning cardsCleaned="8" bytesTraced="32216" workStackOverflowCount="0" />
</gc-op>
<gc-op id="2006" type="mark" timems="4.596" contextid="1983" timestamp="2019-06-15T04:55:47.804">
  <trace-info objectcount="134265" scancount="104990" scanbytes="3452788" />
  <finalization candidates="58" enqueued="0" />
  <ownableSynchronizers candidates="8" cleared="0" />
  <references type="soft" candidates="241" cleared="88" enqueued="83" dynamicThreshold="3" maxThreshold="32" />
  <references type="weak" candidates="817" cleared="0" enqueued="0" />
  <references type="phantom" candidates="84" cleared="0" enqueued="0" />
  <stringconstants candidates="5033" cleared="1"  />
</gc-op>
<gc-op id="2007" type="sweep" timems="0.363" contextid="1983" timestamp="2019-06-15T04:55:47.805" />
<mem-info id="2008" free="1174720" total="15073280" percent="7">
  <mem type="nursery" free="876464" total="9830400" percent="8">
    <mem type="allocate" free="876464" total="4915200" percent="17" />
    <mem type="survivor" free="0" total="4915200" percent="0" />
  </mem>
  <mem type="tenure" free="298256" total="5242880" percent="5" micro-fragmented="0" macro-fragmented="0">
    <mem type="soa" free="36112" total="4980736" percent="0" />
    <mem type="loa" free="262144" total="262144" percent="100" />
  </mem>
  <pending-finalizers system="0" default="0" reference="83" classloader="0" />
  <remembered-set count="1309" />
</mem-info>
<gc-op id="2009" type="compact" timems="23.840" contextid="1983" timestamp="2019-06-15T04:55:47.829">
  <compact-info movecount="216333" movebytes="8336400" reason="compact to aid heap contraction" />
</gc-op>
<heap-resize id="2010" type="contract" space="tenure" amount="262144" count="1" timems="0.086" reason="heap reconfiguration" timestamp="2019-06-15T04:55:47.829" />
<gc-end id="2011" type="global" contextid="1983" durationms="30.861" usertimems="56.000" systemtimems="4.000" timestamp="2019-06-15T04:55:47.830" activeThreads="4">
  <mem-info id="2012" free="1099040" total="14811136" percent="7">
    <mem type="nursery" free="1099040" total="9830400" percent="11">
      <mem type="allocate" free="1099040" total="4915200" percent="22" />
      <mem type="survivor" free="0" total="4915200" percent="0" />
    </mem>
    <mem type="tenure" free="0" total="4980736" percent="0">
      <mem type="soa" free="0" total="4731904" percent="0" />
      <mem type="loa" free="0" total="248832" percent="0" />
    </mem>
    <pending-finalizers system="0" default="0" reference="83" classloader="0" />
    <remembered-set count="1309" />
  </mem-info>
</gc-end>
<cycle-end id="2013" type="global" contextid="1983" timestamp="2019-06-15T04:55:47.830" />
  <attribute name="elasticGC enabled" value="1" />
  <attribute name= "numThreadsSpecified" value="4" />
  <attribute name="heapSize specified" value="15073280" />
  <attribute name="Current GC Util" value="106" />
  <attribute name= "Current Time Running" value="3263" />
  <attribute name ="GC Interval" value="2808" />
  <attribute name="ProportionalT" value="43.000000" />
  <attribute name="ProportionalI" value="43.000000" />
  <attribute name="ProportionalH" value="43.000000" />
  <attribute name="Current Error" value="86.000000" />
  <attribute name="IntegralT" value="2064.000000" />
  <attribute name="IntegralI" value="2064.000000" />
  <attribute name="IntegralH" value="2064.000000" />
  <attribute name="DerivativeT" value="4.500000" />
  <attribute name="DerivativeI" value="4.500000" />
  <attribute name="DerivativeH" value="4.500000" />
  <attribute name="Loop Time for DT" value="24.000000" />
  <attribute name="Output H" value="8388608"/>
  <attribute name="Output I" value="2112"/>
  <attribute name="Output T" value="4"/>
  <attribute name="Target GC Util Change" value ="20.000000" />
  <attribute name="Current GC Util Change" value="106.000000"/>
  <attribute name="GC Util currently" value="106" />
  <attribute name="CPU Util currently" value="191679655739" />
<allocation-satisfied id="2014" threadId="00000000016DF000" bytesRequested="16" />
<af-end id="2015" timestamp="2019-06-15T04:55:47.830" threadId="00000000016DF988" success="true" from="nursery"/>
<exclusive-end id="2016" timestamp="2019-06-15T04:55:47.830" durationms="31.546" />

<concurrent-kickoff id="2017" timestamp="2019-06-15T04:55:47.833">
  <kickoff reason="threshold reached" targetBytes="1778435" thresholdFreeBytes="239517"  remainingFree="226576" tenureFreeBytes="0" nurseryFreeBytes="226576" />
</concurrent-kickoff>
<exclusive-start id="2018" timestamp="2019-06-15T04:55:47.833" intervalms="34.501">
  <response-info timems="0.058" idlems="0.058" threads="0" lastid="00000000016DF000" lastname="PmdThread 4" />
</exclusive-start>
<cycle-start id="2019" type="global" contextid="0" timestamp="2019-06-15T04:55:47.833" intervalms="48.934" />
<exclusive-end id="2020" timestamp="2019-06-15T04:55:47.833" durationms="0.154" />

<exclusive-start id="2021" timestamp="2019-06-15T04:55:47.835" intervalms="1.988">
  <response-info timems="0.098" idlems="0.098" threads="0" lastid="00000000016DF000" lastname="PmdThread 4" />
</exclusive-start>
<af-start id="2022" threadId="00000000016DF988" totalBytesRequested="56" timestamp="2019-06-15T04:55:47.835" intervalms="36.485" type="nursery" />
<cycle-start id="2023" type="scavenge" contextid="0" timestamp="2019-06-15T04:55:47.835" intervalms="50.194" />
<gc-start id="2024" type="scavenge" contextid="2023" timestamp="2019-06-15T04:55:47.835">
  <mem-info id="2025" free="0" total="14811136" percent="0">
    <mem type="nursery" free="0" total="9830400" percent="0">
      <mem type="allocate" free="0" total="4915200" percent="0" />
      <mem type="survivor" free="0" total="4915200" percent="0" />
    </mem>
    <mem type="tenure" free="0" total="4980736" percent="0">
      <mem type="soa" free="0" total="4731904" percent="0" />
      <mem type="loa" free="0" total="248832" percent="0" />
    </mem>
    <remembered-set count="1446" />
  </mem-info>
</gc-start>
<allocation-stats totalBytes="1098576" >
  <allocated-bytes non-tlh="16" tlh="1098560" />
  <largest-consumer threadName="PmdThread 4" threadId="00000000016DF000" bytes="820216" />
</allocation-stats>
<gc-op id="2026" type="scavenge" timems="4.461" contextid="2023" timestamp="2019-06-15T04:55:47.840">
  <scavenger-info tenureage="1" tenuremask="7ffe" tiltratio="50" />
  <memory-copied type="nursery" objects="135700" bytes="4444128" bytesdiscarded="226784" />
  <copy-failed type="tenure" objects="100560" bytes="3376192" />
  <ownableSynchronizers candidates="16" cleared="16" />
  <references type="weak" candidates="1" cleared="0" enqueued="0" />
  <references type="phantom" candidates="2" cleared="0" enqueued="0" />
</gc-op>
<gc-end id="2027" type="scavenge" contextid="2023" durationms="4.694" usertimems="4.000" systemtimems="12.000" timestamp="2019-06-15T04:55:47.840" activeThreads="4">
  <mem-info id="2028" free="244160" total="14811136" percent="1">
    <mem type="nursery" free="244160" total="9830400" percent="2">
      <mem type="allocate" free="244160" total="4915200" percent="4" />
      <mem type="survivor" free="0" total="4915200" percent="0" />
    </mem>
    <mem type="tenure" free="0" total="4980736" percent="0">
      <mem type="soa" free="0" total="4731904" percent="0" />
      <mem type="loa" free="0" total="248832" percent="0" />
    </mem>
    <remembered-set count="1385" />
  </mem-info>
</gc-end>
<cycle-end id="2029" type="scavenge" contextid="2023" timestamp="2019-06-15T04:55:47.840" />
  <attribute name="elasticGC enabled" value="1" />
  <attribute name= "numThreadsSpecified" value="4" />
  <attribute name="heapSize specified" value="15073280" />
  <attribute name="Current GC Util" value="829" />
  <attribute name= "Current Time Running" value="3269" />
  <attribute name ="GC Interval" value="4000" />
  <attribute name="ProportionalT" value="404.500000" />
  <attribute name="ProportionalI" value="404.500000" />
  <attribute name="ProportionalH" value="404.500000" />
  <attribute name="Current Error" value="809.000000" />
  <attribute name="IntegralT" value="4854.000000" />
  <attribute name="IntegralI" value="4854.000000" />
  <attribute name="IntegralH" value="4854.000000" />
  <attribute name="DerivativeT" value="180.750000" />
  <attribute name="DerivativeI" value="180.750000" />
  <attribute name="DerivativeH" value="180.750000" />
  <attribute name="Loop Time for DT" value="6.000000" />
  <attribute name="Output H" value="8388608"/>
  <attribute name="Output I" value="4000"/>
  <attribute name="Output T" value="4"/>
  <attribute name="Target GC Util Change" value ="20.000000" />
  <attribute name="Current GC Util Change" value="829.000000"/>
  <attribute name="GC Util currently" value="829" />
  <attribute name="CPU Util currently" value="732694709035" />
<allocation-satisfied id="2030" threadId="00000000016DF000" bytesRequested="56" />
<af-end id="2031" timestamp="2019-06-15T04:55:47.840" threadId="00000000016DF988" success="true" from="nursery"/>
<exclusive-end id="2032" timestamp="2019-06-15T04:55:47.841" durationms="5.497" />

<exclusive-start id="2033" timestamp="2019-06-15T04:55:47.844" intervalms="9.271">
  <response-info timems="0.120" idlems="0.120" threads="0" lastid="00000000016DF000" lastname="PmdThread 4" />
</exclusive-start>
<af-start id="2034" threadId="00000000016DF988" totalBytesRequested="56" timestamp="2019-06-15T04:55:47.844" intervalms="9.288" type="nursery" />
<percolate-collect id="2035" from="nursery" to="global" reason="concurrent mark exhausted" timestamp="2019-06-15T04:55:47.844"/>
<gc-start id="2036" type="global" contextid="2019" timestamp="2019-06-15T04:55:47.845">
  <mem-info id="2037" free="0" total="14811136" percent="0">
    <mem type="nursery" free="0" total="9830400" percent="0">
      <mem type="allocate" free="0" total="4915200" percent="0" />
      <mem type="survivor" free="0" total="4915200" percent="0" />
    </mem>
    <mem type="tenure" free="0" total="4980736" percent="0">
      <mem type="soa" free="0" total="4731904" percent="0" />
      <mem type="loa" free="0" total="248832" percent="0" />
    </mem>
    <remembered-set count="1396" />
  </mem-info>
</gc-start>
<allocation-stats totalBytes="244048" >
  <allocated-bytes non-tlh="56" tlh="243992" />
  <largest-consumer threadName="PmdThread 1" threadId="00000000016D3C00" bytes="122832" />
</allocation-stats>
<concurrent-halted id="2038" timestamp="2019-06-15T04:55:47.845">
  <halted state="Complete" status="exhausted" />
  <traced bytesTarget="1778435" bytesTotal="2111052" bytesByMutator="1676500" bytesByHelper="434552" percent="118" />
  <cards cleaned="32" thresholdBytes="94355" />
</concurrent-halted>
<gc-op id="2039" type="rs-scan" timems="3.541" contextid="2019" timestamp="2019-06-15T04:55:47.848">
  <scan objectsFound="1122" bytesTraced="2937616" workStackOverflowCount="0" />
</gc-op>
<gc-op id="2040" type="card-cleaning" timems="1.115" contextid="2019" timestamp="2019-06-15T04:55:47.849">
  <card-cleaning cardsCleaned="5" bytesTraced="1259156" workStackOverflowCount="0" />
</gc-op>
<gc-op id="2041" type="mark" timems="0.878" contextid="2019" timestamp="2019-06-15T04:55:47.850">
  <trace-info objectcount="4371" scancount="4009" scanbytes="148140" />
  <finalization candidates="58" enqueued="0" />
  <ownableSynchronizers candidates="8" cleared="0" />
  <references type="soft" candidates="153" cleared="55" enqueued="47" dynamicThreshold="0" maxThreshold="32" />
  <references type="weak" candidates="817" cleared="0" enqueued="0" />
  <references type="phantom" candidates="84" cleared="0" enqueued="0" />
  <stringconstants candidates="5032" cleared="18"  />
</gc-op>
<gc-op id="2042" type="sweep" timems="0.325" contextid="2019" timestamp="2019-06-15T04:55:47.851" />
<mem-info id="2043" free="437344" total="14811136" percent="2">
  <mem type="nursery" free="374344" total="9830400" percent="3">
    <mem type="allocate" free="374344" total="4915200" percent="7" />
    <mem type="survivor" free="0" total="4915200" percent="0" />
  </mem>
  <mem type="tenure" free="63000" total="4980736" percent="1" micro-fragmented="26986" macro-fragmented="0">
    <mem type="soa" free="63000" total="4731904" percent="1" />
    <mem type="loa" free="0" total="248832" percent="0" />
  </mem>
  <pending-finalizers system="0" default="0" reference="47" classloader="0" />
  <remembered-set count="1277" />
</mem-info>
<gc-op id="2044" type="compact" timems="29.707" contextid="2019" timestamp="2019-06-15T04:55:47.881">
  <compact-info movecount="241585" movebytes="9046840" reason="compact to aid heap contraction" />
</gc-op>
<heap-resize id="2045" type="contract" space="tenure" amount="131072" count="1" timems="0.091" reason="heap reconfiguration" timestamp="2019-06-15T04:55:47.881" />
<gc-end id="2046" type="global" contextid="2019" durationms="36.904" usertimems="60.000" systemtimems="0.000" timestamp="2019-06-15T04:55:47.881" activeThreads="4">
  <mem-info id="2047" free="424840" total="14680064" percent="2">
    <mem type="nursery" free="424840" total="9830400" percent="4">
      <mem type="allocate" free="424840" total="4915200" percent="8" />
      <mem type="survivor" free="0" total="4915200" percent="0" />
    </mem>
    <mem type="tenure" free="0" total="4849664" percent="0">
      <mem type="soa" free="0" total="4608000" percent="0" />
      <mem type="loa" free="0" total="241664" percent="0" />
    </mem>
    <pending-finalizers system="0" default="0" reference="47" classloader="0" />
    <remembered-set count="1277" />
  </mem-info>
</gc-end>
<cycle-end id="2048" type="global" contextid="2019" timestamp="2019-06-15T04:55:47.882" />
  <attribute name="elasticGC enabled" value="1" />
  <attribute name= "numThreadsSpecified" value="4" />
  <attribute name="heapSize specified" value="14811136" />
  <attribute name="Current GC Util" value="81" />
  <attribute name= "Current Time Running" value="3315" />
  <attribute name ="GC Interval" value="4000" />
  <attribute name="ProportionalT" value="30.500000" />
  <attribute name="ProportionalI" value="30.500000" />
  <attribute name="ProportionalH" value="30.500000" />
  <attribute name="Current Error" value="61.000000" />
  <attribute name="IntegralT" value="1830.000000" />
  <attribute name="IntegralI" value="1830.000000" />
  <attribute name="IntegralH" value="1830.000000" />
  <attribute name="DerivativeT" value="2.150000" />
  <attribute name="DerivativeI" value="2.150000" />
  <attribute name="DerivativeH" value="2.150000" />
  <attribute name="Loop Time for DT" value="30.000000" />
  <attribute name="Output H" value="8388608"/>
  <attribute name="Output I" value="1864"/>
  <attribute name="Output T" value="4"/>
  <attribute name="Target GC Util Change" value ="20.000000" />
  <attribute name="Current GC Util Change" value="81.000000"/>
  <attribute name="GC Util currently" value="81" />
  <attribute name="CPU Util currently" value="154321887877" />
<allocation-satisfied id="2049" threadId="00000000016DF000" bytesRequested="56" />
<af-end id="2050" timestamp="2019-06-15T04:55:47.882" threadId="00000000016DF988" success="true" from="nursery"/>
<exclusive-end id="2051" timestamp="2019-06-15T04:55:47.882" durationms="37.591" />

<concurrent-kickoff id="2052" timestamp="2019-06-15T04:55:47.883">
  <kickoff reason="threshold reached" targetBytes="1797531" thresholdFreeBytes="243798"  remainingFree="240464" tenureFreeBytes="0" nurseryFreeBytes="240464" />
</concurrent-kickoff>
<exclusive-start id="2053" timestamp="2019-06-15T04:55:47.883" intervalms="39.071">
  <response-info timems="0.114" idlems="0.114" threads="0" lastid="00000000016DF000" lastname="PmdThread 4" />
</exclusive-start>
<cycle-start id="2054" type="global" contextid="0" timestamp="2019-06-15T04:55:47.883" intervalms="50.338" />
<exclusive-end id="2055" timestamp="2019-06-15T04:55:47.884" durationms="0.167" />

<exclusive-start id="2056" timestamp="2019-06-15T04:55:47.885" intervalms="2.122">
  <response-info timems="0.058" idlems="0.036" threads="1" lastid="00000000013C7300" lastname="JIT Compilation Thread-0" />
</exclusive-start>
<af-start id="2057" threadId="00000000016D4588" totalBytesRequested="56" timestamp="2019-06-15T04:55:47.886" intervalms="41.233" type="nursery" />
<cycle-start id="2058" type="scavenge" contextid="0" timestamp="2019-06-15T04:55:47.886" intervalms="50.487" />
<gc-start id="2059" type="scavenge" contextid="2058" timestamp="2019-06-15T04:55:47.886">
  <mem-info id="2060" free="0" total="14680064" percent="0">
    <mem type="nursery" free="0" total="9830400" percent="0">
      <mem type="allocate" free="0" total="4915200" percent="0" />
      <mem type="survivor" free="0" total="4915200" percent="0" />
    </mem>
    <mem type="tenure" free="0" total="4849664" percent="0">
      <mem type="soa" free="0" total="4608000" percent="0" />
      <mem type="loa" free="0" total="241664" percent="0" />
    </mem>
    <remembered-set count="1340" />
  </mem-info>
</gc-start>
<allocation-stats totalBytes="424648" >
  <allocated-bytes non-tlh="56" tlh="424592" />
  <largest-consumer threadName="PmdThread 4" threadId="00000000016DF000" bytes="396016" />
</allocation-stats>
<gc-op id="2061" type="scavenge" timems="6.007" contextid="2058" timestamp="2019-06-15T04:55:47.892">
  <scavenger-info tenureage="1" tenuremask="7ffe" tiltratio="50" />
  <memory-copied type="nursery" objects="143910" bytes="4670648" bytesdiscarded="79640" />
  <copy-failed type="tenure" objects="134155" bytes="4369472" />
  <ownableSynchronizers candidates="16" cleared="16" />
  <references type="weak" candidates="1" cleared="0" enqueued="0" />
  <references type="phantom" candidates="2" cleared="0" enqueued="0" />
</gc-op>
<heap-resize id="2062" type="expand" space="nursery" amount="786432" count="1" timems="0.020" reason="excessive time being spent scavenging" timestamp="2019-06-15T04:55:47.892" />
<gc-end id="2063" type="scavenge" contextid="2058" durationms="6.454" usertimems="12.000" systemtimems="0.000" timestamp="2019-06-15T04:55:47.892" activeThreads="4">
  <mem-info id="2064" free="558016" total="15466496" percent="3">
    <mem type="nursery" free="558016" total="10616832" percent="5">
      <mem type="allocate" free="558016" total="5308416" percent="10" />
      <mem type="survivor" free="0" total="5308416" percent="0" />
    </mem>
    <mem type="tenure" free="0" total="4849664" percent="0">
      <mem type="soa" free="0" total="4608000" percent="0" />
      <mem type="loa" free="0" total="241664" percent="0" />
    </mem>
    <remembered-set count="1319" />
  </mem-info>
</gc-end>
<cycle-end id="2065" type="scavenge" contextid="2058" timestamp="2019-06-15T04:55:47.892" />
  <attribute name="elasticGC enabled" value="1" />
  <attribute name= "numThreadsSpecified" value="4" />
  <attribute name="heapSize specified" value="14811136" />
  <attribute name="Current GC Util" value="1407" />
  <attribute name= "Current Time Running" value="3320" />
  <attribute name ="GC Interval" value="4000" />
  <attribute name="ProportionalT" value="693.500000" />
  <attribute name="ProportionalI" value="693.500000" />
  <attribute name="ProportionalH" value="693.500000" />
  <attribute name="Current Error" value="1387.000000" />
  <attribute name="IntegralT" value="6935.000000" />
  <attribute name="IntegralI" value="6935.000000" />
  <attribute name="IntegralH" value="6935.000000" />
  <attribute name="DerivativeT" value="397.800000" />
  <attribute name="DerivativeI" value="397.800000" />
  <attribute name="DerivativeH" value="397.800000" />
  <attribute name="Loop Time for DT" value="5.000000" />
  <attribute name="Output H" value="8388608"/>
  <attribute name="Output I" value="4000"/>
  <attribute name="Output T" value="4"/>
  <attribute name="Target GC Util Change" value ="20.000000" />
  <attribute name="Current GC Util Change" value="1407.000000"/>
  <attribute name="GC Util currently" value="1407" />
  <attribute name="CPU Util currently" value="956591994780" />
<allocation-satisfied id="2066" threadId="00000000016D3C00" bytesRequested="56" />
<af-end id="2067" timestamp="2019-06-15T04:55:47.893" threadId="00000000016D4588" success="true" from="nursery"/>
<exclusive-end id="2068" timestamp="2019-06-15T04:55:47.894" durationms="8.051" />

<exclusive-start id="2069" timestamp="2019-06-15T04:55:47.900" intervalms="14.562">
  <response-info timems="1.787" idlems="1.787" threads="0" lastid="00000000016DF000" lastname="PmdThread 4" />
</exclusive-start>
<concurrent-collection-start id="2070" timestamp="2019-06-15T04:55:47.900" intervalms="144.976" >
  <concurrent-trace-info reason="card cleaning threshold reached" tracedByMutators="1429368" tracedByHelpers="674360" cardsCleaned="27" workStackOverflowCount="0" />
</concurrent-collection-start>
<gc-start id="2071" type="global" contextid="2054" timestamp="2019-06-15T04:55:47.900">
  <mem-info id="2072" free="0" total="15466496" percent="0">
    <mem type="nursery" free="0" total="10616832" percent="0">
      <mem type="allocate" free="0" total="5308416" percent="0" />
      <mem type="survivor" free="0" total="5308416" percent="0" />
    </mem>
    <mem type="tenure" free="0" total="4849664" percent="0">
      <mem type="soa" free="0" total="4608000" percent="0" />
      <mem type="loa" free="0" total="241664" percent="0" />
    </mem>
    <remembered-set count="1326" />
  </mem-info>
</gc-start>
<allocation-stats totalBytes="557312" >
  <allocated-bytes non-tlh="66320" tlh="490992" />
  <largest-consumer threadName="PmdThread 2" threadId="00000000016D7800" bytes="245968" />
</allocation-stats>
<gc-op id="2073" type="rs-scan" timems="3.635" contextid="2054" timestamp="2019-06-15T04:55:47.904">
  <scan objectsFound="1118" bytesTraced="2540528" workStackOverflowCount="0" />
</gc-op>
<gc-op id="2074" type="card-cleaning" timems="1.334" contextid="2054" timestamp="2019-06-15T04:55:47.906">
  <card-cleaning cardsCleaned="11" bytesTraced="2028064" workStackOverflowCount="0" />
</gc-op>
<gc-op id="2075" type="mark" timems="1.414" contextid="2054" timestamp="2019-06-15T04:55:47.907">
  <trace-info objectcount="397" scancount="338" scanbytes="11180" />
  <finalization candidates="58" enqueued="0" />
  <ownableSynchronizers candidates="8" cleared="0" />
  <references type="soft" candidates="98" cleared="0" enqueued="0" dynamicThreshold="0" maxThreshold="32" />
  <references type="weak" candidates="819" cleared="3" enqueued="3" />
  <references type="phantom" candidates="85" cleared="1" enqueued="1" />
  <stringconstants candidates="5014" cleared="35"  />
</gc-op>
<gc-op id="2076" type="sweep" timems="0.622" contextid="2054" timestamp="2019-06-15T04:55:47.908" />
<mem-info id="2077" free="436328" total="15466496" percent="2">
  <mem type="nursery" free="435384" total="10616832" percent="4">
    <mem type="allocate" free="435384" total="5308416" percent="8" />
    <mem type="survivor" free="0" total="5308416" percent="0" />
  </mem>
  <mem type="tenure" free="944" total="4849664" percent="0" micro-fragmented="16174" macro-fragmented="0">
    <mem type="soa" free="944" total="4608000" percent="0" />
    <mem type="loa" free="0" total="241664" percent="0" />
  </mem>
  <pending-finalizers system="0" default="0" reference="4" classloader="0" />
  <remembered-set count="1278" />
</mem-info>
<gc-op id="2078" type="compact" timems="31.321" contextid="2054" timestamp="2019-06-15T04:55:47.939">
  <compact-info movecount="223652" movebytes="7551280" reason="compact to aid heap contraction" />
</gc-op>
<gc-end id="2079" type="global" contextid="2054" durationms="39.475" usertimems="64.000" systemtimems="0.000" timestamp="2019-06-15T04:55:47.940" activeThreads="4">
  <mem-info id="2080" free="495488" total="15466496" percent="3">
    <mem type="nursery" free="495488" total="10616832" percent="4">
      <mem type="allocate" free="495488" total="5308416" percent="9" />
      <mem type="survivor" free="0" total="5308416" percent="0" />
    </mem>
    <mem type="tenure" free="0" total="4849664" percent="0">
      <mem type="soa" free="0" total="4608000" percent="0" />
      <mem type="loa" free="0" total="241664" percent="0" />
    </mem>
    <pending-finalizers system="0" default="0" reference="4" classloader="0" />
    <remembered-set count="1278" />
  </mem-info>
</gc-end>
<cycle-end id="2081" type="global" contextid="2054" timestamp="2019-06-15T04:55:47.940" />
  <attribute name="elasticGC enabled" value="1" />
  <attribute name= "numThreadsSpecified" value="4" />
  <attribute name="heapSize specified" value="15466496" />
  <attribute name="Current GC Util" value="149" />
  <attribute name= "Current Time Running" value="3374" />
  <attribute name ="GC Interval" value="4000" />
  <attribute name="ProportionalT" value="64.500000" />
  <attribute name="ProportionalI" value="64.500000" />
  <attribute name="ProportionalH" value="64.500000" />
  <attribute name="Current Error" value="129.000000" />
  <attribute name="IntegralT" value="4128.000000" />
  <attribute name="IntegralI" value="4128.000000" />
  <attribute name="IntegralH" value="4128.000000" />
  <attribute name="DerivativeT" value="2.484375" />
  <attribute name="DerivativeI" value="2.484375" />
  <attribute name="DerivativeH" value="2.484375" />
  <attribute name="Loop Time for DT" value="32.000000" />
  <attribute name="Output H" value="8388608"/>
  <attribute name="Output I" value="4000"/>
  <attribute name="Output T" value="4"/>
  <attribute name="Target GC Util Change" value ="20.000000" />
  <attribute name="Current GC Util Change" value="149.000000"/>
  <attribute name="GC Util currently" value="149" />
  <attribute name="CPU Util currently" value="146150266118" />
<concurrent-collection-end id="2082" timestamp="2019-06-15T04:55:47.940" />
<exclusive-end id="2083" timestamp="2019-06-15T04:55:47.941" durationms="40.702" />

<concurrent-kickoff id="2084" timestamp="2019-06-15T04:55:47.942">
  <kickoff reason="threshold reached" targetBytes="1852354" thresholdFreeBytes="253298"  remainingFree="200576" tenureFreeBytes="0" nurseryFreeBytes="200576" />
</concurrent-kickoff>
<exclusive-start id="2085" timestamp="2019-06-15T04:55:47.944" intervalms="43.623">
  <response-info timems="0.043" idlems="0.043" threads="0" lastid="00000000016D3C00" lastname="PmdThread 1" />
</exclusive-start>
<af-start id="2086" threadId="00000000016D4588" totalBytesRequested="16" timestamp="2019-06-15T04:55:47.944" intervalms="58.150" type="nursery" />
<cycle-start id="2087" type="scavenge" contextid="0" timestamp="2019-06-15T04:55:47.944" intervalms="58.209" />
<gc-start id="2088" type="scavenge" contextid="2087" timestamp="2019-06-15T04:55:47.944">
  <mem-info id="2089" free="200576" total="15466496" percent="1">
    <mem type="nursery" free="200576" total="10616832" percent="1">
      <mem type="allocate" free="200576" total="5308416" percent="3" />
      <mem type="survivor" free="0" total="5308416" percent="0" />
    </mem>
    <mem type="tenure" free="0" total="4849664" percent="0">
      <mem type="soa" free="0" total="4608000" percent="0" />
      <mem type="loa" free="0" total="241664" percent="0" />
    </mem>
    <remembered-set count="1294" />
  </mem-info>
</gc-start>
<allocation-stats totalBytes="294792" >
  <allocated-bytes non-tlh="0" tlh="294792" />
  <largest-consumer threadName="PmdThread 4" threadId="00000000016DF000" bytes="286600" />
</allocation-stats>
<gc-op id="2090" type="scavenge" timems="6.532" contextid="2087" timestamp="2019-06-15T04:55:47.951">
  <scavenger-info tenureage="1" tenuremask="7ffe" tiltratio="50" />
  <memory-copied type="nursery" objects="149518" bytes="4900136" bytesdiscarded="173456" />
  <copy-failed type="tenure" objects="143834" bytes="4651488" />
  <ownableSynchronizers candidates="16" cleared="16" />
  <references type="phantom" candidates="2" cleared="0" enqueued="0" />
</gc-op>
<heap-resize id="2091" type="expand" space="nursery" amount="393216" count="1" timems="0.017" reason="excessive time being spent scavenging" timestamp="2019-06-15T04:55:47.951" />
<gc-end id="2092" type="scavenge" contextid="2087" durationms="7.145" usertimems="12.000" systemtimems="0.000" timestamp="2019-06-15T04:55:47.951" activeThreads="4">
  <mem-info id="2093" free="431320" total="15859712" percent="2">
    <mem type="nursery" free="431320" total="11010048" percent="3">
      <mem type="allocate" free="431320" total="5505024" percent="7" />
      <mem type="survivor" free="0" total="5505024" percent="0" />
    </mem>
    <mem type="tenure" free="0" total="4849664" percent="0">
      <mem type="soa" free="0" total="4608000" percent="0" />
      <mem type="loa" free="0" total="241664" percent="0" />
    </mem>
    <remembered-set count="1264" />
  </mem-info>
</gc-end>
<cycle-end id="2094" type="scavenge" contextid="2087" timestamp="2019-06-15T04:55:47.951" />
  <attribute name="elasticGC enabled" value="1" />
  <attribute name= "numThreadsSpecified" value="4" />
  <attribute name="heapSize specified" value="15466496" />
  <attribute name="Current GC Util" value="198" />
  <attribute name= "Current Time Running" value="3378" />
  <attribute name ="GC Interval" value="824" />
  <attribute name="ProportionalT" value="89.000000" />
  <attribute name="ProportionalI" value="89.000000" />
  <attribute name="ProportionalH" value="89.000000" />
  <attribute name="Current Error" value="178.000000" />
  <attribute name="IntegralT" value="712.000000" />
  <attribute name="IntegralI" value="712.000000" />
  <attribute name="IntegralH" value="712.000000" />
  <attribute name="DerivativeT" value="18.375000" />
  <attribute name="DerivativeI" value="18.375000" />
  <attribute name="DerivativeH" value="18.375000" />
  <attribute name="Loop Time for DT" value="4.000000" />
  <attribute name="Output H" value="8388608"/>
  <attribute name="Output I" value="824"/>
  <attribute name="Output T" value="4"/>
  <attribute name="Target GC Util Change" value ="20.000000" />
  <attribute name="Current GC Util Change" value="198.000000"/>
  <attribute name="GC Util currently" value="198" />
  <attribute name="CPU Util currently" value="1007562697208" />
<cycle-start id="2095" type="global" contextid="0" timestamp="2019-06-15T04:55:47.951" intervalms="67.975" />
<allocation-satisfied id="2096" threadId="00000000016D3C00" bytesRequested="16" />
<af-end id="2097" timestamp="2019-06-15T04:55:47.952" threadId="00000000016D4588" success="true" from="nursery"/>
<exclusive-end id="2098" timestamp="2019-06-15T04:55:47.952" durationms="8.186" />

<exclusive-start id="2099" timestamp="2019-06-15T04:55:47.957" intervalms="13.076">
  <response-info timems="0.094" idlems="0.041" threads="2" lastid="00000000013CAF00" lastname="JIT Compilation Thread-1" />
</exclusive-start>
<concurrent-collection-start id="2100" timestamp="2019-06-15T04:55:47.957" intervalms="56.737" >
  <concurrent-trace-info reason="card cleaning threshold reached" tracedByMutators="765920" tracedByHelpers="1122060" cardsCleaned="11" workStackOverflowCount="0" />
</concurrent-collection-start>
<gc-start id="2101" type="global" contextid="2095" timestamp="2019-06-15T04:55:47.957">
  <mem-info id="2102" free="0" total="15859712" percent="0">
    <mem type="nursery" free="0" total="11010048" percent="0">
      <mem type="allocate" free="0" total="5505024" percent="0" />
      <mem type="survivor" free="0" total="5505024" percent="0" />
    </mem>
    <mem type="tenure" free="0" total="4849664" percent="0">
      <mem type="soa" free="0" total="4608000" percent="0" />
      <mem type="loa" free="0" total="241664" percent="0" />
    </mem>
    <remembered-set count="1268" />
  </mem-info>
</gc-start>
<allocation-stats totalBytes="430912" >
  <allocated-bytes non-tlh="16" tlh="430896" />
  <largest-consumer threadName="PmdThread 3" threadId="00000000016DB400" bytes="212808" />
</allocation-stats>
<gc-op id="2103" type="rs-scan" timems="1.328" contextid="2095" timestamp="2019-06-15T04:55:47.959">
  <scan objectsFound="697" bytesTraced="918200" workStackOverflowCount="0" />
</gc-op>
<gc-op id="2104" type="card-cleaning" timems="0.647" contextid="2095" timestamp="2019-06-15T04:55:47.959">
  <card-cleaning cardsCleaned="7" bytesTraced="534168" workStackOverflowCount="0" />
</gc-op>
<gc-op id="2105" type="mark" timems="4.516" contextid="2095" timestamp="2019-06-15T04:55:47.964">
  <trace-info objectcount="132639" scancount="104012" scanbytes="3401972" />
  <finalization candidates="58" enqueued="0" />
  <ownableSynchronizers candidates="8" cleared="0" />
  <references type="soft" candidates="98" cleared="0" enqueued="0" dynamicThreshold="0" maxThreshold="32" />
  <references type="weak" candidates="816" cleared="0" enqueued="0" />
  <references type="phantom" candidates="84" cleared="0" enqueued="0" />
  <stringconstants candidates="4979" cleared="0"  />
</gc-op>
<gc-op id="2106" type="sweep" timems="0.386" contextid="2095" timestamp="2019-06-15T04:55:47.964" />
<mem-info id="2107" free="600928" total="15859712" percent="3">
  <mem type="nursery" free="526864" total="11010048" percent="4">
    <mem type="allocate" free="526864" total="5505024" percent="9" />
    <mem type="survivor" free="0" total="5505024" percent="0" />
  </mem>
  <mem type="tenure" free="74064" total="4849664" percent="1" micro-fragmented="0" macro-fragmented="0">
    <mem type="soa" free="0" total="4608000" percent="0" />
    <mem type="loa" free="74064" total="241664" percent="30" />
  </mem>
  <remembered-set count="898" />
</mem-info>
<gc-op id="2108" type="compact" timems="31.277" contextid="2095" timestamp="2019-06-15T04:55:47.996">
  <compact-info movecount="215957" movebytes="7193840" reason="compact to aid heap contraction" />
</gc-op>
<heap-resize id="2109" type="contract" space="tenure" amount="65536" count="1" timems="0.090" reason="heap reconfiguration" timestamp="2019-06-15T04:55:47.996" />
<gc-end id="2110" type="global" contextid="2095" durationms="39.427" usertimems="56.000" systemtimems="0.000" timestamp="2019-06-15T04:55:47.997" activeThreads="4">
  <mem-info id="2111" free="556312" total="15794176" percent="3">
    <mem type="nursery" free="556312" total="11010048" percent="5">
      <mem type="allocate" free="556312" total="5505024" percent="10" />
      <mem type="survivor" free="0" total="5505024" percent="0" />
    </mem>
    <mem type="tenure" free="0" total="4784128" percent="0">
      <mem type="soa" free="0" total="4545536" percent="0" />
      <mem type="loa" free="0" total="238592" percent="0" />
    </mem>
    <remembered-set count="898" />
  </mem-info>
</gc-end>
<cycle-end id="2112" type="global" contextid="2095" timestamp="2019-06-15T04:55:47.997" />
  <attribute name="elasticGC enabled" value="1" />
  <attribute name= "numThreadsSpecified" value="4" />
  <attribute name="heapSize specified" value="15859712" />
  <attribute name="Current GC Util" value="55" />
  <attribute name= "Current Time Running" value="3430" />
  <attribute name ="GC Interval" value="824" />
  <attribute name="ProportionalT" value="17.500000" />
  <attribute name="ProportionalI" value="17.500000" />
  <attribute name="ProportionalH" value="17.500000" />
  <attribute name="Current Error" value="35.000000" />
  <attribute name="IntegralT" value="1085.000000" />
  <attribute name="IntegralI" value="1085.000000" />
  <attribute name="IntegralH" value="1085.000000" />
  <attribute name="DerivativeT" value="1.016129" />
  <attribute name="DerivativeI" value="1.016129" />
  <attribute name="DerivativeH" value="1.016129" />
  <attribute name="Loop Time for DT" value="31.000000" />
  <attribute name="Output H" value="8388608"/>
  <attribute name="Output I" value="1104"/>
  <attribute name="Output T" value="4"/>
  <attribute name="Target GC Util Change" value ="20.000000" />
  <attribute name="Current GC Util Change" value="55.000000"/>
  <attribute name="GC Util currently" value="55" />
  <attribute name="CPU Util currently" value="146567523303" />
<concurrent-collection-end id="2113" timestamp="2019-06-15T04:55:47.997" />
<exclusive-end id="2114" timestamp="2019-06-15T04:55:47.997" durationms="40.123" />

<concurrent-kickoff id="2115" timestamp="2019-06-15T04:55:48.000">
  <kickoff reason="threshold reached" targetBytes="1843111" thresholdFreeBytes="252653"  remainingFree="216328" tenureFreeBytes="0" nurseryFreeBytes="216328" />
</concurrent-kickoff>
<exclusive-start id="2116" timestamp="2019-06-15T04:55:48.000" intervalms="43.124">
  <response-info timems="0.055" idlems="0.019" threads="3" lastid="00000000016DF000" lastname="PmdThread 4" />
</exclusive-start>
<cycle-start id="2117" type="global" contextid="0" timestamp="2019-06-15T04:55:48.000" intervalms="48.569" />
<exclusive-end id="2118" timestamp="2019-06-15T04:55:48.000" durationms="0.258" />

<exclusive-start id="2119" timestamp="2019-06-15T04:55:48.009" intervalms="8.657">
  <response-info timems="5.455" idlems="1.839" threads="2" lastid="00000000016D3C00" lastname="PmdThread 1" />
</exclusive-start>
<af-start id="2120" threadId="00000000016D8188" totalBytesRequested="56" timestamp="2019-06-15T04:55:48.009" intervalms="64.894" type="nursery" />
<cycle-start id="2121" type="scavenge" contextid="0" timestamp="2019-06-15T04:55:48.009" intervalms="64.832" />
<gc-start id="2122" type="scavenge" contextid="2121" timestamp="2019-06-15T04:55:48.009">
  <mem-info id="2123" free="0" total="15794176" percent="0">
    <mem type="nursery" free="0" total="11010048" percent="0">
      <mem type="allocate" free="0" total="5505024" percent="0" />
      <mem type="survivor" free="0" total="5505024" percent="0" />
    </mem>
    <mem type="tenure" free="0" total="4784128" percent="0">
      <mem type="soa" free="0" total="4545536" percent="0" />
      <mem type="loa" free="0" total="238592" percent="0" />
    </mem>
    <remembered-set count="898" />
  </mem-info>
</gc-start>
<allocation-stats totalBytes="555968" >
  <allocated-bytes non-tlh="32784" tlh="523184" />
  <largest-consumer threadName="PmdThread 2" threadId="00000000016D7800" bytes="289912" />
</allocation-stats>
<gc-op id="2124" type="scavenge" timems="5.145" contextid="2121" timestamp="2019-06-15T04:55:48.014">
  <scavenger-info tenureage="1" tenuremask="7ffe" tiltratio="50" />
  <memory-copied type="nursery" objects="159440" bytes="5213928" bytesdiscarded="116728" />
  <copy-failed type="tenure" objects="146761" bytes="4735816" />
  <ownableSynchronizers candidates="16" cleared="16" />
  <references type="phantom" candidates="2" cleared="0" enqueued="0" />
</gc-op>
<gc-end id="2125" type="scavenge" contextid="2121" durationms="5.395" usertimems="16.000" systemtimems="0.000" timestamp="2019-06-15T04:55:48.014" activeThreads="4">
  <mem-info id="2126" free="174272" total="15794176" percent="1">
    <mem type="nursery" free="174272" total="11010048" percent="1">
      <mem type="allocate" free="174272" total="5505024" percent="3" />
      <mem type="survivor" free="0" total="5505024" percent="0" />
    </mem>
    <mem type="tenure" free="0" total="4784128" percent="0">
      <mem type="soa" free="0" total="4545536" percent="0" />
      <mem type="loa" free="0" total="238592" percent="0" />
    </mem>
    <remembered-set count="884" />
  </mem-info>
</gc-end>
<cycle-end id="2127" type="scavenge" contextid="2121" timestamp="2019-06-15T04:55:48.014" />
  <attribute name="elasticGC enabled" value="1" />
  <attribute name= "numThreadsSpecified" value="4" />
  <attribute name="heapSize specified" value="15859712" />
  <attribute name="Current GC Util" value="283" />
  <attribute name= "Current Time Running" value="3443" />
  <attribute name ="GC Interval" value="3576" />
  <attribute name="ProportionalT" value="131.500000" />
  <attribute name="ProportionalI" value="131.500000" />
  <attribute name="ProportionalH" value="131.500000" />
  <attribute name="Current Error" value="263.000000" />
  <attribute name="IntegralT" value="3419.000000" />
  <attribute name="IntegralI" value="3419.000000" />
  <attribute name="IntegralH" value="3419.000000" />
  <attribute name="DerivativeT" value="26.307692" />
  <attribute name="DerivativeI" value="26.307692" />
  <attribute name="DerivativeH" value="26.307692" />
  <attribute name="Loop Time for DT" value="13.000000" />
  <attribute name="Output H" value="8388608"/>
  <attribute name="Output I" value="3576"/>
  <attribute name="Output T" value="4"/>
  <attribute name="Target GC Util Change" value ="20.000000" />
  <attribute name="Current GC Util Change" value="283.000000"/>
  <attribute name="GC Util currently" value="283" />
  <attribute name="CPU Util currently" value="360465047295" />
<allocation-satisfied id="2128" threadId="00000000016D7800" bytesRequested="56" />
<af-end id="2129" timestamp="2019-06-15T04:55:48.015" threadId="00000000016D8188" success="true" from="nursery"/>
<exclusive-end id="2130" timestamp="2019-06-15T04:55:48.015" durationms="6.479" />

<exclusive-start id="2131" timestamp="2019-06-15T04:55:48.017" intervalms="8.762">
  <response-info timems="0.598" idlems="0.382" threads="1" lastid="00000000016D7800" lastname="PmdThread 2" />
</exclusive-start>
<concurrent-collection-start id="2132" timestamp="2019-06-15T04:55:48.017" intervalms="60.426" >
  <concurrent-trace-info reason="card cleaning threshold reached" tracedByMutators="571096" tracedByHelpers="1314892" cardsCleaned="4" workStackOverflowCount="0" />
</concurrent-collection-start>
<gc-start id="2133" type="global" contextid="2117" timestamp="2019-06-15T04:55:48.018">
  <mem-info id="2134" free="75912" total="15794176" percent="0">
    <mem type="nursery" free="75912" total="11010048" percent="0">
      <mem type="allocate" free="75912" total="5505024" percent="1" />
      <mem type="survivor" free="0" total="5505024" percent="0" />
    </mem>
    <mem type="tenure" free="0" total="4784128" percent="0">
      <mem type="soa" free="0" total="4545536" percent="0" />
      <mem type="loa" free="0" total="238592" percent="0" />
    </mem>
    <remembered-set count="886" />
  </mem-info>
</gc-start>
<allocation-stats totalBytes="98264" >
  <allocated-bytes non-tlh="56" tlh="98208" />
  <largest-consumer threadName="PmdThread 3" threadId="00000000016DB400" bytes="53184" />
</allocation-stats>
<gc-op id="2135" type="rs-scan" timems="3.214" contextid="2117" timestamp="2019-06-15T04:55:48.021">
  <scan objectsFound="684" bytesTraced="2654284" workStackOverflowCount="0" />
</gc-op>
<gc-op id="2136" type="card-cleaning" timems="1.131" contextid="2117" timestamp="2019-06-15T04:55:48.022">
  <card-cleaning cardsCleaned="17" bytesTraced="1964536" workStackOverflowCount="0" />
</gc-op>
<gc-op id="2137" type="mark" timems="0.961" contextid="2117" timestamp="2019-06-15T04:55:48.023">
  <trace-info objectcount="15973" scancount="13722" scanbytes="442008" />
  <finalization candidates="58" enqueued="0" />
  <ownableSynchronizers candidates="8" cleared="0" />
  <references type="soft" candidates="100" cleared="1" enqueued="0" dynamicThreshold="0" maxThreshold="32" />
  <references type="weak" candidates="816" cleared="0" enqueued="0" />
  <references type="phantom" candidates="84" cleared="0" enqueued="0" />
  <stringconstants candidates="4979" cleared="0"  />
</gc-op>
<gc-op id="2138" type="sweep" timems="0.363" contextid="2117" timestamp="2019-06-15T04:55:48.024" />
<mem-info id="2139" free="266344" total="15794176" percent="1">
  <mem type="nursery" free="266344" total="11010048" percent="2">
    <mem type="allocate" free="266344" total="5505024" percent="4" />
    <mem type="survivor" free="0" total="5505024" percent="0" />
  </mem>
  <mem type="tenure" free="0" total="4784128" percent="0" micro-fragmented="0" macro-fragmented="0">
    <mem type="soa" free="0" total="4545536" percent="0" />
    <mem type="loa" free="0" total="238592" percent="0" />
  </mem>
  <remembered-set count="886" />
</mem-info>
<gc-op id="2140" type="compact" timems="34.009" contextid="2117" timestamp="2019-06-15T04:55:48.058">
  <compact-info movecount="232096" movebytes="7762920" reason="compact to aid heap contraction" />
</gc-op>
<heap-resize id="2141" type="contract" space="tenure" amount="65536" count="1" timems="0.090" reason="heap reconfiguration" timestamp="2019-06-15T04:55:48.059" />
<gc-end id="2142" type="global" contextid="2117" durationms="41.359" usertimems="60.000" systemtimems="0.000" timestamp="2019-06-15T04:55:48.059" activeThreads="4">
  <mem-info id="2143" free="270696" total="15728640" percent="1">
    <mem type="nursery" free="270696" total="11010048" percent="2">
      <mem type="allocate" free="270696" total="5505024" percent="4" />
      <mem type="survivor" free="0" total="5505024" percent="0" />
    </mem>
    <mem type="tenure" free="0" total="4718592" percent="0">
      <mem type="soa" free="0" total="4483072" percent="0" />
      <mem type="loa" free="0" total="235520" percent="0" />
    </mem>
    <remembered-set count="886" />
  </mem-info>
</gc-end>
<cycle-end id="2144" type="global" contextid="2117" timestamp="2019-06-15T04:55:48.059" />
  <attribute name="elasticGC enabled" value="1" />
  <attribute name= "numThreadsSpecified" value="4" />
  <attribute name="heapSize specified" value="15794176" />
  <attribute name="Current GC Util" value="56" />
  <attribute name= "Current Time Running" value="3492" />
  <attribute name ="GC Interval" value="3576" />
  <attribute name="ProportionalT" value="18.000000" />
  <attribute name="ProportionalI" value="18.000000" />
  <attribute name="ProportionalH" value="18.000000" />
  <attribute name="Current Error" value="36.000000" />
  <attribute name="IntegralT" value="1224.000000" />
  <attribute name="IntegralI" value="1224.000000" />
  <attribute name="IntegralH" value="1224.000000" />
  <attribute name="DerivativeT" value="0.750000" />
  <attribute name="DerivativeI" value="0.750000" />
  <attribute name="DerivativeH" value="0.750000" />
  <attribute name="Loop Time for DT" value="34.000000" />
  <attribute name="Output H" value="8388608"/>
  <attribute name="Output I" value="1248"/>
  <attribute name="Output T" value="4"/>
  <attribute name="Target GC Util Change" value ="20.000000" />
  <attribute name="Current GC Util Change" value="56.000000"/>
  <attribute name="GC Util currently" value="56" />
  <attribute name="CPU Util currently" value="134733327019" />
<concurrent-collection-end id="2145" timestamp="2019-06-15T04:55:48.059" />
<exclusive-end id="2146" timestamp="2019-06-15T04:55:48.059" durationms="42.145" />

<concurrent-kickoff id="2147" timestamp="2019-06-15T04:55:48.060">
  <kickoff reason="threshold reached" targetBytes="1828027" thresholdFreeBytes="251573"  remainingFree="242024" tenureFreeBytes="0" nurseryFreeBytes="242024" />
</concurrent-kickoff>
<exclusive-start id="2148" timestamp="2019-06-15T04:55:48.060" intervalms="42.973">
  <response-info timems="0.555" idlems="0.360" threads="1" lastid="00000000016DB400" lastname="PmdThread 3" />
</exclusive-start>
<af-start id="2149" threadId="00000000013C4088" totalBytesRequested="72" timestamp="2019-06-15T04:55:48.060" intervalms="51.699" type="nursery" />
<cycle-start id="2150" type="scavenge" contextid="0" timestamp="2019-06-15T04:55:48.061" intervalms="51.786" />
<gc-start id="2151" type="scavenge" contextid="2150" timestamp="2019-06-15T04:55:48.061">
  <mem-info id="2152" free="213352" total="15728640" percent="1">
    <mem type="nursery" free="213352" total="11010048" percent="1">
      <mem type="allocate" free="213352" total="5505024" percent="3" />
      <mem type="survivor" free="0" total="5505024" percent="0" />
    </mem>
    <mem type="tenure" free="0" total="4718592" percent="0">
      <mem type="soa" free="0" total="4483072" percent="0" />
      <mem type="loa" free="0" total="235520" percent="0" />
    </mem>
    <remembered-set count="886" />
  </mem-info>
</gc-start>
<allocation-stats totalBytes="57344" >
  <allocated-bytes non-tlh="0" tlh="57344" />
  <largest-consumer threadName="PmdThread 4" threadId="00000000016DF000" bytes="28672" />
</allocation-stats>
<gc-op id="2153" type="scavenge" timems="4.589" contextid="2150" timestamp="2019-06-15T04:55:48.066">
  <scavenger-info tenureage="1" tenuremask="7ffe" tiltratio="50" />
  <memory-copied type="nursery" objects="160178" bytes="5238544" bytesdiscarded="64936" />
  <copy-failed type="tenure" objects="159394" bytes="5212376" />
  <ownableSynchronizers candidates="16" cleared="16" />
  <references type="soft" candidates="1" cleared="0" enqueued="0" dynamicThreshold="0" maxThreshold="32" />
  <references type="phantom" candidates="2" cleared="0" enqueued="0" />
</gc-op>
<heap-resize id="2154" type="expand" space="nursery" amount="393216" count="1" timems="0.018" reason="excessive time being spent scavenging" timestamp="2019-06-15T04:55:48.066" />
<gc-end id="2155" type="scavenge" contextid="2150" durationms="5.168" usertimems="12.000" systemtimems="0.000" timestamp="2019-06-15T04:55:48.066" activeThreads="4">
  <mem-info id="2156" free="398040" total="16121856" percent="2">
    <mem type="nursery" free="398040" total="11403264" percent="3">
      <mem type="allocate" free="398040" total="5701632" percent="6" />
      <mem type="survivor" free="0" total="5701632" percent="0" />
    </mem>
    <mem type="tenure" free="0" total="4718592" percent="0">
      <mem type="soa" free="0" total="4483072" percent="0" />
      <mem type="loa" free="0" total="235520" percent="0" />
    </mem>
    <remembered-set count="886" />
  </mem-info>
</gc-end>
<cycle-end id="2157" type="scavenge" contextid="2150" timestamp="2019-06-15T04:55:48.066" />
  <attribute name="elasticGC enabled" value="1" />
  <attribute name= "numThreadsSpecified" value="4" />
  <attribute name="heapSize specified" value="15794176" />
  <attribute name="Current GC Util" value="1517" />
  <attribute name= "Current Time Running" value="3495" />
  <attribute name ="GC Interval" value="4000" />
  <attribute name="ProportionalT" value="748.500000" />
  <attribute name="ProportionalI" value="748.500000" />
  <attribute name="ProportionalH" value="748.500000" />
  <attribute name="Current Error" value="1497.000000" />
  <attribute name="IntegralT" value="4491.000000" />
  <attribute name="IntegralI" value="4491.000000" />
  <attribute name="IntegralH" value="4491.000000" />
  <attribute name="DerivativeT" value="730.500000" />
  <attribute name="DerivativeI" value="730.500000" />
  <attribute name="DerivativeH" value="730.500000" />
  <attribute name="Loop Time for DT" value="3.000000" />
  <attribute name="Output H" value="8388608"/>
  <attribute name="Output I" value="4000"/>
  <attribute name="Output T" value="4"/>
  <attribute name="Target GC Util Change" value ="20.000000" />
  <attribute name="Current GC Util Change" value="1517.000000"/>
  <attribute name="GC Util currently" value="1517" />
  <attribute name="CPU Util currently" value="1846775290920" />
<cycle-start id="2158" type="global" contextid="0" timestamp="2019-06-15T04:55:48.066" intervalms="66.116" />
<allocation-satisfied id="2159" threadId="00000000013C3700" bytesRequested="72" />
<af-end id="2160" timestamp="2019-06-15T04:55:48.066" threadId="00000000013C4088" success="true" from="nursery"/>
<exclusive-end id="2161" timestamp="2019-06-15T04:55:48.067" durationms="6.251" />

<exclusive-start id="2162" timestamp="2019-06-15T04:55:48.070" intervalms="9.667">
  <response-info timems="0.075" idlems="0.040" threads="1" lastid="00000000016DF000" lastname="PmdThread 4" />
</exclusive-start>
<af-start id="2163" threadId="00000000016D4588" totalBytesRequested="56" timestamp="2019-06-15T04:55:48.070" intervalms="9.671" type="nursery" />
<percolate-collect id="2164" from="nursery" to="global" reason="failed tenure threshold reached" timestamp="2019-06-15T04:55:48.070"/>
<gc-start id="2165" type="global" contextid="2158" timestamp="2019-06-15T04:55:48.070">
  <mem-info id="2166" free="0" total="16121856" percent="0">
    <mem type="nursery" free="0" total="11403264" percent="0">
      <mem type="allocate" free="0" total="5701632" percent="0" />
      <mem type="survivor" free="0" total="5701632" percent="0" />
    </mem>
    <mem type="tenure" free="0" total="4718592" percent="0">
      <mem type="soa" free="0" total="4483072" percent="0" />
      <mem type="loa" free="0" total="235520" percent="0" />
    </mem>
    <remembered-set count="892" />
  </mem-info>
</gc-start>
<allocation-stats totalBytes="397760" >
  <allocated-bytes non-tlh="72" tlh="397688" />
  <largest-consumer threadName="PmdThread 2" threadId="00000000016D7800" bytes="360216" />
</allocation-stats>
<concurrent-halted id="2167" timestamp="2019-06-15T04:55:48.070">
  <halted state="Tracing incomplete" status="clean trace" />
  <traced bytesTarget="1825997" bytesTotal="1910652" bytesByMutator="456084" bytesByHelper="1454568" percent="104" />
  <cards cleaned="6" thresholdBytes="99104" />
</concurrent-halted>
<gc-op id="2168" type="tracing" timems="0.214" contextid="2158" timestamp="2019-06-15T04:55:48.071">
  <trace bytesTraced="96728" workStackOverflowCount="0" />
</gc-op>
<gc-op id="2169" type="rs-scan" timems="4.598" contextid="2158" timestamp="2019-06-15T04:55:48.075">
  <scan objectsFound="719" bytesTraced="4122612" workStackOverflowCount="0" />
</gc-op>
<gc-op id="2170" type="card-cleaning" timems="0.677" contextid="2158" timestamp="2019-06-15T04:55:48.076">
  <card-cleaning cardsCleaned="6" bytesTraced="513132" workStackOverflowCount="0" />
</gc-op>
<gc-op id="2171" type="mark" timems="1.057" contextid="2158" timestamp="2019-06-15T04:55:48.077">
  <trace-info objectcount="17907" scancount="14845" scanbytes="501088" />
  <finalization candidates="58" enqueued="0" />
  <ownableSynchronizers candidates="8" cleared="0" />
  <references type="soft" candidates="99" cleared="0" enqueued="0" dynamicThreshold="0" maxThreshold="32" />
  <references type="weak" candidates="816" cleared="0" enqueued="0" />
  <references type="phantom" candidates="84" cleared="0" enqueued="0" />
  <stringconstants candidates="4979" cleared="0"  />
</gc-op>
<gc-op id="2172" type="sweep" timems="0.362" contextid="2158" timestamp="2019-06-15T04:55:48.078" />
<mem-info id="2173" free="190088" total="16121856" percent="1">
  <mem type="nursery" free="190088" total="11403264" percent="1">
    <mem type="allocate" free="190088" total="5701632" percent="3" />
    <mem type="survivor" free="0" total="5701632" percent="0" />
  </mem>
  <mem type="tenure" free="0" total="4718592" percent="0" micro-fragmented="0" macro-fragmented="0">
    <mem type="soa" free="0" total="4483072" percent="0" />
    <mem type="loa" free="0" total="235520" percent="0" />
  </mem>
  <remembered-set count="892" />
</mem-info>
<gc-op id="2174" type="compact" timems="34.798" contextid="2158" timestamp="2019-06-15T04:55:48.113">
  <compact-info movecount="267901" movebytes="9916000" reason="compact to aid heap contraction" />
</gc-op>
<gc-end id="2175" type="global" contextid="2158" durationms="42.863" usertimems="64.000" systemtimems="0.000" timestamp="2019-06-15T04:55:48.113" activeThreads="4">
  <mem-info id="2176" free="234648" total="16121856" percent="1">
    <mem type="nursery" free="234648" total="11403264" percent="2">
      <mem type="allocate" free="234648" total="5701632" percent="4" />
      <mem type="survivor" free="0" total="5701632" percent="0" />
    </mem>
    <mem type="tenure" free="0" total="4718592" percent="0">
      <mem type="soa" free="0" total="4483072" percent="0" />
      <mem type="loa" free="0" total="235520" percent="0" />
    </mem>
    <remembered-set count="892" />
  </mem-info>
</gc-end>
<cycle-end id="2177" type="global" contextid="2158" timestamp="2019-06-15T04:55:48.113" />
  <attribute name="elasticGC enabled" value="1" />
  <attribute name= "numThreadsSpecified" value="4" />
  <attribute name="heapSize specified" value="16121856" />
  <attribute name="Current GC Util" value="67" />
  <attribute name= "Current Time Running" value="3547" />
  <attribute name ="GC Interval" value="4000" />
  <attribute name="ProportionalT" value="23.500000" />
  <attribute name="ProportionalI" value="23.500000" />
  <attribute name="ProportionalH" value="23.500000" />
  <attribute name="Current Error" value="47.000000" />
  <attribute name="IntegralT" value="1645.000000" />
  <attribute name="IntegralI" value="1645.000000" />
  <attribute name="IntegralH" value="1645.000000" />
  <attribute name="DerivativeT" value="1.500000" />
  <attribute name="DerivativeI" value="1.500000" />
  <attribute name="DerivativeH" value="1.500000" />
  <attribute name="Loop Time for DT" value="35.000000" />
  <attribute name="Output H" value="8388608"/>
  <attribute name="Output I" value="1672"/>
  <attribute name="Output T" value="4"/>
  <attribute name="Target GC Util Change" value ="20.000000" />
  <attribute name="Current GC Util Change" value="67.000000"/>
  <attribute name="GC Util currently" value="67" />
  <attribute name="CPU Util currently" value="132037324857" />
<concurrent-kickoff id="2178" timestamp="2019-06-15T04:55:48.113">
  <kickoff reason="threshold reached" targetBytes="2520512" thresholdFreeBytes="345408"  remainingFree="234592" tenureFreeBytes="0" nurseryFreeBytes="234592" />
</concurrent-kickoff>
<allocation-satisfied id="2179" threadId="00000000016D3C00" bytesRequested="56" />
<af-end id="2180" timestamp="2019-06-15T04:55:48.114" threadId="00000000016D4588" success="true" from="nursery"/>
<exclusive-end id="2181" timestamp="2019-06-15T04:55:48.114" durationms="43.810" />

<exclusive-start id="2182" timestamp="2019-06-15T04:55:48.114" intervalms="44.158">
  <response-info timems="0.212" idlems="0.212" threads="0" lastid="00000000016D7800" lastname="PmdThread 2" />
</exclusive-start>
<cycle-start id="2183" type="global" contextid="0" timestamp="2019-06-15T04:55:48.114" intervalms="48.107" />
<exclusive-end id="2184" timestamp="2019-06-15T04:55:48.114" durationms="0.231" />

<exclusive-start id="2185" timestamp="2019-06-15T04:55:48.119" intervalms="4.655">
  <response-info timems="1.404" idlems="0.712" threads="1" lastid="00000000016DB400" lastname="PmdThread 3" />
</exclusive-start>
<af-start id="2186" threadId="00000000016D8188" totalBytesRequested="56" timestamp="2019-06-15T04:55:48.119" intervalms="48.839" type="nursery" />
<percolate-collect id="2187" from="nursery" to="global" reason="concurrent mark exhausted" timestamp="2019-06-15T04:55:48.119"/>
<gc-start id="2188" type="global" contextid="2183" timestamp="2019-06-15T04:55:48.119">
  <mem-info id="2189" free="0" total="16121856" percent="0">
    <mem type="nursery" free="0" total="11403264" percent="0">
      <mem type="allocate" free="0" total="5701632" percent="0" />
      <mem type="survivor" free="0" total="5701632" percent="0" />
    </mem>
    <mem type="tenure" free="0" total="4718592" percent="0">
      <mem type="soa" free="0" total="4483072" percent="0" />
      <mem type="loa" free="0" total="235520" percent="0" />
    </mem>
    <remembered-set count="894" />
  </mem-info>
</gc-start>
<allocation-stats totalBytes="234456" >
  <allocated-bytes non-tlh="56" tlh="234400" />
  <largest-consumer threadName="PmdThread 2" threadId="00000000016D7800" bytes="123904" />
</allocation-stats>
<concurrent-halted id="2190" timestamp="2019-06-15T04:55:48.119">
  <halted state="Complete" status="exhausted" />
  <traced bytesTarget="2520512" bytesTotal="2011060" bytesByMutator="1744640" bytesByHelper="266420" percent="79" />
  <cards cleaned="19" thresholdBytes="136069" />
</concurrent-halted>
<gc-op id="2191" type="rs-scan" timems="3.801" contextid="2183" timestamp="2019-06-15T04:55:48.123">
  <scan objectsFound="828" bytesTraced="3188892" workStackOverflowCount="0" />
</gc-op>
<gc-op id="2192" type="card-cleaning" timems="1.261" contextid="2183" timestamp="2019-06-15T04:55:48.124">
  <card-cleaning cardsCleaned="4" bytesTraced="1450356" workStackOverflowCount="0" />
</gc-op>
<gc-op id="2193" type="mark" timems="1.709" contextid="2183" timestamp="2019-06-15T04:55:48.126">
  <trace-info objectcount="21282" scancount="17640" scanbytes="597672" />
  <finalization candidates="58" enqueued="0" />
  <ownableSynchronizers candidates="8" cleared="0" />
  <references type="soft" candidates="100" cleared="1" enqueued="0" dynamicThreshold="0" maxThreshold="32" />
  <references type="weak" candidates="816" cleared="0" enqueued="0" />
  <references type="phantom" candidates="84" cleared="0" enqueued="0" />
  <stringconstants candidates="4979" cleared="0"  />
</gc-op>
<gc-op id="2194" type="sweep" timems="0.519" contextid="2183" timestamp="2019-06-15T04:55:48.127" />
<mem-info id="2195" free="97320" total="16121856" percent="0">
  <mem type="nursery" free="97320" total="11403264" percent="0">
    <mem type="allocate" free="97320" total="5701632" percent="1" />
    <mem type="survivor" free="0" total="5701632" percent="0" />
  </mem>
  <mem type="tenure" free="0" total="4718592" percent="0" micro-fragmented="0" macro-fragmented="0">
    <mem type="soa" free="0" total="4483072" percent="0" />
    <mem type="loa" free="0" total="235520" percent="0" />
  </mem>
  <remembered-set count="894" />
</mem-info>
<gc-op id="2196" type="compact" timems="35.015" contextid="2183" timestamp="2019-06-15T04:55:48.162">
  <compact-info movecount="226997" movebytes="7614472" reason="compact to aid heap contraction" />
</gc-op>
<gc-end id="2197" type="global" contextid="2183" durationms="43.235" usertimems="64.000" systemtimems="0.000" timestamp="2019-06-15T04:55:48.162" activeThreads="4">
  <mem-info id="2198" free="122272" total="16121856" percent="0">
    <mem type="nursery" free="122272" total="11403264" percent="1">
      <mem type="allocate" free="122272" total="5701632" percent="2" />
      <mem type="survivor" free="0" total="5701632" percent="0" />
    </mem>
    <mem type="tenure" free="0" total="4718592" percent="0">
      <mem type="soa" free="0" total="4483072" percent="0" />
      <mem type="loa" free="0" total="235520" percent="0" />
    </mem>
    <remembered-set count="894" />
  </mem-info>
</gc-end>
<cycle-end id="2199" type="global" contextid="2183" timestamp="2019-06-15T04:55:48.162" />
  <attribute name="elasticGC enabled" value="1" />
  <attribute name= "numThreadsSpecified" value="4" />
  <attribute name="heapSize specified" value="16121856" />
  <attribute name="Current GC Util" value="138" />
  <attribute name= "Current Time Running" value="3596" />
  <attribute name ="GC Interval" value="4000" />
  <attribute name="ProportionalT" value="59.000000" />
  <attribute name="ProportionalI" value="59.000000" />
  <attribute name="ProportionalH" value="59.000000" />
  <attribute name="Current Error" value="118.000000" />
  <attribute name="IntegralT" value="4130.000000" />
  <attribute name="IntegralI" value="4130.000000" />
  <attribute name="IntegralH" value="4130.000000" />
  <attribute name="DerivativeT" value="2.228571" />
  <attribute name="DerivativeI" value="2.228571" />
  <attribute name="DerivativeH" value="2.228571" />
  <attribute name="Loop Time for DT" value="35.000000" />
  <attribute name="Output H" value="8388608"/>
  <attribute name="Output I" value="4000"/>
  <attribute name="Output T" value="4"/>
  <attribute name="Target GC Util Change" value ="20.000000" />
  <attribute name="Current GC Util Change" value="138.000000"/>
  <attribute name="GC Util currently" value="138" />
  <attribute name="CPU Util currently" value="131253515871" />
<concurrent-kickoff id="2200" timestamp="2019-06-15T04:55:48.163">
  <kickoff reason="threshold reached" targetBytes="2418714" thresholdFreeBytes="332501"  remainingFree="122216" tenureFreeBytes="0" nurseryFreeBytes="122216" />
</concurrent-kickoff>
<allocation-satisfied id="2201" threadId="00000000016D7800" bytesRequested="56" />
<af-end id="2202" timestamp="2019-06-15T04:55:48.163" threadId="00000000016D8188" success="true" from="nursery"/>
<exclusive-end id="2203" timestamp="2019-06-15T04:55:48.163" durationms="44.114" />

<exclusive-start id="2204" timestamp="2019-06-15T04:55:48.163" intervalms="44.251">
  <response-info timems="0.026" idlems="0.026" threads="0" lastid="00000000016D7800" lastname="PmdThread 2" />
</exclusive-start>
<cycle-start id="2205" type="global" contextid="0" timestamp="2019-06-15T04:55:48.163" intervalms="48.840" />
<exclusive-end id="2206" timestamp="2019-06-15T04:55:48.163" durationms="0.114" />

<exclusive-start id="2207" timestamp="2019-06-15T04:55:48.164" intervalms="0.654">
  <response-info timems="0.081" idlems="0.046" threads="1" lastid="00000000013CEB00" lastname="JIT Compilation Thread-2" />
</exclusive-start>
<af-start id="2208" threadId="00000000016D4588" totalBytesRequested="16" timestamp="2019-06-15T04:55:48.164" intervalms="44.852" type="nursery" />
<cycle-start id="2209" type="scavenge" contextid="0" timestamp="2019-06-15T04:55:48.164" intervalms="103.307" />
<gc-start id="2210" type="scavenge" contextid="2209" timestamp="2019-06-15T04:55:48.164">
  <mem-info id="2211" free="0" total="16121856" percent="0">
    <mem type="nursery" free="0" total="11403264" percent="0">
      <mem type="allocate" free="0" total="5701632" percent="0" />
      <mem type="survivor" free="0" total="5701632" percent="0" />
    </mem>
    <mem type="tenure" free="0" total="4718592" percent="0">
      <mem type="soa" free="0" total="4483072" percent="0" />
      <mem type="loa" free="0" total="235520" percent="0" />
    </mem>
    <remembered-set count="896" />
  </mem-info>
</gc-start>
<allocation-stats totalBytes="122216" >
  <allocated-bytes non-tlh="20840" tlh="101376" />
  <largest-consumer threadName="PmdThread 2" threadId="00000000016D7800" bytes="72760" />
</allocation-stats>
<gc-op id="2212" type="scavenge" timems="10.907" contextid="2209" timestamp="2019-06-15T04:55:48.175">
  <scavenger-info tenureage="1" tenuremask="7ffe" tiltratio="50" />
  <memory-copied type="nursery" objects="169923" bytes="5573080" bytesdiscarded="128440" />
  <copy-failed type="nursery" objects="1" bytes="40" />
  <copy-failed type="tenure" objects="157988" bytes="5178672" />
  <ownableSynchronizers candidates="16" cleared="0" />
  <warning details="aborted collection due to insufficient free space" />
</gc-op>
<gc-end id="2213" type="scavenge" contextid="2209" durationms="11.330" usertimems="12.000" systemtimems="8.000" timestamp="2019-06-15T04:55:48.175" activeThreads="4">
  <mem-info id="2214" free="0" total="16121856" percent="0">
    <mem type="nursery" free="0" total="11403264" percent="0">
      <mem type="allocate" free="0" total="5701632" percent="0" />
      <mem type="survivor" free="0" total="5701632" percent="0" />
    </mem>
    <mem type="tenure" free="0" total="4718592" percent="0">
      <mem type="soa" free="0" total="4483072" percent="0" />
      <mem type="loa" free="0" total="235520" percent="0" />
    </mem>
    <remembered-set count="896" />
  </mem-info>
</gc-end>
<cycle-end id="2215" type="scavenge" contextid="2209" timestamp="2019-06-15T04:55:48.175" />
  <attribute name="elasticGC enabled" value="1" />
  <attribute name= "numThreadsSpecified" value="4" />
  <attribute name="heapSize specified" value="16121856" />
  <attribute name="Current GC Util" value="959" />
  <attribute name= "Current Time Running" value="3598" />
  <attribute name ="GC Interval" value="2968" />
  <attribute name="ProportionalT" value="469.500000" />
  <attribute name="ProportionalI" value="469.500000" />
  <attribute name="ProportionalH" value="469.500000" />
  <attribute name="Current Error" value="939.000000" />
  <attribute name="IntegralT" value="1878.000000" />
  <attribute name="IntegralI" value="1878.000000" />
  <attribute name="IntegralH" value="1878.000000" />
  <attribute name="DerivativeT" value="615.750000" />
  <attribute name="DerivativeI" value="615.750000" />
  <attribute name="DerivativeH" value="615.750000" />
  <attribute name="Loop Time for DT" value="2.000000" />
  <attribute name="Output H" value="8388608"/>
  <attribute name="Output I" value="2968"/>
  <attribute name="Output T" value="4"/>
  <attribute name="Target GC Util Change" value ="20.000000" />
  <attribute name="Current GC Util Change" value="959.000000"/>
  <attribute name="GC Util currently" value="959" />
  <attribute name="CPU Util currently" value="2411601363026" />
<percolate-collect id="2216" from="nursery" to="global" reason="failed tenure threshold reached" timestamp="2019-06-15T04:55:48.176"/>
<gc-start id="2217" type="global" contextid="2205" timestamp="2019-06-15T04:55:48.176">
  <mem-info id="2218" free="0" total="16121856" percent="0">
    <mem type="nursery" free="0" total="11403264" percent="0">
      <mem type="allocate" free="0" total="5701632" percent="0" />
      <mem type="survivor" free="0" total="5701632" percent="0" />
    </mem>
    <mem type="tenure" free="0" total="4718592" percent="0">
      <mem type="soa" free="0" total="4483072" percent="0" />
      <mem type="loa" free="0" total="235520" percent="0" />
    </mem>
    <remembered-set count="896" />
  </mem-info>
</gc-start>
<allocation-stats totalBytes="0" >
  <allocated-bytes non-tlh="0" tlh="0" />
</allocation-stats>
<heap-resize id="2219" type="loa contract" space="tenure" amount="188416" count="1" timems="0.090" reason="contract on aggressive gc" timestamp="2019-06-15T04:55:48.176" />
<concurrent-halted id="2220" timestamp="2019-06-15T04:55:48.176">
  <halted state="Class scanning incomplete" status="clean trace" />
  <traced bytesTarget="2418714" bytesTotal="13384" bytesByMutator="13384" bytesByHelper="0" percent="0" />
  <cards cleaned="0" thresholdBytes="130985" />
</concurrent-halted>
<gc-op id="2221" type="tracing" timems="0.776" contextid="2205" timestamp="2019-06-15T04:55:48.177">
  <trace bytesTraced="722840" workStackOverflowCount="0" />
</gc-op>
<gc-op id="2222" type="rs-scan" timems="1.559" contextid="2205" timestamp="2019-06-15T04:55:48.178">
  <scan objectsFound="276" bytesTraced="1237496" workStackOverflowCount="0" />
</gc-op>
<gc-op id="2223" type="card-cleaning" timems="0.724" contextid="2205" timestamp="2019-06-15T04:55:48.179">
  <card-cleaning cardsCleaned="11" bytesTraced="1044000" workStackOverflowCount="0" />
</gc-op>
<gc-op id="2224" type="mark" timems="4.124" contextid="2205" timestamp="2019-06-15T04:55:48.183">
  <trace-info objectcount="163644" scancount="128310" scanbytes="4233460" />
  <finalization candidates="58" enqueued="0" />
  <ownableSynchronizers candidates="8" cleared="0" />
  <references type="soft" candidates="100" cleared="2" enqueued="0" dynamicThreshold="0" maxThreshold="32" />
  <references type="weak" candidates="817" cleared="0" enqueued="0" />
  <references type="phantom" candidates="85" cleared="0" enqueued="0" />
  <stringconstants candidates="4979" cleared="0"  />
</gc-op>
<gc-op id="2225" type="classunload" timems="0.003" contextid="2205" timestamp="2019-06-15T04:55:48.184">
  <classunload-info classloadercandidates="10" classloadersunloaded="0" classesunloaded="0" anonymousclassesunloaded="0" quiescems="0.000" setupms="0.002" scanms="0.000" postms="0.001" />
</gc-op>
<gc-op id="2226" type="sweep" timems="0.311" contextid="2205" timestamp="2019-06-15T04:55:48.184" />
<mem-info id="2227" free="52608" total="16121856" percent="0">
  <mem type="nursery" free="51160" total="11403264" percent="0">
    <mem type="allocate" free="51160" total="5701632" percent="0" />
    <mem type="survivor" free="0" total="5701632" percent="0" />
  </mem>
  <mem type="tenure" free="1448" total="4718592" percent="0" micro-fragmented="0" macro-fragmented="0">
    <mem type="soa" free="1448" total="4718592" percent="0" />
    <mem type="loa" free="0" total="0" percent="0" />
  </mem>
  <remembered-set count="896" />
</mem-info>
<gc-op id="2228" type="compact" timems="35.596" contextid="2205" timestamp="2019-06-15T04:55:48.220">
  <compact-info movecount="266946" movebytes="9915968" reason="compact to aid heap contraction" />
</gc-op>
<gc-end id="2229" type="global" contextid="2205" durationms="44.535" usertimems="68.000" systemtimems="0.000" timestamp="2019-06-15T04:55:48.220" activeThreads="4">
  <mem-info id="2230" free="63744" total="16121856" percent="0">
    <mem type="nursery" free="62232" total="11403264" percent="0">
      <mem type="allocate" free="62232" total="5701632" percent="1" />
      <mem type="survivor" free="0" total="5701632" percent="0" />
    </mem>
    <mem type="tenure" free="1512" total="4718592" percent="0">
      <mem type="soa" free="1512" total="4718592" percent="0" />
      <mem type="loa" free="0" total="0" percent="0" />
    </mem>
    <remembered-set count="896" />
  </mem-info>
</gc-end>
<cycle-end id="2231" type="global" contextid="2205" timestamp="2019-06-15T04:55:48.220" />
  <attribute name="elasticGC enabled" value="1" />
  <attribute name= "numThreadsSpecified" value="4" />
  <attribute name="heapSize specified" value="16121856" />
  <attribute name="Current GC Util" value="65" />
  <attribute name= "Current Time Running" value="3654" />
  <attribute name ="GC Interval" value="2968" />
  <attribute name="ProportionalT" value="22.500000" />
  <attribute name="ProportionalI" value="22.500000" />
  <attribute name="ProportionalH" value="22.500000" />
  <attribute name="Current Error" value="45.000000" />
  <attribute name="IntegralT" value="1620.000000" />
  <attribute name="IntegralI" value="1620.000000" />
  <attribute name="IntegralH" value="1620.000000" />
  <attribute name="DerivativeT" value="1.083333" />
  <attribute name="DerivativeI" value="1.083333" />
  <attribute name="DerivativeH" value="1.083333" />
  <attribute name="Loop Time for DT" value="36.000000" />
  <attribute name="Output H" value="8388608"/>
  <attribute name="Output I" value="1648"/>
  <attribute name="Output T" value="4"/>
  <attribute name="Target GC Util Change" value ="20.000000" />
  <attribute name="Current GC Util Change" value="65.000000"/>
  <attribute name="GC Util currently" value="65" />
  <attribute name="CPU Util currently" value="128777051696" />
<concurrent-kickoff id="2232" timestamp="2019-06-15T04:55:48.221">
  <kickoff reason="threshold reached" targetBytes="1780224" thresholdFreeBytes="246042"  remainingFree="62216" tenureFreeBytes="1512" nurseryFreeBytes="62216" />
</concurrent-kickoff>
<allocation-satisfied id="2233" threadId="00000000016D3C00" bytesRequested="16" />
<af-end id="2234" timestamp="2019-06-15T04:55:48.221" threadId="00000000016D4588" success="true" from="nursery"/>
<exclusive-end id="2235" timestamp="2019-06-15T04:55:48.221" durationms="57.283" />

<exclusive-start id="2236" timestamp="2019-06-15T04:55:48.228" intervalms="64.004">
  <response-info timems="6.543" idlems="6.543" threads="0" lastid="00000000016DF000" lastname="PmdThread 4" />
</exclusive-start>
<cycle-start id="2237" type="global" contextid="0" timestamp="2019-06-15T04:55:48.228" intervalms="64.727" />
<exclusive-end id="2238" timestamp="2019-06-15T04:55:48.228" durationms="0.224" />

<exclusive-start id="2239" timestamp="2019-06-15T04:55:48.228" intervalms="0.562">
  <response-info timems="0.047" idlems="0.047" threads="0" lastid="00000000016DF000" lastname="PmdThread 4" />
</exclusive-start>
<af-start id="2240" threadId="00000000016DF988" totalBytesRequested="56" timestamp="2019-06-15T04:55:48.228" intervalms="64.620" type="nursery" />
<cycle-start id="2241" type="scavenge" contextid="0" timestamp="2019-06-15T04:55:48.228" intervalms="64.563" />
<gc-start id="2242" type="scavenge" contextid="2241" timestamp="2019-06-15T04:55:48.228">
  <mem-info id="2243" free="1512" total="16121856" percent="0">
    <mem type="nursery" free="0" total="11403264" percent="0">
      <mem type="allocate" free="0" total="5701632" percent="0" />
      <mem type="survivor" free="0" total="5701632" percent="0" />
    </mem>
    <mem type="tenure" free="1512" total="4718592" percent="0">
      <mem type="soa" free="1512" total="4718592" percent="0" />
      <mem type="loa" free="0" total="0" percent="0" />
    </mem>
    <remembered-set count="907" />
  </mem-info>
</gc-start>
<allocation-stats totalBytes="62192" >
  <allocated-bytes non-tlh="16" tlh="62176" />
  <largest-consumer threadName="PmdThread 2" threadId="00000000016D7800" bytes="25336" />
</allocation-stats>
<gc-op id="2244" type="scavenge" timems="12.822" contextid="2241" timestamp="2019-06-15T04:55:48.241">
  <scavenger-info tenureage="1" tenuremask="7ffe" tiltratio="50" />
  <memory-copied type="nursery" objects="172432" bytes="5643432" bytesdiscarded="58088" />
  <memory-copied type="tenure" objects="25" bytes="1512" bytesdiscarded="0" />
  <copy-failed type="nursery" objects="1" bytes="40" />
  <copy-failed type="tenure" objects="171803" bytes="5622312" />
  <ownableSynchronizers candidates="16" cleared="0" />
  <warning details="aborted collection due to insufficient free space" />
</gc-op>
<gc-end id="2245" type="scavenge" contextid="2241" durationms="13.273" usertimems="24.000" systemtimems="0.000" timestamp="2019-06-15T04:55:48.242" activeThreads="4">
  <mem-info id="2246" free="0" total="16121856" percent="0">
    <mem type="nursery" free="0" total="11403264" percent="0">
      <mem type="allocate" free="0" total="5701632" percent="0" />
      <mem type="survivor" free="0" total="5701632" percent="0" />
    </mem>
    <mem type="tenure" free="0" total="4718592" percent="0">
      <mem type="soa" free="0" total="4718592" percent="0" />
      <mem type="loa" free="0" total="0" percent="0" />
    </mem>
    <remembered-set count="907" />
  </mem-info>
</gc-end>
<cycle-end id="2247" type="scavenge" contextid="2241" timestamp="2019-06-15T04:55:48.242" />
  <attribute name="elasticGC enabled" value="1" />
  <attribute name= "numThreadsSpecified" value="4" />
  <attribute name="heapSize specified" value="16121856" />
  <attribute name="Current GC Util" value="907" />
  <attribute name= "Current Time Running" value="3662" />
  <attribute name ="GC Interval" value="4000" />
  <attribute name="ProportionalT" value="443.500000" />
  <attribute name="ProportionalI" value="443.500000" />
  <attribute name="ProportionalH" value="443.500000" />
  <attribute name="Current Error" value="887.000000" />
  <attribute name="IntegralT" value="7096.000000" />
  <attribute name="IntegralI" value="7096.000000" />
  <attribute name="IntegralH" value="7096.000000" />
  <attribute name="DerivativeT" value="157.875000" />
  <attribute name="DerivativeI" value="157.875000" />
  <attribute name="DerivativeH" value="157.875000" />
  <attribute name="Loop Time for DT" value="8.000000" />
  <attribute name="Output H" value="8388608"/>
  <attribute name="Output I" value="4000"/>
  <attribute name="Output T" value="4"/>
  <attribute name="Target GC Util Change" value ="20.000000" />
  <attribute name="Current GC Util Change" value="907.000000"/>
  <attribute name="GC Util currently" value="907" />
  <attribute name="CPU Util currently" value="540485937306" />
<percolate-collect id="2248" from="nursery" to="global" reason="failed tenure threshold reached" timestamp="2019-06-15T04:55:48.242"/>
<gc-start id="2249" type="global" contextid="2237" timestamp="2019-06-15T04:55:48.242">
  <mem-info id="2250" free="0" total="16121856" percent="0">
    <mem type="nursery" free="0" total="11403264" percent="0">
      <mem type="allocate" free="0" total="5701632" percent="0" />
      <mem type="survivor" free="0" total="5701632" percent="0" />
    </mem>
    <mem type="tenure" free="0" total="4718592" percent="0">
      <mem type="soa" free="0" total="4718592" percent="0" />
      <mem type="loa" free="0" total="0" percent="0" />
    </mem>
    <remembered-set count="907" />
  </mem-info>
</gc-start>
<allocation-stats totalBytes="0" >
  <allocated-bytes non-tlh="0" tlh="0" />
</allocation-stats>
<concurrent-halted id="2251" timestamp="2019-06-15T04:55:48.242">
  <halted state="Class scanning incomplete" status="clean trace" />
  <traced bytesTarget="1780224" bytesTotal="0" bytesByMutator="0" bytesByHelper="0" percent="0" />
  <cards cleaned="0" thresholdBytes="96925" />
</concurrent-halted>
<gc-op id="2252" type="tracing" timems="1.488" contextid="2237" timestamp="2019-06-15T04:55:48.244">
  <trace bytesTraced="1533424" workStackOverflowCount="0" />
</gc-op>
<gc-op id="2253" type="rs-scan" timems="2.866" contextid="2237" timestamp="2019-06-15T04:55:48.247">
  <scan objectsFound="663" bytesTraced="2016876" workStackOverflowCount="0" />
</gc-op>
<gc-op id="2254" type="card-cleaning" timems="1.390" contextid="2237" timestamp="2019-06-15T04:55:48.248">
  <card-cleaning cardsCleaned="11" bytesTraced="1483068" workStackOverflowCount="0" />
</gc-op>
<gc-op id="2255" type="mark" timems="4.802" contextid="2237" timestamp="2019-06-15T04:55:48.253">
  <trace-info objectcount="87356" scancount="68508" scanbytes="2253200" />
  <finalization candidates="58" enqueued="0" />
  <ownableSynchronizers candidates="8" cleared="0" />
  <references type="soft" candidates="98" cleared="0" enqueued="0" dynamicThreshold="0" maxThreshold="32" />
  <references type="weak" candidates="817" cleared="0" enqueued="0" />
  <references type="phantom" candidates="85" cleared="0" enqueued="0" />
  <stringconstants candidates="4979" cleared="0"  />
</gc-op>
<gc-op id="2256" type="classunload" timems="0.002" contextid="2237" timestamp="2019-06-15T04:55:48.254">
  <classunload-info classloadercandidates="10" classloadersunloaded="0" classesunloaded="0" anonymousclassesunloaded="0" quiescems="0.000" setupms="0.001" scanms="0.001" postms="0.000" />
</gc-op>
<gc-op id="2257" type="sweep" timems="0.742" contextid="2237" timestamp="2019-06-15T04:55:48.254" />
<mem-info id="2258" free="35728" total="16121856" percent="0">
  <mem type="nursery" free="34216" total="11403264" percent="0">
    <mem type="allocate" free="34216" total="5701632" percent="0" />
    <mem type="survivor" free="0" total="5701632" percent="0" />
  </mem>
  <mem type="tenure" free="1512" total="4718592" percent="0" micro-fragmented="0" macro-fragmented="0">
    <mem type="soa" free="1512" total="4718592" percent="0" />
    <mem type="loa" free="0" total="0" percent="0" />
  </mem>
  <remembered-set count="907" />
</mem-info>
<gc-op id="2259" type="compact" timems="15.247" contextid="2237" timestamp="2019-06-15T04:55:48.270">
  <compact-info movecount="64502" movebytes="2323976" reason="compact to aid heap contraction" />
</gc-op>
<gc-end id="2260" type="global" contextid="2237" durationms="28.033" usertimems="40.000" systemtimems="0.000" timestamp="2019-06-15T04:55:48.270" activeThreads="4">
  <mem-info id="2261" free="43424" total="16121856" percent="0">
    <mem type="nursery" free="41432" total="11403264" percent="0">
      <mem type="allocate" free="41432" total="5701632" percent="0" />
      <mem type="survivor" free="0" total="5701632" percent="0" />
    </mem>
    <mem type="tenure" free="1992" total="4718592" percent="0">
      <mem type="soa" free="1992" total="4718592" percent="0" />
      <mem type="loa" free="0" total="0" percent="0" />
    </mem>
    <remembered-set count="907" />
  </mem-info>
</gc-end>
<cycle-end id="2262" type="global" contextid="2237" timestamp="2019-06-15T04:55:48.270" />
  <attribute name="elasticGC enabled" value="1" />
  <attribute name= "numThreadsSpecified" value="4" />
  <attribute name="heapSize specified" value="16121856" />
  <attribute name="Current GC Util" value="133" />
  <attribute name= "Current Time Running" value="3704" />
  <attribute name ="GC Interval" value="4000" />
  <attribute name="ProportionalT" value="56.500000" />
  <attribute name="ProportionalI" value="56.500000" />
  <attribute name="ProportionalH" value="56.500000" />
  <attribute name="Current Error" value="113.000000" />
  <attribute name="IntegralT" value="1695.000000" />
  <attribute name="IntegralI" value="1695.000000" />
  <attribute name="IntegralH" value="1695.000000" />
  <attribute name="DerivativeT" value="1.900000" />
  <attribute name="DerivativeI" value="1.900000" />
  <attribute name="DerivativeH" value="1.900000" />
  <attribute name="Loop Time for DT" value="15.000000" />
  <attribute name="Output H" value="8388608"/>
  <attribute name="Output I" value="1760"/>
  <attribute name="Output T" value="4"/>
  <attribute name="Target GC Util Change" value ="20.000000" />
  <attribute name="Current GC Util Change" value="133.000000"/>
  <attribute name="GC Util currently" value="133" />
  <attribute name="CPU Util currently" value="299319954179" />
<concurrent-kickoff id="2263" timestamp="2019-06-15T04:55:48.271">
  <kickoff reason="threshold reached" targetBytes="3016492" thresholdFreeBytes="413838"  remainingFree="41376" tenureFreeBytes="1992" nurseryFreeBytes="41376" />
</concurrent-kickoff>
<allocation-satisfied id="2264" threadId="00000000016DF000" bytesRequested="56" />
<af-end id="2265" timestamp="2019-06-15T04:55:48.271" threadId="00000000016DF988" success="true" from="nursery"/>
<exclusive-end id="2266" timestamp="2019-06-15T04:55:48.271" durationms="42.738" />

<exclusive-start id="2267" timestamp="2019-06-15T04:55:48.276" intervalms="48.142">
  <response-info timems="0.697" idlems="0.697" threads="0" lastid="00000000013C3700" lastname="main" />
</exclusive-start>
<cycle-start id="2268" type="global" contextid="0" timestamp="2019-06-15T04:55:48.276" intervalms="48.647" />
<exclusive-end id="2269" timestamp="2019-06-15T04:55:48.277" durationms="0.186" />

<exclusive-start id="2270" timestamp="2019-06-15T04:55:48.277" intervalms="0.511">
  <response-info timems="0.048" idlems="0.048" threads="0" lastid="00000000016D3C00" lastname="PmdThread 1" />
</exclusive-start>
<af-start id="2271" threadId="00000000016D4588" totalBytesRequested="16" timestamp="2019-06-15T04:55:48.277" intervalms="48.607" type="nursery" />
<cycle-start id="2272" type="scavenge" contextid="0" timestamp="2019-06-15T04:55:48.277" intervalms="48.637" />
<gc-start id="2273" type="scavenge" contextid="2272" timestamp="2019-06-15T04:55:48.277">
  <mem-info id="2274" free="1992" total="16121856" percent="0">
    <mem type="nursery" free="0" total="11403264" percent="0">
      <mem type="allocate" free="0" total="5701632" percent="0" />
      <mem type="survivor" free="0" total="5701632" percent="0" />
    </mem>
    <mem type="tenure" free="1992" total="4718592" percent="0">
      <mem type="soa" free="1992" total="4718592" percent="0" />
      <mem type="loa" free="0" total="0" percent="0" />
    </mem>
    <remembered-set count="907" />
  </mem-info>
</gc-start>
<allocation-stats totalBytes="41384" >
  <allocated-bytes non-tlh="56" tlh="41328" />
  <largest-consumer threadName="PmdThread 2" threadId="00000000016D7800" bytes="12704" />
</allocation-stats>
<gc-op id="2275" type="scavenge" timems="11.834" contextid="2272" timestamp="2019-06-15T04:55:48.289">
  <scavenger-info tenureage="1" tenuremask="7ffe" tiltratio="50" />
  <memory-copied type="nursery" objects="169626" bytes="5571296" bytesdiscarded="130224" />
  <memory-copied type="tenure" objects="30" bytes="1992" bytesdiscarded="0" />
  <copy-failed type="nursery" objects="1" bytes="16" />
  <copy-failed type="tenure" objects="169084" bytes="5552512" />
  <ownableSynchronizers candidates="16" cleared="0" />
  <warning details="aborted collection due to insufficient free space" />
</gc-op>
<gc-end id="2276" type="scavenge" contextid="2272" durationms="12.301" usertimems="12.000" systemtimems="4.000" timestamp="2019-06-15T04:55:48.289" activeThreads="4">
  <mem-info id="2277" free="0" total="16121856" percent="0">
    <mem type="nursery" free="0" total="11403264" percent="0">
      <mem type="allocate" free="0" total="5701632" percent="0" />
      <mem type="survivor" free="0" total="5701632" percent="0" />
    </mem>
    <mem type="tenure" free="0" total="4718592" percent="0">
      <mem type="soa" free="0" total="4718592" percent="0" />
      <mem type="loa" free="0" total="0" percent="0" />
    </mem>
    <remembered-set count="907" />
  </mem-info>
</gc-end>
<cycle-end id="2278" type="scavenge" contextid="2272" timestamp="2019-06-15T04:55:48.290" />
  <attribute name="elasticGC enabled" value="1" />
  <attribute name= "numThreadsSpecified" value="4" />
  <attribute name="heapSize specified" value="16121856" />
  <attribute name="Current GC Util" value="265" />
  <attribute name= "Current Time Running" value="3711" />
  <attribute name ="GC Interval" value="1872" />
  <attribute name="ProportionalT" value="122.500000" />
  <attribute name="ProportionalI" value="122.500000" />
  <attribute name="ProportionalH" value="122.500000" />
  <attribute name="Current Error" value="245.000000" />
  <attribute name="IntegralT" value="1715.000000" />
  <attribute name="IntegralI" value="1715.000000" />
  <attribute name="IntegralH" value="1715.000000" />
  <attribute name="DerivativeT" value="28.285714" />
  <attribute name="DerivativeI" value="28.285714" />
  <attribute name="DerivativeH" value="28.285714" />
  <attribute name="Loop Time for DT" value="7.000000" />
  <attribute name="Output H" value="8388608"/>
  <attribute name="Output I" value="1872"/>
  <attribute name="Output T" value="4"/>
  <attribute name="Target GC Util Change" value ="20.000000" />
  <attribute name="Current GC Util Change" value="265.000000"/>
  <attribute name="GC Util currently" value="265" />
  <attribute name="CPU Util currently" value="645734409696" />
<percolate-collect id="2279" from="nursery" to="global" reason="failed tenure threshold reached" timestamp="2019-06-15T04:55:48.290"/>
<gc-start id="2280" type="global" contextid="2268" timestamp="2019-06-15T04:55:48.290">
  <mem-info id="2281" free="0" total="16121856" percent="0">
    <mem type="nursery" free="0" total="11403264" percent="0">
      <mem type="allocate" free="0" total="5701632" percent="0" />
      <mem type="survivor" free="0" total="5701632" percent="0" />
    </mem>
    <mem type="tenure" free="0" total="4718592" percent="0">
      <mem type="soa" free="0" total="4718592" percent="0" />
      <mem type="loa" free="0" total="0" percent="0" />
    </mem>
    <remembered-set count="907" />
  </mem-info>
</gc-start>
<allocation-stats totalBytes="0" >
  <allocated-bytes non-tlh="0" tlh="0" />
</allocation-stats>
<concurrent-halted id="2282" timestamp="2019-06-15T04:55:48.290">
  <halted state="Class scanning incomplete" status="clean trace" />
  <traced bytesTarget="3016492" bytesTotal="0" bytesByMutator="0" bytesByHelper="0" percent="0" />
  <cards cleaned="0" thresholdBytes="163026" />
</concurrent-halted>
<gc-op id="2283" type="tracing" timems="1.092" contextid="2268" timestamp="2019-06-15T04:55:48.291">
  <trace bytesTraced="1543460" workStackOverflowCount="0" />
</gc-op>
<gc-op id="2284" type="rs-scan" timems="1.284" contextid="2268" timestamp="2019-06-15T04:55:48.293">
  <scan objectsFound="692" bytesTraced="947084" workStackOverflowCount="0" />
</gc-op>
<gc-op id="2285" type="card-cleaning" timems="0.675" contextid="2268" timestamp="2019-06-15T04:55:48.294">
  <card-cleaning cardsCleaned="11" bytesTraced="557488" workStackOverflowCount="0" />
</gc-op>
<gc-op id="2286" type="mark" timems="4.543" contextid="2268" timestamp="2019-06-15T04:55:48.298">
  <trace-info objectcount="164367" scancount="128913" scanbytes="4254128" />
  <finalization candidates="58" enqueued="0" />
  <ownableSynchronizers candidates="8" cleared="0" />
  <references type="soft" candidates="98" cleared="0" enqueued="0" dynamicThreshold="0" maxThreshold="32" />
  <references type="weak" candidates="817" cleared="0" enqueued="0" />
  <references type="phantom" candidates="85" cleared="0" enqueued="0" />
  <stringconstants candidates="4979" cleared="0"  />
</gc-op>
<gc-op id="2287" type="classunload" timems="0.002" contextid="2268" timestamp="2019-06-15T04:55:48.298">
  <classunload-info classloadercandidates="10" classloadersunloaded="0" classesunloaded="0" anonymousclassesunloaded="0" quiescems="0.000" setupms="0.002" scanms="0.000" postms="0.000" />
</gc-op>
<gc-op id="2288" type="sweep" timems="0.344" contextid="2268" timestamp="2019-06-15T04:55:48.299" />
<mem-info id="2289" free="20192" total="16121856" percent="0">
  <mem type="nursery" free="18200" total="11403264" percent="0">
    <mem type="allocate" free="18200" total="5701632" percent="0" />
    <mem type="survivor" free="0" total="5701632" percent="0" />
  </mem>
  <mem type="tenure" free="1992" total="4718592" percent="0" micro-fragmented="0" macro-fragmented="0">
    <mem type="soa" free="1992" total="4718592" percent="0" />
    <mem type="loa" free="0" total="0" percent="0" />
  </mem>
  <remembered-set count="907" />
</mem-info>
<gc-op id="2290" type="compact" timems="13.135" contextid="2268" timestamp="2019-06-15T04:55:48.312">
  <compact-info movecount="50316" movebytes="1973800" reason="compact to aid heap contraction" />
</gc-op>
<gc-end id="2291" type="global" contextid="2268" durationms="22.674" usertimems="36.000" systemtimems="0.000" timestamp="2019-06-15T04:55:48.313" activeThreads="4">
  <mem-info id="2292" free="27440" total="16121856" percent="0">
    <mem type="nursery" free="24552" total="11403264" percent="0">
      <mem type="allocate" free="24552" total="5701632" percent="0" />
      <mem type="survivor" free="0" total="5701632" percent="0" />
    </mem>
    <mem type="tenure" free="2888" total="4718592" percent="0">
      <mem type="soa" free="2888" total="4718592" percent="0" />
      <mem type="loa" free="0" total="0" percent="0" />
    </mem>
    <remembered-set count="907" />
  </mem-info>
</gc-end>
<cycle-end id="2293" type="global" contextid="2268" timestamp="2019-06-15T04:55:48.313" />
  <attribute name="elasticGC enabled" value="1" />
  <attribute name= "numThreadsSpecified" value="4" />
  <attribute name="heapSize specified" value="16121856" />
  <attribute name="Current GC Util" value="149" />
  <attribute name= "Current Time Running" value="3746" />
  <attribute name ="GC Interval" value="1872" />
  <attribute name="ProportionalT" value="64.500000" />
  <attribute name="ProportionalI" value="64.500000" />
  <attribute name="ProportionalH" value="64.500000" />
  <attribute name="Current Error" value="129.000000" />
  <attribute name="IntegralT" value="1677.000000" />
  <attribute name="IntegralI" value="1677.000000" />
  <attribute name="IntegralH" value="1677.000000" />
  <attribute name="DerivativeT" value="12.692308" />
  <attribute name="DerivativeI" value="12.692308" />
  <attribute name="DerivativeH" value="12.692308" />
  <attribute name="Loop Time for DT" value="13.000000" />
  <attribute name="Output H" value="8388608"/>
  <attribute name="Output I" value="1760"/>
  <attribute name="Output T" value="4"/>
  <attribute name="Target GC Util Change" value ="20.000000" />
  <attribute name="Current GC Util Change" value="149.000000"/>
  <attribute name="GC Util currently" value="149" />
  <attribute name="CPU Util currently" value="346122187240" />
<concurrent-kickoff id="2294" timestamp="2019-06-15T04:55:48.313">
  <kickoff reason="threshold reached" targetBytes="2100948" thresholdFreeBytes="289561"  remainingFree="24536" tenureFreeBytes="2888" nurseryFreeBytes="24536" />
</concurrent-kickoff>
<allocation-satisfied id="2295" threadId="00000000016D3C00" bytesRequested="16" />
<af-end id="2296" timestamp="2019-06-15T04:55:48.313" threadId="00000000016D4588" success="true" from="nursery"/>
<exclusive-end id="2297" timestamp="2019-06-15T04:55:48.313" durationms="36.427" />

<exclusive-start id="2298" timestamp="2019-06-15T04:55:48.320" intervalms="43.374">
  <response-info timems="6.696" idlems="6.696" threads="0" lastid="00000000016D7800" lastname="PmdThread 2" />
</exclusive-start>
<cycle-start id="2299" type="global" contextid="0" timestamp="2019-06-15T04:55:48.320" intervalms="43.990" />
<exclusive-end id="2300" timestamp="2019-06-15T04:55:48.321" durationms="0.323" />

<exclusive-start id="2301" timestamp="2019-06-15T04:55:48.321" intervalms="0.643">
  <response-info timems="0.026" idlems="0.024" threads="1" lastid="00000000016D7800" lastname="PmdThread 2" />
</exclusive-start>
<af-start id="2302" threadId="00000000016D4588" totalBytesRequested="56" timestamp="2019-06-15T04:55:48.321" intervalms="44.264" type="nursery" />
<cycle-start id="2303" type="scavenge" contextid="0" timestamp="2019-06-15T04:55:48.321" intervalms="44.326" />
<gc-start id="2304" type="scavenge" contextid="2303" timestamp="2019-06-15T04:55:48.322">
  <mem-info id="2305" free="2888" total="16121856" percent="0">
    <mem type="nursery" free="0" total="11403264" percent="0">
      <mem type="allocate" free="0" total="5701632" percent="0" />
      <mem type="survivor" free="0" total="5701632" percent="0" />
    </mem>
    <mem type="tenure" free="2888" total="4718592" percent="0">
      <mem type="soa" free="2888" total="4718592" percent="0" />
      <mem type="loa" free="0" total="0" percent="0" />
    </mem>
    <remembered-set count="908" />
  </mem-info>
</gc-start>
<allocation-stats totalBytes="24520" >
  <allocated-bytes non-tlh="11408" tlh="13112" />
  <largest-consumer threadName="PmdThread 2" threadId="00000000016D7800" bytes="12280" />
</allocation-stats>
<gc-op id="2306" type="scavenge" timems="10.749" contextid="2303" timestamp="2019-06-15T04:55:48.333">
  <scavenger-info tenureage="1" tenuremask="7ffe" tiltratio="50" />
  <memory-copied type="nursery" objects="168728" bytes="5547616" bytesdiscarded="153904" />
  <memory-copied type="tenure" objects="58" bytes="2880" bytesdiscarded="8" />
  <copy-failed type="nursery" objects="1" bytes="40" />
  <copy-failed type="tenure" objects="168439" bytes="5527072" />
  <ownableSynchronizers candidates="16" cleared="0" />
  <warning details="aborted collection due to insufficient free space" />
</gc-op>
<gc-end id="2307" type="scavenge" contextid="2303" durationms="11.408" usertimems="16.000" systemtimems="0.000" timestamp="2019-06-15T04:55:48.333" activeThreads="4">
  <mem-info id="2308" free="0" total="16121856" percent="0">
    <mem type="nursery" free="0" total="11403264" percent="0">
      <mem type="allocate" free="0" total="5701632" percent="0" />
      <mem type="survivor" free="0" total="5701632" percent="0" />
    </mem>
    <mem type="tenure" free="0" total="4718592" percent="0">
      <mem type="soa" free="0" total="4718592" percent="0" />
      <mem type="loa" free="0" total="0" percent="0" />
    </mem>
    <remembered-set count="908" />
  </mem-info>
</gc-end>
<cycle-end id="2309" type="scavenge" contextid="2303" timestamp="2019-06-15T04:55:48.333" />
  <attribute name="elasticGC enabled" value="1" />
  <attribute name= "numThreadsSpecified" value="4" />
  <attribute name="heapSize specified" value="16121856" />
  <attribute name="Current GC Util" value="120" />
  <attribute name= "Current Time Running" value="3756" />
  <attribute name ="GC Interval" value="1048" />
  <attribute name="ProportionalT" value="50.000000" />
  <attribute name="ProportionalI" value="50.000000" />
  <attribute name="ProportionalH" value="50.000000" />
  <attribute name="Current Error" value="100.000000" />
  <attribute name="IntegralT" value="1000.000000" />
  <attribute name="IntegralI" value="1000.000000" />
  <attribute name="IntegralH" value="1000.000000" />
  <attribute name="DerivativeT" value="-4.350000" />
  <attribute name="DerivativeI" value="-4.350000" />
  <attribute name="DerivativeH" value="-4.350000" />
  <attribute name="Loop Time for DT" value="10.000000" />
  <attribute name="Output H" value="8388608"/>
  <attribute name="Output I" value="1048"/>
  <attribute name="Output T" value="4"/>
  <attribute name="Target GC Util Change" value ="20.000000" />
  <attribute name="Current GC Util Change" value="120.000000"/>
  <attribute name="GC Util currently" value="120" />
  <attribute name="CPU Util currently" value="489095512370" />
<percolate-collect id="2310" from="nursery" to="global" reason="failed tenure threshold reached" timestamp="2019-06-15T04:55:48.333"/>
<concurrent-aborted id="2311" timestamp="2019-06-15T04:55:48.333">
  <reason value="insufficient progress made" />
</concurrent-aborted>
<cycle-end id="2312" type="global" contextid="2299" timestamp="2019-06-15T04:55:48.334" />
  <attribute name="elasticGC enabled" value="1" />
  <attribute name= "numThreadsSpecified" value="4" />
  <attribute name="heapSize specified" value="16121856" />
  <attribute name="Current GC Util" value="120" />
  <attribute name= "Current Time Running" value="3756" />
  <attribute name ="GC Interval" value="1048" />
  <attribute name="ProportionalT" value="50.000000" />
  <attribute name="ProportionalI" value="50.000000" />
  <attribute name="ProportionalH" value="50.000000" />
  <attribute name="Current Error" value="100.000000" />
  <attribute name="IntegralT" value="1000.000000" />
  <attribute name="IntegralI" value="1000.000000" />
  <attribute name="IntegralH" value="1000.000000" />
  <attribute name="DerivativeT" value="-4.350000" />
  <attribute name="DerivativeI" value="-4.350000" />
  <attribute name="DerivativeH" value="-4.350000" />
  <attribute name="Loop Time for DT" value="10.000000" />
  <attribute name="Output H" value="8388608"/>
  <attribute name="Output I" value="1048"/>
  <attribute name="Output T" value="4"/>
  <attribute name="Target GC Util Change" value ="20.000000" />
  <attribute name="Current GC Util Change" value="120.000000"/>
  <attribute name="GC Util currently" value="120" />
  <attribute name="CPU Util currently" value="489095512370" />
<cycle-start id="2313" type="global" contextid="0" timestamp="2019-06-15T04:55:48.334" intervalms="13.343" />
<gc-start id="2314" type="global" contextid="2313" timestamp="2019-06-15T04:55:48.334">
  <mem-info id="2315" free="0" total="16121856" percent="0">
    <mem type="nursery" free="0" total="11403264" percent="0">
      <mem type="allocate" free="0" total="5701632" percent="0" />
      <mem type="survivor" free="0" total="5701632" percent="0" />
    </mem>
    <mem type="tenure" free="0" total="4718592" percent="0">
      <mem type="soa" free="0" total="4718592" percent="0" />
      <mem type="loa" free="0" total="0" percent="0" />
    </mem>
    <remembered-set count="908" />
  </mem-info>
</gc-start>
<allocation-stats totalBytes="0" >
  <allocated-bytes non-tlh="0" tlh="0" />
</allocation-stats>
<gc-op id="2316" type="mark" timems="6.563" contextid="2313" timestamp="2019-06-15T04:55:48.341">
  <trace-info objectcount="280525" scancount="226200" scanbytes="7262828" />
  <finalization candidates="58" enqueued="0" />
  <ownableSynchronizers candidates="8" cleared="0" />
  <references type="soft" candidates="98" cleared="0" enqueued="0" dynamicThreshold="0" maxThreshold="32" />
  <references type="weak" candidates="817" cleared="1" enqueued="1" />
  <references type="phantom" candidates="85" cleared="1" enqueued="1" />
  <stringconstants candidates="4979" cleared="0"  />
</gc-op>
<gc-op id="2317" type="classunload" timems="0.002" contextid="2313" timestamp="2019-06-15T04:55:48.341">
  <classunload-info classloadercandidates="10" classloadersunloaded="0" classesunloaded="0" anonymousclassesunloaded="0" quiescems="0.000" setupms="0.001" scanms="0.001" postms="0.000" />
</gc-op>
<gc-op id="2318" type="sweep" timems="0.338" contextid="2313" timestamp="2019-06-15T04:55:48.341" />
<mem-info id="2319" free="18528" total="16121856" percent="0">
  <mem type="nursery" free="15640" total="11403264" percent="0">
    <mem type="allocate" free="15640" total="5701632" percent="0" />
    <mem type="survivor" free="0" total="5701632" percent="0" />
  </mem>
  <mem type="tenure" free="2888" total="4718592" percent="0" micro-fragmented="0" macro-fragmented="0">
    <mem type="soa" free="2888" total="4718592" percent="0" />
    <mem type="loa" free="0" total="0" percent="0" />
  </mem>
  <pending-finalizers system="0" default="0" reference="2" classloader="0" />
  <remembered-set count="908" />
</mem-info>
<gc-op id="2320" type="compact" timems="6.462" contextid="2313" timestamp="2019-06-15T04:55:48.348">
  <compact-info movecount="2079" movebytes="88616" reason="compact to aid heap contraction" />
</gc-op>
<gc-end id="2321" type="global" contextid="2313" durationms="14.335" usertimems="28.000" systemtimems="0.000" timestamp="2019-06-15T04:55:48.348" activeThreads="4">
  <mem-info id="2322" free="20880" total="16121856" percent="0">
    <mem type="nursery" free="17992" total="11403264" percent="0">
      <mem type="allocate" free="17992" total="5701632" percent="0" />
      <mem type="survivor" free="0" total="5701632" percent="0" />
    </mem>
    <mem type="tenure" free="2888" total="4718592" percent="0">
      <mem type="soa" free="2888" total="4718592" percent="0" />
      <mem type="loa" free="0" total="0" percent="0" />
    </mem>
    <pending-finalizers system="0" default="0" reference="2" classloader="0" />
    <remembered-set count="908" />
  </mem-info>
</gc-end>
<cycle-end id="2323" type="global" contextid="2313" timestamp="2019-06-15T04:55:48.348" />
  <attribute name="elasticGC enabled" value="1" />
  <attribute name= "numThreadsSpecified" value="4" />
  <attribute name="heapSize specified" value="16121856" />
  <attribute name="Current GC Util" value="83" />
  <attribute name= "Current Time Running" value="3782" />
  <attribute name ="GC Interval" value="1048" />
  <attribute name="ProportionalT" value="31.500000" />
  <attribute name="ProportionalI" value="31.500000" />
  <attribute name="ProportionalH" value="31.500000" />
  <attribute name="Current Error" value="63.000000" />
  <attribute name="IntegralT" value="441.000000" />
  <attribute name="IntegralI" value="441.000000" />
  <attribute name="IntegralH" value="441.000000" />
  <attribute name="DerivativeT" value="10.285714" />
  <attribute name="DerivativeI" value="10.285714" />
  <attribute name="DerivativeH" value="10.285714" />
  <attribute name="Loop Time for DT" value="7.000000" />
  <attribute name="Output H" value="8388608"/>
  <attribute name="Output I" value="488"/>
  <attribute name="Output T" value="4"/>
  <attribute name="Target GC Util Change" value ="20.000000" />
  <attribute name="Current GC Util Change" value="83.000000"/>
  <attribute name="GC Util currently" value="83" />
  <attribute name="CPU Util currently" value="696234489871" />
<concurrent-kickoff id="2324" timestamp="2019-06-15T04:55:48.349">
  <kickoff reason="threshold reached" targetBytes="1505045" thresholdFreeBytes="208661"  remainingFree="17936" tenureFreeBytes="2888" nurseryFreeBytes="17936" />
</concurrent-kickoff>
<allocation-satisfied id="2325" threadId="00000000016D3C00" bytesRequested="56" />
<af-end id="2326" timestamp="2019-06-15T04:55:48.349" threadId="00000000016D4588" success="true" from="nursery"/>
<exclusive-end id="2327" timestamp="2019-06-15T04:55:48.349" durationms="28.425" />

<exclusive-start id="2328" timestamp="2019-06-15T04:55:48.359" intervalms="37.881">
  <response-info timems="9.240" idlems="9.240" threads="0" lastid="00000000016D7800" lastname="PmdThread 2" />
</exclusive-start>
<cycle-start id="2329" type="global" contextid="0" timestamp="2019-06-15T04:55:48.359" intervalms="25.194" />
<exclusive-end id="2330" timestamp="2019-06-15T04:55:48.359" durationms="0.361" />

<exclusive-start id="2331" timestamp="2019-06-15T04:55:48.359" intervalms="0.579">
  <response-info timems="0.053" idlems="0.035" threads="1" lastid="00000000013CAF00" lastname="JIT Compilation Thread-1" />
</exclusive-start>
<af-start id="2332" threadId="00000000016DBD88" totalBytesRequested="10392" timestamp="2019-06-15T04:55:48.359" intervalms="38.219" type="nursery" />
<cycle-start id="2333" type="scavenge" contextid="0" timestamp="2019-06-15T04:55:48.360" intervalms="38.170" />
<gc-start id="2334" type="scavenge" contextid="2333" timestamp="2019-06-15T04:55:48.360">
  <mem-info id="2335" free="2888" total="16121856" percent="0">
    <mem type="nursery" free="0" total="11403264" percent="0">
      <mem type="allocate" free="0" total="5701632" percent="0" />
      <mem type="survivor" free="0" total="5701632" percent="0" />
    </mem>
    <mem type="tenure" free="2888" total="4718592" percent="0">
      <mem type="soa" free="2888" total="4718592" percent="0" />
      <mem type="loa" free="0" total="0" percent="0" />
    </mem>
    <remembered-set count="909" />
  </mem-info>
</gc-start>
<allocation-stats totalBytes="17976" >
  <allocated-bytes non-tlh="56" tlh="17920" />
  <largest-consumer threadName="PmdThread 2" threadId="00000000016D7800" bytes="12280" />
</allocation-stats>
<gc-op id="2336" type="scavenge" timems="12.534" contextid="2333" timestamp="2019-06-15T04:55:48.372">
  <scavenger-info tenureage="1" tenuremask="7ffe" tiltratio="50" />
  <memory-copied type="nursery" objects="172568" bytes="5640544" bytesdiscarded="60976" />
  <memory-copied type="tenure" objects="57" bytes="2888" bytesdiscarded="0" />
  <copy-failed type="nursery" objects="1" bytes="40" />
  <copy-failed type="tenure" objects="172319" bytes="5632416" />
  <ownableSynchronizers candidates="16" cleared="0" />
  <warning details="aborted collection due to insufficient free space" />
</gc-op>
<gc-end id="2337" type="scavenge" contextid="2333" durationms="13.088" usertimems="24.000" systemtimems="0.000" timestamp="2019-06-15T04:55:48.373" activeThreads="4">
  <mem-info id="2338" free="0" total="16121856" percent="0">
    <mem type="nursery" free="0" total="11403264" percent="0">
      <mem type="allocate" free="0" total="5701632" percent="0" />
      <mem type="survivor" free="0" total="5701632" percent="0" />
    </mem>
    <mem type="tenure" free="0" total="4718592" percent="0">
      <mem type="soa" free="0" total="4718592" percent="0" />
      <mem type="loa" free="0" total="0" percent="0" />
    </mem>
    <remembered-set count="909" />
  </mem-info>
</gc-end>
<cycle-end id="2339" type="scavenge" contextid="2333" timestamp="2019-06-15T04:55:48.373" />
  <attribute name="elasticGC enabled" value="1" />
  <attribute name= "numThreadsSpecified" value="4" />
  <attribute name="heapSize specified" value="16121856" />
  <attribute name="Current GC Util" value="180" />
  <attribute name= "Current Time Running" value="3794" />
  <attribute name ="GC Interval" value="2016" />
  <attribute name="ProportionalT" value="80.000000" />
  <attribute name="ProportionalI" value="80.000000" />
  <attribute name="ProportionalH" value="80.000000" />
  <attribute name="Current Error" value="160.000000" />
  <attribute name="IntegralT" value="1920.000000" />
  <attribute name="IntegralI" value="1920.000000" />
  <attribute name="IntegralH" value="1920.000000" />
  <attribute name="DerivativeT" value="12.125000" />
  <attribute name="DerivativeI" value="12.125000" />
  <attribute name="DerivativeH" value="12.125000" />
  <attribute name="Loop Time for DT" value="12.000000" />
  <attribute name="Output H" value="8388608"/>
  <attribute name="Output I" value="2016"/>
  <attribute name="Output T" value="4"/>
  <attribute name="Target GC Util Change" value ="20.000000" />
  <attribute name="Current GC Util Change" value="180.000000"/>
  <attribute name="GC Util currently" value="180" />
  <attribute name="CPU Util currently" value="397009244777" />
<concurrent-aborted id="2340" timestamp="2019-06-15T04:55:48.373">
  <reason value="insufficient progress made" />
</concurrent-aborted>
<cycle-end id="2341" type="global" contextid="2329" timestamp="2019-06-15T04:55:48.373" />
  <attribute name="elasticGC enabled" value="1" />
  <attribute name= "numThreadsSpecified" value="4" />
  <attribute name="heapSize specified" value="16121856" />
  <attribute name="Current GC Util" value="180" />
  <attribute name= "Current Time Running" value="3794" />
  <attribute name ="GC Interval" value="2016" />
  <attribute name="ProportionalT" value="80.000000" />
  <attribute name="ProportionalI" value="80.000000" />
  <attribute name="ProportionalH" value="80.000000" />
  <attribute name="Current Error" value="160.000000" />
  <attribute name="IntegralT" value="1920.000000" />
  <attribute name="IntegralI" value="1920.000000" />
  <attribute name="IntegralH" value="1920.000000" />
  <attribute name="DerivativeT" value="12.125000" />
  <attribute name="DerivativeI" value="12.125000" />
  <attribute name="DerivativeH" value="12.125000" />
  <attribute name="Loop Time for DT" value="12.000000" />
  <attribute name="Output H" value="8388608"/>
  <attribute name="Output I" value="2016"/>
  <attribute name="Output T" value="4"/>
  <attribute name="Target GC Util Change" value ="20.000000" />
  <attribute name="Current GC Util Change" value="180.000000"/>
  <attribute name="GC Util currently" value="180" />
  <attribute name="CPU Util currently" value="397009244777" />
<cycle-start id="2342" type="global" contextid="0" timestamp="2019-06-15T04:55:48.374" intervalms="14.578" />
<gc-start id="2343" type="global" contextid="2342" timestamp="2019-06-15T04:55:48.374">
  <mem-info id="2344" free="0" total="16121856" percent="0">
    <mem type="nursery" free="0" total="11403264" percent="0">
      <mem type="allocate" free="0" total="5701632" percent="0" />
      <mem type="survivor" free="0" total="5701632" percent="0" />
    </mem>
    <mem type="tenure" free="0" total="4718592" percent="0">
      <mem type="soa" free="0" total="4718592" percent="0" />
      <mem type="loa" free="0" total="0" percent="0" />
    </mem>
    <remembered-set count="909" />
  </mem-info>
</gc-start>
<allocation-stats totalBytes="0" >
  <allocated-bytes non-tlh="0" tlh="0" />
</allocation-stats>
<gc-op id="2345" type="mark" timems="5.268" contextid="2342" timestamp="2019-06-15T04:55:48.379">
  <trace-info objectcount="280745" scancount="226376" scanbytes="7268884" />
  <finalization candidates="58" enqueued="0" />
  <ownableSynchronizers candidates="8" cleared="0" />
  <references type="soft" candidates="98" cleared="0" enqueued="0" dynamicThreshold="0" maxThreshold="32" />
  <references type="weak" candidates="816" cleared="0" enqueued="0" />
  <references type="phantom" candidates="84" cleared="0" enqueued="0" />
  <stringconstants candidates="4979" cleared="0"  />
</gc-op>
<gc-op id="2346" type="sweep" timems="0.437" contextid="2342" timestamp="2019-06-15T04:55:48.380" />
<mem-info id="2347" free="21912" total="16121856" percent="0">
  <mem type="nursery" free="19024" total="11403264" percent="0">
    <mem type="allocate" free="19024" total="5701632" percent="0" />
    <mem type="survivor" free="0" total="5701632" percent="0" />
  </mem>
  <mem type="tenure" free="2888" total="4718592" percent="0" micro-fragmented="0" macro-fragmented="0">
    <mem type="soa" free="2888" total="4718592" percent="0" />
    <mem type="loa" free="0" total="0" percent="0" />
  </mem>
  <remembered-set count="909" />
</mem-info>
<gc-op id="2348" type="compact" timems="13.289" contextid="2342" timestamp="2019-06-15T04:55:48.393">
  <compact-info movecount="49430" movebytes="1933456" reason="compact to aid heap contraction" />
</gc-op>
<gc-end id="2349" type="global" contextid="2342" durationms="20.013" usertimems="32.000" systemtimems="0.000" timestamp="2019-06-15T04:55:48.394" activeThreads="4">
  <mem-info id="2350" free="14016" total="16121856" percent="0">
    <mem type="nursery" free="10904" total="11403264" percent="0">
      <mem type="allocate" free="10904" total="5701632" percent="0" />
      <mem type="survivor" free="0" total="5701632" percent="0" />
    </mem>
    <mem type="tenure" free="3112" total="4718592" percent="0">
      <mem type="soa" free="3112" total="4718592" percent="0" />
      <mem type="loa" free="0" total="0" percent="0" />
    </mem>
    <remembered-set count="909" />
  </mem-info>
</gc-end>
<cycle-end id="2351" type="global" contextid="2342" timestamp="2019-06-15T04:55:48.394" />
  <attribute name="elasticGC enabled" value="1" />
  <attribute name= "numThreadsSpecified" value="4" />
  <attribute name="heapSize specified" value="16121856" />
  <attribute name="Current GC Util" value="104" />
  <attribute name= "Current Time Running" value="3827" />
  <attribute name ="GC Interval" value="2016" />
  <attribute name="ProportionalT" value="42.000000" />
  <attribute name="ProportionalI" value="42.000000" />
  <attribute name="ProportionalH" value="42.000000" />
  <attribute name="Current Error" value="84.000000" />
  <attribute name="IntegralT" value="1092.000000" />
  <attribute name="IntegralI" value="1092.000000" />
  <attribute name="IntegralH" value="1092.000000" />
  <attribute name="DerivativeT" value="7.846154" />
  <attribute name="DerivativeI" value="7.846154" />
  <attribute name="DerivativeH" value="7.846154" />
  <attribute name="Loop Time for DT" value="13.000000" />
  <attribute name="Output H" value="8388608"/>
  <attribute name="Output I" value="1144"/>
  <attribute name="Output T" value="4"/>
  <attribute name="Target GC Util Change" value ="20.000000" />
  <attribute name="Current GC Util Change" value="104.000000"/>
  <attribute name="GC Util currently" value="104" />
  <attribute name="CPU Util currently" value="342764659964" />
<concurrent-kickoff id="2352" timestamp="2019-06-15T04:55:48.394">
  <kickoff reason="threshold reached" targetBytes="1505045" thresholdFreeBytes="208661"  remainingFree="10904" tenureFreeBytes="3112" nurseryFreeBytes="10904" />
</concurrent-kickoff>
<cycle-start id="2353" type="global" contextid="0" timestamp="2019-06-15T04:55:48.394" intervalms="20.692" />
<allocation-satisfied id="2354" threadId="00000000016DB400" bytesRequested="10392" />
<af-end id="2355" timestamp="2019-06-15T04:55:48.394" threadId="00000000016DBD88" success="true" from="nursery"/>
<exclusive-end id="2356" timestamp="2019-06-15T04:55:48.395" durationms="35.502" />

<exclusive-start id="2357" timestamp="2019-06-15T04:55:48.396" intervalms="36.540">
  <response-info timems="0.660" idlems="0.660" threads="0" lastid="00000000016DF000" lastname="PmdThread 4" />
</exclusive-start>
<af-start id="2358" threadId="00000000016DF988" totalBytesRequested="56" timestamp="2019-06-15T04:55:48.396" intervalms="36.605" type="nursery" />
<cycle-start id="2359" type="scavenge" contextid="0" timestamp="2019-06-15T04:55:48.396" intervalms="36.667" />
<gc-start id="2360" type="scavenge" contextid="2359" timestamp="2019-06-15T04:55:48.396">
  <mem-info id="2361" free="3112" total="16121856" percent="0">
    <mem type="nursery" free="0" total="11403264" percent="0">
      <mem type="allocate" free="0" total="5701632" percent="0" />
      <mem type="survivor" free="0" total="5701632" percent="0" />
    </mem>
    <mem type="tenure" free="3112" total="4718592" percent="0">
      <mem type="soa" free="3112" total="4718592" percent="0" />
      <mem type="loa" free="0" total="0" percent="0" />
    </mem>
    <remembered-set count="909" />
  </mem-info>
</gc-start>
<allocation-stats totalBytes="21232" >
  <allocated-bytes non-tlh="10392" tlh="10840" />
  <largest-consumer threadName="PmdThread 4" threadId="00000000016DF000" bytes="10840" />
</allocation-stats>
<gc-op id="2362" type="scavenge" timems="11.442" contextid="2359" timestamp="2019-06-15T04:55:48.408">
  <scavenger-info tenureage="1" tenuremask="fffe" tiltratio="50" />
  <memory-copied type="nursery" objects="170498" bytes="5585688" bytesdiscarded="115832" />
  <memory-copied type="tenure" objects="64" bytes="3104" bytesdiscarded="8" />
  <copy-failed type="nursery" objects="1" bytes="16" />
  <copy-failed type="tenure" objects="170359" bytes="5570496" />
  <ownableSynchronizers candidates="16" cleared="0" />
  <warning details="aborted collection due to insufficient free space" />
</gc-op>
<gc-end id="2363" type="scavenge" contextid="2359" durationms="12.100" usertimems="16.000" systemtimems="0.000" timestamp="2019-06-15T04:55:48.408" activeThreads="4">
  <mem-info id="2364" free="0" total="16121856" percent="0">
    <mem type="nursery" free="0" total="11403264" percent="0">
      <mem type="allocate" free="0" total="5701632" percent="0" />
      <mem type="survivor" free="0" total="5701632" percent="0" />
    </mem>
    <mem type="tenure" free="0" total="4718592" percent="0">
      <mem type="soa" free="0" total="4718592" percent="0" />
      <mem type="loa" free="0" total="0" percent="0" />
    </mem>
    <remembered-set count="909" />
  </mem-info>
</gc-end>
<cycle-end id="2365" type="scavenge" contextid="2359" timestamp="2019-06-15T04:55:48.409" />
  <attribute name="elasticGC enabled" value="1" />
  <attribute name= "numThreadsSpecified" value="4" />
  <attribute name="heapSize specified" value="16121856" />
  <attribute name="Current GC Util" value="374" />
  <attribute name= "Current Time Running" value="3831" />
  <attribute name ="GC Interval" value="1696" />
  <attribute name="ProportionalT" value="177.000000" />
  <attribute name="ProportionalI" value="177.000000" />
  <attribute name="ProportionalH" value="177.000000" />
  <attribute name="Current Error" value="354.000000" />
  <attribute name="IntegralT" value="1416.000000" />
  <attribute name="IntegralI" value="1416.000000" />
  <attribute name="IntegralH" value="1416.000000" />
  <attribute name="DerivativeT" value="101.250000" />
  <attribute name="DerivativeI" value="101.250000" />
  <attribute name="DerivativeH" value="101.250000" />
  <attribute name="Loop Time for DT" value="4.000000" />
  <attribute name="Output H" value="8388608"/>
  <attribute name="Output I" value="1696"/>
  <attribute name="Output T" value="4"/>
  <attribute name="Target GC Util Change" value ="20.000000" />
  <attribute name="Current GC Util Change" value="374.000000"/>
  <attribute name="GC Util currently" value="374" />
  <attribute name="CPU Util currently" value="1481294012296" />
<percolate-collect id="2366" from="nursery" to="global" reason="failed tenure threshold reached" timestamp="2019-06-15T04:55:48.409"/>
<concurrent-aborted id="2367" timestamp="2019-06-15T04:55:48.409">
  <reason value="insufficient progress made" />
</concurrent-aborted>
<cycle-end id="2368" type="global" contextid="2353" timestamp="2019-06-15T04:55:48.409" />
  <attribute name="elasticGC enabled" value="1" />
  <attribute name= "numThreadsSpecified" value="4" />
  <attribute name="heapSize specified" value="16121856" />
  <attribute name="Current GC Util" value="374" />
  <attribute name= "Current Time Running" value="3831" />
  <attribute name ="GC Interval" value="1696" />
  <attribute name="ProportionalT" value="177.000000" />
  <attribute name="ProportionalI" value="177.000000" />
  <attribute name="ProportionalH" value="177.000000" />
  <attribute name="Current Error" value="354.000000" />
  <attribute name="IntegralT" value="1416.000000" />
  <attribute name="IntegralI" value="1416.000000" />
  <attribute name="IntegralH" value="1416.000000" />
  <attribute name="DerivativeT" value="101.250000" />
  <attribute name="DerivativeI" value="101.250000" />
  <attribute name="DerivativeH" value="101.250000" />
  <attribute name="Loop Time for DT" value="4.000000" />
  <attribute name="Output H" value="8388608"/>
  <attribute name="Output I" value="1696"/>
  <attribute name="Output T" value="4"/>
  <attribute name="Target GC Util Change" value ="20.000000" />
  <attribute name="Current GC Util Change" value="374.000000"/>
  <attribute name="GC Util currently" value="374" />
  <attribute name="CPU Util currently" value="1481294012296" />
<cycle-start id="2369" type="global" contextid="0" timestamp="2019-06-15T04:55:48.409" intervalms="14.993" />
<gc-start id="2370" type="global" contextid="2369" timestamp="2019-06-15T04:55:48.409">
  <mem-info id="2371" free="0" total="16121856" percent="0">
    <mem type="nursery" free="0" total="11403264" percent="0">
      <mem type="allocate" free="0" total="5701632" percent="0" />
      <mem type="survivor" free="0" total="5701632" percent="0" />
    </mem>
    <mem type="tenure" free="0" total="4718592" percent="0">
      <mem type="soa" free="0" total="4718592" percent="0" />
      <mem type="loa" free="0" total="0" percent="0" />
    </mem>
    <remembered-set count="909" />
  </mem-info>
</gc-start>
<allocation-stats totalBytes="0" >
  <allocated-bytes non-tlh="0" tlh="0" />
</allocation-stats>
<gc-op id="2372" type="mark" timems="5.367" contextid="2369" timestamp="2019-06-15T04:55:48.415">
  <trace-info objectcount="280883" scancount="226502" scanbytes="7273424" />
  <finalization candidates="58" enqueued="0" />
  <ownableSynchronizers candidates="8" cleared="0" />
  <references type="soft" candidates="98" cleared="0" enqueued="0" dynamicThreshold="0" maxThreshold="32" />
  <references type="weak" candidates="816" cleared="0" enqueued="0" />
  <references type="phantom" candidates="84" cleared="0" enqueued="0" />
  <stringconstants candidates="4979" cleared="0"  />
</gc-op>
<gc-op id="2373" type="sweep" timems="0.356" contextid="2369" timestamp="2019-06-15T04:55:48.415" />
<mem-info id="2374" free="14504" total="16121856" percent="0">
  <mem type="nursery" free="11392" total="11403264" percent="0">
    <mem type="allocate" free="11392" total="5701632" percent="0" />
    <mem type="survivor" free="0" total="5701632" percent="0" />
  </mem>
  <mem type="tenure" free="3112" total="4718592" percent="0" micro-fragmented="0" macro-fragmented="0">
    <mem type="soa" free="3112" total="4718592" percent="0" />
    <mem type="loa" free="0" total="0" percent="0" />
  </mem>
  <remembered-set count="909" />
</mem-info>
<gc-op id="2375" type="compact" timems="6.398" contextid="2369" timestamp="2019-06-15T04:55:48.422">
  <compact-info movecount="397" movebytes="23896" reason="compact to aid heap contraction" />
</gc-op>
<gc-end id="2376" type="global" contextid="2369" durationms="12.997" usertimems="20.000" systemtimems="0.000" timestamp="2019-06-15T04:55:48.422" activeThreads="4">
  <mem-info id="2377" free="20504" total="16121856" percent="0">
    <mem type="nursery" free="17392" total="11403264" percent="0">
      <mem type="allocate" free="17392" total="5701632" percent="0" />
      <mem type="survivor" free="0" total="5701632" percent="0" />
    </mem>
    <mem type="tenure" free="3112" total="4718592" percent="0">
      <mem type="soa" free="3112" total="4718592" percent="0" />
      <mem type="loa" free="0" total="0" percent="0" />
    </mem>
    <remembered-set count="909" />
  </mem-info>
</gc-end>
<cycle-end id="2378" type="global" contextid="2369" timestamp="2019-06-15T04:55:48.423" />
  <attribute name="elasticGC enabled" value="1" />
  <attribute name= "numThreadsSpecified" value="4" />
  <attribute name="heapSize specified" value="16121856" />
  <attribute name="Current GC Util" value="134" />
  <attribute name= "Current Time Running" value="3856" />
  <attribute name ="GC Interval" value="1696" />
  <attribute name="ProportionalT" value="57.000000" />
  <attribute name="ProportionalI" value="57.000000" />
  <attribute name="ProportionalH" value="57.000000" />
  <attribute name="Current Error" value="114.000000" />
  <attribute name="IntegralT" value="684.000000" />
  <attribute name="IntegralI" value="684.000000" />
  <attribute name="IntegralH" value="684.000000" />
  <attribute name="DerivativeT" value="24.500000" />
  <attribute name="DerivativeI" value="24.500000" />
  <attribute name="DerivativeH" value="24.500000" />
  <attribute name="Loop Time for DT" value="6.000000" />
  <attribute name="Output H" value="8388608"/>
  <attribute name="Output I" value="768"/>
  <attribute name="Output T" value="4"/>
  <attribute name="Target GC Util Change" value ="20.000000" />
  <attribute name="Current GC Util Change" value="134.000000"/>
  <attribute name="GC Util currently" value="134" />
  <attribute name="CPU Util currently" value="695439177326" />
<concurrent-kickoff id="2379" timestamp="2019-06-15T04:55:48.423">
  <kickoff reason="threshold reached" targetBytes="1505045" thresholdFreeBytes="208661"  remainingFree="17336" tenureFreeBytes="3112" nurseryFreeBytes="17336" />
</concurrent-kickoff>
<allocation-satisfied id="2380" threadId="00000000016DF000" bytesRequested="56" />
<af-end id="2381" timestamp="2019-06-15T04:55:48.423" threadId="00000000016DF988" success="true" from="nursery"/>
<exclusive-end id="2382" timestamp="2019-06-15T04:55:48.423" durationms="27.534" />

<exclusive-start id="2383" timestamp="2019-06-15T04:55:48.424" intervalms="28.358">
  <response-info timems="0.237" idlems="0.124" threads="1" lastid="00000000013CEB00" lastname="JIT Compilation Thread-2" />
</exclusive-start>
<event id="2384" timestamp="2019-06-15T04:55:48.424">
  <warning details="exclusive access acquired to satisfy allocation" />
</event>
<cycle-start id="2385" type="global" contextid="0" timestamp="2019-06-15T04:55:48.424" intervalms="15.153" />
<exclusive-end id="2386" timestamp="2019-06-15T04:55:48.424" durationms="0.193" />

<exclusive-start id="2387" timestamp="2019-06-15T04:55:48.425" intervalms="0.374">
  <response-info timems="0.032" idlems="0.032" threads="0" lastid="00000000016D7800" lastname="PmdThread 2" />
</exclusive-start>
<af-start id="2388" threadId="00000000016D8188" totalBytesRequested="56" timestamp="2019-06-15T04:55:48.425" intervalms="28.657" type="nursery" />
<cycle-start id="2389" type="scavenge" contextid="0" timestamp="2019-06-15T04:55:48.425" intervalms="28.603" />
<gc-start id="2390" type="scavenge" contextid="2389" timestamp="2019-06-15T04:55:48.425">
  <mem-info id="2391" free="3112" total="16121856" percent="0">
    <mem type="nursery" free="0" total="11403264" percent="0">
      <mem type="allocate" free="0" total="5701632" percent="0" />
      <mem type="survivor" free="0" total="5701632" percent="0" />
    </mem>
    <mem type="tenure" free="3112" total="4718592" percent="0">
      <mem type="soa" free="3112" total="4718592" percent="0" />
      <mem type="loa" free="0" total="0" percent="0" />
    </mem>
    <remembered-set count="915" />
  </mem-info>
</gc-start>
<allocation-stats totalBytes="17376" >
  <allocated-bytes non-tlh="56" tlh="17320" />
  <largest-consumer threadName="PmdThread 2" threadId="00000000016D7800" bytes="5032" />
</allocation-stats>
<gc-op id="2392" type="scavenge" timems="12.498" contextid="2389" timestamp="2019-06-15T04:55:48.437">
  <scavenger-info tenureage="1" tenuremask="fffe" tiltratio="50" />
  <memory-copied type="nursery" objects="172430" bytes="5637128" bytesdiscarded="64392" />
  <memory-copied type="tenure" objects="61" bytes="3112" bytesdiscarded="0" />
  <copy-failed type="nursery" objects="1" bytes="16" />
  <copy-failed type="tenure" objects="172203" bytes="5630664" />
  <ownableSynchronizers candidates="16" cleared="0" />
  <warning details="aborted collection due to insufficient free space" />
</gc-op>
<gc-end id="2393" type="scavenge" contextid="2389" durationms="12.786" usertimems="20.000" systemtimems="0.000" timestamp="2019-06-15T04:55:48.438" activeThreads="4">
  <mem-info id="2394" free="0" total="16121856" percent="0">
    <mem type="nursery" free="0" total="11403264" percent="0">
      <mem type="allocate" free="0" total="5701632" percent="0" />
      <mem type="survivor" free="0" total="5701632" percent="0" />
    </mem>
    <mem type="tenure" free="0" total="4718592" percent="0">
      <mem type="soa" free="0" total="4718592" percent="0" />
      <mem type="loa" free="0" total="0" percent="0" />
    </mem>
    <remembered-set count="915" />
  </mem-info>
</gc-end>
<cycle-end id="2395" type="scavenge" contextid="2389" timestamp="2019-06-15T04:55:48.438" />
  <attribute name="elasticGC enabled" value="1" />
  <attribute name= "numThreadsSpecified" value="4" />
  <attribute name="heapSize specified" value="16121856" />
  <attribute name="Current GC Util" value="336" />
  <attribute name= "Current Time Running" value="3859" />
  <attribute name ="GC Interval" value="1208" />
  <attribute name="ProportionalT" value="158.000000" />
  <attribute name="ProportionalI" value="158.000000" />
  <attribute name="ProportionalH" value="158.000000" />
  <attribute name="Current Error" value="316.000000" />
  <attribute name="IntegralT" value="948.000000" />
  <attribute name="IntegralI" value="948.000000" />
  <attribute name="IntegralH" value="948.000000" />
  <attribute name="DerivativeT" value="101.000000" />
  <attribute name="DerivativeI" value="101.000000" />
  <attribute name="DerivativeH" value="101.000000" />
  <attribute name="Loop Time for DT" value="3.000000" />
  <attribute name="Output H" value="8388608"/>
  <attribute name="Output I" value="1208"/>
  <attribute name="Output T" value="4"/>
  <attribute name="Target GC Util Change" value ="20.000000" />
  <attribute name="Current GC Util Change" value="336.000000"/>
  <attribute name="GC Util currently" value="336" />
  <attribute name="CPU Util currently" value="1662835964362" />
<percolate-collect id="2396" from="nursery" to="global" reason="failed tenure threshold reached" timestamp="2019-06-15T04:55:48.438"/>
<concurrent-aborted id="2397" timestamp="2019-06-15T04:55:48.438">
  <reason value="insufficient progress made" />
</concurrent-aborted>
<cycle-end id="2398" type="global" contextid="2385" timestamp="2019-06-15T04:55:48.438" />
  <attribute name="elasticGC enabled" value="1" />
  <attribute name= "numThreadsSpecified" value="4" />
  <attribute name="heapSize specified" value="16121856" />
  <attribute name="Current GC Util" value="336" />
  <attribute name= "Current Time Running" value="3859" />
  <attribute name ="GC Interval" value="1208" />
  <attribute name="ProportionalT" value="158.000000" />
  <attribute name="ProportionalI" value="158.000000" />
  <attribute name="ProportionalH" value="158.000000" />
  <attribute name="Current Error" value="316.000000" />
  <attribute name="IntegralT" value="948.000000" />
  <attribute name="IntegralI" value="948.000000" />
  <attribute name="IntegralH" value="948.000000" />
  <attribute name="DerivativeT" value="101.000000" />
  <attribute name="DerivativeI" value="101.000000" />
  <attribute name="DerivativeH" value="101.000000" />
  <attribute name="Loop Time for DT" value="3.000000" />
  <attribute name="Output H" value="8388608"/>
  <attribute name="Output I" value="1208"/>
  <attribute name="Output T" value="4"/>
  <attribute name="Target GC Util Change" value ="20.000000" />
  <attribute name="Current GC Util Change" value="336.000000"/>
  <attribute name="GC Util currently" value="336" />
  <attribute name="CPU Util currently" value="1662835964362" />
<cycle-start id="2399" type="global" contextid="0" timestamp="2019-06-15T04:55:48.438" intervalms="14.056" />
<gc-start id="2400" type="global" contextid="2399" timestamp="2019-06-15T04:55:48.439">
  <mem-info id="2401" free="0" total="16121856" percent="0">
    <mem type="nursery" free="0" total="11403264" percent="0">
      <mem type="allocate" free="0" total="5701632" percent="0" />
      <mem type="survivor" free="0" total="5701632" percent="0" />
    </mem>
    <mem type="tenure" free="0" total="4718592" percent="0">
      <mem type="soa" free="0" total="4718592" percent="0" />
      <mem type="loa" free="0" total="0" percent="0" />
    </mem>
    <remembered-set count="915" />
  </mem-info>
</gc-start>
<allocation-stats totalBytes="0" >
  <allocated-bytes non-tlh="0" tlh="0" />
</allocation-stats>
<gc-op id="2402" type="mark" timems="6.526" contextid="2399" timestamp="2019-06-15T04:55:48.445">
  <trace-info objectcount="281091" scancount="226665" scanbytes="7277792" />
  <finalization candidates="58" enqueued="0" />
  <ownableSynchronizers candidates="8" cleared="0" />
  <references type="soft" candidates="98" cleared="0" enqueued="0" dynamicThreshold="0" maxThreshold="32" />
  <references type="weak" candidates="816" cleared="0" enqueued="0" />
  <references type="phantom" candidates="84" cleared="0" enqueued="0" />
  <stringconstants candidates="4979" cleared="0"  />
</gc-op>
<gc-op id="2403" type="classunload" timems="0.003" contextid="2399" timestamp="2019-06-15T04:55:48.445">
  <classunload-info classloadercandidates="10" classloadersunloaded="0" classesunloaded="0" anonymousclassesunloaded="0" quiescems="0.000" setupms="0.002" scanms="0.000" postms="0.001" />
</gc-op>
<gc-op id="2404" type="sweep" timems="0.302" contextid="2399" timestamp="2019-06-15T04:55:48.446" />
<mem-info id="2405" free="13392" total="16121856" percent="0">
  <mem type="nursery" free="10280" total="11403264" percent="0">
    <mem type="allocate" free="10280" total="5701632" percent="0" />
    <mem type="survivor" free="0" total="5701632" percent="0" />
  </mem>
  <mem type="tenure" free="3112" total="4718592" percent="0" micro-fragmented="0" macro-fragmented="0">
    <mem type="soa" free="3112" total="4718592" percent="0" />
    <mem type="loa" free="0" total="0" percent="0" />
  </mem>
  <remembered-set count="915" />
</mem-info>
<gc-op id="2406" type="compact" timems="6.367" contextid="2399" timestamp="2019-06-15T04:55:48.452">
  <compact-info movecount="430" movebytes="24416" reason="compact to aid heap contraction" />
</gc-op>
<gc-end id="2407" type="global" contextid="2399" durationms="14.105" usertimems="24.000" systemtimems="0.000" timestamp="2019-06-15T04:55:48.453" activeThreads="4">
  <mem-info id="2408" free="14824" total="16121856" percent="0">
    <mem type="nursery" free="11712" total="11403264" percent="0">
      <mem type="allocate" free="11712" total="5701632" percent="0" />
      <mem type="survivor" free="0" total="5701632" percent="0" />
    </mem>
    <mem type="tenure" free="3112" total="4718592" percent="0">
      <mem type="soa" free="3112" total="4718592" percent="0" />
      <mem type="loa" free="0" total="0" percent="0" />
    </mem>
    <remembered-set count="915" />
  </mem-info>
</gc-end>
<cycle-end id="2409" type="global" contextid="2399" timestamp="2019-06-15T04:55:48.453" />
  <attribute name="elasticGC enabled" value="1" />
  <attribute name= "numThreadsSpecified" value="4" />
  <attribute name="heapSize specified" value="16121856" />
  <attribute name="Current GC Util" value="150" />
  <attribute name= "Current Time Running" value="3886" />
  <attribute name ="GC Interval" value="1208" />
  <attribute name="ProportionalT" value="65.000000" />
  <attribute name="ProportionalI" value="65.000000" />
  <attribute name="ProportionalH" value="65.000000" />
  <attribute name="Current Error" value="130.000000" />
  <attribute name="IntegralT" value="780.000000" />
  <attribute name="IntegralI" value="780.000000" />
  <attribute name="IntegralH" value="780.000000" />
  <attribute name="DerivativeT" value="27.750000" />
  <attribute name="DerivativeI" value="27.750000" />
  <attribute name="DerivativeH" value="27.750000" />
  <attribute name="Loop Time for DT" value="6.000000" />
  <attribute name="Output H" value="8388608"/>
  <attribute name="Output I" value="872"/>
  <attribute name="Output T" value="4"/>
  <attribute name="Target GC Util Change" value ="20.000000" />
  <attribute name="Current GC Util Change" value="150.000000"/>
  <attribute name="GC Util currently" value="150" />
  <attribute name="CPU Util currently" value="706051247147" />
<concurrent-kickoff id="2410" timestamp="2019-06-15T04:55:48.453">
  <kickoff reason="threshold reached" targetBytes="1505045" thresholdFreeBytes="208661"  remainingFree="11656" tenureFreeBytes="3112" nurseryFreeBytes="11656" />
</concurrent-kickoff>
<allocation-satisfied id="2411" threadId="00000000016D7800" bytesRequested="56" />
<af-end id="2412" timestamp="2019-06-15T04:55:48.453" threadId="00000000016D8188" success="true" from="nursery"/>
<exclusive-end id="2413" timestamp="2019-06-15T04:55:48.454" durationms="29.128" />

<exclusive-start id="2414" timestamp="2019-06-15T04:55:48.455" intervalms="30.563">
  <response-info timems="1.035" idlems="0.526" threads="1" lastid="00000000013CEB00" lastname="JIT Compilation Thread-2" />
</exclusive-start>
<cycle-start id="2415" type="global" contextid="0" timestamp="2019-06-15T04:55:48.455" intervalms="16.886" />
<exclusive-end id="2416" timestamp="2019-06-15T04:55:48.455" durationms="0.235" />

<exclusive-start id="2417" timestamp="2019-06-15T04:55:48.456" intervalms="0.336">
  <response-info timems="0.035" idlems="0.035" threads="0" lastid="00000000013C3700" lastname="main" />
</exclusive-start>
<af-start id="2418" threadId="00000000013C4088" totalBytesRequested="16" timestamp="2019-06-15T04:55:48.456" intervalms="30.941" type="nursery" />
<cycle-start id="2419" type="scavenge" contextid="0" timestamp="2019-06-15T04:55:48.456" intervalms="30.970" />
<gc-start id="2420" type="scavenge" contextid="2419" timestamp="2019-06-15T04:55:48.456">
  <mem-info id="2421" free="3112" total="16121856" percent="0">
    <mem type="nursery" free="0" total="11403264" percent="0">
      <mem type="allocate" free="0" total="5701632" percent="0" />
      <mem type="survivor" free="0" total="5701632" percent="0" />
    </mem>
    <mem type="tenure" free="3112" total="4718592" percent="0">
      <mem type="soa" free="3112" total="4718592" percent="0" />
      <mem type="loa" free="0" total="0" percent="0" />
    </mem>
    <remembered-set count="915" />
  </mem-info>
</gc-start>
<allocation-stats totalBytes="11664" >
  <allocated-bytes non-tlh="56" tlh="11608" />
  <largest-consumer threadName="PmdThread 3" threadId="00000000016DB400" bytes="11608" />
</allocation-stats>
<gc-op id="2422" type="scavenge" timems="12.018" contextid="2419" timestamp="2019-06-15T04:55:48.468">
  <scavenger-info tenureage="1" tenuremask="fffe" tiltratio="50" />
  <memory-copied type="nursery" objects="171686" bytes="5619112" bytesdiscarded="82408" />
  <memory-copied type="tenure" objects="64" bytes="3104" bytesdiscarded="8" />
  <copy-failed type="nursery" objects="1" bytes="40" />
  <copy-failed type="tenure" objects="171641" bytes="5616416" />
  <ownableSynchronizers candidates="16" cleared="0" />
  <warning details="aborted collection due to insufficient free space" />
</gc-op>
<gc-end id="2423" type="scavenge" contextid="2419" durationms="12.387" usertimems="20.000" systemtimems="0.000" timestamp="2019-06-15T04:55:48.468" activeThreads="4">
  <mem-info id="2424" free="0" total="16121856" percent="0">
    <mem type="nursery" free="0" total="11403264" percent="0">
      <mem type="allocate" free="0" total="5701632" percent="0" />
      <mem type="survivor" free="0" total="5701632" percent="0" />
    </mem>
    <mem type="tenure" free="0" total="4718592" percent="0">
      <mem type="soa" free="0" total="4718592" percent="0" />
      <mem type="loa" free="0" total="0" percent="0" />
    </mem>
    <remembered-set count="915" />
  </mem-info>
</gc-end>
<cycle-end id="2425" type="scavenge" contextid="2419" timestamp="2019-06-15T04:55:48.468" />
  <attribute name="elasticGC enabled" value="1" />
  <attribute name= "numThreadsSpecified" value="4" />
  <attribute name="heapSize specified" value="16121856" />
  <attribute name="Current GC Util" value="124" />
  <attribute name= "Current Time Running" value="3890" />
  <attribute name ="GC Interval" value="464" />
  <attribute name="ProportionalT" value="52.000000" />
  <attribute name="ProportionalI" value="52.000000" />
  <attribute name="ProportionalH" value="52.000000" />
  <attribute name="Current Error" value="104.000000" />
  <attribute name="IntegralT" value="416.000000" />
  <attribute name="IntegralI" value="416.000000" />
  <attribute name="IntegralH" value="416.000000" />
  <attribute name="DerivativeT" value="-9.750000" />
  <attribute name="DerivativeI" value="-9.750000" />
  <attribute name="DerivativeH" value="-9.750000" />
  <attribute name="Loop Time for DT" value="4.000000" />
  <attribute name="Output H" value="8388608"/>
  <attribute name="Output I" value="464"/>
  <attribute name="Output T" value="4"/>
  <attribute name="Target GC Util Change" value ="20.000000" />
  <attribute name="Current GC Util Change" value="124.000000"/>
  <attribute name="GC Util currently" value="124" />
  <attribute name="CPU Util currently" value="1288916708785" />
<percolate-collect id="2426" from="nursery" to="global" reason="failed tenure threshold reached" timestamp="2019-06-15T04:55:48.469"/>
<concurrent-aborted id="2427" timestamp="2019-06-15T04:55:48.469">
  <reason value="insufficient progress made" />
</concurrent-aborted>
<cycle-end id="2428" type="global" contextid="2415" timestamp="2019-06-15T04:55:48.469" />
  <attribute name="elasticGC enabled" value="1" />
  <attribute name= "numThreadsSpecified" value="4" />
  <attribute name="heapSize specified" value="16121856" />
  <attribute name="Current GC Util" value="124" />
  <attribute name= "Current Time Running" value="3890" />
  <attribute name ="GC Interval" value="464" />
  <attribute name="ProportionalT" value="52.000000" />
  <attribute name="ProportionalI" value="52.000000" />
  <attribute name="ProportionalH" value="52.000000" />
  <attribute name="Current Error" value="104.000000" />
  <attribute name="IntegralT" value="416.000000" />
  <attribute name="IntegralI" value="416.000000" />
  <attribute name="IntegralH" value="416.000000" />
  <attribute name="DerivativeT" value="-9.750000" />
  <attribute name="DerivativeI" value="-9.750000" />
  <attribute name="DerivativeH" value="-9.750000" />
  <attribute name="Loop Time for DT" value="4.000000" />
  <attribute name="Output H" value="8388608"/>
  <attribute name="Output I" value="464"/>
  <attribute name="Output T" value="4"/>
  <attribute name="Target GC Util Change" value ="20.000000" />
  <attribute name="Current GC Util Change" value="124.000000"/>
  <attribute name="GC Util currently" value="124" />
  <attribute name="CPU Util currently" value="1288916708785" />
<cycle-start id="2429" type="global" contextid="0" timestamp="2019-06-15T04:55:48.469" intervalms="13.632" />
<gc-start id="2430" type="global" contextid="2429" timestamp="2019-06-15T04:55:48.469">
  <mem-info id="2431" free="0" total="16121856" percent="0">
    <mem type="nursery" free="0" total="11403264" percent="0">
      <mem type="allocate" free="0" total="5701632" percent="0" />
      <mem type="survivor" free="0" total="5701632" percent="0" />
    </mem>
    <mem type="tenure" free="0" total="4718592" percent="0">
      <mem type="soa" free="0" total="4718592" percent="0" />
      <mem type="loa" free="0" total="0" percent="0" />
    </mem>
    <remembered-set count="915" />
  </mem-info>
</gc-start>
<allocation-stats totalBytes="0" >
  <allocated-bytes non-tlh="0" tlh="0" />
</allocation-stats>
<gc-op id="2432" type="mark" timems="7.189" contextid="2429" timestamp="2019-06-15T04:55:48.476">
  <trace-info objectcount="281136" scancount="226690" scanbytes="7278884" />
  <finalization candidates="58" enqueued="0" />
  <ownableSynchronizers candidates="8" cleared="0" />
  <references type="soft" candidates="98" cleared="0" enqueued="0" dynamicThreshold="0" maxThreshold="32" />
  <references type="weak" candidates="816" cleared="0" enqueued="0" />
  <references type="phantom" candidates="84" cleared="0" enqueued="0" />
  <stringconstants candidates="4979" cleared="0"  />
</gc-op>
<gc-op id="2433" type="classunload" timems="0.002" contextid="2429" timestamp="2019-06-15T04:55:48.476">
  <classunload-info classloadercandidates="10" classloadersunloaded="0" classesunloaded="0" anonymousclassesunloaded="0" quiescems="0.000" setupms="0.001" scanms="0.001" postms="0.000" />
</gc-op>
<gc-op id="2434" type="sweep" timems="0.290" contextid="2429" timestamp="2019-06-15T04:55:48.477" />
<mem-info id="2435" free="9424" total="16121856" percent="0">
  <mem type="nursery" free="6312" total="11403264" percent="0">
    <mem type="allocate" free="6312" total="5701632" percent="0" />
    <mem type="survivor" free="0" total="5701632" percent="0" />
  </mem>
  <mem type="tenure" free="3112" total="4718592" percent="0" micro-fragmented="0" macro-fragmented="0">
    <mem type="soa" free="3112" total="4718592" percent="0" />
    <mem type="loa" free="0" total="0" percent="0" />
  </mem>
  <remembered-set count="915" />
</mem-info>
<gc-op id="2436" type="compact" timems="6.124" contextid="2429" timestamp="2019-06-15T04:55:48.483">
  <compact-info movecount="30" movebytes="1280" reason="compact to aid heap contraction" />
</gc-op>
<gc-end id="2437" type="global" contextid="2429" durationms="14.347" usertimems="24.000" systemtimems="0.000" timestamp="2019-06-15T04:55:48.483" activeThreads="4">
  <mem-info id="2438" free="11992" total="16121856" percent="0">
    <mem type="nursery" free="8880" total="11403264" percent="0">
      <mem type="allocate" free="8880" total="5701632" percent="0" />
      <mem type="survivor" free="0" total="5701632" percent="0" />
    </mem>
    <mem type="tenure" free="3112" total="4718592" percent="0">
      <mem type="soa" free="3112" total="4718592" percent="0" />
      <mem type="loa" free="0" total="0" percent="0" />
    </mem>
    <remembered-set count="915" />
  </mem-info>
</gc-end>
<cycle-end id="2439" type="global" contextid="2429" timestamp="2019-06-15T04:55:48.484" />
  <attribute name="elasticGC enabled" value="1" />
  <attribute name= "numThreadsSpecified" value="4" />
  <attribute name="heapSize specified" value="16121856" />
  <attribute name="Current GC Util" value="90" />
  <attribute name= "Current Time Running" value="3917" />
  <attribute name ="GC Interval" value="464" />
  <attribute name="ProportionalT" value="35.000000" />
  <attribute name="ProportionalI" value="35.000000" />
  <attribute name="ProportionalH" value="35.000000" />
  <attribute name="Current Error" value="70.000000" />
  <attribute name="IntegralT" value="420.000000" />
  <attribute name="IntegralI" value="420.000000" />
  <attribute name="IntegralH" value="420.000000" />
  <attribute name="DerivativeT" value="11.750000" />
  <attribute name="DerivativeI" value="11.750000" />
  <attribute name="DerivativeH" value="11.750000" />
  <attribute name="Loop Time for DT" value="6.000000" />
  <attribute name="Output H" value="8388608"/>
  <attribute name="Output I" value="472"/>
  <attribute name="Output T" value="4"/>
  <attribute name="Target GC Util Change" value ="20.000000" />
  <attribute name="Current GC Util Change" value="90.000000"/>
  <attribute name="GC Util currently" value="90" />
  <attribute name="CPU Util currently" value="736189713307" />
<concurrent-kickoff id="2440" timestamp="2019-06-15T04:55:48.484">
  <kickoff reason="threshold reached" targetBytes="1505045" thresholdFreeBytes="208661"  remainingFree="8864" tenureFreeBytes="3112" nurseryFreeBytes="8864" />
</concurrent-kickoff>
<allocation-satisfied id="2441" threadId="00000000013C3700" bytesRequested="16" />
<af-end id="2442" timestamp="2019-06-15T04:55:48.484" threadId="00000000013C4088" success="true" from="nursery"/>
<exclusive-end id="2443" timestamp="2019-06-15T04:55:48.484" durationms="28.697" />

<exclusive-start id="2444" timestamp="2019-06-15T04:55:48.489" intervalms="33.206">
  <response-info timems="0.709" idlems="0.437" threads="1" lastid="00000000013C3700" lastname="main" />
</exclusive-start>
<cycle-start id="2445" type="global" contextid="0" timestamp="2019-06-15T04:55:48.489" intervalms="19.855" />
<exclusive-end id="2446" timestamp="2019-06-15T04:55:48.489" durationms="0.148" />

<exclusive-start id="2447" timestamp="2019-06-15T04:55:48.489" intervalms="0.236">
  <response-info timems="0.027" idlems="0.027" threads="0" lastid="00000000016D7800" lastname="PmdThread 2" />
</exclusive-start>
<af-start id="2448" threadId="00000000016D8188" totalBytesRequested="64" timestamp="2019-06-15T04:55:48.489" intervalms="33.387" type="nursery" />
<cycle-start id="2449" type="scavenge" contextid="0" timestamp="2019-06-15T04:55:48.489" intervalms="33.322" />
<gc-start id="2450" type="scavenge" contextid="2449" timestamp="2019-06-15T04:55:48.489">
  <mem-info id="2451" free="3112" total="16121856" percent="0">
    <mem type="nursery" free="0" total="11403264" percent="0">
      <mem type="allocate" free="0" total="5701632" percent="0" />
      <mem type="survivor" free="0" total="5701632" percent="0" />
    </mem>
    <mem type="tenure" free="3112" total="4718592" percent="0">
      <mem type="soa" free="3112" total="4718592" percent="0" />
      <mem type="loa" free="0" total="0" percent="0" />
    </mem>
    <remembered-set count="916" />
  </mem-info>
</gc-start>
<allocation-stats totalBytes="8832" >
  <allocated-bytes non-tlh="16" tlh="8816" />
  <largest-consumer threadName="PmdThread 1" threadId="00000000016D3C00" bytes="8816" />
</allocation-stats>
<gc-op id="2452" type="scavenge" timems="11.497" contextid="2449" timestamp="2019-06-15T04:55:48.501">
  <scavenger-info tenureage="1" tenuremask="fffe" tiltratio="50" />
  <memory-copied type="nursery" objects="173106" bytes="5657904" bytesdiscarded="43616" />
  <memory-copied type="tenure" objects="61" bytes="3112" bytesdiscarded="0" />
  <copy-failed type="nursery" objects="1" bytes="40" />
  <copy-failed type="tenure" objects="173003" bytes="5654160" />
  <ownableSynchronizers candidates="16" cleared="0" />
  <warning details="aborted collection due to insufficient free space" />
</gc-op>
<gc-end id="2453" type="scavenge" contextid="2449" durationms="11.829" usertimems="16.000" systemtimems="0.000" timestamp="2019-06-15T04:55:48.501" activeThreads="4">
  <mem-info id="2454" free="0" total="16121856" percent="0">
    <mem type="nursery" free="0" total="11403264" percent="0">
      <mem type="allocate" free="0" total="5701632" percent="0" />
      <mem type="survivor" free="0" total="5701632" percent="0" />
    </mem>
    <mem type="tenure" free="0" total="4718592" percent="0">
      <mem type="soa" free="0" total="4718592" percent="0" />
      <mem type="loa" free="0" total="0" percent="0" />
    </mem>
    <remembered-set count="916" />
  </mem-info>
</gc-end>
<cycle-end id="2455" type="scavenge" contextid="2449" timestamp="2019-06-15T04:55:48.501" />
  <attribute name="elasticGC enabled" value="1" />
  <attribute name= "numThreadsSpecified" value="4" />
  <attribute name="heapSize specified" value="16121856" />
  <attribute name="Current GC Util" value="244" />
  <attribute name= "Current Time Running" value="3923" />
  <attribute name ="GC Interval" value="1496" />
  <attribute name="ProportionalT" value="112.000000" />
  <attribute name="ProportionalI" value="112.000000" />
  <attribute name="ProportionalH" value="112.000000" />
  <attribute name="Current Error" value="224.000000" />
  <attribute name="IntegralT" value="1344.000000" />
  <attribute name="IntegralI" value="1344.000000" />
  <attribute name="IntegralH" value="1344.000000" />
  <attribute name="DerivativeT" value="38.500000" />
  <attribute name="DerivativeI" value="38.500000" />
  <attribute name="DerivativeH" value="38.500000" />
  <attribute name="Loop Time for DT" value="6.000000" />
  <attribute name="Output H" value="8388608"/>
  <attribute name="Output I" value="1496"/>
  <attribute name="Output T" value="4"/>
  <attribute name="Target GC Util Change" value ="20.000000" />
  <attribute name="Current GC Util Change" value="244.000000"/>
  <attribute name="GC Util currently" value="244" />
  <attribute name="CPU Util currently" value="764483190491" />
<percolate-collect id="2456" from="nursery" to="global" reason="failed tenure threshold reached" timestamp="2019-06-15T04:55:48.501"/>
<concurrent-aborted id="2457" timestamp="2019-06-15T04:55:48.501">
  <reason value="insufficient progress made" />
</concurrent-aborted>
<cycle-end id="2458" type="global" contextid="2445" timestamp="2019-06-15T04:55:48.502" />
  <attribute name="elasticGC enabled" value="1" />
  <attribute name= "numThreadsSpecified" value="4" />
  <attribute name="heapSize specified" value="16121856" />
  <attribute name="Current GC Util" value="244" />
  <attribute name= "Current Time Running" value="3923" />
  <attribute name ="GC Interval" value="1496" />
  <attribute name="ProportionalT" value="112.000000" />
  <attribute name="ProportionalI" value="112.000000" />
  <attribute name="ProportionalH" value="112.000000" />
  <attribute name="Current Error" value="224.000000" />
  <attribute name="IntegralT" value="1344.000000" />
  <attribute name="IntegralI" value="1344.000000" />
  <attribute name="IntegralH" value="1344.000000" />
  <attribute name="DerivativeT" value="38.500000" />
  <attribute name="DerivativeI" value="38.500000" />
  <attribute name="DerivativeH" value="38.500000" />
  <attribute name="Loop Time for DT" value="6.000000" />
  <attribute name="Output H" value="8388608"/>
  <attribute name="Output I" value="1496"/>
  <attribute name="Output T" value="4"/>
  <attribute name="Target GC Util Change" value ="20.000000" />
  <attribute name="Current GC Util Change" value="244.000000"/>
  <attribute name="GC Util currently" value="244" />
  <attribute name="CPU Util currently" value="764483190491" />
<cycle-start id="2459" type="global" contextid="0" timestamp="2019-06-15T04:55:48.502" intervalms="12.899" />
<gc-start id="2460" type="global" contextid="2459" timestamp="2019-06-15T04:55:48.502">
  <mem-info id="2461" free="0" total="16121856" percent="0">
    <mem type="nursery" free="0" total="11403264" percent="0">
      <mem type="allocate" free="0" total="5701632" percent="0" />
      <mem type="survivor" free="0" total="5701632" percent="0" />
    </mem>
    <mem type="tenure" free="0" total="4718592" percent="0">
      <mem type="soa" free="0" total="4718592" percent="0" />
      <mem type="loa" free="0" total="0" percent="0" />
    </mem>
    <remembered-set count="916" />
  </mem-info>
</gc-start>
<allocation-stats totalBytes="0" >
  <allocated-bytes non-tlh="0" tlh="0" />
</allocation-stats>
<gc-op id="2462" type="mark" timems="5.828" contextid="2459" timestamp="2019-06-15T04:55:48.508">
  <trace-info objectcount="281234" scancount="226776" scanbytes="7281916" />
  <finalization candidates="58" enqueued="0" />
  <ownableSynchronizers candidates="8" cleared="0" />
  <references type="soft" candidates="98" cleared="0" enqueued="0" dynamicThreshold="0" maxThreshold="32" />
  <references type="weak" candidates="816" cleared="0" enqueued="0" />
  <references type="phantom" candidates="84" cleared="0" enqueued="0" />
  <stringconstants candidates="4979" cleared="0"  />
</gc-op>
<gc-op id="2463" type="classunload" timems="0.002" contextid="2459" timestamp="2019-06-15T04:55:48.508">
  <classunload-info classloadercandidates="10" classloadersunloaded="0" classesunloaded="0" anonymousclassesunloaded="0" quiescems="0.000" setupms="0.002" scanms="0.000" postms="0.000" />
</gc-op>
<gc-op id="2464" type="sweep" timems="0.349" contextid="2459" timestamp="2019-06-15T04:55:48.508" />
<mem-info id="2465" free="7704" total="16121856" percent="0">
  <mem type="nursery" free="4592" total="11403264" percent="0">
    <mem type="allocate" free="4592" total="5701632" percent="0" />
    <mem type="survivor" free="0" total="5701632" percent="0" />
  </mem>
  <mem type="tenure" free="3112" total="4718592" percent="0" micro-fragmented="0" macro-fragmented="0">
    <mem type="soa" free="3112" total="4718592" percent="0" />
    <mem type="loa" free="0" total="0" percent="0" />
  </mem>
  <remembered-set count="916" />
</mem-info>
<gc-op id="2466" type="compact" timems="6.173" contextid="2459" timestamp="2019-06-15T04:55:48.515">
  <compact-info movecount="88" movebytes="3456" reason="compact to aid heap contraction" />
</gc-op>
<gc-end id="2467" type="global" contextid="2459" durationms="13.201" usertimems="24.000" systemtimems="0.000" timestamp="2019-06-15T04:55:48.515" activeThreads="4">
  <mem-info id="2468" free="8216" total="16121856" percent="0">
    <mem type="nursery" free="5104" total="11403264" percent="0">
      <mem type="allocate" free="5104" total="5701632" percent="0" />
      <mem type="survivor" free="0" total="5701632" percent="0" />
    </mem>
    <mem type="tenure" free="3112" total="4718592" percent="0">
      <mem type="soa" free="3112" total="4718592" percent="0" />
      <mem type="loa" free="0" total="0" percent="0" />
    </mem>
    <remembered-set count="916" />
  </mem-info>
</gc-end>
<cycle-end id="2469" type="global" contextid="2459" timestamp="2019-06-15T04:55:48.515" />
  <attribute name="elasticGC enabled" value="1" />
  <attribute name= "numThreadsSpecified" value="4" />
  <attribute name="heapSize specified" value="16121856" />
  <attribute name="Current GC Util" value="89" />
  <attribute name= "Current Time Running" value="3949" />
  <attribute name ="GC Interval" value="1496" />
  <attribute name="ProportionalT" value="34.500000" />
  <attribute name="ProportionalI" value="34.500000" />
  <attribute name="ProportionalH" value="34.500000" />
  <attribute name="Current Error" value="69.000000" />
  <attribute name="IntegralT" value="483.000000" />
  <attribute name="IntegralI" value="483.000000" />
  <attribute name="IntegralH" value="483.000000" />
  <attribute name="DerivativeT" value="11.571429" />
  <attribute name="DerivativeI" value="11.571429" />
  <attribute name="DerivativeH" value="11.571429" />
  <attribute name="Loop Time for DT" value="7.000000" />
  <attribute name="Output H" value="8388608"/>
  <attribute name="Output I" value="536"/>
  <attribute name="Output T" value="4"/>
  <attribute name="Target GC Util Change" value ="20.000000" />
  <attribute name="Current GC Util Change" value="89.000000"/>
  <attribute name="GC Util currently" value="89" />
  <attribute name="CPU Util currently" value="729598098969" />
<concurrent-kickoff id="2470" timestamp="2019-06-15T04:55:48.515">
  <kickoff reason="threshold reached" targetBytes="1505045" thresholdFreeBytes="208661"  remainingFree="5040" tenureFreeBytes="3112" nurseryFreeBytes="5040" />
</concurrent-kickoff>
<allocation-satisfied id="2471" threadId="00000000016D7800" bytesRequested="64" />
<af-end id="2472" timestamp="2019-06-15T04:55:48.515" threadId="00000000016D8188" success="true" from="nursery"/>
<exclusive-end id="2473" timestamp="2019-06-15T04:55:48.516" durationms="26.611" />

<exclusive-start id="2474" timestamp="2019-06-15T04:55:48.516" intervalms="26.800">
  <response-info timems="0.028" idlems="0.028" threads="0" lastid="00000000016DF000" lastname="PmdThread 4" />
</exclusive-start>
<af-start id="2475" threadId="00000000016DF988" totalBytesRequested="56" timestamp="2019-06-15T04:55:48.516" intervalms="26.811" type="nursery" />
<cycle-start id="2476" type="scavenge" contextid="0" timestamp="2019-06-15T04:55:48.516" intervalms="26.873" />
<gc-start id="2477" type="scavenge" contextid="2476" timestamp="2019-06-15T04:55:48.516">
  <mem-info id="2478" free="3112" total="16121856" percent="0">
    <mem type="nursery" free="0" total="11403264" percent="0">
      <mem type="allocate" free="0" total="5701632" percent="0" />
      <mem type="survivor" free="0" total="5701632" percent="0" />
    </mem>
    <mem type="tenure" free="3112" total="4718592" percent="0">
      <mem type="soa" free="3112" total="4718592" percent="0" />
      <mem type="loa" free="0" total="0" percent="0" />
    </mem>
    <remembered-set count="916" />
  </mem-info>
</gc-start>
<allocation-stats totalBytes="5104" >
  <allocated-bytes non-tlh="64" tlh="5040" />
  <largest-consumer threadName="PmdThread 2" threadId="00000000016D7800" bytes="4160" />
</allocation-stats>
<gc-op id="2479" type="scavenge" timems="12.082" contextid="2476" timestamp="2019-06-15T04:55:48.528">
  <scavenger-info tenureage="1" tenuremask="fffe" tiltratio="50" />
  <memory-copied type="nursery" objects="171222" bytes="5608016" bytesdiscarded="93504" />
  <memory-copied type="tenure" objects="64" bytes="3104" bytesdiscarded="8" />
  <copy-failed type="nursery" objects="1" bytes="40" />
  <copy-failed type="tenure" objects="171207" bytes="5607552" />
  <ownableSynchronizers candidates="16" cleared="0" />
  <warning details="aborted collection due to insufficient free space" />
</gc-op>
<gc-end id="2480" type="scavenge" contextid="2476" durationms="12.604" usertimems="20.000" systemtimems="0.000" timestamp="2019-06-15T04:55:48.529" activeThreads="4">
  <mem-info id="2481" free="0" total="16121856" percent="0">
    <mem type="nursery" free="0" total="11403264" percent="0">
      <mem type="allocate" free="0" total="5701632" percent="0" />
      <mem type="survivor" free="0" total="5701632" percent="0" />
    </mem>
    <mem type="tenure" free="0" total="4718592" percent="0">
      <mem type="soa" free="0" total="4718592" percent="0" />
      <mem type="loa" free="0" total="0" percent="0" />
    </mem>
    <remembered-set count="916" />
  </mem-info>
</gc-end>
<cycle-end id="2482" type="scavenge" contextid="2476" timestamp="2019-06-15T04:55:48.529" />
  <attribute name="elasticGC enabled" value="1" />
  <attribute name= "numThreadsSpecified" value="4" />
  <attribute name="heapSize specified" value="16121856" />
  <attribute name="Current GC Util" value="1459" />
  <attribute name= "Current Time Running" value="3950" />
  <attribute name ="GC Interval" value="4000" />
  <attribute name="ProportionalT" value="719.500000" />
  <attribute name="ProportionalI" value="719.500000" />
  <attribute name="ProportionalH" value="719.500000" />
  <attribute name="Current Error" value="1439.000000" />
  <attribute name="IntegralT" value="1439.000000" />
  <attribute name="IntegralI" value="1439.000000" />
  <attribute name="IntegralH" value="1439.000000" />
  <attribute name="DerivativeT" value="2055.000000" />
  <attribute name="DerivativeI" value="2055.000000" />
  <attribute name="DerivativeH" value="2055.000000" />
  <attribute name="Loop Time for DT" value="1.000000" />
  <attribute name="Output H" value="8388608"/>
  <attribute name="Output I" value="4000"/>
  <attribute name="Output T" value="4"/>
  <attribute name="Target GC Util Change" value ="20.000000" />
  <attribute name="Current GC Util Change" value="1459.000000"/>
  <attribute name="GC Util currently" value="1459" />
  <attribute name="CPU Util currently" value="3440491176363" />
<percolate-collect id="2483" from="nursery" to="global" reason="failed tenure threshold reached" timestamp="2019-06-15T04:55:48.529"/>
<concurrent-aborted id="2484" timestamp="2019-06-15T04:55:48.529">
  <reason value="insufficient progress made" />
</concurrent-aborted>
<cycle-end id="2485" type="global" contextid="2445" timestamp="2019-06-15T04:55:48.529" />
  <attribute name="elasticGC enabled" value="1" />
  <attribute name= "numThreadsSpecified" value="4" />
  <attribute name="heapSize specified" value="16121856" />
  <attribute name="Current GC Util" value="1459" />
  <attribute name= "Current Time Running" value="3950" />
  <attribute name ="GC Interval" value="4000" />
  <attribute name="ProportionalT" value="719.500000" />
  <attribute name="ProportionalI" value="719.500000" />
  <attribute name="ProportionalH" value="719.500000" />
  <attribute name="Current Error" value="1439.000000" />
  <attribute name="IntegralT" value="1439.000000" />
  <attribute name="IntegralI" value="1439.000000" />
  <attribute name="IntegralH" value="1439.000000" />
  <attribute name="DerivativeT" value="2055.000000" />
  <attribute name="DerivativeI" value="2055.000000" />
  <attribute name="DerivativeH" value="2055.000000" />
  <attribute name="Loop Time for DT" value="1.000000" />
  <attribute name="Output H" value="8388608"/>
  <attribute name="Output I" value="4000"/>
  <attribute name="Output T" value="4"/>
  <attribute name="Target GC Util Change" value ="20.000000" />
  <attribute name="Current GC Util Change" value="1459.000000"/>
  <attribute name="GC Util currently" value="1459" />
  <attribute name="CPU Util currently" value="3440491176363" />
<cycle-start id="2486" type="global" contextid="0" timestamp="2019-06-15T04:55:48.529" intervalms="27.690" />
<gc-start id="2487" type="global" contextid="2486" timestamp="2019-06-15T04:55:48.530">
  <mem-info id="2488" free="0" total="16121856" percent="0">
    <mem type="nursery" free="0" total="11403264" percent="0">
      <mem type="allocate" free="0" total="5701632" percent="0" />
      <mem type="survivor" free="0" total="5701632" percent="0" />
    </mem>
    <mem type="tenure" free="0" total="4718592" percent="0">
      <mem type="soa" free="0" total="4718592" percent="0" />
      <mem type="loa" free="0" total="0" percent="0" />
    </mem>
    <remembered-set count="916" />
  </mem-info>
</gc-start>
<allocation-stats totalBytes="0" >
  <allocated-bytes non-tlh="0" tlh="0" />
</allocation-stats>
<gc-op id="2489" type="mark" timems="9.196" contextid="2486" timestamp="2019-06-15T04:55:48.539">
  <trace-info objectcount="281248" scancount="226784" scanbytes="7282376" />
  <finalization candidates="58" enqueued="0" />
  <ownableSynchronizers candidates="8" cleared="0" />
  <references type="soft" candidates="98" cleared="0" enqueued="0" dynamicThreshold="0" maxThreshold="32" />
  <references type="weak" candidates="816" cleared="0" enqueued="0" />
  <references type="phantom" candidates="84" cleared="0" enqueued="0" />
  <stringconstants candidates="4979" cleared="0"  />
</gc-op>
<gc-op id="2490" type="classunload" timems="0.002" contextid="2486" timestamp="2019-06-15T04:55:48.539">
  <classunload-info classloadercandidates="10" classloadersunloaded="0" classesunloaded="0" anonymousclassesunloaded="0" quiescems="0.000" setupms="0.002" scanms="0.000" postms="0.000" />
</gc-op>
<gc-op id="2491" type="sweep" timems="0.996" contextid="2486" timestamp="2019-06-15T04:55:48.540" />
<mem-info id="2492" free="7616" total="16121856" percent="0">
  <mem type="nursery" free="4504" total="11403264" percent="0">
    <mem type="allocate" free="4504" total="5701632" percent="0" />
    <mem type="survivor" free="0" total="5701632" percent="0" />
  </mem>
  <mem type="tenure" free="3112" total="4718592" percent="0" micro-fragmented="0" macro-fragmented="0">
    <mem type="soa" free="3112" total="4718592" percent="0" />
    <mem type="loa" free="0" total="0" percent="0" />
  </mem>
  <remembered-set count="916" />
</mem-info>
<gc-op id="2493" type="compact" timems="7.842" contextid="2486" timestamp="2019-06-15T04:55:48.548">
  <compact-info movecount="12" movebytes="416" reason="compact to aid heap contraction" />
</gc-op>
<gc-end id="2494" type="global" contextid="2486" durationms="18.908" usertimems="28.000" systemtimems="0.000" timestamp="2019-06-15T04:55:48.548" activeThreads="4">
  <mem-info id="2495" free="7680" total="16121856" percent="0">
    <mem type="nursery" free="4568" total="11403264" percent="0">
      <mem type="allocate" free="4568" total="5701632" percent="0" />
      <mem type="survivor" free="0" total="5701632" percent="0" />
    </mem>
    <mem type="tenure" free="3112" total="4718592" percent="0">
      <mem type="soa" free="3112" total="4718592" percent="0" />
      <mem type="loa" free="0" total="0" percent="0" />
    </mem>
    <remembered-set count="916" />
  </mem-info>
</gc-end>
<cycle-end id="2496" type="global" contextid="2486" timestamp="2019-06-15T04:55:48.549" />
  <attribute name="elasticGC enabled" value="1" />
  <attribute name= "numThreadsSpecified" value="4" />
  <attribute name="heapSize specified" value="16121856" />
  <attribute name="Current GC Util" value="90" />
  <attribute name= "Current Time Running" value="3982" />
  <attribute name ="GC Interval" value="4000" />
  <attribute name="ProportionalT" value="35.000000" />
  <attribute name="ProportionalI" value="35.000000" />
  <attribute name="ProportionalH" value="35.000000" />
  <attribute name="Current Error" value="70.000000" />
  <attribute name="IntegralT" value="560.000000" />
  <attribute name="IntegralI" value="560.000000" />
  <attribute name="IntegralH" value="560.000000" />
  <attribute name="DerivativeT" value="3.562500" />
  <attribute name="DerivativeI" value="3.562500" />
  <attribute name="DerivativeH" value="3.562500" />
  <attribute name="Loop Time for DT" value="8.000000" />
  <attribute name="Output H" value="8388608"/>
  <attribute name="Output I" value="600"/>
  <attribute name="Output T" value="4"/>
  <attribute name="Target GC Util Change" value ="20.000000" />
  <attribute name="Current GC Util Change" value="90.000000"/>
  <attribute name="GC Util currently" value="90" />
  <attribute name="CPU Util currently" value="575261686401" />
<concurrent-kickoff id="2497" timestamp="2019-06-15T04:55:48.549">
  <kickoff reason="threshold reached" targetBytes="1505045" thresholdFreeBytes="208661"  remainingFree="4512" tenureFreeBytes="3112" nurseryFreeBytes="4512" />
</concurrent-kickoff>
<allocation-satisfied id="2498" threadId="00000000016DF000" bytesRequested="56" />
<af-end id="2499" timestamp="2019-06-15T04:55:48.549" threadId="00000000016DF988" success="true" from="nursery"/>
<exclusive-end id="2500" timestamp="2019-06-15T04:55:48.549" durationms="33.711" />

<exclusive-start id="2501" timestamp="2019-06-15T04:55:48.551" intervalms="35.482">
  <response-info timems="0.821" idlems="0.553" threads="1" lastid="00000000016DF000" lastname="PmdThread 4" />
</exclusive-start>
<cycle-start id="2502" type="global" contextid="0" timestamp="2019-06-15T04:55:48.551" intervalms="21.911" />
<exclusive-end id="2503" timestamp="2019-06-15T04:55:48.551" durationms="0.095" />

<exclusive-start id="2504" timestamp="2019-06-15T04:55:48.564" intervalms="12.395">
  <response-info timems="0.054" idlems="0.054" threads="0" lastid="00000000016D7800" lastname="PmdThread 2" />
</exclusive-start>
<af-start id="2505" threadId="00000000016D8188" totalBytesRequested="56" timestamp="2019-06-15T04:55:48.564" intervalms="47.966" type="nursery" />
<cycle-start id="2506" type="scavenge" contextid="0" timestamp="2019-06-15T04:55:48.564" intervalms="47.931" />
<gc-start id="2507" type="scavenge" contextid="2506" timestamp="2019-06-15T04:55:48.564">
  <mem-info id="2508" free="3112" total="16121856" percent="0">
    <mem type="nursery" free="0" total="11403264" percent="0">
      <mem type="allocate" free="0" total="5701632" percent="0" />
      <mem type="survivor" free="0" total="5701632" percent="0" />
    </mem>
    <mem type="tenure" free="3112" total="4718592" percent="0">
      <mem type="soa" free="3112" total="4718592" percent="0" />
      <mem type="loa" free="0" total="0" percent="0" />
    </mem>
    <remembered-set count="918" />
  </mem-info>
</gc-start>
<allocation-stats totalBytes="4568" >
  <allocated-bytes non-tlh="56" tlh="4512" />
  <largest-consumer threadName="main" threadId="00000000013C3700" bytes="4512" />
</allocation-stats>
<gc-op id="2509" type="scavenge" timems="12.450" contextid="2506" timestamp="2019-06-15T04:55:48.577">
  <scavenger-info tenureage="1" tenuremask="fffe" tiltratio="50" />
  <memory-copied type="nursery" objects="170440" bytes="5588280" bytesdiscarded="113240" />
  <memory-copied type="tenure" objects="61" bytes="3112" bytesdiscarded="0" />
  <copy-failed type="nursery" objects="1" bytes="16" />
  <copy-failed type="tenure" objects="170367" bytes="5585240" />
  <ownableSynchronizers candidates="16" cleared="0" />
  <warning details="aborted collection due to insufficient free space" />
</gc-op>
<gc-end id="2510" type="scavenge" contextid="2506" durationms="12.837" usertimems="24.000" systemtimems="0.000" timestamp="2019-06-15T04:55:48.577" activeThreads="4">
  <mem-info id="2511" free="0" total="16121856" percent="0">
    <mem type="nursery" free="0" total="11403264" percent="0">
      <mem type="allocate" free="0" total="5701632" percent="0" />
      <mem type="survivor" free="0" total="5701632" percent="0" />
    </mem>
    <mem type="tenure" free="0" total="4718592" percent="0">
      <mem type="soa" free="0" total="4718592" percent="0" />
      <mem type="loa" free="0" total="0" percent="0" />
    </mem>
    <remembered-set count="918" />
  </mem-info>
</gc-end>
<cycle-end id="2512" type="scavenge" contextid="2506" timestamp="2019-06-15T04:55:48.577" />
  <attribute name="elasticGC enabled" value="1" />
  <attribute name= "numThreadsSpecified" value="4" />
  <attribute name="heapSize specified" value="16121856" />
  <attribute name="Current GC Util" value="167" />
  <attribute name= "Current Time Running" value="3998" />
  <attribute name ="GC Interval" value="2432" />
  <attribute name="ProportionalT" value="73.500000" />
  <attribute name="ProportionalI" value="73.500000" />
  <attribute name="ProportionalH" value="73.500000" />
  <attribute name="Current Error" value="147.000000" />
  <attribute name="IntegralT" value="2352.000000" />
  <attribute name="IntegralI" value="2352.000000" />
  <attribute name="IntegralH" value="2352.000000" />
  <attribute name="DerivativeT" value="7.218750" />
  <attribute name="DerivativeI" value="7.218750" />
  <attribute name="DerivativeH" value="7.218750" />
  <attribute name="Loop Time for DT" value="16.000000" />
  <attribute name="Output H" value="8388608"/>
  <attribute name="Output I" value="2432"/>
  <attribute name="Output T" value="4"/>
  <attribute name="Target GC Util Change" value ="20.000000" />
  <attribute name="Current GC Util Change" value="167.000000"/>
  <attribute name="GC Util currently" value="167" />
  <attribute name="CPU Util currently" value="291173592802" />
<percolate-collect id="2513" from="nursery" to="global" reason="failed tenure threshold reached" timestamp="2019-06-15T04:55:48.577"/>
<concurrent-aborted id="2514" timestamp="2019-06-15T04:55:48.577">
  <reason value="insufficient progress made" />
</concurrent-aborted>
<cycle-end id="2515" type="global" contextid="2502" timestamp="2019-06-15T04:55:48.577" />
  <attribute name="elasticGC enabled" value="1" />
  <attribute name= "numThreadsSpecified" value="4" />
  <attribute name="heapSize specified" value="16121856" />
  <attribute name="Current GC Util" value="167" />
  <attribute name= "Current Time Running" value="3998" />
  <attribute name ="GC Interval" value="2432" />
  <attribute name="ProportionalT" value="73.500000" />
  <attribute name="ProportionalI" value="73.500000" />
  <attribute name="ProportionalH" value="73.500000" />
  <attribute name="Current Error" value="147.000000" />
  <attribute name="IntegralT" value="2352.000000" />
  <attribute name="IntegralI" value="2352.000000" />
  <attribute name="IntegralH" value="2352.000000" />
  <attribute name="DerivativeT" value="7.218750" />
  <attribute name="DerivativeI" value="7.218750" />
  <attribute name="DerivativeH" value="7.218750" />
  <attribute name="Loop Time for DT" value="16.000000" />
  <attribute name="Output H" value="8388608"/>
  <attribute name="Output I" value="2432"/>
  <attribute name="Output T" value="4"/>
  <attribute name="Target GC Util Change" value ="20.000000" />
  <attribute name="Current GC Util Change" value="167.000000"/>
  <attribute name="GC Util currently" value="167" />
  <attribute name="CPU Util currently" value="291173592802" />
<cycle-start id="2516" type="global" contextid="0" timestamp="2019-06-15T04:55:48.577" intervalms="26.150" />
<gc-start id="2517" type="global" contextid="2516" timestamp="2019-06-15T04:55:48.578">
  <mem-info id="2518" free="0" total="16121856" percent="0">
    <mem type="nursery" free="0" total="11403264" percent="0">
      <mem type="allocate" free="0" total="5701632" percent="0" />
      <mem type="survivor" free="0" total="5701632" percent="0" />
    </mem>
    <mem type="tenure" free="0" total="4718592" percent="0">
      <mem type="soa" free="0" total="4718592" percent="0" />
      <mem type="loa" free="0" total="0" percent="0" />
    </mem>
    <remembered-set count="918" />
  </mem-info>
</gc-start>
<allocation-stats totalBytes="0" >
  <allocated-bytes non-tlh="0" tlh="0" />
</allocation-stats>
<gc-op id="2519" type="mark" timems="5.997" contextid="2516" timestamp="2019-06-15T04:55:48.584">
  <trace-info objectcount="281298" scancount="226828" scanbytes="7283776" />
  <finalization candidates="58" enqueued="0" />
  <ownableSynchronizers candidates="8" cleared="0" />
  <references type="soft" candidates="98" cleared="0" enqueued="0" dynamicThreshold="0" maxThreshold="32" />
  <references type="weak" candidates="816" cleared="0" enqueued="0" />
  <references type="phantom" candidates="84" cleared="0" enqueued="0" />
  <stringconstants candidates="4979" cleared="0"  />
</gc-op>
<gc-op id="2520" type="classunload" timems="0.002" contextid="2516" timestamp="2019-06-15T04:55:48.584">
  <classunload-info classloadercandidates="10" classloadersunloaded="0" classesunloaded="0" anonymousclassesunloaded="0" quiescems="0.000" setupms="0.001" scanms="0.001" postms="0.000" />
</gc-op>
<gc-op id="2521" type="sweep" timems="0.310" contextid="2516" timestamp="2019-06-15T04:55:48.584" />
<mem-info id="2522" free="3112" total="16121856" percent="0">
  <mem type="nursery" free="0" total="11403264" percent="0">
    <mem type="allocate" free="0" total="5701632" percent="0" />
    <mem type="survivor" free="0" total="5701632" percent="0" />
  </mem>
  <mem type="tenure" free="3112" total="4718592" percent="0" micro-fragmented="0" macro-fragmented="0">
    <mem type="soa" free="3112" total="4718592" percent="0" />
    <mem type="loa" free="0" total="0" percent="0" />
  </mem>
  <remembered-set count="918" />
</mem-info>
<gc-op id="2523" type="compact" timems="12.922" contextid="2516" timestamp="2019-06-15T04:55:48.597">
  <compact-info movecount="47556" movebytes="1863664" reason="compact to aid heap contraction" />
</gc-op>
<gc-end id="2524" type="global" contextid="2516" durationms="20.101" usertimems="36.000" systemtimems="0.000" timestamp="2019-06-15T04:55:48.598" activeThreads="4">
  <mem-info id="2525" free="5704" total="16121856" percent="0">
    <mem type="nursery" free="1680" total="11403264" percent="0">
      <mem type="allocate" free="1680" total="5701632" percent="0" />
      <mem type="survivor" free="0" total="5701632" percent="0" />
    </mem>
    <mem type="tenure" free="4024" total="4718592" percent="0">
      <mem type="soa" free="4024" total="4718592" percent="0" />
      <mem type="loa" free="0" total="0" percent="0" />
    </mem>
    <remembered-set count="918" />
  </mem-info>
</gc-end>
<cycle-end id="2526" type="global" contextid="2516" timestamp="2019-06-15T04:55:48.598" />
  <attribute name="elasticGC enabled" value="1" />
  <attribute name= "numThreadsSpecified" value="4" />
  <attribute name="heapSize specified" value="16121856" />
  <attribute name="Current GC Util" value="63" />
  <attribute name= "Current Time Running" value="4031" />
  <attribute name ="GC Interval" value="2432" />
  <attribute name="ProportionalT" value="21.500000" />
  <attribute name="ProportionalI" value="21.500000" />
  <attribute name="ProportionalH" value="21.500000" />
  <attribute name="Current Error" value="43.000000" />
  <attribute name="IntegralT" value="559.000000" />
  <attribute name="IntegralI" value="559.000000" />
  <attribute name="IntegralH" value="559.000000" />
  <attribute name="DerivativeT" value="3.000000" />
  <attribute name="DerivativeI" value="3.000000" />
  <attribute name="DerivativeH" value="3.000000" />
  <attribute name="Loop Time for DT" value="13.000000" />
  <attribute name="Output H" value="8388608"/>
  <attribute name="Output I" value="584"/>
  <attribute name="Output T" value="4"/>
  <attribute name="Target GC Util Change" value ="20.000000" />
  <attribute name="Current GC Util Change" value="63.000000"/>
  <attribute name="GC Util currently" value="63" />
  <attribute name="CPU Util currently" value="352740586174" />
<concurrent-kickoff id="2527" timestamp="2019-06-15T04:55:48.598">
  <kickoff reason="threshold reached" targetBytes="1505045" thresholdFreeBytes="208661"  remainingFree="1624" tenureFreeBytes="4024" nurseryFreeBytes="1624" />
</concurrent-kickoff>
<allocation-satisfied id="2528" threadId="00000000016D7800" bytesRequested="56" />
<af-end id="2529" timestamp="2019-06-15T04:55:48.598" threadId="00000000016D8188" success="true" from="nursery"/>
<exclusive-end id="2530" timestamp="2019-06-15T04:55:48.598" durationms="34.591" />

<exclusive-start id="2531" timestamp="2019-06-15T04:55:48.605" intervalms="41.053">
  <response-info timems="6.359" idlems="6.359" threads="0" lastid="00000000016DB400" lastname="PmdThread 3" />
</exclusive-start>
<af-start id="2532" threadId="00000000016DBD88" totalBytesRequested="16" timestamp="2019-06-15T04:55:48.605" intervalms="41.000" type="nursery" />
<cycle-start id="2533" type="scavenge" contextid="0" timestamp="2019-06-15T04:55:48.605" intervalms="40.973" />
<gc-start id="2534" type="scavenge" contextid="2533" timestamp="2019-06-15T04:55:48.605">
  <mem-info id="2535" free="4024" total="16121856" percent="0">
    <mem type="nursery" free="0" total="11403264" percent="0">
      <mem type="allocate" free="0" total="5701632" percent="0" />
      <mem type="survivor" free="0" total="5701632" percent="0" />
    </mem>
    <mem type="tenure" free="4024" total="4718592" percent="0">
      <mem type="soa" free="4024" total="4718592" percent="0" />
      <mem type="loa" free="0" total="0" percent="0" />
    </mem>
    <remembered-set count="918" />
  </mem-info>
</gc-start>
<allocation-stats totalBytes="1640" >
  <allocated-bytes non-tlh="56" tlh="1584" />
  <largest-consumer threadName="main" threadId="00000000013C3700" bytes="1584" />
</allocation-stats>
<gc-op id="2536" type="scavenge" timems="12.925" contextid="2533" timestamp="2019-06-15T04:55:48.618">
  <scavenger-info tenureage="1" tenuremask="fffe" tiltratio="50" />
  <memory-copied type="nursery" objects="168642" bytes="5540328" bytesdiscarded="161192" />
  <memory-copied type="tenure" objects="79" bytes="4024" bytesdiscarded="0" />
  <copy-failed type="nursery" objects="1" bytes="40" />
  <copy-failed type="tenure" objects="168610" bytes="5539216" />
  <ownableSynchronizers candidates="16" cleared="0" />
  <warning details="aborted collection due to insufficient free space" />
</gc-op>
<gc-end id="2537" type="scavenge" contextid="2533" durationms="13.236" usertimems="20.000" systemtimems="0.000" timestamp="2019-06-15T04:55:48.618" activeThreads="4">
  <mem-info id="2538" free="0" total="16121856" percent="0">
    <mem type="nursery" free="0" total="11403264" percent="0">
      <mem type="allocate" free="0" total="5701632" percent="0" />
      <mem type="survivor" free="0" total="5701632" percent="0" />
    </mem>
    <mem type="tenure" free="0" total="4718592" percent="0">
      <mem type="soa" free="0" total="4718592" percent="0" />
      <mem type="loa" free="0" total="0" percent="0" />
    </mem>
    <remembered-set count="918" />
  </mem-info>
</gc-end>
<cycle-end id="2539" type="scavenge" contextid="2533" timestamp="2019-06-15T04:55:48.618" />
  <attribute name="elasticGC enabled" value="1" />
  <attribute name= "numThreadsSpecified" value="4" />
  <attribute name="heapSize specified" value="16121856" />
  <attribute name="Current GC Util" value="459" />
  <attribute name= "Current Time Running" value="4039" />
  <attribute name ="GC Interval" value="3808" />
  <attribute name="ProportionalT" value="219.500000" />
  <attribute name="ProportionalI" value="219.500000" />
  <attribute name="ProportionalH" value="219.500000" />
  <attribute name="Current Error" value="439.000000" />
  <attribute name="IntegralT" value="3512.000000" />
  <attribute name="IntegralI" value="3512.000000" />
  <attribute name="IntegralH" value="3512.000000" />
  <attribute name="DerivativeT" value="74.250000" />
  <attribute name="DerivativeI" value="74.250000" />
  <attribute name="DerivativeH" value="74.250000" />
  <attribute name="Loop Time for DT" value="8.000000" />
  <attribute name="Output H" value="8388608"/>
  <attribute name="Output I" value="3808"/>
  <attribute name="Output T" value="4"/>
  <attribute name="Target GC Util Change" value ="20.000000" />
  <attribute name="Current GC Util Change" value="459.000000"/>
  <attribute name="GC Util currently" value="459" />
  <attribute name="CPU Util currently" value="606879521140" />
<percolate-collect id="2540" from="nursery" to="global" reason="failed tenure threshold reached" timestamp="2019-06-15T04:55:48.618"/>
<concurrent-aborted id="2541" timestamp="2019-06-15T04:55:48.619">
  <reason value="insufficient progress made" />
</concurrent-aborted>
<cycle-end id="2542" type="global" contextid="2502" timestamp="2019-06-15T04:55:48.619" />
  <attribute name="elasticGC enabled" value="1" />
  <attribute name= "numThreadsSpecified" value="4" />
  <attribute name="heapSize specified" value="16121856" />
  <attribute name="Current GC Util" value="459" />
  <attribute name= "Current Time Running" value="4039" />
  <attribute name ="GC Interval" value="3808" />
  <attribute name="ProportionalT" value="219.500000" />
  <attribute name="ProportionalI" value="219.500000" />
  <attribute name="ProportionalH" value="219.500000" />
  <attribute name="Current Error" value="439.000000" />
  <attribute name="IntegralT" value="3512.000000" />
  <attribute name="IntegralI" value="3512.000000" />
  <attribute name="IntegralH" value="3512.000000" />
  <attribute name="DerivativeT" value="74.250000" />
  <attribute name="DerivativeI" value="74.250000" />
  <attribute name="DerivativeH" value="74.250000" />
  <attribute name="Loop Time for DT" value="8.000000" />
  <attribute name="Output H" value="8388608"/>
  <attribute name="Output I" value="3808"/>
  <attribute name="Output T" value="4"/>
  <attribute name="Target GC Util Change" value ="20.000000" />
  <attribute name="Current GC Util Change" value="459.000000"/>
  <attribute name="GC Util currently" value="459" />
  <attribute name="CPU Util currently" value="606879521140" />
<cycle-start id="2543" type="global" contextid="0" timestamp="2019-06-15T04:55:48.619" intervalms="41.343" />
<gc-start id="2544" type="global" contextid="2543" timestamp="2019-06-15T04:55:48.619">
  <mem-info id="2545" free="0" total="16121856" percent="0">
    <mem type="nursery" free="0" total="11403264" percent="0">
      <mem type="allocate" free="0" total="5701632" percent="0" />
      <mem type="survivor" free="0" total="5701632" percent="0" />
    </mem>
    <mem type="tenure" free="0" total="4718592" percent="0">
      <mem type="soa" free="0" total="4718592" percent="0" />
      <mem type="loa" free="0" total="0" percent="0" />
    </mem>
    <remembered-set count="918" />
  </mem-info>
</gc-start>
<allocation-stats totalBytes="0" >
  <allocated-bytes non-tlh="0" tlh="0" />
</allocation-stats>
<gc-op id="2546" type="mark" timems="10.193" contextid="2543" timestamp="2019-06-15T04:55:48.629">
  <trace-info objectcount="281319" scancount="226852" scanbytes="7284488" />
  <finalization candidates="58" enqueued="0" />
  <ownableSynchronizers candidates="8" cleared="0" />
  <references type="soft" candidates="98" cleared="0" enqueued="0" dynamicThreshold="0" maxThreshold="32" />
  <references type="weak" candidates="816" cleared="0" enqueued="0" />
  <references type="phantom" candidates="84" cleared="0" enqueued="0" />
  <stringconstants candidates="4979" cleared="0"  />
</gc-op>
<gc-op id="2547" type="classunload" timems="0.002" contextid="2543" timestamp="2019-06-15T04:55:48.629">
  <classunload-info classloadercandidates="10" classloadersunloaded="0" classesunloaded="0" anonymousclassesunloaded="0" quiescems="0.000" setupms="0.001" scanms="0.001" postms="0.000" />
</gc-op>
<gc-op id="2548" type="sweep" timems="0.297" contextid="2543" timestamp="2019-06-15T04:55:48.630" />
<mem-info id="2549" free="4024" total="16121856" percent="0">
  <mem type="nursery" free="0" total="11403264" percent="0">
    <mem type="allocate" free="0" total="5701632" percent="0" />
    <mem type="survivor" free="0" total="5701632" percent="0" />
  </mem>
  <mem type="tenure" free="4024" total="4718592" percent="0" micro-fragmented="0" macro-fragmented="0">
    <mem type="soa" free="4024" total="4718592" percent="0" />
    <mem type="loa" free="0" total="0" percent="0" />
  </mem>
  <remembered-set count="918" />
</mem-info>
<gc-op id="2550" type="compact" timems="12.758" contextid="2543" timestamp="2019-06-15T04:55:48.643">
  <compact-info movecount="45712" movebytes="1806192" reason="compact to aid heap contraction" />
</gc-op>
<gc-end id="2551" type="global" contextid="2543" durationms="24.143" usertimems="36.000" systemtimems="0.000" timestamp="2019-06-15T04:55:48.643" activeThreads="4">
  <mem-info id="2552" free="4480" total="16121856" percent="0">
    <mem type="nursery" free="0" total="11403264" percent="0">
      <mem type="allocate" free="0" total="5701632" percent="0" />
      <mem type="survivor" free="0" total="5701632" percent="0" />
    </mem>
    <mem type="tenure" free="4480" total="4718592" percent="0">
      <mem type="soa" free="4480" total="4718592" percent="0" />
      <mem type="loa" free="0" total="0" percent="0" />
    </mem>
    <remembered-set count="918" />
  </mem-info>
</gc-end>
<cycle-end id="2553" type="global" contextid="2543" timestamp="2019-06-15T04:55:48.643" />
  <attribute name="elasticGC enabled" value="1" />
  <attribute name= "numThreadsSpecified" value="4" />
  <attribute name="heapSize specified" value="16121856" />
  <attribute name="Current GC Util" value="64" />
  <attribute name= "Current Time Running" value="4077" />
  <attribute name ="GC Interval" value="3808" />
  <attribute name="ProportionalT" value="22.000000" />
  <attribute name="ProportionalI" value="22.000000" />
  <attribute name="ProportionalH" value="22.000000" />
  <attribute name="Current Error" value="44.000000" />
  <attribute name="IntegralT" value="572.000000" />
  <attribute name="IntegralI" value="572.000000" />
  <attribute name="IntegralH" value="572.000000" />
  <attribute name="DerivativeT" value="3.692308" />
  <attribute name="DerivativeI" value="3.692308" />
  <attribute name="DerivativeH" value="3.692308" />
  <attribute name="Loop Time for DT" value="13.000000" />
  <attribute name="Output H" value="8388608"/>
  <attribute name="Output I" value="600"/>
  <attribute name="Output T" value="4"/>
  <attribute name="Target GC Util Change" value ="20.000000" />
  <attribute name="Current GC Util Change" value="64.000000"/>
  <attribute name="GC Util currently" value="64" />
  <attribute name="CPU Util currently" value="357884992871" />
<allocation-satisfied id="2554" threadId="00000000016DB400" bytesRequested="16" />
<af-end id="2555" timestamp="2019-06-15T04:55:48.644" threadId="00000000016DBD88" success="true" from="tenure-soa"/>
<exclusive-end id="2556" timestamp="2019-06-15T04:55:48.644" durationms="38.982" />

<exclusive-start id="2557" timestamp="2019-06-15T04:55:48.644" intervalms="39.236">
  <response-info timems="0.035" idlems="0.035" threads="0" lastid="00000000016D3C00" lastname="PmdThread 1" />
</exclusive-start>
<af-start id="2558" threadId="00000000016D4588" totalBytesRequested="40" timestamp="2019-06-15T04:55:48.644" intervalms="39.229" type="nursery" />
<cycle-start id="2559" type="scavenge" contextid="0" timestamp="2019-06-15T04:55:48.644" intervalms="39.278" />
<gc-start id="2560" type="scavenge" contextid="2559" timestamp="2019-06-15T04:55:48.644">
  <mem-info id="2561" free="4464" total="16121856" percent="0">
    <mem type="nursery" free="0" total="11403264" percent="0">
      <mem type="allocate" free="0" total="5701632" percent="0" />
      <mem type="survivor" free="0" total="5701632" percent="0" />
    </mem>
    <mem type="tenure" free="4464" total="4718592" percent="0">
      <mem type="soa" free="4464" total="4718592" percent="0" />
      <mem type="loa" free="0" total="0" percent="0" />
    </mem>
    <remembered-set count="919" />
  </mem-info>
</gc-start>
<allocation-stats totalBytes="16" >
  <allocated-bytes non-tlh="16" tlh="0" />
  <largest-consumer threadName="PmdThread 3" threadId="00000000016DB400" bytes="16" />
</allocation-stats>
<gc-op id="2562" type="scavenge" timems="16.262" contextid="2559" timestamp="2019-06-15T04:55:48.661">
  <scavenger-info tenureage="1" tenuremask="fffe" tiltratio="50" />
  <memory-copied type="nursery" objects="171646" bytes="5586400" bytesdiscarded="115120" />
  <memory-copied type="tenure" objects="83" bytes="4456" bytesdiscarded="8" />
  <copy-failed type="nursery" objects="1" bytes="64" />
  <copy-failed type="tenure" objects="171382" bytes="5578736" />
  <ownableSynchronizers candidates="16" cleared="0" />
  <warning details="aborted collection due to insufficient free space" />
</gc-op>
<gc-end id="2563" type="scavenge" contextid="2559" durationms="16.653" usertimems="16.000" systemtimems="0.000" timestamp="2019-06-15T04:55:48.661" activeThreads="4">
  <mem-info id="2564" free="0" total="16121856" percent="0">
    <mem type="nursery" free="0" total="11403264" percent="0">
      <mem type="allocate" free="0" total="5701632" percent="0" />
      <mem type="survivor" free="0" total="5701632" percent="0" />
    </mem>
    <mem type="tenure" free="0" total="4718592" percent="0">
      <mem type="soa" free="0" total="4718592" percent="0" />
      <mem type="loa" free="0" total="0" percent="0" />
    </mem>
    <remembered-set count="919" />
  </mem-info>
</gc-end>
<cycle-end id="2565" type="scavenge" contextid="2559" timestamp="2019-06-15T04:55:48.661" />
  <attribute name="elasticGC enabled" value="1" />
  <attribute name= "numThreadsSpecified" value="4" />
  <attribute name="heapSize specified" value="16121856" />
  <attribute name="Current GC Util" value="2393" />
  <attribute name= "Current Time Running" value="4078" />
  <attribute name ="GC Interval" value="4000" />
  <attribute name="ProportionalT" value="1186.500000" />
  <attribute name="ProportionalI" value="1186.500000" />
  <attribute name="ProportionalH" value="1186.500000" />
  <attribute name="Current Error" value="2373.000000" />
  <attribute name="IntegralT" value="2373.000000" />
  <attribute name="IntegralI" value="2373.000000" />
  <attribute name="IntegralH" value="2373.000000" />
  <attribute name="DerivativeT" value="3493.500000" />
  <attribute name="DerivativeI" value="3493.500000" />
  <attribute name="DerivativeH" value="3493.500000" />
  <attribute name="Loop Time for DT" value="1.000000" />
  <attribute name="Output H" value="8388608"/>
  <attribute name="Output I" value="4000"/>
  <attribute name="Output T" value="4"/>
  <attribute name="Target GC Util Change" value ="20.000000" />
  <attribute name="Current GC Util Change" value="2393.000000"/>
  <attribute name="GC Util currently" value="2393" />
  <attribute name="CPU Util currently" value="3052033012898" />
<percolate-collect id="2566" from="nursery" to="global" reason="failed tenure threshold reached" timestamp="2019-06-15T04:55:48.661"/>
<cycle-start id="2567" type="global" contextid="0" timestamp="2019-06-15T04:55:48.661" intervalms="42.605" />
<gc-start id="2568" type="global" contextid="2567" timestamp="2019-06-15T04:55:48.662">
  <mem-info id="2569" free="0" total="16121856" percent="0">
    <mem type="nursery" free="0" total="11403264" percent="0">
      <mem type="allocate" free="0" total="5701632" percent="0" />
      <mem type="survivor" free="0" total="5701632" percent="0" />
    </mem>
    <mem type="tenure" free="0" total="4718592" percent="0">
      <mem type="soa" free="0" total="4718592" percent="0" />
      <mem type="loa" free="0" total="0" percent="0" />
    </mem>
    <remembered-set count="919" />
  </mem-info>
</gc-start>
<allocation-stats totalBytes="0" >
  <allocated-bytes non-tlh="0" tlh="0" />
</allocation-stats>
<gc-op id="2570" type="mark" timems="6.960" contextid="2567" timestamp="2019-06-15T04:55:48.669">
  <trace-info objectcount="281320" scancount="226851" scanbytes="7284504" />
  <finalization candidates="58" enqueued="0" />
  <ownableSynchronizers candidates="8" cleared="0" />
  <references type="soft" candidates="98" cleared="0" enqueued="0" dynamicThreshold="0" maxThreshold="32" />
  <references type="weak" candidates="816" cleared="0" enqueued="0" />
  <references type="phantom" candidates="84" cleared="0" enqueued="0" />
  <stringconstants candidates="4979" cleared="0"  />
</gc-op>
<gc-op id="2571" type="classunload" timems="0.002" contextid="2567" timestamp="2019-06-15T04:55:48.669">
  <classunload-info classloadercandidates="10" classloadersunloaded="0" classesunloaded="0" anonymousclassesunloaded="0" quiescems="0.000" setupms="0.001" scanms="0.001" postms="0.000" />
</gc-op>
<gc-op id="2572" type="sweep" timems="0.272" contextid="2567" timestamp="2019-06-15T04:55:48.669" />
<mem-info id="2573" free="4464" total="16121856" percent="0">
  <mem type="nursery" free="0" total="11403264" percent="0">
    <mem type="allocate" free="0" total="5701632" percent="0" />
    <mem type="survivor" free="0" total="5701632" percent="0" />
  </mem>
  <mem type="tenure" free="4464" total="4718592" percent="0" micro-fragmented="0" macro-fragmented="0">
    <mem type="soa" free="4464" total="4718592" percent="0" />
    <mem type="loa" free="0" total="0" percent="0" />
  </mem>
  <remembered-set count="919" />
</mem-info>
<gc-op id="2574" type="compact" timems="6.246" contextid="2567" timestamp="2019-06-15T04:55:48.676">
  <compact-info movecount="0" movebytes="0" reason="compact to aid heap contraction" />
</gc-op>
<gc-end id="2575" type="global" contextid="2567" durationms="14.564" usertimems="24.000" systemtimems="0.000" timestamp="2019-06-15T04:55:48.676" activeThreads="4">
  <mem-info id="2576" free="4464" total="16121856" percent="0">
    <mem type="nursery" free="0" total="11403264" percent="0">
      <mem type="allocate" free="0" total="5701632" percent="0" />
      <mem type="survivor" free="0" total="5701632" percent="0" />
    </mem>
    <mem type="tenure" free="4464" total="4718592" percent="0">
      <mem type="soa" free="4464" total="4718592" percent="0" />
      <mem type="loa" free="0" total="0" percent="0" />
    </mem>
    <remembered-set count="919" />
  </mem-info>
</gc-end>
<cycle-end id="2577" type="global" contextid="2567" timestamp="2019-06-15T04:55:48.676" />
  <attribute name="elasticGC enabled" value="1" />
  <attribute name= "numThreadsSpecified" value="4" />
  <attribute name="heapSize specified" value="16121856" />
  <attribute name="Current GC Util" value="152" />
  <attribute name= "Current Time Running" value="4110" />
  <attribute name ="GC Interval" value="4000" />
  <attribute name="ProportionalT" value="66.000000" />
  <attribute name="ProportionalI" value="66.000000" />
  <attribute name="ProportionalH" value="66.000000" />
  <attribute name="Current Error" value="132.000000" />
  <attribute name="IntegralT" value="792.000000" />
  <attribute name="IntegralI" value="792.000000" />
  <attribute name="IntegralH" value="792.000000" />
  <attribute name="DerivativeT" value="30.250000" />
  <attribute name="DerivativeI" value="30.250000" />
  <attribute name="DerivativeH" value="30.250000" />
  <attribute name="Loop Time for DT" value="6.000000" />
  <attribute name="Output H" value="8388608"/>
  <attribute name="Output I" value="888"/>
  <attribute name="Output T" value="4"/>
  <attribute name="Target GC Util Change" value ="20.000000" />
  <attribute name="Current GC Util Change" value="152.000000"/>
  <attribute name="GC Util currently" value="152" />
  <attribute name="CPU Util currently" value="719670610378" />
<allocation-satisfied id="2578" threadId="00000000016D3C00" bytesRequested="40" />
<af-end id="2579" timestamp="2019-06-15T04:55:48.677" threadId="00000000016D4588" success="true" from="tenure-soa"/>
<exclusive-end id="2580" timestamp="2019-06-15T04:55:48.677" durationms="32.733" />

<exclusive-start id="2581" timestamp="2019-06-15T04:55:48.680" intervalms="35.886">
  <response-info timems="3.048" idlems="3.048" threads="0" lastid="00000000013C3700" lastname="main" />
</exclusive-start>
<af-start id="2582" threadId="00000000013C4088" totalBytesRequested="144" timestamp="2019-06-15T04:55:48.680" intervalms="35.938" type="nursery" />
<cycle-start id="2583" type="scavenge" contextid="0" timestamp="2019-06-15T04:55:48.680" intervalms="35.976" />
<gc-start id="2584" type="scavenge" contextid="2583" timestamp="2019-06-15T04:55:48.680">
  <mem-info id="2585" free="4424" total="16121856" percent="0">
    <mem type="nursery" free="0" total="11403264" percent="0">
      <mem type="allocate" free="0" total="5701632" percent="0" />
      <mem type="survivor" free="0" total="5701632" percent="0" />
    </mem>
    <mem type="tenure" free="4424" total="4718592" percent="0">
      <mem type="soa" free="4424" total="4718592" percent="0" />
      <mem type="loa" free="0" total="0" percent="0" />
    </mem>
    <remembered-set count="920" />
  </mem-info>
</gc-start>
<allocation-stats totalBytes="40" >
  <allocated-bytes non-tlh="40" tlh="0" />
  <largest-consumer threadName="PmdThread 1" threadId="00000000016D3C00" bytes="40" />
</allocation-stats>
<gc-op id="2586" type="scavenge" timems="6.292" contextid="2583" timestamp="2019-06-15T04:55:48.687">
  <scavenger-info tenureage="1" tenuremask="fffe" tiltratio="50" />
  <memory-copied type="nursery" objects="174442" bytes="5696488" bytesdiscarded="5032" />
  <memory-copied type="tenure" objects="85" bytes="4416" bytesdiscarded="8" />
  <copy-failed type="tenure" objects="174440" bytes="5696520" />
  <ownableSynchronizers candidates="16" cleared="16" />
  <references type="phantom" candidates="2" cleared="0" enqueued="0" />
</gc-op>
<gc-end id="2587" type="scavenge" contextid="2583" durationms="6.696" usertimems="12.000" systemtimems="0.000" timestamp="2019-06-15T04:55:48.687" activeThreads="4">
  <mem-info id="2588" free="0" total="16121856" percent="0">
    <mem type="nursery" free="0" total="11403264" percent="0">
      <mem type="allocate" free="0" total="5701632" percent="0" />
      <mem type="survivor" free="0" total="5701632" percent="0" />
    </mem>
    <mem type="tenure" free="0" total="4718592" percent="0">
      <mem type="soa" free="0" total="4718592" percent="0" />
      <mem type="loa" free="0" total="0" percent="0" />
    </mem>
    <remembered-set count="922" />
  </mem-info>
</gc-end>
<cycle-end id="2589" type="scavenge" contextid="2583" timestamp="2019-06-15T04:55:48.687" />
  <attribute name="elasticGC enabled" value="1" />
  <attribute name= "numThreadsSpecified" value="4" />
  <attribute name="heapSize specified" value="16121856" />
  <attribute name="Current GC Util" value="88" />
  <attribute name= "Current Time Running" value="4114" />
  <attribute name ="GC Interval" value="288" />
  <attribute name="ProportionalT" value="34.000000" />
  <attribute name="ProportionalI" value="34.000000" />
  <attribute name="ProportionalH" value="34.000000" />
  <attribute name="Current Error" value="68.000000" />
  <attribute name="IntegralT" value="272.000000" />
  <attribute name="IntegralI" value="272.000000" />
  <attribute name="IntegralH" value="272.000000" />
  <attribute name="DerivativeT" value="-24.000000" />
  <attribute name="DerivativeI" value="-24.000000" />
  <attribute name="DerivativeH" value="-24.000000" />
  <attribute name="Loop Time for DT" value="4.000000" />
  <attribute name="Output H" value="8388608"/>
  <attribute name="Output I" value="288"/>
  <attribute name="Output T" value="4"/>
  <attribute name="Target GC Util Change" value ="20.000000" />
  <attribute name="Current GC Util Change" value="88.000000"/>
  <attribute name="GC Util currently" value="88" />
  <attribute name="CPU Util currently" value="1026426946156" />
<percolate-collect id="2590" from="nursery" to="global" reason="failed tenure threshold reached" timestamp="2019-06-15T04:55:48.687"/>
<cycle-start id="2591" type="global" contextid="0" timestamp="2019-06-15T04:55:48.687" intervalms="26.002" />
<gc-start id="2592" type="global" contextid="2591" timestamp="2019-06-15T04:55:48.688">
  <mem-info id="2593" free="0" total="16121856" percent="0">
    <mem type="nursery" free="0" total="11403264" percent="0">
      <mem type="allocate" free="0" total="5701632" percent="0" />
      <mem type="survivor" free="0" total="5701632" percent="0" />
    </mem>
    <mem type="tenure" free="0" total="4718592" percent="0">
      <mem type="soa" free="0" total="4718592" percent="0" />
      <mem type="loa" free="0" total="0" percent="0" />
    </mem>
    <remembered-set count="922" />
  </mem-info>
</gc-start>
<allocation-stats totalBytes="0" >
  <allocated-bytes non-tlh="0" tlh="0" />
</allocation-stats>
<gc-op id="2594" type="mark" timems="9.212" contextid="2591" timestamp="2019-06-15T04:55:48.697">
  <trace-info objectcount="281321" scancount="226854" scanbytes="7284544" />
  <finalization candidates="58" enqueued="0" />
  <ownableSynchronizers candidates="8" cleared="0" />
  <references type="soft" candidates="98" cleared="0" enqueued="0" dynamicThreshold="0" maxThreshold="32" />
  <references type="weak" candidates="816" cleared="0" enqueued="0" />
  <references type="phantom" candidates="84" cleared="0" enqueued="0" />
  <stringconstants candidates="4979" cleared="0"  />
</gc-op>
<gc-op id="2595" type="classunload" timems="0.002" contextid="2591" timestamp="2019-06-15T04:55:48.697">
  <classunload-info classloadercandidates="10" classloadersunloaded="0" classesunloaded="0" anonymousclassesunloaded="0" quiescems="0.000" setupms="0.002" scanms="0.000" postms="0.000" />
</gc-op>
<gc-op id="2596" type="sweep" timems="0.967" contextid="2591" timestamp="2019-06-15T04:55:48.698" />
<mem-info id="2597" free="3704" total="16121856" percent="0">
  <mem type="nursery" free="3704" total="11403264" percent="0">
    <mem type="allocate" free="3704" total="5701632" percent="0" />
    <mem type="survivor" free="0" total="5701632" percent="0" />
  </mem>
  <mem type="tenure" free="0" total="4718592" percent="0" micro-fragmented="0" macro-fragmented="0">
    <mem type="soa" free="0" total="4718592" percent="0" />
    <mem type="loa" free="0" total="0" percent="0" />
  </mem>
  <remembered-set count="922" />
</mem-info>
<gc-op id="2598" type="compact" timems="35.677" contextid="2591" timestamp="2019-06-15T04:55:48.734">
  <compact-info movecount="174342" movebytes="5657456" reason="compact to aid heap contraction" />
</gc-op>
<gc-end id="2599" type="global" contextid="2591" durationms="46.920" usertimems="48.000" systemtimems="8.000" timestamp="2019-06-15T04:55:48.734" activeThreads="4">
  <mem-info id="2600" free="5032" total="16121856" percent="0">
    <mem type="nursery" free="5032" total="11403264" percent="0">
      <mem type="allocate" free="5032" total="5701632" percent="0" />
      <mem type="survivor" free="0" total="5701632" percent="0" />
    </mem>
    <mem type="tenure" free="0" total="4718592" percent="0">
      <mem type="soa" free="0" total="4718592" percent="0" />
      <mem type="loa" free="0" total="0" percent="0" />
    </mem>
    <remembered-set count="922" />
  </mem-info>
</gc-end>
<cycle-end id="2601" type="global" contextid="2591" timestamp="2019-06-15T04:55:48.735" />
  <attribute name="elasticGC enabled" value="1" />
  <attribute name= "numThreadsSpecified" value="4" />
  <attribute name="heapSize specified" value="16121856" />
  <attribute name="Current GC Util" value="25" />
  <attribute name= "Current Time Running" value="4168" />
  <attribute name ="GC Interval" value="288" />
  <attribute name="ProportionalT" value="2.500000" />
  <attribute name="ProportionalI" value="2.500000" />
  <attribute name="ProportionalH" value="2.500000" />
  <attribute name="Current Error" value="5.000000" />
  <attribute name="IntegralT" value="180.000000" />
  <attribute name="IntegralI" value="180.000000" />
  <attribute name="IntegralH" value="180.000000" />
  <attribute name="DerivativeT" value="-1.833333" />
  <attribute name="DerivativeI" value="-1.833333" />
  <attribute name="DerivativeH" value="-1.833333" />
  <attribute name="Loop Time for DT" value="36.000000" />
  <attribute name="Output H" value="8388608"/>
  <attribute name="Output I" value="200"/>
  <attribute name="Output T" value="4"/>
  <attribute name="Target GC Util Change" value ="20.000000" />
  <attribute name="Current GC Util Change" value="25.000000"/>
  <attribute name="GC Util currently" value="25" />
  <attribute name="CPU Util currently" value="128399257963" />
<concurrent-kickoff id="2602" timestamp="2019-06-15T04:55:48.735">
  <kickoff reason="threshold reached" targetBytes="1505045" thresholdFreeBytes="208661"  remainingFree="4888" tenureFreeBytes="0" nurseryFreeBytes="4888" />
</concurrent-kickoff>
<allocation-satisfied id="2603" threadId="00000000013C3700" bytesRequested="144" />
<af-end id="2604" timestamp="2019-06-15T04:55:48.735" threadId="00000000013C4088" success="true" from="nursery"/>
<exclusive-end id="2605" timestamp="2019-06-15T04:55:48.735" durationms="55.592" />

<exclusive-start id="2606" timestamp="2019-06-15T04:55:48.740" intervalms="59.810">
  <response-info timems="0.026" idlems="0.026" threads="0" lastid="00000000016D7800" lastname="PmdThread 2" />
</exclusive-start>
<af-start id="2607" threadId="00000000016D8188" totalBytesRequested="16" timestamp="2019-06-15T04:55:48.740" intervalms="59.784" type="nursery" />
<cycle-start id="2608" type="scavenge" contextid="0" timestamp="2019-06-15T04:55:48.740" intervalms="59.781" />
<gc-start id="2609" type="scavenge" contextid="2608" timestamp="2019-06-15T04:55:48.740">
  <mem-info id="2610" free="0" total="16121856" percent="0">
    <mem type="nursery" free="0" total="11403264" percent="0">
      <mem type="allocate" free="0" total="5701632" percent="0" />
      <mem type="survivor" free="0" total="5701632" percent="0" />
    </mem>
    <mem type="tenure" free="0" total="4718592" percent="0">
      <mem type="soa" free="0" total="4718592" percent="0" />
      <mem type="loa" free="0" total="0" percent="0" />
    </mem>
    <remembered-set count="929" />
  </mem-info>
</gc-start>
<allocation-stats totalBytes="4984" >
  <allocated-bytes non-tlh="144" tlh="4840" />
  <largest-consumer threadName="PmdThread 1" threadId="00000000016D3C00" bytes="4048" />
</allocation-stats>
<gc-op id="2611" type="scavenge" timems="10.810" contextid="2608" timestamp="2019-06-15T04:55:48.751">
  <scavenger-info tenureage="1" tenuremask="fffe" tiltratio="50" />
  <memory-copied type="nursery" objects="169781" bytes="5570440" bytesdiscarded="131080" />
  <copy-failed type="nursery" objects="1" bytes="40" />
  <copy-failed type="tenure" objects="169712" bytes="5568224" />
  <ownableSynchronizers candidates="16" cleared="0" />
  <warning details="aborted collection due to insufficient free space" />
</gc-op>
<gc-end id="2612" type="scavenge" contextid="2608" durationms="11.210" usertimems="16.000" systemtimems="0.000" timestamp="2019-06-15T04:55:48.751" activeThreads="4">
  <mem-info id="2613" free="0" total="16121856" percent="0">
    <mem type="nursery" free="0" total="11403264" percent="0">
      <mem type="allocate" free="0" total="5701632" percent="0" />
      <mem type="survivor" free="0" total="5701632" percent="0" />
    </mem>
    <mem type="tenure" free="0" total="4718592" percent="0">
      <mem type="soa" free="0" total="4718592" percent="0" />
      <mem type="loa" free="0" total="0" percent="0" />
    </mem>
    <remembered-set count="929" />
  </mem-info>
</gc-end>
<cycle-end id="2614" type="scavenge" contextid="2608" timestamp="2019-06-15T04:55:48.751" />
  <attribute name="elasticGC enabled" value="1" />
  <attribute name= "numThreadsSpecified" value="4" />
  <attribute name="heapSize specified" value="16121856" />
  <attribute name="Current GC Util" value="1360" />
  <attribute name= "Current Time Running" value="4174" />
  <attribute name ="GC Interval" value="4000" />
  <attribute name="ProportionalT" value="670.000000" />
  <attribute name="ProportionalI" value="670.000000" />
  <attribute name="ProportionalH" value="670.000000" />
  <attribute name="Current Error" value="1340.000000" />
  <attribute name="IntegralT" value="8040.000000" />
  <attribute name="IntegralI" value="8040.000000" />
  <attribute name="IntegralH" value="8040.000000" />
  <attribute name="DerivativeT" value="333.750000" />
  <attribute name="DerivativeI" value="333.750000" />
  <attribute name="DerivativeH" value="333.750000" />
  <attribute name="Loop Time for DT" value="6.000000" />
  <attribute name="Output H" value="8388608"/>
  <attribute name="Output I" value="4000"/>
  <attribute name="Output T" value="4"/>
  <attribute name="Target GC Util Change" value ="20.000000" />
  <attribute name="Current GC Util Change" value="1360.000000"/>
  <attribute name="GC Util currently" value="1360" />
  <attribute name="CPU Util currently" value="779110768591" />
<percolate-collect id="2615" from="nursery" to="global" reason="failed tenure threshold reached" timestamp="2019-06-15T04:55:48.752"/>
<concurrent-aborted id="2616" timestamp="2019-06-15T04:55:48.752">
  <reason value="insufficient progress made" />
</concurrent-aborted>
<cycle-end id="2617" type="global" contextid="0" timestamp="2019-06-15T04:55:48.752" />
  <attribute name="elasticGC enabled" value="1" />
  <attribute name= "numThreadsSpecified" value="4" />
  <attribute name="heapSize specified" value="16121856" />
  <attribute name="Current GC Util" value="1360" />
  <attribute name= "Current Time Running" value="4174" />
  <attribute name ="GC Interval" value="4000" />
  <attribute name="ProportionalT" value="670.000000" />
  <attribute name="ProportionalI" value="670.000000" />
  <attribute name="ProportionalH" value="670.000000" />
  <attribute name="Current Error" value="1340.000000" />
  <attribute name="IntegralT" value="8040.000000" />
  <attribute name="IntegralI" value="8040.000000" />
  <attribute name="IntegralH" value="8040.000000" />
  <attribute name="DerivativeT" value="333.750000" />
  <attribute name="DerivativeI" value="333.750000" />
  <attribute name="DerivativeH" value="333.750000" />
  <attribute name="Loop Time for DT" value="6.000000" />
  <attribute name="Output H" value="8388608"/>
  <attribute name="Output I" value="4000"/>
  <attribute name="Output T" value="4"/>
  <attribute name="Target GC Util Change" value ="20.000000" />
  <attribute name="Current GC Util Change" value="1360.000000"/>
  <attribute name="GC Util currently" value="1360" />
  <attribute name="CPU Util currently" value="779110768591" />
<cycle-start id="2618" type="global" contextid="0" timestamp="2019-06-15T04:55:48.752" intervalms="64.568" />
<gc-start id="2619" type="global" contextid="2618" timestamp="2019-06-15T04:55:48.752">
  <mem-info id="2620" free="0" total="16121856" percent="0">
    <mem type="nursery" free="0" total="11403264" percent="0">
      <mem type="allocate" free="0" total="5701632" percent="0" />
      <mem type="survivor" free="0" total="5701632" percent="0" />
    </mem>
    <mem type="tenure" free="0" total="4718592" percent="0">
      <mem type="soa" free="0" total="4718592" percent="0" />
      <mem type="loa" free="0" total="0" percent="0" />
    </mem>
    <remembered-set count="929" />
  </mem-info>
</gc-start>
<allocation-stats totalBytes="0" >
  <allocated-bytes non-tlh="0" tlh="0" />
</allocation-stats>
<gc-op id="2621" type="mark" timems="12.178" contextid="2618" timestamp="2019-06-15T04:55:48.764">
  <trace-info objectcount="281375" scancount="226895" scanbytes="7285544" />
  <finalization candidates="58" enqueued="0" />
  <ownableSynchronizers candidates="8" cleared="0" />
  <references type="soft" candidates="98" cleared="0" enqueued="0" dynamicThreshold="0" maxThreshold="32" />
  <references type="weak" candidates="816" cleared="0" enqueued="0" />
  <references type="phantom" candidates="84" cleared="0" enqueued="0" />
  <stringconstants candidates="4979" cleared="0"  />
</gc-op>
<gc-op id="2622" type="classunload" timems="0.002" contextid="2618" timestamp="2019-06-15T04:55:48.765">
  <classunload-info classloadercandidates="10" classloadersunloaded="0" classesunloaded="0" anonymousclassesunloaded="0" quiescems="0.000" setupms="0.002" scanms="0.000" postms="0.000" />
</gc-op>
<gc-op id="2623" type="sweep" timems="0.829" contextid="2618" timestamp="2019-06-15T04:55:48.766" />
<mem-info id="2624" free="2472" total="16121856" percent="0">
  <mem type="nursery" free="2472" total="11403264" percent="0">
    <mem type="allocate" free="2472" total="5701632" percent="0" />
    <mem type="survivor" free="0" total="5701632" percent="0" />
  </mem>
  <mem type="tenure" free="0" total="4718592" percent="0" micro-fragmented="0" macro-fragmented="0">
    <mem type="soa" free="0" total="4718592" percent="0" />
    <mem type="loa" free="0" total="0" percent="0" />
  </mem>
  <remembered-set count="929" />
</mem-info>
<gc-op id="2625" type="compact" timems="36.316" contextid="2618" timestamp="2019-06-15T04:55:48.802">
  <compact-info movecount="173311" movebytes="5541984" reason="compact to aid heap contraction" />
</gc-op>
<gc-end id="2626" type="global" contextid="2618" durationms="50.778" usertimems="60.000" systemtimems="0.000" timestamp="2019-06-15T04:55:48.803" activeThreads="4">
  <mem-info id="2627" free="3528" total="16121856" percent="0">
    <mem type="nursery" free="3528" total="11403264" percent="0">
      <mem type="allocate" free="3528" total="5701632" percent="0" />
      <mem type="survivor" free="0" total="5701632" percent="0" />
    </mem>
    <mem type="tenure" free="0" total="4718592" percent="0">
      <mem type="soa" free="0" total="4718592" percent="0" />
      <mem type="loa" free="0" total="0" percent="0" />
    </mem>
    <remembered-set count="929" />
  </mem-info>
</gc-end>
<cycle-end id="2628" type="global" contextid="2618" timestamp="2019-06-15T04:55:48.803" />
  <attribute name="elasticGC enabled" value="1" />
  <attribute name= "numThreadsSpecified" value="4" />
  <attribute name="heapSize specified" value="16121856" />
  <attribute name="Current GC Util" value="101" />
  <attribute name= "Current Time Running" value="4236" />
  <attribute name ="GC Interval" value="4000" />
  <attribute name="ProportionalT" value="40.500000" />
  <attribute name="ProportionalI" value="40.500000" />
  <attribute name="ProportionalH" value="40.500000" />
  <attribute name="Current Error" value="81.000000" />
  <attribute name="IntegralT" value="2916.000000" />
  <attribute name="IntegralI" value="2916.000000" />
  <attribute name="IntegralH" value="2916.000000" />
  <attribute name="DerivativeT" value="0.166667" />
  <attribute name="DerivativeI" value="0.166667" />
  <attribute name="DerivativeH" value="0.166667" />
  <attribute name="Loop Time for DT" value="36.000000" />
  <attribute name="Output H" value="8388608"/>
  <attribute name="Output I" value="2960"/>
  <attribute name="Output T" value="4"/>
  <attribute name="Target GC Util Change" value ="20.000000" />
  <attribute name="Current GC Util Change" value="101.000000"/>
  <attribute name="GC Util currently" value="101" />
  <attribute name="CPU Util currently" value="126346314672" />
<concurrent-kickoff id="2629" timestamp="2019-06-15T04:55:48.803">
  <kickoff reason="threshold reached" targetBytes="1505045" thresholdFreeBytes="208661"  remainingFree="3512" tenureFreeBytes="0" nurseryFreeBytes="3512" />
</concurrent-kickoff>
<allocation-satisfied id="2630" threadId="00000000016D7800" bytesRequested="16" />
<af-end id="2631" timestamp="2019-06-15T04:55:48.803" threadId="00000000016D8188" success="true" from="nursery"/>
<exclusive-end id="2632" timestamp="2019-06-15T04:55:48.804" durationms="64.376" />

<exclusive-start id="2633" timestamp="2019-06-15T04:55:48.804" intervalms="64.752">
  <response-info timems="0.193" idlems="0.193" threads="0" lastid="00000000016DB400" lastname="PmdThread 3" />
</exclusive-start>
<af-start id="2634" threadId="00000000016DBD88" totalBytesRequested="184" timestamp="2019-06-15T04:55:48.804" intervalms="64.741" type="nursery" />
<cycle-start id="2635" type="scavenge" contextid="0" timestamp="2019-06-15T04:55:48.805" intervalms="64.670" />
<gc-start id="2636" type="scavenge" contextid="2635" timestamp="2019-06-15T04:55:48.805">
  <mem-info id="2637" free="0" total="16121856" percent="0">
    <mem type="nursery" free="0" total="11403264" percent="0">
      <mem type="allocate" free="0" total="5701632" percent="0" />
      <mem type="survivor" free="0" total="5701632" percent="0" />
    </mem>
    <mem type="tenure" free="0" total="4718592" percent="0">
      <mem type="soa" free="0" total="4718592" percent="0" />
      <mem type="loa" free="0" total="0" percent="0" />
    </mem>
    <remembered-set count="929" />
  </mem-info>
</gc-start>
<allocation-stats totalBytes="3528" >
  <allocated-bytes non-tlh="16" tlh="3512" />
  <largest-consumer threadName="PmdThread 2" threadId="00000000016D7800" bytes="3528" />
</allocation-stats>
<gc-op id="2638" type="scavenge" timems="10.489" contextid="2635" timestamp="2019-06-15T04:55:48.815">
  <scavenger-info tenureage="1" tenuremask="fffe" tiltratio="50" />
  <memory-copied type="nursery" objects="170037" bytes="5577232" bytesdiscarded="124288" />
  <copy-failed type="nursery" objects="1" bytes="40" />
  <copy-failed type="tenure" objects="170035" bytes="5577312" />
  <ownableSynchronizers candidates="16" cleared="0" />
  <warning details="aborted collection due to insufficient free space" />
</gc-op>
<gc-end id="2639" type="scavenge" contextid="2635" durationms="10.805" usertimems="16.000" systemtimems="0.000" timestamp="2019-06-15T04:55:48.815" activeThreads="4">
  <mem-info id="2640" free="0" total="16121856" percent="0">
    <mem type="nursery" free="0" total="11403264" percent="0">
      <mem type="allocate" free="0" total="5701632" percent="0" />
      <mem type="survivor" free="0" total="5701632" percent="0" />
    </mem>
    <mem type="tenure" free="0" total="4718592" percent="0">
      <mem type="soa" free="0" total="4718592" percent="0" />
      <mem type="loa" free="0" total="0" percent="0" />
    </mem>
    <remembered-set count="929" />
  </mem-info>
</gc-end>
<cycle-end id="2641" type="scavenge" contextid="2635" timestamp="2019-06-15T04:55:48.816" />
  <attribute name="elasticGC enabled" value="1" />
  <attribute name= "numThreadsSpecified" value="4" />
  <attribute name="heapSize specified" value="16121856" />
  <attribute name="Current GC Util" value="474" />
  <attribute name= "Current Time Running" value="4239" />
  <attribute name ="GC Interval" value="1776" />
  <attribute name="ProportionalT" value="227.000000" />
  <attribute name="ProportionalI" value="227.000000" />
  <attribute name="ProportionalH" value="227.000000" />
  <attribute name="Current Error" value="454.000000" />
  <attribute name="IntegralT" value="1362.000000" />
  <attribute name="IntegralI" value="1362.000000" />
  <attribute name="IntegralH" value="1362.000000" />
  <attribute name="DerivativeT" value="186.500000" />
  <attribute name="DerivativeI" value="186.500000" />
  <attribute name="DerivativeH" value="186.500000" />
  <attribute name="Loop Time for DT" value="3.000000" />
  <attribute name="Output H" value="8388608"/>
  <attribute name="Output I" value="1776"/>
  <attribute name="Output T" value="4"/>
  <attribute name="Target GC Util Change" value ="20.000000" />
  <attribute name="Current GC Util Change" value="474.000000"/>
  <attribute name="GC Util currently" value="474" />
  <attribute name="CPU Util currently" value="1890232778192" />
<percolate-collect id="2642" from="nursery" to="global" reason="failed tenure threshold reached" timestamp="2019-06-15T04:55:48.816"/>
<concurrent-aborted id="2643" timestamp="2019-06-15T04:55:48.816">
  <reason value="insufficient progress made" />
</concurrent-aborted>
<cycle-end id="2644" type="global" contextid="0" timestamp="2019-06-15T04:55:48.816" />
  <attribute name="elasticGC enabled" value="1" />
  <attribute name= "numThreadsSpecified" value="4" />
  <attribute name="heapSize specified" value="16121856" />
  <attribute name="Current GC Util" value="474" />
  <attribute name= "Current Time Running" value="4239" />
  <attribute name ="GC Interval" value="1776" />
  <attribute name="ProportionalT" value="227.000000" />
  <attribute name="ProportionalI" value="227.000000" />
  <attribute name="ProportionalH" value="227.000000" />
  <attribute name="Current Error" value="454.000000" />
  <attribute name="IntegralT" value="1362.000000" />
  <attribute name="IntegralI" value="1362.000000" />
  <attribute name="IntegralH" value="1362.000000" />
  <attribute name="DerivativeT" value="186.500000" />
  <attribute name="DerivativeI" value="186.500000" />
  <attribute name="DerivativeH" value="186.500000" />
  <attribute name="Loop Time for DT" value="3.000000" />
  <attribute name="Output H" value="8388608"/>
  <attribute name="Output I" value="1776"/>
  <attribute name="Output T" value="4"/>
  <attribute name="Target GC Util Change" value ="20.000000" />
  <attribute name="Current GC Util Change" value="474.000000"/>
  <attribute name="GC Util currently" value="474" />
  <attribute name="CPU Util currently" value="1890232778192" />
<cycle-start id="2645" type="global" contextid="0" timestamp="2019-06-15T04:55:48.816" intervalms="64.245" />
<gc-start id="2646" type="global" contextid="2645" timestamp="2019-06-15T04:55:48.816">
  <mem-info id="2647" free="0" total="16121856" percent="0">
    <mem type="nursery" free="0" total="11403264" percent="0">
      <mem type="allocate" free="0" total="5701632" percent="0" />
      <mem type="survivor" free="0" total="5701632" percent="0" />
    </mem>
    <mem type="tenure" free="0" total="4718592" percent="0">
      <mem type="soa" free="0" total="4718592" percent="0" />
      <mem type="loa" free="0" total="0" percent="0" />
    </mem>
    <remembered-set count="929" />
  </mem-info>
</gc-start>
<allocation-stats totalBytes="0" >
  <allocated-bytes non-tlh="0" tlh="0" />
</allocation-stats>
<gc-op id="2648" type="mark" timems="6.037" contextid="2645" timestamp="2019-06-15T04:55:48.823">
  <trace-info objectcount="281378" scancount="226898" scanbytes="7285600" />
  <finalization candidates="58" enqueued="0" />
  <ownableSynchronizers candidates="8" cleared="0" />
  <references type="soft" candidates="98" cleared="0" enqueued="0" dynamicThreshold="0" maxThreshold="32" />
  <references type="weak" candidates="816" cleared="0" enqueued="0" />
  <references type="phantom" candidates="84" cleared="0" enqueued="0" />
  <stringconstants candidates="4979" cleared="0"  />
</gc-op>
<gc-op id="2649" type="classunload" timems="0.002" contextid="2645" timestamp="2019-06-15T04:55:48.823">
  <classunload-info classloadercandidates="10" classloadersunloaded="0" classesunloaded="0" anonymousclassesunloaded="0" quiescems="0.000" setupms="0.001" scanms="0.001" postms="0.000" />
</gc-op>
<gc-op id="2650" type="sweep" timems="0.303" contextid="2645" timestamp="2019-06-15T04:55:48.823" />
<mem-info id="2651" free="3456" total="16121856" percent="0">
  <mem type="nursery" free="3456" total="11403264" percent="0">
    <mem type="allocate" free="3456" total="5701632" percent="0" />
    <mem type="survivor" free="0" total="5701632" percent="0" />
  </mem>
  <mem type="tenure" free="0" total="4718592" percent="0" micro-fragmented="0" macro-fragmented="0">
    <mem type="soa" free="0" total="4718592" percent="0" />
    <mem type="loa" free="0" total="0" percent="0" />
  </mem>
  <remembered-set count="929" />
</mem-info>
<gc-op id="2652" type="compact" timems="5.991" contextid="2645" timestamp="2019-06-15T04:55:48.829">
  <compact-info movecount="0" movebytes="0" reason="compact to aid heap contraction" />
</gc-op>
<gc-end id="2653" type="global" contextid="2645" durationms="13.053" usertimems="24.000" systemtimems="0.000" timestamp="2019-06-15T04:55:48.829" activeThreads="4">
  <mem-info id="2654" free="3456" total="16121856" percent="0">
    <mem type="nursery" free="3456" total="11403264" percent="0">
      <mem type="allocate" free="3456" total="5701632" percent="0" />
      <mem type="survivor" free="0" total="5701632" percent="0" />
    </mem>
    <mem type="tenure" free="0" total="4718592" percent="0">
      <mem type="soa" free="0" total="4718592" percent="0" />
      <mem type="loa" free="0" total="0" percent="0" />
    </mem>
    <remembered-set count="929" />
  </mem-info>
</gc-end>
<cycle-end id="2655" type="global" contextid="2645" timestamp="2019-06-15T04:55:48.830" />
  <attribute name="elasticGC enabled" value="1" />
  <attribute name= "numThreadsSpecified" value="4" />
  <attribute name="heapSize specified" value="16121856" />
  <attribute name="Current GC Util" value="86" />
  <attribute name= "Current Time Running" value="4263" />
  <attribute name ="GC Interval" value="1776" />
  <attribute name="ProportionalT" value="33.000000" />
  <attribute name="ProportionalI" value="33.000000" />
  <attribute name="ProportionalH" value="33.000000" />
  <attribute name="Current Error" value="66.000000" />
  <attribute name="IntegralT" value="396.000000" />
  <attribute name="IntegralI" value="396.000000" />
  <attribute name="IntegralH" value="396.000000" />
  <attribute name="DerivativeT" value="10.250000" />
  <attribute name="DerivativeI" value="10.250000" />
  <attribute name="DerivativeH" value="10.250000" />
  <attribute name="Loop Time for DT" value="6.000000" />
  <attribute name="Output H" value="8388608"/>
  <attribute name="Output I" value="440"/>
  <attribute name="Output T" value="4"/>
  <attribute name="Target GC Util Change" value ="20.000000" />
  <attribute name="Current GC Util Change" value="86.000000"/>
  <attribute name="GC Util currently" value="86" />
  <attribute name="CPU Util currently" value="754868055061" />
<concurrent-kickoff id="2656" timestamp="2019-06-15T04:55:48.830">
  <kickoff reason="threshold reached" targetBytes="1505045" thresholdFreeBytes="208661"  remainingFree="3272" tenureFreeBytes="0" nurseryFreeBytes="3272" />
</concurrent-kickoff>
<allocation-satisfied id="2657" threadId="00000000016DB400" bytesRequested="184" />
<af-end id="2658" timestamp="2019-06-15T04:55:48.830" threadId="00000000016DBD88" success="true" from="nursery"/>
<exclusive-end id="2659" timestamp="2019-06-15T04:55:48.830" durationms="25.970" />

<exclusive-start id="2660" timestamp="2019-06-15T04:55:48.831" intervalms="26.133">
  <response-info timems="0.038" idlems="0.038" threads="0" lastid="00000000016DF000" lastname="PmdThread 4" />
</exclusive-start>
<event id="2661" timestamp="2019-06-15T04:55:48.831">
  <warning details="exclusive access acquired to satisfy allocation" />
</event>
<exclusive-end id="2662" timestamp="2019-06-15T04:55:48.831" durationms="0.221" />

<exclusive-start id="2663" timestamp="2019-06-15T04:55:48.831" intervalms="0.480">
  <response-info timems="0.096" idlems="0.096" threads="0" lastid="00000000013C3700" lastname="main" />
</exclusive-start>
<cycle-start id="2664" type="global" contextid="0" timestamp="2019-06-15T04:55:48.831" intervalms="14.859" />
<exclusive-end id="2665" timestamp="2019-06-15T04:55:48.831" durationms="0.180" />

<exclusive-start id="2666" timestamp="2019-06-15T04:55:48.831" intervalms="0.329">
  <response-info timems="0.060" idlems="0.060" threads="0" lastid="00000000016DF000" lastname="PmdThread 4" />
</exclusive-start>
<af-start id="2667" threadId="00000000016DF988" totalBytesRequested="56" timestamp="2019-06-15T04:55:48.831" intervalms="26.873" type="nursery" />
<cycle-start id="2668" type="scavenge" contextid="0" timestamp="2019-06-15T04:55:48.831" intervalms="26.852" />
<gc-start id="2669" type="scavenge" contextid="2668" timestamp="2019-06-15T04:55:48.831">
  <mem-info id="2670" free="0" total="16121856" percent="0">
    <mem type="nursery" free="0" total="11403264" percent="0">
      <mem type="allocate" free="0" total="5701632" percent="0" />
      <mem type="survivor" free="0" total="5701632" percent="0" />
    </mem>
    <mem type="tenure" free="0" total="4718592" percent="0">
      <mem type="soa" free="0" total="4718592" percent="0" />
      <mem type="loa" free="0" total="0" percent="0" />
    </mem>
    <remembered-set count="929" />
  </mem-info>
</gc-start>
<allocation-stats totalBytes="3432" >
  <allocated-bytes non-tlh="184" tlh="3248" />
  <largest-consumer threadName="PmdThread 4" threadId="00000000016DF000" bytes="3248" />
</allocation-stats>
<gc-op id="2671" type="scavenge" timems="11.228" contextid="2668" timestamp="2019-06-15T04:55:48.843">
  <scavenger-info tenureage="1" tenuremask="fffe" tiltratio="50" />
  <memory-copied type="nursery" objects="170259" bytes="5583728" bytesdiscarded="117792" />
  <copy-failed type="nursery" objects="1" bytes="40" />
  <copy-failed type="tenure" objects="170213" bytes="5581912" />
  <ownableSynchronizers candidates="16" cleared="0" />
  <warning details="aborted collection due to insufficient free space" />
</gc-op>
<gc-end id="2672" type="scavenge" contextid="2668" durationms="11.495" usertimems="16.000" systemtimems="0.000" timestamp="2019-06-15T04:55:48.843" activeThreads="4">
  <mem-info id="2673" free="0" total="16121856" percent="0">
    <mem type="nursery" free="0" total="11403264" percent="0">
      <mem type="allocate" free="0" total="5701632" percent="0" />
      <mem type="survivor" free="0" total="5701632" percent="0" />
    </mem>
    <mem type="tenure" free="0" total="4718592" percent="0">
      <mem type="soa" free="0" total="4718592" percent="0" />
      <mem type="loa" free="0" total="0" percent="0" />
    </mem>
    <remembered-set count="929" />
  </mem-info>
</gc-end>
<cycle-end id="2674" type="scavenge" contextid="2668" timestamp="2019-06-15T04:55:48.843" />
  <attribute name="elasticGC enabled" value="1" />
  <attribute name= "numThreadsSpecified" value="4" />
  <attribute name="heapSize specified" value="16121856" />
  <attribute name="Current GC Util" value="876" />
  <attribute name= "Current Time Running" value="4265" />
  <attribute name ="GC Interval" value="2736" />
  <attribute name="ProportionalT" value="428.000000" />
  <attribute name="ProportionalI" value="428.000000" />
  <attribute name="ProportionalH" value="428.000000" />
  <attribute name="Current Error" value="856.000000" />
  <attribute name="IntegralT" value="1712.000000" />
  <attribute name="IntegralI" value="1712.000000" />
  <attribute name="IntegralH" value="1712.000000" />
  <attribute name="DerivativeT" value="592.500000" />
  <attribute name="DerivativeI" value="592.500000" />
  <attribute name="DerivativeH" value="592.500000" />
  <attribute name="Loop Time for DT" value="2.000000" />
  <attribute name="Output H" value="8388608"/>
  <attribute name="Output I" value="2736"/>
  <attribute name="Output T" value="4"/>
  <attribute name="Target GC Util Change" value ="20.000000" />
  <attribute name="Current GC Util Change" value="876.000000"/>
  <attribute name="GC Util currently" value="876" />
  <attribute name="CPU Util currently" value="2010752927468" />
<percolate-collect id="2675" from="nursery" to="global" reason="failed tenure threshold reached" timestamp="2019-06-15T04:55:48.843"/>
<concurrent-aborted id="2676" timestamp="2019-06-15T04:55:48.843">
  <reason value="insufficient progress made" />
</concurrent-aborted>
<cycle-end id="2677" type="global" contextid="2664" timestamp="2019-06-15T04:55:48.844" />
  <attribute name="elasticGC enabled" value="1" />
  <attribute name= "numThreadsSpecified" value="4" />
  <attribute name="heapSize specified" value="16121856" />
  <attribute name="Current GC Util" value="876" />
  <attribute name= "Current Time Running" value="4265" />
  <attribute name ="GC Interval" value="2736" />
  <attribute name="ProportionalT" value="428.000000" />
  <attribute name="ProportionalI" value="428.000000" />
  <attribute name="ProportionalH" value="428.000000" />
  <attribute name="Current Error" value="856.000000" />
  <attribute name="IntegralT" value="1712.000000" />
  <attribute name="IntegralI" value="1712.000000" />
  <attribute name="IntegralH" value="1712.000000" />
  <attribute name="DerivativeT" value="592.500000" />
  <attribute name="DerivativeI" value="592.500000" />
  <attribute name="DerivativeH" value="592.500000" />
  <attribute name="Loop Time for DT" value="2.000000" />
  <attribute name="Output H" value="8388608"/>
  <attribute name="Output I" value="2736"/>
  <attribute name="Output T" value="4"/>
  <attribute name="Target GC Util Change" value ="20.000000" />
  <attribute name="Current GC Util Change" value="876.000000"/>
  <attribute name="GC Util currently" value="876" />
  <attribute name="CPU Util currently" value="2010752927468" />
<cycle-start id="2678" type="global" contextid="0" timestamp="2019-06-15T04:55:48.844" intervalms="12.642" />
<gc-start id="2679" type="global" contextid="2678" timestamp="2019-06-15T04:55:48.844">
  <mem-info id="2680" free="0" total="16121856" percent="0">
    <mem type="nursery" free="0" total="11403264" percent="0">
      <mem type="allocate" free="0" total="5701632" percent="0" />
      <mem type="survivor" free="0" total="5701632" percent="0" />
    </mem>
    <mem type="tenure" free="0" total="4718592" percent="0">
      <mem type="soa" free="0" total="4718592" percent="0" />
      <mem type="loa" free="0" total="0" percent="0" />
    </mem>
    <remembered-set count="929" />
  </mem-info>
</gc-start>
<allocation-stats totalBytes="0" >
  <allocated-bytes non-tlh="0" tlh="0" />
</allocation-stats>
<gc-op id="2681" type="mark" timems="9.497" contextid="2678" timestamp="2019-06-15T04:55:48.853">
  <trace-info objectcount="281421" scancount="226939" scanbytes="7287048" />
  <finalization candidates="58" enqueued="0" />
  <ownableSynchronizers candidates="8" cleared="0" />
  <references type="soft" candidates="98" cleared="0" enqueued="0" dynamicThreshold="0" maxThreshold="32" />
  <references type="weak" candidates="816" cleared="0" enqueued="0" />
  <references type="phantom" candidates="84" cleared="0" enqueued="0" />
  <stringconstants candidates="4979" cleared="0"  />
</gc-op>
<gc-op id="2682" type="classunload" timems="0.002" contextid="2678" timestamp="2019-06-15T04:55:48.854">
  <classunload-info classloadercandidates="10" classloadersunloaded="0" classesunloaded="0" anonymousclassesunloaded="0" quiescems="0.000" setupms="0.001" scanms="0.000" postms="0.001" />
</gc-op>
<gc-op id="2683" type="sweep" timems="0.986" contextid="2678" timestamp="2019-06-15T04:55:48.855" />
<mem-info id="2684" free="0" total="16121856" percent="0">
  <mem type="nursery" free="0" total="11403264" percent="0">
    <mem type="allocate" free="0" total="5701632" percent="0" />
    <mem type="survivor" free="0" total="5701632" percent="0" />
  </mem>
  <mem type="tenure" free="0" total="4718592" percent="0" micro-fragmented="0" macro-fragmented="0">
    <mem type="soa" free="0" total="4718592" percent="0" />
    <mem type="loa" free="0" total="0" percent="0" />
  </mem>
  <remembered-set count="929" />
</mem-info>
<gc-op id="2685" type="compact" timems="33.962" contextid="2678" timestamp="2019-06-15T04:55:48.889">
  <compact-info movecount="172717" movebytes="5404608" reason="compact to aid heap contraction" />
</gc-op>
<gc-end id="2686" type="global" contextid="2678" durationms="45.442" usertimems="56.000" systemtimems="0.000" timestamp="2019-06-15T04:55:48.889" activeThreads="4">
  <mem-info id="2687" free="1720" total="16121856" percent="0">
    <mem type="nursery" free="1720" total="11403264" percent="0">
      <mem type="allocate" free="1720" total="5701632" percent="0" />
      <mem type="survivor" free="0" total="5701632" percent="0" />
    </mem>
    <mem type="tenure" free="0" total="4718592" percent="0">
      <mem type="soa" free="0" total="4718592" percent="0" />
      <mem type="loa" free="0" total="0" percent="0" />
    </mem>
    <remembered-set count="929" />
  </mem-info>
</gc-end>
<cycle-end id="2688" type="global" contextid="2678" timestamp="2019-06-15T04:55:48.889" />
  <attribute name="elasticGC enabled" value="1" />
  <attribute name= "numThreadsSpecified" value="4" />
  <attribute name="heapSize specified" value="16121856" />
  <attribute name="Current GC Util" value="21" />
  <attribute name= "Current Time Running" value="4323" />
  <attribute name ="GC Interval" value="2736" />
  <attribute name="ProportionalT" value="0.500000" />
  <attribute name="ProportionalI" value="0.500000" />
  <attribute name="ProportionalH" value="0.500000" />
  <attribute name="Current Error" value="1.000000" />
  <attribute name="IntegralT" value="34.000000" />
  <attribute name="IntegralI" value="34.000000" />
  <attribute name="IntegralH" value="34.000000" />
  <attribute name="DerivativeT" value="-2.161765" />
  <attribute name="DerivativeI" value="-2.161765" />
  <attribute name="DerivativeH" value="-2.161765" />
  <attribute name="Loop Time for DT" value="34.000000" />
  <attribute name="Output H" value="8388608"/>
  <attribute name="Output I" value="200"/>
  <attribute name="Output T" value="4"/>
  <attribute name="Target GC Util Change" value ="20.000000" />
  <attribute name="Current GC Util Change" value="21.000000"/>
  <attribute name="GC Util currently" value="21" />
  <attribute name="CPU Util currently" value="134872141542" />
<concurrent-kickoff id="2689" timestamp="2019-06-15T04:55:48.890">
  <kickoff reason="threshold reached" targetBytes="1505045" thresholdFreeBytes="208661"  remainingFree="1664" tenureFreeBytes="0" nurseryFreeBytes="1664" />
</concurrent-kickoff>
<allocation-satisfied id="2690" threadId="00000000016DF000" bytesRequested="56" />
<af-end id="2691" timestamp="2019-06-15T04:55:48.890" threadId="00000000016DF988" success="true" from="nursery"/>
<exclusive-end id="2692" timestamp="2019-06-15T04:55:48.890" durationms="58.810" />

<exclusive-start id="2693" timestamp="2019-06-15T04:55:48.890" intervalms="59.032">
  <response-info timems="0.037" idlems="0.037" threads="0" lastid="00000000016D3C00" lastname="PmdThread 1" />
</exclusive-start>
<af-start id="2694" threadId="00000000016D4588" totalBytesRequested="56" timestamp="2019-06-15T04:55:48.890" intervalms="59.102" type="nursery" />
<cycle-start id="2695" type="scavenge" contextid="0" timestamp="2019-06-15T04:55:48.891" intervalms="59.129" />
<gc-start id="2696" type="scavenge" contextid="2695" timestamp="2019-06-15T04:55:48.891">
  <mem-info id="2697" free="0" total="16121856" percent="0">
    <mem type="nursery" free="0" total="11403264" percent="0">
      <mem type="allocate" free="0" total="5701632" percent="0" />
      <mem type="survivor" free="0" total="5701632" percent="0" />
    </mem>
    <mem type="tenure" free="0" total="4718592" percent="0">
      <mem type="soa" free="0" total="4718592" percent="0" />
      <mem type="loa" free="0" total="0" percent="0" />
    </mem>
    <remembered-set count="929" />
  </mem-info>
</gc-start>
<allocation-stats totalBytes="1720" >
  <allocated-bytes non-tlh="56" tlh="1664" />
  <largest-consumer threadName="PmdThread 4" threadId="00000000016DF000" bytes="1720" />
</allocation-stats>
<gc-op id="2698" type="scavenge" timems="10.900" contextid="2695" timestamp="2019-06-15T04:55:48.902">
  <scavenger-info tenureage="1" tenuremask="fffe" tiltratio="50" />
  <memory-copied type="nursery" objects="167995" bytes="5523176" bytesdiscarded="178344" />
  <copy-failed type="nursery" objects="1" bytes="40" />
  <copy-failed type="tenure" objects="167980" bytes="5522560" />
  <ownableSynchronizers candidates="16" cleared="0" />
  <warning details="aborted collection due to insufficient free space" />
</gc-op>
<gc-end id="2699" type="scavenge" contextid="2695" durationms="11.249" usertimems="16.000" systemtimems="0.000" timestamp="2019-06-15T04:55:48.902" activeThreads="4">
  <mem-info id="2700" free="0" total="16121856" percent="0">
    <mem type="nursery" free="0" total="11403264" percent="0">
      <mem type="allocate" free="0" total="5701632" percent="0" />
      <mem type="survivor" free="0" total="5701632" percent="0" />
    </mem>
    <mem type="tenure" free="0" total="4718592" percent="0">
      <mem type="soa" free="0" total="4718592" percent="0" />
      <mem type="loa" free="0" total="0" percent="0" />
    </mem>
    <remembered-set count="929" />
  </mem-info>
</gc-end>
<cycle-end id="2701" type="scavenge" contextid="2695" timestamp="2019-06-15T04:55:48.902" />
  <attribute name="elasticGC enabled" value="1" />
  <attribute name= "numThreadsSpecified" value="4" />
  <attribute name="heapSize specified" value="16121856" />
  <attribute name="Current GC Util" value="4247" />
  <attribute name= "Current Time Running" value="4325" />
  <attribute name ="GC Interval" value="4000" />
  <attribute name="ProportionalT" value="2113.500000" />
  <attribute name="ProportionalI" value="2113.500000" />
  <attribute name="ProportionalH" value="2113.500000" />
  <attribute name="Current Error" value="4227.000000" />
  <attribute name="IntegralT" value="8454.000000" />
  <attribute name="IntegralI" value="8454.000000" />
  <attribute name="IntegralH" value="8454.000000" />
  <attribute name="DerivativeT" value="3169.500000" />
  <attribute name="DerivativeI" value="3169.500000" />
  <attribute name="DerivativeH" value="3169.500000" />
  <attribute name="Loop Time for DT" value="2.000000" />
  <attribute name="Output H" value="8388608"/>
  <attribute name="Output I" value="4000"/>
  <attribute name="Output T" value="4"/>
  <attribute name="Target GC Util Change" value ="20.000000" />
  <attribute name="Current GC Util Change" value="4247.000000"/>
  <attribute name="GC Util currently" value="4247" />
  <attribute name="CPU Util currently" value="2625494286636" />
<percolate-collect id="2702" from="nursery" to="global" reason="failed tenure threshold reached" timestamp="2019-06-15T04:55:48.902"/>
<concurrent-aborted id="2703" timestamp="2019-06-15T04:55:48.902">
  <reason value="insufficient progress made" />
</concurrent-aborted>
<cycle-end id="2704" type="global" contextid="2664" timestamp="2019-06-15T04:55:48.902" />
  <attribute name="elasticGC enabled" value="1" />
  <attribute name= "numThreadsSpecified" value="4" />
  <attribute name="heapSize specified" value="16121856" />
  <attribute name="Current GC Util" value="4247" />
  <attribute name= "Current Time Running" value="4325" />
  <attribute name ="GC Interval" value="4000" />
  <attribute name="ProportionalT" value="2113.500000" />
  <attribute name="ProportionalI" value="2113.500000" />
  <attribute name="ProportionalH" value="2113.500000" />
  <attribute name="Current Error" value="4227.000000" />
  <attribute name="IntegralT" value="8454.000000" />
  <attribute name="IntegralI" value="8454.000000" />
  <attribute name="IntegralH" value="8454.000000" />
  <attribute name="DerivativeT" value="3169.500000" />
  <attribute name="DerivativeI" value="3169.500000" />
  <attribute name="DerivativeH" value="3169.500000" />
  <attribute name="Loop Time for DT" value="2.000000" />
  <attribute name="Output H" value="8388608"/>
  <attribute name="Output I" value="4000"/>
  <attribute name="Output T" value="4"/>
  <attribute name="Target GC Util Change" value ="20.000000" />
  <attribute name="Current GC Util Change" value="4247.000000"/>
  <attribute name="GC Util currently" value="4247" />
  <attribute name="CPU Util currently" value="2625494286636" />
<cycle-start id="2705" type="global" contextid="0" timestamp="2019-06-15T04:55:48.903" intervalms="58.950" />
<gc-start id="2706" type="global" contextid="2705" timestamp="2019-06-15T04:55:48.903">
  <mem-info id="2707" free="0" total="16121856" percent="0">
    <mem type="nursery" free="0" total="11403264" percent="0">
      <mem type="allocate" free="0" total="5701632" percent="0" />
      <mem type="survivor" free="0" total="5701632" percent="0" />
    </mem>
    <mem type="tenure" free="0" total="4718592" percent="0">
      <mem type="soa" free="0" total="4718592" percent="0" />
      <mem type="loa" free="0" total="0" percent="0" />
    </mem>
    <remembered-set count="929" />
  </mem-info>
</gc-start>
<allocation-stats totalBytes="0" >
  <allocated-bytes non-tlh="0" tlh="0" />
</allocation-stats>
<gc-op id="2708" type="mark" timems="6.402" contextid="2705" timestamp="2019-06-15T04:55:48.909">
  <trace-info objectcount="281437" scancount="226951" scanbytes="7287796" />
  <finalization candidates="58" enqueued="0" />
  <ownableSynchronizers candidates="8" cleared="0" />
  <references type="soft" candidates="98" cleared="0" enqueued="0" dynamicThreshold="0" maxThreshold="32" />
  <references type="weak" candidates="816" cleared="0" enqueued="0" />
  <references type="phantom" candidates="84" cleared="0" enqueued="0" />
  <stringconstants candidates="4979" cleared="0"  />
</gc-op>
<gc-op id="2709" type="classunload" timems="0.002" contextid="2705" timestamp="2019-06-15T04:55:48.910">
  <classunload-info classloadercandidates="10" classloadersunloaded="0" classesunloaded="0" anonymousclassesunloaded="0" quiescems="0.000" setupms="0.001" scanms="0.000" postms="0.001" />
</gc-op>
<gc-op id="2710" type="sweep" timems="0.357" contextid="2705" timestamp="2019-06-15T04:55:48.910" />
<mem-info id="2711" free="952" total="16121856" percent="0">
  <mem type="nursery" free="952" total="11403264" percent="0">
    <mem type="allocate" free="952" total="5701632" percent="0" />
    <mem type="survivor" free="0" total="5701632" percent="0" />
  </mem>
  <mem type="tenure" free="0" total="4718592" percent="0" micro-fragmented="0" macro-fragmented="0">
    <mem type="soa" free="0" total="4718592" percent="0" />
    <mem type="loa" free="0" total="0" percent="0" />
  </mem>
  <remembered-set count="929" />
</mem-info>
<gc-op id="2712" type="compact" timems="6.111" contextid="2705" timestamp="2019-06-15T04:55:48.916">
  <compact-info movecount="0" movebytes="0" reason="compact to aid heap contraction" />
</gc-op>
<gc-end id="2713" type="global" contextid="2705" durationms="13.792" usertimems="24.000" systemtimems="0.000" timestamp="2019-06-15T04:55:48.917" activeThreads="4">
  <mem-info id="2714" free="952" total="16121856" percent="0">
    <mem type="nursery" free="952" total="11403264" percent="0">
      <mem type="allocate" free="952" total="5701632" percent="0" />
      <mem type="survivor" free="0" total="5701632" percent="0" />
    </mem>
    <mem type="tenure" free="0" total="4718592" percent="0">
      <mem type="soa" free="0" total="4718592" percent="0" />
      <mem type="loa" free="0" total="0" percent="0" />
    </mem>
    <remembered-set count="929" />
  </mem-info>
</gc-end>
<cycle-end id="2715" type="global" contextid="2705" timestamp="2019-06-15T04:55:48.917" />
  <attribute name="elasticGC enabled" value="1" />
  <attribute name= "numThreadsSpecified" value="4" />
  <attribute name="heapSize specified" value="16121856" />
  <attribute name="Current GC Util" value="136" />
  <attribute name= "Current Time Running" value="4350" />
  <attribute name ="GC Interval" value="4000" />
  <attribute name="ProportionalT" value="58.000000" />
  <attribute name="ProportionalI" value="58.000000" />
  <attribute name="ProportionalH" value="58.000000" />
  <attribute name="Current Error" value="116.000000" />
  <attribute name="IntegralT" value="696.000000" />
  <attribute name="IntegralI" value="696.000000" />
  <attribute name="IntegralH" value="696.000000" />
  <attribute name="DerivativeT" value="25.250000" />
  <attribute name="DerivativeI" value="25.250000" />
  <attribute name="DerivativeH" value="25.250000" />
  <attribute name="Loop Time for DT" value="6.000000" />
  <attribute name="Output H" value="8388608"/>
  <attribute name="Output I" value="784"/>
  <attribute name="Output T" value="4"/>
  <attribute name="Target GC Util Change" value ="20.000000" />
  <attribute name="Current GC Util Change" value="136.000000"/>
  <attribute name="GC Util currently" value="136" />
  <attribute name="CPU Util currently" value="735915515961" />
<concurrent-kickoff id="2716" timestamp="2019-06-15T04:55:48.917">
  <kickoff reason="threshold reached" targetBytes="1505045" thresholdFreeBytes="208661"  remainingFree="896" tenureFreeBytes="0" nurseryFreeBytes="896" />
</concurrent-kickoff>
<allocation-satisfied id="2717" threadId="00000000016D3C00" bytesRequested="56" />
<af-end id="2718" timestamp="2019-06-15T04:55:48.917" threadId="00000000016D4588" success="true" from="nursery"/>
<exclusive-end id="2719" timestamp="2019-06-15T04:55:48.917" durationms="27.090" />

<exclusive-start id="2720" timestamp="2019-06-15T04:55:48.924" intervalms="33.328">
  <response-info timems="6.035" idlems="6.035" threads="0" lastid="00000000016D7800" lastname="PmdThread 2" />
</exclusive-start>
<af-start id="2721" threadId="00000000016D8188" totalBytesRequested="64" timestamp="2019-06-15T04:55:48.924" intervalms="33.369" type="nursery" />
<cycle-start id="2722" type="scavenge" contextid="0" timestamp="2019-06-15T04:55:48.924" intervalms="33.389" />
<gc-start id="2723" type="scavenge" contextid="2722" timestamp="2019-06-15T04:55:48.924">
  <mem-info id="2724" free="0" total="16121856" percent="0">
    <mem type="nursery" free="0" total="11403264" percent="0">
      <mem type="allocate" free="0" total="5701632" percent="0" />
      <mem type="survivor" free="0" total="5701632" percent="0" />
    </mem>
    <mem type="tenure" free="0" total="4718592" percent="0">
      <mem type="soa" free="0" total="4718592" percent="0" />
      <mem type="loa" free="0" total="0" percent="0" />
    </mem>
    <remembered-set count="929" />
  </mem-info>
</gc-start>
<allocation-stats totalBytes="936" >
  <allocated-bytes non-tlh="56" tlh="880" />
  <largest-consumer threadName="PmdThread 2" threadId="00000000016D7800" bytes="880" />
</allocation-stats>
<gc-op id="2725" type="scavenge" timems="11.262" contextid="2722" timestamp="2019-06-15T04:55:48.936">
  <scavenger-info tenureage="1" tenuremask="fffe" tiltratio="50" />
  <memory-copied type="nursery" objects="173099" bytes="5659128" bytesdiscarded="42392" />
  <copy-failed type="nursery" objects="1" bytes="40" />
  <copy-failed type="tenure" objects="173073" bytes="5658408" />
  <ownableSynchronizers candidates="16" cleared="0" />
  <warning details="aborted collection due to insufficient free space" />
</gc-op>
<gc-end id="2726" type="scavenge" contextid="2722" durationms="11.772" usertimems="16.000" systemtimems="0.000" timestamp="2019-06-15T04:55:48.936" activeThreads="4">
  <mem-info id="2727" free="0" total="16121856" percent="0">
    <mem type="nursery" free="0" total="11403264" percent="0">
      <mem type="allocate" free="0" total="5701632" percent="0" />
      <mem type="survivor" free="0" total="5701632" percent="0" />
    </mem>
    <mem type="tenure" free="0" total="4718592" percent="0">
      <mem type="soa" free="0" total="4718592" percent="0" />
      <mem type="loa" free="0" total="0" percent="0" />
    </mem>
    <remembered-set count="929" />
  </mem-info>
</gc-end>
<cycle-end id="2728" type="scavenge" contextid="2722" timestamp="2019-06-15T04:55:48.936" />
  <attribute name="elasticGC enabled" value="1" />
  <attribute name= "numThreadsSpecified" value="4" />
  <attribute name="heapSize specified" value="16121856" />
  <attribute name="Current GC Util" value="133" />
  <attribute name= "Current Time Running" value="4358" />
  <attribute name ="GC Interval" value="960" />
  <attribute name="ProportionalT" value="56.500000" />
  <attribute name="ProportionalI" value="56.500000" />
  <attribute name="ProportionalH" value="56.500000" />
  <attribute name="Current Error" value="113.000000" />
  <attribute name="IntegralT" value="904.000000" />
  <attribute name="IntegralI" value="904.000000" />
  <attribute name="IntegralH" value="904.000000" />
  <attribute name="DerivativeT" value="-0.562500" />
  <attribute name="DerivativeI" value="-0.562500" />
  <attribute name="DerivativeH" value="-0.562500" />
  <attribute name="Loop Time for DT" value="8.000000" />
  <attribute name="Output H" value="8388608"/>
  <attribute name="Output I" value="960"/>
  <attribute name="Output T" value="4"/>
  <attribute name="Target GC Util Change" value ="20.000000" />
  <attribute name="Current GC Util Change" value="133.000000"/>
  <attribute name="GC Util currently" value="133" />
  <attribute name="CPU Util currently" value="589494995766" />
<percolate-collect id="2729" from="nursery" to="global" reason="failed tenure threshold reached" timestamp="2019-06-15T04:55:48.936"/>
<concurrent-aborted id="2730" timestamp="2019-06-15T04:55:48.936">
  <reason value="insufficient progress made" />
</concurrent-aborted>
<cycle-end id="2731" type="global" contextid="2664" timestamp="2019-06-15T04:55:48.936" />
  <attribute name="elasticGC enabled" value="1" />
  <attribute name= "numThreadsSpecified" value="4" />
  <attribute name="heapSize specified" value="16121856" />
  <attribute name="Current GC Util" value="133" />
  <attribute name= "Current Time Running" value="4358" />
  <attribute name ="GC Interval" value="960" />
  <attribute name="ProportionalT" value="56.500000" />
  <attribute name="ProportionalI" value="56.500000" />
  <attribute name="ProportionalH" value="56.500000" />
  <attribute name="Current Error" value="113.000000" />
  <attribute name="IntegralT" value="904.000000" />
  <attribute name="IntegralI" value="904.000000" />
  <attribute name="IntegralH" value="904.000000" />
  <attribute name="DerivativeT" value="-0.562500" />
  <attribute name="DerivativeI" value="-0.562500" />
  <attribute name="DerivativeH" value="-0.562500" />
  <attribute name="Loop Time for DT" value="8.000000" />
  <attribute name="Output H" value="8388608"/>
  <attribute name="Output I" value="960"/>
  <attribute name="Output T" value="4"/>
  <attribute name="Target GC Util Change" value ="20.000000" />
  <attribute name="Current GC Util Change" value="133.000000"/>
  <attribute name="GC Util currently" value="133" />
  <attribute name="CPU Util currently" value="589494995766" />
<cycle-start id="2732" type="global" contextid="0" timestamp="2019-06-15T04:55:48.936" intervalms="33.724" />
<gc-start id="2733" type="global" contextid="2732" timestamp="2019-06-15T04:55:48.936">
  <mem-info id="2734" free="0" total="16121856" percent="0">
    <mem type="nursery" free="0" total="11403264" percent="0">
      <mem type="allocate" free="0" total="5701632" percent="0" />
      <mem type="survivor" free="0" total="5701632" percent="0" />
    </mem>
    <mem type="tenure" free="0" total="4718592" percent="0">
      <mem type="soa" free="0" total="4718592" percent="0" />
      <mem type="loa" free="0" total="0" percent="0" />
    </mem>
    <remembered-set count="929" />
  </mem-info>
</gc-start>
<allocation-stats totalBytes="0" >
  <allocated-bytes non-tlh="0" tlh="0" />
</allocation-stats>
<gc-op id="2735" type="mark" timems="6.000" contextid="2732" timestamp="2019-06-15T04:55:48.943">
  <trace-info objectcount="281464" scancount="226972" scanbytes="7288532" />
  <finalization candidates="58" enqueued="0" />
  <ownableSynchronizers candidates="8" cleared="0" />
  <references type="soft" candidates="98" cleared="0" enqueued="0" dynamicThreshold="0" maxThreshold="32" />
  <references type="weak" candidates="816" cleared="0" enqueued="0" />
  <references type="phantom" candidates="84" cleared="0" enqueued="0" />
  <stringconstants candidates="4979" cleared="0"  />
</gc-op>
<gc-op id="2736" type="classunload" timems="0.002" contextid="2732" timestamp="2019-06-15T04:55:48.943">
  <classunload-info classloadercandidates="10" classloadersunloaded="0" classesunloaded="0" anonymousclassesunloaded="0" quiescems="0.000" setupms="0.001" scanms="0.000" postms="0.001" />
</gc-op>
<gc-op id="2737" type="sweep" timems="0.361" contextid="2732" timestamp="2019-06-15T04:55:48.943" />
<mem-info id="2738" free="0" total="16121856" percent="0">
  <mem type="nursery" free="0" total="11403264" percent="0">
    <mem type="allocate" free="0" total="5701632" percent="0" />
    <mem type="survivor" free="0" total="5701632" percent="0" />
  </mem>
  <mem type="tenure" free="0" total="4718592" percent="0" micro-fragmented="0" macro-fragmented="0">
    <mem type="soa" free="0" total="4718592" percent="0" />
    <mem type="loa" free="0" total="0" percent="0" />
  </mem>
  <remembered-set count="929" />
</mem-info>
<gc-op id="2739" type="compact" timems="5.910" contextid="2732" timestamp="2019-06-15T04:55:48.949">
  <compact-info movecount="21" movebytes="624" reason="compact to aid heap contraction" />
</gc-op>
<gc-end id="2740" type="global" contextid="2732" durationms="12.982" usertimems="24.000" systemtimems="0.000" timestamp="2019-06-15T04:55:48.949" activeThreads="4">
  <mem-info id="2741" free="0" total="16121856" percent="0">
    <mem type="nursery" free="0" total="11403264" percent="0">
      <mem type="allocate" free="0" total="5701632" percent="0" />
      <mem type="survivor" free="0" total="5701632" percent="0" />
    </mem>
    <mem type="tenure" free="0" total="4718592" percent="0">
      <mem type="soa" free="0" total="4718592" percent="0" />
      <mem type="loa" free="0" total="0" percent="0" />
    </mem>
    <remembered-set count="929" />
  </mem-info>
</gc-end>
<cycle-end id="2742" type="global" contextid="2732" timestamp="2019-06-15T04:55:48.950" />
  <attribute name="elasticGC enabled" value="1" />
  <attribute name= "numThreadsSpecified" value="4" />
  <attribute name="heapSize specified" value="16121856" />
  <attribute name="Current GC Util" value="87" />
  <attribute name= "Current Time Running" value="4383" />
  <attribute name ="GC Interval" value="960" />
  <attribute name="ProportionalT" value="33.500000" />
  <attribute name="ProportionalI" value="33.500000" />
  <attribute name="ProportionalH" value="33.500000" />
  <attribute name="Current Error" value="67.000000" />
  <attribute name="IntegralT" value="402.000000" />
  <attribute name="IntegralI" value="402.000000" />
  <attribute name="IntegralH" value="402.000000" />
  <attribute name="DerivativeT" value="8.250000" />
  <attribute name="DerivativeI" value="8.250000" />
  <attribute name="DerivativeH" value="8.250000" />
  <attribute name="Loop Time for DT" value="6.000000" />
  <attribute name="Output H" value="8388608"/>
  <attribute name="Output I" value="448"/>
  <attribute name="Output T" value="4"/>
  <attribute name="Target GC Util Change" value ="20.000000" />
  <attribute name="Current GC Util Change" value="87.000000"/>
  <attribute name="GC Util currently" value="87" />
  <attribute name="CPU Util currently" value="765030034079" />
<cycle-start id="2743" type="global" contextid="0" timestamp="2019-06-15T04:55:48.950" intervalms="13.299" />
<gc-start id="2744" type="global" contextid="2743" timestamp="2019-06-15T04:55:48.950">
  <mem-info id="2745" free="0" total="16121856" percent="0">
    <mem type="nursery" free="0" total="11403264" percent="0">
      <mem type="allocate" free="0" total="5701632" percent="0" />
      <mem type="survivor" free="0" total="5701632" percent="0" />
    </mem>
    <mem type="tenure" free="0" total="4718592" percent="0">
      <mem type="soa" free="0" total="4718592" percent="0" />
      <mem type="loa" free="0" total="0" percent="0" />
    </mem>
    <remembered-set count="929" />
  </mem-info>
</gc-start>
<allocation-stats totalBytes="0" >
  <allocated-bytes non-tlh="0" tlh="0" />
</allocation-stats>
<gc-op id="2746" type="mark" timems="5.673" contextid="2743" timestamp="2019-06-15T04:55:48.956">
  <trace-info objectcount="281464" scancount="226976" scanbytes="7288532" />
  <finalization candidates="58" enqueued="0" />
  <ownableSynchronizers candidates="8" cleared="0" />
  <references type="soft" candidates="98" cleared="0" enqueued="0" dynamicThreshold="0" maxThreshold="32" />
  <references type="weak" candidates="816" cleared="0" enqueued="0" />
  <references type="phantom" candidates="84" cleared="0" enqueued="0" />
  <stringconstants candidates="4979" cleared="0"  />
</gc-op>
<gc-op id="2747" type="sweep" timems="0.378" contextid="2743" timestamp="2019-06-15T04:55:48.956" />
<mem-info id="2748" free="0" total="16121856" percent="0">
  <mem type="nursery" free="0" total="11403264" percent="0">
    <mem type="allocate" free="0" total="5701632" percent="0" />
    <mem type="survivor" free="0" total="5701632" percent="0" />
  </mem>
  <mem type="tenure" free="0" total="4718592" percent="0" micro-fragmented="0" macro-fragmented="0">
    <mem type="soa" free="0" total="4718592" percent="0" />
    <mem type="loa" free="0" total="0" percent="0" />
  </mem>
  <remembered-set count="929" />
</mem-info>
<gc-op id="2749" type="compact" timems="6.459" contextid="2743" timestamp="2019-06-15T04:55:48.963">
  <compact-info movecount="0" movebytes="0" reason="compact to aid heap contraction" />
</gc-op>
<gc-end id="2750" type="global" contextid="2743" durationms="13.243" usertimems="20.000" systemtimems="4.000" timestamp="2019-06-15T04:55:48.963" activeThreads="4">
  <mem-info id="2751" free="0" total="16121856" percent="0">
    <mem type="nursery" free="0" total="11403264" percent="0">
      <mem type="allocate" free="0" total="5701632" percent="0" />
      <mem type="survivor" free="0" total="5701632" percent="0" />
    </mem>
    <mem type="tenure" free="0" total="4718592" percent="0">
      <mem type="soa" free="0" total="4718592" percent="0" />
      <mem type="loa" free="0" total="0" percent="0" />
    </mem>
    <remembered-set count="929" />
  </mem-info>
</gc-end>
<cycle-end id="2752" type="global" contextid="2743" timestamp="2019-06-15T04:55:48.963" />
  <attribute name="elasticGC enabled" value="1" />
  <attribute name= "numThreadsSpecified" value="4" />
  <attribute name="heapSize specified" value="16121856" />
  <attribute name="Current GC Util" value="93" />
  <attribute name= "Current Time Running" value="4397" />
  <attribute name ="GC Interval" value="960" />
  <attribute name="ProportionalT" value="36.500000" />
  <attribute name="ProportionalI" value="36.500000" />
  <attribute name="ProportionalH" value="36.500000" />
  <attribute name="Current Error" value="73.000000" />
  <attribute name="IntegralT" value="511.000000" />
  <attribute name="IntegralI" value="511.000000" />
  <attribute name="IntegralH" value="511.000000" />
  <attribute name="DerivativeT" value="11.571429" />
  <attribute name="DerivativeI" value="11.571429" />
  <attribute name="DerivativeH" value="11.571429" />
  <attribute name="Loop Time for DT" value="7.000000" />
  <attribute name="Output H" value="8388608"/>
  <attribute name="Output I" value="560"/>
  <attribute name="Output T" value="4"/>
  <attribute name="Target GC Util Change" value ="20.000000" />
  <attribute name="Current GC Util Change" value="93.000000"/>
  <attribute name="GC Util currently" value="93" />
  <attribute name="CPU Util currently" value="699646870160" />
<cycle-start id="2753" type="global" contextid="0" timestamp="2019-06-15T04:55:48.963" intervalms="13.636" />
<gc-start id="2754" type="global" contextid="2753" timestamp="2019-06-15T04:55:48.963">
  <mem-info id="2755" free="0" total="16121856" percent="0">
    <mem type="nursery" free="0" total="11403264" percent="0">
      <mem type="allocate" free="0" total="5701632" percent="0" />
      <mem type="survivor" free="0" total="5701632" percent="0" />
    </mem>
    <mem type="tenure" free="0" total="4718592" percent="0">
      <mem type="soa" free="0" total="4718592" percent="0" />
      <mem type="loa" free="0" total="0" percent="0" />
    </mem>
    <remembered-set count="929" />
  </mem-info>
</gc-start>
<allocation-stats totalBytes="0" >
  <allocated-bytes non-tlh="0" tlh="0" />
</allocation-stats>
<gc-op id="2756" type="mark" timems="6.933" contextid="2753" timestamp="2019-06-15T04:55:48.971">
  <trace-info objectcount="281464" scancount="226972" scanbytes="7288532" />
  <finalization candidates="58" enqueued="0" />
  <ownableSynchronizers candidates="8" cleared="0" />
  <references type="soft" candidates="98" cleared="0" enqueued="0" dynamicThreshold="0" maxThreshold="32" />
  <references type="weak" candidates="816" cleared="0" enqueued="0" />
  <references type="phantom" candidates="84" cleared="0" enqueued="0" />
  <stringconstants candidates="4979" cleared="0"  />
</gc-op>
<gc-op id="2757" type="classunload" timems="0.002" contextid="2753" timestamp="2019-06-15T04:55:48.971">
  <classunload-info classloadercandidates="10" classloadersunloaded="0" classesunloaded="0" anonymousclassesunloaded="0" quiescems="0.000" setupms="0.002" scanms="0.000" postms="0.000" />
</gc-op>
<gc-op id="2758" type="sweep" timems="0.338" contextid="2753" timestamp="2019-06-15T04:55:48.971" />
<mem-info id="2759" free="0" total="16121856" percent="0">
  <mem type="nursery" free="0" total="11403264" percent="0">
    <mem type="allocate" free="0" total="5701632" percent="0" />
    <mem type="survivor" free="0" total="5701632" percent="0" />
  </mem>
  <mem type="tenure" free="0" total="4718592" percent="0" micro-fragmented="0" macro-fragmented="0">
    <mem type="soa" free="0" total="4718592" percent="0" />
    <mem type="loa" free="0" total="0" percent="0" />
  </mem>
  <remembered-set count="929" />
</mem-info>
<gc-op id="2760" type="compact" timems="10.441" contextid="2753" timestamp="2019-06-15T04:55:48.982">
  <compact-info movecount="0" movebytes="0" reason="compact to aid heap contraction" />
</gc-op>
<heap-resize id="2761" type="expand" space="tenure" amount="2076508160" count="1" timems="0.026" reason="satisfy allocation request" timestamp="2019-06-15T04:55:48.982" />
<gc-end id="2762" type="global" contextid="2753" durationms="18.743" usertimems="20.000" systemtimems="4.000" timestamp="2019-06-15T04:55:48.982" activeThreads="4">
  <mem-info id="2763" free="2076508096" total="2092630016" percent="99">
    <mem type="nursery" free="0" total="11403264" percent="0">
      <mem type="allocate" free="0" total="5701632" percent="0" />
      <mem type="survivor" free="0" total="5701632" percent="0" />
    </mem>
    <mem type="tenure" free="2076508096" total="2081226752" percent="99">
      <mem type="soa" free="2076508096" total="2081226752" percent="99" />
      <mem type="loa" free="0" total="0" percent="0" />
    </mem>
    <remembered-set count="929" />
  </mem-info>
</gc-end>
<cycle-end id="2764" type="global" contextid="2753" timestamp="2019-06-15T04:55:48.982" />
  <attribute name="elasticGC enabled" value="1" />
  <attribute name= "numThreadsSpecified" value="4" />
  <attribute name="heapSize specified" value="16121856" />
  <attribute name="Current GC Util" value="7" />
  <attribute name= "Current Time Running" value="4416" />
  <attribute name ="GC Interval" value="960" />
  <attribute name="ProportionalT" value="-6.500000" />
  <attribute name="ProportionalI" value="-6.500000" />
  <attribute name="ProportionalH" value="-6.500000" />
  <attribute name="Current Error" value="-13.000000" />
  <attribute name="IntegralT" value="-143.000000" />
  <attribute name="IntegralI" value="-143.000000" />
  <attribute name="IntegralH" value="-143.000000" />
  <attribute name="DerivativeT" value="-4.090909" />
  <attribute name="DerivativeI" value="-4.090909" />
  <attribute name="DerivativeH" value="-4.090909" />
  <attribute name="Loop Time for DT" value="11.000000" />
  <attribute name="Output H" value="2092630016"/>
  <attribute name="Output I" value="200"/>
  <attribute name="Output T" value="4"/>
  <attribute name="Target GC Util Change" value ="20.000000" />
  <attribute name="Current GC Util Change" value="7.000000"/>
  <attribute name="GC Util currently" value="7" />
  <attribute name="CPU Util currently" value="437967113235" />
<allocation-satisfied id="2765" threadId="00000000016D7800" bytesRequested="64" />
<af-end id="2766" timestamp="2019-06-15T04:55:48.982" threadId="00000000016D8188" success="true" from="tenure-soa"/>
<exclusive-end id="2767" timestamp="2019-06-15T04:55:48.982" durationms="58.808" />

<exclusive-start id="2768" timestamp="2019-06-15T04:55:48.984" intervalms="60.156">
  <response-info timems="1.234" idlems="0.705" threads="1" lastid="00000000016D7800" lastname="PmdThread 2" />
</exclusive-start>
<af-start id="2769" threadId="00000000013C4088" totalBytesRequested="104" timestamp="2019-06-15T04:55:48.984" intervalms="60.111" type="nursery" />
<cycle-start id="2770" type="scavenge" contextid="0" timestamp="2019-06-15T04:55:48.984" intervalms="60.140" />
<gc-start id="2771" type="scavenge" contextid="2770" timestamp="2019-06-15T04:55:48.984">
  <mem-info id="2772" free="2076508096" total="2092630016" percent="99">
    <mem type="nursery" free="0" total="11403264" percent="0">
      <mem type="allocate" free="0" total="5701632" percent="0" />
      <mem type="survivor" free="0" total="5701632" percent="0" />
    </mem>
    <mem type="tenure" free="2076508096" total="2081226752" percent="99">
      <mem type="soa" free="2076508096" total="2081226752" percent="99" />
      <mem type="loa" free="0" total="0" percent="0" />
    </mem>
    <remembered-set count="930" />
  </mem-info>
</gc-start>
<allocation-stats totalBytes="64" >
  <allocated-bytes non-tlh="64" tlh="0" />
  <largest-consumer threadName="PmdThread 2" threadId="00000000016D7800" bytes="64" />
</allocation-stats>
<gc-op id="2773" type="scavenge" timems="6.740" contextid="2770" timestamp="2019-06-15T04:55:48.991">
  <scavenger-info tenureage="1" tenuremask="fffe" tiltratio="50" />
  <memory-copied type="tenure" objects="174585" bytes="5701440" bytesdiscarded="520" />
  <ownableSynchronizers candidates="16" cleared="16" />
</gc-op>
<gc-end id="2774" type="scavenge" contextid="2770" durationms="7.070" usertimems="12.000" systemtimems="0.000" timestamp="2019-06-15T04:55:48.991" activeThreads="4">
  <mem-info id="2775" free="2076448912" total="2092630016" percent="99">
    <mem type="nursery" free="5701632" total="11403264" percent="50">
      <mem type="allocate" free="5701632" total="5701632" percent="100" />
      <mem type="survivor" free="0" total="5701632" percent="0" />
    </mem>
    <mem type="tenure" free="2070747280" total="2081226752" percent="99">
      <mem type="soa" free="2070747280" total="2081226752" percent="99" />
      <mem type="loa" free="0" total="0" percent="0" />
    </mem>
    <remembered-set count="183" />
  </mem-info>
</gc-end>
<cycle-end id="2776" type="scavenge" contextid="2770" timestamp="2019-06-15T04:55:48.991" />
  <attribute name="elasticGC enabled" value="1" />
  <attribute name= "numThreadsSpecified" value="4" />
  <attribute name="heapSize specified" value="16121856" />
  <attribute name="Current GC Util" value="592" />
  <attribute name= "Current Time Running" value="4418" />
  <attribute name ="GC Interval" value="1864" />
  <attribute name="ProportionalT" value="286.000000" />
  <attribute name="ProportionalI" value="286.000000" />
  <attribute name="ProportionalH" value="286.000000" />
  <attribute name="Current Error" value="572.000000" />
  <attribute name="IntegralT" value="1144.000000" />
  <attribute name="IntegralI" value="1144.000000" />
  <attribute name="IntegralH" value="1144.000000" />
  <attribute name="DerivativeT" value="429.000000" />
  <attribute name="DerivativeI" value="429.000000" />
  <attribute name="DerivativeH" value="429.000000" />
  <attribute name="Loop Time for DT" value="2.000000" />
  <attribute name="Output H" value="8388608"/>
  <attribute name="Output I" value="1864"/>
  <attribute name="Output T" value="4"/>
  <attribute name="Target GC Util Change" value ="20.000000" />
  <attribute name="Current GC Util Change" value="592.000000"/>
  <attribute name="GC Util currently" value="592" />
  <attribute name="CPU Util currently" value="1885002890685" />
<allocation-satisfied id="2777" threadId="00000000013C3700" bytesRequested="104" />
<af-end id="2778" timestamp="2019-06-15T04:55:48.992" threadId="00000000013C4088" success="true" from="nursery"/>
<exclusive-end id="2779" timestamp="2019-06-15T04:55:48.992" durationms="8.176" />

<exclusive-start id="2780" timestamp="2019-06-15T04:55:48.992" intervalms="8.396">
  <response-info timems="0.029" idlems="0.029" threads="0" lastid="00000000016DB400" lastname="PmdThread 3" />
</exclusive-start>
<event id="2781" timestamp="2019-06-15T04:55:48.992">
  <warning details="exclusive access acquired to satisfy allocation" />
</event>
<exclusive-end id="2782" timestamp="2019-06-15T04:55:48.992" durationms="0.274" />

<exclusive-start id="2783" timestamp="2019-06-15T04:55:48.993" intervalms="0.410">
  <response-info timems="0.023" idlems="0.023" threads="0" lastid="00000000016DF000" lastname="PmdThread 4" />
</exclusive-start>
<event id="2784" timestamp="2019-06-15T04:55:48.993">
  <warning details="exclusive access acquired to satisfy allocation" />
</event>
<exclusive-end id="2785" timestamp="2019-06-15T04:55:48.993" durationms="0.120" />

<exclusive-start id="2786" timestamp="2019-06-15T04:55:49.007" intervalms="14.830">
  <response-info timems="0.396" idlems="0.205" threads="1" lastid="00000000013C7300" lastname="JIT Compilation Thread-0" />
</exclusive-start>
<af-start id="2787" threadId="00000000016DF988" totalBytesRequested="72" timestamp="2019-06-15T04:55:49.008" intervalms="23.609" type="nursery" />
<cycle-start id="2788" type="scavenge" contextid="0" timestamp="2019-06-15T04:55:49.008" intervalms="23.530" />
<gc-start id="2789" type="scavenge" contextid="2788" timestamp="2019-06-15T04:55:49.008">
  <mem-info id="2790" free="2070747280" total="2092630016" percent="98">
    <mem type="nursery" free="0" total="11403264" percent="0">
      <mem type="allocate" free="0" total="5701632" percent="0" />
      <mem type="survivor" free="0" total="5701632" percent="0" />
    </mem>
    <mem type="tenure" free="2070747280" total="2081226752" percent="99">
      <mem type="soa" free="2070747280" total="2081226752" percent="99" />
      <mem type="loa" free="0" total="0" percent="0" />
    </mem>
    <remembered-set count="1819" />
  </mem-info>
</gc-start>
<allocation-stats totalBytes="5696784" >
  <allocated-bytes non-tlh="104" tlh="5696680" />
  <largest-consumer threadName="PmdThread 4" threadId="00000000016DF000" bytes="2280656" />
</allocation-stats>
<gc-op id="2791" type="scavenge" timems="2.759" contextid="2788" timestamp="2019-06-15T04:55:49.011">
  <scavenger-info tenureage="2" tenuremask="7ffc" tiltratio="50" />
  <memory-copied type="nursery" objects="53196" bytes="1642392" bytesdiscarded="2648" />
  <references type="weak" candidates="220" cleared="220" enqueued="220" />
</gc-op>
<gc-end id="2792" type="scavenge" contextid="2788" durationms="3.020" usertimems="4.000" systemtimems="0.000" timestamp="2019-06-15T04:55:49.011" activeThreads="4">
  <mem-info id="2793" free="2074803856" total="2092630016" percent="99">
    <mem type="nursery" free="4056576" total="11403264" percent="35">
      <mem type="allocate" free="4056576" total="5701632" percent="71" />
      <mem type="survivor" free="0" total="5701632" percent="0" />
    </mem>
    <mem type="tenure" free="2070747280" total="2081226752" percent="99">
      <mem type="soa" free="2070747280" total="2081226752" percent="99" />
      <mem type="loa" free="0" total="0" percent="0" />
    </mem>
    <pending-finalizers system="0" default="0" reference="220" classloader="0" />
    <remembered-set count="1780" />
  </mem-info>
</gc-end>
<cycle-end id="2794" type="scavenge" contextid="2788" timestamp="2019-06-15T04:55:49.011" />
  <attribute name="elasticGC enabled" value="1" />
  <attribute name= "numThreadsSpecified" value="4" />
  <attribute name="heapSize specified" value="16121856" />
  <attribute name="Current GC Util" value="52" />
  <attribute name= "Current Time Running" value="4442" />
  <attribute name ="GC Interval" value="752" />
  <attribute name="ProportionalT" value="16.000000" />
  <attribute name="ProportionalI" value="16.000000" />
  <attribute name="ProportionalH" value="16.000000" />
  <attribute name="Current Error" value="32.000000" />
  <attribute name="IntegralT" value="768.000000" />
  <attribute name="IntegralI" value="768.000000" />
  <attribute name="IntegralH" value="768.000000" />
  <attribute name="DerivativeT" value="-33.750000" />
  <attribute name="DerivativeI" value="-33.750000" />
  <attribute name="DerivativeH" value="-33.750000" />
  <attribute name="Loop Time for DT" value="24.000000" />
  <attribute name="Output H" value="8388608"/>
  <attribute name="Output I" value="752"/>
  <attribute name="Output T" value="4"/>
  <attribute name="Target GC Util Change" value ="20.000000" />
  <attribute name="Current GC Util Change" value="52.000000"/>
  <attribute name="GC Util currently" value="52" />
  <attribute name="CPU Util currently" value="196486167266" />
<allocation-satisfied id="2795" threadId="00000000016DF000" bytesRequested="72" />
<af-end id="2796" timestamp="2019-06-15T04:55:49.011" threadId="00000000016DF988" success="true" from="nursery"/>
<exclusive-end id="2797" timestamp="2019-06-15T04:55:49.011" durationms="3.680" />

<exclusive-start id="2798" timestamp="2019-06-15T04:55:49.028" intervalms="20.080">
  <response-info timems="0.145" idlems="0.145" threads="0" lastid="00000000016D3C00" lastname="PmdThread 1" />
</exclusive-start>
<af-start id="2799" threadId="00000000016D4588" totalBytesRequested="56" timestamp="2019-06-15T04:55:49.028" intervalms="20.102" type="nursery" />
<cycle-start id="2800" type="scavenge" contextid="0" timestamp="2019-06-15T04:55:49.028" intervalms="20.137" />
<gc-start id="2801" type="scavenge" contextid="2800" timestamp="2019-06-15T04:55:49.028">
  <mem-info id="2802" free="2070747280" total="2092630016" percent="98">
    <mem type="nursery" free="0" total="11403264" percent="0">
      <mem type="allocate" free="0" total="5701632" percent="0" />
      <mem type="survivor" free="0" total="5701632" percent="0" />
    </mem>
    <mem type="tenure" free="2070747280" total="2081226752" percent="99">
      <mem type="soa" free="2070747280" total="2081226752" percent="99" />
      <mem type="loa" free="0" total="0" percent="0" />
    </mem>
    <remembered-set count="2639" />
  </mem-info>
</gc-start>
<allocation-stats totalBytes="4054952" >
  <allocated-bytes non-tlh="72" tlh="4054880" />
  <largest-consumer threadName="PmdThread 4" threadId="00000000016DF000" bytes="1813992" />
</allocation-stats>
<gc-op id="2803" type="scavenge" timems="5.248" contextid="2800" timestamp="2019-06-15T04:55:49.033">
  <scavenger-info tenureage="2" tenuremask="fffc" tiltratio="50" />
  <memory-copied type="nursery" objects="79757" bytes="2666912" bytesdiscarded="97784" />
  <references type="soft" candidates="6" cleared="0" enqueued="0" dynamicThreshold="31" maxThreshold="32" />
  <references type="weak" candidates="59" cleared="59" enqueued="59" />
  <references type="phantom" candidates="6" cleared="6" enqueued="6" />
</gc-op>
<gc-end id="2804" type="scavenge" contextid="2800" durationms="5.489" usertimems="8.000" systemtimems="4.000" timestamp="2019-06-15T04:55:49.033" activeThreads="1">
  <mem-info id="2805" free="2073880304" total="2092630016" percent="99">
    <mem type="nursery" free="3133024" total="11403264" percent="27">
      <mem type="allocate" free="3133024" total="5898240" percent="53" />
      <mem type="survivor" free="0" total="5505024" percent="0" />
    </mem>
    <mem type="tenure" free="2070747280" total="2081226752" percent="99">
      <mem type="soa" free="2070747280" total="2081226752" percent="99" />
      <mem type="loa" free="0" total="0" percent="0" />
    </mem>
    <pending-finalizers system="0" default="0" reference="65" classloader="0" />
    <remembered-set count="2564" />
  </mem-info>
</gc-end>
<cycle-end id="2806" type="scavenge" contextid="2800" timestamp="2019-06-15T04:55:49.033" />
  <attribute name="elasticGC enabled" value="1" />
  <attribute name= "numThreadsSpecified" value="1" />
  <attribute name="heapSize specified" value="16121856" />
  <attribute name="Current GC Util" value="20" />
  <attribute name= "Current Time Running" value="4462" />
  <attribute name ="GC Interval" value="200" />
  <attribute name="ProportionalT" value="0.000000" />
  <attribute name="ProportionalI" value="0.000000" />
  <attribute name="ProportionalH" value="0.000000" />
  <attribute name="Current Error" value="0.000000" />
  <attribute name="IntegralT" value="0.000000" />
  <attribute name="IntegralI" value="0.000000" />
  <attribute name="IntegralH" value="0.000000" />
  <attribute name="DerivativeT" value="-2.400000" />
  <attribute name="DerivativeI" value="-2.400000" />
  <attribute name="DerivativeH" value="-2.400000" />
  <attribute name="Loop Time for DT" value="20.000000" />
  <attribute name="Output H" value="8388608"/>
  <attribute name="Output I" value="200"/>
  <attribute name="Output T" value="1"/>
  <attribute name="Target GC Util Change" value ="20.000000" />
  <attribute name="Current GC Util Change" value="20.000000"/>
  <attribute name="GC Util currently" value="20" />
  <attribute name="CPU Util currently" value="228997630824" />
<allocation-satisfied id="2807" threadId="00000000016D3C00" bytesRequested="56" />
<af-end id="2808" timestamp="2019-06-15T04:55:49.034" threadId="00000000016D4588" success="true" from="nursery"/>
<exclusive-end id="2809" timestamp="2019-06-15T04:55:49.034" durationms="6.148" />

<exclusive-start id="2810" timestamp="2019-06-15T04:55:49.043" intervalms="15.231">
  <response-info timems="0.063" idlems="0.063" threads="0" lastid="00000000016D3C00" lastname="PmdThread 1" />
</exclusive-start>
<af-start id="2811" threadId="00000000016D4588" totalBytesRequested="16" timestamp="2019-06-15T04:55:49.043" intervalms="15.277" type="nursery" />
<cycle-start id="2812" type="scavenge" contextid="0" timestamp="2019-06-15T04:55:49.043" intervalms="15.391" />
<gc-start id="2813" type="scavenge" contextid="2812" timestamp="2019-06-15T04:55:49.043">
  <mem-info id="2814" free="2070747280" total="2092630016" percent="98">
    <mem type="nursery" free="0" total="11403264" percent="0">
      <mem type="allocate" free="0" total="5898240" percent="0" />
      <mem type="survivor" free="0" total="5505024" percent="0" />
    </mem>
    <mem type="tenure" free="2070747280" total="2081226752" percent="99">
      <mem type="soa" free="2070747280" total="2081226752" percent="99" />
      <mem type="loa" free="0" total="0" percent="0" />
    </mem>
    <remembered-set count="2576" />
  </mem-info>
</gc-start>
<allocation-stats totalBytes="3129944" >
  <allocated-bytes non-tlh="56" tlh="3129888" />
  <largest-consumer threadName="PmdThread 2" threadId="00000000016D7800" bytes="2086136" />
</allocation-stats>
<gc-op id="2815" type="scavenge" timems="4.877" contextid="2812" timestamp="2019-06-15T04:55:49.048">
  <scavenger-info tenureage="1" tenuremask="fffe" tiltratio="51" />
  <memory-copied type="nursery" objects="18839" bytes="633592" bytesdiscarded="201488" />
  <memory-copied type="tenure" objects="79106" bytes="2545728" bytesdiscarded="576" />
  <references type="weak" candidates="206" cleared="206" enqueued="206" />
  <references type="phantom" candidates="1" cleared="1" enqueued="1" />
</gc-op>
<gc-end id="2816" type="scavenge" contextid="2812" durationms="5.176" usertimems="8.000" systemtimems="0.000" timestamp="2019-06-15T04:55:49.048" activeThreads="4">
  <mem-info id="2817" free="2073688904" total="2092630016" percent="99">
    <mem type="nursery" free="5587432" total="11403264" percent="48">
      <mem type="allocate" free="5587432" total="6422528" percent="86" />
      <mem type="survivor" free="0" total="4980736" percent="0" />
    </mem>
    <mem type="tenure" free="2068101472" total="2081226752" percent="99">
      <mem type="soa" free="2068101472" total="2081226752" percent="99" />
      <mem type="loa" free="0" total="0" percent="0" />
    </mem>
    <pending-finalizers system="0" default="0" reference="207" classloader="0" />
    <remembered-set count="199" />
  </mem-info>
</gc-end>
<cycle-end id="2818" type="scavenge" contextid="2812" timestamp="2019-06-15T04:55:49.049" />
  <attribute name="elasticGC enabled" value="1" />
  <attribute name= "numThreadsSpecified" value="4" />
  <attribute name="heapSize specified" value="16121856" />
  <attribute name="Current GC Util" value="36" />
  <attribute name= "Current Time Running" value="4477" />
  <attribute name ="GC Interval" value="256" />
  <attribute name="ProportionalT" value="8.000000" />
  <attribute name="ProportionalI" value="8.000000" />
  <attribute name="ProportionalH" value="8.000000" />
  <attribute name="Current Error" value="16.000000" />
  <attribute name="IntegralT" value="240.000000" />
  <attribute name="IntegralI" value="240.000000" />
  <attribute name="IntegralH" value="240.000000" />
  <attribute name="DerivativeT" value="1.600000" />
  <attribute name="DerivativeI" value="1.600000" />
  <attribute name="DerivativeH" value="1.600000" />
  <attribute name="Loop Time for DT" value="15.000000" />
  <attribute name="Output H" value="8388608"/>
  <attribute name="Output I" value="256"/>
  <attribute name="Output T" value="4"/>
  <attribute name="Target GC Util Change" value ="20.000000" />
  <attribute name="Current GC Util Change" value="36.000000"/>
  <attribute name="GC Util currently" value="36" />
  <attribute name="CPU Util currently" value="298558403479" />
<allocation-satisfied id="2819" threadId="00000000016D3C00" bytesRequested="16" />
<af-end id="2820" timestamp="2019-06-15T04:55:49.049" threadId="00000000016D4588" success="true" from="nursery"/>
<exclusive-end id="2821" timestamp="2019-06-15T04:55:49.049" durationms="6.142" />

<exclusive-start id="2822" timestamp="2019-06-15T04:55:49.067" intervalms="24.712">
  <response-info timems="0.152" idlems="0.086" threads="1" lastid="00000000016DF000" lastname="PmdThread 4" />
</exclusive-start>
<af-start id="2823" threadId="00000000016D4588" totalBytesRequested="16" timestamp="2019-06-15T04:55:49.068" intervalms="24.637" type="nursery" />
<cycle-start id="2824" type="scavenge" contextid="0" timestamp="2019-06-15T04:55:49.068" intervalms="24.506" />
<gc-start id="2825" type="scavenge" contextid="2824" timestamp="2019-06-15T04:55:49.068">
  <mem-info id="2826" free="2068101472" total="2092630016" percent="98">
    <mem type="nursery" free="0" total="11403264" percent="0">
      <mem type="allocate" free="0" total="6422528" percent="0" />
      <mem type="survivor" free="0" total="4980736" percent="0" />
    </mem>
    <mem type="tenure" free="2068101472" total="2081226752" percent="99">
      <mem type="soa" free="2068101472" total="2081226752" percent="99" />
      <mem type="loa" free="0" total="0" percent="0" />
    </mem>
    <remembered-set count="241" />
  </mem-info>
</gc-start>
<allocation-stats totalBytes="5585640" >
  <allocated-bytes non-tlh="16" tlh="5585624" />
  <largest-consumer threadName="PmdThread 2" threadId="00000000016D7800" bytes="1924880" />
</allocation-stats>
<gc-op id="2827" type="scavenge" timems="4.278" contextid="2824" timestamp="2019-06-15T04:55:49.072">
  <scavenger-info tenureage="2" tenuremask="fffc" tiltratio="56" />
  <memory-copied type="nursery" objects="65359" bytes="2144224" bytesdiscarded="44208" />
  <references type="weak" candidates="41" cleared="41" enqueued="41" />
  <references type="phantom" candidates="2" cleared="2" enqueued="2" />
</gc-op>
<gc-end id="2828" type="scavenge" contextid="2824" durationms="4.515" usertimems="4.000" systemtimems="4.000" timestamp="2019-06-15T04:55:49.072" activeThreads="4">
  <mem-info id="2829" free="2072531016" total="2092630016" percent="99">
    <mem type="nursery" free="4429544" total="11403264" percent="38">
      <mem type="allocate" free="4429544" total="6619136" percent="66" />
      <mem type="survivor" free="0" total="4784128" percent="0" />
    </mem>
    <mem type="tenure" free="2068101472" total="2081226752" percent="99">
      <mem type="soa" free="2068101472" total="2081226752" percent="99" />
      <mem type="loa" free="0" total="0" percent="0" />
    </mem>
    <pending-finalizers system="0" default="0" reference="43" classloader="0" />
    <remembered-set count="220" />
  </mem-info>
</gc-end>
<cycle-end id="2830" type="scavenge" contextid="2824" timestamp="2019-06-15T04:55:49.072" />
  <attribute name="elasticGC enabled" value="1" />
  <attribute name= "numThreadsSpecified" value="4" />
  <attribute name="heapSize specified" value="16121856" />
  <attribute name="Current GC Util" value="32" />
  <attribute name= "Current Time Running" value="4502" />
  <attribute name ="GC Interval" value="312" />
  <attribute name="ProportionalT" value="6.000000" />
  <attribute name="ProportionalI" value="6.000000" />
  <attribute name="ProportionalH" value="6.000000" />
  <attribute name="Current Error" value="12.000000" />
  <attribute name="IntegralT" value="300.000000" />
  <attribute name="IntegralI" value="300.000000" />
  <attribute name="IntegralH" value="300.000000" />
  <attribute name="DerivativeT" value="-0.240000" />
  <attribute name="DerivativeI" value="-0.240000" />
  <attribute name="DerivativeH" value="-0.240000" />
  <attribute name="Loop Time for DT" value="25.000000" />
  <attribute name="Output H" value="8388608"/>
  <attribute name="Output I" value="312"/>
  <attribute name="Output T" value="4"/>
  <attribute name="Target GC Util Change" value ="20.000000" />
  <attribute name="Current GC Util Change" value="32.000000"/>
  <attribute name="GC Util currently" value="32" />
  <attribute name="CPU Util currently" value="188642959882" />
<allocation-satisfied id="2831" threadId="00000000016D3C00" bytesRequested="16" />
<af-end id="2832" timestamp="2019-06-15T04:55:49.073" threadId="00000000016D4588" success="true" from="nursery"/>
<exclusive-end id="2833" timestamp="2019-06-15T04:55:49.073" durationms="5.335" />

<exclusive-start id="2834" timestamp="2019-06-15T04:55:49.094" intervalms="26.289">
  <response-info timems="0.370" idlems="0.345" threads="1" lastid="00000000013CAF00" lastname="JIT Compilation Thread-1" />
</exclusive-start>
<af-start id="2835" threadId="00000000016DF988" totalBytesRequested="72" timestamp="2019-06-15T04:55:49.094" intervalms="26.331" type="nursery" />
<cycle-start id="2836" type="scavenge" contextid="0" timestamp="2019-06-15T04:55:49.094" intervalms="26.340" />
<gc-start id="2837" type="scavenge" contextid="2836" timestamp="2019-06-15T04:55:49.094">
  <mem-info id="2838" free="2068101472" total="2092630016" percent="98">
    <mem type="nursery" free="0" total="11403264" percent="0">
      <mem type="allocate" free="0" total="6619136" percent="0" />
      <mem type="survivor" free="0" total="4784128" percent="0" />
    </mem>
    <mem type="tenure" free="2068101472" total="2081226752" percent="99">
      <mem type="soa" free="2068101472" total="2081226752" percent="99" />
      <mem type="loa" free="0" total="0" percent="0" />
    </mem>
    <remembered-set count="247" />
  </mem-info>
</gc-start>
<allocation-stats totalBytes="4419064" >
  <allocated-bytes non-tlh="16" tlh="4419048" />
  <largest-consumer threadName="PmdThread 1" threadId="00000000016D3C00" bytes="3112480" />
</allocation-stats>
<gc-op id="2839" type="scavenge" timems="9.242" contextid="2836" timestamp="2019-06-15T04:55:49.103">
  <scavenger-info tenureage="1" tenuremask="fffe" tiltratio="58" />
  <memory-copied type="nursery" objects="73289" bytes="2319840" bytesdiscarded="116392" />
  <memory-copied type="tenure" objects="65204" bytes="2129600" bytesdiscarded="368" />
  <references type="weak" candidates="75" cleared="75" enqueued="75" />
  <references type="phantom" candidates="1" cleared="1" enqueued="1" />
</gc-op>
<gc-end id="2840" type="scavenge" contextid="2836" durationms="9.710" usertimems="12.000" systemtimems="0.000" timestamp="2019-06-15T04:55:49.104" activeThreads="1">
  <mem-info id="2841" free="2070441808" total="2092630016" percent="98">
    <mem type="nursery" free="4575984" total="11403264" percent="40">
      <mem type="allocate" free="4575984" total="7012352" percent="65" />
      <mem type="survivor" free="0" total="4390912" percent="0" />
    </mem>
    <mem type="tenure" free="2065865824" total="2081226752" percent="99">
      <mem type="soa" free="2065865824" total="2081226752" percent="99" />
      <mem type="loa" free="0" total="0" percent="0" />
    </mem>
    <pending-finalizers system="0" default="0" reference="76" classloader="0" />
    <remembered-set count="183" />
  </mem-info>
</gc-end>
<cycle-end id="2842" type="scavenge" contextid="2836" timestamp="2019-06-15T04:55:49.104" />
  <attribute name="elasticGC enabled" value="1" />
  <attribute name= "numThreadsSpecified" value="1" />
  <attribute name="heapSize specified" value="16121856" />
  <attribute name="Current GC Util" value="20" />
  <attribute name= "Current Time Running" value="4528" />
  <attribute name ="GC Interval" value="200" />
  <attribute name="ProportionalT" value="0.000000" />
  <attribute name="ProportionalI" value="0.000000" />
  <attribute name="ProportionalH" value="0.000000" />
  <attribute name="Current Error" value="0.000000" />
  <attribute name="IntegralT" value="0.000000" />
  <attribute name="IntegralI" value="0.000000" />
  <attribute name="IntegralH" value="0.000000" />
  <attribute name="DerivativeT" value="-0.692308" />
  <attribute name="DerivativeI" value="-0.692308" />
  <attribute name="DerivativeH" value="-0.692308" />
  <attribute name="Loop Time for DT" value="26.000000" />
  <attribute name="Output H" value="8388608"/>
  <attribute name="Output I" value="200"/>
  <attribute name="Output T" value="1"/>
  <attribute name="Target GC Util Change" value ="20.000000" />
  <attribute name="Current GC Util Change" value="20.000000"/>
  <attribute name="GC Util currently" value="20" />
  <attribute name="CPU Util currently" value="175302284481" />
<allocation-satisfied id="2843" threadId="00000000016DF000" bytesRequested="72" />
<af-end id="2844" timestamp="2019-06-15T04:55:49.104" threadId="00000000016DF988" success="true" from="nursery"/>
<exclusive-end id="2845" timestamp="2019-06-15T04:55:49.104" durationms="10.359" />

<exclusive-start id="2846" timestamp="2019-06-15T04:55:49.119" intervalms="25.527">
  <response-info timems="0.106" idlems="0.106" threads="0" lastid="00000000016D7800" lastname="PmdThread 2" />
</exclusive-start>
<af-start id="2847" threadId="00000000016D8188" totalBytesRequested="56" timestamp="2019-06-15T04:55:49.119" intervalms="25.516" type="nursery" />
<cycle-start id="2848" type="scavenge" contextid="0" timestamp="2019-06-15T04:55:49.120" intervalms="25.547" />
<gc-start id="2849" type="scavenge" contextid="2848" timestamp="2019-06-15T04:55:49.120">
  <mem-info id="2850" free="2065865760" total="2092630016" percent="98">
    <mem type="nursery" free="0" total="11403264" percent="0">
      <mem type="allocate" free="0" total="7012352" percent="0" />
      <mem type="survivor" free="0" total="4390912" percent="0" />
    </mem>
    <mem type="tenure" free="2065865760" total="2081226752" percent="99">
      <mem type="soa" free="2065865760" total="2081226752" percent="99" />
      <mem type="loa" free="0" total="0" percent="0" />
    </mem>
    <remembered-set count="219" />
  </mem-info>
</gc-start>
<allocation-stats totalBytes="4573880" >
  <allocated-bytes non-tlh="136" tlh="4573744" />
  <largest-consumer threadName="PmdThread 1" threadId="00000000016D3C00" bytes="2326192" />
</allocation-stats>
<gc-op id="2851" type="scavenge" timems="11.087" contextid="2848" timestamp="2019-06-15T04:55:49.131">
  <scavenger-info tenureage="1" tenuremask="fffe" tiltratio="61" />
  <memory-copied type="nursery" objects="56228" bytes="1924080" bytesdiscarded="29160" />
  <memory-copied type="tenure" objects="72262" bytes="2226584" bytesdiscarded="696" />
  <references type="weak" candidates="68" cleared="68" enqueued="68" />
  <references type="phantom" candidates="4" cleared="4" enqueued="4" />
</gc-op>
<gc-end id="2852" type="scavenge" contextid="2848" durationms="11.394" usertimems="12.000" systemtimems="0.000" timestamp="2019-06-15T04:55:49.131" activeThreads="4">
  <mem-info id="2853" free="2069075400" total="2092630016" percent="98">
    <mem type="nursery" free="5452232" total="11403264" percent="47">
      <mem type="allocate" free="5452232" total="7405568" percent="73" />
      <mem type="survivor" free="0" total="3997696" percent="0" />
    </mem>
    <mem type="tenure" free="2063623168" total="2081226752" percent="99">
      <mem type="soa" free="2063623168" total="2081226752" percent="99" />
      <mem type="loa" free="0" total="0" percent="0" />
    </mem>
    <pending-finalizers system="0" default="0" reference="72" classloader="0" />
    <remembered-set count="206" />
  </mem-info>
</gc-end>
<cycle-end id="2854" type="scavenge" contextid="2848" timestamp="2019-06-15T04:55:49.131" />
  <attribute name="elasticGC enabled" value="1" />
  <attribute name= "numThreadsSpecified" value="4" />
  <attribute name="heapSize specified" value="16121856" />
  <attribute name="Current GC Util" value="37" />
  <attribute name= "Current Time Running" value="4554" />
  <attribute name ="GC Interval" value="456" />
  <attribute name="ProportionalT" value="8.500000" />
  <attribute name="ProportionalI" value="8.500000" />
  <attribute name="ProportionalH" value="8.500000" />
  <attribute name="Current Error" value="17.000000" />
  <attribute name="IntegralT" value="442.000000" />
  <attribute name="IntegralI" value="442.000000" />
  <attribute name="IntegralH" value="442.000000" />
  <attribute name="DerivativeT" value="0.980769" />
  <attribute name="DerivativeI" value="0.980769" />
  <attribute name="DerivativeH" value="0.980769" />
  <attribute name="Loop Time for DT" value="26.000000" />
  <attribute name="Output H" value="8388608"/>
  <attribute name="Output I" value="456"/>
  <attribute name="Output T" value="4"/>
  <attribute name="Target GC Util Change" value ="20.000000" />
  <attribute name="Current GC Util Change" value="37.000000"/>
  <attribute name="GC Util currently" value="37" />
  <attribute name="CPU Util currently" value="179847255993" />
<allocation-satisfied id="2855" threadId="00000000016D7800" bytesRequested="56" />
<af-end id="2856" timestamp="2019-06-15T04:55:49.131" threadId="00000000016D8188" success="true" from="nursery"/>
<exclusive-end id="2857" timestamp="2019-06-15T04:55:49.132" durationms="12.320" />

<exclusive-start id="2858" timestamp="2019-06-15T04:55:49.147" intervalms="27.535">
  <response-info timems="0.044" idlems="0.044" threads="0" lastid="00000000016DF000" lastname="PmdThread 4" />
</exclusive-start>
<af-start id="2859" threadId="00000000016DF988" totalBytesRequested="16" timestamp="2019-06-15T04:55:49.147" intervalms="27.566" type="nursery" />
<cycle-start id="2860" type="scavenge" contextid="0" timestamp="2019-06-15T04:55:49.147" intervalms="27.606" />
<gc-start id="2861" type="scavenge" contextid="2860" timestamp="2019-06-15T04:55:49.147">
  <mem-info id="2862" free="2063623168" total="2092630016" percent="98">
    <mem type="nursery" free="0" total="11403264" percent="0">
      <mem type="allocate" free="0" total="7405568" percent="0" />
      <mem type="survivor" free="0" total="3997696" percent="0" />
    </mem>
    <mem type="tenure" free="2063623168" total="2081226752" percent="99">
      <mem type="soa" free="2063623168" total="2081226752" percent="99" />
      <mem type="loa" free="0" total="0" percent="0" />
    </mem>
    <remembered-set count="237" />
  </mem-info>
</gc-start>
<allocation-stats totalBytes="5449336" >
  <allocated-bytes non-tlh="56" tlh="5449280" />
  <largest-consumer threadName="PmdThread 4" threadId="00000000016DF000" bytes="3635360" />
</allocation-stats>
<gc-op id="2863" type="scavenge" timems="3.863" contextid="2860" timestamp="2019-06-15T04:55:49.151">
  <scavenger-info tenureage="1" tenuremask="fffe" tiltratio="64" />
  <memory-copied type="nursery" objects="13725" bytes="445032" bytesdiscarded="144776" />
  <memory-copied type="tenure" objects="55454" bytes="1836488" bytesdiscarded="320" />
  <references type="weak" candidates="63" cleared="63" enqueued="63" />
  <references type="phantom" candidates="2" cleared="2" enqueued="2" />
</gc-op>
<gc-end id="2864" type="scavenge" contextid="2860" durationms="4.067" usertimems="8.000" systemtimems="0.000" timestamp="2019-06-15T04:55:49.151" activeThreads="4">
  <mem-info id="2865" free="2068968680" total="2092630016" percent="98">
    <mem type="nursery" free="7208960" total="11403264" percent="63">
      <mem type="allocate" free="7208960" total="7798784" percent="92" />
      <mem type="survivor" free="0" total="3604480" percent="0" />
    </mem>
    <mem type="tenure" free="2061759720" total="2081226752" percent="99">
      <mem type="soa" free="2061759720" total="2081226752" percent="99" />
      <mem type="loa" free="0" total="0" percent="0" />
    </mem>
    <pending-finalizers system="0" default="0" reference="65" classloader="0" />
    <remembered-set count="359" />
  </mem-info>
</gc-end>
<cycle-end id="2866" type="scavenge" contextid="2860" timestamp="2019-06-15T04:55:49.151" />
  <attribute name="elasticGC enabled" value="1" />
  <attribute name= "numThreadsSpecified" value="4" />
  <attribute name="heapSize specified" value="16121856" />
  <attribute name="Current GC Util" value="45" />
  <attribute name= "Current Time Running" value="4581" />
  <attribute name ="GC Interval" value="688" />
  <attribute name="ProportionalT" value="12.500000" />
  <attribute name="ProportionalI" value="12.500000" />
  <attribute name="ProportionalH" value="12.500000" />
  <attribute name="Current Error" value="25.000000" />
  <attribute name="IntegralT" value="675.000000" />
  <attribute name="IntegralI" value="675.000000" />
  <attribute name="IntegralH" value="675.000000" />
  <attribute name="DerivativeT" value="0.444444" />
  <attribute name="DerivativeI" value="0.444444" />
  <attribute name="DerivativeH" value="0.444444" />
  <attribute name="Loop Time for DT" value="27.000000" />
  <attribute name="Output H" value="8388608"/>
  <attribute name="Output I" value="688"/>
  <attribute name="Output T" value="4"/>
  <attribute name="Target GC Util Change" value ="20.000000" />
  <attribute name="Current GC Util Change" value="45.000000"/>
  <attribute name="GC Util currently" value="45" />
  <attribute name="CPU Util currently" value="167113024905" />
<allocation-satisfied id="2867" threadId="00000000016DF000" bytesRequested="16" />
<af-end id="2868" timestamp="2019-06-15T04:55:49.152" threadId="00000000016DF988" success="true" from="nursery"/>
<exclusive-end id="2869" timestamp="2019-06-15T04:55:49.152" durationms="4.741" />

<exclusive-start id="2870" timestamp="2019-06-15T04:55:49.176" intervalms="28.866">
  <response-info timems="0.098" idlems="0.098" threads="0" lastid="00000000016D3C00" lastname="PmdThread 1" />
</exclusive-start>
<af-start id="2871" threadId="00000000016D4588" totalBytesRequested="56" timestamp="2019-06-15T04:55:49.176" intervalms="28.827" type="nursery" />
<cycle-start id="2872" type="scavenge" contextid="0" timestamp="2019-06-15T04:55:49.176" intervalms="28.769" />
<gc-start id="2873" type="scavenge" contextid="2872" timestamp="2019-06-15T04:55:49.176">
  <mem-info id="2874" free="2061759720" total="2092630016" percent="98">
    <mem type="nursery" free="0" total="11403264" percent="0">
      <mem type="allocate" free="0" total="7798784" percent="0" />
      <mem type="survivor" free="0" total="3604480" percent="0" />
    </mem>
    <mem type="tenure" free="2061759720" total="2081226752" percent="99">
      <mem type="soa" free="2061759720" total="2081226752" percent="99" />
      <mem type="loa" free="0" total="0" percent="0" />
    </mem>
    <remembered-set count="371" />
  </mem-info>
</gc-start>
<allocation-stats totalBytes="7208064" >
  <allocated-bytes non-tlh="16" tlh="7208048" />
  <largest-consumer threadName="PmdThread 1" threadId="00000000016D3C00" bytes="3624456" />
</allocation-stats>
<gc-op id="2875" type="scavenge" timems="4.986" contextid="2872" timestamp="2019-06-15T04:55:49.181">
  <scavenger-info tenureage="2" tenuremask="fffc" tiltratio="68" />
  <memory-copied type="nursery" objects="76100" bytes="2417696" bytesdiscarded="89040" />
  <references type="weak" candidates="4" cleared="4" enqueued="4" />
</gc-op>
<gc-end id="2876" type="scavenge" contextid="2872" durationms="5.152" usertimems="4.000" systemtimems="0.000" timestamp="2019-06-15T04:55:49.181" activeThreads="4">
  <mem-info id="2877" free="2066134248" total="2092630016" percent="98">
    <mem type="nursery" free="4374528" total="11403264" percent="38">
      <mem type="allocate" free="4374528" total="6881280" percent="63" />
      <mem type="survivor" free="0" total="4521984" percent="0" />
    </mem>
    <mem type="tenure" free="2061759720" total="2081226752" percent="99">
      <mem type="soa" free="2061759720" total="2081226752" percent="99" />
      <mem type="loa" free="0" total="0" percent="0" />
    </mem>
    <pending-finalizers system="0" default="0" reference="4" classloader="0" />
    <remembered-set count="333" />
  </mem-info>
</gc-end>
<cycle-end id="2878" type="scavenge" contextid="2872" timestamp="2019-06-15T04:55:49.181" />
  <attribute name="elasticGC enabled" value="1" />
  <attribute name= "numThreadsSpecified" value="4" />
  <attribute name="heapSize specified" value="16121856" />
  <attribute name="Current GC Util" value="21" />
  <attribute name= "Current Time Running" value="4610" />
  <attribute name ="GC Interval" value="200" />
  <attribute name="ProportionalT" value="0.500000" />
  <attribute name="ProportionalI" value="0.500000" />
  <attribute name="ProportionalH" value="0.500000" />
  <attribute name="Current Error" value="1.000000" />
  <attribute name="IntegralT" value="29.000000" />
  <attribute name="IntegralI" value="29.000000" />
  <attribute name="IntegralH" value="29.000000" />
  <attribute name="DerivativeT" value="-1.241379" />
  <attribute name="DerivativeI" value="-1.241379" />
  <attribute name="DerivativeH" value="-1.241379" />
  <attribute name="Loop Time for DT" value="29.000000" />
  <attribute name="Output H" value="8388608"/>
  <attribute name="Output I" value="200"/>
  <attribute name="Output T" value="4"/>
  <attribute name="Target GC Util Change" value ="20.000000" />
  <attribute name="Current GC Util Change" value="21.000000"/>
  <attribute name="GC Util currently" value="21" />
  <attribute name="CPU Util currently" value="160663048555" />
<allocation-satisfied id="2879" threadId="00000000016D3C00" bytesRequested="56" />
<af-end id="2880" timestamp="2019-06-15T04:55:49.181" threadId="00000000016D4588" success="true" from="nursery"/>
<exclusive-end id="2881" timestamp="2019-06-15T04:55:49.182" durationms="5.803" />

<exclusive-start id="2882" timestamp="2019-06-15T04:55:49.198" intervalms="22.115">
  <response-info timems="0.051" idlems="0.051" threads="0" lastid="00000000016D3C00" lastname="PmdThread 1" />
</exclusive-start>
<af-start id="2883" threadId="00000000016D4588" totalBytesRequested="56" timestamp="2019-06-15T04:55:49.198" intervalms="22.128" type="nursery" />
<cycle-start id="2884" type="scavenge" contextid="0" timestamp="2019-06-15T04:55:49.198" intervalms="22.115" />
<gc-start id="2885" type="scavenge" contextid="2884" timestamp="2019-06-15T04:55:49.198">
  <mem-info id="2886" free="2061759720" total="2092630016" percent="98">
    <mem type="nursery" free="0" total="11403264" percent="0">
      <mem type="allocate" free="0" total="6881280" percent="0" />
      <mem type="survivor" free="0" total="4521984" percent="0" />
    </mem>
    <mem type="tenure" free="2061759720" total="2081226752" percent="99">
      <mem type="soa" free="2061759720" total="2081226752" percent="99" />
      <mem type="loa" free="0" total="0" percent="0" />
    </mem>
    <remembered-set count="355" />
  </mem-info>
</gc-start>
<allocation-stats totalBytes="4373728" >
  <allocated-bytes non-tlh="56" tlh="4373672" />
  <largest-consumer threadName="PmdThread 1" threadId="00000000016D3C00" bytes="4365536" />
</allocation-stats>
<gc-op id="2887" type="scavenge" timems="6.939" contextid="2884" timestamp="2019-06-15T04:55:49.205">
  <scavenger-info tenureage="1" tenuremask="fffe" tiltratio="60" />
  <memory-copied type="nursery" objects="73059" bytes="2325088" bytesdiscarded="233120" />
  <memory-copied type="tenure" objects="76058" bytes="2414864" bytesdiscarded="544" />
</gc-op>
<gc-end id="2888" type="scavenge" contextid="2884" durationms="7.156" usertimems="20.000" systemtimems="0.000" timestamp="2019-06-15T04:55:49.205" activeThreads="4">
  <mem-info id="2889" free="2063841512" total="2092630016" percent="98">
    <mem type="nursery" free="4650752" total="11403264" percent="40">
      <mem type="allocate" free="4650752" total="7208960" percent="64" />
      <mem type="survivor" free="0" total="4194304" percent="0" />
    </mem>
    <mem type="tenure" free="2059190760" total="2081226752" percent="98">
      <mem type="soa" free="2059190760" total="2081226752" percent="98" />
      <mem type="loa" free="0" total="0" percent="0" />
    </mem>
    <remembered-set count="179" />
  </mem-info>
</gc-end>
<cycle-end id="2890" type="scavenge" contextid="2884" timestamp="2019-06-15T04:55:49.205" />
  <attribute name="elasticGC enabled" value="1" />
  <attribute name= "numThreadsSpecified" value="4" />
  <attribute name="heapSize specified" value="16121856" />
  <attribute name="Current GC Util" value="27" />
  <attribute name= "Current Time Running" value="4632" />
  <attribute name ="GC Interval" value="200" />
  <attribute name="ProportionalT" value="3.500000" />
  <attribute name="ProportionalI" value="3.500000" />
  <attribute name="ProportionalH" value="3.500000" />
  <attribute name="Current Error" value="7.000000" />
  <attribute name="IntegralT" value="154.000000" />
  <attribute name="IntegralI" value="154.000000" />
  <attribute name="IntegralH" value="154.000000" />
  <attribute name="DerivativeT" value="0.409091" />
  <attribute name="DerivativeI" value="0.409091" />
  <attribute name="DerivativeH" value="0.409091" />
  <attribute name="Loop Time for DT" value="22.000000" />
  <attribute name="Output H" value="8388608"/>
  <attribute name="Output I" value="200"/>
  <attribute name="Output T" value="4"/>
  <attribute name="Target GC Util Change" value ="20.000000" />
  <attribute name="Current GC Util Change" value="27.000000"/>
  <attribute name="GC Util currently" value="27" />
  <attribute name="CPU Util currently" value="208436238556" />
<allocation-satisfied id="2891" threadId="00000000016D3C00" bytesRequested="56" />
<af-end id="2892" timestamp="2019-06-15T04:55:49.205" threadId="00000000016D4588" success="true" from="nursery"/>
<exclusive-end id="2893" timestamp="2019-06-15T04:55:49.206" durationms="7.698" />

<exclusive-start id="2894" timestamp="2019-06-15T04:55:49.240" intervalms="41.876">
  <response-info timems="0.078" idlems="0.078" threads="0" lastid="00000000016D3C00" lastname="PmdThread 1" />
</exclusive-start>
<af-start id="2895" threadId="00000000016D4588" totalBytesRequested="24" timestamp="2019-06-15T04:55:49.240" intervalms="41.912" type="nursery" />
<cycle-start id="2896" type="scavenge" contextid="0" timestamp="2019-06-15T04:55:49.240" intervalms="41.994" />
<gc-start id="2897" type="scavenge" contextid="2896" timestamp="2019-06-15T04:55:49.240">
  <mem-info id="2898" free="2059190760" total="2092630016" percent="98">
    <mem type="nursery" free="0" total="11403264" percent="0">
      <mem type="allocate" free="0" total="7208960" percent="0" />
      <mem type="survivor" free="0" total="4194304" percent="0" />
    </mem>
    <mem type="tenure" free="2059190760" total="2081226752" percent="98">
      <mem type="soa" free="2059190760" total="2081226752" percent="98" />
      <mem type="loa" free="0" total="0" percent="0" />
    </mem>
    <remembered-set count="5095" />
  </mem-info>
</gc-start>
<allocation-stats totalBytes="4649608" >
  <allocated-bytes non-tlh="56" tlh="4649552" />
  <largest-consumer threadName="PmdThread 1" threadId="00000000016D3C00" bytes="4641416" />
</allocation-stats>
<gc-op id="2899" type="scavenge" timems="6.331" contextid="2896" timestamp="2019-06-15T04:55:49.247">
  <scavenger-info tenureage="1" tenuremask="7ffe" tiltratio="63" />
  <memory-copied type="nursery" objects="53332" bytes="1665712" bytesdiscarded="141384" />
  <memory-copied type="tenure" objects="73020" bytes="2321552" bytesdiscarded="824" />
</gc-op>
<gc-end id="2900" type="scavenge" contextid="2896" durationms="6.648" usertimems="12.000" systemtimems="0.000" timestamp="2019-06-15T04:55:49.247" activeThreads="4">
  <mem-info id="2901" free="2062791400" total="2092630016" percent="98">
    <mem type="nursery" free="5729536" total="11403264" percent="50">
      <mem type="allocate" free="5729536" total="7536640" percent="76" />
      <mem type="survivor" free="0" total="3866624" percent="0" />
    </mem>
    <mem type="tenure" free="2057061864" total="2081226752" percent="98">
      <mem type="soa" free="2057061864" total="2081226752" percent="98" />
      <mem type="loa" free="0" total="0" percent="0" />
    </mem>
    <remembered-set count="6247" />
  </mem-info>
</gc-end>
<cycle-end id="2902" type="scavenge" contextid="2896" timestamp="2019-06-15T04:55:49.247" />
  <attribute name="elasticGC enabled" value="1" />
  <attribute name= "numThreadsSpecified" value="4" />
  <attribute name="heapSize specified" value="16121856" />
  <attribute name="Current GC Util" value="28" />
  <attribute name= "Current Time Running" value="4674" />
  <attribute name ="GC Interval" value="344" />
  <attribute name="ProportionalT" value="4.000000" />
  <attribute name="ProportionalI" value="4.000000" />
  <attribute name="ProportionalH" value="4.000000" />
  <attribute name="Current Error" value="8.000000" />
  <attribute name="IntegralT" value="336.000000" />
  <attribute name="IntegralI" value="336.000000" />
  <attribute name="IntegralH" value="336.000000" />
  <attribute name="DerivativeT" value="0.035714" />
  <attribute name="DerivativeI" value="0.035714" />
  <attribute name="DerivativeH" value="0.035714" />
  <attribute name="Loop Time for DT" value="42.000000" />
  <attribute name="Output H" value="8388608"/>
  <attribute name="Output I" value="344"/>
  <attribute name="Output T" value="4"/>
  <attribute name="Target GC Util Change" value ="20.000000" />
  <attribute name="Current GC Util Change" value="28.000000"/>
  <attribute name="GC Util currently" value="28" />
  <attribute name="CPU Util currently" value="109509757392" />
<allocation-satisfied id="2903" threadId="00000000016D3C00" bytesRequested="24" />
<af-end id="2904" timestamp="2019-06-15T04:55:49.247" threadId="00000000016D4588" success="true" from="nursery"/>
<exclusive-end id="2905" timestamp="2019-06-15T04:55:49.247" durationms="7.581" />

<exclusive-start id="2906" timestamp="2019-06-15T04:55:49.280" intervalms="40.789">
  <response-info timems="0.046" idlems="0.046" threads="0" lastid="00000000016DF000" lastname="PmdThread 4" />
</exclusive-start>
<af-start id="2907" threadId="00000000016DF988" totalBytesRequested="72" timestamp="2019-06-15T04:55:49.281" intervalms="40.878" type="nursery" />
<cycle-start id="2908" type="scavenge" contextid="0" timestamp="2019-06-15T04:55:49.281" intervalms="40.817" />
<gc-start id="2909" type="scavenge" contextid="2908" timestamp="2019-06-15T04:55:49.281">
  <mem-info id="2910" free="2057060240" total="2092630016" percent="98">
    <mem type="nursery" free="0" total="11403264" percent="0">
      <mem type="allocate" free="0" total="7536640" percent="0" />
      <mem type="survivor" free="0" total="3866624" percent="0" />
    </mem>
    <mem type="tenure" free="2057060240" total="2081226752" percent="98">
      <mem type="soa" free="2057060240" total="2081226752" percent="98" />
      <mem type="loa" free="0" total="0" percent="0" />
    </mem>
    <remembered-set count="7737" />
  </mem-info>
</gc-start>
<allocation-stats totalBytes="5729688" >
  <allocated-bytes non-tlh="91816" tlh="5637872" />
  <largest-consumer threadName="PmdThread 1" threadId="00000000016D3C00" bytes="3357328" />
</allocation-stats>
<gc-op id="2911" type="scavenge" timems="4.340" contextid="2908" timestamp="2019-06-15T04:55:49.285">
  <scavenger-info tenureage="1" tenuremask="7ffe" tiltratio="66" />
  <memory-copied type="nursery" objects="10986" bytes="538456" bytesdiscarded="273544" />
  <memory-copied type="tenure" objects="53316" bytes="1663960" bytesdiscarded="408" />
  <references type="soft" candidates="1" cleared="0" enqueued="0" dynamicThreshold="31" maxThreshold="32" />
  <references type="weak" candidates="33" cleared="33" enqueued="33" />
  <references type="phantom" candidates="6" cleared="5" enqueued="5" />
</gc-op>
<gc-end id="2912" type="scavenge" contextid="2908" durationms="4.626" usertimems="8.000" systemtimems="0.000" timestamp="2019-06-15T04:55:49.286" activeThreads="4">
  <mem-info id="2913" free="2062654344" total="2092630016" percent="98">
    <mem type="nursery" free="7182328" total="11403264" percent="62">
      <mem type="allocate" free="7182328" total="7995392" percent="89" />
      <mem type="survivor" free="0" total="3407872" percent="0" />
    </mem>
    <mem type="tenure" free="2055472016" total="2081226752" percent="98">
      <mem type="soa" free="2055472016" total="2081226752" percent="98" />
      <mem type="loa" free="0" total="0" percent="0" />
    </mem>
    <pending-finalizers system="0" default="0" reference="38" classloader="0" />
    <remembered-set count="1623" />
  </mem-info>
</gc-end>
<cycle-end id="2914" type="scavenge" contextid="2908" timestamp="2019-06-15T04:55:49.286" />
  <attribute name="elasticGC enabled" value="1" />
  <attribute name= "numThreadsSpecified" value="4" />
  <attribute name="heapSize specified" value="16121856" />
  <attribute name="Current GC Util" value="26" />
  <attribute name= "Current Time Running" value="4715" />
  <attribute name ="GC Interval" value="248" />
  <attribute name="ProportionalT" value="3.000000" />
  <attribute name="ProportionalI" value="3.000000" />
  <attribute name="ProportionalH" value="3.000000" />
  <attribute name="Current Error" value="6.000000" />
  <attribute name="IntegralT" value="246.000000" />
  <attribute name="IntegralI" value="246.000000" />
  <attribute name="IntegralH" value="246.000000" />
  <attribute name="DerivativeT" value="-0.073171" />
  <attribute name="DerivativeI" value="-0.073171" />
  <attribute name="DerivativeH" value="-0.073171" />
  <attribute name="Loop Time for DT" value="41.000000" />
  <attribute name="Output H" value="8388608"/>
  <attribute name="Output I" value="248"/>
  <attribute name="Output T" value="4"/>
  <attribute name="Target GC Util Change" value ="20.000000" />
  <attribute name="Current GC Util Change" value="26.000000"/>
  <attribute name="GC Util currently" value="26" />
  <attribute name="CPU Util currently" value="113127255408" />
<allocation-satisfied id="2915" threadId="00000000016DF000" bytesRequested="72" />
<af-end id="2916" timestamp="2019-06-15T04:55:49.286" threadId="00000000016DF988" success="true" from="nursery"/>
<exclusive-end id="2917" timestamp="2019-06-15T04:55:49.286" durationms="5.988" />

<exclusive-start id="2918" timestamp="2019-06-15T04:55:49.312" intervalms="31.746">
  <response-info timems="0.072" idlems="0.041" threads="1" lastid="00000000016DB400" lastname="PmdThread 3" />
</exclusive-start>
<af-start id="2919" threadId="00000000016DF988" totalBytesRequested="2768" timestamp="2019-06-15T04:55:49.312" intervalms="31.581" type="nursery" />
<cycle-start id="2920" type="scavenge" contextid="0" timestamp="2019-06-15T04:55:49.312" intervalms="31.547" />
<gc-start id="2921" type="scavenge" contextid="2920" timestamp="2019-06-15T04:55:49.312">
  <mem-info id="2922" free="2055470048" total="2092630016" percent="98">
    <mem type="nursery" free="0" total="11403264" percent="0">
      <mem type="allocate" free="0" total="7995392" percent="0" />
      <mem type="survivor" free="0" total="3407872" percent="0" />
    </mem>
    <mem type="tenure" free="2055470048" total="2081226752" percent="98">
      <mem type="soa" free="2055470048" total="2081226752" percent="98" />
      <mem type="loa" free="0" total="0" percent="0" />
    </mem>
    <remembered-set count="3610" />
  </mem-info>
</gc-start>
<allocation-stats totalBytes="7177184" >
  <allocated-bytes non-tlh="2040" tlh="7175144" />
  <largest-consumer threadName="PmdThread 1" threadId="00000000016D3C00" bytes="3636808" />
</allocation-stats>
<gc-op id="2923" type="scavenge" timems="3.180" contextid="2920" timestamp="2019-06-15T04:55:49.316">
  <scavenger-info tenureage="2" tenuremask="7ffc" tiltratio="70" />
  <memory-copied type="nursery" objects="25656" bytes="1322608" bytesdiscarded="112184" />
  <references type="soft" candidates="1" cleared="0" enqueued="0" dynamicThreshold="31" maxThreshold="32" />
  <references type="weak" candidates="53" cleared="53" enqueued="53" />
  <references type="phantom" candidates="8" cleared="7" enqueued="7" />
</gc-op>
<gc-end id="2924" type="scavenge" contextid="2920" durationms="3.370" usertimems="8.000" systemtimems="0.000" timestamp="2019-06-15T04:55:49.316" activeThreads="4">
  <mem-info id="2925" free="2062225208" total="2092630016" percent="98">
    <mem type="nursery" free="6755160" total="11403264" percent="59">
      <mem type="allocate" free="6755160" total="8192000" percent="82" />
      <mem type="survivor" free="0" total="3211264" percent="0" />
    </mem>
    <mem type="tenure" free="2055470048" total="2081226752" percent="98">
      <mem type="soa" free="2055470048" total="2081226752" percent="98" />
      <mem type="loa" free="0" total="0" percent="0" />
    </mem>
    <pending-finalizers system="0" default="0" reference="60" classloader="0" />
    <remembered-set count="3545" />
  </mem-info>
</gc-end>
<cycle-end id="2926" type="scavenge" contextid="2920" timestamp="2019-06-15T04:55:49.316" />
  <attribute name="elasticGC enabled" value="1" />
  <attribute name= "numThreadsSpecified" value="4" />
  <attribute name="heapSize specified" value="16121856" />
  <attribute name="Current GC Util" value="28" />
  <attribute name= "Current Time Running" value="4746" />
  <attribute name ="GC Interval" value="256" />
  <attribute name="ProportionalT" value="4.000000" />
  <attribute name="ProportionalI" value="4.000000" />
  <attribute name="ProportionalH" value="4.000000" />
  <attribute name="Current Error" value="8.000000" />
  <attribute name="IntegralT" value="248.000000" />
  <attribute name="IntegralI" value="248.000000" />
  <attribute name="IntegralH" value="248.000000" />
  <attribute name="DerivativeT" value="0.096774" />
  <attribute name="DerivativeI" value="0.096774" />
  <attribute name="DerivativeH" value="0.096774" />
  <attribute name="Loop Time for DT" value="31.000000" />
  <attribute name="Output H" value="8388608"/>
  <attribute name="Output I" value="256"/>
  <attribute name="Output T" value="4"/>
  <attribute name="Target GC Util Change" value ="20.000000" />
  <attribute name="Current GC Util Change" value="28.000000"/>
  <attribute name="GC Util currently" value="28" />
  <attribute name="CPU Util currently" value="146625460002" />
<allocation-satisfied id="2927" threadId="00000000016DF000" bytesRequested="2768" />
<af-end id="2928" timestamp="2019-06-15T04:55:49.316" threadId="00000000016DF988" success="true" from="nursery"/>
<exclusive-end id="2929" timestamp="2019-06-15T04:55:49.316" durationms="4.222" />

<exclusive-start id="2930" timestamp="2019-06-15T04:55:49.335" intervalms="22.306">
  <response-info timems="0.293" idlems="0.161" threads="1" lastid="00000000013CEB00" lastname="JIT Compilation Thread-2" />
</exclusive-start>
<af-start id="2931" threadId="00000000016D4588" totalBytesRequested="96" timestamp="2019-06-15T04:55:49.335" intervalms="22.337" type="nursery" />
<cycle-start id="2932" type="scavenge" contextid="0" timestamp="2019-06-15T04:55:49.335" intervalms="22.344" />
<gc-start id="2933" type="scavenge" contextid="2932" timestamp="2019-06-15T04:55:49.335">
  <mem-info id="2934" free="2055466944" total="2092630016" percent="98">
    <mem type="nursery" free="0" total="11403264" percent="0">
      <mem type="allocate" free="0" total="8192000" percent="0" />
      <mem type="survivor" free="0" total="3211264" percent="0" />
    </mem>
    <mem type="tenure" free="2055466944" total="2081226752" percent="98">
      <mem type="soa" free="2055466944" total="2081226752" percent="98" />
      <mem type="loa" free="0" total="0" percent="0" />
    </mem>
    <remembered-set count="5142" />
  </mem-info>
</gc-start>
<allocation-stats totalBytes="6756136" >
  <allocated-bytes non-tlh="449072" tlh="6307064" />
  <largest-consumer threadName="PmdThread 1" threadId="00000000016D3C00" bytes="4019688" />
</allocation-stats>
<gc-op id="2935" type="scavenge" timems="2.937" contextid="2932" timestamp="2019-06-15T04:55:49.338">
  <scavenger-info tenureage="2" tenuremask="7ffc" tiltratio="71" />
  <memory-copied type="nursery" objects="19285" bytes="1232616" bytesdiscarded="189848" />
  <memory-copied type="tenure" objects="4552" bytes="118520" bytesdiscarded="16" />
  <references type="soft" candidates="1" cleared="0" enqueued="0" dynamicThreshold="31" maxThreshold="32" />
  <references type="weak" candidates="88" cleared="88" enqueued="88" />
  <references type="phantom" candidates="6" cleared="5" enqueued="5" />
</gc-op>
<gc-end id="2936" type="scavenge" contextid="2932" durationms="3.240" usertimems="8.000" systemtimems="0.000" timestamp="2019-06-15T04:55:49.338" activeThreads="4">
  <mem-info id="2937" free="2062445936" total="2092630016" percent="98">
    <mem type="nursery" free="7096496" total="11403264" percent="62">
      <mem type="allocate" free="7096496" total="8519680" percent="83" />
      <mem type="survivor" free="0" total="2883584" percent="0" />
    </mem>
    <mem type="tenure" free="2055349440" total="2081226752" percent="98">
      <mem type="soa" free="2055349440" total="2081226752" percent="98" />
      <mem type="loa" free="0" total="0" percent="0" />
    </mem>
    <pending-finalizers system="0" default="0" reference="93" classloader="0" />
    <remembered-set count="3718" />
  </mem-info>
</gc-end>
<cycle-end id="2938" type="scavenge" contextid="2932" timestamp="2019-06-15T04:55:49.338" />
  <attribute name="elasticGC enabled" value="1" />
  <attribute name= "numThreadsSpecified" value="4" />
  <attribute name="heapSize specified" value="16121856" />
  <attribute name="Current GC Util" value="25" />
  <attribute name= "Current Time Running" value="4769" />
  <attribute name ="GC Interval" value="200" />
  <attribute name="ProportionalT" value="2.500000" />
  <attribute name="ProportionalI" value="2.500000" />
  <attribute name="ProportionalH" value="2.500000" />
  <attribute name="Current Error" value="5.000000" />
  <attribute name="IntegralT" value="115.000000" />
  <attribute name="IntegralI" value="115.000000" />
  <attribute name="IntegralH" value="115.000000" />
  <attribute name="DerivativeT" value="-0.195652" />
  <attribute name="DerivativeI" value="-0.195652" />
  <attribute name="DerivativeH" value="-0.195652" />
  <attribute name="Loop Time for DT" value="23.000000" />
  <attribute name="Output H" value="8388608"/>
  <attribute name="Output I" value="200"/>
  <attribute name="Output T" value="4"/>
  <attribute name="Target GC Util Change" value ="20.000000" />
  <attribute name="Current GC Util Change" value="25.000000"/>
  <attribute name="GC Util currently" value="25" />
  <attribute name="CPU Util currently" value="205445631580" />
<allocation-satisfied id="2939" threadId="00000000016D3C00" bytesRequested="96" />
<af-end id="2940" timestamp="2019-06-15T04:55:49.338" threadId="00000000016D4588" success="true" from="nursery"/>
<exclusive-end id="2941" timestamp="2019-06-15T04:55:49.338" durationms="3.874" />

<exclusive-start id="2942" timestamp="2019-06-15T04:55:49.361" intervalms="26.733">
  <response-info timems="0.035" idlems="0.035" threads="0" lastid="00000000016DF000" lastname="PmdThread 4" />
</exclusive-start>
<af-start id="2943" threadId="00000000016DF988" totalBytesRequested="72" timestamp="2019-06-15T04:55:49.361" intervalms="26.707" type="nursery" />
<cycle-start id="2944" type="scavenge" contextid="0" timestamp="2019-06-15T04:55:49.361" intervalms="26.703" />
<gc-start id="2945" type="scavenge" contextid="2944" timestamp="2019-06-15T04:55:49.361">
  <mem-info id="2946" free="2055348488" total="2092630016" percent="98">
    <mem type="nursery" free="0" total="11403264" percent="0">
      <mem type="allocate" free="0" total="8519680" percent="0" />
      <mem type="survivor" free="0" total="2883584" percent="0" />
    </mem>
    <mem type="tenure" free="2055348488" total="2081226752" percent="98">
      <mem type="soa" free="2055348488" total="2081226752" percent="98" />
      <mem type="loa" free="0" total="0" percent="0" />
    </mem>
    <remembered-set count="3770" />
  </mem-info>
</gc-start>
<allocation-stats totalBytes="7093112" >
  <allocated-bytes non-tlh="1048" tlh="7092064" />
  <largest-consumer threadName="PmdThread 1" threadId="00000000016D3C00" bytes="2628776" />
</allocation-stats>
<gc-op id="2947" type="scavenge" timems="2.043" contextid="2944" timestamp="2019-06-15T04:55:49.364">
  <scavenger-info tenureage="2" tenuremask="7ffc" tiltratio="74" />
  <memory-copied type="nursery" objects="27374" bytes="1322200" bytesdiscarded="110312" />
  <memory-copied type="tenure" objects="9075" bytes="350384" bytesdiscarded="80" />
  <references type="soft" candidates="1" cleared="0" enqueued="0" dynamicThreshold="31" maxThreshold="32" />
  <references type="weak" candidates="246" cleared="245" enqueued="245" />
  <references type="phantom" candidates="8" cleared="8" enqueued="8" />
</gc-op>
<gc-end id="2948" type="scavenge" contextid="2944" durationms="2.241" usertimems="8.000" systemtimems="0.000" timestamp="2019-06-15T04:55:49.364" activeThreads="4">
  <mem-info id="2949" free="2062356528" total="2092630016" percent="98">
    <mem type="nursery" free="7349032" total="11403264" percent="64">
      <mem type="allocate" free="7349032" total="8781824" percent="83" />
      <mem type="survivor" free="0" total="2621440" percent="0" />
    </mem>
    <mem type="tenure" free="2055007496" total="2081226752" percent="98">
      <mem type="soa" free="2055007496" total="2081226752" percent="98" />
      <mem type="loa" free="0" total="0" percent="0" />
    </mem>
    <pending-finalizers system="0" default="0" reference="253" classloader="0" />
    <remembered-set count="1832" />
  </mem-info>
</gc-end>
<cycle-end id="2950" type="scavenge" contextid="2944" timestamp="2019-06-15T04:55:49.364" />
  <attribute name="elasticGC enabled" value="1" />
  <attribute name= "numThreadsSpecified" value="4" />
  <attribute name="heapSize specified" value="16121856" />
  <attribute name="Current GC Util" value="23" />
  <attribute name= "Current Time Running" value="4796" />
  <attribute name ="GC Interval" value="200" />
  <attribute name="ProportionalT" value="1.500000" />
  <attribute name="ProportionalI" value="1.500000" />
  <attribute name="ProportionalH" value="1.500000" />
  <attribute name="Current Error" value="3.000000" />
  <attribute name="IntegralT" value="81.000000" />
  <attribute name="IntegralI" value="81.000000" />
  <attribute name="IntegralH" value="81.000000" />
  <attribute name="DerivativeT" value="-0.111111" />
  <attribute name="DerivativeI" value="-0.111111" />
  <attribute name="DerivativeH" value="-0.111111" />
  <attribute name="Loop Time for DT" value="27.000000" />
  <attribute name="Output H" value="8388608"/>
  <attribute name="Output I" value="200"/>
  <attribute name="Output T" value="4"/>
  <attribute name="Target GC Util Change" value ="20.000000" />
  <attribute name="Current GC Util Change" value="23.000000"/>
  <attribute name="GC Util currently" value="23" />
  <attribute name="CPU Util currently" value="173257725944" />
<allocation-satisfied id="2951" threadId="00000000016DF000" bytesRequested="72" />
<af-end id="2952" timestamp="2019-06-15T04:55:49.364" threadId="00000000016DF988" success="true" from="nursery"/>
<exclusive-end id="2953" timestamp="2019-06-15T04:55:49.364" durationms="2.704" />

<exclusive-start id="2954" timestamp="2019-06-15T04:55:49.400" intervalms="38.409">
  <response-info timems="0.044" idlems="0.044" threads="0" lastid="00000000016D3C00" lastname="PmdThread 1" />
</exclusive-start>
<af-start id="2955" threadId="00000000016D4588" totalBytesRequested="1104" timestamp="2019-06-15T04:55:49.400" intervalms="38.442" type="nursery" />
<cycle-start id="2956" type="scavenge" contextid="0" timestamp="2019-06-15T04:55:49.400" intervalms="38.478" />
<gc-start id="2957" type="scavenge" contextid="2956" timestamp="2019-06-15T04:55:49.400">
  <mem-info id="2958" free="2055004208" total="2092630016" percent="98">
    <mem type="nursery" free="0" total="11403264" percent="0">
      <mem type="allocate" free="0" total="8781824" percent="0" />
      <mem type="survivor" free="0" total="2621440" percent="0" />
    </mem>
    <mem type="tenure" free="2055004208" total="2081226752" percent="98">
      <mem type="soa" free="2055004208" total="2081226752" percent="98" />
      <mem type="loa" free="0" total="0" percent="0" />
    </mem>
    <remembered-set count="1915" />
  </mem-info>
</gc-start>
<allocation-stats totalBytes="7340520" >
  <allocated-bytes non-tlh="3360" tlh="7337160" />
  <largest-consumer threadName="PmdThread 1" threadId="00000000016D3C00" bytes="4447288" />
</allocation-stats>
<gc-op id="2959" type="scavenge" timems="3.049" contextid="2956" timestamp="2019-06-15T04:55:49.403">
  <scavenger-info tenureage="2" tenuremask="7ffc" tiltratio="77" />
  <memory-copied type="nursery" objects="25808" bytes="1240872" bytesdiscarded="84608" />
  <memory-copied type="tenure" objects="5411" bytes="282176" bytesdiscarded="616" />
  <references type="weak" candidates="322" cleared="321" enqueued="321" />
  <references type="phantom" candidates="5" cleared="4" enqueued="4" />
</gc-op>
<gc-end id="2960" type="scavenge" contextid="2956" durationms="3.256" usertimems="12.000" systemtimems="0.000" timestamp="2019-06-15T04:55:49.403" activeThreads="4">
  <mem-info id="2961" free="2062475424" total="2092630016" percent="98">
    <mem type="nursery" free="7718056" total="11403264" percent="67">
      <mem type="allocate" free="7718056" total="9043968" percent="85" />
      <mem type="survivor" free="0" total="2359296" percent="0" />
    </mem>
    <mem type="tenure" free="2054757368" total="2081226752" percent="98">
      <mem type="soa" free="2054757368" total="2081226752" percent="98" />
      <mem type="loa" free="0" total="0" percent="0" />
    </mem>
    <pending-finalizers system="0" default="0" reference="325" classloader="0" />
    <remembered-set count="234" />
  </mem-info>
</gc-end>
<cycle-end id="2962" type="scavenge" contextid="2956" timestamp="2019-06-15T04:55:49.403" />
  <attribute name="elasticGC enabled" value="1" />
  <attribute name= "numThreadsSpecified" value="4" />
  <attribute name="heapSize specified" value="16121856" />
  <attribute name="Current GC Util" value="14" />
  <attribute name= "Current Time Running" value="4834" />
  <attribute name ="GC Interval" value="200" />
  <attribute name="ProportionalT" value="-3.000000" />
  <attribute name="ProportionalI" value="-3.000000" />
  <attribute name="ProportionalH" value="-3.000000" />
  <attribute name="Current Error" value="-6.000000" />
  <attribute name="IntegralT" value="-228.000000" />
  <attribute name="IntegralI" value="-228.000000" />
  <attribute name="IntegralH" value="-228.000000" />
  <attribute name="DerivativeT" value="-0.355263" />
  <attribute name="DerivativeI" value="-0.355263" />
  <attribute name="DerivativeH" value="-0.355263" />
  <attribute name="Loop Time for DT" value="38.000000" />
  <attribute name="Output H" value="2092630016"/>
  <attribute name="Output I" value="200"/>
  <attribute name="Output T" value="4"/>
  <attribute name="Target GC Util Change" value ="20.000000" />
  <attribute name="Current GC Util Change" value="14.000000"/>
  <attribute name="GC Util currently" value="14" />
  <attribute name="CPU Util currently" value="119736582407" />
<allocation-satisfied id="2963" threadId="00000000016D3C00" bytesRequested="1104" />
<af-end id="2964" timestamp="2019-06-15T04:55:49.403" threadId="00000000016D4588" success="true" from="nursery"/>
<exclusive-end id="2965" timestamp="2019-06-15T04:55:49.404" durationms="3.859" />

<exclusive-start id="2966" timestamp="2019-06-15T04:55:49.440" intervalms="40.176">
  <response-info timems="0.121" idlems="0.070" threads="1" lastid="00000000016DF000" lastname="PmdThread 4" />
</exclusive-start>
<af-start id="2967" threadId="00000000016D8188" totalBytesRequested="16" timestamp="2019-06-15T04:55:49.440" intervalms="40.159" type="nursery" />
<cycle-start id="2968" type="scavenge" contextid="0" timestamp="2019-06-15T04:55:49.440" intervalms="40.132" />
<gc-start id="2969" type="scavenge" contextid="2968" timestamp="2019-06-15T04:55:49.440">
  <mem-info id="2970" free="2054757176" total="2092630016" percent="98">
    <mem type="nursery" free="0" total="11403264" percent="0">
      <mem type="allocate" free="0" total="9043968" percent="0" />
      <mem type="survivor" free="0" total="2359296" percent="0" />
    </mem>
    <mem type="tenure" free="2054757176" total="2081226752" percent="98">
      <mem type="soa" free="2054757176" total="2081226752" percent="98" />
      <mem type="loa" free="0" total="0" percent="0" />
    </mem>
    <remembered-set count="383" />
  </mem-info>
</gc-start>
<allocation-stats totalBytes="7707152" >
  <allocated-bytes non-tlh="1296" tlh="7705856" />
  <largest-consumer threadName="PmdThread 1" threadId="00000000016D3C00" bytes="3285904" />
</allocation-stats>
<gc-op id="2971" type="scavenge" timems="2.312" contextid="2968" timestamp="2019-06-15T04:55:49.443">
  <scavenger-info tenureage="2" tenuremask="7ffc" tiltratio="79" />
  <memory-copied type="nursery" objects="13679" bytes="682848" bytesdiscarded="70104" />
  <memory-copied type="tenure" objects="18427" bytes="738752" bytesdiscarded="432" />
  <references type="weak" candidates="399" cleared="399" enqueued="399" />
  <references type="phantom" candidates="42" cleared="33" enqueued="33" />
</gc-op>
<gc-end id="2972" type="scavenge" contextid="2968" durationms="2.569" usertimems="4.000" systemtimems="4.000" timestamp="2019-06-15T04:55:49.443" activeThreads="4">
  <mem-info id="2973" free="2062462544" total="2092630016" percent="98">
    <mem type="nursery" free="8485656" total="11403264" percent="74">
      <mem type="allocate" free="8485656" total="9240576" percent="91" />
      <mem type="survivor" free="0" total="2162688" percent="0" />
    </mem>
    <mem type="tenure" free="2053976888" total="2081226752" percent="98">
      <mem type="soa" free="2053976888" total="2081226752" percent="98" />
      <mem type="loa" free="0" total="0" percent="0" />
    </mem>
    <pending-finalizers system="0" default="0" reference="432" classloader="0" />
    <remembered-set count="708" />
  </mem-info>
</gc-end>
<cycle-end id="2974" type="scavenge" contextid="2968" timestamp="2019-06-15T04:55:49.443" />
  <attribute name="elasticGC enabled" value="1" />
  <attribute name= "numThreadsSpecified" value="4" />
  <attribute name="heapSize specified" value="16121856" />
  <attribute name="Current GC Util" value="18" />
  <attribute name= "Current Time Running" value="4874" />
  <attribute name ="GC Interval" value="200" />
  <attribute name="ProportionalT" value="-1.000000" />
  <attribute name="ProportionalI" value="-1.000000" />
  <attribute name="ProportionalH" value="-1.000000" />
  <attribute name="Current Error" value="-2.000000" />
  <attribute name="IntegralT" value="-80.000000" />
  <attribute name="IntegralI" value="-80.000000" />
  <attribute name="IntegralH" value="-80.000000" />
  <attribute name="DerivativeT" value="-0.075000" />
  <attribute name="DerivativeI" value="-0.075000" />
  <attribute name="DerivativeH" value="-0.075000" />
  <attribute name="Loop Time for DT" value="40.000000" />
  <attribute name="Output H" value="2092630016"/>
  <attribute name="Output I" value="200"/>
  <attribute name="Output T" value="4"/>
  <attribute name="Target GC Util Change" value ="20.000000" />
  <attribute name="Current GC Util Change" value="18.000000"/>
  <attribute name="GC Util currently" value="18" />
  <attribute name="CPU Util currently" value="114794763433" />
<allocation-satisfied id="2975" threadId="00000000016D7800" bytesRequested="16" />
<af-end id="2976" timestamp="2019-06-15T04:55:49.443" threadId="00000000016D8188" success="true" from="nursery"/>
<exclusive-end id="2977" timestamp="2019-06-15T04:55:49.443" durationms="3.195" />

<exclusive-start id="2978" timestamp="2019-06-15T04:55:49.476" intervalms="36.528">
  <response-info timems="0.140" idlems="0.097" threads="1" lastid="00000000016D7800" lastname="PmdThread 2" />
</exclusive-start>
<af-start id="2979" threadId="00000000016DBD88" totalBytesRequested="40" timestamp="2019-06-15T04:55:49.476" intervalms="36.522" type="nursery" />
<cycle-start id="2980" type="scavenge" contextid="0" timestamp="2019-06-15T04:55:49.477" intervalms="36.503" />
<gc-start id="2981" type="scavenge" contextid="2980" timestamp="2019-06-15T04:55:49.477">
  <mem-info id="2982" free="2053970984" total="2092630016" percent="98">
    <mem type="nursery" free="0" total="11403264" percent="0">
      <mem type="allocate" free="0" total="9240576" percent="0" />
      <mem type="survivor" free="0" total="2162688" percent="0" />
    </mem>
    <mem type="tenure" free="2053970984" total="2081226752" percent="98">
      <mem type="soa" free="2053970984" total="2081226752" percent="98" />
      <mem type="loa" free="0" total="0" percent="0" />
    </mem>
    <remembered-set count="886" />
  </mem-info>
</gc-start>
<allocation-stats totalBytes="8484272" >
  <allocated-bytes non-tlh="5920" tlh="8478352" />
  <largest-consumer threadName="PmdThread 1" threadId="00000000016D3C00" bytes="3377552" />
</allocation-stats>
<gc-op id="2983" type="scavenge" timems="0.831" contextid="2980" timestamp="2019-06-15T04:55:49.478">
  <scavenger-info tenureage="3" tenuremask="7ff8" tiltratio="81" />
  <memory-copied type="nursery" objects="14279" bytes="717184" bytesdiscarded="132296" />
  <references type="weak" candidates="382" cleared="382" enqueued="382" />
  <references type="phantom" candidates="24" cleared="14" enqueued="14" />
</gc-op>
<gc-end id="2984" type="scavenge" contextid="2980" durationms="1.244" usertimems="4.000" systemtimems="0.000" timestamp="2019-06-15T04:55:49.478" activeThreads="4">
  <mem-info id="2985" free="2062623944" total="2092630016" percent="98">
    <mem type="nursery" free="8652960" total="11403264" percent="75">
      <mem type="allocate" free="8652960" total="9502720" percent="91" />
      <mem type="survivor" free="0" total="1900544" percent="0" />
    </mem>
    <mem type="tenure" free="2053970984" total="2081226752" percent="98">
      <mem type="soa" free="2053970984" total="2081226752" percent="98" />
      <mem type="loa" free="0" total="0" percent="0" />
    </mem>
    <pending-finalizers system="0" default="0" reference="396" classloader="0" />
    <remembered-set count="829" />
  </mem-info>
</gc-end>
<cycle-end id="2986" type="scavenge" contextid="2980" timestamp="2019-06-15T04:55:49.478" />
  <attribute name="elasticGC enabled" value="1" />
  <attribute name= "numThreadsSpecified" value="4" />
  <attribute name="heapSize specified" value="16121856" />
  <attribute name="Current GC Util" value="16" />
  <attribute name= "Current Time Running" value="4911" />
  <attribute name ="GC Interval" value="200" />
  <attribute name="ProportionalT" value="-2.000000" />
  <attribute name="ProportionalI" value="-2.000000" />
  <attribute name="ProportionalH" value="-2.000000" />
  <attribute name="Current Error" value="-4.000000" />
  <attribute name="IntegralT" value="-148.000000" />
  <attribute name="IntegralI" value="-148.000000" />
  <attribute name="IntegralH" value="-148.000000" />
  <attribute name="DerivativeT" value="-0.162162" />
  <attribute name="DerivativeI" value="-0.162162" />
  <attribute name="DerivativeH" value="-0.162162" />
  <attribute name="Loop Time for DT" value="37.000000" />
  <attribute name="Output H" value="2092630016"/>
  <attribute name="Output I" value="200"/>
  <attribute name="Output T" value="4"/>
  <attribute name="Target GC Util Change" value ="20.000000" />
  <attribute name="Current GC Util Change" value="16.000000"/>
  <attribute name="GC Util currently" value="16" />
  <attribute name="CPU Util currently" value="126397198335" />
<allocation-satisfied id="2987" threadId="00000000016DB400" bytesRequested="40" />
<af-end id="2988" timestamp="2019-06-15T04:55:49.478" threadId="00000000016DBD88" success="true" from="nursery"/>
<exclusive-end id="2989" timestamp="2019-06-15T04:55:49.478" durationms="1.758" />

<exclusive-start id="2990" timestamp="2019-06-15T04:55:49.499" intervalms="22.584">
  <response-info timems="0.038" idlems="0.038" threads="0" lastid="00000000016DB400" lastname="PmdThread 3" />
</exclusive-start>
<af-start id="2991" threadId="00000000016DBD88" totalBytesRequested="40" timestamp="2019-06-15T04:55:49.499" intervalms="22.615" type="nursery" />
<cycle-start id="2992" type="scavenge" contextid="0" timestamp="2019-06-15T04:55:49.499" intervalms="22.654" />
<gc-start id="2993" type="scavenge" contextid="2992" timestamp="2019-06-15T04:55:49.499">
  <mem-info id="2994" free="2053969240" total="2092630016" percent="98">
    <mem type="nursery" free="0" total="11403264" percent="0">
      <mem type="allocate" free="0" total="9502720" percent="0" />
      <mem type="survivor" free="0" total="1900544" percent="0" />
    </mem>
    <mem type="tenure" free="2053969240" total="2081226752" percent="98">
      <mem type="soa" free="2053969240" total="2081226752" percent="98" />
      <mem type="loa" free="0" total="0" percent="0" />
    </mem>
    <remembered-set count="896" />
  </mem-info>
</gc-start>
<allocation-stats totalBytes="8645656" >
  <allocated-bytes non-tlh="1784" tlh="8643872" />
  <largest-consumer threadName="PmdThread 1" threadId="00000000016D3C00" bytes="3629808" />
</allocation-stats>
<gc-op id="2995" type="scavenge" timems="0.931" contextid="2992" timestamp="2019-06-15T04:55:49.500">
  <scavenger-info tenureage="4" tenuremask="7ff0" tiltratio="83" />
  <memory-copied type="nursery" objects="13923" bytes="738504" bytesdiscarded="247472" />
  <references type="weak" candidates="413" cleared="413" enqueued="413" />
  <references type="phantom" candidates="19" cleared="10" enqueued="10" />
</gc-op>
<gc-end id="2996" type="scavenge" contextid="2992" durationms="1.379" usertimems="4.000" systemtimems="0.000" timestamp="2019-06-15T04:55:49.501" activeThreads="4">
  <mem-info id="2997" free="2062680120" total="2092630016" percent="98">
    <mem type="nursery" free="8710880" total="11403264" percent="76">
      <mem type="allocate" free="8710880" total="9699328" percent="89" />
      <mem type="survivor" free="0" total="1703936" percent="0" />
    </mem>
    <mem type="tenure" free="2053969240" total="2081226752" percent="98">
      <mem type="soa" free="2053969240" total="2081226752" percent="98" />
      <mem type="loa" free="0" total="0" percent="0" />
    </mem>
    <pending-finalizers system="0" default="0" reference="423" classloader="0" />
    <remembered-set count="872" />
  </mem-info>
</gc-end>
<cycle-end id="2998" type="scavenge" contextid="2992" timestamp="2019-06-15T04:55:49.501" />
  <attribute name="elasticGC enabled" value="1" />
  <attribute name= "numThreadsSpecified" value="4" />
  <attribute name="heapSize specified" value="16121856" />
  <attribute name="Current GC Util" value="8" />
  <attribute name= "Current Time Running" value="4933" />
  <attribute name ="GC Interval" value="200" />
  <attribute name="ProportionalT" value="-6.000000" />
  <attribute name="ProportionalI" value="-6.000000" />
  <attribute name="ProportionalH" value="-6.000000" />
  <attribute name="Current Error" value="-12.000000" />
  <attribute name="IntegralT" value="-264.000000" />
  <attribute name="IntegralI" value="-264.000000" />
  <attribute name="IntegralH" value="-264.000000" />
  <attribute name="DerivativeT" value="-0.818182" />
  <attribute name="DerivativeI" value="-0.818182" />
  <attribute name="DerivativeH" value="-0.818182" />
  <attribute name="Loop Time for DT" value="22.000000" />
  <attribute name="Output H" value="2092630016"/>
  <attribute name="Output I" value="200"/>
  <attribute name="Output T" value="4"/>
  <attribute name="Target GC Util Change" value ="20.000000" />
  <attribute name="Current GC Util Change" value="8.000000"/>
  <attribute name="GC Util currently" value="8" />
  <attribute name="CPU Util currently" value="203124800720" />
<allocation-satisfied id="2999" threadId="00000000016DB400" bytesRequested="40" />
<af-end id="3000" timestamp="2019-06-15T04:55:49.501" threadId="00000000016DBD88" success="true" from="nursery"/>
<exclusive-end id="3001" timestamp="2019-06-15T04:55:49.501" durationms="2.116" />

<exclusive-start id="3002" timestamp="2019-06-15T04:55:49.512" intervalms="13.225">
  <response-info timems="0.740" idlems="0.267" threads="2" lastid="00000000016DF000" lastname="PmdThread 4" />
</exclusive-start>
<af-start id="3003" threadId="00000000016D8188" totalBytesRequested="40" timestamp="2019-06-15T04:55:49.512" intervalms="13.222" type="nursery" />
<cycle-start id="3004" type="scavenge" contextid="0" timestamp="2019-06-15T04:55:49.512" intervalms="13.231" />
<gc-start id="3005" type="scavenge" contextid="3004" timestamp="2019-06-15T04:55:49.513">
  <mem-info id="3006" free="2053968888" total="2092630016" percent="98">
    <mem type="nursery" free="0" total="11403264" percent="0">
      <mem type="allocate" free="0" total="9699328" percent="0" />
      <mem type="survivor" free="0" total="1703936" percent="0" />
    </mem>
    <mem type="tenure" free="2053968888" total="2081226752" percent="98">
      <mem type="soa" free="2053968888" total="2081226752" percent="98" />
      <mem type="loa" free="0" total="0" percent="0" />
    </mem>
    <remembered-set count="885" />
  </mem-info>
</gc-start>
<allocation-stats totalBytes="8705448" >
  <allocated-bytes non-tlh="392" tlh="8705056" />
  <largest-consumer threadName="PmdThread 3" threadId="00000000016DB400" bytes="5490552" />
</allocation-stats>
<gc-op id="3007" type="scavenge" timems="5.224" contextid="3004" timestamp="2019-06-15T04:55:49.518">
  <scavenger-info tenureage="5" tenuremask="7fe0" tiltratio="85" />
  <memory-copied type="nursery" objects="43046" bytes="1691264" bytesdiscarded="10760" />
  <memory-copied type="tenure" objects="72594" bytes="2131200" bytesdiscarded="1344" />
  <copy-failed type="nursery" objects="72594" bytes="2131200" />
  <references type="weak" candidates="236" cleared="235" enqueued="235" />
  <references type="phantom" candidates="12" cleared="1" enqueued="1" />
</gc-op>
<gc-end id="3008" type="scavenge" contextid="3004" durationms="5.836" usertimems="8.000" systemtimems="4.000" timestamp="2019-06-15T04:55:49.518" activeThreads="4">
  <mem-info id="3009" free="2055868656" total="2092630016" percent="98">
    <mem type="nursery" free="3997696" total="11403264" percent="35">
      <mem type="allocate" free="3997696" total="5701632" percent="70" />
      <mem type="survivor" free="0" total="5701632" percent="0" />
    </mem>
    <mem type="tenure" free="2051870960" total="2081226752" percent="98">
      <mem type="soa" free="2051870960" total="2081226752" percent="98" />
      <mem type="loa" free="0" total="0" percent="0" />
    </mem>
    <pending-finalizers system="0" default="0" reference="236" classloader="0" />
    <remembered-set count="9848" />
  </mem-info>
</gc-end>
<cycle-end id="3010" type="scavenge" contextid="3004" timestamp="2019-06-15T04:55:49.519" />
  <attribute name="elasticGC enabled" value="1" />
  <attribute name= "numThreadsSpecified" value="4" />
  <attribute name="heapSize specified" value="16121856" />
  <attribute name="Current GC Util" value="17" />
  <attribute name= "Current Time Running" value="4947" />
  <attribute name ="GC Interval" value="200" />
  <attribute name="ProportionalT" value="-1.500000" />
  <attribute name="ProportionalI" value="-1.500000" />
  <attribute name="ProportionalH" value="-1.500000" />
  <attribute name="Current Error" value="-3.000000" />
  <attribute name="IntegralT" value="-42.000000" />
  <attribute name="IntegralI" value="-42.000000" />
  <attribute name="IntegralH" value="-42.000000" />
  <attribute name="DerivativeT" value="-0.321429" />
  <attribute name="DerivativeI" value="-0.321429" />
  <attribute name="DerivativeH" value="-0.321429" />
  <attribute name="Loop Time for DT" value="14.000000" />
  <attribute name="Output H" value="2092630016"/>
  <attribute name="Output I" value="200"/>
  <attribute name="Output T" value="4"/>
  <attribute name="Target GC Util Change" value ="20.000000" />
  <attribute name="Current GC Util Change" value="17.000000"/>
  <attribute name="GC Util currently" value="17" />
  <attribute name="CPU Util currently" value="344906741672" />
<allocation-satisfied id="3011" threadId="00000000016D7800" bytesRequested="40" />
<af-end id="3012" timestamp="2019-06-15T04:55:49.519" threadId="00000000016D8188" success="true" from="nursery"/>
<exclusive-end id="3013" timestamp="2019-06-15T04:55:49.519" durationms="6.659" />

<exclusive-start id="3014" timestamp="2019-06-15T04:55:49.528" intervalms="15.508">
  <response-info timems="0.068" idlems="0.068" threads="0" lastid="00000000016DB400" lastname="PmdThread 3" />
</exclusive-start>
<af-start id="3015" threadId="00000000016DBD88" totalBytesRequested="48" timestamp="2019-06-15T04:55:49.528" intervalms="15.609" type="nursery" />
<cycle-start id="3016" type="scavenge" contextid="0" timestamp="2019-06-15T04:55:49.528" intervalms="15.604" />
<gc-start id="3017" type="scavenge" contextid="3016" timestamp="2019-06-15T04:55:49.528">
  <mem-info id="3018" free="2051869784" total="2092630016" percent="98">
    <mem type="nursery" free="0" total="11403264" percent="0">
      <mem type="allocate" free="0" total="5701632" percent="0" />
      <mem type="survivor" free="0" total="5701632" percent="0" />
    </mem>
    <mem type="tenure" free="2051869784" total="2081226752" percent="98">
      <mem type="soa" free="2051869784" total="2081226752" percent="98" />
      <mem type="loa" free="0" total="0" percent="0" />
    </mem>
    <remembered-set count="9866" />
  </mem-info>
</gc-start>
<allocation-stats totalBytes="3995712" >
  <allocated-bytes non-tlh="1216" tlh="3994496" />
  <largest-consumer threadName="PmdThread 3" threadId="00000000016DB400" bytes="2129568" />
</allocation-stats>
<gc-op id="3019" type="scavenge" timems="1.482" contextid="3016" timestamp="2019-06-15T04:55:49.530">
  <scavenger-info tenureage="5" tenuremask="7fe0" tiltratio="50" />
  <memory-copied type="nursery" objects="48131" bytes="1935440" bytesdiscarded="226672" />
  <memory-copied type="tenure" objects="2089" bytes="59448" bytesdiscarded="56" />
  <references type="weak" candidates="113" cleared="113" enqueued="113" />
  <references type="phantom" candidates="10" cleared="1" enqueued="1" />
</gc-op>
<gc-end id="3020" type="scavenge" contextid="3016" durationms="1.933" usertimems="8.000" systemtimems="0.000" timestamp="2019-06-15T04:55:49.530" activeThreads="4">
  <mem-info id="3021" free="2055107392" total="2092630016" percent="98">
    <mem type="nursery" free="3539432" total="11403264" percent="31">
      <mem type="allocate" free="3539432" total="5701632" percent="62" />
      <mem type="survivor" free="0" total="5701632" percent="0" />
    </mem>
    <mem type="tenure" free="2051567960" total="2081226752" percent="98">
      <mem type="soa" free="2051567960" total="2081226752" percent="98" />
      <mem type="loa" free="0" total="0" percent="0" />
    </mem>
    <pending-finalizers system="0" default="0" reference="114" classloader="0" />
    <remembered-set count="9443" />
  </mem-info>
</gc-end>
<cycle-end id="3022" type="scavenge" contextid="3016" timestamp="2019-06-15T04:55:49.530" />
  <attribute name="elasticGC enabled" value="1" />
  <attribute name= "numThreadsSpecified" value="4" />
  <attribute name="heapSize specified" value="16121856" />
  <attribute name="Current GC Util" value="67" />
  <attribute name= "Current Time Running" value="4962" />
  <attribute name ="GC Interval" value="736" />
  <attribute name="ProportionalT" value="23.500000" />
  <attribute name="ProportionalI" value="23.500000" />
  <attribute name="ProportionalH" value="23.500000" />
  <attribute name="Current Error" value="47.000000" />
  <attribute name="IntegralT" value="705.000000" />
  <attribute name="IntegralI" value="705.000000" />
  <attribute name="IntegralH" value="705.000000" />
  <attribute name="DerivativeT" value="4.700000" />
  <attribute name="DerivativeI" value="4.700000" />
  <attribute name="DerivativeH" value="4.700000" />
  <attribute name="Loop Time for DT" value="15.000000" />
  <attribute name="Output H" value="8388608"/>
  <attribute name="Output I" value="736"/>
  <attribute name="Output T" value="4"/>
  <attribute name="Target GC Util Change" value ="20.000000" />
  <attribute name="Current GC Util Change" value="67.000000"/>
  <attribute name="GC Util currently" value="67" />
  <attribute name="CPU Util currently" value="298353063009" />
<allocation-satisfied id="3023" threadId="00000000016DB400" bytesRequested="48" />
<af-end id="3024" timestamp="2019-06-15T04:55:49.530" threadId="00000000016DBD88" success="true" from="nursery"/>
<exclusive-end id="3025" timestamp="2019-06-15T04:55:49.530" durationms="2.665" />

<exclusive-start id="3026" timestamp="2019-06-15T04:55:49.538" intervalms="10.116">
  <response-info timems="0.271" idlems="0.271" threads="0" lastid="00000000016DF000" lastname="PmdThread 4" />
</exclusive-start>
<af-start id="3027" threadId="00000000016DF988" totalBytesRequested="24" timestamp="2019-06-15T04:55:49.538" intervalms="9.967" type="nursery" />
<cycle-start id="3028" type="scavenge" contextid="0" timestamp="2019-06-15T04:55:49.538" intervalms="9.935" />
<gc-start id="3029" type="scavenge" contextid="3028" timestamp="2019-06-15T04:55:49.538">
  <mem-info id="3030" free="2051567872" total="2092630016" percent="98">
    <mem type="nursery" free="0" total="11403264" percent="0">
      <mem type="allocate" free="0" total="5701632" percent="0" />
      <mem type="survivor" free="0" total="5701632" percent="0" />
    </mem>
    <mem type="tenure" free="2051567872" total="2081226752" percent="98">
      <mem type="soa" free="2051567872" total="2081226752" percent="98" />
      <mem type="loa" free="0" total="0" percent="0" />
    </mem>
    <remembered-set count="9451" />
  </mem-info>
</gc-start>
<allocation-stats totalBytes="3537760" >
  <allocated-bytes non-tlh="136" tlh="3537624" />
  <largest-consumer threadName="PmdThread 2" threadId="00000000016D7800" bytes="1437232" />
</allocation-stats>
<gc-op id="3031" type="scavenge" timems="3.040" contextid="3028" timestamp="2019-06-15T04:55:49.541">
  <scavenger-info tenureage="3" tenuremask="7ff8" tiltratio="50" />
  <memory-copied type="nursery" objects="60468" bytes="2172240" bytesdiscarded="266048" />
  <memory-copied type="tenure" objects="7462" bytes="392136" bytesdiscarded="96" />
  <references type="weak" candidates="128" cleared="128" enqueued="128" />
</gc-op>
<gc-end id="3032" type="scavenge" contextid="3028" durationms="3.279" usertimems="8.000" systemtimems="0.000" timestamp="2019-06-15T04:55:49.541" activeThreads="4">
  <mem-info id="3033" free="2054441960" total="2092630016" percent="98">
    <mem type="nursery" free="3262192" total="11403264" percent="28">
      <mem type="allocate" free="3262192" total="5701632" percent="57" />
      <mem type="survivor" free="0" total="5701632" percent="0" />
    </mem>
    <mem type="tenure" free="2051179768" total="2081226752" percent="98">
      <mem type="soa" free="2051179768" total="2081226752" percent="98" />
      <mem type="loa" free="0" total="0" percent="0" />
    </mem>
    <pending-finalizers system="0" default="0" reference="128" classloader="0" />
    <remembered-set count="9158" />
  </mem-info>
</gc-end>
<cycle-end id="3034" type="scavenge" contextid="3028" timestamp="2019-06-15T04:55:49.541" />
  <attribute name="elasticGC enabled" value="1" />
  <attribute name= "numThreadsSpecified" value="4" />
  <attribute name="heapSize specified" value="16121856" />
  <attribute name="Current GC Util" value="51" />
  <attribute name= "Current Time Running" value="4972" />
  <attribute name ="GC Interval" value="328" />
  <attribute name="ProportionalT" value="15.500000" />
  <attribute name="ProportionalI" value="15.500000" />
  <attribute name="ProportionalH" value="15.500000" />
  <attribute name="Current Error" value="31.000000" />
  <attribute name="IntegralT" value="310.000000" />
  <attribute name="IntegralI" value="310.000000" />
  <attribute name="IntegralH" value="310.000000" />
  <attribute name="DerivativeT" value="-2.400000" />
  <attribute name="DerivativeI" value="-2.400000" />
  <attribute name="DerivativeH" value="-2.400000" />
  <attribute name="Loop Time for DT" value="10.000000" />
  <attribute name="Output H" value="8388608"/>
  <attribute name="Output I" value="328"/>
  <attribute name="Output T" value="4"/>
  <attribute name="Target GC Util Change" value ="20.000000" />
  <attribute name="Current GC Util Change" value="51.000000"/>
  <attribute name="GC Util currently" value="51" />
  <attribute name="CPU Util currently" value="468151781884" />
<allocation-satisfied id="3035" threadId="00000000016DF000" bytesRequested="24" />
<af-end id="3036" timestamp="2019-06-15T04:55:49.542" threadId="00000000016DF988" success="true" from="nursery"/>
<exclusive-end id="3037" timestamp="2019-06-15T04:55:49.542" durationms="3.987" />

<exclusive-start id="3038" timestamp="2019-06-15T04:55:49.546" intervalms="7.747">
  <response-info timems="0.072" idlems="0.072" threads="0" lastid="00000000016D3C00" lastname="PmdThread 1" />
</exclusive-start>
<af-start id="3039" threadId="00000000016D4588" totalBytesRequested="1032" timestamp="2019-06-15T04:55:49.546" intervalms="7.731" type="nursery" />
<cycle-start id="3040" type="scavenge" contextid="0" timestamp="2019-06-15T04:55:49.546" intervalms="7.757" />
<gc-start id="3041" type="scavenge" contextid="3040" timestamp="2019-06-15T04:55:49.546">
  <mem-info id="3042" free="2051179768" total="2092630016" percent="98">
    <mem type="nursery" free="0" total="11403264" percent="0">
      <mem type="allocate" free="0" total="5701632" percent="0" />
      <mem type="survivor" free="0" total="5701632" percent="0" />
    </mem>
    <mem type="tenure" free="2051179768" total="2081226752" percent="98">
      <mem type="soa" free="2051179768" total="2081226752" percent="98" />
      <mem type="loa" free="0" total="0" percent="0" />
    </mem>
    <remembered-set count="9158" />
  </mem-info>
</gc-start>
<allocation-stats totalBytes="3258288" >
  <allocated-bytes non-tlh="24" tlh="3258264" />
  <largest-consumer threadName="PmdThread 1" threadId="00000000016D3C00" bytes="1656848" />
</allocation-stats>
<gc-op id="3043" type="scavenge" timems="1.806" contextid="3040" timestamp="2019-06-15T04:55:49.548">
  <scavenger-info tenureage="3" tenuremask="7ff8" tiltratio="50" />
  <memory-copied type="nursery" objects="45576" bytes="1484408" bytesdiscarded="183672" />
  <memory-copied type="tenure" objects="15041" bytes="693792" bytesdiscarded="144" />
  <references type="weak" candidates="180" cleared="180" enqueued="180" />
</gc-op>
<gc-end id="3044" type="scavenge" contextid="3040" durationms="2.173" usertimems="4.000" systemtimems="0.000" timestamp="2019-06-15T04:55:49.548" activeThreads="4">
  <mem-info id="3045" free="2054998752" total="2092630016" percent="98">
    <mem type="nursery" free="4492272" total="11403264" percent="39">
      <mem type="allocate" free="4492272" total="6160384" percent="72" />
      <mem type="survivor" free="0" total="5242880" percent="0" />
    </mem>
    <mem type="tenure" free="2050506480" total="2081226752" percent="98">
      <mem type="soa" free="2050506480" total="2081226752" percent="98" />
      <mem type="loa" free="0" total="0" percent="0" />
    </mem>
    <pending-finalizers system="0" default="0" reference="180" classloader="0" />
    <remembered-set count="1591" />
  </mem-info>
</gc-end>
<cycle-end id="3046" type="scavenge" contextid="3040" timestamp="2019-06-15T04:55:49.548" />
  <attribute name="elasticGC enabled" value="1" />
  <attribute name= "numThreadsSpecified" value="4" />
  <attribute name="heapSize specified" value="16121856" />
  <attribute name="Current GC Util" value="109" />
  <attribute name= "Current Time Running" value="4980" />
  <attribute name ="GC Interval" value="768" />
  <attribute name="ProportionalT" value="44.500000" />
  <attribute name="ProportionalI" value="44.500000" />
  <attribute name="ProportionalH" value="44.500000" />
  <attribute name="Current Error" value="89.000000" />
  <attribute name="IntegralT" value="712.000000" />
  <attribute name="IntegralI" value="712.000000" />
  <attribute name="IntegralH" value="712.000000" />
  <attribute name="DerivativeT" value="10.875000" />
  <attribute name="DerivativeI" value="10.875000" />
  <attribute name="DerivativeH" value="10.875000" />
  <attribute name="Loop Time for DT" value="8.000000" />
  <attribute name="Output H" value="8388608"/>
  <attribute name="Output I" value="768"/>
  <attribute name="Output T" value="4"/>
  <attribute name="Target GC Util Change" value ="20.000000" />
  <attribute name="Current GC Util Change" value="109.000000"/>
  <attribute name="GC Util currently" value="109" />
  <attribute name="CPU Util currently" value="597699937353" />
<allocation-satisfied id="3047" threadId="00000000016D3C00" bytesRequested="1032" />
<af-end id="3048" timestamp="2019-06-15T04:55:49.548" threadId="00000000016D4588" success="true" from="nursery"/>
<exclusive-end id="3049" timestamp="2019-06-15T04:55:49.548" durationms="2.734" />

<exclusive-start id="3050" timestamp="2019-06-15T04:55:49.557" intervalms="11.059">
  <response-info timems="0.476" idlems="0.302" threads="2" lastid="00000000016DB400" lastname="PmdThread 3" />
</exclusive-start>
<af-start id="3051" threadId="00000000016D4588" totalBytesRequested="152" timestamp="2019-06-15T04:55:49.557" intervalms="11.098" type="nursery" />
<cycle-start id="3052" type="scavenge" contextid="0" timestamp="2019-06-15T04:55:49.557" intervalms="11.101" />
<gc-start id="3053" type="scavenge" contextid="3052" timestamp="2019-06-15T04:55:49.557">
  <mem-info id="3054" free="2050506480" total="2092630016" percent="97">
    <mem type="nursery" free="0" total="11403264" percent="0">
      <mem type="allocate" free="0" total="6160384" percent="0" />
      <mem type="survivor" free="0" total="5242880" percent="0" />
    </mem>
    <mem type="tenure" free="2050506480" total="2081226752" percent="98">
      <mem type="soa" free="2050506480" total="2081226752" percent="98" />
      <mem type="loa" free="0" total="0" percent="0" />
    </mem>
    <remembered-set count="1875" />
  </mem-info>
</gc-start>
<allocation-stats totalBytes="4487776" >
  <allocated-bytes non-tlh="1032" tlh="4486744" />
  <largest-consumer threadName="PmdThread 3" threadId="00000000016DB400" bytes="1428064" />
</allocation-stats>
<gc-op id="3055" type="scavenge" timems="1.512" contextid="3052" timestamp="2019-06-15T04:55:49.558">
  <scavenger-info tenureage="3" tenuremask="7ff8" tiltratio="54" />
  <memory-copied type="nursery" objects="13197" bytes="697488" bytesdiscarded="159512" />
  <memory-copied type="tenure" objects="23493" bytes="751080" bytesdiscarded="208" />
  <references type="weak" candidates="139" cleared="139" enqueued="139" />
  <references type="phantom" candidates="3" cleared="3" enqueued="3" />
</gc-op>
<gc-end id="3056" type="scavenge" contextid="3052" durationms="1.843" usertimems="4.000" systemtimems="0.000" timestamp="2019-06-15T04:55:49.559" activeThreads="4">
  <mem-info id="3057" free="2055867632" total="2092630016" percent="98">
    <mem type="nursery" free="6023936" total="11403264" percent="52">
      <mem type="allocate" free="6023936" total="6881280" percent="87" />
      <mem type="survivor" free="0" total="4521984" percent="0" />
    </mem>
    <mem type="tenure" free="2049843696" total="2081226752" percent="98">
      <mem type="soa" free="2049843696" total="2081226752" percent="98" />
      <mem type="loa" free="0" total="0" percent="0" />
    </mem>
    <pending-finalizers system="0" default="0" reference="142" classloader="0" />
    <remembered-set count="452" />
  </mem-info>
</gc-end>
<cycle-end id="3058" type="scavenge" contextid="3052" timestamp="2019-06-15T04:55:49.559" />
  <attribute name="elasticGC enabled" value="1" />
  <attribute name= "numThreadsSpecified" value="4" />
  <attribute name="heapSize specified" value="16121856" />
  <attribute name="Current GC Util" value="47" />
  <attribute name= "Current Time Running" value="4991" />
  <attribute name ="GC Interval" value="304" />
  <attribute name="ProportionalT" value="13.500000" />
  <attribute name="ProportionalI" value="13.500000" />
  <attribute name="ProportionalH" value="13.500000" />
  <attribute name="Current Error" value="27.000000" />
  <attribute name="IntegralT" value="297.000000" />
  <attribute name="IntegralI" value="297.000000" />
  <attribute name="IntegralH" value="297.000000" />
  <attribute name="DerivativeT" value="-8.454545" />
  <attribute name="DerivativeI" value="-8.454545" />
  <attribute name="DerivativeH" value="-8.454545" />
  <attribute name="Loop Time for DT" value="11.000000" />
  <attribute name="Output H" value="8388608"/>
  <attribute name="Output I" value="304"/>
  <attribute name="Output T" value="4"/>
  <attribute name="Target GC Util Change" value ="20.000000" />
  <attribute name="Current GC Util Change" value="47.000000"/>
  <attribute name="GC Util currently" value="47" />
  <attribute name="CPU Util currently" value="414516578777" />
<allocation-satisfied id="3059" threadId="00000000016D3C00" bytesRequested="152" />
<af-end id="3060" timestamp="2019-06-15T04:55:49.559" threadId="00000000016D4588" success="true" from="nursery"/>
<exclusive-end id="3061" timestamp="2019-06-15T04:55:49.559" durationms="2.453" />

<exclusive-start id="3062" timestamp="2019-06-15T04:55:49.579" intervalms="22.265">
  <response-info timems="0.062" idlems="0.026" threads="2" lastid="00000000016D3C00" lastname="PmdThread 1" />
</exclusive-start>
<af-start id="3063" threadId="00000000016DBD88" totalBytesRequested="15328" timestamp="2019-06-15T04:55:49.579" intervalms="22.273" type="nursery" />
<cycle-start id="3064" type="scavenge" contextid="0" timestamp="2019-06-15T04:55:49.579" intervalms="22.248" />
<gc-start id="3065" type="scavenge" contextid="3064" timestamp="2019-06-15T04:55:49.579">
  <mem-info id="3066" free="2049840912" total="2092630016" percent="97">
    <mem type="nursery" free="0" total="11403264" percent="0">
      <mem type="allocate" free="0" total="6881280" percent="0" />
      <mem type="survivor" free="0" total="4521984" percent="0" />
    </mem>
    <mem type="tenure" free="2049840912" total="2081226752" percent="98">
      <mem type="soa" free="2049840912" total="2081226752" percent="98" />
      <mem type="loa" free="0" total="0" percent="0" />
    </mem>
    <remembered-set count="524" />
  </mem-info>
</gc-start>
<allocation-stats totalBytes="6012320" >
  <allocated-bytes non-tlh="2936" tlh="6009384" />
  <largest-consumer threadName="PmdThread 4" threadId="00000000016DF000" bytes="3019144" />
</allocation-stats>
<gc-op id="3067" type="scavenge" timems="3.734" contextid="3064" timestamp="2019-06-15T04:55:49.583">
  <scavenger-info tenureage="3" tenuremask="7ff8" tiltratio="60" />
  <memory-copied type="nursery" objects="12259" bytes="638048" bytesdiscarded="54792" />
  <memory-copied type="tenure" objects="7245" bytes="337752" bytesdiscarded="824" />
  <references type="weak" candidates="150" cleared="150" enqueued="150" />
  <references type="phantom" candidates="5" cleared="5" enqueued="5" />
</gc-op>
<gc-end id="3068" type="scavenge" contextid="3064" durationms="3.925" usertimems="8.000" systemtimems="0.000" timestamp="2019-06-15T04:55:49.583" activeThreads="4">
  <mem-info id="3069" free="2056488344" total="2092630016" percent="98">
    <mem type="nursery" free="6907032" total="11403264" percent="60">
      <mem type="allocate" free="6907032" total="7602176" percent="90" />
      <mem type="survivor" free="0" total="3801088" percent="0" />
    </mem>
    <mem type="tenure" free="2049581312" total="2081226752" percent="98">
      <mem type="soa" free="2049581312" total="2081226752" percent="98" />
      <mem type="loa" free="0" total="0" percent="0" />
    </mem>
    <pending-finalizers system="0" default="0" reference="155" classloader="0" />
    <remembered-set count="1083" />
  </mem-info>
</gc-end>
<cycle-end id="3070" type="scavenge" contextid="3064" timestamp="2019-06-15T04:55:49.583" />
  <attribute name="elasticGC enabled" value="1" />
  <attribute name= "numThreadsSpecified" value="4" />
  <attribute name="heapSize specified" value="16121856" />
  <attribute name="Current GC Util" value="16" />
  <attribute name= "Current Time Running" value="5013" />
  <attribute name ="GC Interval" value="200" />
  <attribute name="ProportionalT" value="-2.000000" />
  <attribute name="ProportionalI" value="-2.000000" />
  <attribute name="ProportionalH" value="-2.000000" />
  <attribute name="Current Error" value="-4.000000" />
  <attribute name="IntegralT" value="-88.000000" />
  <attribute name="IntegralI" value="-88.000000" />
  <attribute name="IntegralH" value="-88.000000" />
  <attribute name="DerivativeT" value="-2.113636" />
  <attribute name="DerivativeI" value="-2.113636" />
  <attribute name="DerivativeH" value="-2.113636" />
  <attribute name="Loop Time for DT" value="22.000000" />
  <attribute name="Output H" value="2092630016"/>
  <attribute name="Output I" value="200"/>
  <attribute name="Output T" value="4"/>
  <attribute name="Target GC Util Change" value ="20.000000" />
  <attribute name="Current GC Util Change" value="16.000000"/>
  <attribute name="GC Util currently" value="16" />
  <attribute name="CPU Util currently" value="207444888924" />
<allocation-satisfied id="3071" threadId="00000000016DB400" bytesRequested="15328" />
<af-end id="3072" timestamp="2019-06-15T04:55:49.583" threadId="00000000016DBD88" success="true" from="nursery"/>
<exclusive-end id="3073" timestamp="2019-06-15T04:55:49.584" durationms="4.683" />

<exclusive-start id="3074" timestamp="2019-06-15T04:55:49.592" intervalms="12.734">
  <response-info timems="0.067" idlems="0.067" threads="0" lastid="00000000016DB400" lastname="PmdThread 3" />
</exclusive-start>
<af-start id="3075" threadId="00000000016DBD88" totalBytesRequested="72" timestamp="2019-06-15T04:55:49.592" intervalms="12.706" type="nursery" />
<cycle-start id="3076" type="scavenge" contextid="0" timestamp="2019-06-15T04:55:49.592" intervalms="12.701" />
<gc-start id="3077" type="scavenge" contextid="3076" timestamp="2019-06-15T04:55:49.592">
  <mem-info id="3078" free="2049580768" total="2092630016" percent="97">
    <mem type="nursery" free="0" total="11403264" percent="0">
      <mem type="allocate" free="0" total="7602176" percent="0" />
      <mem type="survivor" free="0" total="3801088" percent="0" />
    </mem>
    <mem type="tenure" free="2049580768" total="2081226752" percent="98">
      <mem type="soa" free="2049580768" total="2081226752" percent="98" />
      <mem type="loa" free="0" total="0" percent="0" />
    </mem>
    <remembered-set count="1119" />
  </mem-info>
</gc-start>
<allocation-stats totalBytes="6902960" >
  <allocated-bytes non-tlh="15872" tlh="6887088" />
  <largest-consumer threadName="PmdThread 3" threadId="00000000016DB400" bytes="3656272" />
</allocation-stats>
<gc-op id="3079" type="scavenge" timems="3.094" contextid="3076" timestamp="2019-06-15T04:55:49.595">
  <scavenger-info tenureage="4" tenuremask="7ff0" tiltratio="66" />
  <memory-copied type="nursery" objects="15791" bytes="897352" bytesdiscarded="147968" />
  <references type="weak" candidates="39" cleared="39" enqueued="39" />
  <references type="phantom" candidates="4" cleared="3" enqueued="3" />
</gc-op>
<gc-end id="3080" type="scavenge" contextid="3076" durationms="3.288" usertimems="8.000" systemtimems="0.000" timestamp="2019-06-15T04:55:49.595" activeThreads="4">
  <mem-info id="3081" free="2056658568" total="2092630016" percent="98">
    <mem type="nursery" free="7077800" total="11403264" percent="62">
      <mem type="allocate" free="7077800" total="8126464" percent="87" />
      <mem type="survivor" free="0" total="3276800" percent="0" />
    </mem>
    <mem type="tenure" free="2049580768" total="2081226752" percent="98">
      <mem type="soa" free="2049580768" total="2081226752" percent="98" />
      <mem type="loa" free="0" total="0" percent="0" />
    </mem>
    <pending-finalizers system="0" default="0" reference="42" classloader="0" />
    <remembered-set count="1104" />
  </mem-info>
</gc-end>
<cycle-end id="3082" type="scavenge" contextid="3076" timestamp="2019-06-15T04:55:49.595" />
  <attribute name="elasticGC enabled" value="1" />
  <attribute name= "numThreadsSpecified" value="4" />
  <attribute name="heapSize specified" value="16121856" />
  <attribute name="Current GC Util" value="42" />
  <attribute name= "Current Time Running" value="5026" />
  <attribute name ="GC Interval" value="304" />
  <attribute name="ProportionalT" value="11.000000" />
  <attribute name="ProportionalI" value="11.000000" />
  <attribute name="ProportionalH" value="11.000000" />
  <attribute name="Current Error" value="22.000000" />
  <attribute name="IntegralT" value="286.000000" />
  <attribute name="IntegralI" value="286.000000" />
  <attribute name="IntegralH" value="286.000000" />
  <attribute name="DerivativeT" value="2.538462" />
  <attribute name="DerivativeI" value="2.538462" />
  <attribute name="DerivativeH" value="2.538462" />
  <attribute name="Loop Time for DT" value="13.000000" />
  <attribute name="Output H" value="8388608"/>
  <attribute name="Output I" value="304"/>
  <attribute name="Output T" value="4"/>
  <attribute name="Target GC Util Change" value ="20.000000" />
  <attribute name="Current GC Util Change" value="42.000000"/>
  <attribute name="GC Util currently" value="42" />
  <attribute name="CPU Util currently" value="362503627285" />
<allocation-satisfied id="3083" threadId="00000000016DB400" bytesRequested="72" />
<af-end id="3084" timestamp="2019-06-15T04:55:49.595" threadId="00000000016DBD88" success="true" from="nursery"/>
<exclusive-end id="3085" timestamp="2019-06-15T04:55:49.596" durationms="3.954" />

<exclusive-start id="3086" timestamp="2019-06-15T04:55:49.612" intervalms="20.248">
  <response-info timems="0.039" idlems="0.039" threads="0" lastid="00000000016DB400" lastname="PmdThread 3" />
</exclusive-start>
<af-start id="3087" threadId="00000000016DBD88" totalBytesRequested="88" timestamp="2019-06-15T04:55:49.612" intervalms="20.333" type="nursery" />
<cycle-start id="3088" type="scavenge" contextid="0" timestamp="2019-06-15T04:55:49.612" intervalms="20.440" />
<gc-start id="3089" type="scavenge" contextid="3088" timestamp="2019-06-15T04:55:49.612">
  <mem-info id="3090" free="2049580192" total="2092630016" percent="97">
    <mem type="nursery" free="0" total="11403264" percent="0">
      <mem type="allocate" free="0" total="8126464" percent="0" />
      <mem type="survivor" free="0" total="3276800" percent="0" />
    </mem>
    <mem type="tenure" free="2049580192" total="2081226752" percent="98">
      <mem type="soa" free="2049580192" total="2081226752" percent="98" />
      <mem type="loa" free="0" total="0" percent="0" />
    </mem>
    <remembered-set count="1133" />
  </mem-info>
</gc-start>
<allocation-stats totalBytes="7072696" >
  <allocated-bytes non-tlh="648" tlh="7072048" />
  <largest-consumer threadName="PmdThread 1" threadId="00000000016D3C00" bytes="2539704" />
</allocation-stats>
<gc-op id="3091" type="scavenge" timems="1.816" contextid="3088" timestamp="2019-06-15T04:55:49.614">
  <scavenger-info tenureage="4" tenuremask="7ff0" tiltratio="71" />
  <memory-copied type="nursery" objects="8652" bytes="505712" bytesdiscarded="84248" />
  <references type="weak" candidates="288" cleared="288" enqueued="288" />
  <references type="phantom" candidates="4" cleared="4" enqueued="4" />
</gc-op>
<gc-end id="3092" type="scavenge" contextid="3088" durationms="2.094" usertimems="0.000" systemtimems="4.000" timestamp="2019-06-15T04:55:49.614" activeThreads="4">
  <mem-info id="3093" free="2057573712" total="2092630016" percent="98">
    <mem type="nursery" free="7993520" total="11403264" percent="70">
      <mem type="allocate" free="7993520" total="8585216" percent="93" />
      <mem type="survivor" free="0" total="2818048" percent="0" />
    </mem>
    <mem type="tenure" free="2049580192" total="2081226752" percent="98">
      <mem type="soa" free="2049580192" total="2081226752" percent="98" />
      <mem type="loa" free="0" total="0" percent="0" />
    </mem>
    <pending-finalizers system="0" default="0" reference="292" classloader="0" />
    <remembered-set count="1101" />
  </mem-info>
</gc-end>
<cycle-end id="3094" type="scavenge" contextid="3088" timestamp="2019-06-15T04:55:49.614" />
  <attribute name="elasticGC enabled" value="1" />
  <attribute name= "numThreadsSpecified" value="4" />
  <attribute name="heapSize specified" value="16121856" />
  <attribute name="Current GC Util" value="25" />
  <attribute name= "Current Time Running" value="5046" />
  <attribute name ="GC Interval" value="200" />
  <attribute name="ProportionalT" value="2.500000" />
  <attribute name="ProportionalI" value="2.500000" />
  <attribute name="ProportionalH" value="2.500000" />
  <attribute name="Current Error" value="5.000000" />
  <attribute name="IntegralT" value="100.000000" />
  <attribute name="IntegralI" value="100.000000" />
  <attribute name="IntegralH" value="100.000000" />
  <attribute name="DerivativeT" value="-1.275000" />
  <attribute name="DerivativeI" value="-1.275000" />
  <attribute name="DerivativeH" value="-1.275000" />
  <attribute name="Loop Time for DT" value="20.000000" />
  <attribute name="Output H" value="8388608"/>
  <attribute name="Output I" value="200"/>
  <attribute name="Output T" value="4"/>
  <attribute name="Target GC Util Change" value ="20.000000" />
  <attribute name="Current GC Util Change" value="25.000000"/>
  <attribute name="GC Util currently" value="25" />
  <attribute name="CPU Util currently" value="224322176141" />
<allocation-satisfied id="3095" threadId="00000000016DB400" bytesRequested="88" />
<af-end id="3096" timestamp="2019-06-15T04:55:49.615" threadId="00000000016DBD88" success="true" from="nursery"/>
<exclusive-end id="3097" timestamp="2019-06-15T04:55:49.615" durationms="2.886" />

<exclusive-start id="3098" timestamp="2019-06-15T04:55:49.635" intervalms="22.891">
  <response-info timems="0.066" idlems="0.066" threads="0" lastid="00000000016D7800" lastname="PmdThread 2" />
</exclusive-start>
<af-start id="3099" threadId="00000000016D8188" totalBytesRequested="72" timestamp="2019-06-15T04:55:49.635" intervalms="22.882" type="nursery" />
<cycle-start id="3100" type="scavenge" contextid="0" timestamp="2019-06-15T04:55:49.635" intervalms="22.849" />
<gc-start id="3101" type="scavenge" contextid="3100" timestamp="2019-06-15T04:55:49.635">
  <mem-info id="3102" free="2049579904" total="2092630016" percent="97">
    <mem type="nursery" free="0" total="11403264" percent="0">
      <mem type="allocate" free="0" total="8585216" percent="0" />
      <mem type="survivor" free="0" total="2818048" percent="0" />
    </mem>
    <mem type="tenure" free="2049579904" total="2081226752" percent="98">
      <mem type="soa" free="2049579904" total="2081226752" percent="98" />
      <mem type="loa" free="0" total="0" percent="0" />
    </mem>
    <remembered-set count="1143" />
  </mem-info>
</gc-start>
<allocation-stats totalBytes="7985952" >
  <allocated-bytes non-tlh="376" tlh="7985576" />
  <largest-consumer threadName="PmdThread 1" threadId="00000000016D3C00" bytes="4326944" />
</allocation-stats>
<gc-op id="3103" type="scavenge" timems="1.764" contextid="3100" timestamp="2019-06-15T04:55:49.637">
  <scavenger-info tenureage="4" tenuremask="7ff0" tiltratio="75" />
  <memory-copied type="nursery" objects="11107" bytes="772888" bytesdiscarded="130904" />
  <memory-copied type="tenure" objects="2236" bytes="67304" bytesdiscarded="0" />
  <references type="weak" candidates="443" cleared="443" enqueued="443" />
  <references type="phantom" candidates="6" cleared="6" enqueued="6" />
</gc-op>
<gc-end id="3104" type="scavenge" contextid="3100" durationms="2.159" usertimems="4.000" systemtimems="0.000" timestamp="2019-06-15T04:55:49.637" activeThreads="4">
  <mem-info id="3105" free="2057509352" total="2092630016" percent="98">
    <mem type="nursery" free="8007784" total="11403264" percent="70">
      <mem type="allocate" free="8007784" total="8912896" percent="89" />
      <mem type="survivor" free="0" total="2490368" percent="0" />
    </mem>
    <mem type="tenure" free="2049501568" total="2081226752" percent="98">
      <mem type="soa" free="2049501568" total="2081226752" percent="98" />
      <mem type="loa" free="0" total="0" percent="0" />
    </mem>
    <pending-finalizers system="0" default="0" reference="449" classloader="0" />
    <remembered-set count="211" />
  </mem-info>
</gc-end>
<cycle-end id="3106" type="scavenge" contextid="3100" timestamp="2019-06-15T04:55:49.638" />
  <attribute name="elasticGC enabled" value="1" />
  <attribute name= "numThreadsSpecified" value="4" />
  <attribute name="heapSize specified" value="16121856" />
  <attribute name="Current GC Util" value="16" />
  <attribute name= "Current Time Running" value="5069" />
  <attribute name ="GC Interval" value="200" />
  <attribute name="ProportionalT" value="-2.000000" />
  <attribute name="ProportionalI" value="-2.000000" />
  <attribute name="ProportionalH" value="-2.000000" />
  <attribute name="Current Error" value="-4.000000" />
  <attribute name="IntegralT" value="-92.000000" />
  <attribute name="IntegralI" value="-92.000000" />
  <attribute name="IntegralH" value="-92.000000" />
  <attribute name="DerivativeT" value="-0.586957" />
  <attribute name="DerivativeI" value="-0.586957" />
  <attribute name="DerivativeH" value="-0.586957" />
  <attribute name="Loop Time for DT" value="23.000000" />
  <attribute name="Output H" value="2092630016"/>
  <attribute name="Output I" value="200"/>
  <attribute name="Output T" value="4"/>
  <attribute name="Target GC Util Change" value ="20.000000" />
  <attribute name="Current GC Util Change" value="16.000000"/>
  <attribute name="GC Util currently" value="16" />
  <attribute name="CPU Util currently" value="201082279984" />
<allocation-satisfied id="3107" threadId="00000000016D7800" bytesRequested="72" />
<af-end id="3108" timestamp="2019-06-15T04:55:49.638" threadId="00000000016D8188" success="true" from="nursery"/>
<exclusive-end id="3109" timestamp="2019-06-15T04:55:49.638" durationms="3.189" />

<exclusive-start id="3110" timestamp="2019-06-15T04:55:49.650" intervalms="15.436">
  <response-info timems="0.061" idlems="0.061" threads="0" lastid="00000000016D3C00" lastname="PmdThread 1" />
</exclusive-start>
<af-start id="3111" threadId="00000000016D4588" totalBytesRequested="1008" timestamp="2019-06-15T04:55:49.650" intervalms="15.376" type="nursery" />
<cycle-start id="3112" type="scavenge" contextid="0" timestamp="2019-06-15T04:55:49.650" intervalms="15.308" />
<gc-start id="3113" type="scavenge" contextid="3112" timestamp="2019-06-15T04:55:49.650">
  <mem-info id="3114" free="2049499752" total="2092630016" percent="97">
    <mem type="nursery" free="0" total="11403264" percent="0">
      <mem type="allocate" free="0" total="8912896" percent="0" />
      <mem type="survivor" free="0" total="2490368" percent="0" />
    </mem>
    <mem type="tenure" free="2049499752" total="2081226752" percent="98">
      <mem type="soa" free="2049499752" total="2081226752" percent="98" />
      <mem type="loa" free="0" total="0" percent="0" />
    </mem>
    <remembered-set count="270" />
  </mem-info>
</gc-start>
<allocation-stats totalBytes="8002592" >
  <allocated-bytes non-tlh="1888" tlh="8000704" />
  <largest-consumer threadName="PmdThread 1" threadId="00000000016D3C00" bytes="2808408" />
</allocation-stats>
<gc-op id="3115" type="scavenge" timems="1.838" contextid="3112" timestamp="2019-06-15T04:55:49.652">
  <scavenger-info tenureage="6" tenuremask="7fc0" tiltratio="78" />
  <memory-copied type="nursery" objects="20300" bytes="1122680" bytesdiscarded="167376" />
  <references type="weak" candidates="290" cleared="289" enqueued="289" />
  <references type="phantom" candidates="8" cleared="7" enqueued="7" />
</gc-op>
<gc-end id="3116" type="scavenge" contextid="3112" durationms="2.029" usertimems="0.000" systemtimems="4.000" timestamp="2019-06-15T04:55:49.652" activeThreads="4">
  <mem-info id="3117" free="2057316728" total="2092630016" percent="98">
    <mem type="nursery" free="7816976" total="11403264" percent="68">
      <mem type="allocate" free="7816976" total="9109504" percent="85" />
      <mem type="survivor" free="0" total="2293760" percent="0" />
    </mem>
    <mem type="tenure" free="2049499752" total="2081226752" percent="98">
      <mem type="soa" free="2049499752" total="2081226752" percent="98" />
      <mem type="loa" free="0" total="0" percent="0" />
    </mem>
    <pending-finalizers system="0" default="0" reference="296" classloader="0" />
    <remembered-set count="241" />
  </mem-info>
</gc-end>
<cycle-end id="3118" type="scavenge" contextid="3112" timestamp="2019-06-15T04:55:49.653" />
  <attribute name="elasticGC enabled" value="1" />
  <attribute name= "numThreadsSpecified" value="4" />
  <attribute name="heapSize specified" value="16121856" />
  <attribute name="Current GC Util" value="27" />
  <attribute name= "Current Time Running" value="5084" />
  <attribute name ="GC Interval" value="200" />
  <attribute name="ProportionalT" value="3.500000" />
  <attribute name="ProportionalI" value="3.500000" />
  <attribute name="ProportionalH" value="3.500000" />
  <attribute name="Current Error" value="7.000000" />
  <attribute name="IntegralT" value="105.000000" />
  <attribute name="IntegralI" value="105.000000" />
  <attribute name="IntegralH" value="105.000000" />
  <attribute name="DerivativeT" value="0.700000" />
  <attribute name="DerivativeI" value="0.700000" />
  <attribute name="DerivativeH" value="0.700000" />
  <attribute name="Loop Time for DT" value="15.000000" />
  <attribute name="Output H" value="8388608"/>
  <attribute name="Output I" value="200"/>
  <attribute name="Output T" value="4"/>
  <attribute name="Target GC Util Change" value ="20.000000" />
  <attribute name="Current GC Util Change" value="27.000000"/>
  <attribute name="GC Util currently" value="27" />
  <attribute name="CPU Util currently" value="305074407528" />
<allocation-satisfied id="3119" threadId="00000000016D3C00" bytesRequested="1008" />
<af-end id="3120" timestamp="2019-06-15T04:55:49.653" threadId="00000000016D4588" success="true" from="nursery"/>
<exclusive-end id="3121" timestamp="2019-06-15T04:55:49.653" durationms="2.745" />

<exclusive-start id="3122" timestamp="2019-06-15T04:55:49.665" intervalms="14.681">
  <response-info timems="0.052" idlems="0.032" threads="1" lastid="00000000016D3C00" lastname="PmdThread 1" />
</exclusive-start>
<af-start id="3123" threadId="00000000016DBD88" totalBytesRequested="840" timestamp="2019-06-15T04:55:49.665" intervalms="14.652" type="nursery" />
<cycle-start id="3124" type="scavenge" contextid="0" timestamp="2019-06-15T04:55:49.665" intervalms="14.636" />
<gc-start id="3125" type="scavenge" contextid="3124" timestamp="2019-06-15T04:55:49.665">
  <mem-info id="3126" free="2049497864" total="2092630016" percent="97">
    <mem type="nursery" free="0" total="11403264" percent="0">
      <mem type="allocate" free="0" total="9109504" percent="0" />
      <mem type="survivor" free="0" total="2293760" percent="0" />
    </mem>
    <mem type="tenure" free="2049497864" total="2081226752" percent="98">
      <mem type="soa" free="2049497864" total="2081226752" percent="98" />
      <mem type="loa" free="0" total="0" percent="0" />
    </mem>
    <remembered-set count="287" />
  </mem-info>
</gc-start>
<allocation-stats totalBytes="7810056" >
  <allocated-bytes non-tlh="2896" tlh="7807160" />
  <largest-consumer threadName="PmdThread 2" threadId="00000000016D7800" bytes="2257120" />
</allocation-stats>
<gc-op id="3127" type="scavenge" timems="0.943" contextid="3124" timestamp="2019-06-15T04:55:49.666">
  <scavenger-info tenureage="6" tenuremask="7fc0" tiltratio="79" />
  <memory-copied type="nursery" objects="26246" bytes="1399528" bytesdiscarded="115576" />
  <references type="weak" candidates="296" cleared="296" enqueued="296" />
  <references type="phantom" candidates="7" cleared="7" enqueued="7" />
</gc-op>
<gc-end id="3128" type="scavenge" contextid="3124" durationms="1.271" usertimems="4.000" systemtimems="0.000" timestamp="2019-06-15T04:55:49.666" activeThreads="4">
  <mem-info id="3129" free="2057417608" total="2092630016" percent="98">
    <mem type="nursery" free="7919744" total="11403264" percent="69">
      <mem type="allocate" free="7919744" total="9437184" percent="83" />
      <mem type="survivor" free="0" total="1966080" percent="0" />
    </mem>
    <mem type="tenure" free="2049497864" total="2081226752" percent="98">
      <mem type="soa" free="2049497864" total="2081226752" percent="98" />
      <mem type="loa" free="0" total="0" percent="0" />
    </mem>
    <pending-finalizers system="0" default="0" reference="303" classloader="0" />
    <remembered-set count="254" />
  </mem-info>
</gc-end>
<cycle-end id="3130" type="scavenge" contextid="3124" timestamp="2019-06-15T04:55:49.666" />
  <attribute name="elasticGC enabled" value="1" />
  <attribute name= "numThreadsSpecified" value="4" />
  <attribute name="heapSize specified" value="16121856" />
  <attribute name="Current GC Util" value="28" />
  <attribute name= "Current Time Running" value="5099" />
  <attribute name ="GC Interval" value="200" />
  <attribute name="ProportionalT" value="4.000000" />
  <attribute name="ProportionalI" value="4.000000" />
  <attribute name="ProportionalH" value="4.000000" />
  <attribute name="Current Error" value="8.000000" />
  <attribute name="IntegralT" value="120.000000" />
  <attribute name="IntegralI" value="120.000000" />
  <attribute name="IntegralH" value="120.000000" />
  <attribute name="DerivativeT" value="0.100000" />
  <attribute name="DerivativeI" value="0.100000" />
  <attribute name="DerivativeH" value="0.100000" />
  <attribute name="Loop Time for DT" value="15.000000" />
  <attribute name="Output H" value="8388608"/>
  <attribute name="Output I" value="200"/>
  <attribute name="Output T" value="4"/>
  <attribute name="Target GC Util Change" value ="20.000000" />
  <attribute name="Current GC Util Change" value="28.000000"/>
  <attribute name="GC Util currently" value="28" />
  <attribute name="CPU Util currently" value="315893004304" />
<allocation-satisfied id="3131" threadId="00000000016DB400" bytesRequested="840" />
<af-end id="3132" timestamp="2019-06-15T04:55:49.667" threadId="00000000016DBD88" success="true" from="nursery"/>
<exclusive-end id="3133" timestamp="2019-06-15T04:55:49.667" durationms="1.665" />

<exclusive-start id="3134" timestamp="2019-06-15T04:55:49.676" intervalms="10.661">
  <response-info timems="0.064" idlems="0.064" threads="0" lastid="00000000016D3C00" lastname="PmdThread 1" />
</exclusive-start>
<af-start id="3135" threadId="00000000016D4588" totalBytesRequested="1096" timestamp="2019-06-15T04:55:49.676" intervalms="10.663" type="nursery" />
<cycle-start id="3136" type="scavenge" contextid="0" timestamp="2019-06-15T04:55:49.676" intervalms="10.675" />
<gc-start id="3137" type="scavenge" contextid="3136" timestamp="2019-06-15T04:55:49.676">
  <mem-info id="3138" free="2049497656" total="2092630016" percent="97">
    <mem type="nursery" free="0" total="11403264" percent="0">
      <mem type="allocate" free="0" total="9437184" percent="0" />
      <mem type="survivor" free="0" total="1966080" percent="0" />
    </mem>
    <mem type="tenure" free="2049497656" total="2081226752" percent="98">
      <mem type="soa" free="2049497656" total="2081226752" percent="98" />
      <mem type="loa" free="0" total="0" percent="0" />
    </mem>
    <remembered-set count="304" />
  </mem-info>
</gc-start>
<allocation-stats totalBytes="7912528" >
  <allocated-bytes non-tlh="1048" tlh="7911480" />
  <largest-consumer threadName="PmdThread 2" threadId="00000000016D7800" bytes="2353440" />
</allocation-stats>
<gc-op id="3139" type="scavenge" timems="1.905" contextid="3136" timestamp="2019-06-15T04:55:49.678">
  <scavenger-info tenureage="6" tenuremask="7fc0" tiltratio="82" />
  <memory-copied type="nursery" objects="24258" bytes="1190448" bytesdiscarded="141272" />
  <memory-copied type="tenure" objects="198" bytes="10032" bytesdiscarded="32" />
  <references type="weak" candidates="184" cleared="184" enqueued="184" />
  <references type="phantom" candidates="5" cleared="5" enqueued="5" />
</gc-op>
<gc-end id="3140" type="scavenge" contextid="3136" durationms="2.095" usertimems="4.000" systemtimems="0.000" timestamp="2019-06-15T04:55:49.678" activeThreads="4">
  <mem-info id="3141" free="2057686032" total="2092630016" percent="98">
    <mem type="nursery" free="8227544" total="11403264" percent="72">
      <mem type="allocate" free="8227544" total="9568256" percent="85" />
      <mem type="survivor" free="0" total="1835008" percent="0" />
    </mem>
    <mem type="tenure" free="2049458488" total="2081226752" percent="98">
      <mem type="soa" free="2049458488" total="2081226752" percent="98" />
      <mem type="loa" free="0" total="0" percent="0" />
    </mem>
    <pending-finalizers system="0" default="0" reference="189" classloader="0" />
    <remembered-set count="260" />
  </mem-info>
</gc-end>
<cycle-end id="3142" type="scavenge" contextid="3136" timestamp="2019-06-15T04:55:49.678" />
  <attribute name="elasticGC enabled" value="1" />
  <attribute name= "numThreadsSpecified" value="4" />
  <attribute name="heapSize specified" value="16121856" />
  <attribute name="Current GC Util" value="27" />
  <attribute name= "Current Time Running" value="5110" />
  <attribute name ="GC Interval" value="200" />
  <attribute name="ProportionalT" value="3.500000" />
  <attribute name="ProportionalI" value="3.500000" />
  <attribute name="ProportionalH" value="3.500000" />
  <attribute name="Current Error" value="7.000000" />
  <attribute name="IntegralT" value="77.000000" />
  <attribute name="IntegralI" value="77.000000" />
  <attribute name="IntegralH" value="77.000000" />
  <attribute name="DerivativeT" value="-0.136364" />
  <attribute name="DerivativeI" value="-0.136364" />
  <attribute name="DerivativeH" value="-0.136364" />
  <attribute name="Loop Time for DT" value="11.000000" />
  <attribute name="Output H" value="8388608"/>
  <attribute name="Output I" value="200"/>
  <attribute name="Output T" value="4"/>
  <attribute name="Target GC Util Change" value ="20.000000" />
  <attribute name="Current GC Util Change" value="27.000000"/>
  <attribute name="GC Util currently" value="27" />
  <attribute name="CPU Util currently" value="430813840338" />
<allocation-satisfied id="3143" threadId="00000000016D3C00" bytesRequested="1096" />
<af-end id="3144" timestamp="2019-06-15T04:55:49.678" threadId="00000000016D4588" success="true" from="nursery"/>
<exclusive-end id="3145" timestamp="2019-06-15T04:55:49.678" durationms="2.544" />

<exclusive-start id="3146" timestamp="2019-06-15T04:55:49.693" intervalms="17.406">
  <response-info timems="0.031" idlems="0.031" threads="0" lastid="00000000016D3C00" lastname="PmdThread 1" />
</exclusive-start>
<af-start id="3147" threadId="00000000016D4588" totalBytesRequested="112" timestamp="2019-06-15T04:55:49.693" intervalms="17.473" type="nursery" />
<cycle-start id="3148" type="scavenge" contextid="0" timestamp="2019-06-15T04:55:49.693" intervalms="17.537" />
<gc-start id="3149" type="scavenge" contextid="3148" timestamp="2019-06-15T04:55:49.693">
  <mem-info id="3150" free="2049457672" total="2092630016" percent="97">
    <mem type="nursery" free="0" total="11403264" percent="0">
      <mem type="allocate" free="0" total="9568256" percent="0" />
      <mem type="survivor" free="0" total="1835008" percent="0" />
    </mem>
    <mem type="tenure" free="2049457672" total="2081226752" percent="98">
      <mem type="soa" free="2049457672" total="2081226752" percent="98" />
      <mem type="loa" free="0" total="0" percent="0" />
    </mem>
    <remembered-set count="304" />
  </mem-info>
</gc-start>
<allocation-stats totalBytes="8209952" >
  <allocated-bytes non-tlh="1912" tlh="8208040" />
  <largest-consumer threadName="PmdThread 2" threadId="00000000016D7800" bytes="3246744" />
</allocation-stats>
<gc-op id="3151" type="scavenge" timems="2.593" contextid="3148" timestamp="2019-06-15T04:55:49.696">
  <scavenger-info tenureage="6" tenuremask="7fc0" tiltratio="83" />
  <memory-copied type="nursery" objects="23181" bytes="1192592" bytesdiscarded="110272" />
  <memory-copied type="tenure" objects="154" bytes="20264" bytesdiscarded="0" />
  <references type="weak" candidates="362" cleared="362" enqueued="362" />
  <references type="phantom" candidates="5" cleared="5" enqueued="5" />
</gc-op>
<gc-end id="3152" type="scavenge" contextid="3148" durationms="2.774" usertimems="0.000" systemtimems="4.000" timestamp="2019-06-15T04:55:49.696" activeThreads="4">
  <mem-info id="3153" free="2057784944" total="2092630016" percent="98">
    <mem type="nursery" free="8327272" total="11403264" percent="73">
      <mem type="allocate" free="8327272" total="9633792" percent="86" />
      <mem type="survivor" free="0" total="1769472" percent="0" />
    </mem>
    <mem type="tenure" free="2049457672" total="2081226752" percent="98">
      <mem type="soa" free="2049457672" total="2081226752" percent="98" />
      <mem type="loa" free="0" total="0" percent="0" />
    </mem>
    <pending-finalizers system="0" default="0" reference="367" classloader="0" />
    <remembered-set count="260" />
  </mem-info>
</gc-end>
<cycle-end id="3154" type="scavenge" contextid="3148" timestamp="2019-06-15T04:55:49.696" />
  <attribute name="elasticGC enabled" value="1" />
  <attribute name= "numThreadsSpecified" value="4" />
  <attribute name="heapSize specified" value="16121856" />
  <attribute name="Current GC Util" value="26" />
  <attribute name= "Current Time Running" value="5127" />
  <attribute name ="GC Interval" value="200" />
  <attribute name="ProportionalT" value="3.000000" />
  <attribute name="ProportionalI" value="3.000000" />
  <attribute name="ProportionalH" value="3.000000" />
  <attribute name="Current Error" value="6.000000" />
  <attribute name="IntegralT" value="102.000000" />
  <attribute name="IntegralI" value="102.000000" />
  <attribute name="IntegralH" value="102.000000" />
  <attribute name="DerivativeT" value="-0.088235" />
  <attribute name="DerivativeI" value="-0.088235" />
  <attribute name="DerivativeH" value="-0.088235" />
  <attribute name="Loop Time for DT" value="17.000000" />
  <attribute name="Output H" value="8388608"/>
  <attribute name="Output I" value="200"/>
  <attribute name="Output T" value="4"/>
  <attribute name="Target GC Util Change" value ="20.000000" />
  <attribute name="Current GC Util Change" value="26.000000"/>
  <attribute name="GC Util currently" value="26" />
  <attribute name="CPU Util currently" value="262891133917" />
<allocation-satisfied id="3155" threadId="00000000016D3C00" bytesRequested="112" />
<af-end id="3156" timestamp="2019-06-15T04:55:49.696" threadId="00000000016D4588" success="true" from="nursery"/>
<exclusive-end id="3157" timestamp="2019-06-15T04:55:49.697" durationms="3.601" />

<exclusive-start id="3158" timestamp="2019-06-15T04:55:49.709" intervalms="16.495">
  <response-info timems="0.041" idlems="0.022" threads="1" lastid="00000000016D3C00" lastname="PmdThread 1" />
</exclusive-start>
<af-start id="3159" threadId="00000000016DF988" totalBytesRequested="24" timestamp="2019-06-15T04:55:49.710" intervalms="16.443" type="nursery" />
<cycle-start id="3160" type="scavenge" contextid="0" timestamp="2019-06-15T04:55:49.710" intervalms="16.383" />
<gc-start id="3161" type="scavenge" contextid="3160" timestamp="2019-06-15T04:55:49.710">
  <mem-info id="3162" free="2049457008" total="2092630016" percent="97">
    <mem type="nursery" free="0" total="11403264" percent="0">
      <mem type="allocate" free="0" total="9633792" percent="0" />
      <mem type="survivor" free="0" total="1769472" percent="0" />
    </mem>
    <mem type="tenure" free="2049457008" total="2081226752" percent="98">
      <mem type="soa" free="2049457008" total="2081226752" percent="98" />
      <mem type="loa" free="0" total="0" percent="0" />
    </mem>
    <remembered-set count="317" />
  </mem-info>
</gc-start>
<allocation-stats totalBytes="8322256" >
  <allocated-bytes non-tlh="776" tlh="8321480" />
  <largest-consumer threadName="PmdThread 3" threadId="00000000016DB400" bytes="2522096" />
</allocation-stats>
<gc-op id="3163" type="scavenge" timems="2.796" contextid="3160" timestamp="2019-06-15T04:55:49.713">
  <scavenger-info tenureage="6" tenuremask="7fc0" tiltratio="84" />
  <memory-copied type="nursery" objects="18745" bytes="1037776" bytesdiscarded="87448" />
  <memory-copied type="tenure" objects="69" bytes="2176" bytesdiscarded="0" />
  <references type="weak" candidates="279" cleared="279" enqueued="279" />
  <references type="phantom" candidates="11" cleared="11" enqueued="11" />
</gc-op>
<gc-end id="3164" type="scavenge" contextid="3160" durationms="3.134" usertimems="0.000" systemtimems="4.000" timestamp="2019-06-15T04:55:49.713" activeThreads="4">
  <mem-info id="3165" free="2058091472" total="2092630016" percent="98">
    <mem type="nursery" free="8634464" total="11403264" percent="75">
      <mem type="allocate" free="8634464" total="9764864" percent="88" />
      <mem type="survivor" free="0" total="1638400" percent="0" />
    </mem>
    <mem type="tenure" free="2049457008" total="2081226752" percent="98">
      <mem type="soa" free="2049457008" total="2081226752" percent="98" />
      <mem type="loa" free="0" total="0" percent="0" />
    </mem>
    <pending-finalizers system="0" default="0" reference="290" classloader="0" />
    <remembered-set count="290" />
  </mem-info>
</gc-end>
<cycle-end id="3166" type="scavenge" contextid="3160" timestamp="2019-06-15T04:55:49.713" />
  <attribute name="elasticGC enabled" value="1" />
  <attribute name= "numThreadsSpecified" value="4" />
  <attribute name="heapSize specified" value="16121856" />
  <attribute name="Current GC Util" value="33" />
  <attribute name= "Current Time Running" value="5144" />
  <attribute name ="GC Interval" value="232" />
  <attribute name="ProportionalT" value="6.500000" />
  <attribute name="ProportionalI" value="6.500000" />
  <attribute name="ProportionalH" value="6.500000" />
  <attribute name="Current Error" value="13.000000" />
  <attribute name="IntegralT" value="221.000000" />
  <attribute name="IntegralI" value="221.000000" />
  <attribute name="IntegralH" value="221.000000" />
  <attribute name="DerivativeT" value="0.617647" />
  <attribute name="DerivativeI" value="0.617647" />
  <attribute name="DerivativeH" value="0.617647" />
  <attribute name="Loop Time for DT" value="17.000000" />
  <attribute name="Output H" value="8388608"/>
  <attribute name="Output I" value="232"/>
  <attribute name="Output T" value="4"/>
  <attribute name="Target GC Util Change" value ="20.000000" />
  <attribute name="Current GC Util Change" value="33.000000"/>
  <attribute name="GC Util currently" value="33" />
  <attribute name="CPU Util currently" value="278817864636" />
<allocation-satisfied id="3167" threadId="00000000016DF000" bytesRequested="24" />
<af-end id="3168" timestamp="2019-06-15T04:55:49.713" threadId="00000000016DF988" success="true" from="nursery"/>
<exclusive-end id="3169" timestamp="2019-06-15T04:55:49.713" durationms="3.871" />

<exclusive-start id="3170" timestamp="2019-06-15T04:55:49.725" intervalms="15.999">
  <response-info timems="0.060" idlems="0.032" threads="1" lastid="00000000016D3C00" lastname="PmdThread 1" />
</exclusive-start>
<af-start id="3171" threadId="00000000016DF988" totalBytesRequested="24" timestamp="2019-06-15T04:55:49.726" intervalms="15.975" type="nursery" />
<cycle-start id="3172" type="scavenge" contextid="0" timestamp="2019-06-15T04:55:49.726" intervalms="15.970" />
<gc-start id="3173" type="scavenge" contextid="3172" timestamp="2019-06-15T04:55:49.726">
  <mem-info id="3174" free="2049456824" total="2092630016" percent="97">
    <mem type="nursery" free="0" total="11403264" percent="0">
      <mem type="allocate" free="0" total="9764864" percent="0" />
      <mem type="survivor" free="0" total="1638400" percent="0" />
    </mem>
    <mem type="tenure" free="2049456824" total="2081226752" percent="98">
      <mem type="soa" free="2049456824" total="2081226752" percent="98" />
      <mem type="loa" free="0" total="0" percent="0" />
    </mem>
    <remembered-set count="347" />
  </mem-info>
</gc-start>
<allocation-stats totalBytes="8627072" >
  <allocated-bytes non-tlh="208" tlh="8626864" />
  <largest-consumer threadName="PmdThread 1" threadId="00000000016D3C00" bytes="2901688" />
</allocation-stats>
<gc-op id="3175" type="scavenge" timems="2.132" contextid="3172" timestamp="2019-06-15T04:55:49.728">
  <scavenger-info tenureage="6" tenuremask="7fc0" tiltratio="85" />
  <memory-copied type="nursery" objects="13576" bytes="809304" bytesdiscarded="114192" />
  <memory-copied type="tenure" objects="243" bytes="7800" bytesdiscarded="0" />
  <references type="weak" candidates="171" cleared="169" enqueued="168" />
  <references type="phantom" candidates="14" cleared="14" enqueued="14" />
</gc-op>
<gc-end id="3176" type="scavenge" contextid="3172" durationms="2.330" usertimems="0.000" systemtimems="4.000" timestamp="2019-06-15T04:55:49.728" activeThreads="4">
  <mem-info id="3177" free="2058360280" total="2092630016" percent="98">
    <mem type="nursery" free="8903456" total="11403264" percent="78">
      <mem type="allocate" free="8903456" total="9830400" percent="90" />
      <mem type="survivor" free="0" total="1572864" percent="0" />
    </mem>
    <mem type="tenure" free="2049456824" total="2081226752" percent="98">
      <mem type="soa" free="2049456824" total="2081226752" percent="98" />
      <mem type="loa" free="0" total="0" percent="0" />
    </mem>
    <pending-finalizers system="0" default="0" reference="182" classloader="0" />
    <remembered-set count="287" />
  </mem-info>
</gc-end>
<cycle-end id="3178" type="scavenge" contextid="3172" timestamp="2019-06-15T04:55:49.728" />
  <attribute name="elasticGC enabled" value="1" />
  <attribute name= "numThreadsSpecified" value="4" />
  <attribute name="heapSize specified" value="16121856" />
  <attribute name="Current GC Util" value="34" />
  <attribute name= "Current Time Running" value="5160" />
  <attribute name ="GC Interval" value="232" />
  <attribute name="ProportionalT" value="7.000000" />
  <attribute name="ProportionalI" value="7.000000" />
  <attribute name="ProportionalH" value="7.000000" />
  <attribute name="Current Error" value="14.000000" />
  <attribute name="IntegralT" value="224.000000" />
  <attribute name="IntegralI" value="224.000000" />
  <attribute name="IntegralH" value="224.000000" />
  <attribute name="DerivativeT" value="0.093750" />
  <attribute name="DerivativeI" value="0.093750" />
  <attribute name="DerivativeH" value="0.093750" />
  <attribute name="Loop Time for DT" value="16.000000" />
  <attribute name="Output H" value="8388608"/>
  <attribute name="Output I" value="232"/>
  <attribute name="Output T" value="4"/>
  <attribute name="Target GC Util Change" value ="20.000000" />
  <attribute name="Current GC Util Change" value="34.000000"/>
  <attribute name="GC Util currently" value="34" />
  <attribute name="CPU Util currently" value="291649876035" />
<allocation-satisfied id="3179" threadId="00000000016DF000" bytesRequested="24" />
<af-end id="3180" timestamp="2019-06-15T04:55:49.728" threadId="00000000016DF988" success="true" from="nursery"/>
<exclusive-end id="3181" timestamp="2019-06-15T04:55:49.728" durationms="2.927" />

<exclusive-start id="3182" timestamp="2019-06-15T04:55:49.749" intervalms="23.382">
  <response-info timems="0.036" idlems="0.036" threads="0" lastid="00000000016D3C00" lastname="PmdThread 1" />
</exclusive-start>
<af-start id="3183" threadId="00000000016D4588" totalBytesRequested="512" timestamp="2019-06-15T04:55:49.749" intervalms="23.402" type="nursery" />
<cycle-start id="3184" type="scavenge" contextid="0" timestamp="2019-06-15T04:55:49.749" intervalms="23.399" />
<gc-start id="3185" type="scavenge" contextid="3184" timestamp="2019-06-15T04:55:49.749">
  <mem-info id="3186" free="2049451608" total="2092630016" percent="97">
    <mem type="nursery" free="0" total="11403264" percent="0">
      <mem type="allocate" free="0" total="9830400" percent="0" />
      <mem type="survivor" free="0" total="1572864" percent="0" />
    </mem>
    <mem type="tenure" free="2049451608" total="2081226752" percent="98">
      <mem type="soa" free="2049451608" total="2081226752" percent="98" />
      <mem type="loa" free="0" total="0" percent="0" />
    </mem>
    <remembered-set count="423" />
  </mem-info>
</gc-start>
<allocation-stats totalBytes="8901200" >
  <allocated-bytes non-tlh="5240" tlh="8895960" />
  <largest-consumer threadName="PmdThread 1" threadId="00000000016D3C00" bytes="3369256" />
</allocation-stats>
<gc-op id="3187" type="scavenge" timems="3.064" contextid="3184" timestamp="2019-06-15T04:55:49.752">
  <scavenger-info tenureage="7" tenuremask="7f80" tiltratio="86" />
  <memory-copied type="nursery" objects="14749" bytes="1065000" bytesdiscarded="65936" />
  <references type="weak" candidates="317" cleared="317" enqueued="317" />
  <references type="phantom" candidates="22" cleared="21" enqueued="21" />
</gc-op>
<gc-end id="3188" type="scavenge" contextid="3184" durationms="3.297" usertimems="4.000" systemtimems="4.000" timestamp="2019-06-15T04:55:49.752" activeThreads="4">
  <mem-info id="3189" free="2058149048" total="2092630016" percent="98">
    <mem type="nursery" free="8697440" total="11403264" percent="76">
      <mem type="allocate" free="8697440" total="9830400" percent="88" />
      <mem type="survivor" free="0" total="1572864" percent="0" />
    </mem>
    <mem type="tenure" free="2049451608" total="2081226752" percent="98">
      <mem type="soa" free="2049451608" total="2081226752" percent="98" />
      <mem type="loa" free="0" total="0" percent="0" />
    </mem>
    <pending-finalizers system="0" default="0" reference="338" classloader="0" />
    <remembered-set count="382" />
  </mem-info>
</gc-end>
<cycle-end id="3190" type="scavenge" contextid="3184" timestamp="2019-06-15T04:55:49.753" />
  <attribute name="elasticGC enabled" value="1" />
  <attribute name= "numThreadsSpecified" value="4" />
  <attribute name="heapSize specified" value="16121856" />
  <attribute name="Current GC Util" value="18" />
  <attribute name= "Current Time Running" value="5183" />
  <attribute name ="GC Interval" value="200" />
  <attribute name="ProportionalT" value="-1.000000" />
  <attribute name="ProportionalI" value="-1.000000" />
  <attribute name="ProportionalH" value="-1.000000" />
  <attribute name="Current Error" value="-2.000000" />
  <attribute name="IntegralT" value="-46.000000" />
  <attribute name="IntegralI" value="-46.000000" />
  <attribute name="IntegralH" value="-46.000000" />
  <attribute name="DerivativeT" value="-1.043478" />
  <attribute name="DerivativeI" value="-1.043478" />
  <attribute name="DerivativeH" value="-1.043478" />
  <attribute name="Loop Time for DT" value="23.000000" />
  <attribute name="Output H" value="2092630016"/>
  <attribute name="Output I" value="200"/>
  <attribute name="Output T" value="4"/>
  <attribute name="Target GC Util Change" value ="20.000000" />
  <attribute name="Current GC Util Change" value="18.000000"/>
  <attribute name="GC Util currently" value="18" />
  <attribute name="CPU Util currently" value="197153248298" />
<allocation-satisfied id="3191" threadId="00000000016D3C00" bytesRequested="512" />
<af-end id="3192" timestamp="2019-06-15T04:55:49.753" threadId="00000000016D4588" success="true" from="nursery"/>
<exclusive-end id="3193" timestamp="2019-06-15T04:55:49.753" durationms="4.128" />

<exclusive-start id="3194" timestamp="2019-06-15T04:55:49.769" intervalms="19.894">
  <response-info timems="0.038" idlems="0.038" threads="0" lastid="00000000016DB400" lastname="PmdThread 3" />
</exclusive-start>
<af-start id="3195" threadId="00000000016DBD88" totalBytesRequested="8200" timestamp="2019-06-15T04:55:49.769" intervalms="19.886" type="nursery" />
<cycle-start id="3196" type="scavenge" contextid="0" timestamp="2019-06-15T04:55:49.769" intervalms="19.874" />
<gc-start id="3197" type="scavenge" contextid="3196" timestamp="2019-06-15T04:55:49.769">
  <mem-info id="3198" free="2049451000" total="2092630016" percent="97">
    <mem type="nursery" free="0" total="11403264" percent="0">
      <mem type="allocate" free="0" total="9830400" percent="0" />
      <mem type="survivor" free="0" total="1572864" percent="0" />
    </mem>
    <mem type="tenure" free="2049451000" total="2081226752" percent="98">
      <mem type="soa" free="2049451000" total="2081226752" percent="98" />
      <mem type="loa" free="0" total="0" percent="0" />
    </mem>
    <remembered-set count="435" />
  </mem-info>
</gc-start>
<allocation-stats totalBytes="8690512" >
  <allocated-bytes non-tlh="1120" tlh="8689392" />
  <largest-consumer threadName="PmdThread 1" threadId="00000000016D3C00" bytes="3240296" />
</allocation-stats>
<gc-op id="3199" type="scavenge" timems="2.103" contextid="3196" timestamp="2019-06-15T04:55:49.771">
  <scavenger-info tenureage="7" tenuremask="7f80" tiltratio="86" />
  <memory-copied type="nursery" objects="33529" bytes="1569704" bytesdiscarded="1000" />
  <memory-copied type="tenure" objects="32056" bytes="931264" bytesdiscarded="208" />
  <copy-failed type="nursery" objects="31922" bytes="927096" />
  <references type="weak" candidates="332" cleared="332" enqueued="332" />
  <references type="phantom" candidates="10" cleared="7" enqueued="7" />
</gc-op>
<gc-end id="3200" type="scavenge" contextid="3196" durationms="2.439" usertimems="8.000" systemtimems="0.000" timestamp="2019-06-15T04:55:49.771" activeThreads="4">
  <mem-info id="3201" free="2053942520" total="2092630016" percent="98">
    <mem type="nursery" free="5570560" total="11403264" percent="48">
      <mem type="allocate" free="5570560" total="7143424" percent="77" />
      <mem type="survivor" free="0" total="4259840" percent="0" />
    </mem>
    <mem type="tenure" free="2048371960" total="2081226752" percent="98">
      <mem type="soa" free="2048371960" total="2081226752" percent="98" />
      <mem type="loa" free="0" total="0" percent="0" />
    </mem>
    <pending-finalizers system="0" default="0" reference="339" classloader="0" />
    <remembered-set count="3385" />
  </mem-info>
</gc-end>
<cycle-end id="3202" type="scavenge" contextid="3196" timestamp="2019-06-15T04:55:49.771" />
  <attribute name="elasticGC enabled" value="1" />
  <attribute name= "numThreadsSpecified" value="4" />
  <attribute name="heapSize specified" value="16121856" />
  <attribute name="Current GC Util" value="36" />
  <attribute name= "Current Time Running" value="5203" />
  <attribute name ="GC Interval" value="336" />
  <attribute name="ProportionalT" value="8.000000" />
  <attribute name="ProportionalI" value="8.000000" />
  <attribute name="ProportionalH" value="8.000000" />
  <attribute name="Current Error" value="16.000000" />
  <attribute name="IntegralT" value="320.000000" />
  <attribute name="IntegralI" value="320.000000" />
  <attribute name="IntegralH" value="320.000000" />
  <attribute name="DerivativeT" value="1.200000" />
  <attribute name="DerivativeI" value="1.200000" />
  <attribute name="DerivativeH" value="1.200000" />
  <attribute name="Loop Time for DT" value="20.000000" />
  <attribute name="Output H" value="8388608"/>
  <attribute name="Output I" value="336"/>
  <attribute name="Output T" value="4"/>
  <attribute name="Target GC Util Change" value ="20.000000" />
  <attribute name="Current GC Util Change" value="36.000000"/>
  <attribute name="GC Util currently" value="36" />
  <attribute name="CPU Util currently" value="232411189258" />
<allocation-satisfied id="3203" threadId="00000000016DB400" bytesRequested="8200" />
<af-end id="3204" timestamp="2019-06-15T04:55:49.772" threadId="00000000016DBD88" success="true" from="nursery"/>
<exclusive-end id="3205" timestamp="2019-06-15T04:55:49.772" durationms="3.003" />

<exclusive-start id="3206" timestamp="2019-06-15T04:55:49.777" intervalms="8.121">
  <response-info timems="0.032" idlems="0.032" threads="0" lastid="00000000016DF000" lastname="PmdThread 4" />
</exclusive-start>
<af-start id="3207" threadId="00000000016DF988" totalBytesRequested="56" timestamp="2019-06-15T04:55:49.777" intervalms="8.131" type="nursery" />
<cycle-start id="3208" type="scavenge" contextid="0" timestamp="2019-06-15T04:55:49.777" intervalms="8.170" />
<gc-start id="3209" type="scavenge" contextid="3208" timestamp="2019-06-15T04:55:49.777">
  <mem-info id="3210" free="2048371744" total="2092630016" percent="97">
    <mem type="nursery" free="0" total="11403264" percent="0">
      <mem type="allocate" free="0" total="7143424" percent="0" />
      <mem type="survivor" free="0" total="4259840" percent="0" />
    </mem>
    <mem type="tenure" free="2048371744" total="2081226752" percent="98">
      <mem type="soa" free="2048371744" total="2081226752" percent="98" />
      <mem type="loa" free="0" total="0" percent="0" />
    </mem>
    <remembered-set count="3398" />
  </mem-info>
</gc-start>
<allocation-stats totalBytes="5568608" >
  <allocated-bytes non-tlh="8416" tlh="5560192" />
  <largest-consumer threadName="PmdThread 4" threadId="00000000016DF000" bytes="2194984" />
</allocation-stats>
<gc-op id="3211" type="scavenge" timems="5.331" contextid="3208" timestamp="2019-06-15T04:55:49.783">
  <scavenger-info tenureage="7" tenuremask="7f80" tiltratio="62" />
  <memory-copied type="nursery" objects="119906" bytes="4146096" bytesdiscarded="113120" />
  <memory-copied type="tenure" objects="43" bytes="1136" bytesdiscarded="0" />
  <references type="weak" candidates="116" cleared="116" enqueued="116" />
  <references type="phantom" candidates="4" cleared="2" enqueued="2" />
</gc-op>
<gc-end id="3212" type="scavenge" contextid="3208" durationms="5.668" usertimems="12.000" systemtimems="0.000" timestamp="2019-06-15T04:55:49.783" activeThreads="4">
  <mem-info id="3213" free="2049813536" total="2092630016" percent="97">
    <mem type="nursery" free="1441792" total="11403264" percent="12">
      <mem type="allocate" free="1441792" total="5701632" percent="25" />
      <mem type="survivor" free="0" total="5701632" percent="0" />
    </mem>
    <mem type="tenure" free="2048371744" total="2081226752" percent="98">
      <mem type="soa" free="2048371744" total="2081226752" percent="98" />
      <mem type="loa" free="0" total="0" percent="0" />
    </mem>
    <pending-finalizers system="0" default="0" reference="118" classloader="0" />
    <remembered-set count="3326" />
  </mem-info>
</gc-end>
<cycle-end id="3214" type="scavenge" contextid="3208" timestamp="2019-06-15T04:55:49.783" />
  <attribute name="elasticGC enabled" value="1" />
  <attribute name= "numThreadsSpecified" value="4" />
  <attribute name="heapSize specified" value="16121856" />
  <attribute name="Current GC Util" value="71" />
  <attribute name= "Current Time Running" value="5211" />
  <attribute name ="GC Interval" value="440" />
  <attribute name="ProportionalT" value="25.500000" />
  <attribute name="ProportionalI" value="25.500000" />
  <attribute name="ProportionalH" value="25.500000" />
  <attribute name="Current Error" value="51.000000" />
  <attribute name="IntegralT" value="408.000000" />
  <attribute name="IntegralI" value="408.000000" />
  <attribute name="IntegralH" value="408.000000" />
  <attribute name="DerivativeT" value="6.562500" />
  <attribute name="DerivativeI" value="6.562500" />
  <attribute name="DerivativeH" value="6.562500" />
  <attribute name="Loop Time for DT" value="8.000000" />
  <attribute name="Output H" value="8388608"/>
  <attribute name="Output I" value="440"/>
  <attribute name="Output T" value="4"/>
  <attribute name="Target GC Util Change" value ="20.000000" />
  <attribute name="Current GC Util Change" value="71.000000"/>
  <attribute name="GC Util currently" value="71" />
  <attribute name="CPU Util currently" value="560569646209" />
<allocation-satisfied id="3215" threadId="00000000016DF000" bytesRequested="56" />
<af-end id="3216" timestamp="2019-06-15T04:55:49.783" threadId="00000000016DF988" success="true" from="nursery"/>
<exclusive-end id="3217" timestamp="2019-06-15T04:55:49.783" durationms="6.520" />

<exclusive-start id="3218" timestamp="2019-06-15T04:55:49.785" intervalms="8.214">
  <response-info timems="0.071" idlems="0.038" threads="1" lastid="00000000016D3C00" lastname="PmdThread 1" />
</exclusive-start>
<af-start id="3219" threadId="00000000016D8188" totalBytesRequested="40" timestamp="2019-06-15T04:55:49.785" intervalms="8.211" type="nursery" />
<cycle-start id="3220" type="scavenge" contextid="0" timestamp="2019-06-15T04:55:49.785" intervalms="8.234" />
<gc-start id="3221" type="scavenge" contextid="3220" timestamp="2019-06-15T04:55:49.785">
  <mem-info id="3222" free="2048371744" total="2092630016" percent="97">
    <mem type="nursery" free="0" total="11403264" percent="0">
      <mem type="allocate" free="0" total="5701632" percent="0" />
      <mem type="survivor" free="0" total="5701632" percent="0" />
    </mem>
    <mem type="tenure" free="2048371744" total="2081226752" percent="98">
      <mem type="soa" free="2048371744" total="2081226752" percent="98" />
      <mem type="loa" free="0" total="0" percent="0" />
    </mem>
    <remembered-set count="3331" />
  </mem-info>
</gc-start>
<allocation-stats totalBytes="1441160" >
  <allocated-bytes non-tlh="56" tlh="1441104" />
  <largest-consumer threadName="PmdThread 2" threadId="00000000016D7800" bytes="667408" />
</allocation-stats>
<gc-op id="3223" type="scavenge" timems="5.469" contextid="3220" timestamp="2019-06-15T04:55:49.791">
  <scavenger-info tenureage="6" tenuremask="7fc0" tiltratio="50" />
  <memory-copied type="nursery" objects="136127" bytes="4549344" bytesdiscarded="123576" />
  <memory-copied type="tenure" objects="163" bytes="4984" bytesdiscarded="0" />
  <references type="weak" candidates="25" cleared="25" enqueued="25" />
  <references type="phantom" candidates="2" cleared="0" enqueued="0" />
</gc-op>
<gc-end id="3224" type="scavenge" contextid="3220" durationms="5.893" usertimems="12.000" systemtimems="0.000" timestamp="2019-06-15T04:55:49.791" activeThreads="4">
  <mem-info id="3225" free="2049595088" total="2092630016" percent="97">
    <mem type="nursery" free="1223344" total="11403264" percent="10">
      <mem type="allocate" free="1223344" total="5898240" percent="20" />
      <mem type="survivor" free="0" total="5505024" percent="0" />
    </mem>
    <mem type="tenure" free="2048371744" total="2081226752" percent="98">
      <mem type="soa" free="2048371744" total="2081226752" percent="98" />
      <mem type="loa" free="0" total="0" percent="0" />
    </mem>
    <pending-finalizers system="0" default="0" reference="25" classloader="0" />
    <remembered-set count="3281" />
  </mem-info>
</gc-end>
<cycle-end id="3226" type="scavenge" contextid="3220" timestamp="2019-06-15T04:55:49.791" />
  <attribute name="elasticGC enabled" value="1" />
  <attribute name= "numThreadsSpecified" value="4" />
  <attribute name="heapSize specified" value="16121856" />
  <attribute name="Current GC Util" value="155" />
  <attribute name= "Current Time Running" value="5219" />
  <attribute name ="GC Interval" value="1168" />
  <attribute name="ProportionalT" value="67.500000" />
  <attribute name="ProportionalI" value="67.500000" />
  <attribute name="ProportionalH" value="67.500000" />
  <attribute name="Current Error" value="135.000000" />
  <attribute name="IntegralT" value="1080.000000" />
  <attribute name="IntegralI" value="1080.000000" />
  <attribute name="IntegralH" value="1080.000000" />
  <attribute name="DerivativeT" value="15.750000" />
  <attribute name="DerivativeI" value="15.750000" />
  <attribute name="DerivativeH" value="15.750000" />
  <attribute name="Loop Time for DT" value="8.000000" />
  <attribute name="Output H" value="8388608"/>
  <attribute name="Output I" value="1168"/>
  <attribute name="Output T" value="4"/>
  <attribute name="Target GC Util Change" value ="20.000000" />
  <attribute name="Current GC Util Change" value="155.000000"/>
  <attribute name="GC Util currently" value="155" />
  <attribute name="CPU Util currently" value="553812911620" />
<allocation-satisfied id="3227" threadId="00000000016D7800" bytesRequested="40" />
<af-end id="3228" timestamp="2019-06-15T04:55:49.792" threadId="00000000016D8188" success="true" from="nursery"/>
<exclusive-end id="3229" timestamp="2019-06-15T04:55:49.792" durationms="6.804" />

<exclusive-start id="3230" timestamp="2019-06-15T04:55:49.794" intervalms="9.113">
  <response-info timems="0.037" idlems="0.037" threads="0" lastid="00000000016D3C00" lastname="PmdThread 1" />
</exclusive-start>
<af-start id="3231" threadId="00000000016D4588" totalBytesRequested="80" timestamp="2019-06-15T04:55:49.794" intervalms="9.103" type="nursery" />
<cycle-start id="3232" type="scavenge" contextid="0" timestamp="2019-06-15T04:55:49.794" intervalms="9.057" />
<gc-start id="3233" type="scavenge" contextid="3232" timestamp="2019-06-15T04:55:49.794">
  <mem-info id="3234" free="2048371744" total="2092630016" percent="97">
    <mem type="nursery" free="0" total="11403264" percent="0">
      <mem type="allocate" free="0" total="5898240" percent="0" />
      <mem type="survivor" free="0" total="5505024" percent="0" />
    </mem>
    <mem type="tenure" free="2048371744" total="2081226752" percent="98">
      <mem type="soa" free="2048371744" total="2081226752" percent="98" />
      <mem type="loa" free="0" total="0" percent="0" />
    </mem>
    <remembered-set count="3283" />
  </mem-info>
</gc-start>
<allocation-stats totalBytes="1222272" >
  <allocated-bytes non-tlh="40" tlh="1222232" />
  <largest-consumer threadName="PmdThread 1" threadId="00000000016D3C00" bytes="444192" />
</allocation-stats>
<gc-op id="3235" type="scavenge" timems="4.648" contextid="3232" timestamp="2019-06-15T04:55:49.799">
  <scavenger-info tenureage="5" tenuremask="7fe0" tiltratio="51" />
  <memory-copied type="nursery" objects="136756" bytes="4529160" bytesdiscarded="97528" />
  <memory-copied type="tenure" objects="457" bytes="102048" bytesdiscarded="0" />
  <references type="weak" candidates="26" cleared="26" enqueued="26" />
  <references type="phantom" candidates="1" cleared="0" enqueued="0" />
</gc-op>
<gc-end id="3236" type="scavenge" contextid="3232" durationms="4.898" usertimems="12.000" systemtimems="0.000" timestamp="2019-06-15T04:55:49.799" activeThreads="4">
  <mem-info id="3237" free="2050060992" total="2092630016" percent="97">
    <mem type="nursery" free="1730232" total="11403264" percent="15">
      <mem type="allocate" free="1730232" total="6356992" percent="27" />
      <mem type="survivor" free="0" total="5046272" percent="0" />
    </mem>
    <mem type="tenure" free="2048330760" total="2081226752" percent="98">
      <mem type="soa" free="2048330760" total="2081226752" percent="98" />
      <mem type="loa" free="0" total="0" percent="0" />
    </mem>
    <pending-finalizers system="0" default="0" reference="26" classloader="0" />
    <remembered-set count="2154" />
  </mem-info>
</gc-end>
<cycle-end id="3238" type="scavenge" contextid="3232" timestamp="2019-06-15T04:55:49.799" />
  <attribute name="elasticGC enabled" value="1" />
  <attribute name= "numThreadsSpecified" value="4" />
  <attribute name="heapSize specified" value="16121856" />
  <attribute name="Current GC Util" value="127" />
  <attribute name= "Current Time Running" value="5228" />
  <attribute name ="GC Interval" value="1016" />
  <attribute name="ProportionalT" value="53.500000" />
  <attribute name="ProportionalI" value="53.500000" />
  <attribute name="ProportionalH" value="53.500000" />
  <attribute name="Current Error" value="107.000000" />
  <attribute name="IntegralT" value="963.000000" />
  <attribute name="IntegralI" value="963.000000" />
  <attribute name="IntegralH" value="963.000000" />
  <attribute name="DerivativeT" value="-4.666667" />
  <attribute name="DerivativeI" value="-4.666667" />
  <attribute name="DerivativeH" value="-4.666667" />
  <attribute name="Loop Time for DT" value="9.000000" />
  <attribute name="Output H" value="8388608"/>
  <attribute name="Output I" value="1016"/>
  <attribute name="Output T" value="4"/>
  <attribute name="Target GC Util Change" value ="20.000000" />
  <attribute name="Current GC Util Change" value="127.000000"/>
  <attribute name="GC Util currently" value="127" />
  <attribute name="CPU Util currently" value="518019529473" />
<allocation-satisfied id="3239" threadId="00000000016D3C00" bytesRequested="80" />
<af-end id="3240" timestamp="2019-06-15T04:55:49.800" threadId="00000000016D4588" success="true" from="nursery"/>
<exclusive-end id="3241" timestamp="2019-06-15T04:55:49.800" durationms="5.723" />

<exclusive-start id="3242" timestamp="2019-06-15T04:55:49.804" intervalms="9.340">
  <response-info timems="0.033" idlems="0.033" threads="0" lastid="00000000016D7800" lastname="PmdThread 2" />
</exclusive-start>
<af-start id="3243" threadId="00000000016D8188" totalBytesRequested="56" timestamp="2019-06-15T04:55:49.804" intervalms="9.356" type="nursery" />
<cycle-start id="3244" type="scavenge" contextid="0" timestamp="2019-06-15T04:55:49.804" intervalms="9.409" />
<gc-start id="3245" type="scavenge" contextid="3244" timestamp="2019-06-15T04:55:49.804">
  <mem-info id="3246" free="2048330760" total="2092630016" percent="97">
    <mem type="nursery" free="0" total="11403264" percent="0">
      <mem type="allocate" free="0" total="6356992" percent="0" />
      <mem type="survivor" free="0" total="5046272" percent="0" />
    </mem>
    <mem type="tenure" free="2048330760" total="2081226752" percent="98">
      <mem type="soa" free="2048330760" total="2081226752" percent="98" />
      <mem type="loa" free="0" total="0" percent="0" />
    </mem>
    <remembered-set count="2164" />
  </mem-info>
</gc-start>
<allocation-stats totalBytes="1714448" >
  <allocated-bytes non-tlh="16472" tlh="1697976" />
  <largest-consumer threadName="PmdThread 4" threadId="00000000016DF000" bytes="1183392" />
</allocation-stats>
<gc-op id="3247" type="scavenge" timems="3.899" contextid="3244" timestamp="2019-06-15T04:55:49.808">
  <scavenger-info tenureage="2" tenuremask="7ffc" tiltratio="55" />
  <memory-copied type="nursery" objects="20140" bytes="720736" bytesdiscarded="119368" />
  <memory-copied type="tenure" objects="123006" bytes="4106832" bytesdiscarded="616" />
  <references type="weak" candidates="7" cleared="7" enqueued="7" />
  <references type="phantom" candidates="1" cleared="0" enqueued="0" />
</gc-op>
<gc-end id="3248" type="scavenge" contextid="3244" durationms="4.222" usertimems="8.000" systemtimems="4.000" timestamp="2019-06-15T04:55:49.808" activeThreads="4">
  <mem-info id="3249" free="2049778456" total="2092630016" percent="97">
    <mem type="nursery" free="5516856" total="11403264" percent="48">
      <mem type="allocate" free="5516856" total="6356992" percent="86" />
      <mem type="survivor" free="0" total="5046272" percent="0" />
    </mem>
    <mem type="tenure" free="2044261600" total="2081226752" percent="98">
      <mem type="soa" free="2044261600" total="2081226752" percent="98" />
      <mem type="loa" free="0" total="0" percent="0" />
    </mem>
    <pending-finalizers system="0" default="0" reference="7" classloader="0" />
    <remembered-set count="1560" />
  </mem-info>
</gc-end>
<cycle-end id="3250" type="scavenge" contextid="3244" timestamp="2019-06-15T04:55:49.808" />
  <attribute name="elasticGC enabled" value="1" />
  <attribute name= "numThreadsSpecified" value="4" />
  <attribute name="heapSize specified" value="16121856" />
  <attribute name="Current GC Util" value="97" />
  <attribute name= "Current Time Running" value="5238" />
  <attribute name ="GC Interval" value="808" />
  <attribute name="ProportionalT" value="38.500000" />
  <attribute name="ProportionalI" value="38.500000" />
  <attribute name="ProportionalH" value="38.500000" />
  <attribute name="Current Error" value="77.000000" />
  <attribute name="IntegralT" value="770.000000" />
  <attribute name="IntegralI" value="770.000000" />
  <attribute name="IntegralH" value="770.000000" />
  <attribute name="DerivativeT" value="-4.500000" />
  <attribute name="DerivativeI" value="-4.500000" />
  <attribute name="DerivativeH" value="-4.500000" />
  <attribute name="Loop Time for DT" value="10.000000" />
  <attribute name="Output H" value="8388608"/>
  <attribute name="Output I" value="808"/>
  <attribute name="Output T" value="4"/>
  <attribute name="Target GC Util Change" value ="20.000000" />
  <attribute name="Current GC Util Change" value="97.000000"/>
  <attribute name="GC Util currently" value="97" />
  <attribute name="CPU Util currently" value="484740457604" />
<allocation-satisfied id="3251" threadId="00000000016D7800" bytesRequested="56" />
<af-end id="3252" timestamp="2019-06-15T04:55:49.808" threadId="00000000016D8188" success="true" from="nursery"/>
<exclusive-end id="3253" timestamp="2019-06-15T04:55:49.808" durationms="4.938" />

<exclusive-start id="3254" timestamp="2019-06-15T04:55:49.815" intervalms="11.046">
  <response-info timems="0.035" idlems="0.035" threads="0" lastid="00000000016D7800" lastname="PmdThread 2" />
</exclusive-start>
<af-start id="3255" threadId="00000000016D8188" totalBytesRequested="56" timestamp="2019-06-15T04:55:49.815" intervalms="11.037" type="nursery" />
<cycle-start id="3256" type="scavenge" contextid="0" timestamp="2019-06-15T04:55:49.815" intervalms="10.983" />
<gc-start id="3257" type="scavenge" contextid="3256" timestamp="2019-06-15T04:55:49.815">
  <mem-info id="3258" free="2044261600" total="2092630016" percent="97">
    <mem type="nursery" free="0" total="11403264" percent="0">
      <mem type="allocate" free="0" total="6356992" percent="0" />
      <mem type="survivor" free="0" total="5046272" percent="0" />
    </mem>
    <mem type="tenure" free="2044261600" total="2081226752" percent="98">
      <mem type="soa" free="2044261600" total="2081226752" percent="98" />
      <mem type="loa" free="0" total="0" percent="0" />
    </mem>
    <remembered-set count="2037" />
  </mem-info>
</gc-start>
<allocation-stats totalBytes="5515280" >
  <allocated-bytes non-tlh="34520" tlh="5480760" />
  <largest-consumer threadName="PmdThread 2" threadId="00000000016D7800" bytes="1818264" />
</allocation-stats>
<gc-op id="3259" type="scavenge" timems="5.360" contextid="3256" timestamp="2019-06-15T04:55:49.820">
  <scavenger-info tenureage="2" tenuremask="7ff4" tiltratio="55" />
  <memory-copied type="nursery" objects="56824" bytes="1996480" bytesdiscarded="194336" />
  <memory-copied type="tenure" objects="13212" bytes="406320" bytesdiscarded="112" />
  <references type="weak" candidates="24" cleared="24" enqueued="24" />
  <references type="phantom" candidates="5" cleared="4" enqueued="4" />
</gc-op>
<gc-end id="3260" type="scavenge" contextid="3256" durationms="5.646" usertimems="8.000" systemtimems="0.000" timestamp="2019-06-15T04:55:49.820" activeThreads="4">
  <mem-info id="3261" free="2048363264" total="2092630016" percent="97">
    <mem type="nursery" free="4493344" total="11403264" percent="39">
      <mem type="allocate" free="4493344" total="6684672" percent="67" />
      <mem type="survivor" free="0" total="4718592" percent="0" />
    </mem>
    <mem type="tenure" free="2043869920" total="2081226752" percent="98">
      <mem type="soa" free="2043869920" total="2081226752" percent="98" />
      <mem type="loa" free="0" total="0" percent="0" />
    </mem>
    <pending-finalizers system="0" default="0" reference="28" classloader="0" />
    <remembered-set count="1869" />
  </mem-info>
</gc-end>
<cycle-end id="3262" type="scavenge" contextid="3256" timestamp="2019-06-15T04:55:49.821" />
  <attribute name="elasticGC enabled" value="1" />
  <attribute name= "numThreadsSpecified" value="4" />
  <attribute name="heapSize specified" value="16121856" />
  <attribute name="Current GC Util" value="97" />
  <attribute name= "Current Time Running" value="5249" />
  <attribute name ="GC Interval" value="888" />
  <attribute name="ProportionalT" value="38.500000" />
  <attribute name="ProportionalI" value="38.500000" />
  <attribute name="ProportionalH" value="38.500000" />
  <attribute name="Current Error" value="77.000000" />
  <attribute name="IntegralT" value="847.000000" />
  <attribute name="IntegralI" value="847.000000" />
  <attribute name="IntegralH" value="847.000000" />
  <attribute name="DerivativeT" value="0.000000" />
  <attribute name="DerivativeI" value="0.000000" />
  <attribute name="DerivativeH" value="0.000000" />
  <attribute name="Loop Time for DT" value="11.000000" />
  <attribute name="Output H" value="8388608"/>
  <attribute name="Output I" value="888"/>
  <attribute name="Output T" value="4"/>
  <attribute name="Target GC Util Change" value ="20.000000" />
  <attribute name="Current GC Util Change" value="97.000000"/>
  <attribute name="GC Util currently" value="97" />
  <attribute name="CPU Util currently" value="422277821646" />
<allocation-satisfied id="3263" threadId="00000000016D7800" bytesRequested="56" />
<af-end id="3264" timestamp="2019-06-15T04:55:49.821" threadId="00000000016D8188" success="true" from="nursery"/>
<exclusive-end id="3265" timestamp="2019-06-15T04:55:49.821" durationms="6.327" />

<exclusive-start id="3266" timestamp="2019-06-15T04:55:49.825" intervalms="10.177">
  <response-info timems="0.056" idlems="0.056" threads="0" lastid="00000000016D7800" lastname="PmdThread 2" />
</exclusive-start>
<af-start id="3267" threadId="00000000016D8188" totalBytesRequested="56" timestamp="2019-06-15T04:55:49.825" intervalms="10.177" type="nursery" />
<cycle-start id="3268" type="scavenge" contextid="0" timestamp="2019-06-15T04:55:49.825" intervalms="10.182" />
<gc-start id="3269" type="scavenge" contextid="3268" timestamp="2019-06-15T04:55:49.825">
  <mem-info id="3270" free="2043869720" total="2092630016" percent="97">
    <mem type="nursery" free="0" total="11403264" percent="0">
      <mem type="allocate" free="0" total="6684672" percent="0" />
      <mem type="survivor" free="0" total="4718592" percent="0" />
    </mem>
    <mem type="tenure" free="2043869720" total="2081226752" percent="98">
      <mem type="soa" free="2043869720" total="2081226752" percent="98" />
      <mem type="loa" free="0" total="0" percent="0" />
    </mem>
    <remembered-set count="1900" />
  </mem-info>
</gc-start>
<allocation-stats totalBytes="4492752" >
  <allocated-bytes non-tlh="256" tlh="4492496" />
  <largest-consumer threadName="PmdThread 1" threadId="00000000016D3C00" bytes="1863408" />
</allocation-stats>
<gc-op id="3271" type="scavenge" timems="5.272" contextid="3268" timestamp="2019-06-15T04:55:49.830">
  <scavenger-info tenureage="4" tenuremask="7ff0" tiltratio="58" />
  <memory-copied type="nursery" objects="81897" bytes="2517744" bytesdiscarded="169208" />
  <references type="weak" candidates="6" cleared="6" enqueued="6" />
  <references type="phantom" candidates="2" cleared="2" enqueued="2" />
</gc-op>
<gc-end id="3272" type="scavenge" contextid="3268" durationms="5.475" usertimems="4.000" systemtimems="0.000" timestamp="2019-06-15T04:55:49.830" activeThreads="4">
  <mem-info id="3273" free="2048128432" total="2092630016" percent="97">
    <mem type="nursery" free="4258712" total="11403264" percent="37">
      <mem type="allocate" free="4258712" total="6946816" percent="61" />
      <mem type="survivor" free="0" total="4456448" percent="0" />
    </mem>
    <mem type="tenure" free="2043869720" total="2081226752" percent="98">
      <mem type="soa" free="2043869720" total="2081226752" percent="98" />
      <mem type="loa" free="0" total="0" percent="0" />
    </mem>
    <pending-finalizers system="0" default="0" reference="8" classloader="0" />
    <remembered-set count="1861" />
  </mem-info>
</gc-end>
<cycle-end id="3274" type="scavenge" contextid="3268" timestamp="2019-06-15T04:55:49.830" />
  <attribute name="elasticGC enabled" value="1" />
  <attribute name= "numThreadsSpecified" value="4" />
  <attribute name="heapSize specified" value="16121856" />
  <attribute name="Current GC Util" value="67" />
  <attribute name= "Current Time Running" value="5259" />
  <attribute name ="GC Interval" value="496" />
  <attribute name="ProportionalT" value="23.500000" />
  <attribute name="ProportionalI" value="23.500000" />
  <attribute name="ProportionalH" value="23.500000" />
  <attribute name="Current Error" value="47.000000" />
  <attribute name="IntegralT" value="470.000000" />
  <attribute name="IntegralI" value="470.000000" />
  <attribute name="IntegralH" value="470.000000" />
  <attribute name="DerivativeT" value="-4.500000" />
  <attribute name="DerivativeI" value="-4.500000" />
  <attribute name="DerivativeH" value="-4.500000" />
  <attribute name="Loop Time for DT" value="10.000000" />
  <attribute name="Output H" value="8388608"/>
  <attribute name="Output I" value="496"/>
  <attribute name="Output T" value="4"/>
  <attribute name="Target GC Util Change" value ="20.000000" />
  <attribute name="Current GC Util Change" value="67.000000"/>
  <attribute name="GC Util currently" value="67" />
  <attribute name="CPU Util currently" value="452976292793" />
<allocation-satisfied id="3275" threadId="00000000016D7800" bytesRequested="56" />
<af-end id="3276" timestamp="2019-06-15T04:55:49.831" threadId="00000000016D8188" success="true" from="nursery"/>
<exclusive-end id="3277" timestamp="2019-06-15T04:55:49.831" durationms="6.129" />

<exclusive-start id="3278" timestamp="2019-06-15T04:55:49.836" intervalms="11.247">
  <response-info timems="0.044" idlems="0.044" threads="0" lastid="00000000016DF000" lastname="PmdThread 4" />
</exclusive-start>
<af-start id="3279" threadId="00000000016DF988" totalBytesRequested="56" timestamp="2019-06-15T04:55:49.836" intervalms="11.259" type="nursery" />
<cycle-start id="3280" type="scavenge" contextid="0" timestamp="2019-06-15T04:55:49.836" intervalms="11.237" />
<gc-start id="3281" type="scavenge" contextid="3280" timestamp="2019-06-15T04:55:49.836">
  <mem-info id="3282" free="2043869720" total="2092630016" percent="97">
    <mem type="nursery" free="0" total="11403264" percent="0">
      <mem type="allocate" free="0" total="6946816" percent="0" />
      <mem type="survivor" free="0" total="4456448" percent="0" />
    </mem>
    <mem type="tenure" free="2043869720" total="2081226752" percent="98">
      <mem type="soa" free="2043869720" total="2081226752" percent="98" />
      <mem type="loa" free="0" total="0" percent="0" />
    </mem>
    <remembered-set count="1885" />
  </mem-info>
</gc-start>
<allocation-stats totalBytes="4255128" >
  <allocated-bytes non-tlh="56" tlh="4255072" />
  <largest-consumer threadName="PmdThread 4" threadId="00000000016DF000" bytes="1663104" />
</allocation-stats>
<gc-op id="3283" type="scavenge" timems="4.388" contextid="3280" timestamp="2019-06-15T04:55:49.841">
  <scavenger-info tenureage="3" tenuremask="7ff8" tiltratio="60" />
  <memory-copied type="nursery" objects="111236" bytes="3366712" bytesdiscarded="129352" />
  <memory-copied type="tenure" objects="5834" bytes="174184" bytesdiscarded="144" />
  <references type="weak" candidates="168" cleared="168" enqueued="168" />
  <references type="phantom" candidates="2" cleared="2" enqueued="2" />
</gc-op>
<gc-end id="3284" type="scavenge" contextid="3280" durationms="4.779" usertimems="8.000" systemtimems="0.000" timestamp="2019-06-15T04:55:49.841" activeThreads="4">
  <mem-info id="3285" free="2046870640" total="2092630016" percent="97">
    <mem type="nursery" free="3319640" total="11403264" percent="29">
      <mem type="allocate" free="3319640" total="6815744" percent="48" />
      <mem type="survivor" free="0" total="4587520" percent="0" />
    </mem>
    <mem type="tenure" free="2043551000" total="2081226752" percent="98">
      <mem type="soa" free="2043551000" total="2081226752" percent="98" />
      <mem type="loa" free="0" total="0" percent="0" />
    </mem>
    <pending-finalizers system="0" default="0" reference="170" classloader="0" />
    <remembered-set count="679" />
  </mem-info>
</gc-end>
<cycle-end id="3286" type="scavenge" contextid="3280" timestamp="2019-06-15T04:55:49.841" />
  <attribute name="elasticGC enabled" value="1" />
  <attribute name= "numThreadsSpecified" value="4" />
  <attribute name="heapSize specified" value="16121856" />
  <attribute name="Current GC Util" value="59" />
  <attribute name= "Current Time Running" value="5270" />
  <attribute name ="GC Interval" value="448" />
  <attribute name="ProportionalT" value="19.500000" />
  <attribute name="ProportionalI" value="19.500000" />
  <attribute name="ProportionalH" value="19.500000" />
  <attribute name="Current Error" value="39.000000" />
  <attribute name="IntegralT" value="429.000000" />
  <attribute name="IntegralI" value="429.000000" />
  <attribute name="IntegralH" value="429.000000" />
  <attribute name="DerivativeT" value="-1.090909" />
  <attribute name="DerivativeI" value="-1.090909" />
  <attribute name="DerivativeH" value="-1.090909" />
  <attribute name="Loop Time for DT" value="11.000000" />
  <attribute name="Output H" value="8388608"/>
  <attribute name="Output I" value="448"/>
  <attribute name="Output T" value="4"/>
  <attribute name="Target GC Util Change" value ="20.000000" />
  <attribute name="Current GC Util Change" value="59.000000"/>
  <attribute name="GC Util currently" value="59" />
  <attribute name="CPU Util currently" value="410262414614" />
<allocation-satisfied id="3287" threadId="00000000016DF000" bytesRequested="56" />
<af-end id="3288" timestamp="2019-06-15T04:55:49.841" threadId="00000000016DF988" success="true" from="nursery"/>
<exclusive-end id="3289" timestamp="2019-06-15T04:55:49.841" durationms="5.158" />

<exclusive-start id="3290" timestamp="2019-06-15T04:55:49.845" intervalms="9.502">
  <response-info timems="0.036" idlems="0.036" threads="0" lastid="00000000016D3C00" lastname="PmdThread 1" />
</exclusive-start>
<af-start id="3291" threadId="00000000016D4588" totalBytesRequested="24" timestamp="2019-06-15T04:55:49.846" intervalms="9.497" type="nursery" />
<cycle-start id="3292" type="scavenge" contextid="0" timestamp="2019-06-15T04:55:49.846" intervalms="9.514" />
<gc-start id="3293" type="scavenge" contextid="3292" timestamp="2019-06-15T04:55:49.846">
  <mem-info id="3294" free="2043550560" total="2092630016" percent="97">
    <mem type="nursery" free="0" total="11403264" percent="0">
      <mem type="allocate" free="0" total="6815744" percent="0" />
      <mem type="survivor" free="0" total="4587520" percent="0" />
    </mem>
    <mem type="tenure" free="2043550560" total="2081226752" percent="98">
      <mem type="soa" free="2043550560" total="2081226752" percent="98" />
      <mem type="loa" free="0" total="0" percent="0" />
    </mem>
    <remembered-set count="704" />
  </mem-info>
</gc-start>
<allocation-stats totalBytes="3317320" >
  <allocated-bytes non-tlh="16888" tlh="3300432" />
  <largest-consumer threadName="PmdThread 4" threadId="00000000016DF000" bytes="1538128" />
</allocation-stats>
<gc-op id="3295" type="scavenge" timems="8.930" contextid="3292" timestamp="2019-06-15T04:55:49.855">
  <scavenger-info tenureage="2" tenuremask="7ffc" tiltratio="59" />
  <memory-copied type="nursery" objects="63537" bytes="1950024" bytesdiscarded="72112" />
  <memory-copied type="tenure" objects="75728" bytes="2327768" bytesdiscarded="1128" />
  <references type="weak" candidates="152" cleared="150" enqueued="150" />
</gc-op>
<gc-end id="3296" type="scavenge" contextid="3292" durationms="9.250" usertimems="8.000" systemtimems="0.000" timestamp="2019-06-15T04:55:49.855" activeThreads="4">
  <mem-info id="3297" free="2046209120" total="2092630016" percent="97">
    <mem type="nursery" free="4990192" total="11403264" percent="43">
      <mem type="allocate" free="4990192" total="7012352" percent="71" />
      <mem type="survivor" free="0" total="4390912" percent="0" />
    </mem>
    <mem type="tenure" free="2041218928" total="2081226752" percent="98">
      <mem type="soa" free="2041218928" total="2081226752" percent="98" />
      <mem type="loa" free="0" total="0" percent="0" />
    </mem>
    <pending-finalizers system="0" default="0" reference="150" classloader="0" />
    <remembered-set count="195" />
  </mem-info>
</gc-end>
<cycle-end id="3298" type="scavenge" contextid="3292" timestamp="2019-06-15T04:55:49.855" />
  <attribute name="elasticGC enabled" value="1" />
  <attribute name= "numThreadsSpecified" value="4" />
  <attribute name="heapSize specified" value="16121856" />
  <attribute name="Current GC Util" value="80" />
  <attribute name= "Current Time Running" value="5280" />
  <attribute name ="GC Interval" value="640" />
  <attribute name="ProportionalT" value="30.000000" />
  <attribute name="ProportionalI" value="30.000000" />
  <attribute name="ProportionalH" value="30.000000" />
  <attribute name="Current Error" value="60.000000" />
  <attribute name="IntegralT" value="600.000000" />
  <attribute name="IntegralI" value="600.000000" />
  <attribute name="IntegralH" value="600.000000" />
  <attribute name="DerivativeT" value="3.150000" />
  <attribute name="DerivativeI" value="3.150000" />
  <attribute name="DerivativeH" value="3.150000" />
  <attribute name="Loop Time for DT" value="10.000000" />
  <attribute name="Output H" value="8388608"/>
  <attribute name="Output I" value="640"/>
  <attribute name="Output T" value="4"/>
  <attribute name="Target GC Util Change" value ="20.000000" />
  <attribute name="Current GC Util Change" value="80.000000"/>
  <attribute name="GC Util currently" value="80" />
  <attribute name="CPU Util currently" value="480977259136" />
<allocation-satisfied id="3299" threadId="00000000016D3C00" bytesRequested="24" />
<af-end id="3300" timestamp="2019-06-15T04:55:49.855" threadId="00000000016D4588" success="true" from="nursery"/>
<exclusive-end id="3301" timestamp="2019-06-15T04:55:49.855" durationms="10.001" />

<exclusive-start id="3302" timestamp="2019-06-15T04:55:49.862" intervalms="16.352">
  <response-info timems="0.036" idlems="0.036" threads="0" lastid="00000000016DF000" lastname="PmdThread 4" />
</exclusive-start>
<af-start id="3303" threadId="00000000016DF988" totalBytesRequested="776" timestamp="2019-06-15T04:55:49.862" intervalms="16.390" type="nursery" />
<cycle-start id="3304" type="scavenge" contextid="0" timestamp="2019-06-15T04:55:49.862" intervalms="16.420" />
<gc-start id="3305" type="scavenge" contextid="3304" timestamp="2019-06-15T04:55:49.862">
  <mem-info id="3306" free="2041218928" total="2092630016" percent="97">
    <mem type="nursery" free="0" total="11403264" percent="0">
      <mem type="allocate" free="0" total="7012352" percent="0" />
      <mem type="survivor" free="0" total="4390912" percent="0" />
    </mem>
    <mem type="tenure" free="2041218928" total="2081226752" percent="98">
      <mem type="soa" free="2041218928" total="2081226752" percent="98" />
      <mem type="loa" free="0" total="0" percent="0" />
    </mem>
    <remembered-set count="2378" />
  </mem-info>
</gc-start>
<allocation-stats totalBytes="4986536" >
  <allocated-bytes non-tlh="24" tlh="4986512" />
  <largest-consumer threadName="PmdThread 4" threadId="00000000016DF000" bytes="2429848" />
</allocation-stats>
<gc-op id="3307" type="scavenge" timems="3.818" contextid="3304" timestamp="2019-06-15T04:55:49.866">
  <scavenger-info tenureage="2" tenuremask="7ffc" tiltratio="61" />
  <memory-copied type="nursery" objects="36569" bytes="1183424" bytesdiscarded="63552" />
  <memory-copied type="tenure" objects="35075" bytes="1021592" bytesdiscarded="336" />
  <references type="weak" candidates="175" cleared="174" enqueued="174" />
  <references type="phantom" candidates="1" cleared="0" enqueued="0" />
</gc-op>
<gc-end id="3308" type="scavenge" contextid="3304" durationms="4.212" usertimems="8.000" systemtimems="0.000" timestamp="2019-06-15T04:55:49.866" activeThreads="4">
  <mem-info id="3309" free="2046463832" total="2092630016" percent="97">
    <mem type="nursery" free="6224104" total="11403264" percent="54">
      <mem type="allocate" free="6224104" total="7471104" percent="83" />
      <mem type="survivor" free="0" total="3932160" percent="0" />
    </mem>
    <mem type="tenure" free="2040239728" total="2081226752" percent="98">
      <mem type="soa" free="2040239728" total="2081226752" percent="98" />
      <mem type="loa" free="0" total="0" percent="0" />
    </mem>
    <pending-finalizers system="0" default="0" reference="174" classloader="0" />
    <remembered-set count="2587" />
  </mem-info>
</gc-end>
<cycle-end id="3310" type="scavenge" contextid="3304" timestamp="2019-06-15T04:55:49.866" />
  <attribute name="elasticGC enabled" value="1" />
  <attribute name= "numThreadsSpecified" value="4" />
  <attribute name="heapSize specified" value="16121856" />
  <attribute name="Current GC Util" value="62" />
  <attribute name= "Current Time Running" value="5296" />
  <attribute name ="GC Interval" value="696" />
  <attribute name="ProportionalT" value="21.000000" />
  <attribute name="ProportionalI" value="21.000000" />
  <attribute name="ProportionalH" value="21.000000" />
  <attribute name="Current Error" value="42.000000" />
  <attribute name="IntegralT" value="672.000000" />
  <attribute name="IntegralI" value="672.000000" />
  <attribute name="IntegralH" value="672.000000" />
  <attribute name="DerivativeT" value="-1.687500" />
  <attribute name="DerivativeI" value="-1.687500" />
  <attribute name="DerivativeH" value="-1.687500" />
  <attribute name="Loop Time for DT" value="16.000000" />
  <attribute name="Output H" value="8388608"/>
  <attribute name="Output I" value="696"/>
  <attribute name="Output T" value="4"/>
  <attribute name="Target GC Util Change" value ="20.000000" />
  <attribute name="Current GC Util Change" value="62.000000"/>
  <attribute name="GC Util currently" value="62" />
  <attribute name="CPU Util currently" value="281824380700" />
<allocation-satisfied id="3311" threadId="00000000016DF000" bytesRequested="776" />
<af-end id="3312" timestamp="2019-06-15T04:55:49.867" threadId="00000000016DF988" success="true" from="nursery"/>
<exclusive-end id="3313" timestamp="2019-06-15T04:55:49.867" durationms="4.861" />

<exclusive-start id="3314" timestamp="2019-06-15T04:55:49.875" intervalms="13.105">
  <response-info timems="0.037" idlems="0.037" threads="0" lastid="00000000016DF000" lastname="PmdThread 4" />
</exclusive-start>
<af-start id="3315" threadId="00000000016DF988" totalBytesRequested="16" timestamp="2019-06-15T04:55:49.875" intervalms="13.058" type="nursery" />
<cycle-start id="3316" type="scavenge" contextid="0" timestamp="2019-06-15T04:55:49.875" intervalms="13.025" />
<gc-start id="3317" type="scavenge" contextid="3316" timestamp="2019-06-15T04:55:49.875">
  <mem-info id="3318" free="2040239728" total="2092630016" percent="97">
    <mem type="nursery" free="0" total="11403264" percent="0">
      <mem type="allocate" free="0" total="7471104" percent="0" />
      <mem type="survivor" free="0" total="3932160" percent="0" />
    </mem>
    <mem type="tenure" free="2040239728" total="2081226752" percent="98">
      <mem type="soa" free="2040239728" total="2081226752" percent="98" />
      <mem type="loa" free="0" total="0" percent="0" />
    </mem>
    <remembered-set count="3396" />
  </mem-info>
</gc-start>
<allocation-stats totalBytes="6220440" >
  <allocated-bytes non-tlh="776" tlh="6219664" />
  <largest-consumer threadName="PmdThread 2" threadId="00000000016D7800" bytes="3112448" />
</allocation-stats>
<gc-op id="3319" type="scavenge" timems="1.993" contextid="3316" timestamp="2019-06-15T04:55:49.877">
  <scavenger-info tenureage="2" tenuremask="7ffc" tiltratio="65" />
  <memory-copied type="nursery" objects="13307" bytes="595120" bytesdiscarded="137152" />
  <memory-copied type="tenure" objects="25238" bytes="769600" bytesdiscarded="232" />
  <references type="weak" candidates="66" cleared="66" enqueued="66" />
  <references type="phantom" candidates="5" cleared="4" enqueued="4" />
</gc-op>
<gc-end id="3320" type="scavenge" contextid="3316" durationms="2.339" usertimems="4.000" systemtimems="0.000" timestamp="2019-06-15T04:55:49.877" activeThreads="4">
  <mem-info id="3321" free="2046736256" total="2092630016" percent="97">
    <mem type="nursery" free="7262992" total="11403264" percent="63">
      <mem type="allocate" free="7262992" total="7995392" percent="90" />
      <mem type="survivor" free="0" total="3407872" percent="0" />
    </mem>
    <mem type="tenure" free="2039473264" total="2081226752" percent="97">
      <mem type="soa" free="2039473264" total="2081226752" percent="97" />
      <mem type="loa" free="0" total="0" percent="0" />
    </mem>
    <pending-finalizers system="0" default="0" reference="70" classloader="0" />
    <remembered-set count="3803" />
  </mem-info>
</gc-end>
<cycle-end id="3322" type="scavenge" contextid="3316" timestamp="2019-06-15T04:55:49.878" />
  <attribute name="elasticGC enabled" value="1" />
  <attribute name= "numThreadsSpecified" value="4" />
  <attribute name="heapSize specified" value="16121856" />
  <attribute name="Current GC Util" value="41" />
  <attribute name= "Current Time Running" value="5309" />
  <attribute name ="GC Interval" value="288" />
  <attribute name="ProportionalT" value="10.500000" />
  <attribute name="ProportionalI" value="10.500000" />
  <attribute name="ProportionalH" value="10.500000" />
  <attribute name="Current Error" value="21.000000" />
  <attribute name="IntegralT" value="273.000000" />
  <attribute name="IntegralI" value="273.000000" />
  <attribute name="IntegralH" value="273.000000" />
  <attribute name="DerivativeT" value="-2.423077" />
  <attribute name="DerivativeI" value="-2.423077" />
  <attribute name="DerivativeH" value="-2.423077" />
  <attribute name="Loop Time for DT" value="13.000000" />
  <attribute name="Output H" value="8388608"/>
  <attribute name="Output I" value="288"/>
  <attribute name="Output T" value="4"/>
  <attribute name="Target GC Util Change" value ="20.000000" />
  <attribute name="Current GC Util Change" value="41.000000"/>
  <attribute name="GC Util currently" value="41" />
  <attribute name="CPU Util currently" value="355381287986" />
<allocation-satisfied id="3323" threadId="00000000016DF000" bytesRequested="16" />
<af-end id="3324" timestamp="2019-06-15T04:55:49.878" threadId="00000000016DF988" success="true" from="nursery"/>
<exclusive-end id="3325" timestamp="2019-06-15T04:55:49.878" durationms="2.742" />

<exclusive-start id="3326" timestamp="2019-06-15T04:55:49.886" intervalms="11.291">
  <response-info timems="0.034" idlems="0.034" threads="0" lastid="00000000016D7800" lastname="PmdThread 2" />
</exclusive-start>
<af-start id="3327" threadId="00000000016D8188" totalBytesRequested="16" timestamp="2019-06-15T04:55:49.886" intervalms="11.323" type="nursery" />
<cycle-start id="3328" type="scavenge" contextid="0" timestamp="2019-06-15T04:55:49.886" intervalms="11.329" />
<gc-start id="3329" type="scavenge" contextid="3328" timestamp="2019-06-15T04:55:49.886">
  <mem-info id="3330" free="2039473064" total="2092630016" percent="97">
    <mem type="nursery" free="0" total="11403264" percent="0">
      <mem type="allocate" free="0" total="7995392" percent="0" />
      <mem type="survivor" free="0" total="3407872" percent="0" />
    </mem>
    <mem type="tenure" free="2039473064" total="2081226752" percent="97">
      <mem type="soa" free="2039473064" total="2081226752" percent="97" />
      <mem type="loa" free="0" total="0" percent="0" />
    </mem>
    <remembered-set count="3846" />
  </mem-info>
</gc-start>
<allocation-stats totalBytes="7261048" >
  <allocated-bytes non-tlh="216" tlh="7260832" />
  <largest-consumer threadName="PmdThread 4" threadId="00000000016DF000" bytes="3620544" />
</allocation-stats>
<gc-op id="3331" type="scavenge" timems="1.780" contextid="3328" timestamp="2019-06-15T04:55:49.888">
  <scavenger-info tenureage="3" tenuremask="7ff8" tiltratio="70" />
  <memory-copied type="nursery" objects="14808" bytes="572848" bytesdiscarded="79840" />
  <references type="weak" candidates="16" cleared="16" enqueued="16" />
  <references type="phantom" candidates="2" cleared="2" enqueued="2" />
</gc-op>
<gc-end id="3332" type="scavenge" contextid="3328" durationms="2.045" usertimems="4.000" systemtimems="0.000" timestamp="2019-06-15T04:55:49.889" activeThreads="4">
  <mem-info id="3333" free="2047339240" total="2092630016" percent="97">
    <mem type="nursery" free="7866176" total="11403264" percent="68">
      <mem type="allocate" free="7866176" total="8519680" percent="92" />
      <mem type="survivor" free="0" total="2883584" percent="0" />
    </mem>
    <mem type="tenure" free="2039473064" total="2081226752" percent="97">
      <mem type="soa" free="2039473064" total="2081226752" percent="97" />
      <mem type="loa" free="0" total="0" percent="0" />
    </mem>
    <pending-finalizers system="0" default="0" reference="18" classloader="0" />
    <remembered-set count="3833" />
  </mem-info>
</gc-end>
<cycle-end id="3334" type="scavenge" contextid="3328" timestamp="2019-06-15T04:55:49.889" />
  <attribute name="elasticGC enabled" value="1" />
  <attribute name= "numThreadsSpecified" value="4" />
  <attribute name="heapSize specified" value="16121856" />
  <attribute name="Current GC Util" value="31" />
  <attribute name= "Current Time Running" value="5321" />
  <attribute name ="GC Interval" value="200" />
  <attribute name="ProportionalT" value="5.500000" />
  <attribute name="ProportionalI" value="5.500000" />
  <attribute name="ProportionalH" value="5.500000" />
  <attribute name="Current Error" value="11.000000" />
  <attribute name="IntegralT" value="132.000000" />
  <attribute name="IntegralI" value="132.000000" />
  <attribute name="IntegralH" value="132.000000" />
  <attribute name="DerivativeT" value="-1.250000" />
  <attribute name="DerivativeI" value="-1.250000" />
  <attribute name="DerivativeH" value="-1.250000" />
  <attribute name="Loop Time for DT" value="12.000000" />
  <attribute name="Output H" value="8388608"/>
  <attribute name="Output I" value="200"/>
  <attribute name="Output T" value="4"/>
  <attribute name="Target GC Util Change" value ="20.000000" />
  <attribute name="Current GC Util Change" value="31.000000"/>
  <attribute name="GC Util currently" value="31" />
  <attribute name="CPU Util currently" value="405508106715" />
<allocation-satisfied id="3335" threadId="00000000016D7800" bytesRequested="16" />
<af-end id="3336" timestamp="2019-06-15T04:55:49.889" threadId="00000000016D8188" success="true" from="nursery"/>
<exclusive-end id="3337" timestamp="2019-06-15T04:55:49.889" durationms="2.611" />

<exclusive-start id="3338" timestamp="2019-06-15T04:55:49.897" intervalms="10.888">
  <response-info timems="0.042" idlems="0.038" threads="1" lastid="00000000016D7800" lastname="PmdThread 2" />
</exclusive-start>
<af-start id="3339" threadId="00000000016DF988" totalBytesRequested="40" timestamp="2019-06-15T04:55:49.897" intervalms="10.875" type="nursery" />
<cycle-start id="3340" type="scavenge" contextid="0" timestamp="2019-06-15T04:55:49.897" intervalms="10.859" />
<gc-start id="3341" type="scavenge" contextid="3340" timestamp="2019-06-15T04:55:49.897">
  <mem-info id="3342" free="2039472360" total="2092630016" percent="97">
    <mem type="nursery" free="0" total="11403264" percent="0">
      <mem type="allocate" free="0" total="8519680" percent="0" />
      <mem type="survivor" free="0" total="2883584" percent="0" />
    </mem>
    <mem type="tenure" free="2039472360" total="2081226752" percent="97">
      <mem type="soa" free="2039472360" total="2081226752" percent="97" />
      <mem type="loa" free="0" total="0" percent="0" />
    </mem>
    <remembered-set count="3912" />
  </mem-info>
</gc-start>
<allocation-stats totalBytes="7865512" >
  <allocated-bytes non-tlh="720" tlh="7864792" />
  <largest-consumer threadName="PmdThread 2" threadId="00000000016D7800" bytes="5444960" />
</allocation-stats>
<gc-op id="3343" type="scavenge" timems="0.972" contextid="3340" timestamp="2019-06-15T04:55:49.898">
  <scavenger-info tenureage="3" tenuremask="7ff8" tiltratio="74" />
  <memory-copied type="nursery" objects="13251" bytes="759512" bytesdiscarded="138640" />
  <memory-copied type="tenure" objects="9085" bytes="272200" bytesdiscarded="40" />
  <references type="weak" candidates="18" cleared="18" enqueued="18" />
  <references type="phantom" candidates="3" cleared="2" enqueued="2" />
</gc-op>
<gc-end id="3344" type="scavenge" contextid="3340" durationms="1.320" usertimems="0.000" systemtimems="0.000" timestamp="2019-06-15T04:55:49.899" activeThreads="4">
  <mem-info id="3345" free="2047145648" total="2092630016" percent="97">
    <mem type="nursery" free="8014280" total="11403264" percent="70">
      <mem type="allocate" free="8014280" total="8912896" percent="89" />
      <mem type="survivor" free="0" total="2490368" percent="0" />
    </mem>
    <mem type="tenure" free="2039131368" total="2081226752" percent="97">
      <mem type="soa" free="2039131368" total="2081226752" percent="97" />
      <mem type="loa" free="0" total="0" percent="0" />
    </mem>
    <pending-finalizers system="0" default="0" reference="20" classloader="0" />
    <remembered-set count="998" />
  </mem-info>
</gc-end>
<cycle-end id="3346" type="scavenge" contextid="3340" timestamp="2019-06-15T04:55:49.899" />
  <attribute name="elasticGC enabled" value="1" />
  <attribute name= "numThreadsSpecified" value="4" />
  <attribute name="heapSize specified" value="16121856" />
  <attribute name="Current GC Util" value="29" />
  <attribute name= "Current Time Running" value="5331" />
  <attribute name ="GC Interval" value="200" />
  <attribute name="ProportionalT" value="4.500000" />
  <attribute name="ProportionalI" value="4.500000" />
  <attribute name="ProportionalH" value="4.500000" />
  <attribute name="Current Error" value="9.000000" />
  <attribute name="IntegralT" value="90.000000" />
  <attribute name="IntegralI" value="90.000000" />
  <attribute name="IntegralH" value="90.000000" />
  <attribute name="DerivativeT" value="-0.300000" />
  <attribute name="DerivativeI" value="-0.300000" />
  <attribute name="DerivativeH" value="-0.300000" />
  <attribute name="Loop Time for DT" value="10.000000" />
  <attribute name="Output H" value="8388608"/>
  <attribute name="Output I" value="200"/>
  <attribute name="Output T" value="4"/>
  <attribute name="Target GC Util Change" value ="20.000000" />
  <attribute name="Current GC Util Change" value="29.000000"/>
  <attribute name="GC Util currently" value="29" />
  <attribute name="CPU Util currently" value="426939016046" />
<allocation-satisfied id="3347" threadId="00000000016DF000" bytesRequested="40" />
<af-end id="3348" timestamp="2019-06-15T04:55:49.899" threadId="00000000016DF988" success="true" from="nursery"/>
<exclusive-end id="3349" timestamp="2019-06-15T04:55:49.899" durationms="1.731" />

<exclusive-start id="3350" timestamp="2019-06-15T04:55:49.908" intervalms="11.102">
  <response-info timems="0.039" idlems="0.039" threads="0" lastid="00000000016DB400" lastname="PmdThread 3" />
</exclusive-start>
<af-start id="3351" threadId="00000000016DBD88" totalBytesRequested="16392" timestamp="2019-06-15T04:55:49.908" intervalms="11.100" type="nursery" />
<cycle-start id="3352" type="scavenge" contextid="0" timestamp="2019-06-15T04:55:49.908" intervalms="11.116" />
<gc-start id="3353" type="scavenge" contextid="3352" timestamp="2019-06-15T04:55:49.908">
  <mem-info id="3354" free="2039130376" total="2092630016" percent="97">
    <mem type="nursery" free="0" total="11403264" percent="0">
      <mem type="allocate" free="0" total="8912896" percent="0" />
      <mem type="survivor" free="0" total="2490368" percent="0" />
    </mem>
    <mem type="tenure" free="2039130376" total="2081226752" percent="97">
      <mem type="soa" free="2039130376" total="2081226752" percent="97" />
      <mem type="loa" free="0" total="0" percent="0" />
    </mem>
    <remembered-set count="1037" />
  </mem-info>
</gc-start>
<allocation-stats totalBytes="8012904" >
  <allocated-bytes non-tlh="1032" tlh="8011872" />
  <largest-consumer threadName="PmdThread 1" threadId="00000000016D3C00" bytes="3964568" />
</allocation-stats>
<gc-op id="3355" type="scavenge" timems="1.564" contextid="3352" timestamp="2019-06-15T04:55:49.910">
  <scavenger-info tenureage="5" tenuremask="7fe0" tiltratio="78" />
  <memory-copied type="nursery" objects="5747" bytes="387128" bytesdiscarded="190696" />
  <references type="weak" candidates="26" cleared="26" enqueued="26" />
  <references type="phantom" candidates="7" cleared="6" enqueued="6" />
</gc-op>
<gc-end id="3356" type="scavenge" contextid="3352" durationms="1.752" usertimems="4.000" systemtimems="0.000" timestamp="2019-06-15T04:55:49.910" activeThreads="4">
  <mem-info id="3357" free="2047792808" total="2092630016" percent="97">
    <mem type="nursery" free="8662432" total="11403264" percent="75">
      <mem type="allocate" free="8662432" total="9240576" percent="93" />
      <mem type="survivor" free="0" total="2162688" percent="0" />
    </mem>
    <mem type="tenure" free="2039130376" total="2081226752" percent="97">
      <mem type="soa" free="2039130376" total="2081226752" percent="97" />
      <mem type="loa" free="0" total="0" percent="0" />
    </mem>
    <pending-finalizers system="0" default="0" reference="32" classloader="0" />
    <remembered-set count="1016" />
  </mem-info>
</gc-end>
<cycle-end id="3358" type="scavenge" contextid="3352" timestamp="2019-06-15T04:55:49.910" />
  <attribute name="elasticGC enabled" value="1" />
  <attribute name= "numThreadsSpecified" value="4" />
  <attribute name="heapSize specified" value="16121856" />
  <attribute name="Current GC Util" value="24" />
  <attribute name= "Current Time Running" value="5342" />
  <attribute name ="GC Interval" value="200" />
  <attribute name="ProportionalT" value="2.000000" />
  <attribute name="ProportionalI" value="2.000000" />
  <attribute name="ProportionalH" value="2.000000" />
  <attribute name="Current Error" value="4.000000" />
  <attribute name="IntegralT" value="44.000000" />
  <attribute name="IntegralI" value="44.000000" />
  <attribute name="IntegralH" value="44.000000" />
  <attribute name="DerivativeT" value="-0.681818" />
  <attribute name="DerivativeI" value="-0.681818" />
  <attribute name="DerivativeH" value="-0.681818" />
  <attribute name="Loop Time for DT" value="11.000000" />
  <attribute name="Output H" value="8388608"/>
  <attribute name="Output I" value="200"/>
  <attribute name="Output T" value="4"/>
  <attribute name="Target GC Util Change" value ="20.000000" />
  <attribute name="Current GC Util Change" value="24.000000"/>
  <attribute name="GC Util currently" value="24" />
  <attribute name="CPU Util currently" value="413438745992" />
<allocation-satisfied id="3359" threadId="00000000016DB400" bytesRequested="16392" />
<af-end id="3360" timestamp="2019-06-15T04:55:49.910" threadId="00000000016DBD88" success="true" from="nursery"/>
<exclusive-end id="3361" timestamp="2019-06-15T04:55:49.910" durationms="2.241" />

<exclusive-start id="3362" timestamp="2019-06-15T04:55:49.919" intervalms="10.457">
  <response-info timems="0.082" idlems="0.047" threads="1" lastid="00000000016DB400" lastname="PmdThread 3" />
</exclusive-start>
<af-start id="3363" threadId="00000000016D4588" totalBytesRequested="48" timestamp="2019-06-15T04:55:49.919" intervalms="10.504" type="nursery" />
<cycle-start id="3364" type="scavenge" contextid="0" timestamp="2019-06-15T04:55:49.919" intervalms="10.510" />
<gc-start id="3365" type="scavenge" contextid="3364" timestamp="2019-06-15T04:55:49.919">
  <mem-info id="3366" free="2039129888" total="2092630016" percent="97">
    <mem type="nursery" free="0" total="11403264" percent="0">
      <mem type="allocate" free="0" total="9240576" percent="0" />
      <mem type="survivor" free="0" total="2162688" percent="0" />
    </mem>
    <mem type="tenure" free="2039129888" total="2081226752" percent="97">
      <mem type="soa" free="2039129888" total="2081226752" percent="97" />
      <mem type="loa" free="0" total="0" percent="0" />
    </mem>
    <remembered-set count="1059" />
  </mem-info>
</gc-start>
<allocation-stats totalBytes="8660448" >
  <allocated-bytes non-tlh="16880" tlh="8643568" />
  <largest-consumer threadName="PmdThread 1" threadId="00000000016D3C00" bytes="5602504" />
</allocation-stats>
<gc-op id="3367" type="scavenge" timems="1.614" contextid="3364" timestamp="2019-06-15T04:55:49.921">
  <scavenger-info tenureage="4" tenuremask="7fd0" tiltratio="81" />
  <memory-copied type="nursery" objects="7094" bytes="597008" bytesdiscarded="158808" />
  <memory-copied type="tenure" objects="3067" bytes="110952" bytesdiscarded="48" />
  <references type="weak" candidates="35" cleared="35" enqueued="35" />
  <references type="phantom" candidates="5" cleared="5" enqueued="5" />
</gc-op>
<gc-end id="3368" type="scavenge" contextid="3364" durationms="1.879" usertimems="4.000" systemtimems="0.000" timestamp="2019-06-15T04:55:49.921" activeThreads="4">
  <mem-info id="3369" free="2047797520" total="2092630016" percent="97">
    <mem type="nursery" free="8745968" total="11403264" percent="76">
      <mem type="allocate" free="8745968" total="9502720" percent="92" />
      <mem type="survivor" free="0" total="1900544" percent="0" />
    </mem>
    <mem type="tenure" free="2039051552" total="2081226752" percent="97">
      <mem type="soa" free="2039051552" total="2081226752" percent="97" />
      <mem type="loa" free="0" total="0" percent="0" />
    </mem>
    <pending-finalizers system="0" default="0" reference="40" classloader="0" />
    <remembered-set count="314" />
  </mem-info>
</gc-end>
<cycle-end id="3370" type="scavenge" contextid="3364" timestamp="2019-06-15T04:55:49.921" />
  <attribute name="elasticGC enabled" value="1" />
  <attribute name= "numThreadsSpecified" value="4" />
  <attribute name="heapSize specified" value="16121856" />
  <attribute name="Current GC Util" value="35" />
  <attribute name= "Current Time Running" value="5353" />
  <attribute name ="GC Interval" value="200" />
  <attribute name="ProportionalT" value="7.500000" />
  <attribute name="ProportionalI" value="7.500000" />
  <attribute name="ProportionalH" value="7.500000" />
  <attribute name="Current Error" value="15.000000" />
  <attribute name="IntegralT" value="165.000000" />
  <attribute name="IntegralI" value="165.000000" />
  <attribute name="IntegralH" value="165.000000" />
  <attribute name="DerivativeT" value="1.500000" />
  <attribute name="DerivativeI" value="1.500000" />
  <attribute name="DerivativeH" value="1.500000" />
  <attribute name="Loop Time for DT" value="11.000000" />
  <attribute name="Output H" value="8388608"/>
  <attribute name="Output I" value="200"/>
  <attribute name="Output T" value="4"/>
  <attribute name="Target GC Util Change" value ="20.000000" />
  <attribute name="Current GC Util Change" value="35.000000"/>
  <attribute name="GC Util currently" value="35" />
  <attribute name="CPU Util currently" value="436323382185" />
<allocation-satisfied id="3371" threadId="00000000016D3C00" bytesRequested="48" />
<af-end id="3372" timestamp="2019-06-15T04:55:49.921" threadId="00000000016D4588" success="true" from="nursery"/>
<exclusive-end id="3373" timestamp="2019-06-15T04:55:49.921" durationms="2.419" />

<exclusive-start id="3374" timestamp="2019-06-15T04:55:49.927" intervalms="8.557">
  <response-info timems="0.035" idlems="0.035" threads="0" lastid="00000000016D3C00" lastname="PmdThread 1" />
</exclusive-start>
<af-start id="3375" threadId="00000000016D4588" totalBytesRequested="16" timestamp="2019-06-15T04:55:49.927" intervalms="8.508" type="nursery" />
<cycle-start id="3376" type="scavenge" contextid="0" timestamp="2019-06-15T04:55:49.927" intervalms="8.499" />
<gc-start id="3377" type="scavenge" contextid="3376" timestamp="2019-06-15T04:55:49.927">
  <mem-info id="3378" free="2039050600" total="2092630016" percent="97">
    <mem type="nursery" free="0" total="11403264" percent="0">
      <mem type="allocate" free="0" total="9502720" percent="0" />
      <mem type="survivor" free="0" total="1900544" percent="0" />
    </mem>
    <mem type="tenure" free="2039050600" total="2081226752" percent="97">
      <mem type="soa" free="2039050600" total="2081226752" percent="97" />
      <mem type="loa" free="0" total="0" percent="0" />
    </mem>
    <remembered-set count="361" />
  </mem-info>
</gc-start>
<allocation-stats totalBytes="8743968" >
  <allocated-bytes non-tlh="1000" tlh="8742968" />
  <largest-consumer threadName="PmdThread 1" threadId="00000000016D3C00" bytes="5602704" />
</allocation-stats>
<gc-op id="3379" type="scavenge" timems="1.410" contextid="3376" timestamp="2019-06-15T04:55:49.929">
  <scavenger-info tenureage="7" tenuremask="7f80" tiltratio="83" />
  <memory-copied type="nursery" objects="9493" bytes="690848" bytesdiscarded="126280" />
  <references type="weak" candidates="43" cleared="43" enqueued="43" />
  <references type="phantom" candidates="8" cleared="7" enqueued="7" />
</gc-op>
<gc-end id="3380" type="scavenge" contextid="3376" durationms="1.588" usertimems="0.000" systemtimems="0.000" timestamp="2019-06-15T04:55:49.929" activeThreads="4">
  <mem-info id="3381" free="2047930888" total="2092630016" percent="97">
    <mem type="nursery" free="8880288" total="11403264" percent="77">
      <mem type="allocate" free="8880288" total="9699328" percent="91" />
      <mem type="survivor" free="0" total="1703936" percent="0" />
    </mem>
    <mem type="tenure" free="2039050600" total="2081226752" percent="97">
      <mem type="soa" free="2039050600" total="2081226752" percent="97" />
      <mem type="loa" free="0" total="0" percent="0" />
    </mem>
    <pending-finalizers system="0" default="0" reference="50" classloader="0" />
    <remembered-set count="331" />
  </mem-info>
</gc-end>
<cycle-end id="3382" type="scavenge" contextid="3376" timestamp="2019-06-15T04:55:49.929" />
  <attribute name="elasticGC enabled" value="1" />
  <attribute name= "numThreadsSpecified" value="4" />
  <attribute name="heapSize specified" value="16121856" />
  <attribute name="Current GC Util" value="42" />
  <attribute name= "Current Time Running" value="5361" />
  <attribute name ="GC Interval" value="200" />
  <attribute name="ProportionalT" value="11.000000" />
  <attribute name="ProportionalI" value="11.000000" />
  <attribute name="ProportionalH" value="11.000000" />
  <attribute name="Current Error" value="22.000000" />
  <attribute name="IntegralT" value="176.000000" />
  <attribute name="IntegralI" value="176.000000" />
  <attribute name="IntegralH" value="176.000000" />
  <attribute name="DerivativeT" value="1.312500" />
  <attribute name="DerivativeI" value="1.312500" />
  <attribute name="DerivativeH" value="1.312500" />
  <attribute name="Loop Time for DT" value="8.000000" />
  <attribute name="Output H" value="8388608"/>
  <attribute name="Output I" value="200"/>
  <attribute name="Output T" value="4"/>
  <attribute name="Target GC Util Change" value ="20.000000" />
  <attribute name="Current GC Util Change" value="42.000000"/>
  <attribute name="GC Util currently" value="42" />
  <attribute name="CPU Util currently" value="547240236216" />
<allocation-satisfied id="3383" threadId="00000000016D3C00" bytesRequested="16" />
<af-end id="3384" timestamp="2019-06-15T04:55:49.929" threadId="00000000016D4588" success="true" from="nursery"/>
<exclusive-end id="3385" timestamp="2019-06-15T04:55:49.929" durationms="2.054" />

<exclusive-start id="3386" timestamp="2019-06-15T04:55:49.936" intervalms="8.931">
  <response-info timems="0.033" idlems="0.033" threads="0" lastid="00000000016D7800" lastname="PmdThread 2" />
</exclusive-start>
<af-start id="3387" threadId="00000000016D8188" totalBytesRequested="40" timestamp="2019-06-15T04:55:49.936" intervalms="8.932" type="nursery" />
<cycle-start id="3388" type="scavenge" contextid="0" timestamp="2019-06-15T04:55:49.936" intervalms="8.934" />
<gc-start id="3389" type="scavenge" contextid="3388" timestamp="2019-06-15T04:55:49.936">
  <mem-info id="3390" free="2039050144" total="2092630016" percent="97">
    <mem type="nursery" free="0" total="11403264" percent="0">
      <mem type="allocate" free="0" total="9699328" percent="0" />
      <mem type="survivor" free="0" total="1703936" percent="0" />
    </mem>
    <mem type="tenure" free="2039050144" total="2081226752" percent="97">
      <mem type="soa" free="2039050144" total="2081226752" percent="97" />
      <mem type="loa" free="0" total="0" percent="0" />
    </mem>
    <remembered-set count="381" />
  </mem-info>
</gc-start>
<allocation-stats totalBytes="8877144" >
  <allocated-bytes non-tlh="472" tlh="8876672" />
  <largest-consumer threadName="PmdThread 1" threadId="00000000016D3C00" bytes="5189304" />
</allocation-stats>
<gc-op id="3391" type="scavenge" timems="1.452" contextid="3388" timestamp="2019-06-15T04:55:49.938">
  <scavenger-info tenureage="8" tenuremask="7f00" tiltratio="85" />
  <memory-copied type="nursery" objects="12510" bytes="849848" bytesdiscarded="132216" />
  <references type="weak" candidates="60" cleared="60" enqueued="60" />
  <references type="phantom" candidates="11" cleared="10" enqueued="10" />
</gc-op>
<gc-end id="3392" type="scavenge" contextid="3388" durationms="1.652" usertimems="4.000" systemtimems="0.000" timestamp="2019-06-15T04:55:49.938" activeThreads="4">
  <mem-info id="3393" free="2047897384" total="2092630016" percent="97">
    <mem type="nursery" free="8847240" total="11403264" percent="77">
      <mem type="allocate" free="8847240" total="9830400" percent="89" />
      <mem type="survivor" free="0" total="1572864" percent="0" />
    </mem>
    <mem type="tenure" free="2039050144" total="2081226752" percent="97">
      <mem type="soa" free="2039050144" total="2081226752" percent="97" />
      <mem type="loa" free="0" total="0" percent="0" />
    </mem>
    <pending-finalizers system="0" default="0" reference="70" classloader="0" />
    <remembered-set count="352" />
  </mem-info>
</gc-end>
<cycle-end id="3394" type="scavenge" contextid="3388" timestamp="2019-06-15T04:55:49.938" />
  <attribute name="elasticGC enabled" value="1" />
  <attribute name= "numThreadsSpecified" value="4" />
  <attribute name="heapSize specified" value="16121856" />
  <attribute name="Current GC Util" value="37" />
  <attribute name= "Current Time Running" value="5370" />
  <attribute name ="GC Interval" value="200" />
  <attribute name="ProportionalT" value="8.500000" />
  <attribute name="ProportionalI" value="8.500000" />
  <attribute name="ProportionalH" value="8.500000" />
  <attribute name="Current Error" value="17.000000" />
  <attribute name="IntegralT" value="153.000000" />
  <attribute name="IntegralI" value="153.000000" />
  <attribute name="IntegralH" value="153.000000" />
  <attribute name="DerivativeT" value="-0.833333" />
  <attribute name="DerivativeI" value="-0.833333" />
  <attribute name="DerivativeH" value="-0.833333" />
  <attribute name="Loop Time for DT" value="9.000000" />
  <attribute name="Output H" value="8388608"/>
  <attribute name="Output I" value="200"/>
  <attribute name="Output T" value="4"/>
  <attribute name="Target GC Util Change" value ="20.000000" />
  <attribute name="Current GC Util Change" value="37.000000"/>
  <attribute name="GC Util currently" value="37" />
  <attribute name="CPU Util currently" value="515132771233" />
<allocation-satisfied id="3395" threadId="00000000016D7800" bytesRequested="40" />
<af-end id="3396" timestamp="2019-06-15T04:55:49.938" threadId="00000000016D8188" success="true" from="nursery"/>
<exclusive-end id="3397" timestamp="2019-06-15T04:55:49.938" durationms="2.152" />

<exclusive-start id="3398" timestamp="2019-06-15T04:55:49.952" intervalms="15.777">
  <response-info timems="0.243" idlems="0.090" threads="2" lastid="00000000016D3C00" lastname="PmdThread 1" />
</exclusive-start>
<af-start id="3399" threadId="00000000016DBD88" totalBytesRequested="72" timestamp="2019-06-15T04:55:49.952" intervalms="15.772" type="nursery" />
<cycle-start id="3400" type="scavenge" contextid="0" timestamp="2019-06-15T04:55:49.952" intervalms="15.763" />
<gc-start id="3401" type="scavenge" contextid="3400" timestamp="2019-06-15T04:55:49.952">
  <mem-info id="3402" free="2039049936" total="2092630016" percent="97">
    <mem type="nursery" free="0" total="11403264" percent="0">
      <mem type="allocate" free="0" total="9830400" percent="0" />
      <mem type="survivor" free="0" total="1572864" percent="0" />
    </mem>
    <mem type="tenure" free="2039049936" total="2081226752" percent="97">
      <mem type="soa" free="2039049936" total="2081226752" percent="97" />
      <mem type="loa" free="0" total="0" percent="0" />
    </mem>
    <remembered-set count="432" />
  </mem-info>
</gc-start>
<allocation-stats totalBytes="8844296" >
  <allocated-bytes non-tlh="248" tlh="8844048" />
  <largest-consumer threadName="PmdThread 4" threadId="00000000016DF000" bytes="3336744" />
</allocation-stats>
<gc-op id="3403" type="scavenge" timems="1.688" contextid="3400" timestamp="2019-06-15T04:55:49.954">
  <scavenger-info tenureage="9" tenuremask="7e00" tiltratio="86" />
  <memory-copied type="nursery" objects="17675" bytes="1049424" bytesdiscarded="53664" />
  <references type="weak" candidates="94" cleared="93" enqueued="91" />
  <references type="phantom" candidates="17" cleared="17" enqueued="17" />
</gc-op>
<gc-end id="3404" type="scavenge" contextid="3400" durationms="1.858" usertimems="0.000" systemtimems="0.000" timestamp="2019-06-15T04:55:49.954" activeThreads="1">
  <mem-info id="3405" free="2047775208" total="2092630016" percent="97">
    <mem type="nursery" free="8725272" total="11403264" percent="76">
      <mem type="allocate" free="8725272" total="9830400" percent="88" />
      <mem type="survivor" free="0" total="1572864" percent="0" />
    </mem>
    <mem type="tenure" free="2039049936" total="2081226752" percent="97">
      <mem type="soa" free="2039049936" total="2081226752" percent="97" />
      <mem type="loa" free="0" total="0" percent="0" />
    </mem>
    <pending-finalizers system="0" default="0" reference="108" classloader="0" />
    <remembered-set count="406" />
  </mem-info>
</gc-end>
<cycle-end id="3406" type="scavenge" contextid="3400" timestamp="2019-06-15T04:55:49.954" />
  <attribute name="elasticGC enabled" value="1" />
  <attribute name= "numThreadsSpecified" value="1" />
  <attribute name="heapSize specified" value="16121856" />
  <attribute name="Current GC Util" value="20" />
  <attribute name= "Current Time Running" value="5386" />
  <attribute name ="GC Interval" value="200" />
  <attribute name="ProportionalT" value="0.000000" />
  <attribute name="ProportionalI" value="0.000000" />
  <attribute name="ProportionalH" value="0.000000" />
  <attribute name="Current Error" value="0.000000" />
  <attribute name="IntegralT" value="0.000000" />
  <attribute name="IntegralI" value="0.000000" />
  <attribute name="IntegralH" value="0.000000" />
  <attribute name="DerivativeT" value="-1.593750" />
  <attribute name="DerivativeI" value="-1.593750" />
  <attribute name="DerivativeH" value="-1.593750" />
  <attribute name="Loop Time for DT" value="16.000000" />
  <attribute name="Output H" value="8388608"/>
  <attribute name="Output I" value="200"/>
  <attribute name="Output T" value="1"/>
  <attribute name="Target GC Util Change" value ="20.000000" />
  <attribute name="Current GC Util Change" value="20.000000"/>
  <attribute name="GC Util currently" value="20" />
  <attribute name="CPU Util currently" value="293180001895" />
<allocation-satisfied id="3407" threadId="00000000016DB400" bytesRequested="72" />
<af-end id="3408" timestamp="2019-06-15T04:55:49.954" threadId="00000000016DBD88" success="true" from="nursery"/>
<exclusive-end id="3409" timestamp="2019-06-15T04:55:49.954" durationms="2.273" />

<exclusive-start id="3410" timestamp="2019-06-15T04:55:49.975" intervalms="22.669">
  <response-info timems="0.034" idlems="0.033" threads="1" lastid="00000000016DF000" lastname="PmdThread 4" />
</exclusive-start>
<af-start id="3411" threadId="00000000016DBD88" totalBytesRequested="24" timestamp="2019-06-15T04:55:49.975" intervalms="22.681" type="nursery" />
<cycle-start id="3412" type="scavenge" contextid="0" timestamp="2019-06-15T04:55:49.975" intervalms="22.692" />
<gc-start id="3413" type="scavenge" contextid="3412" timestamp="2019-06-15T04:55:49.975">
  <mem-info id="3414" free="2039045448" total="2092630016" percent="97">
    <mem type="nursery" free="0" total="11403264" percent="0">
      <mem type="allocate" free="0" total="9830400" percent="0" />
      <mem type="survivor" free="0" total="1572864" percent="0" />
    </mem>
    <mem type="tenure" free="2039045448" total="2081226752" percent="97">
      <mem type="soa" free="2039045448" total="2081226752" percent="97" />
      <mem type="loa" free="0" total="0" percent="0" />
    </mem>
    <remembered-set count="606" />
  </mem-info>
</gc-start>
<allocation-stats totalBytes="8724968" >
  <allocated-bytes non-tlh="4560" tlh="8720408" />
  <largest-consumer threadName="PmdThread 4" threadId="00000000016DF000" bytes="3743144" />
</allocation-stats>
<gc-op id="3415" type="scavenge" timems="2.096" contextid="3412" timestamp="2019-06-15T04:55:49.977">
  <scavenger-info tenureage="9" tenuremask="7e00" tiltratio="86" />
  <memory-copied type="nursery" objects="16374" bytes="1000160" bytesdiscarded="81256" />
  <references type="soft" candidates="1" cleared="0" enqueued="0" dynamicThreshold="31" maxThreshold="32" />
  <references type="weak" candidates="140" cleared="137" enqueued="136" />
  <references type="phantom" candidates="14" cleared="14" enqueued="14" />
</gc-op>
<gc-end id="3416" type="scavenge" contextid="3412" durationms="2.277" usertimems="4.000" systemtimems="4.000" timestamp="2019-06-15T04:55:49.977" activeThreads="4">
  <mem-info id="3417" free="2047921832" total="2092630016" percent="97">
    <mem type="nursery" free="8876384" total="11403264" percent="77">
      <mem type="allocate" free="8876384" total="9961472" percent="89" />
      <mem type="survivor" free="0" total="1441792" percent="0" />
    </mem>
    <mem type="tenure" free="2039045448" total="2081226752" percent="97">
      <mem type="soa" free="2039045448" total="2081226752" percent="97" />
      <mem type="loa" free="0" total="0" percent="0" />
    </mem>
    <pending-finalizers system="0" default="0" reference="150" classloader="0" />
    <remembered-set count="559" />
  </mem-info>
</gc-end>
<cycle-end id="3418" type="scavenge" contextid="3412" timestamp="2019-06-15T04:55:49.977" />
  <attribute name="elasticGC enabled" value="1" />
  <attribute name= "numThreadsSpecified" value="4" />
  <attribute name="heapSize specified" value="16121856" />
  <attribute name="Current GC Util" value="8" />
  <attribute name= "Current Time Running" value="5409" />
  <attribute name ="GC Interval" value="200" />
  <attribute name="ProportionalT" value="-6.000000" />
  <attribute name="ProportionalI" value="-6.000000" />
  <attribute name="ProportionalH" value="-6.000000" />
  <attribute name="Current Error" value="-12.000000" />
  <attribute name="IntegralT" value="-276.000000" />
  <attribute name="IntegralI" value="-276.000000" />
  <attribute name="IntegralH" value="-276.000000" />
  <attribute name="DerivativeT" value="-0.782609" />
  <attribute name="DerivativeI" value="-0.782609" />
  <attribute name="DerivativeH" value="-0.782609" />
  <attribute name="Loop Time for DT" value="23.000000" />
  <attribute name="Output H" value="2092630016"/>
  <attribute name="Output I" value="200"/>
  <attribute name="Output T" value="4"/>
  <attribute name="Target GC Util Change" value ="20.000000" />
  <attribute name="Current GC Util Change" value="8.000000"/>
  <attribute name="GC Util currently" value="8" />
  <attribute name="CPU Util currently" value="203029588921" />
<allocation-satisfied id="3419" threadId="00000000016DB400" bytesRequested="24" />
<af-end id="3420" timestamp="2019-06-15T04:55:49.977" threadId="00000000016DBD88" success="true" from="nursery"/>
<exclusive-end id="3421" timestamp="2019-06-15T04:55:49.977" durationms="2.824" />

<exclusive-start id="3422" timestamp="2019-06-15T04:55:49.990" intervalms="15.050">
  <response-info timems="0.047" idlems="0.047" threads="0" lastid="00000000016D7800" lastname="PmdThread 2" />
</exclusive-start>
<af-start id="3423" threadId="00000000016D8188" totalBytesRequested="176" timestamp="2019-06-15T04:55:49.990" intervalms="15.033" type="nursery" />
<cycle-start id="3424" type="scavenge" contextid="0" timestamp="2019-06-15T04:55:49.990" intervalms="15.026" />
<gc-start id="3425" type="scavenge" contextid="3424" timestamp="2019-06-15T04:55:49.990">
  <mem-info id="3426" free="2039043568" total="2092630016" percent="97">
    <mem type="nursery" free="0" total="11403264" percent="0">
      <mem type="allocate" free="0" total="9961472" percent="0" />
      <mem type="survivor" free="0" total="1441792" percent="0" />
    </mem>
    <mem type="tenure" free="2039043568" total="2081226752" percent="97">
      <mem type="soa" free="2039043568" total="2081226752" percent="97" />
      <mem type="loa" free="0" total="0" percent="0" />
    </mem>
    <remembered-set count="636" />
  </mem-info>
</gc-start>
<allocation-stats totalBytes="8875352" >
  <allocated-bytes non-tlh="1904" tlh="8873448" />
  <largest-consumer threadName="PmdThread 2" threadId="00000000016D7800" bytes="3255960" />
</allocation-stats>
<gc-op id="3427" type="scavenge" timems="3.883" contextid="3424" timestamp="2019-06-15T04:55:49.994">
  <scavenger-info tenureage="7" tenuremask="7f80" tiltratio="87" />
  <memory-copied type="nursery" objects="29487" bytes="1435024" bytesdiscarded="3064" />
  <memory-copied type="tenure" objects="9096" bytes="610968" bytesdiscarded="496" />
  <copy-failed type="nursery" objects="8143" bytes="549136" />
  <finalization candidates="1" enqueued="0" />
  <references type="soft" candidates="1" cleared="0" enqueued="0" dynamicThreshold="31" maxThreshold="32" />
  <references type="weak" candidates="76" cleared="67" enqueued="67" />
  <references type="phantom" candidates="10" cleared="8" enqueued="8" />
</gc-op>
<gc-end id="3428" type="scavenge" contextid="3424" durationms="4.083" usertimems="4.000" systemtimems="4.000" timestamp="2019-06-15T04:55:49.994" activeThreads="4">
  <mem-info id="3429" free="2045005480" total="2092630016" percent="97">
    <mem type="nursery" free="6750208" total="11403264" percent="59">
      <mem type="allocate" free="6750208" total="8192000" percent="82" />
      <mem type="survivor" free="0" total="3211264" percent="0" />
    </mem>
    <mem type="tenure" free="2038255272" total="2081226752" percent="97">
      <mem type="soa" free="2038255272" total="2081226752" percent="97" />
      <mem type="loa" free="0" total="0" percent="0" />
    </mem>
    <pending-finalizers system="0" default="0" reference="75" classloader="0" />
    <remembered-set count="3115" />
  </mem-info>
</gc-end>
<cycle-end id="3430" type="scavenge" contextid="3424" timestamp="2019-06-15T04:55:49.994" />
  <attribute name="elasticGC enabled" value="1" />
  <attribute name= "numThreadsSpecified" value="4" />
  <attribute name="heapSize specified" value="16121856" />
  <attribute name="Current GC Util" value="34" />
  <attribute name= "Current Time Running" value="5424" />
  <attribute name ="GC Interval" value="224" />
  <attribute name="ProportionalT" value="7.000000" />
  <attribute name="ProportionalI" value="7.000000" />
  <attribute name="ProportionalH" value="7.000000" />
  <attribute name="Current Error" value="14.000000" />
  <attribute name="IntegralT" value="210.000000" />
  <attribute name="IntegralI" value="210.000000" />
  <attribute name="IntegralH" value="210.000000" />
  <attribute name="DerivativeT" value="1.400000" />
  <attribute name="DerivativeI" value="1.400000" />
  <attribute name="DerivativeH" value="1.400000" />
  <attribute name="Loop Time for DT" value="15.000000" />
  <attribute name="Output H" value="8388608"/>
  <attribute name="Output I" value="224"/>
  <attribute name="Output T" value="4"/>
  <attribute name="Target GC Util Change" value ="20.000000" />
  <attribute name="Current GC Util Change" value="34.000000"/>
  <attribute name="GC Util currently" value="34" />
  <attribute name="CPU Util currently" value="306623692628" />
<allocation-satisfied id="3431" threadId="00000000016D7800" bytesRequested="176" />
<af-end id="3432" timestamp="2019-06-15T04:55:49.994" threadId="00000000016D8188" success="true" from="nursery"/>
<exclusive-end id="3433" timestamp="2019-06-15T04:55:49.994" durationms="4.753" />

<exclusive-start id="3434" timestamp="2019-06-15T04:55:50.004" intervalms="14.089">
  <response-info timems="0.108" idlems="0.063" threads="1" lastid="00000000016DF000" lastname="PmdThread 4" />
</exclusive-start>
<af-start id="3435" threadId="00000000016DBD88" totalBytesRequested="56" timestamp="2019-06-15T04:55:50.004" intervalms="14.089" type="nursery" />
<cycle-start id="3436" type="scavenge" contextid="0" timestamp="2019-06-15T04:55:50.004" intervalms="14.094" />
<gc-start id="3437" type="scavenge" contextid="3436" timestamp="2019-06-15T04:55:50.004">
  <mem-info id="3438" free="2038253280" total="2092630016" percent="97">
    <mem type="nursery" free="0" total="11403264" percent="0">
      <mem type="allocate" free="0" total="8192000" percent="0" />
      <mem type="survivor" free="0" total="3211264" percent="0" />
    </mem>
    <mem type="tenure" free="2038253280" total="2081226752" percent="97">
      <mem type="soa" free="2038253280" total="2081226752" percent="97" />
      <mem type="loa" free="0" total="0" percent="0" />
    </mem>
    <remembered-set count="3201" />
  </mem-info>
</gc-start>
<allocation-stats totalBytes="6750160" >
  <allocated-bytes non-tlh="2168" tlh="6747992" />
  <largest-consumer threadName="PmdThread 3" threadId="00000000016DB400" bytes="2490520" />
</allocation-stats>
<gc-op id="3439" type="scavenge" timems="2.163" contextid="3436" timestamp="2019-06-15T04:55:50.006">
  <scavenger-info tenureage="9" tenuremask="7e00" tiltratio="71" />
  <memory-copied type="nursery" objects="36733" bytes="1786488" bytesdiscarded="203920" />
  <finalization candidates="1" enqueued="0" />
  <references type="soft" candidates="1" cleared="0" enqueued="0" dynamicThreshold="31" maxThreshold="32" />
  <references type="weak" candidates="57" cleared="47" enqueued="46" />
  <references type="phantom" candidates="20" cleared="18" enqueued="18" />
</gc-op>
<gc-end id="3440" type="scavenge" contextid="3436" durationms="2.353" usertimems="8.000" systemtimems="0.000" timestamp="2019-06-15T04:55:50.006" activeThreads="4">
  <mem-info id="3441" free="2044645200" total="2092630016" percent="97">
    <mem type="nursery" free="6391920" total="11403264" percent="56">
      <mem type="allocate" free="6391920" total="8388608" percent="76" />
      <mem type="survivor" free="0" total="3014656" percent="0" />
    </mem>
    <mem type="tenure" free="2038253280" total="2081226752" percent="97">
      <mem type="soa" free="2038253280" total="2081226752" percent="97" />
      <mem type="loa" free="0" total="0" percent="0" />
    </mem>
    <pending-finalizers system="0" default="0" reference="64" classloader="0" />
    <remembered-set count="3134" />
  </mem-info>
</gc-end>
<cycle-end id="3442" type="scavenge" contextid="3436" timestamp="2019-06-15T04:55:50.006" />
  <attribute name="elasticGC enabled" value="1" />
  <attribute name= "numThreadsSpecified" value="4" />
  <attribute name="heapSize specified" value="16121856" />
  <attribute name="Current GC Util" value="55" />
  <attribute name= "Current Time Running" value="5438" />
  <attribute name ="GC Interval" value="512" />
  <attribute name="ProportionalT" value="17.500000" />
  <attribute name="ProportionalI" value="17.500000" />
  <attribute name="ProportionalH" value="17.500000" />
  <attribute name="Current Error" value="35.000000" />
  <attribute name="IntegralT" value="490.000000" />
  <attribute name="IntegralI" value="490.000000" />
  <attribute name="IntegralH" value="490.000000" />
  <attribute name="DerivativeT" value="2.250000" />
  <attribute name="DerivativeI" value="2.250000" />
  <attribute name="DerivativeH" value="2.250000" />
  <attribute name="Loop Time for DT" value="14.000000" />
  <attribute name="Output H" value="8388608"/>
  <attribute name="Output I" value="512"/>
  <attribute name="Output T" value="4"/>
  <attribute name="Target GC Util Change" value ="20.000000" />
  <attribute name="Current GC Util Change" value="55.000000"/>
  <attribute name="GC Util currently" value="55" />
  <attribute name="CPU Util currently" value="327366157408" />
<allocation-satisfied id="3443" threadId="00000000016DB400" bytesRequested="56" />
<af-end id="3444" timestamp="2019-06-15T04:55:50.007" threadId="00000000016DBD88" success="true" from="nursery"/>
<exclusive-end id="3445" timestamp="2019-06-15T04:55:50.007" durationms="2.831" />

<exclusive-start id="3446" timestamp="2019-06-15T04:55:50.023" intervalms="19.436">
  <response-info timems="0.042" idlems="0.042" threads="0" lastid="00000000016D7800" lastname="PmdThread 2" />
</exclusive-start>
<af-start id="3447" threadId="00000000016D8188" totalBytesRequested="120" timestamp="2019-06-15T04:55:50.023" intervalms="19.443" type="nursery" />
<cycle-start id="3448" type="scavenge" contextid="0" timestamp="2019-06-15T04:55:50.023" intervalms="19.438" />
<gc-start id="3449" type="scavenge" contextid="3448" timestamp="2019-06-15T04:55:50.023">
  <mem-info id="3450" free="2038251600" total="2092630016" percent="97">
    <mem type="nursery" free="0" total="11403264" percent="0">
      <mem type="allocate" free="0" total="8388608" percent="0" />
      <mem type="survivor" free="0" total="3014656" percent="0" />
    </mem>
    <mem type="tenure" free="2038251600" total="2081226752" percent="97">
      <mem type="soa" free="2038251600" total="2081226752" percent="97" />
      <mem type="loa" free="0" total="0" percent="0" />
    </mem>
    <remembered-set count="3201" />
  </mem-info>
</gc-start>
<allocation-stats totalBytes="6391144" >
  <allocated-bytes non-tlh="1736" tlh="6389408" />
  <largest-consumer threadName="PmdThread 3" threadId="00000000016DB400" bytes="2396224" />
</allocation-stats>
<gc-op id="3451" type="scavenge" timems="1.856" contextid="3448" timestamp="2019-06-15T04:55:50.025">
  <scavenger-info tenureage="9" tenuremask="7e00" tiltratio="73" />
  <memory-copied type="nursery" objects="25718" bytes="1573944" bytesdiscarded="171808" />
  <finalization candidates="1" enqueued="0" />
  <references type="soft" candidates="1" cleared="0" enqueued="0" dynamicThreshold="31" maxThreshold="32" />
  <references type="weak" candidates="61" cleared="50" enqueued="49" />
  <references type="phantom" candidates="11" cleared="9" enqueued="9" />
</gc-op>
<gc-end id="3452" type="scavenge" contextid="3448" durationms="2.041" usertimems="0.000" systemtimems="4.000" timestamp="2019-06-15T04:55:50.025" activeThreads="4">
  <mem-info id="3453" free="2045088264" total="2092630016" percent="97">
    <mem type="nursery" free="6836664" total="11403264" percent="59">
      <mem type="allocate" free="6836664" total="8585216" percent="79" />
      <mem type="survivor" free="0" total="2818048" percent="0" />
    </mem>
    <mem type="tenure" free="2038251600" total="2081226752" percent="97">
      <mem type="soa" free="2038251600" total="2081226752" percent="97" />
      <mem type="loa" free="0" total="0" percent="0" />
    </mem>
    <pending-finalizers system="0" default="0" reference="58" classloader="0" />
    <remembered-set count="3152" />
  </mem-info>
</gc-end>
<cycle-end id="3454" type="scavenge" contextid="3448" timestamp="2019-06-15T04:55:50.026" />
  <attribute name="elasticGC enabled" value="1" />
  <attribute name= "numThreadsSpecified" value="4" />
  <attribute name="heapSize specified" value="16121856" />
  <attribute name="Current GC Util" value="28" />
  <attribute name= "Current Time Running" value="5457" />
  <attribute name ="GC Interval" value="200" />
  <attribute name="ProportionalT" value="4.000000" />
  <attribute name="ProportionalI" value="4.000000" />
  <attribute name="ProportionalH" value="4.000000" />
  <attribute name="Current Error" value="8.000000" />
  <attribute name="IntegralT" value="152.000000" />
  <attribute name="IntegralI" value="152.000000" />
  <attribute name="IntegralH" value="152.000000" />
  <attribute name="DerivativeT" value="-2.131579" />
  <attribute name="DerivativeI" value="-2.131579" />
  <attribute name="DerivativeH" value="-2.131579" />
  <attribute name="Loop Time for DT" value="19.000000" />
  <attribute name="Output H" value="8388608"/>
  <attribute name="Output I" value="200"/>
  <attribute name="Output T" value="4"/>
  <attribute name="Target GC Util Change" value ="20.000000" />
  <attribute name="Current GC Util Change" value="28.000000"/>
  <attribute name="GC Util currently" value="28" />
  <attribute name="CPU Util currently" value="237392391007" />
<allocation-satisfied id="3455" threadId="00000000016D7800" bytesRequested="120" />
<af-end id="3456" timestamp="2019-06-15T04:55:50.026" threadId="00000000016D8188" success="true" from="nursery"/>
<exclusive-end id="3457" timestamp="2019-06-15T04:55:50.026" durationms="2.536" />

<exclusive-start id="3458" timestamp="2019-06-15T04:55:50.034" intervalms="10.353">
  <response-info timems="0.041" idlems="0.041" threads="0" lastid="00000000016DB400" lastname="PmdThread 3" />
</exclusive-start>
<af-start id="3459" threadId="00000000016DBD88" totalBytesRequested="16392" timestamp="2019-06-15T04:55:50.034" intervalms="10.345" type="nursery" />
<cycle-start id="3460" type="scavenge" contextid="0" timestamp="2019-06-15T04:55:50.034" intervalms="10.348" />
<gc-start id="3461" type="scavenge" contextid="3460" timestamp="2019-06-15T04:55:50.034">
  <mem-info id="3462" free="2038250976" total="2092630016" percent="97">
    <mem type="nursery" free="0" total="11403264" percent="0">
      <mem type="allocate" free="0" total="8585216" percent="0" />
      <mem type="survivor" free="0" total="2818048" percent="0" />
    </mem>
    <mem type="tenure" free="2038250976" total="2081226752" percent="97">
      <mem type="soa" free="2038250976" total="2081226752" percent="97" />
      <mem type="loa" free="0" total="0" percent="0" />
    </mem>
    <remembered-set count="3198" />
  </mem-info>
</gc-start>
<allocation-stats totalBytes="6828496" >
  <allocated-bytes non-tlh="744" tlh="6827752" />
  <largest-consumer threadName="PmdThread 2" threadId="00000000016D7800" bytes="2457304" />
</allocation-stats>
<gc-op id="3463" type="scavenge" timems="2.073" contextid="3460" timestamp="2019-06-15T04:55:50.036">
  <scavenger-info tenureage="9" tenuremask="7e00" tiltratio="75" />
  <memory-copied type="nursery" objects="32248" bytes="1631816" bytesdiscarded="74784" />
  <memory-copied type="tenure" objects="261" bytes="9288" bytesdiscarded="0" />
  <finalization candidates="1" enqueued="0" />
  <references type="soft" candidates="1" cleared="0" enqueued="0" dynamicThreshold="31" maxThreshold="32" />
  <references type="weak" candidates="86" cleared="76" enqueued="75" />
  <references type="phantom" candidates="9" cleared="7" enqueued="7" />
</gc-op>
<gc-end id="3464" type="scavenge" contextid="3460" durationms="2.349" usertimems="0.000" systemtimems="8.000" timestamp="2019-06-15T04:55:50.036" activeThreads="4">
  <mem-info id="3465" free="2045319056" total="2092630016" percent="97">
    <mem type="nursery" free="7068080" total="11403264" percent="61">
      <mem type="allocate" free="7068080" total="8781824" percent="80" />
      <mem type="survivor" free="0" total="2621440" percent="0" />
    </mem>
    <mem type="tenure" free="2038250976" total="2081226752" percent="97">
      <mem type="soa" free="2038250976" total="2081226752" percent="97" />
      <mem type="loa" free="0" total="0" percent="0" />
    </mem>
    <pending-finalizers system="0" default="0" reference="82" classloader="0" />
    <remembered-set count="3128" />
  </mem-info>
</gc-end>
<cycle-end id="3466" type="scavenge" contextid="3460" timestamp="2019-06-15T04:55:50.036" />
  <attribute name="elasticGC enabled" value="1" />
  <attribute name= "numThreadsSpecified" value="4" />
  <attribute name="heapSize specified" value="16121856" />
  <attribute name="Current GC Util" value="43" />
  <attribute name= "Current Time Running" value="5468" />
  <attribute name ="GC Interval" value="272" />
  <attribute name="ProportionalT" value="11.500000" />
  <attribute name="ProportionalI" value="11.500000" />
  <attribute name="ProportionalH" value="11.500000" />
  <attribute name="Current Error" value="23.000000" />
  <attribute name="IntegralT" value="253.000000" />
  <attribute name="IntegralI" value="253.000000" />
  <attribute name="IntegralH" value="253.000000" />
  <attribute name="DerivativeT" value="2.045455" />
  <attribute name="DerivativeI" value="2.045455" />
  <attribute name="DerivativeH" value="2.045455" />
  <attribute name="Loop Time for DT" value="11.000000" />
  <attribute name="Output H" value="8388608"/>
  <attribute name="Output I" value="272"/>
  <attribute name="Output T" value="4"/>
  <attribute name="Target GC Util Change" value ="20.000000" />
  <attribute name="Current GC Util Change" value="43.000000"/>
  <attribute name="GC Util currently" value="43" />
  <attribute name="CPU Util currently" value="443768093408" />
<allocation-satisfied id="3467" threadId="00000000016DB400" bytesRequested="16392" />
<af-end id="3468" timestamp="2019-06-15T04:55:50.036" threadId="00000000016DBD88" success="true" from="nursery"/>
<exclusive-end id="3469" timestamp="2019-06-15T04:55:50.037" durationms="3.075" />

<exclusive-start id="3470" timestamp="2019-06-15T04:55:50.046" intervalms="12.275">
  <response-info timems="0.075" idlems="0.045" threads="1" lastid="00000000016DF000" lastname="PmdThread 4" />
</exclusive-start>
<af-start id="3471" threadId="00000000016D4588" totalBytesRequested="56" timestamp="2019-06-15T04:55:50.046" intervalms="12.278" type="nursery" />
<cycle-start id="3472" type="scavenge" contextid="0" timestamp="2019-06-15T04:55:50.046" intervalms="12.274" />
<gc-start id="3473" type="scavenge" contextid="3472" timestamp="2019-06-15T04:55:50.046">
  <mem-info id="3474" free="2038250112" total="2092630016" percent="97">
    <mem type="nursery" free="0" total="11403264" percent="0">
      <mem type="allocate" free="0" total="8781824" percent="0" />
      <mem type="survivor" free="0" total="2621440" percent="0" />
    </mem>
    <mem type="tenure" free="2038250112" total="2081226752" percent="97">
      <mem type="soa" free="2038250112" total="2081226752" percent="97" />
      <mem type="loa" free="0" total="0" percent="0" />
    </mem>
    <remembered-set count="3186" />
  </mem-info>
</gc-start>
<allocation-stats totalBytes="7067144" >
  <allocated-bytes non-tlh="17256" tlh="7049888" />
  <largest-consumer threadName="PmdThread 2" threadId="00000000016D7800" bytes="2496512" />
</allocation-stats>
<gc-op id="3475" type="scavenge" timems="1.906" contextid="3472" timestamp="2019-06-15T04:55:50.048">
  <scavenger-info tenureage="9" tenuremask="7e00" tiltratio="77" />
  <memory-copied type="nursery" objects="28068" bytes="1674696" bytesdiscarded="93496" />
  <memory-copied type="tenure" objects="256" bytes="8552" bytesdiscarded="0" />
  <finalization candidates="1" enqueued="0" />
  <references type="soft" candidates="1" cleared="0" enqueued="0" dynamicThreshold="31" maxThreshold="32" />
  <references type="weak" candidates="80" cleared="70" enqueued="69" />
  <references type="phantom" candidates="11" cleared="10" enqueued="10" />
</gc-op>
<gc-end id="3476" type="scavenge" contextid="3472" durationms="2.117" usertimems="0.000" systemtimems="4.000" timestamp="2019-06-15T04:55:50.048" activeThreads="4">
  <mem-info id="3477" free="2045390320" total="2092630016" percent="97">
    <mem type="nursery" free="7140208" total="11403264" percent="62">
      <mem type="allocate" free="7140208" total="8912896" percent="80" />
      <mem type="survivor" free="0" total="2490368" percent="0" />
    </mem>
    <mem type="tenure" free="2038250112" total="2081226752" percent="97">
      <mem type="soa" free="2038250112" total="2081226752" percent="97" />
      <mem type="loa" free="0" total="0" percent="0" />
    </mem>
    <pending-finalizers system="0" default="0" reference="79" classloader="0" />
    <remembered-set count="3110" />
  </mem-info>
</gc-end>
<cycle-end id="3478" type="scavenge" contextid="3472" timestamp="2019-06-15T04:55:50.048" />
  <attribute name="elasticGC enabled" value="1" />
  <attribute name= "numThreadsSpecified" value="4" />
  <attribute name="heapSize specified" value="16121856" />
  <attribute name="Current GC Util" value="41" />
  <attribute name= "Current Time Running" value="5480" />
  <attribute name ="GC Interval" value="264" />
  <attribute name="ProportionalT" value="10.500000" />
  <attribute name="ProportionalI" value="10.500000" />
  <attribute name="ProportionalH" value="10.500000" />
  <attribute name="Current Error" value="21.000000" />
  <attribute name="IntegralT" value="252.000000" />
  <attribute name="IntegralI" value="252.000000" />
  <attribute name="IntegralH" value="252.000000" />
  <attribute name="DerivativeT" value="-0.250000" />
  <attribute name="DerivativeI" value="-0.250000" />
  <attribute name="DerivativeH" value="-0.250000" />
  <attribute name="Loop Time for DT" value="12.000000" />
  <attribute name="Output H" value="8388608"/>
  <attribute name="Output I" value="264"/>
  <attribute name="Output T" value="4"/>
  <attribute name="Target GC Util Change" value ="20.000000" />
  <attribute name="Current GC Util Change" value="41.000000"/>
  <attribute name="GC Util currently" value="41" />
  <attribute name="CPU Util currently" value="377096357667" />
<allocation-satisfied id="3479" threadId="00000000016D3C00" bytesRequested="56" />
<af-end id="3480" timestamp="2019-06-15T04:55:50.048" threadId="00000000016D4588" success="true" from="nursery"/>
<exclusive-end id="3481" timestamp="2019-06-15T04:55:50.049" durationms="2.696" />

<exclusive-start id="3482" timestamp="2019-06-15T04:55:50.064" intervalms="18.324">
  <response-info timems="0.043" idlems="0.043" threads="0" lastid="00000000016DB400" lastname="PmdThread 3" />
</exclusive-start>
<af-start id="3483" threadId="00000000016DBD88" totalBytesRequested="40" timestamp="2019-06-15T04:55:50.064" intervalms="18.320" type="nursery" />
<cycle-start id="3484" type="scavenge" contextid="0" timestamp="2019-06-15T04:55:50.064" intervalms="18.326" />
<gc-start id="3485" type="scavenge" contextid="3484" timestamp="2019-06-15T04:55:50.064">
  <mem-info id="3486" free="2038247176" total="2092630016" percent="97">
    <mem type="nursery" free="0" total="11403264" percent="0">
      <mem type="allocate" free="0" total="8912896" percent="0" />
      <mem type="survivor" free="0" total="2490368" percent="0" />
    </mem>
    <mem type="tenure" free="2038247176" total="2081226752" percent="97">
      <mem type="soa" free="2038247176" total="2081226752" percent="97" />
      <mem type="loa" free="0" total="0" percent="0" />
    </mem>
    <remembered-set count="3207" />
  </mem-info>
</gc-start>
<allocation-stats totalBytes="7140448" >
  <allocated-bytes non-tlh="2992" tlh="7137456" />
  <largest-consumer threadName="PmdThread 1" threadId="00000000016D3C00" bytes="2465776" />
</allocation-stats>
<gc-op id="3487" type="scavenge" timems="1.892" contextid="3484" timestamp="2019-06-15T04:55:50.066">
  <scavenger-info tenureage="9" tenuremask="7e00" tiltratio="78" />
  <memory-copied type="nursery" objects="24272" bytes="1518568" bytesdiscarded="120984" />
  <memory-copied type="tenure" objects="98" bytes="3128" bytesdiscarded="0" />
  <finalization candidates="1" enqueued="0" />
  <references type="soft" candidates="1" cleared="0" enqueued="0" dynamicThreshold="31" maxThreshold="32" />
  <references type="weak" candidates="109" cleared="98" enqueued="96" />
  <references type="phantom" candidates="16" cleared="13" enqueued="13" />
</gc-op>
<gc-end id="3488" type="scavenge" contextid="3484" durationms="2.096" usertimems="4.000" systemtimems="0.000" timestamp="2019-06-15T04:55:50.066" activeThreads="4">
  <mem-info id="3489" free="2045649224" total="2092630016" percent="97">
    <mem type="nursery" free="7402048" total="11403264" percent="64">
      <mem type="allocate" free="7402048" total="9043968" percent="81" />
      <mem type="survivor" free="0" total="2359296" percent="0" />
    </mem>
    <mem type="tenure" free="2038247176" total="2081226752" percent="97">
      <mem type="soa" free="2038247176" total="2081226752" percent="97" />
      <mem type="loa" free="0" total="0" percent="0" />
    </mem>
    <pending-finalizers system="0" default="0" reference="109" classloader="0" />
    <remembered-set count="3158" />
  </mem-info>
</gc-end>
<cycle-end id="3490" type="scavenge" contextid="3484" timestamp="2019-06-15T04:55:50.067" />
  <attribute name="elasticGC enabled" value="1" />
  <attribute name= "numThreadsSpecified" value="4" />
  <attribute name="heapSize specified" value="16121856" />
  <attribute name="Current GC Util" value="25" />
  <attribute name= "Current Time Running" value="5498" />
  <attribute name ="GC Interval" value="200" />
  <attribute name="ProportionalT" value="2.500000" />
  <attribute name="ProportionalI" value="2.500000" />
  <attribute name="ProportionalH" value="2.500000" />
  <attribute name="Current Error" value="5.000000" />
  <attribute name="IntegralT" value="90.000000" />
  <attribute name="IntegralI" value="90.000000" />
  <attribute name="IntegralH" value="90.000000" />
  <attribute name="DerivativeT" value="-1.333333" />
  <attribute name="DerivativeI" value="-1.333333" />
  <attribute name="DerivativeH" value="-1.333333" />
  <attribute name="Loop Time for DT" value="18.000000" />
  <attribute name="Output H" value="8388608"/>
  <attribute name="Output I" value="200"/>
  <attribute name="Output T" value="4"/>
  <attribute name="Target GC Util Change" value ="20.000000" />
  <attribute name="Current GC Util Change" value="25.000000"/>
  <attribute name="GC Util currently" value="25" />
  <attribute name="CPU Util currently" value="251533477156" />
<allocation-satisfied id="3491" threadId="00000000016DB400" bytesRequested="40" />
<af-end id="3492" timestamp="2019-06-15T04:55:50.067" threadId="00000000016DBD88" success="true" from="nursery"/>
<exclusive-end id="3493" timestamp="2019-06-15T04:55:50.067" durationms="2.569" />

<exclusive-start id="3494" timestamp="2019-06-15T04:55:50.075" intervalms="11.066">
  <response-info timems="0.032" idlems="0.032" threads="0" lastid="00000000016DB400" lastname="PmdThread 3" />
</exclusive-start>
<af-start id="3495" threadId="00000000016DBD88" totalBytesRequested="24" timestamp="2019-06-15T04:55:50.075" intervalms="11.069" type="nursery" />
<cycle-start id="3496" type="scavenge" contextid="0" timestamp="2019-06-15T04:55:50.075" intervalms="11.076" />
<gc-start id="3497" type="scavenge" contextid="3496" timestamp="2019-06-15T04:55:50.075">
  <mem-info id="3498" free="2038245656" total="2092630016" percent="97">
    <mem type="nursery" free="0" total="11403264" percent="0">
      <mem type="allocate" free="0" total="9043968" percent="0" />
      <mem type="survivor" free="0" total="2359296" percent="0" />
    </mem>
    <mem type="tenure" free="2038245656" total="2081226752" percent="97">
      <mem type="soa" free="2038245656" total="2081226752" percent="97" />
      <mem type="loa" free="0" total="0" percent="0" />
    </mem>
    <remembered-set count="3229" />
  </mem-info>
</gc-start>
<allocation-stats totalBytes="7401360" >
  <allocated-bytes non-tlh="1560" tlh="7399800" />
  <largest-consumer threadName="PmdThread 3" threadId="00000000016DB400" bytes="2547880" />
</allocation-stats>
<gc-op id="3499" type="scavenge" timems="1.771" contextid="3496" timestamp="2019-06-15T04:55:50.077">
  <scavenger-info tenureage="7" tenuremask="7e80" tiltratio="79" />
  <memory-copied type="nursery" objects="28545" bytes="1569576" bytesdiscarded="95744" />
  <memory-copied type="tenure" objects="885" bytes="31264" bytesdiscarded="0" />
  <finalization candidates="1" enqueued="0" />
  <references type="weak" candidates="106" cleared="99" enqueued="99" />
  <references type="phantom" candidates="11" cleared="11" enqueued="11" />
</gc-op>
<gc-end id="3500" type="scavenge" contextid="3496" durationms="1.991" usertimems="4.000" systemtimems="4.000" timestamp="2019-06-15T04:55:50.077" activeThreads="4">
  <mem-info id="3501" free="2045746120" total="2092630016" percent="97">
    <mem type="nursery" free="7500464" total="11403264" percent="65">
      <mem type="allocate" free="7500464" total="9175040" percent="81" />
      <mem type="survivor" free="0" total="2228224" percent="0" />
    </mem>
    <mem type="tenure" free="2038245656" total="2081226752" percent="97">
      <mem type="soa" free="2038245656" total="2081226752" percent="97" />
      <mem type="loa" free="0" total="0" percent="0" />
    </mem>
    <pending-finalizers system="0" default="0" reference="110" classloader="0" />
    <remembered-set count="1676" />
  </mem-info>
</gc-end>
<cycle-end id="3502" type="scavenge" contextid="3496" timestamp="2019-06-15T04:55:50.078" />
  <attribute name="elasticGC enabled" value="1" />
  <attribute name= "numThreadsSpecified" value="4" />
  <attribute name="heapSize specified" value="16121856" />
  <attribute name="Current GC Util" value="45" />
  <attribute name= "Current Time Running" value="5509" />
  <attribute name ="GC Interval" value="296" />
  <attribute name="ProportionalT" value="12.500000" />
  <attribute name="ProportionalI" value="12.500000" />
  <attribute name="ProportionalH" value="12.500000" />
  <attribute name="Current Error" value="25.000000" />
  <attribute name="IntegralT" value="275.000000" />
  <attribute name="IntegralI" value="275.000000" />
  <attribute name="IntegralH" value="275.000000" />
  <attribute name="DerivativeT" value="2.727273" />
  <attribute name="DerivativeI" value="2.727273" />
  <attribute name="DerivativeH" value="2.727273" />
  <attribute name="Loop Time for DT" value="11.000000" />
  <attribute name="Output H" value="8388608"/>
  <attribute name="Output I" value="296"/>
  <attribute name="Output T" value="4"/>
  <attribute name="Target GC Util Change" value ="20.000000" />
  <attribute name="Current GC Util Change" value="45.000000"/>
  <attribute name="GC Util currently" value="45" />
  <attribute name="CPU Util currently" value="415482998816" />
<allocation-satisfied id="3503" threadId="00000000016DB400" bytesRequested="24" />
<af-end id="3504" timestamp="2019-06-15T04:55:50.078" threadId="00000000016DBD88" success="true" from="nursery"/>
<exclusive-end id="3505" timestamp="2019-06-15T04:55:50.078" durationms="2.562" />

<exclusive-start id="3506" timestamp="2019-06-15T04:55:50.091" intervalms="15.740">
  <response-info timems="0.097" idlems="0.097" threads="0" lastid="00000000016D3C00" lastname="PmdThread 1" />
</exclusive-start>
<af-start id="3507" threadId="00000000016D4588" totalBytesRequested="16392" timestamp="2019-06-15T04:55:50.091" intervalms="15.714" type="nursery" />
<cycle-start id="3508" type="scavenge" contextid="0" timestamp="2019-06-15T04:55:50.091" intervalms="15.712" />
<gc-start id="3509" type="scavenge" contextid="3508" timestamp="2019-06-15T04:55:50.091">
  <mem-info id="3510" free="2038243240" total="2092630016" percent="97">
    <mem type="nursery" free="0" total="11403264" percent="0">
      <mem type="allocate" free="0" total="9175040" percent="0" />
      <mem type="survivor" free="0" total="2228224" percent="0" />
    </mem>
    <mem type="tenure" free="2038243240" total="2081226752" percent="97">
      <mem type="soa" free="2038243240" total="2081226752" percent="97" />
      <mem type="loa" free="0" total="0" percent="0" />
    </mem>
    <remembered-set count="1759" />
  </mem-info>
</gc-start>
<allocation-stats totalBytes="7498640" >
  <allocated-bytes non-tlh="2440" tlh="7496200" />
  <largest-consumer threadName="PmdThread 2" threadId="00000000016D7800" bytes="2854832" />
</allocation-stats>
<gc-op id="3511" type="scavenge" timems="2.326" contextid="3508" timestamp="2019-06-15T04:55:50.094">
  <scavenger-info tenureage="7" tenuremask="7e80" tiltratio="80" />
  <memory-copied type="nursery" objects="14679" bytes="932208" bytesdiscarded="132608" />
  <memory-copied type="tenure" objects="3932" bytes="183336" bytesdiscarded="48" />
  <finalization candidates="1" enqueued="0" />
  <references type="weak" candidates="109" cleared="108" enqueued="107" />
  <references type="phantom" candidates="11" cleared="10" enqueued="10" />
</gc-op>
<gc-end id="3512" type="scavenge" contextid="3508" durationms="2.523" usertimems="4.000" systemtimems="0.000" timestamp="2019-06-15T04:55:50.094" activeThreads="4">
  <mem-info id="3513" free="2046296536" total="2092630016" percent="97">
    <mem type="nursery" free="8170552" total="11403264" percent="71">
      <mem type="allocate" free="8170552" total="9240576" percent="88" />
      <mem type="survivor" free="0" total="2162688" percent="0" />
    </mem>
    <mem type="tenure" free="2038125984" total="2081226752" percent="97">
      <mem type="soa" free="2038125984" total="2081226752" percent="97" />
      <mem type="loa" free="0" total="0" percent="0" />
    </mem>
    <pending-finalizers system="0" default="0" reference="117" classloader="0" />
    <remembered-set count="418" />
  </mem-info>
</gc-end>
<cycle-end id="3514" type="scavenge" contextid="3508" timestamp="2019-06-15T04:55:50.094" />
  <attribute name="elasticGC enabled" value="1" />
  <attribute name= "numThreadsSpecified" value="4" />
  <attribute name="heapSize specified" value="16121856" />
  <attribute name="Current GC Util" value="27" />
  <attribute name= "Current Time Running" value="5525" />
  <attribute name ="GC Interval" value="200" />
  <attribute name="ProportionalT" value="3.500000" />
  <attribute name="ProportionalI" value="3.500000" />
  <attribute name="ProportionalH" value="3.500000" />
  <attribute name="Current Error" value="7.000000" />
  <attribute name="IntegralT" value="112.000000" />
  <attribute name="IntegralI" value="112.000000" />
  <attribute name="IntegralH" value="112.000000" />
  <attribute name="DerivativeT" value="-1.687500" />
  <attribute name="DerivativeI" value="-1.687500" />
  <attribute name="DerivativeH" value="-1.687500" />
  <attribute name="Loop Time for DT" value="16.000000" />
  <attribute name="Output H" value="8388608"/>
  <attribute name="Output I" value="200"/>
  <attribute name="Output T" value="4"/>
  <attribute name="Target GC Util Change" value ="20.000000" />
  <attribute name="Current GC Util Change" value="27.000000"/>
  <attribute name="GC Util currently" value="27" />
  <attribute name="CPU Util currently" value="294344157829" />
<allocation-satisfied id="3515" threadId="00000000016D3C00" bytesRequested="16392" />
<af-end id="3516" timestamp="2019-06-15T04:55:50.094" threadId="00000000016D4588" success="true" from="nursery"/>
<exclusive-end id="3517" timestamp="2019-06-15T04:55:50.094" durationms="2.935" />

<exclusive-start id="3518" timestamp="2019-06-15T04:55:50.118" intervalms="27.067">
  <response-info timems="0.035" idlems="0.035" threads="0" lastid="00000000016DB400" lastname="PmdThread 3" />
</exclusive-start>
<af-start id="3519" threadId="00000000016DBD88" totalBytesRequested="32" timestamp="2019-06-15T04:55:50.118" intervalms="27.212" type="nursery" />
<cycle-start id="3520" type="scavenge" contextid="0" timestamp="2019-06-15T04:55:50.118" intervalms="27.244" />
<gc-start id="3521" type="scavenge" contextid="3520" timestamp="2019-06-15T04:55:50.118">
  <mem-info id="3522" free="2038122032" total="2092630016" percent="97">
    <mem type="nursery" free="0" total="11403264" percent="0">
      <mem type="allocate" free="0" total="9240576" percent="0" />
      <mem type="survivor" free="0" total="2162688" percent="0" />
    </mem>
    <mem type="tenure" free="2038122032" total="2081226752" percent="97">
      <mem type="soa" free="2038122032" total="2081226752" percent="97" />
      <mem type="loa" free="0" total="0" percent="0" />
    </mem>
    <remembered-set count="534" />
  </mem-info>
</gc-start>
<allocation-stats totalBytes="8171584" >
  <allocated-bytes non-tlh="20344" tlh="8151240" />
  <largest-consumer threadName="PmdThread 2" threadId="00000000016D7800" bytes="2495440" />
</allocation-stats>
<gc-op id="3523" type="scavenge" timems="2.210" contextid="3520" timestamp="2019-06-15T04:55:50.121">
  <scavenger-info tenureage="9" tenuremask="7e00" tiltratio="81" />
  <memory-copied type="nursery" objects="13573" bytes="994560" bytesdiscarded="36328" />
  <references type="weak" candidates="104" cleared="103" enqueued="101" />
  <references type="phantom" candidates="18" cleared="17" enqueued="17" />
</gc-op>
<gc-end id="3524" type="scavenge" contextid="3520" durationms="2.397" usertimems="0.000" systemtimems="4.000" timestamp="2019-06-15T04:55:50.121" activeThreads="4">
  <mem-info id="3525" free="2046524344" total="2092630016" percent="97">
    <mem type="nursery" free="8402312" total="11403264" percent="73">
      <mem type="allocate" free="8402312" total="9437184" percent="89" />
      <mem type="survivor" free="0" total="1966080" percent="0" />
    </mem>
    <mem type="tenure" free="2038122032" total="2081226752" percent="97">
      <mem type="soa" free="2038122032" total="2081226752" percent="97" />
      <mem type="loa" free="0" total="0" percent="0" />
    </mem>
    <pending-finalizers system="0" default="0" reference="118" classloader="0" />
    <remembered-set count="492" />
  </mem-info>
</gc-end>
<cycle-end id="3526" type="scavenge" contextid="3520" timestamp="2019-06-15T04:55:50.121" />
  <attribute name="elasticGC enabled" value="1" />
  <attribute name= "numThreadsSpecified" value="4" />
  <attribute name="heapSize specified" value="16121856" />
  <attribute name="Current GC Util" value="18" />
  <attribute name= "Current Time Running" value="5552" />
  <attribute name ="GC Interval" value="200" />
  <attribute name="ProportionalT" value="-1.000000" />
  <attribute name="ProportionalI" value="-1.000000" />
  <attribute name="ProportionalH" value="-1.000000" />
  <attribute name="Current Error" value="-2.000000" />
  <attribute name="IntegralT" value="-54.000000" />
  <attribute name="IntegralI" value="-54.000000" />
  <attribute name="IntegralH" value="-54.000000" />
  <attribute name="DerivativeT" value="-0.500000" />
  <attribute name="DerivativeI" value="-0.500000" />
  <attribute name="DerivativeH" value="-0.500000" />
  <attribute name="Loop Time for DT" value="27.000000" />
  <attribute name="Output H" value="2092630016"/>
  <attribute name="Output I" value="200"/>
  <attribute name="Output T" value="4"/>
  <attribute name="Target GC Util Change" value ="20.000000" />
  <attribute name="Current GC Util Change" value="18.000000"/>
  <attribute name="GC Util currently" value="18" />
  <attribute name="CPU Util currently" value="169355470199" />
<allocation-satisfied id="3527" threadId="00000000016DB400" bytesRequested="32" />
<af-end id="3528" timestamp="2019-06-15T04:55:50.121" threadId="00000000016DBD88" success="true" from="nursery"/>
<exclusive-end id="3529" timestamp="2019-06-15T04:55:50.121" durationms="3.074" />

<exclusive-start id="3530" timestamp="2019-06-15T04:55:50.133" intervalms="14.820">
  <response-info timems="0.050" idlems="0.050" threads="0" lastid="00000000016D7800" lastname="PmdThread 2" />
</exclusive-start>
<af-start id="3531" threadId="00000000016D8188" totalBytesRequested="24" timestamp="2019-06-15T04:55:50.133" intervalms="14.699" type="nursery" />
<cycle-start id="3532" type="scavenge" contextid="0" timestamp="2019-06-15T04:55:50.133" intervalms="14.658" />
<gc-start id="3533" type="scavenge" contextid="3532" timestamp="2019-06-15T04:55:50.133">
  <mem-info id="3534" free="2038119320" total="2092630016" percent="97">
    <mem type="nursery" free="0" total="11403264" percent="0">
      <mem type="allocate" free="0" total="9437184" percent="0" />
      <mem type="survivor" free="0" total="1966080" percent="0" />
    </mem>
    <mem type="tenure" free="2038119320" total="2081226752" percent="97">
      <mem type="soa" free="2038119320" total="2081226752" percent="97" />
      <mem type="loa" free="0" total="0" percent="0" />
    </mem>
    <remembered-set count="578" />
  </mem-info>
</gc-start>
<allocation-stats totalBytes="8398152" >
  <allocated-bytes non-tlh="2744" tlh="8395408" />
  <largest-consumer threadName="PmdThread 2" threadId="00000000016D7800" bytes="2696848" />
</allocation-stats>
<gc-op id="3535" type="scavenge" timems="4.062" contextid="3532" timestamp="2019-06-15T04:55:50.137">
  <scavenger-info tenureage="9" tenuremask="7e00" tiltratio="82" />
  <memory-copied type="nursery" objects="19397" bytes="1260456" bytesdiscarded="112256" />
  <references type="weak" candidates="94" cleared="93" enqueued="91" />
  <references type="phantom" candidates="11" cleared="11" enqueued="11" />
</gc-op>
<gc-end id="3536" type="scavenge" contextid="3532" durationms="4.249" usertimems="12.000" systemtimems="0.000" timestamp="2019-06-15T04:55:50.137" activeThreads="4">
  <mem-info id="3537" free="2046244280" total="2092630016" percent="97">
    <mem type="nursery" free="8124960" total="11403264" percent="71">
      <mem type="allocate" free="8124960" total="9502720" percent="85" />
      <mem type="survivor" free="0" total="1900544" percent="0" />
    </mem>
    <mem type="tenure" free="2038119320" total="2081226752" percent="97">
      <mem type="soa" free="2038119320" total="2081226752" percent="97" />
      <mem type="loa" free="0" total="0" percent="0" />
    </mem>
    <pending-finalizers system="0" default="0" reference="102" classloader="0" />
    <remembered-set count="522" />
  </mem-info>
</gc-end>
<cycle-end id="3538" type="scavenge" contextid="3532" timestamp="2019-06-15T04:55:50.137" />
  <attribute name="elasticGC enabled" value="1" />
  <attribute name= "numThreadsSpecified" value="4" />
  <attribute name="heapSize specified" value="16121856" />
  <attribute name="Current GC Util" value="30" />
  <attribute name= "Current Time Running" value="5567" />
  <attribute name ="GC Interval" value="200" />
  <attribute name="ProportionalT" value="5.000000" />
  <attribute name="ProportionalI" value="5.000000" />
  <attribute name="ProportionalH" value="5.000000" />
  <attribute name="Current Error" value="10.000000" />
  <attribute name="IntegralT" value="150.000000" />
  <attribute name="IntegralI" value="150.000000" />
  <attribute name="IntegralH" value="150.000000" />
  <attribute name="DerivativeT" value="1.000000" />
  <attribute name="DerivativeI" value="1.000000" />
  <attribute name="DerivativeH" value="1.000000" />
  <attribute name="Loop Time for DT" value="15.000000" />
  <attribute name="Output H" value="8388608"/>
  <attribute name="Output I" value="200"/>
  <attribute name="Output T" value="4"/>
  <attribute name="Target GC Util Change" value ="20.000000" />
  <attribute name="Current GC Util Change" value="30.000000"/>
  <attribute name="GC Util currently" value="30" />
  <attribute name="CPU Util currently" value="313989865133" />
<allocation-satisfied id="3539" threadId="00000000016D7800" bytesRequested="24" />
<af-end id="3540" timestamp="2019-06-15T04:55:50.137" threadId="00000000016D8188" success="true" from="nursery"/>
<exclusive-end id="3541" timestamp="2019-06-15T04:55:50.138" durationms="4.702" />

<exclusive-start id="3542" timestamp="2019-06-15T04:55:50.155" intervalms="22.565">
  <response-info timems="0.047" idlems="0.025" threads="1" lastid="00000000016DB400" lastname="PmdThread 3" />
</exclusive-start>
<af-start id="3543" threadId="00000000016DF988" totalBytesRequested="552" timestamp="2019-06-15T04:55:50.155" intervalms="22.566" type="nursery" />
<cycle-start id="3544" type="scavenge" contextid="0" timestamp="2019-06-15T04:55:50.156" intervalms="22.586" />
<gc-start id="3545" type="scavenge" contextid="3544" timestamp="2019-06-15T04:55:50.156">
  <mem-info id="3546" free="2038117656" total="2092630016" percent="97">
    <mem type="nursery" free="0" total="11403264" percent="0">
      <mem type="allocate" free="0" total="9502720" percent="0" />
      <mem type="survivor" free="0" total="1900544" percent="0" />
    </mem>
    <mem type="tenure" free="2038117656" total="2081226752" percent="97">
      <mem type="soa" free="2038117656" total="2081226752" percent="97" />
      <mem type="loa" free="0" total="0" percent="0" />
    </mem>
    <remembered-set count="644" />
  </mem-info>
</gc-start>
<allocation-stats totalBytes="8122752" >
  <allocated-bytes non-tlh="1688" tlh="8121064" />
  <largest-consumer threadName="PmdThread 2" threadId="00000000016D7800" bytes="2703176" />
</allocation-stats>
<gc-op id="3547" type="scavenge" timems="2.418" contextid="3544" timestamp="2019-06-15T04:55:50.158">
  <scavenger-info tenureage="9" tenuremask="7e00" tiltratio="83" />
  <memory-copied type="nursery" objects="12730" bytes="1027464" bytesdiscarded="210840" />
  <memory-copied type="tenure" objects="264" bytes="9672" bytesdiscarded="0" />
  <references type="weak" candidates="135" cleared="133" enqueued="133" />
  <references type="phantom" candidates="27" cleared="26" enqueued="26" />
</gc-op>
<gc-end id="3548" type="scavenge" contextid="3544" durationms="2.609" usertimems="4.000" systemtimems="0.000" timestamp="2019-06-15T04:55:50.158" activeThreads="4">
  <mem-info id="3549" free="2046512240" total="2092630016" percent="97">
    <mem type="nursery" free="8394584" total="11403264" percent="73">
      <mem type="allocate" free="8394584" total="9633792" percent="87" />
      <mem type="survivor" free="0" total="1769472" percent="0" />
    </mem>
    <mem type="tenure" free="2038117656" total="2081226752" percent="97">
      <mem type="soa" free="2038117656" total="2081226752" percent="97" />
      <mem type="loa" free="0" total="0" percent="0" />
    </mem>
    <pending-finalizers system="0" default="0" reference="159" classloader="0" />
    <remembered-set count="538" />
  </mem-info>
</gc-end>
<cycle-end id="3550" type="scavenge" contextid="3544" timestamp="2019-06-15T04:55:50.158" />
  <attribute name="elasticGC enabled" value="1" />
  <attribute name= "numThreadsSpecified" value="4" />
  <attribute name="heapSize specified" value="16121856" />
  <attribute name="Current GC Util" value="35" />
  <attribute name= "Current Time Running" value="5590" />
  <attribute name ="GC Interval" value="352" />
  <attribute name="ProportionalT" value="7.500000" />
  <attribute name="ProportionalI" value="7.500000" />
  <attribute name="ProportionalH" value="7.500000" />
  <attribute name="Current Error" value="15.000000" />
  <attribute name="IntegralT" value="345.000000" />
  <attribute name="IntegralI" value="345.000000" />
  <attribute name="IntegralH" value="345.000000" />
  <attribute name="DerivativeT" value="0.326087" />
  <attribute name="DerivativeI" value="0.326087" />
  <attribute name="DerivativeH" value="0.326087" />
  <attribute name="Loop Time for DT" value="23.000000" />
  <attribute name="Output H" value="8388608"/>
  <attribute name="Output I" value="352"/>
  <attribute name="Output T" value="4"/>
  <attribute name="Target GC Util Change" value ="20.000000" />
  <attribute name="Current GC Util Change" value="35.000000"/>
  <attribute name="GC Util currently" value="35" />
  <attribute name="CPU Util currently" value="204043150277" />
<allocation-satisfied id="3551" threadId="00000000016DF000" bytesRequested="552" />
<af-end id="3552" timestamp="2019-06-15T04:55:50.158" threadId="00000000016DF988" success="true" from="nursery"/>
<exclusive-end id="3553" timestamp="2019-06-15T04:55:50.158" durationms="3.102" />

<exclusive-start id="3554" timestamp="2019-06-15T04:55:50.173" intervalms="17.808">
  <response-info timems="0.034" idlems="0.034" threads="0" lastid="00000000016D7800" lastname="PmdThread 2" />
</exclusive-start>
<af-start id="3555" threadId="00000000016D8188" totalBytesRequested="16" timestamp="2019-06-15T04:55:50.173" intervalms="17.822" type="nursery" />
<cycle-start id="3556" type="scavenge" contextid="0" timestamp="2019-06-15T04:55:50.173" intervalms="17.802" />
<gc-start id="3557" type="scavenge" contextid="3556" timestamp="2019-06-15T04:55:50.173">
  <mem-info id="3558" free="2038117224" total="2092630016" percent="97">
    <mem type="nursery" free="0" total="11403264" percent="0">
      <mem type="allocate" free="0" total="9633792" percent="0" />
      <mem type="survivor" free="0" total="1769472" percent="0" />
    </mem>
    <mem type="tenure" free="2038117224" total="2081226752" percent="97">
      <mem type="soa" free="2038117224" total="2081226752" percent="97" />
      <mem type="loa" free="0" total="0" percent="0" />
    </mem>
    <remembered-set count="617" />
  </mem-info>
</gc-start>
<allocation-stats totalBytes="8392160" >
  <allocated-bytes non-tlh="984" tlh="8391176" />
  <largest-consumer threadName="PmdThread 2" threadId="00000000016D7800" bytes="3072408" />
</allocation-stats>
<gc-op id="3559" type="scavenge" timems="2.674" contextid="3556" timestamp="2019-06-15T04:55:50.176">
  <scavenger-info tenureage="5" tenuremask="7e20" tiltratio="84" />
  <memory-copied type="nursery" objects="20832" bytes="1263752" bytesdiscarded="174248" />
  <memory-copied type="tenure" objects="473" bytes="15968" bytesdiscarded="0" />
  <references type="weak" candidates="109" cleared="108" enqueued="108" />
  <references type="phantom" candidates="14" cleared="13" enqueued="13" />
</gc-op>
<gc-end id="3560" type="scavenge" contextid="3556" durationms="2.913" usertimems="4.000" systemtimems="0.000" timestamp="2019-06-15T04:55:50.176" activeThreads="4">
  <mem-info id="3561" free="2046306640" total="2092630016" percent="97">
    <mem type="nursery" free="8189416" total="11403264" percent="71">
      <mem type="allocate" free="8189416" total="9633792" percent="85" />
      <mem type="survivor" free="0" total="1769472" percent="0" />
    </mem>
    <mem type="tenure" free="2038117224" total="2081226752" percent="97">
      <mem type="soa" free="2038117224" total="2081226752" percent="97" />
      <mem type="loa" free="0" total="0" percent="0" />
    </mem>
    <pending-finalizers system="0" default="0" reference="121" classloader="0" />
    <remembered-set count="511" />
  </mem-info>
</gc-end>
<cycle-end id="3562" type="scavenge" contextid="3556" timestamp="2019-06-15T04:55:50.176" />
  <attribute name="elasticGC enabled" value="1" />
  <attribute name= "numThreadsSpecified" value="4" />
  <attribute name="heapSize specified" value="16121856" />
  <attribute name="Current GC Util" value="32" />
  <attribute name= "Current Time Running" value="5607" />
  <attribute name ="GC Interval" value="216" />
  <attribute name="ProportionalT" value="6.000000" />
  <attribute name="ProportionalI" value="6.000000" />
  <attribute name="ProportionalH" value="6.000000" />
  <attribute name="Current Error" value="12.000000" />
  <attribute name="IntegralT" value="204.000000" />
  <attribute name="IntegralI" value="204.000000" />
  <attribute name="IntegralH" value="204.000000" />
  <attribute name="DerivativeT" value="-0.264706" />
  <attribute name="DerivativeI" value="-0.264706" />
  <attribute name="DerivativeH" value="-0.264706" />
  <attribute name="Loop Time for DT" value="17.000000" />
  <attribute name="Output H" value="8388608"/>
  <attribute name="Output I" value="216"/>
  <attribute name="Output T" value="4"/>
  <attribute name="Target GC Util Change" value ="20.000000" />
  <attribute name="Current GC Util Change" value="32.000000"/>
  <attribute name="GC Util currently" value="32" />
  <attribute name="CPU Util currently" value="259311164454" />
<allocation-satisfied id="3563" threadId="00000000016D7800" bytesRequested="16" />
<af-end id="3564" timestamp="2019-06-15T04:55:50.177" threadId="00000000016D8188" success="true" from="nursery"/>
<exclusive-end id="3565" timestamp="2019-06-15T04:55:50.177" durationms="3.671" />

<exclusive-start id="3566" timestamp="2019-06-15T04:55:50.189" intervalms="16.022">
  <response-info timems="0.039" idlems="0.039" threads="0" lastid="00000000016DF000" lastname="PmdThread 4" />
</exclusive-start>
<af-start id="3567" threadId="00000000016DF988" totalBytesRequested="408" timestamp="2019-06-15T04:55:50.189" intervalms="16.008" type="nursery" />
<cycle-start id="3568" type="scavenge" contextid="0" timestamp="2019-06-15T04:55:50.189" intervalms="16.012" />
<gc-start id="3569" type="scavenge" contextid="3568" timestamp="2019-06-15T04:55:50.189">
  <mem-info id="3570" free="2038117032" total="2092630016" percent="97">
    <mem type="nursery" free="0" total="11403264" percent="0">
      <mem type="allocate" free="0" total="9633792" percent="0" />
      <mem type="survivor" free="0" total="1769472" percent="0" />
    </mem>
    <mem type="tenure" free="2038117032" total="2081226752" percent="97">
      <mem type="soa" free="2038117032" total="2081226752" percent="97" />
      <mem type="loa" free="0" total="0" percent="0" />
    </mem>
    <remembered-set count="574" />
  </mem-info>
</gc-start>
<allocation-stats totalBytes="8185008" >
  <allocated-bytes non-tlh="208" tlh="8184800" />
  <largest-consumer threadName="PmdThread 2" threadId="00000000016D7800" bytes="3013576" />
</allocation-stats>
<gc-op id="3571" type="scavenge" timems="3.019" contextid="3568" timestamp="2019-06-15T04:55:50.193">
  <scavenger-info tenureage="5" tenuremask="7e20" tiltratio="84" />
  <memory-copied type="nursery" objects="31734" bytes="1724256" bytesdiscarded="43040" />
  <memory-copied type="tenure" objects="1623" bytes="64872" bytesdiscarded="112" />
  <copy-failed type="nursery" objects="1129" bytes="48776" />
  <references type="weak" candidates="195" cleared="186" enqueued="186" />
  <references type="phantom" candidates="8" cleared="8" enqueued="8" />
</gc-op>
<gc-end id="3572" type="scavenge" contextid="3568" durationms="3.167" usertimems="8.000" systemtimems="0.000" timestamp="2019-06-15T04:55:50.193" activeThreads="4">
  <mem-info id="3573" free="2045213088" total="2092630016" percent="97">
    <mem type="nursery" free="7143424" total="11403264" percent="62">
      <mem type="allocate" free="7143424" total="8912896" percent="80" />
      <mem type="survivor" free="0" total="2490368" percent="0" />
    </mem>
    <mem type="tenure" free="2038069664" total="2081226752" percent="97">
      <mem type="soa" free="2038069664" total="2081226752" percent="97" />
      <mem type="loa" free="0" total="0" percent="0" />
    </mem>
    <pending-finalizers system="0" default="0" reference="194" classloader="0" />
    <remembered-set count="750" />
  </mem-info>
</gc-end>
<cycle-end id="3574" type="scavenge" contextid="3568" timestamp="2019-06-15T04:55:50.193" />
  <attribute name="elasticGC enabled" value="1" />
  <attribute name= "numThreadsSpecified" value="4" />
  <attribute name="heapSize specified" value="16121856" />
  <attribute name="Current GC Util" value="32" />
  <attribute name= "Current Time Running" value="5623" />
  <attribute name ="GC Interval" value="200" />
  <attribute name="ProportionalT" value="6.000000" />
  <attribute name="ProportionalI" value="6.000000" />
  <attribute name="ProportionalH" value="6.000000" />
  <attribute name="Current Error" value="12.000000" />
  <attribute name="IntegralT" value="192.000000" />
  <attribute name="IntegralI" value="192.000000" />
  <attribute name="IntegralH" value="192.000000" />
  <attribute name="DerivativeT" value="0.000000" />
  <attribute name="DerivativeI" value="0.000000" />
  <attribute name="DerivativeH" value="0.000000" />
  <attribute name="Loop Time for DT" value="16.000000" />
  <attribute name="Output H" value="8388608"/>
  <attribute name="Output I" value="200"/>
  <attribute name="Output T" value="4"/>
  <attribute name="Target GC Util Change" value ="20.000000" />
  <attribute name="Current GC Util Change" value="32.000000"/>
  <attribute name="GC Util currently" value="32" />
  <attribute name="CPU Util currently" value="288768672947" />
<allocation-satisfied id="3575" threadId="00000000016DF000" bytesRequested="408" />
<af-end id="3576" timestamp="2019-06-15T04:55:50.193" threadId="00000000016DF988" success="true" from="nursery"/>
<exclusive-end id="3577" timestamp="2019-06-15T04:55:50.193" durationms="3.823" />

<exclusive-start id="3578" timestamp="2019-06-15T04:55:50.201" intervalms="11.446">
  <response-info timems="0.042" idlems="0.042" threads="0" lastid="00000000016D7800" lastname="PmdThread 2" />
</exclusive-start>
<af-start id="3579" threadId="00000000016D8188" totalBytesRequested="24" timestamp="2019-06-15T04:55:50.201" intervalms="11.442" type="nursery" />
<cycle-start id="3580" type="scavenge" contextid="0" timestamp="2019-06-15T04:55:50.201" intervalms="11.436" />
<gc-start id="3581" type="scavenge" contextid="3580" timestamp="2019-06-15T04:55:50.201">
  <mem-info id="3582" free="2038069336" total="2092630016" percent="97">
    <mem type="nursery" free="0" total="11403264" percent="0">
      <mem type="allocate" free="0" total="8912896" percent="0" />
      <mem type="survivor" free="0" total="2490368" percent="0" />
    </mem>
    <mem type="tenure" free="2038069336" total="2081226752" percent="97">
      <mem type="soa" free="2038069336" total="2081226752" percent="97" />
      <mem type="loa" free="0" total="0" percent="0" />
    </mem>
    <remembered-set count="802" />
  </mem-info>
</gc-start>
<allocation-stats totalBytes="7141152" >
  <allocated-bytes non-tlh="736" tlh="7140416" />
  <largest-consumer threadName="PmdThread 2" threadId="00000000016D7800" bytes="3390352" />
</allocation-stats>
<gc-op id="3583" type="scavenge" timems="2.389" contextid="3580" timestamp="2019-06-15T04:55:50.203">
  <scavenger-info tenureage="5" tenuremask="7ea0" tiltratio="78" />
  <memory-copied type="nursery" objects="37579" bytes="2125776" bytesdiscarded="144568" />
  <memory-copied type="tenure" objects="495" bytes="18496" bytesdiscarded="0" />
  <references type="weak" candidates="115" cleared="104" enqueued="104" />
  <references type="phantom" candidates="6" cleared="4" enqueued="4" />
</gc-op>
<gc-end id="3584" type="scavenge" contextid="3580" durationms="2.577" usertimems="8.000" systemtimems="0.000" timestamp="2019-06-15T04:55:50.203" activeThreads="4">
  <mem-info id="3585" free="2044506808" total="2092630016" percent="97">
    <mem type="nursery" free="6437472" total="11403264" percent="56">
      <mem type="allocate" free="6437472" total="8716288" percent="73" />
      <mem type="survivor" free="0" total="2686976" percent="0" />
    </mem>
    <mem type="tenure" free="2038069336" total="2081226752" percent="97">
      <mem type="soa" free="2038069336" total="2081226752" percent="97" />
      <mem type="loa" free="0" total="0" percent="0" />
    </mem>
    <pending-finalizers system="0" default="0" reference="108" classloader="0" />
    <remembered-set count="691" />
  </mem-info>
</gc-end>
<cycle-end id="3586" type="scavenge" contextid="3580" timestamp="2019-06-15T04:55:50.204" />
  <attribute name="elasticGC enabled" value="1" />
  <attribute name= "numThreadsSpecified" value="4" />
  <attribute name="heapSize specified" value="16121856" />
  <attribute name="Current GC Util" value="57" />
  <attribute name= "Current Time Running" value="5635" />
  <attribute name ="GC Interval" value="472" />
  <attribute name="ProportionalT" value="18.500000" />
  <attribute name="ProportionalI" value="18.500000" />
  <attribute name="ProportionalH" value="18.500000" />
  <attribute name="Current Error" value="37.000000" />
  <attribute name="IntegralT" value="444.000000" />
  <attribute name="IntegralI" value="444.000000" />
  <attribute name="IntegralH" value="444.000000" />
  <attribute name="DerivativeT" value="3.125000" />
  <attribute name="DerivativeI" value="3.125000" />
  <attribute name="DerivativeH" value="3.125000" />
  <attribute name="Loop Time for DT" value="12.000000" />
  <attribute name="Output H" value="8388608"/>
  <attribute name="Output I" value="472"/>
  <attribute name="Output T" value="4"/>
  <attribute name="Target GC Util Change" value ="20.000000" />
  <attribute name="Current GC Util Change" value="57.000000"/>
  <attribute name="GC Util currently" value="57" />
  <attribute name="CPU Util currently" value="401952404317" />
<allocation-satisfied id="3587" threadId="00000000016D7800" bytesRequested="24" />
<af-end id="3588" timestamp="2019-06-15T04:55:50.204" threadId="00000000016D8188" success="true" from="nursery"/>
<exclusive-end id="3589" timestamp="2019-06-15T04:55:50.204" durationms="3.020" />

<exclusive-start id="3590" timestamp="2019-06-15T04:55:50.218" intervalms="17.415">
  <response-info timems="0.052" idlems="0.052" threads="0" lastid="00000000016D7800" lastname="PmdThread 2" />
</exclusive-start>
<af-start id="3591" threadId="00000000016D8188" totalBytesRequested="24" timestamp="2019-06-15T04:55:50.218" intervalms="17.418" type="nursery" />
<cycle-start id="3592" type="scavenge" contextid="0" timestamp="2019-06-15T04:55:50.218" intervalms="17.421" />
<gc-start id="3593" type="scavenge" contextid="3592" timestamp="2019-06-15T04:55:50.218">
  <mem-info id="3594" free="2038066536" total="2092630016" percent="97">
    <mem type="nursery" free="0" total="11403264" percent="0">
      <mem type="allocate" free="0" total="8716288" percent="0" />
      <mem type="survivor" free="0" total="2686976" percent="0" />
    </mem>
    <mem type="tenure" free="2038066536" total="2081226752" percent="97">
      <mem type="soa" free="2038066536" total="2081226752" percent="97" />
      <mem type="loa" free="0" total="0" percent="0" />
    </mem>
    <remembered-set count="788" />
  </mem-info>
</gc-start>
<allocation-stats totalBytes="6438744" >
  <allocated-bytes non-tlh="2824" tlh="6435920" />
  <largest-consumer threadName="PmdThread 2" threadId="00000000016D7800" bytes="3008880" />
</allocation-stats>
<gc-op id="3595" type="scavenge" timems="3.480" contextid="3592" timestamp="2019-06-15T04:55:50.222">
  <scavenger-info tenureage="5" tenuremask="7e20" tiltratio="76" />
  <memory-copied type="nursery" objects="37826" bytes="1996872" bytesdiscarded="88368" />
  <memory-copied type="tenure" objects="449" bytes="15272" bytesdiscarded="0" />
  <references type="soft" candidates="41" cleared="0" enqueued="0" dynamicThreshold="31" maxThreshold="32" />
  <references type="weak" candidates="111" cleared="102" enqueued="102" />
  <references type="phantom" candidates="12" cleared="11" enqueued="11" />
</gc-op>
<gc-end id="3596" type="scavenge" contextid="3592" durationms="3.674" usertimems="4.000" systemtimems="4.000" timestamp="2019-06-15T04:55:50.222" activeThreads="4">
  <mem-info id="3597" free="2044758712" total="2092630016" percent="97">
    <mem type="nursery" free="6692176" total="11403264" percent="58">
      <mem type="allocate" free="6692176" total="8781824" percent="76" />
      <mem type="survivor" free="0" total="2621440" percent="0" />
    </mem>
    <mem type="tenure" free="2038066536" total="2081226752" percent="97">
      <mem type="soa" free="2038066536" total="2081226752" percent="97" />
      <mem type="loa" free="0" total="0" percent="0" />
    </mem>
    <pending-finalizers system="0" default="0" reference="113" classloader="0" />
    <remembered-set count="671" />
  </mem-info>
</gc-end>
<cycle-end id="3598" type="scavenge" contextid="3592" timestamp="2019-06-15T04:55:50.222" />
  <attribute name="elasticGC enabled" value="1" />
  <attribute name= "numThreadsSpecified" value="4" />
  <attribute name="heapSize specified" value="16121856" />
  <attribute name="Current GC Util" value="35" />
  <attribute name= "Current Time Running" value="5652" />
  <attribute name ="GC Interval" value="264" />
  <attribute name="ProportionalT" value="7.500000" />
  <attribute name="ProportionalI" value="7.500000" />
  <attribute name="ProportionalH" value="7.500000" />
  <attribute name="Current Error" value="15.000000" />
  <attribute name="IntegralT" value="255.000000" />
  <attribute name="IntegralI" value="255.000000" />
  <attribute name="IntegralH" value="255.000000" />
  <attribute name="DerivativeT" value="-1.941176" />
  <attribute name="DerivativeI" value="-1.941176" />
  <attribute name="DerivativeH" value="-1.941176" />
  <attribute name="Loop Time for DT" value="17.000000" />
  <attribute name="Output H" value="8388608"/>
  <attribute name="Output I" value="264"/>
  <attribute name="Output T" value="4"/>
  <attribute name="Target GC Util Change" value ="20.000000" />
  <attribute name="Current GC Util Change" value="35.000000"/>
  <attribute name="GC Util currently" value="35" />
  <attribute name="CPU Util currently" value="264601977681" />
<allocation-satisfied id="3599" threadId="00000000016D7800" bytesRequested="24" />
<af-end id="3600" timestamp="2019-06-15T04:55:50.222" threadId="00000000016D8188" success="true" from="nursery"/>
<exclusive-end id="3601" timestamp="2019-06-15T04:55:50.222" durationms="4.240" />

<exclusive-start id="3602" timestamp="2019-06-15T04:55:50.234" intervalms="16.332">
  <response-info timems="0.038" idlems="0.038" threads="0" lastid="00000000016D7800" lastname="PmdThread 2" />
</exclusive-start>
<af-start id="3603" threadId="00000000016D8188" totalBytesRequested="32" timestamp="2019-06-15T04:55:50.234" intervalms="16.328" type="nursery" />
<cycle-start id="3604" type="scavenge" contextid="0" timestamp="2019-06-15T04:55:50.235" intervalms="16.328" />
<gc-start id="3605" type="scavenge" contextid="3604" timestamp="2019-06-15T04:55:50.235">
  <mem-info id="3606" free="2038066056" total="2092630016" percent="97">
    <mem type="nursery" free="0" total="11403264" percent="0">
      <mem type="allocate" free="0" total="8781824" percent="0" />
      <mem type="survivor" free="0" total="2621440" percent="0" />
    </mem>
    <mem type="tenure" free="2038066056" total="2081226752" percent="97">
      <mem type="soa" free="2038066056" total="2081226752" percent="97" />
      <mem type="loa" free="0" total="0" percent="0" />
    </mem>
    <remembered-set count="741" />
  </mem-info>
</gc-start>
<allocation-stats totalBytes="6689840" >
  <allocated-bytes non-tlh="504" tlh="6689336" />
  <largest-consumer threadName="PmdThread 1" threadId="00000000016D3C00" bytes="2457256" />
</allocation-stats>
<gc-op id="3607" type="scavenge" timems="2.843" contextid="3604" timestamp="2019-06-15T04:55:50.238">
  <scavenger-info tenureage="5" tenuremask="7e20" tiltratio="77" />
  <memory-copied type="nursery" objects="39995" bytes="2200896" bytesdiscarded="165080" />
  <memory-copied type="tenure" objects="597" bytes="30200" bytesdiscarded="0" />
  <references type="soft" candidates="41" cleared="0" enqueued="0" dynamicThreshold="31" maxThreshold="32" />
  <references type="weak" candidates="94" cleared="85" enqueued="84" />
  <references type="phantom" candidates="13" cleared="12" enqueued="12" />
</gc-op>
<gc-end id="3608" type="scavenge" contextid="3604" durationms="3.030" usertimems="4.000" systemtimems="0.000" timestamp="2019-06-15T04:55:50.238" activeThreads="4">
  <mem-info id="3609" free="2044477896" total="2092630016" percent="97">
    <mem type="nursery" free="6411840" total="11403264" percent="56">
      <mem type="allocate" free="6411840" total="8781824" percent="73" />
      <mem type="survivor" free="0" total="2621440" percent="0" />
    </mem>
    <mem type="tenure" free="2038066056" total="2081226752" percent="97">
      <mem type="soa" free="2038066056" total="2081226752" percent="97" />
      <mem type="loa" free="0" total="0" percent="0" />
    </mem>
    <pending-finalizers system="0" default="0" reference="96" classloader="0" />
    <remembered-set count="644" />
  </mem-info>
</gc-end>
<cycle-end id="3610" type="scavenge" contextid="3604" timestamp="2019-06-15T04:55:50.238" />
  <attribute name="elasticGC enabled" value="1" />
  <attribute name= "numThreadsSpecified" value="4" />
  <attribute name="heapSize specified" value="16121856" />
  <attribute name="Current GC Util" value="46" />
  <attribute name= "Current Time Running" value="5669" />
  <attribute name ="GC Interval" value="456" />
  <attribute name="ProportionalT" value="13.000000" />
  <attribute name="ProportionalI" value="13.000000" />
  <attribute name="ProportionalH" value="13.000000" />
  <attribute name="Current Error" value="26.000000" />
  <attribute name="IntegralT" value="442.000000" />
  <attribute name="IntegralI" value="442.000000" />
  <attribute name="IntegralH" value="442.000000" />
  <attribute name="DerivativeT" value="0.970588" />
  <attribute name="DerivativeI" value="0.970588" />
  <attribute name="DerivativeH" value="0.970588" />
  <attribute name="Loop Time for DT" value="17.000000" />
  <attribute name="Output H" value="8388608"/>
  <attribute name="Output I" value="456"/>
  <attribute name="Output T" value="4"/>
  <attribute name="Target GC Util Change" value ="20.000000" />
  <attribute name="Current GC Util Change" value="46.000000"/>
  <attribute name="GC Util currently" value="46" />
  <attribute name="CPU Util currently" value="282542508753" />
<allocation-satisfied id="3611" threadId="00000000016D7800" bytesRequested="32" />
<af-end id="3612" timestamp="2019-06-15T04:55:50.238" threadId="00000000016D8188" success="true" from="nursery"/>
<exclusive-end id="3613" timestamp="2019-06-15T04:55:50.238" durationms="3.527" />

<exclusive-start id="3614" timestamp="2019-06-15T04:55:50.252" intervalms="17.101">
  <response-info timems="0.052" idlems="0.052" threads="0" lastid="00000000016D7800" lastname="PmdThread 2" />
</exclusive-start>
<af-start id="3615" threadId="00000000016D8188" totalBytesRequested="8200" timestamp="2019-06-15T04:55:50.252" intervalms="17.099" type="nursery" />
<cycle-start id="3616" type="scavenge" contextid="0" timestamp="2019-06-15T04:55:50.252" intervalms="17.097" />
<gc-start id="3617" type="scavenge" contextid="3616" timestamp="2019-06-15T04:55:50.252">
  <mem-info id="3618" free="2038064280" total="2092630016" percent="97">
    <mem type="nursery" free="0" total="11403264" percent="0">
      <mem type="allocate" free="0" total="8781824" percent="0" />
      <mem type="survivor" free="0" total="2621440" percent="0" />
    </mem>
    <mem type="tenure" free="2038064280" total="2081226752" percent="97">
      <mem type="soa" free="2038064280" total="2081226752" percent="97" />
      <mem type="loa" free="0" total="0" percent="0" />
    </mem>
    <remembered-set count="725" />
  </mem-info>
</gc-start>
<allocation-stats totalBytes="6392624" >
  <allocated-bytes non-tlh="1808" tlh="6390816" />
  <largest-consumer threadName="PmdThread 3" threadId="00000000016DB400" bytes="2334408" />
</allocation-stats>
<gc-op id="3619" type="scavenge" timems="3.215" contextid="3616" timestamp="2019-06-15T04:55:50.255">
  <scavenger-info tenureage="5" tenuremask="7e20" tiltratio="77" />
  <memory-copied type="nursery" objects="14875" bytes="1116824" bytesdiscarded="162184" />
  <memory-copied type="tenure" objects="2362" bytes="143000" bytesdiscarded="8" />
  <references type="soft" candidates="41" cleared="0" enqueued="0" dynamicThreshold="31" maxThreshold="32" />
  <references type="weak" candidates="136" cleared="127" enqueued="127" />
  <references type="phantom" candidates="11" cleared="8" enqueued="8" />
</gc-op>
<gc-end id="3620" type="scavenge" contextid="3616" durationms="3.401" usertimems="8.000" systemtimems="0.000" timestamp="2019-06-15T04:55:50.255" activeThreads="4">
  <mem-info id="3621" free="2045519800" total="2092630016" percent="97">
    <mem type="nursery" free="7564576" total="11403264" percent="66">
      <mem type="allocate" free="7564576" total="8847360" percent="85" />
      <mem type="survivor" free="0" total="2555904" percent="0" />
    </mem>
    <mem type="tenure" free="2037955224" total="2081226752" percent="97">
      <mem type="soa" free="2037955224" total="2081226752" percent="97" />
      <mem type="loa" free="0" total="0" percent="0" />
    </mem>
    <pending-finalizers system="0" default="0" reference="135" classloader="0" />
    <remembered-set count="488" />
  </mem-info>
</gc-end>
<cycle-end id="3622" type="scavenge" contextid="3616" timestamp="2019-06-15T04:55:50.255" />
  <attribute name="elasticGC enabled" value="1" />
  <attribute name= "numThreadsSpecified" value="4" />
  <attribute name="heapSize specified" value="16121856" />
  <attribute name="Current GC Util" value="37" />
  <attribute name= "Current Time Running" value="5686" />
  <attribute name ="GC Interval" value="296" />
  <attribute name="ProportionalT" value="8.500000" />
  <attribute name="ProportionalI" value="8.500000" />
  <attribute name="ProportionalH" value="8.500000" />
  <attribute name="Current Error" value="17.000000" />
  <attribute name="IntegralT" value="289.000000" />
  <attribute name="IntegralI" value="289.000000" />
  <attribute name="IntegralH" value="289.000000" />
  <attribute name="DerivativeT" value="-0.794118" />
  <attribute name="DerivativeI" value="-0.794118" />
  <attribute name="DerivativeH" value="-0.794118" />
  <attribute name="Loop Time for DT" value="17.000000" />
  <attribute name="Output H" value="8388608"/>
  <attribute name="Output I" value="296"/>
  <attribute name="Output T" value="4"/>
  <attribute name="Target GC Util Change" value ="20.000000" />
  <attribute name="Current GC Util Change" value="37.000000"/>
  <attribute name="GC Util currently" value="37" />
  <attribute name="CPU Util currently" value="269722755169" />
<allocation-satisfied id="3623" threadId="00000000016D7800" bytesRequested="8200" />
<af-end id="3624" timestamp="2019-06-15T04:55:50.255" threadId="00000000016D8188" success="true" from="nursery"/>
<exclusive-end id="3625" timestamp="2019-06-15T04:55:50.255" durationms="3.967" />

<exclusive-start id="3626" timestamp="2019-06-15T04:55:50.266" intervalms="14.391">
  <response-info timems="0.031" idlems="0.031" threads="0" lastid="00000000016DF000" lastname="PmdThread 4" />
</exclusive-start>
<af-start id="3627" threadId="00000000016DF988" totalBytesRequested="24" timestamp="2019-06-15T04:55:50.266" intervalms="14.396" type="nursery" />
<cycle-start id="3628" type="scavenge" contextid="0" timestamp="2019-06-15T04:55:50.266" intervalms="14.400" />
<gc-start id="3629" type="scavenge" contextid="3628" timestamp="2019-06-15T04:55:50.266">
  <mem-info id="3630" free="2037952976" total="2092630016" percent="97">
    <mem type="nursery" free="0" total="11403264" percent="0">
      <mem type="allocate" free="0" total="8847360" percent="0" />
      <mem type="survivor" free="0" total="2555904" percent="0" />
    </mem>
    <mem type="tenure" free="2037952976" total="2081226752" percent="97">
      <mem type="soa" free="2037952976" total="2081226752" percent="97" />
      <mem type="loa" free="0" total="0" percent="0" />
    </mem>
    <remembered-set count="565" />
  </mem-info>
</gc-start>
<allocation-stats totalBytes="7557040" >
  <allocated-bytes non-tlh="10448" tlh="7546592" />
  <largest-consumer threadName="PmdThread 4" threadId="00000000016DF000" bytes="2763800" />
</allocation-stats>
<gc-op id="3631" type="scavenge" timems="4.668" contextid="3628" timestamp="2019-06-15T04:55:50.271">
  <scavenger-info tenureage="5" tenuremask="7e20" tiltratio="77" />
  <memory-copied type="nursery" objects="37396" bytes="1977024" bytesdiscarded="98208" />
  <memory-copied type="tenure" objects="2050" bytes="206248" bytesdiscarded="96" />
  <references type="soft" candidates="41" cleared="0" enqueued="0" dynamicThreshold="31" maxThreshold="32" />
  <references type="weak" candidates="139" cleared="139" enqueued="139" />
  <references type="phantom" candidates="12" cleared="11" enqueued="11" />
</gc-op>
<gc-end id="3632" type="scavenge" contextid="3628" durationms="4.943" usertimems="8.000" systemtimems="0.000" timestamp="2019-06-15T04:55:50.271" activeThreads="4">
  <mem-info id="3633" free="2044034776" total="2092630016" percent="97">
    <mem type="nursery" free="6311744" total="11403264" percent="55">
      <mem type="allocate" free="6311744" total="8388608" percent="75" />
      <mem type="survivor" free="0" total="3014656" percent="0" />
    </mem>
    <mem type="tenure" free="2037723032" total="2081226752" percent="97">
      <mem type="soa" free="2037723032" total="2081226752" percent="97" />
      <mem type="loa" free="0" total="0" percent="0" />
    </mem>
    <pending-finalizers system="0" default="0" reference="150" classloader="0" />
    <remembered-set count="342" />
  </mem-info>
</gc-end>
<cycle-end id="3634" type="scavenge" contextid="3628" timestamp="2019-06-15T04:55:50.271" />
  <attribute name="elasticGC enabled" value="1" />
  <attribute name= "numThreadsSpecified" value="4" />
  <attribute name="heapSize specified" value="16121856" />
  <attribute name="Current GC Util" value="48" />
  <attribute name= "Current Time Running" value="5700" />
  <attribute name ="GC Interval" value="408" />
  <attribute name="ProportionalT" value="14.000000" />
  <attribute name="ProportionalI" value="14.000000" />
  <attribute name="ProportionalH" value="14.000000" />
  <attribute name="Current Error" value="28.000000" />
  <attribute name="IntegralT" value="392.000000" />
  <attribute name="IntegralI" value="392.000000" />
  <attribute name="IntegralH" value="392.000000" />
  <attribute name="DerivativeT" value="1.178571" />
  <attribute name="DerivativeI" value="1.178571" />
  <attribute name="DerivativeH" value="1.178571" />
  <attribute name="Loop Time for DT" value="14.000000" />
  <attribute name="Output H" value="8388608"/>
  <attribute name="Output I" value="408"/>
  <attribute name="Output T" value="4"/>
  <attribute name="Target GC Util Change" value ="20.000000" />
  <attribute name="Current GC Util Change" value="48.000000"/>
  <attribute name="GC Util currently" value="48" />
  <attribute name="CPU Util currently" value="320122384442" />
<allocation-satisfied id="3635" threadId="00000000016DF000" bytesRequested="24" />
<af-end id="3636" timestamp="2019-06-15T04:55:50.271" threadId="00000000016DF988" success="true" from="nursery"/>
<exclusive-end id="3637" timestamp="2019-06-15T04:55:50.272" durationms="5.712" />

<exclusive-start id="3638" timestamp="2019-06-15T04:55:50.285" intervalms="19.404">
  <response-info timems="0.220" idlems="0.118" threads="1" lastid="00000000016DB400" lastname="PmdThread 3" />
</exclusive-start>
<af-start id="3639" threadId="00000000016DF988" totalBytesRequested="56" timestamp="2019-06-15T04:55:50.285" intervalms="19.405" type="nursery" />
<cycle-start id="3640" type="scavenge" contextid="0" timestamp="2019-06-15T04:55:50.285" intervalms="19.404" />
<gc-start id="3641" type="scavenge" contextid="3640" timestamp="2019-06-15T04:55:50.286">
  <mem-info id="3642" free="2037718888" total="2092630016" percent="97">
    <mem type="nursery" free="0" total="11403264" percent="0">
      <mem type="allocate" free="0" total="8388608" percent="0" />
      <mem type="survivor" free="0" total="3014656" percent="0" />
    </mem>
    <mem type="tenure" free="2037718888" total="2081226752" percent="97">
      <mem type="soa" free="2037718888" total="2081226752" percent="97" />
      <mem type="loa" free="0" total="0" percent="0" />
    </mem>
    <remembered-set count="430" />
  </mem-info>
</gc-start>
<allocation-stats totalBytes="6312592" >
  <allocated-bytes non-tlh="4168" tlh="6308424" />
  <largest-consumer threadName="PmdThread 1" threadId="00000000016D3C00" bytes="2477728" />
</allocation-stats>
<gc-op id="3643" type="scavenge" timems="2.848" contextid="3640" timestamp="2019-06-15T04:55:50.288">
  <scavenger-info tenureage="5" tenuremask="7e20" tiltratio="73" />
  <memory-copied type="nursery" objects="33330" bytes="1753592" bytesdiscarded="179440" />
  <memory-copied type="tenure" objects="218" bytes="7224" bytesdiscarded="0" />
  <references type="soft" candidates="41" cleared="0" enqueued="0" dynamicThreshold="31" maxThreshold="32" />
  <references type="weak" candidates="125" cleared="125" enqueued="125" />
  <references type="phantom" candidates="24" cleared="23" enqueued="23" />
</gc-op>
<gc-end id="3644" type="scavenge" contextid="3640" durationms="3.091" usertimems="8.000" systemtimems="0.000" timestamp="2019-06-15T04:55:50.289" activeThreads="4">
  <mem-info id="3645" free="2044369928" total="2092630016" percent="97">
    <mem type="nursery" free="6651040" total="11403264" percent="58">
      <mem type="allocate" free="6651040" total="8585216" percent="77" />
      <mem type="survivor" free="0" total="2818048" percent="0" />
    </mem>
    <mem type="tenure" free="2037718888" total="2081226752" percent="97">
      <mem type="soa" free="2037718888" total="2081226752" percent="97" />
      <mem type="loa" free="0" total="0" percent="0" />
    </mem>
    <pending-finalizers system="0" default="0" reference="148" classloader="0" />
    <remembered-set count="374" />
  </mem-info>
</gc-end>
<cycle-end id="3646" type="scavenge" contextid="3640" timestamp="2019-06-15T04:55:50.289" />
  <attribute name="elasticGC enabled" value="1" />
  <attribute name= "numThreadsSpecified" value="4" />
  <attribute name="heapSize specified" value="16121856" />
  <attribute name="Current GC Util" value="52" />
  <attribute name= "Current Time Running" value="5720" />
  <attribute name ="GC Interval" value="656" />
  <attribute name="ProportionalT" value="16.000000" />
  <attribute name="ProportionalI" value="16.000000" />
  <attribute name="ProportionalH" value="16.000000" />
  <attribute name="Current Error" value="32.000000" />
  <attribute name="IntegralT" value="640.000000" />
  <attribute name="IntegralI" value="640.000000" />
  <attribute name="IntegralH" value="640.000000" />
  <attribute name="DerivativeT" value="0.300000" />
  <attribute name="DerivativeI" value="0.300000" />
  <attribute name="DerivativeH" value="0.300000" />
  <attribute name="Loop Time for DT" value="20.000000" />
  <attribute name="Output H" value="8388608"/>
  <attribute name="Output I" value="656"/>
  <attribute name="Output T" value="4"/>
  <attribute name="Target GC Util Change" value ="20.000000" />
  <attribute name="Current GC Util Change" value="52.000000"/>
  <attribute name="GC Util currently" value="52" />
  <attribute name="CPU Util currently" value="237615396569" />
<allocation-satisfied id="3647" threadId="00000000016DF000" bytesRequested="56" />
<af-end id="3648" timestamp="2019-06-15T04:55:50.289" threadId="00000000016DF988" success="true" from="nursery"/>
<exclusive-end id="3649" timestamp="2019-06-15T04:55:50.289" durationms="3.770" />

<exclusive-start id="3650" timestamp="2019-06-15T04:55:50.314" intervalms="28.871">
  <response-info timems="0.058" idlems="0.031" threads="2" lastid="00000000013CAF00" lastname="JIT Compilation Thread-1" />
</exclusive-start>
<af-start id="3651" threadId="00000000016DBD88" totalBytesRequested="72" timestamp="2019-06-15T04:55:50.314" intervalms="28.869" type="nursery" />
<cycle-start id="3652" type="scavenge" contextid="0" timestamp="2019-06-15T04:55:50.314" intervalms="28.856" />
<gc-start id="3653" type="scavenge" contextid="3652" timestamp="2019-06-15T04:55:50.314">
  <mem-info id="3654" free="2037712160" total="2092630016" percent="97">
    <mem type="nursery" free="0" total="11403264" percent="0">
      <mem type="allocate" free="0" total="8585216" percent="0" />
      <mem type="survivor" free="0" total="2818048" percent="0" />
    </mem>
    <mem type="tenure" free="2037712160" total="2081226752" percent="97">
      <mem type="soa" free="2037712160" total="2081226752" percent="97" />
      <mem type="loa" free="0" total="0" percent="0" />
    </mem>
    <remembered-set count="483" />
  </mem-info>
</gc-start>
<allocation-stats totalBytes="6649568" >
  <allocated-bytes non-tlh="6784" tlh="6642784" />
  <largest-consumer threadName="PmdThread 4" threadId="00000000016DF000" bytes="2905944" />
</allocation-stats>
<gc-op id="3655" type="scavenge" timems="2.741" contextid="3652" timestamp="2019-06-15T04:55:50.317">
  <scavenger-info tenureage="5" tenuremask="7e20" tiltratio="75" />
  <memory-copied type="nursery" objects="38476" bytes="1866064" bytesdiscarded="89912" />
  <memory-copied type="tenure" objects="501" bytes="18496" bytesdiscarded="0" />
  <references type="weak" candidates="331" cleared="331" enqueued="331" />
  <references type="phantom" candidates="13" cleared="13" enqueued="13" />
</gc-op>
<gc-end id="3656" type="scavenge" contextid="3652" durationms="2.909" usertimems="4.000" systemtimems="0.000" timestamp="2019-06-15T04:55:50.317" activeThreads="4">
  <mem-info id="3657" free="2044469296" total="2092630016" percent="97">
    <mem type="nursery" free="6757136" total="11403264" percent="59">
      <mem type="allocate" free="6757136" total="8716288" percent="77" />
      <mem type="survivor" free="0" total="2686976" percent="0" />
    </mem>
    <mem type="tenure" free="2037712160" total="2081226752" percent="97">
      <mem type="soa" free="2037712160" total="2081226752" percent="97" />
      <mem type="loa" free="0" total="0" percent="0" />
    </mem>
    <pending-finalizers system="0" default="0" reference="344" classloader="0" />
    <remembered-set count="411" />
  </mem-info>
</gc-end>
<cycle-end id="3658" type="scavenge" contextid="3652" timestamp="2019-06-15T04:55:50.317" />
  <attribute name="elasticGC enabled" value="1" />
  <attribute name= "numThreadsSpecified" value="4" />
  <attribute name="heapSize specified" value="16121856" />
  <attribute name="Current GC Util" value="25" />
  <attribute name= "Current Time Running" value="5748" />
  <attribute name ="GC Interval" value="200" />
  <attribute name="ProportionalT" value="2.500000" />
  <attribute name="ProportionalI" value="2.500000" />
  <attribute name="ProportionalH" value="2.500000" />
  <attribute name="Current Error" value="5.000000" />
  <attribute name="IntegralT" value="140.000000" />
  <attribute name="IntegralI" value="140.000000" />
  <attribute name="IntegralH" value="140.000000" />
  <attribute name="DerivativeT" value="-1.446429" />
  <attribute name="DerivativeI" value="-1.446429" />
  <attribute name="DerivativeH" value="-1.446429" />
  <attribute name="Loop Time for DT" value="28.000000" />
  <attribute name="Output H" value="8388608"/>
  <attribute name="Output I" value="200"/>
  <attribute name="Output T" value="4"/>
  <attribute name="Target GC Util Change" value ="20.000000" />
  <attribute name="Current GC Util Change" value="25.000000"/>
  <attribute name="GC Util currently" value="25" />
  <attribute name="CPU Util currently" value="159960409259" />
<allocation-satisfied id="3659" threadId="00000000016DB400" bytesRequested="72" />
<af-end id="3660" timestamp="2019-06-15T04:55:50.318" threadId="00000000016DBD88" success="true" from="nursery"/>
<exclusive-end id="3661" timestamp="2019-06-15T04:55:50.318" durationms="3.572" />

<exclusive-start id="3662" timestamp="2019-06-15T04:55:50.337" intervalms="22.729">
  <response-info timems="0.036" idlems="0.036" threads="0" lastid="00000000016D3C00" lastname="PmdThread 1" />
</exclusive-start>
<af-start id="3663" threadId="00000000016D4588" totalBytesRequested="24" timestamp="2019-06-15T04:55:50.337" intervalms="22.732" type="nursery" />
<cycle-start id="3664" type="scavenge" contextid="0" timestamp="2019-06-15T04:55:50.337" intervalms="22.744" />
<gc-start id="3665" type="scavenge" contextid="3664" timestamp="2019-06-15T04:55:50.337">
  <mem-info id="3666" free="2037710376" total="2092630016" percent="97">
    <mem type="nursery" free="0" total="11403264" percent="0">
      <mem type="allocate" free="0" total="8716288" percent="0" />
      <mem type="survivor" free="0" total="2686976" percent="0" />
    </mem>
    <mem type="tenure" free="2037710376" total="2081226752" percent="97">
      <mem type="soa" free="2037710376" total="2081226752" percent="97" />
      <mem type="loa" free="0" total="0" percent="0" />
    </mem>
    <remembered-set count="496" />
  </mem-info>
</gc-start>
<allocation-stats totalBytes="6749560" >
  <allocated-bytes non-tlh="1856" tlh="6747704" />
  <largest-consumer threadName="PmdThread 1" threadId="00000000016D3C00" bytes="2561632" />
</allocation-stats>
<gc-op id="3667" type="scavenge" timems="3.402" contextid="3664" timestamp="2019-06-15T04:55:50.341">
  <scavenger-info tenureage="5" tenuremask="7e20" tiltratio="76" />
  <memory-copied type="nursery" objects="29088" bytes="1479240" bytesdiscarded="156624" />
  <memory-copied type="tenure" objects="269" bytes="8672" bytesdiscarded="48" />
  <references type="weak" candidates="261" cleared="261" enqueued="261" />
  <references type="phantom" candidates="10" cleared="10" enqueued="10" />
</gc-op>
<gc-end id="3668" type="scavenge" contextid="3664" durationms="3.613" usertimems="8.000" systemtimems="0.000" timestamp="2019-06-15T04:55:50.341" activeThreads="4">
  <mem-info id="3669" free="2044873872" total="2092630016" percent="97">
    <mem type="nursery" free="7202664" total="11403264" percent="63">
      <mem type="allocate" free="7202664" total="8847360" percent="81" />
      <mem type="survivor" free="0" total="2555904" percent="0" />
    </mem>
    <mem type="tenure" free="2037671208" total="2081226752" percent="97">
      <mem type="soa" free="2037671208" total="2081226752" percent="97" />
      <mem type="loa" free="0" total="0" percent="0" />
    </mem>
    <pending-finalizers system="0" default="0" reference="271" classloader="0" />
    <remembered-set count="394" />
  </mem-info>
</gc-end>
<cycle-end id="3670" type="scavenge" contextid="3664" timestamp="2019-06-15T04:55:50.341" />
  <attribute name="elasticGC enabled" value="1" />
  <attribute name= "numThreadsSpecified" value="4" />
  <attribute name="heapSize specified" value="16121856" />
  <attribute name="Current GC Util" value="27" />
  <attribute name= "Current Time Running" value="5771" />
  <attribute name ="GC Interval" value="200" />
  <attribute name="ProportionalT" value="3.500000" />
  <attribute name="ProportionalI" value="3.500000" />
  <attribute name="ProportionalH" value="3.500000" />
  <attribute name="Current Error" value="7.000000" />
  <attribute name="IntegralT" value="161.000000" />
  <attribute name="IntegralI" value="161.000000" />
  <attribute name="IntegralH" value="161.000000" />
  <attribute name="DerivativeT" value="0.130435" />
  <attribute name="DerivativeI" value="0.130435" />
  <attribute name="DerivativeH" value="0.130435" />
  <attribute name="Loop Time for DT" value="23.000000" />
  <attribute name="Output H" value="8388608"/>
  <attribute name="Output I" value="200"/>
  <attribute name="Output T" value="4"/>
  <attribute name="Target GC Util Change" value ="20.000000" />
  <attribute name="Current GC Util Change" value="27.000000"/>
  <attribute name="GC Util currently" value="27" />
  <attribute name="CPU Util currently" value="202531960344" />
<allocation-satisfied id="3671" threadId="00000000016D3C00" bytesRequested="24" />
<af-end id="3672" timestamp="2019-06-15T04:55:50.341" threadId="00000000016D4588" success="true" from="nursery"/>
<exclusive-end id="3673" timestamp="2019-06-15T04:55:50.341" durationms="4.065" />

</verbosegc>

