<?xml version="1.0" ?>

<verbosegc xmlns="http://www.ibm.com/j9/verbosegc" version="10b4217_CMPRSS">

<initialized id="1" timestamp="2019-06-16T17:51:40.998">
  <attribute name="gcPolicy" value="-Xgcpolicy:balanced" />
  <attribute name="elasticGC enabled" value="1" />
  <attribute name= "numThreadsSpecified" value="0" />
  <attribute name="heapSize specified" value="0" />
  <attribute name="Current GC Util" value="0" />
  <attribute name= "Current Time Running" value="0" />
  <attribute name ="GC Interval" value="0" />
  <attribute name="ProportionalT" value="0.000000" />
  <attribute name="ProportionalI" value="0.000000" />
  <attribute name="ProportionalH" value="0.000000" />
  <attribute name="IntegralT" value="0.000000" />
  <attribute name="IntegralI" value="0.000000" />
  <attribute name="IntegralH" value="0.000000" />
  <attribute name="DerivativeT" value="0.000000" />
  <attribute name="DerivativeI" value="0.000000" />
  <attribute name="DerivativeH" value="0.000000" />
  <attribute name="Target GC Util Change" value ="0.000000" />
  <attribute name="Current GC Util Change" value="0.000000"/>
  <attribute name="Current Error" value="0.000000" />
  <attribute name="Loop Time for DT" value="0.000000" />
  <attribute name="Output H" value="0"/>
  <attribute name="Output I" value="0"/>
  <attribute name="Output T" value="0"/>
  <attribute name="GC Util currently" value="0" />
  <attribute name="CPU Util currently" value="0" />
  <attribute name="maxHeapSize" value="0x7cb00000" />
  <attribute name="initialHeapSize" value="0x800000" />
  <attribute name="compressedRefs" value="true" />
  <attribute name="compressedRefsDisplacement" value="0x0" />
  <attribute name="compressedRefsShift" value="0x0" />
  <attribute name="pageSize" value="0x1000" />
  <attribute name="pageType" value="not used" />
  <attribute name="requestedPageSize" value="0x1000" />
  <attribute name="requestedPageType" value="not used" />
  <attribute name="gcthreads" value="4" />
  <attribute name="packetListSplit" value="4" />
  <attribute name="cacheListSplit" value="4" />
  <attribute name="splitFreeListSplitAmount" value="1" />
  <attribute name="numaNodes" value="0" />
  <region>
    <attribute name="regionSize" value="1048576" />
    <attribute name="regionCount" value="1995" />
    <attribute name="arrayletLeafSize" value="1048576" />
  </region>
  <system>
    <attribute name="physicalMemory" value="8370962432" />
    <attribute name="numCPUs" value="4" />
    <attribute name="architecture" value="amd64" />
    <attribute name="os" value="Linux" />
    <attribute name="osVersion" value="4.4.0-148-generic" />
  </system>
  <vmargs>
    <vmarg name="-Xoptionsfile=/vagrant/jdk/lib/options.default" />
    <vmarg name="-Xlockword:mode=default,noLockword=java/lang/String,noLockword=java/util/MapEntry,noLockword=java/util/HashMap$Entry,noLockword..." />
    <vmarg name="-Xjcl:jclse29" />
    <vmarg name="-Dcom.ibm.oti.vm.bootstrap.library.path=/vagrant/jdk/lib/compressedrefs:/vagrant/jdk/lib" />
    <vmarg name="-Dsun.boot.library.path=/vagrant/jdk/lib/compressedrefs:/vagrant/jdk/lib" />
    <vmarg name="-Djava.library.path=/vagrant/jdk/lib/compressedrefs:/vagrant/jdk/lib:/usr/lib64:/usr/lib" />
    <vmarg name="-Djava.home=/vagrant/jdk" />
    <vmarg name="-Duser.dir=/vagrant" />
    <vmarg name="-Xgcpolicy:balanced" />
    <vmarg name="-Xgcelastic" />
    <vmarg name="-Xcheck:gc:::elasticGC" />
    <vmarg name="-verbose:gc" />
    <vmarg name="-Xloggc:small-Balanced-jdk-1-1-0.5-verbose5sunflow.txt" />
    <vmarg name="-Djava.class.path=dacapo-9.12-MR1-bach.jar" />
    <vmarg name="-Dsun.java.command=dacapo-9.12-MR1-bach.jar sunflow --size=small" />
    <vmarg name="-Dsun.java.launcher=SUN_STANDARD" />
    <vmarg name="-Dsun.java.launcher.pid=15799" />
  </vmargs>
</initialized>

<exclusive-start id="2" timestamp="2019-06-16T17:51:41.441" intervalms="442.541">
  <response-info timems="0.054" idlems="0.054" threads="0" lastid="0000000001253700" lastname="main" />
</exclusive-start>
<sys-start reason="explicit" id="3" timestamp="2019-06-16T17:51:41.441" intervalms="442.940" />
<cycle-start id="4" type="global garbage collect" contextid="0" timestamp="2019-06-16T17:51:41.441" intervalms="443.269" />
<gc-start id="5" type="global garbage collect" contextid="4" timestamp="2019-06-16T17:51:41.442">
  <mem-info id="6" free="4239544" total="8388608" percent="50">
    <mem type="eden" free="45320" total="4194304" percent="1" />
    <remembered-set count="0" freebytes="334848" totalbytes="334848" percent="100" regionsoverflowed="0" regionsstable="0" regionsrebuilding="0"/>
  </mem-info>
</gc-start>
<allocation-stats totalBytes="4143376" >
  <allocated-bytes non-tlh="501912" tlh="3641464" arrayletleaf="0"/>
  <largest-consumer threadName="main" threadId="0000000001253700" bytes="4067136" />
</allocation-stats>
<gc-op id="7" type="global mark" timems="3.599" contextid="4" timestamp="2019-06-16T17:51:41.446">
  <trace-info objectcount="30296" scancount="23628" scanbytes="765092" />
  <finalization candidates="125" enqueued="1" />
  <ownableSynchronizers candidates="3" cleared="0" />
  <references type="soft" candidates="131" cleared="0" enqueued="0" dynamicThreshold="32" maxThreshold="32" />
  <references type="weak" candidates="1322" cleared="569" enqueued="479" />
  <references type="phantom" candidates="106" cleared="42" enqueued="42" />
  <stringconstants candidates="3958" cleared="0"  />
</gc-op>
<gc-op id="8" type="classunload" timems="0.141" contextid="4" timestamp="2019-06-16T17:51:41.446">
  <classunload-info classloadercandidates="7" classloadersunloaded="0" classesunloaded="0" anonymousclassesunloaded="0" quiescems="0.000" setupms="0.141" scanms="0.000" postms="0.000" />
</gc-op>
<gc-op id="9" type="sweep" timems="0.695" contextid="4" timestamp="2019-06-16T17:51:41.447" />
<gc-op id="10" type="compact" timems="5.313" contextid="4" timestamp="2019-06-16T17:51:41.453">
  <compact-info movecount="30135" movebytes="1339000" />
  <remembered-set-cleared processed="3417" cleared="3417" durationms="0.109" />
</gc-op>
<gc-end id="11" type="global garbage collect" contextid="4" durationms="11.828" usertimems="8.000" systemtimems="4.000" timestamp="2019-06-16T17:51:41.454" activeThreads="4">
  <mem-info id="12" free="6291456" total="8388608" percent="75">
    <pending-finalizers system="1" default="0" reference="521" classloader="0" />
    <remembered-set count="1536" freebytes="328704" totalbytes="334848" percent="98" regionsoverflowed="0" regionsstable="0" regionsrebuilding="0"/>
  </mem-info>
</gc-end>
<cycle-end id="13" type="global garbage collect" contextid="4" timestamp="2019-06-16T17:51:41.454" />
  <attribute name="elasticGC enabled" value="1" />
  <attribute name= "numThreadsSpecified" value="4" />
  <attribute name="heapSize specified" value="0" />
  <attribute name="Current GC Util" value="50" />
  <attribute name= "Current Time Running" value="330" />
  <attribute name ="GC Interval" value="0" />
  <attribute name="ProportionalT" value="30.000000" />
  <attribute name="ProportionalI" value="30.000000" />
  <attribute name="ProportionalH" value="30.000000" />
  <attribute name="Current Error" value="30.000000" />
  <attribute name="IntegralT" value="-6185.000000" />
  <attribute name="IntegralI" value="-6185.000000" />
  <attribute name="IntegralH" value="-6185.000000" />
  <attribute name="DerivativeT" value="-inf" />
  <attribute name="DerivativeI" value="-inf" />
  <attribute name="DerivativeH" value="-inf" />
  <attribute name="Loop Time for DT" value="0.000000" />
  <attribute name="Output H" value="2091843584"/>
  <attribute name="Output I" value="200"/>
  <attribute name="Output T" value="4"/>
  <attribute name="Target GC Util Change" value ="20.000000" />
  <attribute name="Current GC Util Change" value="50.000000"/>
  <attribute name="GC Util currently" value="50" />
  <attribute name="CPU Util currently" value="5140499480921" />
<sys-end id="14" timestamp="2019-06-16T17:51:41.454" />
<exclusive-end id="15" timestamp="2019-06-16T17:51:41.454" durationms="13.531" />

<exclusive-start id="16" timestamp="2019-06-16T17:51:41.652" intervalms="211.115">
  <response-info timems="0.064" idlems="0.064" threads="0" lastid="00000000015AC500" lastname="Thread-5" />
</exclusive-start>
<allocation-taxation id="17" taxation-threshold="6291456" timestamp="2019-06-16T17:51:41.652" intervalms="653.991" />
<cycle-start id="18" type="partial gc" contextid="0" timestamp="2019-06-16T17:51:41.652" intervalms="654.364" />
<gc-start id="19" type="partial gc" contextid="18" timestamp="2019-06-16T17:51:41.653">
  <mem-info id="20" free="0" total="8388608" percent="0">
    <mem type="eden" free="7960" total="6291456" percent="0" />
    <remembered-set count="1536" freebytes="328704" totalbytes="334848" percent="98" regionsoverflowed="0" regionsstable="0" regionsrebuilding="0"/>
  </mem-info>
</gc-start>
<allocation-stats totalBytes="6224152" >
  <allocated-bytes non-tlh="1210248" tlh="5013904" arrayletleaf="0"/>
  <largest-consumer threadName="main" threadId="0000000001253700" bytes="2982240" />
</allocation-stats>
<gc-op id="21" type="mark" timems="2.331" contextid="18" timestamp="2019-06-16T17:51:41.656">
  <trace-info objectcount="14751" scancount="11870" scanbytes="447664" />
  <cardclean-info objects="1356" bytes="49784" />
  <remembered-set-cleared processed="524" cleared="91" durationms="0.081" />
  <references type="soft" candidates="17" cleared="0" enqueued="0" dynamicThreshold="24" maxThreshold="32" />
  <references type="weak" candidates="45" cleared="29" enqueued="28" />
  <references type="phantom" candidates="2" cleared="0" enqueued="0" />
  <stringconstants candidates="4534" cleared="1"  />
  <warning details="Mark invoked due to insufficient free space for Copy-Forward" />
</gc-op>
<gc-op id="22" type="classunload" timems="0.002" contextid="18" timestamp="2019-06-16T17:51:41.656">
  <classunload-info classloadercandidates="8" classloadersunloaded="0" classesunloaded="0" anonymousclassesunloaded="0" quiescems="0.000" setupms="0.002" scanms="0.000" postms="0.000" />
</gc-op>
<gc-op id="23" type="sweep" timems="0.348" contextid="18" timestamp="2019-06-16T17:51:41.656" />
<gc-op id="24" type="compact" timems="2.115" contextid="18" timestamp="2019-06-16T17:51:41.659">
  <compact-info movecount="14750" movebytes="1416584" />
  <remembered-set-cleared processed="2469" cleared="1536" durationms="0.081" />
</gc-op>
<heap-resize id="25" type="expand" space="default" amount="1048576" count="1" timems="0.067" reason="insufficient free space following gc" timestamp="2019-06-16T17:51:41.660" />
<gc-end id="26" type="partial gc" contextid="18" durationms="6.900" usertimems="0.000" systemtimems="8.000" timestamp="2019-06-16T17:51:41.660" activeThreads="4">
  <mem-info id="27" free="5242880" total="9437184" percent="55">
    <mem type="eden" free="555232" total="2097152" percent="26" />
    <pending-finalizers system="0" default="0" reference="28" classloader="0" />
    <remembered-set count="2624" freebytes="366208" totalbytes="376704" percent="97" regionsoverflowed="0" regionsstable="0" regionsrebuilding="0"/>
  </mem-info>
</gc-end>
<cycle-end id="28" type="partial gc" contextid="18" timestamp="2019-06-16T17:51:41.660" />
  <attribute name="elasticGC enabled" value="1" />
  <attribute name= "numThreadsSpecified" value="4" />
  <attribute name="heapSize specified" value="0" />
  <attribute name="Current GC Util" value="25" />
  <attribute name= "Current Time Running" value="540" />
  <attribute name ="GC Interval" value="0" />
  <attribute name="ProportionalT" value="5.000000" />
  <attribute name="ProportionalI" value="5.000000" />
  <attribute name="ProportionalH" value="5.000000" />
  <attribute name="Current Error" value="5.000000" />
  <attribute name="IntegralT" value="5.000000" />
  <attribute name="IntegralI" value="5.000000" />
  <attribute name="IntegralH" value="5.000000" />
  <attribute name="DerivativeT" value="-43.500000" />
  <attribute name="DerivativeI" value="-43.500000" />
  <attribute name="DerivativeH" value="-43.500000" />
  <attribute name="Loop Time for DT" value="1.000000" />
  <attribute name="Output H" value="2091843584"/>
  <attribute name="Output I" value="200"/>
  <attribute name="Output T" value="4"/>
  <attribute name="Target GC Util Change" value ="20.000000" />
  <attribute name="Current GC Util Change" value="25.000000"/>
  <attribute name="GC Util currently" value="25" />
  <attribute name="CPU Util currently" value="7620933575210" />
<exclusive-end id="29" timestamp="2019-06-16T17:51:41.660" durationms="8.350" />

<exclusive-start id="30" timestamp="2019-06-16T17:51:41.697" intervalms="45.078">
  <response-info timems="0.066" idlems="0.066" threads="0" lastid="00000000015AC500" lastname="Thread-5" />
</exclusive-start>
<allocation-taxation id="31" taxation-threshold="2097152" timestamp="2019-06-16T17:51:41.697" intervalms="44.872" />
<cycle-start id="32" type="global mark phase" contextid="0" timestamp="2019-06-16T17:51:41.697" intervalms="698.967" />
<gc-start id="33" type="global mark phase" contextid="32" timestamp="2019-06-16T17:51:41.697">
  <mem-info id="34" free="3145728" total="9437184" percent="33">
    <remembered-set count="2624" freebytes="366208" totalbytes="376704" percent="97" regionsoverflowed="0" regionsstable="0" regionsrebuilding="0"/>
  </mem-info>
</gc-start>
<gc-op id="35" type="mark increment" timems="0.535" contextid="32" timestamp="2019-06-16T17:51:41.698">
  <trace-info objectcount="170" scancount="0" scanbytes="0" />
</gc-op>
<gc-end id="36" type="global mark phase" contextid="32" durationms="0.683" usertimems="0.000" systemtimems="0.000" timestamp="2019-06-16T17:51:41.698" activeThreads="1">
  <mem-info id="37" free="3145728" total="9437184" percent="33">
    <remembered-set count="2624" freebytes="366208" totalbytes="376704" percent="97" regionsoverflowed="0" regionsstable="0" regionsrebuilding="0"/>
  </mem-info>
</gc-end>
<concurrent-start id="38" type="GMP work packet processing" contextid="32" timestamp="2019-06-16T17:51:41.698">
  <concurrent-mark-start scanTarget="18446744073709551615" />
</concurrent-start>
<exclusive-end id="39" timestamp="2019-06-16T17:51:41.698" durationms="1.173" />

<concurrent-end id="40" type="GMP work packet processing" contextid="32" timestamp="2019-06-16T17:51:41.700">
  <concurrent-mark-end bytesScanned="1187304" reasonForTermination="Completed all work in GC phase" />
</concurrent-end>

<exclusive-start id="41" timestamp="2019-06-16T17:51:41.704" intervalms="6.785">
  <response-info timems="0.031" idlems="0.031" threads="0" lastid="00000000015AC500" lastname="Thread-5" />
</exclusive-start>
<allocation-taxation id="42" taxation-threshold="2097152" timestamp="2019-06-16T17:51:41.704" intervalms="6.762" />
<cycle-start id="43" type="partial gc" contextid="0" timestamp="2019-06-16T17:51:41.704" intervalms="51.371" />
<gc-start id="44" type="partial gc" contextid="43" timestamp="2019-06-16T17:51:41.704">
  <mem-info id="45" free="1048576" total="9437184" percent="11">
    <mem type="eden" free="0" total="4194304" percent="0" />
    <remembered-set count="2624" freebytes="366208" totalbytes="376704" percent="97" regionsoverflowed="0" regionsstable="0" regionsrebuilding="0"/>
  </mem-info>
</gc-start>
<allocation-stats totalBytes="4167584" >
  <allocated-bytes non-tlh="49208" tlh="4118376" arrayletleaf="0"/>
  <largest-consumer threadName="Thread-5" threadId="00000000015AC500" bytes="2091440" />
</allocation-stats>
<gc-op id="46" type="copy forward" timems="3.569" contextid="43" timestamp="2019-06-16T17:51:41.708">
  <memory-copied type="eden" objects="18" bytes="127224" bytesdiscarded="0" />
  <memory-copied type="other" objects="14636" bytes="1221360" bytesdiscarded="303344" />
  <memory-cardclean objects="90" bytes="8000" />
  <regions eden="4" other="2" />
  <remembered-set-cleared processed="1116" cleared="616" durationms="0.064" />
  <references type="soft" candidates="17" cleared="0" enqueued="0" dynamicThreshold="10" maxThreshold="32" />
  <references type="weak" candidates="16" cleared="0" enqueued="0" />
  <references type="phantom" candidates="2" cleared="0" enqueued="0" />
  <stringconstants candidates="4533" cleared="0"  />
  <heap-resize type="expand" space="default" amount="2097152" count="2" timems="0.438" reason="continue current collection" />
</gc-op>
<gc-op id="47" type="classunload" timems="0.003" contextid="43" timestamp="2019-06-16T17:51:41.708">
  <classunload-info classloadercandidates="8" classloadersunloaded="0" classesunloaded="0" anonymousclassesunloaded="0" quiescems="0.000" setupms="0.003" scanms="0.000" postms="0.000" />
</gc-op>
<gc-op id="48" type="compact" timems="0.776" contextid="43" timestamp="2019-06-16T17:51:41.709">
  <compact-info movecount="0" movebytes="0" />
  <remembered-set-cleared processed="2218" cleared="616" durationms="0.064" />
</gc-op>
<gc-end id="49" type="partial gc" contextid="43" durationms="5.629" usertimems="0.000" systemtimems="4.000" timestamp="2019-06-16T17:51:41.710" activeThreads="4">
  <mem-info id="50" free="6291456" total="11534336" percent="54">
    <mem type="eden" free="921352" total="1048576" percent="87" />
    <remembered-set count="1408" freebytes="454784" totalbytes="460416" percent="98" regionsoverflowed="0" regionsstable="0" regionsrebuilding="0"/>
  </mem-info>
</gc-end>
<cycle-end id="51" type="partial gc" contextid="43" timestamp="2019-06-16T17:51:41.710" />
  <attribute name="elasticGC enabled" value="1" />
  <attribute name= "numThreadsSpecified" value="4" />
  <attribute name="heapSize specified" value="0" />
  <attribute name="Current GC Util" value="115" />
  <attribute name= "Current Time Running" value="592" />
  <attribute name ="GC Interval" value="0" />
  <attribute name="ProportionalT" value="95.000000" />
  <attribute name="ProportionalI" value="95.000000" />
  <attribute name="ProportionalH" value="95.000000" />
  <attribute name="Current Error" value="95.000000" />
  <attribute name="IntegralT" value="380.000000" />
  <attribute name="IntegralI" value="380.000000" />
  <attribute name="IntegralH" value="380.000000" />
  <attribute name="DerivativeT" value="11.500000" />
  <attribute name="DerivativeI" value="11.500000" />
  <attribute name="DerivativeH" value="11.500000" />
  <attribute name="Loop Time for DT" value="4.000000" />
  <attribute name="Output H" value="8388608"/>
  <attribute name="Output I" value="488"/>
  <attribute name="Output T" value="4"/>
  <attribute name="Target GC Util Change" value ="20.000000" />
  <attribute name="Current GC Util Change" value="115.000000"/>
  <attribute name="GC Util currently" value="115" />
  <attribute name="CPU Util currently" value="1230409955057" />
<exclusive-end id="52" timestamp="2019-06-16T17:51:41.710" durationms="6.442" />

<exclusive-start id="53" timestamp="2019-06-16T17:51:41.794" intervalms="90.619">
  <response-info timems="0.082" idlems="0.082" threads="0" lastid="00000000015A8900" lastname="Thread-7" />
</exclusive-start>
<allocation-taxation id="54" taxation-threshold="3145728" timestamp="2019-06-16T17:51:41.794" intervalms="90.697" />
<gc-start id="55" type="global mark phase" contextid="32" timestamp="2019-06-16T17:51:41.795">
  <mem-info id="56" free="3145728" total="11534336" percent="27">
    <remembered-set count="704" freebytes="457600" totalbytes="460416" percent="99" regionsoverflowed="0" regionsstable="1" regionsrebuilding="0"/>
  </mem-info>
</gc-start>
<gc-op id="57" type="mark increment" timems="1.430" contextid="32" timestamp="2019-06-16T17:51:41.796">
  <trace-info objectcount="5682" scancount="5603" scanbytes="275004" />
  <cardclean-info objects="686" bytes="30020" />
  <finalization candidates="124" enqueued="0" />
  <ownableSynchronizers candidates="3" cleared="0" />
  <references type="soft" candidates="148" cleared="0" enqueued="0" dynamicThreshold="17" maxThreshold="32" />
  <references type="weak" candidates="769" cleared="0" enqueued="0" />
  <references type="phantom" candidates="65" cleared="2" enqueued="2" />
  <stringconstants candidates="4596" cleared="0"  />
</gc-op>
<gc-op id="58" type="classunload" timems="0.004" contextid="32" timestamp="2019-06-16T17:51:41.796">
  <classunload-info classloadercandidates="8" classloadersunloaded="0" classesunloaded="0" anonymousclassesunloaded="0" quiescems="0.000" setupms="0.004" scanms="0.000" postms="0.000" />
</gc-op>
<gc-end id="59" type="global mark phase" contextid="32" durationms="1.932" usertimems="4.000" systemtimems="0.000" timestamp="2019-06-16T17:51:41.797" activeThreads="4">
  <mem-info id="60" free="3145728" total="11534336" percent="27">
    <pending-finalizers system="0" default="0" reference="2" classloader="0" />
    <remembered-set count="704" freebytes="457600" totalbytes="460416" percent="99" regionsoverflowed="0" regionsstable="1" regionsrebuilding="0"/>
  </mem-info>
</gc-end>
<cycle-end id="61" type="global mark phase" contextid="32" timestamp="2019-06-16T17:51:41.797" />
  <attribute name="elasticGC enabled" value="1" />
  <attribute name= "numThreadsSpecified" value="4" />
  <attribute name="heapSize specified" value="0" />
  <attribute name="Current GC Util" value="0" />
  <attribute name= "Current Time Running" value="678" />
  <attribute name ="GC Interval" value="0" />
  <attribute name="ProportionalT" value="-20.000000" />
  <attribute name="ProportionalI" value="-20.000000" />
  <attribute name="ProportionalH" value="-20.000000" />
  <attribute name="Current Error" value="-20.000000" />
  <attribute name="IntegralT" value="0.000000" />
  <attribute name="IntegralI" value="0.000000" />
  <attribute name="IntegralH" value="0.000000" />
  <attribute name="DerivativeT" value="-inf" />
  <attribute name="DerivativeI" value="-inf" />
  <attribute name="DerivativeH" value="-inf" />
  <attribute name="Loop Time for DT" value="0.000000" />
  <attribute name="Output H" value="2091843584"/>
  <attribute name="Output I" value="200"/>
  <attribute name="Output T" value="4"/>
  <attribute name="Target GC Util Change" value ="20.000000" />
  <attribute name="Current GC Util Change" value="0.000000"/>
  <attribute name="GC Util currently" value="0" />
  <attribute name="CPU Util currently" value="18102151514601" />
<exclusive-end id="62" timestamp="2019-06-16T17:51:41.797" durationms="2.819" />

<exclusive-start id="63" timestamp="2019-06-16T17:51:41.823" intervalms="28.879">
  <response-info timems="0.067" idlems="0.067" threads="0" lastid="00000000015A8900" lastname="Thread-7" />
</exclusive-start>
<allocation-taxation id="64" taxation-threshold="3145728" timestamp="2019-06-16T17:51:41.823" intervalms="28.847" />
<cycle-start id="65" type="partial gc" contextid="0" timestamp="2019-06-16T17:51:41.823" intervalms="119.577" />
<gc-start id="66" type="partial gc" contextid="65" timestamp="2019-06-16T17:51:41.824">
  <mem-info id="67" free="0" total="11534336" percent="0">
    <mem type="eden" free="0" total="6291456" percent="0" />
    <remembered-set count="704" freebytes="457600" totalbytes="460416" percent="99" regionsoverflowed="0" regionsstable="1" regionsrebuilding="0"/>
  </mem-info>
</gc-start>
<allocation-stats totalBytes="6286896" >
  <allocated-bytes non-tlh="478864" tlh="5808032" arrayletleaf="0"/>
  <largest-consumer threadName="Thread-7" threadId="00000000015A8900" bytes="3145392" />
</allocation-stats>
<gc-op id="68" type="sweep" timems="0.524" contextid="65" timestamp="2019-06-16T17:51:41.825" />
<gc-op id="69" type="copy forward" timems="1.358" contextid="65" timestamp="2019-06-16T17:51:41.827">
  <memory-copied type="eden" objects="177" bytes="4248" bytesdiscarded="0" />
  <memory-copied type="other" objects="5606" bytes="432160" bytesdiscarded="0" />
  <memory-cardclean objects="276" bytes="13192" />
  <memory-traced type="eden" objects="127" bytes="3440" />
  <memory-traced type="other" objects="0" bytes="0" />
  <regions eden="3" other="3" evacuated="5" marked="1" />
  <remembered-set-cleared processed="478" cleared="35" durationms="0.053" />
  <stringconstants candidates="4596" cleared="0"  />
</gc-op>
<gc-op id="70" type="classunload" timems="0.002" contextid="65" timestamp="2019-06-16T17:51:41.827">
  <classunload-info classloadercandidates="8" classloadersunloaded="0" classesunloaded="0" anonymousclassesunloaded="0" quiescems="0.000" setupms="0.002" scanms="0.000" postms="0.000" />
</gc-op>
<gc-op id="71" type="sweep" timems="0.446" contextid="65" timestamp="2019-06-16T17:51:41.827" />
<gc-op id="72" type="compact" timems="0.552" contextid="65" timestamp="2019-06-16T17:51:41.828">
  <compact-info movecount="127" movebytes="3440" />
  <remembered-set-cleared processed="1041" cleared="56" durationms="0.053" />
</gc-op>
<gc-end id="73" type="partial gc" contextid="65" durationms="4.744" usertimems="4.000" systemtimems="0.000" timestamp="2019-06-16T17:51:41.828" activeThreads="1">
  <mem-info id="74" free="5242880" total="11534336" percent="45">
    <mem type="eden" free="1657264" total="2097152" percent="79" />
    <remembered-set count="1312" freebytes="455168" totalbytes="460416" percent="98" regionsoverflowed="0" regionsstable="1" regionsrebuilding="0"/>
  </mem-info>
</gc-end>
<cycle-end id="75" type="partial gc" contextid="65" timestamp="2019-06-16T17:51:41.829" />
  <attribute name="elasticGC enabled" value="1" />
  <attribute name= "numThreadsSpecified" value="1" />
  <attribute name="heapSize specified" value="0" />
  <attribute name="Current GC Util" value="23" />
  <attribute name= "Current Time Running" value="710" />
  <attribute name ="GC Interval" value="0" />
  <attribute name="ProportionalT" value="3.000000" />
  <attribute name="ProportionalI" value="3.000000" />
  <attribute name="ProportionalH" value="3.000000" />
  <attribute name="Current Error" value="3.000000" />
  <attribute name="IntegralT" value="0.000000" />
  <attribute name="IntegralI" value="0.000000" />
  <attribute name="IntegralH" value="0.000000" />
  <attribute name="DerivativeT" value="inf" />
  <attribute name="DerivativeI" value="inf" />
  <attribute name="DerivativeH" value="inf" />
  <attribute name="Loop Time for DT" value="0.000000" />
  <attribute name="Output H" value="8388608"/>
  <attribute name="Output I" value="200"/>
  <attribute name="Output T" value="1"/>
  <attribute name="Target GC Util Change" value ="20.000000" />
  <attribute name="Current GC Util Change" value="23.000000"/>
  <attribute name="GC Util currently" value="23" />
  <attribute name="CPU Util currently" value="6835600931514" />
<exclusive-end id="76" timestamp="2019-06-16T17:51:41.829" durationms="5.643" />

<exclusive-start id="77" timestamp="2019-06-16T17:51:41.865" intervalms="42.204">
  <response-info timems="0.082" idlems="0.082" threads="0" lastid="00000000015A8900" lastname="Thread-7" />
</exclusive-start>
<allocation-taxation id="78" taxation-threshold="5242880" timestamp="2019-06-16T17:51:41.866" intervalms="42.305" />
<cycle-start id="79" type="partial gc" contextid="0" timestamp="2019-06-16T17:51:41.866" intervalms="42.436" />
<gc-start id="80" type="partial gc" contextid="79" timestamp="2019-06-16T17:51:41.866">
  <mem-info id="81" free="0" total="11534336" percent="0">
    <mem type="eden" free="1045136" total="6291456" percent="16" />
    <remembered-set count="864" freebytes="456960" totalbytes="460416" percent="99" regionsoverflowed="0" regionsstable="1" regionsrebuilding="0"/>
  </mem-info>
</gc-start>
<allocation-stats totalBytes="5242128" >
  <allocated-bytes non-tlh="0" tlh="5242128" arrayletleaf="0"/>
  <largest-consumer threadName="Thread-7" threadId="00000000015A8900" bytes="5242128" />
</allocation-stats>
<gc-op id="82" type="mark" timems="0.943" contextid="79" timestamp="2019-06-16T17:51:41.868">
  <trace-info objectcount="6200" scancount="6121" scanbytes="287420" />
  <cardclean-info objects="41" bytes="2964" />
  <remembered-set-cleared processed="559" cleared="100" durationms="0.064" />
  <stringconstants candidates="4596" cleared="0"  />
  <warning details="Mark invoked due to insufficient free space for Copy-Forward" />
</gc-op>
<gc-op id="83" type="classunload" timems="0.003" contextid="79" timestamp="2019-06-16T17:51:41.868">
  <classunload-info classloadercandidates="8" classloadersunloaded="0" classesunloaded="0" anonymousclassesunloaded="0" quiescems="0.000" setupms="0.003" scanms="0.000" postms="0.000" />
</gc-op>
<gc-op id="84" type="sweep" timems="0.473" contextid="79" timestamp="2019-06-16T17:51:41.869" />
<gc-op id="85" type="compact" timems="1.696" contextid="79" timestamp="2019-06-16T17:51:41.871">
  <compact-info movecount="6150" movebytes="445632" />
  <remembered-set-cleared processed="1159" cleared="241" durationms="0.064" />
</gc-op>
<gc-end id="86" type="partial gc" contextid="79" durationms="4.797" usertimems="0.000" systemtimems="4.000" timestamp="2019-06-16T17:51:41.871" activeThreads="4">
  <mem-info id="87" free="5242880" total="11534336" percent="45">
    <mem type="eden" free="1650320" total="2097152" percent="78" />
    <remembered-set count="2240" freebytes="451456" totalbytes="460416" percent="98" regionsoverflowed="0" regionsstable="1" regionsrebuilding="0"/>
  </mem-info>
</gc-end>
<cycle-end id="88" type="partial gc" contextid="79" timestamp="2019-06-16T17:51:41.871" />
  <attribute name="elasticGC enabled" value="1" />
  <attribute name= "numThreadsSpecified" value="4" />
  <attribute name="heapSize specified" value="0" />
  <attribute name="Current GC Util" value="25" />
  <attribute name= "Current Time Running" value="752" />
  <attribute name ="GC Interval" value="0" />
  <attribute name="ProportionalT" value="5.000000" />
  <attribute name="ProportionalI" value="5.000000" />
  <attribute name="ProportionalH" value="5.000000" />
  <attribute name="Current Error" value="5.000000" />
  <attribute name="IntegralT" value="5.000000" />
  <attribute name="IntegralI" value="5.000000" />
  <attribute name="IntegralH" value="5.000000" />
  <attribute name="DerivativeT" value="2.500000" />
  <attribute name="DerivativeI" value="2.500000" />
  <attribute name="DerivativeH" value="2.500000" />
  <attribute name="Loop Time for DT" value="1.000000" />
  <attribute name="Output H" value="8388608"/>
  <attribute name="Output I" value="200"/>
  <attribute name="Output T" value="4"/>
  <attribute name="Target GC Util Change" value ="20.000000" />
  <attribute name="Current GC Util Change" value="25.000000"/>
  <attribute name="GC Util currently" value="25" />
  <attribute name="CPU Util currently" value="5962680308441" />
<exclusive-end id="89" timestamp="2019-06-16T17:51:41.872" durationms="6.211" />

<exclusive-start id="90" timestamp="2019-06-16T17:51:41.886" intervalms="20.343">
  <response-info timems="0.068" idlems="0.068" threads="0" lastid="00000000015A8900" lastname="Thread-7" />
</exclusive-start>
<allocation-taxation id="91" taxation-threshold="2097152" timestamp="2019-06-16T17:51:41.886" intervalms="20.286" />
<cycle-start id="92" type="global mark phase" contextid="0" timestamp="2019-06-16T17:51:41.886" intervalms="189.029" />
<gc-start id="93" type="global mark phase" contextid="92" timestamp="2019-06-16T17:51:41.886">
  <mem-info id="94" free="3145728" total="11534336" percent="27">
    <remembered-set count="1760" freebytes="453376" totalbytes="460416" percent="98" regionsoverflowed="0" regionsstable="1" regionsrebuilding="0"/>
  </mem-info>
</gc-start>
<gc-op id="95" type="mark increment" timems="0.529" contextid="92" timestamp="2019-06-16T17:51:41.887">
  <trace-info objectcount="138" scancount="0" scanbytes="0" />
</gc-op>
<gc-end id="96" type="global mark phase" contextid="92" durationms="0.872" usertimems="0.000" systemtimems="0.000" timestamp="2019-06-16T17:51:41.887" activeThreads="4">
  <mem-info id="97" free="3145728" total="11534336" percent="27">
    <remembered-set count="1760" freebytes="453376" totalbytes="460416" percent="98" regionsoverflowed="0" regionsstable="0" regionsrebuilding="1"/>
  </mem-info>
</gc-end>
<concurrent-start id="98" type="GMP work packet processing" contextid="92" timestamp="2019-06-16T17:51:41.887">
  <concurrent-mark-start scanTarget="18446744073709551615" />
</concurrent-start>
<exclusive-end id="99" timestamp="2019-06-16T17:51:41.888" durationms="1.842" />

<concurrent-end id="100" type="GMP work packet processing" contextid="92" timestamp="2019-06-16T17:51:41.891">
  <concurrent-mark-end bytesScanned="1459528" reasonForTermination="Completed all work in GC phase" />
</concurrent-end>

<exclusive-start id="101" timestamp="2019-06-16T17:51:41.897" intervalms="11.299">
  <response-info timems="0.062" idlems="0.062" threads="0" lastid="00000000015A8900" lastname="Thread-7" />
</exclusive-start>
<allocation-taxation id="102" taxation-threshold="2097152" timestamp="2019-06-16T17:51:41.897" intervalms="11.288" />
<cycle-start id="103" type="partial gc" contextid="0" timestamp="2019-06-16T17:51:41.897" intervalms="31.459" />
<gc-start id="104" type="partial gc" contextid="103" timestamp="2019-06-16T17:51:41.898">
  <mem-info id="105" free="1048576" total="11534336" percent="9">
    <mem type="eden" free="0" total="4194304" percent="0" />
    <remembered-set count="3744" freebytes="445440" totalbytes="460416" percent="96" regionsoverflowed="0" regionsstable="0" regionsrebuilding="1"/>
  </mem-info>
</gc-start>
<allocation-stats totalBytes="4193664" >
  <allocated-bytes non-tlh="0" tlh="4193664" arrayletleaf="0"/>
  <largest-consumer threadName="Thread-7" threadId="00000000015A8900" bytes="2096904" />
</allocation-stats>
<gc-op id="106" type="copy forward" timems="7.750" contextid="103" timestamp="2019-06-16T17:51:41.906">
  <memory-copied type="eden" objects="258" bytes="6584" bytesdiscarded="0" />
  <memory-copied type="other" objects="285" bytes="6840" bytesdiscarded="0" />
  <memory-cardclean objects="892" bytes="43120" />
  <regions eden="4" other="1" />
  <remembered-set-cleared processed="2583" cleared="86" durationms="0.269" />
  <stringconstants candidates="4596" cleared="0"  />
  <heap-resize type="expand" space="default" amount="1048576" count="1" timems="0.134" reason="continue current collection" />
</gc-op>
<gc-op id="107" type="classunload" timems="0.002" contextid="103" timestamp="2019-06-16T17:51:41.907">
  <classunload-info classloadercandidates="8" classloadersunloaded="0" classesunloaded="0" anonymousclassesunloaded="0" quiescems="0.000" setupms="0.002" scanms="0.000" postms="0.000" />
</gc-op>
<gc-op id="108" type="compact" timems="2.823" contextid="103" timestamp="2019-06-16T17:51:41.910">
  <compact-info movecount="0" movebytes="0" />
  <remembered-set-cleared processed="5341" cleared="86" durationms="0.269" />
</gc-op>
<heap-resize id="109" type="expand" space="default" amount="3145728" count="1" timems="0.066" reason="excessive time being spent in gc" timestamp="2019-06-16T17:51:41.910" />
<gc-end id="110" type="partial gc" contextid="103" durationms="12.493" usertimems="4.000" systemtimems="8.000" timestamp="2019-06-16T17:51:41.910" activeThreads="4">
  <mem-info id="111" free="8388608" total="15728640" percent="53">
    <mem type="eden" free="1041992" total="1048576" percent="99" />
    <remembered-set count="3584" freebytes="613504" totalbytes="627840" percent="97" regionsoverflowed="0" regionsstable="0" regionsrebuilding="1"/>
  </mem-info>
</gc-end>
<cycle-end id="112" type="partial gc" contextid="103" timestamp="2019-06-16T17:51:41.910" />
  <attribute name="elasticGC enabled" value="1" />
  <attribute name= "numThreadsSpecified" value="4" />
  <attribute name="heapSize specified" value="0" />
  <attribute name="Current GC Util" value="117" />
  <attribute name= "Current Time Running" value="790" />
  <attribute name ="GC Interval" value="0" />
  <attribute name="ProportionalT" value="97.000000" />
  <attribute name="ProportionalI" value="97.000000" />
  <attribute name="ProportionalH" value="97.000000" />
  <attribute name="Current Error" value="97.000000" />
  <attribute name="IntegralT" value="776.000000" />
  <attribute name="IntegralI" value="776.000000" />
  <attribute name="IntegralH" value="776.000000" />
  <attribute name="DerivativeT" value="-5.500000" />
  <attribute name="DerivativeI" value="-5.500000" />
  <attribute name="DerivativeH" value="-5.500000" />
  <attribute name="Loop Time for DT" value="8.000000" />
  <attribute name="Output H" value="8388608"/>
  <attribute name="Output I" value="872"/>
  <attribute name="Output T" value="4"/>
  <attribute name="Target GC Util Change" value ="20.000000" />
  <attribute name="Current GC Util Change" value="117.000000"/>
  <attribute name="GC Util currently" value="117" />
  <attribute name="CPU Util currently" value="565658512968" />
<exclusive-end id="113" timestamp="2019-06-16T17:51:41.911" durationms="13.585" />

<exclusive-start id="114" timestamp="2019-06-16T17:51:41.926" intervalms="29.403">
  <response-info timems="0.076" idlems="0.076" threads="0" lastid="00000000015A8900" lastname="Thread-7" />
</exclusive-start>
<allocation-taxation id="115" taxation-threshold="4194304" timestamp="2019-06-16T17:51:41.927" intervalms="29.451" />
<gc-start id="116" type="global mark phase" contextid="92" timestamp="2019-06-16T17:51:41.927">
  <mem-info id="117" free="4194304" total="15728640" percent="26">
    <remembered-set count="3584" freebytes="613504" totalbytes="627840" percent="97" regionsoverflowed="0" regionsstable="0" regionsrebuilding="1"/>
  </mem-info>
</gc-start>
<gc-op id="118" type="mark increment" timems="2.159" contextid="92" timestamp="2019-06-16T17:51:41.929">
  <trace-info objectcount="332" scancount="332" scanbytes="8344" />
  <cardclean-info objects="1565" bytes="70468" />
  <finalization candidates="124" enqueued="0" />
  <ownableSynchronizers candidates="3" cleared="0" />
  <references type="soft" candidates="148" cleared="0" enqueued="0" dynamicThreshold="17" maxThreshold="32" />
  <references type="weak" candidates="769" cleared="0" enqueued="0" />
  <references type="phantom" candidates="63" cleared="0" enqueued="0" />
  <stringconstants candidates="4596" cleared="0"  />
</gc-op>
<gc-op id="119" type="classunload" timems="0.004" contextid="92" timestamp="2019-06-16T17:51:41.929">
  <classunload-info classloadercandidates="8" classloadersunloaded="0" classesunloaded="0" anonymousclassesunloaded="0" quiescems="0.000" setupms="0.004" scanms="0.000" postms="0.000" />
</gc-op>
<gc-end id="120" type="global mark phase" contextid="92" durationms="2.680" usertimems="4.000" systemtimems="0.000" timestamp="2019-06-16T17:51:41.930" activeThreads="1">
  <mem-info id="121" free="4194304" total="15728640" percent="26">
    <remembered-set count="4096" freebytes="611456" totalbytes="627840" percent="97" regionsoverflowed="0" regionsstable="0" regionsrebuilding="0"/>
  </mem-info>
</gc-end>
<cycle-end id="122" type="global mark phase" contextid="92" timestamp="2019-06-16T17:51:41.930" />
  <attribute name="elasticGC enabled" value="1" />
  <attribute name= "numThreadsSpecified" value="1" />
  <attribute name="heapSize specified" value="0" />
  <attribute name="Current GC Util" value="92" />
  <attribute name= "Current Time Running" value="811" />
  <attribute name ="GC Interval" value="0" />
  <attribute name="ProportionalT" value="72.000000" />
  <attribute name="ProportionalI" value="72.000000" />
  <attribute name="ProportionalH" value="72.000000" />
  <attribute name="Current Error" value="72.000000" />
  <attribute name="IntegralT" value="0.000000" />
  <attribute name="IntegralI" value="0.000000" />
  <attribute name="IntegralH" value="0.000000" />
  <attribute name="DerivativeT" value="inf" />
  <attribute name="DerivativeI" value="inf" />
  <attribute name="DerivativeH" value="inf" />
  <attribute name="Loop Time for DT" value="0.000000" />
  <attribute name="Output H" value="8388608"/>
  <attribute name="Output I" value="200"/>
  <attribute name="Output T" value="1"/>
  <attribute name="Target GC Util Change" value ="20.000000" />
  <attribute name="Current GC Util Change" value="92.000000"/>
  <attribute name="GC Util currently" value="92" />
  <attribute name="CPU Util currently" value="7464159265096" />
<exclusive-end id="123" timestamp="2019-06-16T17:51:41.930" durationms="3.551" />

<exclusive-start id="124" timestamp="2019-06-16T17:51:41.945" intervalms="19.090">
  <response-info timems="0.069" idlems="0.069" threads="0" lastid="00000000015A8900" lastname="Thread-7" />
</exclusive-start>
<allocation-taxation id="125" taxation-threshold="4194304" timestamp="2019-06-16T17:51:41.946" intervalms="19.047" />
<cycle-start id="126" type="partial gc" contextid="0" timestamp="2019-06-16T17:51:41.946" intervalms="48.557" />
<gc-start id="127" type="partial gc" contextid="126" timestamp="2019-06-16T17:51:41.946">
  <mem-info id="128" free="0" total="15728640" percent="0">
    <mem type="eden" free="0" total="8388608" percent="0" />
    <remembered-set count="1568" freebytes="621568" totalbytes="627840" percent="99" regionsoverflowed="0" regionsstable="1" regionsrebuilding="0"/>
  </mem-info>
</gc-start>
<allocation-stats totalBytes="8387496" >
  <allocated-bytes non-tlh="0" tlh="8387496" arrayletleaf="0"/>
  <largest-consumer threadName="Thread-7" threadId="00000000015A8900" bytes="4193848" />
</allocation-stats>
<gc-op id="129" type="sweep" timems="1.517" contextid="126" timestamp="2019-06-16T17:51:41.948" />
<gc-op id="130" type="mark" timems="3.279" contextid="126" timestamp="2019-06-16T17:51:41.952">
  <trace-info objectcount="616" scancount="616" scanbytes="14920" />
  <cardclean-info objects="1268" bytes="61152" />
  <remembered-set-cleared processed="743" cleared="147" durationms="0.215" />
  <stringconstants candidates="4596" cleared="0"  />
  <warning details="Mark invoked due to insufficient free space for Copy-Forward" />
</gc-op>
<gc-op id="131" type="classunload" timems="0.002" contextid="126" timestamp="2019-06-16T17:51:41.952">
  <classunload-info classloadercandidates="8" classloadersunloaded="0" classesunloaded="0" anonymousclassesunloaded="0" quiescems="0.000" setupms="0.002" scanms="0.000" postms="0.000" />
</gc-op>
<gc-op id="132" type="sweep" timems="0.782" contextid="126" timestamp="2019-06-16T17:51:41.953" />
<gc-op id="133" type="compact" timems="3.228" contextid="126" timestamp="2019-06-16T17:51:41.957">
  <compact-info movecount="14019" movebytes="961584" />
  <remembered-set-cleared processed="1101" cleared="343" durationms="0.215" />
</gc-op>
<heap-resize id="134" type="expand" space="default" amount="3145728" count="1" timems="0.066" reason="excessive time being spent in gc" timestamp="2019-06-16T17:51:41.957" />
<gc-end id="135" type="partial gc" contextid="126" durationms="11.221" usertimems="12.000" systemtimems="0.000" timestamp="2019-06-16T17:51:41.957" activeThreads="4">
  <mem-info id="136" free="11534336" total="18874368" percent="61">
    <mem type="eden" free="1038024" total="1048576" percent="98" />
    <remembered-set count="2336" freebytes="744064" totalbytes="753408" percent="98" regionsoverflowed="0" regionsstable="1" regionsrebuilding="0"/>
  </mem-info>
</gc-end>
<cycle-end id="137" type="partial gc" contextid="126" timestamp="2019-06-16T17:51:41.958" />
  <attribute name="elasticGC enabled" value="1" />
  <attribute name= "numThreadsSpecified" value="4" />
  <attribute name="heapSize specified" value="0" />
  <attribute name="Current GC Util" value="65" />
  <attribute name= "Current Time Running" value="836" />
  <attribute name ="GC Interval" value="0" />
  <attribute name="ProportionalT" value="45.000000" />
  <attribute name="ProportionalI" value="45.000000" />
  <attribute name="ProportionalH" value="45.000000" />
  <attribute name="Current Error" value="45.000000" />
  <attribute name="IntegralT" value="45.000000" />
  <attribute name="IntegralI" value="45.000000" />
  <attribute name="IntegralH" value="45.000000" />
  <attribute name="DerivativeT" value="-25.000000" />
  <attribute name="DerivativeI" value="-25.000000" />
  <attribute name="DerivativeH" value="-25.000000" />
  <attribute name="Loop Time for DT" value="1.000000" />
  <attribute name="Output H" value="8388608"/>
  <attribute name="Output I" value="200"/>
  <attribute name="Output T" value="4"/>
  <attribute name="Target GC Util Change" value ="20.000000" />
  <attribute name="Current GC Util Change" value="65.000000"/>
  <attribute name="GC Util currently" value="65" />
  <attribute name="CPU Util currently" value="4458509465564" />
<exclusive-end id="138" timestamp="2019-06-16T17:51:41.958" durationms="12.371" />

<exclusive-start id="139" timestamp="2019-06-16T17:51:41.984" intervalms="38.614">
  <response-info timems="0.070" idlems="0.070" threads="0" lastid="00000000015A8900" lastname="Thread-7" />
</exclusive-start>
<allocation-taxation id="140" taxation-threshold="5242880" timestamp="2019-06-16T17:51:41.984" intervalms="38.598" />
<cycle-start id="141" type="global mark phase" contextid="0" timestamp="2019-06-16T17:51:41.984" intervalms="98.363" />
<gc-start id="142" type="global mark phase" contextid="141" timestamp="2019-06-16T17:51:41.985">
  <mem-info id="143" free="6291456" total="18874368" percent="33">
    <remembered-set count="2336" freebytes="744064" totalbytes="753408" percent="98" regionsoverflowed="0" regionsstable="1" regionsrebuilding="0"/>
  </mem-info>
</gc-start>
<gc-op id="144" type="mark increment" timems="1.476" contextid="141" timestamp="2019-06-16T17:51:41.986">
  <trace-info objectcount="137" scancount="0" scanbytes="0" />
</gc-op>
<gc-end id="145" type="global mark phase" contextid="141" durationms="1.787" usertimems="4.000" systemtimems="0.000" timestamp="2019-06-16T17:51:41.986" activeThreads="4">
  <mem-info id="146" free="6291456" total="18874368" percent="33">
    <remembered-set count="2336" freebytes="744064" totalbytes="753408" percent="98" regionsoverflowed="0" regionsstable="0" regionsrebuilding="1"/>
  </mem-info>
</gc-end>
<concurrent-start id="147" type="GMP work packet processing" contextid="141" timestamp="2019-06-16T17:51:41.987">
  <concurrent-mark-start scanTarget="18446744073709551615" />
</concurrent-start>
<exclusive-end id="148" timestamp="2019-06-16T17:51:41.987" durationms="2.791" />

<concurrent-end id="149" type="GMP work packet processing" contextid="141" timestamp="2019-06-16T17:51:41.990">
  <concurrent-mark-end bytesScanned="1476408" reasonForTermination="Completed all work in GC phase" />
</concurrent-end>

<exclusive-start id="150" timestamp="2019-06-16T17:51:42.014" intervalms="29.763">
  <response-info timems="0.072" idlems="0.072" threads="0" lastid="00000000015A8900" lastname="Thread-7" />
</exclusive-start>
<allocation-taxation id="151" taxation-threshold="5242880" timestamp="2019-06-16T17:51:42.014" intervalms="29.779" />
<cycle-start id="152" type="partial gc" contextid="0" timestamp="2019-06-16T17:51:42.014" intervalms="68.367" />
<gc-start id="153" type="partial gc" contextid="152" timestamp="2019-06-16T17:51:42.015">
  <mem-info id="154" free="1048576" total="18874368" percent="5">
    <mem type="eden" free="0" total="10485760" percent="0" />
    <remembered-set count="4256" freebytes="736384" totalbytes="753408" percent="97" regionsoverflowed="0" regionsstable="0" regionsrebuilding="1"/>
  </mem-info>
</gc-start>
<allocation-stats totalBytes="10484672" >
  <allocated-bytes non-tlh="0" tlh="10484672" arrayletleaf="0"/>
  <largest-consumer threadName="Thread-7" threadId="00000000015A8900" bytes="5242368" />
</allocation-stats>
<gc-op id="155" type="copy forward" timems="4.341" contextid="152" timestamp="2019-06-16T17:51:42.020">
  <memory-copied type="eden" objects="643" bytes="15808" bytesdiscarded="0" />
  <memory-copied type="other" objects="421" bytes="10104" bytesdiscarded="0" />
  <memory-cardclean objects="1682" bytes="81024" />
  <regions eden="10" other="1" />
  <remembered-set-cleared processed="2579" cleared="192" durationms="0.084" />
  <stringconstants candidates="4596" cleared="0"  />
  <heap-resize type="expand" space="default" amount="1048576" count="1" timems="0.072" reason="continue current collection" />
</gc-op>
<gc-op id="156" type="classunload" timems="0.002" contextid="152" timestamp="2019-06-16T17:51:42.020">
  <classunload-info classloadercandidates="8" classloadersunloaded="0" classesunloaded="0" anonymousclassesunloaded="0" quiescems="0.000" setupms="0.002" scanms="0.000" postms="0.000" />
</gc-op>
<heap-resize id="157" type="expand" space="default" amount="1048576" count="1" timems="0.060" reason="excessive time being spent in gc" timestamp="2019-06-16T17:51:42.020" />
<gc-end id="158" type="partial gc" contextid="152" durationms="6.068" usertimems="8.000" systemtimems="0.000" timestamp="2019-06-16T17:51:42.021" activeThreads="4">
  <mem-info id="159" free="12582912" total="20971520" percent="60">
    <mem type="eden" free="1032768" total="1048576" percent="98" />
    <remembered-set count="3776" freebytes="822016" totalbytes="837120" percent="98" regionsoverflowed="0" regionsstable="0" regionsrebuilding="1"/>
  </mem-info>
</gc-end>
<cycle-end id="160" type="partial gc" contextid="152" timestamp="2019-06-16T17:51:42.021" />
  <attribute name="elasticGC enabled" value="1" />
  <attribute name= "numThreadsSpecified" value="4" />
  <attribute name="heapSize specified" value="0" />
  <attribute name="Current GC Util" value="111" />
  <attribute name= "Current Time Running" value="899" />
  <attribute name ="GC Interval" value="0" />
  <attribute name="ProportionalT" value="91.000000" />
  <attribute name="ProportionalI" value="91.000000" />
  <attribute name="ProportionalH" value="91.000000" />
  <attribute name="Current Error" value="91.000000" />
  <attribute name="IntegralT" value="91.000000" />
  <attribute name="IntegralI" value="91.000000" />
  <attribute name="IntegralH" value="91.000000" />
  <attribute name="DerivativeT" value="45.500000" />
  <attribute name="DerivativeI" value="45.500000" />
  <attribute name="DerivativeH" value="45.500000" />
  <attribute name="Loop Time for DT" value="1.000000" />
  <attribute name="Output H" value="8388608"/>
  <attribute name="Output I" value="232"/>
  <attribute name="Output T" value="4"/>
  <attribute name="Target GC Util Change" value ="20.000000" />
  <attribute name="Current GC Util Change" value="111.000000"/>
  <attribute name="GC Util currently" value="111" />
  <attribute name="CPU Util currently" value="7728366000764" />
<exclusive-end id="161" timestamp="2019-06-16T17:51:42.021" durationms="7.278" />

<exclusive-start id="162" timestamp="2019-06-16T17:51:42.049" intervalms="35.004">
  <response-info timems="0.071" idlems="0.071" threads="0" lastid="00000000015A8900" lastname="Thread-7" />
</exclusive-start>
<allocation-taxation id="163" taxation-threshold="5242880" timestamp="2019-06-16T17:51:42.049" intervalms="35.026" />
<gc-start id="164" type="global mark phase" contextid="141" timestamp="2019-06-16T17:51:42.049">
  <mem-info id="165" free="7340032" total="20971520" percent="35">
    <remembered-set count="3328" freebytes="823808" totalbytes="837120" percent="98" regionsoverflowed="0" regionsstable="0" regionsrebuilding="1"/>
  </mem-info>
</gc-start>
<gc-op id="166" type="mark increment" timems="3.408" contextid="141" timestamp="2019-06-16T17:51:42.053">
  <trace-info objectcount="653" scancount="653" scanbytes="16048" />
  <cardclean-info objects="2354" bytes="105496" />
  <finalization candidates="124" enqueued="0" />
  <ownableSynchronizers candidates="3" cleared="0" />
  <references type="soft" candidates="148" cleared="0" enqueued="0" dynamicThreshold="19" maxThreshold="32" />
  <references type="weak" candidates="769" cleared="0" enqueued="0" />
  <references type="phantom" candidates="63" cleared="0" enqueued="0" />
  <stringconstants candidates="4596" cleared="0"  />
</gc-op>
<gc-op id="167" type="classunload" timems="0.003" contextid="141" timestamp="2019-06-16T17:51:42.053">
  <classunload-info classloadercandidates="8" classloadersunloaded="0" classesunloaded="0" anonymousclassesunloaded="0" quiescems="0.000" setupms="0.003" scanms="0.000" postms="0.000" />
</gc-op>
<gc-end id="168" type="global mark phase" contextid="141" durationms="3.923" usertimems="4.000" systemtimems="0.000" timestamp="2019-06-16T17:51:42.053" activeThreads="4">
  <mem-info id="169" free="7340032" total="20971520" percent="35">
    <remembered-set count="3840" freebytes="821760" totalbytes="837120" percent="98" regionsoverflowed="0" regionsstable="0" regionsrebuilding="0"/>
  </mem-info>
</gc-end>
<cycle-end id="170" type="global mark phase" contextid="141" timestamp="2019-06-16T17:51:42.053" />
  <attribute name="elasticGC enabled" value="1" />
  <attribute name= "numThreadsSpecified" value="4" />
  <attribute name="heapSize specified" value="0" />
  <attribute name="Current GC Util" value="104" />
  <attribute name= "Current Time Running" value="934" />
  <attribute name ="GC Interval" value="0" />
  <attribute name="ProportionalT" value="84.000000" />
  <attribute name="ProportionalI" value="84.000000" />
  <attribute name="ProportionalH" value="84.000000" />
  <attribute name="Current Error" value="84.000000" />
  <attribute name="IntegralT" value="84.000000" />
  <attribute name="IntegralI" value="84.000000" />
  <attribute name="IntegralH" value="84.000000" />
  <attribute name="DerivativeT" value="14.500000" />
  <attribute name="DerivativeI" value="14.500000" />
  <attribute name="DerivativeH" value="14.500000" />
  <attribute name="Loop Time for DT" value="1.000000" />
  <attribute name="Output H" value="8388608"/>
  <attribute name="Output I" value="200"/>
  <attribute name="Output T" value="4"/>
  <attribute name="Target GC Util Change" value ="20.000000" />
  <attribute name="Current GC Util Change" value="104.000000"/>
  <attribute name="GC Util currently" value="104" />
  <attribute name="CPU Util currently" value="8510372983941" />
<exclusive-end id="171" timestamp="2019-06-16T17:51:42.054" durationms="4.817" />

<exclusive-start id="172" timestamp="2019-06-16T17:51:42.092" intervalms="43.400">
  <response-info timems="0.076" idlems="0.076" threads="0" lastid="00000000015A8900" lastname="Thread-7" />
</exclusive-start>
<allocation-taxation id="173" taxation-threshold="5242880" timestamp="2019-06-16T17:51:42.092" intervalms="43.369" />
<cycle-start id="174" type="partial gc" contextid="0" timestamp="2019-06-16T17:51:42.093" intervalms="78.383" />
<gc-start id="175" type="partial gc" contextid="174" timestamp="2019-06-16T17:51:42.093">
  <mem-info id="176" free="2097152" total="20971520" percent="10">
    <mem type="eden" free="0" total="10485760" percent="0" />
    <remembered-set count="1792" freebytes="829952" totalbytes="837120" percent="99" regionsoverflowed="0" regionsstable="1" regionsrebuilding="0"/>
  </mem-info>
</gc-start>
<allocation-stats totalBytes="10484512" >
  <allocated-bytes non-tlh="0" tlh="10484512" arrayletleaf="0"/>
  <largest-consumer threadName="Thread-7" threadId="00000000015A8900" bytes="5242264" />
</allocation-stats>
<gc-op id="177" type="sweep" timems="1.651" contextid="174" timestamp="2019-06-16T17:51:42.095" />
<gc-op id="178" type="copy forward" timems="2.955" contextid="174" timestamp="2019-06-16T17:51:42.099">
  <memory-copied type="eden" objects="391" bytes="9760" bytesdiscarded="0" />
  <memory-copied type="other" objects="875" bytes="21000" bytesdiscarded="0" />
  <memory-cardclean objects="1922" bytes="92560" />
  <regions eden="5" other="6" />
  <remembered-set-cleared processed="779" cleared="209" durationms="0.077" />
  <stringconstants candidates="4596" cleared="0"  />
</gc-op>
<gc-op id="179" type="classunload" timems="0.002" contextid="174" timestamp="2019-06-16T17:51:42.099">
  <classunload-info classloadercandidates="8" classloadersunloaded="0" classesunloaded="0" anonymousclassesunloaded="0" quiescems="0.000" setupms="0.001" scanms="0.000" postms="0.000" />
</gc-op>
<heap-resize id="180" type="expand" space="default" amount="3145728" count="1" timems="0.071" reason="excessive time being spent in gc" timestamp="2019-06-16T17:51:42.099" />
<gc-end id="181" type="partial gc" contextid="174" durationms="6.582" usertimems="8.000" systemtimems="0.000" timestamp="2019-06-16T17:51:42.100" activeThreads="4">
  <mem-info id="182" free="14680064" total="24117248" percent="60">
    <mem type="eden" free="1031448" total="1048576" percent="98" />
    <remembered-set count="1952" freebytes="954880" totalbytes="962688" percent="99" regionsoverflowed="0" regionsstable="1" regionsrebuilding="0"/>
  </mem-info>
</gc-end>
<cycle-end id="183" type="partial gc" contextid="174" timestamp="2019-06-16T17:51:42.100" />
  <attribute name="elasticGC enabled" value="1" />
  <attribute name= "numThreadsSpecified" value="4" />
  <attribute name="heapSize specified" value="0" />
  <attribute name="Current GC Util" value="113" />
  <attribute name= "Current Time Running" value="979" />
  <attribute name ="GC Interval" value="0" />
  <attribute name="ProportionalT" value="93.000000" />
  <attribute name="ProportionalI" value="93.000000" />
  <attribute name="ProportionalH" value="93.000000" />
  <attribute name="Current Error" value="93.000000" />
  <attribute name="IntegralT" value="93.000000" />
  <attribute name="IntegralI" value="93.000000" />
  <attribute name="IntegralH" value="93.000000" />
  <attribute name="DerivativeT" value="12.500000" />
  <attribute name="DerivativeI" value="12.500000" />
  <attribute name="DerivativeH" value="12.500000" />
  <attribute name="Loop Time for DT" value="1.000000" />
  <attribute name="Output H" value="8388608"/>
  <attribute name="Output I" value="200"/>
  <attribute name="Output T" value="4"/>
  <attribute name="Target GC Util Change" value ="20.000000" />
  <attribute name="Current GC Util Change" value="113.000000"/>
  <attribute name="GC Util currently" value="113" />
  <attribute name="CPU Util currently" value="7964158873301" />
<exclusive-end id="184" timestamp="2019-06-16T17:51:42.100" durationms="7.691" />

<exclusive-start id="185" timestamp="2019-06-16T17:51:42.143" intervalms="50.502">
  <response-info timems="0.070" idlems="0.070" threads="0" lastid="00000000015A8900" lastname="Thread-7" />
</exclusive-start>
<allocation-taxation id="186" taxation-threshold="12582912" timestamp="2019-06-16T17:51:42.143" intervalms="50.441" />
<cycle-start id="187" type="partial gc" contextid="0" timestamp="2019-06-16T17:51:42.143" intervalms="50.378" />
<gc-start id="188" type="partial gc" contextid="187" timestamp="2019-06-16T17:51:42.143">
  <mem-info id="189" free="2097152" total="24117248" percent="8">
    <mem type="eden" free="0" total="12582912" percent="0" />
    <remembered-set count="1504" freebytes="956672" totalbytes="962688" percent="99" regionsoverflowed="0" regionsstable="1" regionsrebuilding="0"/>
  </mem-info>
</gc-start>
<allocation-stats totalBytes="12581240" >
  <allocated-bytes non-tlh="0" tlh="12581240" arrayletleaf="0"/>
  <largest-consumer threadName="Thread-7" threadId="00000000015A8900" bytes="12581240" />
</allocation-stats>
<gc-op id="190" type="copy forward" timems="1.415" contextid="187" timestamp="2019-06-16T17:51:42.146">
  <memory-copied type="eden" objects="945" bytes="23296" bytesdiscarded="0" />
  <memory-copied type="other" objects="622" bytes="14928" bytesdiscarded="0" />
  <memory-cardclean objects="2187" bytes="105344" />
  <regions eden="12" other="1" />
  <remembered-set-cleared processed="950" cleared="189" durationms="0.076" />
  <stringconstants candidates="4596" cleared="0"  />
</gc-op>
<gc-op id="191" type="classunload" timems="0.002" contextid="187" timestamp="2019-06-16T17:51:42.146">
  <classunload-info classloadercandidates="8" classloadersunloaded="0" classesunloaded="0" anonymousclassesunloaded="0" quiescems="0.000" setupms="0.002" scanms="0.000" postms="0.000" />
</gc-op>
<heap-resize id="192" type="expand" space="default" amount="2097152" count="1" timems="0.069" reason="excessive time being spent in gc" timestamp="2019-06-16T17:51:42.146" />
<gc-end id="193" type="partial gc" contextid="187" durationms="3.210" usertimems="4.000" systemtimems="0.000" timestamp="2019-06-16T17:51:42.146" activeThreads="1">
  <mem-info id="194" free="15728640" total="26214400" percent="60">
    <mem type="eden" free="1025280" total="1048576" percent="97" />
    <remembered-set count="2176" freebytes="1037696" totalbytes="1046400" percent="99" regionsoverflowed="0" regionsstable="1" regionsrebuilding="0"/>
  </mem-info>
</gc-end>
<cycle-end id="195" type="partial gc" contextid="187" timestamp="2019-06-16T17:51:42.147" />
  <attribute name="elasticGC enabled" value="1" />
  <attribute name= "numThreadsSpecified" value="1" />
  <attribute name="heapSize specified" value="0" />
  <attribute name="Current GC Util" value="96" />
  <attribute name= "Current Time Running" value="1027" />
  <attribute name ="GC Interval" value="0" />
  <attribute name="ProportionalT" value="76.000000" />
  <attribute name="ProportionalI" value="76.000000" />
  <attribute name="ProportionalH" value="76.000000" />
  <attribute name="Current Error" value="76.000000" />
  <attribute name="IntegralT" value="0.000000" />
  <attribute name="IntegralI" value="0.000000" />
  <attribute name="IntegralH" value="0.000000" />
  <attribute name="DerivativeT" value="inf" />
  <attribute name="DerivativeI" value="inf" />
  <attribute name="DerivativeH" value="inf" />
  <attribute name="Loop Time for DT" value="0.000000" />
  <attribute name="Output H" value="8388608"/>
  <attribute name="Output I" value="200"/>
  <attribute name="Output T" value="1"/>
  <attribute name="Target GC Util Change" value ="20.000000" />
  <attribute name="Current GC Util Change" value="96.000000"/>
  <attribute name="GC Util currently" value="96" />
  <attribute name="CPU Util currently" value="6933312710362" />
<exclusive-end id="196" timestamp="2019-06-16T17:51:42.147" durationms="4.202" />

<exclusive-start id="197" timestamp="2019-06-16T17:51:42.187" intervalms="44.693">
  <response-info timems="0.075" idlems="0.075" threads="0" lastid="00000000015A8900" lastname="Thread-7" />
</exclusive-start>
<allocation-taxation id="198" taxation-threshold="13631488" timestamp="2019-06-16T17:51:42.188" intervalms="44.747" />
<cycle-start id="199" type="partial gc" contextid="0" timestamp="2019-06-16T17:51:42.188" intervalms="44.829" />
<gc-start id="200" type="partial gc" contextid="199" timestamp="2019-06-16T17:51:42.188">
  <mem-info id="201" free="2097152" total="26214400" percent="8">
    <mem type="eden" free="0" total="13631488" percent="0" />
    <remembered-set count="1760" freebytes="1039360" totalbytes="1046400" percent="99" regionsoverflowed="0" regionsstable="1" regionsrebuilding="0"/>
  </mem-info>
</gc-start>
<allocation-stats totalBytes="13629704" >
  <allocated-bytes non-tlh="0" tlh="13629704" arrayletleaf="0"/>
  <largest-consumer threadName="Thread-7" threadId="00000000015A8900" bytes="13629704" />
</allocation-stats>
<gc-op id="202" type="copy forward" timems="1.196" contextid="199" timestamp="2019-06-16T17:51:42.190">
  <memory-copied type="eden" objects="708" bytes="17368" bytesdiscarded="0" />
  <memory-copied type="other" objects="838" bytes="20112" bytesdiscarded="0" />
  <memory-cardclean objects="2171" bytes="104496" />
  <regions eden="13" other="1" />
  <remembered-set-cleared processed="1144" cleared="192" durationms="0.068" />
  <stringconstants candidates="4596" cleared="0"  />
</gc-op>
<gc-op id="203" type="classunload" timems="0.002" contextid="199" timestamp="2019-06-16T17:51:42.191">
  <classunload-info classloadercandidates="8" classloadersunloaded="0" classesunloaded="0" anonymousclassesunloaded="0" quiescems="0.000" setupms="0.002" scanms="0.000" postms="0.000" />
</gc-op>
<gc-end id="204" type="partial gc" contextid="199" durationms="2.756" usertimems="0.000" systemtimems="4.000" timestamp="2019-06-16T17:51:42.191" activeThreads="1">
  <mem-info id="205" free="14680064" total="26214400" percent="56">
    <mem type="eden" free="1031208" total="1048576" percent="98" />
    <remembered-set count="2432" freebytes="1036672" totalbytes="1046400" percent="99" regionsoverflowed="0" regionsstable="1" regionsrebuilding="0"/>
  </mem-info>
</gc-end>
<cycle-end id="206" type="partial gc" contextid="199" timestamp="2019-06-16T17:51:42.191" />
  <attribute name="elasticGC enabled" value="1" />
  <attribute name= "numThreadsSpecified" value="1" />
  <attribute name="heapSize specified" value="0" />
  <attribute name="Current GC Util" value="194" />
  <attribute name= "Current Time Running" value="1072" />
  <attribute name ="GC Interval" value="0" />
  <attribute name="ProportionalT" value="174.000000" />
  <attribute name="ProportionalI" value="174.000000" />
  <attribute name="ProportionalH" value="174.000000" />
  <attribute name="Current Error" value="174.000000" />
  <attribute name="IntegralT" value="0.000000" />
  <attribute name="IntegralI" value="0.000000" />
  <attribute name="IntegralH" value="0.000000" />
  <attribute name="DerivativeT" value="inf" />
  <attribute name="DerivativeI" value="inf" />
  <attribute name="DerivativeH" value="inf" />
  <attribute name="Loop Time for DT" value="0.000000" />
  <attribute name="Output H" value="8388608"/>
  <attribute name="Output I" value="200"/>
  <attribute name="Output T" value="1"/>
  <attribute name="Target GC Util Change" value ="20.000000" />
  <attribute name="Current GC Util Change" value="194.000000"/>
  <attribute name="GC Util currently" value="194" />
  <attribute name="CPU Util currently" value="7667498559182" />
<exclusive-end id="207" timestamp="2019-06-16T17:51:42.191" durationms="3.840" />

</verbosegc>

