<?xml version="1.0" ?>

<verbosegc xmlns="http://www.ibm.com/j9/verbosegc" version="08cc62e_CMPRSS">

<initialized id="1" timestamp="2019-08-02T21:31:04.783">
  <attribute name="gcPolicy" value="-Xgcpolicy:gencon" />
  <attribute name="elasticGC enabled" value="1" />
  <attribute name= "numThreadsSpecified" value="0" />
  <attribute name="heapSize specified" value="0" />
  <attribute name= "numCores" value="0" />
  <attribute name ="GC Interval" value="0" />
  <attribute name="GC Util Range Max" value="0" />
  <attribute name="Current GC Util" value="0" />
  <attribute name= "Current Time Running" value="0" />
  <attribute name="maxHeapSize" value="0x7cba0000" />
  <attribute name="initialHeapSize" value="0x800000" />
  <attribute name="compressedRefs" value="true" />
  <attribute name="compressedRefsDisplacement" value="0x0" />
  <attribute name="compressedRefsShift" value="0x0" />
  <attribute name="pageSize" value="0x1000" />
  <attribute name="pageType" value="not used" />
  <attribute name="requestedPageSize" value="0x1000" />
  <attribute name="requestedPageType" value="not used" />
  <attribute name="gcthreads" value="8" />
  <attribute name="gcthreads Concurrent Mark" value="1" />
  <attribute name="packetListSplit" value="8" />
  <attribute name="cacheListSplit" value="8" />
  <attribute name="splitFreeListSplitAmount" value="1" />
  <attribute name="numaNodes" value="0" />
  <system>
    <attribute name="physicalMemory" value="8370401280" />
    <attribute name="numCPUs" value="8" />
    <attribute name="architecture" value="amd64" />
    <attribute name="os" value="Linux" />
    <attribute name="osVersion" value="4.4.0-154-generic" />
  </system>
  <vmargs>
    <vmarg name="-Xoptionsfile=/vagrant/jdk/lib/options.default" />
    <vmarg name="-Xlockword:mode=default,noLockword=java/lang/String,noLockword=java/util/MapEntry,noLockword=java/util/HashMap$Entry,noLockword..." />
    <vmarg name="-Xjcl:jclse29" />
    <vmarg name="-Dcom.ibm.oti.vm.bootstrap.library.path=/vagrant/jdk/lib/compressedrefs:/vagrant/jdk/lib" />
    <vmarg name="-Dsun.boot.library.path=/vagrant/jdk/lib/compressedrefs:/vagrant/jdk/lib" />
    <vmarg name="-Djava.library.path=/vagrant/jdk/lib/compressedrefs:/vagrant/jdk/lib:/usr/lib64:/usr/lib" />
    <vmarg name="-Djava.home=/vagrant/jdk" />
    <vmarg name="-Duser.dir=/vagrant" />
    <vmarg name="-Xgcelastic" />
    <vmarg name="-Xcheck:gc:::elasticGC" />
    <vmarg name="-verbose:gc" />
    <vmarg name="-Xloggc:jdkD-small-GEN-8core-verbose5jython.txt" />
    <vmarg name="-Djava.class.path=dacapo-9.12-MR1-bach.jar" />
    <vmarg name="-Dsun.java.command=dacapo-9.12-MR1-bach.jar jython --size=small" />
    <vmarg name="-Dsun.java.launcher=SUN_STANDARD" />
    <vmarg name="-Dsun.java.launcher.pid=25239" />
  </vmargs>
</initialized>

<exclusive-start id="2" timestamp="2019-08-02T21:31:04.973" intervalms="190.326">
  <response-info timems="0.023" idlems="0.023" threads="0" lastid="00000000007C1A00" lastname="main" />
</exclusive-start>
<af-start id="3" threadId="00000000007C2388" totalBytesRequested="7184" timestamp="2019-08-02T21:31:04.973" intervalms="190.568" type="nursery" />
<cycle-start id="4" type="scavenge" contextid="0" timestamp="2019-08-02T21:31:04.973" intervalms="190.788" />
<gc-start id="5" type="scavenge" contextid="4" timestamp="2019-08-02T21:31:04.974">
  <mem-info id="6" free="6062624" total="8388608" percent="72">
    <mem type="nursery" free="0" total="2097152" percent="0">
      <mem type="allocate" free="0" total="1048576" percent="0" />
      <mem type="survivor" free="0" total="1048576" percent="0" />
    </mem>
    <mem type="tenure" free="6062624" total="6291456" percent="96">
      <mem type="soa" free="5748256" total="5977088" percent="96" />
      <mem type="loa" free="314368" total="314368" percent="100" />
    </mem>
    <remembered-set count="3161" />
  </mem-info>
</gc-start>
<allocation-stats totalBytes="1272320" >
  <allocated-bytes non-tlh="344784" tlh="927536" />
  <largest-consumer threadName="main" threadId="00000000007C1A00" bytes="1179368" />
</allocation-stats>
<gc-op id="7" type="scavenge" timems="2.072" contextid="4" timestamp="2019-08-02T21:31:04.976">
  <scavenger-info tenureage="2" tenuremask="fffc" tiltratio="50" />
  <memory-copied type="nursery" objects="10594" bytes="471056" bytesdiscarded="152120" />
  <finalization candidates="11" enqueued="0" />
  <references type="soft" candidates="62" cleared="0" enqueued="0" dynamicThreshold="32" maxThreshold="32" />
  <references type="weak" candidates="307" cleared="176" enqueued="140" />
  <references type="phantom" candidates="22" cleared="5" enqueued="5" />
</gc-op>
<gc-end id="8" type="scavenge" contextid="4" durationms="2.414" usertimems="4.000" systemtimems="0.000" timestamp="2019-08-02T21:31:04.976" activeThreads="8">
  <mem-info id="9" free="6485904" total="8388608" percent="77">
    <mem type="nursery" free="423280" total="2097152" percent="20">
      <mem type="allocate" free="423280" total="1048576" percent="40" />
      <mem type="survivor" free="0" total="1048576" percent="0" />
    </mem>
    <mem type="tenure" free="6062624" total="6291456" percent="96">
      <mem type="soa" free="5748256" total="5977088" percent="96" />
      <mem type="loa" free="314368" total="314368" percent="100" />
    </mem>
    <pending-finalizers system="0" default="0" reference="145" classloader="0" />
    <remembered-set count="3161" />
  </mem-info>
</gc-end>
<cycle-end id="10" type="scavenge" contextid="4" timestamp="2019-08-02T21:31:04.976" />
  <attribute name="elasticGC enabled" value="1" />
  <attribute name= "numThreadsSpecified" value="0" />
  <attribute name="heapSize specified" value="0" />
  <attribute name= "numCores" value="8" />
  <attribute name ="GC Interval" value="0" />
  <attribute name ="Control flow" value="1" />
  <attribute name="GC Util Range Max" value="10" />
  <attribute name="Current GC Util" value="0" />
  <attribute name= "Current Time Running" value="0" />
<allocation-satisfied id="11" threadId="00000000007C1A00" bytesRequested="7184" />
<af-end id="12" timestamp="2019-08-02T21:31:04.976" threadId="00000000007C2388" success="true" from="nursery"/>
<exclusive-end id="13" timestamp="2019-08-02T21:31:04.976" durationms="3.498" />

<exclusive-start id="14" timestamp="2019-08-02T21:31:04.997" intervalms="23.739">
  <response-info timems="0.031" idlems="0.031" threads="0" lastid="00000000007C1A00" lastname="main" />
</exclusive-start>
<af-start id="15" threadId="00000000007C2388" totalBytesRequested="24" timestamp="2019-08-02T21:31:04.997" intervalms="23.561" type="nursery" />
<cycle-start id="16" type="scavenge" contextid="0" timestamp="2019-08-02T21:31:04.997" intervalms="23.390" />
<gc-start id="17" type="scavenge" contextid="16" timestamp="2019-08-02T21:31:04.997">
  <mem-info id="18" free="6054888" total="8388608" percent="72">
    <mem type="nursery" free="0" total="2097152" percent="0">
      <mem type="allocate" free="0" total="1048576" percent="0" />
      <mem type="survivor" free="0" total="1048576" percent="0" />
    </mem>
    <mem type="tenure" free="6054888" total="6291456" percent="96">
      <mem type="soa" free="5740520" total="5977088" percent="96" />
      <mem type="loa" free="314368" total="314368" percent="100" />
    </mem>
    <remembered-set count="3262" />
  </mem-info>
</gc-start>
<allocation-stats totalBytes="429400" >
  <allocated-bytes non-tlh="14920" tlh="414480" />
  <largest-consumer threadName="main" threadId="00000000007C1A00" bytes="417424" />
</allocation-stats>
<gc-op id="19" type="scavenge" timems="0.911" contextid="16" timestamp="2019-08-02T21:31:04.998">
  <scavenger-info tenureage="5" tenuremask="7fe0" tiltratio="50" />
  <memory-copied type="nursery" objects="10910" bytes="486352" bytesdiscarded="78568" />
  <finalization candidates="11" enqueued="0" />
  <references type="soft" candidates="62" cleared="0" enqueued="0" dynamicThreshold="32" maxThreshold="32" />
  <references type="weak" candidates="238" cleared="94" enqueued="91" />
  <references type="phantom" candidates="37" cleared="12" enqueued="12" />
</gc-op>
<gc-end id="20" type="scavenge" contextid="16" durationms="1.064" usertimems="4.000" systemtimems="0.000" timestamp="2019-08-02T21:31:04.998" activeThreads="8">
  <mem-info id="21" free="6537056" total="8388608" percent="77">
    <mem type="nursery" free="482168" total="2097152" percent="22">
      <mem type="allocate" free="482168" total="1048576" percent="45" />
      <mem type="survivor" free="0" total="1048576" percent="0" />
    </mem>
    <mem type="tenure" free="6054888" total="6291456" percent="96">
      <mem type="soa" free="5740520" total="5977088" percent="96" />
      <mem type="loa" free="314368" total="314368" percent="100" />
    </mem>
    <pending-finalizers system="0" default="0" reference="103" classloader="0" />
    <remembered-set count="3262" />
  </mem-info>
</gc-end>
<cycle-end id="22" type="scavenge" contextid="16" timestamp="2019-08-02T21:31:04.998" />
  <attribute name="elasticGC enabled" value="1" />
  <attribute name= "numThreadsSpecified" value="0" />
  <attribute name="heapSize specified" value="0" />
  <attribute name= "numCores" value="8" />
  <attribute name ="GC Interval" value="0" />
  <attribute name ="Control flow" value="1" />
  <attribute name="GC Util Range Max" value="20" />
  <attribute name="Current GC Util" value="20" />
  <attribute name= "Current Time Running" value="23" />
<allocation-satisfied id="23" threadId="00000000007C1A00" bytesRequested="24" />
<af-end id="24" timestamp="2019-08-02T21:31:04.998" threadId="00000000007C2388" success="true" from="nursery"/>
<exclusive-end id="25" timestamp="2019-08-02T21:31:04.998" durationms="1.415" />

<exclusive-start id="26" timestamp="2019-08-02T21:31:05.009" intervalms="12.821">
  <response-info timems="0.029" idlems="0.029" threads="0" lastid="00000000007C1A00" lastname="main" />
</exclusive-start>
<af-start id="27" threadId="00000000007C2388" totalBytesRequested="7176" timestamp="2019-08-02T21:31:05.010" intervalms="12.826" type="nursery" />
<cycle-start id="28" type="scavenge" contextid="0" timestamp="2019-08-02T21:31:05.010" intervalms="12.831" />
<gc-start id="29" type="scavenge" contextid="28" timestamp="2019-08-02T21:31:05.010">
  <mem-info id="30" free="6052200" total="8388608" percent="72">
    <mem type="nursery" free="0" total="2097152" percent="0">
      <mem type="allocate" free="0" total="1048576" percent="0" />
      <mem type="survivor" free="0" total="1048576" percent="0" />
    </mem>
    <mem type="tenure" free="6052200" total="6291456" percent="96">
      <mem type="soa" free="5737832" total="5977088" percent="95" />
      <mem type="loa" free="314368" total="314368" percent="100" />
    </mem>
    <remembered-set count="3295" />
  </mem-info>
</gc-start>
<allocation-stats totalBytes="464784" >
  <allocated-bytes non-tlh="2712" tlh="462072" />
  <largest-consumer threadName="main" threadId="00000000007C1A00" bytes="456592" />
</allocation-stats>
<gc-op id="31" type="scavenge" timems="0.887" contextid="28" timestamp="2019-08-02T21:31:05.011">
  <scavenger-info tenureage="4" tenuremask="7ff0" tiltratio="50" />
  <memory-copied type="nursery" objects="10968" bytes="564896" bytesdiscarded="70576" />
  <finalization candidates="11" enqueued="0" />
  <references type="soft" candidates="62" cleared="0" enqueued="0" dynamicThreshold="32" maxThreshold="32" />
  <references type="weak" candidates="227" cleared="79" enqueued="79" />
  <references type="phantom" candidates="39" cleared="11" enqueued="11" />
</gc-op>
<gc-end id="32" type="scavenge" contextid="28" durationms="1.034" usertimems="0.000" systemtimems="0.000" timestamp="2019-08-02T21:31:05.011" activeThreads="8">
  <mem-info id="33" free="6463808" total="8388608" percent="77">
    <mem type="nursery" free="411608" total="2097152" percent="19">
      <mem type="allocate" free="411608" total="1048576" percent="39" />
      <mem type="survivor" free="0" total="1048576" percent="0" />
    </mem>
    <mem type="tenure" free="6052200" total="6291456" percent="96">
      <mem type="soa" free="5737832" total="5977088" percent="95" />
      <mem type="loa" free="314368" total="314368" percent="100" />
    </mem>
    <pending-finalizers system="0" default="0" reference="90" classloader="0" />
    <remembered-set count="1025" />
  </mem-info>
</gc-end>
<cycle-end id="34" type="scavenge" contextid="28" timestamp="2019-08-02T21:31:05.011" />
  <attribute name="elasticGC enabled" value="1" />
  <attribute name= "numThreadsSpecified" value="0" />
  <attribute name="heapSize specified" value="0" />
  <attribute name= "numCores" value="8" />
  <attribute name ="GC Interval" value="0" />
  <attribute name ="Control flow" value="1" />
  <attribute name="GC Util Range Max" value="20" />
  <attribute name="Current GC Util" value="13" />
  <attribute name= "Current Time Running" value="35" />
<allocation-satisfied id="35" threadId="00000000007C1A00" bytesRequested="7176" />
<af-end id="36" timestamp="2019-08-02T21:31:05.011" threadId="00000000007C2388" success="true" from="nursery"/>
<exclusive-end id="37" timestamp="2019-08-02T21:31:05.011" durationms="1.444" />

<exclusive-start id="38" timestamp="2019-08-02T21:31:05.215" intervalms="205.167">
  <response-info timems="0.030" idlems="0.030" threads="0" lastid="00000000007C1A00" lastname="main" />
</exclusive-start>
<af-start id="39" threadId="00000000007C2388" totalBytesRequested="32704" timestamp="2019-08-02T21:31:05.215" intervalms="205.185" type="nursery" />
<cycle-start id="40" type="scavenge" contextid="0" timestamp="2019-08-02T21:31:05.215" intervalms="205.187" />
<gc-start id="41" type="scavenge" contextid="40" timestamp="2019-08-02T21:31:05.215">
  <mem-info id="42" free="6048480" total="8388608" percent="72">
    <mem type="nursery" free="0" total="2097152" percent="0">
      <mem type="allocate" free="0" total="1048576" percent="0" />
      <mem type="survivor" free="0" total="1048576" percent="0" />
    </mem>
    <mem type="tenure" free="6048480" total="6291456" percent="96">
      <mem type="soa" free="5734112" total="5977088" percent="95" />
      <mem type="loa" free="314368" total="314368" percent="100" />
    </mem>
    <remembered-set count="1091" />
  </mem-info>
</gc-start>
<allocation-stats totalBytes="386376" >
  <allocated-bytes non-tlh="53944" tlh="332432" />
  <largest-consumer threadName="main" threadId="00000000007C1A00" bytes="386376" />
</allocation-stats>
<gc-op id="43" type="scavenge" timems="1.417" contextid="40" timestamp="2019-08-02T21:31:05.216">
  <scavenger-info tenureage="3" tenuremask="fff8" tiltratio="50" />
  <memory-copied type="nursery" objects="727" bytes="139664" bytesdiscarded="3160" />
  <memory-copied type="tenure" objects="10315" bytes="461984" bytesdiscarded="176" />
  <finalization candidates="13" enqueued="0" />
  <references type="soft" candidates="1" cleared="0" enqueued="0" dynamicThreshold="32" maxThreshold="32" />
  <references type="weak" candidates="61" cleared="46" enqueued="46" />
  <references type="phantom" candidates="20" cleared="10" enqueued="10" />
</gc-op>
<gc-end id="44" type="scavenge" contextid="40" durationms="1.574" usertimems="4.000" systemtimems="0.000" timestamp="2019-08-02T21:31:05.216" activeThreads="1">
  <mem-info id="45" free="6488376" total="8388608" percent="77">
    <mem type="nursery" free="905696" total="2097152" percent="43">
      <mem type="allocate" free="905696" total="1048576" percent="86" />
      <mem type="survivor" free="0" total="1048576" percent="0" />
    </mem>
    <mem type="tenure" free="5582680" total="6291456" percent="88">
      <mem type="soa" free="5268312" total="5977088" percent="88" />
      <mem type="loa" free="314368" total="314368" percent="100" />
    </mem>
    <pending-finalizers system="0" default="0" reference="56" classloader="0" />
    <remembered-set count="216" />
  </mem-info>
</gc-end>
<cycle-end id="46" type="scavenge" contextid="40" timestamp="2019-08-02T21:31:05.216" />
  <attribute name="elasticGC enabled" value="1" />
  <attribute name= "numThreadsSpecified" value="1" />
  <attribute name="heapSize specified" value="0" />
  <attribute name= "numCores" value="8" />
  <attribute name ="GC Interval" value="0" />
  <attribute name ="Control flow" value="1" />
  <attribute name="GC Util Range Max" value="20" />
  <attribute name="Current GC Util" value="0" />
  <attribute name= "Current Time Running" value="241" />
<allocation-satisfied id="47" threadId="00000000007C1A00" bytesRequested="32704" />
<af-end id="48" timestamp="2019-08-02T21:31:05.217" threadId="00000000007C2388" success="true" from="nursery"/>
<exclusive-end id="49" timestamp="2019-08-02T21:31:05.217" durationms="1.948" />

<exclusive-start id="50" timestamp="2019-08-02T21:31:05.418" intervalms="203.062">
  <response-info timems="0.032" idlems="0.032" threads="0" lastid="00000000007C1A00" lastname="main" />
</exclusive-start>
<af-start id="51" threadId="00000000007C2388" totalBytesRequested="2056" timestamp="2019-08-02T21:31:05.418" intervalms="203.055" type="nursery" />
<cycle-start id="52" type="scavenge" contextid="0" timestamp="2019-08-02T21:31:05.418" intervalms="203.054" />
<gc-start id="53" type="scavenge" contextid="52" timestamp="2019-08-02T21:31:05.418">
  <mem-info id="54" free="5581760" total="8388608" percent="66">
    <mem type="nursery" free="0" total="2097152" percent="0">
      <mem type="allocate" free="0" total="1048576" percent="0" />
      <mem type="survivor" free="0" total="1048576" percent="0" />
    </mem>
    <mem type="tenure" free="5581760" total="6291456" percent="88">
      <mem type="soa" free="5267392" total="5977088" percent="88" />
      <mem type="loa" free="314368" total="314368" percent="100" />
    </mem>
    <remembered-set count="238" />
  </mem-info>
</gc-start>
<allocation-stats totalBytes="887560" >
  <allocated-bytes non-tlh="33624" tlh="853936" />
  <largest-consumer threadName="main" threadId="00000000007C1A00" bytes="887560" />
</allocation-stats>
<gc-op id="55" type="scavenge" timems="0.432" contextid="52" timestamp="2019-08-02T21:31:05.418">
  <scavenger-info tenureage="3" tenuremask="fff8" tiltratio="50" />
  <memory-copied type="nursery" objects="449" bytes="159176" bytesdiscarded="54456" />
  <memory-copied type="tenure" objects="306" bytes="15296" bytesdiscarded="32" />
  <finalization candidates="3" enqueued="1" />
  <references type="soft" candidates="1" cleared="0" enqueued="0" dynamicThreshold="32" maxThreshold="32" />
  <references type="weak" candidates="10" cleared="8" enqueued="8" />
  <references type="phantom" candidates="11" cleared="6" enqueued="6" />
</gc-op>
<gc-end id="56" type="scavenge" contextid="52" durationms="0.580" usertimems="0.000" systemtimems="4.000" timestamp="2019-08-02T21:31:05.418" activeThreads="2">
  <mem-info id="57" free="6338288" total="8388608" percent="75">
    <mem type="nursery" free="834864" total="2097152" percent="39">
      <mem type="allocate" free="834864" total="1048576" percent="79" />
      <mem type="survivor" free="0" total="1048576" percent="0" />
    </mem>
    <mem type="tenure" free="5503424" total="6291456" percent="87">
      <mem type="soa" free="5189056" total="5977088" percent="86" />
      <mem type="loa" free="314368" total="314368" percent="100" />
    </mem>
    <pending-finalizers system="1" default="0" reference="14" classloader="0" />
    <remembered-set count="189" />
  </mem-info>
</gc-end>
<cycle-end id="58" type="scavenge" contextid="52" timestamp="2019-08-02T21:31:05.419" />
  <attribute name="elasticGC enabled" value="1" />
  <attribute name= "numThreadsSpecified" value="2" />
  <attribute name="heapSize specified" value="0" />
  <attribute name= "numCores" value="8" />
  <attribute name ="GC Interval" value="0" />
  <attribute name ="Control flow" value="1" />
  <attribute name="GC Util Range Max" value="20" />
  <attribute name="Current GC Util" value="0" />
  <attribute name= "Current Time Running" value="444" />
<allocation-satisfied id="59" threadId="00000000007C1A00" bytesRequested="2056" />
<af-end id="60" timestamp="2019-08-02T21:31:05.419" threadId="00000000007C2388" success="true" from="nursery"/>
<exclusive-end id="61" timestamp="2019-08-02T21:31:05.419" durationms="0.940" />

<exclusive-start id="62" timestamp="2019-08-02T21:31:05.577" intervalms="159.040">
  <response-info timems="0.025" idlems="0.025" threads="0" lastid="00000000007C1A00" lastname="main" />
</exclusive-start>
<af-start id="63" threadId="00000000007C2388" totalBytesRequested="2056" timestamp="2019-08-02T21:31:05.577" intervalms="159.034" type="nursery" />
<cycle-start id="64" type="scavenge" contextid="0" timestamp="2019-08-02T21:31:05.577" intervalms="159.030" />
<gc-start id="65" type="scavenge" contextid="64" timestamp="2019-08-02T21:31:05.577">
  <mem-info id="66" free="5503424" total="8388608" percent="65">
    <mem type="nursery" free="0" total="2097152" percent="0">
      <mem type="allocate" free="0" total="1048576" percent="0" />
      <mem type="survivor" free="0" total="1048576" percent="0" />
    </mem>
    <mem type="tenure" free="5503424" total="6291456" percent="87">
      <mem type="soa" free="5189056" total="5977088" percent="86" />
      <mem type="loa" free="314368" total="314368" percent="100" />
    </mem>
    <remembered-set count="191" />
  </mem-info>
</gc-start>
<allocation-stats totalBytes="823128" >
  <allocated-bytes non-tlh="2056" tlh="821072" />
  <largest-consumer threadName="main" threadId="00000000007C1A00" bytes="823128" />
</allocation-stats>
<gc-op id="67" type="scavenge" timems="0.222" contextid="64" timestamp="2019-08-02T21:31:05.577">
  <scavenger-info tenureage="3" tenuremask="fff8" tiltratio="50" />
  <memory-copied type="nursery" objects="387" bytes="84776" bytesdiscarded="3744" />
  <memory-copied type="tenure" objects="29" bytes="1768" bytesdiscarded="0" />
  <finalization candidates="2" enqueued="0" />
  <references type="soft" candidates="1" cleared="0" enqueued="0" dynamicThreshold="32" maxThreshold="32" />
  <references type="weak" candidates="1" cleared="0" enqueued="0" />
  <references type="phantom" candidates="5" cleared="0" enqueued="0" />
</gc-op>
<gc-end id="68" type="scavenge" contextid="64" durationms="0.371" usertimems="0.000" systemtimems="4.000" timestamp="2019-08-02T21:31:05.577" activeThreads="3">
  <mem-info id="69" free="6528936" total="8388608" percent="77">
    <mem type="nursery" free="1025512" total="2097152" percent="48">
      <mem type="allocate" free="1025512" total="1114112" percent="92" />
      <mem type="survivor" free="0" total="983040" percent="0" />
    </mem>
    <mem type="tenure" free="5503424" total="6291456" percent="87">
      <mem type="soa" free="5189056" total="5977088" percent="86" />
      <mem type="loa" free="314368" total="314368" percent="100" />
    </mem>
    <remembered-set count="108" />
  </mem-info>
</gc-end>
<cycle-end id="70" type="scavenge" contextid="64" timestamp="2019-08-02T21:31:05.577" />
  <attribute name="elasticGC enabled" value="1" />
  <attribute name= "numThreadsSpecified" value="3" />
  <attribute name="heapSize specified" value="0" />
  <attribute name= "numCores" value="8" />
  <attribute name ="GC Interval" value="0" />
  <attribute name ="Control flow" value="1" />
  <attribute name="GC Util Range Max" value="20" />
  <attribute name="Current GC Util" value="0" />
  <attribute name= "Current Time Running" value="603" />
<allocation-satisfied id="71" threadId="00000000007C1A00" bytesRequested="2056" />
<af-end id="72" timestamp="2019-08-02T21:31:05.577" threadId="00000000007C2388" success="true" from="nursery"/>
<exclusive-end id="73" timestamp="2019-08-02T21:31:05.577" durationms="0.734" />

<exclusive-start id="74" timestamp="2019-08-02T21:31:05.740" intervalms="163.400">
  <response-info timems="0.029" idlems="0.029" threads="0" lastid="00000000007C1A00" lastname="main" />
</exclusive-start>
<af-start id="75" threadId="00000000007C2388" totalBytesRequested="2056" timestamp="2019-08-02T21:31:05.740" intervalms="163.408" type="nursery" />
<cycle-start id="76" type="scavenge" contextid="0" timestamp="2019-08-02T21:31:05.740" intervalms="163.413" />
<gc-start id="77" type="scavenge" contextid="76" timestamp="2019-08-02T21:31:05.740">
  <mem-info id="78" free="5503424" total="8388608" percent="65">
    <mem type="nursery" free="0" total="2097152" percent="0">
      <mem type="allocate" free="0" total="1114112" percent="0" />
      <mem type="survivor" free="0" total="983040" percent="0" />
    </mem>
    <mem type="tenure" free="5503424" total="6291456" percent="87">
      <mem type="soa" free="5189056" total="5977088" percent="86" />
      <mem type="loa" free="314368" total="314368" percent="100" />
    </mem>
    <remembered-set count="108" />
  </mem-info>
</gc-start>
<allocation-stats totalBytes="1016592" >
  <allocated-bytes non-tlh="2056" tlh="1014536" />
  <largest-consumer threadName="main" threadId="00000000007C1A00" bytes="1016592" />
</allocation-stats>
<gc-op id="79" type="scavenge" timems="0.285" contextid="76" timestamp="2019-08-02T21:31:05.741">
  <scavenger-info tenureage="3" tenuremask="fff8" tiltratio="53" />
  <memory-copied type="nursery" objects="156" bytes="25520" bytesdiscarded="22064" />
  <memory-copied type="tenure" objects="230" bytes="57168" bytesdiscarded="0" />
  <finalization candidates="2" enqueued="0" />
  <references type="weak" candidates="1" cleared="0" enqueued="0" />
  <references type="phantom" candidates="3" cleared="0" enqueued="0" />
</gc-op>
<gc-end id="80" type="scavenge" contextid="76" durationms="0.436" usertimems="0.000" systemtimems="0.000" timestamp="2019-08-02T21:31:05.741" activeThreads="4">
  <mem-info id="81" free="6660792" total="8388608" percent="79">
    <mem type="nursery" free="1197568" total="2097152" percent="57">
      <mem type="allocate" free="1197568" total="1245184" percent="96" />
      <mem type="survivor" free="0" total="851968" percent="0" />
    </mem>
    <mem type="tenure" free="5463224" total="6291456" percent="86">
      <mem type="soa" free="5148856" total="5977088" percent="86" />
      <mem type="loa" free="314368" total="314368" percent="100" />
    </mem>
    <remembered-set count="92" />
  </mem-info>
</gc-end>
<cycle-end id="82" type="scavenge" contextid="76" timestamp="2019-08-02T21:31:05.741" />
  <attribute name="elasticGC enabled" value="1" />
  <attribute name= "numThreadsSpecified" value="4" />
  <attribute name="heapSize specified" value="0" />
  <attribute name= "numCores" value="8" />
  <attribute name ="GC Interval" value="0" />
  <attribute name ="Control flow" value="1" />
  <attribute name="GC Util Range Max" value="20" />
  <attribute name="Current GC Util" value="0" />
  <attribute name= "Current Time Running" value="766" />
<allocation-satisfied id="83" threadId="00000000007C1A00" bytesRequested="2056" />
<af-end id="84" timestamp="2019-08-02T21:31:05.741" threadId="00000000007C2388" success="true" from="nursery"/>
<exclusive-end id="85" timestamp="2019-08-02T21:31:05.741" durationms="0.799" />

<exclusive-start id="86" timestamp="2019-08-02T21:31:05.912" intervalms="172.054">
  <response-info timems="0.028" idlems="0.028" threads="0" lastid="00000000007C1A00" lastname="main" />
</exclusive-start>
<af-start id="87" threadId="00000000007C2388" totalBytesRequested="2056" timestamp="2019-08-02T21:31:05.912" intervalms="172.044" type="nursery" />
<cycle-start id="88" type="scavenge" contextid="0" timestamp="2019-08-02T21:31:05.912" intervalms="172.037" />
<gc-start id="89" type="scavenge" contextid="88" timestamp="2019-08-02T21:31:05.912">
  <mem-info id="90" free="5463224" total="8388608" percent="65">
    <mem type="nursery" free="0" total="2097152" percent="0">
      <mem type="allocate" free="0" total="1245184" percent="0" />
      <mem type="survivor" free="0" total="851968" percent="0" />
    </mem>
    <mem type="tenure" free="5463224" total="6291456" percent="86">
      <mem type="soa" free="5148856" total="5977088" percent="86" />
      <mem type="loa" free="314368" total="314368" percent="100" />
    </mem>
    <remembered-set count="92" />
  </mem-info>
</gc-start>
<allocation-stats totalBytes="1187416" >
  <allocated-bytes non-tlh="2056" tlh="1185360" />
  <largest-consumer threadName="main" threadId="00000000007C1A00" bytes="1187416" />
</allocation-stats>
<gc-op id="91" type="scavenge" timems="0.201" contextid="88" timestamp="2019-08-02T21:31:05.913">
  <scavenger-info tenureage="3" tenuremask="ffe8" tiltratio="59" />
  <memory-copied type="nursery" objects="13" bytes="2512" bytesdiscarded="75808" />
  <memory-copied type="tenure" objects="144" bytes="25048" bytesdiscarded="0" />
  <references type="phantom" candidates="1" cleared="0" enqueued="0" />
</gc-op>
<gc-end id="92" type="scavenge" contextid="88" durationms="0.353" usertimems="0.000" systemtimems="0.000" timestamp="2019-08-02T21:31:05.913" activeThreads="5">
  <mem-info id="93" free="6794672" total="8388608" percent="80">
    <mem type="nursery" free="1363456" total="2097152" percent="65">
      <mem type="allocate" free="1363456" total="1441792" percent="94" />
      <mem type="survivor" free="0" total="655360" percent="0" />
    </mem>
    <mem type="tenure" free="5431216" total="6291456" percent="86">
      <mem type="soa" free="5116848" total="5977088" percent="85" />
      <mem type="loa" free="314368" total="314368" percent="100" />
    </mem>
    <remembered-set count="70" />
  </mem-info>
</gc-end>
<cycle-end id="94" type="scavenge" contextid="88" timestamp="2019-08-02T21:31:05.913" />
  <attribute name="elasticGC enabled" value="1" />
  <attribute name= "numThreadsSpecified" value="5" />
  <attribute name="heapSize specified" value="0" />
  <attribute name= "numCores" value="8" />
  <attribute name ="GC Interval" value="0" />
  <attribute name ="Control flow" value="1" />
  <attribute name="GC Util Range Max" value="20" />
  <attribute name="Current GC Util" value="0" />
  <attribute name= "Current Time Running" value="938" />
<allocation-satisfied id="95" threadId="00000000007C1A00" bytesRequested="2056" />
<af-end id="96" timestamp="2019-08-02T21:31:05.913" threadId="00000000007C2388" success="true" from="nursery"/>
<exclusive-end id="97" timestamp="2019-08-02T21:31:05.913" durationms="0.695" />

<exclusive-start id="98" timestamp="2019-08-02T21:31:06.137" intervalms="224.326">
  <response-info timems="0.027" idlems="0.027" threads="0" lastid="00000000007C1A00" lastname="main" />
</exclusive-start>
<af-start id="99" threadId="00000000007C2388" totalBytesRequested="2056" timestamp="2019-08-02T21:31:06.137" intervalms="224.336" type="nursery" />
<cycle-start id="100" type="scavenge" contextid="0" timestamp="2019-08-02T21:31:06.137" intervalms="224.343" />
<gc-start id="101" type="scavenge" contextid="100" timestamp="2019-08-02T21:31:06.137">
  <mem-info id="102" free="5431216" total="8388608" percent="64">
    <mem type="nursery" free="0" total="2097152" percent="0">
      <mem type="allocate" free="0" total="1441792" percent="0" />
      <mem type="survivor" free="0" total="655360" percent="0" />
    </mem>
    <mem type="tenure" free="5431216" total="6291456" percent="86">
      <mem type="soa" free="5116848" total="5977088" percent="85" />
      <mem type="loa" free="314368" total="314368" percent="100" />
    </mem>
    <remembered-set count="70" />
  </mem-info>
</gc-start>
<allocation-stats totalBytes="1349744" >
  <allocated-bytes non-tlh="2056" tlh="1347688" />
  <largest-consumer threadName="main" threadId="00000000007C1A00" bytes="1349744" />
</allocation-stats>
<gc-op id="103" type="scavenge" timems="0.191" contextid="100" timestamp="2019-08-02T21:31:06.137">
  <scavenger-info tenureage="3" tenuremask="ffe8" tiltratio="68" />
  <memory-copied type="nursery" objects="12" bytes="544" bytesdiscarded="23248" />
  <references type="phantom" candidates="1" cleared="0" enqueued="0" />
</gc-op>
<gc-end id="104" type="scavenge" contextid="100" durationms="0.337" usertimems="0.000" systemtimems="0.000" timestamp="2019-08-02T21:31:06.137" activeThreads="6">
  <mem-info id="105" free="6980272" total="8388608" percent="83">
    <mem type="nursery" free="1549056" total="2097152" percent="73">
      <mem type="allocate" free="1549056" total="1572864" percent="98" />
      <mem type="survivor" free="0" total="524288" percent="0" />
    </mem>
    <mem type="tenure" free="5431216" total="6291456" percent="86">
      <mem type="soa" free="5116848" total="5977088" percent="85" />
      <mem type="loa" free="314368" total="314368" percent="100" />
    </mem>
    <remembered-set count="70" />
  </mem-info>
</gc-end>
<cycle-end id="106" type="scavenge" contextid="100" timestamp="2019-08-02T21:31:06.137" />
  <attribute name="elasticGC enabled" value="1" />
  <attribute name= "numThreadsSpecified" value="6" />
  <attribute name="heapSize specified" value="0" />
  <attribute name= "numCores" value="8" />
  <attribute name ="GC Interval" value="0" />
  <attribute name ="Control flow" value="1" />
  <attribute name="GC Util Range Max" value="20" />
  <attribute name="Current GC Util" value="0" />
  <attribute name= "Current Time Running" value="1162" />
<allocation-satisfied id="107" threadId="00000000007C1A00" bytesRequested="2056" />
<af-end id="108" timestamp="2019-08-02T21:31:06.137" threadId="00000000007C2388" success="true" from="nursery"/>
<exclusive-end id="109" timestamp="2019-08-02T21:31:06.137" durationms="0.702" />

<exclusive-start id="110" timestamp="2019-08-02T21:31:06.372" intervalms="235.727">
  <response-info timems="0.029" idlems="0.029" threads="0" lastid="00000000007C1A00" lastname="main" />
</exclusive-start>
<af-start id="111" threadId="00000000007C2388" totalBytesRequested="2056" timestamp="2019-08-02T21:31:06.372" intervalms="235.724" type="nursery" />
<cycle-start id="112" type="scavenge" contextid="0" timestamp="2019-08-02T21:31:06.372" intervalms="235.723" />
<gc-start id="113" type="scavenge" contextid="112" timestamp="2019-08-02T21:31:06.372">
  <mem-info id="114" free="5431216" total="8388608" percent="64">
    <mem type="nursery" free="0" total="2097152" percent="0">
      <mem type="allocate" free="0" total="1572864" percent="0" />
      <mem type="survivor" free="0" total="524288" percent="0" />
    </mem>
    <mem type="tenure" free="5431216" total="6291456" percent="86">
      <mem type="soa" free="5116848" total="5977088" percent="85" />
      <mem type="loa" free="314368" total="314368" percent="100" />
    </mem>
    <remembered-set count="70" />
  </mem-info>
</gc-start>
<allocation-stats totalBytes="1536960" >
  <allocated-bytes non-tlh="2056" tlh="1534904" />
  <largest-consumer threadName="main" threadId="00000000007C1A00" bytes="1536960" />
</allocation-stats>
<gc-op id="115" type="scavenge" timems="0.197" contextid="112" timestamp="2019-08-02T21:31:06.373">
  <scavenger-info tenureage="3" tenuremask="fff8" tiltratio="75" />
  <memory-copied type="nursery" objects="13" bytes="2536" bytesdiscarded="21256" />
  <references type="phantom" candidates="1" cleared="0" enqueued="0" />
</gc-op>
<gc-end id="116" type="scavenge" contextid="112" durationms="0.342" usertimems="0.000" systemtimems="0.000" timestamp="2019-08-02T21:31:06.373" activeThreads="7">
  <mem-info id="117" free="7045808" total="8388608" percent="83">
    <mem type="nursery" free="1614592" total="2097152" percent="76">
      <mem type="allocate" free="1614592" total="1638400" percent="98" />
      <mem type="survivor" free="0" total="458752" percent="0" />
    </mem>
    <mem type="tenure" free="5431216" total="6291456" percent="86">
      <mem type="soa" free="5116848" total="5977088" percent="85" />
      <mem type="loa" free="314368" total="314368" percent="100" />
    </mem>
    <remembered-set count="70" />
  </mem-info>
</gc-end>
<cycle-end id="118" type="scavenge" contextid="112" timestamp="2019-08-02T21:31:06.373" />
  <attribute name="elasticGC enabled" value="1" />
  <attribute name= "numThreadsSpecified" value="7" />
  <attribute name="heapSize specified" value="0" />
  <attribute name= "numCores" value="8" />
  <attribute name ="GC Interval" value="0" />
  <attribute name ="Control flow" value="1" />
  <attribute name="GC Util Range Max" value="20" />
  <attribute name="Current GC Util" value="0" />
  <attribute name= "Current Time Running" value="1398" />
<allocation-satisfied id="119" threadId="00000000007C1A00" bytesRequested="2056" />
<af-end id="120" timestamp="2019-08-02T21:31:06.373" threadId="00000000007C2388" success="true" from="nursery"/>
<exclusive-end id="121" timestamp="2019-08-02T21:31:06.373" durationms="0.702" />

<exclusive-start id="122" timestamp="2019-08-02T21:31:06.540" intervalms="168.155">
  <response-info timems="0.024" idlems="0.024" threads="0" lastid="00000000007C1A00" lastname="main" />
</exclusive-start>
<af-start id="123" threadId="00000000007C2388" totalBytesRequested="2056" timestamp="2019-08-02T21:31:06.540" intervalms="168.164" type="nursery" />
<cycle-start id="124" type="scavenge" contextid="0" timestamp="2019-08-02T21:31:06.541" intervalms="168.165" />
<gc-start id="125" type="scavenge" contextid="124" timestamp="2019-08-02T21:31:06.541">
  <mem-info id="126" free="5431216" total="8388608" percent="64">
    <mem type="nursery" free="0" total="2097152" percent="0">
      <mem type="allocate" free="0" total="1638400" percent="0" />
      <mem type="survivor" free="0" total="458752" percent="0" />
    </mem>
    <mem type="tenure" free="5431216" total="6291456" percent="86">
      <mem type="soa" free="5116848" total="5977088" percent="85" />
      <mem type="loa" free="314368" total="314368" percent="100" />
    </mem>
    <remembered-set count="70" />
  </mem-info>
</gc-start>
<allocation-stats totalBytes="1596704" >
  <allocated-bytes non-tlh="2056" tlh="1594648" />
  <largest-consumer threadName="main" threadId="00000000007C1A00" bytes="1596704" />
</allocation-stats>
<gc-op id="127" type="scavenge" timems="0.211" contextid="124" timestamp="2019-08-02T21:31:06.541">
  <scavenger-info tenureage="3" tenuremask="fff8" tiltratio="78" />
  <memory-copied type="nursery" objects="13" bytes="504" bytesdiscarded="23288" />
  <references type="phantom" candidates="1" cleared="0" enqueued="0" />
</gc-op>
<gc-end id="128" type="scavenge" contextid="124" durationms="0.357" usertimems="0.000" systemtimems="0.000" timestamp="2019-08-02T21:31:06.541" activeThreads="8">
  <mem-info id="129" free="7176880" total="8388608" percent="85">
    <mem type="nursery" free="1745664" total="2097152" percent="83">
      <mem type="allocate" free="1745664" total="1769472" percent="98" />
      <mem type="survivor" free="0" total="327680" percent="0" />
    </mem>
    <mem type="tenure" free="5431216" total="6291456" percent="86">
      <mem type="soa" free="5116848" total="5977088" percent="85" />
      <mem type="loa" free="314368" total="314368" percent="100" />
    </mem>
    <remembered-set count="70" />
  </mem-info>
</gc-end>
<cycle-end id="130" type="scavenge" contextid="124" timestamp="2019-08-02T21:31:06.541" />
  <attribute name="elasticGC enabled" value="1" />
  <attribute name= "numThreadsSpecified" value="8" />
  <attribute name="heapSize specified" value="0" />
  <attribute name= "numCores" value="8" />
  <attribute name ="GC Interval" value="0" />
  <attribute name ="Control flow" value="1" />
  <attribute name="GC Util Range Max" value="20" />
  <attribute name="Current GC Util" value="0" />
  <attribute name= "Current Time Running" value="1566" />
<allocation-satisfied id="131" threadId="00000000007C1A00" bytesRequested="2056" />
<af-end id="132" timestamp="2019-08-02T21:31:06.541" threadId="00000000007C2388" success="true" from="nursery"/>
<exclusive-end id="133" timestamp="2019-08-02T21:31:06.541" durationms="0.729" />

<exclusive-start id="134" timestamp="2019-08-02T21:31:06.703" intervalms="162.548">
  <response-info timems="0.032" idlems="0.032" threads="0" lastid="00000000007C1A00" lastname="main" />
</exclusive-start>
<af-start id="135" threadId="00000000007C2388" totalBytesRequested="31752" timestamp="2019-08-02T21:31:06.703" intervalms="162.543" type="nursery" />
<cycle-start id="136" type="scavenge" contextid="0" timestamp="2019-08-02T21:31:06.703" intervalms="162.540" />
<gc-start id="137" type="scavenge" contextid="136" timestamp="2019-08-02T21:31:06.703">
  <mem-info id="138" free="5430272" total="8388608" percent="64">
    <mem type="nursery" free="0" total="2097152" percent="0">
      <mem type="allocate" free="0" total="1769472" percent="0" />
      <mem type="survivor" free="0" total="327680" percent="0" />
    </mem>
    <mem type="tenure" free="5430272" total="6291456" percent="86">
      <mem type="soa" free="5115904" total="5977088" percent="85" />
      <mem type="loa" free="314368" total="314368" percent="100" />
    </mem>
    <remembered-set count="105" />
  </mem-info>
</gc-start>
<allocation-stats totalBytes="1693968" >
  <allocated-bytes non-tlh="472376" tlh="1221592" />
  <largest-consumer threadName="main" threadId="00000000007C1A00" bytes="1693968" />
</allocation-stats>
<gc-op id="139" type="scavenge" timems="0.399" contextid="136" timestamp="2019-08-02T21:31:06.704">
  <scavenger-info tenureage="3" tenuremask="fff8" tiltratio="84" />
  <memory-copied type="nursery" objects="393" bytes="320216" bytesdiscarded="7456" />
  <memory-copied type="tenure" objects="78" bytes="385648" bytesdiscarded="56" />
  <copy-failed type="nursery" objects="78" bytes="385656" />
  <references type="soft" candidates="1" cleared="0" enqueued="0" dynamicThreshold="32" maxThreshold="32" />
  <references type="weak" candidates="3" cleared="3" enqueued="3" />
  <references type="phantom" candidates="30" cleared="0" enqueued="0" />
</gc-op>
<gc-end id="140" type="scavenge" contextid="136" durationms="0.562" usertimems="0.000" systemtimems="0.000" timestamp="2019-08-02T21:31:06.704" activeThreads="8">
  <mem-info id="141" free="5746688" total="8388608" percent="68">
    <mem type="nursery" free="720896" total="2097152" percent="34">
      <mem type="allocate" free="720896" total="1048576" percent="68" />
      <mem type="survivor" free="0" total="1048576" percent="0" />
    </mem>
    <mem type="tenure" free="5025792" total="6291456" percent="79">
      <mem type="soa" free="4711424" total="5977088" percent="78" />
      <mem type="loa" free="314368" total="314368" percent="100" />
    </mem>
    <pending-finalizers system="0" default="0" reference="3" classloader="0" />
    <remembered-set count="118" />
  </mem-info>
</gc-end>
<cycle-end id="142" type="scavenge" contextid="136" timestamp="2019-08-02T21:31:06.704" />
  <attribute name="elasticGC enabled" value="1" />
  <attribute name= "numThreadsSpecified" value="8" />
  <attribute name="heapSize specified" value="0" />
  <attribute name= "numCores" value="8" />
  <attribute name ="GC Interval" value="0" />
  <attribute name ="Control flow" value="1" />
  <attribute name="GC Util Range Max" value="20" />
  <attribute name="Current GC Util" value="0" />
  <attribute name= "Current Time Running" value="1729" />
<allocation-satisfied id="143" threadId="00000000007C1A00" bytesRequested="31752" />
<af-end id="144" timestamp="2019-08-02T21:31:06.704" threadId="00000000007C2388" success="true" from="nursery"/>
<exclusive-end id="145" timestamp="2019-08-02T21:31:06.704" durationms="0.927" />

<exclusive-start id="146" timestamp="2019-08-02T21:31:06.713" intervalms="9.580">
  <response-info timems="0.053" idlems="0.053" threads="0" lastid="00000000007C1A00" lastname="main" />
</exclusive-start>
<af-start id="147" threadId="00000000007C2388" totalBytesRequested="4592" timestamp="2019-08-02T21:31:06.713" intervalms="9.605" type="nursery" />
<cycle-start id="148" type="scavenge" contextid="0" timestamp="2019-08-02T21:31:06.713" intervalms="9.643" />
<gc-start id="149" type="scavenge" contextid="148" timestamp="2019-08-02T21:31:06.713">
  <mem-info id="150" free="5020856" total="8388608" percent="59">
    <mem type="nursery" free="0" total="2097152" percent="0">
      <mem type="allocate" free="0" total="1048576" percent="0" />
      <mem type="survivor" free="0" total="1048576" percent="0" />
    </mem>
    <mem type="tenure" free="5020856" total="6291456" percent="79">
      <mem type="soa" free="4706488" total="5977088" percent="78" />
      <mem type="loa" free="314368" total="314368" percent="100" />
    </mem>
    <remembered-set count="149" />
  </mem-info>
</gc-start>
<allocation-stats totalBytes="721288" >
  <allocated-bytes non-tlh="232840" tlh="488448" />
  <largest-consumer threadName="main" threadId="00000000007C1A00" bytes="721288" />
</allocation-stats>
<gc-op id="151" type="scavenge" timems="0.276" contextid="148" timestamp="2019-08-02T21:31:06.713">
  <scavenger-info tenureage="3" tenuremask="fff8" tiltratio="50" />
  <memory-copied type="nursery" objects="425" bytes="307696" bytesdiscarded="51528" />
  <references type="soft" candidates="1" cleared="0" enqueued="0" dynamicThreshold="32" maxThreshold="32" />
  <references type="weak" candidates="8" cleared="8" enqueued="8" />
  <references type="phantom" candidates="29" cleared="0" enqueued="0" />
</gc-op>
<gc-end id="152" type="scavenge" contextid="148" durationms="0.506" usertimems="0.000" systemtimems="0.000" timestamp="2019-08-02T21:31:06.713" activeThreads="8">
  <mem-info id="153" free="5710208" total="8388608" percent="68">
    <mem type="nursery" free="689352" total="2097152" percent="32">
      <mem type="allocate" free="689352" total="1048576" percent="65" />
      <mem type="survivor" free="0" total="1048576" percent="0" />
    </mem>
    <mem type="tenure" free="5020856" total="6291456" percent="79">
      <mem type="soa" free="4706488" total="5977088" percent="78" />
      <mem type="loa" free="314368" total="314368" percent="100" />
    </mem>
    <pending-finalizers system="0" default="0" reference="8" classloader="0" />
    <remembered-set count="147" />
  </mem-info>
</gc-end>
<cycle-end id="154" type="scavenge" contextid="148" timestamp="2019-08-02T21:31:06.713" />
  <attribute name="elasticGC enabled" value="1" />
  <attribute name= "numThreadsSpecified" value="8" />
  <attribute name="heapSize specified" value="0" />
  <attribute name= "numCores" value="8" />
  <attribute name ="GC Interval" value="0" />
  <attribute name ="Control flow" value="1" />
  <attribute name="GC Util Range Max" value="20" />
  <attribute name="Current GC Util" value="7" />
  <attribute name= "Current Time Running" value="1739" />
<allocation-satisfied id="155" threadId="00000000007C1A00" bytesRequested="4592" />
<af-end id="156" timestamp="2019-08-02T21:31:06.714" threadId="00000000007C2388" success="true" from="nursery"/>
<exclusive-end id="157" timestamp="2019-08-02T21:31:06.714" durationms="1.036" />

<exclusive-start id="158" timestamp="2019-08-02T21:31:06.725" intervalms="12.082">
  <response-info timems="0.063" idlems="0.063" threads="0" lastid="00000000007C1A00" lastname="main" />
</exclusive-start>
<af-start id="159" threadId="00000000007C2388" totalBytesRequested="6664" timestamp="2019-08-02T21:31:06.725" intervalms="12.066" type="nursery" />
<cycle-start id="160" type="scavenge" contextid="0" timestamp="2019-08-02T21:31:06.725" intervalms="12.056" />
<gc-start id="161" type="scavenge" contextid="160" timestamp="2019-08-02T21:31:06.725">
  <mem-info id="162" free="5016984" total="8388608" percent="59">
    <mem type="nursery" free="0" total="2097152" percent="0">
      <mem type="allocate" free="0" total="1048576" percent="0" />
      <mem type="survivor" free="0" total="1048576" percent="0" />
    </mem>
    <mem type="tenure" free="5016984" total="6291456" percent="79">
      <mem type="soa" free="4702616" total="5977088" percent="78" />
      <mem type="loa" free="314368" total="314368" percent="100" />
    </mem>
    <remembered-set count="191" />
  </mem-info>
</gc-start>
<allocation-stats totalBytes="679784" >
  <allocated-bytes non-tlh="136504" tlh="543280" />
  <largest-consumer threadName="main" threadId="00000000007C1A00" bytes="679784" />
</allocation-stats>
<gc-op id="163" type="scavenge" timems="0.287" contextid="160" timestamp="2019-08-02T21:31:06.725">
  <scavenger-info tenureage="3" tenuremask="fff8" tiltratio="50" />
  <memory-copied type="nursery" objects="485" bytes="320024" bytesdiscarded="22712" />
  <references type="soft" candidates="3" cleared="0" enqueued="0" dynamicThreshold="32" maxThreshold="32" />
  <references type="weak" candidates="10" cleared="9" enqueued="9" />
  <references type="phantom" candidates="30" cleared="0" enqueued="0" />
</gc-op>
<gc-end id="164" type="scavenge" contextid="160" durationms="0.432" usertimems="0.000" systemtimems="4.000" timestamp="2019-08-02T21:31:06.725" activeThreads="8">
  <mem-info id="165" free="5722816" total="8388608" percent="68">
    <mem type="nursery" free="705832" total="2097152" percent="33">
      <mem type="allocate" free="705832" total="1048576" percent="67" />
      <mem type="survivor" free="0" total="1048576" percent="0" />
    </mem>
    <mem type="tenure" free="5016984" total="6291456" percent="79">
      <mem type="soa" free="4702616" total="5977088" percent="78" />
      <mem type="loa" free="314368" total="314368" percent="100" />
    </mem>
    <pending-finalizers system="0" default="0" reference="9" classloader="0" />
    <remembered-set count="170" />
  </mem-info>
</gc-end>
<cycle-end id="166" type="scavenge" contextid="160" timestamp="2019-08-02T21:31:06.725" />
  <attribute name="elasticGC enabled" value="1" />
  <attribute name= "numThreadsSpecified" value="8" />
  <attribute name="heapSize specified" value="0" />
  <attribute name= "numCores" value="8" />
  <attribute name ="GC Interval" value="0" />
  <attribute name ="Control flow" value="1" />
  <attribute name="GC Util Range Max" value="20" />
  <attribute name="Current GC Util" value="5" />
  <attribute name= "Current Time Running" value="1751" />
<allocation-satisfied id="167" threadId="00000000007C1A00" bytesRequested="6664" />
<af-end id="168" timestamp="2019-08-02T21:31:06.725" threadId="00000000007C2388" success="true" from="nursery"/>
<exclusive-end id="169" timestamp="2019-08-02T21:31:06.725" durationms="0.878" />

<exclusive-start id="170" timestamp="2019-08-02T21:31:06.745" intervalms="20.658">
  <response-info timems="0.058" idlems="0.058" threads="0" lastid="00000000007C1A00" lastname="main" />
</exclusive-start>
<af-start id="171" threadId="00000000007C2388" totalBytesRequested="21432" timestamp="2019-08-02T21:31:06.745" intervalms="20.646" type="nursery" />
<cycle-start id="172" type="scavenge" contextid="0" timestamp="2019-08-02T21:31:06.745" intervalms="20.620" />
<gc-start id="173" type="scavenge" contextid="172" timestamp="2019-08-02T21:31:06.745">
  <mem-info id="174" free="5006112" total="8388608" percent="59">
    <mem type="nursery" free="0" total="2097152" percent="0">
      <mem type="allocate" free="0" total="1048576" percent="0" />
      <mem type="survivor" free="0" total="1048576" percent="0" />
    </mem>
    <mem type="tenure" free="5006112" total="6291456" percent="79">
      <mem type="soa" free="4691744" total="5977088" percent="78" />
      <mem type="loa" free="314368" total="314368" percent="100" />
    </mem>
    <remembered-set count="294" />
  </mem-info>
</gc-start>
<allocation-stats totalBytes="704432" >
  <allocated-bytes non-tlh="17536" tlh="686896" />
  <largest-consumer threadName="main" threadId="00000000007C1A00" bytes="704432" />
</allocation-stats>
<gc-op id="175" type="scavenge" timems="0.422" contextid="172" timestamp="2019-08-02T21:31:06.746">
  <scavenger-info tenureage="3" tenuremask="fff8" tiltratio="50" />
  <memory-copied type="nursery" objects="238" bytes="10216" bytesdiscarded="107288" />
  <memory-copied type="tenure" objects="369" bytes="303928" bytesdiscarded="208" />
  <references type="soft" candidates="3" cleared="0" enqueued="0" dynamicThreshold="32" maxThreshold="32" />
  <references type="weak" candidates="12" cleared="12" enqueued="12" />
  <references type="phantom" candidates="2" cleared="1" enqueued="1" />
</gc-op>
<gc-end id="176" type="scavenge" contextid="172" durationms="0.599" usertimems="4.000" systemtimems="0.000" timestamp="2019-08-02T21:31:06.746" activeThreads="8">
  <mem-info id="177" free="5625520" total="8388608" percent="67">
    <mem type="nursery" free="931072" total="2097152" percent="44">
      <mem type="allocate" free="931072" total="1048576" percent="88" />
      <mem type="survivor" free="0" total="1048576" percent="0" />
    </mem>
    <mem type="tenure" free="4694448" total="6291456" percent="74">
      <mem type="soa" free="4380080" total="5977088" percent="73" />
      <mem type="loa" free="314368" total="314368" percent="100" />
    </mem>
    <pending-finalizers system="0" default="0" reference="13" classloader="0" />
    <remembered-set count="260" />
  </mem-info>
</gc-end>
<cycle-end id="178" type="scavenge" contextid="172" timestamp="2019-08-02T21:31:06.746" />
  <attribute name="elasticGC enabled" value="1" />
  <attribute name= "numThreadsSpecified" value="8" />
  <attribute name="heapSize specified" value="0" />
  <attribute name= "numCores" value="8" />
  <attribute name ="GC Interval" value="0" />
  <attribute name ="Control flow" value="1" />
  <attribute name="GC Util Range Max" value="20" />
  <attribute name="Current GC Util" value="2" />
  <attribute name= "Current Time Running" value="1771" />
<allocation-satisfied id="179" threadId="00000000007C1A00" bytesRequested="21432" />
<af-end id="180" timestamp="2019-08-02T21:31:06.746" threadId="00000000007C2388" success="true" from="nursery"/>
<exclusive-end id="181" timestamp="2019-08-02T21:31:06.746" durationms="0.973" />

<exclusive-start id="182" timestamp="2019-08-02T21:31:06.779" intervalms="33.932">
  <response-info timems="0.032" idlems="0.032" threads="0" lastid="00000000007C1A00" lastname="main" />
</exclusive-start>
<af-start id="183" threadId="00000000007C2388" totalBytesRequested="24" timestamp="2019-08-02T21:31:06.779" intervalms="33.925" type="nursery" />
<cycle-start id="184" type="scavenge" contextid="0" timestamp="2019-08-02T21:31:06.779" intervalms="33.920" />
<gc-start id="185" type="scavenge" contextid="184" timestamp="2019-08-02T21:31:06.779">
  <mem-info id="186" free="4671208" total="8388608" percent="55">
    <mem type="nursery" free="0" total="2097152" percent="0">
      <mem type="allocate" free="0" total="1048576" percent="0" />
      <mem type="survivor" free="0" total="1048576" percent="0" />
    </mem>
    <mem type="tenure" free="4671208" total="6291456" percent="74">
      <mem type="soa" free="4356840" total="5977088" percent="72" />
      <mem type="loa" free="314368" total="314368" percent="100" />
    </mem>
    <remembered-set count="596" />
  </mem-info>
</gc-start>
<allocation-stats totalBytes="952896" >
  <allocated-bytes non-tlh="44672" tlh="908224" />
  <largest-consumer threadName="main" threadId="00000000007C1A00" bytes="948800" />
</allocation-stats>
<gc-op id="187" type="scavenge" timems="0.476" contextid="184" timestamp="2019-08-02T21:31:06.780">
  <scavenger-info tenureage="3" tenuremask="ffe8" tiltratio="50" />
  <memory-copied type="nursery" objects="2071" bytes="78864" bytesdiscarded="16240" />
  <memory-copied type="tenure" objects="19" bytes="360" bytesdiscarded="0" />
  <finalization candidates="32" enqueued="0" />
  <ownableSynchronizers candidates="17" cleared="0" />
  <references type="soft" candidates="3" cleared="0" enqueued="0" dynamicThreshold="32" maxThreshold="32" />
  <references type="weak" candidates="613" cleared="308" enqueued="213" />
  <references type="phantom" candidates="1" cleared="0" enqueued="0" />
</gc-op>
<gc-end id="188" type="scavenge" contextid="184" durationms="0.631" usertimems="4.000" systemtimems="0.000" timestamp="2019-08-02T21:31:06.780" activeThreads="8">
  <mem-info id="189" free="5755624" total="8388608" percent="68">
    <mem type="nursery" free="1084416" total="2097152" percent="51">
      <mem type="allocate" free="1084416" total="1179648" percent="91" />
      <mem type="survivor" free="0" total="917504" percent="0" />
    </mem>
    <mem type="tenure" free="4671208" total="6291456" percent="74">
      <mem type="soa" free="4356840" total="5977088" percent="72" />
      <mem type="loa" free="314368" total="314368" percent="100" />
    </mem>
    <pending-finalizers system="0" default="0" reference="213" classloader="0" />
    <remembered-set count="555" />
  </mem-info>
</gc-end>
<cycle-end id="190" type="scavenge" contextid="184" timestamp="2019-08-02T21:31:06.780" />
  <attribute name="elasticGC enabled" value="1" />
  <attribute name= "numThreadsSpecified" value="8" />
  <attribute name="heapSize specified" value="0" />
  <attribute name= "numCores" value="8" />
  <attribute name ="GC Interval" value="0" />
  <attribute name ="Control flow" value="1" />
  <attribute name="GC Util Range Max" value="20" />
  <attribute name="Current GC Util" value="2" />
  <attribute name= "Current Time Running" value="1805" />
<allocation-satisfied id="191" threadId="00000000007C1A00" bytesRequested="24" />
<af-end id="192" timestamp="2019-08-02T21:31:06.780" threadId="00000000007C2388" success="true" from="nursery"/>
<exclusive-end id="193" timestamp="2019-08-02T21:31:06.780" durationms="0.994" />

<exclusive-start id="194" timestamp="2019-08-02T21:31:06.814" intervalms="34.801">
  <response-info timems="0.033" idlems="0.033" threads="0" lastid="00000000007C1A00" lastname="main" />
</exclusive-start>
<af-start id="195" threadId="00000000007C2388" totalBytesRequested="1032" timestamp="2019-08-02T21:31:06.814" intervalms="34.820" type="nursery" />
<cycle-start id="196" type="scavenge" contextid="0" timestamp="2019-08-02T21:31:06.814" intervalms="34.827" />
<gc-start id="197" type="scavenge" contextid="196" timestamp="2019-08-02T21:31:06.814">
  <mem-info id="198" free="4651328" total="8388608" percent="55">
    <mem type="nursery" free="0" total="2097152" percent="0">
      <mem type="allocate" free="0" total="1179648" percent="0" />
      <mem type="survivor" free="0" total="917504" percent="0" />
    </mem>
    <mem type="tenure" free="4651328" total="6291456" percent="73">
      <mem type="soa" free="4336960" total="5977088" percent="72" />
      <mem type="loa" free="314368" total="314368" percent="100" />
    </mem>
    <remembered-set count="810" />
  </mem-info>
</gc-start>
<allocation-stats totalBytes="1100696" >
  <allocated-bytes non-tlh="119536" tlh="981160" />
  <largest-consumer threadName="main" threadId="00000000007C1A00" bytes="1096600" />
</allocation-stats>
<gc-op id="199" type="scavenge" timems="0.550" contextid="196" timestamp="2019-08-02T21:31:06.815">
  <scavenger-info tenureage="3" tenuremask="ffe8" tiltratio="56" />
  <memory-copied type="nursery" objects="2972" bytes="121592" bytesdiscarded="44880" />
  <memory-copied type="tenure" objects="42" bytes="3576" bytesdiscarded="0" />
  <finalization candidates="39" enqueued="1" />
  <ownableSynchronizers candidates="17" cleared="0" />
  <references type="soft" candidates="6" cleared="0" enqueued="0" dynamicThreshold="32" maxThreshold="32" />
  <references type="weak" candidates="508" cleared="74" enqueued="64" />
  <references type="phantom" candidates="7" cleared="1" enqueued="1" />
</gc-op>
<gc-end id="200" type="scavenge" contextid="196" durationms="0.712" usertimems="0.000" systemtimems="0.000" timestamp="2019-08-02T21:31:06.815" activeThreads="8">
  <mem-info id="201" free="5771584" total="8388608" percent="68">
    <mem type="nursery" free="1144064" total="2097152" percent="54">
      <mem type="allocate" free="1144064" total="1310720" percent="87" />
      <mem type="survivor" free="0" total="786432" percent="0" />
    </mem>
    <mem type="tenure" free="4627520" total="6291456" percent="73">
      <mem type="soa" free="4313152" total="5977088" percent="72" />
      <mem type="loa" free="314368" total="314368" percent="100" />
    </mem>
    <pending-finalizers system="1" default="0" reference="65" classloader="0" />
    <remembered-set count="717" />
  </mem-info>
</gc-end>
<cycle-end id="202" type="scavenge" contextid="196" timestamp="2019-08-02T21:31:06.815" />
  <attribute name="elasticGC enabled" value="1" />
  <attribute name= "numThreadsSpecified" value="8" />
  <attribute name="heapSize specified" value="0" />
  <attribute name= "numCores" value="8" />
  <attribute name ="GC Interval" value="0" />
  <attribute name ="Control flow" value="1" />
  <attribute name="GC Util Range Max" value="20" />
  <attribute name="Current GC Util" value="2" />
  <attribute name= "Current Time Running" value="1840" />
<allocation-satisfied id="203" threadId="00000000007C1A00" bytesRequested="1032" />
<af-end id="204" timestamp="2019-08-02T21:31:06.815" threadId="00000000007C2388" success="true" from="nursery"/>
<exclusive-end id="205" timestamp="2019-08-02T21:31:06.815" durationms="1.091" />

<exclusive-start id="206" timestamp="2019-08-02T21:31:06.859" intervalms="44.941">
  <response-info timems="0.031" idlems="0.031" threads="0" lastid="00000000007C1A00" lastname="main" />
</exclusive-start>
<af-start id="207" threadId="00000000007C2388" totalBytesRequested="1096" timestamp="2019-08-02T21:31:06.859" intervalms="44.943" type="nursery" />
<cycle-start id="208" type="scavenge" contextid="0" timestamp="2019-08-02T21:31:06.859" intervalms="44.957" />
<gc-start id="209" type="scavenge" contextid="208" timestamp="2019-08-02T21:31:06.859">
  <mem-info id="210" free="4573728" total="8388608" percent="54">
    <mem type="nursery" free="0" total="2097152" percent="0">
      <mem type="allocate" free="0" total="1310720" percent="0" />
      <mem type="survivor" free="0" total="786432" percent="0" />
    </mem>
    <mem type="tenure" free="4573728" total="6291456" percent="72">
      <mem type="soa" free="4259360" total="5977088" percent="71" />
      <mem type="loa" free="314368" total="314368" percent="100" />
    </mem>
    <remembered-set count="1192" />
  </mem-info>
</gc-start>
<allocation-stats totalBytes="1195344" >
  <allocated-bytes non-tlh="54824" tlh="1140520" />
  <largest-consumer threadName="main" threadId="00000000007C1A00" bytes="1183512" />
</allocation-stats>
<gc-op id="211" type="scavenge" timems="0.621" contextid="208" timestamp="2019-08-02T21:31:06.860">
  <scavenger-info tenureage="5" tenuremask="ffe0" tiltratio="62" />
  <memory-copied type="nursery" objects="5906" bytes="206000" bytesdiscarded="14920" />
  <finalization candidates="38" enqueued="0" />
  <ownableSynchronizers candidates="17" cleared="0" />
  <references type="soft" candidates="6" cleared="0" enqueued="0" dynamicThreshold="32" maxThreshold="32" />
  <references type="weak" candidates="682" cleared="6" enqueued="6" />
  <references type="phantom" candidates="6" cleared="0" enqueued="0" />
</gc-op>
<gc-end id="212" type="scavenge" contextid="208" durationms="0.780" usertimems="0.000" systemtimems="0.000" timestamp="2019-08-02T21:31:06.860" activeThreads="8">
  <mem-info id="213" free="5794336" total="8388608" percent="69">
    <mem type="nursery" free="1220608" total="2097152" percent="58">
      <mem type="allocate" free="1220608" total="1441792" percent="84" />
      <mem type="survivor" free="0" total="655360" percent="0" />
    </mem>
    <mem type="tenure" free="4573728" total="6291456" percent="72">
      <mem type="soa" free="4259360" total="5977088" percent="71" />
      <mem type="loa" free="314368" total="314368" percent="100" />
    </mem>
    <pending-finalizers system="0" default="0" reference="6" classloader="0" />
    <remembered-set count="1039" />
  </mem-info>
</gc-end>
<cycle-end id="214" type="scavenge" contextid="208" timestamp="2019-08-02T21:31:06.860" />
  <attribute name="elasticGC enabled" value="1" />
  <attribute name= "numThreadsSpecified" value="8" />
  <attribute name="heapSize specified" value="0" />
  <attribute name= "numCores" value="8" />
  <attribute name ="GC Interval" value="0" />
  <attribute name ="Control flow" value="1" />
  <attribute name="GC Util Range Max" value="20" />
  <attribute name="Current GC Util" value="2" />
  <attribute name= "Current Time Running" value="1885" />
<allocation-satisfied id="215" threadId="00000000007C1A00" bytesRequested="1096" />
<af-end id="216" timestamp="2019-08-02T21:31:06.860" threadId="00000000007C2388" success="true" from="nursery"/>
<exclusive-end id="217" timestamp="2019-08-02T21:31:06.860" durationms="1.176" />

<exclusive-start id="218" timestamp="2019-08-02T21:31:06.911" intervalms="52.296">
  <response-info timems="0.036" idlems="0.036" threads="0" lastid="00000000007C1A00" lastname="main" />
</exclusive-start>
<af-start id="219" threadId="00000000007C2388" totalBytesRequested="2744" timestamp="2019-08-02T21:31:06.911" intervalms="52.294" type="nursery" />
<cycle-start id="220" type="scavenge" contextid="0" timestamp="2019-08-02T21:31:06.911" intervalms="52.283" />
<gc-start id="221" type="scavenge" contextid="220" timestamp="2019-08-02T21:31:06.911">
  <mem-info id="222" free="4488216" total="8388608" percent="53">
    <mem type="nursery" free="0" total="2097152" percent="0">
      <mem type="allocate" free="0" total="1441792" percent="0" />
      <mem type="survivor" free="0" total="655360" percent="0" />
    </mem>
    <mem type="tenure" free="4488216" total="6291456" percent="71">
      <mem type="soa" free="4173848" total="5977088" percent="69" />
      <mem type="loa" free="314368" total="314368" percent="100" />
    </mem>
    <remembered-set count="2316" />
  </mem-info>
</gc-start>
<allocation-stats totalBytes="1304704" >
  <allocated-bytes non-tlh="86608" tlh="1218096" />
  <largest-consumer threadName="main" threadId="00000000007C1A00" bytes="1304704" />
</allocation-stats>
<gc-op id="223" type="scavenge" timems="0.855" contextid="220" timestamp="2019-08-02T21:31:06.912">
  <scavenger-info tenureage="3" tenuremask="ffe8" tiltratio="68" />
  <memory-copied type="nursery" objects="8410" bytes="266896" bytesdiscarded="25512" />
  <memory-copied type="tenure" objects="1767" bytes="67520" bytesdiscarded="16" />
  <finalization candidates="49" enqueued="0" />
  <ownableSynchronizers candidates="17" cleared="0" />
  <references type="soft" candidates="41" cleared="0" enqueued="0" dynamicThreshold="32" maxThreshold="32" />
  <references type="weak" candidates="695" cleared="69" enqueued="53" />
  <references type="phantom" candidates="6" cleared="0" enqueued="0" />
</gc-op>
<gc-end id="224" type="scavenge" contextid="220" durationms="1.039" usertimems="0.000" systemtimems="0.000" timestamp="2019-08-02T21:31:06.912" activeThreads="8">
  <mem-info id="225" free="5550616" total="8388608" percent="66">
    <mem type="nursery" free="1149184" total="2097152" percent="54">
      <mem type="allocate" free="1149184" total="1441792" percent="79" />
      <mem type="survivor" free="0" total="655360" percent="0" />
    </mem>
    <mem type="tenure" free="4401432" total="6291456" percent="69">
      <mem type="soa" free="4087064" total="5977088" percent="68" />
      <mem type="loa" free="314368" total="314368" percent="100" />
    </mem>
    <pending-finalizers system="0" default="0" reference="53" classloader="0" />
    <remembered-set count="2059" />
  </mem-info>
</gc-end>
<cycle-end id="226" type="scavenge" contextid="220" timestamp="2019-08-02T21:31:06.913" />
  <attribute name="elasticGC enabled" value="1" />
  <attribute name= "numThreadsSpecified" value="8" />
  <attribute name="heapSize specified" value="0" />
  <attribute name= "numCores" value="8" />
  <attribute name ="GC Interval" value="0" />
  <attribute name ="Control flow" value="1" />
  <attribute name="GC Util Range Max" value="20" />
  <attribute name="Current GC Util" value="2" />
  <attribute name= "Current Time Running" value="1937" />
<allocation-satisfied id="227" threadId="00000000007C1A00" bytesRequested="2744" />
<af-end id="228" timestamp="2019-08-02T21:31:06.913" threadId="00000000007C2388" success="true" from="nursery"/>
<exclusive-end id="229" timestamp="2019-08-02T21:31:06.913" durationms="1.442" />

<exclusive-start id="230" timestamp="2019-08-02T21:31:06.944" intervalms="33.221">
  <response-info timems="0.055" idlems="0.055" threads="0" lastid="00000000007C1A00" lastname="main" />
</exclusive-start>
<af-start id="231" threadId="00000000007C2388" totalBytesRequested="88" timestamp="2019-08-02T21:31:06.945" intervalms="33.215" type="nursery" />
<cycle-start id="232" type="scavenge" contextid="0" timestamp="2019-08-02T21:31:06.945" intervalms="33.252" />
<gc-start id="233" type="scavenge" contextid="232" timestamp="2019-08-02T21:31:06.945">
  <mem-info id="234" free="4362992" total="8388608" percent="52">
    <mem type="nursery" free="0" total="2097152" percent="0">
      <mem type="allocate" free="0" total="1441792" percent="0" />
      <mem type="survivor" free="0" total="655360" percent="0" />
    </mem>
    <mem type="tenure" free="4362992" total="6291456" percent="69">
      <mem type="soa" free="4048624" total="5977088" percent="67" />
      <mem type="loa" free="314368" total="314368" percent="100" />
    </mem>
    <remembered-set count="2536" />
  </mem-info>
</gc-start>
<allocation-stats totalBytes="1185120" >
  <allocated-bytes non-tlh="41184" tlh="1143936" />
  <largest-consumer threadName="main" threadId="00000000007C1A00" bytes="1173288" />
</allocation-stats>
<gc-op id="235" type="scavenge" timems="1.047" contextid="232" timestamp="2019-08-02T21:31:06.946">
  <scavenger-info tenureage="3" tenuremask="ffc8" tiltratio="68" />
  <memory-copied type="nursery" objects="10288" bytes="344848" bytesdiscarded="80144" />
  <memory-copied type="tenure" objects="805" bytes="40744" bytesdiscarded="104" />
  <finalization candidates="17" enqueued="0" />
  <references type="soft" candidates="271" cleared="0" enqueued="0" dynamicThreshold="32" maxThreshold="32" />
  <references type="weak" candidates="578" cleared="18" enqueued="18" />
  <references type="phantom" candidates="8" cleared="3" enqueued="3" />
</gc-op>
<gc-end id="236" type="scavenge" contextid="232" durationms="1.240" usertimems="4.000" systemtimems="0.000" timestamp="2019-08-02T21:31:06.946" activeThreads="8">
  <mem-info id="237" free="5400040" total="8388608" percent="64">
    <mem type="nursery" free="1147640" total="2097152" percent="54">
      <mem type="allocate" free="1147640" total="1572864" percent="72" />
      <mem type="survivor" free="0" total="524288" percent="0" />
    </mem>
    <mem type="tenure" free="4252400" total="6291456" percent="67">
      <mem type="soa" free="3938032" total="5977088" percent="65" />
      <mem type="loa" free="314368" total="314368" percent="100" />
    </mem>
    <pending-finalizers system="0" default="0" reference="21" classloader="0" />
    <remembered-set count="2022" />
  </mem-info>
</gc-end>
<cycle-end id="238" type="scavenge" contextid="232" timestamp="2019-08-02T21:31:06.946" />
  <attribute name="elasticGC enabled" value="1" />
  <attribute name= "numThreadsSpecified" value="8" />
  <attribute name="heapSize specified" value="0" />
  <attribute name= "numCores" value="8" />
  <attribute name ="GC Interval" value="0" />
  <attribute name ="Control flow" value="1" />
  <attribute name="GC Util Range Max" value="20" />
  <attribute name="Current GC Util" value="4" />
  <attribute name= "Current Time Running" value="1971" />
<allocation-satisfied id="239" threadId="00000000007C1A00" bytesRequested="88" />
<af-end id="240" timestamp="2019-08-02T21:31:06.946" threadId="00000000007C2388" success="true" from="nursery"/>
<exclusive-end id="241" timestamp="2019-08-02T21:31:06.946" durationms="1.757" />

<exclusive-start id="242" timestamp="2019-08-02T21:31:06.979" intervalms="34.412">
  <response-info timems="0.032" idlems="0.032" threads="0" lastid="00000000007C1A00" lastname="main" />
</exclusive-start>
<af-start id="243" threadId="00000000007C2388" totalBytesRequested="88" timestamp="2019-08-02T21:31:06.979" intervalms="34.415" type="nursery" />
<cycle-start id="244" type="scavenge" contextid="0" timestamp="2019-08-02T21:31:06.979" intervalms="34.378" />
<gc-start id="245" type="scavenge" contextid="244" timestamp="2019-08-02T21:31:06.979">
  <mem-info id="246" free="4235144" total="8388608" percent="50">
    <mem type="nursery" free="0" total="2097152" percent="0">
      <mem type="allocate" free="0" total="1572864" percent="0" />
      <mem type="survivor" free="0" total="524288" percent="0" />
    </mem>
    <mem type="tenure" free="4235144" total="6291456" percent="67">
      <mem type="soa" free="3920776" total="5977088" percent="65" />
      <mem type="loa" free="314368" total="314368" percent="100" />
    </mem>
    <remembered-set count="2213" />
  </mem-info>
</gc-start>
<allocation-stats totalBytes="1163400" >
  <allocated-bytes non-tlh="17344" tlh="1146056" />
  <largest-consumer threadName="main" threadId="00000000007C1A00" bytes="1155208" />
</allocation-stats>
<gc-op id="247" type="scavenge" timems="0.871" contextid="244" timestamp="2019-08-02T21:31:06.980">
  <scavenger-info tenureage="3" tenuremask="ffa8" tiltratio="75" />
  <memory-copied type="nursery" objects="8084" bytes="281944" bytesdiscarded="11016" />
  <memory-copied type="tenure" objects="3114" bytes="88128" bytesdiscarded="40" />
  <finalization candidates="11" enqueued="0" />
  <references type="soft" candidates="350" cleared="0" enqueued="0" dynamicThreshold="32" maxThreshold="32" />
  <references type="weak" candidates="456" cleared="12" enqueued="12" />
  <references type="phantom" candidates="5" cleared="0" enqueued="0" />
</gc-op>
<gc-end id="248" type="scavenge" contextid="244" durationms="1.055" usertimems="0.000" systemtimems="0.000" timestamp="2019-08-02T21:31:06.980" activeThreads="8">
  <mem-info id="249" free="5427984" total="8388608" percent="64">
    <mem type="nursery" free="1279624" total="2097152" percent="61">
      <mem type="allocate" free="1279624" total="1572864" percent="81" />
      <mem type="survivor" free="0" total="524288" percent="0" />
    </mem>
    <mem type="tenure" free="4148360" total="6291456" percent="65">
      <mem type="soa" free="3833992" total="5977088" percent="64" />
      <mem type="loa" free="314368" total="314368" percent="100" />
    </mem>
    <pending-finalizers system="0" default="0" reference="12" classloader="0" />
    <remembered-set count="1034" />
  </mem-info>
</gc-end>
<cycle-end id="250" type="scavenge" contextid="244" timestamp="2019-08-02T21:31:06.980" />
  <attribute name="elasticGC enabled" value="1" />
  <attribute name= "numThreadsSpecified" value="8" />
  <attribute name="heapSize specified" value="0" />
  <attribute name= "numCores" value="8" />
  <attribute name ="GC Interval" value="0" />
  <attribute name ="Control flow" value="1" />
  <attribute name="GC Util Range Max" value="20" />
  <attribute name="Current GC Util" value="5" />
  <attribute name= "Current Time Running" value="2005" />
<allocation-satisfied id="251" threadId="00000000007C1A00" bytesRequested="88" />
<af-end id="252" timestamp="2019-08-02T21:31:06.980" threadId="00000000007C2388" success="true" from="nursery"/>
<exclusive-end id="253" timestamp="2019-08-02T21:31:06.980" durationms="1.461" />

<exclusive-start id="254" timestamp="2019-08-02T21:31:09.325" intervalms="2346.566">
  <response-info timems="0.034" idlems="0.034" threads="0" lastid="00000000007C1A00" lastname="main" />
</exclusive-start>
<af-start id="255" threadId="00000000007C2388" totalBytesRequested="1064" timestamp="2019-08-02T21:31:09.326" intervalms="2346.578" type="nursery" />
<cycle-start id="256" type="scavenge" contextid="0" timestamp="2019-08-02T21:31:09.326" intervalms="2346.594" />
<gc-start id="257" type="scavenge" contextid="256" timestamp="2019-08-02T21:31:09.326">
  <mem-info id="258" free="4125624" total="8388608" percent="49">
    <mem type="nursery" free="0" total="2097152" percent="0">
      <mem type="allocate" free="0" total="1572864" percent="0" />
      <mem type="survivor" free="0" total="524288" percent="0" />
    </mem>
    <mem type="tenure" free="4125624" total="6291456" percent="65">
      <mem type="soa" free="3811256" total="5977088" percent="63" />
      <mem type="loa" free="314368" total="314368" percent="100" />
    </mem>
    <remembered-set count="1344" />
  </mem-info>
</gc-start>
<allocation-stats totalBytes="1300256" >
  <allocated-bytes non-tlh="22824" tlh="1277432" />
  <largest-consumer threadName="main" threadId="00000000007C1A00" bytes="1300256" />
</allocation-stats>
<gc-op id="259" type="scavenge" timems="0.906" contextid="256" timestamp="2019-08-02T21:31:09.327">
  <scavenger-info tenureage="3" tenuremask="ff68" tiltratio="75" />
  <memory-copied type="nursery" objects="6017" bytes="231328" bytesdiscarded="61000" />
  <memory-copied type="tenure" objects="4225" bytes="128176" bytesdiscarded="32" />
  <finalization candidates="11" enqueued="0" />
  <references type="soft" candidates="478" cleared="0" enqueued="0" dynamicThreshold="32" maxThreshold="32" />
  <references type="weak" candidates="265" cleared="6" enqueued="6" />
  <references type="phantom" candidates="7" cleared="2" enqueued="2" />
</gc-op>
<gc-end id="260" type="scavenge" contextid="256" durationms="1.078" usertimems="4.000" systemtimems="0.000" timestamp="2019-08-02T21:31:09.327" activeThreads="8">
  <mem-info id="261" free="5376432" total="8388608" percent="64">
    <mem type="nursery" free="1345792" total="2097152" percent="64">
      <mem type="allocate" free="1345792" total="1638400" percent="82" />
      <mem type="survivor" free="0" total="458752" percent="0" />
    </mem>
    <mem type="tenure" free="4030640" total="6291456" percent="64">
      <mem type="soa" free="3716272" total="5977088" percent="62" />
      <mem type="loa" free="314368" total="314368" percent="100" />
    </mem>
    <pending-finalizers system="0" default="0" reference="8" classloader="0" />
    <remembered-set count="796" />
  </mem-info>
</gc-end>
<cycle-end id="262" type="scavenge" contextid="256" timestamp="2019-08-02T21:31:09.327" />
  <attribute name="elasticGC enabled" value="1" />
  <attribute name= "numThreadsSpecified" value="8" />
  <attribute name="heapSize specified" value="0" />
  <attribute name= "numCores" value="8" />
  <attribute name ="GC Interval" value="0" />
  <attribute name ="Control flow" value="1" />
  <attribute name="GC Util Range Max" value="20" />
  <attribute name="Current GC Util" value="0" />
  <attribute name= "Current Time Running" value="4351" />
<allocation-satisfied id="263" threadId="00000000007C1A00" bytesRequested="1064" />
<af-end id="264" timestamp="2019-08-02T21:31:09.327" threadId="00000000007C2388" success="true" from="nursery"/>
<exclusive-end id="265" timestamp="2019-08-02T21:31:09.327" durationms="1.515" />

<exclusive-start id="266" timestamp="2019-08-02T21:31:09.360" intervalms="34.529">
  <response-info timems="0.030" idlems="0.030" threads="0" lastid="00000000007C1A00" lastname="main" />
</exclusive-start>
<af-start id="267" threadId="00000000007C2388" totalBytesRequested="33248" timestamp="2019-08-02T21:31:09.360" intervalms="34.510" type="nursery" />
<cycle-start id="268" type="scavenge" contextid="0" timestamp="2019-08-02T21:31:09.360" intervalms="34.489" />
<gc-start id="269" type="scavenge" contextid="268" timestamp="2019-08-02T21:31:09.360">
  <mem-info id="270" free="3998664" total="8388608" percent="47">
    <mem type="nursery" free="0" total="2097152" percent="0">
      <mem type="allocate" free="0" total="1638400" percent="0" />
      <mem type="survivor" free="0" total="458752" percent="0" />
    </mem>
    <mem type="tenure" free="3998664" total="6291456" percent="63">
      <mem type="soa" free="3684296" total="5977088" percent="61" />
      <mem type="loa" free="314368" total="314368" percent="100" />
    </mem>
    <remembered-set count="1096" />
  </mem-info>
</gc-start>
<allocation-stats totalBytes="1333720" >
  <allocated-bytes non-tlh="33040" tlh="1300680" />
  <largest-consumer threadName="main" threadId="00000000007C1A00" bytes="1333720" />
</allocation-stats>
<gc-op id="271" type="scavenge" timems="0.736" contextid="268" timestamp="2019-08-02T21:31:09.361">
  <scavenger-info tenureage="3" tenuremask="ffe8" tiltratio="78" />
  <memory-copied type="nursery" objects="3999" bytes="235088" bytesdiscarded="33632" />
  <memory-copied type="tenure" objects="2535" bytes="97240" bytesdiscarded="80" />
  <finalization candidates="3" enqueued="0" />
  <references type="soft" candidates="244" cleared="0" enqueued="0" dynamicThreshold="32" maxThreshold="32" />
  <references type="weak" candidates="348" cleared="11" enqueued="11" />
  <references type="phantom" candidates="1" cleared="0" enqueued="0" />
</gc-op>
<gc-end id="272" type="scavenge" contextid="268" durationms="0.903" usertimems="4.000" systemtimems="0.000" timestamp="2019-08-02T21:31:09.361" activeThreads="8">
  <mem-info id="273" free="5250520" total="8388608" percent="62">
    <mem type="nursery" free="1369360" total="2097152" percent="65">
      <mem type="allocate" free="1369360" total="1638400" percent="83" />
      <mem type="survivor" free="0" total="458752" percent="0" />
    </mem>
    <mem type="tenure" free="3881160" total="6291456" percent="61">
      <mem type="soa" free="3566792" total="5977088" percent="59" />
      <mem type="loa" free="314368" total="314368" percent="100" />
    </mem>
    <pending-finalizers system="0" default="0" reference="11" classloader="0" />
    <remembered-set count="764" />
  </mem-info>
</gc-end>
<cycle-end id="274" type="scavenge" contextid="268" timestamp="2019-08-02T21:31:09.361" />
  <attribute name="elasticGC enabled" value="1" />
  <attribute name= "numThreadsSpecified" value="8" />
  <attribute name="heapSize specified" value="0" />
  <attribute name= "numCores" value="8" />
  <attribute name ="GC Interval" value="0" />
  <attribute name ="Control flow" value="1" />
  <attribute name="GC Util Range Max" value="20" />
  <attribute name="Current GC Util" value="5" />
  <attribute name= "Current Time Running" value="4386" />
<allocation-satisfied id="275" threadId="00000000007C1A00" bytesRequested="33248" />
<af-end id="276" timestamp="2019-08-02T21:31:09.361" threadId="00000000007C2388" success="true" from="nursery"/>
<exclusive-end id="277" timestamp="2019-08-02T21:31:09.361" durationms="1.289" />

<exclusive-start id="278" timestamp="2019-08-02T21:31:09.396" intervalms="36.266">
  <response-info timems="0.035" idlems="0.035" threads="0" lastid="00000000007C1A00" lastname="main" />
</exclusive-start>
<af-start id="279" threadId="00000000007C2388" totalBytesRequested="1032" timestamp="2019-08-02T21:31:09.396" intervalms="36.267" type="nursery" />
<cycle-start id="280" type="scavenge" contextid="0" timestamp="2019-08-02T21:31:09.396" intervalms="36.266" />
<gc-start id="281" type="scavenge" contextid="280" timestamp="2019-08-02T21:31:09.396">
  <mem-info id="282" free="3853176" total="8388608" percent="45">
    <mem type="nursery" free="0" total="2097152" percent="0">
      <mem type="allocate" free="0" total="1638400" percent="0" />
      <mem type="survivor" free="0" total="458752" percent="0" />
    </mem>
    <mem type="tenure" free="3853176" total="6291456" percent="61">
      <mem type="soa" free="3538808" total="5977088" percent="59" />
      <mem type="loa" free="314368" total="314368" percent="100" />
    </mem>
    <remembered-set count="1057" />
  </mem-info>
</gc-start>
<allocation-stats totalBytes="1395784" >
  <allocated-bytes non-tlh="61232" tlh="1334552" />
  <largest-consumer threadName="main" threadId="00000000007C1A00" bytes="1395784" />
</allocation-stats>
<gc-op id="283" type="scavenge" timems="0.663" contextid="280" timestamp="2019-08-02T21:31:09.397">
  <scavenger-info tenureage="3" tenuremask="fde8" tiltratio="78" />
  <memory-copied type="nursery" objects="4230" bytes="175496" bytesdiscarded="22720" />
  <memory-copied type="tenure" objects="1152" bytes="45184" bytesdiscarded="120" />
  <finalization candidates="3" enqueued="0" />
  <references type="soft" candidates="208" cleared="0" enqueued="0" dynamicThreshold="32" maxThreshold="32" />
  <references type="weak" candidates="421" cleared="13" enqueued="13" />
  <references type="phantom" candidates="3" cleared="1" enqueued="1" />
</gc-op>
<gc-end id="284" type="scavenge" contextid="280" durationms="0.829" usertimems="4.000" systemtimems="0.000" timestamp="2019-08-02T21:31:09.397" activeThreads="8">
  <mem-info id="285" free="5334888" total="8388608" percent="63">
    <mem type="nursery" free="1505520" total="2097152" percent="71">
      <mem type="allocate" free="1505520" total="1703936" percent="88" />
      <mem type="survivor" free="0" total="393216" percent="0" />
    </mem>
    <mem type="tenure" free="3829368" total="6291456" percent="60">
      <mem type="soa" free="3515000" total="5977088" percent="58" />
      <mem type="loa" free="314368" total="314368" percent="100" />
    </mem>
    <pending-finalizers system="0" default="0" reference="14" classloader="0" />
    <remembered-set count="732" />
  </mem-info>
</gc-end>
<cycle-end id="286" type="scavenge" contextid="280" timestamp="2019-08-02T21:31:09.397" />
  <attribute name="elasticGC enabled" value="1" />
  <attribute name= "numThreadsSpecified" value="8" />
  <attribute name="heapSize specified" value="0" />
  <attribute name= "numCores" value="8" />
  <attribute name ="GC Interval" value="0" />
  <attribute name ="Control flow" value="1" />
  <attribute name="GC Util Range Max" value="20" />
  <attribute name="Current GC Util" value="3" />
  <attribute name= "Current Time Running" value="4422" />
<allocation-satisfied id="287" threadId="00000000007C1A00" bytesRequested="1032" />
<af-end id="288" timestamp="2019-08-02T21:31:09.397" threadId="00000000007C2388" success="true" from="nursery"/>
<exclusive-end id="289" timestamp="2019-08-02T21:31:09.397" durationms="1.226" />

<exclusive-start id="290" timestamp="2019-08-02T21:31:09.449" intervalms="53.114">
  <response-info timems="0.348" idlems="0.348" threads="0" lastid="00000000007C1A00" lastname="main" />
</exclusive-start>
<af-start id="291" threadId="00000000007C2388" totalBytesRequested="1088" timestamp="2019-08-02T21:31:09.449" intervalms="53.150" type="nursery" />
<cycle-start id="292" type="scavenge" contextid="0" timestamp="2019-08-02T21:31:09.450" intervalms="53.157" />
<gc-start id="293" type="scavenge" contextid="292" timestamp="2019-08-02T21:31:09.450">
  <mem-info id="294" free="3781392" total="8388608" percent="45">
    <mem type="nursery" free="0" total="2097152" percent="0">
      <mem type="allocate" free="0" total="1703936" percent="0" />
      <mem type="survivor" free="0" total="393216" percent="0" />
    </mem>
    <mem type="tenure" free="3781392" total="6291456" percent="60">
      <mem type="soa" free="3467024" total="5977088" percent="58" />
      <mem type="loa" free="314368" total="314368" percent="100" />
    </mem>
    <remembered-set count="1159" />
  </mem-info>
</gc-start>
<allocation-stats totalBytes="1549304" >
  <allocated-bytes non-tlh="49008" tlh="1500296" />
  <largest-consumer threadName="main" threadId="00000000007C1A00" bytes="1545208" />
</allocation-stats>
<gc-op id="295" type="scavenge" timems="0.668" contextid="292" timestamp="2019-08-02T21:31:09.450">
  <scavenger-info tenureage="3" tenuremask="ffe8" tiltratio="81" />
  <memory-copied type="nursery" objects="2948" bytes="128648" bytesdiscarded="58496" />
  <memory-copied type="tenure" objects="2252" bytes="82944" bytesdiscarded="280" />
  <finalization candidates="3" enqueued="0" />
  <references type="soft" candidates="45" cleared="0" enqueued="0" dynamicThreshold="32" maxThreshold="32" />
  <references type="weak" candidates="697" cleared="1" enqueued="1" />
  <references type="phantom" candidates="2" cleared="0" enqueued="0" />
</gc-op>
<gc-end id="296" type="scavenge" contextid="292" durationms="0.846" usertimems="0.000" systemtimems="0.000" timestamp="2019-08-02T21:31:09.450" activeThreads="8">
  <mem-info id="297" free="5171456" total="8388608" percent="61">
    <mem type="nursery" free="1516544" total="2097152" percent="72">
      <mem type="allocate" free="1516544" total="1703936" percent="89" />
      <mem type="survivor" free="0" total="393216" percent="0" />
    </mem>
    <mem type="tenure" free="3654912" total="6291456" percent="58">
      <mem type="soa" free="3340544" total="5977088" percent="55" />
      <mem type="loa" free="314368" total="314368" percent="100" />
    </mem>
    <pending-finalizers system="0" default="0" reference="1" classloader="0" />
    <remembered-set count="887" />
  </mem-info>
</gc-end>
<cycle-end id="298" type="scavenge" contextid="292" timestamp="2019-08-02T21:31:09.451" />
  <attribute name="elasticGC enabled" value="1" />
  <attribute name= "numThreadsSpecified" value="8" />
  <attribute name="heapSize specified" value="0" />
  <attribute name= "numCores" value="8" />
  <attribute name ="GC Interval" value="0" />
  <attribute name ="Control flow" value="1" />
  <attribute name="GC Util Range Max" value="20" />
  <attribute name="Current GC Util" value="2" />
  <attribute name= "Current Time Running" value="4475" />
<allocation-satisfied id="299" threadId="00000000007C1A00" bytesRequested="1088" />
<af-end id="300" timestamp="2019-08-02T21:31:09.451" threadId="00000000007C2388" success="true" from="nursery"/>
<exclusive-end id="301" timestamp="2019-08-02T21:31:09.451" durationms="1.301" />

<exclusive-start id="302" timestamp="2019-08-02T21:31:09.494" intervalms="44.839">
  <response-info timems="0.032" idlems="0.032" threads="0" lastid="00000000007C1A00" lastname="main" />
</exclusive-start>
<af-start id="303" threadId="00000000007C2388" totalBytesRequested="152" timestamp="2019-08-02T21:31:09.494" intervalms="44.841" type="nursery" />
<cycle-start id="304" type="scavenge" contextid="0" timestamp="2019-08-02T21:31:09.494" intervalms="44.882" />
<gc-start id="305" type="scavenge" contextid="304" timestamp="2019-08-02T21:31:09.495">
  <mem-info id="306" free="3602112" total="8388608" percent="42">
    <mem type="nursery" free="0" total="2097152" percent="0">
      <mem type="allocate" free="0" total="1703936" percent="0" />
      <mem type="survivor" free="0" total="393216" percent="0" />
    </mem>
    <mem type="tenure" free="3602112" total="6291456" percent="57">
      <mem type="soa" free="3287744" total="5977088" percent="55" />
      <mem type="loa" free="314368" total="314368" percent="100" />
    </mem>
    <remembered-set count="1569" />
  </mem-info>
</gc-start>
<allocation-stats totalBytes="1568048" >
  <allocated-bytes non-tlh="53888" tlh="1514160" />
  <largest-consumer threadName="main" threadId="00000000007C1A00" bytes="1568048" />
</allocation-stats>
<gc-op id="307" type="scavenge" timems="0.847" contextid="304" timestamp="2019-08-02T21:31:09.495">
  <scavenger-info tenureage="3" tenuremask="ffe8" tiltratio="81" />
  <memory-copied type="nursery" objects="7042" bytes="256096" bytesdiscarded="36216" />
  <memory-copied type="tenure" objects="512" bytes="37880" bytesdiscarded="0" />
  <finalization candidates="3" enqueued="0" />
  <ownableSynchronizers candidates="1" cleared="0" />
  <references type="soft" candidates="261" cleared="0" enqueued="0" dynamicThreshold="32" maxThreshold="32" />
  <references type="weak" candidates="1061" cleared="3" enqueued="3" />
  <references type="phantom" candidates="1" cleared="0" enqueued="0" />
</gc-op>
<gc-end id="308" type="scavenge" contextid="304" durationms="1.058" usertimems="0.000" systemtimems="0.000" timestamp="2019-08-02T21:31:09.496" activeThreads="8">
  <mem-info id="309" free="4946984" total="8388608" percent="58">
    <mem type="nursery" free="1344872" total="2097152" percent="64">
      <mem type="allocate" free="1344872" total="1638400" percent="82" />
      <mem type="survivor" free="0" total="458752" percent="0" />
    </mem>
    <mem type="tenure" free="3602112" total="6291456" percent="57">
      <mem type="soa" free="3287744" total="5977088" percent="55" />
      <mem type="loa" free="314368" total="314368" percent="100" />
    </mem>
    <pending-finalizers system="0" default="0" reference="3" classloader="0" />
    <remembered-set count="1253" />
  </mem-info>
</gc-end>
<cycle-end id="310" type="scavenge" contextid="304" timestamp="2019-08-02T21:31:09.496" />
  <attribute name="elasticGC enabled" value="1" />
  <attribute name= "numThreadsSpecified" value="8" />
  <attribute name="heapSize specified" value="0" />
  <attribute name= "numCores" value="8" />
  <attribute name ="GC Interval" value="0" />
  <attribute name ="Control flow" value="1" />
  <attribute name="GC Util Range Max" value="20" />
  <attribute name="Current GC Util" value="2" />
  <attribute name= "Current Time Running" value="4520" />
<allocation-satisfied id="311" threadId="00000000007C1A00" bytesRequested="152" />
<af-end id="312" timestamp="2019-08-02T21:31:09.496" threadId="00000000007C2388" success="true" from="nursery"/>
<exclusive-end id="313" timestamp="2019-08-02T21:31:09.496" durationms="1.607" />

<exclusive-start id="314" timestamp="2019-08-02T21:31:09.541" intervalms="46.511">
  <response-info timems="0.028" idlems="0.028" threads="0" lastid="00000000007C1A00" lastname="main" />
</exclusive-start>
<af-start id="315" threadId="00000000007C2388" totalBytesRequested="262152" timestamp="2019-08-02T21:31:09.541" intervalms="46.516" type="nursery" />
<cycle-start id="316" type="scavenge" contextid="0" timestamp="2019-08-02T21:31:09.541" intervalms="46.506" />
<gc-start id="317" type="scavenge" contextid="316" timestamp="2019-08-02T21:31:09.541">
  <mem-info id="318" free="3744104" total="8388608" percent="44">
    <mem type="nursery" free="177360" total="2097152" percent="8">
      <mem type="allocate" free="177360" total="1638400" percent="10" />
      <mem type="survivor" free="0" total="458752" percent="0" />
    </mem>
    <mem type="tenure" free="3566744" total="6291456" percent="56">
      <mem type="soa" free="3252376" total="5977088" percent="54" />
      <mem type="loa" free="314368" total="314368" percent="100" />
    </mem>
    <remembered-set count="1853" />
  </mem-info>
</gc-start>
<allocation-stats totalBytes="1201384" >
  <allocated-bytes non-tlh="35520" tlh="1165864" />
  <largest-consumer threadName="main" threadId="00000000007C1A00" bytes="1140256" />
</allocation-stats>
<gc-op id="319" type="scavenge" timems="0.968" contextid="316" timestamp="2019-08-02T21:31:09.542">
  <scavenger-info tenureage="3" tenuremask="ffe8" tiltratio="78" />
  <memory-copied type="nursery" objects="8642" bytes="351840" bytesdiscarded="57496" />
  <memory-copied type="tenure" objects="1340" bytes="48544" bytesdiscarded="8" />
  <finalization candidates="15" enqueued="0" />
  <ownableSynchronizers candidates="4" cleared="0" />
  <references type="soft" candidates="250" cleared="0" enqueued="0" dynamicThreshold="32" maxThreshold="32" />
  <references type="weak" candidates="1866" cleared="429" enqueued="287" />
  <references type="phantom" candidates="4" cleared="1" enqueued="1" />
</gc-op>
<gc-end id="320" type="scavenge" contextid="316" durationms="1.251" usertimems="4.000" systemtimems="0.000" timestamp="2019-08-02T21:31:09.542" activeThreads="8">
  <mem-info id="321" free="4690328" total="8388608" percent="55">
    <mem type="nursery" free="1162752" total="2097152" percent="55">
      <mem type="allocate" free="1162752" total="1572864" percent="73" />
      <mem type="survivor" free="0" total="524288" percent="0" />
    </mem>
    <mem type="tenure" free="3527576" total="6291456" percent="56">
      <mem type="soa" free="3213208" total="5977088" percent="53" />
      <mem type="loa" free="314368" total="314368" percent="100" />
    </mem>
    <pending-finalizers system="0" default="0" reference="288" classloader="0" />
    <remembered-set count="1418" />
  </mem-info>
</gc-end>
<cycle-end id="322" type="scavenge" contextid="316" timestamp="2019-08-02T21:31:09.542" />
  <attribute name="elasticGC enabled" value="1" />
  <attribute name= "numThreadsSpecified" value="8" />
  <attribute name="heapSize specified" value="0" />
  <attribute name= "numCores" value="8" />
  <attribute name ="GC Interval" value="0" />
  <attribute name ="Control flow" value="1" />
  <attribute name="GC Util Range Max" value="20" />
  <attribute name="Current GC Util" value="3" />
  <attribute name= "Current Time Running" value="4567" />
<allocation-satisfied id="323" threadId="00000000007C1A00" bytesRequested="262152" />
<af-end id="324" timestamp="2019-08-02T21:31:09.542" threadId="00000000007C2388" success="true" from="nursery"/>
<exclusive-end id="325" timestamp="2019-08-02T21:31:09.543" durationms="1.832" />

<exclusive-start id="326" timestamp="2019-08-02T21:31:09.566" intervalms="25.013">
  <response-info timems="0.058" idlems="0.058" threads="0" lastid="00000000007C1A00" lastname="main" />
</exclusive-start>
<af-start id="327" threadId="00000000007C2388" totalBytesRequested="12656" timestamp="2019-08-02T21:31:09.566" intervalms="25.003" type="nursery" />
<cycle-start id="328" type="scavenge" contextid="0" timestamp="2019-08-02T21:31:09.566" intervalms="25.006" />
<gc-start id="329" type="scavenge" contextid="328" timestamp="2019-08-02T21:31:09.566">
  <mem-info id="330" free="3521040" total="8388608" percent="41">
    <mem type="nursery" free="0" total="2097152" percent="0">
      <mem type="allocate" free="0" total="1572864" percent="0" />
      <mem type="survivor" free="0" total="524288" percent="0" />
    </mem>
    <mem type="tenure" free="3521040" total="6291456" percent="55">
      <mem type="soa" free="3206672" total="5977088" percent="53" />
      <mem type="loa" free="314368" total="314368" percent="100" />
    </mem>
    <remembered-set count="1546" />
  </mem-info>
</gc-start>
<allocation-stats totalBytes="1130592" >
  <allocated-bytes non-tlh="368000" tlh="762592" />
  <largest-consumer threadName="main" threadId="00000000007C1A00" bytes="1118760" />
</allocation-stats>
<gc-op id="331" type="scavenge" timems="0.843" contextid="328" timestamp="2019-08-02T21:31:09.567">
  <scavenger-info tenureage="2" tenuremask="780c" tiltratio="75" />
  <memory-copied type="nursery" objects="3866" bytes="474320" bytesdiscarded="39008" />
  <memory-copied type="tenure" objects="5673" bytes="207048" bytesdiscarded="160" />
  <finalization candidates="15" enqueued="0" />
  <ownableSynchronizers candidates="4" cleared="0" />
  <references type="soft" candidates="112" cleared="0" enqueued="0" dynamicThreshold="32" maxThreshold="32" />
  <references type="weak" candidates="589" cleared="3" enqueued="3" />
  <references type="phantom" candidates="8" cleared="2" enqueued="2" />
</gc-op>
<gc-end id="332" type="scavenge" contextid="328" durationms="1.067" usertimems="0.000" systemtimems="0.000" timestamp="2019-08-02T21:31:09.567" activeThreads="8">
  <mem-info id="333" free="4198904" total="8388608" percent="50">
    <mem type="nursery" free="928232" total="2097152" percent="44">
      <mem type="allocate" free="928232" total="1441792" percent="64" />
      <mem type="survivor" free="0" total="655360" percent="0" />
    </mem>
    <mem type="tenure" free="3270672" total="6291456" percent="51">
      <mem type="soa" free="2956304" total="5977088" percent="49" />
      <mem type="loa" free="314368" total="314368" percent="100" />
    </mem>
    <pending-finalizers system="0" default="0" reference="5" classloader="0" />
    <remembered-set count="796" />
  </mem-info>
</gc-end>
<cycle-end id="334" type="scavenge" contextid="328" timestamp="2019-08-02T21:31:09.567" />
  <attribute name="elasticGC enabled" value="1" />
  <attribute name= "numThreadsSpecified" value="8" />
  <attribute name="heapSize specified" value="0" />
  <attribute name= "numCores" value="8" />
  <attribute name ="GC Interval" value="0" />
  <attribute name ="Control flow" value="1" />
  <attribute name="GC Util Range Max" value="20" />
  <attribute name="Current GC Util" value="7" />
  <attribute name= "Current Time Running" value="4592" />
<allocation-satisfied id="335" threadId="00000000007C1A00" bytesRequested="12656" />
<af-end id="336" timestamp="2019-08-02T21:31:09.567" threadId="00000000007C2388" success="true" from="nursery"/>
<exclusive-end id="337" timestamp="2019-08-02T21:31:09.567" durationms="1.581" />

<exclusive-start id="338" timestamp="2019-08-02T21:31:09.582" intervalms="16.073">
  <response-info timems="0.052" idlems="0.052" threads="0" lastid="00000000007C1A00" lastname="main" />
</exclusive-start>
<af-start id="339" threadId="00000000007C2388" totalBytesRequested="47920" timestamp="2019-08-02T21:31:09.582" intervalms="16.065" type="nursery" />
<cycle-start id="340" type="scavenge" contextid="0" timestamp="2019-08-02T21:31:09.582" intervalms="16.062" />
<gc-start id="341" type="scavenge" contextid="340" timestamp="2019-08-02T21:31:09.582">
  <mem-info id="342" free="3265408" total="8388608" percent="38">
    <mem type="nursery" free="0" total="2097152" percent="0">
      <mem type="allocate" free="0" total="1441792" percent="0" />
      <mem type="survivor" free="0" total="655360" percent="0" />
    </mem>
    <mem type="tenure" free="3265408" total="6291456" percent="51">
      <mem type="soa" free="2951040" total="5977088" percent="49" />
      <mem type="loa" free="314368" total="314368" percent="100" />
    </mem>
    <remembered-set count="876" />
  </mem-info>
</gc-start>
<allocation-stats totalBytes="826128" >
  <allocated-bytes non-tlh="265848" tlh="560280" />
  <largest-consumer threadName="main" threadId="00000000007C1A00" bytes="817936" />
</allocation-stats>
<gc-op id="343" type="scavenge" timems="0.641" contextid="340" timestamp="2019-08-02T21:31:09.583">
  <scavenger-info tenureage="10" tenuremask="7c00" tiltratio="68" />
  <memory-copied type="nursery" objects="1249" bytes="654408" bytesdiscarded="768" />
  <memory-copied type="tenure" objects="2840" bytes="154208" bytesdiscarded="0" />
  <copy-failed type="nursery" objects="2840" bytes="154304" />
  <finalization candidates="15" enqueued="0" />
  <ownableSynchronizers candidates="3" cleared="0" />
  <references type="soft" candidates="5" cleared="0" enqueued="0" dynamicThreshold="32" maxThreshold="32" />
  <references type="weak" candidates="100" cleared="5" enqueued="3" />
  <references type="phantom" candidates="8" cleared="1" enqueued="1" />
</gc-op>
<gc-end id="344" type="scavenge" contextid="340" durationms="0.822" usertimems="0.000" systemtimems="0.000" timestamp="2019-08-02T21:31:09.583" activeThreads="8">
  <mem-info id="345" free="3549816" total="8388608" percent="42">
    <mem type="nursery" free="393216" total="2097152" percent="18">
      <mem type="allocate" free="393216" total="1048576" percent="37" />
      <mem type="survivor" free="0" total="1048576" percent="0" />
    </mem>
    <mem type="tenure" free="3156600" total="6291456" percent="50">
      <mem type="soa" free="2842232" total="5977088" percent="47" />
      <mem type="loa" free="314368" total="314368" percent="100" />
    </mem>
    <pending-finalizers system="0" default="0" reference="4" classloader="0" />
    <remembered-set count="974" />
  </mem-info>
</gc-end>
<cycle-end id="346" type="scavenge" contextid="340" timestamp="2019-08-02T21:31:09.583" />
  <attribute name="elasticGC enabled" value="1" />
  <attribute name= "numThreadsSpecified" value="8" />
  <attribute name="heapSize specified" value="0" />
  <attribute name= "numCores" value="8" />
  <attribute name ="GC Interval" value="0" />
  <attribute name ="Control flow" value="1" />
  <attribute name="GC Util Range Max" value="20" />
  <attribute name="Current GC Util" value="10" />
  <attribute name= "Current Time Running" value="4608" />
<allocation-satisfied id="347" threadId="00000000007C1A00" bytesRequested="47920" />
<af-end id="348" timestamp="2019-08-02T21:31:09.583" threadId="00000000007C2388" success="true" from="nursery"/>
<exclusive-end id="349" timestamp="2019-08-02T21:31:09.583" durationms="1.323" />

<exclusive-start id="350" timestamp="2019-08-02T21:31:09.588" intervalms="6.618">
  <response-info timems="0.090" idlems="0.090" threads="0" lastid="00000000007C1A00" lastname="main" />
</exclusive-start>
<af-start id="351" threadId="00000000007C2388" totalBytesRequested="131080" timestamp="2019-08-02T21:31:09.588" intervalms="6.575" type="nursery" />
<cycle-start id="352" type="scavenge" contextid="0" timestamp="2019-08-02T21:31:09.589" intervalms="6.537" />
<gc-start id="353" type="scavenge" contextid="352" timestamp="2019-08-02T21:31:09.589">
  <mem-info id="354" free="3245976" total="8388608" percent="38">
    <mem type="nursery" free="95432" total="2097152" percent="4">
      <mem type="allocate" free="95432" total="1048576" percent="9" />
      <mem type="survivor" free="0" total="1048576" percent="0" />
    </mem>
    <mem type="tenure" free="3150544" total="6291456" percent="50">
      <mem type="soa" free="2836176" total="5977088" percent="47" />
      <mem type="loa" free="314368" total="314368" percent="100" />
    </mem>
    <remembered-set count="1039" />
  </mem-info>
</gc-start>
<allocation-stats totalBytes="303816" >
  <allocated-bytes non-tlh="185056" tlh="118760" />
  <largest-consumer threadName="main" threadId="00000000007C1A00" bytes="295624" />
</allocation-stats>
<gc-op id="355" type="scavenge" timems="0.425" contextid="352" timestamp="2019-08-02T21:31:09.589">
  <scavenger-info tenureage="3" tenuremask="7e08" tiltratio="50" />
  <memory-copied type="nursery" objects="265" bytes="671392" bytesdiscarded="18576" />
  <memory-copied type="tenure" objects="1030" bytes="36776" bytesdiscarded="784" />
  <finalization candidates="7" enqueued="0" />
  <ownableSynchronizers candidates="2" cleared="0" />
  <references type="soft" candidates="2" cleared="0" enqueued="0" dynamicThreshold="32" maxThreshold="32" />
  <references type="weak" candidates="11" cleared="0" enqueued="0" />
  <references type="phantom" candidates="4" cleared="0" enqueued="0" />
</gc-op>
<gc-end id="356" type="scavenge" contextid="352" durationms="0.598" usertimems="0.000" systemtimems="0.000" timestamp="2019-08-02T21:31:09.589" activeThreads="8">
  <mem-info id="357" free="3413344" total="8388608" percent="40">
    <mem type="nursery" free="358552" total="2097152" percent="17">
      <mem type="allocate" free="358552" total="1048576" percent="34" />
      <mem type="survivor" free="0" total="1048576" percent="0" />
    </mem>
    <mem type="tenure" free="3054792" total="6291456" percent="48">
      <mem type="soa" free="2740424" total="5977088" percent="45" />
      <mem type="loa" free="314368" total="314368" percent="100" />
    </mem>
    <remembered-set count="359" />
  </mem-info>
</gc-end>
<cycle-end id="358" type="scavenge" contextid="352" timestamp="2019-08-02T21:31:09.589" />
  <attribute name="elasticGC enabled" value="1" />
  <attribute name= "numThreadsSpecified" value="8" />
  <attribute name="heapSize specified" value="0" />
  <attribute name= "numCores" value="8" />
  <attribute name ="GC Interval" value="0" />
  <attribute name ="Control flow" value="1" />
  <attribute name="GC Util Range Max" value="20" />
  <attribute name="Current GC Util" value="18" />
  <attribute name= "Current Time Running" value="4614" />
<allocation-satisfied id="359" threadId="00000000007C1A00" bytesRequested="131080" />
<af-end id="360" timestamp="2019-08-02T21:31:09.589" threadId="00000000007C2388" success="true" from="nursery"/>
<exclusive-end id="361" timestamp="2019-08-02T21:31:09.589" durationms="0.973" />

<exclusive-start id="362" timestamp="2019-08-02T21:31:09.596" intervalms="8.049">
  <response-info timems="0.031" idlems="0.031" threads="0" lastid="00000000007C1A00" lastname="main" />
</exclusive-start>
<af-start id="363" threadId="00000000007C2388" totalBytesRequested="31752" timestamp="2019-08-02T21:31:09.597" intervalms="8.085" type="nursery" />
<cycle-start id="364" type="scavenge" contextid="0" timestamp="2019-08-02T21:31:09.597" intervalms="8.117" />
<gc-start id="365" type="scavenge" contextid="364" timestamp="2019-08-02T21:31:09.597">
  <mem-info id="366" free="3070544" total="8388608" percent="36">
    <mem type="nursery" free="22672" total="2097152" percent="1">
      <mem type="allocate" free="22672" total="1048576" percent="2" />
      <mem type="survivor" free="0" total="1048576" percent="0" />
    </mem>
    <mem type="tenure" free="3047872" total="6291456" percent="48">
      <mem type="soa" free="2733504" total="5977088" percent="45" />
      <mem type="loa" free="314368" total="314368" percent="100" />
    </mem>
    <remembered-set count="512" />
  </mem-info>
</gc-start>
<allocation-stats totalBytes="337664" >
  <allocated-bytes non-tlh="138000" tlh="199664" />
  <largest-consumer threadName="main" threadId="00000000007C1A00" bytes="337664" />
</allocation-stats>
<gc-op id="367" type="scavenge" timems="0.439" contextid="364" timestamp="2019-08-02T21:31:09.597">
  <scavenger-info tenureage="3" tenuremask="7f08" tiltratio="50" />
  <memory-copied type="nursery" objects="489" bytes="584064" bytesdiscarded="76744" />
  <memory-copied type="tenure" objects="80" bytes="265632" bytesdiscarded="0" />
  <references type="soft" candidates="1" cleared="0" enqueued="0" dynamicThreshold="32" maxThreshold="32" />
  <references type="weak" candidates="6" cleared="1" enqueued="1" />
  <references type="phantom" candidates="2" cleared="0" enqueued="0" />
</gc-op>
<gc-end id="368" type="scavenge" contextid="364" durationms="0.655" usertimems="4.000" systemtimems="0.000" timestamp="2019-08-02T21:31:09.597" activeThreads="8">
  <mem-info id="369" free="3173440" total="8388608" percent="37">
    <mem type="nursery" free="387720" total="2097152" percent="18">
      <mem type="allocate" free="387720" total="1048576" percent="36" />
      <mem type="survivor" free="0" total="1048576" percent="0" />
    </mem>
    <mem type="tenure" free="2785720" total="6291456" percent="44">
      <mem type="soa" free="2471352" total="5977088" percent="41" />
      <mem type="loa" free="314368" total="314368" percent="100" />
    </mem>
    <pending-finalizers system="0" default="0" reference="1" classloader="0" />
    <remembered-set count="360" />
  </mem-info>
</gc-end>
<cycle-end id="370" type="scavenge" contextid="364" timestamp="2019-08-02T21:31:09.597" />
  <attribute name="elasticGC enabled" value="1" />
  <attribute name= "numThreadsSpecified" value="8" />
  <attribute name="heapSize specified" value="0" />
  <attribute name= "numCores" value="8" />
  <attribute name ="GC Interval" value="0" />
  <attribute name ="Control flow" value="1" />
  <attribute name="GC Util Range Max" value="20" />
  <attribute name="Current GC Util" value="10" />
  <attribute name= "Current Time Running" value="4623" />
<allocation-satisfied id="371" threadId="00000000007C1A00" bytesRequested="31752" />
<af-end id="372" timestamp="2019-08-02T21:31:09.598" threadId="00000000007C2388" success="true" from="nursery"/>
<exclusive-end id="373" timestamp="2019-08-02T21:31:09.598" durationms="1.180" />

<exclusive-start id="374" timestamp="2019-08-02T21:31:09.598" intervalms="1.836">
  <response-info timems="0.020" idlems="0.020" threads="0" lastid="00000000007C1A00" lastname="main" />
</exclusive-start>
<af-start id="375" threadId="00000000007C2388" totalBytesRequested="261128" timestamp="2019-08-02T21:31:09.598" intervalms="1.817" type="nursery" />
<cycle-start id="376" type="scavenge" contextid="0" timestamp="2019-08-02T21:31:09.598" intervalms="1.814" />
<gc-start id="377" type="scavenge" contextid="376" timestamp="2019-08-02T21:31:09.599">
  <mem-info id="378" free="2947112" total="8388608" percent="35">
    <mem type="nursery" free="161392" total="2097152" percent="7">
      <mem type="allocate" free="161392" total="1048576" percent="15" />
      <mem type="survivor" free="0" total="1048576" percent="0" />
    </mem>
    <mem type="tenure" free="2785720" total="6291456" percent="44">
      <mem type="soa" free="2471352" total="5977088" percent="41" />
      <mem type="loa" free="314368" total="314368" percent="100" />
    </mem>
    <remembered-set count="360" />
  </mem-info>
</gc-start>
<allocation-stats totalBytes="226328" >
  <allocated-bytes non-tlh="226328" tlh="0" />
  <largest-consumer threadName="main" threadId="00000000007C1A00" bytes="226328" />
</allocation-stats>
<gc-op id="379" type="scavenge" timems="0.346" contextid="376" timestamp="2019-08-02T21:31:09.599">
  <scavenger-info tenureage="2" tenuremask="7f8c" tiltratio="50" />
  <memory-copied type="nursery" objects="304" bytes="292992" bytesdiscarded="54928" />
  <memory-copied type="tenure" objects="181" bytes="405648" bytesdiscarded="520" />
  <references type="weak" candidates="1" cleared="0" enqueued="0" />
  <references type="phantom" candidates="1" cleared="0" enqueued="0" />
</gc-op>
<gc-end id="380" type="scavenge" contextid="376" durationms="0.504" usertimems="0.000" systemtimems="0.000" timestamp="2019-08-02T21:31:09.599" activeThreads="7">
  <mem-info id="381" free="3099728" total="8388608" percent="36">
    <mem type="nursery" free="700656" total="2097152" percent="33">
      <mem type="allocate" free="700656" total="1048576" percent="66" />
      <mem type="survivor" free="0" total="1048576" percent="0" />
    </mem>
    <mem type="tenure" free="2399072" total="6291456" percent="38">
      <mem type="soa" free="2084704" total="5977088" percent="34" />
      <mem type="loa" free="314368" total="314368" percent="100" />
    </mem>
    <remembered-set count="244" />
  </mem-info>
</gc-end>
<cycle-end id="382" type="scavenge" contextid="376" timestamp="2019-08-02T21:31:09.599" />
  <attribute name="elasticGC enabled" value="1" />
  <attribute name= "numThreadsSpecified" value="7" />
  <attribute name="heapSize specified" value="0" />
  <attribute name= "numCores" value="8" />
  <attribute name ="GC Interval" value="0" />
  <attribute name ="Control flow" value="1" />
  <attribute name="GC Util Range Max" value="20" />
  <attribute name="Current GC Util" value="49" />
  <attribute name= "Current Time Running" value="4624" />
<allocation-satisfied id="383" threadId="00000000007C1A00" bytesRequested="261128" />
<af-end id="384" timestamp="2019-08-02T21:31:09.599" threadId="00000000007C2388" success="true" from="nursery"/>
<exclusive-end id="385" timestamp="2019-08-02T21:31:09.599" durationms="0.950" />

<exclusive-start id="386" timestamp="2019-08-02T21:31:09.608" intervalms="9.220">
  <response-info timems="0.027" idlems="0.027" threads="0" lastid="00000000007C1A00" lastname="main" />
</exclusive-start>
<af-start id="387" threadId="00000000007C2388" totalBytesRequested="16" timestamp="2019-08-02T21:31:09.608" intervalms="9.239" type="nursery" />
<cycle-start id="388" type="scavenge" contextid="0" timestamp="2019-08-02T21:31:09.608" intervalms="9.239" />
<gc-start id="389" type="scavenge" contextid="388" timestamp="2019-08-02T21:31:09.608">
  <mem-info id="390" free="2396912" total="8388608" percent="28">
    <mem type="nursery" free="0" total="2097152" percent="0">
      <mem type="allocate" free="0" total="1048576" percent="0" />
      <mem type="survivor" free="0" total="1048576" percent="0" />
    </mem>
    <mem type="tenure" free="2396912" total="6291456" percent="38">
      <mem type="soa" free="2082544" total="5977088" percent="34" />
      <mem type="loa" free="314368" total="314368" percent="100" />
    </mem>
    <remembered-set count="276" />
  </mem-info>
</gc-start>
<allocation-stats totalBytes="701888" >
  <allocated-bytes non-tlh="525456" tlh="176432" />
  <largest-consumer threadName="main" threadId="00000000007C1A00" bytes="701888" />
</allocation-stats>
<gc-op id="391" type="scavenge" timems="0.237" contextid="388" timestamp="2019-08-02T21:31:09.608">
  <scavenger-info tenureage="2" tenuremask="7f84" tiltratio="50" />
  <memory-copied type="nursery" objects="46" bytes="5952" bytesdiscarded="57016" />
  <memory-copied type="tenure" objects="283" bytes="153312" bytesdiscarded="0" />
</gc-op>
<gc-end id="392" type="scavenge" contextid="388" durationms="0.406" usertimems="4.000" systemtimems="0.000" timestamp="2019-08-02T21:31:09.608" activeThreads="7">
  <mem-info id="393" free="3382504" total="8388608" percent="40">
    <mem type="nursery" free="1116672" total="2097152" percent="53">
      <mem type="allocate" free="1116672" total="1179648" percent="94" />
      <mem type="survivor" free="0" total="917504" percent="0" />
    </mem>
    <mem type="tenure" free="2265832" total="6291456" percent="36">
      <mem type="soa" free="1951464" total="5977088" percent="32" />
      <mem type="loa" free="314368" total="314368" percent="100" />
    </mem>
    <remembered-set count="119" />
  </mem-info>
</gc-end>
<cycle-end id="394" type="scavenge" contextid="388" timestamp="2019-08-02T21:31:09.608" />
  <attribute name="elasticGC enabled" value="1" />
  <attribute name= "numThreadsSpecified" value="7" />
  <attribute name="heapSize specified" value="0" />
  <attribute name= "numCores" value="8" />
  <attribute name ="GC Interval" value="0" />
  <attribute name ="Control flow" value="1" />
  <attribute name="GC Util Range Max" value="20" />
  <attribute name="Current GC Util" value="7" />
  <attribute name= "Current Time Running" value="4634" />
<allocation-satisfied id="395" threadId="00000000007C1A00" bytesRequested="16" />
<af-end id="396" timestamp="2019-08-02T21:31:09.608" threadId="00000000007C2388" success="true" from="nursery"/>
<exclusive-end id="397" timestamp="2019-08-02T21:31:09.608" durationms="0.873" />

<exclusive-start id="398" timestamp="2019-08-02T21:31:09.639" intervalms="31.429">
  <response-info timems="0.027" idlems="0.027" threads="0" lastid="00000000007C1A00" lastname="main" />
</exclusive-start>
<af-start id="399" threadId="00000000007C2388" totalBytesRequested="1032" timestamp="2019-08-02T21:31:09.639" intervalms="31.423" type="nursery" />
<cycle-start id="400" type="scavenge" contextid="0" timestamp="2019-08-02T21:31:09.639" intervalms="31.400" />
<gc-start id="401" type="scavenge" contextid="400" timestamp="2019-08-02T21:31:09.639">
  <mem-info id="402" free="2250016" total="8388608" percent="26">
    <mem type="nursery" free="0" total="2097152" percent="0">
      <mem type="allocate" free="0" total="1179648" percent="0" />
      <mem type="survivor" free="0" total="917504" percent="0" />
    </mem>
    <mem type="tenure" free="2250016" total="6291456" percent="35">
      <mem type="soa" free="1935648" total="5977088" percent="32" />
      <mem type="loa" free="314368" total="314368" percent="100" />
    </mem>
    <remembered-set count="399" />
  </mem-info>
</gc-start>
<allocation-stats totalBytes="1104000" >
  <allocated-bytes non-tlh="15832" tlh="1088168" />
  <largest-consumer threadName="main" threadId="00000000007C1A00" bytes="1104000" />
</allocation-stats>
<gc-op id="403" type="scavenge" timems="0.324" contextid="400" timestamp="2019-08-02T21:31:09.640">
  <scavenger-info tenureage="8" tenuremask="7f00" tiltratio="56" />
  <memory-copied type="nursery" objects="1550" bytes="46896" bytesdiscarded="24528" />
  <references type="weak" candidates="3" cleared="2" enqueued="2" />
  <references type="phantom" candidates="1" cleared="0" enqueued="0" />
</gc-op>
<gc-end id="404" type="scavenge" contextid="400" durationms="0.504" usertimems="0.000" systemtimems="0.000" timestamp="2019-08-02T21:31:09.640" activeThreads="8">
  <mem-info id="405" free="3489312" total="8388608" percent="41">
    <mem type="nursery" free="1239296" total="2097152" percent="59">
      <mem type="allocate" free="1239296" total="1310720" percent="94" />
      <mem type="survivor" free="0" total="786432" percent="0" />
    </mem>
    <mem type="tenure" free="2250016" total="6291456" percent="35">
      <mem type="soa" free="1935648" total="5977088" percent="32" />
      <mem type="loa" free="314368" total="314368" percent="100" />
    </mem>
    <pending-finalizers system="0" default="0" reference="2" classloader="0" />
    <remembered-set count="393" />
  </mem-info>
</gc-end>
<cycle-end id="406" type="scavenge" contextid="400" timestamp="2019-08-02T21:31:09.640" />
  <attribute name="elasticGC enabled" value="1" />
  <attribute name= "numThreadsSpecified" value="8" />
  <attribute name="heapSize specified" value="0" />
  <attribute name= "numCores" value="8" />
  <attribute name ="GC Interval" value="0" />
  <attribute name ="Control flow" value="1" />
  <attribute name="GC Util Range Max" value="20" />
  <attribute name="Current GC Util" value="1" />
  <attribute name= "Current Time Running" value="4665" />
<allocation-satisfied id="407" threadId="00000000007C1A00" bytesRequested="1032" />
<af-end id="408" timestamp="2019-08-02T21:31:09.640" threadId="00000000007C2388" success="true" from="nursery"/>
<exclusive-end id="409" timestamp="2019-08-02T21:31:09.640" durationms="0.927" />

<exclusive-start id="410" timestamp="2019-08-02T21:31:09.696" intervalms="57.467">
  <response-info timems="0.032" idlems="0.032" threads="0" lastid="00000000007C1A00" lastname="main" />
</exclusive-start>
<af-start id="411" threadId="00000000007C2388" totalBytesRequested="88" timestamp="2019-08-02T21:31:09.696" intervalms="57.463" type="nursery" />
<cycle-start id="412" type="scavenge" contextid="0" timestamp="2019-08-02T21:31:09.697" intervalms="57.461" />
<gc-start id="413" type="scavenge" contextid="412" timestamp="2019-08-02T21:31:09.697">
  <mem-info id="414" free="2226152" total="8388608" percent="26">
    <mem type="nursery" free="0" total="2097152" percent="0">
      <mem type="allocate" free="0" total="1310720" percent="0" />
      <mem type="survivor" free="0" total="786432" percent="0" />
    </mem>
    <mem type="tenure" free="2226152" total="6291456" percent="35">
      <mem type="soa" free="1911784" total="5977088" percent="31" />
      <mem type="loa" free="314368" total="314368" percent="100" />
    </mem>
    <remembered-set count="743" />
  </mem-info>
</gc-start>
<allocation-stats totalBytes="1262416" >
  <allocated-bytes non-tlh="24896" tlh="1237520" />
  <largest-consumer threadName="main" threadId="00000000007C1A00" bytes="1262416" />
</allocation-stats>
<gc-op id="415" type="scavenge" timems="0.521" contextid="412" timestamp="2019-08-02T21:31:09.697">
  <scavenger-info tenureage="9" tenuremask="7e00" tiltratio="62" />
  <memory-copied type="nursery" objects="5824" bytes="267096" bytesdiscarded="52896" />
  <references type="soft" candidates="54" cleared="0" enqueued="0" dynamicThreshold="32" maxThreshold="32" />
  <references type="weak" candidates="62" cleared="0" enqueued="0" />
</gc-op>
<gc-end id="416" type="scavenge" contextid="412" durationms="0.701" usertimems="4.000" systemtimems="0.000" timestamp="2019-08-02T21:31:09.697" activeThreads="8">
  <mem-info id="417" free="3282320" total="8388608" percent="39">
    <mem type="nursery" free="1056168" total="2097152" percent="50">
      <mem type="allocate" free="1056168" total="1376256" percent="76" />
      <mem type="survivor" free="0" total="720896" percent="0" />
    </mem>
    <mem type="tenure" free="2226152" total="6291456" percent="35">
      <mem type="soa" free="1911784" total="5977088" percent="31" />
      <mem type="loa" free="314368" total="314368" percent="100" />
    </mem>
    <remembered-set count="714" />
  </mem-info>
</gc-end>
<cycle-end id="418" type="scavenge" contextid="412" timestamp="2019-08-02T21:31:09.697" />
  <attribute name="elasticGC enabled" value="1" />
  <attribute name= "numThreadsSpecified" value="8" />
  <attribute name="heapSize specified" value="0" />
  <attribute name= "numCores" value="8" />
  <attribute name ="GC Interval" value="0" />
  <attribute name ="Control flow" value="1" />
  <attribute name="GC Util Range Max" value="20" />
  <attribute name="Current GC Util" value="1" />
  <attribute name= "Current Time Running" value="4722" />
<allocation-satisfied id="419" threadId="00000000007C1A00" bytesRequested="88" />
<af-end id="420" timestamp="2019-08-02T21:31:09.698" threadId="00000000007C2388" success="true" from="nursery"/>
<exclusive-end id="421" timestamp="2019-08-02T21:31:09.698" durationms="1.148" />

<exclusive-start id="422" timestamp="2019-08-02T21:31:09.720" intervalms="23.394">
  <response-info timems="0.029" idlems="0.029" threads="0" lastid="00000000007C1A00" lastname="main" />
</exclusive-start>
<af-start id="423" threadId="00000000007C2388" totalBytesRequested="1032" timestamp="2019-08-02T21:31:09.720" intervalms="23.389" type="nursery" />
<cycle-start id="424" type="scavenge" contextid="0" timestamp="2019-08-02T21:31:09.720" intervalms="23.389" />
<gc-start id="425" type="scavenge" contextid="424" timestamp="2019-08-02T21:31:09.720">
  <mem-info id="426" free="2210160" total="8388608" percent="26">
    <mem type="nursery" free="0" total="2097152" percent="0">
      <mem type="allocate" free="0" total="1376256" percent="0" />
      <mem type="survivor" free="0" total="720896" percent="0" />
    </mem>
    <mem type="tenure" free="2210160" total="6291456" percent="35">
      <mem type="soa" free="1895792" total="5977088" percent="31" />
      <mem type="loa" free="314368" total="314368" percent="100" />
    </mem>
    <remembered-set count="908" />
  </mem-info>
</gc-start>
<allocation-stats totalBytes="1061272" >
  <allocated-bytes non-tlh="16080" tlh="1045192" />
  <largest-consumer threadName="main" threadId="00000000007C1A00" bytes="1061272" />
</allocation-stats>
<gc-op id="427" type="scavenge" timems="0.615" contextid="424" timestamp="2019-08-02T21:31:09.721">
  <scavenger-info tenureage="9" tenuremask="7e00" tiltratio="65" />
  <memory-copied type="nursery" objects="6298" bytes="283048" bytesdiscarded="57040" />
  <references type="soft" candidates="54" cleared="0" enqueued="0" dynamicThreshold="32" maxThreshold="32" />
  <references type="weak" candidates="177" cleared="0" enqueued="0" />
  <references type="phantom" candidates="1" cleared="0" enqueued="0" />
</gc-op>
<gc-end id="428" type="scavenge" contextid="424" durationms="0.786" usertimems="0.000" systemtimems="0.000" timestamp="2019-08-02T21:31:09.721" activeThreads="8">
  <mem-info id="429" free="3311720" total="8388608" percent="39">
    <mem type="nursery" free="1101560" total="2097152" percent="52">
      <mem type="allocate" free="1101560" total="1441792" percent="76" />
      <mem type="survivor" free="0" total="655360" percent="0" />
    </mem>
    <mem type="tenure" free="2210160" total="6291456" percent="35">
      <mem type="soa" free="1895792" total="5977088" percent="31" />
      <mem type="loa" free="314368" total="314368" percent="100" />
    </mem>
    <remembered-set count="665" />
  </mem-info>
</gc-end>
<cycle-end id="430" type="scavenge" contextid="424" timestamp="2019-08-02T21:31:09.721" />
  <attribute name="elasticGC enabled" value="1" />
  <attribute name= "numThreadsSpecified" value="8" />
  <attribute name="heapSize specified" value="0" />
  <attribute name= "numCores" value="8" />
  <attribute name ="GC Interval" value="0" />
  <attribute name ="Control flow" value="1" />
  <attribute name="GC Util Range Max" value="20" />
  <attribute name="Current GC Util" value="4" />
  <attribute name= "Current Time Running" value="4746" />
<allocation-satisfied id="431" threadId="00000000007C1A00" bytesRequested="1032" />
<af-end id="432" timestamp="2019-08-02T21:31:09.721" threadId="00000000007C2388" success="true" from="nursery"/>
<exclusive-end id="433" timestamp="2019-08-02T21:31:09.721" durationms="1.205" />

<exclusive-start id="434" timestamp="2019-08-02T21:31:09.747" intervalms="26.739">
  <response-info timems="0.028" idlems="0.028" threads="0" lastid="00000000007C1A00" lastname="main" />
</exclusive-start>
<af-start id="435" threadId="00000000007C2388" totalBytesRequested="23280" timestamp="2019-08-02T21:31:09.747" intervalms="26.738" type="nursery" />
<cycle-start id="436" type="scavenge" contextid="0" timestamp="2019-08-02T21:31:09.747" intervalms="26.739" />
<gc-start id="437" type="scavenge" contextid="436" timestamp="2019-08-02T21:31:09.747">
  <mem-info id="438" free="2190480" total="8388608" percent="26">
    <mem type="nursery" free="0" total="2097152" percent="0">
      <mem type="allocate" free="0" total="1441792" percent="0" />
      <mem type="survivor" free="0" total="655360" percent="0" />
    </mem>
    <mem type="tenure" free="2190480" total="6291456" percent="34">
      <mem type="soa" free="1876112" total="5977088" percent="31" />
      <mem type="loa" free="314368" total="314368" percent="100" />
    </mem>
    <remembered-set count="891" />
  </mem-info>
</gc-start>
<allocation-stats totalBytes="1088704" >
  <allocated-bytes non-tlh="20712" tlh="1067992" />
  <largest-consumer threadName="main" threadId="00000000007C1A00" bytes="1088704" />
</allocation-stats>
<gc-op id="439" type="scavenge" timems="0.653" contextid="436" timestamp="2019-08-02T21:31:09.747">
  <scavenger-info tenureage="3" tenuremask="7e08" tiltratio="68" />
  <memory-copied type="nursery" objects="5460" bytes="263968" bytesdiscarded="99840" />
  <memory-copied type="tenure" objects="1491" bytes="42080" bytesdiscarded="0" />
  <references type="soft" candidates="54" cleared="0" enqueued="0" dynamicThreshold="32" maxThreshold="32" />
  <references type="weak" candidates="376" cleared="0" enqueued="0" />
</gc-op>
<gc-end id="440" type="scavenge" contextid="436" durationms="0.833" usertimems="0.000" systemtimems="0.000" timestamp="2019-08-02T21:31:09.748" activeThreads="8">
  <mem-info id="441" free="3263880" total="8388608" percent="38">
    <mem type="nursery" free="1143288" total="2097152" percent="54">
      <mem type="allocate" free="1143288" total="1507328" percent="75" />
      <mem type="survivor" free="0" total="589824" percent="0" />
    </mem>
    <mem type="tenure" free="2120592" total="6291456" percent="33">
      <mem type="soa" free="1806224" total="5977088" percent="30" />
      <mem type="loa" free="314368" total="314368" percent="100" />
    </mem>
    <remembered-set count="552" />
  </mem-info>
</gc-end>
<cycle-end id="442" type="scavenge" contextid="436" timestamp="2019-08-02T21:31:09.748" />
  <attribute name="elasticGC enabled" value="1" />
  <attribute name= "numThreadsSpecified" value="8" />
  <attribute name="heapSize specified" value="0" />
  <attribute name= "numCores" value="8" />
  <attribute name ="GC Interval" value="0" />
  <attribute name ="Control flow" value="1" />
  <attribute name="GC Util Range Max" value="20" />
  <attribute name="Current GC Util" value="4" />
  <attribute name= "Current Time Running" value="4773" />
<allocation-satisfied id="443" threadId="00000000007C1A00" bytesRequested="23280" />
<af-end id="444" timestamp="2019-08-02T21:31:09.748" threadId="00000000007C2388" success="true" from="nursery"/>
<exclusive-end id="445" timestamp="2019-08-02T21:31:09.748" durationms="1.263" />

<exclusive-start id="446" timestamp="2019-08-02T21:31:09.773" intervalms="26.080">
  <response-info timems="0.035" idlems="0.035" threads="0" lastid="00000000007C1A00" lastname="main" />
</exclusive-start>
<af-start id="447" threadId="00000000007C2388" totalBytesRequested="96" timestamp="2019-08-02T21:31:09.773" intervalms="26.085" type="nursery" />
<cycle-start id="448" type="scavenge" contextid="0" timestamp="2019-08-02T21:31:09.773" intervalms="26.084" />
<gc-start id="449" type="scavenge" contextid="448" timestamp="2019-08-02T21:31:09.773">
  <mem-info id="450" free="2105016" total="8388608" percent="25">
    <mem type="nursery" free="0" total="2097152" percent="0">
      <mem type="allocate" free="0" total="1507328" percent="0" />
      <mem type="survivor" free="0" total="589824" percent="0" />
    </mem>
    <mem type="tenure" free="2105016" total="6291456" percent="33">
      <mem type="soa" free="1790648" total="5977088" percent="29" />
      <mem type="loa" free="314368" total="314368" percent="100" />
    </mem>
    <remembered-set count="733" />
  </mem-info>
</gc-start>
<allocation-stats totalBytes="1157424" >
  <allocated-bytes non-tlh="38856" tlh="1118568" />
  <largest-consumer threadName="main" threadId="00000000007C1A00" bytes="1157424" />
</allocation-stats>
<gc-op id="451" type="scavenge" timems="0.638" contextid="448" timestamp="2019-08-02T21:31:09.774">
  <scavenger-info tenureage="3" tenuremask="7e08" tiltratio="71" />
  <memory-copied type="nursery" objects="2069" bytes="74096" bytesdiscarded="20896" />
  <memory-copied type="tenure" objects="4258" bytes="220392" bytesdiscarded="72" />
  <references type="weak" candidates="470" cleared="0" enqueued="0" />
</gc-op>
<gc-end id="452" type="scavenge" contextid="448" durationms="0.814" usertimems="0.000" systemtimems="0.000" timestamp="2019-08-02T21:31:09.774" activeThreads="8">
  <mem-info id="453" free="3403704" total="8388608" percent="40">
    <mem type="nursery" free="1477632" total="2097152" percent="70">
      <mem type="allocate" free="1477632" total="1572864" percent="93" />
      <mem type="survivor" free="0" total="524288" percent="0" />
    </mem>
    <mem type="tenure" free="1926072" total="6291456" percent="30">
      <mem type="soa" free="1611704" total="5977088" percent="26" />
      <mem type="loa" free="314368" total="314368" percent="100" />
    </mem>
    <remembered-set count="645" />
  </mem-info>
</gc-end>
<cycle-end id="454" type="scavenge" contextid="448" timestamp="2019-08-02T21:31:09.774" />
  <attribute name="elasticGC enabled" value="1" />
  <attribute name= "numThreadsSpecified" value="8" />
  <attribute name="heapSize specified" value="0" />
  <attribute name= "numCores" value="8" />
  <attribute name ="GC Interval" value="0" />
  <attribute name ="Control flow" value="1" />
  <attribute name="GC Util Range Max" value="20" />
  <attribute name="Current GC Util" value="5" />
  <attribute name= "Current Time Running" value="4799" />
<allocation-satisfied id="455" threadId="00000000007C1A00" bytesRequested="96" />
<af-end id="456" timestamp="2019-08-02T21:31:09.774" threadId="00000000007C2388" success="true" from="nursery"/>
<exclusive-end id="457" timestamp="2019-08-02T21:31:09.774" durationms="1.239" />

<exclusive-start id="458" timestamp="2019-08-02T21:31:09.804" intervalms="31.268">
  <response-info timems="0.032" idlems="0.032" threads="0" lastid="00000000007C1A00" lastname="main" />
</exclusive-start>
<af-start id="459" threadId="00000000007C2388" totalBytesRequested="15368" timestamp="2019-08-02T21:31:09.804" intervalms="31.263" type="nursery" />
<cycle-start id="460" type="scavenge" contextid="0" timestamp="2019-08-02T21:31:09.804" intervalms="31.265" />
<gc-start id="461" type="scavenge" contextid="460" timestamp="2019-08-02T21:31:09.804">
  <mem-info id="462" free="1906592" total="8388608" percent="22">
    <mem type="nursery" free="0" total="2097152" percent="0">
      <mem type="allocate" free="0" total="1572864" percent="0" />
      <mem type="survivor" free="0" total="524288" percent="0" />
    </mem>
    <mem type="tenure" free="1906592" total="6291456" percent="30">
      <mem type="soa" free="1592224" total="5977088" percent="26" />
      <mem type="loa" free="314368" total="314368" percent="100" />
    </mem>
    <remembered-set count="922" />
  </mem-info>
</gc-start>
<allocation-stats totalBytes="1481536" >
  <allocated-bytes non-tlh="19576" tlh="1461960" />
  <largest-consumer threadName="main" threadId="00000000007C1A00" bytes="1481536" />
</allocation-stats>
<gc-op id="463" type="scavenge" timems="0.594" contextid="460" timestamp="2019-08-02T21:31:09.805">
  <scavenger-info tenureage="10" tenuremask="7c00" tiltratio="75" />
  <memory-copied type="nursery" objects="3310" bytes="146328" bytesdiscarded="9752" />
  <references type="weak" candidates="617" cleared="0" enqueued="0" />
  <references type="phantom" candidates="1" cleared="0" enqueued="0" />
</gc-op>
<gc-end id="464" type="scavenge" contextid="460" durationms="0.767" usertimems="0.000" systemtimems="0.000" timestamp="2019-08-02T21:31:09.805" activeThreads="8">
  <mem-info id="465" free="3388584" total="8388608" percent="40">
    <mem type="nursery" free="1481992" total="2097152" percent="70">
      <mem type="allocate" free="1481992" total="1638400" percent="90" />
      <mem type="survivor" free="0" total="458752" percent="0" />
    </mem>
    <mem type="tenure" free="1906592" total="6291456" percent="30">
      <mem type="soa" free="1592224" total="5977088" percent="26" />
      <mem type="loa" free="314368" total="314368" percent="100" />
    </mem>
    <remembered-set count="720" />
  </mem-info>
</gc-end>
<cycle-end id="466" type="scavenge" contextid="460" timestamp="2019-08-02T21:31:09.805" />
  <attribute name="elasticGC enabled" value="1" />
  <attribute name= "numThreadsSpecified" value="8" />
  <attribute name="heapSize specified" value="0" />
  <attribute name= "numCores" value="8" />
  <attribute name ="GC Interval" value="0" />
  <attribute name ="Control flow" value="1" />
  <attribute name="GC Util Range Max" value="20" />
  <attribute name="Current GC Util" value="4" />
  <attribute name= "Current Time Running" value="4830" />
<allocation-satisfied id="467" threadId="00000000007C1A00" bytesRequested="15368" />
<af-end id="468" timestamp="2019-08-02T21:31:09.805" threadId="00000000007C2388" success="true" from="nursery"/>
<exclusive-end id="469" timestamp="2019-08-02T21:31:09.805" durationms="1.201" />

<exclusive-start id="470" timestamp="2019-08-02T21:31:09.834" intervalms="30.526">
  <response-info timems="0.034" idlems="0.034" threads="0" lastid="00000000007C1A00" lastname="main" />
</exclusive-start>
<af-start id="471" threadId="00000000007C2388" totalBytesRequested="24" timestamp="2019-08-02T21:31:09.835" intervalms="30.547" type="nursery" />
<cycle-start id="472" type="scavenge" contextid="0" timestamp="2019-08-02T21:31:09.835" intervalms="30.594" />
<gc-start id="473" type="scavenge" contextid="472" timestamp="2019-08-02T21:31:09.835">
  <mem-info id="474" free="1893512" total="8388608" percent="22">
    <mem type="nursery" free="0" total="2097152" percent="0">
      <mem type="allocate" free="0" total="1638400" percent="0" />
      <mem type="survivor" free="0" total="458752" percent="0" />
    </mem>
    <mem type="tenure" free="1893512" total="6291456" percent="30">
      <mem type="soa" free="1579144" total="5977088" percent="26" />
      <mem type="loa" free="314368" total="314368" percent="100" />
    </mem>
    <remembered-set count="968" />
  </mem-info>
</gc-start>
<allocation-stats totalBytes="1494264" >
  <allocated-bytes non-tlh="28448" tlh="1465816" />
  <largest-consumer threadName="main" threadId="00000000007C1A00" bytes="1494264" />
</allocation-stats>
<gc-op id="475" type="scavenge" timems="0.720" contextid="472" timestamp="2019-08-02T21:31:09.836">
  <scavenger-info tenureage="3" tenuremask="7818" tiltratio="78" />
  <memory-copied type="nursery" objects="3612" bytes="126120" bytesdiscarded="40328" />
  <memory-copied type="tenure" objects="1081" bytes="39040" bytesdiscarded="0" />
  <references type="weak" candidates="398" cleared="0" enqueued="0" />
</gc-op>
<gc-end id="476" type="scavenge" contextid="472" durationms="0.913" usertimems="0.000" systemtimems="0.000" timestamp="2019-08-02T21:31:09.836" activeThreads="8">
  <mem-info id="477" free="3341448" total="8388608" percent="39">
    <mem type="nursery" free="1471744" total="2097152" percent="70">
      <mem type="allocate" free="1471744" total="1638400" percent="89" />
      <mem type="survivor" free="0" total="458752" percent="0" />
    </mem>
    <mem type="tenure" free="1869704" total="6291456" percent="29">
      <mem type="soa" free="1555336" total="5977088" percent="26" />
      <mem type="loa" free="314368" total="314368" percent="100" />
    </mem>
    <remembered-set count="720" />
  </mem-info>
</gc-end>
<cycle-end id="478" type="scavenge" contextid="472" timestamp="2019-08-02T21:31:09.836" />
  <attribute name="elasticGC enabled" value="1" />
  <attribute name= "numThreadsSpecified" value="8" />
  <attribute name="heapSize specified" value="0" />
  <attribute name= "numCores" value="8" />
  <attribute name ="GC Interval" value="0" />
  <attribute name ="Control flow" value="1" />
  <attribute name="GC Util Range Max" value="20" />
  <attribute name="Current GC Util" value="3" />
  <attribute name= "Current Time Running" value="4861" />
<allocation-satisfied id="479" threadId="00000000007C1A00" bytesRequested="24" />
<af-end id="480" timestamp="2019-08-02T21:31:09.836" threadId="00000000007C2388" success="true" from="nursery"/>
<exclusive-end id="481" timestamp="2019-08-02T21:31:09.836" durationms="1.465" />

<exclusive-start id="482" timestamp="2019-08-02T21:31:09.853" intervalms="18.304">
  <response-info timems="0.034" idlems="0.034" threads="0" lastid="00000000007C1A00" lastname="main" />
</exclusive-start>
<af-start id="483" threadId="00000000007C2388" totalBytesRequested="32" timestamp="2019-08-02T21:31:09.853" intervalms="18.364" type="nursery" />
<cycle-start id="484" type="scavenge" contextid="0" timestamp="2019-08-02T21:31:09.853" intervalms="18.368" />
<gc-start id="485" type="scavenge" contextid="484" timestamp="2019-08-02T21:31:09.853">
  <mem-info id="486" free="1869288" total="8388608" percent="22">
    <mem type="nursery" free="0" total="2097152" percent="0">
      <mem type="allocate" free="0" total="1638400" percent="0" />
      <mem type="survivor" free="0" total="458752" percent="0" />
    </mem>
    <mem type="tenure" free="1869288" total="6291456" percent="29">
      <mem type="soa" free="1554920" total="5977088" percent="26" />
      <mem type="loa" free="314368" total="314368" percent="100" />
    </mem>
    <remembered-set count="916" />
  </mem-info>
</gc-start>
<allocation-stats totalBytes="1471880" >
  <allocated-bytes non-tlh="440" tlh="1471440" />
  <largest-consumer threadName="main" threadId="00000000007C1A00" bytes="1471880" />
</allocation-stats>
<gc-op id="487" type="scavenge" timems="0.792" contextid="484" timestamp="2019-08-02T21:31:09.854">
  <scavenger-info tenureage="3" tenuremask="7008" tiltratio="78" />
  <memory-copied type="nursery" objects="4790" bytes="169632" bytesdiscarded="20720" />
  <memory-copied type="tenure" objects="897" bytes="32128" bytesdiscarded="16" />
  <references type="weak" candidates="242" cleared="0" enqueued="0" />
</gc-op>
<gc-end id="488" type="scavenge" contextid="484" durationms="1.010" usertimems="0.000" systemtimems="0.000" timestamp="2019-08-02T21:31:09.854" activeThreads="8">
  <mem-info id="489" free="3358952" total="8388608" percent="40">
    <mem type="nursery" free="1513472" total="2097152" percent="72">
      <mem type="allocate" free="1513472" total="1703936" percent="88" />
      <mem type="survivor" free="0" total="393216" percent="0" />
    </mem>
    <mem type="tenure" free="1845480" total="6291456" percent="29">
      <mem type="soa" free="1531112" total="5977088" percent="25" />
      <mem type="loa" free="314368" total="314368" percent="100" />
    </mem>
    <remembered-set count="650" />
  </mem-info>
</gc-end>
<cycle-end id="490" type="scavenge" contextid="484" timestamp="2019-08-02T21:31:09.854" />
  <attribute name="elasticGC enabled" value="1" />
  <attribute name= "numThreadsSpecified" value="8" />
  <attribute name="heapSize specified" value="0" />
  <attribute name= "numCores" value="8" />
  <attribute name ="GC Interval" value="0" />
  <attribute name ="Control flow" value="1" />
  <attribute name="GC Util Range Max" value="20" />
  <attribute name="Current GC Util" value="6" />
  <attribute name= "Current Time Running" value="4879" />
<allocation-satisfied id="491" threadId="00000000007C1A00" bytesRequested="32" />
<af-end id="492" timestamp="2019-08-02T21:31:09.854" threadId="00000000007C2388" success="true" from="nursery"/>
<exclusive-end id="493" timestamp="2019-08-02T21:31:09.854" durationms="1.695" />

<exclusive-start id="494" timestamp="2019-08-02T21:31:09.877" intervalms="24.381">
  <response-info timems="0.037" idlems="0.037" threads="0" lastid="00000000007C1A00" lastname="main" />
</exclusive-start>
<af-start id="495" threadId="00000000007C2388" totalBytesRequested="32" timestamp="2019-08-02T21:31:09.877" intervalms="24.304" type="nursery" />
<cycle-start id="496" type="scavenge" contextid="0" timestamp="2019-08-02T21:31:09.877" intervalms="24.292" />
<gc-start id="497" type="scavenge" contextid="496" timestamp="2019-08-02T21:31:09.877">
  <mem-info id="498" free="1835000" total="8388608" percent="21">
    <mem type="nursery" free="0" total="2097152" percent="0">
      <mem type="allocate" free="0" total="1703936" percent="0" />
      <mem type="survivor" free="0" total="393216" percent="0" />
    </mem>
    <mem type="tenure" free="1835000" total="6291456" percent="29">
      <mem type="soa" free="1520632" total="5977088" percent="25" />
      <mem type="loa" free="314368" total="314368" percent="100" />
    </mem>
    <remembered-set count="906" />
  </mem-info>
</gc-start>
<allocation-stats totalBytes="1523352" >
  <allocated-bytes non-tlh="10512" tlh="1512840" />
  <largest-consumer threadName="main" threadId="00000000007C1A00" bytes="1523352" />
</allocation-stats>
<gc-op id="499" type="scavenge" timems="0.647" contextid="496" timestamp="2019-08-02T21:31:09.878">
  <scavenger-info tenureage="3" tenuremask="6008" tiltratio="81" />
  <memory-copied type="nursery" objects="5710" bytes="202768" bytesdiscarded="65920" />
  <memory-copied type="tenure" objects="1048" bytes="35536" bytesdiscarded="40" />
  <references type="weak" candidates="174" cleared="0" enqueued="0" />
</gc-op>
<gc-end id="500" type="scavenge" contextid="496" durationms="0.880" usertimems="4.000" systemtimems="0.000" timestamp="2019-08-02T21:31:09.878" activeThreads="8">
  <mem-info id="501" free="3207160" total="8388608" percent="38">
    <mem type="nursery" free="1435136" total="2097152" percent="68">
      <mem type="allocate" free="1435136" total="1703936" percent="84" />
      <mem type="survivor" free="0" total="393216" percent="0" />
    </mem>
    <mem type="tenure" free="1772024" total="6291456" percent="28">
      <mem type="soa" free="1457656" total="5977088" percent="24" />
      <mem type="loa" free="314368" total="314368" percent="100" />
    </mem>
    <remembered-set count="705" />
  </mem-info>
</gc-end>
<cycle-end id="502" type="scavenge" contextid="496" timestamp="2019-08-02T21:31:09.878" />
  <attribute name="elasticGC enabled" value="1" />
  <attribute name= "numThreadsSpecified" value="8" />
  <attribute name="heapSize specified" value="0" />
  <attribute name= "numCores" value="8" />
  <attribute name ="GC Interval" value="0" />
  <attribute name ="Control flow" value="1" />
  <attribute name="GC Util Range Max" value="20" />
  <attribute name="Current GC Util" value="5" />
  <attribute name= "Current Time Running" value="4903" />
<allocation-satisfied id="503" threadId="00000000007C1A00" bytesRequested="32" />
<af-end id="504" timestamp="2019-08-02T21:31:09.878" threadId="00000000007C2388" success="true" from="nursery"/>
<exclusive-end id="505" timestamp="2019-08-02T21:31:09.879" durationms="1.438" />

<exclusive-start id="506" timestamp="2019-08-02T21:31:09.896" intervalms="18.508">
  <response-info timems="0.081" idlems="0.081" threads="0" lastid="00000000007C1A00" lastname="main" />
</exclusive-start>
<af-start id="507" threadId="00000000007C2388" totalBytesRequested="32" timestamp="2019-08-02T21:31:09.896" intervalms="18.552" type="nursery" />
<cycle-start id="508" type="scavenge" contextid="0" timestamp="2019-08-02T21:31:09.896" intervalms="18.555" />
<gc-start id="509" type="scavenge" contextid="508" timestamp="2019-08-02T21:31:09.896">
  <mem-info id="510" free="1763464" total="8388608" percent="21">
    <mem type="nursery" free="0" total="2097152" percent="0">
      <mem type="allocate" free="0" total="1703936" percent="0" />
      <mem type="survivor" free="0" total="393216" percent="0" />
    </mem>
    <mem type="tenure" free="1763464" total="6291456" percent="28">
      <mem type="soa" free="1449096" total="5977088" percent="24" />
      <mem type="loa" free="314368" total="314368" percent="100" />
    </mem>
    <remembered-set count="948" />
  </mem-info>
</gc-start>
<allocation-stats totalBytes="1443496" >
  <allocated-bytes non-tlh="8592" tlh="1434904" />
  <largest-consumer threadName="main" threadId="00000000007C1A00" bytes="1443496" />
</allocation-stats>
<gc-op id="511" type="scavenge" timems="0.765" contextid="508" timestamp="2019-08-02T21:31:09.897">
  <scavenger-info tenureage="3" tenuremask="6008" tiltratio="81" />
  <memory-copied type="nursery" objects="5966" bytes="214056" bytesdiscarded="23944" />
  <memory-copied type="tenure" objects="1539" bytes="54632" bytesdiscarded="32" />
  <references type="weak" candidates="144" cleared="0" enqueued="0" />
</gc-op>
<heap-resize id="512" type="expand" space="nursery" amount="131072" count="1" timems="0.092" reason="excessive time being spent scavenging" timestamp="2019-08-02T21:31:09.897" />
<gc-end id="513" type="scavenge" contextid="508" durationms="1.260" usertimems="0.000" systemtimems="0.000" timestamp="2019-08-02T21:31:09.897" activeThreads="8">
  <mem-info id="514" free="3336584" total="8519680" percent="39">
    <mem type="nursery" free="1596928" total="2228224" percent="71">
      <mem type="allocate" free="1596928" total="1835008" percent="87" />
      <mem type="survivor" free="0" total="393216" percent="0" />
    </mem>
    <mem type="tenure" free="1739656" total="6291456" percent="27">
      <mem type="soa" free="1425288" total="5977088" percent="23" />
      <mem type="loa" free="314368" total="314368" percent="100" />
    </mem>
    <remembered-set count="797" />
  </mem-info>
</gc-end>
<cycle-end id="515" type="scavenge" contextid="508" timestamp="2019-08-02T21:31:09.897" />
  <attribute name="elasticGC enabled" value="1" />
  <attribute name= "numThreadsSpecified" value="8" />
  <attribute name="heapSize specified" value="0" />
  <attribute name= "numCores" value="8" />
  <attribute name ="GC Interval" value="0" />
  <attribute name ="Control flow" value="1" />
  <attribute name="GC Util Range Max" value="20" />
  <attribute name="Current GC Util" value="7" />
  <attribute name= "Current Time Running" value="4922" />
<allocation-satisfied id="516" threadId="00000000007C1A00" bytesRequested="32" />
<af-end id="517" timestamp="2019-08-02T21:31:09.897" threadId="00000000007C2388" success="true" from="nursery"/>
<exclusive-end id="518" timestamp="2019-08-02T21:31:09.897" durationms="1.829" />

<exclusive-start id="519" timestamp="2019-08-02T21:31:09.921" intervalms="24.994">
  <response-info timems="0.037" idlems="0.037" threads="0" lastid="00000000007C1A00" lastname="main" />
</exclusive-start>
<af-start id="520" threadId="00000000007C2388" totalBytesRequested="72" timestamp="2019-08-02T21:31:09.921" intervalms="24.946" type="nursery" />
<cycle-start id="521" type="scavenge" contextid="0" timestamp="2019-08-02T21:31:09.921" intervalms="24.913" />
<gc-start id="522" type="scavenge" contextid="521" timestamp="2019-08-02T21:31:09.921">
  <mem-info id="523" free="1725256" total="8519680" percent="20">
    <mem type="nursery" free="0" total="2228224" percent="0">
      <mem type="allocate" free="0" total="1835008" percent="0" />
      <mem type="survivor" free="0" total="393216" percent="0" />
    </mem>
    <mem type="tenure" free="1725256" total="6291456" percent="27">
      <mem type="soa" free="1410888" total="5977088" percent="23" />
      <mem type="loa" free="314368" total="314368" percent="100" />
    </mem>
    <remembered-set count="1084" />
  </mem-info>
</gc-start>
<allocation-stats totalBytes="1610888" >
  <allocated-bytes non-tlh="14432" tlh="1596456" />
  <largest-consumer threadName="main" threadId="00000000007C1A00" bytes="1610888" />
</allocation-stats>
<gc-op id="524" type="scavenge" timems="0.726" contextid="521" timestamp="2019-08-02T21:31:09.922">
  <scavenger-info tenureage="3" tenuremask="6008" tiltratio="82" />
  <memory-copied type="nursery" objects="5938" bytes="215184" bytesdiscarded="38144" />
  <memory-copied type="tenure" objects="2030" bytes="74288" bytesdiscarded="80" />
  <references type="soft" candidates="2" cleared="0" enqueued="0" dynamicThreshold="32" maxThreshold="32" />
  <references type="weak" candidates="184" cleared="2" enqueued="2" />
</gc-op>
<gc-end id="525" type="scavenge" contextid="521" durationms="0.898" usertimems="0.000" systemtimems="0.000" timestamp="2019-08-02T21:31:09.922" activeThreads="8">
  <mem-info id="526" free="3254856" total="8519680" percent="38">
    <mem type="nursery" free="1647104" total="2228224" percent="73">
      <mem type="allocate" free="1647104" total="1900544" percent="86" />
      <mem type="survivor" free="0" total="327680" percent="0" />
    </mem>
    <mem type="tenure" free="1607752" total="6291456" percent="25">
      <mem type="soa" free="1293384" total="5977088" percent="21" />
      <mem type="loa" free="314368" total="314368" percent="100" />
    </mem>
    <pending-finalizers system="0" default="0" reference="2" classloader="0" />
    <remembered-set count="790" />
  </mem-info>
</gc-end>
<cycle-end id="527" type="scavenge" contextid="521" timestamp="2019-08-02T21:31:09.922" />
  <attribute name="elasticGC enabled" value="1" />
  <attribute name= "numThreadsSpecified" value="8" />
  <attribute name="heapSize specified" value="0" />
  <attribute name= "numCores" value="8" />
  <attribute name ="GC Interval" value="0" />
  <attribute name ="Control flow" value="1" />
  <attribute name="GC Util Range Max" value="20" />
  <attribute name="Current GC Util" value="5" />
  <attribute name= "Current Time Running" value="4947" />
<allocation-satisfied id="528" threadId="00000000007C1A00" bytesRequested="72" />
<af-end id="529" timestamp="2019-08-02T21:31:09.922" threadId="00000000007C2388" success="true" from="nursery"/>
<exclusive-end id="530" timestamp="2019-08-02T21:31:09.922" durationms="1.330" />

<exclusive-start id="531" timestamp="2019-08-02T21:31:09.941" intervalms="20.150">
  <response-info timems="0.030" idlems="0.030" threads="0" lastid="00000000007C1A00" lastname="main" />
</exclusive-start>
<af-start id="532" threadId="00000000007C2388" totalBytesRequested="56" timestamp="2019-08-02T21:31:09.941" intervalms="20.199" type="nursery" />
<cycle-start id="533" type="scavenge" contextid="0" timestamp="2019-08-02T21:31:09.941" intervalms="20.233" />
<gc-start id="534" type="scavenge" contextid="533" timestamp="2019-08-02T21:31:09.941">
  <mem-info id="535" free="1603072" total="8519680" percent="18">
    <mem type="nursery" free="0" total="2228224" percent="0">
      <mem type="allocate" free="0" total="1900544" percent="0" />
      <mem type="survivor" free="0" total="327680" percent="0" />
    </mem>
    <mem type="tenure" free="1603072" total="6291456" percent="25">
      <mem type="soa" free="1288704" total="5977088" percent="21" />
      <mem type="loa" free="314368" total="314368" percent="100" />
    </mem>
    <remembered-set count="909" />
  </mem-info>
</gc-start>
<allocation-stats totalBytes="1651344" >
  <allocated-bytes non-tlh="61688" tlh="1589656" />
  <largest-consumer threadName="main" threadId="00000000007C1A00" bytes="1651344" />
</allocation-stats>
<gc-op id="536" type="scavenge" timems="0.784" contextid="533" timestamp="2019-08-02T21:31:09.942">
  <scavenger-info tenureage="3" tenuremask="6008" tiltratio="85" />
  <memory-copied type="nursery" objects="6590" bytes="283488" bytesdiscarded="24408" />
  <memory-copied type="tenure" objects="1754" bytes="62760" bytesdiscarded="64" />
  <references type="soft" candidates="2" cleared="0" enqueued="0" dynamicThreshold="32" maxThreshold="32" />
  <references type="weak" candidates="121" cleared="3" enqueued="3" />
</gc-op>
<gc-end id="537" type="scavenge" contextid="533" durationms="1.060" usertimems="0.000" systemtimems="0.000" timestamp="2019-08-02T21:31:09.942" activeThreads="8">
  <mem-info id="538" free="3082496" total="8519680" percent="36">
    <mem type="nursery" free="1527040" total="2228224" percent="68">
      <mem type="allocate" free="1527040" total="1835008" percent="83" />
      <mem type="survivor" free="0" total="393216" percent="0" />
    </mem>
    <mem type="tenure" free="1555456" total="6291456" percent="24">
      <mem type="soa" free="1241088" total="5977088" percent="20" />
      <mem type="loa" free="314368" total="314368" percent="100" />
    </mem>
    <pending-finalizers system="0" default="0" reference="3" classloader="0" />
    <remembered-set count="696" />
  </mem-info>
</gc-end>
<cycle-end id="539" type="scavenge" contextid="533" timestamp="2019-08-02T21:31:09.942" />
  <attribute name="elasticGC enabled" value="1" />
  <attribute name= "numThreadsSpecified" value="8" />
  <attribute name="heapSize specified" value="0" />
  <attribute name= "numCores" value="8" />
  <attribute name ="GC Interval" value="0" />
  <attribute name ="Control flow" value="1" />
  <attribute name="GC Util Range Max" value="20" />
  <attribute name="Current GC Util" value="6" />
  <attribute name= "Current Time Running" value="4967" />
<allocation-satisfied id="540" threadId="00000000007C1A00" bytesRequested="56" />
<af-end id="541" timestamp="2019-08-02T21:31:09.942" threadId="00000000007C2388" success="true" from="nursery"/>
<exclusive-end id="542" timestamp="2019-08-02T21:31:09.942" durationms="1.612" />

<exclusive-start id="543" timestamp="2019-08-02T21:31:09.961" intervalms="20.358">
  <response-info timems="0.025" idlems="0.025" threads="0" lastid="00000000007C1A00" lastname="main" />
</exclusive-start>
<af-start id="544" threadId="00000000007C2388" totalBytesRequested="88" timestamp="2019-08-02T21:31:09.961" intervalms="20.307" type="nursery" />
<cycle-start id="545" type="scavenge" contextid="0" timestamp="2019-08-02T21:31:09.961" intervalms="20.263" />
<gc-start id="546" type="scavenge" contextid="545" timestamp="2019-08-02T21:31:09.961">
  <mem-info id="547" free="1541664" total="8519680" percent="18">
    <mem type="nursery" free="0" total="2228224" percent="0">
      <mem type="allocate" free="0" total="1835008" percent="0" />
      <mem type="survivor" free="0" total="393216" percent="0" />
    </mem>
    <mem type="tenure" free="1541664" total="6291456" percent="24">
      <mem type="soa" free="1227296" total="5977088" percent="20" />
      <mem type="loa" free="314368" total="314368" percent="100" />
    </mem>
    <remembered-set count="810" />
  </mem-info>
</gc-start>
<allocation-stats totalBytes="1540488" >
  <allocated-bytes non-tlh="13848" tlh="1526640" />
  <largest-consumer threadName="main" threadId="00000000007C1A00" bytes="1540488" />
</allocation-stats>
<gc-op id="548" type="scavenge" timems="0.552" contextid="545" timestamp="2019-08-02T21:31:09.962">
  <scavenger-info tenureage="3" tenuremask="6008" tiltratio="82" />
  <memory-copied type="nursery" objects="1856" bytes="104896" bytesdiscarded="38272" />
  <memory-copied type="tenure" objects="1768" bytes="65560" bytesdiscarded="24" />
  <references type="soft" candidates="14" cleared="0" enqueued="0" dynamicThreshold="32" maxThreshold="32" />
  <references type="weak" candidates="58" cleared="0" enqueued="0" />
</gc-op>
<gc-end id="549" type="scavenge" contextid="545" durationms="0.738" usertimems="0.000" systemtimems="0.000" timestamp="2019-08-02T21:31:09.962" activeThreads="8">
  <mem-info id="550" free="3161992" total="8519680" percent="37">
    <mem type="nursery" free="1691752" total="2228224" percent="75">
      <mem type="allocate" free="1691752" total="1835008" percent="92" />
      <mem type="survivor" free="0" total="393216" percent="0" />
    </mem>
    <mem type="tenure" free="1470240" total="6291456" percent="23">
      <mem type="soa" free="1155872" total="5977088" percent="19" />
      <mem type="loa" free="314368" total="314368" percent="100" />
    </mem>
    <remembered-set count="522" />
  </mem-info>
</gc-end>
<cycle-end id="551" type="scavenge" contextid="545" timestamp="2019-08-02T21:31:09.962" />
  <attribute name="elasticGC enabled" value="1" />
  <attribute name= "numThreadsSpecified" value="8" />
  <attribute name="heapSize specified" value="0" />
  <attribute name= "numCores" value="8" />
  <attribute name ="GC Interval" value="0" />
  <attribute name ="Control flow" value="1" />
  <attribute name="GC Util Range Max" value="20" />
  <attribute name="Current GC Util" value="7" />
  <attribute name= "Current Time Running" value="4987" />
<allocation-satisfied id="552" threadId="00000000007C1A00" bytesRequested="88" />
<af-end id="553" timestamp="2019-08-02T21:31:09.962" threadId="00000000007C2388" success="true" from="nursery"/>
<exclusive-end id="554" timestamp="2019-08-02T21:31:09.962" durationms="1.148" />

<exclusive-start id="555" timestamp="2019-08-02T21:31:09.994" intervalms="32.597">
  <response-info timems="0.062" idlems="0.062" threads="0" lastid="00000000007C1A00" lastname="main" />
</exclusive-start>
<af-start id="556" threadId="00000000007C2388" totalBytesRequested="15192" timestamp="2019-08-02T21:31:09.994" intervalms="32.663" type="nursery" />
<cycle-start id="557" type="scavenge" contextid="0" timestamp="2019-08-02T21:31:09.994" intervalms="32.706" />
<gc-start id="558" type="scavenge" contextid="557" timestamp="2019-08-02T21:31:09.994">
  <mem-info id="559" free="1467128" total="8519680" percent="17">
    <mem type="nursery" free="0" total="2228224" percent="0">
      <mem type="allocate" free="0" total="1835008" percent="0" />
      <mem type="survivor" free="0" total="393216" percent="0" />
    </mem>
    <mem type="tenure" free="1467128" total="6291456" percent="23">
      <mem type="soa" free="1152760" total="5977088" percent="19" />
      <mem type="loa" free="314368" total="314368" percent="100" />
    </mem>
    <remembered-set count="600" />
  </mem-info>
</gc-start>
<allocation-stats totalBytes="1619624" >
  <allocated-bytes non-tlh="381912" tlh="1237712" />
  <largest-consumer threadName="main" threadId="00000000007C1A00" bytes="1619624" />
</allocation-stats>
<gc-op id="560" type="scavenge" timems="0.734" contextid="557" timestamp="2019-08-02T21:31:09.995">
  <scavenger-info tenureage="14" tenuremask="4000" tiltratio="82" />
  <memory-copied type="nursery" objects="5137" bytes="392864" bytesdiscarded="232" />
  <memory-copied type="tenure" objects="2117" bytes="293176" bytesdiscarded="8" />
  <copy-failed type="nursery" objects="2208" bytes="297544" />
  <references type="soft" candidates="73" cleared="0" enqueued="0" dynamicThreshold="32" maxThreshold="32" />
  <references type="weak" candidates="60" cleared="0" enqueued="0" />
  <references type="phantom" candidates="1" cleared="0" enqueued="0" />
</gc-op>
<gc-end id="561" type="scavenge" contextid="557" durationms="1.022" usertimems="0.000" systemtimems="0.000" timestamp="2019-08-02T21:31:09.995" activeThreads="8">
  <mem-info id="562" free="1870512" total="8519680" percent="21">
    <mem type="nursery" free="720896" total="2228224" percent="32">
      <mem type="allocate" free="720896" total="1114112" percent="64" />
      <mem type="survivor" free="0" total="1114112" percent="0" />
    </mem>
    <mem type="tenure" free="1149616" total="6291456" percent="18">
      <mem type="soa" free="835248" total="5977088" percent="13" />
      <mem type="loa" free="314368" total="314368" percent="100" />
    </mem>
    <remembered-set count="2148" />
  </mem-info>
</gc-end>
<cycle-end id="563" type="scavenge" contextid="557" timestamp="2019-08-02T21:31:09.995" />
  <attribute name="elasticGC enabled" value="1" />
  <attribute name= "numThreadsSpecified" value="8" />
  <attribute name="heapSize specified" value="0" />
  <attribute name= "numCores" value="8" />
  <attribute name ="GC Interval" value="0" />
  <attribute name ="Control flow" value="1" />
  <attribute name="GC Util Range Max" value="20" />
  <attribute name="Current GC Util" value="2" />
  <attribute name= "Current Time Running" value="5020" />
<allocation-satisfied id="564" threadId="00000000007C1A00" bytesRequested="15192" />
<af-end id="565" timestamp="2019-08-02T21:31:09.995" threadId="00000000007C2388" success="true" from="nursery"/>
<exclusive-end id="566" timestamp="2019-08-02T21:31:09.995" durationms="1.676" />

<exclusive-start id="567" timestamp="2019-08-02T21:31:10.005" intervalms="11.738">
  <response-info timems="0.033" idlems="0.033" threads="0" lastid="00000000007C1A00" lastname="main" />
</exclusive-start>
<af-start id="568" threadId="00000000007C2388" totalBytesRequested="72" timestamp="2019-08-02T21:31:10.006" intervalms="11.669" type="nursery" />
<cycle-start id="569" type="scavenge" contextid="0" timestamp="2019-08-02T21:31:10.006" intervalms="11.624" />
<gc-start id="570" type="scavenge" contextid="569" timestamp="2019-08-02T21:31:10.006">
  <mem-info id="571" free="1144352" total="8519680" percent="13">
    <mem type="nursery" free="0" total="2228224" percent="0">
      <mem type="allocate" free="0" total="1114112" percent="0" />
      <mem type="survivor" free="0" total="1114112" percent="0" />
    </mem>
    <mem type="tenure" free="1144352" total="6291456" percent="18">
      <mem type="soa" free="829984" total="5977088" percent="13" />
      <mem type="loa" free="314368" total="314368" percent="100" />
    </mem>
    <remembered-set count="2208" />
  </mem-info>
</gc-start>
<allocation-stats totalBytes="725904" >
  <allocated-bytes non-tlh="20456" tlh="705448" />
  <largest-consumer threadName="main" threadId="00000000007C1A00" bytes="725904" />
</allocation-stats>
<gc-op id="572" type="scavenge" timems="0.574" contextid="569" timestamp="2019-08-02T21:31:10.006">
  <scavenger-info tenureage="3" tenuremask="fff8" tiltratio="50" />
  <memory-copied type="nursery" objects="4396" bytes="381960" bytesdiscarded="26936" />
  <memory-copied type="tenure" objects="1404" bytes="51600" bytesdiscarded="24" />
  <references type="soft" candidates="71" cleared="0" enqueued="0" dynamicThreshold="32" maxThreshold="32" />
  <references type="weak" candidates="46" cleared="0" enqueued="0" />
  <references type="phantom" candidates="1" cleared="0" enqueued="0" />
</gc-op>
<gc-end id="573" type="scavenge" contextid="569" durationms="0.744" usertimems="0.000" systemtimems="0.000" timestamp="2019-08-02T21:31:10.006" activeThreads="8">
  <mem-info id="574" free="1586800" total="8519680" percent="18">
    <mem type="nursery" free="705104" total="2228224" percent="31">
      <mem type="allocate" free="705104" total="1114112" percent="63" />
      <mem type="survivor" free="0" total="1114112" percent="0" />
    </mem>
    <mem type="tenure" free="881696" total="6291456" percent="14">
      <mem type="soa" free="567328" total="5977088" percent="9" />
      <mem type="loa" free="314368" total="314368" percent="100" />
    </mem>
    <remembered-set count="1886" />
  </mem-info>
</gc-end>
<cycle-end id="575" type="scavenge" contextid="569" timestamp="2019-08-02T21:31:10.006" />
  <attribute name="elasticGC enabled" value="1" />
  <attribute name= "numThreadsSpecified" value="8" />
  <attribute name="heapSize specified" value="0" />
  <attribute name= "numCores" value="8" />
  <attribute name ="GC Interval" value="0" />
  <attribute name ="Control flow" value="1" />
  <attribute name="GC Util Range Max" value="20" />
  <attribute name="Current GC Util" value="13" />
  <attribute name= "Current Time Running" value="5031" />
<allocation-satisfied id="576" threadId="00000000007C1A00" bytesRequested="72" />
<af-end id="577" timestamp="2019-08-02T21:31:10.007" threadId="00000000007C2388" success="true" from="nursery"/>
<exclusive-end id="578" timestamp="2019-08-02T21:31:10.007" durationms="1.152" />

<exclusive-start id="579" timestamp="2019-08-02T21:31:10.011" intervalms="5.307">
  <response-info timems="0.023" idlems="0.023" threads="0" lastid="00000000007C1A00" lastname="main" />
</exclusive-start>
<af-start id="580" threadId="00000000007C2388" totalBytesRequested="32" timestamp="2019-08-02T21:31:10.011" intervalms="5.289" type="nursery" />
<cycle-start id="581" type="scavenge" contextid="0" timestamp="2019-08-02T21:31:10.011" intervalms="5.286" />
<gc-start id="582" type="scavenge" contextid="581" timestamp="2019-08-02T21:31:10.011">
  <mem-info id="583" free="881696" total="8519680" percent="10">
    <mem type="nursery" free="0" total="2228224" percent="0">
      <mem type="allocate" free="0" total="1114112" percent="0" />
      <mem type="survivor" free="0" total="1114112" percent="0" />
    </mem>
    <mem type="tenure" free="881696" total="6291456" percent="14">
      <mem type="soa" free="567328" total="5977088" percent="9" />
      <mem type="loa" free="314368" total="314368" percent="100" />
    </mem>
    <remembered-set count="1886" />
  </mem-info>
</gc-start>
<allocation-stats totalBytes="704992" >
  <allocated-bytes non-tlh="72" tlh="704920" />
  <largest-consumer threadName="main" threadId="00000000007C1A00" bytes="704992" />
</allocation-stats>
<gc-op id="584" type="scavenge" timems="0.579" contextid="581" timestamp="2019-08-02T21:31:10.012">
  <scavenger-info tenureage="3" tenuremask="ffc8" tiltratio="50" />
  <memory-copied type="nursery" objects="5520" bytes="387368" bytesdiscarded="138392" />
  <memory-copied type="tenure" objects="358" bytes="45344" bytesdiscarded="0" />
  <references type="soft" candidates="59" cleared="0" enqueued="0" dynamicThreshold="32" maxThreshold="32" />
  <references type="weak" candidates="40" cleared="0" enqueued="0" />
  <references type="phantom" candidates="1" cleared="0" enqueued="0" />
</gc-op>
<gc-end id="585" type="scavenge" contextid="581" durationms="0.740" usertimems="0.000" systemtimems="0.000" timestamp="2019-08-02T21:31:10.012" activeThreads="7">
  <mem-info id="586" free="1469976" total="8519680" percent="17">
    <mem type="nursery" free="588280" total="2228224" percent="26">
      <mem type="allocate" free="588280" total="1114112" percent="52" />
      <mem type="survivor" free="0" total="1114112" percent="0" />
    </mem>
    <mem type="tenure" free="881696" total="6291456" percent="14">
      <mem type="soa" free="567328" total="5977088" percent="9" />
      <mem type="loa" free="314368" total="314368" percent="100" />
    </mem>
    <remembered-set count="1780" />
  </mem-info>
</gc-end>
<cycle-end id="587" type="scavenge" contextid="581" timestamp="2019-08-02T21:31:10.012" />
  <attribute name="elasticGC enabled" value="1" />
  <attribute name= "numThreadsSpecified" value="7" />
  <attribute name="heapSize specified" value="0" />
  <attribute name= "numCores" value="8" />
  <attribute name ="GC Interval" value="0" />
  <attribute name ="Control flow" value="1" />
  <attribute name="GC Util Range Max" value="20" />
  <attribute name="Current GC Util" value="22" />
  <attribute name= "Current Time Running" value="5037" />
<allocation-satisfied id="588" threadId="00000000007C1A00" bytesRequested="32" />
<af-end id="589" timestamp="2019-08-02T21:31:10.012" threadId="00000000007C2388" success="true" from="nursery"/>
<exclusive-end id="590" timestamp="2019-08-02T21:31:10.012" durationms="1.144" />

<exclusive-start id="591" timestamp="2019-08-02T21:31:10.015" intervalms="4.527">
  <response-info timems="0.025" idlems="0.025" threads="0" lastid="00000000007C1A00" lastname="main" />
</exclusive-start>
<af-start id="592" threadId="00000000007C2388" totalBytesRequested="32" timestamp="2019-08-02T21:31:10.015" intervalms="4.529" type="nursery" />
<cycle-start id="593" type="scavenge" contextid="0" timestamp="2019-08-02T21:31:10.015" intervalms="4.569" />
<gc-start id="594" type="scavenge" contextid="593" timestamp="2019-08-02T21:31:10.015">
  <mem-info id="595" free="881696" total="8519680" percent="10">
    <mem type="nursery" free="0" total="2228224" percent="0">
      <mem type="allocate" free="0" total="1114112" percent="0" />
      <mem type="survivor" free="0" total="1114112" percent="0" />
    </mem>
    <mem type="tenure" free="881696" total="6291456" percent="14">
      <mem type="soa" free="567328" total="5977088" percent="9" />
      <mem type="loa" free="314368" total="314368" percent="100" />
    </mem>
    <remembered-set count="1780" />
  </mem-info>
</gc-start>
<allocation-stats totalBytes="588160" >
  <allocated-bytes non-tlh="32" tlh="588128" />
  <largest-consumer threadName="main" threadId="00000000007C1A00" bytes="588160" />
</allocation-stats>
<gc-op id="596" type="scavenge" timems="0.654" contextid="593" timestamp="2019-08-02T21:31:10.016">
  <scavenger-info tenureage="2" tenuremask="ffec" tiltratio="50" />
  <memory-copied type="nursery" objects="2263" bytes="81192" bytesdiscarded="106200" />
  <memory-copied type="tenure" objects="4029" bytes="336296" bytesdiscarded="88" />
</gc-op>
<gc-end id="597" type="scavenge" contextid="593" durationms="0.821" usertimems="4.000" systemtimems="0.000" timestamp="2019-08-02T21:31:10.016" activeThreads="6">
  <mem-info id="598" free="1539720" total="8519680" percent="18">
    <mem type="nursery" free="992256" total="2228224" percent="44">
      <mem type="allocate" free="992256" total="1179648" percent="84" />
      <mem type="survivor" free="0" total="1048576" percent="0" />
    </mem>
    <mem type="tenure" free="547464" total="6291456" percent="8">
      <mem type="soa" free="233096" total="5977088" percent="3" />
      <mem type="loa" free="314368" total="314368" percent="100" />
    </mem>
    <remembered-set count="315" />
  </mem-info>
</gc-end>
<cycle-end id="599" type="scavenge" contextid="593" timestamp="2019-08-02T21:31:10.016" />
  <attribute name="elasticGC enabled" value="1" />
  <attribute name= "numThreadsSpecified" value="6" />
  <attribute name="heapSize specified" value="0" />
  <attribute name= "numCores" value="8" />
  <attribute name ="GC Interval" value="0" />
  <attribute name ="Control flow" value="1" />
  <attribute name="GC Util Range Max" value="20" />
  <attribute name="Current GC Util" value="25" />
  <attribute name= "Current Time Running" value="5041" />
<allocation-satisfied id="600" threadId="00000000007C1A00" bytesRequested="32" />
<af-end id="601" timestamp="2019-08-02T21:31:10.017" threadId="00000000007C2388" success="true" from="nursery"/>
<exclusive-end id="602" timestamp="2019-08-02T21:31:10.017" durationms="1.294" />

<concurrent-kickoff id="603" timestamp="2019-08-02T21:31:10.021">
  <kickoff reason="threshold reached" targetBytes="1867303" thresholdFreeBytes="258041"  remainingFree="209920" tenureFreeBytes="547464" nurseryFreeBytes="209920" />
</concurrent-kickoff>
<exclusive-start id="604" timestamp="2019-08-02T21:31:10.021" intervalms="5.956">
  <response-info timems="0.101" idlems="0.101" threads="0" lastid="00000000007C1A00" lastname="main" />
</exclusive-start>
<cycle-start id="605" type="global" contextid="0" timestamp="2019-08-02T21:31:10.021" intervalms="5238.730" />
<exclusive-end id="606" timestamp="2019-08-02T21:31:10.021" durationms="0.128" />

<exclusive-start id="607" timestamp="2019-08-02T21:31:10.027" intervalms="5.341">
  <response-info timems="0.065" idlems="0.065" threads="0" lastid="00000000007C1A00" lastname="main" />
</exclusive-start>
<concurrent-collection-start id="608" timestamp="2019-08-02T21:31:10.027" intervalms="5244.095" >
  <concurrent-trace-info reason="card cleaning threshold reached" tracedByMutators="618120" tracedByHelpers="1396336" cardsCleaned="20" workStackOverflowCount="0" />
</concurrent-collection-start>
<gc-start id="609" type="global" contextid="605" timestamp="2019-08-02T21:31:10.027">
  <mem-info id="610" free="564320" total="8519680" percent="6">
    <mem type="nursery" free="17408" total="2228224" percent="0">
      <mem type="allocate" free="17408" total="1179648" percent="1" />
      <mem type="survivor" free="0" total="1048576" percent="0" />
    </mem>
    <mem type="tenure" free="546912" total="6291456" percent="8">
      <mem type="soa" free="232544" total="5977088" percent="3" />
      <mem type="loa" free="314368" total="314368" percent="100" />
    </mem>
    <remembered-set count="434" />
  </mem-info>
</gc-start>
<allocation-stats totalBytes="975216" >
  <allocated-bytes non-tlh="584" tlh="974632" />
  <largest-consumer threadName="main" threadId="00000000007C1A00" bytes="975216" />
</allocation-stats>
<gc-op id="611" type="rs-scan" timems="0.371" contextid="605" timestamp="2019-08-02T21:31:10.027">
  <scan objectsFound="395" bytesTraced="126368" workStackOverflowCount="0" />
</gc-op>
<gc-op id="612" type="card-cleaning" timems="0.114" contextid="605" timestamp="2019-08-02T21:31:10.028">
  <card-cleaning cardsCleaned="9" bytesTraced="4672" workStackOverflowCount="0" />
</gc-op>
<gc-op id="613" type="mark" timems="1.614" contextid="605" timestamp="2019-08-02T21:31:10.029">
  <trace-info objectcount="979" scancount="857" scanbytes="27596" />
  <finalization candidates="80" enqueued="0" />
  <ownableSynchronizers candidates="21" cleared="0" />
  <references type="soft" candidates="1095" cleared="0" enqueued="0" dynamicThreshold="32" maxThreshold="32" />
  <references type="weak" candidates="3801" cleared="83" enqueued="44" />
  <references type="phantom" candidates="72" cleared="1" enqueued="1" />
  <stringconstants candidates="7823" cleared="0"  />
</gc-op>
<gc-op id="614" type="classunload" timems="0.087" contextid="605" timestamp="2019-08-02T21:31:10.030">
  <classunload-info classloadercandidates="12" classloadersunloaded="0" classesunloaded="0" anonymousclassesunloaded="0" quiescems="0.000" setupms="0.087" scanms="0.000" postms="0.000" />
</gc-op>
<gc-op id="615" type="sweep" timems="0.446" contextid="605" timestamp="2019-08-02T21:31:10.030" />
<gc-end id="616" type="global" contextid="605" durationms="4.125" usertimems="4.000" systemtimems="0.000" timestamp="2019-08-02T21:31:10.031" activeThreads="2">
  <mem-info id="617" free="2792568" total="8519680" percent="32">
    <mem type="nursery" free="1013608" total="2228224" percent="45">
      <mem type="allocate" free="1013608" total="1179648" percent="85" />
      <mem type="survivor" free="0" total="1048576" percent="0" />
    </mem>
    <mem type="tenure" free="1778960" total="6291456" percent="28" micro-fragmented="49836" macro-fragmented="0">
      <mem type="soa" free="1464592" total="5977088" percent="24" />
      <mem type="loa" free="314368" total="314368" percent="100" />
    </mem>
    <pending-finalizers system="0" default="0" reference="45" classloader="0" />
    <remembered-set count="434" />
  </mem-info>
</gc-end>
<cycle-end id="618" type="global" contextid="605" timestamp="2019-08-02T21:31:10.031" />
  <attribute name="elasticGC enabled" value="1" />
  <attribute name= "numThreadsSpecified" value="2" />
  <attribute name="heapSize specified" value="0" />
  <attribute name= "numCores" value="8" />
  <attribute name ="GC Interval" value="0" />
  <attribute name ="Control flow" value="1" />
  <attribute name="GC Util Range Max" value="20" />
  <attribute name="Current GC Util" value="16" />
  <attribute name= "Current Time Running" value="5056" />
<concurrent-collection-end id="619" timestamp="2019-08-02T21:31:10.031" />
<exclusive-end id="620" timestamp="2019-08-02T21:31:10.031" durationms="4.686" />

<exclusive-start id="621" timestamp="2019-08-02T21:31:10.042" intervalms="15.902">
  <response-info timems="0.064" idlems="0.064" threads="0" lastid="00000000007C1A00" lastname="main" />
</exclusive-start>
<af-start id="622" threadId="00000000007C2388" totalBytesRequested="32" timestamp="2019-08-02T21:31:10.043" intervalms="27.256" type="nursery" />
<cycle-start id="623" type="scavenge" contextid="0" timestamp="2019-08-02T21:31:10.043" intervalms="27.269" />
<gc-start id="624" type="scavenge" contextid="623" timestamp="2019-08-02T21:31:10.043">
  <mem-info id="625" free="1774752" total="8519680" percent="20">
    <mem type="nursery" free="0" total="2228224" percent="0">
      <mem type="allocate" free="0" total="1179648" percent="0" />
      <mem type="survivor" free="0" total="1048576" percent="0" />
    </mem>
    <mem type="tenure" free="1774752" total="6291456" percent="28">
      <mem type="soa" free="1460384" total="5977088" percent="24" />
      <mem type="loa" free="314368" total="314368" percent="100" />
    </mem>
    <remembered-set count="631" />
  </mem-info>
</gc-start>
<allocation-stats totalBytes="1011872" >
  <allocated-bytes non-tlh="146288" tlh="865584" />
  <largest-consumer threadName="main" threadId="00000000007C1A00" bytes="1009168" />
</allocation-stats>
<gc-op id="626" type="scavenge" timems="0.549" contextid="623" timestamp="2019-08-02T21:31:10.044">
  <scavenger-info tenureage="5" tenuremask="ffe0" tiltratio="52" />
  <memory-copied type="nursery" objects="4509" bytes="178544" bytesdiscarded="30976" />
  <ownableSynchronizers candidates="42" cleared="42" />
  <references type="weak" candidates="38" cleared="0" enqueued="0" />
</gc-op>
<gc-end id="627" type="scavenge" contextid="623" durationms="0.833" usertimems="0.000" systemtimems="0.000" timestamp="2019-08-02T21:31:10.044" activeThreads="1">
  <mem-info id="628" free="2875920" total="8519680" percent="33">
    <mem type="nursery" free="1101168" total="2228224" percent="49">
      <mem type="allocate" free="1101168" total="1310720" percent="84" />
      <mem type="survivor" free="0" total="917504" percent="0" />
    </mem>
    <mem type="tenure" free="1774752" total="6291456" percent="28">
      <mem type="soa" free="1460384" total="5977088" percent="24" />
      <mem type="loa" free="314368" total="314368" percent="100" />
    </mem>
    <remembered-set count="623" />
  </mem-info>
</gc-end>
<cycle-end id="629" type="scavenge" contextid="623" timestamp="2019-08-02T21:31:10.044" />
  <attribute name="elasticGC enabled" value="1" />
  <attribute name= "numThreadsSpecified" value="1" />
  <attribute name="heapSize specified" value="0" />
  <attribute name= "numCores" value="8" />
  <attribute name ="GC Interval" value="0" />
  <attribute name ="Control flow" value="1" />
  <attribute name="GC Util Range Max" value="20" />
  <attribute name="Current GC Util" value="29" />
  <attribute name= "Current Time Running" value="5069" />
<allocation-satisfied id="630" threadId="00000000007C1A00" bytesRequested="32" />
<af-end id="631" timestamp="2019-08-02T21:31:10.044" threadId="00000000007C2388" success="true" from="nursery"/>
<exclusive-end id="632" timestamp="2019-08-02T21:31:10.044" durationms="1.442" />

<exclusive-start id="633" timestamp="2019-08-02T21:31:10.051" intervalms="8.802">
  <response-info timems="0.061" idlems="0.061" threads="0" lastid="00000000007C1A00" lastname="main" />
</exclusive-start>
<af-start id="634" threadId="00000000007C2388" totalBytesRequested="72" timestamp="2019-08-02T21:31:10.051" intervalms="8.790" type="nursery" />
<cycle-start id="635" type="scavenge" contextid="0" timestamp="2019-08-02T21:31:10.051" intervalms="8.785" />
<gc-start id="636" type="scavenge" contextid="635" timestamp="2019-08-02T21:31:10.052">
  <mem-info id="637" free="1774752" total="8519680" percent="20">
    <mem type="nursery" free="0" total="2228224" percent="0">
      <mem type="allocate" free="0" total="1310720" percent="0" />
      <mem type="survivor" free="0" total="917504" percent="0" />
    </mem>
    <mem type="tenure" free="1774752" total="6291456" percent="28">
      <mem type="soa" free="1460384" total="5977088" percent="24" />
      <mem type="loa" free="314368" total="314368" percent="100" />
    </mem>
    <remembered-set count="746" />
  </mem-info>
</gc-start>
<allocation-stats totalBytes="1100976" >
  <allocated-bytes non-tlh="32" tlh="1100944" />
  <largest-consumer threadName="main" threadId="00000000007C1A00" bytes="1100976" />
</allocation-stats>
<gc-op id="638" type="scavenge" timems="0.592" contextid="635" timestamp="2019-08-02T21:31:10.052">
  <scavenger-info tenureage="3" tenuremask="fff8" tiltratio="58" />
  <memory-copied type="nursery" objects="4512" bytes="181696" bytesdiscarded="53296" />
  <memory-copied type="tenure" objects="1257" bytes="43128" bytesdiscarded="80" />
  <references type="weak" candidates="38" cleared="0" enqueued="0" />
</gc-op>
<gc-end id="639" type="scavenge" contextid="635" durationms="0.891" usertimems="0.000" systemtimems="0.000" timestamp="2019-08-02T21:31:10.052" activeThreads="1">
  <mem-info id="640" free="2883768" total="8519680" percent="33">
    <mem type="nursery" free="1206784" total="2228224" percent="54">
      <mem type="allocate" free="1206784" total="1441792" percent="83" />
      <mem type="survivor" free="0" total="786432" percent="0" />
    </mem>
    <mem type="tenure" free="1676984" total="6291456" percent="26">
      <mem type="soa" free="1362616" total="5977088" percent="22" />
      <mem type="loa" free="314368" total="314368" percent="100" />
    </mem>
    <remembered-set count="655" />
  </mem-info>
</gc-end>
<cycle-end id="641" type="scavenge" contextid="635" timestamp="2019-08-02T21:31:10.053" />
  <attribute name="elasticGC enabled" value="1" />
  <attribute name= "numThreadsSpecified" value="1" />
  <attribute name="heapSize specified" value="0" />
  <attribute name= "numCores" value="8" />
  <attribute name ="GC Interval" value="0" />
  <attribute name ="Control flow" value="1" />
  <attribute name="GC Util Range Max" value="20" />
  <attribute name="Current GC Util" value="9" />
  <attribute name= "Current Time Running" value="5077" />
<allocation-satisfied id="642" threadId="00000000007C1A00" bytesRequested="72" />
<af-end id="643" timestamp="2019-08-02T21:31:10.053" threadId="00000000007C2388" success="true" from="nursery"/>
<exclusive-end id="644" timestamp="2019-08-02T21:31:10.053" durationms="1.445" />

<exclusive-start id="645" timestamp="2019-08-02T21:31:10.061" intervalms="9.679">
  <response-info timems="0.029" idlems="0.029" threads="0" lastid="00000000007C1A00" lastname="main" />
</exclusive-start>
<af-start id="646" threadId="00000000007C2388" totalBytesRequested="56" timestamp="2019-08-02T21:31:10.061" intervalms="9.680" type="nursery" />
<cycle-start id="647" type="scavenge" contextid="0" timestamp="2019-08-02T21:31:10.061" intervalms="9.680" />
<gc-start id="648" type="scavenge" contextid="647" timestamp="2019-08-02T21:31:10.061">
  <mem-info id="649" free="1676984" total="8519680" percent="19">
    <mem type="nursery" free="0" total="2228224" percent="0">
      <mem type="allocate" free="0" total="1441792" percent="0" />
      <mem type="survivor" free="0" total="786432" percent="0" />
    </mem>
    <mem type="tenure" free="1676984" total="6291456" percent="26">
      <mem type="soa" free="1362616" total="5977088" percent="22" />
      <mem type="loa" free="314368" total="314368" percent="100" />
    </mem>
    <remembered-set count="839" />
  </mem-info>
</gc-start>
<allocation-stats totalBytes="1206568" >
  <allocated-bytes non-tlh="72" tlh="1206496" />
  <largest-consumer threadName="main" threadId="00000000007C1A00" bytes="1206568" />
</allocation-stats>
<gc-op id="650" type="scavenge" timems="0.690" contextid="647" timestamp="2019-08-02T21:31:10.062">
  <scavenger-info tenureage="3" tenuremask="ffe8" tiltratio="64" />
  <memory-copied type="nursery" objects="5838" bytes="227680" bytesdiscarded="7312" />
  <memory-copied type="tenure" objects="913" bytes="35088" bytesdiscarded="0" />
  <references type="weak" candidates="38" cleared="0" enqueued="0" />
</gc-op>
<gc-end id="651" type="scavenge" contextid="647" durationms="0.993" usertimems="0.000" systemtimems="0.000" timestamp="2019-08-02T21:31:10.062" activeThreads="1">
  <mem-info id="652" free="3014840" total="8519680" percent="35">
    <mem type="nursery" free="1337856" total="2228224" percent="60">
      <mem type="allocate" free="1337856" total="1572864" percent="85" />
      <mem type="survivor" free="0" total="655360" percent="0" />
    </mem>
    <mem type="tenure" free="1676984" total="6291456" percent="26">
      <mem type="soa" free="1362616" total="5977088" percent="22" />
      <mem type="loa" free="314368" total="314368" percent="100" />
    </mem>
    <remembered-set count="623" />
  </mem-info>
</gc-end>
<cycle-end id="653" type="scavenge" contextid="647" timestamp="2019-08-02T21:31:10.062" />
  <attribute name="elasticGC enabled" value="1" />
  <attribute name= "numThreadsSpecified" value="1" />
  <attribute name="heapSize specified" value="0" />
  <attribute name= "numCores" value="8" />
  <attribute name ="GC Interval" value="0" />
  <attribute name ="Control flow" value="1" />
  <attribute name="GC Util Range Max" value="20" />
  <attribute name="Current GC Util" value="8" />
  <attribute name= "Current Time Running" value="5087" />
<allocation-satisfied id="654" threadId="00000000007C1A00" bytesRequested="56" />
<af-end id="655" timestamp="2019-08-02T21:31:10.062" threadId="00000000007C2388" success="true" from="nursery"/>
<exclusive-end id="656" timestamp="2019-08-02T21:31:10.063" durationms="1.591" />

<exclusive-start id="657" timestamp="2019-08-02T21:31:10.073" intervalms="11.653">
  <response-info timems="0.057" idlems="0.057" threads="0" lastid="00000000007C1A00" lastname="main" />
</exclusive-start>
<af-start id="658" threadId="00000000007C2388" totalBytesRequested="24" timestamp="2019-08-02T21:31:10.073" intervalms="11.645" type="nursery" />
<cycle-start id="659" type="scavenge" contextid="0" timestamp="2019-08-02T21:31:10.073" intervalms="11.630" />
<gc-start id="660" type="scavenge" contextid="659" timestamp="2019-08-02T21:31:10.073">
  <mem-info id="661" free="1672248" total="8519680" percent="19">
    <mem type="nursery" free="0" total="2228224" percent="0">
      <mem type="allocate" free="0" total="1572864" percent="0" />
      <mem type="survivor" free="0" total="655360" percent="0" />
    </mem>
    <mem type="tenure" free="1672248" total="6291456" percent="26">
      <mem type="soa" free="1357880" total="5977088" percent="22" />
      <mem type="loa" free="314368" total="314368" percent="100" />
    </mem>
    <remembered-set count="834" />
  </mem-info>
</gc-start>
<allocation-stats totalBytes="1339040" >
  <allocated-bytes non-tlh="1936" tlh="1337104" />
  <largest-consumer threadName="main" threadId="00000000007C1A00" bytes="1339040" />
</allocation-stats>
<gc-op id="662" type="scavenge" timems="0.795" contextid="659" timestamp="2019-08-02T21:31:10.074">
  <scavenger-info tenureage="3" tenuremask="ffe8" tiltratio="70" />
  <memory-copied type="nursery" objects="5478" bytes="209152" bytesdiscarded="63472" />
  <memory-copied type="tenure" objects="2263" bytes="97864" bytesdiscarded="120" />
  <references type="weak" candidates="16" cleared="0" enqueued="0" />
</gc-op>
<heap-resize id="663" type="expand" space="nursery" amount="131072" count="1" timems="0.013" reason="excessive time being spent scavenging" timestamp="2019-08-02T21:31:10.074" />
<gc-end id="664" type="scavenge" contextid="659" durationms="1.166" usertimems="4.000" systemtimems="0.000" timestamp="2019-08-02T21:31:10.074" activeThreads="1">
  <mem-info id="665" free="2992024" total="8650752" percent="34">
    <mem type="nursery" free="1431296" total="2359296" percent="60">
      <mem type="allocate" free="1431296" total="1703936" percent="83" />
      <mem type="survivor" free="0" total="655360" percent="0" />
    </mem>
    <mem type="tenure" free="1560728" total="6291456" percent="24">
      <mem type="soa" free="1246360" total="5977088" percent="20" />
      <mem type="loa" free="314368" total="314368" percent="100" />
    </mem>
    <remembered-set count="619" />
  </mem-info>
</gc-end>
<cycle-end id="666" type="scavenge" contextid="659" timestamp="2019-08-02T21:31:10.074" />
  <attribute name="elasticGC enabled" value="1" />
  <attribute name= "numThreadsSpecified" value="1" />
  <attribute name="heapSize specified" value="0" />
  <attribute name= "numCores" value="8" />
  <attribute name ="GC Interval" value="0" />
  <attribute name ="Control flow" value="1" />
  <attribute name="GC Util Range Max" value="20" />
  <attribute name="Current GC Util" value="8" />
  <attribute name= "Current Time Running" value="5099" />
<allocation-satisfied id="667" threadId="00000000007C1A00" bytesRequested="24" />
<af-end id="668" timestamp="2019-08-02T21:31:10.074" threadId="00000000007C2388" success="true" from="nursery"/>
<exclusive-end id="669" timestamp="2019-08-02T21:31:10.074" durationms="1.689" />

<exclusive-start id="670" timestamp="2019-08-02T21:31:10.082" intervalms="9.846">
  <response-info timems="0.061" idlems="0.061" threads="0" lastid="00000000007C1A00" lastname="main" />
</exclusive-start>
<af-start id="671" threadId="00000000007C2388" totalBytesRequested="32" timestamp="2019-08-02T21:31:10.083" intervalms="9.811" type="nursery" />
<cycle-start id="672" type="scavenge" contextid="0" timestamp="2019-08-02T21:31:10.083" intervalms="9.822" />
<gc-start id="673" type="scavenge" contextid="672" timestamp="2019-08-02T21:31:10.083">
  <mem-info id="674" free="1560728" total="8650752" percent="18">
    <mem type="nursery" free="0" total="2359296" percent="0">
      <mem type="allocate" free="0" total="1703936" percent="0" />
      <mem type="survivor" free="0" total="655360" percent="0" />
    </mem>
    <mem type="tenure" free="1560728" total="6291456" percent="24">
      <mem type="soa" free="1246360" total="5977088" percent="20" />
      <mem type="loa" free="314368" total="314368" percent="100" />
    </mem>
    <remembered-set count="843" />
  </mem-info>
</gc-start>
<allocation-stats totalBytes="1431128" >
  <allocated-bytes non-tlh="24" tlh="1431104" />
  <largest-consumer threadName="main" threadId="00000000007C1A00" bytes="1431128" />
</allocation-stats>
<gc-op id="675" type="scavenge" timems="0.813" contextid="672" timestamp="2019-08-02T21:31:10.084">
  <scavenger-info tenureage="3" tenuremask="ffe8" tiltratio="72" />
  <memory-copied type="nursery" objects="6588" bytes="252080" bytesdiscarded="29000" />
  <memory-copied type="tenure" objects="1247" bytes="45688" bytesdiscarded="40" />
  <references type="weak" candidates="16" cleared="0" enqueued="0" />
</gc-op>
<heap-resize id="676" type="expand" space="nursery" amount="131072" count="1" timems="0.012" reason="excessive time being spent scavenging" timestamp="2019-08-02T21:31:10.084" />
<gc-end id="677" type="scavenge" contextid="672" durationms="1.198" usertimems="4.000" systemtimems="0.000" timestamp="2019-08-02T21:31:10.084" activeThreads="1">
  <mem-info id="678" free="3130824" total="8781824" percent="35">
    <mem type="nursery" free="1619456" total="2490368" percent="65">
      <mem type="allocate" free="1619456" total="1900544" percent="85" />
      <mem type="survivor" free="0" total="589824" percent="0" />
    </mem>
    <mem type="tenure" free="1511368" total="6291456" percent="24">
      <mem type="soa" free="1197000" total="5977088" percent="20" />
      <mem type="loa" free="314368" total="314368" percent="100" />
    </mem>
    <remembered-set count="719" />
  </mem-info>
</gc-end>
<cycle-end id="679" type="scavenge" contextid="672" timestamp="2019-08-02T21:31:10.084" />
  <attribute name="elasticGC enabled" value="1" />
  <attribute name= "numThreadsSpecified" value="1" />
  <attribute name="heapSize specified" value="0" />
  <attribute name= "numCores" value="8" />
  <attribute name ="GC Interval" value="0" />
  <attribute name ="Control flow" value="1" />
  <attribute name="GC Util Range Max" value="20" />
  <attribute name="Current GC Util" value="11" />
  <attribute name= "Current Time Running" value="5109" />
<allocation-satisfied id="680" threadId="00000000007C1A00" bytesRequested="32" />
<af-end id="681" timestamp="2019-08-02T21:31:10.084" threadId="00000000007C2388" success="true" from="nursery"/>
<exclusive-end id="682" timestamp="2019-08-02T21:31:10.084" durationms="1.653" />

<exclusive-start id="683" timestamp="2019-08-02T21:31:10.106" intervalms="23.291">
  <response-info timems="0.068" idlems="0.068" threads="0" lastid="00000000007C1A00" lastname="main" />
</exclusive-start>
<af-start id="684" threadId="00000000007C2388" totalBytesRequested="160" timestamp="2019-08-02T21:31:10.106" intervalms="23.375" type="nursery" />
<cycle-start id="685" type="scavenge" contextid="0" timestamp="2019-08-02T21:31:10.106" intervalms="23.381" />
<gc-start id="686" type="scavenge" contextid="685" timestamp="2019-08-02T21:31:10.106">
  <mem-info id="687" free="1511080" total="8781824" percent="17">
    <mem type="nursery" free="0" total="2490368" percent="0">
      <mem type="allocate" free="0" total="1900544" percent="0" />
      <mem type="survivor" free="0" total="589824" percent="0" />
    </mem>
    <mem type="tenure" free="1511080" total="6291456" percent="24">
      <mem type="soa" free="1196712" total="5977088" percent="20" />
      <mem type="loa" free="314368" total="314368" percent="100" />
    </mem>
    <remembered-set count="821" />
  </mem-info>
</gc-start>
<allocation-stats totalBytes="1619344" >
  <allocated-bytes non-tlh="320" tlh="1619024" />
  <largest-consumer threadName="main" threadId="00000000007C1A00" bytes="1619344" />
</allocation-stats>
<gc-op id="688" type="scavenge" timems="0.718" contextid="685" timestamp="2019-08-02T21:31:10.107">
  <scavenger-info tenureage="3" tenuremask="ffe8" tiltratio="76" />
  <memory-copied type="nursery" objects="10546" bytes="462688" bytesdiscarded="44952" />
  <memory-copied type="tenure" objects="2107" bytes="77888" bytesdiscarded="40" />
  <references type="weak" candidates="16" cleared="0" enqueued="0" />
</gc-op>
<gc-end id="689" type="scavenge" contextid="685" durationms="1.005" usertimems="0.000" systemtimems="0.000" timestamp="2019-08-02T21:31:10.107" activeThreads="2">
  <mem-info id="690" free="2663848" total="8781824" percent="30">
    <mem type="nursery" free="1261824" total="2490368" percent="50">
      <mem type="allocate" free="1261824" total="1769472" percent="71" />
      <mem type="survivor" free="0" total="720896" percent="0" />
    </mem>
    <mem type="tenure" free="1402024" total="6291456" percent="22">
      <mem type="soa" free="1087656" total="5977088" percent="18" />
      <mem type="loa" free="314368" total="314368" percent="100" />
    </mem>
    <remembered-set count="652" />
  </mem-info>
</gc-end>
<cycle-end id="691" type="scavenge" contextid="685" timestamp="2019-08-02T21:31:10.107" />
  <attribute name="elasticGC enabled" value="1" />
  <attribute name= "numThreadsSpecified" value="2" />
  <attribute name="heapSize specified" value="0" />
  <attribute name= "numCores" value="8" />
  <attribute name ="GC Interval" value="0" />
  <attribute name ="Control flow" value="1" />
  <attribute name="GC Util Range Max" value="20" />
  <attribute name="Current GC Util" value="4" />
  <attribute name= "Current Time Running" value="5132" />
<allocation-satisfied id="692" threadId="00000000007C1A00" bytesRequested="160" />
<af-end id="693" timestamp="2019-08-02T21:31:10.107" threadId="00000000007C2388" success="true" from="nursery"/>
<exclusive-end id="694" timestamp="2019-08-02T21:31:10.107" durationms="1.660" />

<exclusive-start id="695" timestamp="2019-08-02T21:31:10.124" intervalms="18.464">
  <response-info timems="0.064" idlems="0.064" threads="0" lastid="00000000007C1A00" lastname="main" />
</exclusive-start>
<af-start id="696" threadId="00000000007C2388" totalBytesRequested="47576" timestamp="2019-08-02T21:31:10.124" intervalms="18.445" type="nursery" />
<cycle-start id="697" type="scavenge" contextid="0" timestamp="2019-08-02T21:31:10.124" intervalms="18.439" />
<gc-start id="698" type="scavenge" contextid="697" timestamp="2019-08-02T21:31:10.125">
  <mem-info id="699" free="1402024" total="8781824" percent="15">
    <mem type="nursery" free="0" total="2490368" percent="0">
      <mem type="allocate" free="0" total="1769472" percent="0" />
      <mem type="survivor" free="0" total="720896" percent="0" />
    </mem>
    <mem type="tenure" free="1402024" total="6291456" percent="22">
      <mem type="soa" free="1087656" total="5977088" percent="18" />
      <mem type="loa" free="314368" total="314368" percent="100" />
    </mem>
    <remembered-set count="652" />
  </mem-info>
</gc-start>
<allocation-stats totalBytes="1239392" >
  <allocated-bytes non-tlh="160" tlh="1239232" />
  <largest-consumer threadName="main" threadId="00000000007C1A00" bytes="1239392" />
</allocation-stats>
<gc-op id="700" type="scavenge" timems="0.496" contextid="697" timestamp="2019-08-02T21:31:10.125">
  <scavenger-info tenureage="5" tenuremask="ffe0" tiltratio="71" />
  <memory-copied type="nursery" objects="4444" bytes="226312" bytesdiscarded="11720" />
  <references type="weak" candidates="16" cleared="0" enqueued="0" />
</gc-op>
<gc-end id="701" type="scavenge" contextid="697" durationms="0.787" usertimems="0.000" systemtimems="0.000" timestamp="2019-08-02T21:31:10.125" activeThreads="2">
  <mem-info id="702" free="2933456" total="8781824" percent="33">
    <mem type="nursery" free="1531432" total="2490368" percent="61">
      <mem type="allocate" free="1531432" total="1769472" percent="86" />
      <mem type="survivor" free="0" total="720896" percent="0" />
    </mem>
    <mem type="tenure" free="1402024" total="6291456" percent="22">
      <mem type="soa" free="1087656" total="5977088" percent="18" />
      <mem type="loa" free="314368" total="314368" percent="100" />
    </mem>
    <remembered-set count="647" />
  </mem-info>
</gc-end>
<cycle-end id="703" type="scavenge" contextid="697" timestamp="2019-08-02T21:31:10.125" />
  <attribute name="elasticGC enabled" value="1" />
  <attribute name= "numThreadsSpecified" value="2" />
  <attribute name="heapSize specified" value="0" />
  <attribute name= "numCores" value="8" />
  <attribute name ="GC Interval" value="0" />
  <attribute name ="Control flow" value="1" />
  <attribute name="GC Util Range Max" value="20" />
  <attribute name="Current GC Util" value="8" />
  <attribute name= "Current Time Running" value="5150" />
<allocation-satisfied id="704" threadId="00000000007C1A00" bytesRequested="47576" />
<af-end id="705" timestamp="2019-08-02T21:31:10.126" threadId="00000000007C2388" success="true" from="nursery"/>
<exclusive-end id="706" timestamp="2019-08-02T21:31:10.126" durationms="1.347" />

<exclusive-start id="707" timestamp="2019-08-02T21:31:10.160" intervalms="36.186">
  <response-info timems="0.024" idlems="0.024" threads="0" lastid="00000000007C1A00" lastname="main" />
</exclusive-start>
<af-start id="708" threadId="00000000007C2388" totalBytesRequested="16392" timestamp="2019-08-02T21:31:10.160" intervalms="36.143" type="nursery" />
<cycle-start id="709" type="scavenge" contextid="0" timestamp="2019-08-02T21:31:10.161" intervalms="36.104" />
<gc-start id="710" type="scavenge" contextid="709" timestamp="2019-08-02T21:31:10.161">
  <mem-info id="711" free="1343768" total="8781824" percent="15">
    <mem type="nursery" free="0" total="2490368" percent="0">
      <mem type="allocate" free="0" total="1769472" percent="0" />
      <mem type="survivor" free="0" total="720896" percent="0" />
    </mem>
    <mem type="tenure" free="1343768" total="6291456" percent="21">
      <mem type="soa" free="1029400" total="5977088" percent="17" />
      <mem type="loa" free="314368" total="314368" percent="100" />
    </mem>
    <remembered-set count="1271" />
  </mem-info>
</gc-start>
<allocation-stats totalBytes="1572960" >
  <allocated-bytes non-tlh="400240" tlh="1172720" />
  <largest-consumer threadName="main" threadId="00000000007C1A00" bytes="1572960" />
</allocation-stats>
<gc-op id="712" type="scavenge" timems="0.816" contextid="709" timestamp="2019-08-02T21:31:10.161">
  <scavenger-info tenureage="4" tenuremask="fff0" tiltratio="71" />
  <memory-copied type="nursery" objects="7235" bytes="552544" bytesdiscarded="101872" />
  <memory-copied type="tenure" objects="1866" bytes="79472" bytesdiscarded="560" />
  <references type="soft" candidates="224" cleared="0" enqueued="0" dynamicThreshold="9" maxThreshold="32" />
  <references type="weak" candidates="384" cleared="18" enqueued="12" />
  <references type="phantom" candidates="1" cleared="0" enqueued="0" />
</gc-op>
<gc-end id="713" type="scavenge" contextid="709" durationms="0.988" usertimems="4.000" systemtimems="0.000" timestamp="2019-08-02T21:31:10.162" activeThreads="3">
  <mem-info id="714" free="2108880" total="8781824" percent="24">
    <mem type="nursery" free="852704" total="2490368" percent="34">
      <mem type="allocate" free="852704" total="1507328" percent="56" />
      <mem type="survivor" free="0" total="983040" percent="0" />
    </mem>
    <mem type="tenure" free="1256176" total="6291456" percent="19">
      <mem type="soa" free="941808" total="5977088" percent="15" />
      <mem type="loa" free="314368" total="314368" percent="100" />
    </mem>
    <pending-finalizers system="0" default="0" reference="12" classloader="0" />
    <remembered-set count="1094" />
  </mem-info>
</gc-end>
<cycle-end id="715" type="scavenge" contextid="709" timestamp="2019-08-02T21:31:10.162" />
  <attribute name="elasticGC enabled" value="1" />
  <attribute name= "numThreadsSpecified" value="3" />
  <attribute name="heapSize specified" value="0" />
  <attribute name= "numCores" value="8" />
  <attribute name ="GC Interval" value="0" />
  <attribute name ="Control flow" value="1" />
  <attribute name="GC Util Range Max" value="20" />
  <attribute name="Current GC Util" value="2" />
  <attribute name= "Current Time Running" value="5186" />
<allocation-satisfied id="716" threadId="00000000007C1A00" bytesRequested="16392" />
<af-end id="717" timestamp="2019-08-02T21:31:10.162" threadId="00000000007C2388" success="true" from="nursery"/>
<exclusive-end id="718" timestamp="2019-08-02T21:31:10.162" durationms="1.468" />

<exclusive-start id="719" timestamp="2019-08-02T21:31:10.172" intervalms="11.950">
  <response-info timems="0.075" idlems="0.075" threads="0" lastid="00000000007C1A00" lastname="main" />
</exclusive-start>
<af-start id="720" threadId="00000000007C2388" totalBytesRequested="24" timestamp="2019-08-02T21:31:10.172" intervalms="11.992" type="nursery" />
<cycle-start id="721" type="scavenge" contextid="0" timestamp="2019-08-02T21:31:10.173" intervalms="12.035" />
<gc-start id="722" type="scavenge" contextid="721" timestamp="2019-08-02T21:31:10.173">
  <mem-info id="723" free="1256144" total="8781824" percent="14">
    <mem type="nursery" free="0" total="2490368" percent="0">
      <mem type="allocate" free="0" total="1507328" percent="0" />
      <mem type="survivor" free="0" total="983040" percent="0" />
    </mem>
    <mem type="tenure" free="1256144" total="6291456" percent="19">
      <mem type="soa" free="941776" total="5977088" percent="15" />
      <mem type="loa" free="314368" total="314368" percent="100" />
    </mem>
    <remembered-set count="1097" />
  </mem-info>
</gc-start>
<allocation-stats totalBytes="852664" >
  <allocated-bytes non-tlh="81968" tlh="770696" />
  <largest-consumer threadName="main" threadId="00000000007C1A00" bytes="848568" />
</allocation-stats>
<gc-op id="724" type="scavenge" timems="0.822" contextid="721" timestamp="2019-08-02T21:31:10.174">
  <scavenger-info tenureage="3" tenuremask="ffd8" tiltratio="60" />
  <memory-copied type="nursery" objects="8732" bytes="716464" bytesdiscarded="136168" />
  <memory-copied type="tenure" objects="2518" bytes="97008" bytesdiscarded="112" />
  <references type="soft" candidates="224" cleared="0" enqueued="0" dynamicThreshold="9" maxThreshold="32" />
  <references type="weak" candidates="366" cleared="0" enqueued="0" />
  <references type="phantom" candidates="1" cleared="0" enqueued="0" />
</gc-op>
<heap-resize id="725" type="expand" space="nursery" amount="131072" count="1" timems="0.017" reason="excessive time being spent scavenging" timestamp="2019-08-02T21:31:10.174" />
<gc-end id="726" type="scavenge" contextid="721" durationms="1.144" usertimems="0.000" systemtimems="0.000" timestamp="2019-08-02T21:31:10.174" activeThreads="3">
  <mem-info id="727" free="1873536" total="8912896" percent="21">
    <mem type="nursery" free="720096" total="2621440" percent="27">
      <mem type="allocate" free="720096" total="1572864" percent="45" />
      <mem type="survivor" free="0" total="1048576" percent="0" />
    </mem>
    <mem type="tenure" free="1153440" total="6291456" percent="18">
      <mem type="soa" free="839072" total="5977088" percent="14" />
      <mem type="loa" free="314368" total="314368" percent="100" />
    </mem>
    <remembered-set count="755" />
  </mem-info>
</gc-end>
<cycle-end id="728" type="scavenge" contextid="721" timestamp="2019-08-02T21:31:10.174" />
  <attribute name="elasticGC enabled" value="1" />
  <attribute name= "numThreadsSpecified" value="3" />
  <attribute name="heapSize specified" value="0" />
  <attribute name= "numCores" value="8" />
  <attribute name ="GC Interval" value="0" />
  <attribute name ="Control flow" value="1" />
  <attribute name="GC Util Range Max" value="20" />
  <attribute name="Current GC Util" value="11" />
  <attribute name= "Current Time Running" value="5198" />
<allocation-satisfied id="729" threadId="00000000007C1A00" bytesRequested="24" />
<af-end id="730" timestamp="2019-08-02T21:31:10.174" threadId="00000000007C2388" success="true" from="nursery"/>
<exclusive-end id="731" timestamp="2019-08-02T21:31:10.174" durationms="1.692" />

<exclusive-start id="732" timestamp="2019-08-02T21:31:10.176" intervalms="3.902">
  <response-info timems="0.030" idlems="0.030" threads="0" lastid="00000000007C1A00" lastname="main" />
</exclusive-start>
<af-start id="733" threadId="00000000007C2388" totalBytesRequested="40" timestamp="2019-08-02T21:31:10.176" intervalms="3.837" type="nursery" />
<cycle-start id="734" type="scavenge" contextid="0" timestamp="2019-08-02T21:31:10.176" intervalms="3.783" />
<gc-start id="735" type="scavenge" contextid="734" timestamp="2019-08-02T21:31:10.176">
  <mem-info id="736" free="1153440" total="8912896" percent="12">
    <mem type="nursery" free="0" total="2621440" percent="0">
      <mem type="allocate" free="0" total="1572864" percent="0" />
      <mem type="survivor" free="0" total="1048576" percent="0" />
    </mem>
    <mem type="tenure" free="1153440" total="6291456" percent="18">
      <mem type="soa" free="839072" total="5977088" percent="14" />
      <mem type="loa" free="314368" total="314368" percent="100" />
    </mem>
    <remembered-set count="755" />
  </mem-info>
</gc-start>
<allocation-stats totalBytes="719944" >
  <allocated-bytes non-tlh="24" tlh="719920" />
  <largest-consumer threadName="main" threadId="00000000007C1A00" bytes="719944" />
</allocation-stats>
<gc-op id="737" type="scavenge" timems="0.635" contextid="734" timestamp="2019-08-02T21:31:10.177">
  <scavenger-info tenureage="3" tenuremask="ffc8" tiltratio="60" />
  <memory-copied type="nursery" objects="9709" bytes="752648" bytesdiscarded="64920" />
  <memory-copied type="tenure" objects="56" bytes="2128" bytesdiscarded="0" />
  <references type="soft" candidates="224" cleared="0" enqueued="0" dynamicThreshold="9" maxThreshold="32" />
  <references type="weak" candidates="366" cleared="0" enqueued="0" />
  <references type="phantom" candidates="1" cleared="0" enqueued="0" />
</gc-op>
<gc-end id="738" type="scavenge" contextid="734" durationms="0.798" usertimems="0.000" systemtimems="0.000" timestamp="2019-08-02T21:31:10.177" activeThreads="2">
  <mem-info id="739" free="2039672" total="8912896" percent="22">
    <mem type="nursery" free="886232" total="2621440" percent="33">
      <mem type="allocate" free="886232" total="1703936" percent="52" />
      <mem type="survivor" free="0" total="917504" percent="0" />
    </mem>
    <mem type="tenure" free="1153440" total="6291456" percent="18">
      <mem type="soa" free="839072" total="5977088" percent="14" />
      <mem type="loa" free="314368" total="314368" percent="100" />
    </mem>
    <remembered-set count="203" />
  </mem-info>
</gc-end>
<cycle-end id="740" type="scavenge" contextid="734" timestamp="2019-08-02T21:31:10.177" />
  <attribute name="elasticGC enabled" value="1" />
  <attribute name= "numThreadsSpecified" value="2" />
  <attribute name="heapSize specified" value="0" />
  <attribute name= "numCores" value="8" />
  <attribute name ="GC Interval" value="0" />
  <attribute name ="Control flow" value="1" />
  <attribute name="GC Util Range Max" value="20" />
  <attribute name="Current GC Util" value="47" />
  <attribute name= "Current Time Running" value="5202" />
<allocation-satisfied id="741" threadId="00000000007C1A00" bytesRequested="40" />
<af-end id="742" timestamp="2019-08-02T21:31:10.177" threadId="00000000007C2388" success="true" from="nursery"/>
<exclusive-end id="743" timestamp="2019-08-02T21:31:10.177" durationms="1.161" />

<exclusive-start id="744" timestamp="2019-08-02T21:31:10.180" intervalms="4.047">
  <response-info timems="0.022" idlems="0.022" threads="0" lastid="00000000007C1A00" lastname="main" />
</exclusive-start>
<af-start id="745" threadId="00000000007C2388" totalBytesRequested="40" timestamp="2019-08-02T21:31:10.180" intervalms="4.041" type="nursery" />
<cycle-start id="746" type="scavenge" contextid="0" timestamp="2019-08-02T21:31:10.180" intervalms="4.040" />
<gc-start id="747" type="scavenge" contextid="746" timestamp="2019-08-02T21:31:10.180">
  <mem-info id="748" free="1153440" total="8912896" percent="12">
    <mem type="nursery" free="0" total="2621440" percent="0">
      <mem type="allocate" free="0" total="1703936" percent="0" />
      <mem type="survivor" free="0" total="917504" percent="0" />
    </mem>
    <mem type="tenure" free="1153440" total="6291456" percent="18">
      <mem type="soa" free="839072" total="5977088" percent="14" />
      <mem type="loa" free="314368" total="314368" percent="100" />
    </mem>
    <remembered-set count="203" />
  </mem-info>
</gc-start>
<allocation-stats totalBytes="886096" >
  <allocated-bytes non-tlh="40" tlh="886056" />
  <largest-consumer threadName="main" threadId="00000000007C1A00" bytes="886096" />
</allocation-stats>
<gc-op id="749" type="scavenge" timems="1.200" contextid="746" timestamp="2019-08-02T21:31:10.182">
  <scavenger-info tenureage="3" tenuremask="ffe8" tiltratio="65" />
  <memory-copied type="nursery" objects="6809" bytes="392272" bytesdiscarded="1464" />
  <memory-copied type="tenure" objects="4628" bytes="425480" bytesdiscarded="960" />
</gc-op>
<heap-resize id="750" type="expand" space="nursery" amount="393216" count="1" timems="0.012" reason="excessive time being spent scavenging" timestamp="2019-08-02T21:31:10.182" />
<gc-end id="751" type="scavenge" contextid="746" durationms="1.413" usertimems="0.000" systemtimems="0.000" timestamp="2019-08-02T21:31:10.182" activeThreads="1">
  <mem-info id="752" free="2246976" total="9306112" percent="24">
    <mem type="nursery" free="1506800" total="3014656" percent="49">
      <mem type="allocate" free="1506800" total="1900544" percent="79" />
      <mem type="survivor" free="0" total="1114112" percent="0" />
    </mem>
    <mem type="tenure" free="740176" total="6291456" percent="11">
      <mem type="soa" free="425808" total="5977088" percent="7" />
      <mem type="loa" free="314368" total="314368" percent="100" />
    </mem>
    <remembered-set count="101" />
  </mem-info>
</gc-end>
<cycle-end id="753" type="scavenge" contextid="746" timestamp="2019-08-02T21:31:10.182" />
  <attribute name="elasticGC enabled" value="1" />
  <attribute name= "numThreadsSpecified" value="1" />
  <attribute name="heapSize specified" value="0" />
  <attribute name= "numCores" value="8" />
  <attribute name ="GC Interval" value="0" />
  <attribute name ="Control flow" value="1" />
  <attribute name="GC Util Range Max" value="20" />
  <attribute name="Current GC Util" value="31" />
  <attribute name= "Current Time Running" value="5206" />
<allocation-satisfied id="754" threadId="00000000007C1A00" bytesRequested="40" />
<af-end id="755" timestamp="2019-08-02T21:31:10.182" threadId="00000000007C2388" success="true" from="nursery"/>
<exclusive-end id="756" timestamp="2019-08-02T21:31:10.182" durationms="1.746" />

<exclusive-start id="757" timestamp="2019-08-02T21:31:10.187" intervalms="6.432">
  <response-info timems="0.028" idlems="0.028" threads="0" lastid="00000000007C1A00" lastname="main" />
</exclusive-start>
<af-start id="758" threadId="00000000007C2388" totalBytesRequested="32" timestamp="2019-08-02T21:31:10.187" intervalms="6.437" type="nursery" />
<cycle-start id="759" type="scavenge" contextid="0" timestamp="2019-08-02T21:31:10.187" intervalms="6.451" />
<gc-start id="760" type="scavenge" contextid="759" timestamp="2019-08-02T21:31:10.187">
  <mem-info id="761" free="740176" total="9306112" percent="7">
    <mem type="nursery" free="0" total="3014656" percent="0">
      <mem type="allocate" free="0" total="1900544" percent="0" />
      <mem type="survivor" free="0" total="1114112" percent="0" />
    </mem>
    <mem type="tenure" free="740176" total="6291456" percent="11">
      <mem type="soa" free="425808" total="5977088" percent="7" />
      <mem type="loa" free="314368" total="314368" percent="100" />
    </mem>
    <remembered-set count="101" />
  </mem-info>
</gc-start>
<allocation-stats totalBytes="1506496" >
  <allocated-bytes non-tlh="40" tlh="1506456" />
  <largest-consumer threadName="main" threadId="00000000007C1A00" bytes="1506496" />
</allocation-stats>
<gc-op id="762" type="scavenge" timems="0.961" contextid="759" timestamp="2019-08-02T21:31:10.188">
  <scavenger-info tenureage="3" tenuremask="ffe8" tiltratio="63" />
  <memory-copied type="nursery" objects="5606" bytes="209048" bytesdiscarded="70504" />
  <memory-copied type="tenure" objects="3860" bytes="282448" bytesdiscarded="968" />
</gc-op>
<heap-resize id="763" type="expand" space="nursery" amount="262144" count="1" timems="0.012" reason="excessive time being spent scavenging" timestamp="2019-08-02T21:31:10.188" />
<gc-end id="764" type="scavenge" contextid="759" durationms="1.170" usertimems="0.000" systemtimems="0.000" timestamp="2019-08-02T21:31:10.188" activeThreads="1">
  <mem-info id="765" free="2445768" total="9568256" percent="25">
    <mem type="nursery" free="2014208" total="3276800" percent="61">
      <mem type="allocate" free="2014208" total="2293760" percent="87" />
      <mem type="survivor" free="0" total="983040" percent="0" />
    </mem>
    <mem type="tenure" free="431560" total="6291456" percent="6">
      <mem type="soa" free="117192" total="5977088" percent="1" />
      <mem type="loa" free="314368" total="314368" percent="100" />
    </mem>
    <remembered-set count="608" />
  </mem-info>
</gc-end>
<cycle-end id="766" type="scavenge" contextid="759" timestamp="2019-08-02T21:31:10.188" />
  <attribute name="elasticGC enabled" value="1" />
  <attribute name= "numThreadsSpecified" value="1" />
  <attribute name="heapSize specified" value="0" />
  <attribute name= "numCores" value="8" />
  <attribute name ="GC Interval" value="0" />
  <attribute name ="Control flow" value="1" />
  <attribute name="GC Util Range Max" value="20" />
  <attribute name="Current GC Util" value="22" />
  <attribute name= "Current Time Running" value="5213" />
<allocation-satisfied id="767" threadId="00000000007C1A00" bytesRequested="32" />
<af-end id="768" timestamp="2019-08-02T21:31:10.188" threadId="00000000007C2388" success="true" from="nursery"/>
<exclusive-end id="769" timestamp="2019-08-02T21:31:10.188" durationms="1.526" />

<concurrent-kickoff id="770" timestamp="2019-08-02T21:31:10.195">
  <kickoff reason="threshold reached" targetBytes="1886912" thresholdFreeBytes="261382"  remainingFree="191488" tenureFreeBytes="429216" nurseryFreeBytes="191488" />
</concurrent-kickoff>
<exclusive-start id="771" timestamp="2019-08-02T21:31:10.196" intervalms="8.835">
  <response-info timems="0.065" idlems="0.065" threads="0" lastid="00000000007C1A00" lastname="main" />
</exclusive-start>
<cycle-start id="772" type="global" contextid="0" timestamp="2019-08-02T21:31:10.196" intervalms="174.293" />
<exclusive-end id="773" timestamp="2019-08-02T21:31:10.196" durationms="0.093" />

<exclusive-start id="774" timestamp="2019-08-02T21:31:10.197" intervalms="1.156">
  <response-info timems="0.021" idlems="0.021" threads="0" lastid="00000000007C1A00" lastname="main" />
</exclusive-start>
<af-start id="775" threadId="00000000007C2388" totalBytesRequested="32" timestamp="2019-08-02T21:31:10.197" intervalms="9.995" type="nursery" />
<cycle-start id="776" type="scavenge" contextid="0" timestamp="2019-08-02T21:31:10.197" intervalms="10.003" />
<gc-start id="777" type="scavenge" contextid="776" timestamp="2019-08-02T21:31:10.197">
  <mem-info id="778" free="429216" total="9568256" percent="4">
    <mem type="nursery" free="0" total="3276800" percent="0">
      <mem type="allocate" free="0" total="2293760" percent="0" />
      <mem type="survivor" free="0" total="983040" percent="0" />
    </mem>
    <mem type="tenure" free="429216" total="6291456" percent="6">
      <mem type="soa" free="114848" total="5977088" percent="1" />
      <mem type="loa" free="314368" total="314368" percent="100" />
    </mem>
    <remembered-set count="919" />
  </mem-info>
</gc-start>
<allocation-stats totalBytes="2015752" >
  <allocated-bytes non-tlh="2376" tlh="2013376" />
  <largest-consumer threadName="main" threadId="00000000007C1A00" bytes="2015752" />
</allocation-stats>
<gc-op id="779" type="scavenge" timems="0.944" contextid="776" timestamp="2019-08-02T21:31:10.198">
  <scavenger-info tenureage="2" tenuremask="7c0c" tiltratio="70" />
  <memory-copied type="nursery" objects="5767" bytes="213464" bytesdiscarded="59160" />
  <memory-copied type="tenure" objects="2936" bytes="109112" bytesdiscarded="40" />
  <references type="weak" candidates="18" cleared="0" enqueued="0" />
</gc-op>
<heap-resize id="780" type="expand" space="nursery" amount="262144" count="1" timems="0.013" reason="excessive time being spent scavenging" timestamp="2019-08-02T21:31:10.198" />
<gc-end id="781" type="scavenge" contextid="776" durationms="1.176" usertimems="0.000" systemtimems="0.000" timestamp="2019-08-02T21:31:10.198" activeThreads="1">
  <mem-info id="782" free="2829752" total="9830400" percent="28">
    <mem type="nursery" free="2479872" total="3538944" percent="70">
      <mem type="allocate" free="2479872" total="2752512" percent="90" />
      <mem type="survivor" free="0" total="786432" percent="0" />
    </mem>
    <mem type="tenure" free="349880" total="6291456" percent="5">
      <mem type="soa" free="35512" total="5977088" percent="0" />
      <mem type="loa" free="314368" total="314368" percent="100" />
    </mem>
    <remembered-set count="645" />
  </mem-info>
</gc-end>
<cycle-end id="783" type="scavenge" contextid="776" timestamp="2019-08-02T21:31:10.198" />
  <attribute name="elasticGC enabled" value="1" />
  <attribute name= "numThreadsSpecified" value="1" />
  <attribute name="heapSize specified" value="0" />
  <attribute name= "numCores" value="8" />
  <attribute name ="GC Interval" value="0" />
  <attribute name ="Control flow" value="1" />
  <attribute name="GC Util Range Max" value="20" />
  <attribute name="Current GC Util" value="12" />
  <attribute name= "Current Time Running" value="5223" />
<allocation-satisfied id="784" threadId="00000000007C1A00" bytesRequested="32" />
<af-end id="785" timestamp="2019-08-02T21:31:10.198" threadId="00000000007C2388" success="true" from="nursery"/>
<exclusive-end id="786" timestamp="2019-08-02T21:31:10.198" durationms="1.587" />

<exclusive-start id="787" timestamp="2019-08-02T21:31:10.219" intervalms="22.474">
  <response-info timems="0.028" idlems="0.028" threads="0" lastid="00000000007C1A00" lastname="main" />
</exclusive-start>
<concurrent-collection-start id="788" timestamp="2019-08-02T21:31:10.219" intervalms="192.593" >
  <concurrent-trace-info reason="card cleaning threshold reached" tracedByMutators="338352" tracedByHelpers="1818280" cardsCleaned="123" workStackOverflowCount="0" />
</concurrent-collection-start>
<gc-start id="789" type="global" contextid="772" timestamp="2019-08-02T21:31:10.219">
  <mem-info id="790" free="384144" total="9830400" percent="3">
    <mem type="nursery" free="34560" total="3538944" percent="0">
      <mem type="allocate" free="34560" total="2752512" percent="1" />
      <mem type="survivor" free="0" total="786432" percent="0" />
    </mem>
    <mem type="tenure" free="349584" total="6291456" percent="5">
      <mem type="soa" free="35216" total="5977088" percent="0" />
      <mem type="loa" free="314368" total="314368" percent="100" />
    </mem>
    <remembered-set count="801" />
  </mem-info>
</gc-start>
<allocation-stats totalBytes="2424176" >
  <allocated-bytes non-tlh="328" tlh="2423848" />
  <largest-consumer threadName="main" threadId="00000000007C1A00" bytes="2424176" />
</allocation-stats>
<gc-op id="791" type="rs-scan" timems="0.450" contextid="772" timestamp="2019-08-02T21:31:10.220">
  <scan objectsFound="771" bytesTraced="364936" workStackOverflowCount="0" />
</gc-op>
<gc-op id="792" type="card-cleaning" timems="0.067" contextid="772" timestamp="2019-08-02T21:31:10.220">
  <card-cleaning cardsCleaned="3" bytesTraced="2516" workStackOverflowCount="0" />
</gc-op>
<gc-op id="793" type="mark" timems="1.628" contextid="772" timestamp="2019-08-02T21:31:10.222">
  <trace-info objectcount="85" scancount="83" scanbytes="2044" />
  <finalization candidates="80" enqueued="0" />
  <ownableSynchronizers candidates="21" cleared="0" />
  <references type="soft" candidates="1319" cleared="0" enqueued="0" dynamicThreshold="9" maxThreshold="32" />
  <references type="weak" candidates="4142" cleared="2" enqueued="1" />
  <references type="phantom" candidates="71" cleared="0" enqueued="0" />
  <stringconstants candidates="8310" cleared="0"  />
</gc-op>
<gc-op id="794" type="classunload" timems="0.003" contextid="772" timestamp="2019-08-02T21:31:10.222">
  <classunload-info classloadercandidates="15" classloadersunloaded="0" classesunloaded="0" anonymousclassesunloaded="0" quiescems="0.000" setupms="0.002" scanms="0.001" postms="0.000" />
</gc-op>
<gc-op id="795" type="sweep" timems="0.210" contextid="772" timestamp="2019-08-02T21:31:10.222" />
<gc-end id="796" type="global" contextid="772" durationms="3.664" usertimems="4.000" systemtimems="0.000" timestamp="2019-08-02T21:31:10.223" activeThreads="2">
  <mem-info id="797" free="3950688" total="9830400" percent="40">
    <mem type="nursery" free="2423576" total="3538944" percent="68">
      <mem type="allocate" free="2423576" total="2752512" percent="88" />
      <mem type="survivor" free="0" total="786432" percent="0" />
    </mem>
    <mem type="tenure" free="1527112" total="6291456" percent="24" micro-fragmented="71969" macro-fragmented="0">
      <mem type="soa" free="1212744" total="5977088" percent="20" />
      <mem type="loa" free="314368" total="314368" percent="100" />
    </mem>
    <pending-finalizers system="0" default="0" reference="1" classloader="0" />
    <remembered-set count="801" />
  </mem-info>
</gc-end>
<cycle-end id="798" type="global" contextid="772" timestamp="2019-08-02T21:31:10.223" />
  <attribute name="elasticGC enabled" value="1" />
  <attribute name= "numThreadsSpecified" value="2" />
  <attribute name="heapSize specified" value="0" />
  <attribute name= "numCores" value="8" />
  <attribute name ="GC Interval" value="0" />
  <attribute name ="Control flow" value="1" />
  <attribute name="GC Util Range Max" value="20" />
  <attribute name="Current GC Util" value="19" />
  <attribute name= "Current Time Running" value="5248" />
<concurrent-collection-end id="799" timestamp="2019-08-02T21:31:10.223" />
<exclusive-end id="800" timestamp="2019-08-02T21:31:10.223" durationms="3.978" />

<exclusive-start id="801" timestamp="2019-08-02T21:31:10.247" intervalms="27.664">
  <response-info timems="0.023" idlems="0.023" threads="0" lastid="00000000007C1A00" lastname="main" />
</exclusive-start>
<af-start id="802" threadId="00000000007C2388" totalBytesRequested="24" timestamp="2019-08-02T21:31:10.247" intervalms="50.145" type="nursery" />
<cycle-start id="803" type="scavenge" contextid="0" timestamp="2019-08-02T21:31:10.247" intervalms="50.133" />
<gc-start id="804" type="scavenge" contextid="803" timestamp="2019-08-02T21:31:10.247">
  <mem-info id="805" free="1501648" total="9830400" percent="15">
    <mem type="nursery" free="0" total="3538944" percent="0">
      <mem type="allocate" free="0" total="2752512" percent="0" />
      <mem type="survivor" free="0" total="786432" percent="0" />
    </mem>
    <mem type="tenure" free="1501648" total="6291456" percent="23">
      <mem type="soa" free="1187280" total="5977088" percent="19" />
      <mem type="loa" free="314368" total="314368" percent="100" />
    </mem>
    <remembered-set count="1164" />
  </mem-info>
</gc-start>
<allocation-stats totalBytes="2441176" >
  <allocated-bytes non-tlh="374112" tlh="2067064" />
  <largest-consumer threadName="main" threadId="00000000007C1A00" bytes="2441176" />
</allocation-stats>
<gc-op id="806" type="scavenge" timems="0.622" contextid="803" timestamp="2019-08-02T21:31:10.248">
  <scavenger-info tenureage="11" tenuremask="7800" tiltratio="77" />
  <memory-copied type="nursery" objects="8829" bytes="361304" bytesdiscarded="25320" />
  <ownableSynchronizers candidates="42" cleared="42" />
  <references type="soft" candidates="214" cleared="0" enqueued="0" dynamicThreshold="7" maxThreshold="32" />
  <references type="weak" candidates="88" cleared="6" enqueued="6" />
</gc-op>
<gc-end id="807" type="scavenge" contextid="803" durationms="0.792" usertimems="4.000" systemtimems="0.000" timestamp="2019-08-02T21:31:10.248" activeThreads="2">
  <mem-info id="808" free="3932888" total="9830400" percent="40">
    <mem type="nursery" free="2431240" total="3538944" percent="68">
      <mem type="allocate" free="2431240" total="2818048" percent="86" />
      <mem type="survivor" free="0" total="720896" percent="0" />
    </mem>
    <mem type="tenure" free="1501648" total="6291456" percent="23">
      <mem type="soa" free="1187280" total="5977088" percent="19" />
      <mem type="loa" free="314368" total="314368" percent="100" />
    </mem>
    <pending-finalizers system="0" default="0" reference="6" classloader="0" />
    <remembered-set count="1153" />
  </mem-info>
</gc-end>
<cycle-end id="809" type="scavenge" contextid="803" timestamp="2019-08-02T21:31:10.248" />
  <attribute name="elasticGC enabled" value="1" />
  <attribute name= "numThreadsSpecified" value="2" />
  <attribute name="heapSize specified" value="0" />
  <attribute name= "numCores" value="8" />
  <attribute name ="GC Interval" value="0" />
  <attribute name ="Control flow" value="1" />
  <attribute name="GC Util Range Max" value="20" />
  <attribute name="Current GC Util" value="16" />
  <attribute name= "Current Time Running" value="5273" />
<allocation-satisfied id="810" threadId="00000000007C1A00" bytesRequested="24" />
<af-end id="811" timestamp="2019-08-02T21:31:10.248" threadId="00000000007C2388" success="true" from="nursery"/>
<exclusive-end id="812" timestamp="2019-08-02T21:31:10.248" durationms="1.193" />

<exclusive-start id="813" timestamp="2019-08-02T21:31:10.283" intervalms="35.947">
  <response-info timems="0.055" idlems="0.055" threads="0" lastid="00000000007C1A00" lastname="main" />
</exclusive-start>
<sys-start reason="explicit" id="814" timestamp="2019-08-02T21:31:10.283" intervalms="5500.305" />
<cycle-start id="815" type="global" contextid="0" timestamp="2019-08-02T21:31:10.283" intervalms="87.335" />
<gc-start id="816" type="global" contextid="815" timestamp="2019-08-02T21:31:10.283">
  <mem-info id="817" free="2540552" total="9830400" percent="25">
    <mem type="nursery" free="1051560" total="3538944" percent="29">
      <mem type="allocate" free="1051560" total="2818048" percent="37" />
      <mem type="survivor" free="0" total="720896" percent="0" />
    </mem>
    <mem type="tenure" free="1488992" total="6291456" percent="23">
      <mem type="soa" free="1174624" total="5977088" percent="19" />
      <mem type="loa" free="314368" total="314368" percent="100" />
    </mem>
    <remembered-set count="1392" />
  </mem-info>
</gc-start>
<allocation-stats totalBytes="1389816" >
  <allocated-bytes non-tlh="210568" tlh="1179248" />
  <largest-consumer threadName="main" threadId="00000000007C1A00" bytes="1389816" />
</allocation-stats>
<gc-op id="818" type="mark" timems="3.067" contextid="815" timestamp="2019-08-02T21:31:10.286">
  <trace-info objectcount="74502" scancount="62251" scanbytes="2119796" />
  <finalization candidates="80" enqueued="0" />
  <ownableSynchronizers candidates="21" cleared="0" />
  <references type="soft" candidates="1640" cleared="0" enqueued="0" dynamicThreshold="7" maxThreshold="32" />
  <references type="weak" candidates="4414" cleared="42" enqueued="32" />
  <references type="phantom" candidates="72" cleared="2" enqueued="2" />
  <stringconstants candidates="8680" cleared="15"  />
</gc-op>
<gc-op id="819" type="classunload" timems="0.324" contextid="815" timestamp="2019-08-02T21:31:10.287">
  <classunload-info classloadercandidates="17" classloadersunloaded="1" classesunloaded="1" anonymousclassesunloaded="0" quiescems="0.000" setupms="0.317" scanms="0.005" postms="0.002" />
</gc-op>
<gc-op id="820" type="sweep" timems="0.199" contextid="815" timestamp="2019-08-02T21:31:10.287" />
<mem-info id="821" free="4654728" total="9830400" percent="47">
  <mem type="nursery" free="2550112" total="3538944" percent="72">
    <mem type="allocate" free="2550112" total="2818048" percent="90" />
    <mem type="survivor" free="0" total="720896" percent="0" />
  </mem>
  <mem type="tenure" free="2104616" total="6291456" percent="33" micro-fragmented="98891" macro-fragmented="0">
    <mem type="soa" free="1790248" total="5977088" percent="29" />
    <mem type="loa" free="314368" total="314368" percent="100" />
  </mem>
  <pending-finalizers system="0" default="0" reference="34" classloader="0" />
  <remembered-set count="693" />
</mem-info>
<gc-op id="822" type="compact" timems="16.358" contextid="815" timestamp="2019-08-02T21:31:10.303">
  <compact-info movecount="70073" movebytes="4088392" reason="compact on aggressive collection" />
</gc-op>
<gc-end id="823" type="global" contextid="815" durationms="20.644" usertimems="28.000" systemtimems="0.000" timestamp="2019-08-02T21:31:10.304" activeThreads="1">
  <mem-info id="824" free="4837128" total="9830400" percent="49">
    <mem type="nursery" free="2633256" total="3538944" percent="74">
      <mem type="allocate" free="2633256" total="2818048" percent="93" />
      <mem type="survivor" free="0" total="720896" percent="0" />
    </mem>
    <mem type="tenure" free="2203872" total="6291456" percent="35">
      <mem type="soa" free="1889504" total="5977088" percent="31" />
      <mem type="loa" free="314368" total="314368" percent="100" />
    </mem>
    <pending-finalizers system="0" default="0" reference="34" classloader="0" />
    <remembered-set count="693" />
  </mem-info>
</gc-end>
<cycle-end id="825" type="global" contextid="815" timestamp="2019-08-02T21:31:10.304" />
  <attribute name="elasticGC enabled" value="1" />
  <attribute name= "numThreadsSpecified" value="1" />
  <attribute name="heapSize specified" value="0" />
  <attribute name= "numCores" value="8" />
  <attribute name ="GC Interval" value="0" />
  <attribute name ="Control flow" value="1" />
  <attribute name="GC Util Range Max" value="20" />
  <attribute name="Current GC Util" value="30" />
  <attribute name= "Current Time Running" value="5329" />
<sys-end id="826" timestamp="2019-08-02T21:31:10.304" />
<exclusive-end id="827" timestamp="2019-08-02T21:31:10.304" durationms="21.136" />

<exclusive-start id="828" timestamp="2019-08-02T21:31:10.377" intervalms="94.217">
  <response-info timems="0.030" idlems="0.030" threads="0" lastid="00000000007C1A00" lastname="main" />
</exclusive-start>
<af-start id="829" threadId="00000000007C2388" totalBytesRequested="24" timestamp="2019-08-02T21:31:10.377" intervalms="130.234" type="nursery" />
<cycle-start id="830" type="scavenge" contextid="0" timestamp="2019-08-02T21:31:10.377" intervalms="130.239" />
<gc-start id="831" type="scavenge" contextid="830" timestamp="2019-08-02T21:31:10.377">
  <mem-info id="832" free="2202080" total="9830400" percent="22">
    <mem type="nursery" free="0" total="3538944" percent="0">
      <mem type="allocate" free="0" total="2818048" percent="0" />
      <mem type="survivor" free="0" total="720896" percent="0" />
    </mem>
    <mem type="tenure" free="2202080" total="6291456" percent="35">
      <mem type="soa" free="1887712" total="5977088" percent="31" />
      <mem type="loa" free="314368" total="314368" percent="100" />
    </mem>
    <remembered-set count="761" />
  </mem-info>
</gc-start>
<allocation-stats totalBytes="2634720" >
  <allocated-bytes non-tlh="463952" tlh="2170768" />
  <largest-consumer threadName="main" threadId="00000000007C1A00" bytes="2626472" />
</allocation-stats>
<gc-op id="833" type="scavenge" timems="0.783" contextid="830" timestamp="2019-08-02T21:31:10.378">
  <scavenger-info tenureage="11" tenuremask="7800" tiltratio="79" />
  <memory-copied type="nursery" objects="5583" bytes="516808" bytesdiscarded="65320" />
  <ownableSynchronizers candidates="42" cleared="42" />
  <references type="soft" candidates="355" cleared="0" enqueued="0" dynamicThreshold="11" maxThreshold="32" />
  <references type="weak" candidates="293" cleared="11" enqueued="11" />
  <references type="phantom" candidates="5" cleared="2" enqueued="2" />
</gc-op>
<gc-end id="834" type="scavenge" contextid="830" durationms="1.009" usertimems="4.000" systemtimems="0.000" timestamp="2019-08-02T21:31:10.378" activeThreads="1">
  <mem-info id="835" free="4372184" total="9830400" percent="44">
    <mem type="nursery" free="2170104" total="3538944" percent="61">
      <mem type="allocate" free="2170104" total="2752512" percent="78" />
      <mem type="survivor" free="0" total="786432" percent="0" />
    </mem>
    <mem type="tenure" free="2202080" total="6291456" percent="35">
      <mem type="soa" free="1887712" total="5977088" percent="31" />
      <mem type="loa" free="314368" total="314368" percent="100" />
    </mem>
    <pending-finalizers system="0" default="0" reference="13" classloader="0" />
    <remembered-set count="719" />
  </mem-info>
</gc-end>
<cycle-end id="836" type="scavenge" contextid="830" timestamp="2019-08-02T21:31:10.378" />
  <attribute name="elasticGC enabled" value="1" />
  <attribute name= "numThreadsSpecified" value="1" />
  <attribute name="heapSize specified" value="0" />
  <attribute name= "numCores" value="8" />
  <attribute name ="GC Interval" value="0" />
  <attribute name ="Control flow" value="1" />
  <attribute name="GC Util Range Max" value="20" />
  <attribute name="Current GC Util" value="26" />
  <attribute name= "Current Time Running" value="5403" />
<allocation-satisfied id="837" threadId="00000000007C1A00" bytesRequested="24" />
<af-end id="838" timestamp="2019-08-02T21:31:10.379" threadId="00000000007C2388" success="true" from="nursery"/>
<exclusive-end id="839" timestamp="2019-08-02T21:31:10.379" durationms="1.569" />

<exclusive-start id="840" timestamp="2019-08-02T21:31:10.423" intervalms="46.021">
  <response-info timems="0.067" idlems="0.067" threads="0" lastid="00000000007C1A00" lastname="main" />
</exclusive-start>
<af-start id="841" threadId="00000000007C2388" totalBytesRequested="24" timestamp="2019-08-02T21:31:10.423" intervalms="46.034" type="nursery" />
<cycle-start id="842" type="scavenge" contextid="0" timestamp="2019-08-02T21:31:10.423" intervalms="46.058" />
<gc-start id="843" type="scavenge" contextid="842" timestamp="2019-08-02T21:31:10.423">
  <mem-info id="844" free="2202080" total="9830400" percent="22">
    <mem type="nursery" free="0" total="3538944" percent="0">
      <mem type="allocate" free="0" total="2752512" percent="0" />
      <mem type="survivor" free="0" total="786432" percent="0" />
    </mem>
    <mem type="tenure" free="2202080" total="6291456" percent="35">
      <mem type="soa" free="1887712" total="5977088" percent="31" />
      <mem type="loa" free="314368" total="314368" percent="100" />
    </mem>
    <remembered-set count="722" />
  </mem-info>
</gc-start>
<allocation-stats totalBytes="2169928" >
  <allocated-bytes non-tlh="24" tlh="2169904" />
  <largest-consumer threadName="main" threadId="00000000007C1A00" bytes="2165832" />
</allocation-stats>
<gc-op id="845" type="scavenge" timems="0.632" contextid="842" timestamp="2019-08-02T21:31:10.424">
  <scavenger-info tenureage="11" tenuremask="7800" tiltratio="77" />
  <memory-copied type="nursery" objects="5552" bytes="515840" bytesdiscarded="6384" />
  <references type="soft" candidates="355" cleared="0" enqueued="0" dynamicThreshold="11" maxThreshold="32" />
  <references type="weak" candidates="281" cleared="0" enqueued="0" />
  <references type="phantom" candidates="3" cleared="0" enqueued="0" />
</gc-op>
<gc-end id="846" type="scavenge" contextid="842" durationms="0.890" usertimems="0.000" systemtimems="0.000" timestamp="2019-08-02T21:31:10.424" activeThreads="2">
  <mem-info id="847" free="4563160" total="9830400" percent="46">
    <mem type="nursery" free="2361080" total="3538944" percent="66">
      <mem type="allocate" free="2361080" total="2883584" percent="81" />
      <mem type="survivor" free="0" total="655360" percent="0" />
    </mem>
    <mem type="tenure" free="2202080" total="6291456" percent="35">
      <mem type="soa" free="1887712" total="5977088" percent="31" />
      <mem type="loa" free="314368" total="314368" percent="100" />
    </mem>
    <remembered-set count="394" />
  </mem-info>
</gc-end>
<cycle-end id="848" type="scavenge" contextid="842" timestamp="2019-08-02T21:31:10.424" />
  <attribute name="elasticGC enabled" value="1" />
  <attribute name= "numThreadsSpecified" value="2" />
  <attribute name="heapSize specified" value="0" />
  <attribute name= "numCores" value="8" />
  <attribute name ="GC Interval" value="0" />
  <attribute name ="Control flow" value="1" />
  <attribute name="GC Util Range Max" value="20" />
  <attribute name="Current GC Util" value="2" />
  <attribute name= "Current Time Running" value="5449" />
<allocation-satisfied id="849" threadId="00000000007C1A00" bytesRequested="24" />
<af-end id="850" timestamp="2019-08-02T21:31:10.424" threadId="00000000007C2388" success="true" from="nursery"/>
<exclusive-end id="851" timestamp="2019-08-02T21:31:10.424" durationms="1.443" />

<exclusive-start id="852" timestamp="2019-08-02T21:31:10.473" intervalms="50.352">
  <response-info timems="0.082" idlems="0.082" threads="0" lastid="00000000007C1A00" lastname="main" />
</exclusive-start>
<af-start id="853" threadId="00000000007C2388" totalBytesRequested="24" timestamp="2019-08-02T21:31:10.474" intervalms="50.384" type="nursery" />
<cycle-start id="854" type="scavenge" contextid="0" timestamp="2019-08-02T21:31:10.474" intervalms="50.397" />
<gc-start id="855" type="scavenge" contextid="854" timestamp="2019-08-02T21:31:10.474">
  <mem-info id="856" free="2202080" total="9830400" percent="22">
    <mem type="nursery" free="0" total="3538944" percent="0">
      <mem type="allocate" free="0" total="2883584" percent="0" />
      <mem type="survivor" free="0" total="655360" percent="0" />
    </mem>
    <mem type="tenure" free="2202080" total="6291456" percent="35">
      <mem type="soa" free="1887712" total="5977088" percent="31" />
      <mem type="loa" free="314368" total="314368" percent="100" />
    </mem>
    <remembered-set count="394" />
  </mem-info>
</gc-start>
<allocation-stats totalBytes="2360896" >
  <allocated-bytes non-tlh="24" tlh="2360872" />
  <largest-consumer threadName="main" threadId="00000000007C1A00" bytes="2360896" />
</allocation-stats>
<gc-op id="857" type="scavenge" timems="0.647" contextid="854" timestamp="2019-08-02T21:31:10.475">
  <scavenger-info tenureage="3" tenuremask="7808" tiltratio="81" />
  <memory-copied type="nursery" objects="2990" bytes="424208" bytesdiscarded="44104" />
  <memory-copied type="tenure" objects="2561" bytes="91608" bytesdiscarded="24" />
  <references type="soft" candidates="141" cleared="0" enqueued="0" dynamicThreshold="11" maxThreshold="32" />
  <references type="weak" candidates="219" cleared="0" enqueued="0" />
  <references type="phantom" candidates="3" cleared="0" enqueued="0" />
</gc-op>
<gc-end id="858" type="scavenge" contextid="854" durationms="0.937" usertimems="0.000" systemtimems="0.000" timestamp="2019-08-02T21:31:10.475" activeThreads="3">
  <mem-info id="859" free="4458952" total="9830400" percent="45">
    <mem type="nursery" free="2415080" total="3538944" percent="68">
      <mem type="allocate" free="2415080" total="2883584" percent="83" />
      <mem type="survivor" free="0" total="655360" percent="0" />
    </mem>
    <mem type="tenure" free="2043872" total="6291456" percent="32">
      <mem type="soa" free="1729504" total="5977088" percent="28" />
      <mem type="loa" free="314368" total="314368" percent="100" />
    </mem>
    <remembered-set count="261" />
  </mem-info>
</gc-end>
<cycle-end id="860" type="scavenge" contextid="854" timestamp="2019-08-02T21:31:10.475" />
  <attribute name="elasticGC enabled" value="1" />
  <attribute name= "numThreadsSpecified" value="3" />
  <attribute name="heapSize specified" value="0" />
  <attribute name= "numCores" value="8" />
  <attribute name ="GC Interval" value="0" />
  <attribute name ="Control flow" value="1" />
  <attribute name="GC Util Range Max" value="20" />
  <attribute name="Current GC Util" value="2" />
  <attribute name= "Current Time Running" value="5500" />
<allocation-satisfied id="861" threadId="00000000007C1A00" bytesRequested="24" />
<af-end id="862" timestamp="2019-08-02T21:31:10.475" threadId="00000000007C2388" success="true" from="nursery"/>
<exclusive-end id="863" timestamp="2019-08-02T21:31:10.475" durationms="1.530" />

<exclusive-start id="864" timestamp="2019-08-02T21:31:10.526" intervalms="52.776">
  <response-info timems="0.073" idlems="0.073" threads="0" lastid="00000000007C1A00" lastname="main" />
</exclusive-start>
<af-start id="865" threadId="00000000007C2388" totalBytesRequested="24" timestamp="2019-08-02T21:31:10.526" intervalms="52.690" type="nursery" />
<cycle-start id="866" type="scavenge" contextid="0" timestamp="2019-08-02T21:31:10.526" intervalms="52.645" />
<gc-start id="867" type="scavenge" contextid="866" timestamp="2019-08-02T21:31:10.526">
  <mem-info id="868" free="2043872" total="9830400" percent="20">
    <mem type="nursery" free="0" total="3538944" percent="0">
      <mem type="allocate" free="0" total="2883584" percent="0" />
      <mem type="survivor" free="0" total="655360" percent="0" />
    </mem>
    <mem type="tenure" free="2043872" total="6291456" percent="32">
      <mem type="soa" free="1729504" total="5977088" percent="28" />
      <mem type="loa" free="314368" total="314368" percent="100" />
    </mem>
    <remembered-set count="261" />
  </mem-info>
</gc-start>
<allocation-stats totalBytes="2414856" >
  <allocated-bytes non-tlh="24" tlh="2414832" />
  <largest-consumer threadName="main" threadId="00000000007C1A00" bytes="2414856" />
</allocation-stats>
<gc-op id="869" type="scavenge" timems="0.382" contextid="866" timestamp="2019-08-02T21:31:10.527">
  <scavenger-info tenureage="3" tenuremask="7808" tiltratio="81" />
  <memory-copied type="nursery" objects="72" bytes="34936" bytesdiscarded="45456" />
  <memory-copied type="tenure" objects="2920" bytes="389320" bytesdiscarded="496" />
  <references type="weak" candidates="18" cleared="0" enqueued="0" />
</gc-op>
<gc-end id="870" type="scavenge" contextid="866" durationms="0.537" usertimems="0.000" systemtimems="0.000" timestamp="2019-08-02T21:31:10.527" activeThreads="4">
  <mem-info id="871" free="4499648" total="9830400" percent="45">
    <mem type="nursery" free="2868720" total="3538944" percent="81">
      <mem type="allocate" free="2868720" total="2949120" percent="97" />
      <mem type="survivor" free="0" total="589824" percent="0" />
    </mem>
    <mem type="tenure" free="1630928" total="6291456" percent="25">
      <mem type="soa" free="1316560" total="5977088" percent="22" />
      <mem type="loa" free="314368" total="314368" percent="100" />
    </mem>
    <remembered-set count="91" />
  </mem-info>
</gc-end>
<cycle-end id="872" type="scavenge" contextid="866" timestamp="2019-08-02T21:31:10.527" />
  <attribute name="elasticGC enabled" value="1" />
  <attribute name= "numThreadsSpecified" value="4" />
  <attribute name="heapSize specified" value="0" />
  <attribute name= "numCores" value="8" />
  <attribute name ="GC Interval" value="0" />
  <attribute name ="Control flow" value="1" />
  <attribute name="GC Util Range Max" value="20" />
  <attribute name="Current GC Util" value="2" />
  <attribute name= "Current Time Running" value="5552" />
<allocation-satisfied id="873" threadId="00000000007C1A00" bytesRequested="24" />
<af-end id="874" timestamp="2019-08-02T21:31:10.527" threadId="00000000007C2388" success="true" from="nursery"/>
<exclusive-end id="875" timestamp="2019-08-02T21:31:10.527" durationms="0.960" />

<exclusive-start id="876" timestamp="2019-08-02T21:31:10.586" intervalms="60.242">
  <response-info timems="0.070" idlems="0.070" threads="0" lastid="00000000007C1A00" lastname="main" />
</exclusive-start>
<af-start id="877" threadId="00000000007C2388" totalBytesRequested="24" timestamp="2019-08-02T21:31:10.587" intervalms="60.240" type="nursery" />
<cycle-start id="878" type="scavenge" contextid="0" timestamp="2019-08-02T21:31:10.587" intervalms="60.239" />
<gc-start id="879" type="scavenge" contextid="878" timestamp="2019-08-02T21:31:10.587">
  <mem-info id="880" free="1630928" total="9830400" percent="16">
    <mem type="nursery" free="0" total="3538944" percent="0">
      <mem type="allocate" free="0" total="2949120" percent="0" />
      <mem type="survivor" free="0" total="589824" percent="0" />
    </mem>
    <mem type="tenure" free="1630928" total="6291456" percent="25">
      <mem type="soa" free="1316560" total="5977088" percent="22" />
      <mem type="loa" free="314368" total="314368" percent="100" />
    </mem>
    <remembered-set count="91" />
  </mem-info>
</gc-start>
<allocation-stats totalBytes="2868512" >
  <allocated-bytes non-tlh="24" tlh="2868488" />
  <largest-consumer threadName="main" threadId="00000000007C1A00" bytes="2868512" />
</allocation-stats>
<gc-op id="881" type="scavenge" timems="0.587" contextid="878" timestamp="2019-08-02T21:31:10.587">
  <scavenger-info tenureage="12" tenuremask="7000" tiltratio="83" />
  <memory-copied type="nursery" objects="70" bytes="34888" bytesdiscarded="45504" />
  <references type="weak" candidates="18" cleared="0" enqueued="0" />
</gc-op>
<gc-end id="882" type="scavenge" contextid="878" durationms="0.736" usertimems="4.000" systemtimems="0.000" timestamp="2019-08-02T21:31:10.587" activeThreads="5">
  <mem-info id="883" free="4565184" total="9830400" percent="46">
    <mem type="nursery" free="2934256" total="3538944" percent="82">
      <mem type="allocate" free="2934256" total="3014656" percent="97" />
      <mem type="survivor" free="0" total="524288" percent="0" />
    </mem>
    <mem type="tenure" free="1630928" total="6291456" percent="25">
      <mem type="soa" free="1316560" total="5977088" percent="22" />
      <mem type="loa" free="314368" total="314368" percent="100" />
    </mem>
    <remembered-set count="91" />
  </mem-info>
</gc-end>
<cycle-end id="884" type="scavenge" contextid="878" timestamp="2019-08-02T21:31:10.587" />
  <attribute name="elasticGC enabled" value="1" />
  <attribute name= "numThreadsSpecified" value="5" />
  <attribute name="heapSize specified" value="0" />
  <attribute name= "numCores" value="8" />
  <attribute name ="GC Interval" value="0" />
  <attribute name ="Control flow" value="1" />
  <attribute name="GC Util Range Max" value="20" />
  <attribute name="Current GC Util" value="1" />
  <attribute name= "Current Time Running" value="5612" />
<allocation-satisfied id="885" threadId="00000000007C1A00" bytesRequested="24" />
<af-end id="886" timestamp="2019-08-02T21:31:10.587" threadId="00000000007C2388" success="true" from="nursery"/>
<exclusive-end id="887" timestamp="2019-08-02T21:31:10.588" durationms="1.129" />

<exclusive-start id="888" timestamp="2019-08-02T21:31:10.651" intervalms="64.149">
  <response-info timems="0.068" idlems="0.068" threads="0" lastid="00000000007C1A00" lastname="main" />
</exclusive-start>
<af-start id="889" threadId="00000000007C2388" totalBytesRequested="24" timestamp="2019-08-02T21:31:10.651" intervalms="64.174" type="nursery" />
<cycle-start id="890" type="scavenge" contextid="0" timestamp="2019-08-02T21:31:10.651" intervalms="64.210" />
<gc-start id="891" type="scavenge" contextid="890" timestamp="2019-08-02T21:31:10.651">
  <mem-info id="892" free="1630928" total="9830400" percent="16">
    <mem type="nursery" free="0" total="3538944" percent="0">
      <mem type="allocate" free="0" total="3014656" percent="0" />
      <mem type="survivor" free="0" total="524288" percent="0" />
    </mem>
    <mem type="tenure" free="1630928" total="6291456" percent="25">
      <mem type="soa" free="1316560" total="5977088" percent="22" />
      <mem type="loa" free="314368" total="314368" percent="100" />
    </mem>
    <remembered-set count="91" />
  </mem-info>
</gc-start>
<allocation-stats totalBytes="2934016" >
  <allocated-bytes non-tlh="24" tlh="2933992" />
  <largest-consumer threadName="main" threadId="00000000007C1A00" bytes="2934016" />
</allocation-stats>
<gc-op id="893" type="scavenge" timems="0.597" contextid="890" timestamp="2019-08-02T21:31:10.652">
  <scavenger-info tenureage="7" tenuremask="6080" tiltratio="85" />
  <memory-copied type="nursery" objects="8" bytes="32960" bytesdiscarded="23632" />
  <memory-copied type="tenure" objects="62" bytes="1928" bytesdiscarded="0" />
</gc-op>
<gc-end id="894" type="scavenge" contextid="890" durationms="0.747" usertimems="0.000" systemtimems="0.000" timestamp="2019-08-02T21:31:10.652" activeThreads="6">
  <mem-info id="895" free="4720064" total="9830400" percent="48">
    <mem type="nursery" free="3089136" total="3538944" percent="87">
      <mem type="allocate" free="3089136" total="3145728" percent="98" />
      <mem type="survivor" free="0" total="393216" percent="0" />
    </mem>
    <mem type="tenure" free="1630928" total="6291456" percent="25">
      <mem type="soa" free="1316560" total="5977088" percent="22" />
      <mem type="loa" free="314368" total="314368" percent="100" />
    </mem>
    <remembered-set count="80" />
  </mem-info>
</gc-end>
<cycle-end id="896" type="scavenge" contextid="890" timestamp="2019-08-02T21:31:10.652" />
  <attribute name="elasticGC enabled" value="1" />
  <attribute name= "numThreadsSpecified" value="6" />
  <attribute name="heapSize specified" value="0" />
  <attribute name= "numCores" value="8" />
  <attribute name ="GC Interval" value="0" />
  <attribute name ="Control flow" value="1" />
  <attribute name="GC Util Range Max" value="20" />
  <attribute name="Current GC Util" value="2" />
  <attribute name= "Current Time Running" value="5677" />
<allocation-satisfied id="897" threadId="00000000007C1A00" bytesRequested="24" />
<af-end id="898" timestamp="2019-08-02T21:31:10.652" threadId="00000000007C2388" success="true" from="nursery"/>
<exclusive-end id="899" timestamp="2019-08-02T21:31:10.652" durationms="1.222" />

<exclusive-start id="900" timestamp="2019-08-02T21:31:10.706" intervalms="55.615">
  <response-info timems="4.952" idlems="4.952" threads="0" lastid="00000000007C1A00" lastname="main" />
</exclusive-start>
<af-start id="901" threadId="00000000007C2388" totalBytesRequested="24" timestamp="2019-08-02T21:31:10.706" intervalms="55.635" type="nursery" />
<cycle-start id="902" type="scavenge" contextid="0" timestamp="2019-08-02T21:31:10.706" intervalms="55.670" />
<gc-start id="903" type="scavenge" contextid="902" timestamp="2019-08-02T21:31:10.707">
  <mem-info id="904" free="1630928" total="9830400" percent="16">
    <mem type="nursery" free="0" total="3538944" percent="0">
      <mem type="allocate" free="0" total="3145728" percent="0" />
      <mem type="survivor" free="0" total="393216" percent="0" />
    </mem>
    <mem type="tenure" free="1630928" total="6291456" percent="25">
      <mem type="soa" free="1316560" total="5977088" percent="22" />
      <mem type="loa" free="314368" total="314368" percent="100" />
    </mem>
    <remembered-set count="80" />
  </mem-info>
</gc-start>
<allocation-stats totalBytes="3088856" >
  <allocated-bytes non-tlh="24" tlh="3088832" />
  <largest-consumer threadName="main" threadId="00000000007C1A00" bytes="3088856" />
</allocation-stats>
<gc-op id="905" type="scavenge" timems="0.614" contextid="902" timestamp="2019-08-02T21:31:10.707">
  <scavenger-info tenureage="14" tenuremask="4000" tiltratio="88" />
  <memory-copied type="nursery" objects="8" bytes="32960" bytesdiscarded="47440" />
</gc-op>
<gc-end id="906" type="scavenge" contextid="902" durationms="0.916" usertimems="0.000" systemtimems="0.000" timestamp="2019-08-02T21:31:10.707" activeThreads="7">
  <mem-info id="907" free="4696256" total="9830400" percent="47">
    <mem type="nursery" free="3065328" total="3538944" percent="86">
      <mem type="allocate" free="3065328" total="3145728" percent="97" />
      <mem type="survivor" free="0" total="393216" percent="0" />
    </mem>
    <mem type="tenure" free="1630928" total="6291456" percent="25">
      <mem type="soa" free="1316560" total="5977088" percent="22" />
      <mem type="loa" free="314368" total="314368" percent="100" />
    </mem>
    <remembered-set count="80" />
  </mem-info>
</gc-end>
<cycle-end id="908" type="scavenge" contextid="902" timestamp="2019-08-02T21:31:10.708" />
  <attribute name="elasticGC enabled" value="1" />
  <attribute name= "numThreadsSpecified" value="7" />
  <attribute name="heapSize specified" value="0" />
  <attribute name= "numCores" value="8" />
  <attribute name ="GC Interval" value="0" />
  <attribute name ="Control flow" value="1" />
  <attribute name="GC Util Range Max" value="20" />
  <attribute name="Current GC Util" value="2" />
  <attribute name= "Current Time Running" value="5732" />
<allocation-satisfied id="909" threadId="00000000007C1A00" bytesRequested="24" />
<af-end id="910" timestamp="2019-08-02T21:31:10.708" threadId="00000000007C2388" success="true" from="nursery"/>
<exclusive-end id="911" timestamp="2019-08-02T21:31:10.708" durationms="1.455" />

<exclusive-start id="912" timestamp="2019-08-02T21:31:10.719" intervalms="12.862">
  <response-info timems="0.025" idlems="0.025" threads="0" lastid="00000000007C1A00" lastname="main" />
</exclusive-start>
<af-start id="913" threadId="00000000007C2388" totalBytesRequested="24" timestamp="2019-08-02T21:31:10.719" intervalms="12.836" type="nursery" />
<cycle-start id="914" type="scavenge" contextid="0" timestamp="2019-08-02T21:31:10.719" intervalms="12.775" />
<gc-start id="915" type="scavenge" contextid="914" timestamp="2019-08-02T21:31:10.719">
  <mem-info id="916" free="1630928" total="9830400" percent="16">
    <mem type="nursery" free="0" total="3538944" percent="0">
      <mem type="allocate" free="0" total="3145728" percent="0" />
      <mem type="survivor" free="0" total="393216" percent="0" />
    </mem>
    <mem type="tenure" free="1630928" total="6291456" percent="25">
      <mem type="soa" free="1316560" total="5977088" percent="22" />
      <mem type="loa" free="314368" total="314368" percent="100" />
    </mem>
    <remembered-set count="80" />
  </mem-info>
</gc-start>
<allocation-stats totalBytes="3065080" >
  <allocated-bytes non-tlh="24" tlh="3065056" />
  <largest-consumer threadName="main" threadId="00000000007C1A00" bytes="3065080" />
</allocation-stats>
<gc-op id="917" type="scavenge" timems="0.779" contextid="914" timestamp="2019-08-02T21:31:10.720">
  <scavenger-info tenureage="3" tenuremask="fff8" tiltratio="88" />
  <memory-copied type="nursery" objects="9" bytes="32984" bytesdiscarded="47416" />
</gc-op>
<gc-end id="918" type="scavenge" contextid="914" durationms="0.922" usertimems="4.000" systemtimems="0.000" timestamp="2019-08-02T21:31:10.720" activeThreads="7">
  <mem-info id="919" free="4696256" total="9830400" percent="47">
    <mem type="nursery" free="3065328" total="3538944" percent="86">
      <mem type="allocate" free="3065328" total="3145728" percent="97" />
      <mem type="survivor" free="0" total="393216" percent="0" />
    </mem>
    <mem type="tenure" free="1630928" total="6291456" percent="25">
      <mem type="soa" free="1316560" total="5977088" percent="22" />
      <mem type="loa" free="314368" total="314368" percent="100" />
    </mem>
    <remembered-set count="80" />
  </mem-info>
</gc-end>
<cycle-end id="920" type="scavenge" contextid="914" timestamp="2019-08-02T21:31:10.720" />
  <attribute name="elasticGC enabled" value="1" />
  <attribute name= "numThreadsSpecified" value="7" />
  <attribute name="heapSize specified" value="0" />
  <attribute name= "numCores" value="8" />
  <attribute name ="GC Interval" value="0" />
  <attribute name ="Control flow" value="1" />
  <attribute name="GC Util Range Max" value="20" />
  <attribute name="Current GC Util" value="11" />
  <attribute name= "Current Time Running" value="5745" />
<allocation-satisfied id="921" threadId="00000000007C1A00" bytesRequested="24" />
<af-end id="922" timestamp="2019-08-02T21:31:10.720" threadId="00000000007C2388" success="true" from="nursery"/>
<exclusive-end id="923" timestamp="2019-08-02T21:31:10.720" durationms="1.365" />

<exclusive-start id="924" timestamp="2019-08-02T21:31:10.732" intervalms="12.574">
  <response-info timems="0.036" idlems="0.036" threads="0" lastid="00000000007C1A00" lastname="main" />
</exclusive-start>
<af-start id="925" threadId="00000000007C2388" totalBytesRequested="24" timestamp="2019-08-02T21:31:10.732" intervalms="12.550" type="nursery" />
<cycle-start id="926" type="scavenge" contextid="0" timestamp="2019-08-02T21:31:10.732" intervalms="12.579" />
<gc-start id="927" type="scavenge" contextid="926" timestamp="2019-08-02T21:31:10.732">
  <mem-info id="928" free="1630928" total="9830400" percent="16">
    <mem type="nursery" free="0" total="3538944" percent="0">
      <mem type="allocate" free="0" total="3145728" percent="0" />
      <mem type="survivor" free="0" total="393216" percent="0" />
    </mem>
    <mem type="tenure" free="1630928" total="6291456" percent="25">
      <mem type="soa" free="1316560" total="5977088" percent="22" />
      <mem type="loa" free="314368" total="314368" percent="100" />
    </mem>
    <remembered-set count="80" />
  </mem-info>
</gc-start>
<allocation-stats totalBytes="3065072" >
  <allocated-bytes non-tlh="24" tlh="3065048" />
  <largest-consumer threadName="main" threadId="00000000007C1A00" bytes="3065072" />
</allocation-stats>
<gc-op id="929" type="scavenge" timems="0.453" contextid="926" timestamp="2019-08-02T21:31:10.732">
  <scavenger-info tenureage="3" tenuremask="fff8" tiltratio="88" />
  <memory-copied type="nursery" objects="8" bytes="32960" bytesdiscarded="23632" />
</gc-op>
<gc-end id="930" type="scavenge" contextid="926" durationms="0.691" usertimems="0.000" systemtimems="0.000" timestamp="2019-08-02T21:31:10.733" activeThreads="7">
  <mem-info id="931" free="4720064" total="9830400" percent="48">
    <mem type="nursery" free="3089136" total="3538944" percent="87">
      <mem type="allocate" free="3089136" total="3145728" percent="98" />
      <mem type="survivor" free="0" total="393216" percent="0" />
    </mem>
    <mem type="tenure" free="1630928" total="6291456" percent="25">
      <mem type="soa" free="1316560" total="5977088" percent="22" />
      <mem type="loa" free="314368" total="314368" percent="100" />
    </mem>
    <remembered-set count="80" />
  </mem-info>
</gc-end>
<cycle-end id="932" type="scavenge" contextid="926" timestamp="2019-08-02T21:31:10.733" />
  <attribute name="elasticGC enabled" value="1" />
  <attribute name= "numThreadsSpecified" value="7" />
  <attribute name="heapSize specified" value="0" />
  <attribute name= "numCores" value="8" />
  <attribute name ="GC Interval" value="0" />
  <attribute name ="Control flow" value="1" />
  <attribute name="GC Util Range Max" value="20" />
  <attribute name="Current GC Util" value="10" />
  <attribute name= "Current Time Running" value="5758" />
<allocation-satisfied id="933" threadId="00000000007C1A00" bytesRequested="24" />
<af-end id="934" timestamp="2019-08-02T21:31:10.733" threadId="00000000007C2388" success="true" from="nursery"/>
<exclusive-end id="935" timestamp="2019-08-02T21:31:10.733" durationms="1.177" />

<exclusive-start id="936" timestamp="2019-08-02T21:31:10.744" intervalms="12.877">
  <response-info timems="0.071" idlems="0.071" threads="0" lastid="00000000007C1A00" lastname="main" />
</exclusive-start>
<af-start id="937" threadId="00000000007C2388" totalBytesRequested="24" timestamp="2019-08-02T21:31:10.745" intervalms="12.886" type="nursery" />
<cycle-start id="938" type="scavenge" contextid="0" timestamp="2019-08-02T21:31:10.745" intervalms="12.852" />
<gc-start id="939" type="scavenge" contextid="938" timestamp="2019-08-02T21:31:10.745">
  <mem-info id="940" free="1630928" total="9830400" percent="16">
    <mem type="nursery" free="0" total="3538944" percent="0">
      <mem type="allocate" free="0" total="3145728" percent="0" />
      <mem type="survivor" free="0" total="393216" percent="0" />
    </mem>
    <mem type="tenure" free="1630928" total="6291456" percent="25">
      <mem type="soa" free="1316560" total="5977088" percent="22" />
      <mem type="loa" free="314368" total="314368" percent="100" />
    </mem>
    <remembered-set count="80" />
  </mem-info>
</gc-start>
<allocation-stats totalBytes="3088912" >
  <allocated-bytes non-tlh="24" tlh="3088888" />
  <largest-consumer threadName="main" threadId="00000000007C1A00" bytes="3088912" />
</allocation-stats>
<gc-op id="941" type="scavenge" timems="0.870" contextid="938" timestamp="2019-08-02T21:31:10.746">
  <scavenger-info tenureage="3" tenuremask="fff8" tiltratio="88" />
  <memory-copied type="nursery" objects="9" bytes="32984" bytesdiscarded="47416" />
</gc-op>
<gc-end id="942" type="scavenge" contextid="938" durationms="1.141" usertimems="0.000" systemtimems="0.000" timestamp="2019-08-02T21:31:10.746" activeThreads="7">
  <mem-info id="943" free="4696256" total="9830400" percent="47">
    <mem type="nursery" free="3065328" total="3538944" percent="86">
      <mem type="allocate" free="3065328" total="3145728" percent="97" />
      <mem type="survivor" free="0" total="393216" percent="0" />
    </mem>
    <mem type="tenure" free="1630928" total="6291456" percent="25">
      <mem type="soa" free="1316560" total="5977088" percent="22" />
      <mem type="loa" free="314368" total="314368" percent="100" />
    </mem>
    <remembered-set count="80" />
  </mem-info>
</gc-end>
<cycle-end id="944" type="scavenge" contextid="938" timestamp="2019-08-02T21:31:10.746" />
  <attribute name="elasticGC enabled" value="1" />
  <attribute name= "numThreadsSpecified" value="7" />
  <attribute name="heapSize specified" value="0" />
  <attribute name= "numCores" value="8" />
  <attribute name ="GC Interval" value="0" />
  <attribute name ="Control flow" value="1" />
  <attribute name="GC Util Range Max" value="20" />
  <attribute name="Current GC Util" value="9" />
  <attribute name= "Current Time Running" value="5770" />
<allocation-satisfied id="945" threadId="00000000007C1A00" bytesRequested="24" />
<af-end id="946" timestamp="2019-08-02T21:31:10.746" threadId="00000000007C2388" success="true" from="nursery"/>
<exclusive-end id="947" timestamp="2019-08-02T21:31:10.746" durationms="1.876" />

<exclusive-start id="948" timestamp="2019-08-02T21:31:10.758" intervalms="13.047">
  <response-info timems="0.084" idlems="0.084" threads="0" lastid="00000000007C1A00" lastname="main" />
</exclusive-start>
<af-start id="949" threadId="00000000007C2388" totalBytesRequested="24" timestamp="2019-08-02T21:31:10.758" intervalms="13.043" type="nursery" />
<cycle-start id="950" type="scavenge" contextid="0" timestamp="2019-08-02T21:31:10.758" intervalms="13.069" />
<gc-start id="951" type="scavenge" contextid="950" timestamp="2019-08-02T21:31:10.758">
  <mem-info id="952" free="1630928" total="9830400" percent="16">
    <mem type="nursery" free="0" total="3538944" percent="0">
      <mem type="allocate" free="0" total="3145728" percent="0" />
      <mem type="survivor" free="0" total="393216" percent="0" />
    </mem>
    <mem type="tenure" free="1630928" total="6291456" percent="25">
      <mem type="soa" free="1316560" total="5977088" percent="22" />
      <mem type="loa" free="314368" total="314368" percent="100" />
    </mem>
    <remembered-set count="80" />
  </mem-info>
</gc-start>
<allocation-stats totalBytes="3065096" >
  <allocated-bytes non-tlh="24" tlh="3065072" />
  <largest-consumer threadName="main" threadId="00000000007C1A00" bytes="3065096" />
</allocation-stats>
<gc-op id="953" type="scavenge" timems="0.181" contextid="950" timestamp="2019-08-02T21:31:10.758">
  <scavenger-info tenureage="3" tenuremask="fff8" tiltratio="88" />
  <memory-copied type="nursery" objects="8" bytes="32960" bytesdiscarded="23632" />
</gc-op>
<gc-end id="954" type="scavenge" contextid="950" durationms="0.331" usertimems="0.000" systemtimems="0.000" timestamp="2019-08-02T21:31:10.758" activeThreads="7">
  <mem-info id="955" free="4720064" total="9830400" percent="48">
    <mem type="nursery" free="3089136" total="3538944" percent="87">
      <mem type="allocate" free="3089136" total="3145728" percent="98" />
      <mem type="survivor" free="0" total="393216" percent="0" />
    </mem>
    <mem type="tenure" free="1630928" total="6291456" percent="25">
      <mem type="soa" free="1316560" total="5977088" percent="22" />
      <mem type="loa" free="314368" total="314368" percent="100" />
    </mem>
    <remembered-set count="80" />
  </mem-info>
</gc-end>
<cycle-end id="956" type="scavenge" contextid="950" timestamp="2019-08-02T21:31:10.758" />
  <attribute name="elasticGC enabled" value="1" />
  <attribute name= "numThreadsSpecified" value="7" />
  <attribute name="heapSize specified" value="0" />
  <attribute name= "numCores" value="8" />
  <attribute name ="GC Interval" value="0" />
  <attribute name ="Control flow" value="1" />
  <attribute name="GC Util Range Max" value="20" />
  <attribute name="Current GC Util" value="10" />
  <attribute name= "Current Time Running" value="5784" />
<allocation-satisfied id="957" threadId="00000000007C1A00" bytesRequested="24" />
<af-end id="958" timestamp="2019-08-02T21:31:10.758" threadId="00000000007C2388" success="true" from="nursery"/>
<exclusive-end id="959" timestamp="2019-08-02T21:31:10.758" durationms="0.775" />

<exclusive-start id="960" timestamp="2019-08-02T21:31:10.770" intervalms="12.260">
  <response-info timems="0.072" idlems="0.072" threads="0" lastid="00000000007C1A00" lastname="main" />
</exclusive-start>
<af-start id="961" threadId="00000000007C2388" totalBytesRequested="24" timestamp="2019-08-02T21:31:10.770" intervalms="12.262" type="nursery" />
<cycle-start id="962" type="scavenge" contextid="0" timestamp="2019-08-02T21:31:10.770" intervalms="12.227" />
<gc-start id="963" type="scavenge" contextid="962" timestamp="2019-08-02T21:31:10.770">
  <mem-info id="964" free="1630928" total="9830400" percent="16">
    <mem type="nursery" free="0" total="3538944" percent="0">
      <mem type="allocate" free="0" total="3145728" percent="0" />
      <mem type="survivor" free="0" total="393216" percent="0" />
    </mem>
    <mem type="tenure" free="1630928" total="6291456" percent="25">
      <mem type="soa" free="1316560" total="5977088" percent="22" />
      <mem type="loa" free="314368" total="314368" percent="100" />
    </mem>
    <remembered-set count="80" />
  </mem-info>
</gc-start>
<allocation-stats totalBytes="3088912" >
  <allocated-bytes non-tlh="24" tlh="3088888" />
  <largest-consumer threadName="main" threadId="00000000007C1A00" bytes="3088912" />
</allocation-stats>
<gc-op id="965" type="scavenge" timems="0.993" contextid="962" timestamp="2019-08-02T21:31:10.771">
  <scavenger-info tenureage="3" tenuremask="fff8" tiltratio="88" />
  <memory-copied type="nursery" objects="9" bytes="32984" bytesdiscarded="47416" />
</gc-op>
<heap-resize id="966" type="expand" space="nursery" amount="262144" count="1" timems="0.016" reason="excessive time being spent scavenging" timestamp="2019-08-02T21:31:10.771" />
<gc-end id="967" type="scavenge" contextid="962" durationms="1.189" usertimems="0.000" systemtimems="0.000" timestamp="2019-08-02T21:31:10.771" activeThreads="8">
  <mem-info id="968" free="4892864" total="10092544" percent="48">
    <mem type="nursery" free="3261936" total="3801088" percent="85">
      <mem type="allocate" free="3261936" total="3342336" percent="97" />
      <mem type="survivor" free="0" total="458752" percent="0" />
    </mem>
    <mem type="tenure" free="1630928" total="6291456" percent="25">
      <mem type="soa" free="1316560" total="5977088" percent="22" />
      <mem type="loa" free="314368" total="314368" percent="100" />
    </mem>
    <remembered-set count="80" />
  </mem-info>
</gc-end>
<cycle-end id="969" type="scavenge" contextid="962" timestamp="2019-08-02T21:31:10.771" />
  <attribute name="elasticGC enabled" value="1" />
  <attribute name= "numThreadsSpecified" value="8" />
  <attribute name="heapSize specified" value="0" />
  <attribute name= "numCores" value="8" />
  <attribute name ="GC Interval" value="0" />
  <attribute name ="Control flow" value="1" />
  <attribute name="GC Util Range Max" value="20" />
  <attribute name="Current GC Util" value="4" />
  <attribute name= "Current Time Running" value="5796" />
<allocation-satisfied id="970" threadId="00000000007C1A00" bytesRequested="24" />
<af-end id="971" timestamp="2019-08-02T21:31:10.771" threadId="00000000007C2388" success="true" from="nursery"/>
<exclusive-end id="972" timestamp="2019-08-02T21:31:10.771" durationms="1.574" />

</verbosegc>

