<?xml version="1.0" ?>

<verbosegc xmlns="http://www.ibm.com/j9/verbosegc" version="08cc62e_CMPRSS">

<initialized id="1" timestamp="2019-08-02T20:07:45.800">
  <attribute name="gcPolicy" value="-Xgcpolicy:gencon" />
  <attribute name="elasticGC enabled" value="1" />
  <attribute name= "numThreadsSpecified" value="0" />
  <attribute name="heapSize specified" value="0" />
  <attribute name= "numCores" value="0" />
  <attribute name ="GC Interval" value="0" />
  <attribute name="GC Util Range Max" value="0" />
  <attribute name="Current GC Util" value="0" />
  <attribute name= "Current Time Running" value="0" />
  <attribute name="maxHeapSize" value="0x7cba0000" />
  <attribute name="initialHeapSize" value="0x800000" />
  <attribute name="compressedRefs" value="true" />
  <attribute name="compressedRefsDisplacement" value="0x0" />
  <attribute name="compressedRefsShift" value="0x0" />
  <attribute name="pageSize" value="0x1000" />
  <attribute name="pageType" value="not used" />
  <attribute name="requestedPageSize" value="0x1000" />
  <attribute name="requestedPageType" value="not used" />
  <attribute name="gcthreads" value="8" />
  <attribute name="gcthreads Concurrent Mark" value="1" />
  <attribute name="packetListSplit" value="8" />
  <attribute name="cacheListSplit" value="8" />
  <attribute name="splitFreeListSplitAmount" value="1" />
  <attribute name="numaNodes" value="0" />
  <system>
    <attribute name="physicalMemory" value="8370401280" />
    <attribute name="numCPUs" value="8" />
    <attribute name="architecture" value="amd64" />
    <attribute name="os" value="Linux" />
    <attribute name="osVersion" value="4.4.0-154-generic" />
  </system>
  <vmargs>
    <vmarg name="-Xoptionsfile=/vagrant/jdk/lib/options.default" />
    <vmarg name="-Xlockword:mode=default,noLockword=java/lang/String,noLockword=java/util/MapEntry,noLockword=java/util/HashMap$Entry,noLockword..." />
    <vmarg name="-Xjcl:jclse29" />
    <vmarg name="-Dcom.ibm.oti.vm.bootstrap.library.path=/vagrant/jdk/lib/compressedrefs:/vagrant/jdk/lib" />
    <vmarg name="-Dsun.boot.library.path=/vagrant/jdk/lib/compressedrefs:/vagrant/jdk/lib" />
    <vmarg name="-Djava.library.path=/vagrant/jdk/lib/compressedrefs:/vagrant/jdk/lib:/usr/lib64:/usr/lib" />
    <vmarg name="-Djava.home=/vagrant/jdk" />
    <vmarg name="-Duser.dir=/vagrant" />
    <vmarg name="-Xgcelastic" />
    <vmarg name="-Xcheck:gc:::elasticGC" />
    <vmarg name="-verbose:gc" />
    <vmarg name="-Xloggc:jdkB-small-GEN-8core-verbose2sunflow.txt" />
    <vmarg name="-Djava.class.path=dacapo-9.12-MR1-bach.jar" />
    <vmarg name="-Dsun.java.command=dacapo-9.12-MR1-bach.jar sunflow --size=small" />
    <vmarg name="-Dsun.java.launcher=SUN_STANDARD" />
    <vmarg name="-Dsun.java.launcher.pid=14303" />
  </vmargs>
</initialized>

<exclusive-start id="2" timestamp="2019-08-02T20:07:45.990" intervalms="189.350">
  <response-info timems="0.028" idlems="0.028" threads="0" lastid="0000000002220A00" lastname="main" />
</exclusive-start>
<af-start id="3" threadId="0000000002221388" totalBytesRequested="7184" timestamp="2019-08-02T20:07:45.990" intervalms="189.647" type="nursery" />
<cycle-start id="4" type="scavenge" contextid="0" timestamp="2019-08-02T20:07:45.990" intervalms="189.941" />
<gc-start id="5" type="scavenge" contextid="4" timestamp="2019-08-02T20:07:45.991">
  <mem-info id="6" free="6062624" total="8388608" percent="72">
    <mem type="nursery" free="0" total="2097152" percent="0">
      <mem type="allocate" free="0" total="1048576" percent="0" />
      <mem type="survivor" free="0" total="1048576" percent="0" />
    </mem>
    <mem type="tenure" free="6062624" total="6291456" percent="96">
      <mem type="soa" free="5748256" total="5977088" percent="96" />
      <mem type="loa" free="314368" total="314368" percent="100" />
    </mem>
    <remembered-set count="3161" />
  </mem-info>
</gc-start>
<allocation-stats totalBytes="1271568" >
  <allocated-bytes non-tlh="344784" tlh="926784" />
  <largest-consumer threadName="main" threadId="0000000002220A00" bytes="1177864" />
</allocation-stats>
<gc-op id="7" type="scavenge" timems="2.038" contextid="4" timestamp="2019-08-02T20:07:45.993">
  <scavenger-info tenureage="2" tenuremask="fffc" tiltratio="50" />
  <memory-copied type="nursery" objects="10594" bytes="471064" bytesdiscarded="199480" />
  <finalization candidates="11" enqueued="0" />
  <references type="soft" candidates="62" cleared="0" enqueued="0" dynamicThreshold="32" maxThreshold="32" />
  <references type="weak" candidates="307" cleared="176" enqueued="140" />
  <references type="phantom" candidates="22" cleared="5" enqueued="5" />
</gc-op>
<gc-end id="8" type="scavenge" contextid="4" durationms="2.458" usertimems="4.000" systemtimems="4.000" timestamp="2019-08-02T20:07:45.993" activeThreads="8">
  <mem-info id="9" free="6438536" total="8388608" percent="76">
    <mem type="nursery" free="375912" total="2097152" percent="17">
      <mem type="allocate" free="375912" total="1048576" percent="35" />
      <mem type="survivor" free="0" total="1048576" percent="0" />
    </mem>
    <mem type="tenure" free="6062624" total="6291456" percent="96">
      <mem type="soa" free="5748256" total="5977088" percent="96" />
      <mem type="loa" free="314368" total="314368" percent="100" />
    </mem>
    <pending-finalizers system="0" default="0" reference="145" classloader="0" />
    <remembered-set count="3161" />
  </mem-info>
</gc-end>
<cycle-end id="10" type="scavenge" contextid="4" timestamp="2019-08-02T20:07:45.993" />
  <attribute name="elasticGC enabled" value="1" />
  <attribute name= "numThreadsSpecified" value="0" />
  <attribute name="heapSize specified" value="0" />
  <attribute name= "numCores" value="8" />
  <attribute name ="GC Interval" value="0" />
  <attribute name ="Control flow" value="2" />
  <attribute name="GC Util Range Max" value="10" />
  <attribute name="Current GC Util" value="0" />
  <attribute name= "Current Time Running" value="0" />
<allocation-satisfied id="11" threadId="0000000002220A00" bytesRequested="7184" />
<af-end id="12" timestamp="2019-08-02T20:07:45.993" threadId="0000000002221388" success="true" from="nursery"/>
<exclusive-end id="13" timestamp="2019-08-02T20:07:45.993" durationms="3.873" />

<exclusive-start id="14" timestamp="2019-08-02T20:07:46.008" intervalms="18.583">
  <response-info timems="0.071" idlems="0.071" threads="0" lastid="0000000002220A00" lastname="main" />
</exclusive-start>
<af-start id="15" threadId="0000000002221388" totalBytesRequested="64" timestamp="2019-08-02T20:07:46.008" intervalms="18.430" type="nursery" />
<cycle-start id="16" type="scavenge" contextid="0" timestamp="2019-08-02T20:07:46.008" intervalms="18.271" />
<gc-start id="17" type="scavenge" contextid="16" timestamp="2019-08-02T20:07:46.009">
  <mem-info id="18" free="6054976" total="8388608" percent="72">
    <mem type="nursery" free="0" total="2097152" percent="0">
      <mem type="allocate" free="0" total="1048576" percent="0" />
      <mem type="survivor" free="0" total="1048576" percent="0" />
    </mem>
    <mem type="tenure" free="6054976" total="6291456" percent="96">
      <mem type="soa" free="5740608" total="5977088" percent="96" />
      <mem type="loa" free="314368" total="314368" percent="100" />
    </mem>
    <remembered-set count="3261" />
  </mem-info>
</gc-start>
<allocation-stats totalBytes="381968" >
  <allocated-bytes non-tlh="14832" tlh="367136" />
  <largest-consumer threadName="main" threadId="0000000002220A00" bytes="369992" />
</allocation-stats>
<gc-op id="19" type="scavenge" timems="0.803" contextid="16" timestamp="2019-08-02T20:07:46.010">
  <scavenger-info tenureage="5" tenuremask="7fe0" tiltratio="50" />
  <memory-copied type="nursery" objects="10914" bytes="486280" bytesdiscarded="85952" />
  <finalization candidates="11" enqueued="0" />
  <references type="soft" candidates="62" cleared="0" enqueued="0" dynamicThreshold="32" maxThreshold="32" />
  <references type="weak" candidates="236" cleared="92" enqueued="89" />
  <references type="phantom" candidates="37" cleared="12" enqueued="12" />
</gc-op>
<gc-end id="20" type="scavenge" contextid="16" durationms="1.221" usertimems="4.000" systemtimems="0.000" timestamp="2019-08-02T20:07:46.010" activeThreads="8">
  <mem-info id="21" free="6529832" total="8388608" percent="77">
    <mem type="nursery" free="474856" total="2097152" percent="22">
      <mem type="allocate" free="474856" total="1048576" percent="45" />
      <mem type="survivor" free="0" total="1048576" percent="0" />
    </mem>
    <mem type="tenure" free="6054976" total="6291456" percent="96">
      <mem type="soa" free="5740608" total="5977088" percent="96" />
      <mem type="loa" free="314368" total="314368" percent="100" />
    </mem>
    <pending-finalizers system="0" default="0" reference="101" classloader="0" />
    <remembered-set count="3261" />
  </mem-info>
</gc-end>
<cycle-end id="22" type="scavenge" contextid="16" timestamp="2019-08-02T20:07:46.010" />
  <attribute name="elasticGC enabled" value="1" />
  <attribute name= "numThreadsSpecified" value="0" />
  <attribute name="heapSize specified" value="0" />
  <attribute name= "numCores" value="8" />
  <attribute name ="GC Interval" value="0" />
  <attribute name ="Control flow" value="2" />
  <attribute name="GC Util Range Max" value="26" />
  <attribute name="Current GC Util" value="26" />
  <attribute name= "Current Time Running" value="18" />
<allocation-satisfied id="23" threadId="0000000002220A00" bytesRequested="64" />
<af-end id="24" timestamp="2019-08-02T20:07:46.010" threadId="0000000002221388" success="true" from="nursery"/>
<exclusive-end id="25" timestamp="2019-08-02T20:07:46.010" durationms="1.941" />

<exclusive-start id="26" timestamp="2019-08-02T20:07:46.025" intervalms="16.725">
  <response-info timems="0.069" idlems="0.069" threads="0" lastid="0000000002220A00" lastname="main" />
</exclusive-start>
<af-start id="27" threadId="0000000002221388" totalBytesRequested="16392" timestamp="2019-08-02T20:07:46.025" intervalms="16.682" type="nursery" />
<cycle-start id="28" type="scavenge" contextid="0" timestamp="2019-08-02T20:07:46.025" intervalms="16.608" />
<gc-start id="29" type="scavenge" contextid="28" timestamp="2019-08-02T20:07:46.025">
  <mem-info id="30" free="6052200" total="8388608" percent="72">
    <mem type="nursery" free="0" total="2097152" percent="0">
      <mem type="allocate" free="0" total="1048576" percent="0" />
      <mem type="survivor" free="0" total="1048576" percent="0" />
    </mem>
    <mem type="tenure" free="6052200" total="6291456" percent="96">
      <mem type="soa" free="5737832" total="5977088" percent="95" />
      <mem type="loa" free="314368" total="314368" percent="100" />
    </mem>
    <remembered-set count="3295" />
  </mem-info>
</gc-start>
<allocation-stats totalBytes="440136" >
  <allocated-bytes non-tlh="2840" tlh="437296" />
  <largest-consumer threadName="main" threadId="0000000002220A00" bytes="431944" />
</allocation-stats>
<gc-op id="31" type="scavenge" timems="0.855" contextid="28" timestamp="2019-08-02T20:07:46.026">
  <scavenger-info tenureage="4" tenuremask="7ff0" tiltratio="50" />
  <memory-copied type="nursery" objects="10932" bytes="522928" bytesdiscarded="36488" />
  <finalization candidates="11" enqueued="0" />
  <references type="soft" candidates="62" cleared="0" enqueued="0" dynamicThreshold="32" maxThreshold="32" />
  <references type="weak" candidates="224" cleared="78" enqueued="78" />
  <references type="phantom" candidates="37" cleared="10" enqueued="10" />
</gc-op>
<gc-end id="32" type="scavenge" contextid="28" durationms="1.144" usertimems="0.000" systemtimems="4.000" timestamp="2019-08-02T20:07:46.026" activeThreads="8">
  <mem-info id="33" free="6539880" total="8388608" percent="77">
    <mem type="nursery" free="487680" total="2097152" percent="23">
      <mem type="allocate" free="487680" total="1048576" percent="46" />
      <mem type="survivor" free="0" total="1048576" percent="0" />
    </mem>
    <mem type="tenure" free="6052200" total="6291456" percent="96">
      <mem type="soa" free="5737832" total="5977088" percent="95" />
      <mem type="loa" free="314368" total="314368" percent="100" />
    </mem>
    <pending-finalizers system="0" default="0" reference="88" classloader="0" />
    <remembered-set count="1025" />
  </mem-info>
</gc-end>
<cycle-end id="34" type="scavenge" contextid="28" timestamp="2019-08-02T20:07:46.026" />
  <attribute name="elasticGC enabled" value="1" />
  <attribute name= "numThreadsSpecified" value="0" />
  <attribute name="heapSize specified" value="0" />
  <attribute name= "numCores" value="8" />
  <attribute name ="GC Interval" value="0" />
  <attribute name ="Control flow" value="2" />
  <attribute name="GC Util Range Max" value="26" />
  <attribute name="Current GC Util" value="11" />
  <attribute name= "Current Time Running" value="34" />
<allocation-satisfied id="35" threadId="0000000002220A00" bytesRequested="16392" />
<af-end id="36" timestamp="2019-08-02T20:07:46.027" threadId="0000000002221388" success="true" from="nursery"/>
<exclusive-end id="37" timestamp="2019-08-02T20:07:46.027" durationms="1.652" />

<exclusive-start id="38" timestamp="2019-08-02T20:07:46.091" intervalms="65.942">
  <response-info timems="0.023" idlems="0.023" threads="0" lastid="0000000002220A00" lastname="main" />
</exclusive-start>
<af-start id="39" threadId="0000000002221388" totalBytesRequested="39184" timestamp="2019-08-02T20:07:46.091" intervalms="65.913" type="nursery" />
<cycle-start id="40" type="scavenge" contextid="0" timestamp="2019-08-02T20:07:46.091" intervalms="65.917" />
<gc-start id="41" type="scavenge" contextid="40" timestamp="2019-08-02T20:07:46.091">
  <mem-info id="42" free="6047304" total="8388608" percent="72">
    <mem type="nursery" free="0" total="2097152" percent="0">
      <mem type="allocate" free="0" total="1048576" percent="0" />
      <mem type="survivor" free="0" total="1048576" percent="0" />
    </mem>
    <mem type="tenure" free="6047304" total="6291456" percent="96">
      <mem type="soa" free="5732936" total="5977088" percent="95" />
      <mem type="loa" free="314368" total="314368" percent="100" />
    </mem>
    <remembered-set count="1106" />
  </mem-info>
</gc-start>
<allocation-stats totalBytes="462744" >
  <allocated-bytes non-tlh="21288" tlh="441456" />
  <largest-consumer threadName="main" threadId="0000000002220A00" bytes="462744" />
</allocation-stats>
<gc-op id="43" type="scavenge" timems="0.918" contextid="40" timestamp="2019-08-02T20:07:46.092">
  <scavenger-info tenureage="3" tenuremask="fff8" tiltratio="50" />
  <memory-copied type="nursery" objects="858" bytes="144672" bytesdiscarded="87960" />
  <memory-copied type="tenure" objects="10314" bytes="461976" bytesdiscarded="1328" />
  <finalization candidates="14" enqueued="1" />
  <references type="soft" candidates="2" cleared="0" enqueued="0" dynamicThreshold="32" maxThreshold="32" />
  <references type="weak" candidates="72" cleared="57" enqueued="57" />
  <references type="phantom" candidates="28" cleared="12" enqueued="12" />
</gc-op>
<gc-end id="44" type="scavenge" contextid="40" durationms="1.097" usertimems="0.000" systemtimems="0.000" timestamp="2019-08-02T20:07:46.092" activeThreads="8">
  <mem-info id="45" free="6338400" total="8388608" percent="75">
    <mem type="nursery" free="815864" total="2097152" percent="38">
      <mem type="allocate" free="815864" total="1048576" percent="77" />
      <mem type="survivor" free="0" total="1048576" percent="0" />
    </mem>
    <mem type="tenure" free="5522536" total="6291456" percent="87">
      <mem type="soa" free="5208168" total="5977088" percent="87" />
      <mem type="loa" free="314368" total="314368" percent="100" />
    </mem>
    <pending-finalizers system="1" default="0" reference="69" classloader="0" />
    <remembered-set count="232" />
  </mem-info>
</gc-end>
<cycle-end id="46" type="scavenge" contextid="40" timestamp="2019-08-02T20:07:46.092" />
  <attribute name="elasticGC enabled" value="1" />
  <attribute name= "numThreadsSpecified" value="0" />
  <attribute name="heapSize specified" value="0" />
  <attribute name= "numCores" value="8" />
  <attribute name ="GC Interval" value="1900" />
  <attribute name ="Control flow" value="2" />
  <attribute name="GC Util Range Max" value="26" />
  <attribute name="Current GC Util" value="2" />
  <attribute name= "Current Time Running" value="100" />
<allocation-satisfied id="47" threadId="0000000002220A00" bytesRequested="39184" />
<af-end id="48" timestamp="2019-08-02T20:07:46.092" threadId="0000000002221388" success="true" from="nursery"/>
<exclusive-end id="49" timestamp="2019-08-02T20:07:46.092" durationms="1.512" />

<exclusive-start id="50" timestamp="2019-08-02T20:07:46.164" intervalms="73.308">
  <response-info timems="0.061" idlems="0.061" threads="0" lastid="0000000002220A00" lastname="main" />
</exclusive-start>
<af-start id="51" threadId="0000000002221388" totalBytesRequested="120" timestamp="2019-08-02T20:07:46.164" intervalms="73.378" type="nursery" />
<cycle-start id="52" type="scavenge" contextid="0" timestamp="2019-08-02T20:07:46.164" intervalms="73.431" />
<gc-start id="53" type="scavenge" contextid="52" timestamp="2019-08-02T20:07:46.165">
  <mem-info id="54" free="5436568" total="8388608" percent="64">
    <mem type="nursery" free="0" total="2097152" percent="0">
      <mem type="allocate" free="0" total="1048576" percent="0" />
      <mem type="survivor" free="0" total="1048576" percent="0" />
    </mem>
    <mem type="tenure" free="5436568" total="6291456" percent="86">
      <mem type="soa" free="5122200" total="5977088" percent="85" />
      <mem type="loa" free="314368" total="314368" percent="100" />
    </mem>
    <remembered-set count="1650" />
  </mem-info>
</gc-start>
<allocation-stats totalBytes="901272" >
  <allocated-bytes non-tlh="207696" tlh="693576" />
  <largest-consumer threadName="main" threadId="0000000002220A00" bytes="897176" />
</allocation-stats>
<gc-op id="55" type="scavenge" timems="0.904" contextid="52" timestamp="2019-08-02T20:07:46.166">
  <scavenger-info tenureage="3" tenuremask="fff8" tiltratio="50" />
  <memory-copied type="nursery" objects="6254" bytes="322376" bytesdiscarded="52552" />
  <memory-copied type="tenure" objects="300" bytes="15040" bytesdiscarded="0" />
  <finalization candidates="46" enqueued="0" />
  <ownableSynchronizers candidates="1" cleared="0" />
  <references type="soft" candidates="46" cleared="0" enqueued="0" dynamicThreshold="32" maxThreshold="32" />
  <references type="weak" candidates="693" cleared="276" enqueued="190" />
  <references type="phantom" candidates="11" cleared="2" enqueued="2" />
</gc-op>
<gc-end id="56" type="scavenge" contextid="52" durationms="1.147" usertimems="0.000" systemtimems="0.000" timestamp="2019-08-02T20:07:46.166" activeThreads="8">
  <mem-info id="57" free="6062304" total="8388608" percent="72">
    <mem type="nursery" free="673352" total="2097152" percent="32">
      <mem type="allocate" free="673352" total="1048576" percent="64" />
      <mem type="survivor" free="0" total="1048576" percent="0" />
    </mem>
    <mem type="tenure" free="5388952" total="6291456" percent="85">
      <mem type="soa" free="5074584" total="5977088" percent="84" />
      <mem type="loa" free="314368" total="314368" percent="100" />
    </mem>
    <pending-finalizers system="0" default="0" reference="192" classloader="0" />
    <remembered-set count="1599" />
  </mem-info>
</gc-end>
<cycle-end id="58" type="scavenge" contextid="52" timestamp="2019-08-02T20:07:46.166" />
  <attribute name="elasticGC enabled" value="1" />
  <attribute name= "numThreadsSpecified" value="0" />
  <attribute name="heapSize specified" value="0" />
  <attribute name= "numCores" value="8" />
  <attribute name ="GC Interval" value="1700" />
  <attribute name ="Control flow" value="2" />
  <attribute name="GC Util Range Max" value="26" />
  <attribute name="Current GC Util" value="2" />
  <attribute name= "Current Time Running" value="173" />
<allocation-satisfied id="59" threadId="0000000002220A00" bytesRequested="120" />
<af-end id="60" timestamp="2019-08-02T20:07:46.166" threadId="0000000002221388" success="true" from="nursery"/>
<exclusive-end id="61" timestamp="2019-08-02T20:07:46.166" durationms="1.806" />

<exclusive-start id="62" timestamp="2019-08-02T20:07:46.252" intervalms="88.184">
  <response-info timems="0.047" idlems="0.047" threads="0" lastid="0000000002220A00" lastname="main" />
</exclusive-start>
<sys-start reason="explicit" id="63" timestamp="2019-08-02T20:07:46.253" intervalms="452.260" />
<cycle-start id="64" type="global" contextid="0" timestamp="2019-08-02T20:07:46.253" intervalms="452.828" />
<gc-start id="65" type="global" contextid="64" timestamp="2019-08-02T20:07:46.253">
  <mem-info id="66" free="5319632" total="8388608" percent="63">
    <mem type="nursery" free="0" total="2097152" percent="0">
      <mem type="allocate" free="0" total="1048576" percent="0" />
      <mem type="survivor" free="0" total="1048576" percent="0" />
    </mem>
    <mem type="tenure" free="5319632" total="6291456" percent="84">
      <mem type="soa" free="5005264" total="5977088" percent="83" />
      <mem type="loa" free="314368" total="314368" percent="100" />
    </mem>
    <remembered-set count="2555" />
  </mem-info>
</gc-start>
<allocation-stats totalBytes="739232" >
  <allocated-bytes non-tlh="69440" tlh="669792" />
  <largest-consumer threadName="main" threadId="0000000002220A00" bytes="727400" />
</allocation-stats>
<gc-op id="67" type="mark" timems="1.488" contextid="64" timestamp="2019-08-02T20:07:46.255">
  <trace-info objectcount="29301" scancount="23459" scanbytes="759732" />
  <finalization candidates="124" enqueued="0" />
  <ownableSynchronizers candidates="3" cleared="0" />
  <references type="soft" candidates="131" cleared="0" enqueued="0" dynamicThreshold="32" maxThreshold="32" />
  <references type="weak" candidates="759" cleared="80" enqueued="41" />
  <references type="phantom" candidates="38" cleared="1" enqueued="1" />
  <stringconstants candidates="3958" cleared="0"  />
</gc-op>
<gc-op id="68" type="classunload" timems="0.043" contextid="64" timestamp="2019-08-02T20:07:46.255">
  <classunload-info classloadercandidates="7" classloadersunloaded="0" classesunloaded="0" anonymousclassesunloaded="0" quiescems="0.000" setupms="0.043" scanms="0.000" postms="0.000" />
</gc-op>
<gc-op id="69" type="sweep" timems="0.393" contextid="64" timestamp="2019-08-02T20:07:46.255" />
<gc-end id="70" type="global" contextid="64" durationms="2.915" usertimems="0.000" systemtimems="8.000" timestamp="2019-08-02T20:07:46.256" activeThreads="8">
  <mem-info id="71" free="5845768" total="8388608" percent="69">
    <mem type="nursery" free="431504" total="2097152" percent="20">
      <mem type="allocate" free="431504" total="1048576" percent="41" />
      <mem type="survivor" free="0" total="1048576" percent="0" />
    </mem>
    <mem type="tenure" free="5414264" total="6291456" percent="86" micro-fragmented="3636" macro-fragmented="0">
      <mem type="soa" free="5099896" total="5977088" percent="85" />
      <mem type="loa" free="314368" total="314368" percent="100" />
    </mem>
    <pending-finalizers system="0" default="0" reference="42" classloader="0" />
    <remembered-set count="2496" />
  </mem-info>
</gc-end>
<cycle-end id="72" type="global" contextid="64" timestamp="2019-08-02T20:07:46.256" />
  <attribute name="elasticGC enabled" value="1" />
  <attribute name= "numThreadsSpecified" value="0" />
  <attribute name="heapSize specified" value="0" />
  <attribute name= "numCores" value="8" />
  <attribute name ="GC Interval" value="1700" />
  <attribute name ="Control flow" value="2" />
  <attribute name="GC Util Range Max" value="26" />
  <attribute name="Current GC Util" value="62" />
  <attribute name= "Current Time Running" value="264" />
<sys-end id="73" timestamp="2019-08-02T20:07:46.256" />
<exclusive-end id="74" timestamp="2019-08-02T20:07:46.256" durationms="3.876" />

<exclusive-start id="75" timestamp="2019-08-02T20:07:46.259" intervalms="7.090">
  <response-info timems="0.062" idlems="0.062" threads="0" lastid="0000000002220A00" lastname="main" />
</exclusive-start>
<af-start id="76" threadId="0000000002221388" totalBytesRequested="41272" timestamp="2019-08-02T20:07:46.260" intervalms="95.202" type="nursery" />
<cycle-start id="77" type="scavenge" contextid="0" timestamp="2019-08-02T20:07:46.260" intervalms="95.180" />
<gc-start id="78" type="scavenge" contextid="77" timestamp="2019-08-02T20:07:46.260">
  <mem-info id="79" free="5681776" total="8388608" percent="67">
    <mem type="nursery" free="269104" total="2097152" percent="12">
      <mem type="allocate" free="269104" total="1048576" percent="25" />
      <mem type="survivor" free="0" total="1048576" percent="0" />
    </mem>
    <mem type="tenure" free="5412672" total="6291456" percent="86">
      <mem type="soa" free="5098304" total="5977088" percent="85" />
      <mem type="loa" free="314368" total="314368" percent="100" />
    </mem>
    <remembered-set count="2515" />
  </mem-info>
</gc-start>
<allocation-stats totalBytes="160448" >
  <allocated-bytes non-tlh="109728" tlh="50720" />
  <largest-consumer threadName="main" threadId="0000000002220A00" bytes="152256" />
</allocation-stats>
<gc-op id="80" type="scavenge" timems="0.654" contextid="77" timestamp="2019-08-02T20:07:46.260">
  <scavenger-info tenureage="2" tenuremask="7ffc" tiltratio="50" />
  <memory-copied type="nursery" objects="9066" bytes="406184" bytesdiscarded="46704" />
  <memory-copied type="tenure" objects="343" bytes="91552" bytesdiscarded="0" />
  <finalization candidates="113" enqueued="0" />
  <ownableSynchronizers candidates="6" cleared="3" />
  <references type="soft" candidates="67" cleared="0" enqueued="0" dynamicThreshold="27" maxThreshold="32" />
  <references type="weak" candidates="558" cleared="7" enqueued="7" />
  <references type="phantom" candidates="7" cleared="0" enqueued="0" />
</gc-op>
<gc-end id="81" type="scavenge" contextid="77" durationms="0.835" usertimems="0.000" systemtimems="4.000" timestamp="2019-08-02T20:07:46.261" activeThreads="8">
  <mem-info id="82" free="5905256" total="8388608" percent="70">
    <mem type="nursery" free="595112" total="2097152" percent="28">
      <mem type="allocate" free="595112" total="1048576" percent="56" />
      <mem type="survivor" free="0" total="1048576" percent="0" />
    </mem>
    <mem type="tenure" free="5310144" total="6291456" percent="84">
      <mem type="soa" free="4995776" total="5977088" percent="83" />
      <mem type="loa" free="314368" total="314368" percent="100" />
    </mem>
    <pending-finalizers system="0" default="0" reference="7" classloader="0" />
    <remembered-set count="2426" />
  </mem-info>
</gc-end>
<cycle-end id="83" type="scavenge" contextid="77" timestamp="2019-08-02T20:07:46.261" />
  <attribute name="elasticGC enabled" value="1" />
  <attribute name= "numThreadsSpecified" value="0" />
  <attribute name="heapSize specified" value="0" />
  <attribute name= "numCores" value="8" />
  <attribute name ="GC Interval" value="1900" />
  <attribute name ="Control flow" value="2" />
  <attribute name="GC Util Range Max" value="26" />
  <attribute name="Current GC Util" value="58" />
  <attribute name= "Current Time Running" value="268" />
<allocation-satisfied id="84" threadId="0000000002220A00" bytesRequested="41272" />
<af-end id="85" timestamp="2019-08-02T20:07:46.261" threadId="0000000002221388" success="true" from="nursery"/>
<exclusive-end id="86" timestamp="2019-08-02T20:07:46.261" durationms="1.385" />

<exclusive-start id="87" timestamp="2019-08-02T20:07:46.275" intervalms="15.139">
  <response-info timems="0.066" idlems="0.066" threads="0" lastid="0000000002220A00" lastname="main" />
</exclusive-start>
<af-start id="88" threadId="0000000002221388" totalBytesRequested="48" timestamp="2019-08-02T20:07:46.275" intervalms="15.224" type="nursery" />
<cycle-start id="89" type="scavenge" contextid="0" timestamp="2019-08-02T20:07:46.275" intervalms="15.228" />
<gc-start id="90" type="scavenge" contextid="89" timestamp="2019-08-02T20:07:46.275">
  <mem-info id="91" free="5308840" total="8388608" percent="63">
    <mem type="nursery" free="0" total="2097152" percent="0">
      <mem type="allocate" free="0" total="1048576" percent="0" />
      <mem type="survivor" free="0" total="1048576" percent="0" />
    </mem>
    <mem type="tenure" free="5308840" total="6291456" percent="84">
      <mem type="soa" free="4994472" total="5977088" percent="83" />
      <mem type="loa" free="314368" total="314368" percent="100" />
    </mem>
    <remembered-set count="2444" />
  </mem-info>
</gc-start>
<allocation-stats totalBytes="596336" >
  <allocated-bytes non-tlh="83848" tlh="512488" />
  <largest-consumer threadName="main" threadId="0000000002220A00" bytes="596336" />
</allocation-stats>
<gc-op id="92" type="scavenge" timems="0.862" contextid="89" timestamp="2019-08-02T20:07:46.276">
  <scavenger-info tenureage="1" tenuremask="7ffe" tiltratio="50" />
  <memory-copied type="nursery" objects="4450" bytes="299992" bytesdiscarded="133600" />
  <memory-copied type="tenure" objects="8991" bytes="362160" bytesdiscarded="1408" />
  <finalization candidates="111" enqueued="0" />
  <ownableSynchronizers candidates="3" cleared="0" />
  <references type="soft" candidates="3" cleared="0" enqueued="0" dynamicThreshold="27" maxThreshold="32" />
  <references type="weak" candidates="13" cleared="4" enqueued="2" />
</gc-op>
<heap-resize id="93" type="expand" space="nursery" amount="131072" count="1" timems="0.123" reason="excessive time being spent scavenging" timestamp="2019-08-02T20:07:46.276" />
<gc-end id="94" type="scavenge" contextid="89" durationms="1.349" usertimems="4.000" systemtimems="0.000" timestamp="2019-08-02T20:07:46.276" activeThreads="8">
  <mem-info id="95" free="5661288" total="8519680" percent="66">
    <mem type="nursery" free="746032" total="2228224" percent="33">
      <mem type="allocate" free="746032" total="1179648" percent="63" />
      <mem type="survivor" free="0" total="1048576" percent="0" />
    </mem>
    <mem type="tenure" free="4915256" total="6291456" percent="78">
      <mem type="soa" free="4600888" total="5977088" percent="76" />
      <mem type="loa" free="314368" total="314368" percent="100" />
    </mem>
    <pending-finalizers system="0" default="0" reference="2" classloader="0" />
    <remembered-set count="1039" />
  </mem-info>
</gc-end>
<cycle-end id="96" type="scavenge" contextid="89" timestamp="2019-08-02T20:07:46.276" />
  <attribute name="elasticGC enabled" value="1" />
  <attribute name= "numThreadsSpecified" value="0" />
  <attribute name="heapSize specified" value="0" />
  <attribute name= "numCores" value="8" />
  <attribute name ="GC Interval" value="2000" />
  <attribute name ="Control flow" value="2" />
  <attribute name="GC Util Range Max" value="26" />
  <attribute name="Current GC Util" value="10" />
  <attribute name= "Current Time Running" value="284" />
<allocation-satisfied id="97" threadId="0000000002220A00" bytesRequested="48" />
<af-end id="98" timestamp="2019-08-02T20:07:46.276" threadId="0000000002221388" success="true" from="nursery"/>
<exclusive-end id="99" timestamp="2019-08-02T20:07:46.277" durationms="1.926" />

<exclusive-start id="100" timestamp="2019-08-02T20:07:46.313" intervalms="38.287">
  <response-info timems="0.066" idlems="0.066" threads="0" lastid="0000000002220A00" lastname="main" />
</exclusive-start>
<af-start id="101" threadId="0000000002221388" totalBytesRequested="27424" timestamp="2019-08-02T20:07:46.313" intervalms="38.245" type="nursery" />
<cycle-start id="102" type="scavenge" contextid="0" timestamp="2019-08-02T20:07:46.313" intervalms="38.239" />
<gc-start id="103" type="scavenge" contextid="102" timestamp="2019-08-02T20:07:46.313">
  <mem-info id="104" free="4891616" total="8519680" percent="57">
    <mem type="nursery" free="0" total="2228224" percent="0">
      <mem type="allocate" free="0" total="1179648" percent="0" />
      <mem type="survivor" free="0" total="1048576" percent="0" />
    </mem>
    <mem type="tenure" free="4891616" total="6291456" percent="77">
      <mem type="soa" free="4577248" total="5977088" percent="76" />
      <mem type="loa" free="314368" total="314368" percent="100" />
    </mem>
    <remembered-set count="1403" />
  </mem-info>
</gc-start>
<allocation-stats totalBytes="756984" >
  <allocated-bytes non-tlh="153696" tlh="603288" />
  <largest-consumer threadName="main" threadId="0000000002220A00" bytes="752888" />
</allocation-stats>
<gc-op id="105" type="scavenge" timems="0.650" contextid="102" timestamp="2019-08-02T20:07:46.314">
  <scavenger-info tenureage="1" tenuremask="7ffe" tiltratio="52" />
  <memory-copied type="nursery" objects="6971" bytes="401752" bytesdiscarded="74792" />
  <memory-copied type="tenure" objects="4446" bytes="298888" bytesdiscarded="112" />
  <references type="soft" candidates="9" cleared="0" enqueued="0" dynamicThreshold="27" maxThreshold="32" />
  <references type="weak" candidates="4" cleared="0" enqueued="0" />
</gc-op>
<gc-end id="106" type="scavenge" contextid="102" durationms="0.908" usertimems="4.000" systemtimems="0.000" timestamp="2019-08-02T20:07:46.314" activeThreads="8">
  <mem-info id="107" free="5434008" total="8519680" percent="63">
    <mem type="nursery" free="834080" total="2228224" percent="37">
      <mem type="allocate" free="834080" total="1310720" percent="63" />
      <mem type="survivor" free="0" total="917504" percent="0" />
    </mem>
    <mem type="tenure" free="4599928" total="6291456" percent="73">
      <mem type="soa" free="4285560" total="5977088" percent="71" />
      <mem type="loa" free="314368" total="314368" percent="100" />
    </mem>
    <remembered-set count="470" />
  </mem-info>
</gc-end>
<cycle-end id="108" type="scavenge" contextid="102" timestamp="2019-08-02T20:07:46.314" />
  <attribute name="elasticGC enabled" value="1" />
  <attribute name= "numThreadsSpecified" value="0" />
  <attribute name="heapSize specified" value="0" />
  <attribute name= "numCores" value="8" />
  <attribute name ="GC Interval" value="2000" />
  <attribute name ="Control flow" value="2" />
  <attribute name="GC Util Range Max" value="26" />
  <attribute name="Current GC Util" value="5" />
  <attribute name= "Current Time Running" value="322" />
<allocation-satisfied id="109" threadId="0000000002220A00" bytesRequested="27424" />
<af-end id="110" timestamp="2019-08-02T20:07:46.314" threadId="0000000002221388" success="true" from="nursery"/>
<exclusive-end id="111" timestamp="2019-08-02T20:07:46.314" durationms="1.475" />

<exclusive-start id="112" timestamp="2019-08-02T20:07:46.379" intervalms="66.194">
  <response-info timems="0.064" idlems="0.064" threads="0" lastid="0000000002220A00" lastname="main" />
</exclusive-start>
<af-start id="113" threadId="0000000002221388" totalBytesRequested="10688" timestamp="2019-08-02T20:07:46.379" intervalms="66.194" type="nursery" />
<cycle-start id="114" type="scavenge" contextid="0" timestamp="2019-08-02T20:07:46.379" intervalms="66.216" />
<gc-start id="115" type="scavenge" contextid="114" timestamp="2019-08-02T20:07:46.379">
  <mem-info id="116" free="4580064" total="8519680" percent="53">
    <mem type="nursery" free="0" total="2228224" percent="0">
      <mem type="allocate" free="0" total="1310720" percent="0" />
      <mem type="survivor" free="0" total="917504" percent="0" />
    </mem>
    <mem type="tenure" free="4580064" total="6291456" percent="72">
      <mem type="soa" free="4265696" total="5977088" percent="71" />
      <mem type="loa" free="314368" total="314368" percent="100" />
    </mem>
    <remembered-set count="735" />
  </mem-info>
</gc-start>
<allocation-stats totalBytes="827624" >
  <allocated-bytes non-tlh="47288" tlh="780336" />
  <largest-consumer threadName="main" threadId="0000000002220A00" bytes="827624" />
</allocation-stats>
<gc-op id="117" type="scavenge" timems="0.485" contextid="114" timestamp="2019-08-02T20:07:46.380">
  <scavenger-info tenureage="1" tenuremask="7ffe" tiltratio="58" />
  <memory-copied type="nursery" objects="1691" bytes="112368" bytesdiscarded="25640" />
  <memory-copied type="tenure" objects="4032" bytes="174000" bytesdiscarded="256" />
  <references type="soft" candidates="1" cleared="0" enqueued="0" dynamicThreshold="27" maxThreshold="32" />
  <references type="weak" candidates="15" cleared="13" enqueued="13" />
</gc-op>
<gc-end id="118" type="scavenge" contextid="114" durationms="0.770" usertimems="0.000" systemtimems="0.000" timestamp="2019-08-02T20:07:46.380" activeThreads="8">
  <mem-info id="119" free="5609912" total="8519680" percent="65">
    <mem type="nursery" free="1238240" total="2228224" percent="55">
      <mem type="allocate" free="1238240" total="1376256" percent="89" />
      <mem type="survivor" free="0" total="851968" percent="0" />
    </mem>
    <mem type="tenure" free="4371672" total="6291456" percent="69">
      <mem type="soa" free="4057304" total="5977088" percent="67" />
      <mem type="loa" free="314368" total="314368" percent="100" />
    </mem>
    <pending-finalizers system="0" default="0" reference="13" classloader="0" />
    <remembered-set count="727" />
  </mem-info>
</gc-end>
<cycle-end id="120" type="scavenge" contextid="114" timestamp="2019-08-02T20:07:46.380" />
  <attribute name="elasticGC enabled" value="1" />
  <attribute name= "numThreadsSpecified" value="0" />
  <attribute name="heapSize specified" value="0" />
  <attribute name= "numCores" value="8" />
  <attribute name ="GC Interval" value="1900" />
  <attribute name ="Control flow" value="2" />
  <attribute name="GC Util Range Max" value="26" />
  <attribute name="Current GC Util" value="2" />
  <attribute name= "Current Time Running" value="388" />
<allocation-satisfied id="121" threadId="0000000002220A00" bytesRequested="10688" />
<af-end id="122" timestamp="2019-08-02T20:07:46.380" threadId="0000000002221388" success="true" from="nursery"/>
<exclusive-end id="123" timestamp="2019-08-02T20:07:46.380" durationms="1.367" />

<exclusive-start id="124" timestamp="2019-08-02T20:07:46.403" intervalms="23.484">
  <response-info timems="0.244" idlems="0.206" threads="1" lastid="000000000258FF00" lastname="Thread-7" />
</exclusive-start>
<af-start id="125" threadId="0000000002581888" totalBytesRequested="776" timestamp="2019-08-02T20:07:46.403" intervalms="23.505" type="nursery" />
<cycle-start id="126" type="scavenge" contextid="0" timestamp="2019-08-02T20:07:46.403" intervalms="23.520" />
<gc-start id="127" type="scavenge" contextid="126" timestamp="2019-08-02T20:07:46.403">
  <mem-info id="128" free="4356776" total="8519680" percent="51">
    <mem type="nursery" free="0" total="2228224" percent="0">
      <mem type="allocate" free="0" total="1376256" percent="0" />
      <mem type="survivor" free="0" total="851968" percent="0" />
    </mem>
    <mem type="tenure" free="4356776" total="6291456" percent="69">
      <mem type="soa" free="4042408" total="5977088" percent="67" />
      <mem type="loa" free="314368" total="314368" percent="100" />
    </mem>
    <remembered-set count="941" />
  </mem-info>
</gc-start>
<allocation-stats totalBytes="1247464" >
  <allocated-bytes non-tlh="405544" tlh="841920" />
  <largest-consumer threadName="main" threadId="0000000002220A00" bytes="732608" />
</allocation-stats>
<gc-op id="129" type="scavenge" timems="0.431" contextid="126" timestamp="2019-08-02T20:07:46.404">
  <scavenger-info tenureage="2" tenuremask="7ffc" tiltratio="61" />
  <memory-copied type="nursery" objects="3838" bytes="647192" bytesdiscarded="45408" />
  <references type="soft" candidates="5" cleared="0" enqueued="0" dynamicThreshold="27" maxThreshold="32" />
  <references type="weak" candidates="11" cleared="7" enqueued="7" />
</gc-op>
<gc-end id="130" type="scavenge" contextid="126" durationms="0.667" usertimems="0.000" systemtimems="0.000" timestamp="2019-08-02T20:07:46.404" activeThreads="8">
  <mem-info id="131" free="4778176" total="8519680" percent="56">
    <mem type="nursery" free="421400" total="2228224" percent="18">
      <mem type="allocate" free="421400" total="1114112" percent="37" />
      <mem type="survivor" free="0" total="1114112" percent="0" />
    </mem>
    <mem type="tenure" free="4356776" total="6291456" percent="69">
      <mem type="soa" free="4042408" total="5977088" percent="67" />
      <mem type="loa" free="314368" total="314368" percent="100" />
    </mem>
    <pending-finalizers system="0" default="0" reference="7" classloader="0" />
    <remembered-set count="568" />
  </mem-info>
</gc-end>
<cycle-end id="132" type="scavenge" contextid="126" timestamp="2019-08-02T20:07:46.404" />
  <attribute name="elasticGC enabled" value="1" />
  <attribute name= "numThreadsSpecified" value="0" />
  <attribute name="heapSize specified" value="0" />
  <attribute name= "numCores" value="8" />
  <attribute name ="GC Interval" value="1700" />
  <attribute name ="Control flow" value="2" />
  <attribute name="GC Util Range Max" value="26" />
  <attribute name="Current GC Util" value="4" />
  <attribute name= "Current Time Running" value="412" />
<allocation-satisfied id="133" threadId="0000000002580F00" bytesRequested="776" />
<af-end id="134" timestamp="2019-08-02T20:07:46.404" threadId="0000000002581888" success="true" from="nursery"/>
<exclusive-end id="135" timestamp="2019-08-02T20:07:46.404" durationms="1.315" />

<exclusive-start id="136" timestamp="2019-08-02T20:07:46.408" intervalms="5.056">
  <response-info timems="0.021" idlems="0.021" threads="0" lastid="0000000002580F00" lastname="Thread-3" />
</exclusive-start>
<af-start id="137" threadId="0000000002581888" totalBytesRequested="1856" timestamp="2019-08-02T20:07:46.408" intervalms="4.979" type="nursery" />
<cycle-start id="138" type="scavenge" contextid="0" timestamp="2019-08-02T20:07:46.408" intervalms="4.900" />
<gc-start id="139" type="scavenge" contextid="138" timestamp="2019-08-02T20:07:46.408">
  <mem-info id="140" free="4356776" total="8519680" percent="51">
    <mem type="nursery" free="0" total="2228224" percent="0">
      <mem type="allocate" free="0" total="1114112" percent="0" />
      <mem type="survivor" free="0" total="1114112" percent="0" />
    </mem>
    <mem type="tenure" free="4356776" total="6291456" percent="69">
      <mem type="soa" free="4042408" total="5977088" percent="67" />
      <mem type="loa" free="314368" total="314368" percent="100" />
    </mem>
    <remembered-set count="568" />
  </mem-info>
</gc-start>
<allocation-stats totalBytes="412616" >
  <allocated-bytes non-tlh="55056" tlh="357560" />
  <largest-consumer threadName="Thread-3" threadId="0000000002580F00" bytes="354240" />
</allocation-stats>
<gc-op id="141" type="scavenge" timems="2.227" contextid="138" timestamp="2019-08-02T20:07:46.410">
  <scavenger-info tenureage="1" tenuremask="7ffe" tiltratio="50" />
  <memory-copied type="nursery" objects="401" bytes="412152" bytesdiscarded="64" />
  <memory-copied type="tenure" objects="3810" bytes="646352" bytesdiscarded="632" />
</gc-op>
<heap-resize id="142" type="expand" space="nursery" amount="393216" count="1" timems="0.014" reason="excessive time being spent scavenging" timestamp="2019-08-02T20:07:46.410" />
<gc-end id="143" type="scavenge" contextid="138" durationms="2.545" usertimems="4.000" systemtimems="0.000" timestamp="2019-08-02T20:07:46.410" activeThreads="8">
  <mem-info id="144" free="4598048" total="8912896" percent="51">
    <mem type="nursery" free="898504" total="2621440" percent="34">
      <mem type="allocate" free="898504" total="1310720" percent="68" />
      <mem type="survivor" free="0" total="1310720" percent="0" />
    </mem>
    <mem type="tenure" free="3699544" total="6291456" percent="58">
      <mem type="soa" free="3385176" total="5977088" percent="56" />
      <mem type="loa" free="314368" total="314368" percent="100" />
    </mem>
    <remembered-set count="317" />
  </mem-info>
</gc-end>
<cycle-end id="145" type="scavenge" contextid="138" timestamp="2019-08-02T20:07:46.410" />
  <attribute name="elasticGC enabled" value="1" />
  <attribute name= "numThreadsSpecified" value="0" />
  <attribute name="heapSize specified" value="0" />
  <attribute name= "numCores" value="8" />
  <attribute name ="GC Interval" value="1600" />
  <attribute name ="Control flow" value="2" />
  <attribute name="GC Util Range Max" value="26" />
  <attribute name="Current GC Util" value="17" />
  <attribute name= "Current Time Running" value="417" />
<allocation-satisfied id="146" threadId="0000000002580F00" bytesRequested="1856" />
<af-end id="147" timestamp="2019-08-02T20:07:46.411" threadId="0000000002581888" success="true" from="nursery"/>
<exclusive-end id="148" timestamp="2019-08-02T20:07:46.411" durationms="2.958" />

<exclusive-start id="149" timestamp="2019-08-02T20:07:46.418" intervalms="10.887">
  <response-info timems="0.098" idlems="0.077" threads="1" lastid="000000000258FF00" lastname="Thread-7" />
</exclusive-start>
<af-start id="150" threadId="0000000002585488" totalBytesRequested="24" timestamp="2019-08-02T20:07:46.419" intervalms="10.956" type="nursery" />
<cycle-start id="151" type="scavenge" contextid="0" timestamp="2019-08-02T20:07:46.419" intervalms="11.047" />
<gc-start id="152" type="scavenge" contextid="151" timestamp="2019-08-02T20:07:46.419">
  <mem-info id="153" free="3699544" total="8912896" percent="41">
    <mem type="nursery" free="0" total="2621440" percent="0">
      <mem type="allocate" free="0" total="1310720" percent="0" />
      <mem type="survivor" free="0" total="1310720" percent="0" />
    </mem>
    <mem type="tenure" free="3699544" total="6291456" percent="58">
      <mem type="soa" free="3385176" total="5977088" percent="56" />
      <mem type="loa" free="314368" total="314368" percent="100" />
    </mem>
    <remembered-set count="323" />
  </mem-info>
</gc-start>
<allocation-stats totalBytes="884424" >
  <allocated-bytes non-tlh="1856" tlh="882568" />
  <largest-consumer threadName="Thread-3" threadId="0000000002580F00" bytes="858368" />
</allocation-stats>
<gc-op id="154" type="scavenge" timems="0.632" contextid="151" timestamp="2019-08-02T20:07:46.420">
  <scavenger-info tenureage="1" tenuremask="7ffe" tiltratio="50" />
  <memory-copied type="nursery" objects="427" bytes="788632" bytesdiscarded="132232" />
  <memory-copied type="tenure" objects="401" bytes="412152" bytesdiscarded="0" />
  <references type="weak" candidates="1" cleared="0" enqueued="0" />
  <references type="phantom" candidates="1" cleared="0" enqueued="0" />
</gc-op>
<heap-resize id="155" type="expand" space="nursery" amount="131072" count="1" timems="0.018" reason="excessive time being spent scavenging" timestamp="2019-08-02T20:07:46.420" />
<gc-end id="156" type="scavenge" contextid="151" durationms="1.164" usertimems="0.000" systemtimems="0.000" timestamp="2019-08-02T20:07:46.420" activeThreads="8">
  <mem-info id="157" free="3746408" total="9043968" percent="41">
    <mem type="nursery" free="455384" total="2752512" percent="16">
      <mem type="allocate" free="455384" total="1376256" percent="33" />
      <mem type="survivor" free="0" total="1376256" percent="0" />
    </mem>
    <mem type="tenure" free="3291024" total="6291456" percent="52">
      <mem type="soa" free="2976656" total="5977088" percent="49" />
      <mem type="loa" free="314368" total="314368" percent="100" />
    </mem>
    <remembered-set count="121" />
  </mem-info>
</gc-end>
<cycle-end id="158" type="scavenge" contextid="151" timestamp="2019-08-02T20:07:46.420" />
  <attribute name="elasticGC enabled" value="1" />
  <attribute name= "numThreadsSpecified" value="0" />
  <attribute name="heapSize specified" value="0" />
  <attribute name= "numCores" value="8" />
  <attribute name ="GC Interval" value="1600" />
  <attribute name ="Control flow" value="2" />
  <attribute name="GC Util Range Max" value="26" />
  <attribute name="Current GC Util" value="24" />
  <attribute name= "Current Time Running" value="428" />
<allocation-satisfied id="159" threadId="0000000002584B00" bytesRequested="24" />
<af-end id="160" timestamp="2019-08-02T20:07:46.420" threadId="0000000002585488" success="true" from="nursery"/>
<exclusive-end id="161" timestamp="2019-08-02T20:07:46.420" durationms="1.782" />

<exclusive-start id="162" timestamp="2019-08-02T20:07:46.435" intervalms="16.871">
  <response-info timems="0.077" idlems="0.077" threads="0" lastid="000000000259B300" lastname="Thread-10" />
</exclusive-start>
<af-start id="163" threadId="000000000259BC88" totalBytesRequested="24" timestamp="2019-08-02T20:07:46.436" intervalms="16.924" type="nursery" />
<cycle-start id="164" type="scavenge" contextid="0" timestamp="2019-08-02T20:07:46.436" intervalms="16.930" />
<gc-start id="165" type="scavenge" contextid="164" timestamp="2019-08-02T20:07:46.436">
  <mem-info id="166" free="3288832" total="9043968" percent="36">
    <mem type="nursery" free="0" total="2752512" percent="0">
      <mem type="allocate" free="0" total="1376256" percent="0" />
      <mem type="survivor" free="0" total="1376256" percent="0" />
    </mem>
    <mem type="tenure" free="3288832" total="6291456" percent="52">
      <mem type="soa" free="2974464" total="5977088" percent="49" />
      <mem type="loa" free="314368" total="314368" percent="100" />
    </mem>
    <remembered-set count="155" />
  </mem-info>
</gc-start>
<allocation-stats totalBytes="450728" >
  <allocated-bytes non-tlh="187936" tlh="262792" />
  <largest-consumer threadName="Thread-10" threadId="000000000259B300" bytes="250272" />
</allocation-stats>
<gc-op id="167" type="scavenge" timems="1.435" contextid="164" timestamp="2019-08-02T20:07:46.438">
  <scavenger-info tenureage="1" tenuremask="7ffe" tiltratio="50" />
  <memory-copied type="nursery" objects="36" bytes="133216" bytesdiscarded="202408" />
  <memory-copied type="tenure" objects="394" bytes="782496" bytesdiscarded="0" />
</gc-op>
<gc-end id="168" type="scavenge" contextid="164" durationms="1.793" usertimems="0.000" systemtimems="4.000" timestamp="2019-08-02T20:07:46.438" activeThreads="8">
  <mem-info id="169" free="3677376" total="9043968" percent="40">
    <mem type="nursery" free="1171704" total="2752512" percent="42">
      <mem type="allocate" free="1171704" total="1507328" percent="77" />
      <mem type="survivor" free="0" total="1245184" percent="0" />
    </mem>
    <mem type="tenure" free="2505672" total="6291456" percent="39">
      <mem type="soa" free="2191304" total="5977088" percent="36" />
      <mem type="loa" free="314368" total="314368" percent="100" />
    </mem>
    <remembered-set count="154" />
  </mem-info>
</gc-end>
<cycle-end id="170" type="scavenge" contextid="164" timestamp="2019-08-02T20:07:46.438" />
  <attribute name="elasticGC enabled" value="1" />
  <attribute name= "numThreadsSpecified" value="0" />
  <attribute name="heapSize specified" value="0" />
  <attribute name= "numCores" value="8" />
  <attribute name ="GC Interval" value="1600" />
  <attribute name ="Control flow" value="2" />
  <attribute name="GC Util Range Max" value="26" />
  <attribute name="Current GC Util" value="9" />
  <attribute name= "Current Time Running" value="445" />
<allocation-satisfied id="171" threadId="000000000259B300" bytesRequested="24" />
<af-end id="172" timestamp="2019-08-02T20:07:46.438" threadId="000000000259BC88" success="true" from="nursery"/>
<exclusive-end id="173" timestamp="2019-08-02T20:07:46.438" durationms="2.569" />

<exclusive-start id="174" timestamp="2019-08-02T20:07:46.468" intervalms="32.229">
  <response-info timems="0.057" idlems="0.057" threads="0" lastid="000000000259B300" lastname="Thread-10" />
</exclusive-start>
<af-start id="175" threadId="000000000259BC88" totalBytesRequested="98264" timestamp="2019-08-02T20:07:46.468" intervalms="32.200" type="nursery" />
<cycle-start id="176" type="scavenge" contextid="0" timestamp="2019-08-02T20:07:46.468" intervalms="32.202" />
<gc-start id="177" type="scavenge" contextid="176" timestamp="2019-08-02T20:07:46.468">
  <mem-info id="178" free="2530200" total="9043968" percent="27">
    <mem type="nursery" free="24760" total="2752512" percent="0">
      <mem type="allocate" free="24760" total="1507328" percent="1" />
      <mem type="survivor" free="0" total="1245184" percent="0" />
    </mem>
    <mem type="tenure" free="2505440" total="6291456" percent="39">
      <mem type="soa" free="2191072" total="5977088" percent="36" />
      <mem type="loa" free="314368" total="314368" percent="100" />
    </mem>
    <remembered-set count="157" />
  </mem-info>
</gc-start>
<allocation-stats totalBytes="1146976" >
  <allocated-bytes non-tlh="487720" tlh="659256" />
  <largest-consumer threadName="Thread-10" threadId="000000000259B300" bytes="1146976" />
</allocation-stats>
<gc-op id="179" type="scavenge" timems="0.318" contextid="176" timestamp="2019-08-02T20:07:46.469">
  <scavenger-info tenureage="2" tenuremask="7ffc" tiltratio="54" />
  <memory-copied type="nursery" objects="4151" bytes="642648" bytesdiscarded="75136" />
</gc-op>
<gc-end id="180" type="scavenge" contextid="176" durationms="0.713" usertimems="0.000" systemtimems="0.000" timestamp="2019-08-02T20:07:46.469" activeThreads="8">
  <mem-info id="181" free="3229448" total="9043968" percent="35">
    <mem type="nursery" free="724008" total="2752512" percent="26">
      <mem type="allocate" free="724008" total="1441792" percent="50" />
      <mem type="survivor" free="0" total="1310720" percent="0" />
    </mem>
    <mem type="tenure" free="2505440" total="6291456" percent="39">
      <mem type="soa" free="2191072" total="5977088" percent="36" />
      <mem type="loa" free="314368" total="314368" percent="100" />
    </mem>
    <remembered-set count="157" />
  </mem-info>
</gc-end>
<cycle-end id="182" type="scavenge" contextid="176" timestamp="2019-08-02T20:07:46.469" />
  <attribute name="elasticGC enabled" value="1" />
  <attribute name= "numThreadsSpecified" value="0" />
  <attribute name="heapSize specified" value="0" />
  <attribute name= "numCores" value="8" />
  <attribute name ="GC Interval" value="1600" />
  <attribute name ="Control flow" value="2" />
  <attribute name="GC Util Range Max" value="26" />
  <attribute name="Current GC Util" value="7" />
  <attribute name= "Current Time Running" value="477" />
<allocation-satisfied id="183" threadId="000000000259B300" bytesRequested="98264" />
<af-end id="184" timestamp="2019-08-02T20:07:46.469" threadId="000000000259BC88" success="true" from="nursery"/>
<exclusive-end id="185" timestamp="2019-08-02T20:07:46.469" durationms="1.466" />

<exclusive-start id="186" timestamp="2019-08-02T20:07:46.500" intervalms="32.394">
  <response-info timems="0.270" idlems="0.270" threads="0" lastid="000000000259B300" lastname="Thread-10" />
</exclusive-start>
<af-start id="187" threadId="000000000259BC88" totalBytesRequested="632" timestamp="2019-08-02T20:07:46.500" intervalms="32.416" type="nursery" />
<cycle-start id="188" type="scavenge" contextid="0" timestamp="2019-08-02T20:07:46.500" intervalms="32.403" />
<gc-start id="189" type="scavenge" contextid="188" timestamp="2019-08-02T20:07:46.500">
  <mem-info id="190" free="2505440" total="9043968" percent="27">
    <mem type="nursery" free="0" total="2752512" percent="0">
      <mem type="allocate" free="0" total="1441792" percent="0" />
      <mem type="survivor" free="0" total="1310720" percent="0" />
    </mem>
    <mem type="tenure" free="2505440" total="6291456" percent="39">
      <mem type="soa" free="2191072" total="5977088" percent="36" />
      <mem type="loa" free="314368" total="314368" percent="100" />
    </mem>
    <remembered-set count="157" />
  </mem-info>
</gc-start>
<allocation-stats totalBytes="723400" >
  <allocated-bytes non-tlh="236440" tlh="486960" />
  <largest-consumer threadName="Thread-10" threadId="000000000259B300" bytes="723400" />
</allocation-stats>
<gc-op id="191" type="scavenge" timems="0.371" contextid="188" timestamp="2019-08-02T20:07:46.501">
  <scavenger-info tenureage="1" tenuremask="7ffe" tiltratio="52" />
  <memory-copied type="nursery" objects="18" bytes="187696" bytesdiscarded="9224" />
  <memory-copied type="tenure" objects="4145" bytes="347528" bytesdiscarded="280" />
</gc-op>
<gc-end id="192" type="scavenge" contextid="188" durationms="0.769" usertimems="4.000" systemtimems="0.000" timestamp="2019-08-02T20:07:46.501" activeThreads="8">
  <mem-info id="193" free="3474440" total="9043968" percent="38">
    <mem type="nursery" free="1375944" total="2752512" percent="49">
      <mem type="allocate" free="1375944" total="1572864" percent="87" />
      <mem type="survivor" free="0" total="1179648" percent="0" />
    </mem>
    <mem type="tenure" free="2098496" total="6291456" percent="33">
      <mem type="soa" free="1784128" total="5977088" percent="29" />
      <mem type="loa" free="314368" total="314368" percent="100" />
    </mem>
    <remembered-set count="150" />
  </mem-info>
</gc-end>
<cycle-end id="194" type="scavenge" contextid="188" timestamp="2019-08-02T20:07:46.501" />
  <attribute name="elasticGC enabled" value="1" />
  <attribute name= "numThreadsSpecified" value="0" />
  <attribute name="heapSize specified" value="0" />
  <attribute name= "numCores" value="8" />
  <attribute name ="GC Interval" value="1500" />
  <attribute name ="Control flow" value="2" />
  <attribute name="GC Util Range Max" value="26" />
  <attribute name="Current GC Util" value="2" />
  <attribute name= "Current Time Running" value="509" />
<allocation-satisfied id="195" threadId="000000000259B300" bytesRequested="632" />
<af-end id="196" timestamp="2019-08-02T20:07:46.501" threadId="000000000259BC88" success="true" from="nursery"/>
<exclusive-end id="197" timestamp="2019-08-02T20:07:46.501" durationms="1.484" />

<exclusive-start id="198" timestamp="2019-08-02T20:07:46.514" intervalms="14.409">
  <response-info timems="0.027" idlems="0.027" threads="0" lastid="000000000259B300" lastname="Thread-10" />
</exclusive-start>
<af-start id="199" threadId="000000000259BC88" totalBytesRequested="5096" timestamp="2019-08-02T20:07:46.515" intervalms="14.389" type="nursery" />
<cycle-start id="200" type="scavenge" contextid="0" timestamp="2019-08-02T20:07:46.515" intervalms="14.399" />
<gc-start id="201" type="scavenge" contextid="200" timestamp="2019-08-02T20:07:46.515">
  <mem-info id="202" free="2098496" total="9043968" percent="23">
    <mem type="nursery" free="0" total="2752512" percent="0">
      <mem type="allocate" free="0" total="1572864" percent="0" />
      <mem type="survivor" free="0" total="1179648" percent="0" />
    </mem>
    <mem type="tenure" free="2098496" total="6291456" percent="33">
      <mem type="soa" free="1784128" total="5977088" percent="29" />
      <mem type="loa" free="314368" total="314368" percent="100" />
    </mem>
    <remembered-set count="150" />
  </mem-info>
</gc-start>
<allocation-stats totalBytes="1369736" >
  <allocated-bytes non-tlh="632" tlh="1369104" />
  <largest-consumer threadName="Thread-10" threadId="000000000259B300" bytes="1369736" />
</allocation-stats>
<gc-op id="203" type="scavenge" timems="0.249" contextid="200" timestamp="2019-08-02T20:07:46.515">
  <scavenger-info tenureage="1" tenuremask="7ffe" tiltratio="57" />
  <memory-copied type="nursery" objects="27" bytes="69304" bytesdiscarded="11192" />
  <memory-copied type="tenure" objects="1" bytes="98264" bytesdiscarded="0" />
</gc-op>
<gc-end id="204" type="scavenge" contextid="200" durationms="0.602" usertimems="0.000" systemtimems="0.000" timestamp="2019-08-02T20:07:46.515" activeThreads="8">
  <mem-info id="205" free="3689208" total="9043968" percent="40">
    <mem type="nursery" free="1688976" total="2752512" percent="61">
      <mem type="allocate" free="1688976" total="1769472" percent="95" />
      <mem type="survivor" free="0" total="983040" percent="0" />
    </mem>
    <mem type="tenure" free="2000232" total="6291456" percent="31">
      <mem type="soa" free="1685864" total="5977088" percent="28" />
      <mem type="loa" free="314368" total="314368" percent="100" />
    </mem>
    <remembered-set count="148" />
  </mem-info>
</gc-end>
<cycle-end id="206" type="scavenge" contextid="200" timestamp="2019-08-02T20:07:46.516" />
  <attribute name="elasticGC enabled" value="1" />
  <attribute name= "numThreadsSpecified" value="0" />
  <attribute name="heapSize specified" value="0" />
  <attribute name= "numCores" value="8" />
  <attribute name ="GC Interval" value="1400" />
  <attribute name ="Control flow" value="2" />
  <attribute name="GC Util Range Max" value="26" />
  <attribute name="Current GC Util" value="7" />
  <attribute name= "Current Time Running" value="524" />
<allocation-satisfied id="207" threadId="000000000259B300" bytesRequested="5096" />
<af-end id="208" timestamp="2019-08-02T20:07:46.516" threadId="000000000259BC88" success="true" from="nursery"/>
<exclusive-end id="209" timestamp="2019-08-02T20:07:46.516" durationms="1.342" />

<exclusive-start id="210" timestamp="2019-08-02T20:07:46.520" intervalms="5.565">
  <response-info timems="0.244" idlems="0.131" threads="1" lastid="0000000002224600" lastname="JIT Compilation Thread-0" />
</exclusive-start>
<af-start id="211" threadId="000000000259BC88" totalBytesRequested="248" timestamp="2019-08-02T20:07:46.520" intervalms="5.491" type="nursery" />
<cycle-start id="212" type="scavenge" contextid="0" timestamp="2019-08-02T20:07:46.520" intervalms="5.441" />
<gc-start id="213" type="scavenge" contextid="212" timestamp="2019-08-02T20:07:46.520">
  <mem-info id="214" free="2000232" total="9043968" percent="22">
    <mem type="nursery" free="0" total="2752512" percent="0">
      <mem type="allocate" free="0" total="1769472" percent="0" />
      <mem type="survivor" free="0" total="983040" percent="0" />
    </mem>
    <mem type="tenure" free="2000232" total="6291456" percent="31">
      <mem type="soa" free="1685864" total="5977088" percent="28" />
      <mem type="loa" free="314368" total="314368" percent="100" />
    </mem>
    <remembered-set count="148" />
  </mem-info>
</gc-start>
<allocation-stats totalBytes="1685928" >
  <allocated-bytes non-tlh="5096" tlh="1680832" />
  <largest-consumer threadName="Thread-10" threadId="000000000259B300" bytes="1685928" />
</allocation-stats>
<gc-op id="215" type="scavenge" timems="0.260" contextid="212" timestamp="2019-08-02T20:07:46.521">
  <scavenger-info tenureage="2" tenuremask="7ffc" tiltratio="64" />
  <memory-copied type="nursery" objects="47" bytes="158784" bytesdiscarded="22536" />
</gc-op>
<gc-end id="216" type="scavenge" contextid="212" durationms="0.588" usertimems="0.000" systemtimems="0.000" timestamp="2019-08-02T20:07:46.521" activeThreads="8">
  <mem-info id="217" free="3719456" total="9043968" percent="41">
    <mem type="nursery" free="1719224" total="2752512" percent="62">
      <mem type="allocate" free="1719224" total="1900544" percent="90" />
      <mem type="survivor" free="0" total="851968" percent="0" />
    </mem>
    <mem type="tenure" free="2000232" total="6291456" percent="31">
      <mem type="soa" free="1685864" total="5977088" percent="28" />
      <mem type="loa" free="314368" total="314368" percent="100" />
    </mem>
    <remembered-set count="148" />
  </mem-info>
</gc-end>
<cycle-end id="218" type="scavenge" contextid="212" timestamp="2019-08-02T20:07:46.521" />
  <attribute name="elasticGC enabled" value="1" />
  <attribute name= "numThreadsSpecified" value="0" />
  <attribute name="heapSize specified" value="0" />
  <attribute name= "numCores" value="8" />
  <attribute name ="GC Interval" value="1400" />
  <attribute name ="Control flow" value="2" />
  <attribute name="GC Util Range Max" value="26" />
  <attribute name="Current GC Util" value="10" />
  <attribute name= "Current Time Running" value="529" />
<allocation-satisfied id="219" threadId="000000000259B300" bytesRequested="248" />
<af-end id="220" timestamp="2019-08-02T20:07:46.521" threadId="000000000259BC88" success="true" from="nursery"/>
<exclusive-end id="221" timestamp="2019-08-02T20:07:46.521" durationms="1.155" />

<exclusive-start id="222" timestamp="2019-08-02T20:07:46.526" intervalms="5.682">
  <response-info timems="0.319" idlems="0.319" threads="0" lastid="0000000002593B00" lastname="Thread-8" />
</exclusive-start>
<af-start id="223" threadId="0000000002594488" totalBytesRequested="40" timestamp="2019-08-02T20:07:46.526" intervalms="5.734" type="nursery" />
<cycle-start id="224" type="scavenge" contextid="0" timestamp="2019-08-02T20:07:46.526" intervalms="5.771" />
<gc-start id="225" type="scavenge" contextid="224" timestamp="2019-08-02T20:07:46.526">
  <mem-info id="226" free="2000200" total="9043968" percent="22">
    <mem type="nursery" free="0" total="2752512" percent="0">
      <mem type="allocate" free="0" total="1900544" percent="0" />
      <mem type="survivor" free="0" total="851968" percent="0" />
    </mem>
    <mem type="tenure" free="2000200" total="6291456" percent="31">
      <mem type="soa" free="1685832" total="5977088" percent="28" />
      <mem type="loa" free="314368" total="314368" percent="100" />
    </mem>
    <remembered-set count="149" />
  </mem-info>
</gc-start>
<allocation-stats totalBytes="1677960" >
  <allocated-bytes non-tlh="70016" tlh="1607944" />
  <largest-consumer threadName="Thread-10" threadId="000000000259B300" bytes="1677960" />
</allocation-stats>
<gc-op id="227" type="scavenge" timems="0.214" contextid="224" timestamp="2019-08-02T20:07:46.526">
  <scavenger-info tenureage="3" tenuremask="7ff8" tiltratio="69" />
  <memory-copied type="nursery" objects="2" bytes="99792" bytesdiscarded="0" />
</gc-op>
<gc-end id="228" type="scavenge" contextid="224" durationms="0.484" usertimems="0.000" systemtimems="0.000" timestamp="2019-08-02T20:07:46.527" activeThreads="8">
  <mem-info id="229" free="3932024" total="9043968" percent="43">
    <mem type="nursery" free="1931824" total="2752512" percent="70">
      <mem type="allocate" free="1931824" total="2031616" percent="95" />
      <mem type="survivor" free="0" total="720896" percent="0" />
    </mem>
    <mem type="tenure" free="2000200" total="6291456" percent="31">
      <mem type="soa" free="1685832" total="5977088" percent="28" />
      <mem type="loa" free="314368" total="314368" percent="100" />
    </mem>
    <remembered-set count="148" />
  </mem-info>
</gc-end>
<cycle-end id="230" type="scavenge" contextid="224" timestamp="2019-08-02T20:07:46.527" />
  <attribute name="elasticGC enabled" value="1" />
  <attribute name= "numThreadsSpecified" value="0" />
  <attribute name="heapSize specified" value="0" />
  <attribute name= "numCores" value="8" />
  <attribute name ="GC Interval" value="1400" />
  <attribute name ="Control flow" value="2" />
  <attribute name="GC Util Range Max" value="26" />
  <attribute name="Current GC Util" value="8" />
  <attribute name= "Current Time Running" value="535" />
<allocation-satisfied id="231" threadId="0000000002593B00" bytesRequested="40" />
<af-end id="232" timestamp="2019-08-02T20:07:46.527" threadId="0000000002594488" success="true" from="nursery"/>
<exclusive-end id="233" timestamp="2019-08-02T20:07:46.527" durationms="1.089" />

<exclusive-start id="234" timestamp="2019-08-02T20:07:46.625" intervalms="99.238">
  <response-info timems="0.061" idlems="0.061" threads="0" lastid="0000000002597700" lastname="Thread-11" />
</exclusive-start>
<af-start id="235" threadId="0000000002598088" totalBytesRequested="24" timestamp="2019-08-02T20:07:46.625" intervalms="99.304" type="nursery" />
<cycle-start id="236" type="scavenge" contextid="0" timestamp="2019-08-02T20:07:46.625" intervalms="99.273" />
<gc-start id="237" type="scavenge" contextid="236" timestamp="2019-08-02T20:07:46.625">
  <mem-info id="238" free="1994408" total="9043968" percent="22">
    <mem type="nursery" free="0" total="2752512" percent="0">
      <mem type="allocate" free="0" total="2031616" percent="0" />
      <mem type="survivor" free="0" total="720896" percent="0" />
    </mem>
    <mem type="tenure" free="1994408" total="6291456" percent="31">
      <mem type="soa" free="1680040" total="5977088" percent="28" />
      <mem type="loa" free="314368" total="314368" percent="100" />
    </mem>
    <remembered-set count="236" />
  </mem-info>
</gc-start>
<allocation-stats totalBytes="1936176" >
  <allocated-bytes non-tlh="506968" tlh="1429208" />
  <largest-consumer threadName="Thread-11" threadId="0000000002597700" bytes="1110832" />
</allocation-stats>
<gc-op id="239" type="scavenge" timems="2.026" contextid="236" timestamp="2019-08-02T20:07:46.627">
  <scavenger-info tenureage="4" tenuremask="7ff0" tiltratio="73" />
  <memory-copied type="nursery" objects="5530" bytes="428600" bytesdiscarded="38744" />
</gc-op>
<gc-end id="240" type="scavenge" contextid="236" durationms="2.321" usertimems="0.000" systemtimems="4.000" timestamp="2019-08-02T20:07:46.628" activeThreads="8">
  <mem-info id="241" free="3427536" total="9043968" percent="37">
    <mem type="nursery" free="1433128" total="2752512" percent="52">
      <mem type="allocate" free="1433128" total="1900544" percent="75" />
      <mem type="survivor" free="0" total="851968" percent="0" />
    </mem>
    <mem type="tenure" free="1994408" total="6291456" percent="31">
      <mem type="soa" free="1680040" total="5977088" percent="28" />
      <mem type="loa" free="314368" total="314368" percent="100" />
    </mem>
    <remembered-set count="224" />
  </mem-info>
</gc-end>
<cycle-end id="242" type="scavenge" contextid="236" timestamp="2019-08-02T20:07:46.628" />
  <attribute name="elasticGC enabled" value="1" />
  <attribute name= "numThreadsSpecified" value="0" />
  <attribute name="heapSize specified" value="0" />
  <attribute name= "numCores" value="8" />
  <attribute name ="GC Interval" value="1300" />
  <attribute name ="Control flow" value="2" />
  <attribute name="GC Util Range Max" value="26" />
  <attribute name="Current GC Util" value="0" />
  <attribute name= "Current Time Running" value="634" />
<allocation-satisfied id="243" threadId="0000000002597700" bytesRequested="24" />
<af-end id="244" timestamp="2019-08-02T20:07:46.628" threadId="0000000002598088" success="true" from="nursery"/>
<exclusive-end id="245" timestamp="2019-08-02T20:07:46.628" durationms="2.959" />

<exclusive-start id="246" timestamp="2019-08-02T20:07:46.641" intervalms="16.414">
  <response-info timems="0.031" idlems="0.031" threads="0" lastid="0000000002597700" lastname="Thread-11" />
</exclusive-start>
<af-start id="247" threadId="0000000002598088" totalBytesRequested="40" timestamp="2019-08-02T20:07:46.641" intervalms="16.323" type="nursery" />
<cycle-start id="248" type="scavenge" contextid="0" timestamp="2019-08-02T20:07:46.642" intervalms="16.323" />
<gc-start id="249" type="scavenge" contextid="248" timestamp="2019-08-02T20:07:46.642">
  <mem-info id="250" free="1994408" total="9043968" percent="22">
    <mem type="nursery" free="0" total="2752512" percent="0">
      <mem type="allocate" free="0" total="1900544" percent="0" />
      <mem type="survivor" free="0" total="851968" percent="0" />
    </mem>
    <mem type="tenure" free="1994408" total="6291456" percent="31">
      <mem type="soa" free="1680040" total="5977088" percent="28" />
      <mem type="loa" free="314368" total="314368" percent="100" />
    </mem>
    <remembered-set count="224" />
  </mem-info>
</gc-start>
<allocation-stats totalBytes="1432832" >
  <allocated-bytes non-tlh="24" tlh="1432808" />
  <largest-consumer threadName="Thread-11" threadId="0000000002597700" bytes="1432832" />
</allocation-stats>
<gc-op id="251" type="scavenge" timems="1.967" contextid="248" timestamp="2019-08-02T20:07:46.644">
  <scavenger-info tenureage="4" tenuremask="7ff0" tiltratio="69" />
  <memory-copied type="nursery" objects="5641" bytes="431280" bytesdiscarded="14824" />
</gc-op>
<heap-resize id="252" type="expand" space="nursery" amount="262144" count="1" timems="0.013" reason="excessive time being spent scavenging" timestamp="2019-08-02T20:07:46.644" />
<gc-end id="253" type="scavenge" contextid="248" durationms="2.261" usertimems="0.000" systemtimems="0.000" timestamp="2019-08-02T20:07:46.644" activeThreads="8">
  <mem-info id="254" free="3907528" total="9306112" percent="41">
    <mem type="nursery" free="1913120" total="3014656" percent="63">
      <mem type="allocate" free="1913120" total="2359296" percent="81" />
      <mem type="survivor" free="0" total="655360" percent="0" />
    </mem>
    <mem type="tenure" free="1994408" total="6291456" percent="31">
      <mem type="soa" free="1680040" total="5977088" percent="28" />
      <mem type="loa" free="314368" total="314368" percent="100" />
    </mem>
    <remembered-set count="162" />
  </mem-info>
</gc-end>
<cycle-end id="255" type="scavenge" contextid="248" timestamp="2019-08-02T20:07:46.644" />
  <attribute name="elasticGC enabled" value="1" />
  <attribute name= "numThreadsSpecified" value="0" />
  <attribute name="heapSize specified" value="0" />
  <attribute name= "numCores" value="8" />
  <attribute name ="GC Interval" value="1200" />
  <attribute name ="Control flow" value="2" />
  <attribute name="GC Util Range Max" value="26" />
  <attribute name="Current GC Util" value="15" />
  <attribute name= "Current Time Running" value="650" />
<allocation-satisfied id="256" threadId="0000000002597700" bytesRequested="40" />
<af-end id="257" timestamp="2019-08-02T20:07:46.644" threadId="0000000002598088" success="true" from="nursery"/>
<exclusive-end id="258" timestamp="2019-08-02T20:07:46.644" durationms="2.757" />

<exclusive-start id="259" timestamp="2019-08-02T20:07:46.660" intervalms="18.679">
  <response-info timems="0.054" idlems="0.054" threads="0" lastid="0000000002597700" lastname="Thread-11" />
</exclusive-start>
<af-start id="260" threadId="0000000002598088" totalBytesRequested="40" timestamp="2019-08-02T20:07:46.660" intervalms="18.676" type="nursery" />
<cycle-start id="261" type="scavenge" contextid="0" timestamp="2019-08-02T20:07:46.660" intervalms="18.666" />
<gc-start id="262" type="scavenge" contextid="261" timestamp="2019-08-02T20:07:46.660">
  <mem-info id="263" free="1994408" total="9306112" percent="21">
    <mem type="nursery" free="0" total="3014656" percent="0">
      <mem type="allocate" free="0" total="2359296" percent="0" />
      <mem type="survivor" free="0" total="655360" percent="0" />
    </mem>
    <mem type="tenure" free="1994408" total="6291456" percent="31">
      <mem type="soa" free="1680040" total="5977088" percent="28" />
      <mem type="loa" free="314368" total="314368" percent="100" />
    </mem>
    <remembered-set count="162" />
  </mem-info>
</gc-start>
<allocation-stats totalBytes="1912888" >
  <allocated-bytes non-tlh="40" tlh="1912848" />
  <largest-consumer threadName="Thread-11" threadId="0000000002597700" bytes="1912888" />
</allocation-stats>
<gc-op id="264" type="scavenge" timems="2.936" contextid="261" timestamp="2019-08-02T20:07:46.663">
  <scavenger-info tenureage="2" tenuremask="7ffc" tiltratio="78" />
  <memory-copied type="nursery" objects="311" bytes="7840" bytesdiscarded="70496" />
  <memory-copied type="tenure" objects="5455" bytes="426424" bytesdiscarded="48" />
</gc-op>
<heap-resize id="265" type="expand" space="nursery" amount="262144" count="1" timems="0.011" reason="excessive time being spent scavenging" timestamp="2019-08-02T20:07:46.663" />
<gc-end id="266" type="scavenge" contextid="261" durationms="3.316" usertimems="0.000" systemtimems="0.000" timestamp="2019-08-02T20:07:46.664" activeThreads="8">
  <mem-info id="267" free="4124624" total="9568256" percent="43">
    <mem type="nursery" free="2543104" total="3276800" percent="77">
      <mem type="allocate" free="2543104" total="2621440" percent="97" />
      <mem type="survivor" free="0" total="655360" percent="0" />
    </mem>
    <mem type="tenure" free="1581520" total="6291456" percent="25">
      <mem type="soa" free="1267152" total="5977088" percent="21" />
      <mem type="loa" free="314368" total="314368" percent="100" />
    </mem>
    <remembered-set count="320" />
  </mem-info>
</gc-end>
<cycle-end id="268" type="scavenge" contextid="261" timestamp="2019-08-02T20:07:46.664" />
  <attribute name="elasticGC enabled" value="1" />
  <attribute name= "numThreadsSpecified" value="0" />
  <attribute name="heapSize specified" value="0" />
  <attribute name= "numCores" value="8" />
  <attribute name ="GC Interval" value="1200" />
  <attribute name ="Control flow" value="2" />
  <attribute name="GC Util Range Max" value="26" />
  <attribute name="Current GC Util" value="13" />
  <attribute name= "Current Time Running" value="669" />
<allocation-satisfied id="269" threadId="0000000002597700" bytesRequested="40" />
<af-end id="270" timestamp="2019-08-02T20:07:46.664" threadId="0000000002598088" success="true" from="nursery"/>
<exclusive-end id="271" timestamp="2019-08-02T20:07:46.664" durationms="3.830" />

<exclusive-start id="272" timestamp="2019-08-02T20:07:46.681" intervalms="21.248">
  <response-info timems="0.035" idlems="0.035" threads="0" lastid="0000000002597700" lastname="Thread-11" />
</exclusive-start>
<af-start id="273" threadId="0000000002598088" totalBytesRequested="40" timestamp="2019-08-02T20:07:46.681" intervalms="21.277" type="nursery" />
<cycle-start id="274" type="scavenge" contextid="0" timestamp="2019-08-02T20:07:46.681" intervalms="21.279" />
<gc-start id="275" type="scavenge" contextid="274" timestamp="2019-08-02T20:07:46.682">
  <mem-info id="276" free="1581520" total="9568256" percent="16">
    <mem type="nursery" free="0" total="3276800" percent="0">
      <mem type="allocate" free="0" total="2621440" percent="0" />
      <mem type="survivor" free="0" total="655360" percent="0" />
    </mem>
    <mem type="tenure" free="1581520" total="6291456" percent="25">
      <mem type="soa" free="1267152" total="5977088" percent="21" />
      <mem type="loa" free="314368" total="314368" percent="100" />
    </mem>
    <remembered-set count="478" />
  </mem-info>
</gc-start>
<allocation-stats totalBytes="2542712" >
  <allocated-bytes non-tlh="40" tlh="2542672" />
  <largest-consumer threadName="Thread-11" threadId="0000000002597700" bytes="2542712" />
</allocation-stats>
<gc-op id="277" type="scavenge" timems="0.861" contextid="274" timestamp="2019-08-02T20:07:46.683">
  <scavenger-info tenureage="5" tenuremask="7fe0" tiltratio="80" />
  <memory-copied type="nursery" objects="471" bytes="11696" bytesdiscarded="42832" />
</gc-op>
<gc-end id="278" type="scavenge" contextid="274" durationms="1.152" usertimems="0.000" systemtimems="0.000" timestamp="2019-08-02T20:07:46.683" activeThreads="8">
  <mem-info id="279" free="4345040" total="9568256" percent="45">
    <mem type="nursery" free="2763520" total="3276800" percent="84">
      <mem type="allocate" free="2763520" total="2818048" percent="98" />
      <mem type="survivor" free="0" total="458752" percent="0" />
    </mem>
    <mem type="tenure" free="1581520" total="6291456" percent="25">
      <mem type="soa" free="1267152" total="5977088" percent="21" />
      <mem type="loa" free="314368" total="314368" percent="100" />
    </mem>
    <remembered-set count="478" />
  </mem-info>
</gc-end>
<cycle-end id="280" type="scavenge" contextid="274" timestamp="2019-08-02T20:07:46.683" />
  <attribute name="elasticGC enabled" value="1" />
  <attribute name= "numThreadsSpecified" value="0" />
  <attribute name="heapSize specified" value="0" />
  <attribute name= "numCores" value="8" />
  <attribute name ="GC Interval" value="1200" />
  <attribute name ="Control flow" value="2" />
  <attribute name="GC Util Range Max" value="26" />
  <attribute name="Current GC Util" value="17" />
  <attribute name= "Current Time Running" value="690" />
<allocation-satisfied id="281" threadId="0000000002597700" bytesRequested="40" />
<af-end id="282" timestamp="2019-08-02T20:07:46.683" threadId="0000000002598088" success="true" from="nursery"/>
<exclusive-end id="283" timestamp="2019-08-02T20:07:46.683" durationms="1.715" />

<exclusive-start id="284" timestamp="2019-08-02T20:07:46.700" intervalms="19.033">
  <response-info timems="0.074" idlems="0.074" threads="0" lastid="0000000002597700" lastname="Thread-11" />
</exclusive-start>
<af-start id="285" threadId="0000000002598088" totalBytesRequested="40" timestamp="2019-08-02T20:07:46.700" intervalms="19.044" type="nursery" />
<cycle-start id="286" type="scavenge" contextid="0" timestamp="2019-08-02T20:07:46.701" intervalms="19.056" />
<gc-start id="287" type="scavenge" contextid="286" timestamp="2019-08-02T20:07:46.701">
  <mem-info id="288" free="1581520" total="9568256" percent="16">
    <mem type="nursery" free="0" total="3276800" percent="0">
      <mem type="allocate" free="0" total="2818048" percent="0" />
      <mem type="survivor" free="0" total="458752" percent="0" />
    </mem>
    <mem type="tenure" free="1581520" total="6291456" percent="25">
      <mem type="soa" free="1267152" total="5977088" percent="21" />
      <mem type="loa" free="314368" total="314368" percent="100" />
    </mem>
    <remembered-set count="611" />
  </mem-info>
</gc-start>
<allocation-stats totalBytes="2763160" >
  <allocated-bytes non-tlh="40" tlh="2763120" />
  <largest-consumer threadName="Thread-11" threadId="0000000002597700" bytes="2763160" />
</allocation-stats>
<gc-op id="289" type="scavenge" timems="1.026" contextid="286" timestamp="2019-08-02T20:07:46.702">
  <scavenger-info tenureage="6" tenuremask="7fc0" tiltratio="86" />
  <memory-copied type="nursery" objects="604" bytes="14888" bytesdiscarded="39640" />
</gc-op>
<gc-end id="290" type="scavenge" contextid="286" durationms="1.329" usertimems="4.000" systemtimems="0.000" timestamp="2019-08-02T20:07:46.702" activeThreads="8">
  <mem-info id="291" free="4410576" total="9568256" percent="46">
    <mem type="nursery" free="2829056" total="3276800" percent="86">
      <mem type="allocate" free="2829056" total="2883584" percent="98" />
      <mem type="survivor" free="0" total="393216" percent="0" />
    </mem>
    <mem type="tenure" free="1581520" total="6291456" percent="25">
      <mem type="soa" free="1267152" total="5977088" percent="21" />
      <mem type="loa" free="314368" total="314368" percent="100" />
    </mem>
    <remembered-set count="610" />
  </mem-info>
</gc-end>
<cycle-end id="292" type="scavenge" contextid="286" timestamp="2019-08-02T20:07:46.702" />
  <attribute name="elasticGC enabled" value="1" />
  <attribute name= "numThreadsSpecified" value="0" />
  <attribute name="heapSize specified" value="0" />
  <attribute name= "numCores" value="8" />
  <attribute name ="GC Interval" value="1200" />
  <attribute name ="Control flow" value="2" />
  <attribute name="GC Util Range Max" value="26" />
  <attribute name="Current GC Util" value="6" />
  <attribute name= "Current Time Running" value="709" />
<allocation-satisfied id="293" threadId="0000000002597700" bytesRequested="40" />
<af-end id="294" timestamp="2019-08-02T20:07:46.702" threadId="0000000002598088" success="true" from="nursery"/>
<exclusive-end id="295" timestamp="2019-08-02T20:07:46.702" durationms="1.959" />

<exclusive-start id="296" timestamp="2019-08-02T20:07:46.716" intervalms="15.878">
  <response-info timems="0.054" idlems="0.054" threads="0" lastid="0000000002597700" lastname="Thread-11" />
</exclusive-start>
<af-start id="297" threadId="0000000002598088" totalBytesRequested="40" timestamp="2019-08-02T20:07:46.716" intervalms="15.843" type="nursery" />
<cycle-start id="298" type="scavenge" contextid="0" timestamp="2019-08-02T20:07:46.716" intervalms="15.828" />
<gc-start id="299" type="scavenge" contextid="298" timestamp="2019-08-02T20:07:46.716">
  <mem-info id="300" free="1581520" total="9568256" percent="16">
    <mem type="nursery" free="0" total="3276800" percent="0">
      <mem type="allocate" free="0" total="2883584" percent="0" />
      <mem type="survivor" free="0" total="393216" percent="0" />
    </mem>
    <mem type="tenure" free="1581520" total="6291456" percent="25">
      <mem type="soa" free="1267152" total="5977088" percent="21" />
      <mem type="loa" free="314368" total="314368" percent="100" />
    </mem>
    <remembered-set count="735" />
  </mem-info>
</gc-start>
<allocation-stats totalBytes="2828720" >
  <allocated-bytes non-tlh="40" tlh="2828680" />
  <largest-consumer threadName="Thread-11" threadId="0000000002597700" bytes="2828720" />
</allocation-stats>
<gc-op id="301" type="scavenge" timems="0.895" contextid="298" timestamp="2019-08-02T20:07:46.717">
  <scavenger-info tenureage="4" tenuremask="fff0" tiltratio="88" />
  <memory-copied type="nursery" objects="620" bytes="15272" bytesdiscarded="39256" />
  <memory-copied type="tenure" objects="109" bytes="2616" bytesdiscarded="0" />
</gc-op>
<heap-resize id="302" type="expand" space="nursery" amount="131072" count="1" timems="0.013" reason="excessive time being spent scavenging" timestamp="2019-08-02T20:07:46.718" />
<gc-end id="303" type="scavenge" contextid="298" durationms="1.259" usertimems="0.000" systemtimems="0.000" timestamp="2019-08-02T20:07:46.718" activeThreads="8">
  <mem-info id="304" free="4487120" total="9699328" percent="46">
    <mem type="nursery" free="2960128" total="3407872" percent="86">
      <mem type="allocate" free="2960128" total="3014656" percent="98" />
      <mem type="survivor" free="0" total="393216" percent="0" />
    </mem>
    <mem type="tenure" free="1526992" total="6291456" percent="24">
      <mem type="soa" free="1212624" total="5977088" percent="20" />
      <mem type="loa" free="314368" total="314368" percent="100" />
    </mem>
    <remembered-set count="626" />
  </mem-info>
</gc-end>
<cycle-end id="305" type="scavenge" contextid="298" timestamp="2019-08-02T20:07:46.718" />
  <attribute name="elasticGC enabled" value="1" />
  <attribute name= "numThreadsSpecified" value="0" />
  <attribute name="heapSize specified" value="0" />
  <attribute name= "numCores" value="8" />
  <attribute name ="GC Interval" value="1200" />
  <attribute name ="Control flow" value="2" />
  <attribute name="GC Util Range Max" value="26" />
  <attribute name="Current GC Util" value="8" />
  <attribute name= "Current Time Running" value="725" />
<allocation-satisfied id="306" threadId="0000000002597700" bytesRequested="40" />
<af-end id="307" timestamp="2019-08-02T20:07:46.718" threadId="0000000002598088" success="true" from="nursery"/>
<exclusive-end id="308" timestamp="2019-08-02T20:07:46.718" durationms="1.779" />

<exclusive-start id="309" timestamp="2019-08-02T20:07:46.733" intervalms="17.351">
  <response-info timems="0.072" idlems="0.072" threads="0" lastid="0000000002597700" lastname="Thread-11" />
</exclusive-start>
<af-start id="310" threadId="0000000002598088" totalBytesRequested="40" timestamp="2019-08-02T20:07:46.734" intervalms="17.326" type="nursery" />
<cycle-start id="311" type="scavenge" contextid="0" timestamp="2019-08-02T20:07:46.734" intervalms="17.331" />
<gc-start id="312" type="scavenge" contextid="311" timestamp="2019-08-02T20:07:46.734">
  <mem-info id="313" free="1526992" total="9699328" percent="15">
    <mem type="nursery" free="0" total="3407872" percent="0">
      <mem type="allocate" free="0" total="3014656" percent="0" />
      <mem type="survivor" free="0" total="393216" percent="0" />
    </mem>
    <mem type="tenure" free="1526992" total="6291456" percent="24">
      <mem type="soa" free="1212624" total="5977088" percent="20" />
      <mem type="loa" free="314368" total="314368" percent="100" />
    </mem>
    <remembered-set count="748" />
  </mem-info>
</gc-start>
<allocation-stats totalBytes="2959752" >
  <allocated-bytes non-tlh="40" tlh="2959712" />
  <largest-consumer threadName="Thread-11" threadId="0000000002597700" bytes="2959752" />
</allocation-stats>
<gc-op id="314" type="scavenge" timems="1.548" contextid="311" timestamp="2019-08-02T20:07:46.735">
  <scavenger-info tenureage="4" tenuremask="ffd0" tiltratio="88" />
  <memory-copied type="nursery" objects="617" bytes="15184" bytesdiscarded="39344" />
  <memory-copied type="tenure" objects="124" bytes="2976" bytesdiscarded="16" />
</gc-op>
<gc-end id="315" type="scavenge" contextid="311" durationms="1.826" usertimems="4.000" systemtimems="0.000" timestamp="2019-08-02T20:07:46.736" activeThreads="8">
  <mem-info id="316" free="4432592" total="9699328" percent="45">
    <mem type="nursery" free="2960128" total="3407872" percent="86">
      <mem type="allocate" free="2960128" total="3014656" percent="98" />
      <mem type="survivor" free="0" total="393216" percent="0" />
    </mem>
    <mem type="tenure" free="1472464" total="6291456" percent="23">
      <mem type="soa" free="1158096" total="5977088" percent="19" />
      <mem type="loa" free="314368" total="314368" percent="100" />
    </mem>
    <remembered-set count="624" />
  </mem-info>
</gc-end>
<cycle-end id="317" type="scavenge" contextid="311" timestamp="2019-08-02T20:07:46.736" />
  <attribute name="elasticGC enabled" value="1" />
  <attribute name= "numThreadsSpecified" value="0" />
  <attribute name="heapSize specified" value="0" />
  <attribute name= "numCores" value="8" />
  <attribute name ="GC Interval" value="1200" />
  <attribute name ="Control flow" value="2" />
  <attribute name="GC Util Range Max" value="26" />
  <attribute name="Current GC Util" value="7" />
  <attribute name= "Current Time Running" value="743" />
<allocation-satisfied id="318" threadId="0000000002597700" bytesRequested="40" />
<af-end id="319" timestamp="2019-08-02T20:07:46.736" threadId="0000000002598088" success="true" from="nursery"/>
<exclusive-end id="320" timestamp="2019-08-02T20:07:46.736" durationms="2.365" />

<exclusive-start id="321" timestamp="2019-08-02T20:07:46.745" intervalms="11.218">
  <response-info timems="0.066" idlems="0.066" threads="0" lastid="0000000002597700" lastname="Thread-11" />
</exclusive-start>
<af-start id="322" threadId="0000000002598088" totalBytesRequested="40" timestamp="2019-08-02T20:07:46.745" intervalms="11.236" type="nursery" />
<cycle-start id="323" type="scavenge" contextid="0" timestamp="2019-08-02T20:07:46.745" intervalms="11.231" />
<gc-start id="324" type="scavenge" contextid="323" timestamp="2019-08-02T20:07:46.745">
  <mem-info id="325" free="1472464" total="9699328" percent="15">
    <mem type="nursery" free="0" total="3407872" percent="0">
      <mem type="allocate" free="0" total="3014656" percent="0" />
      <mem type="survivor" free="0" total="393216" percent="0" />
    </mem>
    <mem type="tenure" free="1472464" total="6291456" percent="23">
      <mem type="soa" free="1158096" total="5977088" percent="19" />
      <mem type="loa" free="314368" total="314368" percent="100" />
    </mem>
    <remembered-set count="762" />
  </mem-info>
</gc-start>
<allocation-stats totalBytes="2959704" >
  <allocated-bytes non-tlh="40" tlh="2959664" />
  <largest-consumer threadName="Thread-11" threadId="0000000002597700" bytes="2959704" />
</allocation-stats>
<gc-op id="326" type="scavenge" timems="0.815" contextid="323" timestamp="2019-08-02T20:07:46.746">
  <scavenger-info tenureage="4" tenuremask="ffd0" tiltratio="88" />
  <memory-copied type="nursery" objects="602" bytes="14824" bytesdiscarded="94232" />
  <memory-copied type="tenure" objects="153" bytes="3672" bytesdiscarded="0" />
</gc-op>
<heap-resize id="327" type="expand" space="nursery" amount="262144" count="1" timems="0.012" reason="excessive time being spent scavenging" timestamp="2019-08-02T20:07:46.746" />
<gc-end id="328" type="scavenge" contextid="323" durationms="1.119" usertimems="4.000" systemtimems="0.000" timestamp="2019-08-02T20:07:46.746" activeThreads="8">
  <mem-info id="329" free="4520144" total="9961472" percent="45">
    <mem type="nursery" free="3102208" total="3670016" percent="84">
      <mem type="allocate" free="3102208" total="3211264" percent="96" />
      <mem type="survivor" free="0" total="458752" percent="0" />
    </mem>
    <mem type="tenure" free="1417936" total="6291456" percent="22">
      <mem type="soa" free="1103568" total="5977088" percent="18" />
      <mem type="loa" free="314368" total="314368" percent="100" />
    </mem>
    <remembered-set count="609" />
  </mem-info>
</gc-end>
<cycle-end id="330" type="scavenge" contextid="323" timestamp="2019-08-02T20:07:46.746" />
  <attribute name="elasticGC enabled" value="1" />
  <attribute name= "numThreadsSpecified" value="0" />
  <attribute name="heapSize specified" value="0" />
  <attribute name= "numCores" value="8" />
  <attribute name ="GC Interval" value="1200" />
  <attribute name ="Control flow" value="2" />
  <attribute name="GC Util Range Max" value="26" />
  <attribute name="Current GC Util" value="17" />
  <attribute name= "Current Time Running" value="754" />
<allocation-satisfied id="331" threadId="0000000002597700" bytesRequested="40" />
<af-end id="332" timestamp="2019-08-02T20:07:46.746" threadId="0000000002598088" success="true" from="nursery"/>
<exclusive-end id="333" timestamp="2019-08-02T20:07:46.746" durationms="1.565" />

<exclusive-start id="334" timestamp="2019-08-02T20:07:46.757" intervalms="11.896">
  <response-info timems="0.025" idlems="0.025" threads="0" lastid="0000000002597700" lastname="Thread-11" />
</exclusive-start>
<af-start id="335" threadId="0000000002598088" totalBytesRequested="40" timestamp="2019-08-02T20:07:46.757" intervalms="11.860" type="nursery" />
<cycle-start id="336" type="scavenge" contextid="0" timestamp="2019-08-02T20:07:46.757" intervalms="11.860" />
<gc-start id="337" type="scavenge" contextid="336" timestamp="2019-08-02T20:07:46.757">
  <mem-info id="338" free="1417936" total="9961472" percent="14">
    <mem type="nursery" free="0" total="3670016" percent="0">
      <mem type="allocate" free="0" total="3211264" percent="0" />
      <mem type="survivor" free="0" total="458752" percent="0" />
    </mem>
    <mem type="tenure" free="1417936" total="6291456" percent="22">
      <mem type="soa" free="1103568" total="5977088" percent="18" />
      <mem type="loa" free="314368" total="314368" percent="100" />
    </mem>
    <remembered-set count="760" />
  </mem-info>
</gc-start>
<allocation-stats totalBytes="3101712" >
  <allocated-bytes non-tlh="40" tlh="3101672" />
  <largest-consumer threadName="Thread-11" threadId="0000000002597700" bytes="3101712" />
</allocation-stats>
<gc-op id="339" type="scavenge" timems="0.846" contextid="336" timestamp="2019-08-02T20:07:46.758">
  <scavenger-info tenureage="3" tenuremask="ffd8" tiltratio="87" />
  <memory-copied type="nursery" objects="490" bytes="12136" bytesdiscarded="96920" />
  <memory-copied type="tenure" objects="263" bytes="6312" bytesdiscarded="0" />
</gc-op>
<heap-resize id="340" type="expand" space="nursery" amount="262144" count="1" timems="0.011" reason="excessive time being spent scavenging" timestamp="2019-08-02T20:07:46.758" />
<gc-end id="341" type="scavenge" contextid="336" durationms="1.150" usertimems="0.000" systemtimems="0.000" timestamp="2019-08-02T20:07:46.758" activeThreads="8">
  <mem-info id="342" free="4727760" total="10223616" percent="46">
    <mem type="nursery" free="3364352" total="3932160" percent="85">
      <mem type="allocate" free="3364352" total="3473408" percent="96" />
      <mem type="survivor" free="0" total="458752" percent="0" />
    </mem>
    <mem type="tenure" free="1363408" total="6291456" percent="21">
      <mem type="soa" free="1049040" total="5977088" percent="17" />
      <mem type="loa" free="314368" total="314368" percent="100" />
    </mem>
    <remembered-set count="497" />
  </mem-info>
</gc-end>
<cycle-end id="343" type="scavenge" contextid="336" timestamp="2019-08-02T20:07:46.758" />
  <attribute name="elasticGC enabled" value="1" />
  <attribute name= "numThreadsSpecified" value="0" />
  <attribute name="heapSize specified" value="0" />
  <attribute name= "numCores" value="8" />
  <attribute name ="GC Interval" value="1200" />
  <attribute name ="Control flow" value="2" />
  <attribute name="GC Util Range Max" value="26" />
  <attribute name="Current GC Util" value="10" />
  <attribute name= "Current Time Running" value="766" />
<allocation-satisfied id="344" threadId="0000000002597700" bytesRequested="40" />
<af-end id="345" timestamp="2019-08-02T20:07:46.758" threadId="0000000002598088" success="true" from="nursery"/>
<exclusive-end id="346" timestamp="2019-08-02T20:07:46.758" durationms="1.570" />

<exclusive-start id="347" timestamp="2019-08-02T20:07:46.768" intervalms="11.378">
  <response-info timems="0.058" idlems="0.058" threads="0" lastid="0000000002597700" lastname="Thread-11" />
</exclusive-start>
<af-start id="348" threadId="0000000002598088" totalBytesRequested="40" timestamp="2019-08-02T20:07:46.768" intervalms="11.383" type="nursery" />
<cycle-start id="349" type="scavenge" contextid="0" timestamp="2019-08-02T20:07:46.768" intervalms="11.385" />
<gc-start id="350" type="scavenge" contextid="349" timestamp="2019-08-02T20:07:46.768">
  <mem-info id="351" free="1363408" total="10223616" percent="13">
    <mem type="nursery" free="0" total="3932160" percent="0">
      <mem type="allocate" free="0" total="3473408" percent="0" />
      <mem type="survivor" free="0" total="458752" percent="0" />
    </mem>
    <mem type="tenure" free="1363408" total="6291456" percent="21">
      <mem type="soa" free="1049040" total="5977088" percent="17" />
      <mem type="loa" free="314368" total="314368" percent="100" />
    </mem>
    <remembered-set count="662" />
  </mem-info>
</gc-start>
<allocation-stats totalBytes="3363840" >
  <allocated-bytes non-tlh="40" tlh="3363800" />
  <largest-consumer threadName="Thread-11" threadId="0000000002597700" bytes="3363840" />
</allocation-stats>
<gc-op id="352" type="scavenge" timems="1.255" contextid="349" timestamp="2019-08-02T20:07:46.770">
  <scavenger-info tenureage="3" tenuremask="ffc8" tiltratio="88" />
  <memory-copied type="nursery" objects="499" bytes="12224" bytesdiscarded="96832" />
  <memory-copied type="tenure" objects="126" bytes="3024" bytesdiscarded="0" />
</gc-op>
<heap-resize id="353" type="expand" space="nursery" amount="262144" count="1" timems="0.010" reason="excessive time being spent scavenging" timestamp="2019-08-02T20:07:46.770" />
<gc-end id="354" type="scavenge" contextid="349" durationms="1.525" usertimems="0.000" systemtimems="0.000" timestamp="2019-08-02T20:07:46.770" activeThreads="8">
  <mem-info id="355" free="4989904" total="10485760" percent="47">
    <mem type="nursery" free="3626496" total="4194304" percent="86">
      <mem type="allocate" free="3626496" total="3735552" percent="97" />
      <mem type="survivor" free="0" total="458752" percent="0" />
    </mem>
    <mem type="tenure" free="1363408" total="6291456" percent="21">
      <mem type="soa" free="1049040" total="5977088" percent="17" />
      <mem type="loa" free="314368" total="314368" percent="100" />
    </mem>
    <remembered-set count="536" />
  </mem-info>
</gc-end>
<cycle-end id="356" type="scavenge" contextid="349" timestamp="2019-08-02T20:07:46.770" />
  <attribute name="elasticGC enabled" value="1" />
  <attribute name= "numThreadsSpecified" value="0" />
  <attribute name="heapSize specified" value="0" />
  <attribute name= "numCores" value="8" />
  <attribute name ="GC Interval" value="1200" />
  <attribute name ="Control flow" value="2" />
  <attribute name="GC Util Range Max" value="26" />
  <attribute name="Current GC Util" value="11" />
  <attribute name= "Current Time Running" value="777" />
<allocation-satisfied id="357" threadId="0000000002597700" bytesRequested="40" />
<af-end id="358" timestamp="2019-08-02T20:07:46.770" threadId="0000000002598088" success="true" from="nursery"/>
<exclusive-end id="359" timestamp="2019-08-02T20:07:46.770" durationms="1.961" />

<exclusive-start id="360" timestamp="2019-08-02T20:07:46.782" intervalms="13.607">
  <response-info timems="0.034" idlems="0.034" threads="0" lastid="0000000002597700" lastname="Thread-11" />
</exclusive-start>
<af-start id="361" threadId="0000000002598088" totalBytesRequested="24" timestamp="2019-08-02T20:07:46.782" intervalms="13.615" type="nursery" />
<cycle-start id="362" type="scavenge" contextid="0" timestamp="2019-08-02T20:07:46.782" intervalms="13.621" />
<gc-start id="363" type="scavenge" contextid="362" timestamp="2019-08-02T20:07:46.782">
  <mem-info id="364" free="1363408" total="10485760" percent="13">
    <mem type="nursery" free="0" total="4194304" percent="0">
      <mem type="allocate" free="0" total="3735552" percent="0" />
      <mem type="survivor" free="0" total="458752" percent="0" />
    </mem>
    <mem type="tenure" free="1363408" total="6291456" percent="21">
      <mem type="soa" free="1049040" total="5977088" percent="17" />
      <mem type="loa" free="314368" total="314368" percent="100" />
    </mem>
    <remembered-set count="758" />
  </mem-info>
</gc-start>
<allocation-stats totalBytes="3625968" >
  <allocated-bytes non-tlh="40" tlh="3625928" />
  <largest-consumer threadName="Thread-11" threadId="0000000002597700" bytes="3625968" />
</allocation-stats>
<gc-op id="365" type="scavenge" timems="0.848" contextid="362" timestamp="2019-08-02T20:07:46.783">
  <scavenger-info tenureage="3" tenuremask="ffe8" tiltratio="89" />
  <memory-copied type="nursery" objects="613" bytes="15088" bytesdiscarded="93968" />
  <memory-copied type="tenure" objects="138" bytes="3312" bytesdiscarded="0" />
</gc-op>
<gc-end id="366" type="scavenge" contextid="362" durationms="1.129" usertimems="4.000" systemtimems="0.000" timestamp="2019-08-02T20:07:46.783" activeThreads="8">
  <mem-info id="367" free="4989904" total="10485760" percent="47">
    <mem type="nursery" free="3626496" total="4194304" percent="86">
      <mem type="allocate" free="3626496" total="3735552" percent="97" />
      <mem type="survivor" free="0" total="458752" percent="0" />
    </mem>
    <mem type="tenure" free="1363408" total="6291456" percent="21">
      <mem type="soa" free="1049040" total="5977088" percent="17" />
      <mem type="loa" free="314368" total="314368" percent="100" />
    </mem>
    <remembered-set count="618" />
  </mem-info>
</gc-end>
<cycle-end id="368" type="scavenge" contextid="362" timestamp="2019-08-02T20:07:46.783" />
  <attribute name="elasticGC enabled" value="1" />
  <attribute name= "numThreadsSpecified" value="0" />
  <attribute name="heapSize specified" value="0" />
  <attribute name= "numCores" value="8" />
  <attribute name ="GC Interval" value="1200" />
  <attribute name ="Control flow" value="2" />
  <attribute name="GC Util Range Max" value="26" />
  <attribute name="Current GC Util" value="14" />
  <attribute name= "Current Time Running" value="791" />
<allocation-satisfied id="369" threadId="0000000002597700" bytesRequested="24" />
<af-end id="370" timestamp="2019-08-02T20:07:46.783" threadId="0000000002598088" success="true" from="nursery"/>
<exclusive-end id="371" timestamp="2019-08-02T20:07:46.783" durationms="1.643" />

<exclusive-start id="372" timestamp="2019-08-02T20:07:46.797" intervalms="15.096">
  <response-info timems="0.062" idlems="0.062" threads="0" lastid="0000000002597700" lastname="Thread-11" />
</exclusive-start>
<af-start id="373" threadId="0000000002598088" totalBytesRequested="40" timestamp="2019-08-02T20:07:46.797" intervalms="15.134" type="nursery" />
<cycle-start id="374" type="scavenge" contextid="0" timestamp="2019-08-02T20:07:46.797" intervalms="15.126" />
<gc-start id="375" type="scavenge" contextid="374" timestamp="2019-08-02T20:07:46.797">
  <mem-info id="376" free="1363408" total="10485760" percent="13">
    <mem type="nursery" free="0" total="4194304" percent="0">
      <mem type="allocate" free="0" total="3735552" percent="0" />
      <mem type="survivor" free="0" total="458752" percent="0" />
    </mem>
    <mem type="tenure" free="1363408" total="6291456" percent="21">
      <mem type="soa" free="1049040" total="5977088" percent="17" />
      <mem type="loa" free="314368" total="314368" percent="100" />
    </mem>
    <remembered-set count="835" />
  </mem-info>
</gc-start>
<allocation-stats totalBytes="3626096" >
  <allocated-bytes non-tlh="24" tlh="3626072" />
  <largest-consumer threadName="Thread-11" threadId="0000000002597700" bytes="3626096" />
</allocation-stats>
<gc-op id="377" type="scavenge" timems="0.616" contextid="374" timestamp="2019-08-02T20:07:46.798">
  <scavenger-info tenureage="3" tenuremask="ffe8" tiltratio="89" />
  <memory-copied type="nursery" objects="615" bytes="14880" bytesdiscarded="94176" />
  <memory-copied type="tenure" objects="151" bytes="3624" bytesdiscarded="0" />
</gc-op>
<gc-end id="378" type="scavenge" contextid="374" durationms="0.815" usertimems="4.000" systemtimems="0.000" timestamp="2019-08-02T20:07:46.798" activeThreads="8">
  <mem-info id="379" free="4989904" total="10485760" percent="47">
    <mem type="nursery" free="3626496" total="4194304" percent="86">
      <mem type="allocate" free="3626496" total="3735552" percent="97" />
      <mem type="survivor" free="0" total="458752" percent="0" />
    </mem>
    <mem type="tenure" free="1363408" total="6291456" percent="21">
      <mem type="soa" free="1049040" total="5977088" percent="17" />
      <mem type="loa" free="314368" total="314368" percent="100" />
    </mem>
    <remembered-set count="684" />
  </mem-info>
</gc-end>
<cycle-end id="380" type="scavenge" contextid="374" timestamp="2019-08-02T20:07:46.798" />
  <attribute name="elasticGC enabled" value="1" />
  <attribute name= "numThreadsSpecified" value="0" />
  <attribute name="heapSize specified" value="0" />
  <attribute name= "numCores" value="8" />
  <attribute name ="GC Interval" value="1200" />
  <attribute name ="Control flow" value="2" />
  <attribute name="GC Util Range Max" value="26" />
  <attribute name="Current GC Util" value="9" />
  <attribute name= "Current Time Running" value="806" />
<allocation-satisfied id="381" threadId="0000000002597700" bytesRequested="40" />
<af-end id="382" timestamp="2019-08-02T20:07:46.798" threadId="0000000002598088" success="true" from="nursery"/>
<exclusive-end id="383" timestamp="2019-08-02T20:07:46.798" durationms="1.407" />

<exclusive-start id="384" timestamp="2019-08-02T20:07:46.811" intervalms="14.318">
  <response-info timems="0.071" idlems="0.071" threads="0" lastid="0000000002597700" lastname="Thread-11" />
</exclusive-start>
<af-start id="385" threadId="0000000002598088" totalBytesRequested="40" timestamp="2019-08-02T20:07:46.811" intervalms="14.309" type="nursery" />
<cycle-start id="386" type="scavenge" contextid="0" timestamp="2019-08-02T20:07:46.811" intervalms="14.307" />
<gc-start id="387" type="scavenge" contextid="386" timestamp="2019-08-02T20:07:46.811">
  <mem-info id="388" free="1363408" total="10485760" percent="13">
    <mem type="nursery" free="0" total="4194304" percent="0">
      <mem type="allocate" free="0" total="3735552" percent="0" />
      <mem type="survivor" free="0" total="458752" percent="0" />
    </mem>
    <mem type="tenure" free="1363408" total="6291456" percent="21">
      <mem type="soa" free="1049040" total="5977088" percent="17" />
      <mem type="loa" free="314368" total="314368" percent="100" />
    </mem>
    <remembered-set count="869" />
  </mem-info>
</gc-start>
<allocation-stats totalBytes="3626056" >
  <allocated-bytes non-tlh="40" tlh="3626016" />
  <largest-consumer threadName="Thread-11" threadId="0000000002597700" bytes="3626056" />
</allocation-stats>
<gc-op id="389" type="scavenge" timems="0.646" contextid="386" timestamp="2019-08-02T20:07:46.812">
  <scavenger-info tenureage="3" tenuremask="ffe8" tiltratio="89" />
  <memory-copied type="nursery" objects="700" bytes="17192" bytesdiscarded="91864" />
  <memory-copied type="tenure" objects="164" bytes="3936" bytesdiscarded="0" />
</gc-op>
<gc-end id="390" type="scavenge" contextid="386" durationms="0.807" usertimems="4.000" systemtimems="0.000" timestamp="2019-08-02T20:07:46.812" activeThreads="8">
  <mem-info id="391" free="4989904" total="10485760" percent="47">
    <mem type="nursery" free="3626496" total="4194304" percent="86">
      <mem type="allocate" free="3626496" total="3735552" percent="97" />
      <mem type="survivor" free="0" total="458752" percent="0" />
    </mem>
    <mem type="tenure" free="1363408" total="6291456" percent="21">
      <mem type="soa" free="1049040" total="5977088" percent="17" />
      <mem type="loa" free="314368" total="314368" percent="100" />
    </mem>
    <remembered-set count="704" />
  </mem-info>
</gc-end>
<cycle-end id="392" type="scavenge" contextid="386" timestamp="2019-08-02T20:07:46.812" />
  <attribute name="elasticGC enabled" value="1" />
  <attribute name= "numThreadsSpecified" value="0" />
  <attribute name="heapSize specified" value="0" />
  <attribute name= "numCores" value="8" />
  <attribute name ="GC Interval" value="1200" />
  <attribute name ="Control flow" value="2" />
  <attribute name="GC Util Range Max" value="26" />
  <attribute name="Current GC Util" value="9" />
  <attribute name= "Current Time Running" value="820" />
<allocation-satisfied id="393" threadId="0000000002597700" bytesRequested="40" />
<af-end id="394" timestamp="2019-08-02T20:07:46.812" threadId="0000000002598088" success="true" from="nursery"/>
<exclusive-end id="395" timestamp="2019-08-02T20:07:46.812" durationms="1.310" />

<exclusive-start id="396" timestamp="2019-08-02T20:07:46.826" intervalms="14.630">
  <response-info timems="0.073" idlems="0.073" threads="0" lastid="0000000002597700" lastname="Thread-11" />
</exclusive-start>
<af-start id="397" threadId="0000000002598088" totalBytesRequested="40" timestamp="2019-08-02T20:07:46.826" intervalms="14.630" type="nursery" />
<cycle-start id="398" type="scavenge" contextid="0" timestamp="2019-08-02T20:07:46.826" intervalms="14.635" />
<gc-start id="399" type="scavenge" contextid="398" timestamp="2019-08-02T20:07:46.826">
  <mem-info id="400" free="1363408" total="10485760" percent="13">
    <mem type="nursery" free="0" total="4194304" percent="0">
      <mem type="allocate" free="0" total="3735552" percent="0" />
      <mem type="survivor" free="0" total="458752" percent="0" />
    </mem>
    <mem type="tenure" free="1363408" total="6291456" percent="21">
      <mem type="soa" free="1049040" total="5977088" percent="17" />
      <mem type="loa" free="314368" total="314368" percent="100" />
    </mem>
    <remembered-set count="925" />
  </mem-info>
</gc-start>
<allocation-stats totalBytes="3625976" >
  <allocated-bytes non-tlh="40" tlh="3625936" />
  <largest-consumer threadName="Thread-11" threadId="0000000002597700" bytes="3625976" />
</allocation-stats>
<gc-op id="401" type="scavenge" timems="0.590" contextid="398" timestamp="2019-08-02T20:07:46.827">
  <scavenger-info tenureage="3" tenuremask="ffe8" tiltratio="89" />
  <memory-copied type="nursery" objects="698" bytes="17128" bytesdiscarded="91928" />
  <memory-copied type="tenure" objects="220" bytes="5280" bytesdiscarded="0" />
</gc-op>
<gc-end id="402" type="scavenge" contextid="398" durationms="0.892" usertimems="0.000" systemtimems="0.000" timestamp="2019-08-02T20:07:46.827" activeThreads="8">
  <mem-info id="403" free="4989904" total="10485760" percent="47">
    <mem type="nursery" free="3626496" total="4194304" percent="86">
      <mem type="allocate" free="3626496" total="3735552" percent="97" />
      <mem type="survivor" free="0" total="458752" percent="0" />
    </mem>
    <mem type="tenure" free="1363408" total="6291456" percent="21">
      <mem type="soa" free="1049040" total="5977088" percent="17" />
      <mem type="loa" free="314368" total="314368" percent="100" />
    </mem>
    <remembered-set count="703" />
  </mem-info>
</gc-end>
<cycle-end id="404" type="scavenge" contextid="398" timestamp="2019-08-02T20:07:46.827" />
  <attribute name="elasticGC enabled" value="1" />
  <attribute name= "numThreadsSpecified" value="0" />
  <attribute name="heapSize specified" value="0" />
  <attribute name= "numCores" value="8" />
  <attribute name ="GC Interval" value="1200" />
  <attribute name ="Control flow" value="2" />
  <attribute name="GC Util Range Max" value="26" />
  <attribute name="Current GC Util" value="8" />
  <attribute name= "Current Time Running" value="835" />
<allocation-satisfied id="405" threadId="0000000002597700" bytesRequested="40" />
<af-end id="406" timestamp="2019-08-02T20:07:46.827" threadId="0000000002598088" success="true" from="nursery"/>
<exclusive-end id="407" timestamp="2019-08-02T20:07:46.827" durationms="1.418" />

<exclusive-start id="408" timestamp="2019-08-02T20:07:46.841" intervalms="14.932">
  <response-info timems="0.070" idlems="0.070" threads="0" lastid="0000000002597700" lastname="Thread-11" />
</exclusive-start>
<af-start id="409" threadId="0000000002598088" totalBytesRequested="40" timestamp="2019-08-02T20:07:46.841" intervalms="14.943" type="nursery" />
<cycle-start id="410" type="scavenge" contextid="0" timestamp="2019-08-02T20:07:46.841" intervalms="14.941" />
<gc-start id="411" type="scavenge" contextid="410" timestamp="2019-08-02T20:07:46.841">
  <mem-info id="412" free="1363408" total="10485760" percent="13">
    <mem type="nursery" free="0" total="4194304" percent="0">
      <mem type="allocate" free="0" total="3735552" percent="0" />
      <mem type="survivor" free="0" total="458752" percent="0" />
    </mem>
    <mem type="tenure" free="1363408" total="6291456" percent="21">
      <mem type="soa" free="1049040" total="5977088" percent="17" />
      <mem type="loa" free="314368" total="314368" percent="100" />
    </mem>
    <remembered-set count="935" />
  </mem-info>
</gc-start>
<allocation-stats totalBytes="3626008" >
  <allocated-bytes non-tlh="40" tlh="3625968" />
  <largest-consumer threadName="Thread-11" threadId="0000000002597700" bytes="3626008" />
</allocation-stats>
<gc-op id="413" type="scavenge" timems="0.771" contextid="410" timestamp="2019-08-02T20:07:46.842">
  <scavenger-info tenureage="3" tenuremask="ffe8" tiltratio="89" />
  <memory-copied type="nursery" objects="709" bytes="17392" bytesdiscarded="91664" />
  <memory-copied type="tenure" objects="219" bytes="5256" bytesdiscarded="0" />
</gc-op>
<heap-resize id="414" type="expand" space="nursery" amount="262144" count="1" timems="0.014" reason="excessive time being spent scavenging" timestamp="2019-08-02T20:07:46.842" />
<gc-end id="415" type="scavenge" contextid="410" durationms="1.141" usertimems="0.000" systemtimems="0.000" timestamp="2019-08-02T20:07:46.842" activeThreads="8">
  <mem-info id="416" free="5186512" total="10747904" percent="48">
    <mem type="nursery" free="3823104" total="4456448" percent="85">
      <mem type="allocate" free="3823104" total="3932160" percent="97" />
      <mem type="survivor" free="0" total="524288" percent="0" />
    </mem>
    <mem type="tenure" free="1363408" total="6291456" percent="21">
      <mem type="soa" free="1049040" total="5977088" percent="17" />
      <mem type="loa" free="314368" total="314368" percent="100" />
    </mem>
    <remembered-set count="714" />
  </mem-info>
</gc-end>
<cycle-end id="417" type="scavenge" contextid="410" timestamp="2019-08-02T20:07:46.842" />
  <attribute name="elasticGC enabled" value="1" />
  <attribute name= "numThreadsSpecified" value="0" />
  <attribute name="heapSize specified" value="0" />
  <attribute name= "numCores" value="8" />
  <attribute name ="GC Interval" value="1200" />
  <attribute name ="Control flow" value="2" />
  <attribute name="GC Util Range Max" value="26" />
  <attribute name="Current GC Util" value="8" />
  <attribute name= "Current Time Running" value="850" />
<allocation-satisfied id="418" threadId="0000000002597700" bytesRequested="40" />
<af-end id="419" timestamp="2019-08-02T20:07:46.842" threadId="0000000002598088" success="true" from="nursery"/>
<exclusive-end id="420" timestamp="2019-08-02T20:07:46.842" durationms="1.673" />

<exclusive-start id="421" timestamp="2019-08-02T20:07:46.856" intervalms="15.384">
  <response-info timems="0.072" idlems="0.072" threads="0" lastid="0000000002597700" lastname="Thread-11" />
</exclusive-start>
<af-start id="422" threadId="0000000002598088" totalBytesRequested="40" timestamp="2019-08-02T20:07:46.856" intervalms="15.328" type="nursery" />
<cycle-start id="423" type="scavenge" contextid="0" timestamp="2019-08-02T20:07:46.856" intervalms="15.328" />
<gc-start id="424" type="scavenge" contextid="423" timestamp="2019-08-02T20:07:46.856">
  <mem-info id="425" free="1363408" total="10747904" percent="12">
    <mem type="nursery" free="0" total="4456448" percent="0">
      <mem type="allocate" free="0" total="3932160" percent="0" />
      <mem type="survivor" free="0" total="524288" percent="0" />
    </mem>
    <mem type="tenure" free="1363408" total="6291456" percent="21">
      <mem type="soa" free="1049040" total="5977088" percent="17" />
      <mem type="loa" free="314368" total="314368" percent="100" />
    </mem>
    <remembered-set count="985" />
  </mem-info>
</gc-start>
<allocation-stats totalBytes="3822648" >
  <allocated-bytes non-tlh="40" tlh="3822608" />
  <largest-consumer threadName="Thread-11" threadId="0000000002597700" bytes="3822648" />
</allocation-stats>
<gc-op id="426" type="scavenge" timems="0.701" contextid="423" timestamp="2019-08-02T20:07:46.857">
  <scavenger-info tenureage="3" tenuremask="ffe8" tiltratio="88" />
  <memory-copied type="nursery" objects="730" bytes="17640" bytesdiscarded="36888" />
  <memory-copied type="tenure" objects="185" bytes="4440" bytesdiscarded="0" />
</gc-op>
<gc-end id="427" type="scavenge" contextid="423" durationms="0.974" usertimems="0.000" systemtimems="0.000" timestamp="2019-08-02T20:07:46.857" activeThreads="8">
  <mem-info id="428" free="5252048" total="10747904" percent="48">
    <mem type="nursery" free="3943168" total="4456448" percent="88">
      <mem type="allocate" free="3943168" total="3997696" percent="98" />
      <mem type="survivor" free="0" total="458752" percent="0" />
    </mem>
    <mem type="tenure" free="1308880" total="6291456" percent="20">
      <mem type="soa" free="994512" total="5977088" percent="16" />
      <mem type="loa" free="314368" total="314368" percent="100" />
    </mem>
    <remembered-set count="799" />
  </mem-info>
</gc-end>
<cycle-end id="429" type="scavenge" contextid="423" timestamp="2019-08-02T20:07:46.857" />
  <attribute name="elasticGC enabled" value="1" />
  <attribute name= "numThreadsSpecified" value="0" />
  <attribute name="heapSize specified" value="0" />
  <attribute name= "numCores" value="8" />
  <attribute name ="GC Interval" value="1200" />
  <attribute name ="Control flow" value="2" />
  <attribute name="GC Util Range Max" value="26" />
  <attribute name="Current GC Util" value="8" />
  <attribute name= "Current Time Running" value="865" />
<allocation-satisfied id="430" threadId="0000000002597700" bytesRequested="40" />
<af-end id="431" timestamp="2019-08-02T20:07:46.857" threadId="0000000002598088" success="true" from="nursery"/>
<exclusive-end id="432" timestamp="2019-08-02T20:07:46.857" durationms="1.496" />

<exclusive-start id="433" timestamp="2019-08-02T20:07:46.872" intervalms="16.188">
  <response-info timems="0.074" idlems="0.074" threads="0" lastid="0000000002597700" lastname="Thread-11" />
</exclusive-start>
<af-start id="434" threadId="0000000002598088" totalBytesRequested="40" timestamp="2019-08-02T20:07:46.872" intervalms="16.232" type="nursery" />
<cycle-start id="435" type="scavenge" contextid="0" timestamp="2019-08-02T20:07:46.872" intervalms="16.231" />
<gc-start id="436" type="scavenge" contextid="435" timestamp="2019-08-02T20:07:46.872">
  <mem-info id="437" free="1308880" total="10747904" percent="12">
    <mem type="nursery" free="0" total="4456448" percent="0">
      <mem type="allocate" free="0" total="3997696" percent="0" />
      <mem type="survivor" free="0" total="458752" percent="0" />
    </mem>
    <mem type="tenure" free="1308880" total="6291456" percent="20">
      <mem type="soa" free="994512" total="5977088" percent="16" />
      <mem type="loa" free="314368" total="314368" percent="100" />
    </mem>
    <remembered-set count="1091" />
  </mem-info>
</gc-start>
<allocation-stats totalBytes="3942576" >
  <allocated-bytes non-tlh="40" tlh="3942536" />
  <largest-consumer threadName="Thread-11" threadId="0000000002597700" bytes="3942576" />
</allocation-stats>
<gc-op id="438" type="scavenge" timems="0.898" contextid="435" timestamp="2019-08-02T20:07:46.873">
  <scavenger-info tenureage="3" tenuremask="4008" tiltratio="89" />
  <memory-copied type="nursery" objects="869" bytes="21248" bytesdiscarded="87808" />
  <memory-copied type="tenure" objects="218" bytes="5232" bytesdiscarded="0" />
</gc-op>
<gc-end id="439" type="scavenge" contextid="435" durationms="1.178" usertimems="0.000" systemtimems="0.000" timestamp="2019-08-02T20:07:46.874" activeThreads="8">
  <mem-info id="440" free="5197520" total="10747904" percent="48">
    <mem type="nursery" free="3888640" total="4456448" percent="87">
      <mem type="allocate" free="3888640" total="3997696" percent="97" />
      <mem type="survivor" free="0" total="458752" percent="0" />
    </mem>
    <mem type="tenure" free="1308880" total="6291456" percent="20">
      <mem type="soa" free="994512" total="5977088" percent="16" />
      <mem type="loa" free="314368" total="314368" percent="100" />
    </mem>
    <remembered-set count="873" />
  </mem-info>
</gc-end>
<cycle-end id="441" type="scavenge" contextid="435" timestamp="2019-08-02T20:07:46.874" />
  <attribute name="elasticGC enabled" value="1" />
  <attribute name= "numThreadsSpecified" value="0" />
  <attribute name="heapSize specified" value="0" />
  <attribute name= "numCores" value="8" />
  <attribute name ="GC Interval" value="1200" />
  <attribute name ="Control flow" value="2" />
  <attribute name="GC Util Range Max" value="26" />
  <attribute name="Current GC Util" value="7" />
  <attribute name= "Current Time Running" value="881" />
<allocation-satisfied id="442" threadId="0000000002597700" bytesRequested="40" />
<af-end id="443" timestamp="2019-08-02T20:07:46.874" threadId="0000000002598088" success="true" from="nursery"/>
<exclusive-end id="444" timestamp="2019-08-02T20:07:46.874" durationms="1.724" />

<exclusive-start id="445" timestamp="2019-08-02T20:07:46.887" intervalms="14.776">
  <response-info timems="0.063" idlems="0.063" threads="0" lastid="0000000002597700" lastname="Thread-11" />
</exclusive-start>
<af-start id="446" threadId="0000000002598088" totalBytesRequested="40" timestamp="2019-08-02T20:07:46.887" intervalms="14.782" type="nursery" />
<cycle-start id="447" type="scavenge" contextid="0" timestamp="2019-08-02T20:07:46.887" intervalms="14.783" />
<gc-start id="448" type="scavenge" contextid="447" timestamp="2019-08-02T20:07:46.887">
  <mem-info id="449" free="1308880" total="10747904" percent="12">
    <mem type="nursery" free="0" total="4456448" percent="0">
      <mem type="allocate" free="0" total="3997696" percent="0" />
      <mem type="survivor" free="0" total="458752" percent="0" />
    </mem>
    <mem type="tenure" free="1308880" total="6291456" percent="20">
      <mem type="soa" free="994512" total="5977088" percent="16" />
      <mem type="loa" free="314368" total="314368" percent="100" />
    </mem>
    <remembered-set count="1131" />
  </mem-info>
</gc-start>
<allocation-stats totalBytes="3888216" >
  <allocated-bytes non-tlh="40" tlh="3888176" />
  <largest-consumer threadName="Thread-11" threadId="0000000002597700" bytes="3888216" />
</allocation-stats>
<gc-op id="450" type="scavenge" timems="0.990" contextid="447" timestamp="2019-08-02T20:07:46.888">
  <scavenger-info tenureage="3" tenuremask="4008" tiltratio="89" />
  <memory-copied type="nursery" objects="896" bytes="21880" bytesdiscarded="87176" />
  <memory-copied type="tenure" objects="230" bytes="5520" bytesdiscarded="0" />
</gc-op>
<heap-resize id="451" type="expand" space="nursery" amount="262144" count="1" timems="0.012" reason="excessive time being spent scavenging" timestamp="2019-08-02T20:07:46.888" />
<gc-end id="452" type="scavenge" contextid="447" durationms="1.360" usertimems="0.000" systemtimems="0.000" timestamp="2019-08-02T20:07:46.889" activeThreads="8">
  <mem-info id="453" free="5394128" total="11010048" percent="48">
    <mem type="nursery" free="4085248" total="4718592" percent="86">
      <mem type="allocate" free="4085248" total="4194304" percent="97" />
      <mem type="survivor" free="0" total="524288" percent="0" />
    </mem>
    <mem type="tenure" free="1308880" total="6291456" percent="20">
      <mem type="soa" free="994512" total="5977088" percent="16" />
      <mem type="loa" free="314368" total="314368" percent="100" />
    </mem>
    <remembered-set count="901" />
  </mem-info>
</gc-end>
<cycle-end id="454" type="scavenge" contextid="447" timestamp="2019-08-02T20:07:46.889" />
  <attribute name="elasticGC enabled" value="1" />
  <attribute name= "numThreadsSpecified" value="0" />
  <attribute name="heapSize specified" value="0" />
  <attribute name= "numCores" value="8" />
  <attribute name ="GC Interval" value="1200" />
  <attribute name ="Control flow" value="2" />
  <attribute name="GC Util Range Max" value="26" />
  <attribute name="Current GC Util" value="8" />
  <attribute name= "Current Time Running" value="896" />
<allocation-satisfied id="455" threadId="0000000002597700" bytesRequested="40" />
<af-end id="456" timestamp="2019-08-02T20:07:46.889" threadId="0000000002598088" success="true" from="nursery"/>
<exclusive-end id="457" timestamp="2019-08-02T20:07:46.889" durationms="1.846" />

<exclusive-start id="458" timestamp="2019-08-02T20:07:46.902" intervalms="15.445">
  <response-info timems="0.071" idlems="0.071" threads="0" lastid="0000000002597700" lastname="Thread-11" />
</exclusive-start>
<af-start id="459" threadId="0000000002598088" totalBytesRequested="40" timestamp="2019-08-02T20:07:46.902" intervalms="15.401" type="nursery" />
<cycle-start id="460" type="scavenge" contextid="0" timestamp="2019-08-02T20:07:46.903" intervalms="15.400" />
<gc-start id="461" type="scavenge" contextid="460" timestamp="2019-08-02T20:07:46.903">
  <mem-info id="462" free="1308880" total="11010048" percent="11">
    <mem type="nursery" free="0" total="4718592" percent="0">
      <mem type="allocate" free="0" total="4194304" percent="0" />
      <mem type="survivor" free="0" total="524288" percent="0" />
    </mem>
    <mem type="tenure" free="1308880" total="6291456" percent="20">
      <mem type="soa" free="994512" total="5977088" percent="16" />
      <mem type="loa" free="314368" total="314368" percent="100" />
    </mem>
    <remembered-set count="1061" />
  </mem-info>
</gc-start>
<allocation-stats totalBytes="4084736" >
  <allocated-bytes non-tlh="40" tlh="4084696" />
  <largest-consumer threadName="Thread-11" threadId="0000000002597700" bytes="4084736" />
</allocation-stats>
<gc-op id="463" type="scavenge" timems="0.799" contextid="460" timestamp="2019-08-02T20:07:46.904">
  <scavenger-info tenureage="3" tenuremask="4008" tiltratio="88" />
  <memory-copied type="nursery" objects="787" bytes="19280" bytesdiscarded="89776" />
  <memory-copied type="tenure" objects="270" bytes="6480" bytesdiscarded="0" />
</gc-op>
<gc-end id="464" type="scavenge" contextid="460" durationms="1.088" usertimems="0.000" systemtimems="0.000" timestamp="2019-08-02T20:07:46.904" activeThreads="8">
  <mem-info id="465" free="5394128" total="11010048" percent="48">
    <mem type="nursery" free="4085248" total="4718592" percent="86">
      <mem type="allocate" free="4085248" total="4194304" percent="97" />
      <mem type="survivor" free="0" total="524288" percent="0" />
    </mem>
    <mem type="tenure" free="1308880" total="6291456" percent="20">
      <mem type="soa" free="994512" total="5977088" percent="16" />
      <mem type="loa" free="314368" total="314368" percent="100" />
    </mem>
    <remembered-set count="791" />
  </mem-info>
</gc-end>
<cycle-end id="466" type="scavenge" contextid="460" timestamp="2019-08-02T20:07:46.904" />
  <attribute name="elasticGC enabled" value="1" />
  <attribute name= "numThreadsSpecified" value="0" />
  <attribute name="heapSize specified" value="0" />
  <attribute name= "numCores" value="8" />
  <attribute name ="GC Interval" value="1200" />
  <attribute name ="Control flow" value="2" />
  <attribute name="GC Util Range Max" value="26" />
  <attribute name="Current GC Util" value="8" />
  <attribute name= "Current Time Running" value="911" />
<allocation-satisfied id="467" threadId="0000000002597700" bytesRequested="40" />
<af-end id="468" timestamp="2019-08-02T20:07:46.904" threadId="0000000002598088" success="true" from="nursery"/>
<exclusive-end id="469" timestamp="2019-08-02T20:07:46.904" durationms="1.615" />

<exclusive-start id="470" timestamp="2019-08-02T20:07:46.917" intervalms="14.793">
  <response-info timems="0.076" idlems="0.076" threads="0" lastid="0000000002597700" lastname="Thread-11" />
</exclusive-start>
<af-start id="471" threadId="0000000002598088" totalBytesRequested="24" timestamp="2019-08-02T20:07:46.917" intervalms="14.850" type="nursery" />
<cycle-start id="472" type="scavenge" contextid="0" timestamp="2019-08-02T20:07:46.917" intervalms="14.853" />
<gc-start id="473" type="scavenge" contextid="472" timestamp="2019-08-02T20:07:46.917">
  <mem-info id="474" free="1308880" total="11010048" percent="11">
    <mem type="nursery" free="0" total="4718592" percent="0">
      <mem type="allocate" free="0" total="4194304" percent="0" />
      <mem type="survivor" free="0" total="524288" percent="0" />
    </mem>
    <mem type="tenure" free="1308880" total="6291456" percent="20">
      <mem type="soa" free="994512" total="5977088" percent="16" />
      <mem type="loa" free="314368" total="314368" percent="100" />
    </mem>
    <remembered-set count="966" />
  </mem-info>
</gc-start>
<allocation-stats totalBytes="4084672" >
  <allocated-bytes non-tlh="40" tlh="4084632" />
  <largest-consumer threadName="Thread-11" threadId="0000000002597700" bytes="4084672" />
</allocation-stats>
<gc-op id="475" type="scavenge" timems="1.197" contextid="472" timestamp="2019-08-02T20:07:46.919">
  <scavenger-info tenureage="3" tenuremask="4008" tiltratio="88" />
  <memory-copied type="nursery" objects="615" bytes="15000" bytesdiscarded="94056" />
  <memory-copied type="tenure" objects="292" bytes="7008" bytesdiscarded="0" />
</gc-op>
<heap-resize id="476" type="expand" space="nursery" amount="262144" count="1" timems="0.012" reason="excessive time being spent scavenging" timestamp="2019-08-02T20:07:46.919" />
<gc-end id="477" type="scavenge" contextid="472" durationms="1.578" usertimems="0.000" systemtimems="0.000" timestamp="2019-08-02T20:07:46.919" activeThreads="8">
  <mem-info id="478" free="5590736" total="11272192" percent="49">
    <mem type="nursery" free="4281856" total="4980736" percent="85">
      <mem type="allocate" free="4281856" total="4390912" percent="97" />
      <mem type="survivor" free="0" total="589824" percent="0" />
    </mem>
    <mem type="tenure" free="1308880" total="6291456" percent="20">
      <mem type="soa" free="994512" total="5977088" percent="16" />
      <mem type="loa" free="314368" total="314368" percent="100" />
    </mem>
    <remembered-set count="674" />
  </mem-info>
</gc-end>
<cycle-end id="479" type="scavenge" contextid="472" timestamp="2019-08-02T20:07:46.919" />
  <attribute name="elasticGC enabled" value="1" />
  <attribute name= "numThreadsSpecified" value="0" />
  <attribute name="heapSize specified" value="0" />
  <attribute name= "numCores" value="8" />
  <attribute name ="GC Interval" value="1200" />
  <attribute name ="Control flow" value="2" />
  <attribute name="GC Util Range Max" value="26" />
  <attribute name="Current GC Util" value="8" />
  <attribute name= "Current Time Running" value="926" />
<allocation-satisfied id="480" threadId="0000000002597700" bytesRequested="24" />
<af-end id="481" timestamp="2019-08-02T20:07:46.919" threadId="0000000002598088" success="true" from="nursery"/>
<exclusive-end id="482" timestamp="2019-08-02T20:07:46.919" durationms="2.112" />

<exclusive-start id="483" timestamp="2019-08-02T20:07:46.931" intervalms="13.782">
  <response-info timems="0.027" idlems="0.027" threads="0" lastid="0000000002597700" lastname="Thread-11" />
</exclusive-start>
<af-start id="484" threadId="0000000002598088" totalBytesRequested="40" timestamp="2019-08-02T20:07:46.931" intervalms="13.723" type="nursery" />
<cycle-start id="485" type="scavenge" contextid="0" timestamp="2019-08-02T20:07:46.931" intervalms="13.709" />
<gc-start id="486" type="scavenge" contextid="485" timestamp="2019-08-02T20:07:46.931">
  <mem-info id="487" free="1308880" total="11272192" percent="11">
    <mem type="nursery" free="0" total="4980736" percent="0">
      <mem type="allocate" free="0" total="4390912" percent="0" />
      <mem type="survivor" free="0" total="589824" percent="0" />
    </mem>
    <mem type="tenure" free="1308880" total="6291456" percent="20">
      <mem type="soa" free="994512" total="5977088" percent="16" />
      <mem type="loa" free="314368" total="314368" percent="100" />
    </mem>
    <remembered-set count="892" />
  </mem-info>
</gc-start>
<allocation-stats totalBytes="4281376" >
  <allocated-bytes non-tlh="24" tlh="4281352" />
  <largest-consumer threadName="Thread-11" threadId="0000000002597700" bytes="4281376" />
</allocation-stats>
<gc-op id="488" type="scavenge" timems="0.753" contextid="485" timestamp="2019-08-02T20:07:46.932">
  <scavenger-info tenureage="3" tenuremask="4008" tiltratio="88" />
  <memory-copied type="nursery" objects="637" bytes="15680" bytesdiscarded="93376" />
  <memory-copied type="tenure" objects="251" bytes="6024" bytesdiscarded="0" />
</gc-op>
<gc-end id="489" type="scavenge" contextid="485" durationms="1.031" usertimems="4.000" systemtimems="0.000" timestamp="2019-08-02T20:07:46.932" activeThreads="8">
  <mem-info id="490" free="5656272" total="11272192" percent="50">
    <mem type="nursery" free="4347392" total="4980736" percent="87">
      <mem type="allocate" free="4347392" total="4456448" percent="97" />
      <mem type="survivor" free="0" total="524288" percent="0" />
    </mem>
    <mem type="tenure" free="1308880" total="6291456" percent="20">
      <mem type="soa" free="994512" total="5977088" percent="16" />
      <mem type="loa" free="314368" total="314368" percent="100" />
    </mem>
    <remembered-set count="641" />
  </mem-info>
</gc-end>
<cycle-end id="491" type="scavenge" contextid="485" timestamp="2019-08-02T20:07:46.932" />
  <attribute name="elasticGC enabled" value="1" />
  <attribute name= "numThreadsSpecified" value="0" />
  <attribute name="heapSize specified" value="0" />
  <attribute name= "numCores" value="8" />
  <attribute name ="GC Interval" value="1200" />
  <attribute name ="Control flow" value="2" />
  <attribute name="GC Util Range Max" value="26" />
  <attribute name="Current GC Util" value="14" />
  <attribute name= "Current Time Running" value="940" />
<allocation-satisfied id="492" threadId="0000000002597700" bytesRequested="40" />
<af-end id="493" timestamp="2019-08-02T20:07:46.932" threadId="0000000002598088" success="true" from="nursery"/>
<exclusive-end id="494" timestamp="2019-08-02T20:07:46.932" durationms="1.541" />

<exclusive-start id="495" timestamp="2019-08-02T20:07:46.944" intervalms="12.798">
  <response-info timems="0.073" idlems="0.073" threads="0" lastid="0000000002597700" lastname="Thread-11" />
</exclusive-start>
<af-start id="496" threadId="0000000002598088" totalBytesRequested="24" timestamp="2019-08-02T20:07:46.944" intervalms="12.833" type="nursery" />
<cycle-start id="497" type="scavenge" contextid="0" timestamp="2019-08-02T20:07:46.944" intervalms="12.847" />
<gc-start id="498" type="scavenge" contextid="497" timestamp="2019-08-02T20:07:46.944">
  <mem-info id="499" free="1308880" total="11272192" percent="11">
    <mem type="nursery" free="0" total="4980736" percent="0">
      <mem type="allocate" free="0" total="4456448" percent="0" />
      <mem type="survivor" free="0" total="524288" percent="0" />
    </mem>
    <mem type="tenure" free="1308880" total="6291456" percent="20">
      <mem type="soa" free="994512" total="5977088" percent="16" />
      <mem type="loa" free="314368" total="314368" percent="100" />
    </mem>
    <remembered-set count="929" />
  </mem-info>
</gc-start>
<allocation-stats totalBytes="4346808" >
  <allocated-bytes non-tlh="40" tlh="4346768" />
  <largest-consumer threadName="Thread-11" threadId="0000000002597700" bytes="4346808" />
</allocation-stats>
<gc-op id="500" type="scavenge" timems="0.661" contextid="497" timestamp="2019-08-02T20:07:46.945">
  <scavenger-info tenureage="3" tenuremask="4008" tiltratio="89" />
  <memory-copied type="nursery" objects="759" bytes="18592" bytesdiscarded="35936" />
  <memory-copied type="tenure" objects="165" bytes="3960" bytesdiscarded="0" />
</gc-op>
<gc-end id="501" type="scavenge" contextid="497" durationms="0.939" usertimems="0.000" systemtimems="0.000" timestamp="2019-08-02T20:07:46.945" activeThreads="8">
  <mem-info id="502" free="5710800" total="11272192" percent="50">
    <mem type="nursery" free="4401920" total="4980736" percent="88">
      <mem type="allocate" free="4401920" total="4456448" percent="98" />
      <mem type="survivor" free="0" total="524288" percent="0" />
    </mem>
    <mem type="tenure" free="1308880" total="6291456" percent="20">
      <mem type="soa" free="994512" total="5977088" percent="16" />
      <mem type="loa" free="314368" total="314368" percent="100" />
    </mem>
    <remembered-set count="764" />
  </mem-info>
</gc-end>
<cycle-end id="503" type="scavenge" contextid="497" timestamp="2019-08-02T20:07:46.945" />
  <attribute name="elasticGC enabled" value="1" />
  <attribute name= "numThreadsSpecified" value="0" />
  <attribute name="heapSize specified" value="0" />
  <attribute name= "numCores" value="8" />
  <attribute name ="GC Interval" value="1200" />
  <attribute name ="Control flow" value="2" />
  <attribute name="GC Util Range Max" value="26" />
  <attribute name="Current GC Util" value="9" />
  <attribute name= "Current Time Running" value="953" />
<allocation-satisfied id="504" threadId="0000000002597700" bytesRequested="24" />
<af-end id="505" timestamp="2019-08-02T20:07:46.945" threadId="0000000002598088" success="true" from="nursery"/>
<exclusive-end id="506" timestamp="2019-08-02T20:07:46.945" durationms="1.474" />

<exclusive-start id="507" timestamp="2019-08-02T20:07:46.956" intervalms="11.862">
  <response-info timems="0.068" idlems="0.068" threads="0" lastid="0000000002597700" lastname="Thread-11" />
</exclusive-start>
<af-start id="508" threadId="0000000002598088" totalBytesRequested="40" timestamp="2019-08-02T20:07:46.956" intervalms="11.873" type="nursery" />
<cycle-start id="509" type="scavenge" contextid="0" timestamp="2019-08-02T20:07:46.956" intervalms="11.868" />
<gc-start id="510" type="scavenge" contextid="509" timestamp="2019-08-02T20:07:46.956">
  <mem-info id="511" free="1308880" total="11272192" percent="11">
    <mem type="nursery" free="0" total="4980736" percent="0">
      <mem type="allocate" free="0" total="4456448" percent="0" />
      <mem type="survivor" free="0" total="524288" percent="0" />
    </mem>
    <mem type="tenure" free="1308880" total="6291456" percent="20">
      <mem type="soa" free="994512" total="5977088" percent="16" />
      <mem type="loa" free="314368" total="314368" percent="100" />
    </mem>
    <remembered-set count="1063" />
  </mem-info>
</gc-start>
<allocation-stats totalBytes="4401344" >
  <allocated-bytes non-tlh="24" tlh="4401320" />
  <largest-consumer threadName="Thread-11" threadId="0000000002597700" bytes="4401344" />
</allocation-stats>
<gc-op id="512" type="scavenge" timems="0.739" contextid="509" timestamp="2019-08-02T20:07:46.957">
  <scavenger-info tenureage="3" tenuremask="4008" tiltratio="89" />
  <memory-copied type="nursery" objects="881" bytes="21536" bytesdiscarded="87520" />
  <memory-copied type="tenure" objects="178" bytes="4272" bytesdiscarded="0" />
</gc-op>
<gc-end id="513" type="scavenge" contextid="509" durationms="1.008" usertimems="0.000" systemtimems="0.000" timestamp="2019-08-02T20:07:46.957" activeThreads="8">
  <mem-info id="514" free="5656272" total="11272192" percent="50">
    <mem type="nursery" free="4347392" total="4980736" percent="87">
      <mem type="allocate" free="4347392" total="4456448" percent="97" />
      <mem type="survivor" free="0" total="524288" percent="0" />
    </mem>
    <mem type="tenure" free="1308880" total="6291456" percent="20">
      <mem type="soa" free="994512" total="5977088" percent="16" />
      <mem type="loa" free="314368" total="314368" percent="100" />
    </mem>
    <remembered-set count="885" />
  </mem-info>
</gc-end>
<cycle-end id="515" type="scavenge" contextid="509" timestamp="2019-08-02T20:07:46.957" />
  <attribute name="elasticGC enabled" value="1" />
  <attribute name= "numThreadsSpecified" value="0" />
  <attribute name="heapSize specified" value="0" />
  <attribute name= "numCores" value="8" />
  <attribute name ="GC Interval" value="1200" />
  <attribute name ="Control flow" value="2" />
  <attribute name="GC Util Range Max" value="26" />
  <attribute name="Current GC Util" value="10" />
  <attribute name= "Current Time Running" value="965" />
<allocation-satisfied id="516" threadId="0000000002597700" bytesRequested="40" />
<af-end id="517" timestamp="2019-08-02T20:07:46.957" threadId="0000000002598088" success="true" from="nursery"/>
<exclusive-end id="518" timestamp="2019-08-02T20:07:46.957" durationms="1.562" />

<exclusive-start id="519" timestamp="2019-08-02T20:07:46.986" intervalms="30.010">
  <response-info timems="0.073" idlems="0.073" threads="0" lastid="0000000002220A00" lastname="main" />
</exclusive-start>
<af-start id="520" threadId="0000000002221388" totalBytesRequested="16" timestamp="2019-08-02T20:07:46.986" intervalms="30.045" type="nursery" />
<cycle-start id="521" type="scavenge" contextid="0" timestamp="2019-08-02T20:07:46.986" intervalms="30.039" />
<gc-start id="522" type="scavenge" contextid="521" timestamp="2019-08-02T20:07:46.986">
  <mem-info id="523" free="1308568" total="11272192" percent="11">
    <mem type="nursery" free="0" total="4980736" percent="0">
      <mem type="allocate" free="0" total="4456448" percent="0" />
      <mem type="survivor" free="0" total="524288" percent="0" />
    </mem>
    <mem type="tenure" free="1308568" total="6291456" percent="20">
      <mem type="soa" free="994200" total="5977088" percent="16" />
      <mem type="loa" free="314368" total="314368" percent="100" />
    </mem>
    <remembered-set count="1227" />
  </mem-info>
</gc-start>
<allocation-stats totalBytes="4347136" >
  <allocated-bytes non-tlh="352" tlh="4346784" />
  <largest-consumer threadName="main" threadId="0000000002220A00" bytes="56" />
</allocation-stats>
<gc-op id="524" type="scavenge" timems="0.336" contextid="521" timestamp="2019-08-02T20:07:46.986">
  <scavenger-info tenureage="3" tenuremask="4008" tiltratio="89" />
  <memory-copied type="nursery" objects="1975" bytes="68720" bytesdiscarded="27160" />
  <memory-copied type="tenure" objects="218" bytes="5232" bytesdiscarded="0" />
</gc-op>
<gc-end id="525" type="scavenge" contextid="521" durationms="0.653" usertimems="0.000" systemtimems="0.000" timestamp="2019-08-02T20:07:46.987" activeThreads="8">
  <mem-info id="526" free="5669136" total="11272192" percent="50">
    <mem type="nursery" free="4360568" total="4980736" percent="87">
      <mem type="allocate" free="4360568" total="4456448" percent="97" />
      <mem type="survivor" free="0" total="524288" percent="0" />
    </mem>
    <mem type="tenure" free="1308568" total="6291456" percent="20">
      <mem type="soa" free="994200" total="5977088" percent="16" />
      <mem type="loa" free="314368" total="314368" percent="100" />
    </mem>
    <remembered-set count="1005" />
  </mem-info>
</gc-end>
<cycle-end id="527" type="scavenge" contextid="521" timestamp="2019-08-02T20:07:46.987" />
  <attribute name="elasticGC enabled" value="1" />
  <attribute name= "numThreadsSpecified" value="0" />
  <attribute name="heapSize specified" value="0" />
  <attribute name= "numCores" value="8" />
  <attribute name ="GC Interval" value="1100" />
  <attribute name ="Control flow" value="2" />
  <attribute name="GC Util Range Max" value="26" />
  <attribute name="Current GC Util" value="4" />
  <attribute name= "Current Time Running" value="995" />
<allocation-satisfied id="528" threadId="0000000002220A00" bytesRequested="16" />
<af-end id="529" timestamp="2019-08-02T20:07:46.987" threadId="0000000002221388" success="true" from="nursery"/>
<exclusive-end id="530" timestamp="2019-08-02T20:07:46.987" durationms="1.282" />

</verbosegc>

