
<?xml version="1.0" ?>

<verbosegc xmlns="http://www.ibm.com/j9/verbosegc" version="6fe7bac_CMPRSS">

<gc check installed>
<initialized id="1" timestamp="2019-08-08T12:49:28.552">
  <attribute name="gcPolicy" value="-Xgcpolicy:balanced" />
  <attribute name="elasticGC enabled" value="1" />
  <attribute name= "numThreadsSpecified" value="0" />
  <attribute name="heapSize specified" value="0" />
  <attribute name="Current GC Util" value="0" />
  <attribute name= "Current Time Running" value="0" />
  <attribute name ="GC Interval" value="0" />
  <attribute name="Target GC Util Change" value ="0.000000" />
  <attribute name="Current GC Util Change" value="0.000000"/>
  <attribute name="Current Error" value="0.000000" />
  <attribute name="Output H" value="0"/>
  <attribute name="Output I" value="0"/>
  <attribute name="Output T" value="0"/>
  <attribute name= "Current Time Running" value="0" />
  <attribute name="GC Util currently" value="0" />
  <attribute name="CPU Util currently" value="0" />
  <attribute name="maxHeapSize" value="0xfa800000" />
  <attribute name="initialHeapSize" value="0x800000" />
  <attribute name="compressedRefs" value="true" />
  <attribute name="compressedRefsDisplacement" value="0x0" />
  <attribute name="compressedRefsShift" value="0x3" />
  <attribute name="pageSize" value="0x1000" />
  <attribute name="pageType" value="not used" />
  <attribute name="requestedPageSize" value="0x1000" />
  <attribute name="requestedPageType" value="not used" />
  <attribute name="gcthreads" value="16" />
  <attribute name="packetListSplit" value="16" />
  <attribute name="cacheListSplit" value="16" />
  <attribute name="splitFreeListSplitAmount" value="2" />
  <attribute name="numaNodes" value="0" />
  <region>
    <attribute name="regionSize" value="2097152" />
    <attribute name="regionCount" value="2004" />
    <attribute name="arrayletLeafSize" value="2097152" />
  </region>
  <system>
    <attribute name="physicalMemory" value="16815001600" />
    <attribute name="numCPUs" value="16" />
    <attribute name="architecture" value="amd64" />
    <attribute name="os" value="Linux" />
    <attribute name="osVersion" value="4.15.0" />
  </system>
  <vmargs>
    <vmarg name="-Xoptionsfile=/jdk/lib/options.default" />
    <vmarg name="-Xlockword:mode=default,noLockword=java/lang/String,noLockword=java/util/MapEntry,noLockword=java/util/HashMap$Entry,noLockword..." />
    <vmarg name="-Xjcl:jclse29" />
    <vmarg name="-Dcom.ibm.oti.vm.bootstrap.library.path=/jdk/lib/compressedrefs:/jdk/lib" />
    <vmarg name="-Dsun.boot.library.path=/jdk/lib/compressedrefs:/jdk/lib" />
    <vmarg name="-Djava.library.path=/jdk/lib/compressedrefs:/jdk/lib:/usr/lib64:/usr/lib" />
    <vmarg name="-Djava.home=/jdk" />
    <vmarg name="-Duser.dir=/" />
    <vmarg name="-Xgcelastic" />
    <vmarg name="-Xcheck:gc:::elasticGC" />
    <vmarg name="-Xgcpolicy:balanced" />
    <vmarg name="-verbose:gc" />
    <vmarg name="-Djava.class.path=dacapo-9.12-MR1-bach.jar" />
    <vmarg name="-Dsun.java.command=dacapo-9.12-MR1-bach.jar avrora jython pmd sunflow xalan --size=large" />
    <vmarg name="-Dsun.java.launcher=SUN_STANDARD" />
    <vmarg name="-Dsun.java.launcher.pid=1" />
  </vmargs>
</initialized>

<exclusive-start id="2" timestamp="2019-08-08T12:49:28.795" intervalms="243.410">
  <response-info timems="0.047" idlems="0.047" threads="0" lastid="00000000018B4F00" lastname="main" />
</exclusive-start>
<sys-start reason="explicit" id="3" timestamp="2019-08-08T12:49:28.795" intervalms="243.462" />
<cycle-start id="4" type="global garbage collect" contextid="0" timestamp="2019-08-08T12:49:28.795" intervalms="243.526" />
<gc-start id="5" type="global garbage collect" contextid="4" timestamp="2019-08-08T12:49:28.795">
  <mem-info id="6" free="2318184" total="8388608" percent="27">
    <mem type="eden" free="221032" total="6291456" percent="3" />
    <remembered-set count="0" freebytes="335360" totalbytes="335360" percent="100" regionsoverflowed="0" regionsstable="0" regionsrebuilding="0"/>
  </mem-info>
</gc-start>
<allocation-stats totalBytes="6061040" >
  <allocated-bytes non-tlh="471848" tlh="5589192" arrayletleaf="0"/>
  <largest-consumer threadName="main" threadId="00000000018B4F00" bytes="5976520" />
</allocation-stats>
<gc-op id="7" type="global mark" timems="5.281" contextid="4" timestamp="2019-08-08T12:49:28.801">
  <trace-info objectcount="17980" scancount="14220" scanbytes="467692" />
  <finalization candidates="14" enqueued="1" />
  <references type="soft" candidates="66" cleared="0" enqueued="0" dynamicThreshold="32" maxThreshold="32" />
  <references type="weak" candidates="553" cleared="411" enqueued="372" />
  <references type="phantom" candidates="99" cleared="41" enqueued="41" />
  <stringconstants candidates="2455" cleared="0"  />
</gc-op>
<gc-op id="8" type="classunload" timems="0.003" contextid="4" timestamp="2019-08-08T12:49:28.801">
  <classunload-info classloadercandidates="6" classloadersunloaded="0" classesunloaded="0" anonymousclassesunloaded="0" quiescems="0.000" setupms="0.003" scanms="0.000" postms="0.000" />
</gc-op>
<gc-op id="9" type="sweep" timems="1.361" contextid="4" timestamp="2019-08-08T12:49:28.802" />
<gc-op id="10" type="compact" timems="4.676" contextid="4" timestamp="2019-08-08T12:49:28.807">
  <compact-info movecount="17980" movebytes="1028856" />
  <remembered-set-cleared processed="282" cleared="282" durationms="0.137" />
</gc-op>
<gc-end id="11" type="global garbage collect" contextid="4" durationms="11.935" usertimems="16.798" systemtimems="8.380" timestamp="2019-08-08T12:49:28.807" activeThreads="16">
  <mem-info id="12" free="6291456" total="8388608" percent="75">
    <pending-finalizers system="1" default="0" reference="413" classloader="0" />
    <remembered-set count="0" freebytes="335360" totalbytes="335360" percent="100" regionsoverflowed="0" regionsstable="0" regionsrebuilding="0"/>
  </mem-info>
</gc-end>
<cycle-end id="13" type="global garbage collect" contextid="4" timestamp="2019-08-08T12:49:28.807" />
  <attribute name="elasticGC enabled" value="1" />
  <attribute name= "numThreadsSpecified" value="16" />
  <attribute name="heapSize specified" value="0" />
  <attribute name="Current GC Util" value="133" />
  <attribute name= "Current Time Running" value="187" />
  <attribute name ="GC Interval" value="0" />
  <attribute name="Target GC Util Change" value ="80.000000" />
  <attribute name="Current GC Util Change" value="133.000000"/>
  <attribute name="Current Error" value="-111.000000" />
  <attribute name="Output H" value="8464160"/>
  <attribute name="Output I" value="1816"/>
  <attribute name="Output T" value="16"/>
  <attribute name= "Current Time Running" value="187" />
  <attribute name="GC Util currently" value="133" />
  <attribute name="CPU Util currently" value="780725470367" />
<sys-end id="14" timestamp="2019-08-08T12:49:28.807" />
<exclusive-end id="15" timestamp="2019-08-08T12:49:28.807" durationms="12.339" />

===== DaCapo 9.12-MR1 avrora starting =====
<exclusive-start id="16" timestamp="2019-08-08T12:49:29.029" intervalms="233.974">
  <response-info timems="0.032" idlems="0.032" threads="0" lastid="00000000018B4F00" lastname="main" />
</exclusive-start>
<allocation-taxation id="17" taxation-threshold="6291456" timestamp="2019-08-08T12:49:29.029" intervalms="477.435" />
<cycle-start id="18" type="partial gc" contextid="0" timestamp="2019-08-08T12:49:29.029" intervalms="477.525" />
<gc-start id="19" type="partial gc" contextid="18" timestamp="2019-08-08T12:49:29.029">
  <mem-info id="20" free="0" total="8388608" percent="0">
    <mem type="eden" free="0" total="6291456" percent="0" />
    <remembered-set count="0" freebytes="335360" totalbytes="335360" percent="100" regionsoverflowed="0" regionsstable="0" regionsrebuilding="0"/>
  </mem-info>
</gc-start>
<allocation-stats totalBytes="6270576" >
  <allocated-bytes non-tlh="252944" tlh="6017632" arrayletleaf="0"/>
  <largest-consumer threadName="main" threadId="00000000018B4F00" bytes="6254504" />
</allocation-stats>
<gc-op id="21" type="mark" timems="10.196" contextid="18" timestamp="2019-08-08T12:49:29.040">
  <trace-info objectcount="76643" scancount="73346" scanbytes="2183640" />
  <cardclean-info objects="1136" bytes="39536" />
  <remembered-set-cleared processed="0" cleared="0" durationms="0.052" />
  <references type="weak" candidates="41" cleared="40" enqueued="40" />
  <references type="phantom" candidates="13" cleared="11" enqueued="11" />
  <stringconstants candidates="3257" cleared="0"  />
  <warning details="Mark invoked due to insufficient free space for Copy-Forward" />
</gc-op>
<gc-op id="22" type="classunload" timems="0.002" contextid="18" timestamp="2019-08-08T12:49:29.040">
  <classunload-info classloadercandidates="6" classloadersunloaded="0" classesunloaded="0" anonymousclassesunloaded="0" quiescems="0.000" setupms="0.002" scanms="0.000" postms="0.000" />
</gc-op>
<gc-op id="23" type="sweep" timems="0.902" contextid="18" timestamp="2019-08-08T12:49:29.041" />
<gc-op id="24" type="compact" timems="14.743" contextid="18" timestamp="2019-08-08T12:49:29.056">
  <compact-info movecount="76643" movebytes="2558144" />
  <remembered-set-cleared processed="592" cleared="592" durationms="0.053" />
</gc-op>
<heap-resize id="25" type="expand" space="default" amount="4194304" count="1" timems="0.073" reason="insufficient free space following gc" timestamp="2019-08-08T12:49:29.057" />
<gc-end id="26" type="partial gc" contextid="18" durationms="27.349" usertimems="38.063" systemtimems="8.729" timestamp="2019-08-08T12:49:29.057" activeThreads="16">
  <mem-info id="27" free="6291456" total="12582912" percent="50">
    <mem type="eden" free="1636128" total="4194304" percent="39" />
    <pending-finalizers system="0" default="0" reference="51" classloader="0" />
    <remembered-set count="2560" freebytes="492800" totalbytes="503040" percent="97" regionsoverflowed="0" regionsstable="0" regionsrebuilding="0"/>
  </mem-info>
</gc-end>
<cycle-end id="28" type="partial gc" contextid="18" timestamp="2019-08-08T12:49:29.057" />
  <attribute name="elasticGC enabled" value="1" />
  <attribute name= "numThreadsSpecified" value="16" />
  <attribute name="heapSize specified" value="0" />
  <attribute name="Current GC Util" value="98" />
  <attribute name= "Current Time Running" value="426" />
  <attribute name ="GC Interval" value="0" />
  <attribute name="Target GC Util Change" value ="80.000000" />
  <attribute name="Current GC Util Change" value="98.000000"/>
  <attribute name="Current Error" value="-115.000000" />
  <attribute name="Output H" value="8464160"/>
  <attribute name="Output I" value="1808"/>
  <attribute name="Output T" value="16"/>
  <attribute name= "Current Time Running" value="426" />
  <attribute name="GC Util currently" value="98" />
  <attribute name="CPU Util currently" value="1056266758358" />
<exclusive-end id="29" timestamp="2019-08-08T12:49:29.057" durationms="27.984" />

<exclusive-start id="30" timestamp="2019-08-08T12:49:29.218" intervalms="188.909">
  <response-info timems="0.195" idlems="0.195" threads="0" lastid="00000000018B4F00" lastname="main" />
</exclusive-start>
<allocation-taxation id="31" taxation-threshold="2097152" timestamp="2019-08-08T12:49:29.218" intervalms="188.915" />
<cycle-start id="32" type="global mark phase" contextid="0" timestamp="2019-08-08T12:49:29.218" intervalms="666.648" />
<gc-start id="33" type="global mark phase" contextid="32" timestamp="2019-08-08T12:49:29.218">
  <mem-info id="34" free="4194304" total="12582912" percent="33">
    <remembered-set count="2560" freebytes="492800" totalbytes="503040" percent="97" regionsoverflowed="0" regionsstable="0" regionsrebuilding="0"/>
  </mem-info>
</gc-start>
<gc-op id="35" type="mark increment" timems="3.553" contextid="32" timestamp="2019-08-08T12:49:29.222">
  <trace-info objectcount="137" scancount="0" scanbytes="0" />
</gc-op>
<gc-end id="36" type="global mark phase" contextid="32" durationms="3.598" usertimems="3.232" systemtimems="3.799" timestamp="2019-08-08T12:49:29.222" activeThreads="16">
  <mem-info id="37" free="4194304" total="12582912" percent="33">
    <remembered-set count="2560" freebytes="492800" totalbytes="503040" percent="97" regionsoverflowed="0" regionsstable="0" regionsrebuilding="0"/>
  </mem-info>
</gc-end>
<concurrent-start id="38" type="GMP work packet processing" contextid="32" timestamp="2019-08-08T12:49:29.222">
  <concurrent-mark-start scanTarget="18446744073709551615" />
</concurrent-start>
<exclusive-end id="39" timestamp="2019-08-08T12:49:29.222" durationms="4.244" />

<concurrent-end id="40" type="GMP work packet processing" contextid="32" timestamp="2019-08-08T12:49:29.226">
  <concurrent-mark-end bytesScanned="2775060" reasonForTermination="Completed all work in GC phase" />
</concurrent-end>

<exclusive-start id="41" timestamp="2019-08-08T12:49:29.264" intervalms="46.092">
  <response-info timems="0.017" idlems="0.017" threads="0" lastid="00000000018B4F00" lastname="main" />
</exclusive-start>
<allocation-taxation id="42" taxation-threshold="2097152" timestamp="2019-08-08T12:49:29.264" intervalms="46.083" />
<cycle-start id="43" type="partial gc" contextid="0" timestamp="2019-08-08T12:49:29.264" intervalms="235.065" />
<gc-start id="44" type="partial gc" contextid="43" timestamp="2019-08-08T12:49:29.264">
  <mem-info id="45" free="2097152" total="12582912" percent="16">
    <mem type="eden" free="0" total="4194304" percent="0" />
    <remembered-set count="2560" freebytes="492800" totalbytes="503040" percent="97" regionsoverflowed="0" regionsstable="0" regionsrebuilding="0"/>
  </mem-info>
</gc-start>
<allocation-stats totalBytes="4167328" >
  <allocated-bytes non-tlh="99992" tlh="4067336" arrayletleaf="0"/>
  <largest-consumer threadName="main" threadId="00000000018B4F00" bytes="2073784" />
</allocation-stats>
<gc-op id="46" type="copy forward" timems="14.197" contextid="43" timestamp="2019-08-08T12:49:29.280">
  <memory-copied type="eden" objects="28102" bytes="1790016" bytesdiscarded="219224" />
  <memory-copied type="other" objects="76440" bytes="2539160" bytesdiscarded="202144" />
  <memory-cardclean objects="111" bytes="6216" />
  <regions eden="2" other="2" />
  <remembered-set-cleared processed="237" cleared="237" durationms="0.165" />
  <references type="weak" candidates="3" cleared="0" enqueued="0" />
  <references type="phantom" candidates="2" cleared="0" enqueued="0" />
  <stringconstants candidates="3823" cleared="0"  />
  <heap-resize type="expand" space="default" amount="4194304" count="2" timems="0.840" reason="continue current collection" />
</gc-op>
<gc-op id="47" type="classunload" timems="0.002" contextid="43" timestamp="2019-08-08T12:49:29.280">
  <classunload-info classloadercandidates="6" classloadersunloaded="0" classesunloaded="0" anonymousclassesunloaded="0" quiescems="0.000" setupms="0.002" scanms="0.000" postms="0.000" />
</gc-op>
<gc-op id="48" type="compact" timems="6.405" contextid="43" timestamp="2019-08-08T12:49:29.286">
  <compact-info movecount="0" movebytes="0" />
  <remembered-set-cleared processed="1531" cleared="237" durationms="0.165" />
</gc-op>
<heap-resize id="49" type="expand" space="default" amount="2097152" count="1" timems="0.065" reason="insufficient free space following gc" timestamp="2019-08-08T12:49:29.287" />
<gc-end id="50" type="partial gc" contextid="43" durationms="22.290" usertimems="33.134" systemtimems="23.520" timestamp="2019-08-08T12:49:29.287" activeThreads="16">
  <mem-info id="51" free="10485760" total="18874368" percent="55">
    <mem type="eden" free="87648" total="2097152" percent="4" />
    <remembered-set count="3360" freebytes="741120" totalbytes="754560" percent="98" regionsoverflowed="0" regionsstable="0" regionsrebuilding="0"/>
  </mem-info>
</gc-end>
<cycle-end id="52" type="partial gc" contextid="43" timestamp="2019-08-08T12:49:29.287" />
  <attribute name="elasticGC enabled" value="1" />
  <attribute name= "numThreadsSpecified" value="16" />
  <attribute name="heapSize specified" value="0" />
  <attribute name="Current GC Util" value="269" />
  <attribute name= "Current Time Running" value="665" />
  <attribute name ="GC Interval" value="0" />
  <attribute name="Target GC Util Change" value ="80.000000" />
  <attribute name="Current GC Util Change" value="269.000000"/>
  <attribute name="Current Error" value="-231.000000" />
  <attribute name="Output H" value="16852632"/>
  <attribute name="Output I" value="1600"/>
  <attribute name="Output T" value="16"/>
  <attribute name= "Current Time Running" value="665" />
  <attribute name="GC Util currently" value="269" />
  <attribute name="CPU Util currently" value="79119987527" />
<exclusive-end id="53" timestamp="2019-08-08T12:49:29.287" durationms="23.047" />

<exclusive-start id="54" timestamp="2019-08-08T12:49:33.325" intervalms="4061.016">
  <response-info timems="0.072" idlems="0.072" threads="0" lastid="0000000001B9F300" lastname="node-4" />
</exclusive-start>
<allocation-taxation id="55" taxation-threshold="4194304" timestamp="2019-08-08T12:49:33.327" intervalms="4062.669" />
<gc-start id="56" type="global mark phase" contextid="32" timestamp="2019-08-08T12:49:33.327">
  <mem-info id="57" free="6291456" total="18874368" percent="33">
    <remembered-set count="3360" freebytes="741120" totalbytes="754560" percent="98" regionsoverflowed="0" regionsstable="0" regionsrebuilding="0"/>
  </mem-info>
</gc-start>
<gc-op id="58" type="mark increment" timems="11.056" contextid="32" timestamp="2019-08-08T12:49:33.338">
  <trace-info objectcount="56747" scancount="54021" scanbytes="2768864" />
  <cardclean-info objects="3700" bytes="126296" />
  <finalization candidates="13" enqueued="0" />
  <references type="soft" candidates="66" cleared="0" enqueued="0" dynamicThreshold="17" maxThreshold="32" />
  <references type="weak" candidates="147" cleared="4" enqueued="4" />
  <references type="phantom" candidates="59" cleared="2" enqueued="2" />
  <stringconstants candidates="3837" cleared="0"  />
</gc-op>
<gc-op id="59" type="classunload" timems="0.002" contextid="32" timestamp="2019-08-08T12:49:33.338">
  <classunload-info classloadercandidates="6" classloadersunloaded="0" classesunloaded="0" anonymousclassesunloaded="0" quiescems="0.000" setupms="0.002" scanms="0.000" postms="0.000" />
</gc-op>
<gc-end id="60" type="global mark phase" contextid="32" durationms="11.255" usertimems="11.835" systemtimems="7.107" timestamp="2019-08-08T12:49:33.338" activeThreads="16">
  <mem-info id="61" free="6291456" total="18874368" percent="33">
    <pending-finalizers system="0" default="0" reference="6" classloader="0" />
    <remembered-set count="3360" freebytes="741120" totalbytes="754560" percent="98" regionsoverflowed="0" regionsstable="0" regionsrebuilding="0"/>
  </mem-info>
</gc-end>
<cycle-end id="62" type="global mark phase" contextid="32" timestamp="2019-08-08T12:49:33.338" />
  <attribute name="elasticGC enabled" value="1" />
  <attribute name= "numThreadsSpecified" value="16" />
  <attribute name="heapSize specified" value="0" />
  <attribute name="Current GC Util" value="173" />
  <attribute name= "Current Time Running" value="4716" />
  <attribute name ="GC Interval" value="0" />
  <attribute name="Target GC Util Change" value ="80.000000" />
  <attribute name="Current GC Util Change" value="173.000000"/>
  <attribute name="Current Error" value="-271.000000" />
  <attribute name="Output H" value="18949736"/>
  <attribute name="Output I" value="1528"/>
  <attribute name="Output T" value="16"/>
  <attribute name= "Current Time Running" value="4716" />
  <attribute name="GC Util currently" value="173" />
  <attribute name="CPU Util currently" value="357966667940" />
<exclusive-end id="63" timestamp="2019-08-08T12:49:33.338" durationms="13.316" />

<exclusive-start id="64" timestamp="2019-08-08T12:49:37.026" intervalms="3701.427">
  <response-info timems="0.451" idlems="0.451" threads="0" lastid="0000000001BE6500" lastname="node-9" />
</exclusive-start>
<allocation-taxation id="65" taxation-threshold="4194304" timestamp="2019-08-08T12:49:37.026" intervalms="3699.784" />
<cycle-start id="66" type="partial gc" contextid="0" timestamp="2019-08-08T12:49:37.027" intervalms="7762.423" />
<gc-start id="67" type="partial gc" contextid="66" timestamp="2019-08-08T12:49:37.027">
  <mem-info id="68" free="2097152" total="18874368" percent="11">
    <mem type="eden" free="0" total="8388608" percent="0" />
    <remembered-set count="3360" freebytes="741120" totalbytes="754560" percent="98" regionsoverflowed="0" regionsstable="0" regionsrebuilding="0"/>
  </mem-info>
</gc-start>
<allocation-stats totalBytes="8377512" >
  <allocated-bytes non-tlh="383896" tlh="7993616" arrayletleaf="0"/>
  <largest-consumer threadName="node-2" threadId="0000000001BC8600" bytes="355912" />
</allocation-stats>
<gc-op id="69" type="sweep" timems="1.657" contextid="66" timestamp="2019-08-08T12:49:37.029" />
<gc-op id="70" type="copy forward" timems="12.096" contextid="66" timestamp="2019-08-08T12:49:37.042">
  <memory-copied type="eden" objects="5030" bytes="120088" bytesdiscarded="285" />
  <memory-copied type="other" objects="61145" bytes="3577544" bytesdiscarded="601019" />
  <memory-cardclean objects="356" bytes="17392" />
  <regions eden="2" other="3" />
  <remembered-set-cleared processed="1273" cleared="478" durationms="0.066" />
  <stringconstants candidates="3837" cleared="0"  />
  <heap-resize type="expand" space="default" amount="4194304" count="2" timems="0.123" reason="continue current collection" />
</gc-op>
<gc-op id="71" type="classunload" timems="0.002" contextid="66" timestamp="2019-08-08T12:49:37.042">
  <classunload-info classloadercandidates="6" classloadersunloaded="0" classesunloaded="0" anonymousclassesunloaded="0" quiescems="0.000" setupms="0.002" scanms="0.000" postms="0.000" />
</gc-op>
<gc-op id="72" type="compact" timems="4.127" contextid="66" timestamp="2019-08-08T12:49:37.046">
  <compact-info movecount="0" movebytes="0" />
  <remembered-set-cleared processed="3462" cleared="478" durationms="0.067" />
</gc-op>
<gc-end id="73" type="partial gc" contextid="66" durationms="19.292" usertimems="24.579" systemtimems="14.315" timestamp="2019-08-08T12:49:37.046" activeThreads="16">
  <mem-info id="74" free="10485760" total="23068672" percent="45">
    <mem type="eden" free="1931040" total="4194304" percent="46" />
    <remembered-set count="3744" freebytes="907264" totalbytes="922240" percent="98" regionsoverflowed="0" regionsstable="0" regionsrebuilding="0"/>
  </mem-info>
</gc-end>
<cycle-end id="75" type="partial gc" contextid="66" timestamp="2019-08-08T12:49:37.046" />
  <attribute name="elasticGC enabled" value="1" />
  <attribute name= "numThreadsSpecified" value="16" />
  <attribute name="heapSize specified" value="0" />
  <attribute name="Current GC Util" value="198" />
  <attribute name= "Current Time Running" value="8426" />
  <attribute name ="GC Interval" value="0" />
  <attribute name="Target GC Util Change" value ="80.000000" />
  <attribute name="Current GC Util Change" value="198.000000"/>
  <attribute name="Current Error" value="-194.000000" />
  <attribute name="Output H" value="23144128"/>
  <attribute name="Output I" value="1664"/>
  <attribute name="Output T" value="16"/>
  <attribute name= "Current Time Running" value="8426" />
  <attribute name="GC Util currently" value="198" />
  <attribute name="CPU Util currently" value="93897088436" />
<exclusive-end id="76" timestamp="2019-08-08T12:49:37.046" durationms="19.912" />

<exclusive-start id="77" timestamp="2019-08-08T12:49:47.458" intervalms="10431.727">
  <response-info timems="0.098" idlems="0.098" threads="0" lastid="0000000001BBD200" lastname="node-8" />
</exclusive-start>
<allocation-taxation id="78" taxation-threshold="10485760" timestamp="2019-08-08T12:49:47.458" intervalms="10431.753" />
<cycle-start id="79" type="partial gc" contextid="0" timestamp="2019-08-08T12:49:47.459" intervalms="10432.058" />
<gc-start id="80" type="partial gc" contextid="79" timestamp="2019-08-08T12:49:47.459">
  <mem-info id="81" free="0" total="23068672" percent="0">
    <mem type="eden" free="0" total="10485760" percent="0" />
    <remembered-set count="3744" freebytes="907264" totalbytes="922240" percent="98" regionsoverflowed="0" regionsstable="0" regionsrebuilding="0"/>
  </mem-info>
</gc-start>
<allocation-stats totalBytes="10467816" >
  <allocated-bytes non-tlh="0" tlh="10467816" arrayletleaf="0"/>
  <largest-consumer threadName="node-15" threadId="0000000001BDED00" bytes="551840" />
</allocation-stats>
<gc-op id="82" type="mark" timems="10.285" contextid="79" timestamp="2019-08-08T12:49:47.471">
  <trace-info objectcount="49506" scancount="48166" scanbytes="1949084" />
  <cardclean-info objects="710" bytes="64920" />
  <remembered-set-cleared processed="2045" cleared="889" durationms="0.129" />
  <stringconstants candidates="3837" cleared="0"  />
  <warning details="Mark invoked due to insufficient free space for Copy-Forward" />
</gc-op>
<gc-op id="83" type="classunload" timems="0.002" contextid="79" timestamp="2019-08-08T12:49:47.471">
  <classunload-info classloadercandidates="6" classloadersunloaded="0" classesunloaded="0" anonymousclassesunloaded="0" quiescems="0.000" setupms="0.002" scanms="0.000" postms="0.000" />
</gc-op>
<gc-op id="84" type="sweep" timems="1.859" contextid="79" timestamp="2019-08-08T12:49:47.473" />
<gc-op id="85" type="compact" timems="12.170" contextid="79" timestamp="2019-08-08T12:49:47.486">
  <compact-info movecount="49501" movebytes="2183096" />
  <remembered-set-cleared processed="4309" cleared="1989" durationms="0.428" />
</gc-op>
<gc-end id="86" type="partial gc" contextid="79" durationms="26.689" usertimems="30.013" systemtimems="6.393" timestamp="2019-08-08T12:49:47.486" activeThreads="1">
  <mem-info id="87" free="10485760" total="23068672" percent="45">
    <mem type="eden" free="1818408" total="2097152" percent="86" />
    <remembered-set count="7136" freebytes="893696" totalbytes="922240" percent="96" regionsoverflowed="0" regionsstable="0" regionsrebuilding="0"/>
  </mem-info>
</gc-end>
<cycle-end id="88" type="partial gc" contextid="79" timestamp="2019-08-08T12:49:47.488" />
  <attribute name="elasticGC enabled" value="1" />
  <attribute name= "numThreadsSpecified" value="1" />
  <attribute name="heapSize specified" value="0" />
  <attribute name="Current GC Util" value="104" />
  <attribute name= "Current Time Running" value="18858" />
  <attribute name ="GC Interval" value="0" />
  <attribute name="Target GC Util Change" value ="80.000000" />
  <attribute name="Current GC Util Change" value="104.000000"/>
  <attribute name="Current Error" value="-24.000000" />
  <attribute name="Output H" value="23144328"/>
  <attribute name="Output I" value="1968"/>
  <attribute name="Output T" value="1"/>
  <attribute name= "Current Time Running" value="18858" />
  <attribute name="GC Util currently" value="104" />
  <attribute name="CPU Util currently" value="571794905190" />
<exclusive-end id="89" timestamp="2019-08-08T12:49:47.488" durationms="29.819" />

<exclusive-start id="90" timestamp="2019-08-08T12:49:55.549" intervalms="8090.450">
  <response-info timems="0.018" idlems="0.018" threads="0" lastid="0000000001BC0E00" lastname="node-12" />
</exclusive-start>
<allocation-taxation id="91" taxation-threshold="10485760" timestamp="2019-08-08T12:49:55.549" intervalms="8090.419" />
<cycle-start id="92" type="partial gc" contextid="0" timestamp="2019-08-08T12:49:55.549" intervalms="8090.059" />
<gc-start id="93" type="partial gc" contextid="92" timestamp="2019-08-08T12:49:55.549">
  <mem-info id="94" free="0" total="23068672" percent="0">
    <mem type="eden" free="1818408" total="12582912" percent="14" />
    <remembered-set count="6848" freebytes="894848" totalbytes="922240" percent="97" regionsoverflowed="0" regionsstable="0" regionsrebuilding="0"/>
  </mem-info>
</gc-start>
<allocation-stats totalBytes="10477304" >
  <allocated-bytes non-tlh="0" tlh="10477304" arrayletleaf="0"/>
  <largest-consumer threadName="node-23" threadId="0000000001BB9600" bytes="495528" />
</allocation-stats>
<gc-op id="95" type="mark" timems="11.743" contextid="92" timestamp="2019-08-08T12:49:55.562">
  <trace-info objectcount="19647" scancount="19613" scanbytes="557264" />
  <cardclean-info objects="1886" bytes="114452" />
  <remembered-set-cleared processed="2248" cleared="401" durationms="0.070" />
  <stringconstants candidates="3837" cleared="0"  />
  <warning details="Mark invoked due to insufficient free space for Copy-Forward" />
</gc-op>
<gc-op id="96" type="classunload" timems="0.002" contextid="92" timestamp="2019-08-08T12:49:55.562">
  <classunload-info classloadercandidates="6" classloadersunloaded="0" classesunloaded="0" anonymousclassesunloaded="0" quiescems="0.000" setupms="0.001" scanms="0.000" postms="0.000" />
</gc-op>
<gc-op id="97" type="sweep" timems="2.561" contextid="92" timestamp="2019-08-08T12:49:55.564" />
<gc-op id="98" type="compact" timems="5.417" contextid="92" timestamp="2019-08-08T12:49:55.570">
  <compact-info movecount="19628" movebytes="483592" />
  <remembered-set-cleared processed="4709" cleared="952" durationms="0.070" />
</gc-op>
<heap-resize id="99" type="expand" space="default" amount="2097152" count="1" timems="0.070" reason="insufficient free space following gc" timestamp="2019-08-08T12:49:55.570" />
<gc-end id="100" type="partial gc" contextid="92" durationms="21.490" usertimems="22.308" systemtimems="14.719" timestamp="2019-08-08T12:49:55.570" activeThreads="16">
  <mem-info id="101" free="10485760" total="25165824" percent="41">
    <mem type="eden" free="3710256" total="4194304" percent="88" />
    <remembered-set count="6592" freebytes="979712" totalbytes="1006080" percent="97" regionsoverflowed="0" regionsstable="0" regionsrebuilding="0"/>
  </mem-info>
</gc-end>
<cycle-end id="102" type="partial gc" contextid="92" timestamp="2019-08-08T12:49:55.571" />
  <attribute name="elasticGC enabled" value="1" />
  <attribute name= "numThreadsSpecified" value="16" />
  <attribute name="heapSize specified" value="0" />
  <attribute name="Current GC Util" value="127" />
  <attribute name= "Current Time Running" value="26949" />
  <attribute name ="GC Interval" value="0" />
  <attribute name="Target GC Util Change" value ="80.000000" />
  <attribute name="Current GC Util Change" value="127.000000"/>
  <attribute name="Current Error" value="-86.000000" />
  <attribute name="Output H" value="23144256"/>
  <attribute name="Output I" value="1856"/>
  <attribute name="Output T" value="16"/>
  <attribute name= "Current Time Running" value="26949" />
  <attribute name="GC Util currently" value="127" />
  <attribute name="CPU Util currently" value="416739653385" />
<exclusive-end id="103" timestamp="2019-08-08T12:49:55.571" durationms="22.330" />

<exclusive-start id="104" timestamp="2019-08-08T12:49:58.761" intervalms="3212.107">
  <response-info timems="1.014" idlems="0.619" threads="1" lastid="0000000001BAE300" lastname="node-25" />
</exclusive-start>
<allocation-taxation id="105" taxation-threshold="4194304" timestamp="2019-08-08T12:49:58.761" intervalms="3212.546" />
<cycle-start id="106" type="global mark phase" contextid="0" timestamp="2019-08-08T12:49:58.761" intervalms="29543.131" />
<gc-start id="107" type="global mark phase" contextid="106" timestamp="2019-08-08T12:49:58.761">
  <mem-info id="108" free="6291456" total="25165824" percent="25">
    <remembered-set count="6592" freebytes="979712" totalbytes="1006080" percent="97" regionsoverflowed="0" regionsstable="0" regionsrebuilding="0"/>
  </mem-info>
</gc-start>
<gc-op id="109" type="mark increment" timems="2.349" contextid="106" timestamp="2019-08-08T12:49:58.764">
  <trace-info objectcount="378" scancount="0" scanbytes="0" />
</gc-op>
<gc-end id="110" type="global mark phase" contextid="106" durationms="2.405" usertimems="1.194" systemtimems="2.485" timestamp="2019-08-08T12:49:58.764" activeThreads="16">
  <mem-info id="111" free="6291456" total="25165824" percent="25">
    <remembered-set count="6592" freebytes="979712" totalbytes="1006080" percent="97" regionsoverflowed="0" regionsstable="0" regionsrebuilding="0"/>
  </mem-info>
</gc-end>
<concurrent-start id="112" type="GMP work packet processing" contextid="106" timestamp="2019-08-08T12:49:58.764">
  <concurrent-mark-start scanTarget="18446744073709551615" />
</concurrent-start>
<exclusive-end id="113" timestamp="2019-08-08T12:49:58.764" durationms="3.302" />

<concurrent-end id="114" type="GMP work packet processing" contextid="106" timestamp="2019-08-08T12:49:58.769">
  <concurrent-mark-end bytesScanned="5317488" reasonForTermination="Completed all work in GC phase" />
</concurrent-end>

<exclusive-start id="115" timestamp="2019-08-08T12:50:02.299" intervalms="3538.025">
  <response-info timems="0.028" idlems="0.028" threads="0" lastid="0000000001BE6500" lastname="node-9" />
</exclusive-start>
<allocation-taxation id="116" taxation-threshold="4194304" timestamp="2019-08-08T12:50:02.299" intervalms="3537.731" />
<cycle-start id="117" type="partial gc" contextid="0" timestamp="2019-08-08T12:50:02.299" intervalms="6750.308" />
<gc-start id="118" type="partial gc" contextid="117" timestamp="2019-08-08T12:50:02.299">
  <mem-info id="119" free="2097152" total="25165824" percent="8">
    <mem type="eden" free="0" total="8388608" percent="0" />
    <remembered-set count="6592" freebytes="979712" totalbytes="1006080" percent="97" regionsoverflowed="0" regionsstable="0" regionsrebuilding="0"/>
  </mem-info>
</gc-start>
<allocation-stats totalBytes="8383592" >
  <allocated-bytes non-tlh="0" tlh="8383592" arrayletleaf="0"/>
  <largest-consumer threadName="node-8" threadId="0000000001BBD200" bytes="249736" />
</allocation-stats>
<gc-op id="120" type="copy forward" timems="15.578" contextid="117" timestamp="2019-08-08T12:50:02.316">
  <memory-copied type="eden" objects="7421" bytes="179816" bytesdiscarded="24232" />
  <memory-copied type="other" objects="8069" bytes="193656" bytesdiscarded="2952" />
  <memory-cardclean objects="1868" bytes="140096" />
  <regions eden="4" other="1" />
  <remembered-set-cleared processed="2407" cleared="386" durationms="0.073" />
  <stringconstants candidates="3837" cleared="0"  />
  <heap-resize type="expand" space="default" amount="4194304" count="2" timems="0.365" reason="continue current collection" />
</gc-op>
<gc-op id="121" type="classunload" timems="0.003" contextid="117" timestamp="2019-08-08T12:50:02.316">
  <classunload-info classloadercandidates="6" classloadersunloaded="0" classesunloaded="0" anonymousclassesunloaded="0" quiescems="0.000" setupms="0.003" scanms="0.000" postms="0.000" />
</gc-op>
<heap-resize id="122" type="expand" space="default" amount="2097152" count="1" timems="0.070" reason="insufficient free space following gc" timestamp="2019-08-08T12:50:02.316" />
<gc-end id="123" type="partial gc" contextid="117" durationms="16.762" usertimems="12.092" systemtimems="9.666" timestamp="2019-08-08T12:50:02.316" activeThreads="16">
  <mem-info id="124" free="12582912" total="31457280" percent="40">
    <mem type="eden" free="3990256" total="4194304" percent="95" />
    <remembered-set count="9344" freebytes="1220224" totalbytes="1257600" percent="97" regionsoverflowed="0" regionsstable="0" regionsrebuilding="0"/>
  </mem-info>
</gc-end>
<cycle-end id="125" type="partial gc" contextid="117" timestamp="2019-08-08T12:50:02.316" />
  <attribute name="elasticGC enabled" value="1" />
  <attribute name= "numThreadsSpecified" value="16" />
  <attribute name="heapSize specified" value="0" />
  <attribute name="Current GC Util" value="100" />
  <attribute name= "Current Time Running" value="33685" />
  <attribute name ="GC Interval" value="0" />
  <attribute name="Target GC Util Change" value ="80.000000" />
  <attribute name="Current GC Util Change" value="100.000000"/>
  <attribute name="Current Error" value="-113.000000" />
  <attribute name="Output H" value="25241376"/>
  <attribute name="Output I" value="1808"/>
  <attribute name="Output T" value="16"/>
  <attribute name= "Current Time Running" value="33685" />
  <attribute name="GC Util currently" value="100" />
  <attribute name="CPU Util currently" value="1887831748484" />
<exclusive-end id="126" timestamp="2019-08-08T12:50:02.316" durationms="17.610" />

<exclusive-start id="127" timestamp="2019-08-08T12:50:07.272" intervalms="4973.271">
  <response-info timems="0.064" idlems="0.064" threads="0" lastid="0000000001BB9600" lastname="node-23" />
</exclusive-start>
<allocation-taxation id="128" taxation-threshold="6291456" timestamp="2019-08-08T12:50:07.272" intervalms="4973.154" />
<gc-start id="129" type="global mark phase" contextid="106" timestamp="2019-08-08T12:50:07.272">
  <mem-info id="130" free="6291456" total="31457280" percent="20">
    <remembered-set count="9344" freebytes="1220224" totalbytes="1257600" percent="97" regionsoverflowed="0" regionsstable="0" regionsrebuilding="0"/>
  </mem-info>
</gc-start>
<gc-op id="131" type="mark increment" timems="17.578" contextid="106" timestamp="2019-08-08T12:50:07.290">
  <trace-info objectcount="9398" scancount="9375" scanbytes="311696" />
  <cardclean-info objects="1718" bytes="110944" />
  <finalization candidates="13" enqueued="0" />
  <references type="soft" candidates="66" cleared="0" enqueued="0" dynamicThreshold="12" maxThreshold="32" />
  <references type="weak" candidates="143" cleared="0" enqueued="0" />
  <references type="phantom" candidates="57" cleared="0" enqueued="0" />
  <stringconstants candidates="3837" cleared="0"  />
</gc-op>
<gc-op id="132" type="classunload" timems="0.002" contextid="106" timestamp="2019-08-08T12:50:07.290">
  <classunload-info classloadercandidates="6" classloadersunloaded="0" classesunloaded="0" anonymousclassesunloaded="0" quiescems="0.000" setupms="0.002" scanms="0.000" postms="0.000" />
</gc-op>
<gc-end id="133" type="global mark phase" contextid="106" durationms="17.719" usertimems="6.253" systemtimems="18.275" timestamp="2019-08-08T12:50:07.290" activeThreads="16">
  <mem-info id="134" free="6291456" total="31457280" percent="20">
    <remembered-set count="9344" freebytes="1220224" totalbytes="1257600" percent="97" regionsoverflowed="0" regionsstable="0" regionsrebuilding="0"/>
  </mem-info>
</gc-end>
<cycle-end id="135" type="global mark phase" contextid="106" timestamp="2019-08-08T12:50:07.290" />
  <attribute name="elasticGC enabled" value="1" />
  <attribute name= "numThreadsSpecified" value="16" />
  <attribute name="heapSize specified" value="0" />
  <attribute name="Current GC Util" value="89" />
  <attribute name= "Current Time Running" value="38662" />
  <attribute name ="GC Interval" value="0" />
  <attribute name="Target GC Util Change" value ="80.000000" />
  <attribute name="Current GC Util Change" value="89.000000"/>
  <attribute name="Current Error" value="-9.000000" />
  <attribute name="Output H" value="31532952"/>
  <attribute name="Output I" value="1992"/>
  <attribute name="Output T" value="16"/>
  <attribute name= "Current Time Running" value="38662" />
  <attribute name="GC Util currently" value="89" />
  <attribute name="CPU Util currently" value="407105625389" />
<exclusive-end id="136" timestamp="2019-08-08T12:50:07.290" durationms="18.084" />

<exclusive-start id="137" timestamp="2019-08-08T12:50:11.529" intervalms="4257.428">
  <response-info timems="0.104" idlems="0.104" threads="0" lastid="0000000001BB9600" lastname="node-23" />
</exclusive-start>
<allocation-taxation id="138" taxation-threshold="6291456" timestamp="2019-08-08T12:50:11.529" intervalms="4257.393" />
<cycle-start id="139" type="partial gc" contextid="0" timestamp="2019-08-08T12:50:11.530" intervalms="9230.635" />
<gc-start id="140" type="partial gc" contextid="139" timestamp="2019-08-08T12:50:11.530">
  <mem-info id="141" free="0" total="31457280" percent="0">
    <mem type="eden" free="0" total="12582912" percent="0" />
    <remembered-set count="9344" freebytes="1220224" totalbytes="1257600" percent="97" regionsoverflowed="0" regionsstable="0" regionsrebuilding="0"/>
  </mem-info>
</gc-start>
<allocation-stats totalBytes="12571608" >
  <allocated-bytes non-tlh="0" tlh="12571608" arrayletleaf="0"/>
  <largest-consumer threadName="node-8" threadId="0000000001BBD200" bytes="348024" />
</allocation-stats>
<gc-op id="142" type="sweep" timems="1.991" contextid="139" timestamp="2019-08-08T12:50:11.532" />
<gc-op id="143" type="copy forward" timems="10.514" contextid="139" timestamp="2019-08-08T12:50:11.544">
  <memory-copied type="eden" objects="4775" bytes="116312" bytesdiscarded="9775" />
  <memory-copied type="other" objects="9202" bytes="220848" bytesdiscarded="6385" />
  <memory-cardclean objects="1784" bytes="200200" />
  <regions eden="3" other="4" />
  <remembered-set-cleared processed="2396" cleared="528" durationms="0.078" />
  <stringconstants candidates="3837" cleared="0"  />
</gc-op>
<gc-op id="144" type="classunload" timems="0.002" contextid="139" timestamp="2019-08-08T12:50:11.544">
  <classunload-info classloadercandidates="6" classloadersunloaded="0" classesunloaded="0" anonymousclassesunloaded="0" quiescems="0.000" setupms="0.002" scanms="0.000" postms="0.000" />
</gc-op>
<gc-end id="145" type="partial gc" contextid="139" durationms="14.715" usertimems="18.738" systemtimems="7.298" timestamp="2019-08-08T12:50:11.545" activeThreads="16">
  <mem-info id="146" free="16777216" total="31457280" percent="53">
    <mem type="eden" free="1837560" total="2097152" percent="87" />
    <remembered-set count="8128" freebytes="1225088" totalbytes="1257600" percent="97" regionsoverflowed="0" regionsstable="0" regionsrebuilding="0"/>
  </mem-info>
</gc-end>
<cycle-end id="147" type="partial gc" contextid="139" timestamp="2019-08-08T12:50:11.545" />
  <attribute name="elasticGC enabled" value="1" />
  <attribute name= "numThreadsSpecified" value="16" />
  <attribute name="heapSize specified" value="0" />
  <attribute name="Current GC Util" value="206" />
  <attribute name= "Current Time Running" value="42918" />
  <attribute name ="GC Interval" value="0" />
  <attribute name="Target GC Util Change" value ="80.000000" />
  <attribute name="Current GC Util Change" value="206.000000"/>
  <attribute name="Current Error" value="-90.000000" />
  <attribute name="Output H" value="31532864"/>
  <attribute name="Output I" value="1848"/>
  <attribute name="Output T" value="16"/>
  <attribute name= "Current Time Running" value="42918" />
  <attribute name="GC Util currently" value="206" />
  <attribute name="CPU Util currently" value="731469810395" />
<exclusive-end id="148" timestamp="2019-08-08T12:50:11.545" durationms="15.780" />

<exclusive-start id="149" timestamp="2019-08-08T12:50:23.851" intervalms="12321.850">
  <response-info timems="0.835" idlems="0.750" threads="2" lastid="0000000001BB5B00" lastname="node-24" />
</exclusive-start>
<allocation-taxation id="150" taxation-threshold="14680064" timestamp="2019-08-08T12:50:23.851" intervalms="12321.916" />
<cycle-start id="151" type="partial gc" contextid="0" timestamp="2019-08-08T12:50:23.852" intervalms="12321.897" />
<gc-start id="152" type="partial gc" contextid="151" timestamp="2019-08-08T12:50:23.852">
  <mem-info id="153" free="2097152" total="31457280" percent="6">
    <mem type="eden" free="0" total="14680064" percent="0" />
    <remembered-set count="8128" freebytes="1225088" totalbytes="1257600" percent="97" regionsoverflowed="0" regionsstable="0" regionsrebuilding="0"/>
  </mem-info>
</gc-start>
<allocation-stats totalBytes="14666776" >
  <allocated-bytes non-tlh="0" tlh="14666776" arrayletleaf="0"/>
  <largest-consumer threadName="node-9" threadId="0000000001BE6500" bytes="675776" />
</allocation-stats>
<gc-op id="154" type="copy forward" timems="11.488" contextid="151" timestamp="2019-08-08T12:50:23.865">
  <memory-copied type="eden" objects="12680" bytes="311512" bytesdiscarded="19600" />
  <memory-copied type="other" objects="9981" bytes="239544" bytesdiscarded="10824" />
  <memory-cardclean objects="1909" bytes="203200" />
  <regions eden="7" other="1" />
  <remembered-set-cleared processed="2254" cleared="346" durationms="0.306" />
  <stringconstants candidates="3837" cleared="0"  />
  <heap-resize type="expand" space="default" amount="2097152" count="1" timems="0.070" reason="continue current collection" />
</gc-op>
<gc-op id="155" type="classunload" timems="0.002" contextid="151" timestamp="2019-08-08T12:50:23.865">
  <classunload-info classloadercandidates="6" classloadersunloaded="0" classesunloaded="0" anonymousclassesunloaded="0" quiescems="0.000" setupms="0.002" scanms="0.000" postms="0.000" />
</gc-op>
<gc-end id="156" type="partial gc" contextid="151" durationms="12.915" usertimems="14.572" systemtimems="7.306" timestamp="2019-08-08T12:50:23.865" activeThreads="16">
  <mem-info id="157" free="16777216" total="33554432" percent="50">
    <mem type="eden" free="1766040" total="2097152" percent="84" />
    <remembered-set count="7200" freebytes="1312640" totalbytes="1341440" percent="97" regionsoverflowed="0" regionsstable="0" regionsrebuilding="0"/>
  </mem-info>
</gc-end>
<cycle-end id="158" type="partial gc" contextid="151" timestamp="2019-08-08T12:50:23.865" />
  <attribute name="elasticGC enabled" value="1" />
  <attribute name= "numThreadsSpecified" value="16" />
  <attribute name="heapSize specified" value="0" />
  <attribute name="Current GC Util" value="97" />
  <attribute name= "Current Time Running" value="55238" />
  <attribute name ="GC Interval" value="0" />
  <attribute name="Target GC Util Change" value ="80.000000" />
  <attribute name="Current GC Util Change" value="97.000000"/>
  <attribute name="Current Error" value="-27.000000" />
  <attribute name="Output H" value="31532936"/>
  <attribute name="Output I" value="1960"/>
  <attribute name="Output T" value="16"/>
  <attribute name= "Current Time Running" value="55238" />
  <attribute name="GC Util currently" value="97" />
  <attribute name="CPU Util currently" value="1345746838010" />
<exclusive-end id="159" timestamp="2019-08-08T12:50:23.865" durationms="13.741" />

<exclusive-start id="160" timestamp="2019-08-08T12:50:36.340" intervalms="12488.725">
  <response-info timems="1.042" idlems="0.719" threads="3" lastid="0000000001BA6B00" lastname="node-21" />
</exclusive-start>
<allocation-taxation id="161" taxation-threshold="14680064" timestamp="2019-08-08T12:50:36.340" intervalms="12488.665" />
<cycle-start id="162" type="partial gc" contextid="0" timestamp="2019-08-08T12:50:36.340" intervalms="12488.754" />
<gc-start id="163" type="partial gc" contextid="162" timestamp="2019-08-08T12:50:36.341">
  <mem-info id="164" free="2097152" total="33554432" percent="6">
    <mem type="eden" free="0" total="14680064" percent="0" />
    <remembered-set count="6880" freebytes="1313920" totalbytes="1341440" percent="97" regionsoverflowed="0" regionsstable="0" regionsrebuilding="0"/>
  </mem-info>
</gc-start>
<allocation-stats totalBytes="14667072" >
  <allocated-bytes non-tlh="0" tlh="14667072" arrayletleaf="0"/>
  <largest-consumer threadName="node-8" threadId="0000000001BBD200" bytes="720712" />
</allocation-stats>
<gc-op id="165" type="copy forward" timems="25.159" contextid="162" timestamp="2019-08-08T12:50:36.367">
  <memory-copied type="eden" objects="12952" bytes="319736" bytesdiscarded="22168" />
  <memory-copied type="other" objects="12528" bytes="300672" bytesdiscarded="7768" />
  <memory-cardclean objects="1952" bytes="204232" />
  <regions eden="7" other="1" />
  <remembered-set-cleared processed="2383" cleared="357" durationms="0.097" />
  <stringconstants candidates="3837" cleared="0"  />
  <heap-resize type="expand" space="default" amount="2097152" count="1" timems="0.074" reason="continue current collection" />
</gc-op>
<gc-op id="166" type="classunload" timems="0.002" contextid="162" timestamp="2019-08-08T12:50:36.367">
  <classunload-info classloadercandidates="6" classloadersunloaded="0" classesunloaded="0" anonymousclassesunloaded="0" quiescems="0.000" setupms="0.002" scanms="0.000" postms="0.000" />
</gc-op>
<gc-end id="167" type="partial gc" contextid="162" durationms="26.349" usertimems="15.754" systemtimems="27.411" timestamp="2019-08-08T12:50:36.367" activeThreads="16">
  <mem-info id="168" free="16777216" total="35651584" percent="47">
    <mem type="eden" free="1755248" total="2097152" percent="83" />
    <remembered-set count="8544" freebytes="1391104" totalbytes="1425280" percent="97" regionsoverflowed="0" regionsstable="0" regionsrebuilding="0"/>
  </mem-info>
</gc-end>
<cycle-end id="169" type="partial gc" contextid="162" timestamp="2019-08-08T12:50:36.367" />
  <attribute name="elasticGC enabled" value="1" />
  <attribute name= "numThreadsSpecified" value="16" />
  <attribute name="heapSize specified" value="0" />
  <attribute name="Current GC Util" value="121" />
  <attribute name= "Current Time Running" value="67726" />
  <attribute name ="GC Interval" value="0" />
  <attribute name="Target GC Util Change" value ="80.000000" />
  <attribute name="Current GC Util Change" value="121.000000"/>
  <attribute name="Current Error" value="39.000000" />
  <attribute name="Output H" value="33630160"/>
  <attribute name="Output I" value="2080"/>
  <attribute name="Output T" value="16"/>
  <attribute name= "Current Time Running" value="67726" />
  <attribute name="GC Util currently" value="121" />
  <attribute name="CPU Util currently" value="1817943364272" />
<exclusive-end id="170" timestamp="2019-08-08T12:50:36.367" durationms="27.270" />

<exclusive-start id="171" timestamp="2019-08-08T12:50:50.943" intervalms="14603.156">
  <response-info timems="0.130" idlems="0.130" threads="0" lastid="0000000001BDB200" lastname="node-3" />
</exclusive-start>
<allocation-taxation id="172" taxation-threshold="16777216" timestamp="2019-08-08T12:50:50.943" intervalms="14603.166" />
<cycle-start id="173" type="partial gc" contextid="0" timestamp="2019-08-08T12:50:50.943" intervalms="14602.999" />
<gc-start id="174" type="partial gc" contextid="173" timestamp="2019-08-08T12:50:50.944">
  <mem-info id="175" free="0" total="35651584" percent="0">
    <mem type="eden" free="0" total="16777216" percent="0" />
    <remembered-set count="8096" freebytes="1392896" totalbytes="1425280" percent="97" regionsoverflowed="0" regionsstable="0" regionsrebuilding="0"/>
  </mem-info>
</gc-start>
<allocation-stats totalBytes="16762664" >
  <allocated-bytes non-tlh="0" tlh="16762664" arrayletleaf="0"/>
  <largest-consumer threadName="node-8" threadId="0000000001BBD200" bytes="842664" />
</allocation-stats>
<gc-op id="176" type="mark" timems="18.108" contextid="173" timestamp="2019-08-08T12:50:50.966">
  <trace-info objectcount="27097" scancount="27063" scanbytes="736064" />
  <cardclean-info objects="1973" bytes="117240" />
  <remembered-set-cleared processed="2533" cleared="369" durationms="0.101" />
  <stringconstants candidates="3837" cleared="0"  />
  <warning details="Mark invoked due to insufficient free space for Copy-Forward" />
</gc-op>
<gc-op id="177" type="classunload" timems="0.003" contextid="173" timestamp="2019-08-08T12:50:50.967">
  <classunload-info classloadercandidates="6" classloadersunloaded="0" classesunloaded="0" anonymousclassesunloaded="0" quiescems="0.000" setupms="0.002" scanms="0.000" postms="0.000" />
</gc-op>
<gc-op id="178" type="sweep" timems="4.317" contextid="173" timestamp="2019-08-08T12:50:50.971" />
<gc-op id="179" type="compact" timems="9.582" contextid="173" timestamp="2019-08-08T12:50:50.981">
  <compact-info movecount="27097" movebytes="661680" />
  <remembered-set-cleared processed="5356" cleared="961" durationms="0.101" />
</gc-op>
<heap-resize id="180" type="expand" space="default" amount="2097152" count="1" timems="0.065" reason="insufficient free space following gc" timestamp="2019-08-08T12:50:50.981" />
<gc-end id="181" type="partial gc" contextid="173" durationms="37.618" usertimems="30.159" systemtimems="32.268" timestamp="2019-08-08T12:50:50.981" activeThreads="16">
  <mem-info id="182" free="16777216" total="37748736" percent="44">
    <mem type="eden" free="1742168" total="2097152" percent="83" />
    <remembered-set count="7904" freebytes="1477504" totalbytes="1509120" percent="97" regionsoverflowed="0" regionsstable="0" regionsrebuilding="0"/>
  </mem-info>
</gc-end>
<cycle-end id="183" type="partial gc" contextid="173" timestamp="2019-08-08T12:50:50.981" />
  <attribute name="elasticGC enabled" value="1" />
  <attribute name= "numThreadsSpecified" value="16" />
  <attribute name="heapSize specified" value="0" />
  <attribute name="Current GC Util" value="110" />
  <attribute name= "Current Time Running" value="82356" />
  <attribute name ="GC Interval" value="0" />
  <attribute name="Target GC Util Change" value ="80.000000" />
  <attribute name="Current GC Util Change" value="110.000000"/>
  <attribute name="Current Error" value="50.000000" />
  <attribute name="Output H" value="35727328"/>
  <attribute name="Output I" value="2104"/>
  <attribute name="Output T" value="16"/>
  <attribute name= "Current Time Running" value="82356" />
  <attribute name="GC Util currently" value="110" />
  <attribute name="CPU Util currently" value="247073702801" />
<exclusive-end id="184" timestamp="2019-08-08T12:50:50.982" durationms="38.542" />

<exclusive-start id="185" timestamp="2019-08-08T12:50:57.412" intervalms="6468.788">
  <response-info timems="0.033" idlems="0.033" threads="0" lastid="0000000001BE6500" lastname="node-9" />
</exclusive-start>
<allocation-taxation id="186" taxation-threshold="8388608" timestamp="2019-08-08T12:50:57.412" intervalms="6468.795" />
<cycle-start id="187" type="global mark phase" contextid="0" timestamp="2019-08-08T12:50:57.412" intervalms="58650.954" />
<gc-start id="188" type="global mark phase" contextid="187" timestamp="2019-08-08T12:50:57.413">
  <mem-info id="189" free="8388608" total="37748736" percent="22">
    <remembered-set count="7904" freebytes="1477504" totalbytes="1509120" percent="97" regionsoverflowed="0" regionsstable="0" regionsrebuilding="0"/>
  </mem-info>
</gc-start>
<gc-op id="190" type="mark increment" timems="4.012" contextid="187" timestamp="2019-08-08T12:50:57.417">
  <trace-info objectcount="369" scancount="0" scanbytes="0" />
</gc-op>
<gc-end id="191" type="global mark phase" contextid="187" durationms="4.114" usertimems="1.146" systemtimems="4.572" timestamp="2019-08-08T12:50:57.417" activeThreads="16">
  <mem-info id="192" free="8388608" total="37748736" percent="22">
    <remembered-set count="7904" freebytes="1477504" totalbytes="1509120" percent="97" regionsoverflowed="0" regionsstable="0" regionsrebuilding="0"/>
  </mem-info>
</gc-end>
<concurrent-start id="193" type="GMP work packet processing" contextid="187" timestamp="2019-08-08T12:50:57.417">
  <concurrent-mark-start scanTarget="18446744073709551615" />
</concurrent-start>
<exclusive-end id="194" timestamp="2019-08-08T12:50:57.417" durationms="5.118" />

<concurrent-end id="195" type="GMP work packet processing" contextid="187" timestamp="2019-08-08T12:50:57.425">
  <concurrent-mark-end bytesScanned="5297848" reasonForTermination="Completed all work in GC phase" />
</concurrent-end>

<exclusive-start id="196" timestamp="2019-08-08T12:51:03.626" intervalms="6213.621">
  <response-info timems="0.031" idlems="0.031" threads="0" lastid="0000000001BAE300" lastname="node-25" />
</exclusive-start>
<allocation-taxation id="197" taxation-threshold="8388608" timestamp="2019-08-08T12:51:03.626" intervalms="6213.622" />
<cycle-start id="198" type="partial gc" contextid="0" timestamp="2019-08-08T12:51:03.626" intervalms="12682.382" />
<gc-start id="199" type="partial gc" contextid="198" timestamp="2019-08-08T12:51:03.626">
  <mem-info id="200" free="0" total="37748736" percent="0">
    <mem type="eden" free="0" total="16777216" percent="0" />
    <remembered-set count="7904" freebytes="1477504" totalbytes="1509120" percent="97" regionsoverflowed="0" regionsstable="0" regionsrebuilding="0"/>
  </mem-info>
</gc-start>
<allocation-stats totalBytes="16763176" >
  <allocated-bytes non-tlh="0" tlh="16763176" arrayletleaf="0"/>
  <largest-consumer threadName="node-8" threadId="0000000001BBD200" bytes="433808" />
</allocation-stats>
<gc-op id="201" type="mark" timems="14.488" contextid="198" timestamp="2019-08-08T12:51:03.643">
  <trace-info objectcount="27068" scancount="27045" scanbytes="735640" />
  <cardclean-info objects="1995" bytes="117768" />
  <remembered-set-cleared processed="2737" cleared="430" durationms="0.101" />
  <stringconstants candidates="3837" cleared="0"  />
  <warning details="Mark invoked due to insufficient free space for Copy-Forward" />
</gc-op>
<gc-op id="202" type="classunload" timems="0.003" contextid="198" timestamp="2019-08-08T12:51:03.643">
  <classunload-info classloadercandidates="6" classloadersunloaded="0" classesunloaded="0" anonymousclassesunloaded="0" quiescems="0.000" setupms="0.002" scanms="0.000" postms="0.000" />
</gc-op>
<gc-op id="203" type="sweep" timems="2.512" contextid="198" timestamp="2019-08-08T12:51:03.646" />
<gc-op id="204" type="compact" timems="9.887" contextid="198" timestamp="2019-08-08T12:51:03.656">
  <compact-info movecount="25020" movebytes="602192" />
  <remembered-set-cleared processed="5751" cleared="1102" durationms="0.162" />
</gc-op>
<gc-end id="205" type="partial gc" contextid="198" durationms="29.801" usertimems="23.404" systemtimems="26.768" timestamp="2019-08-08T12:51:03.656" activeThreads="16">
  <mem-info id="206" free="14680064" total="37748736" percent="38">
    <mem type="eden" free="1785432" total="2097152" percent="85" />
    <remembered-set count="7840" freebytes="1477760" totalbytes="1509120" percent="97" regionsoverflowed="0" regionsstable="0" regionsrebuilding="0"/>
  </mem-info>
</gc-end>
<cycle-end id="207" type="partial gc" contextid="198" timestamp="2019-08-08T12:51:03.656" />
  <attribute name="elasticGC enabled" value="1" />
  <attribute name= "numThreadsSpecified" value="16" />
  <attribute name="heapSize specified" value="0" />
  <attribute name="Current GC Util" value="150" />
  <attribute name= "Current Time Running" value="95030" />
  <attribute name ="GC Interval" value="0" />
  <attribute name="Target GC Util Change" value ="80.000000" />
  <attribute name="Current GC Util Change" value="150.000000"/>
  <attribute name="Current Error" value="-70.000000" />
  <attribute name="Output H" value="37824336"/>
  <attribute name="Output I" value="1888"/>
  <attribute name="Output T" value="16"/>
  <attribute name= "Current Time Running" value="95030" />
  <attribute name="GC Util currently" value="150" />
  <attribute name="CPU Util currently" value="435768689452" />
<exclusive-end id="208" timestamp="2019-08-08T12:51:03.656" durationms="30.500" />

<exclusive-start id="209" timestamp="2019-08-08T12:51:09.622" intervalms="5996.787">
  <response-info timems="0.344" idlems="0.344" threads="0" lastid="0000000001B9B700" lastname="node-13" />
</exclusive-start>
<allocation-taxation id="210" taxation-threshold="6291456" timestamp="2019-08-08T12:51:09.622" intervalms="5996.782" />
<gc-start id="211" type="global mark phase" contextid="187" timestamp="2019-08-08T12:51:09.623">
  <mem-info id="212" free="8388608" total="37748736" percent="22">
    <remembered-set count="7360" freebytes="1479680" totalbytes="1509120" percent="98" regionsoverflowed="0" regionsstable="0" regionsrebuilding="0"/>
  </mem-info>
</gc-start>
<gc-op id="213" type="mark increment" timems="20.038" contextid="187" timestamp="2019-08-08T12:51:09.643">
  <trace-info objectcount="12116" scancount="12094" scanbytes="376944" />
  <cardclean-info objects="1800" bytes="112608" />
  <finalization candidates="13" enqueued="0" />
  <references type="soft" candidates="66" cleared="0" enqueued="0" dynamicThreshold="12" maxThreshold="32" />
  <references type="weak" candidates="143" cleared="0" enqueued="0" />
  <references type="phantom" candidates="57" cleared="0" enqueued="0" />
  <stringconstants candidates="3837" cleared="0"  />
</gc-op>
<gc-op id="214" type="classunload" timems="0.002" contextid="187" timestamp="2019-08-08T12:51:09.643">
  <classunload-info classloadercandidates="6" classloadersunloaded="0" classesunloaded="0" anonymousclassesunloaded="0" quiescems="0.000" setupms="0.002" scanms="0.000" postms="0.000" />
</gc-op>
<gc-end id="215" type="global mark phase" contextid="187" durationms="20.148" usertimems="7.063" systemtimems="18.764" timestamp="2019-08-08T12:51:09.643" activeThreads="16">
  <mem-info id="216" free="8388608" total="37748736" percent="22">
    <remembered-set count="7360" freebytes="1479680" totalbytes="1509120" percent="98" regionsoverflowed="0" regionsstable="0" regionsrebuilding="0"/>
  </mem-info>
</gc-end>
<cycle-end id="217" type="global mark phase" contextid="187" timestamp="2019-08-08T12:51:09.643" />
  <attribute name="elasticGC enabled" value="1" />
  <attribute name= "numThreadsSpecified" value="16" />
  <attribute name="heapSize specified" value="0" />
  <attribute name="Current GC Util" value="70" />
  <attribute name= "Current Time Running" value="101013" />
  <attribute name ="GC Interval" value="0" />
  <attribute name="Target GC Util Change" value ="80.000000" />
  <attribute name="Current GC Util Change" value="70.000000"/>
  <attribute name="Current Error" value="-30.000000" />
  <attribute name="Output H" value="37824384"/>
  <attribute name="Output I" value="1960"/>
  <attribute name="Output T" value="16"/>
  <attribute name= "Current Time Running" value="101013" />
  <attribute name="GC Util currently" value="70" />
  <attribute name="CPU Util currently" value="328997340460" />
<exclusive-end id="218" timestamp="2019-08-08T12:51:09.643" durationms="20.557" />

<exclusive-start id="219" timestamp="2019-08-08T12:51:13.883" intervalms="4260.986">
  <response-info timems="0.079" idlems="0.079" threads="0" lastid="0000000001B9B700" lastname="node-13" />
</exclusive-start>
<allocation-taxation id="220" taxation-threshold="6291456" timestamp="2019-08-08T12:51:13.883" intervalms="4261.076" />
<cycle-start id="221" type="partial gc" contextid="0" timestamp="2019-08-08T12:51:13.884" intervalms="10258.067" />
<gc-start id="222" type="partial gc" contextid="221" timestamp="2019-08-08T12:51:13.886">
  <mem-info id="223" free="2097152" total="37748736" percent="5">
    <mem type="eden" free="0" total="12582912" percent="0" />
    <remembered-set count="7360" freebytes="1479680" totalbytes="1509120" percent="98" regionsoverflowed="0" regionsstable="0" regionsrebuilding="0"/>
  </mem-info>
</gc-start>
<allocation-stats totalBytes="12573640" >
  <allocated-bytes non-tlh="0" tlh="12573640" arrayletleaf="0"/>
  <largest-consumer threadName="node-8" threadId="0000000001BBD200" bytes="319472" />
</allocation-stats>
<gc-op id="224" type="sweep" timems="4.677" contextid="221" timestamp="2019-08-08T12:51:13.891" />
<gc-op id="225" type="copy forward" timems="19.452" contextid="221" timestamp="2019-08-08T12:51:13.913">
  <memory-copied type="eden" objects="4852" bytes="118160" bytesdiscarded="10476" />
  <memory-copied type="other" objects="11948" bytes="286752" bytesdiscarded="13836" />
  <memory-cardclean objects="1812" bytes="200480" />
  <regions eden="3" other="4" />
  <remembered-set-cleared processed="2851" cleared="967" durationms="0.145" />
  <stringconstants candidates="3837" cleared="0"  />
</gc-op>
<gc-op id="226" type="classunload" timems="0.002" contextid="221" timestamp="2019-08-08T12:51:13.913">
  <classunload-info classloadercandidates="6" classloadersunloaded="0" classesunloaded="0" anonymousclassesunloaded="0" quiescems="0.000" setupms="0.002" scanms="0.000" postms="0.000" />
</gc-op>
<gc-end id="227" type="partial gc" contextid="221" durationms="27.065" usertimems="16.736" systemtimems="26.099" timestamp="2019-08-08T12:51:13.913" activeThreads="16">
  <mem-info id="228" free="23068672" total="37748736" percent="61">
    <mem type="eden" free="1824944" total="2097152" percent="87" />
    <remembered-set count="7904" freebytes="1477504" totalbytes="1509120" percent="97" regionsoverflowed="0" regionsstable="0" regionsrebuilding="0"/>
  </mem-info>
</gc-end>
<cycle-end id="229" type="partial gc" contextid="221" timestamp="2019-08-08T12:51:13.913" />
  <attribute name="elasticGC enabled" value="1" />
  <attribute name= "numThreadsSpecified" value="16" />
  <attribute name="heapSize specified" value="0" />
  <attribute name="Current GC Util" value="36" />
  <attribute name= "Current Time Running" value="105278" />
  <attribute name ="GC Interval" value="0" />
  <attribute name="Target GC Util Change" value ="80.000000" />
  <attribute name="Current GC Util Change" value="36.000000"/>
  <attribute name="Current Error" value="44.000000" />
  <attribute name="Output H" value="37824472"/>
  <attribute name="Output I" value="2088"/>
  <attribute name="Output T" value="16"/>
  <attribute name= "Current Time Running" value="105278" />
  <attribute name="GC Util currently" value="36" />
  <attribute name="CPU Util currently" value="498714414818" />
<exclusive-end id="230" timestamp="2019-08-08T12:51:13.913" durationms="29.633" />

<exclusive-start id="231" timestamp="2019-08-08T12:51:26.751" intervalms="12867.796">
  <response-info timems="0.021" idlems="0.021" threads="0" lastid="0000000001BCC200" lastname="node-11" />
</exclusive-start>
<allocation-taxation id="232" taxation-threshold="16777216" timestamp="2019-08-08T12:51:26.751" intervalms="12867.695" />
<cycle-start id="233" type="partial gc" contextid="0" timestamp="2019-08-08T12:51:26.751" intervalms="12867.626" />
<gc-start id="234" type="partial gc" contextid="233" timestamp="2019-08-08T12:51:26.752">
  <mem-info id="235" free="6291456" total="37748736" percent="16">
    <mem type="eden" free="0" total="16777216" percent="0" />
    <remembered-set count="7904" freebytes="1477504" totalbytes="1509120" percent="97" regionsoverflowed="0" regionsstable="0" regionsrebuilding="0"/>
  </mem-info>
</gc-start>
<allocation-stats totalBytes="16763816" >
  <allocated-bytes non-tlh="0" tlh="16763816" arrayletleaf="0"/>
  <largest-consumer threadName="node-9" threadId="0000000001BE6500" bytes="810816" />
</allocation-stats>
<gc-op id="236" type="copy forward" timems="18.436" contextid="233" timestamp="2019-08-08T12:51:26.772">
  <memory-copied type="eden" objects="12737" bytes="307400" bytesdiscarded="22248" />
  <memory-copied type="other" objects="10458" bytes="250992" bytesdiscarded="10280" />
  <memory-cardclean objects="1910" bytes="203224" />
  <regions eden="8" other="1" />
  <remembered-set-cleared processed="2291" cleared="344" durationms="0.180" />
  <stringconstants candidates="3837" cleared="0"  />
</gc-op>
<gc-op id="237" type="classunload" timems="0.002" contextid="233" timestamp="2019-08-08T12:51:26.772">
  <classunload-info classloadercandidates="6" classloadersunloaded="0" classesunloaded="0" anonymousclassesunloaded="0" quiescems="0.000" setupms="0.002" scanms="0.000" postms="0.000" />
</gc-op>
<gc-end id="238" type="partial gc" contextid="233" durationms="20.541" usertimems="20.904" systemtimems="17.758" timestamp="2019-08-08T12:51:26.772" activeThreads="16">
  <mem-info id="239" free="20971520" total="37748736" percent="55">
    <mem type="eden" free="1767504" total="2097152" percent="84" />
    <remembered-set count="6976" freebytes="1481216" totalbytes="1509120" percent="98" regionsoverflowed="0" regionsstable="0" regionsrebuilding="0"/>
  </mem-info>
</gc-end>
<cycle-end id="240" type="partial gc" contextid="233" timestamp="2019-08-08T12:51:26.772" />
  <attribute name="elasticGC enabled" value="1" />
  <attribute name= "numThreadsSpecified" value="16" />
  <attribute name="heapSize specified" value="0" />
  <attribute name="Current GC Util" value="148" />
  <attribute name= "Current Time Running" value="118138" />
  <attribute name ="GC Interval" value="0" />
  <attribute name="Target GC Util Change" value ="80.000000" />
  <attribute name="Current GC Util Change" value="148.000000"/>
  <attribute name="Current Error" value="56.000000" />
  <attribute name="Output H" value="37824480"/>
  <attribute name="Output I" value="2112"/>
  <attribute name="Output T" value="16"/>
  <attribute name= "Current Time Running" value="118138" />
  <attribute name="GC Util currently" value="148" />
  <attribute name="CPU Util currently" value="827738598214" />
<exclusive-end id="241" timestamp="2019-08-08T12:51:26.772" durationms="21.375" />

<exclusive-start id="242" timestamp="2019-08-08T12:51:31.293" intervalms="4541.632">
  <response-info timems="0.232" idlems="0.232" threads="0" lastid="0000000001BB9600" lastname="node-23" />
</exclusive-start>
<allocation-taxation id="243" taxation-threshold="8388608" timestamp="2019-08-08T12:51:31.293" intervalms="4541.645" />
<cycle-start id="244" type="global mark phase" contextid="0" timestamp="2019-08-08T12:51:31.293" intervalms="33880.580" />
<gc-start id="245" type="global mark phase" contextid="244" timestamp="2019-08-08T12:51:31.293">
  <mem-info id="246" free="12582912" total="37748736" percent="33">
    <remembered-set count="6976" freebytes="1481216" totalbytes="1509120" percent="98" regionsoverflowed="0" regionsstable="0" regionsrebuilding="0"/>
  </mem-info>
</gc-start>
<gc-op id="247" type="mark increment" timems="7.084" contextid="244" timestamp="2019-08-08T12:51:31.300">
  <trace-info objectcount="77384" scancount="55623" scanbytes="2186812" />
</gc-op>
<gc-end id="248" type="global mark phase" contextid="244" durationms="7.135" usertimems="6.086" systemtimems="6.889" timestamp="2019-08-08T12:51:31.300" activeThreads="16">
  <mem-info id="249" free="12582912" total="37748736" percent="33">
    <remembered-set count="6976" freebytes="1481216" totalbytes="1509120" percent="98" regionsoverflowed="0" regionsstable="0" regionsrebuilding="0"/>
  </mem-info>
</gc-end>
<concurrent-start id="250" type="GMP work packet processing" contextid="244" timestamp="2019-08-08T12:51:31.300">
  <concurrent-mark-start scanTarget="27200873" />
</concurrent-start>
<exclusive-end id="251" timestamp="2019-08-08T12:51:31.300" durationms="7.528" />

<concurrent-end id="252" type="GMP work packet processing" contextid="244" timestamp="2019-08-08T12:51:31.303">
  <concurrent-mark-end bytesScanned="3100540" reasonForTermination="Completed all work in GC phase" />
</concurrent-end>

<exclusive-start id="253" timestamp="2019-08-08T12:51:35.715" intervalms="4422.084">
  <response-info timems="0.096" idlems="0.096" threads="0" lastid="0000000001BAE300" lastname="node-25" />
</exclusive-start>
<allocation-taxation id="254" taxation-threshold="8388608" timestamp="2019-08-08T12:51:35.715" intervalms="4422.071" />
<cycle-start id="255" type="partial gc" contextid="0" timestamp="2019-08-08T12:51:35.715" intervalms="8963.713" />
<gc-start id="256" type="partial gc" contextid="255" timestamp="2019-08-08T12:51:35.715">
  <mem-info id="257" free="4194304" total="37748736" percent="11">
    <mem type="eden" free="0" total="16777216" percent="0" />
    <remembered-set count="6976" freebytes="1481216" totalbytes="1509120" percent="98" regionsoverflowed="0" regionsstable="0" regionsrebuilding="0"/>
  </mem-info>
</gc-start>
<allocation-stats totalBytes="16764848" >
  <allocated-bytes non-tlh="0" tlh="16764848" arrayletleaf="0"/>
  <largest-consumer threadName="node-7" threadId="0000000001BF1900" bytes="430048" />
</allocation-stats>
<gc-op id="258" type="copy forward" timems="8.138" contextid="255" timestamp="2019-08-08T12:51:35.726">
  <memory-copied type="eden" objects="13394" bytes="323600" bytesdiscarded="17976" />
  <memory-copied type="other" objects="12595" bytes="302280" bytesdiscarded="25736" />
  <memory-cardclean objects="1974" bytes="204760" />
  <regions eden="8" other="1" />
  <remembered-set-cleared processed="2429" cleared="367" durationms="0.078" />
  <stringconstants candidates="3837" cleared="0"  />
</gc-op>
<gc-op id="259" type="classunload" timems="0.002" contextid="255" timestamp="2019-08-08T12:51:35.726">
  <classunload-info classloadercandidates="6" classloadersunloaded="0" classesunloaded="0" anonymousclassesunloaded="0" quiescems="0.000" setupms="0.002" scanms="0.000" postms="0.000" />
</gc-op>
<gc-end id="260" type="partial gc" contextid="255" durationms="11.127" usertimems="10.735" systemtimems="12.011" timestamp="2019-08-08T12:51:35.726" activeThreads="16">
  <mem-info id="261" free="18874368" total="37748736" percent="50">
    <mem type="eden" free="1755576" total="2097152" percent="83" />
    <remembered-set count="7296" freebytes="1479936" totalbytes="1509120" percent="98" regionsoverflowed="0" regionsstable="0" regionsrebuilding="0"/>
  </mem-info>
</gc-end>
<cycle-end id="262" type="partial gc" contextid="255" timestamp="2019-08-08T12:51:35.726" />
  <attribute name="elasticGC enabled" value="1" />
  <attribute name= "numThreadsSpecified" value="16" />
  <attribute name="heapSize specified" value="0" />
  <attribute name="Current GC Util" value="100" />
  <attribute name= "Current Time Running" value="127103" />
  <attribute name ="GC Interval" value="0" />
  <attribute name="Target GC Util Change" value ="80.000000" />
  <attribute name="Current GC Util Change" value="100.000000"/>
  <attribute name="Current Error" value="-100.000000" />
  <attribute name="Output H" value="37824304"/>
  <attribute name="Output I" value="1832"/>
  <attribute name="Output T" value="16"/>
  <attribute name= "Current Time Running" value="127103" />
  <attribute name="GC Util currently" value="100" />
  <attribute name="CPU Util currently" value="441019478571" />
<exclusive-end id="263" timestamp="2019-08-08T12:51:35.726" durationms="11.658" />

<exclusive-start id="264" timestamp="2019-08-08T12:51:39.629" intervalms="3913.918">
  <response-info timems="0.030" idlems="0.030" threads="0" lastid="0000000001BC0E00" lastname="node-12" />
</exclusive-start>
<allocation-taxation id="265" taxation-threshold="8388608" timestamp="2019-08-08T12:51:39.629" intervalms="3913.984" />
<gc-start id="266" type="global mark phase" contextid="244" timestamp="2019-08-08T12:51:39.629">
  <mem-info id="267" free="10485760" total="37748736" percent="27">
    <remembered-set count="7296" freebytes="1479936" totalbytes="1509120" percent="98" regionsoverflowed="0" regionsstable="0" regionsrebuilding="0"/>
  </mem-info>
</gc-start>
<gc-op id="268" type="mark increment" timems="5.295" contextid="244" timestamp="2019-08-08T12:51:39.634">
  <trace-info objectcount="12569" scancount="12546" scanbytes="387664" />
  <cardclean-info objects="2039" bytes="117912" />
  <finalization candidates="13" enqueued="0" />
  <references type="soft" candidates="66" cleared="0" enqueued="0" dynamicThreshold="16" maxThreshold="32" />
  <references type="weak" candidates="143" cleared="0" enqueued="0" />
  <references type="phantom" candidates="57" cleared="0" enqueued="0" />
  <stringconstants candidates="3837" cleared="0"  />
</gc-op>
<gc-op id="269" type="classunload" timems="0.003" contextid="244" timestamp="2019-08-08T12:51:39.634">
  <classunload-info classloadercandidates="6" classloadersunloaded="0" classesunloaded="0" anonymousclassesunloaded="0" quiescems="0.000" setupms="0.002" scanms="0.000" postms="0.000" />
</gc-op>
<gc-end id="270" type="global mark phase" contextid="244" durationms="5.426" usertimems="1.629" systemtimems="8.074" timestamp="2019-08-08T12:51:39.634" activeThreads="8">
  <mem-info id="271" free="10485760" total="37748736" percent="27">
    <remembered-set count="7296" freebytes="1479936" totalbytes="1509120" percent="98" regionsoverflowed="0" regionsstable="0" regionsrebuilding="0"/>
  </mem-info>
</gc-end>
<cycle-end id="272" type="global mark phase" contextid="244" timestamp="2019-08-08T12:51:39.634" />
  <attribute name="elasticGC enabled" value="1" />
  <attribute name= "numThreadsSpecified" value="8" />
  <attribute name="heapSize specified" value="0" />
  <attribute name="Current GC Util" value="154" />
  <attribute name= "Current Time Running" value="131016" />
  <attribute name ="GC Interval" value="0" />
  <attribute name="Target GC Util Change" value ="80.000000" />
  <attribute name="Current GC Util Change" value="154.000000"/>
  <attribute name="Current Error" value="-14.000000" />
  <attribute name="Output H" value="37824400"/>
  <attribute name="Output I" value="1984"/>
  <attribute name="Output T" value="8"/>
  <attribute name= "Current Time Running" value="131016" />
  <attribute name="GC Util currently" value="154" />
  <attribute name="CPU Util currently" value="828164316860" />
<exclusive-end id="273" timestamp="2019-08-08T12:51:39.635" durationms="5.816" />

<exclusive-start id="274" timestamp="2019-08-08T12:51:44.308" intervalms="4679.563">
  <response-info timems="0.050" idlems="0.050" threads="0" lastid="0000000001BCC200" lastname="node-11" />
</exclusive-start>
<allocation-taxation id="275" taxation-threshold="8388608" timestamp="2019-08-08T12:51:44.308" intervalms="4679.501" />
<cycle-start id="276" type="partial gc" contextid="0" timestamp="2019-08-08T12:51:44.308" intervalms="8593.350" />
<gc-start id="277" type="partial gc" contextid="276" timestamp="2019-08-08T12:51:44.309">
  <mem-info id="278" free="2097152" total="37748736" percent="5">
    <mem type="eden" free="0" total="16777216" percent="0" />
    <remembered-set count="7296" freebytes="1479936" totalbytes="1509120" percent="98" regionsoverflowed="0" regionsstable="0" regionsrebuilding="0"/>
  </mem-info>
</gc-start>
<allocation-stats totalBytes="16766120" >
  <allocated-bytes non-tlh="0" tlh="16766120" arrayletleaf="0"/>
  <largest-consumer threadName="node-9" threadId="0000000001BE6500" bytes="430024" />
</allocation-stats>
<gc-op id="279" type="sweep" timems="1.835" contextid="276" timestamp="2019-08-08T12:51:44.311" />
<gc-op id="280" type="copy forward" timems="10.613" contextid="276" timestamp="2019-08-08T12:51:44.322">
  <memory-copied type="eden" objects="7315" bytes="177272" bytesdiscarded="18627" />
  <memory-copied type="other" objects="12389" bytes="297336" bytesdiscarded="7413" />
  <memory-cardclean objects="1876" bytes="210584" />
  <regions eden="4" other="5" />
  <remembered-set-cleared processed="2550" cleared="668" durationms="0.112" />
  <stringconstants candidates="3837" cleared="0"  />
</gc-op>
<gc-op id="281" type="classunload" timems="0.003" contextid="276" timestamp="2019-08-08T12:51:44.322">
  <classunload-info classloadercandidates="6" classloadersunloaded="0" classesunloaded="0" anonymousclassesunloaded="0" quiescems="0.000" setupms="0.002" scanms="0.000" postms="0.000" />
</gc-op>
<gc-end id="282" type="partial gc" contextid="276" durationms="13.707" usertimems="6.326" systemtimems="18.969" timestamp="2019-08-08T12:51:44.322" activeThreads="16">
  <mem-info id="283" free="23068672" total="37748736" percent="61">
    <mem type="eden" free="1750384" total="2097152" percent="83" />
    <remembered-set count="6880" freebytes="1481600" totalbytes="1509120" percent="98" regionsoverflowed="0" regionsstable="0" regionsrebuilding="0"/>
  </mem-info>
</gc-end>
<cycle-end id="284" type="partial gc" contextid="276" timestamp="2019-08-08T12:51:44.322" />
  <attribute name="elasticGC enabled" value="1" />
  <attribute name= "numThreadsSpecified" value="16" />
  <attribute name="heapSize specified" value="0" />
  <attribute name="Current GC Util" value="121" />
  <attribute name= "Current Time Running" value="135696" />
  <attribute name ="GC Interval" value="0" />
  <attribute name="Target GC Util Change" value ="80.000000" />
  <attribute name="Current GC Util Change" value="121.000000"/>
  <attribute name="Current Error" value="-11.000000" />
  <attribute name="Output H" value="37824408"/>
  <attribute name="Output I" value="1992"/>
  <attribute name="Output T" value="16"/>
  <attribute name= "Current Time Running" value="135696" />
  <attribute name="GC Util currently" value="121" />
  <attribute name="CPU Util currently" value="1700732559824" />
<exclusive-end id="285" timestamp="2019-08-08T12:51:44.323" durationms="14.231" />

<exclusive-start id="286" timestamp="2019-08-08T12:51:48.516" intervalms="4208.153">
  <response-info timems="0.022" idlems="0.022" threads="0" lastid="0000000001BBD200" lastname="node-8" />
</exclusive-start>
<allocation-taxation id="287" taxation-threshold="8388608" timestamp="2019-08-08T12:51:48.517" intervalms="4208.153" />
<cycle-start id="288" type="global mark phase" contextid="0" timestamp="2019-08-08T12:51:48.517" intervalms="17223.704" />
<gc-start id="289" type="global mark phase" contextid="288" timestamp="2019-08-08T12:51:48.517">
  <mem-info id="290" free="14680064" total="37748736" percent="38">
    <remembered-set count="6400" freebytes="1483520" totalbytes="1509120" percent="98" regionsoverflowed="0" regionsstable="0" regionsrebuilding="0"/>
  </mem-info>
</gc-start>
<gc-op id="291" type="mark increment" timems="5.552" contextid="288" timestamp="2019-08-08T12:51:48.522">
  <trace-info objectcount="121257" scancount="104728" scanbytes="4114588" />
</gc-op>
<gc-end id="292" type="global mark phase" contextid="288" durationms="5.608" usertimems="10.603" systemtimems="5.530" timestamp="2019-08-08T12:51:48.522" activeThreads="16">
  <mem-info id="293" free="14680064" total="37748736" percent="38">
    <remembered-set count="6400" freebytes="1483520" totalbytes="1509120" percent="98" regionsoverflowed="0" regionsstable="0" regionsrebuilding="0"/>
  </mem-info>
</gc-end>
<concurrent-start id="294" type="GMP work packet processing" contextid="288" timestamp="2019-08-08T12:51:48.522">
  <concurrent-mark-start scanTarget="21524908" />
</concurrent-start>
<exclusive-end id="295" timestamp="2019-08-08T12:51:48.522" durationms="5.989" />

<concurrent-end id="296" type="GMP work packet processing" contextid="288" timestamp="2019-08-08T12:51:48.526">
  <concurrent-mark-end bytesScanned="1164308" reasonForTermination="Completed all work in GC phase" />
</concurrent-end>

<exclusive-start id="297" timestamp="2019-08-08T12:51:52.697" intervalms="4180.269">
  <response-info timems="0.025" idlems="0.025" threads="0" lastid="0000000001BB9600" lastname="node-23" />
</exclusive-start>
<allocation-taxation id="298" taxation-threshold="8388608" timestamp="2019-08-08T12:51:52.697" intervalms="4180.293" />
<cycle-start id="299" type="partial gc" contextid="0" timestamp="2019-08-08T12:51:52.697" intervalms="8388.449" />
<gc-start id="300" type="partial gc" contextid="299" timestamp="2019-08-08T12:51:52.697">
  <mem-info id="301" free="6291456" total="37748736" percent="16">
    <mem type="eden" free="0" total="16777216" percent="0" />
    <remembered-set count="6400" freebytes="1483520" totalbytes="1509120" percent="98" regionsoverflowed="0" regionsstable="0" regionsrebuilding="0"/>
  </mem-info>
</gc-start>
<allocation-stats totalBytes="16767520" >
  <allocated-bytes non-tlh="0" tlh="16767520" arrayletleaf="0"/>
  <largest-consumer threadName="node-9" threadId="0000000001BE6500" bytes="430056" />
</allocation-stats>
<gc-op id="302" type="copy forward" timems="11.353" contextid="299" timestamp="2019-08-08T12:51:52.709">
  <memory-copied type="eden" objects="14028" bytes="343872" bytesdiscarded="17552" />
  <memory-copied type="other" objects="13256" bytes="318144" bytesdiscarded="24296" />
  <memory-cardclean objects="2004" bytes="206120" />
  <regions eden="8" other="1" />
  <remembered-set-cleared processed="2321" cleared="380" durationms="0.084" />
  <stringconstants candidates="3837" cleared="0"  />
</gc-op>
<gc-op id="303" type="classunload" timems="0.004" contextid="299" timestamp="2019-08-08T12:51:52.709">
  <classunload-info classloadercandidates="6" classloadersunloaded="0" classesunloaded="0" anonymousclassesunloaded="0" quiescems="0.000" setupms="0.003" scanms="0.000" postms="0.000" />
</gc-op>
<gc-end id="304" type="partial gc" contextid="299" durationms="12.278" usertimems="12.051" systemtimems="14.370" timestamp="2019-08-08T12:51:52.709" activeThreads="16">
  <mem-info id="305" free="18874368" total="37748736" percent="50">
    <mem type="eden" free="3832880" total="4194304" percent="91" />
    <remembered-set count="8000" freebytes="1477120" totalbytes="1509120" percent="97" regionsoverflowed="0" regionsstable="0" regionsrebuilding="0"/>
  </mem-info>
</gc-end>
<cycle-end id="306" type="partial gc" contextid="299" timestamp="2019-08-08T12:51:52.709" />
  <attribute name="elasticGC enabled" value="1" />
  <attribute name= "numThreadsSpecified" value="16" />
  <attribute name="heapSize specified" value="0" />
  <attribute name="Current GC Util" value="140" />
  <attribute name= "Current Time Running" value="144082" />
  <attribute name ="GC Interval" value="0" />
  <attribute name="Target GC Util Change" value ="80.000000" />
  <attribute name="Current GC Util Change" value="140.000000"/>
  <attribute name="Current Error" value="-325.000000" />
  <attribute name="Output H" value="37824048"/>
  <attribute name="Output I" value="1432"/>
  <attribute name="Output T" value="16"/>
  <attribute name= "Current Time Running" value="144082" />
  <attribute name="GC Util currently" value="140" />
  <attribute name="CPU Util currently" value="2195677096899" />
<exclusive-end id="307" timestamp="2019-08-08T12:51:52.710" durationms="12.793" />

===== DaCapo 9.12-MR1 avrora PASSED in 143968 msec =====
<exclusive-start id="308" timestamp="2019-08-08T12:51:53.217" intervalms="520.463">
  <response-info timems="0.019" idlems="0.019" threads="0" lastid="00000000018B4F00" lastname="main" />
</exclusive-start>
<allocation-taxation id="309" taxation-threshold="8388608" timestamp="2019-08-08T12:51:53.217" intervalms="520.443" />
<gc-start id="310" type="global mark phase" contextid="288" timestamp="2019-08-08T12:51:53.217">
  <mem-info id="311" free="10485760" total="37748736" percent="27">
    <remembered-set count="8000" freebytes="1477120" totalbytes="1509120" percent="97" regionsoverflowed="0" regionsstable="0" regionsrebuilding="0"/>
  </mem-info>
</gc-start>
<gc-op id="312" type="mark increment" timems="9.688" contextid="288" timestamp="2019-08-08T12:51:53.227">
  <trace-info objectcount="7335" scancount="7222" scanbytes="262656" />
  <cardclean-info objects="2210" bytes="141000" />
  <finalization candidates="14" enqueued="1" />
  <references type="soft" candidates="67" cleared="0" enqueued="0" dynamicThreshold="16" maxThreshold="32" />
  <references type="weak" candidates="159" cleared="15" enqueued="15" />
  <references type="phantom" candidates="72" cleared="11" enqueued="11" />
  <stringconstants candidates="3849" cleared="0"  />
</gc-op>
<gc-op id="313" type="classunload" timems="0.003" contextid="288" timestamp="2019-08-08T12:51:53.227">
  <classunload-info classloadercandidates="6" classloadersunloaded="0" classesunloaded="0" anonymousclassesunloaded="0" quiescems="0.000" setupms="0.003" scanms="0.000" postms="0.000" />
</gc-op>
<gc-end id="314" type="global mark phase" contextid="288" durationms="9.860" usertimems="6.429" systemtimems="11.384" timestamp="2019-08-08T12:51:53.227" activeThreads="16">
  <mem-info id="315" free="10485760" total="37748736" percent="27">
    <pending-finalizers system="1" default="0" reference="26" classloader="0" />
    <remembered-set count="8000" freebytes="1477120" totalbytes="1509120" percent="97" regionsoverflowed="0" regionsstable="0" regionsrebuilding="0"/>
  </mem-info>
</gc-end>
<cycle-end id="316" type="global mark phase" contextid="288" timestamp="2019-08-08T12:51:53.227" />
  <attribute name="elasticGC enabled" value="1" />
  <attribute name= "numThreadsSpecified" value="16" />
  <attribute name="heapSize specified" value="0" />
  <attribute name="Current GC Util" value="106" />
  <attribute name= "Current Time Running" value="144606" />
  <attribute name ="GC Interval" value="0" />
  <attribute name="Target GC Util Change" value ="80.000000" />
  <attribute name="Current GC Util Change" value="106.000000"/>
  <attribute name="Current Error" value="-269.000000" />
  <attribute name="Output H" value="37824112"/>
  <attribute name="Output I" value="1528"/>
  <attribute name="Output T" value="16"/>
  <attribute name= "Current Time Running" value="144606" />
  <attribute name="GC Util currently" value="106" />
  <attribute name="CPU Util currently" value="926907223050" />
<exclusive-end id="317" timestamp="2019-08-08T12:51:53.228" durationms="10.370" />

WARNING: An illegal reflective access operation has occurred
WARNING: Illegal reflective access by com.google.common.base.internal.Finalizer (file:/./scratch/jar/guava-r07.jar) to field java.lang.Thread.inheritableThreadLocals
WARNING: Please consider reporting this to the maintainers of com.google.common.base.internal.Finalizer
WARNING: Use --illegal-access=warn to enable warnings of further illegal reflective access operations
WARNING: All illegal access operations will be denied in a future release
<exclusive-start id="318" timestamp="2019-08-08T12:51:53.498" intervalms="280.328">
  <response-info timems="0.078" idlems="0.078" threads="0" lastid="00000000018B4F00" lastname="main" />
</exclusive-start>
<allocation-taxation id="319" taxation-threshold="8388608" timestamp="2019-08-08T12:51:53.498" intervalms="280.319" />
<cycle-start id="320" type="partial gc" contextid="0" timestamp="2019-08-08T12:51:53.498" intervalms="800.778" />
<gc-start id="321" type="partial gc" contextid="320" timestamp="2019-08-08T12:51:53.498">
  <mem-info id="322" free="2097152" total="37748736" percent="5">
    <mem type="eden" free="2081008" total="18874368" percent="11" />
    <remembered-set count="8000" freebytes="1477120" totalbytes="1509120" percent="97" regionsoverflowed="0" regionsstable="0" regionsrebuilding="0"/>
  </mem-info>
</gc-start>
<allocation-stats totalBytes="16721408" >
  <allocated-bytes non-tlh="701128" tlh="16020280" arrayletleaf="0"/>
  <largest-consumer threadName="main" threadId="00000000018B4F00" bytes="8374176" />
</allocation-stats>
<gc-op id="323" type="sweep" timems="3.320" contextid="320" timestamp="2019-08-08T12:51:53.502" />
<gc-op id="324" type="copy forward" timems="11.655" contextid="320" timestamp="2019-08-08T12:51:53.514">
  <memory-copied type="eden" objects="14957" bytes="1153808" bytesdiscarded="119166" />
  <memory-copied type="other" objects="7149" bytes="174560" bytesdiscarded="4418" />
  <memory-cardclean objects="1736" bytes="149624" />
  <regions eden="4" other="4" />
  <remembered-set-cleared processed="2434" cleared="552" durationms="0.156" />
  <finalization candidates="50" enqueued="1" />
  <ownableSynchronizers candidates="17" cleared="0" />
  <references type="soft" candidates="43" cleared="0" enqueued="0" dynamicThreshold="8" maxThreshold="32" />
  <references type="weak" candidates="1338" cleared="0" enqueued="0" />
  <references type="phantom" candidates="37" cleared="0" enqueued="0" />
  <stringconstants candidates="5422" cleared="0"  />
</gc-op>
<gc-op id="325" type="classunload" timems="0.005" contextid="320" timestamp="2019-08-08T12:51:53.514">
  <classunload-info classloadercandidates="8" classloadersunloaded="0" classesunloaded="0" anonymousclassesunloaded="0" quiescems="0.000" setupms="0.005" scanms="0.000" postms="0.000" />
</gc-op>
<gc-end id="326" type="partial gc" contextid="320" durationms="16.337" usertimems="33.925" systemtimems="0.000" timestamp="2019-08-08T12:51:53.514" activeThreads="16">
  <mem-info id="327" free="23068672" total="37748736" percent="61">
    <mem type="eden" free="809464" total="2097152" percent="38" />
    <pending-finalizers system="1" default="0" reference="0" classloader="0" />
    <remembered-set count="9088" freebytes="1472768" totalbytes="1509120" percent="97" regionsoverflowed="0" regionsstable="0" regionsrebuilding="0"/>
  </mem-info>
</gc-end>
<cycle-end id="328" type="partial gc" contextid="320" timestamp="2019-08-08T12:51:53.515" />
  <attribute name="elasticGC enabled" value="1" />
  <attribute name= "numThreadsSpecified" value="16" />
  <attribute name="heapSize specified" value="0" />
  <attribute name="Current GC Util" value="127" />
  <attribute name= "Current Time Running" value="144887" />
  <attribute name ="GC Interval" value="0" />
  <attribute name="Target GC Util Change" value ="80.000000" />
  <attribute name="Current GC Util Change" value="127.000000"/>
  <attribute name="Current Error" value="9.000000" />
  <attribute name="Output H" value="37824432"/>
  <attribute name="Output I" value="2024"/>
  <attribute name="Output T" value="16"/>
  <attribute name= "Current Time Running" value="144887" />
  <attribute name="GC Util currently" value="127" />
  <attribute name="CPU Util currently" value="2192170205143" />
<exclusive-end id="329" timestamp="2019-08-08T12:51:53.517" durationms="19.477" />

<exclusive-start id="330" timestamp="2019-08-08T12:51:54.940" intervalms="1442.479">
  <response-info timems="0.046" idlems="0.046" threads="0" lastid="00000000018B4F00" lastname="main" />
</exclusive-start>
<allocation-taxation id="331" taxation-threshold="8388608" timestamp="2019-08-08T12:51:54.940" intervalms="1442.474" />
<cycle-start id="332" type="global mark phase" contextid="0" timestamp="2019-08-08T12:51:54.940" intervalms="6423.507" />
<gc-start id="333" type="global mark phase" contextid="332" timestamp="2019-08-08T12:51:54.940">
  <mem-info id="334" free="14680064" total="37748736" percent="38">
    <remembered-set count="8800" freebytes="1473920" totalbytes="1509120" percent="97" regionsoverflowed="0" regionsstable="0" regionsrebuilding="0"/>
  </mem-info>
</gc-start>
<gc-op id="335" type="mark increment" timems="4.691" contextid="332" timestamp="2019-08-08T12:51:54.945">
  <trace-info objectcount="4152" scancount="773" scanbytes="49684" />
</gc-op>
<gc-end id="336" type="global mark phase" contextid="332" durationms="4.731" usertimems="6.204" systemtimems="0.000" timestamp="2019-08-08T12:51:54.945" activeThreads="16">
  <mem-info id="337" free="14680064" total="37748736" percent="38">
    <remembered-set count="8800" freebytes="1473920" totalbytes="1509120" percent="97" regionsoverflowed="0" regionsstable="0" regionsrebuilding="0"/>
  </mem-info>
</gc-end>
<concurrent-start id="338" type="GMP work packet processing" contextid="332" timestamp="2019-08-08T12:51:54.945">
  <concurrent-mark-start scanTarget="14132824" />
</concurrent-start>
<exclusive-end id="339" timestamp="2019-08-08T12:51:54.945" durationms="4.970" />

<concurrent-end id="340" type="GMP work packet processing" contextid="332" timestamp="2019-08-08T12:51:54.952">
  <concurrent-mark-end bytesScanned="1250172" reasonForTermination="Completed all work in GC phase" />
</concurrent-end>

<exclusive-start id="341" timestamp="2019-08-08T12:51:55.163" intervalms="222.973">
  <response-info timems="0.017" idlems="0.017" threads="0" lastid="00000000018B4F00" lastname="main" />
</exclusive-start>
<allocation-taxation id="342" taxation-threshold="8388608" timestamp="2019-08-08T12:51:55.163" intervalms="222.971" />
<cycle-start id="343" type="partial gc" contextid="0" timestamp="2019-08-08T12:51:55.163" intervalms="1665.429" />
<gc-start id="344" type="partial gc" contextid="343" timestamp="2019-08-08T12:51:55.163">
  <mem-info id="345" free="6291456" total="37748736" percent="16">
    <mem type="eden" free="0" total="16777216" percent="0" />
    <remembered-set count="8800" freebytes="1473920" totalbytes="1509120" percent="97" regionsoverflowed="0" regionsstable="0" regionsrebuilding="0"/>
  </mem-info>
</gc-start>
<allocation-stats totalBytes="16748352" >
  <allocated-bytes non-tlh="1712336" tlh="15036016" arrayletleaf="0"/>
  <largest-consumer threadName="main" threadId="00000000018B4F00" bytes="8317616" />
</allocation-stats>
<gc-op id="346" type="copy forward" timems="15.285" contextid="343" timestamp="2019-08-08T12:51:55.179">
  <memory-copied type="eden" objects="30424" bytes="2111032" bytesdiscarded="126688" />
  <memory-copied type="other" objects="15110" bytes="1158280" bytesdiscarded="106304" />
  <memory-cardclean objects="758" bytes="77080" />
  <regions eden="8" other="1" />
  <remembered-set-cleared processed="2827" cleared="634" durationms="0.524" />
  <finalization candidates="67" enqueued="0" />
  <ownableSynchronizers candidates="21" cleared="0" />
  <references type="soft" candidates="960" cleared="0" enqueued="0" dynamicThreshold="12" maxThreshold="32" />
  <references type="weak" candidates="3501" cleared="0" enqueued="0" />
  <references type="phantom" candidates="56" cleared="0" enqueued="0" />
  <stringconstants candidates="8195" cleared="0"  />
  <heap-resize type="expand" space="default" amount="2097152" count="1" timems="0.073" reason="continue current collection" />
</gc-op>
<gc-op id="347" type="classunload" timems="0.009" contextid="343" timestamp="2019-08-08T12:51:55.179">
  <classunload-info classloadercandidates="12" classloadersunloaded="0" classesunloaded="0" anonymousclassesunloaded="0" quiescems="0.000" setupms="0.009" scanms="0.000" postms="0.000" />
</gc-op>
<heap-resize id="348" type="contract" space="default" amount="2097152" count="1" timems="0.157" reason="insufficient time being spent in gc" timestamp="2019-08-08T12:51:55.180" />
<gc-end id="349" type="partial gc" contextid="343" durationms="16.512" usertimems="38.859" systemtimems="0.000" timestamp="2019-08-08T12:51:55.180" activeThreads="16">
  <mem-info id="350" free="16777216" total="37748736" percent="44">
    <mem type="eden" free="4050872" total="6291456" percent="64" />
    <remembered-set count="13600" freebytes="1538560" totalbytes="1592960" percent="96" regionsoverflowed="0" regionsstable="0" regionsrebuilding="0"/>
  </mem-info>
</gc-end>
<cycle-end id="351" type="partial gc" contextid="343" timestamp="2019-08-08T12:51:55.180" />
  <attribute name="elasticGC enabled" value="1" />
  <attribute name= "numThreadsSpecified" value="16" />
  <attribute name="heapSize specified" value="0" />
  <attribute name="Current GC Util" value="124" />
  <attribute name= "Current Time Running" value="146549" />
  <attribute name ="GC Interval" value="0" />
  <attribute name="Target GC Util Change" value ="80.000000" />
  <attribute name="Current GC Util Change" value="124.000000"/>
  <attribute name="Current Error" value="-73.000000" />
  <attribute name="Output H" value="37824336"/>
  <attribute name="Output I" value="1880"/>
  <attribute name="Output T" value="16"/>
  <attribute name= "Current Time Running" value="146549" />
  <attribute name="GC Util currently" value="124" />
  <attribute name="CPU Util currently" value="2017201618720" />
<exclusive-end id="352" timestamp="2019-08-08T12:51:55.180" durationms="17.141" />

<exclusive-start id="353" timestamp="2019-08-08T12:51:55.326" intervalms="162.787">
  <response-info timems="0.019" idlems="0.019" threads="0" lastid="00000000018B4F00" lastname="main" />
</exclusive-start>
<allocation-taxation id="354" taxation-threshold="8388608" timestamp="2019-08-08T12:51:55.326" intervalms="162.789" />
<gc-start id="355" type="global mark phase" contextid="332" timestamp="2019-08-08T12:51:55.326">
  <mem-info id="356" free="8388608" total="37748736" percent="22">
    <remembered-set count="13248" freebytes="1539968" totalbytes="1592960" percent="96" regionsoverflowed="0" regionsstable="0" regionsrebuilding="0"/>
  </mem-info>
</gc-start>
<gc-op id="357" type="mark increment" timems="7.521" contextid="332" timestamp="2019-08-08T12:51:55.333">
  <trace-info objectcount="26798" scancount="22199" scanbytes="862172" />
  <cardclean-info objects="7216" bytes="289904" />
  <finalization candidates="80" enqueued="0" />
  <ownableSynchronizers candidates="21" cleared="0" />
  <references type="soft" candidates="1026" cleared="0" enqueued="0" dynamicThreshold="14" maxThreshold="32" />
  <references type="weak" candidates="4362" cleared="688" enqueued="527" />
  <references type="phantom" candidates="111" cleared="12" enqueued="12" />
  <stringconstants candidates="8800" cleared="0"  />
</gc-op>
<gc-op id="358" type="classunload" timems="0.008" contextid="332" timestamp="2019-08-08T12:51:55.334">
  <classunload-info classloadercandidates="12" classloadersunloaded="0" classesunloaded="0" anonymousclassesunloaded="0" quiescems="0.000" setupms="0.007" scanms="0.000" postms="0.000" />
</gc-op>
<gc-end id="359" type="global mark phase" contextid="332" durationms="7.668" usertimems="18.816" systemtimems="0.000" timestamp="2019-08-08T12:51:55.334" activeThreads="16">
  <mem-info id="360" free="8388608" total="37748736" percent="22">
    <pending-finalizers system="0" default="0" reference="539" classloader="0" />
    <remembered-set count="13248" freebytes="1539968" totalbytes="1592960" percent="96" regionsoverflowed="0" regionsstable="0" regionsrebuilding="0"/>
  </mem-info>
</gc-end>
<cycle-end id="361" type="global mark phase" contextid="332" timestamp="2019-08-08T12:51:55.334" />
  <attribute name="elasticGC enabled" value="1" />
  <attribute name= "numThreadsSpecified" value="16" />
  <attribute name="heapSize specified" value="0" />
  <attribute name="Current GC Util" value="296" />
  <attribute name= "Current Time Running" value="146713" />
  <attribute name ="GC Interval" value="0" />
  <attribute name="Target GC Util Change" value ="80.000000" />
  <attribute name="Current GC Util Change" value="296.000000"/>
  <attribute name="Current Error" value="-348.000000" />
  <attribute name="Output H" value="37824016"/>
  <attribute name="Output I" value="1392"/>
  <attribute name="Output T" value="16"/>
  <attribute name= "Current Time Running" value="146713" />
  <attribute name="GC Util currently" value="296" />
  <attribute name="CPU Util currently" value="834167677594" />
<exclusive-end id="362" timestamp="2019-08-08T12:51:55.334" durationms="7.950" />

<exclusive-start id="363" timestamp="2019-08-08T12:51:55.469" intervalms="143.193">
  <response-info timems="0.023" idlems="0.023" threads="0" lastid="00000000018B4F00" lastname="main" />
</exclusive-start>
<allocation-taxation id="364" taxation-threshold="8388608" timestamp="2019-08-08T12:51:55.469" intervalms="143.186" />
<cycle-start id="365" type="partial gc" contextid="0" timestamp="2019-08-08T12:51:55.469" intervalms="305.977" />
<gc-start id="366" type="partial gc" contextid="365" timestamp="2019-08-08T12:51:55.469">
  <mem-info id="367" free="0" total="37748736" percent="0">
    <mem type="eden" free="0" total="16777216" percent="0" />
    <remembered-set count="13248" freebytes="1539968" totalbytes="1592960" percent="96" regionsoverflowed="0" regionsstable="0" regionsrebuilding="0"/>
  </mem-info>
</gc-start>
<allocation-stats totalBytes="16737720" >
  <allocated-bytes non-tlh="152216" tlh="16585504" arrayletleaf="0"/>
  <largest-consumer threadName="main" threadId="00000000018B4F00" bytes="8332912" />
</allocation-stats>
<gc-op id="368" type="sweep" timems="7.397" contextid="365" timestamp="2019-08-08T12:51:55.477" />
<gc-op id="369" type="copy forward" timems="9.750" contextid="365" timestamp="2019-08-08T12:51:55.488">
  <memory-copied type="eden" objects="1466" bytes="74824" bytesdiscarded="24246" />
  <memory-copied type="other" objects="30185" bytes="1802320" bytesdiscarded="284690" />
  <memory-cardclean objects="1686" bytes="98376" />
  <memory-traced type="eden" objects="933" bytes="34360" />
  <memory-traced type="other" objects="0" bytes="0" />
  <regions eden="4" other="7" evacuated="10" marked="1" />
  <remembered-set-cleared processed="3800" cleared="1844" durationms="0.163" />
  <finalization candidates="18" enqueued="0" />
  <ownableSynchronizers candidates="4" cleared="0" />
  <references type="soft" candidates="990" cleared="0" enqueued="0" dynamicThreshold="7" maxThreshold="32" />
  <references type="weak" candidates="2831" cleared="0" enqueued="0" />
  <references type="phantom" candidates="10" cleared="0" enqueued="0" />
  <stringconstants candidates="9197" cleared="0"  />
  <heap-resize type="expand" space="default" amount="2097152" count="1" timems="0.051" reason="continue current collection" />
</gc-op>
<gc-op id="370" type="classunload" timems="0.007" contextid="365" timestamp="2019-08-08T12:51:55.488">
  <classunload-info classloadercandidates="13" classloadersunloaded="0" classesunloaded="0" anonymousclassesunloaded="0" quiescems="0.000" setupms="0.007" scanms="0.000" postms="0.000" />
</gc-op>
<gc-op id="371" type="compact" timems="4.354" contextid="365" timestamp="2019-08-08T12:51:55.492">
  <compact-info movecount="1300" movebytes="90648" />
  <remembered-set-cleared processed="10243" cleared="2609" durationms="0.163" />
</gc-op>
<gc-end id="372" type="partial gc" contextid="365" durationms="23.365" usertimems="49.457" systemtimems="0.000" timestamp="2019-08-08T12:51:55.493" activeThreads="16">
  <mem-info id="373" free="20971520" total="39845888" percent="52">
    <mem type="eden" free="3789856" total="4194304" percent="90" />
    <remembered-set count="10560" freebytes="1550720" totalbytes="1592960" percent="97" regionsoverflowed="0" regionsstable="0" regionsrebuilding="0"/>
  </mem-info>
</gc-end>
<cycle-end id="374" type="partial gc" contextid="365" timestamp="2019-08-08T12:51:55.493" />
  <attribute name="elasticGC enabled" value="1" />
  <attribute name= "numThreadsSpecified" value="16" />
  <attribute name="heapSize specified" value="0" />
  <attribute name="Current GC Util" value="177" />
  <attribute name= "Current Time Running" value="146873" />
  <attribute name ="GC Interval" value="0" />
  <attribute name="Target GC Util Change" value ="80.000000" />
  <attribute name="Current GC Util Change" value="177.000000"/>
  <attribute name="Current Error" value="-135.000000" />
  <attribute name="Output H" value="39921416"/>
  <attribute name="Output I" value="1768"/>
  <attribute name="Output T" value="16"/>
  <attribute name= "Current Time Running" value="146873" />
  <attribute name="GC Util currently" value="177" />
  <attribute name="CPU Util currently" value="116166804596" />
<exclusive-end id="375" timestamp="2019-08-08T12:51:55.493" durationms="23.896" />

<exclusive-start id="376" timestamp="2019-08-08T12:51:55.607" intervalms="137.617">
  <response-info timems="0.041" idlems="0.041" threads="0" lastid="00000000018B4F00" lastname="main" />
</exclusive-start>
<allocation-taxation id="377" taxation-threshold="8388608" timestamp="2019-08-08T12:51:55.607" intervalms="137.637" />
<cycle-start id="378" type="global mark phase" contextid="0" timestamp="2019-08-08T12:51:55.607" intervalms="666.748" />
<gc-start id="379" type="global mark phase" contextid="378" timestamp="2019-08-08T12:51:55.607">
  <mem-info id="380" free="12582912" total="39845888" percent="31">
    <remembered-set count="10112" freebytes="1552512" totalbytes="1592960" percent="97" regionsoverflowed="0" regionsstable="0" regionsrebuilding="0"/>
  </mem-info>
</gc-start>
<gc-op id="381" type="mark increment" timems="4.730" contextid="378" timestamp="2019-08-08T12:51:55.612">
  <trace-info objectcount="49017" scancount="33544" scanbytes="1178720" />
</gc-op>
<gc-end id="382" type="global mark phase" contextid="378" durationms="4.776" usertimems="15.811" systemtimems="0.000" timestamp="2019-08-08T12:51:55.612" activeThreads="16">
  <mem-info id="383" free="12582912" total="39845888" percent="31">
    <remembered-set count="10112" freebytes="1552512" totalbytes="1592960" percent="97" regionsoverflowed="0" regionsstable="0" regionsrebuilding="0"/>
  </mem-info>
</gc-end>
<concurrent-start id="384" type="GMP work packet processing" contextid="378" timestamp="2019-08-08T12:51:55.612">
  <concurrent-mark-start scanTarget="11620252" />
</concurrent-start>
<exclusive-end id="385" timestamp="2019-08-08T12:51:55.612" durationms="5.432" />

<concurrent-end id="386" type="GMP work packet processing" contextid="378" timestamp="2019-08-08T12:51:55.614">
  <concurrent-mark-end bytesScanned="1319084" reasonForTermination="Completed all work in GC phase" />
</concurrent-end>

<exclusive-start id="387" timestamp="2019-08-08T12:51:55.734" intervalms="127.032">
  <response-info timems="0.045" idlems="0.045" threads="0" lastid="00000000018B4F00" lastname="main" />
</exclusive-start>
<allocation-taxation id="388" taxation-threshold="8388608" timestamp="2019-08-08T12:51:55.734" intervalms="127.021" />
<cycle-start id="389" type="partial gc" contextid="0" timestamp="2019-08-08T12:51:55.734" intervalms="264.646" />
<gc-start id="390" type="partial gc" contextid="389" timestamp="2019-08-08T12:51:55.734">
  <mem-info id="391" free="4194304" total="39845888" percent="10">
    <mem type="eden" free="2006464" total="18874368" percent="10" />
    <remembered-set count="10112" freebytes="1552512" totalbytes="1592960" percent="97" regionsoverflowed="0" regionsstable="0" regionsrebuilding="0"/>
  </mem-info>
</gc-start>
<allocation-stats totalBytes="16773984" >
  <allocated-bytes non-tlh="665488" tlh="16108496" arrayletleaf="0"/>
  <largest-consumer threadName="main" threadId="00000000018B4F00" bytes="8386912" />
</allocation-stats>
<gc-op id="392" type="copy forward" timems="30.021" contextid="389" timestamp="2019-08-08T12:51:55.765">
  <memory-copied type="eden" objects="12805" bytes="842768" bytesdiscarded="309688" />
  <memory-copied type="other" objects="6713" bytes="301344" bytesdiscarded="36048" />
  <memory-cardclean objects="1014" bytes="67744" />
  <regions eden="8" other="2" />
  <remembered-set-cleared processed="5900" cleared="1240" durationms="0.791" />
  <references type="soft" candidates="297" cleared="0" enqueued="0" dynamicThreshold="10" maxThreshold="32" />
  <references type="weak" candidates="1389" cleared="0" enqueued="0" />
  <references type="phantom" candidates="1" cleared="0" enqueued="0" />
  <stringconstants candidates="9701" cleared="0"  />
</gc-op>
<gc-op id="393" type="classunload" timems="0.006" contextid="389" timestamp="2019-08-08T12:51:55.765">
  <classunload-info classloadercandidates="15" classloadersunloaded="0" classesunloaded="0" anonymousclassesunloaded="0" quiescems="0.000" setupms="0.006" scanms="0.000" postms="0.000" />
</gc-op>
<gc-op id="394" type="compact" timems="5.407" contextid="389" timestamp="2019-08-08T12:51:55.771">
  <compact-info movecount="4315" movebytes="236096" />
  <remembered-set-cleared processed="12409" cleared="1801" durationms="0.791" />
</gc-op>
<gc-end id="395" type="partial gc" contextid="389" durationms="37.100" usertimems="93.247" systemtimems="0.000" timestamp="2019-08-08T12:51:55.771" activeThreads="16">
  <mem-info id="396" free="23068672" total="39845888" percent="57">
    <mem type="eden" free="944352" total="2097152" percent="45" />
    <remembered-set count="12096" freebytes="1544576" totalbytes="1592960" percent="96" regionsoverflowed="0" regionsstable="0" regionsrebuilding="0"/>
  </mem-info>
</gc-end>
<cycle-end id="397" type="partial gc" contextid="389" timestamp="2019-08-08T12:51:55.771" />
  <attribute name="elasticGC enabled" value="1" />
  <attribute name= "numThreadsSpecified" value="16" />
  <attribute name="heapSize specified" value="0" />
  <attribute name="Current GC Util" value="231" />
  <attribute name= "Current Time Running" value="147150" />
  <attribute name ="GC Interval" value="0" />
  <attribute name="Target GC Util Change" value ="80.000000" />
  <attribute name="Current GC Util Change" value="231.000000"/>
  <attribute name="Current Error" value="-416.000000" />
  <attribute name="Output H" value="39921088"/>
  <attribute name="Output I" value="1272"/>
  <attribute name="Output T" value="16"/>
  <attribute name= "Current Time Running" value="147150" />
  <attribute name="GC Util currently" value="231" />
  <attribute name="CPU Util currently" value="38178371577" />
<exclusive-end id="398" timestamp="2019-08-08T12:51:55.771" durationms="37.645" />

<exclusive-start id="399" timestamp="2019-08-08T12:51:55.837" intervalms="103.766">
  <response-info timems="0.071" idlems="0.071" threads="0" lastid="00000000018B4F00" lastname="main" />
</exclusive-start>
<allocation-taxation id="400" taxation-threshold="8388608" timestamp="2019-08-08T12:51:55.837" intervalms="103.762" />
<gc-start id="401" type="global mark phase" contextid="378" timestamp="2019-08-08T12:51:55.837">
  <mem-info id="402" free="14680064" total="39845888" percent="36">
    <remembered-set count="11648" freebytes="1546368" totalbytes="1592960" percent="97" regionsoverflowed="0" regionsstable="0" regionsrebuilding="0"/>
  </mem-info>
</gc-start>
<gc-op id="403" type="mark increment" timems="9.229" contextid="378" timestamp="2019-08-08T12:51:55.847">
  <trace-info objectcount="12562" scancount="10209" scanbytes="344604" />
  <cardclean-info objects="3514" bytes="166836" />
  <finalization candidates="80" enqueued="0" />
  <ownableSynchronizers candidates="21" cleared="0" />
  <references type="soft" candidates="1406" cleared="0" enqueued="0" dynamicThreshold="18" maxThreshold="32" />
  <references type="weak" candidates="4345" cleared="19" enqueued="18" />
  <references type="phantom" candidates="98" cleared="0" enqueued="0" />
  <stringconstants candidates="9954" cleared="0"  />
</gc-op>
<gc-op id="404" type="classunload" timems="0.005" contextid="378" timestamp="2019-08-08T12:51:55.847">
  <classunload-info classloadercandidates="17" classloadersunloaded="0" classesunloaded="0" anonymousclassesunloaded="0" quiescems="0.000" setupms="0.005" scanms="0.000" postms="0.000" />
</gc-op>
<gc-end id="405" type="global mark phase" contextid="378" durationms="9.406" usertimems="19.524" systemtimems="0.000" timestamp="2019-08-08T12:51:55.847" activeThreads="16">
  <mem-info id="406" free="14680064" total="39845888" percent="36">
    <pending-finalizers system="0" default="0" reference="18" classloader="0" />
    <remembered-set count="11648" freebytes="1546368" totalbytes="1592960" percent="97" regionsoverflowed="0" regionsstable="0" regionsrebuilding="0"/>
  </mem-info>
</gc-end>
<cycle-end id="407" type="global mark phase" contextid="378" timestamp="2019-08-08T12:51:55.847" />
  <attribute name="elasticGC enabled" value="1" />
  <attribute name= "numThreadsSpecified" value="16" />
  <attribute name="heapSize specified" value="0" />
  <attribute name="Current GC Util" value="189" />
  <attribute name= "Current Time Running" value="147225" />
  <attribute name ="GC Interval" value="0" />
  <attribute name="Target GC Util Change" value ="80.000000" />
  <attribute name="Current GC Util Change" value="189.000000"/>
  <attribute name="Current Error" value="-216.000000" />
  <attribute name="Output H" value="39921320"/>
  <attribute name="Output I" value="1624"/>
  <attribute name="Output T" value="16"/>
  <attribute name= "Current Time Running" value="147225" />
  <attribute name="GC Util currently" value="189" />
  <attribute name="CPU Util currently" value="788293824456" />
<exclusive-end id="408" timestamp="2019-08-08T12:51:55.847" durationms="9.714" />

<exclusive-start id="409" timestamp="2019-08-08T12:51:55.887" intervalms="50.070">
  <response-info timems="0.041" idlems="0.041" threads="0" lastid="00000000018B4F00" lastname="main" />
</exclusive-start>
<sys-start reason="explicit" id="410" timestamp="2019-08-08T12:51:55.887" intervalms="147092.451" />
<cycle-start id="411" type="global garbage collect" contextid="0" timestamp="2019-08-08T12:51:55.888" intervalms="147092.431" />
<gc-start id="412" type="global garbage collect" contextid="411" timestamp="2019-08-08T12:51:55.888">
  <mem-info id="413" free="13420552" total="39845888" percent="33">
    <mem type="eden" free="837640" total="10485760" percent="7" />
    <remembered-set count="11648" freebytes="1546368" totalbytes="1592960" percent="97" regionsoverflowed="0" regionsstable="0" regionsrebuilding="0"/>
  </mem-info>
</gc-start>
<allocation-stats totalBytes="9643800" >
  <allocated-bytes non-tlh="433664" tlh="9210136" arrayletleaf="0"/>
  <largest-consumer threadName="main" threadId="00000000018B4F00" bytes="1257376" />
</allocation-stats>
<gc-op id="414" type="global mark" timems="9.486" contextid="411" timestamp="2019-08-08T12:51:55.897">
  <trace-info objectcount="75635" scancount="61315" scanbytes="2117824" />
  <finalization candidates="80" enqueued="0" />
  <ownableSynchronizers candidates="21" cleared="0" />
  <references type="soft" candidates="1641" cleared="0" enqueued="0" dynamicThreshold="11" maxThreshold="32" />
  <references type="weak" candidates="4496" cleared="16" enqueued="14" />
  <references type="phantom" candidates="98" cleared="1" enqueued="1" />
  <stringconstants candidates="10077" cleared="1394"  />
</gc-op>
<gc-op id="415" type="classunload" timems="4.323" contextid="411" timestamp="2019-08-08T12:51:55.902">
  <classunload-info classloadercandidates="18" classloadersunloaded="2" classesunloaded="509" anonymousclassesunloaded="0" quiescems="0.000" setupms="1.701" scanms="2.606" postms="0.015" />
</gc-op>
<gc-op id="416" type="sweep" timems="1.606" contextid="411" timestamp="2019-08-08T12:51:55.904" />
<gc-op id="417" type="compact" timems="11.841" contextid="411" timestamp="2019-08-08T12:51:55.916">
  <compact-info movecount="75317" movebytes="4513424" />
  <remembered-set-cleared processed="16957" cleared="16957" durationms="0.114" />
</gc-op>
<gc-end id="418" type="global garbage collect" contextid="411" durationms="28.120" usertimems="75.374" systemtimems="0.000" timestamp="2019-08-08T12:51:55.916" activeThreads="16">
  <mem-info id="419" free="20971520" total="39845888" percent="52">
    <pending-finalizers system="0" default="0" reference="15" classloader="0" />
    <remembered-set count="10752" freebytes="1549952" totalbytes="1592960" percent="97" regionsoverflowed="0" regionsstable="0" regionsrebuilding="0"/>
  </mem-info>
</gc-end>
<cycle-end id="420" type="global garbage collect" contextid="411" timestamp="2019-08-08T12:51:55.917" />
  <attribute name="elasticGC enabled" value="1" />
  <attribute name= "numThreadsSpecified" value="16" />
  <attribute name="heapSize specified" value="0" />
  <attribute name="Current GC Util" value="193" />
  <attribute name= "Current Time Running" value="147288" />
  <attribute name ="GC Interval" value="0" />
  <attribute name="Target GC Util Change" value ="80.000000" />
  <attribute name="Current GC Util Change" value="193.000000"/>
  <attribute name="Current Error" value="-377.000000" />
  <attribute name="Output H" value="39921136"/>
  <attribute name="Output I" value="1336"/>
  <attribute name="Output T" value="16"/>
  <attribute name= "Current Time Running" value="147288" />
  <attribute name="GC Util currently" value="193" />
  <attribute name="CPU Util currently" value="641271850240" />
<sys-end id="421" timestamp="2019-08-08T12:51:55.917" />
<exclusive-end id="422" timestamp="2019-08-08T12:51:55.917" durationms="29.358" />

===== DaCapo 9.12-MR1 jython starting =====
<exclusive-start id="423" timestamp="2019-08-08T12:51:56.079" intervalms="191.754">
  <response-info timems="0.022" idlems="0.022" threads="0" lastid="00000000018B4F00" lastname="main" />
</exclusive-start>
<allocation-taxation id="424" taxation-threshold="16777216" timestamp="2019-08-08T12:51:56.079" intervalms="241.816" />
<cycle-start id="425" type="partial gc" contextid="0" timestamp="2019-08-08T12:51:56.080" intervalms="346.238" />
<gc-start id="426" type="partial gc" contextid="425" timestamp="2019-08-08T12:51:56.080">
  <mem-info id="427" free="4194304" total="39845888" percent="10">
    <mem type="eden" free="0" total="16777216" percent="0" />
    <remembered-set count="10688" freebytes="1550208" totalbytes="1592960" percent="97" regionsoverflowed="0" regionsstable="0" regionsrebuilding="0"/>
  </mem-info>
</gc-start>
<allocation-stats totalBytes="16767544" >
  <allocated-bytes non-tlh="669080" tlh="16098464" arrayletleaf="0"/>
  <largest-consumer threadName="main" threadId="00000000018B4F00" bytes="16755200" />
</allocation-stats>
<gc-op id="428" type="copy forward" timems="16.145" contextid="425" timestamp="2019-08-08T12:51:56.098">
  <memory-copied type="eden" objects="12706" bytes="790672" bytesdiscarded="77376" />
  <memory-copied type="other" objects="0" bytes="0" bytesdiscarded="0" />
  <memory-cardclean objects="949" bytes="48272" />
  <regions eden="8" other="0" />
  <remembered-set-cleared processed="6076" cleared="214" durationms="0.165" />
  <references type="soft" candidates="59" cleared="0" enqueued="0" dynamicThreshold="16" maxThreshold="32" />
  <references type="weak" candidates="131" cleared="0" enqueued="0" />
  <references type="phantom" candidates="5" cleared="0" enqueued="0" />
  <stringconstants candidates="10904" cleared="0"  />
</gc-op>
<gc-op id="429" type="classunload" timems="0.007" contextid="425" timestamp="2019-08-08T12:51:56.098">
  <classunload-info classloadercandidates="17" classloadersunloaded="0" classesunloaded="0" anonymousclassesunloaded="0" quiescems="0.000" setupms="0.007" scanms="0.000" postms="0.000" />
</gc-op>
<gc-end id="430" type="partial gc" contextid="425" durationms="18.181" usertimems="42.509" systemtimems="0.000" timestamp="2019-08-08T12:51:56.098" activeThreads="16">
  <mem-info id="431" free="18874368" total="39845888" percent="47">
    <mem type="eden" free="1228784" total="2097152" percent="58" />
    <remembered-set count="12928" freebytes="1541248" totalbytes="1592960" percent="96" regionsoverflowed="0" regionsstable="0" regionsrebuilding="0"/>
  </mem-info>
</gc-end>
<cycle-end id="432" type="partial gc" contextid="425" timestamp="2019-08-08T12:51:56.099" />
  <attribute name="elasticGC enabled" value="1" />
  <attribute name= "numThreadsSpecified" value="16" />
  <attribute name="heapSize specified" value="0" />
  <attribute name="Current GC Util" value="150" />
  <attribute name= "Current Time Running" value="147467" />
  <attribute name ="GC Interval" value="0" />
  <attribute name="Target GC Util Change" value ="80.000000" />
  <attribute name="Current GC Util Change" value="150.000000"/>
  <attribute name="Current Error" value="-70.000000" />
  <attribute name="Output H" value="39921488"/>
  <attribute name="Output I" value="1888"/>
  <attribute name="Output T" value="16"/>
  <attribute name= "Current Time Running" value="147467" />
  <attribute name="GC Util currently" value="150" />
  <attribute name="CPU Util currently" value="873047056462" />
<exclusive-end id="433" timestamp="2019-08-08T12:51:56.099" durationms="19.640" />

<exclusive-start id="434" timestamp="2019-08-08T12:51:56.211" intervalms="131.558">
  <response-info timems="0.036" idlems="0.036" threads="0" lastid="00000000018B4F00" lastname="main" />
</exclusive-start>
<allocation-taxation id="435" taxation-threshold="16777216" timestamp="2019-08-08T12:51:56.211" intervalms="131.582" />
<cycle-start id="436" type="partial gc" contextid="0" timestamp="2019-08-08T12:51:56.211" intervalms="130.939" />
<gc-start id="437" type="partial gc" contextid="436" timestamp="2019-08-08T12:51:56.211">
  <mem-info id="438" free="2097152" total="39845888" percent="5">
    <mem type="eden" free="0" total="16777216" percent="0" />
    <remembered-set count="12448" freebytes="1543168" totalbytes="1592960" percent="96" regionsoverflowed="0" regionsstable="0" regionsrebuilding="0"/>
  </mem-info>
</gc-start>
<allocation-stats totalBytes="16774576" >
  <allocated-bytes non-tlh="702920" tlh="16071656" arrayletleaf="0"/>
  <largest-consumer threadName="main" threadId="00000000018B4F00" bytes="16774576" />
</allocation-stats>
<gc-op id="439" type="copy forward" timems="15.408" contextid="436" timestamp="2019-08-08T12:51:56.227">
  <memory-copied type="eden" objects="9623" bytes="783456" bytesdiscarded="88976" />
  <memory-copied type="other" objects="12676" bytes="753464" bytesdiscarded="54312" />
  <memory-cardclean objects="861" bytes="56784" />
  <regions eden="8" other="2" />
  <remembered-set-cleared processed="6575" cleared="827" durationms="0.085" />
  <references type="soft" candidates="92" cleared="0" enqueued="0" dynamicThreshold="15" maxThreshold="32" />
  <references type="weak" candidates="161" cleared="0" enqueued="0" />
  <references type="phantom" candidates="5" cleared="0" enqueued="0" />
  <stringconstants candidates="11076" cleared="0"  />
  <heap-resize type="expand" space="default" amount="6291456" count="3" timems="0.202" reason="continue current collection" />
</gc-op>
<gc-op id="440" type="classunload" timems="0.010" contextid="436" timestamp="2019-08-08T12:51:56.227">
  <classunload-info classloadercandidates="19" classloadersunloaded="0" classesunloaded="0" anonymousclassesunloaded="0" quiescems="0.000" setupms="0.009" scanms="0.000" postms="0.000" />
</gc-op>
<gc-end id="441" type="partial gc" contextid="436" durationms="16.444" usertimems="49.143" systemtimems="0.000" timestamp="2019-08-08T12:51:56.228" activeThreads="16">
  <mem-info id="442" free="20971520" total="46137344" percent="45">
    <mem type="eden" free="5418912" total="6291456" percent="86" />
    <remembered-set count="14400" freebytes="1786880" totalbytes="1844480" percent="96" regionsoverflowed="0" regionsstable="0" regionsrebuilding="0"/>
  </mem-info>
</gc-end>
<cycle-end id="443" type="partial gc" contextid="436" timestamp="2019-08-08T12:51:56.228" />
  <attribute name="elasticGC enabled" value="1" />
  <attribute name= "numThreadsSpecified" value="16" />
  <attribute name="heapSize specified" value="0" />
  <attribute name="Current GC Util" value="0" />
  <attribute name= "Current Time Running" value="147597" />
  <attribute name ="GC Interval" value="0" />
  <attribute name="Target GC Util Change" value ="80.000000" />
  <attribute name="Current GC Util Change" value="0.000000"/>
  <attribute name="Current Error" value="59.000000" />
  <attribute name="Output H" value="39921640"/>
  <attribute name="Output I" value="2120"/>
  <attribute name="Output T" value="16"/>
  <attribute name= "Current Time Running" value="147597" />
  <attribute name="GC Util currently" value="0" />
  <attribute name="CPU Util currently" value="2343260172565" />
<exclusive-end id="444" timestamp="2019-08-08T12:51:56.228" durationms="17.107" />

<exclusive-start id="445" timestamp="2019-08-08T12:51:56.308" intervalms="97.679">
  <response-info timems="0.019" idlems="0.019" threads="0" lastid="00000000018B4F00" lastname="main" />
</exclusive-start>
<allocation-taxation id="446" taxation-threshold="18874368" timestamp="2019-08-08T12:51:56.308" intervalms="97.663" />
<cycle-start id="447" type="partial gc" contextid="0" timestamp="2019-08-08T12:51:56.309" intervalms="97.674" />
<gc-start id="448" type="partial gc" contextid="447" timestamp="2019-08-08T12:51:56.309">
  <mem-info id="449" free="2097152" total="46137344" percent="4">
    <mem type="eden" free="0" total="18874368" percent="0" />
    <remembered-set count="14080" freebytes="1788160" totalbytes="1844480" percent="96" regionsoverflowed="0" regionsstable="0" regionsrebuilding="0"/>
  </mem-info>
</gc-start>
<allocation-stats totalBytes="18871696" >
  <allocated-bytes non-tlh="206296" tlh="18665400" arrayletleaf="0"/>
  <largest-consumer threadName="main" threadId="00000000018B4F00" bytes="18871696" />
</allocation-stats>
<gc-op id="450" type="copy forward" timems="12.136" contextid="447" timestamp="2019-08-08T12:51:56.322">
  <memory-copied type="eden" objects="5852" bytes="253080" bytesdiscarded="63664" />
  <memory-copied type="other" objects="1291" bytes="71736" bytesdiscarded="21712" />
  <memory-cardclean objects="386" bytes="32960" />
  <regions eden="9" other="4" />
  <remembered-set-cleared processed="7366" cleared="817" durationms="0.096" />
  <references type="soft" candidates="43" cleared="0" enqueued="0" dynamicThreshold="14" maxThreshold="32" />
  <references type="weak" candidates="86" cleared="0" enqueued="0" />
  <stringconstants candidates="11154" cleared="0"  />
  <heap-resize type="expand" space="default" amount="2097152" count="1" timems="0.067" reason="continue current collection" />
</gc-op>
<gc-op id="451" type="classunload" timems="0.009" contextid="447" timestamp="2019-08-08T12:51:56.322">
  <classunload-info classloadercandidates="20" classloadersunloaded="0" classesunloaded="0" anonymousclassesunloaded="0" quiescems="0.000" setupms="0.009" scanms="0.000" postms="0.000" />
</gc-op>
<gc-end id="452" type="partial gc" contextid="447" durationms="13.408" usertimems="22.718" systemtimems="0.000" timestamp="2019-08-08T12:51:56.322" activeThreads="16">
  <mem-info id="453" free="27262976" total="48234496" percent="56">
    <mem type="eden" free="1780344" total="2097152" percent="84" />
    <remembered-set count="15712" freebytes="1865472" totalbytes="1928320" percent="96" regionsoverflowed="0" regionsstable="0" regionsrebuilding="0"/>
  </mem-info>
</gc-end>
<cycle-end id="454" type="partial gc" contextid="447" timestamp="2019-08-08T12:51:56.322" />
  <attribute name="elasticGC enabled" value="1" />
  <attribute name= "numThreadsSpecified" value="16" />
  <attribute name="heapSize specified" value="0" />
  <attribute name="Current GC Util" value="120" />
  <attribute name= "Current Time Running" value="147694" />
  <attribute name ="GC Interval" value="0" />
  <attribute name="Target GC Util Change" value ="80.000000" />
  <attribute name="Current GC Util Change" value="120.000000"/>
  <attribute name="Current Error" value="49.000000" />
  <attribute name="Output H" value="46213080"/>
  <attribute name="Output I" value="2096"/>
  <attribute name="Output T" value="16"/>
  <attribute name= "Current Time Running" value="147694" />
  <attribute name="GC Util currently" value="120" />
  <attribute name="CPU Util currently" value="1753092825594" />
<exclusive-end id="455" timestamp="2019-08-08T12:51:56.323" durationms="14.098" />

<exclusive-start id="456" timestamp="2019-08-08T12:51:56.453" intervalms="144.853">
  <response-info timems="0.042" idlems="0.042" threads="0" lastid="00000000018B4F00" lastname="main" />
</exclusive-start>
<allocation-taxation id="457" taxation-threshold="18874368" timestamp="2019-08-08T12:51:56.453" intervalms="144.852" />
<cycle-start id="458" type="partial gc" contextid="0" timestamp="2019-08-08T12:51:56.453" intervalms="144.832" />
<gc-start id="459" type="partial gc" contextid="458" timestamp="2019-08-08T12:51:56.454">
  <mem-info id="460" free="8388608" total="48234496" percent="17">
    <mem type="eden" free="0" total="18874368" percent="0" />
    <remembered-set count="15488" freebytes="1866368" totalbytes="1928320" percent="96" regionsoverflowed="0" regionsstable="0" regionsrebuilding="0"/>
  </mem-info>
</gc-start>
<allocation-stats totalBytes="18871496" >
  <allocated-bytes non-tlh="276320" tlh="18595176" arrayletleaf="0"/>
  <largest-consumer threadName="main" threadId="00000000018B4F00" bytes="18871496" />
</allocation-stats>
<gc-op id="461" type="copy forward" timems="11.555" contextid="458" timestamp="2019-08-08T12:51:56.466">
  <memory-copied type="eden" objects="27872" bytes="1144912" bytesdiscarded="86120" />
  <memory-copied type="other" objects="1683" bytes="109776" bytesdiscarded="12472" />
  <memory-cardclean objects="1339" bytes="72200" />
  <regions eden="9" other="2" />
  <remembered-set-cleared processed="7328" cleared="1010" durationms="0.162" />
  <references type="soft" candidates="11" cleared="0" enqueued="0" dynamicThreshold="18" maxThreshold="32" />
  <references type="weak" candidates="242" cleared="0" enqueued="0" />
  <stringconstants candidates="11326" cleared="0"  />
</gc-op>
<gc-op id="462" type="classunload" timems="0.010" contextid="458" timestamp="2019-08-08T12:51:56.466">
  <classunload-info classloadercandidates="21" classloadersunloaded="0" classesunloaded="0" anonymousclassesunloaded="0" quiescems="0.000" setupms="0.010" scanms="0.000" postms="0.000" />
</gc-op>
<heap-resize id="463" type="expand" space="default" amount="4194304" count="1" timems="0.093" reason="excessive time being spent in gc" timestamp="2019-08-08T12:51:56.466" />
<gc-end id="464" type="partial gc" contextid="458" durationms="12.792" usertimems="46.410" systemtimems="0.000" timestamp="2019-08-08T12:51:56.466" activeThreads="16">
  <mem-info id="465" free="31457280" total="52428800" percent="60">
    <mem type="eden" free="866072" total="2097152" percent="41" />
    <remembered-set count="15552" freebytes="2033792" totalbytes="2096000" percent="97" regionsoverflowed="0" regionsstable="0" regionsrebuilding="0"/>
  </mem-info>
</gc-end>
<cycle-end id="466" type="partial gc" contextid="458" timestamp="2019-08-08T12:51:56.466" />
  <attribute name="elasticGC enabled" value="1" />
  <attribute name= "numThreadsSpecified" value="16" />
  <attribute name="heapSize specified" value="0" />
  <attribute name="Current GC Util" value="128" />
  <attribute name= "Current Time Running" value="147839" />
  <attribute name ="GC Interval" value="0" />
  <attribute name="Target GC Util Change" value ="80.000000" />
  <attribute name="Current GC Util Change" value="128.000000"/>
  <attribute name="Current Error" value="-48.000000" />
  <attribute name="Output H" value="48310128"/>
  <attribute name="Output I" value="1928"/>
  <attribute name="Output T" value="16"/>
  <attribute name= "Current Time Running" value="147839" />
  <attribute name="GC Util currently" value="128" />
  <attribute name="CPU Util currently" value="1893284862166" />
<exclusive-end id="467" timestamp="2019-08-08T12:51:56.467" durationms="13.321" />

<exclusive-start id="468" timestamp="2019-08-08T12:51:56.694" intervalms="241.099">
  <response-info timems="0.050" idlems="0.050" threads="0" lastid="00000000018B4F00" lastname="main" />
</exclusive-start>
<allocation-taxation id="469" taxation-threshold="20971520" timestamp="2019-08-08T12:51:56.694" intervalms="241.108" />
<cycle-start id="470" type="partial gc" contextid="0" timestamp="2019-08-08T12:51:56.695" intervalms="241.251" />
<gc-start id="471" type="partial gc" contextid="470" timestamp="2019-08-08T12:51:56.695">
  <mem-info id="472" free="10485760" total="52428800" percent="20">
    <mem type="eden" free="181760" total="20971520" percent="0" />
    <remembered-set count="15264" freebytes="2034944" totalbytes="2096000" percent="97" regionsoverflowed="0" regionsstable="0" regionsrebuilding="0"/>
  </mem-info>
</gc-start>
<allocation-stats totalBytes="20783976" >
  <allocated-bytes non-tlh="915424" tlh="19868552" arrayletleaf="0"/>
  <largest-consumer threadName="main" threadId="00000000018B4F00" bytes="20783976" />
</allocation-stats>
<gc-op id="473" type="copy forward" timems="20.526" contextid="470" timestamp="2019-08-08T12:51:56.716">
  <memory-copied type="eden" objects="6052" bytes="554928" bytesdiscarded="97016" />
  <memory-copied type="other" objects="7127" bytes="271568" bytesdiscarded="27824" />
  <memory-cardclean objects="1946" bytes="108528" />
  <regions eden="10" other="2" />
  <remembered-set-cleared processed="9623" cleared="4143" durationms="0.221" />
  <finalization candidates="1" enqueued="1" />
  <references type="soft" candidates="274" cleared="0" enqueued="0" dynamicThreshold="19" maxThreshold="32" />
  <references type="weak" candidates="1012" cleared="0" enqueued="0" />
  <references type="phantom" candidates="2" cleared="0" enqueued="0" />
  <stringconstants candidates="11779" cleared="0"  />
</gc-op>
<gc-op id="474" type="classunload" timems="0.009" contextid="470" timestamp="2019-08-08T12:51:56.716">
  <classunload-info classloadercandidates="27" classloadersunloaded="0" classesunloaded="0" anonymousclassesunloaded="0" quiescems="0.000" setupms="0.009" scanms="0.000" postms="0.000" />
</gc-op>
<gc-end id="475" type="partial gc" contextid="470" durationms="21.507" usertimems="44.063" systemtimems="0.000" timestamp="2019-08-08T12:51:56.716" activeThreads="16">
  <mem-info id="476" free="31457280" total="52428800" percent="60">
    <mem type="eden" free="1444800" total="2097152" percent="68" />
    <pending-finalizers system="0" default="1" reference="0" classloader="0" />
    <remembered-set count="16096" freebytes="2031616" totalbytes="2096000" percent="96" regionsoverflowed="0" regionsstable="0" regionsrebuilding="0"/>
  </mem-info>
</gc-end>
<cycle-end id="477" type="partial gc" contextid="470" timestamp="2019-08-08T12:51:56.717" />
  <attribute name="elasticGC enabled" value="1" />
  <attribute name= "numThreadsSpecified" value="16" />
  <attribute name="heapSize specified" value="0" />
  <attribute name="Current GC Util" value="132" />
  <attribute name= "Current Time Running" value="148080" />
  <attribute name ="GC Interval" value="0" />
  <attribute name="Target GC Util Change" value ="80.000000" />
  <attribute name="Current GC Util Change" value="132.000000"/>
  <attribute name="Current Error" value="-33.000000" />
  <attribute name="Output H" value="52504448"/>
  <attribute name="Output I" value="1952"/>
  <attribute name="Output T" value="16"/>
  <attribute name= "Current Time Running" value="148080" />
  <attribute name="GC Util currently" value="132" />
  <attribute name="CPU Util currently" value="2120256905828" />
<exclusive-end id="478" timestamp="2019-08-08T12:51:56.717" durationms="22.686" />

<exclusive-start id="479" timestamp="2019-08-08T12:51:56.805" intervalms="111.035">
  <response-info timems="0.035" idlems="0.035" threads="0" lastid="00000000018B4F00" lastname="main" />
</exclusive-start>
<allocation-taxation id="480" taxation-threshold="20971520" timestamp="2019-08-08T12:51:56.805" intervalms="111.026" />
<cycle-start id="481" type="partial gc" contextid="0" timestamp="2019-08-08T12:51:56.806" intervalms="110.909" />
<gc-start id="482" type="partial gc" contextid="481" timestamp="2019-08-08T12:51:56.806">
  <mem-info id="483" free="10485760" total="52428800" percent="20">
    <mem type="eden" free="0" total="20971520" percent="0" />
    <remembered-set count="15744" freebytes="2033024" totalbytes="2096000" percent="96" regionsoverflowed="0" regionsstable="0" regionsrebuilding="0"/>
  </mem-info>
</gc-start>
<allocation-stats totalBytes="20966664" >
  <allocated-bytes non-tlh="971512" tlh="19995152" arrayletleaf="0"/>
  <largest-consumer threadName="main" threadId="00000000018B4F00" bytes="20962448" />
</allocation-stats>
<gc-op id="484" type="copy forward" timems="14.597" contextid="481" timestamp="2019-08-08T12:51:56.821">
  <memory-copied type="eden" objects="8894" bytes="653272" bytesdiscarded="92336" />
  <memory-copied type="other" objects="12569" bytes="811744" bytesdiscarded="90736" />
  <memory-cardclean objects="2919" bytes="151208" />
  <regions eden="10" other="2" />
  <remembered-set-cleared processed="7983" cleared="2956" durationms="0.239" />
  <references type="soft" candidates="213" cleared="0" enqueued="0" dynamicThreshold="19" maxThreshold="32" />
  <references type="weak" candidates="1472" cleared="0" enqueued="0" />
  <references type="phantom" candidates="2" cleared="0" enqueued="0" />
  <stringconstants candidates="11986" cleared="7"  />
</gc-op>
<gc-op id="485" type="classunload" timems="3.391" contextid="481" timestamp="2019-08-08T12:51:56.825">
  <classunload-info classloadercandidates="29" classloadersunloaded="1" classesunloaded="1" anonymousclassesunloaded="0" quiescems="2.805" setupms="0.546" scanms="2.837" postms="0.007" />
</gc-op>
<gc-end id="486" type="partial gc" contextid="481" durationms="19.187" usertimems="62.134" systemtimems="0.000" timestamp="2019-08-08T12:51:56.825" activeThreads="16">
  <mem-info id="487" free="31457280" total="52428800" percent="60">
    <mem type="eden" free="1351288" total="2097152" percent="64" />
    <remembered-set count="17344" freebytes="2026624" totalbytes="2096000" percent="96" regionsoverflowed="0" regionsstable="0" regionsrebuilding="0"/>
  </mem-info>
</gc-end>
<cycle-end id="488" type="partial gc" contextid="481" timestamp="2019-08-08T12:51:56.825" />
  <attribute name="elasticGC enabled" value="1" />
  <attribute name= "numThreadsSpecified" value="16" />
  <attribute name="heapSize specified" value="0" />
  <attribute name="Current GC Util" value="170" />
  <attribute name= "Current Time Running" value="148191" />
  <attribute name ="GC Interval" value="0" />
  <attribute name="Target GC Util Change" value ="80.000000" />
  <attribute name="Current GC Util Change" value="170.000000"/>
  <attribute name="Current Error" value="-81.000000" />
  <attribute name="Output H" value="52504392"/>
  <attribute name="Output I" value="1864"/>
  <attribute name="Output T" value="16"/>
  <attribute name= "Current Time Running" value="148191" />
  <attribute name="GC Util currently" value="170" />
  <attribute name="CPU Util currently" value="2146016283643" />
<exclusive-end id="489" timestamp="2019-08-08T12:51:56.825" durationms="19.808" />

<exclusive-start id="490" timestamp="2019-08-08T12:51:56.931" intervalms="125.458">
  <response-info timems="0.014" idlems="0.014" threads="0" lastid="00000000018B4F00" lastname="main" />
</exclusive-start>
<allocation-taxation id="491" taxation-threshold="20971520" timestamp="2019-08-08T12:51:56.931" intervalms="125.464" />
<cycle-start id="492" type="partial gc" contextid="0" timestamp="2019-08-08T12:51:56.931" intervalms="125.464" />
<gc-start id="493" type="partial gc" contextid="492" timestamp="2019-08-08T12:51:56.931">
  <mem-info id="494" free="10485760" total="52428800" percent="20">
    <mem type="eden" free="0" total="20971520" percent="0" />
    <remembered-set count="16992" freebytes="2028032" totalbytes="2096000" percent="96" regionsoverflowed="0" regionsstable="0" regionsrebuilding="0"/>
  </mem-info>
</gc-start>
<allocation-stats totalBytes="20966224" >
  <allocated-bytes non-tlh="1038952" tlh="19927272" arrayletleaf="0"/>
  <largest-consumer threadName="main" threadId="00000000018B4F00" bytes="20966224" />
</allocation-stats>
<gc-op id="495" type="copy forward" timems="23.224" contextid="492" timestamp="2019-08-08T12:51:56.955">
  <memory-copied type="eden" objects="10411" bytes="661464" bytesdiscarded="83432" />
  <memory-copied type="other" objects="22370" bytes="963328" bytesdiscarded="108792" />
  <memory-cardclean objects="4683" bytes="240752" />
  <regions eden="10" other="2" />
  <remembered-set-cleared processed="8602" cleared="4961" durationms="0.147" />
  <references type="soft" candidates="714" cleared="0" enqueued="0" dynamicThreshold="19" maxThreshold="32" />
  <references type="weak" candidates="1862" cleared="0" enqueued="0" />
  <references type="phantom" candidates="1" cleared="0" enqueued="0" />
  <stringconstants candidates="12398" cleared="2"  />
</gc-op>
<gc-op id="496" type="classunload" timems="0.503" contextid="492" timestamp="2019-08-08T12:51:56.956">
  <classunload-info classloadercandidates="35" classloadersunloaded="1" classesunloaded="1" anonymousclassesunloaded="0" quiescems="0.000" setupms="0.488" scanms="0.009" postms="0.006" />
</gc-op>
<gc-end id="497" type="partial gc" contextid="492" durationms="24.976" usertimems="50.728" systemtimems="0.000" timestamp="2019-08-08T12:51:56.956" activeThreads="16">
  <mem-info id="498" free="31457280" total="52428800" percent="60">
    <mem type="eden" free="1351992" total="2097152" percent="64" />
    <remembered-set count="15808" freebytes="2032768" totalbytes="2096000" percent="96" regionsoverflowed="0" regionsstable="0" regionsrebuilding="0"/>
  </mem-info>
</gc-end>
<cycle-end id="499" type="partial gc" contextid="492" timestamp="2019-08-08T12:51:56.956" />
  <attribute name="elasticGC enabled" value="1" />
  <attribute name= "numThreadsSpecified" value="16" />
  <attribute name="heapSize specified" value="0" />
  <attribute name="Current GC Util" value="197" />
  <attribute name= "Current Time Running" value="148317" />
  <attribute name ="GC Interval" value="0" />
  <attribute name="Target GC Util Change" value ="80.000000" />
  <attribute name="Current GC Util Change" value="197.000000"/>
  <attribute name="Current Error" value="-117.000000" />
  <attribute name="Output H" value="52504352"/>
  <attribute name="Output I" value="1800"/>
  <attribute name="Output T" value="16"/>
  <attribute name= "Current Time Running" value="148317" />
  <attribute name="GC Util currently" value="197" />
  <attribute name="CPU Util currently" value="1638028571344" />
<exclusive-end id="500" timestamp="2019-08-08T12:51:56.956" durationms="25.468" />

<exclusive-start id="501" timestamp="2019-08-08T12:51:57.028" intervalms="97.073">
  <response-info timems="0.017" idlems="0.017" threads="0" lastid="00000000018B4F00" lastname="main" />
</exclusive-start>
<allocation-taxation id="502" taxation-threshold="20971520" timestamp="2019-08-08T12:51:57.028" intervalms="97.070" />
<cycle-start id="503" type="partial gc" contextid="0" timestamp="2019-08-08T12:51:57.028" intervalms="97.070" />
<gc-start id="504" type="partial gc" contextid="503" timestamp="2019-08-08T12:51:57.028">
  <mem-info id="505" free="10485760" total="52428800" percent="20">
    <mem type="eden" free="0" total="20971520" percent="0" />
    <remembered-set count="13408" freebytes="2042368" totalbytes="2096000" percent="97" regionsoverflowed="0" regionsstable="1" regionsrebuilding="0"/>
  </mem-info>
</gc-start>
<allocation-stats totalBytes="20968640" >
  <allocated-bytes non-tlh="406256" tlh="20562384" arrayletleaf="0"/>
  <largest-consumer threadName="main" threadId="00000000018B4F00" bytes="20968640" />
</allocation-stats>
<gc-op id="506" type="copy forward" timems="11.892" contextid="503" timestamp="2019-08-08T12:51:57.041">
  <memory-copied type="eden" objects="18839" bytes="779504" bytesdiscarded="91160" />
  <memory-copied type="other" objects="7302" bytes="286544" bytesdiscarded="26120" />
  <memory-cardclean objects="967" bytes="56832" />
  <regions eden="10" other="1" />
  <remembered-set-cleared processed="6903" cleared="932" durationms="0.084" />
  <references type="soft" candidates="40" cleared="0" enqueued="0" dynamicThreshold="19" maxThreshold="32" />
  <references type="weak" candidates="140" cleared="0" enqueued="0" />
  <stringconstants candidates="12479" cleared="0"  />
</gc-op>
<gc-op id="507" type="classunload" timems="0.007" contextid="503" timestamp="2019-08-08T12:51:57.041">
  <classunload-info classloadercandidates="36" classloadersunloaded="0" classesunloaded="0" anonymousclassesunloaded="0" quiescems="0.000" setupms="0.007" scanms="0.000" postms="0.000" />
</gc-op>
<heap-resize id="508" type="expand" space="default" amount="6291456" count="1" timems="0.108" reason="excessive time being spent in gc" timestamp="2019-08-08T12:51:57.042" />
<gc-end id="509" type="partial gc" contextid="503" durationms="13.425" usertimems="36.443" systemtimems="0.000" timestamp="2019-08-08T12:51:57.042" activeThreads="16">
  <mem-info id="510" free="35651584" total="58720256" percent="60">
    <mem type="eden" free="1226344" total="2097152" percent="58" />
    <remembered-set count="15040" freebytes="2287360" totalbytes="2347520" percent="97" regionsoverflowed="0" regionsstable="1" regionsrebuilding="0"/>
  </mem-info>
</gc-end>
<cycle-end id="511" type="partial gc" contextid="503" timestamp="2019-08-08T12:51:57.042" />
  <attribute name="elasticGC enabled" value="1" />
  <attribute name= "numThreadsSpecified" value="16" />
  <attribute name="heapSize specified" value="0" />
  <attribute name="Current GC Util" value="249" />
  <attribute name= "Current Time Running" value="148414" />
  <attribute name ="GC Interval" value="0" />
  <attribute name="Target GC Util Change" value ="80.000000" />
  <attribute name="Current GC Util Change" value="249.000000"/>
  <attribute name="Current Error" value="-256.000000" />
  <attribute name="Output H" value="52504192"/>
  <attribute name="Output I" value="1552"/>
  <attribute name="Output T" value="16"/>
  <attribute name= "Current Time Running" value="148414" />
  <attribute name="GC Util currently" value="249" />
  <attribute name="CPU Util currently" value="1163012958977" />
<exclusive-end id="512" timestamp="2019-08-08T12:51:57.042" durationms="13.955" />

<exclusive-start id="513" timestamp="2019-08-08T12:51:57.106" intervalms="78.215">
  <response-info timems="0.028" idlems="0.028" threads="0" lastid="00000000018B4F00" lastname="main" />
</exclusive-start>
<allocation-taxation id="514" taxation-threshold="20971520" timestamp="2019-08-08T12:51:57.106" intervalms="78.215" />
<cycle-start id="515" type="partial gc" contextid="0" timestamp="2019-08-08T12:51:57.106" intervalms="78.187" />
<gc-start id="516" type="partial gc" contextid="515" timestamp="2019-08-08T12:51:57.106">
  <mem-info id="517" free="14680064" total="58720256" percent="25">
    <mem type="eden" free="0" total="20971520" percent="0" />
    <remembered-set count="14720" freebytes="2288640" totalbytes="2347520" percent="97" regionsoverflowed="0" regionsstable="1" regionsrebuilding="0"/>
  </mem-info>
</gc-start>
<allocation-stats totalBytes="20968824" >
  <allocated-bytes non-tlh="466696" tlh="20502128" arrayletleaf="0"/>
  <largest-consumer threadName="main" threadId="00000000018B4F00" bytes="20968824" />
</allocation-stats>
<gc-op id="518" type="copy forward" timems="10.680" contextid="515" timestamp="2019-08-08T12:51:57.118">
  <memory-copied type="eden" objects="8217" bytes="609560" bytesdiscarded="62280" />
  <memory-copied type="other" objects="1229" bytes="43344" bytesdiscarded="12520" />
  <memory-cardclean objects="156" bytes="15880" />
  <regions eden="10" other="1" />
  <remembered-set-cleared processed="7369" cleared="412" durationms="0.276" />
  <references type="soft" candidates="37" cleared="0" enqueued="0" dynamicThreshold="19" maxThreshold="32" />
  <references type="weak" candidates="79" cleared="0" enqueued="0" />
  <references type="phantom" candidates="1" cleared="0" enqueued="0" />
  <stringconstants candidates="12495" cleared="0"  />
</gc-op>
<gc-op id="519" type="classunload" timems="0.007" contextid="515" timestamp="2019-08-08T12:51:57.118">
  <classunload-info classloadercandidates="38" classloadersunloaded="0" classesunloaded="0" anonymousclassesunloaded="0" quiescems="0.000" setupms="0.007" scanms="0.000" postms="0.000" />
</gc-op>
<heap-resize id="520" type="expand" space="default" amount="4194304" count="1" timems="0.079" reason="excessive time being spent in gc" timestamp="2019-08-08T12:51:57.118" />
<gc-end id="521" type="partial gc" contextid="515" durationms="11.808" usertimems="31.321" systemtimems="0.000" timestamp="2019-08-08T12:51:57.118" activeThreads="16">
  <mem-info id="522" free="37748736" total="62914560" percent="60">
    <mem type="eden" free="1425232" total="2097152" percent="67" />
    <remembered-set count="15392" freebytes="2453632" totalbytes="2515200" percent="97" regionsoverflowed="0" regionsstable="1" regionsrebuilding="0"/>
  </mem-info>
</gc-end>
<cycle-end id="523" type="partial gc" contextid="515" timestamp="2019-08-08T12:51:57.118" />
  <attribute name="elasticGC enabled" value="1" />
  <attribute name= "numThreadsSpecified" value="16" />
  <attribute name="heapSize specified" value="0" />
  <attribute name="Current GC Util" value="147" />
  <attribute name= "Current Time Running" value="148492" />
  <attribute name ="GC Interval" value="0" />
  <attribute name="Target GC Util Change" value ="80.000000" />
  <attribute name="Current GC Util Change" value="147.000000"/>
  <attribute name="Current Error" value="-287.000000" />
  <attribute name="Output H" value="58795608"/>
  <attribute name="Output I" value="1496"/>
  <attribute name="Output T" value="16"/>
  <attribute name= "Current Time Running" value="148492" />
  <attribute name="GC Util currently" value="147" />
  <attribute name="CPU Util currently" value="1774940529093" />
<exclusive-end id="524" timestamp="2019-08-08T12:51:57.118" durationms="12.304" />

<exclusive-start id="525" timestamp="2019-08-08T12:51:57.200" intervalms="93.539">
  <response-info timems="0.164" idlems="0.164" threads="0" lastid="00000000018B4F00" lastname="main" />
</exclusive-start>
<allocation-taxation id="526" taxation-threshold="23068672" timestamp="2019-08-08T12:51:57.200" intervalms="93.548" />
<cycle-start id="527" type="partial gc" contextid="0" timestamp="2019-08-08T12:51:57.200" intervalms="93.610" />
<gc-start id="528" type="partial gc" contextid="527" timestamp="2019-08-08T12:51:57.200">
  <mem-info id="529" free="14680064" total="62914560" percent="23">
    <mem type="eden" free="0" total="23068672" percent="0" />
    <remembered-set count="14912" freebytes="2455552" totalbytes="2515200" percent="97" regionsoverflowed="0" regionsstable="1" regionsrebuilding="0"/>
  </mem-info>
</gc-start>
<allocation-stats totalBytes="23066136" >
  <allocated-bytes non-tlh="402464" tlh="22663672" arrayletleaf="0"/>
  <largest-consumer threadName="main" threadId="00000000018B4F00" bytes="23066136" />
</allocation-stats>
<gc-op id="530" type="copy forward" timems="10.464" contextid="527" timestamp="2019-08-08T12:51:57.211">
  <memory-copied type="eden" objects="9916" bytes="721880" bytesdiscarded="75560" />
  <memory-copied type="other" objects="1003" bytes="31480" bytesdiscarded="2424" />
  <memory-cardclean objects="143" bytes="13480" />
  <regions eden="11" other="1" />
  <remembered-set-cleared processed="7563" cleared="372" durationms="0.081" />
  <references type="soft" candidates="4" cleared="0" enqueued="0" dynamicThreshold="19" maxThreshold="32" />
  <references type="weak" candidates="30" cleared="0" enqueued="0" />
  <references type="phantom" candidates="1" cleared="0" enqueued="0" />
  <stringconstants candidates="12514" cleared="0"  />
</gc-op>
<gc-op id="531" type="classunload" timems="0.009" contextid="527" timestamp="2019-08-08T12:51:57.212">
  <classunload-info classloadercandidates="40" classloadersunloaded="0" classesunloaded="0" anonymousclassesunloaded="0" quiescems="0.000" setupms="0.008" scanms="0.000" postms="0.000" />
</gc-op>
<heap-resize id="532" type="expand" space="default" amount="6291456" count="1" timems="0.096" reason="excessive time being spent in gc" timestamp="2019-08-08T12:51:57.212" />
<gc-end id="533" type="partial gc" contextid="527" durationms="11.692" usertimems="37.539" systemtimems="0.000" timestamp="2019-08-08T12:51:57.212" activeThreads="16">
  <mem-info id="534" free="41943040" total="69206016" percent="60">
    <mem type="eden" free="1299632" total="2097152" percent="61" />
    <remembered-set count="15904" freebytes="2703104" totalbytes="2766720" percent="97" regionsoverflowed="0" regionsstable="1" regionsrebuilding="0"/>
  </mem-info>
</gc-end>
<cycle-end id="535" type="partial gc" contextid="527" timestamp="2019-08-08T12:51:57.212" />
  <attribute name="elasticGC enabled" value="1" />
  <attribute name= "numThreadsSpecified" value="16" />
  <attribute name="heapSize specified" value="0" />
  <attribute name="Current GC Util" value="190" />
  <attribute name= "Current Time Running" value="148586" />
  <attribute name ="GC Interval" value="0" />
  <attribute name="Target GC Util Change" value ="80.000000" />
  <attribute name="Current GC Util Change" value="190.000000"/>
  <attribute name="Current Error" value="-110.000000" />
  <attribute name="Output H" value="62990120"/>
  <attribute name="Output I" value="1816"/>
  <attribute name="Output T" value="16"/>
  <attribute name= "Current Time Running" value="148586" />
  <attribute name="GC Util currently" value="190" />
  <attribute name="CPU Util currently" value="1883172463592" />
<exclusive-end id="536" timestamp="2019-08-08T12:51:57.212" durationms="12.292" />

<exclusive-start id="537" timestamp="2019-08-08T12:51:57.307" intervalms="107.631">
  <response-info timems="0.051" idlems="0.051" threads="0" lastid="00000000018B4F00" lastname="main" />
</exclusive-start>
<allocation-taxation id="538" taxation-threshold="25165824" timestamp="2019-08-08T12:51:57.307" intervalms="107.627" />
<cycle-start id="539" type="partial gc" contextid="0" timestamp="2019-08-08T12:51:57.307" intervalms="107.597" />
<gc-start id="540" type="partial gc" contextid="539" timestamp="2019-08-08T12:51:57.308">
  <mem-info id="541" free="16777216" total="69206016" percent="24">
    <mem type="eden" free="0" total="25165824" percent="0" />
    <remembered-set count="15616" freebytes="2704256" totalbytes="2766720" percent="97" regionsoverflowed="0" regionsstable="1" regionsrebuilding="0"/>
  </mem-info>
</gc-start>
<allocation-stats totalBytes="25161880" >
  <allocated-bytes non-tlh="601688" tlh="24560192" arrayletleaf="0"/>
  <largest-consumer threadName="main" threadId="00000000018B4F00" bytes="25161880" />
</allocation-stats>
<gc-op id="542" type="copy forward" timems="8.689" contextid="539" timestamp="2019-08-08T12:51:57.318">
  <memory-copied type="eden" objects="5582" bytes="487120" bytesdiscarded="58360" />
  <memory-copied type="other" objects="494" bytes="18816" bytesdiscarded="3792" />
  <memory-cardclean objects="136" bytes="13936" />
  <regions eden="12" other="1" />
  <remembered-set-cleared processed="7626" cleared="232" durationms="0.170" />
  <references type="soft" candidates="5" cleared="0" enqueued="0" dynamicThreshold="19" maxThreshold="32" />
  <references type="weak" candidates="31" cleared="0" enqueued="0" />
  <references type="phantom" candidates="1" cleared="0" enqueued="0" />
  <stringconstants candidates="12541" cleared="0"  />
</gc-op>
<gc-op id="543" type="classunload" timems="0.006" contextid="539" timestamp="2019-08-08T12:51:57.318">
  <classunload-info classloadercandidates="43" classloadersunloaded="0" classesunloaded="0" anonymousclassesunloaded="0" quiescems="0.000" setupms="0.006" scanms="0.000" postms="0.000" />
</gc-op>
<heap-resize id="544" type="expand" space="default" amount="4194304" count="1" timems="0.071" reason="excessive time being spent in gc" timestamp="2019-08-08T12:51:57.318" />
<gc-end id="545" type="partial gc" contextid="539" durationms="10.277" usertimems="25.720" systemtimems="0.000" timestamp="2019-08-08T12:51:57.318" activeThreads="16">
  <mem-info id="546" free="44040192" total="73400320" percent="60">
    <mem type="eden" free="1551552" total="2097152" percent="73" />
    <remembered-set count="16096" freebytes="2870016" totalbytes="2934400" percent="97" regionsoverflowed="0" regionsstable="1" regionsrebuilding="0"/>
  </mem-info>
</gc-end>
<cycle-end id="547" type="partial gc" contextid="539" timestamp="2019-08-08T12:51:57.318" />
  <attribute name="elasticGC enabled" value="1" />
  <attribute name= "numThreadsSpecified" value="16" />
  <attribute name="heapSize specified" value="0" />
  <attribute name="Current GC Util" value="270" />
  <attribute name= "Current Time Running" value="148694" />
  <attribute name ="GC Interval" value="0" />
  <attribute name="Target GC Util Change" value ="80.000000" />
  <attribute name="Current GC Util Change" value="270.000000"/>
  <attribute name="Current Error" value="-250.000000" />
  <attribute name="Output H" value="69281408"/>
  <attribute name="Output I" value="1568"/>
  <attribute name="Output T" value="16"/>
  <attribute name= "Current Time Running" value="148694" />
  <attribute name="GC Util currently" value="270" />
  <attribute name="CPU Util currently" value="1101484377435" />
<exclusive-end id="548" timestamp="2019-08-08T12:51:57.318" durationms="10.939" />

<exclusive-start id="549" timestamp="2019-08-08T12:51:57.386" intervalms="79.051">
  <response-info timems="0.019" idlems="0.019" threads="0" lastid="00000000018B4F00" lastname="main" />
</exclusive-start>
<allocation-taxation id="550" taxation-threshold="25165824" timestamp="2019-08-08T12:51:57.386" intervalms="79.051" />
<cycle-start id="551" type="partial gc" contextid="0" timestamp="2019-08-08T12:51:57.387" intervalms="79.026" />
<gc-start id="552" type="partial gc" contextid="551" timestamp="2019-08-08T12:51:57.387">
  <mem-info id="553" free="18874368" total="73400320" percent="25">
    <mem type="eden" free="0" total="25165824" percent="0" />
    <remembered-set count="15808" freebytes="2871168" totalbytes="2934400" percent="97" regionsoverflowed="0" regionsstable="1" regionsrebuilding="0"/>
  </mem-info>
</gc-start>
<allocation-stats totalBytes="25162992" >
  <allocated-bytes non-tlh="400800" tlh="24762192" arrayletleaf="0"/>
  <largest-consumer threadName="main" threadId="00000000018B4F00" bytes="25162992" />
</allocation-stats>
<gc-op id="554" type="copy forward" timems="11.888" contextid="551" timestamp="2019-08-08T12:51:57.400">
  <memory-copied type="eden" objects="7664" bytes="605888" bytesdiscarded="44280" />
  <memory-copied type="other" objects="614" bytes="21856" bytesdiscarded="2896" />
  <memory-cardclean objects="136" bytes="14352" />
  <regions eden="12" other="1" />
  <remembered-set-cleared processed="7788" cleared="273" durationms="0.152" />
  <references type="soft" candidates="5" cleared="0" enqueued="0" dynamicThreshold="19" maxThreshold="32" />
  <references type="weak" candidates="27" cleared="0" enqueued="0" />
  <references type="phantom" candidates="1" cleared="0" enqueued="0" />
  <stringconstants candidates="12552" cleared="0"  />
</gc-op>
<gc-op id="555" type="classunload" timems="0.011" contextid="551" timestamp="2019-08-08T12:51:57.400">
  <classunload-info classloadercandidates="45" classloadersunloaded="0" classesunloaded="0" anonymousclassesunloaded="0" quiescems="0.000" setupms="0.010" scanms="0.000" postms="0.000" />
</gc-op>
<gc-end id="556" type="partial gc" contextid="551" durationms="13.309" usertimems="30.967" systemtimems="0.000" timestamp="2019-08-08T12:51:57.400" activeThreads="16">
  <mem-info id="557" free="41943040" total="73400320" percent="57">
    <mem type="eden" free="1446904" total="2097152" percent="68" />
    <remembered-set count="15520" freebytes="2872320" totalbytes="2934400" percent="97" regionsoverflowed="0" regionsstable="1" regionsrebuilding="0"/>
  </mem-info>
</gc-end>
<cycle-end id="558" type="partial gc" contextid="551" timestamp="2019-08-08T12:51:57.401" />
  <attribute name="elasticGC enabled" value="1" />
  <attribute name= "numThreadsSpecified" value="16" />
  <attribute name="heapSize specified" value="0" />
  <attribute name="Current GC Util" value="281" />
  <attribute name= "Current Time Running" value="148773" />
  <attribute name ="GC Interval" value="0" />
  <attribute name="Target GC Util Change" value ="80.000000" />
  <attribute name="Current GC Util Change" value="281.000000"/>
  <attribute name="Current Error" value="-400.000000" />
  <attribute name="Output H" value="73475544"/>
  <attribute name="Output I" value="1296"/>
  <attribute name="Output T" value="16"/>
  <attribute name= "Current Time Running" value="148773" />
  <attribute name="GC Util currently" value="281" />
  <attribute name="CPU Util currently" value="1320696127331" />
<exclusive-end id="559" timestamp="2019-08-08T12:51:57.401" durationms="14.740" />

<exclusive-start id="560" timestamp="2019-08-08T12:51:57.472" intervalms="85.883">
  <response-info timems="0.040" idlems="0.040" threads="0" lastid="00000000018B4F00" lastname="main" />
</exclusive-start>
<allocation-taxation id="561" taxation-threshold="25165824" timestamp="2019-08-08T12:51:57.472" intervalms="85.874" />
<cycle-start id="562" type="partial gc" contextid="0" timestamp="2019-08-08T12:51:57.472" intervalms="85.958" />
<gc-start id="563" type="partial gc" contextid="562" timestamp="2019-08-08T12:51:57.473">
  <mem-info id="564" free="16777216" total="73400320" percent="22">
    <mem type="eden" free="0" total="25165824" percent="0" />
    <remembered-set count="15520" freebytes="2872320" totalbytes="2934400" percent="97" regionsoverflowed="0" regionsstable="1" regionsrebuilding="0"/>
  </mem-info>
</gc-start>
<allocation-stats totalBytes="25162440" >
  <allocated-bytes non-tlh="1002408" tlh="24160032" arrayletleaf="0"/>
  <largest-consumer threadName="main" threadId="00000000018B4F00" bytes="25162440" />
</allocation-stats>
<gc-op id="565" type="copy forward" timems="17.064" contextid="562" timestamp="2019-08-08T12:51:57.492">
  <memory-copied type="eden" objects="8330" bytes="634840" bytesdiscarded="82216" />
  <memory-copied type="other" objects="313" bytes="10904" bytesdiscarded="1448" />
  <memory-cardclean objects="139" bytes="13688" />
  <regions eden="12" other="1" />
  <remembered-set-cleared processed="7909" cleared="244" durationms="0.144" />
  <references type="soft" candidates="5" cleared="0" enqueued="0" dynamicThreshold="18" maxThreshold="32" />
  <references type="weak" candidates="36" cleared="0" enqueued="0" />
  <references type="phantom" candidates="1" cleared="0" enqueued="0" />
  <stringconstants candidates="12587" cleared="4"  />
</gc-op>
<gc-op id="566" type="classunload" timems="0.469" contextid="562" timestamp="2019-08-08T12:51:57.493">
  <classunload-info classloadercandidates="50" classloadersunloaded="2" classesunloaded="2" anonymousclassesunloaded="0" quiescems="0.000" setupms="0.451" scanms="0.013" postms="0.005" />
</gc-op>
<heap-resize id="567" type="expand" space="default" amount="10485760" count="1" timems="0.091" reason="excessive time being spent in gc" timestamp="2019-08-08T12:51:57.493" />
<gc-end id="568" type="partial gc" contextid="562" durationms="20.172" usertimems="54.216" systemtimems="0.000" timestamp="2019-08-08T12:51:57.493" activeThreads="16">
  <mem-info id="569" free="50331648" total="83886080" percent="60">
    <mem type="eden" free="1379992" total="2097152" percent="65" />
    <remembered-set count="15488" freebytes="3291648" totalbytes="3353600" percent="98" regionsoverflowed="0" regionsstable="1" regionsrebuilding="0"/>
  </mem-info>
</gc-end>
<cycle-end id="570" type="partial gc" contextid="562" timestamp="2019-08-08T12:51:57.493" />
  <attribute name="elasticGC enabled" value="1" />
  <attribute name= "numThreadsSpecified" value="16" />
  <attribute name="heapSize specified" value="0" />
  <attribute name="Current GC Util" value="121" />
  <attribute name= "Current Time Running" value="148860" />
  <attribute name ="GC Interval" value="0" />
  <attribute name="Target GC Util Change" value ="80.000000" />
  <attribute name="Current GC Util Change" value="121.000000"/>
  <attribute name="Current Error" value="-41.000000" />
  <attribute name="Output H" value="73475960"/>
  <attribute name="Output I" value="1936"/>
  <attribute name="Output T" value="16"/>
  <attribute name= "Current Time Running" value="148860" />
  <attribute name="GC Util currently" value="121" />
  <attribute name="CPU Util currently" value="587426532054" />
<exclusive-end id="571" timestamp="2019-08-08T12:51:57.493" durationms="20.818" />

<exclusive-start id="572" timestamp="2019-08-08T12:51:57.549" intervalms="77.080">
  <response-info timems="0.060" idlems="0.060" threads="0" lastid="00000000018B4F00" lastname="main" />
</exclusive-start>
<allocation-taxation id="573" taxation-threshold="27262976" timestamp="2019-08-08T12:51:57.549" intervalms="77.088" />
<cycle-start id="574" type="partial gc" contextid="0" timestamp="2019-08-08T12:51:57.550" intervalms="77.119" />
<gc-start id="575" type="partial gc" contextid="574" timestamp="2019-08-08T12:51:57.550">
  <mem-info id="576" free="23068672" total="83886080" percent="27">
    <mem type="eden" free="0" total="27262976" percent="0" />
    <remembered-set count="15008" freebytes="3293568" totalbytes="3353600" percent="98" regionsoverflowed="0" regionsstable="1" regionsrebuilding="0"/>
  </mem-info>
</gc-start>
<allocation-stats totalBytes="27260096" >
  <allocated-bytes non-tlh="266712" tlh="26993384" arrayletleaf="0"/>
  <largest-consumer threadName="main" threadId="00000000018B4F00" bytes="27260096" />
</allocation-stats>
<gc-op id="577" type="copy forward" timems="10.684" contextid="574" timestamp="2019-08-08T12:51:57.561">
  <memory-copied type="eden" objects="19006" bytes="1090448" bytesdiscarded="83480" />
  <memory-copied type="other" objects="659" bytes="22008" bytesdiscarded="2416" />
  <memory-cardclean objects="139" bytes="13848" />
  <regions eden="13" other="1" />
  <remembered-set-cleared processed="7999" cleared="261" durationms="0.112" />
  <references type="soft" candidates="4" cleared="0" enqueued="0" dynamicThreshold="19" maxThreshold="32" />
  <references type="weak" candidates="42" cleared="0" enqueued="0" />
  <references type="phantom" candidates="1" cleared="0" enqueued="0" />
  <stringconstants candidates="12606" cleared="0"  />
</gc-op>
<gc-op id="578" type="classunload" timems="0.007" contextid="574" timestamp="2019-08-08T12:51:57.561">
  <classunload-info classloadercandidates="49" classloadersunloaded="0" classesunloaded="0" anonymousclassesunloaded="0" quiescems="0.000" setupms="0.007" scanms="0.000" postms="0.000" />
</gc-op>
<heap-resize id="579" type="expand" space="default" amount="6291456" count="1" timems="0.083" reason="excessive time being spent in gc" timestamp="2019-08-08T12:51:57.561" />
<gc-end id="580" type="partial gc" contextid="574" durationms="11.687" usertimems="32.427" systemtimems="0.000" timestamp="2019-08-08T12:51:57.562" activeThreads="16">
  <mem-info id="581" free="54525952" total="90177536" percent="60">
    <mem type="eden" free="923168" total="2097152" percent="44" />
    <remembered-set count="15680" freebytes="3542400" totalbytes="3605120" percent="98" regionsoverflowed="0" regionsstable="1" regionsrebuilding="0"/>
  </mem-info>
</gc-end>
<cycle-end id="582" type="partial gc" contextid="574" timestamp="2019-08-08T12:51:57.562" />
  <attribute name="elasticGC enabled" value="1" />
  <attribute name= "numThreadsSpecified" value="16" />
  <attribute name="heapSize specified" value="0" />
  <attribute name="Current GC Util" value="102" />
  <attribute name= "Current Time Running" value="148935" />
  <attribute name ="GC Interval" value="0" />
  <attribute name="Target GC Util Change" value ="80.000000" />
  <attribute name="Current GC Util Change" value="102.000000"/>
  <attribute name="Current Error" value="-40.000000" />
  <attribute name="Output H" value="83961720"/>
  <attribute name="Output I" value="1944"/>
  <attribute name="Output T" value="16"/>
  <attribute name= "Current Time Running" value="148935" />
  <attribute name="GC Util currently" value="102" />
  <attribute name="CPU Util currently" value="2297663307153" />
<exclusive-end id="583" timestamp="2019-08-08T12:51:57.562" durationms="12.382" />

<exclusive-start id="584" timestamp="2019-08-08T12:51:57.661" intervalms="111.459">
  <response-info timems="0.118" idlems="0.118" threads="0" lastid="00000000018B4F00" lastname="main" />
</exclusive-start>
<allocation-taxation id="585" taxation-threshold="29360128" timestamp="2019-08-08T12:51:57.661" intervalms="111.454" />
<cycle-start id="586" type="partial gc" contextid="0" timestamp="2019-08-08T12:51:57.661" intervalms="111.369" />
<gc-start id="587" type="partial gc" contextid="586" timestamp="2019-08-08T12:51:57.661">
  <mem-info id="588" free="25165824" total="90177536" percent="27">
    <mem type="eden" free="0" total="29360128" percent="0" />
    <remembered-set count="15296" freebytes="3543936" totalbytes="3605120" percent="98" regionsoverflowed="0" regionsstable="1" regionsrebuilding="0"/>
  </mem-info>
</gc-start>
<allocation-stats totalBytes="29355216" >
  <allocated-bytes non-tlh="607672" tlh="28747544" arrayletleaf="0"/>
  <largest-consumer threadName="main" threadId="00000000018B4F00" bytes="29355216" />
</allocation-stats>
<gc-op id="589" type="copy forward" timems="9.437" contextid="586" timestamp="2019-08-08T12:51:57.672">
  <memory-copied type="eden" objects="1266" bytes="48576" bytesdiscarded="25720" />
  <memory-copied type="other" objects="380" bytes="12944" bytesdiscarded="1856" />
  <memory-cardclean objects="283" bytes="23160" />
  <regions eden="14" other="1" />
  <remembered-set-cleared processed="8279" cleared="426" durationms="0.101" />
  <references type="soft" candidates="5" cleared="0" enqueued="0" dynamicThreshold="19" maxThreshold="32" />
  <references type="weak" candidates="44" cleared="0" enqueued="0" />
  <stringconstants candidates="12698" cleared="0"  />
</gc-op>
<gc-op id="590" type="classunload" timems="0.034" contextid="586" timestamp="2019-08-08T12:51:57.672">
  <classunload-info classloadercandidates="53" classloadersunloaded="0" classesunloaded="0" anonymousclassesunloaded="0" quiescems="0.000" setupms="0.034" scanms="0.000" postms="0.000" />
</gc-op>
<heap-resize id="591" type="expand" space="default" amount="4194304" count="1" timems="0.084" reason="excessive time being spent in gc" timestamp="2019-08-08T12:51:57.672" />
<gc-end id="592" type="partial gc" contextid="586" durationms="11.126" usertimems="33.575" systemtimems="0.000" timestamp="2019-08-08T12:51:57.672" activeThreads="16">
  <mem-info id="593" free="56623104" total="94371840" percent="60">
    <mem type="eden" free="2022616" total="2097152" percent="96" />
    <remembered-set count="17024" freebytes="3704704" totalbytes="3772800" percent="98" regionsoverflowed="0" regionsstable="1" regionsrebuilding="0"/>
  </mem-info>
</gc-end>
<cycle-end id="594" type="partial gc" contextid="586" timestamp="2019-08-08T12:51:57.672" />
  <attribute name="elasticGC enabled" value="1" />
  <attribute name= "numThreadsSpecified" value="16" />
  <attribute name="heapSize specified" value="0" />
  <attribute name="Current GC Util" value="78" />
  <attribute name= "Current Time Running" value="149047" />
  <attribute name ="GC Interval" value="0" />
  <attribute name="Target GC Util Change" value ="80.000000" />
  <attribute name="Current GC Util Change" value="78.000000"/>
  <attribute name="Current Error" value="14.000000" />
  <attribute name="Output H" value="90253232"/>
  <attribute name="Output I" value="2040"/>
  <attribute name="Output T" value="16"/>
  <attribute name= "Current Time Running" value="149047" />
  <attribute name="GC Util currently" value="78" />
  <attribute name="CPU Util currently" value="1052855958146" />
<exclusive-end id="595" timestamp="2019-08-08T12:51:57.673" durationms="11.693" />

<exclusive-start id="596" timestamp="2019-08-08T12:51:58.114" intervalms="453.558">
  <response-info timems="0.148" idlems="0.148" threads="0" lastid="00000000018B4F00" lastname="main" />
</exclusive-start>
<allocation-taxation id="597" taxation-threshold="31457280" timestamp="2019-08-08T12:51:58.114" intervalms="453.568" />
<cycle-start id="598" type="partial gc" contextid="0" timestamp="2019-08-08T12:51:58.115" intervalms="453.567" />
<gc-start id="599" type="partial gc" contextid="598" timestamp="2019-08-08T12:51:58.115">
  <mem-info id="600" free="25165824" total="94371840" percent="26">
    <mem type="eden" free="0" total="31457280" percent="0" />
    <remembered-set count="16672" freebytes="3706112" totalbytes="3772800" percent="98" regionsoverflowed="0" regionsstable="1" regionsrebuilding="0"/>
  </mem-info>
</gc-start>
<allocation-stats totalBytes="31439144" >
  <allocated-bytes non-tlh="3425080" tlh="28014064" arrayletleaf="0"/>
  <largest-consumer threadName="main" threadId="00000000018B4F00" bytes="31439144" />
</allocation-stats>
<gc-op id="601" type="copy forward" timems="6.084" contextid="598" timestamp="2019-08-08T12:51:58.122">
  <memory-copied type="eden" objects="28353" bytes="2798040" bytesdiscarded="88912" />
  <memory-copied type="other" objects="1227" bytes="46712" bytesdiscarded="6752" />
  <memory-cardclean objects="700" bytes="46000" />
  <regions eden="15" other="1" />
  <remembered-set-cleared processed="8244" cleared="385" durationms="0.105" />
  <finalization candidates="3" enqueued="2" />
  <references type="soft" candidates="780" cleared="0" enqueued="0" dynamicThreshold="19" maxThreshold="32" />
  <references type="weak" candidates="156" cleared="0" enqueued="0" />
  <references type="phantom" candidates="2" cleared="0" enqueued="0" />
  <stringconstants candidates="13328" cleared="0"  />
</gc-op>
<gc-op id="602" type="classunload" timems="0.007" contextid="598" timestamp="2019-08-08T12:51:58.122">
  <classunload-info classloadercandidates="55" classloadersunloaded="0" classesunloaded="0" anonymousclassesunloaded="0" quiescems="0.000" setupms="0.007" scanms="0.000" postms="0.000" />
</gc-op>
<gc-end id="603" type="partial gc" contextid="598" durationms="7.347" usertimems="18.185" systemtimems="0.000" timestamp="2019-08-08T12:51:58.122" activeThreads="8">
  <mem-info id="604" free="52428800" total="94371840" percent="55">
    <mem type="eden" free="1306928" total="4194304" percent="31" />
    <pending-finalizers system="0" default="2" reference="0" classloader="0" />
    <remembered-set count="20032" freebytes="3692672" totalbytes="3772800" percent="97" regionsoverflowed="0" regionsstable="1" regionsrebuilding="0"/>
  </mem-info>
</gc-end>
<cycle-end id="605" type="partial gc" contextid="598" timestamp="2019-08-08T12:51:58.122" />
  <attribute name="elasticGC enabled" value="1" />
  <attribute name= "numThreadsSpecified" value="8" />
  <attribute name="heapSize specified" value="0" />
  <attribute name="Current GC Util" value="95" />
  <attribute name= "Current Time Running" value="149501" />
  <attribute name ="GC Interval" value="0" />
  <attribute name="Target GC Util Change" value ="80.000000" />
  <attribute name="Current GC Util Change" value="95.000000"/>
  <attribute name="Current Error" value="-15.000000" />
  <attribute name="Output H" value="94447504"/>
  <attribute name="Output I" value="1984"/>
  <attribute name="Output T" value="8"/>
  <attribute name= "Current Time Running" value="149501" />
  <attribute name="GC Util currently" value="95" />
  <attribute name="CPU Util currently" value="1428856556711" />
<exclusive-end id="606" timestamp="2019-08-08T12:51:58.122" durationms="8.012" />

<exclusive-start id="607" timestamp="2019-08-08T12:51:58.446" intervalms="331.793">
  <response-info timems="0.189" idlems="0.189" threads="0" lastid="00000000018B4F00" lastname="main" />
</exclusive-start>
<allocation-taxation id="608" taxation-threshold="31457280" timestamp="2019-08-08T12:51:58.446" intervalms="331.790" />
<cycle-start id="609" type="partial gc" contextid="0" timestamp="2019-08-08T12:51:58.446" intervalms="331.756" />
<gc-start id="610" type="partial gc" contextid="609" timestamp="2019-08-08T12:51:58.447">
  <mem-info id="611" free="20971520" total="94371840" percent="22">
    <mem type="eden" free="0" total="31457280" percent="0" />
    <remembered-set count="19648" freebytes="3694208" totalbytes="3772800" percent="97" regionsoverflowed="0" regionsstable="1" regionsrebuilding="0"/>
  </mem-info>
</gc-start>
<allocation-stats totalBytes="31425728" >
  <allocated-bytes non-tlh="0" tlh="31425728" arrayletleaf="0"/>
  <largest-consumer threadName="main" threadId="00000000018B4F00" bytes="31421632" />
</allocation-stats>
<gc-op id="612" type="copy forward" timems="12.410" contextid="609" timestamp="2019-08-08T12:51:58.460">
  <memory-copied type="eden" objects="65169" bytes="1654408" bytesdiscarded="114032" />
  <memory-copied type="other" objects="27837" bytes="2759320" bytesdiscarded="230216" />
  <memory-cardclean objects="368" bytes="38000" />
  <regions eden="15" other="2" />
  <remembered-set-cleared processed="10106" cleared="2000" durationms="0.112" />
  <finalization candidates="1" enqueued="0" />
  <references type="soft" candidates="776" cleared="0" enqueued="0" dynamicThreshold="17" maxThreshold="32" />
  <references type="weak" candidates="130" cleared="0" enqueued="0" />
  <references type="phantom" candidates="2" cleared="0" enqueued="0" />
  <stringconstants candidates="13328" cleared="0"  />
</gc-op>
<gc-op id="613" type="classunload" timems="0.010" contextid="609" timestamp="2019-08-08T12:51:58.460">
  <classunload-info classloadercandidates="55" classloadersunloaded="0" classesunloaded="0" anonymousclassesunloaded="0" quiescems="0.000" setupms="0.010" scanms="0.000" postms="0.000" />
</gc-op>
<gc-end id="614" type="partial gc" contextid="609" durationms="13.883" usertimems="46.556" systemtimems="0.000" timestamp="2019-08-08T12:51:58.460" activeThreads="16">
  <mem-info id="615" free="50331648" total="94371840" percent="53">
    <mem type="eden" free="328712" total="2097152" percent="15" />
    <remembered-set count="22144" freebytes="3684224" totalbytes="3772800" percent="97" regionsoverflowed="0" regionsstable="1" regionsrebuilding="0"/>
  </mem-info>
</gc-end>
<cycle-end id="616" type="partial gc" contextid="609" timestamp="2019-08-08T12:51:58.460" />
  <attribute name="elasticGC enabled" value="1" />
  <attribute name= "numThreadsSpecified" value="16" />
  <attribute name="heapSize specified" value="0" />
  <attribute name="Current GC Util" value="89" />
  <attribute name= "Current Time Running" value="149832" />
  <attribute name ="GC Interval" value="0" />
  <attribute name="Target GC Util Change" value ="80.000000" />
  <attribute name="Current GC Util Change" value="89.000000"/>
  <attribute name="Current Error" value="51.000000" />
  <attribute name="Output H" value="94447584"/>
  <attribute name="Output I" value="2104"/>
  <attribute name="Output T" value="16"/>
  <attribute name= "Current Time Running" value="149832" />
  <attribute name="GC Util currently" value="89" />
  <attribute name="CPU Util currently" value="1120074197862" />
<exclusive-end id="617" timestamp="2019-08-08T12:51:58.461" durationms="14.415" />

<exclusive-start id="618" timestamp="2019-08-08T12:51:58.584" intervalms="137.577">
  <response-info timems="0.062" idlems="0.062" threads="0" lastid="00000000018B4F00" lastname="main" />
</exclusive-start>
<allocation-taxation id="619" taxation-threshold="31457280" timestamp="2019-08-08T12:51:58.584" intervalms="137.572" />
<cycle-start id="620" type="partial gc" contextid="0" timestamp="2019-08-08T12:51:58.584" intervalms="137.588" />
<gc-start id="621" type="partial gc" contextid="620" timestamp="2019-08-08T12:51:58.584">
  <mem-info id="622" free="18874368" total="94371840" percent="20">
    <mem type="eden" free="0" total="31457280" percent="0" />
    <remembered-set count="21792" freebytes="3685632" totalbytes="3772800" percent="97" regionsoverflowed="0" regionsstable="1" regionsrebuilding="0"/>
  </mem-info>
</gc-start>
<allocation-stats totalBytes="31423536" >
  <allocated-bytes non-tlh="0" tlh="31423536" arrayletleaf="0"/>
  <largest-consumer threadName="main" threadId="00000000018B4F00" bytes="31423536" />
</allocation-stats>
<gc-op id="623" type="copy forward" timems="14.226" contextid="620" timestamp="2019-08-08T12:51:58.599">
  <memory-copied type="eden" objects="64299" bytes="1592672" bytesdiscarded="63792" />
  <memory-copied type="other" objects="90153" bytes="2350400" bytesdiscarded="119624" />
  <memory-cardclean objects="591" bytes="35520" />
  <regions eden="15" other="2" />
  <remembered-set-cleared processed="13140" cleared="4606" durationms="0.155" />
  <references type="soft" candidates="746" cleared="0" enqueued="0" dynamicThreshold="17" maxThreshold="32" />
  <references type="weak" candidates="104" cleared="0" enqueued="0" />
  <stringconstants candidates="13328" cleared="0"  />
</gc-op>
<gc-op id="624" type="classunload" timems="0.011" contextid="620" timestamp="2019-08-08T12:51:58.599">
  <classunload-info classloadercandidates="55" classloadersunloaded="0" classesunloaded="0" anonymousclassesunloaded="0" quiescems="0.000" setupms="0.011" scanms="0.000" postms="0.000" />
</gc-op>
<heap-resize id="625" type="contract" space="default" amount="6291456" count="1" timems="0.192" reason="insufficient time being spent in gc" timestamp="2019-08-08T12:51:58.600" />
<gc-end id="626" type="partial gc" contextid="620" durationms="15.748" usertimems="71.336" systemtimems="0.000" timestamp="2019-08-08T12:51:58.600" activeThreads="16">
  <mem-info id="627" free="41943040" total="88080384" percent="47">
    <mem type="eden" free="440688" total="2097152" percent="21" />
    <remembered-set count="27168" freebytes="3664128" totalbytes="3772800" percent="97" regionsoverflowed="0" regionsstable="1" regionsrebuilding="0"/>
  </mem-info>
</gc-end>
<cycle-end id="628" type="partial gc" contextid="620" timestamp="2019-08-08T12:51:58.600" />
  <attribute name="elasticGC enabled" value="1" />
  <attribute name= "numThreadsSpecified" value="16" />
  <attribute name="heapSize specified" value="0" />
  <attribute name="Current GC Util" value="127" />
  <attribute name= "Current Time Running" value="149970" />
  <attribute name ="GC Interval" value="0" />
  <attribute name="Target GC Util Change" value ="80.000000" />
  <attribute name="Current GC Util Change" value="127.000000"/>
  <attribute name="Current Error" value="56.000000" />
  <attribute name="Output H" value="94447584"/>
  <attribute name="Output I" value="2112"/>
  <attribute name="Output T" value="16"/>
  <attribute name= "Current Time Running" value="149970" />
  <attribute name="GC Util currently" value="127" />
  <attribute name="CPU Util currently" value="1488681753611" />
<exclusive-end id="629" timestamp="2019-08-08T12:51:58.600" durationms="16.353" />

<exclusive-start id="630" timestamp="2019-08-08T12:51:58.719" intervalms="135.384">
  <response-info timems="0.361" idlems="0.361" threads="0" lastid="00000000018B4F00" lastname="main" />
</exclusive-start>
<allocation-taxation id="631" taxation-threshold="29360128" timestamp="2019-08-08T12:51:58.719" intervalms="135.420" />
<cycle-start id="632" type="partial gc" contextid="0" timestamp="2019-08-08T12:51:58.719" intervalms="135.504" />
<gc-start id="633" type="partial gc" contextid="632" timestamp="2019-08-08T12:51:58.720">
  <mem-info id="634" free="12582912" total="88080384" percent="14">
    <mem type="eden" free="0" total="29360128" percent="0" />
    <remembered-set count="26848" freebytes="3665408" totalbytes="3772800" percent="97" regionsoverflowed="0" regionsstable="1" regionsrebuilding="0"/>
  </mem-info>
</gc-start>
<allocation-stats totalBytes="29330040" >
  <allocated-bytes non-tlh="65544" tlh="29264496" arrayletleaf="0"/>
  <largest-consumer threadName="main" threadId="00000000018B4F00" bytes="29330040" />
</allocation-stats>
<gc-op id="635" type="copy forward" timems="18.836" contextid="632" timestamp="2019-08-08T12:51:58.741">
  <memory-copied type="eden" objects="62518" bytes="1664136" bytesdiscarded="95048" />
  <memory-copied type="other" objects="66898" bytes="3648272" bytesdiscarded="117784" />
  <memory-cardclean objects="9734" bytes="417448" />
  <regions eden="14" other="2" />
  <remembered-set-cleared processed="15970" cleared="4538" durationms="0.156" />
  <finalization candidates="1" enqueued="0" />
  <references type="soft" candidates="30" cleared="0" enqueued="0" dynamicThreshold="15" maxThreshold="32" />
  <references type="weak" candidates="26" cleared="0" enqueued="0" />
  <references type="phantom" candidates="2" cleared="0" enqueued="0" />
  <stringconstants candidates="13328" cleared="0"  />
</gc-op>
<gc-op id="636" type="classunload" timems="0.009" contextid="632" timestamp="2019-08-08T12:51:58.741">
  <classunload-info classloadercandidates="55" classloadersunloaded="0" classesunloaded="0" anonymousclassesunloaded="0" quiescems="0.000" setupms="0.009" scanms="0.000" postms="0.000" />
</gc-op>
<gc-end id="637" type="partial gc" contextid="632" durationms="21.800" usertimems="48.550" systemtimems="0.000" timestamp="2019-08-08T12:51:58.741" activeThreads="16">
  <mem-info id="638" free="39845888" total="88080384" percent="45">
    <mem type="eden" free="337968" total="2097152" percent="16" />
    <remembered-set count="29760" freebytes="3402240" totalbytes="3521280" percent="96" regionsoverflowed="0" regionsstable="1" regionsrebuilding="0"/>
  </mem-info>
</gc-end>
<cycle-end id="639" type="partial gc" contextid="632" timestamp="2019-08-08T12:51:58.741" />
  <attribute name="elasticGC enabled" value="1" />
  <attribute name= "numThreadsSpecified" value="16" />
  <attribute name="heapSize specified" value="0" />
  <attribute name="Current GC Util" value="73" />
  <attribute name= "Current Time Running" value="150107" />
  <attribute name ="GC Interval" value="0" />
  <attribute name="Target GC Util Change" value ="80.000000" />
  <attribute name="Current GC Util Change" value="73.000000"/>
  <attribute name="Current Error" value="7.000000" />
  <attribute name="Output H" value="88156072"/>
  <attribute name="Output I" value="2024"/>
  <attribute name="Output T" value="16"/>
  <attribute name= "Current Time Running" value="150107" />
  <attribute name="GC Util currently" value="73" />
  <attribute name="CPU Util currently" value="510916540863" />
<exclusive-end id="640" timestamp="2019-08-08T12:51:58.742" durationms="22.419" />

<exclusive-start id="641" timestamp="2019-08-08T12:51:58.781" intervalms="61.415">
  <response-info timems="0.034" idlems="0.034" threads="0" lastid="00000000018B4F00" lastname="main" />
</exclusive-start>
<allocation-taxation id="642" taxation-threshold="14680064" timestamp="2019-08-08T12:51:58.781" intervalms="61.378" />
<cycle-start id="643" type="global mark phase" contextid="0" timestamp="2019-08-08T12:51:58.781" intervalms="3173.772" />
<gc-start id="644" type="global mark phase" contextid="643" timestamp="2019-08-08T12:51:58.781">
  <mem-info id="645" free="25165824" total="88080384" percent="28">
    <remembered-set count="29696" freebytes="3402496" totalbytes="3521280" percent="96" regionsoverflowed="0" regionsstable="1" regionsrebuilding="0"/>
  </mem-info>
</gc-start>
<gc-op id="646" type="mark increment" timems="4.982" contextid="643" timestamp="2019-08-08T12:51:58.786">
  <trace-info objectcount="58105" scancount="38258" scanbytes="1327512" />
</gc-op>
<gc-end id="647" type="global mark phase" contextid="643" durationms="5.036" usertimems="21.345" systemtimems="0.000" timestamp="2019-08-08T12:51:58.786" activeThreads="16">
  <mem-info id="648" free="25165824" total="88080384" percent="28">
    <remembered-set count="32768" freebytes="3390208" totalbytes="3521280" percent="96" regionsoverflowed="0" regionsstable="0" regionsrebuilding="1"/>
  </mem-info>
</gc-end>
<concurrent-start id="649" type="GMP work packet processing" contextid="643" timestamp="2019-08-08T12:51:58.786">
  <concurrent-mark-start scanTarget="6949619" />
</concurrent-start>
<exclusive-end id="650" timestamp="2019-08-08T12:51:58.789" durationms="8.633" />

<concurrent-end id="651" type="GMP work packet processing" contextid="643" timestamp="2019-08-08T12:51:58.790">
  <concurrent-mark-end bytesScanned="6762328" reasonForTermination="Completed all work in GC phase" />
</concurrent-end>

<exclusive-start id="652" timestamp="2019-08-08T12:51:58.825" intervalms="44.678">
  <response-info timems="0.018" idlems="0.018" threads="0" lastid="00000000018B4F00" lastname="main" />
</exclusive-start>
<allocation-taxation id="653" taxation-threshold="14680064" timestamp="2019-08-08T12:51:58.825" intervalms="44.684" />
<cycle-start id="654" type="partial gc" contextid="0" timestamp="2019-08-08T12:51:58.825" intervalms="105.934" />
<gc-start id="655" type="partial gc" contextid="654" timestamp="2019-08-08T12:51:58.826">
  <mem-info id="656" free="10485760" total="88080384" percent="11">
    <mem type="eden" free="0" total="29360128" percent="0" />
    <remembered-set count="47808" freebytes="3330048" totalbytes="3521280" percent="94" regionsoverflowed="0" regionsstable="0" regionsrebuilding="1"/>
  </mem-info>
</gc-start>
<allocation-stats totalBytes="29328424" >
  <allocated-bytes non-tlh="0" tlh="29328424" arrayletleaf="0"/>
  <largest-consumer threadName="main" threadId="00000000018B4F00" bytes="14665552" />
</allocation-stats>
<gc-op id="657" type="copy forward" timems="18.815" contextid="654" timestamp="2019-08-08T12:51:58.845">
  <memory-copied type="eden" objects="60000" bytes="1461368" bytesdiscarded="114568" />
  <memory-copied type="other" objects="126866" bytes="3231680" bytesdiscarded="229184" />
  <memory-cardclean objects="3687" bytes="107256" />
  <regions eden="14" other="2" />
  <remembered-set-cleared processed="37076" cleared="16494" durationms="0.472" />
  <references type="weak" candidates="2" cleared="0" enqueued="0" />
  <stringconstants candidates="13328" cleared="0"  />
</gc-op>
<gc-op id="658" type="classunload" timems="0.010" contextid="654" timestamp="2019-08-08T12:51:58.845">
  <classunload-info classloadercandidates="55" classloadersunloaded="0" classesunloaded="0" anonymousclassesunloaded="0" quiescems="0.000" setupms="0.010" scanms="0.000" postms="0.000" />
</gc-op>
<heap-resize id="659" type="expand" space="default" amount="16777216" count="1" timems="0.117" reason="excessive time being spent in gc" timestamp="2019-08-08T12:51:58.846" />
<gc-end id="660" type="partial gc" contextid="654" durationms="20.004" usertimems="69.549" systemtimems="0.000" timestamp="2019-08-08T12:51:58.846" activeThreads="16">
  <mem-info id="661" free="54525952" total="104857600" percent="52">
    <mem type="eden" free="521216" total="2097152" percent="24" />
    <remembered-set count="45120" freebytes="4011520" totalbytes="4192000" percent="95" regionsoverflowed="0" regionsstable="0" regionsrebuilding="1"/>
  </mem-info>
</gc-end>
<cycle-end id="662" type="partial gc" contextid="654" timestamp="2019-08-08T12:51:58.846" />
  <attribute name="elasticGC enabled" value="1" />
  <attribute name= "numThreadsSpecified" value="16" />
  <attribute name="heapSize specified" value="0" />
  <attribute name="Current GC Util" value="164" />
  <attribute name= "Current Time Running" value="150211" />
  <attribute name ="GC Interval" value="0" />
  <attribute name="Target GC Util Change" value ="80.000000" />
  <attribute name="Current GC Util Change" value="164.000000"/>
  <attribute name="Current Error" value="-84.000000" />
  <attribute name="Output H" value="88155968"/>
  <attribute name="Output I" value="1864"/>
  <attribute name="Output T" value="16"/>
  <attribute name= "Current Time Running" value="150211" />
  <attribute name="GC Util currently" value="164" />
  <attribute name="CPU Util currently" value="1893502516480" />
<exclusive-end id="663" timestamp="2019-08-08T12:51:58.846" durationms="20.473" />

<exclusive-start id="664" timestamp="2019-08-08T12:51:58.888" intervalms="62.328">
  <response-info timems="0.017" idlems="0.017" threads="0" lastid="00000000018B4F00" lastname="main" />
</exclusive-start>
<allocation-taxation id="665" taxation-threshold="16777216" timestamp="2019-08-08T12:51:58.888" intervalms="62.325" />
<gc-start id="666" type="global mark phase" contextid="643" timestamp="2019-08-08T12:51:58.888">
  <mem-info id="667" free="37748736" total="104857600" percent="36">
    <remembered-set count="44896" freebytes="4012416" totalbytes="4192000" percent="95" regionsoverflowed="0" regionsstable="0" regionsrebuilding="1"/>
  </mem-info>
</gc-start>
<gc-op id="668" type="mark increment" timems="9.550" contextid="643" timestamp="2019-08-08T12:51:58.897">
  <trace-info objectcount="63168" scancount="53797" scanbytes="1604412" />
  <cardclean-info objects="19697" bytes="576648" />
  <finalization candidates="81" enqueued="0" />
  <ownableSynchronizers candidates="21" cleared="0" />
  <references type="soft" candidates="2717" cleared="3" enqueued="3" dynamicThreshold="16" maxThreshold="32" />
  <references type="weak" candidates="5570" cleared="67" enqueued="64" />
  <references type="phantom" candidates="100" cleared="2" enqueued="2" />
  <stringconstants candidates="13328" cleared="12"  />
</gc-op>
<gc-op id="669" type="classunload" timems="0.009" contextid="643" timestamp="2019-08-08T12:51:58.897">
  <classunload-info classloadercandidates="55" classloadersunloaded="0" classesunloaded="0" anonymousclassesunloaded="0" quiescems="0.000" setupms="0.009" scanms="0.000" postms="0.000" />
</gc-op>
<gc-end id="670" type="global mark phase" contextid="643" durationms="9.692" usertimems="26.386" systemtimems="0.000" timestamp="2019-08-08T12:51:58.897" activeThreads="16">
  <mem-info id="671" free="37748736" total="104857600" percent="36">
    <pending-finalizers system="0" default="0" reference="69" classloader="0" />
    <remembered-set count="50528" freebytes="3989888" totalbytes="4192000" percent="95" regionsoverflowed="0" regionsstable="0" regionsrebuilding="0"/>
  </mem-info>
</gc-end>
<cycle-end id="672" type="global mark phase" contextid="643" timestamp="2019-08-08T12:51:58.897" />
  <attribute name="elasticGC enabled" value="1" />
  <attribute name= "numThreadsSpecified" value="16" />
  <attribute name="heapSize specified" value="0" />
  <attribute name="Current GC Util" value="378" />
  <attribute name= "Current Time Running" value="150276" />
  <attribute name ="GC Interval" value="0" />
  <attribute name="Target GC Util Change" value ="80.000000" />
  <attribute name="Current GC Util Change" value="378.000000"/>
  <attribute name="Current Error" value="-598.000000" />
  <attribute name="Output H" value="104932592"/>
  <attribute name="Output I" value="944"/>
  <attribute name="Output T" value="16"/>
  <attribute name= "Current Time Running" value="150276" />
  <attribute name="GC Util currently" value="378" />
  <attribute name="CPU Util currently" value="583143571420" />
<exclusive-end id="673" timestamp="2019-08-08T12:51:58.898" durationms="9.965" />

<exclusive-start id="674" timestamp="2019-08-08T12:51:58.941" intervalms="53.358">
  <response-info timems="0.016" idlems="0.016" threads="0" lastid="00000000018B4F00" lastname="main" />
</exclusive-start>
<allocation-taxation id="675" taxation-threshold="16777216" timestamp="2019-08-08T12:51:58.941" intervalms="53.357" />
<cycle-start id="676" type="partial gc" contextid="0" timestamp="2019-08-08T12:51:58.941" intervalms="115.723" />
<gc-start id="677" type="partial gc" contextid="676" timestamp="2019-08-08T12:51:58.941">
  <mem-info id="678" free="20971520" total="104857600" percent="20">
    <mem type="eden" free="131064" total="33554432" percent="0" />
    <remembered-set count="33248" freebytes="4059008" totalbytes="4192000" percent="96" regionsoverflowed="0" regionsstable="1" regionsrebuilding="0"/>
  </mem-info>
</gc-start>
<allocation-stats totalBytes="33387888" >
  <allocated-bytes non-tlh="262160" tlh="33125728" arrayletleaf="0"/>
  <largest-consumer threadName="main" threadId="00000000018B4F00" bytes="16756896" />
</allocation-stats>
<gc-op id="679" type="sweep" timems="2.611" contextid="676" timestamp="2019-08-08T12:51:58.944" />
<gc-op id="680" type="copy forward" timems="15.060" contextid="676" timestamp="2019-08-08T12:51:58.960">
  <memory-copied type="eden" objects="37236" bytes="1064912" bytesdiscarded="57927" />
  <memory-copied type="other" objects="93774" bytes="2433680" bytesdiscarded="129601" />
  <memory-cardclean objects="11149" bytes="440520" />
  <regions eden="8" other="10" />
  <remembered-set-cleared processed="22205" cleared="3959" durationms="0.198" />
  <references type="soft" candidates="2" cleared="0" enqueued="0" dynamicThreshold="11" maxThreshold="32" />
  <references type="weak" candidates="10" cleared="0" enqueued="0" />
  <stringconstants candidates="13316" cleared="0"  />
</gc-op>
<gc-op id="681" type="classunload" timems="0.008" contextid="676" timestamp="2019-08-08T12:51:58.960">
  <classunload-info classloadercandidates="55" classloadersunloaded="0" classesunloaded="0" anonymousclassesunloaded="0" quiescems="0.000" setupms="0.008" scanms="0.000" postms="0.000" />
</gc-op>
<heap-resize id="682" type="expand" space="default" amount="18874368" count="1" timems="0.125" reason="excessive time being spent in gc" timestamp="2019-08-08T12:51:58.960" />
<gc-end id="683" type="partial gc" contextid="676" durationms="19.278" usertimems="70.849" systemtimems="0.000" timestamp="2019-08-08T12:51:58.961" activeThreads="16">
  <mem-info id="684" free="69206016" total="123731968" percent="55">
    <mem type="eden" free="2043240" total="4194304" percent="48" />
    <remembered-set count="39744" freebytes="4787584" totalbytes="4946560" percent="96" regionsoverflowed="0" regionsstable="1" regionsrebuilding="0"/>
  </mem-info>
</gc-end>
<cycle-end id="685" type="partial gc" contextid="676" timestamp="2019-08-08T12:51:58.961" />
  <attribute name="elasticGC enabled" value="1" />
  <attribute name= "numThreadsSpecified" value="16" />
  <attribute name="heapSize specified" value="0" />
  <attribute name="Current GC Util" value="199" />
  <attribute name= "Current Time Running" value="150330" />
  <attribute name ="GC Interval" value="0" />
  <attribute name="Target GC Util Change" value ="80.000000" />
  <attribute name="Current GC Util Change" value="199.000000"/>
  <attribute name="Current Error" value="-119.000000" />
  <attribute name="Output H" value="104933144"/>
  <attribute name="Output I" value="1800"/>
  <attribute name="Output T" value="16"/>
  <attribute name= "Current Time Running" value="150330" />
  <attribute name="GC Util currently" value="199" />
  <attribute name="CPU Util currently" value="1430835540799" />
<exclusive-end id="686" timestamp="2019-08-08T12:51:58.961" durationms="19.815" />

<exclusive-start id="687" timestamp="2019-08-08T12:51:59.094" intervalms="153.166">
  <response-info timems="0.054" idlems="0.054" threads="0" lastid="00000000018B4F00" lastname="main" />
</exclusive-start>
<allocation-taxation id="688" taxation-threshold="37748736" timestamp="2019-08-08T12:51:59.094" intervalms="153.169" />
<cycle-start id="689" type="partial gc" contextid="0" timestamp="2019-08-08T12:51:59.094" intervalms="153.161" />
<gc-start id="690" type="partial gc" contextid="689" timestamp="2019-08-08T12:51:59.094">
  <mem-info id="691" free="31457280" total="123731968" percent="25">
    <mem type="eden" free="0" total="37748736" percent="0" />
    <remembered-set count="39296" freebytes="4789376" totalbytes="4946560" percent="96" regionsoverflowed="0" regionsstable="1" regionsrebuilding="0"/>
  </mem-info>
</gc-start>
<allocation-stats totalBytes="37714328" >
  <allocated-bytes non-tlh="1809512" tlh="35904816" arrayletleaf="0"/>
  <largest-consumer threadName="main" threadId="00000000018B4F00" bytes="37714328" />
</allocation-stats>
<gc-op id="692" type="copy forward" timems="12.033" contextid="689" timestamp="2019-08-08T12:51:59.107">
  <memory-copied type="eden" objects="75271" bytes="3089888" bytesdiscarded="145120" />
  <memory-copied type="other" objects="71184" bytes="2041680" bytesdiscarded="149392" />
  <memory-cardclean objects="10409" bytes="418216" />
  <regions eden="18" other="3" />
  <remembered-set-cleared processed="26517" cleared="5453" durationms="0.389" />
  <finalization candidates="1" enqueued="1" />
  <references type="soft" candidates="1" cleared="0" enqueued="0" dynamicThreshold="17" maxThreshold="32" />
  <references type="weak" candidates="20" cleared="0" enqueued="0" />
  <stringconstants candidates="13316" cleared="0"  />
</gc-op>
<gc-op id="693" type="classunload" timems="0.009" contextid="689" timestamp="2019-08-08T12:51:59.107">
  <classunload-info classloadercandidates="55" classloadersunloaded="0" classesunloaded="0" anonymousclassesunloaded="0" quiescems="0.000" setupms="0.009" scanms="0.000" postms="0.000" />
</gc-op>
<heap-resize id="694" type="expand" space="default" amount="23068672" count="1" timems="0.146" reason="excessive time being spent in gc" timestamp="2019-08-08T12:51:59.108" />
<gc-end id="695" type="partial gc" contextid="689" durationms="13.289" usertimems="49.283" systemtimems="0.000" timestamp="2019-08-08T12:51:59.108" activeThreads="16">
  <mem-info id="696" free="88080384" total="146800640" percent="60">
    <mem type="eden" free="959272" total="4194304" percent="22" />
    <pending-finalizers system="0" default="1" reference="0" classloader="0" />
    <remembered-set count="42976" freebytes="5696896" totalbytes="5868800" percent="97" regionsoverflowed="0" regionsstable="1" regionsrebuilding="0"/>
  </mem-info>
</gc-end>
<cycle-end id="697" type="partial gc" contextid="689" timestamp="2019-08-08T12:51:59.108" />
  <attribute name="elasticGC enabled" value="1" />
  <attribute name= "numThreadsSpecified" value="16" />
  <attribute name="heapSize specified" value="0" />
  <attribute name="Current GC Util" value="134" />
  <attribute name= "Current Time Running" value="150480" />
  <attribute name ="GC Interval" value="0" />
  <attribute name="Target GC Util Change" value ="80.000000" />
  <attribute name="Current GC Util Change" value="134.000000"/>
  <attribute name="Current Error" value="-135.000000" />
  <attribute name="Output H" value="123807496"/>
  <attribute name="Output I" value="1768"/>
  <attribute name="Output T" value="16"/>
  <attribute name= "Current Time Running" value="150480" />
  <attribute name="GC Util currently" value="134" />
  <attribute name="CPU Util currently" value="1703433829831" />
<exclusive-end id="698" timestamp="2019-08-08T12:51:59.108" durationms="13.791" />

-------------------------------------------------------------------------------
PYBENCH 2.0
-------------------------------------------------------------------------------
* using Python 2.5.2
* system check interval set to maximum: 2147483647
* using timer: time.time

Calibrating tests. Please wait...

Running 4 round(s) of the suite at warp factor 10:

<exclusive-start id="699" timestamp="2019-08-08T12:51:59.415" intervalms="321.214">
  <response-info timems="0.063" idlems="0.063" threads="0" lastid="00000000018B4F00" lastname="main" />
</exclusive-start>
<allocation-taxation id="700" taxation-threshold="44040192" timestamp="2019-08-08T12:51:59.415" intervalms="321.218" />
<cycle-start id="701" type="partial gc" contextid="0" timestamp="2019-08-08T12:51:59.415" intervalms="321.279" />
<gc-start id="702" type="partial gc" contextid="701" timestamp="2019-08-08T12:51:59.416">
  <mem-info id="703" free="44040192" total="146800640" percent="30">
    <mem type="eden" free="0" total="44040192" percent="0" />
    <remembered-set count="42720" freebytes="5697920" totalbytes="5868800" percent="97" regionsoverflowed="0" regionsstable="1" regionsrebuilding="0"/>
  </mem-info>
</gc-start>
<allocation-stats totalBytes="44035840" >
  <allocated-bytes non-tlh="214920" tlh="43820920" arrayletleaf="0"/>
  <largest-consumer threadName="main" threadId="00000000018B4F00" bytes="44035840" />
</allocation-stats>
<gc-op id="704" type="copy forward" timems="13.589" contextid="701" timestamp="2019-08-08T12:51:59.430">
  <memory-copied type="eden" objects="81137" bytes="2008424" bytesdiscarded="157544" />
  <memory-copied type="other" objects="75435" bytes="1868016" bytesdiscarded="85568" />
  <memory-cardclean objects="6855" bytes="486960" />
  <regions eden="21" other="3" />
  <remembered-set-cleared processed="30110" cleared="5146" durationms="0.250" />
  <references type="soft" candidates="2149" cleared="0" enqueued="0" dynamicThreshold="19" maxThreshold="32" />
  <references type="weak" candidates="144" cleared="0" enqueued="0" />
  <stringconstants candidates="13775" cleared="5"  />
</gc-op>
<gc-op id="705" type="classunload" timems="0.009" contextid="701" timestamp="2019-08-08T12:51:59.430">
  <classunload-info classloadercandidates="55" classloadersunloaded="0" classesunloaded="0" anonymousclassesunloaded="0" quiescems="0.000" setupms="0.009" scanms="0.000" postms="0.000" />
</gc-op>
<gc-end id="706" type="partial gc" contextid="701" durationms="14.734" usertimems="60.246" systemtimems="0.000" timestamp="2019-08-08T12:51:59.431" activeThreads="16">
  <mem-info id="707" free="85983232" total="146800640" percent="58">
    <mem type="eden" free="2028296" total="4194304" percent="48" />
    <remembered-set count="46336" freebytes="5683456" totalbytes="5868800" percent="96" regionsoverflowed="0" regionsstable="1" regionsrebuilding="0"/>
  </mem-info>
</gc-end>
<cycle-end id="708" type="partial gc" contextid="701" timestamp="2019-08-08T12:51:59.431" />
  <attribute name="elasticGC enabled" value="1" />
  <attribute name= "numThreadsSpecified" value="16" />
  <attribute name="heapSize specified" value="0" />
  <attribute name="Current GC Util" value="123" />
  <attribute name= "Current Time Running" value="150801" />
  <attribute name ="GC Interval" value="0" />
  <attribute name="Target GC Util Change" value ="80.000000" />
  <attribute name="Current GC Util Change" value="123.000000"/>
  <attribute name="Current Error" value="-113.000000" />
  <attribute name="Output H" value="146876192"/>
  <attribute name="Output I" value="1808"/>
  <attribute name="Output T" value="16"/>
  <attribute name= "Current Time Running" value="150801" />
  <attribute name="GC Util currently" value="123" />
  <attribute name="CPU Util currently" value="1680080281051" />
<exclusive-end id="709" timestamp="2019-08-08T12:51:59.431" durationms="15.417" />

<exclusive-start id="710" timestamp="2019-08-08T12:52:01.854" intervalms="2438.552">
  <response-info timems="0.038" idlems="0.038" threads="0" lastid="00000000018B4F00" lastname="main" />
</exclusive-start>
<allocation-taxation id="711" taxation-threshold="44040192" timestamp="2019-08-08T12:52:01.854" intervalms="2438.541" />
<cycle-start id="712" type="partial gc" contextid="0" timestamp="2019-08-08T12:52:01.854" intervalms="2438.499" />
<gc-start id="713" type="partial gc" contextid="712" timestamp="2019-08-08T12:52:01.854">
  <mem-info id="714" free="41943040" total="146800640" percent="28">
    <mem type="eden" free="0" total="44040192" percent="0" />
    <remembered-set count="45920" freebytes="5685120" totalbytes="5868800" percent="96" regionsoverflowed="0" regionsstable="1" regionsrebuilding="0"/>
  </mem-info>
</gc-start>
<allocation-stats totalBytes="44030472" >
  <allocated-bytes non-tlh="64" tlh="44030408" arrayletleaf="0"/>
  <largest-consumer threadName="main" threadId="00000000018B4F00" bytes="44030472" />
</allocation-stats>
<gc-op id="715" type="copy forward" timems="9.617" contextid="712" timestamp="2019-08-08T12:52:01.865">
  <memory-copied type="eden" objects="91" bytes="3432" bytesdiscarded="12376" />
  <memory-copied type="other" objects="81614" bytes="2026680" bytesdiscarded="117896" />
  <memory-cardclean objects="1115" bytes="51920" />
  <regions eden="21" other="3" />
  <remembered-set-cleared processed="34473" cleared="4267" durationms="0.234" />
  <references type="soft" candidates="2141" cleared="0" enqueued="0" dynamicThreshold="18" maxThreshold="32" />
  <references type="weak" candidates="98" cleared="0" enqueued="0" />
  <stringconstants candidates="13771" cleared="0"  />
</gc-op>
<gc-op id="716" type="classunload" timems="0.008" contextid="712" timestamp="2019-08-08T12:52:01.865">
  <classunload-info classloadercandidates="55" classloadersunloaded="0" classesunloaded="0" anonymousclassesunloaded="0" quiescems="0.000" setupms="0.008" scanms="0.000" postms="0.000" />
</gc-op>
<gc-end id="717" type="partial gc" contextid="712" durationms="11.233" usertimems="35.378" systemtimems="0.000" timestamp="2019-08-08T12:52:01.865" activeThreads="16">
  <mem-info id="718" free="83886080" total="146800640" percent="57">
    <mem type="eden" free="2081344" total="2097152" percent="99" />
    <remembered-set count="45824" freebytes="5685504" totalbytes="5868800" percent="96" regionsoverflowed="0" regionsstable="1" regionsrebuilding="0"/>
  </mem-info>
</gc-end>
<cycle-end id="719" type="partial gc" contextid="712" timestamp="2019-08-08T12:52:01.865" />
  <attribute name="elasticGC enabled" value="1" />
  <attribute name= "numThreadsSpecified" value="16" />
  <attribute name="heapSize specified" value="0" />
  <attribute name="Current GC Util" value="215" />
  <attribute name= "Current Time Running" value="153240" />
  <attribute name ="GC Interval" value="0" />
  <attribute name="Target GC Util Change" value ="80.000000" />
  <attribute name="Current GC Util Change" value="215.000000"/>
  <attribute name="Current Error" value="-135.000000" />
  <attribute name="Output H" value="146876168"/>
  <attribute name="Output I" value="1768"/>
  <attribute name="Output T" value="16"/>
  <attribute name= "Current Time Running" value="153240" />
  <attribute name="GC Util currently" value="215" />
  <attribute name="CPU Util currently" value="944437018996" />
<exclusive-end id="720" timestamp="2019-08-08T12:52:01.866" durationms="11.851" />

<exclusive-start id="721" timestamp="2019-08-08T12:52:01.906" intervalms="52.554">
  <response-info timems="0.040" idlems="0.040" threads="0" lastid="00000000018B4F00" lastname="main" />
</exclusive-start>
<allocation-taxation id="722" taxation-threshold="44040192" timestamp="2019-08-08T12:52:01.906" intervalms="52.559" />
<cycle-start id="723" type="partial gc" contextid="0" timestamp="2019-08-08T12:52:01.907" intervalms="52.541" />
<gc-start id="724" type="partial gc" contextid="723" timestamp="2019-08-08T12:52:01.907">
  <mem-info id="725" free="39845888" total="146800640" percent="27">
    <mem type="eden" free="0" total="44040192" percent="0" />
    <remembered-set count="45472" freebytes="5686912" totalbytes="5868800" percent="96" regionsoverflowed="0" regionsstable="1" regionsrebuilding="0"/>
  </mem-info>
</gc-start>
<allocation-stats totalBytes="43875216" >
  <allocated-bytes non-tlh="0" tlh="43875216" arrayletleaf="0"/>
  <largest-consumer threadName="main" threadId="00000000018B4F00" bytes="43875216" />
</allocation-stats>
<gc-op id="726" type="copy forward" timems="18.393" contextid="723" timestamp="2019-08-08T12:52:01.926">
  <memory-copied type="eden" objects="1" bytes="32" bytesdiscarded="0" />
  <memory-copied type="other" objects="12957" bytes="763800" bytesdiscarded="43112" />
  <memory-cardclean objects="2871" bytes="125576" />
  <regions eden="21" other="3" />
  <remembered-set-cleared processed="34357" cleared="1599" durationms="0.405" />
  <references type="soft" candidates="62" cleared="0" enqueued="0" dynamicThreshold="18" maxThreshold="32" />
  <references type="weak" candidates="123" cleared="0" enqueued="0" />
  <references type="phantom" candidates="3" cleared="0" enqueued="0" />
  <stringconstants candidates="13771" cleared="0"  />
</gc-op>
<gc-op id="727" type="classunload" timems="0.009" contextid="723" timestamp="2019-08-08T12:52:01.926">
  <classunload-info classloadercandidates="55" classloadersunloaded="0" classesunloaded="0" anonymousclassesunloaded="0" quiescems="0.000" setupms="0.008" scanms="0.000" postms="0.000" />
</gc-op>
<heap-resize id="728" type="contract" space="default" amount="8388608" count="1" timems="0.076" reason="insufficient time being spent in gc" timestamp="2019-08-08T12:52:01.927" />
<gc-end id="729" type="partial gc" contextid="723" durationms="19.824" usertimems="41.948" systemtimems="0.000" timestamp="2019-08-08T12:52:01.927" activeThreads="16">
  <mem-info id="730" free="73400320" total="138412032" percent="53">
    <mem type="eden" free="2097120" total="2097152" percent="99" />
    <remembered-set count="45664" freebytes="5686144" totalbytes="5868800" percent="96" regionsoverflowed="0" regionsstable="1" regionsrebuilding="0"/>
  </mem-info>
</gc-end>
<cycle-end id="731" type="partial gc" contextid="723" timestamp="2019-08-08T12:52:01.927" />
  <attribute name="elasticGC enabled" value="1" />
  <attribute name= "numThreadsSpecified" value="16" />
  <attribute name="heapSize specified" value="0" />
  <attribute name="Current GC Util" value="189" />
  <attribute name= "Current Time Running" value="153293" />
  <attribute name ="GC Interval" value="0" />
  <attribute name="Target GC Util Change" value ="80.000000" />
  <attribute name="Current GC Util Change" value="189.000000"/>
  <attribute name="Current Error" value="-225.000000" />
  <attribute name="Output H" value="146876064"/>
  <attribute name="Output I" value="1608"/>
  <attribute name="Output T" value="16"/>
  <attribute name= "Current Time Running" value="153293" />
  <attribute name="GC Util currently" value="189" />
  <attribute name="CPU Util currently" value="1350551785099" />
<exclusive-end id="732" timestamp="2019-08-08T12:52:01.927" durationms="20.585" />

<exclusive-start id="733" timestamp="2019-08-08T12:52:01.966" intervalms="59.114">
  <response-info timems="0.042" idlems="0.042" threads="0" lastid="00000000018B4F00" lastname="main" />
</exclusive-start>
<allocation-taxation id="734" taxation-threshold="41943040" timestamp="2019-08-08T12:52:01.966" intervalms="59.113" />
<cycle-start id="735" type="partial gc" contextid="0" timestamp="2019-08-08T12:52:01.966" intervalms="59.109" />
<gc-start id="736" type="partial gc" contextid="735" timestamp="2019-08-08T12:52:01.966">
  <mem-info id="737" free="31457280" total="138412032" percent="22">
    <mem type="eden" free="2097120" total="44040192" percent="4" />
    <remembered-set count="45440" freebytes="5687040" totalbytes="5868800" percent="96" regionsoverflowed="0" regionsstable="1" regionsrebuilding="0"/>
  </mem-info>
</gc-start>
<allocation-stats totalBytes="41798008" >
  <allocated-bytes non-tlh="0" tlh="41798008" arrayletleaf="0"/>
  <largest-consumer threadName="main" threadId="00000000018B4F00" bytes="41798008" />
</allocation-stats>
<gc-op id="738" type="copy forward" timems="15.327" contextid="735" timestamp="2019-08-08T12:52:01.984">
  <memory-copied type="eden" objects="2" bytes="56" bytesdiscarded="0" />
  <memory-copied type="other" objects="15833" bytes="1207288" bytesdiscarded="203240" />
  <memory-cardclean objects="194060" bytes="6836168" />
  <regions eden="20" other="4" />
  <remembered-set-cleared processed="17794" cleared="8144" durationms="0.180" />
  <finalization candidates="49" enqueued="0" />
  <ownableSynchronizers candidates="17" cleared="0" />
  <references type="soft" candidates="79" cleared="0" enqueued="0" dynamicThreshold="16" maxThreshold="32" />
  <references type="weak" candidates="851" cleared="0" enqueued="0" />
  <references type="phantom" candidates="34" cleared="0" enqueued="0" />
  <stringconstants candidates="13771" cleared="0"  />
</gc-op>
<gc-op id="739" type="classunload" timems="0.010" contextid="735" timestamp="2019-08-08T12:52:01.984">
  <classunload-info classloadercandidates="55" classloadersunloaded="0" classesunloaded="0" anonymousclassesunloaded="0" quiescems="0.000" setupms="0.009" scanms="0.000" postms="0.000" />
</gc-op>
<heap-resize id="740" type="contract" space="default" amount="8388608" count="1" timems="0.201" reason="insufficient time being spent in gc" timestamp="2019-08-08T12:52:01.984" />
<gc-end id="741" type="partial gc" contextid="735" durationms="18.119" usertimems="68.532" systemtimems="0.000" timestamp="2019-08-08T12:52:01.984" activeThreads="16">
  <mem-info id="742" free="67108864" total="130023424" percent="51">
    <mem type="eden" free="2097096" total="2097152" percent="99" />
    <remembered-set count="43872" freebytes="5357952" totalbytes="5533440" percent="96" regionsoverflowed="0" regionsstable="1" regionsrebuilding="0"/>
  </mem-info>
</gc-end>
<cycle-end id="743" type="partial gc" contextid="735" timestamp="2019-08-08T12:52:01.984" />
  <attribute name="elasticGC enabled" value="1" />
  <attribute name= "numThreadsSpecified" value="16" />
  <attribute name="heapSize specified" value="0" />
  <attribute name="Current GC Util" value="157" />
  <attribute name= "Current Time Running" value="153353" />
  <attribute name ="GC Interval" value="0" />
  <attribute name="Target GC Util Change" value ="80.000000" />
  <attribute name="Current GC Util Change" value="157.000000"/>
  <attribute name="Current Error" value="-284.000000" />
  <attribute name="Output H" value="138487392"/>
  <attribute name="Output I" value="1504"/>
  <attribute name="Output T" value="16"/>
  <attribute name= "Current Time Running" value="153353" />
  <attribute name="GC Util currently" value="157" />
  <attribute name="CPU Util currently" value="560688302935" />
<exclusive-end id="744" timestamp="2019-08-08T12:52:01.984" durationms="18.765" />

<exclusive-start id="745" timestamp="2019-08-08T12:52:02.022" intervalms="56.623">
  <response-info timems="0.047" idlems="0.047" threads="0" lastid="00000000018B4F00" lastname="main" />
</exclusive-start>
<allocation-taxation id="746" taxation-threshold="39845888" timestamp="2019-08-08T12:52:02.022" intervalms="56.624" />
<cycle-start id="747" type="partial gc" contextid="0" timestamp="2019-08-08T12:52:02.022" intervalms="56.656" />
<gc-start id="748" type="partial gc" contextid="747" timestamp="2019-08-08T12:52:02.023">
  <mem-info id="749" free="27262976" total="130023424" percent="20">
    <mem type="eden" free="2097096" total="41943040" percent="4" />
    <remembered-set count="43584" freebytes="5359104" totalbytes="5533440" percent="96" regionsoverflowed="0" regionsstable="1" regionsrebuilding="0"/>
  </mem-info>
</gc-start>
<allocation-stats totalBytes="39711728" >
  <allocated-bytes non-tlh="0" tlh="39711728" arrayletleaf="0"/>
  <largest-consumer threadName="main" threadId="00000000018B4F00" bytes="39711728" />
</allocation-stats>
<gc-op id="750" type="copy forward" timems="13.815" contextid="747" timestamp="2019-08-08T12:52:02.038">
  <memory-copied type="eden" objects="2" bytes="56" bytesdiscarded="0" />
  <memory-copied type="other" objects="1159" bytes="45040" bytesdiscarded="7224" />
  <memory-cardclean objects="1425" bytes="63680" />
  <regions eden="19" other="2" />
  <remembered-set-cleared processed="33151" cleared="578" durationms="0.279" />
  <references type="soft" candidates="4" cleared="0" enqueued="0" dynamicThreshold="16" maxThreshold="32" />
  <references type="weak" candidates="10" cleared="0" enqueued="0" />
  <stringconstants candidates="13771" cleared="0"  />
</gc-op>
<gc-op id="751" type="classunload" timems="0.018" contextid="747" timestamp="2019-08-08T12:52:02.038">
  <classunload-info classloadercandidates="55" classloadersunloaded="0" classesunloaded="0" anonymousclassesunloaded="0" quiescems="0.000" setupms="0.018" scanms="0.000" postms="0.000" />
</gc-op>
<heap-resize id="752" type="expand" space="default" amount="23068672" count="1" timems="0.135" reason="excessive time being spent in gc" timestamp="2019-08-08T12:52:02.038" />
<gc-end id="753" type="partial gc" contextid="747" durationms="15.491" usertimems="45.644" systemtimems="0.000" timestamp="2019-08-08T12:52:02.038" activeThreads="16">
  <mem-info id="754" free="90177536" total="153092096" percent="58">
    <mem type="eden" free="2097096" total="2097152" percent="99" />
    <remembered-set count="45376" freebytes="5938816" totalbytes="6120320" percent="97" regionsoverflowed="0" regionsstable="1" regionsrebuilding="0"/>
  </mem-info>
</gc-end>
<cycle-end id="755" type="partial gc" contextid="747" timestamp="2019-08-08T12:52:02.038" />
  <attribute name="elasticGC enabled" value="1" />
  <attribute name= "numThreadsSpecified" value="16" />
  <attribute name="heapSize specified" value="0" />
  <attribute name="Current GC Util" value="85" />
  <attribute name= "Current Time Running" value="153408" />
  <attribute name ="GC Interval" value="0" />
  <attribute name="Target GC Util Change" value ="80.000000" />
  <attribute name="Current GC Util Change" value="85.000000"/>
  <attribute name="Current Error" value="-5.000000" />
  <attribute name="Output H" value="130099104"/>
  <attribute name="Output I" value="2000"/>
  <attribute name="Output T" value="16"/>
  <attribute name= "Current Time Running" value="153408" />
  <attribute name="GC Util currently" value="85" />
  <attribute name="CPU Util currently" value="1249382570197" />
<exclusive-end id="756" timestamp="2019-08-08T12:52:02.038" durationms="16.145" />

<exclusive-start id="757" timestamp="2019-08-08T12:52:02.074" intervalms="51.996">
  <response-info timems="0.043" idlems="0.043" threads="0" lastid="00000000018B4F00" lastname="main" />
</exclusive-start>
<allocation-taxation id="758" taxation-threshold="46137344" timestamp="2019-08-08T12:52:02.074" intervalms="51.995" />
<cycle-start id="759" type="partial gc" contextid="0" timestamp="2019-08-08T12:52:02.074" intervalms="51.962" />
<gc-start id="760" type="partial gc" contextid="759" timestamp="2019-08-08T12:52:02.074">
  <mem-info id="761" free="44040192" total="153092096" percent="28">
    <mem type="eden" free="2097096" total="48234496" percent="4" />
    <remembered-set count="45248" freebytes="5939328" totalbytes="6120320" percent="97" regionsoverflowed="0" regionsstable="1" regionsrebuilding="0"/>
  </mem-info>
</gc-start>
<allocation-stats totalBytes="45982592" >
  <allocated-bytes non-tlh="0" tlh="45982592" arrayletleaf="0"/>
  <largest-consumer threadName="main" threadId="00000000018B4F00" bytes="45982592" />
</allocation-stats>
<gc-op id="762" type="copy forward" timems="11.183" contextid="759" timestamp="2019-08-08T12:52:02.087">
  <memory-copied type="eden" objects="2" bytes="56" bytesdiscarded="0" />
  <memory-copied type="other" objects="26614" bytes="1208912" bytesdiscarded="204232" />
  <memory-cardclean objects="103635" bytes="3363832" />
  <regions eden="22" other="4" />
  <remembered-set-cleared processed="21225" cleared="7761" durationms="0.414" />
  <finalization candidates="13" enqueued="0" />
  <references type="soft" candidates="482" cleared="0" enqueued="0" dynamicThreshold="18" maxThreshold="32" />
  <references type="weak" candidates="1244" cleared="0" enqueued="0" />
  <references type="phantom" candidates="51" cleared="0" enqueued="0" />
  <stringconstants candidates="13771" cleared="0"  />
</gc-op>
<gc-op id="763" type="classunload" timems="0.010" contextid="759" timestamp="2019-08-08T12:52:02.087">
  <classunload-info classloadercandidates="55" classloadersunloaded="0" classesunloaded="0" anonymousclassesunloaded="0" quiescems="0.000" setupms="0.010" scanms="0.000" postms="0.000" />
</gc-op>
<gc-end id="764" type="partial gc" contextid="759" durationms="13.140" usertimems="50.166" systemtimems="0.000" timestamp="2019-08-08T12:52:02.088" activeThreads="16">
  <mem-info id="765" free="94371840" total="153092096" percent="61">
    <mem type="eden" free="2097096" total="2097152" percent="99" />
    <remembered-set count="42528" freebytes="5950208" totalbytes="6120320" percent="97" regionsoverflowed="0" regionsstable="1" regionsrebuilding="0"/>
  </mem-info>
</gc-end>
<cycle-end id="766" type="partial gc" contextid="759" timestamp="2019-08-08T12:52:02.088" />
  <attribute name="elasticGC enabled" value="1" />
  <attribute name= "numThreadsSpecified" value="16" />
  <attribute name="heapSize specified" value="0" />
  <attribute name="Current GC Util" value="192" />
  <attribute name= "Current Time Running" value="153461" />
  <attribute name ="GC Interval" value="0" />
  <attribute name="Target GC Util Change" value ="80.000000" />
  <attribute name="Current GC Util Change" value="192.000000"/>
  <attribute name="Current Error" value="-97.000000" />
  <attribute name="Output H" value="153167664"/>
  <attribute name="Output I" value="1840"/>
  <attribute name="Output T" value="16"/>
  <attribute name= "Current Time Running" value="153461" />
  <attribute name="GC Util currently" value="192" />
  <attribute name="CPU Util currently" value="755981869552" />
<exclusive-end id="767" timestamp="2019-08-08T12:52:02.088" durationms="13.735" />

<exclusive-start id="768" timestamp="2019-08-08T12:52:02.122" intervalms="47.528">
  <response-info timems="0.041" idlems="0.041" threads="0" lastid="00000000018B4F00" lastname="main" />
</exclusive-start>
<allocation-taxation id="769" taxation-threshold="46137344" timestamp="2019-08-08T12:52:02.122" intervalms="47.527" />
<cycle-start id="770" type="partial gc" contextid="0" timestamp="2019-08-08T12:52:02.122" intervalms="47.603" />
<gc-start id="771" type="partial gc" contextid="770" timestamp="2019-08-08T12:52:02.122">
  <mem-info id="772" free="48234496" total="153092096" percent="31">
    <mem type="eden" free="2097096" total="48234496" percent="4" />
    <remembered-set count="42208" freebytes="5951488" totalbytes="6120320" percent="97" regionsoverflowed="0" regionsstable="1" regionsrebuilding="0"/>
  </mem-info>
</gc-start>
<allocation-stats totalBytes="45982616" >
  <allocated-bytes non-tlh="0" tlh="45982616" arrayletleaf="0"/>
  <largest-consumer threadName="main" threadId="00000000018B4F00" bytes="45982616" />
</allocation-stats>
<gc-op id="773" type="copy forward" timems="8.662" contextid="770" timestamp="2019-08-08T12:52:02.132">
  <memory-copied type="eden" objects="2" bytes="56" bytesdiscarded="0" />
  <memory-copied type="other" objects="1206" bytes="42272" bytesdiscarded="5384" />
  <memory-cardclean objects="1536" bytes="55208" />
  <regions eden="22" other="2" />
  <remembered-set-cleared processed="32690" cleared="558" durationms="0.292" />
  <references type="soft" candidates="35" cleared="0" enqueued="0" dynamicThreshold="19" maxThreshold="32" />
  <references type="weak" candidates="55" cleared="0" enqueued="0" />
  <stringconstants candidates="13771" cleared="0"  />
</gc-op>
<gc-op id="774" type="classunload" timems="0.007" contextid="770" timestamp="2019-08-08T12:52:02.133">
  <classunload-info classloadercandidates="55" classloadersunloaded="0" classesunloaded="0" anonymousclassesunloaded="0" quiescems="0.000" setupms="0.007" scanms="0.000" postms="0.000" />
</gc-op>
<gc-end id="775" type="partial gc" contextid="770" durationms="10.579" usertimems="30.217" systemtimems="0.000" timestamp="2019-08-08T12:52:02.133" activeThreads="16">
  <mem-info id="776" free="94371840" total="153092096" percent="61">
    <mem type="eden" free="2097096" total="2097152" percent="99" />
    <remembered-set count="43168" freebytes="5947648" totalbytes="6120320" percent="97" regionsoverflowed="0" regionsstable="1" regionsrebuilding="0"/>
  </mem-info>
</gc-end>
<cycle-end id="777" type="partial gc" contextid="770" timestamp="2019-08-08T12:52:02.133" />
  <attribute name="elasticGC enabled" value="1" />
  <attribute name= "numThreadsSpecified" value="16" />
  <attribute name="heapSize specified" value="0" />
  <attribute name="Current GC Util" value="409" />
  <attribute name= "Current Time Running" value="153508" />
  <attribute name ="GC Interval" value="0" />
  <attribute name="Target GC Util Change" value ="80.000000" />
  <attribute name="Current GC Util Change" value="409.000000"/>
  <attribute name="Current Error" value="-437.000000" />
  <attribute name="Output H" value="153167272"/>
  <attribute name="Output I" value="1232"/>
  <attribute name="Output T" value="16"/>
  <attribute name= "Current Time Running" value="153508" />
  <attribute name="GC Util currently" value="409" />
  <attribute name="CPU Util currently" value="775447048863" />
<exclusive-end id="778" timestamp="2019-08-08T12:52:02.133" durationms="11.229" />

<exclusive-start id="779" timestamp="2019-08-08T12:52:02.169" intervalms="47.349">
  <response-info timems="0.046" idlems="0.046" threads="0" lastid="00000000018B4F00" lastname="main" />
</exclusive-start>
<allocation-taxation id="780" taxation-threshold="46137344" timestamp="2019-08-08T12:52:02.169" intervalms="47.352" />
<cycle-start id="781" type="partial gc" contextid="0" timestamp="2019-08-08T12:52:02.169" intervalms="47.287" />
<gc-start id="782" type="partial gc" contextid="781" timestamp="2019-08-08T12:52:02.169">
  <mem-info id="783" free="48234496" total="153092096" percent="31">
    <mem type="eden" free="2097096" total="48234496" percent="4" />
    <remembered-set count="42976" freebytes="5948416" totalbytes="6120320" percent="97" regionsoverflowed="0" regionsstable="1" regionsrebuilding="0"/>
  </mem-info>
</gc-start>
<allocation-stats totalBytes="45982592" >
  <allocated-bytes non-tlh="0" tlh="45982592" arrayletleaf="0"/>
  <largest-consumer threadName="main" threadId="00000000018B4F00" bytes="45982592" />
</allocation-stats>
<gc-op id="784" type="copy forward" timems="11.090" contextid="781" timestamp="2019-08-08T12:52:02.181">
  <memory-copied type="eden" objects="2" bytes="56" bytesdiscarded="0" />
  <memory-copied type="other" objects="5710" bytes="226056" bytesdiscarded="21856" />
  <memory-cardclean objects="494" bytes="37736" />
  <regions eden="22" other="3" />
  <remembered-set-cleared processed="32677" cleared="844" durationms="0.285" />
  <references type="soft" candidates="96" cleared="0" enqueued="0" dynamicThreshold="19" maxThreshold="32" />
  <references type="weak" candidates="245" cleared="0" enqueued="0" />
  <stringconstants candidates="13771" cleared="0"  />
</gc-op>
<gc-op id="785" type="classunload" timems="0.008" contextid="781" timestamp="2019-08-08T12:52:02.181">
  <classunload-info classloadercandidates="55" classloadersunloaded="0" classesunloaded="0" anonymousclassesunloaded="0" quiescems="0.000" setupms="0.008" scanms="0.000" postms="0.000" />
</gc-op>
<heap-resize id="786" type="contract" space="default" amount="6291456" count="1" timems="0.265" reason="excess free space following gc" timestamp="2019-08-08T12:52:02.182" />
<gc-end id="787" type="partial gc" contextid="781" durationms="12.505" usertimems="40.008" systemtimems="0.000" timestamp="2019-08-08T12:52:02.182" activeThreads="16">
  <mem-info id="788" free="90177536" total="146800640" percent="61">
    <mem type="eden" free="2097096" total="2097152" percent="99" />
    <remembered-set count="44704" freebytes="5941504" totalbytes="6120320" percent="97" regionsoverflowed="0" regionsstable="1" regionsrebuilding="0"/>
  </mem-info>
</gc-end>
<cycle-end id="789" type="partial gc" contextid="781" timestamp="2019-08-08T12:52:02.182" />
  <attribute name="elasticGC enabled" value="1" />
  <attribute name= "numThreadsSpecified" value="16" />
  <attribute name="heapSize specified" value="0" />
  <attribute name="Current GC Util" value="151" />
  <attribute name= "Current Time Running" value="153555" />
  <attribute name ="GC Interval" value="0" />
  <attribute name="Target GC Util Change" value ="80.000000" />
  <attribute name="Current GC Util Change" value="151.000000"/>
  <attribute name="Current Error" value="-71.000000" />
  <attribute name="Output H" value="153167696"/>
  <attribute name="Output I" value="1888"/>
  <attribute name="Output T" value="16"/>
  <attribute name= "Current Time Running" value="153555" />
  <attribute name="GC Util currently" value="151" />
  <attribute name="CPU Util currently" value="1839291879333" />
<exclusive-end id="790" timestamp="2019-08-08T12:52:02.182" durationms="13.050" />

<exclusive-start id="791" timestamp="2019-08-08T12:52:02.215" intervalms="45.731">
  <response-info timems="0.094" idlems="0.094" threads="0" lastid="00000000018B4F00" lastname="main" />
</exclusive-start>
<allocation-taxation id="792" taxation-threshold="44040192" timestamp="2019-08-08T12:52:02.215" intervalms="45.766" />
<cycle-start id="793" type="partial gc" contextid="0" timestamp="2019-08-08T12:52:02.215" intervalms="45.795" />
<gc-start id="794" type="partial gc" contextid="793" timestamp="2019-08-08T12:52:02.215">
  <mem-info id="795" free="46137344" total="146800640" percent="31">
    <mem type="eden" free="2097096" total="46137344" percent="4" />
    <remembered-set count="44256" freebytes="5943296" totalbytes="6120320" percent="97" regionsoverflowed="0" regionsstable="1" regionsrebuilding="0"/>
  </mem-info>
</gc-start>
<allocation-stats totalBytes="43892304" >
  <allocated-bytes non-tlh="0" tlh="43892304" arrayletleaf="0"/>
  <largest-consumer threadName="main" threadId="00000000018B4F00" bytes="43892304" />
</allocation-stats>
<gc-op id="796" type="copy forward" timems="9.377" contextid="793" timestamp="2019-08-08T12:52:02.227">
  <memory-copied type="eden" objects="2" bytes="56" bytesdiscarded="0" />
  <memory-copied type="other" objects="24796" bytes="695256" bytesdiscarded="43224" />
  <memory-cardclean objects="5312" bytes="427400" />
  <regions eden="21" other="2" />
  <remembered-set-cleared processed="32208" cleared="3355" durationms="0.264" />
  <references type="soft" candidates="746" cleared="0" enqueued="0" dynamicThreshold="19" maxThreshold="32" />
  <references type="weak" candidates="113" cleared="0" enqueued="0" />
  <stringconstants candidates="13771" cleared="0"  />
</gc-op>
<gc-op id="797" type="classunload" timems="0.011" contextid="793" timestamp="2019-08-08T12:52:02.227">
  <classunload-info classloadercandidates="55" classloadersunloaded="0" classesunloaded="0" anonymousclassesunloaded="0" quiescems="0.000" setupms="0.011" scanms="0.000" postms="0.000" />
</gc-op>
<gc-end id="798" type="partial gc" contextid="793" durationms="11.679" usertimems="29.802" systemtimems="0.000" timestamp="2019-08-08T12:52:02.227" activeThreads="16">
  <mem-info id="799" free="90177536" total="146800640" percent="61">
    <mem type="eden" free="2097096" total="2097152" percent="99" />
    <remembered-set count="41856" freebytes="5701376" totalbytes="5868800" percent="97" regionsoverflowed="0" regionsstable="1" regionsrebuilding="0"/>
  </mem-info>
</gc-end>
<cycle-end id="800" type="partial gc" contextid="793" timestamp="2019-08-08T12:52:02.227" />
  <attribute name="elasticGC enabled" value="1" />
  <attribute name= "numThreadsSpecified" value="16" />
  <attribute name="heapSize specified" value="0" />
  <attribute name="Current GC Util" value="184" />
  <attribute name= "Current Time Running" value="153602" />
  <attribute name ="GC Interval" value="0" />
  <attribute name="Target GC Util Change" value ="80.000000" />
  <attribute name="Current GC Util Change" value="184.000000"/>
  <attribute name="Current Error" value="-158.000000" />
  <attribute name="Output H" value="146876144"/>
  <attribute name="Output I" value="1728"/>
  <attribute name="Output T" value="16"/>
  <attribute name= "Current Time Running" value="153602" />
  <attribute name="GC Util currently" value="184" />
  <attribute name="CPU Util currently" value="632558568724" />
<exclusive-end id="801" timestamp="2019-08-08T12:52:02.227" durationms="12.309" />

<exclusive-start id="802" timestamp="2019-08-08T12:52:02.258" intervalms="43.280">
  <response-info timems="0.074" idlems="0.074" threads="0" lastid="00000000018B4F00" lastname="main" />
</exclusive-start>
<allocation-taxation id="803" taxation-threshold="44040192" timestamp="2019-08-08T12:52:02.258" intervalms="43.255" />
<cycle-start id="804" type="partial gc" contextid="0" timestamp="2019-08-08T12:52:02.258" intervalms="43.237" />
<gc-start id="805" type="partial gc" contextid="804" timestamp="2019-08-08T12:52:02.258">
  <mem-info id="806" free="46137344" total="146800640" percent="31">
    <mem type="eden" free="2097096" total="46137344" percent="4" />
    <remembered-set count="41792" freebytes="5701632" totalbytes="5868800" percent="97" regionsoverflowed="0" regionsstable="1" regionsrebuilding="0"/>
  </mem-info>
</gc-start>
<allocation-stats totalBytes="43892304" >
  <allocated-bytes non-tlh="0" tlh="43892304" arrayletleaf="0"/>
  <largest-consumer threadName="main" threadId="00000000018B4F00" bytes="43892304" />
</allocation-stats>
<gc-op id="807" type="copy forward" timems="17.977" contextid="804" timestamp="2019-08-08T12:52:02.279">
  <memory-copied type="eden" objects="2" bytes="56" bytesdiscarded="0" />
  <memory-copied type="other" objects="63741" bytes="1553840" bytesdiscarded="74336" />
  <memory-cardclean objects="5075" bytes="412128" />
  <regions eden="21" other="2" />
  <remembered-set-cleared processed="32293" cleared="4880" durationms="0.242" />
  <references type="weak" candidates="2" cleared="0" enqueued="0" />
  <stringconstants candidates="13771" cleared="0"  />
</gc-op>
<gc-op id="808" type="classunload" timems="0.014" contextid="804" timestamp="2019-08-08T12:52:02.279">
  <classunload-info classloadercandidates="55" classloadersunloaded="0" classesunloaded="0" anonymousclassesunloaded="0" quiescems="0.000" setupms="0.014" scanms="0.000" postms="0.000" />
</gc-op>
<gc-end id="809" type="partial gc" contextid="804" durationms="20.529" usertimems="42.619" systemtimems="0.000" timestamp="2019-08-08T12:52:02.279" activeThreads="16">
  <mem-info id="810" free="90177536" total="146800640" percent="61">
    <mem type="eden" free="2097096" total="2097152" percent="99" />
    <remembered-set count="40416" freebytes="5707136" totalbytes="5868800" percent="97" regionsoverflowed="0" regionsstable="1" regionsrebuilding="0"/>
  </mem-info>
</gc-end>
<cycle-end id="811" type="partial gc" contextid="804" timestamp="2019-08-08T12:52:02.279" />
  <attribute name="elasticGC enabled" value="1" />
  <attribute name= "numThreadsSpecified" value="16" />
  <attribute name="heapSize specified" value="0" />
  <attribute name="Current GC Util" value="173" />
  <attribute name= "Current Time Running" value="153645" />
  <attribute name ="GC Interval" value="0" />
  <attribute name="Target GC Util Change" value ="80.000000" />
  <attribute name="Current GC Util Change" value="173.000000"/>
  <attribute name="Current Error" value="-235.000000" />
  <attribute name="Output H" value="146876056"/>
  <attribute name="Output I" value="1592"/>
  <attribute name="Output T" value="16"/>
  <attribute name= "Current Time Running" value="153645" />
  <attribute name="GC Util currently" value="173" />
  <attribute name="CPU Util currently" value="596040989032" />
<exclusive-end id="812" timestamp="2019-08-08T12:52:02.279" durationms="21.266" />

<exclusive-start id="813" timestamp="2019-08-08T12:52:02.313" intervalms="54.889">
  <response-info timems="0.039" idlems="0.039" threads="0" lastid="00000000018B4F00" lastname="main" />
</exclusive-start>
<allocation-taxation id="814" taxation-threshold="44040192" timestamp="2019-08-08T12:52:02.313" intervalms="54.876" />
<cycle-start id="815" type="partial gc" contextid="0" timestamp="2019-08-08T12:52:02.313" intervalms="54.853" />
<gc-start id="816" type="partial gc" contextid="815" timestamp="2019-08-08T12:52:02.313">
  <mem-info id="817" free="46137344" total="146800640" percent="31">
    <mem type="eden" free="2097096" total="46137344" percent="4" />
    <remembered-set count="40416" freebytes="5707136" totalbytes="5868800" percent="97" regionsoverflowed="0" regionsstable="1" regionsrebuilding="0"/>
  </mem-info>
</gc-start>
<allocation-stats totalBytes="43892328" >
  <allocated-bytes non-tlh="0" tlh="43892328" arrayletleaf="0"/>
  <largest-consumer threadName="main" threadId="00000000018B4F00" bytes="43892328" />
</allocation-stats>
<gc-op id="818" type="copy forward" timems="10.410" contextid="815" timestamp="2019-08-08T12:52:02.325">
  <memory-copied type="eden" objects="2" bytes="56" bytesdiscarded="0" />
  <memory-copied type="other" objects="63563" bytes="1574168" bytesdiscarded="76808" />
  <memory-cardclean objects="4628" bytes="384520" />
  <regions eden="21" other="2" />
  <remembered-set-cleared processed="32002" cleared="4832" durationms="0.198" />
  <stringconstants candidates="13771" cleared="0"  />
</gc-op>
<gc-op id="819" type="classunload" timems="0.008" contextid="815" timestamp="2019-08-08T12:52:02.326">
  <classunload-info classloadercandidates="55" classloadersunloaded="0" classesunloaded="0" anonymousclassesunloaded="0" quiescems="0.000" setupms="0.008" scanms="0.000" postms="0.000" />
</gc-op>
<gc-end id="820" type="partial gc" contextid="815" durationms="12.392" usertimems="36.968" systemtimems="0.000" timestamp="2019-08-08T12:52:02.326" activeThreads="16">
  <mem-info id="821" free="90177536" total="146800640" percent="61">
    <mem type="eden" free="2097096" total="2097152" percent="99" />
    <remembered-set count="42848" freebytes="5697408" totalbytes="5868800" percent="97" regionsoverflowed="0" regionsstable="1" regionsrebuilding="0"/>
  </mem-info>
</gc-end>
<cycle-end id="822" type="partial gc" contextid="815" timestamp="2019-08-08T12:52:02.326" />
  <attribute name="elasticGC enabled" value="1" />
  <attribute name= "numThreadsSpecified" value="16" />
  <attribute name="heapSize specified" value="0" />
  <attribute name="Current GC Util" value="193" />
  <attribute name= "Current Time Running" value="153700" />
  <attribute name ="GC Interval" value="0" />
  <attribute name="Target GC Util Change" value ="80.000000" />
  <attribute name="Current GC Util Change" value="193.000000"/>
  <attribute name="Current Error" value="-113.000000" />
  <attribute name="Output H" value="146876192"/>
  <attribute name="Output I" value="1808"/>
  <attribute name="Output T" value="16"/>
  <attribute name= "Current Time Running" value="153700" />
  <attribute name="GC Util currently" value="193" />
  <attribute name="CPU Util currently" value="780203468212" />
<exclusive-end id="823" timestamp="2019-08-08T12:52:02.326" durationms="12.971" />

<exclusive-start id="824" timestamp="2019-08-08T12:52:02.359" intervalms="46.340">
  <response-info timems="0.040" idlems="0.040" threads="0" lastid="00000000018B4F00" lastname="main" />
</exclusive-start>
<allocation-taxation id="825" taxation-threshold="44040192" timestamp="2019-08-08T12:52:02.359" intervalms="46.348" />
<cycle-start id="826" type="partial gc" contextid="0" timestamp="2019-08-08T12:52:02.359" intervalms="46.358" />
<gc-start id="827" type="partial gc" contextid="826" timestamp="2019-08-08T12:52:02.360">
  <mem-info id="828" free="46137344" total="146800640" percent="31">
    <mem type="eden" free="2097096" total="46137344" percent="4" />
    <remembered-set count="42848" freebytes="5697408" totalbytes="5868800" percent="97" regionsoverflowed="0" regionsstable="1" regionsrebuilding="0"/>
  </mem-info>
</gc-start>
<allocation-stats totalBytes="43892304" >
  <allocated-bytes non-tlh="0" tlh="43892304" arrayletleaf="0"/>
  <largest-consumer threadName="main" threadId="00000000018B4F00" bytes="43892304" />
</allocation-stats>
<gc-op id="829" type="copy forward" timems="16.665" contextid="826" timestamp="2019-08-08T12:52:02.377">
  <memory-copied type="eden" objects="2" bytes="56" bytesdiscarded="0" />
  <memory-copied type="other" objects="61873" bytes="1516752" bytesdiscarded="102400" />
  <memory-cardclean objects="3427" bytes="353640" />
  <regions eden="21" other="2" />
  <remembered-set-cleared processed="31915" cleared="4788" durationms="0.360" />
  <stringconstants candidates="13771" cleared="0"  />
</gc-op>
<gc-op id="830" type="classunload" timems="0.009" contextid="826" timestamp="2019-08-08T12:52:02.377">
  <classunload-info classloadercandidates="55" classloadersunloaded="0" classesunloaded="0" anonymousclassesunloaded="0" quiescems="0.000" setupms="0.009" scanms="0.000" postms="0.000" />
</gc-op>
<gc-end id="831" type="partial gc" contextid="826" durationms="17.760" usertimems="54.127" systemtimems="0.000" timestamp="2019-08-08T12:52:02.377" activeThreads="16">
  <mem-info id="832" free="90177536" total="146800640" percent="61">
    <mem type="eden" free="2097096" total="2097152" percent="99" />
    <remembered-set count="40256" freebytes="5707776" totalbytes="5868800" percent="97" regionsoverflowed="0" regionsstable="1" regionsrebuilding="0"/>
  </mem-info>
</gc-end>
<cycle-end id="833" type="partial gc" contextid="826" timestamp="2019-08-08T12:52:02.378" />
  <attribute name="elasticGC enabled" value="1" />
  <attribute name= "numThreadsSpecified" value="16" />
  <attribute name="heapSize specified" value="0" />
  <attribute name="Current GC Util" value="138" />
  <attribute name= "Current Time Running" value="153745" />
  <attribute name ="GC Interval" value="0" />
  <attribute name="Target GC Util Change" value ="80.000000" />
  <attribute name="Current GC Util Change" value="138.000000"/>
  <attribute name="Current Error" value="-163.000000" />
  <attribute name="Output H" value="146876136"/>
  <attribute name="Output I" value="1720"/>
  <attribute name="Output T" value="16"/>
  <attribute name= "Current Time Running" value="153745" />
  <attribute name="GC Util currently" value="138" />
  <attribute name="CPU Util currently" value="2130046019095" />
<exclusive-end id="834" timestamp="2019-08-08T12:52:02.378" durationms="18.636" />

<exclusive-start id="835" timestamp="2019-08-08T12:52:02.429" intervalms="69.305">
  <response-info timems="0.067" idlems="0.067" threads="0" lastid="00000000018B4F00" lastname="main" />
</exclusive-start>
<allocation-taxation id="836" taxation-threshold="44040192" timestamp="2019-08-08T12:52:02.429" intervalms="69.311" />
<cycle-start id="837" type="partial gc" contextid="0" timestamp="2019-08-08T12:52:02.429" intervalms="69.438" />
<gc-start id="838" type="partial gc" contextid="837" timestamp="2019-08-08T12:52:02.429">
  <mem-info id="839" free="46137344" total="146800640" percent="31">
    <mem type="eden" free="2097096" total="46137344" percent="4" />
    <remembered-set count="39872" freebytes="5709312" totalbytes="5868800" percent="97" regionsoverflowed="0" regionsstable="1" regionsrebuilding="0"/>
  </mem-info>
</gc-start>
<allocation-stats totalBytes="43892304" >
  <allocated-bytes non-tlh="0" tlh="43892304" arrayletleaf="0"/>
  <largest-consumer threadName="main" threadId="00000000018B4F00" bytes="43892304" />
</allocation-stats>
<gc-op id="840" type="copy forward" timems="21.913" contextid="837" timestamp="2019-08-08T12:52:02.453">
  <memory-copied type="eden" objects="2" bytes="56" bytesdiscarded="0" />
  <memory-copied type="other" objects="67941" bytes="1976752" bytesdiscarded="130600" />
  <memory-cardclean objects="4847" bytes="118360" />
  <regions eden="21" other="2" />
  <remembered-set-cleared processed="31566" cleared="4876" durationms="0.245" />
  <stringconstants candidates="13771" cleared="0"  />
</gc-op>
<gc-op id="841" type="classunload" timems="0.010" contextid="837" timestamp="2019-08-08T12:52:02.453">
  <classunload-info classloadercandidates="55" classloadersunloaded="0" classesunloaded="0" anonymousclassesunloaded="0" quiescems="0.000" setupms="0.009" scanms="0.000" postms="0.000" />
</gc-op>
<gc-end id="842" type="partial gc" contextid="837" durationms="23.803" usertimems="66.602" systemtimems="0.000" timestamp="2019-08-08T12:52:02.453" activeThreads="16">
  <mem-info id="843" free="90177536" total="146800640" percent="61">
    <mem type="eden" free="2097096" total="2097152" percent="99" />
    <remembered-set count="41152" freebytes="5704192" totalbytes="5868800" percent="97" regionsoverflowed="0" regionsstable="1" regionsrebuilding="0"/>
  </mem-info>
</gc-end>
<cycle-end id="844" type="partial gc" contextid="837" timestamp="2019-08-08T12:52:02.453" />
  <attribute name="elasticGC enabled" value="1" />
  <attribute name= "numThreadsSpecified" value="16" />
  <attribute name="heapSize specified" value="0" />
  <attribute name="Current GC Util" value="272" />
  <attribute name= "Current Time Running" value="153815" />
  <attribute name ="GC Interval" value="0" />
  <attribute name="Target GC Util Change" value ="80.000000" />
  <attribute name="Current GC Util Change" value="272.000000"/>
  <attribute name="Current Error" value="-326.000000" />
  <attribute name="Output H" value="146875944"/>
  <attribute name="Output I" value="1432"/>
  <attribute name="Output T" value="16"/>
  <attribute name= "Current Time Running" value="153815" />
  <attribute name="GC Util currently" value="272" />
  <attribute name="CPU Util currently" value="902427474793" />
<exclusive-end id="845" timestamp="2019-08-08T12:52:02.453" durationms="24.475" />

<exclusive-start id="846" timestamp="2019-08-08T12:52:02.484" intervalms="55.484">
  <response-info timems="0.037" idlems="0.037" threads="0" lastid="00000000018B4F00" lastname="main" />
</exclusive-start>
<allocation-taxation id="847" taxation-threshold="44040192" timestamp="2019-08-08T12:52:02.484" intervalms="55.470" />
<cycle-start id="848" type="partial gc" contextid="0" timestamp="2019-08-08T12:52:02.484" intervalms="55.324" />
<gc-start id="849" type="partial gc" contextid="848" timestamp="2019-08-08T12:52:02.484">
  <mem-info id="850" free="46137344" total="146800640" percent="31">
    <mem type="eden" free="2097096" total="46137344" percent="4" />
    <remembered-set count="40736" freebytes="5705856" totalbytes="5868800" percent="97" regionsoverflowed="0" regionsstable="1" regionsrebuilding="0"/>
  </mem-info>
</gc-start>
<allocation-stats totalBytes="43892304" >
  <allocated-bytes non-tlh="0" tlh="43892304" arrayletleaf="0"/>
  <largest-consumer threadName="main" threadId="00000000018B4F00" bytes="43892304" />
</allocation-stats>
<gc-op id="851" type="copy forward" timems="13.565" contextid="848" timestamp="2019-08-08T12:52:02.499">
  <memory-copied type="eden" objects="2" bytes="56" bytesdiscarded="0" />
  <memory-copied type="other" objects="83425" bytes="2122888" bytesdiscarded="95624" />
  <memory-cardclean objects="2214" bytes="101216" />
  <regions eden="21" other="3" />
  <remembered-set-cleared processed="31704" cleared="4783" durationms="0.226" />
  <references type="soft" candidates="2188" cleared="0" enqueued="0" dynamicThreshold="19" maxThreshold="32" />
  <references type="weak" candidates="432" cleared="0" enqueued="0" />
  <stringconstants candidates="13771" cleared="0"  />
</gc-op>
<gc-op id="852" type="classunload" timems="0.010" contextid="848" timestamp="2019-08-08T12:52:02.499">
  <classunload-info classloadercandidates="55" classloadersunloaded="0" classesunloaded="0" anonymousclassesunloaded="0" quiescems="0.000" setupms="0.009" scanms="0.000" postms="0.000" />
</gc-op>
<heap-resize id="853" type="contract" space="default" amount="8388608" count="1" timems="0.073" reason="excess free space following gc" timestamp="2019-08-08T12:52:02.499" />
<gc-end id="854" type="partial gc" contextid="848" durationms="14.653" usertimems="50.703" systemtimems="0.000" timestamp="2019-08-08T12:52:02.499" activeThreads="16">
  <mem-info id="855" free="85983232" total="138412032" percent="62">
    <mem type="eden" free="2097096" total="2097152" percent="99" />
    <remembered-set count="40384" freebytes="5707264" totalbytes="5868800" percent="97" regionsoverflowed="0" regionsstable="1" regionsrebuilding="0"/>
  </mem-info>
</gc-end>
<cycle-end id="856" type="partial gc" contextid="848" timestamp="2019-08-08T12:52:02.499" />
  <attribute name="elasticGC enabled" value="1" />
  <attribute name= "numThreadsSpecified" value="16" />
  <attribute name="heapSize specified" value="0" />
  <attribute name="Current GC Util" value="149" />
  <attribute name= "Current Time Running" value="153870" />
  <attribute name ="GC Interval" value="0" />
  <attribute name="Target GC Util Change" value ="80.000000" />
  <attribute name="Current GC Util Change" value="149.000000"/>
  <attribute name="Current Error" value="-69.000000" />
  <attribute name="Output H" value="146876248"/>
  <attribute name="Output I" value="1888"/>
  <attribute name="Output T" value="16"/>
  <attribute name= "Current Time Running" value="153870" />
  <attribute name="GC Util currently" value="149" />
  <attribute name="CPU Util currently" value="2176999441068" />
<exclusive-end id="857" timestamp="2019-08-08T12:52:02.499" durationms="15.165" />

<exclusive-start id="858" timestamp="2019-08-08T12:52:02.524" intervalms="39.874">
  <response-info timems="0.019" idlems="0.019" threads="0" lastid="00000000018B4F00" lastname="main" />
</exclusive-start>
<allocation-taxation id="859" taxation-threshold="41943040" timestamp="2019-08-08T12:52:02.524" intervalms="39.908" />
<cycle-start id="860" type="partial gc" contextid="0" timestamp="2019-08-08T12:52:02.524" intervalms="39.922" />
<gc-start id="861" type="partial gc" contextid="860" timestamp="2019-08-08T12:52:02.524">
  <mem-info id="862" free="44040192" total="138412032" percent="31">
    <mem type="eden" free="2097096" total="44040192" percent="4" />
    <remembered-set count="40352" freebytes="5707392" totalbytes="5868800" percent="97" regionsoverflowed="0" regionsstable="1" regionsrebuilding="0"/>
  </mem-info>
</gc-start>
<allocation-stats totalBytes="41802040" >
  <allocated-bytes non-tlh="0" tlh="41802040" arrayletleaf="0"/>
  <largest-consumer threadName="main" threadId="00000000018B4F00" bytes="41802040" />
</allocation-stats>
<gc-op id="863" type="copy forward" timems="10.373" contextid="860" timestamp="2019-08-08T12:52:02.536">
  <memory-copied type="eden" objects="2" bytes="56" bytesdiscarded="0" />
  <memory-copied type="other" objects="74880" bytes="1847776" bytesdiscarded="82328" />
  <memory-cardclean objects="5093" bytes="535592" />
  <regions eden="20" other="2" />
  <remembered-set-cleared processed="31145" cleared="4415" durationms="0.226" />
  <references type="weak" candidates="6" cleared="0" enqueued="0" />
  <stringconstants candidates="13771" cleared="0"  />
</gc-op>
<gc-op id="864" type="classunload" timems="0.008" contextid="860" timestamp="2019-08-08T12:52:02.536">
  <classunload-info classloadercandidates="55" classloadersunloaded="0" classesunloaded="0" anonymousclassesunloaded="0" quiescems="0.000" setupms="0.008" scanms="0.000" postms="0.000" />
</gc-op>
<heap-resize id="865" type="contract" space="default" amount="2097152" count="1" timems="0.057" reason="excess free space following gc" timestamp="2019-08-08T12:52:02.536" />
<gc-end id="866" type="partial gc" contextid="860" durationms="11.871" usertimems="34.979" systemtimems="0.000" timestamp="2019-08-08T12:52:02.536" activeThreads="16">
  <mem-info id="867" free="83886080" total="136314880" percent="61">
    <mem type="eden" free="2097096" total="2097152" percent="99" />
    <remembered-set count="39200" freebytes="5376640" totalbytes="5533440" percent="97" regionsoverflowed="0" regionsstable="1" regionsrebuilding="0"/>
  </mem-info>
</gc-end>
<cycle-end id="868" type="partial gc" contextid="860" timestamp="2019-08-08T12:52:02.536" />
  <attribute name="elasticGC enabled" value="1" />
  <attribute name= "numThreadsSpecified" value="16" />
  <attribute name="heapSize specified" value="0" />
  <attribute name="Current GC Util" value="84" />
  <attribute name= "Current Time Running" value="153910" />
  <attribute name ="GC Interval" value="0" />
  <attribute name="Target GC Util Change" value ="80.000000" />
  <attribute name="Current GC Util Change" value="84.000000"/>
  <attribute name="Current Error" value="-109.000000" />
  <attribute name="Output H" value="138487592"/>
  <attribute name="Output I" value="1816"/>
  <attribute name="Output T" value="16"/>
  <attribute name= "Current Time Running" value="153910" />
  <attribute name="GC Util currently" value="84" />
  <attribute name="CPU Util currently" value="1117039931037" />
<exclusive-end id="869" timestamp="2019-08-08T12:52:02.536" durationms="12.468" />

<exclusive-start id="870" timestamp="2019-08-08T12:52:02.559" intervalms="35.437">
  <response-info timems="0.102" idlems="0.102" threads="0" lastid="00000000018B4F00" lastname="main" />
</exclusive-start>
<allocation-taxation id="871" taxation-threshold="41943040" timestamp="2019-08-08T12:52:02.559" intervalms="35.408" />
<cycle-start id="872" type="partial gc" contextid="0" timestamp="2019-08-08T12:52:02.559" intervalms="35.400" />
<gc-start id="873" type="partial gc" contextid="872" timestamp="2019-08-08T12:52:02.560">
  <mem-info id="874" free="41943040" total="136314880" percent="30">
    <mem type="eden" free="2097096" total="44040192" percent="4" />
    <remembered-set count="38720" freebytes="5378560" totalbytes="5533440" percent="97" regionsoverflowed="0" regionsstable="1" regionsrebuilding="0"/>
  </mem-info>
</gc-start>
<allocation-stats totalBytes="41802016" >
  <allocated-bytes non-tlh="0" tlh="41802016" arrayletleaf="0"/>
  <largest-consumer threadName="main" threadId="00000000018B4F00" bytes="41802016" />
</allocation-stats>
<gc-op id="875" type="copy forward" timems="8.542" contextid="872" timestamp="2019-08-08T12:52:02.570">
  <memory-copied type="eden" objects="2" bytes="56" bytesdiscarded="0" />
  <memory-copied type="other" objects="2534" bytes="118616" bytesdiscarded="66584" />
  <memory-cardclean objects="3414" bytes="157480" />
  <regions eden="20" other="2" />
  <remembered-set-cleared processed="31227" cleared="755" durationms="0.348" />
  <finalization candidates="1" enqueued="1" />
  <references type="soft" candidates="30" cleared="0" enqueued="0" dynamicThreshold="19" maxThreshold="32" />
  <references type="weak" candidates="4" cleared="0" enqueued="0" />
  <references type="phantom" candidates="2" cleared="0" enqueued="0" />
  <stringconstants candidates="13771" cleared="0"  />
</gc-op>
<gc-op id="876" type="classunload" timems="0.009" contextid="872" timestamp="2019-08-08T12:52:02.570">
  <classunload-info classloadercandidates="55" classloadersunloaded="0" classesunloaded="0" anonymousclassesunloaded="0" quiescems="0.000" setupms="0.009" scanms="0.000" postms="0.000" />
</gc-op>
<heap-resize id="877" type="contract" space="default" amount="6291456" count="1" timems="0.103" reason="excess free space following gc" timestamp="2019-08-08T12:52:02.570" />
<gc-end id="878" type="partial gc" contextid="872" durationms="10.149" usertimems="21.416" systemtimems="0.000" timestamp="2019-08-08T12:52:02.570" activeThreads="16">
  <mem-info id="879" free="79691776" total="130023424" percent="61">
    <mem type="eden" free="2097096" total="2097152" percent="99" />
    <pending-finalizers system="0" default="1" reference="0" classloader="0" />
    <remembered-set count="38592" freebytes="5295232" totalbytes="5449600" percent="97" regionsoverflowed="0" regionsstable="1" regionsrebuilding="0"/>
  </mem-info>
</gc-end>
<cycle-end id="880" type="partial gc" contextid="872" timestamp="2019-08-08T12:52:02.570" />
  <attribute name="elasticGC enabled" value="1" />
  <attribute name= "numThreadsSpecified" value="16" />
  <attribute name="heapSize specified" value="0" />
  <attribute name="Current GC Util" value="78" />
  <attribute name= "Current Time Running" value="153946" />
  <attribute name ="GC Interval" value="0" />
  <attribute name="Target GC Util Change" value ="80.000000" />
  <attribute name="Current GC Util Change" value="78.000000"/>
  <attribute name="Current Error" value="-126.000000" />
  <attribute name="Output H" value="136390416"/>
  <attribute name="Output I" value="1784"/>
  <attribute name="Output T" value="16"/>
  <attribute name= "Current Time Running" value="153946" />
  <attribute name="GC Util currently" value="78" />
  <attribute name="CPU Util currently" value="1107202866711" />
<exclusive-end id="881" timestamp="2019-08-08T12:52:02.570" durationms="10.673" />

<exclusive-start id="882" timestamp="2019-08-08T12:52:02.618" intervalms="58.482">
  <response-info timems="0.141" idlems="0.141" threads="0" lastid="00000000018B4F00" lastname="main" />
</exclusive-start>
<allocation-taxation id="883" taxation-threshold="39845888" timestamp="2019-08-08T12:52:02.618" intervalms="58.490" />
<cycle-start id="884" type="partial gc" contextid="0" timestamp="2019-08-08T12:52:02.618" intervalms="58.534" />
<gc-start id="885" type="partial gc" contextid="884" timestamp="2019-08-08T12:52:02.618">
  <mem-info id="886" free="39845888" total="130023424" percent="30">
    <mem type="eden" free="2097096" total="41943040" percent="4" />
    <remembered-set count="38400" freebytes="5296000" totalbytes="5449600" percent="97" regionsoverflowed="0" regionsstable="1" regionsrebuilding="0"/>
  </mem-info>
</gc-start>
<allocation-stats totalBytes="39593296" >
  <allocated-bytes non-tlh="0" tlh="39593296" arrayletleaf="0"/>
  <largest-consumer threadName="main" threadId="00000000018B4F00" bytes="39593296" />
</allocation-stats>
<gc-op id="887" type="copy forward" timems="14.654" contextid="884" timestamp="2019-08-08T12:52:02.636">
  <memory-copied type="eden" objects="28" bytes="1960" bytesdiscarded="728" />
  <memory-copied type="other" objects="59767" bytes="1455792" bytesdiscarded="67808" />
  <memory-cardclean objects="4702" bytes="384144" />
  <regions eden="19" other="2" />
  <remembered-set-cleared processed="30732" cleared="4094" durationms="0.316" />
  <stringconstants candidates="13771" cleared="0"  />
</gc-op>
<gc-op id="888" type="classunload" timems="0.014" contextid="884" timestamp="2019-08-08T12:52:02.636">
  <classunload-info classloadercandidates="55" classloadersunloaded="0" classesunloaded="0" anonymousclassesunloaded="0" quiescems="0.000" setupms="0.014" scanms="0.000" postms="0.000" />
</gc-op>
<gc-end id="889" type="partial gc" contextid="884" durationms="18.035" usertimems="55.307" systemtimems="0.000" timestamp="2019-08-08T12:52:02.636" activeThreads="16">
  <mem-info id="890" free="79691776" total="130023424" percent="61">
    <mem type="eden" free="2094464" total="2097152" percent="99" />
    <remembered-set count="39040" freebytes="5041920" totalbytes="5198080" percent="96" regionsoverflowed="0" regionsstable="1" regionsrebuilding="0"/>
  </mem-info>
</gc-end>
<cycle-end id="891" type="partial gc" contextid="884" timestamp="2019-08-08T12:52:02.636" />
  <attribute name="elasticGC enabled" value="1" />
  <attribute name= "numThreadsSpecified" value="16" />
  <attribute name="heapSize specified" value="0" />
  <attribute name="Current GC Util" value="132" />
  <attribute name= "Current Time Running" value="154006" />
  <attribute name ="GC Interval" value="0" />
  <attribute name="Target GC Util Change" value ="80.000000" />
  <attribute name="Current GC Util Change" value="132.000000"/>
  <attribute name="Current Error" value="-52.000000" />
  <attribute name="Output H" value="130099048"/>
  <attribute name="Output I" value="1920"/>
  <attribute name="Output T" value="16"/>
  <attribute name= "Current Time Running" value="154006" />
  <attribute name="GC Util currently" value="132" />
  <attribute name="CPU Util currently" value="479351350355" />
<exclusive-end id="892" timestamp="2019-08-08T12:52:02.637" durationms="18.763" />

<exclusive-start id="893" timestamp="2019-08-08T12:52:02.682" intervalms="64.526">
  <response-info timems="0.065" idlems="0.065" threads="0" lastid="00000000018B4F00" lastname="main" />
</exclusive-start>
<allocation-taxation id="894" taxation-threshold="39845888" timestamp="2019-08-08T12:52:02.682" intervalms="64.514" />
<cycle-start id="895" type="partial gc" contextid="0" timestamp="2019-08-08T12:52:02.682" intervalms="64.471" />
<gc-start id="896" type="partial gc" contextid="895" timestamp="2019-08-08T12:52:02.683">
  <mem-info id="897" free="39845888" total="130023424" percent="30">
    <mem type="eden" free="0" total="39845888" percent="0" />
    <remembered-set count="38592" freebytes="5043712" totalbytes="5198080" percent="97" regionsoverflowed="0" regionsstable="1" regionsrebuilding="0"/>
  </mem-info>
</gc-start>
<allocation-stats totalBytes="39589264" >
  <allocated-bytes non-tlh="0" tlh="39589264" arrayletleaf="0"/>
  <largest-consumer threadName="main" threadId="00000000018B4F00" bytes="39589264" />
</allocation-stats>
<gc-op id="898" type="copy forward" timems="10.170" contextid="895" timestamp="2019-08-08T12:52:02.694">
  <memory-copied type="eden" objects="2" bytes="64" bytesdiscarded="0" />
  <memory-copied type="other" objects="68255" bytes="1968944" bytesdiscarded="140856" />
  <memory-cardclean objects="4369" bytes="114200" />
  <regions eden="19" other="2" />
  <remembered-set-cleared processed="30604" cleared="4830" durationms="0.461" />
  <stringconstants candidates="13771" cleared="0"  />
</gc-op>
<gc-op id="899" type="classunload" timems="0.008" contextid="895" timestamp="2019-08-08T12:52:02.694">
  <classunload-info classloadercandidates="55" classloadersunloaded="0" classesunloaded="0" anonymousclassesunloaded="0" quiescems="0.000" setupms="0.008" scanms="0.000" postms="0.000" />
</gc-op>
<heap-resize id="900" type="expand" space="default" amount="2097152" count="1" timems="0.081" reason="excessive time being spent in gc" timestamp="2019-08-08T12:52:02.694" />
<gc-end id="901" type="partial gc" contextid="895" durationms="11.594" usertimems="37.114" systemtimems="0.000" timestamp="2019-08-08T12:52:02.694" activeThreads="16">
  <mem-info id="902" free="79691776" total="132120576" percent="60">
    <mem type="eden" free="2097088" total="2097152" percent="99" />
    <remembered-set count="41216" freebytes="5117056" totalbytes="5281920" percent="96" regionsoverflowed="0" regionsstable="1" regionsrebuilding="0"/>
  </mem-info>
</gc-end>
<cycle-end id="903" type="partial gc" contextid="895" timestamp="2019-08-08T12:52:02.695" />
  <attribute name="elasticGC enabled" value="1" />
  <attribute name= "numThreadsSpecified" value="16" />
  <attribute name="heapSize specified" value="0" />
  <attribute name="Current GC Util" value="127" />
  <attribute name= "Current Time Running" value="154069" />
  <attribute name ="GC Interval" value="0" />
  <attribute name="Target GC Util Change" value ="80.000000" />
  <attribute name="Current GC Util Change" value="127.000000"/>
  <attribute name="Current Error" value="-75.000000" />
  <attribute name="Output H" value="130099024"/>
  <attribute name="Output I" value="1880"/>
  <attribute name="Output T" value="16"/>
  <attribute name= "Current Time Running" value="154069" />
  <attribute name="GC Util currently" value="127" />
  <attribute name="CPU Util currently" value="1739187771321" />
<exclusive-end id="904" timestamp="2019-08-08T12:52:02.695" durationms="12.381" />

<exclusive-start id="905" timestamp="2019-08-08T12:52:02.728" intervalms="45.182">
  <response-info timems="0.042" idlems="0.042" threads="0" lastid="00000000018B4F00" lastname="main" />
</exclusive-start>
<allocation-taxation id="906" taxation-threshold="39845888" timestamp="2019-08-08T12:52:02.728" intervalms="45.186" />
<cycle-start id="907" type="partial gc" contextid="0" timestamp="2019-08-08T12:52:02.728" intervalms="45.181" />
<gc-start id="908" type="partial gc" contextid="907" timestamp="2019-08-08T12:52:02.728">
  <mem-info id="909" free="39845888" total="132120576" percent="30">
    <mem type="eden" free="2097088" total="41943040" percent="4" />
    <remembered-set count="40960" freebytes="5118080" totalbytes="5281920" percent="96" regionsoverflowed="0" regionsstable="1" regionsrebuilding="0"/>
  </mem-info>
</gc-start>
<allocation-stats totalBytes="39596112" >
  <allocated-bytes non-tlh="0" tlh="39596112" arrayletleaf="0"/>
  <largest-consumer threadName="main" threadId="00000000018B4F00" bytes="39596112" />
</allocation-stats>
<gc-op id="910" type="copy forward" timems="9.328" contextid="907" timestamp="2019-08-08T12:52:02.739">
  <memory-copied type="eden" objects="2" bytes="64" bytesdiscarded="0" />
  <memory-copied type="other" objects="61873" bytes="1516752" bytesdiscarded="75304" />
  <memory-cardclean objects="3456" bytes="355152" />
  <regions eden="19" other="2" />
  <remembered-set-cleared processed="30686" cleared="4543" durationms="0.260" />
  <stringconstants candidates="13771" cleared="0"  />
</gc-op>
<gc-op id="911" type="classunload" timems="0.011" contextid="907" timestamp="2019-08-08T12:52:02.739">
  <classunload-info classloadercandidates="55" classloadersunloaded="0" classesunloaded="0" anonymousclassesunloaded="0" quiescems="0.000" setupms="0.011" scanms="0.000" postms="0.000" />
</gc-op>
<gc-end id="912" type="partial gc" contextid="907" durationms="11.577" usertimems="37.446" systemtimems="0.000" timestamp="2019-08-08T12:52:02.740" activeThreads="16">
  <mem-info id="913" free="79691776" total="132120576" percent="60">
    <mem type="eden" free="2097088" total="2097152" percent="99" />
    <remembered-set count="37344" freebytes="5132544" totalbytes="5281920" percent="97" regionsoverflowed="0" regionsstable="1" regionsrebuilding="0"/>
  </mem-info>
</gc-end>
<cycle-end id="914" type="partial gc" contextid="907" timestamp="2019-08-08T12:52:02.740" />
  <attribute name="elasticGC enabled" value="1" />
  <attribute name= "numThreadsSpecified" value="16" />
  <attribute name="heapSize specified" value="0" />
  <attribute name="Current GC Util" value="213" />
  <attribute name= "Current Time Running" value="154115" />
  <attribute name ="GC Interval" value="0" />
  <attribute name="Target GC Util Change" value ="80.000000" />
  <attribute name="Current GC Util Change" value="213.000000"/>
  <attribute name="Current Error" value="-195.000000" />
  <attribute name="Output H" value="132196032"/>
  <attribute name="Output I" value="1664"/>
  <attribute name="Output T" value="16"/>
  <attribute name= "Current Time Running" value="154115" />
  <attribute name="GC Util currently" value="213" />
  <attribute name="CPU Util currently" value="725593407767" />
<exclusive-end id="915" timestamp="2019-08-08T12:52:02.740" durationms="12.476" />

<exclusive-start id="916" timestamp="2019-08-08T12:52:02.774" intervalms="46.255">
  <response-info timems="0.046" idlems="0.046" threads="0" lastid="00000000018B4F00" lastname="main" />
</exclusive-start>
<allocation-taxation id="917" taxation-threshold="39845888" timestamp="2019-08-08T12:52:02.774" intervalms="46.262" />
<cycle-start id="918" type="partial gc" contextid="0" timestamp="2019-08-08T12:52:02.774" intervalms="46.264" />
<gc-start id="919" type="partial gc" contextid="918" timestamp="2019-08-08T12:52:02.774">
  <mem-info id="920" free="39845888" total="132120576" percent="30">
    <mem type="eden" free="2097088" total="41943040" percent="4" />
    <remembered-set count="37344" freebytes="5132544" totalbytes="5281920" percent="97" regionsoverflowed="0" regionsstable="1" regionsrebuilding="0"/>
  </mem-info>
</gc-start>
<allocation-stats totalBytes="39597352" >
  <allocated-bytes non-tlh="0" tlh="39597352" arrayletleaf="0"/>
  <largest-consumer threadName="main" threadId="00000000018B4F00" bytes="39597352" />
</allocation-stats>
<gc-op id="921" type="copy forward" timems="23.900" contextid="918" timestamp="2019-08-08T12:52:02.800">
  <memory-copied type="eden" objects="2" bytes="64" bytesdiscarded="0" />
  <memory-copied type="other" objects="81088" bytes="1999952" bytesdiscarded="125864" />
  <memory-cardclean objects="951" bytes="44056" />
  <regions eden="19" other="2" />
  <remembered-set-cleared processed="30913" cleared="3988" durationms="0.204" />
  <references type="soft" candidates="2139" cleared="0" enqueued="0" dynamicThreshold="19" maxThreshold="32" />
  <references type="weak" candidates="82" cleared="0" enqueued="0" />
  <stringconstants candidates="13771" cleared="0"  />
</gc-op>
<gc-op id="922" type="classunload" timems="0.012" contextid="918" timestamp="2019-08-08T12:52:02.800">
  <classunload-info classloadercandidates="55" classloadersunloaded="0" classesunloaded="0" anonymousclassesunloaded="0" quiescems="0.000" setupms="0.012" scanms="0.000" postms="0.000" />
</gc-op>
<heap-resize id="923" type="expand" space="default" amount="4194304" count="1" timems="0.053" reason="excessive time being spent in gc" timestamp="2019-08-08T12:52:02.800" />
<gc-end id="924" type="partial gc" contextid="918" durationms="26.079" usertimems="73.777" systemtimems="0.000" timestamp="2019-08-08T12:52:02.800" activeThreads="16">
  <mem-info id="925" free="81788928" total="136314880" percent="60">
    <mem type="eden" free="2097088" total="2097152" percent="99" />
    <remembered-set count="39232" freebytes="5292672" totalbytes="5449600" percent="97" regionsoverflowed="0" regionsstable="1" regionsrebuilding="0"/>
  </mem-info>
</gc-end>
<cycle-end id="926" type="partial gc" contextid="918" timestamp="2019-08-08T12:52:02.800" />
  <attribute name="elasticGC enabled" value="1" />
  <attribute name= "numThreadsSpecified" value="16" />
  <attribute name="heapSize specified" value="0" />
  <attribute name="Current GC Util" value="188" />
  <attribute name= "Current Time Running" value="154160" />
  <attribute name ="GC Interval" value="0" />
  <attribute name="Target GC Util Change" value ="80.000000" />
  <attribute name="Current GC Util Change" value="188.000000"/>
  <attribute name="Current Error" value="-108.000000" />
  <attribute name="Output H" value="132196136"/>
  <attribute name="Output I" value="1816"/>
  <attribute name="Output T" value="16"/>
  <attribute name= "Current Time Running" value="154160" />
  <attribute name="GC Util currently" value="188" />
  <attribute name="CPU Util currently" value="876923763136" />
<exclusive-end id="927" timestamp="2019-08-08T12:52:02.800" durationms="26.681" />

<exclusive-start id="928" timestamp="2019-08-08T12:52:02.834" intervalms="60.127">
  <response-info timems="0.036" idlems="0.036" threads="0" lastid="00000000018B4F00" lastname="main" />
</exclusive-start>
<allocation-taxation id="929" taxation-threshold="41943040" timestamp="2019-08-08T12:52:02.834" intervalms="60.122" />
<cycle-start id="930" type="partial gc" contextid="0" timestamp="2019-08-08T12:52:02.834" intervalms="60.160" />
<gc-start id="931" type="partial gc" contextid="930" timestamp="2019-08-08T12:52:02.834">
  <mem-info id="932" free="39845888" total="136314880" percent="29">
    <mem type="eden" free="2097088" total="44040192" percent="4" />
    <remembered-set count="38976" freebytes="5293696" totalbytes="5449600" percent="97" regionsoverflowed="0" regionsstable="1" regionsrebuilding="0"/>
  </mem-info>
</gc-start>
<allocation-stats totalBytes="41680128" >
  <allocated-bytes non-tlh="0" tlh="41680128" arrayletleaf="0"/>
  <largest-consumer threadName="main" threadId="00000000018B4F00" bytes="41680128" />
</allocation-stats>
<gc-op id="933" type="copy forward" timems="17.611" contextid="930" timestamp="2019-08-08T12:52:02.853">
  <memory-copied type="eden" objects="2" bytes="64" bytesdiscarded="0" />
  <memory-copied type="other" objects="74880" bytes="1847776" bytesdiscarded="90960" />
  <memory-cardclean objects="5068" bytes="534752" />
  <regions eden="20" other="2" />
  <remembered-set-cleared processed="30462" cleared="4408" durationms="0.419" />
  <references type="weak" candidates="6" cleared="0" enqueued="0" />
  <stringconstants candidates="13771" cleared="0"  />
</gc-op>
<gc-op id="934" type="classunload" timems="0.010" contextid="930" timestamp="2019-08-08T12:52:02.853">
  <classunload-info classloadercandidates="55" classloadersunloaded="0" classesunloaded="0" anonymousclassesunloaded="0" quiescems="0.000" setupms="0.009" scanms="0.000" postms="0.000" />
</gc-op>
<gc-end id="935" type="partial gc" contextid="930" durationms="19.111" usertimems="67.311" systemtimems="0.000" timestamp="2019-08-08T12:52:02.853" activeThreads="16">
  <mem-info id="936" free="81788928" total="136314880" percent="60">
    <mem type="eden" free="2097088" total="2097152" percent="99" />
    <remembered-set count="39072" freebytes="5293312" totalbytes="5449600" percent="97" regionsoverflowed="0" regionsstable="1" regionsrebuilding="0"/>
  </mem-info>
</gc-end>
<cycle-end id="937" type="partial gc" contextid="930" timestamp="2019-08-08T12:52:02.854" />
  <attribute name="elasticGC enabled" value="1" />
  <attribute name= "numThreadsSpecified" value="16" />
  <attribute name="heapSize specified" value="0" />
  <attribute name="Current GC Util" value="128" />
  <attribute name= "Current Time Running" value="154220" />
  <attribute name ="GC Interval" value="0" />
  <attribute name="Target GC Util Change" value ="80.000000" />
  <attribute name="Current GC Util Change" value="128.000000"/>
  <attribute name="Current Error" value="-173.000000" />
  <attribute name="Output H" value="136390368"/>
  <attribute name="Output I" value="1704"/>
  <attribute name="Output T" value="16"/>
  <attribute name= "Current Time Running" value="154220" />
  <attribute name="GC Util currently" value="128" />
  <attribute name="CPU Util currently" value="1156136702608" />
<exclusive-end id="938" timestamp="2019-08-08T12:52:02.854" durationms="19.803" />

<exclusive-start id="939" timestamp="2019-08-08T12:52:02.909" intervalms="74.626">
  <response-info timems="0.051" idlems="0.051" threads="0" lastid="00000000018B4F00" lastname="main" />
</exclusive-start>
<allocation-taxation id="940" taxation-threshold="41943040" timestamp="2019-08-08T12:52:02.909" intervalms="74.632" />
<cycle-start id="941" type="partial gc" contextid="0" timestamp="2019-08-08T12:52:02.909" intervalms="74.604" />
<gc-start id="942" type="partial gc" contextid="941" timestamp="2019-08-08T12:52:02.909">
  <mem-info id="943" free="39845888" total="136314880" percent="29">
    <mem type="eden" free="2097088" total="44040192" percent="4" />
    <remembered-set count="38880" freebytes="5294080" totalbytes="5449600" percent="97" regionsoverflowed="0" regionsstable="1" regionsrebuilding="0"/>
  </mem-info>
</gc-start>
<allocation-stats totalBytes="41680128" >
  <allocated-bytes non-tlh="0" tlh="41680128" arrayletleaf="0"/>
  <largest-consumer threadName="main" threadId="00000000018B4F00" bytes="41680128" />
</allocation-stats>
<gc-op id="944" type="copy forward" timems="19.402" contextid="941" timestamp="2019-08-08T12:52:02.931">
  <memory-copied type="eden" objects="2" bytes="64" bytesdiscarded="0" />
  <memory-copied type="other" objects="80407" bytes="1985208" bytesdiscarded="113920" />
  <memory-cardclean objects="925" bytes="43536" />
  <regions eden="20" other="2" />
  <remembered-set-cleared processed="30961" cleared="3933" durationms="0.369" />
  <references type="soft" candidates="2139" cleared="0" enqueued="0" dynamicThreshold="19" maxThreshold="32" />
  <references type="weak" candidates="82" cleared="0" enqueued="0" />
  <stringconstants candidates="13771" cleared="0"  />
</gc-op>
<gc-op id="945" type="classunload" timems="0.011" contextid="941" timestamp="2019-08-08T12:52:02.931">
  <classunload-info classloadercandidates="55" classloadersunloaded="0" classesunloaded="0" anonymousclassesunloaded="0" quiescems="0.000" setupms="0.011" scanms="0.000" postms="0.000" />
</gc-op>
<gc-end id="946" type="partial gc" contextid="941" durationms="21.845" usertimems="45.393" systemtimems="0.000" timestamp="2019-08-08T12:52:02.931" activeThreads="16">
  <mem-info id="947" free="81788928" total="136314880" percent="60">
    <mem type="eden" free="2097088" total="2097152" percent="99" />
    <remembered-set count="38592" freebytes="5295232" totalbytes="5449600" percent="97" regionsoverflowed="0" regionsstable="1" regionsrebuilding="0"/>
  </mem-info>
</gc-end>
<cycle-end id="948" type="partial gc" contextid="941" timestamp="2019-08-08T12:52:02.931" />
  <attribute name="elasticGC enabled" value="1" />
  <attribute name= "numThreadsSpecified" value="16" />
  <attribute name="heapSize specified" value="0" />
  <attribute name="Current GC Util" value="225" />
  <attribute name= "Current Time Running" value="154296" />
  <attribute name ="GC Interval" value="0" />
  <attribute name="Target GC Util Change" value ="80.000000" />
  <attribute name="Current GC Util Change" value="225.000000"/>
  <attribute name="Current Error" value="-302.000000" />
  <attribute name="Output H" value="136390216"/>
  <attribute name="Output I" value="1472"/>
  <attribute name="Output T" value="16"/>
  <attribute name= "Current Time Running" value="154296" />
  <attribute name="GC Util currently" value="225" />
  <attribute name="CPU Util currently" value="618217966496" />
<exclusive-end id="949" timestamp="2019-08-08T12:52:02.931" durationms="22.547" />

<exclusive-start id="950" timestamp="2019-08-08T12:52:02.961" intervalms="52.301">
  <response-info timems="0.064" idlems="0.064" threads="0" lastid="00000000018B4F00" lastname="main" />
</exclusive-start>
<allocation-taxation id="951" taxation-threshold="41943040" timestamp="2019-08-08T12:52:02.961" intervalms="52.291" />
<cycle-start id="952" type="partial gc" contextid="0" timestamp="2019-08-08T12:52:02.961" intervalms="52.308" />
<gc-start id="953" type="partial gc" contextid="952" timestamp="2019-08-08T12:52:02.961">
  <mem-info id="954" free="39845888" total="136314880" percent="29">
    <mem type="eden" free="2097088" total="44040192" percent="4" />
    <remembered-set count="37856" freebytes="5298176" totalbytes="5449600" percent="97" regionsoverflowed="0" regionsstable="2" regionsrebuilding="0"/>
  </mem-info>
</gc-start>
<allocation-stats totalBytes="41680128" >
  <allocated-bytes non-tlh="0" tlh="41680128" arrayletleaf="0"/>
  <largest-consumer threadName="main" threadId="00000000018B4F00" bytes="41680128" />
</allocation-stats>
<gc-op id="955" type="copy forward" timems="12.212" contextid="952" timestamp="2019-08-08T12:52:02.976">
  <memory-copied type="eden" objects="2" bytes="64" bytesdiscarded="0" />
  <memory-copied type="other" objects="79735" bytes="1969184" bytesdiscarded="102704" />
  <memory-cardclean objects="897" bytes="32256" />
  <regions eden="20" other="2" />
  <remembered-set-cleared processed="30481" cleared="3825" durationms="0.309" />
  <references type="soft" candidates="2135" cleared="0" enqueued="0" dynamicThreshold="19" maxThreshold="32" />
  <references type="weak" candidates="12" cleared="0" enqueued="0" />
  <stringconstants candidates="13771" cleared="0"  />
</gc-op>
<gc-op id="956" type="classunload" timems="0.009" contextid="952" timestamp="2019-08-08T12:52:02.976">
  <classunload-info classloadercandidates="55" classloadersunloaded="0" classesunloaded="0" anonymousclassesunloaded="0" quiescems="0.000" setupms="0.009" scanms="0.000" postms="0.000" />
</gc-op>
<gc-end id="957" type="partial gc" contextid="952" durationms="14.525" usertimems="35.431" systemtimems="0.000" timestamp="2019-08-08T12:52:02.976" activeThreads="16">
  <mem-info id="958" free="81788928" total="136314880" percent="60">
    <mem type="eden" free="2097088" total="2097152" percent="99" />
    <remembered-set count="39200" freebytes="5292800" totalbytes="5449600" percent="97" regionsoverflowed="0" regionsstable="2" regionsrebuilding="0"/>
  </mem-info>
</gc-end>
<cycle-end id="959" type="partial gc" contextid="952" timestamp="2019-08-08T12:52:02.976" />
  <attribute name="elasticGC enabled" value="1" />
  <attribute name= "numThreadsSpecified" value="16" />
  <attribute name="heapSize specified" value="0" />
  <attribute name="Current GC Util" value="220" />
  <attribute name= "Current Time Running" value="154348" />
  <attribute name ="GC Interval" value="0" />
  <attribute name="Target GC Util Change" value ="80.000000" />
  <attribute name="Current GC Util Change" value="220.000000"/>
  <attribute name="Current Error" value="-140.000000" />
  <attribute name="Output H" value="136390400"/>
  <attribute name="Output I" value="1760"/>
  <attribute name="Output T" value="16"/>
  <attribute name= "Current Time Running" value="154348" />
  <attribute name="GC Util currently" value="220" />
  <attribute name="CPU Util currently" value="610978913082" />
<exclusive-end id="960" timestamp="2019-08-08T12:52:02.976" durationms="15.104" />

<exclusive-start id="961" timestamp="2019-08-08T12:52:02.999" intervalms="38.109">
  <response-info timems="0.038" idlems="0.038" threads="0" lastid="00000000018B4F00" lastname="main" />
</exclusive-start>
<allocation-taxation id="962" taxation-threshold="41943040" timestamp="2019-08-08T12:52:02.999" intervalms="38.139" />
<cycle-start id="963" type="partial gc" contextid="0" timestamp="2019-08-08T12:52:02.999" intervalms="38.113" />
<gc-start id="964" type="partial gc" contextid="963" timestamp="2019-08-08T12:52:02.999">
  <mem-info id="965" free="39845888" total="136314880" percent="29">
    <mem type="eden" free="2097088" total="44040192" percent="4" />
    <remembered-set count="38912" freebytes="5293952" totalbytes="5449600" percent="97" regionsoverflowed="0" regionsstable="2" regionsrebuilding="0"/>
  </mem-info>
</gc-start>
<allocation-stats totalBytes="41680128" >
  <allocated-bytes non-tlh="0" tlh="41680128" arrayletleaf="0"/>
  <largest-consumer threadName="main" threadId="00000000018B4F00" bytes="41680128" />
</allocation-stats>
<gc-op id="966" type="copy forward" timems="16.660" contextid="963" timestamp="2019-08-08T12:52:03.019">
  <memory-copied type="eden" objects="2" bytes="64" bytesdiscarded="0" />
  <memory-copied type="other" objects="80633" bytes="1990856" bytesdiscarded="191816" />
  <memory-cardclean objects="1228" bytes="50200" />
  <regions eden="20" other="2" />
  <remembered-set-cleared processed="30539" cleared="3972" durationms="0.250" />
  <references type="soft" candidates="2139" cleared="0" enqueued="0" dynamicThreshold="19" maxThreshold="32" />
  <references type="weak" candidates="82" cleared="0" enqueued="0" />
  <stringconstants candidates="13771" cleared="0"  />
</gc-op>
<gc-op id="967" type="classunload" timems="0.013" contextid="963" timestamp="2019-08-08T12:52:03.019">
  <classunload-info classloadercandidates="55" classloadersunloaded="0" classesunloaded="0" anonymousclassesunloaded="0" quiescems="0.000" setupms="0.012" scanms="0.000" postms="0.000" />
</gc-op>
<gc-end id="968" type="partial gc" contextid="963" durationms="19.855" usertimems="45.696" systemtimems="0.000" timestamp="2019-08-08T12:52:03.019" activeThreads="16">
  <mem-info id="969" free="81788928" total="136314880" percent="60">
    <mem type="eden" free="2097088" total="2097152" percent="99" />
    <remembered-set count="39872" freebytes="5290112" totalbytes="5449600" percent="97" regionsoverflowed="0" regionsstable="2" regionsrebuilding="0"/>
  </mem-info>
</gc-end>
<cycle-end id="970" type="partial gc" contextid="963" timestamp="2019-08-08T12:52:03.019" />
  <attribute name="elasticGC enabled" value="1" />
  <attribute name= "numThreadsSpecified" value="16" />
  <attribute name="heapSize specified" value="0" />
  <attribute name="Current GC Util" value="164" />
  <attribute name= "Current Time Running" value="154387" />
  <attribute name ="GC Interval" value="0" />
  <attribute name="Target GC Util Change" value ="80.000000" />
  <attribute name="Current GC Util Change" value="164.000000"/>
  <attribute name="Current Error" value="-230.000000" />
  <attribute name="Output H" value="136390296"/>
  <attribute name="Output I" value="1600"/>
  <attribute name="Output T" value="16"/>
  <attribute name= "Current Time Running" value="154387" />
  <attribute name="GC Util currently" value="164" />
  <attribute name="CPU Util currently" value="471718483767" />
<exclusive-end id="971" timestamp="2019-08-08T12:52:03.019" durationms="20.515" />

<exclusive-start id="972" timestamp="2019-08-08T12:52:03.045" intervalms="45.657">
  <response-info timems="0.044" idlems="0.044" threads="0" lastid="00000000018B4F00" lastname="main" />
</exclusive-start>
<allocation-taxation id="973" taxation-threshold="41943040" timestamp="2019-08-08T12:52:03.045" intervalms="45.630" />
<cycle-start id="974" type="partial gc" contextid="0" timestamp="2019-08-08T12:52:03.045" intervalms="45.657" />
<gc-start id="975" type="partial gc" contextid="974" timestamp="2019-08-08T12:52:03.045">
  <mem-info id="976" free="39845888" total="136314880" percent="29">
    <mem type="eden" free="2097088" total="44040192" percent="4" />
    <remembered-set count="39872" freebytes="5290112" totalbytes="5449600" percent="97" regionsoverflowed="0" regionsstable="2" regionsrebuilding="0"/>
  </mem-info>
</gc-start>
<allocation-stats totalBytes="41680128" >
  <allocated-bytes non-tlh="0" tlh="41680128" arrayletleaf="0"/>
  <largest-consumer threadName="main" threadId="00000000018B4F00" bytes="41680128" />
</allocation-stats>
<gc-op id="977" type="copy forward" timems="6.864" contextid="974" timestamp="2019-08-08T12:52:03.061">
  <memory-copied type="eden" objects="2" bytes="64" bytesdiscarded="0" />
  <memory-copied type="other" objects="0" bytes="0" bytesdiscarded="0" />
  <memory-cardclean objects="12" bytes="376" />
  <regions eden="20" other="1" />
  <remembered-set-cleared processed="30691" cleared="5" durationms="0.290" />
  <stringconstants candidates="13771" cleared="0"  />
</gc-op>
<gc-op id="978" type="classunload" timems="0.012" contextid="974" timestamp="2019-08-08T12:52:03.061">
  <classunload-info classloadercandidates="55" classloadersunloaded="0" classesunloaded="0" anonymousclassesunloaded="0" quiescems="0.000" setupms="0.012" scanms="0.000" postms="0.000" />
</gc-op>
<gc-end id="979" type="partial gc" contextid="974" durationms="16.238" usertimems="34.009" systemtimems="0.000" timestamp="2019-08-08T12:52:03.061" activeThreads="16">
  <mem-info id="980" free="81788928" total="136314880" percent="60">
    <mem type="eden" free="2097088" total="2097152" percent="99" />
    <remembered-set count="36640" freebytes="5303040" totalbytes="5449600" percent="97" regionsoverflowed="0" regionsstable="2" regionsrebuilding="0"/>
  </mem-info>
</gc-end>
<cycle-end id="981" type="partial gc" contextid="974" timestamp="2019-08-08T12:52:03.061" />
  <attribute name="elasticGC enabled" value="1" />
  <attribute name= "numThreadsSpecified" value="16" />
  <attribute name="heapSize specified" value="0" />
  <attribute name="Current GC Util" value="11" />
  <attribute name= "Current Time Running" value="154439" />
  <attribute name ="GC Interval" value="0" />
  <attribute name="Target GC Util Change" value ="80.000000" />
  <attribute name="Current GC Util Change" value="11.000000"/>
  <attribute name="Current Error" value="-177.000000" />
  <attribute name="Output H" value="136390360"/>
  <attribute name="Output I" value="1696"/>
  <attribute name="Output T" value="16"/>
  <attribute name= "Current Time Running" value="154439" />
  <attribute name="GC Util currently" value="11" />
  <attribute name="CPU Util currently" value="130103714883" />
<exclusive-end id="982" timestamp="2019-08-08T12:52:03.062" durationms="16.919" />

<exclusive-start id="983" timestamp="2019-08-08T12:52:03.257" intervalms="212.563">
  <response-info timems="0.053" idlems="0.053" threads="0" lastid="00000000018B4F00" lastname="main" />
</exclusive-start>
<allocation-taxation id="984" taxation-threshold="41943040" timestamp="2019-08-08T12:52:03.257" intervalms="212.564" />
<cycle-start id="985" type="partial gc" contextid="0" timestamp="2019-08-08T12:52:03.257" intervalms="212.547" />
<gc-start id="986" type="partial gc" contextid="985" timestamp="2019-08-08T12:52:03.258">
  <mem-info id="987" free="39845888" total="136314880" percent="29">
    <mem type="eden" free="2097088" total="44040192" percent="4" />
    <remembered-set count="36224" freebytes="5304704" totalbytes="5449600" percent="97" regionsoverflowed="0" regionsstable="2" regionsrebuilding="0"/>
  </mem-info>
</gc-start>
<allocation-stats totalBytes="41932792" >
  <allocated-bytes non-tlh="0" tlh="41932792" arrayletleaf="0"/>
  <largest-consumer threadName="main" threadId="00000000018B4F00" bytes="41932792" />
</allocation-stats>
<gc-op id="988" type="copy forward" timems="16.203" contextid="985" timestamp="2019-08-08T12:52:03.276">
  <memory-copied type="eden" objects="156" bytes="5128" bytesdiscarded="1816" />
  <memory-copied type="other" objects="0" bytes="0" bytesdiscarded="0" />
  <memory-cardclean objects="95" bytes="2832" />
  <regions eden="20" other="1" />
  <remembered-set-cleared processed="30692" cleared="26" durationms="0.268" />
  <stringconstants candidates="13771" cleared="0"  />
</gc-op>
<gc-op id="989" type="classunload" timems="0.009" contextid="985" timestamp="2019-08-08T12:52:03.276">
  <classunload-info classloadercandidates="55" classloadersunloaded="0" classesunloaded="0" anonymousclassesunloaded="0" quiescems="0.000" setupms="0.009" scanms="0.000" postms="0.000" />
</gc-op>
<gc-end id="990" type="partial gc" contextid="985" durationms="18.417" usertimems="54.724" systemtimems="0.000" timestamp="2019-08-08T12:52:03.276" activeThreads="16">
  <mem-info id="991" free="81788928" total="136314880" percent="60">
    <mem type="eden" free="2090208" total="2097152" percent="99" />
    <remembered-set count="39136" freebytes="5293056" totalbytes="5449600" percent="97" regionsoverflowed="0" regionsstable="2" regionsrebuilding="0"/>
  </mem-info>
</gc-end>
<cycle-end id="992" type="partial gc" contextid="985" timestamp="2019-08-08T12:52:03.276" />
  <attribute name="elasticGC enabled" value="1" />
  <attribute name= "numThreadsSpecified" value="16" />
  <attribute name="heapSize specified" value="0" />
  <attribute name="Current GC Util" value="238" />
  <attribute name= "Current Time Running" value="154644" />
  <attribute name ="GC Interval" value="0" />
  <attribute name="Target GC Util Change" value ="80.000000" />
  <attribute name="Current GC Util Change" value="238.000000"/>
  <attribute name="Current Error" value="-158.000000" />
  <attribute name="Output H" value="136390384"/>
  <attribute name="Output I" value="1728"/>
  <attribute name="Output T" value="16"/>
  <attribute name= "Current Time Running" value="154644" />
  <attribute name="GC Util currently" value="238" />
  <attribute name="CPU Util currently" value="722514977831" />
<exclusive-end id="993" timestamp="2019-08-08T12:52:03.277" durationms="19.379" />

<exclusive-start id="994" timestamp="2019-08-08T12:52:03.486" intervalms="229.199">
  <response-info timems="0.041" idlems="0.041" threads="0" lastid="00000000018B4F00" lastname="main" />
</exclusive-start>
<allocation-taxation id="995" taxation-threshold="41943040" timestamp="2019-08-08T12:52:03.486" intervalms="229.200" />
<cycle-start id="996" type="partial gc" contextid="0" timestamp="2019-08-08T12:52:03.487" intervalms="229.221" />
<gc-start id="997" type="partial gc" contextid="996" timestamp="2019-08-08T12:52:03.487">
  <mem-info id="998" free="39845888" total="136314880" percent="29">
    <mem type="eden" free="0" total="41943040" percent="0" />
    <remembered-set count="38720" freebytes="5294720" totalbytes="5449600" percent="97" regionsoverflowed="0" regionsstable="2" regionsrebuilding="0"/>
  </mem-info>
</gc-start>
<allocation-stats totalBytes="41937152" >
  <allocated-bytes non-tlh="0" tlh="41937152" arrayletleaf="0"/>
  <largest-consumer threadName="main" threadId="00000000018B4F00" bytes="41937152" />
</allocation-stats>
<gc-op id="999" type="copy forward" timems="8.760" contextid="996" timestamp="2019-08-08T12:52:03.497">
  <memory-copied type="eden" objects="239" bytes="7808" bytesdiscarded="3400" />
  <memory-copied type="other" objects="8" bytes="184" bytesdiscarded="696" />
  <memory-cardclean objects="127" bytes="12888" />
  <regions eden="20" other="1" />
  <remembered-set-cleared processed="30723" cleared="82" durationms="0.289" />
  <references type="weak" candidates="37" cleared="0" enqueued="0" />
  <stringconstants candidates="13771" cleared="0"  />
</gc-op>
<gc-op id="1000" type="classunload" timems="0.009" contextid="996" timestamp="2019-08-08T12:52:03.497">
  <classunload-info classloadercandidates="55" classloadersunloaded="0" classesunloaded="0" anonymousclassesunloaded="0" quiescems="0.000" setupms="0.009" scanms="0.000" postms="0.000" />
</gc-op>
<gc-end id="1001" type="partial gc" contextid="996" durationms="10.804" usertimems="21.000" systemtimems="0.000" timestamp="2019-08-08T12:52:03.498" activeThreads="16">
  <mem-info id="1002" free="79691776" total="136314880" percent="58">
    <mem type="eden" free="2085896" total="2097152" percent="99" />
    <remembered-set count="39552" freebytes="5291392" totalbytes="5449600" percent="97" regionsoverflowed="0" regionsstable="2" regionsrebuilding="0"/>
  </mem-info>
</gc-end>
<cycle-end id="1003" type="partial gc" contextid="996" timestamp="2019-08-08T12:52:03.498" />
  <attribute name="elasticGC enabled" value="1" />
  <attribute name= "numThreadsSpecified" value="16" />
  <attribute name="heapSize specified" value="0" />
  <attribute name="Current GC Util" value="86" />
  <attribute name= "Current Time Running" value="154873" />
  <attribute name ="GC Interval" value="0" />
  <attribute name="Target GC Util Change" value ="80.000000" />
  <attribute name="Current GC Util Change" value="86.000000"/>
  <attribute name="Current Error" value="-97.000000" />
  <attribute name="Output H" value="136390448"/>
  <attribute name="Output I" value="1840"/>
  <attribute name="Output T" value="16"/>
  <attribute name= "Current Time Running" value="154873" />
  <attribute name="GC Util currently" value="86" />
  <attribute name="CPU Util currently" value="1024512199472" />
<exclusive-end id="1004" timestamp="2019-08-08T12:52:03.498" durationms="11.529" />

<exclusive-start id="1005" timestamp="2019-08-08T12:52:03.574" intervalms="87.853">
  <response-info timems="0.053" idlems="0.053" threads="0" lastid="00000000018B4F00" lastname="main" />
</exclusive-start>
<allocation-taxation id="1006" taxation-threshold="41943040" timestamp="2019-08-08T12:52:03.574" intervalms="87.854" />
<cycle-start id="1007" type="partial gc" contextid="0" timestamp="2019-08-08T12:52:03.574" intervalms="87.854" />
<gc-start id="1008" type="partial gc" contextid="1007" timestamp="2019-08-08T12:52:03.575">
  <mem-info id="1009" free="37748736" total="136314880" percent="27">
    <mem type="eden" free="0" total="41943040" percent="0" />
    <remembered-set count="39104" freebytes="5293184" totalbytes="5449600" percent="97" regionsoverflowed="0" regionsstable="2" regionsrebuilding="0"/>
  </mem-info>
</gc-start>
<allocation-stats totalBytes="41927216" >
  <allocated-bytes non-tlh="0" tlh="41927216" arrayletleaf="0"/>
  <largest-consumer threadName="main" threadId="00000000018B4F00" bytes="41927216" />
</allocation-stats>
<gc-op id="1010" type="copy forward" timems="12.139" contextid="1007" timestamp="2019-08-08T12:52:03.588">
  <memory-copied type="eden" objects="24" bytes="840" bytesdiscarded="0" />
  <memory-copied type="other" objects="103" bytes="3520" bytesdiscarded="1400" />
  <memory-cardclean objects="77" bytes="11256" />
  <regions eden="20" other="1" />
  <remembered-set-cleared processed="30745" cleared="85" durationms="0.237" />
  <references type="weak" candidates="37" cleared="0" enqueued="0" />
  <stringconstants candidates="13771" cleared="0"  />
</gc-op>
<gc-op id="1011" type="classunload" timems="0.011" contextid="1007" timestamp="2019-08-08T12:52:03.588">
  <classunload-info classloadercandidates="55" classloadersunloaded="0" classesunloaded="0" anonymousclassesunloaded="0" quiescems="0.000" setupms="0.011" scanms="0.000" postms="0.000" />
</gc-op>
<gc-end id="1012" type="partial gc" contextid="1007" durationms="13.903" usertimems="40.232" systemtimems="0.000" timestamp="2019-08-08T12:52:03.589" activeThreads="16">
  <mem-info id="1013" free="77594624" total="136314880" percent="56">
    <mem type="eden" free="2096312" total="2097152" percent="99" />
    <remembered-set count="38112" freebytes="5297152" totalbytes="5449600" percent="97" regionsoverflowed="0" regionsstable="2" regionsrebuilding="0"/>
  </mem-info>
</gc-end>
<cycle-end id="1014" type="partial gc" contextid="1007" timestamp="2019-08-08T12:52:03.589" />
  <attribute name="elasticGC enabled" value="1" />
  <attribute name= "numThreadsSpecified" value="16" />
  <attribute name="heapSize specified" value="0" />
  <attribute name="Current GC Util" value="71" />
  <attribute name= "Current Time Running" value="154961" />
  <attribute name ="GC Interval" value="0" />
  <attribute name="Target GC Util Change" value ="80.000000" />
  <attribute name="Current GC Util Change" value="71.000000"/>
  <attribute name="Current Error" value="-31.000000" />
  <attribute name="Output H" value="136390528"/>
  <attribute name="Output I" value="1960"/>
  <attribute name="Output T" value="16"/>
  <attribute name= "Current Time Running" value="154961" />
  <attribute name="GC Util currently" value="71" />
  <attribute name="CPU Util currently" value="964338366874" />
<exclusive-end id="1015" timestamp="2019-08-08T12:52:03.589" durationms="14.879" />

<exclusive-start id="1016" timestamp="2019-08-08T12:52:03.661" intervalms="87.165">
  <response-info timems="0.071" idlems="0.071" threads="0" lastid="00000000018B4F00" lastname="main" />
</exclusive-start>
<allocation-taxation id="1017" taxation-threshold="41943040" timestamp="2019-08-08T12:52:03.661" intervalms="87.163" />
<cycle-start id="1018" type="partial gc" contextid="0" timestamp="2019-08-08T12:52:03.662" intervalms="87.271" />
<gc-start id="1019" type="partial gc" contextid="1018" timestamp="2019-08-08T12:52:03.663">
  <mem-info id="1020" free="35651584" total="136314880" percent="26">
    <mem type="eden" free="0" total="41943040" percent="0" />
    <remembered-set count="38112" freebytes="5297152" totalbytes="5449600" percent="97" regionsoverflowed="0" regionsstable="2" regionsrebuilding="0"/>
  </mem-info>
</gc-start>
<allocation-stats totalBytes="41921296" >
  <allocated-bytes non-tlh="0" tlh="41921296" arrayletleaf="0"/>
  <largest-consumer threadName="main" threadId="00000000018B4F00" bytes="41921296" />
</allocation-stats>
<gc-op id="1021" type="copy forward" timems="13.479" contextid="1018" timestamp="2019-08-08T12:52:03.679">
  <memory-copied type="eden" objects="6" bytes="272" bytesdiscarded="0" />
  <memory-copied type="other" objects="18" bytes="568" bytesdiscarded="0" />
  <memory-cardclean objects="34" bytes="1416" />
  <regions eden="20" other="1" />
  <remembered-set-cleared processed="30730" cleared="24" durationms="0.223" />
  <stringconstants candidates="13771" cleared="0"  />
</gc-op>
<gc-op id="1022" type="classunload" timems="0.009" contextid="1018" timestamp="2019-08-08T12:52:03.679">
  <classunload-info classloadercandidates="55" classloadersunloaded="0" classesunloaded="0" anonymousclassesunloaded="0" quiescems="0.000" setupms="0.009" scanms="0.000" postms="0.000" />
</gc-op>
<gc-end id="1023" type="partial gc" contextid="1018" durationms="16.103" usertimems="36.538" systemtimems="0.000" timestamp="2019-08-08T12:52:03.679" activeThreads="16">
  <mem-info id="1024" free="75497472" total="136314880" percent="55">
    <mem type="eden" free="2096880" total="2097152" percent="99" />
    <remembered-set count="37376" freebytes="5300096" totalbytes="5449600" percent="97" regionsoverflowed="0" regionsstable="2" regionsrebuilding="0"/>
  </mem-info>
</gc-end>
<cycle-end id="1025" type="partial gc" contextid="1018" timestamp="2019-08-08T12:52:03.679" />
  <attribute name="elasticGC enabled" value="1" />
  <attribute name= "numThreadsSpecified" value="16" />
  <attribute name="heapSize specified" value="0" />
  <attribute name="Current GC Util" value="72" />
  <attribute name= "Current Time Running" value="155050" />
  <attribute name ="GC Interval" value="0" />
  <attribute name="Target GC Util Change" value ="80.000000" />
  <attribute name="Current GC Util Change" value="72.000000"/>
  <attribute name="Current Error" value="8.000000" />
  <attribute name="Output H" value="136390576"/>
  <attribute name="Output I" value="2024"/>
  <attribute name="Output T" value="16"/>
  <attribute name= "Current Time Running" value="155050" />
  <attribute name="GC Util currently" value="72" />
  <attribute name="CPU Util currently" value="522662562167" />
<exclusive-end id="1026" timestamp="2019-08-08T12:52:03.679" durationms="17.916" />

<exclusive-start id="1027" timestamp="2019-08-08T12:52:03.725" intervalms="63.726">
  <response-info timems="0.051" idlems="0.051" threads="0" lastid="00000000018B4F00" lastname="main" />
</exclusive-start>
<allocation-taxation id="1028" taxation-threshold="41943040" timestamp="2019-08-08T12:52:03.725" intervalms="63.741" />
<cycle-start id="1029" type="partial gc" contextid="0" timestamp="2019-08-08T12:52:03.725" intervalms="63.661" />
<gc-start id="1030" type="partial gc" contextid="1029" timestamp="2019-08-08T12:52:03.726">
  <mem-info id="1031" free="33554432" total="136314880" percent="24">
    <mem type="eden" free="2096880" total="44040192" percent="4" />
    <remembered-set count="37376" freebytes="5300096" totalbytes="5449600" percent="97" regionsoverflowed="0" regionsstable="2" regionsrebuilding="0"/>
  </mem-info>
</gc-start>
<allocation-stats totalBytes="41921296" >
  <allocated-bytes non-tlh="0" tlh="41921296" arrayletleaf="0"/>
  <largest-consumer threadName="main" threadId="00000000018B4F00" bytes="41921296" />
</allocation-stats>
<gc-op id="1032" type="copy forward" timems="8.459" contextid="1029" timestamp="2019-08-08T12:52:03.735">
  <memory-copied type="eden" objects="6" bytes="272" bytesdiscarded="0" />
  <memory-copied type="other" objects="0" bytes="0" bytesdiscarded="0" />
  <memory-cardclean objects="16" bytes="528" />
  <regions eden="20" other="1" />
  <remembered-set-cleared processed="30733" cleared="7" durationms="0.226" />
  <stringconstants candidates="13771" cleared="0"  />
</gc-op>
<gc-op id="1033" type="classunload" timems="0.012" contextid="1029" timestamp="2019-08-08T12:52:03.735">
  <classunload-info classloadercandidates="55" classloadersunloaded="0" classesunloaded="0" anonymousclassesunloaded="0" quiescems="0.000" setupms="0.012" scanms="0.000" postms="0.000" />
</gc-op>
<heap-resize id="1034" type="expand" space="default" amount="16777216" count="1" timems="0.107" reason="excessive time being spent in gc" timestamp="2019-08-08T12:52:03.735" />
<gc-end id="1035" type="partial gc" contextid="1029" durationms="9.779" usertimems="29.143" systemtimems="0.000" timestamp="2019-08-08T12:52:03.735" activeThreads="16">
  <mem-info id="1036" free="92274688" total="153092096" percent="60">
    <mem type="eden" free="2096880" total="2097152" percent="99" />
    <remembered-set count="36992" freebytes="5972352" totalbytes="6120320" percent="97" regionsoverflowed="0" regionsstable="2" regionsrebuilding="0"/>
  </mem-info>
</gc-end>
<cycle-end id="1037" type="partial gc" contextid="1029" timestamp="2019-08-08T12:52:03.735" />
  <attribute name="elasticGC enabled" value="1" />
  <attribute name= "numThreadsSpecified" value="16" />
  <attribute name="heapSize specified" value="0" />
  <attribute name="Current GC Util" value="155" />
  <attribute name= "Current Time Running" value="155111" />
  <attribute name ="GC Interval" value="0" />
  <attribute name="Target GC Util Change" value ="80.000000" />
  <attribute name="Current GC Util Change" value="155.000000"/>
  <attribute name="Current Error" value="-47.000000" />
  <attribute name="Output H" value="136390512"/>
  <attribute name="Output I" value="1928"/>
  <attribute name="Output T" value="16"/>
  <attribute name= "Current Time Running" value="155111" />
  <attribute name="GC Util currently" value="155" />
  <attribute name="CPU Util currently" value="2044683698724" />
<exclusive-end id="1038" timestamp="2019-08-08T12:52:03.736" durationms="10.538" />

<exclusive-start id="1039" timestamp="2019-08-08T12:52:03.787" intervalms="61.585">
  <response-info timems="0.040" idlems="0.040" threads="0" lastid="00000000018B4F00" lastname="main" />
</exclusive-start>
<allocation-taxation id="1040" taxation-threshold="46137344" timestamp="2019-08-08T12:52:03.787" intervalms="61.563" />
<cycle-start id="1041" type="partial gc" contextid="0" timestamp="2019-08-08T12:52:03.787" intervalms="61.543" />
<gc-start id="1042" type="partial gc" contextid="1041" timestamp="2019-08-08T12:52:03.787">
  <mem-info id="1043" free="46137344" total="153092096" percent="30">
    <mem type="eden" free="2096880" total="48234496" percent="4" />
    <remembered-set count="36992" freebytes="5972352" totalbytes="6120320" percent="97" regionsoverflowed="0" regionsstable="2" regionsrebuilding="0"/>
  </mem-info>
</gc-start>
<allocation-stats totalBytes="46113552" >
  <allocated-bytes non-tlh="0" tlh="46113552" arrayletleaf="0"/>
  <largest-consumer threadName="main" threadId="00000000018B4F00" bytes="46113552" />
</allocation-stats>
<gc-op id="1044" type="copy forward" timems="10.119" contextid="1041" timestamp="2019-08-08T12:52:03.799">
  <memory-copied type="eden" objects="8" bytes="192" bytesdiscarded="0" />
  <memory-copied type="other" objects="0" bytes="0" bytesdiscarded="0" />
  <memory-cardclean objects="16" bytes="528" />
  <regions eden="22" other="1" />
  <remembered-set-cleared processed="30733" cleared="7" durationms="0.364" />
  <stringconstants candidates="13771" cleared="0"  />
</gc-op>
<gc-op id="1045" type="classunload" timems="0.009" contextid="1041" timestamp="2019-08-08T12:52:03.799">
  <classunload-info classloadercandidates="55" classloadersunloaded="0" classesunloaded="0" anonymousclassesunloaded="0" quiescems="0.000" setupms="0.009" scanms="0.000" postms="0.000" />
</gc-op>
<gc-end id="1046" type="partial gc" contextid="1041" durationms="11.890" usertimems="25.917" systemtimems="0.000" timestamp="2019-08-08T12:52:03.799" activeThreads="16">
  <mem-info id="1047" free="92274688" total="153092096" percent="60">
    <mem type="eden" free="2096960" total="2097152" percent="99" />
    <remembered-set count="36992" freebytes="5972352" totalbytes="6120320" percent="97" regionsoverflowed="0" regionsstable="2" regionsrebuilding="0"/>
  </mem-info>
</gc-end>
<cycle-end id="1048" type="partial gc" contextid="1041" timestamp="2019-08-08T12:52:03.799" />
  <attribute name="elasticGC enabled" value="1" />
  <attribute name= "numThreadsSpecified" value="16" />
  <attribute name="heapSize specified" value="0" />
  <attribute name="Current GC Util" value="324" />
  <attribute name= "Current Time Running" value="155173" />
  <attribute name ="GC Interval" value="0" />
  <attribute name="Target GC Util Change" value ="80.000000" />
  <attribute name="Current GC Util Change" value="324.000000"/>
  <attribute name="Current Error" value="-245.000000" />
  <attribute name="Output H" value="153167496"/>
  <attribute name="Output I" value="1576"/>
  <attribute name="Output T" value="16"/>
  <attribute name= "Current Time Running" value="155173" />
  <attribute name="GC Util currently" value="324" />
  <attribute name="CPU Util currently" value="908584131179" />
<exclusive-end id="1049" timestamp="2019-08-08T12:52:03.799" durationms="12.449" />

<exclusive-start id="1050" timestamp="2019-08-08T12:52:03.866" intervalms="79.293">
  <response-info timems="0.082" idlems="0.082" threads="0" lastid="00000000018B4F00" lastname="main" />
</exclusive-start>
<allocation-taxation id="1051" taxation-threshold="46137344" timestamp="2019-08-08T12:52:03.866" intervalms="79.292" />
<cycle-start id="1052" type="partial gc" contextid="0" timestamp="2019-08-08T12:52:03.866" intervalms="79.344" />
<gc-start id="1053" type="partial gc" contextid="1052" timestamp="2019-08-08T12:52:03.866">
  <mem-info id="1054" free="46137344" total="153092096" percent="30">
    <mem type="eden" free="2096960" total="48234496" percent="4" />
    <remembered-set count="36576" freebytes="5974016" totalbytes="6120320" percent="97" regionsoverflowed="0" regionsstable="2" regionsrebuilding="0"/>
  </mem-info>
</gc-start>
<allocation-stats totalBytes="46113376" >
  <allocated-bytes non-tlh="0" tlh="46113376" arrayletleaf="0"/>
  <largest-consumer threadName="main" threadId="00000000018B4F00" bytes="46113376" />
</allocation-stats>
<gc-op id="1055" type="copy forward" timems="16.388" contextid="1052" timestamp="2019-08-08T12:52:03.885">
  <memory-copied type="eden" objects="5" bytes="344" bytesdiscarded="0" />
  <memory-copied type="other" objects="0" bytes="0" bytesdiscarded="0" />
  <memory-cardclean objects="16" bytes="528" />
  <regions eden="22" other="1" />
  <remembered-set-cleared processed="30733" cleared="7" durationms="0.200" />
  <stringconstants candidates="13771" cleared="0"  />
</gc-op>
<gc-op id="1056" type="classunload" timems="0.012" contextid="1052" timestamp="2019-08-08T12:52:03.885">
  <classunload-info classloadercandidates="55" classloadersunloaded="0" classesunloaded="0" anonymousclassesunloaded="0" quiescems="0.000" setupms="0.012" scanms="0.000" postms="0.000" />
</gc-op>
<gc-end id="1057" type="partial gc" contextid="1052" durationms="18.694" usertimems="41.892" systemtimems="0.000" timestamp="2019-08-08T12:52:03.885" activeThreads="16">
  <mem-info id="1058" free="92274688" total="153092096" percent="60">
    <mem type="eden" free="2096808" total="2097152" percent="99" />
    <remembered-set count="36992" freebytes="5972352" totalbytes="6120320" percent="97" regionsoverflowed="0" regionsstable="2" regionsrebuilding="0"/>
  </mem-info>
</gc-end>
<cycle-end id="1059" type="partial gc" contextid="1052" timestamp="2019-08-08T12:52:03.885" />
  <attribute name="elasticGC enabled" value="1" />
  <attribute name= "numThreadsSpecified" value="16" />
  <attribute name="heapSize specified" value="0" />
  <attribute name="Current GC Util" value="83" />
  <attribute name= "Current Time Running" value="155253" />
  <attribute name ="GC Interval" value="0" />
  <attribute name="Target GC Util Change" value ="80.000000" />
  <attribute name="Current GC Util Change" value="83.000000"/>
  <attribute name="Current Error" value="-3.000000" />
  <attribute name="Output H" value="153167776"/>
  <attribute name="Output I" value="2008"/>
  <attribute name="Output T" value="16"/>
  <attribute name= "Current Time Running" value="155253" />
  <attribute name="GC Util currently" value="83" />
  <attribute name="CPU Util currently" value="698094661648" />
<exclusive-end id="1060" timestamp="2019-08-08T12:52:03.885" durationms="19.373" />

<exclusive-start id="1061" timestamp="2019-08-08T12:52:03.963" intervalms="97.196">
  <response-info timems="0.055" idlems="0.055" threads="0" lastid="00000000018B4F00" lastname="main" />
</exclusive-start>
<allocation-taxation id="1062" taxation-threshold="46137344" timestamp="2019-08-08T12:52:03.963" intervalms="97.208" />
<cycle-start id="1063" type="partial gc" contextid="0" timestamp="2019-08-08T12:52:03.963" intervalms="97.134" />
<gc-start id="1064" type="partial gc" contextid="1063" timestamp="2019-08-08T12:52:03.964">
  <mem-info id="1065" free="46137344" total="153092096" percent="30">
    <mem type="eden" free="2096808" total="48234496" percent="4" />
    <remembered-set count="36992" freebytes="5972352" totalbytes="6120320" percent="97" regionsoverflowed="0" regionsstable="2" regionsrebuilding="0"/>
  </mem-info>
</gc-start>
<allocation-stats totalBytes="46110128" >
  <allocated-bytes non-tlh="0" tlh="46110128" arrayletleaf="0"/>
  <largest-consumer threadName="main" threadId="00000000018B4F00" bytes="46110128" />
</allocation-stats>
<gc-op id="1066" type="copy forward" timems="9.273" contextid="1063" timestamp="2019-08-08T12:52:03.974">
  <memory-copied type="eden" objects="29" bytes="1160" bytesdiscarded="320" />
  <memory-copied type="other" objects="0" bytes="0" bytesdiscarded="0" />
  <memory-cardclean objects="72" bytes="2528" />
  <regions eden="22" other="1" />
  <remembered-set-cleared processed="30733" cleared="26" durationms="0.204" />
  <stringconstants candidates="13771" cleared="0"  />
</gc-op>
<gc-op id="1067" type="classunload" timems="0.009" contextid="1063" timestamp="2019-08-08T12:52:03.974">
  <classunload-info classloadercandidates="55" classloadersunloaded="0" classesunloaded="0" anonymousclassesunloaded="0" quiescems="0.000" setupms="0.008" scanms="0.000" postms="0.000" />
</gc-op>
<gc-end id="1068" type="partial gc" contextid="1063" durationms="10.752" usertimems="35.794" systemtimems="0.000" timestamp="2019-08-08T12:52:03.974" activeThreads="16">
  <mem-info id="1069" free="92274688" total="153092096" percent="60">
    <mem type="eden" free="2095672" total="2097152" percent="99" />
    <remembered-set count="37888" freebytes="5968768" totalbytes="6120320" percent="97" regionsoverflowed="0" regionsstable="2" regionsrebuilding="0"/>
  </mem-info>
</gc-end>
<cycle-end id="1070" type="partial gc" contextid="1063" timestamp="2019-08-08T12:52:03.974" />
  <attribute name="elasticGC enabled" value="1" />
  <attribute name= "numThreadsSpecified" value="16" />
  <attribute name="heapSize specified" value="0" />
  <attribute name="Current GC Util" value="250" />
  <attribute name= "Current Time Running" value="155350" />
  <attribute name ="GC Interval" value="0" />
  <attribute name="Target GC Util Change" value ="80.000000" />
  <attribute name="Current GC Util Change" value="250.000000"/>
  <attribute name="Current Error" value="-124.000000" />
  <attribute name="Output H" value="153167640"/>
  <attribute name="Output I" value="1792"/>
  <attribute name="Output T" value="16"/>
  <attribute name= "Current Time Running" value="155350" />
  <attribute name="GC Util currently" value="250" />
  <attribute name="CPU Util currently" value="1171693180353" />
<exclusive-end id="1071" timestamp="2019-08-08T12:52:03.975" durationms="11.323" />

<exclusive-start id="1072" timestamp="2019-08-08T12:52:04.036" intervalms="72.378">
  <response-info timems="0.047" idlems="0.047" threads="0" lastid="00000000018B4F00" lastname="main" />
</exclusive-start>
<allocation-taxation id="1073" taxation-threshold="46137344" timestamp="2019-08-08T12:52:04.036" intervalms="72.391" />
<cycle-start id="1074" type="partial gc" contextid="0" timestamp="2019-08-08T12:52:04.036" intervalms="72.533" />
<gc-start id="1075" type="partial gc" contextid="1074" timestamp="2019-08-08T12:52:04.036">
  <mem-info id="1076" free="46137344" total="153092096" percent="30">
    <mem type="eden" free="0" total="46137344" percent="0" />
    <remembered-set count="37888" freebytes="5968768" totalbytes="6120320" percent="97" regionsoverflowed="0" regionsstable="2" regionsrebuilding="0"/>
  </mem-info>
</gc-start>
<allocation-stats totalBytes="46095832" >
  <allocated-bytes non-tlh="0" tlh="46095832" arrayletleaf="0"/>
  <largest-consumer threadName="main" threadId="00000000018B4F00" bytes="46095832" />
</allocation-stats>
<gc-op id="1077" type="copy forward" timems="15.847" contextid="1074" timestamp="2019-08-08T12:52:04.053">
  <memory-copied type="eden" objects="6" bytes="248" bytesdiscarded="0" />
  <memory-copied type="other" objects="23" bytes="968" bytesdiscarded="320" />
  <memory-cardclean objects="49" bytes="1984" />
  <regions eden="22" other="1" />
  <remembered-set-cleared processed="30738" cleared="31" durationms="0.365" />
  <stringconstants candidates="13771" cleared="0"  />
</gc-op>
<gc-op id="1078" type="classunload" timems="0.012" contextid="1074" timestamp="2019-08-08T12:52:04.054">
  <classunload-info classloadercandidates="55" classloadersunloaded="0" classesunloaded="0" anonymousclassesunloaded="0" quiescems="0.000" setupms="0.012" scanms="0.000" postms="0.000" />
</gc-op>
<heap-resize id="1079" type="expand" space="default" amount="4194304" count="1" timems="0.091" reason="excessive time being spent in gc" timestamp="2019-08-08T12:52:04.054" />
<gc-end id="1080" type="partial gc" contextid="1074" durationms="17.887" usertimems="46.244" systemtimems="0.000" timestamp="2019-08-08T12:52:04.054" activeThreads="16">
  <mem-info id="1081" free="94371840" total="157286400" percent="60">
    <mem type="eden" free="2096904" total="2097152" percent="99" />
    <remembered-set count="38400" freebytes="6134400" totalbytes="6288000" percent="97" regionsoverflowed="0" regionsstable="2" regionsrebuilding="0"/>
  </mem-info>
</gc-end>
<cycle-end id="1082" type="partial gc" contextid="1074" timestamp="2019-08-08T12:52:04.054" />
  <attribute name="elasticGC enabled" value="1" />
  <attribute name= "numThreadsSpecified" value="16" />
  <attribute name="heapSize specified" value="0" />
  <attribute name="Current GC Util" value="157" />
  <attribute name= "Current Time Running" value="155422" />
  <attribute name ="GC Interval" value="0" />
  <attribute name="Target GC Util Change" value ="80.000000" />
  <attribute name="Current GC Util Change" value="157.000000"/>
  <attribute name="Current Error" value="-154.000000" />
  <attribute name="Output H" value="153167600"/>
  <attribute name="Output I" value="1736"/>
  <attribute name="Output T" value="16"/>
  <attribute name= "Current Time Running" value="155422" />
  <attribute name="GC Util currently" value="157" />
  <attribute name="CPU Util currently" value="1095800681620" />
<exclusive-end id="1083" timestamp="2019-08-08T12:52:04.054" durationms="18.671" />

<exclusive-start id="1084" timestamp="2019-08-08T12:52:04.152" intervalms="116.732">
  <response-info timems="0.036" idlems="0.036" threads="0" lastid="00000000018B4F00" lastname="main" />
</exclusive-start>
<allocation-taxation id="1085" taxation-threshold="46137344" timestamp="2019-08-08T12:52:04.152" intervalms="116.711" />
<cycle-start id="1086" type="partial gc" contextid="0" timestamp="2019-08-08T12:52:04.152" intervalms="116.550" />
<gc-start id="1087" type="partial gc" contextid="1086" timestamp="2019-08-08T12:52:04.153">
  <mem-info id="1088" free="48234496" total="157286400" percent="30">
    <mem type="eden" free="2096904" total="48234496" percent="4" />
    <remembered-set count="38400" freebytes="6134400" totalbytes="6288000" percent="97" regionsoverflowed="0" regionsstable="2" regionsrebuilding="0"/>
  </mem-info>
</gc-start>
<allocation-stats totalBytes="46104144" >
  <allocated-bytes non-tlh="0" tlh="46104144" arrayletleaf="0"/>
  <largest-consumer threadName="main" threadId="00000000018B4F00" bytes="46104144" />
</allocation-stats>
<gc-op id="1089" type="copy forward" timems="11.824" contextid="1086" timestamp="2019-08-08T12:52:04.166">
  <memory-copied type="eden" objects="37" bytes="1576" bytesdiscarded="312" />
  <memory-copied type="other" objects="0" bytes="0" bytesdiscarded="0" />
  <memory-cardclean objects="87" bytes="3000" />
  <regions eden="22" other="1" />
  <remembered-set-cleared processed="30743" cleared="33" durationms="0.328" />
  <stringconstants candidates="13771" cleared="0"  />
</gc-op>
<gc-op id="1090" type="classunload" timems="0.014" contextid="1086" timestamp="2019-08-08T12:52:04.166">
  <classunload-info classloadercandidates="55" classloadersunloaded="0" classesunloaded="0" anonymousclassesunloaded="0" quiescems="0.000" setupms="0.014" scanms="0.000" postms="0.000" />
</gc-op>
<gc-end id="1091" type="partial gc" contextid="1086" durationms="13.707" usertimems="29.939" systemtimems="0.000" timestamp="2019-08-08T12:52:04.166" activeThreads="16">
  <mem-info id="1092" free="94371840" total="157286400" percent="60">
    <mem type="eden" free="2095264" total="2097152" percent="99" />
    <remembered-set count="38464" freebytes="6134144" totalbytes="6288000" percent="97" regionsoverflowed="0" regionsstable="2" regionsrebuilding="0"/>
  </mem-info>
</gc-end>
<cycle-end id="1093" type="partial gc" contextid="1086" timestamp="2019-08-08T12:52:04.167" />
  <attribute name="elasticGC enabled" value="1" />
  <attribute name= "numThreadsSpecified" value="16" />
  <attribute name="heapSize specified" value="0" />
  <attribute name="Current GC Util" value="264" />
  <attribute name= "Current Time Running" value="155539" />
  <attribute name ="GC Interval" value="0" />
  <attribute name="Target GC Util Change" value ="80.000000" />
  <attribute name="Current GC Util Change" value="264.000000"/>
  <attribute name="Current Error" value="-184.000000" />
  <attribute name="Output H" value="157361872"/>
  <attribute name="Output I" value="1680"/>
  <attribute name="Output T" value="16"/>
  <attribute name= "Current Time Running" value="155539" />
  <attribute name="GC Util currently" value="264" />
  <attribute name="CPU Util currently" value="1019331018351" />
<exclusive-end id="1094" timestamp="2019-08-08T12:52:04.167" durationms="14.418" />

<exclusive-start id="1095" timestamp="2019-08-08T12:52:04.387" intervalms="234.783">
  <response-info timems="0.079" idlems="0.079" threads="0" lastid="00000000018B4F00" lastname="main" />
</exclusive-start>
<allocation-taxation id="1096" taxation-threshold="46137344" timestamp="2019-08-08T12:52:04.387" intervalms="234.783" />
<cycle-start id="1097" type="partial gc" contextid="0" timestamp="2019-08-08T12:52:04.387" intervalms="234.791" />
<gc-start id="1098" type="partial gc" contextid="1097" timestamp="2019-08-08T12:52:04.388">
  <mem-info id="1099" free="48234496" total="157286400" percent="30">
    <mem type="eden" free="0" total="46137344" percent="0" />
    <remembered-set count="38464" freebytes="6134144" totalbytes="6288000" percent="97" regionsoverflowed="0" regionsstable="2" regionsrebuilding="0"/>
  </mem-info>
</gc-start>
<allocation-stats totalBytes="46127720" >
  <allocated-bytes non-tlh="0" tlh="46127720" arrayletleaf="0"/>
  <largest-consumer threadName="main" threadId="00000000018B4F00" bytes="46127720" />
</allocation-stats>
<gc-op id="1100" type="copy forward" timems="8.449" contextid="1097" timestamp="2019-08-08T12:52:04.397">
  <memory-copied type="eden" objects="31" bytes="1504" bytesdiscarded="0" />
  <memory-copied type="other" objects="23" bytes="992" bytesdiscarded="584" />
  <memory-cardclean objects="49" bytes="2032" />
  <regions eden="22" other="1" />
  <remembered-set-cleared processed="30747" cleared="32" durationms="0.455" />
  <stringconstants candidates="13771" cleared="0"  />
</gc-op>
<gc-op id="1101" type="classunload" timems="0.010" contextid="1097" timestamp="2019-08-08T12:52:04.397">
  <classunload-info classloadercandidates="55" classloadersunloaded="0" classesunloaded="0" anonymousclassesunloaded="0" quiescems="0.000" setupms="0.009" scanms="0.000" postms="0.000" />
</gc-op>
<gc-end id="1102" type="partial gc" contextid="1097" durationms="9.915" usertimems="31.605" systemtimems="0.000" timestamp="2019-08-08T12:52:04.397" activeThreads="16">
  <mem-info id="1103" free="92274688" total="157286400" percent="58">
    <mem type="eden" free="2095648" total="2097152" percent="99" />
    <remembered-set count="38464" freebytes="6134144" totalbytes="6288000" percent="97" regionsoverflowed="0" regionsstable="2" regionsrebuilding="0"/>
  </mem-info>
</gc-end>
<cycle-end id="1104" type="partial gc" contextid="1097" timestamp="2019-08-08T12:52:04.397" />
  <attribute name="elasticGC enabled" value="1" />
  <attribute name= "numThreadsSpecified" value="16" />
  <attribute name="heapSize specified" value="0" />
  <attribute name="Current GC Util" value="145" />
  <attribute name= "Current Time Running" value="155773" />
  <attribute name ="GC Interval" value="0" />
  <attribute name="Target GC Util Change" value ="80.000000" />
  <attribute name="Current GC Util Change" value="145.000000"/>
  <attribute name="Current Error" value="-180.000000" />
  <attribute name="Output H" value="157361880"/>
  <attribute name="Output I" value="1688"/>
  <attribute name="Output T" value="16"/>
  <attribute name= "Current Time Running" value="155773" />
  <attribute name="GC Util currently" value="145" />
  <attribute name="CPU Util currently" value="1790729019839" />
<exclusive-end id="1105" timestamp="2019-08-08T12:52:04.398" durationms="10.510" />

<exclusive-start id="1106" timestamp="2019-08-08T12:52:05.706" intervalms="1318.658">
  <response-info timems="0.067" idlems="0.067" threads="0" lastid="00000000018B4F00" lastname="main" />
</exclusive-start>
<allocation-taxation id="1107" taxation-threshold="46137344" timestamp="2019-08-08T12:52:05.706" intervalms="1318.683" />
<cycle-start id="1108" type="partial gc" contextid="0" timestamp="2019-08-08T12:52:05.706" intervalms="1318.689" />
<gc-start id="1109" type="partial gc" contextid="1108" timestamp="2019-08-08T12:52:05.706">
  <mem-info id="1110" free="46137344" total="157286400" percent="29">
    <mem type="eden" free="2095648" total="48234496" percent="4" />
    <remembered-set count="38464" freebytes="6134144" totalbytes="6288000" percent="97" regionsoverflowed="0" regionsstable="2" regionsrebuilding="0"/>
  </mem-info>
</gc-start>
<allocation-stats totalBytes="44872144" >
  <allocated-bytes non-tlh="0" tlh="44872144" arrayletleaf="0"/>
  <largest-consumer threadName="main" threadId="00000000018B4F00" bytes="44872144" />
</allocation-stats>
<gc-op id="1111" type="copy forward" timems="11.972" contextid="1108" timestamp="2019-08-08T12:52:05.720">
  <memory-copied type="eden" objects="104" bytes="14528" bytesdiscarded="544" />
  <memory-copied type="other" objects="0" bytes="0" bytesdiscarded="0" />
  <memory-cardclean objects="123" bytes="4320" />
  <regions eden="22" other="1" />
  <remembered-set-cleared processed="30753" cleared="40" durationms="0.282" />
  <stringconstants candidates="13771" cleared="0"  />
</gc-op>
<gc-op id="1112" type="classunload" timems="0.012" contextid="1108" timestamp="2019-08-08T12:52:05.720">
  <classunload-info classloadercandidates="55" classloadersunloaded="0" classesunloaded="0" anonymousclassesunloaded="0" quiescems="0.000" setupms="0.012" scanms="0.000" postms="0.000" />
</gc-op>
<heap-resize id="1113" type="contract" space="default" amount="8388608" count="1" timems="0.162" reason="insufficient time being spent in gc" timestamp="2019-08-08T12:52:05.720" />
<gc-end id="1114" type="partial gc" contextid="1108" durationms="13.813" usertimems="50.990" systemtimems="0.000" timestamp="2019-08-08T12:52:05.720" activeThreads="16">
  <mem-info id="1115" free="83886080" total="148897792" percent="56">
    <mem type="eden" free="2082080" total="2097152" percent="99" />
    <remembered-set count="38496" freebytes="6134016" totalbytes="6288000" percent="97" regionsoverflowed="0" regionsstable="2" regionsrebuilding="0"/>
  </mem-info>
</gc-end>
<cycle-end id="1116" type="partial gc" contextid="1108" timestamp="2019-08-08T12:52:05.720" />
  <attribute name="elasticGC enabled" value="1" />
  <attribute name= "numThreadsSpecified" value="16" />
  <attribute name="heapSize specified" value="0" />
  <attribute name="Current GC Util" value="258" />
  <attribute name= "Current Time Running" value="157092" />
  <attribute name ="GC Interval" value="0" />
  <attribute name="Target GC Util Change" value ="80.000000" />
  <attribute name="Current GC Util Change" value="258.000000"/>
  <attribute name="Current Error" value="-279.000000" />
  <attribute name="Output H" value="157361760"/>
  <attribute name="Output I" value="1512"/>
  <attribute name="Output T" value="16"/>
  <attribute name= "Current Time Running" value="157092" />
  <attribute name="GC Util currently" value="258" />
  <attribute name="CPU Util currently" value="1025829424210" />
<exclusive-end id="1117" timestamp="2019-08-08T12:52:05.720" durationms="14.624" />

<exclusive-start id="1118" timestamp="2019-08-08T12:52:05.759" intervalms="52.804">
  <response-info timems="0.047" idlems="0.047" threads="0" lastid="00000000018B4F00" lastname="main" />
</exclusive-start>
<allocation-taxation id="1119" taxation-threshold="44040192" timestamp="2019-08-08T12:52:05.760" intervalms="54.108" />
<cycle-start id="1120" type="partial gc" contextid="0" timestamp="2019-08-08T12:52:05.760" intervalms="54.195" />
<gc-start id="1121" type="partial gc" contextid="1120" timestamp="2019-08-08T12:52:05.760">
  <mem-info id="1122" free="39845888" total="148897792" percent="26">
    <mem type="eden" free="0" total="44040192" percent="0" />
    <remembered-set count="38016" freebytes="6135936" totalbytes="6288000" percent="97" regionsoverflowed="0" regionsstable="2" regionsrebuilding="0"/>
  </mem-info>
</gc-start>
<allocation-stats totalBytes="41228704" >
  <allocated-bytes non-tlh="0" tlh="41228704" arrayletleaf="0"/>
  <largest-consumer threadName="main" threadId="00000000018B4F00" bytes="41228704" />
</allocation-stats>
<gc-op id="1123" type="copy forward" timems="10.832" contextid="1120" timestamp="2019-08-08T12:52:05.773">
  <memory-copied type="eden" objects="12" bytes="11760" bytesdiscarded="0" />
  <memory-copied type="other" objects="92" bytes="3552" bytesdiscarded="720" />
  <memory-cardclean objects="102" bytes="4056" />
  <regions eden="21" other="1" />
  <remembered-set-cleared processed="30748" cleared="42" durationms="0.397" />
  <stringconstants candidates="13771" cleared="0"  />
</gc-op>
<gc-op id="1124" type="classunload" timems="0.009" contextid="1120" timestamp="2019-08-08T12:52:05.773">
  <classunload-info classloadercandidates="55" classloadersunloaded="0" classesunloaded="0" anonymousclassesunloaded="0" quiescems="0.000" setupms="0.009" scanms="0.000" postms="0.000" />
</gc-op>
<heap-resize id="1125" type="contract" space="default" amount="8388608" count="1" timems="0.081" reason="insufficient time being spent in gc" timestamp="2019-08-08T12:52:05.773" />
<gc-end id="1126" type="partial gc" contextid="1120" durationms="13.110" usertimems="45.483" systemtimems="0.000" timestamp="2019-08-08T12:52:05.773" activeThreads="16">
  <mem-info id="1127" free="73400320" total="140509184" percent="52">
    <mem type="eden" free="2085392" total="2097152" percent="99" />
    <remembered-set count="38912" freebytes="5796992" totalbytes="5952640" percent="97" regionsoverflowed="0" regionsstable="2" regionsrebuilding="0"/>
  </mem-info>
</gc-end>
<cycle-end id="1128" type="partial gc" contextid="1120" timestamp="2019-08-08T12:52:05.773" />
  <attribute name="elasticGC enabled" value="1" />
  <attribute name= "numThreadsSpecified" value="16" />
  <attribute name="heapSize specified" value="0" />
  <attribute name="Current GC Util" value="185" />
  <attribute name= "Current Time Running" value="157147" />
  <attribute name ="GC Interval" value="0" />
  <attribute name="Target GC Util Change" value ="80.000000" />
  <attribute name="Current GC Util Change" value="185.000000"/>
  <attribute name="Current Error" value="-105.000000" />
  <attribute name="Output H" value="148973352"/>
  <attribute name="Output I" value="1824"/>
  <attribute name="Output T" value="16"/>
  <attribute name= "Current Time Running" value="157147" />
  <attribute name="GC Util currently" value="185" />
  <attribute name="CPU Util currently" value="688276816600" />
<exclusive-end id="1129" timestamp="2019-08-08T12:52:05.774" durationms="15.080" />

<exclusive-start id="1130" timestamp="2019-08-08T12:52:06.656" intervalms="897.621">
  <response-info timems="0.074" idlems="0.074" threads="0" lastid="00000000018B4F00" lastname="main" />
</exclusive-start>
<allocation-taxation id="1131" taxation-threshold="41943040" timestamp="2019-08-08T12:52:06.656" intervalms="896.301" />
<cycle-start id="1132" type="partial gc" contextid="0" timestamp="2019-08-08T12:52:06.656" intervalms="896.240" />
<gc-start id="1133" type="partial gc" contextid="1132" timestamp="2019-08-08T12:52:06.657">
  <mem-info id="1134" free="31457280" total="140509184" percent="22">
    <mem type="eden" free="2085392" total="44040192" percent="4" />
    <remembered-set count="38432" freebytes="5798912" totalbytes="5952640" percent="97" regionsoverflowed="0" regionsstable="2" regionsrebuilding="0"/>
  </mem-info>
</gc-start>
<allocation-stats totalBytes="41939240" >
  <allocated-bytes non-tlh="0" tlh="41939240" arrayletleaf="0"/>
  <largest-consumer threadName="main" threadId="00000000018B4F00" bytes="41939240" />
</allocation-stats>
<gc-op id="1135" type="copy forward" timems="15.784" contextid="1132" timestamp="2019-08-08T12:52:06.674">
  <memory-copied type="eden" objects="61" bytes="41632" bytesdiscarded="392" />
  <memory-copied type="other" objects="0" bytes="0" bytesdiscarded="0" />
  <memory-cardclean objects="165" bytes="6176" />
  <regions eden="20" other="1" />
  <remembered-set-cleared processed="30767" cleared="42" durationms="0.248" />
  <stringconstants candidates="13771" cleared="0"  />
</gc-op>
<gc-op id="1136" type="classunload" timems="0.009" contextid="1132" timestamp="2019-08-08T12:52:06.674">
  <classunload-info classloadercandidates="55" classloadersunloaded="0" classesunloaded="0" anonymousclassesunloaded="0" quiescems="0.000" setupms="0.009" scanms="0.000" postms="0.000" />
</gc-op>
<heap-resize id="1137" type="contract" space="default" amount="8388608" count="1" timems="0.097" reason="insufficient time being spent in gc" timestamp="2019-08-08T12:52:06.674" />
<gc-end id="1138" type="partial gc" contextid="1132" durationms="17.710" usertimems="37.242" systemtimems="0.000" timestamp="2019-08-08T12:52:06.674" activeThreads="16">
  <mem-info id="1139" free="65011712" total="132120576" percent="49">
    <mem type="eden" free="2055128" total="2097152" percent="97" />
    <remembered-set count="40256" freebytes="5456256" totalbytes="5617280" percent="97" regionsoverflowed="0" regionsstable="2" regionsrebuilding="0"/>
  </mem-info>
</gc-end>
<cycle-end id="1140" type="partial gc" contextid="1132" timestamp="2019-08-08T12:52:06.674" />
  <attribute name="elasticGC enabled" value="1" />
  <attribute name= "numThreadsSpecified" value="16" />
  <attribute name="heapSize specified" value="0" />
  <attribute name="Current GC Util" value="63" />
  <attribute name= "Current Time Running" value="158043" />
  <attribute name ="GC Interval" value="0" />
  <attribute name="Target GC Util Change" value ="80.000000" />
  <attribute name="Current GC Util Change" value="63.000000"/>
  <attribute name="Current Error" value="-11.000000" />
  <attribute name="Output H" value="140584856"/>
  <attribute name="Output I" value="1992"/>
  <attribute name="Output T" value="16"/>
  <attribute name= "Current Time Running" value="158043" />
  <attribute name="GC Util currently" value="63" />
  <attribute name="CPU Util currently" value="961895725127" />
<exclusive-end id="1141" timestamp="2019-08-08T12:52:06.675" durationms="18.504" />

<exclusive-start id="1142" timestamp="2019-08-08T12:52:06.915" intervalms="258.966">
  <response-info timems="0.047" idlems="0.047" threads="0" lastid="00000000018B4F00" lastname="main" />
</exclusive-start>
<allocation-taxation id="1143" taxation-threshold="39845888" timestamp="2019-08-08T12:52:06.915" intervalms="258.955" />
<cycle-start id="1144" type="partial gc" contextid="0" timestamp="2019-08-08T12:52:06.915" intervalms="258.925" />
<gc-start id="1145" type="partial gc" contextid="1144" timestamp="2019-08-08T12:52:06.916">
  <mem-info id="1146" free="25165824" total="132120576" percent="19">
    <mem type="eden" free="0" total="39845888" percent="0" />
    <remembered-set count="39776" freebytes="5458176" totalbytes="5617280" percent="97" regionsoverflowed="0" regionsstable="2" regionsrebuilding="0"/>
  </mem-info>
</gc-start>
<allocation-stats totalBytes="39840400" >
  <allocated-bytes non-tlh="32" tlh="39840368" arrayletleaf="0"/>
  <largest-consumer threadName="main" threadId="00000000018B4F00" bytes="39840400" />
</allocation-stats>
<gc-op id="1147" type="copy forward" timems="7.361" contextid="1144" timestamp="2019-08-08T12:52:06.924">
  <memory-copied type="eden" objects="48" bytes="1568" bytesdiscarded="0" />
  <memory-copied type="other" objects="47" bytes="41104" bytesdiscarded="864" />
  <memory-cardclean objects="611" bytes="20712" />
  <regions eden="19" other="1" />
  <remembered-set-cleared processed="30708" cleared="93" durationms="0.313" />
  <stringconstants candidates="13772" cleared="0"  />
</gc-op>
<gc-op id="1148" type="classunload" timems="0.009" contextid="1144" timestamp="2019-08-08T12:52:06.924">
  <classunload-info classloadercandidates="55" classloadersunloaded="0" classesunloaded="0" anonymousclassesunloaded="0" quiescems="0.000" setupms="0.008" scanms="0.000" postms="0.000" />
</gc-op>
<heap-resize id="1149" type="contract" space="default" amount="8388608" count="1" timems="0.285" reason="insufficient time being spent in gc" timestamp="2019-08-08T12:52:06.925" />
<gc-end id="1150" type="partial gc" contextid="1144" durationms="9.185" usertimems="27.975" systemtimems="0.000" timestamp="2019-08-08T12:52:06.925" activeThreads="16">
  <mem-info id="1151" free="54525952" total="123731968" percent="44">
    <mem type="eden" free="2095584" total="2097152" percent="99" />
    <remembered-set count="41152" freebytes="5117312" totalbytes="5281920" percent="96" regionsoverflowed="0" regionsstable="2" regionsrebuilding="0"/>
  </mem-info>
</gc-end>
<cycle-end id="1152" type="partial gc" contextid="1144" timestamp="2019-08-08T12:52:06.925" />
  <attribute name="elasticGC enabled" value="1" />
  <attribute name= "numThreadsSpecified" value="16" />
  <attribute name="heapSize specified" value="0" />
  <attribute name="Current GC Util" value="76" />
  <attribute name= "Current Time Running" value="158301" />
  <attribute name ="GC Interval" value="0" />
  <attribute name="Target GC Util Change" value ="80.000000" />
  <attribute name="Current GC Util Change" value="76.000000"/>
  <attribute name="Current Error" value="64.000000" />
  <attribute name="Output H" value="132196336"/>
  <attribute name="Output I" value="2128"/>
  <attribute name="Output T" value="16"/>
  <attribute name= "Current Time Running" value="158301" />
  <attribute name="GC Util currently" value="76" />
  <attribute name="CPU Util currently" value="1138561939463" />
<exclusive-end id="1153" timestamp="2019-08-08T12:52:06.925" durationms="9.882" />

<exclusive-start id="1154" timestamp="2019-08-08T12:52:07.026" intervalms="111.134">
  <response-info timems="0.095" idlems="0.095" threads="0" lastid="00000000018B4F00" lastname="main" />
</exclusive-start>
<allocation-taxation id="1155" taxation-threshold="18874368" timestamp="2019-08-08T12:52:07.026" intervalms="111.132" />
<cycle-start id="1156" type="global mark phase" contextid="0" timestamp="2019-08-08T12:52:07.026" intervalms="8245.749" />
<gc-start id="1157" type="global mark phase" contextid="1156" timestamp="2019-08-08T12:52:07.026">
  <mem-info id="1158" free="35651584" total="123731968" percent="28">
    <remembered-set count="40768" freebytes="5118848" totalbytes="5281920" percent="96" regionsoverflowed="0" regionsstable="2" regionsrebuilding="0"/>
  </mem-info>
</gc-start>
<gc-op id="1159" type="mark increment" timems="3.275" contextid="1156" timestamp="2019-08-08T12:52:07.030">
  <trace-info objectcount="213" scancount="0" scanbytes="0" />
</gc-op>
<gc-end id="1160" type="global mark phase" contextid="1156" durationms="3.359" usertimems="12.359" systemtimems="0.000" timestamp="2019-08-08T12:52:07.030" activeThreads="16">
  <mem-info id="1161" free="35651584" total="123731968" percent="28">
    <remembered-set count="40768" freebytes="5118848" totalbytes="5281920" percent="96" regionsoverflowed="0" regionsstable="0" regionsrebuilding="2"/>
  </mem-info>
</gc-end>
<concurrent-start id="1162" type="GMP work packet processing" contextid="1156" timestamp="2019-08-08T12:52:07.030">
  <concurrent-mark-start scanTarget="7673606" />
</concurrent-start>
<exclusive-end id="1163" timestamp="2019-08-08T12:52:07.030" durationms="3.664" />

<concurrent-end id="1164" type="GMP work packet processing" contextid="1156" timestamp="2019-08-08T12:52:07.036">
  <concurrent-mark-end bytesScanned="7814976" reasonForTermination="Work target met" />
</concurrent-end>

<exclusive-start id="1165" timestamp="2019-08-08T12:52:07.211" intervalms="184.763">
  <response-info timems="0.059" idlems="0.059" threads="0" lastid="00000000018B4F00" lastname="main" />
</exclusive-start>
<allocation-taxation id="1166" taxation-threshold="18874368" timestamp="2019-08-08T12:52:07.211" intervalms="184.770" />
<cycle-start id="1167" type="partial gc" contextid="0" timestamp="2019-08-08T12:52:07.211" intervalms="295.928" />
<gc-start id="1168" type="partial gc" contextid="1167" timestamp="2019-08-08T12:52:07.211">
  <mem-info id="1169" free="16777216" total="123731968" percent="13">
    <mem type="eden" free="0" total="37748736" percent="0" />
    <remembered-set count="54432" freebytes="5064192" totalbytes="5281920" percent="95" regionsoverflowed="0" regionsstable="0" regionsrebuilding="2"/>
  </mem-info>
</gc-start>
<allocation-stats totalBytes="37738528" >
  <allocated-bytes non-tlh="0" tlh="37738528" arrayletleaf="0"/>
  <largest-consumer threadName="main" threadId="00000000018B4F00" bytes="18868128" />
</allocation-stats>
<gc-op id="1170" type="copy forward" timems="9.734" contextid="1167" timestamp="2019-08-08T12:52:07.222">
  <memory-copied type="eden" objects="38" bytes="1496" bytesdiscarded="368" />
  <memory-copied type="other" objects="9" bytes="192" bytesdiscarded="736" />
  <memory-cardclean objects="47485" bytes="1662712" />
  <regions eden="18" other="1" />
  <remembered-set-cleared processed="33514" cleared="5959" durationms="0.279" />
  <stringconstants candidates="13772" cleared="0"  />
</gc-op>
<gc-op id="1171" type="classunload" timems="0.008" contextid="1167" timestamp="2019-08-08T12:52:07.222">
  <classunload-info classloadercandidates="55" classloadersunloaded="0" classesunloaded="0" anonymousclassesunloaded="0" quiescems="0.000" setupms="0.008" scanms="0.000" postms="0.000" />
</gc-op>
<gc-end id="1172" type="partial gc" contextid="1167" durationms="11.191" usertimems="45.367" systemtimems="0.000" timestamp="2019-08-08T12:52:07.223" activeThreads="16">
  <mem-info id="1173" free="52428800" total="123731968" percent="42">
    <mem type="eden" free="2095288" total="2097152" percent="99" />
    <remembered-set count="47520" freebytes="4756480" totalbytes="4946560" percent="96" regionsoverflowed="0" regionsstable="0" regionsrebuilding="2"/>
  </mem-info>
</gc-end>
<cycle-end id="1174" type="partial gc" contextid="1167" timestamp="2019-08-08T12:52:07.223" />
  <attribute name="elasticGC enabled" value="1" />
  <attribute name= "numThreadsSpecified" value="16" />
  <attribute name="heapSize specified" value="0" />
  <attribute name="Current GC Util" value="118" />
  <attribute name= "Current Time Running" value="158597" />
  <attribute name ="GC Interval" value="0" />
  <attribute name="Target GC Util Change" value ="80.000000" />
  <attribute name="Current GC Util Change" value="118.000000"/>
  <attribute name="Current Error" value="-290.000000" />
  <attribute name="Output H" value="123807320"/>
  <attribute name="Output I" value="1496"/>
  <attribute name="Output T" value="16"/>
  <attribute name= "Current Time Running" value="158597" />
  <attribute name="GC Util currently" value="118" />
  <attribute name="CPU Util currently" value="1284887096394" />
<exclusive-end id="1175" timestamp="2019-08-08T12:52:07.223" durationms="11.907" />

<exclusive-start id="1176" timestamp="2019-08-08T12:52:07.382" intervalms="170.828">
  <response-info timems="0.125" idlems="0.125" threads="0" lastid="00000000018B4F00" lastname="main" />
</exclusive-start>
<allocation-taxation id="1177" taxation-threshold="18874368" timestamp="2019-08-08T12:52:07.382" intervalms="170.834" />
<gc-start id="1178" type="global mark phase" contextid="1156" timestamp="2019-08-08T12:52:07.382">
  <mem-info id="1179" free="33554432" total="123731968" percent="27">
    <remembered-set count="47072" freebytes="4758272" totalbytes="4946560" percent="96" regionsoverflowed="0" regionsstable="0" regionsrebuilding="2"/>
  </mem-info>
</gc-start>
<gc-end id="1180" type="global mark phase" contextid="1156" durationms="0.037" usertimems="0.033" systemtimems="0.000" timestamp="2019-08-08T12:52:07.382" activeThreads="16">
  <mem-info id="1181" free="33554432" total="123731968" percent="27">
    <remembered-set count="47072" freebytes="4758272" totalbytes="4946560" percent="96" regionsoverflowed="0" regionsstable="0" regionsrebuilding="2"/>
  </mem-info>
</gc-end>
<concurrent-start id="1182" type="GMP work packet processing" contextid="1156" timestamp="2019-08-08T12:52:07.382">
  <concurrent-mark-start scanTarget="7673606" />
</concurrent-start>
<exclusive-end id="1183" timestamp="2019-08-08T12:52:07.382" durationms="0.366" />

<concurrent-end id="1184" type="GMP work packet processing" contextid="1156" timestamp="2019-08-08T12:52:07.391">
  <concurrent-mark-end bytesScanned="5832244" reasonForTermination="Completed all work in GC phase" />
</concurrent-end>

<exclusive-start id="1185" timestamp="2019-08-08T12:52:07.605" intervalms="223.562">
  <response-info timems="0.111" idlems="0.111" threads="0" lastid="00000000018B4F00" lastname="main" />
</exclusive-start>
<allocation-taxation id="1186" taxation-threshold="18874368" timestamp="2019-08-08T12:52:07.605" intervalms="223.550" />
<cycle-start id="1187" type="partial gc" contextid="0" timestamp="2019-08-08T12:52:07.606" intervalms="394.356" />
<gc-start id="1188" type="partial gc" contextid="1187" timestamp="2019-08-08T12:52:07.606">
  <mem-info id="1189" free="14680064" total="123731968" percent="11">
    <mem type="eden" free="0" total="37748736" percent="0" />
    <remembered-set count="62592" freebytes="4696192" totalbytes="4946560" percent="94" regionsoverflowed="0" regionsstable="0" regionsrebuilding="2"/>
  </mem-info>
</gc-start>
<allocation-stats totalBytes="37734656" >
  <allocated-bytes non-tlh="0" tlh="37734656" arrayletleaf="0"/>
  <largest-consumer threadName="main" threadId="00000000018B4F00" bytes="18867704" />
</allocation-stats>
<gc-op id="1190" type="copy forward" timems="6.839" contextid="1187" timestamp="2019-08-08T12:52:07.614">
  <memory-copied type="eden" objects="30" bytes="912" bytesdiscarded="0" />
  <memory-copied type="other" objects="8" bytes="208" bytesdiscarded="720" />
  <memory-cardclean objects="84" bytes="3192" />
  <regions eden="18" other="1" />
  <remembered-set-cleared processed="52413" cleared="42" durationms="0.233" />
  <stringconstants candidates="13772" cleared="0"  />
</gc-op>
<gc-op id="1191" type="classunload" timems="0.010" contextid="1187" timestamp="2019-08-08T12:52:07.614">
  <classunload-info classloadercandidates="55" classloadersunloaded="0" classesunloaded="0" anonymousclassesunloaded="0" quiescems="0.000" setupms="0.009" scanms="0.000" postms="0.000" />
</gc-op>
<heap-resize id="1192" type="contract" space="default" amount="6291456" count="1" timems="0.248" reason="insufficient time being spent in gc" timestamp="2019-08-08T12:52:07.614" />
<gc-end id="1193" type="partial gc" contextid="1187" durationms="8.210" usertimems="27.447" systemtimems="0.000" timestamp="2019-08-08T12:52:07.614" activeThreads="16">
  <mem-info id="1194" free="44040192" total="117440512" percent="37">
    <mem type="eden" free="2096240" total="2097152" percent="99" />
    <remembered-set count="60032" freebytes="4706432" totalbytes="4946560" percent="95" regionsoverflowed="0" regionsstable="0" regionsrebuilding="2"/>
  </mem-info>
</gc-end>
<cycle-end id="1195" type="partial gc" contextid="1187" timestamp="2019-08-08T12:52:07.614" />
  <attribute name="elasticGC enabled" value="1" />
  <attribute name= "numThreadsSpecified" value="16" />
  <attribute name="heapSize specified" value="0" />
  <attribute name="Current GC Util" value="312" />
  <attribute name= "Current Time Running" value="158991" />
  <attribute name ="GC Interval" value="0" />
  <attribute name="Target GC Util Change" value ="80.000000" />
  <attribute name="Current GC Util Change" value="312.000000"/>
  <attribute name="Current Error" value="-162.000000" />
  <attribute name="Output H" value="123807464"/>
  <attribute name="Output I" value="1720"/>
  <attribute name="Output T" value="16"/>
  <attribute name= "Current Time Running" value="158991" />
  <attribute name="GC Util currently" value="312" />
  <attribute name="CPU Util currently" value="1878894297151" />
<exclusive-end id="1196" timestamp="2019-08-08T12:52:07.614" durationms="8.784" />

<exclusive-start id="1197" timestamp="2019-08-08T12:52:07.818" intervalms="212.354">
  <response-info timems="0.071" idlems="0.071" threads="0" lastid="00000000018B4F00" lastname="main" />
</exclusive-start>
<allocation-taxation id="1198" taxation-threshold="16777216" timestamp="2019-08-08T12:52:07.818" intervalms="212.418" />
<gc-start id="1199" type="global mark phase" contextid="1156" timestamp="2019-08-08T12:52:07.818">
  <mem-info id="1200" free="27262976" total="117440512" percent="23">
    <remembered-set count="59680" freebytes="4707840" totalbytes="4946560" percent="95" regionsoverflowed="0" regionsstable="0" regionsrebuilding="2"/>
  </mem-info>
</gc-start>
<gc-op id="1201" type="mark increment" timems="12.464" contextid="1156" timestamp="2019-08-08T12:52:07.830">
  <trace-info objectcount="39" scancount="38" scanbytes="1092" />
  <cardclean-info objects="65734" bytes="1967700" />
  <finalization candidates="80" enqueued="0" />
  <ownableSynchronizers candidates="21" cleared="0" />
  <references type="soft" candidates="4852" cleared="9" enqueued="9" dynamicThreshold="12" maxThreshold="32" />
  <references type="weak" candidates="5587" cleared="11" enqueued="6" />
  <references type="phantom" candidates="98" cleared="1" enqueued="1" />
  <stringconstants candidates="13772" cleared="2"  />
</gc-op>
<gc-op id="1202" type="classunload" timems="0.612" contextid="1156" timestamp="2019-08-08T12:52:07.831">
  <classunload-info classloadercandidates="55" classloadersunloaded="1" classesunloaded="1" anonymousclassesunloaded="0" quiescems="0.000" setupms="0.593" scanms="0.014" postms="0.005" />
</gc-op>
<gc-end id="1203" type="global mark phase" contextid="1156" durationms="13.265" usertimems="45.930" systemtimems="0.000" timestamp="2019-08-08T12:52:07.831" activeThreads="16">
  <mem-info id="1204" free="27262976" total="117440512" percent="23">
    <pending-finalizers system="0" default="0" reference="16" classloader="0" />
    <remembered-set count="66336" freebytes="4681216" totalbytes="4946560" percent="94" regionsoverflowed="0" regionsstable="0" regionsrebuilding="0"/>
  </mem-info>
</gc-end>
<cycle-end id="1205" type="global mark phase" contextid="1156" timestamp="2019-08-08T12:52:07.831" />
  <attribute name="elasticGC enabled" value="1" />
  <attribute name= "numThreadsSpecified" value="16" />
  <attribute name="heapSize specified" value="0" />
  <attribute name="Current GC Util" value="130" />
  <attribute name= "Current Time Running" value="159207" />
  <attribute name ="GC Interval" value="0" />
  <attribute name="Target GC Util Change" value ="80.000000" />
  <attribute name="Current GC Util Change" value="130.000000"/>
  <attribute name="Current Error" value="-325.000000" />
  <attribute name="Output H" value="117515824"/>
  <attribute name="Output I" value="1432"/>
  <attribute name="Output T" value="16"/>
  <attribute name= "Current Time Running" value="159207" />
  <attribute name="GC Util currently" value="130" />
  <attribute name="CPU Util currently" value="723735483819" />
<exclusive-end id="1206" timestamp="2019-08-08T12:52:07.831" durationms="13.685" />

<exclusive-start id="1207" timestamp="2019-08-08T12:52:07.918" intervalms="99.834">
  <response-info timems="0.168" idlems="0.168" threads="0" lastid="00000000018B4F00" lastname="main" />
</exclusive-start>
<allocation-taxation id="1208" taxation-threshold="16777216" timestamp="2019-08-08T12:52:07.918" intervalms="99.781" />
<cycle-start id="1209" type="partial gc" contextid="0" timestamp="2019-08-08T12:52:07.918" intervalms="312.242" />
<gc-start id="1210" type="partial gc" contextid="1209" timestamp="2019-08-08T12:52:07.918">
  <mem-info id="1211" free="10485760" total="117440512" percent="8">
    <mem type="eden" free="0" total="33554432" percent="0" />
    <remembered-set count="65216" freebytes="4685696" totalbytes="4946560" percent="94" regionsoverflowed="0" regionsstable="1" regionsrebuilding="0"/>
  </mem-info>
</gc-start>
<allocation-stats totalBytes="33551688" >
  <allocated-bytes non-tlh="0" tlh="33551688" arrayletleaf="0"/>
  <largest-consumer threadName="main" threadId="00000000018B4F00" bytes="16771112" />
</allocation-stats>
<gc-op id="1212" type="sweep" timems="8.551" contextid="1209" timestamp="2019-08-08T12:52:07.927" />
<gc-op id="1213" type="copy forward" timems="27.041" contextid="1209" timestamp="2019-08-08T12:52:07.956">
  <memory-copied type="eden" objects="31" bytes="1448" bytesdiscarded="248" />
  <memory-copied type="other" objects="7" bytes="160" bytesdiscarded="0" />
  <memory-cardclean objects="14240" bytes="722344" />
  <regions eden="8" other="2" />
  <remembered-set-cleared processed="55184" cleared="3177" durationms="0.431" />
  <stringconstants candidates="13770" cleared="0"  />
</gc-op>
<gc-op id="1214" type="classunload" timems="0.009" contextid="1209" timestamp="2019-08-08T12:52:07.956">
  <classunload-info classloadercandidates="54" classloadersunloaded="0" classesunloaded="0" anonymousclassesunloaded="0" quiescems="0.000" setupms="0.009" scanms="0.000" postms="0.000" />
</gc-op>
<gc-end id="1215" type="partial gc" contextid="1209" durationms="38.277" usertimems="44.976" systemtimems="0.000" timestamp="2019-08-08T12:52:07.956" activeThreads="16">
  <mem-info id="1216" free="41943040" total="117440512" percent="35">
    <mem type="eden" free="2095456" total="2097152" percent="99" />
    <remembered-set count="64000" freebytes="4439040" totalbytes="4695040" percent="94" regionsoverflowed="0" regionsstable="1" regionsrebuilding="0"/>
  </mem-info>
</gc-end>
<cycle-end id="1217" type="partial gc" contextid="1209" timestamp="2019-08-08T12:52:07.957" />
  <attribute name="elasticGC enabled" value="1" />
  <attribute name= "numThreadsSpecified" value="16" />
  <attribute name="heapSize specified" value="0" />
  <attribute name="Current GC Util" value="29" />
  <attribute name= "Current Time Running" value="159314" />
  <attribute name ="GC Interval" value="0" />
  <attribute name="Target GC Util Change" value ="80.000000" />
  <attribute name="Current GC Util Change" value="29.000000"/>
  <attribute name="Current Error" value="81.000000" />
  <attribute name="Output H" value="117516288"/>
  <attribute name="Output I" value="2152"/>
  <attribute name="Output T" value="16"/>
  <attribute name= "Current Time Running" value="159314" />
  <attribute name="GC Util currently" value="29" />
  <attribute name="CPU Util currently" value="674286574107" />
<exclusive-end id="1218" timestamp="2019-08-08T12:52:07.957" durationms="39.087" />

<exclusive-start id="1219" timestamp="2019-08-08T12:52:08.122" intervalms="204.512">
  <response-info timems="0.127" idlems="0.127" threads="0" lastid="00000000018B4F00" lastname="main" />
</exclusive-start>
<allocation-taxation id="1220" taxation-threshold="35651584" timestamp="2019-08-08T12:52:08.122" intervalms="204.517" />
<cycle-start id="1221" type="partial gc" contextid="0" timestamp="2019-08-08T12:52:08.122" intervalms="204.526" />
<gc-start id="1222" type="partial gc" contextid="1221" timestamp="2019-08-08T12:52:08.123">
  <mem-info id="1223" free="6291456" total="117440512" percent="5">
    <mem type="eden" free="0" total="35651584" percent="0" />
    <remembered-set count="63840" freebytes="4439680" totalbytes="4695040" percent="94" regionsoverflowed="0" regionsstable="1" regionsrebuilding="0"/>
  </mem-info>
</gc-start>
<allocation-stats totalBytes="35647056" >
  <allocated-bytes non-tlh="0" tlh="35647056" arrayletleaf="0"/>
  <largest-consumer threadName="main" threadId="00000000018B4F00" bytes="35647056" />
</allocation-stats>
<gc-op id="1224" type="copy forward" timems="29.376" contextid="1221" timestamp="2019-08-08T12:52:08.153">
  <memory-copied type="eden" objects="33" bytes="984" bytesdiscarded="0" />
  <memory-copied type="other" objects="102880" bytes="2718304" bytesdiscarded="145704" />
  <memory-cardclean objects="10325" bytes="563080" />
  <regions eden="17" other="18" />
  <remembered-set-cleared processed="53111" cleared="13190" durationms="0.445" />
  <references type="soft" candidates="838" cleared="0" enqueued="0" dynamicThreshold="11" maxThreshold="32" />
  <references type="weak" candidates="356" cleared="0" enqueued="0" />
  <references type="phantom" candidates="1" cleared="0" enqueued="0" />
  <stringconstants candidates="13770" cleared="0"  />
  <heap-resize type="expand" space="default" amount="6291456" count="3" timems="0.883" reason="continue current collection" />
</gc-op>
<gc-op id="1225" type="classunload" timems="0.014" contextid="1221" timestamp="2019-08-08T12:52:08.154">
  <classunload-info classloadercandidates="54" classloadersunloaded="0" classesunloaded="0" anonymousclassesunloaded="0" quiescems="0.000" setupms="0.013" scanms="0.000" postms="0.000" />
</gc-op>
<gc-end id="1226" type="partial gc" contextid="1221" durationms="31.046" usertimems="80.902" systemtimems="0.000" timestamp="2019-08-08T12:52:08.154" activeThreads="16">
  <mem-info id="1227" free="73400320" total="123731968" percent="59">
    <mem type="eden" free="2096168" total="2097152" percent="99" />
    <remembered-set count="57472" freebytes="4716672" totalbytes="4946560" percent="95" regionsoverflowed="0" regionsstable="1" regionsrebuilding="0"/>
  </mem-info>
</gc-end>
<cycle-end id="1228" type="partial gc" contextid="1221" timestamp="2019-08-08T12:52:08.154" />
  <attribute name="elasticGC enabled" value="1" />
  <attribute name= "numThreadsSpecified" value="16" />
  <attribute name="heapSize specified" value="0" />
  <attribute name="Current GC Util" value="112" />
  <attribute name= "Current Time Running" value="159509" />
  <attribute name ="GC Interval" value="0" />
  <attribute name="Target GC Util Change" value ="80.000000" />
  <attribute name="Current GC Util Change" value="112.000000"/>
  <attribute name="Current Error" value="109.000000" />
  <attribute name="Output H" value="117516320"/>
  <attribute name="Output I" value="2208"/>
  <attribute name="Output T" value="16"/>
  <attribute name= "Current Time Running" value="159509" />
  <attribute name="GC Util currently" value="112" />
  <attribute name="CPU Util currently" value="1485354133996" />
<exclusive-end id="1229" timestamp="2019-08-08T12:52:08.154" durationms="31.909" />

<exclusive-start id="1230" timestamp="2019-08-08T12:52:08.511" intervalms="388.899">
  <response-info timems="0.855" idlems="0.855" threads="0" lastid="00000000018B4F00" lastname="main" />
</exclusive-start>
<allocation-taxation id="1231" taxation-threshold="37748736" timestamp="2019-08-08T12:52:08.511" intervalms="388.902" />
<cycle-start id="1232" type="partial gc" contextid="0" timestamp="2019-08-08T12:52:08.511" intervalms="388.867" />
<gc-start id="1233" type="partial gc" contextid="1232" timestamp="2019-08-08T12:52:08.512">
  <mem-info id="1234" free="35651584" total="123731968" percent="28">
    <mem type="eden" free="0" total="37748736" percent="0" />
    <remembered-set count="55808" freebytes="4723328" totalbytes="4946560" percent="95" regionsoverflowed="0" regionsstable="2" regionsrebuilding="0"/>
  </mem-info>
</gc-start>
<allocation-stats totalBytes="37744160" >
  <allocated-bytes non-tlh="0" tlh="37744160" arrayletleaf="0"/>
  <largest-consumer threadName="main" threadId="00000000018B4F00" bytes="37744160" />
</allocation-stats>
<gc-op id="1235" type="copy forward" timems="199.646" contextid="1232" timestamp="2019-08-08T12:52:08.719">
  <memory-copied type="eden" objects="21" bytes="672" bytesdiscarded="0" />
  <memory-copied type="other" objects="32780" bytes="1474304" bytesdiscarded="225600" />
  <memory-cardclean objects="103158" bytes="2968960" />
  <regions eden="18" other="3" />
  <remembered-set-cleared processed="38478" cleared="19079" durationms="0.713" />
  <finalization candidates="13" enqueued="0" />
  <references type="soft" candidates="621" cleared="0" enqueued="0" dynamicThreshold="18" maxThreshold="32" />
  <references type="weak" candidates="1801" cleared="0" enqueued="0" />
  <references type="phantom" candidates="51" cleared="0" enqueued="0" />
  <stringconstants candidates="13770" cleared="0"  />
</gc-op>
<gc-op id="1236" type="classunload" timems="0.013" contextid="1232" timestamp="2019-08-08T12:52:08.719">
  <classunload-info classloadercandidates="54" classloadersunloaded="0" classesunloaded="0" anonymousclassesunloaded="0" quiescems="0.000" setupms="0.013" scanms="0.000" postms="0.000" />
</gc-op>
<gc-end id="1237" type="partial gc" contextid="1232" durationms="208.084" usertimems="163.529" systemtimems="0.000" timestamp="2019-08-08T12:52:08.720" activeThreads="16">
  <mem-info id="1238" free="73400320" total="123731968" percent="59">
    <mem type="eden" free="2096480" total="2097152" percent="99" />
    <remembered-set count="49248" freebytes="4749568" totalbytes="4946560" percent="96" regionsoverflowed="0" regionsstable="2" regionsrebuilding="0"/>
  </mem-info>
</gc-end>
<cycle-end id="1239" type="partial gc" contextid="1232" timestamp="2019-08-08T12:52:08.720" />
  <attribute name="elasticGC enabled" value="1" />
  <attribute name= "numThreadsSpecified" value="16" />
  <attribute name="heapSize specified" value="0" />
  <attribute name="Current GC Util" value="10" />
  <attribute name= "Current Time Running" value="159904" />
  <attribute name ="GC Interval" value="0" />
  <attribute name="Target GC Util Change" value ="80.000000" />
  <attribute name="Current GC Util Change" value="10.000000"/>
  <attribute name="Current Error" value="246.000000" />
  <attribute name="Output H" value="123807936"/>
  <attribute name="Output I" value="2448"/>
  <attribute name="Output T" value="16"/>
  <attribute name= "Current Time Running" value="159904" />
  <attribute name="GC Util currently" value="10" />
  <attribute name="CPU Util currently" value="156881153726" />
<exclusive-end id="1240" timestamp="2019-08-08T12:52:08.720" durationms="209.439" />

<exclusive-start id="1241" timestamp="2019-08-08T12:52:10.801" intervalms="2289.800">
  <response-info timems="0.162" idlems="0.162" threads="0" lastid="00000000018B4F00" lastname="main" />
</exclusive-start>
<allocation-taxation id="1242" taxation-threshold="37748736" timestamp="2019-08-08T12:52:10.801" intervalms="2289.853" />
<cycle-start id="1243" type="partial gc" contextid="0" timestamp="2019-08-08T12:52:10.801" intervalms="2289.916" />
<gc-start id="1244" type="partial gc" contextid="1243" timestamp="2019-08-08T12:52:10.801">
  <mem-info id="1245" free="35651584" total="123731968" percent="28">
    <mem type="eden" free="0" total="37748736" percent="0" />
    <remembered-set count="48416" freebytes="4752896" totalbytes="4946560" percent="96" regionsoverflowed="0" regionsstable="3" regionsrebuilding="0"/>
  </mem-info>
</gc-start>
<allocation-stats totalBytes="37747064" >
  <allocated-bytes non-tlh="0" tlh="37747064" arrayletleaf="0"/>
  <largest-consumer threadName="main" threadId="00000000018B4F00" bytes="37747064" />
</allocation-stats>
<gc-op id="1246" type="copy forward" timems="72.796" contextid="1243" timestamp="2019-08-08T12:52:10.880">
  <memory-copied type="eden" objects="26" bytes="760" bytesdiscarded="0" />
  <memory-copied type="other" objects="61882" bytes="1516952" bytesdiscarded="53648" />
  <memory-cardclean objects="3438" bytes="354032" />
  <regions eden="18" other="3" />
  <remembered-set-cleared processed="41037" cleared="5598" durationms="0.254" />
  <stringconstants candidates="13770" cleared="0"  />
</gc-op>
<gc-op id="1247" type="classunload" timems="0.015" contextid="1243" timestamp="2019-08-08T12:52:10.880">
  <classunload-info classloadercandidates="54" classloadersunloaded="0" classesunloaded="0" anonymousclassesunloaded="0" quiescems="0.000" setupms="0.015" scanms="0.000" postms="0.000" />
</gc-op>
<gc-end id="1248" type="partial gc" contextid="1243" durationms="78.397" usertimems="192.270" systemtimems="0.000" timestamp="2019-08-08T12:52:10.880" activeThreads="16">
  <mem-info id="1249" free="73400320" total="123731968" percent="59">
    <mem type="eden" free="2096392" total="2097152" percent="99" />
    <remembered-set count="46976" freebytes="4758656" totalbytes="4946560" percent="96" regionsoverflowed="0" regionsstable="3" regionsrebuilding="0"/>
  </mem-info>
</gc-end>
<cycle-end id="1250" type="partial gc" contextid="1243" timestamp="2019-08-08T12:52:10.884" />
  <attribute name="elasticGC enabled" value="1" />
  <attribute name= "numThreadsSpecified" value="16" />
  <attribute name="heapSize specified" value="0" />
  <attribute name="Current GC Util" value="20" />
  <attribute name= "Current Time Running" value="162191" />
  <attribute name ="GC Interval" value="0" />
  <attribute name="Target GC Util Change" value ="80.000000" />
  <attribute name="Current GC Util Change" value="20.000000"/>
  <attribute name="Current Error" value="134.000000" />
  <attribute name="Output H" value="123807808"/>
  <attribute name="Output I" value="2248"/>
  <attribute name="Output T" value="16"/>
  <attribute name= "Current Time Running" value="162191" />
  <attribute name="GC Util currently" value="20" />
  <attribute name="CPU Util currently" value="234379795602" />
<exclusive-end id="1251" timestamp="2019-08-08T12:52:10.884" durationms="83.549" />

<exclusive-start id="1252" timestamp="2019-08-08T12:52:13.518" intervalms="2717.520">
  <response-info timems="6.058" idlems="6.058" threads="0" lastid="00000000018B4F00" lastname="main" />
</exclusive-start>
<allocation-taxation id="1253" taxation-threshold="37748736" timestamp="2019-08-08T12:52:13.518" intervalms="2717.465" />
<cycle-start id="1254" type="partial gc" contextid="0" timestamp="2019-08-08T12:52:13.519" intervalms="2717.519" />
<gc-start id="1255" type="partial gc" contextid="1254" timestamp="2019-08-08T12:52:13.519">
  <mem-info id="1256" free="35651584" total="123731968" percent="28">
    <mem type="eden" free="0" total="37748736" percent="0" />
    <remembered-set count="46656" freebytes="4759936" totalbytes="4946560" percent="96" regionsoverflowed="0" regionsstable="3" regionsrebuilding="0"/>
  </mem-info>
</gc-start>
<allocation-stats totalBytes="37746512" >
  <allocated-bytes non-tlh="0" tlh="37746512" arrayletleaf="0"/>
  <largest-consumer threadName="main" threadId="00000000018B4F00" bytes="37746512" />
</allocation-stats>
<gc-op id="1257" type="copy forward" timems="41.697" contextid="1254" timestamp="2019-08-08T12:52:13.565">
  <memory-copied type="eden" objects="46" bytes="1240" bytesdiscarded="104" />
  <memory-copied type="other" objects="23" bytes="512" bytesdiscarded="736" />
  <memory-cardclean objects="100" bytes="12312" />
  <regions eden="18" other="2" />
  <remembered-set-cleared processed="41135" cleared="38" durationms="0.278" />
  <references type="weak" candidates="2" cleared="0" enqueued="0" />
  <stringconstants candidates="13770" cleared="0"  />
</gc-op>
<gc-op id="1258" type="classunload" timems="0.013" contextid="1254" timestamp="2019-08-08T12:52:13.565">
  <classunload-info classloadercandidates="54" classloadersunloaded="0" classesunloaded="0" anonymousclassesunloaded="0" quiescems="0.000" setupms="0.013" scanms="0.000" postms="0.000" />
</gc-op>
<gc-end id="1259" type="partial gc" contextid="1254" durationms="45.936" usertimems="72.539" systemtimems="0.000" timestamp="2019-08-08T12:52:13.565" activeThreads="16">
  <mem-info id="1260" free="71303168" total="123731968" percent="57">
    <mem type="eden" free="2095808" total="2097152" percent="99" />
    <remembered-set count="45664" freebytes="4763904" totalbytes="4946560" percent="96" regionsoverflowed="0" regionsstable="3" regionsrebuilding="0"/>
  </mem-info>
</gc-end>
<cycle-end id="1261" type="partial gc" contextid="1254" timestamp="2019-08-08T12:52:13.565" />
  <attribute name="elasticGC enabled" value="1" />
  <attribute name= "numThreadsSpecified" value="16" />
  <attribute name="heapSize specified" value="0" />
  <attribute name="Current GC Util" value="17" />
  <attribute name= "Current Time Running" value="164908" />
  <attribute name ="GC Interval" value="0" />
  <attribute name="Target GC Util Change" value ="80.000000" />
  <attribute name="Current GC Util Change" value="17.000000"/>
  <attribute name="Current Error" value="273.000000" />
  <attribute name="Output H" value="123807968"/>
  <attribute name="Output I" value="2496"/>
  <attribute name="Output T" value="16"/>
  <attribute name= "Current Time Running" value="164908" />
  <attribute name="GC Util currently" value="17" />
  <attribute name="CPU Util currently" value="324817944372" />
<exclusive-end id="1262" timestamp="2019-08-08T12:52:13.571" durationms="52.921" />

<exclusive-start id="1263" timestamp="2019-08-08T12:52:13.810" intervalms="291.610">
  <response-info timems="0.072" idlems="0.072" threads="0" lastid="00000000018B4F00" lastname="main" />
</exclusive-start>
<allocation-taxation id="1264" taxation-threshold="37748736" timestamp="2019-08-08T12:52:13.810" intervalms="291.591" />
<cycle-start id="1265" type="partial gc" contextid="0" timestamp="2019-08-08T12:52:13.811" intervalms="292.068" />
<gc-start id="1266" type="partial gc" contextid="1265" timestamp="2019-08-08T12:52:13.816">
  <mem-info id="1267" free="33554432" total="123731968" percent="27">
    <mem type="eden" free="0" total="37748736" percent="0" />
    <remembered-set count="45184" freebytes="4765824" totalbytes="4946560" percent="96" regionsoverflowed="0" regionsstable="3" regionsrebuilding="0"/>
  </mem-info>
</gc-start>
<allocation-stats totalBytes="37746072" >
  <allocated-bytes non-tlh="0" tlh="37746072" arrayletleaf="0"/>
  <largest-consumer threadName="main" threadId="00000000018B4F00" bytes="37746072" />
</allocation-stats>
<gc-op id="1268" type="copy forward" timems="79.410" contextid="1265" timestamp="2019-08-08T12:52:13.965">
  <memory-copied type="eden" objects="2" bytes="48" bytesdiscarded="0" />
  <memory-copied type="other" objects="49" bytes="1328" bytesdiscarded="1424" />
  <memory-cardclean objects="64" bytes="10960" />
  <regions eden="18" other="2" />
  <remembered-set-cleared processed="41141" cleared="38" durationms="0.701" />
  <references type="weak" candidates="2" cleared="0" enqueued="0" />
  <stringconstants candidates="13770" cleared="0"  />
</gc-op>
<gc-op id="1269" type="classunload" timems="0.010" contextid="1265" timestamp="2019-08-08T12:52:13.965">
  <classunload-info classloadercandidates="54" classloadersunloaded="0" classesunloaded="0" anonymousclassesunloaded="0" quiescems="0.000" setupms="0.009" scanms="0.000" postms="0.000" />
</gc-op>
<gc-end id="1270" type="partial gc" contextid="1265" durationms="149.027" usertimems="153.758" systemtimems="0.000" timestamp="2019-08-08T12:52:13.965" activeThreads="16">
  <mem-info id="1271" free="69206016" total="123731968" percent="55">
    <mem type="eden" free="2097104" total="2097152" percent="99" />
    <remembered-set count="45664" freebytes="4763904" totalbytes="4946560" percent="96" regionsoverflowed="0" regionsstable="3" regionsrebuilding="0"/>
  </mem-info>
</gc-end>
<cycle-end id="1272" type="partial gc" contextid="1265" timestamp="2019-08-08T12:52:13.965" />
  <attribute name="elasticGC enabled" value="1" />
  <attribute name= "numThreadsSpecified" value="16" />
  <attribute name="heapSize specified" value="0" />
  <attribute name="Current GC Util" value="25" />
  <attribute name= "Current Time Running" value="165270" />
  <attribute name ="GC Interval" value="0" />
  <attribute name="Target GC Util Change" value ="80.000000" />
  <attribute name="Current GC Util Change" value="25.000000"/>
  <attribute name="Current Error" value="399.000000" />
  <attribute name="Output H" value="123808112"/>
  <attribute name="Output I" value="2720"/>
  <attribute name="Output T" value="16"/>
  <attribute name= "Current Time Running" value="165270" />
  <attribute name="GC Util currently" value="25" />
  <attribute name="CPU Util currently" value="17046847324" />
<exclusive-end id="1273" timestamp="2019-08-08T12:52:13.967" durationms="156.637" />

<exclusive-start id="1274" timestamp="2019-08-08T12:52:14.312" intervalms="502.140">
  <response-info timems="0.355" idlems="0.355" threads="0" lastid="00000000018B4F00" lastname="main" />
</exclusive-start>
<allocation-taxation id="1275" taxation-threshold="37748736" timestamp="2019-08-08T12:52:14.312" intervalms="502.209" />
<cycle-start id="1276" type="partial gc" contextid="0" timestamp="2019-08-08T12:52:14.312" intervalms="501.665" />
<gc-start id="1277" type="partial gc" contextid="1276" timestamp="2019-08-08T12:52:14.313">
  <mem-info id="1278" free="31457280" total="123731968" percent="25">
    <mem type="eden" free="2097104" total="39845888" percent="5" />
    <remembered-set count="45664" freebytes="4763904" totalbytes="4946560" percent="96" regionsoverflowed="0" regionsstable="3" regionsrebuilding="0"/>
  </mem-info>
</gc-start>
<allocation-stats totalBytes="37746240" >
  <allocated-bytes non-tlh="0" tlh="37746240" arrayletleaf="0"/>
  <largest-consumer threadName="main" threadId="00000000018B4F00" bytes="37746240" />
</allocation-stats>
<gc-op id="1279" type="copy forward" timems="100.165" contextid="1276" timestamp="2019-08-08T12:52:14.414">
  <memory-copied type="eden" objects="31" bytes="920" bytesdiscarded="584" />
  <memory-copied type="other" objects="7" bytes="160" bytesdiscarded="0" />
  <memory-cardclean objects="90" bytes="3376" />
  <regions eden="18" other="2" />
  <remembered-set-cleared processed="41148" cleared="27" durationms="0.277" />
  <stringconstants candidates="13770" cleared="0"  />
</gc-op>
<gc-op id="1280" type="classunload" timems="0.014" contextid="1276" timestamp="2019-08-08T12:52:14.414">
  <classunload-info classloadercandidates="54" classloadersunloaded="0" classesunloaded="0" anonymousclassesunloaded="0" quiescems="0.000" setupms="0.014" scanms="0.000" postms="0.000" />
</gc-op>
<gc-end id="1281" type="partial gc" contextid="1276" durationms="101.844" usertimems="154.984" systemtimems="0.000" timestamp="2019-08-08T12:52:14.414" activeThreads="8">
  <mem-info id="1282" free="69206016" total="123731968" percent="55">
    <mem type="eden" free="2095648" total="2097152" percent="99" />
    <remembered-set count="46016" freebytes="4762496" totalbytes="4946560" percent="96" regionsoverflowed="0" regionsstable="3" regionsrebuilding="0"/>
  </mem-info>
</gc-end>
<cycle-end id="1283" type="partial gc" contextid="1276" timestamp="2019-08-08T12:52:14.415" />
  <attribute name="elasticGC enabled" value="1" />
  <attribute name= "numThreadsSpecified" value="8" />
  <attribute name="heapSize specified" value="0" />
  <attribute name="Current GC Util" value="162" />
  <attribute name= "Current Time Running" value="165698" />
  <attribute name ="GC Interval" value="0" />
  <attribute name="Target GC Util Change" value ="80.000000" />
  <attribute name="Current GC Util Change" value="162.000000"/>
  <attribute name="Current Error" value="-18.000000" />
  <attribute name="Output H" value="123807632"/>
  <attribute name="Output I" value="1976"/>
  <attribute name="Output T" value="8"/>
  <attribute name= "Current Time Running" value="165698" />
  <attribute name="GC Util currently" value="162" />
  <attribute name="CPU Util currently" value="1548414383753" />
<exclusive-end id="1284" timestamp="2019-08-08T12:52:14.415" durationms="102.878" />

<exclusive-start id="1285" timestamp="2019-08-08T12:52:15.009" intervalms="697.391">
  <response-info timems="6.214" idlems="6.214" threads="0" lastid="00000000018B4F00" lastname="main" />
</exclusive-start>
<allocation-taxation id="1286" taxation-threshold="37748736" timestamp="2019-08-08T12:52:15.010" intervalms="697.437" />
<cycle-start id="1287" type="partial gc" contextid="0" timestamp="2019-08-08T12:52:15.010" intervalms="697.674" />
<gc-start id="1288" type="partial gc" contextid="1287" timestamp="2019-08-08T12:52:15.011">
  <mem-info id="1289" free="31457280" total="123731968" percent="25">
    <mem type="eden" free="0" total="37748736" percent="0" />
    <remembered-set count="45728" freebytes="4763648" totalbytes="4946560" percent="96" regionsoverflowed="0" regionsstable="3" regionsrebuilding="0"/>
  </mem-info>
</gc-start>
<allocation-stats totalBytes="37746128" >
  <allocated-bytes non-tlh="0" tlh="37746128" arrayletleaf="0"/>
  <largest-consumer threadName="main" threadId="00000000018B4F00" bytes="37746128" />
</allocation-stats>
<gc-op id="1290" type="copy forward" timems="21.342" contextid="1287" timestamp="2019-08-08T12:52:15.034">
  <memory-copied type="eden" objects="29" bytes="912" bytesdiscarded="704" />
  <memory-copied type="other" objects="51" bytes="1168" bytesdiscarded="672" />
  <memory-cardclean objects="128" bytes="12976" />
  <regions eden="18" other="2" />
  <remembered-set-cleared processed="41147" cleared="47" durationms="0.274" />
  <references type="weak" candidates="2" cleared="0" enqueued="0" />
  <stringconstants candidates="13770" cleared="0"  />
</gc-op>
<gc-op id="1291" type="classunload" timems="0.011" contextid="1287" timestamp="2019-08-08T12:52:15.034">
  <classunload-info classloadercandidates="54" classloadersunloaded="0" classesunloaded="0" anonymousclassesunloaded="0" quiescems="0.000" setupms="0.010" scanms="0.000" postms="0.000" />
</gc-op>
<heap-resize id="1292" type="expand" space="default" amount="18874368" count="1" timems="0.093" reason="excessive time being spent in gc" timestamp="2019-08-08T12:52:15.034" />
<gc-end id="1293" type="partial gc" contextid="1287" durationms="23.749" usertimems="38.227" systemtimems="0.000" timestamp="2019-08-08T12:52:15.034" activeThreads="16">
  <mem-info id="1294" free="85983232" total="142606336" percent="60">
    <mem type="eden" free="2095536" total="2097152" percent="99" />
    <remembered-set count="45248" freebytes="5520128" totalbytes="5701120" percent="96" regionsoverflowed="0" regionsstable="3" regionsrebuilding="0"/>
  </mem-info>
</gc-end>
<cycle-end id="1295" type="partial gc" contextid="1287" timestamp="2019-08-08T12:52:15.034" />
  <attribute name="elasticGC enabled" value="1" />
  <attribute name= "numThreadsSpecified" value="16" />
  <attribute name="heapSize specified" value="0" />
  <attribute name="Current GC Util" value="169" />
  <attribute name= "Current Time Running" value="166397" />
  <attribute name ="GC Interval" value="0" />
  <attribute name="Target GC Util Change" value ="80.000000" />
  <attribute name="Current GC Util Change" value="169.000000"/>
  <attribute name="Current Error" value="-33.000000" />
  <attribute name="Output H" value="123807616"/>
  <attribute name="Output I" value="1952"/>
  <attribute name="Output T" value="16"/>
  <attribute name= "Current Time Running" value="166397" />
  <attribute name="GC Util currently" value="169" />
  <attribute name="CPU Util currently" value="1022707314974" />
<exclusive-end id="1296" timestamp="2019-08-08T12:52:15.035" durationms="25.246" />

<exclusive-start id="1297" timestamp="2019-08-08T12:52:16.980" intervalms="1970.033">
  <response-info timems="1.028" idlems="1.028" threads="0" lastid="00000000018B4F00" lastname="main" />
</exclusive-start>
<allocation-taxation id="1298" taxation-threshold="41943040" timestamp="2019-08-08T12:52:16.980" intervalms="1969.913" />
<cycle-start id="1299" type="partial gc" contextid="0" timestamp="2019-08-08T12:52:16.980" intervalms="1969.801" />
<gc-start id="1300" type="partial gc" contextid="1299" timestamp="2019-08-08T12:52:16.980">
  <mem-info id="1301" free="44040192" total="142606336" percent="30">
    <mem type="eden" free="0" total="41943040" percent="0" />
    <remembered-set count="44800" freebytes="5521920" totalbytes="5701120" percent="96" regionsoverflowed="0" regionsstable="3" regionsrebuilding="0"/>
  </mem-info>
</gc-start>
<allocation-stats totalBytes="41933552" >
  <allocated-bytes non-tlh="360" tlh="41933192" arrayletleaf="0"/>
  <largest-consumer threadName="main" threadId="00000000018B4F00" bytes="41933552" />
</allocation-stats>
<gc-op id="1302" type="copy forward" timems="17.571" contextid="1299" timestamp="2019-08-08T12:52:17.009">
  <memory-copied type="eden" objects="67" bytes="2624" bytesdiscarded="1944" />
  <memory-copied type="other" objects="63830" bytes="1556400" bytesdiscarded="87568" />
  <memory-cardclean objects="4636" bytes="401832" />
  <regions eden="20" other="4" />
  <remembered-set-cleared processed="40718" cleared="5784" durationms="0.259" />
  <references type="weak" candidates="40" cleared="0" enqueued="0" />
  <stringconstants candidates="13776" cleared="0"  />
</gc-op>
<gc-op id="1303" type="classunload" timems="0.013" contextid="1299" timestamp="2019-08-08T12:52:17.009">
  <classunload-info classloadercandidates="54" classloadersunloaded="0" classesunloaded="0" anonymousclassesunloaded="0" quiescems="0.000" setupms="0.013" scanms="0.000" postms="0.000" />
</gc-op>
<gc-end id="1304" type="partial gc" contextid="1299" durationms="28.892" usertimems="124.593" systemtimems="0.000" timestamp="2019-08-08T12:52:17.009" activeThreads="16">
  <mem-info id="1305" free="88080384" total="142606336" percent="61">
    <mem type="eden" free="2092584" total="2097152" percent="99" />
    <remembered-set count="47008" freebytes="5513088" totalbytes="5701120" percent="96" regionsoverflowed="0" regionsstable="3" regionsrebuilding="0"/>
  </mem-info>
</gc-end>
<cycle-end id="1306" type="partial gc" contextid="1299" timestamp="2019-08-08T12:52:17.009" />
  <attribute name="elasticGC enabled" value="1" />
  <attribute name= "numThreadsSpecified" value="16" />
  <attribute name="heapSize specified" value="0" />
  <attribute name="Current GC Util" value="236" />
  <attribute name= "Current Time Running" value="168376" />
  <attribute name ="GC Interval" value="0" />
  <attribute name="Target GC Util Change" value ="80.000000" />
  <attribute name="Current GC Util Change" value="236.000000"/>
  <attribute name="Current Error" value="-110.000000" />
  <attribute name="Output H" value="142681896"/>
  <attribute name="Output I" value="1816"/>
  <attribute name="Output T" value="16"/>
  <attribute name= "Current Time Running" value="168376" />
  <attribute name="GC Util currently" value="236" />
  <attribute name="CPU Util currently" value="107100342503" />
<exclusive-end id="1307" timestamp="2019-08-08T12:52:17.009" durationms="29.879" />

<exclusive-start id="1308" timestamp="2019-08-08T12:52:17.846" intervalms="866.255">
  <response-info timems="0.078" idlems="0.078" threads="0" lastid="00000000018B4F00" lastname="main" />
</exclusive-start>
<allocation-taxation id="1309" taxation-threshold="41943040" timestamp="2019-08-08T12:52:17.846" intervalms="866.437" />
<cycle-start id="1310" type="partial gc" contextid="0" timestamp="2019-08-08T12:52:17.846" intervalms="866.335" />
<gc-start id="1311" type="partial gc" contextid="1310" timestamp="2019-08-08T12:52:17.846">
  <mem-info id="1312" free="46137344" total="142606336" percent="32">
    <mem type="eden" free="0" total="41943040" percent="0" />
    <remembered-set count="46816" freebytes="5513856" totalbytes="5701120" percent="96" regionsoverflowed="0" regionsstable="3" regionsrebuilding="0"/>
  </mem-info>
</gc-start>
<allocation-stats totalBytes="41910840" >
  <allocated-bytes non-tlh="0" tlh="41910840" arrayletleaf="0"/>
  <largest-consumer threadName="main" threadId="00000000018B4F00" bytes="41910840" />
</allocation-stats>
<gc-op id="1313" type="copy forward" timems="111.534" contextid="1310" timestamp="2019-08-08T12:52:17.959">
  <memory-copied type="eden" objects="1" bytes="24" bytesdiscarded="0" />
  <memory-copied type="other" objects="66" bytes="2592" bytesdiscarded="1448" />
  <memory-cardclean objects="43" bytes="9984" />
  <regions eden="20" other="1" />
  <remembered-set-cleared processed="40989" cleared="29" durationms="9.023" />
  <references type="weak" candidates="6" cleared="0" enqueued="0" />
  <stringconstants candidates="13776" cleared="0"  />
</gc-op>
<gc-op id="1314" type="classunload" timems="0.008" contextid="1310" timestamp="2019-08-08T12:52:17.959">
  <classunload-info classloadercandidates="54" classloadersunloaded="0" classesunloaded="0" anonymousclassesunloaded="0" quiescems="0.000" setupms="0.008" scanms="0.000" postms="0.000" />
</gc-op>
<gc-end id="1315" type="partial gc" contextid="1310" durationms="113.051" usertimems="132.700" systemtimems="0.000" timestamp="2019-08-08T12:52:17.959" activeThreads="16">
  <mem-info id="1316" free="85983232" total="142606336" percent="60">
    <mem type="eden" free="2097128" total="2097152" percent="99" />
    <remembered-set count="45280" freebytes="5520000" totalbytes="5701120" percent="96" regionsoverflowed="0" regionsstable="3" regionsrebuilding="0"/>
  </mem-info>
</gc-end>
<cycle-end id="1317" type="partial gc" contextid="1310" timestamp="2019-08-08T12:52:17.959" />
  <attribute name="elasticGC enabled" value="1" />
  <attribute name= "numThreadsSpecified" value="16" />
  <attribute name="heapSize specified" value="0" />
  <attribute name="Current GC Util" value="79" />
  <attribute name= "Current Time Running" value="169232" />
  <attribute name ="GC Interval" value="0" />
  <attribute name="Target GC Util Change" value ="80.000000" />
  <attribute name="Current GC Util Change" value="79.000000"/>
  <attribute name="Current Error" value="76.000000" />
  <attribute name="Output H" value="142682104"/>
  <attribute name="Output I" value="2144"/>
  <attribute name="Output T" value="16"/>
  <attribute name= "Current Time Running" value="169232" />
  <attribute name="GC Util currently" value="79" />
  <attribute name="CPU Util currently" value="1099620664853" />
<exclusive-end id="1318" timestamp="2019-08-08T12:52:17.960" durationms="113.826" />

<exclusive-start id="1319" timestamp="2019-08-08T12:52:18.830" intervalms="984.088">
  <response-info timems="0.121" idlems="0.121" threads="0" lastid="00000000018B4F00" lastname="main" />
</exclusive-start>
<allocation-taxation id="1320" taxation-threshold="41943040" timestamp="2019-08-08T12:52:18.830" intervalms="983.916" />
<cycle-start id="1321" type="partial gc" contextid="0" timestamp="2019-08-08T12:52:18.830" intervalms="983.817" />
<gc-start id="1322" type="partial gc" contextid="1321" timestamp="2019-08-08T12:52:18.830">
  <mem-info id="1323" free="44040192" total="142606336" percent="30">
    <mem type="eden" free="2097128" total="44040192" percent="4" />
    <remembered-set count="44832" freebytes="5521792" totalbytes="5701120" percent="96" regionsoverflowed="0" regionsstable="3" regionsrebuilding="0"/>
  </mem-info>
</gc-start>
<allocation-stats totalBytes="41922112" >
  <allocated-bytes non-tlh="0" tlh="41922112" arrayletleaf="0"/>
  <largest-consumer threadName="main" threadId="00000000018B4F00" bytes="41922112" />
</allocation-stats>
<gc-op id="1324" type="copy forward" timems="84.737" contextid="1321" timestamp="2019-08-08T12:52:18.917">
  <memory-copied type="eden" objects="41" bytes="1248" bytesdiscarded="1328" />
  <memory-copied type="other" objects="0" bytes="0" bytesdiscarded="0" />
  <memory-cardclean objects="80" bytes="11128" />
  <regions eden="20" other="1" />
  <remembered-set-cleared processed="40994" cleared="28" durationms="0.326" />
  <references type="weak" candidates="14" cleared="0" enqueued="0" />
  <stringconstants candidates="13776" cleared="0"  />
</gc-op>
<gc-op id="1325" type="classunload" timems="0.012" contextid="1321" timestamp="2019-08-08T12:52:18.917">
  <classunload-info classloadercandidates="54" classloadersunloaded="0" classesunloaded="0" anonymousclassesunloaded="0" quiescems="0.000" setupms="0.012" scanms="0.000" postms="0.000" />
</gc-op>
<heap-resize id="1326" type="contract" space="default" amount="8388608" count="1" timems="0.078" reason="insufficient time being spent in gc" timestamp="2019-08-08T12:52:18.917" />
<gc-end id="1327" type="partial gc" contextid="1321" durationms="86.851" usertimems="60.877" systemtimems="0.000" timestamp="2019-08-08T12:52:18.917" activeThreads="16">
  <mem-info id="1328" free="77594624" total="134217728" percent="57">
    <mem type="eden" free="2094576" total="2097152" percent="99" />
    <remembered-set count="45312" freebytes="5519872" totalbytes="5701120" percent="96" regionsoverflowed="0" regionsstable="3" regionsrebuilding="0"/>
  </mem-info>
</gc-end>
<cycle-end id="1329" type="partial gc" contextid="1321" timestamp="2019-08-08T12:52:18.917" />
  <attribute name="elasticGC enabled" value="1" />
  <attribute name= "numThreadsSpecified" value="16" />
  <attribute name="heapSize specified" value="0" />
  <attribute name="Current GC Util" value="90" />
  <attribute name= "Current Time Running" value="170216" />
  <attribute name ="GC Interval" value="0" />
  <attribute name="Target GC Util Change" value ="80.000000" />
  <attribute name="Current GC Util Change" value="90.000000"/>
  <attribute name="Current Error" value="138.000000" />
  <attribute name="Output H" value="142682176"/>
  <attribute name="Output I" value="2256"/>
  <attribute name="Output T" value="16"/>
  <attribute name= "Current Time Running" value="170216" />
  <attribute name="GC Util currently" value="90" />
  <attribute name="CPU Util currently" value="928281151647" />
<exclusive-end id="1330" timestamp="2019-08-08T12:52:18.917" durationms="87.478" />

<exclusive-start id="1331" timestamp="2019-08-08T12:52:19.128" intervalms="298.334">
  <response-info timems="0.777" idlems="0.777" threads="0" lastid="00000000018B4F00" lastname="main" />
</exclusive-start>
<allocation-taxation id="1332" taxation-threshold="39845888" timestamp="2019-08-08T12:52:19.133" intervalms="303.227" />
<cycle-start id="1333" type="partial gc" contextid="0" timestamp="2019-08-08T12:52:19.139" intervalms="309.056" />
<gc-start id="1334" type="partial gc" contextid="1333" timestamp="2019-08-08T12:52:19.139">
  <mem-info id="1335" free="37748736" total="134217728" percent="28">
    <mem type="eden" free="0" total="39845888" percent="0" />
    <remembered-set count="45312" freebytes="5519872" totalbytes="5701120" percent="96" regionsoverflowed="0" regionsstable="3" regionsrebuilding="0"/>
  </mem-info>
</gc-start>
<allocation-stats totalBytes="39803392" >
  <allocated-bytes non-tlh="0" tlh="39803392" arrayletleaf="0"/>
  <largest-consumer threadName="main" threadId="00000000018B4F00" bytes="39803392" />
</allocation-stats>
<gc-op id="1336" type="copy forward" timems="13.616" contextid="1333" timestamp="2019-08-08T12:52:19.228">
  <memory-copied type="eden" objects="25" bytes="1296" bytesdiscarded="0" />
  <memory-copied type="other" objects="22" bytes="632" bytesdiscarded="1016" />
  <memory-cardclean objects="2247" bytes="73544" />
  <regions eden="19" other="1" />
  <remembered-set-cleared processed="40406" cleared="267" durationms="0.230" />
  <references type="weak" candidates="14" cleared="0" enqueued="0" />
  <stringconstants candidates="13776" cleared="0"  />
</gc-op>
<gc-op id="1337" type="classunload" timems="0.008" contextid="1333" timestamp="2019-08-08T12:52:19.228">
  <classunload-info classloadercandidates="54" classloadersunloaded="0" classesunloaded="0" anonymousclassesunloaded="0" quiescems="0.000" setupms="0.008" scanms="0.000" postms="0.000" />
</gc-op>
<gc-end id="1338" type="partial gc" contextid="1333" durationms="88.629" usertimems="85.357" systemtimems="0.000" timestamp="2019-08-08T12:52:19.228" activeThreads="16">
  <mem-info id="1339" free="75497472" total="134217728" percent="56">
    <mem type="eden" free="2095856" total="2097152" percent="99" />
    <remembered-set count="46016" freebytes="5181696" totalbytes="5365760" percent="96" regionsoverflowed="0" regionsstable="3" regionsrebuilding="0"/>
  </mem-info>
</gc-end>
<cycle-end id="1340" type="partial gc" contextid="1333" timestamp="2019-08-08T12:52:19.228" />
  <attribute name="elasticGC enabled" value="1" />
  <attribute name= "numThreadsSpecified" value="16" />
  <attribute name="heapSize specified" value="0" />
  <attribute name="Current GC Util" value="18" />
  <attribute name= "Current Time Running" value="170599" />
  <attribute name ="GC Interval" value="0" />
  <attribute name="Target GC Util Change" value ="80.000000" />
  <attribute name="Current GC Util Change" value="18.000000"/>
  <attribute name="Current Error" value="261.000000" />
  <attribute name="Output H" value="134293712"/>
  <attribute name="Output I" value="2480"/>
  <attribute name="Output T" value="16"/>
  <attribute name= "Current Time Running" value="170599" />
  <attribute name="GC Util currently" value="18" />
  <attribute name="CPU Util currently" value="15546789145" />
<exclusive-end id="1341" timestamp="2019-08-08T12:52:19.228" durationms="99.850" />

<exclusive-start id="1342" timestamp="2019-08-08T12:52:19.294" intervalms="165.900">
  <response-info timems="0.025" idlems="0.025" threads="0" lastid="00000000018B4F00" lastname="main" />
</exclusive-start>
<allocation-taxation id="1343" taxation-threshold="39845888" timestamp="2019-08-08T12:52:19.294" intervalms="161.023" />
<cycle-start id="1344" type="partial gc" contextid="0" timestamp="2019-08-08T12:52:19.295" intervalms="156.132" />
<gc-start id="1345" type="partial gc" contextid="1344" timestamp="2019-08-08T12:52:19.295">
  <mem-info id="1346" free="35651584" total="134217728" percent="26">
    <mem type="eden" free="0" total="39845888" percent="0" />
    <remembered-set count="45536" freebytes="5183616" totalbytes="5365760" percent="96" regionsoverflowed="0" regionsstable="3" regionsrebuilding="0"/>
  </mem-info>
</gc-start>
<allocation-stats totalBytes="39776600" >
  <allocated-bytes non-tlh="0" tlh="39776600" arrayletleaf="0"/>
  <largest-consumer threadName="main" threadId="00000000018B4F00" bytes="39776600" />
</allocation-stats>
<gc-op id="1347" type="copy forward" timems="22.403" contextid="1344" timestamp="2019-08-08T12:52:19.320">
  <memory-copied type="eden" objects="4" bytes="104" bytesdiscarded="0" />
  <memory-copied type="other" objects="22" bytes="1224" bytesdiscarded="0" />
  <memory-cardclean objects="38" bytes="1656" />
  <regions eden="19" other="1" />
  <remembered-set-cleared processed="41004" cleared="21" durationms="0.445" />
  <stringconstants candidates="13776" cleared="0"  />
</gc-op>
<gc-op id="1348" type="classunload" timems="0.009" contextid="1344" timestamp="2019-08-08T12:52:19.320">
  <classunload-info classloadercandidates="54" classloadersunloaded="0" classesunloaded="0" anonymousclassesunloaded="0" quiescems="0.000" setupms="0.009" scanms="0.000" postms="0.000" />
</gc-op>
<heap-resize id="1349" type="expand" space="default" amount="18874368" count="1" timems="0.096" reason="excessive time being spent in gc" timestamp="2019-08-08T12:52:19.320" />
<gc-end id="1350" type="partial gc" contextid="1344" durationms="24.887" usertimems="61.768" systemtimems="0.000" timestamp="2019-08-08T12:52:19.320" activeThreads="16">
  <mem-info id="1351" free="92274688" total="153092096" percent="60">
    <mem type="eden" free="2097048" total="2097152" percent="99" />
    <remembered-set count="45056" freebytes="5940096" totalbytes="6120320" percent="97" regionsoverflowed="0" regionsstable="3" regionsrebuilding="0"/>
  </mem-info>
</gc-end>
<cycle-end id="1352" type="partial gc" contextid="1344" timestamp="2019-08-08T12:52:19.320" />
  <attribute name="elasticGC enabled" value="1" />
  <attribute name= "numThreadsSpecified" value="16" />
  <attribute name="heapSize specified" value="0" />
  <attribute name="Current GC Util" value="108" />
  <attribute name= "Current Time Running" value="170682" />
  <attribute name ="GC Interval" value="0" />
  <attribute name="Target GC Util Change" value ="80.000000" />
  <attribute name="Current GC Util Change" value="108.000000"/>
  <attribute name="Current Error" value="-36.000000" />
  <attribute name="Output H" value="134293368"/>
  <attribute name="Output I" value="1944"/>
  <attribute name="Output T" value="16"/>
  <attribute name= "Current Time Running" value="170682" />
  <attribute name="GC Util currently" value="108" />
  <attribute name="CPU Util currently" value="759989450631" />
<exclusive-end id="1353" timestamp="2019-08-08T12:52:19.321" durationms="26.466" />

<exclusive-start id="1354" timestamp="2019-08-08T12:52:19.426" intervalms="132.044">
  <response-info timems="0.745" idlems="0.745" threads="0" lastid="00000000018B4F00" lastname="main" />
</exclusive-start>
<allocation-taxation id="1355" taxation-threshold="46137344" timestamp="2019-08-08T12:52:19.426" intervalms="132.042" />
<cycle-start id="1356" type="partial gc" contextid="0" timestamp="2019-08-08T12:52:19.426" intervalms="131.131" />
<gc-start id="1357" type="partial gc" contextid="1356" timestamp="2019-08-08T12:52:19.427">
  <mem-info id="1358" free="46137344" total="153092096" percent="30">
    <mem type="eden" free="2097048" total="48234496" percent="4" />
    <remembered-set count="45056" freebytes="5940096" totalbytes="6120320" percent="97" regionsoverflowed="0" regionsstable="3" regionsrebuilding="0"/>
  </mem-info>
</gc-start>
<allocation-stats totalBytes="46056816" >
  <allocated-bytes non-tlh="0" tlh="46056816" arrayletleaf="0"/>
  <largest-consumer threadName="main" threadId="00000000018B4F00" bytes="46056816" />
</allocation-stats>
<gc-op id="1359" type="copy forward" timems="37.993" contextid="1356" timestamp="2019-08-08T12:52:19.545">
  <memory-copied type="eden" objects="4" bytes="104" bytesdiscarded="0" />
  <memory-copied type="other" objects="0" bytes="0" bytesdiscarded="0" />
  <memory-cardclean objects="11" bytes="408" />
  <regions eden="22" other="1" />
  <remembered-set-cleared processed="41010" cleared="6" durationms="1.303" />
  <stringconstants candidates="13776" cleared="0"  />
</gc-op>
<gc-op id="1360" type="classunload" timems="0.016" contextid="1356" timestamp="2019-08-08T12:52:19.545">
  <classunload-info classloadercandidates="54" classloadersunloaded="0" classesunloaded="0" anonymousclassesunloaded="0" quiescems="0.000" setupms="0.016" scanms="0.000" postms="0.000" />
</gc-op>
<gc-end id="1361" type="partial gc" contextid="1356" durationms="121.616" usertimems="153.521" systemtimems="0.000" timestamp="2019-08-08T12:52:19.548" activeThreads="16">
  <mem-info id="1362" free="92274688" total="153092096" percent="60">
    <mem type="eden" free="2097048" total="2097152" percent="99" />
    <remembered-set count="44224" freebytes="5943424" totalbytes="6120320" percent="97" regionsoverflowed="0" regionsstable="3" regionsrebuilding="0"/>
  </mem-info>
</gc-end>
<cycle-end id="1363" type="partial gc" contextid="1356" timestamp="2019-08-08T12:52:19.564" />
  <attribute name="elasticGC enabled" value="1" />
  <attribute name= "numThreadsSpecified" value="16" />
  <attribute name="heapSize specified" value="0" />
  <attribute name="Current GC Util" value="29" />
  <attribute name= "Current Time Running" value="170892" />
  <attribute name ="GC Interval" value="0" />
  <attribute name="Target GC Util Change" value ="80.000000" />
  <attribute name="Current GC Util Change" value="29.000000"/>
  <attribute name="Current Error" value="66.000000" />
  <attribute name="Output H" value="153167856"/>
  <attribute name="Output I" value="2128"/>
  <attribute name="Output T" value="16"/>
  <attribute name= "Current Time Running" value="170892" />
  <attribute name="GC Util currently" value="29" />
  <attribute name="CPU Util currently" value="14340082473" />
<exclusive-end id="1364" timestamp="2019-08-08T12:52:19.578" durationms="152.154" />

<exclusive-start id="1365" timestamp="2019-08-08T12:52:19.683" intervalms="256.484">
  <response-info timems="0.026" idlems="0.026" threads="0" lastid="00000000018B4F00" lastname="main" />
</exclusive-start>
<allocation-taxation id="1366" taxation-threshold="46137344" timestamp="2019-08-08T12:52:19.694" intervalms="267.322" />
<cycle-start id="1367" type="partial gc" contextid="0" timestamp="2019-08-08T12:52:19.700" intervalms="273.691" />
<gc-start id="1368" type="partial gc" contextid="1367" timestamp="2019-08-08T12:52:19.703">
  <mem-info id="1369" free="46137344" total="153092096" percent="30">
    <mem type="eden" free="2097048" total="48234496" percent="4" />
    <remembered-set count="44224" freebytes="5943424" totalbytes="6120320" percent="97" regionsoverflowed="0" regionsstable="3" regionsrebuilding="0"/>
  </mem-info>
</gc-start>
<allocation-stats totalBytes="46056816" >
  <allocated-bytes non-tlh="0" tlh="46056816" arrayletleaf="0"/>
  <largest-consumer threadName="main" threadId="00000000018B4F00" bytes="46056816" />
</allocation-stats>
<gc-op id="1370" type="copy forward" timems="21.072" contextid="1367" timestamp="2019-08-08T12:52:19.744">
  <memory-copied type="eden" objects="4" bytes="104" bytesdiscarded="0" />
  <memory-copied type="other" objects="0" bytes="0" bytesdiscarded="0" />
  <memory-cardclean objects="11" bytes="408" />
  <regions eden="22" other="1" />
  <remembered-set-cleared processed="41010" cleared="6" durationms="0.344" />
  <stringconstants candidates="13776" cleared="0"  />
</gc-op>
<gc-op id="1371" type="classunload" timems="0.009" contextid="1367" timestamp="2019-08-08T12:52:19.744">
  <classunload-info classloadercandidates="54" classloadersunloaded="0" classesunloaded="0" anonymousclassesunloaded="0" quiescems="0.000" setupms="0.009" scanms="0.000" postms="0.000" />
</gc-op>
<gc-end id="1372" type="partial gc" contextid="1367" durationms="41.014" usertimems="45.597" systemtimems="0.000" timestamp="2019-08-08T12:52:19.744" activeThreads="16">
  <mem-info id="1373" free="92274688" total="153092096" percent="60">
    <mem type="eden" free="2097048" total="2097152" percent="99" />
    <remembered-set count="44224" freebytes="5943424" totalbytes="6120320" percent="97" regionsoverflowed="0" regionsstable="3" regionsrebuilding="0"/>
  </mem-info>
</gc-end>
<cycle-end id="1374" type="partial gc" contextid="1367" timestamp="2019-08-08T12:52:19.744" />
  <attribute name="elasticGC enabled" value="1" />
  <attribute name= "numThreadsSpecified" value="16" />
  <attribute name="heapSize specified" value="0" />
  <attribute name="Current GC Util" value="6" />
  <attribute name= "Current Time Running" value="171107" />
  <attribute name ="GC Interval" value="0" />
  <attribute name="Target GC Util Change" value ="80.000000" />
  <attribute name="Current GC Util Change" value="6.000000"/>
  <attribute name="Current Error" value="190.000000" />
  <attribute name="Output H" value="153168000"/>
  <attribute name="Output I" value="2352"/>
  <attribute name="Output T" value="16"/>
  <attribute name= "Current Time Running" value="171107" />
  <attribute name="GC Util currently" value="6" />
  <attribute name="CPU Util currently" value="65046938891" />
<exclusive-end id="1375" timestamp="2019-08-08T12:52:19.744" durationms="61.733" />

<exclusive-start id="1376" timestamp="2019-08-08T12:52:20.229" intervalms="546.176">
  <response-info timems="0.233" idlems="0.233" threads="0" lastid="00000000018B4F00" lastname="main" />
</exclusive-start>
<allocation-taxation id="1377" taxation-threshold="46137344" timestamp="2019-08-08T12:52:20.229" intervalms="535.315" />
<cycle-start id="1378" type="partial gc" contextid="0" timestamp="2019-08-08T12:52:20.229" intervalms="528.924" />
<gc-start id="1379" type="partial gc" contextid="1378" timestamp="2019-08-08T12:52:20.229">
  <mem-info id="1380" free="46137344" total="153092096" percent="30">
    <mem type="eden" free="2097048" total="48234496" percent="4" />
    <remembered-set count="44224" freebytes="5943424" totalbytes="6120320" percent="97" regionsoverflowed="0" regionsstable="3" regionsrebuilding="0"/>
  </mem-info>
</gc-start>
<allocation-stats totalBytes="46063240" >
  <allocated-bytes non-tlh="0" tlh="46063240" arrayletleaf="0"/>
  <largest-consumer threadName="main" threadId="00000000018B4F00" bytes="46063240" />
</allocation-stats>
<gc-op id="1381" type="copy forward" timems="84.352" contextid="1378" timestamp="2019-08-08T12:52:20.323">
  <memory-copied type="eden" objects="32" bytes="1408" bytesdiscarded="864" />
  <memory-copied type="other" objects="0" bytes="0" bytesdiscarded="0" />
  <memory-cardclean objects="104" bytes="3344" />
  <regions eden="22" other="1" />
  <remembered-set-cleared processed="41010" cleared="26" durationms="1.048" />
  <stringconstants candidates="13776" cleared="0"  />
</gc-op>
<gc-op id="1382" type="classunload" timems="0.009" contextid="1378" timestamp="2019-08-08T12:52:20.324">
  <classunload-info classloadercandidates="54" classloadersunloaded="0" classesunloaded="0" anonymousclassesunloaded="0" quiescems="0.000" setupms="0.008" scanms="0.000" postms="0.000" />
</gc-op>
<gc-end id="1383" type="partial gc" contextid="1378" durationms="94.428" usertimems="65.757" systemtimems="0.000" timestamp="2019-08-08T12:52:20.324" activeThreads="16">
  <mem-info id="1384" free="92274688" total="153092096" percent="60">
    <mem type="eden" free="2094880" total="2097152" percent="99" />
    <remembered-set count="45216" freebytes="5939456" totalbytes="6120320" percent="97" regionsoverflowed="0" regionsstable="3" regionsrebuilding="0"/>
  </mem-info>
</gc-end>
<cycle-end id="1385" type="partial gc" contextid="1378" timestamp="2019-08-08T12:52:20.324" />
  <attribute name="elasticGC enabled" value="1" />
  <attribute name= "numThreadsSpecified" value="16" />
  <attribute name="heapSize specified" value="0" />
  <attribute name="Current GC Util" value="54" />
  <attribute name= "Current Time Running" value="171624" />
  <attribute name ="GC Interval" value="0" />
  <attribute name="Target GC Util Change" value ="80.000000" />
  <attribute name="Current GC Util Change" value="54.000000"/>
  <attribute name="Current Error" value="98.000000" />
  <attribute name="Output H" value="153167896"/>
  <attribute name="Output I" value="2184"/>
  <attribute name="Output T" value="16"/>
  <attribute name= "Current Time Running" value="171624" />
  <attribute name="GC Util currently" value="54" />
  <attribute name="CPU Util currently" value="120194847316" />
<exclusive-end id="1386" timestamp="2019-08-08T12:52:20.324" durationms="95.481" />

<exclusive-start id="1387" timestamp="2019-08-08T12:52:20.991" intervalms="762.148">
  <response-info timems="5.803" idlems="5.803" threads="0" lastid="00000000018B4F00" lastname="main" />
</exclusive-start>
<allocation-taxation id="1388" taxation-threshold="46137344" timestamp="2019-08-08T12:52:20.991" intervalms="762.155" />
<cycle-start id="1389" type="partial gc" contextid="0" timestamp="2019-08-08T12:52:21.002" intervalms="773.479" />
<gc-start id="1390" type="partial gc" contextid="1389" timestamp="2019-08-08T12:52:21.003">
  <mem-info id="1391" free="46137344" total="153092096" percent="30">
    <mem type="eden" free="0" total="46137344" percent="0" />
    <remembered-set count="44736" freebytes="5941376" totalbytes="6120320" percent="97" regionsoverflowed="0" regionsstable="3" regionsrebuilding="0"/>
  </mem-info>
</gc-start>
<allocation-stats totalBytes="46088184" >
  <allocated-bytes non-tlh="0" tlh="46088184" arrayletleaf="0"/>
  <largest-consumer threadName="main" threadId="00000000018B4F00" bytes="46088184" />
</allocation-stats>
<gc-op id="1392" type="copy forward" timems="11.576" contextid="1389" timestamp="2019-08-08T12:52:21.028">
  <memory-copied type="eden" objects="6" bytes="624" bytesdiscarded="0" />
  <memory-copied type="other" objects="26" bytes="752" bytesdiscarded="696" />
  <memory-cardclean objects="67" bytes="2296" />
  <regions eden="22" other="1" />
  <remembered-set-cleared processed="41013" cleared="26" durationms="0.217" />
  <stringconstants candidates="13776" cleared="0"  />
</gc-op>
<gc-op id="1393" type="classunload" timems="0.011" contextid="1389" timestamp="2019-08-08T12:52:21.028">
  <classunload-info classloadercandidates="54" classloadersunloaded="0" classesunloaded="0" anonymousclassesunloaded="0" quiescems="0.000" setupms="0.011" scanms="0.000" postms="0.000" />
</gc-op>
<heap-resize id="1394" type="expand" space="default" amount="4194304" count="1" timems="0.061" reason="excessive time being spent in gc" timestamp="2019-08-08T12:52:21.028" />
<gc-end id="1395" type="partial gc" contextid="1389" durationms="25.860" usertimems="23.998" systemtimems="16.618" timestamp="2019-08-08T12:52:21.028" activeThreads="16">
  <mem-info id="1396" free="94371840" total="157286400" percent="60">
    <mem type="eden" free="2096528" total="2097152" percent="99" />
    <remembered-set count="45728" freebytes="6105088" totalbytes="6288000" percent="97" regionsoverflowed="0" regionsstable="3" regionsrebuilding="0"/>
  </mem-info>
</gc-end>
<cycle-end id="1397" type="partial gc" contextid="1389" timestamp="2019-08-08T12:52:21.029" />
  <attribute name="elasticGC enabled" value="1" />
  <attribute name= "numThreadsSpecified" value="16" />
  <attribute name="heapSize specified" value="0" />
  <attribute name="Current GC Util" value="53" />
  <attribute name= "Current Time Running" value="172401" />
  <attribute name ="GC Interval" value="0" />
  <attribute name="Target GC Util Change" value ="80.000000" />
  <attribute name="Current GC Util Change" value="53.000000"/>
  <attribute name="Current Error" value="198.000000" />
  <attribute name="Output H" value="153168008"/>
  <attribute name="Output I" value="2368"/>
  <attribute name="Output T" value="16"/>
  <attribute name= "Current Time Running" value="172401" />
  <attribute name="GC Util currently" value="53" />
  <attribute name="CPU Util currently" value="123766581484" />
<exclusive-end id="1398" timestamp="2019-08-08T12:52:21.029" durationms="37.732" />

<exclusive-start id="1399" timestamp="2019-08-08T12:52:21.284" intervalms="292.904">
  <response-info timems="5.189" idlems="5.189" threads="0" lastid="00000000018B4F00" lastname="main" />
</exclusive-start>
<allocation-taxation id="1400" taxation-threshold="46137344" timestamp="2019-08-08T12:52:21.286" intervalms="294.745" />
<cycle-start id="1401" type="partial gc" contextid="0" timestamp="2019-08-08T12:52:21.293" intervalms="290.412" />
<gc-start id="1402" type="partial gc" contextid="1401" timestamp="2019-08-08T12:52:21.293">
  <mem-info id="1403" free="48234496" total="157286400" percent="30">
    <mem type="eden" free="2096528" total="48234496" percent="4" />
    <remembered-set count="44224" freebytes="6111104" totalbytes="6288000" percent="97" regionsoverflowed="0" regionsstable="4" regionsrebuilding="0"/>
  </mem-info>
</gc-start>
<allocation-stats totalBytes="46102440" >
  <allocated-bytes non-tlh="0" tlh="46102440" arrayletleaf="0"/>
  <largest-consumer threadName="main" threadId="00000000018B4F00" bytes="46102440" />
</allocation-stats>
<gc-op id="1404" type="copy forward" timems="70.270" contextid="1401" timestamp="2019-08-08T12:52:21.405">
  <memory-copied type="eden" objects="31" bytes="1760" bytesdiscarded="696" />
  <memory-copied type="other" objects="0" bytes="0" bytesdiscarded="0" />
  <memory-cardclean objects="87" bytes="2976" />
  <regions eden="22" other="1" />
  <remembered-set-cleared processed="39797" cleared="24" durationms="5.103" />
  <stringconstants candidates="13776" cleared="0"  />
</gc-op>
<gc-op id="1405" type="classunload" timems="0.008" contextid="1401" timestamp="2019-08-08T12:52:21.405">
  <classunload-info classloadercandidates="54" classloadersunloaded="0" classesunloaded="0" anonymousclassesunloaded="0" quiescems="0.000" setupms="0.008" scanms="0.000" postms="0.000" />
</gc-op>
<gc-end id="1406" type="partial gc" contextid="1401" durationms="112.488" usertimems="83.455" systemtimems="71.944" timestamp="2019-08-08T12:52:21.406" activeThreads="16">
  <mem-info id="1407" free="94371840" total="157286400" percent="60">
    <mem type="eden" free="2094696" total="2097152" percent="99" />
    <remembered-set count="44448" freebytes="6110208" totalbytes="6288000" percent="97" regionsoverflowed="0" regionsstable="4" regionsrebuilding="0"/>
  </mem-info>
</gc-end>
<cycle-end id="1408" type="partial gc" contextid="1401" timestamp="2019-08-08T12:52:21.406" />
  <attribute name="elasticGC enabled" value="1" />
  <attribute name= "numThreadsSpecified" value="16" />
  <attribute name="heapSize specified" value="0" />
  <attribute name="Current GC Util" value="11" />
  <attribute name= "Current Time Running" value="172720" />
  <attribute name ="GC Interval" value="0" />
  <attribute name="Target GC Util Change" value ="80.000000" />
  <attribute name="Current GC Util Change" value="11.000000"/>
  <attribute name="Current Error" value="341.000000" />
  <attribute name="Output H" value="157362480"/>
  <attribute name="Output I" value="2624"/>
  <attribute name="Output T" value="16"/>
  <attribute name= "Current Time Running" value="172720" />
  <attribute name="GC Util currently" value="11" />
  <attribute name="CPU Util currently" value="35034201423" />
<exclusive-end id="1409" timestamp="2019-08-08T12:52:21.406" durationms="121.939" />

<exclusive-start id="1410" timestamp="2019-08-08T12:52:21.927" intervalms="642.752">
  <response-info timems="0.026" idlems="0.026" threads="0" lastid="00000000018B4F00" lastname="main" />
</exclusive-start>
<allocation-taxation id="1411" taxation-threshold="46137344" timestamp="2019-08-08T12:52:21.929" intervalms="643.100" />
<cycle-start id="1412" type="partial gc" contextid="0" timestamp="2019-08-08T12:52:21.934" intervalms="641.195" />
<gc-start id="1413" type="partial gc" contextid="1412" timestamp="2019-08-08T12:52:21.934">
  <mem-info id="1414" free="48234496" total="157286400" percent="30">
    <mem type="eden" free="0" total="46137344" percent="0" />
    <remembered-set count="44448" freebytes="6110208" totalbytes="6288000" percent="97" regionsoverflowed="0" regionsstable="4" regionsrebuilding="0"/>
  </mem-info>
</gc-start>
<allocation-stats totalBytes="46089456" >
  <allocated-bytes non-tlh="3776" tlh="46085680" arrayletleaf="0"/>
  <largest-consumer threadName="main" threadId="00000000018B4F00" bytes="46089456" />
</allocation-stats>
<gc-op id="1415" type="copy forward" timems="13.248" contextid="1412" timestamp="2019-08-08T12:52:22.012">
  <memory-copied type="eden" objects="1007" bytes="52056" bytesdiscarded="2976" />
  <memory-copied type="other" objects="8" bytes="184" bytesdiscarded="696" />
  <memory-cardclean objects="309" bytes="23048" />
  <regions eden="22" other="1" />
  <remembered-set-cleared processed="39795" cleared="52" durationms="0.258" />
  <references type="soft" candidates="9" cleared="0" enqueued="0" dynamicThreshold="19" maxThreshold="32" />
  <references type="weak" candidates="62" cleared="0" enqueued="0" />
  <stringconstants candidates="13813" cleared="0"  />
</gc-op>
<gc-op id="1416" type="classunload" timems="0.011" contextid="1412" timestamp="2019-08-08T12:52:22.012">
  <classunload-info classloadercandidates="54" classloadersunloaded="0" classesunloaded="0" anonymousclassesunloaded="0" quiescems="0.000" setupms="0.011" scanms="0.000" postms="0.000" />
</gc-op>
<heap-resize id="1417" type="expand" space="default" amount="6291456" count="1" timems="0.089" reason="excessive time being spent in gc" timestamp="2019-08-08T12:52:22.013" />
<gc-end id="1418" type="partial gc" contextid="1412" durationms="78.526" usertimems="62.724" systemtimems="74.761" timestamp="2019-08-08T12:52:22.013" activeThreads="16">
  <mem-info id="1419" free="98566144" total="163577856" percent="60">
    <mem type="eden" free="2042088" total="2097152" percent="97" />
    <remembered-set count="45824" freebytes="6356224" totalbytes="6539520" percent="97" regionsoverflowed="0" regionsstable="4" regionsrebuilding="0"/>
  </mem-info>
</gc-end>
<cycle-end id="1420" type="partial gc" contextid="1412" timestamp="2019-08-08T12:52:22.013" />
  <attribute name="elasticGC enabled" value="1" />
  <attribute name= "numThreadsSpecified" value="16" />
  <attribute name="heapSize specified" value="0" />
  <attribute name="Current GC Util" value="12" />
  <attribute name= "Current Time Running" value="173384" />
  <attribute name ="GC Interval" value="0" />
  <attribute name="Target GC Util Change" value ="80.000000" />
  <attribute name="Current GC Util Change" value="12.000000"/>
  <attribute name="Current Error" value="137.000000" />
  <attribute name="Output H" value="157362240"/>
  <attribute name="Output I" value="2256"/>
  <attribute name="Output T" value="16"/>
  <attribute name= "Current Time Running" value="173384" />
  <attribute name="GC Util currently" value="12" />
  <attribute name="CPU Util currently" value="18008791425" />
<exclusive-end id="1421" timestamp="2019-08-08T12:52:22.013" durationms="86.575" />

<exclusive-start id="1422" timestamp="2019-08-08T12:52:22.352" intervalms="425.831">
  <response-info timems="16.721" idlems="16.721" threads="0" lastid="00000000018B4F00" lastname="main" />
</exclusive-start>
<allocation-taxation id="1423" taxation-threshold="48234496" timestamp="2019-08-08T12:52:22.352" intervalms="423.647" />
<cycle-start id="1424" type="partial gc" contextid="0" timestamp="2019-08-08T12:52:22.372" intervalms="438.218" />
<gc-start id="1425" type="partial gc" contextid="1424" timestamp="2019-08-08T12:52:22.382">
  <mem-info id="1426" free="50331648" total="163577856" percent="30">
    <mem type="eden" free="0" total="48234496" percent="0" />
    <remembered-set count="45344" freebytes="6358144" totalbytes="6539520" percent="97" regionsoverflowed="0" regionsstable="4" regionsrebuilding="0"/>
  </mem-info>
</gc-start>
<allocation-stats totalBytes="48152840" >
  <allocated-bytes non-tlh="0" tlh="48152840" arrayletleaf="0"/>
  <largest-consumer threadName="main" threadId="00000000018B4F00" bytes="48152840" />
</allocation-stats>
<gc-op id="1427" type="copy forward" timems="24.369" contextid="1424" timestamp="2019-08-08T12:52:22.416">
  <memory-copied type="eden" objects="4" bytes="1096" bytesdiscarded="0" />
  <memory-copied type="other" objects="1005" bytes="51984" bytesdiscarded="2976" />
  <memory-cardclean objects="130" bytes="17056" />
  <regions eden="23" other="1" />
  <remembered-set-cleared processed="39893" cleared="139" durationms="0.528" />
  <references type="soft" candidates="9" cleared="0" enqueued="0" dynamicThreshold="19" maxThreshold="32" />
  <references type="weak" candidates="62" cleared="0" enqueued="0" />
  <stringconstants candidates="13813" cleared="0"  />
</gc-op>
<gc-op id="1428" type="classunload" timems="0.011" contextid="1424" timestamp="2019-08-08T12:52:22.416">
  <classunload-info classloadercandidates="54" classloadersunloaded="0" classesunloaded="0" anonymousclassesunloaded="0" quiescems="0.000" setupms="0.010" scanms="0.000" postms="0.000" />
</gc-op>
<heap-resize id="1429" type="expand" space="default" amount="4194304" count="1" timems="0.100" reason="excessive time being spent in gc" timestamp="2019-08-08T12:52:22.416" />
<gc-end id="1430" type="partial gc" contextid="1424" durationms="34.097" usertimems="24.129" systemtimems="21.547" timestamp="2019-08-08T12:52:22.416" activeThreads="16">
  <mem-info id="1431" free="100663296" total="167772160" percent="60">
    <mem type="eden" free="2096056" total="2097152" percent="99" />
    <remembered-set count="45344" freebytes="6525824" totalbytes="6707200" percent="97" regionsoverflowed="0" regionsstable="4" regionsrebuilding="0"/>
  </mem-info>
</gc-end>
<cycle-end id="1432" type="partial gc" contextid="1424" timestamp="2019-08-08T12:52:22.417" />
  <attribute name="elasticGC enabled" value="1" />
  <attribute name= "numThreadsSpecified" value="16" />
  <attribute name="heapSize specified" value="0" />
  <attribute name="Current GC Util" value="18" />
  <attribute name= "Current Time Running" value="173776" />
  <attribute name ="GC Interval" value="0" />
  <attribute name="Target GC Util Change" value ="80.000000" />
  <attribute name="Current GC Util Change" value="18.000000"/>
  <attribute name="Current Error" value="262.000000" />
  <attribute name="Output H" value="163653840"/>
  <attribute name="Output I" value="2480"/>
  <attribute name="Output T" value="16"/>
  <attribute name= "Current Time Running" value="173776" />
  <attribute name="GC Util currently" value="18" />
  <attribute name="CPU Util currently" value="133450256770" />
<exclusive-end id="1433" timestamp="2019-08-08T12:52:22.417" durationms="64.671" />

<exclusive-start id="1434" timestamp="2019-08-08T12:52:24.875" intervalms="2522.768">
  <response-info timems="1.702" idlems="1.702" threads="0" lastid="00000000018B4F00" lastname="main" />
</exclusive-start>
<allocation-taxation id="1435" taxation-threshold="48234496" timestamp="2019-08-08T12:52:24.875" intervalms="2522.779" />
<cycle-start id="1436" type="partial gc" contextid="0" timestamp="2019-08-08T12:52:24.875" intervalms="2503.153" />
<gc-start id="1437" type="partial gc" contextid="1436" timestamp="2019-08-08T12:52:24.876">
  <mem-info id="1438" free="52428800" total="167772160" percent="31">
    <mem type="eden" free="2096056" total="50331648" percent="4" />
    <remembered-set count="44864" freebytes="6527744" totalbytes="6707200" percent="97" regionsoverflowed="0" regionsstable="4" regionsrebuilding="0"/>
  </mem-info>
</gc-start>
<allocation-stats totalBytes="48214872" >
  <allocated-bytes non-tlh="0" tlh="48214872" arrayletleaf="0"/>
  <largest-consumer threadName="main" threadId="00000000018B4F00" bytes="48214872" />
</allocation-stats>
<gc-op id="1439" type="copy forward" timems="46.064" contextid="1436" timestamp="2019-08-08T12:52:24.956">
  <memory-copied type="eden" objects="70" bytes="2296" bytesdiscarded="1128" />
  <memory-copied type="other" objects="0" bytes="0" bytesdiscarded="0" />
  <memory-cardclean objects="157" bytes="13784" />
  <regions eden="23" other="1" />
  <remembered-set-cleared processed="39915" cleared="50" durationms="0.326" />
  <references type="weak" candidates="34" cleared="0" enqueued="0" />
  <stringconstants candidates="13813" cleared="0"  />
</gc-op>
<gc-op id="1440" type="classunload" timems="0.009" contextid="1436" timestamp="2019-08-08T12:52:24.956">
  <classunload-info classloadercandidates="54" classloadersunloaded="0" classesunloaded="0" anonymousclassesunloaded="0" quiescems="0.000" setupms="0.009" scanms="0.000" postms="0.000" />
</gc-op>
<gc-end id="1441" type="partial gc" contextid="1436" durationms="80.333" usertimems="63.645" systemtimems="43.337" timestamp="2019-08-08T12:52:24.956" activeThreads="16">
  <mem-info id="1442" free="100663296" total="167772160" percent="60">
    <mem type="eden" free="2093728" total="2097152" percent="99" />
    <remembered-set count="44576" freebytes="6528896" totalbytes="6707200" percent="97" regionsoverflowed="0" regionsstable="4" regionsrebuilding="0"/>
  </mem-info>
</gc-end>
<cycle-end id="1443" type="partial gc" contextid="1436" timestamp="2019-08-08T12:52:24.956" />
  <attribute name="elasticGC enabled" value="1" />
  <attribute name= "numThreadsSpecified" value="16" />
  <attribute name="heapSize specified" value="0" />
  <attribute name="Current GC Util" value="1" />
  <attribute name= "Current Time Running" value="176294" />
  <attribute name ="GC Interval" value="0" />
  <attribute name="Target GC Util Change" value ="80.000000" />
  <attribute name="Current GC Util Change" value="1.000000"/>
  <attribute name="Current Error" value="420.000000" />
  <attribute name="Output H" value="167848328"/>
  <attribute name="Output I" value="2760"/>
  <attribute name="Output T" value="16"/>
  <attribute name= "Current Time Running" value="176294" />
  <attribute name="GC Util currently" value="1" />
  <attribute name="CPU Util currently" value="34530091903" />
<exclusive-end id="1444" timestamp="2019-08-08T12:52:24.956" durationms="80.987" />

<exclusive-start id="1445" timestamp="2019-08-08T12:52:25.843" intervalms="968.003">
  <response-info timems="31.714" idlems="31.714" threads="0" lastid="00000000018B4F00" lastname="main" />
</exclusive-start>
<allocation-taxation id="1446" taxation-threshold="48234496" timestamp="2019-08-08T12:52:25.848" intervalms="972.758" />
<cycle-start id="1447" type="partial gc" contextid="0" timestamp="2019-08-08T12:52:25.851" intervalms="974.831" />
<gc-start id="1448" type="partial gc" contextid="1447" timestamp="2019-08-08T12:52:25.853">
  <mem-info id="1449" free="52428800" total="167772160" percent="31">
    <mem type="eden" free="0" total="48234496" percent="0" />
    <remembered-set count="44576" freebytes="6528896" totalbytes="6707200" percent="97" regionsoverflowed="0" regionsstable="4" regionsrebuilding="0"/>
  </mem-info>
</gc-start>
<allocation-stats totalBytes="48225664" >
  <allocated-bytes non-tlh="0" tlh="48225664" arrayletleaf="0"/>
  <largest-consumer threadName="main" threadId="00000000018B4F00" bytes="48225664" />
</allocation-stats>
<gc-op id="1450" type="copy forward" timems="32.007" contextid="1447" timestamp="2019-08-08T12:52:25.886">
  <memory-copied type="eden" objects="5" bytes="240" bytesdiscarded="0" />
  <memory-copied type="other" objects="63" bytes="1960" bytesdiscarded="1168" />
  <memory-cardclean objects="57" bytes="10384" />
  <regions eden="23" other="1" />
  <remembered-set-cleared processed="39923" cleared="38" durationms="0.242" />
  <references type="weak" candidates="34" cleared="0" enqueued="0" />
  <stringconstants candidates="13813" cleared="0"  />
</gc-op>
<gc-op id="1451" type="classunload" timems="0.011" contextid="1447" timestamp="2019-08-08T12:52:25.886">
  <classunload-info classloadercandidates="54" classloadersunloaded="0" classesunloaded="0" anonymousclassesunloaded="0" quiescems="0.000" setupms="0.010" scanms="0.000" postms="0.000" />
</gc-op>
<gc-end id="1452" type="partial gc" contextid="1447" durationms="33.288" usertimems="36.569" systemtimems="31.370" timestamp="2019-08-08T12:52:25.886" activeThreads="16">
  <mem-info id="1453" free="98566144" total="167772160" percent="58">
    <mem type="eden" free="2096912" total="2097152" percent="99" />
    <remembered-set count="45088" freebytes="6526848" totalbytes="6707200" percent="97" regionsoverflowed="0" regionsstable="4" regionsrebuilding="0"/>
  </mem-info>
</gc-end>
<cycle-end id="1454" type="partial gc" contextid="1447" timestamp="2019-08-08T12:52:25.887" />
  <attribute name="elasticGC enabled" value="1" />
  <attribute name= "numThreadsSpecified" value="16" />
  <attribute name="heapSize specified" value="0" />
  <attribute name="Current GC Util" value="134" />
  <attribute name= "Current Time Running" value="177239" />
  <attribute name ="GC Interval" value="0" />
  <attribute name="Target GC Util Change" value ="80.000000" />
  <attribute name="Current GC Util Change" value="134.000000"/>
  <attribute name="Current Error" value="20.000000" />
  <attribute name="Output H" value="167847864"/>
  <attribute name="Output I" value="2048"/>
  <attribute name="Output T" value="16"/>
  <attribute name= "Current Time Running" value="177239" />
  <attribute name="GC Util currently" value="134" />
  <attribute name="CPU Util currently" value="1599862168119" />
<exclusive-end id="1455" timestamp="2019-08-08T12:52:25.887" durationms="43.463" />

<exclusive-start id="1456" timestamp="2019-08-08T12:52:26.026" intervalms="183.294">
  <response-info timems="0.015" idlems="0.015" threads="0" lastid="00000000018B4F00" lastname="main" />
</exclusive-start>
<allocation-taxation id="1457" taxation-threshold="48234496" timestamp="2019-08-08T12:52:26.027" intervalms="178.522" />
<cycle-start id="1458" type="partial gc" contextid="0" timestamp="2019-08-08T12:52:26.027" intervalms="176.465" />
<gc-start id="1459" type="partial gc" contextid="1458" timestamp="2019-08-08T12:52:26.027">
  <mem-info id="1460" free="50331648" total="167772160" percent="30">
    <mem type="eden" free="2096912" total="50331648" percent="4" />
    <remembered-set count="44640" freebytes="6528640" totalbytes="6707200" percent="97" regionsoverflowed="0" regionsstable="4" regionsrebuilding="0"/>
  </mem-info>
</gc-start>
<allocation-stats totalBytes="48225912" >
  <allocated-bytes non-tlh="0" tlh="48225912" arrayletleaf="0"/>
  <largest-consumer threadName="main" threadId="00000000018B4F00" bytes="48225912" />
</allocation-stats>
<gc-op id="1461" type="copy forward" timems="1.497" contextid="1458" timestamp="2019-08-08T12:52:26.029">
  <memory-copied type="eden" objects="4" bytes="200" bytesdiscarded="0" />
  <memory-copied type="other" objects="0" bytes="0" bytesdiscarded="0" />
  <memory-cardclean objects="29" bytes="1032" />
  <regions eden="23" other="1" />
  <remembered-set-cleared processed="39931" cleared="9" durationms="0.438" />
  <stringconstants candidates="13813" cleared="0"  />
</gc-op>
<gc-op id="1462" type="classunload" timems="0.004" contextid="1458" timestamp="2019-08-08T12:52:26.029">
  <classunload-info classloadercandidates="54" classloadersunloaded="0" classesunloaded="0" anonymousclassesunloaded="0" quiescems="0.000" setupms="0.003" scanms="0.000" postms="0.000" />
</gc-op>
<gc-end id="1463" type="partial gc" contextid="1458" durationms="2.423" usertimems="3.552" systemtimems="0.000" timestamp="2019-08-08T12:52:26.029" activeThreads="1">
  <mem-info id="1464" free="98566144" total="167772160" percent="58">
    <mem type="eden" free="2096952" total="2097152" percent="99" />
    <remembered-set count="45056" freebytes="6526976" totalbytes="6707200" percent="97" regionsoverflowed="0" regionsstable="4" regionsrebuilding="0"/>
  </mem-info>
</gc-end>
<cycle-end id="1465" type="partial gc" contextid="1458" timestamp="2019-08-08T12:52:26.029" />
  <attribute name="elasticGC enabled" value="1" />
  <attribute name= "numThreadsSpecified" value="1" />
  <attribute name="heapSize specified" value="0" />
  <attribute name="Current GC Util" value="181" />
  <attribute name= "Current Time Running" value="177412" />
  <attribute name ="GC Interval" value="0" />
  <attribute name="Target GC Util Change" value ="80.000000" />
  <attribute name="Current GC Util Change" value="181.000000"/>
  <attribute name="Current Error" value="-22.000000" />
  <attribute name="Output H" value="167847816"/>
  <attribute name="Output I" value="1976"/>
  <attribute name="Output T" value="1"/>
  <attribute name= "Current Time Running" value="177412" />
  <attribute name="GC Util currently" value="181" />
  <attribute name="CPU Util currently" value="2300776635597" />
<exclusive-end id="1466" timestamp="2019-08-08T12:52:26.030" durationms="3.110" />

<exclusive-start id="1467" timestamp="2019-08-08T12:52:26.141" intervalms="114.301">
  <response-info timems="0.019" idlems="0.019" threads="0" lastid="00000000018B4F00" lastname="main" />
</exclusive-start>
<allocation-taxation id="1468" taxation-threshold="48234496" timestamp="2019-08-08T12:52:26.141" intervalms="114.302" />
<cycle-start id="1469" type="partial gc" contextid="0" timestamp="2019-08-08T12:52:26.141" intervalms="114.328" />
<gc-start id="1470" type="partial gc" contextid="1469" timestamp="2019-08-08T12:52:26.141">
  <mem-info id="1471" free="50331648" total="167772160" percent="30">
    <mem type="eden" free="2096952" total="50331648" percent="4" />
    <remembered-set count="44608" freebytes="6528768" totalbytes="6707200" percent="97" regionsoverflowed="0" regionsstable="4" regionsrebuilding="0"/>
  </mem-info>
</gc-start>
<allocation-stats totalBytes="48225784" >
  <allocated-bytes non-tlh="0" tlh="48225784" arrayletleaf="0"/>
  <largest-consumer threadName="main" threadId="00000000018B4F00" bytes="48225784" />
</allocation-stats>
<gc-op id="1472" type="copy forward" timems="17.618" contextid="1469" timestamp="2019-08-08T12:52:26.160">
  <memory-copied type="eden" objects="7" bytes="280" bytesdiscarded="0" />
  <memory-copied type="other" objects="63553" bytes="1573920" bytesdiscarded="105448" />
  <memory-cardclean objects="4487" bytes="379624" />
  <regions eden="23" other="3" />
  <remembered-set-cleared processed="39528" cleared="5335" durationms="0.340" />
  <stringconstants candidates="13813" cleared="0"  />
</gc-op>
<gc-op id="1473" type="classunload" timems="0.009" contextid="1469" timestamp="2019-08-08T12:52:26.160">
  <classunload-info classloadercandidates="54" classloadersunloaded="0" classesunloaded="0" anonymousclassesunloaded="0" quiescems="0.000" setupms="0.009" scanms="0.000" postms="0.000" />
</gc-op>
<gc-end id="1474" type="partial gc" contextid="1469" durationms="18.983" usertimems="28.883" systemtimems="0.000" timestamp="2019-08-08T12:52:26.160" activeThreads="16">
  <mem-info id="1475" free="102760448" total="167772160" percent="61">
    <mem type="eden" free="2096872" total="2097152" percent="99" />
    <remembered-set count="46496" freebytes="6521216" totalbytes="6707200" percent="97" regionsoverflowed="0" regionsstable="4" regionsrebuilding="0"/>
  </mem-info>
</gc-end>
<cycle-end id="1476" type="partial gc" contextid="1469" timestamp="2019-08-08T12:52:26.160" />
  <attribute name="elasticGC enabled" value="1" />
  <attribute name= "numThreadsSpecified" value="16" />
  <attribute name="heapSize specified" value="0" />
  <attribute name="Current GC Util" value="175" />
  <attribute name= "Current Time Running" value="177527" />
  <attribute name ="GC Interval" value="0" />
  <attribute name="Target GC Util Change" value ="80.000000" />
  <attribute name="Current GC Util Change" value="175.000000"/>
  <attribute name="Current Error" value="-39.000000" />
  <attribute name="Output H" value="167847800"/>
  <attribute name="Output I" value="1944"/>
  <attribute name="Output T" value="16"/>
  <attribute name= "Current Time Running" value="177527" />
  <attribute name="GC Util currently" value="175" />
  <attribute name="CPU Util currently" value="1463230155063" />
<exclusive-end id="1477" timestamp="2019-08-08T12:52:26.160" durationms="19.608" />

<exclusive-start id="1478" timestamp="2019-08-08T12:52:26.277" intervalms="136.525">
  <response-info timems="0.019" idlems="0.019" threads="0" lastid="00000000018B4F00" lastname="main" />
</exclusive-start>
<allocation-taxation id="1479" taxation-threshold="48234496" timestamp="2019-08-08T12:52:26.277" intervalms="136.529" />
<cycle-start id="1480" type="partial gc" contextid="0" timestamp="2019-08-08T12:52:26.277" intervalms="136.471" />
<gc-start id="1481" type="partial gc" contextid="1480" timestamp="2019-08-08T12:52:26.278">
  <mem-info id="1482" free="54525952" total="167772160" percent="32">
    <mem type="eden" free="2096872" total="50331648" percent="4" />
    <remembered-set count="46080" freebytes="6522880" totalbytes="6707200" percent="97" regionsoverflowed="0" regionsstable="4" regionsrebuilding="0"/>
  </mem-info>
</gc-start>
<allocation-stats totalBytes="48209656" >
  <allocated-bytes non-tlh="0" tlh="48209656" arrayletleaf="0"/>
  <largest-consumer threadName="main" threadId="00000000018B4F00" bytes="48209656" />
</allocation-stats>
<gc-op id="1483" type="copy forward" timems="26.943" contextid="1480" timestamp="2019-08-08T12:52:26.309">
  <memory-copied type="eden" objects="26" bytes="1344" bytesdiscarded="696" />
  <memory-copied type="other" objects="0" bytes="0" bytesdiscarded="0" />
  <memory-cardclean objects="71" bytes="2536" />
  <regions eden="23" other="1" />
  <remembered-set-cleared processed="39521" cleared="22" durationms="0.618" />
  <stringconstants candidates="13813" cleared="0"  />
</gc-op>
<gc-op id="1484" type="classunload" timems="0.010" contextid="1480" timestamp="2019-08-08T12:52:26.309">
  <classunload-info classloadercandidates="54" classloadersunloaded="0" classesunloaded="0" anonymousclassesunloaded="0" quiescems="0.000" setupms="0.010" scanms="0.000" postms="0.000" />
</gc-op>
<gc-end id="1485" type="partial gc" contextid="1480" durationms="31.609" usertimems="30.490" systemtimems="0.000" timestamp="2019-08-08T12:52:26.309" activeThreads="16">
  <mem-info id="1486" free="102760448" total="167772160" percent="61">
    <mem type="eden" free="2095112" total="2097152" percent="99" />
    <remembered-set count="43936" freebytes="6531456" totalbytes="6707200" percent="97" regionsoverflowed="0" regionsstable="4" regionsrebuilding="0"/>
  </mem-info>
</gc-end>
<cycle-end id="1487" type="partial gc" contextid="1480" timestamp="2019-08-08T12:52:26.310" />
  <attribute name="elasticGC enabled" value="1" />
  <attribute name= "numThreadsSpecified" value="16" />
  <attribute name="heapSize specified" value="0" />
  <attribute name="Current GC Util" value="25" />
  <attribute name= "Current Time Running" value="177667" />
  <attribute name ="GC Interval" value="0" />
  <attribute name="Target GC Util Change" value ="80.000000" />
  <attribute name="Current GC Util Change" value="25.000000"/>
  <attribute name="Current Error" value="115.000000" />
  <attribute name="Output H" value="167847976"/>
  <attribute name="Output I" value="2216"/>
  <attribute name="Output T" value="16"/>
  <attribute name= "Current Time Running" value="177667" />
  <attribute name="GC Util currently" value="25" />
  <attribute name="CPU Util currently" value="284010119807" />
<exclusive-end id="1488" timestamp="2019-08-08T12:52:26.310" durationms="32.330" />

<exclusive-start id="1489" timestamp="2019-08-08T12:52:26.419" intervalms="141.445">
  <response-info timems="7.069" idlems="7.069" threads="0" lastid="00000000018B4F00" lastname="main" />
</exclusive-start>
<allocation-taxation id="1490" taxation-threshold="48234496" timestamp="2019-08-08T12:52:26.419" intervalms="141.439" />
<cycle-start id="1491" type="partial gc" contextid="0" timestamp="2019-08-08T12:52:26.455" intervalms="177.585" />
<gc-start id="1492" type="partial gc" contextid="1491" timestamp="2019-08-08T12:52:26.460">
  <mem-info id="1493" free="54525952" total="167772160" percent="32">
    <mem type="eden" free="0" total="48234496" percent="0" />
    <remembered-set count="43456" freebytes="6533376" totalbytes="6707200" percent="97" regionsoverflowed="0" regionsstable="4" regionsrebuilding="0"/>
  </mem-info>
</gc-start>
<allocation-stats totalBytes="48167208" >
  <allocated-bytes non-tlh="0" tlh="48167208" arrayletleaf="0"/>
  <largest-consumer threadName="main" threadId="00000000018B4F00" bytes="48167208" />
</allocation-stats>
<gc-op id="1494" type="copy forward" timems="60.833" contextid="1491" timestamp="2019-08-08T12:52:26.528">
  <memory-copied type="eden" objects="4" bytes="112" bytesdiscarded="680" />
  <memory-copied type="other" objects="23" bytes="1256" bytesdiscarded="1184" />
  <memory-cardclean objects="49" bytes="2120" />
  <regions eden="23" other="1" />
  <remembered-set-cleared processed="39525" cleared="26" durationms="1.020" />
  <stringconstants candidates="13813" cleared="0"  />
</gc-op>
<gc-op id="1495" type="classunload" timems="0.013" contextid="1491" timestamp="2019-08-08T12:52:26.528">
  <classunload-info classloadercandidates="54" classloadersunloaded="0" classesunloaded="0" anonymousclassesunloaded="0" quiescems="0.000" setupms="0.013" scanms="0.000" postms="0.000" />
</gc-op>
<gc-end id="1496" type="partial gc" contextid="1491" durationms="68.682" usertimems="18.453" systemtimems="30.446" timestamp="2019-08-08T12:52:26.528" activeThreads="16">
  <mem-info id="1497" free="100663296" total="167772160" percent="60">
    <mem type="eden" free="2096360" total="2097152" percent="99" />
    <remembered-set count="44448" freebytes="6529408" totalbytes="6707200" percent="97" regionsoverflowed="0" regionsstable="4" regionsrebuilding="0"/>
  </mem-info>
</gc-end>
<cycle-end id="1498" type="partial gc" contextid="1491" timestamp="2019-08-08T12:52:26.528" />
  <attribute name="elasticGC enabled" value="1" />
  <attribute name= "numThreadsSpecified" value="16" />
  <attribute name="heapSize specified" value="0" />
  <attribute name="Current GC Util" value="7" />
  <attribute name= "Current Time Running" value="177852" />
  <attribute name ="GC Interval" value="0" />
  <attribute name="Target GC Util Change" value ="80.000000" />
  <attribute name="Current GC Util Change" value="7.000000"/>
  <attribute name="Current Error" value="252.000000" />
  <attribute name="Output H" value="167848136"/>
  <attribute name="Output I" value="2464"/>
  <attribute name="Output T" value="16"/>
  <attribute name= "Current Time Running" value="177852" />
  <attribute name="GC Util currently" value="7" />
  <attribute name="CPU Util currently" value="158933924980" />
<exclusive-end id="1499" timestamp="2019-08-08T12:52:26.529" durationms="109.801" />

<exclusive-start id="1500" timestamp="2019-08-08T12:52:26.660" intervalms="241.293">
  <response-info timems="0.029" idlems="0.029" threads="0" lastid="00000000018B4F00" lastname="main" />
</exclusive-start>
<allocation-taxation id="1501" taxation-threshold="48234496" timestamp="2019-08-08T12:52:26.665" intervalms="246.441" />
<cycle-start id="1502" type="partial gc" contextid="0" timestamp="2019-08-08T12:52:26.674" intervalms="219.229" />
<gc-start id="1503" type="partial gc" contextid="1502" timestamp="2019-08-08T12:52:26.682">
  <mem-info id="1504" free="52428800" total="167772160" percent="31">
    <mem type="eden" free="2096360" total="50331648" percent="4" />
    <remembered-set count="43968" freebytes="6531328" totalbytes="6707200" percent="97" regionsoverflowed="0" regionsstable="4" regionsrebuilding="0"/>
  </mem-info>
</gc-start>
<allocation-stats totalBytes="48167952" >
  <allocated-bytes non-tlh="0" tlh="48167952" arrayletleaf="0"/>
  <largest-consumer threadName="main" threadId="00000000018B4F00" bytes="48167952" />
</allocation-stats>
<gc-op id="1505" type="copy forward" timems="399.324" contextid="1502" timestamp="2019-08-08T12:52:27.113">
  <memory-copied type="eden" objects="4" bytes="112" bytesdiscarded="0" />
  <memory-copied type="other" objects="0" bytes="0" bytesdiscarded="0" />
  <memory-cardclean objects="1" bytes="24" />
  <regions eden="23" other="1" />
  <remembered-set-cleared processed="39530" cleared="3" durationms="4.832" />
  <stringconstants candidates="13813" cleared="0"  />
</gc-op>
<gc-op id="1506" type="classunload" timems="0.014" contextid="1502" timestamp="2019-08-08T12:52:27.113">
  <classunload-info classloadercandidates="54" classloadersunloaded="0" classesunloaded="0" anonymousclassesunloaded="0" quiescems="0.000" setupms="0.014" scanms="0.000" postms="0.000" />
</gc-op>
<gc-end id="1507" type="partial gc" contextid="1502" durationms="430.709" usertimems="103.476" systemtimems="175.291" timestamp="2019-08-08T12:52:27.113" activeThreads="16">
  <mem-info id="1508" free="100663296" total="167772160" percent="60">
    <mem type="eden" free="2097040" total="2097152" percent="99" />
    <remembered-set count="43104" freebytes="6534784" totalbytes="6707200" percent="97" regionsoverflowed="0" regionsstable="4" regionsrebuilding="0"/>
  </mem-info>
</gc-end>
<cycle-end id="1509" type="partial gc" contextid="1502" timestamp="2019-08-08T12:52:27.113" />
  <attribute name="elasticGC enabled" value="1" />
  <attribute name= "numThreadsSpecified" value="16" />
  <attribute name="heapSize specified" value="0" />
  <attribute name="Current GC Util" value="3" />
  <attribute name= "Current Time Running" value="178098" />
  <attribute name ="GC Interval" value="0" />
  <attribute name="Target GC Util Change" value ="80.000000" />
  <attribute name="Current GC Util Change" value="3.000000"/>
  <attribute name="Current Error" value="385.000000" />
  <attribute name="Output H" value="167848288"/>
  <attribute name="Output I" value="2696"/>
  <attribute name="Output T" value="16"/>
  <attribute name= "Current Time Running" value="178098" />
  <attribute name="GC Util currently" value="3" />
  <attribute name="CPU Util currently" value="37466977678" />
<exclusive-end id="1510" timestamp="2019-08-08T12:52:27.113" durationms="452.969" />

<exclusive-start id="1511" timestamp="2019-08-08T12:52:27.232" intervalms="571.836">
  <response-info timems="0.031" idlems="0.031" threads="0" lastid="00000000018B4F00" lastname="main" />
</exclusive-start>
<allocation-taxation id="1512" taxation-threshold="48234496" timestamp="2019-08-08T12:52:27.232" intervalms="566.689" />
<cycle-start id="1513" type="partial gc" contextid="0" timestamp="2019-08-08T12:52:27.235" intervalms="560.710" />
<gc-start id="1514" type="partial gc" contextid="1513" timestamp="2019-08-08T12:52:27.235">
  <mem-info id="1515" free="52428800" total="167772160" percent="31">
    <mem type="eden" free="2097040" total="50331648" percent="4" />
    <remembered-set count="43104" freebytes="6534784" totalbytes="6707200" percent="97" regionsoverflowed="0" regionsstable="4" regionsrebuilding="0"/>
  </mem-info>
</gc-start>
<allocation-stats totalBytes="48167976" >
  <allocated-bytes non-tlh="0" tlh="48167976" arrayletleaf="0"/>
  <largest-consumer threadName="main" threadId="00000000018B4F00" bytes="48167976" />
</allocation-stats>
<gc-op id="1516" type="copy forward" timems="54.964" contextid="1513" timestamp="2019-08-08T12:52:27.305">
  <memory-copied type="eden" objects="4" bytes="112" bytesdiscarded="0" />
  <memory-copied type="other" objects="0" bytes="0" bytesdiscarded="0" />
  <memory-cardclean objects="1" bytes="24" />
  <regions eden="23" other="1" />
  <remembered-set-cleared processed="39530" cleared="3" durationms="0.279" />
  <stringconstants candidates="13813" cleared="0"  />
</gc-op>
<gc-op id="1517" type="classunload" timems="0.018" contextid="1513" timestamp="2019-08-08T12:52:27.305">
  <classunload-info classloadercandidates="54" classloadersunloaded="0" classesunloaded="0" anonymousclassesunloaded="0" quiescems="0.000" setupms="0.017" scanms="0.000" postms="0.000" />
</gc-op>
<gc-end id="1518" type="partial gc" contextid="1513" durationms="69.808" usertimems="58.823" systemtimems="14.873" timestamp="2019-08-08T12:52:27.305" activeThreads="16">
  <mem-info id="1519" free="100663296" total="167772160" percent="60">
    <mem type="eden" free="2097040" total="2097152" percent="99" />
    <remembered-set count="43104" freebytes="6534784" totalbytes="6707200" percent="97" regionsoverflowed="0" regionsstable="4" regionsrebuilding="0"/>
  </mem-info>
</gc-end>
<cycle-end id="1520" type="partial gc" contextid="1513" timestamp="2019-08-08T12:52:27.305" />
  <attribute name="elasticGC enabled" value="1" />
  <attribute name= "numThreadsSpecified" value="16" />
  <attribute name="heapSize specified" value="0" />
  <attribute name="Current GC Util" value="37" />
  <attribute name= "Current Time Running" value="178632" />
  <attribute name ="GC Interval" value="0" />
  <attribute name="Target GC Util Change" value ="80.000000" />
  <attribute name="Current GC Util Change" value="37.000000"/>
  <attribute name="Current Error" value="77.000000" />
  <attribute name="Output H" value="167847928"/>
  <attribute name="Output I" value="2152"/>
  <attribute name="Output T" value="16"/>
  <attribute name= "Current Time Running" value="178632" />
  <attribute name="GC Util currently" value="37" />
  <attribute name="CPU Util currently" value="124884013636" />
<exclusive-end id="1521" timestamp="2019-08-08T12:52:27.306" durationms="73.609" />

* Round 1 done in 28.112 seconds.
<exclusive-start id="1522" timestamp="2019-08-08T12:52:27.528" intervalms="296.240">
  <response-info timems="4.507" idlems="4.507" threads="0" lastid="00000000018B4F00" lastname="main" />
</exclusive-start>
<allocation-taxation id="1523" taxation-threshold="48234496" timestamp="2019-08-08T12:52:27.528" intervalms="296.244" />
<cycle-start id="1524" type="partial gc" contextid="0" timestamp="2019-08-08T12:52:27.528" intervalms="293.259" />
<gc-start id="1525" type="partial gc" contextid="1524" timestamp="2019-08-08T12:52:27.529">
  <mem-info id="1526" free="52428800" total="167772160" percent="31">
    <mem type="eden" free="2097040" total="50331648" percent="4" />
    <remembered-set count="42624" freebytes="6536704" totalbytes="6707200" percent="97" regionsoverflowed="0" regionsstable="4" regionsrebuilding="0"/>
  </mem-info>
</gc-start>
<allocation-stats totalBytes="48197392" >
  <allocated-bytes non-tlh="2800" tlh="48194592" arrayletleaf="0"/>
  <largest-consumer threadName="main" threadId="00000000018B4F00" bytes="48197392" />
</allocation-stats>
<gc-op id="1527" type="copy forward" timems="183.800" contextid="1524" timestamp="2019-08-08T12:52:27.715">
  <memory-copied type="eden" objects="228" bytes="8368" bytesdiscarded="576" />
  <memory-copied type="other" objects="0" bytes="0" bytesdiscarded="0" />
  <memory-cardclean objects="328" bytes="15856" />
  <regions eden="23" other="1" />
  <remembered-set-cleared processed="39530" cleared="57" durationms="2.721" />
  <references type="soft" candidates="4" cleared="0" enqueued="0" dynamicThreshold="19" maxThreshold="32" />
  <references type="weak" candidates="14" cleared="0" enqueued="0" />
  <stringconstants candidates="13838" cleared="0"  />
</gc-op>
<gc-op id="1528" type="classunload" timems="0.015" contextid="1524" timestamp="2019-08-08T12:52:27.715">
  <classunload-info classloadercandidates="54" classloadersunloaded="0" classesunloaded="0" anonymousclassesunloaded="0" quiescems="0.000" setupms="0.015" scanms="0.000" postms="0.000" />
</gc-op>
<gc-end id="1529" type="partial gc" contextid="1524" durationms="187.045" usertimems="37.639" systemtimems="99.777" timestamp="2019-08-08T12:52:27.716" activeThreads="16">
  <mem-info id="1530" free="100663296" total="167772160" percent="60">
    <mem type="eden" free="2088192" total="2097152" percent="99" />
    <remembered-set count="45568" freebytes="6524928" totalbytes="6707200" percent="97" regionsoverflowed="0" regionsstable="4" regionsrebuilding="0"/>
  </mem-info>
</gc-end>
<cycle-end id="1531" type="partial gc" contextid="1524" timestamp="2019-08-08T12:52:27.716" />
  <attribute name="elasticGC enabled" value="1" />
  <attribute name= "numThreadsSpecified" value="16" />
  <attribute name="heapSize specified" value="0" />
  <attribute name="Current GC Util" value="119" />
  <attribute name= "Current Time Running" value="178916" />
  <attribute name ="GC Interval" value="0" />
  <attribute name="Target GC Util Change" value ="80.000000" />
  <attribute name="Current GC Util Change" value="119.000000"/>
  <attribute name="Current Error" value="104.000000" />
  <attribute name="Output H" value="167847960"/>
  <attribute name="Output I" value="2200"/>
  <attribute name="Output T" value="16"/>
  <attribute name= "Current Time Running" value="178916" />
  <attribute name="GC Util currently" value="119" />
  <attribute name="CPU Util currently" value="480852376367" />
<exclusive-end id="1532" timestamp="2019-08-08T12:52:27.718" durationms="189.960" />

<exclusive-start id="1533" timestamp="2019-08-08T12:52:28.711" intervalms="1182.731">
  <response-info timems="0.024" idlems="0.024" threads="0" lastid="00000000018B4F00" lastname="main" />
</exclusive-start>
<allocation-taxation id="1534" taxation-threshold="48234496" timestamp="2019-08-08T12:52:28.711" intervalms="1182.753" />
<cycle-start id="1535" type="partial gc" contextid="0" timestamp="2019-08-08T12:52:28.714" intervalms="1185.871" />
<gc-start id="1536" type="partial gc" contextid="1535" timestamp="2019-08-08T12:52:28.720">
  <mem-info id="1537" free="52428800" total="167772160" percent="31">
    <mem type="eden" free="0" total="48234496" percent="0" />
    <remembered-set count="45152" freebytes="6526592" totalbytes="6707200" percent="97" regionsoverflowed="0" regionsstable="4" regionsrebuilding="0"/>
  </mem-info>
</gc-start>
<allocation-stats totalBytes="48185168" >
  <allocated-bytes non-tlh="0" tlh="48185168" arrayletleaf="0"/>
  <largest-consumer threadName="main" threadId="00000000018B4F00" bytes="48185168" />
</allocation-stats>
<gc-op id="1538" type="copy forward" timems="272.487" contextid="1535" timestamp="2019-08-08T12:52:28.998">
  <memory-copied type="eden" objects="74" bytes="2976" bytesdiscarded="384" />
  <memory-copied type="other" objects="217" bytes="7952" bytesdiscarded="1608" />
  <memory-cardclean objects="231" bytes="11728" />
  <regions eden="23" other="1" />
  <remembered-set-cleared processed="39562" cleared="92" durationms="0.405" />
  <references type="soft" candidates="4" cleared="0" enqueued="0" dynamicThreshold="19" maxThreshold="32" />
  <references type="weak" candidates="14" cleared="0" enqueued="0" />
  <stringconstants candidates="13838" cleared="0"  />
</gc-op>
<gc-op id="1539" type="classunload" timems="0.016" contextid="1535" timestamp="2019-08-08T12:52:28.998">
  <classunload-info classloadercandidates="54" classloadersunloaded="0" classesunloaded="0" anonymousclassesunloaded="0" quiescems="0.000" setupms="0.015" scanms="0.000" postms="0.000" />
</gc-op>
<heap-resize id="1540" type="expand" space="default" amount="6291456" count="1" timems="0.088" reason="excessive time being spent in gc" timestamp="2019-08-08T12:52:28.998" />
<gc-end id="1541" type="partial gc" contextid="1535" durationms="278.867" usertimems="61.864" systemtimems="140.198" timestamp="2019-08-08T12:52:28.998" activeThreads="16">
  <mem-info id="1542" free="104857600" total="174063616" percent="60">
    <mem type="eden" free="2093792" total="2097152" percent="99" />
    <remembered-set count="45056" freebytes="6778496" totalbytes="6958720" percent="97" regionsoverflowed="0" regionsstable="4" regionsrebuilding="0"/>
  </mem-info>
</gc-end>
<cycle-end id="1543" type="partial gc" contextid="1535" timestamp="2019-08-08T12:52:28.999" />
  <attribute name="elasticGC enabled" value="1" />
  <attribute name= "numThreadsSpecified" value="16" />
  <attribute name="heapSize specified" value="0" />
  <attribute name="Current GC Util" value="36" />
  <attribute name= "Current Time Running" value="180110" />
  <attribute name ="GC Interval" value="0" />
  <attribute name="Target GC Util Change" value ="80.000000" />
  <attribute name="Current GC Util Change" value="36.000000"/>
  <attribute name="Current Error" value="217.000000" />
  <attribute name="Output H" value="167848096"/>
  <attribute name="Output I" value="2400"/>
  <attribute name="Output T" value="16"/>
  <attribute name= "Current Time Running" value="180110" />
  <attribute name="GC Util currently" value="36" />
  <attribute name="CPU Util currently" value="211158822523" />
<exclusive-end id="1544" timestamp="2019-08-08T12:52:28.999" durationms="288.166" />

<exclusive-start id="1545" timestamp="2019-08-08T12:52:29.032" intervalms="321.549">
  <response-info timems="0.022" idlems="0.022" threads="0" lastid="00000000018B4F00" lastname="main" />
</exclusive-start>
<allocation-taxation id="1546" taxation-threshold="50331648" timestamp="2019-08-08T12:52:29.032" intervalms="321.532" />
<cycle-start id="1547" type="partial gc" contextid="0" timestamp="2019-08-08T12:52:29.033" intervalms="318.460" />
<gc-start id="1548" type="partial gc" contextid="1547" timestamp="2019-08-08T12:52:29.033">
  <mem-info id="1549" free="54525952" total="174063616" percent="31">
    <mem type="eden" free="0" total="50331648" percent="0" />
    <remembered-set count="44640" freebytes="6780160" totalbytes="6958720" percent="97" regionsoverflowed="0" regionsstable="4" regionsrebuilding="0"/>
  </mem-info>
</gc-start>
<allocation-stats totalBytes="50146296" >
  <allocated-bytes non-tlh="0" tlh="50146296" arrayletleaf="0"/>
  <largest-consumer threadName="main" threadId="00000000018B4F00" bytes="50146296" />
</allocation-stats>
<gc-op id="1550" type="copy forward" timems="293.886" contextid="1547" timestamp="2019-08-08T12:52:29.332">
  <memory-copied type="eden" objects="2" bytes="56" bytesdiscarded="0" />
  <memory-copied type="other" objects="73" bytes="2944" bytesdiscarded="552" />
  <memory-cardclean objects="71" bytes="2288" />
  <regions eden="24" other="1" />
  <remembered-set-cleared processed="39587" cleared="25" durationms="0.699" />
  <stringconstants candidates="13838" cleared="0"  />
</gc-op>
<gc-op id="1551" type="classunload" timems="0.013" contextid="1547" timestamp="2019-08-08T12:52:29.332">
  <classunload-info classloadercandidates="54" classloadersunloaded="0" classesunloaded="0" anonymousclassesunloaded="0" quiescems="0.000" setupms="0.013" scanms="0.000" postms="0.000" />
</gc-op>
<heap-resize id="1552" type="expand" space="default" amount="4194304" count="1" timems="0.075" reason="excessive time being spent in gc" timestamp="2019-08-08T12:52:29.332" />
<gc-end id="1553" type="partial gc" contextid="1547" durationms="299.526" usertimems="49.858" systemtimems="109.779" timestamp="2019-08-08T12:52:29.332" activeThreads="16">
  <mem-info id="1554" free="106954752" total="178257920" percent="60">
    <mem type="eden" free="2097096" total="2097152" percent="99" />
    <remembered-set count="44320" freebytes="6949120" totalbytes="7126400" percent="97" regionsoverflowed="0" regionsstable="4" regionsrebuilding="0"/>
  </mem-info>
</gc-end>
<cycle-end id="1555" type="partial gc" contextid="1547" timestamp="2019-08-08T12:52:29.333" />
  <attribute name="elasticGC enabled" value="1" />
  <attribute name= "numThreadsSpecified" value="16" />
  <attribute name="heapSize specified" value="0" />
  <attribute name="Current GC Util" value="17" />
  <attribute name= "Current Time Running" value="180423" />
  <attribute name ="GC Interval" value="0" />
  <attribute name="Target GC Util Change" value ="80.000000" />
  <attribute name="Current GC Util Change" value="17.000000"/>
  <attribute name="Current Error" value="77.000000" />
  <attribute name="Output H" value="174139384"/>
  <attribute name="Output I" value="2152"/>
  <attribute name="Output T" value="16"/>
  <attribute name= "Current Time Running" value="180423" />
  <attribute name="GC Util currently" value="17" />
  <attribute name="CPU Util currently" value="231011248647" />
<exclusive-end id="1556" timestamp="2019-08-08T12:52:29.333" durationms="300.310" />

<exclusive-start id="1557" timestamp="2019-08-08T12:52:29.355" intervalms="322.250">
  <response-info timems="0.019" idlems="0.019" threads="0" lastid="00000000018B4F00" lastname="main" />
</exclusive-start>
<allocation-taxation id="1558" taxation-threshold="52428800" timestamp="2019-08-08T12:52:29.355" intervalms="322.354" />
<cycle-start id="1559" type="partial gc" contextid="0" timestamp="2019-08-08T12:52:29.355" intervalms="322.451" />
<gc-start id="1560" type="partial gc" contextid="1559" timestamp="2019-08-08T12:52:29.355">
  <mem-info id="1561" free="54525952" total="178257920" percent="30">
    <mem type="eden" free="2097096" total="54525952" percent="3" />
    <remembered-set count="43872" freebytes="6950912" totalbytes="7126400" percent="97" regionsoverflowed="0" regionsstable="4" regionsrebuilding="0"/>
  </mem-info>
</gc-start>
<allocation-stats totalBytes="52253432" >
  <allocated-bytes non-tlh="0" tlh="52253432" arrayletleaf="0"/>
  <largest-consumer threadName="main" threadId="00000000018B4F00" bytes="52253432" />
</allocation-stats>
<gc-op id="1562" type="copy forward" timems="320.626" contextid="1559" timestamp="2019-08-08T12:52:29.682">
  <memory-copied type="eden" objects="2" bytes="56" bytesdiscarded="0" />
  <memory-copied type="other" objects="0" bytes="0" bytesdiscarded="0" />
  <memory-cardclean objects="16" bytes="424" />
  <regions eden="25" other="1" />
  <remembered-set-cleared processed="39595" cleared="2" durationms="0.328" />
  <stringconstants candidates="13838" cleared="0"  />
</gc-op>
<gc-op id="1563" type="classunload" timems="0.014" contextid="1559" timestamp="2019-08-08T12:52:29.682">
  <classunload-info classloadercandidates="54" classloadersunloaded="0" classesunloaded="0" anonymousclassesunloaded="0" quiescems="0.000" setupms="0.014" scanms="0.000" postms="0.000" />
</gc-op>
<gc-end id="1564" type="partial gc" contextid="1559" durationms="327.292" usertimems="55.581" systemtimems="160.093" timestamp="2019-08-08T12:52:29.683" activeThreads="16">
  <mem-info id="1565" free="106954752" total="178257920" percent="60">
    <mem type="eden" free="2097096" total="2097152" percent="99" />
    <remembered-set count="43584" freebytes="6952064" totalbytes="7126400" percent="97" regionsoverflowed="0" regionsstable="4" regionsrebuilding="0"/>
  </mem-info>
</gc-end>
<cycle-end id="1566" type="partial gc" contextid="1559" timestamp="2019-08-08T12:52:29.683" />
  <attribute name="elasticGC enabled" value="1" />
  <attribute name= "numThreadsSpecified" value="16" />
  <attribute name="heapSize specified" value="0" />
  <attribute name="Current GC Util" value="57" />
  <attribute name= "Current Time Running" value="180746" />
  <attribute name ="GC Interval" value="0" />
  <attribute name="Target GC Util Change" value ="80.000000" />
  <attribute name="Current GC Util Change" value="57.000000"/>
  <attribute name="Current Error" value="131.000000" />
  <attribute name="Output H" value="178333752"/>
  <attribute name="Output I" value="2248"/>
  <attribute name="Output T" value="16"/>
  <attribute name= "Current Time Running" value="180746" />
  <attribute name="GC Util currently" value="57" />
  <attribute name="CPU Util currently" value="189374382555" />
<exclusive-end id="1567" timestamp="2019-08-08T12:52:29.683" durationms="328.452" />

<exclusive-start id="1568" timestamp="2019-08-08T12:52:29.746" intervalms="391.471">
  <response-info timems="0.022" idlems="0.022" threads="0" lastid="00000000018B4F00" lastname="main" />
</exclusive-start>
<allocation-taxation id="1569" taxation-threshold="52428800" timestamp="2019-08-08T12:52:29.746" intervalms="391.386" />
<cycle-start id="1570" type="partial gc" contextid="0" timestamp="2019-08-08T12:52:29.746" intervalms="391.264" />
<gc-start id="1571" type="partial gc" contextid="1570" timestamp="2019-08-08T12:52:29.747">
  <mem-info id="1572" free="54525952" total="178257920" percent="30">
    <mem type="eden" free="2097096" total="54525952" percent="3" />
    <remembered-set count="43584" freebytes="6952064" totalbytes="7126400" percent="97" regionsoverflowed="0" regionsstable="4" regionsrebuilding="0"/>
  </mem-info>
</gc-start>
<allocation-stats totalBytes="52253456" >
  <allocated-bytes non-tlh="0" tlh="52253456" arrayletleaf="0"/>
  <largest-consumer threadName="main" threadId="00000000018B4F00" bytes="52253456" />
</allocation-stats>
<gc-op id="1573" type="copy forward" timems="16.517" contextid="1570" timestamp="2019-08-08T12:52:29.765">
  <memory-copied type="eden" objects="2" bytes="56" bytesdiscarded="0" />
  <memory-copied type="other" objects="0" bytes="0" bytesdiscarded="0" />
  <memory-cardclean objects="16" bytes="424" />
  <regions eden="25" other="1" />
  <remembered-set-cleared processed="39595" cleared="2" durationms="0.374" />
  <stringconstants candidates="13838" cleared="0"  />
</gc-op>
<gc-op id="1574" type="classunload" timems="0.009" contextid="1570" timestamp="2019-08-08T12:52:29.765">
  <classunload-info classloadercandidates="54" classloadersunloaded="0" classesunloaded="0" anonymousclassesunloaded="0" quiescems="0.000" setupms="0.009" scanms="0.000" postms="0.000" />
</gc-op>
<gc-end id="1575" type="partial gc" contextid="1570" durationms="18.902" usertimems="7.918" systemtimems="20.074" timestamp="2019-08-08T12:52:29.765" activeThreads="16">
  <mem-info id="1576" free="106954752" total="178257920" percent="60">
    <mem type="eden" free="2097096" total="2097152" percent="99" />
    <remembered-set count="43584" freebytes="6952064" totalbytes="7126400" percent="97" regionsoverflowed="0" regionsstable="4" regionsrebuilding="0"/>
  </mem-info>
</gc-end>
<cycle-end id="1577" type="partial gc" contextid="1570" timestamp="2019-08-08T12:52:29.765" />
  <attribute name="elasticGC enabled" value="1" />
  <attribute name= "numThreadsSpecified" value="16" />
  <attribute name="heapSize specified" value="0" />
  <attribute name="Current GC Util" value="138" />
  <attribute name= "Current Time Running" value="181133" />
  <attribute name ="GC Interval" value="0" />
  <attribute name="Target GC Util Change" value ="80.000000" />
  <attribute name="Current GC Util Change" value="138.000000"/>
  <attribute name="Current Error" value="98.000000" />
  <attribute name="Output H" value="178333720"/>
  <attribute name="Output I" value="2184"/>
  <attribute name="Output T" value="16"/>
  <attribute name= "Current Time Running" value="181133" />
  <attribute name="GC Util currently" value="138" />
  <attribute name="CPU Util currently" value="1034498306660" />
<exclusive-end id="1578" timestamp="2019-08-08T12:52:29.766" durationms="19.450" />

<exclusive-start id="1579" timestamp="2019-08-08T12:52:29.824" intervalms="77.664">
  <response-info timems="0.023" idlems="0.023" threads="0" lastid="00000000018B4F00" lastname="main" />
</exclusive-start>
<allocation-taxation id="1580" taxation-threshold="52428800" timestamp="2019-08-08T12:52:29.827" intervalms="80.398" />
<cycle-start id="1581" type="partial gc" contextid="0" timestamp="2019-08-08T12:52:29.834" intervalms="87.315" />
<gc-start id="1582" type="partial gc" contextid="1581" timestamp="2019-08-08T12:52:29.856">
  <mem-info id="1583" free="54525952" total="178257920" percent="30">
    <mem type="eden" free="2097096" total="54525952" percent="3" />
    <remembered-set count="43584" freebytes="6952064" totalbytes="7126400" percent="97" regionsoverflowed="0" regionsstable="4" regionsrebuilding="0"/>
  </mem-info>
</gc-start>
<allocation-stats totalBytes="52253456" >
  <allocated-bytes non-tlh="0" tlh="52253456" arrayletleaf="0"/>
  <largest-consumer threadName="main" threadId="00000000018B4F00" bytes="52253456" />
</allocation-stats>
<gc-op id="1584" type="copy forward" timems="193.825" contextid="1581" timestamp="2019-08-08T12:52:30.085">
  <memory-copied type="eden" objects="2" bytes="56" bytesdiscarded="0" />
  <memory-copied type="other" objects="0" bytes="0" bytesdiscarded="0" />
  <memory-cardclean objects="16" bytes="424" />
  <regions eden="25" other="1" />
  <remembered-set-cleared processed="39595" cleared="2" durationms="0.392" />
  <stringconstants candidates="13838" cleared="0"  />
</gc-op>
<gc-op id="1585" type="classunload" timems="0.017" contextid="1581" timestamp="2019-08-08T12:52:30.086">
  <classunload-info classloadercandidates="54" classloadersunloaded="0" classesunloaded="0" anonymousclassesunloaded="0" quiescems="0.000" setupms="0.017" scanms="0.000" postms="0.000" />
</gc-op>
<gc-end id="1586" type="partial gc" contextid="1581" durationms="229.873" usertimems="48.221" systemtimems="93.124" timestamp="2019-08-08T12:52:30.086" activeThreads="16">
  <mem-info id="1587" free="106954752" total="178257920" percent="60">
    <mem type="eden" free="2097096" total="2097152" percent="99" />
    <remembered-set count="43584" freebytes="6952064" totalbytes="7126400" percent="97" regionsoverflowed="0" regionsstable="4" regionsrebuilding="0"/>
  </mem-info>
</gc-end>
<cycle-end id="1588" type="partial gc" contextid="1581" timestamp="2019-08-08T12:52:30.086" />
  <attribute name="elasticGC enabled" value="1" />
  <attribute name= "numThreadsSpecified" value="16" />
  <attribute name="heapSize specified" value="0" />
  <attribute name="Current GC Util" value="7" />
  <attribute name= "Current Time Running" value="181276" />
  <attribute name ="GC Interval" value="0" />
  <attribute name="Target GC Util Change" value ="80.000000" />
  <attribute name="Current GC Util Change" value="7.000000"/>
  <attribute name="Current Error" value="130.000000" />
  <attribute name="Output H" value="178333752"/>
  <attribute name="Output I" value="2240"/>
  <attribute name="Output T" value="16"/>
  <attribute name= "Current Time Running" value="181276" />
  <attribute name="GC Util currently" value="7" />
  <attribute name="CPU Util currently" value="38563599282" />
<exclusive-end id="1589" timestamp="2019-08-08T12:52:30.087" durationms="263.317" />

<exclusive-start id="1590" timestamp="2019-08-08T12:52:30.131" intervalms="307.479">
  <response-info timems="0.019" idlems="0.019" threads="0" lastid="00000000018B4F00" lastname="main" />
</exclusive-start>
<allocation-taxation id="1591" taxation-threshold="52428800" timestamp="2019-08-08T12:52:30.131" intervalms="304.722" />
<cycle-start id="1592" type="partial gc" contextid="0" timestamp="2019-08-08T12:52:30.131" intervalms="297.808" />
<gc-start id="1593" type="partial gc" contextid="1592" timestamp="2019-08-08T12:52:30.132">
  <mem-info id="1594" free="54525952" total="178257920" percent="30">
    <mem type="eden" free="2097096" total="54525952" percent="3" />
    <remembered-set count="43584" freebytes="6952064" totalbytes="7126400" percent="97" regionsoverflowed="0" regionsstable="4" regionsrebuilding="0"/>
  </mem-info>
</gc-start>
<allocation-stats totalBytes="52253456" >
  <allocated-bytes non-tlh="0" tlh="52253456" arrayletleaf="0"/>
  <largest-consumer threadName="main" threadId="00000000018B4F00" bytes="52253456" />
</allocation-stats>
<gc-op id="1595" type="copy forward" timems="185.924" contextid="1592" timestamp="2019-08-08T12:52:30.319">
  <memory-copied type="eden" objects="2" bytes="56" bytesdiscarded="0" />
  <memory-copied type="other" objects="0" bytes="0" bytesdiscarded="0" />
  <memory-cardclean objects="16" bytes="424" />
  <regions eden="25" other="1" />
  <remembered-set-cleared processed="39595" cleared="2" durationms="0.523" />
  <stringconstants candidates="13838" cleared="0"  />
</gc-op>
<gc-op id="1596" type="classunload" timems="0.011" contextid="1592" timestamp="2019-08-08T12:52:30.319">
  <classunload-info classloadercandidates="54" classloadersunloaded="0" classesunloaded="0" anonymousclassesunloaded="0" quiescems="0.000" setupms="0.011" scanms="0.000" postms="0.000" />
</gc-op>
<gc-end id="1597" type="partial gc" contextid="1592" durationms="187.806" usertimems="47.649" systemtimems="36.633" timestamp="2019-08-08T12:52:30.319" activeThreads="16">
  <mem-info id="1598" free="106954752" total="178257920" percent="60">
    <mem type="eden" free="2097096" total="2097152" percent="99" />
    <remembered-set count="43584" freebytes="6952064" totalbytes="7126400" percent="97" regionsoverflowed="0" regionsstable="4" regionsrebuilding="0"/>
  </mem-info>
</gc-end>
<cycle-end id="1599" type="partial gc" contextid="1592" timestamp="2019-08-08T12:52:30.320" />
  <attribute name="elasticGC enabled" value="1" />
  <attribute name= "numThreadsSpecified" value="16" />
  <attribute name="heapSize specified" value="0" />
  <attribute name="Current GC Util" value="342" />
  <attribute name= "Current Time Running" value="181518" />
  <attribute name ="GC Interval" value="0" />
  <attribute name="Target GC Util Change" value ="80.000000" />
  <attribute name="Current GC Util Change" value="342.000000"/>
  <attribute name="Current Error" value="-110.000000" />
  <attribute name="Output H" value="178333480"/>
  <attribute name="Output I" value="1816"/>
  <attribute name="Output T" value="16"/>
  <attribute name= "Current Time Running" value="181518" />
  <attribute name="GC Util currently" value="342" />
  <attribute name="CPU Util currently" value="1165907340763" />
<exclusive-end id="1600" timestamp="2019-08-08T12:52:30.320" durationms="188.412" />

<exclusive-start id="1601" timestamp="2019-08-08T12:52:30.345" intervalms="213.847">
  <response-info timems="0.024" idlems="0.024" threads="0" lastid="00000000018B4F00" lastname="main" />
</exclusive-start>
<allocation-taxation id="1602" taxation-threshold="52428800" timestamp="2019-08-08T12:52:30.346" intervalms="214.835" />
<cycle-start id="1603" type="partial gc" contextid="0" timestamp="2019-08-08T12:52:30.347" intervalms="215.673" />
<gc-start id="1604" type="partial gc" contextid="1603" timestamp="2019-08-08T12:52:30.347">
  <mem-info id="1605" free="54525952" total="178257920" percent="30">
    <mem type="eden" free="2097096" total="54525952" percent="3" />
    <remembered-set count="43584" freebytes="6952064" totalbytes="7126400" percent="97" regionsoverflowed="0" regionsstable="4" regionsrebuilding="0"/>
  </mem-info>
</gc-start>
<allocation-stats totalBytes="52253456" >
  <allocated-bytes non-tlh="0" tlh="52253456" arrayletleaf="0"/>
  <largest-consumer threadName="main" threadId="00000000018B4F00" bytes="52253456" />
</allocation-stats>
<gc-op id="1606" type="copy forward" timems="48.355" contextid="1603" timestamp="2019-08-08T12:52:30.402">
  <memory-copied type="eden" objects="2" bytes="56" bytesdiscarded="0" />
  <memory-copied type="other" objects="0" bytes="0" bytesdiscarded="0" />
  <memory-cardclean objects="16" bytes="424" />
  <regions eden="25" other="1" />
  <remembered-set-cleared processed="39595" cleared="2" durationms="1.397" />
  <stringconstants candidates="13838" cleared="0"  />
</gc-op>
<gc-op id="1607" type="classunload" timems="0.015" contextid="1603" timestamp="2019-08-08T12:52:30.402">
  <classunload-info classloadercandidates="54" classloadersunloaded="0" classesunloaded="0" anonymousclassesunloaded="0" quiescems="0.000" setupms="0.015" scanms="0.000" postms="0.000" />
</gc-op>
<gc-end id="1608" type="partial gc" contextid="1603" durationms="54.957" usertimems="31.842" systemtimems="5.147" timestamp="2019-08-08T12:52:30.402" activeThreads="16">
  <mem-info id="1609" free="106954752" total="178257920" percent="60">
    <mem type="eden" free="2097096" total="2097152" percent="99" />
    <remembered-set count="43584" freebytes="6952064" totalbytes="7126400" percent="97" regionsoverflowed="0" regionsstable="4" regionsrebuilding="0"/>
  </mem-info>
</gc-end>
<cycle-end id="1610" type="partial gc" contextid="1603" timestamp="2019-08-08T12:52:30.403" />
  <attribute name="elasticGC enabled" value="1" />
  <attribute name= "numThreadsSpecified" value="16" />
  <attribute name="heapSize specified" value="0" />
  <attribute name="Current GC Util" value="9" />
  <attribute name= "Current Time Running" value="181738" />
  <attribute name ="GC Interval" value="0" />
  <attribute name="Target GC Util Change" value ="80.000000" />
  <attribute name="Current GC Util Change" value="9.000000"/>
  <attribute name="Current Error" value="2.000000" />
  <attribute name="Output H" value="178333608"/>
  <attribute name="Output I" value="2016"/>
  <attribute name="Output T" value="16"/>
  <attribute name= "Current Time Running" value="181738" />
  <attribute name="GC Util currently" value="9" />
  <attribute name="CPU Util currently" value="204105701130" />
<exclusive-end id="1611" timestamp="2019-08-08T12:52:30.403" durationms="57.563" />

<exclusive-start id="1612" timestamp="2019-08-08T12:52:30.448" intervalms="103.337">
  <response-info timems="0.022" idlems="0.022" threads="0" lastid="00000000018B4F00" lastname="main" />
</exclusive-start>
<allocation-taxation id="1613" taxation-threshold="52428800" timestamp="2019-08-08T12:52:30.449" intervalms="102.359" />
<cycle-start id="1614" type="partial gc" contextid="0" timestamp="2019-08-08T12:52:30.449" intervalms="101.532" />
<gc-start id="1615" type="partial gc" contextid="1614" timestamp="2019-08-08T12:52:30.449">
  <mem-info id="1616" free="54525952" total="178257920" percent="30">
    <mem type="eden" free="2097096" total="54525952" percent="3" />
    <remembered-set count="43584" freebytes="6952064" totalbytes="7126400" percent="97" regionsoverflowed="0" regionsstable="4" regionsrebuilding="0"/>
  </mem-info>
</gc-start>
<allocation-stats totalBytes="52253456" >
  <allocated-bytes non-tlh="0" tlh="52253456" arrayletleaf="0"/>
  <largest-consumer threadName="main" threadId="00000000018B4F00" bytes="52253456" />
</allocation-stats>
<gc-op id="1617" type="copy forward" timems="11.710" contextid="1614" timestamp="2019-08-08T12:52:30.470">
  <memory-copied type="eden" objects="2" bytes="56" bytesdiscarded="0" />
  <memory-copied type="other" objects="0" bytes="0" bytesdiscarded="0" />
  <memory-cardclean objects="16" bytes="424" />
  <regions eden="25" other="1" />
  <remembered-set-cleared processed="39595" cleared="2" durationms="0.824" />
  <stringconstants candidates="13838" cleared="0"  />
</gc-op>
<gc-op id="1618" type="classunload" timems="1.062" contextid="1614" timestamp="2019-08-08T12:52:30.471">
  <classunload-info classloadercandidates="54" classloadersunloaded="0" classesunloaded="0" anonymousclassesunloaded="0" quiescems="0.000" setupms="1.062" scanms="0.000" postms="0.000" />
</gc-op>
<gc-end id="1619" type="partial gc" contextid="1614" durationms="22.020" usertimems="24.066" systemtimems="1.060" timestamp="2019-08-08T12:52:30.471" activeThreads="8">
  <mem-info id="1620" free="106954752" total="178257920" percent="60">
    <mem type="eden" free="2097096" total="2097152" percent="99" />
    <remembered-set count="43584" freebytes="6952064" totalbytes="7126400" percent="97" regionsoverflowed="0" regionsstable="4" regionsrebuilding="0"/>
  </mem-info>
</gc-end>
<cycle-end id="1621" type="partial gc" contextid="1614" timestamp="2019-08-08T12:52:30.471" />
  <attribute name="elasticGC enabled" value="1" />
  <attribute name= "numThreadsSpecified" value="8" />
  <attribute name="heapSize specified" value="0" />
  <attribute name="Current GC Util" value="138" />
  <attribute name= "Current Time Running" value="181842" />
  <attribute name ="GC Interval" value="0" />
  <attribute name="Target GC Util Change" value ="80.000000" />
  <attribute name="Current GC Util Change" value="138.000000"/>
  <attribute name="Current Error" value="-16.000000" />
  <attribute name="Output H" value="178333584"/>
  <attribute name="Output I" value="1984"/>
  <attribute name="Output T" value="8"/>
  <attribute name= "Current Time Running" value="181842" />
  <attribute name="GC Util currently" value="138" />
  <attribute name="CPU Util currently" value="135585052800" />
<exclusive-end id="1622" timestamp="2019-08-08T12:52:30.471" durationms="22.965" />

<exclusive-start id="1623" timestamp="2019-08-08T12:52:30.518" intervalms="69.673">
  <response-info timems="0.025" idlems="0.025" threads="0" lastid="00000000018B4F00" lastname="main" />
</exclusive-start>
<allocation-taxation id="1624" taxation-threshold="52428800" timestamp="2019-08-08T12:52:30.519" intervalms="70.480" />
<cycle-start id="1625" type="partial gc" contextid="0" timestamp="2019-08-08T12:52:30.521" intervalms="72.568" />
<gc-start id="1626" type="partial gc" contextid="1625" timestamp="2019-08-08T12:52:30.521">
  <mem-info id="1627" free="54525952" total="178257920" percent="30">
    <mem type="eden" free="2097096" total="54525952" percent="3" />
    <remembered-set count="43584" freebytes="6952064" totalbytes="7126400" percent="97" regionsoverflowed="0" regionsstable="4" regionsrebuilding="0"/>
  </mem-info>
</gc-start>
<allocation-stats totalBytes="52253456" >
  <allocated-bytes non-tlh="0" tlh="52253456" arrayletleaf="0"/>
  <largest-consumer threadName="main" threadId="00000000018B4F00" bytes="52253456" />
</allocation-stats>
<gc-op id="1628" type="copy forward" timems="186.969" contextid="1625" timestamp="2019-08-08T12:52:30.719">
  <memory-copied type="eden" objects="2" bytes="56" bytesdiscarded="0" />
  <memory-copied type="other" objects="0" bytes="0" bytesdiscarded="0" />
  <memory-cardclean objects="16" bytes="424" />
  <regions eden="25" other="1" />
  <remembered-set-cleared processed="39595" cleared="2" durationms="2.181" />
  <stringconstants candidates="13838" cleared="0"  />
</gc-op>
<gc-op id="1629" type="classunload" timems="0.015" contextid="1625" timestamp="2019-08-08T12:52:30.719">
  <classunload-info classloadercandidates="54" classloadersunloaded="0" classesunloaded="0" anonymousclassesunloaded="0" quiescems="0.000" setupms="0.015" scanms="0.000" postms="0.000" />
</gc-op>
<gc-end id="1630" type="partial gc" contextid="1625" durationms="198.025" usertimems="45.862" systemtimems="70.834" timestamp="2019-08-08T12:52:30.719" activeThreads="16">
  <mem-info id="1631" free="106954752" total="178257920" percent="60">
    <mem type="eden" free="2097096" total="2097152" percent="99" />
    <remembered-set count="43584" freebytes="6952064" totalbytes="7126400" percent="97" regionsoverflowed="0" regionsstable="4" regionsrebuilding="0"/>
  </mem-info>
</gc-end>
<cycle-end id="1632" type="partial gc" contextid="1625" timestamp="2019-08-08T12:52:30.720" />
  <attribute name="elasticGC enabled" value="1" />
  <attribute name= "numThreadsSpecified" value="16" />
  <attribute name="heapSize specified" value="0" />
  <attribute name="Current GC Util" value="24" />
  <attribute name= "Current Time Running" value="181917" />
  <attribute name ="GC Interval" value="0" />
  <attribute name="Target GC Util Change" value ="80.000000" />
  <attribute name="Current GC Util Change" value="24.000000"/>
  <attribute name="Current Error" value="99.000000" />
  <attribute name="Output H" value="178333720"/>
  <attribute name="Output I" value="2184"/>
  <attribute name="Output T" value="16"/>
  <attribute name= "Current Time Running" value="181917" />
  <attribute name="GC Util currently" value="24" />
  <attribute name="CPU Util currently" value="110518424642" />
<exclusive-end id="1633" timestamp="2019-08-08T12:52:30.720" durationms="201.716" />

<exclusive-start id="1634" timestamp="2019-08-08T12:52:30.743" intervalms="224.546">
  <response-info timems="0.032" idlems="0.032" threads="0" lastid="00000000018B4F00" lastname="main" />
</exclusive-start>
<allocation-taxation id="1635" taxation-threshold="52428800" timestamp="2019-08-08T12:52:30.743" intervalms="223.763" />
<cycle-start id="1636" type="partial gc" contextid="0" timestamp="2019-08-08T12:52:30.743" intervalms="221.787" />
<gc-start id="1637" type="partial gc" contextid="1636" timestamp="2019-08-08T12:52:30.743">
  <mem-info id="1638" free="54525952" total="178257920" percent="30">
    <mem type="eden" free="2097096" total="54525952" percent="3" />
    <remembered-set count="43584" freebytes="6952064" totalbytes="7126400" percent="97" regionsoverflowed="0" regionsstable="4" regionsrebuilding="0"/>
  </mem-info>
</gc-start>
<allocation-stats totalBytes="52253456" >
  <allocated-bytes non-tlh="0" tlh="52253456" arrayletleaf="0"/>
  <largest-consumer threadName="main" threadId="00000000018B4F00" bytes="52253456" />
</allocation-stats>
<gc-op id="1639" type="copy forward" timems="220.364" contextid="1636" timestamp="2019-08-08T12:52:30.969">
  <memory-copied type="eden" objects="2" bytes="56" bytesdiscarded="0" />
  <memory-copied type="other" objects="0" bytes="0" bytesdiscarded="0" />
  <memory-cardclean objects="16" bytes="424" />
  <regions eden="25" other="1" />
  <remembered-set-cleared processed="39595" cleared="2" durationms="1.017" />
  <stringconstants candidates="13838" cleared="0"  />
</gc-op>
<gc-op id="1640" type="classunload" timems="0.010" contextid="1636" timestamp="2019-08-08T12:52:30.969">
  <classunload-info classloadercandidates="54" classloadersunloaded="0" classesunloaded="0" anonymousclassesunloaded="0" quiescems="0.000" setupms="0.009" scanms="0.000" postms="0.000" />
</gc-op>
<gc-end id="1641" type="partial gc" contextid="1636" durationms="225.866" usertimems="51.143" systemtimems="73.720" timestamp="2019-08-08T12:52:30.969" activeThreads="16">
  <mem-info id="1642" free="106954752" total="178257920" percent="60">
    <mem type="eden" free="2097096" total="2097152" percent="99" />
    <remembered-set count="43584" freebytes="6952064" totalbytes="7126400" percent="97" regionsoverflowed="0" regionsstable="4" regionsrebuilding="0"/>
  </mem-info>
</gc-end>
<cycle-end id="1643" type="partial gc" contextid="1636" timestamp="2019-08-08T12:52:30.969" />
  <attribute name="elasticGC enabled" value="1" />
  <attribute name= "numThreadsSpecified" value="16" />
  <attribute name="heapSize specified" value="0" />
  <attribute name="Current GC Util" value="63" />
  <attribute name= "Current Time Running" value="182133" />
  <attribute name ="GC Interval" value="0" />
  <attribute name="Target GC Util Change" value ="80.000000" />
  <attribute name="Current GC Util Change" value="63.000000"/>
  <attribute name="Current Error" value="142.000000" />
  <attribute name="Output H" value="178333768"/>
  <attribute name="Output I" value="2264"/>
  <attribute name="Output T" value="16"/>
  <attribute name= "Current Time Running" value="182133" />
  <attribute name="GC Util currently" value="63" />
  <attribute name="CPU Util currently" value="247896757703" />
<exclusive-end id="1644" timestamp="2019-08-08T12:52:30.969" durationms="226.636" />

<exclusive-start id="1645" timestamp="2019-08-08T12:52:31.022" intervalms="279.291">
  <response-info timems="0.025" idlems="0.025" threads="0" lastid="00000000018B4F00" lastname="main" />
</exclusive-start>
<allocation-taxation id="1646" taxation-threshold="52428800" timestamp="2019-08-08T12:52:31.029" intervalms="285.785" />
<cycle-start id="1647" type="partial gc" contextid="0" timestamp="2019-08-08T12:52:31.032" intervalms="289.367" />
<gc-start id="1648" type="partial gc" contextid="1647" timestamp="2019-08-08T12:52:31.033">
  <mem-info id="1649" free="54525952" total="178257920" percent="30">
    <mem type="eden" free="2097096" total="54525952" percent="3" />
    <remembered-set count="43584" freebytes="6952064" totalbytes="7126400" percent="97" regionsoverflowed="0" regionsstable="4" regionsrebuilding="0"/>
  </mem-info>
</gc-start>
<allocation-stats totalBytes="52253456" >
  <allocated-bytes non-tlh="0" tlh="52253456" arrayletleaf="0"/>
  <largest-consumer threadName="main" threadId="00000000018B4F00" bytes="52253456" />
</allocation-stats>
<gc-op id="1650" type="copy forward" timems="104.609" contextid="1647" timestamp="2019-08-08T12:52:31.176">
  <memory-copied type="eden" objects="2" bytes="56" bytesdiscarded="0" />
  <memory-copied type="other" objects="0" bytes="0" bytesdiscarded="0" />
  <memory-cardclean objects="16" bytes="424" />
  <regions eden="25" other="1" />
  <remembered-set-cleared processed="39595" cleared="2" durationms="0.408" />
  <stringconstants candidates="13838" cleared="0"  />
</gc-op>
<gc-op id="1651" type="classunload" timems="0.010" contextid="1647" timestamp="2019-08-08T12:52:31.176">
  <classunload-info classloadercandidates="54" classloadersunloaded="0" classesunloaded="0" anonymousclassesunloaded="0" quiescems="0.000" setupms="0.009" scanms="0.000" postms="0.000" />
</gc-op>
<gc-end id="1652" type="partial gc" contextid="1647" durationms="143.960" usertimems="25.768" systemtimems="73.439" timestamp="2019-08-08T12:52:31.177" activeThreads="16">
  <mem-info id="1653" free="106954752" total="178257920" percent="60">
    <mem type="eden" free="2097096" total="2097152" percent="99" />
    <remembered-set count="43584" freebytes="6952064" totalbytes="7126400" percent="97" regionsoverflowed="0" regionsstable="4" regionsrebuilding="0"/>
  </mem-info>
</gc-end>
<cycle-end id="1654" type="partial gc" contextid="1647" timestamp="2019-08-08T12:52:31.177" />
  <attribute name="elasticGC enabled" value="1" />
  <attribute name= "numThreadsSpecified" value="16" />
  <attribute name="heapSize specified" value="0" />
  <attribute name="Current GC Util" value="58" />
  <attribute name= "Current Time Running" value="182456" />
  <attribute name ="GC Interval" value="0" />
  <attribute name="Target GC Util Change" value ="80.000000" />
  <attribute name="Current GC Util Change" value="58.000000"/>
  <attribute name="Current Error" value="60.000000" />
  <attribute name="Output H" value="178333672"/>
  <attribute name="Output I" value="2120"/>
  <attribute name="Output T" value="16"/>
  <attribute name= "Current Time Running" value="182456" />
  <attribute name="GC Util currently" value="58" />
  <attribute name="CPU Util currently" value="29708334560" />
<exclusive-end id="1655" timestamp="2019-08-08T12:52:31.178" durationms="156.379" />

<exclusive-start id="1656" timestamp="2019-08-08T12:52:31.229" intervalms="206.698">
  <response-info timems="0.024" idlems="0.024" threads="0" lastid="00000000018B4F00" lastname="main" />
</exclusive-start>
<allocation-taxation id="1657" taxation-threshold="52428800" timestamp="2019-08-08T12:52:31.229" intervalms="200.178" />
<cycle-start id="1658" type="partial gc" contextid="0" timestamp="2019-08-08T12:52:31.229" intervalms="196.453" />
<gc-start id="1659" type="partial gc" contextid="1658" timestamp="2019-08-08T12:52:31.229">
  <mem-info id="1660" free="54525952" total="178257920" percent="30">
    <mem type="eden" free="2097096" total="54525952" percent="3" />
    <remembered-set count="43584" freebytes="6952064" totalbytes="7126400" percent="97" regionsoverflowed="0" regionsstable="4" regionsrebuilding="0"/>
  </mem-info>
</gc-start>
<allocation-stats totalBytes="52253456" >
  <allocated-bytes non-tlh="0" tlh="52253456" arrayletleaf="0"/>
  <largest-consumer threadName="main" threadId="00000000018B4F00" bytes="52253456" />
</allocation-stats>
<gc-op id="1661" type="copy forward" timems="49.941" contextid="1658" timestamp="2019-08-08T12:52:31.336">
  <memory-copied type="eden" objects="2" bytes="56" bytesdiscarded="0" />
  <memory-copied type="other" objects="0" bytes="0" bytesdiscarded="0" />
  <memory-cardclean objects="16" bytes="424" />
  <regions eden="25" other="1" />
  <remembered-set-cleared processed="39595" cleared="2" durationms="0.388" />
  <stringconstants candidates="13838" cleared="0"  />
</gc-op>
<gc-op id="1662" type="classunload" timems="0.012" contextid="1658" timestamp="2019-08-08T12:52:31.336">
  <classunload-info classloadercandidates="54" classloadersunloaded="0" classesunloaded="0" anonymousclassesunloaded="0" quiescems="0.000" setupms="0.011" scanms="0.000" postms="0.000" />
</gc-op>
<gc-end id="1663" type="partial gc" contextid="1658" durationms="106.994" usertimems="17.957" systemtimems="70.292" timestamp="2019-08-08T12:52:31.336" activeThreads="16">
  <mem-info id="1664" free="106954752" total="178257920" percent="60">
    <mem type="eden" free="2097096" total="2097152" percent="99" />
    <remembered-set count="43584" freebytes="6952064" totalbytes="7126400" percent="97" regionsoverflowed="0" regionsstable="4" regionsrebuilding="0"/>
  </mem-info>
</gc-end>
<cycle-end id="1665" type="partial gc" contextid="1658" timestamp="2019-08-08T12:52:31.336" />
  <attribute name="elasticGC enabled" value="1" />
  <attribute name= "numThreadsSpecified" value="16" />
  <attribute name="heapSize specified" value="0" />
  <attribute name="Current GC Util" value="51" />
  <attribute name= "Current Time Running" value="182671" />
  <attribute name ="GC Interval" value="0" />
  <attribute name="Target GC Util Change" value ="80.000000" />
  <attribute name="Current GC Util Change" value="51.000000"/>
  <attribute name="Current Error" value="121.000000" />
  <attribute name="Output H" value="178333744"/>
  <attribute name="Output I" value="2224"/>
  <attribute name="Output T" value="16"/>
  <attribute name= "Current Time Running" value="182671" />
  <attribute name="GC Util currently" value="51" />
  <attribute name="CPU Util currently" value="20437372254" />
<exclusive-end id="1666" timestamp="2019-08-08T12:52:31.337" durationms="108.184" />

<exclusive-start id="1667" timestamp="2019-08-08T12:52:31.403" intervalms="174.318">
  <response-info timems="0.029" idlems="0.029" threads="0" lastid="00000000018B4F00" lastname="main" />
</exclusive-start>
<allocation-taxation id="1668" taxation-threshold="52428800" timestamp="2019-08-08T12:52:31.403" intervalms="174.710" />
<cycle-start id="1669" type="partial gc" contextid="0" timestamp="2019-08-08T12:52:31.407" intervalms="178.260" />
<gc-start id="1670" type="partial gc" contextid="1669" timestamp="2019-08-08T12:52:31.418">
  <mem-info id="1671" free="54525952" total="178257920" percent="30">
    <mem type="eden" free="2097096" total="54525952" percent="3" />
    <remembered-set count="43104" freebytes="6953984" totalbytes="7126400" percent="97" regionsoverflowed="0" regionsstable="4" regionsrebuilding="0"/>
  </mem-info>
</gc-start>
<allocation-stats totalBytes="52188392" >
  <allocated-bytes non-tlh="0" tlh="52188392" arrayletleaf="0"/>
  <largest-consumer threadName="main" threadId="00000000018B4F00" bytes="52188392" />
</allocation-stats>
<gc-op id="1672" type="copy forward" timems="71.041" contextid="1669" timestamp="2019-08-08T12:52:31.545">
  <memory-copied type="eden" objects="27" bytes="1936" bytesdiscarded="1536" />
  <memory-copied type="other" objects="0" bytes="0" bytesdiscarded="0" />
  <memory-cardclean objects="92" bytes="2824" />
  <regions eden="25" other="1" />
  <remembered-set-cleared processed="39595" cleared="24" durationms="7.042" />
  <stringconstants candidates="13838" cleared="0"  />
</gc-op>
<gc-op id="1673" type="classunload" timems="0.009" contextid="1669" timestamp="2019-08-08T12:52:31.545">
  <classunload-info classloadercandidates="54" classloadersunloaded="0" classesunloaded="0" anonymousclassesunloaded="0" quiescems="0.000" setupms="0.009" scanms="0.000" postms="0.000" />
</gc-op>
<gc-end id="1674" type="partial gc" contextid="1669" durationms="127.130" usertimems="24.944" systemtimems="73.553" timestamp="2019-08-08T12:52:31.545" activeThreads="16">
  <mem-info id="1675" free="106954752" total="178257920" percent="60">
    <mem type="eden" free="2093680" total="2097152" percent="99" />
    <remembered-set count="44352" freebytes="6948992" totalbytes="7126400" percent="97" regionsoverflowed="0" regionsstable="4" regionsrebuilding="0"/>
  </mem-info>
</gc-end>
<cycle-end id="1676" type="partial gc" contextid="1669" timestamp="2019-08-08T12:52:31.545" />
  <attribute name="elasticGC enabled" value="1" />
  <attribute name= "numThreadsSpecified" value="16" />
  <attribute name="heapSize specified" value="0" />
  <attribute name="Current GC Util" value="4" />
  <attribute name= "Current Time Running" value="182860" />
  <attribute name ="GC Interval" value="0" />
  <attribute name="Target GC Util Change" value ="80.000000" />
  <attribute name="Current GC Util Change" value="4.000000"/>
  <attribute name="Current Error" value="234.000000" />
  <attribute name="Output H" value="178333872"/>
  <attribute name="Output I" value="2432"/>
  <attribute name="Output T" value="16"/>
  <attribute name= "Current Time Running" value="182860" />
  <attribute name="GC Util currently" value="4" />
  <attribute name="CPU Util currently" value="22351489635" />
<exclusive-end id="1677" timestamp="2019-08-08T12:52:31.545" durationms="142.344" />

<exclusive-start id="1678" timestamp="2019-08-08T12:52:31.590" intervalms="187.027">
  <response-info timems="0.026" idlems="0.026" threads="0" lastid="00000000018B4F00" lastname="main" />
</exclusive-start>
<allocation-taxation id="1679" taxation-threshold="52428800" timestamp="2019-08-08T12:52:31.590" intervalms="186.636" />
<cycle-start id="1680" type="partial gc" contextid="0" timestamp="2019-08-08T12:52:31.591" intervalms="183.945" />
<gc-start id="1681" type="partial gc" contextid="1680" timestamp="2019-08-08T12:52:31.592">
  <mem-info id="1682" free="54525952" total="178257920" percent="30">
    <mem type="eden" free="0" total="52428800" percent="0" />
    <remembered-set count="3424" freebytes="7112704" totalbytes="7126400" percent="99" regionsoverflowed="0" regionsstable="9" regionsrebuilding="0"/>
  </mem-info>
</gc-start>
<allocation-stats totalBytes="52087816" >
  <allocated-bytes non-tlh="0" tlh="52087816" arrayletleaf="0"/>
  <largest-consumer threadName="main" threadId="00000000018B4F00" bytes="52087816" />
</allocation-stats>
<gc-op id="1683" type="copy forward" timems="56.550" contextid="1680" timestamp="2019-08-08T12:52:31.652">
  <memory-copied type="eden" objects="2" bytes="64" bytesdiscarded="0" />
  <memory-copied type="other" objects="26" bytes="1896" bytesdiscarded="1392" />
  <memory-cardclean objects="65" bytes="2328" />
  <regions eden="25" other="1" />
  <remembered-set-cleared processed="474" cleared="6" durationms="0.649" />
  <stringconstants candidates="13838" cleared="0"  />
</gc-op>
<gc-op id="1684" type="classunload" timems="0.014" contextid="1680" timestamp="2019-08-08T12:52:31.652">
  <classunload-info classloadercandidates="54" classloadersunloaded="0" classesunloaded="0" anonymousclassesunloaded="0" quiescems="0.000" setupms="0.014" scanms="0.000" postms="0.000" />
</gc-op>
<heap-resize id="1685" type="expand" space="default" amount="6291456" count="1" timems="0.103" reason="excessive time being spent in gc" timestamp="2019-08-08T12:52:31.652" />
<gc-end id="1686" type="partial gc" contextid="1680" durationms="60.987" usertimems="20.094" systemtimems="35.849" timestamp="2019-08-08T12:52:31.652" activeThreads="16">
  <mem-info id="1687" free="111149056" total="184549376" percent="60">
    <mem type="eden" free="2097088" total="2097152" percent="99" />
    <remembered-set count="4416" freebytes="7360256" totalbytes="7377920" percent="99" regionsoverflowed="0" regionsstable="9" regionsrebuilding="0"/>
  </mem-info>
</gc-end>
<cycle-end id="1688" type="partial gc" contextid="1680" timestamp="2019-08-08T12:52:31.653" />
  <attribute name="elasticGC enabled" value="1" />
  <attribute name= "numThreadsSpecified" value="16" />
  <attribute name="heapSize specified" value="0" />
  <attribute name="Current GC Util" value="36" />
  <attribute name= "Current Time Running" value="182979" />
  <attribute name ="GC Interval" value="0" />
  <attribute name="Target GC Util Change" value ="80.000000" />
  <attribute name="Current GC Util Change" value="36.000000"/>
  <attribute name="Current Error" value="37.000000" />
  <attribute name="Output H" value="178333648"/>
  <attribute name="Output I" value="2080"/>
  <attribute name="Output T" value="16"/>
  <attribute name= "Current Time Running" value="182979" />
  <attribute name="GC Util currently" value="36" />
  <attribute name="CPU Util currently" value="582898553373" />
<exclusive-end id="1689" timestamp="2019-08-08T12:52:31.653" durationms="62.740" />

<exclusive-start id="1690" timestamp="2019-08-08T12:52:31.723" intervalms="133.366">
  <response-info timems="0.018" idlems="0.018" threads="0" lastid="00000000018B4F00" lastname="main" />
</exclusive-start>
<allocation-taxation id="1691" taxation-threshold="52428800" timestamp="2019-08-08T12:52:31.723" intervalms="133.357" />
<cycle-start id="1692" type="partial gc" contextid="0" timestamp="2019-08-08T12:52:31.724" intervalms="133.158" />
<gc-start id="1693" type="partial gc" contextid="1692" timestamp="2019-08-08T12:52:31.724">
  <mem-info id="1694" free="58720256" total="184549376" percent="31">
    <mem type="eden" free="2097088" total="54525952" percent="3" />
    <remembered-set count="3936" freebytes="7362176" totalbytes="7377920" percent="99" regionsoverflowed="0" regionsstable="9" regionsrebuilding="0"/>
  </mem-info>
</gc-start>
<allocation-stats totalBytes="52101400" >
  <allocated-bytes non-tlh="0" tlh="52101400" arrayletleaf="0"/>
  <largest-consumer threadName="main" threadId="00000000018B4F00" bytes="52101400" />
</allocation-stats>
<gc-op id="1695" type="copy forward" timems="50.085" contextid="1692" timestamp="2019-08-08T12:52:31.776">
  <memory-copied type="eden" objects="2" bytes="64" bytesdiscarded="0" />
  <memory-copied type="other" objects="0" bytes="0" bytesdiscarded="0" />
  <memory-cardclean objects="10" bytes="424" />
  <regions eden="25" other="1" />
  <remembered-set-cleared processed="480" cleared="0" durationms="0.161" />
  <stringconstants candidates="13838" cleared="0"  />
</gc-op>
<gc-op id="1696" type="classunload" timems="0.009" contextid="1692" timestamp="2019-08-08T12:52:31.776">
  <classunload-info classloadercandidates="54" classloadersunloaded="0" classesunloaded="0" anonymousclassesunloaded="0" quiescems="0.000" setupms="0.009" scanms="0.000" postms="0.000" />
</gc-op>
<gc-end id="1697" type="partial gc" contextid="1692" durationms="52.106" usertimems="7.821" systemtimems="22.612" timestamp="2019-08-08T12:52:31.777" activeThreads="16">
  <mem-info id="1698" free="111149056" total="184549376" percent="60">
    <mem type="eden" free="2097088" total="2097152" percent="99" />
    <remembered-set count="3168" freebytes="7365248" totalbytes="7377920" percent="99" regionsoverflowed="0" regionsstable="9" regionsrebuilding="0"/>
  </mem-info>
</gc-end>
<cycle-end id="1699" type="partial gc" contextid="1692" timestamp="2019-08-08T12:52:31.777" />
  <attribute name="elasticGC enabled" value="1" />
  <attribute name= "numThreadsSpecified" value="16" />
  <attribute name="heapSize specified" value="0" />
  <attribute name="Current GC Util" value="101" />
  <attribute name= "Current Time Running" value="183111" />
  <attribute name ="GC Interval" value="0" />
  <attribute name="Target GC Util Change" value ="80.000000" />
  <attribute name="Current GC Util Change" value="101.000000"/>
  <attribute name="Current Error" value="54.000000" />
  <attribute name="Output H" value="184625120"/>
  <attribute name="Output I" value="2104"/>
  <attribute name="Output T" value="16"/>
  <attribute name= "Current Time Running" value="183111" />
  <attribute name="GC Util currently" value="101" />
  <attribute name="CPU Util currently" value="756347361011" />
<exclusive-end id="1700" timestamp="2019-08-08T12:52:31.777" durationms="53.617" />

<exclusive-start id="1701" timestamp="2019-08-08T12:52:31.813" intervalms="90.023">
  <response-info timems="0.038" idlems="0.038" threads="0" lastid="00000000018B4F00" lastname="main" />
</exclusive-start>
<allocation-taxation id="1702" taxation-threshold="52428800" timestamp="2019-08-08T12:52:31.814" intervalms="90.081" />
<cycle-start id="1703" type="partial gc" contextid="0" timestamp="2019-08-08T12:52:31.820" intervalms="95.758" />
<gc-start id="1704" type="partial gc" contextid="1703" timestamp="2019-08-08T12:52:31.820">
  <mem-info id="1705" free="58720256" total="184549376" percent="31">
    <mem type="eden" free="2097088" total="54525952" percent="3" />
    <remembered-set count="3168" freebytes="7365248" totalbytes="7377920" percent="99" regionsoverflowed="0" regionsstable="9" regionsrebuilding="0"/>
  </mem-info>
</gc-start>
<allocation-stats totalBytes="52101400" >
  <allocated-bytes non-tlh="0" tlh="52101400" arrayletleaf="0"/>
  <largest-consumer threadName="main" threadId="00000000018B4F00" bytes="52101400" />
</allocation-stats>
<gc-op id="1706" type="copy forward" timems="30.713" contextid="1703" timestamp="2019-08-08T12:52:31.852">
  <memory-copied type="eden" objects="2" bytes="64" bytesdiscarded="0" />
  <memory-copied type="other" objects="0" bytes="0" bytesdiscarded="0" />
  <memory-cardclean objects="10" bytes="424" />
  <regions eden="25" other="1" />
  <remembered-set-cleared processed="480" cleared="0" durationms="0.983" />
  <stringconstants candidates="13838" cleared="0"  />
</gc-op>
<gc-op id="1707" type="classunload" timems="0.015" contextid="1703" timestamp="2019-08-08T12:52:31.852">
  <classunload-info classloadercandidates="54" classloadersunloaded="0" classesunloaded="0" anonymousclassesunloaded="0" quiescems="0.000" setupms="0.014" scanms="0.000" postms="0.000" />
</gc-op>
<gc-end id="1708" type="partial gc" contextid="1703" durationms="32.211" usertimems="19.921" systemtimems="12.850" timestamp="2019-08-08T12:52:31.852" activeThreads="16">
  <mem-info id="1709" free="111149056" total="184549376" percent="60">
    <mem type="eden" free="2097088" total="2097152" percent="99" />
    <remembered-set count="3168" freebytes="7365248" totalbytes="7377920" percent="99" regionsoverflowed="0" regionsstable="9" regionsrebuilding="0"/>
  </mem-info>
</gc-end>
<cycle-end id="1710" type="partial gc" contextid="1703" timestamp="2019-08-08T12:52:31.853" />
  <attribute name="elasticGC enabled" value="1" />
  <attribute name= "numThreadsSpecified" value="16" />
  <attribute name="heapSize specified" value="0" />
  <attribute name="Current GC Util" value="117" />
  <attribute name= "Current Time Running" value="183206" />
  <attribute name ="GC Interval" value="0" />
  <attribute name="Target GC Util Change" value ="80.000000" />
  <attribute name="Current GC Util Change" value="117.000000"/>
  <attribute name="Current Error" value="69.000000" />
  <attribute name="Output H" value="184625136"/>
  <attribute name="Output I" value="2136"/>
  <attribute name="Output T" value="16"/>
  <attribute name= "Current Time Running" value="183206" />
  <attribute name="GC Util currently" value="117" />
  <attribute name="CPU Util currently" value="1152726649135" />
<exclusive-end id="1711" timestamp="2019-08-08T12:52:31.853" durationms="39.553" />

<exclusive-start id="1712" timestamp="2019-08-08T12:52:31.890" intervalms="76.313">
  <response-info timems="0.026" idlems="0.026" threads="0" lastid="00000000018B4F00" lastname="main" />
</exclusive-start>
<allocation-taxation id="1713" taxation-threshold="52428800" timestamp="2019-08-08T12:52:31.890" intervalms="76.693" />
<cycle-start id="1714" type="partial gc" contextid="0" timestamp="2019-08-08T12:52:31.890" intervalms="70.411" />
<gc-start id="1715" type="partial gc" contextid="1714" timestamp="2019-08-08T12:52:31.891">
  <mem-info id="1716" free="58720256" total="184549376" percent="31">
    <mem type="eden" free="2097088" total="54525952" percent="3" />
    <remembered-set count="3168" freebytes="7365248" totalbytes="7377920" percent="99" regionsoverflowed="0" regionsstable="9" regionsrebuilding="0"/>
  </mem-info>
</gc-start>
<allocation-stats totalBytes="52101400" >
  <allocated-bytes non-tlh="0" tlh="52101400" arrayletleaf="0"/>
  <largest-consumer threadName="main" threadId="00000000018B4F00" bytes="52101400" />
</allocation-stats>
<gc-op id="1717" type="copy forward" timems="24.852" contextid="1714" timestamp="2019-08-08T12:52:31.926">
  <memory-copied type="eden" objects="2" bytes="64" bytesdiscarded="0" />
  <memory-copied type="other" objects="0" bytes="0" bytesdiscarded="0" />
  <memory-cardclean objects="10" bytes="424" />
  <regions eden="25" other="1" />
  <remembered-set-cleared processed="480" cleared="0" durationms="0.190" />
  <stringconstants candidates="13838" cleared="0"  />
</gc-op>
<gc-op id="1718" type="classunload" timems="0.012" contextid="1714" timestamp="2019-08-08T12:52:31.926">
  <classunload-info classloadercandidates="54" classloadersunloaded="0" classesunloaded="0" anonymousclassesunloaded="0" quiescems="0.000" setupms="0.011" scanms="0.000" postms="0.000" />
</gc-op>
<gc-end id="1719" type="partial gc" contextid="1714" durationms="35.912" usertimems="21.002" systemtimems="20.887" timestamp="2019-08-08T12:52:31.926" activeThreads="16">
  <mem-info id="1720" free="111149056" total="184549376" percent="60">
    <mem type="eden" free="2097088" total="2097152" percent="99" />
    <remembered-set count="3168" freebytes="7365248" totalbytes="7377920" percent="99" regionsoverflowed="0" regionsstable="9" regionsrebuilding="0"/>
  </mem-info>
</gc-end>
<cycle-end id="1721" type="partial gc" contextid="1714" timestamp="2019-08-08T12:52:31.927" />
  <attribute name="elasticGC enabled" value="1" />
  <attribute name= "numThreadsSpecified" value="16" />
  <attribute name="heapSize specified" value="0" />
  <attribute name="Current GC Util" value="13" />
  <attribute name= "Current Time Running" value="183286" />
  <attribute name ="GC Interval" value="0" />
  <attribute name="Target GC Util Change" value ="80.000000" />
  <attribute name="Current GC Util Change" value="13.000000"/>
  <attribute name="Current Error" value="102.000000" />
  <attribute name="Output H" value="184625176"/>
  <attribute name="Output I" value="2192"/>
  <attribute name="Output T" value="16"/>
  <attribute name= "Current Time Running" value="183286" />
  <attribute name="GC Util currently" value="13" />
  <attribute name="CPU Util currently" value="110288236374" />
<exclusive-end id="1722" timestamp="2019-08-08T12:52:31.927" durationms="36.946" />

<exclusive-start id="1723" timestamp="2019-08-08T12:52:31.960" intervalms="70.647">
  <response-info timems="0.025" idlems="0.025" threads="0" lastid="00000000018B4F00" lastname="main" />
</exclusive-start>
<allocation-taxation id="1724" taxation-threshold="52428800" timestamp="2019-08-08T12:52:31.960" intervalms="70.224" />
<cycle-start id="1725" type="partial gc" contextid="0" timestamp="2019-08-08T12:52:31.961" intervalms="70.245" />
<gc-start id="1726" type="partial gc" contextid="1725" timestamp="2019-08-08T12:52:31.961">
  <mem-info id="1727" free="58720256" total="184549376" percent="31">
    <mem type="eden" free="2097088" total="54525952" percent="3" />
    <remembered-set count="3168" freebytes="7365248" totalbytes="7377920" percent="99" regionsoverflowed="0" regionsstable="9" regionsrebuilding="0"/>
  </mem-info>
</gc-start>
<allocation-stats totalBytes="52101400" >
  <allocated-bytes non-tlh="0" tlh="52101400" arrayletleaf="0"/>
  <largest-consumer threadName="main" threadId="00000000018B4F00" bytes="52101400" />
</allocation-stats>
<gc-op id="1728" type="copy forward" timems="45.440" contextid="1725" timestamp="2019-08-08T12:52:32.011">
  <memory-copied type="eden" objects="2" bytes="64" bytesdiscarded="0" />
  <memory-copied type="other" objects="0" bytes="0" bytesdiscarded="0" />
  <memory-cardclean objects="10" bytes="424" />
  <regions eden="25" other="1" />
  <remembered-set-cleared processed="480" cleared="0" durationms="0.108" />
  <stringconstants candidates="13838" cleared="0"  />
</gc-op>
<gc-op id="1729" type="classunload" timems="0.014" contextid="1725" timestamp="2019-08-08T12:52:32.013">
  <classunload-info classloadercandidates="54" classloadersunloaded="0" classesunloaded="0" anonymousclassesunloaded="0" quiescems="0.000" setupms="0.014" scanms="0.000" postms="0.000" />
</gc-op>
<gc-end id="1730" type="partial gc" contextid="1725" durationms="52.712" usertimems="28.349" systemtimems="15.898" timestamp="2019-08-08T12:52:32.014" activeThreads="16">
  <mem-info id="1731" free="111149056" total="184549376" percent="60">
    <mem type="eden" free="2097088" total="2097152" percent="99" />
    <remembered-set count="3168" freebytes="7365248" totalbytes="7377920" percent="99" regionsoverflowed="0" regionsstable="9" regionsrebuilding="0"/>
  </mem-info>
</gc-end>
<cycle-end id="1732" type="partial gc" contextid="1725" timestamp="2019-08-08T12:52:32.014" />
  <attribute name="elasticGC enabled" value="1" />
  <attribute name= "numThreadsSpecified" value="16" />
  <attribute name="heapSize specified" value="0" />
  <attribute name="Current GC Util" value="62" />
  <attribute name= "Current Time Running" value="183347" />
  <attribute name ="GC Interval" value="0" />
  <attribute name="Target GC Util Change" value ="80.000000" />
  <attribute name="Current GC Util Change" value="62.000000"/>
  <attribute name="Current Error" value="133.000000" />
  <attribute name="Output H" value="184625216"/>
  <attribute name="Output I" value="2248"/>
  <attribute name="Output T" value="16"/>
  <attribute name= "Current Time Running" value="183347" />
  <attribute name="GC Util currently" value="62" />
  <attribute name="CPU Util currently" value="737997732428" />
<exclusive-end id="1733" timestamp="2019-08-08T12:52:32.015" durationms="54.764" />

<exclusive-start id="1734" timestamp="2019-08-08T12:52:32.052" intervalms="91.511">
  <response-info timems="0.025" idlems="0.025" threads="0" lastid="00000000018B4F00" lastname="main" />
</exclusive-start>
<allocation-taxation id="1735" taxation-threshold="52428800" timestamp="2019-08-08T12:52:32.052" intervalms="91.518" />
<cycle-start id="1736" type="partial gc" contextid="0" timestamp="2019-08-08T12:52:32.052" intervalms="91.609" />
<gc-start id="1737" type="partial gc" contextid="1736" timestamp="2019-08-08T12:52:32.052">
  <mem-info id="1738" free="58720256" total="184549376" percent="31">
    <mem type="eden" free="2097088" total="54525952" percent="3" />
    <remembered-set count="3168" freebytes="7365248" totalbytes="7377920" percent="99" regionsoverflowed="0" regionsstable="9" regionsrebuilding="0"/>
  </mem-info>
</gc-start>
<allocation-stats totalBytes="52101400" >
  <allocated-bytes non-tlh="0" tlh="52101400" arrayletleaf="0"/>
  <largest-consumer threadName="main" threadId="00000000018B4F00" bytes="52101400" />
</allocation-stats>
<gc-op id="1739" type="copy forward" timems="17.914" contextid="1736" timestamp="2019-08-08T12:52:32.081">
  <memory-copied type="eden" objects="2" bytes="64" bytesdiscarded="0" />
  <memory-copied type="other" objects="0" bytes="0" bytesdiscarded="0" />
  <memory-cardclean objects="10" bytes="424" />
  <regions eden="25" other="1" />
  <remembered-set-cleared processed="480" cleared="0" durationms="0.173" />
  <stringconstants candidates="13838" cleared="0"  />
</gc-op>
<gc-op id="1740" type="classunload" timems="0.106" contextid="1736" timestamp="2019-08-08T12:52:32.081">
  <classunload-info classloadercandidates="54" classloadersunloaded="0" classesunloaded="0" anonymousclassesunloaded="0" quiescems="0.000" setupms="0.105" scanms="0.000" postms="0.000" />
</gc-op>
<gc-end id="1741" type="partial gc" contextid="1736" durationms="28.473" usertimems="22.253" systemtimems="6.121" timestamp="2019-08-08T12:52:32.081" activeThreads="16">
  <mem-info id="1742" free="111149056" total="184549376" percent="60">
    <mem type="eden" free="2097088" total="2097152" percent="99" />
    <remembered-set count="3168" freebytes="7365248" totalbytes="7377920" percent="99" regionsoverflowed="0" regionsstable="9" regionsrebuilding="0"/>
  </mem-info>
</gc-end>
<cycle-end id="1743" type="partial gc" contextid="1736" timestamp="2019-08-08T12:52:32.081" />
  <attribute name="elasticGC enabled" value="1" />
  <attribute name= "numThreadsSpecified" value="16" />
  <attribute name="heapSize specified" value="0" />
  <attribute name="Current GC Util" value="112" />
  <attribute name= "Current Time Running" value="183447" />
  <attribute name ="GC Interval" value="0" />
  <attribute name="Target GC Util Change" value ="80.000000" />
  <attribute name="Current GC Util Change" value="112.000000"/>
  <attribute name="Current Error" value="141.000000" />
  <attribute name="Output H" value="184625224"/>
  <attribute name="Output I" value="2264"/>
  <attribute name="Output T" value="16"/>
  <attribute name= "Current Time Running" value="183447" />
  <attribute name="GC Util currently" value="112" />
  <attribute name="CPU Util currently" value="116102530010" />
<exclusive-end id="1744" timestamp="2019-08-08T12:52:32.081" durationms="29.244" />

<exclusive-start id="1745" timestamp="2019-08-08T12:52:32.164" intervalms="111.901">
  <response-info timems="0.016" idlems="0.016" threads="0" lastid="00000000018B4F00" lastname="main" />
</exclusive-start>
<allocation-taxation id="1746" taxation-threshold="52428800" timestamp="2019-08-08T12:52:32.164" intervalms="111.881" />
<cycle-start id="1747" type="partial gc" contextid="0" timestamp="2019-08-08T12:52:32.164" intervalms="111.856" />
<gc-start id="1748" type="partial gc" contextid="1747" timestamp="2019-08-08T12:52:32.164">
  <mem-info id="1749" free="58720256" total="184549376" percent="31">
    <mem type="eden" free="2097088" total="54525952" percent="3" />
    <remembered-set count="3168" freebytes="7365248" totalbytes="7377920" percent="99" regionsoverflowed="0" regionsstable="9" regionsrebuilding="0"/>
  </mem-info>
</gc-start>
<allocation-stats totalBytes="52415416" >
  <allocated-bytes non-tlh="0" tlh="52415416" arrayletleaf="0"/>
  <largest-consumer threadName="main" threadId="00000000018B4F00" bytes="52415416" />
</allocation-stats>
<gc-op id="1750" type="copy forward" timems="58.739" contextid="1747" timestamp="2019-08-08T12:52:32.229">
  <memory-copied type="eden" objects="152" bytes="4992" bytesdiscarded="2168" />
  <memory-copied type="other" objects="0" bytes="0" bytesdiscarded="0" />
  <memory-cardclean objects="73" bytes="2072" />
  <regions eden="25" other="1" />
  <remembered-set-cleared processed="480" cleared="3" durationms="0.321" />
  <stringconstants candidates="13838" cleared="0"  />
</gc-op>
<gc-op id="1751" type="classunload" timems="0.012" contextid="1747" timestamp="2019-08-08T12:52:32.229">
  <classunload-info classloadercandidates="54" classloadersunloaded="0" classesunloaded="0" anonymousclassesunloaded="0" quiescems="0.000" setupms="0.012" scanms="0.000" postms="0.000" />
</gc-op>
<gc-end id="1752" type="partial gc" contextid="1747" durationms="65.070" usertimems="17.915" systemtimems="36.212" timestamp="2019-08-08T12:52:32.229" activeThreads="16">
  <mem-info id="1753" free="111149056" total="184549376" percent="60">
    <mem type="eden" free="2089992" total="2097152" percent="99" />
    <remembered-set count="4160" freebytes="7361280" totalbytes="7377920" percent="99" regionsoverflowed="0" regionsstable="9" regionsrebuilding="0"/>
  </mem-info>
</gc-end>
<cycle-end id="1754" type="partial gc" contextid="1747" timestamp="2019-08-08T12:52:32.229" />
  <attribute name="elasticGC enabled" value="1" />
  <attribute name= "numThreadsSpecified" value="16" />
  <attribute name="heapSize specified" value="0" />
  <attribute name="Current GC Util" value="24" />
  <attribute name= "Current Time Running" value="183555" />
  <attribute name ="GC Interval" value="0" />
  <attribute name="Target GC Util Change" value ="80.000000" />
  <attribute name="Current GC Util Change" value="24.000000"/>
  <attribute name="Current Error" value="113.000000" />
  <attribute name="Output H" value="184625192"/>
  <attribute name="Output I" value="2216"/>
  <attribute name="Output T" value="16"/>
  <attribute name= "Current Time Running" value="183555" />
  <attribute name="GC Util currently" value="24" />
  <attribute name="CPU Util currently" value="200820416728" />
<exclusive-end id="1755" timestamp="2019-08-08T12:52:32.230" durationms="65.799" />

<exclusive-start id="1756" timestamp="2019-08-08T12:52:32.413" intervalms="249.044">
  <response-info timems="0.019" idlems="0.019" threads="0" lastid="00000000018B4F00" lastname="main" />
</exclusive-start>
<allocation-taxation id="1757" taxation-threshold="52428800" timestamp="2019-08-08T12:52:32.413" intervalms="249.264" />
<cycle-start id="1758" type="partial gc" contextid="0" timestamp="2019-08-08T12:52:32.413" intervalms="249.296" />
<gc-start id="1759" type="partial gc" contextid="1758" timestamp="2019-08-08T12:52:32.414">
  <mem-info id="1760" free="58720256" total="184549376" percent="31">
    <mem type="eden" free="0" total="52428800" percent="0" />
    <remembered-set count="3680" freebytes="7363200" totalbytes="7377920" percent="99" regionsoverflowed="0" regionsstable="9" regionsrebuilding="0"/>
  </mem-info>
</gc-start>
<allocation-stats totalBytes="52421376" >
  <allocated-bytes non-tlh="0" tlh="52421376" arrayletleaf="0"/>
  <largest-consumer threadName="main" threadId="00000000018B4F00" bytes="52421376" />
</allocation-stats>
<gc-op id="1761" type="copy forward" timems="21.316" contextid="1758" timestamp="2019-08-08T12:52:32.436">
  <memory-copied type="eden" objects="244" bytes="7976" bytesdiscarded="1992" />
  <memory-copied type="other" objects="7" bytes="160" bytesdiscarded="1392" />
  <memory-cardclean objects="105" bytes="12072" />
  <regions eden="25" other="1" />
  <remembered-set-cleared processed="478" cleared="13" durationms="0.117" />
  <references type="weak" candidates="37" cleared="0" enqueued="0" />
  <stringconstants candidates="13838" cleared="0"  />
</gc-op>
<gc-op id="1762" type="classunload" timems="0.009" contextid="1758" timestamp="2019-08-08T12:52:32.436">
  <classunload-info classloadercandidates="54" classloadersunloaded="0" classesunloaded="0" anonymousclassesunloaded="0" quiescems="0.000" setupms="0.008" scanms="0.000" postms="0.000" />
</gc-op>
<heap-resize id="1763" type="expand" space="default" amount="4194304" count="1" timems="0.075" reason="excessive time being spent in gc" timestamp="2019-08-08T12:52:32.437" />
<gc-end id="1764" type="partial gc" contextid="1758" durationms="23.862" usertimems="22.961" systemtimems="14.790" timestamp="2019-08-08T12:52:32.438" activeThreads="16">
  <mem-info id="1765" free="113246208" total="188743680" percent="60">
    <mem type="eden" free="2087136" total="2097152" percent="99" />
    <remembered-set count="4320" freebytes="7528320" totalbytes="7545600" percent="99" regionsoverflowed="0" regionsstable="9" regionsrebuilding="0"/>
  </mem-info>
</gc-end>
<cycle-end id="1766" type="partial gc" contextid="1758" timestamp="2019-08-08T12:52:32.438" />
  <attribute name="elasticGC enabled" value="1" />
  <attribute name= "numThreadsSpecified" value="16" />
  <attribute name="heapSize specified" value="0" />
  <attribute name="Current GC Util" value="76" />
  <attribute name= "Current Time Running" value="183800" />
  <attribute name ="GC Interval" value="0" />
  <attribute name="Target GC Util Change" value ="80.000000" />
  <attribute name="Current GC Util Change" value="76.000000"/>
  <attribute name="Current Error" value="176.000000" />
  <attribute name="Output H" value="184625264"/>
  <attribute name="Output I" value="2328"/>
  <attribute name="Output T" value="16"/>
  <attribute name= "Current Time Running" value="183800" />
  <attribute name="GC Util currently" value="76" />
  <attribute name="CPU Util currently" value="1184882478723" />
<exclusive-end id="1767" timestamp="2019-08-08T12:52:32.439" durationms="26.199" />

<exclusive-start id="1768" timestamp="2019-08-08T12:52:32.593" intervalms="180.611">
  <response-info timems="0.049" idlems="0.049" threads="0" lastid="00000000018B4F00" lastname="main" />
</exclusive-start>
<allocation-taxation id="1769" taxation-threshold="54525952" timestamp="2019-08-08T12:52:32.593" intervalms="180.406" />
<cycle-start id="1770" type="partial gc" contextid="0" timestamp="2019-08-08T12:52:32.594" intervalms="180.258" />
<gc-start id="1771" type="partial gc" contextid="1770" timestamp="2019-08-08T12:52:32.594">
  <mem-info id="1772" free="58720256" total="188743680" percent="31">
    <mem type="eden" free="0" total="54525952" percent="0" />
    <remembered-set count="3968" freebytes="7529728" totalbytes="7545600" percent="99" regionsoverflowed="0" regionsstable="9" regionsrebuilding="0"/>
  </mem-info>
</gc-start>
<allocation-stats totalBytes="54506816" >
  <allocated-bytes non-tlh="0" tlh="54506816" arrayletleaf="0"/>
  <largest-consumer threadName="main" threadId="00000000018B4F00" bytes="54506816" />
</allocation-stats>
<gc-op id="1773" type="copy forward" timems="56.593" contextid="1770" timestamp="2019-08-08T12:52:32.652">
  <memory-copied type="eden" objects="25" bytes="736" bytesdiscarded="648" />
  <memory-copied type="other" objects="102" bytes="3496" bytesdiscarded="1128" />
  <memory-cardclean objects="72" bytes="10728" />
  <regions eden="26" other="1" />
  <remembered-set-cleared processed="481" cleared="12" durationms="0.349" />
  <references type="weak" candidates="37" cleared="0" enqueued="0" />
  <stringconstants candidates="13838" cleared="0"  />
</gc-op>
<gc-op id="1774" type="classunload" timems="0.013" contextid="1770" timestamp="2019-08-08T12:52:32.652">
  <classunload-info classloadercandidates="54" classloadersunloaded="0" classesunloaded="0" anonymousclassesunloaded="0" quiescems="0.000" setupms="0.013" scanms="0.000" postms="0.000" />
</gc-op>
<heap-resize id="1775" type="expand" space="default" amount="6291456" count="1" timems="0.102" reason="excessive time being spent in gc" timestamp="2019-08-08T12:52:32.652" />
<gc-end id="1776" type="partial gc" contextid="1770" durationms="58.656" usertimems="14.155" systemtimems="19.731" timestamp="2019-08-08T12:52:32.653" activeThreads="16">
  <mem-info id="1777" free="117440512" total="195035136" percent="60">
    <mem type="eden" free="2095768" total="2097152" percent="99" />
    <remembered-set count="4416" freebytes="7779456" totalbytes="7797120" percent="99" regionsoverflowed="0" regionsstable="9" regionsrebuilding="0"/>
  </mem-info>
</gc-end>
<cycle-end id="1778" type="partial gc" contextid="1770" timestamp="2019-08-08T12:52:32.653" />
  <attribute name="elasticGC enabled" value="1" />
  <attribute name= "numThreadsSpecified" value="16" />
  <attribute name="heapSize specified" value="0" />
  <attribute name="Current GC Util" value="134" />
  <attribute name= "Current Time Running" value="183980" />
  <attribute name ="GC Interval" value="0" />
  <attribute name="Target GC Util Change" value ="80.000000" />
  <attribute name="Current GC Util Change" value="134.000000"/>
  <attribute name="Current Error" value="182.000000" />
  <attribute name="Output H" value="188819576"/>
  <attribute name="Output I" value="2336"/>
  <attribute name="Output T" value="16"/>
  <attribute name= "Current Time Running" value="183980" />
  <attribute name="GC Util currently" value="134" />
  <attribute name="CPU Util currently" value="967127551624" />
<exclusive-end id="1779" timestamp="2019-08-08T12:52:32.653" durationms="59.537" />

<exclusive-start id="1780" timestamp="2019-08-08T12:52:32.707" intervalms="113.521">
  <response-info timems="0.026" idlems="0.026" threads="0" lastid="00000000018B4F00" lastname="main" />
</exclusive-start>
<allocation-taxation id="1781" taxation-threshold="56623104" timestamp="2019-08-08T12:52:32.707" intervalms="113.956" />
<cycle-start id="1782" type="partial gc" contextid="0" timestamp="2019-08-08T12:52:32.710" intervalms="116.321" />
<gc-start id="1783" type="partial gc" contextid="1782" timestamp="2019-08-08T12:52:32.710">
  <mem-info id="1784" free="60817408" total="195035136" percent="31">
    <mem type="eden" free="0" total="56623104" percent="0" />
    <remembered-set count="3936" freebytes="7781376" totalbytes="7797120" percent="99" regionsoverflowed="0" regionsstable="9" regionsrebuilding="0"/>
  </mem-info>
</gc-start>
<allocation-stats totalBytes="56593888" >
  <allocated-bytes non-tlh="0" tlh="56593888" arrayletleaf="0"/>
  <largest-consumer threadName="main" threadId="00000000018B4F00" bytes="56593888" />
</allocation-stats>
<gc-op id="1785" type="copy forward" timems="69.221" contextid="1782" timestamp="2019-08-08T12:52:32.811">
  <memory-copied type="eden" objects="6" bytes="320" bytesdiscarded="0" />
  <memory-copied type="other" objects="17" bytes="544" bytesdiscarded="696" />
  <memory-cardclean objects="35" bytes="1256" />
  <regions eden="27" other="1" />
  <remembered-set-cleared processed="486" cleared="6" durationms="1.052" />
  <stringconstants candidates="13838" cleared="0"  />
</gc-op>
<gc-op id="1786" type="classunload" timems="0.015" contextid="1782" timestamp="2019-08-08T12:52:32.813">
  <classunload-info classloadercandidates="54" classloadersunloaded="0" classesunloaded="0" anonymousclassesunloaded="0" quiescems="0.000" setupms="0.015" scanms="0.000" postms="0.000" />
</gc-op>
<heap-resize id="1787" type="expand" space="default" amount="4194304" count="1" timems="0.092" reason="excessive time being spent in gc" timestamp="2019-08-08T12:52:32.814" />
<gc-end id="1788" type="partial gc" contextid="1782" durationms="103.500" usertimems="36.016" systemtimems="46.486" timestamp="2019-08-08T12:52:32.814" activeThreads="16">
  <mem-info id="1789" free="119537664" total="199229440" percent="60">
    <mem type="eden" free="2096832" total="2097152" percent="99" />
    <remembered-set count="4192" freebytes="7948032" totalbytes="7964800" percent="99" regionsoverflowed="0" regionsstable="9" regionsrebuilding="0"/>
  </mem-info>
</gc-end>
<cycle-end id="1790" type="partial gc" contextid="1782" timestamp="2019-08-08T12:52:32.814" />
  <attribute name="elasticGC enabled" value="1" />
  <attribute name= "numThreadsSpecified" value="16" />
  <attribute name="heapSize specified" value="0" />
  <attribute name="Current GC Util" value="10" />
  <attribute name= "Current Time Running" value="184120" />
  <attribute name ="GC Interval" value="0" />
  <attribute name="Target GC Util Change" value ="80.000000" />
  <attribute name="Current GC Util Change" value="10.000000"/>
  <attribute name="Current Error" value="123.000000" />
  <attribute name="Output H" value="195110960"/>
  <attribute name="Output I" value="2232"/>
  <attribute name="Output T" value="16"/>
  <attribute name= "Current Time Running" value="184120" />
  <attribute name="GC Util currently" value="10" />
  <attribute name="CPU Util currently" value="50172707661" />
<exclusive-end id="1791" timestamp="2019-08-08T12:52:32.815" durationms="108.125" />

<exclusive-start id="1792" timestamp="2019-08-08T12:52:32.854" intervalms="146.656">
  <response-info timems="0.019" idlems="0.019" threads="0" lastid="00000000018B4F00" lastname="main" />
</exclusive-start>
<allocation-taxation id="1793" taxation-threshold="56623104" timestamp="2019-08-08T12:52:32.854" intervalms="146.530" />
<cycle-start id="1794" type="partial gc" contextid="0" timestamp="2019-08-08T12:52:32.854" intervalms="144.182" />
<gc-start id="1795" type="partial gc" contextid="1794" timestamp="2019-08-08T12:52:32.854">
  <mem-info id="1796" free="62914560" total="199229440" percent="31">
    <mem type="eden" free="2096832" total="58720256" percent="3" />
    <remembered-set count="3712" freebytes="7949952" totalbytes="7964800" percent="99" regionsoverflowed="0" regionsstable="9" regionsrebuilding="0"/>
  </mem-info>
</gc-start>
<allocation-stats totalBytes="56593384" >
  <allocated-bytes non-tlh="0" tlh="56593384" arrayletleaf="0"/>
  <largest-consumer threadName="main" threadId="00000000018B4F00" bytes="56593384" />
</allocation-stats>
<gc-op id="1797" type="copy forward" timems="22.665" contextid="1794" timestamp="2019-08-08T12:52:32.878">
  <memory-copied type="eden" objects="6" bytes="408" bytesdiscarded="0" />
  <memory-copied type="other" objects="0" bytes="0" bytesdiscarded="0" />
  <memory-cardclean objects="13" bytes="456" />
  <regions eden="27" other="1" />
  <remembered-set-cleared processed="490" cleared="0" durationms="0.146" />
  <stringconstants candidates="13838" cleared="0"  />
</gc-op>
<gc-op id="1798" type="classunload" timems="0.068" contextid="1794" timestamp="2019-08-08T12:52:32.878">
  <classunload-info classloadercandidates="54" classloadersunloaded="0" classesunloaded="0" anonymousclassesunloaded="0" quiescems="0.000" setupms="0.068" scanms="0.000" postms="0.000" />
</gc-op>
<gc-end id="1799" type="partial gc" contextid="1794" durationms="24.204" usertimems="22.993" systemtimems="8.897" timestamp="2019-08-08T12:52:32.879" activeThreads="16">
  <mem-info id="1800" free="119537664" total="199229440" percent="60">
    <mem type="eden" free="2096744" total="2097152" percent="99" />
    <remembered-set count="3424" freebytes="7951104" totalbytes="7964800" percent="99" regionsoverflowed="0" regionsstable="9" regionsrebuilding="0"/>
  </mem-info>
</gc-end>
<cycle-end id="1801" type="partial gc" contextid="1794" timestamp="2019-08-08T12:52:32.879" />
  <attribute name="elasticGC enabled" value="1" />
  <attribute name= "numThreadsSpecified" value="16" />
  <attribute name="heapSize specified" value="0" />
  <attribute name="Current GC Util" value="405" />
  <attribute name= "Current Time Running" value="184240" />
  <attribute name ="GC Interval" value="0" />
  <attribute name="Target GC Util Change" value ="80.000000" />
  <attribute name="Current GC Util Change" value="405.000000"/>
  <attribute name="Current Error" value="-187.000000" />
  <attribute name="Output H" value="199304912"/>
  <attribute name="Output I" value="1680"/>
  <attribute name="Output T" value="16"/>
  <attribute name= "Current Time Running" value="184240" />
  <attribute name="GC Util currently" value="405" />
  <attribute name="CPU Util currently" value="1867194188008" />
<exclusive-end id="1802" timestamp="2019-08-08T12:52:32.879" durationms="25.282" />

<exclusive-start id="1803" timestamp="2019-08-08T12:52:32.923" intervalms="69.834">
  <response-info timems="0.018" idlems="0.018" threads="0" lastid="00000000018B4F00" lastname="main" />
</exclusive-start>
<allocation-taxation id="1804" taxation-threshold="56623104" timestamp="2019-08-08T12:52:32.924" intervalms="69.528" />
<cycle-start id="1805" type="partial gc" contextid="0" timestamp="2019-08-08T12:52:32.924" intervalms="69.596" />
<gc-start id="1806" type="partial gc" contextid="1805" timestamp="2019-08-08T12:52:32.927">
  <mem-info id="1807" free="62914560" total="199229440" percent="31">
    <mem type="eden" free="2096744" total="58720256" percent="3" />
    <remembered-set count="2944" freebytes="7953024" totalbytes="7964800" percent="99" regionsoverflowed="0" regionsstable="9" regionsrebuilding="0"/>
  </mem-info>
</gc-start>
<allocation-stats totalBytes="56593288" >
  <allocated-bytes non-tlh="0" tlh="56593288" arrayletleaf="0"/>
  <largest-consumer threadName="main" threadId="00000000018B4F00" bytes="56593288" />
</allocation-stats>
<gc-op id="1808" type="copy forward" timems="37.989" contextid="1805" timestamp="2019-08-08T12:52:32.969">
  <memory-copied type="eden" objects="6" bytes="272" bytesdiscarded="0" />
  <memory-copied type="other" objects="0" bytes="0" bytesdiscarded="0" />
  <memory-cardclean objects="13" bytes="456" />
  <regions eden="27" other="1" />
  <remembered-set-cleared processed="490" cleared="0" durationms="0.963" />
  <stringconstants candidates="13838" cleared="0"  />
</gc-op>
<gc-op id="1809" type="classunload" timems="0.017" contextid="1805" timestamp="2019-08-08T12:52:32.969">
  <classunload-info classloadercandidates="54" classloadersunloaded="0" classesunloaded="0" anonymousclassesunloaded="0" quiescems="0.000" setupms="0.017" scanms="0.000" postms="0.000" />
</gc-op>
<gc-end id="1810" type="partial gc" contextid="1805" durationms="42.343" usertimems="21.493" systemtimems="16.079" timestamp="2019-08-08T12:52:32.970" activeThreads="16">
  <mem-info id="1811" free="119537664" total="199229440" percent="60">
    <mem type="eden" free="2096880" total="2097152" percent="99" />
    <remembered-set count="3424" freebytes="7951104" totalbytes="7964800" percent="99" regionsoverflowed="0" regionsstable="9" regionsrebuilding="0"/>
  </mem-info>
</gc-end>
<cycle-end id="1812" type="partial gc" contextid="1805" timestamp="2019-08-08T12:52:32.970" />
  <attribute name="elasticGC enabled" value="1" />
  <attribute name= "numThreadsSpecified" value="16" />
  <attribute name="heapSize specified" value="0" />
  <attribute name="Current GC Util" value="63" />
  <attribute name= "Current Time Running" value="184316" />
  <attribute name ="GC Interval" value="0" />
  <attribute name="Target GC Util Change" value ="80.000000" />
  <attribute name="Current GC Util Change" value="63.000000"/>
  <attribute name="Current Error" value="-133.000000" />
  <attribute name="Output H" value="199304968"/>
  <attribute name="Output I" value="1776"/>
  <attribute name="Output T" value="16"/>
  <attribute name= "Current Time Running" value="184316" />
  <attribute name="GC Util currently" value="63" />
  <attribute name="CPU Util currently" value="418456555070" />
<exclusive-end id="1813" timestamp="2019-08-08T12:52:32.970" durationms="46.532" />

<exclusive-start id="1814" timestamp="2019-08-08T12:52:32.999" intervalms="75.801">
  <response-info timems="0.028" idlems="0.028" threads="0" lastid="00000000018B4F00" lastname="main" />
</exclusive-start>
<allocation-taxation id="1815" taxation-threshold="56623104" timestamp="2019-08-08T12:52:32.999" intervalms="75.865" />
<cycle-start id="1816" type="partial gc" contextid="0" timestamp="2019-08-08T12:52:32.999" intervalms="75.823" />
<gc-start id="1817" type="partial gc" contextid="1816" timestamp="2019-08-08T12:52:33.000">
  <mem-info id="1818" free="62914560" total="199229440" percent="31">
    <mem type="eden" free="2096880" total="58720256" percent="3" />
    <remembered-set count="3424" freebytes="7951104" totalbytes="7964800" percent="99" regionsoverflowed="0" regionsstable="9" regionsrebuilding="0"/>
  </mem-info>
</gc-start>
<allocation-stats totalBytes="56586928" >
  <allocated-bytes non-tlh="0" tlh="56586928" arrayletleaf="0"/>
  <largest-consumer threadName="main" threadId="00000000018B4F00" bytes="56586928" />
</allocation-stats>
<gc-op id="1819" type="copy forward" timems="87.861" contextid="1816" timestamp="2019-08-08T12:52:33.095">
  <memory-copied type="eden" objects="28" bytes="1192" bytesdiscarded="1016" />
  <memory-copied type="other" objects="0" bytes="0" bytesdiscarded="0" />
  <memory-cardclean objects="69" bytes="2112" />
  <regions eden="27" other="1" />
  <remembered-set-cleared processed="490" cleared="8" durationms="0.950" />
  <stringconstants candidates="13838" cleared="0"  />
</gc-op>
<gc-op id="1820" type="classunload" timems="0.015" contextid="1816" timestamp="2019-08-08T12:52:33.095">
  <classunload-info classloadercandidates="54" classloadersunloaded="0" classesunloaded="0" anonymousclassesunloaded="0" quiescems="0.000" setupms="0.014" scanms="0.000" postms="0.000" />
</gc-op>
<gc-end id="1821" type="partial gc" contextid="1816" durationms="95.760" usertimems="42.170" systemtimems="31.303" timestamp="2019-08-08T12:52:33.096" activeThreads="16">
  <mem-info id="1822" free="119537664" total="199229440" percent="60">
    <mem type="eden" free="2094944" total="2097152" percent="99" />
    <remembered-set count="4256" freebytes="7947776" totalbytes="7964800" percent="99" regionsoverflowed="0" regionsstable="9" regionsrebuilding="0"/>
  </mem-info>
</gc-end>
<cycle-end id="1823" type="partial gc" contextid="1816" timestamp="2019-08-08T12:52:33.096" />
  <attribute name="elasticGC enabled" value="1" />
  <attribute name= "numThreadsSpecified" value="16" />
  <attribute name="heapSize specified" value="0" />
  <attribute name="Current GC Util" value="76" />
  <attribute name= "Current Time Running" value="184392" />
  <attribute name ="GC Interval" value="0" />
  <attribute name="Target GC Util Change" value ="80.000000" />
  <attribute name="Current GC Util Change" value="76.000000"/>
  <attribute name="Current Error" value="33.000000" />
  <attribute name="Output H" value="199305160"/>
  <attribute name="Output I" value="2072"/>
  <attribute name="Output T" value="16"/>
  <attribute name= "Current Time Running" value="184392" />
  <attribute name="GC Util currently" value="76" />
  <attribute name="CPU Util currently" value="158438584813" />
<exclusive-end id="1824" timestamp="2019-08-08T12:52:33.096" durationms="96.557" />

<exclusive-start id="1825" timestamp="2019-08-08T12:52:33.157" intervalms="157.738">
  <response-info timems="0.028" idlems="0.028" threads="0" lastid="00000000018B4F00" lastname="main" />
</exclusive-start>
<allocation-taxation id="1826" taxation-threshold="56623104" timestamp="2019-08-08T12:52:33.157" intervalms="157.681" />
<cycle-start id="1827" type="partial gc" contextid="0" timestamp="2019-08-08T12:52:33.157" intervalms="157.619" />
<gc-start id="1828" type="partial gc" contextid="1827" timestamp="2019-08-08T12:52:33.157">
  <mem-info id="1829" free="62914560" total="199229440" percent="31">
    <mem type="eden" free="0" total="56623104" percent="0" />
    <remembered-set count="3104" freebytes="7952384" totalbytes="7964800" percent="99" regionsoverflowed="0" regionsstable="10" regionsrebuilding="0"/>
  </mem-info>
</gc-start>
<allocation-stats totalBytes="56570784" >
  <allocated-bytes non-tlh="0" tlh="56570784" arrayletleaf="0"/>
  <largest-consumer threadName="main" threadId="00000000018B4F00" bytes="56570784" />
</allocation-stats>
<gc-op id="1830" type="copy forward" timems="22.377" contextid="1827" timestamp="2019-08-08T12:52:33.182">
  <memory-copied type="eden" objects="6" bytes="256" bytesdiscarded="0" />
  <memory-copied type="other" objects="22" bytes="944" bytesdiscarded="1016" />
  <memory-cardclean objects="46" bytes="1680" />
  <regions eden="27" other="1" />
  <remembered-set-cleared processed="124" cleared="6" durationms="0.161" />
  <stringconstants candidates="13838" cleared="0"  />
</gc-op>
<gc-op id="1831" type="classunload" timems="0.016" contextid="1827" timestamp="2019-08-08T12:52:33.182">
  <classunload-info classloadercandidates="54" classloadersunloaded="0" classesunloaded="0" anonymousclassesunloaded="0" quiescems="0.000" setupms="0.015" scanms="0.000" postms="0.000" />
</gc-op>
<heap-resize id="1832" type="expand" space="default" amount="6291456" count="1" timems="0.107" reason="excessive time being spent in gc" timestamp="2019-08-08T12:52:33.183" />
<gc-end id="1833" type="partial gc" contextid="1827" durationms="26.644" usertimems="23.373" systemtimems="9.194" timestamp="2019-08-08T12:52:33.184" activeThreads="16">
  <mem-info id="1834" free="123731968" total="205520896" percent="60">
    <mem type="eden" free="2096896" total="2097152" percent="99" />
    <remembered-set count="4608" freebytes="8197888" totalbytes="8216320" percent="99" regionsoverflowed="0" regionsstable="10" regionsrebuilding="0"/>
  </mem-info>
</gc-end>
<cycle-end id="1835" type="partial gc" contextid="1827" timestamp="2019-08-08T12:52:33.185" />
  <attribute name="elasticGC enabled" value="1" />
  <attribute name= "numThreadsSpecified" value="16" />
  <attribute name="heapSize specified" value="0" />
  <attribute name="Current GC Util" value="49" />
  <attribute name= "Current Time Running" value="184544" />
  <attribute name ="GC Interval" value="0" />
  <attribute name="Target GC Util Change" value ="80.000000" />
  <attribute name="Current GC Util Change" value="49.000000"/>
  <attribute name="Current Error" value="99.000000" />
  <attribute name="Output H" value="199305240"/>
  <attribute name="Output I" value="2184"/>
  <attribute name="Output T" value="16"/>
  <attribute name= "Current Time Running" value="184544" />
  <attribute name="GC Util currently" value="49" />
  <attribute name="CPU Util currently" value="861222090036" />
<exclusive-end id="1836" timestamp="2019-08-08T12:52:33.185" durationms="28.043" />

<exclusive-start id="1837" timestamp="2019-08-08T12:52:33.271" intervalms="114.128">
  <response-info timems="0.020" idlems="0.020" threads="0" lastid="00000000018B4F00" lastname="main" />
</exclusive-start>
<allocation-taxation id="1838" taxation-threshold="58720256" timestamp="2019-08-08T12:52:33.271" intervalms="114.120" />
<cycle-start id="1839" type="partial gc" contextid="0" timestamp="2019-08-08T12:52:33.271" intervalms="114.103" />
<gc-start id="1840" type="partial gc" contextid="1839" timestamp="2019-08-08T12:52:33.272">
  <mem-info id="1841" free="65011712" total="205520896" percent="31">
    <mem type="eden" free="2096896" total="60817408" percent="3" />
    <remembered-set count="4128" freebytes="8199808" totalbytes="8216320" percent="99" regionsoverflowed="0" regionsstable="10" regionsrebuilding="0"/>
  </mem-info>
</gc-start>
<allocation-stats totalBytes="58698456" >
  <allocated-bytes non-tlh="0" tlh="58698456" arrayletleaf="0"/>
  <largest-consumer threadName="main" threadId="00000000018B4F00" bytes="58698456" />
</allocation-stats>
<gc-op id="1842" type="copy forward" timems="29.504" contextid="1839" timestamp="2019-08-08T12:52:33.303">
  <memory-copied type="eden" objects="47" bytes="2112" bytesdiscarded="1008" />
  <memory-copied type="other" objects="0" bytes="0" bytesdiscarded="0" />
  <memory-cardclean objects="72" bytes="2176" />
  <regions eden="28" other="1" />
  <remembered-set-cleared processed="129" cleared="8" durationms="1.968" />
  <stringconstants candidates="13838" cleared="0"  />
</gc-op>
<gc-op id="1843" type="classunload" timems="0.011" contextid="1839" timestamp="2019-08-08T12:52:33.303">
  <classunload-info classloadercandidates="54" classloadersunloaded="0" classesunloaded="0" anonymousclassesunloaded="0" quiescems="0.000" setupms="0.010" scanms="0.000" postms="0.000" />
</gc-op>
<gc-end id="1844" type="partial gc" contextid="1839" durationms="31.589" usertimems="15.799" systemtimems="11.096" timestamp="2019-08-08T12:52:33.303" activeThreads="16">
  <mem-info id="1845" free="123731968" total="205520896" percent="60">
    <mem type="eden" free="2094032" total="2097152" percent="99" />
    <remembered-set count="4192" freebytes="8199552" totalbytes="8216320" percent="99" regionsoverflowed="0" regionsstable="10" regionsrebuilding="0"/>
  </mem-info>
</gc-end>
<cycle-end id="1846" type="partial gc" contextid="1839" timestamp="2019-08-08T12:52:33.303" />
  <attribute name="elasticGC enabled" value="1" />
  <attribute name= "numThreadsSpecified" value="16" />
  <attribute name="heapSize specified" value="0" />
  <attribute name="Current GC Util" value="82" />
  <attribute name= "Current Time Running" value="184658" />
  <attribute name ="GC Interval" value="0" />
  <attribute name="Target GC Util Change" value ="80.000000" />
  <attribute name="Current GC Util Change" value="82.000000"/>
  <attribute name="Current Error" value="149.000000" />
  <attribute name="Output H" value="205596752"/>
  <attribute name="Output I" value="2280"/>
  <attribute name="Output T" value="16"/>
  <attribute name= "Current Time Running" value="184658" />
  <attribute name="GC Util currently" value="82" />
  <attribute name="CPU Util currently" value="937897255925" />
<exclusive-end id="1847" timestamp="2019-08-08T12:52:33.303" durationms="32.259" />

<exclusive-start id="1848" timestamp="2019-08-08T12:52:33.657" intervalms="385.513">
  <response-info timems="0.024" idlems="0.024" threads="0" lastid="00000000018B4F00" lastname="main" />
</exclusive-start>
<allocation-taxation id="1849" taxation-threshold="58720256" timestamp="2019-08-08T12:52:33.657" intervalms="385.692" />
<cycle-start id="1850" type="partial gc" contextid="0" timestamp="2019-08-08T12:52:33.657" intervalms="385.795" />
<gc-start id="1851" type="partial gc" contextid="1850" timestamp="2019-08-08T12:52:33.657">
  <mem-info id="1852" free="65011712" total="205520896" percent="31">
    <mem type="eden" free="0" total="58720256" percent="0" />
    <remembered-set count="3712" freebytes="8201472" totalbytes="8216320" percent="99" regionsoverflowed="0" regionsstable="10" regionsrebuilding="0"/>
  </mem-info>
</gc-start>
<allocation-stats totalBytes="57599456" >
  <allocated-bytes non-tlh="0" tlh="57599456" arrayletleaf="0"/>
  <largest-consumer threadName="main" threadId="00000000018B4F00" bytes="57599456" />
</allocation-stats>
<gc-op id="1853" type="copy forward" timems="41.997" contextid="1850" timestamp="2019-08-08T12:52:33.700">
  <memory-copied type="eden" objects="67" bytes="35736" bytesdiscarded="48" />
  <memory-copied type="other" objects="11" bytes="544" bytesdiscarded="1008" />
  <memory-cardclean objects="111" bytes="3160" />
  <regions eden="28" other="1" />
  <remembered-set-cleared processed="127" cleared="8" durationms="0.981" />
  <stringconstants candidates="13838" cleared="0"  />
</gc-op>
<gc-op id="1854" type="classunload" timems="0.008" contextid="1850" timestamp="2019-08-08T12:52:33.700">
  <classunload-info classloadercandidates="54" classloadersunloaded="0" classesunloaded="0" anonymousclassesunloaded="0" quiescems="0.000" setupms="0.008" scanms="0.000" postms="0.000" />
</gc-op>
<heap-resize id="1855" type="expand" space="default" amount="4194304" count="1" timems="0.085" reason="excessive time being spent in gc" timestamp="2019-08-08T12:52:33.701" />
<gc-end id="1856" type="partial gc" contextid="1850" durationms="43.367" usertimems="37.220" systemtimems="0.000" timestamp="2019-08-08T12:52:33.701" activeThreads="16">
  <mem-info id="1857" free="125829120" total="209715200" percent="60">
    <mem type="eden" free="2061368" total="2097152" percent="98" />
    <remembered-set count="4192" freebytes="8367232" totalbytes="8384000" percent="99" regionsoverflowed="0" regionsstable="10" regionsrebuilding="0"/>
  </mem-info>
</gc-end>
<cycle-end id="1858" type="partial gc" contextid="1850" timestamp="2019-08-08T12:52:33.701" />
  <attribute name="elasticGC enabled" value="1" />
  <attribute name= "numThreadsSpecified" value="16" />
  <attribute name="heapSize specified" value="0" />
  <attribute name="Current GC Util" value="86" />
  <attribute name= "Current Time Running" value="185043" />
  <attribute name ="GC Interval" value="0" />
  <attribute name="Target GC Util Change" value ="80.000000" />
  <attribute name="Current GC Util Change" value="86.000000"/>
  <attribute name="Current Error" value="68.000000" />
  <attribute name="Output H" value="205596656"/>
  <attribute name="Output I" value="2136"/>
  <attribute name="Output T" value="16"/>
  <attribute name= "Current Time Running" value="185043" />
  <attribute name="GC Util currently" value="86" />
  <attribute name="CPU Util currently" value="1707257830537" />
<exclusive-end id="1859" timestamp="2019-08-08T12:52:33.701" durationms="44.593" />

<exclusive-start id="1860" timestamp="2019-08-08T12:52:33.854" intervalms="197.773">
  <response-info timems="0.017" idlems="0.017" threads="0" lastid="00000000018B4F00" lastname="main" />
</exclusive-start>
<allocation-taxation id="1861" taxation-threshold="58720256" timestamp="2019-08-08T12:52:33.854" intervalms="197.606" />
<cycle-start id="1862" type="partial gc" contextid="0" timestamp="2019-08-08T12:52:33.855" intervalms="197.572" />
<gc-start id="1863" type="partial gc" contextid="1862" timestamp="2019-08-08T12:52:33.855">
  <mem-info id="1864" free="67108864" total="209715200" percent="32">
    <mem type="eden" free="0" total="58720256" percent="0" />
    <remembered-set count="3744" freebytes="8369024" totalbytes="8384000" percent="99" regionsoverflowed="0" regionsstable="10" regionsrebuilding="0"/>
  </mem-info>
</gc-start>
<allocation-stats totalBytes="58715336" >
  <allocated-bytes non-tlh="0" tlh="58715336" arrayletleaf="0"/>
  <largest-consumer threadName="main" threadId="00000000018B4F00" bytes="58715336" />
</allocation-stats>
<gc-op id="1865" type="copy forward" timems="18.193" contextid="1862" timestamp="2019-08-08T12:52:33.875">
  <memory-copied type="eden" objects="131" bytes="7328" bytesdiscarded="696" />
  <memory-copied type="other" objects="36" bytes="816" bytesdiscarded="192" />
  <memory-cardclean objects="91" bytes="2608" />
  <regions eden="28" other="1" />
  <remembered-set-cleared processed="129" cleared="8" durationms="0.332" />
  <stringconstants candidates="13838" cleared="0"  />
</gc-op>
<gc-op id="1866" type="classunload" timems="0.009" contextid="1862" timestamp="2019-08-08T12:52:33.875">
  <classunload-info classloadercandidates="54" classloadersunloaded="0" classesunloaded="0" anonymousclassesunloaded="0" quiescems="0.000" setupms="0.009" scanms="0.000" postms="0.000" />
</gc-op>
<heap-resize id="1867" type="expand" space="default" amount="6291456" count="1" timems="0.093" reason="excessive time being spent in gc" timestamp="2019-08-08T12:52:33.875" />
<gc-end id="1868" type="partial gc" contextid="1862" durationms="19.721" usertimems="34.386" systemtimems="0.000" timestamp="2019-08-08T12:52:33.875" activeThreads="16">
  <mem-info id="1869" free="130023424" total="216006656" percent="60">
    <mem type="eden" free="2089128" total="2097152" percent="99" />
    <remembered-set count="3744" freebytes="8620544" totalbytes="8635520" percent="99" regionsoverflowed="0" regionsstable="10" regionsrebuilding="0"/>
  </mem-info>
</gc-end>
<cycle-end id="1870" type="partial gc" contextid="1862" timestamp="2019-08-08T12:52:33.875" />
  <attribute name="elasticGC enabled" value="1" />
  <attribute name= "numThreadsSpecified" value="16" />
  <attribute name="heapSize specified" value="0" />
  <attribute name="Current GC Util" value="136" />
  <attribute name= "Current Time Running" value="185241" />
  <attribute name ="GC Interval" value="0" />
  <attribute name="Target GC Util Change" value ="80.000000" />
  <attribute name="Current GC Util Change" value="136.000000"/>
  <attribute name="Current Error" value="74.000000" />
  <attribute name="Output H" value="209790968"/>
  <attribute name="Output I" value="2144"/>
  <attribute name="Output T" value="16"/>
  <attribute name= "Current Time Running" value="185241" />
  <attribute name="GC Util currently" value="136" />
  <attribute name="CPU Util currently" value="1318685498054" />
<exclusive-end id="1871" timestamp="2019-08-08T12:52:33.875" durationms="20.759" />

<exclusive-start id="1872" timestamp="2019-08-08T12:52:34.116" intervalms="262.022">
  <response-info timems="0.019" idlems="0.019" threads="0" lastid="00000000018B4F00" lastname="main" />
</exclusive-start>
<allocation-taxation id="1873" taxation-threshold="60817408" timestamp="2019-08-08T12:52:34.117" intervalms="262.054" />
<cycle-start id="1874" type="partial gc" contextid="0" timestamp="2019-08-08T12:52:34.117" intervalms="262.095" />
<gc-start id="1875" type="partial gc" contextid="1874" timestamp="2019-08-08T12:52:34.117">
  <mem-info id="1876" free="69206016" total="216006656" percent="32">
    <mem type="eden" free="0" total="60817408" percent="0" />
    <remembered-set count="3264" freebytes="8622464" totalbytes="8635520" percent="99" regionsoverflowed="0" regionsstable="10" regionsrebuilding="0"/>
  </mem-info>
</gc-start>
<allocation-stats totalBytes="60810128" >
  <allocated-bytes non-tlh="0" tlh="60810128" arrayletleaf="0"/>
  <largest-consumer threadName="main" threadId="00000000018B4F00" bytes="60810128" />
</allocation-stats>
<gc-op id="1877" type="copy forward" timems="60.966" contextid="1874" timestamp="2019-08-08T12:52:34.179">
  <memory-copied type="eden" objects="67" bytes="2056" bytesdiscarded="912" />
  <memory-copied type="other" objects="6" bytes="136" bytesdiscarded="672" />
  <memory-cardclean objects="98" bytes="2848" />
  <regions eden="29" other="1" />
  <remembered-set-cleared processed="133" cleared="9" durationms="0.142" />
  <stringconstants candidates="13838" cleared="0"  />
</gc-op>
<gc-op id="1878" type="classunload" timems="0.014" contextid="1874" timestamp="2019-08-08T12:52:34.179">
  <classunload-info classloadercandidates="54" classloadersunloaded="0" classesunloaded="0" anonymousclassesunloaded="0" quiescems="0.000" setupms="0.013" scanms="0.000" postms="0.000" />
</gc-op>
<gc-end id="1879" type="partial gc" contextid="1874" durationms="62.450" usertimems="56.026" systemtimems="0.000" timestamp="2019-08-08T12:52:34.179" activeThreads="16">
  <mem-info id="1880" free="127926272" total="216006656" percent="59">
    <mem type="eden" free="2094184" total="2097152" percent="99" />
    <remembered-set count="4512" freebytes="8617472" totalbytes="8635520" percent="99" regionsoverflowed="0" regionsstable="10" regionsrebuilding="0"/>
  </mem-info>
</gc-end>
<cycle-end id="1881" type="partial gc" contextid="1874" timestamp="2019-08-08T12:52:34.180" />
  <attribute name="elasticGC enabled" value="1" />
  <attribute name= "numThreadsSpecified" value="16" />
  <attribute name="heapSize specified" value="0" />
  <attribute name="Current GC Util" value="91" />
  <attribute name= "Current Time Running" value="185503" />
  <attribute name ="GC Interval" value="0" />
  <attribute name="Target GC Util Change" value ="80.000000" />
  <attribute name="Current GC Util Change" value="91.000000"/>
  <attribute name="Current Error" value="131.000000" />
  <attribute name="Output H" value="216082488"/>
  <attribute name="Output I" value="2248"/>
  <attribute name="Output T" value="16"/>
  <attribute name= "Current Time Running" value="185503" />
  <attribute name="GC Util currently" value="91" />
  <attribute name="CPU Util currently" value="1356188317157" />
<exclusive-end id="1882" timestamp="2019-08-08T12:52:34.180" durationms="63.283" />

<exclusive-start id="1883" timestamp="2019-08-08T12:52:34.324" intervalms="207.237">
  <response-info timems="0.018" idlems="0.018" threads="0" lastid="00000000018B4F00" lastname="main" />
</exclusive-start>
<allocation-taxation id="1884" taxation-threshold="60817408" timestamp="2019-08-08T12:52:34.324" intervalms="207.190" />
<cycle-start id="1885" type="partial gc" contextid="0" timestamp="2019-08-08T12:52:34.324" intervalms="207.084" />
<gc-start id="1886" type="partial gc" contextid="1885" timestamp="2019-08-08T12:52:34.324">
  <mem-info id="1887" free="67108864" total="216006656" percent="31">
    <mem type="eden" free="0" total="60817408" percent="0" />
    <remembered-set count="4064" freebytes="8619264" totalbytes="8635520" percent="99" regionsoverflowed="0" regionsstable="10" regionsrebuilding="0"/>
  </mem-info>
</gc-start>
<allocation-stats totalBytes="60799152" >
  <allocated-bytes non-tlh="0" tlh="60799152" arrayletleaf="0"/>
  <largest-consumer threadName="main" threadId="00000000018B4F00" bytes="60799152" />
</allocation-stats>
<gc-op id="1888" type="copy forward" timems="56.640" contextid="1885" timestamp="2019-08-08T12:52:34.382">
  <memory-copied type="eden" objects="37" bytes="1472" bytesdiscarded="648" />
  <memory-copied type="other" objects="28" bytes="712" bytesdiscarded="984" />
  <memory-cardclean objects="92" bytes="2800" />
  <regions eden="29" other="1" />
  <remembered-set-cleared processed="134" cleared="9" durationms="0.159" />
  <stringconstants candidates="13838" cleared="0"  />
</gc-op>
<gc-op id="1889" type="classunload" timems="0.015" contextid="1885" timestamp="2019-08-08T12:52:34.382">
  <classunload-info classloadercandidates="54" classloadersunloaded="0" classesunloaded="0" anonymousclassesunloaded="0" quiescems="0.000" setupms="0.015" scanms="0.000" postms="0.000" />
</gc-op>
<heap-resize id="1890" type="expand" space="default" amount="10485760" count="1" timems="0.139" reason="excessive time being spent in gc" timestamp="2019-08-08T12:52:34.383" />
<gc-end id="1891" type="partial gc" contextid="1885" durationms="58.774" usertimems="69.742" systemtimems="3.299" timestamp="2019-08-08T12:52:34.383" activeThreads="16">
  <mem-info id="1892" free="136314880" total="226492416" percent="60">
    <mem type="eden" free="2095032" total="2097152" percent="99" />
    <remembered-set count="4512" freebytes="9036672" totalbytes="9054720" percent="99" regionsoverflowed="0" regionsstable="10" regionsrebuilding="0"/>
  </mem-info>
</gc-end>
<cycle-end id="1893" type="partial gc" contextid="1885" timestamp="2019-08-08T12:52:34.383" />
  <attribute name="elasticGC enabled" value="1" />
  <attribute name= "numThreadsSpecified" value="16" />
  <attribute name="heapSize specified" value="0" />
  <attribute name="Current GC Util" value="177" />
  <attribute name= "Current Time Running" value="185710" />
  <attribute name ="GC Interval" value="0" />
  <attribute name="Target GC Util Change" value ="80.000000" />
  <attribute name="Current GC Util Change" value="177.000000"/>
  <attribute name="Current Error" value="-43.000000" />
  <attribute name="Output H" value="216082288"/>
  <attribute name="Output I" value="1936"/>
  <attribute name="Output T" value="16"/>
  <attribute name= "Current Time Running" value="185710" />
  <attribute name="GC Util currently" value="177" />
  <attribute name="CPU Util currently" value="974914704539" />
<exclusive-end id="1894" timestamp="2019-08-08T12:52:34.383" durationms="59.707" />

<exclusive-start id="1895" timestamp="2019-08-08T12:52:34.545" intervalms="221.777">
  <response-info timems="0.024" idlems="0.024" threads="0" lastid="00000000018B4F00" lastname="main" />
</exclusive-start>
<allocation-taxation id="1896" taxation-threshold="62914560" timestamp="2019-08-08T12:52:34.545" intervalms="221.768" />
<cycle-start id="1897" type="partial gc" contextid="0" timestamp="2019-08-08T12:52:34.546" intervalms="221.808" />
<gc-start id="1898" type="partial gc" contextid="1897" timestamp="2019-08-08T12:52:34.546">
  <mem-info id="1899" free="73400320" total="226492416" percent="32">
    <mem type="eden" free="0" total="62914560" percent="0" />
    <remembered-set count="4032" freebytes="9038592" totalbytes="9054720" percent="99" regionsoverflowed="0" regionsstable="10" regionsrebuilding="0"/>
  </mem-info>
</gc-start>
<allocation-stats totalBytes="62904392" >
  <allocated-bytes non-tlh="0" tlh="62904392" arrayletleaf="0"/>
  <largest-consumer threadName="main" threadId="00000000018B4F00" bytes="62904392" />
</allocation-stats>
<gc-op id="1900" type="copy forward" timems="57.011" contextid="1897" timestamp="2019-08-08T12:52:34.617">
  <memory-copied type="eden" objects="36" bytes="1048" bytesdiscarded="1336" />
  <memory-copied type="other" objects="7" bytes="184" bytesdiscarded="1448" />
  <memory-cardclean objects="99" bytes="3176" />
  <regions eden="30" other="1" />
  <remembered-set-cleared processed="138" cleared="5" durationms="5.248" />
  <stringconstants candidates="13838" cleared="0"  />
</gc-op>
<gc-op id="1901" type="classunload" timems="0.012" contextid="1897" timestamp="2019-08-08T12:52:34.617">
  <classunload-info classloadercandidates="54" classloadersunloaded="0" classesunloaded="0" anonymousclassesunloaded="0" quiescems="0.000" setupms="0.012" scanms="0.000" postms="0.000" />
</gc-op>
<heap-resize id="1902" type="expand" space="default" amount="4194304" count="1" timems="0.083" reason="excessive time being spent in gc" timestamp="2019-08-08T12:52:34.618" />
<gc-end id="1903" type="partial gc" contextid="1897" durationms="72.212" usertimems="50.478" systemtimems="11.163" timestamp="2019-08-08T12:52:34.618" activeThreads="16">
  <mem-info id="1904" free="138412032" total="230686720" percent="60">
    <mem type="eden" free="2094768" total="2097152" percent="99" />
    <remembered-set count="4224" freebytes="9205504" totalbytes="9222400" percent="99" regionsoverflowed="0" regionsstable="10" regionsrebuilding="0"/>
  </mem-info>
</gc-end>
<cycle-end id="1905" type="partial gc" contextid="1897" timestamp="2019-08-08T12:52:34.618" />
  <attribute name="elasticGC enabled" value="1" />
  <attribute name= "numThreadsSpecified" value="16" />
  <attribute name="heapSize specified" value="0" />
  <attribute name="Current GC Util" value="53" />
  <attribute name= "Current Time Running" value="185945" />
  <attribute name ="GC Interval" value="0" />
  <attribute name="Target GC Util Change" value ="80.000000" />
  <attribute name="Current GC Util Change" value="53.000000"/>
  <attribute name="Current Error" value="32.000000" />
  <attribute name="Output H" value="226568136"/>
  <attribute name="Output I" value="2072"/>
  <attribute name="Output T" value="16"/>
  <attribute name= "Current Time Running" value="185945" />
  <attribute name="GC Util currently" value="53" />
  <attribute name="CPU Util currently" value="83648193079" />
<exclusive-end id="1906" timestamp="2019-08-08T12:52:34.619" durationms="73.156" />

<exclusive-start id="1907" timestamp="2019-08-08T12:52:34.790" intervalms="244.846">
  <response-info timems="0.019" idlems="0.019" threads="0" lastid="00000000018B4F00" lastname="main" />
</exclusive-start>
<allocation-taxation id="1908" taxation-threshold="65011712" timestamp="2019-08-08T12:52:34.790" intervalms="244.847" />
<cycle-start id="1909" type="partial gc" contextid="0" timestamp="2019-08-08T12:52:34.790" intervalms="244.856" />
<gc-start id="1910" type="partial gc" contextid="1909" timestamp="2019-08-08T12:52:34.791">
  <mem-info id="1911" free="73400320" total="230686720" percent="31">
    <mem type="eden" free="0" total="65011712" percent="0" />
    <remembered-set count="3808" freebytes="9207168" totalbytes="9222400" percent="99" regionsoverflowed="0" regionsstable="10" regionsrebuilding="0"/>
  </mem-info>
</gc-start>
<allocation-stats totalBytes="65002920" >
  <allocated-bytes non-tlh="0" tlh="65002920" arrayletleaf="0"/>
  <largest-consumer threadName="main" threadId="00000000018B4F00" bytes="65002920" />
</allocation-stats>
<gc-op id="1912" type="copy forward" timems="11.001" contextid="1909" timestamp="2019-08-08T12:52:34.803">
  <memory-copied type="eden" objects="27" bytes="808" bytesdiscarded="1296" />
  <memory-copied type="other" objects="12" bytes="272" bytesdiscarded="1296" />
  <memory-cardclean objects="112" bytes="3304" />
  <regions eden="31" other="1" />
  <remembered-set-cleared processed="141" cleared="7" durationms="0.309" />
  <stringconstants candidates="13838" cleared="0"  />
</gc-op>
<gc-op id="1913" type="classunload" timems="0.009" contextid="1909" timestamp="2019-08-08T12:52:34.803">
  <classunload-info classloadercandidates="54" classloadersunloaded="0" classesunloaded="0" anonymousclassesunloaded="0" quiescems="0.000" setupms="0.009" scanms="0.000" postms="0.000" />
</gc-op>
<heap-resize id="1914" type="expand" space="default" amount="6291456" count="1" timems="0.086" reason="excessive time being spent in gc" timestamp="2019-08-08T12:52:34.803" />
<gc-end id="1915" type="partial gc" contextid="1909" durationms="12.731" usertimems="22.061" systemtimems="0.000" timestamp="2019-08-08T12:52:34.803" activeThreads="16">
  <mem-info id="1916" free="142606336" total="236978176" percent="60">
    <mem type="eden" free="2095048" total="2097152" percent="99" />
    <remembered-set count="5888" freebytes="9450368" totalbytes="9473920" percent="99" regionsoverflowed="0" regionsstable="10" regionsrebuilding="0"/>
  </mem-info>
</gc-end>
<cycle-end id="1917" type="partial gc" contextid="1909" timestamp="2019-08-08T12:52:34.804" />
  <attribute name="elasticGC enabled" value="1" />
  <attribute name= "numThreadsSpecified" value="16" />
  <attribute name="heapSize specified" value="0" />
  <attribute name="Current GC Util" value="147" />
  <attribute name= "Current Time Running" value="186177" />
  <attribute name ="GC Interval" value="0" />
  <attribute name="Target GC Util Change" value ="80.000000" />
  <attribute name="Current GC Util Change" value="147.000000"/>
  <attribute name="Current Error" value="22.000000" />
  <attribute name="Output H" value="230762432"/>
  <attribute name="Output I" value="2048"/>
  <attribute name="Output T" value="16"/>
  <attribute name= "Current Time Running" value="186177" />
  <attribute name="GC Util currently" value="147" />
  <attribute name="CPU Util currently" value="1593088667602" />
<exclusive-end id="1918" timestamp="2019-08-08T12:52:34.804" durationms="13.448" />

<exclusive-start id="1919" timestamp="2019-08-08T12:52:35.304" intervalms="513.816">
  <response-info timems="0.020" idlems="0.020" threads="0" lastid="00000000018B4F00" lastname="main" />
</exclusive-start>
<allocation-taxation id="1920" taxation-threshold="67108864" timestamp="2019-08-08T12:52:35.304" intervalms="513.868" />
<cycle-start id="1921" type="partial gc" contextid="0" timestamp="2019-08-08T12:52:35.305" intervalms="514.072" />
<gc-start id="1922" type="partial gc" contextid="1921" timestamp="2019-08-08T12:52:35.305">
  <mem-info id="1923" free="75497472" total="236978176" percent="31">
    <mem type="eden" free="0" total="67108864" percent="0" />
    <remembered-set count="5408" freebytes="9452288" totalbytes="9473920" percent="99" regionsoverflowed="0" regionsstable="10" regionsrebuilding="0"/>
  </mem-info>
</gc-start>
<allocation-stats totalBytes="67105352" >
  <allocated-bytes non-tlh="0" tlh="67105352" arrayletleaf="0"/>
  <largest-consumer threadName="main" threadId="00000000018B4F00" bytes="67105352" />
</allocation-stats>
<gc-op id="1924" type="copy forward" timems="10.386" contextid="1921" timestamp="2019-08-08T12:52:35.318">
  <memory-copied type="eden" objects="50" bytes="1296" bytesdiscarded="480" />
  <memory-copied type="other" objects="12" bytes="272" bytesdiscarded="1344" />
  <memory-cardclean objects="103" bytes="2848" />
  <regions eden="32" other="1" />
  <remembered-set-cleared processed="144" cleared="7" durationms="0.149" />
  <stringconstants candidates="13838" cleared="0"  />
</gc-op>
<gc-op id="1925" type="classunload" timems="0.010" contextid="1921" timestamp="2019-08-08T12:52:35.318">
  <classunload-info classloadercandidates="54" classloadersunloaded="0" classesunloaded="0" anonymousclassesunloaded="0" quiescems="0.000" setupms="0.009" scanms="0.000" postms="0.000" />
</gc-op>
<heap-resize id="1926" type="expand" space="default" amount="4194304" count="1" timems="0.076" reason="excessive time being spent in gc" timestamp="2019-08-08T12:52:35.318" />
<gc-end id="1927" type="partial gc" contextid="1921" durationms="13.346" usertimems="5.444" systemtimems="15.928" timestamp="2019-08-08T12:52:35.318" activeThreads="16">
  <mem-info id="1928" free="144703488" total="241172480" percent="60">
    <mem type="eden" free="2095376" total="2097152" percent="99" />
    <remembered-set count="4960" freebytes="9621760" totalbytes="9641600" percent="99" regionsoverflowed="0" regionsstable="10" regionsrebuilding="0"/>
  </mem-info>
</gc-end>
<cycle-end id="1929" type="partial gc" contextid="1921" timestamp="2019-08-08T12:52:35.318" />
  <attribute name="elasticGC enabled" value="1" />
  <attribute name= "numThreadsSpecified" value="16" />
  <attribute name="heapSize specified" value="0" />
  <attribute name="Current GC Util" value="90" />
  <attribute name= "Current Time Running" value="186692" />
  <attribute name ="GC Interval" value="0" />
  <attribute name="Target GC Util Change" value ="80.000000" />
  <attribute name="Current GC Util Change" value="90.000000"/>
  <attribute name="Current Error" value="66.000000" />
  <attribute name="Output H" value="237053936"/>
  <attribute name="Output I" value="2128"/>
  <attribute name="Output T" value="16"/>
  <attribute name= "Current Time Running" value="186692" />
  <attribute name="GC Util currently" value="90" />
  <attribute name="CPU Util currently" value="562299495707" />
<exclusive-end id="1930" timestamp="2019-08-08T12:52:35.320" durationms="15.678" />

<exclusive-start id="1931" timestamp="2019-08-08T12:52:35.451" intervalms="146.807">
  <response-info timems="0.020" idlems="0.020" threads="0" lastid="00000000018B4F00" lastname="main" />
</exclusive-start>
<allocation-taxation id="1932" taxation-threshold="67108864" timestamp="2019-08-08T12:52:35.451" intervalms="146.801" />
<cycle-start id="1933" type="partial gc" contextid="0" timestamp="2019-08-08T12:52:35.451" intervalms="146.610" />
<gc-start id="1934" type="partial gc" contextid="1933" timestamp="2019-08-08T12:52:35.451">
  <mem-info id="1935" free="77594624" total="241172480" percent="32">
    <mem type="eden" free="0" total="67108864" percent="0" />
    <remembered-set count="4480" freebytes="9623680" totalbytes="9641600" percent="99" regionsoverflowed="0" regionsstable="10" regionsrebuilding="0"/>
  </mem-info>
</gc-start>
<allocation-stats totalBytes="67103808" >
  <allocated-bytes non-tlh="0" tlh="67103808" arrayletleaf="0"/>
  <largest-consumer threadName="main" threadId="00000000018B4F00" bytes="67103808" />
</allocation-stats>
<gc-op id="1936" type="copy forward" timems="87.237" contextid="1933" timestamp="2019-08-08T12:52:35.548">
  <memory-copied type="eden" objects="30" bytes="904" bytesdiscarded="680" />
  <memory-copied type="other" objects="36" bytes="816" bytesdiscarded="192" />
  <memory-cardclean objects="91" bytes="2600" />
  <regions eden="32" other="1" />
  <remembered-set-cleared processed="148" cleared="9" durationms="1.891" />
  <stringconstants candidates="13838" cleared="0"  />
</gc-op>
<gc-op id="1937" type="classunload" timems="0.014" contextid="1933" timestamp="2019-08-08T12:52:35.549">
  <classunload-info classloadercandidates="54" classloadersunloaded="0" classesunloaded="0" anonymousclassesunloaded="0" quiescems="0.000" setupms="0.013" scanms="0.000" postms="0.000" />
</gc-op>
<gc-end id="1938" type="partial gc" contextid="1933" durationms="97.285" usertimems="49.274" systemtimems="43.492" timestamp="2019-08-08T12:52:35.549" activeThreads="16">
  <mem-info id="1939" free="142606336" total="241172480" percent="59">
    <mem type="eden" free="2095568" total="2097152" percent="99" />
    <remembered-set count="4512" freebytes="9623552" totalbytes="9641600" percent="99" regionsoverflowed="0" regionsstable="10" regionsrebuilding="0"/>
  </mem-info>
</gc-end>
<cycle-end id="1940" type="partial gc" contextid="1933" timestamp="2019-08-08T12:52:35.549" />
  <attribute name="elasticGC enabled" value="1" />
  <attribute name= "numThreadsSpecified" value="16" />
  <attribute name="heapSize specified" value="0" />
  <attribute name="Current GC Util" value="71" />
  <attribute name= "Current Time Running" value="186846" />
  <attribute name ="GC Interval" value="0" />
  <attribute name="Target GC Util Change" value ="80.000000" />
  <attribute name="Current GC Util Change" value="71.000000"/>
  <attribute name="Current Error" value="142.000000" />
  <attribute name="Output H" value="241248328"/>
  <attribute name="Output I" value="2264"/>
  <attribute name="Output T" value="16"/>
  <attribute name= "Current Time Running" value="186846" />
  <attribute name="GC Util currently" value="71" />
  <attribute name="CPU Util currently" value="125959766263" />
<exclusive-end id="1941" timestamp="2019-08-08T12:52:35.549" durationms="98.456" />

<exclusive-start id="1942" timestamp="2019-08-08T12:52:35.772" intervalms="321.322">
  <response-info timems="0.021" idlems="0.021" threads="0" lastid="00000000018B4F00" lastname="main" />
</exclusive-start>
<allocation-taxation id="1943" taxation-threshold="67108864" timestamp="2019-08-08T12:52:35.772" intervalms="321.284" />
<cycle-start id="1944" type="partial gc" contextid="0" timestamp="2019-08-08T12:52:35.772" intervalms="321.300" />
<gc-start id="1945" type="partial gc" contextid="1944" timestamp="2019-08-08T12:52:35.773">
  <mem-info id="1946" free="75497472" total="241172480" percent="31">
    <mem type="eden" free="0" total="67108864" percent="0" />
    <remembered-set count="4064" freebytes="9625344" totalbytes="9641600" percent="99" regionsoverflowed="0" regionsstable="10" regionsrebuilding="0"/>
  </mem-info>
</gc-start>
<allocation-stats totalBytes="67104264" >
  <allocated-bytes non-tlh="0" tlh="67104264" arrayletleaf="0"/>
  <largest-consumer threadName="main" threadId="00000000018B4F00" bytes="67104264" />
</allocation-stats>
<gc-op id="1947" type="copy forward" timems="35.889" contextid="1944" timestamp="2019-08-08T12:52:35.814">
  <memory-copied type="eden" objects="26" bytes="808" bytesdiscarded="648" />
  <memory-copied type="other" objects="6" bytes="136" bytesdiscarded="648" />
  <memory-cardclean objects="60" bytes="1760" />
  <regions eden="32" other="1" />
  <remembered-set-cleared processed="151" cleared="6" durationms="0.198" />
  <stringconstants candidates="13838" cleared="0"  />
</gc-op>
<gc-op id="1948" type="classunload" timems="0.011" contextid="1944" timestamp="2019-08-08T12:52:35.814">
  <classunload-info classloadercandidates="54" classloadersunloaded="0" classesunloaded="0" anonymousclassesunloaded="0" quiescems="0.000" setupms="0.011" scanms="0.000" postms="0.000" />
</gc-op>
<gc-end id="1949" type="partial gc" contextid="1944" durationms="41.882" usertimems="20.458" systemtimems="31.612" timestamp="2019-08-08T12:52:35.815" activeThreads="16">
  <mem-info id="1950" free="140509184" total="241172480" percent="58">
    <mem type="eden" free="2095696" total="2097152" percent="99" />
    <remembered-set count="5152" freebytes="9620992" totalbytes="9641600" percent="99" regionsoverflowed="0" regionsstable="10" regionsrebuilding="0"/>
  </mem-info>
</gc-end>
<cycle-end id="1951" type="partial gc" contextid="1944" timestamp="2019-08-08T12:52:35.815" />
  <attribute name="elasticGC enabled" value="1" />
  <attribute name= "numThreadsSpecified" value="16" />
  <attribute name="heapSize specified" value="0" />
  <attribute name="Current GC Util" value="94" />
  <attribute name= "Current Time Running" value="187163" />
  <attribute name ="GC Interval" value="0" />
  <attribute name="Target GC Util Change" value ="80.000000" />
  <attribute name="Current GC Util Change" value="94.000000"/>
  <attribute name="Current Error" value="181.000000" />
  <attribute name="Output H" value="241248376"/>
  <attribute name="Output I" value="2336"/>
  <attribute name="Output T" value="16"/>
  <attribute name= "Current Time Running" value="187163" />
  <attribute name="GC Util currently" value="94" />
  <attribute name="CPU Util currently" value="211721202034" />
<exclusive-end id="1952" timestamp="2019-08-08T12:52:35.815" durationms="42.767" />

<exclusive-start id="1953" timestamp="2019-08-08T12:52:36.227" intervalms="455.151">
  <response-info timems="0.026" idlems="0.026" threads="0" lastid="00000000018B4F00" lastname="main" />
</exclusive-start>
<allocation-taxation id="1954" taxation-threshold="67108864" timestamp="2019-08-08T12:52:36.227" intervalms="455.147" />
<cycle-start id="1955" type="partial gc" contextid="0" timestamp="2019-08-08T12:52:36.228" intervalms="455.575" />
<gc-start id="1956" type="partial gc" contextid="1955" timestamp="2019-08-08T12:52:36.228">
  <mem-info id="1957" free="73400320" total="241172480" percent="30">
    <mem type="eden" free="0" total="67108864" percent="0" />
    <remembered-set count="4672" freebytes="9622912" totalbytes="9641600" percent="99" regionsoverflowed="0" regionsstable="10" regionsrebuilding="0"/>
  </mem-info>
</gc-start>
<allocation-stats totalBytes="67071632" >
  <allocated-bytes non-tlh="0" tlh="67071632" arrayletleaf="0"/>
  <largest-consumer threadName="main" threadId="00000000018B4F00" bytes="67071632" />
</allocation-stats>
<gc-op id="1958" type="copy forward" timems="48.617" contextid="1955" timestamp="2019-08-08T12:52:36.279">
  <memory-copied type="eden" objects="47" bytes="2024" bytesdiscarded="408" />
  <memory-copied type="other" objects="6" bytes="136" bytesdiscarded="648" />
  <memory-cardclean objects="77" bytes="2152" />
  <regions eden="32" other="1" />
  <remembered-set-cleared processed="153" cleared="6" durationms="1.727" />
  <stringconstants candidates="13838" cleared="0"  />
</gc-op>
<gc-op id="1959" type="classunload" timems="0.014" contextid="1955" timestamp="2019-08-08T12:52:36.279">
  <classunload-info classloadercandidates="54" classloadersunloaded="0" classesunloaded="0" anonymousclassesunloaded="0" quiescems="0.000" setupms="0.014" scanms="0.000" postms="0.000" />
</gc-op>
<heap-resize id="1960" type="expand" space="default" amount="16777216" count="1" timems="0.191" reason="excessive time being spent in gc" timestamp="2019-08-08T12:52:36.281" />
<gc-end id="1961" type="partial gc" contextid="1955" durationms="58.331" usertimems="31.500" systemtimems="41.056" timestamp="2019-08-08T12:52:36.287" activeThreads="16">
  <mem-info id="1962" free="155189248" total="257949696" percent="60">
    <mem type="eden" free="2094720" total="2097152" percent="99" />
    <remembered-set count="4704" freebytes="10293504" totalbytes="10312320" percent="99" regionsoverflowed="0" regionsstable="10" regionsrebuilding="0"/>
  </mem-info>
</gc-end>
<cycle-end id="1963" type="partial gc" contextid="1955" timestamp="2019-08-08T12:52:36.287" />
  <attribute name="elasticGC enabled" value="1" />
  <attribute name= "numThreadsSpecified" value="16" />
  <attribute name="heapSize specified" value="0" />
  <attribute name="Current GC Util" value="64" />
  <attribute name= "Current Time Running" value="187615" />
  <attribute name ="GC Interval" value="0" />
  <attribute name="Target GC Util Change" value ="80.000000" />
  <attribute name="Current GC Util Change" value="64.000000"/>
  <attribute name="Current Error" value="86.000000" />
  <attribute name="Output H" value="241248264"/>
  <attribute name="Output I" value="2168"/>
  <attribute name="Output T" value="16"/>
  <attribute name= "Current Time Running" value="187615" />
  <attribute name="GC Util currently" value="64" />
  <attribute name="CPU Util currently" value="607232859244" />
<exclusive-end id="1964" timestamp="2019-08-08T12:52:36.287" durationms="59.541" />

<exclusive-start id="1965" timestamp="2019-08-08T12:52:36.518" intervalms="290.133">
  <response-info timems="0.023" idlems="0.023" threads="0" lastid="00000000018B4F00" lastname="main" />
</exclusive-start>
<allocation-taxation id="1966" taxation-threshold="71303168" timestamp="2019-08-08T12:52:36.518" intervalms="290.134" />
<cycle-start id="1967" type="partial gc" contextid="0" timestamp="2019-08-08T12:52:36.518" intervalms="289.655" />
<gc-start id="1968" type="partial gc" contextid="1967" timestamp="2019-08-08T12:52:36.518">
  <mem-info id="1969" free="83886080" total="257949696" percent="32">
    <mem type="eden" free="0" total="71303168" percent="0" />
    <remembered-set count="4224" freebytes="10295424" totalbytes="10312320" percent="99" regionsoverflowed="0" regionsstable="10" regionsrebuilding="0"/>
  </mem-info>
</gc-start>
<allocation-stats totalBytes="71260552" >
  <allocated-bytes non-tlh="0" tlh="71260552" arrayletleaf="0"/>
  <largest-consumer threadName="main" threadId="00000000018B4F00" bytes="71260552" />
</allocation-stats>
<gc-op id="1970" type="copy forward" timems="108.206" contextid="1967" timestamp="2019-08-08T12:52:36.628">
  <memory-copied type="eden" objects="30" bytes="1408" bytesdiscarded="1312" />
  <memory-copied type="other" objects="24" bytes="544" bytesdiscarded="1056" />
  <memory-cardclean objects="84" bytes="2352" />
  <regions eden="34" other="2" />
  <remembered-set-cleared processed="153" cleared="6" durationms="8.023" />
  <stringconstants candidates="13838" cleared="0"  />
</gc-op>
<gc-op id="1971" type="classunload" timems="0.010" contextid="1967" timestamp="2019-08-08T12:52:36.628">
  <classunload-info classloadercandidates="54" classloadersunloaded="0" classesunloaded="0" anonymousclassesunloaded="0" quiescems="0.000" setupms="0.009" scanms="0.000" postms="0.000" />
</gc-op>
<heap-resize id="1972" type="expand" space="default" amount="4194304" count="1" timems="0.072" reason="excessive time being spent in gc" timestamp="2019-08-08T12:52:36.628" />
<gc-end id="1973" type="partial gc" contextid="1967" durationms="110.490" usertimems="43.396" systemtimems="40.797" timestamp="2019-08-08T12:52:36.628" activeThreads="16">
  <mem-info id="1974" free="157286400" total="262144000" percent="60">
    <mem type="eden" free="2094432" total="2097152" percent="99" />
    <remembered-set count="5728" freebytes="10457088" totalbytes="10480000" percent="99" regionsoverflowed="0" regionsstable="10" regionsrebuilding="0"/>
  </mem-info>
</gc-end>
<cycle-end id="1975" type="partial gc" contextid="1967" timestamp="2019-08-08T12:52:36.629" />
  <attribute name="elasticGC enabled" value="1" />
  <attribute name= "numThreadsSpecified" value="16" />
  <attribute name="heapSize specified" value="0" />
  <attribute name="Current GC Util" value="54" />
  <attribute name= "Current Time Running" value="187904" />
  <attribute name ="GC Interval" value="0" />
  <attribute name="Target GC Util Change" value ="80.000000" />
  <attribute name="Current GC Util Change" value="54.000000"/>
  <attribute name="Current Error" value="170.000000" />
  <attribute name="Output H" value="258025576"/>
  <attribute name="Output I" value="2312"/>
  <attribute name="Output T" value="16"/>
  <attribute name= "Current Time Running" value="187904" />
  <attribute name="GC Util currently" value="54" />
  <attribute name="CPU Util currently" value="1074874794439" />
<exclusive-end id="1976" timestamp="2019-08-08T12:52:36.629" durationms="111.316" />

<exclusive-start id="1977" timestamp="2019-08-08T12:52:36.679" intervalms="161.002">
  <response-info timems="0.024" idlems="0.024" threads="0" lastid="00000000018B4F00" lastname="main" />
</exclusive-start>
<allocation-taxation id="1978" taxation-threshold="73400320" timestamp="2019-08-08T12:52:36.679" intervalms="160.993" />
<cycle-start id="1979" type="partial gc" contextid="0" timestamp="2019-08-08T12:52:36.679" intervalms="161.137" />
<gc-start id="1980" type="partial gc" contextid="1979" timestamp="2019-08-08T12:52:36.684">
  <mem-info id="1981" free="83886080" total="262144000" percent="32">
    <mem type="eden" free="0" total="73400320" percent="0" />
    <remembered-set count="5280" freebytes="10458880" totalbytes="10480000" percent="99" regionsoverflowed="0" regionsstable="10" regionsrebuilding="0"/>
  </mem-info>
</gc-start>
<allocation-stats totalBytes="73269680" >
  <allocated-bytes non-tlh="0" tlh="73269680" arrayletleaf="0"/>
  <largest-consumer threadName="main" threadId="00000000018B4F00" bytes="73269680" />
</allocation-stats>
<gc-op id="1982" type="copy forward" timems="18.154" contextid="1979" timestamp="2019-08-08T12:52:36.709">
  <memory-copied type="eden" objects="3" bytes="72" bytesdiscarded="0" />
  <memory-copied type="other" objects="45" bytes="1744" bytesdiscarded="1720" />
  <memory-cardclean objects="56" bytes="1792" />
  <regions eden="35" other="2" />
  <remembered-set-cleared processed="155" cleared="6" durationms="0.206" />
  <stringconstants candidates="13838" cleared="0"  />
</gc-op>
<gc-op id="1983" type="classunload" timems="0.009" contextid="1979" timestamp="2019-08-08T12:52:36.709">
  <classunload-info classloadercandidates="54" classloadersunloaded="0" classesunloaded="0" anonymousclassesunloaded="0" quiescems="0.000" setupms="0.009" scanms="0.000" postms="0.000" />
</gc-op>
<heap-resize id="1984" type="expand" space="default" amount="6291456" count="1" timems="0.094" reason="excessive time being spent in gc" timestamp="2019-08-08T12:52:36.709" />
<gc-end id="1985" type="partial gc" contextid="1979" durationms="25.652" usertimems="10.678" systemtimems="16.855" timestamp="2019-08-08T12:52:36.709" activeThreads="16">
  <mem-info id="1986" free="161480704" total="268435456" percent="60">
    <mem type="eden" free="2097080" total="2097152" percent="99" />
    <remembered-set count="5792" freebytes="10708352" totalbytes="10731520" percent="99" regionsoverflowed="0" regionsstable="10" regionsrebuilding="0"/>
  </mem-info>
</gc-end>
<cycle-end id="1987" type="partial gc" contextid="1979" timestamp="2019-08-08T12:52:36.710" />
  <attribute name="elasticGC enabled" value="1" />
  <attribute name= "numThreadsSpecified" value="16" />
  <attribute name="heapSize specified" value="0" />
  <attribute name="Current GC Util" value="20" />
  <attribute name= "Current Time Running" value="188076" />
  <attribute name ="GC Interval" value="0" />
  <attribute name="Target GC Util Change" value ="80.000000" />
  <attribute name="Current GC Util Change" value="20.000000"/>
  <attribute name="Current Error" value="261.000000" />
  <attribute name="Output H" value="262219984"/>
  <attribute name="Output I" value="2480"/>
  <attribute name="Output T" value="16"/>
  <attribute name= "Current Time Running" value="188076" />
  <attribute name="GC Util currently" value="20" />
  <attribute name="CPU Util currently" value="352826230553" />
<exclusive-end id="1988" timestamp="2019-08-08T12:52:36.710" durationms="31.223" />

<exclusive-start id="1989" timestamp="2019-08-08T12:52:36.784" intervalms="105.362">
  <response-info timems="0.031" idlems="0.031" threads="0" lastid="00000000018B4F00" lastname="main" />
</exclusive-start>
<allocation-taxation id="1990" taxation-threshold="73400320" timestamp="2019-08-08T12:52:36.788" intervalms="109.453" />
<cycle-start id="1991" type="partial gc" contextid="0" timestamp="2019-08-08T12:52:36.792" intervalms="113.579" />
<gc-start id="1992" type="partial gc" contextid="1991" timestamp="2019-08-08T12:52:36.793">
  <mem-info id="1993" free="88080384" total="268435456" percent="32">
    <mem type="eden" free="2097080" total="75497472" percent="2" />
    <remembered-set count="5792" freebytes="10708352" totalbytes="10731520" percent="99" regionsoverflowed="0" regionsstable="10" regionsrebuilding="0"/>
  </mem-info>
</gc-start>
<allocation-stats totalBytes="73270368" >
  <allocated-bytes non-tlh="0" tlh="73270368" arrayletleaf="0"/>
  <largest-consumer threadName="main" threadId="00000000018B4F00" bytes="73270368" />
</allocation-stats>
<gc-op id="1994" type="copy forward" timems="42.479" contextid="1991" timestamp="2019-08-08T12:52:36.843">
  <memory-copied type="eden" objects="3" bytes="72" bytesdiscarded="720" />
  <memory-copied type="other" objects="27" bytes="1336" bytesdiscarded="1864" />
  <memory-cardclean objects="40" bytes="1384" />
  <regions eden="35" other="2" />
  <remembered-set-cleared processed="157" cleared="6" durationms="1.334" />
  <stringconstants candidates="13838" cleared="0"  />
</gc-op>
<gc-op id="1995" type="classunload" timems="0.009" contextid="1991" timestamp="2019-08-08T12:52:36.843">
  <classunload-info classloadercandidates="54" classloadersunloaded="0" classesunloaded="0" anonymousclassesunloaded="0" quiescems="0.000" setupms="0.009" scanms="0.000" postms="0.000" />
</gc-op>
<gc-end id="1996" type="partial gc" contextid="1991" durationms="50.679" usertimems="28.326" systemtimems="39.782" timestamp="2019-08-08T12:52:36.843" activeThreads="16">
  <mem-info id="1997" free="161480704" total="268435456" percent="60">
    <mem type="eden" free="2096360" total="2097152" percent="99" />
    <remembered-set count="5344" freebytes="10710144" totalbytes="10731520" percent="99" regionsoverflowed="0" regionsstable="10" regionsrebuilding="0"/>
  </mem-info>
</gc-end>
<cycle-end id="1998" type="partial gc" contextid="1991" timestamp="2019-08-08T12:52:36.843" />
  <attribute name="elasticGC enabled" value="1" />
  <attribute name= "numThreadsSpecified" value="16" />
  <attribute name="heapSize specified" value="0" />
  <attribute name="Current GC Util" value="38" />
  <attribute name= "Current Time Running" value="188185" />
  <attribute name ="GC Interval" value="0" />
  <attribute name="Target GC Util Change" value ="80.000000" />
  <attribute name="Current GC Util Change" value="38.000000"/>
  <attribute name="Current Error" value="96.000000" />
  <attribute name="Output H" value="268511248"/>
  <attribute name="Output I" value="2184"/>
  <attribute name="Output T" value="16"/>
  <attribute name= "Current Time Running" value="188185" />
  <attribute name="GC Util currently" value="38" />
  <attribute name="CPU Util currently" value="149626097814" />
<exclusive-end id="1999" timestamp="2019-08-08T12:52:36.843" durationms="59.617" />

<exclusive-start id="2000" timestamp="2019-08-08T12:52:37.026" intervalms="242.602">
  <response-info timems="0.023" idlems="0.023" threads="0" lastid="00000000018B4F00" lastname="main" />
</exclusive-start>
<allocation-taxation id="2001" taxation-threshold="73400320" timestamp="2019-08-08T12:52:37.030" intervalms="241.525" />
<cycle-start id="2002" type="partial gc" contextid="0" timestamp="2019-08-08T12:52:37.031" intervalms="238.868" />
<gc-start id="2003" type="partial gc" contextid="2002" timestamp="2019-08-08T12:52:37.032">
  <mem-info id="2004" free="88080384" total="268435456" percent="32">
    <mem type="eden" free="2096360" total="75497472" percent="2" />
    <remembered-set count="4896" freebytes="10711936" totalbytes="10731520" percent="99" regionsoverflowed="0" regionsstable="10" regionsrebuilding="0"/>
  </mem-info>
</gc-start>
<allocation-stats totalBytes="73302464" >
  <allocated-bytes non-tlh="0" tlh="73302464" arrayletleaf="0"/>
  <largest-consumer threadName="main" threadId="00000000018B4F00" bytes="73302464" />
</allocation-stats>
<gc-op id="2005" type="copy forward" timems="79.636" contextid="2002" timestamp="2019-08-08T12:52:37.121">
  <memory-copied type="eden" objects="42" bytes="2024" bytesdiscarded="768" />
  <memory-copied type="other" objects="12" bytes="272" bytesdiscarded="1360" />
  <memory-cardclean objects="92" bytes="2528" />
  <regions eden="35" other="2" />
  <remembered-set-cleared processed="157" cleared="11" durationms="3.152" />
  <stringconstants candidates="13838" cleared="0"  />
</gc-op>
<gc-op id="2006" type="classunload" timems="0.015" contextid="2002" timestamp="2019-08-08T12:52:37.121">
  <classunload-info classloadercandidates="54" classloadersunloaded="0" classesunloaded="0" anonymousclassesunloaded="0" quiescems="0.000" setupms="0.014" scanms="0.000" postms="0.000" />
</gc-op>
<gc-end id="2007" type="partial gc" contextid="2002" durationms="89.083" usertimems="43.509" systemtimems="37.025" timestamp="2019-08-08T12:52:37.121" activeThreads="16">
  <mem-info id="2008" free="161480704" total="268435456" percent="60">
    <mem type="eden" free="2094360" total="2097152" percent="99" />
    <remembered-set count="5856" freebytes="10708096" totalbytes="10731520" percent="99" regionsoverflowed="0" regionsstable="10" regionsrebuilding="0"/>
  </mem-info>
</gc-end>
<cycle-end id="2009" type="partial gc" contextid="2002" timestamp="2019-08-08T12:52:37.121" />
  <attribute name="elasticGC enabled" value="1" />
  <attribute name= "numThreadsSpecified" value="16" />
  <attribute name="heapSize specified" value="0" />
  <attribute name="Current GC Util" value="41" />
  <attribute name= "Current Time Running" value="188426" />
  <attribute name ="GC Interval" value="0" />
  <attribute name="Target GC Util Change" value ="80.000000" />
  <attribute name="Current GC Util Change" value="41.000000"/>
  <attribute name="Current Error" value="188.000000" />
  <attribute name="Output H" value="268511360"/>
  <attribute name="Output I" value="2344"/>
  <attribute name="Output T" value="16"/>
  <attribute name= "Current Time Running" value="188426" />
  <attribute name="GC Util currently" value="41" />
  <attribute name="CPU Util currently" value="133635130433" />
<exclusive-end id="2010" timestamp="2019-08-08T12:52:37.122" durationms="95.155" />

<exclusive-start id="2011" timestamp="2019-08-08T12:52:37.231" intervalms="204.681">
  <response-info timems="0.025" idlems="0.025" threads="0" lastid="00000000018B4F00" lastname="main" />
</exclusive-start>
<allocation-taxation id="2012" taxation-threshold="73400320" timestamp="2019-08-08T12:52:37.234" intervalms="204.112" />
<cycle-start id="2013" type="partial gc" contextid="0" timestamp="2019-08-08T12:52:37.234" intervalms="202.950" />
<gc-start id="2014" type="partial gc" contextid="2013" timestamp="2019-08-08T12:52:37.234">
  <mem-info id="2015" free="88080384" total="268435456" percent="32">
    <mem type="eden" free="0" total="73400320" percent="0" />
    <remembered-set count="5856" freebytes="10708096" totalbytes="10731520" percent="99" regionsoverflowed="0" regionsstable="10" regionsrebuilding="0"/>
  </mem-info>
</gc-start>
<allocation-stats totalBytes="73343584" >
  <allocated-bytes non-tlh="0" tlh="73343584" arrayletleaf="0"/>
  <largest-consumer threadName="main" threadId="00000000018B4F00" bytes="73343584" />
</allocation-stats>
<gc-op id="2016" type="copy forward" timems="68.595" contextid="2013" timestamp="2019-08-08T12:52:37.309">
  <memory-copied type="eden" objects="28" bytes="1480" bytesdiscarded="648" />
  <memory-copied type="other" objects="24" bytes="544" bytesdiscarded="1888" />
  <memory-cardclean objects="86" bytes="2464" />
  <regions eden="35" other="2" />
  <remembered-set-cleared processed="156" cleared="10" durationms="0.485" />
  <stringconstants candidates="13838" cleared="0"  />
</gc-op>
<gc-op id="2017" type="classunload" timems="0.018" contextid="2013" timestamp="2019-08-08T12:52:37.309">
  <classunload-info classloadercandidates="54" classloadersunloaded="0" classesunloaded="0" anonymousclassesunloaded="0" quiescems="0.000" setupms="0.018" scanms="0.000" postms="0.000" />
</gc-op>
<heap-resize id="2018" type="expand" space="default" amount="4194304" count="1" timems="0.086" reason="excessive time being spent in gc" timestamp="2019-08-08T12:52:37.309" />
<gc-end id="2019" type="partial gc" contextid="2013" durationms="74.687" usertimems="11.280" systemtimems="33.606" timestamp="2019-08-08T12:52:37.309" activeThreads="16">
  <mem-info id="2020" free="163577856" total="272629760" percent="60">
    <mem type="eden" free="2095024" total="2097152" percent="99" />
    <remembered-set count="5856" freebytes="10875776" totalbytes="10899200" percent="99" regionsoverflowed="0" regionsstable="10" regionsrebuilding="0"/>
  </mem-info>
</gc-end>
<cycle-end id="2021" type="partial gc" contextid="2013" timestamp="2019-08-08T12:52:37.310" />
  <attribute name="elasticGC enabled" value="1" />
  <attribute name= "numThreadsSpecified" value="16" />
  <attribute name="heapSize specified" value="0" />
  <attribute name="Current GC Util" value="15" />
  <attribute name= "Current Time Running" value="188624" />
  <attribute name ="GC Interval" value="0" />
  <attribute name="Target GC Util Change" value ="80.000000" />
  <attribute name="Current GC Util Change" value="15.000000"/>
  <attribute name="Current Error" value="293.000000" />
  <attribute name="Output H" value="268511480"/>
  <attribute name="Output I" value="2536"/>
  <attribute name="Output T" value="16"/>
  <attribute name= "Current Time Running" value="188624" />
  <attribute name="GC Util currently" value="15" />
  <attribute name="CPU Util currently" value="224862265273" />
<exclusive-end id="2022" timestamp="2019-08-08T12:52:37.310" durationms="79.185" />

<exclusive-start id="2023" timestamp="2019-08-08T12:52:37.574" intervalms="342.405">
  <response-info timems="0.026" idlems="0.026" threads="0" lastid="00000000018B4F00" lastname="main" />
</exclusive-start>
<allocation-taxation id="2024" taxation-threshold="75497472" timestamp="2019-08-08T12:52:37.574" intervalms="339.972" />
<cycle-start id="2025" type="partial gc" contextid="0" timestamp="2019-08-08T12:52:37.576" intervalms="341.773" />
<gc-start id="2026" type="partial gc" contextid="2025" timestamp="2019-08-08T12:52:37.576">
  <mem-info id="2027" free="88080384" total="272629760" percent="32">
    <mem type="eden" free="0" total="75497472" percent="0" />
    <remembered-set count="5376" freebytes="10877696" totalbytes="10899200" percent="99" regionsoverflowed="0" regionsstable="10" regionsrebuilding="0"/>
  </mem-info>
</gc-start>
<allocation-stats totalBytes="75389688" >
  <allocated-bytes non-tlh="0" tlh="75389688" arrayletleaf="0"/>
  <largest-consumer threadName="main" threadId="00000000018B4F00" bytes="75389688" />
</allocation-stats>
<gc-op id="2028" type="copy forward" timems="56.304" contextid="2025" timestamp="2019-08-08T12:52:37.635">
  <memory-copied type="eden" objects="36" bytes="6200" bytesdiscarded="648" />
  <memory-copied type="other" objects="18" bytes="408" bytesdiscarded="1176" />
  <memory-cardclean objects="96" bytes="2696" />
  <regions eden="36" other="2" />
  <remembered-set-cleared processed="159" cleared="9" durationms="0.232" />
  <stringconstants candidates="13838" cleared="0"  />
</gc-op>
<gc-op id="2029" type="classunload" timems="0.016" contextid="2025" timestamp="2019-08-08T12:52:37.636">
  <classunload-info classloadercandidates="54" classloadersunloaded="0" classesunloaded="0" anonymousclassesunloaded="0" quiescems="0.000" setupms="0.016" scanms="0.000" postms="0.000" />
</gc-op>
<heap-resize id="2030" type="expand" space="default" amount="6291456" count="1" timems="0.111" reason="excessive time being spent in gc" timestamp="2019-08-08T12:52:37.650" />
<gc-end id="2031" type="partial gc" contextid="2025" durationms="74.163" usertimems="21.318" systemtimems="17.326" timestamp="2019-08-08T12:52:37.651" activeThreads="16">
  <mem-info id="2032" free="167772160" total="278921216" percent="60">
    <mem type="eden" free="2090304" total="2097152" percent="99" />
    <remembered-set count="5472" freebytes="11128832" totalbytes="11150720" percent="99" regionsoverflowed="0" regionsstable="10" regionsrebuilding="0"/>
  </mem-info>
</gc-end>
<cycle-end id="2033" type="partial gc" contextid="2025" timestamp="2019-08-08T12:52:37.651" />
  <attribute name="elasticGC enabled" value="1" />
  <attribute name= "numThreadsSpecified" value="16" />
  <attribute name="heapSize specified" value="0" />
  <attribute name="Current GC Util" value="33" />
  <attribute name= "Current Time Running" value="188964" />
  <attribute name ="GC Interval" value="0" />
  <attribute name="Target GC Util Change" value ="80.000000" />
  <attribute name="Current GC Util Change" value="33.000000"/>
  <attribute name="Current Error" value="114.000000" />
  <attribute name="Output H" value="272705576"/>
  <attribute name="Output I" value="2216"/>
  <attribute name="Output T" value="16"/>
  <attribute name= "Current Time Running" value="188964" />
  <attribute name="GC Util currently" value="33" />
  <attribute name="CPU Util currently" value="506246600349" />
<exclusive-end id="2034" timestamp="2019-08-08T12:52:37.651" durationms="77.476" />

<exclusive-start id="2035" timestamp="2019-08-08T12:52:37.957" intervalms="383.586">
  <response-info timems="0.030" idlems="0.030" threads="0" lastid="00000000018B4F00" lastname="main" />
</exclusive-start>
<allocation-taxation id="2036" taxation-threshold="77594624" timestamp="2019-08-08T12:52:37.957" intervalms="383.585" />
<cycle-start id="2037" type="partial gc" contextid="0" timestamp="2019-08-08T12:52:37.957" intervalms="381.335" />
<gc-start id="2038" type="partial gc" contextid="2037" timestamp="2019-08-08T12:52:37.958">
  <mem-info id="2039" free="90177536" total="278921216" percent="32">
    <mem type="eden" free="0" total="77594624" percent="0" />
    <remembered-set count="4992" freebytes="11130752" totalbytes="11150720" percent="99" regionsoverflowed="0" regionsstable="10" regionsrebuilding="0"/>
  </mem-info>
</gc-start>
<allocation-stats totalBytes="77557872" >
  <allocated-bytes non-tlh="0" tlh="77557872" arrayletleaf="0"/>
  <largest-consumer threadName="main" threadId="00000000018B4F00" bytes="77557872" />
</allocation-stats>
<gc-op id="2040" type="copy forward" timems="20.003" contextid="2037" timestamp="2019-08-08T12:52:37.979">
  <memory-copied type="eden" objects="31" bytes="1040" bytesdiscarded="664" />
  <memory-copied type="other" objects="12" bytes="272" bytesdiscarded="1296" />
  <memory-cardclean objects="84" bytes="2336" />
  <regions eden="37" other="2" />
  <remembered-set-cleared processed="162" cleared="5" durationms="0.212" />
  <stringconstants candidates="13838" cleared="0"  />
</gc-op>
<gc-op id="2041" type="classunload" timems="0.016" contextid="2037" timestamp="2019-08-08T12:52:37.979">
  <classunload-info classloadercandidates="54" classloadersunloaded="0" classesunloaded="0" anonymousclassesunloaded="0" quiescems="0.000" setupms="0.015" scanms="0.000" postms="0.000" />
</gc-op>
<heap-resize id="2042" type="expand" space="default" amount="4194304" count="1" timems="0.096" reason="excessive time being spent in gc" timestamp="2019-08-08T12:52:37.979" />
<gc-end id="2043" type="partial gc" contextid="2037" durationms="21.853" usertimems="27.956" systemtimems="0.000" timestamp="2019-08-08T12:52:37.979" activeThreads="16">
  <mem-info id="2044" free="169869312" total="283115520" percent="60">
    <mem type="eden" free="2095448" total="2097152" percent="99" />
    <remembered-set count="6208" freebytes="11293568" totalbytes="11318400" percent="99" regionsoverflowed="0" regionsstable="10" regionsrebuilding="0"/>
  </mem-info>
</gc-end>
<cycle-end id="2045" type="partial gc" contextid="2037" timestamp="2019-08-08T12:52:37.980" />
  <attribute name="elasticGC enabled" value="1" />
  <attribute name= "numThreadsSpecified" value="16" />
  <attribute name="heapSize specified" value="0" />
  <attribute name="Current GC Util" value="105" />
  <attribute name= "Current Time Running" value="189343" />
  <attribute name ="GC Interval" value="0" />
  <attribute name="Target GC Util Change" value ="80.000000" />
  <attribute name="Current GC Util Change" value="105.000000"/>
  <attribute name="Current Error" value="159.000000" />
  <attribute name="Output H" value="278997080"/>
  <attribute name="Output I" value="2296"/>
  <attribute name="Output T" value="16"/>
  <attribute name= "Current Time Running" value="189343" />
  <attribute name="GC Util currently" value="105" />
  <attribute name="CPU Util currently" value="2265463284513" />
<exclusive-end id="2046" timestamp="2019-08-08T12:52:37.981" durationms="24.151" />

<exclusive-start id="2047" timestamp="2019-08-08T12:52:38.395" intervalms="438.246">
  <response-info timems="0.021" idlems="0.021" threads="0" lastid="00000000018B4F00" lastname="main" />
</exclusive-start>
<allocation-taxation id="2048" taxation-threshold="77594624" timestamp="2019-08-08T12:52:38.395" intervalms="438.269" />
<cycle-start id="2049" type="partial gc" contextid="0" timestamp="2019-08-08T12:52:38.396" intervalms="438.266" />
<gc-start id="2050" type="partial gc" contextid="2049" timestamp="2019-08-08T12:52:38.396">
  <mem-info id="2051" free="92274688" total="283115520" percent="32">
    <mem type="eden" free="0" total="77594624" percent="0" />
    <remembered-set count="5728" freebytes="11295488" totalbytes="11318400" percent="99" regionsoverflowed="0" regionsstable="10" regionsrebuilding="0"/>
  </mem-info>
</gc-start>
<allocation-stats totalBytes="77580744" >
  <allocated-bytes non-tlh="0" tlh="77580744" arrayletleaf="0"/>
  <largest-consumer threadName="main" threadId="00000000018B4F00" bytes="77580744" />
</allocation-stats>
<gc-op id="2052" type="copy forward" timems="29.790" contextid="2049" timestamp="2019-08-08T12:52:38.428">
  <memory-copied type="eden" objects="8" bytes="296" bytesdiscarded="0" />
  <memory-copied type="other" objects="32" bytes="936" bytesdiscarded="1176" />
  <memory-cardclean objects="69" bytes="2064" />
  <regions eden="37" other="2" />
  <remembered-set-cleared processed="164" cleared="5" durationms="0.277" />
  <stringconstants candidates="13838" cleared="0"  />
</gc-op>
<gc-op id="2053" type="classunload" timems="0.012" contextid="2049" timestamp="2019-08-08T12:52:38.428">
  <classunload-info classloadercandidates="54" classloadersunloaded="0" classesunloaded="0" anonymousclassesunloaded="0" quiescems="0.000" setupms="0.012" scanms="0.000" postms="0.000" />
</gc-op>
<heap-resize id="2054" type="expand" space="default" amount="6291456" count="1" timems="0.089" reason="excessive time being spent in gc" timestamp="2019-08-08T12:52:38.428" />
<gc-end id="2055" type="partial gc" contextid="2049" durationms="32.216" usertimems="28.287" systemtimems="18.618" timestamp="2019-08-08T12:52:38.428" activeThreads="16">
  <mem-info id="2056" free="174063616" total="289406976" percent="60">
    <mem type="eden" free="2096856" total="2097152" percent="99" />
    <remembered-set count="5760" freebytes="11546880" totalbytes="11569920" percent="99" regionsoverflowed="0" regionsstable="10" regionsrebuilding="0"/>
  </mem-info>
</gc-end>
<cycle-end id="2057" type="partial gc" contextid="2049" timestamp="2019-08-08T12:52:38.429" />
  <attribute name="elasticGC enabled" value="1" />
  <attribute name= "numThreadsSpecified" value="16" />
  <attribute name="heapSize specified" value="0" />
  <attribute name="Current GC Util" value="83" />
  <attribute name= "Current Time Running" value="189782" />
  <attribute name ="GC Interval" value="0" />
  <attribute name="Target GC Util Change" value ="80.000000" />
  <attribute name="Current GC Util Change" value="83.000000"/>
  <attribute name="Current Error" value="230.000000" />
  <attribute name="Output H" value="283191472"/>
  <attribute name="Output I" value="2424"/>
  <attribute name="Output T" value="16"/>
  <attribute name= "Current Time Running" value="189782" />
  <attribute name="GC Util currently" value="83" />
  <attribute name="CPU Util currently" value="829893050141" />
<exclusive-end id="2058" timestamp="2019-08-08T12:52:38.429" durationms="33.330" />

<exclusive-start id="2059" timestamp="2019-08-08T12:52:38.947" intervalms="551.684">
  <response-info timems="0.025" idlems="0.025" threads="0" lastid="00000000018B4F00" lastname="main" />
</exclusive-start>
<allocation-taxation id="2060" taxation-threshold="79691776" timestamp="2019-08-08T12:52:38.952" intervalms="556.279" />
<cycle-start id="2061" type="partial gc" contextid="0" timestamp="2019-08-08T12:52:38.962" intervalms="566.781" />
<gc-start id="2062" type="partial gc" contextid="2061" timestamp="2019-08-08T12:52:38.963">
  <mem-info id="2063" free="94371840" total="289406976" percent="32">
    <mem type="eden" free="2096856" total="81788928" percent="2" />
    <remembered-set count="5344" freebytes="11548544" totalbytes="11569920" percent="99" regionsoverflowed="0" regionsstable="10" regionsrebuilding="0"/>
  </mem-info>
</gc-start>
<allocation-stats totalBytes="79677032" >
  <allocated-bytes non-tlh="0" tlh="79677032" arrayletleaf="0"/>
  <largest-consumer threadName="main" threadId="00000000018B4F00" bytes="79677032" />
</allocation-stats>
<gc-op id="2064" type="copy forward" timems="22.802" contextid="2061" timestamp="2019-08-08T12:52:39.024">
  <memory-copied type="eden" objects="7" bytes="280" bytesdiscarded="0" />
  <memory-copied type="other" objects="26" bytes="800" bytesdiscarded="664" />
  <memory-cardclean objects="50" bytes="1600" />
  <regions eden="38" other="2" />
  <remembered-set-cleared processed="166" cleared="5" durationms="0.216" />
  <stringconstants candidates="13838" cleared="0"  />
</gc-op>
<gc-op id="2065" type="classunload" timems="0.018" contextid="2061" timestamp="2019-08-08T12:52:39.025">
  <classunload-info classloadercandidates="54" classloadersunloaded="0" classesunloaded="0" anonymousclassesunloaded="0" quiescems="0.000" setupms="0.018" scanms="0.000" postms="0.000" />
</gc-op>
<gc-end id="2066" type="partial gc" contextid="2061" durationms="62.152" usertimems="16.991" systemtimems="45.465" timestamp="2019-08-08T12:52:39.025" activeThreads="16">
  <mem-info id="2067" free="174063616" total="289406976" percent="60">
    <mem type="eden" free="2096872" total="2097152" percent="99" />
    <remembered-set count="5312" freebytes="11548672" totalbytes="11569920" percent="99" regionsoverflowed="0" regionsstable="10" regionsrebuilding="0"/>
  </mem-info>
</gc-end>
<cycle-end id="2068" type="partial gc" contextid="2061" timestamp="2019-08-08T12:52:39.025" />
  <attribute name="elasticGC enabled" value="1" />
  <attribute name= "numThreadsSpecified" value="16" />
  <attribute name="heapSize specified" value="0" />
  <attribute name="Current GC Util" value="32" />
  <attribute name= "Current Time Running" value="190386" />
  <attribute name ="GC Interval" value="0" />
  <attribute name="Target GC Util Change" value ="80.000000" />
  <attribute name="Current GC Util Change" value="32.000000"/>
  <attribute name="Current Error" value="121.000000" />
  <attribute name="Output H" value="289482800"/>
  <attribute name="Output I" value="2224"/>
  <attribute name="Output T" value="16"/>
  <attribute name= "Current Time Running" value="190386" />
  <attribute name="GC Util currently" value="32" />
  <attribute name="CPU Util currently" value="29729209343" />
<exclusive-end id="2069" timestamp="2019-08-08T12:52:39.026" durationms="79.179" />

<exclusive-start id="2070" timestamp="2019-08-08T12:52:39.118" intervalms="170.471">
  <response-info timems="0.018" idlems="0.018" threads="0" lastid="00000000018B4F00" lastname="main" />
</exclusive-start>
<allocation-taxation id="2071" taxation-threshold="79691776" timestamp="2019-08-08T12:52:39.118" intervalms="165.839" />
<cycle-start id="2072" type="partial gc" contextid="0" timestamp="2019-08-08T12:52:39.119" intervalms="156.331" />
<gc-start id="2073" type="partial gc" contextid="2072" timestamp="2019-08-08T12:52:39.119">
  <mem-info id="2074" free="94371840" total="289406976" percent="32">
    <mem type="eden" free="2096872" total="81788928" percent="2" />
    <remembered-set count="4864" freebytes="11550464" totalbytes="11569920" percent="99" regionsoverflowed="0" regionsstable="10" regionsrebuilding="0"/>
  </mem-info>
</gc-start>
<allocation-stats totalBytes="79581896" >
  <allocated-bytes non-tlh="0" tlh="79581896" arrayletleaf="0"/>
  <largest-consumer threadName="main" threadId="00000000018B4F00" bytes="79581896" />
</allocation-stats>
<gc-op id="2075" type="copy forward" timems="12.760" contextid="2072" timestamp="2019-08-08T12:52:39.133">
  <memory-copied type="eden" objects="25" bytes="1320" bytesdiscarded="680" />
  <memory-copied type="other" objects="12" bytes="272" bytesdiscarded="688" />
  <memory-cardclean objects="64" bytes="1864" />
  <regions eden="38" other="2" />
  <remembered-set-cleared processed="166" cleared="5" durationms="0.184" />
  <stringconstants candidates="13838" cleared="0"  />
</gc-op>
<gc-op id="2076" type="classunload" timems="0.013" contextid="2072" timestamp="2019-08-08T12:52:39.133">
  <classunload-info classloadercandidates="54" classloadersunloaded="0" classesunloaded="0" anonymousclassesunloaded="0" quiescems="0.000" setupms="0.012" scanms="0.000" postms="0.000" />
</gc-op>
<gc-end id="2077" type="partial gc" contextid="2072" durationms="14.047" usertimems="7.889" systemtimems="14.524" timestamp="2019-08-08T12:52:39.133" activeThreads="16">
  <mem-info id="2078" free="174063616" total="289406976" percent="60">
    <mem type="eden" free="2095152" total="2097152" percent="99" />
    <remembered-set count="5824" freebytes="11546624" totalbytes="11569920" percent="99" regionsoverflowed="0" regionsstable="10" regionsrebuilding="0"/>
  </mem-info>
</gc-end>
<cycle-end id="2079" type="partial gc" contextid="2072" timestamp="2019-08-08T12:52:39.134" />
  <attribute name="elasticGC enabled" value="1" />
  <attribute name= "numThreadsSpecified" value="16" />
  <attribute name="heapSize specified" value="0" />
  <attribute name="Current GC Util" value="92" />
  <attribute name= "Current Time Running" value="190505" />
  <attribute name ="GC Interval" value="0" />
  <attribute name="Target GC Util Change" value ="80.000000" />
  <attribute name="Current GC Util Change" value="92.000000"/>
  <attribute name="Current Error" value="147.000000" />
  <attribute name="Output H" value="289482832"/>
  <attribute name="Output I" value="2272"/>
  <attribute name="Output T" value="16"/>
  <attribute name= "Current Time Running" value="190505" />
  <attribute name="GC Util currently" value="92" />
  <attribute name="CPU Util currently" value="1642483310795" />
<exclusive-end id="2080" timestamp="2019-08-08T12:52:39.134" durationms="16.249" />

<exclusive-start id="2081" timestamp="2019-08-08T12:52:39.217" intervalms="99.712">
  <response-info timems="0.030" idlems="0.030" threads="0" lastid="00000000018B4F00" lastname="main" />
</exclusive-start>
<allocation-taxation id="2082" taxation-threshold="79691776" timestamp="2019-08-08T12:52:39.217" intervalms="99.745" />
<cycle-start id="2083" type="partial gc" contextid="0" timestamp="2019-08-08T12:52:39.218" intervalms="99.328" />
<gc-start id="2084" type="partial gc" contextid="2083" timestamp="2019-08-08T12:52:39.220">
  <mem-info id="2085" free="94371840" total="289406976" percent="32">
    <mem type="eden" free="0" total="79691776" percent="0" />
    <remembered-set count="5344" freebytes="11548544" totalbytes="11569920" percent="99" regionsoverflowed="0" regionsstable="10" regionsrebuilding="0"/>
  </mem-info>
</gc-start>
<allocation-stats totalBytes="79581864" >
  <allocated-bytes non-tlh="0" tlh="79581864" arrayletleaf="0"/>
  <largest-consumer threadName="main" threadId="00000000018B4F00" bytes="79581864" />
</allocation-stats>
<gc-op id="2086" type="copy forward" timems="33.852" contextid="2083" timestamp="2019-08-08T12:52:39.255">
  <memory-copied type="eden" objects="4" bytes="112" bytesdiscarded="680" />
  <memory-copied type="other" objects="33" bytes="1480" bytesdiscarded="1856" />
  <memory-cardclean objects="43" bytes="1464" />
  <regions eden="38" other="2" />
  <remembered-set-cleared processed="166" cleared="5" durationms="0.474" />
  <stringconstants candidates="13838" cleared="0"  />
</gc-op>
<gc-op id="2087" type="classunload" timems="0.014" contextid="2083" timestamp="2019-08-08T12:52:39.256">
  <classunload-info classloadercandidates="54" classloadersunloaded="0" classesunloaded="0" anonymousclassesunloaded="0" quiescems="0.000" setupms="0.014" scanms="0.000" postms="0.000" />
</gc-op>
<heap-resize id="2088" type="expand" space="default" amount="4194304" count="1" timems="0.085" reason="excessive time being spent in gc" timestamp="2019-08-08T12:52:39.256" />
<gc-end id="2089" type="partial gc" contextid="2083" durationms="35.640" usertimems="23.057" systemtimems="21.098" timestamp="2019-08-08T12:52:39.256" activeThreads="16">
  <mem-info id="2090" free="176160768" total="293601280" percent="60">
    <mem type="eden" free="2096360" total="2097152" percent="99" />
    <remembered-set count="5824" freebytes="11714304" totalbytes="11737600" percent="99" regionsoverflowed="0" regionsstable="10" regionsrebuilding="0"/>
  </mem-info>
</gc-end>
<cycle-end id="2091" type="partial gc" contextid="2083" timestamp="2019-08-08T12:52:39.256" />
  <attribute name="elasticGC enabled" value="1" />
  <attribute name= "numThreadsSpecified" value="16" />
  <attribute name="heapSize specified" value="0" />
  <attribute name="Current GC Util" value="124" />
  <attribute name= "Current Time Running" value="190606" />
  <attribute name ="GC Interval" value="0" />
  <attribute name="Target GC Util Change" value ="80.000000" />
  <attribute name="Current GC Util Change" value="124.000000"/>
  <attribute name="Current Error" value="161.000000" />
  <attribute name="Output H" value="289482848"/>
  <attribute name="Output I" value="2296"/>
  <attribute name="Output T" value="16"/>
  <attribute name= "Current Time Running" value="190606" />
  <attribute name="GC Util currently" value="124" />
  <attribute name="CPU Util currently" value="1343488589041" />
<exclusive-end id="2092" timestamp="2019-08-08T12:52:39.256" durationms="38.937" />

* Round 2 done in 11.855 seconds.
<exclusive-start id="2093" timestamp="2019-08-08T12:52:39.490" intervalms="273.026">
  <response-info timems="0.020" idlems="0.020" threads="0" lastid="00000000018B4F00" lastname="main" />
</exclusive-start>
<allocation-taxation id="2094" taxation-threshold="79691776" timestamp="2019-08-08T12:52:39.490" intervalms="273.011" />
<cycle-start id="2095" type="partial gc" contextid="0" timestamp="2019-08-08T12:52:39.490" intervalms="272.442" />
<gc-start id="2096" type="partial gc" contextid="2095" timestamp="2019-08-08T12:52:39.491">
  <mem-info id="2097" free="96468992" total="293601280" percent="32">
    <mem type="eden" free="2096360" total="81788928" percent="2" />
    <remembered-set count="5344" freebytes="11716224" totalbytes="11737600" percent="99" regionsoverflowed="0" regionsstable="10" regionsrebuilding="0"/>
  </mem-info>
</gc-start>
<allocation-stats totalBytes="79651392" >
  <allocated-bytes non-tlh="0" tlh="79651392" arrayletleaf="0"/>
  <largest-consumer threadName="main" threadId="00000000018B4F00" bytes="79651392" />
</allocation-stats>
<gc-op id="2098" type="copy forward" timems="28.309" contextid="2095" timestamp="2019-08-08T12:52:39.521">
  <memory-copied type="eden" objects="36" bytes="1232" bytesdiscarded="528" />
  <memory-copied type="other" objects="6" bytes="136" bytesdiscarded="648" />
  <memory-cardclean objects="133" bytes="4320" />
  <regions eden="38" other="2" />
  <remembered-set-cleared processed="168" cleared="10" durationms="0.270" />
  <stringconstants candidates="13838" cleared="0"  />
</gc-op>
<gc-op id="2099" type="classunload" timems="0.015" contextid="2095" timestamp="2019-08-08T12:52:39.521">
  <classunload-info classloadercandidates="54" classloadersunloaded="0" classesunloaded="0" anonymousclassesunloaded="0" quiescems="0.000" setupms="0.015" scanms="0.000" postms="0.000" />
</gc-op>
<gc-end id="2100" type="partial gc" contextid="2095" durationms="30.912" usertimems="8.862" systemtimems="22.864" timestamp="2019-08-08T12:52:39.522" activeThreads="16">
  <mem-info id="2101" free="176160768" total="293601280" percent="60">
    <mem type="eden" free="2095392" total="2097152" percent="99" />
    <remembered-set count="5312" freebytes="11716352" totalbytes="11737600" percent="99" regionsoverflowed="0" regionsstable="10" regionsrebuilding="0"/>
  </mem-info>
</gc-end>
<cycle-end id="2102" type="partial gc" contextid="2095" timestamp="2019-08-08T12:52:39.525" />
  <attribute name="elasticGC enabled" value="1" />
  <attribute name= "numThreadsSpecified" value="16" />
  <attribute name="heapSize specified" value="0" />
  <attribute name="Current GC Util" value="48" />
  <attribute name= "Current Time Running" value="190878" />
  <attribute name ="GC Interval" value="0" />
  <attribute name="Target GC Util Change" value ="80.000000" />
  <attribute name="Current GC Util Change" value="48.000000"/>
  <attribute name="Current Error" value="96.000000" />
  <attribute name="Output H" value="293677072"/>
  <attribute name="Output I" value="2184"/>
  <attribute name="Output T" value="16"/>
  <attribute name= "Current Time Running" value="190878" />
  <attribute name="GC Util currently" value="48" />
  <attribute name="CPU Util currently" value="518018639057" />
<exclusive-end id="2103" timestamp="2019-08-08T12:52:39.525" durationms="35.169" />

<exclusive-start id="2104" timestamp="2019-08-08T12:52:40.150" intervalms="659.463">
  <response-info timems="0.024" idlems="0.024" threads="0" lastid="00000000018B4F00" lastname="main" />
</exclusive-start>
<allocation-taxation id="2105" taxation-threshold="79691776" timestamp="2019-08-08T12:52:40.150" intervalms="659.459" />
<cycle-start id="2106" type="partial gc" contextid="0" timestamp="2019-08-08T12:52:40.150" intervalms="659.643" />
<gc-start id="2107" type="partial gc" contextid="2106" timestamp="2019-08-08T12:52:40.150">
  <mem-info id="2108" free="96468992" total="293601280" percent="32">
    <mem type="eden" free="0" total="79691776" percent="0" />
    <remembered-set count="4896" freebytes="11718016" totalbytes="11737600" percent="99" regionsoverflowed="0" regionsstable="10" regionsrebuilding="0"/>
  </mem-info>
</gc-start>
<allocation-stats totalBytes="79420760" >
  <allocated-bytes non-tlh="0" tlh="79420760" arrayletleaf="0"/>
  <largest-consumer threadName="main" threadId="00000000018B4F00" bytes="79420760" />
</allocation-stats>
<gc-op id="2109" type="copy forward" timems="77.045" contextid="2106" timestamp="2019-08-08T12:52:40.273">
  <memory-copied type="eden" objects="69" bytes="2928" bytesdiscarded="576" />
  <memory-copied type="other" objects="25" bytes="776" bytesdiscarded="2024" />
  <memory-cardclean objects="148" bytes="4456" />
  <regions eden="38" other="2" />
  <remembered-set-cleared processed="167" cleared="17" durationms="0.656" />
  <stringconstants candidates="13838" cleared="0"  />
</gc-op>
<gc-op id="2110" type="classunload" timems="0.015" contextid="2106" timestamp="2019-08-08T12:52:40.273">
  <classunload-info classloadercandidates="54" classloadersunloaded="0" classesunloaded="0" anonymousclassesunloaded="0" quiescems="0.000" setupms="0.014" scanms="0.000" postms="0.000" />
</gc-op>
<gc-end id="2111" type="partial gc" contextid="2106" durationms="123.250" usertimems="32.575" systemtimems="61.356" timestamp="2019-08-08T12:52:40.274" activeThreads="16">
  <mem-info id="2112" free="174063616" total="293601280" percent="59">
    <mem type="eden" free="2093648" total="2097152" percent="99" />
    <remembered-set count="5568" freebytes="11715328" totalbytes="11737600" percent="99" regionsoverflowed="0" regionsstable="10" regionsrebuilding="0"/>
  </mem-info>
</gc-end>
<cycle-end id="2113" type="partial gc" contextid="2106" timestamp="2019-08-08T12:52:40.275" />
  <attribute name="elasticGC enabled" value="1" />
  <attribute name= "numThreadsSpecified" value="16" />
  <attribute name="heapSize specified" value="0" />
  <attribute name="Current GC Util" value="69" />
  <attribute name= "Current Time Running" value="191581" />
  <attribute name ="GC Interval" value="0" />
  <attribute name="Target GC Util Change" value ="80.000000" />
  <attribute name="Current GC Util Change" value="69.000000"/>
  <attribute name="Current Error" value="183.000000" />
  <attribute name="Output H" value="293677176"/>
  <attribute name="Output I" value="2336"/>
  <attribute name="Output T" value="16"/>
  <attribute name= "Current Time Running" value="191581" />
  <attribute name="GC Util currently" value="69" />
  <attribute name="CPU Util currently" value="25354564773" />
<exclusive-end id="2114" timestamp="2019-08-08T12:52:40.275" durationms="125.247" />

<exclusive-start id="2115" timestamp="2019-08-08T12:52:40.371" intervalms="220.843">
  <response-info timems="0.021" idlems="0.021" threads="0" lastid="00000000018B4F00" lastname="main" />
</exclusive-start>
<allocation-taxation id="2116" taxation-threshold="79691776" timestamp="2019-08-08T12:52:40.371" intervalms="220.852" />
<cycle-start id="2117" type="partial gc" contextid="0" timestamp="2019-08-08T12:52:40.371" intervalms="220.849" />
<gc-start id="2118" type="partial gc" contextid="2117" timestamp="2019-08-08T12:52:40.371">
  <mem-info id="2119" free="94371840" total="293601280" percent="32">
    <mem type="eden" free="0" total="79691776" percent="0" />
    <remembered-set count="5152" freebytes="11716992" totalbytes="11737600" percent="99" regionsoverflowed="0" regionsstable="10" regionsrebuilding="0"/>
  </mem-info>
</gc-start>
<allocation-stats totalBytes="79427176" >
  <allocated-bytes non-tlh="0" tlh="79427176" arrayletleaf="0"/>
  <largest-consumer threadName="main" threadId="00000000018B4F00" bytes="79427176" />
</allocation-stats>
<gc-op id="2120" type="copy forward" timems="46.023" contextid="2117" timestamp="2019-08-08T12:52:40.420">
  <memory-copied type="eden" objects="2" bytes="56" bytesdiscarded="736" />
  <memory-copied type="other" objects="86" bytes="3512" bytesdiscarded="1768" />
  <memory-cardclean objects="102" bytes="3456" />
  <regions eden="38" other="2" />
  <remembered-set-cleared processed="167" cleared="10" durationms="0.140" />
  <stringconstants candidates="13838" cleared="0"  />
</gc-op>
<gc-op id="2121" type="classunload" timems="0.014" contextid="2117" timestamp="2019-08-08T12:52:40.420">
  <classunload-info classloadercandidates="54" classloadersunloaded="0" classesunloaded="0" anonymousclassesunloaded="0" quiescems="0.000" setupms="0.014" scanms="0.000" postms="0.000" />
</gc-op>
<heap-resize id="2122" type="expand" space="default" amount="10485760" count="1" timems="0.572" reason="excessive time being spent in gc" timestamp="2019-08-08T12:52:40.420" />
<gc-end id="2123" type="partial gc" contextid="2117" durationms="49.238" usertimems="30.486" systemtimems="20.007" timestamp="2019-08-08T12:52:40.420" activeThreads="16">
  <mem-info id="2124" free="182452224" total="304087040" percent="60">
    <mem type="eden" free="2096360" total="2097152" percent="99" />
    <remembered-set count="4768" freebytes="12137728" totalbytes="12156800" percent="99" regionsoverflowed="0" regionsstable="10" regionsrebuilding="0"/>
  </mem-info>
</gc-end>
<cycle-end id="2125" type="partial gc" contextid="2117" timestamp="2019-08-08T12:52:40.420" />
  <attribute name="elasticGC enabled" value="1" />
  <attribute name= "numThreadsSpecified" value="16" />
  <attribute name="heapSize specified" value="0" />
  <attribute name="Current GC Util" value="102" />
  <attribute name= "Current Time Running" value="191757" />
  <attribute name ="GC Interval" value="0" />
  <attribute name="Target GC Util Change" value ="80.000000" />
  <attribute name="Current GC Util Change" value="102.000000"/>
  <attribute name="Current Error" value="206.000000" />
  <attribute name="Output H" value="293677200"/>
  <attribute name="Output I" value="2376"/>
  <attribute name="Output T" value="16"/>
  <attribute name= "Current Time Running" value="191757" />
  <attribute name="GC Util currently" value="102" />
  <attribute name="CPU Util currently" value="1097880317221" />
<exclusive-end id="2126" timestamp="2019-08-08T12:52:40.421" durationms="50.370" />

<exclusive-start id="2127" timestamp="2019-08-08T12:52:40.573" intervalms="202.472">
  <response-info timems="0.024" idlems="0.024" threads="0" lastid="00000000018B4F00" lastname="main" />
</exclusive-start>
<allocation-taxation id="2128" taxation-threshold="83886080" timestamp="2019-08-08T12:52:40.573" intervalms="202.463" />
<cycle-start id="2129" type="partial gc" contextid="0" timestamp="2019-08-08T12:52:40.573" intervalms="202.322" />
<gc-start id="2130" type="partial gc" contextid="2129" timestamp="2019-08-08T12:52:40.574">
  <mem-info id="2131" free="98566144" total="304087040" percent="32">
    <mem type="eden" free="2096360" total="85983232" percent="2" />
    <remembered-set count="4384" freebytes="12139264" totalbytes="12156800" percent="99" regionsoverflowed="0" regionsstable="10" regionsrebuilding="0"/>
  </mem-info>
</gc-start>
<allocation-stats totalBytes="83607752" >
  <allocated-bytes non-tlh="0" tlh="83607752" arrayletleaf="0"/>
  <largest-consumer threadName="main" threadId="00000000018B4F00" bytes="83607752" />
</allocation-stats>
<gc-op id="2132" type="copy forward" timems="66.849" contextid="2129" timestamp="2019-08-08T12:52:40.649">
  <memory-copied type="eden" objects="2" bytes="56" bytesdiscarded="736" />
  <memory-copied type="other" objects="67" bytes="2872" bytesdiscarded="1216" />
  <memory-cardclean objects="58" bytes="1976" />
  <regions eden="40" other="2" />
  <remembered-set-cleared processed="172" cleared="9" durationms="1.744" />
  <stringconstants candidates="13838" cleared="0"  />
</gc-op>
<gc-op id="2133" type="classunload" timems="0.013" contextid="2129" timestamp="2019-08-08T12:52:40.649">
  <classunload-info classloadercandidates="54" classloadersunloaded="0" classesunloaded="0" anonymousclassesunloaded="0" quiescems="0.000" setupms="0.013" scanms="0.000" postms="0.000" />
</gc-op>
<gc-end id="2134" type="partial gc" contextid="2129" durationms="74.927" usertimems="22.072" systemtimems="29.872" timestamp="2019-08-08T12:52:40.649" activeThreads="16">
  <mem-info id="2135" free="182452224" total="304087040" percent="60">
    <mem type="eden" free="2096360" total="2097152" percent="99" />
    <remembered-set count="5376" freebytes="12135296" totalbytes="12156800" percent="99" regionsoverflowed="0" regionsstable="10" regionsrebuilding="0"/>
  </mem-info>
</gc-end>
<cycle-end id="2136" type="partial gc" contextid="2129" timestamp="2019-08-08T12:52:40.649" />
  <attribute name="elasticGC enabled" value="1" />
  <attribute name= "numThreadsSpecified" value="16" />
  <attribute name="heapSize specified" value="0" />
  <attribute name="Current GC Util" value="17" />
  <attribute name= "Current Time Running" value="191966" />
  <attribute name ="GC Interval" value="0" />
  <attribute name="Target GC Util Change" value ="80.000000" />
  <attribute name="Current GC Util Change" value="17.000000"/>
  <attribute name="Current Error" value="119.000000" />
  <attribute name="Output H" value="304162864"/>
  <attribute name="Output I" value="2224"/>
  <attribute name="Output T" value="16"/>
  <attribute name= "Current Time Running" value="191966" />
  <attribute name="GC Util currently" value="17" />
  <attribute name="CPU Util currently" value="169213845979" />
<exclusive-end id="2137" timestamp="2019-08-08T12:52:40.649" durationms="76.314" />

<exclusive-start id="2138" timestamp="2019-08-08T12:52:40.728" intervalms="154.926">
  <response-info timems="0.023" idlems="0.023" threads="0" lastid="00000000018B4F00" lastname="main" />
</exclusive-start>
<allocation-taxation id="2139" taxation-threshold="83886080" timestamp="2019-08-08T12:52:40.728" intervalms="154.940" />
<cycle-start id="2140" type="partial gc" contextid="0" timestamp="2019-08-08T12:52:40.728" intervalms="154.986" />
<gc-start id="2141" type="partial gc" contextid="2140" timestamp="2019-08-08T12:52:40.729">
  <mem-info id="2142" free="98566144" total="304087040" percent="32">
    <mem type="eden" free="2096360" total="85983232" percent="2" />
    <remembered-set count="5376" freebytes="12135296" totalbytes="12156800" percent="99" regionsoverflowed="0" regionsstable="10" regionsrebuilding="0"/>
  </mem-info>
</gc-start>
<allocation-stats totalBytes="83607728" >
  <allocated-bytes non-tlh="0" tlh="83607728" arrayletleaf="0"/>
  <largest-consumer threadName="main" threadId="00000000018B4F00" bytes="83607728" />
</allocation-stats>
<gc-op id="2143" type="copy forward" timems="78.672" contextid="2140" timestamp="2019-08-08T12:52:40.816">
  <memory-copied type="eden" objects="2" bytes="56" bytesdiscarded="736" />
  <memory-copied type="other" objects="67" bytes="2872" bytesdiscarded="1288" />
  <memory-cardclean objects="58" bytes="1976" />
  <regions eden="40" other="2" />
  <remembered-set-cleared processed="172" cleared="9" durationms="0.210" />
  <stringconstants candidates="13838" cleared="0"  />
</gc-op>
<gc-op id="2144" type="classunload" timems="0.014" contextid="2140" timestamp="2019-08-08T12:52:40.816">
  <classunload-info classloadercandidates="54" classloadersunloaded="0" classesunloaded="0" anonymousclassesunloaded="0" quiescems="0.000" setupms="0.013" scanms="0.000" postms="0.000" />
</gc-op>
<gc-end id="2145" type="partial gc" contextid="2140" durationms="88.162" usertimems="29.380" systemtimems="39.372" timestamp="2019-08-08T12:52:40.817" activeThreads="16">
  <mem-info id="2146" free="182452224" total="304087040" percent="60">
    <mem type="eden" free="2096360" total="2097152" percent="99" />
    <remembered-set count="5888" freebytes="12133248" totalbytes="12156800" percent="99" regionsoverflowed="0" regionsstable="10" regionsrebuilding="0"/>
  </mem-info>
</gc-end>
<cycle-end id="2147" type="partial gc" contextid="2140" timestamp="2019-08-08T12:52:40.817" />
  <attribute name="elasticGC enabled" value="1" />
  <attribute name= "numThreadsSpecified" value="16" />
  <attribute name="heapSize specified" value="0" />
  <attribute name="Current GC Util" value="96" />
  <attribute name= "Current Time Running" value="192122" />
  <attribute name ="GC Interval" value="0" />
  <attribute name="Target GC Util Change" value ="80.000000" />
  <attribute name="Current GC Util Change" value="96.000000"/>
  <attribute name="Current Error" value="149.000000" />
  <attribute name="Output H" value="304162896"/>
  <attribute name="Output I" value="2280"/>
  <attribute name="Output T" value="16"/>
  <attribute name= "Current Time Running" value="192122" />
  <attribute name="GC Util currently" value="96" />
  <attribute name="CPU Util currently" value="171526383639" />
<exclusive-end id="2148" timestamp="2019-08-08T12:52:40.817" durationms="88.990" />

<exclusive-start id="2149" timestamp="2019-08-08T12:52:40.890" intervalms="161.992">
  <response-info timems="0.029" idlems="0.029" threads="0" lastid="00000000018B4F00" lastname="main" />
</exclusive-start>
<allocation-taxation id="2150" taxation-threshold="83886080" timestamp="2019-08-08T12:52:40.890" intervalms="161.977" />
<cycle-start id="2151" type="partial gc" contextid="0" timestamp="2019-08-08T12:52:40.894" intervalms="165.848" />
<gc-start id="2152" type="partial gc" contextid="2151" timestamp="2019-08-08T12:52:40.894">
  <mem-info id="2153" free="98566144" total="304087040" percent="32">
    <mem type="eden" free="2096360" total="85983232" percent="2" />
    <remembered-set count="5440" freebytes="12135040" totalbytes="12156800" percent="99" regionsoverflowed="0" regionsstable="10" regionsrebuilding="0"/>
  </mem-info>
</gc-start>
<allocation-stats totalBytes="83607752" >
  <allocated-bytes non-tlh="0" tlh="83607752" arrayletleaf="0"/>
  <largest-consumer threadName="main" threadId="00000000018B4F00" bytes="83607752" />
</allocation-stats>
<gc-op id="2154" type="copy forward" timems="59.399" contextid="2151" timestamp="2019-08-08T12:52:40.957">
  <memory-copied type="eden" objects="2" bytes="56" bytesdiscarded="736" />
  <memory-copied type="other" objects="67" bytes="2872" bytesdiscarded="656" />
  <memory-cardclean objects="58" bytes="1976" />
  <regions eden="40" other="2" />
  <remembered-set-cleared processed="173" cleared="10" durationms="0.233" />
  <stringconstants candidates="13838" cleared="0"  />
</gc-op>
<gc-op id="2155" type="classunload" timems="0.016" contextid="2151" timestamp="2019-08-08T12:52:40.957">
  <classunload-info classloadercandidates="54" classloadersunloaded="0" classesunloaded="0" anonymousclassesunloaded="0" quiescems="0.000" setupms="0.015" scanms="0.000" postms="0.000" />
</gc-op>
<gc-end id="2156" type="partial gc" contextid="2151" durationms="63.134" usertimems="27.546" systemtimems="31.319" timestamp="2019-08-08T12:52:40.958" activeThreads="16">
  <mem-info id="2157" free="182452224" total="304087040" percent="60">
    <mem type="eden" free="2096360" total="2097152" percent="99" />
    <remembered-set count="5888" freebytes="12133248" totalbytes="12156800" percent="99" regionsoverflowed="0" regionsstable="10" regionsrebuilding="0"/>
  </mem-info>
</gc-end>
<cycle-end id="2158" type="partial gc" contextid="2151" timestamp="2019-08-08T12:52:40.958" />
  <attribute name="elasticGC enabled" value="1" />
  <attribute name= "numThreadsSpecified" value="16" />
  <attribute name="heapSize specified" value="0" />
  <attribute name="Current GC Util" value="39" />
  <attribute name= "Current Time Running" value="192282" />
  <attribute name ="GC Interval" value="0" />
  <attribute name="Target GC Util Change" value ="80.000000" />
  <attribute name="Current GC Util Change" value="39.000000"/>
  <attribute name="Current Error" value="231.000000" />
  <attribute name="Output H" value="304162992"/>
  <attribute name="Output I" value="2424"/>
  <attribute name="Output T" value="16"/>
  <attribute name= "Current Time Running" value="192282" />
  <attribute name="GC Util currently" value="39" />
  <attribute name="CPU Util currently" value="458232227055" />
<exclusive-end id="2159" timestamp="2019-08-08T12:52:40.958" durationms="67.800" />

<exclusive-start id="2160" timestamp="2019-08-08T12:52:41.060" intervalms="170.258">
  <response-info timems="0.027" idlems="0.027" threads="0" lastid="00000000018B4F00" lastname="main" />
</exclusive-start>
<allocation-taxation id="2161" taxation-threshold="83886080" timestamp="2019-08-08T12:52:41.060" intervalms="170.258" />
<cycle-start id="2162" type="partial gc" contextid="0" timestamp="2019-08-08T12:52:41.060" intervalms="166.327" />
<gc-start id="2163" type="partial gc" contextid="2162" timestamp="2019-08-08T12:52:41.061">
  <mem-info id="2164" free="98566144" total="304087040" percent="32">
    <mem type="eden" free="2096360" total="85983232" percent="2" />
    <remembered-set count="5440" freebytes="12135040" totalbytes="12156800" percent="99" regionsoverflowed="0" regionsstable="10" regionsrebuilding="0"/>
  </mem-info>
</gc-start>
<allocation-stats totalBytes="83607752" >
  <allocated-bytes non-tlh="0" tlh="83607752" arrayletleaf="0"/>
  <largest-consumer threadName="main" threadId="00000000018B4F00" bytes="83607752" />
</allocation-stats>
<gc-op id="2165" type="copy forward" timems="14.079" contextid="2162" timestamp="2019-08-08T12:52:41.082">
  <memory-copied type="eden" objects="2" bytes="56" bytesdiscarded="736" />
  <memory-copied type="other" objects="67" bytes="2872" bytesdiscarded="488" />
  <memory-cardclean objects="58" bytes="1976" />
  <regions eden="40" other="2" />
  <remembered-set-cleared processed="172" cleared="9" durationms="0.230" />
  <stringconstants candidates="13838" cleared="0"  />
</gc-op>
<gc-op id="2166" type="classunload" timems="0.011" contextid="2162" timestamp="2019-08-08T12:52:41.082">
  <classunload-info classloadercandidates="54" classloadersunloaded="0" classesunloaded="0" anonymousclassesunloaded="0" quiescems="0.000" setupms="0.010" scanms="0.000" postms="0.000" />
</gc-op>
<gc-end id="2167" type="partial gc" contextid="2162" durationms="21.093" usertimems="15.814" systemtimems="12.018" timestamp="2019-08-08T12:52:41.082" activeThreads="16">
  <mem-info id="2168" free="182452224" total="304087040" percent="60">
    <mem type="eden" free="2096360" total="2097152" percent="99" />
    <remembered-set count="5376" freebytes="12135296" totalbytes="12156800" percent="99" regionsoverflowed="0" regionsstable="10" regionsrebuilding="0"/>
  </mem-info>
</gc-end>
<cycle-end id="2169" type="partial gc" contextid="2162" timestamp="2019-08-08T12:52:41.082" />
  <attribute name="elasticGC enabled" value="1" />
  <attribute name= "numThreadsSpecified" value="16" />
  <attribute name="heapSize specified" value="0" />
  <attribute name="Current GC Util" value="91" />
  <attribute name= "Current Time Running" value="192452" />
  <attribute name ="GC Interval" value="0" />
  <attribute name="Target GC Util Change" value ="80.000000" />
  <attribute name="Current GC Util Change" value="91.000000"/>
  <attribute name="Current Error" value="34.000000" />
  <attribute name="Output H" value="304162760"/>
  <attribute name="Output I" value="2072"/>
  <attribute name="Output T" value="16"/>
  <attribute name= "Current Time Running" value="192452" />
  <attribute name="GC Util currently" value="91" />
  <attribute name="CPU Util currently" value="181898414856" />
<exclusive-end id="2170" timestamp="2019-08-08T12:52:41.082" durationms="22.138" />

<exclusive-start id="2171" timestamp="2019-08-08T12:52:41.121" intervalms="60.393">
  <response-info timems="0.020" idlems="0.020" threads="0" lastid="00000000018B4F00" lastname="main" />
</exclusive-start>
<allocation-taxation id="2172" taxation-threshold="83886080" timestamp="2019-08-08T12:52:41.121" intervalms="60.431" />
<cycle-start id="2173" type="partial gc" contextid="0" timestamp="2019-08-08T12:52:41.124" intervalms="63.587" />
<gc-start id="2174" type="partial gc" contextid="2173" timestamp="2019-08-08T12:52:41.125">
  <mem-info id="2175" free="98566144" total="304087040" percent="32">
    <mem type="eden" free="2096360" total="85983232" percent="2" />
    <remembered-set count="4960" freebytes="12136960" totalbytes="12156800" percent="99" regionsoverflowed="0" regionsstable="10" regionsrebuilding="0"/>
  </mem-info>
</gc-start>
<allocation-stats totalBytes="83607752" >
  <allocated-bytes non-tlh="0" tlh="83607752" arrayletleaf="0"/>
  <largest-consumer threadName="main" threadId="00000000018B4F00" bytes="83607752" />
</allocation-stats>
<gc-op id="2176" type="copy forward" timems="13.617" contextid="2173" timestamp="2019-08-08T12:52:41.143">
  <memory-copied type="eden" objects="2" bytes="56" bytesdiscarded="736" />
  <memory-copied type="other" objects="67" bytes="2872" bytesdiscarded="1064" />
  <memory-cardclean objects="58" bytes="1976" />
  <regions eden="40" other="2" />
  <remembered-set-cleared processed="172" cleared="9" durationms="0.434" />
  <stringconstants candidates="13838" cleared="0"  />
</gc-op>
<gc-op id="2177" type="classunload" timems="0.010" contextid="2173" timestamp="2019-08-08T12:52:41.143">
  <classunload-info classloadercandidates="54" classloadersunloaded="0" classesunloaded="0" anonymousclassesunloaded="0" quiescems="0.000" setupms="0.009" scanms="0.000" postms="0.000" />
</gc-op>
<gc-end id="2178" type="partial gc" contextid="2173" durationms="17.969" usertimems="16.671" systemtimems="0.000" timestamp="2019-08-08T12:52:41.143" activeThreads="16">
  <mem-info id="2179" free="182452224" total="304087040" percent="60">
    <mem type="eden" free="2096360" total="2097152" percent="99" />
    <remembered-set count="5376" freebytes="12135296" totalbytes="12156800" percent="99" regionsoverflowed="0" regionsstable="10" regionsrebuilding="0"/>
  </mem-info>
</gc-end>
<cycle-end id="2180" type="partial gc" contextid="2173" timestamp="2019-08-08T12:52:41.143" />
  <attribute name="elasticGC enabled" value="1" />
  <attribute name= "numThreadsSpecified" value="16" />
  <attribute name="heapSize specified" value="0" />
  <attribute name="Current GC Util" value="25" />
  <attribute name= "Current Time Running" value="192514" />
  <attribute name ="GC Interval" value="0" />
  <attribute name="Target GC Util Change" value ="80.000000" />
  <attribute name="Current GC Util Change" value="25.000000"/>
  <attribute name="Current Error" value="131.000000" />
  <attribute name="Output H" value="304162872"/>
  <attribute name="Output I" value="2248"/>
  <attribute name="Output T" value="16"/>
  <attribute name= "Current Time Running" value="192514" />
  <attribute name="GC Util currently" value="25" />
  <attribute name="CPU Util currently" value="405442744254" />
<exclusive-end id="2181" timestamp="2019-08-08T12:52:41.144" durationms="22.941" />

<exclusive-start id="2182" timestamp="2019-08-08T12:52:41.200" intervalms="79.435">
  <response-info timems="0.030" idlems="0.030" threads="0" lastid="00000000018B4F00" lastname="main" />
</exclusive-start>
<allocation-taxation id="2183" taxation-threshold="83886080" timestamp="2019-08-08T12:52:41.200" intervalms="79.625" />
<cycle-start id="2184" type="partial gc" contextid="0" timestamp="2019-08-08T12:52:41.201" intervalms="76.906" />
<gc-start id="2185" type="partial gc" contextid="2184" timestamp="2019-08-08T12:52:41.202">
  <mem-info id="2186" free="98566144" total="304087040" percent="32">
    <mem type="eden" free="2096360" total="85983232" percent="2" />
    <remembered-set count="4928" freebytes="12137088" totalbytes="12156800" percent="99" regionsoverflowed="0" regionsstable="10" regionsrebuilding="0"/>
  </mem-info>
</gc-start>
<allocation-stats totalBytes="83470104" >
  <allocated-bytes non-tlh="0" tlh="83470104" arrayletleaf="0"/>
  <largest-consumer threadName="main" threadId="00000000018B4F00" bytes="83470104" />
</allocation-stats>
<gc-op id="2187" type="copy forward" timems="495.232" contextid="2184" timestamp="2019-08-08T12:52:41.800">
  <memory-copied type="eden" objects="26" bytes="1920" bytesdiscarded="648" />
  <memory-copied type="other" objects="48" bytes="1152" bytesdiscarded="576" />
  <memory-cardclean objects="80" bytes="2392" />
  <regions eden="40" other="2" />
  <remembered-set-cleared processed="172" cleared="9" durationms="1.639" />
  <stringconstants candidates="13838" cleared="0"  />
</gc-op>
<gc-op id="2188" type="classunload" timems="0.010" contextid="2184" timestamp="2019-08-08T12:52:41.800">
  <classunload-info classloadercandidates="54" classloadersunloaded="0" classesunloaded="0" anonymousclassesunloaded="0" quiescems="0.000" setupms="0.009" scanms="0.000" postms="0.000" />
</gc-op>
<gc-end id="2189" type="partial gc" contextid="2184" durationms="598.961" usertimems="149.777" systemtimems="396.902" timestamp="2019-08-08T12:52:41.801" activeThreads="16">
  <mem-info id="2190" free="182452224" total="304087040" percent="60">
    <mem type="eden" free="2094584" total="2097152" percent="99" />
    <remembered-set count="4864" freebytes="12137344" totalbytes="12156800" percent="99" regionsoverflowed="0" regionsstable="10" regionsrebuilding="0"/>
  </mem-info>
</gc-end>
<cycle-end id="2191" type="partial gc" contextid="2184" timestamp="2019-08-08T12:52:41.801" />
  <attribute name="elasticGC enabled" value="1" />
  <attribute name= "numThreadsSpecified" value="16" />
  <attribute name="heapSize specified" value="0" />
  <attribute name="Current GC Util" value="41" />
  <attribute name= "Current Time Running" value="192690" />
  <attribute name ="GC Interval" value="0" />
  <attribute name="Target GC Util Change" value ="80.000000" />
  <attribute name="Current GC Util Change" value="41.000000"/>
  <attribute name="Current Error" value="231.000000" />
  <attribute name="Output H" value="304162992"/>
  <attribute name="Output I" value="2424"/>
  <attribute name="Output T" value="16"/>
  <attribute name= "Current Time Running" value="192690" />
  <attribute name="GC Util currently" value="41" />
  <attribute name="CPU Util currently" value="12608384795" />
<exclusive-end id="2192" timestamp="2019-08-08T12:52:41.801" durationms="600.962" />

<exclusive-start id="2193" timestamp="2019-08-08T12:52:41.865" intervalms="665.308">
  <response-info timems="0.023" idlems="0.023" threads="0" lastid="00000000018B4F00" lastname="main" />
</exclusive-start>
<allocation-taxation id="2194" taxation-threshold="83886080" timestamp="2019-08-08T12:52:41.865" intervalms="665.106" />
<cycle-start id="2195" type="partial gc" contextid="0" timestamp="2019-08-08T12:52:41.866" intervalms="664.681" />
<gc-start id="2196" type="partial gc" contextid="2195" timestamp="2019-08-08T12:52:41.866">
  <mem-info id="2197" free="98566144" total="304087040" percent="32">
    <mem type="eden" free="0" total="83886080" percent="0" />
    <remembered-set count="4416" freebytes="12139136" totalbytes="12156800" percent="99" regionsoverflowed="0" regionsstable="10" regionsrebuilding="0"/>
  </mem-info>
</gc-start>
<allocation-stats totalBytes="83355544" >
  <allocated-bytes non-tlh="0" tlh="83355544" arrayletleaf="0"/>
  <largest-consumer threadName="main" threadId="00000000018B4F00" bytes="83355544" />
</allocation-stats>
<gc-op id="2198" type="copy forward" timems="51.940" contextid="2195" timestamp="2019-08-08T12:52:41.952">
  <memory-copied type="eden" objects="2" bytes="64" bytesdiscarded="0" />
  <memory-copied type="other" objects="73" bytes="3032" bytesdiscarded="1608" />
  <memory-cardclean objects="58" bytes="1976" />
  <regions eden="40" other="2" />
  <remembered-set-cleared processed="171" cleared="8" durationms="0.165" />
  <stringconstants candidates="13838" cleared="0"  />
</gc-op>
<gc-op id="2199" type="classunload" timems="0.010" contextid="2195" timestamp="2019-08-08T12:52:41.952">
  <classunload-info classloadercandidates="54" classloadersunloaded="0" classesunloaded="0" anonymousclassesunloaded="0" quiescems="0.000" setupms="0.010" scanms="0.000" postms="0.000" />
</gc-op>
<heap-resize id="2200" type="expand" space="default" amount="6291456" count="1" timems="0.476" reason="excessive time being spent in gc" timestamp="2019-08-08T12:52:41.953" />
<gc-end id="2201" type="partial gc" contextid="2195" durationms="86.858" usertimems="40.322" systemtimems="84.720" timestamp="2019-08-08T12:52:41.953" activeThreads="16">
  <mem-info id="2202" free="186646528" total="310378496" percent="60">
    <mem type="eden" free="2097088" total="2097152" percent="99" />
    <remembered-set count="5376" freebytes="12386816" totalbytes="12408320" percent="99" regionsoverflowed="0" regionsstable="10" regionsrebuilding="0"/>
  </mem-info>
</gc-end>
<cycle-end id="2203" type="partial gc" contextid="2195" timestamp="2019-08-08T12:52:41.953" />
  <attribute name="elasticGC enabled" value="1" />
  <attribute name= "numThreadsSpecified" value="16" />
  <attribute name="heapSize specified" value="0" />
  <attribute name="Current GC Util" value="49" />
  <attribute name= "Current Time Running" value="193284" />
  <attribute name ="GC Interval" value="0" />
  <attribute name="Target GC Util Change" value ="80.000000" />
  <attribute name="Current GC Util Change" value="49.000000"/>
  <attribute name="Current Error" value="21.000000" />
  <attribute name="Output H" value="304162744"/>
  <attribute name="Output I" value="2048"/>
  <attribute name="Output T" value="16"/>
  <attribute name= "Current Time Running" value="193284" />
  <attribute name="GC Util currently" value="49" />
  <attribute name="CPU Util currently" value="34979424418" />
<exclusive-end id="2204" timestamp="2019-08-08T12:52:41.953" durationms="88.010" />

<exclusive-start id="2205" timestamp="2019-08-08T12:52:41.987" intervalms="121.531">
  <response-info timems="0.018" idlems="0.018" threads="0" lastid="00000000018B4F00" lastname="main" />
</exclusive-start>
<allocation-taxation id="2206" taxation-threshold="83886080" timestamp="2019-08-08T12:52:41.987" intervalms="121.497" />
<cycle-start id="2207" type="partial gc" contextid="0" timestamp="2019-08-08T12:52:41.987" intervalms="121.546" />
<gc-start id="2208" type="partial gc" contextid="2207" timestamp="2019-08-08T12:52:41.987">
  <mem-info id="2209" free="102760448" total="310378496" percent="33">
    <mem type="eden" free="2097088" total="85983232" percent="2" />
    <remembered-set count="5376" freebytes="12386816" totalbytes="12408320" percent="99" regionsoverflowed="0" regionsstable="10" regionsrebuilding="0"/>
  </mem-info>
</gc-start>
<allocation-stats totalBytes="83361496" >
  <allocated-bytes non-tlh="0" tlh="83361496" arrayletleaf="0"/>
  <largest-consumer threadName="main" threadId="00000000018B4F00" bytes="83361496" />
</allocation-stats>
<gc-op id="2210" type="copy forward" timems="14.167" contextid="2207" timestamp="2019-08-08T12:52:42.003">
  <memory-copied type="eden" objects="2" bytes="64" bytesdiscarded="0" />
  <memory-copied type="other" objects="25" bytes="1880" bytesdiscarded="792" />
  <memory-cardclean objects="44" bytes="1584" />
  <regions eden="40" other="2" />
  <remembered-set-cleared processed="174" cleared="9" durationms="0.468" />
  <stringconstants candidates="13838" cleared="0"  />
</gc-op>
<gc-op id="2211" type="classunload" timems="0.010" contextid="2207" timestamp="2019-08-08T12:52:42.003">
  <classunload-info classloadercandidates="54" classloadersunloaded="0" classesunloaded="0" anonymousclassesunloaded="0" quiescems="0.000" setupms="0.009" scanms="0.000" postms="0.000" />
</gc-op>
<gc-end id="2212" type="partial gc" contextid="2207" durationms="15.602" usertimems="17.385" systemtimems="9.363" timestamp="2019-08-08T12:52:42.003" activeThreads="16">
  <mem-info id="2213" free="186646528" total="310378496" percent="60">
    <mem type="eden" free="2097088" total="2097152" percent="99" />
    <remembered-set count="5440" freebytes="12386560" totalbytes="12408320" percent="99" regionsoverflowed="0" regionsstable="10" regionsrebuilding="0"/>
  </mem-info>
</gc-end>
<cycle-end id="2214" type="partial gc" contextid="2207" timestamp="2019-08-08T12:52:42.003" />
  <attribute name="elasticGC enabled" value="1" />
  <attribute name= "numThreadsSpecified" value="16" />
  <attribute name="heapSize specified" value="0" />
  <attribute name="Current GC Util" value="0" />
  <attribute name= "Current Time Running" value="193373" />
  <attribute name ="GC Interval" value="0" />
  <attribute name="Target GC Util Change" value ="80.000000" />
  <attribute name="Current GC Util Change" value="0.000000"/>
  <attribute name="Current Error" value="58.000000" />
  <attribute name="Output H" value="310454248"/>
  <attribute name="Output I" value="2112"/>
  <attribute name="Output T" value="16"/>
  <attribute name= "Current Time Running" value="193373" />
  <attribute name="GC Util currently" value="0" />
  <attribute name="CPU Util currently" value="2660166411477" />
<exclusive-end id="2215" timestamp="2019-08-08T12:52:42.005" durationms="17.979" />

<exclusive-start id="2216" timestamp="2019-08-08T12:52:42.037" intervalms="50.256">
  <response-info timems="0.018" idlems="0.018" threads="0" lastid="00000000018B4F00" lastname="main" />
</exclusive-start>
<allocation-taxation id="2217" taxation-threshold="83886080" timestamp="2019-08-08T12:52:42.037" intervalms="50.262" />
<cycle-start id="2218" type="partial gc" contextid="0" timestamp="2019-08-08T12:52:42.037" intervalms="50.213" />
<gc-start id="2219" type="partial gc" contextid="2218" timestamp="2019-08-08T12:52:42.038">
  <mem-info id="2220" free="102760448" total="310378496" percent="33">
    <mem type="eden" free="2097088" total="85983232" percent="2" />
    <remembered-set count="4960" freebytes="12388480" totalbytes="12408320" percent="99" regionsoverflowed="0" regionsstable="10" regionsrebuilding="0"/>
  </mem-info>
</gc-start>
<allocation-stats totalBytes="83361496" >
  <allocated-bytes non-tlh="0" tlh="83361496" arrayletleaf="0"/>
  <largest-consumer threadName="main" threadId="00000000018B4F00" bytes="83361496" />
</allocation-stats>
<gc-op id="2221" type="copy forward" timems="8.618" contextid="2218" timestamp="2019-08-08T12:52:42.048">
  <memory-copied type="eden" objects="2" bytes="64" bytesdiscarded="0" />
  <memory-copied type="other" objects="25" bytes="1880" bytesdiscarded="1032" />
  <memory-cardclean objects="44" bytes="1584" />
  <regions eden="40" other="2" />
  <remembered-set-cleared processed="174" cleared="9" durationms="0.211" />
  <stringconstants candidates="13838" cleared="0"  />
</gc-op>
<gc-op id="2222" type="classunload" timems="0.006" contextid="2218" timestamp="2019-08-08T12:52:42.048">
  <classunload-info classloadercandidates="54" classloadersunloaded="0" classesunloaded="0" anonymousclassesunloaded="0" quiescems="0.000" setupms="0.006" scanms="0.000" postms="0.000" />
</gc-op>
<gc-end id="2223" type="partial gc" contextid="2218" durationms="10.593" usertimems="15.310" systemtimems="8.194" timestamp="2019-08-08T12:52:42.048" activeThreads="16">
  <mem-info id="2224" free="186646528" total="310378496" percent="60">
    <mem type="eden" free="2097088" total="2097152" percent="99" />
    <remembered-set count="5440" freebytes="12386560" totalbytes="12408320" percent="99" regionsoverflowed="0" regionsstable="10" regionsrebuilding="0"/>
  </mem-info>
</gc-end>
<cycle-end id="2225" type="partial gc" contextid="2218" timestamp="2019-08-08T12:52:42.048" />
  <attribute name="elasticGC enabled" value="1" />
  <attribute name= "numThreadsSpecified" value="16" />
  <attribute name="heapSize specified" value="0" />
  <attribute name="Current GC Util" value="232" />
  <attribute name= "Current Time Running" value="193424" />
  <attribute name ="GC Interval" value="0" />
  <attribute name="Target GC Util Change" value ="80.000000" />
  <attribute name="Current GC Util Change" value="232.000000"/>
  <attribute name="Current Error" value="-70.000000" />
  <attribute name="Output H" value="310454096"/>
  <attribute name="Output I" value="1888"/>
  <attribute name="Output T" value="16"/>
  <attribute name= "Current Time Running" value="193424" />
  <attribute name="GC Util currently" value="232" />
  <attribute name="CPU Util currently" value="870695178430" />
<exclusive-end id="2226" timestamp="2019-08-08T12:52:42.048" durationms="11.268" />

<exclusive-start id="2227" timestamp="2019-08-08T12:52:42.079" intervalms="41.877">
  <response-info timems="0.019" idlems="0.019" threads="0" lastid="00000000018B4F00" lastname="main" />
</exclusive-start>
<allocation-taxation id="2228" taxation-threshold="83886080" timestamp="2019-08-08T12:52:42.079" intervalms="41.870" />
<cycle-start id="2229" type="partial gc" contextid="0" timestamp="2019-08-08T12:52:42.079" intervalms="41.859" />
<gc-start id="2230" type="partial gc" contextid="2229" timestamp="2019-08-08T12:52:42.079">
  <mem-info id="2231" free="102760448" total="310378496" percent="33">
    <mem type="eden" free="2097088" total="85983232" percent="2" />
    <remembered-set count="4992" freebytes="12388352" totalbytes="12408320" percent="99" regionsoverflowed="0" regionsstable="10" regionsrebuilding="0"/>
  </mem-info>
</gc-start>
<allocation-stats totalBytes="83865672" >
  <allocated-bytes non-tlh="0" tlh="83865672" arrayletleaf="0"/>
  <largest-consumer threadName="main" threadId="00000000018B4F00" bytes="83865672" />
</allocation-stats>
<gc-op id="2232" type="copy forward" timems="8.362" contextid="2229" timestamp="2019-08-08T12:52:42.089">
  <memory-copied type="eden" objects="157" bytes="5232" bytesdiscarded="672" />
  <memory-copied type="other" objects="6" bytes="144" bytesdiscarded="648" />
  <memory-cardclean objects="91" bytes="2496" />
  <regions eden="40" other="2" />
  <remembered-set-cleared processed="174" cleared="11" durationms="0.150" />
  <stringconstants candidates="13838" cleared="0"  />
</gc-op>
<gc-op id="2233" type="classunload" timems="0.007" contextid="2229" timestamp="2019-08-08T12:52:42.089">
  <classunload-info classloadercandidates="54" classloadersunloaded="0" classesunloaded="0" anonymousclassesunloaded="0" quiescems="0.000" setupms="0.006" scanms="0.000" postms="0.000" />
</gc-op>
<gc-end id="2234" type="partial gc" contextid="2229" durationms="9.963" usertimems="20.551" systemtimems="2.192" timestamp="2019-08-08T12:52:42.089" activeThreads="16">
  <mem-info id="2235" free="186646528" total="310378496" percent="60">
    <mem type="eden" free="2091248" total="2097152" percent="99" />
    <remembered-set count="5376" freebytes="12386816" totalbytes="12408320" percent="99" regionsoverflowed="0" regionsstable="10" regionsrebuilding="0"/>
  </mem-info>
</gc-end>
<cycle-end id="2236" type="partial gc" contextid="2229" timestamp="2019-08-08T12:52:42.089" />
  <attribute name="elasticGC enabled" value="1" />
  <attribute name= "numThreadsSpecified" value="16" />
  <attribute name="heapSize specified" value="0" />
  <attribute name="Current GC Util" value="210" />
  <attribute name= "Current Time Running" value="193465" />
  <attribute name ="GC Interval" value="0" />
  <attribute name="Target GC Util Change" value ="80.000000" />
  <attribute name="Current GC Util Change" value="210.000000"/>
  <attribute name="Current Error" value="-101.000000" />
  <attribute name="Output H" value="310454064"/>
  <attribute name="Output I" value="1832"/>
  <attribute name="Output T" value="16"/>
  <attribute name= "Current Time Running" value="193465" />
  <attribute name="GC Util currently" value="210" />
  <attribute name="CPU Util currently" value="1027481378619" />
<exclusive-end id="2237" timestamp="2019-08-08T12:52:42.090" durationms="10.538" />

<exclusive-start id="2238" timestamp="2019-08-08T12:52:42.249" intervalms="169.754">
  <response-info timems="0.030" idlems="0.030" threads="0" lastid="00000000018B4F00" lastname="main" />
</exclusive-start>
<allocation-taxation id="2239" taxation-threshold="83886080" timestamp="2019-08-08T12:52:42.249" intervalms="169.755" />
<cycle-start id="2240" type="partial gc" contextid="0" timestamp="2019-08-08T12:52:42.249" intervalms="169.736" />
<gc-start id="2241" type="partial gc" contextid="2240" timestamp="2019-08-08T12:52:42.249">
  <mem-info id="2242" free="102760448" total="310378496" percent="33">
    <mem type="eden" free="2091248" total="85983232" percent="2" />
    <remembered-set count="4992" freebytes="12388352" totalbytes="12408320" percent="99" regionsoverflowed="0" regionsstable="10" regionsrebuilding="0"/>
  </mem-info>
</gc-start>
<allocation-stats totalBytes="83874832" >
  <allocated-bytes non-tlh="0" tlh="83874832" arrayletleaf="0"/>
  <largest-consumer threadName="main" threadId="00000000018B4F00" bytes="83874832" />
</allocation-stats>
<gc-op id="2243" type="copy forward" timems="6.960" contextid="2240" timestamp="2019-08-08T12:52:42.257">
  <memory-copied type="eden" objects="232" bytes="7680" bytesdiscarded="2296" />
  <memory-copied type="other" objects="12" bytes="288" bytesdiscarded="1296" />
  <memory-cardclean objects="120" bytes="12456" />
  <regions eden="40" other="2" />
  <remembered-set-cleared processed="173" cleared="19" durationms="0.130" />
  <references type="weak" candidates="37" cleared="0" enqueued="0" />
  <stringconstants candidates="13838" cleared="0"  />
</gc-op>
<gc-op id="2244" type="classunload" timems="0.007" contextid="2240" timestamp="2019-08-08T12:52:42.257">
  <classunload-info classloadercandidates="54" classloadersunloaded="0" classesunloaded="0" anonymousclassesunloaded="0" quiescems="0.000" setupms="0.007" scanms="0.000" postms="0.000" />
</gc-op>
<heap-resize id="2245" type="expand" space="default" amount="4194304" count="1" timems="0.069" reason="excessive time being spent in gc" timestamp="2019-08-08T12:52:42.257" />
<gc-end id="2246" type="partial gc" contextid="2240" durationms="8.185" usertimems="18.507" systemtimems="0.000" timestamp="2019-08-08T12:52:42.257" activeThreads="16">
  <mem-info id="2247" free="188743680" total="314572800" percent="60">
    <mem type="eden" free="4183488" total="4194304" percent="99" />
    <remembered-set count="6144" freebytes="12551424" totalbytes="12576000" percent="99" regionsoverflowed="0" regionsstable="10" regionsrebuilding="0"/>
  </mem-info>
</gc-end>
<cycle-end id="2248" type="partial gc" contextid="2240" timestamp="2019-08-08T12:52:42.257" />
  <attribute name="elasticGC enabled" value="1" />
  <attribute name= "numThreadsSpecified" value="16" />
  <attribute name="heapSize specified" value="0" />
  <attribute name="Current GC Util" value="144" />
  <attribute name= "Current Time Running" value="193635" />
  <attribute name ="GC Interval" value="0" />
  <attribute name="Target GC Util Change" value ="80.000000" />
  <attribute name="Current GC Util Change" value="144.000000"/>
  <attribute name="Current Error" value="-97.000000" />
  <attribute name="Output H" value="310454064"/>
  <attribute name="Output I" value="1840"/>
  <attribute name="Output T" value="16"/>
  <attribute name= "Current Time Running" value="193635" />
  <attribute name="GC Util currently" value="144" />
  <attribute name="CPU Util currently" value="1898269283799" />
<exclusive-end id="2249" timestamp="2019-08-08T12:52:42.258" durationms="8.758" />

<exclusive-start id="2250" timestamp="2019-08-08T12:52:42.300" intervalms="51.262">
  <response-info timems="0.016" idlems="0.016" threads="0" lastid="00000000018B4F00" lastname="main" />
</exclusive-start>
<allocation-taxation id="2251" taxation-threshold="85983232" timestamp="2019-08-08T12:52:42.300" intervalms="51.275" />
<cycle-start id="2252" type="partial gc" contextid="0" timestamp="2019-08-08T12:52:42.300" intervalms="51.277" />
<gc-start id="2253" type="partial gc" contextid="2252" timestamp="2019-08-08T12:52:42.300">
  <mem-info id="2254" free="102760448" total="314572800" percent="32">
    <mem type="eden" free="0" total="85983232" percent="0" />
    <remembered-set count="6144" freebytes="12551424" totalbytes="12576000" percent="99" regionsoverflowed="0" regionsstable="10" regionsrebuilding="0"/>
  </mem-info>
</gc-start>
<allocation-stats totalBytes="85939904" >
  <allocated-bytes non-tlh="0" tlh="85939904" arrayletleaf="0"/>
  <largest-consumer threadName="main" threadId="00000000018B4F00" bytes="85939904" />
</allocation-stats>
<gc-op id="2255" type="copy forward" timems="6.538" contextid="2252" timestamp="2019-08-08T12:52:42.308">
  <memory-copied type="eden" objects="23" bytes="904" bytesdiscarded="648" />
  <memory-copied type="other" objects="109" bytes="3784" bytesdiscarded="2408" />
  <memory-cardclean objects="88" bytes="10960" />
  <regions eden="41" other="2" />
  <remembered-set-cleared processed="175" cleared="18" durationms="0.157" />
  <references type="weak" candidates="37" cleared="0" enqueued="0" />
  <stringconstants candidates="13838" cleared="0"  />
</gc-op>
<gc-op id="2256" type="classunload" timems="0.008" contextid="2252" timestamp="2019-08-08T12:52:42.308">
  <classunload-info classloadercandidates="54" classloadersunloaded="0" classesunloaded="0" anonymousclassesunloaded="0" quiescems="0.000" setupms="0.007" scanms="0.000" postms="0.000" />
</gc-op>
<gc-end id="2257" type="partial gc" contextid="2252" durationms="7.953" usertimems="17.095" systemtimems="0.000" timestamp="2019-08-08T12:52:42.308" activeThreads="16">
  <mem-info id="2258" free="186646528" total="314572800" percent="59">
    <mem type="eden" free="2095600" total="2097152" percent="99" />
    <remembered-set count="6240" freebytes="12551040" totalbytes="12576000" percent="99" regionsoverflowed="0" regionsstable="10" regionsrebuilding="0"/>
  </mem-info>
</gc-end>
<cycle-end id="2259" type="partial gc" contextid="2252" timestamp="2019-08-08T12:52:42.308" />
  <attribute name="elasticGC enabled" value="1" />
  <attribute name= "numThreadsSpecified" value="16" />
  <attribute name="heapSize specified" value="0" />
  <attribute name="Current GC Util" value="199" />
  <attribute name= "Current Time Running" value="193686" />
  <attribute name ="GC Interval" value="0" />
  <attribute name="Target GC Util Change" value ="80.000000" />
  <attribute name="Current GC Util Change" value="199.000000"/>
  <attribute name="Current Error" value="-171.000000" />
  <attribute name="Output H" value="314648288"/>
  <attribute name="Output I" value="1704"/>
  <attribute name="Output T" value="16"/>
  <attribute name= "Current Time Running" value="193686" />
  <attribute name="GC Util currently" value="199" />
  <attribute name="CPU Util currently" value="1153206284421" />
<exclusive-end id="2260" timestamp="2019-08-08T12:52:42.309" durationms="8.527" />

<exclusive-start id="2261" timestamp="2019-08-08T12:52:42.338" intervalms="38.247">
  <response-info timems="0.023" idlems="0.023" threads="0" lastid="00000000018B4F00" lastname="main" />
</exclusive-start>
<allocation-taxation id="2262" taxation-threshold="85983232" timestamp="2019-08-08T12:52:42.338" intervalms="38.241" />
<cycle-start id="2263" type="partial gc" contextid="0" timestamp="2019-08-08T12:52:42.338" intervalms="38.225" />
<gc-start id="2264" type="partial gc" contextid="2263" timestamp="2019-08-08T12:52:42.339">
  <mem-info id="2265" free="100663296" total="314572800" percent="32">
    <mem type="eden" free="0" total="85983232" percent="0" />
    <remembered-set count="5760" freebytes="12552960" totalbytes="12576000" percent="99" regionsoverflowed="0" regionsstable="10" regionsrebuilding="0"/>
  </mem-info>
</gc-start>
<allocation-stats totalBytes="85939352" >
  <allocated-bytes non-tlh="0" tlh="85939352" arrayletleaf="0"/>
  <largest-consumer threadName="main" threadId="00000000018B4F00" bytes="85939352" />
</allocation-stats>
<gc-op id="2266" type="copy forward" timems="8.764" contextid="2263" timestamp="2019-08-08T12:52:42.349">
  <memory-copied type="eden" objects="8" bytes="192" bytesdiscarded="0" />
  <memory-copied type="other" objects="120" bytes="4192" bytesdiscarded="3568" />
  <memory-cardclean objects="58" bytes="10320" />
  <regions eden="41" other="2" />
  <remembered-set-cleared processed="177" cleared="17" durationms="0.263" />
  <references type="weak" candidates="37" cleared="0" enqueued="0" />
  <stringconstants candidates="13838" cleared="0"  />
</gc-op>
<gc-op id="2267" type="classunload" timems="0.010" contextid="2263" timestamp="2019-08-08T12:52:42.349">
  <classunload-info classloadercandidates="54" classloadersunloaded="0" classesunloaded="0" anonymousclassesunloaded="0" quiescems="0.000" setupms="0.009" scanms="0.000" postms="0.000" />
</gc-op>
<gc-end id="2268" type="partial gc" contextid="2263" durationms="10.058" usertimems="23.800" systemtimems="0.000" timestamp="2019-08-08T12:52:42.349" activeThreads="16">
  <mem-info id="2269" free="184549376" total="314572800" percent="58">
    <mem type="eden" free="2096960" total="2097152" percent="99" />
    <remembered-set count="6848" freebytes="12548608" totalbytes="12576000" percent="99" regionsoverflowed="0" regionsstable="10" regionsrebuilding="0"/>
  </mem-info>
</gc-end>
<cycle-end id="2270" type="partial gc" contextid="2263" timestamp="2019-08-08T12:52:42.349" />
  <attribute name="elasticGC enabled" value="1" />
  <attribute name= "numThreadsSpecified" value="16" />
  <attribute name="heapSize specified" value="0" />
  <attribute name="Current GC Util" value="218" />
  <attribute name= "Current Time Running" value="193724" />
  <attribute name ="GC Interval" value="0" />
  <attribute name="Target GC Util Change" value ="80.000000" />
  <attribute name="Current GC Util Change" value="218.000000"/>
  <attribute name="Current Error" value="-99.000000" />
  <attribute name="Output H" value="314648368"/>
  <attribute name="Output I" value="1832"/>
  <attribute name="Output T" value="16"/>
  <attribute name= "Current Time Running" value="193724" />
  <attribute name="GC Util currently" value="218" />
  <attribute name="CPU Util currently" value="1431935508038" />
<exclusive-end id="2271" timestamp="2019-08-08T12:52:42.349" durationms="10.707" />

<exclusive-start id="2272" timestamp="2019-08-08T12:52:42.380" intervalms="41.818">
  <response-info timems="0.018" idlems="0.018" threads="0" lastid="00000000018B4F00" lastname="main" />
</exclusive-start>
<allocation-taxation id="2273" taxation-threshold="85983232" timestamp="2019-08-08T12:52:42.380" intervalms="41.801" />
<cycle-start id="2274" type="partial gc" contextid="0" timestamp="2019-08-08T12:52:42.380" intervalms="41.794" />
<gc-start id="2275" type="partial gc" contextid="2274" timestamp="2019-08-08T12:52:42.380">
  <mem-info id="2276" free="98566144" total="314572800" percent="31">
    <mem type="eden" free="2096960" total="88080384" percent="2" />
    <remembered-set count="6368" freebytes="12550528" totalbytes="12576000" percent="99" regionsoverflowed="0" regionsstable="10" regionsrebuilding="0"/>
  </mem-info>
</gc-start>
<allocation-stats totalBytes="85933216" >
  <allocated-bytes non-tlh="0" tlh="85933216" arrayletleaf="0"/>
  <largest-consumer threadName="main" threadId="00000000018B4F00" bytes="85933216" />
</allocation-stats>
<gc-op id="2277" type="copy forward" timems="8.554" contextid="2274" timestamp="2019-08-08T12:52:42.390">
  <memory-copied type="eden" objects="23" bytes="944" bytesdiscarded="672" />
  <memory-copied type="other" objects="6" bytes="144" bytesdiscarded="672" />
  <memory-cardclean objects="61" bytes="1784" />
  <regions eden="41" other="2" />
  <remembered-set-cleared processed="183" cleared="9" durationms="0.221" />
  <stringconstants candidates="13838" cleared="0"  />
</gc-op>
<gc-op id="2278" type="classunload" timems="0.008" contextid="2274" timestamp="2019-08-08T12:52:42.390">
  <classunload-info classloadercandidates="54" classloadersunloaded="0" classesunloaded="0" anonymousclassesunloaded="0" quiescems="0.000" setupms="0.008" scanms="0.000" postms="0.000" />
</gc-op>
<heap-resize id="2279" type="expand" space="default" amount="10485760" count="1" timems="0.117" reason="excessive time being spent in gc" timestamp="2019-08-08T12:52:42.390" />
<gc-end id="2280" type="partial gc" contextid="2274" durationms="9.919" usertimems="16.144" systemtimems="4.751" timestamp="2019-08-08T12:52:42.390" activeThreads="16">
  <mem-info id="2281" free="195035136" total="325058560" percent="60">
    <mem type="eden" free="2095536" total="2097152" percent="99" />
    <remembered-set count="6176" freebytes="12970496" totalbytes="12995200" percent="99" regionsoverflowed="0" regionsstable="10" regionsrebuilding="0"/>
  </mem-info>
</gc-end>
<cycle-end id="2282" type="partial gc" contextid="2274" timestamp="2019-08-08T12:52:42.390" />
  <attribute name="elasticGC enabled" value="1" />
  <attribute name= "numThreadsSpecified" value="16" />
  <attribute name="heapSize specified" value="0" />
  <attribute name="Current GC Util" value="129" />
  <attribute name= "Current Time Running" value="193766" />
  <attribute name ="GC Interval" value="0" />
  <attribute name="Target GC Util Change" value ="80.000000" />
  <attribute name="Current GC Util Change" value="129.000000"/>
  <attribute name="Current Error" value="-122.000000" />
  <attribute name="Output H" value="314648344"/>
  <attribute name="Output I" value="1792"/>
  <attribute name="Output T" value="16"/>
  <attribute name= "Current Time Running" value="193766" />
  <attribute name="GC Util currently" value="129" />
  <attribute name="CPU Util currently" value="1924737216600" />
<exclusive-end id="2283" timestamp="2019-08-08T12:52:42.391" durationms="10.480" />

<exclusive-start id="2284" timestamp="2019-08-08T12:52:42.442" intervalms="61.896">
  <response-info timems="0.018" idlems="0.018" threads="0" lastid="00000000018B4F00" lastname="main" />
</exclusive-start>
<allocation-taxation id="2285" taxation-threshold="88080384" timestamp="2019-08-08T12:52:42.442" intervalms="61.909" />
<cycle-start id="2286" type="partial gc" contextid="0" timestamp="2019-08-08T12:52:42.442" intervalms="61.948" />
<gc-start id="2287" type="partial gc" contextid="2286" timestamp="2019-08-08T12:52:42.442">
  <mem-info id="2288" free="106954752" total="325058560" percent="32">
    <mem type="eden" free="0" total="88080384" percent="0" />
    <remembered-set count="5696" freebytes="12972416" totalbytes="12995200" percent="99" regionsoverflowed="0" regionsstable="10" regionsrebuilding="0"/>
  </mem-info>
</gc-start>
<allocation-stats totalBytes="88010536" >
  <allocated-bytes non-tlh="0" tlh="88010536" arrayletleaf="0"/>
  <largest-consumer threadName="main" threadId="00000000018B4F00" bytes="88010536" />
</allocation-stats>
<gc-op id="2289" type="copy forward" timems="12.015" contextid="2286" timestamp="2019-08-08T12:52:42.456">
  <memory-copied type="eden" objects="36" bytes="1448" bytesdiscarded="648" />
  <memory-copied type="other" objects="12" bytes="288" bytesdiscarded="1296" />
  <memory-cardclean objects="66" bytes="1912" />
  <regions eden="42" other="2" />
  <remembered-set-cleared processed="183" cleared="10" durationms="0.135" />
  <stringconstants candidates="13838" cleared="0"  />
</gc-op>
<gc-op id="2290" type="classunload" timems="0.012" contextid="2286" timestamp="2019-08-08T12:52:42.456">
  <classunload-info classloadercandidates="54" classloadersunloaded="0" classesunloaded="0" anonymousclassesunloaded="0" quiescems="0.000" setupms="0.012" scanms="0.000" postms="0.000" />
</gc-op>
<heap-resize id="2291" type="expand" space="default" amount="6291456" count="1" timems="0.094" reason="excessive time being spent in gc" timestamp="2019-08-08T12:52:42.456" />
<gc-end id="2292" type="partial gc" contextid="2286" durationms="13.701" usertimems="24.891" systemtimems="3.552" timestamp="2019-08-08T12:52:42.456" activeThreads="16">
  <mem-info id="2293" free="199229440" total="331350016" percent="60">
    <mem type="eden" free="2095056" total="2097152" percent="99" />
    <remembered-set count="6144" freebytes="13222144" totalbytes="13246720" percent="99" regionsoverflowed="0" regionsstable="10" regionsrebuilding="0"/>
  </mem-info>
</gc-end>
<cycle-end id="2294" type="partial gc" contextid="2286" timestamp="2019-08-08T12:52:42.456" />
  <attribute name="elasticGC enabled" value="1" />
  <attribute name= "numThreadsSpecified" value="16" />
  <attribute name="heapSize specified" value="0" />
  <attribute name="Current GC Util" value="221" />
  <attribute name= "Current Time Running" value="193828" />
  <attribute name ="GC Interval" value="0" />
  <attribute name="Target GC Util Change" value ="80.000000" />
  <attribute name="Current GC Util Change" value="221.000000"/>
  <attribute name="Current Error" value="-216.000000" />
  <attribute name="Output H" value="325133992"/>
  <attribute name="Output I" value="1624"/>
  <attribute name="Output T" value="16"/>
  <attribute name= "Current Time Running" value="193828" />
  <attribute name="GC Util currently" value="221" />
  <attribute name="CPU Util currently" value="1182485955947" />
<exclusive-end id="2295" timestamp="2019-08-08T12:52:42.456" durationms="14.351" />

<exclusive-start id="2296" timestamp="2019-08-08T12:52:42.675" intervalms="233.162">
  <response-info timems="0.022" idlems="0.022" threads="0" lastid="00000000018B4F00" lastname="main" />
</exclusive-start>
<allocation-taxation id="2297" taxation-threshold="90177536" timestamp="2019-08-08T12:52:42.675" intervalms="233.161" />
<cycle-start id="2298" type="partial gc" contextid="0" timestamp="2019-08-08T12:52:42.675" intervalms="233.132" />
<gc-start id="2299" type="partial gc" contextid="2298" timestamp="2019-08-08T12:52:42.676">
  <mem-info id="2300" free="109051904" total="331350016" percent="32">
    <mem type="eden" free="0" total="90177536" percent="0" />
    <remembered-set count="5664" freebytes="13224064" totalbytes="13246720" percent="99" regionsoverflowed="0" regionsstable="10" regionsrebuilding="0"/>
  </mem-info>
</gc-start>
<allocation-stats totalBytes="88897600" >
  <allocated-bytes non-tlh="0" tlh="88897600" arrayletleaf="0"/>
  <largest-consumer threadName="main" threadId="00000000018B4F00" bytes="88897600" />
</allocation-stats>
<gc-op id="2301" type="copy forward" timems="11.223" contextid="2298" timestamp="2019-08-08T12:52:42.688">
  <memory-copied type="eden" objects="67" bytes="39704" bytesdiscarded="96" />
  <memory-copied type="other" objects="12" bytes="288" bytesdiscarded="1392" />
  <memory-cardclean objects="103" bytes="2816" />
  <regions eden="43" other="2" />
  <remembered-set-cleared processed="184" cleared="12" durationms="0.142" />
  <stringconstants candidates="13838" cleared="0"  />
</gc-op>
<gc-op id="2302" type="classunload" timems="0.009" contextid="2298" timestamp="2019-08-08T12:52:42.688">
  <classunload-info classloadercandidates="54" classloadersunloaded="0" classesunloaded="0" anonymousclassesunloaded="0" quiescems="0.000" setupms="0.009" scanms="0.000" postms="0.000" />
</gc-op>
<gc-end id="2303" type="partial gc" contextid="2298" durationms="12.817" usertimems="25.254" systemtimems="0.000" timestamp="2019-08-08T12:52:42.688" activeThreads="16">
  <mem-info id="2304" free="197132288" total="331350016" percent="59">
    <mem type="eden" free="2057352" total="2097152" percent="98" />
    <remembered-set count="5600" freebytes="13224320" totalbytes="13246720" percent="99" regionsoverflowed="0" regionsstable="10" regionsrebuilding="0"/>
  </mem-info>
</gc-end>
<cycle-end id="2305" type="partial gc" contextid="2298" timestamp="2019-08-08T12:52:42.688" />
  <attribute name="elasticGC enabled" value="1" />
  <attribute name= "numThreadsSpecified" value="16" />
  <attribute name="heapSize specified" value="0" />
  <attribute name="Current GC Util" value="239" />
  <attribute name= "Current Time Running" value="194061" />
  <attribute name ="GC Interval" value="0" />
  <attribute name="Target GC Util Change" value ="80.000000" />
  <attribute name="Current GC Util Change" value="239.000000"/>
  <attribute name="Current Error" value="-90.000000" />
  <attribute name="Output H" value="331425600"/>
  <attribute name="Output I" value="1848"/>
  <attribute name="Output T" value="16"/>
  <attribute name= "Current Time Running" value="194061" />
  <attribute name="GC Util currently" value="239" />
  <attribute name="CPU Util currently" value="1107531479279" />
<exclusive-end id="2306" timestamp="2019-08-08T12:52:42.689" durationms="13.459" />

<exclusive-start id="2307" timestamp="2019-08-08T12:52:42.822" intervalms="147.304">
  <response-info timems="0.023" idlems="0.023" threads="0" lastid="00000000018B4F00" lastname="main" />
</exclusive-start>
<allocation-taxation id="2308" taxation-threshold="90177536" timestamp="2019-08-08T12:52:42.823" intervalms="147.302" />
<cycle-start id="2309" type="partial gc" contextid="0" timestamp="2019-08-08T12:52:42.823" intervalms="147.300" />
<gc-start id="2310" type="partial gc" contextid="2309" timestamp="2019-08-08T12:52:42.823">
  <mem-info id="2311" free="106954752" total="331350016" percent="32">
    <mem type="eden" free="0" total="90177536" percent="0" />
    <remembered-set count="5152" freebytes="13226112" totalbytes="13246720" percent="99" regionsoverflowed="0" regionsstable="10" regionsrebuilding="0"/>
  </mem-info>
</gc-start>
<allocation-stats totalBytes="90167768" >
  <allocated-bytes non-tlh="0" tlh="90167768" arrayletleaf="0"/>
  <largest-consumer threadName="main" threadId="00000000018B4F00" bytes="90167768" />
</allocation-stats>
<gc-op id="2312" type="copy forward" timems="8.479" contextid="2309" timestamp="2019-08-08T12:52:42.832">
  <memory-copied type="eden" objects="43" bytes="1320" bytesdiscarded="240" />
  <memory-copied type="other" objects="42" bytes="1008" bytesdiscarded="792" />
  <memory-cardclean objects="126" bytes="3640" />
  <regions eden="43" other="2" />
  <remembered-set-cleared processed="185" cleared="18" durationms="0.204" />
  <stringconstants candidates="13838" cleared="0"  />
</gc-op>
<gc-op id="2313" type="classunload" timems="0.007" contextid="2309" timestamp="2019-08-08T12:52:42.832">
  <classunload-info classloadercandidates="54" classloadersunloaded="0" classesunloaded="0" anonymousclassesunloaded="0" quiescems="0.000" setupms="0.007" scanms="0.000" postms="0.000" />
</gc-op>
<gc-end id="2314" type="partial gc" contextid="2309" durationms="9.541" usertimems="20.507" systemtimems="0.000" timestamp="2019-08-08T12:52:42.832" activeThreads="16">
  <mem-info id="2315" free="195035136" total="331350016" percent="58">
    <mem type="eden" free="2095592" total="2097152" percent="99" />
    <remembered-set count="5504" freebytes="13224704" totalbytes="13246720" percent="99" regionsoverflowed="0" regionsstable="10" regionsrebuilding="0"/>
  </mem-info>
</gc-end>
<cycle-end id="2316" type="partial gc" contextid="2309" timestamp="2019-08-08T12:52:42.833" />
  <attribute name="elasticGC enabled" value="1" />
  <attribute name= "numThreadsSpecified" value="16" />
  <attribute name="heapSize specified" value="0" />
  <attribute name="Current GC Util" value="0" />
  <attribute name= "Current Time Running" value="194208" />
  <attribute name ="GC Interval" value="0" />
  <attribute name="Target GC Util Change" value ="80.000000" />
  <attribute name="Current GC Util Change" value="0.000000"/>
  <attribute name="Current Error" value="55.000000" />
  <attribute name="Output H" value="331425760"/>
  <attribute name="Output I" value="2112"/>
  <attribute name="Output T" value="16"/>
  <attribute name= "Current Time Running" value="194208" />
  <attribute name="GC Util currently" value="0" />
  <attribute name="CPU Util currently" value="1801597392510" />
<exclusive-end id="2317" timestamp="2019-08-08T12:52:42.833" durationms="10.167" />

<exclusive-start id="2318" timestamp="2019-08-08T12:52:42.926" intervalms="103.559">
  <response-info timems="0.021" idlems="0.021" threads="0" lastid="00000000018B4F00" lastname="main" />
</exclusive-start>
<allocation-taxation id="2319" taxation-threshold="90177536" timestamp="2019-08-08T12:52:42.926" intervalms="103.555" />
<cycle-start id="2320" type="partial gc" contextid="0" timestamp="2019-08-08T12:52:42.926" intervalms="103.527" />
<gc-start id="2321" type="partial gc" contextid="2320" timestamp="2019-08-08T12:52:42.926">
  <mem-info id="2322" free="104857600" total="331350016" percent="31">
    <mem type="eden" free="0" total="90177536" percent="0" />
    <remembered-set count="5024" freebytes="13226624" totalbytes="13246720" percent="99" regionsoverflowed="0" regionsstable="10" regionsrebuilding="0"/>
  </mem-info>
</gc-start>
<allocation-stats totalBytes="90155440" >
  <allocated-bytes non-tlh="0" tlh="90155440" arrayletleaf="0"/>
  <largest-consumer threadName="main" threadId="00000000018B4F00" bytes="90155440" />
</allocation-stats>
<gc-op id="2323" type="copy forward" timems="8.732" contextid="2320" timestamp="2019-08-08T12:52:42.939">
  <memory-copied type="eden" objects="29" bytes="952" bytesdiscarded="1320" />
  <memory-copied type="other" objects="64" bytes="1608" bytesdiscarded="168" />
  <memory-cardclean objects="124" bytes="3656" />
  <regions eden="43" other="2" />
  <remembered-set-cleared processed="184" cleared="17" durationms="0.146" />
  <stringconstants candidates="13838" cleared="0"  />
</gc-op>
<gc-op id="2324" type="classunload" timems="0.009" contextid="2320" timestamp="2019-08-08T12:52:42.939">
  <classunload-info classloadercandidates="54" classloadersunloaded="0" classesunloaded="0" anonymousclassesunloaded="0" quiescems="0.000" setupms="0.009" scanms="0.000" postms="0.000" />
</gc-op>
<gc-end id="2325" type="partial gc" contextid="2320" durationms="12.567" usertimems="21.110" systemtimems="0.000" timestamp="2019-08-08T12:52:42.939" activeThreads="16">
  <mem-info id="2326" free="192937984" total="331350016" percent="58">
    <mem type="eden" free="2094880" total="2097152" percent="99" />
    <remembered-set count="7040" freebytes="13218560" totalbytes="13246720" percent="99" regionsoverflowed="0" regionsstable="10" regionsrebuilding="0"/>
  </mem-info>
</gc-end>
<cycle-end id="2327" type="partial gc" contextid="2320" timestamp="2019-08-08T12:52:42.939" />
  <attribute name="elasticGC enabled" value="1" />
  <attribute name= "numThreadsSpecified" value="16" />
  <attribute name="heapSize specified" value="0" />
  <attribute name="Current GC Util" value="76" />
  <attribute name= "Current Time Running" value="194315" />
  <attribute name ="GC Interval" value="0" />
  <attribute name="Target GC Util Change" value ="80.000000" />
  <attribute name="Current GC Util Change" value="76.000000"/>
  <attribute name="Current Error" value="119.000000" />
  <attribute name="Output H" value="331425840"/>
  <attribute name="Output I" value="2224"/>
  <attribute name="Output T" value="16"/>
  <attribute name= "Current Time Running" value="194315" />
  <attribute name="GC Util currently" value="76" />
  <attribute name="CPU Util currently" value="343668363267" />
<exclusive-end id="2328" timestamp="2019-08-08T12:52:42.939" durationms="13.062" />

<exclusive-start id="2329" timestamp="2019-08-08T12:52:43.053" intervalms="126.817">
  <response-info timems="0.019" idlems="0.019" threads="0" lastid="00000000018B4F00" lastname="main" />
</exclusive-start>
<allocation-taxation id="2330" taxation-threshold="90177536" timestamp="2019-08-08T12:52:43.053" intervalms="126.814" />
<cycle-start id="2331" type="partial gc" contextid="0" timestamp="2019-08-08T12:52:43.053" intervalms="126.825" />
<gc-start id="2332" type="partial gc" contextid="2331" timestamp="2019-08-08T12:52:43.053">
  <mem-info id="2333" free="102760448" total="331350016" percent="31">
    <mem type="eden" free="0" total="90177536" percent="0" />
    <remembered-set count="6560" freebytes="13220480" totalbytes="13246720" percent="99" regionsoverflowed="0" regionsstable="10" regionsrebuilding="0"/>
  </mem-info>
</gc-start>
<allocation-stats totalBytes="90163688" >
  <allocated-bytes non-tlh="0" tlh="90163688" arrayletleaf="0"/>
  <largest-consumer threadName="main" threadId="00000000018B4F00" bytes="90163688" />
</allocation-stats>
<gc-op id="2334" type="copy forward" timems="9.523" contextid="2331" timestamp="2019-08-08T12:52:43.064">
  <memory-copied type="eden" objects="41" bytes="1200" bytesdiscarded="1176" />
  <memory-copied type="other" objects="41" bytes="1080" bytesdiscarded="1968" />
  <memory-cardclean objects="133" bytes="4080" />
  <regions eden="43" other="2" />
  <remembered-set-cleared processed="187" cleared="13" durationms="0.255" />
  <stringconstants candidates="13838" cleared="0"  />
</gc-op>
<gc-op id="2335" type="classunload" timems="0.008" contextid="2331" timestamp="2019-08-08T12:52:43.064">
  <classunload-info classloadercandidates="54" classloadersunloaded="0" classesunloaded="0" anonymousclassesunloaded="0" quiescems="0.000" setupms="0.008" scanms="0.000" postms="0.000" />
</gc-op>
<gc-end id="2336" type="partial gc" contextid="2331" durationms="11.224" usertimems="26.375" systemtimems="0.000" timestamp="2019-08-08T12:52:43.064" activeThreads="16">
  <mem-info id="2337" free="190840832" total="331350016" percent="57">
    <mem type="eden" free="2094776" total="2097152" percent="99" />
    <remembered-set count="6208" freebytes="13221888" totalbytes="13246720" percent="99" regionsoverflowed="0" regionsstable="10" regionsrebuilding="0"/>
  </mem-info>
</gc-end>
<cycle-end id="2338" type="partial gc" contextid="2331" timestamp="2019-08-08T12:52:43.065" />
  <attribute name="elasticGC enabled" value="1" />
  <attribute name= "numThreadsSpecified" value="16" />
  <attribute name="heapSize specified" value="0" />
  <attribute name="Current GC Util" value="272" />
  <attribute name= "Current Time Running" value="194439" />
  <attribute name ="GC Interval" value="0" />
  <attribute name="Target GC Util Change" value ="80.000000" />
  <attribute name="Current GC Util Change" value="272.000000"/>
  <attribute name="Current Error" value="-127.000000" />
  <attribute name="Output H" value="331425552"/>
  <attribute name="Output I" value="1784"/>
  <attribute name="Output T" value="16"/>
  <attribute name= "Current Time Running" value="194439" />
  <attribute name="GC Util currently" value="272" />
  <attribute name="CPU Util currently" value="906793978991" />
<exclusive-end id="2339" timestamp="2019-08-08T12:52:43.065" durationms="11.807" />

<exclusive-start id="2340" timestamp="2019-08-08T12:52:43.202" intervalms="149.391">
  <response-info timems="0.019" idlems="0.019" threads="0" lastid="00000000018B4F00" lastname="main" />
</exclusive-start>
<allocation-taxation id="2341" taxation-threshold="90177536" timestamp="2019-08-08T12:52:43.202" intervalms="149.396" />
<cycle-start id="2342" type="partial gc" contextid="0" timestamp="2019-08-08T12:52:43.202" intervalms="149.449" />
<gc-start id="2343" type="partial gc" contextid="2342" timestamp="2019-08-08T12:52:43.203">
  <mem-info id="2344" free="100663296" total="331350016" percent="30">
    <mem type="eden" free="0" total="90177536" percent="0" />
    <remembered-set count="6144" freebytes="13222144" totalbytes="13246720" percent="99" regionsoverflowed="0" regionsstable="10" regionsrebuilding="0"/>
  </mem-info>
</gc-start>
<allocation-stats totalBytes="90170520" >
  <allocated-bytes non-tlh="0" tlh="90170520" arrayletleaf="0"/>
  <largest-consumer threadName="main" threadId="00000000018B4F00" bytes="90170520" />
</allocation-stats>
<gc-op id="2345" type="copy forward" timems="14.290" contextid="2342" timestamp="2019-08-08T12:52:43.219">
  <memory-copied type="eden" objects="31" bytes="896" bytesdiscarded="1248" />
  <memory-copied type="other" objects="31" bytes="768" bytesdiscarded="2448" />
  <memory-cardclean objects="136" bytes="4136" />
  <regions eden="43" other="2" />
  <remembered-set-cleared processed="190" cleared="14" durationms="0.383" />
  <stringconstants candidates="13838" cleared="0"  />
</gc-op>
<gc-op id="2346" type="classunload" timems="0.009" contextid="2342" timestamp="2019-08-08T12:52:43.219">
  <classunload-info classloadercandidates="54" classloadersunloaded="0" classesunloaded="0" anonymousclassesunloaded="0" quiescems="0.000" setupms="0.009" scanms="0.000" postms="0.000" />
</gc-op>
<gc-end id="2347" type="partial gc" contextid="2342" durationms="15.929" usertimems="20.447" systemtimems="0.000" timestamp="2019-08-08T12:52:43.219" activeThreads="16">
  <mem-info id="2348" free="188743680" total="331350016" percent="56">
    <mem type="eden" free="2095008" total="2097152" percent="99" />
    <remembered-set count="6816" freebytes="13219456" totalbytes="13246720" percent="99" regionsoverflowed="0" regionsstable="10" regionsrebuilding="0"/>
  </mem-info>
</gc-end>
<cycle-end id="2349" type="partial gc" contextid="2342" timestamp="2019-08-08T12:52:43.219" />
  <attribute name="elasticGC enabled" value="1" />
  <attribute name= "numThreadsSpecified" value="16" />
  <attribute name="heapSize specified" value="0" />
  <attribute name="Current GC Util" value="88" />
  <attribute name= "Current Time Running" value="194589" />
  <attribute name ="GC Interval" value="0" />
  <attribute name="Target GC Util Change" value ="80.000000" />
  <attribute name="Current GC Util Change" value="88.000000"/>
  <attribute name="Current Error" value="-70.000000" />
  <attribute name="Output H" value="331425616"/>
  <attribute name="Output I" value="1888"/>
  <attribute name="Output T" value="16"/>
  <attribute name= "Current Time Running" value="194589" />
  <attribute name="GC Util currently" value="88" />
  <attribute name="CPU Util currently" value="1058593362562" />
<exclusive-end id="2350" timestamp="2019-08-08T12:52:43.219" durationms="16.824" />

<exclusive-start id="2351" timestamp="2019-08-08T12:52:43.355" intervalms="153.168">
  <response-info timems="0.014" idlems="0.014" threads="0" lastid="00000000018B4F00" lastname="main" />
</exclusive-start>
<allocation-taxation id="2352" taxation-threshold="90177536" timestamp="2019-08-08T12:52:43.355" intervalms="153.166" />
<cycle-start id="2353" type="partial gc" contextid="0" timestamp="2019-08-08T12:52:43.356" intervalms="153.120" />
<gc-start id="2354" type="partial gc" contextid="2353" timestamp="2019-08-08T12:52:43.356">
  <mem-info id="2355" free="98566144" total="331350016" percent="29">
    <mem type="eden" free="0" total="90177536" percent="0" />
    <remembered-set count="6400" freebytes="13221120" totalbytes="13246720" percent="99" regionsoverflowed="0" regionsstable="10" regionsrebuilding="0"/>
  </mem-info>
</gc-start>
<allocation-stats totalBytes="90171136" >
  <allocated-bytes non-tlh="0" tlh="90171136" arrayletleaf="0"/>
  <largest-consumer threadName="main" threadId="00000000018B4F00" bytes="90171136" />
</allocation-stats>
<gc-op id="2356" type="copy forward" timems="9.036" contextid="2353" timestamp="2019-08-08T12:52:43.366">
  <memory-copied type="eden" objects="55" bytes="1520" bytesdiscarded="864" />
  <memory-copied type="other" objects="36" bytes="864" bytesdiscarded="3192" />
  <memory-cardclean objects="144" bytes="3952" />
  <regions eden="43" other="2" />
  <remembered-set-cleared processed="195" cleared="18" durationms="0.140" />
  <stringconstants candidates="13838" cleared="0"  />
</gc-op>
<gc-op id="2357" type="classunload" timems="0.012" contextid="2353" timestamp="2019-08-08T12:52:43.366">
  <classunload-info classloadercandidates="54" classloadersunloaded="0" classesunloaded="0" anonymousclassesunloaded="0" quiescems="0.000" setupms="0.012" scanms="0.000" postms="0.000" />
</gc-op>
<gc-end id="2358" type="partial gc" contextid="2353" durationms="10.014" usertimems="19.761" systemtimems="0.000" timestamp="2019-08-08T12:52:43.366" activeThreads="16">
  <mem-info id="2359" free="186646528" total="331350016" percent="56">
    <mem type="eden" free="2094768" total="2097152" percent="99" />
    <remembered-set count="7744" freebytes="13215744" totalbytes="13246720" percent="99" regionsoverflowed="0" regionsstable="10" regionsrebuilding="0"/>
  </mem-info>
</gc-end>
<cycle-end id="2360" type="partial gc" contextid="2353" timestamp="2019-08-08T12:52:43.366" />
  <attribute name="elasticGC enabled" value="1" />
  <attribute name= "numThreadsSpecified" value="16" />
  <attribute name="heapSize specified" value="0" />
  <attribute name="Current GC Util" value="150" />
  <attribute name= "Current Time Running" value="194741" />
  <attribute name ="GC Interval" value="0" />
  <attribute name="Target GC Util Change" value ="80.000000" />
  <attribute name="Current GC Util Change" value="150.000000"/>
  <attribute name="Current Error" value="-73.000000" />
  <attribute name="Output H" value="331425616"/>
  <attribute name="Output I" value="1880"/>
  <attribute name="Output T" value="16"/>
  <attribute name= "Current Time Running" value="194741" />
  <attribute name="GC Util currently" value="150" />
  <attribute name="CPU Util currently" value="2509536979973" />
<exclusive-end id="2361" timestamp="2019-08-08T12:52:43.368" durationms="12.343" />

<exclusive-start id="2362" timestamp="2019-08-08T12:52:43.516" intervalms="160.954">
  <response-info timems="0.015" idlems="0.015" threads="0" lastid="00000000018B4F00" lastname="main" />
</exclusive-start>
<allocation-taxation id="2363" taxation-threshold="90177536" timestamp="2019-08-08T12:52:43.516" intervalms="160.968" />
<cycle-start id="2364" type="partial gc" contextid="0" timestamp="2019-08-08T12:52:43.517" intervalms="160.982" />
<gc-start id="2365" type="partial gc" contextid="2364" timestamp="2019-08-08T12:52:43.517">
  <mem-info id="2366" free="96468992" total="331350016" percent="29">
    <mem type="eden" free="0" total="90177536" percent="0" />
    <remembered-set count="7296" freebytes="13217536" totalbytes="13246720" percent="99" regionsoverflowed="0" regionsstable="10" regionsrebuilding="0"/>
  </mem-info>
</gc-start>
<allocation-stats totalBytes="90160456" >
  <allocated-bytes non-tlh="0" tlh="90160456" arrayletleaf="0"/>
  <largest-consumer threadName="main" threadId="00000000018B4F00" bytes="90160456" />
</allocation-stats>
<gc-op id="2367" type="copy forward" timems="9.841" contextid="2364" timestamp="2019-08-08T12:52:43.528">
  <memory-copied type="eden" objects="53" bytes="2192" bytesdiscarded="1176" />
  <memory-copied type="other" objects="48" bytes="1152" bytesdiscarded="1488" />
  <memory-cardclean objects="123" bytes="3360" />
  <regions eden="43" other="2" />
  <remembered-set-cleared processed="199" cleared="14" durationms="0.127" />
  <stringconstants candidates="13838" cleared="0"  />
</gc-op>
<gc-op id="2368" type="classunload" timems="0.009" contextid="2364" timestamp="2019-08-08T12:52:43.528">
  <classunload-info classloadercandidates="54" classloadersunloaded="0" classesunloaded="0" anonymousclassesunloaded="0" quiescems="0.000" setupms="0.009" scanms="0.000" postms="0.000" />
</gc-op>
<gc-end id="2369" type="partial gc" contextid="2364" durationms="10.973" usertimems="22.225" systemtimems="0.000" timestamp="2019-08-08T12:52:43.528" activeThreads="16">
  <mem-info id="2370" free="184549376" total="331350016" percent="55">
    <mem type="eden" free="2093784" total="2097152" percent="99" />
    <remembered-set count="6464" freebytes="13220864" totalbytes="13246720" percent="99" regionsoverflowed="0" regionsstable="10" regionsrebuilding="0"/>
  </mem-info>
</gc-end>
<cycle-end id="2371" type="partial gc" contextid="2364" timestamp="2019-08-08T12:52:43.528" />
  <attribute name="elasticGC enabled" value="1" />
  <attribute name= "numThreadsSpecified" value="16" />
  <attribute name="heapSize specified" value="0" />
  <attribute name="Current GC Util" value="133" />
  <attribute name= "Current Time Running" value="194903" />
  <attribute name ="GC Interval" value="0" />
  <attribute name="Target GC Util Change" value ="80.000000" />
  <attribute name="Current GC Util Change" value="133.000000"/>
  <attribute name="Current Error" value="16.000000" />
  <attribute name="Output H" value="331425720"/>
  <attribute name="Output I" value="2040"/>
  <attribute name="Output T" value="16"/>
  <attribute name= "Current Time Running" value="194903" />
  <attribute name="GC Util currently" value="133" />
  <attribute name="CPU Util currently" value="1926679970736" />
<exclusive-end id="2372" timestamp="2019-08-08T12:52:43.528" durationms="11.945" />

<exclusive-start id="2373" timestamp="2019-08-08T12:52:43.683" intervalms="166.331">
  <response-info timems="0.021" idlems="0.021" threads="0" lastid="00000000018B4F00" lastname="main" />
</exclusive-start>
<allocation-taxation id="2374" taxation-threshold="90177536" timestamp="2019-08-08T12:52:43.683" intervalms="166.312" />
<cycle-start id="2375" type="partial gc" contextid="0" timestamp="2019-08-08T12:52:43.683" intervalms="166.321" />
<gc-start id="2376" type="partial gc" contextid="2375" timestamp="2019-08-08T12:52:43.683">
  <mem-info id="2377" free="94371840" total="331350016" percent="28">
    <mem type="eden" free="0" total="90177536" percent="0" />
    <remembered-set count="6016" freebytes="13222656" totalbytes="13246720" percent="99" regionsoverflowed="0" regionsstable="10" regionsrebuilding="0"/>
  </mem-info>
</gc-start>
<allocation-stats totalBytes="90127176" >
  <allocated-bytes non-tlh="0" tlh="90127176" arrayletleaf="0"/>
  <largest-consumer threadName="main" threadId="00000000018B4F00" bytes="90127176" />
</allocation-stats>
<gc-op id="2378" type="copy forward" timems="7.459" contextid="2375" timestamp="2019-08-08T12:52:43.692">
  <memory-copied type="eden" objects="29" bytes="1400" bytesdiscarded="1296" />
  <memory-copied type="other" objects="54" bytes="1296" bytesdiscarded="1992" />
  <memory-cardclean objects="113" bytes="3144" />
  <regions eden="43" other="2" />
  <remembered-set-cleared processed="202" cleared="13" durationms="0.144" />
  <stringconstants candidates="13838" cleared="0"  />
</gc-op>
<gc-op id="2379" type="classunload" timems="0.007" contextid="2375" timestamp="2019-08-08T12:52:43.692">
  <classunload-info classloadercandidates="54" classloadersunloaded="0" classesunloaded="0" anonymousclassesunloaded="0" quiescems="0.000" setupms="0.007" scanms="0.000" postms="0.000" />
</gc-op>
<gc-end id="2380" type="partial gc" contextid="2375" durationms="8.831" usertimems="20.057" systemtimems="0.000" timestamp="2019-08-08T12:52:43.692" activeThreads="16">
  <mem-info id="2381" free="182452224" total="331350016" percent="55">
    <mem type="eden" free="2094456" total="2097152" percent="99" />
    <remembered-set count="7616" freebytes="13216256" totalbytes="13246720" percent="99" regionsoverflowed="0" regionsstable="10" regionsrebuilding="0"/>
  </mem-info>
</gc-end>
<cycle-end id="2382" type="partial gc" contextid="2375" timestamp="2019-08-08T12:52:43.692" />
  <attribute name="elasticGC enabled" value="1" />
  <attribute name= "numThreadsSpecified" value="16" />
  <attribute name="heapSize specified" value="0" />
  <attribute name="Current GC Util" value="234" />
  <attribute name= "Current Time Running" value="195069" />
  <attribute name ="GC Interval" value="0" />
  <attribute name="Target GC Util Change" value ="80.000000" />
  <attribute name="Current GC Util Change" value="234.000000"/>
  <attribute name="Current Error" value="-71.000000" />
  <attribute name="Output H" value="331425616"/>
  <attribute name="Output I" value="1888"/>
  <attribute name="Output T" value="16"/>
  <attribute name= "Current Time Running" value="195069" />
  <attribute name="GC Util currently" value="234" />
  <attribute name="CPU Util currently" value="1260380196119" />
<exclusive-end id="2383" timestamp="2019-08-08T12:52:43.692" durationms="9.394" />

<exclusive-start id="2384" timestamp="2019-08-08T12:52:43.725" intervalms="42.229">
  <response-info timems="0.017" idlems="0.017" threads="0" lastid="00000000018B4F00" lastname="main" />
</exclusive-start>
<allocation-taxation id="2385" taxation-threshold="90177536" timestamp="2019-08-08T12:52:43.725" intervalms="42.247" />
<cycle-start id="2386" type="partial gc" contextid="0" timestamp="2019-08-08T12:52:43.725" intervalms="42.247" />
<gc-start id="2387" type="partial gc" contextid="2386" timestamp="2019-08-08T12:52:43.725">
  <mem-info id="2388" free="92274688" total="331350016" percent="27">
    <mem type="eden" free="0" total="90177536" percent="0" />
    <remembered-set count="7168" freebytes="13218048" totalbytes="13246720" percent="99" regionsoverflowed="0" regionsstable="10" regionsrebuilding="0"/>
  </mem-info>
</gc-start>
<allocation-stats totalBytes="90025752" >
  <allocated-bytes non-tlh="0" tlh="90025752" arrayletleaf="0"/>
  <largest-consumer threadName="main" threadId="00000000018B4F00" bytes="90025752" />
</allocation-stats>
<gc-op id="2389" type="copy forward" timems="7.448" contextid="2386" timestamp="2019-08-08T12:52:43.734">
  <memory-copied type="eden" objects="4" bytes="104" bytesdiscarded="0" />
  <memory-copied type="other" objects="51" bytes="1928" bytesdiscarded="2616" />
  <memory-cardclean objects="61" bytes="1920" />
  <regions eden="43" other="2" />
  <remembered-set-cleared processed="206" cleared="9" durationms="0.142" />
  <stringconstants candidates="13838" cleared="0"  />
</gc-op>
<gc-op id="2390" type="classunload" timems="0.010" contextid="2386" timestamp="2019-08-08T12:52:43.734">
  <classunload-info classloadercandidates="54" classloadersunloaded="0" classesunloaded="0" anonymousclassesunloaded="0" quiescems="0.000" setupms="0.010" scanms="0.000" postms="0.000" />
</gc-op>
<gc-end id="2391" type="partial gc" contextid="2386" durationms="9.237" usertimems="22.049" systemtimems="0.000" timestamp="2019-08-08T12:52:43.735" activeThreads="16">
  <mem-info id="2392" free="180355072" total="331350016" percent="54">
    <mem type="eden" free="2097048" total="2097152" percent="99" />
    <remembered-set count="7296" freebytes="13217536" totalbytes="13246720" percent="99" regionsoverflowed="0" regionsstable="10" regionsrebuilding="0"/>
  </mem-info>
</gc-end>
<cycle-end id="2393" type="partial gc" contextid="2386" timestamp="2019-08-08T12:52:43.735" />
  <attribute name="elasticGC enabled" value="1" />
  <attribute name= "numThreadsSpecified" value="16" />
  <attribute name="heapSize specified" value="0" />
  <attribute name="Current GC Util" value="185" />
  <attribute name= "Current Time Running" value="195111" />
  <attribute name ="GC Interval" value="0" />
  <attribute name="Target GC Util Change" value ="80.000000" />
  <attribute name="Current GC Util Change" value="185.000000"/>
  <attribute name="Current Error" value="-139.000000" />
  <attribute name="Output H" value="331425536"/>
  <attribute name="Output I" value="1760"/>
  <attribute name="Output T" value="16"/>
  <attribute name= "Current Time Running" value="195111" />
  <attribute name="GC Util currently" value="185" />
  <attribute name="CPU Util currently" value="904139358925" />
<exclusive-end id="2394" timestamp="2019-08-08T12:52:43.735" durationms="9.829" />

<exclusive-start id="2395" timestamp="2019-08-08T12:52:43.767" intervalms="41.695">
  <response-info timems="0.018" idlems="0.018" threads="0" lastid="00000000018B4F00" lastname="main" />
</exclusive-start>
<allocation-taxation id="2396" taxation-threshold="90177536" timestamp="2019-08-08T12:52:43.767" intervalms="41.681" />
<cycle-start id="2397" type="partial gc" contextid="0" timestamp="2019-08-08T12:52:43.767" intervalms="41.656" />
<gc-start id="2398" type="partial gc" contextid="2397" timestamp="2019-08-08T12:52:43.767">
  <mem-info id="2399" free="90177536" total="331350016" percent="27">
    <mem type="eden" free="2097048" total="92274688" percent="2" />
    <remembered-set count="6848" freebytes="13219328" totalbytes="13246720" percent="99" regionsoverflowed="0" regionsstable="10" regionsrebuilding="0"/>
  </mem-info>
</gc-start>
<allocation-stats totalBytes="90018528" >
  <allocated-bytes non-tlh="0" tlh="90018528" arrayletleaf="0"/>
  <largest-consumer threadName="main" threadId="00000000018B4F00" bytes="90018528" />
</allocation-stats>
<gc-op id="2400" type="copy forward" timems="7.696" contextid="2397" timestamp="2019-08-08T12:52:43.776">
  <memory-copied type="eden" objects="4" bytes="104" bytesdiscarded="0" />
  <memory-copied type="other" objects="27" bytes="1352" bytesdiscarded="1296" />
  <memory-cardclean objects="40" bytes="1384" />
  <regions eden="43" other="2" />
  <remembered-set-cleared processed="209" cleared="6" durationms="0.172" />
  <stringconstants candidates="13838" cleared="0"  />
</gc-op>
<gc-op id="2401" type="classunload" timems="0.007" contextid="2397" timestamp="2019-08-08T12:52:43.776">
  <classunload-info classloadercandidates="54" classloadersunloaded="0" classesunloaded="0" anonymousclassesunloaded="0" quiescems="0.000" setupms="0.007" scanms="0.000" postms="0.000" />
</gc-op>
<gc-end id="2402" type="partial gc" contextid="2397" durationms="9.221" usertimems="19.047" systemtimems="0.000" timestamp="2019-08-08T12:52:43.776" activeThreads="16">
  <mem-info id="2403" free="180355072" total="331350016" percent="54">
    <mem type="eden" free="2097048" total="2097152" percent="99" />
    <remembered-set count="6976" freebytes="13218816" totalbytes="13246720" percent="99" regionsoverflowed="0" regionsstable="10" regionsrebuilding="0"/>
  </mem-info>
</gc-end>
<cycle-end id="2404" type="partial gc" contextid="2397" timestamp="2019-08-08T12:52:43.776" />
  <attribute name="elasticGC enabled" value="1" />
  <attribute name= "numThreadsSpecified" value="16" />
  <attribute name="heapSize specified" value="0" />
  <attribute name="Current GC Util" value="210" />
  <attribute name= "Current Time Running" value="195153" />
  <attribute name ="GC Interval" value="0" />
  <attribute name="Target GC Util Change" value ="80.000000" />
  <attribute name="Current GC Util Change" value="210.000000"/>
  <attribute name="Current Error" value="-99.000000" />
  <attribute name="Output H" value="331425584"/>
  <attribute name="Output I" value="1832"/>
  <attribute name="Output T" value="16"/>
  <attribute name= "Current Time Running" value="195153" />
  <attribute name="GC Util currently" value="210" />
  <attribute name="CPU Util currently" value="1068716220890" />
<exclusive-end id="2405" timestamp="2019-08-08T12:52:43.776" durationms="9.773" />

<exclusive-start id="2406" timestamp="2019-08-08T12:52:43.892" intervalms="125.071">
  <response-info timems="0.017" idlems="0.017" threads="0" lastid="00000000018B4F00" lastname="main" />
</exclusive-start>
<allocation-taxation id="2407" taxation-threshold="90177536" timestamp="2019-08-08T12:52:43.892" intervalms="125.073" />
<cycle-start id="2408" type="partial gc" contextid="0" timestamp="2019-08-08T12:52:43.892" intervalms="125.079" />
<gc-start id="2409" type="partial gc" contextid="2408" timestamp="2019-08-08T12:52:43.892">
  <mem-info id="2410" free="90177536" total="331350016" percent="27">
    <mem type="eden" free="2097048" total="92274688" percent="2" />
    <remembered-set count="6528" freebytes="13220608" totalbytes="13246720" percent="99" regionsoverflowed="0" regionsstable="10" regionsrebuilding="0"/>
  </mem-info>
</gc-start>
<allocation-stats totalBytes="90084304" >
  <allocated-bytes non-tlh="0" tlh="90084304" arrayletleaf="0"/>
  <largest-consumer threadName="main" threadId="00000000018B4F00" bytes="90084304" />
</allocation-stats>
<gc-op id="2411" type="copy forward" timems="7.725" contextid="2408" timestamp="2019-08-08T12:52:43.901">
  <memory-copied type="eden" objects="41" bytes="2008" bytesdiscarded="1176" />
  <memory-copied type="other" objects="12" bytes="288" bytesdiscarded="1296" />
  <memory-cardclean objects="97" bytes="2640" />
  <regions eden="43" other="2" />
  <remembered-set-cleared processed="209" cleared="13" durationms="0.145" />
  <stringconstants candidates="13838" cleared="0"  />
</gc-op>
<gc-op id="2412" type="classunload" timems="0.008" contextid="2408" timestamp="2019-08-08T12:52:43.901">
  <classunload-info classloadercandidates="54" classloadersunloaded="0" classesunloaded="0" anonymousclassesunloaded="0" quiescems="0.000" setupms="0.008" scanms="0.000" postms="0.000" />
</gc-op>
<heap-resize id="2413" type="expand" space="default" amount="46137344" count="1" timems="0.262" reason="excessive time being spent in gc" timestamp="2019-08-08T12:52:43.902" />
<gc-end id="2414" type="partial gc" contextid="2408" durationms="9.564" usertimems="20.716" systemtimems="0.000" timestamp="2019-08-08T12:52:43.902" activeThreads="16">
  <mem-info id="2415" free="226492416" total="377487360" percent="60">
    <mem type="eden" free="2093968" total="2097152" percent="99" />
    <remembered-set count="7264" freebytes="15062144" totalbytes="15091200" percent="99" regionsoverflowed="0" regionsstable="10" regionsrebuilding="0"/>
  </mem-info>
</gc-end>
<cycle-end id="2416" type="partial gc" contextid="2408" timestamp="2019-08-08T12:52:43.902" />
  <attribute name="elasticGC enabled" value="1" />
  <attribute name= "numThreadsSpecified" value="16" />
  <attribute name="heapSize specified" value="0" />
  <attribute name="Current GC Util" value="219" />
  <attribute name= "Current Time Running" value="195278" />
  <attribute name ="GC Interval" value="0" />
  <attribute name="Target GC Util Change" value ="80.000000" />
  <attribute name="Current GC Util Change" value="219.000000"/>
  <attribute name="Current Error" value="-171.000000" />
  <attribute name="Output H" value="331425504"/>
  <attribute name="Output I" value="1704"/>
  <attribute name="Output T" value="16"/>
  <attribute name= "Current Time Running" value="195278" />
  <attribute name="GC Util currently" value="219" />
  <attribute name="CPU Util currently" value="1051075388599" />
<exclusive-end id="2417" timestamp="2019-08-08T12:52:43.902" durationms="10.183" />

<exclusive-start id="2418" timestamp="2019-08-08T12:52:43.984" intervalms="92.068">
  <response-info timems="0.013" idlems="0.013" threads="0" lastid="00000000018B4F00" lastname="main" />
</exclusive-start>
<allocation-taxation id="2419" taxation-threshold="100663296" timestamp="2019-08-08T12:52:43.984" intervalms="92.088" />
<cycle-start id="2420" type="partial gc" contextid="0" timestamp="2019-08-08T12:52:43.984" intervalms="92.129" />
<gc-start id="2421" type="partial gc" contextid="2420" timestamp="2019-08-08T12:52:43.984">
  <mem-info id="2422" free="125829120" total="377487360" percent="33">
    <mem type="eden" free="0" total="100663296" percent="0" />
    <remembered-set count="6784" freebytes="15064064" totalbytes="15091200" percent="99" regionsoverflowed="0" regionsstable="10" regionsrebuilding="0"/>
  </mem-info>
</gc-start>
<allocation-stats totalBytes="100550216" >
  <allocated-bytes non-tlh="0" tlh="100550216" arrayletleaf="0"/>
  <largest-consumer threadName="main" threadId="00000000018B4F00" bytes="100550216" />
</allocation-stats>
<gc-op id="2423" type="copy forward" timems="6.769" contextid="2420" timestamp="2019-08-08T12:52:43.992">
  <memory-copied type="eden" objects="35" bytes="4192" bytesdiscarded="696" />
  <memory-copied type="other" objects="30" bytes="720" bytesdiscarded="2640" />
  <memory-cardclean objects="105" bytes="2928" />
  <regions eden="48" other="2" />
  <remembered-set-cleared processed="208" cleared="13" durationms="0.129" />
  <stringconstants candidates="13838" cleared="0"  />
</gc-op>
<gc-op id="2424" type="classunload" timems="0.009" contextid="2420" timestamp="2019-08-08T12:52:43.992">
  <classunload-info classloadercandidates="54" classloadersunloaded="0" classesunloaded="0" anonymousclassesunloaded="0" quiescems="0.000" setupms="0.009" scanms="0.000" postms="0.000" />
</gc-op>
<gc-end id="2425" type="partial gc" contextid="2420" durationms="7.956" usertimems="18.043" systemtimems="0.000" timestamp="2019-08-08T12:52:43.992" activeThreads="16">
  <mem-info id="2426" free="224395264" total="377487360" percent="59">
    <mem type="eden" free="2092264" total="2097152" percent="99" />
    <remembered-set count="7744" freebytes="15060224" totalbytes="15091200" percent="99" regionsoverflowed="0" regionsstable="10" regionsrebuilding="0"/>
  </mem-info>
</gc-end>
<cycle-end id="2427" type="partial gc" contextid="2420" timestamp="2019-08-08T12:52:43.992" />
  <attribute name="elasticGC enabled" value="1" />
  <attribute name= "numThreadsSpecified" value="16" />
  <attribute name="heapSize specified" value="0" />
  <attribute name="Current GC Util" value="132" />
  <attribute name= "Current Time Running" value="195370" />
  <attribute name ="GC Interval" value="0" />
  <attribute name="Target GC Util Change" value ="80.000000" />
  <attribute name="Current GC Util Change" value="132.000000"/>
  <attribute name="Current Error" value="-163.000000" />
  <attribute name="Output H" value="377562856"/>
  <attribute name="Output I" value="1720"/>
  <attribute name="Output T" value="16"/>
  <attribute name= "Current Time Running" value="195370" />
  <attribute name="GC Util currently" value="132" />
  <attribute name="CPU Util currently" value="1752069711303" />
<exclusive-end id="2428" timestamp="2019-08-08T12:52:43.992" durationms="8.705" />

<exclusive-start id="2429" timestamp="2019-08-08T12:52:44.192" intervalms="207.936">
  <response-info timems="0.016" idlems="0.016" threads="0" lastid="00000000018B4F00" lastname="main" />
</exclusive-start>
<allocation-taxation id="2430" taxation-threshold="100663296" timestamp="2019-08-08T12:52:44.192" intervalms="207.913" />
<cycle-start id="2431" type="partial gc" contextid="0" timestamp="2019-08-08T12:52:44.192" intervalms="207.898" />
<gc-start id="2432" type="partial gc" contextid="2431" timestamp="2019-08-08T12:52:44.192">
  <mem-info id="2433" free="123731968" total="377487360" percent="32">
    <mem type="eden" free="0" total="100663296" percent="0" />
    <remembered-set count="7296" freebytes="15062016" totalbytes="15091200" percent="99" regionsoverflowed="0" regionsstable="10" regionsrebuilding="0"/>
  </mem-info>
</gc-start>
<allocation-stats totalBytes="100602368" >
  <allocated-bytes non-tlh="0" tlh="100602368" arrayletleaf="0"/>
  <largest-consumer threadName="main" threadId="00000000018B4F00" bytes="100602368" />
</allocation-stats>
<gc-op id="2434" type="copy forward" timems="7.289" contextid="2431" timestamp="2019-08-08T12:52:44.200">
  <memory-copied type="eden" objects="36" bytes="1152" bytesdiscarded="624" />
  <memory-copied type="other" objects="24" bytes="576" bytesdiscarded="1968" />
  <memory-cardclean objects="108" bytes="2984" />
  <regions eden="48" other="2" />
  <remembered-set-cleared processed="211" cleared="12" durationms="0.158" />
  <stringconstants candidates="13838" cleared="0"  />
</gc-op>
<gc-op id="2435" type="classunload" timems="0.006" contextid="2431" timestamp="2019-08-08T12:52:44.200">
  <classunload-info classloadercandidates="54" classloadersunloaded="0" classesunloaded="0" anonymousclassesunloaded="0" quiescems="0.000" setupms="0.006" scanms="0.000" postms="0.000" />
</gc-op>
<gc-end id="2436" type="partial gc" contextid="2431" durationms="8.515" usertimems="19.576" systemtimems="0.000" timestamp="2019-08-08T12:52:44.201" activeThreads="16">
  <mem-info id="2437" free="222298112" total="377487360" percent="58">
    <mem type="eden" free="2095376" total="2097152" percent="99" />
    <remembered-set count="7872" freebytes="15059712" totalbytes="15091200" percent="99" regionsoverflowed="0" regionsstable="10" regionsrebuilding="0"/>
  </mem-info>
</gc-end>
<cycle-end id="2438" type="partial gc" contextid="2431" timestamp="2019-08-08T12:52:44.201" />
  <attribute name="elasticGC enabled" value="1" />
  <attribute name= "numThreadsSpecified" value="16" />
  <attribute name="heapSize specified" value="0" />
  <attribute name="Current GC Util" value="145" />
  <attribute name= "Current Time Running" value="195578" />
  <attribute name ="GC Interval" value="0" />
  <attribute name="Target GC Util Change" value ="80.000000" />
  <attribute name="Current GC Util Change" value="145.000000"/>
  <attribute name="Current Error" value="7.000000" />
  <attribute name="Output H" value="377563048"/>
  <attribute name="Output I" value="2024"/>
  <attribute name="Output T" value="16"/>
  <attribute name= "Current Time Running" value="195578" />
  <attribute name="GC Util currently" value="145" />
  <attribute name="CPU Util currently" value="1607652333491" />
<exclusive-end id="2439" timestamp="2019-08-08T12:52:44.201" durationms="9.120" />

<exclusive-start id="2440" timestamp="2019-08-08T12:52:44.379" intervalms="186.956">
  <response-info timems="0.018" idlems="0.018" threads="0" lastid="00000000018B4F00" lastname="main" />
</exclusive-start>
<allocation-taxation id="2441" taxation-threshold="100663296" timestamp="2019-08-08T12:52:44.379" intervalms="186.961" />
<cycle-start id="2442" type="partial gc" contextid="0" timestamp="2019-08-08T12:52:44.379" intervalms="186.962" />
<gc-start id="2443" type="partial gc" contextid="2442" timestamp="2019-08-08T12:52:44.379">
  <mem-info id="2444" free="121634816" total="377487360" percent="32">
    <mem type="eden" free="0" total="100663296" percent="0" />
    <remembered-set count="7392" freebytes="15061632" totalbytes="15091200" percent="99" regionsoverflowed="0" regionsstable="10" regionsrebuilding="0"/>
  </mem-info>
</gc-start>
<allocation-stats totalBytes="100644720" >
  <allocated-bytes non-tlh="0" tlh="100644720" arrayletleaf="0"/>
  <largest-consumer threadName="main" threadId="00000000018B4F00" bytes="100644720" />
</allocation-stats>
<gc-op id="2445" type="copy forward" timems="6.915" contextid="2442" timestamp="2019-08-08T12:52:44.387">
  <memory-copied type="eden" objects="5" bytes="240" bytesdiscarded="0" />
  <memory-copied type="other" objects="32" bytes="960" bytesdiscarded="1224" />
  <memory-cardclean objects="69" bytes="2064" />
  <regions eden="48" other="2" />
  <remembered-set-cleared processed="215" cleared="6" durationms="0.153" />
  <stringconstants candidates="13838" cleared="0"  />
</gc-op>
<gc-op id="2446" type="classunload" timems="0.008" contextid="2442" timestamp="2019-08-08T12:52:44.387">
  <classunload-info classloadercandidates="54" classloadersunloaded="0" classesunloaded="0" anonymousclassesunloaded="0" quiescems="0.000" setupms="0.008" scanms="0.000" postms="0.000" />
</gc-op>
<gc-end id="2447" type="partial gc" contextid="2442" durationms="8.367" usertimems="16.857" systemtimems="0.000" timestamp="2019-08-08T12:52:44.387" activeThreads="16">
  <mem-info id="2448" free="220200960" total="377487360" percent="58">
    <mem type="eden" free="2096912" total="2097152" percent="99" />
    <remembered-set count="7680" freebytes="15060480" totalbytes="15091200" percent="99" regionsoverflowed="0" regionsstable="10" regionsrebuilding="0"/>
  </mem-info>
</gc-end>
<cycle-end id="2449" type="partial gc" contextid="2442" timestamp="2019-08-08T12:52:44.388" />
  <attribute name="elasticGC enabled" value="1" />
  <attribute name= "numThreadsSpecified" value="16" />
  <attribute name="heapSize specified" value="0" />
  <attribute name="Current GC Util" value="198" />
  <attribute name= "Current Time Running" value="195765" />
  <attribute name ="GC Interval" value="0" />
  <attribute name="Target GC Util Change" value ="80.000000" />
  <attribute name="Current GC Util Change" value="198.000000"/>
  <attribute name="Current Error" value="-40.000000" />
  <attribute name="Output H" value="377563000"/>
  <attribute name="Output I" value="1944"/>
  <attribute name="Output T" value="16"/>
  <attribute name= "Current Time Running" value="195765" />
  <attribute name="GC Util currently" value="198" />
  <attribute name="CPU Util currently" value="1369265368366" />
<exclusive-end id="2450" timestamp="2019-08-08T12:52:44.388" durationms="9.027" />

<exclusive-start id="2451" timestamp="2019-08-08T12:52:44.492" intervalms="113.514">
  <response-info timems="0.018" idlems="0.018" threads="0" lastid="00000000018B4F00" lastname="main" />
</exclusive-start>
<allocation-taxation id="2452" taxation-threshold="100663296" timestamp="2019-08-08T12:52:44.492" intervalms="113.522" />
<cycle-start id="2453" type="partial gc" contextid="0" timestamp="2019-08-08T12:52:44.492" intervalms="113.524" />
<gc-start id="2454" type="partial gc" contextid="2453" timestamp="2019-08-08T12:52:44.493">
  <mem-info id="2455" free="119537664" total="377487360" percent="31">
    <mem type="eden" free="2096912" total="102760448" percent="2" />
    <remembered-set count="7200" freebytes="15062400" totalbytes="15091200" percent="99" regionsoverflowed="0" regionsstable="10" regionsrebuilding="0"/>
  </mem-info>
</gc-start>
<allocation-stats totalBytes="100581136" >
  <allocated-bytes non-tlh="0" tlh="100581136" arrayletleaf="0"/>
  <largest-consumer threadName="main" threadId="00000000018B4F00" bytes="100581136" />
</allocation-stats>
<gc-op id="2456" type="copy forward" timems="6.154" contextid="2453" timestamp="2019-08-08T12:52:44.500">
  <memory-copied type="eden" objects="26" bytes="1352" bytesdiscarded="672" />
  <memory-copied type="other" objects="12" bytes="288" bytesdiscarded="672" />
  <memory-cardclean objects="64" bytes="1864" />
  <regions eden="48" other="2" />
  <remembered-set-cleared processed="217" cleared="6" durationms="0.150" />
  <stringconstants candidates="13838" cleared="0"  />
</gc-op>
<gc-op id="2457" type="classunload" timems="0.008" contextid="2453" timestamp="2019-08-08T12:52:44.500">
  <classunload-info classloadercandidates="54" classloadersunloaded="0" classesunloaded="0" anonymousclassesunloaded="0" quiescems="0.000" setupms="0.008" scanms="0.000" postms="0.000" />
</gc-op>
<gc-end id="2458" type="partial gc" contextid="2453" durationms="7.296" usertimems="15.151" systemtimems="0.000" timestamp="2019-08-08T12:52:44.500" activeThreads="16">
  <mem-info id="2459" free="220200960" total="377487360" percent="58">
    <mem type="eden" free="2095128" total="2097152" percent="99" />
    <remembered-set count="7232" freebytes="15062272" totalbytes="15091200" percent="99" regionsoverflowed="0" regionsstable="10" regionsrebuilding="0"/>
  </mem-info>
</gc-end>
<cycle-end id="2460" type="partial gc" contextid="2453" timestamp="2019-08-08T12:52:44.500" />
  <attribute name="elasticGC enabled" value="1" />
  <attribute name= "numThreadsSpecified" value="16" />
  <attribute name="heapSize specified" value="0" />
  <attribute name="Current GC Util" value="162" />
  <attribute name= "Current Time Running" value="195878" />
  <attribute name ="GC Interval" value="0" />
  <attribute name="Target GC Util Change" value ="80.000000" />
  <attribute name="Current GC Util Change" value="162.000000"/>
  <attribute name="Current Error" value="-55.000000" />
  <attribute name="Output H" value="377562984"/>
  <attribute name="Output I" value="1912"/>
  <attribute name="Output T" value="16"/>
  <attribute name= "Current Time Running" value="195878" />
  <attribute name="GC Util currently" value="162" />
  <attribute name="CPU Util currently" value="2439219396741" />
<exclusive-end id="2461" timestamp="2019-08-08T12:52:44.500" durationms="8.143" />

<exclusive-start id="2462" timestamp="2019-08-08T12:52:44.536" intervalms="44.252">
  <response-info timems="0.015" idlems="0.015" threads="0" lastid="00000000018B4F00" lastname="main" />
</exclusive-start>
<allocation-taxation id="2463" taxation-threshold="100663296" timestamp="2019-08-08T12:52:44.536" intervalms="44.246" />
<cycle-start id="2464" type="partial gc" contextid="0" timestamp="2019-08-08T12:52:44.537" intervalms="44.365" />
<gc-start id="2465" type="partial gc" contextid="2464" timestamp="2019-08-08T12:52:44.537">
  <mem-info id="2466" free="119537664" total="377487360" percent="31">
    <mem type="eden" free="0" total="100663296" percent="0" />
    <remembered-set count="7232" freebytes="15062272" totalbytes="15091200" percent="99" regionsoverflowed="0" regionsstable="10" regionsrebuilding="0"/>
  </mem-info>
</gc-start>
<allocation-stats totalBytes="100525552" >
  <allocated-bytes non-tlh="0" tlh="100525552" arrayletleaf="0"/>
  <largest-consumer threadName="main" threadId="00000000018B4F00" bytes="100525552" />
</allocation-stats>
<gc-op id="2467" type="copy forward" timems="6.375" contextid="2464" timestamp="2019-08-08T12:52:44.544">
  <memory-copied type="eden" objects="4" bytes="112" bytesdiscarded="680" />
  <memory-copied type="other" objects="33" bytes="1504" bytesdiscarded="1856" />
  <memory-cardclean objects="43" bytes="1464" />
  <regions eden="48" other="2" />
  <remembered-set-cleared processed="217" cleared="6" durationms="0.133" />
  <stringconstants candidates="13838" cleared="0"  />
</gc-op>
<gc-op id="2468" type="classunload" timems="0.008" contextid="2464" timestamp="2019-08-08T12:52:44.544">
  <classunload-info classloadercandidates="54" classloadersunloaded="0" classesunloaded="0" anonymousclassesunloaded="0" quiescems="0.000" setupms="0.007" scanms="0.000" postms="0.000" />
</gc-op>
<gc-end id="2469" type="partial gc" contextid="2464" durationms="7.471" usertimems="17.798" systemtimems="0.000" timestamp="2019-08-08T12:52:44.544" activeThreads="16">
  <mem-info id="2470" free="218103808" total="377487360" percent="57">
    <mem type="eden" free="2096360" total="2097152" percent="99" />
    <remembered-set count="6720" freebytes="15064320" totalbytes="15091200" percent="99" regionsoverflowed="0" regionsstable="10" regionsrebuilding="0"/>
  </mem-info>
</gc-end>
<cycle-end id="2471" type="partial gc" contextid="2464" timestamp="2019-08-08T12:52:44.545" />
  <attribute name="elasticGC enabled" value="1" />
  <attribute name= "numThreadsSpecified" value="16" />
  <attribute name="heapSize specified" value="0" />
  <attribute name="Current GC Util" value="126" />
  <attribute name= "Current Time Running" value="195922" />
  <attribute name ="GC Interval" value="0" />
  <attribute name="Target GC Util Change" value ="80.000000" />
  <attribute name="Current GC Util Change" value="126.000000"/>
  <attribute name="Current Error" value="1.000000" />
  <attribute name="Output H" value="377563048"/>
  <attribute name="Output I" value="2016"/>
  <attribute name="Output T" value="16"/>
  <attribute name= "Current Time Running" value="195922" />
  <attribute name="GC Util currently" value="126" />
  <attribute name="CPU Util currently" value="2151370197045" />
<exclusive-end id="2472" timestamp="2019-08-08T12:52:44.545" durationms="8.295" />

* Round 3 done in 5.265 seconds.
<exclusive-start id="2473" timestamp="2019-08-08T12:52:44.809" intervalms="272.555">
  <response-info timems="0.020" idlems="0.020" threads="0" lastid="00000000018B4F00" lastname="main" />
</exclusive-start>
<allocation-taxation id="2474" taxation-threshold="100663296" timestamp="2019-08-08T12:52:44.809" intervalms="272.555" />
<cycle-start id="2475" type="partial gc" contextid="0" timestamp="2019-08-08T12:52:44.809" intervalms="272.453" />
<gc-start id="2476" type="partial gc" contextid="2475" timestamp="2019-08-08T12:52:44.809">
  <mem-info id="2477" free="117440512" total="377487360" percent="31">
    <mem type="eden" free="2096360" total="102760448" percent="2" />
    <remembered-set count="6240" freebytes="15066240" totalbytes="15091200" percent="99" regionsoverflowed="0" regionsstable="10" regionsrebuilding="0"/>
  </mem-info>
</gc-start>
<allocation-stats totalBytes="100570632" >
  <allocated-bytes non-tlh="0" tlh="100570632" arrayletleaf="0"/>
  <largest-consumer threadName="main" threadId="00000000018B4F00" bytes="100570632" />
</allocation-stats>
<gc-op id="2478" type="copy forward" timems="6.345" contextid="2475" timestamp="2019-08-08T12:52:44.817">
  <memory-copied type="eden" objects="87" bytes="3560" bytesdiscarded="424" />
  <memory-copied type="other" objects="6" bytes="144" bytesdiscarded="672" />
  <memory-cardclean objects="175" bytes="5328" />
  <regions eden="48" other="2" />
  <remembered-set-cleared processed="219" cleared="20" durationms="0.133" />
  <stringconstants candidates="13838" cleared="0"  />
</gc-op>
<gc-op id="2479" type="classunload" timems="0.007" contextid="2475" timestamp="2019-08-08T12:52:44.817">
  <classunload-info classloadercandidates="54" classloadersunloaded="0" classesunloaded="0" anonymousclassesunloaded="0" quiescems="0.000" setupms="0.007" scanms="0.000" postms="0.000" />
</gc-op>
<gc-end id="2480" type="partial gc" contextid="2475" durationms="7.467" usertimems="16.528" systemtimems="0.000" timestamp="2019-08-08T12:52:44.817" activeThreads="16">
  <mem-info id="2481" free="218103808" total="377487360" percent="57">
    <mem type="eden" free="2093168" total="2097152" percent="99" />
    <remembered-set count="6880" freebytes="15063680" totalbytes="15091200" percent="99" regionsoverflowed="0" regionsstable="10" regionsrebuilding="0"/>
  </mem-info>
</gc-end>
<cycle-end id="2482" type="partial gc" contextid="2475" timestamp="2019-08-08T12:52:44.817" />
  <attribute name="elasticGC enabled" value="1" />
  <attribute name= "numThreadsSpecified" value="16" />
  <attribute name="heapSize specified" value="0" />
  <attribute name="Current GC Util" value="134" />
  <attribute name= "Current Time Running" value="196195" />
  <attribute name ="GC Interval" value="0" />
  <attribute name="Target GC Util Change" value ="80.000000" />
  <attribute name="Current GC Util Change" value="134.000000"/>
  <attribute name="Current Error" value="21.000000" />
  <attribute name="Output H" value="377563064"/>
  <attribute name="Output I" value="2048"/>
  <attribute name="Output T" value="16"/>
  <attribute name= "Current Time Running" value="196195" />
  <attribute name="GC Util currently" value="134" />
  <attribute name="CPU Util currently" value="2188346195766" />
<exclusive-end id="2483" timestamp="2019-08-08T12:52:44.817" durationms="8.138" />

<exclusive-start id="2484" timestamp="2019-08-08T12:52:44.863" intervalms="53.598">
  <response-info timems="0.019" idlems="0.019" threads="0" lastid="00000000018B4F00" lastname="main" />
</exclusive-start>
<allocation-taxation id="2485" taxation-threshold="100663296" timestamp="2019-08-08T12:52:44.863" intervalms="53.603" />
<cycle-start id="2486" type="partial gc" contextid="0" timestamp="2019-08-08T12:52:44.863" intervalms="53.596" />
<gc-start id="2487" type="partial gc" contextid="2486" timestamp="2019-08-08T12:52:44.863">
  <mem-info id="2488" free="117440512" total="377487360" percent="31">
    <mem type="eden" free="0" total="100663296" percent="0" />
    <remembered-set count="6400" freebytes="15065600" totalbytes="15091200" percent="99" regionsoverflowed="0" regionsstable="10" regionsrebuilding="0"/>
  </mem-info>
</gc-start>
<allocation-stats totalBytes="100313136" >
  <allocated-bytes non-tlh="0" tlh="100313136" arrayletleaf="0"/>
  <largest-consumer threadName="main" threadId="00000000018B4F00" bytes="100313136" />
</allocation-stats>
<gc-op id="2489" type="copy forward" timems="6.384" contextid="2486" timestamp="2019-08-08T12:52:44.870">
  <memory-copied type="eden" objects="2" bytes="56" bytesdiscarded="736" />
  <memory-copied type="other" objects="92" bytes="3672" bytesdiscarded="1152" />
  <memory-cardclean objects="119" bytes="3928" />
  <regions eden="48" other="2" />
  <remembered-set-cleared processed="215" cleared="16" durationms="0.155" />
  <stringconstants candidates="13838" cleared="0"  />
</gc-op>
<gc-op id="2490" type="classunload" timems="0.008" contextid="2486" timestamp="2019-08-08T12:52:44.870">
  <classunload-info classloadercandidates="54" classloadersunloaded="0" classesunloaded="0" anonymousclassesunloaded="0" quiescems="0.000" setupms="0.008" scanms="0.000" postms="0.000" />
</gc-op>
<gc-end id="2491" type="partial gc" contextid="2486" durationms="7.446" usertimems="18.021" systemtimems="0.000" timestamp="2019-08-08T12:52:44.871" activeThreads="16">
  <mem-info id="2492" free="216006656" total="377487360" percent="57">
    <mem type="eden" free="2096360" total="2097152" percent="99" />
    <remembered-set count="7904" freebytes="15059584" totalbytes="15091200" percent="99" regionsoverflowed="0" regionsstable="10" regionsrebuilding="0"/>
  </mem-info>
</gc-end>
<cycle-end id="2493" type="partial gc" contextid="2486" timestamp="2019-08-08T12:52:44.871" />
  <attribute name="elasticGC enabled" value="1" />
  <attribute name= "numThreadsSpecified" value="16" />
  <attribute name="heapSize specified" value="0" />
  <attribute name="Current GC Util" value="133" />
  <attribute name= "Current Time Running" value="196249" />
  <attribute name ="GC Interval" value="0" />
  <attribute name="Target GC Util Change" value ="80.000000" />
  <attribute name="Current GC Util Change" value="133.000000"/>
  <attribute name="Current Error" value="18.000000" />
  <attribute name="Output H" value="377563064"/>
  <attribute name="Output I" value="2040"/>
  <attribute name="Output T" value="16"/>
  <attribute name= "Current Time Running" value="196249" />
  <attribute name="GC Util currently" value="133" />
  <attribute name="CPU Util currently" value="2145576869644" />
<exclusive-end id="2494" timestamp="2019-08-08T12:52:44.871" durationms="8.233" />

<exclusive-start id="2495" timestamp="2019-08-08T12:52:44.907" intervalms="44.365">
  <response-info timems="0.018" idlems="0.018" threads="0" lastid="00000000018B4F00" lastname="main" />
</exclusive-start>
<allocation-taxation id="2496" taxation-threshold="100663296" timestamp="2019-08-08T12:52:44.907" intervalms="44.357" />
<cycle-start id="2497" type="partial gc" contextid="0" timestamp="2019-08-08T12:52:44.907" intervalms="44.320" />
<gc-start id="2498" type="partial gc" contextid="2497" timestamp="2019-08-08T12:52:44.907">
  <mem-info id="2499" free="115343360" total="377487360" percent="30">
    <mem type="eden" free="2096360" total="102760448" percent="2" />
    <remembered-set count="7424" freebytes="15061504" totalbytes="15091200" percent="99" regionsoverflowed="0" regionsstable="10" regionsrebuilding="0"/>
  </mem-info>
</gc-start>
<allocation-stats totalBytes="100330032" >
  <allocated-bytes non-tlh="0" tlh="100330032" arrayletleaf="0"/>
  <largest-consumer threadName="main" threadId="00000000018B4F00" bytes="100330032" />
</allocation-stats>
<gc-op id="2500" type="copy forward" timems="6.314" contextid="2497" timestamp="2019-08-08T12:52:44.915">
  <memory-copied type="eden" objects="2" bytes="56" bytesdiscarded="736" />
  <memory-copied type="other" objects="86" bytes="3528" bytesdiscarded="1120" />
  <memory-cardclean objects="102" bytes="3456" />
  <regions eden="48" other="2" />
  <remembered-set-cleared processed="217" cleared="11" durationms="0.173" />
  <stringconstants candidates="13838" cleared="0"  />
</gc-op>
<gc-op id="2501" type="classunload" timems="0.009" contextid="2497" timestamp="2019-08-08T12:52:44.915">
  <classunload-info classloadercandidates="54" classloadersunloaded="0" classesunloaded="0" anonymousclassesunloaded="0" quiescems="0.000" setupms="0.009" scanms="0.000" postms="0.000" />
</gc-op>
<gc-end id="2502" type="partial gc" contextid="2497" durationms="7.475" usertimems="17.174" systemtimems="0.000" timestamp="2019-08-08T12:52:44.915" activeThreads="16">
  <mem-info id="2503" free="216006656" total="377487360" percent="57">
    <mem type="eden" free="2096360" total="2097152" percent="99" />
    <remembered-set count="6592" freebytes="15064832" totalbytes="15091200" percent="99" regionsoverflowed="0" regionsstable="10" regionsrebuilding="0"/>
  </mem-info>
</gc-end>
<cycle-end id="2504" type="partial gc" contextid="2497" timestamp="2019-08-08T12:52:44.915" />
  <attribute name="elasticGC enabled" value="1" />
  <attribute name= "numThreadsSpecified" value="16" />
  <attribute name="heapSize specified" value="0" />
  <attribute name="Current GC Util" value="149" />
  <attribute name= "Current Time Running" value="196293" />
  <attribute name ="GC Interval" value="0" />
  <attribute name="Target GC Util Change" value ="80.000000" />
  <attribute name="Current GC Util Change" value="149.000000"/>
  <attribute name="Current Error" value="-28.000000" />
  <attribute name="Output H" value="377563008"/>
  <attribute name="Output I" value="1960"/>
  <attribute name="Output T" value="16"/>
  <attribute name= "Current Time Running" value="196293" />
  <attribute name="GC Util currently" value="149" />
  <attribute name="CPU Util currently" value="2300000877043" />
<exclusive-end id="2505" timestamp="2019-08-08T12:52:44.915" durationms="8.164" />

<exclusive-start id="2506" timestamp="2019-08-08T12:52:44.951" intervalms="44.486">
  <response-info timems="0.020" idlems="0.020" threads="0" lastid="00000000018B4F00" lastname="main" />
</exclusive-start>
<allocation-taxation id="2507" taxation-threshold="100663296" timestamp="2019-08-08T12:52:44.951" intervalms="44.488" />
<cycle-start id="2508" type="partial gc" contextid="0" timestamp="2019-08-08T12:52:44.952" intervalms="44.586" />
<gc-start id="2509" type="partial gc" contextid="2508" timestamp="2019-08-08T12:52:44.952">
  <mem-info id="2510" free="115343360" total="377487360" percent="30">
    <mem type="eden" free="2096360" total="102760448" percent="2" />
    <remembered-set count="6144" freebytes="15066624" totalbytes="15091200" percent="99" regionsoverflowed="0" regionsstable="10" regionsrebuilding="0"/>
  </mem-info>
</gc-start>
<allocation-stats totalBytes="100330056" >
  <allocated-bytes non-tlh="0" tlh="100330056" arrayletleaf="0"/>
  <largest-consumer threadName="main" threadId="00000000018B4F00" bytes="100330056" />
</allocation-stats>
<gc-op id="2511" type="copy forward" timems="7.916" contextid="2508" timestamp="2019-08-08T12:52:44.961">
  <memory-copied type="eden" objects="2" bytes="56" bytesdiscarded="736" />
  <memory-copied type="other" objects="86" bytes="3528" bytesdiscarded="1816" />
  <memory-cardclean objects="102" bytes="3456" />
  <regions eden="48" other="2" />
  <remembered-set-cleared processed="219" cleared="13" durationms="0.158" />
  <stringconstants candidates="13838" cleared="0"  />
</gc-op>
<gc-op id="2512" type="classunload" timems="0.013" contextid="2508" timestamp="2019-08-08T12:52:44.961">
  <classunload-info classloadercandidates="54" classloadersunloaded="0" classesunloaded="0" anonymousclassesunloaded="0" quiescems="0.000" setupms="0.013" scanms="0.000" postms="0.000" />
</gc-op>
<heap-resize id="2513" type="expand" space="default" amount="27262976" count="1" timems="0.170" reason="excessive time being spent in gc" timestamp="2019-08-08T12:52:44.961" />
<gc-end id="2514" type="partial gc" contextid="2508" durationms="9.528" usertimems="20.511" systemtimems="0.000" timestamp="2019-08-08T12:52:44.961" activeThreads="16">
  <mem-info id="2515" free="243269632" total="404750336" percent="60">
    <mem type="eden" free="2096360" total="2097152" percent="99" />
    <remembered-set count="7104" freebytes="16152704" totalbytes="16181120" percent="99" regionsoverflowed="0" regionsstable="10" regionsrebuilding="0"/>
  </mem-info>
</gc-end>
<cycle-end id="2516" type="partial gc" contextid="2508" timestamp="2019-08-08T12:52:44.962" />
  <attribute name="elasticGC enabled" value="1" />
  <attribute name= "numThreadsSpecified" value="16" />
  <attribute name="heapSize specified" value="0" />
  <attribute name="Current GC Util" value="159" />
  <attribute name= "Current Time Running" value="196338" />
  <attribute name ="GC Interval" value="0" />
  <attribute name="Target GC Util Change" value ="80.000000" />
  <attribute name="Current GC Util Change" value="159.000000"/>
  <attribute name="Current Error" value="-64.000000" />
  <attribute name="Output H" value="377562968"/>
  <attribute name="Output I" value="1896"/>
  <attribute name="Output T" value="16"/>
  <attribute name= "Current Time Running" value="196338" />
  <attribute name="GC Util currently" value="159" />
  <attribute name="CPU Util currently" value="1618753319898" />
<exclusive-end id="2517" timestamp="2019-08-08T12:52:44.962" durationms="10.312" />

<exclusive-start id="2518" timestamp="2019-08-08T12:52:44.999" intervalms="48.045">
  <response-info timems="0.016" idlems="0.016" threads="0" lastid="00000000018B4F00" lastname="main" />
</exclusive-start>
<allocation-taxation id="2519" taxation-threshold="106954752" timestamp="2019-08-08T12:52:45.000" intervalms="48.043" />
<cycle-start id="2520" type="partial gc" contextid="0" timestamp="2019-08-08T12:52:45.000" intervalms="47.966" />
<gc-start id="2521" type="partial gc" contextid="2520" timestamp="2019-08-08T12:52:45.000">
  <mem-info id="2522" free="136314880" total="404750336" percent="33">
    <mem type="eden" free="2096360" total="109051904" percent="1" />
    <remembered-set count="6624" freebytes="16154624" totalbytes="16181120" percent="99" regionsoverflowed="0" regionsstable="10" regionsrebuilding="0"/>
  </mem-info>
</gc-start>
<allocation-stats totalBytes="106600872" >
  <allocated-bytes non-tlh="0" tlh="106600872" arrayletleaf="0"/>
  <largest-consumer threadName="main" threadId="00000000018B4F00" bytes="106600872" />
</allocation-stats>
<gc-op id="2523" type="copy forward" timems="11.419" contextid="2520" timestamp="2019-08-08T12:52:45.012">
  <memory-copied type="eden" objects="2" bytes="56" bytesdiscarded="736" />
  <memory-copied type="other" objects="86" bytes="3528" bytesdiscarded="1032" />
  <memory-cardclean objects="102" bytes="3456" />
  <regions eden="51" other="2" />
  <remembered-set-cleared processed="220" cleared="14" durationms="0.774" />
  <stringconstants candidates="13838" cleared="0"  />
</gc-op>
<gc-op id="2524" type="classunload" timems="0.007" contextid="2520" timestamp="2019-08-08T12:52:45.012">
  <classunload-info classloadercandidates="54" classloadersunloaded="0" classesunloaded="0" anonymousclassesunloaded="0" quiescems="0.000" setupms="0.007" scanms="0.000" postms="0.000" />
</gc-op>
<gc-end id="2525" type="partial gc" contextid="2520" durationms="12.298" usertimems="31.944" systemtimems="0.000" timestamp="2019-08-08T12:52:45.012" activeThreads="16">
  <mem-info id="2526" free="243269632" total="404750336" percent="60">
    <mem type="eden" free="2096360" total="2097152" percent="99" />
    <remembered-set count="7616" freebytes="16150656" totalbytes="16181120" percent="99" regionsoverflowed="0" regionsstable="10" regionsrebuilding="0"/>
  </mem-info>
</gc-end>
<cycle-end id="2527" type="partial gc" contextid="2520" timestamp="2019-08-08T12:52:45.012" />
  <attribute name="elasticGC enabled" value="1" />
  <attribute name= "numThreadsSpecified" value="16" />
  <attribute name="heapSize specified" value="0" />
  <attribute name="Current GC Util" value="0" />
  <attribute name= "Current Time Running" value="196385" />
  <attribute name ="GC Interval" value="0" />
  <attribute name="Target GC Util Change" value ="80.000000" />
  <attribute name="Current GC Util Change" value="0.000000"/>
  <attribute name="Current Error" value="55.000000" />
  <attribute name="Output H" value="404826080"/>
  <attribute name="Output I" value="2112"/>
  <attribute name="Output T" value="16"/>
  <attribute name= "Current Time Running" value="196385" />
  <attribute name="GC Util currently" value="0" />
  <attribute name="CPU Util currently" value="3120735600199" />
<exclusive-end id="2528" timestamp="2019-08-08T12:52:45.012" durationms="12.962" />

<exclusive-start id="2529" timestamp="2019-08-08T12:52:45.050" intervalms="50.368">
  <response-info timems="0.018" idlems="0.018" threads="0" lastid="00000000018B4F00" lastname="main" />
</exclusive-start>
<allocation-taxation id="2530" taxation-threshold="106954752" timestamp="2019-08-08T12:52:45.050" intervalms="50.383" />
<cycle-start id="2531" type="partial gc" contextid="0" timestamp="2019-08-08T12:52:45.050" intervalms="50.428" />
<gc-start id="2532" type="partial gc" contextid="2531" timestamp="2019-08-08T12:52:45.050">
  <mem-info id="2533" free="136314880" total="404750336" percent="33">
    <mem type="eden" free="2096360" total="109051904" percent="1" />
    <remembered-set count="7360" freebytes="16151680" totalbytes="16181120" percent="99" regionsoverflowed="0" regionsstable="10" regionsrebuilding="0"/>
  </mem-info>
</gc-start>
<allocation-stats totalBytes="106600896" >
  <allocated-bytes non-tlh="0" tlh="106600896" arrayletleaf="0"/>
  <largest-consumer threadName="main" threadId="00000000018B4F00" bytes="106600896" />
</allocation-stats>
<gc-op id="2534" type="copy forward" timems="7.385" contextid="2531" timestamp="2019-08-08T12:52:45.059">
  <memory-copied type="eden" objects="2" bytes="56" bytesdiscarded="736" />
  <memory-copied type="other" objects="86" bytes="3528" bytesdiscarded="1360" />
  <memory-cardclean objects="102" bytes="3456" />
  <regions eden="51" other="2" />
  <remembered-set-cleared processed="217" cleared="11" durationms="0.148" />
  <stringconstants candidates="13838" cleared="0"  />
</gc-op>
<gc-op id="2535" type="classunload" timems="0.008" contextid="2531" timestamp="2019-08-08T12:52:45.059">
  <classunload-info classloadercandidates="54" classloadersunloaded="0" classesunloaded="0" anonymousclassesunloaded="0" quiescems="0.000" setupms="0.008" scanms="0.000" postms="0.000" />
</gc-op>
<gc-end id="2536" type="partial gc" contextid="2531" durationms="8.940" usertimems="19.927" systemtimems="0.000" timestamp="2019-08-08T12:52:45.059" activeThreads="16">
  <mem-info id="2537" free="243269632" total="404750336" percent="60">
    <mem type="eden" free="2096360" total="2097152" percent="99" />
    <remembered-set count="7104" freebytes="16152704" totalbytes="16181120" percent="99" regionsoverflowed="0" regionsstable="10" regionsrebuilding="0"/>
  </mem-info>
</gc-end>
<cycle-end id="2538" type="partial gc" contextid="2531" timestamp="2019-08-08T12:52:45.059" />
  <attribute name="elasticGC enabled" value="1" />
  <attribute name= "numThreadsSpecified" value="16" />
  <attribute name="heapSize specified" value="0" />
  <attribute name="Current GC Util" value="83" />
  <attribute name= "Current Time Running" value="196436" />
  <attribute name ="GC Interval" value="0" />
  <attribute name="Target GC Util Change" value ="80.000000" />
  <attribute name="Current GC Util Change" value="83.000000"/>
  <attribute name="Current Error" value="13.000000" />
  <attribute name="Output H" value="404826032"/>
  <attribute name="Output I" value="2032"/>
  <attribute name="Output T" value="16"/>
  <attribute name= "Current Time Running" value="196436" />
  <attribute name="GC Util currently" value="83" />
  <attribute name="CPU Util currently" value="1059634405076" />
<exclusive-end id="2539" timestamp="2019-08-08T12:52:45.059" durationms="9.622" />

<exclusive-start id="2540" timestamp="2019-08-08T12:52:45.104" intervalms="54.208">
  <response-info timems="0.022" idlems="0.022" threads="0" lastid="00000000018B4F00" lastname="main" />
</exclusive-start>
<allocation-taxation id="2541" taxation-threshold="106954752" timestamp="2019-08-08T12:52:45.104" intervalms="54.202" />
<cycle-start id="2542" type="partial gc" contextid="0" timestamp="2019-08-08T12:52:45.104" intervalms="54.143" />
<gc-start id="2543" type="partial gc" contextid="2542" timestamp="2019-08-08T12:52:45.104">
  <mem-info id="2544" free="136314880" total="404750336" percent="33">
    <mem type="eden" free="2096360" total="109051904" percent="1" />
    <remembered-set count="6656" freebytes="16154496" totalbytes="16181120" percent="99" regionsoverflowed="0" regionsstable="10" regionsrebuilding="0"/>
  </mem-info>
</gc-start>
<allocation-stats totalBytes="106550056" >
  <allocated-bytes non-tlh="0" tlh="106550056" arrayletleaf="0"/>
  <largest-consumer threadName="main" threadId="00000000018B4F00" bytes="106550056" />
</allocation-stats>
<gc-op id="2545" type="copy forward" timems="7.276" contextid="2542" timestamp="2019-08-08T12:52:45.112">
  <memory-copied type="eden" objects="26" bytes="1920" bytesdiscarded="1032" />
  <memory-copied type="other" objects="67" bytes="1808" bytesdiscarded="1104" />
  <memory-cardclean objects="124" bytes="3872" />
  <regions eden="51" other="2" />
  <remembered-set-cleared processed="217" cleared="11" durationms="0.157" />
  <stringconstants candidates="13838" cleared="0"  />
</gc-op>
<gc-op id="2546" type="classunload" timems="0.007" contextid="2542" timestamp="2019-08-08T12:52:45.113">
  <classunload-info classloadercandidates="54" classloadersunloaded="0" classesunloaded="0" anonymousclassesunloaded="0" quiescems="0.000" setupms="0.007" scanms="0.000" postms="0.000" />
</gc-op>
<gc-end id="2547" type="partial gc" contextid="2542" durationms="8.229" usertimems="18.922" systemtimems="0.000" timestamp="2019-08-08T12:52:45.113" activeThreads="16">
  <mem-info id="2548" free="243269632" total="404750336" percent="60">
    <mem type="eden" free="2094200" total="2097152" percent="99" />
    <remembered-set count="7104" freebytes="16152704" totalbytes="16181120" percent="99" regionsoverflowed="0" regionsstable="10" regionsrebuilding="0"/>
  </mem-info>
</gc-end>
<cycle-end id="2549" type="partial gc" contextid="2542" timestamp="2019-08-08T12:52:45.113" />
  <attribute name="elasticGC enabled" value="1" />
  <attribute name= "numThreadsSpecified" value="16" />
  <attribute name="heapSize specified" value="0" />
  <attribute name="Current GC Util" value="165" />
  <attribute name= "Current Time Running" value="196490" />
  <attribute name ="GC Interval" value="0" />
  <attribute name="Target GC Util Change" value ="80.000000" />
  <attribute name="Current GC Util Change" value="165.000000"/>
  <attribute name="Current Error" value="-28.000000" />
  <attribute name="Output H" value="404825984"/>
  <attribute name="Output I" value="1960"/>
  <attribute name="Output T" value="16"/>
  <attribute name= "Current Time Running" value="196490" />
  <attribute name="GC Util currently" value="165" />
  <attribute name="CPU Util currently" value="2482337041815" />
<exclusive-end id="2550" timestamp="2019-08-08T12:52:45.113" durationms="8.767" />

<exclusive-start id="2551" timestamp="2019-08-08T12:52:45.149" intervalms="45.236">
  <response-info timems="0.019" idlems="0.019" threads="0" lastid="00000000018B4F00" lastname="main" />
</exclusive-start>
<allocation-taxation id="2552" taxation-threshold="106954752" timestamp="2019-08-08T12:52:45.149" intervalms="45.236" />
<cycle-start id="2553" type="partial gc" contextid="0" timestamp="2019-08-08T12:52:45.149" intervalms="45.259" />
<gc-start id="2554" type="partial gc" contextid="2553" timestamp="2019-08-08T12:52:45.150">
  <mem-info id="2555" free="136314880" total="404750336" percent="33">
    <mem type="eden" free="0" total="106954752" percent="0" />
    <remembered-set count="6656" freebytes="16154496" totalbytes="16181120" percent="99" regionsoverflowed="0" regionsstable="10" regionsrebuilding="0"/>
  </mem-info>
</gc-start>
<allocation-stats totalBytes="106270360" >
  <allocated-bytes non-tlh="0" tlh="106270360" arrayletleaf="0"/>
  <largest-consumer threadName="main" threadId="00000000018B4F00" bytes="106270360" />
</allocation-stats>
<gc-op id="2556" type="copy forward" timems="7.174" contextid="2553" timestamp="2019-08-08T12:52:45.158">
  <memory-copied type="eden" objects="2" bytes="64" bytesdiscarded="0" />
  <memory-copied type="other" objects="92" bytes="3688" bytesdiscarded="1896" />
  <memory-cardclean objects="102" bytes="3456" />
  <regions eden="51" other="2" />
  <remembered-set-cleared processed="217" cleared="11" durationms="0.155" />
  <stringconstants candidates="13838" cleared="0"  />
</gc-op>
<gc-op id="2557" type="classunload" timems="0.011" contextid="2553" timestamp="2019-08-08T12:52:45.158">
  <classunload-info classloadercandidates="54" classloadersunloaded="0" classesunloaded="0" anonymousclassesunloaded="0" quiescems="0.000" setupms="0.011" scanms="0.000" postms="0.000" />
</gc-op>
<heap-resize id="2558" type="expand" space="default" amount="4194304" count="1" timems="0.086" reason="excessive time being spent in gc" timestamp="2019-08-08T12:52:45.158" />
<gc-end id="2559" type="partial gc" contextid="2553" durationms="8.450" usertimems="18.936" systemtimems="0.000" timestamp="2019-08-08T12:52:45.158" activeThreads="16">
  <mem-info id="2560" free="245366784" total="408944640" percent="60">
    <mem type="eden" free="2097088" total="2097152" percent="99" />
    <remembered-set count="7104" freebytes="16320384" totalbytes="16348800" percent="99" regionsoverflowed="0" regionsstable="10" regionsrebuilding="0"/>
  </mem-info>
</gc-end>
<cycle-end id="2561" type="partial gc" contextid="2553" timestamp="2019-08-08T12:52:45.158" />
  <attribute name="elasticGC enabled" value="1" />
  <attribute name= "numThreadsSpecified" value="16" />
  <attribute name="heapSize specified" value="0" />
  <attribute name="Current GC Util" value="133" />
  <attribute name= "Current Time Running" value="196535" />
  <attribute name ="GC Interval" value="0" />
  <attribute name="Target GC Util Change" value ="80.000000" />
  <attribute name="Current GC Util Change" value="133.000000"/>
  <attribute name="Current Error" value="-41.000000" />
  <attribute name="Output H" value="404825976"/>
  <attribute name="Output I" value="1936"/>
  <attribute name="Output T" value="16"/>
  <attribute name= "Current Time Running" value="196535" />
  <attribute name="GC Util currently" value="133" />
  <attribute name="CPU Util currently" value="1716407831627" />
<exclusive-end id="2562" timestamp="2019-08-08T12:52:45.158" durationms="9.002" />

<exclusive-start id="2563" timestamp="2019-08-08T12:52:45.195" intervalms="45.829">
  <response-info timems="0.018" idlems="0.018" threads="0" lastid="00000000018B4F00" lastname="main" />
</exclusive-start>
<allocation-taxation id="2564" taxation-threshold="109051904" timestamp="2019-08-08T12:52:45.195" intervalms="45.822" />
<cycle-start id="2565" type="partial gc" contextid="0" timestamp="2019-08-08T12:52:45.195" intervalms="45.858" />
<gc-start id="2566" type="partial gc" contextid="2565" timestamp="2019-08-08T12:52:45.196">
  <mem-info id="2567" free="136314880" total="408944640" percent="33">
    <mem type="eden" free="2097088" total="111149056" percent="1" />
    <remembered-set count="6624" freebytes="16322304" totalbytes="16348800" percent="99" regionsoverflowed="0" regionsstable="10" regionsrebuilding="0"/>
  </mem-info>
</gc-start>
<allocation-stats totalBytes="108368352" >
  <allocated-bytes non-tlh="0" tlh="108368352" arrayletleaf="0"/>
  <largest-consumer threadName="main" threadId="00000000018B4F00" bytes="108368352" />
</allocation-stats>
<gc-op id="2568" type="copy forward" timems="6.954" contextid="2565" timestamp="2019-08-08T12:52:45.203">
  <memory-copied type="eden" objects="2" bytes="64" bytesdiscarded="0" />
  <memory-copied type="other" objects="25" bytes="1880" bytesdiscarded="648" />
  <memory-cardclean objects="44" bytes="1584" />
  <regions eden="52" other="2" />
  <remembered-set-cleared processed="224" cleared="9" durationms="0.203" />
  <stringconstants candidates="13838" cleared="0"  />
</gc-op>
<gc-op id="2569" type="classunload" timems="0.010" contextid="2565" timestamp="2019-08-08T12:52:45.203">
  <classunload-info classloadercandidates="54" classloadersunloaded="0" classesunloaded="0" anonymousclassesunloaded="0" quiescems="0.000" setupms="0.009" scanms="0.000" postms="0.000" />
</gc-op>
<gc-end id="2570" type="partial gc" contextid="2565" durationms="7.931" usertimems="19.187" systemtimems="0.000" timestamp="2019-08-08T12:52:45.204" activeThreads="16">
  <mem-info id="2571" free="245366784" total="408944640" percent="60">
    <mem type="eden" free="2097088" total="2097152" percent="99" />
    <remembered-set count="7296" freebytes="16319616" totalbytes="16348800" percent="99" regionsoverflowed="0" regionsstable="10" regionsrebuilding="0"/>
  </mem-info>
</gc-end>
<cycle-end id="2572" type="partial gc" contextid="2565" timestamp="2019-08-08T12:52:45.204" />
  <attribute name="elasticGC enabled" value="1" />
  <attribute name= "numThreadsSpecified" value="16" />
  <attribute name="heapSize specified" value="0" />
  <attribute name="Current GC Util" value="148" />
  <attribute name= "Current Time Running" value="196581" />
  <attribute name ="GC Interval" value="0" />
  <attribute name="Target GC Util Change" value ="80.000000" />
  <attribute name="Current GC Util Change" value="148.000000"/>
  <attribute name="Current Error" value="-28.000000" />
  <attribute name="Output H" value="409020288"/>
  <attribute name="Output I" value="1960"/>
  <attribute name="Output T" value="16"/>
  <attribute name= "Current Time Running" value="196581" />
  <attribute name="GC Util currently" value="148" />
  <attribute name="CPU Util currently" value="2245449273992" />
<exclusive-end id="2573" timestamp="2019-08-08T12:52:45.204" durationms="8.638" />

<exclusive-start id="2574" timestamp="2019-08-08T12:52:45.241" intervalms="46.094">
  <response-info timems="0.020" idlems="0.020" threads="0" lastid="00000000018B4F00" lastname="main" />
</exclusive-start>
<allocation-taxation id="2575" taxation-threshold="109051904" timestamp="2019-08-08T12:52:45.241" intervalms="46.092" />
<cycle-start id="2576" type="partial gc" contextid="0" timestamp="2019-08-08T12:52:45.241" intervalms="46.026" />
<gc-start id="2577" type="partial gc" contextid="2576" timestamp="2019-08-08T12:52:45.242">
  <mem-info id="2578" free="136314880" total="408944640" percent="33">
    <mem type="eden" free="2097088" total="111149056" percent="1" />
    <remembered-set count="6816" freebytes="16321536" totalbytes="16348800" percent="99" regionsoverflowed="0" regionsstable="10" regionsrebuilding="0"/>
  </mem-info>
</gc-start>
<allocation-stats totalBytes="108368328" >
  <allocated-bytes non-tlh="0" tlh="108368328" arrayletleaf="0"/>
  <largest-consumer threadName="main" threadId="00000000018B4F00" bytes="108368328" />
</allocation-stats>
<gc-op id="2579" type="copy forward" timems="9.042" contextid="2576" timestamp="2019-08-08T12:52:45.251">
  <memory-copied type="eden" objects="2" bytes="64" bytesdiscarded="0" />
  <memory-copied type="other" objects="25" bytes="1880" bytesdiscarded="1080" />
  <memory-cardclean objects="44" bytes="1584" />
  <regions eden="52" other="2" />
  <remembered-set-cleared processed="224" cleared="9" durationms="0.130" />
  <stringconstants candidates="13838" cleared="0"  />
</gc-op>
<gc-op id="2580" type="classunload" timems="0.011" contextid="2576" timestamp="2019-08-08T12:52:45.252">
  <classunload-info classloadercandidates="54" classloadersunloaded="0" classesunloaded="0" anonymousclassesunloaded="0" quiescems="0.000" setupms="0.011" scanms="0.000" postms="0.000" />
</gc-op>
<gc-end id="2581" type="partial gc" contextid="2576" durationms="10.309" usertimems="19.912" systemtimems="0.000" timestamp="2019-08-08T12:52:45.252" activeThreads="16">
  <mem-info id="2582" free="245366784" total="408944640" percent="60">
    <mem type="eden" free="2097088" total="2097152" percent="99" />
    <remembered-set count="7296" freebytes="16319616" totalbytes="16348800" percent="99" regionsoverflowed="0" regionsstable="10" regionsrebuilding="0"/>
  </mem-info>
</gc-end>
<cycle-end id="2583" type="partial gc" contextid="2576" timestamp="2019-08-08T12:52:45.252" />
  <attribute name="elasticGC enabled" value="1" />
  <attribute name= "numThreadsSpecified" value="16" />
  <attribute name="heapSize specified" value="0" />
  <attribute name="Current GC Util" value="141" />
  <attribute name= "Current Time Running" value="196627" />
  <attribute name ="GC Interval" value="0" />
  <attribute name="Target GC Util Change" value ="80.000000" />
  <attribute name="Current GC Util Change" value="141.000000"/>
  <attribute name="Current Error" value="-50.000000" />
  <attribute name="Output H" value="409020264"/>
  <attribute name="Output I" value="1920"/>
  <attribute name="Output T" value="16"/>
  <attribute name= "Current Time Running" value="196627" />
  <attribute name="GC Util currently" value="141" />
  <attribute name="CPU Util currently" value="1879286244269" />
<exclusive-end id="2584" timestamp="2019-08-08T12:52:45.252" durationms="10.832" />

<exclusive-start id="2585" timestamp="2019-08-08T12:52:45.396" intervalms="154.313">
  <response-info timems="0.020" idlems="0.020" threads="0" lastid="00000000018B4F00" lastname="main" />
</exclusive-start>
<allocation-taxation id="2586" taxation-threshold="109051904" timestamp="2019-08-08T12:52:45.396" intervalms="154.312" />
<cycle-start id="2587" type="partial gc" contextid="0" timestamp="2019-08-08T12:52:45.396" intervalms="154.316" />
<gc-start id="2588" type="partial gc" contextid="2587" timestamp="2019-08-08T12:52:45.396">
  <mem-info id="2589" free="136314880" total="408944640" percent="33">
    <mem type="eden" free="2097088" total="111149056" percent="1" />
    <remembered-set count="6816" freebytes="16321536" totalbytes="16348800" percent="99" regionsoverflowed="0" regionsstable="10" regionsrebuilding="0"/>
  </mem-info>
</gc-start>
<allocation-stats totalBytes="109031368" >
  <allocated-bytes non-tlh="0" tlh="109031368" arrayletleaf="0"/>
  <largest-consumer threadName="main" threadId="00000000018B4F00" bytes="109031368" />
</allocation-stats>
<gc-op id="2590" type="copy forward" timems="6.662" contextid="2587" timestamp="2019-08-08T12:52:45.404">
  <memory-copied type="eden" objects="244" bytes="7936" bytesdiscarded="464" />
  <memory-copied type="other" objects="6" bytes="144" bytesdiscarded="720" />
  <memory-cardclean objects="124" bytes="11568" />
  <regions eden="52" other="2" />
  <remembered-set-cleared processed="224" cleared="21" durationms="0.139" />
  <references type="weak" candidates="37" cleared="0" enqueued="0" />
  <stringconstants candidates="13838" cleared="0"  />
</gc-op>
<gc-op id="2591" type="classunload" timems="0.007" contextid="2587" timestamp="2019-08-08T12:52:45.404">
  <classunload-info classloadercandidates="54" classloadersunloaded="0" classesunloaded="0" anonymousclassesunloaded="0" quiescems="0.000" setupms="0.007" scanms="0.000" postms="0.000" />
</gc-op>
<gc-end id="2592" type="partial gc" contextid="2587" durationms="8.235" usertimems="19.205" systemtimems="0.000" timestamp="2019-08-08T12:52:45.404" activeThreads="16">
  <mem-info id="2593" free="245366784" total="408944640" percent="60">
    <mem type="eden" free="2088704" total="2097152" percent="99" />
    <remembered-set count="6528" freebytes="16322688" totalbytes="16348800" percent="99" regionsoverflowed="0" regionsstable="10" regionsrebuilding="0"/>
  </mem-info>
</gc-end>
<cycle-end id="2594" type="partial gc" contextid="2587" timestamp="2019-08-08T12:52:45.404" />
  <attribute name="elasticGC enabled" value="1" />
  <attribute name= "numThreadsSpecified" value="16" />
  <attribute name="heapSize specified" value="0" />
  <attribute name="Current GC Util" value="74" />
  <attribute name= "Current Time Running" value="196782" />
  <attribute name ="GC Interval" value="0" />
  <attribute name="Target GC Util Change" value ="80.000000" />
  <attribute name="Current GC Util Change" value="74.000000"/>
  <attribute name="Current Error" value="24.000000" />
  <attribute name="Output H" value="409020352"/>
  <attribute name="Output I" value="2056"/>
  <attribute name="Output T" value="16"/>
  <attribute name= "Current Time Running" value="196782" />
  <attribute name="GC Util currently" value="74" />
  <attribute name="CPU Util currently" value="1019943274361" />
<exclusive-end id="2595" timestamp="2019-08-08T12:52:45.404" durationms="8.871" />

<exclusive-start id="2596" timestamp="2019-08-08T12:52:45.470" intervalms="74.669">
  <response-info timems="0.019" idlems="0.019" threads="0" lastid="00000000018B4F00" lastname="main" />
</exclusive-start>
<allocation-taxation id="2597" taxation-threshold="109051904" timestamp="2019-08-08T12:52:45.470" intervalms="74.670" />
<cycle-start id="2598" type="partial gc" contextid="0" timestamp="2019-08-08T12:52:45.470" intervalms="74.666" />
<gc-start id="2599" type="partial gc" contextid="2598" timestamp="2019-08-08T12:52:45.471">
  <mem-info id="2600" free="136314880" total="408944640" percent="33">
    <mem type="eden" free="0" total="109051904" percent="0" />
    <remembered-set count="6208" freebytes="16323968" totalbytes="16348800" percent="99" regionsoverflowed="0" regionsstable="10" regionsrebuilding="0"/>
  </mem-info>
</gc-start>
<allocation-stats totalBytes="109000928" >
  <allocated-bytes non-tlh="0" tlh="109000928" arrayletleaf="0"/>
  <largest-consumer threadName="main" threadId="00000000018B4F00" bytes="109000928" />
</allocation-stats>
<gc-op id="2601" type="copy forward" timems="1.989" contextid="2598" timestamp="2019-08-08T12:52:45.473">
  <memory-copied type="eden" objects="25" bytes="1120" bytesdiscarded="0" />
  <memory-copied type="other" objects="114" bytes="3792" bytesdiscarded="0" />
  <memory-cardclean objects="87" bytes="10888" />
  <regions eden="52" other="2" />
  <remembered-set-cleared processed="224" cleared="22" durationms="0.402" />
  <references type="weak" candidates="37" cleared="0" enqueued="0" />
  <stringconstants candidates="13838" cleared="0"  />
</gc-op>
<gc-op id="2602" type="classunload" timems="0.007" contextid="2598" timestamp="2019-08-08T12:52:45.473">
  <classunload-info classloadercandidates="54" classloadersunloaded="0" classesunloaded="0" anonymousclassesunloaded="0" quiescems="0.000" setupms="0.006" scanms="0.000" postms="0.000" />
</gc-op>
<gc-end id="2603" type="partial gc" contextid="2598" durationms="2.969" usertimems="4.521" systemtimems="0.000" timestamp="2019-08-08T12:52:45.474" activeThreads="1">
  <mem-info id="2604" free="243269632" total="408944640" percent="59">
    <mem type="eden" free="2096032" total="2097152" percent="99" />
    <remembered-set count="6080" freebytes="16324480" totalbytes="16348800" percent="99" regionsoverflowed="0" regionsstable="10" regionsrebuilding="0"/>
  </mem-info>
</gc-end>
<cycle-end id="2605" type="partial gc" contextid="2598" timestamp="2019-08-08T12:52:45.474" />
  <attribute name="elasticGC enabled" value="1" />
  <attribute name= "numThreadsSpecified" value="1" />
  <attribute name="heapSize specified" value="0" />
  <attribute name="Current GC Util" value="161" />
  <attribute name= "Current Time Running" value="196856" />
  <attribute name ="GC Interval" value="0" />
  <attribute name="Target GC Util Change" value ="80.000000" />
  <attribute name="Current GC Util Change" value="161.000000"/>
  <attribute name="Current Error" value="-26.000000" />
  <attribute name="Output H" value="409020296"/>
  <attribute name="Output I" value="1968"/>
  <attribute name="Output T" value="1"/>
  <attribute name= "Current Time Running" value="196856" />
  <attribute name="GC Util currently" value="161" />
  <attribute name="CPU Util currently" value="2347339138216" />
<exclusive-end id="2606" timestamp="2019-08-08T12:52:45.474" durationms="3.644" />

<exclusive-start id="2607" timestamp="2019-08-08T12:52:45.510" intervalms="39.630">
  <response-info timems="0.016" idlems="0.016" threads="0" lastid="00000000018B4F00" lastname="main" />
</exclusive-start>
<allocation-taxation id="2608" taxation-threshold="109051904" timestamp="2019-08-08T12:52:45.510" intervalms="39.641" />
<cycle-start id="2609" type="partial gc" contextid="0" timestamp="2019-08-08T12:52:45.510" intervalms="39.670" />
<gc-start id="2610" type="partial gc" contextid="2609" timestamp="2019-08-08T12:52:45.510">
  <mem-info id="2611" free="134217728" total="408944640" percent="32">
    <mem type="eden" free="0" total="109051904" percent="0" />
    <remembered-set count="6080" freebytes="16324480" totalbytes="16348800" percent="99" regionsoverflowed="0" regionsstable="10" regionsrebuilding="0"/>
  </mem-info>
</gc-start>
<allocation-stats totalBytes="108996328" >
  <allocated-bytes non-tlh="0" tlh="108996328" arrayletleaf="0"/>
  <largest-consumer threadName="main" threadId="00000000018B4F00" bytes="108996328" />
</allocation-stats>
<gc-op id="2612" type="copy forward" timems="7.078" contextid="2609" timestamp="2019-08-08T12:52:45.519">
  <memory-copied type="eden" objects="6" bytes="400" bytesdiscarded="0" />
  <memory-copied type="other" objects="125" bytes="4200" bytesdiscarded="1656" />
  <memory-cardclean objects="52" bytes="10032" />
  <regions eden="52" other="2" />
  <remembered-set-cleared processed="227" cleared="21" durationms="0.201" />
  <references type="weak" candidates="37" cleared="0" enqueued="0" />
  <stringconstants candidates="13838" cleared="0"  />
</gc-op>
<gc-op id="2613" type="classunload" timems="0.009" contextid="2609" timestamp="2019-08-08T12:52:45.519">
  <classunload-info classloadercandidates="54" classloadersunloaded="0" classesunloaded="0" anonymousclassesunloaded="0" quiescems="0.000" setupms="0.009" scanms="0.000" postms="0.000" />
</gc-op>
<gc-end id="2614" type="partial gc" contextid="2609" durationms="8.462" usertimems="20.232" systemtimems="0.000" timestamp="2019-08-08T12:52:45.519" activeThreads="16">
  <mem-info id="2615" free="241172480" total="408944640" percent="58">
    <mem type="eden" free="2096752" total="2097152" percent="99" />
    <remembered-set count="7616" freebytes="16318336" totalbytes="16348800" percent="99" regionsoverflowed="0" regionsstable="10" regionsrebuilding="0"/>
  </mem-info>
</gc-end>
<cycle-end id="2616" type="partial gc" contextid="2609" timestamp="2019-08-08T12:52:45.519" />
  <attribute name="elasticGC enabled" value="1" />
  <attribute name= "numThreadsSpecified" value="16" />
  <attribute name="heapSize specified" value="0" />
  <attribute name="Current GC Util" value="220" />
  <attribute name= "Current Time Running" value="196896" />
  <attribute name ="GC Interval" value="0" />
  <attribute name="Target GC Util Change" value ="80.000000" />
  <attribute name="Current GC Util Change" value="220.000000"/>
  <attribute name="Current Error" value="-94.000000" />
  <attribute name="Output H" value="409020216"/>
  <attribute name="Output I" value="1848"/>
  <attribute name="Output T" value="16"/>
  <attribute name= "Current Time Running" value="196896" />
  <attribute name="GC Util currently" value="220" />
  <attribute name="CPU Util currently" value="1356127678104" />
<exclusive-end id="2617" timestamp="2019-08-08T12:52:45.519" durationms="9.130" />

<exclusive-start id="2618" timestamp="2019-08-08T12:52:45.557" intervalms="47.343">
  <response-info timems="0.021" idlems="0.021" threads="0" lastid="00000000018B4F00" lastname="main" />
</exclusive-start>
<allocation-taxation id="2619" taxation-threshold="109051904" timestamp="2019-08-08T12:52:45.557" intervalms="47.349" />
<cycle-start id="2620" type="partial gc" contextid="0" timestamp="2019-08-08T12:52:45.557" intervalms="47.358" />
<gc-start id="2621" type="partial gc" contextid="2620" timestamp="2019-08-08T12:52:45.558">
  <mem-info id="2622" free="132120576" total="408944640" percent="32">
    <mem type="eden" free="2096752" total="111149056" percent="1" />
    <remembered-set count="7168" freebytes="16320128" totalbytes="16348800" percent="99" regionsoverflowed="0" regionsstable="10" regionsrebuilding="0"/>
  </mem-info>
</gc-start>
<allocation-stats totalBytes="108964528" >
  <allocated-bytes non-tlh="0" tlh="108964528" arrayletleaf="0"/>
  <largest-consumer threadName="main" threadId="00000000018B4F00" bytes="108964528" />
</allocation-stats>
<gc-op id="2623" type="copy forward" timems="7.528" contextid="2620" timestamp="2019-08-08T12:52:45.566">
  <memory-copied type="eden" objects="23" bytes="744" bytesdiscarded="672" />
  <memory-copied type="other" objects="6" bytes="144" bytesdiscarded="648" />
  <memory-cardclean objects="61" bytes="1784" />
  <regions eden="52" other="2" />
  <remembered-set-cleared processed="233" cleared="10" durationms="0.155" />
  <stringconstants candidates="13838" cleared="0"  />
</gc-op>
<gc-op id="2624" type="classunload" timems="0.012" contextid="2620" timestamp="2019-08-08T12:52:45.567">
  <classunload-info classloadercandidates="54" classloadersunloaded="0" classesunloaded="0" anonymousclassesunloaded="0" quiescems="0.000" setupms="0.011" scanms="0.000" postms="0.000" />
</gc-op>
<heap-resize id="2625" type="expand" space="default" amount="10485760" count="1" timems="0.103" reason="excessive time being spent in gc" timestamp="2019-08-08T12:52:45.567" />
<gc-end id="2626" type="partial gc" contextid="2620" durationms="9.232" usertimems="18.875" systemtimems="0.000" timestamp="2019-08-08T12:52:45.567" activeThreads="16">
  <mem-info id="2627" free="251658240" total="419430400" percent="60">
    <mem type="eden" free="2095736" total="2097152" percent="99" />
    <remembered-set count="7552" freebytes="16737792" totalbytes="16768000" percent="99" regionsoverflowed="0" regionsstable="10" regionsrebuilding="0"/>
  </mem-info>
</gc-end>
<cycle-end id="2628" type="partial gc" contextid="2620" timestamp="2019-08-08T12:52:45.567" />
  <attribute name="elasticGC enabled" value="1" />
  <attribute name= "numThreadsSpecified" value="16" />
  <attribute name="heapSize specified" value="0" />
  <attribute name="Current GC Util" value="98" />
  <attribute name= "Current Time Running" value="196944" />
  <attribute name ="GC Interval" value="0" />
  <attribute name="Target GC Util Change" value ="80.000000" />
  <attribute name="Current GC Util Change" value="98.000000"/>
  <attribute name="Current Error" value="-74.000000" />
  <attribute name="Output H" value="409020240"/>
  <attribute name="Output I" value="1880"/>
  <attribute name="Output T" value="16"/>
  <attribute name= "Current Time Running" value="196944" />
  <attribute name="GC Util currently" value="98" />
  <attribute name="CPU Util currently" value="1087507841631" />
<exclusive-end id="2629" timestamp="2019-08-08T12:52:45.567" durationms="9.928" />

<exclusive-start id="2630" timestamp="2019-08-08T12:52:45.806" intervalms="248.912">
  <response-info timems="0.023" idlems="0.023" threads="0" lastid="00000000018B4F00" lastname="main" />
</exclusive-start>
<allocation-taxation id="2631" taxation-threshold="111149056" timestamp="2019-08-08T12:52:45.806" intervalms="248.904" />
<cycle-start id="2632" type="partial gc" contextid="0" timestamp="2019-08-08T12:52:45.806" intervalms="248.903" />
<gc-start id="2633" type="partial gc" contextid="2632" timestamp="2019-08-08T12:52:45.806">
  <mem-info id="2634" free="140509184" total="419430400" percent="33">
    <mem type="eden" free="0" total="111149056" percent="0" />
    <remembered-set count="7072" freebytes="16739712" totalbytes="16768000" percent="99" regionsoverflowed="0" regionsstable="10" regionsrebuilding="0"/>
  </mem-info>
</gc-start>
<allocation-stats totalBytes="110339328" >
  <allocated-bytes non-tlh="0" tlh="110339328" arrayletleaf="0"/>
  <largest-consumer threadName="main" threadId="00000000018B4F00" bytes="110339328" />
</allocation-stats>
<gc-op id="2635" type="copy forward" timems="8.478" contextid="2632" timestamp="2019-08-08T12:52:45.816">
  <memory-copied type="eden" objects="73" bytes="22624" bytesdiscarded="744" />
  <memory-copied type="other" objects="12" bytes="288" bytesdiscarded="1368" />
  <memory-cardclean objects="110" bytes="2976" />
  <regions eden="53" other="2" />
  <remembered-set-cleared processed="234" cleared="15" durationms="0.157" />
  <stringconstants candidates="13838" cleared="0"  />
</gc-op>
<gc-op id="2636" type="classunload" timems="0.008" contextid="2632" timestamp="2019-08-08T12:52:45.816">
  <classunload-info classloadercandidates="54" classloadersunloaded="0" classesunloaded="0" anonymousclassesunloaded="0" quiescems="0.000" setupms="0.008" scanms="0.000" postms="0.000" />
</gc-op>
<gc-end id="2637" type="partial gc" contextid="2632" durationms="9.713" usertimems="19.946" systemtimems="0.000" timestamp="2019-08-08T12:52:45.816" activeThreads="16">
  <mem-info id="2638" free="249561088" total="419430400" percent="59">
    <mem type="eden" free="2073784" total="2097152" percent="98" />
    <remembered-set count="7968" freebytes="16736128" totalbytes="16768000" percent="99" regionsoverflowed="0" regionsstable="10" regionsrebuilding="0"/>
  </mem-info>
</gc-end>
<cycle-end id="2639" type="partial gc" contextid="2632" timestamp="2019-08-08T12:52:45.816" />
  <attribute name="elasticGC enabled" value="1" />
  <attribute name= "numThreadsSpecified" value="16" />
  <attribute name="heapSize specified" value="0" />
  <attribute name="Current GC Util" value="125" />
  <attribute name= "Current Time Running" value="197192" />
  <attribute name ="GC Interval" value="0" />
  <attribute name="Target GC Util Change" value ="80.000000" />
  <attribute name="Current GC Util Change" value="125.000000"/>
  <attribute name="Current Error" value="28.000000" />
  <attribute name="Output H" value="419506112"/>
  <attribute name="Output I" value="2064"/>
  <attribute name="Output T" value="16"/>
  <attribute name= "Current Time Running" value="197192" />
  <attribute name="GC Util currently" value="125" />
  <attribute name="CPU Util currently" value="1631332545940" />
<exclusive-end id="2640" timestamp="2019-08-08T12:52:45.816" durationms="10.307" />

<exclusive-start id="2641" timestamp="2019-08-08T12:52:45.960" intervalms="153.840">
  <response-info timems="0.019" idlems="0.019" threads="0" lastid="00000000018B4F00" lastname="main" />
</exclusive-start>
<allocation-taxation id="2642" taxation-threshold="111149056" timestamp="2019-08-08T12:52:45.960" intervalms="153.851" />
<cycle-start id="2643" type="partial gc" contextid="0" timestamp="2019-08-08T12:52:45.960" intervalms="153.859" />
<gc-start id="2644" type="partial gc" contextid="2643" timestamp="2019-08-08T12:52:45.960">
  <mem-info id="2645" free="138412032" total="419430400" percent="33">
    <mem type="eden" free="0" total="111149056" percent="0" />
    <remembered-set count="7520" freebytes="16737920" totalbytes="16768000" percent="99" regionsoverflowed="0" regionsstable="10" regionsrebuilding="0"/>
  </mem-info>
</gc-start>
<allocation-stats totalBytes="111134288" >
  <allocated-bytes non-tlh="18240" tlh="111116048" arrayletleaf="0"/>
  <largest-consumer threadName="main" threadId="00000000018B4F00" bytes="111134288" />
</allocation-stats>
<gc-op id="2646" type="copy forward" timems="7.887" contextid="2643" timestamp="2019-08-08T12:52:45.970">
  <memory-copied type="eden" objects="41" bytes="1216" bytesdiscarded="528" />
  <memory-copied type="other" objects="48" bytes="1152" bytesdiscarded="1368" />
  <memory-cardclean objects="131" bytes="3768" />
  <regions eden="53" other="2" />
  <remembered-set-cleared processed="236" cleared="19" durationms="0.179" />
  <stringconstants candidates="13838" cleared="0"  />
</gc-op>
<gc-op id="2647" type="classunload" timems="0.010" contextid="2643" timestamp="2019-08-08T12:52:45.970">
  <classunload-info classloadercandidates="54" classloadersunloaded="0" classesunloaded="0" anonymousclassesunloaded="0" quiescems="0.000" setupms="0.010" scanms="0.000" postms="0.000" />
</gc-op>
<gc-end id="2648" type="partial gc" contextid="2643" durationms="9.332" usertimems="16.812" systemtimems="0.000" timestamp="2019-08-08T12:52:45.970" activeThreads="16">
  <mem-info id="2649" free="247463936" total="419430400" percent="59">
    <mem type="eden" free="2095408" total="2097152" percent="99" />
    <remembered-set count="8448" freebytes="16734208" totalbytes="16768000" percent="99" regionsoverflowed="0" regionsstable="10" regionsrebuilding="0"/>
  </mem-info>
</gc-end>
<cycle-end id="2650" type="partial gc" contextid="2643" timestamp="2019-08-08T12:52:45.970" />
  <attribute name="elasticGC enabled" value="1" />
  <attribute name= "numThreadsSpecified" value="16" />
  <attribute name="heapSize specified" value="0" />
  <attribute name="Current GC Util" value="157" />
  <attribute name= "Current Time Running" value="197346" />
  <attribute name ="GC Interval" value="0" />
  <attribute name="Target GC Util Change" value ="80.000000" />
  <attribute name="Current GC Util Change" value="157.000000"/>
  <attribute name="Current Error" value="19.000000" />
  <attribute name="Output H" value="419506104"/>
  <attribute name="Output I" value="2048"/>
  <attribute name="Output T" value="16"/>
  <attribute name= "Current Time Running" value="197346" />
  <attribute name="GC Util currently" value="157" />
  <attribute name="CPU Util currently" value="1220421744314" />
<exclusive-end id="2651" timestamp="2019-08-08T12:52:45.970" durationms="10.286" />

<exclusive-start id="2652" timestamp="2019-08-08T12:52:46.080" intervalms="120.486">
  <response-info timems="0.038" idlems="0.038" threads="0" lastid="00000000018B4F00" lastname="main" />
</exclusive-start>
<allocation-taxation id="2653" taxation-threshold="111149056" timestamp="2019-08-08T12:52:46.080" intervalms="120.468" />
<cycle-start id="2654" type="partial gc" contextid="0" timestamp="2019-08-08T12:52:46.081" intervalms="120.419" />
<gc-start id="2655" type="partial gc" contextid="2654" timestamp="2019-08-08T12:52:46.081">
  <mem-info id="2656" free="136314880" total="419430400" percent="32">
    <mem type="eden" free="0" total="111149056" percent="0" />
    <remembered-set count="8000" freebytes="16736000" totalbytes="16768000" percent="99" regionsoverflowed="0" regionsstable="10" regionsrebuilding="0"/>
  </mem-info>
</gc-start>
<allocation-stats totalBytes="111121352" >
  <allocated-bytes non-tlh="0" tlh="111121352" arrayletleaf="0"/>
  <largest-consumer threadName="main" threadId="00000000018B4F00" bytes="111121352" />
</allocation-stats>
<gc-op id="2657" type="copy forward" timems="7.658" contextid="2654" timestamp="2019-08-08T12:52:46.089">
  <memory-copied type="eden" objects="37" bytes="1112" bytesdiscarded="1128" />
  <memory-copied type="other" objects="70" bytes="1752" bytesdiscarded="816" />
  <memory-cardclean objects="158" bytes="4776" />
  <regions eden="53" other="2" />
  <remembered-set-cleared processed="237" cleared="19" durationms="0.181" />
  <stringconstants candidates="13838" cleared="0"  />
</gc-op>
<gc-op id="2658" type="classunload" timems="0.007" contextid="2654" timestamp="2019-08-08T12:52:46.089">
  <classunload-info classloadercandidates="54" classloadersunloaded="0" classesunloaded="0" anonymousclassesunloaded="0" quiescems="0.000" setupms="0.006" scanms="0.000" postms="0.000" />
</gc-op>
<gc-end id="2659" type="partial gc" contextid="2654" durationms="8.766" usertimems="18.819" systemtimems="0.000" timestamp="2019-08-08T12:52:46.090" activeThreads="16">
  <mem-info id="2660" free="245366784" total="419430400" percent="58">
    <mem type="eden" free="2094912" total="2097152" percent="99" />
    <remembered-set count="8000" freebytes="16736000" totalbytes="16768000" percent="99" regionsoverflowed="0" regionsstable="10" regionsrebuilding="0"/>
  </mem-info>
</gc-end>
<cycle-end id="2661" type="partial gc" contextid="2654" timestamp="2019-08-08T12:52:46.090" />
  <attribute name="elasticGC enabled" value="1" />
  <attribute name= "numThreadsSpecified" value="16" />
  <attribute name="heapSize specified" value="0" />
  <attribute name="Current GC Util" value="108" />
  <attribute name= "Current Time Running" value="197466" />
  <attribute name ="GC Interval" value="0" />
  <attribute name="Target GC Util Change" value ="80.000000" />
  <attribute name="Current GC Util Change" value="108.000000"/>
  <attribute name="Current Error" value="58.000000" />
  <attribute name="Output H" value="419506152"/>
  <attribute name="Output I" value="2112"/>
  <attribute name="Output T" value="16"/>
  <attribute name= "Current Time Running" value="197466" />
  <attribute name="GC Util currently" value="108" />
  <attribute name="CPU Util currently" value="1995602517360" />
<exclusive-end id="2662" timestamp="2019-08-08T12:52:46.090" durationms="9.335" />

<exclusive-start id="2663" timestamp="2019-08-08T12:52:46.211" intervalms="130.580">
  <response-info timems="0.019" idlems="0.019" threads="0" lastid="00000000018B4F00" lastname="main" />
</exclusive-start>
<allocation-taxation id="2664" taxation-threshold="111149056" timestamp="2019-08-08T12:52:46.211" intervalms="130.581" />
<cycle-start id="2665" type="partial gc" contextid="0" timestamp="2019-08-08T12:52:46.211" intervalms="130.568" />
<gc-start id="2666" type="partial gc" contextid="2665" timestamp="2019-08-08T12:52:46.211">
  <mem-info id="2667" free="134217728" total="419430400" percent="32">
    <mem type="eden" free="0" total="111149056" percent="0" />
    <remembered-set count="7520" freebytes="16737920" totalbytes="16768000" percent="99" regionsoverflowed="0" regionsstable="10" regionsrebuilding="0"/>
  </mem-info>
</gc-start>
<allocation-stats totalBytes="111136936" >
  <allocated-bytes non-tlh="0" tlh="111136936" arrayletleaf="0"/>
  <largest-consumer threadName="main" threadId="00000000018B4F00" bytes="111136936" />
</allocation-stats>
<gc-op id="2668" type="copy forward" timems="5.499" contextid="2665" timestamp="2019-08-08T12:52:46.218">
  <memory-copied type="eden" objects="33" bytes="968" bytesdiscarded="1944" />
  <memory-copied type="other" objects="47" bytes="1224" bytesdiscarded="2784" />
  <memory-cardclean objects="155" bytes="4608" />
  <regions eden="53" other="2" />
  <remembered-set-cleared processed="244" cleared="18" durationms="0.169" />
  <stringconstants candidates="13838" cleared="0"  />
</gc-op>
<gc-op id="2669" type="classunload" timems="0.005" contextid="2665" timestamp="2019-08-08T12:52:46.218">
  <classunload-info classloadercandidates="54" classloadersunloaded="0" classesunloaded="0" anonymousclassesunloaded="0" quiescems="0.000" setupms="0.005" scanms="0.000" postms="0.000" />
</gc-op>
<gc-end id="2670" type="partial gc" contextid="2665" durationms="6.520" usertimems="13.928" systemtimems="0.000" timestamp="2019-08-08T12:52:46.218" activeThreads="16">
  <mem-info id="2671" free="243269632" total="419430400" percent="58">
    <mem type="eden" free="2094240" total="2097152" percent="99" />
    <remembered-set count="9312" freebytes="16730752" totalbytes="16768000" percent="99" regionsoverflowed="0" regionsstable="10" regionsrebuilding="0"/>
  </mem-info>
</gc-end>
<cycle-end id="2672" type="partial gc" contextid="2665" timestamp="2019-08-08T12:52:46.218" />
  <attribute name="elasticGC enabled" value="1" />
  <attribute name= "numThreadsSpecified" value="16" />
  <attribute name="heapSize specified" value="0" />
  <attribute name="Current GC Util" value="122" />
  <attribute name= "Current Time Running" value="197597" />
  <attribute name ="GC Interval" value="0" />
  <attribute name="Target GC Util Change" value ="80.000000" />
  <attribute name="Current GC Util Change" value="122.000000"/>
  <attribute name="Current Error" value="24.000000" />
  <attribute name="Output H" value="419506112"/>
  <attribute name="Output I" value="2056"/>
  <attribute name="Output T" value="16"/>
  <attribute name= "Current Time Running" value="197597" />
  <attribute name="GC Util currently" value="122" />
  <attribute name="CPU Util currently" value="2005352792032" />
<exclusive-end id="2673" timestamp="2019-08-08T12:52:46.218" durationms="7.043" />

<exclusive-start id="2674" timestamp="2019-08-08T12:52:46.459" intervalms="247.756">
  <response-info timems="0.020" idlems="0.020" threads="0" lastid="00000000018B4F00" lastname="main" />
</exclusive-start>
<allocation-taxation id="2675" taxation-threshold="111149056" timestamp="2019-08-08T12:52:46.459" intervalms="247.773" />
<cycle-start id="2676" type="partial gc" contextid="0" timestamp="2019-08-08T12:52:46.459" intervalms="247.784" />
<gc-start id="2677" type="partial gc" contextid="2676" timestamp="2019-08-08T12:52:46.459">
  <mem-info id="2678" free="132120576" total="419430400" percent="31">
    <mem type="eden" free="0" total="111149056" percent="0" />
    <remembered-set count="8864" freebytes="16732544" totalbytes="16768000" percent="99" regionsoverflowed="0" regionsstable="10" regionsrebuilding="0"/>
  </mem-info>
</gc-start>
<allocation-stats totalBytes="111141400" >
  <allocated-bytes non-tlh="0" tlh="111141400" arrayletleaf="0"/>
  <largest-consumer threadName="main" threadId="00000000018B4F00" bytes="111141400" />
</allocation-stats>
<gc-op id="2679" type="copy forward" timems="6.040" contextid="2676" timestamp="2019-08-08T12:52:46.466">
  <memory-copied type="eden" objects="64" bytes="1720" bytesdiscarded="840" />
  <memory-copied type="other" objects="37" bytes="912" bytesdiscarded="3120" />
  <memory-cardclean objects="167" bytes="4672" />
  <regions eden="53" other="2" />
  <remembered-set-cleared processed="251" cleared="25" durationms="0.152" />
  <stringconstants candidates="13838" cleared="0"  />
</gc-op>
<gc-op id="2680" type="classunload" timems="0.005" contextid="2676" timestamp="2019-08-08T12:52:46.466">
  <classunload-info classloadercandidates="54" classloadersunloaded="0" classesunloaded="0" anonymousclassesunloaded="0" quiescems="0.000" setupms="0.004" scanms="0.000" postms="0.000" />
</gc-op>
<gc-end id="2681" type="partial gc" contextid="2676" durationms="6.940" usertimems="16.998" systemtimems="0.000" timestamp="2019-08-08T12:52:46.466" activeThreads="16">
  <mem-info id="2682" free="241172480" total="419430400" percent="57">
    <mem type="eden" free="2094592" total="2097152" percent="99" />
    <remembered-set count="8800" freebytes="16732800" totalbytes="16768000" percent="99" regionsoverflowed="0" regionsstable="10" regionsrebuilding="0"/>
  </mem-info>
</gc-end>
<cycle-end id="2683" type="partial gc" contextid="2676" timestamp="2019-08-08T12:52:46.466" />
  <attribute name="elasticGC enabled" value="1" />
  <attribute name= "numThreadsSpecified" value="16" />
  <attribute name="heapSize specified" value="0" />
  <attribute name="Current GC Util" value="162" />
  <attribute name= "Current Time Running" value="197844" />
  <attribute name ="GC Interval" value="0" />
  <attribute name="Target GC Util Change" value ="80.000000" />
  <attribute name="Current GC Util Change" value="162.000000"/>
  <attribute name="Current Error" value="17.000000" />
  <attribute name="Output H" value="419506104"/>
  <attribute name="Output I" value="2040"/>
  <attribute name="Output T" value="16"/>
  <attribute name= "Current Time Running" value="197844" />
  <attribute name="GC Util currently" value="162" />
  <attribute name="CPU Util currently" value="2704762954071" />
<exclusive-end id="2684" timestamp="2019-08-08T12:52:46.466" durationms="7.596" />

<exclusive-start id="2685" timestamp="2019-08-08T12:52:46.639" intervalms="179.861">
  <response-info timems="0.021" idlems="0.021" threads="0" lastid="00000000018B4F00" lastname="main" />
</exclusive-start>
<allocation-taxation id="2686" taxation-threshold="111149056" timestamp="2019-08-08T12:52:46.639" intervalms="179.851" />
<cycle-start id="2687" type="partial gc" contextid="0" timestamp="2019-08-08T12:52:46.639" intervalms="179.869" />
<gc-start id="2688" type="partial gc" contextid="2687" timestamp="2019-08-08T12:52:46.639">
  <mem-info id="2689" free="130023424" total="419430400" percent="31">
    <mem type="eden" free="0" total="111149056" percent="0" />
    <remembered-set count="8384" freebytes="16734464" totalbytes="16768000" percent="99" regionsoverflowed="0" regionsstable="10" regionsrebuilding="0"/>
  </mem-info>
</gc-start>
<allocation-stats totalBytes="111125912" >
  <allocated-bytes non-tlh="0" tlh="111125912" arrayletleaf="0"/>
  <largest-consumer threadName="main" threadId="00000000018B4F00" bytes="111125912" />
</allocation-stats>
<gc-op id="2690" type="copy forward" timems="6.645" contextid="2687" timestamp="2019-08-08T12:52:46.647">
  <memory-copied type="eden" objects="52" bytes="2160" bytesdiscarded="1056" />
  <memory-copied type="other" objects="60" bytes="1440" bytesdiscarded="2592" />
  <memory-cardclean objects="147" bytes="4008" />
  <regions eden="53" other="2" />
  <remembered-set-cleared processed="257" cleared="21" durationms="0.139" />
  <stringconstants candidates="13838" cleared="0"  />
</gc-op>
<gc-op id="2691" type="classunload" timems="0.008" contextid="2687" timestamp="2019-08-08T12:52:46.647">
  <classunload-info classloadercandidates="54" classloadersunloaded="0" classesunloaded="0" anonymousclassesunloaded="0" quiescems="0.000" setupms="0.007" scanms="0.000" postms="0.000" />
</gc-op>
<heap-resize id="2692" type="contract" space="default" amount="20971520" count="1" timems="0.131" reason="insufficient time being spent in gc" timestamp="2019-08-08T12:52:46.647" />
<gc-end id="2693" type="partial gc" contextid="2687" durationms="7.934" usertimems="19.013" systemtimems="0.000" timestamp="2019-08-08T12:52:46.647" activeThreads="16">
  <mem-info id="2694" free="218103808" total="398458880" percent="54">
    <mem type="eden" free="2093936" total="2097152" percent="99" />
    <remembered-set count="9568" freebytes="16729728" totalbytes="16768000" percent="99" regionsoverflowed="0" regionsstable="10" regionsrebuilding="0"/>
  </mem-info>
</gc-end>
<cycle-end id="2695" type="partial gc" contextid="2687" timestamp="2019-08-08T12:52:46.647" />
  <attribute name="elasticGC enabled" value="1" />
  <attribute name= "numThreadsSpecified" value="16" />
  <attribute name="heapSize specified" value="0" />
  <attribute name="Current GC Util" value="168" />
  <attribute name= "Current Time Running" value="198025" />
  <attribute name ="GC Interval" value="0" />
  <attribute name="Target GC Util Change" value ="80.000000" />
  <attribute name="Current GC Util Change" value="168.000000"/>
  <attribute name="Current Error" value="0.000000" />
  <attribute name="Output H" value="419506080"/>
  <attribute name="Output I" value="2008"/>
  <attribute name="Output T" value="16"/>
  <attribute name= "Current Time Running" value="198025" />
  <attribute name="GC Util currently" value="168" />
  <attribute name="CPU Util currently" value="1755781204764" />
<exclusive-end id="2696" timestamp="2019-08-08T12:52:46.647" durationms="8.494" />

<exclusive-start id="2697" timestamp="2019-08-08T12:52:46.776" intervalms="137.608">
  <response-info timems="0.021" idlems="0.021" threads="0" lastid="00000000018B4F00" lastname="main" />
</exclusive-start>
<allocation-taxation id="2698" taxation-threshold="106954752" timestamp="2019-08-08T12:52:46.776" intervalms="137.601" />
<cycle-start id="2699" type="partial gc" contextid="0" timestamp="2019-08-08T12:52:46.776" intervalms="137.556" />
<gc-start id="2700" type="partial gc" contextid="2699" timestamp="2019-08-08T12:52:46.777">
  <mem-info id="2701" free="111149056" total="398458880" percent="27">
    <mem type="eden" free="0" total="106954752" percent="0" />
    <remembered-set count="9120" freebytes="16731520" totalbytes="16768000" percent="99" regionsoverflowed="0" regionsstable="10" regionsrebuilding="0"/>
  </mem-info>
</gc-start>
<allocation-stats totalBytes="106878464" >
  <allocated-bytes non-tlh="0" tlh="106878464" arrayletleaf="0"/>
  <largest-consumer threadName="main" threadId="00000000018B4F00" bytes="106878464" />
</allocation-stats>
<gc-op id="2702" type="copy forward" timems="7.199" contextid="2699" timestamp="2019-08-08T12:52:46.786">
  <memory-copied type="eden" objects="30" bytes="1424" bytesdiscarded="1296" />
  <memory-copied type="other" objects="66" bytes="1584" bytesdiscarded="1752" />
  <memory-cardclean objects="123" bytes="3400" />
  <regions eden="51" other="2" />
  <remembered-set-cleared processed="264" cleared="17" durationms="0.138" />
  <stringconstants candidates="13838" cleared="0"  />
</gc-op>
<gc-op id="2703" type="classunload" timems="0.009" contextid="2699" timestamp="2019-08-08T12:52:46.786">
  <classunload-info classloadercandidates="54" classloadersunloaded="0" classesunloaded="0" anonymousclassesunloaded="0" quiescems="0.000" setupms="0.008" scanms="0.000" postms="0.000" />
</gc-op>
<heap-resize id="2704" type="contract" space="default" amount="20971520" count="1" timems="0.111" reason="insufficient time being spent in gc" timestamp="2019-08-08T12:52:46.786" />
<gc-end id="2705" type="partial gc" contextid="2699" durationms="9.496" usertimems="20.767" systemtimems="0.000" timestamp="2019-08-08T12:52:46.786" activeThreads="16">
  <mem-info id="2706" free="195035136" total="377487360" percent="51">
    <mem type="eden" free="2094432" total="2097152" percent="99" />
    <remembered-set count="9824" freebytes="15890304" totalbytes="15929600" percent="99" regionsoverflowed="0" regionsstable="10" regionsrebuilding="0"/>
  </mem-info>
</gc-end>
<cycle-end id="2707" type="partial gc" contextid="2699" timestamp="2019-08-08T12:52:46.786" />
  <attribute name="elasticGC enabled" value="1" />
  <attribute name= "numThreadsSpecified" value="16" />
  <attribute name="heapSize specified" value="0" />
  <attribute name="Current GC Util" value="56" />
  <attribute name= "Current Time Running" value="198163" />
  <attribute name ="GC Interval" value="0" />
  <attribute name="Target GC Util Change" value ="80.000000" />
  <attribute name="Current GC Util Change" value="56.000000"/>
  <attribute name="Current Error" value="91.000000" />
  <attribute name="Output H" value="398534672"/>
  <attribute name="Output I" value="2176"/>
  <attribute name="Output T" value="16"/>
  <attribute name= "Current Time Running" value="198163" />
  <attribute name="GC Util currently" value="56" />
  <attribute name="CPU Util currently" value="694390435141" />
<exclusive-end id="2708" timestamp="2019-08-08T12:52:46.786" durationms="10.051" />

<exclusive-start id="2709" timestamp="2019-08-08T12:52:46.821" intervalms="44.448">
  <response-info timems="0.018" idlems="0.018" threads="0" lastid="00000000018B4F00" lastname="main" />
</exclusive-start>
<allocation-taxation id="2710" taxation-threshold="100663296" timestamp="2019-08-08T12:52:46.821" intervalms="44.454" />
<cycle-start id="2711" type="partial gc" contextid="0" timestamp="2019-08-08T12:52:46.821" intervalms="44.502" />
<gc-start id="2712" type="partial gc" contextid="2711" timestamp="2019-08-08T12:52:46.821">
  <mem-info id="2713" free="94371840" total="377487360" percent="25">
    <mem type="eden" free="0" total="100663296" percent="0" />
    <remembered-set count="9376" freebytes="15892096" totalbytes="15929600" percent="99" regionsoverflowed="0" regionsstable="10" regionsrebuilding="0"/>
  </mem-info>
</gc-start>
<allocation-stats totalBytes="100484560" >
  <allocated-bytes non-tlh="0" tlh="100484560" arrayletleaf="0"/>
  <largest-consumer threadName="main" threadId="00000000018B4F00" bytes="100484560" />
</allocation-stats>
<gc-op id="2714" type="copy forward" timems="6.349" contextid="2711" timestamp="2019-08-08T12:52:46.829">
  <memory-copied type="eden" objects="3" bytes="72" bytesdiscarded="720" />
  <memory-copied type="other" objects="51" bytes="1928" bytesdiscarded="2968" />
  <memory-cardclean objects="61" bytes="1920" />
  <regions eden="48" other="2" />
  <remembered-set-cleared processed="270" cleared="11" durationms="0.136" />
  <stringconstants candidates="13838" cleared="0"  />
</gc-op>
<gc-op id="2715" type="classunload" timems="0.005" contextid="2711" timestamp="2019-08-08T12:52:46.829">
  <classunload-info classloadercandidates="54" classloadersunloaded="0" classesunloaded="0" anonymousclassesunloaded="0" quiescems="0.000" setupms="0.004" scanms="0.000" postms="0.000" />
</gc-op>
<gc-end id="2716" type="partial gc" contextid="2711" durationms="8.399" usertimems="17.632" systemtimems="0.000" timestamp="2019-08-08T12:52:46.829" activeThreads="16">
  <mem-info id="2717" free="192937984" total="377487360" percent="51">
    <mem type="eden" free="2096360" total="2097152" percent="99" />
    <remembered-set count="9568" freebytes="15052928" totalbytes="15091200" percent="99" regionsoverflowed="0" regionsstable="10" regionsrebuilding="0"/>
  </mem-info>
</gc-end>
<cycle-end id="2718" type="partial gc" contextid="2711" timestamp="2019-08-08T12:52:46.829" />
  <attribute name="elasticGC enabled" value="1" />
  <attribute name= "numThreadsSpecified" value="16" />
  <attribute name="heapSize specified" value="0" />
  <attribute name="Current GC Util" value="47" />
  <attribute name= "Current Time Running" value="198208" />
  <attribute name ="GC Interval" value="0" />
  <attribute name="Target GC Util Change" value ="80.000000" />
  <attribute name="Current GC Util Change" value="47.000000"/>
  <attribute name="Current Error" value="158.000000" />
  <attribute name="Output H" value="377563224"/>
  <attribute name="Output I" value="2296"/>
  <attribute name="Output T" value="16"/>
  <attribute name= "Current Time Running" value="198208" />
  <attribute name="GC Util currently" value="47" />
  <attribute name="CPU Util currently" value="707997873645" />
<exclusive-end id="2719" timestamp="2019-08-08T12:52:46.830" durationms="8.953" />

<exclusive-start id="2720" timestamp="2019-08-08T12:52:46.900" intervalms="79.557">
  <response-info timems="0.021" idlems="0.021" threads="0" lastid="00000000018B4F00" lastname="main" />
</exclusive-start>
<allocation-taxation id="2721" taxation-threshold="100663296" timestamp="2019-08-08T12:52:46.900" intervalms="79.546" />
<cycle-start id="2722" type="partial gc" contextid="0" timestamp="2019-08-08T12:52:46.900" intervalms="79.556" />
<gc-start id="2723" type="partial gc" contextid="2722" timestamp="2019-08-08T12:52:46.901">
  <mem-info id="2724" free="92274688" total="377487360" percent="24">
    <mem type="eden" free="2096360" total="102760448" percent="2" />
    <remembered-set count="9088" freebytes="15054848" totalbytes="15091200" percent="99" regionsoverflowed="0" regionsstable="10" regionsrebuilding="0"/>
  </mem-info>
</gc-start>
<allocation-stats totalBytes="100505912" >
  <allocated-bytes non-tlh="0" tlh="100505912" arrayletleaf="0"/>
  <largest-consumer threadName="main" threadId="00000000018B4F00" bytes="100505912" />
</allocation-stats>
<gc-op id="2725" type="copy forward" timems="5.959" contextid="2722" timestamp="2019-08-08T12:52:46.907">
  <memory-copied type="eden" objects="33" bytes="1416" bytesdiscarded="752" />
  <memory-copied type="other" objects="12" bytes="288" bytesdiscarded="1344" />
  <memory-cardclean objects="92" bytes="2528" />
  <regions eden="48" other="2" />
  <remembered-set-cleared processed="273" cleared="12" durationms="0.181" />
  <stringconstants candidates="13838" cleared="0"  />
</gc-op>
<gc-op id="2726" type="classunload" timems="0.009" contextid="2722" timestamp="2019-08-08T12:52:46.907">
  <classunload-info classloadercandidates="54" classloadersunloaded="0" classesunloaded="0" anonymousclassesunloaded="0" quiescems="0.000" setupms="0.008" scanms="0.000" postms="0.000" />
</gc-op>
<gc-end id="2727" type="partial gc" contextid="2722" durationms="6.870" usertimems="15.288" systemtimems="0.000" timestamp="2019-08-08T12:52:46.907" activeThreads="16">
  <mem-info id="2728" free="192937984" total="377487360" percent="51">
    <mem type="eden" free="2094984" total="2097152" percent="99" />
    <remembered-set count="9120" freebytes="15054720" totalbytes="15091200" percent="99" regionsoverflowed="0" regionsstable="10" regionsrebuilding="0"/>
  </mem-info>
</gc-end>
<cycle-end id="2729" type="partial gc" contextid="2722" timestamp="2019-08-08T12:52:46.908" />
  <attribute name="elasticGC enabled" value="1" />
  <attribute name= "numThreadsSpecified" value="16" />
  <attribute name="heapSize specified" value="0" />
  <attribute name="Current GC Util" value="150" />
  <attribute name= "Current Time Running" value="198286" />
  <attribute name ="GC Interval" value="0" />
  <attribute name="Target GC Util Change" value ="80.000000" />
  <attribute name="Current GC Util Change" value="150.000000"/>
  <attribute name="Current Error" value="147.000000" />
  <attribute name="Output H" value="377563216"/>
  <attribute name="Output I" value="2272"/>
  <attribute name="Output T" value="16"/>
  <attribute name= "Current Time Running" value="198286" />
  <attribute name="GC Util currently" value="150" />
  <attribute name="CPU Util currently" value="2835399005162" />
<exclusive-end id="2730" timestamp="2019-08-08T12:52:46.908" durationms="7.429" />

<exclusive-start id="2731" timestamp="2019-08-08T12:52:46.983" intervalms="82.967">
  <response-info timems="0.023" idlems="0.023" threads="0" lastid="00000000018B4F00" lastname="main" />
</exclusive-start>
<allocation-taxation id="2732" taxation-threshold="100663296" timestamp="2019-08-08T12:52:46.983" intervalms="82.973" />
<cycle-start id="2733" type="partial gc" contextid="0" timestamp="2019-08-08T12:52:46.983" intervalms="82.952" />
<gc-start id="2734" type="partial gc" contextid="2733" timestamp="2019-08-08T12:52:46.984">
  <mem-info id="2735" free="92274688" total="377487360" percent="24">
    <mem type="eden" free="0" total="100663296" percent="0" />
    <remembered-set count="8640" freebytes="15056640" totalbytes="15091200" percent="99" regionsoverflowed="0" regionsstable="10" regionsrebuilding="0"/>
  </mem-info>
</gc-start>
<allocation-stats totalBytes="100586248" >
  <allocated-bytes non-tlh="0" tlh="100586248" arrayletleaf="0"/>
  <largest-consumer threadName="main" threadId="00000000018B4F00" bytes="100586248" />
</allocation-stats>
<gc-op id="2736" type="copy forward" timems="6.366" contextid="2733" timestamp="2019-08-08T12:52:46.991">
  <memory-copied type="eden" objects="28" bytes="1488" bytesdiscarded="648" />
  <memory-copied type="other" objects="24" bytes="576" bytesdiscarded="1824" />
  <memory-cardclean objects="86" bytes="2464" />
  <regions eden="48" other="2" />
  <remembered-set-cleared processed="274" cleared="14" durationms="0.160" />
  <stringconstants candidates="13838" cleared="0"  />
</gc-op>
<gc-op id="2737" type="classunload" timems="0.007" contextid="2733" timestamp="2019-08-08T12:52:46.991">
  <classunload-info classloadercandidates="54" classloadersunloaded="0" classesunloaded="0" anonymousclassesunloaded="0" quiescems="0.000" setupms="0.007" scanms="0.000" postms="0.000" />
</gc-op>
<gc-end id="2738" type="partial gc" contextid="2733" durationms="7.375" usertimems="17.978" systemtimems="0.000" timestamp="2019-08-08T12:52:46.991" activeThreads="16">
  <mem-info id="2739" free="190840832" total="377487360" percent="50">
    <mem type="eden" free="2095016" total="2097152" percent="99" />
    <remembered-set count="9600" freebytes="15052800" totalbytes="15091200" percent="99" regionsoverflowed="0" regionsstable="10" regionsrebuilding="0"/>
  </mem-info>
</gc-end>
<cycle-end id="2740" type="partial gc" contextid="2733" timestamp="2019-08-08T12:52:46.991" />
  <attribute name="elasticGC enabled" value="1" />
  <attribute name= "numThreadsSpecified" value="16" />
  <attribute name="heapSize specified" value="0" />
  <attribute name="Current GC Util" value="125" />
  <attribute name= "Current Time Running" value="198369" />
  <attribute name ="GC Interval" value="0" />
  <attribute name="Target GC Util Change" value ="80.000000" />
  <attribute name="Current GC Util Change" value="125.000000"/>
  <attribute name="Current Error" value="18.000000" />
  <attribute name="Output H" value="377563064"/>
  <attribute name="Output I" value="2040"/>
  <attribute name="Output T" value="16"/>
  <attribute name= "Current Time Running" value="198369" />
  <attribute name="GC Util currently" value="125" />
  <attribute name="CPU Util currently" value="2168315307667" />
<exclusive-end id="2741" timestamp="2019-08-08T12:52:46.991" durationms="7.880" />

<exclusive-start id="2742" timestamp="2019-08-08T12:52:47.165" intervalms="181.948">
  <response-info timems="0.013" idlems="0.013" threads="0" lastid="00000000018B4F00" lastname="main" />
</exclusive-start>
<allocation-taxation id="2743" taxation-threshold="100663296" timestamp="2019-08-08T12:52:47.165" intervalms="181.943" />
<cycle-start id="2744" type="partial gc" contextid="0" timestamp="2019-08-08T12:52:47.165" intervalms="181.935" />
<gc-start id="2745" type="partial gc" contextid="2744" timestamp="2019-08-08T12:52:47.165">
  <mem-info id="2746" free="90177536" total="377487360" percent="23">
    <mem type="eden" free="0" total="100663296" percent="0" />
    <remembered-set count="9120" freebytes="15054720" totalbytes="15091200" percent="99" regionsoverflowed="0" regionsstable="10" regionsrebuilding="0"/>
  </mem-info>
</gc-start>
<allocation-stats totalBytes="100536864" >
  <allocated-bytes non-tlh="0" tlh="100536864" arrayletleaf="0"/>
  <largest-consumer threadName="main" threadId="00000000018B4F00" bytes="100536864" />
</allocation-stats>
<gc-op id="2747" type="copy forward" timems="7.374" contextid="2744" timestamp="2019-08-08T12:52:47.174">
  <memory-copied type="eden" objects="36" bytes="1176" bytesdiscarded="1176" />
  <memory-copied type="other" objects="18" bytes="432" bytesdiscarded="1320" />
  <memory-cardclean objects="110" bytes="3016" />
  <regions eden="48" other="2" />
  <remembered-set-cleared processed="278" cleared="14" durationms="0.158" />
  <stringconstants candidates="13838" cleared="0"  />
</gc-op>
<gc-op id="2748" type="classunload" timems="0.010" contextid="2744" timestamp="2019-08-08T12:52:47.174">
  <classunload-info classloadercandidates="54" classloadersunloaded="0" classesunloaded="0" anonymousclassesunloaded="0" quiescems="0.000" setupms="0.010" scanms="0.000" postms="0.000" />
</gc-op>
<gc-end id="2749" type="partial gc" contextid="2744" durationms="8.488" usertimems="16.002" systemtimems="0.000" timestamp="2019-08-08T12:52:47.174" activeThreads="16">
  <mem-info id="2750" free="188743680" total="377487360" percent="50">
    <mem type="eden" free="2094800" total="2097152" percent="99" />
    <remembered-set count="9216" freebytes="15054336" totalbytes="15091200" percent="99" regionsoverflowed="0" regionsstable="10" regionsrebuilding="0"/>
  </mem-info>
</gc-end>
<cycle-end id="2751" type="partial gc" contextid="2744" timestamp="2019-08-08T12:52:47.174" />
  <attribute name="elasticGC enabled" value="1" />
  <attribute name= "numThreadsSpecified" value="16" />
  <attribute name="heapSize specified" value="0" />
  <attribute name="Current GC Util" value="100" />
  <attribute name= "Current Time Running" value="198551" />
  <attribute name ="GC Interval" value="0" />
  <attribute name="Target GC Util Change" value ="80.000000" />
  <attribute name="Current GC Util Change" value="100.000000"/>
  <attribute name="Current Error" value="69.000000" />
  <attribute name="Output H" value="377563120"/>
  <attribute name="Output I" value="2136"/>
  <attribute name="Output T" value="16"/>
  <attribute name= "Current Time Running" value="198551" />
  <attribute name="GC Util currently" value="100" />
  <attribute name="CPU Util currently" value="1905494639415" />
<exclusive-end id="2752" timestamp="2019-08-08T12:52:47.174" durationms="9.209" />

<exclusive-start id="2753" timestamp="2019-08-08T12:52:47.353" intervalms="187.816">
  <response-info timems="0.015" idlems="0.015" threads="0" lastid="00000000018B4F00" lastname="main" />
</exclusive-start>
<allocation-taxation id="2754" taxation-threshold="100663296" timestamp="2019-08-08T12:52:47.353" intervalms="187.814" />
<cycle-start id="2755" type="partial gc" contextid="0" timestamp="2019-08-08T12:52:47.353" intervalms="187.842" />
<gc-start id="2756" type="partial gc" contextid="2755" timestamp="2019-08-08T12:52:47.353">
  <mem-info id="2757" free="88080384" total="377487360" percent="23">
    <mem type="eden" free="0" total="100663296" percent="0" />
    <remembered-set count="8768" freebytes="15056128" totalbytes="15091200" percent="99" regionsoverflowed="0" regionsstable="10" regionsrebuilding="0"/>
  </mem-info>
</gc-start>
<allocation-stats totalBytes="100644960" >
  <allocated-bytes non-tlh="0" tlh="100644960" arrayletleaf="0"/>
  <largest-consumer threadName="main" threadId="00000000018B4F00" bytes="100644960" />
</allocation-stats>
<gc-op id="2758" type="copy forward" timems="6.004" contextid="2755" timestamp="2019-08-08T12:52:47.360">
  <memory-copied type="eden" objects="5" bytes="240" bytesdiscarded="0" />
  <memory-copied type="other" objects="38" bytes="1104" bytesdiscarded="1896" />
  <memory-cardclean objects="72" bytes="2144" />
  <regions eden="48" other="2" />
  <remembered-set-cleared processed="283" cleared="11" durationms="0.158" />
  <stringconstants candidates="13838" cleared="0"  />
</gc-op>
<gc-op id="2759" type="classunload" timems="0.005" contextid="2755" timestamp="2019-08-08T12:52:47.360">
  <classunload-info classloadercandidates="54" classloadersunloaded="0" classesunloaded="0" anonymousclassesunloaded="0" quiescems="0.000" setupms="0.005" scanms="0.000" postms="0.000" />
</gc-op>
<gc-end id="2760" type="partial gc" contextid="2755" durationms="7.255" usertimems="15.811" systemtimems="0.000" timestamp="2019-08-08T12:52:47.361" activeThreads="16">
  <mem-info id="2761" free="186646528" total="377487360" percent="49">
    <mem type="eden" free="2096912" total="2097152" percent="99" />
    <remembered-set count="9472" freebytes="15053312" totalbytes="15091200" percent="99" regionsoverflowed="0" regionsstable="10" regionsrebuilding="0"/>
  </mem-info>
</gc-end>
<cycle-end id="2762" type="partial gc" contextid="2755" timestamp="2019-08-08T12:52:47.361" />
  <attribute name="elasticGC enabled" value="1" />
  <attribute name= "numThreadsSpecified" value="16" />
  <attribute name="heapSize specified" value="0" />
  <attribute name="Current GC Util" value="201" />
  <attribute name= "Current Time Running" value="198739" />
  <attribute name ="GC Interval" value="0" />
  <attribute name="Target GC Util Change" value ="80.000000" />
  <attribute name="Current GC Util Change" value="201.000000"/>
  <attribute name="Current Error" value="20.000000" />
  <attribute name="Output H" value="377563064"/>
  <attribute name="Output I" value="2048"/>
  <attribute name="Output T" value="16"/>
  <attribute name= "Current Time Running" value="198739" />
  <attribute name="GC Util currently" value="201" />
  <attribute name="CPU Util currently" value="1539562559544" />
<exclusive-end id="2763" timestamp="2019-08-08T12:52:47.361" durationms="7.920" />

<exclusive-start id="2764" timestamp="2019-08-08T12:52:47.520" intervalms="167.027">
  <response-info timems="0.020" idlems="0.020" threads="0" lastid="00000000018B4F00" lastname="main" />
</exclusive-start>
<allocation-taxation id="2765" taxation-threshold="100663296" timestamp="2019-08-08T12:52:47.520" intervalms="167.031" />
<cycle-start id="2766" type="partial gc" contextid="0" timestamp="2019-08-08T12:52:47.520" intervalms="167.048" />
<gc-start id="2767" type="partial gc" contextid="2766" timestamp="2019-08-08T12:52:47.520">
  <mem-info id="2768" free="85983232" total="377487360" percent="22">
    <mem type="eden" free="2096912" total="102760448" percent="2" />
    <remembered-set count="9024" freebytes="15055104" totalbytes="15091200" percent="99" regionsoverflowed="0" regionsstable="10" regionsrebuilding="0"/>
  </mem-info>
</gc-start>
<allocation-stats totalBytes="100636160" >
  <allocated-bytes non-tlh="0" tlh="100636160" arrayletleaf="0"/>
  <largest-consumer threadName="main" threadId="00000000018B4F00" bytes="100636160" />
</allocation-stats>
<gc-op id="2769" type="copy forward" timems="6.979" contextid="2766" timestamp="2019-08-08T12:52:47.529">
  <memory-copied type="eden" objects="24" bytes="1304" bytesdiscarded="672" />
  <memory-copied type="other" objects="18" bytes="432" bytesdiscarded="1296" />
  <memory-cardclean objects="83" bytes="2328" />
  <regions eden="48" other="2" />
  <remembered-set-cleared processed="285" cleared="10" durationms="0.208" />
  <stringconstants candidates="13838" cleared="0"  />
</gc-op>
<gc-op id="2770" type="classunload" timems="0.007" contextid="2766" timestamp="2019-08-08T12:52:47.529">
  <classunload-info classloadercandidates="54" classloadersunloaded="0" classesunloaded="0" anonymousclassesunloaded="0" quiescems="0.000" setupms="0.007" scanms="0.000" postms="0.000" />
</gc-op>
<heap-resize id="2771" type="contract" space="default" amount="18874368" count="1" timems="0.101" reason="insufficient time being spent in gc" timestamp="2019-08-08T12:52:47.529" />
<gc-end id="2772" type="partial gc" contextid="2766" durationms="8.838" usertimems="19.896" systemtimems="0.000" timestamp="2019-08-08T12:52:47.529" activeThreads="16">
  <mem-info id="2773" free="167772160" total="358612992" percent="46">
    <mem type="eden" free="2095176" total="2097152" percent="99" />
    <remembered-set count="9056" freebytes="15054976" totalbytes="15091200" percent="99" regionsoverflowed="0" regionsstable="10" regionsrebuilding="0"/>
  </mem-info>
</gc-end>
<cycle-end id="2774" type="partial gc" contextid="2766" timestamp="2019-08-08T12:52:47.529" />
  <attribute name="elasticGC enabled" value="1" />
  <attribute name= "numThreadsSpecified" value="16" />
  <attribute name="heapSize specified" value="0" />
  <attribute name="Current GC Util" value="228" />
  <attribute name= "Current Time Running" value="198907" />
  <attribute name ="GC Interval" value="0" />
  <attribute name="Target GC Util Change" value ="80.000000" />
  <attribute name="Current GC Util Change" value="228.000000"/>
  <attribute name="Current Error" value="-76.000000" />
  <attribute name="Output H" value="377562960"/>
  <attribute name="Output I" value="1880"/>
  <attribute name="Output T" value="16"/>
  <attribute name= "Current Time Running" value="198907" />
  <attribute name="GC Util currently" value="228" />
  <attribute name="CPU Util currently" value="943443875876" />
<exclusive-end id="2775" timestamp="2019-08-08T12:52:47.529" durationms="9.469" />

<exclusive-start id="2776" timestamp="2019-08-08T12:52:47.564" intervalms="44.148">
  <response-info timems="0.020" idlems="0.020" threads="0" lastid="00000000018B4F00" lastname="main" />
</exclusive-start>
<allocation-taxation id="2777" taxation-threshold="96468992" timestamp="2019-08-08T12:52:47.564" intervalms="44.155" />
<cycle-start id="2778" type="partial gc" contextid="0" timestamp="2019-08-08T12:52:47.564" intervalms="44.130" />
<gc-start id="2779" type="partial gc" contextid="2778" timestamp="2019-08-08T12:52:47.565">
  <mem-info id="2780" free="71303168" total="358612992" percent="19">
    <mem type="eden" free="0" total="96468992" percent="0" />
    <remembered-set count="8896" freebytes="15055616" totalbytes="15091200" percent="99" regionsoverflowed="0" regionsstable="10" regionsrebuilding="0"/>
  </mem-info>
</gc-start>
<allocation-stats totalBytes="96335176" >
  <allocated-bytes non-tlh="0" tlh="96335176" arrayletleaf="0"/>
  <largest-consumer threadName="main" threadId="00000000018B4F00" bytes="96335176" />
</allocation-stats>
<gc-op id="2781" type="copy forward" timems="7.645" contextid="2778" timestamp="2019-08-08T12:52:47.575">
  <memory-copied type="eden" objects="5" bytes="136" bytesdiscarded="0" />
  <memory-copied type="other" objects="39" bytes="1648" bytesdiscarded="1992" />
  <memory-cardclean objects="62" bytes="1928" />
  <regions eden="46" other="2" />
  <remembered-set-cleared processed="286" cleared="11" durationms="0.217" />
  <stringconstants candidates="13838" cleared="0"  />
</gc-op>
<gc-op id="2782" type="classunload" timems="0.007" contextid="2778" timestamp="2019-08-08T12:52:47.575">
  <classunload-info classloadercandidates="54" classloadersunloaded="0" classesunloaded="0" anonymousclassesunloaded="0" quiescems="0.000" setupms="0.007" scanms="0.000" postms="0.000" />
</gc-op>
<gc-end id="2783" type="partial gc" contextid="2778" durationms="10.367" usertimems="23.055" systemtimems="0.000" timestamp="2019-08-08T12:52:47.575" activeThreads="16">
  <mem-info id="2784" free="165675008" total="358612992" percent="46">
    <mem type="eden" free="2097016" total="2097152" percent="99" />
    <remembered-set count="9056" freebytes="14300416" totalbytes="14336640" percent="99" regionsoverflowed="0" regionsstable="10" regionsrebuilding="0"/>
  </mem-info>
</gc-end>
<cycle-end id="2785" type="partial gc" contextid="2778" timestamp="2019-08-08T12:52:47.575" />
  <attribute name="elasticGC enabled" value="1" />
  <attribute name= "numThreadsSpecified" value="16" />
  <attribute name="heapSize specified" value="0" />
  <attribute name="Current GC Util" value="97" />
  <attribute name= "Current Time Running" value="198952" />
  <attribute name ="GC Interval" value="0" />
  <attribute name="Target GC Util Change" value ="80.000000" />
  <attribute name="Current GC Util Change" value="97.000000"/>
  <attribute name="Current Error" value="-53.000000" />
  <attribute name="Output H" value="358688616"/>
  <attribute name="Output I" value="1920"/>
  <attribute name="Output T" value="16"/>
  <attribute name= "Current Time Running" value="198952" />
  <attribute name="GC Util currently" value="97" />
  <attribute name="CPU Util currently" value="537206251742" />
<exclusive-end id="2786" timestamp="2019-08-08T12:52:47.575" durationms="10.989" />

* Round 4 done in 3.043 seconds.

-------------------------------------------------------------------------------
Benchmark: 2019-08-08 12:51:59
-------------------------------------------------------------------------------

    Rounds: 4
    Warp:   10
    Timer:  time.time

Test                             minimum  average  operation  overhead
-------------------------------------------------------------------------------
          BuiltinFunctionCalls:     19ms    164ms    0.32us    0.000ms
           BuiltinMethodLookup:     46ms    168ms    0.16us    0.000ms
                 CompareFloats:     17ms    164ms    0.14us    0.000ms
         CompareFloatsIntegers:     19ms    136ms    0.15us    0.000ms
               CompareIntegers:     25ms    115ms    0.06us    0.000ms
        CompareInternedStrings:     43ms    185ms    0.12us    0.000ms
                  CompareLongs:     18ms     84ms    0.08us    0.000ms
                CompareStrings:     31ms    128ms    0.13us    0.000ms
                CompareUnicode:     26ms     96ms    0.13us    0.000ms
                 ConcatStrings:    290ms   1195ms    2.39us    0.000ms
                 ConcatUnicode:    170ms    572ms    1.91us    0.000ms
               CreateInstances:     77ms    164ms    1.46us    0.000ms
            CreateNewInstances:     97ms    166ms    1.97us    0.000ms
       CreateStringsWithConcat:     91ms    248ms    0.25us    0.000ms
       CreateUnicodeWithConcat:     43ms    115ms    0.29us    0.000ms
                  DictCreation:     88ms    192ms    0.48us    0.000ms
             DictWithFloatKeys:     15ms     87ms    0.10us    0.000ms
           DictWithIntegerKeys:     20ms     63ms    0.05us    0.000ms
            DictWithStringKeys:     19ms     57ms    0.05us    0.000ms
                      ForLoops:     65ms    143ms    5.72us    0.000ms
                    IfThenElse:     22ms     92ms    0.07us    0.000ms
                   ListSlicing:     21ms     55ms    3.93us    0.000ms
                NestedForLoops:     55ms    157ms    0.10us    0.000ms
          NormalClassAttribute:     25ms     76ms    0.06us    0.000ms
       NormalInstanceAttribute:     24ms     77ms    0.06us    0.000ms
           PythonFunctionCalls:     48ms    127ms    0.39us    0.000ms
             PythonMethodCalls:     35ms    103ms    0.46us    0.000ms
                     Recursion:     41ms    179ms    3.59us    0.000ms
                  SecondImport:     38ms    125ms    1.25us    0.000ms
           SecondPackageImport:     38ms    101ms    1.01us    0.000ms
         SecondSubmoduleImport:     65ms    135ms    1.35us    0.000ms
       SimpleComplexArithmetic:     14ms    307ms    0.35us    0.000ms
        SimpleDictManipulation:     70ms    398ms    0.33us    0.000ms
         SimpleFloatArithmetic:     24ms    307ms    0.23us    0.000ms
      SimpleIntFloatArithmetic:     19ms    192ms    0.15us    0.000ms
       SimpleIntegerArithmetic:     21ms    110ms    0.08us    0.000ms
        SimpleListManipulation:     30ms    174ms    0.15us    0.000ms
          SimpleLongArithmetic:     23ms    194ms    0.29us    0.000ms
                    SmallLists:     66ms    242ms    0.36us    0.000ms
                   SmallTuples:     62ms    329ms    0.61us    0.000ms
         SpecialClassAttribute:     25ms    148ms    0.12us    0.000ms
      SpecialInstanceAttribute:     23ms    165ms    0.14us    0.000ms
                StringMappings:    106ms    558ms    2.21us    0.000ms
              StringPredicates:     44ms    271ms    0.39us    0.000ms
                 StringSlicing:     90ms    334ms    0.60us    0.000ms
                     TryExcept:      3ms     90ms    0.04us    0.000ms
                TryRaiseExcept:     97ms    355ms    5.55us    0.000ms
                  TupleSlicing:     37ms    158ms    0.60us    0.000ms
               UnicodeMappings:    105ms    410ms   11.38us    0.000ms
             UnicodePredicates:     54ms    341ms    0.63us    0.000ms
             UnicodeProperties:    365ms   1129ms    2.82us    0.000ms
                UnicodeSlicing:     87ms    386ms    0.79us    0.000ms
-------------------------------------------------------------------------------
Totals:                           2996ms  12069ms

===== DaCapo 9.12-MR1 jython PASSED in 51704 msec =====
<exclusive-start id="2787" timestamp="2019-08-08T12:52:47.781" intervalms="217.117">
  <response-info timems="0.021" idlems="0.021" threads="0" lastid="00000000018B4F00" lastname="main" />
</exclusive-start>
<allocation-taxation id="2788" taxation-threshold="96468992" timestamp="2019-08-08T12:52:47.781" intervalms="217.108" />
<cycle-start id="2789" type="partial gc" contextid="0" timestamp="2019-08-08T12:52:47.781" intervalms="217.115" />
<gc-start id="2790" type="partial gc" contextid="2789" timestamp="2019-08-08T12:52:47.782">
  <mem-info id="2791" free="69206016" total="358612992" percent="19">
    <mem type="eden" free="2097016" total="98566144" percent="2" />
    <remembered-set count="8640" freebytes="14302080" totalbytes="14336640" percent="99" regionsoverflowed="0" regionsstable="10" regionsrebuilding="0"/>
  </mem-info>
</gc-start>
<allocation-stats totalBytes="95526184" >
  <allocated-bytes non-tlh="126256" tlh="95399928" arrayletleaf="0"/>
  <largest-consumer threadName="main" threadId="00000000018B4F00" bytes="95526184" />
</allocation-stats>
<gc-op id="2792" type="copy forward" timems="3.042" contextid="2789" timestamp="2019-08-08T12:52:47.786">
  <memory-copied type="eden" objects="5013" bytes="644496" bytesdiscarded="0" />
  <memory-copied type="other" objects="6" bytes="144" bytesdiscarded="0" />
  <memory-cardclean objects="628" bytes="38288" />
  <regions eden="46" other="2" />
  <remembered-set-cleared processed="289" cleared="25" durationms="0.469" />
  <finalization candidates="1" enqueued="1" />
  <ownableSynchronizers candidates="3" cleared="3" />
  <references type="soft" candidates="8" cleared="0" enqueued="0" dynamicThreshold="14" maxThreshold="32" />
  <references type="weak" candidates="77" cleared="0" enqueued="0" />
  <references type="phantom" candidates="38" cleared="0" enqueued="0" />
  <stringconstants candidates="14256" cleared="0"  />
</gc-op>
<gc-op id="2793" type="classunload" timems="0.007" contextid="2789" timestamp="2019-08-08T12:52:47.786">
  <classunload-info classloadercandidates="55" classloadersunloaded="0" classesunloaded="0" anonymousclassesunloaded="0" quiescems="0.000" setupms="0.007" scanms="0.000" postms="0.000" />
</gc-op>
<gc-end id="2794" type="partial gc" contextid="2789" durationms="4.557" usertimems="6.424" systemtimems="0.000" timestamp="2019-08-08T12:52:47.786" activeThreads="1">
  <mem-info id="2795" free="165675008" total="358612992" percent="46">
    <mem type="eden" free="1452072" total="2097152" percent="69" />
    <pending-finalizers system="1" default="0" reference="0" classloader="0" />
    <remembered-set count="8544" freebytes="14302464" totalbytes="14336640" percent="99" regionsoverflowed="0" regionsstable="10" regionsrebuilding="0"/>
  </mem-info>
</gc-end>
<cycle-end id="2796" type="partial gc" contextid="2789" timestamp="2019-08-08T12:52:47.786" />
  <attribute name="elasticGC enabled" value="1" />
  <attribute name= "numThreadsSpecified" value="1" />
  <attribute name="heapSize specified" value="0" />
  <attribute name="Current GC Util" value="118" />
  <attribute name= "Current Time Running" value="199167" />
  <attribute name ="GC Interval" value="0" />
  <attribute name="Target GC Util Change" value ="80.000000" />
  <attribute name="Current GC Util Change" value="118.000000"/>
  <attribute name="Current Error" value="-20.000000" />
  <attribute name="Output H" value="358688656"/>
  <attribute name="Output I" value="1976"/>
  <attribute name="Output T" value="1"/>
  <attribute name= "Current Time Running" value="199167" />
  <attribute name="GC Util currently" value="118" />
  <attribute name="CPU Util currently" value="1939978456186" />
<exclusive-end id="2797" timestamp="2019-08-08T12:52:47.787" durationms="5.310" />

<exclusive-start id="2798" timestamp="2019-08-08T12:52:47.793" intervalms="11.717">
  <response-info timems="0.019" idlems="0.019" threads="0" lastid="00000000018B4F00" lastname="main" />
</exclusive-start>
<allocation-taxation id="2799" taxation-threshold="48234496" timestamp="2019-08-08T12:52:47.793" intervalms="11.718" />
<cycle-start id="2800" type="global mark phase" contextid="0" timestamp="2019-08-08T12:52:47.793" intervalms="40766.685" />
<gc-start id="2801" type="global mark phase" contextid="2800" timestamp="2019-08-08T12:52:47.793">
  <mem-info id="2802" free="117440512" total="358612992" percent="32">
    <remembered-set count="8480" freebytes="14302720" totalbytes="14336640" percent="99" regionsoverflowed="0" regionsstable="10" regionsrebuilding="0"/>
  </mem-info>
</gc-start>
<gc-op id="2803" type="mark increment" timems="5.545" contextid="2800" timestamp="2019-08-08T12:52:47.799">
  <trace-info objectcount="36484" scancount="20783" scanbytes="670800" />
</gc-op>
<gc-end id="2804" type="global mark phase" contextid="2800" durationms="5.598" usertimems="14.416" systemtimems="0.000" timestamp="2019-08-08T12:52:47.799" activeThreads="16">
  <mem-info id="2805" free="117440512" total="358612992" percent="32">
    <remembered-set count="13088" freebytes="14284288" totalbytes="14336640" percent="99" regionsoverflowed="0" regionsstable="0" regionsrebuilding="10"/>
  </mem-info>
</gc-end>
<concurrent-start id="2806" type="GMP work packet processing" contextid="2800" timestamp="2019-08-08T12:52:47.799">
  <concurrent-mark-start scanTarget="3080709" />
</concurrent-start>
<exclusive-end id="2807" timestamp="2019-08-08T12:52:47.799" durationms="6.045" />

<concurrent-end id="2808" type="GMP work packet processing" contextid="2800" timestamp="2019-08-08T12:52:47.806">
  <concurrent-mark-end bytesScanned="3239356" reasonForTermination="Work target met" />
</concurrent-end>

<exclusive-start id="2809" timestamp="2019-08-08T12:52:47.808" intervalms="15.101">
  <response-info timems="0.019" idlems="0.019" threads="0" lastid="00000000018B4F00" lastname="main" />
</exclusive-start>
<allocation-taxation id="2810" taxation-threshold="48234496" timestamp="2019-08-08T12:52:47.808" intervalms="15.106" />
<cycle-start id="2811" type="partial gc" contextid="0" timestamp="2019-08-08T12:52:47.808" intervalms="26.823" />
<gc-start id="2812" type="partial gc" contextid="2811" timestamp="2019-08-08T12:52:47.809">
  <mem-info id="2813" free="69206016" total="358612992" percent="19">
    <mem type="eden" free="495048" total="96468992" percent="0" />
    <remembered-set count="36608" freebytes="14190208" totalbytes="14336640" percent="98" regionsoverflowed="0" regionsstable="0" regionsrebuilding="10"/>
  </mem-info>
</gc-start>
<allocation-stats totalBytes="83450144" >
  <allocated-bytes non-tlh="22988696" tlh="60461448" arrayletleaf="0"/>
  <largest-consumer threadName="main" threadId="00000000018B4F00" bytes="42346432" />
</allocation-stats>
<gc-op id="2814" type="copy forward" timems="10.376" contextid="2811" timestamp="2019-08-08T12:52:47.821">
  <memory-copied type="eden" objects="2" bytes="55576" bytesdiscarded="0" />
  <memory-copied type="other" objects="5007" bytes="626584" bytesdiscarded="102896" />
  <memory-cardclean objects="202" bytes="23024" />
  <regions eden="46" other="2" />
  <remembered-set-cleared processed="24012" cleared="406" durationms="0.535" />
  <references type="soft" candidates="8" cleared="0" enqueued="0" dynamicThreshold="10" maxThreshold="32" />
  <references type="weak" candidates="77" cleared="0" enqueued="0" />
  <references type="phantom" candidates="38" cleared="0" enqueued="0" />
  <stringconstants candidates="14256" cleared="0"  />
</gc-op>
<gc-op id="2815" type="classunload" timems="0.010" contextid="2811" timestamp="2019-08-08T12:52:47.821">
  <classunload-info classloadercandidates="55" classloadersunloaded="0" classesunloaded="0" anonymousclassesunloaded="0" quiescems="0.000" setupms="0.010" scanms="0.000" postms="0.000" />
</gc-op>
<gc-end id="2816" type="partial gc" contextid="2811" durationms="12.514" usertimems="37.871" systemtimems="0.000" timestamp="2019-08-08T12:52:47.821" activeThreads="16">
  <mem-info id="2817" free="163577856" total="358612992" percent="45">
    <mem type="eden" free="2041576" total="2097152" percent="97" />
    <remembered-set count="36320" freebytes="14191360" totalbytes="14336640" percent="98" regionsoverflowed="0" regionsstable="0" regionsrebuilding="10"/>
  </mem-info>
</gc-end>
<cycle-end id="2818" type="partial gc" contextid="2811" timestamp="2019-08-08T12:52:47.821" />
  <attribute name="elasticGC enabled" value="1" />
  <attribute name= "numThreadsSpecified" value="16" />
  <attribute name="heapSize specified" value="0" />
  <attribute name="Current GC Util" value="282" />
  <attribute name= "Current Time Running" value="199195" />
  <attribute name ="GC Interval" value="0" />
  <attribute name="Target GC Util Change" value ="80.000000" />
  <attribute name="Current GC Util Change" value="282.000000"/>
  <attribute name="Current Error" value="-958.000000" />
  <attribute name="Output H" value="358687568"/>
  <attribute name="Output I" value="304"/>
  <attribute name="Output T" value="16"/>
  <attribute name= "Current Time Running" value="199195" />
  <attribute name="GC Util currently" value="282" />
  <attribute name="CPU Util currently" value="759605871624" />
<exclusive-end id="2819" timestamp="2019-08-08T12:52:47.821" durationms="13.179" />

<exclusive-start id="2820" timestamp="2019-08-08T12:52:47.827" intervalms="19.356">
  <response-info timems="0.019" idlems="0.019" threads="0" lastid="00000000018B4F00" lastname="main" />
</exclusive-start>
<allocation-taxation id="2821" taxation-threshold="48234496" timestamp="2019-08-08T12:52:47.827" intervalms="19.357" />
<gc-start id="2822" type="global mark phase" contextid="2800" timestamp="2019-08-08T12:52:47.828">
  <mem-info id="2823" free="115343360" total="358612992" percent="32">
    <remembered-set count="36320" freebytes="14191360" totalbytes="14336640" percent="98" regionsoverflowed="0" regionsstable="0" regionsrebuilding="10"/>
  </mem-info>
</gc-start>
<gc-end id="2824" type="global mark phase" contextid="2800" durationms="0.042" usertimems="0.038" systemtimems="0.000" timestamp="2019-08-08T12:52:47.828" activeThreads="16">
  <mem-info id="2825" free="115343360" total="358612992" percent="32">
    <remembered-set count="36320" freebytes="14191360" totalbytes="14336640" percent="98" regionsoverflowed="0" regionsstable="0" regionsrebuilding="10"/>
  </mem-info>
</gc-end>
<concurrent-start id="2826" type="GMP work packet processing" contextid="2800" timestamp="2019-08-08T12:52:47.828">
  <concurrent-mark-start scanTarget="6161419" />
</concurrent-start>
<exclusive-end id="2827" timestamp="2019-08-08T12:52:47.828" durationms="0.522" />

<concurrent-end id="2828" type="GMP work packet processing" contextid="2800" timestamp="2019-08-08T12:52:47.832">
  <concurrent-mark-end bytesScanned="6264748" reasonForTermination="Work target met" />
</concurrent-end>

<exclusive-start id="2829" timestamp="2019-08-08T12:52:47.832" intervalms="5.058">
  <response-info timems="0.036" idlems="0.036" threads="0" lastid="00000000018B4F00" lastname="main" />
</exclusive-start>
<sys-start reason="explicit" id="2830" timestamp="2019-08-08T12:52:47.833" intervalms="51945.023" />
<cycle-continue id="2831" oldtype="global mark phase" newtype="global garbage collect" contextid="2800" timestamp="2019-08-08T12:52:47.833" />
  <attribute name="elasticGC enabled" value="1" />
  <attribute name= "numThreadsSpecified" value="16" />
  <attribute name="heapSize specified" value="0" />
  <attribute name="Current GC Util" value="195" />
  <attribute name= "Current Time Running" value="199212" />
  <attribute name ="GC Interval" value="0" />
  <attribute name="Target GC Util Change" value ="80.000000" />
  <attribute name="Current GC Util Change" value="195.000000"/>
  <attribute name="Current Error" value="-115.000000" />
  <attribute name="Output H" value="358688544"/>
  <attribute name="Output I" value="1808"/>
  <attribute name="Output T" value="16"/>
  <attribute name= "Current Time Running" value="199212" />
  <attribute name="GC Util currently" value="195" />
  <attribute name="CPU Util currently" value="66769244434" />
<gc-start id="2832" type="global garbage collect" contextid="2800" timestamp="2019-08-08T12:52:47.833">
  <mem-info id="2833" free="91929216" total="358612992" percent="25">
    <mem type="eden" free="4426080" total="75497472" percent="5" />
    <remembered-set count="84992" freebytes="13996672" totalbytes="14336640" percent="97" regionsoverflowed="0" regionsstable="0" regionsrebuilding="10"/>
  </mem-info>
</gc-start>
<allocation-stats totalBytes="69582760" >
  <allocated-bytes non-tlh="51656184" tlh="17926576" arrayletleaf="0"/>
  <largest-consumer threadName="main" threadId="00000000018B4F00" bytes="23414144" />
</allocation-stats>
<gc-op id="2834" type="global mark" timems="13.433" contextid="2800" timestamp="2019-08-08T12:52:47.846">
  <trace-info objectcount="167138" scancount="144021" scanbytes="3538940" />
  <cardclean-info objects="447" bytes="30752" />
  <finalization candidates="80" enqueued="0" />
  <ownableSynchronizers candidates="21" cleared="0" />
  <references type="soft" candidates="4863" cleared="9" enqueued="9" dynamicThreshold="10" maxThreshold="32" />
  <references type="weak" candidates="5840" cleared="93" enqueued="78" />
  <references type="phantom" candidates="133" cleared="11" enqueued="11" />
  <stringconstants candidates="14256" cleared="0"  />
</gc-op>
<gc-op id="2835" type="classunload" timems="0.010" contextid="2800" timestamp="2019-08-08T12:52:47.846">
  <classunload-info classloadercandidates="55" classloadersunloaded="0" classesunloaded="0" anonymousclassesunloaded="0" quiescems="0.000" setupms="0.010" scanms="0.000" postms="0.000" />
</gc-op>
<gc-op id="2836" type="sweep" timems="2.926" contextid="2800" timestamp="2019-08-08T12:52:47.850" />
<gc-op id="2837" type="compact" timems="26.633" contextid="2800" timestamp="2019-08-08T12:52:47.877">
  <compact-info movecount="612589" movebytes="18936240" />
  <remembered-set-cleared processed="114123" cleared="114123" durationms="0.431" />
</gc-op>
<gc-end id="2838" type="global garbage collect" contextid="2800" durationms="43.863" usertimems="181.634" systemtimems="0.000" timestamp="2019-08-08T12:52:47.877" activeThreads="16">
  <mem-info id="2839" free="329252864" total="358612992" percent="91">
    <pending-finalizers system="0" default="0" reference="98" classloader="0" />
    <remembered-set count="44544" freebytes="14158464" totalbytes="14336640" percent="98" regionsoverflowed="0" regionsstable="0" regionsrebuilding="0"/>
  </mem-info>
</gc-end>
<cycle-end id="2840" type="global garbage collect" contextid="2800" timestamp="2019-08-08T12:52:47.877" />
  <attribute name="elasticGC enabled" value="1" />
  <attribute name= "numThreadsSpecified" value="16" />
  <attribute name="heapSize specified" value="0" />
  <attribute name="Current GC Util" value="234" />
  <attribute name= "Current Time Running" value="199235" />
  <attribute name ="GC Interval" value="0" />
  <attribute name="Target GC Util Change" value ="80.000000" />
  <attribute name="Current GC Util Change" value="234.000000"/>
  <attribute name="Current Error" value="-928.000000" />
  <attribute name="Output H" value="358687608"/>
  <attribute name="Output I" value="352"/>
  <attribute name="Output T" value="16"/>
  <attribute name= "Current Time Running" value="199235" />
  <attribute name="GC Util currently" value="234" />
  <attribute name="CPU Util currently" value="376491188217" />
<sys-end id="2841" timestamp="2019-08-08T12:52:47.877" />
<exclusive-end id="2842" timestamp="2019-08-08T12:52:47.877" durationms="44.482" />

===== DaCapo 9.12-MR1 pmd starting =====
<exclusive-start id="2843" timestamp="2019-08-08T12:52:48.636" intervalms="803.566">
  <response-info timems="0.080" idlems="0.032" threads="2" lastid="0000000001BA6B00" lastname="PmdThread 12" />
</exclusive-start>
<allocation-taxation id="2844" taxation-threshold="96468992" timestamp="2019-08-08T12:52:48.636" intervalms="808.618" />
<cycle-start id="2845" type="partial gc" contextid="0" timestamp="2019-08-08T12:52:48.636" intervalms="827.940" />
<gc-start id="2846" type="partial gc" contextid="2845" timestamp="2019-08-08T12:52:48.636">
  <mem-info id="2847" free="232783872" total="358612992" percent="64">
    <mem type="eden" free="0" total="96468992" percent="0" />
    <remembered-set count="44192" freebytes="14159872" totalbytes="14336640" percent="98" regionsoverflowed="0" regionsstable="0" regionsrebuilding="0"/>
  </mem-info>
</gc-start>
<allocation-stats totalBytes="96383512" >
  <allocated-bytes non-tlh="627392" tlh="95756120" arrayletleaf="0"/>
  <largest-consumer threadName="PmdThread 16" threadId="0000000001BDED00" bytes="9115320" />
</allocation-stats>
<gc-op id="2848" type="copy forward" timems="19.126" contextid="2845" timestamp="2019-08-08T12:52:48.657">
  <memory-copied type="eden" objects="215616" bytes="10580688" bytesdiscarded="1049024" />
  <memory-copied type="other" objects="0" bytes="0" bytesdiscarded="0" />
  <memory-cardclean objects="1528" bytes="78336" />
  <regions eden="46" other="0" />
  <remembered-set-cleared processed="39667" cleared="229" durationms="0.247" />
  <finalization candidates="3" enqueued="0" />
  <ownableSynchronizers candidates="19" cleared="0" />
  <references type="soft" candidates="153" cleared="0" enqueued="0" dynamicThreshold="29" maxThreshold="32" />
  <references type="weak" candidates="1303" cleared="0" enqueued="0" />
  <references type="phantom" candidates="322" cleared="0" enqueued="0" />
  <stringconstants candidates="15757" cleared="7"  />
</gc-op>
<gc-op id="2849" type="classunload" timems="0.475" contextid="2845" timestamp="2019-08-08T12:52:48.657">
  <classunload-info classloadercandidates="61" classloadersunloaded="3" classesunloaded="3" anonymousclassesunloaded="0" quiescems="0.000" setupms="0.452" scanms="0.018" postms="0.005" />
</gc-op>
<heap-resize id="2850" type="contract" space="default" amount="18874368" count="1" timems="0.139" reason="excess free space following gc" timestamp="2019-08-08T12:52:48.658" />
<gc-end id="2851" type="partial gc" contextid="2845" durationms="21.205" usertimems="61.261" systemtimems="10.492" timestamp="2019-08-08T12:52:48.658" activeThreads="16">
  <mem-info id="2852" free="295698432" total="339738624" percent="87">
    <mem type="eden" free="3017216" total="14680064" percent="20" />
    <remembered-set count="69216" freebytes="14059776" totalbytes="14336640" percent="98" regionsoverflowed="0" regionsstable="0" regionsrebuilding="0"/>
  </mem-info>
</gc-end>
<cycle-end id="2853" type="partial gc" contextid="2845" timestamp="2019-08-08T12:52:48.658" />
  <attribute name="elasticGC enabled" value="1" />
  <attribute name= "numThreadsSpecified" value="16" />
  <attribute name="heapSize specified" value="0" />
  <attribute name="Current GC Util" value="155" />
  <attribute name= "Current Time Running" value="200022" />
  <attribute name ="GC Interval" value="0" />
  <attribute name="Target GC Util Change" value ="80.000000" />
  <attribute name="Current GC Util Change" value="155.000000"/>
  <attribute name="Current Error" value="-12.000000" />
  <attribute name="Output H" value="358688664"/>
  <attribute name="Output I" value="1992"/>
  <attribute name="Output T" value="16"/>
  <attribute name= "Current Time Running" value="200022" />
  <attribute name="GC Util currently" value="155" />
  <attribute name="CPU Util currently" value="1180696130643" />
<exclusive-end id="2854" timestamp="2019-08-08T12:52:48.658" durationms="21.891" />

<exclusive-start id="2855" timestamp="2019-08-08T12:52:48.816" intervalms="179.852">
  <response-info timems="0.303" idlems="0.303" threads="0" lastid="0000000001BD3A00" lastname="PmdThread 14" />
</exclusive-start>
<allocation-taxation id="2856" taxation-threshold="92274688" timestamp="2019-08-08T12:52:48.816" intervalms="179.849" />
<cycle-start id="2857" type="partial gc" contextid="0" timestamp="2019-08-08T12:52:48.816" intervalms="179.866" />
<gc-start id="2858" type="partial gc" contextid="2857" timestamp="2019-08-08T12:52:48.816">
  <mem-info id="2859" free="203423744" total="339738624" percent="59">
    <mem type="eden" free="0" total="92274688" percent="0" />
    <remembered-set count="18592" freebytes="14262272" totalbytes="14336640" percent="99" regionsoverflowed="0" regionsstable="8" regionsrebuilding="0"/>
  </mem-info>
</gc-start>
<allocation-stats totalBytes="92236648" >
  <allocated-bytes non-tlh="28936" tlh="92207712" arrayletleaf="0"/>
  <largest-consumer threadName="PmdThread 10" threadId="0000000001BAA700" bytes="12944608" />
</allocation-stats>
<gc-op id="2860" type="copy forward" timems="27.543" contextid="2857" timestamp="2019-08-08T12:52:48.846">
  <memory-copied type="eden" objects="239440" bytes="10831584" bytesdiscarded="1171200" />
  <memory-copied type="other" objects="145663" bytes="5951784" bytesdiscarded="571176" />
  <memory-cardclean objects="688" bytes="39520" />
  <regions eden="44" other="7" />
  <remembered-set-cleared processed="1271" cleared="923" durationms="0.105" />
  <finalization candidates="4" enqueued="0" />
  <ownableSynchronizers candidates="19" cleared="0" />
  <references type="soft" candidates="153" cleared="0" enqueued="0" dynamicThreshold="27" maxThreshold="32" />
  <references type="weak" candidates="2225" cleared="0" enqueued="0" />
  <references type="phantom" candidates="592" cleared="0" enqueued="0" />
  <stringconstants candidates="15825" cleared="0"  />
</gc-op>
<gc-op id="2861" type="classunload" timems="0.010" contextid="2857" timestamp="2019-08-08T12:52:48.846">
  <classunload-info classloadercandidates="58" classloadersunloaded="0" classesunloaded="0" anonymousclassesunloaded="0" quiescems="0.000" setupms="0.009" scanms="0.000" postms="0.000" />
</gc-op>
<heap-resize id="2862" type="contract" space="default" amount="18874368" count="1" timems="0.125" reason="excess free space following gc" timestamp="2019-08-08T12:52:48.846" />
<gc-end id="2863" type="partial gc" contextid="2857" durationms="30.101" usertimems="176.040" systemtimems="0.000" timestamp="2019-08-08T12:52:48.846" activeThreads="16">
  <mem-info id="2864" free="268435456" total="320864256" percent="83">
    <mem type="eden" free="549000" total="12582912" percent="4" />
    <remembered-set count="28448" freebytes="13468288" totalbytes="13582080" percent="99" regionsoverflowed="0" regionsstable="8" regionsrebuilding="0"/>
  </mem-info>
</gc-end>
<cycle-end id="2865" type="partial gc" contextid="2857" timestamp="2019-08-08T12:52:48.846" />
  <attribute name="elasticGC enabled" value="1" />
  <attribute name= "numThreadsSpecified" value="16" />
  <attribute name="heapSize specified" value="0" />
  <attribute name="Current GC Util" value="58" />
  <attribute name= "Current Time Running" value="200203" />
  <attribute name ="GC Interval" value="0" />
  <attribute name="Target GC Util Change" value ="80.000000" />
  <attribute name="Current GC Util Change" value="58.000000"/>
  <attribute name="Current Error" value="51.000000" />
  <attribute name="Output H" value="339814368"/>
  <attribute name="Output I" value="2104"/>
  <attribute name="Output T" value="16"/>
  <attribute name= "Current Time Running" value="200203" />
  <attribute name="GC Util currently" value="58" />
  <attribute name="CPU Util currently" value="594283578881" />
<exclusive-end id="2866" timestamp="2019-08-08T12:52:48.847" durationms="30.734" />

<exclusive-start id="2867" timestamp="2019-08-08T12:52:49.000" intervalms="184.345">
  <response-info timems="0.241" idlems="0.141" threads="1" lastid="0000000001BEA100" lastname="PmdThread 5" />
</exclusive-start>
<allocation-taxation id="2868" taxation-threshold="88080384" timestamp="2019-08-08T12:52:49.000" intervalms="184.370" />
<cycle-start id="2869" type="partial gc" contextid="0" timestamp="2019-08-08T12:52:49.000" intervalms="184.423" />
<gc-start id="2870" type="partial gc" contextid="2869" timestamp="2019-08-08T12:52:49.001">
  <mem-info id="2871" free="180355072" total="320864256" percent="56">
    <mem type="eden" free="0" total="88080384" percent="0" />
    <remembered-set count="28320" freebytes="13468800" totalbytes="13582080" percent="99" regionsoverflowed="0" regionsstable="8" regionsrebuilding="0"/>
  </mem-info>
</gc-start>
<allocation-stats totalBytes="88038864" >
  <allocated-bytes non-tlh="22752" tlh="88016112" arrayletleaf="0"/>
  <largest-consumer threadName="PmdThread 2" threadId="0000000001BB1F00" bytes="11354528" />
</allocation-stats>
<gc-op id="2872" type="copy forward" timems="29.164" contextid="2869" timestamp="2019-08-08T12:52:49.033">
  <memory-copied type="eden" objects="147455" bytes="7143528" bytesdiscarded="972512" />
  <memory-copied type="other" objects="274346" bytes="11203592" bytesdiscarded="1332504" />
  <memory-cardclean objects="2147" bytes="80344" />
  <memory-traced type="eden" objects="2628" bytes="113040" />
  <memory-traced type="other" objects="0" bytes="0" />
  <regions eden="42" other="9" evacuated="50" marked="1" />
  <remembered-set-cleared processed="1384" cleared="1004" durationms="1.200" />
  <finalization candidates="4" enqueued="0" />
  <ownableSynchronizers candidates="19" cleared="0" />
  <references type="soft" candidates="151" cleared="0" enqueued="0" dynamicThreshold="26" maxThreshold="32" />
  <references type="weak" candidates="2304" cleared="0" enqueued="0" />
  <references type="phantom" candidates="784" cleared="0" enqueued="0" />
  <stringconstants candidates="15926" cleared="0"  />
</gc-op>
<gc-op id="2873" type="classunload" timems="0.010" contextid="2869" timestamp="2019-08-08T12:52:49.034">
  <classunload-info classloadercandidates="58" classloadersunloaded="0" classesunloaded="0" anonymousclassesunloaded="0" quiescems="0.000" setupms="0.009" scanms="0.000" postms="0.000" />
</gc-op>
<gc-op id="2874" type="sweep" timems="1.219" contextid="2869" timestamp="2019-08-08T12:52:49.035" />
<gc-op id="2875" type="compact" timems="3.836" contextid="2869" timestamp="2019-08-08T12:52:49.039">
  <compact-info movecount="0" movebytes="0" />
  <remembered-set-cleared processed="25242" cleared="1004" durationms="1.200" />
</gc-op>
<heap-resize id="2876" type="contract" space="default" amount="16777216" count="1" timems="0.114" reason="excess free space following gc" timestamp="2019-08-08T12:52:49.039" />
<gc-end id="2877" type="partial gc" contextid="2869" durationms="38.374" usertimems="143.767" systemtimems="0.000" timestamp="2019-08-08T12:52:49.039" activeThreads="16">
  <mem-info id="2878" free="249561088" total="304087040" percent="82">
    <mem type="eden" free="234472" total="10485760" percent="2" />
    <remembered-set count="27872" freebytes="12716032" totalbytes="12827520" percent="99" regionsoverflowed="0" regionsstable="8" regionsrebuilding="0"/>
  </mem-info>
</gc-end>
<cycle-end id="2879" type="partial gc" contextid="2869" timestamp="2019-08-08T12:52:49.039" />
  <attribute name="elasticGC enabled" value="1" />
  <attribute name= "numThreadsSpecified" value="16" />
  <attribute name="heapSize specified" value="0" />
  <attribute name="Current GC Util" value="115" />
  <attribute name= "Current Time Running" value="200420" />
  <attribute name ="GC Interval" value="0" />
  <attribute name="Target GC Util Change" value ="80.000000" />
  <attribute name="Current GC Util Change" value="115.000000"/>
  <attribute name="Current Error" value="-367.000000" />
  <attribute name="Output H" value="320939520"/>
  <attribute name="Output I" value="1360"/>
  <attribute name="Output T" value="16"/>
  <attribute name= "Current Time Running" value="200420" />
  <attribute name="GC Util currently" value="115" />
  <attribute name="CPU Util currently" value="876122723711" />
<exclusive-end id="2880" timestamp="2019-08-08T12:52:49.040" durationms="39.338" />

<exclusive-start id="2881" timestamp="2019-08-08T12:52:49.226" intervalms="226.207">
  <response-info timems="0.811" idlems="0.494" threads="3" lastid="0000000001BD3A00" lastname="PmdThread 14" />
</exclusive-start>
<allocation-taxation id="2882" taxation-threshold="83886080" timestamp="2019-08-08T12:52:49.226" intervalms="226.191" />
<cycle-start id="2883" type="partial gc" contextid="0" timestamp="2019-08-08T12:52:49.227" intervalms="226.138" />
<gc-start id="2884" type="partial gc" contextid="2883" timestamp="2019-08-08T12:52:49.227">
  <mem-info id="2885" free="165675008" total="304087040" percent="54">
    <mem type="eden" free="0" total="83886080" percent="0" />
    <remembered-set count="27872" freebytes="12716032" totalbytes="12827520" percent="99" regionsoverflowed="0" regionsstable="8" regionsrebuilding="0"/>
  </mem-info>
</gc-start>
<allocation-stats totalBytes="83840408" >
  <allocated-bytes non-tlh="30256" tlh="83810152" arrayletleaf="0"/>
  <largest-consumer threadName="PmdThread 4" threadId="0000000001B9F300" bytes="13273648" />
</allocation-stats>
<gc-op id="2886" type="copy forward" timems="28.020" contextid="2883" timestamp="2019-08-08T12:52:49.257">
  <memory-copied type="eden" objects="234139" bytes="10605728" bytesdiscarded="575056" />
  <memory-copied type="other" objects="224392" bytes="9655440" bytesdiscarded="898768" />
  <memory-cardclean objects="30802" bytes="1676992" />
  <memory-traced type="eden" objects="4336" bytes="204296" />
  <memory-traced type="other" objects="0" bytes="0" />
  <regions eden="40" other="9" evacuated="48" marked="1" />
  <remembered-set-cleared processed="4746" cleared="3520" durationms="0.117" />
  <finalization candidates="1" enqueued="0" />
  <references type="soft" candidates="8" cleared="0" enqueued="0" dynamicThreshold="26" maxThreshold="32" />
  <references type="weak" candidates="2697" cleared="0" enqueued="0" />
  <references type="phantom" candidates="651" cleared="0" enqueued="0" />
  <stringconstants candidates="15996" cleared="0"  />
</gc-op>
<gc-op id="2887" type="classunload" timems="0.013" contextid="2883" timestamp="2019-08-08T12:52:49.257">
  <classunload-info classloadercandidates="58" classloadersunloaded="0" classesunloaded="0" anonymousclassesunloaded="0" quiescems="0.000" setupms="0.013" scanms="0.000" postms="0.000" />
</gc-op>
<gc-op id="2888" type="sweep" timems="1.455" contextid="2883" timestamp="2019-08-08T12:52:49.259" />
<gc-op id="2889" type="compact" timems="3.571" contextid="2883" timestamp="2019-08-08T12:52:49.263">
  <compact-info movecount="0" movebytes="0" />
  <remembered-set-cleared processed="44608" cleared="3520" durationms="0.180" />
</gc-op>
<heap-resize id="2890" type="contract" space="default" amount="16777216" count="1" timems="0.464" reason="excess free space following gc" timestamp="2019-08-08T12:52:49.263" />
<gc-end id="2891" type="partial gc" contextid="2883" durationms="36.321" usertimems="120.787" systemtimems="0.946" timestamp="2019-08-08T12:52:49.263" activeThreads="16">
  <mem-info id="2892" free="222298112" total="287309824" percent="77">
    <mem type="eden" free="1376656" total="14680064" percent="9" />
    <remembered-set count="44384" freebytes="11979264" totalbytes="12156800" percent="98" regionsoverflowed="0" regionsstable="8" regionsrebuilding="0"/>
  </mem-info>
</gc-end>
<cycle-end id="2893" type="partial gc" contextid="2883" timestamp="2019-08-08T12:52:49.264" />
  <attribute name="elasticGC enabled" value="1" />
  <attribute name= "numThreadsSpecified" value="16" />
  <attribute name="heapSize specified" value="0" />
  <attribute name="Current GC Util" value="118" />
  <attribute name= "Current Time Running" value="200644" />
  <attribute name ="GC Interval" value="0" />
  <attribute name="Target GC Util Change" value ="80.000000" />
  <attribute name="Current GC Util Change" value="118.000000"/>
  <attribute name="Current Error" value="-541.000000" />
  <attribute name="Output H" value="304162096"/>
  <attribute name="Output I" value="1048"/>
  <attribute name="Output T" value="16"/>
  <attribute name= "Current Time Running" value="200644" />
  <attribute name="GC Util currently" value="118" />
  <attribute name="CPU Util currently" value="734284528126" />
<exclusive-end id="2894" timestamp="2019-08-08T12:52:49.264" durationms="37.382" />

<exclusive-start id="2895" timestamp="2019-08-08T12:52:49.448" intervalms="221.220">
  <response-info timems="0.332" idlems="0.332" threads="0" lastid="0000000001BA6B00" lastname="PmdThread 12" />
</exclusive-start>
<allocation-taxation id="2896" taxation-threshold="79691776" timestamp="2019-08-08T12:52:49.448" intervalms="221.214" />
<cycle-start id="2897" type="partial gc" contextid="0" timestamp="2019-08-08T12:52:49.448" intervalms="221.297" />
<gc-start id="2898" type="partial gc" contextid="2897" timestamp="2019-08-08T12:52:49.448">
  <mem-info id="2899" free="142606336" total="287309824" percent="49">
    <mem type="eden" free="0" total="81788928" percent="0" />
    <remembered-set count="43936" freebytes="11981056" totalbytes="12156800" percent="98" regionsoverflowed="0" regionsstable="8" regionsrebuilding="0"/>
  </mem-info>
</gc-start>
<allocation-stats totalBytes="79646736" >
  <allocated-bytes non-tlh="190512" tlh="79456224" arrayletleaf="0"/>
  <largest-consumer threadName="PmdThread 9" threadId="0000000001BB5B00" bytes="8077168" />
</allocation-stats>
<gc-op id="2900" type="copy forward" timems="33.769" contextid="2897" timestamp="2019-08-08T12:52:49.484">
  <memory-copied type="eden" objects="91894" bytes="5272304" bytesdiscarded="947440" />
  <memory-copied type="other" objects="348320" bytes="13673392" bytesdiscarded="1270616" />
  <memory-cardclean objects="55477" bytes="2737976" />
  <regions eden="38" other="11" />
  <remembered-set-cleared processed="6838" cleared="4915" durationms="0.873" />
  <finalization candidates="2" enqueued="0" />
  <ownableSynchronizers candidates="2" cleared="0" />
  <references type="soft" candidates="83" cleared="0" enqueued="0" dynamicThreshold="24" maxThreshold="32" />
  <references type="weak" candidates="1896" cleared="0" enqueued="0" />
  <references type="phantom" candidates="647" cleared="0" enqueued="0" />
  <stringconstants candidates="16083" cleared="0"  />
</gc-op>
<gc-op id="2901" type="classunload" timems="0.010" contextid="2897" timestamp="2019-08-08T12:52:49.484">
  <classunload-info classloadercandidates="58" classloadersunloaded="0" classesunloaded="0" anonymousclassesunloaded="0" quiescems="0.000" setupms="0.010" scanms="0.000" postms="0.000" />
</gc-op>
<heap-resize id="2902" type="contract" space="default" amount="14680064" count="1" timems="0.627" reason="excess free space following gc" timestamp="2019-08-08T12:52:49.485" />
<gc-end id="2903" type="partial gc" contextid="2897" durationms="36.484" usertimems="97.790" systemtimems="8.770" timestamp="2019-08-08T12:52:49.485" activeThreads="16">
  <mem-info id="2904" free="207618048" total="272629760" percent="76">
    <mem type="eden" free="55304" total="6291456" percent="0" />
    <remembered-set count="50304" freebytes="11284864" totalbytes="11486080" percent="98" regionsoverflowed="0" regionsstable="8" regionsrebuilding="0"/>
  </mem-info>
</gc-end>
<cycle-end id="2905" type="partial gc" contextid="2897" timestamp="2019-08-08T12:52:49.485" />
  <attribute name="elasticGC enabled" value="1" />
  <attribute name= "numThreadsSpecified" value="16" />
  <attribute name="heapSize specified" value="0" />
  <attribute name="Current GC Util" value="62" />
  <attribute name= "Current Time Running" value="200835" />
  <attribute name ="GC Interval" value="0" />
  <attribute name="Target GC Util Change" value ="80.000000" />
  <attribute name="Current GC Util Change" value="62.000000"/>
  <attribute name="Current Error" value="83.000000" />
  <attribute name="Output H" value="287385600"/>
  <attribute name="Output I" value="2160"/>
  <attribute name="Output T" value="16"/>
  <attribute name= "Current Time Running" value="200835" />
  <attribute name="GC Util currently" value="62" />
  <attribute name="CPU Util currently" value="712247935805" />
<exclusive-end id="2906" timestamp="2019-08-08T12:52:49.485" durationms="37.302" />

<exclusive-start id="2907" timestamp="2019-08-08T12:52:49.607" intervalms="159.119">
  <response-info timems="0.587" idlems="0.397" threads="2" lastid="0000000001BF1900" lastname="PmdThread 8" />
</exclusive-start>
<allocation-taxation id="2908" taxation-threshold="75497472" timestamp="2019-08-08T12:52:49.607" intervalms="159.171" />
<cycle-start id="2909" type="partial gc" contextid="0" timestamp="2019-08-08T12:52:49.607" intervalms="159.081" />
<gc-start id="2910" type="partial gc" contextid="2909" timestamp="2019-08-08T12:52:49.607">
  <mem-info id="2911" free="132120576" total="272629760" percent="48">
    <mem type="eden" free="0" total="75497472" percent="0" />
    <remembered-set count="50048" freebytes="11285888" totalbytes="11486080" percent="98" regionsoverflowed="0" regionsstable="8" regionsrebuilding="0"/>
  </mem-info>
</gc-start>
<allocation-stats totalBytes="75465664" >
  <allocated-bytes non-tlh="13312" tlh="75452352" arrayletleaf="0"/>
  <largest-consumer threadName="PmdThread 4" threadId="0000000001B9F300" bytes="8092680" />
</allocation-stats>
<gc-op id="2912" type="copy forward" timems="19.139" contextid="2909" timestamp="2019-08-08T12:52:49.628">
  <memory-copied type="eden" objects="104134" bytes="5490728" bytesdiscarded="578376" />
  <memory-copied type="other" objects="176406" bytes="6800984" bytesdiscarded="587784" />
  <memory-cardclean objects="128737" bytes="6750816" />
  <memory-traced type="eden" objects="1275" bytes="41456" />
  <memory-traced type="other" objects="0" bytes="0" />
  <regions eden="36" other="6" evacuated="41" marked="1" />
  <remembered-set-cleared processed="5191" cleared="1555" durationms="0.157" />
  <references type="soft" candidates="2" cleared="0" enqueued="0" dynamicThreshold="24" maxThreshold="32" />
  <references type="weak" candidates="1541" cleared="0" enqueued="0" />
  <references type="phantom" candidates="484" cleared="0" enqueued="0" />
  <stringconstants candidates="16152" cleared="0"  />
</gc-op>
<gc-op id="2913" type="classunload" timems="0.010" contextid="2909" timestamp="2019-08-08T12:52:49.628">
  <classunload-info classloadercandidates="58" classloadersunloaded="0" classesunloaded="0" anonymousclassesunloaded="0" quiescems="0.000" setupms="0.010" scanms="0.000" postms="0.000" />
</gc-op>
<gc-op id="2914" type="sweep" timems="4.281" contextid="2909" timestamp="2019-08-08T12:52:49.632" />
<gc-op id="2915" type="compact" timems="3.445" contextid="2909" timestamp="2019-08-08T12:52:49.636">
  <compact-info movecount="0" movebytes="0" />
  <remembered-set-cleared processed="55050" cleared="1555" durationms="0.222" />
</gc-op>
<heap-resize id="2916" type="contract" space="default" amount="14680064" count="1" timems="0.604" reason="excess free space following gc" timestamp="2019-08-08T12:52:49.637" />
<gc-end id="2917" type="partial gc" contextid="2909" durationms="29.538" usertimems="109.646" systemtimems="0.000" timestamp="2019-08-08T12:52:49.637" activeThreads="16">
  <mem-info id="2918" free="186646528" total="257949696" percent="72">
    <mem type="eden" free="204984" total="8388608" percent="2" />
    <remembered-set count="55680" freebytes="10676480" totalbytes="10899200" percent="97" regionsoverflowed="0" regionsstable="8" regionsrebuilding="0"/>
  </mem-info>
</gc-end>
<cycle-end id="2919" type="partial gc" contextid="2909" timestamp="2019-08-08T12:52:49.637" />
  <attribute name="elasticGC enabled" value="1" />
  <attribute name= "numThreadsSpecified" value="16" />
  <attribute name="heapSize specified" value="0" />
  <attribute name="Current GC Util" value="38" />
  <attribute name= "Current Time Running" value="201017" />
  <attribute name ="GC Interval" value="0" />
  <attribute name="Target GC Util Change" value ="80.000000" />
  <attribute name="Current GC Util Change" value="38.000000"/>
  <attribute name="Current Error" value="-165.000000" />
  <attribute name="Output H" value="272705256"/>
  <attribute name="Output I" value="1720"/>
  <attribute name="Output T" value="16"/>
  <attribute name= "Current Time Running" value="201017" />
  <attribute name="GC Util currently" value="38" />
  <attribute name="CPU Util currently" value="261928719778" />
<exclusive-end id="2920" timestamp="2019-08-08T12:52:49.637" durationms="30.335" />

<exclusive-start id="2921" timestamp="2019-08-08T12:52:49.859" intervalms="251.938">
  <response-info timems="0.043" idlems="0.043" threads="0" lastid="0000000001BE2900" lastname="PmdThread 7" />
</exclusive-start>
<allocation-taxation id="2922" taxation-threshold="71303168" timestamp="2019-08-08T12:52:49.859" intervalms="251.877" />
<cycle-start id="2923" type="partial gc" contextid="0" timestamp="2019-08-08T12:52:49.859" intervalms="251.896" />
<gc-start id="2924" type="partial gc" contextid="2923" timestamp="2019-08-08T12:52:49.859">
  <mem-info id="2925" free="115343360" total="257949696" percent="44">
    <mem type="eden" free="0" total="73400320" percent="0" />
    <remembered-set count="55680" freebytes="10676480" totalbytes="10899200" percent="97" regionsoverflowed="0" regionsstable="8" regionsrebuilding="0"/>
  </mem-info>
</gc-start>
<allocation-stats totalBytes="71232600" >
  <allocated-bytes non-tlh="448760" tlh="70783840" arrayletleaf="0"/>
  <largest-consumer threadName="PmdThread 7" threadId="0000000001BE2900" bytes="59823920" />
</allocation-stats>
<gc-op id="2926" type="copy forward" timems="15.226" contextid="2923" timestamp="2019-08-08T12:52:49.876">
  <memory-copied type="eden" objects="10026" bytes="412304" bytesdiscarded="206592" />
  <memory-copied type="other" objects="201209" bytes="9081904" bytesdiscarded="451768" />
  <memory-cardclean objects="156102" bytes="7389920" />
  <regions eden="34" other="7" />
  <remembered-set-cleared processed="19747" cleared="11802" durationms="0.295" />
  <references type="soft" candidates="2" cleared="0" enqueued="0" dynamicThreshold="23" maxThreshold="32" />
  <references type="weak" candidates="2755" cleared="0" enqueued="0" />
  <references type="phantom" candidates="688" cleared="0" enqueued="0" />
  <stringconstants candidates="16191" cleared="0"  />
</gc-op>
<gc-op id="2927" type="classunload" timems="0.021" contextid="2923" timestamp="2019-08-08T12:52:49.876">
  <classunload-info classloadercandidates="58" classloadersunloaded="0" classesunloaded="0" anonymousclassesunloaded="0" quiescems="0.000" setupms="0.021" scanms="0.000" postms="0.000" />
</gc-op>
<heap-resize id="2928" type="contract" space="default" amount="14680064" count="1" timems="0.707" reason="excess free space following gc" timestamp="2019-08-08T12:52:49.877" />
<gc-end id="2929" type="partial gc" contextid="2923" durationms="17.583" usertimems="64.509" systemtimems="0.000" timestamp="2019-08-08T12:52:49.877" activeThreads="16">
  <mem-info id="2930" free="171966464" total="243269632" percent="70">
    <mem type="eden" free="1468536" total="2097152" percent="70" />
    <remembered-set count="65056" freebytes="10052096" totalbytes="10312320" percent="97" regionsoverflowed="0" regionsstable="8" regionsrebuilding="0"/>
  </mem-info>
</gc-end>
<cycle-end id="2931" type="partial gc" contextid="2923" timestamp="2019-08-08T12:52:49.877" />
  <attribute name="elasticGC enabled" value="1" />
  <attribute name= "numThreadsSpecified" value="16" />
  <attribute name="heapSize specified" value="0" />
  <attribute name="Current GC Util" value="86" />
  <attribute name= "Current Time Running" value="201245" />
  <attribute name ="GC Interval" value="0" />
  <attribute name="Target GC Util Change" value ="80.000000" />
  <attribute name="Current GC Util Change" value="86.000000"/>
  <attribute name="Current Error" value="64.000000" />
  <attribute name="Output H" value="258025456"/>
  <attribute name="Output I" value="2128"/>
  <attribute name="Output T" value="16"/>
  <attribute name= "Current Time Running" value="201245" />
  <attribute name="GC Util currently" value="86" />
  <attribute name="CPU Util currently" value="968427311686" />
<exclusive-end id="2932" timestamp="2019-08-08T12:52:49.877" durationms="18.278" />

===== DaCapo 9.12-MR1 pmd PASSED in 2197 msec =====
Using scaled threading model. 16 processors detected, 16 threads used to drive the workload, in a possible range of [1,512]
<exclusive-start id="2933" timestamp="2019-08-08T12:52:50.218" intervalms="358.932">
  <response-info timems="0.016" idlems="0.016" threads="0" lastid="00000000018B4F00" lastname="main" />
</exclusive-start>
<sys-start reason="explicit" id="2934" timestamp="2019-08-08T12:52:50.218" intervalms="2385.183" />
<cycle-start id="2935" type="global garbage collect" contextid="0" timestamp="2019-08-08T12:52:50.218" intervalms="54330.227" />
<gc-start id="2936" type="global garbage collect" contextid="2935" timestamp="2019-08-08T12:52:50.218">
  <mem-info id="2937" free="136839160" total="243269632" percent="56">
    <mem type="eden" free="524280" total="35651584" percent="1" />
    <remembered-set count="64736" freebytes="10053376" totalbytes="10312320" percent="97" regionsoverflowed="0" regionsstable="8" regionsrebuilding="0"/>
  </mem-info>
</gc-start>
<allocation-stats totalBytes="35119544" >
  <allocated-bytes non-tlh="2915624" tlh="32203920" arrayletleaf="0"/>
  <largest-consumer threadName="main" threadId="00000000018B4F00" bytes="9693968" />
</allocation-stats>
<gc-op id="2938" type="global mark" timems="15.463" contextid="2935" timestamp="2019-08-08T12:52:50.234">
  <trace-info objectcount="639131" scancount="551436" scanbytes="14430292" />
  <finalization candidates="152" enqueued="1" />
  <ownableSynchronizers candidates="42" cleared="19" />
  <references type="soft" candidates="4888" cleared="0" enqueued="0" dynamicThreshold="22" maxThreshold="32" />
  <references type="weak" candidates="12165" cleared="5938" enqueued="5863" />
  <references type="phantom" candidates="1599" cleared="746" enqueued="746" />
  <stringconstants candidates="16387" cleared="1766"  />
</gc-op>
<gc-op id="2939" type="classunload" timems="12.266" contextid="2935" timestamp="2019-08-08T12:52:50.246">
  <classunload-info classloadercandidates="59" classloadersunloaded="4" classesunloaded="1006" anonymousclassesunloaded="0" quiescems="0.000" setupms="6.279" scanms="5.947" postms="0.040" />
</gc-op>
<gc-op id="2940" type="sweep" timems="2.192" contextid="2935" timestamp="2019-08-08T12:52:50.249" />
<gc-op id="2941" type="compact" timems="40.468" contextid="2935" timestamp="2019-08-08T12:52:50.289">
  <compact-info movecount="639084" movebytes="22732976" />
  <remembered-set-cleared processed="128735" cleared="128735" durationms="0.373" />
</gc-op>
<heap-resize id="2942" type="contract" space="default" amount="12582912" count="1" timems="0.564" reason="excess free space following gc" timestamp="2019-08-08T12:52:50.290" />
<gc-end id="2943" type="global garbage collect" contextid="2935" durationms="71.991" usertimems="200.925" systemtimems="0.000" timestamp="2019-08-08T12:52:50.290" activeThreads="16">
  <mem-info id="2944" free="192937984" total="230686720" percent="83">
    <pending-finalizers system="1" default="0" reference="6609" classloader="0" />
    <remembered-set count="51200" freebytes="10107520" totalbytes="10312320" percent="98" regionsoverflowed="0" regionsstable="0" regionsrebuilding="0"/>
  </mem-info>
</gc-end>
<cycle-end id="2945" type="global garbage collect" contextid="2935" timestamp="2019-08-08T12:52:50.292" />
  <attribute name="elasticGC enabled" value="1" />
  <attribute name= "numThreadsSpecified" value="16" />
  <attribute name="heapSize specified" value="0" />
  <attribute name="Current GC Util" value="248" />
  <attribute name= "Current Time Running" value="201633" />
  <attribute name ="GC Interval" value="0" />
  <attribute name="Target GC Util Change" value ="80.000000" />
  <attribute name="Current GC Util Change" value="248.000000"/>
  <attribute name="Current Error" value="-165.000000" />
  <attribute name="Output H" value="243345128"/>
  <attribute name="Output I" value="1720"/>
  <attribute name="Output T" value="16"/>
  <attribute name= "Current Time Running" value="201633" />
  <attribute name="GC Util currently" value="248" />
  <attribute name="CPU Util currently" value="491861517517" />
<sys-end id="2946" timestamp="2019-08-08T12:52:50.292" />
<exclusive-end id="2947" timestamp="2019-08-08T12:52:50.292" durationms="74.005" />

===== DaCapo 9.12-MR1 sunflow starting =====
<exclusive-start id="2948" timestamp="2019-08-08T12:52:50.670" intervalms="452.729">
  <response-info timems="5.244" idlems="5.244" threads="0" lastid="0000000001BEA100" lastname="Thread-22" />
</exclusive-start>
<allocation-taxation id="2949" taxation-threshold="65011712" timestamp="2019-08-08T12:52:50.670" intervalms="811.688" />
<cycle-start id="2950" type="partial gc" contextid="0" timestamp="2019-08-08T12:52:50.671" intervalms="811.708" />
<gc-start id="2951" type="partial gc" contextid="2950" timestamp="2019-08-08T12:52:50.671">
  <mem-info id="2952" free="127926272" total="230686720" percent="55">
    <mem type="eden" free="0" total="65011712" percent="0" />
    <remembered-set count="51040" freebytes="10108160" totalbytes="10312320" percent="98" regionsoverflowed="0" regionsstable="0" regionsrebuilding="0"/>
  </mem-info>
</gc-start>
<allocation-stats totalBytes="64912592" >
  <allocated-bytes non-tlh="3261040" tlh="61651552" arrayletleaf="0"/>
  <largest-consumer threadName="Thread-26" threadId="0000000001BAE300" bytes="4921720" />
</allocation-stats>
<gc-op id="2953" type="copy forward" timems="20.366" contextid="2950" timestamp="2019-08-08T12:52:50.693">
  <memory-copied type="eden" objects="107116" bytes="6393232" bytesdiscarded="857144" />
  <memory-copied type="other" objects="0" bytes="0" bytesdiscarded="0" />
  <memory-cardclean objects="271947" bytes="8863280" />
  <regions eden="31" other="0" />
  <remembered-set-cleared processed="3001" cleared="1739" durationms="0.108" />
  <references type="soft" candidates="15" cleared="0" enqueued="0" dynamicThreshold="26" maxThreshold="32" />
  <references type="weak" candidates="38" cleared="0" enqueued="0" />
  <references type="phantom" candidates="2" cleared="0" enqueued="0" />
  <stringconstants candidates="15174" cleared="1"  />
</gc-op>
<gc-op id="2954" type="classunload" timems="0.011" contextid="2950" timestamp="2019-08-08T12:52:50.693">
  <classunload-info classloadercandidates="55" classloadersunloaded="0" classesunloaded="0" anonymousclassesunloaded="0" quiescems="0.000" setupms="0.010" scanms="0.000" postms="0.000" />
</gc-op>
<heap-resize id="2955" type="contract" space="default" amount="12582912" count="1" timems="0.578" reason="excess free space following gc" timestamp="2019-08-08T12:52:50.694" />
<gc-end id="2956" type="partial gc" contextid="2950" durationms="22.736" usertimems="55.959" systemtimems="14.023" timestamp="2019-08-08T12:52:50.694" activeThreads="16">
  <mem-info id="2957" free="171966464" total="218103808" percent="78">
    <mem type="eden" free="1137736" total="8388608" percent="13" />
    <remembered-set count="54976" freebytes="9002496" totalbytes="9222400" percent="97" regionsoverflowed="0" regionsstable="0" regionsrebuilding="0"/>
  </mem-info>
</gc-end>
<cycle-end id="2958" type="partial gc" contextid="2950" timestamp="2019-08-08T12:52:50.694" />
  <attribute name="elasticGC enabled" value="1" />
  <attribute name= "numThreadsSpecified" value="16" />
  <attribute name="heapSize specified" value="0" />
  <attribute name="Current GC Util" value="85" />
  <attribute name= "Current Time Running" value="202057" />
  <attribute name ="GC Interval" value="0" />
  <attribute name="Target GC Util Change" value ="80.000000" />
  <attribute name="Current GC Util Change" value="85.000000"/>
  <attribute name="Current Error" value="-5.000000" />
  <attribute name="Output H" value="230762400"/>
  <attribute name="Output I" value="2000"/>
  <attribute name="Output T" value="16"/>
  <attribute name= "Current Time Running" value="202057" />
  <attribute name="GC Util currently" value="85" />
  <attribute name="CPU Util currently" value="870635991899" />
<exclusive-end id="2959" timestamp="2019-08-08T12:52:50.694" durationms="23.613" />

<exclusive-start id="2960" timestamp="2019-08-08T12:52:50.774" intervalms="103.847">
  <response-info timems="0.522" idlems="0.522" threads="0" lastid="0000000001BB9600" lastname="Thread-30" />
</exclusive-start>
<allocation-taxation id="2961" taxation-threshold="60817408" timestamp="2019-08-08T12:52:50.774" intervalms="103.838" />
<cycle-start id="2962" type="partial gc" contextid="0" timestamp="2019-08-08T12:52:50.774" intervalms="103.877" />
<gc-start id="2963" type="partial gc" contextid="2962" timestamp="2019-08-08T12:52:50.775">
  <mem-info id="2964" free="111149056" total="218103808" percent="50">
    <mem type="eden" free="0" total="60817408" percent="0" />
    <remembered-set count="9760" freebytes="9183360" totalbytes="9222400" percent="99" regionsoverflowed="0" regionsstable="10" regionsrebuilding="0"/>
  </mem-info>
</gc-start>
<allocation-stats totalBytes="60810000" >
  <allocated-bytes non-tlh="0" tlh="60810000" arrayletleaf="0"/>
  <largest-consumer threadName="Thread-22" threadId="0000000001BEA100" bytes="7277792" />
</allocation-stats>
<gc-op id="2965" type="copy forward" timems="14.438" contextid="2962" timestamp="2019-08-08T12:52:50.791">
  <memory-copied type="eden" objects="20608" bytes="499232" bytesdiscarded="290224" />
  <memory-copied type="other" objects="106250" bytes="6367880" bytesdiscarded="1012824" />
  <memory-cardclean objects="7388" bytes="304536" />
  <regions eden="29" other="4" />
  <remembered-set-cleared processed="861" cleared="279" durationms="0.537" />
  <references type="soft" candidates="15" cleared="0" enqueued="0" dynamicThreshold="25" maxThreshold="32" />
  <references type="weak" candidates="38" cleared="0" enqueued="0" />
  <references type="phantom" candidates="2" cleared="0" enqueued="0" />
  <stringconstants candidates="15173" cleared="0"  />
</gc-op>
<gc-op id="2966" type="classunload" timems="0.011" contextid="2962" timestamp="2019-08-08T12:52:50.791">
  <classunload-info classloadercandidates="55" classloadersunloaded="0" classesunloaded="0" anonymousclassesunloaded="0" quiescems="0.000" setupms="0.011" scanms="0.000" postms="0.000" />
</gc-op>
<heap-resize id="2967" type="contract" space="default" amount="12582912" count="1" timems="0.502" reason="excess free space following gc" timestamp="2019-08-08T12:52:50.792" />
<gc-end id="2968" type="partial gc" contextid="2962" durationms="16.871" usertimems="57.579" systemtimems="0.000" timestamp="2019-08-08T12:52:50.792" activeThreads="16">
  <mem-info id="2969" free="157286400" total="205520896" percent="76">
    <mem type="eden" free="1307696" total="2097152" percent="62" />
    <remembered-set count="14592" freebytes="8660992" totalbytes="8719360" percent="99" regionsoverflowed="0" regionsstable="10" regionsrebuilding="0"/>
  </mem-info>
</gc-end>
<cycle-end id="2970" type="partial gc" contextid="2962" timestamp="2019-08-08T12:52:50.792" />
  <attribute name="elasticGC enabled" value="1" />
  <attribute name= "numThreadsSpecified" value="16" />
  <attribute name="heapSize specified" value="0" />
  <attribute name="Current GC Util" value="69" />
  <attribute name= "Current Time Running" value="202161" />
  <attribute name ="GC Interval" value="0" />
  <attribute name="Target GC Util Change" value ="80.000000" />
  <attribute name="Current GC Util Change" value="69.000000"/>
  <attribute name="Current Error" value="19.000000" />
  <attribute name="Output H" value="218179512"/>
  <attribute name="Output I" value="2048"/>
  <attribute name="Output T" value="16"/>
  <attribute name= "Current Time Running" value="202161" />
  <attribute name="GC Util currently" value="69" />
  <attribute name="CPU Util currently" value="921606493154" />
<exclusive-end id="2971" timestamp="2019-08-08T12:52:50.792" durationms="17.510" />

<exclusive-start id="2972" timestamp="2019-08-08T12:52:50.903" intervalms="129.029">
  <response-info timems="1.439" idlems="1.439" threads="0" lastid="0000000001BE2900" lastname="Thread-27" />
</exclusive-start>
<allocation-taxation id="2973" taxation-threshold="58720256" timestamp="2019-08-08T12:52:50.903" intervalms="129.035" />
<cycle-start id="2974" type="partial gc" contextid="0" timestamp="2019-08-08T12:52:50.903" intervalms="128.972" />
<gc-start id="2975" type="partial gc" contextid="2974" timestamp="2019-08-08T12:52:50.904">
  <mem-info id="2976" free="98566144" total="205520896" percent="47">
    <mem type="eden" free="0" total="58720256" percent="0" />
    <remembered-set count="14144" freebytes="8662784" totalbytes="8719360" percent="99" regionsoverflowed="0" regionsstable="10" regionsrebuilding="0"/>
  </mem-info>
</gc-start>
<allocation-stats totalBytes="58712808" >
  <allocated-bytes non-tlh="168" tlh="58712640" arrayletleaf="0"/>
  <largest-consumer threadName="Thread-35" threadId="0000000001BF5500" bytes="6216952" />
</allocation-stats>
<gc-op id="2977" type="copy forward" timems="15.073" contextid="2974" timestamp="2019-08-08T12:52:50.920">
  <memory-copied type="eden" objects="24497" bytes="888208" bytesdiscarded="45144" />
  <memory-copied type="other" objects="62535" bytes="3438256" bytesdiscarded="305688" />
  <memory-cardclean objects="13169" bytes="698040" />
  <regions eden="28" other="3" />
  <remembered-set-cleared processed="3080" cleared="996" durationms="0.092" />
  <stringconstants candidates="15174" cleared="0"  />
</gc-op>
<gc-op id="2978" type="classunload" timems="0.010" contextid="2974" timestamp="2019-08-08T12:52:50.921">
  <classunload-info classloadercandidates="55" classloadersunloaded="0" classesunloaded="0" anonymousclassesunloaded="0" quiescems="0.000" setupms="0.010" scanms="0.000" postms="0.000" />
</gc-op>
<heap-resize id="2979" type="contract" space="default" amount="10485760" count="1" timems="0.425" reason="excess free space following gc" timestamp="2019-08-08T12:52:50.921" />
<gc-end id="2980" type="partial gc" contextid="2974" durationms="17.476" usertimems="38.914" systemtimems="15.575" timestamp="2019-08-08T12:52:50.921" activeThreads="16">
  <mem-info id="2981" free="142606336" total="195035136" percent="73">
    <mem type="eden" free="3260952" total="4194304" percent="77" />
    <remembered-set count="16704" freebytes="8149504" totalbytes="8216320" percent="99" regionsoverflowed="0" regionsstable="10" regionsrebuilding="0"/>
  </mem-info>
</gc-end>
<cycle-end id="2982" type="partial gc" contextid="2974" timestamp="2019-08-08T12:52:50.921" />
  <attribute name="elasticGC enabled" value="1" />
  <attribute name= "numThreadsSpecified" value="16" />
  <attribute name="heapSize specified" value="0" />
  <attribute name="Current GC Util" value="79" />
  <attribute name= "Current Time Running" value="202290" />
  <attribute name ="GC Interval" value="0" />
  <attribute name="Target GC Util Change" value ="80.000000" />
  <attribute name="Current GC Util Change" value="79.000000"/>
  <attribute name="Current Error" value="56.000000" />
  <attribute name="Output H" value="205596640"/>
  <attribute name="Output I" value="2112"/>
  <attribute name="Output T" value="16"/>
  <attribute name= "Current Time Running" value="202290" />
  <attribute name="GC Util currently" value="79" />
  <attribute name="CPU Util currently" value="755400319423" />
<exclusive-end id="2983" timestamp="2019-08-08T12:52:50.921" durationms="18.076" />

<exclusive-start id="2984" timestamp="2019-08-08T12:52:50.998" intervalms="95.109">
  <response-info timems="0.195" idlems="0.195" threads="0" lastid="0000000001B9F300" lastname="Thread-23" />
</exclusive-start>
<allocation-taxation id="2985" taxation-threshold="56623104" timestamp="2019-08-08T12:52:50.998" intervalms="95.145" />
<cycle-start id="2986" type="partial gc" contextid="0" timestamp="2019-08-08T12:52:50.999" intervalms="95.168" />
<gc-start id="2987" type="partial gc" contextid="2986" timestamp="2019-08-08T12:52:50.999">
  <mem-info id="2988" free="85983232" total="195035136" percent="44">
    <mem type="eden" free="0" total="56623104" percent="0" />
    <remembered-set count="16224" freebytes="8151424" totalbytes="8216320" percent="99" regionsoverflowed="0" regionsstable="10" regionsrebuilding="0"/>
  </mem-info>
</gc-start>
<allocation-stats totalBytes="56615656" >
  <allocated-bytes non-tlh="0" tlh="56615656" arrayletleaf="0"/>
  <largest-consumer threadName="Thread-29" threadId="0000000001BAA700" bytes="6274296" />
</allocation-stats>
<gc-op id="2989" type="copy forward" timems="11.515" contextid="2986" timestamp="2019-08-08T12:52:51.012">
  <memory-copied type="eden" objects="34150" bytes="1372320" bytesdiscarded="0" />
  <memory-copied type="other" objects="67963" bytes="3930016" bytesdiscarded="88" />
  <memory-cardclean objects="20539" bytes="1027088" />
  <regions eden="27" other="4" />
  <remembered-set-cleared processed="5004" cleared="2351" durationms="0.286" />
  <references type="soft" candidates="15" cleared="0" enqueued="0" dynamicThreshold="23" maxThreshold="32" />
  <references type="weak" candidates="38" cleared="0" enqueued="0" />
  <references type="phantom" candidates="2" cleared="0" enqueued="0" />
  <stringconstants candidates="15174" cleared="0"  />
</gc-op>
<gc-op id="2990" type="classunload" timems="0.010" contextid="2986" timestamp="2019-08-08T12:52:51.012">
  <classunload-info classloadercandidates="55" classloadersunloaded="0" classesunloaded="0" anonymousclassesunloaded="0" quiescems="0.000" setupms="0.010" scanms="0.000" postms="0.000" />
</gc-op>
<heap-resize id="2991" type="contract" space="default" amount="10485760" count="1" timems="0.519" reason="excess free space following gc" timestamp="2019-08-08T12:52:51.012" />
<gc-end id="2992" type="partial gc" contextid="2986" durationms="13.730" usertimems="13.354" systemtimems="3.911" timestamp="2019-08-08T12:52:51.013" activeThreads="1">
  <mem-info id="2993" free="134217728" total="184549376" percent="72">
    <mem type="eden" free="724832" total="2097152" percent="34" />
    <remembered-set count="12736" freebytes="7746176" totalbytes="7797120" percent="99" regionsoverflowed="0" regionsstable="10" regionsrebuilding="0"/>
  </mem-info>
</gc-end>
<cycle-end id="2994" type="partial gc" contextid="2986" timestamp="2019-08-08T12:52:51.013" />
  <attribute name="elasticGC enabled" value="1" />
  <attribute name= "numThreadsSpecified" value="1" />
  <attribute name="heapSize specified" value="0" />
  <attribute name="Current GC Util" value="103" />
  <attribute name= "Current Time Running" value="202385" />
  <attribute name ="GC Interval" value="0" />
  <attribute name="Target GC Util Change" value ="80.000000" />
  <attribute name="Current GC Util Change" value="103.000000"/>
  <attribute name="Current Error" value="-23.000000" />
  <attribute name="Output H" value="195110792"/>
  <attribute name="Output I" value="1968"/>
  <attribute name="Output T" value="1"/>
  <attribute name= "Current Time Running" value="202385" />
  <attribute name="GC Util currently" value="103" />
  <attribute name="CPU Util currently" value="999913642372" />
<exclusive-end id="2995" timestamp="2019-08-08T12:52:51.013" durationms="14.396" />

<exclusive-start id="2996" timestamp="2019-08-08T12:52:51.040" intervalms="41.781">
  <response-info timems="2.923" idlems="2.923" threads="0" lastid="0000000001BB5B00" lastname="Thread-31" />
</exclusive-start>
<allocation-taxation id="2997" taxation-threshold="25165824" timestamp="2019-08-08T12:52:51.040" intervalms="41.916" />
<cycle-start id="2998" type="global mark phase" contextid="0" timestamp="2019-08-08T12:52:51.041" intervalms="3247.451" />
<gc-start id="2999" type="global mark phase" contextid="2998" timestamp="2019-08-08T12:52:51.041">
  <mem-info id="3000" free="109051904" total="184549376" percent="59">
    <remembered-set count="12288" freebytes="7747968" totalbytes="7797120" percent="99" regionsoverflowed="0" regionsstable="10" regionsrebuilding="0"/>
  </mem-info>
</gc-start>
<gc-op id="3001" type="mark increment" timems="13.131" contextid="2998" timestamp="2019-08-08T12:52:51.054">
  <trace-info objectcount="754539" scancount="667924" scanbytes="19571748" />
</gc-op>
<gc-end id="3002" type="global mark phase" contextid="2998" durationms="13.189" usertimems="93.101" systemtimems="0.000" timestamp="2019-08-08T12:52:51.054" activeThreads="16">
  <mem-info id="3003" free="109051904" total="184549376" percent="59">
    <remembered-set count="136192" freebytes="7252352" totalbytes="7797120" percent="93" regionsoverflowed="0" regionsstable="0" regionsrebuilding="10"/>
  </mem-info>
</gc-end>
<exclusive-end id="3004" timestamp="2019-08-08T12:52:51.054" durationms="13.900" />

<exclusive-start id="3005" timestamp="2019-08-08T12:52:51.094" intervalms="54.229">
  <response-info timems="0.624" idlems="0.336" threads="10" lastid="0000000001BEDD00" lastname="Thread-33" />
</exclusive-start>
<allocation-taxation id="3006" taxation-threshold="25165824" timestamp="2019-08-08T12:52:51.094" intervalms="54.099" />
<cycle-start id="3007" type="partial gc" contextid="0" timestamp="2019-08-08T12:52:51.095" intervalms="96.056" />
<gc-start id="3008" type="partial gc" contextid="3007" timestamp="2019-08-08T12:52:51.095">
  <mem-info id="3009" free="83886080" total="184549376" percent="45">
    <mem type="eden" free="0" total="50331648" percent="0" />
    <remembered-set count="136064" freebytes="7252864" totalbytes="7797120" percent="93" regionsoverflowed="0" regionsstable="0" regionsrebuilding="10"/>
  </mem-info>
</gc-start>
<allocation-stats totalBytes="50325424" >
  <allocated-bytes non-tlh="0" tlh="50325424" arrayletleaf="0"/>
  <largest-consumer threadName="Thread-21" threadId="0000000001BF1900" bytes="2866832" />
</allocation-stats>
<gc-op id="3010" type="copy forward" timems="14.584" contextid="3007" timestamp="2019-08-08T12:52:51.111">
  <memory-copied type="eden" objects="34346" bytes="1376536" bytesdiscarded="184216" />
  <memory-copied type="other" objects="43871" bytes="2268544" bytesdiscarded="253712" />
  <memory-cardclean objects="112044" bytes="4306608" />
  <regions eden="24" other="2" />
  <remembered-set-cleared processed="83160" cleared="16514" durationms="0.501" />
  <references type="soft" candidates="15" cleared="0" enqueued="0" dynamicThreshold="18" maxThreshold="32" />
  <references type="weak" candidates="38" cleared="0" enqueued="0" />
  <references type="phantom" candidates="2" cleared="0" enqueued="0" />
  <stringconstants candidates="15174" cleared="0"  />
</gc-op>
<gc-op id="3011" type="classunload" timems="0.010" contextid="3007" timestamp="2019-08-08T12:52:51.111">
  <classunload-info classloadercandidates="55" classloadersunloaded="0" classesunloaded="0" anonymousclassesunloaded="0" quiescems="0.000" setupms="0.010" scanms="0.000" postms="0.000" />
</gc-op>
<heap-resize id="3012" type="contract" space="default" amount="10485760" count="1" timems="0.422" reason="excess free space following gc" timestamp="2019-08-08T12:52:51.111" />
<gc-end id="3013" type="partial gc" contextid="3007" durationms="16.595" usertimems="36.422" systemtimems="14.952" timestamp="2019-08-08T12:52:51.111" activeThreads="16">
  <mem-info id="3014" free="121634816" total="174063616" percent="69">
    <mem type="eden" free="536400" total="2097152" percent="25" />
    <remembered-set count="97408" freebytes="6988288" totalbytes="7377920" percent="94" regionsoverflowed="0" regionsstable="0" regionsrebuilding="10"/>
  </mem-info>
</gc-end>
<cycle-end id="3015" type="partial gc" contextid="3007" timestamp="2019-08-08T12:52:51.112" />
  <attribute name="elasticGC enabled" value="1" />
  <attribute name= "numThreadsSpecified" value="16" />
  <attribute name="heapSize specified" value="0" />
  <attribute name="Current GC Util" value="116" />
  <attribute name= "Current Time Running" value="202481" />
  <attribute name ="GC Interval" value="0" />
  <attribute name="Target GC Util Change" value ="80.000000" />
  <attribute name="Current GC Util Change" value="116.000000"/>
  <attribute name="Current Error" value="-352.000000" />
  <attribute name="Output H" value="184624656"/>
  <attribute name="Output I" value="1384"/>
  <attribute name="Output T" value="16"/>
  <attribute name= "Current Time Running" value="202481" />
  <attribute name="GC Util currently" value="116" />
  <attribute name="CPU Util currently" value="1011127038064" />
<exclusive-end id="3016" timestamp="2019-08-08T12:52:51.112" durationms="17.754" />

<exclusive-start id="3017" timestamp="2019-08-08T12:52:51.153" intervalms="58.159">
  <response-info timems="4.008" idlems="4.008" threads="0" lastid="0000000001BBD200" lastname="Thread-32" />
</exclusive-start>
<allocation-taxation id="3018" taxation-threshold="25165824" timestamp="2019-08-08T12:52:51.153" intervalms="58.099" />
<gc-start id="3019" type="global mark phase" contextid="2998" timestamp="2019-08-08T12:52:51.153">
  <mem-info id="3020" free="96468992" total="174063616" percent="55">
    <remembered-set count="97376" freebytes="6988416" totalbytes="7377920" percent="94" regionsoverflowed="0" regionsstable="0" regionsrebuilding="10"/>
  </mem-info>
</gc-start>
<gc-op id="3021" type="mark increment" timems="10.466" contextid="2998" timestamp="2019-08-08T12:52:51.163">
  <trace-info objectcount="30053" scancount="30053" scanbytes="1504560" />
  <cardclean-info objects="186204" bytes="5711552" />
  <finalization candidates="151" enqueued="0" />
  <ownableSynchronizers candidates="23" cleared="0" />
  <references type="soft" candidates="4903" cleared="0" enqueued="0" dynamicThreshold="22" maxThreshold="32" />
  <references type="weak" candidates="6265" cleared="25" enqueued="25" />
  <references type="phantom" candidates="835" cleared="0" enqueued="0" />
  <stringconstants candidates="15174" cleared="1"  />
</gc-op>
<gc-op id="3022" type="classunload" timems="0.014" contextid="2998" timestamp="2019-08-08T12:52:51.163">
  <classunload-info classloadercandidates="55" classloadersunloaded="0" classesunloaded="0" anonymousclassesunloaded="0" quiescems="0.000" setupms="0.014" scanms="0.000" postms="0.000" />
</gc-op>
<gc-end id="3023" type="global mark phase" contextid="2998" durationms="10.711" usertimems="20.148" systemtimems="12.063" timestamp="2019-08-08T12:52:51.163" activeThreads="16">
  <mem-info id="3024" free="96468992" total="174063616" percent="55">
    <pending-finalizers system="0" default="0" reference="25" classloader="0" />
    <remembered-set count="113760" freebytes="6922880" totalbytes="7377920" percent="93" regionsoverflowed="0" regionsstable="0" regionsrebuilding="0"/>
  </mem-info>
</gc-end>
<cycle-end id="3025" type="global mark phase" contextid="2998" timestamp="2019-08-08T12:52:51.163" />
  <attribute name="elasticGC enabled" value="1" />
  <attribute name= "numThreadsSpecified" value="16" />
  <attribute name="heapSize specified" value="0" />
  <attribute name="Current GC Util" value="170" />
  <attribute name= "Current Time Running" value="202542" />
  <attribute name ="GC Interval" value="0" />
  <attribute name="Target GC Util Change" value ="80.000000" />
  <attribute name="Current GC Util Change" value="170.000000"/>
  <attribute name="Current Error" value="-371.000000" />
  <attribute name="Output H" value="174138872"/>
  <attribute name="Output I" value="1352"/>
  <attribute name="Output T" value="16"/>
  <attribute name= "Current Time Running" value="202542" />
  <attribute name="GC Util currently" value="170" />
  <attribute name="CPU Util currently" value="606388725725" />
<exclusive-end id="3026" timestamp="2019-08-08T12:52:51.164" durationms="11.126" />

<exclusive-start id="3027" timestamp="2019-08-08T12:52:51.204" intervalms="51.539">
  <response-info timems="1.620" idlems="1.620" threads="0" lastid="0000000001BB5B00" lastname="Thread-31" />
</exclusive-start>
<allocation-taxation id="3028" taxation-threshold="25165824" timestamp="2019-08-08T12:52:51.204" intervalms="51.537" />
<cycle-start id="3029" type="partial gc" contextid="0" timestamp="2019-08-08T12:52:51.204" intervalms="109.585" />
<gc-start id="3030" type="partial gc" contextid="3029" timestamp="2019-08-08T12:52:51.204">
  <mem-info id="3031" free="71303168" total="174063616" percent="40">
    <mem type="eden" free="0" total="50331648" percent="0" />
    <remembered-set count="17184" freebytes="7309184" totalbytes="7377920" percent="99" regionsoverflowed="0" regionsstable="10" regionsrebuilding="0"/>
  </mem-info>
</gc-start>
<allocation-stats totalBytes="50325032" >
  <allocated-bytes non-tlh="0" tlh="50325032" arrayletleaf="0"/>
  <largest-consumer threadName="Thread-35" threadId="0000000001BF5500" bytes="3231416" />
</allocation-stats>
<gc-op id="3032" type="sweep" timems="2.264" contextid="3029" timestamp="2019-08-08T12:52:51.207" />
<gc-op id="3033" type="copy forward" timems="12.669" contextid="3029" timestamp="2019-08-08T12:52:51.225">
  <memory-copied type="eden" objects="18237" bytes="716496" bytesdiscarded="47282" />
  <memory-copied type="other" objects="47036" bytes="1678368" bytesdiscarded="106590" />
  <memory-cardclean objects="38733" bytes="1997384" />
  <regions eden="12" other="14" />
  <remembered-set-cleared processed="6941" cleared="2798" durationms="0.529" />
  <stringconstants candidates="15173" cleared="0"  />
</gc-op>
<gc-op id="3034" type="classunload" timems="0.012" contextid="3029" timestamp="2019-08-08T12:52:51.225">
  <classunload-info classloadercandidates="55" classloadersunloaded="0" classesunloaded="0" anonymousclassesunloaded="0" quiescems="0.000" setupms="0.012" scanms="0.000" postms="0.000" />
</gc-op>
<heap-resize id="3035" type="contract" space="default" amount="10485760" count="1" timems="0.392" reason="excess free space following gc" timestamp="2019-08-08T12:52:51.225" />
<gc-end id="3036" type="partial gc" contextid="3029" durationms="20.929" usertimems="24.366" systemtimems="26.192" timestamp="2019-08-08T12:52:51.225" activeThreads="16">
  <mem-info id="3037" free="106954752" total="163577856" percent="65">
    <mem type="eden" free="3250968" total="4194304" percent="77" />
    <remembered-set count="18688" freebytes="6883968" totalbytes="6958720" percent="98" regionsoverflowed="0" regionsstable="10" regionsrebuilding="0"/>
  </mem-info>
</gc-end>
<cycle-end id="3038" type="partial gc" contextid="3029" timestamp="2019-08-08T12:52:51.226" />
  <attribute name="elasticGC enabled" value="1" />
  <attribute name= "numThreadsSpecified" value="16" />
  <attribute name="heapSize specified" value="0" />
  <attribute name="Current GC Util" value="44" />
  <attribute name= "Current Time Running" value="202597" />
  <attribute name ="GC Interval" value="0" />
  <attribute name="Target GC Util Change" value ="80.000000" />
  <attribute name="Current GC Util Change" value="44.000000"/>
  <attribute name="Current Error" value="-415.000000" />
  <attribute name="Output H" value="174138824"/>
  <attribute name="Output I" value="1272"/>
  <attribute name="Output T" value="16"/>
  <attribute name= "Current Time Running" value="202597" />
  <attribute name="GC Util currently" value="44" />
  <attribute name="CPU Util currently" value="240873434977" />
<exclusive-end id="3039" timestamp="2019-08-08T12:52:51.226" durationms="21.600" />

<exclusive-start id="3040" timestamp="2019-08-08T12:52:51.302" intervalms="97.555">
  <response-info timems="3.320" idlems="3.320" threads="0" lastid="0000000001BEA100" lastname="Thread-22" />
</exclusive-start>
<allocation-taxation id="3041" taxation-threshold="48234496" timestamp="2019-08-08T12:52:51.302" intervalms="97.556" />
<cycle-start id="3042" type="partial gc" contextid="0" timestamp="2019-08-08T12:52:51.302" intervalms="97.620" />
<gc-start id="3043" type="partial gc" contextid="3042" timestamp="2019-08-08T12:52:51.302">
  <mem-info id="3044" free="58720256" total="163577856" percent="35">
    <mem type="eden" free="0" total="48234496" percent="0" />
    <remembered-set count="18560" freebytes="6884480" totalbytes="6958720" percent="98" regionsoverflowed="0" regionsstable="10" regionsrebuilding="0"/>
  </mem-info>
</gc-start>
<allocation-stats totalBytes="48228368" >
  <allocated-bytes non-tlh="0" tlh="48228368" arrayletleaf="0"/>
  <largest-consumer threadName="Thread-35" threadId="0000000001BF5500" bytes="5954832" />
</allocation-stats>
<gc-op id="3045" type="copy forward" timems="13.136" contextid="3042" timestamp="2019-08-08T12:52:51.318">
  <memory-copied type="eden" objects="27482" bytes="966880" bytesdiscarded="112456" />
  <memory-copied type="other" objects="44770" bytes="3040864" bytesdiscarded="218952" />
  <memory-cardclean objects="31455" bytes="1744888" />
  <regions eden="23" other="11" />
  <remembered-set-cleared processed="8115" cleared="2925" durationms="0.174" />
  <finalization candidates="71" enqueued="0" />
  <ownableSynchronizers candidates="2" cleared="0" />
  <references type="soft" candidates="37" cleared="0" enqueued="0" dynamicThreshold="20" maxThreshold="32" />
  <references type="weak" candidates="486" cleared="0" enqueued="0" />
  <references type="phantom" candidates="735" cleared="0" enqueued="0" />
  <stringconstants candidates="15173" cleared="0"  />
</gc-op>
<gc-op id="3046" type="classunload" timems="0.026" contextid="3042" timestamp="2019-08-08T12:52:51.318">
  <classunload-info classloadercandidates="55" classloadersunloaded="0" classesunloaded="0" anonymousclassesunloaded="0" quiescems="0.000" setupms="0.025" scanms="0.000" postms="0.000" />
</gc-op>
<heap-resize id="3047" type="contract" space="default" amount="8388608" count="1" timems="0.296" reason="excess free space following gc" timestamp="2019-08-08T12:52:51.318" />
<gc-end id="3048" type="partial gc" contextid="3042" durationms="16.179" usertimems="47.493" systemtimems="6.432" timestamp="2019-08-08T12:52:51.318" activeThreads="16">
  <mem-info id="3049" free="113246208" total="155189248" percent="72">
    <mem type="eden" free="1017816" total="2097152" percent="48" />
    <remembered-set count="19264" freebytes="6462464" totalbytes="6539520" percent="98" regionsoverflowed="0" regionsstable="10" regionsrebuilding="0"/>
  </mem-info>
</gc-end>
<cycle-end id="3050" type="partial gc" contextid="3042" timestamp="2019-08-08T12:52:51.318" />
  <attribute name="elasticGC enabled" value="1" />
  <attribute name= "numThreadsSpecified" value="16" />
  <attribute name="heapSize specified" value="0" />
  <attribute name="Current GC Util" value="109" />
  <attribute name= "Current Time Running" value="202689" />
  <attribute name ="GC Interval" value="0" />
  <attribute name="Target GC Util Change" value ="80.000000" />
  <attribute name="Current GC Util Change" value="109.000000"/>
  <attribute name="Current Error" value="4.000000" />
  <attribute name="Output H" value="163653544"/>
  <attribute name="Output I" value="2016"/>
  <attribute name="Output T" value="16"/>
  <attribute name= "Current Time Running" value="202689" />
  <attribute name="GC Util currently" value="109" />
  <attribute name="CPU Util currently" value="523892548975" />
<exclusive-end id="3051" timestamp="2019-08-08T12:52:51.319" durationms="17.086" />

<exclusive-start id="3052" timestamp="2019-08-08T12:52:51.346" intervalms="44.201">
  <response-info timems="0.239" idlems="0.239" threads="0" lastid="0000000001BD3A00" lastname="Thread-28" />
</exclusive-start>
<allocation-taxation id="3053" taxation-threshold="23068672" timestamp="2019-08-08T12:52:51.346" intervalms="44.202" />
<cycle-start id="3054" type="global mark phase" contextid="0" timestamp="2019-08-08T12:52:51.346" intervalms="305.433" />
<gc-start id="3055" type="global mark phase" contextid="3054" timestamp="2019-08-08T12:52:51.346">
  <mem-info id="3056" free="90177536" total="155189248" percent="58">
    <remembered-set count="19104" freebytes="6463104" totalbytes="6539520" percent="98" regionsoverflowed="0" regionsstable="10" regionsrebuilding="0"/>
  </mem-info>
</gc-start>
<gc-op id="3057" type="mark increment" timems="6.142" contextid="3054" timestamp="2019-08-08T12:52:51.352">
  <trace-info objectcount="112703" scancount="79491" scanbytes="3357628" />
</gc-op>
<gc-end id="3058" type="global mark phase" contextid="3054" durationms="6.192" usertimems="24.097" systemtimems="3.433" timestamp="2019-08-08T12:52:51.352" activeThreads="16">
  <mem-info id="3059" free="90177536" total="155189248" percent="58">
    <remembered-set count="27296" freebytes="6430336" totalbytes="6539520" percent="98" regionsoverflowed="0" regionsstable="0" regionsrebuilding="10"/>
  </mem-info>
</gc-end>
<concurrent-start id="3060" type="GMP work packet processing" contextid="3054" timestamp="2019-08-08T12:52:51.352">
  <concurrent-mark-start scanTarget="17871950" />
</concurrent-start>
<exclusive-end id="3061" timestamp="2019-08-08T12:52:51.352" durationms="6.501" />

<exclusive-start id="3062" timestamp="2019-08-08T12:52:51.410" intervalms="64.623">
  <response-info timems="7.369" idlems="7.369" threads="0" lastid="0000000001BB5B00" lastname="Thread-31" />
</exclusive-start>
<allocation-taxation id="3063" taxation-threshold="23068672" timestamp="2019-08-08T12:52:51.411" intervalms="64.632" />
<concurrent-end id="3064" type="GMP work packet processing" contextid="3054" timestamp="2019-08-08T12:52:51.411">
  <concurrent-mark-end bytesScanned="16195160" reasonForTermination="Termination requested" />
</concurrent-end>

<cycle-start id="3065" type="partial gc" contextid="0" timestamp="2019-08-08T12:52:51.411" intervalms="108.949" />
<gc-start id="3066" type="partial gc" contextid="3065" timestamp="2019-08-08T12:52:51.411">
  <mem-info id="3067" free="67108864" total="155189248" percent="43">
    <mem type="eden" free="0" total="46137344" percent="0" />
    <remembered-set count="133664" freebytes="6004864" totalbytes="6539520" percent="91" regionsoverflowed="0" regionsstable="0" regionsrebuilding="10"/>
  </mem-info>
</gc-start>
<allocation-stats totalBytes="46130944" >
  <allocated-bytes non-tlh="0" tlh="46130944" arrayletleaf="0"/>
  <largest-consumer threadName="Thread-31" threadId="0000000001BB5B00" bytes="4292120" />
</allocation-stats>
<gc-op id="3068" type="copy forward" timems="15.643" contextid="3065" timestamp="2019-08-08T12:52:51.428">
  <memory-copied type="eden" objects="37113" bytes="1415432" bytesdiscarded="109432" />
  <memory-copied type="other" objects="35950" bytes="1325432" bytesdiscarded="105112" />
  <memory-cardclean objects="226553" bytes="8652072" />
  <regions eden="22" other="2" />
  <remembered-set-cleared processed="61187" cleared="31379" durationms="0.476" />
  <stringconstants candidates="15173" cleared="0"  />
</gc-op>
<gc-op id="3069" type="classunload" timems="0.010" contextid="3065" timestamp="2019-08-08T12:52:51.428">
  <classunload-info classloadercandidates="55" classloadersunloaded="0" classesunloaded="0" anonymousclassesunloaded="0" quiescems="0.000" setupms="0.010" scanms="0.000" postms="0.000" />
</gc-op>
<heap-resize id="3070" type="contract" space="default" amount="8388608" count="1" timems="0.330" reason="excess free space following gc" timestamp="2019-08-08T12:52:51.429" />
<gc-end id="3071" type="partial gc" contextid="3065" durationms="17.764" usertimems="68.976" systemtimems="12.189" timestamp="2019-08-08T12:52:51.429" activeThreads="16">
  <mem-info id="3072" free="102760448" total="146800640" percent="70">
    <mem type="eden" free="572288" total="2097152" percent="27" />
    <remembered-set count="80640" freebytes="5881600" totalbytes="6204160" percent="94" regionsoverflowed="0" regionsstable="0" regionsrebuilding="10"/>
  </mem-info>
</gc-end>
<cycle-end id="3073" type="partial gc" contextid="3065" timestamp="2019-08-08T12:52:51.429" />
  <attribute name="elasticGC enabled" value="1" />
  <attribute name= "numThreadsSpecified" value="16" />
  <attribute name="heapSize specified" value="0" />
  <attribute name="Current GC Util" value="156" />
  <attribute name= "Current Time Running" value="202797" />
  <attribute name ="GC Interval" value="0" />
  <attribute name="Target GC Util Change" value ="80.000000" />
  <attribute name="Current GC Util Change" value="156.000000"/>
  <attribute name="Current Error" value="-201.000000" />
  <attribute name="Output H" value="155264696"/>
  <attribute name="Output I" value="1656"/>
  <attribute name="Output T" value="16"/>
  <attribute name= "Current Time Running" value="202797" />
  <attribute name="GC Util currently" value="156" />
  <attribute name="CPU Util currently" value="845382325216" />
<exclusive-end id="3074" timestamp="2019-08-08T12:52:51.429" durationms="18.529" />

<exclusive-start id="3075" timestamp="2019-08-08T12:52:51.456" intervalms="45.775">
  <response-info timems="5.838" idlems="5.838" threads="0" lastid="0000000001BAE300" lastname="Thread-26" />
</exclusive-start>
<allocation-taxation id="3076" taxation-threshold="20971520" timestamp="2019-08-08T12:52:51.456" intervalms="45.764" />
<gc-start id="3077" type="global mark phase" contextid="3054" timestamp="2019-08-08T12:52:51.456">
  <mem-info id="3078" free="81788928" total="146800640" percent="55">
    <remembered-set count="80352" freebytes="5882752" totalbytes="6204160" percent="94" regionsoverflowed="0" regionsstable="0" regionsrebuilding="10"/>
  </mem-info>
</gc-start>
<gc-op id="3079" type="mark increment" timems="23.166" contextid="3054" timestamp="2019-08-08T12:52:51.480">
  <trace-info objectcount="31288" scancount="31288" scanbytes="1536136" />
  <cardclean-info objects="319967" bytes="9796832" />
  <finalization candidates="151" enqueued="0" />
  <ownableSynchronizers candidates="23" cleared="0" />
  <references type="soft" candidates="4903" cleared="0" enqueued="0" dynamicThreshold="22" maxThreshold="32" />
  <references type="weak" candidates="6240" cleared="0" enqueued="0" />
  <references type="phantom" candidates="835" cleared="0" enqueued="0" />
  <stringconstants candidates="15173" cleared="0"  />
</gc-op>
<gc-op id="3080" type="classunload" timems="0.011" contextid="3054" timestamp="2019-08-08T12:52:51.480">
  <classunload-info classloadercandidates="55" classloadersunloaded="0" classesunloaded="0" anonymousclassesunloaded="0" quiescems="0.000" setupms="0.010" scanms="0.000" postms="0.000" />
</gc-op>
<gc-end id="3081" type="global mark phase" contextid="3054" durationms="23.276" usertimems="61.147" systemtimems="20.168" timestamp="2019-08-08T12:52:51.480" activeThreads="16">
  <mem-info id="3082" free="81788928" total="146800640" percent="55">
    <remembered-set count="109536" freebytes="5766016" totalbytes="6204160" percent="92" regionsoverflowed="0" regionsstable="0" regionsrebuilding="0"/>
  </mem-info>
</gc-end>
<cycle-end id="3083" type="global mark phase" contextid="3054" timestamp="2019-08-08T12:52:51.480" />
  <attribute name="elasticGC enabled" value="1" />
  <attribute name= "numThreadsSpecified" value="16" />
  <attribute name="heapSize specified" value="0" />
  <attribute name="Current GC Util" value="249" />
  <attribute name= "Current Time Running" value="202859" />
  <attribute name ="GC Interval" value="0" />
  <attribute name="Target GC Util Change" value ="80.000000" />
  <attribute name="Current GC Util Change" value="249.000000"/>
  <attribute name="Current Error" value="-683.000000" />
  <attribute name="Output H" value="146875536"/>
  <attribute name="Output I" value="792"/>
  <attribute name="Output T" value="16"/>
  <attribute name= "Current Time Running" value="202859" />
  <attribute name="GC Util currently" value="249" />
  <attribute name="CPU Util currently" value="194731918713" />
<exclusive-end id="3084" timestamp="2019-08-08T12:52:51.480" durationms="23.786" />

<exclusive-start id="3085" timestamp="2019-08-08T12:52:51.496" intervalms="39.813">
  <response-info timems="4.398" idlems="4.398" threads="0" lastid="0000000001BF1900" lastname="Thread-21" />
</exclusive-start>
<allocation-taxation id="3086" taxation-threshold="20971520" timestamp="2019-08-08T12:52:51.496" intervalms="39.829" />
<cycle-start id="3087" type="partial gc" contextid="0" timestamp="2019-08-08T12:52:51.496" intervalms="85.575" />
<gc-start id="3088" type="partial gc" contextid="3087" timestamp="2019-08-08T12:52:51.497">
  <mem-info id="3089" free="60817408" total="146800640" percent="41">
    <mem type="eden" free="0" total="41943040" percent="0" />
    <remembered-set count="24000" freebytes="6108160" totalbytes="6204160" percent="98" regionsoverflowed="0" regionsstable="8" regionsrebuilding="0"/>
  </mem-info>
</gc-start>
<allocation-stats totalBytes="41937528" >
  <allocated-bytes non-tlh="0" tlh="41937528" arrayletleaf="0"/>
  <largest-consumer threadName="Thread-26" threadId="0000000001BAE300" bytes="2858672" />
</allocation-stats>
<gc-op id="3090" type="sweep" timems="1.854" contextid="3087" timestamp="2019-08-08T12:52:51.499" />
<gc-op id="3091" type="copy forward" timems="11.569" contextid="3087" timestamp="2019-08-08T12:52:51.511">
  <memory-copied type="eden" objects="18789" bytes="729680" bytesdiscarded="67792" />
  <memory-copied type="other" objects="49053" bytes="1835848" bytesdiscarded="154712" />
  <memory-cardclean objects="43317" bytes="2408136" />
  <regions eden="10" other="12" />
  <remembered-set-cleared processed="8619" cleared="2207" durationms="0.137" />
  <stringconstants candidates="15173" cleared="0"  />
</gc-op>
<gc-op id="3092" type="classunload" timems="0.010" contextid="3087" timestamp="2019-08-08T12:52:51.511">
  <classunload-info classloadercandidates="55" classloadersunloaded="0" classesunloaded="0" anonymousclassesunloaded="0" quiescems="0.000" setupms="0.010" scanms="0.000" postms="0.000" />
</gc-op>
<heap-resize id="3093" type="contract" space="default" amount="8388608" count="1" timems="0.339" reason="excess free space following gc" timestamp="2019-08-08T12:52:51.512" />
<gc-end id="3094" type="partial gc" contextid="3087" durationms="15.346" usertimems="39.559" systemtimems="18.601" timestamp="2019-08-08T12:52:51.512" activeThreads="16">
  <mem-info id="3095" free="92274688" total="138412032" percent="66">
    <mem type="eden" free="840640" total="2097152" percent="40" />
    <remembered-set count="22912" freebytes="5777152" totalbytes="5868800" percent="98" regionsoverflowed="0" regionsstable="8" regionsrebuilding="0"/>
  </mem-info>
</gc-end>
<cycle-end id="3096" type="partial gc" contextid="3087" timestamp="2019-08-08T12:52:51.512" />
  <attribute name="elasticGC enabled" value="1" />
  <attribute name= "numThreadsSpecified" value="16" />
  <attribute name="heapSize specified" value="0" />
  <attribute name="Current GC Util" value="88" />
  <attribute name= "Current Time Running" value="202884" />
  <attribute name ="GC Interval" value="0" />
  <attribute name="Target GC Util Change" value ="80.000000" />
  <attribute name="Current GC Util Change" value="88.000000"/>
  <attribute name="Current Error" value="-119.000000" />
  <attribute name="Output H" value="146876184"/>
  <attribute name="Output I" value="1800"/>
  <attribute name="Output T" value="16"/>
  <attribute name= "Current Time Running" value="202884" />
  <attribute name="GC Util currently" value="88" />
  <attribute name="CPU Util currently" value="1272788860715" />
<exclusive-end id="3097" timestamp="2019-08-08T12:52:51.512" durationms="16.125" />

<exclusive-start id="3098" timestamp="2019-08-08T12:52:51.542" intervalms="46.330">
  <response-info timems="2.425" idlems="2.425" threads="0" lastid="0000000001BC4A00" lastname="Thread-34" />
</exclusive-start>
<allocation-taxation id="3099" taxation-threshold="20971520" timestamp="2019-08-08T12:52:51.542" intervalms="46.349" />
<cycle-start id="3100" type="global mark phase" contextid="0" timestamp="2019-08-08T12:52:51.543" intervalms="196.600" />
<gc-start id="3101" type="global mark phase" contextid="3100" timestamp="2019-08-08T12:52:51.543">
  <mem-info id="3102" free="71303168" total="138412032" percent="51">
    <remembered-set count="22528" freebytes="5778688" totalbytes="5868800" percent="98" regionsoverflowed="0" regionsstable="8" regionsrebuilding="0"/>
  </mem-info>
</gc-start>
<gc-op id="3103" type="mark increment" timems="4.637" contextid="3100" timestamp="2019-08-08T12:52:51.547">
  <trace-info objectcount="60044" scancount="36635" scanbytes="1673832" />
</gc-op>
<gc-end id="3104" type="global mark phase" contextid="3100" durationms="4.685" usertimems="8.223" systemtimems="7.756" timestamp="2019-08-08T12:52:51.547" activeThreads="16">
  <mem-info id="3105" free="71303168" total="138412032" percent="51">
    <remembered-set count="24576" freebytes="5770496" totalbytes="5868800" percent="98" regionsoverflowed="0" regionsstable="0" regionsrebuilding="8"/>
  </mem-info>
</gc-end>
<concurrent-start id="3106" type="GMP work packet processing" contextid="3100" timestamp="2019-08-08T12:52:51.547">
  <concurrent-mark-start scanTarget="15412477" />
</concurrent-start>
<exclusive-end id="3107" timestamp="2019-08-08T12:52:51.547" durationms="5.120" />

<concurrent-end id="3108" type="GMP work packet processing" contextid="3100" timestamp="2019-08-08T12:52:51.586">
  <concurrent-mark-end bytesScanned="15594744" reasonForTermination="Work target met" />
</concurrent-end>

<exclusive-start id="3109" timestamp="2019-08-08T12:52:51.588" intervalms="45.918">
  <response-info timems="2.759" idlems="0.726" threads="3" lastid="0000000001BB5B00" lastname="Thread-31" />
</exclusive-start>
<allocation-taxation id="3110" taxation-threshold="20971520" timestamp="2019-08-08T12:52:51.588" intervalms="45.910" />
<cycle-start id="3111" type="partial gc" contextid="0" timestamp="2019-08-08T12:52:51.588" intervalms="92.117" />
<gc-start id="3112" type="partial gc" contextid="3111" timestamp="2019-08-08T12:52:51.589">
  <mem-info id="3113" free="50331648" total="138412032" percent="36">
    <mem type="eden" free="0" total="41943040" percent="0" />
    <remembered-set count="117504" freebytes="5398784" totalbytes="5868800" percent="91" regionsoverflowed="0" regionsstable="0" regionsrebuilding="8"/>
  </mem-info>
</gc-start>
<allocation-stats totalBytes="41938064" >
  <allocated-bytes non-tlh="0" tlh="41938064" arrayletleaf="0"/>
  <largest-consumer threadName="Thread-21" threadId="0000000001BF1900" bytes="3882656" />
</allocation-stats>
<gc-op id="3114" type="copy forward" timems="18.240" contextid="3111" timestamp="2019-08-08T12:52:51.608">
  <memory-copied type="eden" objects="32208" bytes="1190264" bytesdiscarded="97720" />
  <memory-copied type="other" objects="40067" bytes="2335632" bytesdiscarded="267032" />
  <memory-cardclean objects="127245" bytes="4657096" />
  <regions eden="20" other="4" />
  <remembered-set-cleared processed="77969" cleared="13999" durationms="0.529" />
  <stringconstants candidates="15173" cleared="0"  />
</gc-op>
<gc-op id="3115" type="classunload" timems="0.011" contextid="3111" timestamp="2019-08-08T12:52:51.608">
  <classunload-info classloadercandidates="55" classloadersunloaded="0" classesunloaded="0" anonymousclassesunloaded="0" quiescems="0.000" setupms="0.010" scanms="0.000" postms="0.000" />
</gc-op>
<heap-resize id="3116" type="contract" space="default" amount="8388608" count="1" timems="0.370" reason="excess free space following gc" timestamp="2019-08-08T12:52:51.609" />
<gc-end id="3117" type="partial gc" contextid="3111" durationms="20.094" usertimems="34.185" systemtimems="15.175" timestamp="2019-08-08T12:52:51.609" activeThreads="16">
  <mem-info id="3118" free="81788928" total="130023424" percent="62">
    <mem type="eden" free="2906320" total="4194304" percent="69" />
    <remembered-set count="93344" freebytes="5160064" totalbytes="5533440" percent="93" regionsoverflowed="0" regionsstable="0" regionsrebuilding="8"/>
  </mem-info>
</gc-end>
<cycle-end id="3119" type="partial gc" contextid="3111" timestamp="2019-08-08T12:52:51.609" />
  <attribute name="elasticGC enabled" value="1" />
  <attribute name= "numThreadsSpecified" value="16" />
  <attribute name="heapSize specified" value="0" />
  <attribute name="Current GC Util" value="113" />
  <attribute name= "Current Time Running" value="202975" />
  <attribute name ="GC Interval" value="0" />
  <attribute name="Target GC Util Change" value ="80.000000" />
  <attribute name="Current GC Util Change" value="113.000000"/>
  <attribute name="Current Error" value="-321.000000" />
  <attribute name="Output H" value="138487344"/>
  <attribute name="Output I" value="1440"/>
  <attribute name="Output T" value="16"/>
  <attribute name= "Current Time Running" value="202975" />
  <attribute name="GC Util currently" value="113" />
  <attribute name="CPU Util currently" value="1220304179045" />
<exclusive-end id="3120" timestamp="2019-08-08T12:52:51.609" durationms="20.860" />

<exclusive-start id="3121" timestamp="2019-08-08T12:52:51.621" intervalms="32.903">
  <response-info timems="0.409" idlems="0.207" threads="1" lastid="0000000001BCC200" lastname="Thread-36" />
</exclusive-start>
<allocation-taxation id="3122" taxation-threshold="18874368" timestamp="2019-08-08T12:52:51.621" intervalms="32.987" />
<gc-start id="3123" type="global mark phase" contextid="3100" timestamp="2019-08-08T12:52:51.621">
  <mem-info id="3124" free="62914560" total="130023424" percent="48">
    <remembered-set count="93248" freebytes="5160448" totalbytes="5533440" percent="93" regionsoverflowed="0" regionsstable="0" regionsrebuilding="8"/>
  </mem-info>
</gc-start>
<gc-end id="3125" type="global mark phase" contextid="3100" durationms="0.029" usertimems="0.012" systemtimems="0.016" timestamp="2019-08-08T12:52:51.621" activeThreads="16">
  <mem-info id="3126" free="62914560" total="130023424" percent="48">
    <remembered-set count="93248" freebytes="5160448" totalbytes="5533440" percent="93" regionsoverflowed="0" regionsstable="0" regionsrebuilding="8"/>
  </mem-info>
</gc-end>
<concurrent-start id="3127" type="GMP work packet processing" contextid="3100" timestamp="2019-08-08T12:52:51.622">
  <concurrent-mark-start scanTarget="19265596" />
</concurrent-start>
<exclusive-end id="3128" timestamp="2019-08-08T12:52:51.622" durationms="0.575" />

<exclusive-start id="3129" timestamp="2019-08-08T12:52:51.636" intervalms="14.598">
  <response-info timems="1.622" idlems="0.833" threads="1" lastid="0000000001BB9600" lastname="Thread-30" />
</exclusive-start>
<allocation-taxation id="3130" taxation-threshold="18874368" timestamp="2019-08-08T12:52:51.636" intervalms="14.506" />
<concurrent-end id="3131" type="GMP work packet processing" contextid="3100" timestamp="2019-08-08T12:52:51.637">
  <concurrent-mark-end bytesScanned="1904560" reasonForTermination="Termination requested" />
</concurrent-end>

<cycle-start id="3132" type="partial gc" contextid="0" timestamp="2019-08-08T12:52:51.637" intervalms="48.580" />
<gc-start id="3133" type="partial gc" contextid="3132" timestamp="2019-08-08T12:52:51.637">
  <mem-info id="3134" free="44040192" total="130023424" percent="33">
    <mem type="eden" free="0" total="37748736" percent="0" />
    <remembered-set count="113216" freebytes="5080576" totalbytes="5533440" percent="91" regionsoverflowed="0" regionsstable="0" regionsrebuilding="8"/>
  </mem-info>
</gc-start>
<allocation-stats totalBytes="37743904" >
  <allocated-bytes non-tlh="0" tlh="37743904" arrayletleaf="0"/>
  <largest-consumer threadName="Thread-32" threadId="0000000001BBD200" bytes="2154336" />
</allocation-stats>
<gc-op id="3135" type="copy forward" timems="10.750" contextid="3132" timestamp="2019-08-08T12:52:51.649">
  <memory-copied type="eden" objects="15423" bytes="511928" bytesdiscarded="52720" />
  <memory-copied type="other" objects="32979" bytes="1203624" bytesdiscarded="80528" />
  <memory-cardclean objects="110808" bytes="4253488" />
  <regions eden="18" other="3" />
  <remembered-set-cleared processed="82888" cleared="15886" durationms="0.446" />
  <stringconstants candidates="15173" cleared="0"  />
</gc-op>
<gc-op id="3136" type="classunload" timems="0.011" contextid="3132" timestamp="2019-08-08T12:52:51.650">
  <classunload-info classloadercandidates="55" classloadersunloaded="0" classesunloaded="0" anonymousclassesunloaded="0" quiescems="0.000" setupms="0.011" scanms="0.000" postms="0.000" />
</gc-op>
<heap-resize id="3137" type="contract" space="default" amount="6291456" count="1" timems="0.566" reason="excess free space following gc" timestamp="2019-08-08T12:52:51.650" />
<gc-end id="3138" type="partial gc" contextid="3132" durationms="12.974" usertimems="44.701" systemtimems="10.290" timestamp="2019-08-08T12:52:51.650" activeThreads="16">
  <mem-info id="3139" free="75497472" total="123731968" percent="61">
    <mem type="eden" free="1532504" total="2097152" percent="73" />
    <remembered-set count="93664" freebytes="4823424" totalbytes="5198080" percent="92" regionsoverflowed="0" regionsstable="0" regionsrebuilding="8"/>
  </mem-info>
</gc-end>
<cycle-end id="3140" type="partial gc" contextid="3132" timestamp="2019-08-08T12:52:51.650" />
  <attribute name="elasticGC enabled" value="1" />
  <attribute name= "numThreadsSpecified" value="16" />
  <attribute name="heapSize specified" value="0" />
  <attribute name="Current GC Util" value="87" />
  <attribute name= "Current Time Running" value="203023" />
  <attribute name ="GC Interval" value="0" />
  <attribute name="Target GC Util Change" value ="80.000000" />
  <attribute name="Current GC Util Change" value="87.000000"/>
  <attribute name="Current Error" value="-379.000000" />
  <attribute name="Output H" value="130098672"/>
  <attribute name="Output I" value="1336"/>
  <attribute name="Output T" value="16"/>
  <attribute name= "Current Time Running" value="203023" />
  <attribute name="GC Util currently" value="87" />
  <attribute name="CPU Util currently" value="973669788190" />
<concurrent-start id="3141" type="GMP work packet processing" contextid="3100" timestamp="2019-08-08T12:52:51.650">
  <concurrent-mark-start scanTarget="17361036" />
</concurrent-start>
<exclusive-end id="3142" timestamp="2019-08-08T12:52:51.650" durationms="14.667" />

<exclusive-start id="3143" timestamp="2019-08-08T12:52:51.668" intervalms="32.213">
  <response-info timems="2.126" idlems="1.172" threads="1" lastid="0000000001B9F300" lastname="Thread-23" />
</exclusive-start>
<allocation-taxation id="3144" taxation-threshold="18874368" timestamp="2019-08-08T12:52:51.668" intervalms="32.187" />
<concurrent-end id="3145" type="GMP work packet processing" contextid="3100" timestamp="2019-08-08T12:52:51.668">
  <concurrent-mark-end bytesScanned="0" reasonForTermination="Termination requested" />
</concurrent-end>

<gc-start id="3146" type="global mark phase" contextid="3100" timestamp="2019-08-08T12:52:51.668">
  <mem-info id="3147" free="56623104" total="123731968" percent="45">
    <remembered-set count="93600" freebytes="4823680" totalbytes="5198080" percent="92" regionsoverflowed="0" regionsstable="0" regionsrebuilding="8"/>
  </mem-info>
</gc-start>
<gc-op id="3148" type="mark increment" timems="13.216" contextid="3100" timestamp="2019-08-08T12:52:51.682">
  <trace-info objectcount="43151" scancount="43151" scanbytes="1845360" />
  <cardclean-info objects="320036" bytes="9367800" />
  <finalization candidates="151" enqueued="0" />
  <ownableSynchronizers candidates="23" cleared="0" />
  <references type="soft" candidates="4903" cleared="0" enqueued="0" dynamicThreshold="19" maxThreshold="32" />
  <references type="weak" candidates="6240" cleared="0" enqueued="0" />
  <references type="phantom" candidates="835" cleared="0" enqueued="0" />
  <stringconstants candidates="15173" cleared="0"  />
</gc-op>
<gc-op id="3149" type="classunload" timems="0.011" contextid="3100" timestamp="2019-08-08T12:52:51.682">
  <classunload-info classloadercandidates="55" classloadersunloaded="0" classesunloaded="0" anonymousclassesunloaded="0" quiescems="0.000" setupms="0.010" scanms="0.000" postms="0.000" />
</gc-op>
<gc-end id="3150" type="global mark phase" contextid="3100" durationms="13.327" usertimems="40.510" systemtimems="8.742" timestamp="2019-08-08T12:52:51.682" activeThreads="16">
  <mem-info id="3151" free="56623104" total="123731968" percent="45">
    <remembered-set count="118176" freebytes="4725376" totalbytes="5198080" percent="90" regionsoverflowed="0" regionsstable="0" regionsrebuilding="0"/>
  </mem-info>
</gc-end>
<cycle-end id="3152" type="global mark phase" contextid="3100" timestamp="2019-08-08T12:52:51.682" />
  <attribute name="elasticGC enabled" value="1" />
  <attribute name= "numThreadsSpecified" value="16" />
  <attribute name="heapSize specified" value="0" />
  <attribute name="Current GC Util" value="207" />
  <attribute name= "Current Time Running" value="203061" />
  <attribute name ="GC Interval" value="0" />
  <attribute name="Target GC Util Change" value ="80.000000" />
  <attribute name="Current GC Util Change" value="207.000000"/>
  <attribute name="Current Error" value="-291.000000" />
  <attribute name="Output H" value="123807312"/>
  <attribute name="Output I" value="1496"/>
  <attribute name="Output T" value="16"/>
  <attribute name= "Current Time Running" value="203061" />
  <attribute name="GC Util currently" value="207" />
  <attribute name="CPU Util currently" value="576974218139" />
<exclusive-end id="3153" timestamp="2019-08-08T12:52:51.682" durationms="13.894" />

<exclusive-start id="3154" timestamp="2019-08-08T12:52:51.700" intervalms="32.248">
  <response-info timems="1.050" idlems="0.571" threads="1" lastid="0000000001B9F300" lastname="Thread-23" />
</exclusive-start>
<allocation-taxation id="3155" taxation-threshold="18874368" timestamp="2019-08-08T12:52:51.700" intervalms="32.283" />
<cycle-start id="3156" type="partial gc" contextid="0" timestamp="2019-08-08T12:52:51.700" intervalms="63.444" />
<gc-start id="3157" type="partial gc" contextid="3156" timestamp="2019-08-08T12:52:51.701">
  <mem-info id="3158" free="37748736" total="123731968" percent="30">
    <mem type="eden" free="0" total="37748736" percent="0" />
    <remembered-set count="20320" freebytes="5116800" totalbytes="5198080" percent="98" regionsoverflowed="0" regionsstable="8" regionsrebuilding="0"/>
  </mem-info>
</gc-start>
<allocation-stats totalBytes="37743824" >
  <allocated-bytes non-tlh="0" tlh="37743824" arrayletleaf="0"/>
  <largest-consumer threadName="Thread-33" threadId="0000000001BEDD00" bytes="2354936" />
</allocation-stats>
<gc-op id="3159" type="sweep" timems="2.635" contextid="3156" timestamp="2019-08-08T12:52:51.704" />
<gc-op id="3160" type="copy forward" timems="10.495" contextid="3156" timestamp="2019-08-08T12:52:51.715">
  <memory-copied type="eden" objects="17135" bytes="690648" bytesdiscarded="69410" />
  <memory-copied type="other" objects="26365" bytes="907512" bytesdiscarded="65702" />
  <memory-cardclean objects="29286" bytes="1461960" />
  <regions eden="9" other="11" />
  <remembered-set-cleared processed="12622" cleared="2280" durationms="0.169" />
  <stringconstants candidates="15173" cleared="0"  />
</gc-op>
<gc-op id="3161" type="classunload" timems="0.010" contextid="3156" timestamp="2019-08-08T12:52:51.715">
  <classunload-info classloadercandidates="55" classloadersunloaded="0" classesunloaded="0" anonymousclassesunloaded="0" quiescems="0.000" setupms="0.010" scanms="0.000" postms="0.000" />
</gc-op>
<heap-resize id="3162" type="expand" space="default" amount="8388608" count="1" timems="0.068" reason="excessive time being spent in gc" timestamp="2019-08-08T12:52:51.716" />
<gc-end id="3163" type="partial gc" contextid="3156" durationms="14.727" usertimems="12.189" systemtimems="24.223" timestamp="2019-08-08T12:52:51.716" activeThreads="16">
  <mem-info id="3164" free="79691776" total="132120576" percent="60">
    <mem type="eden" free="3027448" total="4194304" percent="72" />
    <remembered-set count="25216" freebytes="5181056" totalbytes="5281920" percent="98" regionsoverflowed="0" regionsstable="8" regionsrebuilding="0"/>
  </mem-info>
</gc-end>
<cycle-end id="3165" type="partial gc" contextid="3156" timestamp="2019-08-08T12:52:51.716" />
  <attribute name="elasticGC enabled" value="1" />
  <attribute name= "numThreadsSpecified" value="16" />
  <attribute name="heapSize specified" value="0" />
  <attribute name="Current GC Util" value="86" />
  <attribute name= "Current Time Running" value="203090" />
  <attribute name ="GC Interval" value="0" />
  <attribute name="Target GC Util Change" value ="80.000000" />
  <attribute name="Current GC Util Change" value="86.000000"/>
  <attribute name="Current Error" value="-326.000000" />
  <attribute name="Output H" value="123807272"/>
  <attribute name="Output I" value="1432"/>
  <attribute name="Output T" value="16"/>
  <attribute name= "Current Time Running" value="203090" />
  <attribute name="GC Util currently" value="86" />
  <attribute name="CPU Util currently" value="1425018783567" />
<exclusive-end id="3166" timestamp="2019-08-08T12:52:51.716" durationms="15.780" />

<exclusive-start id="3167" timestamp="2019-08-08T12:52:51.739" intervalms="38.873">
  <response-info timems="2.633" idlems="1.093" threads="4" lastid="0000000001BBD200" lastname="Thread-32" />
</exclusive-start>
<allocation-taxation id="3168" taxation-threshold="18874368" timestamp="2019-08-08T12:52:51.739" intervalms="38.849" />
<cycle-start id="3169" type="global mark phase" contextid="0" timestamp="2019-08-08T12:52:51.739" intervalms="196.757" />
<gc-start id="3170" type="global mark phase" contextid="3169" timestamp="2019-08-08T12:52:51.739">
  <mem-info id="3171" free="60817408" total="132120576" percent="46">
    <remembered-set count="25152" freebytes="5181312" totalbytes="5281920" percent="98" regionsoverflowed="0" regionsstable="8" regionsrebuilding="0"/>
  </mem-info>
</gc-start>
<gc-op id="3172" type="mark increment" timems="4.464" contextid="3169" timestamp="2019-08-08T12:52:51.744">
  <trace-info objectcount="498" scancount="0" scanbytes="0" />
</gc-op>
<gc-end id="3173" type="global mark phase" contextid="3169" durationms="4.636" usertimems="9.000" systemtimems="5.249" timestamp="2019-08-08T12:52:51.744" activeThreads="16">
  <mem-info id="3174" free="60817408" total="132120576" percent="46">
    <remembered-set count="25152" freebytes="5181312" totalbytes="5281920" percent="98" regionsoverflowed="0" regionsstable="0" regionsrebuilding="8"/>
  </mem-info>
</gc-end>
<concurrent-start id="3175" type="GMP work packet processing" contextid="3169" timestamp="2019-08-08T12:52:51.744">
  <concurrent-mark-start scanTarget="19304433" />
</concurrent-start>
<exclusive-end id="3176" timestamp="2019-08-08T12:52:51.744" durationms="5.194" />

<concurrent-end id="3177" type="GMP work packet processing" contextid="3169" timestamp="2019-08-08T12:52:51.764">
  <concurrent-mark-end bytesScanned="19310948" reasonForTermination="Work target met" />
</concurrent-end>

<exclusive-start id="3178" timestamp="2019-08-08T12:52:51.764" intervalms="24.891">
  <response-info timems="1.254" idlems="1.254" threads="0" lastid="0000000001BD3A00" lastname="Thread-28" />
</exclusive-start>
<allocation-taxation id="3179" taxation-threshold="18874368" timestamp="2019-08-08T12:52:51.764" intervalms="24.884" />
<cycle-start id="3180" type="partial gc" contextid="0" timestamp="2019-08-08T12:52:51.764" intervalms="63.668" />
<gc-start id="3181" type="partial gc" contextid="3180" timestamp="2019-08-08T12:52:51.764">
  <mem-info id="3182" free="41943040" total="132120576" percent="31">
    <mem type="eden" free="0" total="37748736" percent="0" />
    <remembered-set count="137856" freebytes="4730496" totalbytes="5281920" percent="89" regionsoverflowed="0" regionsstable="0" regionsrebuilding="8"/>
  </mem-info>
</gc-start>
<allocation-stats totalBytes="37744000" >
  <allocated-bytes non-tlh="0" tlh="37744000" arrayletleaf="0"/>
  <largest-consumer threadName="Thread-33" threadId="0000000001BEDD00" bytes="3174088" />
</allocation-stats>
<gc-op id="3183" type="copy forward" timems="11.873" contextid="3180" timestamp="2019-08-08T12:52:51.777">
  <memory-copied type="eden" objects="25068" bytes="1018608" bytesdiscarded="83576" />
  <memory-copied type="other" objects="28539" bytes="1097064" bytesdiscarded="109576" />
  <memory-cardclean objects="26930" bytes="1361880" />
  <regions eden="18" other="3" />
  <remembered-set-cleared processed="126613" cleared="2786" durationms="0.533" />
  <stringconstants candidates="15173" cleared="0"  />
</gc-op>
<gc-op id="3184" type="classunload" timems="0.009" contextid="3180" timestamp="2019-08-08T12:52:51.777">
  <classunload-info classloadercandidates="55" classloadersunloaded="0" classesunloaded="0" anonymousclassesunloaded="0" quiescems="0.000" setupms="0.009" scanms="0.000" postms="0.000" />
</gc-op>
<gc-end id="3185" type="partial gc" contextid="3180" durationms="13.125" usertimems="36.950" systemtimems="12.063" timestamp="2019-08-08T12:52:51.778" activeThreads="16">
  <mem-info id="3186" free="79691776" total="132120576" percent="60">
    <mem type="eden" free="994968" total="2097152" percent="47" />
    <remembered-set count="138976" freebytes="4726016" totalbytes="5281920" percent="89" regionsoverflowed="0" regionsstable="0" regionsrebuilding="8"/>
  </mem-info>
</gc-end>
<cycle-end id="3187" type="partial gc" contextid="3180" timestamp="2019-08-08T12:52:51.778" />
  <attribute name="elasticGC enabled" value="1" />
  <attribute name= "numThreadsSpecified" value="16" />
  <attribute name="heapSize specified" value="0" />
  <attribute name="Current GC Util" value="165" />
  <attribute name= "Current Time Running" value="203150" />
  <attribute name ="GC Interval" value="0" />
  <attribute name="Target GC Util Change" value ="80.000000" />
  <attribute name="Current GC Util Change" value="165.000000"/>
  <attribute name="Current Error" value="-754.000000" />
  <attribute name="Output H" value="132195392"/>
  <attribute name="Output I" value="664"/>
  <attribute name="Output T" value="16"/>
  <attribute name= "Current Time Running" value="203150" />
  <attribute name="GC Util currently" value="165" />
  <attribute name="CPU Util currently" value="2469850815961" />
<exclusive-end id="3188" timestamp="2019-08-08T12:52:51.778" durationms="13.870" />

<exclusive-start id="3189" timestamp="2019-08-08T12:52:51.792" intervalms="28.184">
  <response-info timems="3.402" idlems="3.402" threads="0" lastid="0000000001B9F300" lastname="Thread-23" />
</exclusive-start>
<allocation-taxation id="3190" taxation-threshold="18874368" timestamp="2019-08-08T12:52:51.792" intervalms="28.196" />
<gc-start id="3191" type="global mark phase" contextid="3169" timestamp="2019-08-08T12:52:51.792">
  <mem-info id="3192" free="60817408" total="132120576" percent="46">
    <remembered-set count="138624" freebytes="4727424" totalbytes="5281920" percent="89" regionsoverflowed="0" regionsstable="0" regionsrebuilding="8"/>
  </mem-info>
</gc-start>
<gc-end id="3193" type="global mark phase" contextid="3169" durationms="0.019" usertimems="0.011" systemtimems="0.015" timestamp="2019-08-08T12:52:51.792" activeThreads="16">
  <mem-info id="3194" free="60817408" total="132120576" percent="46">
    <remembered-set count="138624" freebytes="4727424" totalbytes="5281920" percent="89" regionsoverflowed="0" regionsstable="0" regionsrebuilding="8"/>
  </mem-info>
</gc-end>
<concurrent-start id="3195" type="GMP work packet processing" contextid="3169" timestamp="2019-08-08T12:52:51.792">
  <concurrent-mark-start scanTarget="19304433" />
</concurrent-start>
<exclusive-end id="3196" timestamp="2019-08-08T12:52:51.793" durationms="0.685" />

<concurrent-end id="3197" type="GMP work packet processing" contextid="3169" timestamp="2019-08-08T12:52:51.808">
  <concurrent-mark-end bytesScanned="5304" reasonForTermination="Completed all work in GC phase" />
</concurrent-end>

<exclusive-start id="3198" timestamp="2019-08-08T12:52:51.808" intervalms="15.888">
  <response-info timems="1.457" idlems="1.457" threads="0" lastid="0000000001BF5500" lastname="Thread-35" />
</exclusive-start>
<allocation-taxation id="3199" taxation-threshold="18874368" timestamp="2019-08-08T12:52:51.808" intervalms="15.872" />
<cycle-start id="3200" type="partial gc" contextid="0" timestamp="2019-08-08T12:52:51.808" intervalms="44.017" />
<gc-start id="3201" type="partial gc" contextid="3200" timestamp="2019-08-08T12:52:51.808">
  <mem-info id="3202" free="41943040" total="132120576" percent="31">
    <mem type="eden" free="0" total="37748736" percent="0" />
    <remembered-set count="138656" freebytes="4727296" totalbytes="5281920" percent="89" regionsoverflowed="0" regionsstable="0" regionsrebuilding="8"/>
  </mem-info>
</gc-start>
<allocation-stats totalBytes="37743472" >
  <allocated-bytes non-tlh="0" tlh="37743472" arrayletleaf="0"/>
  <largest-consumer threadName="Thread-30" threadId="0000000001BB9600" bytes="2866840" />
</allocation-stats>
<gc-op id="3203" type="copy forward" timems="11.522" contextid="3200" timestamp="2019-08-08T12:52:51.821">
  <memory-copied type="eden" objects="14199" bytes="482648" bytesdiscarded="77272" />
  <memory-copied type="other" objects="25578" bytes="1047416" bytesdiscarded="51208" />
  <memory-cardclean objects="24289" bytes="1246384" />
  <regions eden="18" other="2" />
  <remembered-set-cleared processed="128791" cleared="2361" durationms="0.789" />
  <stringconstants candidates="15173" cleared="0"  />
</gc-op>
<gc-op id="3204" type="classunload" timems="0.016" contextid="3200" timestamp="2019-08-08T12:52:51.821">
  <classunload-info classloadercandidates="55" classloadersunloaded="0" classesunloaded="0" anonymousclassesunloaded="0" quiescems="0.000" setupms="0.014" scanms="0.000" postms="0.000" />
</gc-op>
<heap-resize id="3205" type="expand" space="default" amount="10485760" count="1" timems="0.374" reason="excessive time being spent in gc" timestamp="2019-08-08T12:52:51.822" />
<gc-end id="3206" type="partial gc" contextid="3200" durationms="13.567" usertimems="39.734" systemtimems="8.020" timestamp="2019-08-08T12:52:51.822" activeThreads="16">
  <mem-info id="3207" free="85983232" total="142606336" percent="60">
    <mem type="eden" free="3634384" total="4194304" percent="86" />
    <remembered-set count="142464" freebytes="5131264" totalbytes="5701120" percent="90" regionsoverflowed="0" regionsstable="0" regionsrebuilding="8"/>
  </mem-info>
</gc-end>
<cycle-end id="3208" type="partial gc" contextid="3200" timestamp="2019-08-08T12:52:51.822" />
  <attribute name="elasticGC enabled" value="1" />
  <attribute name= "numThreadsSpecified" value="16" />
  <attribute name="heapSize specified" value="0" />
  <attribute name="Current GC Util" value="71" />
  <attribute name= "Current Time Running" value="203195" />
  <attribute name ="GC Interval" value="0" />
  <attribute name="Target GC Util Change" value ="80.000000" />
  <attribute name="Current GC Util Change" value="71.000000"/>
  <attribute name="Current Error" value="33.000000" />
  <attribute name="Output H" value="132196296"/>
  <attribute name="Output I" value="2072"/>
  <attribute name="Output T" value="16"/>
  <attribute name= "Current Time Running" value="203195" />
  <attribute name="GC Util currently" value="71" />
  <attribute name="CPU Util currently" value="938621086267" />
<exclusive-end id="3209" timestamp="2019-08-08T12:52:51.822" durationms="14.247" />

<exclusive-start id="3210" timestamp="2019-08-08T12:52:51.852" intervalms="44.017">
  <response-info timems="1.705" idlems="1.705" threads="0" lastid="0000000001BF5500" lastname="Thread-35" />
</exclusive-start>
<allocation-taxation id="3211" taxation-threshold="20971520" timestamp="2019-08-08T12:52:51.852" intervalms="44.020" />
<gc-start id="3212" type="global mark phase" contextid="3169" timestamp="2019-08-08T12:52:51.852">
  <mem-info id="3213" free="65011712" total="142606336" percent="45">
    <remembered-set count="142304" freebytes="5131904" totalbytes="5701120" percent="90" regionsoverflowed="0" regionsstable="0" regionsrebuilding="8"/>
  </mem-info>
</gc-start>
<gc-op id="3214" type="mark increment" timems="6.749" contextid="3169" timestamp="2019-08-08T12:52:51.859">
  <trace-info objectcount="31903" scancount="31903" scanbytes="1203580" />
  <cardclean-info objects="40563" bytes="2063124" />
  <finalization candidates="151" enqueued="0" />
  <ownableSynchronizers candidates="23" cleared="0" />
  <references type="soft" candidates="4903" cleared="10" enqueued="10" dynamicThreshold="19" maxThreshold="32" />
  <references type="weak" candidates="6240" cleared="0" enqueued="0" />
  <references type="phantom" candidates="835" cleared="0" enqueued="0" />
  <stringconstants candidates="15173" cleared="0"  />
</gc-op>
<gc-op id="3215" type="classunload" timems="0.010" contextid="3169" timestamp="2019-08-08T12:52:51.859">
  <classunload-info classloadercandidates="55" classloadersunloaded="0" classesunloaded="0" anonymousclassesunloaded="0" quiescems="0.000" setupms="0.010" scanms="0.000" postms="0.000" />
</gc-op>
<gc-end id="3216" type="global mark phase" contextid="3169" durationms="7.063" usertimems="14.657" systemtimems="3.021" timestamp="2019-08-08T12:52:51.859" activeThreads="16">
  <mem-info id="3217" free="65011712" total="142606336" percent="45">
    <pending-finalizers system="0" default="0" reference="10" classloader="0" />
    <remembered-set count="143840" freebytes="5125760" totalbytes="5701120" percent="89" regionsoverflowed="0" regionsstable="0" regionsrebuilding="0"/>
  </mem-info>
</gc-end>
<cycle-end id="3218" type="global mark phase" contextid="3169" timestamp="2019-08-08T12:52:51.859" />
  <attribute name="elasticGC enabled" value="1" />
  <attribute name= "numThreadsSpecified" value="16" />
  <attribute name="heapSize specified" value="0" />
  <attribute name="Current GC Util" value="186" />
  <attribute name= "Current Time Running" value="203240" />
  <attribute name ="GC Interval" value="0" />
  <attribute name="Target GC Util Change" value ="80.000000" />
  <attribute name="Current GC Util Change" value="186.000000"/>
  <attribute name="Current Error" value="-300.000000" />
  <attribute name="Output H" value="142681672"/>
  <attribute name="Output I" value="1480"/>
  <attribute name="Output T" value="16"/>
  <attribute name= "Current Time Running" value="203240" />
  <attribute name="GC Util currently" value="186" />
  <attribute name="CPU Util currently" value="928918337196" />
<exclusive-end id="3219" timestamp="2019-08-08T12:52:51.860" durationms="7.417" />

<exclusive-start id="3220" timestamp="2019-08-08T12:52:51.881" intervalms="28.481">
  <response-info timems="1.823" idlems="1.823" threads="0" lastid="0000000001BAA700" lastname="Thread-29" />
</exclusive-start>
<allocation-taxation id="3221" taxation-threshold="20971520" timestamp="2019-08-08T12:52:51.881" intervalms="28.485" />
<cycle-start id="3222" type="partial gc" contextid="0" timestamp="2019-08-08T12:52:51.881" intervalms="72.696" />
<gc-start id="3223" type="partial gc" contextid="3222" timestamp="2019-08-08T12:52:51.881">
  <mem-info id="3224" free="44040192" total="142606336" percent="30">
    <mem type="eden" free="0" total="41943040" percent="0" />
    <remembered-set count="28160" freebytes="5588480" totalbytes="5701120" percent="98" regionsoverflowed="0" regionsstable="8" regionsrebuilding="0"/>
  </mem-info>
</gc-start>
<allocation-stats totalBytes="41937720" >
  <allocated-bytes non-tlh="0" tlh="41937720" arrayletleaf="0"/>
  <largest-consumer threadName="Thread-33" threadId="0000000001BEDD00" bytes="2432696" />
</allocation-stats>
<gc-op id="3225" type="sweep" timems="3.519" contextid="3222" timestamp="2019-08-08T12:52:51.885" />
<gc-op id="3226" type="copy forward" timems="9.495" contextid="3222" timestamp="2019-08-08T12:52:51.895">
  <memory-copied type="eden" objects="4374" bytes="109776" bytesdiscarded="13753" />
  <memory-copied type="other" objects="24048" bytes="851904" bytesdiscarded="77607" />
  <memory-cardclean objects="24760" bytes="1255056" />
  <regions eden="10" other="13" />
  <remembered-set-cleared processed="18683" cleared="2590" durationms="0.137" />
  <stringconstants candidates="15173" cleared="0"  />
</gc-op>
<gc-op id="3227" type="classunload" timems="0.009" contextid="3222" timestamp="2019-08-08T12:52:51.895">
  <classunload-info classloadercandidates="55" classloadersunloaded="0" classesunloaded="0" anonymousclassesunloaded="0" quiescems="0.000" setupms="0.009" scanms="0.000" postms="0.000" />
</gc-op>
<gc-end id="3228" type="partial gc" contextid="3222" durationms="14.220" usertimems="19.357" systemtimems="19.751" timestamp="2019-08-08T12:52:51.895" activeThreads="16">
  <mem-info id="3229" free="85983232" total="142606336" percent="60">
    <mem type="eden" free="1571312" total="2097152" percent="74" />
    <remembered-set count="30432" freebytes="5579392" totalbytes="5701120" percent="97" regionsoverflowed="0" regionsstable="8" regionsrebuilding="0"/>
  </mem-info>
</gc-end>
<cycle-end id="3230" type="partial gc" contextid="3222" timestamp="2019-08-08T12:52:51.895" />
  <attribute name="elasticGC enabled" value="1" />
  <attribute name= "numThreadsSpecified" value="16" />
  <attribute name="heapSize specified" value="0" />
  <attribute name="Current GC Util" value="130" />
  <attribute name= "Current Time Running" value="203270" />
  <attribute name ="GC Interval" value="0" />
  <attribute name="Target GC Util Change" value ="80.000000" />
  <attribute name="Current GC Util Change" value="130.000000"/>
  <attribute name="Current Error" value="-46.000000" />
  <attribute name="Output H" value="142681968"/>
  <attribute name="Output I" value="1928"/>
  <attribute name="Output T" value="16"/>
  <attribute name= "Current Time Running" value="203270" />
  <attribute name="GC Util currently" value="130" />
  <attribute name="CPU Util currently" value="2019229383991" />
<exclusive-end id="3231" timestamp="2019-08-08T12:52:51.896" durationms="14.992" />

<exclusive-start id="3232" timestamp="2019-08-08T12:52:51.961" intervalms="80.771">
  <response-info timems="0.515" idlems="0.275" threads="1" lastid="0000000001BD3A00" lastname="Thread-28" />
</exclusive-start>
<allocation-taxation id="3233" taxation-threshold="41943040" timestamp="2019-08-08T12:52:51.961" intervalms="80.785" />
<cycle-start id="3234" type="partial gc" contextid="0" timestamp="2019-08-08T12:52:51.962" intervalms="80.647" />
<gc-start id="3235" type="partial gc" contextid="3234" timestamp="2019-08-08T12:52:51.962">
  <mem-info id="3236" free="44040192" total="142606336" percent="30">
    <mem type="eden" free="0" total="41943040" percent="0" />
    <remembered-set count="30144" freebytes="5580544" totalbytes="5701120" percent="97" regionsoverflowed="0" regionsstable="8" regionsrebuilding="0"/>
  </mem-info>
</gc-start>
<allocation-stats totalBytes="41937648" >
  <allocated-bytes non-tlh="0" tlh="41937648" arrayletleaf="0"/>
  <largest-consumer threadName="Thread-35" threadId="0000000001BF5500" bytes="4349480" />
</allocation-stats>
<gc-op id="3237" type="copy forward" timems="13.689" contextid="3234" timestamp="2019-08-08T12:52:51.977">
  <memory-copied type="eden" objects="25806" bytes="1035944" bytesdiscarded="60720" />
  <memory-copied type="other" objects="14504" bytes="485472" bytesdiscarded="33824" />
  <memory-cardclean objects="25923" bytes="1286192" />
  <regions eden="20" other="2" />
  <remembered-set-cleared processed="19655" cleared="5446" durationms="0.156" />
  <stringconstants candidates="15173" cleared="0"  />
</gc-op>
<gc-op id="3238" type="classunload" timems="0.011" contextid="3234" timestamp="2019-08-08T12:52:51.977">
  <classunload-info classloadercandidates="55" classloadersunloaded="0" classesunloaded="0" anonymousclassesunloaded="0" quiescems="0.000" setupms="0.011" scanms="0.000" postms="0.000" />
</gc-op>
<heap-resize id="3239" type="expand" space="default" amount="4194304" count="1" timems="0.056" reason="excessive time being spent in gc" timestamp="2019-08-08T12:52:51.977" />
<gc-end id="3240" type="partial gc" contextid="3234" durationms="14.904" usertimems="23.728" systemtimems="19.130" timestamp="2019-08-08T12:52:51.977" activeThreads="16">
  <mem-info id="3241" free="88080384" total="146800640" percent="60">
    <mem type="eden" free="1000488" total="2097152" percent="47" />
    <remembered-set count="28192" freebytes="5756032" totalbytes="5868800" percent="98" regionsoverflowed="0" regionsstable="8" regionsrebuilding="0"/>
  </mem-info>
</gc-end>
<cycle-end id="3242" type="partial gc" contextid="3234" timestamp="2019-08-08T12:52:51.977" />
  <attribute name="elasticGC enabled" value="1" />
  <attribute name= "numThreadsSpecified" value="16" />
  <attribute name="heapSize specified" value="0" />
  <attribute name="Current GC Util" value="135" />
  <attribute name= "Current Time Running" value="203347" />
  <attribute name ="GC Interval" value="0" />
  <attribute name="Target GC Util Change" value ="80.000000" />
  <attribute name="Current GC Util Change" value="135.000000"/>
  <attribute name="Current Error" value="-63.000000" />
  <attribute name="Output H" value="142681944"/>
  <attribute name="Output I" value="1896"/>
  <attribute name="Output T" value="16"/>
  <attribute name= "Current Time Running" value="203347" />
  <attribute name="GC Util currently" value="135" />
  <attribute name="CPU Util currently" value="1821240013142" />
<exclusive-end id="3243" timestamp="2019-08-08T12:52:51.977" durationms="15.784" />

<exclusive-start id="3244" timestamp="2019-08-08T12:52:52.111" intervalms="149.436">
  <response-info timems="4.463" idlems="4.463" threads="0" lastid="0000000001BEA100" lastname="Thread-22" />
</exclusive-start>
<allocation-taxation id="3245" taxation-threshold="44040192" timestamp="2019-08-08T12:52:52.111" intervalms="149.441" />
<cycle-start id="3246" type="partial gc" contextid="0" timestamp="2019-08-08T12:52:52.111" intervalms="149.433" />
<gc-start id="3247" type="partial gc" contextid="3246" timestamp="2019-08-08T12:52:52.111">
  <mem-info id="3248" free="44040192" total="146800640" percent="30">
    <mem type="eden" free="0" total="44040192" percent="0" />
    <remembered-set count="27872" freebytes="5757312" totalbytes="5868800" percent="98" regionsoverflowed="0" regionsstable="8" regionsrebuilding="0"/>
  </mem-info>
</gc-start>
<allocation-stats totalBytes="44034528" >
  <allocated-bytes non-tlh="0" tlh="44034528" arrayletleaf="0"/>
  <largest-consumer threadName="Thread-22" threadId="0000000001BEA100" bytes="4504984" />
</allocation-stats>
<gc-op id="3249" type="copy forward" timems="14.408" contextid="3246" timestamp="2019-08-08T12:52:52.127">
  <memory-copied type="eden" objects="16150" bytes="530544" bytesdiscarded="70400" />
  <memory-copied type="other" objects="26196" bytes="1040832" bytesdiscarded="88232" />
  <memory-cardclean objects="25557" bytes="1268208" />
  <regions eden="21" other="2" />
  <remembered-set-cleared processed="18963" cleared="3048" durationms="0.323" />
  <stringconstants candidates="15173" cleared="0"  />
</gc-op>
<gc-op id="3250" type="classunload" timems="0.011" contextid="3246" timestamp="2019-08-08T12:52:52.127">
  <classunload-info classloadercandidates="55" classloadersunloaded="0" classesunloaded="0" anonymousclassesunloaded="0" quiescems="0.000" setupms="0.011" scanms="0.000" postms="0.000" />
</gc-op>
<heap-resize id="3251" type="expand" space="default" amount="6291456" count="1" timems="0.080" reason="excessive time being spent in gc" timestamp="2019-08-08T12:52:52.127" />
<gc-end id="3252" type="partial gc" contextid="3246" durationms="15.963" usertimems="19.027" systemtimems="16.160" timestamp="2019-08-08T12:52:52.127" activeThreads="16">
  <mem-info id="3253" free="92274688" total="153092096" percent="60">
    <mem type="eden" free="1496208" total="2097152" percent="71" />
    <remembered-set count="31200" freebytes="5995520" totalbytes="6120320" percent="97" regionsoverflowed="0" regionsstable="8" regionsrebuilding="0"/>
  </mem-info>
</gc-end>
<cycle-end id="3254" type="partial gc" contextid="3246" timestamp="2019-08-08T12:52:52.127" />
  <attribute name="elasticGC enabled" value="1" />
  <attribute name= "numThreadsSpecified" value="16" />
  <attribute name="heapSize specified" value="0" />
  <attribute name="Current GC Util" value="226" />
  <attribute name= "Current Time Running" value="203497" />
  <attribute name ="GC Interval" value="0" />
  <attribute name="Target GC Util Change" value ="80.000000" />
  <attribute name="Current GC Util Change" value="226.000000"/>
  <attribute name="Current Error" value="-146.000000" />
  <attribute name="Output H" value="146876152"/>
  <attribute name="Output I" value="1752"/>
  <attribute name="Output T" value="16"/>
  <attribute name= "Current Time Running" value="203497" />
  <attribute name="GC Util currently" value="226" />
  <attribute name="CPU Util currently" value="1231168322955" />
<exclusive-end id="3255" timestamp="2019-08-08T12:52:52.128" durationms="16.724" />

<exclusive-start id="3256" timestamp="2019-08-08T12:52:52.186" intervalms="74.812">
  <response-info timems="5.207" idlems="5.207" threads="0" lastid="0000000001BAA700" lastname="Thread-29" />
</exclusive-start>
<allocation-taxation id="3257" taxation-threshold="23068672" timestamp="2019-08-08T12:52:52.186" intervalms="74.878" />
<cycle-start id="3258" type="global mark phase" contextid="0" timestamp="2019-08-08T12:52:52.186" intervalms="446.625" />
<gc-start id="3259" type="global mark phase" contextid="3258" timestamp="2019-08-08T12:52:52.186">
  <mem-info id="3260" free="69206016" total="153092096" percent="45">
    <remembered-set count="30944" freebytes="5996544" totalbytes="6120320" percent="97" regionsoverflowed="0" regionsstable="8" regionsrebuilding="0"/>
  </mem-info>
</gc-start>
<gc-op id="3261" type="mark increment" timems="2.638" contextid="3258" timestamp="2019-08-08T12:52:52.189">
  <trace-info objectcount="533" scancount="0" scanbytes="0" />
</gc-op>
<gc-end id="3262" type="global mark phase" contextid="3258" durationms="2.682" usertimems="6.825" systemtimems="1.460" timestamp="2019-08-08T12:52:52.189" activeThreads="16">
  <mem-info id="3263" free="69206016" total="153092096" percent="45">
    <remembered-set count="30944" freebytes="5996544" totalbytes="6120320" percent="97" regionsoverflowed="0" regionsstable="0" regionsrebuilding="8"/>
  </mem-info>
</gc-end>
<concurrent-start id="3264" type="GMP work packet processing" contextid="3258" timestamp="2019-08-08T12:52:52.189">
  <concurrent-mark-start scanTarget="17244597" />
</concurrent-start>
<exclusive-end id="3265" timestamp="2019-08-08T12:52:52.189" durationms="3.233" />

<exclusive-start id="3266" timestamp="2019-08-08T12:52:52.245" intervalms="59.378">
  <response-info timems="1.903" idlems="0.983" threads="1" lastid="0000000001BB5B00" lastname="Thread-31" />
</exclusive-start>
<allocation-taxation id="3267" taxation-threshold="23068672" timestamp="2019-08-08T12:52:52.245" intervalms="59.372" />
<concurrent-end id="3268" type="GMP work packet processing" contextid="3258" timestamp="2019-08-08T12:52:52.246">
  <concurrent-mark-end bytesScanned="17422144" reasonForTermination="Work target met and termination requested" />
</concurrent-end>

<cycle-start id="3269" type="partial gc" contextid="0" timestamp="2019-08-08T12:52:52.246" intervalms="135.208" />
<gc-start id="3270" type="partial gc" contextid="3269" timestamp="2019-08-08T12:52:52.246">
  <mem-info id="3271" free="46137344" total="153092096" percent="30">
    <mem type="eden" free="0" total="46137344" percent="0" />
    <remembered-set count="129120" freebytes="5603840" totalbytes="6120320" percent="91" regionsoverflowed="0" regionsstable="0" regionsrebuilding="8"/>
  </mem-info>
</gc-start>
<allocation-stats totalBytes="46131536" >
  <allocated-bytes non-tlh="0" tlh="46131536" arrayletleaf="0"/>
  <largest-consumer threadName="Thread-29" threadId="0000000001BAA700" bytes="2526984" />
</allocation-stats>
<gc-op id="3272" type="copy forward" timems="12.742" contextid="3269" timestamp="2019-08-08T12:52:52.260">
  <memory-copied type="eden" objects="11232" bytes="274744" bytesdiscarded="44872" />
  <memory-copied type="other" objects="15904" bytes="540488" bytesdiscarded="54248" />
  <memory-cardclean objects="30102" bytes="1459320" />
  <regions eden="22" other="2" />
  <remembered-set-cleared processed="117529" cleared="2430" durationms="0.666" />
  <stringconstants candidates="15173" cleared="0"  />
</gc-op>
<gc-op id="3273" type="classunload" timems="0.011" contextid="3269" timestamp="2019-08-08T12:52:52.260">
  <classunload-info classloadercandidates="55" classloadersunloaded="0" classesunloaded="0" anonymousclassesunloaded="0" quiescems="0.000" setupms="0.011" scanms="0.000" postms="0.000" />
</gc-op>
<gc-end id="3274" type="partial gc" contextid="3269" durationms="13.883" usertimems="34.460" systemtimems="11.543" timestamp="2019-08-08T12:52:52.260" activeThreads="16">
  <mem-info id="3275" free="90177536" total="153092096" percent="58">
    <mem type="eden" free="1777536" total="2097152" percent="84" />
    <remembered-set count="132576" freebytes="5590016" totalbytes="6120320" percent="91" regionsoverflowed="0" regionsstable="0" regionsrebuilding="8"/>
  </mem-info>
</gc-end>
<cycle-end id="3276" type="partial gc" contextid="3269" timestamp="2019-08-08T12:52:52.260" />
  <attribute name="elasticGC enabled" value="1" />
  <attribute name= "numThreadsSpecified" value="16" />
  <attribute name="heapSize specified" value="0" />
  <attribute name="Current GC Util" value="165" />
  <attribute name= "Current Time Running" value="203632" />
  <attribute name ="GC Interval" value="0" />
  <attribute name="Target GC Util Change" value ="80.000000" />
  <attribute name="Current GC Util Change" value="165.000000"/>
  <attribute name="Current Error" value="-792.000000" />
  <attribute name="Output H" value="153166864"/>
  <attribute name="Output I" value="600"/>
  <attribute name="Output T" value="16"/>
  <attribute name= "Current Time Running" value="203632" />
  <attribute name="GC Util currently" value="165" />
  <attribute name="CPU Util currently" value="1895120871126" />
<exclusive-end id="3277" timestamp="2019-08-08T12:52:52.261" durationms="15.618" />

<exclusive-start id="3278" timestamp="2019-08-08T12:52:52.290" intervalms="45.055">
  <response-info timems="0.584" idlems="0.584" threads="0" lastid="0000000001BA6B00" lastname="Thread-24" />
</exclusive-start>
<allocation-taxation id="3279" taxation-threshold="23068672" timestamp="2019-08-08T12:52:52.290" intervalms="44.995" />
<gc-start id="3280" type="global mark phase" contextid="3258" timestamp="2019-08-08T12:52:52.290">
  <mem-info id="3281" free="67108864" total="153092096" percent="43">
    <remembered-set count="132480" freebytes="5590400" totalbytes="6120320" percent="91" regionsoverflowed="0" regionsstable="0" regionsrebuilding="8"/>
  </mem-info>
</gc-start>
<gc-end id="3282" type="global mark phase" contextid="3258" durationms="0.022" usertimems="0.008" systemtimems="0.010" timestamp="2019-08-08T12:52:52.290" activeThreads="16">
  <mem-info id="3283" free="67108864" total="153092096" percent="43">
    <remembered-set count="132480" freebytes="5590400" totalbytes="6120320" percent="91" regionsoverflowed="0" regionsstable="0" regionsrebuilding="8"/>
  </mem-info>
</gc-end>
<concurrent-start id="3284" type="GMP work packet processing" contextid="3258" timestamp="2019-08-08T12:52:52.290">
  <concurrent-mark-start scanTarget="17244597" />
</concurrent-start>
<exclusive-end id="3285" timestamp="2019-08-08T12:52:52.290" durationms="0.380" />

<concurrent-end id="3286" type="GMP work packet processing" contextid="3258" timestamp="2019-08-08T12:52:52.321">
  <concurrent-mark-end bytesScanned="2040740" reasonForTermination="Completed all work in GC phase" />
</concurrent-end>

<exclusive-start id="3287" timestamp="2019-08-08T12:52:52.352" intervalms="61.950">
  <response-info timems="0.709" idlems="0.357" threads="1" lastid="0000000001BB9600" lastname="Thread-30" />
</exclusive-start>
<allocation-taxation id="3288" taxation-threshold="23068672" timestamp="2019-08-08T12:52:52.352" intervalms="61.980" />
<cycle-start id="3289" type="partial gc" contextid="0" timestamp="2019-08-08T12:52:52.352" intervalms="106.008" />
<gc-start id="3290" type="partial gc" contextid="3289" timestamp="2019-08-08T12:52:52.352">
  <mem-info id="3291" free="44040192" total="153092096" percent="28">
    <mem type="eden" free="0" total="46137344" percent="0" />
    <remembered-set count="144320" freebytes="5543040" totalbytes="6120320" percent="90" regionsoverflowed="0" regionsstable="0" regionsrebuilding="8"/>
  </mem-info>
</gc-start>
<allocation-stats totalBytes="46131824" >
  <allocated-bytes non-tlh="0" tlh="46131824" arrayletleaf="0"/>
  <largest-consumer threadName="Thread-24" threadId="0000000001BA6B00" bytes="2694952" />
</allocation-stats>
<gc-op id="3292" type="copy forward" timems="13.694" contextid="3289" timestamp="2019-08-08T12:52:52.367">
  <memory-copied type="eden" objects="27260" bytes="1071096" bytesdiscarded="88320" />
  <memory-copied type="other" objects="10904" bytes="261696" bytesdiscarded="10920" />
  <memory-cardclean objects="29536" bytes="1469544" />
  <regions eden="22" other="2" />
  <remembered-set-cleared processed="131389" cleared="5717" durationms="0.646" />
  <stringconstants candidates="15173" cleared="0"  />
</gc-op>
<gc-op id="3293" type="classunload" timems="0.012" contextid="3289" timestamp="2019-08-08T12:52:52.367">
  <classunload-info classloadercandidates="55" classloadersunloaded="0" classesunloaded="0" anonymousclassesunloaded="0" quiescems="0.000" setupms="0.012" scanms="0.000" postms="0.000" />
</gc-op>
<gc-end id="3294" type="partial gc" contextid="3289" durationms="14.706" usertimems="33.027" systemtimems="18.333" timestamp="2019-08-08T12:52:52.367" activeThreads="16">
  <mem-info id="3295" free="88080384" total="153092096" percent="57">
    <mem type="eden" free="937736" total="2097152" percent="44" />
    <remembered-set count="142208" freebytes="5551488" totalbytes="6120320" percent="90" regionsoverflowed="0" regionsstable="0" regionsrebuilding="8"/>
  </mem-info>
</gc-end>
<cycle-end id="3296" type="partial gc" contextid="3289" timestamp="2019-08-08T12:52:52.367" />
  <attribute name="elasticGC enabled" value="1" />
  <attribute name= "numThreadsSpecified" value="16" />
  <attribute name="heapSize specified" value="0" />
  <attribute name="Current GC Util" value="73" />
  <attribute name= "Current Time Running" value="203738" />
  <attribute name ="GC Interval" value="0" />
  <attribute name="Target GC Util Change" value ="80.000000" />
  <attribute name="Current GC Util Change" value="73.000000"/>
  <attribute name="Current Error" value="-11.000000" />
  <attribute name="Output H" value="153167768"/>
  <attribute name="Output I" value="1992"/>
  <attribute name="Output T" value="16"/>
  <attribute name= "Current Time Running" value="203738" />
  <attribute name="GC Util currently" value="73" />
  <attribute name="CPU Util currently" value="2432970405504" />
<exclusive-end id="3297" timestamp="2019-08-08T12:52:52.367" durationms="15.502" />

<exclusive-start id="3298" timestamp="2019-08-08T12:52:52.441" intervalms="88.696">
  <response-info timems="1.219" idlems="0.278" threads="6" lastid="0000000001BD3A00" lastname="Thread-28" />
</exclusive-start>
<allocation-taxation id="3299" taxation-threshold="23068672" timestamp="2019-08-08T12:52:52.441" intervalms="88.694" />
<gc-start id="3300" type="global mark phase" contextid="3258" timestamp="2019-08-08T12:52:52.441">
  <mem-info id="3301" free="65011712" total="153092096" percent="42">
    <remembered-set count="141984" freebytes="5552384" totalbytes="6120320" percent="90" regionsoverflowed="0" regionsstable="0" regionsrebuilding="8"/>
  </mem-info>
</gc-start>
<gc-op id="3302" type="mark increment" timems="11.094" contextid="3258" timestamp="2019-08-08T12:52:52.452">
  <trace-info objectcount="36427" scancount="36427" scanbytes="1296836" />
  <cardclean-info objects="43220" bytes="2076332" />
  <finalization candidates="151" enqueued="0" />
  <ownableSynchronizers candidates="23" cleared="0" />
  <references type="soft" candidates="4893" cleared="722" enqueued="720" dynamicThreshold="18" maxThreshold="32" />
  <references type="weak" candidates="6240" cleared="0" enqueued="0" />
  <references type="phantom" candidates="835" cleared="0" enqueued="0" />
  <stringconstants candidates="15173" cleared="0"  />
</gc-op>
<gc-op id="3303" type="classunload" timems="0.013" contextid="3258" timestamp="2019-08-08T12:52:52.452">
  <classunload-info classloadercandidates="55" classloadersunloaded="0" classesunloaded="0" anonymousclassesunloaded="0" quiescems="0.000" setupms="0.013" scanms="0.000" postms="0.000" />
</gc-op>
<gc-end id="3304" type="global mark phase" contextid="3258" durationms="11.294" usertimems="9.953" systemtimems="16.238" timestamp="2019-08-08T12:52:52.452" activeThreads="16">
  <mem-info id="3305" free="65011712" total="153092096" percent="42">
    <pending-finalizers system="0" default="0" reference="720" classloader="0" />
    <remembered-set count="144032" freebytes="5544192" totalbytes="6120320" percent="90" regionsoverflowed="0" regionsstable="0" regionsrebuilding="0"/>
  </mem-info>
</gc-end>
<cycle-end id="3306" type="global mark phase" contextid="3258" timestamp="2019-08-08T12:52:52.453" />
  <attribute name="elasticGC enabled" value="1" />
  <attribute name= "numThreadsSpecified" value="16" />
  <attribute name="heapSize specified" value="0" />
  <attribute name="Current GC Util" value="187" />
  <attribute name= "Current Time Running" value="203831" />
  <attribute name ="GC Interval" value="0" />
  <attribute name="Target GC Util Change" value ="80.000000" />
  <attribute name="Current GC Util Change" value="187.000000"/>
  <attribute name="Current Error" value="-196.000000" />
  <attribute name="Output H" value="153167552"/>
  <attribute name="Output I" value="1664"/>
  <attribute name="Output T" value="16"/>
  <attribute name= "Current Time Running" value="203831" />
  <attribute name="GC Util currently" value="187" />
  <attribute name="CPU Util currently" value="433598794708" />
<exclusive-end id="3307" timestamp="2019-08-08T12:52:52.453" durationms="12.195" />

<exclusive-start id="3308" timestamp="2019-08-08T12:52:52.514" intervalms="73.289">
  <response-info timems="1.584" idlems="1.584" threads="0" lastid="0000000001B9F300" lastname="Thread-23" />
</exclusive-start>
<allocation-taxation id="3309" taxation-threshold="23068672" timestamp="2019-08-08T12:52:52.514" intervalms="73.256" />
<cycle-start id="3310" type="partial gc" contextid="0" timestamp="2019-08-08T12:52:52.514" intervalms="162.035" />
<gc-start id="3311" type="partial gc" contextid="3310" timestamp="2019-08-08T12:52:52.515">
  <mem-info id="3312" free="41943040" total="153092096" percent="27">
    <mem type="eden" free="0" total="46137344" percent="0" />
    <remembered-set count="32320" freebytes="5991040" totalbytes="6120320" percent="97" regionsoverflowed="0" regionsstable="8" regionsrebuilding="0"/>
  </mem-info>
</gc-start>
<allocation-stats totalBytes="46129608" >
  <allocated-bytes non-tlh="0" tlh="46129608" arrayletleaf="0"/>
  <largest-consumer threadName="Thread-24" threadId="0000000001BA6B00" bytes="2359048" />
</allocation-stats>
<gc-op id="3313" type="sweep" timems="2.345" contextid="3310" timestamp="2019-08-08T12:52:52.517" />
<gc-op id="3314" type="copy forward" timems="14.148" contextid="3310" timestamp="2019-08-08T12:52:52.532">
  <memory-copied type="eden" objects="11444" bytes="419696" bytesdiscarded="35431" />
  <memory-copied type="other" objects="33035" bytes="1876248" bytesdiscarded="340041" />
  <memory-cardclean objects="37989" bytes="1872440" />
  <regions eden="11" other="14" />
  <remembered-set-cleared processed="17415" cleared="8885" durationms="0.249" />
  <stringconstants candidates="15173" cleared="0"  />
</gc-op>
<gc-op id="3315" type="classunload" timems="0.012" contextid="3310" timestamp="2019-08-08T12:52:52.532">
  <classunload-info classloadercandidates="55" classloadersunloaded="0" classesunloaded="0" anonymousclassesunloaded="0" quiescems="0.000" setupms="0.012" scanms="0.000" postms="0.000" />
</gc-op>
<gc-end id="3316" type="partial gc" contextid="3310" durationms="17.990" usertimems="28.527" systemtimems="27.834" timestamp="2019-08-08T12:52:52.532" activeThreads="16">
  <mem-info id="3317" free="90177536" total="153092096" percent="58">
    <mem type="eden" free="5711832" total="6291456" percent="90" />
    <remembered-set count="29120" freebytes="6003840" totalbytes="6120320" percent="98" regionsoverflowed="0" regionsstable="8" regionsrebuilding="0"/>
  </mem-info>
</gc-end>
<cycle-end id="3318" type="partial gc" contextid="3310" timestamp="2019-08-08T12:52:52.533" />
  <attribute name="elasticGC enabled" value="1" />
  <attribute name= "numThreadsSpecified" value="16" />
  <attribute name="heapSize specified" value="0" />
  <attribute name="Current GC Util" value="0" />
  <attribute name= "Current Time Running" value="203903" />
  <attribute name ="GC Interval" value="0" />
  <attribute name="Target GC Util Change" value ="80.000000" />
  <attribute name="Current GC Util Change" value="0.000000"/>
  <attribute name="Current Error" value="55.000000" />
  <attribute name="Output H" value="153167840"/>
  <attribute name="Output I" value="2112"/>
  <attribute name="Output T" value="16"/>
  <attribute name= "Current Time Running" value="203903" />
  <attribute name="GC Util currently" value="0" />
  <attribute name="CPU Util currently" value="1722166249595" />
<exclusive-end id="3319" timestamp="2019-08-08T12:52:52.533" durationms="18.719" />

<exclusive-start id="3320" timestamp="2019-08-08T12:52:52.674" intervalms="160.020">
  <response-info timems="4.054" idlems="2.543" threads="2" lastid="0000000001BDED00" lastname="Thread-25" />
</exclusive-start>
<allocation-taxation id="3321" taxation-threshold="46137344" timestamp="2019-08-08T12:52:52.674" intervalms="160.010" />
<cycle-start id="3322" type="partial gc" contextid="0" timestamp="2019-08-08T12:52:52.674" intervalms="159.974" />
<gc-start id="3323" type="partial gc" contextid="3322" timestamp="2019-08-08T12:52:52.674">
  <mem-info id="3324" free="44040192" total="153092096" percent="28">
    <mem type="eden" free="0" total="46137344" percent="0" />
    <remembered-set count="28000" freebytes="6008320" totalbytes="6120320" percent="98" regionsoverflowed="0" regionsstable="9" regionsrebuilding="0"/>
  </mem-info>
</gc-start>
<allocation-stats totalBytes="46131432" >
  <allocated-bytes non-tlh="0" tlh="46131432" arrayletleaf="0"/>
  <largest-consumer threadName="Thread-25" threadId="0000000001BDED00" bytes="5291376" />
</allocation-stats>
<gc-op id="3325" type="copy forward" timems="14.307" contextid="3322" timestamp="2019-08-08T12:52:52.690">
  <memory-copied type="eden" objects="18544" bytes="587216" bytesdiscarded="55864" />
  <memory-copied type="other" objects="17463" bytes="1238464" bytesdiscarded="113904" />
  <memory-cardclean objects="47973" bytes="2411832" />
  <regions eden="22" other="5" />
  <remembered-set-cleared processed="14194" cleared="6499" durationms="0.213" />
  <stringconstants candidates="15173" cleared="0"  />
</gc-op>
<gc-op id="3326" type="classunload" timems="0.015" contextid="3322" timestamp="2019-08-08T12:52:52.690">
  <classunload-info classloadercandidates="55" classloadersunloaded="0" classesunloaded="0" anonymousclassesunloaded="0" quiescems="0.000" setupms="0.015" scanms="0.000" postms="0.000" />
</gc-op>
<gc-end id="3327" type="partial gc" contextid="3322" durationms="16.062" usertimems="21.221" systemtimems="22.107" timestamp="2019-08-08T12:52:52.691" activeThreads="16">
  <mem-info id="3328" free="92274688" total="153092096" percent="60">
    <mem type="eden" free="1454072" total="2097152" percent="69" />
    <remembered-set count="29600" freebytes="6001920" totalbytes="6120320" percent="98" regionsoverflowed="0" regionsstable="9" regionsrebuilding="0"/>
  </mem-info>
</gc-end>
<cycle-end id="3329" type="partial gc" contextid="3322" timestamp="2019-08-08T12:52:52.691" />
  <attribute name="elasticGC enabled" value="1" />
  <attribute name= "numThreadsSpecified" value="16" />
  <attribute name="heapSize specified" value="0" />
  <attribute name="Current GC Util" value="183" />
  <attribute name= "Current Time Running" value="204060" />
  <attribute name ="GC Interval" value="0" />
  <attribute name="Target GC Util Change" value ="80.000000" />
  <attribute name="Current GC Util Change" value="183.000000"/>
  <attribute name="Current Error" value="0.000000" />
  <attribute name="Output H" value="153167776"/>
  <attribute name="Output I" value="2008"/>
  <attribute name="Output T" value="16"/>
  <attribute name= "Current Time Running" value="204060" />
  <attribute name="GC Util currently" value="183" />
  <attribute name="CPU Util currently" value="1964693461692" />
<exclusive-end id="3330" timestamp="2019-08-08T12:52:52.691" durationms="16.832" />

<exclusive-start id="3331" timestamp="2019-08-08T12:52:52.826" intervalms="151.580">
  <response-info timems="3.548" idlems="0.917" threads="3" lastid="0000000001BCC200" lastname="Thread-36" />
</exclusive-start>
<allocation-taxation id="3332" taxation-threshold="46137344" timestamp="2019-08-08T12:52:52.826" intervalms="151.621" />
<cycle-start id="3333" type="partial gc" contextid="0" timestamp="2019-08-08T12:52:52.826" intervalms="151.517" />
<gc-start id="3334" type="partial gc" contextid="3333" timestamp="2019-08-08T12:52:52.826">
  <mem-info id="3335" free="46137344" total="153092096" percent="30">
    <mem type="eden" free="0" total="46137344" percent="0" />
    <remembered-set count="29344" freebytes="6002944" totalbytes="6120320" percent="98" regionsoverflowed="0" regionsstable="9" regionsrebuilding="0"/>
  </mem-info>
</gc-start>
<allocation-stats totalBytes="46130544" >
  <allocated-bytes non-tlh="0" tlh="46130544" arrayletleaf="0"/>
  <largest-consumer threadName="Thread-29" threadId="0000000001BAA700" bytes="4947176" />
</allocation-stats>
<gc-op id="3336" type="copy forward" timems="15.294" contextid="3333" timestamp="2019-08-08T12:52:52.843">
  <memory-copied type="eden" objects="42137" bytes="1703584" bytesdiscarded="206096" />
  <memory-copied type="other" objects="22294" bytes="780720" bytesdiscarded="62384" />
  <memory-cardclean objects="27584" bytes="1406528" />
  <regions eden="22" other="2" />
  <remembered-set-cleared processed="18987" cleared="4925" durationms="0.166" />
  <stringconstants candidates="15173" cleared="0"  />
</gc-op>
<gc-op id="3337" type="classunload" timems="0.011" contextid="3333" timestamp="2019-08-08T12:52:52.843">
  <classunload-info classloadercandidates="55" classloadersunloaded="0" classesunloaded="0" anonymousclassesunloaded="0" quiescems="0.000" setupms="0.011" scanms="0.000" postms="0.000" />
</gc-op>
<gc-end id="3338" type="partial gc" contextid="3333" durationms="16.623" usertimems="36.983" systemtimems="22.528" timestamp="2019-08-08T12:52:52.843" activeThreads="16">
  <mem-info id="3339" free="90177536" total="153092096" percent="58">
    <mem type="eden" free="187472" total="2097152" percent="8" />
    <remembered-set count="31040" freebytes="5996160" totalbytes="6120320" percent="97" regionsoverflowed="0" regionsstable="9" regionsrebuilding="0"/>
  </mem-info>
</gc-end>
<cycle-end id="3340" type="partial gc" contextid="3333" timestamp="2019-08-08T12:52:52.843" />
  <attribute name="elasticGC enabled" value="1" />
  <attribute name= "numThreadsSpecified" value="16" />
  <attribute name="heapSize specified" value="0" />
  <attribute name="Current GC Util" value="249" />
  <attribute name= "Current Time Running" value="204212" />
  <attribute name ="GC Interval" value="0" />
  <attribute name="Target GC Util Change" value ="80.000000" />
  <attribute name="Current GC Util Change" value="249.000000"/>
  <attribute name="Current Error" value="-169.000000" />
  <attribute name="Output H" value="153167584"/>
  <attribute name="Output I" value="1712"/>
  <attribute name="Output T" value="16"/>
  <attribute name= "Current Time Running" value="204212" />
  <attribute name="GC Util currently" value="249" />
  <attribute name="CPU Util currently" value="1459227957384" />
<exclusive-end id="3341" timestamp="2019-08-08T12:52:52.843" durationms="17.519" />

<exclusive-start id="3342" timestamp="2019-08-08T12:52:52.934" intervalms="108.579">
  <response-info timems="1.395" idlems="1.395" threads="0" lastid="0000000001B9F300" lastname="Thread-23" />
</exclusive-start>
<allocation-taxation id="3343" taxation-threshold="46137344" timestamp="2019-08-08T12:52:52.934" intervalms="108.540" />
<cycle-start id="3344" type="partial gc" contextid="0" timestamp="2019-08-08T12:52:52.934" intervalms="108.792" />
<gc-start id="3345" type="partial gc" contextid="3344" timestamp="2019-08-08T12:52:52.935">
  <mem-info id="3346" free="44040192" total="153092096" percent="28">
    <mem type="eden" free="0" total="46137344" percent="0" />
    <remembered-set count="30688" freebytes="5997568" totalbytes="6120320" percent="97" regionsoverflowed="0" regionsstable="9" regionsrebuilding="0"/>
  </mem-info>
</gc-start>
<allocation-stats totalBytes="46129376" >
  <allocated-bytes non-tlh="0" tlh="46129376" arrayletleaf="0"/>
  <largest-consumer threadName="Thread-33" threadId="0000000001BEDD00" bytes="4603008" />
</allocation-stats>
<gc-op id="3347" type="copy forward" timems="13.257" contextid="3344" timestamp="2019-08-08T12:52:52.950">
  <memory-copied type="eden" objects="32139" bytes="1189256" bytesdiscarded="108056" />
  <memory-copied type="other" objects="51358" bytes="1919472" bytesdiscarded="226776" />
  <memory-cardclean objects="41409" bytes="2088728" />
  <regions eden="22" other="2" />
  <remembered-set-cleared processed="18336" cleared="5940" durationms="0.184" />
  <stringconstants candidates="15173" cleared="0"  />
</gc-op>
<gc-op id="3348" type="classunload" timems="0.014" contextid="3344" timestamp="2019-08-08T12:52:52.950">
  <classunload-info classloadercandidates="55" classloadersunloaded="0" classesunloaded="0" anonymousclassesunloaded="0" quiescems="0.000" setupms="0.014" scanms="0.000" postms="0.000" />
</gc-op>
<gc-end id="3349" type="partial gc" contextid="3344" durationms="15.251" usertimems="39.346" systemtimems="26.117" timestamp="2019-08-08T12:52:52.950" activeThreads="16">
  <mem-info id="3350" free="88080384" total="153092096" percent="57">
    <mem type="eden" free="799840" total="2097152" percent="38" />
    <remembered-set count="32608" freebytes="5989888" totalbytes="6120320" percent="97" regionsoverflowed="0" regionsstable="9" regionsrebuilding="0"/>
  </mem-info>
</gc-end>
<cycle-end id="3351" type="partial gc" contextid="3344" timestamp="2019-08-08T12:52:52.950" />
  <attribute name="elasticGC enabled" value="1" />
  <attribute name= "numThreadsSpecified" value="16" />
  <attribute name="heapSize specified" value="0" />
  <attribute name="Current GC Util" value="151" />
  <attribute name= "Current Time Running" value="204321" />
  <attribute name ="GC Interval" value="0" />
  <attribute name="Target GC Util Change" value ="80.000000" />
  <attribute name="Current GC Util Change" value="151.000000"/>
  <attribute name="Current Error" value="-200.000000" />
  <attribute name="Output H" value="153167552"/>
  <attribute name="Output I" value="1656"/>
  <attribute name="Output T" value="16"/>
  <attribute name= "Current Time Running" value="204321" />
  <attribute name="GC Util currently" value="151" />
  <attribute name="CPU Util currently" value="781637928963" />
<exclusive-end id="3352" timestamp="2019-08-08T12:52:52.951" durationms="16.470" />

<exclusive-start id="3353" timestamp="2019-08-08T12:52:53.143" intervalms="208.545">
  <response-info timems="7.631" idlems="7.631" threads="0" lastid="0000000001BC4A00" lastname="Thread-34" />
</exclusive-start>
<allocation-taxation id="3354" taxation-threshold="46137344" timestamp="2019-08-08T12:52:53.143" intervalms="208.544" />
<cycle-start id="3355" type="partial gc" contextid="0" timestamp="2019-08-08T12:52:53.143" intervalms="208.560" />
<gc-start id="3356" type="partial gc" contextid="3355" timestamp="2019-08-08T12:52:53.143">
  <mem-info id="3357" free="41943040" total="153092096" percent="27">
    <mem type="eden" free="0" total="46137344" percent="0" />
    <remembered-set count="32480" freebytes="5990400" totalbytes="6120320" percent="97" regionsoverflowed="0" regionsstable="9" regionsrebuilding="0"/>
  </mem-info>
</gc-start>
<allocation-stats totalBytes="46129224" >
  <allocated-bytes non-tlh="0" tlh="46129224" arrayletleaf="0"/>
  <largest-consumer threadName="Thread-26" threadId="0000000001BAE300" bytes="4250944" />
</allocation-stats>
<gc-op id="3358" type="copy forward" timems="14.176" contextid="3355" timestamp="2019-08-08T12:52:53.159">
  <memory-copied type="eden" objects="37579" bytes="1457240" bytesdiscarded="125512" />
  <memory-copied type="other" objects="30097" bytes="1134456" bytesdiscarded="100704" />
  <memory-cardclean objects="29982" bytes="1522088" />
  <regions eden="22" other="2" />
  <remembered-set-cleared processed="22429" cleared="4558" durationms="0.141" />
  <stringconstants candidates="15173" cleared="0"  />
</gc-op>
<gc-op id="3359" type="classunload" timems="0.010" contextid="3355" timestamp="2019-08-08T12:52:53.159">
  <classunload-info classloadercandidates="55" classloadersunloaded="0" classesunloaded="0" anonymousclassesunloaded="0" quiescems="0.000" setupms="0.010" scanms="0.000" postms="0.000" />
</gc-op>
<gc-end id="3360" type="partial gc" contextid="3355" durationms="15.572" usertimems="20.183" systemtimems="27.617" timestamp="2019-08-08T12:52:53.159" activeThreads="16">
  <mem-info id="3361" free="85983232" total="153092096" percent="56">
    <mem type="eden" free="514400" total="2097152" percent="24" />
    <remembered-set count="33760" freebytes="5985280" totalbytes="6120320" percent="97" regionsoverflowed="0" regionsstable="9" regionsrebuilding="0"/>
  </mem-info>
</gc-end>
<cycle-end id="3362" type="partial gc" contextid="3355" timestamp="2019-08-08T12:52:53.159" />
  <attribute name="elasticGC enabled" value="1" />
  <attribute name= "numThreadsSpecified" value="16" />
  <attribute name="heapSize specified" value="0" />
  <attribute name="Current GC Util" value="206" />
  <attribute name= "Current Time Running" value="204529" />
  <attribute name ="GC Interval" value="0" />
  <attribute name="Target GC Util Change" value ="80.000000" />
  <attribute name="Current GC Util Change" value="206.000000"/>
  <attribute name="Current Error" value="-272.000000" />
  <attribute name="Output H" value="153167464"/>
  <attribute name="Output I" value="1528"/>
  <attribute name="Output T" value="16"/>
  <attribute name= "Current Time Running" value="204529" />
  <attribute name="GC Util currently" value="206" />
  <attribute name="CPU Util currently" value="1193757471925" />
<exclusive-end id="3363" timestamp="2019-08-08T12:52:53.159" durationms="16.328" />

<exclusive-start id="3364" timestamp="2019-08-08T12:52:53.358" intervalms="214.829">
  <response-info timems="0.760" idlems="0.760" threads="0" lastid="0000000001BEDD00" lastname="Thread-33" />
</exclusive-start>
<allocation-taxation id="3365" taxation-threshold="46137344" timestamp="2019-08-08T12:52:53.358" intervalms="214.838" />
<cycle-start id="3366" type="partial gc" contextid="0" timestamp="2019-08-08T12:52:53.358" intervalms="214.771" />
<gc-start id="3367" type="partial gc" contextid="3366" timestamp="2019-08-08T12:52:53.358">
  <mem-info id="3368" free="39845888" total="153092096" percent="26">
    <mem type="eden" free="0" total="46137344" percent="0" />
    <remembered-set count="33440" freebytes="5986560" totalbytes="6120320" percent="97" regionsoverflowed="0" regionsstable="9" regionsrebuilding="0"/>
  </mem-info>
</gc-start>
<allocation-stats totalBytes="46129296" >
  <allocated-bytes non-tlh="0" tlh="46129296" arrayletleaf="0"/>
  <largest-consumer threadName="Thread-33" threadId="0000000001BEDD00" bytes="4693152" />
</allocation-stats>
<gc-op id="3369" type="copy forward" timems="13.075" contextid="3366" timestamp="2019-08-08T12:52:53.372">
  <memory-copied type="eden" objects="16794" bytes="545904" bytesdiscarded="69896" />
  <memory-copied type="other" objects="36650" bytes="2477656" bytesdiscarded="93408" />
  <memory-cardclean objects="31259" bytes="1580728" />
  <regions eden="22" other="3" />
  <remembered-set-cleared processed="22629" cleared="4699" durationms="0.138" />
  <stringconstants candidates="15173" cleared="0"  />
</gc-op>
<gc-op id="3370" type="classunload" timems="0.014" contextid="3366" timestamp="2019-08-08T12:52:53.372">
  <classunload-info classloadercandidates="55" classloadersunloaded="0" classesunloaded="0" anonymousclassesunloaded="0" quiescems="0.000" setupms="0.013" scanms="0.000" postms="0.000" />
</gc-op>
<gc-end id="3371" type="partial gc" contextid="3366" durationms="14.475" usertimems="28.734" systemtimems="30.539" timestamp="2019-08-08T12:52:53.373" activeThreads="16">
  <mem-info id="3372" free="85983232" total="153092096" percent="56">
    <mem type="eden" free="1481352" total="2097152" percent="70" />
    <remembered-set count="32896" freebytes="5988736" totalbytes="6120320" percent="97" regionsoverflowed="0" regionsstable="9" regionsrebuilding="0"/>
  </mem-info>
</gc-end>
<cycle-end id="3373" type="partial gc" contextid="3366" timestamp="2019-08-08T12:52:53.373" />
  <attribute name="elasticGC enabled" value="1" />
  <attribute name= "numThreadsSpecified" value="16" />
  <attribute name="heapSize specified" value="0" />
  <attribute name="Current GC Util" value="155" />
  <attribute name= "Current Time Running" value="204744" />
  <attribute name ="GC Interval" value="0" />
  <attribute name="Target GC Util Change" value ="80.000000" />
  <attribute name="Current GC Util Change" value="155.000000"/>
  <attribute name="Current Error" value="-75.000000" />
  <attribute name="Output H" value="153167696"/>
  <attribute name="Output I" value="1880"/>
  <attribute name="Output T" value="16"/>
  <attribute name= "Current Time Running" value="204744" />
  <attribute name="GC Util currently" value="155" />
  <attribute name="CPU Util currently" value="1592835503871" />
<exclusive-end id="3374" timestamp="2019-08-08T12:52:53.373" durationms="15.327" />

<exclusive-start id="3375" timestamp="2019-08-08T12:52:53.534" intervalms="176.901">
  <response-info timems="0.700" idlems="0.700" threads="0" lastid="0000000001BB9600" lastname="Thread-30" />
</exclusive-start>
<allocation-taxation id="3376" taxation-threshold="46137344" timestamp="2019-08-08T12:52:53.534" intervalms="176.894" />
<cycle-start id="3377" type="partial gc" contextid="0" timestamp="2019-08-08T12:52:53.535" intervalms="176.724" />
<gc-start id="3378" type="partial gc" contextid="3377" timestamp="2019-08-08T12:52:53.535">
  <mem-info id="3379" free="39845888" total="153092096" percent="26">
    <mem type="eden" free="0" total="46137344" percent="0" />
    <remembered-set count="32704" freebytes="5989504" totalbytes="6120320" percent="97" regionsoverflowed="0" regionsstable="9" regionsrebuilding="0"/>
  </mem-info>
</gc-start>
<allocation-stats totalBytes="46129168" >
  <allocated-bytes non-tlh="0" tlh="46129168" arrayletleaf="0"/>
  <largest-consumer threadName="Thread-24" threadId="0000000001BA6B00" bytes="4529408" />
</allocation-stats>
<gc-op id="3380" type="copy forward" timems="12.782" contextid="3377" timestamp="2019-08-08T12:52:53.548">
  <memory-copied type="eden" objects="20404" bytes="769744" bytesdiscarded="35608" />
  <memory-copied type="other" objects="15894" bytes="518832" bytesdiscarded="30552" />
  <memory-cardclean objects="27219" bytes="1378016" />
  <regions eden="22" other="2" />
  <remembered-set-cleared processed="23204" cleared="3658" durationms="0.503" />
  <stringconstants candidates="15173" cleared="0"  />
</gc-op>
<gc-op id="3381" type="classunload" timems="0.011" contextid="3377" timestamp="2019-08-08T12:52:53.548">
  <classunload-info classloadercandidates="55" classloadersunloaded="0" classesunloaded="0" anonymousclassesunloaded="0" quiescems="0.000" setupms="0.010" scanms="0.000" postms="0.000" />
</gc-op>
<gc-end id="3382" type="partial gc" contextid="3377" durationms="13.688" usertimems="23.994" systemtimems="15.723" timestamp="2019-08-08T12:52:53.549" activeThreads="16">
  <mem-info id="3383" free="77594624" total="153092096" percent="50">
    <mem type="eden" free="7583256" total="8388608" percent="90" />
    <remembered-set count="35168" freebytes="5979648" totalbytes="6120320" percent="97" regionsoverflowed="0" regionsstable="9" regionsrebuilding="0"/>
  </mem-info>
</gc-end>
<cycle-end id="3384" type="partial gc" contextid="3377" timestamp="2019-08-08T12:52:53.549" />
  <attribute name="elasticGC enabled" value="1" />
  <attribute name= "numThreadsSpecified" value="16" />
  <attribute name="heapSize specified" value="0" />
  <attribute name="Current GC Util" value="0" />
  <attribute name= "Current Time Running" value="204920" />
  <attribute name ="GC Interval" value="0" />
  <attribute name="Target GC Util Change" value ="80.000000" />
  <attribute name="Current GC Util Change" value="0.000000"/>
  <attribute name="Current Error" value="60.000000" />
  <attribute name="Output H" value="153167848"/>
  <attribute name="Output I" value="2120"/>
  <attribute name="Output T" value="16"/>
  <attribute name= "Current Time Running" value="204920" />
  <attribute name="GC Util currently" value="0" />
  <attribute name="CPU Util currently" value="2688546699764" />
<exclusive-end id="3385" timestamp="2019-08-08T12:52:53.549" durationms="14.313" />

<exclusive-start id="3386" timestamp="2019-08-08T12:52:53.658" intervalms="123.305">
  <response-info timems="1.503" idlems="1.503" threads="0" lastid="0000000001BA6B00" lastname="Thread-24" />
</exclusive-start>
<allocation-taxation id="3387" taxation-threshold="46137344" timestamp="2019-08-08T12:52:53.658" intervalms="123.716" />
<cycle-start id="3388" type="partial gc" contextid="0" timestamp="2019-08-08T12:52:53.659" intervalms="124.729" />
<gc-start id="3389" type="partial gc" contextid="3388" timestamp="2019-08-08T12:52:53.660">
  <mem-info id="3390" free="31457280" total="153092096" percent="20">
    <mem type="eden" free="0" total="46137344" percent="0" />
    <remembered-set count="35040" freebytes="5980160" totalbytes="6120320" percent="97" regionsoverflowed="0" regionsstable="9" regionsrebuilding="0"/>
  </mem-info>
</gc-start>
<allocation-stats totalBytes="46129192" >
  <allocated-bytes non-tlh="0" tlh="46129192" arrayletleaf="0"/>
  <largest-consumer threadName="Thread-34" threadId="0000000001BC4A00" bytes="4484352" />
</allocation-stats>
<gc-op id="3391" type="copy forward" timems="12.576" contextid="3388" timestamp="2019-08-08T12:52:53.674">
  <memory-copied type="eden" objects="18029" bytes="712632" bytesdiscarded="84024" />
  <memory-copied type="other" objects="35118" bytes="2106632" bytesdiscarded="282608" />
  <memory-cardclean objects="25875" bytes="1321672" />
  <regions eden="22" other="7" />
  <remembered-set-cleared processed="23763" cleared="4858" durationms="0.394" />
  <references type="soft" candidates="15" cleared="0" enqueued="0" dynamicThreshold="16" maxThreshold="32" />
  <references type="weak" candidates="13" cleared="0" enqueued="0" />
  <references type="phantom" candidates="2" cleared="0" enqueued="0" />
  <stringconstants candidates="15173" cleared="0"  />
</gc-op>
<gc-op id="3392" type="classunload" timems="0.032" contextid="3388" timestamp="2019-08-08T12:52:53.674">
  <classunload-info classloadercandidates="55" classloadersunloaded="0" classesunloaded="0" anonymousclassesunloaded="0" quiescems="0.000" setupms="0.032" scanms="0.000" postms="0.000" />
</gc-op>
<gc-end id="3393" type="partial gc" contextid="3388" durationms="14.435" usertimems="37.793" systemtimems="16.794" timestamp="2019-08-08T12:52:53.674" activeThreads="16">
  <mem-info id="3394" free="83886080" total="153092096" percent="54">
    <mem type="eden" free="1300496" total="2097152" percent="62" />
    <remembered-set count="34880" freebytes="5980800" totalbytes="6120320" percent="97" regionsoverflowed="0" regionsstable="9" regionsrebuilding="0"/>
  </mem-info>
</gc-end>
<cycle-end id="3395" type="partial gc" contextid="3388" timestamp="2019-08-08T12:52:53.674" />
  <attribute name="elasticGC enabled" value="1" />
  <attribute name= "numThreadsSpecified" value="16" />
  <attribute name="heapSize specified" value="0" />
  <attribute name="Current GC Util" value="73" />
  <attribute name= "Current Time Running" value="205046" />
  <attribute name ="GC Interval" value="0" />
  <attribute name="Target GC Util Change" value ="80.000000" />
  <attribute name="Current GC Util Change" value="73.000000"/>
  <attribute name="Current Error" value="115.000000" />
  <attribute name="Output H" value="153167912"/>
  <attribute name="Output I" value="2216"/>
  <attribute name="Output T" value="16"/>
  <attribute name= "Current Time Running" value="205046" />
  <attribute name="GC Util currently" value="73" />
  <attribute name="CPU Util currently" value="1161068633970" />
<exclusive-end id="3396" timestamp="2019-08-08T12:52:53.674" durationms="16.557" />

<exclusive-start id="3397" timestamp="2019-08-08T12:52:53.808" intervalms="150.502">
  <response-info timems="2.422" idlems="2.422" threads="0" lastid="0000000001BD3A00" lastname="Thread-28" />
</exclusive-start>
<allocation-taxation id="3398" taxation-threshold="46137344" timestamp="2019-08-08T12:52:53.808" intervalms="150.086" />
<cycle-start id="3399" type="partial gc" contextid="0" timestamp="2019-08-08T12:52:53.808" intervalms="149.124" />
<gc-start id="3400" type="partial gc" contextid="3399" timestamp="2019-08-08T12:52:53.809">
  <mem-info id="3401" free="37748736" total="153092096" percent="24">
    <mem type="eden" free="0" total="46137344" percent="0" />
    <remembered-set count="28800" freebytes="6005120" totalbytes="6120320" percent="98" regionsoverflowed="0" regionsstable="10" regionsrebuilding="0"/>
  </mem-info>
</gc-start>
<allocation-stats totalBytes="46129408" >
  <allocated-bytes non-tlh="0" tlh="46129408" arrayletleaf="0"/>
  <largest-consumer threadName="Thread-24" threadId="0000000001BA6B00" bytes="5254328" />
</allocation-stats>
<gc-op id="3402" type="copy forward" timems="11.578" contextid="3399" timestamp="2019-08-08T12:52:53.821">
  <memory-copied type="eden" objects="11480" bytes="417824" bytesdiscarded="59088" />
  <memory-copied type="other" objects="19033" bytes="731544" bytesdiscarded="96256" />
  <memory-cardclean objects="21612" bytes="1110464" />
  <regions eden="22" other="2" />
  <remembered-set-cleared processed="18823" cleared="3046" durationms="0.159" />
  <stringconstants candidates="15173" cleared="0"  />
</gc-op>
<gc-op id="3403" type="classunload" timems="0.011" contextid="3399" timestamp="2019-08-08T12:52:53.821">
  <classunload-info classloadercandidates="55" classloadersunloaded="0" classesunloaded="0" anonymousclassesunloaded="0" quiescems="0.000" setupms="0.011" scanms="0.000" postms="0.000" />
</gc-op>
<gc-end id="3404" type="partial gc" contextid="3399" durationms="12.886" usertimems="27.651" systemtimems="19.237" timestamp="2019-08-08T12:52:53.822" activeThreads="16">
  <mem-info id="3405" free="81788928" total="153092096" percent="53">
    <mem type="eden" free="1620240" total="2097152" percent="77" />
    <remembered-set count="30688" freebytes="5997568" totalbytes="6120320" percent="97" regionsoverflowed="0" regionsstable="10" regionsrebuilding="0"/>
  </mem-info>
</gc-end>
<cycle-end id="3406" type="partial gc" contextid="3399" timestamp="2019-08-08T12:52:53.822" />
  <attribute name="elasticGC enabled" value="1" />
  <attribute name= "numThreadsSpecified" value="16" />
  <attribute name="heapSize specified" value="0" />
  <attribute name="Current GC Util" value="207" />
  <attribute name= "Current Time Running" value="205194" />
  <attribute name ="GC Interval" value="0" />
  <attribute name="Target GC Util Change" value ="80.000000" />
  <attribute name="Current GC Util Change" value="207.000000"/>
  <attribute name="Current Error" value="-127.000000" />
  <attribute name="Output H" value="153167632"/>
  <attribute name="Output I" value="1784"/>
  <attribute name="Output T" value="16"/>
  <attribute name= "Current Time Running" value="205194" />
  <attribute name="GC Util currently" value="207" />
  <attribute name="CPU Util currently" value="1600706156812" />
<exclusive-end id="3407" timestamp="2019-08-08T12:52:53.822" durationms="13.650" />

<exclusive-start id="3408" timestamp="2019-08-08T12:52:53.991" intervalms="183.153">
  <response-info timems="8.268" idlems="8.268" threads="0" lastid="0000000001BEA100" lastname="Thread-22" />
</exclusive-start>
<allocation-taxation id="3409" taxation-threshold="46137344" timestamp="2019-08-08T12:52:53.991" intervalms="183.171" />
<cycle-start id="3410" type="partial gc" contextid="0" timestamp="2019-08-08T12:52:53.992" intervalms="183.125" />
<gc-start id="3411" type="partial gc" contextid="3410" timestamp="2019-08-08T12:52:53.992">
  <mem-info id="3412" free="35651584" total="153092096" percent="23">
    <mem type="eden" free="0" total="46137344" percent="0" />
    <remembered-set count="30432" freebytes="5998592" totalbytes="6120320" percent="98" regionsoverflowed="0" regionsstable="10" regionsrebuilding="0"/>
  </mem-info>
</gc-start>
<allocation-stats totalBytes="46129200" >
  <allocated-bytes non-tlh="0" tlh="46129200" arrayletleaf="0"/>
  <largest-consumer threadName="Thread-35" threadId="0000000001BF5500" bytes="4459824" />
</allocation-stats>
<gc-op id="3413" type="copy forward" timems="12.346" contextid="3410" timestamp="2019-08-08T12:52:54.006">
  <memory-copied type="eden" objects="6103" bytes="152360" bytesdiscarded="27232" />
  <memory-copied type="other" objects="17607" bytes="559944" bytesdiscarded="22600" />
  <memory-cardclean objects="30823" bytes="1552328" />
  <regions eden="22" other="2" />
  <remembered-set-cleared processed="18381" cleared="3467" durationms="0.166" />
  <stringconstants candidates="15173" cleared="0"  />
</gc-op>
<gc-op id="3414" type="classunload" timems="0.010" contextid="3410" timestamp="2019-08-08T12:52:54.006">
  <classunload-info classloadercandidates="55" classloadersunloaded="0" classesunloaded="0" anonymousclassesunloaded="0" quiescems="0.000" setupms="0.010" scanms="0.000" postms="0.000" />
</gc-op>
<gc-end id="3415" type="partial gc" contextid="3410" durationms="13.837" usertimems="25.086" systemtimems="21.871" timestamp="2019-08-08T12:52:54.006" activeThreads="16">
  <mem-info id="3416" free="79691776" total="153092096" percent="52">
    <mem type="eden" free="1917560" total="2097152" percent="91" />
    <remembered-set count="29600" freebytes="6001920" totalbytes="6120320" percent="98" regionsoverflowed="0" regionsstable="10" regionsrebuilding="0"/>
  </mem-info>
</gc-end>
<cycle-end id="3417" type="partial gc" contextid="3410" timestamp="2019-08-08T12:52:54.006" />
  <attribute name="elasticGC enabled" value="1" />
  <attribute name= "numThreadsSpecified" value="16" />
  <attribute name="heapSize specified" value="0" />
  <attribute name="Current GC Util" value="217" />
  <attribute name= "Current Time Running" value="205378" />
  <attribute name ="GC Interval" value="0" />
  <attribute name="Target GC Util Change" value ="80.000000" />
  <attribute name="Current GC Util Change" value="217.000000"/>
  <attribute name="Current Error" value="-202.000000" />
  <attribute name="Output H" value="153167544"/>
  <attribute name="Output I" value="1648"/>
  <attribute name="Output T" value="16"/>
  <attribute name= "Current Time Running" value="205378" />
  <attribute name="GC Util currently" value="217" />
  <attribute name="CPU Util currently" value="1275356958210" />
<exclusive-end id="3418" timestamp="2019-08-08T12:52:54.006" durationms="14.790" />

<exclusive-start id="3419" timestamp="2019-08-08T12:52:54.132" intervalms="140.655">
  <response-info timems="0.830" idlems="0.355" threads="2" lastid="0000000001BF5500" lastname="Thread-35" />
</exclusive-start>
<allocation-taxation id="3420" taxation-threshold="46137344" timestamp="2019-08-08T12:52:54.132" intervalms="140.660" />
<cycle-start id="3421" type="partial gc" contextid="0" timestamp="2019-08-08T12:52:54.132" intervalms="140.681" />
<gc-start id="3422" type="partial gc" contextid="3421" timestamp="2019-08-08T12:52:54.132">
  <mem-info id="3423" free="33554432" total="153092096" percent="21">
    <mem type="eden" free="0" total="46137344" percent="0" />
    <remembered-set count="29600" freebytes="6001920" totalbytes="6120320" percent="98" regionsoverflowed="0" regionsstable="10" regionsrebuilding="0"/>
  </mem-info>
</gc-start>
<allocation-stats totalBytes="46129952" >
  <allocated-bytes non-tlh="0" tlh="46129952" arrayletleaf="0"/>
  <largest-consumer threadName="Thread-29" threadId="0000000001BAA700" bytes="4029776" />
</allocation-stats>
<gc-op id="3424" type="copy forward" timems="15.285" contextid="3421" timestamp="2019-08-08T12:52:54.149">
  <memory-copied type="eden" objects="14501" bytes="627448" bytesdiscarded="12472" />
  <memory-copied type="other" objects="4771" bytes="114504" bytesdiscarded="4432" />
  <memory-cardclean objects="15877" bytes="789128" />
  <regions eden="22" other="2" />
  <remembered-set-cleared processed="20165" cleared="4889" durationms="0.150" />
  <stringconstants candidates="15173" cleared="0"  />
</gc-op>
<gc-op id="3425" type="classunload" timems="0.010" contextid="3421" timestamp="2019-08-08T12:52:54.149">
  <classunload-info classloadercandidates="55" classloadersunloaded="0" classesunloaded="0" anonymousclassesunloaded="0" quiescems="0.000" setupms="0.010" scanms="0.000" postms="0.000" />
</gc-op>
<gc-end id="3426" type="partial gc" contextid="3421" durationms="16.868" usertimems="14.520" systemtimems="24.270" timestamp="2019-08-08T12:52:54.149" activeThreads="16">
  <mem-info id="3427" free="77594624" total="153092096" percent="50">
    <mem type="eden" free="1457232" total="2097152" percent="69" />
    <remembered-set count="25728" freebytes="6017408" totalbytes="6120320" percent="98" regionsoverflowed="0" regionsstable="10" regionsrebuilding="0"/>
  </mem-info>
</gc-end>
<cycle-end id="3428" type="partial gc" contextid="3421" timestamp="2019-08-08T12:52:54.149" />
  <attribute name="elasticGC enabled" value="1" />
  <attribute name= "numThreadsSpecified" value="16" />
  <attribute name="heapSize specified" value="0" />
  <attribute name="Current GC Util" value="151" />
  <attribute name= "Current Time Running" value="205518" />
  <attribute name ="GC Interval" value="0" />
  <attribute name="Target GC Util Change" value ="80.000000" />
  <attribute name="Current GC Util Change" value="151.000000"/>
  <attribute name="Current Error" value="-223.000000" />
  <attribute name="Output H" value="153167520"/>
  <attribute name="Output I" value="1616"/>
  <attribute name="Output T" value="16"/>
  <attribute name= "Current Time Running" value="205518" />
  <attribute name="GC Util currently" value="151" />
  <attribute name="CPU Util currently" value="1569063811485" />
<exclusive-end id="3429" timestamp="2019-08-08T12:52:54.150" durationms="17.553" />

<exclusive-start id="3430" timestamp="2019-08-08T12:52:54.244" intervalms="111.915">
  <response-info timems="8.946" idlems="8.946" threads="0" lastid="0000000001BB9600" lastname="Thread-30" />
</exclusive-start>
<allocation-taxation id="3431" taxation-threshold="46137344" timestamp="2019-08-08T12:52:54.244" intervalms="111.943" />
<cycle-start id="3432" type="partial gc" contextid="0" timestamp="2019-08-08T12:52:54.244" intervalms="111.921" />
<gc-start id="3433" type="partial gc" contextid="3432" timestamp="2019-08-08T12:52:54.244">
  <mem-info id="3434" free="31457280" total="153092096" percent="20">
    <mem type="eden" free="0" total="46137344" percent="0" />
    <remembered-set count="25280" freebytes="6019200" totalbytes="6120320" percent="98" regionsoverflowed="0" regionsstable="10" regionsrebuilding="0"/>
  </mem-info>
</gc-start>
<allocation-stats totalBytes="46129600" >
  <allocated-bytes non-tlh="0" tlh="46129600" arrayletleaf="0"/>
  <largest-consumer threadName="Thread-36" threadId="0000000001BCC200" bytes="4783368" />
</allocation-stats>
<gc-op id="3435" type="copy forward" timems="11.362" contextid="3432" timestamp="2019-08-08T12:52:54.257">
  <memory-copied type="eden" objects="10925" bytes="404840" bytesdiscarded="56680" />
  <memory-copied type="other" objects="20179" bytes="896424" bytesdiscarded="74536" />
  <memory-cardclean objects="17655" bytes="859376" />
  <regions eden="22" other="2" />
  <remembered-set-cleared processed="17510" cleared="4393" durationms="0.426" />
  <stringconstants candidates="15173" cleared="0"  />
</gc-op>
<gc-op id="3436" type="classunload" timems="0.022" contextid="3432" timestamp="2019-08-08T12:52:54.257">
  <classunload-info classloadercandidates="55" classloadersunloaded="0" classesunloaded="0" anonymousclassesunloaded="0" quiescems="0.000" setupms="0.022" scanms="0.000" postms="0.000" />
</gc-op>
<gc-end id="3437" type="partial gc" contextid="3432" durationms="12.579" usertimems="25.631" systemtimems="12.102" timestamp="2019-08-08T12:52:54.257" activeThreads="16">
  <mem-info id="3438" free="75497472" total="153092096" percent="49">
    <mem type="eden" free="1635632" total="2097152" percent="77" />
    <remembered-set count="26784" freebytes="6013184" totalbytes="6120320" percent="98" regionsoverflowed="0" regionsstable="10" regionsrebuilding="0"/>
  </mem-info>
</gc-end>
<cycle-end id="3439" type="partial gc" contextid="3432" timestamp="2019-08-08T12:52:54.257" />
  <attribute name="elasticGC enabled" value="1" />
  <attribute name= "numThreadsSpecified" value="16" />
  <attribute name="heapSize specified" value="0" />
  <attribute name="Current GC Util" value="166" />
  <attribute name= "Current Time Running" value="205630" />
  <attribute name ="GC Interval" value="0" />
  <attribute name="Target GC Util Change" value ="80.000000" />
  <attribute name="Current GC Util Change" value="166.000000"/>
  <attribute name="Current Error" value="-86.000000" />
  <attribute name="Output H" value="153167680"/>
  <attribute name="Output I" value="1856"/>
  <attribute name="Output T" value="16"/>
  <attribute name= "Current Time Running" value="205630" />
  <attribute name="GC Util currently" value="166" />
  <attribute name="CPU Util currently" value="1638885331831" />
<exclusive-end id="3440" timestamp="2019-08-08T12:52:54.257" durationms="13.243" />

<exclusive-start id="3441" timestamp="2019-08-08T12:52:54.319" intervalms="75.405">
  <response-info timems="2.363" idlems="2.363" threads="0" lastid="0000000001BD3A00" lastname="Thread-28" />
</exclusive-start>
<allocation-taxation id="3442" taxation-threshold="46137344" timestamp="2019-08-08T12:52:54.319" intervalms="75.381" />
<cycle-start id="3443" type="partial gc" contextid="0" timestamp="2019-08-08T12:52:54.320" intervalms="75.390" />
<gc-start id="3444" type="partial gc" contextid="3443" timestamp="2019-08-08T12:52:54.320">
  <mem-info id="3445" free="29360128" total="153092096" percent="19">
    <mem type="eden" free="0" total="46137344" percent="0" />
    <remembered-set count="26336" freebytes="6014976" totalbytes="6120320" percent="98" regionsoverflowed="0" regionsstable="10" regionsrebuilding="0"/>
  </mem-info>
</gc-start>
<allocation-stats totalBytes="46129424" >
  <allocated-bytes non-tlh="0" tlh="46129424" arrayletleaf="0"/>
  <largest-consumer threadName="Thread-28" threadId="0000000001BD3A00" bytes="5667992" />
</allocation-stats>
<gc-op id="3446" type="copy forward" timems="11.369" contextid="3443" timestamp="2019-08-08T12:52:54.333">
  <memory-copied type="eden" objects="14060" bytes="480880" bytesdiscarded="36416" />
  <memory-copied type="other" objects="14890" bytes="632112" bytesdiscarded="39392" />
  <memory-cardclean objects="13982" bytes="744344" />
  <regions eden="22" other="2" />
  <remembered-set-cleared processed="17476" cleared="4806" durationms="0.134" />
  <stringconstants candidates="15173" cleared="0"  />
</gc-op>
<gc-op id="3447" type="classunload" timems="0.014" contextid="3443" timestamp="2019-08-08T12:52:54.333">
  <classunload-info classloadercandidates="55" classloadersunloaded="0" classesunloaded="0" anonymousclassesunloaded="0" quiescems="0.000" setupms="0.013" scanms="0.000" postms="0.000" />
</gc-op>
<heap-resize id="3448" type="expand" space="default" amount="27262976" count="1" timems="0.129" reason="excessive time being spent in gc" timestamp="2019-08-08T12:52:54.333" />
<gc-end id="3449" type="partial gc" contextid="3443" durationms="12.970" usertimems="23.597" systemtimems="17.620" timestamp="2019-08-08T12:52:54.333" activeThreads="16">
  <mem-info id="3450" free="100663296" total="180355072" percent="55">
    <mem type="eden" free="1579856" total="2097152" percent="75" />
    <remembered-set count="27200" freebytes="7101440" totalbytes="7210240" percent="98" regionsoverflowed="0" regionsstable="10" regionsrebuilding="0"/>
  </mem-info>
</gc-end>
<cycle-end id="3451" type="partial gc" contextid="3443" timestamp="2019-08-08T12:52:54.333" />
  <attribute name="elasticGC enabled" value="1" />
  <attribute name= "numThreadsSpecified" value="16" />
  <attribute name="heapSize specified" value="0" />
  <attribute name="Current GC Util" value="147" />
  <attribute name= "Current Time Running" value="205706" />
  <attribute name ="GC Interval" value="0" />
  <attribute name="Target GC Util Change" value ="80.000000" />
  <attribute name="Current GC Util Change" value="147.000000"/>
  <attribute name="Current Error" value="-122.000000" />
  <attribute name="Output H" value="153167640"/>
  <attribute name="Output I" value="1792"/>
  <attribute name="Output T" value="16"/>
  <attribute name= "Current Time Running" value="205706" />
  <attribute name="GC Util currently" value="147" />
  <attribute name="CPU Util currently" value="1418658930301" />
<exclusive-end id="3452" timestamp="2019-08-08T12:52:54.333" durationms="13.817" />

<exclusive-start id="3453" timestamp="2019-08-08T12:52:54.400" intervalms="80.669">
  <response-info timems="1.438" idlems="1.438" threads="0" lastid="0000000001BE2900" lastname="Thread-27" />
</exclusive-start>
<allocation-taxation id="3454" taxation-threshold="52428800" timestamp="2019-08-08T12:52:54.400" intervalms="80.665" />
<cycle-start id="3455" type="partial gc" contextid="0" timestamp="2019-08-08T12:52:54.400" intervalms="80.640" />
<gc-start id="3456" type="partial gc" contextid="3455" timestamp="2019-08-08T12:52:54.400">
  <mem-info id="3457" free="48234496" total="180355072" percent="26">
    <mem type="eden" free="0" total="52428800" percent="0" />
    <remembered-set count="26784" freebytes="7103104" totalbytes="7210240" percent="98" regionsoverflowed="0" regionsstable="10" regionsrebuilding="0"/>
  </mem-info>
</gc-start>
<allocation-stats totalBytes="52420288" >
  <allocated-bytes non-tlh="0" tlh="52420288" arrayletleaf="0"/>
  <largest-consumer threadName="Thread-28" threadId="0000000001BD3A00" bytes="6773752" />
</allocation-stats>
<gc-op id="3458" type="copy forward" timems="10.731" contextid="3455" timestamp="2019-08-08T12:52:54.412">
  <memory-copied type="eden" objects="15029" bytes="503936" bytesdiscarded="68560" />
  <memory-copied type="other" objects="18085" bytes="571416" bytesdiscarded="52712" />
  <memory-cardclean objects="26217" bytes="1314584" />
  <regions eden="25" other="2" />
  <remembered-set-cleared processed="15610" cleared="5440" durationms="0.295" />
  <stringconstants candidates="15173" cleared="0"  />
</gc-op>
<gc-op id="3459" type="classunload" timems="0.014" contextid="3455" timestamp="2019-08-08T12:52:54.412">
  <classunload-info classloadercandidates="55" classloadersunloaded="0" classesunloaded="0" anonymousclassesunloaded="0" quiescems="0.000" setupms="0.014" scanms="0.000" postms="0.000" />
</gc-op>
<heap-resize id="3460" type="expand" space="default" amount="25165824" count="1" timems="0.086" reason="excessive time being spent in gc" timestamp="2019-08-08T12:52:54.412" />
<gc-end id="3461" type="partial gc" contextid="3455" durationms="12.142" usertimems="25.324" systemtimems="19.706" timestamp="2019-08-08T12:52:54.413" activeThreads="16">
  <mem-info id="3462" free="123731968" total="205520896" percent="60">
    <mem type="eden" free="1524656" total="2097152" percent="72" />
    <remembered-set count="24736" freebytes="8117376" totalbytes="8216320" percent="98" regionsoverflowed="0" regionsstable="10" regionsrebuilding="0"/>
  </mem-info>
</gc-end>
<cycle-end id="3463" type="partial gc" contextid="3455" timestamp="2019-08-08T12:52:54.413" />
  <attribute name="elasticGC enabled" value="1" />
  <attribute name= "numThreadsSpecified" value="16" />
  <attribute name="heapSize specified" value="0" />
  <attribute name="Current GC Util" value="158" />
  <attribute name= "Current Time Running" value="205786" />
  <attribute name ="GC Interval" value="0" />
  <attribute name="Target GC Util Change" value ="80.000000" />
  <attribute name="Current GC Util Change" value="158.000000"/>
  <attribute name="Current Error" value="-170.000000" />
  <attribute name="Output H" value="180430560"/>
  <attribute name="Output I" value="1712"/>
  <attribute name="Output T" value="16"/>
  <attribute name= "Current Time Running" value="205786" />
  <attribute name="GC Util currently" value="158" />
  <attribute name="CPU Util currently" value="1598209846715" />
<exclusive-end id="3464" timestamp="2019-08-08T12:52:54.413" durationms="12.884" />

<exclusive-start id="3465" timestamp="2019-08-08T12:52:54.462" intervalms="62.053">
  <response-info timems="0.537" idlems="0.537" threads="0" lastid="0000000001BDED00" lastname="Thread-25" />
</exclusive-start>
<allocation-taxation id="3466" taxation-threshold="58720256" timestamp="2019-08-08T12:52:54.462" intervalms="62.043" />
<cycle-start id="3467" type="partial gc" contextid="0" timestamp="2019-08-08T12:52:54.462" intervalms="62.034" />
<gc-start id="3468" type="partial gc" contextid="3467" timestamp="2019-08-08T12:52:54.462">
  <mem-info id="3469" free="65011712" total="205520896" percent="31">
    <mem type="eden" free="0" total="58720256" percent="0" />
    <remembered-set count="24416" freebytes="8118656" totalbytes="8216320" percent="98" regionsoverflowed="0" regionsstable="10" regionsrebuilding="0"/>
  </mem-info>
</gc-start>
<allocation-stats totalBytes="58711144" >
  <allocated-bytes non-tlh="0" tlh="58711144" arrayletleaf="0"/>
  <largest-consumer threadName="Thread-22" threadId="0000000001BEA100" bytes="6483072" />
</allocation-stats>
<gc-op id="3470" type="copy forward" timems="16.582" contextid="3467" timestamp="2019-08-08T12:52:54.480">
  <memory-copied type="eden" objects="21810" bytes="803632" bytesdiscarded="104736" />
  <memory-copied type="other" objects="40487" bytes="1658568" bytesdiscarded="180664" />
  <memory-cardclean objects="26284" bytes="1312088" />
  <regions eden="28" other="3" />
  <remembered-set-cleared processed="13210" cleared="6392" durationms="0.183" />
  <stringconstants candidates="15173" cleared="0"  />
</gc-op>
<gc-op id="3471" type="classunload" timems="0.010" contextid="3467" timestamp="2019-08-08T12:52:54.480">
  <classunload-info classloadercandidates="55" classloadersunloaded="0" classesunloaded="0" anonymousclassesunloaded="0" quiescems="0.000" setupms="0.010" scanms="0.000" postms="0.000" />
</gc-op>
<heap-resize id="3472" type="expand" space="default" amount="10485760" count="1" timems="0.084" reason="excessive time being spent in gc" timestamp="2019-08-08T12:52:54.480" />
<gc-end id="3473" type="partial gc" contextid="3467" durationms="17.907" usertimems="21.411" systemtimems="39.938" timestamp="2019-08-08T12:52:54.480" activeThreads="16">
  <mem-info id="3474" free="130023424" total="216006656" percent="60">
    <mem type="eden" free="3285936" total="4194304" percent="78" />
    <remembered-set count="24032" freebytes="8539392" totalbytes="8635520" percent="98" regionsoverflowed="0" regionsstable="10" regionsrebuilding="0"/>
  </mem-info>
</gc-end>
<cycle-end id="3475" type="partial gc" contextid="3467" timestamp="2019-08-08T12:52:54.480" />
  <attribute name="elasticGC enabled" value="1" />
  <attribute name= "numThreadsSpecified" value="16" />
  <attribute name="heapSize specified" value="0" />
  <attribute name="Current GC Util" value="154" />
  <attribute name= "Current Time Running" value="205848" />
  <attribute name ="GC Interval" value="0" />
  <attribute name="Target GC Util Change" value ="80.000000" />
  <attribute name="Current GC Util Change" value="154.000000"/>
  <attribute name="Current Error" value="-74.000000" />
  <attribute name="Output H" value="205596496"/>
  <attribute name="Output I" value="1880"/>
  <attribute name="Output T" value="16"/>
  <attribute name= "Current Time Running" value="205848" />
  <attribute name="GC Util currently" value="154" />
  <attribute name="CPU Util currently" value="1839702649304" />
<exclusive-end id="3476" timestamp="2019-08-08T12:52:54.481" durationms="18.535" />

<exclusive-start id="3477" timestamp="2019-08-08T12:52:54.574" intervalms="111.947">
  <response-info timems="5.600" idlems="5.600" threads="0" lastid="0000000001BF5500" lastname="Thread-35" />
</exclusive-start>
<allocation-taxation id="3478" taxation-threshold="60817408" timestamp="2019-08-08T12:52:54.574" intervalms="111.993" />
<cycle-start id="3479" type="partial gc" contextid="0" timestamp="2019-08-08T12:52:54.574" intervalms="112.029" />
<gc-start id="3480" type="partial gc" contextid="3479" timestamp="2019-08-08T12:52:54.575">
  <mem-info id="3481" free="69206016" total="216006656" percent="32">
    <mem type="eden" free="0" total="60817408" percent="0" />
    <remembered-set count="23936" freebytes="8539776" totalbytes="8635520" percent="98" regionsoverflowed="0" regionsstable="10" regionsrebuilding="0"/>
  </mem-info>
</gc-start>
<allocation-stats totalBytes="60807472" >
  <allocated-bytes non-tlh="0" tlh="60807472" arrayletleaf="0"/>
  <largest-consumer threadName="Thread-27" threadId="0000000001BE2900" bytes="6962136" />
</allocation-stats>
<gc-op id="3482" type="copy forward" timems="10.920" contextid="3479" timestamp="2019-08-08T12:52:54.588">
  <memory-copied type="eden" objects="20300" bytes="768320" bytesdiscarded="60152" />
  <memory-copied type="other" objects="36423" bytes="1423656" bytesdiscarded="131456" />
  <memory-cardclean objects="29331" bytes="1492640" />
  <regions eden="29" other="4" />
  <remembered-set-cleared processed="12318" cleared="5603" durationms="0.284" />
  <stringconstants candidates="15173" cleared="0"  />
</gc-op>
<gc-op id="3483" type="classunload" timems="0.033" contextid="3479" timestamp="2019-08-08T12:52:54.588">
  <classunload-info classloadercandidates="55" classloadersunloaded="0" classesunloaded="0" anonymousclassesunloaded="0" quiescems="0.000" setupms="0.032" scanms="0.000" postms="0.000" />
</gc-op>
<gc-end id="3484" type="partial gc" contextid="3479" durationms="13.470" usertimems="28.133" systemtimems="23.034" timestamp="2019-08-08T12:52:54.588" activeThreads="16">
  <mem-info id="3485" free="130023424" total="216006656" percent="60">
    <mem type="eden" free="1268680" total="2097152" percent="60" />
    <remembered-set count="23936" freebytes="8539776" totalbytes="8635520" percent="98" regionsoverflowed="0" regionsstable="10" regionsrebuilding="0"/>
  </mem-info>
</gc-end>
<cycle-end id="3486" type="partial gc" contextid="3479" timestamp="2019-08-08T12:52:54.588" />
  <attribute name="elasticGC enabled" value="1" />
  <attribute name= "numThreadsSpecified" value="16" />
  <attribute name="heapSize specified" value="0" />
  <attribute name="Current GC Util" value="321" />
  <attribute name= "Current Time Running" value="205961" />
  <attribute name ="GC Interval" value="0" />
  <attribute name="Target GC Util Change" value ="80.000000" />
  <attribute name="Current GC Util Change" value="321.000000"/>
  <attribute name="Current Error" value="-289.000000" />
  <attribute name="Output H" value="216082008"/>
  <attribute name="Output I" value="1496"/>
  <attribute name="Output T" value="16"/>
  <attribute name= "Current Time Running" value="205961" />
  <attribute name="GC Util currently" value="321" />
  <attribute name="CPU Util currently" value="732812477629" />
<exclusive-end id="3487" timestamp="2019-08-08T12:52:54.588" durationms="14.347" />

<exclusive-start id="3488" timestamp="2019-08-08T12:52:54.635" intervalms="60.605">
  <response-info timems="2.573" idlems="2.573" threads="0" lastid="0000000001B9F300" lastname="Thread-23" />
</exclusive-start>
<allocation-taxation id="3489" taxation-threshold="60817408" timestamp="2019-08-08T12:52:54.635" intervalms="60.631" />
<cycle-start id="3490" type="partial gc" contextid="0" timestamp="2019-08-08T12:52:54.635" intervalms="60.968" />
<gc-start id="3491" type="partial gc" contextid="3490" timestamp="2019-08-08T12:52:54.636">
  <mem-info id="3492" free="69206016" total="216006656" percent="32">
    <mem type="eden" free="0" total="60817408" percent="0" />
    <remembered-set count="23776" freebytes="8540416" totalbytes="8635520" percent="98" regionsoverflowed="0" regionsstable="10" regionsrebuilding="0"/>
  </mem-info>
</gc-start>
<allocation-stats totalBytes="60807432" >
  <allocated-bytes non-tlh="0" tlh="60807432" arrayletleaf="0"/>
  <largest-consumer threadName="Thread-22" threadId="0000000001BEA100" bytes="6515728" />
</allocation-stats>
<gc-op id="3493" type="copy forward" timems="16.959" contextid="3490" timestamp="2019-08-08T12:52:54.654">
  <memory-copied type="eden" objects="14205" bytes="484008" bytesdiscarded="53472" />
  <memory-copied type="other" objects="29098" bytes="1110480" bytesdiscarded="127016" />
  <memory-cardclean objects="27734" bytes="1391840" />
  <regions eden="29" other="3" />
  <remembered-set-cleared processed="12154" cleared="4839" durationms="2.101" />
  <stringconstants candidates="15173" cleared="0"  />
</gc-op>
<gc-op id="3494" type="classunload" timems="0.010" contextid="3490" timestamp="2019-08-08T12:52:54.654">
  <classunload-info classloadercandidates="55" classloadersunloaded="0" classesunloaded="0" anonymousclassesunloaded="0" quiescems="0.000" setupms="0.010" scanms="0.000" postms="0.000" />
</gc-op>
<heap-resize id="3495" type="expand" space="default" amount="10485760" count="1" timems="0.076" reason="excessive time being spent in gc" timestamp="2019-08-08T12:52:54.655" />
<gc-end id="3496" type="partial gc" contextid="3490" durationms="18.630" usertimems="38.219" systemtimems="19.301" timestamp="2019-08-08T12:52:54.655" activeThreads="16">
  <mem-info id="3497" free="136314880" total="226492416" percent="60">
    <mem type="eden" free="3656824" total="4194304" percent="87" />
    <remembered-set count="23840" freebytes="8959360" totalbytes="9054720" percent="98" regionsoverflowed="0" regionsstable="10" regionsrebuilding="0"/>
  </mem-info>
</gc-end>
<cycle-end id="3498" type="partial gc" contextid="3490" timestamp="2019-08-08T12:52:54.655" />
  <attribute name="elasticGC enabled" value="1" />
  <attribute name= "numThreadsSpecified" value="16" />
  <attribute name="heapSize specified" value="0" />
  <attribute name="Current GC Util" value="109" />
  <attribute name= "Current Time Running" value="206022" />
  <attribute name ="GC Interval" value="0" />
  <attribute name="Target GC Util Change" value ="80.000000" />
  <attribute name="Current GC Util Change" value="109.000000"/>
  <attribute name="Current Error" value="-300.000000" />
  <attribute name="Output H" value="216081992"/>
  <attribute name="Output I" value="1480"/>
  <attribute name="Output T" value="16"/>
  <attribute name= "Current Time Running" value="206022" />
  <attribute name="GC Util currently" value="109" />
  <attribute name="CPU Util currently" value="1237348152051" />
<exclusive-end id="3499" timestamp="2019-08-08T12:52:54.655" durationms="20.276" />

<exclusive-start id="3500" timestamp="2019-08-08T12:52:54.780" intervalms="145.316">
  <response-info timems="2.751" idlems="2.751" threads="0" lastid="0000000001BF1900" lastname="Thread-21" />
</exclusive-start>
<allocation-taxation id="3501" taxation-threshold="62914560" timestamp="2019-08-08T12:52:54.780" intervalms="145.274" />
<cycle-start id="3502" type="partial gc" contextid="0" timestamp="2019-08-08T12:52:54.780" intervalms="144.932" />
<gc-start id="3503" type="partial gc" contextid="3502" timestamp="2019-08-08T12:52:54.782">
  <mem-info id="3504" free="73400320" total="226492416" percent="32">
    <mem type="eden" free="0" total="62914560" percent="0" />
    <remembered-set count="23776" freebytes="8959616" totalbytes="9054720" percent="98" regionsoverflowed="0" regionsstable="10" regionsrebuilding="0"/>
  </mem-info>
</gc-start>
<allocation-stats totalBytes="62904320" >
  <allocated-bytes non-tlh="0" tlh="62904320" arrayletleaf="0"/>
  <largest-consumer threadName="Thread-27" threadId="0000000001BE2900" bytes="7502744" />
</allocation-stats>
<gc-op id="3505" type="copy forward" timems="15.342" contextid="3502" timestamp="2019-08-08T12:52:54.806">
  <memory-copied type="eden" objects="16557" bytes="539496" bytesdiscarded="60312" />
  <memory-copied type="other" objects="28985" bytes="1248168" bytesdiscarded="110664" />
  <memory-cardclean objects="21645" bytes="1088280" />
  <regions eden="30" other="4" />
  <remembered-set-cleared processed="12746" cleared="5544" durationms="0.217" />
  <stringconstants candidates="15173" cleared="0"  />
</gc-op>
<gc-op id="3506" type="classunload" timems="0.010" contextid="3502" timestamp="2019-08-08T12:52:54.806">
  <classunload-info classloadercandidates="55" classloadersunloaded="0" classesunloaded="0" anonymousclassesunloaded="0" quiescems="0.000" setupms="0.010" scanms="0.000" postms="0.000" />
</gc-op>
<gc-end id="3507" type="partial gc" contextid="3502" durationms="24.564" usertimems="41.996" systemtimems="33.279" timestamp="2019-08-08T12:52:54.807" activeThreads="16">
  <mem-info id="3508" free="136314880" total="226492416" percent="60">
    <mem type="eden" free="1497344" total="2097152" percent="71" />
    <remembered-set count="24672" freebytes="8956032" totalbytes="9054720" percent="98" regionsoverflowed="0" regionsstable="10" regionsrebuilding="0"/>
  </mem-info>
</gc-end>
<cycle-end id="3509" type="partial gc" contextid="3502" timestamp="2019-08-08T12:52:54.807" />
  <attribute name="elasticGC enabled" value="1" />
  <attribute name= "numThreadsSpecified" value="16" />
  <attribute name="heapSize specified" value="0" />
  <attribute name="Current GC Util" value="14" />
  <attribute name= "Current Time Running" value="206176" />
  <attribute name ="GC Interval" value="0" />
  <attribute name="Target GC Util Change" value ="80.000000" />
  <attribute name="Current GC Util Change" value="14.000000"/>
  <attribute name="Current Error" value="66.000000" />
  <attribute name="Output H" value="226568176"/>
  <attribute name="Output I" value="2128"/>
  <attribute name="Output T" value="16"/>
  <attribute name= "Current Time Running" value="206176" />
  <attribute name="GC Util currently" value="14" />
  <attribute name="CPU Util currently" value="132553739974" />
<exclusive-end id="3510" timestamp="2019-08-08T12:52:54.807" durationms="26.780" />

<exclusive-start id="3511" timestamp="2019-08-08T12:52:54.891" intervalms="110.713">
  <response-info timems="1.146" idlems="1.146" threads="0" lastid="0000000001BF5500" lastname="Thread-35" />
</exclusive-start>
<allocation-taxation id="3512" taxation-threshold="62914560" timestamp="2019-08-08T12:52:54.891" intervalms="110.698" />
<cycle-start id="3513" type="partial gc" contextid="0" timestamp="2019-08-08T12:52:54.891" intervalms="110.701" />
<gc-start id="3514" type="partial gc" contextid="3513" timestamp="2019-08-08T12:52:54.891">
  <mem-info id="3515" free="73400320" total="226492416" percent="32">
    <mem type="eden" free="0" total="62914560" percent="0" />
    <remembered-set count="24672" freebytes="8956032" totalbytes="9054720" percent="98" regionsoverflowed="0" regionsstable="10" regionsrebuilding="0"/>
  </mem-info>
</gc-start>
<allocation-stats totalBytes="62904360" >
  <allocated-bytes non-tlh="0" tlh="62904360" arrayletleaf="0"/>
  <largest-consumer threadName="Thread-26" threadId="0000000001BAE300" bytes="5700680" />
</allocation-stats>
<gc-op id="3516" type="copy forward" timems="14.078" contextid="3513" timestamp="2019-08-08T12:52:54.906">
  <memory-copied type="eden" objects="17215" bytes="556112" bytesdiscarded="43040" />
  <memory-copied type="other" objects="34016" bytes="1365888" bytesdiscarded="113112" />
  <memory-cardclean objects="32381" bytes="1607096" />
  <regions eden="30" other="3" />
  <remembered-set-cleared processed="11906" cleared="4872" durationms="0.495" />
  <stringconstants candidates="15173" cleared="0"  />
</gc-op>
<gc-op id="3517" type="classunload" timems="0.010" contextid="3513" timestamp="2019-08-08T12:52:54.906">
  <classunload-info classloadercandidates="55" classloadersunloaded="0" classesunloaded="0" anonymousclassesunloaded="0" quiescems="0.000" setupms="0.010" scanms="0.000" postms="0.000" />
</gc-op>
<heap-resize id="3518" type="expand" space="default" amount="4194304" count="1" timems="0.059" reason="excessive time being spent in gc" timestamp="2019-08-08T12:52:54.907" />
<gc-end id="3519" type="partial gc" contextid="3513" durationms="15.614" usertimems="40.881" systemtimems="15.709" timestamp="2019-08-08T12:52:54.907" activeThreads="16">
  <mem-info id="3520" free="138412032" total="230686720" percent="60">
    <mem type="eden" free="1498000" total="2097152" percent="71" />
    <remembered-set count="27424" freebytes="9112704" totalbytes="9222400" percent="98" regionsoverflowed="0" regionsstable="10" regionsrebuilding="0"/>
  </mem-info>
</gc-end>
<cycle-end id="3521" type="partial gc" contextid="3513" timestamp="2019-08-08T12:52:54.907" />
  <attribute name="elasticGC enabled" value="1" />
  <attribute name= "numThreadsSpecified" value="16" />
  <attribute name="heapSize specified" value="0" />
  <attribute name="Current GC Util" value="241" />
  <attribute name= "Current Time Running" value="206277" />
  <attribute name ="GC Interval" value="0" />
  <attribute name="Target GC Util Change" value ="80.000000" />
  <attribute name="Current GC Util Change" value="241.000000"/>
  <attribute name="Current Error" value="-69.000000" />
  <attribute name="Output H" value="226568024"/>
  <attribute name="Output I" value="1888"/>
  <attribute name="Output T" value="16"/>
  <attribute name= "Current Time Running" value="206277" />
  <attribute name="GC Util currently" value="241" />
  <attribute name="CPU Util currently" value="1363824614513" />
<exclusive-end id="3522" timestamp="2019-08-08T12:52:54.907" durationms="16.424" />

<exclusive-start id="3523" timestamp="2019-08-08T12:52:54.972" intervalms="81.419">
  <response-info timems="0.469" idlems="0.469" threads="0" lastid="0000000001BF1900" lastname="Thread-21" />
</exclusive-start>
<allocation-taxation id="3524" taxation-threshold="65011712" timestamp="2019-08-08T12:52:54.972" intervalms="81.415" />
<cycle-start id="3525" type="partial gc" contextid="0" timestamp="2019-08-08T12:52:54.972" intervalms="81.393" />
<gc-start id="3526" type="partial gc" contextid="3525" timestamp="2019-08-08T12:52:54.973">
  <mem-info id="3527" free="73400320" total="230686720" percent="31">
    <mem type="eden" free="0" total="65011712" percent="0" />
    <remembered-set count="27264" freebytes="9113344" totalbytes="9222400" percent="98" regionsoverflowed="0" regionsstable="10" regionsrebuilding="0"/>
  </mem-info>
</gc-start>
<allocation-stats totalBytes="65001104" >
  <allocated-bytes non-tlh="0" tlh="65001104" arrayletleaf="0"/>
  <largest-consumer threadName="Thread-27" threadId="0000000001BE2900" bytes="7343136" />
</allocation-stats>
<gc-op id="3528" type="copy forward" timems="15.681" contextid="3525" timestamp="2019-08-08T12:52:54.990">
  <memory-copied type="eden" objects="26487" bytes="1053488" bytesdiscarded="82824" />
  <memory-copied type="other" objects="40245" bytes="1378008" bytesdiscarded="115304" />
  <memory-cardclean objects="36168" bytes="1876352" />
  <regions eden="31" other="3" />
  <remembered-set-cleared processed="12109" cleared="4404" durationms="0.175" />
  <stringconstants candidates="15173" cleared="0"  />
</gc-op>
<gc-op id="3529" type="classunload" timems="0.023" contextid="3525" timestamp="2019-08-08T12:52:54.990">
  <classunload-info classloadercandidates="55" classloadersunloaded="0" classesunloaded="0" anonymousclassesunloaded="0" quiescems="0.000" setupms="0.022" scanms="0.000" postms="0.000" />
</gc-op>
<heap-resize id="3530" type="expand" space="default" amount="6291456" count="1" timems="0.078" reason="excessive time being spent in gc" timestamp="2019-08-08T12:52:54.990" />
<gc-end id="3531" type="partial gc" contextid="3525" durationms="17.479" usertimems="30.481" systemtimems="27.528" timestamp="2019-08-08T12:52:54.990" activeThreads="16">
  <mem-info id="3532" free="142606336" total="236978176" percent="60">
    <mem type="eden" free="960840" total="2097152" percent="45" />
    <remembered-set count="27776" freebytes="9362816" totalbytes="9473920" percent="98" regionsoverflowed="0" regionsstable="10" regionsrebuilding="0"/>
  </mem-info>
</gc-end>
<cycle-end id="3533" type="partial gc" contextid="3525" timestamp="2019-08-08T12:52:54.990" />
  <attribute name="elasticGC enabled" value="1" />
  <attribute name= "numThreadsSpecified" value="16" />
  <attribute name="heapSize specified" value="0" />
  <attribute name="Current GC Util" value="161" />
  <attribute name= "Current Time Running" value="206359" />
  <attribute name ="GC Interval" value="0" />
  <attribute name="Target GC Util Change" value ="80.000000" />
  <attribute name="Current GC Util Change" value="161.000000"/>
  <attribute name="Current Error" value="-137.000000" />
  <attribute name="Output H" value="230762248"/>
  <attribute name="Output I" value="1768"/>
  <attribute name="Output T" value="16"/>
  <attribute name= "Current Time Running" value="206359" />
  <attribute name="GC Util currently" value="161" />
  <attribute name="CPU Util currently" value="1129698205867" />
<exclusive-end id="3534" timestamp="2019-08-08T12:52:54.990" durationms="18.274" />

<exclusive-start id="3535" timestamp="2019-08-08T12:52:55.084" intervalms="112.148">
  <response-info timems="3.336" idlems="3.336" threads="0" lastid="0000000001BC4A00" lastname="Thread-34" />
</exclusive-start>
<allocation-taxation id="3536" taxation-threshold="67108864" timestamp="2019-08-08T12:52:55.084" intervalms="112.142" />
<cycle-start id="3537" type="partial gc" contextid="0" timestamp="2019-08-08T12:52:55.084" intervalms="112.183" />
<gc-start id="3538" type="partial gc" contextid="3537" timestamp="2019-08-08T12:52:55.085">
  <mem-info id="3539" free="75497472" total="236978176" percent="31">
    <mem type="eden" free="0" total="67108864" percent="0" />
    <remembered-set count="27328" freebytes="9364608" totalbytes="9473920" percent="98" regionsoverflowed="0" regionsstable="10" regionsrebuilding="0"/>
  </mem-info>
</gc-start>
<allocation-stats totalBytes="67097568" >
  <allocated-bytes non-tlh="0" tlh="67097568" arrayletleaf="0"/>
  <largest-consumer threadName="Thread-22" threadId="0000000001BEA100" bytes="8092448" />
</allocation-stats>
<gc-op id="3540" type="copy forward" timems="11.674" contextid="3537" timestamp="2019-08-08T12:52:55.098">
  <memory-copied type="eden" objects="14226" bytes="621288" bytesdiscarded="89216" />
  <memory-copied type="other" objects="34287" bytes="1372392" bytesdiscarded="138072" />
  <memory-cardclean objects="26251" bytes="1314080" />
  <regions eden="32" other="3" />
  <remembered-set-cleared processed="13919" cleared="6284" durationms="0.760" />
  <stringconstants candidates="15173" cleared="0"  />
</gc-op>
<gc-op id="3541" type="classunload" timems="0.011" contextid="3537" timestamp="2019-08-08T12:52:55.098">
  <classunload-info classloadercandidates="55" classloadersunloaded="0" classesunloaded="0" anonymousclassesunloaded="0" quiescems="0.000" setupms="0.011" scanms="0.000" postms="0.000" />
</gc-op>
<heap-resize id="3542" type="expand" space="default" amount="4194304" count="1" timems="0.059" reason="excessive time being spent in gc" timestamp="2019-08-08T12:52:55.098" />
<gc-end id="3543" type="partial gc" contextid="3537" durationms="13.358" usertimems="26.046" systemtimems="17.047" timestamp="2019-08-08T12:52:55.098" activeThreads="16">
  <mem-info id="3544" free="144703488" total="241172480" percent="60">
    <mem type="eden" free="1386648" total="2097152" percent="66" />
    <remembered-set count="27648" freebytes="9531008" totalbytes="9641600" percent="98" regionsoverflowed="0" regionsstable="10" regionsrebuilding="0"/>
  </mem-info>
</gc-end>
<cycle-end id="3545" type="partial gc" contextid="3537" timestamp="2019-08-08T12:52:55.098" />
  <attribute name="elasticGC enabled" value="1" />
  <attribute name= "numThreadsSpecified" value="16" />
  <attribute name="heapSize specified" value="0" />
  <attribute name="Current GC Util" value="204" />
  <attribute name= "Current Time Running" value="206471" />
  <attribute name ="GC Interval" value="0" />
  <attribute name="Target GC Util Change" value ="80.000000" />
  <attribute name="Current GC Util Change" value="204.000000"/>
  <attribute name="Current Error" value="-124.000000" />
  <attribute name="Output H" value="237053720"/>
  <attribute name="Output I" value="1792"/>
  <attribute name="Output T" value="16"/>
  <attribute name= "Current Time Running" value="206471" />
  <attribute name="GC Util currently" value="204" />
  <attribute name="CPU Util currently" value="1219365877554" />
<exclusive-end id="3546" timestamp="2019-08-08T12:52:55.098" durationms="14.240" />

<exclusive-start id="3547" timestamp="2019-08-08T12:52:55.144" intervalms="59.851">
  <response-info timems="6.190" idlems="6.190" threads="0" lastid="0000000001BF1900" lastname="Thread-21" />
</exclusive-start>
<allocation-taxation id="3548" taxation-threshold="67108864" timestamp="2019-08-08T12:52:55.144" intervalms="59.842" />
<cycle-start id="3549" type="partial gc" contextid="0" timestamp="2019-08-08T12:52:55.144" intervalms="59.807" />
<gc-start id="3550" type="partial gc" contextid="3549" timestamp="2019-08-08T12:52:55.144">
  <mem-info id="3551" free="77594624" total="241172480" percent="32">
    <mem type="eden" free="0" total="67108864" percent="0" />
    <remembered-set count="27360" freebytes="9532160" totalbytes="9641600" percent="98" regionsoverflowed="0" regionsstable="10" regionsrebuilding="0"/>
  </mem-info>
</gc-start>
<allocation-stats totalBytes="67097656" >
  <allocated-bytes non-tlh="0" tlh="67097656" arrayletleaf="0"/>
  <largest-consumer threadName="Thread-22" threadId="0000000001BEA100" bytes="8772336" />
</allocation-stats>
<gc-op id="3552" type="copy forward" timems="20.322" contextid="3549" timestamp="2019-08-08T12:52:55.166">
  <memory-copied type="eden" objects="10904" bytes="404624" bytesdiscarded="56952" />
  <memory-copied type="other" objects="24044" bytes="989184" bytesdiscarded="88568" />
  <memory-cardclean objects="24468" bytes="1251560" />
  <regions eden="32" other="3" />
  <remembered-set-cleared processed="14811" cleared="4401" durationms="0.442" />
  <stringconstants candidates="15173" cleared="0"  />
</gc-op>
<gc-op id="3553" type="classunload" timems="0.010" contextid="3549" timestamp="2019-08-08T12:52:55.166">
  <classunload-info classloadercandidates="55" classloadersunloaded="0" classesunloaded="0" anonymousclassesunloaded="0" quiescems="0.000" setupms="0.010" scanms="0.000" postms="0.000" />
</gc-op>
<heap-resize id="3554" type="expand" space="default" amount="6291456" count="1" timems="0.060" reason="excessive time being spent in gc" timestamp="2019-08-08T12:52:55.167" />
<gc-end id="3555" type="partial gc" contextid="3549" durationms="22.122" usertimems="34.148" systemtimems="30.450" timestamp="2019-08-08T12:52:55.167" activeThreads="16">
  <mem-info id="3556" free="148897792" total="247463936" percent="60">
    <mem type="eden" free="1635576" total="2097152" percent="77" />
    <remembered-set count="29504" freebytes="9775104" totalbytes="9893120" percent="98" regionsoverflowed="0" regionsstable="10" regionsrebuilding="0"/>
  </mem-info>
</gc-end>
<cycle-end id="3557" type="partial gc" contextid="3549" timestamp="2019-08-08T12:52:55.167" />
  <attribute name="elasticGC enabled" value="1" />
  <attribute name= "numThreadsSpecified" value="16" />
  <attribute name="heapSize specified" value="0" />
  <attribute name="Current GC Util" value="141" />
  <attribute name= "Current Time Running" value="206531" />
  <attribute name ="GC Interval" value="0" />
  <attribute name="Target GC Util Change" value ="80.000000" />
  <attribute name="Current GC Util Change" value="141.000000"/>
  <attribute name="Current Error" value="-176.000000" />
  <attribute name="Output H" value="241247960"/>
  <attribute name="Output I" value="1696"/>
  <attribute name="Output T" value="16"/>
  <attribute name= "Current Time Running" value="206531" />
  <attribute name="GC Util currently" value="141" />
  <attribute name="CPU Util currently" value="1065760333923" />
<exclusive-end id="3558" timestamp="2019-08-08T12:52:55.167" durationms="22.783" />

<exclusive-start id="3559" timestamp="2019-08-08T12:52:55.199" intervalms="55.050">
  <response-info timems="0.501" idlems="0.501" threads="0" lastid="0000000001BE2900" lastname="Thread-27" />
</exclusive-start>
<allocation-taxation id="3560" taxation-threshold="69206016" timestamp="2019-08-08T12:52:55.199" intervalms="55.066" />
<cycle-start id="3561" type="partial gc" contextid="0" timestamp="2019-08-08T12:52:55.199" intervalms="55.091" />
<gc-start id="3562" type="partial gc" contextid="3561" timestamp="2019-08-08T12:52:55.200">
  <mem-info id="3563" free="79691776" total="247463936" percent="32">
    <mem type="eden" free="0" total="69206016" percent="0" />
    <remembered-set count="29248" freebytes="9776128" totalbytes="9893120" percent="98" regionsoverflowed="0" regionsstable="10" regionsrebuilding="0"/>
  </mem-info>
</gc-start>
<allocation-stats totalBytes="69194280" >
  <allocated-bytes non-tlh="0" tlh="69194280" arrayletleaf="0"/>
  <largest-consumer threadName="Thread-22" threadId="0000000001BEA100" bytes="8002296" />
</allocation-stats>
<gc-op id="3564" type="copy forward" timems="19.400" contextid="3561" timestamp="2019-08-08T12:52:55.220">
  <memory-copied type="eden" objects="5270" bytes="132040" bytesdiscarded="30016" />
  <memory-copied type="other" objects="42383" bytes="1841448" bytesdiscarded="192048" />
  <memory-cardclean objects="23296" bytes="1149440" />
  <regions eden="33" other="4" />
  <remembered-set-cleared processed="14440" cleared="6240" durationms="0.171" />
  <stringconstants candidates="15173" cleared="0"  />
</gc-op>
<gc-op id="3565" type="classunload" timems="0.011" contextid="3561" timestamp="2019-08-08T12:52:55.220">
  <classunload-info classloadercandidates="55" classloadersunloaded="0" classesunloaded="0" anonymousclassesunloaded="0" quiescems="0.000" setupms="0.010" scanms="0.000" postms="0.000" />
</gc-op>
<heap-resize id="3566" type="expand" space="default" amount="4194304" count="1" timems="0.056" reason="excessive time being spent in gc" timestamp="2019-08-08T12:52:55.220" />
<gc-end id="3567" type="partial gc" contextid="3561" durationms="20.779" usertimems="33.538" systemtimems="35.437" timestamp="2019-08-08T12:52:55.220" activeThreads="16">
  <mem-info id="3568" free="150994944" total="251658240" percent="60">
    <mem type="eden" free="1935096" total="2097152" percent="92" />
    <remembered-set count="28640" freebytes="9946240" totalbytes="10060800" percent="98" regionsoverflowed="0" regionsstable="10" regionsrebuilding="0"/>
  </mem-info>
</gc-end>
<cycle-end id="3569" type="partial gc" contextid="3561" timestamp="2019-08-08T12:52:55.220" />
  <attribute name="elasticGC enabled" value="1" />
  <attribute name= "numThreadsSpecified" value="16" />
  <attribute name="heapSize specified" value="0" />
  <attribute name="Current GC Util" value="166" />
  <attribute name= "Current Time Running" value="206585" />
  <attribute name ="GC Interval" value="0" />
  <attribute name="Target GC Util Change" value ="80.000000" />
  <attribute name="Current GC Util Change" value="166.000000"/>
  <attribute name="Current Error" value="-298.000000" />
  <attribute name="Output H" value="247539272"/>
  <attribute name="Output I" value="1480"/>
  <attribute name="Output T" value="16"/>
  <attribute name= "Current Time Running" value="206585" />
  <attribute name="GC Util currently" value="166" />
  <attribute name="CPU Util currently" value="1802369050994" />
<exclusive-end id="3570" timestamp="2019-08-08T12:52:55.221" durationms="21.905" />

<exclusive-start id="3571" timestamp="2019-08-08T12:52:55.276" intervalms="76.417">
  <response-info timems="4.875" idlems="4.864" threads="1" lastid="0000000001BD3A00" lastname="Thread-28" />
</exclusive-start>
<allocation-taxation id="3572" taxation-threshold="69206016" timestamp="2019-08-08T12:52:55.276" intervalms="76.404" />
<cycle-start id="3573" type="partial gc" contextid="0" timestamp="2019-08-08T12:52:55.276" intervalms="76.383" />
<gc-start id="3574" type="partial gc" contextid="3573" timestamp="2019-08-08T12:52:55.276">
  <mem-info id="3575" free="81788928" total="251658240" percent="32">
    <mem type="eden" free="0" total="69206016" percent="0" />
    <remembered-set count="28480" freebytes="9946880" totalbytes="10060800" percent="98" regionsoverflowed="0" regionsstable="10" regionsrebuilding="0"/>
  </mem-info>
</gc-start>
<allocation-stats totalBytes="69194160" >
  <allocated-bytes non-tlh="0" tlh="69194160" arrayletleaf="0"/>
  <largest-consumer threadName="Thread-21" threadId="0000000001BF1900" bytes="7887608" />
</allocation-stats>
<gc-op id="3576" type="copy forward" timems="20.671" contextid="3573" timestamp="2019-08-08T12:52:55.299">
  <memory-copied type="eden" objects="4815" bytes="120880" bytesdiscarded="12784" />
  <memory-copied type="other" objects="18091" bytes="571560" bytesdiscarded="27560" />
  <memory-cardclean objects="33734" bytes="1701704" />
  <regions eden="33" other="4" />
  <remembered-set-cleared processed="14006" cleared="5605" durationms="0.140" />
  <stringconstants candidates="15173" cleared="0"  />
</gc-op>
<gc-op id="3577" type="classunload" timems="0.013" contextid="3573" timestamp="2019-08-08T12:52:55.299">
  <classunload-info classloadercandidates="55" classloadersunloaded="0" classesunloaded="0" anonymousclassesunloaded="0" quiescems="0.000" setupms="0.013" scanms="0.000" postms="0.000" />
</gc-op>
<heap-resize id="3578" type="expand" space="default" amount="6291456" count="1" timems="0.058" reason="excessive time being spent in gc" timestamp="2019-08-08T12:52:55.299" />
<gc-end id="3579" type="partial gc" contextid="3573" durationms="23.100" usertimems="34.484" systemtimems="25.773" timestamp="2019-08-08T12:52:55.299" activeThreads="16">
  <mem-info id="3580" free="155189248" total="257949696" percent="60">
    <mem type="eden" free="1963488" total="2097152" percent="93" />
    <remembered-set count="29568" freebytes="10194048" totalbytes="10312320" percent="98" regionsoverflowed="0" regionsstable="10" regionsrebuilding="0"/>
  </mem-info>
</gc-end>
<cycle-end id="3581" type="partial gc" contextid="3573" timestamp="2019-08-08T12:52:55.299" />
  <attribute name="elasticGC enabled" value="1" />
  <attribute name= "numThreadsSpecified" value="16" />
  <attribute name="heapSize specified" value="0" />
  <attribute name="Current GC Util" value="47" />
  <attribute name= "Current Time Running" value="206663" />
  <attribute name ="GC Interval" value="0" />
  <attribute name="Target GC Util Change" value ="80.000000" />
  <attribute name="Current GC Util Change" value="47.000000"/>
  <attribute name="Current Error" value="33.000000" />
  <attribute name="Output H" value="251733960"/>
  <attribute name="Output I" value="2072"/>
  <attribute name="Output T" value="16"/>
  <attribute name= "Current Time Running" value="206663" />
  <attribute name="GC Util currently" value="47" />
  <attribute name="CPU Util currently" value="655359799144" />
<exclusive-end id="3582" timestamp="2019-08-08T12:52:55.299" durationms="23.771" />

<exclusive-start id="3583" timestamp="2019-08-08T12:52:55.341" intervalms="65.939">
  <response-info timems="4.024" idlems="4.024" threads="0" lastid="0000000001B9F300" lastname="Thread-23" />
</exclusive-start>
<allocation-taxation id="3584" taxation-threshold="71303168" timestamp="2019-08-08T12:52:55.342" intervalms="65.934" />
<cycle-start id="3585" type="partial gc" contextid="0" timestamp="2019-08-08T12:52:55.342" intervalms="65.918" />
<gc-start id="3586" type="partial gc" contextid="3585" timestamp="2019-08-08T12:52:55.342">
  <mem-info id="3587" free="83886080" total="257949696" percent="32">
    <mem type="eden" free="0" total="71303168" percent="0" />
    <remembered-set count="29440" freebytes="10194560" totalbytes="10312320" percent="98" regionsoverflowed="0" regionsstable="10" regionsrebuilding="0"/>
  </mem-info>
</gc-start>
<allocation-stats totalBytes="71290728" >
  <allocated-bytes non-tlh="0" tlh="71290728" arrayletleaf="0"/>
  <largest-consumer threadName="Thread-22" threadId="0000000001BEA100" bytes="9620056" />
</allocation-stats>
<gc-op id="3588" type="copy forward" timems="13.655" contextid="3585" timestamp="2019-08-08T12:52:55.357">
  <memory-copied type="eden" objects="17256" bytes="694624" bytesdiscarded="51168" />
  <memory-copied type="other" objects="20144" bytes="620832" bytesdiscarded="47368" />
  <memory-cardclean objects="33020" bytes="1634816" />
  <regions eden="34" other="4" />
  <remembered-set-cleared processed="13281" cleared="4039" durationms="0.183" />
  <stringconstants candidates="15173" cleared="0"  />
</gc-op>
<gc-op id="3589" type="classunload" timems="0.010" contextid="3585" timestamp="2019-08-08T12:52:55.357">
  <classunload-info classloadercandidates="55" classloadersunloaded="0" classesunloaded="0" anonymousclassesunloaded="0" quiescems="0.000" setupms="0.010" scanms="0.000" postms="0.000" />
</gc-op>
<heap-resize id="3590" type="expand" space="default" amount="10485760" count="1" timems="0.118" reason="excessive time being spent in gc" timestamp="2019-08-08T12:52:55.357" />
<gc-end id="3591" type="partial gc" contextid="3585" durationms="15.203" usertimems="25.086" systemtimems="23.993" timestamp="2019-08-08T12:52:55.357" activeThreads="16">
  <mem-info id="3592" free="161480704" total="268435456" percent="60">
    <mem type="eden" free="3448512" total="4194304" percent="82" />
    <remembered-set count="30848" freebytes="10608128" totalbytes="10731520" percent="98" regionsoverflowed="0" regionsstable="10" regionsrebuilding="0"/>
  </mem-info>
</gc-end>
<cycle-end id="3593" type="partial gc" contextid="3585" timestamp="2019-08-08T12:52:55.357" />
  <attribute name="elasticGC enabled" value="1" />
  <attribute name= "numThreadsSpecified" value="16" />
  <attribute name="heapSize specified" value="0" />
  <attribute name="Current GC Util" value="226" />
  <attribute name= "Current Time Running" value="206728" />
  <attribute name ="GC Interval" value="0" />
  <attribute name="Target GC Util Change" value ="80.000000" />
  <attribute name="Current GC Util Change" value="226.000000"/>
  <attribute name="Current Error" value="-125.000000" />
  <attribute name="Output H" value="258025232"/>
  <attribute name="Output I" value="1792"/>
  <attribute name="Output T" value="16"/>
  <attribute name= "Current Time Running" value="206728" />
  <attribute name="GC Util currently" value="226" />
  <attribute name="CPU Util currently" value="1535130535078" />
<exclusive-end id="3594" timestamp="2019-08-08T12:52:55.357" durationms="15.935" />

<exclusive-start id="3595" timestamp="2019-08-08T12:52:55.427" intervalms="85.701">
  <response-info timems="0.778" idlems="0.287" threads="8" lastid="00000000018C3F00" lastname="JIT Compilation Thread-3" />
</exclusive-start>
<allocation-taxation id="3596" taxation-threshold="73400320" timestamp="2019-08-08T12:52:55.427" intervalms="85.703" />
<cycle-start id="3597" type="partial gc" contextid="0" timestamp="2019-08-08T12:52:55.427" intervalms="85.725" />
<gc-start id="3598" type="partial gc" contextid="3597" timestamp="2019-08-08T12:52:55.428">
  <mem-info id="3599" free="88080384" total="268435456" percent="32">
    <mem type="eden" free="0" total="73400320" percent="0" />
    <remembered-set count="30496" freebytes="10609536" totalbytes="10731520" percent="98" regionsoverflowed="0" regionsstable="10" regionsrebuilding="0"/>
  </mem-info>
</gc-start>
<allocation-stats totalBytes="73387872" >
  <allocated-bytes non-tlh="0" tlh="73387872" arrayletleaf="0"/>
  <largest-consumer threadName="Thread-22" threadId="0000000001BEA100" bytes="9382376" />
</allocation-stats>
<gc-op id="3600" type="copy forward" timems="16.702" contextid="3597" timestamp="2019-08-08T12:52:55.445">
  <memory-copied type="eden" objects="16860" bytes="683976" bytesdiscarded="101320" />
  <memory-copied type="other" objects="34185" bytes="1369944" bytesdiscarded="111584" />
  <memory-cardclean objects="32560" bytes="1601096" />
  <regions eden="35" other="5" />
  <remembered-set-cleared processed="14269" cleared="6329" durationms="0.163" />
  <stringconstants candidates="15173" cleared="0"  />
</gc-op>
<gc-op id="3601" type="classunload" timems="0.013" contextid="3597" timestamp="2019-08-08T12:52:55.445">
  <classunload-info classloadercandidates="55" classloadersunloaded="0" classesunloaded="0" anonymousclassesunloaded="0" quiescems="0.000" setupms="0.013" scanms="0.000" postms="0.000" />
</gc-op>
<gc-end id="3602" type="partial gc" contextid="3597" durationms="17.934" usertimems="39.430" systemtimems="24.435" timestamp="2019-08-08T12:52:55.446" activeThreads="16">
  <mem-info id="3603" free="161480704" total="268435456" percent="60">
    <mem type="eden" free="1311856" total="2097152" percent="62" />
    <remembered-set count="32288" freebytes="10602368" totalbytes="10731520" percent="98" regionsoverflowed="0" regionsstable="10" regionsrebuilding="0"/>
  </mem-info>
</gc-end>
<cycle-end id="3604" type="partial gc" contextid="3597" timestamp="2019-08-08T12:52:55.446" />
  <attribute name="elasticGC enabled" value="1" />
  <attribute name= "numThreadsSpecified" value="16" />
  <attribute name="heapSize specified" value="0" />
  <attribute name="Current GC Util" value="174" />
  <attribute name= "Current Time Running" value="206813" />
  <attribute name ="GC Interval" value="0" />
  <attribute name="Target GC Util Change" value ="80.000000" />
  <attribute name="Current GC Util Change" value="174.000000"/>
  <attribute name="Current Error" value="-194.000000" />
  <attribute name="Output H" value="268510912"/>
  <attribute name="Output I" value="1664"/>
  <attribute name="Output T" value="16"/>
  <attribute name= "Current Time Running" value="206813" />
  <attribute name="GC Util currently" value="174" />
  <attribute name="CPU Util currently" value="2080589840942" />
<exclusive-end id="3605" timestamp="2019-08-08T12:52:55.446" durationms="18.679" />

<exclusive-start id="3606" timestamp="2019-08-08T12:52:55.536" intervalms="109.266">
  <response-info timems="1.014" idlems="0.316" threads="3" lastid="0000000001BEDD00" lastname="Thread-33" />
</exclusive-start>
<allocation-taxation id="3607" taxation-threshold="73400320" timestamp="2019-08-08T12:52:55.537" intervalms="109.269" />
<cycle-start id="3608" type="partial gc" contextid="0" timestamp="2019-08-08T12:52:55.537" intervalms="109.260" />
<gc-start id="3609" type="partial gc" contextid="3608" timestamp="2019-08-08T12:52:55.537">
  <mem-info id="3610" free="88080384" total="268435456" percent="32">
    <mem type="eden" free="0" total="73400320" percent="0" />
    <remembered-set count="32128" freebytes="10603008" totalbytes="10731520" percent="98" regionsoverflowed="0" regionsstable="10" regionsrebuilding="0"/>
  </mem-info>
</gc-start>
<allocation-stats totalBytes="73387112" >
  <allocated-bytes non-tlh="0" tlh="73387112" arrayletleaf="0"/>
  <largest-consumer threadName="Thread-35" threadId="0000000001BF5500" bytes="8751576" />
</allocation-stats>
<gc-op id="3611" type="copy forward" timems="15.988" contextid="3608" timestamp="2019-08-08T12:52:55.555">
  <memory-copied type="eden" objects="12429" bytes="440536" bytesdiscarded="57928" />
  <memory-copied type="other" objects="38078" bytes="1738128" bytesdiscarded="203424" />
  <memory-cardclean objects="21118" bytes="1059344" />
  <regions eden="35" other="4" />
  <remembered-set-cleared processed="15221" cleared="7062" durationms="0.940" />
  <stringconstants candidates="15173" cleared="0"  />
</gc-op>
<gc-op id="3612" type="classunload" timems="0.010" contextid="3608" timestamp="2019-08-08T12:52:55.555">
  <classunload-info classloadercandidates="55" classloadersunloaded="0" classesunloaded="0" anonymousclassesunloaded="0" quiescems="0.000" setupms="0.010" scanms="0.000" postms="0.000" />
</gc-op>
<heap-resize id="3613" type="expand" space="default" amount="4194304" count="1" timems="0.112" reason="excessive time being spent in gc" timestamp="2019-08-08T12:52:55.555" />
<gc-end id="3614" type="partial gc" contextid="3608" durationms="17.646" usertimems="51.270" systemtimems="17.566" timestamp="2019-08-08T12:52:55.555" activeThreads="16">
  <mem-info id="3615" free="163577856" total="272629760" percent="60">
    <mem type="eden" free="1598688" total="2097152" percent="76" />
    <remembered-set count="28032" freebytes="10787072" totalbytes="10899200" percent="98" regionsoverflowed="0" regionsstable="10" regionsrebuilding="0"/>
  </mem-info>
</gc-end>
<cycle-end id="3616" type="partial gc" contextid="3608" timestamp="2019-08-08T12:52:55.555" />
  <attribute name="elasticGC enabled" value="1" />
  <attribute name= "numThreadsSpecified" value="16" />
  <attribute name="heapSize specified" value="0" />
  <attribute name="Current GC Util" value="87" />
  <attribute name= "Current Time Running" value="206923" />
  <attribute name ="GC Interval" value="0" />
  <attribute name="Target GC Util Change" value ="80.000000" />
  <attribute name="Current GC Util Change" value="87.000000"/>
  <attribute name="Current Error" value="-7.000000" />
  <attribute name="Output H" value="268511128"/>
  <attribute name="Output I" value="2000"/>
  <attribute name="Output T" value="16"/>
  <attribute name= "Current Time Running" value="206923" />
  <attribute name="GC Util currently" value="87" />
  <attribute name="CPU Util currently" value="1110837336897" />
<exclusive-end id="3617" timestamp="2019-08-08T12:52:55.555" durationms="18.728" />

<exclusive-start id="3618" timestamp="2019-08-08T12:52:55.604" intervalms="67.817">
  <response-info timems="0.844" idlems="0.466" threads="1" lastid="0000000001BAE300" lastname="Thread-26" />
</exclusive-start>
<allocation-taxation id="3619" taxation-threshold="75497472" timestamp="2019-08-08T12:52:55.604" intervalms="67.823" />
<cycle-start id="3620" type="partial gc" contextid="0" timestamp="2019-08-08T12:52:55.604" intervalms="67.837" />
<gc-start id="3621" type="partial gc" contextid="3620" timestamp="2019-08-08T12:52:55.605">
  <mem-info id="3622" free="88080384" total="272629760" percent="32">
    <mem type="eden" free="0" total="75497472" percent="0" />
    <remembered-set count="27872" freebytes="10787712" totalbytes="10899200" percent="98" regionsoverflowed="0" regionsstable="10" regionsrebuilding="0"/>
  </mem-info>
</gc-start>
<allocation-stats totalBytes="75484248" >
  <allocated-bytes non-tlh="0" tlh="75484248" arrayletleaf="0"/>
  <largest-consumer threadName="Thread-29" threadId="0000000001BAA700" bytes="11008480" />
</allocation-stats>
<gc-op id="3623" type="copy forward" timems="11.836" contextid="3620" timestamp="2019-08-08T12:52:55.618">
  <memory-copied type="eden" objects="21472" bytes="885040" bytesdiscarded="61656" />
  <memory-copied type="other" objects="45075" bytes="1906056" bytesdiscarded="171792" />
  <memory-cardclean objects="24265" bytes="1269320" />
  <regions eden="36" other="4" />
  <remembered-set-cleared processed="12973" cleared="5462" durationms="0.504" />
  <stringconstants candidates="15173" cleared="0"  />
</gc-op>
<gc-op id="3624" type="classunload" timems="0.011" contextid="3620" timestamp="2019-08-08T12:52:55.618">
  <classunload-info classloadercandidates="55" classloadersunloaded="0" classesunloaded="0" anonymousclassesunloaded="0" quiescems="0.000" setupms="0.011" scanms="0.000" postms="0.000" />
</gc-op>
<heap-resize id="3625" type="expand" space="default" amount="10485760" count="1" timems="0.068" reason="excessive time being spent in gc" timestamp="2019-08-08T12:52:55.619" />
<gc-end id="3626" type="partial gc" contextid="3620" durationms="13.868" usertimems="37.600" systemtimems="6.978" timestamp="2019-08-08T12:52:55.619" activeThreads="16">
  <mem-info id="3627" free="169869312" total="283115520" percent="60">
    <mem type="eden" free="3247608" total="4194304" percent="77" />
    <remembered-set count="30304" freebytes="11197184" totalbytes="11318400" percent="98" regionsoverflowed="0" regionsstable="10" regionsrebuilding="0"/>
  </mem-info>
</gc-end>
<cycle-end id="3628" type="partial gc" contextid="3620" timestamp="2019-08-08T12:52:55.619" />
  <attribute name="elasticGC enabled" value="1" />
  <attribute name= "numThreadsSpecified" value="16" />
  <attribute name="heapSize specified" value="0" />
  <attribute name="Current GC Util" value="68" />
  <attribute name= "Current Time Running" value="206991" />
  <attribute name ="GC Interval" value="0" />
  <attribute name="Target GC Util Change" value ="80.000000" />
  <attribute name="Current GC Util Change" value="68.000000"/>
  <attribute name="Current Error" value="6.000000" />
  <attribute name="Output H" value="272705448"/>
  <attribute name="Output I" value="2024"/>
  <attribute name="Output T" value="16"/>
  <attribute name= "Current Time Running" value="206991" />
  <attribute name="GC Util currently" value="68" />
  <attribute name="CPU Util currently" value="920607122302" />
<exclusive-end id="3629" timestamp="2019-08-08T12:52:55.619" durationms="14.618" />

<exclusive-start id="3630" timestamp="2019-08-08T12:52:55.680" intervalms="76.201">
  <response-info timems="1.701" idlems="1.701" threads="0" lastid="0000000001BE2900" lastname="Thread-27" />
</exclusive-start>
<allocation-taxation id="3631" taxation-threshold="77594624" timestamp="2019-08-08T12:52:55.681" intervalms="76.191" />
<cycle-start id="3632" type="partial gc" contextid="0" timestamp="2019-08-08T12:52:55.681" intervalms="76.370" />
<gc-start id="3633" type="partial gc" contextid="3632" timestamp="2019-08-08T12:52:55.681">
  <mem-info id="3634" free="92274688" total="283115520" percent="32">
    <mem type="eden" free="0" total="77594624" percent="0" />
    <remembered-set count="29888" freebytes="11198848" totalbytes="11318400" percent="98" regionsoverflowed="0" regionsstable="10" regionsrebuilding="0"/>
  </mem-info>
</gc-start>
<allocation-stats totalBytes="77581304" >
  <allocated-bytes non-tlh="0" tlh="77581304" arrayletleaf="0"/>
  <largest-consumer threadName="Thread-29" threadId="0000000001BAA700" bytes="11671648" />
</allocation-stats>
<gc-op id="3635" type="copy forward" timems="16.056" contextid="3632" timestamp="2019-08-08T12:52:55.699">
  <memory-copied type="eden" objects="17827" bytes="619672" bytesdiscarded="55088" />
  <memory-copied type="other" objects="42155" bytes="1787952" bytesdiscarded="194192" />
  <memory-cardclean objects="24422" bytes="1333400" />
  <regions eden="37" other="5" />
  <remembered-set-cleared processed="14148" cleared="5784" durationms="0.180" />
  <stringconstants candidates="15173" cleared="0"  />
</gc-op>
<gc-op id="3636" type="classunload" timems="0.014" contextid="3632" timestamp="2019-08-08T12:52:55.699">
  <classunload-info classloadercandidates="55" classloadersunloaded="0" classesunloaded="0" anonymousclassesunloaded="0" quiescems="0.000" setupms="0.013" scanms="0.000" postms="0.000" />
</gc-op>
<gc-end id="3637" type="partial gc" contextid="3632" durationms="18.358" usertimems="33.872" systemtimems="25.935" timestamp="2019-08-08T12:52:55.699" activeThreads="16">
  <mem-info id="3638" free="169869312" total="283115520" percent="60">
    <mem type="eden" free="1422392" total="2097152" percent="67" />
    <remembered-set count="30240" freebytes="11197440" totalbytes="11318400" percent="98" regionsoverflowed="0" regionsstable="10" regionsrebuilding="0"/>
  </mem-info>
</gc-end>
<cycle-end id="3639" type="partial gc" contextid="3632" timestamp="2019-08-08T12:52:55.700" />
  <attribute name="elasticGC enabled" value="1" />
  <attribute name= "numThreadsSpecified" value="16" />
  <attribute name="heapSize specified" value="0" />
  <attribute name="Current GC Util" value="147" />
  <attribute name= "Current Time Running" value="207068" />
  <attribute name ="GC Interval" value="0" />
  <attribute name="Target GC Util Change" value ="80.000000" />
  <attribute name="Current GC Util Change" value="147.000000"/>
  <attribute name="Current Error" value="-37.000000" />
  <attribute name="Output H" value="283191160"/>
  <attribute name="Output I" value="1944"/>
  <attribute name="Output T" value="16"/>
  <attribute name= "Current Time Running" value="207068" />
  <attribute name="GC Util currently" value="147" />
  <attribute name="CPU Util currently" value="636590496349" />
<exclusive-end id="3640" timestamp="2019-08-08T12:52:55.700" durationms="19.283" />

<exclusive-start id="3641" timestamp="2019-08-08T12:52:55.734" intervalms="53.474">
  <response-info timems="0.451" idlems="0.451" threads="0" lastid="0000000001BE2900" lastname="Thread-27" />
</exclusive-start>
<allocation-taxation id="3642" taxation-threshold="77594624" timestamp="2019-08-08T12:52:55.734" intervalms="53.476" />
<cycle-start id="3643" type="partial gc" contextid="0" timestamp="2019-08-08T12:52:55.734" intervalms="53.311" />
<gc-start id="3644" type="partial gc" contextid="3643" timestamp="2019-08-08T12:52:55.734">
  <mem-info id="3645" free="92274688" total="283115520" percent="32">
    <mem type="eden" free="0" total="77594624" percent="0" />
    <remembered-set count="30208" freebytes="11197568" totalbytes="11318400" percent="98" regionsoverflowed="0" regionsstable="10" regionsrebuilding="0"/>
  </mem-info>
</gc-start>
<allocation-stats totalBytes="77581096" >
  <allocated-bytes non-tlh="0" tlh="77581096" arrayletleaf="0"/>
  <largest-consumer threadName="Thread-29" threadId="0000000001BAA700" bytes="9403104" />
</allocation-stats>
<gc-op id="3646" type="copy forward" timems="10.046" contextid="3643" timestamp="2019-08-08T12:52:55.746">
  <memory-copied type="eden" objects="17063" bytes="689960" bytesdiscarded="0" />
  <memory-copied type="other" objects="44743" bytes="1764792" bytesdiscarded="0" />
  <memory-cardclean objects="23713" bytes="1199504" />
  <regions eden="37" other="4" />
  <remembered-set-cleared processed="12955" cleared="2348" durationms="0.744" />
  <stringconstants candidates="15173" cleared="0"  />
</gc-op>
<gc-op id="3647" type="classunload" timems="0.011" contextid="3643" timestamp="2019-08-08T12:52:55.746">
  <classunload-info classloadercandidates="55" classloadersunloaded="0" classesunloaded="0" anonymousclassesunloaded="0" quiescems="0.000" setupms="0.010" scanms="0.000" postms="0.000" />
</gc-op>
<heap-resize id="3648" type="expand" space="default" amount="6291456" count="1" timems="0.079" reason="excessive time being spent in gc" timestamp="2019-08-08T12:52:55.746" />
<gc-end id="3649" type="partial gc" contextid="3643" durationms="11.831" usertimems="16.591" systemtimems="1.217" timestamp="2019-08-08T12:52:55.746" activeThreads="1">
  <mem-info id="3650" free="174063616" total="289406976" percent="60">
    <mem type="eden" free="1407192" total="2097152" percent="67" />
    <remembered-set count="34656" freebytes="11431296" totalbytes="11569920" percent="98" regionsoverflowed="0" regionsstable="10" regionsrebuilding="0"/>
  </mem-info>
</gc-end>
<cycle-end id="3651" type="partial gc" contextid="3643" timestamp="2019-08-08T12:52:55.746" />
  <attribute name="elasticGC enabled" value="1" />
  <attribute name= "numThreadsSpecified" value="1" />
  <attribute name="heapSize specified" value="0" />
  <attribute name="Current GC Util" value="104" />
  <attribute name= "Current Time Running" value="207120" />
  <attribute name ="GC Interval" value="0" />
  <attribute name="Target GC Util Change" value ="80.000000" />
  <attribute name="Current GC Util Change" value="104.000000"/>
  <attribute name="Current Error" value="-24.000000" />
  <attribute name="Output H" value="283191176"/>
  <attribute name="Output I" value="1968"/>
  <attribute name="Output T" value="1"/>
  <attribute name= "Current Time Running" value="207120" />
  <attribute name="GC Util currently" value="104" />
  <attribute name="CPU Util currently" value="1197961153884" />
<exclusive-end id="3652" timestamp="2019-08-08T12:52:55.746" durationms="12.557" />

<exclusive-start id="3653" timestamp="2019-08-08T12:52:55.837" intervalms="102.800">
  <response-info timems="3.307" idlems="0.737" threads="4" lastid="0000000001BD3A00" lastname="Thread-28" />
</exclusive-start>
<allocation-taxation id="3654" taxation-threshold="79691776" timestamp="2019-08-08T12:52:55.837" intervalms="102.860" />
<cycle-start id="3655" type="partial gc" contextid="0" timestamp="2019-08-08T12:52:55.837" intervalms="102.858" />
<gc-start id="3656" type="partial gc" contextid="3655" timestamp="2019-08-08T12:52:55.837">
  <mem-info id="3657" free="94371840" total="289406976" percent="32">
    <mem type="eden" free="0" total="79691776" percent="0" />
    <remembered-set count="34464" freebytes="11432064" totalbytes="11569920" percent="98" regionsoverflowed="0" regionsstable="10" regionsrebuilding="0"/>
  </mem-info>
</gc-start>
<allocation-stats totalBytes="79678136" >
  <allocated-bytes non-tlh="0" tlh="79678136" arrayletleaf="0"/>
  <largest-consumer threadName="Thread-29" threadId="0000000001BAA700" bytes="11151512" />
</allocation-stats>
<gc-op id="3658" type="copy forward" timems="10.227" contextid="3655" timestamp="2019-08-08T12:52:55.849">
  <memory-copied type="eden" objects="13012" bytes="455144" bytesdiscarded="41000" />
  <memory-copied type="other" objects="40144" bytes="1650336" bytesdiscarded="106528" />
  <memory-cardclean objects="28051" bytes="1461992" />
  <regions eden="38" other="4" />
  <remembered-set-cleared processed="14726" cleared="4066" durationms="0.160" />
  <stringconstants candidates="15173" cleared="0"  />
</gc-op>
<gc-op id="3659" type="classunload" timems="0.013" contextid="3655" timestamp="2019-08-08T12:52:55.849">
  <classunload-info classloadercandidates="55" classloadersunloaded="0" classesunloaded="0" anonymousclassesunloaded="0" quiescems="0.000" setupms="0.013" scanms="0.000" postms="0.000" />
</gc-op>
<heap-resize id="3660" type="expand" space="default" amount="4194304" count="1" timems="0.064" reason="excessive time being spent in gc" timestamp="2019-08-08T12:52:55.849" />
<gc-end id="3661" type="partial gc" contextid="3655" durationms="12.062" usertimems="22.312" systemtimems="13.641" timestamp="2019-08-08T12:52:55.849" activeThreads="16">
  <mem-info id="3662" free="176160768" total="293601280" percent="60">
    <mem type="eden" free="1601008" total="2097152" percent="76" />
    <remembered-set count="31680" freebytes="11610880" totalbytes="11737600" percent="98" regionsoverflowed="0" regionsstable="10" regionsrebuilding="0"/>
  </mem-info>
</gc-end>
<cycle-end id="3663" type="partial gc" contextid="3655" timestamp="2019-08-08T12:52:55.849" />
  <attribute name="elasticGC enabled" value="1" />
  <attribute name= "numThreadsSpecified" value="16" />
  <attribute name="heapSize specified" value="0" />
  <attribute name="Current GC Util" value="163" />
  <attribute name= "Current Time Running" value="207223" />
  <attribute name ="GC Interval" value="0" />
  <attribute name="Target GC Util Change" value ="80.000000" />
  <attribute name="Current GC Util Change" value="163.000000"/>
  <attribute name="Current Error" value="-38.000000" />
  <attribute name="Output H" value="289482616"/>
  <attribute name="Output I" value="1944"/>
  <attribute name="Output T" value="16"/>
  <attribute name= "Current Time Running" value="207223" />
  <attribute name="GC Util currently" value="163" />
  <attribute name="CPU Util currently" value="987964019801" />
<exclusive-end id="3664" timestamp="2019-08-08T12:52:55.849" durationms="12.729" />

<exclusive-start id="3665" timestamp="2019-08-08T12:52:55.885" intervalms="47.948">
  <response-info timems="0.187" idlems="0.096" threads="1" lastid="0000000001BDED00" lastname="Thread-25" />
</exclusive-start>
<allocation-taxation id="3666" taxation-threshold="79691776" timestamp="2019-08-08T12:52:55.885" intervalms="47.907" />
<cycle-start id="3667" type="partial gc" contextid="0" timestamp="2019-08-08T12:52:55.885" intervalms="47.891" />
<gc-start id="3668" type="partial gc" contextid="3667" timestamp="2019-08-08T12:52:55.885">
  <mem-info id="3669" free="96468992" total="293601280" percent="32">
    <mem type="eden" free="0" total="79691776" percent="0" />
    <remembered-set count="31264" freebytes="11612544" totalbytes="11737600" percent="98" regionsoverflowed="0" regionsstable="10" regionsrebuilding="0"/>
  </mem-info>
</gc-start>
<allocation-stats totalBytes="79678384" >
  <allocated-bytes non-tlh="0" tlh="79678384" arrayletleaf="0"/>
  <largest-consumer threadName="Thread-29" threadId="0000000001BAA700" bytes="10881472" />
</allocation-stats>
<gc-op id="3670" type="copy forward" timems="13.732" contextid="3667" timestamp="2019-08-08T12:52:55.900">
  <memory-copied type="eden" objects="9388" bytes="231136" bytesdiscarded="25312" />
  <memory-copied type="other" objects="36405" bytes="1423224" bytesdiscarded="141416" />
  <memory-cardclean objects="27256" bytes="1419440" />
  <regions eden="38" other="4" />
  <remembered-set-cleared processed="16145" cleared="6109" durationms="0.182" />
  <stringconstants candidates="15173" cleared="0"  />
</gc-op>
<gc-op id="3671" type="classunload" timems="0.010" contextid="3667" timestamp="2019-08-08T12:52:55.900">
  <classunload-info classloadercandidates="55" classloadersunloaded="0" classesunloaded="0" anonymousclassesunloaded="0" quiescems="0.000" setupms="0.010" scanms="0.000" postms="0.000" />
</gc-op>
<heap-resize id="3672" type="expand" space="default" amount="10485760" count="1" timems="0.069" reason="excessive time being spent in gc" timestamp="2019-08-08T12:52:55.900" />
<gc-end id="3673" type="partial gc" contextid="3667" durationms="15.241" usertimems="59.100" systemtimems="0.000" timestamp="2019-08-08T12:52:55.900" activeThreads="16">
  <mem-info id="3674" free="182452224" total="304087040" percent="60">
    <mem type="eden" free="3937856" total="4194304" percent="93" />
    <remembered-set count="32992" freebytes="12024832" totalbytes="12156800" percent="98" regionsoverflowed="0" regionsstable="10" regionsrebuilding="0"/>
  </mem-info>
</gc-end>
<cycle-end id="3675" type="partial gc" contextid="3667" timestamp="2019-08-08T12:52:55.901" />
  <attribute name="elasticGC enabled" value="1" />
  <attribute name= "numThreadsSpecified" value="16" />
  <attribute name="heapSize specified" value="0" />
  <attribute name="Current GC Util" value="183" />
  <attribute name= "Current Time Running" value="207271" />
  <attribute name ="GC Interval" value="0" />
  <attribute name="Target GC Util Change" value ="80.000000" />
  <attribute name="Current GC Util Change" value="183.000000"/>
  <attribute name="Current Error" value="-135.000000" />
  <attribute name="Output H" value="293676808"/>
  <attribute name="Output I" value="1768"/>
  <attribute name="Output T" value="16"/>
  <attribute name= "Current Time Running" value="207271" />
  <attribute name="GC Util currently" value="183" />
  <attribute name="CPU Util currently" value="1565363341211" />
<exclusive-end id="3676" timestamp="2019-08-08T12:52:55.901" durationms="15.978" />

<exclusive-start id="3677" timestamp="2019-08-08T12:52:55.989" intervalms="104.507">
  <response-info timems="3.062" idlems="3.062" threads="0" lastid="0000000001BC4A00" lastname="Thread-34" />
</exclusive-start>
<allocation-taxation id="3678" taxation-threshold="83886080" timestamp="2019-08-08T12:52:55.989" intervalms="104.490" />
<cycle-start id="3679" type="partial gc" contextid="0" timestamp="2019-08-08T12:52:55.989" intervalms="104.558" />
<gc-start id="3680" type="partial gc" contextid="3679" timestamp="2019-08-08T12:52:55.990">
  <mem-info id="3681" free="98566144" total="304087040" percent="32">
    <mem type="eden" free="0" total="83886080" percent="0" />
    <remembered-set count="32864" freebytes="12025344" totalbytes="12156800" percent="98" regionsoverflowed="0" regionsstable="10" regionsrebuilding="0"/>
  </mem-info>
</gc-start>
<allocation-stats totalBytes="83871512" >
  <allocated-bytes non-tlh="0" tlh="83871512" arrayletleaf="0"/>
  <largest-consumer threadName="Thread-27" threadId="0000000001BE2900" bytes="12682952" />
</allocation-stats>
<gc-op id="3682" type="copy forward" timems="15.255" contextid="3679" timestamp="2019-08-08T12:52:56.011">
  <memory-copied type="eden" objects="20849" bytes="781448" bytesdiscarded="6032" />
  <memory-copied type="other" objects="31034" bytes="1156944" bytesdiscarded="25784" />
  <memory-cardclean objects="31378" bytes="1555400" />
  <regions eden="40" other="5" />
  <remembered-set-cleared processed="14735" cleared="4434" durationms="0.164" />
  <stringconstants candidates="15173" cleared="0"  />
</gc-op>
<gc-op id="3683" type="classunload" timems="0.013" contextid="3679" timestamp="2019-08-08T12:52:56.011">
  <classunload-info classloadercandidates="55" classloadersunloaded="0" classesunloaded="0" anonymousclassesunloaded="0" quiescems="0.000" setupms="0.013" scanms="0.000" postms="0.000" />
</gc-op>
<gc-end id="3684" type="partial gc" contextid="3679" durationms="21.764" usertimems="48.073" systemtimems="20.446" timestamp="2019-08-08T12:52:56.012" activeThreads="16">
  <mem-info id="3685" free="182452224" total="304087040" percent="60">
    <mem type="eden" free="1309672" total="2097152" percent="62" />
    <remembered-set count="32032" freebytes="12028672" totalbytes="12156800" percent="98" regionsoverflowed="0" regionsstable="10" regionsrebuilding="0"/>
  </mem-info>
</gc-end>
<cycle-end id="3686" type="partial gc" contextid="3679" timestamp="2019-08-08T12:52:56.012" />
  <attribute name="elasticGC enabled" value="1" />
  <attribute name= "numThreadsSpecified" value="16" />
  <attribute name="heapSize specified" value="0" />
  <attribute name="Current GC Util" value="202" />
  <attribute name= "Current Time Running" value="207380" />
  <attribute name ="GC Interval" value="0" />
  <attribute name="Target GC Util Change" value ="80.000000" />
  <attribute name="Current GC Util Change" value="202.000000"/>
  <attribute name="Current Error" value="-122.000000" />
  <attribute name="Output H" value="304162584"/>
  <attribute name="Output I" value="1792"/>
  <attribute name="Output T" value="16"/>
  <attribute name= "Current Time Running" value="207380" />
  <attribute name="GC Util currently" value="202" />
  <attribute name="CPU Util currently" value="202923067172" />
<exclusive-end id="3687" timestamp="2019-08-08T12:52:56.012" durationms="22.846" />

<exclusive-start id="3688" timestamp="2019-08-08T12:52:56.057" intervalms="67.422">
  <response-info timems="1.758" idlems="0.475" threads="3" lastid="0000000001BEDD00" lastname="Thread-33" />
</exclusive-start>
<allocation-taxation id="3689" taxation-threshold="83886080" timestamp="2019-08-08T12:52:56.057" intervalms="67.417" />
<cycle-start id="3690" type="partial gc" contextid="0" timestamp="2019-08-08T12:52:56.057" intervalms="67.457" />
<gc-start id="3691" type="partial gc" contextid="3690" timestamp="2019-08-08T12:52:56.057">
  <mem-info id="3692" free="98566144" total="304087040" percent="32">
    <mem type="eden" free="0" total="83886080" percent="0" />
    <remembered-set count="31584" freebytes="12030464" totalbytes="12156800" percent="98" regionsoverflowed="0" regionsstable="10" regionsrebuilding="0"/>
  </mem-info>
</gc-start>
<allocation-stats totalBytes="83871832" >
  <allocated-bytes non-tlh="0" tlh="83871832" arrayletleaf="0"/>
  <largest-consumer threadName="Thread-21" threadId="0000000001BF1900" bytes="10001080" />
</allocation-stats>
<gc-op id="3693" type="copy forward" timems="11.953" contextid="3690" timestamp="2019-08-08T12:52:56.070">
  <memory-copied type="eden" objects="14215" bytes="484640" bytesdiscarded="62744" />
  <memory-copied type="other" objects="45329" bytes="1774776" bytesdiscarded="132592" />
  <memory-cardclean objects="30821" bytes="1551824" />
  <regions eden="40" other="4" />
  <remembered-set-cleared processed="15601" cleared="4580" durationms="0.166" />
  <stringconstants candidates="15173" cleared="0"  />
</gc-op>
<gc-op id="3694" type="classunload" timems="0.010" contextid="3690" timestamp="2019-08-08T12:52:56.070">
  <classunload-info classloadercandidates="55" classloadersunloaded="0" classesunloaded="0" anonymousclassesunloaded="0" quiescems="0.000" setupms="0.010" scanms="0.000" postms="0.000" />
</gc-op>
<heap-resize id="3695" type="expand" space="default" amount="6291456" count="1" timems="0.062" reason="excessive time being spent in gc" timestamp="2019-08-08T12:52:56.070" />
<gc-end id="3696" type="partial gc" contextid="3690" durationms="13.242" usertimems="27.462" systemtimems="20.148" timestamp="2019-08-08T12:52:56.070" activeThreads="16">
  <mem-info id="3697" free="186646528" total="310378496" percent="60">
    <mem type="eden" free="1549768" total="2097152" percent="73" />
    <remembered-set count="35808" freebytes="12265088" totalbytes="12408320" percent="98" regionsoverflowed="0" regionsstable="10" regionsrebuilding="0"/>
  </mem-info>
</gc-end>
<cycle-end id="3698" type="partial gc" contextid="3690" timestamp="2019-08-08T12:52:56.071" />
  <attribute name="elasticGC enabled" value="1" />
  <attribute name= "numThreadsSpecified" value="16" />
  <attribute name="heapSize specified" value="0" />
  <attribute name="Current GC Util" value="154" />
  <attribute name= "Current Time Running" value="207443" />
  <attribute name ="GC Interval" value="0" />
  <attribute name="Target GC Util Change" value ="80.000000" />
  <attribute name="Current GC Util Change" value="154.000000"/>
  <attribute name="Current Error" value="-177.000000" />
  <attribute name="Output H" value="304162520"/>
  <attribute name="Output I" value="1696"/>
  <attribute name="Output T" value="16"/>
  <attribute name= "Current Time Running" value="207443" />
  <attribute name="GC Util currently" value="154" />
  <attribute name="CPU Util currently" value="1860658048844" />
<exclusive-end id="3699" timestamp="2019-08-08T12:52:56.071" durationms="14.129" />

<exclusive-start id="3700" timestamp="2019-08-08T12:52:56.118" intervalms="61.689">
  <response-info timems="0.702" idlems="0.469" threads="2" lastid="0000000001BEDD00" lastname="Thread-33" />
</exclusive-start>
<allocation-taxation id="3701" taxation-threshold="83886080" timestamp="2019-08-08T12:52:56.118" intervalms="61.700" />
<cycle-start id="3702" type="partial gc" contextid="0" timestamp="2019-08-08T12:52:56.118" intervalms="61.562" />
<gc-start id="3703" type="partial gc" contextid="3702" timestamp="2019-08-08T12:52:56.119">
  <mem-info id="3704" free="102760448" total="310378496" percent="33">
    <mem type="eden" free="0" total="83886080" percent="0" />
    <remembered-set count="35360" freebytes="12266880" totalbytes="12408320" percent="98" regionsoverflowed="0" regionsstable="10" regionsrebuilding="0"/>
  </mem-info>
</gc-start>
<allocation-stats totalBytes="83871392" >
  <allocated-bytes non-tlh="0" tlh="83871392" arrayletleaf="0"/>
  <largest-consumer threadName="Thread-29" threadId="0000000001BAA700" bytes="9345448" />
</allocation-stats>
<gc-op id="3705" type="copy forward" timems="14.972" contextid="3702" timestamp="2019-08-08T12:52:56.135">
  <memory-copied type="eden" objects="18521" bytes="725144" bytesdiscarded="72176" />
  <memory-copied type="other" objects="32785" bytes="1198968" bytesdiscarded="161352" />
  <memory-cardclean objects="37790" bytes="1928648" />
  <regions eden="40" other="4" />
  <remembered-set-cleared processed="16660" cleared="5278" durationms="0.702" />
  <stringconstants candidates="15173" cleared="0"  />
</gc-op>
<gc-op id="3706" type="classunload" timems="0.010" contextid="3702" timestamp="2019-08-08T12:52:56.135">
  <classunload-info classloadercandidates="55" classloadersunloaded="0" classesunloaded="0" anonymousclassesunloaded="0" quiescems="0.000" setupms="0.010" scanms="0.000" postms="0.000" />
</gc-op>
<heap-resize id="3707" type="expand" space="default" amount="4194304" count="1" timems="0.064" reason="excessive time being spent in gc" timestamp="2019-08-08T12:52:56.135" />
<gc-end id="3708" type="partial gc" contextid="3702" durationms="16.702" usertimems="43.517" systemtimems="12.314" timestamp="2019-08-08T12:52:56.135" activeThreads="16">
  <mem-info id="3709" free="188743680" total="314572800" percent="60">
    <mem type="eden" free="1299832" total="2097152" percent="61" />
    <remembered-set count="35712" freebytes="12433152" totalbytes="12576000" percent="98" regionsoverflowed="0" regionsstable="10" regionsrebuilding="0"/>
  </mem-info>
</gc-end>
<cycle-end id="3710" type="partial gc" contextid="3702" timestamp="2019-08-08T12:52:56.136" />
  <attribute name="elasticGC enabled" value="1" />
  <attribute name= "numThreadsSpecified" value="16" />
  <attribute name="heapSize specified" value="0" />
  <attribute name="Current GC Util" value="153" />
  <attribute name= "Current Time Running" value="207505" />
  <attribute name ="GC Interval" value="0" />
  <attribute name="Target GC Util Change" value ="80.000000" />
  <attribute name="Current GC Util Change" value="153.000000"/>
  <attribute name="Current Error" value="-246.000000" />
  <attribute name="Output H" value="310453896"/>
  <attribute name="Output I" value="1576"/>
  <attribute name="Output T" value="16"/>
  <attribute name= "Current Time Running" value="207505" />
  <attribute name="GC Util currently" value="153" />
  <attribute name="CPU Util currently" value="1209297654582" />
<exclusive-end id="3711" timestamp="2019-08-08T12:52:56.136" durationms="17.686" />

<exclusive-start id="3712" timestamp="2019-08-08T12:52:56.213" intervalms="94.968">
  <response-info timems="5.751" idlems="5.751" threads="0" lastid="0000000001BBD200" lastname="Thread-32" />
</exclusive-start>
<allocation-taxation id="3713" taxation-threshold="85983232" timestamp="2019-08-08T12:52:56.213" intervalms="94.957" />
<cycle-start id="3714" type="partial gc" contextid="0" timestamp="2019-08-08T12:52:56.213" intervalms="95.031" />
<gc-start id="3715" type="partial gc" contextid="3714" timestamp="2019-08-08T12:52:56.214">
  <mem-info id="3716" free="102760448" total="314572800" percent="32">
    <mem type="eden" free="0" total="85983232" percent="0" />
    <remembered-set count="35264" freebytes="12434944" totalbytes="12576000" percent="98" regionsoverflowed="0" regionsstable="10" regionsrebuilding="0"/>
  </mem-info>
</gc-start>
<allocation-stats totalBytes="85968024" >
  <allocated-bytes non-tlh="0" tlh="85968024" arrayletleaf="0"/>
  <largest-consumer threadName="Thread-32" threadId="0000000001BBD200" bytes="11634856" />
</allocation-stats>
<gc-op id="3717" type="copy forward" timems="15.579" contextid="3714" timestamp="2019-08-08T12:52:56.230">
  <memory-copied type="eden" objects="17944" bytes="711008" bytesdiscarded="87144" />
  <memory-copied type="other" objects="37675" bytes="1453704" bytesdiscarded="158384" />
  <memory-cardclean objects="32906" bytes="1645160" />
  <regions eden="41" other="4" />
  <remembered-set-cleared processed="17985" cleared="5567" durationms="0.192" />
  <stringconstants candidates="15173" cleared="0"  />
</gc-op>
<gc-op id="3718" type="classunload" timems="0.010" contextid="3714" timestamp="2019-08-08T12:52:56.230">
  <classunload-info classloadercandidates="55" classloadersunloaded="0" classesunloaded="0" anonymousclassesunloaded="0" quiescems="0.000" setupms="0.010" scanms="0.000" postms="0.000" />
</gc-op>
<heap-resize id="3719" type="expand" space="default" amount="10485760" count="1" timems="0.060" reason="excessive time being spent in gc" timestamp="2019-08-08T12:52:56.231" />
<gc-end id="3720" type="partial gc" contextid="3714" durationms="17.010" usertimems="24.699" systemtimems="32.580" timestamp="2019-08-08T12:52:56.231" activeThreads="16">
  <mem-info id="3721" free="195035136" total="325058560" percent="60">
    <mem type="eden" free="3396152" total="4194304" percent="80" />
    <remembered-set count="36416" freebytes="12849536" totalbytes="12995200" percent="98" regionsoverflowed="0" regionsstable="10" regionsrebuilding="0"/>
  </mem-info>
</gc-end>
<cycle-end id="3722" type="partial gc" contextid="3714" timestamp="2019-08-08T12:52:56.231" />
  <attribute name="elasticGC enabled" value="1" />
  <attribute name= "numThreadsSpecified" value="16" />
  <attribute name="heapSize specified" value="0" />
  <attribute name="Current GC Util" value="122" />
  <attribute name= "Current Time Running" value="207599" />
  <attribute name ="GC Interval" value="0" />
  <attribute name="Target GC Util Change" value ="80.000000" />
  <attribute name="Current GC Util Change" value="122.000000"/>
  <attribute name="Current Error" value="-42.000000" />
  <attribute name="Output H" value="314648432"/>
  <attribute name="Output I" value="1936"/>
  <attribute name="Output T" value="16"/>
  <attribute name= "Current Time Running" value="207599" />
  <attribute name="GC Util currently" value="122" />
  <attribute name="CPU Util currently" value="1522878961590" />
<exclusive-end id="3723" timestamp="2019-08-08T12:52:56.231" durationms="17.602" />

<exclusive-start id="3724" timestamp="2019-08-08T12:52:56.324" intervalms="111.000">
  <response-info timems="8.062" idlems="8.062" threads="0" lastid="0000000001BAA700" lastname="Thread-29" />
</exclusive-start>
<allocation-taxation id="3725" taxation-threshold="88080384" timestamp="2019-08-08T12:52:56.324" intervalms="111.023" />
<cycle-start id="3726" type="partial gc" contextid="0" timestamp="2019-08-08T12:52:56.324" intervalms="111.023" />
<gc-start id="3727" type="partial gc" contextid="3726" timestamp="2019-08-08T12:52:56.325">
  <mem-info id="3728" free="106954752" total="325058560" percent="32">
    <mem type="eden" free="0" total="88080384" percent="0" />
    <remembered-set count="36352" freebytes="12849792" totalbytes="12995200" percent="98" regionsoverflowed="0" regionsstable="10" regionsrebuilding="0"/>
  </mem-info>
</gc-start>
<allocation-stats totalBytes="88065384" >
  <allocated-bytes non-tlh="0" tlh="88065384" arrayletleaf="0"/>
  <largest-consumer threadName="Thread-33" threadId="0000000001BEDD00" bytes="8711040" />
</allocation-stats>
<gc-op id="3729" type="copy forward" timems="38.603" contextid="3726" timestamp="2019-08-08T12:52:56.365">
  <memory-copied type="eden" objects="28570" bytes="1241280" bytesdiscarded="64544" />
  <memory-copied type="other" objects="45632" bytes="1782048" bytesdiscarded="124640" />
  <memory-cardclean objects="35408" bytes="1742744" />
  <regions eden="42" other="6" />
  <remembered-set-cleared processed="17453" cleared="4740" durationms="0.316" />
  <stringconstants candidates="15173" cleared="0"  />
</gc-op>
<gc-op id="3730" type="classunload" timems="0.013" contextid="3726" timestamp="2019-08-08T12:52:56.365">
  <classunload-info classloadercandidates="55" classloadersunloaded="0" classesunloaded="0" anonymousclassesunloaded="0" quiescems="0.000" setupms="0.013" scanms="0.000" postms="0.000" />
</gc-op>
<gc-end id="3731" type="partial gc" contextid="3726" durationms="40.374" usertimems="48.504" systemtimems="45.395" timestamp="2019-08-08T12:52:56.365" activeThreads="16">
  <mem-info id="3732" free="195035136" total="325058560" percent="60">
    <mem type="eden" free="791328" total="2097152" percent="37" />
    <remembered-set count="37664" freebytes="12844544" totalbytes="12995200" percent="98" regionsoverflowed="0" regionsstable="10" regionsrebuilding="0"/>
  </mem-info>
</gc-end>
<cycle-end id="3733" type="partial gc" contextid="3726" timestamp="2019-08-08T12:52:56.365" />
  <attribute name="elasticGC enabled" value="1" />
  <attribute name= "numThreadsSpecified" value="16" />
  <attribute name="heapSize specified" value="0" />
  <attribute name="Current GC Util" value="114" />
  <attribute name= "Current Time Running" value="207711" />
  <attribute name ="GC Interval" value="0" />
  <attribute name="Target GC Util Change" value ="80.000000" />
  <attribute name="Current GC Util Change" value="114.000000"/>
  <attribute name="Current Error" value="-47.000000" />
  <attribute name="Output H" value="325134192"/>
  <attribute name="Output I" value="1928"/>
  <attribute name="Output T" value="16"/>
  <attribute name= "Current Time Running" value="207711" />
  <attribute name="GC Util currently" value="114" />
  <attribute name="CPU Util currently" value="974439220980" />
<exclusive-end id="3734" timestamp="2019-08-08T12:52:56.365" durationms="41.157" />

<exclusive-start id="3735" timestamp="2019-08-08T12:52:56.463" intervalms="139.161">
  <response-info timems="3.340" idlems="3.340" threads="0" lastid="0000000001BBD200" lastname="Thread-32" />
</exclusive-start>
<allocation-taxation id="3736" taxation-threshold="88080384" timestamp="2019-08-08T12:52:56.463" intervalms="139.145" />
<cycle-start id="3737" type="partial gc" contextid="0" timestamp="2019-08-08T12:52:56.464" intervalms="139.093" />
<gc-start id="3738" type="partial gc" contextid="3737" timestamp="2019-08-08T12:52:56.464">
  <mem-info id="3739" free="106954752" total="325058560" percent="32">
    <mem type="eden" free="0" total="88080384" percent="0" />
    <remembered-set count="37664" freebytes="12844544" totalbytes="12995200" percent="98" regionsoverflowed="0" regionsstable="10" regionsrebuilding="0"/>
  </mem-info>
</gc-start>
<allocation-stats totalBytes="88065304" >
  <allocated-bytes non-tlh="0" tlh="88065304" arrayletleaf="0"/>
  <largest-consumer threadName="Thread-33" threadId="0000000001BEDD00" bytes="10312064" />
</allocation-stats>
<gc-op id="3740" type="copy forward" timems="34.123" contextid="3737" timestamp="2019-08-08T12:52:56.502">
  <memory-copied type="eden" objects="15493" bytes="515216" bytesdiscarded="52832" />
  <memory-copied type="other" objects="68246" bytes="3011664" bytesdiscarded="347872" />
  <memory-cardclean objects="22844" bytes="1135304" />
  <regions eden="42" other="5" />
  <remembered-set-cleared processed="18223" cleared="5582" durationms="0.177" />
  <stringconstants candidates="15173" cleared="0"  />
</gc-op>
<gc-op id="3741" type="classunload" timems="0.011" contextid="3737" timestamp="2019-08-08T12:52:56.502">
  <classunload-info classloadercandidates="55" classloadersunloaded="0" classesunloaded="0" anonymousclassesunloaded="0" quiescems="0.000" setupms="0.011" scanms="0.000" postms="0.000" />
</gc-op>
<heap-resize id="3742" type="expand" space="default" amount="10485760" count="1" timems="0.064" reason="excessive time being spent in gc" timestamp="2019-08-08T12:52:56.502" />
<gc-end id="3743" type="partial gc" contextid="3737" durationms="37.736" usertimems="37.301" systemtimems="53.045" timestamp="2019-08-08T12:52:56.502" activeThreads="16">
  <mem-info id="3744" free="201326592" total="335544320" percent="60">
    <mem type="eden" free="3626256" total="4194304" percent="86" />
    <remembered-set count="37984" freebytes="13262464" totalbytes="13414400" percent="98" regionsoverflowed="0" regionsstable="10" regionsrebuilding="0"/>
  </mem-info>
</gc-end>
<cycle-end id="3745" type="partial gc" contextid="3737" timestamp="2019-08-08T12:52:56.502" />
  <attribute name="elasticGC enabled" value="1" />
  <attribute name= "numThreadsSpecified" value="16" />
  <attribute name="heapSize specified" value="0" />
  <attribute name="Current GC Util" value="95" />
  <attribute name= "Current Time Running" value="207852" />
  <attribute name ="GC Interval" value="0" />
  <attribute name="Target GC Util Change" value ="80.000000" />
  <attribute name="Current GC Util Change" value="95.000000"/>
  <attribute name="Current Error" value="-49.000000" />
  <attribute name="Output H" value="325134184"/>
  <attribute name="Output I" value="1928"/>
  <attribute name="Output T" value="16"/>
  <attribute name= "Current Time Running" value="207852" />
  <attribute name="GC Util currently" value="95" />
  <attribute name="CPU Util currently" value="400009786133" />
<exclusive-end id="3746" timestamp="2019-08-08T12:52:56.502" durationms="38.587" />

<exclusive-start id="3747" timestamp="2019-08-08T12:52:56.563" intervalms="99.912">
  <response-info timems="0.992" idlems="0.499" threads="1" lastid="0000000001BB9600" lastname="Thread-30" />
</exclusive-start>
<allocation-taxation id="3748" taxation-threshold="90177536" timestamp="2019-08-08T12:52:56.563" intervalms="99.915" />
<cycle-start id="3749" type="partial gc" contextid="0" timestamp="2019-08-08T12:52:56.563" intervalms="99.884" />
<gc-start id="3750" type="partial gc" contextid="3749" timestamp="2019-08-08T12:52:56.564">
  <mem-info id="3751" free="111149056" total="335544320" percent="33">
    <mem type="eden" free="0" total="90177536" percent="0" />
    <remembered-set count="37632" freebytes="13263872" totalbytes="13414400" percent="98" regionsoverflowed="0" regionsstable="10" regionsrebuilding="0"/>
  </mem-info>
</gc-start>
<allocation-stats totalBytes="90161392" >
  <allocated-bytes non-tlh="0" tlh="90161392" arrayletleaf="0"/>
  <largest-consumer threadName="Thread-33" threadId="0000000001BEDD00" bytes="13158544" />
</allocation-stats>
<gc-op id="3752" type="copy forward" timems="20.483" contextid="3749" timestamp="2019-08-08T12:52:56.585">
  <memory-copied type="eden" objects="16789" bytes="683360" bytesdiscarded="63976" />
  <memory-copied type="other" objects="47259" bytes="1958472" bytesdiscarded="217576" />
  <memory-cardclean objects="23745" bytes="1235288" />
  <regions eden="43" other="6" />
  <remembered-set-cleared processed="17774" cleared="4598" durationms="0.163" />
  <stringconstants candidates="15173" cleared="0"  />
</gc-op>
<gc-op id="3753" type="classunload" timems="0.011" contextid="3749" timestamp="2019-08-08T12:52:56.586">
  <classunload-info classloadercandidates="55" classloadersunloaded="0" classesunloaded="0" anonymousclassesunloaded="0" quiescems="0.000" setupms="0.011" scanms="0.000" postms="0.000" />
</gc-op>
<gc-end id="3754" type="partial gc" contextid="3749" durationms="21.950" usertimems="32.173" systemtimems="18.406" timestamp="2019-08-08T12:52:56.586" activeThreads="16">
  <mem-info id="3755" free="201326592" total="335544320" percent="60">
    <mem type="eden" free="1349816" total="2097152" percent="64" />
    <remembered-set count="35776" freebytes="13271296" totalbytes="13414400" percent="98" regionsoverflowed="0" regionsstable="10" regionsrebuilding="0"/>
  </mem-info>
</gc-end>
<cycle-end id="3756" type="partial gc" contextid="3749" timestamp="2019-08-08T12:52:56.586" />
  <attribute name="elasticGC enabled" value="1" />
  <attribute name= "numThreadsSpecified" value="16" />
  <attribute name="heapSize specified" value="0" />
  <attribute name="Current GC Util" value="119" />
  <attribute name= "Current Time Running" value="207950" />
  <attribute name ="GC Interval" value="0" />
  <attribute name="Target GC Util Change" value ="80.000000" />
  <attribute name="Current GC Util Change" value="119.000000"/>
  <attribute name="Current Error" value="-39.000000" />
  <attribute name="Output H" value="335619960"/>
  <attribute name="Output I" value="1944"/>
  <attribute name="Output T" value="16"/>
  <attribute name= "Current Time Running" value="207950" />
  <attribute name="GC Util currently" value="119" />
  <attribute name="CPU Util currently" value="1482481487387" />
<exclusive-end id="3757" timestamp="2019-08-08T12:52:56.586" durationms="22.734" />

<exclusive-start id="3758" timestamp="2019-08-08T12:52:56.686" intervalms="122.644">
  <response-info timems="5.024" idlems="5.024" threads="0" lastid="0000000001BA6B00" lastname="Thread-24" />
</exclusive-start>
<allocation-taxation id="3759" taxation-threshold="90177536" timestamp="2019-08-08T12:52:56.686" intervalms="122.640" />
<cycle-start id="3760" type="partial gc" contextid="0" timestamp="2019-08-08T12:52:56.686" intervalms="122.688" />
<gc-start id="3761" type="partial gc" contextid="3760" timestamp="2019-08-08T12:52:56.686">
  <mem-info id="3762" free="111149056" total="335544320" percent="33">
    <mem type="eden" free="0" total="90177536" percent="0" />
    <remembered-set count="35584" freebytes="13272064" totalbytes="13414400" percent="98" regionsoverflowed="0" regionsstable="10" regionsrebuilding="0"/>
  </mem-info>
</gc-start>
<allocation-stats totalBytes="90160864" >
  <allocated-bytes non-tlh="0" tlh="90160864" arrayletleaf="0"/>
  <largest-consumer threadName="Thread-32" threadId="0000000001BBD200" bytes="9660776" />
</allocation-stats>
<gc-op id="3763" type="copy forward" timems="25.620" contextid="3760" timestamp="2019-08-08T12:52:56.714">
  <memory-copied type="eden" objects="6945" bytes="172688" bytesdiscarded="10600" />
  <memory-copied type="other" objects="66957" bytes="2843352" bytesdiscarded="141712" />
  <memory-cardclean objects="23953" bytes="1211672" />
  <regions eden="43" other="5" />
  <remembered-set-cleared processed="15819" cleared="3387" durationms="0.345" />
  <stringconstants candidates="15173" cleared="0"  />
</gc-op>
<gc-op id="3764" type="classunload" timems="0.012" contextid="3760" timestamp="2019-08-08T12:52:56.714">
  <classunload-info classloadercandidates="55" classloadersunloaded="0" classesunloaded="0" anonymousclassesunloaded="0" quiescems="0.000" setupms="0.011" scanms="0.000" postms="0.000" />
</gc-op>
<heap-resize id="3765" type="expand" space="default" amount="6291456" count="1" timems="0.158" reason="excessive time being spent in gc" timestamp="2019-08-08T12:52:56.714" />
<gc-end id="3766" type="partial gc" contextid="3760" durationms="27.538" usertimems="40.069" systemtimems="18.997" timestamp="2019-08-08T12:52:56.714" activeThreads="16">
  <mem-info id="3767" free="205520896" total="341835776" percent="60">
    <mem type="eden" free="1913864" total="2097152" percent="91" />
    <remembered-set count="35488" freebytes="13523968" totalbytes="13665920" percent="98" regionsoverflowed="0" regionsstable="10" regionsrebuilding="0"/>
  </mem-info>
</gc-end>
<cycle-end id="3768" type="partial gc" contextid="3760" timestamp="2019-08-08T12:52:56.714" />
  <attribute name="elasticGC enabled" value="1" />
  <attribute name= "numThreadsSpecified" value="16" />
  <attribute name="heapSize specified" value="0" />
  <attribute name="Current GC Util" value="116" />
  <attribute name= "Current Time Running" value="208073" />
  <attribute name ="GC Interval" value="0" />
  <attribute name="Target GC Util Change" value ="80.000000" />
  <attribute name="Current GC Util Change" value="116.000000"/>
  <attribute name="Current Error" value="-35.000000" />
  <attribute name="Output H" value="335619960"/>
  <attribute name="Output I" value="1952"/>
  <attribute name="Output T" value="16"/>
  <attribute name= "Current Time Running" value="208073" />
  <attribute name="GC Util currently" value="116" />
  <attribute name="CPU Util currently" value="1036560259884" />
<exclusive-end id="3769" timestamp="2019-08-08T12:52:56.714" durationms="28.158" />

<exclusive-start id="3770" timestamp="2019-08-08T12:52:56.775" intervalms="89.340">
  <response-info timems="0.447" idlems="0.447" threads="0" lastid="0000000001BAA700" lastname="Thread-29" />
</exclusive-start>
<allocation-taxation id="3771" taxation-threshold="92274688" timestamp="2019-08-08T12:52:56.775" intervalms="89.345" />
<cycle-start id="3772" type="partial gc" contextid="0" timestamp="2019-08-08T12:52:56.775" intervalms="89.351" />
<gc-start id="3773" type="partial gc" contextid="3772" timestamp="2019-08-08T12:52:56.776">
  <mem-info id="3774" free="113246208" total="341835776" percent="33">
    <mem type="eden" free="0" total="92274688" percent="0" />
    <remembered-set count="35232" freebytes="13524992" totalbytes="13665920" percent="98" regionsoverflowed="0" regionsstable="10" regionsrebuilding="0"/>
  </mem-info>
</gc-start>
<allocation-stats totalBytes="92257656" >
  <allocated-bytes non-tlh="0" tlh="92257656" arrayletleaf="0"/>
  <largest-consumer threadName="Thread-29" threadId="0000000001BAA700" bytes="12662544" />
</allocation-stats>
<gc-op id="3775" type="copy forward" timems="12.946" contextid="3772" timestamp="2019-08-08T12:52:56.790">
  <memory-copied type="eden" objects="25438" bytes="1027624" bytesdiscarded="29304" />
  <memory-copied type="other" objects="33196" bytes="1208832" bytesdiscarded="137648" />
  <memory-cardclean objects="34283" bytes="1787336" />
  <regions eden="44" other="5" />
  <remembered-set-cleared processed="17468" cleared="6201" durationms="0.214" />
  <stringconstants candidates="15173" cleared="0"  />
</gc-op>
<gc-op id="3776" type="classunload" timems="0.014" contextid="3772" timestamp="2019-08-08T12:52:56.790">
  <classunload-info classloadercandidates="55" classloadersunloaded="0" classesunloaded="0" anonymousclassesunloaded="0" quiescems="0.000" setupms="0.014" scanms="0.000" postms="0.000" />
</gc-op>
<heap-resize id="3777" type="expand" space="default" amount="14680064" count="1" timems="0.087" reason="excessive time being spent in gc" timestamp="2019-08-08T12:52:56.790" />
<gc-end id="3778" type="partial gc" contextid="3772" durationms="14.338" usertimems="38.253" systemtimems="0.000" timestamp="2019-08-08T12:52:56.790" activeThreads="16">
  <mem-info id="3779" free="213909504" total="356515840" percent="60">
    <mem type="eden" free="5234528" total="6291456" percent="83" />
    <remembered-set count="34592" freebytes="14114432" totalbytes="14252800" percent="99" regionsoverflowed="0" regionsstable="10" regionsrebuilding="0"/>
  </mem-info>
</gc-end>
<cycle-end id="3780" type="partial gc" contextid="3772" timestamp="2019-08-08T12:52:56.790" />
  <attribute name="elasticGC enabled" value="1" />
  <attribute name= "numThreadsSpecified" value="16" />
  <attribute name="heapSize specified" value="0" />
  <attribute name="Current GC Util" value="0" />
  <attribute name= "Current Time Running" value="208162" />
  <attribute name ="GC Interval" value="0" />
  <attribute name="Target GC Util Change" value ="80.000000" />
  <attribute name="Current GC Util Change" value="0.000000"/>
  <attribute name="Current Error" value="60.000000" />
  <attribute name="Output H" value="341911528"/>
  <attribute name="Output I" value="2120"/>
  <attribute name="Output T" value="16"/>
  <attribute name= "Current Time Running" value="208162" />
  <attribute name="GC Util currently" value="0" />
  <attribute name="CPU Util currently" value="1563698833336" />
<exclusive-end id="3781" timestamp="2019-08-08T12:52:56.790" durationms="15.064" />

<exclusive-start id="3782" timestamp="2019-08-08T12:52:56.861" intervalms="85.212">
  <response-info timems="4.726" idlems="4.726" threads="0" lastid="0000000001BBD200" lastname="Thread-32" />
</exclusive-start>
<allocation-taxation id="3783" taxation-threshold="96468992" timestamp="2019-08-08T12:52:56.861" intervalms="85.191" />
<cycle-start id="3784" type="partial gc" contextid="0" timestamp="2019-08-08T12:52:56.861" intervalms="85.192" />
<gc-start id="3785" type="partial gc" contextid="3784" timestamp="2019-08-08T12:52:56.861">
  <mem-info id="3786" free="117440512" total="356515840" percent="32">
    <mem type="eden" free="0" total="96468992" percent="0" />
    <remembered-set count="34464" freebytes="14114944" totalbytes="14252800" percent="99" regionsoverflowed="0" regionsstable="10" regionsrebuilding="0"/>
  </mem-info>
</gc-start>
<allocation-stats totalBytes="96450960" >
  <allocated-bytes non-tlh="0" tlh="96450960" arrayletleaf="0"/>
  <largest-consumer threadName="Thread-29" threadId="0000000001BAA700" bytes="12166920" />
</allocation-stats>
<gc-op id="3787" type="copy forward" timems="10.085" contextid="3784" timestamp="2019-08-08T12:52:56.872">
  <memory-copied type="eden" objects="16667" bytes="542264" bytesdiscarded="43880" />
  <memory-copied type="other" objects="65687" bytes="2812872" bytesdiscarded="229528" />
  <memory-cardclean objects="20720" bytes="1025624" />
  <regions eden="46" other="7" />
  <remembered-set-cleared processed="15735" cleared="2654" durationms="0.185" />
  <stringconstants candidates="15173" cleared="0"  />
</gc-op>
<gc-op id="3788" type="classunload" timems="0.014" contextid="3784" timestamp="2019-08-08T12:52:56.872">
  <classunload-info classloadercandidates="55" classloadersunloaded="0" classesunloaded="0" anonymousclassesunloaded="0" quiescems="0.000" setupms="0.014" scanms="0.000" postms="0.000" />
</gc-op>
<gc-end id="3789" type="partial gc" contextid="3784" durationms="11.159" usertimems="27.239" systemtimems="3.203" timestamp="2019-08-08T12:52:56.872" activeThreads="16">
  <mem-info id="3790" free="213909504" total="356515840" percent="60">
    <mem type="eden" free="3608160" total="4194304" percent="86" />
    <remembered-set count="35200" freebytes="14112000" totalbytes="14252800" percent="99" regionsoverflowed="0" regionsstable="10" regionsrebuilding="0"/>
  </mem-info>
</gc-end>
<cycle-end id="3791" type="partial gc" contextid="3784" timestamp="2019-08-08T12:52:56.872" />
  <attribute name="elasticGC enabled" value="1" />
  <attribute name= "numThreadsSpecified" value="16" />
  <attribute name="heapSize specified" value="0" />
  <attribute name="Current GC Util" value="121" />
  <attribute name= "Current Time Running" value="208247" />
  <attribute name ="GC Interval" value="0" />
  <attribute name="Target GC Util Change" value ="80.000000" />
  <attribute name="Current GC Util Change" value="121.000000"/>
  <attribute name="Current Error" value="-41.000000" />
  <attribute name="Output H" value="356591480"/>
  <attribute name="Output I" value="1936"/>
  <attribute name="Output T" value="16"/>
  <attribute name= "Current Time Running" value="208247" />
  <attribute name="GC Util currently" value="121" />
  <attribute name="CPU Util currently" value="2181216805349" />
<exclusive-end id="3792" timestamp="2019-08-08T12:52:56.872" durationms="11.947" />

<exclusive-start id="3793" timestamp="2019-08-08T12:52:56.960" intervalms="99.274">
  <response-info timems="1.290" idlems="1.290" threads="0" lastid="0000000001BF1900" lastname="Thread-21" />
</exclusive-start>
<allocation-taxation id="3794" taxation-threshold="96468992" timestamp="2019-08-08T12:52:56.960" intervalms="99.304" />
<cycle-start id="3795" type="partial gc" contextid="0" timestamp="2019-08-08T12:52:56.960" intervalms="99.267" />
<gc-start id="3796" type="partial gc" contextid="3795" timestamp="2019-08-08T12:52:56.960">
  <mem-info id="3797" free="117440512" total="356515840" percent="32">
    <mem type="eden" free="0" total="96468992" percent="0" />
    <remembered-set count="35200" freebytes="14112000" totalbytes="14252800" percent="99" regionsoverflowed="0" regionsstable="10" regionsrebuilding="0"/>
  </mem-info>
</gc-start>
<allocation-stats totalBytes="96451224" >
  <allocated-bytes non-tlh="0" tlh="96451224" arrayletleaf="0"/>
  <largest-consumer threadName="Thread-36" threadId="0000000001BCC200" bytes="9447672" />
</allocation-stats>
<gc-op id="3798" type="copy forward" timems="9.999" contextid="3795" timestamp="2019-08-08T12:52:56.971">
  <memory-copied type="eden" objects="27237" bytes="1070992" bytesdiscarded="65576" />
  <memory-copied type="other" objects="54575" bytes="2271432" bytesdiscarded="183960" />
  <memory-cardclean objects="19526" bytes="1010552" />
  <regions eden="46" other="6" />
  <remembered-set-cleared processed="16549" cleared="2953" durationms="0.707" />
  <stringconstants candidates="15173" cleared="0"  />
</gc-op>
<gc-op id="3799" type="classunload" timems="0.010" contextid="3795" timestamp="2019-08-08T12:52:56.971">
  <classunload-info classloadercandidates="55" classloadersunloaded="0" classesunloaded="0" anonymousclassesunloaded="0" quiescems="0.000" setupms="0.009" scanms="0.000" postms="0.000" />
</gc-op>
<heap-resize id="3800" type="expand" space="default" amount="6291456" count="1" timems="0.092" reason="excessive time being spent in gc" timestamp="2019-08-08T12:52:56.972" />
<gc-end id="3801" type="partial gc" contextid="3795" durationms="11.461" usertimems="24.568" systemtimems="6.080" timestamp="2019-08-08T12:52:56.972" activeThreads="16">
  <mem-info id="3802" free="218103808" total="362807296" percent="60">
    <mem type="eden" free="3057736" total="4194304" percent="72" />
    <remembered-set count="37344" freebytes="14354944" totalbytes="14504320" percent="98" regionsoverflowed="0" regionsstable="10" regionsrebuilding="0"/>
  </mem-info>
</gc-end>
<cycle-end id="3803" type="partial gc" contextid="3795" timestamp="2019-08-08T12:52:56.972" />
  <attribute name="elasticGC enabled" value="1" />
  <attribute name= "numThreadsSpecified" value="16" />
  <attribute name="heapSize specified" value="0" />
  <attribute name="Current GC Util" value="135" />
  <attribute name= "Current Time Running" value="208346" />
  <attribute name ="GC Interval" value="0" />
  <attribute name="Target GC Util Change" value ="80.000000" />
  <attribute name="Current GC Util Change" value="135.000000"/>
  <attribute name="Current Error" value="-46.000000" />
  <attribute name="Output H" value="356591472"/>
  <attribute name="Output I" value="1928"/>
  <attribute name="Output T" value="16"/>
  <attribute name= "Current Time Running" value="208346" />
  <attribute name="GC Util currently" value="135" />
  <attribute name="CPU Util currently" value="1355558408412" />
<exclusive-end id="3804" timestamp="2019-08-08T12:52:56.972" durationms="12.049" />

<exclusive-start id="3805" timestamp="2019-08-08T12:52:57.036" intervalms="76.348">
  <response-info timems="1.382" idlems="0.693" threads="1" lastid="0000000001BE2900" lastname="Thread-27" />
</exclusive-start>
<allocation-taxation id="3806" taxation-threshold="96468992" timestamp="2019-08-08T12:52:57.036" intervalms="76.332" />
<cycle-start id="3807" type="partial gc" contextid="0" timestamp="2019-08-08T12:52:57.036" intervalms="76.373" />
<gc-start id="3808" type="partial gc" contextid="3807" timestamp="2019-08-08T12:52:57.037">
  <mem-info id="3809" free="121634816" total="362807296" percent="33">
    <mem type="eden" free="0" total="96468992" percent="0" />
    <remembered-set count="37312" freebytes="14355072" totalbytes="14504320" percent="98" regionsoverflowed="0" regionsstable="10" regionsrebuilding="0"/>
  </mem-info>
</gc-start>
<allocation-stats totalBytes="96451088" >
  <allocated-bytes non-tlh="0" tlh="96451088" arrayletleaf="0"/>
  <largest-consumer threadName="Thread-21" threadId="0000000001BF1900" bytes="9623856" />
</allocation-stats>
<gc-op id="3810" type="copy forward" timems="9.460" contextid="3807" timestamp="2019-08-08T12:52:57.047">
  <memory-copied type="eden" objects="27621" bytes="1079552" bytesdiscarded="86584" />
  <memory-copied type="other" objects="51503" bytes="2060328" bytesdiscarded="150344" />
  <memory-cardclean objects="31136" bytes="1640312" />
  <regions eden="46" other="6" />
  <remembered-set-cleared processed="17543" cleared="4799" durationms="0.209" />
  <stringconstants candidates="15173" cleared="0"  />
</gc-op>
<gc-op id="3811" type="classunload" timems="0.013" contextid="3807" timestamp="2019-08-08T12:52:57.048">
  <classunload-info classloadercandidates="55" classloadersunloaded="0" classesunloaded="0" anonymousclassesunloaded="0" quiescems="0.000" setupms="0.013" scanms="0.000" postms="0.000" />
</gc-op>
<gc-end id="3812" type="partial gc" contextid="3807" durationms="11.153" usertimems="22.265" systemtimems="8.307" timestamp="2019-08-08T12:52:57.048" activeThreads="16">
  <mem-info id="3813" free="218103808" total="362807296" percent="60">
    <mem type="eden" free="931016" total="2097152" percent="44" />
    <remembered-set count="34400" freebytes="14366720" totalbytes="14504320" percent="99" regionsoverflowed="0" regionsstable="10" regionsrebuilding="0"/>
  </mem-info>
</gc-end>
<cycle-end id="3814" type="partial gc" contextid="3807" timestamp="2019-08-08T12:52:57.048" />
  <attribute name="elasticGC enabled" value="1" />
  <attribute name= "numThreadsSpecified" value="16" />
  <attribute name="heapSize specified" value="0" />
  <attribute name="Current GC Util" value="117" />
  <attribute name= "Current Time Running" value="208422" />
  <attribute name ="GC Interval" value="0" />
  <attribute name="Target GC Util Change" value ="80.000000" />
  <attribute name="Current GC Util Change" value="117.000000"/>
  <attribute name="Current Error" value="-42.000000" />
  <attribute name="Output H" value="362882928"/>
  <attribute name="Output I" value="1936"/>
  <attribute name="Output T" value="16"/>
  <attribute name= "Current Time Running" value="208422" />
  <attribute name="GC Util currently" value="117" />
  <attribute name="CPU Util currently" value="1606346412059" />
<exclusive-end id="3815" timestamp="2019-08-08T12:52:57.048" durationms="11.771" />

<exclusive-start id="3816" timestamp="2019-08-08T12:52:57.161" intervalms="124.721">
  <response-info timems="3.885" idlems="3.711" threads="1" lastid="0000000001BEDD00" lastname="Thread-33" />
</exclusive-start>
<allocation-taxation id="3817" taxation-threshold="96468992" timestamp="2019-08-08T12:52:57.161" intervalms="124.720" />
<cycle-start id="3818" type="partial gc" contextid="0" timestamp="2019-08-08T12:52:57.161" intervalms="124.685" />
<gc-start id="3819" type="partial gc" contextid="3818" timestamp="2019-08-08T12:52:57.161">
  <mem-info id="3820" free="121634816" total="362807296" percent="33">
    <mem type="eden" free="0" total="96468992" percent="0" />
    <remembered-set count="34144" freebytes="14367744" totalbytes="14504320" percent="99" regionsoverflowed="0" regionsstable="10" regionsrebuilding="0"/>
  </mem-info>
</gc-start>
<allocation-stats totalBytes="96451472" >
  <allocated-bytes non-tlh="0" tlh="96451472" arrayletleaf="0"/>
  <largest-consumer threadName="Thread-21" threadId="0000000001BF1900" bytes="9415016" />
</allocation-stats>
<gc-op id="3821" type="copy forward" timems="10.783" contextid="3818" timestamp="2019-08-08T12:52:57.173">
  <memory-copied type="eden" objects="17070" bytes="552752" bytesdiscarded="0" />
  <memory-copied type="other" objects="68904" bytes="2752704" bytesdiscarded="0" />
  <memory-cardclean objects="31092" bytes="1603976" />
  <regions eden="46" other="5" />
  <remembered-set-cleared processed="17274" cleared="4068" durationms="0.574" />
  <stringconstants candidates="15173" cleared="0"  />
</gc-op>
<gc-op id="3822" type="classunload" timems="0.009" contextid="3818" timestamp="2019-08-08T12:52:57.173">
  <classunload-info classloadercandidates="55" classloadersunloaded="0" classesunloaded="0" anonymousclassesunloaded="0" quiescems="0.000" setupms="0.009" scanms="0.000" postms="0.000" />
</gc-op>
<gc-end id="3823" type="partial gc" contextid="3818" durationms="12.146" usertimems="13.480" systemtimems="0.000" timestamp="2019-08-08T12:52:57.173" activeThreads="1">
  <mem-info id="3824" free="216006656" total="362807296" percent="59">
    <mem type="eden" free="1544400" total="2097152" percent="73" />
    <remembered-set count="35840" freebytes="14360960" totalbytes="14504320" percent="99" regionsoverflowed="0" regionsstable="10" regionsrebuilding="0"/>
  </mem-info>
</gc-end>
<cycle-end id="3825" type="partial gc" contextid="3818" timestamp="2019-08-08T12:52:57.173" />
  <attribute name="elasticGC enabled" value="1" />
  <attribute name= "numThreadsSpecified" value="1" />
  <attribute name="heapSize specified" value="0" />
  <attribute name="Current GC Util" value="100" />
  <attribute name= "Current Time Running" value="208547" />
  <attribute name ="GC Interval" value="0" />
  <attribute name="Target GC Util Change" value ="80.000000" />
  <attribute name="Current GC Util Change" value="100.000000"/>
  <attribute name="Current Error" value="-20.000000" />
  <attribute name="Output H" value="362882960"/>
  <attribute name="Output I" value="1976"/>
  <attribute name="Output T" value="1"/>
  <attribute name= "Current Time Running" value="208547" />
  <attribute name="GC Util currently" value="100" />
  <attribute name="CPU Util currently" value="1287357581357" />
<exclusive-end id="3826" timestamp="2019-08-08T12:52:57.174" durationms="12.689" />

<exclusive-start id="3827" timestamp="2019-08-08T12:52:57.273" intervalms="111.950">
  <response-info timems="8.103" idlems="8.103" threads="0" lastid="0000000001BAA700" lastname="Thread-29" />
</exclusive-start>
<allocation-taxation id="3828" taxation-threshold="96468992" timestamp="2019-08-08T12:52:57.273" intervalms="111.976" />
<cycle-start id="3829" type="partial gc" contextid="0" timestamp="2019-08-08T12:52:57.273" intervalms="112.053" />
<gc-start id="3830" type="partial gc" contextid="3829" timestamp="2019-08-08T12:52:57.273">
  <mem-info id="3831" free="119537664" total="362807296" percent="32">
    <mem type="eden" free="0" total="96468992" percent="0" />
    <remembered-set count="35616" freebytes="14361856" totalbytes="14504320" percent="99" regionsoverflowed="0" regionsstable="10" regionsrebuilding="0"/>
  </mem-info>
</gc-start>
<allocation-stats totalBytes="96451672" >
  <allocated-bytes non-tlh="0" tlh="96451672" arrayletleaf="0"/>
  <largest-consumer threadName="Thread-21" threadId="0000000001BF1900" bytes="11589600" />
</allocation-stats>
<gc-op id="3832" type="copy forward" timems="11.455" contextid="3829" timestamp="2019-08-08T12:52:57.286">
  <memory-copied type="eden" objects="34646" bytes="1386368" bytesdiscarded="85744" />
  <memory-copied type="other" objects="57507" bytes="2204424" bytesdiscarded="118216" />
  <memory-cardclean objects="35018" bytes="1807640" />
  <regions eden="46" other="5" />
  <remembered-set-cleared processed="17404" cleared="5575" durationms="0.204" />
  <stringconstants candidates="15173" cleared="0"  />
</gc-op>
<gc-op id="3833" type="classunload" timems="0.013" contextid="3829" timestamp="2019-08-08T12:52:57.286">
  <classunload-info classloadercandidates="55" classloadersunloaded="0" classesunloaded="0" anonymousclassesunloaded="0" quiescems="0.000" setupms="0.012" scanms="0.000" postms="0.000" />
</gc-op>
<gc-end id="3834" type="partial gc" contextid="3829" durationms="12.657" usertimems="26.881" systemtimems="10.181" timestamp="2019-08-08T12:52:57.286" activeThreads="16">
  <mem-info id="3835" free="213909504" total="362807296" percent="58">
    <mem type="eden" free="625040" total="2097152" percent="29" />
    <remembered-set count="36928" freebytes="14356608" totalbytes="14504320" percent="98" regionsoverflowed="0" regionsstable="10" regionsrebuilding="0"/>
  </mem-info>
</gc-end>
<cycle-end id="3836" type="partial gc" contextid="3829" timestamp="2019-08-08T12:52:57.286" />
  <attribute name="elasticGC enabled" value="1" />
  <attribute name= "numThreadsSpecified" value="16" />
  <attribute name="heapSize specified" value="0" />
  <attribute name="Current GC Util" value="177" />
  <attribute name= "Current Time Running" value="208659" />
  <attribute name ="GC Interval" value="0" />
  <attribute name="Target GC Util Change" value ="80.000000" />
  <attribute name="Current GC Util Change" value="177.000000"/>
  <attribute name="Current Error" value="-48.000000" />
  <attribute name="Output H" value="362882928"/>
  <attribute name="Output I" value="1928"/>
  <attribute name="Output T" value="16"/>
  <attribute name= "Current Time Running" value="208659" />
  <attribute name="GC Util currently" value="177" />
  <attribute name="CPU Util currently" value="1763389063649" />
<exclusive-end id="3837" timestamp="2019-08-08T12:52:57.286" durationms="13.370" />

<exclusive-start id="3838" timestamp="2019-08-08T12:52:57.375" intervalms="102.031">
  <response-info timems="2.486" idlems="2.486" threads="0" lastid="0000000001BDED00" lastname="Thread-25" />
</exclusive-start>
<allocation-taxation id="3839" taxation-threshold="96468992" timestamp="2019-08-08T12:52:57.375" intervalms="102.015" />
<cycle-start id="3840" type="partial gc" contextid="0" timestamp="2019-08-08T12:52:57.375" intervalms="101.953" />
<gc-start id="3841" type="partial gc" contextid="3840" timestamp="2019-08-08T12:52:57.375">
  <mem-info id="3842" free="117440512" total="362807296" percent="32">
    <mem type="eden" free="0" total="96468992" percent="0" />
    <remembered-set count="36448" freebytes="14358528" totalbytes="14504320" percent="98" regionsoverflowed="0" regionsstable="10" regionsrebuilding="0"/>
  </mem-info>
</gc-start>
<allocation-stats totalBytes="96451904" >
  <allocated-bytes non-tlh="0" tlh="96451904" arrayletleaf="0"/>
  <largest-consumer threadName="Thread-32" threadId="0000000001BBD200" bytes="9017792" />
</allocation-stats>
<gc-op id="3843" type="copy forward" timems="12.020" contextid="3840" timestamp="2019-08-08T12:52:57.389">
  <memory-copied type="eden" objects="35451" bytes="1405832" bytesdiscarded="170552" />
  <memory-copied type="other" objects="57412" bytes="2202144" bytesdiscarded="326248" />
  <memory-cardclean objects="29901" bytes="1497776" />
  <regions eden="46" other="5" />
  <remembered-set-cleared processed="16548" cleared="3318" durationms="0.160" />
  <stringconstants candidates="15173" cleared="0"  />
</gc-op>
<gc-op id="3844" type="classunload" timems="0.011" contextid="3840" timestamp="2019-08-08T12:52:57.389">
  <classunload-info classloadercandidates="55" classloadersunloaded="0" classesunloaded="0" anonymousclassesunloaded="0" quiescems="0.000" setupms="0.011" scanms="0.000" postms="0.000" />
</gc-op>
<gc-end id="3845" type="partial gc" contextid="3840" durationms="13.684" usertimems="23.983" systemtimems="18.349" timestamp="2019-08-08T12:52:57.389" activeThreads="16">
  <mem-info id="3846" free="211812352" total="362807296" percent="58">
    <mem type="eden" free="520768" total="2097152" percent="24" />
    <remembered-set count="36608" freebytes="14357888" totalbytes="14504320" percent="98" regionsoverflowed="0" regionsstable="10" regionsrebuilding="0"/>
  </mem-info>
</gc-end>
<cycle-end id="3847" type="partial gc" contextid="3840" timestamp="2019-08-08T12:52:57.389" />
  <attribute name="elasticGC enabled" value="1" />
  <attribute name= "numThreadsSpecified" value="16" />
  <attribute name="heapSize specified" value="0" />
  <attribute name="Current GC Util" value="128" />
  <attribute name= "Current Time Running" value="208761" />
  <attribute name ="GC Interval" value="0" />
  <attribute name="Target GC Util Change" value ="80.000000" />
  <attribute name="Current GC Util Change" value="128.000000"/>
  <attribute name="Current Error" value="-52.000000" />
  <attribute name="Output H" value="362882920"/>
  <attribute name="Output I" value="1920"/>
  <attribute name="Output T" value="16"/>
  <attribute name= "Current Time Running" value="208761" />
  <attribute name="GC Util currently" value="128" />
  <attribute name="CPU Util currently" value="1026084986158" />
<exclusive-end id="3848" timestamp="2019-08-08T12:52:57.389" durationms="14.381" />

<exclusive-start id="3849" timestamp="2019-08-08T12:52:57.506" intervalms="131.202">
  <response-info timems="0.711" idlems="0.472" threads="2" lastid="0000000001BAA700" lastname="Thread-29" />
</exclusive-start>
<allocation-taxation id="3850" taxation-threshold="96468992" timestamp="2019-08-08T12:52:57.506" intervalms="131.200" />
<cycle-start id="3851" type="partial gc" contextid="0" timestamp="2019-08-08T12:52:57.506" intervalms="131.231" />
<gc-start id="3852" type="partial gc" contextid="3851" timestamp="2019-08-08T12:52:57.507">
  <mem-info id="3853" free="115343360" total="362807296" percent="31">
    <mem type="eden" free="0" total="96468992" percent="0" />
    <remembered-set count="36192" freebytes="14359552" totalbytes="14504320" percent="99" regionsoverflowed="0" regionsstable="10" regionsrebuilding="0"/>
  </mem-info>
</gc-start>
<allocation-stats totalBytes="96451952" >
  <allocated-bytes non-tlh="0" tlh="96451952" arrayletleaf="0"/>
  <largest-consumer threadName="Thread-30" threadId="0000000001BB9600" bytes="8354352" />
</allocation-stats>
<gc-op id="3854" type="copy forward" timems="14.871" contextid="3851" timestamp="2019-08-08T12:52:57.523">
  <memory-copied type="eden" objects="16738" bytes="544320" bytesdiscarded="108464" />
  <memory-copied type="other" objects="78848" bytes="3266112" bytesdiscarded="236224" />
  <memory-cardclean objects="18414" bytes="915344" />
  <regions eden="46" other="5" />
  <remembered-set-cleared processed="14809" cleared="904" durationms="0.188" />
  <stringconstants candidates="15173" cleared="0"  />
</gc-op>
<gc-op id="3855" type="classunload" timems="0.013" contextid="3851" timestamp="2019-08-08T12:52:57.523">
  <classunload-info classloadercandidates="55" classloadersunloaded="0" classesunloaded="0" anonymousclassesunloaded="0" quiescems="0.000" setupms="0.013" scanms="0.000" postms="0.000" />
</gc-op>
<gc-end id="3856" type="partial gc" contextid="3851" durationms="16.294" usertimems="27.742" systemtimems="16.941" timestamp="2019-08-08T12:52:57.523" activeThreads="16">
  <mem-info id="3857" free="209715200" total="362807296" percent="57">
    <mem type="eden" free="1444368" total="2097152" percent="68" />
    <remembered-set count="36800" freebytes="14357120" totalbytes="14504320" percent="98" regionsoverflowed="0" regionsstable="10" regionsrebuilding="0"/>
  </mem-info>
</gc-end>
<cycle-end id="3858" type="partial gc" contextid="3851" timestamp="2019-08-08T12:52:57.523" />
  <attribute name="elasticGC enabled" value="1" />
  <attribute name= "numThreadsSpecified" value="16" />
  <attribute name="heapSize specified" value="0" />
  <attribute name="Current GC Util" value="131" />
  <attribute name= "Current Time Running" value="208892" />
  <attribute name ="GC Interval" value="0" />
  <attribute name="Target GC Util Change" value ="80.000000" />
  <attribute name="Current GC Util Change" value="131.000000"/>
  <attribute name="Current Error" value="-51.000000" />
  <attribute name="Output H" value="362882920"/>
  <attribute name="Output I" value="1920"/>
  <attribute name="Output T" value="16"/>
  <attribute name= "Current Time Running" value="208892" />
  <attribute name="GC Util currently" value="131" />
  <attribute name="CPU Util currently" value="1542421356171" />
<exclusive-end id="3859" timestamp="2019-08-08T12:52:57.523" durationms="17.015" />

<exclusive-start id="3860" timestamp="2019-08-08T12:52:57.573" intervalms="66.593">
  <response-info timems="0.430" idlems="0.430" threads="0" lastid="0000000001BEA100" lastname="Thread-22" />
</exclusive-start>
<allocation-taxation id="3861" taxation-threshold="96468992" timestamp="2019-08-08T12:52:57.573" intervalms="66.592" />
<cycle-start id="3862" type="partial gc" contextid="0" timestamp="2019-08-08T12:52:57.573" intervalms="66.576" />
<gc-start id="3863" type="partial gc" contextid="3862" timestamp="2019-08-08T12:52:57.573">
  <mem-info id="3864" free="113246208" total="362807296" percent="31">
    <mem type="eden" free="0" total="96468992" percent="0" />
    <remembered-set count="36448" freebytes="14358528" totalbytes="14504320" percent="98" regionsoverflowed="0" regionsstable="10" regionsrebuilding="0"/>
  </mem-info>
</gc-start>
<allocation-stats totalBytes="96451800" >
  <allocated-bytes non-tlh="0" tlh="96451800" arrayletleaf="0"/>
  <largest-consumer threadName="Thread-22" threadId="0000000001BEA100" bytes="10041776" />
</allocation-stats>
<gc-op id="3865" type="copy forward" timems="14.035" contextid="3862" timestamp="2019-08-08T12:52:57.588">
  <memory-copied type="eden" objects="26402" bytes="1050864" bytesdiscarded="78416" />
  <memory-copied type="other" objects="54596" bytes="2134560" bytesdiscarded="205896" />
  <memory-cardclean objects="21879" bytes="1126520" />
  <regions eden="46" other="5" />
  <remembered-set-cleared processed="15859" cleared="1647" durationms="0.465" />
  <stringconstants candidates="15173" cleared="0"  />
</gc-op>
<gc-op id="3866" type="classunload" timems="0.010" contextid="3862" timestamp="2019-08-08T12:52:57.588">
  <classunload-info classloadercandidates="55" classloadersunloaded="0" classesunloaded="0" anonymousclassesunloaded="0" quiescems="0.000" setupms="0.009" scanms="0.000" postms="0.000" />
</gc-op>
<heap-resize id="3867" type="expand" space="default" amount="25165824" count="1" timems="0.086" reason="excessive time being spent in gc" timestamp="2019-08-08T12:52:57.588" />
<gc-end id="3868" type="partial gc" contextid="3862" durationms="15.427" usertimems="48.447" systemtimems="0.000" timestamp="2019-08-08T12:52:57.588" activeThreads="16">
  <mem-info id="3869" free="232783872" total="387973120" percent="60">
    <mem type="eden" free="967872" total="2097152" percent="46" />
    <remembered-set count="37536" freebytes="15360256" totalbytes="15510400" percent="99" regionsoverflowed="0" regionsstable="10" regionsrebuilding="0"/>
  </mem-info>
</gc-end>
<cycle-end id="3870" type="partial gc" contextid="3862" timestamp="2019-08-08T12:52:57.589" />
  <attribute name="elasticGC enabled" value="1" />
  <attribute name= "numThreadsSpecified" value="16" />
  <attribute name="heapSize specified" value="0" />
  <attribute name="Current GC Util" value="224" />
  <attribute name= "Current Time Running" value="208959" />
  <attribute name ="GC Interval" value="0" />
  <attribute name="Target GC Util Change" value ="80.000000" />
  <attribute name="Current GC Util Change" value="224.000000"/>
  <attribute name="Current Error" value="-181.000000" />
  <attribute name="Output H" value="362882768"/>
  <attribute name="Output I" value="1688"/>
  <attribute name="Output T" value="16"/>
  <attribute name= "Current Time Running" value="208959" />
  <attribute name="GC Util currently" value="224" />
  <attribute name="CPU Util currently" value="1450472854913" />
<exclusive-end id="3871" timestamp="2019-08-08T12:52:57.589" durationms="16.089" />

<exclusive-start id="3872" timestamp="2019-08-08T12:52:57.644" intervalms="71.133">
  <response-info timems="1.100" idlems="1.100" threads="0" lastid="0000000001BA6B00" lastname="Thread-24" />
</exclusive-start>
<allocation-taxation id="3873" taxation-threshold="102760448" timestamp="2019-08-08T12:52:57.644" intervalms="71.122" />
<cycle-start id="3874" type="partial gc" contextid="0" timestamp="2019-08-08T12:52:57.644" intervalms="71.125" />
<gc-start id="3875" type="partial gc" contextid="3874" timestamp="2019-08-08T12:52:57.644">
  <mem-info id="3876" free="130023424" total="387973120" percent="33">
    <mem type="eden" free="0" total="102760448" percent="0" />
    <remembered-set count="37216" freebytes="15361536" totalbytes="15510400" percent="99" regionsoverflowed="0" regionsstable="10" regionsrebuilding="0"/>
  </mem-info>
</gc-start>
<allocation-stats totalBytes="102741760" >
  <allocated-bytes non-tlh="0" tlh="102741760" arrayletleaf="0"/>
  <largest-consumer threadName="Thread-34" threadId="0000000001BC4A00" bytes="11102280" />
</allocation-stats>
<gc-op id="3877" type="copy forward" timems="14.831" contextid="3874" timestamp="2019-08-08T12:52:57.660">
  <memory-copied type="eden" objects="19093" bytes="737912" bytesdiscarded="109312" />
  <memory-copied type="other" objects="61038" bytes="2426544" bytesdiscarded="198216" />
  <memory-cardclean objects="27618" bytes="1389776" />
  <regions eden="49" other="5" />
  <remembered-set-cleared processed="16681" cleared="3026" durationms="0.181" />
  <stringconstants candidates="15173" cleared="0"  />
</gc-op>
<gc-op id="3878" type="classunload" timems="0.010" contextid="3874" timestamp="2019-08-08T12:52:57.660">
  <classunload-info classloadercandidates="55" classloadersunloaded="0" classesunloaded="0" anonymousclassesunloaded="0" quiescems="0.000" setupms="0.010" scanms="0.000" postms="0.000" />
</gc-op>
<heap-resize id="3879" type="expand" space="default" amount="6291456" count="1" timems="0.065" reason="excessive time being spent in gc" timestamp="2019-08-08T12:52:57.660" />
<gc-end id="3880" type="partial gc" contextid="3874" durationms="16.131" usertimems="53.814" systemtimems="0.000" timestamp="2019-08-08T12:52:57.660" activeThreads="16">
  <mem-info id="3881" free="236978176" total="394264576" percent="60">
    <mem type="eden" free="1249928" total="2097152" percent="59" />
    <remembered-set count="38112" freebytes="15609472" totalbytes="15761920" percent="99" regionsoverflowed="0" regionsstable="10" regionsrebuilding="0"/>
  </mem-info>
</gc-end>
<cycle-end id="3882" type="partial gc" contextid="3874" timestamp="2019-08-08T12:52:57.660" />
  <attribute name="elasticGC enabled" value="1" />
  <attribute name= "numThreadsSpecified" value="16" />
  <attribute name="heapSize specified" value="0" />
  <attribute name="Current GC Util" value="136" />
  <attribute name= "Current Time Running" value="209030" />
  <attribute name ="GC Interval" value="0" />
  <attribute name="Target GC Util Change" value ="80.000000" />
  <attribute name="Current GC Util Change" value="136.000000"/>
  <attribute name="Current Error" value="-223.000000" />
  <attribute name="Output H" value="388048544"/>
  <attribute name="Output I" value="1616"/>
  <attribute name="Output T" value="16"/>
  <attribute name= "Current Time Running" value="209030" />
  <attribute name="GC Util currently" value="136" />
  <attribute name="CPU Util currently" value="1709634965268" />
<exclusive-end id="3883" timestamp="2019-08-08T12:52:57.661" durationms="16.742" />

<exclusive-start id="3884" timestamp="2019-08-08T12:52:57.743" intervalms="99.452">
  <response-info timems="0.296" idlems="0.296" threads="0" lastid="0000000001BD3A00" lastname="Thread-28" />
</exclusive-start>
<allocation-taxation id="3885" taxation-threshold="104857600" timestamp="2019-08-08T12:52:57.743" intervalms="99.468" />
<cycle-start id="3886" type="partial gc" contextid="0" timestamp="2019-08-08T12:52:57.744" intervalms="99.913" />
<gc-start id="3887" type="partial gc" contextid="3886" timestamp="2019-08-08T12:52:57.744">
  <mem-info id="3888" free="132120576" total="394264576" percent="33">
    <mem type="eden" free="0" total="104857600" percent="0" />
    <remembered-set count="37952" freebytes="15610112" totalbytes="15761920" percent="99" regionsoverflowed="0" regionsstable="10" regionsrebuilding="0"/>
  </mem-info>
</gc-start>
<allocation-stats totalBytes="104838904" >
  <allocated-bytes non-tlh="0" tlh="104838904" arrayletleaf="0"/>
  <largest-consumer threadName="Thread-30" threadId="0000000001BB9600" bytes="14587536" />
</allocation-stats>
<gc-op id="3889" type="copy forward" timems="10.439" contextid="3886" timestamp="2019-08-08T12:52:57.755">
  <memory-copied type="eden" objects="35569" bytes="1408488" bytesdiscarded="148120" />
  <memory-copied type="other" objects="54702" bytes="2274480" bytesdiscarded="181824" />
  <memory-cardclean objects="28009" bytes="1421408" />
  <regions eden="50" other="5" />
  <remembered-set-cleared processed="18708" cleared="5094" durationms="0.162" />
  <stringconstants candidates="15173" cleared="0"  />
</gc-op>
<gc-op id="3890" type="classunload" timems="0.011" contextid="3886" timestamp="2019-08-08T12:52:57.755">
  <classunload-info classloadercandidates="55" classloadersunloaded="0" classesunloaded="0" anonymousclassesunloaded="0" quiescems="0.000" setupms="0.010" scanms="0.000" postms="0.000" />
</gc-op>
<heap-resize id="3891" type="expand" space="default" amount="4194304" count="1" timems="0.053" reason="excessive time being spent in gc" timestamp="2019-08-08T12:52:57.756" />
<gc-end id="3892" type="partial gc" contextid="3886" durationms="11.588" usertimems="20.776" systemtimems="16.484" timestamp="2019-08-08T12:52:57.756" activeThreads="16">
  <mem-info id="3893" free="239075328" total="398458880" percent="60">
    <mem type="eden" free="540544" total="2097152" percent="25" />
    <remembered-set count="37312" freebytes="15780352" totalbytes="15929600" percent="99" regionsoverflowed="0" regionsstable="10" regionsrebuilding="0"/>
  </mem-info>
</gc-end>
<cycle-end id="3894" type="partial gc" contextid="3886" timestamp="2019-08-08T12:52:57.756" />
  <attribute name="elasticGC enabled" value="1" />
  <attribute name= "numThreadsSpecified" value="16" />
  <attribute name="heapSize specified" value="0" />
  <attribute name="Current GC Util" value="144" />
  <attribute name= "Current Time Running" value="209129" />
  <attribute name ="GC Interval" value="0" />
  <attribute name="Target GC Util Change" value ="80.000000" />
  <attribute name="Current GC Util Change" value="144.000000"/>
  <attribute name="Current Error" value="-64.000000" />
  <attribute name="Output H" value="394340184"/>
  <attribute name="Output I" value="1896"/>
  <attribute name="Output T" value="16"/>
  <attribute name= "Current Time Running" value="209129" />
  <attribute name="GC Util currently" value="144" />
  <attribute name="CPU Util currently" value="2052670527101" />
<exclusive-end id="3895" timestamp="2019-08-08T12:52:57.756" durationms="12.714" />

<exclusive-start id="3896" timestamp="2019-08-08T12:52:57.852" intervalms="108.885">
  <response-info timems="1.862" idlems="1.291" threads="1" lastid="0000000001BAE300" lastname="Thread-26" />
</exclusive-start>
<allocation-taxation id="3897" taxation-threshold="106954752" timestamp="2019-08-08T12:52:57.852" intervalms="108.869" />
<cycle-start id="3898" type="partial gc" contextid="0" timestamp="2019-08-08T12:52:57.852" intervalms="108.451" />
<gc-start id="3899" type="partial gc" contextid="3898" timestamp="2019-08-08T12:52:57.853">
  <mem-info id="3900" free="132120576" total="398458880" percent="33">
    <mem type="eden" free="0" total="106954752" percent="0" />
    <remembered-set count="37248" freebytes="15780608" totalbytes="15929600" percent="99" regionsoverflowed="0" regionsstable="10" regionsrebuilding="0"/>
  </mem-info>
</gc-start>
<allocation-stats totalBytes="106935928" >
  <allocated-bytes non-tlh="0" tlh="106935928" arrayletleaf="0"/>
  <largest-consumer threadName="Thread-30" threadId="0000000001BB9600" bytes="10586416" />
</allocation-stats>
<gc-op id="3901" type="copy forward" timems="12.796" contextid="3898" timestamp="2019-08-08T12:52:57.867">
  <memory-copied type="eden" objects="48678" bytes="1989504" bytesdiscarded="183888" />
  <memory-copied type="other" objects="57390" bytes="2338992" bytesdiscarded="188688" />
  <memory-cardclean objects="29054" bytes="1513808" />
  <regions eden="51" other="5" />
  <remembered-set-cleared processed="18838" cleared="4876" durationms="0.786" />
  <stringconstants candidates="15173" cleared="0"  />
</gc-op>
<gc-op id="3902" type="classunload" timems="0.010" contextid="3898" timestamp="2019-08-08T12:52:57.867">
  <classunload-info classloadercandidates="55" classloadersunloaded="0" classesunloaded="0" anonymousclassesunloaded="0" quiescems="0.000" setupms="0.010" scanms="0.000" postms="0.000" />
</gc-op>
<heap-resize id="3903" type="expand" space="default" amount="10485760" count="1" timems="0.064" reason="excessive time being spent in gc" timestamp="2019-08-08T12:52:57.867" />
<gc-end id="3904" type="partial gc" contextid="3898" durationms="14.754" usertimems="30.295" systemtimems="14.803" timestamp="2019-08-08T12:52:57.867" activeThreads="16">
  <mem-info id="3905" free="245366784" total="408944640" percent="60">
    <mem type="eden" free="2020912" total="4194304" percent="48" />
    <remembered-set count="35552" freebytes="16206592" totalbytes="16348800" percent="99" regionsoverflowed="0" regionsstable="10" regionsrebuilding="0"/>
  </mem-info>
</gc-end>
<cycle-end id="3906" type="partial gc" contextid="3898" timestamp="2019-08-08T12:52:57.867" />
  <attribute name="elasticGC enabled" value="1" />
  <attribute name= "numThreadsSpecified" value="16" />
  <attribute name="heapSize specified" value="0" />
  <attribute name="Current GC Util" value="63" />
  <attribute name= "Current Time Running" value="209239" />
  <attribute name ="GC Interval" value="0" />
  <attribute name="Target GC Util Change" value ="80.000000" />
  <attribute name="Current GC Util Change" value="63.000000"/>
  <attribute name="Current Error" value="0.000000" />
  <attribute name="Output H" value="398534560"/>
  <attribute name="Output I" value="2008"/>
  <attribute name="Output T" value="16"/>
  <attribute name= "Current Time Running" value="209239" />
  <attribute name="GC Util currently" value="63" />
  <attribute name="CPU Util currently" value="980924192323" />
<exclusive-end id="3907" timestamp="2019-08-08T12:52:57.868" durationms="15.436" />

<exclusive-start id="3908" timestamp="2019-08-08T12:52:57.973" intervalms="120.885">
  <response-info timems="2.696" idlems="2.696" threads="0" lastid="0000000001BF1900" lastname="Thread-21" />
</exclusive-start>
<allocation-taxation id="3909" taxation-threshold="109051904" timestamp="2019-08-08T12:52:57.973" intervalms="120.903" />
<cycle-start id="3910" type="partial gc" contextid="0" timestamp="2019-08-08T12:52:57.973" intervalms="120.914" />
<gc-start id="3911" type="partial gc" contextid="3910" timestamp="2019-08-08T12:52:57.973">
  <mem-info id="3912" free="136314880" total="408944640" percent="33">
    <mem type="eden" free="0" total="109051904" percent="0" />
    <remembered-set count="35488" freebytes="16206848" totalbytes="16348800" percent="99" regionsoverflowed="0" regionsstable="10" regionsrebuilding="0"/>
  </mem-info>
</gc-start>
<allocation-stats totalBytes="109033088" >
  <allocated-bytes non-tlh="0" tlh="109033088" arrayletleaf="0"/>
  <largest-consumer threadName="Thread-29" threadId="0000000001BAA700" bytes="10594664" />
</allocation-stats>
<gc-op id="3913" type="copy forward" timems="12.697" contextid="3910" timestamp="2019-08-08T12:52:57.987">
  <memory-copied type="eden" objects="51998" bytes="2224272" bytesdiscarded="221704" />
  <memory-copied type="other" objects="60966" bytes="2416536" bytesdiscarded="179680" />
  <memory-cardclean objects="27429" bytes="1408448" />
  <regions eden="52" other="6" />
  <remembered-set-cleared processed="17890" cleared="3280" durationms="0.260" />
  <stringconstants candidates="15173" cleared="0"  />
</gc-op>
<gc-op id="3914" type="classunload" timems="0.012" contextid="3910" timestamp="2019-08-08T12:52:57.987">
  <classunload-info classloadercandidates="55" classloadersunloaded="0" classesunloaded="0" anonymousclassesunloaded="0" quiescems="0.000" setupms="0.011" scanms="0.000" postms="0.000" />
</gc-op>
<heap-resize id="3915" type="expand" space="default" amount="6291456" count="1" timems="0.067" reason="excessive time being spent in gc" timestamp="2019-08-08T12:52:57.987" />
<gc-end id="3916" type="partial gc" contextid="3910" durationms="14.034" usertimems="38.261" systemtimems="11.744" timestamp="2019-08-08T12:52:57.988" activeThreads="16">
  <mem-info id="3917" free="249561088" total="415236096" percent="60">
    <mem type="eden" free="1748328" total="4194304" percent="41" />
    <remembered-set count="40832" freebytes="16436992" totalbytes="16600320" percent="99" regionsoverflowed="0" regionsstable="10" regionsrebuilding="0"/>
  </mem-info>
</gc-end>
<cycle-end id="3918" type="partial gc" contextid="3910" timestamp="2019-08-08T12:52:57.988" />
  <attribute name="elasticGC enabled" value="1" />
  <attribute name= "numThreadsSpecified" value="16" />
  <attribute name="heapSize specified" value="0" />
  <attribute name="Current GC Util" value="157" />
  <attribute name= "Current Time Running" value="209359" />
  <attribute name ="GC Interval" value="0" />
  <attribute name="Target GC Util Change" value ="80.000000" />
  <attribute name="Current GC Util Change" value="157.000000"/>
  <attribute name="Current Error" value="-34.000000" />
  <attribute name="Output H" value="409020288"/>
  <attribute name="Output I" value="1952"/>
  <attribute name="Output T" value="16"/>
  <attribute name= "Current Time Running" value="209359" />
  <attribute name="GC Util currently" value="157" />
  <attribute name="CPU Util currently" value="1638559222771" />
<exclusive-end id="3919" timestamp="2019-08-08T12:52:57.988" durationms="14.745" />

<exclusive-start id="3920" timestamp="2019-08-08T12:52:58.061" intervalms="88.284">
  <response-info timems="0.691" idlems="0.691" threads="0" lastid="0000000001BBD200" lastname="Thread-32" />
</exclusive-start>
<allocation-taxation id="3921" taxation-threshold="111149056" timestamp="2019-08-08T12:52:58.061" intervalms="88.275" />
<cycle-start id="3922" type="partial gc" contextid="0" timestamp="2019-08-08T12:52:58.061" intervalms="88.239" />
<gc-start id="3923" type="partial gc" contextid="3922" timestamp="2019-08-08T12:52:58.062">
  <mem-info id="3924" free="138412032" total="415236096" percent="33">
    <mem type="eden" free="0" total="111149056" percent="0" />
    <remembered-set count="40544" freebytes="16438144" totalbytes="16600320" percent="99" regionsoverflowed="0" regionsstable="10" regionsrebuilding="0"/>
  </mem-info>
</gc-start>
<allocation-stats totalBytes="111129680" >
  <allocated-bytes non-tlh="0" tlh="111129680" arrayletleaf="0"/>
  <largest-consumer threadName="Thread-26" threadId="0000000001BAE300" bytes="9603496" />
</allocation-stats>
<gc-op id="3925" type="copy forward" timems="10.330" contextid="3922" timestamp="2019-08-08T12:52:58.074">
  <memory-copied type="eden" objects="16573" bytes="541632" bytesdiscarded="135536" />
  <memory-copied type="other" objects="90576" bytes="3822336" bytesdiscarded="330584" />
  <memory-cardclean objects="25696" bytes="1319120" />
  <regions eden="53" other="6" />
  <remembered-set-cleared processed="17773" cleared="3032" durationms="0.556" />
  <stringconstants candidates="15173" cleared="0"  />
</gc-op>
<gc-op id="3926" type="classunload" timems="0.011" contextid="3922" timestamp="2019-08-08T12:52:58.074">
  <classunload-info classloadercandidates="55" classloadersunloaded="0" classesunloaded="0" anonymousclassesunloaded="0" quiescems="0.000" setupms="0.011" scanms="0.000" postms="0.000" />
</gc-op>
<heap-resize id="3927" type="expand" space="default" amount="4194304" count="1" timems="0.075" reason="excessive time being spent in gc" timestamp="2019-08-08T12:52:58.074" />
<gc-end id="3928" type="partial gc" contextid="3922" durationms="12.164" usertimems="34.884" systemtimems="5.329" timestamp="2019-08-08T12:52:58.074" activeThreads="16">
  <mem-info id="3929" free="251658240" total="419430400" percent="60">
    <mem type="eden" free="1419984" total="2097152" percent="67" />
    <remembered-set count="38592" freebytes="16613632" totalbytes="16768000" percent="99" regionsoverflowed="0" regionsstable="10" regionsrebuilding="0"/>
  </mem-info>
</gc-end>
<cycle-end id="3930" type="partial gc" contextid="3922" timestamp="2019-08-08T12:52:58.074" />
  <attribute name="elasticGC enabled" value="1" />
  <attribute name= "numThreadsSpecified" value="16" />
  <attribute name="heapSize specified" value="0" />
  <attribute name="Current GC Util" value="184" />
  <attribute name= "Current Time Running" value="209448" />
  <attribute name ="GC Interval" value="0" />
  <attribute name="Target GC Util Change" value ="80.000000" />
  <attribute name="Current GC Util Change" value="184.000000"/>
  <attribute name="Current Error" value="-104.000000" />
  <attribute name="Output H" value="415311656"/>
  <attribute name="Output I" value="1824"/>
  <attribute name="Output T" value="16"/>
  <attribute name= "Current Time Running" value="209448" />
  <attribute name="GC Util currently" value="184" />
  <attribute name="CPU Util currently" value="1054215229565" />
<exclusive-end id="3931" timestamp="2019-08-08T12:52:58.074" durationms="12.770" />

<exclusive-start id="3932" timestamp="2019-08-08T12:52:58.185" intervalms="123.832">
  <response-info timems="12.862" idlems="12.862" threads="0" lastid="0000000001BF1900" lastname="Thread-21" />
</exclusive-start>
<allocation-taxation id="3933" taxation-threshold="111149056" timestamp="2019-08-08T12:52:58.185" intervalms="123.855" />
<cycle-start id="3934" type="partial gc" contextid="0" timestamp="2019-08-08T12:52:58.185" intervalms="123.818" />
<gc-start id="3935" type="partial gc" contextid="3934" timestamp="2019-08-08T12:52:58.185">
  <mem-info id="3936" free="140509184" total="419430400" percent="33">
    <mem type="eden" free="0" total="111149056" percent="0" />
    <remembered-set count="38240" freebytes="16615040" totalbytes="16768000" percent="99" regionsoverflowed="0" regionsstable="10" regionsrebuilding="0"/>
  </mem-info>
</gc-start>
<allocation-stats totalBytes="111130088" >
  <allocated-bytes non-tlh="0" tlh="111130088" arrayletleaf="0"/>
  <largest-consumer threadName="Thread-24" threadId="0000000001BA6B00" bytes="12642400" />
</allocation-stats>
<gc-op id="3937" type="copy forward" timems="10.479" contextid="3934" timestamp="2019-08-08T12:52:58.197">
  <memory-copied type="eden" objects="18874" bytes="734184" bytesdiscarded="46608" />
  <memory-copied type="other" objects="72279" bytes="3095304" bytesdiscarded="301232" />
  <memory-cardclean objects="15262" bytes="806120" />
  <regions eden="53" other="5" />
  <remembered-set-cleared processed="18161" cleared="2005" durationms="0.199" />
  <stringconstants candidates="15173" cleared="0"  />
</gc-op>
<gc-op id="3938" type="classunload" timems="0.010" contextid="3934" timestamp="2019-08-08T12:52:58.197">
  <classunload-info classloadercandidates="55" classloadersunloaded="0" classesunloaded="0" anonymousclassesunloaded="0" quiescems="0.000" setupms="0.010" scanms="0.000" postms="0.000" />
</gc-op>
<gc-end id="3939" type="partial gc" contextid="3934" durationms="11.805" usertimems="34.369" systemtimems="2.184" timestamp="2019-08-08T12:52:58.197" activeThreads="16">
  <mem-info id="3940" free="249561088" total="419430400" percent="59">
    <mem type="eden" free="1316360" total="2097152" percent="62" />
    <remembered-set count="39648" freebytes="16609408" totalbytes="16768000" percent="99" regionsoverflowed="0" regionsstable="10" regionsrebuilding="0"/>
  </mem-info>
</gc-end>
<cycle-end id="3941" type="partial gc" contextid="3934" timestamp="2019-08-08T12:52:58.197" />
  <attribute name="elasticGC enabled" value="1" />
  <attribute name= "numThreadsSpecified" value="16" />
  <attribute name="heapSize specified" value="0" />
  <attribute name="Current GC Util" value="132" />
  <attribute name= "Current Time Running" value="209571" />
  <attribute name ="GC Interval" value="0" />
  <attribute name="Target GC Util Change" value ="80.000000" />
  <attribute name="Current GC Util Change" value="132.000000"/>
  <attribute name="Current Error" value="-107.000000" />
  <attribute name="Output H" value="419505960"/>
  <attribute name="Output I" value="1824"/>
  <attribute name="Output T" value="16"/>
  <attribute name= "Current Time Running" value="209571" />
  <attribute name="GC Util currently" value="132" />
  <attribute name="CPU Util currently" value="1613522324529" />
<exclusive-end id="3942" timestamp="2019-08-08T12:52:58.197" durationms="12.362" />

<exclusive-start id="3943" timestamp="2019-08-08T12:52:58.295" intervalms="109.488">
  <response-info timems="0.859" idlems="0.859" threads="0" lastid="0000000001BCC200" lastname="Thread-36" />
</exclusive-start>
<allocation-taxation id="3944" taxation-threshold="111149056" timestamp="2019-08-08T12:52:58.295" intervalms="109.596" />
<cycle-start id="3945" type="partial gc" contextid="0" timestamp="2019-08-08T12:52:58.295" intervalms="109.609" />
<gc-start id="3946" type="partial gc" contextid="3945" timestamp="2019-08-08T12:52:58.295">
  <mem-info id="3947" free="138412032" total="419430400" percent="33">
    <mem type="eden" free="0" total="111149056" percent="0" />
    <remembered-set count="39296" freebytes="16610816" totalbytes="16768000" percent="99" regionsoverflowed="0" regionsstable="10" regionsrebuilding="0"/>
  </mem-info>
</gc-start>
<allocation-stats totalBytes="111130736" >
  <allocated-bytes non-tlh="0" tlh="111130736" arrayletleaf="0"/>
  <largest-consumer threadName="Thread-21" threadId="0000000001BF1900" bytes="15787952" />
</allocation-stats>
<gc-op id="3948" type="copy forward" timems="11.035" contextid="3945" timestamp="2019-08-08T12:52:58.309">
  <memory-copied type="eden" objects="19474" bytes="748936" bytesdiscarded="72600" />
  <memory-copied type="other" objects="77330" bytes="3288264" bytesdiscarded="364216" />
  <memory-cardclean objects="18988" bytes="974072" />
  <regions eden="53" other="5" />
  <remembered-set-cleared processed="18284" cleared="2587" durationms="0.579" />
  <stringconstants candidates="15173" cleared="0"  />
</gc-op>
<gc-op id="3949" type="classunload" timems="0.011" contextid="3945" timestamp="2019-08-08T12:52:58.309">
  <classunload-info classloadercandidates="55" classloadersunloaded="0" classesunloaded="0" anonymousclassesunloaded="0" quiescems="0.000" setupms="0.011" scanms="0.000" postms="0.000" />
</gc-op>
<gc-end id="3950" type="partial gc" contextid="3945" durationms="13.626" usertimems="26.895" systemtimems="11.448" timestamp="2019-08-08T12:52:58.309" activeThreads="16">
  <mem-info id="3951" free="249561088" total="419430400" percent="59">
    <mem type="eden" free="1275616" total="2097152" percent="60" />
    <remembered-set count="39744" freebytes="16609024" totalbytes="16768000" percent="99" regionsoverflowed="0" regionsstable="10" regionsrebuilding="0"/>
  </mem-info>
</gc-end>
<cycle-end id="3952" type="partial gc" contextid="3945" timestamp="2019-08-08T12:52:58.309" />
  <attribute name="elasticGC enabled" value="1" />
  <attribute name= "numThreadsSpecified" value="16" />
  <attribute name="heapSize specified" value="0" />
  <attribute name="Current GC Util" value="64" />
  <attribute name= "Current Time Running" value="209682" />
  <attribute name ="GC Interval" value="0" />
  <attribute name="Target GC Util Change" value ="80.000000" />
  <attribute name="Current GC Util Change" value="64.000000"/>
  <attribute name="Current Error" value="-43.000000" />
  <attribute name="Output H" value="419506032"/>
  <attribute name="Output I" value="1936"/>
  <attribute name="Output T" value="16"/>
  <attribute name= "Current Time Running" value="209682" />
  <attribute name="GC Util currently" value="64" />
  <attribute name="CPU Util currently" value="575819525443" />
<exclusive-end id="3953" timestamp="2019-08-08T12:52:58.309" durationms="14.383" />

<exclusive-start id="3954" timestamp="2019-08-08T12:52:58.394" intervalms="98.985">
  <response-info timems="1.794" idlems="1.794" threads="0" lastid="0000000001BA6B00" lastname="Thread-24" />
</exclusive-start>
<allocation-taxation id="3955" taxation-threshold="111149056" timestamp="2019-08-08T12:52:58.394" intervalms="99.027" />
<cycle-start id="3956" type="partial gc" contextid="0" timestamp="2019-08-08T12:52:58.394" intervalms="99.327" />
<gc-start id="3957" type="partial gc" contextid="3956" timestamp="2019-08-08T12:52:58.394">
  <mem-info id="3958" free="138412032" total="419430400" percent="33">
    <mem type="eden" free="0" total="111149056" percent="0" />
    <remembered-set count="39424" freebytes="16610304" totalbytes="16768000" percent="99" regionsoverflowed="0" regionsstable="10" regionsrebuilding="0"/>
  </mem-info>
</gc-start>
<allocation-stats totalBytes="111131904" >
  <allocated-bytes non-tlh="0" tlh="111131904" arrayletleaf="0"/>
  <largest-consumer threadName="Thread-21" threadId="0000000001BF1900" bytes="14453120" />
</allocation-stats>
<gc-op id="3959" type="copy forward" timems="12.933" contextid="3956" timestamp="2019-08-08T12:52:58.409">
  <memory-copied type="eden" objects="19706" bytes="753800" bytesdiscarded="93784" />
  <memory-copied type="other" objects="80256" bytes="3437280" bytesdiscarded="283872" />
  <memory-cardclean objects="12931" bytes="674960" />
  <regions eden="53" other="5" />
  <remembered-set-cleared processed="16940" cleared="523" durationms="0.196" />
  <stringconstants candidates="15173" cleared="0"  />
</gc-op>
<gc-op id="3960" type="classunload" timems="0.011" contextid="3956" timestamp="2019-08-08T12:52:58.409">
  <classunload-info classloadercandidates="55" classloadersunloaded="0" classesunloaded="0" anonymousclassesunloaded="0" quiescems="0.000" setupms="0.010" scanms="0.000" postms="0.000" />
</gc-op>
<gc-end id="3961" type="partial gc" contextid="3956" durationms="14.245" usertimems="31.632" systemtimems="13.528" timestamp="2019-08-08T12:52:58.409" activeThreads="16">
  <mem-info id="3962" free="247463936" total="419430400" percent="59">
    <mem type="eden" free="1249568" total="2097152" percent="59" />
    <remembered-set count="39584" freebytes="16609664" totalbytes="16768000" percent="99" regionsoverflowed="0" regionsstable="10" regionsrebuilding="0"/>
  </mem-info>
</gc-end>
<cycle-end id="3963" type="partial gc" contextid="3956" timestamp="2019-08-08T12:52:58.409" />
  <attribute name="elasticGC enabled" value="1" />
  <attribute name= "numThreadsSpecified" value="16" />
  <attribute name="heapSize specified" value="0" />
  <attribute name="Current GC Util" value="129" />
  <attribute name= "Current Time Running" value="209780" />
  <attribute name ="GC Interval" value="0" />
  <attribute name="Target GC Util Change" value ="80.000000" />
  <attribute name="Current GC Util Change" value="129.000000"/>
  <attribute name="Current Error" value="-49.000000" />
  <attribute name="Output H" value="419506024"/>
  <attribute name="Output I" value="1928"/>
  <attribute name="Output T" value="16"/>
  <attribute name= "Current Time Running" value="209780" />
  <attribute name="GC Util currently" value="129" />
  <attribute name="CPU Util currently" value="1519254737923" />
<exclusive-end id="3964" timestamp="2019-08-08T12:52:58.409" durationms="15.283" />

<exclusive-start id="3965" timestamp="2019-08-08T12:52:58.489" intervalms="95.663">
  <response-info timems="0.663" idlems="0.381" threads="3" lastid="0000000001BDED00" lastname="Thread-25" />
</exclusive-start>
<allocation-taxation id="3966" taxation-threshold="111149056" timestamp="2019-08-08T12:52:58.489" intervalms="95.486" />
<cycle-start id="3967" type="partial gc" contextid="0" timestamp="2019-08-08T12:52:58.489" intervalms="95.182" />
<gc-start id="3968" type="partial gc" contextid="3967" timestamp="2019-08-08T12:52:58.490">
  <mem-info id="3969" free="136314880" total="419430400" percent="32">
    <mem type="eden" free="0" total="111149056" percent="0" />
    <remembered-set count="39488" freebytes="16610048" totalbytes="16768000" percent="99" regionsoverflowed="0" regionsstable="10" regionsrebuilding="0"/>
  </mem-info>
</gc-start>
<allocation-stats totalBytes="111131176" >
  <allocated-bytes non-tlh="0" tlh="111131176" arrayletleaf="0"/>
  <largest-consumer threadName="Thread-21" threadId="0000000001BF1900" bytes="12880280" />
</allocation-stats>
<gc-op id="3970" type="copy forward" timems="15.114" contextid="3967" timestamp="2019-08-08T12:52:58.506">
  <memory-copied type="eden" objects="16455" bytes="539408" bytesdiscarded="54112" />
  <memory-copied type="other" objects="77697" bytes="3375864" bytesdiscarded="263584" />
  <memory-cardclean objects="22280" bytes="1167800" />
  <regions eden="53" other="5" />
  <remembered-set-cleared processed="19205" cleared="4155" durationms="0.191" />
  <stringconstants candidates="15173" cleared="0"  />
</gc-op>
<gc-op id="3971" type="classunload" timems="0.014" contextid="3967" timestamp="2019-08-08T12:52:58.506">
  <classunload-info classloadercandidates="55" classloadersunloaded="0" classesunloaded="0" anonymousclassesunloaded="0" quiescems="0.000" setupms="0.013" scanms="0.000" postms="0.000" />
</gc-op>
<heap-resize id="3972" type="expand" space="default" amount="20971520" count="1" timems="0.177" reason="excessive time being spent in gc" timestamp="2019-08-08T12:52:58.507" />
<gc-end id="3973" type="partial gc" contextid="3967" durationms="16.955" usertimems="39.064" systemtimems="17.923" timestamp="2019-08-08T12:52:58.507" activeThreads="16">
  <mem-info id="3974" free="264241152" total="440401920" percent="60">
    <mem type="eden" free="3600784" total="4194304" percent="85" />
    <remembered-set count="41184" freebytes="17441664" totalbytes="17606400" percent="99" regionsoverflowed="0" regionsstable="10" regionsrebuilding="0"/>
  </mem-info>
</gc-end>
<cycle-end id="3975" type="partial gc" contextid="3967" timestamp="2019-08-08T12:52:58.507" />
  <attribute name="elasticGC enabled" value="1" />
  <attribute name= "numThreadsSpecified" value="16" />
  <attribute name="heapSize specified" value="0" />
  <attribute name="Current GC Util" value="55" />
  <attribute name= "Current Time Running" value="209876" />
  <attribute name ="GC Interval" value="0" />
  <attribute name="Target GC Util Change" value ="80.000000" />
  <attribute name="Current GC Util Change" value="55.000000"/>
  <attribute name="Current Error" value="9.000000" />
  <attribute name="Output H" value="419506096"/>
  <attribute name="Output I" value="2024"/>
  <attribute name="Output T" value="16"/>
  <attribute name= "Current Time Running" value="209876" />
  <attribute name="GC Util currently" value="55" />
  <attribute name="CPU Util currently" value="1112571760414" />
<exclusive-end id="3976" timestamp="2019-08-08T12:52:58.507" durationms="17.654" />

<exclusive-start id="3977" timestamp="2019-08-08T12:52:58.596" intervalms="106.737">
  <response-info timems="3.684" idlems="3.684" threads="0" lastid="0000000001BEDD00" lastname="Thread-33" />
</exclusive-start>
<allocation-taxation id="3978" taxation-threshold="117440512" timestamp="2019-08-08T12:52:58.596" intervalms="106.753" />
<cycle-start id="3979" type="partial gc" contextid="0" timestamp="2019-08-08T12:52:58.596" intervalms="106.889" />
<gc-start id="3980" type="partial gc" contextid="3979" timestamp="2019-08-08T12:52:58.597">
  <mem-info id="3981" free="146800640" total="440401920" percent="33">
    <mem type="eden" free="0" total="117440512" percent="0" />
    <remembered-set count="40896" freebytes="17442816" totalbytes="17606400" percent="99" regionsoverflowed="0" regionsstable="10" regionsrebuilding="0"/>
  </mem-info>
</gc-start>
<allocation-stats totalBytes="117422272" >
  <allocated-bytes non-tlh="0" tlh="117422272" arrayletleaf="0"/>
  <largest-consumer threadName="Thread-21" threadId="0000000001BF1900" bytes="14723520" />
</allocation-stats>
<gc-op id="3982" type="copy forward" timems="12.268" contextid="3979" timestamp="2019-08-08T12:52:58.610">
  <memory-copied type="eden" objects="23812" bytes="852944" bytesdiscarded="55184" />
  <memory-copied type="other" objects="75214" bytes="3178896" bytesdiscarded="242960" />
  <memory-cardclean objects="23524" bytes="1225064" />
  <regions eden="56" other="7" />
  <remembered-set-cleared processed="18678" cleared="4677" durationms="0.175" />
  <stringconstants candidates="15173" cleared="0"  />
</gc-op>
<gc-op id="3983" type="classunload" timems="0.010" contextid="3979" timestamp="2019-08-08T12:52:58.610">
  <classunload-info classloadercandidates="55" classloadersunloaded="0" classesunloaded="0" anonymousclassesunloaded="0" quiescems="0.000" setupms="0.010" scanms="0.000" postms="0.000" />
</gc-op>
<gc-end id="3984" type="partial gc" contextid="3979" durationms="13.620" usertimems="20.290" systemtimems="25.444" timestamp="2019-08-08T12:52:58.610" activeThreads="16">
  <mem-info id="3985" free="264241152" total="440401920" percent="60">
    <mem type="eden" free="1189024" total="2097152" percent="56" />
    <remembered-set count="40128" freebytes="17445888" totalbytes="17606400" percent="99" regionsoverflowed="0" regionsstable="10" regionsrebuilding="0"/>
  </mem-info>
</gc-end>
<cycle-end id="3986" type="partial gc" contextid="3979" timestamp="2019-08-08T12:52:58.610" />
  <attribute name="elasticGC enabled" value="1" />
  <attribute name= "numThreadsSpecified" value="16" />
  <attribute name="heapSize specified" value="0" />
  <attribute name="Current GC Util" value="155" />
  <attribute name= "Current Time Running" value="209982" />
  <attribute name ="GC Interval" value="0" />
  <attribute name="Target GC Util Change" value ="80.000000" />
  <attribute name="Current GC Util Change" value="155.000000"/>
  <attribute name="Current Error" value="-39.000000" />
  <attribute name="Output H" value="440477560"/>
  <attribute name="Output I" value="1944"/>
  <attribute name="Output T" value="16"/>
  <attribute name= "Current Time Running" value="209982" />
  <attribute name="GC Util currently" value="155" />
  <attribute name="CPU Util currently" value="1676247566644" />
<exclusive-end id="3987" timestamp="2019-08-08T12:52:58.610" durationms="14.478" />

<exclusive-start id="3988" timestamp="2019-08-08T12:52:58.677" intervalms="80.861">
  <response-info timems="0.419" idlems="0.419" threads="0" lastid="0000000001BBD200" lastname="Thread-32" />
</exclusive-start>
<allocation-taxation id="3989" taxation-threshold="117440512" timestamp="2019-08-08T12:52:58.677" intervalms="80.835" />
<cycle-start id="3990" type="partial gc" contextid="0" timestamp="2019-08-08T12:52:58.677" intervalms="80.854" />
<gc-start id="3991" type="partial gc" contextid="3990" timestamp="2019-08-08T12:52:58.677">
  <mem-info id="3992" free="146800640" total="440401920" percent="33">
    <mem type="eden" free="0" total="117440512" percent="0" />
    <remembered-set count="39904" freebytes="17446784" totalbytes="17606400" percent="99" regionsoverflowed="0" regionsstable="10" regionsrebuilding="0"/>
  </mem-info>
</gc-start>
<allocation-stats totalBytes="117422296" >
  <allocated-bytes non-tlh="0" tlh="117422296" arrayletleaf="0"/>
  <largest-consumer threadName="Thread-21" threadId="0000000001BF1900" bytes="14526352" />
</allocation-stats>
<gc-op id="3993" type="copy forward" timems="12.367" contextid="3990" timestamp="2019-08-08T12:52:58.693">
  <memory-copied type="eden" objects="31857" bytes="1321600" bytesdiscarded="76296" />
  <memory-copied type="other" objects="55832" bytes="2301600" bytesdiscarded="209480" />
  <memory-cardclean objects="24331" bytes="1266464" />
  <regions eden="56" other="5" />
  <remembered-set-cleared processed="19806" cleared="4513" durationms="0.360" />
  <stringconstants candidates="15173" cleared="0"  />
</gc-op>
<gc-op id="3994" type="classunload" timems="0.010" contextid="3990" timestamp="2019-08-08T12:52:58.693">
  <classunload-info classloadercandidates="55" classloadersunloaded="0" classesunloaded="0" anonymousclassesunloaded="0" quiescems="0.000" setupms="0.010" scanms="0.000" postms="0.000" />
</gc-op>
<heap-resize id="3995" type="expand" space="default" amount="10485760" count="1" timems="0.103" reason="excessive time being spent in gc" timestamp="2019-08-08T12:52:58.693" />
<gc-end id="3996" type="partial gc" contextid="3990" durationms="16.137" usertimems="31.188" systemtimems="18.524" timestamp="2019-08-08T12:52:58.694" activeThreads="16">
  <mem-info id="3997" free="270532608" total="450887680" percent="60">
    <mem type="eden" free="2796408" total="4194304" percent="66" />
    <remembered-set count="38720" freebytes="17870720" totalbytes="18025600" percent="99" regionsoverflowed="0" regionsstable="10" regionsrebuilding="0"/>
  </mem-info>
</gc-end>
<cycle-end id="3998" type="partial gc" contextid="3990" timestamp="2019-08-08T12:52:58.694" />
  <attribute name="elasticGC enabled" value="1" />
  <attribute name= "numThreadsSpecified" value="16" />
  <attribute name="heapSize specified" value="0" />
  <attribute name="Current GC Util" value="20" />
  <attribute name= "Current Time Running" value="210065" />
  <attribute name ="GC Interval" value="0" />
  <attribute name="Target GC Util Change" value ="80.000000" />
  <attribute name="Current GC Util Change" value="20.000000"/>
  <attribute name="Current Error" value="60.000000" />
  <attribute name="Output H" value="440477672"/>
  <attribute name="Output I" value="2120"/>
  <attribute name="Output T" value="16"/>
  <attribute name= "Current Time Running" value="210065" />
  <attribute name="GC Util currently" value="20" />
  <attribute name="CPU Util currently" value="451403793071" />
<exclusive-end id="3999" timestamp="2019-08-08T12:52:58.694" durationms="16.873" />

<exclusive-start id="4000" timestamp="2019-08-08T12:52:58.786" intervalms="109.623">
  <response-info timems="2.297" idlems="1.151" threads="1" lastid="0000000001BCC200" lastname="Thread-36" />
</exclusive-start>
<allocation-taxation id="4001" taxation-threshold="119537664" timestamp="2019-08-08T12:52:58.787" intervalms="109.635" />
<cycle-start id="4002" type="partial gc" contextid="0" timestamp="2019-08-08T12:52:58.787" intervalms="109.507" />
<gc-start id="4003" type="partial gc" contextid="4002" timestamp="2019-08-08T12:52:58.787">
  <mem-info id="4004" free="150994944" total="450887680" percent="33">
    <mem type="eden" free="0" total="119537664" percent="0" />
    <remembered-set count="38432" freebytes="17871872" totalbytes="18025600" percent="99" regionsoverflowed="0" regionsstable="10" regionsrebuilding="0"/>
  </mem-info>
</gc-start>
<allocation-stats totalBytes="119518160" >
  <allocated-bytes non-tlh="0" tlh="119518160" arrayletleaf="0"/>
  <largest-consumer threadName="Thread-21" threadId="0000000001BF1900" bytes="13449048" />
</allocation-stats>
<gc-op id="4005" type="copy forward" timems="16.080" contextid="4002" timestamp="2019-08-08T12:52:58.804">
  <memory-copied type="eden" objects="15418" bytes="514728" bytesdiscarded="82256" />
  <memory-copied type="other" objects="85964" bytes="3711648" bytesdiscarded="300720" />
  <memory-cardclean objects="18760" bytes="931520" />
  <regions eden="57" other="7" />
  <remembered-set-cleared processed="17111" cleared="2471" durationms="0.164" />
  <stringconstants candidates="15173" cleared="0"  />
</gc-op>
<gc-op id="4006" type="classunload" timems="0.011" contextid="4002" timestamp="2019-08-08T12:52:58.804">
  <classunload-info classloadercandidates="55" classloadersunloaded="0" classesunloaded="0" anonymousclassesunloaded="0" quiescems="0.000" setupms="0.011" scanms="0.000" postms="0.000" />
</gc-op>
<gc-end id="4007" type="partial gc" contextid="4002" durationms="17.435" usertimems="24.020" systemtimems="25.093" timestamp="2019-08-08T12:52:58.804" activeThreads="16">
  <mem-info id="4008" free="270532608" total="450887680" percent="60">
    <mem type="eden" free="1500168" total="2097152" percent="71" />
    <remembered-set count="39584" freebytes="17867264" totalbytes="18025600" percent="99" regionsoverflowed="0" regionsstable="10" regionsrebuilding="0"/>
  </mem-info>
</gc-end>
<cycle-end id="4009" type="partial gc" contextid="4002" timestamp="2019-08-08T12:52:58.804" />
  <attribute name="elasticGC enabled" value="1" />
  <attribute name= "numThreadsSpecified" value="16" />
  <attribute name="heapSize specified" value="0" />
  <attribute name="Current GC Util" value="146" />
  <attribute name= "Current Time Running" value="210172" />
  <attribute name ="GC Interval" value="0" />
  <attribute name="Target GC Util Change" value ="80.000000" />
  <attribute name="Current GC Util Change" value="146.000000"/>
  <attribute name="Current Error" value="28.000000" />
  <attribute name="Output H" value="450963392"/>
  <attribute name="Output I" value="2064"/>
  <attribute name="Output T" value="16"/>
  <attribute name= "Current Time Running" value="210172" />
  <attribute name="GC Util currently" value="146" />
  <attribute name="CPU Util currently" value="1847754816018" />
<exclusive-end id="4010" timestamp="2019-08-08T12:52:58.805" durationms="18.102" />

<exclusive-start id="4011" timestamp="2019-08-08T12:52:58.872" intervalms="85.914">
  <response-info timems="0.319" idlems="0.163" threads="1" lastid="0000000001BEDD00" lastname="Thread-33" />
</exclusive-start>
<allocation-taxation id="4012" taxation-threshold="119537664" timestamp="2019-08-08T12:52:58.873" intervalms="85.965" />
<cycle-start id="4013" type="partial gc" contextid="0" timestamp="2019-08-08T12:52:58.873" intervalms="86.255" />
<gc-start id="4014" type="partial gc" contextid="4013" timestamp="2019-08-08T12:52:58.873">
  <mem-info id="4015" free="150994944" total="450887680" percent="33">
    <mem type="eden" free="0" total="119537664" percent="0" />
    <remembered-set count="39424" freebytes="17867904" totalbytes="18025600" percent="99" regionsoverflowed="0" regionsstable="10" regionsrebuilding="0"/>
  </mem-info>
</gc-start>
<allocation-stats totalBytes="119517688" >
  <allocated-bytes non-tlh="0" tlh="119517688" arrayletleaf="0"/>
  <largest-consumer threadName="Thread-26" threadId="0000000001BAE300" bytes="12257400" />
</allocation-stats>
<gc-op id="4016" type="copy forward" timems="15.868" contextid="4013" timestamp="2019-08-08T12:52:58.893">
  <memory-copied type="eden" objects="36559" bytes="1573160" bytesdiscarded="108760" />
  <memory-copied type="other" objects="50366" bytes="2170416" bytesdiscarded="170912" />
  <memory-cardclean objects="19879" bytes="1042280" />
  <regions eden="57" other="6" />
  <remembered-set-cleared processed="17434" cleared="2895" durationms="0.394" />
  <stringconstants candidates="15173" cleared="0"  />
</gc-op>
<gc-op id="4017" type="classunload" timems="0.012" contextid="4013" timestamp="2019-08-08T12:52:58.893">
  <classunload-info classloadercandidates="55" classloadersunloaded="0" classesunloaded="0" anonymousclassesunloaded="0" quiescems="0.000" setupms="0.012" scanms="0.000" postms="0.000" />
</gc-op>
<heap-resize id="4018" type="expand" space="default" amount="6291456" count="1" timems="0.082" reason="excessive time being spent in gc" timestamp="2019-08-08T12:52:58.894" />
<gc-end id="4019" type="partial gc" contextid="4013" durationms="20.516" usertimems="36.952" systemtimems="19.964" timestamp="2019-08-08T12:52:58.894" activeThreads="16">
  <mem-info id="4020" free="274726912" total="457179136" percent="60">
    <mem type="eden" free="415232" total="2097152" percent="19" />
    <remembered-set count="38688" freebytes="18122368" totalbytes="18277120" percent="99" regionsoverflowed="0" regionsstable="10" regionsrebuilding="0"/>
  </mem-info>
</gc-end>
<cycle-end id="4021" type="partial gc" contextid="4013" timestamp="2019-08-08T12:52:58.894" />
  <attribute name="elasticGC enabled" value="1" />
  <attribute name= "numThreadsSpecified" value="16" />
  <attribute name="heapSize specified" value="0" />
  <attribute name="Current GC Util" value="44" />
  <attribute name= "Current Time Running" value="210262" />
  <attribute name ="GC Interval" value="0" />
  <attribute name="Target GC Util Change" value ="80.000000" />
  <attribute name="Current GC Util Change" value="44.000000"/>
  <attribute name="Current Error" value="88.000000" />
  <attribute name="Output H" value="450963464"/>
  <attribute name="Output I" value="2168"/>
  <attribute name="Output T" value="16"/>
  <attribute name= "Current Time Running" value="210262" />
  <attribute name="GC Util currently" value="44" />
  <attribute name="CPU Util currently" value="304039491236" />
<exclusive-end id="4022" timestamp="2019-08-08T12:52:58.894" durationms="21.544" />

<exclusive-start id="4023" timestamp="2019-08-08T12:52:59.004" intervalms="131.991">
  <response-info timems="5.813" idlems="5.813" threads="0" lastid="0000000001B9F300" lastname="Thread-23" />
</exclusive-start>
<allocation-taxation id="4024" taxation-threshold="121634816" timestamp="2019-08-08T12:52:59.005" intervalms="132.019" />
<cycle-start id="4025" type="partial gc" contextid="0" timestamp="2019-08-08T12:52:59.005" intervalms="131.835" />
<gc-start id="4026" type="partial gc" contextid="4025" timestamp="2019-08-08T12:52:59.005">
  <mem-info id="4027" free="153092096" total="457179136" percent="33">
    <mem type="eden" free="0" total="121634816" percent="0" />
    <remembered-set count="38400" freebytes="18123520" totalbytes="18277120" percent="99" regionsoverflowed="0" regionsstable="10" regionsrebuilding="0"/>
  </mem-info>
</gc-start>
<allocation-stats totalBytes="121614192" >
  <allocated-bytes non-tlh="0" tlh="121614192" arrayletleaf="0"/>
  <largest-consumer threadName="Thread-26" threadId="0000000001BAE300" bytes="12126152" />
</allocation-stats>
<gc-op id="4028" type="copy forward" timems="16.061" contextid="4025" timestamp="2019-08-08T12:52:59.022">
  <memory-copied type="eden" objects="14928" bytes="502576" bytesdiscarded="95720" />
  <memory-copied type="other" objects="70164" bytes="3195072" bytesdiscarded="290360" />
  <memory-cardclean objects="14653" bytes="768776" />
  <regions eden="58" other="6" />
  <remembered-set-cleared processed="17440" cleared="2838" durationms="0.163" />
  <stringconstants candidates="15173" cleared="0"  />
</gc-op>
<gc-op id="4029" type="classunload" timems="0.010" contextid="4025" timestamp="2019-08-08T12:52:59.022">
  <classunload-info classloadercandidates="55" classloadersunloaded="0" classesunloaded="0" anonymousclassesunloaded="0" quiescems="0.000" setupms="0.010" scanms="0.000" postms="0.000" />
</gc-op>
<heap-resize id="4030" type="expand" space="default" amount="10485760" count="1" timems="0.094" reason="excessive time being spent in gc" timestamp="2019-08-08T12:52:59.023" />
<gc-end id="4031" type="partial gc" contextid="4025" durationms="17.606" usertimems="43.042" systemtimems="20.360" timestamp="2019-08-08T12:52:59.023" activeThreads="16">
  <mem-info id="4032" free="281018368" total="467664896" percent="60">
    <mem type="eden" free="3596008" total="4194304" percent="85" />
    <remembered-set count="38944" freebytes="18540544" totalbytes="18696320" percent="99" regionsoverflowed="0" regionsstable="10" regionsrebuilding="0"/>
  </mem-info>
</gc-end>
<cycle-end id="4033" type="partial gc" contextid="4025" timestamp="2019-08-08T12:52:59.023" />
  <attribute name="elasticGC enabled" value="1" />
  <attribute name= "numThreadsSpecified" value="16" />
  <attribute name="heapSize specified" value="0" />
  <attribute name="Current GC Util" value="165" />
  <attribute name= "Current Time Running" value="210391" />
  <attribute name ="GC Interval" value="0" />
  <attribute name="Target GC Util Change" value ="80.000000" />
  <attribute name="Current GC Util Change" value="165.000000"/>
  <attribute name="Current Error" value="-85.000000" />
  <attribute name="Output H" value="457254720"/>
  <attribute name="Output I" value="1864"/>
  <attribute name="Output T" value="16"/>
  <attribute name= "Current Time Running" value="210391" />
  <attribute name="GC Util currently" value="165" />
  <attribute name="CPU Util currently" value="1662029196081" />
<exclusive-end id="4034" timestamp="2019-08-08T12:52:59.023" durationms="18.504" />

<exclusive-start id="4035" timestamp="2019-08-08T12:52:59.081" intervalms="76.494">
  <response-info timems="0.683" idlems="0.237" threads="2" lastid="0000000001BEDD00" lastname="Thread-33" />
</exclusive-start>
<allocation-taxation id="4036" taxation-threshold="123731968" timestamp="2019-08-08T12:52:59.081" intervalms="76.412" />
<cycle-start id="4037" type="partial gc" contextid="0" timestamp="2019-08-08T12:52:59.081" intervalms="76.462" />
<gc-start id="4038" type="partial gc" contextid="4037" timestamp="2019-08-08T12:52:59.081">
  <mem-info id="4039" free="157286400" total="467664896" percent="33">
    <mem type="eden" free="0" total="123731968" percent="0" />
    <remembered-set count="38848" freebytes="18540928" totalbytes="18696320" percent="99" regionsoverflowed="0" regionsstable="10" regionsrebuilding="0"/>
  </mem-info>
</gc-start>
<allocation-stats totalBytes="123711184" >
  <allocated-bytes non-tlh="0" tlh="123711184" arrayletleaf="0"/>
  <largest-consumer threadName="Thread-27" threadId="0000000001BE2900" bytes="13866704" />
</allocation-stats>
<gc-op id="4040" type="copy forward" timems="18.653" contextid="4037" timestamp="2019-08-08T12:52:59.101">
  <memory-copied type="eden" objects="21988" bytes="673256" bytesdiscarded="51536" />
  <memory-copied type="other" objects="71354" bytes="3086256" bytesdiscarded="238552" />
  <memory-cardclean objects="19404" bytes="977408" />
  <regions eden="59" other="7" />
  <remembered-set-cleared processed="17062" cleared="2390" durationms="0.196" />
  <stringconstants candidates="15173" cleared="0"  />
</gc-op>
<gc-op id="4041" type="classunload" timems="0.011" contextid="4037" timestamp="2019-08-08T12:52:59.101">
  <classunload-info classloadercandidates="55" classloadersunloaded="0" classesunloaded="0" anonymousclassesunloaded="0" quiescems="0.000" setupms="0.010" scanms="0.000" postms="0.000" />
</gc-op>
<heap-resize id="4042" type="expand" space="default" amount="4194304" count="1" timems="0.071" reason="excessive time being spent in gc" timestamp="2019-08-08T12:52:59.101" />
<gc-end id="4043" type="partial gc" contextid="4037" durationms="20.037" usertimems="75.921" systemtimems="0.000" timestamp="2019-08-08T12:52:59.102" activeThreads="16">
  <mem-info id="4044" free="283115520" total="471859200" percent="60">
    <mem type="eden" free="3469512" total="4194304" percent="82" />
    <remembered-set count="40896" freebytes="18700416" totalbytes="18864000" percent="99" regionsoverflowed="0" regionsstable="10" regionsrebuilding="0"/>
  </mem-info>
</gc-end>
<cycle-end id="4045" type="partial gc" contextid="4037" timestamp="2019-08-08T12:52:59.102" />
  <attribute name="elasticGC enabled" value="1" />
  <attribute name= "numThreadsSpecified" value="16" />
  <attribute name="heapSize specified" value="0" />
  <attribute name="Current GC Util" value="139" />
  <attribute name= "Current Time Running" value="210467" />
  <attribute name ="GC Interval" value="0" />
  <attribute name="Target GC Util Change" value ="80.000000" />
  <attribute name="Current GC Util Change" value="139.000000"/>
  <attribute name="Current Error" value="-146.000000" />
  <attribute name="Output H" value="467740408"/>
  <attribute name="Output I" value="1752"/>
  <attribute name="Output T" value="16"/>
  <attribute name= "Current Time Running" value="210467" />
  <attribute name="GC Util currently" value="139" />
  <attribute name="CPU Util currently" value="1792585990801" />
<exclusive-end id="4046" timestamp="2019-08-08T12:52:59.102" durationms="20.973" />

<exclusive-start id="4047" timestamp="2019-08-08T12:52:59.216" intervalms="134.886">
  <response-info timems="3.627" idlems="3.627" threads="0" lastid="0000000001BB5B00" lastname="Thread-31" />
</exclusive-start>
<allocation-taxation id="4048" taxation-threshold="123731968" timestamp="2019-08-08T12:52:59.216" intervalms="134.947" />
<cycle-start id="4049" type="partial gc" contextid="0" timestamp="2019-08-08T12:52:59.216" intervalms="134.838" />
<gc-start id="4050" type="partial gc" contextid="4049" timestamp="2019-08-08T12:52:59.216">
  <mem-info id="4051" free="159383552" total="471859200" percent="33">
    <mem type="eden" free="0" total="123731968" percent="0" />
    <remembered-set count="40608" freebytes="18701568" totalbytes="18864000" percent="99" regionsoverflowed="0" regionsstable="10" regionsrebuilding="0"/>
  </mem-info>
</gc-start>
<allocation-stats totalBytes="123710360" >
  <allocated-bytes non-tlh="0" tlh="123710360" arrayletleaf="0"/>
  <largest-consumer threadName="Thread-23" threadId="0000000001B9F300" bytes="13510432" />
</allocation-stats>
<gc-op id="4052" type="copy forward" timems="20.698" contextid="4049" timestamp="2019-08-08T12:52:59.238">
  <memory-copied type="eden" objects="27035" bytes="1068672" bytesdiscarded="54184" />
  <memory-copied type="other" objects="71428" bytes="3088032" bytesdiscarded="271528" />
  <memory-cardclean objects="9136" bytes="470000" />
  <regions eden="59" other="7" />
  <remembered-set-cleared processed="18003" cleared="3337" durationms="0.208" />
  <stringconstants candidates="15173" cleared="0"  />
</gc-op>
<gc-op id="4053" type="classunload" timems="0.014" contextid="4049" timestamp="2019-08-08T12:52:59.238">
  <classunload-info classloadercandidates="55" classloadersunloaded="0" classesunloaded="0" anonymousclassesunloaded="0" quiescems="0.000" setupms="0.014" scanms="0.000" postms="0.000" />
</gc-op>
<gc-end id="4054" type="partial gc" contextid="4049" durationms="22.311" usertimems="24.967" systemtimems="51.760" timestamp="2019-08-08T12:52:59.239" activeThreads="16">
  <mem-info id="4055" free="283115520" total="471859200" percent="60">
    <mem type="eden" free="974296" total="2097152" percent="46" />
    <remembered-set count="38880" freebytes="18708480" totalbytes="18864000" percent="99" regionsoverflowed="0" regionsstable="10" regionsrebuilding="0"/>
  </mem-info>
</gc-end>
<cycle-end id="4056" type="partial gc" contextid="4049" timestamp="2019-08-08T12:52:59.239" />
  <attribute name="elasticGC enabled" value="1" />
  <attribute name= "numThreadsSpecified" value="16" />
  <attribute name="heapSize specified" value="0" />
  <attribute name="Current GC Util" value="174" />
  <attribute name= "Current Time Running" value="210602" />
  <attribute name ="GC Interval" value="0" />
  <attribute name="Target GC Util Change" value ="80.000000" />
  <attribute name="Current GC Util Change" value="174.000000"/>
  <attribute name="Current Error" value="-216.000000" />
  <attribute name="Output H" value="471934632"/>
  <attribute name="Output I" value="1624"/>
  <attribute name="Output T" value="16"/>
  <attribute name= "Current Time Running" value="210602" />
  <attribute name="GC Util currently" value="174" />
  <attribute name="CPU Util currently" value="1298558645746" />
<exclusive-end id="4057" timestamp="2019-08-08T12:52:59.239" durationms="23.287" />

<exclusive-start id="4058" timestamp="2019-08-08T12:52:59.313" intervalms="96.998">
  <response-info timems="1.752" idlems="1.752" threads="0" lastid="0000000001BF5500" lastname="Thread-35" />
</exclusive-start>
<allocation-taxation id="4059" taxation-threshold="123731968" timestamp="2019-08-08T12:52:59.313" intervalms="97.080" />
<cycle-start id="4060" type="partial gc" contextid="0" timestamp="2019-08-08T12:52:59.315" intervalms="98.886" />
<gc-start id="4061" type="partial gc" contextid="4060" timestamp="2019-08-08T12:52:59.315">
  <mem-info id="4062" free="159383552" total="471859200" percent="33">
    <mem type="eden" free="0" total="123731968" percent="0" />
    <remembered-set count="38848" freebytes="18708608" totalbytes="18864000" percent="99" regionsoverflowed="0" regionsstable="10" regionsrebuilding="0"/>
  </mem-info>
</gc-start>
<allocation-stats totalBytes="123710368" >
  <allocated-bytes non-tlh="0" tlh="123710368" arrayletleaf="0"/>
  <largest-consumer threadName="Thread-29" threadId="0000000001BAA700" bytes="12527856" />
</allocation-stats>
<gc-op id="4063" type="copy forward" timems="13.203" contextid="4060" timestamp="2019-08-08T12:52:59.331">
  <memory-copied type="eden" objects="32970" bytes="1210592" bytesdiscarded="77768" />
  <memory-copied type="other" objects="55624" bytes="2433984" bytesdiscarded="150328" />
  <memory-cardclean objects="15332" bytes="759080" />
  <regions eden="59" other="6" />
  <remembered-set-cleared processed="18298" cleared="3773" durationms="0.164" />
  <stringconstants candidates="15173" cleared="0"  />
</gc-op>
<gc-op id="4064" type="classunload" timems="0.011" contextid="4060" timestamp="2019-08-08T12:52:59.331">
  <classunload-info classloadercandidates="55" classloadersunloaded="0" classesunloaded="0" anonymousclassesunloaded="0" quiescems="0.000" setupms="0.011" scanms="0.000" postms="0.000" />
</gc-op>
<heap-resize id="4065" type="expand" space="default" amount="10485760" count="1" timems="0.118" reason="excessive time being spent in gc" timestamp="2019-08-08T12:52:59.331" />
<gc-end id="4066" type="partial gc" contextid="4060" durationms="16.268" usertimems="24.518" systemtimems="24.739" timestamp="2019-08-08T12:52:59.331" activeThreads="16">
  <mem-info id="4067" free="289406976" total="482344960" percent="60">
    <mem type="eden" free="2905944" total="4194304" percent="69" />
    <remembered-set count="39136" freebytes="19126656" totalbytes="19283200" percent="99" regionsoverflowed="0" regionsstable="10" regionsrebuilding="0"/>
  </mem-info>
</gc-end>
<cycle-end id="4068" type="partial gc" contextid="4060" timestamp="2019-08-08T12:52:59.332" />
  <attribute name="elasticGC enabled" value="1" />
  <attribute name= "numThreadsSpecified" value="16" />
  <attribute name="heapSize specified" value="0" />
  <attribute name="Current GC Util" value="90" />
  <attribute name= "Current Time Running" value="210702" />
  <attribute name ="GC Interval" value="0" />
  <attribute name="Target GC Util Change" value ="80.000000" />
  <attribute name="Current GC Util Change" value="90.000000"/>
  <attribute name="Current Error" value="-10.000000" />
  <attribute name="Output H" value="471934872"/>
  <attribute name="Output I" value="1992"/>
  <attribute name="Output T" value="16"/>
  <attribute name= "Current Time Running" value="210702" />
  <attribute name="GC Util currently" value="90" />
  <attribute name="CPU Util currently" value="571324208469" />
<exclusive-end id="4069" timestamp="2019-08-08T12:52:59.332" durationms="19.028" />

<exclusive-start id="4070" timestamp="2019-08-08T12:52:59.418" intervalms="105.558">
  <response-info timems="1.123" idlems="1.123" threads="0" lastid="0000000001BF1900" lastname="Thread-21" />
</exclusive-start>
<allocation-taxation id="4071" taxation-threshold="127926272" timestamp="2019-08-08T12:52:59.418" intervalms="105.410" />
<cycle-start id="4072" type="partial gc" contextid="0" timestamp="2019-08-08T12:52:59.419" intervalms="103.627" />
<gc-start id="4073" type="partial gc" contextid="4072" timestamp="2019-08-08T12:52:59.419">
  <mem-info id="4074" free="161480704" total="482344960" percent="33">
    <mem type="eden" free="0" total="127926272" percent="0" />
    <remembered-set count="38688" freebytes="19128448" totalbytes="19283200" percent="99" regionsoverflowed="0" regionsstable="10" regionsrebuilding="0"/>
  </mem-info>
</gc-start>
<allocation-stats totalBytes="127903928" >
  <allocated-bytes non-tlh="0" tlh="127903928" arrayletleaf="0"/>
  <largest-consumer threadName="Thread-22" threadId="0000000001BEA100" bytes="12027976" />
</allocation-stats>
<gc-op id="4075" type="copy forward" timems="22.973" contextid="4072" timestamp="2019-08-08T12:52:59.444">
  <memory-copied type="eden" objects="57225" bytes="2479376" bytesdiscarded="164072" />
  <memory-copied type="other" objects="43308" bytes="1863648" bytesdiscarded="159000" />
  <memory-cardclean objects="13628" bytes="702632" />
  <regions eden="61" other="7" />
  <remembered-set-cleared processed="19247" cleared="4778" durationms="0.632" />
  <stringconstants candidates="15173" cleared="0"  />
</gc-op>
<gc-op id="4076" type="classunload" timems="0.014" contextid="4072" timestamp="2019-08-08T12:52:59.444">
  <classunload-info classloadercandidates="55" classloadersunloaded="0" classesunloaded="0" anonymousclassesunloaded="0" quiescems="0.000" setupms="0.014" scanms="0.000" postms="0.000" />
</gc-op>
<heap-resize id="4077" type="expand" space="default" amount="6291456" count="1" timems="0.080" reason="excessive time being spent in gc" timestamp="2019-08-08T12:52:59.444" />
<gc-end id="4078" type="partial gc" contextid="4072" durationms="24.661" usertimems="45.117" systemtimems="33.758" timestamp="2019-08-08T12:52:59.444" activeThreads="16">
  <mem-info id="4079" free="293601280" total="488636416" percent="60">
    <mem type="eden" free="3648008" total="6291456" percent="57" />
    <remembered-set count="39008" freebytes="19378688" totalbytes="19534720" percent="99" regionsoverflowed="0" regionsstable="10" regionsrebuilding="0"/>
  </mem-info>
</gc-end>
<cycle-end id="4080" type="partial gc" contextid="4072" timestamp="2019-08-08T12:52:59.444" />
  <attribute name="elasticGC enabled" value="1" />
  <attribute name= "numThreadsSpecified" value="16" />
  <attribute name="heapSize specified" value="0" />
  <attribute name="Current GC Util" value="130" />
  <attribute name= "Current Time Running" value="210805" />
  <attribute name ="GC Interval" value="0" />
  <attribute name="Target GC Util Change" value ="80.000000" />
  <attribute name="Current GC Util Change" value="130.000000"/>
  <attribute name="Current Error" value="-27.000000" />
  <attribute name="Output H" value="482420616"/>
  <attribute name="Output I" value="1960"/>
  <attribute name="Output T" value="16"/>
  <attribute name= "Current Time Running" value="210805" />
  <attribute name="GC Util currently" value="130" />
  <attribute name="CPU Util currently" value="1553500933999" />
<exclusive-end id="4081" timestamp="2019-08-08T12:52:59.444" durationms="26.112" />

<exclusive-start id="4082" timestamp="2019-08-08T12:52:59.573" intervalms="154.941">
  <response-info timems="1.249" idlems="0.482" threads="2" lastid="0000000001BEDD00" lastname="Thread-33" />
</exclusive-start>
<allocation-taxation id="4083" taxation-threshold="127926272" timestamp="2019-08-08T12:52:59.573" intervalms="154.947" />
<cycle-start id="4084" type="partial gc" contextid="0" timestamp="2019-08-08T12:52:59.574" intervalms="154.977" />
<gc-start id="4085" type="partial gc" contextid="4084" timestamp="2019-08-08T12:52:59.574">
  <mem-info id="4086" free="165675008" total="488636416" percent="33">
    <mem type="eden" free="0" total="127926272" percent="0" />
    <remembered-set count="38912" freebytes="19379072" totalbytes="19534720" percent="99" regionsoverflowed="0" regionsstable="10" regionsrebuilding="0"/>
  </mem-info>
</gc-start>
<allocation-stats totalBytes="127904408" >
  <allocated-bytes non-tlh="0" tlh="127904408" arrayletleaf="0"/>
  <largest-consumer threadName="Thread-36" threadId="0000000001BCC200" bytes="12986304" />
</allocation-stats>
<gc-op id="4087" type="copy forward" timems="14.021" contextid="4084" timestamp="2019-08-08T12:52:59.590">
  <memory-copied type="eden" objects="43906" bytes="1610392" bytesdiscarded="214976" />
  <memory-copied type="other" objects="71423" bytes="3087912" bytesdiscarded="209104" />
  <memory-cardclean objects="16479" bytes="860312" />
  <regions eden="61" other="7" />
  <remembered-set-cleared processed="17538" cleared="3266" durationms="1.038" />
  <stringconstants candidates="15173" cleared="0"  />
</gc-op>
<gc-op id="4088" type="classunload" timems="0.011" contextid="4084" timestamp="2019-08-08T12:52:59.590">
  <classunload-info classloadercandidates="55" classloadersunloaded="0" classesunloaded="0" anonymousclassesunloaded="0" quiescems="0.000" setupms="0.011" scanms="0.000" postms="0.000" />
</gc-op>
<gc-end id="4089" type="partial gc" contextid="4084" durationms="16.571" usertimems="39.845" systemtimems="17.398" timestamp="2019-08-08T12:52:59.591" activeThreads="16">
  <mem-info id="4090" free="295698432" total="488636416" percent="60">
    <mem type="eden" free="271784" total="2097152" percent="12" />
    <remembered-set count="39584" freebytes="19376384" totalbytes="19534720" percent="99" regionsoverflowed="0" regionsstable="10" regionsrebuilding="0"/>
  </mem-info>
</gc-end>
<cycle-end id="4091" type="partial gc" contextid="4084" timestamp="2019-08-08T12:52:59.591" />
  <attribute name="elasticGC enabled" value="1" />
  <attribute name= "numThreadsSpecified" value="16" />
  <attribute name="heapSize specified" value="0" />
  <attribute name="Current GC Util" value="140" />
  <attribute name= "Current Time Running" value="210961" />
  <attribute name ="GC Interval" value="0" />
  <attribute name="Target GC Util Change" value ="80.000000" />
  <attribute name="Current GC Util Change" value="140.000000"/>
  <attribute name="Current Error" value="-58.000000" />
  <attribute name="Output H" value="488712032"/>
  <attribute name="Output I" value="1912"/>
  <attribute name="Output T" value="16"/>
  <attribute name= "Current Time Running" value="210961" />
  <attribute name="GC Util currently" value="140" />
  <attribute name="CPU Util currently" value="653269514834" />
<exclusive-end id="4092" timestamp="2019-08-08T12:52:59.591" durationms="17.712" />

<exclusive-start id="4093" timestamp="2019-08-08T12:52:59.690" intervalms="117.202">
  <response-info timems="3.541" idlems="3.541" threads="0" lastid="0000000001BF1900" lastname="Thread-21" />
</exclusive-start>
<allocation-taxation id="4094" taxation-threshold="127926272" timestamp="2019-08-08T12:52:59.691" intervalms="117.198" />
<cycle-start id="4095" type="partial gc" contextid="0" timestamp="2019-08-08T12:52:59.691" intervalms="117.478" />
<gc-start id="4096" type="partial gc" contextid="4095" timestamp="2019-08-08T12:52:59.691">
  <mem-info id="4097" free="167772160" total="488636416" percent="34">
    <mem type="eden" free="0" total="127926272" percent="0" />
    <remembered-set count="39104" freebytes="19378304" totalbytes="19534720" percent="99" regionsoverflowed="0" regionsstable="10" regionsrebuilding="0"/>
  </mem-info>
</gc-start>
<allocation-stats totalBytes="127904320" >
  <allocated-bytes non-tlh="0" tlh="127904320" arrayletleaf="0"/>
  <largest-consumer threadName="Thread-25" threadId="0000000001BDED00" bytes="12605240" />
</allocation-stats>
<gc-op id="4098" type="copy forward" timems="20.319" contextid="4095" timestamp="2019-08-08T12:52:59.713">
  <memory-copied type="eden" objects="67178" bytes="2717680" bytesdiscarded="175648" />
  <memory-copied type="other" objects="48637" bytes="1991544" bytesdiscarded="219096" />
  <memory-cardclean objects="18473" bytes="938744" />
  <regions eden="61" other="5" />
  <remembered-set-cleared processed="18246" cleared="3596" durationms="0.175" />
  <stringconstants candidates="15173" cleared="0"  />
</gc-op>
<gc-op id="4099" type="classunload" timems="0.013" contextid="4095" timestamp="2019-08-08T12:52:59.713">
  <classunload-info classloadercandidates="55" classloadersunloaded="0" classesunloaded="0" anonymousclassesunloaded="0" quiescems="0.000" setupms="0.013" scanms="0.000" postms="0.000" />
</gc-op>
<heap-resize id="4100" type="expand" space="default" amount="4194304" count="1" timems="0.082" reason="excessive time being spent in gc" timestamp="2019-08-08T12:52:59.713" />
<gc-end id="4101" type="partial gc" contextid="4095" durationms="21.986" usertimems="36.535" systemtimems="16.954" timestamp="2019-08-08T12:52:59.713" activeThreads="16">
  <mem-info id="4102" free="295698432" total="492830720" percent="60">
    <mem type="eden" free="1300976" total="4194304" percent="31" />
    <remembered-set count="38144" freebytes="19549824" totalbytes="19702400" percent="99" regionsoverflowed="0" regionsstable="10" regionsrebuilding="0"/>
  </mem-info>
</gc-end>
<cycle-end id="4103" type="partial gc" contextid="4095" timestamp="2019-08-08T12:52:59.713" />
  <attribute name="elasticGC enabled" value="1" />
  <attribute name= "numThreadsSpecified" value="16" />
  <attribute name="heapSize specified" value="0" />
  <attribute name="Current GC Util" value="0" />
  <attribute name= "Current Time Running" value="211077" />
  <attribute name ="GC Interval" value="0" />
  <attribute name="Target GC Util Change" value ="80.000000" />
  <attribute name="Current GC Util Change" value="0.000000"/>
  <attribute name="Current Error" value="80.000000" />
  <attribute name="Output H" value="488712192"/>
  <attribute name="Output I" value="2152"/>
  <attribute name="Output T" value="16"/>
  <attribute name= "Current Time Running" value="211077" />
  <attribute name="GC Util currently" value="0" />
  <attribute name="CPU Util currently" value="1824508308662" />
<exclusive-end id="4104" timestamp="2019-08-08T12:52:59.714" durationms="23.119" />

<exclusive-start id="4105" timestamp="2019-08-08T12:52:59.820" intervalms="129.696">
  <response-info timems="4.362" idlems="4.362" threads="0" lastid="0000000001BC4A00" lastname="Thread-34" />
</exclusive-start>
<allocation-taxation id="4106" taxation-threshold="130023424" timestamp="2019-08-08T12:52:59.820" intervalms="129.719" />
<cycle-start id="4107" type="partial gc" contextid="0" timestamp="2019-08-08T12:52:59.820" intervalms="129.375" />
<gc-start id="4108" type="partial gc" contextid="4107" timestamp="2019-08-08T12:52:59.821">
  <mem-info id="4109" free="165675008" total="492830720" percent="33">
    <mem type="eden" free="0" total="130023424" percent="0" />
    <remembered-set count="38048" freebytes="19550208" totalbytes="19702400" percent="99" regionsoverflowed="0" regionsstable="10" regionsrebuilding="0"/>
  </mem-info>
</gc-start>
<allocation-stats totalBytes="130000768" >
  <allocated-bytes non-tlh="0" tlh="130000768" arrayletleaf="0"/>
  <largest-consumer threadName="Thread-29" threadId="0000000001BAA700" bytes="13219640" />
</allocation-stats>
<gc-op id="4110" type="copy forward" timems="15.243" contextid="4107" timestamp="2019-08-08T12:52:59.838">
  <memory-copied type="eden" objects="59967" bytes="2682016" bytesdiscarded="224816" />
  <memory-copied type="other" objects="48718" bytes="1856112" bytesdiscarded="125240" />
  <memory-cardclean objects="18611" bytes="951896" />
  <regions eden="62" other="7" />
  <remembered-set-cleared processed="16747" cleared="1872" durationms="0.195" />
  <stringconstants candidates="15173" cleared="0"  />
</gc-op>
<gc-op id="4111" type="classunload" timems="0.010" contextid="4107" timestamp="2019-08-08T12:52:59.838">
  <classunload-info classloadercandidates="55" classloadersunloaded="0" classesunloaded="0" anonymousclassesunloaded="0" quiescems="0.000" setupms="0.010" scanms="0.000" postms="0.000" />
</gc-op>
<heap-resize id="4112" type="expand" space="default" amount="6291456" count="1" timems="0.084" reason="excessive time being spent in gc" timestamp="2019-08-08T12:52:59.838" />
<gc-end id="4113" type="partial gc" contextid="4107" durationms="17.193" usertimems="49.931" systemtimems="10.657" timestamp="2019-08-08T12:52:59.838" activeThreads="16">
  <mem-info id="4114" free="299892736" total="499122176" percent="60">
    <mem type="eden" free="1287472" total="4194304" percent="30" />
    <remembered-set count="37056" freebytes="19805696" totalbytes="19953920" percent="99" regionsoverflowed="0" regionsstable="10" regionsrebuilding="0"/>
  </mem-info>
</gc-end>
<cycle-end id="4115" type="partial gc" contextid="4107" timestamp="2019-08-08T12:52:59.838" />
  <attribute name="elasticGC enabled" value="1" />
  <attribute name= "numThreadsSpecified" value="16" />
  <attribute name="heapSize specified" value="0" />
  <attribute name="Current GC Util" value="272" />
  <attribute name= "Current Time Running" value="211207" />
  <attribute name ="GC Interval" value="0" />
  <attribute name="Target GC Util Change" value ="80.000000" />
  <attribute name="Current GC Util Change" value="272.000000"/>
  <attribute name="Current Error" value="-73.000000" />
  <attribute name="Output H" value="492906320"/>
  <attribute name="Output I" value="1880"/>
  <attribute name="Output T" value="16"/>
  <attribute name= "Current Time Running" value="211207" />
  <attribute name="GC Util currently" value="272" />
  <attribute name="CPU Util currently" value="1415608852714" />
<exclusive-end id="4116" timestamp="2019-08-08T12:52:59.838" durationms="17.938" />

<exclusive-start id="4117" timestamp="2019-08-08T12:52:59.908" intervalms="87.938">
  <response-info timems="4.175" idlems="4.175" threads="0" lastid="0000000001BC4A00" lastname="Thread-34" />
</exclusive-start>
<allocation-taxation id="4118" taxation-threshold="132120576" timestamp="2019-08-08T12:52:59.908" intervalms="87.922" />
<cycle-start id="4119" type="partial gc" contextid="0" timestamp="2019-08-08T12:52:59.908" intervalms="87.887" />
<gc-start id="4120" type="partial gc" contextid="4119" timestamp="2019-08-08T12:52:59.908">
  <mem-info id="4121" free="167772160" total="499122176" percent="33">
    <mem type="eden" free="0" total="132120576" percent="0" />
    <remembered-set count="36928" freebytes="19806208" totalbytes="19953920" percent="99" regionsoverflowed="0" regionsstable="10" regionsrebuilding="0"/>
  </mem-info>
</gc-start>
<allocation-stats totalBytes="132097248" >
  <allocated-bytes non-tlh="0" tlh="132097248" arrayletleaf="0"/>
  <largest-consumer threadName="Thread-29" threadId="0000000001BAA700" bytes="13588232" />
</allocation-stats>
<gc-op id="4122" type="copy forward" timems="13.563" contextid="4119" timestamp="2019-08-08T12:52:59.923">
  <memory-copied type="eden" objects="61890" bytes="2453232" bytesdiscarded="217656" />
  <memory-copied type="other" objects="57750" bytes="2622384" bytesdiscarded="164008" />
  <memory-cardclean objects="10465" bytes="537680" />
  <regions eden="63" other="6" />
  <remembered-set-cleared processed="18489" cleared="3328" durationms="0.188" />
  <stringconstants candidates="15173" cleared="0"  />
</gc-op>
<gc-op id="4123" type="classunload" timems="0.011" contextid="4119" timestamp="2019-08-08T12:52:59.923">
  <classunload-info classloadercandidates="55" classloadersunloaded="0" classesunloaded="0" anonymousclassesunloaded="0" quiescems="0.000" setupms="0.010" scanms="0.000" postms="0.000" />
</gc-op>
<heap-resize id="4124" type="expand" space="default" amount="4194304" count="1" timems="0.075" reason="excessive time being spent in gc" timestamp="2019-08-08T12:52:59.924" />
<gc-end id="4125" type="partial gc" contextid="4119" durationms="15.209" usertimems="36.340" systemtimems="19.432" timestamp="2019-08-08T12:52:59.924" activeThreads="16">
  <mem-info id="4126" free="301989888" total="503316480" percent="60">
    <mem type="eden" free="1523416" total="4194304" percent="36" />
    <remembered-set count="35840" freebytes="19978240" totalbytes="20121600" percent="99" regionsoverflowed="0" regionsstable="10" regionsrebuilding="0"/>
  </mem-info>
</gc-end>
<cycle-end id="4127" type="partial gc" contextid="4119" timestamp="2019-08-08T12:52:59.924" />
  <attribute name="elasticGC enabled" value="1" />
  <attribute name= "numThreadsSpecified" value="16" />
  <attribute name="heapSize specified" value="0" />
  <attribute name="Current GC Util" value="74" />
  <attribute name= "Current Time Running" value="211294" />
  <attribute name ="GC Interval" value="0" />
  <attribute name="Target GC Util Change" value ="80.000000" />
  <attribute name="Current GC Util Change" value="74.000000"/>
  <attribute name="Current Error" value="-54.000000" />
  <attribute name="Output H" value="499197800"/>
  <attribute name="Output I" value="1912"/>
  <attribute name="Output T" value="16"/>
  <attribute name= "Current Time Running" value="211294" />
  <attribute name="GC Util currently" value="74" />
  <attribute name="CPU Util currently" value="1097117605694" />
<exclusive-end id="4128" timestamp="2019-08-08T12:52:59.924" durationms="15.760" />

<exclusive-start id="4129" timestamp="2019-08-08T12:53:00.043" intervalms="135.312">
  <response-info timems="7.064" idlems="7.064" threads="0" lastid="0000000001BCC200" lastname="Thread-36" />
</exclusive-start>
<allocation-taxation id="4130" taxation-threshold="132120576" timestamp="2019-08-08T12:53:00.043" intervalms="135.306" />
<cycle-start id="4131" type="partial gc" contextid="0" timestamp="2019-08-08T12:53:00.044" intervalms="135.285" />
<gc-start id="4132" type="partial gc" contextid="4131" timestamp="2019-08-08T12:53:00.044">
  <mem-info id="4133" free="169869312" total="503316480" percent="33">
    <mem type="eden" free="0" total="132120576" percent="0" />
    <remembered-set count="35744" freebytes="19978624" totalbytes="20121600" percent="99" regionsoverflowed="0" regionsstable="10" regionsrebuilding="0"/>
  </mem-info>
</gc-start>
<allocation-stats totalBytes="132097240" >
  <allocated-bytes non-tlh="0" tlh="132097240" arrayletleaf="0"/>
  <largest-consumer threadName="Thread-31" threadId="0000000001BB5B00" bytes="11782192" />
</allocation-stats>
<gc-op id="4134" type="copy forward" timems="12.133" contextid="4131" timestamp="2019-08-08T12:53:00.057">
  <memory-copied type="eden" objects="68642" bytes="2888128" bytesdiscarded="236664" />
  <memory-copied type="other" objects="40606" bytes="1798800" bytesdiscarded="173456" />
  <memory-cardclean objects="8608" bytes="448400" />
  <regions eden="63" other="5" />
  <remembered-set-cleared processed="18142" cleared="1717" durationms="0.195" />
  <stringconstants candidates="15173" cleared="0"  />
</gc-op>
<gc-op id="4135" type="classunload" timems="0.011" contextid="4131" timestamp="2019-08-08T12:53:00.057">
  <classunload-info classloadercandidates="55" classloadersunloaded="0" classesunloaded="0" anonymousclassesunloaded="0" quiescems="0.000" setupms="0.010" scanms="0.000" postms="0.000" />
</gc-op>
<heap-resize id="4136" type="expand" space="default" amount="6291456" count="1" timems="0.084" reason="excessive time being spent in gc" timestamp="2019-08-08T12:53:00.057" />
<gc-end id="4137" type="partial gc" contextid="4131" durationms="13.399" usertimems="34.072" systemtimems="12.959" timestamp="2019-08-08T12:53:00.057" activeThreads="16">
  <mem-info id="4138" free="306184192" total="509607936" percent="60">
    <mem type="eden" free="3166664" total="6291456" percent="50" />
    <remembered-set count="37504" freebytes="20223104" totalbytes="20373120" percent="99" regionsoverflowed="0" regionsstable="10" regionsrebuilding="0"/>
  </mem-info>
</gc-end>
<cycle-end id="4139" type="partial gc" contextid="4131" timestamp="2019-08-08T12:53:00.057" />
  <attribute name="elasticGC enabled" value="1" />
  <attribute name= "numThreadsSpecified" value="16" />
  <attribute name="heapSize specified" value="0" />
  <attribute name="Current GC Util" value="77" />
  <attribute name= "Current Time Running" value="211429" />
  <attribute name ="GC Interval" value="0" />
  <attribute name="Target GC Util Change" value ="80.000000" />
  <attribute name="Current GC Util Change" value="77.000000"/>
  <attribute name="Current Error" value="3.000000" />
  <attribute name="Output H" value="503392168"/>
  <attribute name="Output I" value="2016"/>
  <attribute name="Output T" value="16"/>
  <attribute name= "Current Time Running" value="211429" />
  <attribute name="GC Util currently" value="77" />
  <attribute name="CPU Util currently" value="1887161020745" />
<exclusive-end id="4140" timestamp="2019-08-08T12:53:00.057" durationms="13.961" />

<exclusive-start id="4141" timestamp="2019-08-08T12:53:00.159" intervalms="115.425">
  <response-info timems="2.856" idlems="2.856" threads="0" lastid="0000000001BAA700" lastname="Thread-29" />
</exclusive-start>
<allocation-taxation id="4142" taxation-threshold="134217728" timestamp="2019-08-08T12:53:00.159" intervalms="115.446" />
<cycle-start id="4143" type="partial gc" contextid="0" timestamp="2019-08-08T12:53:00.159" intervalms="115.435" />
<gc-start id="4144" type="partial gc" contextid="4143" timestamp="2019-08-08T12:53:00.159">
  <mem-info id="4145" free="171966464" total="509607936" percent="33">
    <mem type="eden" free="0" total="134217728" percent="0" />
    <remembered-set count="37184" freebytes="20224384" totalbytes="20373120" percent="99" regionsoverflowed="0" regionsstable="10" regionsrebuilding="0"/>
  </mem-info>
</gc-start>
<allocation-stats totalBytes="134193120" >
  <allocated-bytes non-tlh="0" tlh="134193120" arrayletleaf="0"/>
  <largest-consumer threadName="Thread-24" threadId="0000000001BA6B00" bytes="11687768" />
</allocation-stats>
<gc-op id="4146" type="copy forward" timems="14.232" contextid="4143" timestamp="2019-08-08T12:53:00.174">
  <memory-copied type="eden" objects="52991" bytes="2099848" bytesdiscarded="250848" />
  <memory-copied type="other" objects="64215" bytes="2914920" bytesdiscarded="221272" />
  <memory-cardclean objects="3585" bytes="180488" />
  <regions eden="64" other="9" />
  <remembered-set-cleared processed="16619" cleared="2110" durationms="0.529" />
  <stringconstants candidates="15173" cleared="0"  />
</gc-op>
<gc-op id="4147" type="classunload" timems="0.011" contextid="4143" timestamp="2019-08-08T12:53:00.174">
  <classunload-info classloadercandidates="55" classloadersunloaded="0" classesunloaded="0" anonymousclassesunloaded="0" quiescems="0.000" setupms="0.011" scanms="0.000" postms="0.000" />
</gc-op>
<gc-end id="4148" type="partial gc" contextid="4143" durationms="15.446" usertimems="31.628" systemtimems="21.725" timestamp="2019-08-08T12:53:00.175" activeThreads="16">
  <mem-info id="4149" free="308281344" total="509607936" percent="60">
    <mem type="eden" free="1843608" total="4194304" percent="43" />
    <remembered-set count="34976" freebytes="20233216" totalbytes="20373120" percent="99" regionsoverflowed="0" regionsstable="10" regionsrebuilding="0"/>
  </mem-info>
</gc-end>
<cycle-end id="4150" type="partial gc" contextid="4143" timestamp="2019-08-08T12:53:00.175" />
  <attribute name="elasticGC enabled" value="1" />
  <attribute name= "numThreadsSpecified" value="16" />
  <attribute name="heapSize specified" value="0" />
  <attribute name="Current GC Util" value="196" />
  <attribute name= "Current Time Running" value="211545" />
  <attribute name ="GC Interval" value="0" />
  <attribute name="Target GC Util Change" value ="80.000000" />
  <attribute name="Current GC Util Change" value="196.000000"/>
  <attribute name="Current Error" value="-73.000000" />
  <attribute name="Output H" value="509683536"/>
  <attribute name="Output I" value="1880"/>
  <attribute name="Output T" value="16"/>
  <attribute name= "Current Time Running" value="211545" />
  <attribute name="GC Util currently" value="196" />
  <attribute name="CPU Util currently" value="1790587043535" />
<exclusive-end id="4151" timestamp="2019-08-08T12:53:00.175" durationms="16.198" />

<exclusive-start id="4152" timestamp="2019-08-08T12:53:00.258" intervalms="99.316">
  <response-info timems="1.989" idlems="1.989" threads="0" lastid="0000000001BCC200" lastname="Thread-36" />
</exclusive-start>
<allocation-taxation id="4153" taxation-threshold="134217728" timestamp="2019-08-08T12:53:00.258" intervalms="99.304" />
<cycle-start id="4154" type="partial gc" contextid="0" timestamp="2019-08-08T12:53:00.258" intervalms="99.323" />
<gc-start id="4155" type="partial gc" contextid="4154" timestamp="2019-08-08T12:53:00.259">
  <mem-info id="4156" free="174063616" total="509607936" percent="34">
    <mem type="eden" free="0" total="134217728" percent="0" />
    <remembered-set count="34656" freebytes="20234496" totalbytes="20373120" percent="99" regionsoverflowed="0" regionsstable="10" regionsrebuilding="0"/>
  </mem-info>
</gc-start>
<allocation-stats totalBytes="134193344" >
  <allocated-bytes non-tlh="0" tlh="134193344" arrayletleaf="0"/>
  <largest-consumer threadName="Thread-29" threadId="0000000001BAA700" bytes="13309528" />
</allocation-stats>
<gc-op id="4157" type="copy forward" timems="15.510" contextid="4154" timestamp="2019-08-08T12:53:00.275">
  <memory-copied type="eden" objects="49498" bytes="2154872" bytesdiscarded="173872" />
  <memory-copied type="other" objects="52487" bytes="2358696" bytesdiscarded="128816" />
  <memory-cardclean objects="2625" bytes="149360" />
  <regions eden="64" other="7" />
  <remembered-set-cleared processed="15320" cleared="814" durationms="0.693" />
  <stringconstants candidates="15173" cleared="0"  />
</gc-op>
<gc-op id="4158" type="classunload" timems="0.011" contextid="4154" timestamp="2019-08-08T12:53:00.275">
  <classunload-info classloadercandidates="55" classloadersunloaded="0" classesunloaded="0" anonymousclassesunloaded="0" quiescems="0.000" setupms="0.011" scanms="0.000" postms="0.000" />
</gc-op>
<gc-end id="4159" type="partial gc" contextid="4154" durationms="17.389" usertimems="37.343" systemtimems="16.392" timestamp="2019-08-08T12:53:00.276" activeThreads="16">
  <mem-info id="4160" free="306184192" total="509607936" percent="60">
    <mem type="eden" free="1865560" total="4194304" percent="44" />
    <remembered-set count="34016" freebytes="20237056" totalbytes="20373120" percent="99" regionsoverflowed="0" regionsstable="10" regionsrebuilding="0"/>
  </mem-info>
</gc-end>
<cycle-end id="4161" type="partial gc" contextid="4154" timestamp="2019-08-08T12:53:00.276" />
  <attribute name="elasticGC enabled" value="1" />
  <attribute name= "numThreadsSpecified" value="16" />
  <attribute name="heapSize specified" value="0" />
  <attribute name="Current GC Util" value="183" />
  <attribute name= "Current Time Running" value="211644" />
  <attribute name ="GC Interval" value="0" />
  <attribute name="Target GC Util Change" value ="80.000000" />
  <attribute name="Current GC Util Change" value="183.000000"/>
  <attribute name="Current Error" value="-148.000000" />
  <attribute name="Output H" value="509683448"/>
  <attribute name="Output I" value="1744"/>
  <attribute name="Output T" value="16"/>
  <attribute name= "Current Time Running" value="211644" />
  <attribute name="GC Util currently" value="183" />
  <attribute name="CPU Util currently" value="1602114149183" />
<exclusive-end id="4162" timestamp="2019-08-08T12:53:00.276" durationms="18.072" />

<exclusive-start id="4163" timestamp="2019-08-08T12:53:00.365" intervalms="107.149">
  <response-info timems="0.828" idlems="0.828" threads="0" lastid="0000000001BBD200" lastname="Thread-32" />
</exclusive-start>
<allocation-taxation id="4164" taxation-threshold="134217728" timestamp="2019-08-08T12:53:00.366" intervalms="107.284" />
<cycle-start id="4165" type="partial gc" contextid="0" timestamp="2019-08-08T12:53:00.366" intervalms="107.872" />
<gc-start id="4166" type="partial gc" contextid="4165" timestamp="2019-08-08T12:53:00.368">
  <mem-info id="4167" free="171966464" total="509607936" percent="33">
    <mem type="eden" free="0" total="134217728" percent="0" />
    <remembered-set count="33536" freebytes="20238976" totalbytes="20373120" percent="99" regionsoverflowed="0" regionsstable="10" regionsrebuilding="0"/>
  </mem-info>
</gc-start>
<allocation-stats totalBytes="134193664" >
  <allocated-bytes non-tlh="0" tlh="134193664" arrayletleaf="0"/>
  <largest-consumer threadName="Thread-29" threadId="0000000001BAA700" bytes="13571784" />
</allocation-stats>
<gc-op id="4168" type="copy forward" timems="16.477" contextid="4165" timestamp="2019-08-08T12:53:00.387">
  <memory-copied type="eden" objects="39011" bytes="1490256" bytesdiscarded="152560" />
  <memory-copied type="other" objects="57730" bytes="2621904" bytesdiscarded="131496" />
  <memory-cardclean objects="7058" bytes="361640" />
  <regions eden="64" other="5" />
  <remembered-set-cleared processed="15102" cleared="333" durationms="0.195" />
  <stringconstants candidates="15173" cleared="0"  />
</gc-op>
<gc-op id="4169" type="classunload" timems="0.010" contextid="4165" timestamp="2019-08-08T12:53:00.387">
  <classunload-info classloadercandidates="55" classloadersunloaded="0" classesunloaded="0" anonymousclassesunloaded="0" quiescems="0.000" setupms="0.010" scanms="0.000" postms="0.000" />
</gc-op>
<gc-end id="4170" type="partial gc" contextid="4165" durationms="19.541" usertimems="26.264" systemtimems="24.901" timestamp="2019-08-08T12:53:00.387" activeThreads="16">
  <mem-info id="4171" free="306184192" total="509607936" percent="60">
    <mem type="eden" free="454336" total="2097152" percent="21" />
    <remembered-set count="33760" freebytes="20238080" totalbytes="20373120" percent="99" regionsoverflowed="0" regionsstable="10" regionsrebuilding="0"/>
  </mem-info>
</gc-end>
<cycle-end id="4172" type="partial gc" contextid="4165" timestamp="2019-08-08T12:53:00.387" />
  <attribute name="elasticGC enabled" value="1" />
  <attribute name= "numThreadsSpecified" value="16" />
  <attribute name="heapSize specified" value="0" />
  <attribute name="Current GC Util" value="91" />
  <attribute name= "Current Time Running" value="211755" />
  <attribute name ="GC Interval" value="0" />
  <attribute name="Target GC Util Change" value ="80.000000" />
  <attribute name="Current GC Util Change" value="91.000000"/>
  <attribute name="Current Error" value="-11.000000" />
  <attribute name="Output H" value="509683608"/>
  <attribute name="Output I" value="1992"/>
  <attribute name="Output T" value="16"/>
  <attribute name= "Current Time Running" value="211755" />
  <attribute name="GC Util currently" value="91" />
  <attribute name="CPU Util currently" value="512356906586" />
<exclusive-end id="4173" timestamp="2019-08-08T12:53:00.388" durationms="22.258" />

<exclusive-start id="4174" timestamp="2019-08-08T12:53:00.468" intervalms="102.820">
  <response-info timems="4.396" idlems="4.396" threads="0" lastid="0000000001BF5500" lastname="Thread-35" />
</exclusive-start>
<allocation-taxation id="4175" taxation-threshold="134217728" timestamp="2019-08-08T12:53:00.468" intervalms="102.712" />
<cycle-start id="4176" type="partial gc" contextid="0" timestamp="2019-08-08T12:53:00.468" intervalms="102.198" />
<gc-start id="4177" type="partial gc" contextid="4176" timestamp="2019-08-08T12:53:00.469">
  <mem-info id="4178" free="171966464" total="509607936" percent="33">
    <mem type="eden" free="0" total="134217728" percent="0" />
    <remembered-set count="33664" freebytes="20238464" totalbytes="20373120" percent="99" regionsoverflowed="0" regionsstable="10" regionsrebuilding="0"/>
  </mem-info>
</gc-start>
<allocation-stats totalBytes="134193464" >
  <allocated-bytes non-tlh="0" tlh="134193464" arrayletleaf="0"/>
  <largest-consumer threadName="Thread-34" threadId="0000000001BC4A00" bytes="14014104" />
</allocation-stats>
<gc-op id="4179" type="copy forward" timems="15.700" contextid="4176" timestamp="2019-08-08T12:53:00.486">
  <memory-copied type="eden" objects="21226" bytes="650720" bytesdiscarded="84320" />
  <memory-copied type="other" objects="60260" bytes="2682624" bytesdiscarded="197104" />
  <memory-cardclean objects="2068" bytes="103616" />
  <regions eden="64" other="5" />
  <remembered-set-cleared processed="15663" cleared="890" durationms="0.165" />
  <stringconstants candidates="15173" cleared="0"  />
</gc-op>
<gc-op id="4180" type="classunload" timems="0.010" contextid="4176" timestamp="2019-08-08T12:53:00.486">
  <classunload-info classloadercandidates="55" classloadersunloaded="0" classesunloaded="0" anonymousclassesunloaded="0" quiescems="0.000" setupms="0.010" scanms="0.000" postms="0.000" />
</gc-op>
<heap-resize id="4181" type="expand" space="default" amount="4194304" count="1" timems="0.076" reason="excessive time being spent in gc" timestamp="2019-08-08T12:53:00.486" />
<gc-end id="4182" type="partial gc" contextid="4176" durationms="16.961" usertimems="22.766" systemtimems="36.670" timestamp="2019-08-08T12:53:00.486" activeThreads="16">
  <mem-info id="4183" free="308281344" total="513802240" percent="60">
    <mem type="eden" free="1362112" total="2097152" percent="64" />
    <remembered-set count="36832" freebytes="20393472" totalbytes="20540800" percent="99" regionsoverflowed="0" regionsstable="10" regionsrebuilding="0"/>
  </mem-info>
</gc-end>
<cycle-end id="4184" type="partial gc" contextid="4176" timestamp="2019-08-08T12:53:00.486" />
  <attribute name="elasticGC enabled" value="1" />
  <attribute name= "numThreadsSpecified" value="16" />
  <attribute name="heapSize specified" value="0" />
  <attribute name="Current GC Util" value="164" />
  <attribute name= "Current Time Running" value="211854" />
  <attribute name ="GC Interval" value="0" />
  <attribute name="Target GC Util Change" value ="80.000000" />
  <attribute name="Current GC Util Change" value="164.000000"/>
  <attribute name="Current Error" value="-65.000000" />
  <attribute name="Output H" value="509683544"/>
  <attribute name="Output I" value="1896"/>
  <attribute name="Output T" value="16"/>
  <attribute name= "Current Time Running" value="211854" />
  <attribute name="GC Util currently" value="164" />
  <attribute name="CPU Util currently" value="1646851761733" />
<exclusive-end id="4185" timestamp="2019-08-08T12:53:00.486" durationms="17.915" />

===== DaCapo 9.12-MR1 sunflow PASSED in 10258 msec =====
Using scaled threading model. 16 processors detected, 16 threads used to drive the workload, in a possible range of [1,1000]
<exclusive-start id="4186" timestamp="2019-08-08T12:53:00.880" intervalms="411.725">
  <response-info timems="0.156" idlems="0.156" threads="0" lastid="00000000018B4F00" lastname="main" />
</exclusive-start>
<sys-start reason="explicit" id="4187" timestamp="2019-08-08T12:53:00.880" intervalms="10662.213" />
<cycle-start id="4188" type="global garbage collect" contextid="0" timestamp="2019-08-08T12:53:00.880" intervalms="10662.316" />
<gc-start id="4189" type="global garbage collect" contextid="4188" timestamp="2019-08-08T12:53:00.880">
  <mem-info id="4190" free="177787440" total="513802240" percent="34">
    <mem type="eden" free="1626672" total="132120576" percent="1" />
    <remembered-set count="36480" freebytes="20394880" totalbytes="20540800" percent="99" regionsoverflowed="0" regionsstable="10" regionsrebuilding="0"/>
  </mem-info>
</gc-start>
<allocation-stats totalBytes="130392216" >
  <allocated-bytes non-tlh="619048" tlh="129773168" arrayletleaf="0"/>
  <largest-consumer threadName="main" threadId="00000000018B4F00" bytes="11194400" />
</allocation-stats>
<gc-op id="4191" type="global mark" timems="20.450" contextid="4188" timestamp="2019-08-08T12:53:00.901">
  <trace-info objectcount="642041" scancount="552663" scanbytes="14666376" />
  <finalization candidates="154" enqueued="1" />
  <ownableSynchronizers candidates="23" cleared="1" />
  <references type="soft" candidates="4242" cleared="0" enqueued="0" dynamicThreshold="19" maxThreshold="32" />
  <references type="weak" candidates="6351" cleared="93" enqueued="93" />
  <references type="phantom" candidates="888" cleared="10" enqueued="10" />
  <stringconstants candidates="16167" cleared="22"  />
</gc-op>
<gc-op id="4192" type="classunload" timems="0.012" contextid="4188" timestamp="2019-08-08T12:53:00.901">
  <classunload-info classloadercandidates="68" classloadersunloaded="0" classesunloaded="0" anonymousclassesunloaded="0" quiescems="0.000" setupms="0.012" scanms="0.000" postms="0.000" />
</gc-op>
<gc-op id="4193" type="sweep" timems="2.395" contextid="4188" timestamp="2019-08-08T12:53:00.904" />
<gc-op id="4194" type="compact" timems="38.355" contextid="4188" timestamp="2019-08-08T12:53:00.942">
  <compact-info movecount="641937" movebytes="22946344" />
  <remembered-set-cleared processed="122626" cleared="122626" durationms="0.556" />
</gc-op>
<gc-end id="4195" type="global garbage collect" contextid="4188" durationms="62.490" usertimems="277.606" systemtimems="0.000" timestamp="2019-08-08T12:53:00.943" activeThreads="16">
  <mem-info id="4196" free="488636416" total="513802240" percent="95">
    <pending-finalizers system="1" default="0" reference="103" classloader="0" />
    <remembered-set count="51200" freebytes="20336000" totalbytes="20540800" percent="99" regionsoverflowed="0" regionsstable="0" regionsrebuilding="0"/>
  </mem-info>
</gc-end>
<cycle-end id="4197" type="global garbage collect" contextid="4188" timestamp="2019-08-08T12:53:00.943" />
  <attribute name="elasticGC enabled" value="1" />
  <attribute name= "numThreadsSpecified" value="16" />
  <attribute name="heapSize specified" value="0" />
  <attribute name="Current GC Util" value="257" />
  <attribute name= "Current Time Running" value="212289" />
  <attribute name ="GC Interval" value="0" />
  <attribute name="Target GC Util Change" value ="80.000000" />
  <attribute name="Current GC Util Change" value="257.000000"/>
  <attribute name="Current Error" value="-693.000000" />
  <attribute name="Output H" value="513877120"/>
  <attribute name="Output I" value="776"/>
  <attribute name="Output T" value="16"/>
  <attribute name= "Current Time Running" value="212289" />
  <attribute name="GC Util currently" value="257" />
  <attribute name="CPU Util currently" value="451979630497" />
<sys-end id="4198" timestamp="2019-08-08T12:53:00.943" />
<exclusive-end id="4199" timestamp="2019-08-08T12:53:00.943" durationms="63.286" />

===== DaCapo 9.12-MR1 xalan starting =====
<exclusive-start id="4200" timestamp="2019-08-08T12:53:01.681" intervalms="801.180">
  <response-info timems="0.551" idlems="0.551" threads="0" lastid="0000000001BA2F00" lastname="Thread-41" />
</exclusive-start>
<allocation-taxation id="4201" taxation-threshold="134217728" timestamp="2019-08-08T12:53:01.681" intervalms="1212.877" />
<cycle-start id="4202" type="partial gc" contextid="0" timestamp="2019-08-08T12:53:01.681" intervalms="1212.794" />
<gc-start id="4203" type="partial gc" contextid="4202" timestamp="2019-08-08T12:53:01.681">
  <mem-info id="4204" free="354418688" total="513802240" percent="68">
    <mem type="eden" free="0" total="134217728" percent="0" />
    <remembered-set count="51040" freebytes="20336640" totalbytes="20540800" percent="99" regionsoverflowed="0" regionsstable="0" regionsrebuilding="0"/>
  </mem-info>
</gc-start>
<allocation-stats totalBytes="134032576" >
  <allocated-bytes non-tlh="1395656" tlh="132636920" arrayletleaf="0"/>
  <largest-consumer threadName="Thread-42" threadId="0000000001BB1F00" bytes="12052824" />
</allocation-stats>
<gc-op id="4205" type="copy forward" timems="17.866" contextid="4202" timestamp="2019-08-08T12:53:01.700">
  <memory-copied type="eden" objects="38725" bytes="5157424" bytesdiscarded="915504" />
  <memory-copied type="other" objects="0" bytes="0" bytesdiscarded="0" />
  <memory-cardclean objects="1987" bytes="153144" />
  <regions eden="64" other="0" />
  <remembered-set-cleared processed="45470" cleared="300" durationms="1.888" />
  <finalization candidates="5" enqueued="4" />
  <references type="soft" candidates="25" cleared="0" enqueued="0" dynamicThreshold="30" maxThreshold="32" />
  <references type="weak" candidates="89" cleared="0" enqueued="0" />
  <references type="phantom" candidates="33" cleared="0" enqueued="0" />
  <stringconstants candidates="16515" cleared="0"  />
</gc-op>
<gc-op id="4206" type="classunload" timems="0.541" contextid="4202" timestamp="2019-08-08T12:53:01.701">
  <classunload-info classloadercandidates="69" classloadersunloaded="0" classesunloaded="1" anonymousclassesunloaded="1" quiescems="0.000" setupms="0.530" scanms="0.008" postms="0.003" />
</gc-op>
<gc-end id="4207" type="partial gc" contextid="4202" durationms="19.724" usertimems="39.401" systemtimems="26.810" timestamp="2019-08-08T12:53:01.701" activeThreads="16">
  <mem-info id="4208" free="482344960" total="513802240" percent="93">
    <mem type="eden" free="217832" total="6291456" percent="3" />
    <pending-finalizers system="4" default="0" reference="0" classloader="0" />
    <remembered-set count="55808" freebytes="20317568" totalbytes="20540800" percent="98" regionsoverflowed="0" regionsstable="0" regionsrebuilding="0"/>
  </mem-info>
</gc-end>
<cycle-end id="4209" type="partial gc" contextid="4202" timestamp="2019-08-08T12:53:01.701" />
  <attribute name="elasticGC enabled" value="1" />
  <attribute name= "numThreadsSpecified" value="16" />
  <attribute name="heapSize specified" value="0" />
  <attribute name="Current GC Util" value="119" />
  <attribute name= "Current Time Running" value="213067" />
  <attribute name ="GC Interval" value="0" />
  <attribute name="Target GC Util Change" value ="80.000000" />
  <attribute name="Current GC Util Change" value="119.000000"/>
  <attribute name="Current Error" value="28.000000" />
  <attribute name="Output H" value="513877952"/>
  <attribute name="Output I" value="2064"/>
  <attribute name="Output T" value="16"/>
  <attribute name= "Current Time Running" value="213067" />
  <attribute name="GC Util currently" value="119" />
  <attribute name="CPU Util currently" value="1674042430492" />
<exclusive-end id="4210" timestamp="2019-08-08T12:53:01.701" durationms="20.308" />

<exclusive-start id="4211" timestamp="2019-08-08T12:53:02.026" intervalms="345.245">
  <response-info timems="1.316" idlems="1.316" threads="0" lastid="0000000001BDED00" lastname="Thread-48" />
</exclusive-start>
<allocation-taxation id="4212" taxation-threshold="134217728" timestamp="2019-08-08T12:53:02.026" intervalms="345.232" />
<cycle-start id="4213" type="partial gc" contextid="0" timestamp="2019-08-08T12:53:02.026" intervalms="345.210" />
<gc-start id="4214" type="partial gc" contextid="4213" timestamp="2019-08-08T12:53:02.027">
  <mem-info id="4215" free="348127232" total="513802240" percent="67">
    <mem type="eden" free="0" total="134217728" percent="0" />
    <remembered-set count="7168" freebytes="20512128" totalbytes="20540800" percent="99" regionsoverflowed="0" regionsstable="10" regionsrebuilding="0"/>
  </mem-info>
</gc-start>
<allocation-stats totalBytes="133957352" >
  <allocated-bytes non-tlh="32784" tlh="133924568" arrayletleaf="0"/>
  <largest-consumer threadName="Thread-45" threadId="0000000001BCC200" bytes="13923384" />
</allocation-stats>
<gc-op id="4216" type="copy forward" timems="14.001" contextid="4213" timestamp="2019-08-08T12:53:02.042">
  <memory-copied type="eden" objects="10098" bytes="3909352" bytesdiscarded="1273720" />
  <memory-copied type="other" objects="28361" bytes="1047976" bytesdiscarded="74464" />
  <memory-cardclean objects="586" bytes="89248" />
  <regions eden="64" other="3" />
  <remembered-set-cleared processed="1722" cleared="729" durationms="0.102" />
  <finalization candidates="1" enqueued="0" />
  <references type="soft" candidates="25" cleared="0" enqueued="0" dynamicThreshold="30" maxThreshold="32" />
  <references type="weak" candidates="87" cleared="0" enqueued="0" />
  <references type="phantom" candidates="31" cleared="0" enqueued="0" />
  <stringconstants candidates="16515" cleared="0"  />
</gc-op>
<gc-op id="4217" type="classunload" timems="0.011" contextid="4213" timestamp="2019-08-08T12:53:02.042">
  <classunload-info classloadercandidates="69" classloadersunloaded="0" classesunloaded="0" anonymousclassesunloaded="0" quiescems="0.000" setupms="0.011" scanms="0.000" postms="0.000" />
</gc-op>
<heap-resize id="4218" type="contract" space="default" amount="27262976" count="1" timems="0.173" reason="excess free space following gc" timestamp="2019-08-08T12:53:02.042" />
<gc-end id="4219" type="partial gc" contextid="4213" durationms="15.508" usertimems="28.353" systemtimems="21.324" timestamp="2019-08-08T12:53:02.042" activeThreads="16">
  <mem-info id="4220" free="452984832" total="486539264" percent="93">
    <mem type="eden" free="1108104" total="6291456" percent="17" />
    <remembered-set count="8992" freebytes="20504832" totalbytes="20540800" percent="99" regionsoverflowed="0" regionsstable="10" regionsrebuilding="0"/>
  </mem-info>
</gc-end>
<cycle-end id="4221" type="partial gc" contextid="4213" timestamp="2019-08-08T12:53:02.042" />
  <attribute name="elasticGC enabled" value="1" />
  <attribute name= "numThreadsSpecified" value="16" />
  <attribute name="heapSize specified" value="0" />
  <attribute name="Current GC Util" value="119" />
  <attribute name= "Current Time Running" value="213412" />
  <attribute name ="GC Interval" value="0" />
  <attribute name="Target GC Util Change" value ="80.000000" />
  <attribute name="Current GC Util Change" value="119.000000"/>
  <attribute name="Current Error" value="51.000000" />
  <attribute name="Output H" value="513877984"/>
  <attribute name="Output I" value="2104"/>
  <attribute name="Output T" value="16"/>
  <attribute name= "Current Time Running" value="213412" />
  <attribute name="GC Util currently" value="119" />
  <attribute name="CPU Util currently" value="1804320949516" />
<exclusive-end id="4222" timestamp="2019-08-08T12:53:02.042" durationms="16.054" />

<exclusive-start id="4223" timestamp="2019-08-08T12:53:02.364" intervalms="338.215">
  <response-info timems="1.818" idlems="1.818" threads="0" lastid="0000000001BD3A00" lastname="Thread-49" />
</exclusive-start>
<allocation-taxation id="4224" taxation-threshold="127926272" timestamp="2019-08-08T12:53:02.365" intervalms="338.226" />
<cycle-start id="4225" type="partial gc" contextid="0" timestamp="2019-08-08T12:53:02.365" intervalms="338.226" />
<gc-start id="4226" type="partial gc" contextid="4225" timestamp="2019-08-08T12:53:02.365">
  <mem-info id="4227" free="325058560" total="486539264" percent="66">
    <mem type="eden" free="0" total="127926272" percent="0" />
    <remembered-set count="8608" freebytes="20506368" totalbytes="20540800" percent="99" regionsoverflowed="0" regionsstable="10" regionsrebuilding="0"/>
  </mem-info>
</gc-start>
<allocation-stats totalBytes="127683376" >
  <allocated-bytes non-tlh="81944" tlh="127601432" arrayletleaf="0"/>
  <largest-consumer threadName="Thread-45" threadId="0000000001BCC200" bytes="15239880" />
</allocation-stats>
<gc-op id="4228" type="copy forward" timems="17.600" contextid="4225" timestamp="2019-08-08T12:53:02.385">
  <memory-copied type="eden" objects="6766" bytes="2861072" bytesdiscarded="650688" />
  <memory-copied type="other" objects="28410" bytes="1071160" bytesdiscarded="111936" />
  <memory-cardclean objects="6955" bytes="279792" />
  <regions eden="61" other="4" />
  <remembered-set-cleared processed="972" cleared="509" durationms="0.104" />
  <finalization candidates="1" enqueued="0" />
  <references type="soft" candidates="25" cleared="0" enqueued="0" dynamicThreshold="29" maxThreshold="32" />
  <references type="weak" candidates="89" cleared="0" enqueued="0" />
  <references type="phantom" candidates="40" cleared="0" enqueued="0" />
  <stringconstants candidates="16515" cleared="0"  />
</gc-op>
<gc-op id="4229" type="classunload" timems="0.014" contextid="4225" timestamp="2019-08-08T12:53:02.385">
  <classunload-info classloadercandidates="69" classloadersunloaded="0" classesunloaded="0" anonymousclassesunloaded="0" quiescems="0.000" setupms="0.013" scanms="0.000" postms="0.000" />
</gc-op>
<heap-resize id="4230" type="contract" space="default" amount="25165824" count="1" timems="0.177" reason="excess free space following gc" timestamp="2019-08-08T12:53:02.385" />
<gc-end id="4231" type="partial gc" contextid="4225" durationms="20.563" usertimems="36.823" systemtimems="29.765" timestamp="2019-08-08T12:53:02.385" activeThreads="16">
  <mem-info id="4232" free="425721856" total="461373440" percent="92">
    <mem type="eden" free="2779416" total="6291456" percent="44" />
    <remembered-set count="8832" freebytes="19415552" totalbytes="19450880" percent="99" regionsoverflowed="0" regionsstable="10" regionsrebuilding="0"/>
  </mem-info>
</gc-end>
<cycle-end id="4233" type="partial gc" contextid="4225" timestamp="2019-08-08T12:53:02.386" />
  <attribute name="elasticGC enabled" value="1" />
  <attribute name= "numThreadsSpecified" value="16" />
  <attribute name="heapSize specified" value="0" />
  <attribute name="Current GC Util" value="41" />
  <attribute name= "Current Time Running" value="213752" />
  <attribute name ="GC Interval" value="0" />
  <attribute name="Target GC Util Change" value ="80.000000" />
  <attribute name="Current GC Util Change" value="41.000000"/>
  <attribute name="Current Error" value="158.000000" />
  <attribute name="Output H" value="486615128"/>
  <attribute name="Output I" value="2296"/>
  <attribute name="Output T" value="16"/>
  <attribute name= "Current Time Running" value="213752" />
  <attribute name="GC Util currently" value="41" />
  <attribute name="CPU Util currently" value="509918160476" />
<exclusive-end id="4234" timestamp="2019-08-08T12:53:02.386" durationms="21.208" />

<exclusive-start id="4235" timestamp="2019-08-08T12:53:02.646" intervalms="281.877">
  <response-info timems="8.364" idlems="8.364" threads="0" lastid="0000000001BBD200" lastname="Thread-47" />
</exclusive-start>
<allocation-taxation id="4236" taxation-threshold="121634816" timestamp="2019-08-08T12:53:02.646" intervalms="281.869" />
<cycle-start id="4237" type="partial gc" contextid="0" timestamp="2019-08-08T12:53:02.646" intervalms="281.883" />
<gc-start id="4238" type="partial gc" contextid="4237" timestamp="2019-08-08T12:53:02.647">
  <mem-info id="4239" free="304087040" total="461373440" percent="65">
    <mem type="eden" free="0" total="121634816" percent="0" />
    <remembered-set count="8480" freebytes="19416960" totalbytes="19450880" percent="99" regionsoverflowed="0" regionsstable="10" regionsrebuilding="0"/>
  </mem-info>
</gc-start>
<allocation-stats totalBytes="121422800" >
  <allocated-bytes non-tlh="90152" tlh="121332648" arrayletleaf="0"/>
  <largest-consumer threadName="Thread-48" threadId="0000000001BDED00" bytes="13122840" />
</allocation-stats>
<gc-op id="4240" type="copy forward" timems="10.135" contextid="4237" timestamp="2019-08-08T12:53:02.659">
  <memory-copied type="eden" objects="8771" bytes="3463912" bytesdiscarded="734480" />
  <memory-copied type="other" objects="28256" bytes="1068424" bytesdiscarded="60600" />
  <memory-cardclean objects="586" bytes="89248" />
  <regions eden="58" other="5" />
  <remembered-set-cleared processed="1646" cleared="656" durationms="0.095" />
  <finalization candidates="1" enqueued="0" />
  <references type="soft" candidates="25" cleared="0" enqueued="0" dynamicThreshold="29" maxThreshold="32" />
  <references type="weak" candidates="87" cleared="0" enqueued="0" />
  <references type="phantom" candidates="35" cleared="0" enqueued="0" />
  <stringconstants candidates="16515" cleared="0"  />
</gc-op>
<gc-op id="4241" type="classunload" timems="0.014" contextid="4237" timestamp="2019-08-08T12:53:02.659">
  <classunload-info classloadercandidates="69" classloadersunloaded="0" classesunloaded="0" anonymousclassesunloaded="0" quiescems="0.000" setupms="0.014" scanms="0.000" postms="0.000" />
</gc-op>
<heap-resize id="4242" type="contract" space="default" amount="23068672" count="1" timems="0.149" reason="excess free space following gc" timestamp="2019-08-08T12:53:02.660" />
<gc-end id="4243" type="partial gc" contextid="4237" durationms="12.845" usertimems="21.104" systemtimems="15.442" timestamp="2019-08-08T12:53:02.660" activeThreads="16">
  <mem-info id="4244" free="400556032" total="438304768" percent="91">
    <mem type="eden" free="2092784" total="6291456" percent="33" />
    <remembered-set count="9600" freebytes="18406400" totalbytes="18444800" percent="99" regionsoverflowed="0" regionsstable="10" regionsrebuilding="0"/>
  </mem-info>
</gc-end>
<cycle-end id="4245" type="partial gc" contextid="4237" timestamp="2019-08-08T12:53:02.660" />
  <attribute name="elasticGC enabled" value="1" />
  <attribute name= "numThreadsSpecified" value="16" />
  <attribute name="heapSize specified" value="0" />
  <attribute name="Current GC Util" value="44" />
  <attribute name= "Current Time Running" value="214034" />
  <attribute name ="GC Interval" value="0" />
  <attribute name="Target GC Util Change" value ="80.000000" />
  <attribute name="Current GC Util Change" value="44.000000"/>
  <attribute name="Current Error" value="94.000000" />
  <attribute name="Output H" value="461449232"/>
  <attribute name="Output I" value="2176"/>
  <attribute name="Output T" value="16"/>
  <attribute name= "Current Time Running" value="214034" />
  <attribute name="GC Util currently" value="44" />
  <attribute name="CPU Util currently" value="585912340454" />
<exclusive-end id="4246" timestamp="2019-08-08T12:53:02.660" durationms="13.393" />

<exclusive-start id="4247" timestamp="2019-08-08T12:53:02.867" intervalms="220.728">
  <response-info timems="1.630" idlems="1.630" threads="0" lastid="0000000001BB1F00" lastname="Thread-42" />
</exclusive-start>
<allocation-taxation id="4248" taxation-threshold="115343360" timestamp="2019-08-08T12:53:02.867" intervalms="220.760" />
<cycle-start id="4249" type="partial gc" contextid="0" timestamp="2019-08-08T12:53:02.867" intervalms="220.788" />
<gc-start id="4250" type="partial gc" contextid="4249" timestamp="2019-08-08T12:53:02.868">
  <mem-info id="4251" free="285212672" total="438304768" percent="65">
    <mem type="eden" free="0" total="115343360" percent="0" />
    <remembered-set count="9312" freebytes="18407552" totalbytes="18444800" percent="99" regionsoverflowed="0" regionsstable="10" regionsrebuilding="0"/>
  </mem-info>
</gc-start>
<allocation-stats totalBytes="115193272" >
  <allocated-bytes non-tlh="16392" tlh="115176880" arrayletleaf="0"/>
  <largest-consumer threadName="Thread-37" threadId="0000000001BC0E00" bytes="11628544" />
</allocation-stats>
<gc-op id="4252" type="copy forward" timems="12.466" contextid="4249" timestamp="2019-08-08T12:53:02.884">
  <memory-copied type="eden" objects="9034" bytes="3603096" bytesdiscarded="734416" />
  <memory-copied type="other" objects="27788" bytes="1035912" bytesdiscarded="80720" />
  <memory-cardclean objects="715" bytes="93160" />
  <regions eden="55" other="5" />
  <remembered-set-cleared processed="1791" cleared="800" durationms="0.108" />
  <finalization candidates="1" enqueued="0" />
  <references type="soft" candidates="25" cleared="0" enqueued="0" dynamicThreshold="29" maxThreshold="32" />
  <references type="weak" candidates="87" cleared="0" enqueued="0" />
  <references type="phantom" candidates="35" cleared="0" enqueued="0" />
  <stringconstants candidates="16515" cleared="0"  />
</gc-op>
<gc-op id="4253" type="classunload" timems="0.013" contextid="4249" timestamp="2019-08-08T12:53:02.884">
  <classunload-info classloadercandidates="69" classloadersunloaded="0" classesunloaded="0" anonymousclassesunloaded="0" quiescems="0.000" setupms="0.013" scanms="0.000" postms="0.000" />
</gc-op>
<heap-resize id="4254" type="contract" space="default" amount="23068672" count="1" timems="0.189" reason="excess free space following gc" timestamp="2019-08-08T12:53:02.884" />
<gc-end id="4255" type="partial gc" contextid="4249" durationms="16.914" usertimems="31.614" systemtimems="17.608" timestamp="2019-08-08T12:53:02.885" activeThreads="16">
  <mem-info id="4256" free="375390208" total="415236096" percent="90">
    <mem type="eden" free="1953664" total="6291456" percent="31" />
    <remembered-set count="9120" freebytes="17486080" totalbytes="17522560" percent="99" regionsoverflowed="0" regionsstable="10" regionsrebuilding="0"/>
  </mem-info>
</gc-end>
<cycle-end id="4257" type="partial gc" contextid="4249" timestamp="2019-08-08T12:53:02.885" />
  <attribute name="elasticGC enabled" value="1" />
  <attribute name= "numThreadsSpecified" value="16" />
  <attribute name="heapSize specified" value="0" />
  <attribute name="Current GC Util" value="27" />
  <attribute name= "Current Time Running" value="214256" />
  <attribute name ="GC Interval" value="0" />
  <attribute name="Target GC Util Change" value ="80.000000" />
  <attribute name="Current GC Util Change" value="27.000000"/>
  <attribute name="Current Error" value="214.000000" />
  <attribute name="Output H" value="438380696"/>
  <attribute name="Output I" value="2392"/>
  <attribute name="Output T" value="16"/>
  <attribute name= "Current Time Running" value="214256" />
  <attribute name="GC Util currently" value="27" />
  <attribute name="CPU Util currently" value="322261842829" />
<exclusive-end id="4258" timestamp="2019-08-08T12:53:02.885" durationms="17.641" />

<exclusive-start id="4259" timestamp="2019-08-08T12:53:03.263" intervalms="396.061">
  <response-info timems="6.291" idlems="6.291" threads="0" lastid="0000000001BDB200" lastname="Thread-44" />
</exclusive-start>
<allocation-taxation id="4260" taxation-threshold="111149056" timestamp="2019-08-08T12:53:03.263" intervalms="396.034" />
<cycle-start id="4261" type="partial gc" contextid="0" timestamp="2019-08-08T12:53:03.263" intervalms="396.012" />
<gc-start id="4262" type="partial gc" contextid="4261" timestamp="2019-08-08T12:53:03.264">
  <mem-info id="4263" free="264241152" total="415236096" percent="63">
    <mem type="eden" free="0" total="111149056" percent="0" />
    <remembered-set count="8800" freebytes="17487360" totalbytes="17522560" percent="99" regionsoverflowed="0" regionsstable="10" regionsrebuilding="0"/>
  </mem-info>
</gc-start>
<allocation-stats totalBytes="111012112" >
  <allocated-bytes non-tlh="65560" tlh="110946552" arrayletleaf="0"/>
  <largest-consumer threadName="Thread-38" threadId="0000000001BCFE00" bytes="11391592" />
</allocation-stats>
<gc-op id="4264" type="copy forward" timems="11.347" contextid="4261" timestamp="2019-08-08T12:53:03.280">
  <memory-copied type="eden" objects="9399" bytes="3777696" bytesdiscarded="945808" />
  <memory-copied type="other" objects="27533" bytes="1029392" bytesdiscarded="98272" />
  <memory-cardclean objects="753" bytes="94808" />
  <regions eden="53" other="5" />
  <remembered-set-cleared processed="1798" cleared="803" durationms="0.099" />
  <finalization candidates="1" enqueued="0" />
  <references type="soft" candidates="25" cleared="0" enqueued="0" dynamicThreshold="28" maxThreshold="32" />
  <references type="weak" candidates="87" cleared="0" enqueued="0" />
  <references type="phantom" candidates="30" cleared="0" enqueued="0" />
  <stringconstants candidates="16515" cleared="0"  />
</gc-op>
<gc-op id="4265" type="classunload" timems="0.012" contextid="4261" timestamp="2019-08-08T12:53:03.280">
  <classunload-info classloadercandidates="69" classloadersunloaded="0" classesunloaded="0" anonymousclassesunloaded="0" quiescems="0.000" setupms="0.012" scanms="0.000" postms="0.000" />
</gc-op>
<heap-resize id="4266" type="contract" space="default" amount="20971520" count="1" timems="0.577" reason="excess free space following gc" timestamp="2019-08-08T12:53:03.281" />
<gc-end id="4267" type="partial gc" contextid="4261" durationms="17.287" usertimems="50.801" systemtimems="4.509" timestamp="2019-08-08T12:53:03.281" activeThreads="16">
  <mem-info id="4268" free="352321536" total="394264576" percent="89">
    <mem type="eden" free="1567680" total="6291456" percent="24" />
    <remembered-set count="9696" freebytes="16561536" totalbytes="16600320" percent="99" regionsoverflowed="0" regionsstable="10" regionsrebuilding="0"/>
  </mem-info>
</gc-end>
<cycle-end id="4269" type="partial gc" contextid="4261" timestamp="2019-08-08T12:53:03.281" />
  <attribute name="elasticGC enabled" value="1" />
  <attribute name= "numThreadsSpecified" value="16" />
  <attribute name="heapSize specified" value="0" />
  <attribute name="Current GC Util" value="22" />
  <attribute name= "Current Time Running" value="214653" />
  <attribute name ="GC Interval" value="0" />
  <attribute name="Target GC Util Change" value ="80.000000" />
  <attribute name="Current GC Util Change" value="22.000000"/>
  <attribute name="Current Error" value="341.000000" />
  <attribute name="Output H" value="415312176"/>
  <attribute name="Output I" value="2624"/>
  <attribute name="Output T" value="16"/>
  <attribute name= "Current Time Running" value="214653" />
  <attribute name="GC Util currently" value="22" />
  <attribute name="CPU Util currently" value="245707893833" />
<exclusive-end id="4270" timestamp="2019-08-08T12:53:03.281" durationms="17.910" />

<exclusive-start id="4271" timestamp="2019-08-08T12:53:03.541" intervalms="277.362">
  <response-info timems="1.693" idlems="1.693" threads="0" lastid="0000000001BC8600" lastname="Thread-40" />
</exclusive-start>
<allocation-taxation id="4272" taxation-threshold="104857600" timestamp="2019-08-08T12:53:03.541" intervalms="277.351" />
<cycle-start id="4273" type="partial gc" contextid="0" timestamp="2019-08-08T12:53:03.542" intervalms="279.193" />
<gc-start id="4274" type="partial gc" contextid="4273" timestamp="2019-08-08T12:53:03.543">
  <mem-info id="4275" free="247463936" total="394264576" percent="62">
    <mem type="eden" free="0" total="104857600" percent="0" />
    <remembered-set count="9280" freebytes="16563200" totalbytes="16600320" percent="99" regionsoverflowed="0" regionsstable="10" regionsrebuilding="0"/>
  </mem-info>
</gc-start>
<allocation-stats totalBytes="104719648" >
  <allocated-bytes non-tlh="81944" tlh="104637704" arrayletleaf="0"/>
  <largest-consumer threadName="Thread-42" threadId="0000000001BB1F00" bytes="11356000" />
</allocation-stats>
<gc-op id="4276" type="copy forward" timems="26.725" contextid="4273" timestamp="2019-08-08T12:53:03.572">
  <memory-copied type="eden" objects="9936" bytes="3928504" bytesdiscarded="869576" />
  <memory-copied type="other" objects="27316" bytes="1023672" bytesdiscarded="88272" />
  <memory-cardclean objects="777" bytes="96280" />
  <regions eden="50" other="5" />
  <remembered-set-cleared processed="1807" cleared="812" durationms="0.547" />
  <finalization candidates="1" enqueued="0" />
  <references type="soft" candidates="25" cleared="0" enqueued="0" dynamicThreshold="28" maxThreshold="32" />
  <references type="weak" candidates="87" cleared="0" enqueued="0" />
  <references type="phantom" candidates="31" cleared="0" enqueued="0" />
  <stringconstants candidates="16515" cleared="0"  />
</gc-op>
<gc-op id="4277" type="classunload" timems="0.035" contextid="4273" timestamp="2019-08-08T12:53:03.572">
  <classunload-info classloadercandidates="69" classloadersunloaded="0" classesunloaded="0" anonymousclassesunloaded="0" quiescems="0.000" setupms="0.035" scanms="0.000" postms="0.000" />
</gc-op>
<heap-resize id="4278" type="contract" space="default" amount="20971520" count="1" timems="0.783" reason="excess free space following gc" timestamp="2019-08-08T12:53:03.573" />
<gc-end id="4279" type="partial gc" contextid="4273" durationms="29.992" usertimems="59.686" systemtimems="30.261" timestamp="2019-08-08T12:53:03.573" activeThreads="16">
  <mem-info id="4280" free="327155712" total="373293056" percent="87">
    <mem type="eden" free="3590248" total="8388608" percent="42" />
    <remembered-set count="9184" freebytes="15725184" totalbytes="15761920" percent="99" regionsoverflowed="0" regionsstable="10" regionsrebuilding="0"/>
  </mem-info>
</gc-end>
<cycle-end id="4281" type="partial gc" contextid="4273" timestamp="2019-08-08T12:53:03.573" />
  <attribute name="elasticGC enabled" value="1" />
  <attribute name= "numThreadsSpecified" value="16" />
  <attribute name="heapSize specified" value="0" />
  <attribute name="Current GC Util" value="50" />
  <attribute name= "Current Time Running" value="214930" />
  <attribute name ="GC Interval" value="0" />
  <attribute name="Target GC Util Change" value ="80.000000" />
  <attribute name="Current GC Util Change" value="50.000000"/>
  <attribute name="Current Error" value="97.000000" />
  <attribute name="Output H" value="394340368"/>
  <attribute name="Output I" value="2184"/>
  <attribute name="Output T" value="16"/>
  <attribute name= "Current Time Running" value="214930" />
  <attribute name="GC Util currently" value="50" />
  <attribute name="CPU Util currently" value="682118456668" />
<exclusive-end id="4282" timestamp="2019-08-08T12:53:03.573" durationms="32.556" />

<exclusive-start id="4283" timestamp="2019-08-08T12:53:03.776" intervalms="235.437">
  <response-info timems="4.263" idlems="2.135" threads="1" lastid="0000000001BBD200" lastname="Thread-47" />
</exclusive-start>
<allocation-taxation id="4284" taxation-threshold="100663296" timestamp="2019-08-08T12:53:03.776" intervalms="235.457" />
<cycle-start id="4285" type="partial gc" contextid="0" timestamp="2019-08-08T12:53:03.776" intervalms="233.643" />
<gc-start id="4286" type="partial gc" contextid="4285" timestamp="2019-08-08T12:53:03.776">
  <mem-info id="4287" free="226492416" total="373293056" percent="60">
    <mem type="eden" free="0" total="100663296" percent="0" />
    <remembered-set count="8992" freebytes="15725952" totalbytes="15761920" percent="99" regionsoverflowed="0" regionsstable="10" regionsrebuilding="0"/>
  </mem-info>
</gc-start>
<allocation-stats totalBytes="100429960" >
  <allocated-bytes non-tlh="32784" tlh="100397176" arrayletleaf="0"/>
  <largest-consumer threadName="Thread-37" threadId="0000000001BC0E00" bytes="13138472" />
</allocation-stats>
<gc-op id="4288" type="copy forward" timems="9.622" contextid="4285" timestamp="2019-08-08T12:53:03.788">
  <memory-copied type="eden" objects="7196" bytes="3141312" bytesdiscarded="757000" />
  <memory-copied type="other" objects="27128" bytes="1019192" bytesdiscarded="86272" />
  <memory-cardclean objects="1262" bytes="110520" />
  <regions eden="48" other="6" />
  <remembered-set-cleared processed="1780" cleared="818" durationms="0.261" />
  <finalization candidates="1" enqueued="0" />
  <references type="soft" candidates="25" cleared="0" enqueued="0" dynamicThreshold="28" maxThreshold="32" />
  <references type="weak" candidates="88" cleared="0" enqueued="0" />
  <references type="phantom" candidates="31" cleared="0" enqueued="0" />
  <stringconstants candidates="16515" cleared="0"  />
</gc-op>
<gc-op id="4289" type="classunload" timems="0.014" contextid="4285" timestamp="2019-08-08T12:53:03.788">
  <classunload-info classloadercandidates="69" classloadersunloaded="0" classesunloaded="0" anonymousclassesunloaded="0" quiescems="0.000" setupms="0.013" scanms="0.000" postms="0.000" />
</gc-op>
<heap-resize id="4290" type="contract" space="default" amount="18874368" count="1" timems="0.786" reason="excess free space following gc" timestamp="2019-08-08T12:53:03.789" />
<gc-end id="4291" type="partial gc" contextid="4285" durationms="12.553" usertimems="40.223" systemtimems="3.858" timestamp="2019-08-08T12:53:03.789" activeThreads="16">
  <mem-info id="4292" free="308281344" total="354418688" percent="86">
    <mem type="eden" free="2392896" total="6291456" percent="38" />
    <remembered-set count="9664" freebytes="14884864" totalbytes="14923520" percent="99" regionsoverflowed="0" regionsstable="10" regionsrebuilding="0"/>
  </mem-info>
</gc-end>
<cycle-end id="4293" type="partial gc" contextid="4285" timestamp="2019-08-08T12:53:03.789" />
  <attribute name="elasticGC enabled" value="1" />
  <attribute name= "numThreadsSpecified" value="16" />
  <attribute name="heapSize specified" value="0" />
  <attribute name="Current GC Util" value="59" />
  <attribute name= "Current Time Running" value="215163" />
  <attribute name ="GC Interval" value="0" />
  <attribute name="Target GC Util Change" value ="80.000000" />
  <attribute name="Current GC Util Change" value="59.000000"/>
  <attribute name="Current Error" value="171.000000" />
  <attribute name="Output H" value="373368936"/>
  <attribute name="Output I" value="2320"/>
  <attribute name="Output T" value="16"/>
  <attribute name= "Current Time Running" value="215163" />
  <attribute name="GC Util currently" value="59" />
  <attribute name="CPU Util currently" value="709839545555" />
<exclusive-end id="4294" timestamp="2019-08-08T12:53:03.789" durationms="13.271" />

<exclusive-start id="4295" timestamp="2019-08-08T12:53:04.041" intervalms="265.073">
  <response-info timems="1.510" idlems="0.547" threads="2" lastid="0000000001BB9600" lastname="Thread-46" />
</exclusive-start>
<allocation-taxation id="4296" taxation-threshold="96468992" timestamp="2019-08-08T12:53:04.041" intervalms="265.061" />
<cycle-start id="4297" type="partial gc" contextid="0" timestamp="2019-08-08T12:53:04.041" intervalms="265.104" />
<gc-start id="4298" type="partial gc" contextid="4297" timestamp="2019-08-08T12:53:04.042">
  <mem-info id="4299" free="211812352" total="354418688" percent="59">
    <mem type="eden" free="0" total="96468992" percent="0" />
    <remembered-set count="9280" freebytes="14886400" totalbytes="14923520" percent="99" regionsoverflowed="0" regionsstable="10" regionsrebuilding="0"/>
  </mem-info>
</gc-start>
<allocation-stats totalBytes="96328296" >
  <allocated-bytes non-tlh="0" tlh="96328296" arrayletleaf="0"/>
  <largest-consumer threadName="Thread-45" threadId="0000000001BCC200" bytes="11581416" />
</allocation-stats>
<gc-op id="4300" type="copy forward" timems="14.404" contextid="4297" timestamp="2019-08-08T12:53:04.058">
  <memory-copied type="eden" objects="9281" bytes="3821784" bytesdiscarded="875880" />
  <memory-copied type="other" objects="26948" bytes="1015080" bytesdiscarded="67688" />
  <memory-cardclean objects="1011" bytes="102832" />
  <regions eden="46" other="5" />
  <remembered-set-cleared processed="1725" cleared="743" durationms="0.184" />
  <finalization candidates="1" enqueued="0" />
  <references type="soft" candidates="25" cleared="0" enqueued="0" dynamicThreshold="27" maxThreshold="32" />
  <references type="weak" candidates="87" cleared="0" enqueued="0" />
  <references type="phantom" candidates="30" cleared="0" enqueued="0" />
  <stringconstants candidates="16515" cleared="0"  />
</gc-op>
<gc-op id="4301" type="classunload" timems="0.011" contextid="4297" timestamp="2019-08-08T12:53:04.058">
  <classunload-info classloadercandidates="69" classloadersunloaded="0" classesunloaded="0" anonymousclassesunloaded="0" quiescems="0.000" setupms="0.011" scanms="0.000" postms="0.000" />
</gc-op>
<heap-resize id="4302" type="contract" space="default" amount="18874368" count="1" timems="1.458" reason="excess free space following gc" timestamp="2019-08-08T12:53:04.060" />
<gc-end id="4303" type="partial gc" contextid="4297" durationms="18.179" usertimems="41.898" systemtimems="18.108" timestamp="2019-08-08T12:53:04.060" activeThreads="16">
  <mem-info id="4304" free="287309824" total="335544320" percent="85">
    <mem type="eden" free="1593528" total="6291456" percent="25" />
    <remembered-set count="9728" freebytes="14130048" totalbytes="14168960" percent="99" regionsoverflowed="0" regionsstable="10" regionsrebuilding="0"/>
  </mem-info>
</gc-end>
<cycle-end id="4305" type="partial gc" contextid="4297" timestamp="2019-08-08T12:53:04.060" />
  <attribute name="elasticGC enabled" value="1" />
  <attribute name= "numThreadsSpecified" value="16" />
  <attribute name="heapSize specified" value="0" />
  <attribute name="Current GC Util" value="49" />
  <attribute name= "Current Time Running" value="215428" />
  <attribute name ="GC Interval" value="0" />
  <attribute name="Target GC Util Change" value ="80.000000" />
  <attribute name="Current GC Util Change" value="49.000000"/>
  <attribute name="Current Error" value="271.000000" />
  <attribute name="Output H" value="354494680"/>
  <attribute name="Output I" value="2496"/>
  <attribute name="Output T" value="16"/>
  <attribute name= "Current Time Running" value="215428" />
  <attribute name="GC Util currently" value="49" />
  <attribute name="CPU Util currently" value="687733991461" />
<exclusive-end id="4306" timestamp="2019-08-08T12:53:04.061" durationms="19.608" />

<exclusive-start id="4307" timestamp="2019-08-08T12:53:04.232" intervalms="191.420">
  <response-info timems="5.275" idlems="5.275" threads="0" lastid="0000000001BD7600" lastname="Thread-39" />
</exclusive-start>
<allocation-taxation id="4308" taxation-threshold="90177536" timestamp="2019-08-08T12:53:04.233" intervalms="191.475" />
<cycle-start id="4309" type="partial gc" contextid="0" timestamp="2019-08-08T12:53:04.233" intervalms="191.459" />
<gc-start id="4310" type="partial gc" contextid="4309" timestamp="2019-08-08T12:53:04.233">
  <mem-info id="4311" free="197132288" total="335544320" percent="58">
    <mem type="eden" free="0" total="90177536" percent="0" />
    <remembered-set count="9632" freebytes="14130432" totalbytes="14168960" percent="99" regionsoverflowed="0" regionsstable="10" regionsrebuilding="0"/>
  </mem-info>
</gc-start>
<allocation-stats totalBytes="90014632" >
  <allocated-bytes non-tlh="32776" tlh="89981856" arrayletleaf="0"/>
  <largest-consumer threadName="Thread-45" threadId="0000000001BCC200" bytes="10383992" />
</allocation-stats>
<gc-op id="4312" type="copy forward" timems="14.844" contextid="4309" timestamp="2019-08-08T12:53:04.251">
  <memory-copied type="eden" objects="10314" bytes="4103352" bytesdiscarded="1007184" />
  <memory-copied type="other" objects="26783" bytes="1011584" bytesdiscarded="83056" />
  <memory-cardclean objects="11174" bytes="420216" />
  <regions eden="43" other="5" />
  <remembered-set-cleared processed="121" cleared="43" durationms="0.106" />
  <finalization candidates="1" enqueued="0" />
  <references type="soft" candidates="25" cleared="0" enqueued="0" dynamicThreshold="27" maxThreshold="32" />
  <references type="weak" candidates="87" cleared="0" enqueued="0" />
  <references type="phantom" candidates="29" cleared="0" enqueued="0" />
  <stringconstants candidates="16515" cleared="0"  />
</gc-op>
<gc-op id="4313" type="classunload" timems="0.015" contextid="4309" timestamp="2019-08-08T12:53:04.251">
  <classunload-info classloadercandidates="69" classloadersunloaded="0" classesunloaded="0" anonymousclassesunloaded="0" quiescems="0.000" setupms="0.015" scanms="0.000" postms="0.000" />
</gc-op>
<heap-resize id="4314" type="contract" space="default" amount="16777216" count="1" timems="1.626" reason="excess free space following gc" timestamp="2019-08-08T12:53:04.253" />
<gc-end id="4315" type="partial gc" contextid="4309" durationms="19.667" usertimems="50.451" systemtimems="21.356" timestamp="2019-08-08T12:53:04.253" activeThreads="16">
  <mem-info id="4316" free="268435456" total="318767104" percent="84">
    <mem type="eden" free="1180656" total="6291456" percent="18" />
    <remembered-set count="9312" freebytes="13377152" totalbytes="13414400" percent="99" regionsoverflowed="0" regionsstable="10" regionsrebuilding="0"/>
  </mem-info>
</gc-end>
<cycle-end id="4317" type="partial gc" contextid="4309" timestamp="2019-08-08T12:53:04.254" />
  <attribute name="elasticGC enabled" value="1" />
  <attribute name= "numThreadsSpecified" value="16" />
  <attribute name="heapSize specified" value="0" />
  <attribute name="Current GC Util" value="37" />
  <attribute name= "Current Time Running" value="215621" />
  <attribute name ="GC Interval" value="0" />
  <attribute name="Target GC Util Change" value ="80.000000" />
  <attribute name="Current GC Util Change" value="37.000000"/>
  <attribute name="Current Error" value="99.000000" />
  <attribute name="Output H" value="335620120"/>
  <attribute name="Output I" value="2184"/>
  <attribute name="Output T" value="16"/>
  <attribute name= "Current Time Running" value="215621" />
  <attribute name="GC Util currently" value="37" />
  <attribute name="CPU Util currently" value="474883377684" />
<exclusive-end id="4318" timestamp="2019-08-08T12:53:04.254" durationms="21.411" />

<exclusive-start id="4319" timestamp="2019-08-08T12:53:04.352" intervalms="119.201">
  <response-info timems="1.862" idlems="1.862" threads="0" lastid="0000000001BA2F00" lastname="Thread-41" />
</exclusive-start>
<allocation-taxation id="4320" taxation-threshold="85983232" timestamp="2019-08-08T12:53:04.352" intervalms="119.145" />
<cycle-start id="4321" type="partial gc" contextid="0" timestamp="2019-08-08T12:53:04.352" intervalms="119.101" />
<gc-start id="4322" type="partial gc" contextid="4321" timestamp="2019-08-08T12:53:04.352">
  <mem-info id="4323" free="182452224" total="318767104" percent="57">
    <mem type="eden" free="0" total="85983232" percent="0" />
    <remembered-set count="8896" freebytes="13378816" totalbytes="13414400" percent="99" regionsoverflowed="0" regionsstable="10" regionsrebuilding="0"/>
  </mem-info>
</gc-start>
<allocation-stats totalBytes="85842120" >
  <allocated-bytes non-tlh="98344" tlh="85743776" arrayletleaf="0"/>
  <largest-consumer threadName="Thread-44" threadId="0000000001BDB200" bytes="8699256" />
</allocation-stats>
<gc-op id="4324" type="copy forward" timems="10.242" contextid="4321" timestamp="2019-08-08T12:53:04.365">
  <memory-copied type="eden" objects="9568" bytes="3826352" bytesdiscarded="1064832" />
  <memory-copied type="other" objects="26599" bytes="1006088" bytesdiscarded="128440" />
  <memory-cardclean objects="1633" bytes="121784" />
  <regions eden="41" other="5" />
  <remembered-set-cleared processed="1821" cleared="889" durationms="0.107" />
  <finalization candidates="1" enqueued="0" />
  <references type="soft" candidates="25" cleared="0" enqueued="0" dynamicThreshold="26" maxThreshold="32" />
  <references type="weak" candidates="87" cleared="0" enqueued="0" />
  <references type="phantom" candidates="30" cleared="0" enqueued="0" />
  <stringconstants candidates="16515" cleared="0"  />
</gc-op>
<gc-op id="4325" type="classunload" timems="0.013" contextid="4321" timestamp="2019-08-08T12:53:04.365">
  <classunload-info classloadercandidates="69" classloadersunloaded="0" classesunloaded="0" anonymousclassesunloaded="0" quiescems="0.000" setupms="0.013" scanms="0.000" postms="0.000" />
</gc-op>
<heap-resize id="4326" type="contract" space="default" amount="16777216" count="1" timems="1.271" reason="excess free space following gc" timestamp="2019-08-08T12:53:04.366" />
<gc-end id="4327" type="partial gc" contextid="4321" durationms="14.361" usertimems="41.896" systemtimems="11.053" timestamp="2019-08-08T12:53:04.366" activeThreads="16">
  <mem-info id="4328" free="249561088" total="301989888" percent="82">
    <mem type="eden" free="1400000" total="6291456" percent="22" />
    <remembered-set count="9568" freebytes="12705408" totalbytes="12743680" percent="99" regionsoverflowed="0" regionsstable="10" regionsrebuilding="0"/>
  </mem-info>
</gc-end>
<cycle-end id="4329" type="partial gc" contextid="4321" timestamp="2019-08-08T12:53:04.367" />
  <attribute name="elasticGC enabled" value="1" />
  <attribute name= "numThreadsSpecified" value="16" />
  <attribute name="heapSize specified" value="0" />
  <attribute name="Current GC Util" value="64" />
  <attribute name= "Current Time Running" value="215739" />
  <attribute name ="GC Interval" value="0" />
  <attribute name="Target GC Util Change" value ="80.000000" />
  <attribute name="Current GC Util Change" value="64.000000"/>
  <attribute name="Current Error" value="155.000000" />
  <attribute name="Output H" value="318842968"/>
  <attribute name="Output I" value="2288"/>
  <attribute name="Output T" value="16"/>
  <attribute name= "Current Time Running" value="215739" />
  <attribute name="GC Util currently" value="64" />
  <attribute name="CPU Util currently" value="525380808193" />
<exclusive-end id="4330" timestamp="2019-08-08T12:53:04.367" durationms="15.743" />

<exclusive-start id="4331" timestamp="2019-08-08T12:53:04.476" intervalms="124.330">
  <response-info timems="4.117" idlems="4.117" threads="0" lastid="0000000001BD3A00" lastname="Thread-49" />
</exclusive-start>
<allocation-taxation id="4332" taxation-threshold="81788928" timestamp="2019-08-08T12:53:04.476" intervalms="124.332" />
<cycle-start id="4333" type="partial gc" contextid="0" timestamp="2019-08-08T12:53:04.476" intervalms="124.324" />
<gc-start id="4334" type="partial gc" contextid="4333" timestamp="2019-08-08T12:53:04.476">
  <mem-info id="4335" free="167772160" total="301989888" percent="55">
    <mem type="eden" free="0" total="81788928" percent="0" />
    <remembered-set count="9152" freebytes="12707072" totalbytes="12743680" percent="99" regionsoverflowed="0" regionsstable="10" regionsrebuilding="0"/>
  </mem-info>
</gc-start>
<allocation-stats totalBytes="81531720" >
  <allocated-bytes non-tlh="32776" tlh="81498944" arrayletleaf="0"/>
  <largest-consumer threadName="Thread-50" threadId="0000000001BAA700" bytes="8668096" />
</allocation-stats>
<gc-op id="4336" type="copy forward" timems="15.437" contextid="4333" timestamp="2019-08-08T12:53:04.494">
  <memory-copied type="eden" objects="7647" bytes="3310360" bytesdiscarded="611712" />
  <memory-copied type="other" objects="26451" bytes="1002176" bytesdiscarded="97232" />
  <memory-cardclean objects="809" bytes="98720" />
  <regions eden="39" other="5" />
  <remembered-set-cleared processed="1852" cleared="850" durationms="0.279" />
  <finalization candidates="1" enqueued="0" />
  <references type="soft" candidates="25" cleared="0" enqueued="0" dynamicThreshold="26" maxThreshold="32" />
  <references type="weak" candidates="88" cleared="0" enqueued="0" />
  <references type="phantom" candidates="33" cleared="0" enqueued="0" />
  <stringconstants candidates="16515" cleared="0"  />
</gc-op>
<gc-op id="4337" type="classunload" timems="0.013" contextid="4333" timestamp="2019-08-08T12:53:04.494">
  <classunload-info classloadercandidates="69" classloadersunloaded="0" classesunloaded="0" anonymousclassesunloaded="0" quiescems="0.000" setupms="0.013" scanms="0.000" postms="0.000" />
</gc-op>
<heap-resize id="4338" type="contract" space="default" amount="16777216" count="1" timems="0.974" reason="excess free space following gc" timestamp="2019-08-08T12:53:04.495" />
<gc-end id="4339" type="partial gc" contextid="4333" durationms="19.031" usertimems="55.694" systemtimems="19.714" timestamp="2019-08-08T12:53:04.495" activeThreads="16">
  <mem-info id="4340" free="232783872" total="285212672" percent="81">
    <mem type="eden" free="271952" total="4194304" percent="6" />
    <remembered-set count="9728" freebytes="12034048" totalbytes="12072960" percent="99" regionsoverflowed="0" regionsstable="10" regionsrebuilding="0"/>
  </mem-info>
</gc-end>
<cycle-end id="4341" type="partial gc" contextid="4333" timestamp="2019-08-08T12:53:04.496" />
  <attribute name="elasticGC enabled" value="1" />
  <attribute name= "numThreadsSpecified" value="16" />
  <attribute name="heapSize specified" value="0" />
  <attribute name="Current GC Util" value="40" />
  <attribute name= "Current Time Running" value="215863" />
  <attribute name ="GC Interval" value="0" />
  <attribute name="Target GC Util Change" value ="80.000000" />
  <attribute name="Current GC Util Change" value="40.000000"/>
  <attribute name="Current Error" value="245.000000" />
  <attribute name="Output H" value="302065856"/>
  <attribute name="Output I" value="2448"/>
  <attribute name="Output T" value="16"/>
  <attribute name= "Current Time Running" value="215863" />
  <attribute name="GC Util currently" value="40" />
  <attribute name="CPU Util currently" value="590107823029" />
<exclusive-end id="4342" timestamp="2019-08-08T12:53:04.496" durationms="20.111" />

<exclusive-start id="4343" timestamp="2019-08-08T12:53:04.625" intervalms="149.287">
  <response-info timems="1.847" idlems="1.847" threads="0" lastid="0000000001BA2F00" lastname="Thread-41" />
</exclusive-start>
<allocation-taxation id="4344" taxation-threshold="77594624" timestamp="2019-08-08T12:53:04.625" intervalms="149.281" />
<cycle-start id="4345" type="partial gc" contextid="0" timestamp="2019-08-08T12:53:04.625" intervalms="149.287" />
<gc-start id="4346" type="partial gc" contextid="4345" timestamp="2019-08-08T12:53:04.626">
  <mem-info id="4347" free="155189248" total="285212672" percent="54">
    <mem type="eden" free="0" total="77594624" percent="0" />
    <remembered-set count="9440" freebytes="12035200" totalbytes="12072960" percent="99" regionsoverflowed="0" regionsstable="10" regionsrebuilding="0"/>
  </mem-info>
</gc-start>
<allocation-stats totalBytes="77455216" >
  <allocated-bytes non-tlh="65552" tlh="77389664" arrayletleaf="0"/>
  <largest-consumer threadName="Thread-44" threadId="0000000001BDB200" bytes="8045032" />
</allocation-stats>
<gc-op id="4348" type="copy forward" timems="15.883" contextid="4345" timestamp="2019-08-08T12:53:04.644">
  <memory-copied type="eden" objects="9535" bytes="3924552" bytesdiscarded="846888" />
  <memory-copied type="other" objects="26315" bytes="999120" bytesdiscarded="82464" />
  <memory-cardclean objects="2654" bytes="157408" />
  <regions eden="37" other="4" />
  <remembered-set-cleared processed="1453" cleared="622" durationms="0.278" />
  <finalization candidates="1" enqueued="0" />
  <references type="soft" candidates="25" cleared="0" enqueued="0" dynamicThreshold="26" maxThreshold="32" />
  <references type="weak" candidates="87" cleared="0" enqueued="0" />
  <references type="phantom" candidates="31" cleared="0" enqueued="0" />
  <stringconstants candidates="16515" cleared="0"  />
</gc-op>
<gc-op id="4349" type="classunload" timems="0.011" contextid="4345" timestamp="2019-08-08T12:53:04.644">
  <classunload-info classloadercandidates="69" classloadersunloaded="0" classesunloaded="0" anonymousclassesunloaded="0" quiescems="0.000" setupms="0.011" scanms="0.000" postms="0.000" />
</gc-op>
<heap-resize id="4350" type="contract" space="default" amount="14680064" count="1" timems="0.614" reason="excess free space following gc" timestamp="2019-08-08T12:53:04.645" />
<gc-end id="4351" type="partial gc" contextid="4345" durationms="19.262" usertimems="35.507" systemtimems="24.519" timestamp="2019-08-08T12:53:04.645" activeThreads="16">
  <mem-info id="4352" free="211812352" total="270532608" percent="78">
    <mem type="eden" free="3616888" total="8388608" percent="43" />
    <remembered-set count="9920" freebytes="11362560" totalbytes="11402240" percent="99" regionsoverflowed="0" regionsstable="10" regionsrebuilding="0"/>
  </mem-info>
</gc-end>
<cycle-end id="4353" type="partial gc" contextid="4345" timestamp="2019-08-08T12:53:04.645" />
  <attribute name="elasticGC enabled" value="1" />
  <attribute name= "numThreadsSpecified" value="16" />
  <attribute name="heapSize specified" value="0" />
  <attribute name="Current GC Util" value="37" />
  <attribute name= "Current Time Running" value="216013" />
  <attribute name ="GC Interval" value="0" />
  <attribute name="Target GC Util Change" value ="80.000000" />
  <attribute name="Current GC Util Change" value="37.000000"/>
  <attribute name="Current Error" value="87.000000" />
  <attribute name="Output H" value="285288456"/>
  <attribute name="Output I" value="2168"/>
  <attribute name="Output T" value="16"/>
  <attribute name= "Current Time Running" value="216013" />
  <attribute name="GC Util currently" value="37" />
  <attribute name="CPU Util currently" value="551748697739" />
<exclusive-end id="4354" timestamp="2019-08-08T12:53:04.646" durationms="20.322" />

<exclusive-start id="4355" timestamp="2019-08-08T12:53:04.765" intervalms="140.026">
  <response-info timems="1.854" idlems="0.803" threads="10" lastid="00000000018CF200" lastname="JIT Compilation Thread-6" />
</exclusive-start>
<allocation-taxation id="4356" taxation-threshold="75497472" timestamp="2019-08-08T12:53:04.765" intervalms="140.028" />
<cycle-start id="4357" type="partial gc" contextid="0" timestamp="2019-08-08T12:53:04.765" intervalms="140.011" />
<gc-start id="4358" type="partial gc" contextid="4357" timestamp="2019-08-08T12:53:04.766">
  <mem-info id="4359" free="136314880" total="270532608" percent="50">
    <mem type="eden" free="0" total="75497472" percent="0" />
    <remembered-set count="9696" freebytes="11363456" totalbytes="11402240" percent="99" regionsoverflowed="0" regionsstable="10" regionsrebuilding="0"/>
  </mem-info>
</gc-start>
<allocation-stats totalBytes="75336880" >
  <allocated-bytes non-tlh="32784" tlh="75304096" arrayletleaf="0"/>
  <largest-consumer threadName="Thread-41" threadId="0000000001BA2F00" bytes="8288656" />
</allocation-stats>
<gc-op id="4360" type="copy forward" timems="15.942" contextid="4357" timestamp="2019-08-08T12:53:04.783">
  <memory-copied type="eden" objects="9146" bytes="3623880" bytesdiscarded="969312" />
  <memory-copied type="other" objects="26173" bytes="995576" bytesdiscarded="75224" />
  <memory-cardclean objects="1479" bytes="120704" />
  <regions eden="36" other="6" />
  <remembered-set-cleared processed="1754" cleared="826" durationms="0.255" />
  <finalization candidates="1" enqueued="0" />
  <references type="soft" candidates="25" cleared="0" enqueued="0" dynamicThreshold="25" maxThreshold="32" />
  <references type="weak" candidates="88" cleared="0" enqueued="0" />
  <references type="phantom" candidates="32" cleared="0" enqueued="0" />
  <stringconstants candidates="16515" cleared="0"  />
</gc-op>
<gc-op id="4361" type="classunload" timems="0.014" contextid="4357" timestamp="2019-08-08T12:53:04.783">
  <classunload-info classloadercandidates="69" classloadersunloaded="0" classesunloaded="0" anonymousclassesunloaded="0" quiescems="0.000" setupms="0.014" scanms="0.000" postms="0.000" />
</gc-op>
<heap-resize id="4362" type="contract" space="default" amount="14680064" count="1" timems="0.975" reason="excess free space following gc" timestamp="2019-08-08T12:53:04.784" />
<gc-end id="4363" type="partial gc" contextid="4357" durationms="18.814" usertimems="35.053" systemtimems="21.185" timestamp="2019-08-08T12:53:04.784" activeThreads="16">
  <mem-info id="4364" free="197132288" total="255852544" percent="77">
    <mem type="eden" free="1697992" total="6291456" percent="26" />
    <remembered-set count="9568" freebytes="10777088" totalbytes="10815360" percent="99" regionsoverflowed="0" regionsstable="10" regionsrebuilding="0"/>
  </mem-info>
</gc-end>
<cycle-end id="4365" type="partial gc" contextid="4357" timestamp="2019-08-08T12:53:04.785" />
  <attribute name="elasticGC enabled" value="1" />
  <attribute name= "numThreadsSpecified" value="16" />
  <attribute name="heapSize specified" value="0" />
  <attribute name="Current GC Util" value="60" />
  <attribute name= "Current Time Running" value="216152" />
  <attribute name ="GC Interval" value="0" />
  <attribute name="Target GC Util Change" value ="80.000000" />
  <attribute name="Current GC Util Change" value="60.000000"/>
  <attribute name="Current Error" value="155.000000" />
  <attribute name="Output H" value="270608472"/>
  <attribute name="Output I" value="2288"/>
  <attribute name="Output T" value="16"/>
  <attribute name= "Current Time Running" value="216152" />
  <attribute name="GC Util currently" value="60" />
  <attribute name="CPU Util currently" value="882820645956" />
<exclusive-end id="4366" timestamp="2019-08-08T12:53:04.785" durationms="19.942" />

<exclusive-start id="4367" timestamp="2019-08-08T12:53:04.865" intervalms="100.167">
  <response-info timems="18.743" idlems="18.743" threads="0" lastid="0000000001BCC200" lastname="Thread-45" />
</exclusive-start>
<allocation-taxation id="4368" taxation-threshold="35651584" timestamp="2019-08-08T12:53:04.866" intervalms="100.181" />
<cycle-start id="4369" type="global mark phase" contextid="0" timestamp="2019-08-08T12:53:04.866" intervalms="12679.660" />
<gc-start id="4370" type="global mark phase" contextid="4369" timestamp="2019-08-08T12:53:04.866">
  <mem-info id="4371" free="161480704" total="255852544" percent="63">
    <remembered-set count="9344" freebytes="10777984" totalbytes="10815360" percent="99" regionsoverflowed="0" regionsstable="10" regionsrebuilding="0"/>
  </mem-info>
</gc-start>
<gc-op id="4372" type="mark increment" timems="5.643" contextid="4369" timestamp="2019-08-08T12:53:04.871">
  <trace-info objectcount="751" scancount="0" scanbytes="0" />
</gc-op>
<gc-end id="4373" type="global mark phase" contextid="4369" durationms="5.705" usertimems="6.521" systemtimems="10.974" timestamp="2019-08-08T12:53:04.871" activeThreads="16">
  <mem-info id="4374" free="161480704" total="255852544" percent="63">
    <remembered-set count="9344" freebytes="10777984" totalbytes="10815360" percent="99" regionsoverflowed="0" regionsstable="0" regionsrebuilding="10"/>
  </mem-info>
</gc-end>
<concurrent-start id="4375" type="GMP work packet processing" contextid="4369" timestamp="2019-08-08T12:53:04.872">
  <concurrent-mark-start scanTarget="7478318" />
</concurrent-start>
<exclusive-end id="4376" timestamp="2019-08-08T12:53:04.876" durationms="10.793" />

<concurrent-end id="4377" type="GMP work packet processing" contextid="4369" timestamp="2019-08-08T12:53:04.893">
  <concurrent-mark-end bytesScanned="7747584" reasonForTermination="Work target met" />
</concurrent-end>

<exclusive-start id="4378" timestamp="2019-08-08T12:53:04.937" intervalms="71.874">
  <response-info timems="1.786" idlems="1.786" threads="0" lastid="0000000001BB1F00" lastname="Thread-42" />
</exclusive-start>
<allocation-taxation id="4379" taxation-threshold="35651584" timestamp="2019-08-08T12:53:04.937" intervalms="71.876" />
<cycle-start id="4380" type="partial gc" contextid="0" timestamp="2019-08-08T12:53:04.937" intervalms="172.072" />
<gc-start id="4381" type="partial gc" contextid="4380" timestamp="2019-08-08T12:53:04.938">
  <mem-info id="4382" free="125829120" total="255852544" percent="49">
    <mem type="eden" free="0" total="71303168" percent="0" />
    <remembered-set count="62656" freebytes="10564736" totalbytes="10815360" percent="97" regionsoverflowed="0" regionsstable="0" regionsrebuilding="10"/>
  </mem-info>
</gc-start>
<allocation-stats totalBytes="70969312" >
  <allocated-bytes non-tlh="49176" tlh="70920136" arrayletleaf="0"/>
  <largest-consumer threadName="Thread-41" threadId="0000000001BA2F00" bytes="4940456" />
</allocation-stats>
<gc-op id="4383" type="copy forward" timems="22.263" contextid="4380" timestamp="2019-08-08T12:53:04.963">
  <memory-copied type="eden" objects="9308" bytes="3653488" bytesdiscarded="631408" />
  <memory-copied type="other" objects="26037" bytes="992272" bytesdiscarded="98016" />
  <memory-cardclean objects="69927" bytes="2905704" />
  <regions eden="34" other="5" />
  <remembered-set-cleared processed="30895" cleared="13034" durationms="0.728" />
  <finalization candidates="1" enqueued="0" />
  <references type="soft" candidates="25" cleared="0" enqueued="0" dynamicThreshold="20" maxThreshold="32" />
  <references type="weak" candidates="87" cleared="0" enqueued="0" />
  <references type="phantom" candidates="32" cleared="0" enqueued="0" />
  <stringconstants candidates="16515" cleared="0"  />
</gc-op>
<gc-op id="4384" type="classunload" timems="0.014" contextid="4380" timestamp="2019-08-08T12:53:04.963">
  <classunload-info classloadercandidates="69" classloadersunloaded="0" classesunloaded="0" anonymousclassesunloaded="0" quiescems="0.000" setupms="0.014" scanms="0.000" postms="0.000" />
</gc-op>
<heap-resize id="4385" type="contract" space="default" amount="14680064" count="1" timems="0.964" reason="excess free space following gc" timestamp="2019-08-08T12:53:04.964" />
<gc-end id="4386" type="partial gc" contextid="4380" durationms="26.070" usertimems="109.034" systemtimems="22.146" timestamp="2019-08-08T12:53:04.964" activeThreads="16">
  <mem-info id="4387" free="180355072" total="241172480" percent="74">
    <mem type="eden" free="2006272" total="6291456" percent="31" />
    <remembered-set count="45088" freebytes="10048128" totalbytes="10228480" percent="98" regionsoverflowed="0" regionsstable="0" regionsrebuilding="10"/>
  </mem-info>
</gc-end>
<cycle-end id="4388" type="partial gc" contextid="4380" timestamp="2019-08-08T12:53:04.964" />
  <attribute name="elasticGC enabled" value="1" />
  <attribute name= "numThreadsSpecified" value="16" />
  <attribute name="heapSize specified" value="0" />
  <attribute name="Current GC Util" value="418" />
  <attribute name= "Current Time Running" value="216325" />
  <attribute name ="GC Interval" value="0" />
  <attribute name="Target GC Util Change" value ="80.000000" />
  <attribute name="Current GC Util Change" value="418.000000"/>
  <attribute name="Current Error" value="-425.000000" />
  <attribute name="Output H" value="255927736"/>
  <attribute name="Output I" value="1256"/>
  <attribute name="Output T" value="16"/>
  <attribute name= "Current Time Running" value="216325" />
  <attribute name="GC Util currently" value="418" />
  <attribute name="CPU Util currently" value="547471268915" />
<exclusive-end id="4389" timestamp="2019-08-08T12:53:04.964" durationms="26.923" />

<exclusive-start id="4390" timestamp="2019-08-08T12:53:05.033" intervalms="95.536">
  <response-info timems="6.801" idlems="3.415" threads="1" lastid="0000000001BDB200" lastname="Thread-44" />
</exclusive-start>
<allocation-taxation id="4391" taxation-threshold="33554432" timestamp="2019-08-08T12:53:05.033" intervalms="95.527" />
<gc-start id="4392" type="global mark phase" contextid="4369" timestamp="2019-08-08T12:53:05.033">
  <mem-info id="4393" free="146800640" total="241172480" percent="60">
    <remembered-set count="44832" freebytes="10049152" totalbytes="10228480" percent="98" regionsoverflowed="0" regionsstable="0" regionsrebuilding="10"/>
  </mem-info>
</gc-start>
<gc-end id="4394" type="global mark phase" contextid="4369" durationms="0.031" usertimems="0.015" systemtimems="0.014" timestamp="2019-08-08T12:53:05.033" activeThreads="16">
  <mem-info id="4395" free="146800640" total="241172480" percent="60">
    <remembered-set count="44832" freebytes="10049152" totalbytes="10228480" percent="98" regionsoverflowed="0" regionsstable="0" regionsrebuilding="10"/>
  </mem-info>
</gc-end>
<concurrent-start id="4396" type="GMP work packet processing" contextid="4369" timestamp="2019-08-08T12:53:05.033">
  <concurrent-mark-start scanTarget="9347897" />
</concurrent-start>
<exclusive-end id="4397" timestamp="2019-08-08T12:53:05.033" durationms="0.593" />

<concurrent-end id="4398" type="GMP work packet processing" contextid="4369" timestamp="2019-08-08T12:53:05.096">
  <concurrent-mark-end bytesScanned="9133936" reasonForTermination="Completed all work in GC phase" />
</concurrent-end>

<exclusive-start id="4399" timestamp="2019-08-08T12:53:05.125" intervalms="91.957">
  <response-info timems="2.906" idlems="1.469" threads="1" lastid="0000000001BD7600" lastname="Thread-39" />
</exclusive-start>
<allocation-taxation id="4400" taxation-threshold="33554432" timestamp="2019-08-08T12:53:05.125" intervalms="91.957" />
<cycle-start id="4401" type="partial gc" contextid="0" timestamp="2019-08-08T12:53:05.125" intervalms="187.473" />
<gc-start id="4402" type="partial gc" contextid="4401" timestamp="2019-08-08T12:53:05.125">
  <mem-info id="4403" free="113246208" total="241172480" percent="46">
    <mem type="eden" free="0" total="67108864" percent="0" />
    <remembered-set count="115744" freebytes="9765504" totalbytes="10228480" percent="95" regionsoverflowed="0" regionsstable="0" regionsrebuilding="10"/>
  </mem-info>
</gc-start>
<allocation-stats totalBytes="66694088" >
  <allocated-bytes non-tlh="81944" tlh="66612144" arrayletleaf="0"/>
  <largest-consumer threadName="Thread-38" threadId="0000000001BCFE00" bytes="4585368" />
</allocation-stats>
<gc-op id="4404" type="copy forward" timems="13.920" contextid="4401" timestamp="2019-08-08T12:53:05.141">
  <memory-copied type="eden" objects="9749" bytes="3890552" bytesdiscarded="735320" />
  <memory-copied type="other" objects="25909" bytes="989072" bytesdiscarded="101696" />
  <memory-cardclean objects="214399" bytes="6940672" />
  <regions eden="32" other="5" />
  <remembered-set-cleared processed="38747" cleared="20812" durationms="0.250" />
  <finalization candidates="1" enqueued="0" />
  <references type="soft" candidates="25" cleared="0" enqueued="0" dynamicThreshold="19" maxThreshold="32" />
  <references type="weak" candidates="87" cleared="0" enqueued="0" />
  <references type="phantom" candidates="30" cleared="0" enqueued="0" />
  <stringconstants candidates="16515" cleared="0"  />
</gc-op>
<gc-op id="4405" type="classunload" timems="0.012" contextid="4401" timestamp="2019-08-08T12:53:05.141">
  <classunload-info classloadercandidates="69" classloadersunloaded="0" classesunloaded="0" anonymousclassesunloaded="0" quiescems="0.000" setupms="0.012" scanms="0.000" postms="0.000" />
</gc-op>
<heap-resize id="4406" type="contract" space="default" amount="12582912" count="1" timems="0.852" reason="excess free space following gc" timestamp="2019-08-08T12:53:05.142" />
<gc-end id="4407" type="partial gc" contextid="4401" durationms="17.122" usertimems="63.740" systemtimems="11.100" timestamp="2019-08-08T12:53:05.142" activeThreads="16">
  <mem-info id="4408" free="165675008" total="228589568" percent="72">
    <mem type="eden" free="1665320" total="6291456" percent="26" />
    <remembered-set count="63744" freebytes="9386624" totalbytes="9641600" percent="97" regionsoverflowed="0" regionsstable="0" regionsrebuilding="10"/>
  </mem-info>
</gc-end>
<cycle-end id="4409" type="partial gc" contextid="4401" timestamp="2019-08-08T12:53:05.143" />
  <attribute name="elasticGC enabled" value="1" />
  <attribute name= "numThreadsSpecified" value="16" />
  <attribute name="heapSize specified" value="0" />
  <attribute name="Current GC Util" value="127" />
  <attribute name= "Current Time Running" value="216512" />
  <attribute name ="GC Interval" value="0" />
  <attribute name="Target GC Util Change" value ="80.000000" />
  <attribute name="Current GC Util Change" value="127.000000"/>
  <attribute name="Current Error" value="-518.000000" />
  <attribute name="Output H" value="241247568"/>
  <attribute name="Output I" value="1088"/>
  <attribute name="Output T" value="16"/>
  <attribute name= "Current Time Running" value="216512" />
  <attribute name="GC Util currently" value="127" />
  <attribute name="CPU Util currently" value="608495871083" />
<exclusive-end id="4410" timestamp="2019-08-08T12:53:05.143" durationms="17.906" />

<exclusive-start id="4411" timestamp="2019-08-08T12:53:05.218" intervalms="93.067">
  <response-info timems="4.394" idlems="4.394" threads="0" lastid="0000000001BCFE00" lastname="Thread-38" />
</exclusive-start>
<allocation-taxation id="4412" taxation-threshold="31457280" timestamp="2019-08-08T12:53:05.218" intervalms="93.057" />
<gc-start id="4413" type="global mark phase" contextid="4369" timestamp="2019-08-08T12:53:05.218">
  <mem-info id="4414" free="134217728" total="228589568" percent="58">
    <remembered-set count="63360" freebytes="9388160" totalbytes="9641600" percent="97" regionsoverflowed="0" regionsstable="0" regionsrebuilding="10"/>
  </mem-info>
</gc-start>
<gc-op id="4415" type="mark increment" timems="17.454" contextid="4369" timestamp="2019-08-08T12:53:05.236">
  <trace-info objectcount="9747" scancount="7856" scanbytes="2092852" />
  <cardclean-info objects="400975" bytes="10884596" />
  <finalization candidates="154" enqueued="0" />
  <ownableSynchronizers candidates="22" cleared="0" />
  <references type="soft" candidates="4267" cleared="0" enqueued="0" dynamicThreshold="23" maxThreshold="32" />
  <references type="weak" candidates="6346" cleared="22" enqueued="21" />
  <references type="phantom" candidates="912" cleared="0" enqueued="0" />
  <stringconstants candidates="16515" cleared="0"  />
</gc-op>
<gc-op id="4416" type="classunload" timems="0.012" contextid="4369" timestamp="2019-08-08T12:53:05.236">
  <classunload-info classloadercandidates="69" classloadersunloaded="0" classesunloaded="0" anonymousclassesunloaded="0" quiescems="0.000" setupms="0.012" scanms="0.000" postms="0.000" />
</gc-op>
<gc-end id="4417" type="global mark phase" contextid="4369" durationms="17.810" usertimems="80.818" systemtimems="0.000" timestamp="2019-08-08T12:53:05.236" activeThreads="16">
  <mem-info id="4418" free="134217728" total="228589568" percent="58">
    <pending-finalizers system="0" default="0" reference="21" classloader="0" />
    <remembered-set count="105344" freebytes="9220224" totalbytes="9641600" percent="95" regionsoverflowed="0" regionsstable="0" regionsrebuilding="0"/>
  </mem-info>
</gc-end>
<cycle-end id="4419" type="global mark phase" contextid="4369" timestamp="2019-08-08T12:53:05.236" />
  <attribute name="elasticGC enabled" value="1" />
  <attribute name= "numThreadsSpecified" value="16" />
  <attribute name="heapSize specified" value="0" />
  <attribute name="Current GC Util" value="227" />
  <attribute name= "Current Time Running" value="216615" />
  <attribute name ="GC Interval" value="0" />
  <attribute name="Target GC Util Change" value ="80.000000" />
  <attribute name="Current GC Util Change" value="227.000000"/>
  <attribute name="Current Error" value="-348.000000" />
  <attribute name="Output H" value="228664848"/>
  <attribute name="Output I" value="1392"/>
  <attribute name="Output T" value="16"/>
  <attribute name= "Current Time Running" value="216615" />
  <attribute name="GC Util currently" value="227" />
  <attribute name="CPU Util currently" value="580712378626" />
<exclusive-end id="4420" timestamp="2019-08-08T12:53:05.236" durationms="18.161" />

<exclusive-start id="4421" timestamp="2019-08-08T12:53:05.261" intervalms="43.185">
  <response-info timems="1.508" idlems="0.767" threads="1" lastid="0000000001BDB200" lastname="Thread-44" />
</exclusive-start>
<allocation-taxation id="4422" taxation-threshold="31457280" timestamp="2019-08-08T12:53:05.261" intervalms="43.193" />
<cycle-start id="4423" type="partial gc" contextid="0" timestamp="2019-08-08T12:53:05.261" intervalms="136.234" />
<gc-start id="4424" type="partial gc" contextid="4423" timestamp="2019-08-08T12:53:05.261">
  <mem-info id="4425" free="102760448" total="228589568" percent="44">
    <mem type="eden" free="0" total="62914560" percent="0" />
    <remembered-set count="8832" freebytes="9606272" totalbytes="9641600" percent="99" regionsoverflowed="0" regionsstable="10" regionsrebuilding="0"/>
  </mem-info>
</gc-start>
<allocation-stats totalBytes="62622592" >
  <allocated-bytes non-tlh="0" tlh="62622592" arrayletleaf="0"/>
  <largest-consumer threadName="Thread-40" threadId="0000000001BC8600" bytes="4558224" />
</allocation-stats>
<gc-op id="4426" type="sweep" timems="2.603" contextid="4423" timestamp="2019-08-08T12:53:05.264" />
<gc-op id="4427" type="copy forward" timems="14.899" contextid="4423" timestamp="2019-08-08T12:53:05.281">
  <memory-copied type="eden" objects="9401" bytes="3639816" bytesdiscarded="777671" />
  <memory-copied type="other" objects="42" bytes="1936" bytesdiscarded="641" />
  <memory-cardclean objects="10018" bytes="432752" />
  <regions eden="15" other="17" />
  <remembered-set-cleared processed="1698" cleared="929" durationms="0.098" />
  <references type="phantom" candidates="3" cleared="0" enqueued="0" />
  <stringconstants candidates="16515" cleared="0"  />
</gc-op>
<gc-op id="4428" type="classunload" timems="0.011" contextid="4423" timestamp="2019-08-08T12:53:05.281">
  <classunload-info classloadercandidates="69" classloadersunloaded="0" classesunloaded="0" anonymousclassesunloaded="0" quiescems="0.000" setupms="0.011" scanms="0.000" postms="0.000" />
</gc-op>
<heap-resize id="4429" type="contract" space="default" amount="12582912" count="1" timems="0.538" reason="excess free space following gc" timestamp="2019-08-08T12:53:05.282" />
<gc-end id="4430" type="partial gc" contextid="4423" durationms="20.291" usertimems="48.843" systemtimems="18.153" timestamp="2019-08-08T12:53:05.282" activeThreads="16">
  <mem-info id="4431" free="150994944" total="216006656" percent="69">
    <mem type="eden" free="1872424" total="6291456" percent="29" />
    <remembered-set count="9888" freebytes="9099008" totalbytes="9138560" percent="99" regionsoverflowed="0" regionsstable="10" regionsrebuilding="0"/>
  </mem-info>
</gc-end>
<cycle-end id="4432" type="partial gc" contextid="4423" timestamp="2019-08-08T12:53:05.282" />
  <attribute name="elasticGC enabled" value="1" />
  <attribute name= "numThreadsSpecified" value="16" />
  <attribute name="heapSize specified" value="0" />
  <attribute name="Current GC Util" value="72" />
  <attribute name= "Current Time Running" value="216651" />
  <attribute name ="GC Interval" value="0" />
  <attribute name="Target GC Util Change" value ="80.000000" />
  <attribute name="Current GC Util Change" value="72.000000"/>
  <attribute name="Current Error" value="-480.000000" />
  <attribute name="Output H" value="228664696"/>
  <attribute name="Output I" value="1152"/>
  <attribute name="Output T" value="16"/>
  <attribute name= "Current Time Running" value="216651" />
  <attribute name="GC Util currently" value="72" />
  <attribute name="CPU Util currently" value="788950778298" />
<exclusive-end id="4433" timestamp="2019-08-08T12:53:05.282" durationms="20.908" />

<exclusive-start id="4434" timestamp="2019-08-08T12:53:05.391" intervalms="130.041">
  <response-info timems="9.282" idlems="4.660" threads="1" lastid="0000000001BCC200" lastname="Thread-45" />
</exclusive-start>
<allocation-taxation id="4435" taxation-threshold="29360128" timestamp="2019-08-08T12:53:05.391" intervalms="130.049" />
<cycle-start id="4436" type="global mark phase" contextid="0" timestamp="2019-08-08T12:53:05.391" intervalms="525.670" />
<gc-start id="4437" type="global mark phase" contextid="4436" timestamp="2019-08-08T12:53:05.391">
  <mem-info id="4438" free="121634816" total="216006656" percent="56">
    <remembered-set count="9440" freebytes="9100800" totalbytes="9138560" percent="99" regionsoverflowed="0" regionsstable="10" regionsrebuilding="0"/>
  </mem-info>
</gc-start>
<gc-op id="4439" type="mark increment" timems="5.740" contextid="4436" timestamp="2019-08-08T12:53:05.397">
  <trace-info objectcount="44867" scancount="27571" scanbytes="2028948" />
</gc-op>
<gc-end id="4440" type="global mark phase" contextid="4436" durationms="5.790" usertimems="22.261" systemtimems="8.432" timestamp="2019-08-08T12:53:05.397" activeThreads="16">
  <mem-info id="4441" free="121634816" total="216006656" percent="56">
    <remembered-set count="16608" freebytes="9072128" totalbytes="9138560" percent="99" regionsoverflowed="0" regionsstable="0" regionsrebuilding="10"/>
  </mem-info>
</gc-end>
<concurrent-start id="4442" type="GMP work packet processing" contextid="4436" timestamp="2019-08-08T12:53:05.397">
  <concurrent-mark-start scanTarget="14230908" />
</concurrent-start>
<exclusive-end id="4443" timestamp="2019-08-08T12:53:05.397" durationms="6.212" />

<concurrent-end id="4444" type="GMP work packet processing" contextid="4436" timestamp="2019-08-08T12:53:05.500">
  <concurrent-mark-end bytesScanned="14378892" reasonForTermination="Work target met" />
</concurrent-end>

<exclusive-start id="4445" timestamp="2019-08-08T12:53:05.509" intervalms="118.177">
  <response-info timems="1.456" idlems="0.792" threads="1" lastid="0000000001BF1900" lastname="Thread-51" />
</exclusive-start>
<allocation-taxation id="4446" taxation-threshold="29360128" timestamp="2019-08-08T12:53:05.509" intervalms="118.199" />
<cycle-start id="4447" type="partial gc" contextid="0" timestamp="2019-08-08T12:53:05.510" intervalms="248.348" />
<gc-start id="4448" type="partial gc" contextid="4447" timestamp="2019-08-08T12:53:05.510">
  <mem-info id="4449" free="92274688" total="216006656" percent="42">
    <mem type="eden" free="0" total="58720256" percent="0" />
    <remembered-set count="131168" freebytes="8613888" totalbytes="9138560" percent="94" regionsoverflowed="0" regionsstable="0" regionsrebuilding="10"/>
  </mem-info>
</gc-start>
<allocation-stats totalBytes="58553024" >
  <allocated-bytes non-tlh="81952" tlh="58471072" arrayletleaf="0"/>
  <largest-consumer threadName="Thread-46" threadId="0000000001BB9600" bytes="3406440" />
</allocation-stats>
<gc-op id="4450" type="copy forward" timems="8.892" contextid="4447" timestamp="2019-08-08T12:53:05.521">
  <memory-copied type="eden" objects="10092" bytes="3993992" bytesdiscarded="920720" />
  <memory-copied type="other" objects="25" bytes="2072" bytesdiscarded="248" />
  <memory-cardclean objects="20288" bytes="737952" />
  <regions eden="28" other="5" />
  <remembered-set-cleared processed="119809" cleared="13229" durationms="0.743" />
  <references type="phantom" candidates="3" cleared="0" enqueued="0" />
  <stringconstants candidates="16515" cleared="0"  />
</gc-op>
<gc-op id="4451" type="classunload" timems="0.012" contextid="4447" timestamp="2019-08-08T12:53:05.521">
  <classunload-info classloadercandidates="69" classloadersunloaded="0" classesunloaded="0" anonymousclassesunloaded="0" quiescems="0.000" setupms="0.012" scanms="0.000" postms="0.000" />
</gc-op>
<heap-resize id="4452" type="contract" space="default" amount="12582912" count="1" timems="1.058" reason="excess free space following gc" timestamp="2019-08-08T12:53:05.523" />
<gc-end id="4453" type="partial gc" contextid="4447" durationms="12.879" usertimems="34.594" systemtimems="8.058" timestamp="2019-08-08T12:53:05.523" activeThreads="16">
  <mem-info id="4454" free="136314880" total="203423744" percent="67">
    <mem type="eden" free="1376464" total="6291456" percent="21" />
    <remembered-set count="121152" freebytes="8150912" totalbytes="8635520" percent="94" regionsoverflowed="0" regionsstable="0" regionsrebuilding="10"/>
  </mem-info>
</gc-end>
<cycle-end id="4455" type="partial gc" contextid="4447" timestamp="2019-08-08T12:53:05.523" />
  <attribute name="elasticGC enabled" value="1" />
  <attribute name= "numThreadsSpecified" value="16" />
  <attribute name="heapSize specified" value="0" />
  <attribute name="Current GC Util" value="67" />
  <attribute name= "Current Time Running" value="216897" />
  <attribute name ="GC Interval" value="0" />
  <attribute name="Target GC Util Change" value ="80.000000" />
  <attribute name="Current GC Util Change" value="67.000000"/>
  <attribute name="Current Error" value="-480.000000" />
  <attribute name="Output H" value="216081784"/>
  <attribute name="Output I" value="1152"/>
  <attribute name="Output T" value="16"/>
  <attribute name= "Current Time Running" value="216897" />
  <attribute name="GC Util currently" value="67" />
  <attribute name="CPU Util currently" value="511576430274" />
<exclusive-end id="4456" timestamp="2019-08-08T12:53:05.523" durationms="13.775" />

<exclusive-start id="4457" timestamp="2019-08-08T12:53:05.593" intervalms="83.661">
  <response-info timems="7.943" idlems="7.943" threads="0" lastid="0000000001BDB200" lastname="Thread-44" />
</exclusive-start>
<allocation-taxation id="4458" taxation-threshold="29360128" timestamp="2019-08-08T12:53:05.593" intervalms="83.624" />
<gc-start id="4459" type="global mark phase" contextid="4436" timestamp="2019-08-08T12:53:05.593">
  <mem-info id="4460" free="106954752" total="203423744" percent="52">
    <remembered-set count="121088" freebytes="8151168" totalbytes="8635520" percent="94" regionsoverflowed="0" regionsstable="0" regionsrebuilding="10"/>
  </mem-info>
</gc-start>
<gc-end id="4461" type="global mark phase" contextid="4436" durationms="0.043" usertimems="0.035" systemtimems="0.032" timestamp="2019-08-08T12:53:05.593" activeThreads="16">
  <mem-info id="4462" free="106954752" total="203423744" percent="52">
    <remembered-set count="121088" freebytes="8151168" totalbytes="8635520" percent="94" regionsoverflowed="0" regionsstable="0" regionsrebuilding="10"/>
  </mem-info>
</gc-end>
<concurrent-start id="4463" type="GMP work packet processing" contextid="4436" timestamp="2019-08-08T12:53:05.593">
  <concurrent-mark-start scanTarget="11384726" />
</concurrent-start>
<exclusive-end id="4464" timestamp="2019-08-08T12:53:05.593" durationms="0.499" />

<concurrent-end id="4465" type="GMP work packet processing" contextid="4436" timestamp="2019-08-08T12:53:05.597">
  <concurrent-mark-end bytesScanned="554700" reasonForTermination="Completed all work in GC phase" />
</concurrent-end>

<exclusive-start id="4466" timestamp="2019-08-08T12:53:05.627" intervalms="33.762">
  <response-info timems="1.270" idlems="0.661" threads="1" lastid="0000000001BDB200" lastname="Thread-44" />
</exclusive-start>
<allocation-taxation id="4467" taxation-threshold="29360128" timestamp="2019-08-08T12:53:05.627" intervalms="33.786" />
<cycle-start id="4468" type="partial gc" contextid="0" timestamp="2019-08-08T12:53:05.627" intervalms="117.460" />
<gc-start id="4469" type="partial gc" contextid="4468" timestamp="2019-08-08T12:53:05.629">
  <mem-info id="4470" free="77594624" total="203423744" percent="38">
    <mem type="eden" free="0" total="58720256" percent="0" />
    <remembered-set count="124160" freebytes="8138880" totalbytes="8635520" percent="94" regionsoverflowed="0" regionsstable="0" regionsrebuilding="10"/>
  </mem-info>
</gc-start>
<allocation-stats totalBytes="58471192" >
  <allocated-bytes non-tlh="49168" tlh="58422024" arrayletleaf="0"/>
  <largest-consumer threadName="Thread-39" threadId="0000000001BD7600" bytes="3274408" />
</allocation-stats>
<gc-op id="4471" type="copy forward" timems="11.901" contextid="4468" timestamp="2019-08-08T12:53:05.643">
  <memory-copied type="eden" objects="9535" bytes="3733296" bytesdiscarded="743920" />
  <memory-copied type="other" objects="27" bytes="1808" bytesdiscarded="1440" />
  <memory-cardclean objects="86776" bytes="3203072" />
  <regions eden="28" other="5" />
  <remembered-set-cleared processed="92262" cleared="25993" durationms="0.519" />
  <references type="phantom" candidates="2" cleared="0" enqueued="0" />
  <stringconstants candidates="16515" cleared="0"  />
</gc-op>
<gc-op id="4472" type="classunload" timems="0.013" contextid="4468" timestamp="2019-08-08T12:53:05.643">
  <classunload-info classloadercandidates="69" classloadersunloaded="0" classesunloaded="0" anonymousclassesunloaded="0" quiescems="0.000" setupms="0.012" scanms="0.000" postms="0.000" />
</gc-op>
<heap-resize id="4473" type="contract" space="default" amount="10485760" count="1" timems="0.407" reason="excess free space following gc" timestamp="2019-08-08T12:53:05.643" />
<gc-end id="4474" type="partial gc" contextid="4468" durationms="14.738" usertimems="29.605" systemtimems="15.660" timestamp="2019-08-08T12:53:05.643" activeThreads="16">
  <mem-info id="4475" free="121634816" total="192937984" percent="63">
    <mem type="eden" free="3911128" total="8388608" percent="46" />
    <remembered-set count="92256" freebytes="7763456" totalbytes="8132480" percent="95" regionsoverflowed="0" regionsstable="0" regionsrebuilding="10"/>
  </mem-info>
</gc-end>
<cycle-end id="4476" type="partial gc" contextid="4468" timestamp="2019-08-08T12:53:05.643" />
  <attribute name="elasticGC enabled" value="1" />
  <attribute name= "numThreadsSpecified" value="16" />
  <attribute name="heapSize specified" value="0" />
  <attribute name="Current GC Util" value="82" />
  <attribute name= "Current Time Running" value="217015" />
  <attribute name ="GC Interval" value="0" />
  <attribute name="Target GC Util Change" value ="80.000000" />
  <attribute name="Current GC Util Change" value="82.000000"/>
  <attribute name="Current Error" value="112.000000" />
  <attribute name="Output H" value="203499560"/>
  <attribute name="Output I" value="2208"/>
  <attribute name="Output T" value="16"/>
  <attribute name= "Current Time Running" value="217015" />
  <attribute name="GC Util currently" value="82" />
  <attribute name="CPU Util currently" value="798074373418" />
<exclusive-end id="4477" timestamp="2019-08-08T12:53:05.644" durationms="16.900" />

<exclusive-start id="4478" timestamp="2019-08-08T12:53:05.694" intervalms="66.999">
  <response-info timems="4.515" idlems="1.159" threads="3" lastid="0000000001BBD200" lastname="Thread-47" />
</exclusive-start>
<allocation-taxation id="4479" taxation-threshold="27262976" timestamp="2019-08-08T12:53:05.694" intervalms="67.097" />
<gc-start id="4480" type="global mark phase" contextid="4436" timestamp="2019-08-08T12:53:05.694">
  <mem-info id="4481" free="94371840" total="192937984" percent="48">
    <remembered-set count="91840" freebytes="7765120" totalbytes="8132480" percent="95" regionsoverflowed="0" regionsstable="0" regionsrebuilding="10"/>
  </mem-info>
</gc-start>
<gc-op id="4482" type="mark increment" timems="10.474" contextid="4436" timestamp="2019-08-08T12:53:05.705">
  <trace-info objectcount="9890" scancount="7919" scanbytes="2043796" />
  <cardclean-info objects="161843" bytes="4740868" />
  <finalization candidates="154" enqueued="0" />
  <ownableSynchronizers candidates="22" cleared="0" />
  <references type="soft" candidates="4267" cleared="1" enqueued="1" dynamicThreshold="20" maxThreshold="32" />
  <references type="weak" candidates="6324" cleared="0" enqueued="0" />
  <references type="phantom" candidates="912" cleared="0" enqueued="0" />
  <stringconstants candidates="16515" cleared="0"  />
</gc-op>
<gc-op id="4483" type="classunload" timems="0.014" contextid="4436" timestamp="2019-08-08T12:53:05.705">
  <classunload-info classloadercandidates="69" classloadersunloaded="0" classesunloaded="0" anonymousclassesunloaded="0" quiescems="0.000" setupms="0.014" scanms="0.000" postms="0.000" />
</gc-op>
<gc-end id="4484" type="global mark phase" contextid="4436" durationms="10.964" usertimems="27.168" systemtimems="12.890" timestamp="2019-08-08T12:53:05.705" activeThreads="16">
  <mem-info id="4485" free="94371840" total="192937984" percent="48">
    <pending-finalizers system="0" default="0" reference="1" classloader="0" />
    <remembered-set count="112832" freebytes="7681152" totalbytes="8132480" percent="94" regionsoverflowed="0" regionsstable="0" regionsrebuilding="0"/>
  </mem-info>
</gc-end>
<cycle-end id="4486" type="global mark phase" contextid="4436" timestamp="2019-08-08T12:53:05.705" />
  <attribute name="elasticGC enabled" value="1" />
  <attribute name= "numThreadsSpecified" value="16" />
  <attribute name="heapSize specified" value="0" />
  <attribute name="Current GC Util" value="134" />
  <attribute name= "Current Time Running" value="217085" />
  <attribute name ="GC Interval" value="0" />
  <attribute name="Target GC Util Change" value ="80.000000" />
  <attribute name="Current GC Util Change" value="134.000000"/>
  <attribute name="Current Error" value="-218.000000" />
  <attribute name="Output H" value="193013416"/>
  <attribute name="Output I" value="1624"/>
  <attribute name="Output T" value="16"/>
  <attribute name= "Current Time Running" value="217085" />
  <attribute name="GC Util currently" value="134" />
  <attribute name="CPU Util currently" value="413661662548" />
<exclusive-end id="4487" timestamp="2019-08-08T12:53:05.705" durationms="11.532" />

<exclusive-start id="4488" timestamp="2019-08-08T12:53:05.726" intervalms="32.680">
  <response-info timems="1.170" idlems="0.412" threads="2" lastid="0000000001BCC200" lastname="Thread-45" />
</exclusive-start>
<allocation-taxation id="4489" taxation-threshold="27262976" timestamp="2019-08-08T12:53:05.726" intervalms="32.565" />
<cycle-start id="4490" type="partial gc" contextid="0" timestamp="2019-08-08T12:53:05.727" intervalms="99.528" />
<gc-start id="4491" type="partial gc" contextid="4490" timestamp="2019-08-08T12:53:05.727">
  <mem-info id="4492" free="67108864" total="192937984" percent="34">
    <mem type="eden" free="0" total="54525952" percent="0" />
    <remembered-set count="9440" freebytes="8094720" totalbytes="8132480" percent="99" regionsoverflowed="0" regionsstable="9" regionsrebuilding="0"/>
  </mem-info>
</gc-start>
<allocation-stats totalBytes="54218968" >
  <allocated-bytes non-tlh="65560" tlh="54153408" arrayletleaf="0"/>
  <largest-consumer threadName="Thread-38" threadId="0000000001BCFE00" bytes="3904184" />
</allocation-stats>
<gc-op id="4493" type="sweep" timems="2.031" contextid="4490" timestamp="2019-08-08T12:53:05.729" />
<gc-op id="4494" type="copy forward" timems="8.669" contextid="4490" timestamp="2019-08-08T12:53:05.741">
  <memory-copied type="eden" objects="7917" bytes="3112216" bytesdiscarded="705593" />
  <memory-copied type="other" objects="1207" bytes="491112" bytesdiscarded="77335" />
  <memory-cardclean objects="2865" bytes="136144" />
  <regions eden="13" other="19" />
  <remembered-set-cleared processed="2395" cleared="935" durationms="0.108" />
  <references type="phantom" candidates="3" cleared="0" enqueued="0" />
  <stringconstants candidates="16515" cleared="0"  />
</gc-op>
<gc-op id="4495" type="classunload" timems="0.014" contextid="4490" timestamp="2019-08-08T12:53:05.741">
  <classunload-info classloadercandidates="69" classloadersunloaded="0" classesunloaded="0" anonymousclassesunloaded="0" quiescems="0.000" setupms="0.014" scanms="0.000" postms="0.000" />
</gc-op>
<heap-resize id="4496" type="contract" space="default" amount="10485760" count="1" timems="0.777" reason="excess free space following gc" timestamp="2019-08-08T12:53:05.742" />
<gc-end id="4497" type="partial gc" contextid="4490" durationms="15.135" usertimems="40.137" systemtimems="12.201" timestamp="2019-08-08T12:53:05.742" activeThreads="16">
  <mem-info id="4498" free="113246208" total="182452224" percent="62">
    <mem type="eden" free="2228328" total="6291456" percent="35" />
    <remembered-set count="10784" freebytes="7670144" totalbytes="7713280" percent="99" regionsoverflowed="0" regionsstable="9" regionsrebuilding="0"/>
  </mem-info>
</gc-end>
<cycle-end id="4499" type="partial gc" contextid="4490" timestamp="2019-08-08T12:53:05.742" />
  <attribute name="elasticGC enabled" value="1" />
  <attribute name= "numThreadsSpecified" value="16" />
  <attribute name="heapSize specified" value="0" />
  <attribute name="Current GC Util" value="144" />
  <attribute name= "Current Time Running" value="217117" />
  <attribute name ="GC Interval" value="0" />
  <attribute name="Target GC Util Change" value ="80.000000" />
  <attribute name="Current GC Util Change" value="144.000000"/>
  <attribute name="Current Error" value="-131.000000" />
  <attribute name="Output H" value="193013520"/>
  <attribute name="Output I" value="1776"/>
  <attribute name="Output T" value="16"/>
  <attribute name= "Current Time Running" value="217117" />
  <attribute name="GC Util currently" value="144" />
  <attribute name="CPU Util currently" value="469906751404" />
<exclusive-end id="4500" timestamp="2019-08-08T12:53:05.742" durationms="15.791" />

<exclusive-start id="4501" timestamp="2019-08-08T12:53:05.795" intervalms="68.469">
  <response-info timems="1.651" idlems="0.811" threads="2" lastid="0000000001BDB200" lastname="Thread-44" />
</exclusive-start>
<allocation-taxation id="4502" taxation-threshold="25165824" timestamp="2019-08-08T12:53:05.795" intervalms="68.501" />
<cycle-start id="4503" type="global mark phase" contextid="0" timestamp="2019-08-08T12:53:05.795" intervalms="403.778" />
<gc-start id="4504" type="global mark phase" contextid="4503" timestamp="2019-08-08T12:53:05.795">
  <mem-info id="4505" free="88080384" total="182452224" percent="48">
    <remembered-set count="10464" freebytes="7671424" totalbytes="7713280" percent="99" regionsoverflowed="0" regionsstable="9" regionsrebuilding="0"/>
  </mem-info>
</gc-start>
<gc-op id="4506" type="mark increment" timems="4.290" contextid="4503" timestamp="2019-08-08T12:53:05.799">
  <trace-info objectcount="6811" scancount="1231" scanbytes="146112" />
</gc-op>
<gc-end id="4507" type="global mark phase" contextid="4503" durationms="4.461" usertimems="8.090" systemtimems="5.391" timestamp="2019-08-08T12:53:05.800" activeThreads="16">
  <mem-info id="4508" free="88080384" total="182452224" percent="48">
    <remembered-set count="10976" freebytes="7669376" totalbytes="7713280" percent="99" regionsoverflowed="0" regionsstable="0" regionsrebuilding="9"/>
  </mem-info>
</gc-end>
<concurrent-start id="4509" type="GMP work packet processing" contextid="4503" timestamp="2019-08-08T12:53:05.800">
  <concurrent-mark-start scanTarget="15765674" />
</concurrent-start>
<exclusive-end id="4510" timestamp="2019-08-08T12:53:05.800" durationms="4.797" />

<concurrent-end id="4511" type="GMP work packet processing" contextid="4503" timestamp="2019-08-08T12:53:05.809">
  <concurrent-mark-end bytesScanned="15936612" reasonForTermination="Work target met" />
</concurrent-end>

<exclusive-start id="4512" timestamp="2019-08-08T12:53:05.834" intervalms="39.263">
  <response-info timems="0.546" idlems="0.288" threads="1" lastid="0000000001BC8600" lastname="Thread-40" />
</exclusive-start>
<allocation-taxation id="4513" taxation-threshold="25165824" timestamp="2019-08-08T12:53:05.834" intervalms="39.225" />
<cycle-start id="4514" type="partial gc" contextid="0" timestamp="2019-08-08T12:53:05.834" intervalms="107.787" />
<gc-start id="4515" type="partial gc" contextid="4514" timestamp="2019-08-08T12:53:05.835">
  <mem-info id="4516" free="62914560" total="182452224" percent="34">
    <mem type="eden" free="0" total="50331648" percent="0" />
    <remembered-set count="126368" freebytes="7207808" totalbytes="7713280" percent="93" regionsoverflowed="0" regionsstable="0" regionsrebuilding="9"/>
  </mem-info>
</gc-start>
<allocation-stats totalBytes="50060304" >
  <allocated-bytes non-tlh="81944" tlh="49978360" arrayletleaf="0"/>
  <largest-consumer threadName="Thread-37" threadId="0000000001BC0E00" bytes="4631248" />
</allocation-stats>
<gc-op id="4517" type="copy forward" timems="15.469" contextid="4514" timestamp="2019-08-08T12:53:05.853">
  <memory-copied type="eden" objects="9511" bytes="3765776" bytesdiscarded="748088" />
  <memory-copied type="other" objects="38833" bytes="1180560" bytesdiscarded="106624" />
  <memory-cardclean objects="186661" bytes="6156872" />
  <regions eden="24" other="5" />
  <remembered-set-cleared processed="56628" cleared="37662" durationms="0.557" />
  <references type="weak" candidates="1" cleared="0" enqueued="0" />
  <references type="phantom" candidates="2" cleared="0" enqueued="0" />
  <stringconstants candidates="16515" cleared="0"  />
</gc-op>
<gc-op id="4518" type="classunload" timems="0.014" contextid="4514" timestamp="2019-08-08T12:53:05.853">
  <classunload-info classloadercandidates="69" classloadersunloaded="0" classesunloaded="0" anonymousclassesunloaded="0" quiescems="0.000" setupms="0.014" scanms="0.000" postms="0.000" />
</gc-op>
<gc-end id="4519" type="partial gc" contextid="4514" durationms="18.375" usertimems="69.599" systemtimems="0.000" timestamp="2019-08-08T12:53:05.853" activeThreads="16">
  <mem-info id="4520" free="111149056" total="182452224" percent="60">
    <mem type="eden" free="1777320" total="6291456" percent="28" />
    <remembered-set count="63680" freebytes="7039360" totalbytes="7294080" percent="96" regionsoverflowed="0" regionsstable="0" regionsrebuilding="9"/>
  </mem-info>
</gc-end>
<cycle-end id="4521" type="partial gc" contextid="4514" timestamp="2019-08-08T12:53:05.854" />
  <attribute name="elasticGC enabled" value="1" />
  <attribute name= "numThreadsSpecified" value="16" />
  <attribute name="heapSize specified" value="0" />
  <attribute name="Current GC Util" value="92" />
  <attribute name= "Current Time Running" value="217222" />
  <attribute name ="GC Interval" value="0" />
  <attribute name="Target GC Util Change" value ="80.000000" />
  <attribute name="Current GC Util Change" value="92.000000"/>
  <attribute name="Current Error" value="-199.000000" />
  <attribute name="Output H" value="182527680"/>
  <attribute name="Output I" value="1656"/>
  <attribute name="Output T" value="16"/>
  <attribute name= "Current Time Running" value="217222" />
  <attribute name="GC Util currently" value="92" />
  <attribute name="CPU Util currently" value="632307687140" />
<exclusive-end id="4522" timestamp="2019-08-08T12:53:05.854" durationms="19.611" />

<exclusive-start id="4523" timestamp="2019-08-08T12:53:05.871" intervalms="37.304">
  <response-info timems="0.669" idlems="0.350" threads="1" lastid="0000000001BF9100" lastname="Thread-43" />
</exclusive-start>
<allocation-taxation id="4524" taxation-threshold="25165824" timestamp="2019-08-08T12:53:05.871" intervalms="37.306" />
<gc-start id="4525" type="global mark phase" contextid="4503" timestamp="2019-08-08T12:53:05.872">
  <mem-info id="4526" free="85983232" total="182452224" percent="47">
    <remembered-set count="63552" freebytes="7039872" totalbytes="7294080" percent="96" regionsoverflowed="0" regionsstable="0" regionsrebuilding="9"/>
  </mem-info>
</gc-start>
<gc-end id="4527" type="global mark phase" contextid="4503" durationms="0.410" usertimems="1.825" systemtimems="0.000" timestamp="2019-08-08T12:53:05.872" activeThreads="16">
  <mem-info id="4528" free="85983232" total="182452224" percent="47">
    <remembered-set count="63552" freebytes="7039872" totalbytes="7294080" percent="96" regionsoverflowed="0" regionsstable="0" regionsrebuilding="9"/>
  </mem-info>
</gc-end>
<concurrent-start id="4529" type="GMP work packet processing" contextid="4503" timestamp="2019-08-08T12:53:05.872">
  <concurrent-mark-start scanTarget="15765674" />
</concurrent-start>
<exclusive-end id="4530" timestamp="2019-08-08T12:53:05.872" durationms="1.024" />

<concurrent-end id="4531" type="GMP work packet processing" contextid="4503" timestamp="2019-08-08T12:53:05.877">
  <concurrent-mark-end bytesScanned="831716" reasonForTermination="Completed all work in GC phase" />
</concurrent-end>

<exclusive-start id="4532" timestamp="2019-08-08T12:53:05.896" intervalms="24.615">
  <response-info timems="0.893" idlems="0.893" threads="0" lastid="0000000001BDED00" lastname="Thread-48" />
</exclusive-start>
<allocation-taxation id="4533" taxation-threshold="25165824" timestamp="2019-08-08T12:53:05.896" intervalms="24.636" />
<cycle-start id="4534" type="partial gc" contextid="0" timestamp="2019-08-08T12:53:05.896" intervalms="62.147" />
<gc-start id="4535" type="partial gc" contextid="4534" timestamp="2019-08-08T12:53:05.897">
  <mem-info id="4536" free="60817408" total="182452224" percent="33">
    <mem type="eden" free="0" total="50331648" percent="0" />
    <remembered-set count="70016" freebytes="7014016" totalbytes="7294080" percent="96" regionsoverflowed="0" regionsstable="0" regionsrebuilding="9"/>
  </mem-info>
</gc-start>
<allocation-stats totalBytes="49985992" >
  <allocated-bytes non-tlh="131112" tlh="49854880" arrayletleaf="0"/>
  <largest-consumer threadName="Thread-37" threadId="0000000001BC0E00" bytes="5099088" />
</allocation-stats>
<gc-op id="4537" type="copy forward" timems="12.630" contextid="4534" timestamp="2019-08-08T12:53:05.911">
  <memory-copied type="eden" objects="9068" bytes="3525184" bytesdiscarded="802600" />
  <memory-copied type="other" objects="586" bytes="254784" bytesdiscarded="14072" />
  <memory-cardclean objects="2978" bytes="172784" />
  <regions eden="24" other="4" />
  <remembered-set-cleared processed="61823" cleared="1747" durationms="0.843" />
  <references type="phantom" candidates="3" cleared="0" enqueued="0" />
  <stringconstants candidates="16515" cleared="0"  />
</gc-op>
<gc-op id="4538" type="classunload" timems="0.015" contextid="4534" timestamp="2019-08-08T12:53:05.911">
  <classunload-info classloadercandidates="69" classloadersunloaded="0" classesunloaded="0" anonymousclassesunloaded="0" quiescems="0.000" setupms="0.015" scanms="0.000" postms="0.000" />
</gc-op>
<heap-resize id="4539" type="expand" space="default" amount="2097152" count="1" timems="0.061" reason="excessive time being spent in gc" timestamp="2019-08-08T12:53:05.911" />
<gc-end id="4540" type="partial gc" contextid="4534" durationms="14.406" usertimems="32.600" systemtimems="18.775" timestamp="2019-08-08T12:53:05.912" activeThreads="16">
  <mem-info id="4541" free="111149056" total="184549376" percent="60">
    <mem type="eden" free="1963416" total="6291456" percent="31" />
    <remembered-set count="71488" freebytes="7091968" totalbytes="7377920" percent="96" regionsoverflowed="0" regionsstable="0" regionsrebuilding="9"/>
  </mem-info>
</gc-end>
<cycle-end id="4542" type="partial gc" contextid="4534" timestamp="2019-08-08T12:53:05.912" />
  <attribute name="elasticGC enabled" value="1" />
  <attribute name= "numThreadsSpecified" value="16" />
  <attribute name="heapSize specified" value="0" />
  <attribute name="Current GC Util" value="103" />
  <attribute name= "Current Time Running" value="217283" />
  <attribute name ="GC Interval" value="0" />
  <attribute name="Target GC Util Change" value ="80.000000" />
  <attribute name="Current GC Util Change" value="103.000000"/>
  <attribute name="Current Error" value="-233.000000" />
  <attribute name="Output H" value="182527640"/>
  <attribute name="Output I" value="1592"/>
  <attribute name="Output T" value="16"/>
  <attribute name= "Current Time Running" value="217283" />
  <attribute name="GC Util currently" value="103" />
  <attribute name="CPU Util currently" value="1391004284920" />
<exclusive-end id="4543" timestamp="2019-08-08T12:53:05.912" durationms="16.056" />

<exclusive-start id="4544" timestamp="2019-08-08T12:53:05.931" intervalms="35.132">
  <response-info timems="1.576" idlems="1.576" threads="0" lastid="0000000001BDB200" lastname="Thread-44" />
</exclusive-start>
<allocation-taxation id="4545" taxation-threshold="25165824" timestamp="2019-08-08T12:53:05.931" intervalms="35.202" />
<gc-start id="4546" type="global mark phase" contextid="4503" timestamp="2019-08-08T12:53:05.932">
  <mem-info id="4547" free="85983232" total="184549376" percent="46">
    <remembered-set count="71168" freebytes="7093248" totalbytes="7377920" percent="96" regionsoverflowed="0" regionsstable="0" regionsrebuilding="9"/>
  </mem-info>
</gc-start>
<gc-op id="4548" type="mark increment" timems="15.493" contextid="4503" timestamp="2019-08-08T12:53:05.947">
  <trace-info objectcount="12035" scancount="9840" scanbytes="1878128" />
  <cardclean-info objects="297839" bytes="8208396" />
  <finalization candidates="154" enqueued="0" />
  <ownableSynchronizers candidates="22" cleared="0" />
  <references type="soft" candidates="4266" cleared="53" enqueued="50" dynamicThreshold="19" maxThreshold="32" />
  <references type="weak" candidates="6323" cleared="0" enqueued="0" />
  <references type="phantom" candidates="913" cleared="0" enqueued="0" />
  <stringconstants candidates="16515" cleared="0"  />
</gc-op>
<gc-op id="4549" type="classunload" timems="0.012" contextid="4503" timestamp="2019-08-08T12:53:05.947">
  <classunload-info classloadercandidates="69" classloadersunloaded="0" classesunloaded="0" anonymousclassesunloaded="0" quiescems="0.000" setupms="0.012" scanms="0.000" postms="0.000" />
</gc-op>
<gc-end id="4550" type="global mark phase" contextid="4503" durationms="15.929" usertimems="55.353" systemtimems="14.955" timestamp="2019-08-08T12:53:05.947" activeThreads="16">
  <mem-info id="4551" free="85983232" total="184549376" percent="46">
    <pending-finalizers system="0" default="0" reference="50" classloader="0" />
    <remembered-set count="104448" freebytes="6960128" totalbytes="7377920" percent="94" regionsoverflowed="0" regionsstable="0" regionsrebuilding="0"/>
  </mem-info>
</gc-end>
<cycle-end id="4552" type="global mark phase" contextid="4503" timestamp="2019-08-08T12:53:05.948" />
  <attribute name="elasticGC enabled" value="1" />
  <attribute name= "numThreadsSpecified" value="16" />
  <attribute name="heapSize specified" value="0" />
  <attribute name="Current GC Util" value="226" />
  <attribute name= "Current Time Running" value="217326" />
  <attribute name ="GC Interval" value="0" />
  <attribute name="Target GC Util Change" value ="80.000000" />
  <attribute name="Current GC Util Change" value="226.000000"/>
  <attribute name="Current Error" value="-464.000000" />
  <attribute name="Output H" value="184624528"/>
  <attribute name="Output I" value="1184"/>
  <attribute name="Output T" value="16"/>
  <attribute name= "Current Time Running" value="217326" />
  <attribute name="GC Util currently" value="226" />
  <attribute name="CPU Util currently" value="754889853908" />
<exclusive-end id="4553" timestamp="2019-08-08T12:53:05.948" durationms="16.565" />

<exclusive-start id="4554" timestamp="2019-08-08T12:53:05.962" intervalms="31.215">
  <response-info timems="0.519" idlems="0.519" threads="0" lastid="0000000001BF9100" lastname="Thread-43" />
</exclusive-start>
<allocation-taxation id="4555" taxation-threshold="25165824" timestamp="2019-08-08T12:53:05.962" intervalms="31.131" />
<cycle-start id="4556" type="partial gc" contextid="0" timestamp="2019-08-08T12:53:05.962" intervalms="66.033" />
<gc-start id="4557" type="partial gc" contextid="4556" timestamp="2019-08-08T12:53:05.963">
  <mem-info id="4558" free="60817408" total="184549376" percent="32">
    <mem type="eden" free="0" total="50331648" percent="0" />
    <remembered-set count="8480" freebytes="7344000" totalbytes="7377920" percent="99" regionsoverflowed="0" regionsstable="9" regionsrebuilding="0"/>
  </mem-info>
</gc-start>
<allocation-stats totalBytes="49934544" >
  <allocated-bytes non-tlh="147504" tlh="49787040" arrayletleaf="0"/>
  <largest-consumer threadName="Thread-44" threadId="0000000001BDB200" bytes="3228680" />
</allocation-stats>
<gc-op id="4559" type="sweep" timems="3.365" contextid="4556" timestamp="2019-08-08T12:53:05.966" />
<gc-op id="4560" type="copy forward" timems="19.483" contextid="4556" timestamp="2019-08-08T12:53:05.987">
  <memory-copied type="eden" objects="8218" bytes="3220016" bytesdiscarded="604593" />
  <memory-copied type="other" objects="1362" bytes="574840" bytesdiscarded="88487" />
  <memory-cardclean objects="3221" bytes="156440" />
  <regions eden="12" other="14" />
  <remembered-set-cleared processed="2513" cleared="975" durationms="0.261" />
  <references type="phantom" candidates="3" cleared="0" enqueued="0" />
  <stringconstants candidates="16515" cleared="0"  />
</gc-op>
<gc-op id="4561" type="classunload" timems="0.015" contextid="4556" timestamp="2019-08-08T12:53:05.987">
  <classunload-info classloadercandidates="69" classloadersunloaded="0" classesunloaded="0" anonymousclassesunloaded="0" quiescems="0.000" setupms="0.015" scanms="0.000" postms="0.000" />
</gc-op>
<heap-resize id="4562" type="expand" space="default" amount="4194304" count="1" timems="0.057" reason="excessive time being spent in gc" timestamp="2019-08-08T12:53:05.987" />
<gc-end id="4563" type="partial gc" contextid="4556" durationms="24.687" usertimems="42.864" systemtimems="40.002" timestamp="2019-08-08T12:53:05.987" activeThreads="16">
  <mem-info id="4564" free="113246208" total="188743680" percent="60">
    <mem type="eden" free="2004464" total="6291456" percent="31" />
    <remembered-set count="9856" freebytes="7506176" totalbytes="7545600" percent="99" regionsoverflowed="0" regionsstable="9" regionsrebuilding="0"/>
  </mem-info>
</gc-end>
<cycle-end id="4565" type="partial gc" contextid="4556" timestamp="2019-08-08T12:53:05.988" />
  <attribute name="elasticGC enabled" value="1" />
  <attribute name= "numThreadsSpecified" value="16" />
  <attribute name="heapSize specified" value="0" />
  <attribute name="Current GC Util" value="96" />
  <attribute name= "Current Time Running" value="217352" />
  <attribute name ="GC Interval" value="0" />
  <attribute name="Target GC Util Change" value ="80.000000" />
  <attribute name="Current GC Util Change" value="96.000000"/>
  <attribute name="Current Error" value="-502.000000" />
  <attribute name="Output H" value="184624480"/>
  <attribute name="Output I" value="1112"/>
  <attribute name="Output T" value="16"/>
  <attribute name= "Current Time Running" value="217352" />
  <attribute name="GC Util currently" value="96" />
  <attribute name="CPU Util currently" value="1453136470527" />
<exclusive-end id="4566" timestamp="2019-08-08T12:53:05.988" durationms="25.230" />

<exclusive-start id="4567" timestamp="2019-08-08T12:53:06.018" intervalms="56.079">
  <response-info timems="2.865" idlems="2.865" threads="0" lastid="0000000001BDED00" lastname="Thread-48" />
</exclusive-start>
<allocation-taxation id="4568" taxation-threshold="27262976" timestamp="2019-08-08T12:53:06.019" intervalms="56.076" />
<cycle-start id="4569" type="global mark phase" contextid="0" timestamp="2019-08-08T12:53:06.019" intervalms="223.578" />
<gc-start id="4570" type="global mark phase" contextid="4569" timestamp="2019-08-08T12:53:06.019">
  <mem-info id="4571" free="85983232" total="188743680" percent="45">
    <remembered-set count="9472" freebytes="7507712" totalbytes="7545600" percent="99" regionsoverflowed="0" regionsstable="9" regionsrebuilding="0"/>
  </mem-info>
</gc-start>
<gc-op id="4572" type="mark increment" timems="5.007" contextid="4569" timestamp="2019-08-08T12:53:06.024">
  <trace-info objectcount="9327" scancount="2404" scanbytes="456476" />
</gc-op>
<gc-end id="4573" type="global mark phase" contextid="4569" durationms="5.072" usertimems="13.445" systemtimems="6.423" timestamp="2019-08-08T12:53:06.024" activeThreads="16">
  <mem-info id="4574" free="85983232" total="188743680" percent="45">
    <remembered-set count="10496" freebytes="7503616" totalbytes="7545600" percent="99" regionsoverflowed="0" regionsstable="0" regionsrebuilding="9"/>
  </mem-info>
</gc-end>
<concurrent-start id="4575" type="GMP work packet processing" contextid="4569" timestamp="2019-08-08T12:53:06.024">
  <concurrent-mark-start scanTarget="15821248" />
</concurrent-start>
<exclusive-end id="4576" timestamp="2019-08-08T12:53:06.025" durationms="6.115" />

<concurrent-end id="4577" type="GMP work packet processing" contextid="4569" timestamp="2019-08-08T12:53:06.041">
  <concurrent-mark-end bytesScanned="15901444" reasonForTermination="Work target met" />
</concurrent-end>

<exclusive-start id="4578" timestamp="2019-08-08T12:53:06.068" intervalms="49.654">
  <response-info timems="2.171" idlems="2.171" threads="0" lastid="0000000001BF1900" lastname="Thread-51" />
</exclusive-start>
<allocation-taxation id="4579" taxation-threshold="27262976" timestamp="2019-08-08T12:53:06.068" intervalms="49.655" />
<cycle-start id="4580" type="partial gc" contextid="0" timestamp="2019-08-08T12:53:06.068" intervalms="105.747" />
<gc-start id="4581" type="partial gc" contextid="4580" timestamp="2019-08-08T12:53:06.069">
  <mem-info id="4582" free="58720256" total="188743680" percent="31">
    <mem type="eden" free="0" total="54525952" percent="0" />
    <remembered-set count="133184" freebytes="7012864" totalbytes="7545600" percent="92" regionsoverflowed="0" regionsstable="0" regionsrebuilding="9"/>
  </mem-info>
</gc-start>
<allocation-stats totalBytes="54288744" >
  <allocated-bytes non-tlh="73760" tlh="54214984" arrayletleaf="0"/>
  <largest-consumer threadName="Thread-43" threadId="0000000001BF9100" bytes="3686352" />
</allocation-stats>
<gc-op id="4583" type="copy forward" timems="14.807" contextid="4580" timestamp="2019-08-08T12:53:06.085">
  <memory-copied type="eden" objects="9582" bytes="3836256" bytesdiscarded="886848" />
  <memory-copied type="other" objects="39166" bytes="1296248" bytesdiscarded="92264" />
  <memory-cardclean objects="14190" bytes="569544" />
  <regions eden="26" other="6" />
  <remembered-set-cleared processed="123082" cleared="17243" durationms="0.960" />
  <references type="phantom" candidates="3" cleared="0" enqueued="0" />
  <stringconstants candidates="16515" cleared="0"  />
</gc-op>
<gc-op id="4584" type="classunload" timems="0.013" contextid="4580" timestamp="2019-08-08T12:53:06.085">
  <classunload-info classloadercandidates="69" classloadersunloaded="0" classesunloaded="0" anonymousclassesunloaded="0" quiescems="0.000" setupms="0.013" scanms="0.000" postms="0.000" />
</gc-op>
<heap-resize id="4585" type="expand" space="default" amount="6291456" count="1" timems="0.071" reason="excessive time being spent in gc" timestamp="2019-08-08T12:53:06.086" />
<gc-end id="4586" type="partial gc" contextid="4580" durationms="17.122" usertimems="53.321" systemtimems="16.895" timestamp="2019-08-08T12:53:06.086" activeThreads="16">
  <mem-info id="4587" free="117440512" total="195035136" percent="60">
    <mem type="eden" free="3665216" total="8388608" percent="43" />
    <remembered-set count="122752" freebytes="7306112" totalbytes="7797120" percent="93" regionsoverflowed="0" regionsstable="0" regionsrebuilding="9"/>
  </mem-info>
</gc-end>
<cycle-end id="4588" type="partial gc" contextid="4580" timestamp="2019-08-08T12:53:06.086" />
  <attribute name="elasticGC enabled" value="1" />
  <attribute name= "numThreadsSpecified" value="16" />
  <attribute name="heapSize specified" value="0" />
  <attribute name="Current GC Util" value="127" />
  <attribute name= "Current Time Running" value="217455" />
  <attribute name ="GC Interval" value="0" />
  <attribute name="Target GC Util Change" value ="80.000000" />
  <attribute name="Current GC Util Change" value="127.000000"/>
  <attribute name="Current Error" value="-453.000000" />
  <attribute name="Output H" value="188818840"/>
  <attribute name="Output I" value="1200"/>
  <attribute name="Output T" value="16"/>
  <attribute name= "Current Time Running" value="217455" />
  <attribute name="GC Util currently" value="127" />
  <attribute name="CPU Util currently" value="711372481790" />
<exclusive-end id="4589" timestamp="2019-08-08T12:53:06.086" durationms="18.054" />

<exclusive-start id="4590" timestamp="2019-08-08T12:53:06.112" intervalms="43.744">
  <response-info timems="10.750" idlems="5.383" threads="1" lastid="0000000001BDB200" lastname="Thread-44" />
</exclusive-start>
<allocation-taxation id="4591" taxation-threshold="27262976" timestamp="2019-08-08T12:53:06.112" intervalms="43.751" />
<gc-start id="4592" type="global mark phase" contextid="4569" timestamp="2019-08-08T12:53:06.112">
  <mem-info id="4593" free="90177536" total="195035136" percent="46">
    <remembered-set count="122336" freebytes="7307776" totalbytes="7797120" percent="93" regionsoverflowed="0" regionsstable="0" regionsrebuilding="9"/>
  </mem-info>
</gc-start>
<gc-end id="4594" type="global mark phase" contextid="4569" durationms="0.029" usertimems="0.014" systemtimems="0.012" timestamp="2019-08-08T12:53:06.112" activeThreads="16">
  <mem-info id="4595" free="90177536" total="195035136" percent="46">
    <remembered-set count="122336" freebytes="7307776" totalbytes="7797120" percent="93" regionsoverflowed="0" regionsstable="0" regionsrebuilding="9"/>
  </mem-info>
</gc-end>
<concurrent-start id="4596" type="GMP work packet processing" contextid="4569" timestamp="2019-08-08T12:53:06.112">
  <concurrent-mark-start scanTarget="15821248" />
</concurrent-start>
<exclusive-end id="4597" timestamp="2019-08-08T12:53:06.114" durationms="1.671" />

<concurrent-end id="4598" type="GMP work packet processing" contextid="4569" timestamp="2019-08-08T12:53:06.123">
  <concurrent-mark-end bytesScanned="455200" reasonForTermination="Completed all work in GC phase" />
</concurrent-end>

<exclusive-start id="4599" timestamp="2019-08-08T12:53:06.134" intervalms="22.490">
  <response-info timems="0.148" idlems="0.148" threads="0" lastid="0000000001BEDD00" lastname="Thread-52" />
</exclusive-start>
<allocation-taxation id="4600" taxation-threshold="27262976" timestamp="2019-08-08T12:53:06.134" intervalms="22.477" />
<cycle-start id="4601" type="partial gc" contextid="0" timestamp="2019-08-08T12:53:06.134" intervalms="66.242" />
<gc-start id="4602" type="partial gc" contextid="4601" timestamp="2019-08-08T12:53:06.135">
  <mem-info id="4603" free="62914560" total="195035136" percent="32">
    <mem type="eden" free="0" total="54525952" percent="0" />
    <remembered-set count="123520" freebytes="7303040" totalbytes="7797120" percent="93" regionsoverflowed="0" regionsstable="0" regionsrebuilding="9"/>
  </mem-info>
</gc-start>
<allocation-stats totalBytes="54377736" >
  <allocated-bytes non-tlh="81944" tlh="54295792" arrayletleaf="0"/>
  <largest-consumer threadName="Thread-42" threadId="0000000001BB1F00" bytes="3186160" />
</allocation-stats>
<gc-op id="4604" type="copy forward" timems="6.508" contextid="4601" timestamp="2019-08-08T12:53:06.143">
  <memory-copied type="eden" objects="9191" bytes="3596856" bytesdiscarded="690808" />
  <memory-copied type="other" objects="24977" bytes="1003152" bytesdiscarded="96488" />
  <memory-cardclean objects="1137" bytes="136216" />
  <regions eden="26" other="7" />
  <remembered-set-cleared processed="113708" cleared="2227" durationms="0.457" />
  <finalization candidates="1" enqueued="0" />
  <references type="soft" candidates="24" cleared="0" enqueued="0" dynamicThreshold="14" maxThreshold="32" />
  <references type="weak" candidates="66" cleared="0" enqueued="0" />
  <references type="phantom" candidates="31" cleared="0" enqueued="0" />
  <stringconstants candidates="16515" cleared="0"  />
</gc-op>
<gc-op id="4605" type="classunload" timems="0.011" contextid="4601" timestamp="2019-08-08T12:53:06.143">
  <classunload-info classloadercandidates="69" classloadersunloaded="0" classesunloaded="0" anonymousclassesunloaded="0" quiescems="0.000" setupms="0.011" scanms="0.000" postms="0.000" />
</gc-op>
<gc-end id="4606" type="partial gc" contextid="4601" durationms="7.717" usertimems="17.074" systemtimems="4.333" timestamp="2019-08-08T12:53:06.143" activeThreads="8">
  <mem-info id="4607" free="117440512" total="195035136" percent="60">
    <mem type="eden" free="2003536" total="6291456" percent="31" />
    <remembered-set count="122816" freebytes="7305856" totalbytes="7797120" percent="93" regionsoverflowed="0" regionsstable="0" regionsrebuilding="9"/>
  </mem-info>
</gc-end>
<cycle-end id="4608" type="partial gc" contextid="4601" timestamp="2019-08-08T12:53:06.143" />
  <attribute name="elasticGC enabled" value="1" />
  <attribute name= "numThreadsSpecified" value="8" />
  <attribute name="heapSize specified" value="0" />
  <attribute name="Current GC Util" value="119" />
  <attribute name= "Current Time Running" value="217521" />
  <attribute name ="GC Interval" value="0" />
  <attribute name="Target GC Util Change" value ="80.000000" />
  <attribute name="Current GC Util Change" value="119.000000"/>
  <attribute name="Current Error" value="-17.000000" />
  <attribute name="Output H" value="195110800"/>
  <attribute name="Output I" value="1984"/>
  <attribute name="Output T" value="8"/>
  <attribute name= "Current Time Running" value="217521" />
  <attribute name="GC Util currently" value="119" />
  <attribute name="CPU Util currently" value="1630917083269" />
<exclusive-end id="4609" timestamp="2019-08-08T12:53:06.143" durationms="8.918" />

<exclusive-start id="4610" timestamp="2019-08-08T12:53:06.158" intervalms="23.220">
  <response-info timems="0.165" idlems="0.165" threads="0" lastid="0000000001BD7600" lastname="Thread-39" />
</exclusive-start>
<allocation-taxation id="4611" taxation-threshold="27262976" timestamp="2019-08-08T12:53:06.158" intervalms="23.265" />
<gc-start id="4612" type="global mark phase" contextid="4569" timestamp="2019-08-08T12:53:06.158">
  <mem-info id="4613" free="90177536" total="195035136" percent="46">
    <remembered-set count="120288" freebytes="7315968" totalbytes="7797120" percent="93" regionsoverflowed="0" regionsstable="1" regionsrebuilding="9"/>
  </mem-info>
</gc-start>
<gc-op id="4614" type="mark increment" timems="14.675" contextid="4569" timestamp="2019-08-08T12:53:06.172">
  <trace-info objectcount="8925" scancount="7190" scanbytes="1677272" />
  <cardclean-info objects="24747" bytes="1003644" />
  <finalization candidates="154" enqueued="0" />
  <ownableSynchronizers candidates="22" cleared="0" />
  <references type="soft" candidates="4213" cleared="463" enqueued="454" dynamicThreshold="19" maxThreshold="32" />
  <references type="weak" candidates="6323" cleared="0" enqueued="0" />
  <references type="phantom" candidates="913" cleared="0" enqueued="0" />
  <stringconstants candidates="16515" cleared="5"  />
</gc-op>
<gc-op id="4615" type="classunload" timems="0.011" contextid="4569" timestamp="2019-08-08T12:53:06.173">
  <classunload-info classloadercandidates="69" classloadersunloaded="0" classesunloaded="0" anonymousclassesunloaded="0" quiescems="0.000" setupms="0.011" scanms="0.000" postms="0.000" />
</gc-op>
<gc-end id="4616" type="global mark phase" contextid="4569" durationms="14.873" usertimems="24.520" systemtimems="16.334" timestamp="2019-08-08T12:53:06.173" activeThreads="16">
  <mem-info id="4617" free="90177536" total="195035136" percent="46">
    <pending-finalizers system="0" default="0" reference="454" classloader="0" />
    <remembered-set count="126944" freebytes="7289344" totalbytes="7797120" percent="93" regionsoverflowed="0" regionsstable="1" regionsrebuilding="0"/>
  </mem-info>
</gc-end>
<cycle-end id="4618" type="global mark phase" contextid="4569" timestamp="2019-08-08T12:53:06.173" />
  <attribute name="elasticGC enabled" value="1" />
  <attribute name= "numThreadsSpecified" value="16" />
  <attribute name="heapSize specified" value="0" />
  <attribute name="Current GC Util" value="204" />
  <attribute name= "Current Time Running" value="217547" />
  <attribute name ="GC Interval" value="0" />
  <attribute name="Target GC Util Change" value ="80.000000" />
  <attribute name="Current GC Util Change" value="204.000000"/>
  <attribute name="Current Error" value="-324.000000" />
  <attribute name="Output H" value="195110448"/>
  <attribute name="Output I" value="1432"/>
  <attribute name="Output T" value="16"/>
  <attribute name= "Current Time Running" value="217547" />
  <attribute name="GC Util currently" value="204" />
  <attribute name="CPU Util currently" value="534758361660" />
<exclusive-end id="4619" timestamp="2019-08-08T12:53:06.173" durationms="15.371" />

<exclusive-start id="4620" timestamp="2019-08-08T12:53:06.189" intervalms="31.127">
  <response-info timems="0.510" idlems="0.208" threads="2" lastid="0000000001BF9100" lastname="Thread-43" />
</exclusive-start>
<allocation-taxation id="4621" taxation-threshold="27262976" timestamp="2019-08-08T12:53:06.189" intervalms="31.104" />
<cycle-start id="4622" type="partial gc" contextid="0" timestamp="2019-08-08T12:53:06.189" intervalms="54.393" />
<gc-start id="4623" type="partial gc" contextid="4622" timestamp="2019-08-08T12:53:06.189">
  <mem-info id="4624" free="62914560" total="195035136" percent="32">
    <mem type="eden" free="0" total="54525952" percent="0" />
    <remembered-set count="7360" freebytes="7767680" totalbytes="7797120" percent="99" regionsoverflowed="0" regionsstable="10" regionsrebuilding="0"/>
  </mem-info>
</gc-start>
<allocation-stats totalBytes="54229776" >
  <allocated-bytes non-tlh="49168" tlh="54180608" arrayletleaf="0"/>
  <largest-consumer threadName="Thread-45" threadId="0000000001BCC200" bytes="5022400" />
</allocation-stats>
<gc-op id="4625" type="sweep" timems="3.176" contextid="4622" timestamp="2019-08-08T12:53:06.192" />
<gc-op id="4626" type="copy forward" timems="14.146" contextid="4622" timestamp="2019-08-08T12:53:06.208">
  <memory-copied type="eden" objects="7434" bytes="3090192" bytesdiscarded="796510" />
  <memory-copied type="other" objects="15750" bytes="2234040" bytesdiscarded="2265570" />
  <memory-cardclean objects="6721" bytes="330408" />
  <regions eden="13" other="18" />
  <remembered-set-cleared processed="177" cleared="97" durationms="0.129" />
  <finalization candidates="2" enqueued="0" />
  <references type="soft" candidates="71" cleared="0" enqueued="0" dynamicThreshold="14" maxThreshold="32" />
  <references type="weak" candidates="19" cleared="0" enqueued="0" />
  <references type="phantom" candidates="46" cleared="0" enqueued="0" />
  <stringconstants candidates="16510" cleared="0"  />
</gc-op>
<gc-op id="4627" type="classunload" timems="0.011" contextid="4622" timestamp="2019-08-08T12:53:06.208">
  <classunload-info classloadercandidates="69" classloadersunloaded="0" classesunloaded="0" anonymousclassesunloaded="0" quiescems="0.000" setupms="0.011" scanms="0.000" postms="0.000" />
</gc-op>
<heap-resize id="4628" type="expand" space="default" amount="4194304" count="1" timems="0.059" reason="excessive time being spent in gc" timestamp="2019-08-08T12:53:06.208" />
<gc-end id="4629" type="partial gc" contextid="4622" durationms="18.952" usertimems="39.300" systemtimems="25.738" timestamp="2019-08-08T12:53:06.208" activeThreads="16">
  <mem-info id="4630" free="119537664" total="199229440" percent="60">
    <mem type="eden" free="1529080" total="6291456" percent="24" />
    <remembered-set count="8992" freebytes="7928832" totalbytes="7964800" percent="99" regionsoverflowed="0" regionsstable="10" regionsrebuilding="0"/>
  </mem-info>
</gc-end>
<cycle-end id="4631" type="partial gc" contextid="4622" timestamp="2019-08-08T12:53:06.208" />
  <attribute name="elasticGC enabled" value="1" />
  <attribute name= "numThreadsSpecified" value="16" />
  <attribute name="heapSize specified" value="0" />
  <attribute name="Current GC Util" value="158" />
  <attribute name= "Current Time Running" value="217578" />
  <attribute name ="GC Interval" value="0" />
  <attribute name="Target GC Util Change" value ="80.000000" />
  <attribute name="Current GC Util Change" value="158.000000"/>
  <attribute name="Current Error" value="-117.000000" />
  <attribute name="Output H" value="195110688"/>
  <attribute name="Output I" value="1800"/>
  <attribute name="Output T" value="16"/>
  <attribute name= "Current Time Running" value="217578" />
  <attribute name="GC Util currently" value="158" />
  <attribute name="CPU Util currently" value="2390524708238" />
<exclusive-end id="4632" timestamp="2019-08-08T12:53:06.208" durationms="19.664" />

<exclusive-start id="4633" timestamp="2019-08-08T12:53:06.250" intervalms="60.867">
  <response-info timems="1.280" idlems="0.332" threads="5" lastid="0000000001BEDD00" lastname="Thread-52" />
</exclusive-start>
<allocation-taxation id="4634" taxation-threshold="56623104" timestamp="2019-08-08T12:53:06.250" intervalms="60.848" />
<cycle-start id="4635" type="partial gc" contextid="0" timestamp="2019-08-08T12:53:06.250" intervalms="60.810" />
<gc-start id="4636" type="partial gc" contextid="4635" timestamp="2019-08-08T12:53:06.250">
  <mem-info id="4637" free="62914560" total="199229440" percent="31">
    <mem type="eden" free="0" total="56623104" percent="0" />
    <remembered-set count="8672" freebytes="7930112" totalbytes="7964800" percent="99" regionsoverflowed="0" regionsstable="10" regionsrebuilding="0"/>
  </mem-info>
</gc-start>
<allocation-stats totalBytes="56462168" >
  <allocated-bytes non-tlh="81944" tlh="56380224" arrayletleaf="0"/>
  <largest-consumer threadName="Thread-48" threadId="0000000001BDED00" bytes="7418064" />
</allocation-stats>
<gc-op id="4638" type="copy forward" timems="11.260" contextid="4635" timestamp="2019-08-08T12:53:06.262">
  <memory-copied type="eden" objects="9080" bytes="3641616" bytesdiscarded="858728" />
  <memory-copied type="other" objects="23330" bytes="1741680" bytesdiscarded="187584" />
  <memory-cardclean objects="5000" bytes="351928" />
  <regions eden="27" other="9" />
  <remembered-set-cleared processed="168" cleared="96" durationms="0.120" />
  <finalization candidates="2" enqueued="0" />
  <references type="soft" candidates="71" cleared="0" enqueued="0" dynamicThreshold="19" maxThreshold="32" />
  <references type="weak" candidates="18" cleared="0" enqueued="0" />
  <references type="phantom" candidates="51" cleared="0" enqueued="0" />
  <stringconstants candidates="16510" cleared="0"  />
</gc-op>
<gc-op id="4639" type="classunload" timems="0.011" contextid="4635" timestamp="2019-08-08T12:53:06.262">
  <classunload-info classloadercandidates="69" classloadersunloaded="0" classesunloaded="0" anonymousclassesunloaded="0" quiescems="0.000" setupms="0.011" scanms="0.000" postms="0.000" />
</gc-op>
<gc-end id="4640" type="partial gc" contextid="4635" durationms="12.720" usertimems="27.224" systemtimems="9.037" timestamp="2019-08-08T12:53:06.263" activeThreads="16">
  <mem-info id="4641" free="125829120" total="199229440" percent="63">
    <mem type="eden" free="1790840" total="6291456" percent="28" />
    <remembered-set count="9312" freebytes="7927552" totalbytes="7964800" percent="99" regionsoverflowed="0" regionsstable="10" regionsrebuilding="0"/>
  </mem-info>
</gc-end>
<cycle-end id="4642" type="partial gc" contextid="4635" timestamp="2019-08-08T12:53:06.263" />
  <attribute name="elasticGC enabled" value="1" />
  <attribute name= "numThreadsSpecified" value="16" />
  <attribute name="heapSize specified" value="0" />
  <attribute name="Current GC Util" value="182" />
  <attribute name= "Current Time Running" value="217636" />
  <attribute name ="GC Interval" value="0" />
  <attribute name="Target GC Util Change" value ="80.000000" />
  <attribute name="Current GC Util Change" value="182.000000"/>
  <attribute name="Current Error" value="-223.000000" />
  <attribute name="Output H" value="199304864"/>
  <attribute name="Output I" value="1616"/>
  <attribute name="Output T" value="16"/>
  <attribute name= "Current Time Running" value="217636" />
  <attribute name="GC Util currently" value="182" />
  <attribute name="CPU Util currently" value="1584488517760" />
<exclusive-end id="4643" timestamp="2019-08-08T12:53:06.264" durationms="13.949" />

<exclusive-start id="4644" timestamp="2019-08-08T12:53:06.334" intervalms="84.307">
  <response-info timems="0.409" idlems="0.409" threads="0" lastid="0000000001BD7600" lastname="Thread-39" />
</exclusive-start>
<allocation-taxation id="4645" taxation-threshold="56623104" timestamp="2019-08-08T12:53:06.334" intervalms="84.295" />
<cycle-start id="4646" type="partial gc" contextid="0" timestamp="2019-08-08T12:53:06.334" intervalms="84.301" />
<gc-start id="4647" type="partial gc" contextid="4646" timestamp="2019-08-08T12:53:06.334">
  <mem-info id="4648" free="69206016" total="199229440" percent="34">
    <mem type="eden" free="0" total="56623104" percent="0" />
    <remembered-set count="9056" freebytes="7928576" totalbytes="7964800" percent="99" regionsoverflowed="0" regionsstable="10" regionsrebuilding="0"/>
  </mem-info>
</gc-start>
<allocation-stats totalBytes="56440984" >
  <allocated-bytes non-tlh="49168" tlh="56391816" arrayletleaf="0"/>
  <largest-consumer threadName="Thread-50" threadId="0000000001BAA700" bytes="5956200" />
</allocation-stats>
<gc-op id="4649" type="copy forward" timems="15.124" contextid="4646" timestamp="2019-08-08T12:53:06.351">
  <memory-copied type="eden" objects="10294" bytes="4040104" bytesdiscarded="882688" />
  <memory-copied type="other" objects="5000" bytes="1558984" bytesdiscarded="110960" />
  <memory-cardclean objects="3324" bytes="239048" />
  <regions eden="27" other="7" />
  <remembered-set-cleared processed="947" cleared="623" durationms="0.541" />
  <references type="soft" candidates="7" cleared="0" enqueued="0" dynamicThreshold="20" maxThreshold="32" />
  <references type="weak" candidates="18" cleared="0" enqueued="0" />
  <stringconstants candidates="16510" cleared="0"  />
</gc-op>
<gc-op id="4650" type="classunload" timems="0.011" contextid="4646" timestamp="2019-08-08T12:53:06.351">
  <classunload-info classloadercandidates="69" classloadersunloaded="0" classesunloaded="0" anonymousclassesunloaded="0" quiescems="0.000" setupms="0.011" scanms="0.000" postms="0.000" />
</gc-op>
<gc-end id="4651" type="partial gc" contextid="4646" durationms="17.173" usertimems="61.318" systemtimems="13.761" timestamp="2019-08-08T12:53:06.352" activeThreads="16">
  <mem-info id="4652" free="123731968" total="199229440" percent="62">
    <mem type="eden" free="3465552" total="8388608" percent="41" />
    <remembered-set count="9376" freebytes="7927296" totalbytes="7964800" percent="99" regionsoverflowed="0" regionsstable="10" regionsrebuilding="0"/>
  </mem-info>
</gc-end>
<cycle-end id="4653" type="partial gc" contextid="4646" timestamp="2019-08-08T12:53:06.352" />
  <attribute name="elasticGC enabled" value="1" />
  <attribute name= "numThreadsSpecified" value="16" />
  <attribute name="heapSize specified" value="0" />
  <attribute name="Current GC Util" value="73" />
  <attribute name= "Current Time Running" value="217721" />
  <attribute name ="GC Interval" value="0" />
  <attribute name="Target GC Util Change" value ="80.000000" />
  <attribute name="Current GC Util Change" value="73.000000"/>
  <attribute name="Current Error" value="7.000000" />
  <attribute name="Output H" value="199305128"/>
  <attribute name="Output I" value="2024"/>
  <attribute name="Output T" value="16"/>
  <attribute name= "Current Time Running" value="217721" />
  <attribute name="GC Util currently" value="73" />
  <attribute name="CPU Util currently" value="1152837222833" />
<exclusive-end id="4654" timestamp="2019-08-08T12:53:06.353" durationms="18.626" />

<exclusive-start id="4655" timestamp="2019-08-08T12:53:06.409" intervalms="75.218">
  <response-info timems="1.015" idlems="0.593" threads="1" lastid="0000000001BEDD00" lastname="Thread-52" />
</exclusive-start>
<allocation-taxation id="4656" taxation-threshold="56623104" timestamp="2019-08-08T12:53:06.409" intervalms="75.242" />
<cycle-start id="4657" type="partial gc" contextid="0" timestamp="2019-08-08T12:53:06.409" intervalms="75.315" />
<gc-start id="4658" type="partial gc" contextid="4657" timestamp="2019-08-08T12:53:06.410">
  <mem-info id="4659" free="67108864" total="199229440" percent="33">
    <mem type="eden" free="0" total="56623104" percent="0" />
    <remembered-set count="9152" freebytes="7928192" totalbytes="7964800" percent="99" regionsoverflowed="0" regionsstable="10" regionsrebuilding="0"/>
  </mem-info>
</gc-start>
<allocation-stats totalBytes="56402952" >
  <allocated-bytes non-tlh="32776" tlh="56370176" arrayletleaf="0"/>
  <largest-consumer threadName="Thread-44" threadId="0000000001BDB200" bytes="5747072" />
</allocation-stats>
<gc-op id="4660" type="copy forward" timems="40.540" contextid="4657" timestamp="2019-08-08T12:53:06.485">
  <memory-copied type="eden" objects="9348" bytes="3591560" bytesdiscarded="748144" />
  <memory-copied type="other" objects="68" bytes="38656" bytesdiscarded="4176" />
  <memory-cardclean objects="2961" bytes="167440" />
  <regions eden="27" other="6" />
  <remembered-set-cleared processed="1106" cleared="609" durationms="0.256" />
  <stringconstants candidates="16510" cleared="0"  />
</gc-op>
<gc-op id="4661" type="classunload" timems="0.018" contextid="4657" timestamp="2019-08-08T12:53:06.485">
  <classunload-info classloadercandidates="69" classloadersunloaded="0" classesunloaded="0" anonymousclassesunloaded="0" quiescems="0.000" setupms="0.018" scanms="0.000" postms="0.000" />
</gc-op>
<heap-resize id="4662" type="contract" space="default" amount="4194304" count="1" timems="0.171" reason="excess free space following gc" timestamp="2019-08-08T12:53:06.486" />
<gc-end id="4663" type="partial gc" contextid="4657" durationms="75.458" usertimems="86.990" systemtimems="67.606" timestamp="2019-08-08T12:53:06.486" activeThreads="16">
  <mem-info id="4664" free="119537664" total="195035136" percent="61">
    <mem type="eden" free="1951504" total="6291456" percent="31" />
    <remembered-set count="8256" freebytes="7931776" totalbytes="7964800" percent="99" regionsoverflowed="0" regionsstable="10" regionsrebuilding="0"/>
  </mem-info>
</gc-end>
<cycle-end id="4665" type="partial gc" contextid="4657" timestamp="2019-08-08T12:53:06.486" />
  <attribute name="elasticGC enabled" value="1" />
  <attribute name= "numThreadsSpecified" value="16" />
  <attribute name="heapSize specified" value="0" />
  <attribute name="Current GC Util" value="5" />
  <attribute name= "Current Time Running" value="217829" />
  <attribute name ="GC Interval" value="0" />
  <attribute name="Target GC Util Change" value ="80.000000" />
  <attribute name="Current GC Util Change" value="5.000000"/>
  <attribute name="Current Error" value="98.000000" />
  <attribute name="Output H" value="199305240"/>
  <attribute name="Output I" value="2184"/>
  <attribute name="Output T" value="16"/>
  <attribute name= "Current Time Running" value="217829" />
  <attribute name="GC Util currently" value="5" />
  <attribute name="CPU Util currently" value="33997243240" />
<exclusive-end id="4666" timestamp="2019-08-08T12:53:06.486" durationms="77.165" />

<exclusive-start id="4667" timestamp="2019-08-08T12:53:06.547" intervalms="138.274">
  <response-info timems="20.136" idlems="20.136" threads="0" lastid="0000000001BEDD00" lastname="Thread-52" />
</exclusive-start>
<allocation-taxation id="4668" taxation-threshold="56623104" timestamp="2019-08-08T12:53:06.547" intervalms="138.270" />
<cycle-start id="4669" type="partial gc" contextid="0" timestamp="2019-08-08T12:53:06.548" intervalms="138.223" />
<gc-start id="4670" type="partial gc" contextid="4669" timestamp="2019-08-08T12:53:06.549">
  <mem-info id="4671" free="62914560" total="195035136" percent="32">
    <mem type="eden" free="0" total="56623104" percent="0" />
    <remembered-set count="7872" freebytes="7933312" totalbytes="7964800" percent="99" regionsoverflowed="0" regionsstable="10" regionsrebuilding="0"/>
  </mem-info>
</gc-start>
<allocation-stats totalBytes="56374256" >
  <allocated-bytes non-tlh="65560" tlh="56308696" arrayletleaf="0"/>
  <largest-consumer threadName="Thread-42" threadId="0000000001BB1F00" bytes="7685592" />
</allocation-stats>
<gc-op id="4672" type="copy forward" timems="13.754" contextid="4669" timestamp="2019-08-08T12:53:06.564">
  <memory-copied type="eden" objects="8626" bytes="3422040" bytesdiscarded="723624" />
  <memory-copied type="other" objects="46" bytes="2808" bytesdiscarded="312" />
  <memory-cardclean objects="2940" bytes="135296" />
  <regions eden="27" other="7" />
  <remembered-set-cleared processed="1071" cleared="569" durationms="0.304" />
  <references type="weak" candidates="1" cleared="0" enqueued="0" />
  <references type="phantom" candidates="6" cleared="0" enqueued="0" />
  <stringconstants candidates="16510" cleared="0"  />
</gc-op>
<gc-op id="4673" type="classunload" timems="0.011" contextid="4669" timestamp="2019-08-08T12:53:06.564">
  <classunload-info classloadercandidates="69" classloadersunloaded="0" classesunloaded="0" anonymousclassesunloaded="0" quiescems="0.000" setupms="0.011" scanms="0.000" postms="0.000" />
</gc-op>
<heap-resize id="4674" type="contract" space="default" amount="10485760" count="1" timems="0.091" reason="excess free space following gc" timestamp="2019-08-08T12:53:06.564" />
<gc-end id="4675" type="partial gc" contextid="4669" durationms="15.604" usertimems="13.653" systemtimems="13.698" timestamp="2019-08-08T12:53:06.564" activeThreads="16">
  <mem-info id="4676" free="113246208" total="184549376" percent="61">
    <mem type="eden" free="48352" total="4194304" percent="1" />
    <remembered-set count="8224" freebytes="7764224" totalbytes="7797120" percent="99" regionsoverflowed="0" regionsstable="10" regionsrebuilding="0"/>
  </mem-info>
</gc-end>
<cycle-end id="4677" type="partial gc" contextid="4669" timestamp="2019-08-08T12:53:06.565" />
  <attribute name="elasticGC enabled" value="1" />
  <attribute name= "numThreadsSpecified" value="16" />
  <attribute name="heapSize specified" value="0" />
  <attribute name="Current GC Util" value="57" />
  <attribute name= "Current Time Running" value="217935" />
  <attribute name ="GC Interval" value="0" />
  <attribute name="Target GC Util Change" value ="80.000000" />
  <attribute name="Current GC Util Change" value="57.000000"/>
  <attribute name="Current Error" value="116.000000" />
  <attribute name="Output H" value="195110952"/>
  <attribute name="Output I" value="2216"/>
  <attribute name="Output T" value="16"/>
  <attribute name= "Current Time Running" value="217935" />
  <attribute name="GC Util currently" value="57" />
  <attribute name="CPU Util currently" value="922548182283" />
<exclusive-end id="4678" timestamp="2019-08-08T12:53:06.565" durationms="17.932" />

<exclusive-start id="4679" timestamp="2019-08-08T12:53:06.628" intervalms="81.026">
  <response-info timems="2.470" idlems="1.500" threads="10" lastid="0000000001BEDD00" lastname="Thread-52" />
</exclusive-start>
<allocation-taxation id="4680" taxation-threshold="52428800" timestamp="2019-08-08T12:53:06.628" intervalms="81.019" />
<cycle-start id="4681" type="partial gc" contextid="0" timestamp="2019-08-08T12:53:06.629" intervalms="81.033" />
<gc-start id="4682" type="partial gc" contextid="4681" timestamp="2019-08-08T12:53:06.630">
  <mem-info id="4683" free="60817408" total="184549376" percent="32">
    <mem type="eden" free="0" total="52428800" percent="0" />
    <remembered-set count="7744" freebytes="7766144" totalbytes="7797120" percent="99" regionsoverflowed="0" regionsstable="10" regionsrebuilding="0"/>
  </mem-info>
</gc-start>
<allocation-stats totalBytes="52320456" >
  <allocated-bytes non-tlh="32784" tlh="52287672" arrayletleaf="0"/>
  <largest-consumer threadName="Thread-42" threadId="0000000001BB1F00" bytes="6220584" />
</allocation-stats>
<gc-op id="4684" type="copy forward" timems="9.566" contextid="4681" timestamp="2019-08-08T12:53:06.641">
  <memory-copied type="eden" objects="9350" bytes="3677584" bytesdiscarded="658616" />
  <memory-copied type="other" objects="779" bytes="305288" bytesdiscarded="16168" />
  <memory-cardclean objects="5395" bytes="334376" />
  <regions eden="25" other="3" />
  <remembered-set-cleared processed="448" cleared="282" durationms="0.120" />
  <references type="phantom" candidates="3" cleared="0" enqueued="0" />
  <stringconstants candidates="16510" cleared="0"  />
</gc-op>
<gc-op id="4685" type="classunload" timems="0.014" contextid="4681" timestamp="2019-08-08T12:53:06.641">
  <classunload-info classloadercandidates="69" classloadersunloaded="0" classesunloaded="0" anonymousclassesunloaded="0" quiescems="0.000" setupms="0.014" scanms="0.000" postms="0.000" />
</gc-op>
<heap-resize id="4686" type="expand" space="default" amount="4194304" count="1" timems="0.088" reason="excessive time being spent in gc" timestamp="2019-08-08T12:53:06.641" />
<gc-end id="4687" type="partial gc" contextid="4681" durationms="11.734" usertimems="22.706" systemtimems="15.267" timestamp="2019-08-08T12:53:06.641" activeThreads="16">
  <mem-info id="4688" free="113246208" total="188743680" percent="60">
    <mem type="eden" free="1954984" total="6291456" percent="31" />
    <remembered-set count="8192" freebytes="7512832" totalbytes="7545600" percent="99" regionsoverflowed="0" regionsstable="10" regionsrebuilding="0"/>
  </mem-info>
</gc-end>
<cycle-end id="4689" type="partial gc" contextid="4681" timestamp="2019-08-08T12:53:06.642" />
  <attribute name="elasticGC enabled" value="1" />
  <attribute name= "numThreadsSpecified" value="16" />
  <attribute name="heapSize specified" value="0" />
  <attribute name="Current GC Util" value="54" />
  <attribute name= "Current Time Running" value="218016" />
  <attribute name ="GC Interval" value="0" />
  <attribute name="Target GC Util Change" value ="80.000000" />
  <attribute name="Current GC Util Change" value="54.000000"/>
  <attribute name="Current Error" value="26.000000" />
  <attribute name="Output H" value="184625088"/>
  <attribute name="Output I" value="2056"/>
  <attribute name="Output T" value="16"/>
  <attribute name= "Current Time Running" value="218016" />
  <attribute name="GC Util currently" value="54" />
  <attribute name="CPU Util currently" value="780201281901" />
<exclusive-end id="4690" timestamp="2019-08-08T12:53:06.642" durationms="13.724" />

<exclusive-start id="4691" timestamp="2019-08-08T12:53:06.684" intervalms="56.085">
  <response-info timems="2.585" idlems="2.585" threads="0" lastid="0000000001BBD200" lastname="Thread-47" />
</exclusive-start>
<allocation-taxation id="4692" taxation-threshold="54525952" timestamp="2019-08-08T12:53:06.685" intervalms="56.078" />
<cycle-start id="4693" type="partial gc" contextid="0" timestamp="2019-08-08T12:53:06.685" intervalms="56.044" />
<gc-start id="4694" type="partial gc" contextid="4693" timestamp="2019-08-08T12:53:06.685">
  <mem-info id="4695" free="58720256" total="188743680" percent="31">
    <mem type="eden" free="0" total="54525952" percent="0" />
    <remembered-set count="8096" freebytes="7513216" totalbytes="7545600" percent="99" regionsoverflowed="0" regionsstable="10" regionsrebuilding="0"/>
  </mem-info>
</gc-start>
<allocation-stats totalBytes="54337840" >
  <allocated-bytes non-tlh="131104" tlh="54206736" arrayletleaf="0"/>
  <largest-consumer threadName="Thread-49" threadId="0000000001BD3A00" bytes="8168832" />
</allocation-stats>
<gc-op id="4696" type="copy forward" timems="11.240" contextid="4693" timestamp="2019-08-08T12:53:06.698">
  <memory-copied type="eden" objects="9006" bytes="3637928" bytesdiscarded="759408" />
  <memory-copied type="other" objects="664" bytes="256232" bytesdiscarded="5528" />
  <memory-cardclean objects="2997" bytes="217904" />
  <regions eden="26" other="5" />
  <remembered-set-cleared processed="1121" cleared="593" durationms="0.130" />
  <references type="phantom" candidates="5" cleared="0" enqueued="0" />
  <stringconstants candidates="16510" cleared="0"  />
</gc-op>
<gc-op id="4697" type="classunload" timems="0.015" contextid="4693" timestamp="2019-08-08T12:53:06.698">
  <classunload-info classloadercandidates="69" classloadersunloaded="0" classesunloaded="0" anonymousclassesunloaded="0" quiescems="0.000" setupms="0.015" scanms="0.000" postms="0.000" />
</gc-op>
<heap-resize id="4698" type="expand" space="default" amount="6291456" count="1" timems="0.078" reason="excessive time being spent in gc" timestamp="2019-08-08T12:53:06.698" />
<gc-end id="4699" type="partial gc" contextid="4693" durationms="12.687" usertimems="39.766" systemtimems="9.118" timestamp="2019-08-08T12:53:06.698" activeThreads="16">
  <mem-info id="4700" free="117440512" total="195035136" percent="60">
    <mem type="eden" free="1893848" total="6291456" percent="30" />
    <remembered-set count="5504" freebytes="7775104" totalbytes="7797120" percent="99" regionsoverflowed="0" regionsstable="10" regionsrebuilding="0"/>
  </mem-info>
</gc-end>
<cycle-end id="4701" type="partial gc" contextid="4693" timestamp="2019-08-08T12:53:06.698" />
  <attribute name="elasticGC enabled" value="1" />
  <attribute name= "numThreadsSpecified" value="16" />
  <attribute name="heapSize specified" value="0" />
  <attribute name="Current GC Util" value="90" />
  <attribute name= "Current Time Running" value="218071" />
  <attribute name ="GC Interval" value="0" />
  <attribute name="Target GC Util Change" value ="80.000000" />
  <attribute name="Current GC Util Change" value="90.000000"/>
  <attribute name="Current Error" value="45.000000" />
  <attribute name="Output H" value="188819416"/>
  <attribute name="Output I" value="2088"/>
  <attribute name="Output T" value="16"/>
  <attribute name= "Current Time Running" value="218071" />
  <attribute name="GC Util currently" value="90" />
  <attribute name="CPU Util currently" value="1608159039666" />
<exclusive-end id="4702" timestamp="2019-08-08T12:53:06.699" durationms="14.087" />

<exclusive-start id="4703" timestamp="2019-08-08T12:53:06.756" intervalms="71.875">
  <response-info timems="1.701" idlems="1.701" threads="0" lastid="0000000001BCFE00" lastname="Thread-38" />
</exclusive-start>
<allocation-taxation id="4704" taxation-threshold="56623104" timestamp="2019-08-08T12:53:06.756" intervalms="71.874" />
<cycle-start id="4705" type="partial gc" contextid="0" timestamp="2019-08-08T12:53:06.757" intervalms="71.901" />
<gc-start id="4706" type="partial gc" contextid="4705" timestamp="2019-08-08T12:53:06.757">
  <mem-info id="4707" free="60817408" total="195035136" percent="31">
    <mem type="eden" free="0" total="56623104" percent="0" />
    <remembered-set count="5184" freebytes="7776384" totalbytes="7797120" percent="99" regionsoverflowed="0" regionsstable="10" regionsrebuilding="0"/>
  </mem-info>
</gc-start>
<allocation-stats totalBytes="56364384" >
  <allocated-bytes non-tlh="131112" tlh="56233272" arrayletleaf="0"/>
  <largest-consumer threadName="Thread-44" threadId="0000000001BDB200" bytes="7086352" />
</allocation-stats>
<gc-op id="4708" type="copy forward" timems="8.475" contextid="4705" timestamp="2019-08-08T12:53:06.766">
  <memory-copied type="eden" objects="9208" bytes="3735960" bytesdiscarded="684736" />
  <memory-copied type="other" objects="526" bytes="240272" bytesdiscarded="10792" />
  <memory-cardclean objects="3138" bytes="327648" />
  <regions eden="27" other="5" />
  <remembered-set-cleared processed="1140" cleared="652" durationms="0.316" />
  <references type="weak" candidates="1" cleared="0" enqueued="0" />
  <references type="phantom" candidates="4" cleared="0" enqueued="0" />
  <stringconstants candidates="16510" cleared="0"  />
</gc-op>
<gc-op id="4709" type="classunload" timems="0.016" contextid="4705" timestamp="2019-08-08T12:53:06.766">
  <classunload-info classloadercandidates="69" classloadersunloaded="0" classesunloaded="0" anonymousclassesunloaded="0" quiescems="0.000" setupms="0.016" scanms="0.000" postms="0.000" />
</gc-op>
<heap-resize id="4710" type="expand" space="default" amount="10485760" count="1" timems="0.079" reason="excessive time being spent in gc" timestamp="2019-08-08T12:53:06.767" />
<gc-end id="4711" type="partial gc" contextid="4705" durationms="9.943" usertimems="17.923" systemtimems="12.312" timestamp="2019-08-08T12:53:06.767" activeThreads="16">
  <mem-info id="4712" free="123731968" total="205520896" percent="60">
    <mem type="eden" free="3967632" total="8388608" percent="47" />
    <remembered-set count="7968" freebytes="8184448" totalbytes="8216320" percent="99" regionsoverflowed="0" regionsstable="10" regionsrebuilding="0"/>
  </mem-info>
</gc-end>
<cycle-end id="4713" type="partial gc" contextid="4705" timestamp="2019-08-08T12:53:06.767" />
  <attribute name="elasticGC enabled" value="1" />
  <attribute name= "numThreadsSpecified" value="16" />
  <attribute name="heapSize specified" value="0" />
  <attribute name="Current GC Util" value="134" />
  <attribute name= "Current Time Running" value="218142" />
  <attribute name ="GC Interval" value="0" />
  <attribute name="Target GC Util Change" value ="80.000000" />
  <attribute name="Current GC Util Change" value="134.000000"/>
  <attribute name="Current Error" value="32.000000" />
  <attribute name="Output H" value="195110856"/>
  <attribute name="Output I" value="2072"/>
  <attribute name="Output T" value="16"/>
  <attribute name= "Current Time Running" value="218142" />
  <attribute name="GC Util currently" value="134" />
  <attribute name="CPU Util currently" value="2254935336907" />
<exclusive-end id="4714" timestamp="2019-08-08T12:53:06.767" durationms="11.107" />

<exclusive-start id="4715" timestamp="2019-08-08T12:53:06.823" intervalms="66.215">
  <response-info timems="0.638" idlems="0.169" threads="6" lastid="0000000001BF9100" lastname="Thread-43" />
</exclusive-start>
<allocation-taxation id="4716" taxation-threshold="58720256" timestamp="2019-08-08T12:53:06.823" intervalms="66.221" />
<cycle-start id="4717" type="partial gc" contextid="0" timestamp="2019-08-08T12:53:06.823" intervalms="66.185" />
<gc-start id="4718" type="partial gc" contextid="4717" timestamp="2019-08-08T12:53:06.823">
  <mem-info id="4719" free="65011712" total="205520896" percent="31">
    <mem type="eden" free="0" total="58720256" percent="0" />
    <remembered-set count="7744" freebytes="8185344" totalbytes="8216320" percent="99" regionsoverflowed="0" regionsstable="10" regionsrebuilding="0"/>
  </mem-info>
</gc-start>
<allocation-stats totalBytes="58566528" >
  <allocated-bytes non-tlh="98328" tlh="58468200" arrayletleaf="0"/>
  <largest-consumer threadName="Thread-40" threadId="0000000001BC8600" bytes="10305880" />
</allocation-stats>
<gc-op id="4720" type="copy forward" timems="20.376" contextid="4717" timestamp="2019-08-08T12:53:06.845">
  <memory-copied type="eden" objects="8979" bytes="3606976" bytesdiscarded="581416" />
  <memory-copied type="other" objects="829" bytes="558392" bytesdiscarded="36640" />
  <memory-cardclean objects="3164" bytes="210368" />
  <regions eden="28" other="6" />
  <remembered-set-cleared processed="1146" cleared="687" durationms="0.140" />
  <references type="weak" candidates="1" cleared="0" enqueued="0" />
  <references type="phantom" candidates="3" cleared="0" enqueued="0" />
  <stringconstants candidates="16510" cleared="0"  />
</gc-op>
<gc-op id="4721" type="classunload" timems="0.012" contextid="4717" timestamp="2019-08-08T12:53:06.845">
  <classunload-info classloadercandidates="69" classloadersunloaded="0" classesunloaded="0" anonymousclassesunloaded="0" quiescems="0.000" setupms="0.011" scanms="0.000" postms="0.000" />
</gc-op>
<gc-end id="4722" type="partial gc" contextid="4717" durationms="21.896" usertimems="50.818" systemtimems="32.927" timestamp="2019-08-08T12:53:06.845" activeThreads="16">
  <mem-info id="4723" free="125829120" total="205520896" percent="61">
    <mem type="eden" free="5656" total="4194304" percent="0" />
    <remembered-set count="8896" freebytes="8180736" totalbytes="8216320" percent="99" regionsoverflowed="0" regionsstable="10" regionsrebuilding="0"/>
  </mem-info>
</gc-end>
<cycle-end id="4724" type="partial gc" contextid="4717" timestamp="2019-08-08T12:53:06.845" />
  <attribute name="elasticGC enabled" value="1" />
  <attribute name= "numThreadsSpecified" value="16" />
  <attribute name="heapSize specified" value="0" />
  <attribute name="Current GC Util" value="77" />
  <attribute name= "Current Time Running" value="218209" />
  <attribute name ="GC Interval" value="0" />
  <attribute name="Target GC Util Change" value ="80.000000" />
  <attribute name="Current GC Util Change" value="77.000000"/>
  <attribute name="Current Error" value="3.000000" />
  <attribute name="Output H" value="205596584"/>
  <attribute name="Output I" value="2016"/>
  <attribute name="Output T" value="16"/>
  <attribute name= "Current Time Running" value="218209" />
  <attribute name="GC Util currently" value="77" />
  <attribute name="CPU Util currently" value="1240235175024" />
<exclusive-end id="4725" timestamp="2019-08-08T12:53:06.845" durationms="22.672" />

<exclusive-start id="4726" timestamp="2019-08-08T12:53:06.896" intervalms="73.708">
  <response-info timems="3.050" idlems="0.806" threads="3" lastid="0000000001BAA700" lastname="Thread-50" />
</exclusive-start>
<allocation-taxation id="4727" taxation-threshold="58720256" timestamp="2019-08-08T12:53:06.896" intervalms="73.723" />
<cycle-start id="4728" type="partial gc" contextid="0" timestamp="2019-08-08T12:53:06.896" intervalms="73.749" />
<gc-start id="4729" type="partial gc" contextid="4728" timestamp="2019-08-08T12:53:06.897">
  <mem-info id="4730" free="67108864" total="205520896" percent="32">
    <mem type="eden" free="0" total="58720256" percent="0" />
    <remembered-set count="8448" freebytes="8182528" totalbytes="8216320" percent="99" regionsoverflowed="0" regionsstable="10" regionsrebuilding="0"/>
  </mem-info>
</gc-start>
<allocation-stats totalBytes="58412728" >
  <allocated-bytes non-tlh="32776" tlh="58379952" arrayletleaf="0"/>
  <largest-consumer threadName="Thread-47" threadId="0000000001BBD200" bytes="6878224" />
</allocation-stats>
<gc-op id="4731" type="copy forward" timems="12.851" contextid="4728" timestamp="2019-08-08T12:53:06.910">
  <memory-copied type="eden" objects="9836" bytes="3948736" bytesdiscarded="715392" />
  <memory-copied type="other" objects="791" bytes="440208" bytesdiscarded="31224" />
  <memory-cardclean objects="3051" bytes="221328" />
  <regions eden="28" other="4" />
  <remembered-set-cleared processed="1177" cleared="656" durationms="0.120" />
  <references type="weak" candidates="1" cleared="0" enqueued="0" />
  <references type="phantom" candidates="2" cleared="0" enqueued="0" />
  <stringconstants candidates="16510" cleared="0"  />
</gc-op>
<gc-op id="4732" type="classunload" timems="0.017" contextid="4728" timestamp="2019-08-08T12:53:06.911">
  <classunload-info classloadercandidates="69" classloadersunloaded="0" classesunloaded="0" anonymousclassesunloaded="0" quiescems="0.000" setupms="0.016" scanms="0.000" postms="0.000" />
</gc-op>
<heap-resize id="4733" type="expand" space="default" amount="4194304" count="1" timems="0.066" reason="excessive time being spent in gc" timestamp="2019-08-08T12:53:06.911" />
<gc-end id="4734" type="partial gc" contextid="4728" durationms="14.104" usertimems="42.201" systemtimems="13.028" timestamp="2019-08-08T12:53:06.911" activeThreads="16">
  <mem-info id="4735" free="125829120" total="209715200" percent="60">
    <mem type="eden" free="1627072" total="6291456" percent="25" />
    <remembered-set count="8960" freebytes="8348160" totalbytes="8384000" percent="99" regionsoverflowed="0" regionsstable="10" regionsrebuilding="0"/>
  </mem-info>
</gc-end>
<cycle-end id="4736" type="partial gc" contextid="4728" timestamp="2019-08-08T12:53:06.911" />
  <attribute name="elasticGC enabled" value="1" />
  <attribute name= "numThreadsSpecified" value="16" />
  <attribute name="heapSize specified" value="0" />
  <attribute name="Current GC Util" value="119" />
  <attribute name= "Current Time Running" value="218282" />
  <attribute name ="GC Interval" value="0" />
  <attribute name="Target GC Util Change" value ="80.000000" />
  <attribute name="Current GC Util Change" value="119.000000"/>
  <attribute name="Current Error" value="-31.000000" />
  <attribute name="Output H" value="205596544"/>
  <attribute name="Output I" value="1960"/>
  <attribute name="Output T" value="16"/>
  <attribute name= "Current Time Running" value="218282" />
  <attribute name="GC Util currently" value="119" />
  <attribute name="CPU Util currently" value="2052604703435" />
<exclusive-end id="4737" timestamp="2019-08-08T12:53:06.911" durationms="14.853" />

<exclusive-start id="4738" timestamp="2019-08-08T12:53:06.956" intervalms="59.353">
  <response-info timems="3.814" idlems="3.814" threads="0" lastid="0000000001BAA700" lastname="Thread-50" />
</exclusive-start>
<allocation-taxation id="4739" taxation-threshold="58720256" timestamp="2019-08-08T12:53:06.956" intervalms="59.355" />
<cycle-start id="4740" type="partial gc" contextid="0" timestamp="2019-08-08T12:53:06.956" intervalms="59.868" />
<gc-start id="4741" type="partial gc" contextid="4740" timestamp="2019-08-08T12:53:06.957">
  <mem-info id="4742" free="67108864" total="209715200" percent="32">
    <mem type="eden" free="0" total="58720256" percent="0" />
    <remembered-set count="8576" freebytes="8349696" totalbytes="8384000" percent="99" regionsoverflowed="0" regionsstable="10" regionsrebuilding="0"/>
  </mem-info>
</gc-start>
<allocation-stats totalBytes="58576824" >
  <allocated-bytes non-tlh="0" tlh="58576824" arrayletleaf="0"/>
  <largest-consumer threadName="Thread-46" threadId="0000000001BB9600" bytes="6319896" />
</allocation-stats>
<gc-op id="4743" type="copy forward" timems="7.912" contextid="4740" timestamp="2019-08-08T12:53:06.965">
  <memory-copied type="eden" objects="10223" bytes="3998592" bytesdiscarded="673224" />
  <memory-copied type="other" objects="478" bytes="273320" bytesdiscarded="37320" />
  <memory-cardclean objects="3041" bytes="174440" />
  <regions eden="28" other="4" />
  <remembered-set-cleared processed="1183" cleared="677" durationms="0.507" />
  <references type="phantom" candidates="2" cleared="0" enqueued="0" />
  <stringconstants candidates="16510" cleared="0"  />
</gc-op>
<gc-op id="4744" type="classunload" timems="0.010" contextid="4740" timestamp="2019-08-08T12:53:06.965">
  <classunload-info classloadercandidates="69" classloadersunloaded="0" classesunloaded="0" anonymousclassesunloaded="0" quiescems="0.000" setupms="0.010" scanms="0.000" postms="0.000" />
</gc-op>
<heap-resize id="4745" type="expand" space="default" amount="10485760" count="1" timems="0.065" reason="excessive time being spent in gc" timestamp="2019-08-08T12:53:06.966" />
<gc-end id="4746" type="partial gc" contextid="4740" durationms="9.001" usertimems="26.692" systemtimems="8.831" timestamp="2019-08-08T12:53:06.966" activeThreads="16">
  <mem-info id="4747" free="132120576" total="220200960" percent="60">
    <mem type="eden" free="3716520" total="8388608" percent="44" />
    <remembered-set count="9376" freebytes="8765696" totalbytes="8803200" percent="99" regionsoverflowed="0" regionsstable="10" regionsrebuilding="0"/>
  </mem-info>
</gc-end>
<cycle-end id="4748" type="partial gc" contextid="4740" timestamp="2019-08-08T12:53:06.966" />
  <attribute name="elasticGC enabled" value="1" />
  <attribute name= "numThreadsSpecified" value="16" />
  <attribute name="heapSize specified" value="0" />
  <attribute name="Current GC Util" value="73" />
  <attribute name= "Current Time Running" value="218342" />
  <attribute name ="GC Interval" value="0" />
  <attribute name="Target GC Util Change" value ="80.000000" />
  <attribute name="Current GC Util Change" value="73.000000"/>
  <attribute name="Current Error" value="-10.000000" />
  <attribute name="Output H" value="209790872"/>
  <attribute name="Output I" value="1992"/>
  <attribute name="Output T" value="16"/>
  <attribute name= "Current Time Running" value="218342" />
  <attribute name="GC Util currently" value="73" />
  <attribute name="CPU Util currently" value="2100896135783" />
<exclusive-end id="4749" timestamp="2019-08-08T12:53:06.966" durationms="10.404" />

<exclusive-start id="4750" timestamp="2019-08-08T12:53:07.018" intervalms="61.902">
  <response-info timems="0.340" idlems="0.340" threads="0" lastid="0000000001BDED00" lastname="Thread-48" />
</exclusive-start>
<allocation-taxation id="4751" taxation-threshold="62914560" timestamp="2019-08-08T12:53:07.018" intervalms="61.883" />
<cycle-start id="4752" type="partial gc" contextid="0" timestamp="2019-08-08T12:53:07.018" intervalms="61.353" />
<gc-start id="4753" type="partial gc" contextid="4752" timestamp="2019-08-08T12:53:07.018">
  <mem-info id="4754" free="69206016" total="220200960" percent="31">
    <mem type="eden" free="0" total="62914560" percent="0" />
    <remembered-set count="8992" freebytes="8767232" totalbytes="8803200" percent="99" regionsoverflowed="0" regionsstable="10" regionsrebuilding="0"/>
  </mem-info>
</gc-start>
<allocation-stats totalBytes="62663592" >
  <allocated-bytes non-tlh="49168" tlh="62614424" arrayletleaf="0"/>
  <largest-consumer threadName="Thread-43" threadId="0000000001BF9100" bytes="5817072" />
</allocation-stats>
<gc-op id="4755" type="copy forward" timems="7.769" contextid="4752" timestamp="2019-08-08T12:53:07.027">
  <memory-copied type="eden" objects="9931" bytes="3899344" bytesdiscarded="887792" />
  <memory-copied type="other" objects="164" bytes="84232" bytesdiscarded="7880" />
  <memory-cardclean objects="3004" bytes="172856" />
  <regions eden="30" other="7" />
  <remembered-set-cleared processed="1180" cleared="627" durationms="0.492" />
  <references type="phantom" candidates="2" cleared="0" enqueued="0" />
  <stringconstants candidates="16510" cleared="0"  />
</gc-op>
<gc-op id="4756" type="classunload" timems="0.015" contextid="4752" timestamp="2019-08-08T12:53:07.027">
  <classunload-info classloadercandidates="69" classloadersunloaded="0" classesunloaded="0" anonymousclassesunloaded="0" quiescems="0.000" setupms="0.014" scanms="0.000" postms="0.000" />
</gc-op>
<gc-end id="4757" type="partial gc" contextid="4752" durationms="9.346" usertimems="35.683" systemtimems="1.068" timestamp="2019-08-08T12:53:07.027" activeThreads="16">
  <mem-info id="4758" free="134217728" total="220200960" percent="60">
    <mem type="eden" free="3601192" total="8388608" percent="42" />
    <remembered-set count="9824" freebytes="8763904" totalbytes="8803200" percent="99" regionsoverflowed="0" regionsstable="10" regionsrebuilding="0"/>
  </mem-info>
</gc-end>
<cycle-end id="4759" type="partial gc" contextid="4752" timestamp="2019-08-08T12:53:07.028" />
  <attribute name="elasticGC enabled" value="1" />
  <attribute name= "numThreadsSpecified" value="16" />
  <attribute name="heapSize specified" value="0" />
  <attribute name="Current GC Util" value="71" />
  <attribute name= "Current Time Running" value="218404" />
  <attribute name ="GC Interval" value="0" />
  <attribute name="Target GC Util Change" value ="80.000000" />
  <attribute name="Current GC Util Change" value="71.000000"/>
  <attribute name="Current Error" value="9.000000" />
  <attribute name="Output H" value="220276656"/>
  <attribute name="Output I" value="2024"/>
  <attribute name="Output T" value="16"/>
  <attribute name= "Current Time Running" value="218404" />
  <attribute name="GC Util currently" value="71" />
  <attribute name="CPU Util currently" value="1124897920639" />
<exclusive-end id="4760" timestamp="2019-08-08T12:53:07.028" durationms="10.385" />

<exclusive-start id="4761" timestamp="2019-08-08T12:53:07.073" intervalms="55.825">
  <response-info timems="7.641" idlems="7.641" threads="0" lastid="0000000001BCC200" lastname="Thread-45" />
</exclusive-start>
<allocation-taxation id="4762" taxation-threshold="62914560" timestamp="2019-08-08T12:53:07.074" intervalms="56.436" />
<cycle-start id="4763" type="partial gc" contextid="0" timestamp="2019-08-08T12:53:07.075" intervalms="57.394" />
<gc-start id="4764" type="partial gc" contextid="4763" timestamp="2019-08-08T12:53:07.075">
  <mem-info id="4765" free="71303168" total="220200960" percent="32">
    <mem type="eden" free="0" total="62914560" percent="0" />
    <remembered-set count="9472" freebytes="8765312" totalbytes="8803200" percent="99" regionsoverflowed="0" regionsstable="10" regionsrebuilding="0"/>
  </mem-info>
</gc-start>
<allocation-stats totalBytes="62700336" >
  <allocated-bytes non-tlh="0" tlh="62700336" arrayletleaf="0"/>
  <largest-consumer threadName="Thread-48" threadId="0000000001BDED00" bytes="6658056" />
</allocation-stats>
<gc-op id="4766" type="copy forward" timems="11.647" contextid="4763" timestamp="2019-08-08T12:53:07.089">
  <memory-copied type="eden" objects="8790" bytes="3492248" bytesdiscarded="634816" />
  <memory-copied type="other" objects="171" bytes="147272" bytesdiscarded="15168" />
  <memory-cardclean objects="3014" bytes="137864" />
  <regions eden="30" other="6" />
  <remembered-set-cleared processed="1185" cleared="642" durationms="0.168" />
  <references type="phantom" candidates="3" cleared="0" enqueued="0" />
  <stringconstants candidates="16510" cleared="0"  />
</gc-op>
<gc-op id="4767" type="classunload" timems="0.016" contextid="4763" timestamp="2019-08-08T12:53:07.089">
  <classunload-info classloadercandidates="69" classloadersunloaded="0" classesunloaded="0" anonymousclassesunloaded="0" quiescems="0.000" setupms="0.016" scanms="0.000" postms="0.000" />
</gc-op>
<gc-end id="4768" type="partial gc" contextid="4763" durationms="13.668" usertimems="29.509" systemtimems="17.050" timestamp="2019-08-08T12:53:07.089" activeThreads="16">
  <mem-info id="4769" free="136314880" total="220200960" percent="61">
    <mem type="eden" free="2164120" total="6291456" percent="34" />
    <remembered-set count="7712" freebytes="8772352" totalbytes="8803200" percent="99" regionsoverflowed="0" regionsstable="10" regionsrebuilding="0"/>
  </mem-info>
</gc-end>
<cycle-end id="4770" type="partial gc" contextid="4763" timestamp="2019-08-08T12:53:07.089" />
  <attribute name="elasticGC enabled" value="1" />
  <attribute name= "numThreadsSpecified" value="16" />
  <attribute name="heapSize specified" value="0" />
  <attribute name="Current GC Util" value="322" />
  <attribute name= "Current Time Running" value="218462" />
  <attribute name ="GC Interval" value="0" />
  <attribute name="Target GC Util Change" value ="80.000000" />
  <attribute name="Current GC Util Change" value="322.000000"/>
  <attribute name="Current Error" value="-201.000000" />
  <attribute name="Output H" value="220276408"/>
  <attribute name="Output I" value="1656"/>
  <attribute name="Output T" value="16"/>
  <attribute name= "Current Time Running" value="218462" />
  <attribute name="GC Util currently" value="322" />
  <attribute name="CPU Util currently" value="807375261469" />
<exclusive-end id="4771" timestamp="2019-08-08T12:53:07.089" durationms="15.893" />

<exclusive-start id="4772" timestamp="2019-08-08T12:53:07.140" intervalms="66.204">
  <response-info timems="0.432" idlems="0.432" threads="0" lastid="0000000001BCFE00" lastname="Thread-38" />
</exclusive-start>
<allocation-taxation id="4773" taxation-threshold="62914560" timestamp="2019-08-08T12:53:07.140" intervalms="65.604" />
<cycle-start id="4774" type="partial gc" contextid="0" timestamp="2019-08-08T12:53:07.140" intervalms="64.972" />
<gc-start id="4775" type="partial gc" contextid="4774" timestamp="2019-08-08T12:53:07.140">
  <mem-info id="4776" free="73400320" total="220200960" percent="33">
    <mem type="eden" free="0" total="62914560" percent="0" />
    <remembered-set count="7584" freebytes="8772864" totalbytes="8803200" percent="99" regionsoverflowed="0" regionsstable="10" regionsrebuilding="0"/>
  </mem-info>
</gc-start>
<allocation-stats totalBytes="62662848" >
  <allocated-bytes non-tlh="57368" tlh="62605480" arrayletleaf="0"/>
  <largest-consumer threadName="Thread-50" threadId="0000000001BAA700" bytes="6780696" />
</allocation-stats>
<gc-op id="4777" type="copy forward" timems="12.308" contextid="4774" timestamp="2019-08-08T12:53:07.154">
  <memory-copied type="eden" objects="9076" bytes="3616120" bytesdiscarded="561384" />
  <memory-copied type="other" objects="12" bytes="432" bytesdiscarded="0" />
  <memory-cardclean objects="2978" bytes="136520" />
  <regions eden="30" other="3" />
  <remembered-set-cleared processed="1147" cleared="568" durationms="1.411" />
  <references type="phantom" candidates="3" cleared="0" enqueued="0" />
  <stringconstants candidates="16510" cleared="0"  />
</gc-op>
<gc-op id="4778" type="classunload" timems="0.012" contextid="4774" timestamp="2019-08-08T12:53:07.154">
  <classunload-info classloadercandidates="69" classloadersunloaded="0" classesunloaded="0" anonymousclassesunloaded="0" quiescems="0.000" setupms="0.012" scanms="0.000" postms="0.000" />
</gc-op>
<gc-end id="4779" type="partial gc" contextid="4774" durationms="13.749" usertimems="33.212" systemtimems="17.732" timestamp="2019-08-08T12:53:07.154" activeThreads="16">
  <mem-info id="4780" free="134217728" total="220200960" percent="60">
    <mem type="eden" free="2113672" total="6291456" percent="33" />
    <remembered-set count="8544" freebytes="8769024" totalbytes="8803200" percent="99" regionsoverflowed="0" regionsstable="10" regionsrebuilding="0"/>
  </mem-info>
</gc-end>
<cycle-end id="4781" type="partial gc" contextid="4774" timestamp="2019-08-08T12:53:07.154" />
  <attribute name="elasticGC enabled" value="1" />
  <attribute name= "numThreadsSpecified" value="16" />
  <attribute name="heapSize specified" value="0" />
  <attribute name="Current GC Util" value="113" />
  <attribute name= "Current Time Running" value="218526" />
  <attribute name ="GC Interval" value="0" />
  <attribute name="Target GC Util Change" value ="80.000000" />
  <attribute name="Current GC Util Change" value="113.000000"/>
  <attribute name="Current Error" value="-198.000000" />
  <attribute name="Output H" value="220276416"/>
  <attribute name="Output I" value="1656"/>
  <attribute name="Output T" value="16"/>
  <attribute name= "Current Time Running" value="218526" />
  <attribute name="GC Util currently" value="113" />
  <attribute name="CPU Util currently" value="1591041778828" />
<exclusive-end id="4782" timestamp="2019-08-08T12:53:07.154" durationms="14.915" />

<exclusive-start id="4783" timestamp="2019-08-08T12:53:07.207" intervalms="66.934">
  <response-info timems="0.187" idlems="0.187" threads="0" lastid="0000000001BAA700" lastname="Thread-50" />
</exclusive-start>
<allocation-taxation id="4784" taxation-threshold="62914560" timestamp="2019-08-08T12:53:07.207" intervalms="66.921" />
<cycle-start id="4785" type="partial gc" contextid="0" timestamp="2019-08-08T12:53:07.207" intervalms="66.582" />
<gc-start id="4786" type="partial gc" contextid="4785" timestamp="2019-08-08T12:53:07.207">
  <mem-info id="4787" free="71303168" total="220200960" percent="32">
    <mem type="eden" free="0" total="62914560" percent="0" />
    <remembered-set count="8160" freebytes="8770560" totalbytes="8803200" percent="99" regionsoverflowed="0" regionsstable="10" regionsrebuilding="0"/>
  </mem-info>
</gc-start>
<allocation-stats totalBytes="62635232" >
  <allocated-bytes non-tlh="49168" tlh="62586064" arrayletleaf="0"/>
  <largest-consumer threadName="Thread-39" threadId="0000000001BD7600" bytes="7811728" />
</allocation-stats>
<gc-op id="4788" type="copy forward" timems="7.864" contextid="4785" timestamp="2019-08-08T12:53:07.216">
  <memory-copied type="eden" objects="8616" bytes="3429200" bytesdiscarded="610288" />
  <memory-copied type="other" objects="18" bytes="864" bytesdiscarded="0" />
  <memory-cardclean objects="2991" bytes="136512" />
  <regions eden="30" other="3" />
  <remembered-set-cleared processed="1156" cleared="579" durationms="0.125" />
  <references type="weak" candidates="1" cleared="0" enqueued="0" />
  <references type="phantom" candidates="3" cleared="0" enqueued="0" />
  <stringconstants candidates="16510" cleared="0"  />
</gc-op>
<gc-op id="4789" type="classunload" timems="0.016" contextid="4785" timestamp="2019-08-08T12:53:07.216">
  <classunload-info classloadercandidates="69" classloadersunloaded="0" classesunloaded="0" anonymousclassesunloaded="0" quiescems="0.000" setupms="0.015" scanms="0.000" postms="0.000" />
</gc-op>
<gc-end id="4790" type="partial gc" contextid="4785" durationms="8.870" usertimems="18.198" systemtimems="11.281" timestamp="2019-08-08T12:53:07.216" activeThreads="16">
  <mem-info id="4791" free="134217728" total="220200960" percent="60">
    <mem type="eden" free="154552" total="4194304" percent="3" />
    <remembered-set count="7520" freebytes="8773120" totalbytes="8803200" percent="99" regionsoverflowed="0" regionsstable="10" regionsrebuilding="0"/>
  </mem-info>
</gc-end>
<cycle-end id="4792" type="partial gc" contextid="4785" timestamp="2019-08-08T12:53:07.216" />
  <attribute name="elasticGC enabled" value="1" />
  <attribute name= "numThreadsSpecified" value="16" />
  <attribute name="heapSize specified" value="0" />
  <attribute name="Current GC Util" value="157" />
  <attribute name= "Current Time Running" value="218592" />
  <attribute name ="GC Interval" value="0" />
  <attribute name="Target GC Util Change" value ="80.000000" />
  <attribute name="Current GC Util Change" value="157.000000"/>
  <attribute name="Current Error" value="-77.000000" />
  <attribute name="Output H" value="220276552"/>
  <attribute name="Output I" value="1872"/>
  <attribute name="Output T" value="16"/>
  <attribute name= "Current Time Running" value="218592" />
  <attribute name="GC Util currently" value="157" />
  <attribute name="CPU Util currently" value="2623250861916" />
<exclusive-end id="4793" timestamp="2019-08-08T12:53:07.216" durationms="9.964" />

<exclusive-start id="4794" timestamp="2019-08-08T12:53:07.279" intervalms="72.695">
  <response-info timems="0.439" idlems="0.439" threads="0" lastid="0000000001BA2F00" lastname="Thread-41" />
</exclusive-start>
<allocation-taxation id="4795" taxation-threshold="62914560" timestamp="2019-08-08T12:53:07.279" intervalms="72.696" />
<cycle-start id="4796" type="partial gc" contextid="0" timestamp="2019-08-08T12:53:07.279" intervalms="72.712" />
<gc-start id="4797" type="partial gc" contextid="4796" timestamp="2019-08-08T12:53:07.280">
  <mem-info id="4798" free="71303168" total="220200960" percent="32">
    <mem type="eden" free="0" total="62914560" percent="0" />
    <remembered-set count="7168" freebytes="8774528" totalbytes="8803200" percent="99" regionsoverflowed="0" regionsstable="10" regionsrebuilding="0"/>
  </mem-info>
</gc-start>
<allocation-stats totalBytes="62700352" >
  <allocated-bytes non-tlh="49168" tlh="62651184" arrayletleaf="0"/>
  <largest-consumer threadName="Thread-43" threadId="0000000001BF9100" bytes="8056024" />
</allocation-stats>
<gc-op id="4799" type="copy forward" timems="10.378" contextid="4796" timestamp="2019-08-08T12:53:07.291">
  <memory-copied type="eden" objects="8303" bytes="3316448" bytesdiscarded="428808" />
  <memory-copied type="other" objects="26" bytes="1080" bytesdiscarded="0" />
  <memory-cardclean objects="2956" bytes="135472" />
  <regions eden="30" other="2" />
  <remembered-set-cleared processed="1134" cleared="557" durationms="0.137" />
  <references type="phantom" candidates="5" cleared="0" enqueued="0" />
  <stringconstants candidates="16510" cleared="0"  />
</gc-op>
<gc-op id="4800" type="classunload" timems="0.010" contextid="4796" timestamp="2019-08-08T12:53:07.291">
  <classunload-info classloadercandidates="69" classloadersunloaded="0" classesunloaded="0" anonymousclassesunloaded="0" quiescems="0.000" setupms="0.010" scanms="0.000" postms="0.000" />
</gc-op>
<heap-resize id="4801" type="expand" space="default" amount="10485760" count="1" timems="0.067" reason="excessive time being spent in gc" timestamp="2019-08-08T12:53:07.291" />
<gc-end id="4802" type="partial gc" contextid="4796" durationms="11.792" usertimems="30.469" systemtimems="16.646" timestamp="2019-08-08T12:53:07.291" activeThreads="16">
  <mem-info id="4803" free="138412032" total="230686720" percent="60">
    <mem type="eden" free="4643072" total="8388608" percent="55" />
    <remembered-set count="11104" freebytes="9177984" totalbytes="9222400" percent="99" regionsoverflowed="0" regionsstable="10" regionsrebuilding="0"/>
  </mem-info>
</gc-end>
<cycle-end id="4804" type="partial gc" contextid="4796" timestamp="2019-08-08T12:53:07.292" />
  <attribute name="elasticGC enabled" value="1" />
  <attribute name= "numThreadsSpecified" value="16" />
  <attribute name="heapSize specified" value="0" />
  <attribute name="Current GC Util" value="0" />
  <attribute name= "Current Time Running" value="218665" />
  <attribute name ="GC Interval" value="0" />
  <attribute name="Target GC Util Change" value ="80.000000" />
  <attribute name="Current GC Util Change" value="0.000000"/>
  <attribute name="Current Error" value="54.000000" />
  <attribute name="Output H" value="220276704"/>
  <attribute name="Output I" value="2104"/>
  <attribute name="Output T" value="16"/>
  <attribute name= "Current Time Running" value="218665" />
  <attribute name="GC Util currently" value="0" />
  <attribute name="CPU Util currently" value="3025159013857" />
<exclusive-end id="4805" timestamp="2019-08-08T12:53:07.292" durationms="12.665" />

<exclusive-start id="4806" timestamp="2019-08-08T12:53:07.331" intervalms="52.127">
  <response-info timems="2.244" idlems="0.574" threads="4" lastid="0000000001BCC200" lastname="Thread-45" />
</exclusive-start>
<allocation-taxation id="4807" taxation-threshold="65011712" timestamp="2019-08-08T12:53:07.331" intervalms="52.140" />
<cycle-start id="4808" type="partial gc" contextid="0" timestamp="2019-08-08T12:53:07.332" intervalms="52.181" />
<gc-start id="4809" type="partial gc" contextid="4808" timestamp="2019-08-08T12:53:07.332">
  <mem-info id="4810" free="73400320" total="230686720" percent="31">
    <mem type="eden" free="0" total="65011712" percent="0" />
    <remembered-set count="10624" freebytes="9179904" totalbytes="9222400" percent="99" regionsoverflowed="0" regionsstable="10" regionsrebuilding="0"/>
  </mem-info>
</gc-start>
<allocation-stats totalBytes="64837520" >
  <allocated-bytes non-tlh="49168" tlh="64788352" arrayletleaf="0"/>
  <largest-consumer threadName="Thread-52" threadId="0000000001BEDD00" bytes="7386856" />
</allocation-stats>
<gc-op id="4811" type="copy forward" timems="10.790" contextid="4808" timestamp="2019-08-08T12:53:07.344">
  <memory-copied type="eden" objects="9414" bytes="3703744" bytesdiscarded="706640" />
  <memory-copied type="other" objects="427" bytes="188400" bytesdiscarded="15992" />
  <memory-cardclean objects="2947" bytes="135624" />
  <regions eden="31" other="5" />
  <remembered-set-cleared processed="1109" cleared="534" durationms="1.446" />
  <references type="phantom" candidates="3" cleared="0" enqueued="0" />
  <stringconstants candidates="16510" cleared="0"  />
</gc-op>
<gc-op id="4812" type="classunload" timems="0.011" contextid="4808" timestamp="2019-08-08T12:53:07.344">
  <classunload-info classloadercandidates="69" classloadersunloaded="0" classesunloaded="0" anonymousclassesunloaded="0" quiescems="0.000" setupms="0.010" scanms="0.000" postms="0.000" />
</gc-op>
<gc-end id="4813" type="partial gc" contextid="4808" durationms="12.157" usertimems="38.756" systemtimems="5.293" timestamp="2019-08-08T12:53:07.344" activeThreads="16">
  <mem-info id="4814" free="138412032" total="230686720" percent="60">
    <mem type="eden" free="1880808" total="6291456" percent="29" />
    <remembered-set count="9056" freebytes="9186176" totalbytes="9222400" percent="99" regionsoverflowed="0" regionsstable="10" regionsrebuilding="0"/>
  </mem-info>
</gc-end>
<cycle-end id="4815" type="partial gc" contextid="4808" timestamp="2019-08-08T12:53:07.344" />
  <attribute name="elasticGC enabled" value="1" />
  <attribute name= "numThreadsSpecified" value="16" />
  <attribute name="heapSize specified" value="0" />
  <attribute name="Current GC Util" value="93" />
  <attribute name= "Current Time Running" value="218718" />
  <attribute name ="GC Interval" value="0" />
  <attribute name="Target GC Util Change" value ="80.000000" />
  <attribute name="Current GC Util Change" value="93.000000"/>
  <attribute name="Current Error" value="52.000000" />
  <attribute name="Output H" value="230762464"/>
  <attribute name="Output I" value="2104"/>
  <attribute name="Output T" value="16"/>
  <attribute name= "Current Time Running" value="218718" />
  <attribute name="GC Util currently" value="93" />
  <attribute name="CPU Util currently" value="1296534627891" />
<exclusive-end id="4816" timestamp="2019-08-08T12:53:07.345" durationms="13.259" />

<exclusive-start id="4817" timestamp="2019-08-08T12:53:07.437" intervalms="106.168">
  <response-info timems="0.826" idlems="0.323" threads="7" lastid="0000000001BEDD00" lastname="Thread-52" />
</exclusive-start>
<allocation-taxation id="4818" taxation-threshold="65011712" timestamp="2019-08-08T12:53:07.438" intervalms="106.166" />
<cycle-start id="4819" type="partial gc" contextid="0" timestamp="2019-08-08T12:53:07.438" intervalms="106.158" />
<gc-start id="4820" type="partial gc" contextid="4819" timestamp="2019-08-08T12:53:07.438">
  <mem-info id="4821" free="73400320" total="230686720" percent="31">
    <mem type="eden" free="0" total="65011712" percent="0" />
    <remembered-set count="8832" freebytes="9187072" totalbytes="9222400" percent="99" regionsoverflowed="0" regionsstable="10" regionsrebuilding="0"/>
  </mem-info>
</gc-start>
<allocation-stats totalBytes="64765968" >
  <allocated-bytes non-tlh="65560" tlh="64700408" arrayletleaf="0"/>
  <largest-consumer threadName="Thread-52" threadId="0000000001BEDD00" bytes="7062192" />
</allocation-stats>
<gc-op id="4822" type="copy forward" timems="11.985" contextid="4819" timestamp="2019-08-08T12:53:07.451">
  <memory-copied type="eden" objects="9304" bytes="3681112" bytesdiscarded="648648" />
  <memory-copied type="other" objects="34" bytes="1744" bytesdiscarded="0" />
  <memory-cardclean objects="2997" bytes="137800" />
  <regions eden="31" other="5" />
  <remembered-set-cleared processed="1178" cleared="606" durationms="0.215" />
  <references type="weak" candidates="1" cleared="0" enqueued="0" />
  <references type="phantom" candidates="6" cleared="0" enqueued="0" />
  <stringconstants candidates="16510" cleared="0"  />
</gc-op>
<gc-op id="4823" type="classunload" timems="0.012" contextid="4819" timestamp="2019-08-08T12:53:07.451">
  <classunload-info classloadercandidates="69" classloadersunloaded="0" classesunloaded="0" anonymousclassesunloaded="0" quiescems="0.000" setupms="0.012" scanms="0.000" postms="0.000" />
</gc-op>
<heap-resize id="4824" type="expand" space="default" amount="6291456" count="1" timems="0.062" reason="excessive time being spent in gc" timestamp="2019-08-08T12:53:07.451" />
<gc-end id="4825" type="partial gc" contextid="4819" durationms="13.461" usertimems="32.022" systemtimems="12.677" timestamp="2019-08-08T12:53:07.451" activeThreads="16">
  <mem-info id="4826" free="142606336" total="236978176" percent="60">
    <mem type="eden" free="1961408" total="6291456" percent="31" />
    <remembered-set count="8544" freebytes="9439744" totalbytes="9473920" percent="99" regionsoverflowed="0" regionsstable="10" regionsrebuilding="0"/>
  </mem-info>
</gc-end>
<cycle-end id="4827" type="partial gc" contextid="4819" timestamp="2019-08-08T12:53:07.452" />
  <attribute name="elasticGC enabled" value="1" />
  <attribute name= "numThreadsSpecified" value="16" />
  <attribute name="heapSize specified" value="0" />
  <attribute name="Current GC Util" value="92" />
  <attribute name= "Current Time Running" value="218824" />
  <attribute name ="GC Interval" value="0" />
  <attribute name="Target GC Util Change" value ="80.000000" />
  <attribute name="Current GC Util Change" value="92.000000"/>
  <attribute name="Current Error" value="-12.000000" />
  <attribute name="Output H" value="230762392"/>
  <attribute name="Output I" value="1992"/>
  <attribute name="Output T" value="16"/>
  <attribute name= "Current Time Running" value="218824" />
  <attribute name="GC Util currently" value="92" />
  <attribute name="CPU Util currently" value="1272759301268" />
<exclusive-end id="4828" timestamp="2019-08-08T12:53:07.452" durationms="14.383" />

<exclusive-start id="4829" timestamp="2019-08-08T12:53:07.551" intervalms="113.524">
  <response-info timems="5.317" idlems="5.317" threads="0" lastid="0000000001BD7600" lastname="Thread-39" />
</exclusive-start>
<allocation-taxation id="4830" taxation-threshold="67108864" timestamp="2019-08-08T12:53:07.551" intervalms="113.508" />
<cycle-start id="4831" type="partial gc" contextid="0" timestamp="2019-08-08T12:53:07.551" intervalms="113.501" />
<gc-start id="4832" type="partial gc" contextid="4831" timestamp="2019-08-08T12:53:07.551">
  <mem-info id="4833" free="75497472" total="236978176" percent="31">
    <mem type="eden" free="0" total="67108864" percent="0" />
    <remembered-set count="8416" freebytes="9440256" totalbytes="9473920" percent="99" regionsoverflowed="0" regionsstable="10" regionsrebuilding="0"/>
  </mem-info>
</gc-start>
<allocation-stats totalBytes="66877224" >
  <allocated-bytes non-tlh="32776" tlh="66844448" arrayletleaf="0"/>
  <largest-consumer threadName="Thread-52" threadId="0000000001BEDD00" bytes="6326032" />
</allocation-stats>
<gc-op id="4834" type="copy forward" timems="8.994" contextid="4831" timestamp="2019-08-08T12:53:07.561">
  <memory-copied type="eden" objects="9611" bytes="3686032" bytesdiscarded="742616" />
  <memory-copied type="other" objects="23" bytes="1056" bytesdiscarded="0" />
  <memory-cardclean objects="2987" bytes="136096" />
  <regions eden="32" other="4" />
  <remembered-set-cleared processed="1145" cleared="568" durationms="0.139" />
  <references type="weak" candidates="1" cleared="0" enqueued="0" />
  <references type="phantom" candidates="4" cleared="0" enqueued="0" />
  <stringconstants candidates="16510" cleared="0"  />
</gc-op>
<gc-op id="4835" type="classunload" timems="0.011" contextid="4831" timestamp="2019-08-08T12:53:07.561">
  <classunload-info classloadercandidates="69" classloadersunloaded="0" classesunloaded="0" anonymousclassesunloaded="0" quiescems="0.000" setupms="0.010" scanms="0.000" postms="0.000" />
</gc-op>
<heap-resize id="4836" type="expand" space="default" amount="4194304" count="1" timems="0.116" reason="excessive time being spent in gc" timestamp="2019-08-08T12:53:07.562" />
<gc-end id="4837" type="partial gc" contextid="4831" durationms="10.356" usertimems="23.222" systemtimems="10.705" timestamp="2019-08-08T12:53:07.562" activeThreads="16">
  <mem-info id="4838" free="144703488" total="241172480" percent="60">
    <mem type="eden" free="1862536" total="6291456" percent="29" />
    <remembered-set count="8576" freebytes="9607296" totalbytes="9641600" percent="99" regionsoverflowed="0" regionsstable="10" regionsrebuilding="0"/>
  </mem-info>
</gc-end>
<cycle-end id="4839" type="partial gc" contextid="4831" timestamp="2019-08-08T12:53:07.562" />
  <attribute name="elasticGC enabled" value="1" />
  <attribute name= "numThreadsSpecified" value="16" />
  <attribute name="heapSize specified" value="0" />
  <attribute name="Current GC Util" value="88" />
  <attribute name= "Current Time Running" value="218937" />
  <attribute name ="GC Interval" value="0" />
  <attribute name="Target GC Util Change" value ="80.000000" />
  <attribute name="Current GC Util Change" value="88.000000"/>
  <attribute name="Current Error" value="37.000000" />
  <attribute name="Output H" value="237053904"/>
  <attribute name="Output I" value="2080"/>
  <attribute name="Output T" value="16"/>
  <attribute name= "Current Time Running" value="218937" />
  <attribute name="GC Util currently" value="88" />
  <attribute name="CPU Util currently" value="1512147023228" />
<exclusive-end id="4840" timestamp="2019-08-08T12:53:07.562" durationms="11.333" />

<exclusive-start id="4841" timestamp="2019-08-08T12:53:07.630" intervalms="78.718">
  <response-info timems="0.324" idlems="0.324" threads="0" lastid="0000000001BCFE00" lastname="Thread-38" />
</exclusive-start>
<allocation-taxation id="4842" taxation-threshold="67108864" timestamp="2019-08-08T12:53:07.630" intervalms="78.745" />
<cycle-start id="4843" type="partial gc" contextid="0" timestamp="2019-08-08T12:53:07.630" intervalms="78.741" />
<gc-start id="4844" type="partial gc" contextid="4843" timestamp="2019-08-08T12:53:07.630">
  <mem-info id="4845" free="77594624" total="241172480" percent="32">
    <mem type="eden" free="0" total="67108864" percent="0" />
    <remembered-set count="8448" freebytes="9607808" totalbytes="9641600" percent="99" regionsoverflowed="0" regionsstable="10" regionsrebuilding="0"/>
  </mem-info>
</gc-start>
<allocation-stats totalBytes="66832824" >
  <allocated-bytes non-tlh="163888" tlh="66668936" arrayletleaf="0"/>
  <largest-consumer threadName="Thread-39" threadId="0000000001BD7600" bytes="8226152" />
</allocation-stats>
<gc-op id="4846" type="copy forward" timems="9.679" contextid="4843" timestamp="2019-08-08T12:53:07.643">
  <memory-copied type="eden" objects="9126" bytes="3742048" bytesdiscarded="742528" />
  <memory-copied type="other" objects="25" bytes="976" bytesdiscarded="0" />
  <memory-cardclean objects="2990" bytes="136120" />
  <regions eden="32" other="4" />
  <remembered-set-cleared processed="1163" cleared="584" durationms="0.248" />
  <references type="phantom" candidates="4" cleared="0" enqueued="0" />
  <stringconstants candidates="16510" cleared="0"  />
</gc-op>
<gc-op id="4847" type="classunload" timems="0.010" contextid="4843" timestamp="2019-08-08T12:53:07.643">
  <classunload-info classloadercandidates="69" classloadersunloaded="0" classesunloaded="0" anonymousclassesunloaded="0" quiescems="0.000" setupms="0.010" scanms="0.000" postms="0.000" />
</gc-op>
<gc-end id="4848" type="partial gc" contextid="4843" durationms="13.099" usertimems="36.267" systemtimems="9.983" timestamp="2019-08-08T12:53:07.643" activeThreads="16">
  <mem-info id="4849" free="140509184" total="241172480" percent="58">
    <mem type="eden" free="3903744" total="8388608" percent="46" />
    <remembered-set count="10144" freebytes="9601024" totalbytes="9641600" percent="99" regionsoverflowed="0" regionsstable="10" regionsrebuilding="0"/>
  </mem-info>
</gc-end>
<cycle-end id="4850" type="partial gc" contextid="4843" timestamp="2019-08-08T12:53:07.644" />
  <attribute name="elasticGC enabled" value="1" />
  <attribute name= "numThreadsSpecified" value="16" />
  <attribute name="heapSize specified" value="0" />
  <attribute name="Current GC Util" value="155" />
  <attribute name= "Current Time Running" value="219018" />
  <attribute name ="GC Interval" value="0" />
  <attribute name="Target GC Util Change" value ="80.000000" />
  <attribute name="Current GC Util Change" value="155.000000"/>
  <attribute name="Current Error" value="13.000000" />
  <attribute name="Output H" value="241248176"/>
  <attribute name="Output I" value="2032"/>
  <attribute name="Output T" value="16"/>
  <attribute name= "Current Time Running" value="219018" />
  <attribute name="GC Util currently" value="155" />
  <attribute name="CPU Util currently" value="389439943865" />
<exclusive-end id="4851" timestamp="2019-08-08T12:53:07.644" durationms="13.907" />

<exclusive-start id="4852" timestamp="2019-08-08T12:53:07.688" intervalms="58.364">
  <response-info timems="1.375" idlems="1.375" threads="0" lastid="0000000001BB1F00" lastname="Thread-42" />
</exclusive-start>
<allocation-taxation id="4853" taxation-threshold="67108864" timestamp="2019-08-08T12:53:07.688" intervalms="58.360" />
<cycle-start id="4854" type="partial gc" contextid="0" timestamp="2019-08-08T12:53:07.688" intervalms="58.338" />
<gc-start id="4855" type="partial gc" contextid="4854" timestamp="2019-08-08T12:53:07.688">
  <mem-info id="4856" free="73400320" total="241172480" percent="30">
    <mem type="eden" free="0" total="67108864" percent="0" />
    <remembered-set count="10144" freebytes="9601024" totalbytes="9641600" percent="99" regionsoverflowed="0" regionsstable="10" regionsrebuilding="0"/>
  </mem-info>
</gc-start>
<allocation-stats totalBytes="66892984" >
  <allocated-bytes non-tlh="32784" tlh="66860200" arrayletleaf="0"/>
  <largest-consumer threadName="Thread-52" threadId="0000000001BEDD00" bytes="6965272" />
</allocation-stats>
<gc-op id="4857" type="copy forward" timems="15.023" contextid="4854" timestamp="2019-08-08T12:53:07.705">
  <memory-copied type="eden" objects="9436" bytes="3728752" bytesdiscarded="791952" />
  <memory-copied type="other" objects="20" bytes="720" bytesdiscarded="0" />
  <memory-cardclean objects="3004" bytes="137704" />
  <regions eden="32" other="5" />
  <remembered-set-cleared processed="1161" cleared="583" durationms="0.285" />
  <references type="phantom" candidates="1" cleared="0" enqueued="0" />
  <stringconstants candidates="16510" cleared="0"  />
</gc-op>
<gc-op id="4858" type="classunload" timems="0.015" contextid="4854" timestamp="2019-08-08T12:53:07.705">
  <classunload-info classloadercandidates="69" classloadersunloaded="0" classesunloaded="0" anonymousclassesunloaded="0" quiescems="0.000" setupms="0.015" scanms="0.000" postms="0.000" />
</gc-op>
<heap-resize id="4859" type="expand" space="default" amount="10485760" count="1" timems="0.081" reason="excessive time being spent in gc" timestamp="2019-08-08T12:53:07.705" />
<gc-end id="4860" type="partial gc" contextid="4854" durationms="16.541" usertimems="38.283" systemtimems="18.608" timestamp="2019-08-08T12:53:07.705" activeThreads="16">
  <mem-info id="4861" free="150994944" total="251658240" percent="60">
    <mem type="eden" free="1770496" total="6291456" percent="28" />
    <remembered-set count="10144" freebytes="10020224" totalbytes="10060800" percent="99" regionsoverflowed="0" regionsstable="10" regionsrebuilding="0"/>
  </mem-info>
</gc-end>
<cycle-end id="4862" type="partial gc" contextid="4854" timestamp="2019-08-08T12:53:07.705" />
  <attribute name="elasticGC enabled" value="1" />
  <attribute name= "numThreadsSpecified" value="16" />
  <attribute name="heapSize specified" value="0" />
  <attribute name="Current GC Util" value="79" />
  <attribute name= "Current Time Running" value="219074" />
  <attribute name ="GC Interval" value="0" />
  <attribute name="Target GC Util Change" value ="80.000000" />
  <attribute name="Current GC Util Change" value="79.000000"/>
  <attribute name="Current Error" value="1.000000" />
  <attribute name="Output H" value="241248168"/>
  <attribute name="Output I" value="2016"/>
  <attribute name="Output T" value="16"/>
  <attribute name= "Current Time Running" value="219074" />
  <attribute name="GC Util currently" value="79" />
  <attribute name="CPU Util currently" value="1373663626067" />
<exclusive-end id="4863" timestamp="2019-08-08T12:53:07.705" durationms="17.348" />

<exclusive-start id="4864" timestamp="2019-08-08T12:53:07.771" intervalms="83.392">
  <response-info timems="0.967" idlems="0.967" threads="0" lastid="0000000001BD3A00" lastname="Thread-49" />
</exclusive-start>
<allocation-taxation id="4865" taxation-threshold="69206016" timestamp="2019-08-08T12:53:07.772" intervalms="83.374" />
<cycle-start id="4866" type="partial gc" contextid="0" timestamp="2019-08-08T12:53:07.772" intervalms="83.370" />
<gc-start id="4867" type="partial gc" contextid="4866" timestamp="2019-08-08T12:53:07.772">
  <mem-info id="4868" free="81788928" total="251658240" percent="32">
    <mem type="eden" free="0" total="69206016" percent="0" />
    <remembered-set count="10048" freebytes="10020608" totalbytes="10060800" percent="99" regionsoverflowed="0" regionsstable="10" regionsrebuilding="0"/>
  </mem-info>
</gc-start>
<allocation-stats totalBytes="69060392" >
  <allocated-bytes non-tlh="98328" tlh="68962064" arrayletleaf="0"/>
  <largest-consumer threadName="Thread-41" threadId="0000000001BA2F00" bytes="7221488" />
</allocation-stats>
<gc-op id="4869" type="copy forward" timems="12.482" contextid="4866" timestamp="2019-08-08T12:53:07.785">
  <memory-copied type="eden" objects="10623" bytes="4197760" bytesdiscarded="880216" />
  <memory-copied type="other" objects="481" bytes="243976" bytesdiscarded="21984" />
  <memory-cardclean objects="3016" bytes="138296" />
  <regions eden="33" other="5" />
  <remembered-set-cleared processed="1170" cleared="616" durationms="0.154" />
  <references type="phantom" candidates="1" cleared="0" enqueued="0" />
  <stringconstants candidates="16510" cleared="0"  />
</gc-op>
<gc-op id="4870" type="classunload" timems="0.011" contextid="4866" timestamp="2019-08-08T12:53:07.785">
  <classunload-info classloadercandidates="69" classloadersunloaded="0" classesunloaded="0" anonymousclassesunloaded="0" quiescems="0.000" setupms="0.011" scanms="0.000" postms="0.000" />
</gc-op>
<heap-resize id="4871" type="expand" space="default" amount="6291456" count="1" timems="0.063" reason="excessive time being spent in gc" timestamp="2019-08-08T12:53:07.786" />
<gc-end id="4872" type="partial gc" contextid="4866" durationms="13.641" usertimems="52.399" systemtimems="12.051" timestamp="2019-08-08T12:53:07.786" activeThreads="16">
  <mem-info id="4873" free="155189248" total="257949696" percent="60">
    <mem type="eden" free="1213216" total="6291456" percent="19" />
    <remembered-set count="9440" freebytes="10274560" totalbytes="10312320" percent="99" regionsoverflowed="0" regionsstable="10" regionsrebuilding="0"/>
  </mem-info>
</gc-end>
<cycle-end id="4874" type="partial gc" contextid="4866" timestamp="2019-08-08T12:53:07.786" />
  <attribute name="elasticGC enabled" value="1" />
  <attribute name= "numThreadsSpecified" value="16" />
  <attribute name="heapSize specified" value="0" />
  <attribute name="Current GC Util" value="79" />
  <attribute name= "Current Time Running" value="219158" />
  <attribute name ="GC Interval" value="0" />
  <attribute name="Target GC Util Change" value ="80.000000" />
  <attribute name="Current GC Util Change" value="79.000000"/>
  <attribute name="Current Error" value="36.000000" />
  <attribute name="Output H" value="251733968"/>
  <attribute name="Output I" value="2072"/>
  <attribute name="Output T" value="16"/>
  <attribute name= "Current Time Running" value="219158" />
  <attribute name="GC Util currently" value="79" />
  <attribute name="CPU Util currently" value="1371588195410" />
<exclusive-end id="4875" timestamp="2019-08-08T12:53:07.786" durationms="14.437" />

<exclusive-start id="4876" timestamp="2019-08-08T12:53:07.869" intervalms="97.217">
  <response-info timems="0.613" idlems="0.613" threads="0" lastid="0000000001BC0E00" lastname="Thread-37" />
</exclusive-start>
<allocation-taxation id="4877" taxation-threshold="71303168" timestamp="2019-08-08T12:53:07.869" intervalms="97.240" />
<cycle-start id="4878" type="partial gc" contextid="0" timestamp="2019-08-08T12:53:07.869" intervalms="97.268" />
<gc-start id="4879" type="partial gc" contextid="4878" timestamp="2019-08-08T12:53:07.871">
  <mem-info id="4880" free="83886080" total="257949696" percent="32">
    <mem type="eden" free="0" total="71303168" percent="0" />
    <remembered-set count="9184" freebytes="10275584" totalbytes="10312320" percent="99" regionsoverflowed="0" regionsstable="10" regionsrebuilding="0"/>
  </mem-info>
</gc-start>
<allocation-stats totalBytes="71181128" >
  <allocated-bytes non-tlh="32776" tlh="71148352" arrayletleaf="0"/>
  <largest-consumer threadName="Thread-42" threadId="0000000001BB1F00" bytes="7620176" />
</allocation-stats>
<gc-op id="4881" type="copy forward" timems="9.670" contextid="4878" timestamp="2019-08-08T12:53:07.882">
  <memory-copied type="eden" objects="8689" bytes="3356320" bytesdiscarded="702056" />
  <memory-copied type="other" objects="34" bytes="1736" bytesdiscarded="0" />
  <memory-cardclean objects="3042" bytes="139280" />
  <regions eden="34" other="4" />
  <remembered-set-cleared processed="1219" cleared="644" durationms="0.137" />
  <references type="weak" candidates="2" cleared="0" enqueued="0" />
  <references type="phantom" candidates="3" cleared="0" enqueued="0" />
  <stringconstants candidates="16510" cleared="0"  />
</gc-op>
<gc-op id="4882" type="classunload" timems="0.013" contextid="4878" timestamp="2019-08-08T12:53:07.882">
  <classunload-info classloadercandidates="69" classloadersunloaded="0" classesunloaded="0" anonymousclassesunloaded="0" quiescems="0.000" setupms="0.012" scanms="0.000" postms="0.000" />
</gc-op>
<gc-end id="4883" type="partial gc" contextid="4878" durationms="11.507" usertimems="38.986" systemtimems="15.136" timestamp="2019-08-08T12:53:07.883" activeThreads="16">
  <mem-info id="4884" free="155189248" total="257949696" percent="60">
    <mem type="eden" free="135688" total="4194304" percent="3" />
    <remembered-set count="10080" freebytes="10272000" totalbytes="10312320" percent="99" regionsoverflowed="0" regionsstable="10" regionsrebuilding="0"/>
  </mem-info>
</gc-end>
<cycle-end id="4885" type="partial gc" contextid="4878" timestamp="2019-08-08T12:53:07.883" />
  <attribute name="elasticGC enabled" value="1" />
  <attribute name= "numThreadsSpecified" value="16" />
  <attribute name="heapSize specified" value="0" />
  <attribute name="Current GC Util" value="137" />
  <attribute name= "Current Time Running" value="219257" />
  <attribute name ="GC Interval" value="0" />
  <attribute name="Target GC Util Change" value ="80.000000" />
  <attribute name="Current GC Util Change" value="137.000000"/>
  <attribute name="Current Error" value="21.000000" />
  <attribute name="Output H" value="258025400"/>
  <attribute name="Output I" value="2048"/>
  <attribute name="Output T" value="16"/>
  <attribute name= "Current Time Running" value="219257" />
  <attribute name="GC Util currently" value="137" />
  <attribute name="CPU Util currently" value="2185985183444" />
<exclusive-end id="4886" timestamp="2019-08-08T12:53:07.883" durationms="14.539" />

<exclusive-start id="4887" timestamp="2019-08-08T12:53:07.938" intervalms="69.175">
  <response-info timems="2.678" idlems="2.678" threads="0" lastid="0000000001BC8600" lastname="Thread-40" />
</exclusive-start>
<allocation-taxation id="4888" taxation-threshold="71303168" timestamp="2019-08-08T12:53:07.938" intervalms="69.170" />
<cycle-start id="4889" type="partial gc" contextid="0" timestamp="2019-08-08T12:53:07.938" intervalms="69.266" />
<gc-start id="4890" type="partial gc" contextid="4889" timestamp="2019-08-08T12:53:07.938">
  <mem-info id="4891" free="83886080" total="257949696" percent="32">
    <mem type="eden" free="0" total="71303168" percent="0" />
    <remembered-set count="9600" freebytes="10273920" totalbytes="10312320" percent="99" regionsoverflowed="0" regionsstable="10" regionsrebuilding="0"/>
  </mem-info>
</gc-start>
<allocation-stats totalBytes="71140592" >
  <allocated-bytes non-tlh="90144" tlh="71050448" arrayletleaf="0"/>
  <largest-consumer threadName="Thread-37" threadId="0000000001BC0E00" bytes="11106568" />
</allocation-stats>
<gc-op id="4892" type="copy forward" timems="10.312" contextid="4889" timestamp="2019-08-08T12:53:07.951">
  <memory-copied type="eden" objects="9113" bytes="3676720" bytesdiscarded="611752" />
  <memory-copied type="other" objects="494" bytes="247328" bytesdiscarded="39664" />
  <memory-cardclean objects="3089" bytes="141656" />
  <regions eden="34" other="4" />
  <remembered-set-cleared processed="1126" cleared="596" durationms="0.502" />
  <references type="weak" candidates="1" cleared="0" enqueued="0" />
  <references type="phantom" candidates="4" cleared="0" enqueued="0" />
  <stringconstants candidates="16510" cleared="0"  />
</gc-op>
<gc-op id="4893" type="classunload" timems="0.086" contextid="4889" timestamp="2019-08-08T12:53:07.951">
  <classunload-info classloadercandidates="69" classloadersunloaded="0" classesunloaded="0" anonymousclassesunloaded="0" quiescems="0.000" setupms="0.086" scanms="0.000" postms="0.000" />
</gc-op>
<heap-resize id="4894" type="expand" space="default" amount="10485760" count="1" timems="0.071" reason="excessive time being spent in gc" timestamp="2019-08-08T12:53:07.951" />
<gc-end id="4895" type="partial gc" contextid="4889" durationms="12.634" usertimems="33.568" systemtimems="14.779" timestamp="2019-08-08T12:53:07.951" activeThreads="16">
  <mem-info id="4896" free="161480704" total="268435456" percent="60">
    <mem type="eden" free="2002704" total="6291456" percent="31" />
    <remembered-set count="9760" freebytes="10692480" totalbytes="10731520" percent="99" regionsoverflowed="0" regionsstable="10" regionsrebuilding="0"/>
  </mem-info>
</gc-end>
<cycle-end id="4897" type="partial gc" contextid="4889" timestamp="2019-08-08T12:53:07.951" />
  <attribute name="elasticGC enabled" value="1" />
  <attribute name= "numThreadsSpecified" value="16" />
  <attribute name="heapSize specified" value="0" />
  <attribute name="Current GC Util" value="176" />
  <attribute name= "Current Time Running" value="219325" />
  <attribute name ="GC Interval" value="0" />
  <attribute name="Target GC Util Change" value ="80.000000" />
  <attribute name="Current GC Util Change" value="176.000000"/>
  <attribute name="Current Error" value="-96.000000" />
  <attribute name="Output H" value="258025272"/>
  <attribute name="Output I" value="1840"/>
  <attribute name="Output T" value="16"/>
  <attribute name= "Current Time Running" value="219325" />
  <attribute name="GC Util currently" value="176" />
  <attribute name="CPU Util currently" value="1057119885704" />
<exclusive-end id="4898" timestamp="2019-08-08T12:53:07.952" durationms="13.621" />

<exclusive-start id="4899" timestamp="2019-08-08T12:53:08.009" intervalms="70.699">
  <response-info timems="5.674" idlems="5.674" threads="0" lastid="0000000001BC0E00" lastname="Thread-37" />
</exclusive-start>
<allocation-taxation id="4900" taxation-threshold="73400320" timestamp="2019-08-08T12:53:08.009" intervalms="70.682" />
<cycle-start id="4901" type="partial gc" contextid="0" timestamp="2019-08-08T12:53:08.009" intervalms="70.628" />
<gc-start id="4902" type="partial gc" contextid="4901" timestamp="2019-08-08T12:53:08.010">
  <mem-info id="4903" free="88080384" total="268435456" percent="32">
    <mem type="eden" free="0" total="73400320" percent="0" />
    <remembered-set count="9568" freebytes="10693248" totalbytes="10731520" percent="99" regionsoverflowed="0" regionsstable="10" regionsrebuilding="0"/>
  </mem-info>
</gc-start>
<allocation-stats totalBytes="73269832" >
  <allocated-bytes non-tlh="40984" tlh="73228848" arrayletleaf="0"/>
  <largest-consumer threadName="Thread-52" threadId="0000000001BEDD00" bytes="8993600" />
</allocation-stats>
<gc-op id="4904" type="copy forward" timems="7.999" contextid="4901" timestamp="2019-08-08T12:53:08.019">
  <memory-copied type="eden" objects="9665" bytes="3878864" bytesdiscarded="789984" />
  <memory-copied type="other" objects="22" bytes="920" bytesdiscarded="672" />
  <memory-cardclean objects="3012" bytes="138352" />
  <regions eden="35" other="4" />
  <remembered-set-cleared processed="1173" cleared="597" durationms="0.122" />
  <references type="weak" candidates="1" cleared="0" enqueued="0" />
  <references type="phantom" candidates="2" cleared="0" enqueued="0" />
  <stringconstants candidates="16510" cleared="0"  />
</gc-op>
<gc-op id="4905" type="classunload" timems="0.015" contextid="4901" timestamp="2019-08-08T12:53:08.019">
  <classunload-info classloadercandidates="69" classloadersunloaded="0" classesunloaded="0" anonymousclassesunloaded="0" quiescems="0.000" setupms="0.015" scanms="0.000" postms="0.000" />
</gc-op>
<heap-resize id="4906" type="expand" space="default" amount="4194304" count="1" timems="0.063" reason="excessive time being spent in gc" timestamp="2019-08-08T12:53:08.019" />
<gc-end id="4907" type="partial gc" contextid="4901" durationms="9.114" usertimems="24.514" systemtimems="7.776" timestamp="2019-08-08T12:53:08.019" activeThreads="16">
  <mem-info id="4908" free="163577856" total="272629760" percent="60">
    <mem type="eden" free="1622344" total="6291456" percent="25" />
    <remembered-set count="10048" freebytes="10859008" totalbytes="10899200" percent="99" regionsoverflowed="0" regionsstable="10" regionsrebuilding="0"/>
  </mem-info>
</gc-end>
<cycle-end id="4909" type="partial gc" contextid="4901" timestamp="2019-08-08T12:53:08.020" />
  <attribute name="elasticGC enabled" value="1" />
  <attribute name= "numThreadsSpecified" value="16" />
  <attribute name="heapSize specified" value="0" />
  <attribute name="Current GC Util" value="133" />
  <attribute name= "Current Time Running" value="219395" />
  <attribute name ="GC Interval" value="0" />
  <attribute name="Target GC Util Change" value ="80.000000" />
  <attribute name="Current GC Util Change" value="133.000000"/>
  <attribute name="Current Error" value="-115.000000" />
  <attribute name="Output H" value="268511008"/>
  <attribute name="Output I" value="1808"/>
  <attribute name="Output T" value="16"/>
  <attribute name= "Current Time Running" value="219395" />
  <attribute name="GC Util currently" value="133" />
  <attribute name="CPU Util currently" value="2371680603841" />
<exclusive-end id="4910" timestamp="2019-08-08T12:53:08.020" durationms="11.079" />

<exclusive-start id="4911" timestamp="2019-08-08T12:53:08.073" intervalms="64.316">
  <response-info timems="0.666" idlems="0.337" threads="1" lastid="0000000001BCC200" lastname="Thread-45" />
</exclusive-start>
<allocation-taxation id="4912" taxation-threshold="75497472" timestamp="2019-08-08T12:53:08.073" intervalms="64.338" />
<cycle-start id="4913" type="partial gc" contextid="0" timestamp="2019-08-08T12:53:08.073" intervalms="64.280" />
<gc-start id="4914" type="partial gc" contextid="4913" timestamp="2019-08-08T12:53:08.073">
  <mem-info id="4915" free="88080384" total="272629760" percent="32">
    <mem type="eden" free="0" total="75497472" percent="0" />
    <remembered-set count="9888" freebytes="10859648" totalbytes="10899200" percent="99" regionsoverflowed="0" regionsstable="10" regionsrebuilding="0"/>
  </mem-info>
</gc-start>
<allocation-stats totalBytes="75390008" >
  <allocated-bytes non-tlh="16392" tlh="75373616" arrayletleaf="0"/>
  <largest-consumer threadName="Thread-41" threadId="0000000001BA2F00" bytes="8493816" />
</allocation-stats>
<gc-op id="4916" type="copy forward" timems="15.679" contextid="4913" timestamp="2019-08-08T12:53:08.091">
  <memory-copied type="eden" objects="10201" bytes="3989448" bytesdiscarded="555240" />
  <memory-copied type="other" objects="25" bytes="1152" bytesdiscarded="0" />
  <memory-cardclean objects="3000" bytes="137832" />
  <regions eden="36" other="4" />
  <remembered-set-cleared processed="1186" cleared="608" durationms="0.173" />
  <references type="phantom" candidates="3" cleared="0" enqueued="0" />
  <stringconstants candidates="16510" cleared="0"  />
</gc-op>
<gc-op id="4917" type="classunload" timems="0.011" contextid="4913" timestamp="2019-08-08T12:53:08.091">
  <classunload-info classloadercandidates="69" classloadersunloaded="0" classesunloaded="0" anonymousclassesunloaded="0" quiescems="0.000" setupms="0.011" scanms="0.000" postms="0.000" />
</gc-op>
<heap-resize id="4918" type="expand" space="default" amount="10485760" count="1" timems="0.065" reason="excessive time being spent in gc" timestamp="2019-08-08T12:53:08.091" />
<gc-end id="4919" type="partial gc" contextid="4913" durationms="18.133" usertimems="31.090" systemtimems="23.318" timestamp="2019-08-08T12:53:08.091" activeThreads="16">
  <mem-info id="4920" free="169869312" total="283115520" percent="60">
    <mem type="eden" free="3843640" total="8388608" percent="45" />
    <remembered-set count="9568" freebytes="11280128" totalbytes="11318400" percent="99" regionsoverflowed="0" regionsstable="10" regionsrebuilding="0"/>
  </mem-info>
</gc-end>
<cycle-end id="4921" type="partial gc" contextid="4913" timestamp="2019-08-08T12:53:08.092" />
  <attribute name="elasticGC enabled" value="1" />
  <attribute name= "numThreadsSpecified" value="16" />
  <attribute name="heapSize specified" value="0" />
  <attribute name="Current GC Util" value="95" />
  <attribute name= "Current Time Running" value="219460" />
  <attribute name ="GC Interval" value="0" />
  <attribute name="Target GC Util Change" value ="80.000000" />
  <attribute name="Current GC Util Change" value="95.000000"/>
  <attribute name="Current Error" value="-88.000000" />
  <attribute name="Output H" value="272705344"/>
  <attribute name="Output I" value="1856"/>
  <attribute name="Output T" value="16"/>
  <attribute name= "Current Time Running" value="219460" />
  <attribute name="GC Util currently" value="95" />
  <attribute name="CPU Util currently" value="601533192516" />
<exclusive-end id="4922" timestamp="2019-08-08T12:53:08.092" durationms="18.997" />

<exclusive-start id="4923" timestamp="2019-08-08T12:53:08.147" intervalms="74.354">
  <response-info timems="2.515" idlems="1.273" threads="1" lastid="0000000001BAA700" lastname="Thread-50" />
</exclusive-start>
<allocation-taxation id="4924" taxation-threshold="77594624" timestamp="2019-08-08T12:53:08.147" intervalms="74.348" />
<cycle-start id="4925" type="partial gc" contextid="0" timestamp="2019-08-08T12:53:08.147" intervalms="74.346" />
<gc-start id="4926" type="partial gc" contextid="4925" timestamp="2019-08-08T12:53:08.148">
  <mem-info id="4927" free="92274688" total="283115520" percent="32">
    <mem type="eden" free="0" total="77594624" percent="0" />
    <remembered-set count="9472" freebytes="11280512" totalbytes="11318400" percent="99" regionsoverflowed="0" regionsstable="10" regionsrebuilding="0"/>
  </mem-info>
</gc-start>
<allocation-stats totalBytes="77373848" >
  <allocated-bytes non-tlh="32776" tlh="77341072" arrayletleaf="0"/>
  <largest-consumer threadName="Thread-47" threadId="0000000001BBD200" bytes="8320720" />
</allocation-stats>
<gc-op id="4928" type="copy forward" timems="5.862" contextid="4925" timestamp="2019-08-08T12:53:08.155">
  <memory-copied type="eden" objects="9113" bytes="3719344" bytesdiscarded="0" />
  <memory-copied type="other" objects="352" bytes="190864" bytesdiscarded="0" />
  <memory-cardclean objects="3021" bytes="138672" />
  <regions eden="37" other="6" />
  <remembered-set-cleared processed="1197" cleared="658" durationms="0.488" />
  <references type="phantom" candidates="3" cleared="0" enqueued="0" />
  <stringconstants candidates="16510" cleared="0"  />
</gc-op>
<gc-op id="4929" type="classunload" timems="0.011" contextid="4925" timestamp="2019-08-08T12:53:08.155">
  <classunload-info classloadercandidates="69" classloadersunloaded="0" classesunloaded="0" anonymousclassesunloaded="0" quiescems="0.000" setupms="0.011" scanms="0.000" postms="0.000" />
</gc-op>
<gc-end id="4930" type="partial gc" contextid="4925" durationms="7.472" usertimems="16.767" systemtimems="0.000" timestamp="2019-08-08T12:53:08.155" activeThreads="1">
  <mem-info id="4931" free="171966464" total="283115520" percent="60">
    <mem type="eden" free="474680" total="4194304" percent="11" />
    <remembered-set count="8416" freebytes="11284736" totalbytes="11318400" percent="99" regionsoverflowed="0" regionsstable="10" regionsrebuilding="0"/>
  </mem-info>
</gc-end>
<cycle-end id="4932" type="partial gc" contextid="4925" timestamp="2019-08-08T12:53:08.155" />
  <attribute name="elasticGC enabled" value="1" />
  <attribute name= "numThreadsSpecified" value="1" />
  <attribute name="heapSize specified" value="0" />
  <attribute name="Current GC Util" value="105" />
  <attribute name= "Current Time Running" value="219534" />
  <attribute name ="GC Interval" value="0" />
  <attribute name="Target GC Util Change" value ="80.000000" />
  <attribute name="Current GC Util Change" value="105.000000"/>
  <attribute name="Current Error" value="-25.000000" />
  <attribute name="Output H" value="283191176"/>
  <attribute name="Output I" value="1968"/>
  <attribute name="Output T" value="1"/>
  <attribute name= "Current Time Running" value="219534" />
  <attribute name="GC Util currently" value="105" />
  <attribute name="CPU Util currently" value="1663645601629" />
<exclusive-end id="4933" timestamp="2019-08-08T12:53:08.156" durationms="8.277" />

<exclusive-start id="4934" timestamp="2019-08-08T12:53:08.246" intervalms="98.720">
  <response-info timems="2.006" idlems="1.082" threads="1" lastid="0000000001BC8600" lastname="Thread-40" />
</exclusive-start>
<allocation-taxation id="4935" taxation-threshold="77594624" timestamp="2019-08-08T12:53:08.246" intervalms="98.710" />
<cycle-start id="4936" type="partial gc" contextid="0" timestamp="2019-08-08T12:53:08.246" intervalms="98.703" />
<gc-start id="4937" type="partial gc" contextid="4936" timestamp="2019-08-08T12:53:08.246">
  <mem-info id="4938" free="94371840" total="283115520" percent="33">
    <mem type="eden" free="0" total="77594624" percent="0" />
    <remembered-set count="8320" freebytes="11285120" totalbytes="11318400" percent="99" regionsoverflowed="0" regionsstable="10" regionsrebuilding="0"/>
  </mem-info>
</gc-start>
<allocation-stats totalBytes="77371800" >
  <allocated-bytes non-tlh="49168" tlh="77322632" arrayletleaf="0"/>
  <largest-consumer threadName="Thread-52" threadId="0000000001BEDD00" bytes="8154096" />
</allocation-stats>
<gc-op id="4939" type="copy forward" timems="11.818" contextid="4936" timestamp="2019-08-08T12:53:08.259">
  <memory-copied type="eden" objects="9925" bytes="4023160" bytesdiscarded="907664" />
  <memory-copied type="other" objects="25" bytes="968" bytesdiscarded="0" />
  <memory-cardclean objects="3016" bytes="138480" />
  <regions eden="37" other="3" />
  <remembered-set-cleared processed="1163" cleared="589" durationms="0.119" />
  <references type="weak" candidates="1" cleared="0" enqueued="0" />
  <references type="phantom" candidates="6" cleared="0" enqueued="0" />
  <stringconstants candidates="16510" cleared="0"  />
</gc-op>
<gc-op id="4940" type="classunload" timems="0.012" contextid="4936" timestamp="2019-08-08T12:53:08.259">
  <classunload-info classloadercandidates="69" classloadersunloaded="0" classesunloaded="0" anonymousclassesunloaded="0" quiescems="0.000" setupms="0.012" scanms="0.000" postms="0.000" />
</gc-op>
<heap-resize id="4941" type="expand" space="default" amount="6291456" count="1" timems="0.073" reason="excessive time being spent in gc" timestamp="2019-08-08T12:53:08.259" />
<gc-end id="4942" type="partial gc" contextid="4936" durationms="13.123" usertimems="40.539" systemtimems="13.139" timestamp="2019-08-08T12:53:08.259" activeThreads="16">
  <mem-info id="4943" free="174063616" total="289406976" percent="60">
    <mem type="eden" free="1360336" total="6291456" percent="21" />
    <remembered-set count="9216" freebytes="11533056" totalbytes="11569920" percent="99" regionsoverflowed="0" regionsstable="10" regionsrebuilding="0"/>
  </mem-info>
</gc-end>
<cycle-end id="4944" type="partial gc" contextid="4936" timestamp="2019-08-08T12:53:08.260" />
  <attribute name="elasticGC enabled" value="1" />
  <attribute name= "numThreadsSpecified" value="16" />
  <attribute name="heapSize specified" value="0" />
  <attribute name="Current GC Util" value="186" />
  <attribute name= "Current Time Running" value="219632" />
  <attribute name ="GC Interval" value="0" />
  <attribute name="Target GC Util Change" value ="80.000000" />
  <attribute name="Current GC Util Change" value="186.000000"/>
  <attribute name="Current Error" value="-58.000000" />
  <attribute name="Output H" value="283191136"/>
  <attribute name="Output I" value="1912"/>
  <attribute name="Output T" value="16"/>
  <attribute name= "Current Time Running" value="219632" />
  <attribute name="GC Util currently" value="186" />
  <attribute name="CPU Util currently" value="2124816852779" />
<exclusive-end id="4945" timestamp="2019-08-08T12:53:08.260" durationms="13.986" />

<exclusive-start id="4946" timestamp="2019-08-08T12:53:08.326" intervalms="79.933">
  <response-info timems="0.384" idlems="0.384" threads="0" lastid="0000000001BDED00" lastname="Thread-48" />
</exclusive-start>
<allocation-taxation id="4947" taxation-threshold="79691776" timestamp="2019-08-08T12:53:08.326" intervalms="79.956" />
<cycle-start id="4948" type="partial gc" contextid="0" timestamp="2019-08-08T12:53:08.326" intervalms="79.950" />
<gc-start id="4949" type="partial gc" contextid="4948" timestamp="2019-08-08T12:53:08.326">
  <mem-info id="4950" free="94371840" total="289406976" percent="32">
    <mem type="eden" free="0" total="79691776" percent="0" />
    <remembered-set count="8896" freebytes="11534336" totalbytes="11569920" percent="99" regionsoverflowed="0" regionsstable="10" regionsrebuilding="0"/>
  </mem-info>
</gc-start>
<allocation-stats totalBytes="79549744" >
  <allocated-bytes non-tlh="114728" tlh="79435016" arrayletleaf="0"/>
  <largest-consumer threadName="Thread-47" threadId="0000000001BBD200" bytes="7711624" />
</allocation-stats>
<gc-op id="4951" type="copy forward" timems="12.653" contextid="4948" timestamp="2019-08-08T12:53:08.341">
  <memory-copied type="eden" objects="9780" bytes="3924144" bytesdiscarded="811904" />
  <memory-copied type="other" objects="24" bytes="1120" bytesdiscarded="0" />
  <memory-cardclean objects="3019" bytes="138808" />
  <regions eden="38" other="4" />
  <remembered-set-cleared processed="1180" cleared="607" durationms="0.135" />
  <references type="phantom" candidates="5" cleared="0" enqueued="0" />
  <stringconstants candidates="16510" cleared="0"  />
</gc-op>
<gc-op id="4952" type="classunload" timems="0.017" contextid="4948" timestamp="2019-08-08T12:53:08.341">
  <classunload-info classloadercandidates="69" classloadersunloaded="0" classesunloaded="0" anonymousclassesunloaded="0" quiescems="0.000" setupms="0.017" scanms="0.000" postms="0.000" />
</gc-op>
<heap-resize id="4953" type="expand" space="default" amount="4194304" count="1" timems="0.059" reason="excessive time being spent in gc" timestamp="2019-08-08T12:53:08.341" />
<gc-end id="4954" type="partial gc" contextid="4948" durationms="14.663" usertimems="37.179" systemtimems="14.809" timestamp="2019-08-08T12:53:08.341" activeThreads="16">
  <mem-info id="4955" free="176160768" total="293601280" percent="60">
    <mem type="eden" free="1555112" total="6291456" percent="24" />
    <remembered-set count="9728" freebytes="11698688" totalbytes="11737600" percent="99" regionsoverflowed="0" regionsstable="10" regionsrebuilding="0"/>
  </mem-info>
</gc-end>
<cycle-end id="4956" type="partial gc" contextid="4948" timestamp="2019-08-08T12:53:08.341" />
  <attribute name="elasticGC enabled" value="1" />
  <attribute name= "numThreadsSpecified" value="16" />
  <attribute name="heapSize specified" value="0" />
  <attribute name="Current GC Util" value="96" />
  <attribute name= "Current Time Running" value="219713" />
  <attribute name ="GC Interval" value="0" />
  <attribute name="Target GC Util Change" value ="80.000000" />
  <attribute name="Current GC Util Change" value="96.000000"/>
  <attribute name="Current Error" value="-28.000000" />
  <attribute name="Output H" value="289482624"/>
  <attribute name="Output I" value="1960"/>
  <attribute name="Output T" value="16"/>
  <attribute name= "Current Time Running" value="219713" />
  <attribute name="GC Util currently" value="96" />
  <attribute name="CPU Util currently" value="970692332328" />
<exclusive-end id="4957" timestamp="2019-08-08T12:53:08.341" durationms="15.280" />

<exclusive-start id="4958" timestamp="2019-08-08T12:53:08.400" intervalms="74.353">
  <response-info timems="0.110" idlems="0.110" threads="0" lastid="0000000001BDB200" lastname="Thread-44" />
</exclusive-start>
<allocation-taxation id="4959" taxation-threshold="79691776" timestamp="2019-08-08T12:53:08.400" intervalms="74.326" />
<cycle-start id="4960" type="partial gc" contextid="0" timestamp="2019-08-08T12:53:08.400" intervalms="74.368" />
<gc-start id="4961" type="partial gc" contextid="4960" timestamp="2019-08-08T12:53:08.401">
  <mem-info id="4962" free="96468992" total="293601280" percent="32">
    <mem type="eden" free="0" total="79691776" percent="0" />
    <remembered-set count="9312" freebytes="11700352" totalbytes="11737600" percent="99" regionsoverflowed="0" regionsstable="10" regionsrebuilding="0"/>
  </mem-info>
</gc-start>
<allocation-stats totalBytes="79482920" >
  <allocated-bytes non-tlh="16392" tlh="79466528" arrayletleaf="0"/>
  <largest-consumer threadName="Thread-47" threadId="0000000001BBD200" bytes="9087336" />
</allocation-stats>
<gc-op id="4963" type="copy forward" timems="10.051" contextid="4960" timestamp="2019-08-08T12:53:08.413">
  <memory-copied type="eden" objects="10478" bytes="4064816" bytesdiscarded="923744" />
  <memory-copied type="other" objects="37" bytes="1664" bytesdiscarded="0" />
  <memory-cardclean objects="3031" bytes="139056" />
  <regions eden="38" other="4" />
  <remembered-set-cleared processed="1180" cleared="607" durationms="0.131" />
  <references type="phantom" candidates="1" cleared="0" enqueued="0" />
  <stringconstants candidates="16510" cleared="0"  />
</gc-op>
<gc-op id="4964" type="classunload" timems="0.015" contextid="4960" timestamp="2019-08-08T12:53:08.413">
  <classunload-info classloadercandidates="69" classloadersunloaded="0" classesunloaded="0" anonymousclassesunloaded="0" quiescems="0.000" setupms="0.014" scanms="0.000" postms="0.000" />
</gc-op>
<heap-resize id="4965" type="expand" space="default" amount="10485760" count="1" timems="0.077" reason="excessive time being spent in gc" timestamp="2019-08-08T12:53:08.414" />
<gc-end id="4966" type="partial gc" contextid="4960" durationms="12.967" usertimems="37.446" systemtimems="9.827" timestamp="2019-08-08T12:53:08.414" activeThreads="16">
  <mem-info id="4967" free="182452224" total="304087040" percent="60">
    <mem type="eden" free="3399784" total="8388608" percent="40" />
    <remembered-set count="10240" freebytes="12115840" totalbytes="12156800" percent="99" regionsoverflowed="0" regionsstable="10" regionsrebuilding="0"/>
  </mem-info>
</gc-end>
<cycle-end id="4968" type="partial gc" contextid="4960" timestamp="2019-08-08T12:53:08.414" />
  <attribute name="elasticGC enabled" value="1" />
  <attribute name= "numThreadsSpecified" value="16" />
  <attribute name="heapSize specified" value="0" />
  <attribute name="Current GC Util" value="257" />
  <attribute name= "Current Time Running" value="219788" />
  <attribute name ="GC Interval" value="0" />
  <attribute name="Target GC Util Change" value ="80.000000" />
  <attribute name="Current GC Util Change" value="257.000000"/>
  <attribute name="Current Error" value="-177.000000" />
  <attribute name="Output H" value="293676760"/>
  <attribute name="Output I" value="1696"/>
  <attribute name="Output T" value="16"/>
  <attribute name= "Current Time Running" value="219788" />
  <attribute name="GC Util currently" value="257" />
  <attribute name="CPU Util currently" value="522374785447" />
<exclusive-end id="4969" timestamp="2019-08-08T12:53:08.414" durationms="13.723" />

<exclusive-start id="4970" timestamp="2019-08-08T12:53:08.473" intervalms="72.981">
  <response-info timems="1.282" idlems="1.282" threads="0" lastid="0000000001BCFE00" lastname="Thread-38" />
</exclusive-start>
<allocation-taxation id="4971" taxation-threshold="83886080" timestamp="2019-08-08T12:53:08.473" intervalms="72.973" />
<cycle-start id="4972" type="partial gc" contextid="0" timestamp="2019-08-08T12:53:08.473" intervalms="72.935" />
<gc-start id="4973" type="partial gc" contextid="4972" timestamp="2019-08-08T12:53:08.474">
  <mem-info id="4974" free="98566144" total="304087040" percent="32">
    <mem type="eden" free="0" total="83886080" percent="0" />
    <remembered-set count="9792" freebytes="12117632" totalbytes="12156800" percent="99" regionsoverflowed="0" regionsstable="10" regionsrebuilding="0"/>
  </mem-info>
</gc-start>
<allocation-stats totalBytes="83727456" >
  <allocated-bytes non-tlh="16392" tlh="83711064" arrayletleaf="0"/>
  <largest-consumer threadName="Thread-51" threadId="0000000001BF1900" bytes="9338512" />
</allocation-stats>
<gc-op id="4975" type="copy forward" timems="11.367" contextid="4972" timestamp="2019-08-08T12:53:08.486">
  <memory-copied type="eden" objects="10283" bytes="4010216" bytesdiscarded="972568" />
  <memory-copied type="other" objects="24" bytes="1224" bytesdiscarded="0" />
  <memory-cardclean objects="3027" bytes="139328" />
  <regions eden="40" other="5" />
  <remembered-set-cleared processed="1214" cleared="642" durationms="0.134" />
  <references type="phantom" candidates="1" cleared="0" enqueued="0" />
  <stringconstants candidates="16510" cleared="0"  />
</gc-op>
<gc-op id="4976" type="classunload" timems="0.011" contextid="4972" timestamp="2019-08-08T12:53:08.486">
  <classunload-info classloadercandidates="69" classloadersunloaded="0" classesunloaded="0" anonymousclassesunloaded="0" quiescems="0.000" setupms="0.011" scanms="0.000" postms="0.000" />
</gc-op>
<heap-resize id="4977" type="expand" space="default" amount="6291456" count="1" timems="0.055" reason="excessive time being spent in gc" timestamp="2019-08-08T12:53:08.486" />
<gc-end id="4978" type="partial gc" contextid="4972" durationms="12.622" usertimems="22.660" systemtimems="13.342" timestamp="2019-08-08T12:53:08.486" activeThreads="16">
  <mem-info id="4979" free="186646528" total="310378496" percent="60">
    <mem type="eden" free="3405560" total="8388608" percent="40" />
    <remembered-set count="10720" freebytes="12365440" totalbytes="12408320" percent="99" regionsoverflowed="0" regionsstable="10" regionsrebuilding="0"/>
  </mem-info>
</gc-end>
<cycle-end id="4980" type="partial gc" contextid="4972" timestamp="2019-08-08T12:53:08.486" />
  <attribute name="elasticGC enabled" value="1" />
  <attribute name= "numThreadsSpecified" value="16" />
  <attribute name="heapSize specified" value="0" />
  <attribute name="Current GC Util" value="150" />
  <attribute name= "Current Time Running" value="219859" />
  <attribute name ="GC Interval" value="0" />
  <attribute name="Target GC Util Change" value ="80.000000" />
  <attribute name="Current GC Util Change" value="150.000000"/>
  <attribute name="Current Error" value="-208.000000" />
  <attribute name="Output H" value="304162480"/>
  <attribute name="Output I" value="1640"/>
  <attribute name="Output T" value="16"/>
  <attribute name= "Current Time Running" value="219859" />
  <attribute name="GC Util currently" value="150" />
  <attribute name="CPU Util currently" value="2353088050054" />
<exclusive-end id="4981" timestamp="2019-08-08T12:53:08.487" durationms="13.354" />

<exclusive-start id="4982" timestamp="2019-08-08T12:53:08.571" intervalms="97.940">
  <response-info timems="0.078" idlems="0.042" threads="1" lastid="0000000001BAA700" lastname="Thread-50" />
</exclusive-start>
<allocation-taxation id="4983" taxation-threshold="83886080" timestamp="2019-08-08T12:53:08.571" intervalms="97.945" />
<cycle-start id="4984" type="partial gc" contextid="0" timestamp="2019-08-08T12:53:08.571" intervalms="97.939" />
<gc-start id="4985" type="partial gc" contextid="4984" timestamp="2019-08-08T12:53:08.571">
  <mem-info id="4986" free="102760448" total="310378496" percent="33">
    <mem type="eden" free="0" total="83886080" percent="0" />
    <remembered-set count="10688" freebytes="12365568" totalbytes="12408320" percent="99" regionsoverflowed="0" regionsstable="10" regionsrebuilding="0"/>
  </mem-info>
</gc-start>
<allocation-stats totalBytes="83722400" >
  <allocated-bytes non-tlh="81944" tlh="83640456" arrayletleaf="0"/>
  <largest-consumer threadName="Thread-44" threadId="0000000001BDB200" bytes="9288184" />
</allocation-stats>
<gc-op id="4987" type="copy forward" timems="9.768" contextid="4984" timestamp="2019-08-08T12:53:08.582">
  <memory-copied type="eden" objects="9663" bytes="3821504" bytesdiscarded="604576" />
  <memory-copied type="other" objects="22" bytes="1032" bytesdiscarded="0" />
  <memory-cardclean objects="3027" bytes="138904" />
  <regions eden="40" other="5" />
  <remembered-set-cleared processed="1215" cleared="642" durationms="0.129" />
  <references type="phantom" candidates="2" cleared="0" enqueued="0" />
  <stringconstants candidates="16510" cleared="0"  />
</gc-op>
<gc-op id="4988" type="classunload" timems="0.015" contextid="4984" timestamp="2019-08-08T12:53:08.582">
  <classunload-info classloadercandidates="69" classloadersunloaded="0" classesunloaded="0" anonymousclassesunloaded="0" quiescems="0.000" setupms="0.015" scanms="0.000" postms="0.000" />
</gc-op>
<gc-end id="4989" type="partial gc" contextid="4984" durationms="11.080" usertimems="11.801" systemtimems="17.707" timestamp="2019-08-08T12:53:08.583" activeThreads="16">
  <mem-info id="4990" free="186646528" total="310378496" percent="60">
    <mem type="eden" free="1865104" total="6291456" percent="29" />
    <remembered-set count="10720" freebytes="12365440" totalbytes="12408320" percent="99" regionsoverflowed="0" regionsstable="10" regionsrebuilding="0"/>
  </mem-info>
</gc-end>
<cycle-end id="4991" type="partial gc" contextid="4984" timestamp="2019-08-08T12:53:08.583" />
  <attribute name="elasticGC enabled" value="1" />
  <attribute name= "numThreadsSpecified" value="16" />
  <attribute name="heapSize specified" value="0" />
  <attribute name="Current GC Util" value="127" />
  <attribute name= "Current Time Running" value="219957" />
  <attribute name ="GC Interval" value="0" />
  <attribute name="Target GC Util Change" value ="80.000000" />
  <attribute name="Current GC Util Change" value="127.000000"/>
  <attribute name="Current Error" value="-211.000000" />
  <attribute name="Output H" value="310453936"/>
  <attribute name="Output I" value="1632"/>
  <attribute name="Output T" value="16"/>
  <attribute name= "Current Time Running" value="219957" />
  <attribute name="GC Util currently" value="127" />
  <attribute name="CPU Util currently" value="1552434072750" />
<exclusive-end id="4992" timestamp="2019-08-08T12:53:08.583" durationms="11.903" />

<exclusive-start id="4993" timestamp="2019-08-08T12:53:08.651" intervalms="80.004">
  <response-info timems="1.689" idlems="0.855" threads="1" lastid="0000000001BCC200" lastname="Thread-45" />
</exclusive-start>
<allocation-taxation id="4994" taxation-threshold="83886080" timestamp="2019-08-08T12:53:08.651" intervalms="80.053" />
<cycle-start id="4995" type="partial gc" contextid="0" timestamp="2019-08-08T12:53:08.651" intervalms="80.102" />
<gc-start id="4996" type="partial gc" contextid="4995" timestamp="2019-08-08T12:53:08.652">
  <mem-info id="4997" free="102760448" total="310378496" percent="33">
    <mem type="eden" free="0" total="83886080" percent="0" />
    <remembered-set count="10368" freebytes="12366848" totalbytes="12408320" percent="99" regionsoverflowed="0" regionsstable="10" regionsrebuilding="0"/>
  </mem-info>
</gc-start>
<allocation-stats totalBytes="83723624" >
  <allocated-bytes non-tlh="16392" tlh="83707232" arrayletleaf="0"/>
  <largest-consumer threadName="Thread-48" threadId="0000000001BDED00" bytes="8499160" />
</allocation-stats>
<gc-op id="4998" type="copy forward" timems="10.562" contextid="4995" timestamp="2019-08-08T12:53:08.663">
  <memory-copied type="eden" objects="10111" bytes="3967960" bytesdiscarded="861160" />
  <memory-copied type="other" objects="20" bytes="992" bytesdiscarded="664" />
  <memory-cardclean objects="2986" bytes="137216" />
  <regions eden="40" other="4" />
  <remembered-set-cleared processed="1208" cleared="632" durationms="0.148" />
  <stringconstants candidates="16510" cleared="0"  />
</gc-op>
<gc-op id="4999" type="classunload" timems="0.012" contextid="4995" timestamp="2019-08-08T12:53:08.663">
  <classunload-info classloadercandidates="69" classloadersunloaded="0" classesunloaded="0" anonymousclassesunloaded="0" quiescems="0.000" setupms="0.011" scanms="0.000" postms="0.000" />
</gc-op>
<heap-resize id="5000" type="expand" space="default" amount="4194304" count="1" timems="0.064" reason="excessive time being spent in gc" timestamp="2019-08-08T12:53:08.664" />
<gc-end id="5001" type="partial gc" contextid="4995" durationms="11.908" usertimems="15.262" systemtimems="14.025" timestamp="2019-08-08T12:53:08.664" activeThreads="16">
  <mem-info id="5002" free="188743680" total="314572800" percent="60">
    <mem type="eden" free="1462080" total="6291456" percent="23" />
    <remembered-set count="9184" freebytes="12539264" totalbytes="12576000" percent="99" regionsoverflowed="0" regionsstable="10" regionsrebuilding="0"/>
  </mem-info>
</gc-end>
<cycle-end id="5003" type="partial gc" contextid="4995" timestamp="2019-08-08T12:53:08.664" />
  <attribute name="elasticGC enabled" value="1" />
  <attribute name= "numThreadsSpecified" value="16" />
  <attribute name="heapSize specified" value="0" />
  <attribute name="Current GC Util" value="126" />
  <attribute name= "Current Time Running" value="220037" />
  <attribute name ="GC Interval" value="0" />
  <attribute name="Target GC Util Change" value ="80.000000" />
  <attribute name="Current GC Util Change" value="126.000000"/>
  <attribute name="Current Error" value="-46.000000" />
  <attribute name="Output H" value="310454128"/>
  <attribute name="Output I" value="1928"/>
  <attribute name="Output T" value="16"/>
  <attribute name= "Current Time Running" value="220037" />
  <attribute name="GC Util currently" value="126" />
  <attribute name="CPU Util currently" value="1690991480925" />
<exclusive-end id="5004" timestamp="2019-08-08T12:53:08.664" durationms="12.574" />

<exclusive-start id="5005" timestamp="2019-08-08T12:53:08.723" intervalms="71.727">
  <response-info timems="0.670" idlems="0.340" threads="1" lastid="0000000001BC0E00" lastname="Thread-37" />
</exclusive-start>
<allocation-taxation id="5006" taxation-threshold="85983232" timestamp="2019-08-08T12:53:08.723" intervalms="71.927" />
<cycle-start id="5007" type="partial gc" contextid="0" timestamp="2019-08-08T12:53:08.724" intervalms="72.132" />
<gc-start id="5008" type="partial gc" contextid="5007" timestamp="2019-08-08T12:53:08.724">
  <mem-info id="5009" free="102760448" total="314572800" percent="32">
    <mem type="eden" free="0" total="85983232" percent="0" />
    <remembered-set count="8736" freebytes="12541056" totalbytes="12576000" percent="99" regionsoverflowed="0" regionsstable="10" regionsrebuilding="0"/>
  </mem-info>
</gc-start>
<allocation-stats totalBytes="85756264" >
  <allocated-bytes non-tlh="65560" tlh="85690704" arrayletleaf="0"/>
  <largest-consumer threadName="Thread-46" threadId="0000000001BB9600" bytes="8669224" />
</allocation-stats>
<gc-op id="5010" type="copy forward" timems="8.823" contextid="5007" timestamp="2019-08-08T12:53:08.734">
  <memory-copied type="eden" objects="9836" bytes="3935568" bytesdiscarded="948184" />
  <memory-copied type="other" objects="30" bytes="1048" bytesdiscarded="0" />
  <memory-cardclean objects="3019" bytes="137576" />
  <regions eden="41" other="4" />
  <remembered-set-cleared processed="1224" cleared="652" durationms="0.139" />
  <references type="phantom" candidates="4" cleared="0" enqueued="0" />
  <stringconstants candidates="16510" cleared="0"  />
</gc-op>
<gc-op id="5011" type="classunload" timems="0.011" contextid="5007" timestamp="2019-08-08T12:53:08.734">
  <classunload-info classloadercandidates="69" classloadersunloaded="0" classesunloaded="0" anonymousclassesunloaded="0" quiescems="0.000" setupms="0.011" scanms="0.000" postms="0.000" />
</gc-op>
<heap-resize id="5012" type="expand" space="default" amount="6291456" count="1" timems="0.057" reason="excessive time being spent in gc" timestamp="2019-08-08T12:53:08.734" />
<gc-end id="5013" type="partial gc" contextid="5007" durationms="10.513" usertimems="13.698" systemtimems="12.334" timestamp="2019-08-08T12:53:08.734" activeThreads="16">
  <mem-info id="5014" free="192937984" total="320864256" percent="60">
    <mem type="eden" free="1407416" total="6291456" percent="22" />
    <remembered-set count="9696" freebytes="12788736" totalbytes="12827520" percent="99" regionsoverflowed="0" regionsstable="10" regionsrebuilding="0"/>
  </mem-info>
</gc-end>
<cycle-end id="5015" type="partial gc" contextid="5007" timestamp="2019-08-08T12:53:08.734" />
  <attribute name="elasticGC enabled" value="1" />
  <attribute name= "numThreadsSpecified" value="16" />
  <attribute name="heapSize specified" value="0" />
  <attribute name="Current GC Util" value="104" />
  <attribute name= "Current Time Running" value="220110" />
  <attribute name ="GC Interval" value="0" />
  <attribute name="Target GC Util Change" value ="80.000000" />
  <attribute name="Current GC Util Change" value="104.000000"/>
  <attribute name="Current Error" value="-30.000000" />
  <attribute name="Output H" value="314648448"/>
  <attribute name="Output I" value="1960"/>
  <attribute name="Output T" value="16"/>
  <attribute name= "Current Time Running" value="220110" />
  <attribute name="GC Util currently" value="104" />
  <attribute name="CPU Util currently" value="1057399110083" />
<exclusive-end id="5016" timestamp="2019-08-08T12:53:08.734" durationms="11.530" />

<exclusive-start id="5017" timestamp="2019-08-08T12:53:08.807" intervalms="84.469">
  <response-info timems="0.164" idlems="0.164" threads="0" lastid="0000000001BCFE00" lastname="Thread-38" />
</exclusive-start>
<allocation-taxation id="5018" taxation-threshold="88080384" timestamp="2019-08-08T12:53:08.807" intervalms="84.249" />
<cycle-start id="5019" type="partial gc" contextid="0" timestamp="2019-08-08T12:53:08.808" intervalms="84.061" />
<gc-start id="5020" type="partial gc" contextid="5019" timestamp="2019-08-08T12:53:08.808">
  <mem-info id="5021" free="104857600" total="320864256" percent="32">
    <mem type="eden" free="0" total="88080384" percent="0" />
    <remembered-set count="9376" freebytes="12790016" totalbytes="12827520" percent="99" regionsoverflowed="0" regionsstable="10" regionsrebuilding="0"/>
  </mem-info>
</gc-start>
<allocation-stats totalBytes="87924448" >
  <allocated-bytes non-tlh="32776" tlh="87891672" arrayletleaf="0"/>
  <largest-consumer threadName="Thread-49" threadId="0000000001BD3A00" bytes="8748968" />
</allocation-stats>
<gc-op id="5022" type="copy forward" timems="7.782" contextid="5019" timestamp="2019-08-08T12:53:08.817">
  <memory-copied type="eden" objects="10081" bytes="3989592" bytesdiscarded="930760" />
  <memory-copied type="other" objects="30" bytes="1304" bytesdiscarded="0" />
  <memory-cardclean objects="3009" bytes="139216" />
  <regions eden="42" other="4" />
  <remembered-set-cleared processed="1182" cleared="606" durationms="0.170" />
  <references type="phantom" candidates="1" cleared="0" enqueued="0" />
  <stringconstants candidates="16510" cleared="0"  />
</gc-op>
<gc-op id="5023" type="classunload" timems="0.010" contextid="5019" timestamp="2019-08-08T12:53:08.817">
  <classunload-info classloadercandidates="69" classloadersunloaded="0" classesunloaded="0" anonymousclassesunloaded="0" quiescems="0.000" setupms="0.010" scanms="0.000" postms="0.000" />
</gc-op>
<heap-resize id="5024" type="expand" space="default" amount="10485760" count="1" timems="0.076" reason="excessive time being spent in gc" timestamp="2019-08-08T12:53:08.817" />
<gc-end id="5025" type="partial gc" contextid="5019" durationms="9.227" usertimems="20.118" systemtimems="4.995" timestamp="2019-08-08T12:53:08.817" activeThreads="16">
  <mem-info id="5026" free="199229440" total="331350016" percent="60">
    <mem type="eden" free="3467992" total="8388608" percent="41" />
    <remembered-set count="9728" freebytes="13207808" totalbytes="13246720" percent="99" regionsoverflowed="0" regionsstable="10" regionsrebuilding="0"/>
  </mem-info>
</gc-end>
<cycle-end id="5027" type="partial gc" contextid="5019" timestamp="2019-08-08T12:53:08.817" />
  <attribute name="elasticGC enabled" value="1" />
  <attribute name= "numThreadsSpecified" value="16" />
  <attribute name="heapSize specified" value="0" />
  <attribute name="Current GC Util" value="164" />
  <attribute name= "Current Time Running" value="220194" />
  <attribute name ="GC Interval" value="0" />
  <attribute name="Target GC Util Change" value ="80.000000" />
  <attribute name="Current GC Util Change" value="164.000000"/>
  <attribute name="Current Error" value="-64.000000" />
  <attribute name="Output H" value="320939864"/>
  <attribute name="Output I" value="1896"/>
  <attribute name="Output T" value="16"/>
  <attribute name= "Current Time Running" value="220194" />
  <attribute name="GC Util currently" value="164" />
  <attribute name="CPU Util currently" value="1340405187274" />
<exclusive-end id="5028" timestamp="2019-08-08T12:53:08.818" durationms="10.358" />

<exclusive-start id="5029" timestamp="2019-08-08T12:53:08.875" intervalms="67.613">
  <response-info timems="0.838" idlems="0.838" threads="0" lastid="0000000001BF1900" lastname="Thread-51" />
</exclusive-start>
<allocation-taxation id="5030" taxation-threshold="90177536" timestamp="2019-08-08T12:53:08.875" intervalms="67.747" />
<cycle-start id="5031" type="partial gc" contextid="0" timestamp="2019-08-08T12:53:08.875" intervalms="67.710" />
<gc-start id="5032" type="partial gc" contextid="5031" timestamp="2019-08-08T12:53:08.876">
  <mem-info id="5033" free="109051904" total="331350016" percent="32">
    <mem type="eden" free="2097120" total="92274688" percent="2" />
    <remembered-set count="9376" freebytes="13209216" totalbytes="13246720" percent="99" regionsoverflowed="0" regionsstable="10" regionsrebuilding="0"/>
  </mem-info>
</gc-start>
<allocation-stats totalBytes="89851048" >
  <allocated-bytes non-tlh="49168" tlh="89801880" arrayletleaf="0"/>
  <largest-consumer threadName="Thread-40" threadId="0000000001BC8600" bytes="8153952" />
</allocation-stats>
<gc-op id="5034" type="copy forward" timems="13.553" contextid="5031" timestamp="2019-08-08T12:53:08.890">
  <memory-copied type="eden" objects="10018" bytes="3916272" bytesdiscarded="508416" />
  <memory-copied type="other" objects="21" bytes="824" bytesdiscarded="0" />
  <memory-cardclean objects="3041" bytes="140672" />
  <regions eden="43" other="5" />
  <remembered-set-cleared processed="1220" cleared="651" durationms="0.693" />
  <references type="phantom" candidates="3" cleared="0" enqueued="0" />
  <stringconstants candidates="16510" cleared="0"  />
</gc-op>
<gc-op id="5035" type="classunload" timems="0.011" contextid="5031" timestamp="2019-08-08T12:53:08.890">
  <classunload-info classloadercandidates="69" classloadersunloaded="0" classesunloaded="0" anonymousclassesunloaded="0" quiescems="0.000" setupms="0.010" scanms="0.000" postms="0.000" />
</gc-op>
<heap-resize id="5036" type="expand" space="default" amount="14680064" count="1" timems="0.085" reason="excessive time being spent in gc" timestamp="2019-08-08T12:53:08.890" />
<gc-end id="5037" type="partial gc" contextid="5031" durationms="14.756" usertimems="18.350" systemtimems="17.244" timestamp="2019-08-08T12:53:08.890" activeThreads="16">
  <mem-info id="5038" free="207618048" total="346030080" percent="60">
    <mem type="eden" free="8157944" total="12582912" percent="64" />
    <remembered-set count="10208" freebytes="13792768" totalbytes="13833600" percent="99" regionsoverflowed="0" regionsstable="10" regionsrebuilding="0"/>
  </mem-info>
</gc-end>
<cycle-end id="5039" type="partial gc" contextid="5031" timestamp="2019-08-08T12:53:08.890" />
  <attribute name="elasticGC enabled" value="1" />
  <attribute name= "numThreadsSpecified" value="16" />
  <attribute name="heapSize specified" value="0" />
  <attribute name="Current GC Util" value="0" />
  <attribute name= "Current Time Running" value="220261" />
  <attribute name ="GC Interval" value="0" />
  <attribute name="Target GC Util Change" value ="80.000000" />
  <attribute name="Current GC Util Change" value="0.000000"/>
  <attribute name="Current Error" value="80.000000" />
  <attribute name="Output H" value="331425792"/>
  <attribute name="Output I" value="2152"/>
  <attribute name="Output T" value="16"/>
  <attribute name= "Current Time Running" value="220261" />
  <attribute name="GC Util currently" value="0" />
  <attribute name="CPU Util currently" value="2955026638510" />
<exclusive-end id="5040" timestamp="2019-08-08T12:53:08.890" durationms="15.507" />

<exclusive-start id="5041" timestamp="2019-08-08T12:53:09.004" intervalms="129.285">
  <response-info timems="0.338" idlems="0.338" threads="0" lastid="0000000001BF9100" lastname="Thread-43" />
</exclusive-start>
<allocation-taxation id="5042" taxation-threshold="94371840" timestamp="2019-08-08T12:53:09.004" intervalms="129.122" />
<cycle-start id="5043" type="partial gc" contextid="0" timestamp="2019-08-08T12:53:09.004" intervalms="129.094" />
<gc-start id="5044" type="partial gc" contextid="5043" timestamp="2019-08-08T12:53:09.005">
  <mem-info id="5045" free="113246208" total="346030080" percent="32">
    <mem type="eden" free="0" total="94371840" percent="0" />
    <remembered-set count="9856" freebytes="13794176" totalbytes="13833600" percent="99" regionsoverflowed="0" regionsstable="10" regionsrebuilding="0"/>
  </mem-info>
</gc-start>
<allocation-stats totalBytes="94224464" >
  <allocated-bytes non-tlh="32784" tlh="94191680" arrayletleaf="0"/>
  <largest-consumer threadName="Thread-45" threadId="0000000001BCC200" bytes="9523072" />
</allocation-stats>
<gc-op id="5046" type="copy forward" timems="11.497" contextid="5043" timestamp="2019-08-08T12:53:09.017">
  <memory-copied type="eden" objects="10258" bytes="3939928" bytesdiscarded="939336" />
  <memory-copied type="other" objects="37" bytes="1400" bytesdiscarded="0" />
  <memory-cardclean objects="3032" bytes="140312" />
  <regions eden="45" other="7" />
  <remembered-set-cleared processed="1212" cleared="642" durationms="0.131" />
  <references type="phantom" candidates="1" cleared="0" enqueued="0" />
  <stringconstants candidates="16510" cleared="0"  />
</gc-op>
<gc-op id="5047" type="classunload" timems="0.010" contextid="5043" timestamp="2019-08-08T12:53:09.017">
  <classunload-info classloadercandidates="69" classloadersunloaded="0" classesunloaded="0" anonymousclassesunloaded="0" quiescems="0.000" setupms="0.010" scanms="0.000" postms="0.000" />
</gc-op>
<gc-end id="5048" type="partial gc" contextid="5043" durationms="12.889" usertimems="32.675" systemtimems="11.614" timestamp="2019-08-08T12:53:09.017" activeThreads="16">
  <mem-info id="5049" free="211812352" total="346030080" percent="61">
    <mem type="eden" free="1411920" total="6291456" percent="22" />
    <remembered-set count="10752" freebytes="13790592" totalbytes="13833600" percent="99" regionsoverflowed="0" regionsstable="10" regionsrebuilding="0"/>
  </mem-info>
</gc-end>
<cycle-end id="5050" type="partial gc" contextid="5043" timestamp="2019-08-08T12:53:09.018" />
  <attribute name="elasticGC enabled" value="1" />
  <attribute name= "numThreadsSpecified" value="16" />
  <attribute name="heapSize specified" value="0" />
  <attribute name="Current GC Util" value="160" />
  <attribute name= "Current Time Running" value="220390" />
  <attribute name ="GC Interval" value="0" />
  <attribute name="Target GC Util Change" value ="80.000000" />
  <attribute name="Current GC Util Change" value="160.000000"/>
  <attribute name="Current Error" value="53.000000" />
  <attribute name="Output H" value="346105824"/>
  <attribute name="Output I" value="2104"/>
  <attribute name="Output T" value="16"/>
  <attribute name= "Current Time Running" value="220390" />
  <attribute name="GC Util currently" value="160" />
  <attribute name="CPU Util currently" value="2503754526168" />
<exclusive-end id="5051" timestamp="2019-08-08T12:53:09.018" durationms="13.422" />

<exclusive-start id="5052" timestamp="2019-08-08T12:53:09.075" intervalms="70.222">
  <response-info timems="0.510" idlems="0.510" threads="0" lastid="0000000001BEDD00" lastname="Thread-52" />
</exclusive-start>
<allocation-taxation id="5053" taxation-threshold="94371840" timestamp="2019-08-08T12:53:09.075" intervalms="70.362" />
<cycle-start id="5054" type="partial gc" contextid="0" timestamp="2019-08-08T12:53:09.075" intervalms="70.760" />
<gc-start id="5055" type="partial gc" contextid="5054" timestamp="2019-08-08T12:53:09.075">
  <mem-info id="5056" free="117440512" total="346030080" percent="33">
    <mem type="eden" free="0" total="94371840" percent="0" />
    <remembered-set count="10272" freebytes="13792512" totalbytes="13833600" percent="99" regionsoverflowed="0" regionsstable="10" regionsrebuilding="0"/>
  </mem-info>
</gc-start>
<allocation-stats totalBytes="94222896" >
  <allocated-bytes non-tlh="49168" tlh="94173728" arrayletleaf="0"/>
  <largest-consumer threadName="Thread-42" threadId="0000000001BB1F00" bytes="11348632" />
</allocation-stats>
<gc-op id="5057" type="copy forward" timems="11.465" contextid="5054" timestamp="2019-08-08T12:53:09.089">
  <memory-copied type="eden" objects="8920" bytes="3567944" bytesdiscarded="759408" />
  <memory-copied type="other" objects="26" bytes="1240" bytesdiscarded="0" />
  <memory-cardclean objects="3022" bytes="139352" />
  <regions eden="45" other="4" />
  <remembered-set-cleared processed="1230" cleared="656" durationms="0.145" />
  <references type="phantom" candidates="4" cleared="0" enqueued="0" />
  <stringconstants candidates="16510" cleared="0"  />
</gc-op>
<gc-op id="5058" type="classunload" timems="0.017" contextid="5054" timestamp="2019-08-08T12:53:09.089">
  <classunload-info classloadercandidates="69" classloadersunloaded="0" classesunloaded="0" anonymousclassesunloaded="0" quiescems="0.000" setupms="0.017" scanms="0.000" postms="0.000" />
</gc-op>
<gc-end id="5059" type="partial gc" contextid="5054" durationms="13.773" usertimems="26.821" systemtimems="16.134" timestamp="2019-08-08T12:53:09.089" activeThreads="16">
  <mem-info id="5060" free="209715200" total="346030080" percent="60">
    <mem type="eden" free="1963824" total="6291456" percent="31" />
    <remembered-set count="10752" freebytes="13790592" totalbytes="13833600" percent="99" regionsoverflowed="0" regionsstable="10" regionsrebuilding="0"/>
  </mem-info>
</gc-end>
<cycle-end id="5061" type="partial gc" contextid="5054" timestamp="2019-08-08T12:53:09.089" />
  <attribute name="elasticGC enabled" value="1" />
  <attribute name= "numThreadsSpecified" value="16" />
  <attribute name="heapSize specified" value="0" />
  <attribute name="Current GC Util" value="143" />
  <attribute name= "Current Time Running" value="220462" />
  <attribute name ="GC Interval" value="0" />
  <attribute name="Target GC Util Change" value ="80.000000" />
  <attribute name="Current GC Util Change" value="143.000000"/>
  <attribute name="Current Error" value="20.000000" />
  <attribute name="Output H" value="346105784"/>
  <attribute name="Output I" value="2048"/>
  <attribute name="Output T" value="16"/>
  <attribute name= "Current Time Running" value="220462" />
  <attribute name="GC Util currently" value="143" />
  <attribute name="CPU Util currently" value="1329691950276" />
<exclusive-end id="5062" timestamp="2019-08-08T12:53:09.089" durationms="14.903" />

<exclusive-start id="5063" timestamp="2019-08-08T12:53:09.144" intervalms="69.431">
  <response-info timems="0.161" idlems="0.161" threads="0" lastid="0000000001BEDD00" lastname="Thread-52" />
</exclusive-start>
<allocation-taxation id="5064" taxation-threshold="94371840" timestamp="2019-08-08T12:53:09.144" intervalms="69.355" />
<cycle-start id="5065" type="partial gc" contextid="0" timestamp="2019-08-08T12:53:09.144" intervalms="68.976" />
<gc-start id="5066" type="partial gc" contextid="5065" timestamp="2019-08-08T12:53:09.144">
  <mem-info id="5067" free="115343360" total="346030080" percent="33">
    <mem type="eden" free="0" total="94371840" percent="0" />
    <remembered-set count="10464" freebytes="13791744" totalbytes="13833600" percent="99" regionsoverflowed="0" regionsstable="10" regionsrebuilding="0"/>
  </mem-info>
</gc-start>
<allocation-stats totalBytes="94077160" >
  <allocated-bytes non-tlh="122920" tlh="93954240" arrayletleaf="0"/>
  <largest-consumer threadName="Thread-51" threadId="0000000001BF1900" bytes="10320888" />
</allocation-stats>
<gc-op id="5068" type="copy forward" timems="12.436" contextid="5065" timestamp="2019-08-08T12:53:09.158">
  <memory-copied type="eden" objects="9526" bytes="3776496" bytesdiscarded="734064" />
  <memory-copied type="other" objects="32" bytes="1408" bytesdiscarded="0" />
  <memory-cardclean objects="3022" bytes="138368" />
  <regions eden="45" other="4" />
  <remembered-set-cleared processed="1164" cleared="588" durationms="0.164" />
  <references type="weak" candidates="1" cleared="0" enqueued="0" />
  <references type="phantom" candidates="3" cleared="0" enqueued="0" />
  <stringconstants candidates="16510" cleared="0"  />
</gc-op>
<gc-op id="5069" type="classunload" timems="0.011" contextid="5065" timestamp="2019-08-08T12:53:09.158">
  <classunload-info classloadercandidates="69" classloadersunloaded="0" classesunloaded="0" anonymousclassesunloaded="0" quiescems="0.000" setupms="0.010" scanms="0.000" postms="0.000" />
</gc-op>
<gc-end id="5070" type="partial gc" contextid="5065" durationms="13.699" usertimems="26.921" systemtimems="13.413" timestamp="2019-08-08T12:53:09.158" activeThreads="16">
  <mem-info id="5071" free="207618048" total="346030080" percent="60">
    <mem type="eden" free="1780624" total="6291456" percent="28" />
    <remembered-set count="10208" freebytes="13792768" totalbytes="13833600" percent="99" regionsoverflowed="0" regionsstable="10" regionsrebuilding="0"/>
  </mem-info>
</gc-end>
<cycle-end id="5072" type="partial gc" contextid="5065" timestamp="2019-08-08T12:53:09.158" />
  <attribute name="elasticGC enabled" value="1" />
  <attribute name= "numThreadsSpecified" value="16" />
  <attribute name="heapSize specified" value="0" />
  <attribute name="Current GC Util" value="150" />
  <attribute name= "Current Time Running" value="220530" />
  <attribute name ="GC Interval" value="0" />
  <attribute name="Target GC Util Change" value ="80.000000" />
  <attribute name="Current GC Util Change" value="150.000000"/>
  <attribute name="Current Error" value="-70.000000" />
  <attribute name="Output H" value="346105680"/>
  <attribute name="Output I" value="1888"/>
  <attribute name="Output T" value="16"/>
  <attribute name= "Current Time Running" value="220530" />
  <attribute name="GC Util currently" value="150" />
  <attribute name="CPU Util currently" value="2211203246078" />
<exclusive-end id="5073" timestamp="2019-08-08T12:53:09.158" durationms="14.407" />

<exclusive-start id="5074" timestamp="2019-08-08T12:53:09.223" intervalms="79.369">
  <response-info timems="0.097" idlems="0.097" threads="0" lastid="0000000001BCFE00" lastname="Thread-38" />
</exclusive-start>
<allocation-taxation id="5075" taxation-threshold="94371840" timestamp="2019-08-08T12:53:09.223" intervalms="79.335" />
<cycle-start id="5076" type="partial gc" contextid="0" timestamp="2019-08-08T12:53:09.223" intervalms="79.341" />
<gc-start id="5077" type="partial gc" contextid="5076" timestamp="2019-08-08T12:53:09.224">
  <mem-info id="5078" free="113246208" total="346030080" percent="32">
    <mem type="eden" free="0" total="94371840" percent="0" />
    <remembered-set count="9728" freebytes="13794688" totalbytes="13833600" percent="99" regionsoverflowed="0" regionsstable="10" regionsrebuilding="0"/>
  </mem-info>
</gc-start>
<allocation-stats totalBytes="94044736" >
  <allocated-bytes non-tlh="114720" tlh="93930016" arrayletleaf="0"/>
  <largest-consumer threadName="Thread-49" threadId="0000000001BD3A00" bytes="10773040" />
</allocation-stats>
<gc-op id="5079" type="copy forward" timems="10.803" contextid="5076" timestamp="2019-08-08T12:53:09.236">
  <memory-copied type="eden" objects="9443" bytes="3738768" bytesdiscarded="815408" />
  <memory-copied type="other" objects="14" bytes="888" bytesdiscarded="0" />
  <memory-cardclean objects="3037" bytes="138976" />
  <regions eden="45" other="4" />
  <remembered-set-cleared processed="1190" cleared="616" durationms="0.132" />
  <references type="phantom" candidates="3" cleared="0" enqueued="0" />
  <stringconstants candidates="16510" cleared="0"  />
</gc-op>
<gc-op id="5080" type="classunload" timems="0.012" contextid="5076" timestamp="2019-08-08T12:53:09.236">
  <classunload-info classloadercandidates="69" classloadersunloaded="0" classesunloaded="0" anonymousclassesunloaded="0" quiescems="0.000" setupms="0.012" scanms="0.000" postms="0.000" />
</gc-op>
<heap-resize id="5081" type="expand" space="default" amount="10485760" count="1" timems="0.070" reason="excessive time being spent in gc" timestamp="2019-08-08T12:53:09.236" />
<gc-end id="5082" type="partial gc" contextid="5076" durationms="12.616" usertimems="37.058" systemtimems="6.724" timestamp="2019-08-08T12:53:09.236" activeThreads="16">
  <mem-info id="5083" free="213909504" total="356515840" percent="60">
    <mem type="eden" free="3834160" total="8388608" percent="45" />
    <remembered-set count="9728" freebytes="14213888" totalbytes="14252800" percent="99" regionsoverflowed="0" regionsstable="10" regionsrebuilding="0"/>
  </mem-info>
</gc-end>
<cycle-end id="5084" type="partial gc" contextid="5076" timestamp="2019-08-08T12:53:09.237" />
  <attribute name="elasticGC enabled" value="1" />
  <attribute name= "numThreadsSpecified" value="16" />
  <attribute name="heapSize specified" value="0" />
  <attribute name="Current GC Util" value="197" />
  <attribute name= "Current Time Running" value="220610" />
  <attribute name ="GC Interval" value="0" />
  <attribute name="Target GC Util Change" value ="80.000000" />
  <attribute name="Current GC Util Change" value="197.000000"/>
  <attribute name="Current Error" value="-147.000000" />
  <attribute name="Output H" value="346105592"/>
  <attribute name="Output I" value="1752"/>
  <attribute name="Output T" value="16"/>
  <attribute name= "Current Time Running" value="220610" />
  <attribute name="GC Util currently" value="197" />
  <attribute name="CPU Util currently" value="1027108765401" />
<exclusive-end id="5085" timestamp="2019-08-08T12:53:09.237" durationms="13.408" />

<exclusive-start id="5086" timestamp="2019-08-08T12:53:09.315" intervalms="91.219">
  <response-info timems="0.205" idlems="0.106" threads="1" lastid="0000000001BAA700" lastname="Thread-50" />
</exclusive-start>
<allocation-taxation id="5087" taxation-threshold="96468992" timestamp="2019-08-08T12:53:09.315" intervalms="91.212" />
<cycle-start id="5088" type="partial gc" contextid="0" timestamp="2019-08-08T12:53:09.315" intervalms="91.281" />
<gc-start id="5089" type="partial gc" contextid="5088" timestamp="2019-08-08T12:53:09.315">
  <mem-info id="5090" free="117440512" total="356515840" percent="32">
    <mem type="eden" free="0" total="96468992" percent="0" />
    <remembered-set count="9440" freebytes="14215040" totalbytes="14252800" percent="99" regionsoverflowed="0" regionsstable="10" regionsrebuilding="0"/>
  </mem-info>
</gc-start>
<allocation-stats totalBytes="96299912" >
  <allocated-bytes non-tlh="40976" tlh="96258936" arrayletleaf="0"/>
  <largest-consumer threadName="Thread-42" threadId="0000000001BB1F00" bytes="11587176" />
</allocation-stats>
<gc-op id="5091" type="copy forward" timems="8.556" contextid="5088" timestamp="2019-08-08T12:53:09.325">
  <memory-copied type="eden" objects="9748" bytes="3887384" bytesdiscarded="771800" />
  <memory-copied type="other" objects="26" bytes="1320" bytesdiscarded="696" />
  <memory-cardclean objects="3067" bytes="140232" />
  <regions eden="46" other="5" />
  <remembered-set-cleared processed="1181" cleared="608" durationms="0.140" />
  <references type="phantom" candidates="3" cleared="0" enqueued="0" />
  <stringconstants candidates="16510" cleared="0"  />
</gc-op>
<gc-op id="5092" type="classunload" timems="0.011" contextid="5088" timestamp="2019-08-08T12:53:09.325">
  <classunload-info classloadercandidates="69" classloadersunloaded="0" classesunloaded="0" anonymousclassesunloaded="0" quiescems="0.000" setupms="0.011" scanms="0.000" postms="0.000" />
</gc-op>
<heap-resize id="5093" type="expand" space="default" amount="6291456" count="1" timems="0.065" reason="excessive time being spent in gc" timestamp="2019-08-08T12:53:09.325" />
<gc-end id="5094" type="partial gc" contextid="5088" durationms="9.903" usertimems="11.259" systemtimems="13.611" timestamp="2019-08-08T12:53:09.325" activeThreads="16">
  <mem-info id="5095" free="218103808" total="362807296" percent="60">
    <mem type="eden" free="3729136" total="8388608" percent="44" />
    <remembered-set count="9216" freebytes="14467456" totalbytes="14504320" percent="99" regionsoverflowed="0" regionsstable="10" regionsrebuilding="0"/>
  </mem-info>
</gc-end>
<cycle-end id="5096" type="partial gc" contextid="5088" timestamp="2019-08-08T12:53:09.325" />
  <attribute name="elasticGC enabled" value="1" />
  <attribute name= "numThreadsSpecified" value="16" />
  <attribute name="heapSize specified" value="0" />
  <attribute name="Current GC Util" value="184" />
  <attribute name= "Current Time Running" value="220701" />
  <attribute name ="GC Interval" value="0" />
  <attribute name="Target GC Util Change" value ="80.000000" />
  <attribute name="Current GC Util Change" value="184.000000"/>
  <attribute name="Current Error" value="-205.000000" />
  <attribute name="Output H" value="356591288"/>
  <attribute name="Output I" value="1648"/>
  <attribute name="Output T" value="16"/>
  <attribute name= "Current Time Running" value="220701" />
  <attribute name="GC Util currently" value="184" />
  <attribute name="CPU Util currently" value="1632896644835" />
<exclusive-end id="5097" timestamp="2019-08-08T12:53:09.325" durationms="10.757" />

<exclusive-start id="5098" timestamp="2019-08-08T12:53:09.412" intervalms="97.749">
  <response-info timems="0.250" idlems="0.250" threads="0" lastid="0000000001BC0E00" lastname="Thread-37" />
</exclusive-start>
<allocation-taxation id="5099" taxation-threshold="96468992" timestamp="2019-08-08T12:53:09.412" intervalms="97.761" />
<cycle-start id="5100" type="partial gc" contextid="0" timestamp="2019-08-08T12:53:09.412" intervalms="97.675" />
<gc-start id="5101" type="partial gc" contextid="5100" timestamp="2019-08-08T12:53:09.413">
  <mem-info id="5102" free="121634816" total="362807296" percent="33">
    <mem type="eden" free="0" total="96468992" percent="0" />
    <remembered-set count="8896" freebytes="14468736" totalbytes="14504320" percent="99" regionsoverflowed="0" regionsstable="10" regionsrebuilding="0"/>
  </mem-info>
</gc-start>
<allocation-stats totalBytes="96357672" >
  <allocated-bytes non-tlh="81944" tlh="96275728" arrayletleaf="0"/>
  <largest-consumer threadName="Thread-49" threadId="0000000001BD3A00" bytes="12140104" />
</allocation-stats>
<gc-op id="5103" type="copy forward" timems="13.154" contextid="5100" timestamp="2019-08-08T12:53:09.427">
  <memory-copied type="eden" objects="10843" bytes="4323944" bytesdiscarded="880952" />
  <memory-copied type="other" objects="33" bytes="1768" bytesdiscarded="696" />
  <memory-cardclean objects="3044" bytes="139224" />
  <regions eden="46" other="5" />
  <remembered-set-cleared processed="1209" cleared="633" durationms="0.202" />
  <stringconstants candidates="16510" cleared="0"  />
</gc-op>
<gc-op id="5104" type="classunload" timems="0.014" contextid="5100" timestamp="2019-08-08T12:53:09.427">
  <classunload-info classloadercandidates="69" classloadersunloaded="0" classesunloaded="0" anonymousclassesunloaded="0" quiescems="0.000" setupms="0.014" scanms="0.000" postms="0.000" />
</gc-op>
<heap-resize id="5105" type="expand" space="default" amount="4194304" count="1" timems="0.068" reason="excessive time being spent in gc" timestamp="2019-08-08T12:53:09.427" />
<gc-end id="5106" type="partial gc" contextid="5100" durationms="14.427" usertimems="20.209" systemtimems="16.878" timestamp="2019-08-08T12:53:09.427" activeThreads="16">
  <mem-info id="5107" free="220200960" total="367001600" percent="60">
    <mem type="eden" free="3183456" total="8388608" percent="37" />
    <remembered-set count="11264" freebytes="14626944" totalbytes="14672000" percent="99" regionsoverflowed="0" regionsstable="10" regionsrebuilding="0"/>
  </mem-info>
</gc-end>
<cycle-end id="5108" type="partial gc" contextid="5100" timestamp="2019-08-08T12:53:09.427" />
  <attribute name="elasticGC enabled" value="1" />
  <attribute name= "numThreadsSpecified" value="16" />
  <attribute name="heapSize specified" value="0" />
  <attribute name="Current GC Util" value="137" />
  <attribute name= "Current Time Running" value="220798" />
  <attribute name ="GC Interval" value="0" />
  <attribute name="Target GC Util Change" value ="80.000000" />
  <attribute name="Current GC Util Change" value="137.000000"/>
  <attribute name="Current Error" value="-57.000000" />
  <attribute name="Output H" value="362882912"/>
  <attribute name="Output I" value="1912"/>
  <attribute name="Output T" value="16"/>
  <attribute name= "Current Time Running" value="220798" />
  <attribute name="GC Util currently" value="137" />
  <attribute name="CPU Util currently" value="2268797813185" />
<exclusive-end id="5109" timestamp="2019-08-08T12:53:09.427" durationms="15.043" />

<exclusive-start id="5110" timestamp="2019-08-08T12:53:09.553" intervalms="140.377">
  <response-info timems="0.151" idlems="0.078" threads="1" lastid="0000000001BA2F00" lastname="Thread-41" />
</exclusive-start>
<allocation-taxation id="5111" taxation-threshold="98566144" timestamp="2019-08-08T12:53:09.553" intervalms="140.353" />
<cycle-start id="5112" type="partial gc" contextid="0" timestamp="2019-08-08T12:53:09.553" intervalms="140.408" />
<gc-start id="5113" type="partial gc" contextid="5112" timestamp="2019-08-08T12:53:09.553">
  <mem-info id="5114" free="121634816" total="367001600" percent="33">
    <mem type="eden" free="0" total="98566144" percent="0" />
    <remembered-set count="10880" freebytes="14628480" totalbytes="14672000" percent="99" regionsoverflowed="0" regionsstable="10" regionsrebuilding="0"/>
  </mem-info>
</gc-start>
<allocation-stats totalBytes="98320752" >
  <allocated-bytes non-tlh="40984" tlh="98279768" arrayletleaf="0"/>
  <largest-consumer threadName="Thread-40" threadId="0000000001BC8600" bytes="11628088" />
</allocation-stats>
<gc-op id="5115" type="copy forward" timems="10.843" contextid="5112" timestamp="2019-08-08T12:53:09.565">
  <memory-copied type="eden" objects="9347" bytes="3671456" bytesdiscarded="560992" />
  <memory-copied type="other" objects="27" bytes="1440" bytesdiscarded="0" />
  <memory-cardclean objects="3031" bytes="138808" />
  <regions eden="47" other="5" />
  <remembered-set-cleared processed="1254" cleared="674" durationms="0.197" />
  <references type="phantom" candidates="3" cleared="0" enqueued="0" />
  <stringconstants candidates="16510" cleared="0"  />
</gc-op>
<gc-op id="5116" type="classunload" timems="0.016" contextid="5112" timestamp="2019-08-08T12:53:09.565">
  <classunload-info classloadercandidates="69" classloadersunloaded="0" classesunloaded="0" anonymousclassesunloaded="0" quiescems="0.000" setupms="0.016" scanms="0.000" postms="0.000" />
</gc-op>
<gc-end id="5117" type="partial gc" contextid="5112" durationms="12.341" usertimems="15.926" systemtimems="19.032" timestamp="2019-08-08T12:53:09.565" activeThreads="16">
  <mem-info id="5118" free="220200960" total="367001600" percent="60">
    <mem type="eden" free="2058728" total="6291456" percent="32" />
    <remembered-set count="8768" freebytes="14636928" totalbytes="14672000" percent="99" regionsoverflowed="0" regionsstable="10" regionsrebuilding="0"/>
  </mem-info>
</gc-end>
<cycle-end id="5119" type="partial gc" contextid="5112" timestamp="2019-08-08T12:53:09.566" />
  <attribute name="elasticGC enabled" value="1" />
  <attribute name= "numThreadsSpecified" value="16" />
  <attribute name="heapSize specified" value="0" />
  <attribute name="Current GC Util" value="163" />
  <attribute name= "Current Time Running" value="220939" />
  <attribute name ="GC Interval" value="0" />
  <attribute name="Target GC Util Change" value ="80.000000" />
  <attribute name="Current GC Util Change" value="163.000000"/>
  <attribute name="Current Error" value="-86.000000" />
  <attribute name="Output H" value="367077184"/>
  <attribute name="Output I" value="1856"/>
  <attribute name="Output T" value="16"/>
  <attribute name= "Current Time Running" value="220939" />
  <attribute name="GC Util currently" value="163" />
  <attribute name="CPU Util currently" value="1400864599818" />
<exclusive-end id="5120" timestamp="2019-08-08T12:53:09.566" durationms="13.535" />

<exclusive-start id="5121" timestamp="2019-08-08T12:53:09.673" intervalms="120.094">
  <response-info timems="12.260" idlems="12.260" threads="0" lastid="0000000001BBD200" lastname="Thread-47" />
</exclusive-start>
<allocation-taxation id="5122" taxation-threshold="98566144" timestamp="2019-08-08T12:53:09.673" intervalms="120.113" />
<cycle-start id="5123" type="partial gc" contextid="0" timestamp="2019-08-08T12:53:09.673" intervalms="120.406" />
<gc-start id="5124" type="partial gc" contextid="5123" timestamp="2019-08-08T12:53:09.674">
  <mem-info id="5125" free="121634816" total="367001600" percent="33">
    <mem type="eden" free="0" total="98566144" percent="0" />
    <remembered-set count="8320" freebytes="14638720" totalbytes="14672000" percent="99" regionsoverflowed="0" regionsstable="10" regionsrebuilding="0"/>
  </mem-info>
</gc-start>
<allocation-stats totalBytes="98377152" >
  <allocated-bytes non-tlh="32776" tlh="98344376" arrayletleaf="0"/>
  <largest-consumer threadName="Thread-40" threadId="0000000001BC8600" bytes="11325168" />
</allocation-stats>
<gc-op id="5126" type="copy forward" timems="9.988" contextid="5123" timestamp="2019-08-08T12:53:09.685">
  <memory-copied type="eden" objects="10398" bytes="4013760" bytesdiscarded="803976" />
  <memory-copied type="other" objects="29" bytes="1120" bytesdiscarded="0" />
  <memory-cardclean objects="3057" bytes="139976" />
  <regions eden="47" other="4" />
  <remembered-set-cleared processed="1200" cleared="623" durationms="0.141" />
  <references type="weak" candidates="1" cleared="0" enqueued="0" />
  <references type="phantom" candidates="3" cleared="0" enqueued="0" />
  <stringconstants candidates="16510" cleared="0"  />
</gc-op>
<gc-op id="5127" type="classunload" timems="0.035" contextid="5123" timestamp="2019-08-08T12:53:09.685">
  <classunload-info classloadercandidates="69" classloadersunloaded="0" classesunloaded="0" anonymousclassesunloaded="0" quiescems="0.000" setupms="0.035" scanms="0.000" postms="0.000" />
</gc-op>
<gc-end id="5128" type="partial gc" contextid="5123" durationms="11.296" usertimems="13.224" systemtimems="13.005" timestamp="2019-08-08T12:53:09.685" activeThreads="16">
  <mem-info id="5129" free="218103808" total="367001600" percent="59">
    <mem type="eden" free="1473448" total="6291456" percent="23" />
    <remembered-set count="9760" freebytes="14632960" totalbytes="14672000" percent="99" regionsoverflowed="0" regionsstable="10" regionsrebuilding="0"/>
  </mem-info>
</gc-end>
<cycle-end id="5130" type="partial gc" contextid="5123" timestamp="2019-08-08T12:53:09.685" />
  <attribute name="elasticGC enabled" value="1" />
  <attribute name= "numThreadsSpecified" value="16" />
  <attribute name="heapSize specified" value="0" />
  <attribute name="Current GC Util" value="122" />
  <attribute name= "Current Time Running" value="221059" />
  <attribute name ="GC Interval" value="0" />
  <attribute name="Target GC Util Change" value ="80.000000" />
  <attribute name="Current GC Util Change" value="122.000000"/>
  <attribute name="Current Error" value="-72.000000" />
  <attribute name="Output H" value="367077200"/>
  <attribute name="Output I" value="1880"/>
  <attribute name="Output T" value="16"/>
  <attribute name= "Current Time Running" value="221059" />
  <attribute name="GC Util currently" value="122" />
  <attribute name="CPU Util currently" value="1972204848760" />
<exclusive-end id="5131" timestamp="2019-08-08T12:53:09.685" durationms="12.503" />

<exclusive-start id="5132" timestamp="2019-08-08T12:53:09.777" intervalms="104.627">
  <response-info timems="0.197" idlems="0.197" threads="0" lastid="0000000001BC8600" lastname="Thread-40" />
</exclusive-start>
<allocation-taxation id="5133" taxation-threshold="98566144" timestamp="2019-08-08T12:53:09.777" intervalms="104.595" />
<cycle-start id="5134" type="partial gc" contextid="0" timestamp="2019-08-08T12:53:09.777" intervalms="104.244" />
<gc-start id="5135" type="partial gc" contextid="5134" timestamp="2019-08-08T12:53:09.778">
  <mem-info id="5136" free="119537664" total="367001600" percent="32">
    <mem type="eden" free="0" total="98566144" percent="0" />
    <remembered-set count="9376" freebytes="14634496" totalbytes="14672000" percent="99" regionsoverflowed="0" regionsstable="10" regionsrebuilding="0"/>
  </mem-info>
</gc-start>
<allocation-stats totalBytes="98472056" >
  <allocated-bytes non-tlh="98336" tlh="98373720" arrayletleaf="0"/>
  <largest-consumer threadName="Thread-40" threadId="0000000001BC8600" bytes="10296984" />
</allocation-stats>
<gc-op id="5137" type="copy forward" timems="7.919" contextid="5134" timestamp="2019-08-08T12:53:09.787">
  <memory-copied type="eden" objects="10567" bytes="4181272" bytesdiscarded="889016" />
  <memory-copied type="other" objects="34" bytes="1872" bytesdiscarded="592" />
  <memory-cardclean objects="3061" bytes="140408" />
  <regions eden="47" other="4" />
  <remembered-set-cleared processed="1252" cleared="677" durationms="0.153" />
  <stringconstants candidates="16510" cleared="0"  />
</gc-op>
<gc-op id="5138" type="classunload" timems="0.017" contextid="5134" timestamp="2019-08-08T12:53:09.787">
  <classunload-info classloadercandidates="69" classloadersunloaded="0" classesunloaded="0" anonymousclassesunloaded="0" quiescems="0.000" setupms="0.017" scanms="0.000" postms="0.000" />
</gc-op>
<gc-end id="5139" type="partial gc" contextid="5134" durationms="8.951" usertimems="4.836" systemtimems="19.563" timestamp="2019-08-08T12:53:09.787" activeThreads="16">
  <mem-info id="5140" free="216006656" total="367001600" percent="58">
    <mem type="eden" free="1220912" total="6291456" percent="19" />
    <remembered-set count="11264" freebytes="14626944" totalbytes="14672000" percent="99" regionsoverflowed="0" regionsstable="10" regionsrebuilding="0"/>
  </mem-info>
</gc-end>
<cycle-end id="5141" type="partial gc" contextid="5134" timestamp="2019-08-08T12:53:09.787" />
  <attribute name="elasticGC enabled" value="1" />
  <attribute name= "numThreadsSpecified" value="16" />
  <attribute name="heapSize specified" value="0" />
  <attribute name="Current GC Util" value="58" />
  <attribute name= "Current Time Running" value="221163" />
  <attribute name ="GC Interval" value="0" />
  <attribute name="Target GC Util Change" value ="80.000000" />
  <attribute name="Current GC Util Change" value="58.000000"/>
  <attribute name="Current Error" value="22.000000" />
  <attribute name="Output H" value="367077312"/>
  <attribute name="Output I" value="2048"/>
  <attribute name="Output T" value="16"/>
  <attribute name= "Current Time Running" value="221163" />
  <attribute name="GC Util currently" value="58" />
  <attribute name="CPU Util currently" value="2256431407730" />
<exclusive-end id="5142" timestamp="2019-08-08T12:53:09.787" durationms="9.785" />

<exclusive-start id="5143" timestamp="2019-08-08T12:53:09.865" intervalms="87.414">
  <response-info timems="1.099" idlems="0.553" threads="1" lastid="0000000001BF1900" lastname="Thread-51" />
</exclusive-start>
<allocation-taxation id="5144" taxation-threshold="98566144" timestamp="2019-08-08T12:53:09.865" intervalms="87.432" />
<cycle-start id="5145" type="partial gc" contextid="0" timestamp="2019-08-08T12:53:09.865" intervalms="87.591" />
<gc-start id="5146" type="partial gc" contextid="5145" timestamp="2019-08-08T12:53:09.865">
  <mem-info id="5147" free="117440512" total="367001600" percent="32">
    <mem type="eden" free="0" total="98566144" percent="0" />
    <remembered-set count="10912" freebytes="14628352" totalbytes="14672000" percent="99" regionsoverflowed="0" regionsstable="10" regionsrebuilding="0"/>
  </mem-info>
</gc-start>
<allocation-stats totalBytes="98429376" >
  <allocated-bytes non-tlh="106528" tlh="98322848" arrayletleaf="0"/>
  <largest-consumer threadName="Thread-40" threadId="0000000001BC8600" bytes="9666392" />
</allocation-stats>
<gc-op id="5148" type="copy forward" timems="8.323" contextid="5145" timestamp="2019-08-08T12:53:09.875">
  <memory-copied type="eden" objects="9773" bytes="3867192" bytesdiscarded="767688" />
  <memory-copied type="other" objects="30" bytes="1728" bytesdiscarded="592" />
  <memory-cardclean objects="3068" bytes="140664" />
  <regions eden="47" other="4" />
  <remembered-set-cleared processed="1260" cleared="684" durationms="0.756" />
  <references type="phantom" candidates="5" cleared="0" enqueued="0" />
  <stringconstants candidates="16510" cleared="0"  />
</gc-op>
<gc-op id="5149" type="classunload" timems="0.014" contextid="5145" timestamp="2019-08-08T12:53:09.875">
  <classunload-info classloadercandidates="69" classloadersunloaded="0" classesunloaded="0" anonymousclassesunloaded="0" quiescems="0.000" setupms="0.013" scanms="0.000" postms="0.000" />
</gc-op>
<gc-end id="5150" type="partial gc" contextid="5145" durationms="9.644" usertimems="25.255" systemtimems="2.084" timestamp="2019-08-08T12:53:09.875" activeThreads="16">
  <mem-info id="5151" free="211812352" total="367001600" percent="57">
    <mem type="eden" free="3753432" total="8388608" percent="44" />
    <remembered-set count="9728" freebytes="14633088" totalbytes="14672000" percent="99" regionsoverflowed="0" regionsstable="10" regionsrebuilding="0"/>
  </mem-info>
</gc-end>
<cycle-end id="5152" type="partial gc" contextid="5145" timestamp="2019-08-08T12:53:09.875" />
  <attribute name="elasticGC enabled" value="1" />
  <attribute name= "numThreadsSpecified" value="16" />
  <attribute name="heapSize specified" value="0" />
  <attribute name="Current GC Util" value="97" />
  <attribute name= "Current Time Running" value="221251" />
  <attribute name ="GC Interval" value="0" />
  <attribute name="Target GC Util Change" value ="80.000000" />
  <attribute name="Current GC Util Change" value="97.000000"/>
  <attribute name="Current Error" value="57.000000" />
  <attribute name="Output H" value="367077352"/>
  <attribute name="Output I" value="2112"/>
  <attribute name="Output T" value="16"/>
  <attribute name= "Current Time Running" value="221251" />
  <attribute name="GC Util currently" value="97" />
  <attribute name="CPU Util currently" value="1481502280473" />
<exclusive-end id="5153" timestamp="2019-08-08T12:53:09.875" durationms="10.412" />

<exclusive-start id="5154" timestamp="2019-08-08T12:53:09.968" intervalms="103.182">
  <response-info timems="0.305" idlems="0.305" threads="0" lastid="0000000001BC0E00" lastname="Thread-37" />
</exclusive-start>
<allocation-taxation id="5155" taxation-threshold="98566144" timestamp="2019-08-08T12:53:09.968" intervalms="103.172" />
<cycle-start id="5156" type="partial gc" contextid="0" timestamp="2019-08-08T12:53:09.968" intervalms="103.007" />
<gc-start id="5157" type="partial gc" contextid="5156" timestamp="2019-08-08T12:53:09.969">
  <mem-info id="5158" free="113246208" total="367001600" percent="30">
    <mem type="eden" free="0" total="98566144" percent="0" />
    <remembered-set count="9408" freebytes="14634368" totalbytes="14672000" percent="99" regionsoverflowed="0" regionsstable="10" regionsrebuilding="0"/>
  </mem-info>
</gc-start>
<allocation-stats totalBytes="98414240" >
  <allocated-bytes non-tlh="32776" tlh="98381464" arrayletleaf="0"/>
  <largest-consumer threadName="Thread-37" threadId="0000000001BC0E00" bytes="8826728" />
</allocation-stats>
<gc-op id="5159" type="copy forward" timems="11.064" contextid="5156" timestamp="2019-08-08T12:53:09.981">
  <memory-copied type="eden" objects="9426" bytes="3866144" bytesdiscarded="630848" />
  <memory-copied type="other" objects="21" bytes="832" bytesdiscarded="0" />
  <memory-cardclean objects="3060" bytes="141072" />
  <regions eden="47" other="5" />
  <remembered-set-cleared processed="1218" cleared="640" durationms="0.152" />
  <references type="phantom" candidates="8" cleared="0" enqueued="0" />
  <stringconstants candidates="16510" cleared="0"  />
</gc-op>
<gc-op id="5160" type="classunload" timems="0.015" contextid="5156" timestamp="2019-08-08T12:53:09.981">
  <classunload-info classloadercandidates="69" classloadersunloaded="0" classesunloaded="0" anonymousclassesunloaded="0" quiescems="0.000" setupms="0.015" scanms="0.000" postms="0.000" />
</gc-op>
<gc-end id="5161" type="partial gc" contextid="5156" durationms="12.399" usertimems="19.689" systemtimems="17.547" timestamp="2019-08-08T12:53:09.981" activeThreads="16">
  <mem-info id="5162" free="209715200" total="367001600" percent="57">
    <mem type="eden" free="3891296" total="8388608" percent="46" />
    <remembered-set count="9248" freebytes="14635008" totalbytes="14672000" percent="99" regionsoverflowed="0" regionsstable="10" regionsrebuilding="0"/>
  </mem-info>
</gc-end>
<cycle-end id="5163" type="partial gc" contextid="5156" timestamp="2019-08-08T12:53:09.981" />
  <attribute name="elasticGC enabled" value="1" />
  <attribute name= "numThreadsSpecified" value="16" />
  <attribute name="heapSize specified" value="0" />
  <attribute name="Current GC Util" value="146" />
  <attribute name= "Current Time Running" value="221354" />
  <attribute name ="GC Interval" value="0" />
  <attribute name="Target GC Util Change" value ="80.000000" />
  <attribute name="Current GC Util Change" value="146.000000"/>
  <attribute name="Current Error" value="47.000000" />
  <attribute name="Output H" value="367077336"/>
  <attribute name="Output I" value="2096"/>
  <attribute name="Output T" value="16"/>
  <attribute name= "Current Time Running" value="221354" />
  <attribute name="GC Util currently" value="146" />
  <attribute name="CPU Util currently" value="2397100352476" />
<exclusive-end id="5164" timestamp="2019-08-08T12:53:09.981" durationms="13.265" />

<exclusive-start id="5165" timestamp="2019-08-08T12:53:10.071" intervalms="102.682">
  <response-info timems="0.247" idlems="0.137" threads="1" lastid="0000000001BD3A00" lastname="Thread-49" />
</exclusive-start>
<allocation-taxation id="5166" taxation-threshold="98566144" timestamp="2019-08-08T12:53:10.071" intervalms="102.688" />
<cycle-start id="5167" type="partial gc" contextid="0" timestamp="2019-08-08T12:53:10.071" intervalms="102.710" />
<gc-start id="5168" type="partial gc" contextid="5167" timestamp="2019-08-08T12:53:10.071">
  <mem-info id="5169" free="111149056" total="367001600" percent="30">
    <mem type="eden" free="0" total="98566144" percent="0" />
    <remembered-set count="8992" freebytes="14636032" totalbytes="14672000" percent="99" regionsoverflowed="0" regionsstable="10" regionsrebuilding="0"/>
  </mem-info>
</gc-start>
<allocation-stats totalBytes="98463616" >
  <allocated-bytes non-tlh="49168" tlh="98414448" arrayletleaf="0"/>
  <largest-consumer threadName="Thread-45" threadId="0000000001BCC200" bytes="12288096" />
</allocation-stats>
<gc-op id="5170" type="copy forward" timems="12.374" contextid="5167" timestamp="2019-08-08T12:53:10.086">
  <memory-copied type="eden" objects="10612" bytes="4057192" bytesdiscarded="638296" />
  <memory-copied type="other" objects="25" bytes="976" bytesdiscarded="0" />
  <memory-cardclean objects="3062" bytes="141704" />
  <regions eden="47" other="5" />
  <remembered-set-cleared processed="1210" cleared="636" durationms="0.181" />
  <references type="weak" candidates="1" cleared="0" enqueued="0" />
  <references type="phantom" candidates="2" cleared="0" enqueued="0" />
  <stringconstants candidates="16510" cleared="0"  />
</gc-op>
<gc-op id="5171" type="classunload" timems="0.016" contextid="5167" timestamp="2019-08-08T12:53:10.086">
  <classunload-info classloadercandidates="69" classloadersunloaded="0" classesunloaded="0" anonymousclassesunloaded="0" quiescems="0.000" setupms="0.015" scanms="0.000" postms="0.000" />
</gc-op>
<gc-end id="5172" type="partial gc" contextid="5167" durationms="14.762" usertimems="12.888" systemtimems="21.339" timestamp="2019-08-08T12:53:10.086" activeThreads="16">
  <mem-info id="5173" free="207618048" total="367001600" percent="56">
    <mem type="eden" free="3692864" total="8388608" percent="44" />
    <remembered-set count="10784" freebytes="14628864" totalbytes="14672000" percent="99" regionsoverflowed="0" regionsstable="10" regionsrebuilding="0"/>
  </mem-info>
</gc-end>
<cycle-end id="5174" type="partial gc" contextid="5167" timestamp="2019-08-08T12:53:10.086" />
  <attribute name="elasticGC enabled" value="1" />
  <attribute name= "numThreadsSpecified" value="16" />
  <attribute name="heapSize specified" value="0" />
  <attribute name="Current GC Util" value="40" />
  <attribute name= "Current Time Running" value="221458" />
  <attribute name ="GC Interval" value="0" />
  <attribute name="Target GC Util Change" value ="80.000000" />
  <attribute name="Current GC Util Change" value="40.000000"/>
  <attribute name="Current Error" value="40.000000" />
  <attribute name="Output H" value="367077328"/>
  <attribute name="Output I" value="2080"/>
  <attribute name="Output T" value="16"/>
  <attribute name= "Current Time Running" value="221458" />
  <attribute name="GC Util currently" value="40" />
  <attribute name="CPU Util currently" value="684849810338" />
<exclusive-end id="5175" timestamp="2019-08-08T12:53:10.086" durationms="15.617" />

<exclusive-start id="5176" timestamp="2019-08-08T12:53:10.203" intervalms="132.334">
  <response-info timems="0.999" idlems="0.669" threads="2" lastid="0000000001BEDD00" lastname="Thread-52" />
</exclusive-start>
<allocation-taxation id="5177" taxation-threshold="98566144" timestamp="2019-08-08T12:53:10.203" intervalms="132.348" />
<cycle-start id="5178" type="partial gc" contextid="0" timestamp="2019-08-08T12:53:10.203" intervalms="132.320" />
<gc-start id="5179" type="partial gc" contextid="5178" timestamp="2019-08-08T12:53:10.203">
  <mem-info id="5180" free="109051904" total="367001600" percent="29">
    <mem type="eden" free="0" total="98566144" percent="0" />
    <remembered-set count="10528" freebytes="14629888" totalbytes="14672000" percent="99" regionsoverflowed="0" regionsstable="10" regionsrebuilding="0"/>
  </mem-info>
</gc-start>
<allocation-stats totalBytes="98332208" >
  <allocated-bytes non-tlh="65560" tlh="98266648" arrayletleaf="0"/>
  <largest-consumer threadName="Thread-40" threadId="0000000001BC8600" bytes="10367872" />
</allocation-stats>
<gc-op id="5181" type="copy forward" timems="7.390" contextid="5178" timestamp="2019-08-08T12:53:10.212">
  <memory-copied type="eden" objects="10073" bytes="3917920" bytesdiscarded="697864" />
  <memory-copied type="other" objects="33" bytes="1256" bytesdiscarded="0" />
  <memory-cardclean objects="3046" bytes="140512" />
  <regions eden="47" other="5" />
  <remembered-set-cleared processed="1264" cleared="685" durationms="0.284" />
  <references type="phantom" candidates="3" cleared="0" enqueued="0" />
  <stringconstants candidates="16510" cleared="0"  />
</gc-op>
<gc-op id="5182" type="classunload" timems="0.011" contextid="5178" timestamp="2019-08-08T12:53:10.212">
  <classunload-info classloadercandidates="69" classloadersunloaded="0" classesunloaded="0" anonymousclassesunloaded="0" quiescems="0.000" setupms="0.011" scanms="0.000" postms="0.000" />
</gc-op>
<gc-end id="5183" type="partial gc" contextid="5178" durationms="8.668" usertimems="12.132" systemtimems="10.791" timestamp="2019-08-08T12:53:10.212" activeThreads="16">
  <mem-info id="5184" free="207618048" total="367001600" percent="56">
    <mem type="eden" free="1675392" total="6291456" percent="26" />
    <remembered-set count="11328" freebytes="14626688" totalbytes="14672000" percent="99" regionsoverflowed="0" regionsstable="10" regionsrebuilding="0"/>
  </mem-info>
</gc-end>
<cycle-end id="5185" type="partial gc" contextid="5178" timestamp="2019-08-08T12:53:10.212" />
  <attribute name="elasticGC enabled" value="1" />
  <attribute name= "numThreadsSpecified" value="16" />
  <attribute name="heapSize specified" value="0" />
  <attribute name="Current GC Util" value="120" />
  <attribute name= "Current Time Running" value="221589" />
  <attribute name ="GC Interval" value="0" />
  <attribute name="Target GC Util Change" value ="80.000000" />
  <attribute name="Current GC Util Change" value="120.000000"/>
  <attribute name="Current Error" value="55.000000" />
  <attribute name="Output H" value="367077344"/>
  <attribute name="Output I" value="2112"/>
  <attribute name="Output T" value="16"/>
  <attribute name= "Current Time Running" value="221589" />
  <attribute name="GC Util currently" value="120" />
  <attribute name="CPU Util currently" value="1947012273256" />
<exclusive-end id="5186" timestamp="2019-08-08T12:53:10.212" durationms="9.226" />

<exclusive-start id="5187" timestamp="2019-08-08T12:53:10.283" intervalms="79.552">
  <response-info timems="0.480" idlems="0.467" threads="1" lastid="0000000001BDED00" lastname="Thread-48" />
</exclusive-start>
<allocation-taxation id="5188" taxation-threshold="98566144" timestamp="2019-08-08T12:53:10.283" intervalms="79.583" />
<cycle-start id="5189" type="partial gc" contextid="0" timestamp="2019-08-08T12:53:10.283" intervalms="80.004" />
<gc-start id="5190" type="partial gc" contextid="5189" timestamp="2019-08-08T12:53:10.283">
  <mem-info id="5191" free="109051904" total="367001600" percent="29">
    <mem type="eden" free="0" total="98566144" percent="0" />
    <remembered-set count="11008" freebytes="14627968" totalbytes="14672000" percent="99" regionsoverflowed="0" regionsstable="10" regionsrebuilding="0"/>
  </mem-info>
</gc-start>
<allocation-stats totalBytes="98259720" >
  <allocated-bytes non-tlh="131112" tlh="98128608" arrayletleaf="0"/>
  <largest-consumer threadName="Thread-40" threadId="0000000001BC8600" bytes="12439536" />
</allocation-stats>
<gc-op id="5192" type="copy forward" timems="7.424" contextid="5189" timestamp="2019-08-08T12:53:10.293">
  <memory-copied type="eden" objects="9095" bytes="3711776" bytesdiscarded="774160" />
  <memory-copied type="other" objects="21" bytes="824" bytesdiscarded="0" />
  <memory-cardclean objects="3042" bytes="140064" />
  <regions eden="47" other="4" />
  <remembered-set-cleared processed="1241" cleared="661" durationms="0.164" />
  <references type="phantom" candidates="5" cleared="0" enqueued="0" />
  <stringconstants candidates="16510" cleared="0"  />
</gc-op>
<gc-op id="5193" type="classunload" timems="0.013" contextid="5189" timestamp="2019-08-08T12:53:10.293">
  <classunload-info classloadercandidates="69" classloadersunloaded="0" classesunloaded="0" anonymousclassesunloaded="0" quiescems="0.000" setupms="0.013" scanms="0.000" postms="0.000" />
</gc-op>
<gc-end id="5194" type="partial gc" contextid="5189" durationms="9.383" usertimems="17.924" systemtimems="11.082" timestamp="2019-08-08T12:53:10.293" activeThreads="16">
  <mem-info id="5195" free="205520896" total="367001600" percent="56">
    <mem type="eden" free="1805224" total="6291456" percent="28" />
    <remembered-set count="9792" freebytes="14632832" totalbytes="14672000" percent="99" regionsoverflowed="0" regionsstable="10" regionsrebuilding="0"/>
  </mem-info>
</gc-end>
<cycle-end id="5196" type="partial gc" contextid="5189" timestamp="2019-08-08T12:53:10.293" />
  <attribute name="elasticGC enabled" value="1" />
  <attribute name= "numThreadsSpecified" value="16" />
  <attribute name="heapSize specified" value="0" />
  <attribute name="Current GC Util" value="57" />
  <attribute name= "Current Time Running" value="221670" />
  <attribute name ="GC Interval" value="0" />
  <attribute name="Target GC Util Change" value ="80.000000" />
  <attribute name="Current GC Util Change" value="57.000000"/>
  <attribute name="Current Error" value="130.000000" />
  <attribute name="Output H" value="367077432"/>
  <attribute name="Output I" value="2240"/>
  <attribute name="Output T" value="16"/>
  <attribute name= "Current Time Running" value="221670" />
  <attribute name="GC Util currently" value="57" />
  <attribute name="CPU Util currently" value="829236999907" />
<exclusive-end id="5197" timestamp="2019-08-08T12:53:10.293" durationms="10.486" />

<exclusive-start id="5198" timestamp="2019-08-08T12:53:10.357" intervalms="74.915">
  <response-info timems="0.120" idlems="0.063" threads="1" lastid="0000000001BCFE00" lastname="Thread-38" />
</exclusive-start>
<allocation-taxation id="5199" taxation-threshold="98566144" timestamp="2019-08-08T12:53:10.358" intervalms="74.863" />
<cycle-start id="5200" type="partial gc" contextid="0" timestamp="2019-08-08T12:53:10.358" intervalms="74.457" />
<gc-start id="5201" type="partial gc" contextid="5200" timestamp="2019-08-08T12:53:10.358">
  <mem-info id="5202" free="106954752" total="367001600" percent="29">
    <mem type="eden" free="0" total="98566144" percent="0" />
    <remembered-set count="9568" freebytes="14633728" totalbytes="14672000" percent="99" regionsoverflowed="0" regionsstable="10" regionsrebuilding="0"/>
  </mem-info>
</gc-start>
<allocation-stats totalBytes="98465528" >
  <allocated-bytes non-tlh="49168" tlh="98416360" arrayletleaf="0"/>
  <largest-consumer threadName="Thread-44" threadId="0000000001BDB200" bytes="14651336" />
</allocation-stats>
<gc-op id="5203" type="copy forward" timems="8.578" contextid="5200" timestamp="2019-08-08T12:53:10.367">
  <memory-copied type="eden" objects="10472" bytes="4133016" bytesdiscarded="818872" />
  <memory-copied type="other" objects="26" bytes="896" bytesdiscarded="0" />
  <memory-cardclean objects="3027" bytes="139136" />
  <regions eden="47" other="4" />
  <remembered-set-cleared processed="1205" cleared="619" durationms="0.197" />
  <references type="phantom" candidates="2" cleared="0" enqueued="0" />
  <stringconstants candidates="16510" cleared="0"  />
</gc-op>
<gc-op id="5204" type="classunload" timems="0.011" contextid="5200" timestamp="2019-08-08T12:53:10.367">
  <classunload-info classloadercandidates="69" classloadersunloaded="0" classesunloaded="0" anonymousclassesunloaded="0" quiescems="0.000" setupms="0.011" scanms="0.000" postms="0.000" />
</gc-op>
<gc-end id="5205" type="partial gc" contextid="5200" durationms="9.611" usertimems="19.517" systemtimems="5.257" timestamp="2019-08-08T12:53:10.368" activeThreads="16">
  <mem-info id="5206" free="203423744" total="367001600" percent="55">
    <mem type="eden" free="1339296" total="6291456" percent="21" />
    <remembered-set count="9824" freebytes="14632704" totalbytes="14672000" percent="99" regionsoverflowed="0" regionsstable="10" regionsrebuilding="0"/>
  </mem-info>
</gc-end>
<cycle-end id="5207" type="partial gc" contextid="5200" timestamp="2019-08-08T12:53:10.368" />
  <attribute name="elasticGC enabled" value="1" />
  <attribute name= "numThreadsSpecified" value="16" />
  <attribute name="heapSize specified" value="0" />
  <attribute name="Current GC Util" value="164" />
  <attribute name= "Current Time Running" value="221743" />
  <attribute name ="GC Interval" value="0" />
  <attribute name="Target GC Util Change" value ="80.000000" />
  <attribute name="Current GC Util Change" value="164.000000"/>
  <attribute name="Current Error" value="-84.000000" />
  <attribute name="Output H" value="367077184"/>
  <attribute name="Output I" value="1864"/>
  <attribute name="Output T" value="16"/>
  <attribute name= "Current Time Running" value="221743" />
  <attribute name="GC Util currently" value="164" />
  <attribute name="CPU Util currently" value="2235080104511" />
<exclusive-end id="5208" timestamp="2019-08-08T12:53:10.368" durationms="10.495" />

<exclusive-start id="5209" timestamp="2019-08-08T12:53:10.427" intervalms="69.778">
  <response-info timems="0.558" idlems="0.283" threads="1" lastid="0000000001BCC200" lastname="Thread-45" />
</exclusive-start>
<allocation-taxation id="5210" taxation-threshold="98566144" timestamp="2019-08-08T12:53:10.427" intervalms="69.798" />
<cycle-start id="5211" type="partial gc" contextid="0" timestamp="2019-08-08T12:53:10.427" intervalms="69.807" />
<gc-start id="5212" type="partial gc" contextid="5211" timestamp="2019-08-08T12:53:10.428">
  <mem-info id="5213" free="104857600" total="367001600" percent="28">
    <mem type="eden" free="0" total="98566144" percent="0" />
    <remembered-set count="9408" freebytes="14634368" totalbytes="14672000" percent="99" regionsoverflowed="0" regionsstable="10" regionsrebuilding="0"/>
  </mem-info>
</gc-start>
<allocation-stats totalBytes="98395728" >
  <allocated-bytes non-tlh="57368" tlh="98338360" arrayletleaf="0"/>
  <largest-consumer threadName="Thread-40" threadId="0000000001BC8600" bytes="13069248" />
</allocation-stats>
<gc-op id="5214" type="copy forward" timems="8.027" contextid="5211" timestamp="2019-08-08T12:53:10.437">
  <memory-copied type="eden" objects="9982" bytes="3938416" bytesdiscarded="809624" />
  <memory-copied type="other" objects="26" bytes="896" bytesdiscarded="0" />
  <memory-cardclean objects="3074" bytes="141272" />
  <regions eden="47" other="4" />
  <remembered-set-cleared processed="1253" cleared="673" durationms="0.214" />
  <references type="phantom" candidates="4" cleared="0" enqueued="0" />
  <stringconstants candidates="16510" cleared="0"  />
</gc-op>
<gc-op id="5215" type="classunload" timems="0.012" contextid="5211" timestamp="2019-08-08T12:53:10.437">
  <classunload-info classloadercandidates="69" classloadersunloaded="0" classesunloaded="0" anonymousclassesunloaded="0" quiescems="0.000" setupms="0.011" scanms="0.000" postms="0.000" />
</gc-op>
<heap-resize id="5216" type="expand" space="default" amount="48234496" count="1" timems="0.124" reason="excessive time being spent in gc" timestamp="2019-08-08T12:53:10.437" />
<gc-end id="5217" type="partial gc" contextid="5211" durationms="9.554" usertimems="19.301" systemtimems="8.410" timestamp="2019-08-08T12:53:10.437" activeThreads="16">
  <mem-info id="5218" free="249561088" total="415236096" percent="60">
    <mem type="eden" free="1543128" total="6291456" percent="24" />
    <remembered-set count="10816" freebytes="16557056" totalbytes="16600320" percent="99" regionsoverflowed="0" regionsstable="10" regionsrebuilding="0"/>
  </mem-info>
</gc-end>
<cycle-end id="5219" type="partial gc" contextid="5211" timestamp="2019-08-08T12:53:10.437" />
  <attribute name="elasticGC enabled" value="1" />
  <attribute name= "numThreadsSpecified" value="16" />
  <attribute name="heapSize specified" value="0" />
  <attribute name="Current GC Util" value="149" />
  <attribute name= "Current Time Running" value="221813" />
  <attribute name ="GC Interval" value="0" />
  <attribute name="Target GC Util Change" value ="80.000000" />
  <attribute name="Current GC Util Change" value="149.000000"/>
  <attribute name="Current Error" value="-107.000000" />
  <attribute name="Output H" value="367077160"/>
  <attribute name="Output I" value="1824"/>
  <attribute name="Output T" value="16"/>
  <attribute name= "Current Time Running" value="221813" />
  <attribute name="GC Util currently" value="149" />
  <attribute name="CPU Util currently" value="2526834644662" />
<exclusive-end id="5220" timestamp="2019-08-08T12:53:10.437" durationms="10.218" />

<exclusive-start id="5221" timestamp="2019-08-08T12:53:10.555" intervalms="127.936">
  <response-info timems="0.112" idlems="0.112" threads="0" lastid="0000000001BC0E00" lastname="Thread-37" />
</exclusive-start>
<allocation-taxation id="5222" taxation-threshold="111149056" timestamp="2019-08-08T12:53:10.555" intervalms="127.914" />
<cycle-start id="5223" type="partial gc" contextid="0" timestamp="2019-08-08T12:53:10.555" intervalms="128.016" />
<gc-start id="5224" type="partial gc" contextid="5223" timestamp="2019-08-08T12:53:10.556">
  <mem-info id="5225" free="138412032" total="415236096" percent="33">
    <mem type="eden" free="0" total="111149056" percent="0" />
    <remembered-set count="10592" freebytes="16557952" totalbytes="16600320" percent="99" regionsoverflowed="0" regionsstable="10" regionsrebuilding="0"/>
  </mem-info>
</gc-start>
<allocation-stats totalBytes="110926280" >
  <allocated-bytes non-tlh="0" tlh="110926280" arrayletleaf="0"/>
  <largest-consumer threadName="Thread-40" threadId="0000000001BC8600" bytes="12697880" />
</allocation-stats>
<gc-op id="5226" type="copy forward" timems="10.431" contextid="5223" timestamp="2019-08-08T12:53:10.568">
  <memory-copied type="eden" objects="10377" bytes="3947144" bytesdiscarded="816848" />
  <memory-copied type="other" objects="24" bytes="864" bytesdiscarded="0" />
  <memory-cardclean objects="3054" bytes="140392" />
  <regions eden="53" other="4" />
  <remembered-set-cleared processed="1237" cleared="658" durationms="0.166" />
  <references type="phantom" candidates="1" cleared="0" enqueued="0" />
  <stringconstants candidates="16510" cleared="0"  />
</gc-op>
<gc-op id="5227" type="classunload" timems="0.015" contextid="5223" timestamp="2019-08-08T12:53:10.568">
  <classunload-info classloadercandidates="69" classloadersunloaded="0" classesunloaded="0" anonymousclassesunloaded="0" quiescems="0.000" setupms="0.015" scanms="0.000" postms="0.000" />
</gc-op>
<gc-end id="5228" type="partial gc" contextid="5223" durationms="12.315" usertimems="23.381" systemtimems="13.750" timestamp="2019-08-08T12:53:10.568" activeThreads="16">
  <mem-info id="5229" free="245366784" total="415236096" percent="59">
    <mem type="eden" free="3624352" total="8388608" percent="43" />
    <remembered-set count="9760" freebytes="16561280" totalbytes="16600320" percent="99" regionsoverflowed="0" regionsstable="10" regionsrebuilding="0"/>
  </mem-info>
</gc-end>
<cycle-end id="5230" type="partial gc" contextid="5223" timestamp="2019-08-08T12:53:10.568" />
  <attribute name="elasticGC enabled" value="1" />
  <attribute name= "numThreadsSpecified" value="16" />
  <attribute name="heapSize specified" value="0" />
  <attribute name="Current GC Util" value="151" />
  <attribute name= "Current Time Running" value="221942" />
  <attribute name ="GC Interval" value="0" />
  <attribute name="Target GC Util Change" value ="80.000000" />
  <attribute name="Current GC Util Change" value="151.000000"/>
  <attribute name="Current Error" value="-116.000000" />
  <attribute name="Output H" value="415311648"/>
  <attribute name="Output I" value="1808"/>
  <attribute name="Output T" value="16"/>
  <attribute name= "Current Time Running" value="221942" />
  <attribute name="GC Util currently" value="151" />
  <attribute name="CPU Util currently" value="1453246355288" />
<exclusive-end id="5231" timestamp="2019-08-08T12:53:10.568" durationms="13.100" />

<exclusive-start id="5232" timestamp="2019-08-08T12:53:10.659" intervalms="103.764">
  <response-info timems="11.510" idlems="11.510" threads="0" lastid="0000000001BC8600" lastname="Thread-40" />
</exclusive-start>
<allocation-taxation id="5233" taxation-threshold="111149056" timestamp="2019-08-08T12:53:10.659" intervalms="103.809" />
<cycle-start id="5234" type="partial gc" contextid="0" timestamp="2019-08-08T12:53:10.659" intervalms="103.693" />
<gc-start id="5235" type="partial gc" contextid="5234" timestamp="2019-08-08T12:53:10.659">
  <mem-info id="5236" free="134217728" total="415236096" percent="32">
    <mem type="eden" free="0" total="111149056" percent="0" />
    <remembered-set count="9536" freebytes="16562176" totalbytes="16600320" percent="99" regionsoverflowed="0" regionsstable="10" regionsrebuilding="0"/>
  </mem-info>
</gc-start>
<allocation-stats totalBytes="111058312" >
  <allocated-bytes non-tlh="98336" tlh="110959976" arrayletleaf="0"/>
  <largest-consumer threadName="Thread-37" threadId="0000000001BC0E00" bytes="11358104" />
</allocation-stats>
<gc-op id="5237" type="copy forward" timems="12.147" contextid="5234" timestamp="2019-08-08T12:53:10.673">
  <memory-copied type="eden" objects="10589" bytes="4152344" bytesdiscarded="916088" />
  <memory-copied type="other" objects="24" bytes="864" bytesdiscarded="0" />
  <memory-cardclean objects="3087" bytes="142592" />
  <regions eden="53" other="5" />
  <remembered-set-cleared processed="1247" cleared="674" durationms="0.162" />
  <references type="phantom" candidates="2" cleared="0" enqueued="0" />
  <stringconstants candidates="16510" cleared="0"  />
</gc-op>
<gc-op id="5238" type="classunload" timems="0.011" contextid="5234" timestamp="2019-08-08T12:53:10.673">
  <classunload-info classloadercandidates="69" classloadersunloaded="0" classesunloaded="0" anonymousclassesunloaded="0" quiescems="0.000" setupms="0.011" scanms="0.000" postms="0.000" />
</gc-op>
<gc-end id="5239" type="partial gc" contextid="5234" durationms="13.743" usertimems="4.592" systemtimems="24.129" timestamp="2019-08-08T12:53:10.673" activeThreads="16">
  <mem-info id="5240" free="245366784" total="415236096" percent="59">
    <mem type="eden" free="1222752" total="6291456" percent="19" />
    <remembered-set count="8736" freebytes="16565376" totalbytes="16600320" percent="99" regionsoverflowed="0" regionsstable="10" regionsrebuilding="0"/>
  </mem-info>
</gc-end>
<cycle-end id="5241" type="partial gc" contextid="5234" timestamp="2019-08-08T12:53:10.673" />
  <attribute name="elasticGC enabled" value="1" />
  <attribute name= "numThreadsSpecified" value="16" />
  <attribute name="heapSize specified" value="0" />
  <attribute name="Current GC Util" value="64" />
  <attribute name= "Current Time Running" value="222045" />
  <attribute name ="GC Interval" value="0" />
  <attribute name="Target GC Util Change" value ="80.000000" />
  <attribute name="Current GC Util Change" value="64.000000"/>
  <attribute name="Current Error" value="16.000000" />
  <attribute name="Output H" value="415311800"/>
  <attribute name="Output I" value="2040"/>
  <attribute name="Output T" value="16"/>
  <attribute name= "Current Time Running" value="222045" />
  <attribute name="GC Util currently" value="64" />
  <attribute name="CPU Util currently" value="1218490796515" />
<exclusive-end id="5242" timestamp="2019-08-08T12:53:10.673" durationms="14.411" />

<exclusive-start id="5243" timestamp="2019-08-08T12:53:10.783" intervalms="123.961">
  <response-info timems="1.097" idlems="1.097" threads="0" lastid="0000000001BB9600" lastname="Thread-46" />
</exclusive-start>
<allocation-taxation id="5244" taxation-threshold="111149056" timestamp="2019-08-08T12:53:10.783" intervalms="124.078" />
<cycle-start id="5245" type="partial gc" contextid="0" timestamp="2019-08-08T12:53:10.783" intervalms="124.081" />
<gc-start id="5246" type="partial gc" contextid="5245" timestamp="2019-08-08T12:53:10.783">
  <mem-info id="5247" free="134217728" total="415236096" percent="32">
    <mem type="eden" free="0" total="111149056" percent="0" />
    <remembered-set count="8480" freebytes="16566400" totalbytes="16600320" percent="99" regionsoverflowed="0" regionsstable="10" regionsrebuilding="0"/>
  </mem-info>
</gc-start>
<allocation-stats totalBytes="110981088" >
  <allocated-bytes non-tlh="65560" tlh="110915528" arrayletleaf="0"/>
  <largest-consumer threadName="Thread-37" threadId="0000000001BC0E00" bytes="12987440" />
</allocation-stats>
<gc-op id="5248" type="copy forward" timems="8.219" contextid="5245" timestamp="2019-08-08T12:53:10.793">
  <memory-copied type="eden" objects="9643" bytes="3740056" bytesdiscarded="727384" />
  <memory-copied type="other" objects="26" bytes="1160" bytesdiscarded="0" />
  <memory-cardclean objects="3060" bytes="141016" />
  <regions eden="53" other="4" />
  <remembered-set-cleared processed="1249" cleared="669" durationms="0.723" />
  <references type="phantom" candidates="4" cleared="0" enqueued="0" />
  <stringconstants candidates="16510" cleared="0"  />
</gc-op>
<gc-op id="5249" type="classunload" timems="0.010" contextid="5245" timestamp="2019-08-08T12:53:10.793">
  <classunload-info classloadercandidates="69" classloadersunloaded="0" classesunloaded="0" anonymousclassesunloaded="0" quiescems="0.000" setupms="0.010" scanms="0.000" postms="0.000" />
</gc-op>
<gc-end id="5250" type="partial gc" contextid="5245" durationms="9.541" usertimems="20.820" systemtimems="3.220" timestamp="2019-08-08T12:53:10.793" activeThreads="16">
  <mem-info id="5251" free="241172480" total="415236096" percent="58">
    <mem type="eden" free="3920880" total="8388608" percent="46" />
    <remembered-set count="9792" freebytes="16561152" totalbytes="16600320" percent="99" regionsoverflowed="0" regionsstable="10" regionsrebuilding="0"/>
  </mem-info>
</gc-end>
<cycle-end id="5252" type="partial gc" contextid="5245" timestamp="2019-08-08T12:53:10.793" />
  <attribute name="elasticGC enabled" value="1" />
  <attribute name= "numThreadsSpecified" value="16" />
  <attribute name="heapSize specified" value="0" />
  <attribute name="Current GC Util" value="124" />
  <attribute name= "Current Time Running" value="222169" />
  <attribute name ="GC Interval" value="0" />
  <attribute name="Target GC Util Change" value ="80.000000" />
  <attribute name="Current GC Util Change" value="124.000000"/>
  <attribute name="Current Error" value="30.000000" />
  <attribute name="Output H" value="415311816"/>
  <attribute name="Output I" value="2064"/>
  <attribute name="Output T" value="16"/>
  <attribute name= "Current Time Running" value="222169" />
  <attribute name="GC Util currently" value="124" />
  <attribute name="CPU Util currently" value="2100792760960" />
<exclusive-end id="5253" timestamp="2019-08-08T12:53:10.793" durationms="10.241" />

<exclusive-start id="5254" timestamp="2019-08-08T12:53:10.865" intervalms="81.992">
  <response-info timems="1.133" idlems="1.133" threads="0" lastid="0000000001BF1900" lastname="Thread-51" />
</exclusive-start>
<allocation-taxation id="5255" taxation-threshold="111149056" timestamp="2019-08-08T12:53:10.865" intervalms="81.830" />
<cycle-start id="5256" type="partial gc" contextid="0" timestamp="2019-08-08T12:53:10.865" intervalms="81.827" />
<gc-start id="5257" type="partial gc" contextid="5256" timestamp="2019-08-08T12:53:10.865">
  <mem-info id="5258" free="130023424" total="415236096" percent="31">
    <mem type="eden" free="0" total="111149056" percent="0" />
    <remembered-set count="9376" freebytes="16562816" totalbytes="16600320" percent="99" regionsoverflowed="0" regionsstable="10" regionsrebuilding="0"/>
  </mem-info>
</gc-start>
<allocation-stats totalBytes="111034096" >
  <allocated-bytes non-tlh="98328" tlh="110935768" arrayletleaf="0"/>
  <largest-consumer threadName="Thread-48" threadId="0000000001BDED00" bytes="10624136" />
</allocation-stats>
<gc-op id="5259" type="copy forward" timems="10.151" contextid="5256" timestamp="2019-08-08T12:53:10.878">
  <memory-copied type="eden" objects="10090" bytes="3998248" bytesdiscarded="777120" />
  <memory-copied type="other" objects="28" bytes="1008" bytesdiscarded="0" />
  <memory-cardclean objects="3109" bytes="143184" />
  <regions eden="53" other="5" />
  <remembered-set-cleared processed="1230" cleared="659" durationms="1.442" />
  <references type="phantom" candidates="1" cleared="0" enqueued="0" />
  <stringconstants candidates="16510" cleared="0"  />
</gc-op>
<gc-op id="5260" type="classunload" timems="0.013" contextid="5256" timestamp="2019-08-08T12:53:10.878">
  <classunload-info classloadercandidates="69" classloadersunloaded="0" classesunloaded="0" anonymousclassesunloaded="0" quiescems="0.000" setupms="0.013" scanms="0.000" postms="0.000" />
</gc-op>
<gc-end id="5261" type="partial gc" contextid="5256" durationms="12.464" usertimems="34.812" systemtimems="4.720" timestamp="2019-08-08T12:53:10.878" activeThreads="16">
  <mem-info id="5262" free="239075328" total="415236096" percent="57">
    <mem type="eden" free="3612976" total="8388608" percent="43" />
    <remembered-set count="9760" freebytes="16561280" totalbytes="16600320" percent="99" regionsoverflowed="0" regionsstable="10" regionsrebuilding="0"/>
  </mem-info>
</gc-end>
<cycle-end id="5263" type="partial gc" contextid="5256" timestamp="2019-08-08T12:53:10.878" />
  <attribute name="elasticGC enabled" value="1" />
  <attribute name= "numThreadsSpecified" value="16" />
  <attribute name="heapSize specified" value="0" />
  <attribute name="Current GC Util" value="199" />
  <attribute name= "Current Time Running" value="222252" />
  <attribute name ="GC Interval" value="0" />
  <attribute name="Target GC Util Change" value ="80.000000" />
  <attribute name="Current GC Util Change" value="199.000000"/>
  <attribute name="Current Error" value="-37.000000" />
  <attribute name="Output H" value="415311736"/>
  <attribute name="Output I" value="1944"/>
  <attribute name="Output T" value="16"/>
  <attribute name= "Current Time Running" value="222252" />
  <attribute name="GC Util currently" value="199" />
  <attribute name="CPU Util currently" value="670107543859" />
<exclusive-end id="5264" timestamp="2019-08-08T12:53:10.878" durationms="13.171" />

<exclusive-start id="5265" timestamp="2019-08-08T12:53:10.993" intervalms="127.852">
  <response-info timems="0.216" idlems="0.216" threads="0" lastid="0000000001BD3A00" lastname="Thread-49" />
</exclusive-start>
<allocation-taxation id="5266" taxation-threshold="111149056" timestamp="2019-08-08T12:53:10.994" intervalms="128.649" />
<cycle-start id="5267" type="partial gc" contextid="0" timestamp="2019-08-08T12:53:10.994" intervalms="128.662" />
<gc-start id="5268" type="partial gc" contextid="5267" timestamp="2019-08-08T12:53:10.994">
  <mem-info id="5269" free="127926272" total="415236096" percent="30">
    <mem type="eden" free="0" total="111149056" percent="0" />
    <remembered-set count="9344" freebytes="16562944" totalbytes="16600320" percent="99" regionsoverflowed="0" regionsstable="10" regionsrebuilding="0"/>
  </mem-info>
</gc-start>
<allocation-stats totalBytes="110912184" >
  <allocated-bytes non-tlh="0" tlh="110912184" arrayletleaf="0"/>
  <largest-consumer threadName="Thread-44" threadId="0000000001BDB200" bytes="10851160" />
</allocation-stats>
<gc-op id="5270" type="copy forward" timems="10.248" contextid="5267" timestamp="2019-08-08T12:53:11.008">
  <memory-copied type="eden" objects="9464" bytes="3791224" bytesdiscarded="747136" />
  <memory-copied type="other" objects="24" bytes="864" bytesdiscarded="0" />
  <memory-cardclean objects="3097" bytes="142256" />
  <regions eden="53" other="5" />
  <remembered-set-cleared processed="1235" cleared="661" durationms="0.154" />
  <references type="phantom" candidates="2" cleared="0" enqueued="0" />
  <stringconstants candidates="16510" cleared="0"  />
</gc-op>
<gc-op id="5271" type="classunload" timems="0.012" contextid="5267" timestamp="2019-08-08T12:53:11.008">
  <classunload-info classloadercandidates="69" classloadersunloaded="0" classesunloaded="0" anonymousclassesunloaded="0" quiescems="0.000" setupms="0.011" scanms="0.000" postms="0.000" />
</gc-op>
<gc-end id="5272" type="partial gc" contextid="5267" durationms="14.342" usertimems="27.580" systemtimems="14.617" timestamp="2019-08-08T12:53:11.008" activeThreads="16">
  <mem-info id="5273" free="236978176" total="415236096" percent="57">
    <mem type="eden" free="3849976" total="8388608" percent="45" />
    <remembered-set count="10272" freebytes="16559232" totalbytes="16600320" percent="99" regionsoverflowed="0" regionsstable="10" regionsrebuilding="0"/>
  </mem-info>
</gc-end>
<cycle-end id="5274" type="partial gc" contextid="5267" timestamp="2019-08-08T12:53:11.008" />
  <attribute name="elasticGC enabled" value="1" />
  <attribute name= "numThreadsSpecified" value="16" />
  <attribute name="heapSize specified" value="0" />
  <attribute name="Current GC Util" value="114" />
  <attribute name= "Current Time Running" value="222382" />
  <attribute name ="GC Interval" value="0" />
  <attribute name="Target GC Util Change" value ="80.000000" />
  <attribute name="Current GC Util Change" value="114.000000"/>
  <attribute name="Current Error" value="-34.000000" />
  <attribute name="Output H" value="415311744"/>
  <attribute name="Output I" value="1952"/>
  <attribute name="Output T" value="16"/>
  <attribute name= "Current Time Running" value="222382" />
  <attribute name="GC Util currently" value="114" />
  <attribute name="CPU Util currently" value="335753476995" />
<exclusive-end id="5275" timestamp="2019-08-08T12:53:11.008" durationms="15.700" />

<exclusive-start id="5276" timestamp="2019-08-08T12:53:11.079" intervalms="85.851">
  <response-info timems="0.444" idlems="0.444" threads="0" lastid="0000000001BF9100" lastname="Thread-43" />
</exclusive-start>
<allocation-taxation id="5277" taxation-threshold="111149056" timestamp="2019-08-08T12:53:11.079" intervalms="85.066" />
<cycle-start id="5278" type="partial gc" contextid="0" timestamp="2019-08-08T12:53:11.079" intervalms="85.262" />
<gc-start id="5279" type="partial gc" contextid="5278" timestamp="2019-08-08T12:53:11.079">
  <mem-info id="5280" free="125829120" total="415236096" percent="30">
    <mem type="eden" free="0" total="111149056" percent="0" />
    <remembered-set count="10048" freebytes="16560128" totalbytes="16600320" percent="99" regionsoverflowed="0" regionsstable="10" regionsrebuilding="0"/>
  </mem-info>
</gc-start>
<allocation-stats totalBytes="110897352" >
  <allocated-bytes non-tlh="81944" tlh="110815408" arrayletleaf="0"/>
  <largest-consumer threadName="Thread-52" threadId="0000000001BEDD00" bytes="13123552" />
</allocation-stats>
<gc-op id="5281" type="copy forward" timems="10.940" contextid="5278" timestamp="2019-08-08T12:53:11.091">
  <memory-copied type="eden" objects="9896" bytes="3997408" bytesdiscarded="817888" />
  <memory-copied type="other" objects="37" bytes="1920" bytesdiscarded="0" />
  <memory-cardclean objects="3090" bytes="141896" />
  <regions eden="53" other="5" />
  <remembered-set-cleared processed="1221" cleared="646" durationms="0.162" />
  <references type="weak" candidates="1" cleared="0" enqueued="0" />
  <references type="phantom" candidates="2" cleared="0" enqueued="0" />
  <stringconstants candidates="16510" cleared="0"  />
</gc-op>
<gc-op id="5282" type="classunload" timems="0.013" contextid="5278" timestamp="2019-08-08T12:53:11.091">
  <classunload-info classloadercandidates="69" classloadersunloaded="0" classesunloaded="0" anonymousclassesunloaded="0" quiescems="0.000" setupms="0.012" scanms="0.000" postms="0.000" />
</gc-op>
<gc-end id="5283" type="partial gc" contextid="5278" durationms="12.079" usertimems="24.825" systemtimems="11.332" timestamp="2019-08-08T12:53:11.091" activeThreads="16">
  <mem-info id="5284" free="234881024" total="415236096" percent="56">
    <mem type="eden" free="3573040" total="8388608" percent="42" />
    <remembered-set count="9760" freebytes="16561280" totalbytes="16600320" percent="99" regionsoverflowed="0" regionsstable="10" regionsrebuilding="0"/>
  </mem-info>
</gc-end>
<cycle-end id="5285" type="partial gc" contextid="5278" timestamp="2019-08-08T12:53:11.091" />
  <attribute name="elasticGC enabled" value="1" />
  <attribute name= "numThreadsSpecified" value="16" />
  <attribute name="heapSize specified" value="0" />
  <attribute name="Current GC Util" value="213" />
  <attribute name= "Current Time Running" value="222465" />
  <attribute name ="GC Interval" value="0" />
  <attribute name="Target GC Util Change" value ="80.000000" />
  <attribute name="Current GC Util Change" value="213.000000"/>
  <attribute name="Current Error" value="-118.000000" />
  <attribute name="Output H" value="415311640"/>
  <attribute name="Output I" value="1800"/>
  <attribute name="Output T" value="16"/>
  <attribute name= "Current Time Running" value="222465" />
  <attribute name="GC Util currently" value="213" />
  <attribute name="CPU Util currently" value="1885210746048" />
<exclusive-end id="5286" timestamp="2019-08-08T12:53:11.091" durationms="12.888" />

<exclusive-start id="5287" timestamp="2019-08-08T12:53:11.238" intervalms="159.783">
  <response-info timems="1.635" idlems="0.803" threads="4" lastid="0000000001BD3A00" lastname="Thread-49" />
</exclusive-start>
<allocation-taxation id="5288" taxation-threshold="111149056" timestamp="2019-08-08T12:53:11.238" intervalms="159.799" />
<cycle-start id="5289" type="partial gc" contextid="0" timestamp="2019-08-08T12:53:11.239" intervalms="159.637" />
<gc-start id="5290" type="partial gc" contextid="5289" timestamp="2019-08-08T12:53:11.239">
  <mem-info id="5291" free="123731968" total="415236096" percent="29">
    <mem type="eden" free="0" total="111149056" percent="0" />
    <remembered-set count="9472" freebytes="16562432" totalbytes="16600320" percent="99" regionsoverflowed="0" regionsstable="10" regionsrebuilding="0"/>
  </mem-info>
</gc-start>
<allocation-stats totalBytes="110907480" >
  <allocated-bytes non-tlh="49168" tlh="110858312" arrayletleaf="0"/>
  <largest-consumer threadName="Thread-37" threadId="0000000001BC0E00" bytes="15275720" />
</allocation-stats>
<gc-op id="5292" type="copy forward" timems="8.004" contextid="5289" timestamp="2019-08-08T12:53:11.248">
  <memory-copied type="eden" objects="9400" bytes="3905328" bytesdiscarded="674512" />
  <memory-copied type="other" objects="40" bytes="2496" bytesdiscarded="0" />
  <memory-cardclean objects="3048" bytes="139376" />
  <regions eden="53" other="5" />
  <remembered-set-cleared processed="1235" cleared="654" durationms="0.148" />
  <references type="phantom" candidates="7" cleared="0" enqueued="0" />
  <stringconstants candidates="16510" cleared="0"  />
</gc-op>
<gc-op id="5293" type="classunload" timems="0.022" contextid="5289" timestamp="2019-08-08T12:53:11.248">
  <classunload-info classloadercandidates="69" classloadersunloaded="0" classesunloaded="0" anonymousclassesunloaded="0" quiescems="0.000" setupms="0.022" scanms="0.000" postms="0.000" />
</gc-op>
<gc-end id="5294" type="partial gc" contextid="5289" durationms="8.982" usertimems="23.570" systemtimems="4.593" timestamp="2019-08-08T12:53:11.248" activeThreads="16">
  <mem-info id="5295" free="234881024" total="415236096" percent="56">
    <mem type="eden" free="1711304" total="6291456" percent="27" />
    <remembered-set count="9792" freebytes="16561152" totalbytes="16600320" percent="99" regionsoverflowed="0" regionsstable="10" regionsrebuilding="0"/>
  </mem-info>
</gc-end>
<cycle-end id="5296" type="partial gc" contextid="5289" timestamp="2019-08-08T12:53:11.248" />
  <attribute name="elasticGC enabled" value="1" />
  <attribute name= "numThreadsSpecified" value="16" />
  <attribute name="heapSize specified" value="0" />
  <attribute name="Current GC Util" value="131" />
  <attribute name= "Current Time Running" value="222624" />
  <attribute name ="GC Interval" value="0" />
  <attribute name="Target GC Util Change" value ="80.000000" />
  <attribute name="Current GC Util Change" value="131.000000"/>
  <attribute name="Current Error" value="-105.000000" />
  <attribute name="Output H" value="415311656"/>
  <attribute name="Output I" value="1824"/>
  <attribute name="Output T" value="16"/>
  <attribute name= "Current Time Running" value="222624" />
  <attribute name="GC Util currently" value="131" />
  <attribute name="CPU Util currently" value="2505893203928" />
<exclusive-end id="5297" timestamp="2019-08-08T12:53:11.248" durationms="9.770" />

<exclusive-start id="5298" timestamp="2019-08-08T12:53:11.337" intervalms="98.716">
  <response-info timems="0.495" idlems="0.495" threads="0" lastid="0000000001BAA700" lastname="Thread-50" />
</exclusive-start>
<allocation-taxation id="5299" taxation-threshold="111149056" timestamp="2019-08-08T12:53:11.337" intervalms="98.702" />
<cycle-start id="5300" type="partial gc" contextid="0" timestamp="2019-08-08T12:53:11.337" intervalms="98.668" />
<gc-start id="5301" type="partial gc" contextid="5300" timestamp="2019-08-08T12:53:11.337">
  <mem-info id="5302" free="123731968" total="415236096" percent="29">
    <mem type="eden" free="0" total="111149056" percent="0" />
    <remembered-set count="9472" freebytes="16562432" totalbytes="16600320" percent="99" regionsoverflowed="0" regionsstable="10" regionsrebuilding="0"/>
  </mem-info>
</gc-start>
<allocation-stats totalBytes="110918552" >
  <allocated-bytes non-tlh="32784" tlh="110885768" arrayletleaf="0"/>
  <largest-consumer threadName="Thread-50" threadId="0000000001BAA700" bytes="11209352" />
</allocation-stats>
<gc-op id="5303" type="copy forward" timems="5.317" contextid="5300" timestamp="2019-08-08T12:53:11.344">
  <memory-copied type="eden" objects="9888" bytes="3971504" bytesdiscarded="0" />
  <memory-copied type="other" objects="27" bytes="1440" bytesdiscarded="0" />
  <memory-cardclean objects="3086" bytes="142336" />
  <regions eden="53" other="4" />
  <remembered-set-cleared processed="1220" cleared="642" durationms="0.722" />
  <references type="weak" candidates="1" cleared="0" enqueued="0" />
  <references type="phantom" candidates="3" cleared="0" enqueued="0" />
  <stringconstants candidates="16510" cleared="0"  />
</gc-op>
<gc-op id="5304" type="classunload" timems="0.010" contextid="5300" timestamp="2019-08-08T12:53:11.344">
  <classunload-info classloadercandidates="69" classloadersunloaded="0" classesunloaded="0" anonymousclassesunloaded="0" quiescems="0.000" setupms="0.010" scanms="0.000" postms="0.000" />
</gc-op>
<gc-end id="5305" type="partial gc" contextid="5300" durationms="6.531" usertimems="13.917" systemtimems="0.000" timestamp="2019-08-08T12:53:11.344" activeThreads="1">
  <mem-info id="5306" free="234881024" total="415236096" percent="56">
    <mem type="eden" free="222528" total="4194304" percent="5" />
    <remembered-set count="8480" freebytes="16566400" totalbytes="16600320" percent="99" regionsoverflowed="0" regionsstable="10" regionsrebuilding="0"/>
  </mem-info>
</gc-end>
<cycle-end id="5307" type="partial gc" contextid="5300" timestamp="2019-08-08T12:53:11.344" />
  <attribute name="elasticGC enabled" value="1" />
  <attribute name= "numThreadsSpecified" value="1" />
  <attribute name="heapSize specified" value="0" />
  <attribute name="Current GC Util" value="104" />
  <attribute name= "Current Time Running" value="222723" />
  <attribute name ="GC Interval" value="0" />
  <attribute name="Target GC Util Change" value ="80.000000" />
  <attribute name="Current GC Util Change" value="104.000000"/>
  <attribute name="Current Error" value="-24.000000" />
  <attribute name="Output H" value="415311752"/>
  <attribute name="Output I" value="1968"/>
  <attribute name="Output T" value="1"/>
  <attribute name= "Current Time Running" value="222723" />
  <attribute name="GC Util currently" value="104" />
  <attribute name="CPU Util currently" value="1804815207239" />
<exclusive-end id="5308" timestamp="2019-08-08T12:53:11.344" durationms="7.115" />

<exclusive-start id="5309" timestamp="2019-08-08T12:53:11.447" intervalms="110.187">
  <response-info timems="0.242" idlems="0.125" threads="1" lastid="0000000001BA2F00" lastname="Thread-41" />
</exclusive-start>
<allocation-taxation id="5310" taxation-threshold="111149056" timestamp="2019-08-08T12:53:11.447" intervalms="110.198" />
<cycle-start id="5311" type="partial gc" contextid="0" timestamp="2019-08-08T12:53:11.447" intervalms="110.196" />
<gc-start id="5312" type="partial gc" contextid="5311" timestamp="2019-08-08T12:53:11.448">
  <mem-info id="5313" free="123731968" total="415236096" percent="29">
    <mem type="eden" free="0" total="111149056" percent="0" />
    <remembered-set count="8384" freebytes="16566784" totalbytes="16600320" percent="99" regionsoverflowed="0" regionsstable="10" regionsrebuilding="0"/>
  </mem-info>
</gc-start>
<allocation-stats totalBytes="110960480" >
  <allocated-bytes non-tlh="49168" tlh="110911312" arrayletleaf="0"/>
  <largest-consumer threadName="Thread-42" threadId="0000000001BB1F00" bytes="11742312" />
</allocation-stats>
<gc-op id="5314" type="copy forward" timems="9.737" contextid="5311" timestamp="2019-08-08T12:53:11.459">
  <memory-copied type="eden" objects="10193" bytes="3922712" bytesdiscarded="669096" />
  <memory-copied type="other" objects="20" bytes="720" bytesdiscarded="0" />
  <memory-cardclean objects="3101" bytes="143120" />
  <regions eden="53" other="3" />
  <remembered-set-cleared processed="1242" cleared="663" durationms="0.576" />
  <references type="phantom" candidates="1" cleared="0" enqueued="0" />
  <stringconstants candidates="16510" cleared="0"  />
</gc-op>
<gc-op id="5315" type="classunload" timems="0.012" contextid="5311" timestamp="2019-08-08T12:53:11.460">
  <classunload-info classloadercandidates="69" classloadersunloaded="0" classesunloaded="0" anonymousclassesunloaded="0" quiescems="0.000" setupms="0.011" scanms="0.000" postms="0.000" />
</gc-op>
<gc-end id="5316" type="partial gc" contextid="5311" durationms="11.929" usertimems="13.976" systemtimems="13.989" timestamp="2019-08-08T12:53:11.460" activeThreads="16">
  <mem-info id="5317" free="228589568" total="415236096" percent="55">
    <mem type="eden" free="3796536" total="8388608" percent="45" />
    <remembered-set count="9280" freebytes="16563200" totalbytes="16600320" percent="99" regionsoverflowed="0" regionsstable="10" regionsrebuilding="0"/>
  </mem-info>
</gc-end>
<cycle-end id="5318" type="partial gc" contextid="5311" timestamp="2019-08-08T12:53:11.460" />
  <attribute name="elasticGC enabled" value="1" />
  <attribute name= "numThreadsSpecified" value="16" />
  <attribute name="heapSize specified" value="0" />
  <attribute name="Current GC Util" value="170" />
  <attribute name= "Current Time Running" value="222834" />
  <attribute name ="GC Interval" value="0" />
  <attribute name="Target GC Util Change" value ="80.000000" />
  <attribute name="Current GC Util Change" value="170.000000"/>
  <attribute name="Current Error" value="-40.000000" />
  <attribute name="Output H" value="415311736"/>
  <attribute name="Output I" value="1944"/>
  <attribute name="Output T" value="16"/>
  <attribute name= "Current Time Running" value="222834" />
  <attribute name="GC Util currently" value="170" />
  <attribute name="CPU Util currently" value="2428107671113" />
<exclusive-end id="5319" timestamp="2019-08-08T12:53:11.460" durationms="12.673" />

<exclusive-start id="5320" timestamp="2019-08-08T12:53:11.543" intervalms="96.115">
  <response-info timems="0.483" idlems="0.483" threads="0" lastid="0000000001BD3A00" lastname="Thread-49" />
</exclusive-start>
<allocation-taxation id="5321" taxation-threshold="111149056" timestamp="2019-08-08T12:53:11.543" intervalms="96.092" />
<cycle-start id="5322" type="partial gc" contextid="0" timestamp="2019-08-08T12:53:11.544" intervalms="96.081" />
<gc-start id="5323" type="partial gc" contextid="5322" timestamp="2019-08-08T12:53:11.544">
  <mem-info id="5324" free="117440512" total="415236096" percent="28">
    <mem type="eden" free="2065032" total="113246208" percent="1" />
    <remembered-set count="9120" freebytes="16563840" totalbytes="16600320" percent="99" regionsoverflowed="0" regionsstable="10" regionsrebuilding="0"/>
  </mem-info>
</gc-start>
<allocation-stats totalBytes="110955760" >
  <allocated-bytes non-tlh="16392" tlh="110939368" arrayletleaf="0"/>
  <largest-consumer threadName="Thread-48" threadId="0000000001BDED00" bytes="10200352" />
</allocation-stats>
<gc-op id="5325" type="copy forward" timems="10.435" contextid="5322" timestamp="2019-08-08T12:53:11.556">
  <memory-copied type="eden" objects="9245" bytes="3784232" bytesdiscarded="754424" />
  <memory-copied type="other" objects="32" bytes="1152" bytesdiscarded="0" />
  <memory-cardclean objects="3114" bytes="145056" />
  <regions eden="53" other="5" />
  <remembered-set-cleared processed="1263" cleared="688" durationms="0.667" />
  <references type="phantom" candidates="1" cleared="0" enqueued="0" />
  <stringconstants candidates="16510" cleared="0"  />
</gc-op>
<gc-op id="5326" type="classunload" timems="0.013" contextid="5322" timestamp="2019-08-08T12:53:11.556">
  <classunload-info classloadercandidates="69" classloadersunloaded="0" classesunloaded="0" anonymousclassesunloaded="0" quiescems="0.000" setupms="0.012" scanms="0.000" postms="0.000" />
</gc-op>
<gc-end id="5327" type="partial gc" contextid="5322" durationms="11.529" usertimems="37.626" systemtimems="0.512" timestamp="2019-08-08T12:53:11.556" activeThreads="16">
  <mem-info id="5328" free="228589568" total="415236096" percent="55">
    <mem type="eden" free="1752544" total="6291456" percent="27" />
    <remembered-set count="11328" freebytes="16555008" totalbytes="16600320" percent="99" regionsoverflowed="0" regionsstable="10" regionsrebuilding="0"/>
  </mem-info>
</gc-end>
<cycle-end id="5329" type="partial gc" contextid="5322" timestamp="2019-08-08T12:53:11.556" />
  <attribute name="elasticGC enabled" value="1" />
  <attribute name= "numThreadsSpecified" value="16" />
  <attribute name="heapSize specified" value="0" />
  <attribute name="Current GC Util" value="126" />
  <attribute name= "Current Time Running" value="222930" />
  <attribute name ="GC Interval" value="0" />
  <attribute name="Target GC Util Change" value ="80.000000" />
  <attribute name="Current GC Util Change" value="126.000000"/>
  <attribute name="Current Error" value="-32.000000" />
  <attribute name="Output H" value="415311744"/>
  <attribute name="Output I" value="1952"/>
  <attribute name="Output T" value="16"/>
  <attribute name= "Current Time Running" value="222930" />
  <attribute name="GC Util currently" value="126" />
  <attribute name="CPU Util currently" value="2078125861468" />
<exclusive-end id="5330" timestamp="2019-08-08T12:53:11.556" durationms="12.829" />

<exclusive-start id="5331" timestamp="2019-08-08T12:53:11.652" intervalms="108.654">
  <response-info timems="4.296" idlems="3.866" threads="1" lastid="0000000001BB1F00" lastname="Thread-42" />
</exclusive-start>
<allocation-taxation id="5332" taxation-threshold="111149056" timestamp="2019-08-08T12:53:11.652" intervalms="108.811" />
<cycle-start id="5333" type="partial gc" contextid="0" timestamp="2019-08-08T12:53:11.652" intervalms="108.879" />
<gc-start id="5334" type="partial gc" contextid="5333" timestamp="2019-08-08T12:53:11.653">
  <mem-info id="5335" free="117440512" total="415236096" percent="28">
    <mem type="eden" free="0" total="111149056" percent="0" />
    <remembered-set count="11168" freebytes="16555648" totalbytes="16600320" percent="99" regionsoverflowed="0" regionsstable="10" regionsrebuilding="0"/>
  </mem-info>
</gc-start>
<allocation-stats totalBytes="110899520" >
  <allocated-bytes non-tlh="40984" tlh="110858536" arrayletleaf="0"/>
  <largest-consumer threadName="Thread-42" threadId="0000000001BB1F00" bytes="9951464" />
</allocation-stats>
<gc-op id="5336" type="copy forward" timems="10.129" contextid="5333" timestamp="2019-08-08T12:53:11.665">
  <memory-copied type="eden" objects="9325" bytes="3623256" bytesdiscarded="802360" />
  <memory-copied type="other" objects="43" bytes="2760" bytesdiscarded="72" />
  <memory-cardclean objects="3108" bytes="144176" />
  <regions eden="53" other="4" />
  <remembered-set-cleared processed="1227" cleared="650" durationms="0.188" />
  <references type="weak" candidates="1" cleared="0" enqueued="0" />
  <references type="phantom" candidates="5" cleared="0" enqueued="0" />
  <stringconstants candidates="16510" cleared="0"  />
</gc-op>
<gc-op id="5337" type="classunload" timems="0.012" contextid="5333" timestamp="2019-08-08T12:53:11.665">
  <classunload-info classloadercandidates="69" classloadersunloaded="0" classesunloaded="0" anonymousclassesunloaded="0" quiescems="0.000" setupms="0.012" scanms="0.000" postms="0.000" />
</gc-op>
<gc-end id="5338" type="partial gc" contextid="5333" durationms="12.296" usertimems="27.139" systemtimems="9.966" timestamp="2019-08-08T12:53:11.665" activeThreads="16">
  <mem-info id="5339" free="226492416" total="415236096" percent="54">
    <mem type="eden" free="1865560" total="6291456" percent="29" />
    <remembered-set count="10848" freebytes="16556928" totalbytes="16600320" percent="99" regionsoverflowed="0" regionsstable="10" regionsrebuilding="0"/>
  </mem-info>
</gc-end>
<cycle-end id="5340" type="partial gc" contextid="5333" timestamp="2019-08-08T12:53:11.665" />
  <attribute name="elasticGC enabled" value="1" />
  <attribute name= "numThreadsSpecified" value="16" />
  <attribute name="heapSize specified" value="0" />
  <attribute name="Current GC Util" value="47" />
  <attribute name= "Current Time Running" value="223039" />
  <attribute name ="GC Interval" value="0" />
  <attribute name="Target GC Util Change" value ="80.000000" />
  <attribute name="Current GC Util Change" value="47.000000"/>
  <attribute name="Current Error" value="33.000000" />
  <attribute name="Output H" value="415311816"/>
  <attribute name="Output I" value="2072"/>
  <attribute name="Output T" value="16"/>
  <attribute name= "Current Time Running" value="223039" />
  <attribute name="GC Util currently" value="47" />
  <attribute name="CPU Util currently" value="730163818850" />
<exclusive-end id="5341" timestamp="2019-08-08T12:53:11.665" durationms="13.237" />

<exclusive-start id="5342" timestamp="2019-08-08T12:53:11.721" intervalms="69.459">
  <response-info timems="0.826" idlems="0.570" threads="4" lastid="0000000001BCC200" lastname="Thread-45" />
</exclusive-start>
<allocation-taxation id="5343" taxation-threshold="111149056" timestamp="2019-08-08T12:53:11.722" intervalms="69.720" />
<cycle-start id="5344" type="partial gc" contextid="0" timestamp="2019-08-08T12:53:11.722" intervalms="69.671" />
<gc-start id="5345" type="partial gc" contextid="5344" timestamp="2019-08-08T12:53:11.722">
  <mem-info id="5346" free="115343360" total="415236096" percent="27">
    <mem type="eden" free="0" total="111149056" percent="0" />
    <remembered-set count="10624" freebytes="16557824" totalbytes="16600320" percent="99" regionsoverflowed="0" regionsstable="10" regionsrebuilding="0"/>
  </mem-info>
</gc-start>
<allocation-stats totalBytes="110974128" >
  <allocated-bytes non-tlh="16392" tlh="110957736" arrayletleaf="0"/>
  <largest-consumer threadName="Thread-40" threadId="0000000001BC8600" bytes="11817568" />
</allocation-stats>
<gc-op id="5347" type="copy forward" timems="10.782" contextid="5344" timestamp="2019-08-08T12:53:11.734">
  <memory-copied type="eden" objects="8516" bytes="3293416" bytesdiscarded="656776" />
  <memory-copied type="other" objects="35" bytes="2472" bytesdiscarded="72" />
  <memory-cardclean objects="3102" bytes="143872" />
  <memory-traced type="eden" objects="856" bytes="154128" />
  <memory-traced type="other" objects="0" bytes="0" />
  <regions eden="53" other="4" evacuated="56" marked="1" />
  <remembered-set-cleared processed="1199" cleared="620" durationms="0.523" />
  <references type="weak" candidates="2" cleared="0" enqueued="0" />
  <references type="phantom" candidates="4" cleared="0" enqueued="0" />
  <stringconstants candidates="16510" cleared="0"  />
</gc-op>
<gc-op id="5348" type="classunload" timems="0.011" contextid="5344" timestamp="2019-08-08T12:53:11.734">
  <classunload-info classloadercandidates="69" classloadersunloaded="0" classesunloaded="0" anonymousclassesunloaded="0" quiescems="0.000" setupms="0.010" scanms="0.000" postms="0.000" />
</gc-op>
<gc-op id="5349" type="sweep" timems="1.369" contextid="5344" timestamp="2019-08-08T12:53:11.736" />
<gc-op id="5350" type="compact" timems="3.108" contextid="5344" timestamp="2019-08-08T12:53:11.739">
  <compact-info movecount="0" movebytes="0" />
  <remembered-set-cleared processed="2822" cleared="620" durationms="0.523" />
</gc-op>
<heap-resize id="5351" type="expand" space="default" amount="62914560" count="1" timems="0.161" reason="excessive time being spent in gc" timestamp="2019-08-08T12:53:11.739" />
<gc-end id="5352" type="partial gc" contextid="5344" durationms="16.997" usertimems="26.300" systemtimems="10.742" timestamp="2019-08-08T12:53:11.739" activeThreads="16">
  <mem-info id="5353" free="287309824" total="478150656" percent="60">
    <mem type="eden" free="243888" total="6291456" percent="3" />
    <remembered-set count="6496" freebytes="19089536" totalbytes="19115520" percent="99" regionsoverflowed="0" regionsstable="10" regionsrebuilding="0"/>
  </mem-info>
</gc-end>
<cycle-end id="5354" type="partial gc" contextid="5344" timestamp="2019-08-08T12:53:11.739" />
  <attribute name="elasticGC enabled" value="1" />
  <attribute name= "numThreadsSpecified" value="16" />
  <attribute name="heapSize specified" value="0" />
  <attribute name="Current GC Util" value="100" />
  <attribute name= "Current Time Running" value="223120" />
  <attribute name ="GC Interval" value="0" />
  <attribute name="Target GC Util Change" value ="80.000000" />
  <attribute name="Current GC Util Change" value="100.000000"/>
  <attribute name="Current Error" value="-76.000000" />
  <attribute name="Output H" value="415311696"/>
  <attribute name="Output I" value="1880"/>
  <attribute name="Output T" value="16"/>
  <attribute name= "Current Time Running" value="223120" />
  <attribute name="GC Util currently" value="100" />
  <attribute name="CPU Util currently" value="756623279614" />
<exclusive-end id="5355" timestamp="2019-08-08T12:53:11.739" durationms="17.967" />

<exclusive-start id="5356" timestamp="2019-08-08T12:53:11.829" intervalms="107.018">
  <response-info timems="1.679" idlems="1.679" threads="0" lastid="0000000001BD3A00" lastname="Thread-49" />
</exclusive-start>
<allocation-taxation id="5357" taxation-threshold="125829120" timestamp="2019-08-08T12:53:11.829" intervalms="106.600" />
<cycle-start id="5358" type="partial gc" contextid="0" timestamp="2019-08-08T12:53:11.830" intervalms="107.844" />
<gc-start id="5359" type="partial gc" contextid="5358" timestamp="2019-08-08T12:53:11.830">
  <mem-info id="5360" free="161480704" total="478150656" percent="33">
    <mem type="eden" free="0" total="125829120" percent="0" />
    <remembered-set count="6496" freebytes="19089536" totalbytes="19115520" percent="99" regionsoverflowed="0" regionsstable="10" regionsrebuilding="0"/>
  </mem-info>
</gc-start>
<allocation-stats totalBytes="125665328" >
  <allocated-bytes non-tlh="540808" tlh="125124520" arrayletleaf="0"/>
  <largest-consumer threadName="Thread-51" threadId="0000000001BF1900" bytes="11207936" />
</allocation-stats>
<gc-op id="5361" type="copy forward" timems="8.002" contextid="5358" timestamp="2019-08-08T12:53:11.839">
  <memory-copied type="eden" objects="9133" bytes="3760048" bytesdiscarded="678744" />
  <memory-copied type="other" objects="17" bytes="680" bytesdiscarded="0" />
  <memory-cardclean objects="3100" bytes="144464" />
  <regions eden="60" other="4" />
  <remembered-set-cleared processed="1281" cleared="688" durationms="0.194" />
  <references type="phantom" candidates="4" cleared="0" enqueued="0" />
  <stringconstants candidates="16510" cleared="0"  />
</gc-op>
<gc-op id="5362" type="classunload" timems="0.014" contextid="5358" timestamp="2019-08-08T12:53:11.839">
  <classunload-info classloadercandidates="69" classloadersunloaded="0" classesunloaded="0" anonymousclassesunloaded="0" quiescems="0.000" setupms="0.014" scanms="0.000" postms="0.000" />
</gc-op>
<heap-resize id="5363" type="expand" space="default" amount="4194304" count="1" timems="0.065" reason="excessive time being spent in gc" timestamp="2019-08-08T12:53:11.839" />
<gc-end id="5364" type="partial gc" contextid="5358" durationms="9.340" usertimems="11.106" systemtimems="12.726" timestamp="2019-08-08T12:53:11.839" activeThreads="16">
  <mem-info id="5365" free="289406976" total="482344960" percent="60">
    <mem type="eden" free="1852376" total="6291456" percent="29" />
    <remembered-set count="11552" freebytes="19236992" totalbytes="19283200" percent="99" regionsoverflowed="0" regionsstable="10" regionsrebuilding="0"/>
  </mem-info>
</gc-end>
<cycle-end id="5366" type="partial gc" contextid="5358" timestamp="2019-08-08T12:53:11.840" />
  <attribute name="elasticGC enabled" value="1" />
  <attribute name= "numThreadsSpecified" value="16" />
  <attribute name="heapSize specified" value="0" />
  <attribute name="Current GC Util" value="215" />
  <attribute name= "Current Time Running" value="223216" />
  <attribute name ="GC Interval" value="0" />
  <attribute name="Target GC Util Change" value ="80.000000" />
  <attribute name="Current GC Util Change" value="215.000000"/>
  <attribute name="Current Error" value="-135.000000" />
  <attribute name="Output H" value="478226184"/>
  <attribute name="Output I" value="1768"/>
  <attribute name="Output T" value="16"/>
  <attribute name= "Current Time Running" value="223216" />
  <attribute name="GC Util currently" value="215" />
  <attribute name="CPU Util currently" value="1580422490948" />
<exclusive-end id="5367" timestamp="2019-08-08T12:53:11.840" durationms="11.132" />

<exclusive-start id="5368" timestamp="2019-08-08T12:53:11.922" intervalms="93.556">
  <response-info timems="0.545" idlems="0.436" threads="1" lastid="0000000001BC8600" lastname="Thread-40" />
</exclusive-start>
<allocation-taxation id="5369" taxation-threshold="127926272" timestamp="2019-08-08T12:53:11.922" intervalms="93.692" />
<cycle-start id="5370" type="partial gc" contextid="0" timestamp="2019-08-08T12:53:11.922" intervalms="92.502" />
<gc-start id="5371" type="partial gc" contextid="5370" timestamp="2019-08-08T12:53:11.924">
  <mem-info id="5372" free="161480704" total="482344960" percent="33">
    <mem type="eden" free="0" total="127926272" percent="0" />
    <remembered-set count="11232" freebytes="19238272" totalbytes="19283200" percent="99" regionsoverflowed="0" regionsstable="10" regionsrebuilding="0"/>
  </mem-info>
</gc-start>
<allocation-stats totalBytes="127744320" >
  <allocated-bytes non-tlh="49168" tlh="127695152" arrayletleaf="0"/>
  <largest-consumer threadName="Thread-48" threadId="0000000001BDED00" bytes="11379344" />
</allocation-stats>
<gc-op id="5373" type="copy forward" timems="9.013" contextid="5370" timestamp="2019-08-08T12:53:11.935">
  <memory-copied type="eden" objects="8550" bytes="3433736" bytesdiscarded="758704" />
  <memory-copied type="other" objects="13" bytes="536" bytesdiscarded="0" />
  <memory-cardclean objects="3093" bytes="144312" />
  <regions eden="61" other="4" />
  <remembered-set-cleared processed="1225" cleared="631" durationms="1.394" />
  <references type="phantom" candidates="1" cleared="0" enqueued="0" />
  <stringconstants candidates="16510" cleared="0"  />
</gc-op>
<gc-op id="5374" type="classunload" timems="0.012" contextid="5370" timestamp="2019-08-08T12:53:11.935">
  <classunload-info classloadercandidates="69" classloadersunloaded="0" classesunloaded="0" anonymousclassesunloaded="0" quiescems="0.000" setupms="0.011" scanms="0.000" postms="0.000" />
</gc-op>
<gc-end id="5375" type="partial gc" contextid="5370" durationms="12.846" usertimems="22.883" systemtimems="6.860" timestamp="2019-08-08T12:53:11.936" activeThreads="16">
  <mem-info id="5376" free="289406976" total="482344960" percent="60">
    <mem type="eden" free="1608" total="4194304" percent="0" />
    <remembered-set count="10016" freebytes="19243136" totalbytes="19283200" percent="99" regionsoverflowed="0" regionsstable="10" regionsrebuilding="0"/>
  </mem-info>
</gc-end>
<cycle-end id="5377" type="partial gc" contextid="5370" timestamp="2019-08-08T12:53:11.936" />
  <attribute name="elasticGC enabled" value="1" />
  <attribute name= "numThreadsSpecified" value="16" />
  <attribute name="heapSize specified" value="0" />
  <attribute name="Current GC Util" value="86" />
  <attribute name= "Current Time Running" value="223311" />
  <attribute name ="GC Interval" value="0" />
  <attribute name="Target GC Util Change" value ="80.000000" />
  <attribute name="Current GC Util Change" value="86.000000"/>
  <attribute name="Current Error" value="-84.000000" />
  <attribute name="Output H" value="482420544"/>
  <attribute name="Output I" value="1864"/>
  <attribute name="Output T" value="16"/>
  <attribute name= "Current Time Running" value="223311" />
  <attribute name="GC Util currently" value="86" />
  <attribute name="CPU Util currently" value="1832584991782" />
<exclusive-end id="5378" timestamp="2019-08-08T12:53:11.936" durationms="13.743" />

<exclusive-start id="5379" timestamp="2019-08-08T12:53:12.003" intervalms="81.377">
  <response-info timems="0.191" idlems="0.109" threads="1" lastid="0000000001BC8600" lastname="Thread-40" />
</exclusive-start>
<allocation-taxation id="5380" taxation-threshold="127926272" timestamp="2019-08-08T12:53:12.004" intervalms="81.255" />
<cycle-start id="5381" type="partial gc" contextid="0" timestamp="2019-08-08T12:53:12.004" intervalms="81.196" />
<gc-start id="5382" type="partial gc" contextid="5381" timestamp="2019-08-08T12:53:12.004">
  <mem-info id="5383" free="161480704" total="482344960" percent="33">
    <mem type="eden" free="0" total="127926272" percent="0" />
    <remembered-set count="9600" freebytes="19244800" totalbytes="19283200" percent="99" regionsoverflowed="0" regionsstable="10" regionsrebuilding="0"/>
  </mem-info>
</gc-start>
<allocation-stats totalBytes="127706352" >
  <allocated-bytes non-tlh="139320" tlh="127567032" arrayletleaf="0"/>
  <largest-consumer threadName="Thread-43" threadId="0000000001BF9100" bytes="13533768" />
</allocation-stats>
<gc-op id="5384" type="copy forward" timems="8.307" contextid="5381" timestamp="2019-08-08T12:53:12.014">
  <memory-copied type="eden" objects="9903" bytes="3999704" bytesdiscarded="648968" />
  <memory-copied type="other" objects="30" bytes="1304" bytesdiscarded="0" />
  <memory-cardclean objects="3098" bytes="144040" />
  <regions eden="61" other="3" />
  <remembered-set-cleared processed="1222" cleared="626" durationms="0.210" />
  <references type="phantom" candidates="5" cleared="0" enqueued="0" />
  <stringconstants candidates="16510" cleared="0"  />
</gc-op>
<gc-op id="5385" type="classunload" timems="0.010" contextid="5381" timestamp="2019-08-08T12:53:12.014">
  <classunload-info classloadercandidates="69" classloadersunloaded="0" classesunloaded="0" anonymousclassesunloaded="0" quiescems="0.000" setupms="0.010" scanms="0.000" postms="0.000" />
</gc-op>
<heap-resize id="5386" type="expand" space="default" amount="10485760" count="1" timems="0.082" reason="excessive time being spent in gc" timestamp="2019-08-08T12:53:12.014" />
<gc-end id="5387" type="partial gc" contextid="5381" durationms="10.268" usertimems="12.054" systemtimems="13.760" timestamp="2019-08-08T12:53:12.014" activeThreads="16">
  <mem-info id="5388" free="295698432" total="492830720" percent="60">
    <mem type="eden" free="1642488" total="6291456" percent="26" />
    <remembered-set count="8448" freebytes="19668608" totalbytes="19702400" percent="99" regionsoverflowed="0" regionsstable="10" regionsrebuilding="0"/>
  </mem-info>
</gc-end>
<cycle-end id="5389" type="partial gc" contextid="5381" timestamp="2019-08-08T12:53:12.014" />
  <attribute name="elasticGC enabled" value="1" />
  <attribute name= "numThreadsSpecified" value="16" />
  <attribute name="heapSize specified" value="0" />
  <attribute name="Current GC Util" value="267" />
  <attribute name= "Current Time Running" value="223390" />
  <attribute name ="GC Interval" value="0" />
  <attribute name="Target GC Util Change" value ="80.000000" />
  <attribute name="Current GC Util Change" value="267.000000"/>
  <attribute name="Current Error" value="-225.000000" />
  <attribute name="Output H" value="482420384"/>
  <attribute name="Output I" value="1608"/>
  <attribute name="Output T" value="16"/>
  <attribute name= "Current Time Running" value="223390" />
  <attribute name="GC Util currently" value="267" />
  <attribute name="CPU Util currently" value="862320291632" />
<exclusive-end id="5390" timestamp="2019-08-08T12:53:12.015" durationms="11.098" />

<exclusive-start id="5391" timestamp="2019-08-08T12:53:12.111" intervalms="107.544">
  <response-info timems="2.215" idlems="1.042" threads="2" lastid="0000000001BEDD00" lastname="Thread-52" />
</exclusive-start>
<allocation-taxation id="5392" taxation-threshold="130023424" timestamp="2019-08-08T12:53:12.111" intervalms="107.536" />
<cycle-start id="5393" type="partial gc" contextid="0" timestamp="2019-08-08T12:53:12.111" intervalms="107.529" />
<gc-start id="5394" type="partial gc" contextid="5393" timestamp="2019-08-08T12:53:12.111">
  <mem-info id="5395" free="165675008" total="492830720" percent="33">
    <mem type="eden" free="0" total="130023424" percent="0" />
    <remembered-set count="8288" freebytes="19669248" totalbytes="19702400" percent="99" regionsoverflowed="0" regionsstable="10" regionsrebuilding="0"/>
  </mem-info>
</gc-start>
<allocation-stats totalBytes="129872840" >
  <allocated-bytes non-tlh="16392" tlh="129856448" arrayletleaf="0"/>
  <largest-consumer threadName="Thread-37" threadId="0000000001BC0E00" bytes="13377664" />
</allocation-stats>
<gc-op id="5396" type="copy forward" timems="8.129" contextid="5393" timestamp="2019-08-08T12:53:12.121">
  <memory-copied type="eden" objects="6889" bytes="2756688" bytesdiscarded="475184" />
  <memory-copied type="other" objects="12" bytes="432" bytesdiscarded="0" />
  <memory-cardclean objects="3104" bytes="144184" />
  <memory-traced type="eden" objects="1819" bytes="175984" />
  <memory-traced type="other" objects="0" bytes="0" />
  <regions eden="62" other="4" evacuated="65" marked="1" />
  <remembered-set-cleared processed="1267" cleared="674" durationms="0.228" />
  <references type="weak" candidates="2" cleared="0" enqueued="0" />
  <references type="phantom" candidates="4" cleared="0" enqueued="0" />
  <stringconstants candidates="16510" cleared="0"  />
</gc-op>
<gc-op id="5397" type="classunload" timems="0.010" contextid="5393" timestamp="2019-08-08T12:53:12.121">
  <classunload-info classloadercandidates="69" classloadersunloaded="0" classesunloaded="0" anonymousclassesunloaded="0" quiescems="0.000" setupms="0.010" scanms="0.000" postms="0.000" />
</gc-op>
<gc-op id="5398" type="sweep" timems="3.005" contextid="5393" timestamp="2019-08-08T12:53:12.124" />
<gc-op id="5399" type="compact" timems="3.542" contextid="5393" timestamp="2019-08-08T12:53:12.128">
  <compact-info movecount="0" movebytes="0" />
  <remembered-set-cleared processed="2760" cleared="674" durationms="0.228" />
</gc-op>
<gc-end id="5400" type="partial gc" contextid="5393" durationms="16.947" usertimems="53.873" systemtimems="4.801" timestamp="2019-08-08T12:53:12.128" activeThreads="16">
  <mem-info id="5401" free="293601280" total="492830720" percent="59">
    <mem type="eden" free="962240" total="6291456" percent="15" />
    <remembered-set count="6240" freebytes="19677440" totalbytes="19702400" percent="99" regionsoverflowed="0" regionsstable="10" regionsrebuilding="0"/>
  </mem-info>
</gc-end>
<cycle-end id="5402" type="partial gc" contextid="5393" timestamp="2019-08-08T12:53:12.128" />
  <attribute name="elasticGC enabled" value="1" />
  <attribute name= "numThreadsSpecified" value="16" />
  <attribute name="heapSize specified" value="0" />
  <attribute name="Current GC Util" value="217" />
  <attribute name= "Current Time Running" value="223509" />
  <attribute name ="GC Interval" value="0" />
  <attribute name="Target GC Util Change" value ="80.000000" />
  <attribute name="Current GC Util Change" value="217.000000"/>
  <attribute name="Current Error" value="-413.000000" />
  <attribute name="Output H" value="492905928"/>
  <attribute name="Output I" value="1272"/>
  <attribute name="Output T" value="16"/>
  <attribute name= "Current Time Running" value="223509" />
  <attribute name="GC Util currently" value="217" />
  <attribute name="CPU Util currently" value="369001434924" />
<exclusive-end id="5403" timestamp="2019-08-08T12:53:12.129" durationms="17.675" />

<exclusive-start id="5404" timestamp="2019-08-08T12:53:12.195" intervalms="83.699">
  <response-info timems="3.723" idlems="3.723" threads="0" lastid="0000000001BAA700" lastname="Thread-50" />
</exclusive-start>
<allocation-taxation id="5405" taxation-threshold="130023424" timestamp="2019-08-08T12:53:12.195" intervalms="83.711" />
<cycle-start id="5406" type="partial gc" contextid="0" timestamp="2019-08-08T12:53:12.195" intervalms="83.768" />
<gc-start id="5407" type="partial gc" contextid="5406" timestamp="2019-08-08T12:53:12.195">
  <mem-info id="5408" free="163577856" total="492830720" percent="33">
    <mem type="eden" free="0" total="132120576" percent="0" />
    <remembered-set count="6240" freebytes="19677440" totalbytes="19702400" percent="99" regionsoverflowed="0" regionsstable="10" regionsrebuilding="0"/>
  </mem-info>
</gc-start>
<allocation-stats totalBytes="129852760" >
  <allocated-bytes non-tlh="606360" tlh="129246400" arrayletleaf="0"/>
  <largest-consumer threadName="Thread-38" threadId="0000000001BCFE00" bytes="13368280" />
</allocation-stats>
<gc-op id="5409" type="copy forward" timems="10.272" contextid="5406" timestamp="2019-08-08T12:53:12.207">
  <memory-copied type="eden" objects="8048" bytes="3209000" bytesdiscarded="599776" />
  <memory-copied type="other" objects="20" bytes="720" bytesdiscarded="0" />
  <memory-cardclean objects="3083" bytes="142760" />
  <regions eden="62" other="4" />
  <remembered-set-cleared processed="1257" cleared="651" durationms="0.272" />
  <references type="phantom" candidates="2" cleared="0" enqueued="0" />
  <stringconstants candidates="16510" cleared="0"  />
</gc-op>
<gc-op id="5410" type="classunload" timems="0.013" contextid="5406" timestamp="2019-08-08T12:53:12.207">
  <classunload-info classloadercandidates="69" classloadersunloaded="0" classesunloaded="0" anonymousclassesunloaded="0" quiescems="0.000" setupms="0.013" scanms="0.000" postms="0.000" />
</gc-op>
<heap-resize id="5411" type="expand" space="default" amount="6291456" count="1" timems="0.081" reason="excessive time being spent in gc" timestamp="2019-08-08T12:53:12.208" />
<gc-end id="5412" type="partial gc" contextid="5406" durationms="12.653" usertimems="36.439" systemtimems="1.610" timestamp="2019-08-08T12:53:12.208" activeThreads="16">
  <mem-info id="5413" free="299892736" total="499122176" percent="60">
    <mem type="eden" free="385280" total="4194304" percent="9" />
    <remembered-set count="9024" freebytes="19917824" totalbytes="19953920" percent="99" regionsoverflowed="0" regionsstable="10" regionsrebuilding="0"/>
  </mem-info>
</gc-end>
<cycle-end id="5414" type="partial gc" contextid="5406" timestamp="2019-08-08T12:53:12.208" />
  <attribute name="elasticGC enabled" value="1" />
  <attribute name= "numThreadsSpecified" value="16" />
  <attribute name="heapSize specified" value="0" />
  <attribute name="Current GC Util" value="251" />
  <attribute name= "Current Time Running" value="223582" />
  <attribute name ="GC Interval" value="0" />
  <attribute name="Target GC Util Change" value ="80.000000" />
  <attribute name="Current GC Util Change" value="251.000000"/>
  <attribute name="Current Error" value="-521.000000" />
  <attribute name="Output H" value="492905800"/>
  <attribute name="Output I" value="1080"/>
  <attribute name="Output T" value="16"/>
  <attribute name= "Current Time Running" value="223582" />
  <attribute name="GC Util currently" value="251" />
  <attribute name="CPU Util currently" value="683214686399" />
<exclusive-end id="5415" timestamp="2019-08-08T12:53:12.208" durationms="13.411" />

<exclusive-start id="5416" timestamp="2019-08-08T12:53:12.307" intervalms="112.137">
  <response-info timems="0.564" idlems="0.564" threads="0" lastid="0000000001BD3A00" lastname="Thread-49" />
</exclusive-start>
<allocation-taxation id="5417" taxation-threshold="132120576" timestamp="2019-08-08T12:53:12.307" intervalms="112.128" />
<cycle-start id="5418" type="partial gc" contextid="0" timestamp="2019-08-08T12:53:12.307" intervalms="112.089" />
<gc-start id="5419" type="partial gc" contextid="5418" timestamp="2019-08-08T12:53:12.307">
  <mem-info id="5420" free="167772160" total="499122176" percent="33">
    <mem type="eden" free="0" total="132120576" percent="0" />
    <remembered-set count="8768" freebytes="19918848" totalbytes="19953920" percent="99" regionsoverflowed="0" regionsstable="10" regionsrebuilding="0"/>
  </mem-info>
</gc-start>
<allocation-stats totalBytes="131864192" >
  <allocated-bytes non-tlh="65552" tlh="131798640" arrayletleaf="0"/>
  <largest-consumer threadName="Thread-37" threadId="0000000001BC0E00" bytes="14230152" />
</allocation-stats>
<gc-op id="5421" type="copy forward" timems="12.357" contextid="5418" timestamp="2019-08-08T12:53:12.321">
  <memory-copied type="eden" objects="8972" bytes="3682768" bytesdiscarded="471856" />
  <memory-copied type="other" objects="28" bytes="1008" bytesdiscarded="0" />
  <memory-cardclean objects="3079" bytes="143072" />
  <regions eden="63" other="3" />
  <remembered-set-cleared processed="1183" cleared="579" durationms="0.200" />
  <references type="phantom" candidates="5" cleared="0" enqueued="0" />
  <stringconstants candidates="16510" cleared="0"  />
</gc-op>
<gc-op id="5422" type="classunload" timems="0.011" contextid="5418" timestamp="2019-08-08T12:53:12.321">
  <classunload-info classloadercandidates="69" classloadersunloaded="0" classesunloaded="0" anonymousclassesunloaded="0" quiescems="0.000" setupms="0.010" scanms="0.000" postms="0.000" />
</gc-op>
<heap-resize id="5423" type="expand" space="default" amount="4194304" count="1" timems="0.061" reason="excessive time being spent in gc" timestamp="2019-08-08T12:53:12.321" />
<gc-end id="5424" type="partial gc" contextid="5418" durationms="13.581" usertimems="27.260" systemtimems="12.697" timestamp="2019-08-08T12:53:12.321" activeThreads="16">
  <mem-info id="5425" free="301989888" total="503316480" percent="60">
    <mem type="eden" free="2136536" total="6291456" percent="33" />
    <remembered-set count="9056" freebytes="20085376" totalbytes="20121600" percent="99" regionsoverflowed="0" regionsstable="10" regionsrebuilding="0"/>
  </mem-info>
</gc-end>
<cycle-end id="5426" type="partial gc" contextid="5418" timestamp="2019-08-08T12:53:12.321" />
  <attribute name="elasticGC enabled" value="1" />
  <attribute name= "numThreadsSpecified" value="16" />
  <attribute name="heapSize specified" value="0" />
  <attribute name="Current GC Util" value="107" />
  <attribute name= "Current Time Running" value="223693" />
  <attribute name ="GC Interval" value="0" />
  <attribute name="Target GC Util Change" value ="80.000000" />
  <attribute name="Current GC Util Change" value="107.000000"/>
  <attribute name="Current Error" value="-27.000000" />
  <attribute name="Output H" value="499197832"/>
  <attribute name="Output I" value="1960"/>
  <attribute name="Output T" value="16"/>
  <attribute name= "Current Time Running" value="223693" />
  <attribute name="GC Util currently" value="107" />
  <attribute name="CPU Util currently" value="1834375270718" />
<exclusive-end id="5427" timestamp="2019-08-08T12:53:12.321" durationms="14.381" />

<exclusive-start id="5428" timestamp="2019-08-08T12:53:12.408" intervalms="101.148">
  <response-info timems="0.784" idlems="0.784" threads="0" lastid="0000000001BB9600" lastname="Thread-46" />
</exclusive-start>
<allocation-taxation id="5429" taxation-threshold="132120576" timestamp="2019-08-08T12:53:12.408" intervalms="101.144" />
<cycle-start id="5430" type="partial gc" contextid="0" timestamp="2019-08-08T12:53:12.408" intervalms="101.124" />
<gc-start id="5431" type="partial gc" contextid="5430" timestamp="2019-08-08T12:53:12.408">
  <mem-info id="5432" free="169869312" total="503316480" percent="33">
    <mem type="eden" free="0" total="132120576" percent="0" />
    <remembered-set count="8608" freebytes="20087168" totalbytes="20121600" percent="99" regionsoverflowed="0" regionsstable="10" regionsrebuilding="0"/>
  </mem-info>
</gc-start>
<allocation-stats totalBytes="131874968" >
  <allocated-bytes non-tlh="81944" tlh="131793024" arrayletleaf="0"/>
  <largest-consumer threadName="Thread-41" threadId="0000000001BA2F00" bytes="13032280" />
</allocation-stats>
<gc-op id="5433" type="copy forward" timems="9.360" contextid="5430" timestamp="2019-08-08T12:53:12.419">
  <memory-copied type="eden" objects="9838" bytes="3872000" bytesdiscarded="669416" />
  <memory-copied type="other" objects="21" bytes="824" bytesdiscarded="0" />
  <memory-cardclean objects="3087" bytes="143736" />
  <regions eden="63" other="4" />
  <remembered-set-cleared processed="1234" cleared="632" durationms="0.328" />
  <references type="phantom" candidates="3" cleared="0" enqueued="0" />
  <stringconstants candidates="16510" cleared="0"  />
</gc-op>
<gc-op id="5434" type="classunload" timems="0.013" contextid="5430" timestamp="2019-08-08T12:53:12.419">
  <classunload-info classloadercandidates="69" classloadersunloaded="0" classesunloaded="0" anonymousclassesunloaded="0" quiescems="0.000" setupms="0.013" scanms="0.000" postms="0.000" />
</gc-op>
<heap-resize id="5435" type="expand" space="default" amount="10485760" count="1" timems="0.075" reason="excessive time being spent in gc" timestamp="2019-08-08T12:53:12.419" />
<gc-end id="5436" type="partial gc" contextid="5430" durationms="10.810" usertimems="35.058" systemtimems="0.000" timestamp="2019-08-08T12:53:12.419" activeThreads="16">
  <mem-info id="5437" free="308281344" total="513802240" percent="60">
    <mem type="eden" free="3846912" total="8388608" percent="45" />
    <remembered-set count="10560" freebytes="20498560" totalbytes="20540800" percent="99" regionsoverflowed="0" regionsstable="10" regionsrebuilding="0"/>
  </mem-info>
</gc-end>
<cycle-end id="5438" type="partial gc" contextid="5430" timestamp="2019-08-08T12:53:12.419" />
  <attribute name="elasticGC enabled" value="1" />
  <attribute name= "numThreadsSpecified" value="16" />
  <attribute name="heapSize specified" value="0" />
  <attribute name="Current GC Util" value="107" />
  <attribute name= "Current Time Running" value="223794" />
  <attribute name ="GC Interval" value="0" />
  <attribute name="Target GC Util Change" value ="80.000000" />
  <attribute name="Current GC Util Change" value="107.000000"/>
  <attribute name="Current Error" value="1.000000" />
  <attribute name="Output H" value="503392168"/>
  <attribute name="Output I" value="2016"/>
  <attribute name="Output T" value="16"/>
  <attribute name= "Current Time Running" value="223794" />
  <attribute name="GC Util currently" value="107" />
  <attribute name="CPU Util currently" value="1727246310228" />
<exclusive-end id="5439" timestamp="2019-08-08T12:53:12.419" durationms="11.510" />

<exclusive-start id="5440" timestamp="2019-08-08T12:53:12.503" intervalms="95.137">
  <response-info timems="0.515" idlems="0.511" threads="1" lastid="0000000001BEDD00" lastname="Thread-52" />
</exclusive-start>
<allocation-taxation id="5441" taxation-threshold="134217728" timestamp="2019-08-08T12:53:12.503" intervalms="95.238" />
<cycle-start id="5442" type="partial gc" contextid="0" timestamp="2019-08-08T12:53:12.503" intervalms="95.335" />
<gc-start id="5443" type="partial gc" contextid="5442" timestamp="2019-08-08T12:53:12.504">
  <mem-info id="5444" free="174063616" total="513802240" percent="33">
    <mem type="eden" free="1983968" total="136314880" percent="1" />
    <remembered-set count="10144" freebytes="20500224" totalbytes="20540800" percent="99" regionsoverflowed="0" regionsstable="10" regionsrebuilding="0"/>
  </mem-info>
</gc-start>
<allocation-stats totalBytes="134033792" >
  <allocated-bytes non-tlh="40976" tlh="133992816" arrayletleaf="0"/>
  <largest-consumer threadName="Thread-47" threadId="0000000001BBD200" bytes="15901432" />
</allocation-stats>
<gc-op id="5445" type="copy forward" timems="12.475" contextid="5442" timestamp="2019-08-08T12:53:12.518">
  <memory-copied type="eden" objects="9532" bytes="3920696" bytesdiscarded="863360" />
  <memory-copied type="other" objects="21" bytes="824" bytesdiscarded="0" />
  <memory-cardclean objects="3079" bytes="143320" />
  <regions eden="64" other="6" />
  <remembered-set-cleared processed="1266" cleared="662" durationms="0.370" />
  <references type="phantom" candidates="1" cleared="0" enqueued="0" />
  <stringconstants candidates="16510" cleared="0"  />
</gc-op>
<gc-op id="5446" type="classunload" timems="0.022" contextid="5442" timestamp="2019-08-08T12:53:12.518">
  <classunload-info classloadercandidates="69" classloadersunloaded="0" classesunloaded="0" anonymousclassesunloaded="0" quiescems="0.000" setupms="0.022" scanms="0.000" postms="0.000" />
</gc-op>
<gc-end id="5447" type="partial gc" contextid="5442" durationms="14.328" usertimems="39.535" systemtimems="11.748" timestamp="2019-08-08T12:53:12.518" activeThreads="16">
  <mem-info id="5448" free="306184192" total="513802240" percent="59">
    <mem type="eden" free="3604288" total="8388608" percent="42" />
    <remembered-set count="11072" freebytes="20496512" totalbytes="20540800" percent="99" regionsoverflowed="0" regionsstable="10" regionsrebuilding="0"/>
  </mem-info>
</gc-end>
<cycle-end id="5449" type="partial gc" contextid="5442" timestamp="2019-08-08T12:53:12.518" />
  <attribute name="elasticGC enabled" value="1" />
  <attribute name= "numThreadsSpecified" value="16" />
  <attribute name="heapSize specified" value="0" />
  <attribute name="Current GC Util" value="68" />
  <attribute name= "Current Time Running" value="223890" />
  <attribute name ="GC Interval" value="0" />
  <attribute name="Target GC Util Change" value ="80.000000" />
  <attribute name="Current GC Util Change" value="68.000000"/>
  <attribute name="Current Error" value="69.000000" />
  <attribute name="Output H" value="513878000"/>
  <attribute name="Output I" value="2136"/>
  <attribute name="Output T" value="16"/>
  <attribute name= "Current Time Running" value="223890" />
  <attribute name="GC Util currently" value="68" />
  <attribute name="CPU Util currently" value="1009847222180" />
<exclusive-end id="5450" timestamp="2019-08-08T12:53:12.519" durationms="15.851" />

<exclusive-start id="5451" timestamp="2019-08-08T12:53:12.602" intervalms="98.465">
  <response-info timems="0.456" idlems="0.456" threads="0" lastid="0000000001BC8600" lastname="Thread-40" />
</exclusive-start>
<allocation-taxation id="5452" taxation-threshold="134217728" timestamp="2019-08-08T12:53:12.602" intervalms="98.361" />
<cycle-start id="5453" type="partial gc" contextid="0" timestamp="2019-08-08T12:53:12.602" intervalms="98.542" />
<gc-start id="5454" type="partial gc" contextid="5453" timestamp="2019-08-08T12:53:12.602">
  <mem-info id="5455" free="171966464" total="513802240" percent="33">
    <mem type="eden" free="0" total="134217728" percent="0" />
    <remembered-set count="10592" freebytes="20498432" totalbytes="20540800" percent="99" regionsoverflowed="0" regionsstable="10" regionsrebuilding="0"/>
  </mem-info>
</gc-start>
<allocation-stats totalBytes="134031792" >
  <allocated-bytes non-tlh="16392" tlh="134015400" arrayletleaf="0"/>
  <largest-consumer threadName="Thread-51" threadId="0000000001BF1900" bytes="13948008" />
</allocation-stats>
<gc-op id="5456" type="copy forward" timems="7.619" contextid="5453" timestamp="2019-08-08T12:53:12.611">
  <memory-copied type="eden" objects="10363" bytes="4018584" bytesdiscarded="782952" />
  <memory-copied type="other" objects="24" bytes="1120" bytesdiscarded="0" />
  <memory-cardclean objects="3103" bytes="144352" />
  <regions eden="64" other="6" />
  <remembered-set-cleared processed="1241" cleared="641" durationms="0.511" />
  <references type="weak" candidates="1" cleared="0" enqueued="0" />
  <references type="phantom" candidates="2" cleared="0" enqueued="0" />
  <stringconstants candidates="16510" cleared="0"  />
</gc-op>
<gc-op id="5457" type="classunload" timems="0.012" contextid="5453" timestamp="2019-08-08T12:53:12.611">
  <classunload-info classloadercandidates="69" classloadersunloaded="0" classesunloaded="0" anonymousclassesunloaded="0" quiescems="0.000" setupms="0.012" scanms="0.000" postms="0.000" />
</gc-op>
<heap-resize id="5458" type="expand" space="default" amount="6291456" count="1" timems="0.101" reason="excessive time being spent in gc" timestamp="2019-08-08T12:53:12.611" />
<gc-end id="5459" type="partial gc" contextid="5453" durationms="9.227" usertimems="20.975" systemtimems="7.718" timestamp="2019-08-08T12:53:12.611" activeThreads="16">
  <mem-info id="5460" free="312475648" total="520093696" percent="60">
    <mem type="eden" free="1489656" total="6291456" percent="23" />
    <remembered-set count="11072" freebytes="20748032" totalbytes="20792320" percent="99" regionsoverflowed="0" regionsstable="10" regionsrebuilding="0"/>
  </mem-info>
</gc-end>
<cycle-end id="5461" type="partial gc" contextid="5453" timestamp="2019-08-08T12:53:12.612" />
  <attribute name="elasticGC enabled" value="1" />
  <attribute name= "numThreadsSpecified" value="16" />
  <attribute name="heapSize specified" value="0" />
  <attribute name="Current GC Util" value="109" />
  <attribute name= "Current Time Running" value="223988" />
  <attribute name ="GC Interval" value="0" />
  <attribute name="Target GC Util Change" value ="80.000000" />
  <attribute name="Current GC Util Change" value="109.000000"/>
  <attribute name="Current Error" value="-29.000000" />
  <attribute name="Output H" value="513877888"/>
  <attribute name="Output I" value="1960"/>
  <attribute name="Output T" value="16"/>
  <attribute name= "Current Time Running" value="223988" />
  <attribute name="GC Util currently" value="109" />
  <attribute name="CPU Util currently" value="1293902382237" />
<exclusive-end id="5462" timestamp="2019-08-08T12:53:12.612" durationms="10.126" />

<exclusive-start id="5463" timestamp="2019-08-08T12:53:12.686" intervalms="83.939">
  <response-info timems="0.124" idlems="0.122" threads="1" lastid="0000000001BCC200" lastname="Thread-45" />
</exclusive-start>
<allocation-taxation id="5464" taxation-threshold="136314880" timestamp="2019-08-08T12:53:12.686" intervalms="83.947" />
<cycle-start id="5465" type="partial gc" contextid="0" timestamp="2019-08-08T12:53:12.686" intervalms="83.915" />
<gc-start id="5466" type="partial gc" contextid="5465" timestamp="2019-08-08T12:53:12.686">
  <mem-info id="5467" free="176160768" total="520093696" percent="33">
    <mem type="eden" free="0" total="136314880" percent="0" />
    <remembered-set count="10880" freebytes="20748800" totalbytes="20792320" percent="99" regionsoverflowed="0" regionsstable="10" regionsrebuilding="0"/>
  </mem-info>
</gc-start>
<allocation-stats totalBytes="136106744" >
  <allocated-bytes non-tlh="98336" tlh="136008408" arrayletleaf="0"/>
  <largest-consumer threadName="Thread-38" threadId="0000000001BCFE00" bytes="16607312" />
</allocation-stats>
<gc-op id="5468" type="copy forward" timems="12.375" contextid="5465" timestamp="2019-08-08T12:53:12.700">
  <memory-copied type="eden" objects="8897" bytes="3492368" bytesdiscarded="666432" />
  <memory-copied type="other" objects="31" bytes="1304" bytesdiscarded="0" />
  <memory-cardclean objects="3076" bytes="143720" />
  <regions eden="65" other="5" />
  <remembered-set-cleared processed="1279" cleared="676" durationms="0.198" />
  <references type="phantom" candidates="5" cleared="0" enqueued="0" />
  <stringconstants candidates="16510" cleared="0"  />
</gc-op>
<gc-op id="5469" type="classunload" timems="0.011" contextid="5465" timestamp="2019-08-08T12:53:12.700">
  <classunload-info classloadercandidates="69" classloadersunloaded="0" classesunloaded="0" anonymousclassesunloaded="0" quiescems="0.000" setupms="0.011" scanms="0.000" postms="0.000" />
</gc-op>
<heap-resize id="5470" type="expand" space="default" amount="4194304" count="1" timems="0.078" reason="excessive time being spent in gc" timestamp="2019-08-08T12:53:12.700" />
<gc-end id="5471" type="partial gc" contextid="5465" durationms="14.027" usertimems="28.057" systemtimems="9.379" timestamp="2019-08-08T12:53:12.700" activeThreads="16">
  <mem-info id="5472" free="314572800" total="524288000" percent="60">
    <mem type="eden" free="2132368" total="6291456" percent="33" />
    <remembered-set count="10560" freebytes="20917760" totalbytes="20960000" percent="99" regionsoverflowed="0" regionsstable="10" regionsrebuilding="0"/>
  </mem-info>
</gc-end>
<cycle-end id="5473" type="partial gc" contextid="5465" timestamp="2019-08-08T12:53:12.700" />
  <attribute name="elasticGC enabled" value="1" />
  <attribute name= "numThreadsSpecified" value="16" />
  <attribute name="heapSize specified" value="0" />
  <attribute name="Current GC Util" value="99" />
  <attribute name= "Current Time Running" value="224072" />
  <attribute name ="GC Interval" value="0" />
  <attribute name="Target GC Util Change" value ="80.000000" />
  <attribute name="Current GC Util Change" value="99.000000"/>
  <attribute name="Current Error" value="6.000000" />
  <attribute name="Output H" value="520169384"/>
  <attribute name="Output I" value="2024"/>
  <attribute name="Output T" value="16"/>
  <attribute name= "Current Time Running" value="224072" />
  <attribute name="GC Util currently" value="99" />
  <attribute name="CPU Util currently" value="1228380798798" />
<exclusive-end id="5474" timestamp="2019-08-08T12:53:12.700" durationms="14.962" />

<exclusive-start id="5475" timestamp="2019-08-08T12:53:12.810" intervalms="124.133">
  <response-info timems="1.689" idlems="1.689" threads="0" lastid="0000000001BD3A00" lastname="Thread-49" />
</exclusive-start>
<allocation-taxation id="5476" taxation-threshold="138412032" timestamp="2019-08-08T12:53:12.810" intervalms="124.508" />
<cycle-start id="5477" type="partial gc" contextid="0" timestamp="2019-08-08T12:53:12.810" intervalms="124.288" />
<gc-start id="5478" type="partial gc" contextid="5477" timestamp="2019-08-08T12:53:12.810">
  <mem-info id="5479" free="176160768" total="524288000" percent="33">
    <mem type="eden" free="2097120" total="140509184" percent="1" />
    <remembered-set count="10400" freebytes="20918400" totalbytes="20960000" percent="99" regionsoverflowed="0" regionsstable="10" regionsrebuilding="0"/>
  </mem-info>
</gc-start>
<allocation-stats totalBytes="138196640" >
  <allocated-bytes non-tlh="65560" tlh="138131080" arrayletleaf="0"/>
  <largest-consumer threadName="Thread-39" threadId="0000000001BD7600" bytes="13386768" />
</allocation-stats>
<gc-op id="5480" type="copy forward" timems="6.784" contextid="5477" timestamp="2019-08-08T12:53:12.818">
  <memory-copied type="eden" objects="9054" bytes="3605776" bytesdiscarded="684992" />
  <memory-copied type="other" objects="33" bytes="1512" bytesdiscarded="0" />
  <memory-cardclean objects="3110" bytes="144800" />
  <regions eden="66" other="5" />
  <remembered-set-cleared processed="1241" cleared="639" durationms="0.206" />
  <references type="phantom" candidates="6" cleared="0" enqueued="0" />
  <stringconstants candidates="16510" cleared="0"  />
</gc-op>
<gc-op id="5481" type="classunload" timems="0.010" contextid="5477" timestamp="2019-08-08T12:53:12.818">
  <classunload-info classloadercandidates="69" classloadersunloaded="0" classesunloaded="0" anonymousclassesunloaded="0" quiescems="0.000" setupms="0.010" scanms="0.000" postms="0.000" />
</gc-op>
<heap-resize id="5482" type="expand" space="default" amount="6291456" count="1" timems="0.097" reason="excessive time being spent in gc" timestamp="2019-08-08T12:53:12.819" />
<gc-end id="5483" type="partial gc" contextid="5477" durationms="8.288" usertimems="14.872" systemtimems="5.115" timestamp="2019-08-08T12:53:12.819" activeThreads="16">
  <mem-info id="5484" free="318767104" total="530579456" percent="60">
    <mem type="eden" free="2000384" total="6291456" percent="31" />
    <remembered-set count="10592" freebytes="21169152" totalbytes="21211520" percent="99" regionsoverflowed="0" regionsstable="10" regionsrebuilding="0"/>
  </mem-info>
</gc-end>
<cycle-end id="5485" type="partial gc" contextid="5477" timestamp="2019-08-08T12:53:12.819" />
  <attribute name="elasticGC enabled" value="1" />
  <attribute name= "numThreadsSpecified" value="16" />
  <attribute name="heapSize specified" value="0" />
  <attribute name="Current GC Util" value="137" />
  <attribute name= "Current Time Running" value="224196" />
  <attribute name ="GC Interval" value="0" />
  <attribute name="Target GC Util Change" value ="80.000000" />
  <attribute name="Current GC Util Change" value="137.000000"/>
  <attribute name="Current Error" value="6.000000" />
  <attribute name="Output H" value="524363688"/>
  <attribute name="Output I" value="2024"/>
  <attribute name="Output T" value="16"/>
  <attribute name= "Current Time Running" value="224196" />
  <attribute name="GC Util currently" value="137" />
  <attribute name="CPU Util currently" value="1861983181487" />
<exclusive-end id="5486" timestamp="2019-08-08T12:53:12.819" durationms="9.400" />

<exclusive-start id="5487" timestamp="2019-08-08T12:53:12.909" intervalms="99.106">
  <response-info timems="1.975" idlems="1.975" threads="0" lastid="0000000001BAA700" lastname="Thread-50" />
</exclusive-start>
<allocation-taxation id="5488" taxation-threshold="138412032" timestamp="2019-08-08T12:53:12.909" intervalms="98.967" />
<cycle-start id="5489" type="partial gc" contextid="0" timestamp="2019-08-08T12:53:12.909" intervalms="98.957" />
<gc-start id="5490" type="partial gc" contextid="5489" timestamp="2019-08-08T12:53:12.909">
  <mem-info id="5491" free="180355072" total="530579456" percent="33">
    <mem type="eden" free="0" total="138412032" percent="0" />
    <remembered-set count="10496" freebytes="21169536" totalbytes="21211520" percent="99" regionsoverflowed="0" regionsstable="10" regionsrebuilding="0"/>
  </mem-info>
</gc-start>
<allocation-stats totalBytes="138268984" >
  <allocated-bytes non-tlh="32784" tlh="138236200" arrayletleaf="0"/>
  <largest-consumer threadName="Thread-39" threadId="0000000001BD7600" bytes="15119920" />
</allocation-stats>
<gc-op id="5492" type="copy forward" timems="9.451" contextid="5489" timestamp="2019-08-08T12:53:12.921">
  <memory-copied type="eden" objects="9876" bytes="3900808" bytesdiscarded="681552" />
  <memory-copied type="other" objects="26" bytes="1072" bytesdiscarded="0" />
  <memory-cardclean objects="3087" bytes="144112" />
  <regions eden="66" other="5" />
  <remembered-set-cleared processed="1231" cleared="627" durationms="0.173" />
  <references type="phantom" candidates="3" cleared="0" enqueued="0" />
  <stringconstants candidates="16510" cleared="0"  />
</gc-op>
<gc-op id="5493" type="classunload" timems="0.011" contextid="5489" timestamp="2019-08-08T12:53:12.921">
  <classunload-info classloadercandidates="69" classloadersunloaded="0" classesunloaded="0" anonymousclassesunloaded="0" quiescems="0.000" setupms="0.010" scanms="0.000" postms="0.000" />
</gc-op>
<gc-end id="5494" type="partial gc" contextid="5489" durationms="11.938" usertimems="30.387" systemtimems="6.952" timestamp="2019-08-08T12:53:12.921" activeThreads="16">
  <mem-info id="5495" free="314572800" total="530579456" percent="59">
    <mem type="eden" free="3805968" total="8388608" percent="45" />
    <remembered-set count="10048" freebytes="21171328" totalbytes="21211520" percent="99" regionsoverflowed="0" regionsstable="10" regionsrebuilding="0"/>
  </mem-info>
</gc-end>
<cycle-end id="5496" type="partial gc" contextid="5489" timestamp="2019-08-08T12:53:12.921" />
  <attribute name="elasticGC enabled" value="1" />
  <attribute name= "numThreadsSpecified" value="16" />
  <attribute name="heapSize specified" value="0" />
  <attribute name="Current GC Util" value="63" />
  <attribute name= "Current Time Running" value="224296" />
  <attribute name ="GC Interval" value="0" />
  <attribute name="Target GC Util Change" value ="80.000000" />
  <attribute name="Current GC Util Change" value="63.000000"/>
  <attribute name="Current Error" value="17.000000" />
  <attribute name="Output H" value="530655160"/>
  <attribute name="Output I" value="2040"/>
  <attribute name="Output T" value="16"/>
  <attribute name= "Current Time Running" value="224296" />
  <attribute name="GC Util currently" value="63" />
  <attribute name="CPU Util currently" value="1132889611902" />
<exclusive-end id="5497" timestamp="2019-08-08T12:53:12.922" durationms="12.766" />

<exclusive-start id="5498" timestamp="2019-08-08T12:53:13.105" intervalms="196.443">
  <response-info timems="0.468" idlems="0.369" threads="2" lastid="0000000001BC8600" lastname="Thread-40" />
</exclusive-start>
<allocation-taxation id="5499" taxation-threshold="138412032" timestamp="2019-08-08T12:53:13.105" intervalms="196.190" />
<cycle-start id="5500" type="partial gc" contextid="0" timestamp="2019-08-08T12:53:13.105" intervalms="196.153" />
<gc-start id="5501" type="partial gc" contextid="5500" timestamp="2019-08-08T12:53:13.106">
  <mem-info id="5502" free="176160768" total="530579456" percent="33">
    <mem type="eden" free="0" total="138412032" percent="0" />
    <remembered-set count="9632" freebytes="21172992" totalbytes="21211520" percent="99" regionsoverflowed="0" regionsstable="10" regionsrebuilding="0"/>
  </mem-info>
</gc-start>
<allocation-stats totalBytes="138225672" >
  <allocated-bytes non-tlh="49168" tlh="138176504" arrayletleaf="0"/>
  <largest-consumer threadName="Thread-46" threadId="0000000001BB9600" bytes="13413696" />
</allocation-stats>
<gc-op id="5503" type="copy forward" timems="8.084" contextid="5500" timestamp="2019-08-08T12:53:13.115">
  <memory-copied type="eden" objects="9689" bytes="3809016" bytesdiscarded="577928" />
  <memory-copied type="other" objects="26" bytes="1072" bytesdiscarded="0" />
  <memory-cardclean objects="3077" bytes="143384" />
  <regions eden="66" other="6" />
  <remembered-set-cleared processed="1283" cleared="676" durationms="0.390" />
  <references type="phantom" candidates="3" cleared="0" enqueued="0" />
  <stringconstants candidates="16510" cleared="0"  />
</gc-op>
<gc-op id="5504" type="classunload" timems="0.013" contextid="5500" timestamp="2019-08-08T12:53:13.115">
  <classunload-info classloadercandidates="69" classloadersunloaded="0" classesunloaded="0" anonymousclassesunloaded="0" quiescems="0.000" setupms="0.013" scanms="0.000" postms="0.000" />
</gc-op>
<gc-end id="5505" type="partial gc" contextid="5500" durationms="9.631" usertimems="22.014" systemtimems="5.832" timestamp="2019-08-08T12:53:13.115" activeThreads="16">
  <mem-info id="5506" free="314572800" total="530579456" percent="59">
    <mem type="eden" free="1904232" total="6291456" percent="30" />
    <remembered-set count="10560" freebytes="21169280" totalbytes="21211520" percent="99" regionsoverflowed="0" regionsstable="10" regionsrebuilding="0"/>
  </mem-info>
</gc-end>
<cycle-end id="5507" type="partial gc" contextid="5500" timestamp="2019-08-08T12:53:13.115" />
  <attribute name="elasticGC enabled" value="1" />
  <attribute name= "numThreadsSpecified" value="16" />
  <attribute name="heapSize specified" value="0" />
  <attribute name="Current GC Util" value="98" />
  <attribute name= "Current Time Running" value="224491" />
  <attribute name ="GC Interval" value="0" />
  <attribute name="Target GC Util Change" value ="80.000000" />
  <attribute name="Current GC Util Change" value="98.000000"/>
  <attribute name="Current Error" value="65.000000" />
  <attribute name="Output H" value="530655216"/>
  <attribute name="Output I" value="2128"/>
  <attribute name="Output T" value="16"/>
  <attribute name= "Current Time Running" value="224491" />
  <attribute name="GC Util currently" value="98" />
  <attribute name="CPU Util currently" value="2132677823153" />
<exclusive-end id="5508" timestamp="2019-08-08T12:53:13.115" durationms="10.222" />

===== DaCapo 9.12-MR1 xalan PASSED in 12221 msec =====
</verbosegc>

