<?xml version="1.0" ?>

<verbosegc xmlns="http://www.ibm.com/j9/verbosegc" version="08cc62e_CMPRSS">

<initialized id="1" timestamp="2019-08-02T21:51:24.616">
  <attribute name="gcPolicy" value="-Xgcpolicy:balanced" />
  <attribute name="elasticGC enabled" value="1" />
  <attribute name= "numThreadsSpecified" value="0" />
  <attribute name="heapSize specified" value="0" />
  <attribute name= "numCores" value="0" />
  <attribute name ="GC Interval" value="0" />
  <attribute name="GC Util Range Max" value="0" />
  <attribute name="Current GC Util" value="0" />
  <attribute name= "Current Time Running" value="0" />
  <attribute name="maxHeapSize" value="0x7cb00000" />
  <attribute name="initialHeapSize" value="0x800000" />
  <attribute name="compressedRefs" value="true" />
  <attribute name="compressedRefsDisplacement" value="0x0" />
  <attribute name="compressedRefsShift" value="0x0" />
  <attribute name="pageSize" value="0x1000" />
  <attribute name="pageType" value="not used" />
  <attribute name="requestedPageSize" value="0x1000" />
  <attribute name="requestedPageType" value="not used" />
  <attribute name="gcthreads" value="8" />
  <attribute name="packetListSplit" value="8" />
  <attribute name="cacheListSplit" value="8" />
  <attribute name="splitFreeListSplitAmount" value="1" />
  <attribute name="numaNodes" value="0" />
  <region>
    <attribute name="regionSize" value="1048576" />
    <attribute name="regionCount" value="1995" />
    <attribute name="arrayletLeafSize" value="1048576" />
  </region>
  <system>
    <attribute name="physicalMemory" value="8370401280" />
    <attribute name="numCPUs" value="8" />
    <attribute name="architecture" value="amd64" />
    <attribute name="os" value="Linux" />
    <attribute name="osVersion" value="4.4.0-154-generic" />
  </system>
  <vmargs>
    <vmarg name="-Xoptionsfile=/vagrant/jdk/lib/options.default" />
    <vmarg name="-Xlockword:mode=default,noLockword=java/lang/String,noLockword=java/util/MapEntry,noLockword=java/util/HashMap$Entry,noLockword..." />
    <vmarg name="-Xjcl:jclse29" />
    <vmarg name="-Dcom.ibm.oti.vm.bootstrap.library.path=/vagrant/jdk/lib/compressedrefs:/vagrant/jdk/lib" />
    <vmarg name="-Dsun.boot.library.path=/vagrant/jdk/lib/compressedrefs:/vagrant/jdk/lib" />
    <vmarg name="-Djava.library.path=/vagrant/jdk/lib/compressedrefs:/vagrant/jdk/lib:/usr/lib64:/usr/lib" />
    <vmarg name="-Djava.home=/vagrant/jdk" />
    <vmarg name="-Duser.dir=/vagrant" />
    <vmarg name="-Xgcpolicy:balanced" />
    <vmarg name="-Xgcelastic" />
    <vmarg name="-Xcheck:gc:::elasticGC" />
    <vmarg name="-verbose:gc" />
    <vmarg name="-Xloggc:jdkD-small-BAL-8core-verbose7sunflow.txt" />
    <vmarg name="-Djava.class.path=dacapo-9.12-MR1-bach.jar" />
    <vmarg name="-Dsun.java.command=dacapo-9.12-MR1-bach.jar sunflow --size=small" />
    <vmarg name="-Dsun.java.launcher=SUN_STANDARD" />
    <vmarg name="-Dsun.java.launcher.pid=2128" />
  </vmargs>
</initialized>

<exclusive-start id="2" timestamp="2019-08-02T21:51:25.073" intervalms="457.318">
  <response-info timems="0.030" idlems="0.030" threads="0" lastid="0000000000D51A00" lastname="main" />
</exclusive-start>
<sys-start reason="explicit" id="3" timestamp="2019-08-02T21:51:25.074" intervalms="457.909" />
<cycle-start id="4" type="global garbage collect" contextid="0" timestamp="2019-08-02T21:51:25.074" intervalms="458.166" />
<gc-start id="5" type="global garbage collect" contextid="4" timestamp="2019-08-02T21:51:25.074">
  <mem-info id="6" free="4216088" total="8388608" percent="50">
    <mem type="eden" free="22048" total="4194304" percent="0" />
    <remembered-set count="0" freebytes="334848" totalbytes="334848" percent="100" regionsoverflowed="0" regionsstable="0" regionsrebuilding="0"/>
  </mem-info>
</gc-start>
<allocation-stats totalBytes="4168512" >
  <allocated-bytes non-tlh="501912" tlh="3666600" arrayletleaf="0"/>
  <largest-consumer threadName="main" threadId="0000000000D51A00" bytes="4075608" />
</allocation-stats>
<gc-op id="7" type="global mark" timems="4.496" contextid="4" timestamp="2019-08-02T21:51:25.079">
  <trace-info objectcount="30324" scancount="23648" scanbytes="765988" />
  <finalization candidates="125" enqueued="1" />
  <ownableSynchronizers candidates="3" cleared="0" />
  <references type="soft" candidates="131" cleared="0" enqueued="0" dynamicThreshold="32" maxThreshold="32" />
  <references type="weak" candidates="1322" cleared="569" enqueued="479" />
  <references type="phantom" candidates="106" cleared="42" enqueued="42" />
  <stringconstants candidates="3958" cleared="0"  />
</gc-op>
<gc-op id="8" type="classunload" timems="0.120" contextid="4" timestamp="2019-08-02T21:51:25.079">
  <classunload-info classloadercandidates="7" classloadersunloaded="0" classesunloaded="0" anonymousclassesunloaded="0" quiescems="0.000" setupms="0.120" scanms="0.000" postms="0.000" />
</gc-op>
<gc-op id="9" type="sweep" timems="0.788" contextid="4" timestamp="2019-08-02T21:51:25.081" />
<gc-op id="10" type="compact" timems="6.424" contextid="4" timestamp="2019-08-02T21:51:25.088">
  <compact-info movecount="30318" movebytes="1347104" />
  <remembered-set-cleared processed="3699" cleared="3699" durationms="0.393" />
</gc-op>
<gc-end id="11" type="global garbage collect" contextid="4" durationms="14.246" usertimems="16.000" systemtimems="0.000" timestamp="2019-08-02T21:51:25.088" activeThreads="8">
  <mem-info id="12" free="6291456" total="8388608" percent="75">
    <pending-finalizers system="1" default="0" reference="521" classloader="0" />
    <remembered-set count="2048" freebytes="326656" totalbytes="334848" percent="97" regionsoverflowed="0" regionsstable="0" regionsrebuilding="0"/>
  </mem-info>
</gc-end>
<cycle-end id="13" type="global garbage collect" contextid="4" timestamp="2019-08-02T21:51:25.089" />
  <attribute name="elasticGC enabled" value="1" />
  <attribute name= "numThreadsSpecified" value="0" />
  <attribute name="heapSize specified" value="0" />
  <attribute name= "numCores" value="8" />
  <attribute name ="GC Interval" value="0" />
  <attribute name ="Control flow" value="1" />
  <attribute name="GC Util Range Max" value="99" />
  <attribute name="Current GC Util" value="67" />
  <attribute name= "Current Time Running" value="6" />
<sys-end id="14" timestamp="2019-08-02T21:51:25.089" />
<exclusive-end id="15" timestamp="2019-08-02T21:51:25.089" durationms="16.135" />

<exclusive-start id="16" timestamp="2019-08-02T21:51:25.285" intervalms="212.296">
  <response-info timems="0.085" idlems="0.085" threads="0" lastid="00000000010C4B00" lastname="Thread-8" />
</exclusive-start>
<allocation-taxation id="17" taxation-threshold="6291456" timestamp="2019-08-02T21:51:25.286" intervalms="670.065" />
<cycle-start id="18" type="partial gc" contextid="0" timestamp="2019-08-02T21:51:25.286" intervalms="670.496" />
<gc-start id="19" type="partial gc" contextid="18" timestamp="2019-08-02T21:51:25.286">
  <mem-info id="20" free="0" total="8388608" percent="0">
    <mem type="eden" free="12072" total="6291456" percent="0" />
    <remembered-set count="1952" freebytes="327040" totalbytes="334848" percent="97" regionsoverflowed="0" regionsstable="0" regionsrebuilding="0"/>
  </mem-info>
</gc-start>
<allocation-stats totalBytes="6229208" >
  <allocated-bytes non-tlh="1230744" tlh="4998464" arrayletleaf="0"/>
  <largest-consumer threadName="main" threadId="0000000000D51A00" bytes="2988480" />
</allocation-stats>
<gc-op id="21" type="mark" timems="1.984" contextid="18" timestamp="2019-08-02T21:51:25.289">
  <trace-info objectcount="15327" scancount="12436" scanbytes="464096" />
  <cardclean-info objects="1388" bytes="50228" />
  <remembered-set-cleared processed="410" cleared="49" durationms="0.064" />
  <references type="soft" candidates="17" cleared="0" enqueued="0" dynamicThreshold="24" maxThreshold="32" />
  <references type="weak" candidates="45" cleared="29" enqueued="28" />
  <references type="phantom" candidates="2" cleared="0" enqueued="0" />
  <stringconstants candidates="4534" cleared="1"  />
  <warning details="Mark invoked due to insufficient free space for Copy-Forward" />
</gc-op>
<gc-op id="22" type="classunload" timems="0.003" contextid="18" timestamp="2019-08-02T21:51:25.289">
  <classunload-info classloadercandidates="8" classloadersunloaded="0" classesunloaded="0" anonymousclassesunloaded="0" quiescems="0.000" setupms="0.002" scanms="0.000" postms="0.000" />
</gc-op>
<gc-op id="23" type="sweep" timems="0.447" contextid="18" timestamp="2019-08-02T21:51:25.290" />
<gc-op id="24" type="compact" timems="1.727" contextid="18" timestamp="2019-08-02T21:51:25.292">
  <compact-info movecount="15327" movebytes="1656456" />
  <remembered-set-cleared processed="2180" cleared="1432" durationms="0.064" />
</gc-op>
<heap-resize id="25" type="expand" space="default" amount="1048576" count="1" timems="0.056" reason="insufficient free space following gc" timestamp="2019-08-02T21:51:25.293" />
<gc-end id="26" type="partial gc" contextid="18" durationms="6.287" usertimems="8.000" systemtimems="0.000" timestamp="2019-08-02T21:51:25.293" activeThreads="2">
  <mem-info id="27" free="5242880" total="9437184" percent="55">
    <mem type="eden" free="440640" total="2097152" percent="21" />
    <pending-finalizers system="0" default="0" reference="28" classloader="0" />
    <remembered-set count="2912" freebytes="365056" totalbytes="376704" percent="96" regionsoverflowed="0" regionsstable="0" regionsrebuilding="0"/>
  </mem-info>
</gc-end>
<cycle-end id="28" type="partial gc" contextid="18" timestamp="2019-08-02T21:51:25.293" />
  <attribute name="elasticGC enabled" value="1" />
  <attribute name= "numThreadsSpecified" value="2" />
  <attribute name="heapSize specified" value="0" />
  <attribute name= "numCores" value="8" />
  <attribute name ="GC Interval" value="0" />
  <attribute name ="Control flow" value="1" />
  <attribute name="GC Util Range Max" value="99" />
  <attribute name="Current GC Util" value="8" />
  <attribute name= "Current Time Running" value="215" />
<exclusive-end id="29" timestamp="2019-08-02T21:51:25.293" durationms="7.980" />

<exclusive-start id="30" timestamp="2019-08-02T21:51:25.328" intervalms="42.885">
  <response-info timems="0.064" idlems="0.064" threads="0" lastid="00000000010C4B00" lastname="Thread-8" />
</exclusive-start>
<allocation-taxation id="31" taxation-threshold="2097152" timestamp="2019-08-02T21:51:25.328" intervalms="42.618" />
<cycle-start id="32" type="global mark phase" contextid="0" timestamp="2019-08-02T21:51:25.328" intervalms="712.841" />
<gc-start id="33" type="global mark phase" contextid="32" timestamp="2019-08-02T21:51:25.329">
  <mem-info id="34" free="3145728" total="9437184" percent="33">
    <remembered-set count="2784" freebytes="365568" totalbytes="376704" percent="97" regionsoverflowed="0" regionsstable="0" regionsrebuilding="0"/>
  </mem-info>
</gc-start>
<gc-op id="35" type="mark increment" timems="0.859" contextid="32" timestamp="2019-08-02T21:51:25.330">
  <trace-info objectcount="200" scancount="0" scanbytes="0" />
</gc-op>
<gc-end id="36" type="global mark phase" contextid="32" durationms="1.120" usertimems="0.000" systemtimems="0.000" timestamp="2019-08-02T21:51:25.330" activeThreads="2">
  <mem-info id="37" free="3145728" total="9437184" percent="33">
    <remembered-set count="2784" freebytes="365568" totalbytes="376704" percent="97" regionsoverflowed="0" regionsstable="0" regionsrebuilding="0"/>
  </mem-info>
</gc-end>
<concurrent-start id="38" type="GMP work packet processing" contextid="32" timestamp="2019-08-02T21:51:25.330">
  <concurrent-mark-start scanTarget="18446744073709551615" />
</concurrent-start>
<exclusive-end id="39" timestamp="2019-08-02T21:51:25.330" durationms="1.843" />

<concurrent-end id="40" type="GMP work packet processing" contextid="32" timestamp="2019-08-02T21:51:25.332">
  <concurrent-mark-end bytesScanned="1204440" reasonForTermination="Completed all work in GC phase" />
</concurrent-end>

<exclusive-start id="41" timestamp="2019-08-02T21:51:25.336" intervalms="7.538">
  <response-info timems="0.037" idlems="0.037" threads="0" lastid="00000000010C4B00" lastname="Thread-8" />
</exclusive-start>
<allocation-taxation id="42" taxation-threshold="2097152" timestamp="2019-08-02T21:51:25.336" intervalms="7.486" />
<cycle-start id="43" type="partial gc" contextid="0" timestamp="2019-08-02T21:51:25.336" intervalms="49.870" />
<gc-start id="44" type="partial gc" contextid="43" timestamp="2019-08-02T21:51:25.336">
  <mem-info id="45" free="1048576" total="9437184" percent="11">
    <mem type="eden" free="0" total="4194304" percent="0" />
    <remembered-set count="2784" freebytes="365568" totalbytes="376704" percent="97" regionsoverflowed="0" regionsstable="0" regionsrebuilding="0"/>
  </mem-info>
</gc-start>
<allocation-stats totalBytes="4175472" >
  <allocated-bytes non-tlh="344928" tlh="3830544" arrayletleaf="0"/>
  <largest-consumer threadName="Thread-8" threadId="00000000010C4B00" bytes="2090392" />
</allocation-stats>
<gc-op id="46" type="copy forward" timems="3.276" contextid="43" timestamp="2019-08-02T21:51:25.340">
  <memory-copied type="eden" objects="15" bytes="144432" bytesdiscarded="0" />
  <memory-copied type="other" objects="15216" bytes="1456136" bytesdiscarded="124424" />
  <memory-cardclean objects="105" bytes="8360" />
  <regions eden="4" other="2" />
  <remembered-set-cleared processed="990" cleared="602" durationms="0.049" />
  <references type="soft" candidates="17" cleared="0" enqueued="0" dynamicThreshold="10" maxThreshold="32" />
  <references type="weak" candidates="16" cleared="0" enqueued="0" />
  <references type="phantom" candidates="2" cleared="0" enqueued="0" />
  <stringconstants candidates="4533" cleared="0"  />
  <heap-resize type="expand" space="default" amount="2097152" count="2" timems="0.111" reason="continue current collection" />
</gc-op>
<gc-op id="47" type="classunload" timems="0.002" contextid="43" timestamp="2019-08-02T21:51:25.340">
  <classunload-info classloadercandidates="8" classloadersunloaded="0" classesunloaded="0" anonymousclassesunloaded="0" quiescems="0.000" setupms="0.002" scanms="0.000" postms="0.000" />
</gc-op>
<gc-op id="48" type="compact" timems="0.690" contextid="43" timestamp="2019-08-02T21:51:25.341">
  <compact-info movecount="0" movebytes="0" />
  <remembered-set-cleared processed="1857" cleared="602" durationms="0.049" />
</gc-op>
<gc-end id="49" type="partial gc" contextid="43" durationms="5.274" usertimems="4.000" systemtimems="4.000" timestamp="2019-08-02T21:51:25.341" activeThreads="2">
  <mem-info id="50" free="6291456" total="11534336" percent="54">
    <mem type="eden" free="904144" total="1048576" percent="86" />
    <remembered-set count="2496" freebytes="450432" totalbytes="460416" percent="97" regionsoverflowed="0" regionsstable="0" regionsrebuilding="0"/>
  </mem-info>
</gc-end>
<cycle-end id="51" type="partial gc" contextid="43" timestamp="2019-08-02T21:51:25.342" />
  <attribute name="elasticGC enabled" value="1" />
  <attribute name= "numThreadsSpecified" value="2" />
  <attribute name="heapSize specified" value="0" />
  <attribute name= "numCores" value="8" />
  <attribute name ="GC Interval" value="0" />
  <attribute name ="Control flow" value="1" />
  <attribute name="GC Util Range Max" value="99" />
  <attribute name="Current GC Util" value="63" />
  <attribute name= "Current Time Running" value="265" />
<exclusive-end id="52" timestamp="2019-08-02T21:51:25.342" durationms="6.156" />

<exclusive-start id="53" timestamp="2019-08-02T21:51:25.390" intervalms="54.208">
  <response-info timems="0.066" idlems="0.066" threads="0" lastid="00000000010C8700" lastname="Thread-11" />
</exclusive-start>
<allocation-taxation id="54" taxation-threshold="3145728" timestamp="2019-08-02T21:51:25.390" intervalms="54.224" />
<gc-start id="55" type="global mark phase" contextid="32" timestamp="2019-08-02T21:51:25.390">
  <mem-info id="56" free="3145728" total="11534336" percent="27">
    <remembered-set count="1952" freebytes="452608" totalbytes="460416" percent="98" regionsoverflowed="0" regionsstable="1" regionsrebuilding="0"/>
  </mem-info>
</gc-start>
<gc-op id="57" type="mark increment" timems="0.982" contextid="32" timestamp="2019-08-02T21:51:25.391">
  <trace-info objectcount="5656" scancount="5573" scanbytes="274540" />
  <cardclean-info objects="740" bytes="32336" />
  <finalization candidates="124" enqueued="0" />
  <ownableSynchronizers candidates="3" cleared="0" />
  <references type="soft" candidates="148" cleared="0" enqueued="0" dynamicThreshold="17" maxThreshold="32" />
  <references type="weak" candidates="769" cleared="0" enqueued="0" />
  <references type="phantom" candidates="65" cleared="2" enqueued="2" />
  <stringconstants candidates="4596" cleared="0"  />
</gc-op>
<gc-op id="58" type="classunload" timems="0.004" contextid="32" timestamp="2019-08-02T21:51:25.391">
  <classunload-info classloadercandidates="8" classloadersunloaded="0" classesunloaded="0" anonymousclassesunloaded="0" quiescems="0.000" setupms="0.004" scanms="0.000" postms="0.000" />
</gc-op>
<gc-end id="59" type="global mark phase" contextid="32" durationms="1.358" usertimems="0.000" systemtimems="0.000" timestamp="2019-08-02T21:51:25.392" activeThreads="2">
  <mem-info id="60" free="3145728" total="11534336" percent="27">
    <pending-finalizers system="0" default="0" reference="2" classloader="0" />
    <remembered-set count="1952" freebytes="452608" totalbytes="460416" percent="98" regionsoverflowed="0" regionsstable="1" regionsrebuilding="0"/>
  </mem-info>
</gc-end>
<cycle-end id="61" type="global mark phase" contextid="32" timestamp="2019-08-02T21:51:25.392" />
  <attribute name="elasticGC enabled" value="1" />
  <attribute name= "numThreadsSpecified" value="2" />
  <attribute name="heapSize specified" value="0" />
  <attribute name= "numCores" value="8" />
  <attribute name ="GC Interval" value="0" />
  <attribute name ="Control flow" value="1" />
  <attribute name="GC Util Range Max" value="99" />
  <attribute name="Current GC Util" value="58" />
  <attribute name= "Current Time Running" value="316" />
<exclusive-end id="62" timestamp="2019-08-02T21:51:25.392" durationms="2.031" />

<exclusive-start id="63" timestamp="2019-08-02T21:51:25.431" intervalms="41.055">
  <response-info timems="0.120" idlems="0.120" threads="0" lastid="00000000010C8700" lastname="Thread-11" />
</exclusive-start>
<allocation-taxation id="64" taxation-threshold="3145728" timestamp="2019-08-02T21:51:25.431" intervalms="41.047" />
<cycle-start id="65" type="partial gc" contextid="0" timestamp="2019-08-02T21:51:25.431" intervalms="95.192" />
<gc-start id="66" type="partial gc" contextid="65" timestamp="2019-08-02T21:51:25.431">
  <mem-info id="67" free="0" total="11534336" percent="0">
    <mem type="eden" free="904144" total="7340032" percent="12" />
    <remembered-set count="1952" freebytes="452608" totalbytes="460416" percent="98" regionsoverflowed="0" regionsstable="1" regionsrebuilding="0"/>
  </mem-info>
</gc-start>
<allocation-stats totalBytes="6271840" >
  <allocated-bytes non-tlh="598592" tlh="5673248" arrayletleaf="0"/>
  <largest-consumer threadName="Thread-11" threadId="00000000010C8700" bytes="3145360" />
</allocation-stats>
<gc-op id="68" type="sweep" timems="0.441" contextid="65" timestamp="2019-08-02T21:51:25.432" />
<gc-op id="69" type="copy forward" timems="1.498" contextid="65" timestamp="2019-08-02T21:51:25.434">
  <memory-copied type="eden" objects="237" bytes="5808" bytesdiscarded="2415" />
  <memory-copied type="other" objects="5594" bytes="432264" bytesdiscarded="45617" />
  <memory-cardclean objects="312" bytes="15088" />
  <regions eden="3" other="2" />
  <remembered-set-cleared processed="362" cleared="32" durationms="0.056" />
  <stringconstants candidates="4596" cleared="0"  />
</gc-op>
<gc-op id="70" type="classunload" timems="0.003" contextid="65" timestamp="2019-08-02T21:51:25.434">
  <classunload-info classloadercandidates="8" classloadersunloaded="0" classesunloaded="0" anonymousclassesunloaded="0" quiescems="0.000" setupms="0.003" scanms="0.000" postms="0.000" />
</gc-op>
<gc-end id="71" type="partial gc" contextid="65" durationms="3.129" usertimems="0.000" systemtimems="0.000" timestamp="2019-08-02T21:51:25.435" activeThreads="3">
  <mem-info id="72" free="6291456" total="11534336" percent="54">
    <mem type="eden" free="562400" total="1048576" percent="53" />
    <remembered-set count="2944" freebytes="448640" totalbytes="460416" percent="97" regionsoverflowed="0" regionsstable="1" regionsrebuilding="0"/>
  </mem-info>
</gc-end>
<cycle-end id="73" type="partial gc" contextid="65" timestamp="2019-08-02T21:51:25.435" />
  <attribute name="elasticGC enabled" value="1" />
  <attribute name= "numThreadsSpecified" value="3" />
  <attribute name="heapSize specified" value="0" />
  <attribute name= "numCores" value="8" />
  <attribute name ="GC Interval" value="0" />
  <attribute name ="Control flow" value="1" />
  <attribute name="GC Util Range Max" value="99" />
  <attribute name="Current GC Util" value="31" />
  <attribute name= "Current Time Running" value="358" />
<exclusive-end id="74" timestamp="2019-08-02T21:51:25.435" durationms="3.902" />

<exclusive-start id="75" timestamp="2019-08-02T21:51:25.475" intervalms="44.048">
  <response-info timems="0.105" idlems="0.105" threads="0" lastid="00000000010C8700" lastname="Thread-11" />
</exclusive-start>
<allocation-taxation id="76" taxation-threshold="6291456" timestamp="2019-08-02T21:51:25.475" intervalms="44.050" />
<cycle-start id="77" type="partial gc" contextid="0" timestamp="2019-08-02T21:51:25.475" intervalms="44.058" />
<gc-start id="78" type="partial gc" contextid="77" timestamp="2019-08-02T21:51:25.475">
  <mem-info id="79" free="0" total="11534336" percent="0">
    <mem type="eden" free="0" total="6291456" percent="0" />
    <remembered-set count="2528" freebytes="450304" totalbytes="460416" percent="97" regionsoverflowed="0" regionsstable="1" regionsrebuilding="0"/>
  </mem-info>
</gc-start>
<allocation-stats totalBytes="6290680" >
  <allocated-bytes non-tlh="0" tlh="6290680" arrayletleaf="0"/>
  <largest-consumer threadName="Thread-11" threadId="00000000010C8700" bytes="6290680" />
</allocation-stats>
<gc-op id="80" type="mark" timems="1.136" contextid="77" timestamp="2019-08-02T21:51:25.477">
  <trace-info objectcount="6191" scancount="6108" scanbytes="287204" />
  <cardclean-info objects="39" bytes="2740" />
  <remembered-set-cleared processed="439" cleared="95" durationms="0.053" />
  <stringconstants candidates="4596" cleared="0"  />
  <warning details="Mark invoked due to insufficient free space for Copy-Forward" />
</gc-op>
<gc-op id="81" type="classunload" timems="0.002" contextid="77" timestamp="2019-08-02T21:51:25.477">
  <classunload-info classloadercandidates="8" classloadersunloaded="0" classesunloaded="0" anonymousclassesunloaded="0" quiescems="0.000" setupms="0.002" scanms="0.000" postms="0.000" />
</gc-op>
<gc-op id="82" type="sweep" timems="0.350" contextid="77" timestamp="2019-08-02T21:51:25.478" />
<gc-op id="83" type="compact" timems="1.431" contextid="77" timestamp="2019-08-02T21:51:25.479">
  <compact-info movecount="6189" movebytes="446640" />
  <remembered-set-cleared processed="941" cleared="253" durationms="0.054" />
</gc-op>
<gc-end id="84" type="partial gc" contextid="77" durationms="4.171" usertimems="4.000" systemtimems="0.000" timestamp="2019-08-02T21:51:25.480" activeThreads="3">
  <mem-info id="85" free="5242880" total="11534336" percent="45">
    <mem type="eden" free="1039488" total="1048576" percent="99" />
    <remembered-set count="3552" freebytes="446208" totalbytes="460416" percent="96" regionsoverflowed="0" regionsstable="1" regionsrebuilding="0"/>
  </mem-info>
</gc-end>
<cycle-end id="86" type="partial gc" contextid="77" timestamp="2019-08-02T21:51:25.480" />
  <attribute name="elasticGC enabled" value="1" />
  <attribute name= "numThreadsSpecified" value="3" />
  <attribute name="heapSize specified" value="0" />
  <attribute name= "numCores" value="8" />
  <attribute name ="GC Interval" value="0" />
  <attribute name ="Control flow" value="1" />
  <attribute name="GC Util Range Max" value="99" />
  <attribute name="Current GC Util" value="17" />
  <attribute name= "Current Time Running" value="403" />
<exclusive-end id="87" timestamp="2019-08-02T21:51:25.480" durationms="4.959" />

<exclusive-start id="88" timestamp="2019-08-02T21:51:25.488" intervalms="12.643">
  <response-info timems="0.055" idlems="0.055" threads="0" lastid="00000000010C8700" lastname="Thread-11" />
</exclusive-start>
<allocation-taxation id="89" taxation-threshold="2097152" timestamp="2019-08-02T21:51:25.488" intervalms="12.626" />
<cycle-start id="90" type="global mark phase" contextid="0" timestamp="2019-08-02T21:51:25.488" intervalms="159.390" />
<gc-start id="91" type="global mark phase" contextid="90" timestamp="2019-08-02T21:51:25.488">
  <mem-info id="92" free="3145728" total="11534336" percent="27">
    <remembered-set count="3328" freebytes="447104" totalbytes="460416" percent="97" regionsoverflowed="0" regionsstable="1" regionsrebuilding="0"/>
  </mem-info>
</gc-start>
<gc-op id="93" type="mark increment" timems="0.396" contextid="90" timestamp="2019-08-02T21:51:25.488">
  <trace-info objectcount="135" scancount="0" scanbytes="0" />
</gc-op>
<gc-end id="94" type="global mark phase" contextid="90" durationms="0.608" usertimems="0.000" systemtimems="0.000" timestamp="2019-08-02T21:51:25.489" activeThreads="3">
  <mem-info id="95" free="3145728" total="11534336" percent="27">
    <remembered-set count="3328" freebytes="447104" totalbytes="460416" percent="97" regionsoverflowed="0" regionsstable="0" regionsrebuilding="1"/>
  </mem-info>
</gc-end>
<concurrent-start id="96" type="GMP work packet processing" contextid="90" timestamp="2019-08-02T21:51:25.489">
  <concurrent-mark-start scanTarget="18446744073709551615" />
</concurrent-start>
<exclusive-end id="97" timestamp="2019-08-02T21:51:25.490" durationms="2.030" />

<concurrent-end id="98" type="GMP work packet processing" contextid="90" timestamp="2019-08-02T21:51:25.490">
  <concurrent-mark-end bytesScanned="1460864" reasonForTermination="Completed all work in GC phase" />
</concurrent-end>

<exclusive-start id="99" timestamp="2019-08-02T21:51:25.507" intervalms="19.334">
  <response-info timems="0.059" idlems="0.059" threads="0" lastid="00000000010C8700" lastname="Thread-11" />
</exclusive-start>
<allocation-taxation id="100" taxation-threshold="2097152" timestamp="2019-08-02T21:51:25.507" intervalms="19.337" />
<cycle-start id="101" type="partial gc" contextid="0" timestamp="2019-08-02T21:51:25.507" intervalms="32.034" />
<gc-start id="102" type="partial gc" contextid="101" timestamp="2019-08-02T21:51:25.507">
  <mem-info id="103" free="1048576" total="11534336" percent="9">
    <mem type="eden" free="0" total="4194304" percent="0" />
    <remembered-set count="4736" freebytes="441472" totalbytes="460416" percent="95" regionsoverflowed="0" regionsstable="0" regionsrebuilding="1"/>
  </mem-info>
</gc-start>
<allocation-stats totalBytes="4193744" >
  <allocated-bytes non-tlh="0" tlh="4193744" arrayletleaf="0"/>
  <largest-consumer threadName="Thread-11" threadId="00000000010C8700" bytes="2096952" />
</allocation-stats>
<gc-op id="104" type="copy forward" timems="1.196" contextid="101" timestamp="2019-08-02T21:51:25.509">
  <memory-copied type="eden" objects="172" bytes="4248" bytesdiscarded="0" />
  <memory-copied type="other" objects="352" bytes="8448" bytesdiscarded="0" />
  <memory-cardclean objects="876" bytes="41776" />
  <regions eden="4" other="1" />
  <remembered-set-cleared processed="2094" cleared="92" durationms="0.080" />
  <stringconstants candidates="4596" cleared="0"  />
  <heap-resize type="expand" space="default" amount="1048576" count="1" timems="0.065" reason="continue current collection" />
</gc-op>
<gc-op id="105" type="classunload" timems="0.003" contextid="101" timestamp="2019-08-02T21:51:25.509">
  <classunload-info classloadercandidates="8" classloadersunloaded="0" classesunloaded="0" anonymousclassesunloaded="0" quiescems="0.000" setupms="0.002" scanms="0.000" postms="0.000" />
</gc-op>
<gc-op id="106" type="compact" timems="0.667" contextid="101" timestamp="2019-08-02T21:51:25.510">
  <compact-info movecount="0" movebytes="0" />
  <remembered-set-cleared processed="4365" cleared="92" durationms="0.080" />
</gc-op>
<heap-resize id="107" type="expand" space="default" amount="3145728" count="1" timems="0.062" reason="excessive time being spent in gc" timestamp="2019-08-02T21:51:25.510" />
<gc-end id="108" type="partial gc" contextid="101" durationms="3.145" usertimems="0.000" systemtimems="0.000" timestamp="2019-08-02T21:51:25.511" activeThreads="3">
  <mem-info id="109" free="8388608" total="15728640" percent="53">
    <mem type="eden" free="1044328" total="1048576" percent="99" />
    <remembered-set count="4128" freebytes="611328" totalbytes="627840" percent="97" regionsoverflowed="0" regionsstable="0" regionsrebuilding="1"/>
  </mem-info>
</gc-end>
<cycle-end id="110" type="partial gc" contextid="101" timestamp="2019-08-02T21:51:25.511" />
  <attribute name="elasticGC enabled" value="1" />
  <attribute name= "numThreadsSpecified" value="3" />
  <attribute name="heapSize specified" value="0" />
  <attribute name= "numCores" value="8" />
  <attribute name ="GC Interval" value="0" />
  <attribute name ="Control flow" value="1" />
  <attribute name="GC Util Range Max" value="99" />
  <attribute name="Current GC Util" value="56" />
  <attribute name= "Current Time Running" value="434" />
<exclusive-end id="111" timestamp="2019-08-02T21:51:25.511" durationms="3.999" />

<exclusive-start id="112" timestamp="2019-08-02T21:51:25.528" intervalms="20.832">
  <response-info timems="0.054" idlems="0.054" threads="0" lastid="00000000010C8700" lastname="Thread-11" />
</exclusive-start>
<allocation-taxation id="113" taxation-threshold="4194304" timestamp="2019-08-02T21:51:25.528" intervalms="20.865" />
<gc-start id="114" type="global mark phase" contextid="90" timestamp="2019-08-02T21:51:25.528">
  <mem-info id="115" free="4194304" total="15728640" percent="26">
    <remembered-set count="4128" freebytes="611328" totalbytes="627840" percent="97" regionsoverflowed="0" regionsstable="0" regionsrebuilding="1"/>
  </mem-info>
</gc-start>
<gc-op id="116" type="mark increment" timems="2.672" contextid="90" timestamp="2019-08-02T21:51:25.531">
  <trace-info objectcount="350" scancount="350" scanbytes="11452" />
  <cardclean-info objects="1442" bytes="85120" />
  <finalization candidates="124" enqueued="0" />
  <ownableSynchronizers candidates="3" cleared="0" />
  <references type="soft" candidates="148" cleared="0" enqueued="0" dynamicThreshold="17" maxThreshold="32" />
  <references type="weak" candidates="769" cleared="0" enqueued="0" />
  <references type="phantom" candidates="63" cleared="0" enqueued="0" />
  <stringconstants candidates="4596" cleared="0"  />
</gc-op>
<gc-op id="117" type="classunload" timems="0.003" contextid="90" timestamp="2019-08-02T21:51:25.531">
  <classunload-info classloadercandidates="8" classloadersunloaded="0" classesunloaded="0" anonymousclassesunloaded="0" quiescems="0.000" setupms="0.003" scanms="0.000" postms="0.000" />
</gc-op>
<gc-end id="118" type="global mark phase" contextid="90" durationms="3.081" usertimems="0.000" systemtimems="0.000" timestamp="2019-08-02T21:51:25.531" activeThreads="4">
  <mem-info id="119" free="4194304" total="15728640" percent="26">
    <remembered-set count="4128" freebytes="611328" totalbytes="627840" percent="97" regionsoverflowed="0" regionsstable="0" regionsrebuilding="0"/>
  </mem-info>
</gc-end>
<cycle-end id="120" type="global mark phase" contextid="90" timestamp="2019-08-02T21:51:25.531" />
  <attribute name="elasticGC enabled" value="1" />
  <attribute name= "numThreadsSpecified" value="4" />
  <attribute name="heapSize specified" value="0" />
  <attribute name= "numCores" value="8" />
  <attribute name ="GC Interval" value="0" />
  <attribute name ="Control flow" value="1" />
  <attribute name="GC Util Range Max" value="99" />
  <attribute name="Current GC Util" value="3" />
  <attribute name= "Current Time Running" value="454" />
<exclusive-end id="121" timestamp="2019-08-02T21:51:25.531" durationms="3.723" />

<exclusive-start id="122" timestamp="2019-08-02T21:51:25.547" intervalms="18.814">
  <response-info timems="0.293" idlems="0.293" threads="0" lastid="00000000010C8700" lastname="Thread-11" />
</exclusive-start>
<allocation-taxation id="123" taxation-threshold="4194304" timestamp="2019-08-02T21:51:25.547" intervalms="18.840" />
<cycle-start id="124" type="partial gc" contextid="0" timestamp="2019-08-02T21:51:25.547" intervalms="39.733" />
<gc-start id="125" type="partial gc" contextid="124" timestamp="2019-08-02T21:51:25.547">
  <mem-info id="126" free="0" total="15728640" percent="0">
    <mem type="eden" free="0" total="8388608" percent="0" />
    <remembered-set count="2432" freebytes="618112" totalbytes="627840" percent="98" regionsoverflowed="0" regionsstable="1" regionsrebuilding="0"/>
  </mem-info>
</gc-start>
<allocation-stats totalBytes="8387624" >
  <allocated-bytes non-tlh="0" tlh="8387624" arrayletleaf="0"/>
  <largest-consumer threadName="Thread-11" threadId="00000000010C8700" bytes="4193832" />
</allocation-stats>
<gc-op id="127" type="sweep" timems="1.675" contextid="124" timestamp="2019-08-02T21:51:25.549" />
<gc-op id="128" type="mark" timems="1.882" contextid="124" timestamp="2019-08-02T21:51:25.552">
  <trace-info objectcount="584" scancount="584" scanbytes="14136" />
  <cardclean-info objects="1218" bytes="58072" />
  <remembered-set-cleared processed="630" cleared="145" durationms="0.080" />
  <stringconstants candidates="4596" cleared="0"  />
  <warning details="Mark invoked due to insufficient free space for Copy-Forward" />
</gc-op>
<gc-op id="129" type="classunload" timems="0.002" contextid="124" timestamp="2019-08-02T21:51:25.552">
  <classunload-info classloadercandidates="8" classloadersunloaded="0" classesunloaded="0" anonymousclassesunloaded="0" quiescems="0.000" setupms="0.002" scanms="0.000" postms="0.000" />
</gc-op>
<gc-op id="130" type="sweep" timems="0.933" contextid="124" timestamp="2019-08-02T21:51:25.553" />
<gc-op id="131" type="compact" timems="1.626" contextid="124" timestamp="2019-08-02T21:51:25.555">
  <compact-info movecount="584" movebytes="14136" />
  <remembered-set-cleared processed="1293" cleared="321" durationms="0.080" />
</gc-op>
<heap-resize id="132" type="expand" space="default" amount="3145728" count="1" timems="0.076" reason="excessive time being spent in gc" timestamp="2019-08-02T21:51:25.556" />
<gc-end id="133" type="partial gc" contextid="124" durationms="8.507" usertimems="12.000" systemtimems="0.000" timestamp="2019-08-02T21:51:25.556" activeThreads="4">
  <mem-info id="134" free="10485760" total="18874368" percent="55">
    <mem type="eden" free="1038256" total="1048576" percent="99" />
    <remembered-set count="2848" freebytes="742016" totalbytes="753408" percent="98" regionsoverflowed="0" regionsstable="1" regionsrebuilding="0"/>
  </mem-info>
</gc-end>
<cycle-end id="135" type="partial gc" contextid="124" timestamp="2019-08-02T21:51:25.556" />
  <attribute name="elasticGC enabled" value="1" />
  <attribute name= "numThreadsSpecified" value="4" />
  <attribute name="heapSize specified" value="0" />
  <attribute name= "numCores" value="8" />
  <attribute name ="GC Interval" value="0" />
  <attribute name ="Control flow" value="1" />
  <attribute name="GC Util Range Max" value="99" />
  <attribute name="Current GC Util" value="63" />
  <attribute name= "Current Time Running" value="479" />
<exclusive-end id="136" timestamp="2019-08-02T21:51:25.556" durationms="9.555" />

<exclusive-start id="137" timestamp="2019-08-02T21:51:25.573" intervalms="26.184">
  <response-info timems="0.234" idlems="0.234" threads="0" lastid="00000000010C8700" lastname="Thread-11" />
</exclusive-start>
<allocation-taxation id="138" taxation-threshold="5242880" timestamp="2019-08-02T21:51:25.573" intervalms="26.175" />
<cycle-start id="139" type="global mark phase" contextid="0" timestamp="2019-08-02T21:51:25.573" intervalms="85.261" />
<gc-start id="140" type="global mark phase" contextid="139" timestamp="2019-08-02T21:51:25.573">
  <mem-info id="141" free="5242880" total="18874368" percent="27">
    <remembered-set count="2848" freebytes="742016" totalbytes="753408" percent="98" regionsoverflowed="0" regionsstable="1" regionsrebuilding="0"/>
  </mem-info>
</gc-start>
<gc-op id="142" type="mark increment" timems="2.248" contextid="139" timestamp="2019-08-02T21:51:25.576">
  <trace-info objectcount="147" scancount="0" scanbytes="0" />
</gc-op>
<gc-end id="143" type="global mark phase" contextid="139" durationms="2.469" usertimems="0.000" systemtimems="4.000" timestamp="2019-08-02T21:51:25.576" activeThreads="4">
  <mem-info id="144" free="5242880" total="18874368" percent="27">
    <remembered-set count="2848" freebytes="742016" totalbytes="753408" percent="98" regionsoverflowed="0" regionsstable="0" regionsrebuilding="1"/>
  </mem-info>
</gc-end>
<concurrent-start id="145" type="GMP work packet processing" contextid="139" timestamp="2019-08-02T21:51:25.576">
  <concurrent-mark-start scanTarget="18446744073709551615" />
</concurrent-start>
<exclusive-end id="146" timestamp="2019-08-02T21:51:25.576" durationms="3.227" />

<concurrent-end id="147" type="GMP work packet processing" contextid="139" timestamp="2019-08-02T21:51:25.579">
  <concurrent-mark-end bytesScanned="1480128" reasonForTermination="Completed all work in GC phase" />
</concurrent-end>

<exclusive-start id="148" timestamp="2019-08-02T21:51:25.595" intervalms="22.150">
  <response-info timems="0.059" idlems="0.059" threads="0" lastid="00000000010C8700" lastname="Thread-11" />
</exclusive-start>
<allocation-taxation id="149" taxation-threshold="5242880" timestamp="2019-08-02T21:51:25.595" intervalms="22.155" />
<cycle-start id="150" type="partial gc" contextid="0" timestamp="2019-08-02T21:51:25.595" intervalms="48.257" />
<gc-start id="151" type="partial gc" contextid="150" timestamp="2019-08-02T21:51:25.596">
  <mem-info id="152" free="0" total="18874368" percent="0">
    <mem type="eden" free="0" total="10485760" percent="0" />
    <remembered-set count="5056" freebytes="733184" totalbytes="753408" percent="97" regionsoverflowed="0" regionsstable="0" regionsrebuilding="1"/>
  </mem-info>
</gc-start>
<allocation-stats totalBytes="10484424" >
  <allocated-bytes non-tlh="0" tlh="10484424" arrayletleaf="0"/>
  <largest-consumer threadName="Thread-11" threadId="00000000010C8700" bytes="5242224" />
</allocation-stats>
<gc-op id="153" type="mark" timems="3.729" contextid="150" timestamp="2019-08-02T21:51:25.601">
  <trace-info objectcount="1003" scancount="1003" scanbytes="24224" />
  <cardclean-info objects="1691" bytes="81200" />
  <remembered-set-cleared processed="2342" cleared="179" durationms="0.077" />
  <stringconstants candidates="4596" cleared="0"  />
  <warning details="Mark invoked due to insufficient free space for Copy-Forward" />
</gc-op>
<gc-op id="154" type="classunload" timems="0.002" contextid="150" timestamp="2019-08-02T21:51:25.601">
  <classunload-info classloadercandidates="8" classloadersunloaded="0" classesunloaded="0" anonymousclassesunloaded="0" quiescems="0.000" setupms="0.002" scanms="0.000" postms="0.000" />
</gc-op>
<gc-op id="155" type="sweep" timems="1.184" contextid="150" timestamp="2019-08-02T21:51:25.602" />
<gc-op id="156" type="compact" timems="2.411" contextid="150" timestamp="2019-08-02T21:51:25.605">
  <compact-info movecount="4233" movebytes="209720" />
  <remembered-set-cleared processed="4691" cleared="750" durationms="0.077" />
</gc-op>
<heap-resize id="157" type="expand" space="default" amount="4194304" count="1" timems="0.074" reason="excessive time being spent in gc" timestamp="2019-08-02T21:51:25.605" />
<gc-end id="158" type="partial gc" contextid="150" durationms="9.741" usertimems="8.000" systemtimems="4.000" timestamp="2019-08-02T21:51:25.605" activeThreads="2">
  <mem-info id="159" free="13631488" total="23068672" percent="59">
    <mem type="eden" free="1034288" total="1048576" percent="98" />
    <remembered-set count="5440" freebytes="899072" totalbytes="920832" percent="97" regionsoverflowed="0" regionsstable="0" regionsrebuilding="1"/>
  </mem-info>
</gc-end>
<cycle-end id="160" type="partial gc" contextid="150" timestamp="2019-08-02T21:51:25.605" />
  <attribute name="elasticGC enabled" value="1" />
  <attribute name= "numThreadsSpecified" value="2" />
  <attribute name="heapSize specified" value="0" />
  <attribute name= "numCores" value="8" />
  <attribute name ="GC Interval" value="0" />
  <attribute name ="Control flow" value="1" />
  <attribute name="GC Util Range Max" value="99" />
  <attribute name="Current GC Util" value="23" />
  <attribute name= "Current Time Running" value="527" />
<exclusive-end id="161" timestamp="2019-08-02T21:51:25.606" durationms="10.718" />

<exclusive-start id="162" timestamp="2019-08-02T21:51:25.629" intervalms="34.336">
  <response-info timems="0.026" idlems="0.026" threads="0" lastid="00000000010C8700" lastname="Thread-11" />
</exclusive-start>
<allocation-taxation id="163" taxation-threshold="6291456" timestamp="2019-08-02T21:51:25.629" intervalms="34.301" />
<gc-start id="164" type="global mark phase" contextid="139" timestamp="2019-08-02T21:51:25.630">
  <mem-info id="165" free="7340032" total="23068672" percent="31">
    <remembered-set count="5024" freebytes="900736" totalbytes="920832" percent="97" regionsoverflowed="0" regionsstable="0" regionsrebuilding="1"/>
  </mem-info>
</gc-start>
<gc-op id="166" type="mark increment" timems="3.806" contextid="139" timestamp="2019-08-02T21:51:25.634">
  <trace-info objectcount="8202" scancount="6270" scanbytes="167756" />
  <cardclean-info objects="2971" bytes="127468" />
  <finalization candidates="124" enqueued="0" />
  <ownableSynchronizers candidates="3" cleared="0" />
  <references type="soft" candidates="148" cleared="0" enqueued="0" dynamicThreshold="18" maxThreshold="32" />
  <references type="weak" candidates="769" cleared="0" enqueued="0" />
  <references type="phantom" candidates="63" cleared="0" enqueued="0" />
  <stringconstants candidates="4596" cleared="0"  />
</gc-op>
<gc-op id="167" type="classunload" timems="0.003" contextid="139" timestamp="2019-08-02T21:51:25.634">
  <classunload-info classloadercandidates="8" classloadersunloaded="0" classesunloaded="0" anonymousclassesunloaded="0" quiescems="0.000" setupms="0.003" scanms="0.000" postms="0.000" />
</gc-op>
<gc-end id="168" type="global mark phase" contextid="139" durationms="4.203" usertimems="4.000" systemtimems="0.000" timestamp="2019-08-02T21:51:25.634" activeThreads="2">
  <mem-info id="169" free="7340032" total="23068672" percent="31">
    <remembered-set count="5536" freebytes="898688" totalbytes="920832" percent="97" regionsoverflowed="0" regionsstable="0" regionsrebuilding="0"/>
  </mem-info>
</gc-end>
<cycle-end id="170" type="global mark phase" contextid="139" timestamp="2019-08-02T21:51:25.634" />
  <attribute name="elasticGC enabled" value="1" />
  <attribute name= "numThreadsSpecified" value="2" />
  <attribute name="heapSize specified" value="0" />
  <attribute name= "numCores" value="8" />
  <attribute name ="GC Interval" value="0" />
  <attribute name ="Control flow" value="1" />
  <attribute name="GC Util Range Max" value="99" />
  <attribute name="Current GC Util" value="39" />
  <attribute name= "Current Time Running" value="557" />
<exclusive-end id="171" timestamp="2019-08-02T21:51:25.634" durationms="4.822" />

<exclusive-start id="172" timestamp="2019-08-02T21:51:25.658" intervalms="29.057">
  <response-info timems="0.036" idlems="0.036" threads="0" lastid="00000000010C8700" lastname="Thread-11" />
</exclusive-start>
<allocation-taxation id="173" taxation-threshold="6291456" timestamp="2019-08-02T21:51:25.658" intervalms="29.040" />
<cycle-start id="174" type="partial gc" contextid="0" timestamp="2019-08-02T21:51:25.659" intervalms="63.323" />
<gc-start id="175" type="partial gc" contextid="174" timestamp="2019-08-02T21:51:25.659">
  <mem-info id="176" free="1048576" total="23068672" percent="4">
    <mem type="eden" free="0" total="12582912" percent="0" />
    <remembered-set count="3360" freebytes="907392" totalbytes="920832" percent="98" regionsoverflowed="0" regionsstable="1" regionsrebuilding="0"/>
  </mem-info>
</gc-start>
<allocation-stats totalBytes="12581472" >
  <allocated-bytes non-tlh="0" tlh="12581472" arrayletleaf="0"/>
  <largest-consumer threadName="Thread-11" threadId="00000000010C8700" bytes="6290688" />
</allocation-stats>
<gc-op id="177" type="sweep" timems="1.241" contextid="174" timestamp="2019-08-02T21:51:25.660" />
<gc-op id="178" type="copy forward" timems="2.264" contextid="174" timestamp="2019-08-02T21:51:25.664">
  <memory-copied type="eden" objects="413" bytes="10304" bytesdiscarded="0" />
  <memory-copied type="other" objects="939" bytes="22536" bytesdiscarded="0" />
  <memory-cardclean objects="2103" bytes="100256" />
  <memory-traced type="eden" objects="68" bytes="1632" />
  <memory-traced type="other" objects="0" bytes="0" />
  <regions eden="6" other="7" evacuated="12" marked="1" />
  <remembered-set-cleared processed="888" cleared="205" durationms="0.065" />
  <stringconstants candidates="4596" cleared="0"  />
  <heap-resize type="expand" space="default" amount="1048576" count="1" timems="0.067" reason="continue current collection" />
</gc-op>
<gc-op id="179" type="classunload" timems="0.002" contextid="174" timestamp="2019-08-02T21:51:25.664">
  <classunload-info classloadercandidates="8" classloadersunloaded="0" classesunloaded="0" anonymousclassesunloaded="0" quiescems="0.000" setupms="0.002" scanms="0.000" postms="0.000" />
</gc-op>
<gc-op id="180" type="sweep" timems="1.010" contextid="174" timestamp="2019-08-02T21:51:25.665" />
<gc-op id="181" type="compact" timems="1.395" contextid="174" timestamp="2019-08-02T21:51:25.667">
  <compact-info movecount="68" movebytes="1632" />
  <remembered-set-cleared processed="2098" cleared="247" durationms="0.065" />
</gc-op>
<heap-resize id="182" type="expand" space="default" amount="4194304" count="1" timems="0.069" reason="excessive time being spent in gc" timestamp="2019-08-02T21:51:25.667" />
<gc-end id="183" type="partial gc" contextid="174" durationms="8.510" usertimems="12.000" systemtimems="0.000" timestamp="2019-08-02T21:51:25.667" activeThreads="2">
  <mem-info id="184" free="16777216" total="28311552" percent="59">
    <mem type="eden" free="2076288" total="2097152" percent="99" />
    <remembered-set count="3840" freebytes="1114752" totalbytes="1130112" percent="98" regionsoverflowed="0" regionsstable="1" regionsrebuilding="0"/>
  </mem-info>
</gc-end>
<cycle-end id="185" type="partial gc" contextid="174" timestamp="2019-08-02T21:51:25.667" />
  <attribute name="elasticGC enabled" value="1" />
  <attribute name= "numThreadsSpecified" value="2" />
  <attribute name="heapSize specified" value="0" />
  <attribute name= "numCores" value="8" />
  <attribute name ="GC Interval" value="0" />
  <attribute name ="Control flow" value="1" />
  <attribute name="GC Util Range Max" value="99" />
  <attribute name="Current GC Util" value="25" />
  <attribute name= "Current Time Running" value="590" />
<exclusive-end id="186" timestamp="2019-08-02T21:51:25.668" durationms="9.294" />

<exclusive-start id="187" timestamp="2019-08-02T21:51:25.714" intervalms="56.064">
  <response-info timems="0.030" idlems="0.030" threads="0" lastid="00000000010C8700" lastname="Thread-11" />
</exclusive-start>
<allocation-taxation id="188" taxation-threshold="13631488" timestamp="2019-08-02T21:51:25.715" intervalms="56.103" />
<cycle-start id="189" type="partial gc" contextid="0" timestamp="2019-08-02T21:51:25.715" intervalms="56.141" />
<gc-start id="190" type="partial gc" contextid="189" timestamp="2019-08-02T21:51:25.715">
  <mem-info id="191" free="3145728" total="28311552" percent="11">
    <mem type="eden" free="0" total="13631488" percent="0" />
    <remembered-set count="3392" freebytes="1116544" totalbytes="1130112" percent="98" regionsoverflowed="0" regionsstable="1" regionsrebuilding="0"/>
  </mem-info>
</gc-start>
<allocation-stats totalBytes="13629976" >
  <allocated-bytes non-tlh="0" tlh="13629976" arrayletleaf="0"/>
  <largest-consumer threadName="Thread-11" threadId="00000000010C8700" bytes="13629976" />
</allocation-stats>
<gc-op id="192" type="copy forward" timems="2.486" contextid="189" timestamp="2019-08-02T21:51:25.719">
  <memory-copied type="eden" objects="899" bytes="21968" bytesdiscarded="0" />
  <memory-copied type="other" objects="7778" bytes="482768" bytesdiscarded="39472" />
  <memory-cardclean objects="3408" bytes="151224" />
  <regions eden="13" other="4" />
  <remembered-set-cleared processed="976" cleared="399" durationms="0.072" />
  <references type="soft" candidates="12" cleared="0" enqueued="0" dynamicThreshold="18" maxThreshold="32" />
  <references type="weak" candidates="5" cleared="0" enqueued="0" />
  <stringconstants candidates="4596" cleared="0"  />
  <heap-resize type="expand" space="default" amount="1048576" count="1" timems="0.066" reason="continue current collection" />
</gc-op>
<gc-op id="193" type="classunload" timems="0.002" contextid="189" timestamp="2019-08-02T21:51:25.719">
  <classunload-info classloadercandidates="8" classloadersunloaded="0" classesunloaded="0" anonymousclassesunloaded="0" quiescems="0.000" setupms="0.002" scanms="0.000" postms="0.000" />
</gc-op>
<gc-end id="194" type="partial gc" contextid="189" durationms="3.936" usertimems="4.000" systemtimems="0.000" timestamp="2019-08-02T21:51:25.719" activeThreads="2">
  <mem-info id="195" free="17825792" total="29360128" percent="60">
    <mem type="eden" free="1026608" total="1048576" percent="97" />
    <remembered-set count="4192" freebytes="1155200" totalbytes="1171968" percent="98" regionsoverflowed="0" regionsstable="1" regionsrebuilding="0"/>
  </mem-info>
</gc-end>
<cycle-end id="196" type="partial gc" contextid="189" timestamp="2019-08-02T21:51:25.719" />
  <attribute name="elasticGC enabled" value="1" />
  <attribute name= "numThreadsSpecified" value="2" />
  <attribute name="heapSize specified" value="0" />
  <attribute name= "numCores" value="8" />
  <attribute name ="GC Interval" value="0" />
  <attribute name ="Control flow" value="1" />
  <attribute name="GC Util Range Max" value="99" />
  <attribute name="Current GC Util" value="42" />
  <attribute name= "Current Time Running" value="641" />
<exclusive-end id="197" timestamp="2019-08-02T21:51:25.719" durationms="4.904" />

<exclusive-start id="198" timestamp="2019-08-02T21:51:25.759" intervalms="44.773">
  <response-info timems="0.060" idlems="0.060" threads="0" lastid="00000000010C8700" lastname="Thread-11" />
</exclusive-start>
<allocation-taxation id="199" taxation-threshold="13631488" timestamp="2019-08-02T21:51:25.759" intervalms="44.795" />
<cycle-start id="200" type="partial gc" contextid="0" timestamp="2019-08-02T21:51:25.760" intervalms="44.840" />
<gc-start id="201" type="partial gc" contextid="200" timestamp="2019-08-02T21:51:25.760">
  <mem-info id="202" free="4194304" total="29360128" percent="14">
    <mem type="eden" free="0" total="13631488" percent="0" />
    <remembered-set count="3776" freebytes="1156864" totalbytes="1171968" percent="98" regionsoverflowed="0" regionsstable="1" regionsrebuilding="0"/>
  </mem-info>
</gc-start>
<allocation-stats totalBytes="13630008" >
  <allocated-bytes non-tlh="0" tlh="13630008" arrayletleaf="0"/>
  <largest-consumer threadName="Thread-11" threadId="00000000010C8700" bytes="13630008" />
</allocation-stats>
<gc-op id="203" type="copy forward" timems="1.950" contextid="200" timestamp="2019-08-02T21:51:25.763">
  <memory-copied type="eden" objects="787" bytes="19264" bytesdiscarded="0" />
  <memory-copied type="other" objects="820" bytes="19680" bytesdiscarded="0" />
  <memory-cardclean objects="2252" bytes="108088" />
  <regions eden="13" other="1" />
  <remembered-set-cleared processed="1304" cleared="209" durationms="0.069" />
  <stringconstants candidates="4596" cleared="0"  />
</gc-op>
<gc-op id="204" type="classunload" timems="0.002" contextid="200" timestamp="2019-08-02T21:51:25.763">
  <classunload-info classloadercandidates="8" classloadersunloaded="0" classesunloaded="0" anonymousclassesunloaded="0" quiescems="0.000" setupms="0.002" scanms="0.000" postms="0.000" />
</gc-op>
<heap-resize id="205" type="expand" space="default" amount="2097152" count="1" timems="0.063" reason="excessive time being spent in gc" timestamp="2019-08-02T21:51:25.763" />
<gc-end id="206" type="partial gc" contextid="200" durationms="3.714" usertimems="4.000" systemtimems="0.000" timestamp="2019-08-02T21:51:25.764" activeThreads="2">
  <mem-info id="207" free="18874368" total="31457280" percent="60">
    <mem type="eden" free="1029312" total="1048576" percent="98" />
    <remembered-set count="4320" freebytes="1238400" totalbytes="1255680" percent="98" regionsoverflowed="0" regionsstable="1" regionsrebuilding="0"/>
  </mem-info>
</gc-end>
<cycle-end id="208" type="partial gc" contextid="200" timestamp="2019-08-02T21:51:25.764" />
  <attribute name="elasticGC enabled" value="1" />
  <attribute name= "numThreadsSpecified" value="2" />
  <attribute name="heapSize specified" value="0" />
  <attribute name= "numCores" value="8" />
  <attribute name ="GC Interval" value="0" />
  <attribute name ="Control flow" value="1" />
  <attribute name="GC Util Range Max" value="99" />
  <attribute name="Current GC Util" value="36" />
  <attribute name= "Current Time Running" value="686" />
<exclusive-end id="209" timestamp="2019-08-02T21:51:25.764" durationms="4.741" />

</verbosegc>

