
<?xml version="1.0" ?>

<verbosegc xmlns="http://www.ibm.com/j9/verbosegc" version="6fe7bac_CMPRSS">

<gc check installed>
<initialized id="1" timestamp="2019-08-09T17:53:14.002">
  <attribute name="gcPolicy" value="-Xgcpolicy:gencon" />
  <attribute name="elasticGC enabled" value="1" />
  <attribute name= "numThreadsSpecified" value="0" />
  <attribute name="heapSize specified" value="0" />
  <attribute name="Current GC Util" value="0" />
  <attribute name= "Current Time Running" value="0" />
  <attribute name ="GC Interval" value="0" />
  <attribute name="Target GC Util Change" value ="0.000000" />
  <attribute name="Current GC Util Change" value="0.000000"/>
  <attribute name="Current Error" value="0.000000" />
  <attribute name="Output H" value="0"/>
  <attribute name="Output I" value="0"/>
  <attribute name="Output T" value="0"/>
  <attribute name= "Current Time Running" value="0" />
  <attribute name="GC Util currently" value="0" />
  <attribute name="CPU Util currently" value="0" />
  <attribute name="maxHeapSize" value="0xfa900000" />
  <attribute name="initialHeapSize" value="0x800000" />
  <attribute name="compressedRefs" value="true" />
  <attribute name="compressedRefsDisplacement" value="0x0" />
  <attribute name="compressedRefsShift" value="0x3" />
  <attribute name="pageSize" value="0x1000" />
  <attribute name="pageType" value="not used" />
  <attribute name="requestedPageSize" value="0x1000" />
  <attribute name="requestedPageType" value="not used" />
  <attribute name="gcthreads" value="16" />
  <attribute name="gcthreads Concurrent Mark" value="1" />
  <attribute name="packetListSplit" value="16" />
  <attribute name="cacheListSplit" value="16" />
  <attribute name="splitFreeListSplitAmount" value="2" />
  <attribute name="numaNodes" value="0" />
  <system>
    <attribute name="physicalMemory" value="16815001600" />
    <attribute name="numCPUs" value="16" />
    <attribute name="architecture" value="amd64" />
    <attribute name="os" value="Linux" />
    <attribute name="osVersion" value="4.15.0" />
  </system>
  <vmargs>
    <vmarg name="-Xoptionsfile=/jdk/lib/options.default" />
    <vmarg name="-Xlockword:mode=default,noLockword=java/lang/String,noLockword=java/util/MapEntry,noLockword=java/util/HashMap$Entry,noLockword..." />
    <vmarg name="-Xjcl:jclse29" />
    <vmarg name="-Dcom.ibm.oti.vm.bootstrap.library.path=/jdk/lib/compressedrefs:/jdk/lib" />
    <vmarg name="-Dsun.boot.library.path=/jdk/lib/compressedrefs:/jdk/lib" />
    <vmarg name="-Djava.library.path=/jdk/lib/compressedrefs:/jdk/lib:/usr/lib64:/usr/lib" />
    <vmarg name="-Djava.home=/jdk" />
    <vmarg name="-Duser.dir=/" />
    <vmarg name="-Xgcelastic" />
    <vmarg name="-Xcheck:gc:::elasticGC" />
    <vmarg name="-verbose:gc" />
    <vmarg name="-Djava.class.path=dacapo-9.12-MR1-bach.jar" />
    <vmarg name="-Dsun.java.command=dacapo-9.12-MR1-bach.jar avrora jython pmd sunflow xalan --size=large" />
    <vmarg name="-Dsun.java.launcher=SUN_STANDARD" />
    <vmarg name="-Dsun.java.launcher.pid=1" />
  </vmargs>
</initialized>

<exclusive-start id="2" timestamp="2019-08-09T17:53:14.107" intervalms="105.306">
  <response-info timems="0.038" idlems="0.038" threads="0" lastid="0000000001367F00" lastname="main" />
</exclusive-start>
<af-start id="3" threadId="0000000001368888" totalBytesRequested="72" timestamp="2019-08-09T17:53:14.107" intervalms="105.361" type="nursery" />
<cycle-start id="4" type="scavenge" contextid="0" timestamp="2019-08-09T17:53:14.107" intervalms="105.384" />
<gc check: start verifying slots before local gc (1)>
<gc check: finished verifying slots before local gc (1)>
<gc-start id="5" type="scavenge" contextid="4" timestamp="2019-08-09T17:53:14.113">
  <mem-info id="6" free="6064048" total="8388608" percent="72">
    <mem type="nursery" free="0" total="2097152" percent="0">
      <mem type="allocate" free="0" total="1048576" percent="0" />
      <mem type="survivor" free="0" total="1048576" percent="0" />
    </mem>
    <mem type="tenure" free="6064048" total="6291456" percent="96">
      <mem type="soa" free="5749680" total="5977088" percent="96" />
      <mem type="loa" free="314368" total="314368" percent="100" />
    </mem>
    <remembered-set count="3133" />
  </mem-info>
</gc-start>
<allocation-stats totalBytes="1275304" >
  <allocated-bytes non-tlh="268992" tlh="1006312" />
  <largest-consumer threadName="main" threadId="0000000001367F00" bytes="1190784" />
</allocation-stats>
<gc-op id="7" type="scavenge" timems="3.125" contextid="4" timestamp="2019-08-09T17:53:14.116">
  <scavenger-info tenureage="2" tenuremask="fffc" tiltratio="50" />
  <memory-copied type="nursery" objects="10639" bytes="474032" bytesdiscarded="83792" />
  <finalization candidates="11" enqueued="0" />
  <references type="soft" candidates="62" cleared="0" enqueued="0" dynamicThreshold="32" maxThreshold="32" />
  <references type="weak" candidates="302" cleared="171" enqueued="135" />
  <references type="phantom" candidates="20" cleared="4" enqueued="4" />
</gc-op>
<gc check: start verifying slots after local gc (1)>
<gc check: finished verifying slots after local gc (1)>
<gc-end id="8" type="scavenge" contextid="4" durationms="6.621" usertimems="7.811" systemtimems="0.697" timestamp="2019-08-09T17:53:14.120" activeThreads="16">
  <mem-info id="9" free="6552608" total="8388608" percent="78">
    <mem type="nursery" free="488560" total="2097152" percent="23">
      <mem type="allocate" free="488560" total="1048576" percent="46" />
      <mem type="survivor" free="0" total="1048576" percent="0" />
    </mem>
    <mem type="tenure" free="6064048" total="6291456" percent="96">
      <mem type="soa" free="5749680" total="5977088" percent="96" />
      <mem type="loa" free="314368" total="314368" percent="100" />
    </mem>
    <pending-finalizers system="0" default="0" reference="139" classloader="0" />
    <remembered-set count="3133" />
  </mem-info>
</gc-end>
<cycle-end id="10" type="scavenge" contextid="4" timestamp="2019-08-09T17:53:14.120" />
  <attribute name="elasticGC enabled" value="1" />
  <attribute name= "numThreadsSpecified" value="0" />
  <attribute name="heapSize specified" value="0" />
  <attribute name="Current GC Util" value="0" />
  <attribute name= "Current Time Running" value="46" />
  <attribute name ="GC Interval" value="1" />
  <attribute name="Target GC Util Change" value ="80.000000" />
  <attribute name="Current GC Util Change" value="0.000000"/>
  <attribute name="Current Error" value="0.000000" />
  <attribute name="Output H" value="0"/>
  <attribute name="Output I" value="0"/>
  <attribute name="Output T" value="0"/>
  <attribute name= "Current Time Running" value="46" />
  <attribute name="GC Util currently" value="0" />
  <attribute name="CPU Util currently" value="21" />
<allocation-satisfied id="11" threadId="0000000001367F00" bytesRequested="72" />
<af-end id="12" timestamp="2019-08-09T17:53:14.120" threadId="0000000001368888" success="true" from="nursery"/>
<exclusive-end id="13" timestamp="2019-08-09T17:53:14.120" durationms="12.646" />

<exclusive-start id="14" timestamp="2019-08-09T17:53:14.135" intervalms="27.655">
  <response-info timems="0.015" idlems="0.015" threads="0" lastid="0000000001367F00" lastname="main" />
</exclusive-start>
<af-start id="15" threadId="0000000001368888" totalBytesRequested="16" timestamp="2019-08-09T17:53:14.135" intervalms="27.645" type="nursery" />
<cycle-start id="16" type="scavenge" contextid="0" timestamp="2019-08-09T17:53:14.135" intervalms="27.641" />
<gc check: start verifying slots before local gc (2)>
<gc check: finished verifying slots before local gc (2)>
<gc-start id="17" type="scavenge" contextid="16" timestamp="2019-08-09T17:53:14.139">
  <mem-info id="18" free="6054624" total="8388608" percent="72">
    <mem type="nursery" free="0" total="2097152" percent="0">
      <mem type="allocate" free="0" total="1048576" percent="0" />
      <mem type="survivor" free="0" total="1048576" percent="0" />
    </mem>
    <mem type="tenure" free="6054624" total="6291456" percent="96">
      <mem type="soa" free="5740256" total="5977088" percent="96" />
      <mem type="loa" free="314368" total="314368" percent="100" />
    </mem>
    <remembered-set count="3265" />
  </mem-info>
</gc-start>
<allocation-stats totalBytes="497392" >
  <allocated-bytes non-tlh="9496" tlh="487896" />
  <largest-consumer threadName="main" threadId="0000000001367F00" bytes="485416" />
</allocation-stats>
<gc-op id="19" type="scavenge" timems="1.498" contextid="16" timestamp="2019-08-09T17:53:14.141">
  <scavenger-info tenureage="5" tenuremask="7fe0" tiltratio="50" />
  <memory-copied type="nursery" objects="11018" bytes="492280" bytesdiscarded="98936" />
  <finalization candidates="11" enqueued="0" />
  <references type="soft" candidates="62" cleared="0" enqueued="0" dynamicThreshold="32" maxThreshold="32" />
  <references type="weak" candidates="252" cleared="106" enqueued="103" />
  <references type="phantom" candidates="41" cleared="14" enqueued="14" />
</gc-op>
<gc check: start verifying slots after local gc (2)>
<gc check: finished verifying slots after local gc (2)>
<gc-end id="20" type="scavenge" contextid="16" durationms="5.130" usertimems="5.961" systemtimems="0.747" timestamp="2019-08-09T17:53:14.144" activeThreads="16">
  <mem-info id="21" free="6510408" total="8388608" percent="77">
    <mem type="nursery" free="455784" total="2097152" percent="21">
      <mem type="allocate" free="455784" total="1048576" percent="43" />
      <mem type="survivor" free="0" total="1048576" percent="0" />
    </mem>
    <mem type="tenure" free="6054624" total="6291456" percent="96">
      <mem type="soa" free="5740256" total="5977088" percent="96" />
      <mem type="loa" free="314368" total="314368" percent="100" />
    </mem>
    <pending-finalizers system="0" default="0" reference="117" classloader="0" />
    <remembered-set count="3265" />
  </mem-info>
</gc-end>
<cycle-end id="22" type="scavenge" contextid="16" timestamp="2019-08-09T17:53:14.144" />
  <attribute name="elasticGC enabled" value="1" />
  <attribute name= "numThreadsSpecified" value="0" />
  <attribute name="heapSize specified" value="0" />
  <attribute name="Current GC Util" value="57" />
  <attribute name= "Current Time Running" value="72" />
  <attribute name ="GC Interval" value="1" />
  <attribute name="Target GC Util Change" value ="80.000000" />
  <attribute name="Current GC Util Change" value="57.000000"/>
  <attribute name="Current Error" value="0.000000" />
  <attribute name="Output H" value="0"/>
  <attribute name="Output I" value="0"/>
  <attribute name="Output T" value="0"/>
  <attribute name= "Current Time Running" value="72" />
  <attribute name="GC Util currently" value="57" />
  <attribute name="CPU Util currently" value="18" />
<allocation-satisfied id="23" threadId="0000000001367F00" bytesRequested="16" />
<af-end id="24" timestamp="2019-08-09T17:53:14.144" threadId="0000000001368888" success="true" from="nursery"/>
<exclusive-end id="25" timestamp="2019-08-09T17:53:14.144" durationms="9.306" />

<exclusive-start id="26" timestamp="2019-08-09T17:53:14.152" intervalms="17.296">
  <response-info timems="0.028" idlems="0.028" threads="0" lastid="0000000001367F00" lastname="main" />
</exclusive-start>
<af-start id="27" threadId="0000000001368888" totalBytesRequested="2864" timestamp="2019-08-09T17:53:14.152" intervalms="17.288" type="nursery" />
<cycle-start id="28" type="scavenge" contextid="0" timestamp="2019-08-09T17:53:14.152" intervalms="17.285" />
<gc check: start verifying slots before local gc (3)>
<gc check: finished verifying slots before local gc (3)>
<gc-start id="29" type="scavenge" contextid="28" timestamp="2019-08-09T17:53:14.156">
  <mem-info id="30" free="6051912" total="8388608" percent="72">
    <mem type="nursery" free="0" total="2097152" percent="0">
      <mem type="allocate" free="0" total="1048576" percent="0" />
      <mem type="survivor" free="0" total="1048576" percent="0" />
    </mem>
    <mem type="tenure" free="6051912" total="6291456" percent="96">
      <mem type="soa" free="5737544" total="5977088" percent="95" />
      <mem type="loa" free="314368" total="314368" percent="100" />
    </mem>
    <remembered-set count="3298" />
  </mem-info>
</gc-start>
<allocation-stats totalBytes="453024" >
  <allocated-bytes non-tlh="2728" tlh="450296" />
  <largest-consumer threadName="main" threadId="0000000001367F00" bytes="444832" />
</allocation-stats>
<gc-op id="31" type="scavenge" timems="1.727" contextid="28" timestamp="2019-08-09T17:53:14.158">
  <scavenger-info tenureage="4" tenuremask="7ff0" tiltratio="50" />
  <memory-copied type="nursery" objects="11052" bytes="551240" bytesdiscarded="103088" />
  <finalization candidates="11" enqueued="0" />
  <references type="soft" candidates="62" cleared="0" enqueued="0" dynamicThreshold="32" maxThreshold="32" />
  <references type="weak" candidates="225" cleared="77" enqueued="77" />
  <references type="phantom" candidates="41" cleared="11" enqueued="11" />
</gc-op>
<gc check: start verifying slots after local gc (3)>
<gc check: finished verifying slots after local gc (3)>
<gc-end id="32" type="scavenge" contextid="28" durationms="5.282" usertimems="5.100" systemtimems="1.838" timestamp="2019-08-09T17:53:14.161" activeThreads="16">
  <mem-info id="33" free="6444592" total="8388608" percent="76">
    <mem type="nursery" free="392680" total="2097152" percent="18">
      <mem type="allocate" free="392680" total="1048576" percent="37" />
      <mem type="survivor" free="0" total="1048576" percent="0" />
    </mem>
    <mem type="tenure" free="6051912" total="6291456" percent="96">
      <mem type="soa" free="5737544" total="5977088" percent="95" />
      <mem type="loa" free="314368" total="314368" percent="100" />
    </mem>
    <pending-finalizers system="0" default="0" reference="88" classloader="0" />
    <remembered-set count="1056" />
  </mem-info>
</gc-end>
<cycle-end id="34" type="scavenge" contextid="28" timestamp="2019-08-09T17:53:14.161" />
  <attribute name="elasticGC enabled" value="1" />
  <attribute name= "numThreadsSpecified" value="0" />
  <attribute name="heapSize specified" value="0" />
  <attribute name="Current GC Util" value="61" />
  <attribute name= "Current Time Running" value="89" />
  <attribute name ="GC Interval" value="1" />
  <attribute name="Target GC Util Change" value ="80.000000" />
  <attribute name="Current GC Util Change" value="61.000000"/>
  <attribute name="Current Error" value="0.000000" />
  <attribute name="Output H" value="0"/>
  <attribute name="Output I" value="0"/>
  <attribute name="Output T" value="0"/>
  <attribute name= "Current Time Running" value="89" />
  <attribute name="GC Util currently" value="61" />
  <attribute name="CPU Util currently" value="5" />
<allocation-satisfied id="35" threadId="0000000001367F00" bytesRequested="2864" />
<af-end id="36" timestamp="2019-08-09T17:53:14.161" threadId="0000000001368888" success="true" from="nursery"/>
<exclusive-end id="37" timestamp="2019-08-09T17:53:14.161" durationms="9.169" />

<exclusive-start id="38" timestamp="2019-08-09T17:53:14.195" intervalms="42.784">
  <response-info timems="0.014" idlems="0.014" threads="0" lastid="0000000001367F00" lastname="main" />
</exclusive-start>
<af-start id="39" threadId="0000000001368888" totalBytesRequested="2056" timestamp="2019-08-09T17:53:14.195" intervalms="42.792" type="nursery" />
<cycle-start id="40" type="scavenge" contextid="0" timestamp="2019-08-09T17:53:14.195" intervalms="42.796" />
<gc check: start verifying slots before local gc (4)>
<gc check: finished verifying slots before local gc (4)>
<gc-start id="41" type="scavenge" contextid="40" timestamp="2019-08-09T17:53:14.199">
  <mem-info id="42" free="6047520" total="8388608" percent="72">
    <mem type="nursery" free="0" total="2097152" percent="0">
      <mem type="allocate" free="0" total="1048576" percent="0" />
      <mem type="survivor" free="0" total="1048576" percent="0" />
    </mem>
    <mem type="tenure" free="6047520" total="6291456" percent="96">
      <mem type="soa" free="5733152" total="5977088" percent="95" />
      <mem type="loa" free="314368" total="314368" percent="100" />
    </mem>
    <remembered-set count="1132" />
  </mem-info>
</gc-start>
<allocation-stats totalBytes="394112" >
  <allocated-bytes non-tlh="7256" tlh="386856" />
  <largest-consumer threadName="main" threadId="0000000001367F00" bytes="394112" />
</allocation-stats>
<gc-op id="43" type="scavenge" timems="5.809" contextid="40" timestamp="2019-08-09T17:53:14.205">
  <scavenger-info tenureage="3" tenuremask="fff8" tiltratio="50" />
  <memory-copied type="nursery" objects="752" bytes="113264" bytesdiscarded="112848" />
  <memory-copied type="tenure" objects="10386" bytes="466320" bytesdiscarded="1264" />
  <finalization candidates="14" enqueued="1" />
  <references type="soft" candidates="1" cleared="0" enqueued="0" dynamicThreshold="32" maxThreshold="32" />
  <references type="weak" candidates="59" cleared="43" enqueued="43" />
  <references type="phantom" candidates="24" cleared="8" enqueued="8" />
</gc-op>
<heap-resize id="44" type="expand" space="nursery" amount="131072" count="1" timems="0.015" reason="excessive time being spent scavenging" timestamp="2019-08-09T17:53:14.205" />
<gc-end id="45" type="scavenge" contextid="40" durationms="5.917" usertimems="8.375" systemtimems="2.405" timestamp="2019-08-09T17:53:14.205" activeThreads="16">
  <mem-info id="46" free="6381888" total="8519680" percent="74">
    <mem type="nursery" free="887912" total="2228224" percent="39">
      <mem type="allocate" free="887912" total="1114112" percent="79" />
      <mem type="survivor" free="0" total="1114112" percent="0" />
    </mem>
    <mem type="tenure" free="5493976" total="6291456" percent="87">
      <mem type="soa" free="5179608" total="5977088" percent="86" />
      <mem type="loa" free="314368" total="314368" percent="100" />
    </mem>
    <pending-finalizers system="1" default="0" reference="51" classloader="0" />
    <remembered-set count="241" />
  </mem-info>
</gc-end>
<cycle-end id="47" type="scavenge" contextid="40" timestamp="2019-08-09T17:53:14.205" />
  <attribute name="elasticGC enabled" value="1" />
  <attribute name= "numThreadsSpecified" value="16" />
  <attribute name="heapSize specified" value="0" />
  <attribute name="Current GC Util" value="24" />
  <attribute name= "Current Time Running" value="132" />
  <attribute name ="GC Interval" value="2073" />
  <attribute name="Target GC Util Change" value ="80.000000" />
  <attribute name="Current GC Util Change" value="24.000000"/>
  <attribute name="Current Error" value="56.000000" />
  <attribute name="Output H" value="8464352"/>
  <attribute name="Output I" value="2072"/>
  <attribute name="Output T" value="16"/>
  <attribute name= "Current Time Running" value="132" />
  <attribute name="GC Util currently" value="24" />
  <attribute name="CPU Util currently" value="16" />
<allocation-satisfied id="48" threadId="0000000001367F00" bytesRequested="2056" />
<af-end id="49" timestamp="2019-08-09T17:53:14.205" threadId="0000000001368888" success="true" from="nursery"/>
<exclusive-end id="50" timestamp="2019-08-09T17:53:14.205" durationms="10.044" />

<exclusive-start id="51" timestamp="2019-08-09T17:53:14.228" intervalms="32.947">
  <response-info timems="0.050" idlems="0.050" threads="0" lastid="0000000001367F00" lastname="main" />
</exclusive-start>
<af-start id="52" threadId="0000000001368888" totalBytesRequested="2056" timestamp="2019-08-09T17:53:14.228" intervalms="32.956" type="nursery" />
<cycle-start id="53" type="scavenge" contextid="0" timestamp="2019-08-09T17:53:14.228" intervalms="32.963" />
<gc-start id="54" type="scavenge" contextid="53" timestamp="2019-08-09T17:53:14.228">
  <mem-info id="55" free="5493976" total="8519680" percent="64">
    <mem type="nursery" free="0" total="2228224" percent="0">
      <mem type="allocate" free="0" total="1114112" percent="0" />
      <mem type="survivor" free="0" total="1114112" percent="0" />
    </mem>
    <mem type="tenure" free="5493976" total="6291456" percent="87">
      <mem type="soa" free="5179608" total="5977088" percent="86" />
      <mem type="loa" free="314368" total="314368" percent="100" />
    </mem>
    <remembered-set count="241" />
  </mem-info>
</gc-start>
<allocation-stats totalBytes="879144" >
  <allocated-bytes non-tlh="2056" tlh="877088" />
  <largest-consumer threadName="main" threadId="0000000001367F00" bytes="879144" />
</allocation-stats>
<gc-op id="56" type="scavenge" timems="2.069" contextid="53" timestamp="2019-08-09T17:53:14.230">
  <scavenger-info tenureage="3" tenuremask="fff8" tiltratio="50" />
  <memory-copied type="nursery" objects="303" bytes="82608" bytesdiscarded="30240" />
  <memory-copied type="tenure" objects="321" bytes="16184" bytesdiscarded="96" />
  <finalization candidates="2" enqueued="0" />
  <references type="soft" candidates="1" cleared="0" enqueued="0" dynamicThreshold="32" maxThreshold="32" />
  <references type="weak" candidates="2" cleared="0" enqueued="0" />
  <references type="phantom" candidates="5" cleared="0" enqueued="0" />
</gc-op>
<gc-end id="57" type="scavenge" contextid="53" durationms="2.162" usertimems="0.791" systemtimems="3.402" timestamp="2019-08-09T17:53:14.230" activeThreads="16">
  <mem-info id="58" free="6446776" total="8519680" percent="75">
    <mem type="nursery" free="1001184" total="2228224" percent="44">
      <mem type="allocate" free="1001184" total="1114112" percent="89" />
      <mem type="survivor" free="0" total="1114112" percent="0" />
    </mem>
    <mem type="tenure" free="5445592" total="6291456" percent="86">
      <mem type="soa" free="5131224" total="5977088" percent="85" />
      <mem type="loa" free="314368" total="314368" percent="100" />
    </mem>
    <remembered-set count="185" />
  </mem-info>
</gc-end>
<cycle-end id="59" type="scavenge" contextid="53" timestamp="2019-08-09T17:53:14.230" />
  <attribute name="elasticGC enabled" value="1" />
  <attribute name= "numThreadsSpecified" value="16" />
  <attribute name="heapSize specified" value="0" />
  <attribute name="Current GC Util" value="50" />
  <attribute name= "Current Time Running" value="161" />
  <attribute name ="GC Interval" value="2113" />
  <attribute name="Target GC Util Change" value ="80.000000" />
  <attribute name="Current GC Util Change" value="50.000000"/>
  <attribute name="Current Error" value="86.000000" />
  <attribute name="Output H" value="8595464"/>
  <attribute name="Output I" value="2112"/>
  <attribute name="Output T" value="16"/>
  <attribute name= "Current Time Running" value="161" />
  <attribute name="GC Util currently" value="50" />
  <attribute name="CPU Util currently" value="19" />
<allocation-satisfied id="60" threadId="0000000001367F00" bytesRequested="2056" />
<af-end id="61" timestamp="2019-08-09T17:53:14.230" threadId="0000000001368888" success="true" from="nursery"/>
<exclusive-end id="62" timestamp="2019-08-09T17:53:14.230" durationms="2.321" />

<exclusive-start id="63" timestamp="2019-08-09T17:53:14.253" intervalms="25.491">
  <response-info timems="0.240" idlems="0.240" threads="0" lastid="0000000001367F00" lastname="main" />
</exclusive-start>
<af-start id="64" threadId="0000000001368888" totalBytesRequested="2056" timestamp="2019-08-09T17:53:14.254" intervalms="25.484" type="nursery" />
<cycle-start id="65" type="scavenge" contextid="0" timestamp="2019-08-09T17:53:14.254" intervalms="25.478" />
<gc-start id="66" type="scavenge" contextid="65" timestamp="2019-08-09T17:53:14.254">
  <mem-info id="67" free="5445592" total="8519680" percent="63">
    <mem type="nursery" free="0" total="2228224" percent="0">
      <mem type="allocate" free="0" total="1114112" percent="0" />
      <mem type="survivor" free="0" total="1114112" percent="0" />
    </mem>
    <mem type="tenure" free="5445592" total="6291456" percent="86">
      <mem type="soa" free="5131224" total="5977088" percent="85" />
      <mem type="loa" free="314368" total="314368" percent="100" />
    </mem>
    <remembered-set count="185" />
  </mem-info>
</gc-start>
<allocation-stats totalBytes="993392" >
  <allocated-bytes non-tlh="2056" tlh="991336" />
  <largest-consumer threadName="main" threadId="0000000001367F00" bytes="993392" />
</allocation-stats>
<gc-op id="68" type="scavenge" timems="3.421" contextid="65" timestamp="2019-08-09T17:53:14.257">
  <scavenger-info tenureage="4" tenuremask="fff0" tiltratio="50" />
  <memory-copied type="nursery" objects="303" bytes="82608" bytesdiscarded="808" />
  <finalization candidates="2" enqueued="0" />
  <references type="soft" candidates="1" cleared="0" enqueued="0" dynamicThreshold="32" maxThreshold="32" />
  <references type="weak" candidates="2" cleared="0" enqueued="0" />
  <references type="phantom" candidates="5" cleared="0" enqueued="0" />
</gc-op>
<heap-resize id="69" type="expand" space="nursery" amount="262144" count="1" timems="0.012" reason="excessive time being spent scavenging" timestamp="2019-08-09T17:53:14.257" />
<gc-end id="70" type="scavenge" contextid="65" durationms="3.530" usertimems="0.000" systemtimems="4.897" timestamp="2019-08-09T17:53:14.257" activeThreads="16">
  <mem-info id="71" free="6672816" total="8781824" percent="75">
    <mem type="nursery" free="1227224" total="2490368" percent="49">
      <mem type="allocate" free="1227224" total="1310720" percent="93" />
      <mem type="survivor" free="0" total="1179648" percent="0" />
    </mem>
    <mem type="tenure" free="5445592" total="6291456" percent="86">
      <mem type="soa" free="5131224" total="5977088" percent="85" />
      <mem type="loa" free="314368" total="314368" percent="100" />
    </mem>
    <remembered-set count="115" />
  </mem-info>
</gc-end>
<cycle-end id="72" type="scavenge" contextid="65" timestamp="2019-08-09T17:53:14.257" />
  <attribute name="elasticGC enabled" value="1" />
  <attribute name= "numThreadsSpecified" value="16" />
  <attribute name="heapSize specified" value="0" />
  <attribute name="Current GC Util" value="15" />
  <attribute name= "Current Time Running" value="187" />
  <attribute name ="GC Interval" value="2185" />
  <attribute name="Target GC Util Change" value ="80.000000" />
  <attribute name="Current GC Util Change" value="15.000000"/>
  <attribute name="Current Error" value="151.000000" />
  <attribute name="Output H" value="8595536"/>
  <attribute name="Output I" value="2184"/>
  <attribute name="Output T" value="16"/>
  <attribute name= "Current Time Running" value="187" />
  <attribute name="GC Util currently" value="15" />
  <attribute name="CPU Util currently" value="8" />
<allocation-satisfied id="73" threadId="0000000001367F00" bytesRequested="2056" />
<af-end id="74" timestamp="2019-08-09T17:53:14.257" threadId="0000000001368888" success="true" from="nursery"/>
<exclusive-end id="75" timestamp="2019-08-09T17:53:14.257" durationms="3.687" />

<exclusive-start id="76" timestamp="2019-08-09T17:53:14.291" intervalms="37.662">
  <response-info timems="0.015" idlems="0.015" threads="0" lastid="0000000001367F00" lastname="main" />
</exclusive-start>
<af-start id="77" threadId="0000000001368888" totalBytesRequested="165184" timestamp="2019-08-09T17:53:14.291" intervalms="37.662" type="nursery" />
<cycle-start id="78" type="scavenge" contextid="0" timestamp="2019-08-09T17:53:14.291" intervalms="37.660" />
<gc-start id="79" type="scavenge" contextid="78" timestamp="2019-08-09T17:53:14.291">
  <mem-info id="80" free="5554560" total="8781824" percent="63">
    <mem type="nursery" free="109016" total="2490368" percent="4">
      <mem type="allocate" free="109016" total="1310720" percent="8" />
      <mem type="survivor" free="0" total="1179648" percent="0" />
    </mem>
    <mem type="tenure" free="5445544" total="6291456" percent="86">
      <mem type="soa" free="5131176" total="5977088" percent="85" />
      <mem type="loa" free="314368" total="314368" percent="100" />
    </mem>
    <remembered-set count="116" />
  </mem-info>
</gc-start>
<allocation-stats totalBytes="1106648" >
  <allocated-bytes non-tlh="2104" tlh="1104544" />
  <largest-consumer threadName="main" threadId="0000000001367F00" bytes="1106648" />
</allocation-stats>
<gc-op id="81" type="scavenge" timems="3.101" contextid="78" timestamp="2019-08-09T17:53:14.294">
  <scavenger-info tenureage="3" tenuremask="fff8" tiltratio="52" />
  <memory-copied type="nursery" objects="35" bytes="1480" bytesdiscarded="30776" />
  <memory-copied type="tenure" objects="242" bytes="59048" bytesdiscarded="0" />
  <finalization candidates="2" enqueued="0" />
  <references type="phantom" candidates="2" cleared="0" enqueued="0" />
</gc-op>
<gc-end id="82" type="scavenge" contextid="78" durationms="3.180" usertimems="2.302" systemtimems="2.980" timestamp="2019-08-09T17:53:14.294" activeThreads="16">
  <mem-info id="83" free="6855304" total="8781824" percent="78">
    <mem type="nursery" free="1475072" total="2490368" percent="59">
      <mem type="allocate" free="1475072" total="1507328" percent="97" />
      <mem type="survivor" free="0" total="983040" percent="0" />
    </mem>
    <mem type="tenure" free="5380232" total="6291456" percent="85">
      <mem type="soa" free="5065864" total="5977088" percent="84" />
      <mem type="loa" free="314368" total="314368" percent="100" />
    </mem>
    <remembered-set count="93" />
  </mem-info>
</gc-end>
<cycle-end id="84" type="scavenge" contextid="78" timestamp="2019-08-09T17:53:14.294" />
  <attribute name="elasticGC enabled" value="1" />
  <attribute name= "numThreadsSpecified" value="16" />
  <attribute name="heapSize specified" value="0" />
  <attribute name="Current GC Util" value="12" />
  <attribute name= "Current Time Running" value="224" />
  <attribute name ="GC Interval" value="2265" />
  <attribute name="Target GC Util Change" value ="80.000000" />
  <attribute name="Current GC Util Change" value="12.000000"/>
  <attribute name="Current Error" value="219.000000" />
  <attribute name="Output H" value="8857760"/>
  <attribute name="Output I" value="2264"/>
  <attribute name="Output T" value="16"/>
  <attribute name= "Current Time Running" value="224" />
  <attribute name="GC Util currently" value="12" />
  <attribute name="CPU Util currently" value="10" />
<allocation-satisfied id="85" threadId="0000000001367F00" bytesRequested="165184" />
<af-end id="86" timestamp="2019-08-09T17:53:14.295" threadId="0000000001368888" success="true" from="nursery"/>
<exclusive-end id="87" timestamp="2019-08-09T17:53:14.295" durationms="3.362" />

<exclusive-start id="88" timestamp="2019-08-09T17:53:14.307" intervalms="16.100">
  <response-info timems="0.017" idlems="0.017" threads="0" lastid="0000000001367F00" lastname="main" />
</exclusive-start>
<sys-start reason="explicit" id="89" timestamp="2019-08-09T17:53:14.307" intervalms="305.290" />
<cycle-start id="90" type="global" contextid="0" timestamp="2019-08-09T17:53:14.307" intervalms="305.309" />
<gc-start id="91" type="global" contextid="90" timestamp="2019-08-09T17:53:14.307">
  <mem-info id="92" free="6351392" total="8781824" percent="72">
    <mem type="nursery" free="978112" total="2490368" percent="39">
      <mem type="allocate" free="978112" total="1507328" percent="64" />
      <mem type="survivor" free="0" total="983040" percent="0" />
    </mem>
    <mem type="tenure" free="5373280" total="6291456" percent="85">
      <mem type="soa" free="5058912" total="5977088" percent="84" />
      <mem type="loa" free="314368" total="314368" percent="100" />
    </mem>
    <remembered-set count="177" />
  </mem-info>
</gc-start>
<allocation-stats totalBytes="500608" >
  <allocated-bytes non-tlh="172136" tlh="328472" />
  <largest-consumer threadName="main" threadId="0000000001367F00" bytes="500608" />
</allocation-stats>
<gc-op id="93" type="mark" timems="6.199" contextid="90" timestamp="2019-08-09T17:53:14.314">
  <trace-info objectcount="17068" scancount="14059" scanbytes="450380" />
  <finalization candidates="13" enqueued="0" />
  <references type="soft" candidates="66" cleared="0" enqueued="0" dynamicThreshold="32" maxThreshold="32" />
  <references type="weak" candidates="172" cleared="43" enqueued="35" />
  <references type="phantom" candidates="37" cleared="4" enqueued="4" />
  <stringconstants candidates="2455" cleared="0"  />
</gc-op>
<gc-op id="94" type="classunload" timems="0.002" contextid="90" timestamp="2019-08-09T17:53:14.314">
  <classunload-info classloadercandidates="6" classloadersunloaded="0" classesunloaded="0" anonymousclassesunloaded="0" quiescems="0.000" setupms="0.001" scanms="0.001" postms="0.000" />
</gc-op>
<gc-op id="95" type="sweep" timems="1.103" contextid="90" timestamp="2019-08-09T17:53:14.315" />
<mem-info id="96" free="6785304" total="8781824" percent="77">
  <mem type="nursery" free="1289312" total="2490368" percent="51">
    <mem type="allocate" free="1289312" total="1507328" percent="85" />
    <mem type="survivor" free="0" total="983040" percent="0" />
  </mem>
  <mem type="tenure" free="5495992" total="6291456" percent="87" micro-fragmented="0" macro-fragmented="0">
    <mem type="soa" free="5181624" total="5977088" percent="86" />
    <mem type="loa" free="314368" total="314368" percent="100" />
  </mem>
  <pending-finalizers system="0" default="0" reference="39" classloader="0" />
  <remembered-set count="174" />
</mem-info>
<gc-op id="97" type="compact" timems="7.334" contextid="90" timestamp="2019-08-09T17:53:14.322">
  <compact-info movecount="12655" movebytes="809600" reason="compact to aid heap contraction" />
</gc-op>
<heap-resize id="98" type="expand" space="tenure" amount="131072" count="1" timems="0.016" reason="satisfy allocation request" timestamp="2019-08-09T17:53:14.323" />
<gc-end id="99" type="global" contextid="90" durationms="15.598" usertimems="13.078" systemtimems="13.176" timestamp="2019-08-09T17:53:14.323" activeThreads="16">
  <mem-info id="100" free="6936600" total="8912896" percent="77">
    <mem type="nursery" free="1306096" total="2490368" percent="52">
      <mem type="allocate" free="1306096" total="1507328" percent="86" />
      <mem type="survivor" free="0" total="983040" percent="0" />
    </mem>
    <mem type="tenure" free="5630504" total="6422528" percent="87">
      <mem type="soa" free="5309992" total="6102016" percent="87" />
      <mem type="loa" free="320512" total="320512" percent="100" />
    </mem>
    <pending-finalizers system="0" default="0" reference="39" classloader="0" />
    <remembered-set count="174" />
  </mem-info>
</gc-end>
<cycle-end id="101" type="global" contextid="90" timestamp="2019-08-09T17:53:14.323" />
  <attribute name="elasticGC enabled" value="1" />
  <attribute name= "numThreadsSpecified" value="16" />
  <attribute name="heapSize specified" value="8781824" />
  <attribute name="Current GC Util" value="89" />
  <attribute name= "Current Time Running" value="255" />
  <attribute name ="GC Interval" value="2265" />
  <attribute name="Target GC Util Change" value ="80.000000" />
  <attribute name="Current GC Util Change" value="89.000000"/>
  <attribute name="Current Error" value="-95.000000" />
  <attribute name="Output H" value="8857400"/>
  <attribute name="Output I" value="1904"/>
  <attribute name="Output T" value="16"/>
  <attribute name= "Current Time Running" value="255" />
  <attribute name="GC Util currently" value="89" />
  <attribute name="CPU Util currently" value="156667804166" />
<sys-end id="102" timestamp="2019-08-09T17:53:14.323" />
<exclusive-end id="103" timestamp="2019-08-09T17:53:14.323" durationms="15.735" />

===== DaCapo 9.12-MR1 avrora starting =====
<exclusive-start id="104" timestamp="2019-08-09T17:53:14.375" intervalms="67.584">
  <response-info timems="0.014" idlems="0.014" threads="0" lastid="0000000001367F00" lastname="main" />
</exclusive-start>
<af-start id="105" threadId="0000000001368888" totalBytesRequested="3080" timestamp="2019-08-09T17:53:14.375" intervalms="83.683" type="nursery" />
<cycle-start id="106" type="scavenge" contextid="0" timestamp="2019-08-09T17:53:14.375" intervalms="83.683" />
<gc-start id="107" type="scavenge" contextid="106" timestamp="2019-08-09T17:53:14.375">
  <mem-info id="108" free="5547560" total="8912896" percent="62">
    <mem type="nursery" free="0" total="2490368" percent="0">
      <mem type="allocate" free="0" total="1507328" percent="0" />
      <mem type="survivor" free="0" total="983040" percent="0" />
    </mem>
    <mem type="tenure" free="5547560" total="6422528" percent="86">
      <mem type="soa" free="5227048" total="6102016" percent="85" />
      <mem type="loa" free="320512" total="320512" percent="100" />
    </mem>
    <remembered-set count="848" />
  </mem-info>
</gc-start>
<allocation-stats totalBytes="1386264" >
  <allocated-bytes non-tlh="82944" tlh="1303320" />
  <largest-consumer threadName="main" threadId="0000000001367F00" bytes="1382168" />
</allocation-stats>
<gc-op id="109" type="scavenge" timems="3.234" contextid="106" timestamp="2019-08-09T17:53:14.378">
  <scavenger-info tenureage="3" tenuremask="ffc8" tiltratio="60" />
  <memory-copied type="nursery" objects="2518" bytes="326304" bytesdiscarded="62368" />
  <references type="soft" candidates="3" cleared="0" enqueued="0" dynamicThreshold="28" maxThreshold="32" />
  <references type="weak" candidates="34" cleared="32" enqueued="32" />
  <references type="phantom" candidates="8" cleared="0" enqueued="0" />
</gc-op>
<gc-end id="110" type="scavenge" contextid="106" durationms="3.311" usertimems="4.746" systemtimems="2.839" timestamp="2019-08-09T17:53:14.378" activeThreads="16">
  <mem-info id="111" free="6797168" total="8912896" percent="76">
    <mem type="nursery" free="1249608" total="2490368" percent="50">
      <mem type="allocate" free="1249608" total="1638400" percent="76" />
      <mem type="survivor" free="0" total="851968" percent="0" />
    </mem>
    <mem type="tenure" free="5547560" total="6422528" percent="86">
      <mem type="soa" free="5227048" total="6102016" percent="85" />
      <mem type="loa" free="320512" total="320512" percent="100" />
    </mem>
    <pending-finalizers system="0" default="0" reference="32" classloader="0" />
    <remembered-set count="843" />
  </mem-info>
</gc-end>
<cycle-end id="112" type="scavenge" contextid="106" timestamp="2019-08-09T17:53:14.378" />
  <attribute name="elasticGC enabled" value="1" />
  <attribute name= "numThreadsSpecified" value="16" />
  <attribute name="heapSize specified" value="8781824" />
  <attribute name="Current GC Util" value="16" />
  <attribute name= "Current Time Running" value="308" />
  <attribute name ="GC Interval" value="1977" />
  <attribute name="Target GC Util Change" value ="80.000000" />
  <attribute name="Current GC Util Change" value="16.000000"/>
  <attribute name="Current Error" value="-31.000000" />
  <attribute name="Output H" value="8988544"/>
  <attribute name="Output I" value="1976"/>
  <attribute name="Output T" value="16"/>
  <attribute name= "Current Time Running" value="308" />
  <attribute name="GC Util currently" value="16" />
  <attribute name="CPU Util currently" value="11" />
<allocation-satisfied id="113" threadId="0000000001367F00" bytesRequested="3080" />
<af-end id="114" timestamp="2019-08-09T17:53:14.378" threadId="0000000001368888" success="true" from="nursery"/>
<exclusive-end id="115" timestamp="2019-08-09T17:53:14.378" durationms="3.552" />

<exclusive-start id="116" timestamp="2019-08-09T17:53:14.404" intervalms="29.162">
  <response-info timems="0.012" idlems="0.012" threads="0" lastid="0000000001367F00" lastname="main" />
</exclusive-start>
<af-start id="117" threadId="0000000001368888" totalBytesRequested="104" timestamp="2019-08-09T17:53:14.404" intervalms="29.158" type="nursery" />
<cycle-start id="118" type="scavenge" contextid="0" timestamp="2019-08-09T17:53:14.404" intervalms="29.157" />
<gc-start id="119" type="scavenge" contextid="118" timestamp="2019-08-09T17:53:14.404">
  <mem-info id="120" free="5522912" total="8912896" percent="61">
    <mem type="nursery" free="0" total="2490368" percent="0">
      <mem type="allocate" free="0" total="1638400" percent="0" />
      <mem type="survivor" free="0" total="851968" percent="0" />
    </mem>
    <mem type="tenure" free="5522912" total="6422528" percent="85">
      <mem type="soa" free="5202400" total="6102016" percent="85" />
      <mem type="loa" free="320512" total="320512" percent="100" />
    </mem>
    <remembered-set count="1112" />
  </mem-info>
</gc-start>
<allocation-stats totalBytes="1272288" >
  <allocated-bytes non-tlh="102712" tlh="1169576" />
  <largest-consumer threadName="main" threadId="0000000001367F00" bytes="1272288" />
</allocation-stats>
<gc-op id="121" type="scavenge" timems="2.482" contextid="118" timestamp="2019-08-09T17:53:14.407">
  <scavenger-info tenureage="3" tenuremask="fff8" tiltratio="65" />
  <memory-copied type="nursery" objects="2985" bytes="365272" bytesdiscarded="48280" />
  <references type="soft" candidates="3" cleared="0" enqueued="0" dynamicThreshold="28" maxThreshold="32" />
  <references type="weak" candidates="3" cleared="2" enqueued="2" />
  <references type="phantom" candidates="7" cleared="0" enqueued="0" />
</gc-op>
<heap-resize id="122" type="expand" space="nursery" amount="131072" count="1" timems="0.014" reason="excessive time being spent scavenging" timestamp="2019-08-09T17:53:14.407" />
<gc-end id="123" type="scavenge" contextid="118" durationms="2.576" usertimems="3.245" systemtimems="2.158" timestamp="2019-08-09T17:53:14.407" activeThreads="16">
  <mem-info id="124" free="7009848" total="9043968" percent="77">
    <mem type="nursery" free="1486936" total="2621440" percent="56">
      <mem type="allocate" free="1486936" total="1900544" percent="78" />
      <mem type="survivor" free="0" total="720896" percent="0" />
    </mem>
    <mem type="tenure" free="5522912" total="6422528" percent="85">
      <mem type="soa" free="5202400" total="6102016" percent="85" />
      <mem type="loa" free="320512" total="320512" percent="100" />
    </mem>
    <pending-finalizers system="0" default="0" reference="2" classloader="0" />
    <remembered-set count="1107" />
  </mem-info>
</gc-end>
<cycle-end id="125" type="scavenge" contextid="118" timestamp="2019-08-09T17:53:14.407" />
  <attribute name="elasticGC enabled" value="1" />
  <attribute name= "numThreadsSpecified" value="16" />
  <attribute name="heapSize specified" value="8781824" />
  <attribute name="Current GC Util" value="26" />
  <attribute name= "Current Time Running" value="337" />
  <attribute name ="GC Interval" value="2041" />
  <attribute name="Target GC Util Change" value ="80.000000" />
  <attribute name="Current GC Util Change" value="26.000000"/>
  <attribute name="Current Error" value="23.000000" />
  <attribute name="Output H" value="8988608"/>
  <attribute name="Output I" value="2040"/>
  <attribute name="Output T" value="16"/>
  <attribute name= "Current Time Running" value="337" />
  <attribute name="GC Util currently" value="26" />
  <attribute name="CPU Util currently" value="39699167404" />
<allocation-satisfied id="126" threadId="0000000001367F00" bytesRequested="104" />
<af-end id="127" timestamp="2019-08-09T17:53:14.407" threadId="0000000001368888" success="true" from="nursery"/>
<exclusive-end id="128" timestamp="2019-08-09T17:53:14.407" durationms="2.708" />

<exclusive-start id="129" timestamp="2019-08-09T17:53:14.465" intervalms="61.403">
  <response-info timems="0.014" idlems="0.014" threads="0" lastid="0000000001367F00" lastname="main" />
</exclusive-start>
<af-start id="130" threadId="0000000001368888" totalBytesRequested="24" timestamp="2019-08-09T17:53:14.465" intervalms="61.403" type="nursery" />
<cycle-start id="131" type="scavenge" contextid="0" timestamp="2019-08-09T17:53:14.465" intervalms="61.404" />
<gc-start id="132" type="scavenge" contextid="131" timestamp="2019-08-09T17:53:14.465">
  <mem-info id="133" free="5517728" total="9043968" percent="61">
    <mem type="nursery" free="0" total="2621440" percent="0">
      <mem type="allocate" free="0" total="1900544" percent="0" />
      <mem type="survivor" free="0" total="720896" percent="0" />
    </mem>
    <mem type="tenure" free="5517728" total="6422528" percent="85">
      <mem type="soa" free="5197216" total="6102016" percent="85" />
      <mem type="loa" free="320512" total="320512" percent="100" />
    </mem>
    <remembered-set count="1214" />
  </mem-info>
</gc-start>
<allocation-stats totalBytes="1491952" >
  <allocated-bytes non-tlh="66320" tlh="1425632" />
  <largest-consumer threadName="main" threadId="0000000001367F00" bytes="1491952" />
</allocation-stats>
<gc-op id="134" type="scavenge" timems="3.147" contextid="131" timestamp="2019-08-09T17:53:14.469">
  <scavenger-info tenureage="3" tenuremask="fff8" tiltratio="72" />
  <memory-copied type="nursery" objects="14310" bytes="720744" bytesdiscarded="96" />
  <memory-copied type="tenure" objects="20990" bytes="659432" bytesdiscarded="584" />
  <copy-failed type="nursery" objects="20963" bytes="658200" />
  <references type="soft" candidates="3" cleared="0" enqueued="0" dynamicThreshold="28" maxThreshold="32" />
  <references type="weak" candidates="2" cleared="1" enqueued="1" />
  <references type="phantom" candidates="10" cleared="5" enqueued="5" />
</gc-op>
<gc-end id="135" type="scavenge" contextid="131" durationms="3.228" usertimems="9.914" systemtimems="1.812" timestamp="2019-08-09T17:53:14.469" activeThreads="16">
  <mem-info id="136" free="5262272" total="9043968" percent="58">
    <mem type="nursery" free="589824" total="2621440" percent="22">
      <mem type="allocate" free="589824" total="1310720" percent="45" />
      <mem type="survivor" free="0" total="1310720" percent="0" />
    </mem>
    <mem type="tenure" free="4672448" total="6422528" percent="72">
      <mem type="soa" free="4351936" total="6102016" percent="71" />
      <mem type="loa" free="320512" total="320512" percent="100" />
    </mem>
    <pending-finalizers system="0" default="0" reference="6" classloader="0" />
    <remembered-set count="18925" />
  </mem-info>
</gc-end>
<cycle-end id="137" type="scavenge" contextid="131" timestamp="2019-08-09T17:53:14.469" />
  <attribute name="elasticGC enabled" value="1" />
  <attribute name= "numThreadsSpecified" value="16" />
  <attribute name="heapSize specified" value="8781824" />
  <attribute name="Current GC Util" value="8" />
  <attribute name= "Current Time Running" value="399" />
  <attribute name ="GC Interval" value="2121" />
  <attribute name="Target GC Util Change" value ="80.000000" />
  <attribute name="Current GC Util Change" value="8.000000"/>
  <attribute name="Current Error" value="95.000000" />
  <attribute name="Output H" value="9119760"/>
  <attribute name="Output I" value="2120"/>
  <attribute name="Output T" value="16"/>
  <attribute name= "Current Time Running" value="399" />
  <attribute name="GC Util currently" value="8" />
  <attribute name="CPU Util currently" value="10" />
<allocation-satisfied id="138" threadId="0000000001367F00" bytesRequested="24" />
<af-end id="139" timestamp="2019-08-09T17:53:14.469" threadId="0000000001368888" success="true" from="nursery"/>
<exclusive-end id="140" timestamp="2019-08-09T17:53:14.469" durationms="3.465" />

<exclusive-start id="141" timestamp="2019-08-09T17:53:14.486" intervalms="21.061">
  <response-info timems="0.029" idlems="0.029" threads="0" lastid="0000000001367F00" lastname="main" />
</exclusive-start>
<af-start id="142" threadId="0000000001368888" totalBytesRequested="72" timestamp="2019-08-09T17:53:14.486" intervalms="21.062" type="nursery" />
<cycle-start id="143" type="scavenge" contextid="0" timestamp="2019-08-09T17:53:14.487" intervalms="21.062" />
<gc-start id="144" type="scavenge" contextid="143" timestamp="2019-08-09T17:53:14.487">
  <mem-info id="145" free="4672408" total="9043968" percent="51">
    <mem type="nursery" free="0" total="2621440" percent="0">
      <mem type="allocate" free="0" total="1310720" percent="0" />
      <mem type="survivor" free="0" total="1310720" percent="0" />
    </mem>
    <mem type="tenure" free="4672408" total="6422528" percent="72">
      <mem type="soa" free="4351896" total="6102016" percent="71" />
      <mem type="loa" free="320512" total="320512" percent="100" />
    </mem>
    <remembered-set count="18927" />
  </mem-info>
</gc-start>
<allocation-stats totalBytes="589800" >
  <allocated-bytes non-tlh="66584" tlh="523216" />
  <largest-consumer threadName="main" threadId="0000000001367F00" bytes="589800" />
</allocation-stats>
<gc-op id="146" type="scavenge" timems="4.063" contextid="143" timestamp="2019-08-09T17:53:14.491">
  <scavenger-info tenureage="3" tenuremask="ffe8" tiltratio="50" />
  <memory-copied type="nursery" objects="26222" bytes="844568" bytesdiscarded="127472" />
  <memory-copied type="tenure" objects="1817" bytes="285472" bytesdiscarded="32" />
  <references type="phantom" candidates="3" cleared="2" enqueued="2" />
</gc-op>
<heap-resize id="147" type="expand" space="nursery" amount="262144" count="1" timems="0.014" reason="excessive time being spent scavenging" timestamp="2019-08-09T17:53:14.491" />
<gc-end id="148" type="scavenge" contextid="143" durationms="4.215" usertimems="9.164" systemtimems="4.044" timestamp="2019-08-09T17:53:14.491" activeThreads="16">
  <mem-info id="149" free="4779136" total="9306112" percent="51">
    <mem type="nursery" free="469744" total="2883584" percent="16">
      <mem type="allocate" free="469744" total="1441792" percent="32" />
      <mem type="survivor" free="0" total="1441792" percent="0" />
    </mem>
    <mem type="tenure" free="4309392" total="6422528" percent="67">
      <mem type="soa" free="3988880" total="6102016" percent="65" />
      <mem type="loa" free="320512" total="320512" percent="100" />
    </mem>
    <pending-finalizers system="0" default="0" reference="2" classloader="0" />
    <remembered-set count="18617" />
  </mem-info>
</gc-end>
<cycle-end id="150" type="scavenge" contextid="143" timestamp="2019-08-09T17:53:14.491" />
  <attribute name="elasticGC enabled" value="1" />
  <attribute name= "numThreadsSpecified" value="16" />
  <attribute name="heapSize specified" value="8781824" />
  <attribute name="Current GC Util" value="55" />
  <attribute name= "Current Time Running" value="420" />
  <attribute name ="GC Interval" value="2041" />
  <attribute name="Target GC Util Change" value ="80.000000" />
  <attribute name="Current GC Util Change" value="55.000000"/>
  <attribute name="Current Error" value="25.000000" />
  <attribute name="Output H" value="9119680"/>
  <attribute name="Output I" value="2040"/>
  <attribute name="Output T" value="16"/>
  <attribute name= "Current Time Running" value="420" />
  <attribute name="GC Util currently" value="55" />
  <attribute name="CPU Util currently" value="54720625749" />
<allocation-satisfied id="151" threadId="0000000001367F00" bytesRequested="72" />
<af-end id="152" timestamp="2019-08-09T17:53:14.491" threadId="0000000001368888" success="true" from="nursery"/>
<exclusive-end id="153" timestamp="2019-08-09T17:53:14.491" durationms="4.384" />

<exclusive-start id="154" timestamp="2019-08-09T17:53:14.504" intervalms="17.134">
  <response-info timems="0.051" idlems="0.051" threads="0" lastid="0000000001367F00" lastname="main" />
</exclusive-start>
<af-start id="155" threadId="0000000001368888" totalBytesRequested="16" timestamp="2019-08-09T17:53:14.504" intervalms="17.130" type="nursery" />
<cycle-start id="156" type="scavenge" contextid="0" timestamp="2019-08-09T17:53:14.504" intervalms="17.128" />
<gc-start id="157" type="scavenge" contextid="156" timestamp="2019-08-09T17:53:14.504">
  <mem-info id="158" free="4309392" total="9306112" percent="46">
    <mem type="nursery" free="0" total="2883584" percent="0">
      <mem type="allocate" free="0" total="1441792" percent="0" />
      <mem type="survivor" free="0" total="1441792" percent="0" />
    </mem>
    <mem type="tenure" free="4309392" total="6422528" percent="67">
      <mem type="soa" free="3988880" total="6102016" percent="65" />
      <mem type="loa" free="320512" total="320512" percent="100" />
    </mem>
    <remembered-set count="18619" />
  </mem-info>
</gc-start>
<allocation-stats totalBytes="469656" >
  <allocated-bytes non-tlh="65320" tlh="404336" />
  <largest-consumer threadName="main" threadId="0000000001367F00" bytes="469656" />
</allocation-stats>
<gc-op id="159" type="scavenge" timems="2.497" contextid="156" timestamp="2019-08-09T17:53:14.506">
  <scavenger-info tenureage="3" tenuremask="fff8" tiltratio="50" />
  <memory-copied type="nursery" objects="37389" bytes="1176752" bytesdiscarded="135272" />
  <memory-copied type="tenure" objects="483" bytes="48296" bytesdiscarded="0" />
  <references type="phantom" candidates="2" cleared="2" enqueued="2" />
</gc-op>
<heap-resize id="160" type="expand" space="nursery" amount="262144" count="1" timems="0.016" reason="excessive time being spent scavenging" timestamp="2019-08-09T17:53:14.506" />
<gc-end id="161" type="scavenge" contextid="156" durationms="2.598" usertimems="9.079" systemtimems="2.289" timestamp="2019-08-09T17:53:14.506" activeThreads="16">
  <mem-info id="162" free="4533320" total="9568256" percent="47">
    <mem type="nursery" free="260832" total="3145728" percent="8">
      <mem type="allocate" free="260832" total="1572864" percent="16" />
      <mem type="survivor" free="0" total="1572864" percent="0" />
    </mem>
    <mem type="tenure" free="4272488" total="6422528" percent="66">
      <mem type="soa" free="3951976" total="6102016" percent="64" />
      <mem type="loa" free="320512" total="320512" percent="100" />
    </mem>
    <pending-finalizers system="0" default="0" reference="2" classloader="0" />
    <remembered-set count="18481" />
  </mem-info>
</gc-end>
<cycle-end id="163" type="scavenge" contextid="156" timestamp="2019-08-09T17:53:14.506" />
  <attribute name="elasticGC enabled" value="1" />
  <attribute name= "numThreadsSpecified" value="16" />
  <attribute name="heapSize specified" value="8781824" />
  <attribute name="Current GC Util" value="76" />
  <attribute name= "Current Time Running" value="437" />
  <attribute name ="GC Interval" value="2049" />
  <attribute name="Target GC Util Change" value ="80.000000" />
  <attribute name="Current GC Util Change" value="76.000000"/>
  <attribute name="Current Error" value="29.000000" />
  <attribute name="Output H" value="9381832"/>
  <attribute name="Output I" value="2048"/>
  <attribute name="Output T" value="16"/>
  <attribute name= "Current Time Running" value="437" />
  <attribute name="GC Util currently" value="76" />
  <attribute name="CPU Util currently" value="67357509110" />
<allocation-satisfied id="164" threadId="0000000001367F00" bytesRequested="16" />
<af-end id="165" timestamp="2019-08-09T17:53:14.506" threadId="0000000001368888" success="true" from="nursery"/>
<exclusive-end id="166" timestamp="2019-08-09T17:53:14.506" durationms="2.735" />

<exclusive-start id="167" timestamp="2019-08-09T17:53:14.514" intervalms="10.341">
  <response-info timems="0.040" idlems="0.040" threads="0" lastid="0000000001367F00" lastname="main" />
</exclusive-start>
<af-start id="168" threadId="0000000001368888" totalBytesRequested="16440" timestamp="2019-08-09T17:53:14.514" intervalms="10.341" type="nursery" />
<cycle-start id="169" type="scavenge" contextid="0" timestamp="2019-08-09T17:53:14.514" intervalms="10.342" />
<gc-start id="170" type="scavenge" contextid="169" timestamp="2019-08-09T17:53:14.514">
  <mem-info id="171" free="4272488" total="9568256" percent="44">
    <mem type="nursery" free="0" total="3145728" percent="0">
      <mem type="allocate" free="0" total="1572864" percent="0" />
      <mem type="survivor" free="0" total="1572864" percent="0" />
    </mem>
    <mem type="tenure" free="4272488" total="6422528" percent="66">
      <mem type="soa" free="3951976" total="6102016" percent="64" />
      <mem type="loa" free="320512" total="320512" percent="100" />
    </mem>
    <remembered-set count="18484" />
  </mem-info>
</gc-start>
<allocation-stats totalBytes="251616" >
  <allocated-bytes non-tlh="40400" tlh="211216" />
  <largest-consumer threadName="main" threadId="0000000001367F00" bytes="251616" />
</allocation-stats>
<gc-op id="172" type="scavenge" timems="3.196" contextid="169" timestamp="2019-08-09T17:53:14.517">
  <scavenger-info tenureage="3" tenuremask="fff8" tiltratio="50" />
  <memory-copied type="nursery" objects="30364" bytes="947792" bytesdiscarded="90664" />
  <memory-copied type="tenure" objects="11915" bytes="373584" bytesdiscarded="752" />
  <references type="phantom" candidates="2" cleared="1" enqueued="1" />
</gc-op>
<heap-resize id="173" type="expand" space="nursery" amount="524288" count="1" timems="0.017" reason="excessive time being spent scavenging" timestamp="2019-08-09T17:53:14.517" />
<gc-end id="174" type="scavenge" contextid="169" durationms="3.299" usertimems="8.736" systemtimems="1.740" timestamp="2019-08-09T17:53:14.517" activeThreads="16">
  <mem-info id="175" free="4677480" total="10092544" percent="46">
    <mem type="nursery" free="796552" total="3670016" percent="21">
      <mem type="allocate" free="796552" total="1835008" percent="43" />
      <mem type="survivor" free="0" total="1835008" percent="0" />
    </mem>
    <mem type="tenure" free="3880928" total="6422528" percent="60">
      <mem type="soa" free="3560416" total="6102016" percent="58" />
      <mem type="loa" free="320512" total="320512" percent="100" />
    </mem>
    <pending-finalizers system="0" default="0" reference="1" classloader="0" />
    <remembered-set count="97" />
  </mem-info>
</gc-end>
<cycle-end id="176" type="scavenge" contextid="169" timestamp="2019-08-09T17:53:14.517" />
  <attribute name="elasticGC enabled" value="1" />
  <attribute name= "numThreadsSpecified" value="16" />
  <attribute name="heapSize specified" value="8781824" />
  <attribute name="Current GC Util" value="101" />
  <attribute name= "Current Time Running" value="447" />
  <attribute name ="GC Interval" value="2025" />
  <attribute name="Target GC Util Change" value ="80.000000" />
  <attribute name="Current GC Util Change" value="101.000000"/>
  <attribute name="Current Error" value="8.000000" />
  <attribute name="Output H" value="9643952"/>
  <attribute name="Output I" value="2024"/>
  <attribute name="Output T" value="16"/>
  <attribute name= "Current Time Running" value="447" />
  <attribute name="GC Util currently" value="101" />
  <attribute name="CPU Util currently" value="111520407543" />
<allocation-satisfied id="177" threadId="0000000001367F00" bytesRequested="16440" />
<af-end id="178" timestamp="2019-08-09T17:53:14.517" threadId="0000000001368888" success="true" from="nursery"/>
<exclusive-end id="179" timestamp="2019-08-09T17:53:14.517" durationms="3.491" />

<exclusive-start id="180" timestamp="2019-08-09T17:53:14.536" intervalms="22.518">
  <response-info timems="0.053" idlems="0.053" threads="0" lastid="0000000001367F00" lastname="main" />
</exclusive-start>
<af-start id="181" threadId="0000000001368888" totalBytesRequested="24" timestamp="2019-08-09T17:53:14.536" intervalms="22.523" type="nursery" />
<cycle-start id="182" type="scavenge" contextid="0" timestamp="2019-08-09T17:53:14.537" intervalms="22.525" />
<gc-start id="183" type="scavenge" contextid="182" timestamp="2019-08-09T17:53:14.537">
  <mem-info id="184" free="3868744" total="10092544" percent="38">
    <mem type="nursery" free="0" total="3670016" percent="0">
      <mem type="allocate" free="0" total="1835008" percent="0" />
      <mem type="survivor" free="0" total="1835008" percent="0" />
    </mem>
    <mem type="tenure" free="3868744" total="6422528" percent="60">
      <mem type="soa" free="3548232" total="6102016" percent="58" />
      <mem type="loa" free="320512" total="320512" percent="100" />
    </mem>
    <remembered-set count="341" />
  </mem-info>
</gc-start>
<allocation-stats totalBytes="808088" >
  <allocated-bytes non-tlh="94336" tlh="713752" />
  <largest-consumer threadName="main" threadId="0000000001367F00" bytes="808088" />
</allocation-stats>
<gc-op id="185" type="scavenge" timems="2.757" contextid="182" timestamp="2019-08-09T17:53:14.539">
  <scavenger-info tenureage="2" tenuremask="fffc" tiltratio="50" />
  <memory-copied type="nursery" objects="15164" bytes="503600" bytesdiscarded="207488" />
  <memory-copied type="tenure" objects="24610" bytes="752912" bytesdiscarded="48" />
  <references type="weak" candidates="5" cleared="5" enqueued="5" />
  <references type="phantom" candidates="1" cleared="1" enqueued="1" />
</gc-op>
<heap-resize id="186" type="expand" space="nursery" amount="262144" count="1" timems="0.014" reason="excessive time being spent scavenging" timestamp="2019-08-09T17:53:14.539" />
<gc-end id="187" type="scavenge" contextid="182" durationms="2.881" usertimems="8.192" systemtimems="3.117" timestamp="2019-08-09T17:53:14.539" activeThreads="16">
  <mem-info id="188" free="4414400" total="10354688" percent="42">
    <mem type="nursery" free="1254960" total="3932160" percent="31">
      <mem type="allocate" free="1254960" total="1966080" percent="63" />
      <mem type="survivor" free="0" total="1966080" percent="0" />
    </mem>
    <mem type="tenure" free="3159440" total="6422528" percent="49">
      <mem type="soa" free="2838928" total="6102016" percent="46" />
      <mem type="loa" free="320512" total="320512" percent="100" />
    </mem>
    <pending-finalizers system="0" default="0" reference="6" classloader="0" />
    <remembered-set count="336" />
  </mem-info>
</gc-end>
<cycle-end id="189" type="scavenge" contextid="182" timestamp="2019-08-09T17:53:14.539" />
  <attribute name="elasticGC enabled" value="1" />
  <attribute name= "numThreadsSpecified" value="16" />
  <attribute name="heapSize specified" value="8781824" />
  <attribute name="Current GC Util" value="46" />
  <attribute name= "Current Time Running" value="470" />
  <attribute name ="GC Interval" value="2057" />
  <attribute name="Target GC Util Change" value ="80.000000" />
  <attribute name="Current GC Util Change" value="46.000000"/>
  <attribute name="Current Error" value="42.000000" />
  <attribute name="Output H" value="10168272"/>
  <attribute name="Output I" value="2056"/>
  <attribute name="Output T" value="16"/>
  <attribute name= "Current Time Running" value="470" />
  <attribute name="GC Util currently" value="46" />
  <attribute name="CPU Util currently" value="51111412168" />
<allocation-satisfied id="190" threadId="0000000001367F00" bytesRequested="24" />
<af-end id="191" timestamp="2019-08-09T17:53:14.540" threadId="0000000001368888" success="true" from="nursery"/>
<exclusive-end id="192" timestamp="2019-08-09T17:53:14.540" durationms="3.063" />

<exclusive-start id="193" timestamp="2019-08-09T17:53:14.673" intervalms="136.738">
  <response-info timems="0.048" idlems="0.048" threads="0" lastid="0000000001367F00" lastname="main" />
</exclusive-start>
<af-start id="194" threadId="0000000001368888" totalBytesRequested="168" timestamp="2019-08-09T17:53:14.673" intervalms="136.744" type="nursery" />
<cycle-start id="195" type="scavenge" contextid="0" timestamp="2019-08-09T17:53:14.673" intervalms="136.746" />
<gc-start id="196" type="scavenge" contextid="195" timestamp="2019-08-09T17:53:14.673">
  <mem-info id="197" free="3129488" total="10354688" percent="30">
    <mem type="nursery" free="0" total="3932160" percent="0">
      <mem type="allocate" free="0" total="1966080" percent="0" />
      <mem type="survivor" free="0" total="1966080" percent="0" />
    </mem>
    <mem type="tenure" free="3129488" total="6422528" percent="48">
      <mem type="soa" free="2808976" total="6102016" percent="46" />
      <mem type="loa" free="320512" total="320512" percent="100" />
    </mem>
    <remembered-set count="761" />
  </mem-info>
</gc-start>
<allocation-stats totalBytes="1283384" >
  <allocated-bytes non-tlh="124632" tlh="1158752" />
  <largest-consumer threadName="main" threadId="0000000001367F00" bytes="1283384" />
</allocation-stats>
<gc-op id="198" type="scavenge" timems="3.262" contextid="195" timestamp="2019-08-09T17:53:14.677">
  <scavenger-info tenureage="2" tenuremask="fffc" tiltratio="50" />
  <memory-copied type="nursery" objects="11064" bytes="417072" bytesdiscarded="50344" />
  <memory-copied type="tenure" objects="5668" bytes="181624" bytesdiscarded="24" />
  <references type="weak" candidates="2" cleared="2" enqueued="2" />
</gc-op>
<gc-end id="199" type="scavenge" contextid="195" durationms="3.359" usertimems="1.942" systemtimems="3.187" timestamp="2019-08-09T17:53:14.677" activeThreads="16">
  <mem-info id="200" free="4674504" total="10354688" percent="45">
    <mem type="nursery" free="1695224" total="3932160" percent="43">
      <mem type="allocate" free="1695224" total="2162688" percent="78" />
      <mem type="survivor" free="0" total="1769472" percent="0" />
    </mem>
    <mem type="tenure" free="2979280" total="6422528" percent="46">
      <mem type="soa" free="2658768" total="6102016" percent="43" />
      <mem type="loa" free="320512" total="320512" percent="100" />
    </mem>
    <pending-finalizers system="0" default="0" reference="2" classloader="0" />
    <remembered-set count="747" />
  </mem-info>
</gc-end>
<cycle-end id="201" type="scavenge" contextid="195" timestamp="2019-08-09T17:53:14.677" />
  <attribute name="elasticGC enabled" value="1" />
  <attribute name= "numThreadsSpecified" value="16" />
  <attribute name="heapSize specified" value="8781824" />
  <attribute name="Current GC Util" value="6" />
  <attribute name= "Current Time Running" value="606" />
  <attribute name ="GC Interval" value="2145" />
  <attribute name="Target GC Util Change" value ="80.000000" />
  <attribute name="Current GC Util Change" value="6.000000"/>
  <attribute name="Current Error" value="116.000000" />
  <attribute name="Output H" value="10430504"/>
  <attribute name="Output I" value="2144"/>
  <attribute name="Output T" value="16"/>
  <attribute name= "Current Time Running" value="606" />
  <attribute name="GC Util currently" value="6" />
  <attribute name="CPU Util currently" value="28" />
<allocation-satisfied id="202" threadId="0000000001367F00" bytesRequested="168" />
<af-end id="203" timestamp="2019-08-09T17:53:14.677" threadId="0000000001368888" success="true" from="nursery"/>
<exclusive-end id="204" timestamp="2019-08-09T17:53:14.677" durationms="3.530" />

<exclusive-start id="205" timestamp="2019-08-09T17:53:14.730" intervalms="56.388">
  <response-info timems="0.014" idlems="0.014" threads="0" lastid="0000000001367F00" lastname="main" />
</exclusive-start>
<af-start id="206" threadId="0000000001368888" totalBytesRequested="35184" timestamp="2019-08-09T17:53:14.730" intervalms="56.381" type="nursery" />
<cycle-start id="207" type="scavenge" contextid="0" timestamp="2019-08-09T17:53:14.730" intervalms="56.384" />
<gc-start id="208" type="scavenge" contextid="207" timestamp="2019-08-09T17:53:14.730">
  <mem-info id="209" free="2962608" total="10354688" percent="28">
    <mem type="nursery" free="0" total="3932160" percent="0">
      <mem type="allocate" free="0" total="2162688" percent="0" />
      <mem type="survivor" free="0" total="1769472" percent="0" />
    </mem>
    <mem type="tenure" free="2962608" total="6422528" percent="46">
      <mem type="soa" free="2642096" total="6102016" percent="43" />
      <mem type="loa" free="320512" total="320512" percent="100" />
    </mem>
    <remembered-set count="969" />
  </mem-info>
</gc-start>
<allocation-stats totalBytes="1694248" >
  <allocated-bytes non-tlh="16840" tlh="1677408" />
  <largest-consumer threadName="main" threadId="0000000001367F00" bytes="1694248" />
</allocation-stats>
<gc-op id="210" type="scavenge" timems="2.646" contextid="207" timestamp="2019-08-09T17:53:14.732">
  <scavenger-info tenureage="2" tenuremask="fffc" tiltratio="55" />
  <memory-copied type="nursery" objects="14464" bytes="861656" bytesdiscarded="113336" />
  <memory-copied type="tenure" objects="9453" bytes="320744" bytesdiscarded="392" />
</gc-op>
<gc-end id="211" type="scavenge" contextid="207" durationms="2.791" usertimems="5.906" systemtimems="1.201" timestamp="2019-08-09T17:53:14.732" activeThreads="16">
  <mem-info id="212" free="3831744" total="10354688" percent="37">
    <mem type="nursery" free="1187552" total="3932160" percent="30">
      <mem type="allocate" free="1187552" total="2162688" percent="54" />
      <mem type="survivor" free="0" total="1769472" percent="0" />
    </mem>
    <mem type="tenure" free="2644192" total="6422528" percent="41">
      <mem type="soa" free="2323680" total="6102016" percent="38" />
      <mem type="loa" free="320512" total="320512" percent="100" />
    </mem>
    <remembered-set count="741" />
  </mem-info>
</gc-end>
<cycle-end id="213" type="scavenge" contextid="207" timestamp="2019-08-09T17:53:14.733" />
  <attribute name="elasticGC enabled" value="1" />
  <attribute name= "numThreadsSpecified" value="16" />
  <attribute name="heapSize specified" value="8781824" />
  <attribute name="Current GC Util" value="8" />
  <attribute name= "Current Time Running" value="663" />
  <attribute name ="GC Interval" value="2233" />
  <attribute name="Target GC Util Change" value ="80.000000" />
  <attribute name="Current GC Util Change" value="8.000000"/>
  <attribute name="Current Error" value="188.000000" />
  <attribute name="Output H" value="10430592"/>
  <attribute name="Output I" value="2232"/>
  <attribute name="Output T" value="16"/>
  <attribute name= "Current Time Running" value="663" />
  <attribute name="GC Util currently" value="8" />
  <attribute name="CPU Util currently" value="27" />
<allocation-satisfied id="214" threadId="0000000001367F00" bytesRequested="35184" />
<af-end id="215" timestamp="2019-08-09T17:53:14.733" threadId="0000000001368888" success="true" from="nursery"/>
<exclusive-end id="216" timestamp="2019-08-09T17:53:14.733" durationms="3.038" />

<exclusive-start id="217" timestamp="2019-08-09T17:53:14.757" intervalms="27.325">
  <response-info timems="0.017" idlems="0.017" threads="0" lastid="0000000001367F00" lastname="main" />
</exclusive-start>
<af-start id="218" threadId="0000000001368888" totalBytesRequested="40" timestamp="2019-08-09T17:53:14.757" intervalms="27.325" type="nursery" />
<cycle-start id="219" type="scavenge" contextid="0" timestamp="2019-08-09T17:53:14.757" intervalms="27.321" />
<gc-start id="220" type="scavenge" contextid="219" timestamp="2019-08-09T17:53:14.757">
  <mem-info id="221" free="2644192" total="10354688" percent="25">
    <mem type="nursery" free="0" total="3932160" percent="0">
      <mem type="allocate" free="0" total="2162688" percent="0" />
      <mem type="survivor" free="0" total="1769472" percent="0" />
    </mem>
    <mem type="tenure" free="2644192" total="6422528" percent="41">
      <mem type="soa" free="2323680" total="6102016" percent="38" />
      <mem type="loa" free="320512" total="320512" percent="100" />
    </mem>
    <remembered-set count="755" />
  </mem-info>
</gc-start>
<allocation-stats totalBytes="1186776" >
  <allocated-bytes non-tlh="157248" tlh="1029528" />
  <largest-consumer threadName="main" threadId="0000000001367F00" bytes="1186776" />
</allocation-stats>
<gc-op id="222" type="scavenge" timems="5.892" contextid="219" timestamp="2019-08-09T17:53:14.763">
  <scavenger-info tenureage="1" tenuremask="fffe" tiltratio="55" />
  <memory-copied type="nursery" objects="13398" bytes="995328" bytesdiscarded="162128" />
  <memory-copied type="tenure" objects="14290" bytes="858744" bytesdiscarded="1984" />
</gc-op>
<heap-resize id="223" type="expand" space="nursery" amount="393216" count="1" timems="0.015" reason="excessive time being spent scavenging" timestamp="2019-08-09T17:53:14.763" />
<gc-end id="224" type="scavenge" contextid="219" durationms="6.021" usertimems="3.993" systemtimems="3.152" timestamp="2019-08-09T17:53:14.763" activeThreads="16">
  <mem-info id="225" free="3321912" total="10747904" percent="30">
    <mem type="nursery" free="1529408" total="4325376" percent="35">
      <mem type="allocate" free="1529408" total="2686976" percent="56" />
      <mem type="survivor" free="0" total="1638400" percent="0" />
    </mem>
    <mem type="tenure" free="1792504" total="6422528" percent="27">
      <mem type="soa" free="1471992" total="6102016" percent="24" />
      <mem type="loa" free="320512" total="320512" percent="100" />
    </mem>
    <remembered-set count="341" />
  </mem-info>
</gc-end>
<cycle-end id="226" type="scavenge" contextid="219" timestamp="2019-08-09T17:53:14.763" />
  <attribute name="elasticGC enabled" value="1" />
  <attribute name= "numThreadsSpecified" value="16" />
  <attribute name="heapSize specified" value="8781824" />
  <attribute name="Current GC Util" value="26" />
  <attribute name= "Current Time Running" value="690" />
  <attribute name ="GC Interval" value="2073" />
  <attribute name="Target GC Util Change" value ="80.000000" />
  <attribute name="Current GC Util Change" value="26.000000"/>
  <attribute name="Current Error" value="54.000000" />
  <attribute name="Output H" value="10430432"/>
  <attribute name="Output I" value="2072"/>
  <attribute name="Output T" value="16"/>
  <attribute name= "Current Time Running" value="690" />
  <attribute name="GC Util currently" value="26" />
  <attribute name="CPU Util currently" value="42351954386" />
<allocation-satisfied id="227" threadId="0000000001367F00" bytesRequested="40" />
<af-end id="228" timestamp="2019-08-09T17:53:14.763" threadId="0000000001368888" success="true" from="nursery"/>
<exclusive-end id="229" timestamp="2019-08-09T17:53:14.763" durationms="6.185" />

<exclusive-start id="230" timestamp="2019-08-09T17:53:14.789" intervalms="32.254">
  <response-info timems="0.040" idlems="0.040" threads="0" lastid="0000000001367F00" lastname="main" />
</exclusive-start>
<af-start id="231" threadId="0000000001368888" totalBytesRequested="65712" timestamp="2019-08-09T17:53:14.789" intervalms="32.263" type="nursery" />
<cycle-start id="232" type="scavenge" contextid="0" timestamp="2019-08-09T17:53:14.789" intervalms="32.261" />
<gc-start id="233" type="scavenge" contextid="232" timestamp="2019-08-09T17:53:14.789">
  <mem-info id="234" free="1792504" total="10747904" percent="16">
    <mem type="nursery" free="0" total="4325376" percent="0">
      <mem type="allocate" free="0" total="2686976" percent="0" />
      <mem type="survivor" free="0" total="1638400" percent="0" />
    </mem>
    <mem type="tenure" free="1792504" total="6422528" percent="27">
      <mem type="soa" free="1471992" total="6102016" percent="24" />
      <mem type="loa" free="320512" total="320512" percent="100" />
    </mem>
    <remembered-set count="365" />
  </mem-info>
</gc-start>
<allocation-stats totalBytes="1528616" >
  <allocated-bytes non-tlh="122104" tlh="1406512" />
  <largest-consumer threadName="main" threadId="0000000001367F00" bytes="1528616" />
</allocation-stats>
<gc-op id="235" type="scavenge" timems="1.700" contextid="232" timestamp="2019-08-09T17:53:14.791">
  <scavenger-info tenureage="1" tenuremask="fffe" tiltratio="62" />
  <memory-copied type="nursery" objects="19355" bytes="1268040" bytesdiscarded="249608" />
  <memory-copied type="tenure" objects="13381" bytes="994848" bytesdiscarded="456" />
</gc-op>
<gc-end id="236" type="scavenge" contextid="232" durationms="1.784" usertimems="4.968" systemtimems="2.553" timestamp="2019-08-09T17:53:14.791" activeThreads="16">
  <mem-info id="237" free="1719416" total="10747904" percent="15">
    <mem type="nursery" free="1038080" total="4325376" percent="23">
      <mem type="allocate" free="1038080" total="2555904" percent="40" />
      <mem type="survivor" free="0" total="1769472" percent="0" />
    </mem>
    <mem type="tenure" free="681336" total="6422528" percent="10">
      <mem type="soa" free="360824" total="6102016" percent="5" />
      <mem type="loa" free="320512" total="320512" percent="100" />
    </mem>
    <remembered-set count="148" />
  </mem-info>
</gc-end>
<cycle-end id="238" type="scavenge" contextid="232" timestamp="2019-08-09T17:53:14.791" />
  <attribute name="elasticGC enabled" value="1" />
  <attribute name= "numThreadsSpecified" value="16" />
  <attribute name="heapSize specified" value="8781824" />
  <attribute name="Current GC Util" value="21" />
  <attribute name= "Current Time Running" value="722" />
  <attribute name ="GC Interval" value="2145" />
  <attribute name="Target GC Util Change" value ="80.000000" />
  <attribute name="Current GC Util Change" value="21.000000"/>
  <attribute name="Current Error" value="113.000000" />
  <attribute name="Output H" value="10823720"/>
  <attribute name="Output I" value="2144"/>
  <attribute name="Output T" value="16"/>
  <attribute name= "Current Time Running" value="722" />
  <attribute name="GC Util currently" value="21" />
  <attribute name="CPU Util currently" value="35757687796" />
<allocation-satisfied id="239" threadId="0000000001367F00" bytesRequested="65712" />
<af-end id="240" timestamp="2019-08-09T17:53:14.791" threadId="0000000001368888" success="true" from="nursery"/>
<exclusive-end id="241" timestamp="2019-08-09T17:53:14.791" durationms="1.961" />

<concurrent-kickoff id="242" timestamp="2019-08-09T17:53:15.649">
  <kickoff reason="threshold reached" targetBytes="1906205" thresholdFreeBytes="263967"  remainingFree="255568" tenureFreeBytes="680048" nurseryFreeBytes="255568" />
</concurrent-kickoff>
<exclusive-start id="243" timestamp="2019-08-09T17:53:15.650" intervalms="860.501">
  <response-info timems="0.129" idlems="0.129" threads="0" lastid="0000000001673E00" lastname="node-1" />
</exclusive-start>
<cycle-start id="244" type="global" contextid="0" timestamp="2019-08-09T17:53:15.650" intervalms="1342.360" />
<exclusive-end id="245" timestamp="2019-08-09T17:53:15.650" durationms="0.029" />

<exclusive-start id="246" timestamp="2019-08-09T17:53:16.158" intervalms="507.985">
  <response-info timems="1.172" idlems="0.666" threads="2" lastid="0000000001695900" lastname="node-17" />
</exclusive-start>
<concurrent-collection-start id="247" timestamp="2019-08-09T17:53:16.158" intervalms="2155.697" >
  <concurrent-trace-info reason="card cleaning threshold reached" tracedByMutators="139944" tracedByHelpers="3998836" cardsCleaned="9" workStackOverflowCount="0" />
</concurrent-collection-start>
<gc-start id="248" type="global" contextid="244" timestamp="2019-08-09T17:53:16.158">
  <mem-info id="249" free="751472" total="10747904" percent="6">
    <mem type="nursery" free="71424" total="4325376" percent="1">
      <mem type="allocate" free="71424" total="2555904" percent="2" />
      <mem type="survivor" free="0" total="1769472" percent="0" />
    </mem>
    <mem type="tenure" free="680048" total="6422528" percent="10">
      <mem type="soa" free="359536" total="6102016" percent="5" />
      <mem type="loa" free="320512" total="320512" percent="100" />
    </mem>
    <remembered-set count="272" />
  </mem-info>
</gc-start>
<allocation-stats totalBytes="960832" >
  <allocated-bytes non-tlh="67000" tlh="893832" />
  <largest-consumer threadName="main" threadId="0000000001367F00" bytes="196520" />
</allocation-stats>
<gc-op id="250" type="rs-scan" timems="2.847" contextid="244" timestamp="2019-08-09T17:53:16.161">
  <scan objectsFound="187" bytesTraced="12408" workStackOverflowCount="0" />
</gc-op>
<gc-op id="251" type="card-cleaning" timems="3.415" contextid="244" timestamp="2019-08-09T17:53:16.164">
  <card-cleaning cardsCleaned="7" bytesTraced="1192020" workStackOverflowCount="0" />
</gc-op>
<gc-op id="252" type="mark" timems="8.775" contextid="244" timestamp="2019-08-09T17:53:16.173">
  <trace-info objectcount="362" scancount="319" scanbytes="7540" />
  <finalization candidates="13" enqueued="0" />
  <references type="soft" candidates="66" cleared="0" enqueued="0" dynamicThreshold="28" maxThreshold="32" />
  <references type="weak" candidates="132" cleared="2" enqueued="2" />
  <references type="phantom" candidates="35" cleared="2" enqueued="2" />
  <stringconstants candidates="3834" cleared="0"  />
</gc-op>
<gc-op id="253" type="sweep" timems="4.051" contextid="244" timestamp="2019-08-09T17:53:16.177" />
<mem-info id="254" free="2029072" total="10747904" percent="18">
  <mem type="nursery" free="1051744" total="4325376" percent="24">
    <mem type="allocate" free="1051744" total="2555904" percent="41" />
    <mem type="survivor" free="0" total="1769472" percent="0" />
  </mem>
  <mem type="tenure" free="977328" total="6422528" percent="15" micro-fragmented="768" macro-fragmented="0">
    <mem type="soa" free="656816" total="6102016" percent="10" />
    <mem type="loa" free="320512" total="320512" percent="100" />
  </mem>
  <pending-finalizers system="0" default="0" reference="4" classloader="0" />
  <remembered-set count="264" />
</mem-info>
<gc-op id="255" type="compact" timems="82.280" contextid="244" timestamp="2019-08-09T17:53:16.259">
  <compact-info movecount="139869" movebytes="6582680" reason="compact to aid heap contraction" />
</gc-op>
<heap-resize id="256" type="expand" space="tenure" amount="131072" count="1" timems="0.020" reason="satisfy allocation request" timestamp="2019-08-09T17:53:16.260" />
<gc-end id="257" type="global" contextid="244" durationms="102.083" usertimems="102.479" systemtimems="5.919" timestamp="2019-08-09T17:53:16.260" activeThreads="16">
  <mem-info id="258" free="2210440" total="10878976" percent="20">
    <mem type="nursery" free="1096600" total="4325376" percent="25">
      <mem type="allocate" free="1096600" total="2555904" percent="42" />
      <mem type="survivor" free="0" total="1769472" percent="0" />
    </mem>
    <mem type="tenure" free="1113840" total="6553600" percent="16">
      <mem type="soa" free="786160" total="6225920" percent="12" />
      <mem type="loa" free="327680" total="327680" percent="100" />
    </mem>
    <pending-finalizers system="0" default="0" reference="4" classloader="0" />
    <remembered-set count="264" />
  </mem-info>
</gc-end>
<cycle-end id="259" type="global" contextid="244" timestamp="2019-08-09T17:53:16.260" />
  <attribute name="elasticGC enabled" value="1" />
  <attribute name= "numThreadsSpecified" value="16" />
  <attribute name="heapSize specified" value="10747904" />
  <attribute name="Current GC Util" value="31" />
  <attribute name= "Current Time Running" value="2192" />
  <attribute name ="GC Interval" value="2145" />
  <attribute name="Target GC Util Change" value ="80.000000" />
  <attribute name="Current GC Util Change" value="31.000000"/>
  <attribute name="Current Error" value="87.000000" />
  <attribute name="Output H" value="10823688"/>
  <attribute name="Output I" value="2112"/>
  <attribute name="Output T" value="16"/>
  <attribute name= "Current Time Running" value="2192" />
  <attribute name="GC Util currently" value="31" />
  <attribute name="CPU Util currently" value="14006867237" />
<concurrent-collection-end id="260" timestamp="2019-08-09T17:53:16.260" />
<exclusive-end id="261" timestamp="2019-08-09T17:53:16.260" durationms="102.306" />

<concurrent-kickoff id="262" timestamp="2019-08-09T17:53:17.948">
  <kickoff reason="threshold reached" targetBytes="2351766" thresholdFreeBytes="325419"  remainingFree="310168" tenureFreeBytes="1113840" nurseryFreeBytes="310168" />
</concurrent-kickoff>
<exclusive-start id="263" timestamp="2019-08-09T17:53:17.949" intervalms="1791.402">
  <response-info timems="0.580" idlems="0.580" threads="0" lastid="000000000169D100" lastname="node-0" />
</exclusive-start>
<cycle-start id="264" type="global" contextid="0" timestamp="2019-08-09T17:53:17.949" intervalms="2299.397" />
<exclusive-end id="265" timestamp="2019-08-09T17:53:17.949" durationms="0.046" />

<exclusive-start id="266" timestamp="2019-08-09T17:53:18.446" intervalms="496.744">
  <response-info timems="0.103" idlems="0.103" threads="0" lastid="0000000001677A00" lastname="node-3" />
</exclusive-start>
<concurrent-collection-start id="267" timestamp="2019-08-09T17:53:18.446" intervalms="2288.312" >
  <concurrent-trace-info reason="card cleaning threshold reached" tracedByMutators="290004" tracedByHelpers="3852148" cardsCleaned="20" workStackOverflowCount="0" />
</concurrent-collection-start>
<gc-start id="268" type="global" contextid="264" timestamp="2019-08-09T17:53:18.446">
  <mem-info id="269" free="1170056" total="10878976" percent="10">
    <mem type="nursery" free="56216" total="4325376" percent="1">
      <mem type="allocate" free="56216" total="2555904" percent="2" />
      <mem type="survivor" free="0" total="1769472" percent="0" />
    </mem>
    <mem type="tenure" free="1113840" total="6553600" percent="16">
      <mem type="soa" free="786160" total="6225920" percent="12" />
      <mem type="loa" free="327680" total="327680" percent="100" />
    </mem>
    <remembered-set count="271" />
  </mem-info>
</gc-start>
<allocation-stats totalBytes="1039056" >
  <allocated-bytes non-tlh="0" tlh="1039056" />
  <largest-consumer threadName="node-3" threadId="0000000001677A00" bytes="180160" />
</allocation-stats>
<gc-op id="270" type="rs-scan" timems="5.703" contextid="264" timestamp="2019-08-09T17:53:18.452">
  <scan objectsFound="183" bytesTraced="12600" workStackOverflowCount="0" />
</gc-op>
<gc-op id="271" type="card-cleaning" timems="1.852" contextid="264" timestamp="2019-08-09T17:53:18.454">
  <card-cleaning cardsCleaned="12" bytesTraced="1192784" workStackOverflowCount="0" />
</gc-op>
<gc-op id="272" type="mark" timems="5.515" contextid="264" timestamp="2019-08-09T17:53:18.459">
  <trace-info objectcount="357" scancount="315" scanbytes="7388" />
  <finalization candidates="13" enqueued="0" />
  <references type="soft" candidates="66" cleared="0" enqueued="0" dynamicThreshold="5" maxThreshold="32" />
  <references type="weak" candidates="130" cleared="0" enqueued="0" />
  <references type="phantom" candidates="33" cleared="0" enqueued="0" />
  <stringconstants candidates="3834" cleared="0"  />
</gc-op>
<gc-op id="273" type="sweep" timems="2.117" contextid="264" timestamp="2019-08-09T17:53:18.461" />
<mem-info id="274" free="2203144" total="10878976" percent="20">
  <mem type="nursery" free="1089304" total="4325376" percent="25">
    <mem type="allocate" free="1089304" total="2555904" percent="42" />
    <mem type="survivor" free="0" total="1769472" percent="0" />
  </mem>
  <mem type="tenure" free="1113840" total="6553600" percent="16" micro-fragmented="0" macro-fragmented="0">
    <mem type="soa" free="786160" total="6225920" percent="12" />
    <mem type="loa" free="327680" total="327680" percent="100" />
  </mem>
  <remembered-set count="264" />
</mem-info>
<gc-op id="275" type="compact" timems="57.061" contextid="264" timestamp="2019-08-09T17:53:18.519">
  <compact-info movecount="127878" movebytes="6042888" reason="compact to aid heap contraction" />
</gc-op>
<heap-resize id="276" type="expand" space="tenure" amount="131072" count="1" timems="0.019" reason="satisfy allocation request" timestamp="2019-08-09T17:53:18.519" />
<gc-end id="277" type="global" contextid="264" durationms="72.947" usertimems="86.098" systemtimems="8.819" timestamp="2019-08-09T17:53:18.519" activeThreads="16">
  <mem-info id="278" free="2343208" total="11010048" percent="21">
    <mem type="nursery" free="1098120" total="4325376" percent="25">
      <mem type="allocate" free="1098120" total="2555904" percent="42" />
      <mem type="survivor" free="0" total="1769472" percent="0" />
    </mem>
    <mem type="tenure" free="1245088" total="6684672" percent="18">
      <mem type="soa" free="911264" total="6350848" percent="14" />
      <mem type="loa" free="333824" total="333824" percent="100" />
    </mem>
    <remembered-set count="264" />
  </mem-info>
</gc-end>
<cycle-end id="279" type="global" contextid="264" timestamp="2019-08-09T17:53:18.519" />
  <attribute name="elasticGC enabled" value="1" />
  <attribute name= "numThreadsSpecified" value="16" />
  <attribute name="heapSize specified" value="10878976" />
  <attribute name="Current GC Util" value="41" />
  <attribute name= "Current Time Running" value="4452" />
  <attribute name ="GC Interval" value="2145" />
  <attribute name="Target GC Util Change" value ="80.000000" />
  <attribute name="Current GC Util Change" value="41.000000"/>
  <attribute name="Current Error" value="-117.000000" />
  <attribute name="Output H" value="10954528"/>
  <attribute name="Output I" value="1880"/>
  <attribute name="Output T" value="16"/>
  <attribute name= "Current Time Running" value="4452" />
  <attribute name="GC Util currently" value="41" />
  <attribute name="CPU Util currently" value="20187323512" />
<concurrent-collection-end id="280" timestamp="2019-08-09T17:53:18.519" />
<exclusive-end id="281" timestamp="2019-08-09T17:53:18.519" durationms="73.503" />

<concurrent-kickoff id="282" timestamp="2019-08-09T17:53:19.577">
  <kickoff reason="threshold reached" targetBytes="2733643" thresholdFreeBytes="378159"  remainingFree="356744" tenureFreeBytes="1245088" nurseryFreeBytes="356744" />
</concurrent-kickoff>
<exclusive-start id="283" timestamp="2019-08-09T17:53:19.577" intervalms="1131.278">
  <response-info timems="0.081" idlems="0.081" threads="0" lastid="0000000001677A00" lastname="node-3" />
</exclusive-start>
<cycle-start id="284" type="global" contextid="0" timestamp="2019-08-09T17:53:19.577" intervalms="1628.003" />
<exclusive-end id="285" timestamp="2019-08-09T17:53:19.577" durationms="0.021" />

<exclusive-start id="286" timestamp="2019-08-09T17:53:19.942" intervalms="365.049">
  <response-info timems="0.210" idlems="0.119" threads="1" lastid="000000000169D100" lastname="node-0" />
</exclusive-start>
<concurrent-collection-start id="287" timestamp="2019-08-09T17:53:19.942" intervalms="1496.161" >
  <concurrent-trace-info reason="card cleaning threshold reached" tracedByMutators="99852" tracedByHelpers="4046868" cardsCleaned="29" workStackOverflowCount="0" />
</concurrent-collection-start>
<gc-start id="288" type="global" contextid="284" timestamp="2019-08-09T17:53:19.942">
  <mem-info id="289" free="1368360" total="11010048" percent="12">
    <mem type="nursery" free="123272" total="4325376" percent="2">
      <mem type="allocate" free="123272" total="2555904" percent="4" />
      <mem type="survivor" free="0" total="1769472" percent="0" />
    </mem>
    <mem type="tenure" free="1245088" total="6684672" percent="18">
      <mem type="soa" free="911264" total="6350848" percent="14" />
      <mem type="loa" free="333824" total="333824" percent="100" />
    </mem>
    <remembered-set count="267" />
  </mem-info>
</gc-start>
<allocation-stats totalBytes="973480" >
  <allocated-bytes non-tlh="0" tlh="973480" />
  <largest-consumer threadName="node-5" threadId="0000000001691D00" bytes="122864" />
</allocation-stats>
<gc-op id="290" type="rs-scan" timems="0.907" contextid="284" timestamp="2019-08-09T17:53:19.943">
  <scan objectsFound="167" bytesTraced="11464" workStackOverflowCount="0" />
</gc-op>
<gc-op id="291" type="card-cleaning" timems="2.217" contextid="284" timestamp="2019-08-09T17:53:19.946">
  <card-cleaning cardsCleaned="28" bytesTraced="1198192" workStackOverflowCount="0" />
</gc-op>
<gc-op id="292" type="mark" timems="7.792" contextid="284" timestamp="2019-08-09T17:53:19.953">
  <trace-info objectcount="358" scancount="315" scanbytes="7436" />
  <finalization candidates="13" enqueued="0" />
  <references type="soft" candidates="66" cleared="0" enqueued="0" dynamicThreshold="5" maxThreshold="32" />
  <references type="weak" candidates="130" cleared="0" enqueued="0" />
  <references type="phantom" candidates="33" cleared="0" enqueued="0" />
  <stringconstants candidates="3834" cleared="0"  />
</gc-op>
<gc-op id="293" type="sweep" timems="4.254" contextid="284" timestamp="2019-08-09T17:53:19.958" />
<mem-info id="294" free="2337304" total="11010048" percent="21">
  <mem type="nursery" free="1092216" total="4325376" percent="25">
    <mem type="allocate" free="1092216" total="2555904" percent="42" />
    <mem type="survivor" free="0" total="1769472" percent="0" />
  </mem>
  <mem type="tenure" free="1245088" total="6684672" percent="18" micro-fragmented="0" macro-fragmented="27173">
    <mem type="soa" free="911264" total="6350848" percent="14" />
    <mem type="loa" free="333824" total="333824" percent="100" />
  </mem>
  <remembered-set count="265" />
</mem-info>
<gc-op id="295" type="compact" timems="16.918" contextid="284" timestamp="2019-08-09T17:53:19.975">
  <compact-info movecount="34242" movebytes="2302640" reason="compact to aid heap contraction" />
</gc-op>
<heap-resize id="296" type="expand" space="tenure" amount="131072" count="1" timems="0.018" reason="satisfy allocation request" timestamp="2019-08-09T17:53:19.975" />
<gc-end id="297" type="global" contextid="284" durationms="33.418" usertimems="33.850" systemtimems="20.252" timestamp="2019-08-09T17:53:19.976" activeThreads="16">
  <mem-info id="298" free="2473912" total="11141120" percent="22">
    <mem type="nursery" free="1097720" total="4325376" percent="25">
      <mem type="allocate" free="1097720" total="2555904" percent="42" />
      <mem type="survivor" free="0" total="1769472" percent="0" />
    </mem>
    <mem type="tenure" free="1376192" total="6815744" percent="20">
      <mem type="soa" free="1036224" total="6475776" percent="16" />
      <mem type="loa" free="339968" total="339968" percent="100" />
    </mem>
    <remembered-set count="265" />
  </mem-info>
</gc-end>
<cycle-end id="299" type="global" contextid="284" timestamp="2019-08-09T17:53:19.976" />
  <attribute name="elasticGC enabled" value="1" />
  <attribute name= "numThreadsSpecified" value="16" />
  <attribute name="heapSize specified" value="11010048" />
  <attribute name="Current GC Util" value="101" />
  <attribute name= "Current Time Running" value="5908" />
  <attribute name ="GC Interval" value="2145" />
  <attribute name="Target GC Util Change" value ="80.000000" />
  <attribute name="Current GC Util Change" value="101.000000"/>
  <attribute name="Current Error" value="-95.000000" />
  <attribute name="Output H" value="11085624"/>
  <attribute name="Output I" value="1904"/>
  <attribute name="Output T" value="16"/>
  <attribute name= "Current Time Running" value="5908" />
  <attribute name="GC Util currently" value="101" />
  <attribute name="CPU Util currently" value="67595314559" />
<concurrent-collection-end id="300" timestamp="2019-08-09T17:53:19.976" />
<exclusive-end id="301" timestamp="2019-08-09T17:53:19.976" durationms="33.613" />

<concurrent-kickoff id="302" timestamp="2019-08-09T17:53:20.695">
  <kickoff reason="threshold reached" targetBytes="3057290" thresholdFreeBytes="422890"  remainingFree="405496" tenureFreeBytes="1376192" nurseryFreeBytes="405496" />
</concurrent-kickoff>
<exclusive-start id="303" timestamp="2019-08-09T17:53:20.697" intervalms="755.072">
  <response-info timems="1.758" idlems="1.758" threads="0" lastid="000000000169D100" lastname="node-0" />
</exclusive-start>
<cycle-start id="304" type="global" contextid="0" timestamp="2019-08-09T17:53:20.697" intervalms="1120.145" />
<exclusive-end id="305" timestamp="2019-08-09T17:53:20.697" durationms="0.044" />

<exclusive-start id="306" timestamp="2019-08-09T17:53:21.042" intervalms="344.407">
  <response-info timems="0.913" idlems="0.913" threads="0" lastid="000000000165D700" lastname="node-2" />
</exclusive-start>
<concurrent-collection-start id="307" timestamp="2019-08-09T17:53:21.042" intervalms="1100.241" >
  <concurrent-trace-info reason="card cleaning threshold reached" tracedByMutators="105108" tracedByHelpers="4043036" cardsCleaned="33" workStackOverflowCount="0" />
</concurrent-collection-start>
<gc-start id="308" type="global" contextid="304" timestamp="2019-08-09T17:53:21.042">
  <mem-info id="309" free="1503160" total="11141120" percent="13">
    <mem type="nursery" free="126968" total="4325376" percent="2">
      <mem type="allocate" free="126968" total="2555904" percent="4" />
      <mem type="survivor" free="0" total="1769472" percent="0" />
    </mem>
    <mem type="tenure" free="1376192" total="6815744" percent="20">
      <mem type="soa" free="1036224" total="6475776" percent="16" />
      <mem type="loa" free="339968" total="339968" percent="100" />
    </mem>
    <remembered-set count="265" />
  </mem-info>
</gc-start>
<allocation-stats totalBytes="967944" >
  <allocated-bytes non-tlh="0" tlh="967944" />
  <largest-consumer threadName="node-5" threadId="0000000001691D00" bytes="106144" />
</allocation-stats>
<gc-op id="310" type="rs-scan" timems="1.743" contextid="304" timestamp="2019-08-09T17:53:21.044">
  <scan objectsFound="180" bytesTraced="12648" workStackOverflowCount="0" />
</gc-op>
<gc-op id="311" type="card-cleaning" timems="2.417" contextid="304" timestamp="2019-08-09T17:53:21.047">
  <card-cleaning cardsCleaned="20" bytesTraced="1193444" workStackOverflowCount="0" />
</gc-op>
<gc-op id="312" type="mark" timems="4.511" contextid="304" timestamp="2019-08-09T17:53:21.051">
  <trace-info objectcount="352" scancount="311" scanbytes="7356" />
  <finalization candidates="13" enqueued="0" />
  <references type="soft" candidates="66" cleared="0" enqueued="0" dynamicThreshold="6" maxThreshold="32" />
  <references type="weak" candidates="130" cleared="0" enqueued="0" />
  <references type="phantom" candidates="33" cleared="0" enqueued="0" />
  <stringconstants candidates="3834" cleared="0"  />
</gc-op>
<gc-op id="313" type="sweep" timems="1.354" contextid="304" timestamp="2019-08-09T17:53:21.053" />
<mem-info id="314" free="2474000" total="11141120" percent="22">
  <mem type="nursery" free="1097808" total="4325376" percent="25">
    <mem type="allocate" free="1097808" total="2555904" percent="42" />
    <mem type="survivor" free="0" total="1769472" percent="0" />
  </mem>
  <mem type="tenure" free="1376192" total="6815744" percent="20" micro-fragmented="0" macro-fragmented="0">
    <mem type="soa" free="1036224" total="6475776" percent="16" />
    <mem type="loa" free="339968" total="339968" percent="100" />
  </mem>
  <remembered-set count="264" />
</mem-info>
<gc-op id="315" type="compact" timems="16.494" contextid="304" timestamp="2019-08-09T17:53:21.070">
  <compact-info movecount="25748" movebytes="1497560" reason="compact to aid heap contraction" />
</gc-op>
<heap-resize id="316" type="expand" space="tenure" amount="131072" count="1" timems="0.019" reason="satisfy allocation request" timestamp="2019-08-09T17:53:21.070" />
<gc-end id="317" type="global" contextid="304" durationms="28.043" usertimems="28.694" systemtimems="15.818" timestamp="2019-08-09T17:53:21.071" activeThreads="16">
  <mem-info id="318" free="2609600" total="11272192" percent="23">
    <mem type="nursery" free="1102320" total="4325376" percent="25">
      <mem type="allocate" free="1102320" total="2555904" percent="43" />
      <mem type="survivor" free="0" total="1769472" percent="0" />
    </mem>
    <mem type="tenure" free="1507280" total="6946816" percent="21">
      <mem type="soa" free="1160144" total="6599680" percent="17" />
      <mem type="loa" free="347136" total="347136" percent="100" />
    </mem>
    <remembered-set count="264" />
  </mem-info>
</gc-end>
<cycle-end id="319" type="global" contextid="304" timestamp="2019-08-09T17:53:21.071" />
  <attribute name="elasticGC enabled" value="1" />
  <attribute name= "numThreadsSpecified" value="16" />
  <attribute name="heapSize specified" value="11141120" />
  <attribute name="Current GC Util" value="104" />
  <attribute name= "Current Time Running" value="7003" />
  <attribute name ="GC Interval" value="2145" />
  <attribute name="Target GC Util Change" value ="80.000000" />
  <attribute name="Current GC Util Change" value="104.000000"/>
  <attribute name="Current Error" value="-88.000000" />
  <attribute name="Output H" value="11216704"/>
  <attribute name="Output I" value="1912"/>
  <attribute name="Output T" value="16"/>
  <attribute name= "Current Time Running" value="7003" />
  <attribute name="GC Util currently" value="104" />
  <attribute name="CPU Util currently" value="69818433786" />
<concurrent-collection-end id="320" timestamp="2019-08-09T17:53:21.071" />
<exclusive-end id="321" timestamp="2019-08-09T17:53:21.071" durationms="29.136" />

<exclusive-start id="322" timestamp="2019-08-09T17:53:21.906" intervalms="864.115">
  <response-info timems="0.131" idlems="0.131" threads="0" lastid="0000000001670200" lastname="node-10" />
</exclusive-start>
<af-start id="323" threadId="0000000001670B88" totalBytesRequested="24" timestamp="2019-08-09T17:53:21.906" intervalms="7116.681" type="nursery" />
<cycle-start id="324" type="scavenge" contextid="0" timestamp="2019-08-09T17:53:21.906" intervalms="7116.694" />
<gc-start id="325" type="scavenge" contextid="324" timestamp="2019-08-09T17:53:21.906">
  <mem-info id="326" free="1507280" total="11272192" percent="13">
    <mem type="nursery" free="0" total="4325376" percent="0">
      <mem type="allocate" free="0" total="2555904" percent="0" />
      <mem type="survivor" free="0" total="1769472" percent="0" />
    </mem>
    <mem type="tenure" free="1507280" total="6946816" percent="21">
      <mem type="soa" free="1160144" total="6599680" percent="17" />
      <mem type="loa" free="347136" total="347136" percent="100" />
    </mem>
    <remembered-set count="264" />
  </mem-info>
</gc-start>
<allocation-stats totalBytes="1099440" >
  <allocated-bytes non-tlh="0" tlh="1099440" />
  <largest-consumer threadName="node-5" threadId="0000000001691D00" bytes="105600" />
</allocation-stats>
<gc-op id="327" type="scavenge" timems="2.721" contextid="324" timestamp="2019-08-09T17:53:21.909">
  <scavenger-info tenureage="1" tenuremask="fffe" tiltratio="59" />
  <memory-copied type="nursery" objects="3890" bytes="189104" bytesdiscarded="217168" />
  <memory-copied type="tenure" objects="19167" bytes="1264888" bytesdiscarded="1288" />
  <heap-resize type="expand" space="tenure" amount="327680" count="5" timems="0.072" reason="continue current collection" />
</gc-op>
<gc-end id="328" type="scavenge" contextid="324" durationms="3.087" usertimems="1.435" systemtimems="6.028" timestamp="2019-08-09T17:53:21.909" activeThreads="16">
  <mem-info id="329" free="2527232" total="11599872" percent="21">
    <mem type="nursery" free="2149632" total="4325376" percent="49">
      <mem type="allocate" free="2149632" total="2555904" percent="84" />
      <mem type="survivor" free="0" total="1769472" percent="0" />
    </mem>
    <mem type="tenure" free="377600" total="7274496" percent="5" macro-fragmented="348889">
      <mem type="soa" free="14080" total="6910976" percent="0" />
      <mem type="loa" free="363520" total="363520" percent="100" />
    </mem>
    <remembered-set count="262" />
  </mem-info>
</gc-end>
<cycle-end id="330" type="scavenge" contextid="324" timestamp="2019-08-09T17:53:21.909" />
  <attribute name="elasticGC enabled" value="1" />
  <attribute name= "numThreadsSpecified" value="16" />
  <attribute name="heapSize specified" value="11141120" />
  <attribute name="Current GC Util" value="1" />
  <attribute name= "Current Time Running" value="7839" />
  <attribute name ="GC Interval" value="2105" />
  <attribute name="Target GC Util Change" value ="80.000000" />
  <attribute name="Current GC Util Change" value="1.000000"/>
  <attribute name="Current Error" value="79.000000" />
  <attribute name="Output H" value="11347968"/>
  <attribute name="Output I" value="2104"/>
  <attribute name="Output T" value="16"/>
  <attribute name= "Current Time Running" value="7839" />
  <attribute name="GC Util currently" value="1" />
  <attribute name="CPU Util currently" value="16" />
<allocation-satisfied id="331" threadId="0000000001670200" bytesRequested="24" />
<af-end id="332" timestamp="2019-08-09T17:53:21.909" threadId="0000000001670B88" success="true" from="nursery"/>
<exclusive-end id="333" timestamp="2019-08-09T17:53:21.909" durationms="3.456" />

<concurrent-kickoff id="334" timestamp="2019-08-09T17:53:22.634">
  <kickoff reason="threshold reached" targetBytes="3485342" thresholdFreeBytes="482024"  remainingFree="478440" tenureFreeBytes="377600" nurseryFreeBytes="478440" />
</concurrent-kickoff>
<exclusive-start id="335" timestamp="2019-08-09T17:53:22.636" intervalms="729.930">
  <response-info timems="1.739" idlems="1.739" threads="0" lastid="000000000168A600" lastname="node-4" />
</exclusive-start>
<cycle-start id="336" type="global" contextid="0" timestamp="2019-08-09T17:53:22.636" intervalms="1938.429" />
<exclusive-end id="337" timestamp="2019-08-09T17:53:22.636" durationms="0.020" />

<exclusive-start id="338" timestamp="2019-08-09T17:53:22.892" intervalms="256.271">
  <response-info timems="0.090" idlems="0.050" threads="1" lastid="00000000016A8500" lastname="node-11" />
</exclusive-start>
<concurrent-collection-start id="339" timestamp="2019-08-09T17:53:22.892" intervalms="1849.656" >
  <concurrent-trace-info reason="card cleaning threshold reached" tracedByMutators="596560" tracedByHelpers="4574604" cardsCleaned="55" workStackOverflowCount="0" />
</concurrent-collection-start>
<gc-start id="340" type="global" contextid="336" timestamp="2019-08-09T17:53:22.892">
  <mem-info id="341" free="503784" total="11599872" percent="4">
    <mem type="nursery" free="126184" total="4325376" percent="2">
      <mem type="allocate" free="126184" total="2555904" percent="4" />
      <mem type="survivor" free="0" total="1769472" percent="0" />
    </mem>
    <mem type="tenure" free="377600" total="7274496" percent="5">
      <mem type="soa" free="14080" total="6910976" percent="0" />
      <mem type="loa" free="363520" total="363520" percent="100" />
    </mem>
    <remembered-set count="281" />
  </mem-info>
</gc-start>
<allocation-stats totalBytes="2020216" >
  <allocated-bytes non-tlh="24" tlh="2020192" />
  <largest-consumer threadName="node-8" threadId="000000000168E200" bytes="159696" />
</allocation-stats>
<gc-op id="342" type="rs-scan" timems="1.325" contextid="336" timestamp="2019-08-09T17:53:22.893">
  <scan objectsFound="233" bytesTraced="183800" workStackOverflowCount="0" />
</gc-op>
<gc-op id="343" type="card-cleaning" timems="1.683" contextid="336" timestamp="2019-08-09T17:53:22.895">
  <card-cleaning cardsCleaned="0" bytesTraced="1140" workStackOverflowCount="0" />
</gc-op>
<gc-op id="344" type="mark" timems="7.205" contextid="336" timestamp="2019-08-09T17:53:22.902">
  <trace-info objectcount="383" scancount="331" scanbytes="7684" />
  <finalization candidates="13" enqueued="0" />
  <references type="soft" candidates="66" cleared="0" enqueued="0" dynamicThreshold="6" maxThreshold="32" />
  <references type="weak" candidates="130" cleared="0" enqueued="0" />
  <references type="phantom" candidates="33" cleared="0" enqueued="0" />
  <stringconstants candidates="3834" cleared="0"  />
</gc-op>
<gc-op id="345" type="sweep" timems="3.674" contextid="336" timestamp="2019-08-09T17:53:22.906" />
<mem-info id="346" free="2912160" total="11599872" percent="25">
  <mem type="nursery" free="2343608" total="4325376" percent="54">
    <mem type="allocate" free="2343608" total="2555904" percent="91" />
    <mem type="survivor" free="0" total="1769472" percent="0" />
  </mem>
  <mem type="tenure" free="568552" total="7274496" percent="7" micro-fragmented="0" macro-fragmented="0">
    <mem type="soa" free="205032" total="6910976" percent="2" />
    <mem type="loa" free="363520" total="363520" percent="100" />
  </mem>
  <remembered-set count="281" />
</mem-info>
<gc-op id="347" type="compact" timems="26.347" contextid="336" timestamp="2019-08-09T17:53:22.933">
  <compact-info movecount="22889" movebytes="1443752" reason="compact to aid heap contraction" />
</gc-op>
<heap-resize id="348" type="expand" space="tenure" amount="131072" count="1" timems="0.052" reason="satisfy allocation request" timestamp="2019-08-09T17:53:22.933" />
<gc-end id="349" type="global" contextid="336" durationms="41.213" usertimems="33.048" systemtimems="25.469" timestamp="2019-08-09T17:53:22.933" activeThreads="1">
  <mem-info id="350" free="3062528" total="11730944" percent="26">
    <mem type="nursery" free="2361560" total="4325376" percent="54">
      <mem type="allocate" free="2361560" total="2555904" percent="92" />
      <mem type="survivor" free="0" total="1769472" percent="0" />
    </mem>
    <mem type="tenure" free="700968" total="7405568" percent="9">
      <mem type="soa" free="331304" total="7035904" percent="4" />
      <mem type="loa" free="369664" total="369664" percent="100" />
    </mem>
    <remembered-set count="281" />
  </mem-info>
</gc-end>
<cycle-end id="351" type="global" contextid="336" timestamp="2019-08-09T17:53:22.933" />
  <attribute name="elasticGC enabled" value="1" />
  <attribute name= "numThreadsSpecified" value="1" />
  <attribute name="heapSize specified" value="11599872" />
  <attribute name="Current GC Util" value="70" />
  <attribute name= "Current Time Running" value="8866" />
  <attribute name ="GC Interval" value="2105" />
  <attribute name="Target GC Util Change" value ="80.000000" />
  <attribute name="Current GC Util Change" value="70.000000"/>
  <attribute name="Current Error" value="-27.000000" />
  <attribute name="Output H" value="11675528"/>
  <attribute name="Output I" value="1984"/>
  <attribute name="Output T" value="1"/>
  <attribute name= "Current Time Running" value="8866" />
  <attribute name="GC Util currently" value="70" />
  <attribute name="CPU Util currently" value="43694372408" />
<concurrent-collection-end id="352" timestamp="2019-08-09T17:53:22.933" />
<exclusive-end id="353" timestamp="2019-08-09T17:53:22.933" durationms="41.487" />

<concurrent-kickoff id="354" timestamp="2019-08-09T17:53:24.267">
  <kickoff reason="threshold reached" targetBytes="3861786" thresholdFreeBytes="533922"  remainingFree="518360" tenureFreeBytes="700968" nurseryFreeBytes="518360" />
</concurrent-kickoff>
<exclusive-start id="355" timestamp="2019-08-09T17:53:24.270" intervalms="1378.139">
  <response-info timems="2.504" idlems="2.504" threads="0" lastid="00000000016A4900" lastname="node-9" />
</exclusive-start>
<cycle-start id="356" type="global" contextid="0" timestamp="2019-08-09T17:53:24.270" intervalms="1634.514" />
<exclusive-end id="357" timestamp="2019-08-09T17:53:24.270" durationms="0.196" />

<exclusive-start id="358" timestamp="2019-08-09T17:53:24.467" intervalms="196.975">
  <response-info timems="0.019" idlems="0.019" threads="0" lastid="0000000001670200" lastname="node-10" />
</exclusive-start>
<concurrent-collection-start id="359" timestamp="2019-08-09T17:53:24.467" intervalms="1575.007" >
  <concurrent-trace-info reason="card cleaning threshold reached" tracedByMutators="127288" tracedByHelpers="5031952" cardsCleaned="31" workStackOverflowCount="0" />
</concurrent-collection-start>
<gc-start id="360" type="global" contextid="356" timestamp="2019-08-09T17:53:24.467">
  <mem-info id="361" free="854784" total="11730944" percent="7">
    <mem type="nursery" free="153816" total="4325376" percent="3">
      <mem type="allocate" free="153816" total="2555904" percent="6" />
      <mem type="survivor" free="0" total="1769472" percent="0" />
    </mem>
    <mem type="tenure" free="700968" total="7405568" percent="9">
      <mem type="soa" free="331304" total="7035904" percent="4" />
      <mem type="loa" free="369664" total="369664" percent="100" />
    </mem>
    <remembered-set count="285" />
  </mem-info>
</gc-start>
<allocation-stats totalBytes="2204072" >
  <allocated-bytes non-tlh="0" tlh="2204072" />
  <largest-consumer threadName="node-3" threadId="0000000001677A00" bytes="143344" />
</allocation-stats>
<gc-op id="362" type="rs-scan" timems="4.354" contextid="356" timestamp="2019-08-09T17:53:24.471">
  <scan objectsFound="174" bytesTraced="175072" workStackOverflowCount="0" />
</gc-op>
<gc-op id="363" type="card-cleaning" timems="2.228" contextid="356" timestamp="2019-08-09T17:53:24.474">
  <card-cleaning cardsCleaned="26" bytesTraced="17836" workStackOverflowCount="0" />
</gc-op>
<gc-op id="364" type="mark" timems="6.407" contextid="356" timestamp="2019-08-09T17:53:24.481">
  <trace-info objectcount="355" scancount="314" scanbytes="7524" />
  <finalization candidates="13" enqueued="0" />
  <references type="soft" candidates="66" cleared="21" enqueued="16" dynamicThreshold="3" maxThreshold="32" />
  <references type="weak" candidates="130" cleared="0" enqueued="0" />
  <references type="phantom" candidates="33" cleared="0" enqueued="0" />
  <stringconstants candidates="3834" cleared="0"  />
</gc-op>
<gc-op id="365" type="sweep" timems="1.478" contextid="356" timestamp="2019-08-09T17:53:24.482" />
<mem-info id="366" free="3071360" total="11730944" percent="26">
  <mem type="nursery" free="2370392" total="4325376" percent="54">
    <mem type="allocate" free="2370392" total="2555904" percent="92" />
    <mem type="survivor" free="0" total="1769472" percent="0" />
  </mem>
  <mem type="tenure" free="700968" total="7405568" percent="9" micro-fragmented="2309" macro-fragmented="2116">
    <mem type="soa" free="331304" total="7035904" percent="4" />
    <mem type="loa" free="369664" total="369664" percent="100" />
  </mem>
  <pending-finalizers system="0" default="0" reference="16" classloader="0" />
  <remembered-set count="285" />
</mem-info>
<gc-op id="367" type="compact" timems="89.505" contextid="356" timestamp="2019-08-09T17:53:24.572">
  <compact-info movecount="138714" movebytes="6601752" reason="compact to aid heap contraction" />
</gc-op>
<heap-resize id="368" type="expand" space="tenure" amount="131072" count="1" timems="0.039" reason="satisfy allocation request" timestamp="2019-08-09T17:53:24.575" />
<gc-end id="369" type="global" contextid="356" durationms="107.753" usertimems="94.065" systemtimems="16.994" timestamp="2019-08-09T17:53:24.575" activeThreads="16">
  <mem-info id="370" free="3207808" total="11862016" percent="27">
    <mem type="nursery" free="2373048" total="4325376" percent="54">
      <mem type="allocate" free="2373048" total="2555904" percent="92" />
      <mem type="survivor" free="0" total="1769472" percent="0" />
    </mem>
    <mem type="tenure" free="834760" total="7536640" percent="11">
      <mem type="soa" free="457928" total="7159808" percent="6" />
      <mem type="loa" free="376832" total="376832" percent="100" />
    </mem>
    <pending-finalizers system="0" default="0" reference="16" classloader="0" />
    <remembered-set count="285" />
  </mem-info>
</gc-end>
<cycle-end id="371" type="global" contextid="356" timestamp="2019-08-09T17:53:24.575" />
  <attribute name="elasticGC enabled" value="1" />
  <attribute name= "numThreadsSpecified" value="16" />
  <attribute name="heapSize specified" value="11730944" />
  <attribute name="Current GC Util" value="11" />
  <attribute name= "Current Time Running" value="10506" />
  <attribute name ="GC Interval" value="2105" />
  <attribute name="Target GC Util Change" value ="80.000000" />
  <attribute name="Current GC Util Change" value="11.000000"/>
  <attribute name="Current Error" value="34.000000" />
  <attribute name="Output H" value="11806664"/>
  <attribute name="Output I" value="2048"/>
  <attribute name="Output T" value="16"/>
  <attribute name= "Current Time Running" value="10506" />
  <attribute name="GC Util currently" value="11" />
  <attribute name="CPU Util currently" value="12797015336" />
<concurrent-collection-end id="372" timestamp="2019-08-09T17:53:24.575" />
<exclusive-end id="373" timestamp="2019-08-09T17:53:24.575" durationms="108.109" />

<concurrent-kickoff id="374" timestamp="2019-08-09T17:53:25.597">
  <kickoff reason="threshold reached" targetBytes="4176327" thresholdFreeBytes="577325"  remainingFree="566712" tenureFreeBytes="834760" nurseryFreeBytes="566712" />
</concurrent-kickoff>
<exclusive-start id="375" timestamp="2019-08-09T17:53:25.598" intervalms="1131.330">
  <response-info timems="1.666" idlems="1.666" threads="0" lastid="0000000001673E00" lastname="node-1" />
</exclusive-start>
<cycle-start id="376" type="global" contextid="0" timestamp="2019-08-09T17:53:25.598" intervalms="1328.226" />
<exclusive-end id="377" timestamp="2019-08-09T17:53:25.598" durationms="0.049" />

<exclusive-start id="378" timestamp="2019-08-09T17:53:25.985" intervalms="386.928">
  <response-info timems="0.201" idlems="0.105" threads="1" lastid="000000000164E700" lastname="node-13" />
</exclusive-start>
<concurrent-collection-start id="379" timestamp="2019-08-09T17:53:25.985" intervalms="1518.266" >
  <concurrent-trace-info reason="card cleaning threshold reached" tracedByMutators="459672" tracedByHelpers="4705900" cardsCleaned="60" workStackOverflowCount="0" />
</concurrent-collection-start>
<gc-start id="380" type="global" contextid="376" timestamp="2019-08-09T17:53:25.985">
  <mem-info id="381" free="922240" total="11862016" percent="7">
    <mem type="nursery" free="87480" total="4325376" percent="2">
      <mem type="allocate" free="87480" total="2555904" percent="3" />
      <mem type="survivor" free="0" total="1769472" percent="0" />
    </mem>
    <mem type="tenure" free="834760" total="7536640" percent="11">
      <mem type="soa" free="457928" total="7159808" percent="6" />
      <mem type="loa" free="376832" total="376832" percent="100" />
    </mem>
    <remembered-set count="304" />
  </mem-info>
</gc-start>
<allocation-stats totalBytes="2283760" >
  <allocated-bytes non-tlh="0" tlh="2283760" />
  <largest-consumer threadName="node-8" threadId="000000000168E200" bytes="143360" />
</allocation-stats>
<gc-op id="382" type="rs-scan" timems="2.265" contextid="376" timestamp="2019-08-09T17:53:25.988">
  <scan objectsFound="238" bytesTraced="181536" workStackOverflowCount="0" />
</gc-op>
<gc-op id="383" type="card-cleaning" timems="1.492" contextid="376" timestamp="2019-08-09T17:53:25.989">
  <card-cleaning cardsCleaned="0" bytesTraced="1220" workStackOverflowCount="0" />
</gc-op>
<gc-op id="384" type="mark" timems="8.861" contextid="376" timestamp="2019-08-09T17:53:25.998">
  <trace-info objectcount="408" scancount="351" scanbytes="8228" />
  <finalization candidates="13" enqueued="0" />
  <references type="soft" candidates="45" cleared="0" enqueued="0" dynamicThreshold="3" maxThreshold="32" />
  <references type="weak" candidates="130" cleared="0" enqueued="0" />
  <references type="phantom" candidates="33" cleared="0" enqueued="0" />
  <stringconstants candidates="3834" cleared="0"  />
</gc-op>
<gc-op id="385" type="sweep" timems="8.540" contextid="376" timestamp="2019-08-09T17:53:26.007" />
<mem-info id="386" free="3187496" total="11862016" percent="26">
  <mem type="nursery" free="2352736" total="4325376" percent="54">
    <mem type="allocate" free="2352736" total="2555904" percent="92" />
    <mem type="survivor" free="0" total="1769472" percent="0" />
  </mem>
  <mem type="tenure" free="834760" total="7536640" percent="11" micro-fragmented="6403" macro-fragmented="0">
    <mem type="soa" free="457928" total="7159808" percent="6" />
    <mem type="loa" free="376832" total="376832" percent="100" />
  </mem>
  <remembered-set count="286" />
</mem-info>
<gc-op id="387" type="compact" timems="91.179" contextid="376" timestamp="2019-08-09T17:53:26.098">
  <compact-info movecount="139535" movebytes="6645896" reason="compact to aid heap contraction" />
</gc-op>
<heap-resize id="388" type="expand" space="tenure" amount="131072" count="1" timems="0.017" reason="satisfy allocation request" timestamp="2019-08-09T17:53:26.099" />
<gc-end id="389" type="global" contextid="376" durationms="113.547" usertimems="105.786" systemtimems="22.731" timestamp="2019-08-09T17:53:26.099" activeThreads="16">
  <mem-info id="390" free="3329248" total="11993088" percent="27">
    <mem type="nursery" free="2360480" total="4325376" percent="54">
      <mem type="allocate" free="2360480" total="2555904" percent="92" />
      <mem type="survivor" free="0" total="1769472" percent="0" />
    </mem>
    <mem type="tenure" free="968768" total="7667712" percent="12">
      <mem type="soa" free="585792" total="7284736" percent="8" />
      <mem type="loa" free="382976" total="382976" percent="100" />
    </mem>
    <remembered-set count="286" />
  </mem-info>
</gc-end>
<cycle-end id="391" type="global" contextid="376" timestamp="2019-08-09T17:53:26.099" />
  <attribute name="elasticGC enabled" value="1" />
  <attribute name= "numThreadsSpecified" value="16" />
  <attribute name="heapSize specified" value="11862016" />
  <attribute name="Current GC Util" value="13" />
  <attribute name= "Current Time Running" value="12031" />
  <attribute name ="GC Interval" value="2105" />
  <attribute name="Target GC Util Change" value ="80.000000" />
  <attribute name="Current GC Util Change" value="13.000000"/>
  <attribute name="Current Error" value="5.000000" />
  <attribute name="Output H" value="11937704"/>
  <attribute name="Output I" value="2016"/>
  <attribute name="Output T" value="16"/>
  <attribute name= "Current Time Running" value="12031" />
  <attribute name="GC Util currently" value="13" />
  <attribute name="CPU Util currently" value="12638047894" />
<concurrent-collection-end id="392" timestamp="2019-08-09T17:53:26.099" />
<exclusive-end id="393" timestamp="2019-08-09T17:53:26.099" durationms="113.705" />

<concurrent-kickoff id="394" timestamp="2019-08-09T17:53:27.282">
  <kickoff reason="threshold reached" targetBytes="4440418" thresholdFreeBytes="613022"  remainingFree="611488" tenureFreeBytes="968768" nurseryFreeBytes="611488" />
</concurrent-kickoff>
<exclusive-start id="395" timestamp="2019-08-09T17:53:27.283" intervalms="1297.489">
  <response-info timems="0.789" idlems="0.789" threads="0" lastid="0000000001686A00" lastname="node-12" />
</exclusive-start>
<cycle-start id="396" type="global" contextid="0" timestamp="2019-08-09T17:53:27.283" intervalms="1684.391" />
<exclusive-end id="397" timestamp="2019-08-09T17:53:27.283" durationms="0.019" />

<exclusive-start id="398" timestamp="2019-08-09T17:53:27.675" intervalms="391.776">
  <response-info timems="0.180" idlems="0.180" threads="0" lastid="00000000016A4900" lastname="node-9" />
</exclusive-start>
<concurrent-collection-start id="399" timestamp="2019-08-09T17:53:27.675" intervalms="1689.262" >
  <concurrent-trace-info reason="card cleaning threshold reached" tracedByMutators="229336" tracedByHelpers="4939660" cardsCleaned="63" workStackOverflowCount="0" />
</concurrent-collection-start>
<gc-start id="400" type="global" contextid="396" timestamp="2019-08-09T17:53:27.675">
  <mem-info id="401" free="1162464" total="11993088" percent="9">
    <mem type="nursery" free="193696" total="4325376" percent="4">
      <mem type="allocate" free="193696" total="2555904" percent="7" />
      <mem type="survivor" free="0" total="1769472" percent="0" />
    </mem>
    <mem type="tenure" free="968768" total="7667712" percent="12">
      <mem type="soa" free="585792" total="7284736" percent="8" />
      <mem type="loa" free="382976" total="382976" percent="100" />
    </mem>
    <remembered-set count="288" />
  </mem-info>
</gc-start>
<allocation-stats totalBytes="2165608" >
  <allocated-bytes non-tlh="0" tlh="2165608" />
  <largest-consumer threadName="node-9" threadId="00000000016A4900" bytes="143328" />
</allocation-stats>
<gc-op id="402" type="rs-scan" timems="5.871" contextid="396" timestamp="2019-08-09T17:53:27.681">
  <scan objectsFound="131" bytesTraced="10472" workStackOverflowCount="0" />
</gc-op>
<gc-op id="403" type="card-cleaning" timems="2.391" contextid="396" timestamp="2019-08-09T17:53:27.683">
  <card-cleaning cardsCleaned="59" bytesTraced="192068" workStackOverflowCount="0" />
</gc-op>
<gc-op id="404" type="mark" timems="3.591" contextid="396" timestamp="2019-08-09T17:53:27.687">
  <trace-info objectcount="385" scancount="341" scanbytes="7964" />
  <finalization candidates="13" enqueued="0" />
  <references type="soft" candidates="45" cleared="0" enqueued="0" dynamicThreshold="4" maxThreshold="32" />
  <references type="weak" candidates="130" cleared="0" enqueued="0" />
  <references type="phantom" candidates="33" cleared="0" enqueued="0" />
  <stringconstants candidates="3834" cleared="0"  />
</gc-op>
<gc-op id="405" type="sweep" timems="2.362" contextid="396" timestamp="2019-08-09T17:53:27.689" />
<mem-info id="406" free="3329752" total="11993088" percent="27">
  <mem type="nursery" free="2360984" total="4325376" percent="54">
    <mem type="allocate" free="2360984" total="2555904" percent="92" />
    <mem type="survivor" free="0" total="1769472" percent="0" />
  </mem>
  <mem type="tenure" free="968768" total="7667712" percent="12" micro-fragmented="0" macro-fragmented="851290">
    <mem type="soa" free="585792" total="7284736" percent="8" />
    <mem type="loa" free="382976" total="382976" percent="100" />
  </mem>
  <remembered-set count="287" />
</mem-info>
<gc-op id="407" type="compact" timems="16.854" contextid="396" timestamp="2019-08-09T17:53:27.706">
  <compact-info movecount="17819" movebytes="1058432" reason="compact to aid heap contraction" />
</gc-op>
<heap-resize id="408" type="expand" space="tenure" amount="131072" count="1" timems="0.031" reason="satisfy allocation request" timestamp="2019-08-09T17:53:27.707" />
<gc-end id="409" type="global" contextid="396" durationms="32.311" usertimems="31.892" systemtimems="29.398" timestamp="2019-08-09T17:53:27.707" activeThreads="16">
  <mem-info id="410" free="3470888" total="12124160" percent="28">
    <mem type="nursery" free="2371032" total="4325376" percent="54">
      <mem type="allocate" free="2371032" total="2555904" percent="92" />
      <mem type="survivor" free="0" total="1769472" percent="0" />
    </mem>
    <mem type="tenure" free="1099856" total="7798784" percent="14">
      <mem type="soa" free="710736" total="7409664" percent="9" />
      <mem type="loa" free="389120" total="389120" percent="100" />
    </mem>
    <remembered-set count="287" />
  </mem-info>
</gc-end>
<cycle-end id="411" type="global" contextid="396" timestamp="2019-08-09T17:53:27.708" />
  <attribute name="elasticGC enabled" value="1" />
  <attribute name= "numThreadsSpecified" value="16" />
  <attribute name="heapSize specified" value="11993088" />
  <attribute name="Current GC Util" value="48" />
  <attribute name= "Current Time Running" value="13639" />
  <attribute name ="GC Interval" value="2105" />
  <attribute name="Target GC Util Change" value ="80.000000" />
  <attribute name="Current GC Util Change" value="48.000000"/>
  <attribute name="Current Error" value="48.000000" />
  <attribute name="Output H" value="12068824"/>
  <attribute name="Output I" value="2064"/>
  <attribute name="Output T" value="16"/>
  <attribute name= "Current Time Running" value="13639" />
  <attribute name="GC Util currently" value="48" />
  <attribute name="CPU Util currently" value="68170753048" />
<concurrent-collection-end id="412" timestamp="2019-08-09T17:53:27.708" />
<exclusive-end id="413" timestamp="2019-08-09T17:53:27.708" durationms="33.663" />

<concurrent-kickoff id="414" timestamp="2019-08-09T17:53:28.714">
  <kickoff reason="threshold reached" targetBytes="4659577" thresholdFreeBytes="643343"  remainingFree="613848" tenureFreeBytes="1099856" nurseryFreeBytes="613848" />
</concurrent-kickoff>
<exclusive-start id="415" timestamp="2019-08-09T17:53:28.714" intervalms="1039.489">
  <response-info timems="0.119" idlems="0.119" threads="0" lastid="0000000001686A00" lastname="node-12" />
</exclusive-start>
<cycle-start id="416" type="global" contextid="0" timestamp="2019-08-09T17:53:28.714" intervalms="1431.275" />
<exclusive-end id="417" timestamp="2019-08-09T17:53:28.714" durationms="0.027" />

<exclusive-start id="418" timestamp="2019-08-09T17:53:28.976" intervalms="261.619">
  <response-info timems="0.207" idlems="0.207" threads="0" lastid="0000000001673E00" lastname="node-1" />
</exclusive-start>
<concurrent-collection-start id="419" timestamp="2019-08-09T17:53:28.976" intervalms="1301.113" >
  <concurrent-trace-info reason="card cleaning threshold reached" tracedByMutators="243036" tracedByHelpers="4934072" cardsCleaned="85" workStackOverflowCount="0" />
</concurrent-collection-start>
<gc-start id="420" type="global" contextid="416" timestamp="2019-08-09T17:53:28.976">
  <mem-info id="421" free="1320488" total="12124160" percent="10">
    <mem type="nursery" free="220632" total="4325376" percent="5">
      <mem type="allocate" free="220632" total="2555904" percent="8" />
      <mem type="survivor" free="0" total="1769472" percent="0" />
    </mem>
    <mem type="tenure" free="1099856" total="7798784" percent="14">
      <mem type="soa" free="710736" total="7409664" percent="9" />
      <mem type="loa" free="389120" total="389120" percent="100" />
    </mem>
    <remembered-set count="288" />
  </mem-info>
</gc-start>
<allocation-stats totalBytes="2147952" >
  <allocated-bytes non-tlh="0" tlh="2147952" />
  <largest-consumer threadName="node-11" threadId="00000000016A8500" bytes="106488" />
</allocation-stats>
<gc-op id="422" type="rs-scan" timems="2.684" contextid="416" timestamp="2019-08-09T17:53:28.978">
  <scan objectsFound="138" bytesTraced="168820" workStackOverflowCount="0" />
</gc-op>
<gc-op id="423" type="card-cleaning" timems="1.725" contextid="416" timestamp="2019-08-09T17:53:28.980">
  <card-cleaning cardsCleaned="50" bytesTraced="30456" workStackOverflowCount="0" />
</gc-op>
<gc-op id="424" type="mark" timems="8.031" contextid="416" timestamp="2019-08-09T17:53:28.988">
  <trace-info objectcount="364" scancount="322" scanbytes="7684" />
  <finalization candidates="13" enqueued="0" />
  <references type="soft" candidates="45" cleared="0" enqueued="0" dynamicThreshold="4" maxThreshold="32" />
  <references type="weak" candidates="130" cleared="0" enqueued="0" />
  <references type="phantom" candidates="33" cleared="0" enqueued="0" />
  <stringconstants candidates="3834" cleared="0"  />
</gc-op>
<gc-op id="425" type="sweep" timems="3.045" contextid="416" timestamp="2019-08-09T17:53:28.991" />
<mem-info id="426" free="3469208" total="12124160" percent="28">
  <mem type="nursery" free="2369352" total="4325376" percent="54">
    <mem type="allocate" free="2369352" total="2555904" percent="92" />
    <mem type="survivor" free="0" total="1769472" percent="0" />
  </mem>
  <mem type="tenure" free="1099856" total="7798784" percent="14" micro-fragmented="0" macro-fragmented="0">
    <mem type="soa" free="710736" total="7409664" percent="9" />
    <mem type="loa" free="389120" total="389120" percent="100" />
  </mem>
  <remembered-set count="287" />
</mem-info>
<gc-op id="427" type="compact" timems="23.569" contextid="416" timestamp="2019-08-09T17:53:29.015">
  <compact-info movecount="22787" movebytes="1442232" reason="compact to aid heap contraction" />
</gc-op>
<heap-resize id="428" type="expand" space="tenure" amount="131072" count="1" timems="0.026" reason="satisfy allocation request" timestamp="2019-08-09T17:53:29.016" />
<gc-end id="429" type="global" contextid="416" durationms="40.476" usertimems="31.262" systemtimems="19.751" timestamp="2019-08-09T17:53:29.016" activeThreads="16">
  <mem-info id="430" free="3605296" total="12255232" percent="29">
    <mem type="nursery" free="2374352" total="4325376" percent="54">
      <mem type="allocate" free="2374352" total="2555904" percent="92" />
      <mem type="survivor" free="0" total="1769472" percent="0" />
    </mem>
    <mem type="tenure" free="1230944" total="7929856" percent="15">
      <mem type="soa" free="834656" total="7533568" percent="11" />
      <mem type="loa" free="396288" total="396288" percent="100" />
    </mem>
    <remembered-set count="287" />
  </mem-info>
</gc-end>
<cycle-end id="431" type="global" contextid="416" timestamp="2019-08-09T17:53:29.017" />
  <attribute name="elasticGC enabled" value="1" />
  <attribute name= "numThreadsSpecified" value="16" />
  <attribute name="heapSize specified" value="12124160" />
  <attribute name="Current GC Util" value="46" />
  <attribute name= "Current Time Running" value="14948" />
  <attribute name ="GC Interval" value="2105" />
  <attribute name="Target GC Util Change" value ="80.000000" />
  <attribute name="Current GC Util Change" value="46.000000"/>
  <attribute name="Current Error" value="-101.000000" />
  <attribute name="Output H" value="12199728"/>
  <attribute name="Output I" value="1896"/>
  <attribute name="Output T" value="16"/>
  <attribute name= "Current Time Running" value="14948" />
  <attribute name="GC Util currently" value="46" />
  <attribute name="CPU Util currently" value="48800910045" />
<concurrent-collection-end id="432" timestamp="2019-08-09T17:53:29.017" />
<exclusive-end id="433" timestamp="2019-08-09T17:53:29.017" durationms="41.034" />

<concurrent-kickoff id="434" timestamp="2019-08-09T17:53:29.731">
  <kickoff reason="threshold reached" targetBytes="4841528" thresholdFreeBytes="668376"  remainingFree="641744" tenureFreeBytes="1230944" nurseryFreeBytes="641744" />
</concurrent-kickoff>
<exclusive-start id="435" timestamp="2019-08-09T17:53:29.731" intervalms="755.762">
  <response-info timems="0.470" idlems="0.173" threads="2" lastid="0000000001673E00" lastname="node-1" />
</exclusive-start>
<cycle-start id="436" type="global" contextid="0" timestamp="2019-08-09T17:53:29.731" intervalms="1017.384" />
<exclusive-end id="437" timestamp="2019-08-09T17:53:29.731" durationms="0.034" />

<exclusive-start id="438" timestamp="2019-08-09T17:53:29.805" intervalms="73.671">
  <response-info timems="0.858" idlems="0.237" threads="3" lastid="000000000167F200" lastname="node-6" />
</exclusive-start>
<concurrent-collection-start id="439" timestamp="2019-08-09T17:53:29.805" intervalms="829.430" >
  <concurrent-trace-info reason="card cleaning threshold reached" tracedByMutators="141132" tracedByHelpers="5029936" cardsCleaned="62" workStackOverflowCount="0" />
</concurrent-collection-start>
<gc-start id="440" type="global" contextid="436" timestamp="2019-08-09T17:53:29.805">
  <mem-info id="441" free="1446704" total="12255232" percent="11">
    <mem type="nursery" free="215760" total="4325376" percent="4">
      <mem type="allocate" free="215760" total="2555904" percent="8" />
      <mem type="survivor" free="0" total="1769472" percent="0" />
    </mem>
    <mem type="tenure" free="1230944" total="7929856" percent="15">
      <mem type="soa" free="834656" total="7533568" percent="11" />
      <mem type="loa" free="396288" total="396288" percent="100" />
    </mem>
    <remembered-set count="289" />
  </mem-info>
</gc-start>
<allocation-stats totalBytes="2157088" >
  <allocated-bytes non-tlh="0" tlh="2157088" />
  <largest-consumer threadName="node-7" threadId="0000000001655F00" bytes="106488" />
</allocation-stats>
<gc-op id="442" type="rs-scan" timems="1.077" contextid="436" timestamp="2019-08-09T17:53:29.806">
  <scan objectsFound="240" bytesTraced="179432" workStackOverflowCount="0" />
</gc-op>
<gc-op id="443" type="card-cleaning" timems="1.103" contextid="436" timestamp="2019-08-09T17:53:29.807">
  <card-cleaning cardsCleaned="0" bytesTraced="1388" workStackOverflowCount="0" />
</gc-op>
<gc-op id="444" type="mark" timems="7.135" contextid="436" timestamp="2019-08-09T17:53:29.815">
  <trace-info objectcount="419" scancount="361" scanbytes="8404" />
  <finalization candidates="13" enqueued="0" />
  <references type="soft" candidates="45" cleared="0" enqueued="0" dynamicThreshold="4" maxThreshold="32" />
  <references type="weak" candidates="130" cleared="0" enqueued="0" />
  <references type="phantom" candidates="33" cleared="0" enqueued="0" />
  <stringconstants candidates="3834" cleared="0"  />
</gc-op>
<gc-op id="445" type="sweep" timems="1.762" contextid="436" timestamp="2019-08-09T17:53:29.816" />
<mem-info id="446" free="3583792" total="12255232" percent="29">
  <mem type="nursery" free="2352848" total="4325376" percent="54">
    <mem type="allocate" free="2352848" total="2555904" percent="92" />
    <mem type="survivor" free="0" total="1769472" percent="0" />
  </mem>
  <mem type="tenure" free="1230944" total="7929856" percent="15" micro-fragmented="0" macro-fragmented="9100">
    <mem type="soa" free="834656" total="7533568" percent="11" />
    <mem type="loa" free="396288" total="396288" percent="100" />
  </mem>
  <remembered-set count="289" />
</mem-info>
<gc-op id="447" type="compact" timems="15.399" contextid="436" timestamp="2019-08-09T17:53:29.832">
  <compact-info movecount="3673" movebytes="189912" reason="compact to aid heap contraction" />
</gc-op>
<heap-resize id="448" type="expand" space="tenure" amount="131072" count="1" timems="0.021" reason="satisfy allocation request" timestamp="2019-08-09T17:53:29.833" />
<gc-end id="449" type="global" contextid="436" durationms="27.463" usertimems="13.148" systemtimems="23.223" timestamp="2019-08-09T17:53:29.833" activeThreads="16">
  <mem-info id="450" free="3725208" total="12386304" percent="30">
    <mem type="nursery" free="2363192" total="4325376" percent="54">
      <mem type="allocate" free="2363192" total="2555904" percent="92" />
      <mem type="survivor" free="0" total="1769472" percent="0" />
    </mem>
    <mem type="tenure" free="1362016" total="8060928" percent="16">
      <mem type="soa" free="959584" total="7658496" percent="12" />
      <mem type="loa" free="402432" total="402432" percent="100" />
    </mem>
    <remembered-set count="289" />
  </mem-info>
</gc-end>
<cycle-end id="451" type="global" contextid="436" timestamp="2019-08-09T17:53:29.833" />
  <attribute name="elasticGC enabled" value="1" />
  <attribute name= "numThreadsSpecified" value="16" />
  <attribute name="heapSize specified" value="12255232" />
  <attribute name="Current GC Util" value="49" />
  <attribute name= "Current Time Running" value="15765" />
  <attribute name ="GC Interval" value="2105" />
  <attribute name="Target GC Util Change" value ="80.000000" />
  <attribute name="Current GC Util Change" value="49.000000"/>
  <attribute name="Current Error" value="31.000000" />
  <attribute name="Output H" value="12330952"/>
  <attribute name="Output I" value="2048"/>
  <attribute name="Output T" value="16"/>
  <attribute name= "Current Time Running" value="15765" />
  <attribute name="GC Util currently" value="49" />
  <attribute name="CPU Util currently" value="74715891744" />
<concurrent-collection-end id="452" timestamp="2019-08-09T17:53:29.833" />
<exclusive-end id="453" timestamp="2019-08-09T17:53:29.833" durationms="27.656" />

<concurrent-kickoff id="454" timestamp="2019-08-09T17:53:30.489">
  <kickoff reason="threshold reached" targetBytes="4987858" thresholdFreeBytes="688732"  remainingFree="638776" tenureFreeBytes="1362016" nurseryFreeBytes="638776" />
</concurrent-kickoff>
<exclusive-start id="455" timestamp="2019-08-09T17:53:30.489" intervalms="684.328">
  <response-info timems="0.380" idlems="0.151" threads="2" lastid="000000000167F200" lastname="node-6" />
</exclusive-start>
<cycle-start id="456" type="global" contextid="0" timestamp="2019-08-09T17:53:30.489" intervalms="757.987" />
<exclusive-end id="457" timestamp="2019-08-09T17:53:30.489" durationms="0.024" />

<exclusive-start id="458" timestamp="2019-08-09T17:53:30.886" intervalms="396.717">
  <response-info timems="0.537" idlems="0.537" threads="0" lastid="000000000166C600" lastname="node-25" />
</exclusive-start>
<af-start id="459" threadId="000000000166CF88" totalBytesRequested="16" timestamp="2019-08-09T17:53:30.886" intervalms="8980.472" type="nursery" />
<percolate-collect id="460" from="nursery" to="global" reason="concurrent mark exhausted" timestamp="2019-08-09T17:53:30.886"/>
<gc-start id="461" type="global" contextid="456" timestamp="2019-08-09T17:53:30.887">
  <mem-info id="462" free="1362016" total="12386304" percent="10">
    <mem type="nursery" free="0" total="4325376" percent="0">
      <mem type="allocate" free="0" total="2555904" percent="0" />
      <mem type="survivor" free="0" total="1769472" percent="0" />
    </mem>
    <mem type="tenure" free="1362016" total="8060928" percent="16">
      <mem type="soa" free="959584" total="7658496" percent="12" />
      <mem type="loa" free="402432" total="402432" percent="100" />
    </mem>
    <remembered-set count="289" />
  </mem-info>
</gc-start>
<allocation-stats totalBytes="2358424" >
  <allocated-bytes non-tlh="0" tlh="2358424" />
  <largest-consumer threadName="node-20" threadId="0000000001652300" bytes="122664" />
</allocation-stats>
<concurrent-halted id="463" timestamp="2019-08-09T17:53:30.887">
  <halted state="Complete" status="exhausted" />
  <traced bytesTarget="4987858" bytesTotal="5170828" bytesByMutator="307548" bytesByHelper="4863280" percent="103" />
  <cards cleaned="70" thresholdBytes="271318" />
</concurrent-halted>
<gc-op id="464" type="rs-scan" timems="2.770" contextid="456" timestamp="2019-08-09T17:53:30.889">
  <scan objectsFound="226" bytesTraced="177816" workStackOverflowCount="0" />
</gc-op>
<gc-op id="465" type="card-cleaning" timems="1.709" contextid="456" timestamp="2019-08-09T17:53:30.891">
  <card-cleaning cardsCleaned="5" bytesTraced="3776" workStackOverflowCount="0" />
</gc-op>
<gc-op id="466" type="mark" timems="6.055" contextid="456" timestamp="2019-08-09T17:53:30.897">
  <trace-info objectcount="415" scancount="355" scanbytes="8332" />
  <finalization candidates="13" enqueued="0" />
  <references type="soft" candidates="45" cleared="0" enqueued="0" dynamicThreshold="5" maxThreshold="32" />
  <references type="weak" candidates="130" cleared="0" enqueued="0" />
  <references type="phantom" candidates="33" cleared="0" enqueued="0" />
  <stringconstants candidates="3834" cleared="0"  />
</gc-op>
<gc-op id="467" type="sweep" timems="1.134" contextid="456" timestamp="2019-08-09T17:53:30.898" />
<mem-info id="468" free="3720616" total="12386304" percent="30">
  <mem type="nursery" free="2358600" total="4325376" percent="54">
    <mem type="allocate" free="2358600" total="2555904" percent="92" />
    <mem type="survivor" free="0" total="1769472" percent="0" />
  </mem>
  <mem type="tenure" free="1362016" total="8060928" percent="16" micro-fragmented="0" macro-fragmented="1217038">
    <mem type="soa" free="959584" total="7658496" percent="12" />
    <mem type="loa" free="402432" total="402432" percent="100" />
  </mem>
  <remembered-set count="289" />
</mem-info>
<gc-op id="469" type="compact" timems="14.000" contextid="456" timestamp="2019-08-09T17:53:30.913">
  <compact-info movecount="285" movebytes="21072" reason="compact to aid heap contraction" />
</gc-op>
<heap-resize id="470" type="expand" space="tenure" amount="131072" count="1" timems="0.020" reason="satisfy allocation request" timestamp="2019-08-09T17:53:30.913" />
<gc-end id="471" type="global" contextid="456" durationms="26.680" usertimems="14.622" systemtimems="19.741" timestamp="2019-08-09T17:53:30.913" activeThreads="16">
  <mem-info id="472" free="3854728" total="12517376" percent="30">
    <mem type="nursery" free="2361640" total="4325376" percent="54">
      <mem type="allocate" free="2361640" total="2555904" percent="92" />
      <mem type="survivor" free="0" total="1769472" percent="0" />
    </mem>
    <mem type="tenure" free="1493088" total="8192000" percent="18">
      <mem type="soa" free="1083488" total="7782400" percent="13" />
      <mem type="loa" free="409600" total="409600" percent="100" />
    </mem>
    <remembered-set count="289" />
  </mem-info>
</gc-end>
<cycle-end id="473" type="global" contextid="456" timestamp="2019-08-09T17:53:30.913" />
  <attribute name="elasticGC enabled" value="1" />
  <attribute name= "numThreadsSpecified" value="16" />
  <attribute name="heapSize specified" value="12386304" />
  <attribute name="Current GC Util" value="44" />
  <attribute name= "Current Time Running" value="16846" />
  <attribute name ="GC Interval" value="2105" />
  <attribute name="Target GC Util Change" value ="80.000000" />
  <attribute name="Current GC Util Change" value="44.000000"/>
  <attribute name="Current Error" value="-7.000000" />
  <attribute name="Output H" value="12461976"/>
  <attribute name="Output I" value="2000"/>
  <attribute name="Output T" value="16"/>
  <attribute name= "Current Time Running" value="16846" />
  <attribute name="GC Util currently" value="44" />
  <attribute name="CPU Util currently" value="81938105225" />
<allocation-satisfied id="474" threadId="000000000166C600" bytesRequested="16" />
<af-end id="475" timestamp="2019-08-09T17:53:30.913" threadId="000000000166CF88" success="true" from="nursery"/>
<exclusive-end id="476" timestamp="2019-08-09T17:53:30.913" durationms="27.359" />

<concurrent-kickoff id="477" timestamp="2019-08-09T17:53:31.452">
  <kickoff reason="threshold reached" targetBytes="5106392" thresholdFreeBytes="704875"  remainingFree="690456" tenureFreeBytes="1493088" nurseryFreeBytes="690456" />
</concurrent-kickoff>
<exclusive-start id="478" timestamp="2019-08-09T17:53:31.453" intervalms="566.407">
  <response-info timems="0.119" idlems="0.119" threads="0" lastid="0000000001677A00" lastname="node-3" />
</exclusive-start>
<cycle-start id="479" type="global" contextid="0" timestamp="2019-08-09T17:53:31.453" intervalms="963.120" />
<exclusive-end id="480" timestamp="2019-08-09T17:53:31.453" durationms="0.015" />

<exclusive-start id="481" timestamp="2019-08-09T17:53:31.734" intervalms="280.972">
  <response-info timems="0.790" idlems="0.520" threads="1" lastid="000000000167F200" lastname="node-6" />
</exclusive-start>
<af-start id="482" threadId="0000000001678388" totalBytesRequested="368" timestamp="2019-08-09T17:53:31.734" intervalms="847.223" type="nursery" />
<percolate-collect id="483" from="nursery" to="global" reason="concurrent mark exhausted" timestamp="2019-08-09T17:53:31.734"/>
<gc-start id="484" type="global" contextid="479" timestamp="2019-08-09T17:53:31.734">
  <mem-info id="485" free="1493088" total="12517376" percent="11">
    <mem type="nursery" free="0" total="4325376" percent="0">
      <mem type="allocate" free="0" total="2555904" percent="0" />
      <mem type="survivor" free="0" total="1769472" percent="0" />
    </mem>
    <mem type="tenure" free="1493088" total="8192000" percent="18">
      <mem type="soa" free="1083488" total="7782400" percent="13" />
      <mem type="loa" free="409600" total="409600" percent="100" />
    </mem>
    <remembered-set count="291" />
  </mem-info>
</gc-start>
<allocation-stats totalBytes="2359656" >
  <allocated-bytes non-tlh="16" tlh="2359640" />
  <largest-consumer threadName="node-25" threadId="000000000166C600" bytes="122888" />
</allocation-stats>
<concurrent-halted id="486" timestamp="2019-08-09T17:53:31.734">
  <halted state="Complete" status="exhausted" />
  <traced bytesTarget="5106392" bytesTotal="5171092" bytesByMutator="714392" bytesByHelper="4456700" percent="101" />
  <cards cleaned="71" thresholdBytes="277677" />
</concurrent-halted>
<gc-op id="487" type="rs-scan" timems="4.391" contextid="479" timestamp="2019-08-09T17:53:31.738">
  <scan objectsFound="151" bytesTraced="168476" workStackOverflowCount="0" />
</gc-op>
<gc-op id="488" type="card-cleaning" timems="1.218" contextid="479" timestamp="2019-08-09T17:53:31.739">
  <card-cleaning cardsCleaned="41" bytesTraced="25188" workStackOverflowCount="0" />
</gc-op>
<gc-op id="489" type="mark" timems="7.318" contextid="479" timestamp="2019-08-09T17:53:31.747">
  <trace-info objectcount="357" scancount="316" scanbytes="7564" />
  <finalization candidates="13" enqueued="0" />
  <references type="soft" candidates="45" cleared="0" enqueued="0" dynamicThreshold="5" maxThreshold="32" />
  <references type="weak" candidates="130" cleared="0" enqueued="0" />
  <references type="phantom" candidates="33" cleared="0" enqueued="0" />
  <stringconstants candidates="3834" cleared="0"  />
</gc-op>
<gc-op id="490" type="sweep" timems="2.853" contextid="479" timestamp="2019-08-09T17:53:31.750" />
<mem-info id="491" free="3866784" total="12517376" percent="30">
  <mem type="nursery" free="2373696" total="4325376" percent="54">
    <mem type="allocate" free="2373696" total="2555904" percent="92" />
    <mem type="survivor" free="0" total="1769472" percent="0" />
  </mem>
  <mem type="tenure" free="1493088" total="8192000" percent="18" micro-fragmented="0" macro-fragmented="1390668">
    <mem type="soa" free="1083488" total="7782400" percent="13" />
    <mem type="loa" free="409600" total="409600" percent="100" />
  </mem>
  <remembered-set count="291" />
</mem-info>
<gc-op id="492" type="compact" timems="20.011" contextid="479" timestamp="2019-08-09T17:53:31.770">
  <compact-info movecount="211" movebytes="5120" reason="compact to aid heap contraction" />
</gc-op>
<heap-resize id="493" type="expand" space="tenure" amount="131072" count="1" timems="0.025" reason="satisfy allocation request" timestamp="2019-08-09T17:53:31.770" />
<gc-end id="494" type="global" contextid="479" durationms="36.758" usertimems="29.119" systemtimems="22.497" timestamp="2019-08-09T17:53:31.770" activeThreads="16">
  <mem-info id="495" free="4001752" total="12648448" percent="31">
    <mem type="nursery" free="2377592" total="4325376" percent="54">
      <mem type="allocate" free="2377592" total="2555904" percent="93" />
      <mem type="survivor" free="0" total="1769472" percent="0" />
    </mem>
    <mem type="tenure" free="1624160" total="8323072" percent="19">
      <mem type="soa" free="1208416" total="7907328" percent="15" />
      <mem type="loa" free="415744" total="415744" percent="100" />
    </mem>
    <remembered-set count="291" />
  </mem-info>
</gc-end>
<cycle-end id="496" type="global" contextid="479" timestamp="2019-08-09T17:53:31.771" />
  <attribute name="elasticGC enabled" value="1" />
  <attribute name= "numThreadsSpecified" value="16" />
  <attribute name="heapSize specified" value="12517376" />
  <attribute name="Current GC Util" value="97" />
  <attribute name= "Current Time Running" value="17703" />
  <attribute name ="GC Interval" value="2105" />
  <attribute name="Target GC Util Change" value ="80.000000" />
  <attribute name="Current GC Util Change" value="97.000000"/>
  <attribute name="Current Error" value="-82.000000" />
  <attribute name="Output H" value="12592968"/>
  <attribute name="Output I" value="1920"/>
  <attribute name="Output T" value="16"/>
  <attribute name= "Current Time Running" value="17703" />
  <attribute name="GC Util currently" value="97" />
  <attribute name="CPU Util currently" value="57692725277" />
<allocation-satisfied id="497" threadId="0000000001677A00" bytesRequested="368" />
<af-end id="498" timestamp="2019-08-09T17:53:31.771" threadId="0000000001678388" success="true" from="nursery"/>
<exclusive-end id="499" timestamp="2019-08-09T17:53:31.771" durationms="37.089" />

<concurrent-kickoff id="500" timestamp="2019-08-09T17:53:32.330">
  <kickoff reason="threshold reached" targetBytes="5201970" thresholdFreeBytes="713627"  remainingFree="656904" tenureFreeBytes="1624160" nurseryFreeBytes="656904" />
</concurrent-kickoff>
<exclusive-start id="501" timestamp="2019-08-09T17:53:32.330" intervalms="596.228">
  <response-info timems="0.056" idlems="0.056" threads="0" lastid="00000000016A4900" lastname="node-9" />
</exclusive-start>
<cycle-start id="502" type="global" contextid="0" timestamp="2019-08-09T17:53:32.330" intervalms="877.201" />
<exclusive-end id="503" timestamp="2019-08-09T17:53:32.330" durationms="0.231" />

<exclusive-start id="504" timestamp="2019-08-09T17:53:32.780" intervalms="449.951">
  <response-info timems="0.116" idlems="0.116" threads="0" lastid="00000000016A4900" lastname="node-9" />
</exclusive-start>
<af-start id="505" threadId="00000000016A5288" totalBytesRequested="16" timestamp="2019-08-09T17:53:32.780" intervalms="1046.300" type="nursery" />
<percolate-collect id="506" from="nursery" to="global" reason="concurrent mark exhausted" timestamp="2019-08-09T17:53:32.780"/>
<gc-start id="507" type="global" contextid="502" timestamp="2019-08-09T17:53:32.780">
  <mem-info id="508" free="1624160" total="12648448" percent="12">
    <mem type="nursery" free="0" total="4325376" percent="0">
      <mem type="allocate" free="0" total="2555904" percent="0" />
      <mem type="survivor" free="0" total="1769472" percent="0" />
    </mem>
    <mem type="tenure" free="1624160" total="8323072" percent="19">
      <mem type="soa" free="1208416" total="7907328" percent="15" />
      <mem type="loa" free="415744" total="415744" percent="100" />
    </mem>
    <remembered-set count="292" />
  </mem-info>
</gc-start>
<allocation-stats totalBytes="2376968" >
  <allocated-bytes non-tlh="368" tlh="2376600" />
  <largest-consumer threadName="node-3" threadId="0000000001677A00" bytes="106840" />
</allocation-stats>
<concurrent-halted id="509" timestamp="2019-08-09T17:53:32.780">
  <halted state="Complete" status="exhausted" />
  <traced bytesTarget="5201970" bytesTotal="5198000" bytesByMutator="776368" bytesByHelper="4421632" percent="99" />
  <cards cleaned="130" thresholdBytes="281125" />
</concurrent-halted>
<gc-op id="510" type="rs-scan" timems="1.172" contextid="502" timestamp="2019-08-09T17:53:32.781">
  <scan objectsFound="148" bytesTraced="11892" workStackOverflowCount="0" />
</gc-op>
<gc-op id="511" type="card-cleaning" timems="2.145" contextid="502" timestamp="2019-08-09T17:53:32.783">
  <card-cleaning cardsCleaned="41" bytesTraced="179808" workStackOverflowCount="0" />
</gc-op>
<gc-op id="512" type="mark" timems="14.997" contextid="502" timestamp="2019-08-09T17:53:32.798">
  <trace-info objectcount="379" scancount="335" scanbytes="7852" />
  <finalization candidates="13" enqueued="0" />
  <references type="soft" candidates="45" cleared="0" enqueued="0" dynamicThreshold="6" maxThreshold="32" />
  <references type="weak" candidates="130" cleared="0" enqueued="0" />
  <references type="phantom" candidates="33" cleared="0" enqueued="0" />
  <stringconstants candidates="3834" cleared="0"  />
</gc-op>
<gc-op id="513" type="sweep" timems="3.298" contextid="502" timestamp="2019-08-09T17:53:32.802" />
<mem-info id="514" free="3979744" total="12648448" percent="31">
  <mem type="nursery" free="2355584" total="4325376" percent="54">
    <mem type="allocate" free="2355584" total="2555904" percent="92" />
    <mem type="survivor" free="0" total="1769472" percent="0" />
  </mem>
  <mem type="tenure" free="1624160" total="8323072" percent="19" micro-fragmented="0" macro-fragmented="0">
    <mem type="soa" free="1208416" total="7907328" percent="15" />
    <mem type="loa" free="415744" total="415744" percent="100" />
  </mem>
  <remembered-set count="292" />
</mem-info>
<gc-op id="515" type="compact" timems="14.605" contextid="502" timestamp="2019-08-09T17:53:32.817">
  <compact-info movecount="3611" movebytes="181536" reason="compact to aid heap contraction" />
</gc-op>
<heap-resize id="516" type="expand" space="tenure" amount="131072" count="1" timems="0.027" reason="satisfy allocation request" timestamp="2019-08-09T17:53:32.817" />
<gc-end id="517" type="global" contextid="502" durationms="37.361" usertimems="17.502" systemtimems="25.498" timestamp="2019-08-09T17:53:32.817" activeThreads="16">
  <mem-info id="518" free="4129352" total="12779520" percent="32">
    <mem type="nursery" free="2374120" total="4325376" percent="54">
      <mem type="allocate" free="2374120" total="2555904" percent="92" />
      <mem type="survivor" free="0" total="1769472" percent="0" />
    </mem>
    <mem type="tenure" free="1755232" total="8454144" percent="20">
      <mem type="soa" free="1333344" total="8032256" percent="16" />
      <mem type="loa" free="421888" total="421888" percent="100" />
    </mem>
    <remembered-set count="292" />
  </mem-info>
</gc-end>
<cycle-end id="519" type="global" contextid="502" timestamp="2019-08-09T17:53:32.818" />
  <attribute name="elasticGC enabled" value="1" />
  <attribute name= "numThreadsSpecified" value="16" />
  <attribute name="heapSize specified" value="12648448" />
  <attribute name="Current GC Util" value="97" />
  <attribute name= "Current Time Running" value="18750" />
  <attribute name ="GC Interval" value="2105" />
  <attribute name="Target GC Util Change" value ="80.000000" />
  <attribute name="Current GC Util Change" value="97.000000"/>
  <attribute name="Current Error" value="-9.000000" />
  <attribute name="Output H" value="12724120"/>
  <attribute name="Output I" value="2000"/>
  <attribute name="Output T" value="16"/>
  <attribute name= "Current Time Running" value="18750" />
  <attribute name="GC Util currently" value="97" />
  <attribute name="CPU Util currently" value="78721840229" />
<allocation-satisfied id="520" threadId="00000000016A4900" bytesRequested="16" />
<af-end id="521" timestamp="2019-08-09T17:53:32.818" threadId="00000000016A5288" success="true" from="nursery"/>
<exclusive-end id="522" timestamp="2019-08-09T17:53:32.818" durationms="37.932" />

<concurrent-kickoff id="523" timestamp="2019-08-09T17:53:33.302">
  <kickoff reason="threshold reached" targetBytes="5286736" thresholdFreeBytes="725741"  remainingFree="707032" tenureFreeBytes="1755232" nurseryFreeBytes="707032" />
</concurrent-kickoff>
<exclusive-start id="524" timestamp="2019-08-09T17:53:33.302" intervalms="522.289">
  <response-info timems="0.026" idlems="0.026" threads="0" lastid="000000000164E700" lastname="node-13" />
</exclusive-start>
<cycle-start id="525" type="global" contextid="0" timestamp="2019-08-09T17:53:33.302" intervalms="972.248" />
<exclusive-end id="526" timestamp="2019-08-09T17:53:33.302" durationms="0.023" />

<exclusive-start id="527" timestamp="2019-08-09T17:53:33.730" intervalms="428.417">
  <response-info timems="0.912" idlems="0.912" threads="0" lastid="000000000165D700" lastname="node-2" />
</exclusive-start>
<af-start id="528" threadId="000000000165E088" totalBytesRequested="32" timestamp="2019-08-09T17:53:33.730" intervalms="950.609" type="nursery" />
<percolate-collect id="529" from="nursery" to="global" reason="concurrent mark exhausted" timestamp="2019-08-09T17:53:33.731"/>
<gc-start id="530" type="global" contextid="525" timestamp="2019-08-09T17:53:33.731">
  <mem-info id="531" free="1755232" total="12779520" percent="13">
    <mem type="nursery" free="0" total="4325376" percent="0">
      <mem type="allocate" free="0" total="2555904" percent="0" />
      <mem type="survivor" free="0" total="1769472" percent="0" />
    </mem>
    <mem type="tenure" free="1755232" total="8454144" percent="20">
      <mem type="soa" free="1333344" total="8032256" percent="16" />
      <mem type="loa" free="421888" total="421888" percent="100" />
    </mem>
    <remembered-set count="293" />
  </mem-info>
</gc-start>
<allocation-stats totalBytes="2371832" >
  <allocated-bytes non-tlh="16" tlh="2371816" />
  <largest-consumer threadName="node-11" threadId="00000000016A8500" bytes="106488" />
</allocation-stats>
<concurrent-halted id="532" timestamp="2019-08-09T17:53:33.731">
  <halted state="Complete" status="exhausted" />
  <traced bytesTarget="5286736" bytesTotal="5195380" bytesByMutator="551312" bytesByHelper="4644068" percent="98" />
  <cards cleaned="125" thresholdBytes="285897" />
</concurrent-halted>
<gc-op id="533" type="rs-scan" timems="1.775" contextid="525" timestamp="2019-08-09T17:53:33.732">
  <scan objectsFound="140" bytesTraced="11236" workStackOverflowCount="0" />
</gc-op>
<gc-op id="534" type="card-cleaning" timems="1.217" contextid="525" timestamp="2019-08-09T17:53:33.734">
  <card-cleaning cardsCleaned="45" bytesTraced="181836" workStackOverflowCount="0" />
</gc-op>
<gc-op id="535" type="mark" timems="5.663" contextid="525" timestamp="2019-08-09T17:53:33.739">
  <trace-info objectcount="369" scancount="328" scanbytes="7804" />
  <finalization candidates="13" enqueued="0" />
  <references type="soft" candidates="45" cleared="0" enqueued="0" dynamicThreshold="6" maxThreshold="32" />
  <references type="weak" candidates="130" cleared="0" enqueued="0" />
  <references type="phantom" candidates="33" cleared="0" enqueued="0" />
  <stringconstants candidates="3834" cleared="0"  />
</gc-op>
<gc-op id="536" type="sweep" timems="3.468" contextid="525" timestamp="2019-08-09T17:53:33.743" />
<mem-info id="537" free="4127120" total="12779520" percent="32">
  <mem type="nursery" free="2371888" total="4325376" percent="54">
    <mem type="allocate" free="2371888" total="2555904" percent="92" />
    <mem type="survivor" free="0" total="1769472" percent="0" />
  </mem>
  <mem type="tenure" free="1755232" total="8454144" percent="20" micro-fragmented="0" macro-fragmented="1668803">
    <mem type="soa" free="1333344" total="8032256" percent="16" />
    <mem type="loa" free="421888" total="421888" percent="100" />
  </mem>
  <remembered-set count="293" />
</mem-info>
<gc-op id="538" type="compact" timems="15.928" contextid="525" timestamp="2019-08-09T17:53:33.759">
  <compact-info movecount="3566" movebytes="177472" reason="compact to aid heap contraction" />
</gc-op>
<heap-resize id="539" type="expand" space="tenure" amount="131072" count="1" timems="0.025" reason="satisfy allocation request" timestamp="2019-08-09T17:53:33.760" />
<gc-end id="540" type="global" contextid="525" durationms="29.605" usertimems="23.457" systemtimems="17.040" timestamp="2019-08-09T17:53:33.760" activeThreads="16">
  <mem-info id="541" free="4262280" total="12910592" percent="33">
    <mem type="nursery" free="2375976" total="4325376" percent="54">
      <mem type="allocate" free="2375976" total="2555904" percent="92" />
      <mem type="survivor" free="0" total="1769472" percent="0" />
    </mem>
    <mem type="tenure" free="1886304" total="8585216" percent="21">
      <mem type="soa" free="1457248" total="8156160" percent="17" />
      <mem type="loa" free="429056" total="429056" percent="100" />
    </mem>
    <remembered-set count="293" />
  </mem-info>
</gc-end>
<cycle-end id="542" type="global" contextid="525" timestamp="2019-08-09T17:53:33.760" />
  <attribute name="elasticGC enabled" value="1" />
  <attribute name= "numThreadsSpecified" value="16" />
  <attribute name="heapSize specified" value="12779520" />
  <attribute name="Current GC Util" value="81" />
  <attribute name= "Current Time Running" value="19692" />
  <attribute name ="GC Interval" value="2105" />
  <attribute name="Target GC Util Change" value ="80.000000" />
  <attribute name="Current GC Util Change" value="81.000000"/>
  <attribute name="Current Error" value="-55.000000" />
  <attribute name="Output H" value="12855144"/>
  <attribute name="Output I" value="1952"/>
  <attribute name="Output T" value="16"/>
  <attribute name= "Current Time Running" value="19692" />
  <attribute name="GC Util currently" value="81" />
  <attribute name="CPU Util currently" value="72184308674" />
<allocation-satisfied id="543" threadId="000000000165D700" bytesRequested="32" />
<af-end id="544" timestamp="2019-08-09T17:53:33.760" threadId="000000000165E088" success="true" from="nursery"/>
<exclusive-end id="545" timestamp="2019-08-09T17:53:33.760" durationms="29.884" />

<exclusive-start id="546" timestamp="2019-08-09T17:53:34.912" intervalms="1181.257">
  <response-info timems="0.467" idlems="0.467" threads="0" lastid="0000000001673E00" lastname="node-1" />
</exclusive-start>
<af-start id="547" threadId="0000000001674788" totalBytesRequested="24" timestamp="2019-08-09T17:53:34.912" intervalms="1181.236" type="nursery" />
<cycle-start id="548" type="scavenge" contextid="0" timestamp="2019-08-09T17:53:34.912" intervalms="13005.841" />
<gc-start id="549" type="scavenge" contextid="548" timestamp="2019-08-09T17:53:34.912">
  <mem-info id="550" free="1886304" total="12910592" percent="14">
    <mem type="nursery" free="0" total="4325376" percent="0">
      <mem type="allocate" free="0" total="2555904" percent="0" />
      <mem type="survivor" free="0" total="1769472" percent="0" />
    </mem>
    <mem type="tenure" free="1886304" total="8585216" percent="21">
      <mem type="soa" free="1457248" total="8156160" percent="17" />
      <mem type="loa" free="429056" total="429056" percent="100" />
    </mem>
    <remembered-set count="293" />
  </mem-info>
</gc-start>
<allocation-stats totalBytes="2374416" >
  <allocated-bytes non-tlh="32" tlh="2374384" />
  <largest-consumer threadName="node-12" threadId="0000000001686A00" bytes="106488" />
</allocation-stats>
<gc-op id="551" type="scavenge" timems="1.966" contextid="548" timestamp="2019-08-09T17:53:34.914">
  <scavenger-info tenureage="2" tenuremask="fffc" tiltratio="59" />
  <memory-copied type="nursery" objects="3577" bytes="179400" bytesdiscarded="94440" />
</gc-op>
<gc-end id="552" type="scavenge" contextid="548" durationms="2.264" usertimems="0.652" systemtimems="4.613" timestamp="2019-08-09T17:53:34.914" activeThreads="16">
  <mem-info id="553" free="4496048" total="12910592" percent="34">
    <mem type="nursery" free="2609744" total="4325376" percent="60">
      <mem type="allocate" free="2609744" total="2883584" percent="90" />
      <mem type="survivor" free="0" total="1441792" percent="0" />
    </mem>
    <mem type="tenure" free="1886304" total="8585216" percent="21" macro-fragmented="7583">
      <mem type="soa" free="1457248" total="8156160" percent="17" />
      <mem type="loa" free="429056" total="429056" percent="100" />
    </mem>
    <remembered-set count="272" />
  </mem-info>
</gc-end>
<cycle-end id="554" type="scavenge" contextid="548" timestamp="2019-08-09T17:53:34.914" />
  <attribute name="elasticGC enabled" value="1" />
  <attribute name= "numThreadsSpecified" value="16" />
  <attribute name="heapSize specified" value="12779520" />
  <attribute name="Current GC Util" value="2" />
  <attribute name= "Current Time Running" value="20845" />
  <attribute name ="GC Interval" value="2041" />
  <attribute name="Target GC Util Change" value ="80.000000" />
  <attribute name="Current GC Util Change" value="2.000000"/>
  <attribute name="Current Error" value="23.000000" />
  <attribute name="Output H" value="12986304"/>
  <attribute name="Output I" value="2040"/>
  <attribute name="Output T" value="16"/>
  <attribute name= "Current Time Running" value="20845" />
  <attribute name="GC Util currently" value="2" />
  <attribute name="CPU Util currently" value="13" />
<allocation-satisfied id="555" threadId="0000000001673E00" bytesRequested="24" />
<af-end id="556" timestamp="2019-08-09T17:53:34.914" threadId="0000000001674788" success="true" from="nursery"/>
<exclusive-end id="557" timestamp="2019-08-09T17:53:34.914" durationms="2.843" />

<exclusive-start id="558" timestamp="2019-08-09T17:53:36.424" intervalms="1512.317">
  <response-info timems="1.615" idlems="1.615" threads="0" lastid="0000000001652300" lastname="node-20" />
</exclusive-start>
<af-start id="559" threadId="0000000001652C88" totalBytesRequested="16" timestamp="2019-08-09T17:53:36.424" intervalms="1512.634" type="nursery" />
<cycle-start id="560" type="scavenge" contextid="0" timestamp="2019-08-09T17:53:36.424" intervalms="1512.654" />
<gc-start id="561" type="scavenge" contextid="560" timestamp="2019-08-09T17:53:36.424">
  <mem-info id="562" free="1886304" total="12910592" percent="14">
    <mem type="nursery" free="0" total="4325376" percent="0">
      <mem type="allocate" free="0" total="2883584" percent="0" />
      <mem type="survivor" free="0" total="1441792" percent="0" />
    </mem>
    <mem type="tenure" free="1886304" total="8585216" percent="21">
      <mem type="soa" free="1457248" total="8156160" percent="17" />
      <mem type="loa" free="429056" total="429056" percent="100" />
    </mem>
    <remembered-set count="285" />
  </mem-info>
</gc-start>
<allocation-stats totalBytes="2607368" >
  <allocated-bytes non-tlh="24" tlh="2607344" />
  <largest-consumer threadName="node-8" threadId="000000000168E200" bytes="143920" />
</allocation-stats>
<gc-op id="563" type="scavenge" timems="6.650" contextid="560" timestamp="2019-08-09T17:53:36.431">
  <scavenger-info tenureage="3" tenuremask="fff8" tiltratio="66" />
  <memory-copied type="nursery" objects="3539" bytes="176736" bytesdiscarded="57168" />
</gc-op>
<gc-end id="564" type="scavenge" contextid="560" durationms="6.954" usertimems="4.285" systemtimems="7.457" timestamp="2019-08-09T17:53:36.431" activeThreads="16">
  <mem-info id="565" free="4798128" total="12910592" percent="37">
    <mem type="nursery" free="2911824" total="4325376" percent="67">
      <mem type="allocate" free="2911824" total="3145728" percent="92" />
      <mem type="survivor" free="0" total="1179648" percent="0" />
    </mem>
    <mem type="tenure" free="1886304" total="8585216" percent="21" macro-fragmented="868149">
      <mem type="soa" free="1457248" total="8156160" percent="17" />
      <mem type="loa" free="429056" total="429056" percent="100" />
    </mem>
    <remembered-set count="235" />
  </mem-info>
</gc-end>
<cycle-end id="566" type="scavenge" contextid="560" timestamp="2019-08-09T17:53:36.432" />
  <attribute name="elasticGC enabled" value="1" />
  <attribute name= "numThreadsSpecified" value="16" />
  <attribute name="heapSize specified" value="12779520" />
  <attribute name="Current GC Util" value="0" />
  <attribute name= "Current Time Running" value="22358" />
  <attribute name ="GC Interval" value="2105" />
  <attribute name="Target GC Util Change" value ="80.000000" />
  <attribute name="Current GC Util Change" value="0.000000"/>
  <attribute name="Current Error" value="80.000000" />
  <attribute name="Output H" value="12986368"/>
  <attribute name="Output I" value="2104"/>
  <attribute name="Output T" value="16"/>
  <attribute name= "Current Time Running" value="22358" />
  <attribute name="GC Util currently" value="0" />
  <attribute name="CPU Util currently" value="14" />
<allocation-satisfied id="567" threadId="0000000001652300" bytesRequested="16" />
<af-end id="568" timestamp="2019-08-09T17:53:36.432" threadId="0000000001652C88" success="true" from="nursery"/>
<exclusive-end id="569" timestamp="2019-08-09T17:53:36.432" durationms="7.810" />

<exclusive-start id="570" timestamp="2019-08-09T17:53:37.498" intervalms="1074.344">
  <response-info timems="0.055" idlems="0.055" threads="0" lastid="00000000016A0D00" lastname="node-19" />
</exclusive-start>
<af-start id="571" threadId="00000000016A1688" totalBytesRequested="24" timestamp="2019-08-09T17:53:37.498" intervalms="1074.038" type="nursery" />
<cycle-start id="572" type="scavenge" contextid="0" timestamp="2019-08-09T17:53:37.498" intervalms="1074.014" />
<gc-start id="573" type="scavenge" contextid="572" timestamp="2019-08-09T17:53:37.498">
  <mem-info id="574" free="1886304" total="12910592" percent="14">
    <mem type="nursery" free="0" total="4325376" percent="0">
      <mem type="allocate" free="0" total="3145728" percent="0" />
      <mem type="survivor" free="0" total="1179648" percent="0" />
    </mem>
    <mem type="tenure" free="1886304" total="8585216" percent="21">
      <mem type="soa" free="1457248" total="8156160" percent="17" />
      <mem type="loa" free="429056" total="429056" percent="100" />
    </mem>
    <remembered-set count="265" />
  </mem-info>
</gc-start>
<allocation-stats totalBytes="2908104" >
  <allocated-bytes non-tlh="16" tlh="2908088" />
  <largest-consumer threadName="node-5" threadId="0000000001691D00" bytes="143336" />
</allocation-stats>
<gc-op id="575" type="scavenge" timems="3.587" contextid="572" timestamp="2019-08-09T17:53:37.502">
  <scavenger-info tenureage="3" tenuremask="7ff8" tiltratio="72" />
  <memory-copied type="nursery" objects="154" bytes="5464" bytesdiscarded="169640" />
  <memory-copied type="tenure" objects="3385" bytes="173080" bytesdiscarded="216" />
</gc-op>
<gc-end id="576" type="scavenge" contextid="572" durationms="3.914" usertimems="4.563" systemtimems="4.385" timestamp="2019-08-09T17:53:37.502" activeThreads="16">
  <mem-info id="577" free="4658864" total="12910592" percent="36">
    <mem type="nursery" free="3101696" total="4325376" percent="71">
      <mem type="allocate" free="3101696" total="3276800" percent="94" />
      <mem type="survivor" free="0" total="1048576" percent="0" />
    </mem>
    <mem type="tenure" free="1557168" total="8585216" percent="18" macro-fragmented="0">
      <mem type="soa" free="1128112" total="8156160" percent="13" />
      <mem type="loa" free="429056" total="429056" percent="100" />
    </mem>
    <remembered-set count="306" />
  </mem-info>
</gc-end>
<cycle-end id="578" type="scavenge" contextid="572" timestamp="2019-08-09T17:53:37.503" />
  <attribute name="elasticGC enabled" value="1" />
  <attribute name= "numThreadsSpecified" value="16" />
  <attribute name="heapSize specified" value="12779520" />
  <attribute name="Current GC Util" value="0" />
  <attribute name= "Current Time Running" value="23432" />
  <attribute name ="GC Interval" value="2193" />
  <attribute name="Target GC Util Change" value ="80.000000" />
  <attribute name="Current GC Util Change" value="0.000000"/>
  <attribute name="Current Error" value="160.000000" />
  <attribute name="Output H" value="12986456"/>
  <attribute name="Output I" value="2192"/>
  <attribute name="Output T" value="16"/>
  <attribute name= "Current Time Running" value="23432" />
  <attribute name="GC Util currently" value="0" />
  <attribute name="CPU Util currently" value="13" />
<allocation-satisfied id="579" threadId="00000000016A0D00" bytesRequested="24" />
<af-end id="580" timestamp="2019-08-09T17:53:37.503" threadId="00000000016A1688" success="true" from="nursery"/>
<exclusive-end id="581" timestamp="2019-08-09T17:53:37.503" durationms="4.865" />

<exclusive-start id="582" timestamp="2019-08-09T17:53:38.830" intervalms="1331.653">
  <response-info timems="0.550" idlems="0.421" threads="1" lastid="000000000166C600" lastname="node-25" />
</exclusive-start>
<af-start id="583" threadId="0000000001692688" totalBytesRequested="368" timestamp="2019-08-09T17:53:38.830" intervalms="1331.746" type="nursery" />
<cycle-start id="584" type="scavenge" contextid="0" timestamp="2019-08-09T17:53:38.830" intervalms="1331.756" />
<gc-start id="585" type="scavenge" contextid="584" timestamp="2019-08-09T17:53:38.830">
  <mem-info id="586" free="1557168" total="12910592" percent="12">
    <mem type="nursery" free="0" total="4325376" percent="0">
      <mem type="allocate" free="0" total="3276800" percent="0" />
      <mem type="survivor" free="0" total="1048576" percent="0" />
    </mem>
    <mem type="tenure" free="1557168" total="8585216" percent="18">
      <mem type="soa" free="1128112" total="8156160" percent="13" />
      <mem type="loa" free="429056" total="429056" percent="100" />
    </mem>
    <remembered-set count="386" />
  </mem-info>
</gc-start>
<allocation-stats totalBytes="3094736" >
  <allocated-bytes non-tlh="24" tlh="3094712" />
  <largest-consumer threadName="node-21" threadId="00000000016AC100" bytes="143344" />
</allocation-stats>
<gc-op id="587" type="scavenge" timems="10.047" contextid="584" timestamp="2019-08-09T17:53:38.840">
  <scavenger-info tenureage="5" tenuremask="7fe0" tiltratio="75" />
  <memory-copied type="nursery" objects="1828" bytes="43224" bytesdiscarded="21288" />
</gc-op>
<gc-end id="588" type="scavenge" contextid="584" durationms="10.418" usertimems="10.829" systemtimems="2.954" timestamp="2019-08-09T17:53:38.841" activeThreads="16">
  <mem-info id="589" free="4966064" total="12910592" percent="38">
    <mem type="nursery" free="3408896" total="4325376" percent="78">
      <mem type="allocate" free="3408896" total="3473408" percent="98" />
      <mem type="survivor" free="0" total="851968" percent="0" />
    </mem>
    <mem type="tenure" free="1557168" total="8585216" percent="18" macro-fragmented="0">
      <mem type="soa" free="1128112" total="8156160" percent="13" />
      <mem type="loa" free="429056" total="429056" percent="100" />
    </mem>
    <remembered-set count="317" />
  </mem-info>
</gc-end>
<cycle-end id="590" type="scavenge" contextid="584" timestamp="2019-08-09T17:53:38.841" />
  <attribute name="elasticGC enabled" value="1" />
  <attribute name= "numThreadsSpecified" value="16" />
  <attribute name="heapSize specified" value="12779520" />
  <attribute name="Current GC Util" value="0" />
  <attribute name= "Current Time Running" value="24763" />
  <attribute name ="GC Interval" value="2289" />
  <attribute name="Target GC Util Change" value ="80.000000" />
  <attribute name="Current GC Util Change" value="0.000000"/>
  <attribute name="Current Error" value="240.000000" />
  <attribute name="Output H" value="12986552"/>
  <attribute name="Output I" value="2288"/>
  <attribute name="Output T" value="16"/>
  <attribute name= "Current Time Running" value="24763" />
  <attribute name="GC Util currently" value="0" />
  <attribute name="CPU Util currently" value="13" />
<allocation-satisfied id="591" threadId="0000000001691D00" bytesRequested="368" />
<af-end id="592" timestamp="2019-08-09T17:53:38.841" threadId="0000000001692688" success="true" from="nursery"/>
<exclusive-end id="593" timestamp="2019-08-09T17:53:38.841" durationms="11.048" />

<exclusive-start id="594" timestamp="2019-08-09T17:53:40.633" intervalms="1803.259">
  <response-info timems="0.309" idlems="0.309" threads="0" lastid="000000000166C600" lastname="node-25" />
</exclusive-start>
<af-start id="595" threadId="000000000166CF88" totalBytesRequested="32" timestamp="2019-08-09T17:53:40.633" intervalms="1803.139" type="nursery" />
<cycle-start id="596" type="scavenge" contextid="0" timestamp="2019-08-09T17:53:40.633" intervalms="1803.126" />
<gc-start id="597" type="scavenge" contextid="596" timestamp="2019-08-09T17:53:40.633">
  <mem-info id="598" free="1557168" total="12910592" percent="12">
    <mem type="nursery" free="0" total="4325376" percent="0">
      <mem type="allocate" free="0" total="3473408" percent="0" />
      <mem type="survivor" free="0" total="851968" percent="0" />
    </mem>
    <mem type="tenure" free="1557168" total="8585216" percent="18">
      <mem type="soa" free="1128112" total="8156160" percent="13" />
      <mem type="loa" free="429056" total="429056" percent="100" />
    </mem>
    <remembered-set count="420" />
  </mem-info>
</gc-start>
<allocation-stats totalBytes="3405232" >
  <allocated-bytes non-tlh="368" tlh="3404864" />
  <largest-consumer threadName="node-9" threadId="00000000016A4900" bytes="184232" />
</allocation-stats>
<gc-op id="599" type="scavenge" timems="4.549" contextid="596" timestamp="2019-08-09T17:53:40.638">
  <scavenger-info tenureage="3" tenuremask="fff8" tiltratio="80" />
  <memory-copied type="nursery" objects="4033" bytes="98392" bytesdiscarded="62888" />
</gc-op>
<gc-end id="600" type="scavenge" contextid="596" durationms="5.019" usertimems="3.280" systemtimems="6.873" timestamp="2019-08-09T17:53:40.639" activeThreads="16">
  <mem-info id="601" free="5000368" total="12910592" percent="38">
    <mem type="nursery" free="3443200" total="4325376" percent="79">
      <mem type="allocate" free="3443200" total="3604480" percent="95" />
      <mem type="survivor" free="0" total="720896" percent="0" />
    </mem>
    <mem type="tenure" free="1557168" total="8585216" percent="18" macro-fragmented="13104">
      <mem type="soa" free="1128112" total="8156160" percent="13" />
      <mem type="loa" free="429056" total="429056" percent="100" />
    </mem>
    <remembered-set count="362" />
  </mem-info>
</gc-end>
<cycle-end id="602" type="scavenge" contextid="596" timestamp="2019-08-09T17:53:40.639" />
  <attribute name="elasticGC enabled" value="1" />
  <attribute name= "numThreadsSpecified" value="16" />
  <attribute name="heapSize specified" value="12779520" />
  <attribute name="Current GC Util" value="0" />
  <attribute name= "Current Time Running" value="26567" />
  <attribute name ="GC Interval" value="2385" />
  <attribute name="Target GC Util Change" value ="80.000000" />
  <attribute name="Current GC Util Change" value="0.000000"/>
  <attribute name="Current Error" value="320.000000" />
  <attribute name="Output H" value="12986648"/>
  <attribute name="Output I" value="2384"/>
  <attribute name="Output T" value="16"/>
  <attribute name= "Current Time Running" value="26567" />
  <attribute name="GC Util currently" value="0" />
  <attribute name="CPU Util currently" value="14" />
<allocation-satisfied id="603" threadId="000000000166C600" bytesRequested="32" />
<af-end id="604" timestamp="2019-08-09T17:53:40.639" threadId="000000000166CF88" success="true" from="nursery"/>
<exclusive-end id="605" timestamp="2019-08-09T17:53:40.639" durationms="5.400" />

<exclusive-start id="606" timestamp="2019-08-09T17:53:42.447" intervalms="1813.661">
  <response-info timems="0.177" idlems="0.177" threads="0" lastid="0000000001659B00" lastname="node-15" />
</exclusive-start>
<af-start id="607" threadId="000000000165A488" totalBytesRequested="24" timestamp="2019-08-09T17:53:42.447" intervalms="1813.748" type="nursery" />
<cycle-start id="608" type="scavenge" contextid="0" timestamp="2019-08-09T17:53:42.447" intervalms="1813.783" />
<gc-start id="609" type="scavenge" contextid="608" timestamp="2019-08-09T17:53:42.447">
  <mem-info id="610" free="1557168" total="12910592" percent="12">
    <mem type="nursery" free="0" total="4325376" percent="0">
      <mem type="allocate" free="0" total="3604480" percent="0" />
      <mem type="survivor" free="0" total="720896" percent="0" />
    </mem>
    <mem type="tenure" free="1557168" total="8585216" percent="18">
      <mem type="soa" free="1128112" total="8156160" percent="13" />
      <mem type="loa" free="429056" total="429056" percent="100" />
    </mem>
    <remembered-set count="451" />
  </mem-info>
</gc-start>
<allocation-stats totalBytes="3440696" >
  <allocated-bytes non-tlh="32" tlh="3440664" />
  <largest-consumer threadName="node-20" threadId="0000000001652300" bytes="184024" />
</allocation-stats>
<gc-op id="611" type="scavenge" timems="2.797" contextid="608" timestamp="2019-08-09T17:53:42.450">
  <scavenger-info tenureage="3" tenuremask="fff8" tiltratio="83" />
  <memory-copied type="nursery" objects="6679" bytes="162008" bytesdiscarded="31528" />
  <memory-copied type="tenure" objects="4" bytes="96" bytesdiscarded="0" />
</gc-op>
<gc-end id="612" type="scavenge" contextid="608" durationms="3.384" usertimems="5.311" systemtimems="1.568" timestamp="2019-08-09T17:53:42.451" activeThreads="16">
  <mem-info id="613" free="5017520" total="12910592" percent="38">
    <mem type="nursery" free="3476480" total="4325376" percent="80">
      <mem type="allocate" free="3476480" total="3670016" percent="94" />
      <mem type="survivor" free="0" total="655360" percent="0" />
    </mem>
    <mem type="tenure" free="1541040" total="8585216" percent="17" macro-fragmented="0">
      <mem type="soa" free="1111984" total="8156160" percent="13" />
      <mem type="loa" free="429056" total="429056" percent="100" />
    </mem>
    <remembered-set count="400" />
  </mem-info>
</gc-end>
<cycle-end id="614" type="scavenge" contextid="608" timestamp="2019-08-09T17:53:42.451" />
  <attribute name="elasticGC enabled" value="1" />
  <attribute name= "numThreadsSpecified" value="16" />
  <attribute name="heapSize specified" value="12779520" />
  <attribute name="Current GC Util" value="0" />
  <attribute name= "Current Time Running" value="28380" />
  <attribute name ="GC Interval" value="2473" />
  <attribute name="Target GC Util Change" value ="80.000000" />
  <attribute name="Current GC Util Change" value="0.000000"/>
  <attribute name="Current Error" value="400.000000" />
  <attribute name="Output H" value="12986736"/>
  <attribute name="Output I" value="2472"/>
  <attribute name="Output T" value="16"/>
  <attribute name= "Current Time Running" value="28380" />
  <attribute name="GC Util currently" value="0" />
  <attribute name="CPU Util currently" value="15" />
<allocation-satisfied id="615" threadId="0000000001659B00" bytesRequested="24" />
<af-end id="616" timestamp="2019-08-09T17:53:42.451" threadId="000000000165A488" success="true" from="nursery"/>
<exclusive-end id="617" timestamp="2019-08-09T17:53:42.451" durationms="4.042" />

<exclusive-start id="618" timestamp="2019-08-09T17:53:44.353" intervalms="1906.341">
  <response-info timems="0.112" idlems="0.112" threads="0" lastid="0000000001664F00" lastname="node-14" />
</exclusive-start>
<af-start id="619" threadId="0000000001665888" totalBytesRequested="24" timestamp="2019-08-09T17:53:44.353" intervalms="1906.314" type="nursery" />
<cycle-start id="620" type="scavenge" contextid="0" timestamp="2019-08-09T17:53:44.353" intervalms="1906.292" />
<gc-start id="621" type="scavenge" contextid="620" timestamp="2019-08-09T17:53:44.353">
  <mem-info id="622" free="1541040" total="12910592" percent="11">
    <mem type="nursery" free="0" total="4325376" percent="0">
      <mem type="allocate" free="0" total="3670016" percent="0" />
      <mem type="survivor" free="0" total="655360" percent="0" />
    </mem>
    <mem type="tenure" free="1541040" total="8585216" percent="17">
      <mem type="soa" free="1111984" total="8156160" percent="13" />
      <mem type="loa" free="429056" total="429056" percent="100" />
    </mem>
    <remembered-set count="488" />
  </mem-info>
</gc-start>
<allocation-stats totalBytes="3473160" >
  <allocated-bytes non-tlh="24" tlh="3473136" />
  <largest-consumer threadName="node-6" threadId="000000000167F200" bytes="184288" />
</allocation-stats>
<gc-op id="623" type="scavenge" timems="2.912" contextid="620" timestamp="2019-08-09T17:53:44.356">
  <scavenger-info tenureage="3" tenuremask="ffe8" tiltratio="84" />
  <memory-copied type="nursery" objects="7635" bytes="184952" bytesdiscarded="56968" />
  <memory-copied type="tenure" objects="1703" bytes="40872" bytesdiscarded="0" />
</gc-op>
<gc-end id="624" type="scavenge" contextid="620" durationms="3.286" usertimems="1.822" systemtimems="3.401" timestamp="2019-08-09T17:53:44.357" activeThreads="16">
  <mem-info id="625" free="4986288" total="12910592" percent="38">
    <mem type="nursery" free="3493632" total="4325376" percent="80">
      <mem type="allocate" free="3493632" total="3735552" percent="93" />
      <mem type="survivor" free="0" total="589824" percent="0" />
    </mem>
    <mem type="tenure" free="1492656" total="8585216" percent="17" macro-fragmented="1041779">
      <mem type="soa" free="1063600" total="8156160" percent="13" />
      <mem type="loa" free="429056" total="429056" percent="100" />
    </mem>
    <remembered-set count="406" />
  </mem-info>
</gc-end>
<cycle-end id="626" type="scavenge" contextid="620" timestamp="2019-08-09T17:53:44.357" />
  <attribute name="elasticGC enabled" value="1" />
  <attribute name= "numThreadsSpecified" value="16" />
  <attribute name="heapSize specified" value="12779520" />
  <attribute name="Current GC Util" value="0" />
  <attribute name= "Current Time Running" value="30287" />
  <attribute name ="GC Interval" value="2569" />
  <attribute name="Target GC Util Change" value ="80.000000" />
  <attribute name="Current GC Util Change" value="0.000000"/>
  <attribute name="Current Error" value="480.000000" />
  <attribute name="Output H" value="12986832"/>
  <attribute name="Output I" value="2568"/>
  <attribute name="Output T" value="16"/>
  <attribute name= "Current Time Running" value="30287" />
  <attribute name="GC Util currently" value="0" />
  <attribute name="CPU Util currently" value="15" />
<allocation-satisfied id="627" threadId="0000000001664F00" bytesRequested="24" />
<af-end id="628" timestamp="2019-08-09T17:53:44.357" threadId="0000000001665888" success="true" from="nursery"/>
<exclusive-end id="629" timestamp="2019-08-09T17:53:44.357" durationms="3.576" />

<exclusive-start id="630" timestamp="2019-08-09T17:53:45.966" intervalms="1612.995">
  <response-info timems="1.284" idlems="1.284" threads="0" lastid="000000000166C600" lastname="node-25" />
</exclusive-start>
<af-start id="631" threadId="000000000166CF88" totalBytesRequested="24" timestamp="2019-08-09T17:53:45.968" intervalms="1615.090" type="nursery" />
<cycle-start id="632" type="scavenge" contextid="0" timestamp="2019-08-09T17:53:45.968" intervalms="1615.089" />
<gc-start id="633" type="scavenge" contextid="632" timestamp="2019-08-09T17:53:45.969">
  <mem-info id="634" free="1492656" total="12910592" percent="11">
    <mem type="nursery" free="0" total="4325376" percent="0">
      <mem type="allocate" free="0" total="3735552" percent="0" />
      <mem type="survivor" free="0" total="589824" percent="0" />
    </mem>
    <mem type="tenure" free="1492656" total="8585216" percent="17">
      <mem type="soa" free="1063600" total="8156160" percent="13" />
      <mem type="loa" free="429056" total="429056" percent="100" />
    </mem>
    <remembered-set count="495" />
  </mem-info>
</gc-start>
<allocation-stats totalBytes="3490384" >
  <allocated-bytes non-tlh="24" tlh="3490360" />
  <largest-consumer threadName="node-11" threadId="00000000016A8500" bytes="167776" />
</allocation-stats>
<gc-op id="635" type="scavenge" timems="5.111" contextid="632" timestamp="2019-08-09T17:53:45.974">
  <scavenger-info tenureage="3" tenuremask="ffe8" tiltratio="86" />
  <memory-copied type="nursery" objects="7589" bytes="183904" bytesdiscarded="74144" />
  <memory-copied type="tenure" objects="2185" bytes="52440" bytesdiscarded="0" />
</gc-op>
<gc-end id="636" type="scavenge" contextid="632" durationms="5.255" usertimems="2.384" systemtimems="3.559" timestamp="2019-08-09T17:53:45.974" activeThreads="16">
  <mem-info id="637" free="4971184" total="12910592" percent="38">
    <mem type="nursery" free="3543040" total="4325376" percent="81">
      <mem type="allocate" free="3543040" total="3801088" percent="93" />
      <mem type="survivor" free="0" total="524288" percent="0" />
    </mem>
    <mem type="tenure" free="1428144" total="8585216" percent="16" macro-fragmented="1217038">
      <mem type="soa" free="999088" total="8156160" percent="12" />
      <mem type="loa" free="429056" total="429056" percent="100" />
    </mem>
    <remembered-set count="407" />
  </mem-info>
</gc-end>
<cycle-end id="638" type="scavenge" contextid="632" timestamp="2019-08-09T17:53:45.974" />
  <attribute name="elasticGC enabled" value="1" />
  <attribute name= "numThreadsSpecified" value="16" />
  <attribute name="heapSize specified" value="12779520" />
  <attribute name="Current GC Util" value="0" />
  <attribute name= "Current Time Running" value="31902" />
  <attribute name ="GC Interval" value="2105" />
  <attribute name="Target GC Util Change" value ="80.000000" />
  <attribute name="Current GC Util Change" value="0.000000"/>
  <attribute name="Current Error" value="80.000000" />
  <attribute name="Output H" value="12986368"/>
  <attribute name="Output I" value="2104"/>
  <attribute name="Output T" value="16"/>
  <attribute name= "Current Time Running" value="31902" />
  <attribute name="GC Util currently" value="0" />
  <attribute name="CPU Util currently" value="14" />
<allocation-satisfied id="639" threadId="000000000166C600" bytesRequested="24" />
<af-end id="640" timestamp="2019-08-09T17:53:45.974" threadId="000000000166CF88" success="true" from="nursery"/>
<exclusive-end id="641" timestamp="2019-08-09T17:53:45.974" durationms="7.965" />

<exclusive-start id="642" timestamp="2019-08-09T17:53:47.532" intervalms="1565.889">
  <response-info timems="0.944" idlems="0.944" threads="0" lastid="000000000165D700" lastname="node-2" />
</exclusive-start>
<af-start id="643" threadId="000000000165E088" totalBytesRequested="720" timestamp="2019-08-09T17:53:47.532" intervalms="1563.791" type="nursery" />
<cycle-start id="644" type="scavenge" contextid="0" timestamp="2019-08-09T17:53:47.532" intervalms="1563.819" />
<gc-start id="645" type="scavenge" contextid="644" timestamp="2019-08-09T17:53:47.532">
  <mem-info id="646" free="1428144" total="12910592" percent="11">
    <mem type="nursery" free="0" total="4325376" percent="0">
      <mem type="allocate" free="0" total="3801088" percent="0" />
      <mem type="survivor" free="0" total="524288" percent="0" />
    </mem>
    <mem type="tenure" free="1428144" total="8585216" percent="16">
      <mem type="soa" free="999088" total="8156160" percent="12" />
      <mem type="loa" free="429056" total="429056" percent="100" />
    </mem>
    <remembered-set count="494" />
  </mem-info>
</gc-start>
<allocation-stats totalBytes="3536560" >
  <allocated-bytes non-tlh="24" tlh="3536536" />
  <largest-consumer threadName="node-16" threadId="0000000001699500" bytes="184248" />
</allocation-stats>
<gc-op id="647" type="scavenge" timems="2.326" contextid="644" timestamp="2019-08-09T17:53:47.535">
  <scavenger-info tenureage="3" tenuremask="ffe8" tiltratio="87" />
  <memory-copied type="nursery" objects="7266" bytes="183736" bytesdiscarded="74312" />
  <memory-copied type="tenure" objects="2651" bytes="63624" bytesdiscarded="0" />
</gc-op>
<gc-end id="648" type="scavenge" contextid="644" durationms="3.219" usertimems="0.099" systemtimems="5.315" timestamp="2019-08-09T17:53:47.536" activeThreads="16">
  <mem-info id="649" free="4972208" total="12910592" percent="38">
    <mem type="nursery" free="3608576" total="4325376" percent="83">
      <mem type="allocate" free="3608576" total="3866624" percent="93" />
      <mem type="survivor" free="0" total="458752" percent="0" />
    </mem>
    <mem type="tenure" free="1363632" total="8585216" percent="15" macro-fragmented="723458">
      <mem type="soa" free="934576" total="8156160" percent="11" />
      <mem type="loa" free="429056" total="429056" percent="100" />
    </mem>
    <remembered-set count="388" />
  </mem-info>
</gc-end>
<cycle-end id="650" type="scavenge" contextid="644" timestamp="2019-08-09T17:53:47.536" />
  <attribute name="elasticGC enabled" value="1" />
  <attribute name= "numThreadsSpecified" value="16" />
  <attribute name="heapSize specified" value="12779520" />
  <attribute name="Current GC Util" value="0" />
  <attribute name= "Current Time Running" value="33466" />
  <attribute name ="GC Interval" value="2193" />
  <attribute name="Target GC Util Change" value ="80.000000" />
  <attribute name="Current GC Util Change" value="0.000000"/>
  <attribute name="Current Error" value="160.000000" />
  <attribute name="Output H" value="12986456"/>
  <attribute name="Output I" value="2192"/>
  <attribute name="Output T" value="16"/>
  <attribute name= "Current Time Running" value="33466" />
  <attribute name="GC Util currently" value="0" />
  <attribute name="CPU Util currently" value="14" />
<allocation-satisfied id="651" threadId="000000000165D700" bytesRequested="720" />
<af-end id="652" timestamp="2019-08-09T17:53:47.536" threadId="000000000165E088" success="true" from="nursery"/>
<exclusive-end id="653" timestamp="2019-08-09T17:53:47.536" durationms="3.595" />

<exclusive-start id="654" timestamp="2019-08-09T17:53:49.063" intervalms="1530.932">
  <response-info timems="0.313" idlems="0.313" threads="0" lastid="000000000164E700" lastname="node-13" />
</exclusive-start>
<af-start id="655" threadId="000000000164F088" totalBytesRequested="32" timestamp="2019-08-09T17:53:49.063" intervalms="1530.872" type="nursery" />
<cycle-start id="656" type="scavenge" contextid="0" timestamp="2019-08-09T17:53:49.063" intervalms="1530.833" />
<gc-start id="657" type="scavenge" contextid="656" timestamp="2019-08-09T17:53:49.063">
  <mem-info id="658" free="1363632" total="12910592" percent="10">
    <mem type="nursery" free="0" total="4325376" percent="0">
      <mem type="allocate" free="0" total="3866624" percent="0" />
      <mem type="survivor" free="0" total="458752" percent="0" />
    </mem>
    <mem type="tenure" free="1363632" total="8585216" percent="15">
      <mem type="soa" free="934576" total="8156160" percent="11" />
      <mem type="loa" free="429056" total="429056" percent="100" />
    </mem>
    <remembered-set count="491" />
  </mem-info>
</gc-start>
<allocation-stats totalBytes="3602280" >
  <allocated-bytes non-tlh="720" tlh="3601560" />
  <largest-consumer threadName="node-10" threadId="0000000001670200" bytes="184216" />
</allocation-stats>
<gc-op id="659" type="scavenge" timems="5.191" contextid="656" timestamp="2019-08-09T17:53:49.068">
  <scavenger-info tenureage="3" tenuremask="ffe8" tiltratio="89" />
  <memory-copied type="nursery" objects="6877" bytes="166760" bytesdiscarded="59032" />
  <memory-copied type="tenure" objects="2659" bytes="63816" bytesdiscarded="696" />
</gc-op>
<gc-end id="660" type="scavenge" contextid="656" durationms="6.162" usertimems="12.415" systemtimems="3.098" timestamp="2019-08-09T17:53:49.069" activeThreads="16">
  <mem-info id="661" free="4939952" total="12910592" percent="38">
    <mem type="nursery" free="3640832" total="4325376" percent="84">
      <mem type="allocate" free="3640832" total="3866624" percent="94" />
      <mem type="survivor" free="0" total="458752" percent="0" />
    </mem>
    <mem type="tenure" free="1299120" total="8585216" percent="15" macro-fragmented="0">
      <mem type="soa" free="870064" total="8156160" percent="10" />
      <mem type="loa" free="429056" total="429056" percent="100" />
    </mem>
    <remembered-set count="403" />
  </mem-info>
</gc-end>
<cycle-end id="662" type="scavenge" contextid="656" timestamp="2019-08-09T17:53:49.069" />
  <attribute name="elasticGC enabled" value="1" />
  <attribute name= "numThreadsSpecified" value="16" />
  <attribute name="heapSize specified" value="12779520" />
  <attribute name="Current GC Util" value="0" />
  <attribute name= "Current Time Running" value="34996" />
  <attribute name ="GC Interval" value="2289" />
  <attribute name="Target GC Util Change" value ="80.000000" />
  <attribute name="Current GC Util Change" value="0.000000"/>
  <attribute name="Current Error" value="240.000000" />
  <attribute name="Output H" value="12986552"/>
  <attribute name="Output I" value="2288"/>
  <attribute name="Output T" value="16"/>
  <attribute name= "Current Time Running" value="34996" />
  <attribute name="GC Util currently" value="0" />
  <attribute name="CPU Util currently" value="14" />
<allocation-satisfied id="663" threadId="000000000164E700" bytesRequested="32" />
<af-end id="664" timestamp="2019-08-09T17:53:49.069" threadId="000000000164F088" success="true" from="nursery"/>
<exclusive-end id="665" timestamp="2019-08-09T17:53:49.069" durationms="6.378" />

<exclusive-start id="666" timestamp="2019-08-09T17:53:50.635" intervalms="1571.540">
  <response-info timems="0.059" idlems="0.059" threads="0" lastid="000000000166C600" lastname="node-25" />
</exclusive-start>
<af-start id="667" threadId="000000000166CF88" totalBytesRequested="16" timestamp="2019-08-09T17:53:50.635" intervalms="1571.556" type="nursery" />
<cycle-start id="668" type="scavenge" contextid="0" timestamp="2019-08-09T17:53:50.635" intervalms="1571.575" />
<gc-start id="669" type="scavenge" contextid="668" timestamp="2019-08-09T17:53:50.635">
  <mem-info id="670" free="1299120" total="12910592" percent="10">
    <mem type="nursery" free="0" total="4325376" percent="0">
      <mem type="allocate" free="0" total="3866624" percent="0" />
      <mem type="survivor" free="0" total="458752" percent="0" />
    </mem>
    <mem type="tenure" free="1299120" total="8585216" percent="15">
      <mem type="soa" free="870064" total="8156160" percent="10" />
      <mem type="loa" free="429056" total="429056" percent="100" />
    </mem>
    <remembered-set count="490" />
  </mem-info>
</gc-start>
<allocation-stats totalBytes="3631744" >
  <allocated-bytes non-tlh="32" tlh="3631712" />
  <largest-consumer threadName="node-13" threadId="000000000164E700" bytes="184320" />
</allocation-stats>
<gc-op id="671" type="scavenge" timems="3.868" contextid="668" timestamp="2019-08-09T17:53:50.639">
  <scavenger-info tenureage="3" tenuremask="ffe8" tiltratio="89" />
  <memory-copied type="nursery" objects="6892" bytes="174680" bytesdiscarded="83368" />
  <memory-copied type="tenure" objects="2132" bytes="51168" bytesdiscarded="0" />
</gc-op>
<gc-end id="672" type="scavenge" contextid="668" durationms="4.518" usertimems="3.142" systemtimems="2.650" timestamp="2019-08-09T17:53:50.639" activeThreads="16">
  <mem-info id="673" free="4859312" total="12910592" percent="37">
    <mem type="nursery" free="3608576" total="4325376" percent="83">
      <mem type="allocate" free="3608576" total="3866624" percent="93" />
      <mem type="survivor" free="0" total="458752" percent="0" />
    </mem>
    <mem type="tenure" free="1250736" total="8585216" percent="14" macro-fragmented="1142125">
      <mem type="soa" free="821680" total="8156160" percent="10" />
      <mem type="loa" free="429056" total="429056" percent="100" />
    </mem>
    <remembered-set count="388" />
  </mem-info>
</gc-end>
<cycle-end id="674" type="scavenge" contextid="668" timestamp="2019-08-09T17:53:50.639" />
  <attribute name="elasticGC enabled" value="1" />
  <attribute name= "numThreadsSpecified" value="16" />
  <attribute name="heapSize specified" value="12779520" />
  <attribute name="Current GC Util" value="0" />
  <attribute name= "Current Time Running" value="36568" />
  <attribute name ="GC Interval" value="2385" />
  <attribute name="Target GC Util Change" value ="80.000000" />
  <attribute name="Current GC Util Change" value="0.000000"/>
  <attribute name="Current Error" value="320.000000" />
  <attribute name="Output H" value="12986648"/>
  <attribute name="Output I" value="2384"/>
  <attribute name="Output T" value="16"/>
  <attribute name= "Current Time Running" value="36568" />
  <attribute name="GC Util currently" value="0" />
  <attribute name="CPU Util currently" value="15" />
<allocation-satisfied id="675" threadId="000000000166C600" bytesRequested="16" />
<af-end id="676" timestamp="2019-08-09T17:53:50.639" threadId="000000000166CF88" success="true" from="nursery"/>
<exclusive-end id="677" timestamp="2019-08-09T17:53:50.639" durationms="4.886" />

<exclusive-start id="678" timestamp="2019-08-09T17:53:52.356" intervalms="1721.867">
  <response-info timems="0.348" idlems="0.348" threads="0" lastid="000000000166C600" lastname="node-25" />
</exclusive-start>
<af-start id="679" threadId="000000000166CF88" totalBytesRequested="24" timestamp="2019-08-09T17:53:52.357" intervalms="1721.861" type="nursery" />
<cycle-start id="680" type="scavenge" contextid="0" timestamp="2019-08-09T17:53:52.357" intervalms="1721.846" />
<gc-start id="681" type="scavenge" contextid="680" timestamp="2019-08-09T17:53:52.357">
  <mem-info id="682" free="1250736" total="12910592" percent="9">
    <mem type="nursery" free="0" total="4325376" percent="0">
      <mem type="allocate" free="0" total="3866624" percent="0" />
      <mem type="survivor" free="0" total="458752" percent="0" />
    </mem>
    <mem type="tenure" free="1250736" total="8585216" percent="14">
      <mem type="soa" free="821680" total="8156160" percent="10" />
      <mem type="loa" free="429056" total="429056" percent="100" />
    </mem>
    <remembered-set count="494" />
  </mem-info>
</gc-start>
<allocation-stats totalBytes="3605528" >
  <allocated-bytes non-tlh="16" tlh="3605512" />
  <largest-consumer threadName="node-10" threadId="0000000001670200" bytes="163832" />
</allocation-stats>
<gc-op id="683" type="scavenge" timems="3.659" contextid="680" timestamp="2019-08-09T17:53:52.360">
  <scavenger-info tenureage="3" tenuremask="ffe8" tiltratio="89" />
  <memory-copied type="nursery" objects="7258" bytes="175960" bytesdiscarded="49832" />
  <memory-copied type="tenure" objects="2309" bytes="55416" bytesdiscarded="0" />
</gc-op>
<gc-end id="684" type="scavenge" contextid="680" durationms="4.125" usertimems="5.091" systemtimems="3.763" timestamp="2019-08-09T17:53:52.361" activeThreads="16">
  <mem-info id="685" free="4843184" total="12910592" percent="37">
    <mem type="nursery" free="3640832" total="4325376" percent="84">
      <mem type="allocate" free="3640832" total="3866624" percent="94" />
      <mem type="survivor" free="0" total="458752" percent="0" />
    </mem>
    <mem type="tenure" free="1202352" total="8585216" percent="14" macro-fragmented="6319">
      <mem type="soa" free="773296" total="8156160" percent="9" />
      <mem type="loa" free="429056" total="429056" percent="100" />
    </mem>
    <remembered-set count="403" />
  </mem-info>
</gc-end>
<cycle-end id="686" type="scavenge" contextid="680" timestamp="2019-08-09T17:53:52.361" />
  <attribute name="elasticGC enabled" value="1" />
  <attribute name= "numThreadsSpecified" value="16" />
  <attribute name="heapSize specified" value="12779520" />
  <attribute name="Current GC Util" value="0" />
  <attribute name= "Current Time Running" value="38290" />
  <attribute name ="GC Interval" value="2473" />
  <attribute name="Target GC Util Change" value ="80.000000" />
  <attribute name="Current GC Util Change" value="0.000000"/>
  <attribute name="Current Error" value="400.000000" />
  <attribute name="Output H" value="12986736"/>
  <attribute name="Output I" value="2472"/>
  <attribute name="Output T" value="16"/>
  <attribute name= "Current Time Running" value="38290" />
  <attribute name="GC Util currently" value="0" />
  <attribute name="CPU Util currently" value="15" />
<allocation-satisfied id="687" threadId="000000000166C600" bytesRequested="24" />
<af-end id="688" timestamp="2019-08-09T17:53:52.361" threadId="000000000166CF88" success="true" from="nursery"/>
<exclusive-end id="689" timestamp="2019-08-09T17:53:52.361" durationms="4.675" />

<exclusive-start id="690" timestamp="2019-08-09T17:53:54.118" intervalms="1762.007">
  <response-info timems="0.039" idlems="0.039" threads="0" lastid="000000000166C600" lastname="node-25" />
</exclusive-start>
<af-start id="691" threadId="000000000166CF88" totalBytesRequested="24" timestamp="2019-08-09T17:53:54.119" intervalms="1762.259" type="nursery" />
<cycle-start id="692" type="scavenge" contextid="0" timestamp="2019-08-09T17:53:54.119" intervalms="1762.269" />
<gc-start id="693" type="scavenge" contextid="692" timestamp="2019-08-09T17:53:54.119">
  <mem-info id="694" free="1202352" total="12910592" percent="9">
    <mem type="nursery" free="0" total="4325376" percent="0">
      <mem type="allocate" free="0" total="3866624" percent="0" />
      <mem type="survivor" free="0" total="458752" percent="0" />
    </mem>
    <mem type="tenure" free="1202352" total="8585216" percent="14">
      <mem type="soa" free="773296" total="8156160" percent="9" />
      <mem type="loa" free="429056" total="429056" percent="100" />
    </mem>
    <remembered-set count="494" />
  </mem-info>
</gc-start>
<allocation-stats totalBytes="3636352" >
  <allocated-bytes non-tlh="24" tlh="3636328" />
  <largest-consumer threadName="node-9" threadId="00000000016A4900" bytes="163832" />
</allocation-stats>
<gc-op id="695" type="scavenge" timems="9.801" contextid="692" timestamp="2019-08-09T17:53:54.129">
  <scavenger-info tenureage="3" tenuremask="ffe8" tiltratio="89" />
  <memory-copied type="nursery" objects="7487" bytes="181400" bytesdiscarded="19816" />
  <memory-copied type="tenure" objects="2294" bytes="55056" bytesdiscarded="24" />
</gc-op>
<gc-end id="696" type="scavenge" contextid="692" durationms="10.419" usertimems="9.120" systemtimems="10.804" timestamp="2019-08-09T17:53:54.129" activeThreads="16">
  <mem-info id="697" free="4835504" total="12910592" percent="37">
    <mem type="nursery" free="3665408" total="4325376" percent="84">
      <mem type="allocate" free="3665408" total="3866624" percent="94" />
      <mem type="survivor" free="0" total="458752" percent="0" />
    </mem>
    <mem type="tenure" free="1170096" total="8585216" percent="13" macro-fragmented="418667">
      <mem type="soa" free="741040" total="8156160" percent="9" />
      <mem type="loa" free="429056" total="429056" percent="100" />
    </mem>
    <remembered-set count="400" />
  </mem-info>
</gc-end>
<cycle-end id="698" type="scavenge" contextid="692" timestamp="2019-08-09T17:53:54.129" />
  <attribute name="elasticGC enabled" value="1" />
  <attribute name= "numThreadsSpecified" value="16" />
  <attribute name="heapSize specified" value="12779520" />
  <attribute name="Current GC Util" value="0" />
  <attribute name= "Current Time Running" value="40054" />
  <attribute name ="GC Interval" value="2569" />
  <attribute name="Target GC Util Change" value ="80.000000" />
  <attribute name="Current GC Util Change" value="0.000000"/>
  <attribute name="Current Error" value="480.000000" />
  <attribute name="Output H" value="12986832"/>
  <attribute name="Output I" value="2568"/>
  <attribute name="Output T" value="16"/>
  <attribute name= "Current Time Running" value="40054" />
  <attribute name="GC Util currently" value="0" />
  <attribute name="CPU Util currently" value="14" />
<allocation-satisfied id="699" threadId="000000000166C600" bytesRequested="24" />
<af-end id="700" timestamp="2019-08-09T17:53:54.129" threadId="000000000166CF88" success="true" from="nursery"/>
<exclusive-end id="701" timestamp="2019-08-09T17:53:54.129" durationms="10.951" />

<exclusive-start id="702" timestamp="2019-08-09T17:53:55.675" intervalms="1556.618">
  <response-info timems="1.076" idlems="0.555" threads="1" lastid="0000000001673E00" lastname="node-1" />
</exclusive-start>
<af-start id="703" threadId="0000000001678388" totalBytesRequested="32" timestamp="2019-08-09T17:53:55.675" intervalms="1556.468" type="nursery" />
<cycle-start id="704" type="scavenge" contextid="0" timestamp="2019-08-09T17:53:55.675" intervalms="1556.523" />
<gc-start id="705" type="scavenge" contextid="704" timestamp="2019-08-09T17:53:55.675">
  <mem-info id="706" free="1170096" total="12910592" percent="9">
    <mem type="nursery" free="0" total="4325376" percent="0">
      <mem type="allocate" free="0" total="3866624" percent="0" />
      <mem type="survivor" free="0" total="458752" percent="0" />
    </mem>
    <mem type="tenure" free="1170096" total="8585216" percent="13">
      <mem type="soa" free="741040" total="8156160" percent="9" />
      <mem type="loa" free="429056" total="429056" percent="100" />
    </mem>
    <remembered-set count="492" />
  </mem-info>
</gc-start>
<allocation-stats totalBytes="3661872" >
  <allocated-bytes non-tlh="24" tlh="3661848" />
  <largest-consumer threadName="node-20" threadId="0000000001652300" bytes="176008" />
</allocation-stats>
<gc-op id="707" type="scavenge" timems="2.745" contextid="704" timestamp="2019-08-09T17:53:55.678">
  <scavenger-info tenureage="3" tenuremask="ffe8" tiltratio="89" />
  <memory-copied type="nursery" objects="7371" bytes="178616" bytesdiscarded="63304" />
  <memory-copied type="tenure" objects="2117" bytes="50808" bytesdiscarded="0" />
</gc-op>
<gc-end id="708" type="scavenge" contextid="704" durationms="3.494" usertimems="5.125" systemtimems="0.230" timestamp="2019-08-09T17:53:55.679" activeThreads="16">
  <mem-info id="709" free="4730288" total="12910592" percent="36">
    <mem type="nursery" free="3624704" total="4325376" percent="83">
      <mem type="allocate" free="3624704" total="3866624" percent="93" />
      <mem type="survivor" free="0" total="458752" percent="0" />
    </mem>
    <mem type="tenure" free="1105584" total="8585216" percent="12" macro-fragmented="0">
      <mem type="soa" free="676528" total="8156160" percent="8" />
      <mem type="loa" free="429056" total="429056" percent="100" />
    </mem>
    <remembered-set count="403" />
  </mem-info>
</gc-end>
<cycle-end id="710" type="scavenge" contextid="704" timestamp="2019-08-09T17:53:55.679" />
  <attribute name="elasticGC enabled" value="1" />
  <attribute name= "numThreadsSpecified" value="16" />
  <attribute name="heapSize specified" value="12779520" />
  <attribute name="Current GC Util" value="0" />
  <attribute name= "Current Time Running" value="41609" />
  <attribute name ="GC Interval" value="2105" />
  <attribute name="Target GC Util Change" value ="80.000000" />
  <attribute name="Current GC Util Change" value="0.000000"/>
  <attribute name="Current Error" value="80.000000" />
  <attribute name="Output H" value="12986368"/>
  <attribute name="Output I" value="2104"/>
  <attribute name="Output T" value="16"/>
  <attribute name= "Current Time Running" value="41609" />
  <attribute name="GC Util currently" value="0" />
  <attribute name="CPU Util currently" value="15" />
<allocation-satisfied id="711" threadId="0000000001677A00" bytesRequested="32" />
<af-end id="712" timestamp="2019-08-09T17:53:55.679" threadId="0000000001678388" success="true" from="nursery"/>
<exclusive-end id="713" timestamp="2019-08-09T17:53:55.679" durationms="4.077" />

<exclusive-start id="714" timestamp="2019-08-09T17:53:57.263" intervalms="1587.814">
  <response-info timems="1.306" idlems="0.960" threads="2" lastid="000000000168A600" lastname="node-4" />
</exclusive-start>
<af-start id="715" threadId="0000000001692688" totalBytesRequested="16" timestamp="2019-08-09T17:53:57.263" intervalms="1587.730" type="nursery" />
<cycle-start id="716" type="scavenge" contextid="0" timestamp="2019-08-09T17:53:57.263" intervalms="1587.669" />
<gc-start id="717" type="scavenge" contextid="716" timestamp="2019-08-09T17:53:57.263">
  <mem-info id="718" free="1105584" total="12910592" percent="8">
    <mem type="nursery" free="0" total="4325376" percent="0">
      <mem type="allocate" free="0" total="3866624" percent="0" />
      <mem type="survivor" free="0" total="458752" percent="0" />
    </mem>
    <mem type="tenure" free="1105584" total="8585216" percent="12">
      <mem type="soa" free="676528" total="8156160" percent="8" />
      <mem type="loa" free="429056" total="429056" percent="100" />
    </mem>
    <remembered-set count="487" />
  </mem-info>
</gc-start>
<allocation-stats totalBytes="3621376" >
  <allocated-bytes non-tlh="32" tlh="3621344" />
  <largest-consumer threadName="node-14" threadId="0000000001664F00" bytes="163832" />
</allocation-stats>
<gc-op id="719" type="scavenge" timems="5.560" contextid="716" timestamp="2019-08-09T17:53:57.269">
  <scavenger-info tenureage="3" tenuremask="4008" tiltratio="89" />
  <memory-copied type="nursery" objects="6973" bytes="176016" bytesdiscarded="114288" />
  <memory-copied type="tenure" objects="2700" bytes="64800" bytesdiscarded="0" />
</gc-op>
<gc-end id="720" type="scavenge" contextid="716" durationms="6.061" usertimems="4.019" systemtimems="6.719" timestamp="2019-08-09T17:53:57.269" activeThreads="16">
  <mem-info id="721" free="4601264" total="12910592" percent="35">
    <mem type="nursery" free="3576320" total="4325376" percent="82">
      <mem type="allocate" free="3576320" total="3866624" percent="92" />
      <mem type="survivor" free="0" total="458752" percent="0" />
    </mem>
    <mem type="tenure" free="1024944" total="8585216" percent="11" macro-fragmented="921068">
      <mem type="soa" free="595888" total="8156160" percent="7" />
      <mem type="loa" free="429056" total="429056" percent="100" />
    </mem>
    <remembered-set count="387" />
  </mem-info>
</gc-end>
<cycle-end id="722" type="scavenge" contextid="716" timestamp="2019-08-09T17:53:57.269" />
  <attribute name="elasticGC enabled" value="1" />
  <attribute name= "numThreadsSpecified" value="16" />
  <attribute name="heapSize specified" value="12779520" />
  <attribute name="Current GC Util" value="0" />
  <attribute name= "Current Time Running" value="43196" />
  <attribute name ="GC Interval" value="2193" />
  <attribute name="Target GC Util Change" value ="80.000000" />
  <attribute name="Current GC Util Change" value="0.000000"/>
  <attribute name="Current Error" value="160.000000" />
  <attribute name="Output H" value="12986456"/>
  <attribute name="Output I" value="2192"/>
  <attribute name="Output T" value="16"/>
  <attribute name= "Current Time Running" value="43196" />
  <attribute name="GC Util currently" value="0" />
  <attribute name="CPU Util currently" value="15" />
<allocation-satisfied id="723" threadId="0000000001691D00" bytesRequested="16" />
<af-end id="724" timestamp="2019-08-09T17:53:57.269" threadId="0000000001692688" success="true" from="nursery"/>
<exclusive-end id="725" timestamp="2019-08-09T17:53:57.269" durationms="6.374" />

<exclusive-start id="726" timestamp="2019-08-09T17:53:58.976" intervalms="1713.606">
  <response-info timems="0.344" idlems="0.344" threads="0" lastid="000000000167F200" lastname="node-6" />
</exclusive-start>
<af-start id="727" threadId="000000000167FB88" totalBytesRequested="16" timestamp="2019-08-09T17:53:58.977" intervalms="1713.663" type="nursery" />
<cycle-start id="728" type="scavenge" contextid="0" timestamp="2019-08-09T17:53:58.977" intervalms="1713.660" />
<gc-start id="729" type="scavenge" contextid="728" timestamp="2019-08-09T17:53:58.977">
  <mem-info id="730" free="1024944" total="12910592" percent="7">
    <mem type="nursery" free="0" total="4325376" percent="0">
      <mem type="allocate" free="0" total="3866624" percent="0" />
      <mem type="survivor" free="0" total="458752" percent="0" />
    </mem>
    <mem type="tenure" free="1024944" total="8585216" percent="11">
      <mem type="soa" free="595888" total="8156160" percent="7" />
      <mem type="loa" free="429056" total="429056" percent="100" />
    </mem>
    <remembered-set count="488" />
  </mem-info>
</gc-start>
<allocation-stats totalBytes="3570952" >
  <allocated-bytes non-tlh="16" tlh="3570936" />
  <largest-consumer threadName="node-10" threadId="0000000001670200" bytes="163808" />
</allocation-stats>
<gc-op id="731" type="scavenge" timems="3.767" contextid="728" timestamp="2019-08-09T17:53:58.981">
  <scavenger-info tenureage="3" tenuremask="4008" tiltratio="89" />
  <memory-copied type="nursery" objects="6870" bytes="164576" bytesdiscarded="45088" />
  <memory-copied type="tenure" objects="2529" bytes="60696" bytesdiscarded="0" />
</gc-op>
<gc-end id="732" type="scavenge" contextid="728" durationms="4.181" usertimems="2.735" systemtimems="3.084" timestamp="2019-08-09T17:53:58.981" activeThreads="16">
  <mem-info id="733" free="4617392" total="12910592" percent="35">
    <mem type="nursery" free="3656960" total="4325376" percent="84">
      <mem type="allocate" free="3656960" total="3866624" percent="94" />
      <mem type="survivor" free="0" total="458752" percent="0" />
    </mem>
    <mem type="tenure" free="960432" total="8585216" percent="11" macro-fragmented="0">
      <mem type="soa" free="531376" total="8156160" percent="6" />
      <mem type="loa" free="429056" total="429056" percent="100" />
    </mem>
    <remembered-set count="378" />
  </mem-info>
</gc-end>
<cycle-end id="734" type="scavenge" contextid="728" timestamp="2019-08-09T17:53:58.981" />
  <attribute name="elasticGC enabled" value="1" />
  <attribute name= "numThreadsSpecified" value="16" />
  <attribute name="heapSize specified" value="12779520" />
  <attribute name="Current GC Util" value="0" />
  <attribute name= "Current Time Running" value="44910" />
  <attribute name ="GC Interval" value="2289" />
  <attribute name="Target GC Util Change" value ="80.000000" />
  <attribute name="Current GC Util Change" value="0.000000"/>
  <attribute name="Current Error" value="240.000000" />
  <attribute name="Output H" value="12986552"/>
  <attribute name="Output I" value="2288"/>
  <attribute name="Output T" value="16"/>
  <attribute name= "Current Time Running" value="44910" />
  <attribute name="GC Util currently" value="0" />
  <attribute name="CPU Util currently" value="14" />
<allocation-satisfied id="735" threadId="000000000167F200" bytesRequested="16" />
<af-end id="736" timestamp="2019-08-09T17:53:58.981" threadId="000000000167FB88" success="true" from="nursery"/>
<exclusive-end id="737" timestamp="2019-08-09T17:53:58.981" durationms="4.471" />

<exclusive-start id="738" timestamp="2019-08-09T17:54:00.813" intervalms="1836.882">
  <response-info timems="0.292" idlems="0.292" threads="0" lastid="000000000168A600" lastname="node-4" />
</exclusive-start>
<af-start id="739" threadId="000000000168AF88" totalBytesRequested="24" timestamp="2019-08-09T17:54:00.813" intervalms="1836.802" type="nursery" />
<cycle-start id="740" type="scavenge" contextid="0" timestamp="2019-08-09T17:54:00.813" intervalms="1836.800" />
<gc-start id="741" type="scavenge" contextid="740" timestamp="2019-08-09T17:54:00.815">
  <mem-info id="742" free="960432" total="12910592" percent="7">
    <mem type="nursery" free="0" total="4325376" percent="0">
      <mem type="allocate" free="0" total="3866624" percent="0" />
      <mem type="survivor" free="0" total="458752" percent="0" />
    </mem>
    <mem type="tenure" free="960432" total="8585216" percent="11">
      <mem type="soa" free="531376" total="8156160" percent="6" />
      <mem type="loa" free="429056" total="429056" percent="100" />
    </mem>
    <remembered-set count="487" />
  </mem-info>
</gc-start>
<allocation-stats totalBytes="3654832" >
  <allocated-bytes non-tlh="16" tlh="3654816" />
  <largest-consumer threadName="node-13" threadId="000000000164E700" bytes="163832" />
</allocation-stats>
<gc-op id="743" type="scavenge" timems="2.368" contextid="740" timestamp="2019-08-09T17:54:00.817">
  <scavenger-info tenureage="3" tenuremask="4008" tiltratio="89" />
  <memory-copied type="nursery" objects="7139" bytes="173048" bytesdiscarded="85000" />
  <memory-copied type="tenure" objects="2000" bytes="48000" bytesdiscarded="0" />
</gc-op>
<gc-end id="744" type="scavenge" contextid="740" durationms="2.684" usertimems="2.407" systemtimems="0.962" timestamp="2019-08-09T17:54:00.817" activeThreads="16">
  <mem-info id="745" free="4520624" total="12910592" percent="35">
    <mem type="nursery" free="3608576" total="4325376" percent="83">
      <mem type="allocate" free="3608576" total="3866624" percent="93" />
      <mem type="survivor" free="0" total="458752" percent="0" />
    </mem>
    <mem type="tenure" free="912048" total="8585216" percent="10" macro-fragmented="837334">
      <mem type="soa" free="482992" total="8156160" percent="5" />
      <mem type="loa" free="429056" total="429056" percent="100" />
    </mem>
    <remembered-set count="400" />
  </mem-info>
</gc-end>
<cycle-end id="746" type="scavenge" contextid="740" timestamp="2019-08-09T17:54:00.817" />
  <attribute name="elasticGC enabled" value="1" />
  <attribute name= "numThreadsSpecified" value="16" />
  <attribute name="heapSize specified" value="12779520" />
  <attribute name="Current GC Util" value="0" />
  <attribute name= "Current Time Running" value="46748" />
  <attribute name ="GC Interval" value="2385" />
  <attribute name="Target GC Util Change" value ="80.000000" />
  <attribute name="Current GC Util Change" value="0.000000"/>
  <attribute name="Current Error" value="320.000000" />
  <attribute name="Output H" value="12986648"/>
  <attribute name="Output I" value="2384"/>
  <attribute name="Output T" value="16"/>
  <attribute name= "Current Time Running" value="46748" />
  <attribute name="GC Util currently" value="0" />
  <attribute name="CPU Util currently" value="16" />
<allocation-satisfied id="747" threadId="000000000168A600" bytesRequested="24" />
<af-end id="748" timestamp="2019-08-09T17:54:00.817" threadId="000000000168AF88" success="true" from="nursery"/>
<exclusive-end id="749" timestamp="2019-08-09T17:54:00.817" durationms="3.920" />

<exclusive-start id="750" timestamp="2019-08-09T17:54:02.189" intervalms="1375.567">
  <response-info timems="0.880" idlems="0.443" threads="1" lastid="000000000167F200" lastname="node-6" />
</exclusive-start>
<af-start id="751" threadId="0000000001683788" totalBytesRequested="16" timestamp="2019-08-09T17:54:02.189" intervalms="1375.797" type="nursery" />
<cycle-start id="752" type="scavenge" contextid="0" timestamp="2019-08-09T17:54:02.189" intervalms="1375.947" />
<gc-start id="753" type="scavenge" contextid="752" timestamp="2019-08-09T17:54:02.190">
  <mem-info id="754" free="912048" total="12910592" percent="7">
    <mem type="nursery" free="0" total="4325376" percent="0">
      <mem type="allocate" free="0" total="3866624" percent="0" />
      <mem type="survivor" free="0" total="458752" percent="0" />
    </mem>
    <mem type="tenure" free="912048" total="8585216" percent="10">
      <mem type="soa" free="482992" total="8156160" percent="5" />
      <mem type="loa" free="429056" total="429056" percent="100" />
    </mem>
    <remembered-set count="484" />
  </mem-info>
</gc-start>
<allocation-stats totalBytes="3603864" >
  <allocated-bytes non-tlh="24" tlh="3603840" />
  <largest-consumer threadName="node-15" threadId="0000000001659B00" bytes="163816" />
</allocation-stats>
<gc-op id="755" type="scavenge" timems="4.685" contextid="752" timestamp="2019-08-09T17:54:02.194">
  <scavenger-info tenureage="3" tenuremask="4008" tiltratio="89" />
  <memory-copied type="nursery" objects="6776" bytes="175456" bytesdiscarded="50336" />
  <memory-copied type="tenure" objects="2273" bytes="54552" bytesdiscarded="0" />
</gc-op>
<gc-end id="756" type="scavenge" contextid="752" durationms="5.617" usertimems="5.349" systemtimems="3.093" timestamp="2019-08-09T17:54:02.195" activeThreads="16">
  <mem-info id="757" free="4488368" total="12910592" percent="34">
    <mem type="nursery" free="3640832" total="4325376" percent="84">
      <mem type="allocate" free="3640832" total="3866624" percent="94" />
      <mem type="survivor" free="0" total="458752" percent="0" />
    </mem>
    <mem type="tenure" free="847536" total="8585216" percent="9" macro-fragmented="0">
      <mem type="soa" free="418480" total="8156160" percent="5" />
      <mem type="loa" free="429056" total="429056" percent="100" />
    </mem>
    <remembered-set count="384" />
  </mem-info>
</gc-end>
<cycle-end id="758" type="scavenge" contextid="752" timestamp="2019-08-09T17:54:02.195" />
  <attribute name="elasticGC enabled" value="1" />
  <attribute name= "numThreadsSpecified" value="16" />
  <attribute name="heapSize specified" value="12779520" />
  <attribute name="Current GC Util" value="0" />
  <attribute name= "Current Time Running" value="48123" />
  <attribute name ="GC Interval" value="2473" />
  <attribute name="Target GC Util Change" value ="80.000000" />
  <attribute name="Current GC Util Change" value="0.000000"/>
  <attribute name="Current Error" value="400.000000" />
  <attribute name="Output H" value="12986736"/>
  <attribute name="Output I" value="2472"/>
  <attribute name="Output T" value="16"/>
  <attribute name= "Current Time Running" value="48123" />
  <attribute name="GC Util currently" value="0" />
  <attribute name="CPU Util currently" value="13" />
<allocation-satisfied id="759" threadId="0000000001682E00" bytesRequested="16" />
<af-end id="760" timestamp="2019-08-09T17:54:02.196" threadId="0000000001683788" success="true" from="nursery"/>
<exclusive-end id="761" timestamp="2019-08-09T17:54:02.196" durationms="6.584" />

<exclusive-start id="762" timestamp="2019-08-09T17:54:04.067" intervalms="1877.815">
  <response-info timems="0.022" idlems="0.022" threads="0" lastid="0000000001682E00" lastname="node-24" />
</exclusive-start>
<af-start id="763" threadId="0000000001683788" totalBytesRequested="16" timestamp="2019-08-09T17:54:04.067" intervalms="1877.866" type="nursery" />
<cycle-start id="764" type="scavenge" contextid="0" timestamp="2019-08-09T17:54:04.067" intervalms="1877.716" />
<gc-start id="765" type="scavenge" contextid="764" timestamp="2019-08-09T17:54:04.067">
  <mem-info id="766" free="847536" total="12910592" percent="6">
    <mem type="nursery" free="0" total="4325376" percent="0">
      <mem type="allocate" free="0" total="3866624" percent="0" />
      <mem type="survivor" free="0" total="458752" percent="0" />
    </mem>
    <mem type="tenure" free="847536" total="8585216" percent="9">
      <mem type="soa" free="418480" total="8156160" percent="5" />
      <mem type="loa" free="429056" total="429056" percent="100" />
    </mem>
    <remembered-set count="487" />
  </mem-info>
</gc-start>
<allocation-stats totalBytes="3637840" >
  <allocated-bytes non-tlh="16" tlh="3637824" />
  <largest-consumer threadName="node-16" threadId="0000000001699500" bytes="163824" />
</allocation-stats>
<gc-op id="767" type="scavenge" timems="1.864" contextid="764" timestamp="2019-08-09T17:54:04.069">
  <scavenger-info tenureage="2" tenuremask="400c" tiltratio="89" />
  <memory-copied type="nursery" objects="4530" bytes="108088" bytesdiscarded="85448" />
  <memory-copied type="tenure" objects="4726" bytes="113424" bytesdiscarded="0" />
</gc-op>
<gc-end id="768" type="scavenge" contextid="764" durationms="2.246" usertimems="3.952" systemtimems="0.114" timestamp="2019-08-09T17:54:04.069" activeThreads="16">
  <mem-info id="769" free="4407728" total="12910592" percent="34">
    <mem type="nursery" free="3673088" total="4325376" percent="84">
      <mem type="allocate" free="3673088" total="3866624" percent="94" />
      <mem type="survivor" free="0" total="458752" percent="0" />
    </mem>
    <mem type="tenure" free="734640" total="8585216" percent="8" macro-fragmented="0">
      <mem type="soa" free="305584" total="8156160" percent="3" />
      <mem type="loa" free="429056" total="429056" percent="100" />
    </mem>
    <remembered-set count="348" />
  </mem-info>
</gc-end>
<cycle-end id="770" type="scavenge" contextid="764" timestamp="2019-08-09T17:54:04.070" />
  <attribute name="elasticGC enabled" value="1" />
  <attribute name= "numThreadsSpecified" value="16" />
  <attribute name="heapSize specified" value="12779520" />
  <attribute name="Current GC Util" value="0" />
  <attribute name= "Current Time Running" value="50000" />
  <attribute name ="GC Interval" value="2569" />
  <attribute name="Target GC Util Change" value ="80.000000" />
  <attribute name="Current GC Util Change" value="0.000000"/>
  <attribute name="Current Error" value="480.000000" />
  <attribute name="Output H" value="12986832"/>
  <attribute name="Output I" value="2568"/>
  <attribute name="Output T" value="16"/>
  <attribute name= "Current Time Running" value="50000" />
  <attribute name="GC Util currently" value="0" />
  <attribute name="CPU Util currently" value="14" />
<allocation-satisfied id="771" threadId="0000000001682E00" bytesRequested="16" />
<af-end id="772" timestamp="2019-08-09T17:54:04.070" threadId="0000000001683788" success="true" from="nursery"/>
<exclusive-end id="773" timestamp="2019-08-09T17:54:04.070" durationms="2.818" />

<exclusive-start id="774" timestamp="2019-08-09T17:54:06.002" intervalms="1935.076">
  <response-info timems="0.917" idlems="0.917" threads="0" lastid="000000000169D100" lastname="node-0" />
</exclusive-start>
<af-start id="775" threadId="000000000169DA88" totalBytesRequested="32" timestamp="2019-08-09T17:54:06.002" intervalms="1934.797" type="nursery" />
<cycle-start id="776" type="scavenge" contextid="0" timestamp="2019-08-09T17:54:06.002" intervalms="1934.794" />
<gc-start id="777" type="scavenge" contextid="776" timestamp="2019-08-09T17:54:06.002">
  <mem-info id="778" free="734640" total="12910592" percent="5">
    <mem type="nursery" free="0" total="4325376" percent="0">
      <mem type="allocate" free="0" total="3866624" percent="0" />
      <mem type="survivor" free="0" total="458752" percent="0" />
    </mem>
    <mem type="tenure" free="734640" total="8585216" percent="8">
      <mem type="soa" free="305584" total="8156160" percent="3" />
      <mem type="loa" free="429056" total="429056" percent="100" />
    </mem>
    <remembered-set count="458" />
  </mem-info>
</gc-start>
<allocation-stats totalBytes="3670456" >
  <allocated-bytes non-tlh="16" tlh="3670440" />
  <largest-consumer threadName="node-12" threadId="0000000001686A00" bytes="175696" />
</allocation-stats>
<gc-op id="779" type="scavenge" timems="2.002" contextid="776" timestamp="2019-08-09T17:54:06.004">
  <scavenger-info tenureage="2" tenuremask="400c" tiltratio="89" />
  <memory-copied type="nursery" objects="5166" bytes="123064" bytesdiscarded="22088" />
  <memory-copied type="tenure" objects="1875" bytes="45000" bytesdiscarded="0" />
</gc-op>
<gc-end id="780" type="scavenge" contextid="776" durationms="2.242" usertimems="1.993" systemtimems="1.329" timestamp="2019-08-09T17:54:06.004" activeThreads="16">
  <mem-info id="781" free="4407728" total="12910592" percent="34">
    <mem type="nursery" free="3721472" total="4325376" percent="86">
      <mem type="allocate" free="3721472" total="3866624" percent="96" />
      <mem type="survivor" free="0" total="458752" percent="0" />
    </mem>
    <mem type="tenure" free="686256" total="8585216" percent="7" macro-fragmented="3657">
      <mem type="soa" free="257200" total="8156160" percent="3" />
      <mem type="loa" free="429056" total="429056" percent="100" />
    </mem>
    <remembered-set count="350" />
  </mem-info>
</gc-end>
<cycle-end id="782" type="scavenge" contextid="776" timestamp="2019-08-09T17:54:06.004" />
  <attribute name="elasticGC enabled" value="1" />
  <attribute name= "numThreadsSpecified" value="16" />
  <attribute name="heapSize specified" value="12779520" />
  <attribute name="Current GC Util" value="0" />
  <attribute name= "Current Time Running" value="51935" />
  <attribute name ="GC Interval" value="2105" />
  <attribute name="Target GC Util Change" value ="80.000000" />
  <attribute name="Current GC Util Change" value="0.000000"/>
  <attribute name="Current Error" value="80.000000" />
  <attribute name="Output H" value="12986368"/>
  <attribute name="Output I" value="2104"/>
  <attribute name="Output T" value="16"/>
  <attribute name= "Current Time Running" value="51935" />
  <attribute name="GC Util currently" value="0" />
  <attribute name="CPU Util currently" value="15" />
<allocation-satisfied id="783" threadId="000000000169D100" bytesRequested="32" />
<af-end id="784" timestamp="2019-08-09T17:54:06.004" threadId="000000000169DA88" success="true" from="nursery"/>
<exclusive-end id="785" timestamp="2019-08-09T17:54:06.004" durationms="2.559" />

<exclusive-start id="786" timestamp="2019-08-09T17:54:08.279" intervalms="2277.449">
  <response-info timems="0.556" idlems="0.556" threads="0" lastid="000000000168A600" lastname="node-4" />
</exclusive-start>
<af-start id="787" threadId="000000000168AF88" totalBytesRequested="24" timestamp="2019-08-09T17:54:08.279" intervalms="2277.474" type="nursery" />
<cycle-start id="788" type="scavenge" contextid="0" timestamp="2019-08-09T17:54:08.279" intervalms="2277.485" />
<gc-start id="789" type="scavenge" contextid="788" timestamp="2019-08-09T17:54:08.279">
  <mem-info id="790" free="686256" total="12910592" percent="5">
    <mem type="nursery" free="0" total="4325376" percent="0">
      <mem type="allocate" free="0" total="3866624" percent="0" />
      <mem type="survivor" free="0" total="458752" percent="0" />
    </mem>
    <mem type="tenure" free="686256" total="8585216" percent="7">
      <mem type="soa" free="257200" total="8156160" percent="3" />
      <mem type="loa" free="429056" total="429056" percent="100" />
    </mem>
    <remembered-set count="463" />
  </mem-info>
</gc-start>
<allocation-stats totalBytes="3718104" >
  <allocated-bytes non-tlh="32" tlh="3718072" />
  <largest-consumer threadName="node-0" threadId="000000000169D100" bytes="183840" />
</allocation-stats>
<gc-op id="791" type="scavenge" timems="3.092" contextid="788" timestamp="2019-08-09T17:54:08.283">
  <scavenger-info tenureage="2" tenuremask="4004" tiltratio="89" />
  <memory-copied type="nursery" objects="5636" bytes="136976" bytesdiscarded="40432" />
  <memory-copied type="tenure" objects="2537" bytes="60888" bytesdiscarded="0" />
</gc-op>
<gc-end id="792" type="scavenge" contextid="788" durationms="3.670" usertimems="3.688" systemtimems="3.564" timestamp="2019-08-09T17:54:08.283" activeThreads="16">
  <mem-info id="793" free="4310960" total="12910592" percent="33">
    <mem type="nursery" free="3689216" total="4325376" percent="85">
      <mem type="allocate" free="3689216" total="3866624" percent="95" />
      <mem type="survivor" free="0" total="458752" percent="0" />
    </mem>
    <mem type="tenure" free="621744" total="8585216" percent="7" macro-fragmented="5266">
      <mem type="soa" free="192688" total="8156160" percent="2" />
      <mem type="loa" free="429056" total="429056" percent="100" />
    </mem>
    <remembered-set count="375" />
  </mem-info>
</gc-end>
<cycle-end id="794" type="scavenge" contextid="788" timestamp="2019-08-09T17:54:08.283" />
  <attribute name="elasticGC enabled" value="1" />
  <attribute name= "numThreadsSpecified" value="16" />
  <attribute name="heapSize specified" value="12779520" />
  <attribute name="Current GC Util" value="0" />
  <attribute name= "Current Time Running" value="54213" />
  <attribute name ="GC Interval" value="2193" />
  <attribute name="Target GC Util Change" value ="80.000000" />
  <attribute name="Current GC Util Change" value="0.000000"/>
  <attribute name="Current Error" value="160.000000" />
  <attribute name="Output H" value="12986456"/>
  <attribute name="Output I" value="2192"/>
  <attribute name="Output T" value="16"/>
  <attribute name= "Current Time Running" value="54213" />
  <attribute name="GC Util currently" value="0" />
  <attribute name="CPU Util currently" value="16" />
<allocation-satisfied id="795" threadId="000000000168A600" bytesRequested="24" />
<af-end id="796" timestamp="2019-08-09T17:54:08.283" threadId="000000000168AF88" success="true" from="nursery"/>
<exclusive-end id="797" timestamp="2019-08-09T17:54:08.283" durationms="3.987" />

<exclusive-start id="798" timestamp="2019-08-09T17:54:10.213" intervalms="1934.083">
  <response-info timems="0.027" idlems="0.027" threads="0" lastid="0000000001673E00" lastname="node-1" />
</exclusive-start>
<af-start id="799" threadId="0000000001674788" totalBytesRequested="32" timestamp="2019-08-09T17:54:10.214" intervalms="1934.269" type="nursery" />
<cycle-start id="800" type="scavenge" contextid="0" timestamp="2019-08-09T17:54:10.214" intervalms="1934.283" />
<gc-start id="801" type="scavenge" contextid="800" timestamp="2019-08-09T17:54:10.214">
  <mem-info id="802" free="621744" total="12910592" percent="4">
    <mem type="nursery" free="0" total="4325376" percent="0">
      <mem type="allocate" free="0" total="3866624" percent="0" />
      <mem type="survivor" free="0" total="458752" percent="0" />
    </mem>
    <mem type="tenure" free="621744" total="8585216" percent="7">
      <mem type="soa" free="192688" total="8156160" percent="2" />
      <mem type="loa" free="429056" total="429056" percent="100" />
    </mem>
    <remembered-set count="462" />
  </mem-info>
</gc-start>
<allocation-stats totalBytes="3687040" >
  <allocated-bytes non-tlh="24" tlh="3687016" />
  <largest-consumer threadName="node-3" threadId="0000000001677A00" bytes="163824" />
</allocation-stats>
<gc-op id="803" type="scavenge" timems="3.842" contextid="800" timestamp="2019-08-09T17:54:10.218">
  <scavenger-info tenureage="2" tenuremask="4004" tiltratio="89" />
  <memory-copied type="nursery" objects="5325" bytes="126880" bytesdiscarded="82784" />
  <memory-copied type="tenure" objects="2514" bytes="60336" bytesdiscarded="0" />
</gc-op>
<gc-end id="804" type="scavenge" contextid="800" durationms="4.479" usertimems="2.108" systemtimems="4.196" timestamp="2019-08-09T17:54:10.218" activeThreads="16">
  <mem-info id="805" free="4214192" total="12910592" percent="32">
    <mem type="nursery" free="3656960" total="4325376" percent="84">
      <mem type="allocate" free="3656960" total="3866624" percent="94" />
      <mem type="survivor" free="0" total="458752" percent="0" />
    </mem>
    <mem type="tenure" free="557232" total="8585216" percent="6" macro-fragmented="0">
      <mem type="soa" free="128176" total="8156160" percent="1" />
      <mem type="loa" free="429056" total="429056" percent="100" />
    </mem>
    <remembered-set count="347" />
  </mem-info>
</gc-end>
<cycle-end id="806" type="scavenge" contextid="800" timestamp="2019-08-09T17:54:10.218" />
  <attribute name="elasticGC enabled" value="1" />
  <attribute name= "numThreadsSpecified" value="16" />
  <attribute name="heapSize specified" value="12779520" />
  <attribute name="Current GC Util" value="0" />
  <attribute name= "Current Time Running" value="56147" />
  <attribute name ="GC Interval" value="2289" />
  <attribute name="Target GC Util Change" value ="80.000000" />
  <attribute name="Current GC Util Change" value="0.000000"/>
  <attribute name="Current Error" value="240.000000" />
  <attribute name="Output H" value="12986552"/>
  <attribute name="Output I" value="2288"/>
  <attribute name="Output T" value="16"/>
  <attribute name= "Current Time Running" value="56147" />
  <attribute name="GC Util currently" value="0" />
  <attribute name="CPU Util currently" value="14" />
<allocation-satisfied id="807" threadId="0000000001673E00" bytesRequested="32" />
<af-end id="808" timestamp="2019-08-09T17:54:10.218" threadId="0000000001674788" success="true" from="nursery"/>
<exclusive-end id="809" timestamp="2019-08-09T17:54:10.218" durationms="5.049" />

<concurrent-kickoff id="810" timestamp="2019-08-09T17:54:11.703">
  <kickoff reason="threshold reached" targetBytes="5352789" thresholdFreeBytes="735306"  remainingFree="728288" tenureFreeBytes="557232" nurseryFreeBytes="728288" />
</concurrent-kickoff>
<exclusive-start id="811" timestamp="2019-08-09T17:54:11.704" intervalms="1490.585">
  <response-info timems="0.616" idlems="0.616" threads="0" lastid="000000000168E200" lastname="node-8" />
</exclusive-start>
<cycle-start id="812" type="global" contextid="0" timestamp="2019-08-09T17:54:11.704" intervalms="38401.979" />
<exclusive-end id="813" timestamp="2019-08-09T17:54:11.704" durationms="0.032" />

<exclusive-start id="814" timestamp="2019-08-09T17:54:11.768" intervalms="64.374">
  <response-info timems="0.027" idlems="0.027" threads="0" lastid="00000000016A0D00" lastname="node-19" />
</exclusive-start>
<af-start id="815" threadId="00000000016A1688" totalBytesRequested="432" timestamp="2019-08-09T17:54:11.768" intervalms="1554.791" type="nursery" />
<percolate-collect id="816" from="nursery" to="global" reason="concurrent mark exhausted" timestamp="2019-08-09T17:54:11.769"/>
<gc-start id="817" type="global" contextid="812" timestamp="2019-08-09T17:54:11.769">
  <mem-info id="818" free="557232" total="12910592" percent="4">
    <mem type="nursery" free="0" total="4325376" percent="0">
      <mem type="allocate" free="0" total="3866624" percent="0" />
      <mem type="survivor" free="0" total="458752" percent="0" />
    </mem>
    <mem type="tenure" free="557232" total="8585216" percent="6">
      <mem type="soa" free="128176" total="8156160" percent="1" />
      <mem type="loa" free="429056" total="429056" percent="100" />
    </mem>
    <remembered-set count="458" />
  </mem-info>
</gc-start>
<allocation-stats totalBytes="3655128" >
  <allocated-bytes non-tlh="32" tlh="3655096" />
  <largest-consumer threadName="node-8" threadId="000000000168E200" bytes="163840" />
</allocation-stats>
<heap-resize id="819" type="loa contract" space="tenure" amount="86016" count="1" timems="0.001" reason="contract underutilized loa" timestamp="2019-08-09T17:54:11.769" />
<concurrent-halted id="820" timestamp="2019-08-09T17:54:11.769">
  <halted state="Complete" status="exhausted" />
  <traced bytesTarget="5352789" bytesTotal="5297960" bytesByMutator="155440" bytesByHelper="5142520" percent="98" />
  <cards cleaned="96" thresholdBytes="289666" />
</concurrent-halted>
<gc-op id="821" type="rs-scan" timems="2.152" contextid="812" timestamp="2019-08-09T17:54:11.771">
  <scan objectsFound="128" bytesTraced="9936" workStackOverflowCount="0" />
</gc-op>
<gc-op id="822" type="card-cleaning" timems="1.618" contextid="812" timestamp="2019-08-09T17:54:11.772">
  <card-cleaning cardsCleaned="42" bytesTraced="47328" workStackOverflowCount="0" />
</gc-op>
<gc-op id="823" type="mark" timems="3.280" contextid="812" timestamp="2019-08-09T17:54:11.776">
  <trace-info objectcount="293" scancount="245" scanbytes="6276" />
  <finalization candidates="13" enqueued="0" />
  <references type="soft" candidates="45" cleared="0" enqueued="0" dynamicThreshold="7" maxThreshold="32" />
  <references type="weak" candidates="130" cleared="0" enqueued="0" />
  <references type="phantom" candidates="33" cleared="0" enqueued="0" />
  <stringconstants candidates="3834" cleared="0"  />
</gc-op>
<gc-op id="824" type="sweep" timems="0.488" contextid="812" timestamp="2019-08-09T17:54:11.776" />
<mem-info id="825" free="5581352" total="12910592" percent="43">
  <mem type="nursery" free="3853128" total="4325376" percent="89">
    <mem type="allocate" free="3853128" total="3866624" percent="99" />
    <mem type="survivor" free="0" total="458752" percent="0" />
  </mem>
  <mem type="tenure" free="1728224" total="8585216" percent="20" micro-fragmented="768" macro-fragmented="418667">
    <mem type="soa" free="1385184" total="8242176" percent="16" />
    <mem type="loa" free="343040" total="343040" percent="100" />
  </mem>
  <remembered-set count="360" />
</mem-info>
<gc-op id="826" type="compact" timems="17.120" contextid="812" timestamp="2019-08-09T17:54:11.794">
  <compact-info movecount="2558" movebytes="158248" reason="compact to aid heap contraction" />
</gc-op>
<heap-resize id="827" type="expand" space="tenure" amount="131072" count="1" timems="0.024" reason="satisfy allocation request" timestamp="2019-08-09T17:54:11.795" />
<heap-resize id="828" type="loa contract" space="tenure" amount="261120" count="1" timems="0.001" reason="contract to meet minimum soa" timestamp="2019-08-09T17:54:11.795" />
<gc-end id="829" type="global" contextid="812" durationms="26.394" usertimems="21.637" systemtimems="15.862" timestamp="2019-08-09T17:54:11.795" activeThreads="16">
  <mem-info id="830" free="5716032" total="13041664" percent="43">
    <mem type="nursery" free="3856472" total="4325376" percent="89">
      <mem type="allocate" free="3856472" total="3866624" percent="99" />
      <mem type="survivor" free="0" total="458752" percent="0" />
    </mem>
    <mem type="tenure" free="1859560" total="8716288" percent="21">
      <mem type="soa" free="1772520" total="8629248" percent="20" />
      <mem type="loa" free="87040" total="87040" percent="100" />
    </mem>
    <remembered-set count="360" />
  </mem-info>
</gc-end>
<cycle-end id="831" type="global" contextid="812" timestamp="2019-08-09T17:54:11.795" />
  <attribute name="elasticGC enabled" value="1" />
  <attribute name= "numThreadsSpecified" value="16" />
  <attribute name="heapSize specified" value="12910592" />
  <attribute name="Current GC Util" value="68" />
  <attribute name= "Current Time Running" value="57727" />
  <attribute name ="GC Interval" value="2289" />
  <attribute name="Target GC Util Change" value ="80.000000" />
  <attribute name="Current GC Util Change" value="68.000000"/>
  <attribute name="Current Error" value="66.000000" />
  <attribute name="Output H" value="12986352"/>
  <attribute name="Output I" value="2088"/>
  <attribute name="Output T" value="16"/>
  <attribute name= "Current Time Running" value="57727" />
  <attribute name="GC Util currently" value="68" />
  <attribute name="CPU Util currently" value="66986209949" />
<allocation-satisfied id="832" threadId="00000000016A0D00" bytesRequested="432" />
<af-end id="833" timestamp="2019-08-09T17:54:11.795" threadId="00000000016A1688" success="true" from="nursery"/>
<exclusive-end id="834" timestamp="2019-08-09T17:54:11.795" durationms="26.835" />

<exclusive-start id="835" timestamp="2019-08-09T17:54:13.692" intervalms="1923.818">
  <response-info timems="0.022" idlems="0.022" threads="0" lastid="0000000001655F00" lastname="node-7" />
</exclusive-start>
<af-start id="836" threadId="0000000001656888" totalBytesRequested="24" timestamp="2019-08-09T17:54:13.692" intervalms="1923.765" type="nursery" />
<cycle-start id="837" type="scavenge" contextid="0" timestamp="2019-08-09T17:54:13.692" intervalms="3478.529" />
<gc-start id="838" type="scavenge" contextid="837" timestamp="2019-08-09T17:54:13.692">
  <mem-info id="839" free="1859560" total="13041664" percent="14">
    <mem type="nursery" free="0" total="4325376" percent="0">
      <mem type="allocate" free="0" total="3866624" percent="0" />
      <mem type="survivor" free="0" total="458752" percent="0" />
    </mem>
    <mem type="tenure" free="1859560" total="8716288" percent="21">
      <mem type="soa" free="1772520" total="8629248" percent="20" />
      <mem type="loa" free="87040" total="87040" percent="100" />
    </mem>
    <remembered-set count="395" />
  </mem-info>
</gc-start>
<allocation-stats totalBytes="3853840" >
  <allocated-bytes non-tlh="432" tlh="3853408" />
  <largest-consumer threadName="node-9" threadId="00000000016A4900" bytes="208856" />
</allocation-stats>
<gc-op id="840" type="scavenge" timems="2.419" contextid="837" timestamp="2019-08-09T17:54:13.695">
  <scavenger-info tenureage="2" tenuremask="4004" tiltratio="89" />
  <memory-copied type="nursery" objects="2617" bytes="64520" bytesdiscarded="48376" />
</gc-op>
<gc-end id="841" type="scavenge" contextid="837" durationms="2.647" usertimems="1.778" systemtimems="3.540" timestamp="2019-08-09T17:54:13.695" activeThreads="16">
  <mem-info id="842" free="5613288" total="13041664" percent="43">
    <mem type="nursery" free="3753728" total="4325376" percent="86">
      <mem type="allocate" free="3753728" total="3866624" percent="97" />
      <mem type="survivor" free="0" total="458752" percent="0" />
    </mem>
    <mem type="tenure" free="1859560" total="8716288" percent="21" macro-fragmented="1500163">
      <mem type="soa" free="1772520" total="8629248" percent="20" />
      <mem type="loa" free="87040" total="87040" percent="100" />
    </mem>
    <remembered-set count="335" />
  </mem-info>
</gc-end>
<cycle-end id="843" type="scavenge" contextid="837" timestamp="2019-08-09T17:54:13.695" />
  <attribute name="elasticGC enabled" value="1" />
  <attribute name= "numThreadsSpecified" value="16" />
  <attribute name="heapSize specified" value="12910592" />
  <attribute name="Current GC Util" value="1" />
  <attribute name= "Current Time Running" value="59625" />
  <attribute name ="GC Interval" value="2177" />
  <attribute name="Target GC Util Change" value ="80.000000" />
  <attribute name="Current GC Util Change" value="1.000000"/>
  <attribute name="Current Error" value="145.000000" />
  <attribute name="Output H" value="13117512"/>
  <attribute name="Output I" value="2176"/>
  <attribute name="Output T" value="16"/>
  <attribute name= "Current Time Running" value="59625" />
  <attribute name="GC Util currently" value="1" />
  <attribute name="CPU Util currently" value="14" />
<allocation-satisfied id="844" threadId="0000000001655F00" bytesRequested="24" />
<af-end id="845" timestamp="2019-08-09T17:54:13.695" threadId="0000000001656888" success="true" from="nursery"/>
<exclusive-end id="846" timestamp="2019-08-09T17:54:13.695" durationms="2.875" />

<exclusive-start id="847" timestamp="2019-08-09T17:54:15.911" intervalms="2219.127">
  <response-info timems="0.045" idlems="0.045" threads="0" lastid="0000000001664F00" lastname="node-14" />
</exclusive-start>
<af-start id="848" threadId="0000000001665888" totalBytesRequested="32" timestamp="2019-08-09T17:54:15.911" intervalms="2219.137" type="nursery" />
<cycle-start id="849" type="scavenge" contextid="0" timestamp="2019-08-09T17:54:15.911" intervalms="2219.145" />
<gc-start id="850" type="scavenge" contextid="849" timestamp="2019-08-09T17:54:15.911">
  <mem-info id="851" free="1859560" total="13041664" percent="14">
    <mem type="nursery" free="0" total="4325376" percent="0">
      <mem type="allocate" free="0" total="3866624" percent="0" />
      <mem type="survivor" free="0" total="458752" percent="0" />
    </mem>
    <mem type="tenure" free="1859560" total="8716288" percent="21">
      <mem type="soa" free="1772520" total="8629248" percent="20" />
      <mem type="loa" free="87040" total="87040" percent="100" />
    </mem>
    <remembered-set count="429" />
  </mem-info>
</gc-start>
<allocation-stats totalBytes="3751128" >
  <allocated-bytes non-tlh="24" tlh="3751104" />
  <largest-consumer threadName="node-21" threadId="00000000016AC100" bytes="163824" />
</allocation-stats>
<gc-op id="852" type="scavenge" timems="1.453" contextid="849" timestamp="2019-08-09T17:54:15.913">
  <scavenger-info tenureage="14" tenuremask="4000" tiltratio="89" />
  <memory-copied type="nursery" objects="5716" bytes="138896" bytesdiscarded="38512" />
</gc-op>
<gc-end id="853" type="scavenge" contextid="849" durationms="1.929" usertimems="1.224" systemtimems="2.443" timestamp="2019-08-09T17:54:15.913" activeThreads="16">
  <mem-info id="854" free="5548776" total="13041664" percent="42">
    <mem type="nursery" free="3689216" total="4325376" percent="85">
      <mem type="allocate" free="3689216" total="3866624" percent="95" />
      <mem type="survivor" free="0" total="458752" percent="0" />
    </mem>
    <mem type="tenure" free="1859560" total="8716288" percent="21" macro-fragmented="348889">
      <mem type="soa" free="1772520" total="8629248" percent="20" />
      <mem type="loa" free="87040" total="87040" percent="100" />
    </mem>
    <remembered-set count="373" />
  </mem-info>
</gc-end>
<cycle-end id="855" type="scavenge" contextid="849" timestamp="2019-08-09T17:54:15.913" />
  <attribute name="elasticGC enabled" value="1" />
  <attribute name= "numThreadsSpecified" value="16" />
  <attribute name="heapSize specified" value="12910592" />
  <attribute name="Current GC Util" value="0" />
  <attribute name= "Current Time Running" value="61845" />
  <attribute name ="GC Interval" value="2273" />
  <attribute name="Target GC Util Change" value ="80.000000" />
  <attribute name="Current GC Util Change" value="0.000000"/>
  <attribute name="Current Error" value="225.000000" />
  <attribute name="Output H" value="13117608"/>
  <attribute name="Output I" value="2272"/>
  <attribute name="Output T" value="16"/>
  <attribute name= "Current Time Running" value="61845" />
  <attribute name="GC Util currently" value="0" />
  <attribute name="CPU Util currently" value="14" />
<allocation-satisfied id="856" threadId="0000000001664F00" bytesRequested="32" />
<af-end id="857" timestamp="2019-08-09T17:54:15.913" threadId="0000000001665888" success="true" from="nursery"/>
<exclusive-end id="858" timestamp="2019-08-09T17:54:15.913" durationms="2.137" />

<exclusive-start id="859" timestamp="2019-08-09T17:54:17.574" intervalms="1662.837">
  <response-info timems="0.592" idlems="0.592" threads="0" lastid="0000000001673E00" lastname="node-1" />
</exclusive-start>
<af-start id="860" threadId="0000000001674788" totalBytesRequested="16" timestamp="2019-08-09T17:54:17.574" intervalms="1662.951" type="nursery" />
<cycle-start id="861" type="scavenge" contextid="0" timestamp="2019-08-09T17:54:17.574" intervalms="1662.952" />
<gc-start id="862" type="scavenge" contextid="861" timestamp="2019-08-09T17:54:17.574">
  <mem-info id="863" free="1859560" total="13041664" percent="14">
    <mem type="nursery" free="0" total="4325376" percent="0">
      <mem type="allocate" free="0" total="3866624" percent="0" />
      <mem type="survivor" free="0" total="458752" percent="0" />
    </mem>
    <mem type="tenure" free="1859560" total="8716288" percent="21">
      <mem type="soa" free="1772520" total="8629248" percent="20" />
      <mem type="loa" free="87040" total="87040" percent="100" />
    </mem>
    <remembered-set count="459" />
  </mem-info>
</gc-start>
<allocation-stats totalBytes="3686824" >
  <allocated-bytes non-tlh="32" tlh="3686792" />
  <largest-consumer threadName="node-14" threadId="0000000001664F00" bytes="163840" />
</allocation-stats>
<gc-op id="864" type="scavenge" timems="3.252" contextid="861" timestamp="2019-08-09T17:54:17.578">
  <scavenger-info tenureage="14" tenuremask="4000" tiltratio="89" />
  <memory-copied type="nursery" objects="7783" bytes="191968" bytesdiscarded="33824" />
</gc-op>
<gc-end id="865" type="scavenge" contextid="861" durationms="3.890" usertimems="4.080" systemtimems="4.238" timestamp="2019-08-09T17:54:17.578" activeThreads="16">
  <mem-info id="866" free="5500392" total="13041664" percent="42">
    <mem type="nursery" free="3640832" total="4325376" percent="84">
      <mem type="allocate" free="3640832" total="3866624" percent="94" />
      <mem type="survivor" free="0" total="458752" percent="0" />
    </mem>
    <mem type="tenure" free="1859560" total="8716288" percent="21" macro-fragmented="1500163">
      <mem type="soa" free="1772520" total="8629248" percent="20" />
      <mem type="loa" free="87040" total="87040" percent="100" />
    </mem>
    <remembered-set count="391" />
  </mem-info>
</gc-end>
<cycle-end id="867" type="scavenge" contextid="861" timestamp="2019-08-09T17:54:17.578" />
  <attribute name="elasticGC enabled" value="1" />
  <attribute name= "numThreadsSpecified" value="16" />
  <attribute name="heapSize specified" value="12910592" />
  <attribute name="Current GC Util" value="0" />
  <attribute name= "Current Time Running" value="63508" />
  <attribute name ="GC Interval" value="2105" />
  <attribute name="Target GC Util Change" value ="80.000000" />
  <attribute name="Current GC Util Change" value="0.000000"/>
  <attribute name="Current Error" value="80.000000" />
  <attribute name="Output H" value="13117440"/>
  <attribute name="Output I" value="2104"/>
  <attribute name="Output T" value="16"/>
  <attribute name= "Current Time Running" value="63508" />
  <attribute name="GC Util currently" value="0" />
  <attribute name="CPU Util currently" value="14" />
<allocation-satisfied id="868" threadId="0000000001673E00" bytesRequested="16" />
<af-end id="869" timestamp="2019-08-09T17:54:17.578" threadId="0000000001674788" success="true" from="nursery"/>
<exclusive-end id="870" timestamp="2019-08-09T17:54:17.578" durationms="4.276" />

<exclusive-start id="871" timestamp="2019-08-09T17:54:19.047" intervalms="1473.201">
  <response-info timems="0.024" idlems="0.024" threads="0" lastid="000000000167F200" lastname="node-6" />
</exclusive-start>
<af-start id="872" threadId="000000000167FB88" totalBytesRequested="32" timestamp="2019-08-09T17:54:19.047" intervalms="1473.151" type="nursery" />
<cycle-start id="873" type="scavenge" contextid="0" timestamp="2019-08-09T17:54:19.047" intervalms="1473.149" />
<gc-start id="874" type="scavenge" contextid="873" timestamp="2019-08-09T17:54:19.048">
  <mem-info id="875" free="1859560" total="13041664" percent="14">
    <mem type="nursery" free="0" total="4325376" percent="0">
      <mem type="allocate" free="0" total="3866624" percent="0" />
      <mem type="survivor" free="0" total="458752" percent="0" />
    </mem>
    <mem type="tenure" free="1859560" total="8716288" percent="21">
      <mem type="soa" free="1772520" total="8629248" percent="20" />
      <mem type="loa" free="87040" total="87040" percent="100" />
    </mem>
    <remembered-set count="490" />
  </mem-info>
</gc-start>
<allocation-stats totalBytes="3637424" >
  <allocated-bytes non-tlh="16" tlh="3637408" />
  <largest-consumer threadName="node-9" threadId="00000000016A4900" bytes="163832" />
</allocation-stats>
<gc-op id="876" type="scavenge" timems="2.954" contextid="873" timestamp="2019-08-09T17:54:19.050">
  <scavenger-info tenureage="3" tenuremask="4008" tiltratio="89" />
  <memory-copied type="nursery" objects="7091" bytes="171896" bytesdiscarded="37768" />
  <memory-copied type="tenure" objects="2477" bytes="59448" bytesdiscarded="0" />
</gc-op>
<gc-end id="877" type="scavenge" contextid="873" durationms="3.394" usertimems="1.992" systemtimems="5.240" timestamp="2019-08-09T17:54:19.051" activeThreads="16">
  <mem-info id="878" free="5452008" total="13041664" percent="41">
    <mem type="nursery" free="3656960" total="4325376" percent="84">
      <mem type="allocate" free="3656960" total="3866624" percent="94" />
      <mem type="survivor" free="0" total="458752" percent="0" />
    </mem>
    <mem type="tenure" free="1795048" total="8716288" percent="20" macro-fragmented="1500163">
      <mem type="soa" free="1708008" total="8629248" percent="19" />
      <mem type="loa" free="87040" total="87040" percent="100" />
    </mem>
    <remembered-set count="403" />
  </mem-info>
</gc-end>
<cycle-end id="879" type="scavenge" contextid="873" timestamp="2019-08-09T17:54:19.051" />
  <attribute name="elasticGC enabled" value="1" />
  <attribute name= "numThreadsSpecified" value="16" />
  <attribute name="heapSize specified" value="12910592" />
  <attribute name="Current GC Util" value="0" />
  <attribute name= "Current Time Running" value="64981" />
  <attribute name ="GC Interval" value="2193" />
  <attribute name="Target GC Util Change" value ="80.000000" />
  <attribute name="Current GC Util Change" value="0.000000"/>
  <attribute name="Current Error" value="160.000000" />
  <attribute name="Output H" value="13117528"/>
  <attribute name="Output I" value="2192"/>
  <attribute name="Output T" value="16"/>
  <attribute name= "Current Time Running" value="64981" />
  <attribute name="GC Util currently" value="0" />
  <attribute name="CPU Util currently" value="13" />
<allocation-satisfied id="880" threadId="000000000167F200" bytesRequested="32" />
<af-end id="881" timestamp="2019-08-09T17:54:19.051" threadId="000000000167FB88" success="true" from="nursery"/>
<exclusive-end id="882" timestamp="2019-08-09T17:54:19.051" durationms="3.689" />

<exclusive-start id="883" timestamp="2019-08-09T17:54:20.458" intervalms="1411.120">
  <response-info timems="0.278" idlems="0.151" threads="1" lastid="0000000001682E00" lastname="node-24" />
</exclusive-start>
<af-start id="884" threadId="000000000169DA88" totalBytesRequested="496" timestamp="2019-08-09T17:54:20.458" intervalms="1411.061" type="nursery" />
<cycle-start id="885" type="scavenge" contextid="0" timestamp="2019-08-09T17:54:20.459" intervalms="1411.057" />
<gc-start id="886" type="scavenge" contextid="885" timestamp="2019-08-09T17:54:20.459">
  <mem-info id="887" free="1795048" total="13041664" percent="13">
    <mem type="nursery" free="0" total="4325376" percent="0">
      <mem type="allocate" free="0" total="3866624" percent="0" />
      <mem type="survivor" free="0" total="458752" percent="0" />
    </mem>
    <mem type="tenure" free="1795048" total="8716288" percent="20">
      <mem type="soa" free="1708008" total="8629248" percent="19" />
      <mem type="loa" free="87040" total="87040" percent="100" />
    </mem>
    <remembered-set count="485" />
  </mem-info>
</gc-start>
<allocation-stats totalBytes="3652056" >
  <allocated-bytes non-tlh="32" tlh="3652024" />
  <largest-consumer threadName="node-4" threadId="000000000168A600" bytes="163832" />
</allocation-stats>
<gc-op id="888" type="scavenge" timems="1.999" contextid="885" timestamp="2019-08-09T17:54:20.461">
  <scavenger-info tenureage="3" tenuremask="4008" tiltratio="89" />
  <memory-copied type="nursery" objects="5940" bytes="149800" bytesdiscarded="75992" />
  <memory-copied type="tenure" objects="3097" bytes="74328" bytesdiscarded="0" />
</gc-op>
<gc-end id="889" type="scavenge" contextid="885" durationms="2.540" usertimems="4.722" systemtimems="1.507" timestamp="2019-08-09T17:54:20.461" activeThreads="16">
  <mem-info id="890" free="5355240" total="13041664" percent="41">
    <mem type="nursery" free="3640832" total="4325376" percent="84">
      <mem type="allocate" free="3640832" total="3866624" percent="94" />
      <mem type="survivor" free="0" total="458752" percent="0" />
    </mem>
    <mem type="tenure" free="1714408" total="8716288" percent="19" macro-fragmented="1250136">
      <mem type="soa" free="1627368" total="8629248" percent="18" />
      <mem type="loa" free="87040" total="87040" percent="100" />
    </mem>
    <remembered-set count="390" />
  </mem-info>
</gc-end>
<cycle-end id="891" type="scavenge" contextid="885" timestamp="2019-08-09T17:54:20.461" />
  <attribute name="elasticGC enabled" value="1" />
  <attribute name= "numThreadsSpecified" value="16" />
  <attribute name="heapSize specified" value="12910592" />
  <attribute name="Current GC Util" value="0" />
  <attribute name= "Current Time Running" value="66392" />
  <attribute name ="GC Interval" value="2289" />
  <attribute name="Target GC Util Change" value ="80.000000" />
  <attribute name="Current GC Util Change" value="0.000000"/>
  <attribute name="Current Error" value="240.000000" />
  <attribute name="Output H" value="13117624"/>
  <attribute name="Output I" value="2288"/>
  <attribute name="Output T" value="16"/>
  <attribute name= "Current Time Running" value="66392" />
  <attribute name="GC Util currently" value="0" />
  <attribute name="CPU Util currently" value="12" />
<allocation-satisfied id="892" threadId="000000000169D100" bytesRequested="496" />
<af-end id="893" timestamp="2019-08-09T17:54:20.461" threadId="000000000169DA88" success="true" from="nursery"/>
<exclusive-end id="894" timestamp="2019-08-09T17:54:20.461" durationms="2.807" />

<exclusive-start id="895" timestamp="2019-08-09T17:54:22.079" intervalms="1620.963">
  <response-info timems="0.502" idlems="0.502" threads="0" lastid="0000000001691D00" lastname="node-5" />
</exclusive-start>
<af-start id="896" threadId="0000000001692688" totalBytesRequested="16" timestamp="2019-08-09T17:54:22.079" intervalms="1620.980" type="nursery" />
<cycle-start id="897" type="scavenge" contextid="0" timestamp="2019-08-09T17:54:22.080" intervalms="1620.986" />
<gc-start id="898" type="scavenge" contextid="897" timestamp="2019-08-09T17:54:22.080">
  <mem-info id="899" free="1714408" total="13041664" percent="13">
    <mem type="nursery" free="0" total="4325376" percent="0">
      <mem type="allocate" free="0" total="3866624" percent="0" />
      <mem type="survivor" free="0" total="458752" percent="0" />
    </mem>
    <mem type="tenure" free="1714408" total="8716288" percent="19">
      <mem type="soa" free="1627368" total="8629248" percent="18" />
      <mem type="loa" free="87040" total="87040" percent="100" />
    </mem>
    <remembered-set count="477" />
  </mem-info>
</gc-start>
<allocation-stats totalBytes="3637824" >
  <allocated-bytes non-tlh="496" tlh="3637328" />
  <largest-consumer threadName="node-19" threadId="00000000016A0D00" bytes="163816" />
</allocation-stats>
<gc-op id="900" type="scavenge" timems="2.641" contextid="897" timestamp="2019-08-09T17:54:22.082">
  <scavenger-info tenureage="14" tenuremask="4000" tiltratio="89" />
  <memory-copied type="nursery" objects="8138" bytes="201176" bytesdiscarded="73000" />
</gc-op>
<gc-end id="901" type="scavenge" contextid="897" durationms="3.107" usertimems="3.641" systemtimems="1.989" timestamp="2019-08-09T17:54:22.083" activeThreads="16">
  <mem-info id="902" free="5306856" total="13041664" percent="40">
    <mem type="nursery" free="3592448" total="4325376" percent="83">
      <mem type="allocate" free="3592448" total="3866624" percent="92" />
      <mem type="survivor" free="0" total="458752" percent="0" />
    </mem>
    <mem type="tenure" free="1714408" total="8716288" percent="19" macro-fragmented="1041779">
      <mem type="soa" free="1627368" total="8629248" percent="18" />
      <mem type="loa" free="87040" total="87040" percent="100" />
    </mem>
    <remembered-set count="407" />
  </mem-info>
</gc-end>
<cycle-end id="903" type="scavenge" contextid="897" timestamp="2019-08-09T17:54:22.083" />
  <attribute name="elasticGC enabled" value="1" />
  <attribute name= "numThreadsSpecified" value="16" />
  <attribute name="heapSize specified" value="12910592" />
  <attribute name="Current GC Util" value="0" />
  <attribute name= "Current Time Running" value="68013" />
  <attribute name ="GC Interval" value="2385" />
  <attribute name="Target GC Util Change" value ="80.000000" />
  <attribute name="Current GC Util Change" value="0.000000"/>
  <attribute name="Current Error" value="320.000000" />
  <attribute name="Output H" value="13117720"/>
  <attribute name="Output I" value="2384"/>
  <attribute name="Output T" value="16"/>
  <attribute name= "Current Time Running" value="68013" />
  <attribute name="GC Util currently" value="0" />
  <attribute name="CPU Util currently" value="14" />
<allocation-satisfied id="904" threadId="0000000001691D00" bytesRequested="16" />
<af-end id="905" timestamp="2019-08-09T17:54:22.083" threadId="0000000001692688" success="true" from="nursery"/>
<exclusive-end id="906" timestamp="2019-08-09T17:54:22.083" durationms="3.359" />

<exclusive-start id="907" timestamp="2019-08-09T17:54:23.715" intervalms="1635.489">
  <response-info timems="0.379" idlems="0.379" threads="0" lastid="000000000168A600" lastname="node-4" />
</exclusive-start>
<af-start id="908" threadId="000000000168AF88" totalBytesRequested="16" timestamp="2019-08-09T17:54:23.715" intervalms="1635.484" type="nursery" />
<cycle-start id="909" type="scavenge" contextid="0" timestamp="2019-08-09T17:54:23.715" intervalms="1635.482" />
<gc-start id="910" type="scavenge" contextid="909" timestamp="2019-08-09T17:54:23.715">
  <mem-info id="911" free="1714408" total="13041664" percent="13">
    <mem type="nursery" free="0" total="4325376" percent="0">
      <mem type="allocate" free="0" total="3866624" percent="0" />
      <mem type="survivor" free="0" total="458752" percent="0" />
    </mem>
    <mem type="tenure" free="1714408" total="8716288" percent="19">
      <mem type="soa" free="1627368" total="8629248" percent="18" />
      <mem type="loa" free="87040" total="87040" percent="100" />
    </mem>
    <remembered-set count="506" />
  </mem-info>
</gc-start>
<allocation-stats totalBytes="3589776" >
  <allocated-bytes non-tlh="16" tlh="3589760" />
  <largest-consumer threadName="node-9" threadId="00000000016A4900" bytes="163832" />
</allocation-stats>
<gc-op id="912" type="scavenge" timems="1.653" contextid="909" timestamp="2019-08-09T17:54:23.717">
  <scavenger-info tenureage="4" tenuremask="4010" tiltratio="89" />
  <memory-copied type="nursery" objects="8395" bytes="215552" bytesdiscarded="42496" />
  <memory-copied type="tenure" objects="2056" bytes="49344" bytesdiscarded="0" />
</gc-op>
<gc-end id="913" type="scavenge" contextid="909" durationms="2.065" usertimems="0.948" systemtimems="2.034" timestamp="2019-08-09T17:54:23.717" activeThreads="16">
  <mem-info id="914" free="5258472" total="13041664" percent="40">
    <mem type="nursery" free="3608576" total="4325376" percent="83">
      <mem type="allocate" free="3608576" total="3866624" percent="93" />
      <mem type="survivor" free="0" total="458752" percent="0" />
    </mem>
    <mem type="tenure" free="1649896" total="8716288" percent="18" macro-fragmented="868149">
      <mem type="soa" free="1562856" total="8629248" percent="18" />
      <mem type="loa" free="87040" total="87040" percent="100" />
    </mem>
    <remembered-set count="404" />
  </mem-info>
</gc-end>
<cycle-end id="915" type="scavenge" contextid="909" timestamp="2019-08-09T17:54:23.717" />
  <attribute name="elasticGC enabled" value="1" />
  <attribute name= "numThreadsSpecified" value="16" />
  <attribute name="heapSize specified" value="12910592" />
  <attribute name="Current GC Util" value="0" />
  <attribute name= "Current Time Running" value="69648" />
  <attribute name ="GC Interval" value="2473" />
  <attribute name="Target GC Util Change" value ="80.000000" />
  <attribute name="Current GC Util Change" value="0.000000"/>
  <attribute name="Current Error" value="400.000000" />
  <attribute name="Output H" value="13117808"/>
  <attribute name="Output I" value="2472"/>
  <attribute name="Output T" value="16"/>
  <attribute name= "Current Time Running" value="69648" />
  <attribute name="GC Util currently" value="0" />
  <attribute name="CPU Util currently" value="14" />
<allocation-satisfied id="916" threadId="000000000168A600" bytesRequested="16" />
<af-end id="917" timestamp="2019-08-09T17:54:23.717" threadId="000000000168AF88" success="true" from="nursery"/>
<exclusive-end id="918" timestamp="2019-08-09T17:54:23.717" durationms="2.367" />

<exclusive-start id="919" timestamp="2019-08-09T17:54:25.382" intervalms="1666.668">
  <response-info timems="0.030" idlems="0.030" threads="0" lastid="00000000016AC100" lastname="node-21" />
</exclusive-start>
<af-start id="920" threadId="00000000016ACA88" totalBytesRequested="24" timestamp="2019-08-09T17:54:25.382" intervalms="1666.664" type="nursery" />
<cycle-start id="921" type="scavenge" contextid="0" timestamp="2019-08-09T17:54:25.382" intervalms="1666.665" />
<gc-start id="922" type="scavenge" contextid="921" timestamp="2019-08-09T17:54:25.382">
  <mem-info id="923" free="1649896" total="13041664" percent="12">
    <mem type="nursery" free="0" total="4325376" percent="0">
      <mem type="allocate" free="0" total="3866624" percent="0" />
      <mem type="survivor" free="0" total="458752" percent="0" />
    </mem>
    <mem type="tenure" free="1649896" total="8716288" percent="18">
      <mem type="soa" free="1562856" total="8629248" percent="18" />
      <mem type="loa" free="87040" total="87040" percent="100" />
    </mem>
    <remembered-set count="510" />
  </mem-info>
</gc-start>
<allocation-stats totalBytes="3605984" >
  <allocated-bytes non-tlh="16" tlh="3605968" />
  <largest-consumer threadName="node-10" threadId="0000000001670200" bytes="163816" />
</allocation-stats>
<gc-op id="924" type="scavenge" timems="1.937" contextid="921" timestamp="2019-08-09T17:54:25.384">
  <scavenger-info tenureage="4" tenuremask="4010" tiltratio="89" />
  <memory-copied type="nursery" objects="8790" bytes="212672" bytesdiscarded="61504" />
  <memory-copied type="tenure" objects="1796" bytes="43104" bytesdiscarded="0" />
</gc-op>
<gc-end id="925" type="scavenge" contextid="921" durationms="2.488" usertimems="2.243" systemtimems="0.472" timestamp="2019-08-09T17:54:25.384" activeThreads="16">
  <mem-info id="926" free="5193960" total="13041664" percent="39">
    <mem type="nursery" free="3592448" total="4325376" percent="83">
      <mem type="allocate" free="3592448" total="3866624" percent="92" />
      <mem type="survivor" free="0" total="458752" percent="0" />
    </mem>
    <mem type="tenure" free="1601512" total="8716288" percent="18" macro-fragmented="0">
      <mem type="soa" free="1514472" total="8629248" percent="17" />
      <mem type="loa" free="87040" total="87040" percent="100" />
    </mem>
    <remembered-set count="426" />
  </mem-info>
</gc-end>
<cycle-end id="927" type="scavenge" contextid="921" timestamp="2019-08-09T17:54:25.384" />
  <attribute name="elasticGC enabled" value="1" />
  <attribute name= "numThreadsSpecified" value="16" />
  <attribute name="heapSize specified" value="12910592" />
  <attribute name="Current GC Util" value="0" />
  <attribute name= "Current Time Running" value="71315" />
  <attribute name ="GC Interval" value="2569" />
  <attribute name="Target GC Util Change" value ="80.000000" />
  <attribute name="Current GC Util Change" value="0.000000"/>
  <attribute name="Current Error" value="480.000000" />
  <attribute name="Output H" value="13117904"/>
  <attribute name="Output I" value="2568"/>
  <attribute name="Output T" value="16"/>
  <attribute name= "Current Time Running" value="71315" />
  <attribute name="GC Util currently" value="0" />
  <attribute name="CPU Util currently" value="14" />
<allocation-satisfied id="928" threadId="00000000016AC100" bytesRequested="24" />
<af-end id="929" timestamp="2019-08-09T17:54:25.384" threadId="00000000016ACA88" success="true" from="nursery"/>
<exclusive-end id="930" timestamp="2019-08-09T17:54:25.384" durationms="2.739" />

<exclusive-start id="931" timestamp="2019-08-09T17:54:26.924" intervalms="1542.060">
  <response-info timems="0.028" idlems="0.028" threads="0" lastid="0000000001686A00" lastname="node-12" />
</exclusive-start>
<af-start id="932" threadId="0000000001687388" totalBytesRequested="24" timestamp="2019-08-09T17:54:26.924" intervalms="1542.073" type="nursery" />
<cycle-start id="933" type="scavenge" contextid="0" timestamp="2019-08-09T17:54:26.924" intervalms="1542.069" />
<gc-start id="934" type="scavenge" contextid="933" timestamp="2019-08-09T17:54:26.924">
  <mem-info id="935" free="1601512" total="13041664" percent="12">
    <mem type="nursery" free="0" total="4325376" percent="0">
      <mem type="allocate" free="0" total="3866624" percent="0" />
      <mem type="survivor" free="0" total="458752" percent="0" />
    </mem>
    <mem type="tenure" free="1601512" total="8716288" percent="18">
      <mem type="soa" free="1514472" total="8629248" percent="17" />
      <mem type="loa" free="87040" total="87040" percent="100" />
    </mem>
    <remembered-set count="512" />
  </mem-info>
</gc-start>
<allocation-stats totalBytes="3583856" >
  <allocated-bytes non-tlh="24" tlh="3583832" />
  <largest-consumer threadName="node-9" threadId="00000000016A4900" bytes="163816" />
</allocation-stats>
<gc-op id="936" type="scavenge" timems="2.611" contextid="933" timestamp="2019-08-09T17:54:26.926">
  <scavenger-info tenureage="4" tenuremask="4010" tiltratio="89" />
  <memory-copied type="nursery" objects="9098" bytes="220064" bytesdiscarded="54112" />
  <memory-copied type="tenure" objects="1921" bytes="46104" bytesdiscarded="0" />
</gc-op>
<gc-end id="937" type="scavenge" contextid="933" durationms="3.142" usertimems="5.999" systemtimems="0.000" timestamp="2019-08-09T17:54:26.927" activeThreads="16">
  <mem-info id="938" free="5145576" total="13041664" percent="39">
    <mem type="nursery" free="3592448" total="4325376" percent="83">
      <mem type="allocate" free="3592448" total="3866624" percent="92" />
      <mem type="survivor" free="0" total="458752" percent="0" />
    </mem>
    <mem type="tenure" free="1553128" total="8716288" percent="17" macro-fragmented="1250136">
      <mem type="soa" free="1466088" total="8629248" percent="16" />
      <mem type="loa" free="87040" total="87040" percent="100" />
    </mem>
    <remembered-set count="429" />
  </mem-info>
</gc-end>
<cycle-end id="939" type="scavenge" contextid="933" timestamp="2019-08-09T17:54:26.927" />
  <attribute name="elasticGC enabled" value="1" />
  <attribute name= "numThreadsSpecified" value="16" />
  <attribute name="heapSize specified" value="12910592" />
  <attribute name="Current GC Util" value="0" />
  <attribute name= "Current Time Running" value="72857" />
  <attribute name ="GC Interval" value="2105" />
  <attribute name="Target GC Util Change" value ="80.000000" />
  <attribute name="Current GC Util Change" value="0.000000"/>
  <attribute name="Current Error" value="80.000000" />
  <attribute name="Output H" value="13117440"/>
  <attribute name="Output I" value="2104"/>
  <attribute name="Output T" value="16"/>
  <attribute name= "Current Time Running" value="72857" />
  <attribute name="GC Util currently" value="0" />
  <attribute name="CPU Util currently" value="13" />
<allocation-satisfied id="940" threadId="0000000001686A00" bytesRequested="24" />
<af-end id="941" timestamp="2019-08-09T17:54:26.927" threadId="0000000001687388" success="true" from="nursery"/>
<exclusive-end id="942" timestamp="2019-08-09T17:54:26.927" durationms="3.428" />

<exclusive-start id="943" timestamp="2019-08-09T17:54:28.509" intervalms="1585.370">
  <response-info timems="0.352" idlems="0.352" threads="0" lastid="0000000001686A00" lastname="node-12" />
</exclusive-start>
<af-start id="944" threadId="0000000001687388" totalBytesRequested="32" timestamp="2019-08-09T17:54:28.509" intervalms="1585.409" type="nursery" />
<cycle-start id="945" type="scavenge" contextid="0" timestamp="2019-08-09T17:54:28.509" intervalms="1585.414" />
<gc-start id="946" type="scavenge" contextid="945" timestamp="2019-08-09T17:54:28.509">
  <mem-info id="947" free="1553128" total="13041664" percent="11">
    <mem type="nursery" free="0" total="4325376" percent="0">
      <mem type="allocate" free="0" total="3866624" percent="0" />
      <mem type="survivor" free="0" total="458752" percent="0" />
    </mem>
    <mem type="tenure" free="1553128" total="8716288" percent="17">
      <mem type="soa" free="1466088" total="8629248" percent="16" />
      <mem type="loa" free="87040" total="87040" percent="100" />
    </mem>
    <remembered-set count="518" />
  </mem-info>
</gc-start>
<allocation-stats totalBytes="3585360" >
  <allocated-bytes non-tlh="24" tlh="3585336" />
  <largest-consumer threadName="node-14" threadId="0000000001664F00" bytes="163816" />
</allocation-stats>
<gc-op id="948" type="scavenge" timems="2.276" contextid="945" timestamp="2019-08-09T17:54:28.512">
  <scavenger-info tenureage="3" tenuremask="4018" tiltratio="89" />
  <memory-copied type="nursery" objects="6784" bytes="161896" bytesdiscarded="63896" />
  <memory-copied type="tenure" objects="4494" bytes="107856" bytesdiscarded="0" />
</gc-op>
<gc-end id="949" type="scavenge" contextid="945" durationms="2.945" usertimems="4.017" systemtimems="1.460" timestamp="2019-08-09T17:54:28.512" activeThreads="16">
  <mem-info id="950" free="5081064" total="13041664" percent="38">
    <mem type="nursery" free="3640832" total="4325376" percent="84">
      <mem type="allocate" free="3640832" total="3866624" percent="94" />
      <mem type="survivor" free="0" total="458752" percent="0" />
    </mem>
    <mem type="tenure" free="1440232" total="8716288" percent="16" macro-fragmented="1041779">
      <mem type="soa" free="1353192" total="8629248" percent="15" />
      <mem type="loa" free="87040" total="87040" percent="100" />
    </mem>
    <remembered-set count="368" />
  </mem-info>
</gc-end>
<cycle-end id="951" type="scavenge" contextid="945" timestamp="2019-08-09T17:54:28.512" />
  <attribute name="elasticGC enabled" value="1" />
  <attribute name= "numThreadsSpecified" value="16" />
  <attribute name="heapSize specified" value="12910592" />
  <attribute name="Current GC Util" value="0" />
  <attribute name= "Current Time Running" value="74442" />
  <attribute name ="GC Interval" value="2193" />
  <attribute name="Target GC Util Change" value ="80.000000" />
  <attribute name="Current GC Util Change" value="0.000000"/>
  <attribute name="Current Error" value="160.000000" />
  <attribute name="Output H" value="13117528"/>
  <attribute name="Output I" value="2192"/>
  <attribute name="Output T" value="16"/>
  <attribute name= "Current Time Running" value="74442" />
  <attribute name="GC Util currently" value="0" />
  <attribute name="CPU Util currently" value="13" />
<allocation-satisfied id="952" threadId="0000000001686A00" bytesRequested="32" />
<af-end id="953" timestamp="2019-08-09T17:54:28.512" threadId="0000000001687388" success="true" from="nursery"/>
<exclusive-end id="954" timestamp="2019-08-09T17:54:28.512" durationms="3.316" />

<exclusive-start id="955" timestamp="2019-08-09T17:54:30.444" intervalms="1934.538">
  <response-info timems="0.206" idlems="0.206" threads="0" lastid="0000000001686A00" lastname="node-12" />
</exclusive-start>
<af-start id="956" threadId="0000000001687388" totalBytesRequested="32" timestamp="2019-08-09T17:54:30.444" intervalms="1934.526" type="nursery" />
<cycle-start id="957" type="scavenge" contextid="0" timestamp="2019-08-09T17:54:30.444" intervalms="1934.517" />
<gc-start id="958" type="scavenge" contextid="957" timestamp="2019-08-09T17:54:30.445">
  <mem-info id="959" free="1440232" total="13041664" percent="11">
    <mem type="nursery" free="0" total="4325376" percent="0">
      <mem type="allocate" free="0" total="3866624" percent="0" />
      <mem type="survivor" free="0" total="458752" percent="0" />
    </mem>
    <mem type="tenure" free="1440232" total="8716288" percent="16">
      <mem type="soa" free="1353192" total="8629248" percent="15" />
      <mem type="loa" free="87040" total="87040" percent="100" />
    </mem>
    <remembered-set count="489" />
  </mem-info>
</gc-start>
<allocation-stats totalBytes="3636520" >
  <allocated-bytes non-tlh="32" tlh="3636488" />
  <largest-consumer threadName="node-9" threadId="00000000016A4900" bytes="163832" />
</allocation-stats>
<gc-op id="960" type="scavenge" timems="1.664" contextid="957" timestamp="2019-08-09T17:54:30.446">
  <scavenger-info tenureage="14" tenuremask="4000" tiltratio="89" />
  <memory-copied type="nursery" objects="9492" bytes="226888" bytesdiscarded="63416" />
</gc-op>
<gc-end id="961" type="scavenge" contextid="957" durationms="1.826" usertimems="1.379" systemtimems="1.458" timestamp="2019-08-09T17:54:30.447" activeThreads="16">
  <mem-info id="962" free="5016552" total="13041664" percent="38">
    <mem type="nursery" free="3576320" total="4325376" percent="82">
      <mem type="allocate" free="3576320" total="3866624" percent="92" />
      <mem type="survivor" free="0" total="458752" percent="0" />
    </mem>
    <mem type="tenure" free="1440232" total="8716288" percent="16" macro-fragmented="868149">
      <mem type="soa" free="1353192" total="8629248" percent="15" />
      <mem type="loa" free="87040" total="87040" percent="100" />
    </mem>
    <remembered-set count="410" />
  </mem-info>
</gc-end>
<cycle-end id="963" type="scavenge" contextid="957" timestamp="2019-08-09T17:54:30.447" />
  <attribute name="elasticGC enabled" value="1" />
  <attribute name= "numThreadsSpecified" value="16" />
  <attribute name="heapSize specified" value="12910592" />
  <attribute name="Current GC Util" value="0" />
  <attribute name= "Current Time Running" value="76378" />
  <attribute name ="GC Interval" value="2289" />
  <attribute name="Target GC Util Change" value ="80.000000" />
  <attribute name="Current GC Util Change" value="0.000000"/>
  <attribute name="Current Error" value="240.000000" />
  <attribute name="Output H" value="13117624"/>
  <attribute name="Output I" value="2288"/>
  <attribute name="Output T" value="16"/>
  <attribute name= "Current Time Running" value="76378" />
  <attribute name="GC Util currently" value="0" />
  <attribute name="CPU Util currently" value="14" />
<allocation-satisfied id="964" threadId="0000000001686A00" bytesRequested="32" />
<af-end id="965" timestamp="2019-08-09T17:54:30.447" threadId="0000000001687388" success="true" from="nursery"/>
<exclusive-end id="966" timestamp="2019-08-09T17:54:30.447" durationms="3.395" />

<exclusive-start id="967" timestamp="2019-08-09T17:54:32.001" intervalms="1557.830">
  <response-info timems="0.246" idlems="0.246" threads="0" lastid="000000000165D700" lastname="node-2" />
</exclusive-start>
<af-start id="968" threadId="000000000165E088" totalBytesRequested="32" timestamp="2019-08-09T17:54:32.001" intervalms="1557.808" type="nursery" />
<cycle-start id="969" type="scavenge" contextid="0" timestamp="2019-08-09T17:54:32.001" intervalms="1557.808" />
<gc-start id="970" type="scavenge" contextid="969" timestamp="2019-08-09T17:54:32.002">
  <mem-info id="971" free="1440232" total="13041664" percent="11">
    <mem type="nursery" free="0" total="4325376" percent="0">
      <mem type="allocate" free="0" total="3866624" percent="0" />
      <mem type="survivor" free="0" total="458752" percent="0" />
    </mem>
    <mem type="tenure" free="1440232" total="8716288" percent="16">
      <mem type="soa" free="1353192" total="8629248" percent="15" />
      <mem type="loa" free="87040" total="87040" percent="100" />
    </mem>
    <remembered-set count="516" />
  </mem-info>
</gc-start>
<allocation-stats totalBytes="3574240" >
  <allocated-bytes non-tlh="32" tlh="3574208" />
  <largest-consumer threadName="node-23" threadId="000000000167B600" bytes="163832" />
</allocation-stats>
<gc-op id="972" type="scavenge" timems="2.582" contextid="969" timestamp="2019-08-09T17:54:32.004">
  <scavenger-info tenureage="4" tenuremask="4010" tiltratio="89" />
  <memory-copied type="nursery" objects="9363" bytes="223792" bytesdiscarded="34256" />
  <memory-copied type="tenure" objects="2235" bytes="53640" bytesdiscarded="0" />
</gc-op>
<gc-end id="973" type="scavenge" contextid="969" durationms="2.951" usertimems="3.821" systemtimems="3.655" timestamp="2019-08-09T17:54:32.004" activeThreads="16">
  <mem-info id="974" free="4984296" total="13041664" percent="38">
    <mem type="nursery" free="3608576" total="4325376" percent="83">
      <mem type="allocate" free="3608576" total="3866624" percent="93" />
      <mem type="survivor" free="0" total="458752" percent="0" />
    </mem>
    <mem type="tenure" free="1375720" total="8716288" percent="15" macro-fragmented="1041779">
      <mem type="soa" free="1288680" total="8629248" percent="14" />
      <mem type="loa" free="87040" total="87040" percent="100" />
    </mem>
    <remembered-set count="408" />
  </mem-info>
</gc-end>
<cycle-end id="975" type="scavenge" contextid="969" timestamp="2019-08-09T17:54:32.004" />
  <attribute name="elasticGC enabled" value="1" />
  <attribute name= "numThreadsSpecified" value="16" />
  <attribute name="heapSize specified" value="12910592" />
  <attribute name="Current GC Util" value="0" />
  <attribute name= "Current Time Running" value="77935" />
  <attribute name ="GC Interval" value="2385" />
  <attribute name="Target GC Util Change" value ="80.000000" />
  <attribute name="Current GC Util Change" value="0.000000"/>
  <attribute name="Current Error" value="320.000000" />
  <attribute name="Output H" value="13117720"/>
  <attribute name="Output I" value="2384"/>
  <attribute name="Output T" value="16"/>
  <attribute name= "Current Time Running" value="77935" />
  <attribute name="GC Util currently" value="0" />
  <attribute name="CPU Util currently" value="13" />
<allocation-satisfied id="976" threadId="000000000165D700" bytesRequested="32" />
<af-end id="977" timestamp="2019-08-09T17:54:32.005" threadId="000000000165E088" success="true" from="nursery"/>
<exclusive-end id="978" timestamp="2019-08-09T17:54:32.005" durationms="3.167" />

<exclusive-start id="979" timestamp="2019-08-09T17:54:33.629" intervalms="1627.452">
  <response-info timems="0.041" idlems="0.041" threads="0" lastid="0000000001670200" lastname="node-10" />
</exclusive-start>
<af-start id="980" threadId="0000000001670B88" totalBytesRequested="16" timestamp="2019-08-09T17:54:33.629" intervalms="1627.712" type="nursery" />
<cycle-start id="981" type="scavenge" contextid="0" timestamp="2019-08-09T17:54:33.629" intervalms="1627.821" />
<gc-start id="982" type="scavenge" contextid="981" timestamp="2019-08-09T17:54:33.629">
  <mem-info id="983" free="1375720" total="13041664" percent="10">
    <mem type="nursery" free="0" total="4325376" percent="0">
      <mem type="allocate" free="0" total="3866624" percent="0" />
      <mem type="survivor" free="0" total="458752" percent="0" />
    </mem>
    <mem type="tenure" free="1375720" total="8716288" percent="15">
      <mem type="soa" free="1288680" total="8629248" percent="14" />
      <mem type="loa" free="87040" total="87040" percent="100" />
    </mem>
    <remembered-set count="517" />
  </mem-info>
</gc-start>
<allocation-stats totalBytes="3606352" >
  <allocated-bytes non-tlh="32" tlh="3606320" />
  <largest-consumer threadName="node-2" threadId="000000000165D700" bytes="163848" />
</allocation-stats>
<gc-op id="984" type="scavenge" timems="1.627" contextid="981" timestamp="2019-08-09T17:54:33.631">
  <scavenger-info tenureage="4" tenuremask="4010" tiltratio="89" />
  <memory-copied type="nursery" objects="9543" bytes="243424" bytesdiscarded="46880" />
  <memory-copied type="tenure" objects="2229" bytes="53496" bytesdiscarded="0" />
</gc-op>
<gc-end id="985" type="scavenge" contextid="981" durationms="2.230" usertimems="2.068" systemtimems="1.354" timestamp="2019-08-09T17:54:33.632" activeThreads="16">
  <mem-info id="986" free="4887528" total="13041664" percent="37">
    <mem type="nursery" free="3576320" total="4325376" percent="82">
      <mem type="allocate" free="3576320" total="3866624" percent="92" />
      <mem type="survivor" free="0" total="458752" percent="0" />
    </mem>
    <mem type="tenure" free="1311208" total="8716288" percent="15" macro-fragmented="502401">
      <mem type="soa" free="1224168" total="8629248" percent="14" />
      <mem type="loa" free="87040" total="87040" percent="100" />
    </mem>
    <remembered-set count="415" />
  </mem-info>
</gc-end>
<cycle-end id="987" type="scavenge" contextid="981" timestamp="2019-08-09T17:54:33.632" />
  <attribute name="elasticGC enabled" value="1" />
  <attribute name= "numThreadsSpecified" value="16" />
  <attribute name="heapSize specified" value="12910592" />
  <attribute name="Current GC Util" value="0" />
  <attribute name= "Current Time Running" value="79563" />
  <attribute name ="GC Interval" value="2473" />
  <attribute name="Target GC Util Change" value ="80.000000" />
  <attribute name="Current GC Util Change" value="0.000000"/>
  <attribute name="Current Error" value="400.000000" />
  <attribute name="Output H" value="13117808"/>
  <attribute name="Output I" value="2472"/>
  <attribute name="Output T" value="16"/>
  <attribute name= "Current Time Running" value="79563" />
  <attribute name="GC Util currently" value="0" />
  <attribute name="CPU Util currently" value="15" />
<allocation-satisfied id="988" threadId="0000000001670200" bytesRequested="16" />
<af-end id="989" timestamp="2019-08-09T17:54:33.632" threadId="0000000001670B88" success="true" from="nursery"/>
<exclusive-end id="990" timestamp="2019-08-09T17:54:33.632" durationms="3.327" />

<exclusive-start id="991" timestamp="2019-08-09T17:54:35.249" intervalms="1620.413">
  <response-info timems="0.290" idlems="0.290" threads="0" lastid="000000000167F200" lastname="node-6" />
</exclusive-start>
<af-start id="992" threadId="000000000167FB88" totalBytesRequested="376" timestamp="2019-08-09T17:54:35.249" intervalms="1620.121" type="nursery" />
<cycle-start id="993" type="scavenge" contextid="0" timestamp="2019-08-09T17:54:35.249" intervalms="1620.013" />
<gc-start id="994" type="scavenge" contextid="993" timestamp="2019-08-09T17:54:35.249">
  <mem-info id="995" free="1311208" total="13041664" percent="10">
    <mem type="nursery" free="0" total="4325376" percent="0">
      <mem type="allocate" free="0" total="3866624" percent="0" />
      <mem type="survivor" free="0" total="458752" percent="0" />
    </mem>
    <mem type="tenure" free="1311208" total="8716288" percent="15">
      <mem type="soa" free="1224168" total="8629248" percent="14" />
      <mem type="loa" free="87040" total="87040" percent="100" />
    </mem>
    <remembered-set count="513" />
  </mem-info>
</gc-start>
<allocation-stats totalBytes="3572552" >
  <allocated-bytes non-tlh="16" tlh="3572536" />
  <largest-consumer threadName="node-1" threadId="0000000001673E00" bytes="184784" />
</allocation-stats>
<gc-op id="996" type="scavenge" timems="2.130" contextid="993" timestamp="2019-08-09T17:54:35.252">
  <scavenger-info tenureage="3" tenuremask="4018" tiltratio="89" />
  <memory-copied type="nursery" objects="7075" bytes="183496" bytesdiscarded="58424" />
  <memory-copied type="tenure" objects="4913" bytes="117912" bytesdiscarded="48" />
</gc-op>
<gc-end id="997" type="scavenge" contextid="993" durationms="2.870" usertimems="3.146" systemtimems="0.000" timestamp="2019-08-09T17:54:35.252" activeThreads="16">
  <mem-info id="998" free="4823016" total="13041664" percent="36">
    <mem type="nursery" free="3624704" total="4325376" percent="83">
      <mem type="allocate" free="3624704" total="3866624" percent="93" />
      <mem type="survivor" free="0" total="458752" percent="0" />
    </mem>
    <mem type="tenure" free="1198312" total="8716288" percent="13" macro-fragmented="868149">
      <mem type="soa" free="1111272" total="8629248" percent="12" />
      <mem type="loa" free="87040" total="87040" percent="100" />
    </mem>
    <remembered-set count="373" />
  </mem-info>
</gc-end>
<cycle-end id="999" type="scavenge" contextid="993" timestamp="2019-08-09T17:54:35.252" />
  <attribute name="elasticGC enabled" value="1" />
  <attribute name= "numThreadsSpecified" value="16" />
  <attribute name="heapSize specified" value="12910592" />
  <attribute name="Current GC Util" value="0" />
  <attribute name= "Current Time Running" value="81183" />
  <attribute name ="GC Interval" value="2569" />
  <attribute name="Target GC Util Change" value ="80.000000" />
  <attribute name="Current GC Util Change" value="0.000000"/>
  <attribute name="Current Error" value="480.000000" />
  <attribute name="Output H" value="13117904"/>
  <attribute name="Output I" value="2568"/>
  <attribute name="Output T" value="16"/>
  <attribute name= "Current Time Running" value="81183" />
  <attribute name="GC Util currently" value="0" />
  <attribute name="CPU Util currently" value="13" />
<allocation-satisfied id="1000" threadId="000000000167F200" bytesRequested="376" />
<af-end id="1001" timestamp="2019-08-09T17:54:35.252" threadId="000000000167FB88" success="true" from="nursery"/>
<exclusive-end id="1002" timestamp="2019-08-09T17:54:35.252" durationms="3.159" />

<exclusive-start id="1003" timestamp="2019-08-09T17:54:37.114" intervalms="1864.428">
  <response-info timems="0.640" idlems="0.640" threads="0" lastid="0000000001652300" lastname="node-20" />
</exclusive-start>
<af-start id="1004" threadId="0000000001652C88" totalBytesRequested="16" timestamp="2019-08-09T17:54:37.114" intervalms="1864.451" type="nursery" />
<cycle-start id="1005" type="scavenge" contextid="0" timestamp="2019-08-09T17:54:37.114" intervalms="1864.456" />
<gc-start id="1006" type="scavenge" contextid="1005" timestamp="2019-08-09T17:54:37.114">
  <mem-info id="1007" free="1198312" total="13041664" percent="9">
    <mem type="nursery" free="0" total="4325376" percent="0">
      <mem type="allocate" free="0" total="3866624" percent="0" />
      <mem type="survivor" free="0" total="458752" percent="0" />
    </mem>
    <mem type="tenure" free="1198312" total="8716288" percent="13">
      <mem type="soa" free="1111272" total="8629248" percent="12" />
      <mem type="loa" free="87040" total="87040" percent="100" />
    </mem>
    <remembered-set count="478" />
  </mem-info>
</gc-start>
<allocation-stats totalBytes="3620120" >
  <allocated-bytes non-tlh="376" tlh="3619744" />
  <largest-consumer threadName="node-21" threadId="00000000016AC100" bytes="163808" />
</allocation-stats>
<gc-op id="1008" type="scavenge" timems="4.886" contextid="1005" timestamp="2019-08-09T17:54:37.119">
  <scavenger-info tenureage="14" tenuremask="4000" tiltratio="89" />
  <memory-copied type="nursery" objects="9715" bytes="235200" bytesdiscarded="38976" />
</gc-op>
<gc-end id="1009" type="scavenge" contextid="1005" durationms="5.262" usertimems="1.443" systemtimems="4.618" timestamp="2019-08-09T17:54:37.119" activeThreads="16">
  <mem-info id="1010" free="4790760" total="13041664" percent="36">
    <mem type="nursery" free="3592448" total="4325376" percent="83">
      <mem type="allocate" free="3592448" total="3866624" percent="92" />
      <mem type="survivor" free="0" total="458752" percent="0" />
    </mem>
    <mem type="tenure" free="1198312" total="8716288" percent="13" macro-fragmented="348889">
      <mem type="soa" free="1111272" total="8629248" percent="12" />
      <mem type="loa" free="87040" total="87040" percent="100" />
    </mem>
    <remembered-set count="407" />
  </mem-info>
</gc-end>
<cycle-end id="1011" type="scavenge" contextid="1005" timestamp="2019-08-09T17:54:37.119" />
  <attribute name="elasticGC enabled" value="1" />
  <attribute name= "numThreadsSpecified" value="16" />
  <attribute name="heapSize specified" value="12910592" />
  <attribute name="Current GC Util" value="0" />
  <attribute name= "Current Time Running" value="83047" />
  <attribute name ="GC Interval" value="2105" />
  <attribute name="Target GC Util Change" value ="80.000000" />
  <attribute name="Current GC Util Change" value="0.000000"/>
  <attribute name="Current Error" value="80.000000" />
  <attribute name="Output H" value="13117440"/>
  <attribute name="Output I" value="2104"/>
  <attribute name="Output T" value="16"/>
  <attribute name= "Current Time Running" value="83047" />
  <attribute name="GC Util currently" value="0" />
  <attribute name="CPU Util currently" value="14" />
<allocation-satisfied id="1012" threadId="0000000001652300" bytesRequested="16" />
<af-end id="1013" timestamp="2019-08-09T17:54:37.119" threadId="0000000001652C88" success="true" from="nursery"/>
<exclusive-end id="1014" timestamp="2019-08-09T17:54:37.119" durationms="5.529" />

<exclusive-start id="1015" timestamp="2019-08-09T17:54:38.838" intervalms="1724.462">
  <response-info timems="0.336" idlems="0.336" threads="0" lastid="000000000165D700" lastname="node-2" />
</exclusive-start>
<af-start id="1016" threadId="000000000165E088" totalBytesRequested="16" timestamp="2019-08-09T17:54:38.838" intervalms="1724.444" type="nursery" />
<cycle-start id="1017" type="scavenge" contextid="0" timestamp="2019-08-09T17:54:38.838" intervalms="1724.442" />
<gc-start id="1018" type="scavenge" contextid="1017" timestamp="2019-08-09T17:54:38.838">
  <mem-info id="1019" free="1198312" total="13041664" percent="9">
    <mem type="nursery" free="0" total="4325376" percent="0">
      <mem type="allocate" free="0" total="3866624" percent="0" />
      <mem type="survivor" free="0" total="458752" percent="0" />
    </mem>
    <mem type="tenure" free="1198312" total="8716288" percent="13">
      <mem type="soa" free="1111272" total="8629248" percent="12" />
      <mem type="loa" free="87040" total="87040" percent="100" />
    </mem>
    <remembered-set count="508" />
  </mem-info>
</gc-start>
<allocation-stats totalBytes="3586096" >
  <allocated-bytes non-tlh="16" tlh="3586080" />
  <largest-consumer threadName="node-16" threadId="0000000001699500" bytes="163824" />
</allocation-stats>
<gc-op id="1020" type="scavenge" timems="4.289" contextid="1017" timestamp="2019-08-09T17:54:38.843">
  <scavenger-info tenureage="3" tenuremask="4018" tiltratio="89" />
  <memory-copied type="nursery" objects="7750" bytes="193944" bytesdiscarded="47976" />
  <memory-copied type="tenure" objects="4457" bytes="106968" bytesdiscarded="672" />
</gc-op>
<gc-end id="1021" type="scavenge" contextid="1017" durationms="4.754" usertimems="6.445" systemtimems="0.559" timestamp="2019-08-09T17:54:38.843" activeThreads="16">
  <mem-info id="1022" free="4726248" total="13041664" percent="36">
    <mem type="nursery" free="3624704" total="4325376" percent="83">
      <mem type="allocate" free="3624704" total="3866624" percent="93" />
      <mem type="survivor" free="0" total="458752" percent="0" />
    </mem>
    <mem type="tenure" free="1101544" total="8716288" percent="12" macro-fragmented="418667">
      <mem type="soa" free="1014504" total="8629248" percent="11" />
      <mem type="loa" free="87040" total="87040" percent="100" />
    </mem>
    <remembered-set count="396" />
  </mem-info>
</gc-end>
<cycle-end id="1023" type="scavenge" contextid="1017" timestamp="2019-08-09T17:54:38.843" />
  <attribute name="elasticGC enabled" value="1" />
  <attribute name= "numThreadsSpecified" value="16" />
  <attribute name="heapSize specified" value="12910592" />
  <attribute name="Current GC Util" value="0" />
  <attribute name= "Current Time Running" value="84771" />
  <attribute name ="GC Interval" value="2193" />
  <attribute name="Target GC Util Change" value ="80.000000" />
  <attribute name="Current GC Util Change" value="0.000000"/>
  <attribute name="Current Error" value="160.000000" />
  <attribute name="Output H" value="13117528"/>
  <attribute name="Output I" value="2192"/>
  <attribute name="Output T" value="16"/>
  <attribute name= "Current Time Running" value="84771" />
  <attribute name="GC Util currently" value="0" />
  <attribute name="CPU Util currently" value="14" />
<allocation-satisfied id="1024" threadId="000000000165D700" bytesRequested="16" />
<af-end id="1025" timestamp="2019-08-09T17:54:38.843" threadId="000000000165E088" success="true" from="nursery"/>
<exclusive-end id="1026" timestamp="2019-08-09T17:54:38.843" durationms="5.015" />

<exclusive-start id="1027" timestamp="2019-08-09T17:54:40.393" intervalms="1555.345">
  <response-info timems="0.048" idlems="0.048" threads="0" lastid="0000000001652300" lastname="node-20" />
</exclusive-start>
<af-start id="1028" threadId="0000000001652C88" totalBytesRequested="16" timestamp="2019-08-09T17:54:40.394" intervalms="1555.337" type="nursery" />
<cycle-start id="1029" type="scavenge" contextid="0" timestamp="2019-08-09T17:54:40.394" intervalms="1555.343" />
<gc-start id="1030" type="scavenge" contextid="1029" timestamp="2019-08-09T17:54:40.394">
  <mem-info id="1031" free="1101544" total="13041664" percent="8">
    <mem type="nursery" free="0" total="4325376" percent="0">
      <mem type="allocate" free="0" total="3866624" percent="0" />
      <mem type="survivor" free="0" total="458752" percent="0" />
    </mem>
    <mem type="tenure" free="1101544" total="8716288" percent="12">
      <mem type="soa" free="1014504" total="8629248" percent="11" />
      <mem type="loa" free="87040" total="87040" percent="100" />
    </mem>
    <remembered-set count="485" />
  </mem-info>
</gc-start>
<allocation-stats totalBytes="3620320" >
  <allocated-bytes non-tlh="16" tlh="3620304" />
  <largest-consumer threadName="node-16" threadId="0000000001699500" bytes="163824" />
</allocation-stats>
<gc-op id="1032" type="scavenge" timems="2.333" contextid="1029" timestamp="2019-08-09T17:54:40.396">
  <scavenger-info tenureage="2" tenuremask="400c" tiltratio="89" />
  <memory-copied type="nursery" objects="4671" bytes="112224" bytesdiscarded="40608" />
  <memory-copied type="tenure" objects="5114" bytes="122736" bytesdiscarded="0" />
</gc-op>
<gc-end id="1033" type="scavenge" contextid="1029" durationms="2.831" usertimems="1.268" systemtimems="2.518" timestamp="2019-08-09T17:54:40.396" activeThreads="16">
  <mem-info id="1034" free="4686312" total="13041664" percent="35">
    <mem type="nursery" free="3713792" total="4325376" percent="85">
      <mem type="allocate" free="3713792" total="3866624" percent="96" />
      <mem type="survivor" free="0" total="458752" percent="0" />
    </mem>
    <mem type="tenure" free="972520" total="8716288" percent="11" macro-fragmented="602881">
      <mem type="soa" free="885480" total="8629248" percent="10" />
      <mem type="loa" free="87040" total="87040" percent="100" />
    </mem>
    <remembered-set count="346" />
  </mem-info>
</gc-end>
<cycle-end id="1035" type="scavenge" contextid="1029" timestamp="2019-08-09T17:54:40.396" />
  <attribute name="elasticGC enabled" value="1" />
  <attribute name= "numThreadsSpecified" value="16" />
  <attribute name="heapSize specified" value="12910592" />
  <attribute name="Current GC Util" value="0" />
  <attribute name= "Current Time Running" value="86327" />
  <attribute name ="GC Interval" value="2289" />
  <attribute name="Target GC Util Change" value ="80.000000" />
  <attribute name="Current GC Util Change" value="0.000000"/>
  <attribute name="Current Error" value="240.000000" />
  <attribute name="Output H" value="13117624"/>
  <attribute name="Output I" value="2288"/>
  <attribute name="Output T" value="16"/>
  <attribute name= "Current Time Running" value="86327" />
  <attribute name="GC Util currently" value="0" />
  <attribute name="CPU Util currently" value="13" />
<allocation-satisfied id="1036" threadId="0000000001652300" bytesRequested="16" />
<af-end id="1037" timestamp="2019-08-09T17:54:40.397" threadId="0000000001652C88" success="true" from="nursery"/>
<exclusive-end id="1038" timestamp="2019-08-09T17:54:40.397" durationms="3.092" />

<exclusive-start id="1039" timestamp="2019-08-09T17:54:41.854" intervalms="1460.722">
  <response-info timems="0.505" idlems="0.505" threads="0" lastid="000000000169D100" lastname="node-0" />
</exclusive-start>
<af-start id="1040" threadId="000000000169DA88" totalBytesRequested="32" timestamp="2019-08-09T17:54:41.854" intervalms="1460.722" type="nursery" />
<cycle-start id="1041" type="scavenge" contextid="0" timestamp="2019-08-09T17:54:41.854" intervalms="1460.716" />
<gc-start id="1042" type="scavenge" contextid="1041" timestamp="2019-08-09T17:54:41.854">
  <mem-info id="1043" free="972520" total="13041664" percent="7">
    <mem type="nursery" free="0" total="4325376" percent="0">
      <mem type="allocate" free="0" total="3866624" percent="0" />
      <mem type="survivor" free="0" total="458752" percent="0" />
    </mem>
    <mem type="tenure" free="972520" total="8716288" percent="11">
      <mem type="soa" free="885480" total="8629248" percent="10" />
      <mem type="loa" free="87040" total="87040" percent="100" />
    </mem>
    <remembered-set count="453" />
  </mem-info>
</gc-start>
<allocation-stats totalBytes="3712256" >
  <allocated-bytes non-tlh="16" tlh="3712240" />
  <largest-consumer threadName="node-2" threadId="000000000165D700" bytes="184304" />
</allocation-stats>
<gc-op id="1044" type="scavenge" timems="1.308" contextid="1041" timestamp="2019-08-09T17:54:41.856">
  <scavenger-info tenureage="2" tenuremask="400c" tiltratio="89" />
  <memory-copied type="nursery" objects="4237" bytes="103400" bytesdiscarded="57880" />
  <memory-copied type="tenure" objects="2467" bytes="59208" bytesdiscarded="0" />
</gc-op>
<gc-end id="1045" type="scavenge" contextid="1041" durationms="1.546" usertimems="0.800" systemtimems="1.864" timestamp="2019-08-09T17:54:41.856" activeThreads="16">
  <mem-info id="1046" free="4613352" total="13041664" percent="35">
    <mem type="nursery" free="3705344" total="4325376" percent="85">
      <mem type="allocate" free="3705344" total="3866624" percent="95" />
      <mem type="survivor" free="0" total="458752" percent="0" />
    </mem>
    <mem type="tenure" free="908008" total="8716288" percent="10" macro-fragmented="502401">
      <mem type="soa" free="820968" total="8629248" percent="9" />
      <mem type="loa" free="87040" total="87040" percent="100" />
    </mem>
    <remembered-set count="363" />
  </mem-info>
</gc-end>
<cycle-end id="1047" type="scavenge" contextid="1041" timestamp="2019-08-09T17:54:41.856" />
  <attribute name="elasticGC enabled" value="1" />
  <attribute name= "numThreadsSpecified" value="16" />
  <attribute name="heapSize specified" value="12910592" />
  <attribute name="Current GC Util" value="0" />
  <attribute name= "Current Time Running" value="87788" />
  <attribute name ="GC Interval" value="2385" />
  <attribute name="Target GC Util Change" value ="80.000000" />
  <attribute name="Current GC Util Change" value="0.000000"/>
  <attribute name="Current Error" value="320.000000" />
  <attribute name="Output H" value="13117720"/>
  <attribute name="Output I" value="2384"/>
  <attribute name="Output T" value="16"/>
  <attribute name= "Current Time Running" value="87788" />
  <attribute name="GC Util currently" value="0" />
  <attribute name="CPU Util currently" value="13" />
<allocation-satisfied id="1048" threadId="000000000169D100" bytesRequested="32" />
<af-end id="1049" timestamp="2019-08-09T17:54:41.856" threadId="000000000169DA88" success="true" from="nursery"/>
<exclusive-end id="1050" timestamp="2019-08-09T17:54:41.856" durationms="1.778" />

<exclusive-start id="1051" timestamp="2019-08-09T17:54:43.194" intervalms="1340.254">
  <response-info timems="0.822" idlems="0.822" threads="0" lastid="000000000164E700" lastname="node-13" />
</exclusive-start>
<af-start id="1052" threadId="000000000164F088" totalBytesRequested="32" timestamp="2019-08-09T17:54:43.195" intervalms="1340.286" type="nursery" />
<cycle-start id="1053" type="scavenge" contextid="0" timestamp="2019-08-09T17:54:43.195" intervalms="1340.284" />
<gc-start id="1054" type="scavenge" contextid="1053" timestamp="2019-08-09T17:54:43.195">
  <mem-info id="1055" free="908008" total="13041664" percent="6">
    <mem type="nursery" free="0" total="4325376" percent="0">
      <mem type="allocate" free="0" total="3866624" percent="0" />
      <mem type="survivor" free="0" total="458752" percent="0" />
    </mem>
    <mem type="tenure" free="908008" total="8716288" percent="10">
      <mem type="soa" free="820968" total="8629248" percent="9" />
      <mem type="loa" free="87040" total="87040" percent="100" />
    </mem>
    <remembered-set count="449" />
  </mem-info>
</gc-start>
<allocation-stats totalBytes="3701968" >
  <allocated-bytes non-tlh="32" tlh="3701936" />
  <largest-consumer threadName="node-6" threadId="000000000167F200" bytes="163832" />
</allocation-stats>
<gc-op id="1056" type="scavenge" timems="1.672" contextid="1053" timestamp="2019-08-09T17:54:43.196">
  <scavenger-info tenureage="2" tenuremask="4004" tiltratio="89" />
  <memory-copied type="nursery" objects="3876" bytes="92104" bytesdiscarded="20792" />
  <memory-copied type="tenure" objects="2078" bytes="49872" bytesdiscarded="0" />
</gc-op>
<gc-end id="1057" type="scavenge" contextid="1053" durationms="2.388" usertimems="1.301" systemtimems="1.276" timestamp="2019-08-09T17:54:43.197" activeThreads="16">
  <mem-info id="1058" free="4597224" total="13041664" percent="35">
    <mem type="nursery" free="3753728" total="4325376" percent="86">
      <mem type="allocate" free="3753728" total="3866624" percent="97" />
      <mem type="survivor" free="0" total="458752" percent="0" />
    </mem>
    <mem type="tenure" free="843496" total="8716288" percent="9" macro-fragmented="0">
      <mem type="soa" free="756456" total="8629248" percent="8" />
      <mem type="loa" free="87040" total="87040" percent="100" />
    </mem>
    <remembered-set count="341" />
  </mem-info>
</gc-end>
<cycle-end id="1059" type="scavenge" contextid="1053" timestamp="2019-08-09T17:54:43.197" />
  <attribute name="elasticGC enabled" value="1" />
  <attribute name= "numThreadsSpecified" value="16" />
  <attribute name="heapSize specified" value="12910592" />
  <attribute name="Current GC Util" value="0" />
  <attribute name= "Current Time Running" value="89128" />
  <attribute name ="GC Interval" value="2473" />
  <attribute name="Target GC Util Change" value ="80.000000" />
  <attribute name="Current GC Util Change" value="0.000000"/>
  <attribute name="Current Error" value="400.000000" />
  <attribute name="Output H" value="13117808"/>
  <attribute name="Output I" value="2472"/>
  <attribute name="Output T" value="16"/>
  <attribute name= "Current Time Running" value="89128" />
  <attribute name="GC Util currently" value="0" />
  <attribute name="CPU Util currently" value="13" />
<allocation-satisfied id="1060" threadId="000000000164E700" bytesRequested="32" />
<af-end id="1061" timestamp="2019-08-09T17:54:43.197" threadId="000000000164F088" success="true" from="nursery"/>
<exclusive-end id="1062" timestamp="2019-08-09T17:54:43.197" durationms="2.749" />

<exclusive-start id="1063" timestamp="2019-08-09T17:54:45.097" intervalms="1903.072">
  <response-info timems="0.703" idlems="0.703" threads="0" lastid="0000000001691D00" lastname="node-5" />
</exclusive-start>
<af-start id="1064" threadId="0000000001692688" totalBytesRequested="24" timestamp="2019-08-09T17:54:45.098" intervalms="1903.046" type="nursery" />
<cycle-start id="1065" type="scavenge" contextid="0" timestamp="2019-08-09T17:54:45.098" intervalms="1903.044" />
<gc-start id="1066" type="scavenge" contextid="1065" timestamp="2019-08-09T17:54:45.098">
  <mem-info id="1067" free="843496" total="13041664" percent="6">
    <mem type="nursery" free="0" total="4325376" percent="0">
      <mem type="allocate" free="0" total="3866624" percent="0" />
      <mem type="survivor" free="0" total="458752" percent="0" />
    </mem>
    <mem type="tenure" free="843496" total="8716288" percent="9">
      <mem type="soa" free="756456" total="8629248" percent="8" />
      <mem type="loa" free="87040" total="87040" percent="100" />
    </mem>
    <remembered-set count="454" />
  </mem-info>
</gc-start>
<allocation-stats totalBytes="3751656" >
  <allocated-bytes non-tlh="32" tlh="3751624" />
  <largest-consumer threadName="node-13" threadId="000000000164E700" bytes="184304" />
</allocation-stats>
<gc-op id="1068" type="scavenge" timems="1.191" contextid="1065" timestamp="2019-08-09T17:54:45.099">
  <scavenger-info tenureage="2" tenuremask="4004" tiltratio="89" />
  <memory-copied type="nursery" objects="4380" bytes="106832" bytesdiscarded="38320" />
  <memory-copied type="tenure" objects="2017" bytes="48408" bytesdiscarded="0" />
</gc-op>
<gc-end id="1069" type="scavenge" contextid="1065" durationms="1.629" usertimems="1.450" systemtimems="1.623" timestamp="2019-08-09T17:54:45.099" activeThreads="16">
  <mem-info id="1070" free="4500456" total="13041664" percent="34">
    <mem type="nursery" free="3721472" total="4325376" percent="86">
      <mem type="allocate" free="3721472" total="3866624" percent="96" />
      <mem type="survivor" free="0" total="458752" percent="0" />
    </mem>
    <mem type="tenure" free="778984" total="8716288" percent="8" macro-fragmented="418667">
      <mem type="soa" free="691944" total="8629248" percent="8" />
      <mem type="loa" free="87040" total="87040" percent="100" />
    </mem>
    <remembered-set count="362" />
  </mem-info>
</gc-end>
<cycle-end id="1071" type="scavenge" contextid="1065" timestamp="2019-08-09T17:54:45.099" />
  <attribute name="elasticGC enabled" value="1" />
  <attribute name= "numThreadsSpecified" value="16" />
  <attribute name="heapSize specified" value="12910592" />
  <attribute name="Current GC Util" value="0" />
  <attribute name= "Current Time Running" value="91031" />
  <attribute name ="GC Interval" value="2569" />
  <attribute name="Target GC Util Change" value ="80.000000" />
  <attribute name="Current GC Util Change" value="0.000000"/>
  <attribute name="Current Error" value="480.000000" />
  <attribute name="Output H" value="13117904"/>
  <attribute name="Output I" value="2568"/>
  <attribute name="Output T" value="16"/>
  <attribute name= "Current Time Running" value="91031" />
  <attribute name="GC Util currently" value="0" />
  <attribute name="CPU Util currently" value="14" />
<allocation-satisfied id="1072" threadId="0000000001691D00" bytesRequested="24" />
<af-end id="1073" timestamp="2019-08-09T17:54:45.099" threadId="0000000001692688" success="true" from="nursery"/>
<exclusive-end id="1074" timestamp="2019-08-09T17:54:45.099" durationms="1.819" />

<exclusive-start id="1075" timestamp="2019-08-09T17:54:47.239" intervalms="2141.207">
  <response-info timems="0.192" idlems="0.192" threads="0" lastid="0000000001691D00" lastname="node-5" />
</exclusive-start>
<af-start id="1076" threadId="0000000001692688" totalBytesRequested="32" timestamp="2019-08-09T17:54:47.239" intervalms="2141.198" type="nursery" />
<cycle-start id="1077" type="scavenge" contextid="0" timestamp="2019-08-09T17:54:47.239" intervalms="2141.198" />
<gc-start id="1078" type="scavenge" contextid="1077" timestamp="2019-08-09T17:54:47.239">
  <mem-info id="1079" free="778984" total="13041664" percent="5">
    <mem type="nursery" free="0" total="4325376" percent="0">
      <mem type="allocate" free="0" total="3866624" percent="0" />
      <mem type="survivor" free="0" total="458752" percent="0" />
    </mem>
    <mem type="tenure" free="778984" total="8716288" percent="8">
      <mem type="soa" free="691944" total="8629248" percent="8" />
      <mem type="loa" free="87040" total="87040" percent="100" />
    </mem>
    <remembered-set count="455" />
  </mem-info>
</gc-start>
<allocation-stats totalBytes="3718464" >
  <allocated-bytes non-tlh="24" tlh="3718440" />
  <largest-consumer threadName="node-25" threadId="000000000166C600" bytes="163832" />
</allocation-stats>
<gc-op id="1080" type="scavenge" timems="0.906" contextid="1077" timestamp="2019-08-09T17:54:47.240">
  <scavenger-info tenureage="2" tenuremask="4004" tiltratio="89" />
  <memory-copied type="nursery" objects="5303" bytes="126352" bytesdiscarded="34928" />
  <memory-copied type="tenure" objects="1744" bytes="41856" bytesdiscarded="0" />
</gc-op>
<gc-end id="1081" type="scavenge" contextid="1077" durationms="1.362" usertimems="3.068" systemtimems="0.505" timestamp="2019-08-09T17:54:47.240" activeThreads="16">
  <mem-info id="1082" free="4452072" total="13041664" percent="34">
    <mem type="nursery" free="3705344" total="4325376" percent="85">
      <mem type="allocate" free="3705344" total="3866624" percent="95" />
      <mem type="survivor" free="0" total="458752" percent="0" />
    </mem>
    <mem type="tenure" free="746728" total="8716288" percent="8" macro-fragmented="502401">
      <mem type="soa" free="659688" total="8629248" percent="7" />
      <mem type="loa" free="87040" total="87040" percent="100" />
    </mem>
    <remembered-set count="346" />
  </mem-info>
</gc-end>
<cycle-end id="1083" type="scavenge" contextid="1077" timestamp="2019-08-09T17:54:47.240" />
  <attribute name="elasticGC enabled" value="1" />
  <attribute name= "numThreadsSpecified" value="16" />
  <attribute name="heapSize specified" value="12910592" />
  <attribute name="Current GC Util" value="0" />
  <attribute name= "Current Time Running" value="93172" />
  <attribute name ="GC Interval" value="2105" />
  <attribute name="Target GC Util Change" value ="80.000000" />
  <attribute name="Current GC Util Change" value="0.000000"/>
  <attribute name="Current Error" value="80.000000" />
  <attribute name="Output H" value="13117440"/>
  <attribute name="Output I" value="2104"/>
  <attribute name="Output T" value="16"/>
  <attribute name= "Current Time Running" value="93172" />
  <attribute name="GC Util currently" value="0" />
  <attribute name="CPU Util currently" value="15" />
<allocation-satisfied id="1084" threadId="0000000001691D00" bytesRequested="32" />
<af-end id="1085" timestamp="2019-08-09T17:54:47.240" threadId="0000000001692688" success="true" from="nursery"/>
<exclusive-end id="1086" timestamp="2019-08-09T17:54:47.240" durationms="1.548" />

<exclusive-start id="1087" timestamp="2019-08-09T17:54:49.001" intervalms="1762.493">
  <response-info timems="0.661" idlems="0.661" threads="0" lastid="0000000001691D00" lastname="node-5" />
</exclusive-start>
<af-start id="1088" threadId="0000000001692688" totalBytesRequested="24" timestamp="2019-08-09T17:54:49.001" intervalms="1762.496" type="nursery" />
<cycle-start id="1089" type="scavenge" contextid="0" timestamp="2019-08-09T17:54:49.001" intervalms="1762.503" />
<gc-start id="1090" type="scavenge" contextid="1089" timestamp="2019-08-09T17:54:49.001">
  <mem-info id="1091" free="746728" total="13041664" percent="5">
    <mem type="nursery" free="0" total="4325376" percent="0">
      <mem type="allocate" free="0" total="3866624" percent="0" />
      <mem type="survivor" free="0" total="458752" percent="0" />
    </mem>
    <mem type="tenure" free="746728" total="8716288" percent="8">
      <mem type="soa" free="659688" total="8629248" percent="7" />
      <mem type="loa" free="87040" total="87040" percent="100" />
    </mem>
    <remembered-set count="457" />
  </mem-info>
</gc-start>
<allocation-stats totalBytes="3699864" >
  <allocated-bytes non-tlh="32" tlh="3699832" />
  <largest-consumer threadName="node-14" threadId="0000000001664F00" bytes="163824" />
</allocation-stats>
<gc-op id="1092" type="scavenge" timems="1.505" contextid="1089" timestamp="2019-08-09T17:54:49.003">
  <scavenger-info tenureage="2" tenuremask="4004" tiltratio="89" />
  <memory-copied type="nursery" objects="5223" bytes="127064" bytesdiscarded="34216" />
  <memory-copied type="tenure" objects="2496" bytes="59904" bytesdiscarded="0" />
</gc-op>
<gc-end id="1093" type="scavenge" contextid="1089" durationms="1.917" usertimems="4.199" systemtimems="0.000" timestamp="2019-08-09T17:54:49.003" activeThreads="16">
  <mem-info id="1094" free="4387560" total="13041664" percent="33">
    <mem type="nursery" free="3705344" total="4325376" percent="85">
      <mem type="allocate" free="3705344" total="3866624" percent="95" />
      <mem type="survivor" free="0" total="458752" percent="0" />
    </mem>
    <mem type="tenure" free="682216" total="8716288" percent="7" macro-fragmented="348889">
      <mem type="soa" free="595176" total="8629248" percent="6" />
      <mem type="loa" free="87040" total="87040" percent="100" />
    </mem>
    <remembered-set count="371" />
  </mem-info>
</gc-end>
<cycle-end id="1095" type="scavenge" contextid="1089" timestamp="2019-08-09T17:54:49.003" />
  <attribute name="elasticGC enabled" value="1" />
  <attribute name= "numThreadsSpecified" value="16" />
  <attribute name="heapSize specified" value="12910592" />
  <attribute name="Current GC Util" value="0" />
  <attribute name= "Current Time Running" value="94935" />
  <attribute name ="GC Interval" value="2193" />
  <attribute name="Target GC Util Change" value ="80.000000" />
  <attribute name="Current GC Util Change" value="0.000000"/>
  <attribute name="Current Error" value="160.000000" />
  <attribute name="Output H" value="13117528"/>
  <attribute name="Output I" value="2192"/>
  <attribute name="Output T" value="16"/>
  <attribute name= "Current Time Running" value="94935" />
  <attribute name="GC Util currently" value="0" />
  <attribute name="CPU Util currently" value="14" />
<allocation-satisfied id="1096" threadId="0000000001691D00" bytesRequested="24" />
<af-end id="1097" timestamp="2019-08-09T17:54:49.003" threadId="0000000001692688" success="true" from="nursery"/>
<exclusive-end id="1098" timestamp="2019-08-09T17:54:49.003" durationms="2.228" />

<exclusive-start id="1099" timestamp="2019-08-09T17:54:50.669" intervalms="1667.601">
  <response-info timems="0.223" idlems="0.223" threads="0" lastid="000000000165D700" lastname="node-2" />
</exclusive-start>
<af-start id="1100" threadId="000000000165E088" totalBytesRequested="32" timestamp="2019-08-09T17:54:50.669" intervalms="1667.808" type="nursery" />
<cycle-start id="1101" type="scavenge" contextid="0" timestamp="2019-08-09T17:54:50.669" intervalms="1667.805" />
<gc-start id="1102" type="scavenge" contextid="1101" timestamp="2019-08-09T17:54:50.669">
  <mem-info id="1103" free="682216" total="13041664" percent="5">
    <mem type="nursery" free="0" total="4325376" percent="0">
      <mem type="allocate" free="0" total="3866624" percent="0" />
      <mem type="survivor" free="0" total="458752" percent="0" />
    </mem>
    <mem type="tenure" free="682216" total="8716288" percent="7">
      <mem type="soa" free="595176" total="8629248" percent="6" />
      <mem type="loa" free="87040" total="87040" percent="100" />
    </mem>
    <remembered-set count="456" />
  </mem-info>
</gc-start>
<allocation-stats totalBytes="3702536" >
  <allocated-bytes non-tlh="24" tlh="3702512" />
  <largest-consumer threadName="node-21" threadId="00000000016AC100" bytes="163832" />
</allocation-stats>
<gc-op id="1104" type="scavenge" timems="2.836" contextid="1101" timestamp="2019-08-09T17:54:50.672">
  <scavenger-info tenureage="2" tenuremask="4004" tiltratio="89" />
  <memory-copied type="nursery" objects="4598" bytes="113448" bytesdiscarded="31704" />
  <memory-copied type="tenure" objects="2692" bytes="64608" bytesdiscarded="0" />
</gc-op>
<gc-end id="1105" type="scavenge" contextid="1101" durationms="3.608" usertimems="2.585" systemtimems="6.471" timestamp="2019-08-09T17:54:50.673" activeThreads="16">
  <mem-info id="1106" free="4323048" total="13041664" percent="33">
    <mem type="nursery" free="3721472" total="4325376" percent="86">
      <mem type="allocate" free="3721472" total="3866624" percent="96" />
      <mem type="survivor" free="0" total="458752" percent="0" />
    </mem>
    <mem type="tenure" free="601576" total="8716288" percent="6" macro-fragmented="0">
      <mem type="soa" free="514536" total="8629248" percent="5" />
      <mem type="loa" free="87040" total="87040" percent="100" />
    </mem>
    <remembered-set count="350" />
  </mem-info>
</gc-end>
<cycle-end id="1107" type="scavenge" contextid="1101" timestamp="2019-08-09T17:54:50.673" />
  <attribute name="elasticGC enabled" value="1" />
  <attribute name= "numThreadsSpecified" value="16" />
  <attribute name="heapSize specified" value="12910592" />
  <attribute name="Current GC Util" value="0" />
  <attribute name= "Current Time Running" value="96602" />
  <attribute name ="GC Interval" value="2289" />
  <attribute name="Target GC Util Change" value ="80.000000" />
  <attribute name="Current GC Util Change" value="0.000000"/>
  <attribute name="Current Error" value="240.000000" />
  <attribute name="Output H" value="13117624"/>
  <attribute name="Output I" value="2288"/>
  <attribute name="Output T" value="16"/>
  <attribute name= "Current Time Running" value="96602" />
  <attribute name="GC Util currently" value="0" />
  <attribute name="CPU Util currently" value="13" />
<allocation-satisfied id="1108" threadId="000000000165D700" bytesRequested="32" />
<af-end id="1109" timestamp="2019-08-09T17:54:50.673" threadId="000000000165E088" success="true" from="nursery"/>
<exclusive-end id="1110" timestamp="2019-08-09T17:54:50.673" durationms="4.289" />

<exclusive-start id="1111" timestamp="2019-08-09T17:54:52.194" intervalms="1525.503">
  <response-info timems="0.017" idlems="0.017" threads="0" lastid="000000000165D700" lastname="node-2" />
</exclusive-start>
<af-start id="1112" threadId="000000000165E088" totalBytesRequested="376" timestamp="2019-08-09T17:54:52.194" intervalms="1525.319" type="nursery" />
<cycle-start id="1113" type="scavenge" contextid="0" timestamp="2019-08-09T17:54:52.195" intervalms="1525.415" />
<gc-start id="1114" type="scavenge" contextid="1113" timestamp="2019-08-09T17:54:52.195">
  <mem-info id="1115" free="601576" total="13041664" percent="4">
    <mem type="nursery" free="0" total="4325376" percent="0">
      <mem type="allocate" free="0" total="3866624" percent="0" />
      <mem type="survivor" free="0" total="458752" percent="0" />
    </mem>
    <mem type="tenure" free="601576" total="8716288" percent="6">
      <mem type="soa" free="514536" total="8629248" percent="5" />
      <mem type="loa" free="87040" total="87040" percent="100" />
    </mem>
    <remembered-set count="455" />
  </mem-info>
</gc-start>
<allocation-stats totalBytes="3715032" >
  <allocated-bytes non-tlh="32" tlh="3715000" />
  <largest-consumer threadName="node-11" threadId="00000000016A8500" bytes="163824" />
</allocation-stats>
<gc-op id="1116" type="scavenge" timems="1.344" contextid="1113" timestamp="2019-08-09T17:54:52.196">
  <scavenger-info tenureage="2" tenuremask="4004" tiltratio="89" />
  <memory-copied type="nursery" objects="4200" bytes="112160" bytesdiscarded="49120" />
  <memory-copied type="tenure" objects="2391" bytes="57384" bytesdiscarded="0" />
</gc-op>
<gc-end id="1117" type="scavenge" contextid="1113" durationms="1.811" usertimems="0.192" systemtimems="1.791" timestamp="2019-08-09T17:54:52.196" activeThreads="16">
  <mem-info id="1118" free="4258536" total="13041664" percent="32">
    <mem type="nursery" free="3705344" total="4325376" percent="85">
      <mem type="allocate" free="3705344" total="3866624" percent="95" />
      <mem type="survivor" free="0" total="458752" percent="0" />
    </mem>
    <mem type="tenure" free="553192" total="8716288" percent="6" macro-fragmented="0">
      <mem type="soa" free="466152" total="8629248" percent="5" />
      <mem type="loa" free="87040" total="87040" percent="100" />
    </mem>
    <remembered-set count="345" />
  </mem-info>
</gc-end>
<cycle-end id="1119" type="scavenge" contextid="1113" timestamp="2019-08-09T17:54:52.196" />
  <attribute name="elasticGC enabled" value="1" />
  <attribute name= "numThreadsSpecified" value="16" />
  <attribute name="heapSize specified" value="12910592" />
  <attribute name="Current GC Util" value="0" />
  <attribute name= "Current Time Running" value="98128" />
  <attribute name ="GC Interval" value="2385" />
  <attribute name="Target GC Util Change" value ="80.000000" />
  <attribute name="Current GC Util Change" value="0.000000"/>
  <attribute name="Current Error" value="320.000000" />
  <attribute name="Output H" value="13117720"/>
  <attribute name="Output I" value="2384"/>
  <attribute name="Output T" value="16"/>
  <attribute name= "Current Time Running" value="98128" />
  <attribute name="GC Util currently" value="0" />
  <attribute name="CPU Util currently" value="13" />
<allocation-satisfied id="1120" threadId="000000000165D700" bytesRequested="376" />
<af-end id="1121" timestamp="2019-08-09T17:54:52.196" threadId="000000000165E088" success="true" from="nursery"/>
<exclusive-end id="1122" timestamp="2019-08-09T17:54:52.196" durationms="2.188" />

<exclusive-start id="1123" timestamp="2019-08-09T17:54:53.975" intervalms="1780.521">
  <response-info timems="0.273" idlems="0.273" threads="0" lastid="0000000001673E00" lastname="node-1" />
</exclusive-start>
<af-start id="1124" threadId="0000000001674788" totalBytesRequested="136" timestamp="2019-08-09T17:54:53.975" intervalms="1780.538" type="nursery" />
<cycle-start id="1125" type="scavenge" contextid="0" timestamp="2019-08-09T17:54:53.975" intervalms="1780.450" />
<gc-start id="1126" type="scavenge" contextid="1125" timestamp="2019-08-09T17:54:53.975">
  <mem-info id="1127" free="553192" total="13041664" percent="4">
    <mem type="nursery" free="0" total="4325376" percent="0">
      <mem type="allocate" free="0" total="3866624" percent="0" />
      <mem type="survivor" free="0" total="458752" percent="0" />
    </mem>
    <mem type="tenure" free="553192" total="8716288" percent="6">
      <mem type="soa" free="466152" total="8629248" percent="5" />
      <mem type="loa" free="87040" total="87040" percent="100" />
    </mem>
    <remembered-set count="454" />
  </mem-info>
</gc-start>
<allocation-stats totalBytes="3704000" >
  <allocated-bytes non-tlh="376" tlh="3703624" />
  <largest-consumer threadName="node-3" threadId="0000000001677A00" bytes="163824" />
</allocation-stats>
<gc-op id="1128" type="scavenge" timems="2.235" contextid="1125" timestamp="2019-08-09T17:54:53.977">
  <scavenger-info tenureage="2" tenuremask="4004" tiltratio="89" />
  <memory-copied type="nursery" objects="4616" bytes="112384" bytesdiscarded="32768" />
  <memory-copied type="tenure" objects="2061" bytes="49464" bytesdiscarded="0" />
</gc-op>
<gc-end id="1129" type="scavenge" contextid="1125" durationms="2.730" usertimems="1.613" systemtimems="2.021" timestamp="2019-08-09T17:54:53.978" activeThreads="16">
  <mem-info id="1130" free="4210152" total="13041664" percent="32">
    <mem type="nursery" free="3721472" total="4325376" percent="86">
      <mem type="allocate" free="3721472" total="3866624" percent="96" />
      <mem type="survivor" free="0" total="458752" percent="0" />
    </mem>
    <mem type="tenure" free="488680" total="8716288" percent="5" macro-fragmented="0">
      <mem type="soa" free="401640" total="8629248" percent="4" />
      <mem type="loa" free="87040" total="87040" percent="100" />
    </mem>
    <remembered-set count="366" />
  </mem-info>
</gc-end>
<cycle-end id="1131" type="scavenge" contextid="1125" timestamp="2019-08-09T17:54:53.978" />
  <attribute name="elasticGC enabled" value="1" />
  <attribute name= "numThreadsSpecified" value="16" />
  <attribute name="heapSize specified" value="12910592" />
  <attribute name="Current GC Util" value="0" />
  <attribute name= "Current Time Running" value="99908" />
  <attribute name ="GC Interval" value="2473" />
  <attribute name="Target GC Util Change" value ="80.000000" />
  <attribute name="Current GC Util Change" value="0.000000"/>
  <attribute name="Current Error" value="400.000000" />
  <attribute name="Output H" value="13117808"/>
  <attribute name="Output I" value="2472"/>
  <attribute name="Output T" value="16"/>
  <attribute name= "Current Time Running" value="99908" />
  <attribute name="GC Util currently" value="0" />
  <attribute name="CPU Util currently" value="14" />
<allocation-satisfied id="1132" threadId="0000000001673E00" bytesRequested="136" />
<af-end id="1133" timestamp="2019-08-09T17:54:53.978" threadId="0000000001674788" success="true" from="nursery"/>
<exclusive-end id="1134" timestamp="2019-08-09T17:54:53.978" durationms="2.975" />

<exclusive-start id="1135" timestamp="2019-08-09T17:54:55.936" intervalms="1960.701">
  <response-info timems="0.358" idlems="0.358" threads="0" lastid="0000000001673E00" lastname="node-1" />
</exclusive-start>
<af-start id="1136" threadId="0000000001674788" totalBytesRequested="24" timestamp="2019-08-09T17:54:55.936" intervalms="1960.781" type="nursery" />
<cycle-start id="1137" type="scavenge" contextid="0" timestamp="2019-08-09T17:54:55.936" intervalms="1960.948" />
<gc-start id="1138" type="scavenge" contextid="1137" timestamp="2019-08-09T17:54:55.936">
  <mem-info id="1139" free="488680" total="13041664" percent="3">
    <mem type="nursery" free="0" total="4325376" percent="0">
      <mem type="allocate" free="0" total="3866624" percent="0" />
      <mem type="survivor" free="0" total="458752" percent="0" />
    </mem>
    <mem type="tenure" free="488680" total="8716288" percent="5">
      <mem type="soa" free="401640" total="8629248" percent="4" />
      <mem type="loa" free="87040" total="87040" percent="100" />
    </mem>
    <remembered-set count="453" />
  </mem-info>
</gc-start>
<allocation-stats totalBytes="3717840" >
  <allocated-bytes non-tlh="136" tlh="3717704" />
  <largest-consumer threadName="node-13" threadId="000000000164E700" bytes="175936" />
</allocation-stats>
<gc-op id="1140" type="scavenge" timems="2.960" contextid="1137" timestamp="2019-08-09T17:54:55.939">
  <scavenger-info tenureage="2" tenuremask="4004" tiltratio="89" />
  <memory-copied type="nursery" objects="5412" bytes="131600" bytesdiscarded="13552" />
  <memory-copied type="tenure" objects="1975" bytes="47400" bytesdiscarded="0" />
</gc-op>
<gc-end id="1141" type="scavenge" contextid="1137" durationms="3.152" usertimems="6.139" systemtimems="0.000" timestamp="2019-08-09T17:54:55.939" activeThreads="16">
  <mem-info id="1142" free="4161768" total="13041664" percent="31">
    <mem type="nursery" free="3721472" total="4325376" percent="86">
      <mem type="allocate" free="3721472" total="3866624" percent="96" />
      <mem type="survivor" free="0" total="458752" percent="0" />
    </mem>
    <mem type="tenure" free="440296" total="8716288" percent="5" macro-fragmented="348889">
      <mem type="soa" free="353256" total="8629248" percent="4" />
      <mem type="loa" free="87040" total="87040" percent="100" />
    </mem>
    <remembered-set count="370" />
  </mem-info>
</gc-end>
<cycle-end id="1143" type="scavenge" contextid="1137" timestamp="2019-08-09T17:54:55.939" />
  <attribute name="elasticGC enabled" value="1" />
  <attribute name= "numThreadsSpecified" value="16" />
  <attribute name="heapSize specified" value="12910592" />
  <attribute name="Current GC Util" value="0" />
  <attribute name= "Current Time Running" value="101869" />
  <attribute name ="GC Interval" value="2569" />
  <attribute name="Target GC Util Change" value ="80.000000" />
  <attribute name="Current GC Util Change" value="0.000000"/>
  <attribute name="Current Error" value="480.000000" />
  <attribute name="Output H" value="13117904"/>
  <attribute name="Output I" value="2568"/>
  <attribute name="Output T" value="16"/>
  <attribute name= "Current Time Running" value="101869" />
  <attribute name="GC Util currently" value="0" />
  <attribute name="CPU Util currently" value="14" />
<allocation-satisfied id="1144" threadId="0000000001673E00" bytesRequested="24" />
<af-end id="1145" timestamp="2019-08-09T17:54:55.939" threadId="0000000001674788" success="true" from="nursery"/>
<exclusive-end id="1146" timestamp="2019-08-09T17:54:55.939" durationms="3.705" />

<exclusive-start id="1147" timestamp="2019-08-09T17:54:57.702" intervalms="1766.554">
  <response-info timems="0.033" idlems="0.033" threads="0" lastid="0000000001691D00" lastname="node-5" />
</exclusive-start>
<af-start id="1148" threadId="0000000001692688" totalBytesRequested="16" timestamp="2019-08-09T17:54:57.702" intervalms="1766.437" type="nursery" />
<cycle-start id="1149" type="scavenge" contextid="0" timestamp="2019-08-09T17:54:57.702" intervalms="1766.258" />
<gc-start id="1150" type="scavenge" contextid="1149" timestamp="2019-08-09T17:54:57.702">
  <mem-info id="1151" free="440296" total="13041664" percent="3">
    <mem type="nursery" free="0" total="4325376" percent="0">
      <mem type="allocate" free="0" total="3866624" percent="0" />
      <mem type="survivor" free="0" total="458752" percent="0" />
    </mem>
    <mem type="tenure" free="440296" total="8716288" percent="5">
      <mem type="soa" free="353256" total="8629248" percent="4" />
      <mem type="loa" free="87040" total="87040" percent="100" />
    </mem>
    <remembered-set count="456" />
  </mem-info>
</gc-start>
<allocation-stats totalBytes="3715416" >
  <allocated-bytes non-tlh="24" tlh="3715392" />
  <largest-consumer threadName="node-21" threadId="00000000016AC100" bytes="163832" />
</allocation-stats>
<gc-op id="1152" type="scavenge" timems="1.670" contextid="1149" timestamp="2019-08-09T17:54:57.704">
  <scavenger-info tenureage="2" tenuremask="4004" tiltratio="89" />
  <memory-copied type="nursery" objects="5066" bytes="123808" bytesdiscarded="93536" />
  <memory-copied type="tenure" objects="2500" bytes="60000" bytesdiscarded="0" />
</gc-op>
<gc-end id="1153" type="scavenge" contextid="1149" durationms="2.121" usertimems="3.799" systemtimems="0.000" timestamp="2019-08-09T17:54:57.704" activeThreads="16">
  <mem-info id="1154" free="4009704" total="13041664" percent="30">
    <mem type="nursery" free="3649280" total="4325376" percent="84">
      <mem type="allocate" free="3649280" total="3866624" percent="94" />
      <mem type="survivor" free="0" total="458752" percent="0" />
    </mem>
    <mem type="tenure" free="360424" total="8716288" percent="4" macro-fragmented="0">
      <mem type="soa" free="273384" total="8629248" percent="3" />
      <mem type="loa" free="87040" total="87040" percent="100" />
    </mem>
    <remembered-set count="370" />
  </mem-info>
</gc-end>
<cycle-end id="1155" type="scavenge" contextid="1149" timestamp="2019-08-09T17:54:57.704" />
  <attribute name="elasticGC enabled" value="1" />
  <attribute name= "numThreadsSpecified" value="16" />
  <attribute name="heapSize specified" value="12910592" />
  <attribute name="Current GC Util" value="0" />
  <attribute name= "Current Time Running" value="103635" />
  <attribute name ="GC Interval" value="2105" />
  <attribute name="Target GC Util Change" value ="80.000000" />
  <attribute name="Current GC Util Change" value="0.000000"/>
  <attribute name="Current Error" value="80.000000" />
  <attribute name="Output H" value="13117440"/>
  <attribute name="Output I" value="2104"/>
  <attribute name="Output T" value="16"/>
  <attribute name= "Current Time Running" value="103635" />
  <attribute name="GC Util currently" value="0" />
  <attribute name="CPU Util currently" value="14" />
<allocation-satisfied id="1156" threadId="0000000001691D00" bytesRequested="16" />
<af-end id="1157" timestamp="2019-08-09T17:54:57.704" threadId="0000000001692688" success="true" from="nursery"/>
<exclusive-end id="1158" timestamp="2019-08-09T17:54:57.704" durationms="2.305" />

<exclusive-start id="1159" timestamp="2019-08-09T17:54:59.160" intervalms="1458.046">
  <response-info timems="0.098" idlems="0.098" threads="0" lastid="000000000168A600" lastname="node-4" />
</exclusive-start>
<af-start id="1160" threadId="000000000168AF88" totalBytesRequested="16" timestamp="2019-08-09T17:54:59.160" intervalms="1458.063" type="nursery" />
<cycle-start id="1161" type="scavenge" contextid="0" timestamp="2019-08-09T17:54:59.160" intervalms="1458.070" />
<gc-start id="1162" type="scavenge" contextid="1161" timestamp="2019-08-09T17:54:59.160">
  <mem-info id="1163" free="360424" total="13041664" percent="2">
    <mem type="nursery" free="0" total="4325376" percent="0">
      <mem type="allocate" free="0" total="3866624" percent="0" />
      <mem type="survivor" free="0" total="458752" percent="0" />
    </mem>
    <mem type="tenure" free="360424" total="8716288" percent="4">
      <mem type="soa" free="273384" total="8629248" percent="3" />
      <mem type="loa" free="87040" total="87040" percent="100" />
    </mem>
    <remembered-set count="451" />
  </mem-info>
</gc-start>
<allocation-stats totalBytes="3646576" >
  <allocated-bytes non-tlh="16" tlh="3646560" />
  <largest-consumer threadName="node-19" threadId="00000000016A0D00" bytes="163824" />
</allocation-stats>
<gc-op id="1164" type="scavenge" timems="2.100" contextid="1161" timestamp="2019-08-09T17:54:59.162">
  <scavenger-info tenureage="2" tenuremask="4004" tiltratio="89" />
  <memory-copied type="nursery" objects="4479" bytes="121944" bytesdiscarded="55464" />
  <memory-copied type="tenure" objects="2772" bytes="66528" bytesdiscarded="0" />
</gc-op>
<gc-end id="1165" type="scavenge" contextid="1161" durationms="2.577" usertimems="1.992" systemtimems="2.369" timestamp="2019-08-09T17:54:59.163" activeThreads="16">
  <mem-info id="1166" free="3985128" total="13041664" percent="30">
    <mem type="nursery" free="3689216" total="4325376" percent="85">
      <mem type="allocate" free="3689216" total="3866624" percent="95" />
      <mem type="survivor" free="0" total="458752" percent="0" />
    </mem>
    <mem type="tenure" free="295912" total="8716288" percent="3" macro-fragmented="0">
      <mem type="soa" free="208872" total="8629248" percent="2" />
      <mem type="loa" free="87040" total="87040" percent="100" />
    </mem>
    <remembered-set count="346" />
  </mem-info>
</gc-end>
<cycle-end id="1167" type="scavenge" contextid="1161" timestamp="2019-08-09T17:54:59.163" />
  <attribute name="elasticGC enabled" value="1" />
  <attribute name= "numThreadsSpecified" value="16" />
  <attribute name="heapSize specified" value="12910592" />
  <attribute name="Current GC Util" value="0" />
  <attribute name= "Current Time Running" value="105093" />
  <attribute name ="GC Interval" value="2193" />
  <attribute name="Target GC Util Change" value ="80.000000" />
  <attribute name="Current GC Util Change" value="0.000000"/>
  <attribute name="Current Error" value="160.000000" />
  <attribute name="Output H" value="13117528"/>
  <attribute name="Output I" value="2192"/>
  <attribute name="Output T" value="16"/>
  <attribute name= "Current Time Running" value="105093" />
  <attribute name="GC Util currently" value="0" />
  <attribute name="CPU Util currently" value="13" />
<allocation-satisfied id="1168" threadId="000000000168A600" bytesRequested="16" />
<af-end id="1169" timestamp="2019-08-09T17:54:59.163" threadId="000000000168AF88" success="true" from="nursery"/>
<exclusive-end id="1170" timestamp="2019-08-09T17:54:59.163" durationms="2.899" />

<exclusive-start id="1171" timestamp="2019-08-09T17:55:01.180" intervalms="2019.997">
  <response-info timems="0.579" idlems="0.478" threads="1" lastid="000000000166C600" lastname="node-25" />
</exclusive-start>
<af-start id="1172" threadId="000000000168AF88" totalBytesRequested="24" timestamp="2019-08-09T17:55:01.180" intervalms="2020.019" type="nursery" />
<cycle-start id="1173" type="scavenge" contextid="0" timestamp="2019-08-09T17:55:01.180" intervalms="2020.102" />
<gc-start id="1174" type="scavenge" contextid="1173" timestamp="2019-08-09T17:55:01.180">
  <mem-info id="1175" free="295912" total="13041664" percent="2">
    <mem type="nursery" free="0" total="4325376" percent="0">
      <mem type="allocate" free="0" total="3866624" percent="0" />
      <mem type="survivor" free="0" total="458752" percent="0" />
    </mem>
    <mem type="tenure" free="295912" total="8716288" percent="3">
      <mem type="soa" free="208872" total="8629248" percent="2" />
      <mem type="loa" free="87040" total="87040" percent="100" />
    </mem>
    <remembered-set count="452" />
  </mem-info>
</gc-start>
<allocation-stats totalBytes="3685624" >
  <allocated-bytes non-tlh="16" tlh="3685608" />
  <largest-consumer threadName="node-21" threadId="00000000016AC100" bytes="163840" />
</allocation-stats>
<gc-op id="1176" type="scavenge" timems="1.867" contextid="1173" timestamp="2019-08-09T17:55:01.182">
  <scavenger-info tenureage="2" tenuremask="4004" tiltratio="89" />
  <memory-copied type="nursery" objects="4426" bytes="107936" bytesdiscarded="69472" />
  <memory-copied type="tenure" objects="2149" bytes="51576" bytesdiscarded="0" />
</gc-op>
<gc-end id="1177" type="scavenge" contextid="1173" durationms="2.425" usertimems="0.085" systemtimems="2.868" timestamp="2019-08-09T17:55:01.183" activeThreads="16">
  <mem-info id="1178" free="3936744" total="13041664" percent="30">
    <mem type="nursery" free="3689216" total="4325376" percent="85">
      <mem type="allocate" free="3689216" total="3866624" percent="95" />
      <mem type="survivor" free="0" total="458752" percent="0" />
    </mem>
    <mem type="tenure" free="247528" total="8716288" percent="2" macro-fragmented="0">
      <mem type="soa" free="160488" total="8629248" percent="1" />
      <mem type="loa" free="87040" total="87040" percent="100" />
    </mem>
    <remembered-set count="363" />
  </mem-info>
</gc-end>
<cycle-end id="1179" type="scavenge" contextid="1173" timestamp="2019-08-09T17:55:01.183" />
  <attribute name="elasticGC enabled" value="1" />
  <attribute name= "numThreadsSpecified" value="16" />
  <attribute name="heapSize specified" value="12910592" />
  <attribute name="Current GC Util" value="0" />
  <attribute name= "Current Time Running" value="107114" />
  <attribute name ="GC Interval" value="2289" />
  <attribute name="Target GC Util Change" value ="80.000000" />
  <attribute name="Current GC Util Change" value="0.000000"/>
  <attribute name="Current Error" value="240.000000" />
  <attribute name="Output H" value="13117624"/>
  <attribute name="Output I" value="2288"/>
  <attribute name="Output T" value="16"/>
  <attribute name= "Current Time Running" value="107114" />
  <attribute name="GC Util currently" value="0" />
  <attribute name="CPU Util currently" value="16" />
<allocation-satisfied id="1180" threadId="000000000168A600" bytesRequested="24" />
<af-end id="1181" timestamp="2019-08-09T17:55:01.183" threadId="000000000168AF88" success="true" from="nursery"/>
<exclusive-end id="1182" timestamp="2019-08-09T17:55:01.183" durationms="3.066" />

<exclusive-start id="1183" timestamp="2019-08-09T17:55:03.495" intervalms="2315.056">
  <response-info timems="0.281" idlems="0.281" threads="0" lastid="000000000168A600" lastname="node-4" />
</exclusive-start>
<af-start id="1184" threadId="000000000168AF88" totalBytesRequested="24" timestamp="2019-08-09T17:55:03.495" intervalms="2315.028" type="nursery" />
<cycle-start id="1185" type="scavenge" contextid="0" timestamp="2019-08-09T17:55:03.495" intervalms="2314.945" />
<gc-start id="1186" type="scavenge" contextid="1185" timestamp="2019-08-09T17:55:03.495">
  <mem-info id="1187" free="247528" total="13041664" percent="1">
    <mem type="nursery" free="0" total="4325376" percent="0">
      <mem type="allocate" free="0" total="3866624" percent="0" />
      <mem type="survivor" free="0" total="458752" percent="0" />
    </mem>
    <mem type="tenure" free="247528" total="8716288" percent="2">
      <mem type="soa" free="160488" total="8629248" percent="1" />
      <mem type="loa" free="87040" total="87040" percent="100" />
    </mem>
    <remembered-set count="452" />
  </mem-info>
</gc-start>
<allocation-stats totalBytes="3685728" >
  <allocated-bytes non-tlh="24" tlh="3685704" />
  <largest-consumer threadName="node-23" threadId="000000000167B600" bytes="163824" />
</allocation-stats>
<gc-op id="1188" type="scavenge" timems="2.787" contextid="1185" timestamp="2019-08-09T17:55:03.498">
  <scavenger-info tenureage="2" tenuremask="4004" tiltratio="89" />
  <memory-copied type="nursery" objects="5324" bytes="129488" bytesdiscarded="64048" />
  <memory-copied type="tenure" objects="2149" bytes="51576" bytesdiscarded="0" />
</gc-op>
<gc-end id="1189" type="scavenge" contextid="1185" durationms="3.056" usertimems="2.531" systemtimems="2.348" timestamp="2019-08-09T17:55:03.498" activeThreads="16">
  <mem-info id="1190" free="3872232" total="13041664" percent="29">
    <mem type="nursery" free="3673088" total="4325376" percent="84">
      <mem type="allocate" free="3673088" total="3866624" percent="94" />
      <mem type="survivor" free="0" total="458752" percent="0" />
    </mem>
    <mem type="tenure" free="199144" total="8716288" percent="2" macro-fragmented="0">
      <mem type="soa" free="112104" total="8629248" percent="1" />
      <mem type="loa" free="87040" total="87040" percent="100" />
    </mem>
    <remembered-set count="372" />
  </mem-info>
</gc-end>
<cycle-end id="1191" type="scavenge" contextid="1185" timestamp="2019-08-09T17:55:03.498" />
  <attribute name="elasticGC enabled" value="1" />
  <attribute name= "numThreadsSpecified" value="16" />
  <attribute name="heapSize specified" value="12910592" />
  <attribute name="Current GC Util" value="0" />
  <attribute name= "Current Time Running" value="109428" />
  <attribute name ="GC Interval" value="2385" />
  <attribute name="Target GC Util Change" value ="80.000000" />
  <attribute name="Current GC Util Change" value="0.000000"/>
  <attribute name="Current Error" value="320.000000" />
  <attribute name="Output H" value="13117720"/>
  <attribute name="Output I" value="2384"/>
  <attribute name="Output T" value="16"/>
  <attribute name= "Current Time Running" value="109428" />
  <attribute name="GC Util currently" value="0" />
  <attribute name="CPU Util currently" value="15" />
<allocation-satisfied id="1192" threadId="000000000168A600" bytesRequested="24" />
<af-end id="1193" timestamp="2019-08-09T17:55:03.498" threadId="000000000168AF88" success="true" from="nursery"/>
<exclusive-end id="1194" timestamp="2019-08-09T17:55:03.498" durationms="3.287" />

<exclusive-start id="1195" timestamp="2019-08-09T17:55:05.006" intervalms="1510.418">
  <response-info timems="0.026" idlems="0.026" threads="0" lastid="000000000165D700" lastname="node-2" />
</exclusive-start>
<af-start id="1196" threadId="000000000165E088" totalBytesRequested="368" timestamp="2019-08-09T17:55:05.006" intervalms="1510.503" type="nursery" />
<cycle-start id="1197" type="scavenge" contextid="0" timestamp="2019-08-09T17:55:05.006" intervalms="1510.503" />
<gc-start id="1198" type="scavenge" contextid="1197" timestamp="2019-08-09T17:55:05.006">
  <mem-info id="1199" free="199144" total="13041664" percent="1">
    <mem type="nursery" free="0" total="4325376" percent="0">
      <mem type="allocate" free="0" total="3866624" percent="0" />
      <mem type="survivor" free="0" total="458752" percent="0" />
    </mem>
    <mem type="tenure" free="199144" total="8716288" percent="2">
      <mem type="soa" free="112104" total="8629248" percent="1" />
      <mem type="loa" free="87040" total="87040" percent="100" />
    </mem>
    <remembered-set count="457" />
  </mem-info>
</gc-start>
<allocation-stats totalBytes="3668048" >
  <allocated-bytes non-tlh="24" tlh="3668024" />
  <largest-consumer threadName="node-24" threadId="0000000001682E00" bytes="163840" />
</allocation-stats>
<gc-op id="1200" type="scavenge" timems="2.488" contextid="1197" timestamp="2019-08-09T17:55:05.009">
  <scavenger-info tenureage="2" tenuremask="4004" tiltratio="89" />
  <memory-copied type="nursery" objects="5193" bytes="137712" bytesdiscarded="71952" />
  <memory-copied type="tenure" objects="2137" bytes="51288" bytesdiscarded="0" />
</gc-op>
<gc-end id="1201" type="scavenge" contextid="1197" durationms="3.953" usertimems="2.569" systemtimems="3.124" timestamp="2019-08-09T17:55:05.010" activeThreads="16">
  <mem-info id="1202" free="3807720" total="13041664" percent="29">
    <mem type="nursery" free="3656960" total="4325376" percent="84">
      <mem type="allocate" free="3656960" total="3866624" percent="94" />
      <mem type="survivor" free="0" total="458752" percent="0" />
    </mem>
    <mem type="tenure" free="150760" total="8716288" percent="1" macro-fragmented="0">
      <mem type="soa" free="63720" total="8629248" percent="0" />
      <mem type="loa" free="87040" total="87040" percent="100" />
    </mem>
    <remembered-set count="353" />
  </mem-info>
</gc-end>
<cycle-end id="1203" type="scavenge" contextid="1197" timestamp="2019-08-09T17:55:05.010" />
  <attribute name="elasticGC enabled" value="1" />
  <attribute name= "numThreadsSpecified" value="16" />
  <attribute name="heapSize specified" value="12910592" />
  <attribute name="Current GC Util" value="0" />
  <attribute name= "Current Time Running" value="110939" />
  <attribute name ="GC Interval" value="2473" />
  <attribute name="Target GC Util Change" value ="80.000000" />
  <attribute name="Current GC Util Change" value="0.000000"/>
  <attribute name="Current Error" value="400.000000" />
  <attribute name="Output H" value="13117808"/>
  <attribute name="Output I" value="2472"/>
  <attribute name="Output T" value="16"/>
  <attribute name= "Current Time Running" value="110939" />
  <attribute name="GC Util currently" value="0" />
  <attribute name="CPU Util currently" value="12" />
<allocation-satisfied id="1204" threadId="000000000165D700" bytesRequested="368" />
<af-end id="1205" timestamp="2019-08-09T17:55:05.010" threadId="000000000165E088" success="true" from="nursery"/>
<exclusive-end id="1206" timestamp="2019-08-09T17:55:05.010" durationms="4.256" />

<concurrent-kickoff id="1207" timestamp="2019-08-09T17:55:06.286">
  <kickoff reason="threshold reached" targetBytes="5423379" thresholdFreeBytes="745944"  remainingFree="723856" tenureFreeBytes="150760" nurseryFreeBytes="723856" />
</concurrent-kickoff>
<exclusive-start id="1208" timestamp="2019-08-09T17:55:06.286" intervalms="1280.820">
  <response-info timems="0.028" idlems="0.028" threads="0" lastid="0000000001655F00" lastname="node-7" />
</exclusive-start>
<cycle-start id="1209" type="global" contextid="0" timestamp="2019-08-09T17:55:06.286" intervalms="54582.446" />
<exclusive-end id="1210" timestamp="2019-08-09T17:55:06.286" durationms="0.016" />

<exclusive-start id="1211" timestamp="2019-08-09T17:55:06.467" intervalms="180.638">
  <response-info timems="0.026" idlems="0.026" threads="0" lastid="0000000001677A00" lastname="node-3" />
</exclusive-start>
<concurrent-collection-start id="1212" timestamp="2019-08-09T17:55:06.467" intervalms="96662.007" >
  <concurrent-trace-info reason="card cleaning threshold reached" tracedByMutators="734264" tracedByHelpers="4586056" cardsCleaned="157" workStackOverflowCount="0" />
</concurrent-collection-start>
<gc-start id="1213" type="global" contextid="1209" timestamp="2019-08-09T17:55:06.467">
  <mem-info id="1214" free="150760" total="13041664" percent="1">
    <mem type="nursery" free="0" total="4325376" percent="0">
      <mem type="allocate" free="0" total="3866624" percent="0" />
      <mem type="survivor" free="0" total="458752" percent="0" />
    </mem>
    <mem type="tenure" free="150760" total="8716288" percent="1">
      <mem type="soa" free="63720" total="8629248" percent="0" />
      <mem type="loa" free="87040" total="87040" percent="100" />
    </mem>
    <remembered-set count="454" />
  </mem-info>
</gc-start>
<allocation-stats totalBytes="3653560" >
  <allocated-bytes non-tlh="368" tlh="3653192" />
  <largest-consumer threadName="node-8" threadId="000000000168E200" bytes="163832" />
</allocation-stats>
<gc-op id="1215" type="rs-scan" timems="3.162" contextid="1209" timestamp="2019-08-09T17:55:06.470">
  <scan objectsFound="86" bytesTraced="7584" workStackOverflowCount="0" />
</gc-op>
<gc-op id="1216" type="card-cleaning" timems="1.126" contextid="1209" timestamp="2019-08-09T17:55:06.472">
  <card-cleaning cardsCleaned="64" bytesTraced="35340" workStackOverflowCount="0" />
</gc-op>
<gc-op id="1217" type="mark" timems="4.868" contextid="1209" timestamp="2019-08-09T17:55:06.476">
  <trace-info objectcount="271" scancount="230" scanbytes="5964" />
  <finalization candidates="13" enqueued="0" />
  <references type="soft" candidates="45" cleared="0" enqueued="0" dynamicThreshold="6" maxThreshold="32" />
  <references type="weak" candidates="130" cleared="0" enqueued="0" />
  <references type="phantom" candidates="33" cleared="0" enqueued="0" />
  <stringconstants candidates="3834" cleared="0"  />
</gc-op>
<gc-op id="1218" type="sweep" timems="2.765" contextid="1209" timestamp="2019-08-09T17:55:06.479" />
<mem-info id="1219" free="5723064" total="13041664" percent="43">
  <mem type="nursery" free="3839624" total="4325376" percent="88">
    <mem type="allocate" free="3839624" total="3866624" percent="99" />
    <mem type="survivor" free="0" total="458752" percent="0" />
  </mem>
  <mem type="tenure" free="1883440" total="8716288" percent="21" micro-fragmented="0" macro-fragmented="0">
    <mem type="soa" free="1796400" total="8629248" percent="20" />
    <mem type="loa" free="87040" total="87040" percent="100" />
  </mem>
  <remembered-set count="361" />
</mem-info>
<gc-op id="1220" type="compact" timems="23.547" contextid="1209" timestamp="2019-08-09T17:55:06.503">
  <compact-info movecount="1451" movebytes="53488" reason="compact to aid heap contraction" />
</gc-op>
<heap-resize id="1221" type="expand" space="tenure" amount="131072" count="1" timems="0.024" reason="satisfy allocation request" timestamp="2019-08-09T17:55:06.506" />
<gc-end id="1222" type="global" contextid="1209" durationms="38.434" usertimems="13.992" systemtimems="30.334" timestamp="2019-08-09T17:55:06.506" activeThreads="16">
  <mem-info id="1223" free="5873656" total="13172736" percent="44">
    <mem type="nursery" free="3859144" total="4325376" percent="89">
      <mem type="allocate" free="3859144" total="3866624" percent="99" />
      <mem type="survivor" free="0" total="458752" percent="0" />
    </mem>
    <mem type="tenure" free="2014512" total="8847360" percent="22">
      <mem type="soa" free="1926448" total="8759296" percent="21" />
      <mem type="loa" free="88064" total="88064" percent="100" />
    </mem>
    <remembered-set count="361" />
  </mem-info>
</gc-end>
<cycle-end id="1224" type="global" contextid="1209" timestamp="2019-08-09T17:55:06.506" />
  <attribute name="elasticGC enabled" value="1" />
  <attribute name= "numThreadsSpecified" value="16" />
  <attribute name="heapSize specified" value="13041664" />
  <attribute name="Current GC Util" value="59" />
  <attribute name= "Current Time Running" value="112436" />
  <attribute name ="GC Interval" value="2473" />
  <attribute name="Target GC Util Change" value ="80.000000" />
  <attribute name="Current GC Util Change" value="59.000000"/>
  <attribute name="Current Error" value="115.000000" />
  <attribute name="Output H" value="13117480"/>
  <attribute name="Output I" value="2144"/>
  <attribute name="Output T" value="16"/>
  <attribute name= "Current Time Running" value="112436" />
  <attribute name="GC Util currently" value="59" />
  <attribute name="CPU Util currently" value="48840681190" />
<concurrent-collection-end id="1225" timestamp="2019-08-09T17:55:06.506" />
<exclusive-end id="1226" timestamp="2019-08-09T17:55:06.506" durationms="38.751" />

<exclusive-start id="1227" timestamp="2019-08-09T17:55:08.445" intervalms="1977.867">
  <response-info timems="0.195" idlems="0.195" threads="0" lastid="000000000168E200" lastname="node-8" />
</exclusive-start>
<af-start id="1228" threadId="000000000168EB88" totalBytesRequested="368" timestamp="2019-08-09T17:55:08.445" intervalms="3439.239" type="nursery" />
<cycle-start id="1229" type="scavenge" contextid="0" timestamp="2019-08-09T17:55:08.445" intervalms="3439.232" />
<gc-start id="1230" type="scavenge" contextid="1229" timestamp="2019-08-09T17:55:08.445">
  <mem-info id="1231" free="2014512" total="13172736" percent="15">
    <mem type="nursery" free="0" total="4325376" percent="0">
      <mem type="allocate" free="0" total="3866624" percent="0" />
      <mem type="survivor" free="0" total="458752" percent="0" />
    </mem>
    <mem type="tenure" free="2014512" total="8847360" percent="22">
      <mem type="soa" free="1926448" total="8759296" percent="21" />
      <mem type="loa" free="88064" total="88064" percent="100" />
    </mem>
    <remembered-set count="399" />
  </mem-info>
</gc-start>
<allocation-stats totalBytes="3852552" >
  <allocated-bytes non-tlh="0" tlh="3852552" />
  <largest-consumer threadName="node-7" threadId="0000000001655F00" bytes="192936" />
</allocation-stats>
<gc-op id="1232" type="scavenge" timems="4.744" contextid="1229" timestamp="2019-08-09T17:55:08.450">
  <scavenger-info tenureage="2" tenuremask="4004" tiltratio="89" />
  <memory-copied type="nursery" objects="2772" bytes="77408" bytesdiscarded="51616" />
</gc-op>
<gc-end id="1233" type="scavenge" contextid="1229" durationms="5.008" usertimems="3.279" systemtimems="4.211" timestamp="2019-08-09T17:55:08.450" activeThreads="16">
  <mem-info id="1234" free="5752112" total="13172736" percent="43">
    <mem type="nursery" free="3737600" total="4325376" percent="86">
      <mem type="allocate" free="3737600" total="3866624" percent="96" />
      <mem type="survivor" free="0" total="458752" percent="0" />
    </mem>
    <mem type="tenure" free="2014512" total="8847360" percent="22" macro-fragmented="1500163">
      <mem type="soa" free="1926448" total="8759296" percent="21" />
      <mem type="loa" free="88064" total="88064" percent="100" />
    </mem>
    <remembered-set count="323" />
  </mem-info>
</gc-end>
<cycle-end id="1235" type="scavenge" contextid="1229" timestamp="2019-08-09T17:55:08.450" />
  <attribute name="elasticGC enabled" value="1" />
  <attribute name= "numThreadsSpecified" value="16" />
  <attribute name="heapSize specified" value="13041664" />
  <attribute name="Current GC Util" value="1" />
  <attribute name= "Current Time Running" value="114378" />
  <attribute name ="GC Interval" value="2105" />
  <attribute name="Target GC Util Change" value ="80.000000" />
  <attribute name="Current GC Util Change" value="1.000000"/>
  <attribute name="Current Error" value="79.000000" />
  <attribute name="Output H" value="13248512"/>
  <attribute name="Output I" value="2104"/>
  <attribute name="Output T" value="16"/>
  <attribute name= "Current Time Running" value="114378" />
  <attribute name="GC Util currently" value="1" />
  <attribute name="CPU Util currently" value="14" />
<allocation-satisfied id="1236" threadId="000000000168E200" bytesRequested="368" />
<af-end id="1237" timestamp="2019-08-09T17:55:08.450" threadId="000000000168EB88" success="true" from="nursery"/>
<exclusive-end id="1238" timestamp="2019-08-09T17:55:08.450" durationms="5.572" />

<exclusive-start id="1239" timestamp="2019-08-09T17:55:10.600" intervalms="2155.564">
  <response-info timems="0.101" idlems="0.101" threads="0" lastid="0000000001682E00" lastname="node-24" />
</exclusive-start>
<af-start id="1240" threadId="0000000001683788" totalBytesRequested="32" timestamp="2019-08-09T17:55:10.601" intervalms="2155.601" type="nursery" />
<cycle-start id="1241" type="scavenge" contextid="0" timestamp="2019-08-09T17:55:10.601" intervalms="2155.607" />
<gc-start id="1242" type="scavenge" contextid="1241" timestamp="2019-08-09T17:55:10.601">
  <mem-info id="1243" free="2014512" total="13172736" percent="15">
    <mem type="nursery" free="0" total="4325376" percent="0">
      <mem type="allocate" free="0" total="3866624" percent="0" />
      <mem type="survivor" free="0" total="458752" percent="0" />
    </mem>
    <mem type="tenure" free="2014512" total="8847360" percent="22">
      <mem type="soa" free="1926448" total="8759296" percent="21" />
      <mem type="loa" free="88064" total="88064" percent="100" />
    </mem>
    <remembered-set count="429" />
  </mem-info>
</gc-start>
<allocation-stats totalBytes="3734104" >
  <allocated-bytes non-tlh="368" tlh="3733736" />
  <largest-consumer threadName="node-8" threadId="000000000168E200" bytes="164176" />
</allocation-stats>
<gc-op id="1244" type="scavenge" timems="2.520" contextid="1241" timestamp="2019-08-09T17:55:10.604">
  <scavenger-info tenureage="14" tenuremask="4000" tiltratio="89" />
  <memory-copied type="nursery" objects="5828" bytes="141584" bytesdiscarded="51952" />
</gc-op>
<gc-end id="1245" type="scavenge" contextid="1241" durationms="3.006" usertimems="4.121" systemtimems="1.655" timestamp="2019-08-09T17:55:10.604" activeThreads="16">
  <mem-info id="1246" free="5687600" total="13172736" percent="43">
    <mem type="nursery" free="3673088" total="4325376" percent="84">
      <mem type="allocate" free="3673088" total="3866624" percent="94" />
      <mem type="survivor" free="0" total="458752" percent="0" />
    </mem>
    <mem type="tenure" free="2014512" total="8847360" percent="22" macro-fragmented="1800196">
      <mem type="soa" free="1926448" total="8759296" percent="21" />
      <mem type="loa" free="88064" total="88064" percent="100" />
    </mem>
    <remembered-set count="374" />
  </mem-info>
</gc-end>
<cycle-end id="1247" type="scavenge" contextid="1241" timestamp="2019-08-09T17:55:10.604" />
  <attribute name="elasticGC enabled" value="1" />
  <attribute name= "numThreadsSpecified" value="16" />
  <attribute name="heapSize specified" value="13041664" />
  <attribute name="Current GC Util" value="0" />
  <attribute name= "Current Time Running" value="116534" />
  <attribute name ="GC Interval" value="2193" />
  <attribute name="Target GC Util Change" value ="80.000000" />
  <attribute name="Current GC Util Change" value="0.000000"/>
  <attribute name="Current Error" value="159.000000" />
  <attribute name="Output H" value="13248600"/>
  <attribute name="Output I" value="2192"/>
  <attribute name="Output T" value="16"/>
  <attribute name= "Current Time Running" value="116534" />
  <attribute name="GC Util currently" value="0" />
  <attribute name="CPU Util currently" value="15" />
<allocation-satisfied id="1248" threadId="0000000001682E00" bytesRequested="32" />
<af-end id="1249" timestamp="2019-08-09T17:55:10.604" threadId="0000000001683788" success="true" from="nursery"/>
<exclusive-end id="1250" timestamp="2019-08-09T17:55:10.604" durationms="3.709" />

<exclusive-start id="1251" timestamp="2019-08-09T17:55:12.369" intervalms="1768.057">
  <response-info timems="0.540" idlems="0.302" threads="1" lastid="0000000001655F00" lastname="node-7" />
</exclusive-start>
<af-start id="1252" threadId="000000000165E088" totalBytesRequested="24" timestamp="2019-08-09T17:55:12.369" intervalms="1768.022" type="nursery" />
<cycle-start id="1253" type="scavenge" contextid="0" timestamp="2019-08-09T17:55:12.369" intervalms="1768.022" />
<gc-start id="1254" type="scavenge" contextid="1253" timestamp="2019-08-09T17:55:12.369">
  <mem-info id="1255" free="2014512" total="13172736" percent="15">
    <mem type="nursery" free="0" total="4325376" percent="0">
      <mem type="allocate" free="0" total="3866624" percent="0" />
      <mem type="survivor" free="0" total="458752" percent="0" />
    </mem>
    <mem type="tenure" free="2014512" total="8847360" percent="22">
      <mem type="soa" free="1926448" total="8759296" percent="21" />
      <mem type="loa" free="88064" total="88064" percent="100" />
    </mem>
    <remembered-set count="460" />
  </mem-info>
</gc-start>
<allocation-stats totalBytes="3669376" >
  <allocated-bytes non-tlh="32" tlh="3669344" />
  <largest-consumer threadName="node-24" threadId="0000000001682E00" bytes="163840" />
</allocation-stats>
<gc-op id="1256" type="scavenge" timems="2.894" contextid="1253" timestamp="2019-08-09T17:55:12.372">
  <scavenger-info tenureage="14" tenuremask="4000" tiltratio="89" />
  <memory-copied type="nursery" objects="8208" bytes="198704" bytesdiscarded="27088" />
</gc-op>
<gc-end id="1257" type="scavenge" contextid="1253" durationms="3.114" usertimems="1.933" systemtimems="3.476" timestamp="2019-08-09T17:55:12.372" activeThreads="16">
  <mem-info id="1258" free="5655344" total="13172736" percent="42">
    <mem type="nursery" free="3640832" total="4325376" percent="84">
      <mem type="allocate" free="3640832" total="3866624" percent="94" />
      <mem type="survivor" free="0" total="458752" percent="0" />
    </mem>
    <mem type="tenure" free="2014512" total="8847360" percent="22" macro-fragmented="1800196">
      <mem type="soa" free="1926448" total="8759296" percent="21" />
      <mem type="loa" free="88064" total="88064" percent="100" />
    </mem>
    <remembered-set count="406" />
  </mem-info>
</gc-end>
<cycle-end id="1259" type="scavenge" contextid="1253" timestamp="2019-08-09T17:55:12.372" />
  <attribute name="elasticGC enabled" value="1" />
  <attribute name= "numThreadsSpecified" value="16" />
  <attribute name="heapSize specified" value="13041664" />
  <attribute name="Current GC Util" value="0" />
  <attribute name= "Current Time Running" value="118302" />
  <attribute name ="GC Interval" value="2289" />
  <attribute name="Target GC Util Change" value ="80.000000" />
  <attribute name="Current GC Util Change" value="0.000000"/>
  <attribute name="Current Error" value="239.000000" />
  <attribute name="Output H" value="13248696"/>
  <attribute name="Output I" value="2288"/>
  <attribute name="Output T" value="16"/>
  <attribute name= "Current Time Running" value="118302" />
  <attribute name="GC Util currently" value="0" />
  <attribute name="CPU Util currently" value="14" />
<allocation-satisfied id="1260" threadId="000000000165D700" bytesRequested="24" />
<af-end id="1261" timestamp="2019-08-09T17:55:12.372" threadId="000000000165E088" success="true" from="nursery"/>
<exclusive-end id="1262" timestamp="2019-08-09T17:55:12.372" durationms="3.358" />

<exclusive-start id="1263" timestamp="2019-08-09T17:55:13.946" intervalms="1577.943">
  <response-info timems="0.023" idlems="0.023" threads="0" lastid="000000000169D100" lastname="node-0" />
</exclusive-start>
<af-start id="1264" threadId="000000000169DA88" totalBytesRequested="24" timestamp="2019-08-09T17:55:13.947" intervalms="1577.933" type="nursery" />
<cycle-start id="1265" type="scavenge" contextid="0" timestamp="2019-08-09T17:55:13.947" intervalms="1577.937" />
<gc-start id="1266" type="scavenge" contextid="1265" timestamp="2019-08-09T17:55:13.947">
  <mem-info id="1267" free="2014512" total="13172736" percent="15">
    <mem type="nursery" free="0" total="4325376" percent="0">
      <mem type="allocate" free="0" total="3866624" percent="0" />
      <mem type="survivor" free="0" total="458752" percent="0" />
    </mem>
    <mem type="tenure" free="2014512" total="8847360" percent="22">
      <mem type="soa" free="1926448" total="8759296" percent="21" />
      <mem type="loa" free="88064" total="88064" percent="100" />
    </mem>
    <remembered-set count="489" />
  </mem-info>
</gc-start>
<allocation-stats totalBytes="3634104" >
  <allocated-bytes non-tlh="24" tlh="3634080" />
  <largest-consumer threadName="node-1" threadId="0000000001673E00" bytes="163840" />
</allocation-stats>
<gc-op id="1268" type="scavenge" timems="3.284" contextid="1265" timestamp="2019-08-09T17:55:13.950">
  <scavenger-info tenureage="3" tenuremask="4008" tiltratio="89" />
  <memory-copied type="nursery" objects="7819" bytes="189368" bytesdiscarded="36424" />
  <memory-copied type="tenure" objects="2605" bytes="62520" bytesdiscarded="0" />
</gc-op>
<gc-end id="1269" type="scavenge" contextid="1265" durationms="3.525" usertimems="4.790" systemtimems="1.305" timestamp="2019-08-09T17:55:13.950" activeThreads="16">
  <mem-info id="1270" free="5590832" total="13172736" percent="42">
    <mem type="nursery" free="3640832" total="4325376" percent="84">
      <mem type="allocate" free="3640832" total="3866624" percent="94" />
      <mem type="survivor" free="0" total="458752" percent="0" />
    </mem>
    <mem type="tenure" free="1950000" total="8847360" percent="22" macro-fragmented="0">
      <mem type="soa" free="1861936" total="8759296" percent="21" />
      <mem type="loa" free="88064" total="88064" percent="100" />
    </mem>
    <remembered-set count="398" />
  </mem-info>
</gc-end>
<cycle-end id="1271" type="scavenge" contextid="1265" timestamp="2019-08-09T17:55:13.950" />
  <attribute name="elasticGC enabled" value="1" />
  <attribute name= "numThreadsSpecified" value="16" />
  <attribute name="heapSize specified" value="13041664" />
  <attribute name="Current GC Util" value="0" />
  <attribute name= "Current Time Running" value="119880" />
  <attribute name ="GC Interval" value="2377" />
  <attribute name="Target GC Util Change" value ="80.000000" />
  <attribute name="Current GC Util Change" value="0.000000"/>
  <attribute name="Current Error" value="319.000000" />
  <attribute name="Output H" value="13248784"/>
  <attribute name="Output I" value="2376"/>
  <attribute name="Output T" value="16"/>
  <attribute name= "Current Time Running" value="119880" />
  <attribute name="GC Util currently" value="0" />
  <attribute name="CPU Util currently" value="12" />
<allocation-satisfied id="1272" threadId="000000000169D100" bytesRequested="24" />
<af-end id="1273" timestamp="2019-08-09T17:55:13.950" threadId="000000000169DA88" success="true" from="nursery"/>
<exclusive-end id="1274" timestamp="2019-08-09T17:55:13.950" durationms="3.727" />

<exclusive-start id="1275" timestamp="2019-08-09T17:55:15.483" intervalms="1536.900">
  <response-info timems="0.189" idlems="0.189" threads="0" lastid="0000000001677A00" lastname="node-3" />
</exclusive-start>
<af-start id="1276" threadId="0000000001678388" totalBytesRequested="24" timestamp="2019-08-09T17:55:15.484" intervalms="1537.055" type="nursery" />
<cycle-start id="1277" type="scavenge" contextid="0" timestamp="2019-08-09T17:55:15.484" intervalms="1537.168" />
<gc-start id="1278" type="scavenge" contextid="1277" timestamp="2019-08-09T17:55:15.484">
  <mem-info id="1279" free="1950000" total="13172736" percent="14">
    <mem type="nursery" free="0" total="4325376" percent="0">
      <mem type="allocate" free="0" total="3866624" percent="0" />
      <mem type="survivor" free="0" total="458752" percent="0" />
    </mem>
    <mem type="tenure" free="1950000" total="8847360" percent="22">
      <mem type="soa" free="1861936" total="8759296" percent="21" />
      <mem type="loa" free="88064" total="88064" percent="100" />
    </mem>
    <remembered-set count="485" />
  </mem-info>
</gc-start>
<allocation-stats totalBytes="3632864" >
  <allocated-bytes non-tlh="24" tlh="3632840" />
  <largest-consumer threadName="node-5" threadId="0000000001691D00" bytes="163824" />
</allocation-stats>
<gc-op id="1280" type="scavenge" timems="3.461" contextid="1277" timestamp="2019-08-09T17:55:15.488">
  <scavenger-info tenureage="3" tenuremask="4008" tiltratio="89" />
  <memory-copied type="nursery" objects="7199" bytes="174488" bytesdiscarded="35176" />
  <memory-copied type="tenure" objects="3081" bytes="73944" bytesdiscarded="0" />
</gc-op>
<gc-end id="1281" type="scavenge" contextid="1277" durationms="4.096" usertimems="6.790" systemtimems="1.663" timestamp="2019-08-09T17:55:15.488" activeThreads="16">
  <mem-info id="1282" free="5526320" total="13172736" percent="41">
    <mem type="nursery" free="3656960" total="4325376" percent="84">
      <mem type="allocate" free="3656960" total="3866624" percent="94" />
      <mem type="survivor" free="0" total="458752" percent="0" />
    </mem>
    <mem type="tenure" free="1869360" total="8847360" percent="21" macro-fragmented="1500163">
      <mem type="soa" free="1781296" total="8759296" percent="20" />
      <mem type="loa" free="88064" total="88064" percent="100" />
    </mem>
    <remembered-set count="396" />
  </mem-info>
</gc-end>
<cycle-end id="1283" type="scavenge" contextid="1277" timestamp="2019-08-09T17:55:15.488" />
  <attribute name="elasticGC enabled" value="1" />
  <attribute name= "numThreadsSpecified" value="16" />
  <attribute name="heapSize specified" value="13041664" />
  <attribute name="Current GC Util" value="0" />
  <attribute name= "Current Time Running" value="121417" />
  <attribute name ="GC Interval" value="2473" />
  <attribute name="Target GC Util Change" value ="80.000000" />
  <attribute name="Current GC Util Change" value="0.000000"/>
  <attribute name="Current Error" value="399.000000" />
  <attribute name="Output H" value="13248880"/>
  <attribute name="Output I" value="2472"/>
  <attribute name="Output T" value="16"/>
  <attribute name= "Current Time Running" value="121417" />
  <attribute name="GC Util currently" value="0" />
  <attribute name="CPU Util currently" value="13" />
<allocation-satisfied id="1284" threadId="0000000001677A00" bytesRequested="24" />
<af-end id="1285" timestamp="2019-08-09T17:55:15.488" threadId="0000000001678388" success="true" from="nursery"/>
<exclusive-end id="1286" timestamp="2019-08-09T17:55:15.488" durationms="5.050" />

===== DaCapo 9.12-MR1 avrora PASSED in 121479 msec =====
<exclusive-start id="1287" timestamp="2019-08-09T17:55:15.972" intervalms="488.915">
  <response-info timems="0.017" idlems="0.017" threads="0" lastid="0000000001367F00" lastname="main" />
</exclusive-start>
<af-start id="1288" threadId="0000000001368888" totalBytesRequested="2056" timestamp="2019-08-09T17:55:15.972" intervalms="488.742" type="nursery" />
<cycle-start id="1289" type="scavenge" contextid="0" timestamp="2019-08-09T17:55:15.972" intervalms="488.615" />
<gc-start id="1290" type="scavenge" contextid="1289" timestamp="2019-08-09T17:55:15.972">
  <mem-info id="1291" free="1868224" total="13172736" percent="14">
    <mem type="nursery" free="0" total="4325376" percent="0">
      <mem type="allocate" free="0" total="3866624" percent="0" />
      <mem type="survivor" free="0" total="458752" percent="0" />
    </mem>
    <mem type="tenure" free="1868224" total="8847360" percent="21">
      <mem type="soa" free="1780160" total="8759296" percent="20" />
      <mem type="loa" free="88064" total="88064" percent="100" />
    </mem>
    <remembered-set count="518" />
  </mem-info>
</gc-start>
<allocation-stats totalBytes="3642072" >
  <allocated-bytes non-tlh="25752" tlh="3616320" />
  <largest-consumer threadName="main" threadId="0000000001367F00" bytes="2479160" />
</allocation-stats>
<gc-op id="1292" type="scavenge" timems="5.752" contextid="1289" timestamp="2019-08-09T17:55:15.978">
  <scavenger-info tenureage="14" tenuremask="4000" tiltratio="89" />
  <memory-copied type="nursery" objects="7966" bytes="350288" bytesdiscarded="32432" />
  <finalization candidates="1" enqueued="1" />
  <references type="soft" candidates="11" cleared="0" enqueued="0" dynamicThreshold="7" maxThreshold="32" />
  <references type="weak" candidates="17" cleared="16" enqueued="16" />
  <references type="phantom" candidates="16" cleared="12" enqueued="12" />
</gc-op>
<gc-end id="1293" type="scavenge" contextid="1289" durationms="5.894" usertimems="2.453" systemtimems="3.452" timestamp="2019-08-09T17:55:15.978" activeThreads="16">
  <mem-info id="1294" free="5221024" total="13172736" percent="39">
    <mem type="nursery" free="3352800" total="4325376" percent="77">
      <mem type="allocate" free="3352800" total="3735552" percent="89" />
      <mem type="survivor" free="0" total="589824" percent="0" />
    </mem>
    <mem type="tenure" free="1868224" total="8847360" percent="21" macro-fragmented="1041779">
      <mem type="soa" free="1780160" total="8759296" percent="20" />
      <mem type="loa" free="88064" total="88064" percent="100" />
    </mem>
    <pending-finalizers system="1" default="0" reference="28" classloader="0" />
    <remembered-set count="423" />
  </mem-info>
</gc-end>
<cycle-end id="1295" type="scavenge" contextid="1289" timestamp="2019-08-09T17:55:15.978" />
  <attribute name="elasticGC enabled" value="1" />
  <attribute name= "numThreadsSpecified" value="16" />
  <attribute name="heapSize specified" value="13041664" />
  <attribute name="Current GC Util" value="1" />
  <attribute name= "Current Time Running" value="121906" />
  <attribute name ="GC Interval" value="2561" />
  <attribute name="Target GC Util Change" value ="80.000000" />
  <attribute name="Current GC Util Change" value="1.000000"/>
  <attribute name="Current Error" value="478.000000" />
  <attribute name="Output H" value="13248968"/>
  <attribute name="Output I" value="2560"/>
  <attribute name="Output T" value="16"/>
  <attribute name= "Current Time Running" value="121906" />
  <attribute name="GC Util currently" value="1" />
  <attribute name="CPU Util currently" value="6" />
<allocation-satisfied id="1296" threadId="0000000001367F00" bytesRequested="2056" />
<af-end id="1297" timestamp="2019-08-09T17:55:15.978" threadId="0000000001368888" success="true" from="nursery"/>
<exclusive-end id="1298" timestamp="2019-08-09T17:55:15.978" durationms="6.195" />

<exclusive-start id="1299" timestamp="2019-08-09T17:55:16.113" intervalms="140.608">
  <response-info timems="0.013" idlems="0.013" threads="0" lastid="0000000001367F00" lastname="main" />
</exclusive-start>
<af-start id="1300" threadId="0000000001368888" totalBytesRequested="2056" timestamp="2019-08-09T17:55:16.113" intervalms="140.607" type="nursery" />
<cycle-start id="1301" type="scavenge" contextid="0" timestamp="2019-08-09T17:55:16.113" intervalms="140.608" />
<gc-start id="1302" type="scavenge" contextid="1301" timestamp="2019-08-09T17:55:16.113">
  <mem-info id="1303" free="1868224" total="13172736" percent="14">
    <mem type="nursery" free="0" total="4325376" percent="0">
      <mem type="allocate" free="0" total="3735552" percent="0" />
      <mem type="survivor" free="0" total="589824" percent="0" />
    </mem>
    <mem type="tenure" free="1868224" total="8847360" percent="21">
      <mem type="soa" free="1780160" total="8759296" percent="20" />
      <mem type="loa" free="88064" total="88064" percent="100" />
    </mem>
    <remembered-set count="426" />
  </mem-info>
</gc-start>
<allocation-stats totalBytes="3331912" >
  <allocated-bytes non-tlh="4112" tlh="3327800" />
  <largest-consumer threadName="main" threadId="0000000001367F00" bytes="3331912" />
</allocation-stats>
<gc-op id="1304" type="scavenge" timems="2.285" contextid="1301" timestamp="2019-08-09T17:55:16.115">
  <scavenger-info tenureage="3" tenuremask="4018" tiltratio="86" />
  <memory-copied type="nursery" objects="3300" bytes="102704" bytesdiscarded="34488" />
  <memory-copied type="tenure" objects="4597" bytes="110328" bytesdiscarded="0" />
  <references type="soft" candidates="11" cleared="0" enqueued="0" dynamicThreshold="7" maxThreshold="32" />
  <references type="weak" candidates="1" cleared="0" enqueued="0" />
  <references type="phantom" candidates="3" cleared="0" enqueued="0" />
</gc-op>
<gc-end id="1305" type="scavenge" contextid="1301" durationms="2.453" usertimems="1.617" systemtimems="2.057" timestamp="2019-08-09T17:55:16.115" activeThreads="16">
  <mem-info id="1306" free="5353656" total="13172736" percent="40">
    <mem type="nursery" free="3598328" total="4325376" percent="83">
      <mem type="allocate" free="3598328" total="3735552" percent="96" />
      <mem type="survivor" free="0" total="589824" percent="0" />
    </mem>
    <mem type="tenure" free="1755328" total="8847360" percent="19" macro-fragmented="1250136">
      <mem type="soa" free="1667264" total="8759296" percent="19" />
      <mem type="loa" free="88064" total="88064" percent="100" />
    </mem>
    <remembered-set count="292" />
  </mem-info>
</gc-end>
<cycle-end id="1307" type="scavenge" contextid="1301" timestamp="2019-08-09T17:55:16.116" />
  <attribute name="elasticGC enabled" value="1" />
  <attribute name= "numThreadsSpecified" value="16" />
  <attribute name="heapSize specified" value="13041664" />
  <attribute name="Current GC Util" value="4" />
  <attribute name= "Current Time Running" value="122046" />
  <attribute name ="GC Interval" value="2097" />
  <attribute name="Target GC Util Change" value ="80.000000" />
  <attribute name="Current GC Util Change" value="4.000000"/>
  <attribute name="Current Error" value="76.000000" />
  <attribute name="Output H" value="13248504"/>
  <attribute name="Output I" value="2096"/>
  <attribute name="Output T" value="16"/>
  <attribute name= "Current Time Running" value="122046" />
  <attribute name="GC Util currently" value="4" />
  <attribute name="CPU Util currently" value="8199084958" />
<allocation-satisfied id="1308" threadId="0000000001367F00" bytesRequested="2056" />
<af-end id="1309" timestamp="2019-08-09T17:55:16.116" threadId="0000000001368888" success="true" from="nursery"/>
<exclusive-end id="1310" timestamp="2019-08-09T17:55:16.116" durationms="2.711" />

<exclusive-start id="1311" timestamp="2019-08-09T17:55:16.223" intervalms="109.808">
  <response-info timems="0.084" idlems="0.084" threads="0" lastid="0000000001367F00" lastname="main" />
</exclusive-start>
<af-start id="1312" threadId="0000000001368888" totalBytesRequested="314600" timestamp="2019-08-09T17:55:16.223" intervalms="109.808" type="nursery" />
<cycle-start id="1313" type="scavenge" contextid="0" timestamp="2019-08-09T17:55:16.223" intervalms="109.805" />
<gc-start id="1314" type="scavenge" contextid="1313" timestamp="2019-08-09T17:55:16.223">
  <mem-info id="1315" free="1755256" total="13172736" percent="13">
    <mem type="nursery" free="0" total="4325376" percent="0">
      <mem type="allocate" free="0" total="3735552" percent="0" />
      <mem type="survivor" free="0" total="589824" percent="0" />
    </mem>
    <mem type="tenure" free="1755256" total="8847360" percent="19">
      <mem type="soa" free="1667192" total="8759296" percent="19" />
      <mem type="loa" free="88064" total="88064" percent="100" />
    </mem>
    <remembered-set count="293" />
  </mem-info>
</gc-start>
<allocation-stats totalBytes="3574848" >
  <allocated-bytes non-tlh="2128" tlh="3572720" />
  <largest-consumer threadName="main" threadId="0000000001367F00" bytes="3574848" />
</allocation-stats>
<gc-op id="1316" type="scavenge" timems="3.340" contextid="1313" timestamp="2019-08-09T17:55:16.226">
  <scavenger-info tenureage="3" tenuremask="4008" tiltratio="86" />
  <memory-copied type="nursery" objects="791" bytes="23056" bytesdiscarded="25312" />
  <memory-copied type="tenure" objects="2481" bytes="59392" bytesdiscarded="8" />
  <references type="soft" candidates="11" cleared="0" enqueued="0" dynamicThreshold="7" maxThreshold="32" />
  <references type="phantom" candidates="2" cleared="0" enqueued="0" />
</gc-op>
<gc-end id="1317" type="scavenge" contextid="1313" durationms="3.489" usertimems="3.024" systemtimems="3.570" timestamp="2019-08-09T17:55:16.226" activeThreads="16">
  <mem-info id="1318" free="5508984" total="13172736" percent="41">
    <mem type="nursery" free="3818240" total="4325376" percent="88">
      <mem type="allocate" free="3818240" total="3866624" percent="98" />
      <mem type="survivor" free="0" total="458752" percent="0" />
    </mem>
    <mem type="tenure" free="1690744" total="8847360" percent="19" macro-fragmented="1041779">
      <mem type="soa" free="1602680" total="8759296" percent="18" />
      <mem type="loa" free="88064" total="88064" percent="100" />
    </mem>
    <remembered-set count="224" />
  </mem-info>
</gc-end>
<cycle-end id="1319" type="scavenge" contextid="1313" timestamp="2019-08-09T17:55:16.226" />
  <attribute name="elasticGC enabled" value="1" />
  <attribute name= "numThreadsSpecified" value="16" />
  <attribute name="heapSize specified" value="13041664" />
  <attribute name="Current GC Util" value="3" />
  <attribute name= "Current Time Running" value="122156" />
  <attribute name ="GC Interval" value="2185" />
  <attribute name="Target GC Util Change" value ="80.000000" />
  <attribute name="Current GC Util Change" value="3.000000"/>
  <attribute name="Current Error" value="153.000000" />
  <attribute name="Output H" value="13248592"/>
  <attribute name="Output I" value="2184"/>
  <attribute name="Output T" value="16"/>
  <attribute name= "Current Time Running" value="122156" />
  <attribute name="GC Util currently" value="3" />
  <attribute name="CPU Util currently" value="10498350447" />
<allocation-satisfied id="1320" threadId="0000000001367F00" bytesRequested="314600" />
<af-end id="1321" timestamp="2019-08-09T17:55:16.227" threadId="0000000001368888" success="true" from="nursery"/>
<exclusive-end id="1322" timestamp="2019-08-09T17:55:16.227" durationms="3.794" />

<exclusive-start id="1323" timestamp="2019-08-09T17:55:16.284" intervalms="61.177">
  <response-info timems="0.016" idlems="0.016" threads="0" lastid="0000000001367F00" lastname="main" />
</exclusive-start>
<af-start id="1324" threadId="0000000001368888" totalBytesRequested="16" timestamp="2019-08-09T17:55:16.284" intervalms="61.218" type="nursery" />
<cycle-start id="1325" type="scavenge" contextid="0" timestamp="2019-08-09T17:55:16.284" intervalms="61.225" />
<gc-start id="1326" type="scavenge" contextid="1325" timestamp="2019-08-09T17:55:16.284">
  <mem-info id="1327" free="1647376" total="13172736" percent="12">
    <mem type="nursery" free="0" total="4325376" percent="0">
      <mem type="allocate" free="0" total="3866624" percent="0" />
      <mem type="survivor" free="0" total="458752" percent="0" />
    </mem>
    <mem type="tenure" free="1647376" total="8847360" percent="18">
      <mem type="soa" free="1559312" total="8759296" percent="17" />
      <mem type="loa" free="88064" total="88064" percent="100" />
    </mem>
    <remembered-set count="762" />
  </mem-info>
</gc-start>
<allocation-stats totalBytes="3855928" >
  <allocated-bytes non-tlh="813184" tlh="3042744" />
  <largest-consumer threadName="main" threadId="0000000001367F00" bytes="3855928" />
</allocation-stats>
<gc-op id="1328" type="scavenge" timems="5.047" contextid="1325" timestamp="2019-08-09T17:55:16.289">
  <scavenger-info tenureage="14" tenuremask="4000" tiltratio="89" />
  <memory-copied type="nursery" objects="1651" bytes="445592" bytesdiscarded="12856" />
  <memory-copied type="tenure" objects="1960" bytes="292968" bytesdiscarded="40" />
  <copy-failed type="nursery" objects="1960" bytes="293200" />
  <finalization candidates="32" enqueued="0" />
  <ownableSynchronizers candidates="17" cleared="0" />
  <references type="soft" candidates="7" cleared="0" enqueued="0" dynamicThreshold="7" maxThreshold="32" />
  <references type="weak" candidates="51" cleared="9" enqueued="9" />
  <references type="phantom" candidates="22" cleared="0" enqueued="0" />
</gc-op>
<gc-end id="1329" type="scavenge" contextid="1325" durationms="5.505" usertimems="11.788" systemtimems="0.659" timestamp="2019-08-09T17:55:16.290" activeThreads="16">
  <mem-info id="1330" free="3371920" total="13172736" percent="25">
    <mem type="nursery" free="2097152" total="4325376" percent="48">
      <mem type="allocate" free="2097152" total="2555904" percent="82" />
      <mem type="survivor" free="0" total="1769472" percent="0" />
    </mem>
    <mem type="tenure" free="1274768" total="8847360" percent="14" macro-fragmented="0">
      <mem type="soa" free="1186704" total="8759296" percent="13" />
      <mem type="loa" free="88064" total="88064" percent="100" />
    </mem>
    <pending-finalizers system="0" default="0" reference="9" classloader="0" />
    <remembered-set count="966" />
  </mem-info>
</gc-end>
<cycle-end id="1331" type="scavenge" contextid="1325" timestamp="2019-08-09T17:55:16.290" />
  <attribute name="elasticGC enabled" value="1" />
  <attribute name= "numThreadsSpecified" value="16" />
  <attribute name="heapSize specified" value="13041664" />
  <attribute name="Current GC Util" value="11" />
  <attribute name= "Current Time Running" value="122217" />
  <attribute name ="GC Interval" value="2265" />
  <attribute name="Target GC Util Change" value ="80.000000" />
  <attribute name="Current GC Util Change" value="11.000000"/>
  <attribute name="Current Error" value="222.000000" />
  <attribute name="Output H" value="13248672"/>
  <attribute name="Output I" value="2264"/>
  <attribute name="Output T" value="16"/>
  <attribute name= "Current Time Running" value="122217" />
  <attribute name="GC Util currently" value="11" />
  <attribute name="CPU Util currently" value="18833754391" />
<allocation-satisfied id="1332" threadId="0000000001367F00" bytesRequested="16" />
<af-end id="1333" timestamp="2019-08-09T17:55:16.290" threadId="0000000001368888" success="true" from="nursery"/>
<exclusive-end id="1334" timestamp="2019-08-09T17:55:16.290" durationms="5.803" />

WARNING: An illegal reflective access operation has occurred
WARNING: Illegal reflective access by com.google.common.base.internal.Finalizer (file:/./scratch/jar/guava-r07.jar) to field java.lang.Thread.inheritableThreadLocals
WARNING: Please consider reporting this to the maintainers of com.google.common.base.internal.Finalizer
WARNING: Use --illegal-access=warn to enable warnings of further illegal reflective access operations
WARNING: All illegal access operations will be denied in a future release
<exclusive-start id="1335" timestamp="2019-08-09T17:55:16.375" intervalms="90.753">
  <response-info timems="0.017" idlems="0.017" threads="0" lastid="0000000001367F00" lastname="main" />
</exclusive-start>
<af-start id="1336" threadId="0000000001368888" totalBytesRequested="24" timestamp="2019-08-09T17:55:16.375" intervalms="90.722" type="nursery" />
<cycle-start id="1337" type="scavenge" contextid="0" timestamp="2019-08-09T17:55:16.375" intervalms="90.723" />
<gc-start id="1338" type="scavenge" contextid="1337" timestamp="2019-08-09T17:55:16.375">
  <mem-info id="1339" free="1203656" total="13172736" percent="9">
    <mem type="nursery" free="0" total="4325376" percent="0">
      <mem type="allocate" free="0" total="2555904" percent="0" />
      <mem type="survivor" free="0" total="1769472" percent="0" />
    </mem>
    <mem type="tenure" free="1203656" total="8847360" percent="13">
      <mem type="soa" free="1115592" total="8759296" percent="12" />
      <mem type="loa" free="88064" total="88064" percent="100" />
    </mem>
    <remembered-set count="1657" />
  </mem-info>
</gc-start>
<allocation-stats totalBytes="2167256" >
  <allocated-bytes non-tlh="120944" tlh="2046312" />
  <largest-consumer threadName="main" threadId="0000000001367F00" bytes="2167256" />
</allocation-stats>
<gc-op id="1340" type="scavenge" timems="4.100" contextid="1337" timestamp="2019-08-09T17:55:16.379">
  <scavenger-info tenureage="3" tenuremask="fff8" tiltratio="59" />
  <memory-copied type="nursery" objects="3001" bytes="503536" bytesdiscarded="34440" />
  <memory-copied type="tenure" objects="357" bytes="10808" bytesdiscarded="0" />
  <finalization candidates="25" enqueued="1" />
  <ownableSynchronizers candidates="17" cleared="0" />
  <references type="soft" candidates="7" cleared="0" enqueued="0" dynamicThreshold="7" maxThreshold="32" />
  <references type="weak" candidates="478" cleared="67" enqueued="58" />
  <references type="phantom" candidates="27" cleared="1" enqueued="1" />
</gc-op>
<gc-end id="1341" type="scavenge" contextid="1337" durationms="4.342" usertimems="0.444" systemtimems="6.466" timestamp="2019-08-09T17:55:16.379" activeThreads="16">
  <mem-info id="1342" free="3319976" total="13172736" percent="25">
    <mem type="nursery" free="2148576" total="4325376" percent="49">
      <mem type="allocate" free="2148576" total="2686976" percent="79" />
      <mem type="survivor" free="0" total="1638400" percent="0" />
    </mem>
    <mem type="tenure" free="1171400" total="8847360" percent="13" macro-fragmented="868149">
      <mem type="soa" free="1083336" total="8759296" percent="12" />
      <mem type="loa" free="88064" total="88064" percent="100" />
    </mem>
    <pending-finalizers system="1" default="0" reference="59" classloader="0" />
    <remembered-set count="1498" />
  </mem-info>
</gc-end>
<cycle-end id="1343" type="scavenge" contextid="1337" timestamp="2019-08-09T17:55:16.379" />
  <attribute name="elasticGC enabled" value="1" />
  <attribute name= "numThreadsSpecified" value="16" />
  <attribute name="heapSize specified" value="13041664" />
  <attribute name="Current GC Util" value="13" />
  <attribute name= "Current Time Running" value="122308" />
  <attribute name ="GC Interval" value="2345" />
  <attribute name="Target GC Util Change" value ="80.000000" />
  <attribute name="Current GC Util Change" value="13.000000"/>
  <attribute name="Current Error" value="289.000000" />
  <attribute name="Output H" value="13248752"/>
  <attribute name="Output I" value="2344"/>
  <attribute name="Output T" value="16"/>
  <attribute name= "Current Time Running" value="122308" />
  <attribute name="GC Util currently" value="13" />
  <attribute name="CPU Util currently" value="12700562862" />
<allocation-satisfied id="1344" threadId="0000000001367F00" bytesRequested="24" />
<af-end id="1345" timestamp="2019-08-09T17:55:16.379" threadId="0000000001368888" success="true" from="nursery"/>
<exclusive-end id="1346" timestamp="2019-08-09T17:55:16.379" durationms="4.551" />

<exclusive-start id="1347" timestamp="2019-08-09T17:55:16.459" intervalms="84.702">
  <response-info timems="0.039" idlems="0.039" threads="0" lastid="0000000001367F00" lastname="main" />
</exclusive-start>
<af-start id="1348" threadId="0000000001368888" totalBytesRequested="912" timestamp="2019-08-09T17:55:16.459" intervalms="84.691" type="nursery" />
<cycle-start id="1349" type="scavenge" contextid="0" timestamp="2019-08-09T17:55:16.459" intervalms="84.685" />
<gc-start id="1350" type="scavenge" contextid="1349" timestamp="2019-08-09T17:55:16.459">
  <mem-info id="1351" free="1055896" total="13172736" percent="8">
    <mem type="nursery" free="0" total="4325376" percent="0">
      <mem type="allocate" free="0" total="2686976" percent="0" />
      <mem type="survivor" free="0" total="1638400" percent="0" />
    </mem>
    <mem type="tenure" free="1055896" total="8847360" percent="11">
      <mem type="soa" free="967832" total="8759296" percent="11" />
      <mem type="loa" free="88064" total="88064" percent="100" />
    </mem>
    <remembered-set count="3081" />
  </mem-info>
</gc-start>
<allocation-stats totalBytes="2253280" >
  <allocated-bytes non-tlh="115528" tlh="2137752" />
  <largest-consumer threadName="main" threadId="0000000001367F00" bytes="2241448" />
</allocation-stats>
<gc-op id="1352" type="scavenge" timems="4.558" contextid="1349" timestamp="2019-08-09T17:55:16.464">
  <scavenger-info tenureage="2" tenuremask="ffdc" tiltratio="62" />
  <memory-copied type="nursery" objects="9326" bytes="291752" bytesdiscarded="92752" />
  <memory-copied type="tenure" objects="1208" bytes="432936" bytesdiscarded="24" />
  <finalization candidates="35" enqueued="0" />
  <ownableSynchronizers candidates="17" cleared="0" />
  <references type="soft" candidates="45" cleared="0" enqueued="0" dynamicThreshold="7" maxThreshold="32" />
  <references type="weak" candidates="751" cleared="78" enqueued="62" />
  <references type="phantom" candidates="11" cleared="3" enqueued="3" />
</gc-op>
<gc-end id="1353" type="scavenge" contextid="1349" durationms="5.055" usertimems="10.423" systemtimems="0.000" timestamp="2019-08-09T17:55:16.464" activeThreads="16">
  <mem-info id="1354" free="3111608" total="13172736" percent="23">
    <mem type="nursery" free="2498816" total="4325376" percent="57">
      <mem type="allocate" free="2498816" total="2883584" percent="86" />
      <mem type="survivor" free="0" total="1441792" percent="0" />
    </mem>
    <mem type="tenure" free="612792" total="8847360" percent="6" macro-fragmented="348889">
      <mem type="soa" free="524728" total="8759296" percent="5" />
      <mem type="loa" free="88064" total="88064" percent="100" />
    </mem>
    <pending-finalizers system="0" default="0" reference="65" classloader="0" />
    <remembered-set count="2439" />
  </mem-info>
</gc-end>
<cycle-end id="1355" type="scavenge" contextid="1349" timestamp="2019-08-09T17:55:16.465" />
  <attribute name="elasticGC enabled" value="1" />
  <attribute name= "numThreadsSpecified" value="16" />
  <attribute name="heapSize specified" value="13041664" />
  <attribute name="Current GC Util" value="8" />
  <attribute name= "Current Time Running" value="122393" />
  <attribute name ="GC Interval" value="2425" />
  <attribute name="Target GC Util Change" value ="80.000000" />
  <attribute name="Current GC Util Change" value="8.000000"/>
  <attribute name="Current Error" value="361.000000" />
  <attribute name="Output H" value="13248832"/>
  <attribute name="Output I" value="2424"/>
  <attribute name="Output T" value="16"/>
  <attribute name= "Current Time Running" value="122393" />
  <attribute name="GC Util currently" value="8" />
  <attribute name="CPU Util currently" value="13623685500" />
<allocation-satisfied id="1356" threadId="0000000001367F00" bytesRequested="912" />
<af-end id="1357" timestamp="2019-08-09T17:55:16.465" threadId="0000000001368888" success="true" from="nursery"/>
<exclusive-end id="1358" timestamp="2019-08-09T17:55:16.465" durationms="5.264" />

<exclusive-start id="1359" timestamp="2019-08-09T17:55:17.273" intervalms="813.750">
  <response-info timems="0.019" idlems="0.019" threads="0" lastid="0000000001367F00" lastname="main" />
</exclusive-start>
<af-start id="1360" threadId="0000000001368888" totalBytesRequested="1136" timestamp="2019-08-09T17:55:17.273" intervalms="813.752" type="nursery" />
<cycle-start id="1361" type="scavenge" contextid="0" timestamp="2019-08-09T17:55:17.273" intervalms="813.752" />
<gc-start id="1362" type="scavenge" contextid="1361" timestamp="2019-08-09T17:55:17.273">
  <mem-info id="1363" free="568672" total="13172736" percent="4">
    <mem type="nursery" free="0" total="4325376" percent="0">
      <mem type="allocate" free="0" total="2883584" percent="0" />
      <mem type="survivor" free="0" total="1441792" percent="0" />
    </mem>
    <mem type="tenure" free="568672" total="8847360" percent="6">
      <mem type="soa" free="480608" total="8759296" percent="5" />
      <mem type="loa" free="88064" total="88064" percent="100" />
    </mem>
    <remembered-set count="3063" />
  </mem-info>
</gc-start>
<allocation-stats totalBytes="2539080" >
  <allocated-bytes non-tlh="45032" tlh="2494048" />
  <largest-consumer threadName="main" threadId="0000000001367F00" bytes="2518992" />
</allocation-stats>
<gc-op id="1364" type="scavenge" timems="8.626" contextid="1361" timestamp="2019-08-09T17:55:17.282">
  <scavenger-info tenureage="5" tenuremask="ffe0" tiltratio="66" />
  <memory-copied type="nursery" objects="14010" bytes="473376" bytesdiscarded="123728" />
  <finalization candidates="17" enqueued="0" />
  <references type="soft" candidates="505" cleared="0" enqueued="0" dynamicThreshold="7" maxThreshold="32" />
  <references type="weak" candidates="858" cleared="27" enqueued="27" />
  <references type="phantom" candidates="10" cleared="2" enqueued="2" />
</gc-op>
<gc-end id="1365" type="scavenge" contextid="1361" durationms="9.083" usertimems="7.037" systemtimems="0.000" timestamp="2019-08-09T17:55:17.282" activeThreads="16">
  <mem-info id="1366" free="2985768" total="13172736" percent="22">
    <mem type="nursery" free="2417096" total="4325376" percent="55">
      <mem type="allocate" free="2417096" total="3014656" percent="80" />
      <mem type="survivor" free="0" total="1310720" percent="0" />
    </mem>
    <mem type="tenure" free="568672" total="8847360" percent="6" macro-fragmented="0">
      <mem type="soa" free="480608" total="8759296" percent="5" />
      <mem type="loa" free="88064" total="88064" percent="100" />
    </mem>
    <pending-finalizers system="0" default="0" reference="29" classloader="0" />
    <remembered-set count="2457" />
  </mem-info>
</gc-end>
<cycle-end id="1367" type="scavenge" contextid="1361" timestamp="2019-08-09T17:55:17.282" />
  <attribute name="elasticGC enabled" value="1" />
  <attribute name= "numThreadsSpecified" value="16" />
  <attribute name="heapSize specified" value="13041664" />
  <attribute name="Current GC Util" value="1" />
  <attribute name= "Current Time Running" value="123206" />
  <attribute name ="GC Interval" value="2521" />
  <attribute name="Target GC Util Change" value ="80.000000" />
  <attribute name="Current GC Util Change" value="1.000000"/>
  <attribute name="Current Error" value="440.000000" />
  <attribute name="Output H" value="13248928"/>
  <attribute name="Output I" value="2520"/>
  <attribute name="Output T" value="16"/>
  <attribute name= "Current Time Running" value="123206" />
  <attribute name="GC Util currently" value="1" />
  <attribute name="CPU Util currently" value="3" />
<allocation-satisfied id="1368" threadId="0000000001367F00" bytesRequested="1136" />
<af-end id="1369" timestamp="2019-08-09T17:55:17.282" threadId="0000000001368888" success="true" from="nursery"/>
<exclusive-end id="1370" timestamp="2019-08-09T17:55:17.282" durationms="9.247" />

<exclusive-start id="1371" timestamp="2019-08-09T17:55:17.329" intervalms="56.153">
  <response-info timems="0.064" idlems="0.064" threads="0" lastid="0000000001367F00" lastname="main" />
</exclusive-start>
<af-start id="1372" threadId="0000000001368888" totalBytesRequested="23328" timestamp="2019-08-09T17:55:17.329" intervalms="56.152" type="nursery" />
<cycle-start id="1373" type="scavenge" contextid="0" timestamp="2019-08-09T17:55:17.329" intervalms="56.152" />
<gc-start id="1374" type="scavenge" contextid="1373" timestamp="2019-08-09T17:55:17.329">
  <mem-info id="1375" free="520840" total="13172736" percent="3">
    <mem type="nursery" free="0" total="4325376" percent="0">
      <mem type="allocate" free="0" total="3014656" percent="0" />
      <mem type="survivor" free="0" total="1310720" percent="0" />
    </mem>
    <mem type="tenure" free="520840" total="8847360" percent="5">
      <mem type="soa" free="432776" total="8759296" percent="4" />
      <mem type="loa" free="88064" total="88064" percent="100" />
    </mem>
    <remembered-set count="2931" />
  </mem-info>
</gc-start>
<allocation-stats totalBytes="2458136" >
  <allocated-bytes non-tlh="48968" tlh="2409168" />
  <largest-consumer threadName="main" threadId="0000000001367F00" bytes="2458136" />
</allocation-stats>
<gc-op id="1376" type="scavenge" timems="5.432" contextid="1373" timestamp="2019-08-09T17:55:17.335">
  <scavenger-info tenureage="4" tenuremask="fff0" tiltratio="69" />
  <memory-copied type="nursery" objects="15614" bytes="589048" bytesdiscarded="61952" />
  <finalization candidates="20" enqueued="0" />
  <references type="soft" candidates="562" cleared="0" enqueued="0" dynamicThreshold="7" maxThreshold="32" />
  <references type="weak" candidates="1005" cleared="24" enqueued="24" />
  <references type="phantom" candidates="11" cleared="1" enqueued="1" />
</gc-op>
<heap-resize id="1377" type="expand" space="nursery" amount="262144" count="1" timems="0.016" reason="excessive time being spent scavenging" timestamp="2019-08-09T17:55:17.335" />
<gc-end id="1378" type="scavenge" contextid="1373" durationms="6.006" usertimems="9.536" systemtimems="0.000" timestamp="2019-08-09T17:55:17.335" activeThreads="16">
  <mem-info id="1379" free="3408208" total="13434880" percent="25">
    <mem type="nursery" free="2887368" total="4587520" percent="62">
      <mem type="allocate" free="2887368" total="3538944" percent="81" />
      <mem type="survivor" free="0" total="1048576" percent="0" />
    </mem>
    <mem type="tenure" free="520840" total="8847360" percent="5" macro-fragmented="0">
      <mem type="soa" free="432776" total="8759296" percent="4" />
      <mem type="loa" free="88064" total="88064" percent="100" />
    </mem>
    <pending-finalizers system="0" default="0" reference="25" classloader="0" />
    <remembered-set count="1549" />
  </mem-info>
</gc-end>
<cycle-end id="1380" type="scavenge" contextid="1373" timestamp="2019-08-09T17:55:17.335" />
  <attribute name="elasticGC enabled" value="1" />
  <attribute name= "numThreadsSpecified" value="16" />
  <attribute name="heapSize specified" value="13041664" />
  <attribute name="Current GC Util" value="12" />
  <attribute name= "Current Time Running" value="123263" />
  <attribute name ="GC Interval" value="2089" />
  <attribute name="Target GC Util Change" value ="80.000000" />
  <attribute name="Current GC Util Change" value="12.000000"/>
  <attribute name="Current Error" value="68.000000" />
  <attribute name="Output H" value="13248496"/>
  <attribute name="Output I" value="2088"/>
  <attribute name="Output T" value="16"/>
  <attribute name= "Current Time Running" value="123263" />
  <attribute name="GC Util currently" value="12" />
  <attribute name="CPU Util currently" value="20534333253" />
<allocation-satisfied id="1381" threadId="0000000001367F00" bytesRequested="23328" />
<af-end id="1382" timestamp="2019-08-09T17:55:17.335" threadId="0000000001368888" success="true" from="nursery"/>
<exclusive-end id="1383" timestamp="2019-08-09T17:55:17.335" durationms="6.221" />

<exclusive-start id="1384" timestamp="2019-08-09T17:55:17.489" intervalms="159.633">
  <response-info timems="0.088" idlems="0.088" threads="0" lastid="0000000001367F00" lastname="main" />
</exclusive-start>
<af-start id="1385" threadId="0000000001368888" totalBytesRequested="888" timestamp="2019-08-09T17:55:17.489" intervalms="159.677" type="nursery" />
<cycle-start id="1386" type="scavenge" contextid="0" timestamp="2019-08-09T17:55:17.489" intervalms="159.678" />
<gc-start id="1387" type="scavenge" contextid="1386" timestamp="2019-08-09T17:55:17.489">
  <mem-info id="1388" free="431752" total="13434880" percent="3">
    <mem type="nursery" free="0" total="4587520" percent="0">
      <mem type="allocate" free="0" total="3538944" percent="0" />
      <mem type="survivor" free="0" total="1048576" percent="0" />
    </mem>
    <mem type="tenure" free="431752" total="8847360" percent="4">
      <mem type="soa" free="343688" total="8759296" percent="3" />
      <mem type="loa" free="88064" total="88064" percent="100" />
    </mem>
    <remembered-set count="2341" />
  </mem-info>
</gc-start>
<allocation-stats totalBytes="2972472" >
  <allocated-bytes non-tlh="112416" tlh="2860056" />
  <largest-consumer threadName="main" threadId="0000000001367F00" bytes="2968376" />
</allocation-stats>
<gc-op id="1389" type="scavenge" timems="3.527" contextid="1386" timestamp="2019-08-09T17:55:17.493">
  <scavenger-info tenureage="3" tenuremask="fff8" tiltratio="77" />
  <memory-copied type="nursery" objects="8644" bytes="346976" bytesdiscarded="136208" />
  <memory-copied type="tenure" objects="9031" bytes="279352" bytesdiscarded="1512" />
  <finalization candidates="20" enqueued="0" />
  <ownableSynchronizers candidates="1" cleared="0" />
  <references type="soft" candidates="553" cleared="0" enqueued="0" dynamicThreshold="7" maxThreshold="32" />
  <references type="weak" candidates="961" cleared="2" enqueued="2" />
  <references type="phantom" candidates="2" cleared="0" enqueued="0" />
</gc-op>
<gc-end id="1390" type="scavenge" contextid="1386" durationms="4.111" usertimems="6.030" systemtimems="2.324" timestamp="2019-08-09T17:55:17.493" activeThreads="16">
  <mem-info id="1391" free="3274336" total="13434880" percent="24">
    <mem type="nursery" free="3186272" total="4587520" percent="69">
      <mem type="allocate" free="3186272" total="3670016" percent="86" />
      <mem type="survivor" free="0" total="917504" percent="0" />
    </mem>
    <mem type="tenure" free="88064" total="8847360" percent="0" macro-fragmented="81140">
      <mem type="soa" free="0" total="8759296" percent="0" />
      <mem type="loa" free="88064" total="88064" percent="100" />
    </mem>
    <pending-finalizers system="0" default="0" reference="2" classloader="0" />
    <remembered-set count="1485" />
  </mem-info>
</gc-end>
<cycle-end id="1392" type="scavenge" contextid="1386" timestamp="2019-08-09T17:55:17.493" />
  <attribute name="elasticGC enabled" value="1" />
  <attribute name= "numThreadsSpecified" value="16" />
  <attribute name="heapSize specified" value="13041664" />
  <attribute name="Current GC Util" value="5" />
  <attribute name= "Current Time Running" value="123422" />
  <attribute name ="GC Interval" value="2177" />
  <attribute name="Target GC Util Change" value ="80.000000" />
  <attribute name="Current GC Util Change" value="5.000000"/>
  <attribute name="Current Error" value="143.000000" />
  <attribute name="Output H" value="13510728"/>
  <attribute name="Output I" value="2176"/>
  <attribute name="Output T" value="16"/>
  <attribute name= "Current Time Running" value="123422" />
  <attribute name="GC Util currently" value="5" />
  <attribute name="CPU Util currently" value="7220535242" />
<allocation-satisfied id="1393" threadId="0000000001367F00" bytesRequested="888" />
<af-end id="1394" timestamp="2019-08-09T17:55:17.493" threadId="0000000001368888" success="true" from="nursery"/>
<exclusive-end id="1395" timestamp="2019-08-09T17:55:17.493" durationms="4.351" />

<exclusive-start id="1396" timestamp="2019-08-09T17:55:17.494" intervalms="4.871">
  <response-info timems="0.134" idlems="0.134" threads="0" lastid="0000000001367F00" lastname="main" />
</exclusive-start>
<af-start id="1397" threadId="0000000001368888" totalBytesRequested="88" timestamp="2019-08-09T17:55:17.494" intervalms="4.814" type="tenure" />
<cycle-start id="1398" type="global" contextid="0" timestamp="2019-08-09T17:55:17.494" intervalms="11207.382" />
<gc-start id="1399" type="global" contextid="1398" timestamp="2019-08-09T17:55:17.494">
  <mem-info id="1400" free="3207912" total="13434880" percent="23">
    <mem type="nursery" free="3119848" total="4587520" percent="68">
      <mem type="allocate" free="3119848" total="3670016" percent="85" />
      <mem type="survivor" free="0" total="917504" percent="0" />
    </mem>
    <mem type="tenure" free="88064" total="8847360" percent="0">
      <mem type="soa" free="0" total="8759296" percent="0" />
      <mem type="loa" free="88064" total="88064" percent="100" />
    </mem>
    <remembered-set count="1487" />
  </mem-info>
</gc-start>
<allocation-stats totalBytes="66424" >
  <allocated-bytes non-tlh="888" tlh="65536" />
  <largest-consumer threadName="main" threadId="0000000001367F00" bytes="66424" />
</allocation-stats>
<gc-op id="1401" type="mark" timems="9.728" contextid="1398" timestamp="2019-08-09T17:55:17.504">
  <trace-info objectcount="51178" scancount="40820" scanbytes="1349368" />
  <finalization candidates="65" enqueued="0" />
  <ownableSynchronizers candidates="18" cleared="0" />
  <references type="soft" candidates="658" cleared="2" enqueued="2" dynamicThreshold="7" maxThreshold="32" />
  <references type="weak" candidates="2332" cleared="387" enqueued="265" />
  <references type="phantom" candidates="71" cleared="2" enqueued="2" />
  <stringconstants candidates="6927" cleared="0"  />
</gc-op>
<gc-op id="1402" type="classunload" timems="0.003" contextid="1398" timestamp="2019-08-09T17:55:17.504">
  <classunload-info classloadercandidates="12" classloadersunloaded="0" classesunloaded="0" anonymousclassesunloaded="0" quiescems="0.000" setupms="0.003" scanms="0.000" postms="0.000" />
</gc-op>
<gc-op id="1403" type="sweep" timems="1.254" contextid="1398" timestamp="2019-08-09T17:55:17.505" />
<mem-info id="1404" free="9431248" total="13434880" percent="70">
  <mem type="nursery" free="3320304" total="4587520" percent="72">
    <mem type="allocate" free="3320304" total="3670016" percent="90" />
    <mem type="survivor" free="0" total="917504" percent="0" />
  </mem>
  <mem type="tenure" free="6110944" total="8847360" percent="69" micro-fragmented="38884" macro-fragmented="0">
    <mem type="soa" free="6022880" total="8759296" percent="68" />
    <mem type="loa" free="88064" total="88064" percent="100" />
  </mem>
  <pending-finalizers system="0" default="0" reference="269" classloader="0" />
  <remembered-set count="1487" />
</mem-info>
<gc-op id="1405" type="compact" timems="11.752" contextid="1398" timestamp="2019-08-09T17:55:17.517">
  <compact-info movecount="45343" movebytes="2798480" reason="compact to aid heap contraction" />
</gc-op>
<heap-resize id="1406" type="expand" space="tenure" amount="131072" count="1" timems="0.021" reason="satisfy allocation request" timestamp="2019-08-09T17:55:17.518" />
<gc-end id="1407" type="global" contextid="1398" durationms="24.005" usertimems="30.609" systemtimems="10.521" timestamp="2019-08-09T17:55:17.518" activeThreads="16">
  <mem-info id="1408" free="9604120" total="13565952" percent="70">
    <mem type="nursery" free="3321880" total="4587520" percent="72">
      <mem type="allocate" free="3321880" total="3670016" percent="90" />
      <mem type="survivor" free="0" total="917504" percent="0" />
    </mem>
    <mem type="tenure" free="6282240" total="8978432" percent="69">
      <mem type="soa" free="6193152" total="8889344" percent="69" />
      <mem type="loa" free="89088" total="89088" percent="100" />
    </mem>
    <pending-finalizers system="0" default="0" reference="269" classloader="0" />
    <remembered-set count="1487" />
  </mem-info>
</gc-end>
<cycle-end id="1409" type="global" contextid="1398" timestamp="2019-08-09T17:55:17.518" />
  <attribute name="elasticGC enabled" value="1" />
  <attribute name= "numThreadsSpecified" value="16" />
  <attribute name="heapSize specified" value="13434880" />
  <attribute name="Current GC Util" value="96" />
  <attribute name= "Current Time Running" value="123450" />
  <attribute name ="GC Interval" value="2177" />
  <attribute name="Target GC Util Change" value ="80.000000" />
  <attribute name="Current GC Util Change" value="96.000000"/>
  <attribute name="Current Error" value="-61.000000" />
  <attribute name="Output H" value="13510496"/>
  <attribute name="Output I" value="1944"/>
  <attribute name="Output T" value="16"/>
  <attribute name= "Current Time Running" value="123450" />
  <attribute name="GC Util currently" value="96" />
  <attribute name="CPU Util currently" value="97786316067" />
<allocation-satisfied id="1410" threadId="0000000001367F00" bytesRequested="88" />
<af-end id="1411" timestamp="2019-08-09T17:55:17.518" threadId="0000000001368888" success="true" from="tenure-soa"/>
<exclusive-end id="1412" timestamp="2019-08-09T17:55:17.518" durationms="24.143" />

<exclusive-start id="1413" timestamp="2019-08-09T17:55:17.617" intervalms="123.130">
  <response-info timems="0.019" idlems="0.019" threads="0" lastid="0000000001367F00" lastname="main" />
</exclusive-start>
<af-start id="1414" threadId="0000000001368888" totalBytesRequested="8200" timestamp="2019-08-09T17:55:17.617" intervalms="123.146" type="nursery" />
<cycle-start id="1415" type="scavenge" contextid="0" timestamp="2019-08-09T17:55:17.617" intervalms="127.959" />
<gc-start id="1416" type="scavenge" contextid="1415" timestamp="2019-08-09T17:55:17.617">
  <mem-info id="1417" free="6207992" total="13565952" percent="45">
    <mem type="nursery" free="0" total="4587520" percent="0">
      <mem type="allocate" free="0" total="3670016" percent="0" />
      <mem type="survivor" free="0" total="917504" percent="0" />
    </mem>
    <mem type="tenure" free="6207992" total="8978432" percent="69">
      <mem type="soa" free="6118904" total="8889344" percent="68" />
      <mem type="loa" free="89088" total="89088" percent="100" />
    </mem>
    <remembered-set count="2957" />
  </mem-info>
</gc-start>
<allocation-stats totalBytes="3305736" >
  <allocated-bytes non-tlh="336488" tlh="2969248" />
  <largest-consumer threadName="main" threadId="0000000001367F00" bytes="3227904" />
</allocation-stats>
<gc-op id="1418" type="scavenge" timems="3.254" contextid="1415" timestamp="2019-08-09T17:55:17.620">
  <scavenger-info tenureage="6" tenuremask="ffc0" tiltratio="80" />
  <memory-copied type="nursery" objects="13223" bytes="832968" bytesdiscarded="82896" />
  <memory-copied type="tenure" objects="3279" bytes="116128" bytesdiscarded="32" />
  <copy-failed type="nursery" objects="3279" bytes="116248" />
  <finalization candidates="18" enqueued="0" />
  <ownableSynchronizers candidates="38" cleared="34" />
  <references type="soft" candidates="563" cleared="0" enqueued="0" dynamicThreshold="22" maxThreshold="32" />
  <references type="weak" candidates="2202" cleared="441" enqueued="296" />
  <references type="phantom" candidates="10" cleared="3" enqueued="3" />
</gc-op>
<gc-end id="1419" type="scavenge" contextid="1415" durationms="3.611" usertimems="8.188" systemtimems="0.000" timestamp="2019-08-09T17:55:17.621" activeThreads="16">
  <mem-info id="1420" free="7792912" total="13565952" percent="57">
    <mem type="nursery" free="1769472" total="4587520" percent="38">
      <mem type="allocate" free="1769472" total="2686976" percent="65" />
      <mem type="survivor" free="0" total="1900544" percent="0" />
    </mem>
    <mem type="tenure" free="6023440" total="8978432" percent="67" macro-fragmented="5375357">
      <mem type="soa" free="5934352" total="8889344" percent="66" />
      <mem type="loa" free="89088" total="89088" percent="100" />
    </mem>
    <pending-finalizers system="0" default="0" reference="299" classloader="0" />
    <remembered-set count="3636" />
  </mem-info>
</gc-end>
<cycle-end id="1421" type="scavenge" contextid="1415" timestamp="2019-08-09T17:55:17.621" />
  <attribute name="elasticGC enabled" value="1" />
  <attribute name= "numThreadsSpecified" value="16" />
  <attribute name="heapSize specified" value="13434880" />
  <attribute name="Current GC Util" value="12" />
  <attribute name= "Current Time Running" value="123550" />
  <attribute name ="GC Interval" value="2089" />
  <attribute name="Target GC Util Change" value ="80.000000" />
  <attribute name="Current GC Util Change" value="12.000000"/>
  <attribute name="Current Error" value="68.000000" />
  <attribute name="Output H" value="13641712"/>
  <attribute name="Output I" value="2088"/>
  <attribute name="Output T" value="16"/>
  <attribute name= "Current Time Running" value="123550" />
  <attribute name="GC Util currently" value="12" />
  <attribute name="CPU Util currently" value="11553855647" />
<allocation-satisfied id="1422" threadId="0000000001367F00" bytesRequested="8200" />
<af-end id="1423" timestamp="2019-08-09T17:55:17.621" threadId="0000000001368888" success="true" from="nursery"/>
<exclusive-end id="1424" timestamp="2019-08-09T17:55:17.621" durationms="3.877" />

<exclusive-start id="1425" timestamp="2019-08-09T17:55:17.639" intervalms="22.512">
  <response-info timems="0.042" idlems="0.042" threads="0" lastid="0000000001367F00" lastname="main" />
</exclusive-start>
<af-start id="1426" threadId="0000000001368888" totalBytesRequested="261128" timestamp="2019-08-09T17:55:17.639" intervalms="22.517" type="nursery" />
<cycle-start id="1427" type="scavenge" contextid="0" timestamp="2019-08-09T17:55:17.639" intervalms="22.524" />
<gc-start id="1428" type="scavenge" contextid="1427" timestamp="2019-08-09T17:55:17.640">
  <mem-info id="1429" free="6187784" total="13565952" percent="45">
    <mem type="nursery" free="180064" total="4587520" percent="3">
      <mem type="allocate" free="180064" total="2686976" percent="6" />
      <mem type="survivor" free="0" total="1900544" percent="0" />
    </mem>
    <mem type="tenure" free="6007720" total="8978432" percent="66">
      <mem type="soa" free="5918632" total="8889344" percent="66" />
      <mem type="loa" free="89088" total="89088" percent="100" />
    </mem>
    <remembered-set count="3889" />
  </mem-info>
</gc-start>
<allocation-stats totalBytes="1567672" >
  <allocated-bytes non-tlh="728584" tlh="839088" />
  <largest-consumer threadName="main" threadId="0000000001367F00" bytes="1547584" />
</allocation-stats>
<gc-op id="1430" type="scavenge" timems="3.979" contextid="1427" timestamp="2019-08-09T17:55:17.644">
  <scavenger-info tenureage="3" tenuremask="fff8" tiltratio="58" />
  <memory-copied type="nursery" objects="9264" bytes="1340016" bytesdiscarded="39640" />
  <memory-copied type="tenure" objects="4310" bytes="186952" bytesdiscarded="224" />
  <finalization candidates="18" enqueued="0" />
  <ownableSynchronizers candidates="4" cleared="0" />
  <references type="soft" candidates="285" cleared="0" enqueued="0" dynamicThreshold="22" maxThreshold="32" />
  <references type="weak" candidates="1490" cleared="5" enqueued="5" />
  <references type="phantom" candidates="7" cleared="0" enqueued="0" />
</gc-op>
<heap-resize id="1431" type="expand" space="nursery" amount="393216" count="1" timems="0.016" reason="excessive time being spent scavenging" timestamp="2019-08-09T17:55:17.644" />
<gc-end id="1432" type="scavenge" contextid="1427" durationms="4.488" usertimems="10.085" systemtimems="0.000" timestamp="2019-08-09T17:55:17.644" activeThreads="16">
  <mem-info id="1433" free="6946840" total="13959168" percent="49">
    <mem type="nursery" free="1306496" total="4980736" percent="26">
      <mem type="allocate" free="1306496" total="2686976" percent="48" />
      <mem type="survivor" free="0" total="2293760" percent="0" />
    </mem>
    <mem type="tenure" free="5640344" total="8978432" percent="62" macro-fragmented="5375357">
      <mem type="soa" free="5551256" total="8889344" percent="62" />
      <mem type="loa" free="89088" total="89088" percent="100" />
    </mem>
    <pending-finalizers system="0" default="0" reference="5" classloader="0" />
    <remembered-set count="2297" />
  </mem-info>
</gc-end>
<cycle-end id="1434" type="scavenge" contextid="1427" timestamp="2019-08-09T17:55:17.644" />
  <attribute name="elasticGC enabled" value="1" />
  <attribute name= "numThreadsSpecified" value="16" />
  <attribute name="heapSize specified" value="13434880" />
  <attribute name="Current GC Util" value="36" />
  <attribute name= "Current Time Running" value="123573" />
  <attribute name ="GC Interval" value="2145" />
  <attribute name="Target GC Util Change" value ="80.000000" />
  <attribute name="Current GC Util Change" value="36.000000"/>
  <attribute name="Current Error" value="112.000000" />
  <attribute name="Output H" value="13641768"/>
  <attribute name="Output I" value="2144"/>
  <attribute name="Output T" value="16"/>
  <attribute name= "Current Time Running" value="123573" />
  <attribute name="GC Util currently" value="36" />
  <attribute name="CPU Util currently" value="51171330485" />
<allocation-satisfied id="1435" threadId="0000000001367F00" bytesRequested="261128" />
<af-end id="1436" timestamp="2019-08-09T17:55:17.644" threadId="0000000001368888" success="true" from="nursery"/>
<exclusive-end id="1437" timestamp="2019-08-09T17:55:17.644" durationms="4.822" />

<exclusive-start id="1438" timestamp="2019-08-09T17:55:17.662" intervalms="22.215">
  <response-info timems="0.024" idlems="0.024" threads="0" lastid="0000000001367F00" lastname="main" />
</exclusive-start>
<af-start id="1439" threadId="0000000001368888" totalBytesRequested="9032" timestamp="2019-08-09T17:55:17.662" intervalms="22.223" type="nursery" />
<cycle-start id="1440" type="scavenge" contextid="0" timestamp="2019-08-09T17:55:17.662" intervalms="22.268" />
<gc-start id="1441" type="scavenge" contextid="1440" timestamp="2019-08-09T17:55:17.662">
  <mem-info id="1442" free="5634720" total="13959168" percent="40">
    <mem type="nursery" free="0" total="4980736" percent="0">
      <mem type="allocate" free="0" total="2686976" percent="0" />
      <mem type="survivor" free="0" total="2293760" percent="0" />
    </mem>
    <mem type="tenure" free="5634720" total="8978432" percent="62">
      <mem type="soa" free="5545632" total="8889344" percent="62" />
      <mem type="loa" free="89088" total="89088" percent="100" />
    </mem>
    <remembered-set count="2367" />
  </mem-info>
</gc-start>
<allocation-stats totalBytes="1268776" >
  <allocated-bytes non-tlh="528920" tlh="739856" />
  <largest-consumer threadName="main" threadId="0000000001367F00" bytes="1268776" />
</allocation-stats>
<gc-op id="1443" type="scavenge" timems="3.303" contextid="1440" timestamp="2019-08-09T17:55:17.665">
  <scavenger-info tenureage="3" tenuremask="ffc8" tiltratio="53" />
  <memory-copied type="nursery" objects="7774" bytes="1161104" bytesdiscarded="111928" />
  <memory-copied type="tenure" objects="1514" bytes="57024" bytesdiscarded="24" />
  <finalization candidates="15" enqueued="0" />
  <ownableSynchronizers candidates="4" cleared="0" />
  <references type="soft" candidates="254" cleared="0" enqueued="0" dynamicThreshold="22" maxThreshold="32" />
  <references type="weak" candidates="851" cleared="0" enqueued="0" />
  <references type="phantom" candidates="7" cleared="0" enqueued="0" />
</gc-op>
<heap-resize id="1444" type="expand" space="nursery" amount="393216" count="1" timems="0.018" reason="excessive time being spent scavenging" timestamp="2019-08-09T17:55:17.665" />
<gc-end id="1445" type="scavenge" contextid="1440" durationms="3.713" usertimems="8.203" systemtimems="0.000" timestamp="2019-08-09T17:55:17.666" activeThreads="16">
  <mem-info id="1446" free="7467808" total="14352384" percent="52">
    <mem type="nursery" free="1937536" total="5373952" percent="36">
      <mem type="allocate" free="1937536" total="3211264" percent="60" />
      <mem type="survivor" free="0" total="2162688" percent="0" />
    </mem>
    <mem type="tenure" free="5530272" total="8978432" percent="61" macro-fragmented="5375357">
      <mem type="soa" free="5441184" total="8889344" percent="61" />
      <mem type="loa" free="89088" total="89088" percent="100" />
    </mem>
    <remembered-set count="994" />
  </mem-info>
</gc-end>
<cycle-end id="1447" type="scavenge" contextid="1440" timestamp="2019-08-09T17:55:17.666" />
  <attribute name="elasticGC enabled" value="1" />
  <attribute name= "numThreadsSpecified" value="16" />
  <attribute name="heapSize specified" value="13434880" />
  <attribute name="Current GC Util" value="39" />
  <attribute name= "Current Time Running" value="123595" />
  <attribute name ="GC Interval" value="2185" />
  <attribute name="Target GC Util Change" value ="80.000000" />
  <attribute name="Current GC Util Change" value="39.000000"/>
  <attribute name="Current Error" value="153.000000" />
  <attribute name="Output H" value="14035024"/>
  <attribute name="Output I" value="2184"/>
  <attribute name="Output T" value="16"/>
  <attribute name= "Current Time Running" value="123595" />
  <attribute name="GC Util currently" value="39" />
  <attribute name="CPU Util currently" value="51604517181" />
<allocation-satisfied id="1448" threadId="0000000001367F00" bytesRequested="9032" />
<af-end id="1449" timestamp="2019-08-09T17:55:17.666" threadId="0000000001368888" success="true" from="nursery"/>
<exclusive-end id="1450" timestamp="2019-08-09T17:55:17.666" durationms="4.038" />

<exclusive-start id="1451" timestamp="2019-08-09T17:55:17.738" intervalms="76.376">
  <response-info timems="0.035" idlems="0.035" threads="0" lastid="0000000001367F00" lastname="main" />
</exclusive-start>
<af-start id="1452" threadId="0000000001368888" totalBytesRequested="23280" timestamp="2019-08-09T17:55:17.738" intervalms="76.361" type="nursery" />
<cycle-start id="1453" type="scavenge" contextid="0" timestamp="2019-08-09T17:55:17.738" intervalms="76.308" />
<gc-start id="1454" type="scavenge" contextid="1453" timestamp="2019-08-09T17:55:17.738">
  <mem-info id="1455" free="5491736" total="14352384" percent="38">
    <mem type="nursery" free="0" total="5373952" percent="0">
      <mem type="allocate" free="0" total="3211264" percent="0" />
      <mem type="survivor" free="0" total="2162688" percent="0" />
    </mem>
    <mem type="tenure" free="5491736" total="8978432" percent="61">
      <mem type="soa" free="5402648" total="8889344" percent="60" />
      <mem type="loa" free="89088" total="89088" percent="100" />
    </mem>
    <remembered-set count="1574" />
  </mem-info>
</gc-start>
<allocation-stats totalBytes="1950464" >
  <allocated-bytes non-tlh="47568" tlh="1902896" />
  <largest-consumer threadName="main" threadId="0000000001367F00" bytes="1950464" />
</allocation-stats>
<gc-op id="1456" type="scavenge" timems="2.246" contextid="1453" timestamp="2019-08-09T17:55:17.740">
  <scavenger-info tenureage="3" tenuremask="ffe8" tiltratio="59" />
  <memory-copied type="nursery" objects="6343" bytes="830544" bytesdiscarded="152552" />
  <memory-copied type="tenure" objects="7275" bytes="576720" bytesdiscarded="184" />
  <finalization candidates="15" enqueued="0" />
  <ownableSynchronizers candidates="3" cleared="0" />
  <references type="soft" candidates="56" cleared="0" enqueued="0" dynamicThreshold="22" maxThreshold="32" />
  <references type="weak" candidates="100" cleared="2" enqueued="2" />
</gc-op>
<gc-end id="1457" type="scavenge" contextid="1453" durationms="2.563" usertimems="5.893" systemtimems="0.000" timestamp="2019-08-09T17:55:17.741" activeThreads="16">
  <mem-info id="1458" free="7457880" total="14352384" percent="51">
    <mem type="nursery" free="2490184" total="5373952" percent="46">
      <mem type="allocate" free="2490184" total="3473408" percent="71" />
      <mem type="survivor" free="0" total="1900544" percent="0" />
    </mem>
    <mem type="tenure" free="4967696" total="8978432" percent="55" macro-fragmented="3110739">
      <mem type="soa" free="4878608" total="8889344" percent="54" />
      <mem type="loa" free="89088" total="89088" percent="100" />
    </mem>
    <pending-finalizers system="0" default="0" reference="2" classloader="0" />
    <remembered-set count="814" />
  </mem-info>
</gc-end>
<cycle-end id="1459" type="scavenge" contextid="1453" timestamp="2019-08-09T17:55:17.741" />
  <attribute name="elasticGC enabled" value="1" />
  <attribute name= "numThreadsSpecified" value="16" />
  <attribute name="heapSize specified" value="13434880" />
  <attribute name="Current GC Util" value="10" />
  <attribute name= "Current Time Running" value="123671" />
  <attribute name ="GC Interval" value="2273" />
  <attribute name="Target GC Util Change" value ="80.000000" />
  <attribute name="Current GC Util Change" value="10.000000"/>
  <attribute name="Current Error" value="223.000000" />
  <attribute name="Output H" value="14428328"/>
  <attribute name="Output I" value="2272"/>
  <attribute name="Output T" value="16"/>
  <attribute name= "Current Time Running" value="123671" />
  <attribute name="GC Util currently" value="10" />
  <attribute name="CPU Util currently" value="15125057865" />
<allocation-satisfied id="1460" threadId="0000000001367F00" bytesRequested="23280" />
<af-end id="1461" timestamp="2019-08-09T17:55:17.741" threadId="0000000001368888" success="true" from="nursery"/>
<exclusive-end id="1462" timestamp="2019-08-09T17:55:17.741" durationms="2.754" />

<exclusive-start id="1463" timestamp="2019-08-09T17:55:17.788" intervalms="49.638">
  <response-info timems="0.041" idlems="0.041" threads="0" lastid="0000000001367F00" lastname="main" />
</exclusive-start>
<af-start id="1464" threadId="0000000001368888" totalBytesRequested="520" timestamp="2019-08-09T17:55:17.788" intervalms="49.640" type="nursery" />
<cycle-start id="1465" type="scavenge" contextid="0" timestamp="2019-08-09T17:55:17.788" intervalms="49.640" />
<gc-start id="1466" type="scavenge" contextid="1465" timestamp="2019-08-09T17:55:17.788">
  <mem-info id="1467" free="4926776" total="14352384" percent="34">
    <mem type="nursery" free="0" total="5373952" percent="0">
      <mem type="allocate" free="0" total="3473408" percent="0" />
      <mem type="survivor" free="0" total="1900544" percent="0" />
    </mem>
    <mem type="tenure" free="4926776" total="8978432" percent="54">
      <mem type="soa" free="4837688" total="8889344" percent="54" />
      <mem type="loa" free="89088" total="89088" percent="100" />
    </mem>
    <remembered-set count="1286" />
  </mem-info>
</gc-start>
<allocation-stats totalBytes="2527784" >
  <allocated-bytes non-tlh="64200" tlh="2463584" />
  <largest-consumer threadName="main" threadId="0000000001367F00" bytes="2527784" />
</allocation-stats>
<gc-op id="1468" type="scavenge" timems="1.604" contextid="1465" timestamp="2019-08-09T17:55:17.789">
  <scavenger-info tenureage="3" tenuremask="ffe8" tiltratio="64" />
  <memory-copied type="nursery" objects="7232" bytes="314096" bytesdiscarded="77888" />
  <memory-copied type="tenure" objects="424" bytes="561560" bytesdiscarded="24" />
  <references type="soft" candidates="54" cleared="0" enqueued="0" dynamicThreshold="22" maxThreshold="32" />
  <references type="weak" candidates="412" cleared="0" enqueued="0" />
</gc-op>
<gc-end id="1469" type="scavenge" contextid="1465" durationms="1.927" usertimems="5.488" systemtimems="0.000" timestamp="2019-08-09T17:55:17.790" activeThreads="16">
  <mem-info id="1470" free="7668840" total="14352384" percent="53">
    <mem type="nursery" free="3277728" total="5373952" percent="60">
      <mem type="allocate" free="3277728" total="3670016" percent="89" />
      <mem type="survivor" free="0" total="1703936" percent="0" />
    </mem>
    <mem type="tenure" free="4391112" total="8978432" percent="48" macro-fragmented="3732887">
      <mem type="soa" free="4302024" total="8889344" percent="48" />
      <mem type="loa" free="89088" total="89088" percent="100" />
    </mem>
    <remembered-set count="1200" />
  </mem-info>
</gc-end>
<cycle-end id="1471" type="scavenge" contextid="1465" timestamp="2019-08-09T17:55:17.790" />
  <attribute name="elasticGC enabled" value="1" />
  <attribute name= "numThreadsSpecified" value="16" />
  <attribute name="heapSize specified" value="13434880" />
  <attribute name="Current GC Util" value="11" />
  <attribute name= "Current Time Running" value="123721" />
  <attribute name ="GC Interval" value="2353" />
  <attribute name="Target GC Util Change" value ="80.000000" />
  <attribute name="Current GC Util Change" value="11.000000"/>
  <attribute name="Current Error" value="292.000000" />
  <attribute name="Output H" value="14428408"/>
  <attribute name="Output I" value="2352"/>
  <attribute name="Output T" value="16"/>
  <attribute name= "Current Time Running" value="123721" />
  <attribute name="GC Util currently" value="11" />
  <attribute name="CPU Util currently" value="23188413961" />
<allocation-satisfied id="1472" threadId="0000000001367F00" bytesRequested="520" />
<af-end id="1473" timestamp="2019-08-09T17:55:17.790" threadId="0000000001368888" success="true" from="nursery"/>
<exclusive-end id="1474" timestamp="2019-08-09T17:55:17.790" durationms="2.120" />

<exclusive-start id="1475" timestamp="2019-08-09T17:55:17.857" intervalms="68.965">
  <response-info timems="0.019" idlems="0.019" threads="0" lastid="0000000001367F00" lastname="main" />
</exclusive-start>
<af-start id="1476" threadId="0000000001368888" totalBytesRequested="32" timestamp="2019-08-09T17:55:17.857" intervalms="68.965" type="nursery" />
<cycle-start id="1477" type="scavenge" contextid="0" timestamp="2019-08-09T17:55:17.857" intervalms="68.966" />
<gc-start id="1478" type="scavenge" contextid="1477" timestamp="2019-08-09T17:55:17.857">
  <mem-info id="1479" free="4353216" total="14352384" percent="30">
    <mem type="nursery" free="0" total="5373952" percent="0">
      <mem type="allocate" free="0" total="3670016" percent="0" />
      <mem type="survivor" free="0" total="1703936" percent="0" />
    </mem>
    <mem type="tenure" free="4353216" total="8978432" percent="48">
      <mem type="soa" free="4264128" total="8889344" percent="47" />
      <mem type="loa" free="89088" total="89088" percent="100" />
    </mem>
    <remembered-set count="1613" />
  </mem-info>
</gc-start>
<allocation-stats totalBytes="3314632" >
  <allocated-bytes non-tlh="38416" tlh="3276216" />
  <largest-consumer threadName="main" threadId="0000000001367F00" bytes="3314632" />
</allocation-stats>
<gc-op id="1480" type="scavenge" timems="2.305" contextid="1477" timestamp="2019-08-09T17:55:17.859">
  <scavenger-info tenureage="2" tenuremask="ffe4" tiltratio="68" />
  <memory-copied type="nursery" objects="4330" bytes="150512" bytesdiscarded="95600" />
  <memory-copied type="tenure" objects="5823" bytes="265712" bytesdiscarded="144" />
  <references type="weak" candidates="640" cleared="0" enqueued="0" />
</gc-op>
<gc-end id="1481" type="scavenge" contextid="1477" durationms="2.752" usertimems="5.402" systemtimems="0.000" timestamp="2019-08-09T17:55:17.859" activeThreads="16">
  <mem-info id="1482" free="7709376" total="14352384" percent="53">
    <mem type="nursery" free="3685632" total="5373952" percent="68">
      <mem type="allocate" free="3685632" total="3932160" percent="93" />
      <mem type="survivor" free="0" total="1441792" percent="0" />
    </mem>
    <mem type="tenure" free="4023744" total="8978432" percent="44" macro-fragmented="3732887">
      <mem type="soa" free="3934656" total="8889344" percent="44" />
      <mem type="loa" free="89088" total="89088" percent="100" />
    </mem>
    <remembered-set count="1253" />
  </mem-info>
</gc-end>
<cycle-end id="1483" type="scavenge" contextid="1477" timestamp="2019-08-09T17:55:17.860" />
  <attribute name="elasticGC enabled" value="1" />
  <attribute name= "numThreadsSpecified" value="16" />
  <attribute name="heapSize specified" value="13434880" />
  <attribute name="Current GC Util" value="5" />
  <attribute name= "Current Time Running" value="123790" />
  <attribute name ="GC Interval" value="2433" />
  <attribute name="Target GC Util Change" value ="80.000000" />
  <attribute name="Current GC Util Change" value="5.000000"/>
  <attribute name="Current Error" value="367.000000" />
  <attribute name="Output H" value="14428488"/>
  <attribute name="Output I" value="2432"/>
  <attribute name="Output T" value="16"/>
  <attribute name= "Current Time Running" value="123790" />
  <attribute name="GC Util currently" value="5" />
  <attribute name="CPU Util currently" value="16739921940" />
<allocation-satisfied id="1484" threadId="0000000001367F00" bytesRequested="32" />
<af-end id="1485" timestamp="2019-08-09T17:55:17.860" threadId="0000000001368888" success="true" from="nursery"/>
<exclusive-end id="1486" timestamp="2019-08-09T17:55:17.860" durationms="2.977" />

<exclusive-start id="1487" timestamp="2019-08-09T17:55:17.929" intervalms="72.715">
  <response-info timems="0.020" idlems="0.020" threads="0" lastid="0000000001367F00" lastname="main" />
</exclusive-start>
<af-start id="1488" threadId="0000000001368888" totalBytesRequested="23296" timestamp="2019-08-09T17:55:17.929" intervalms="72.739" type="nursery" />
<cycle-start id="1489" type="scavenge" contextid="0" timestamp="2019-08-09T17:55:17.929" intervalms="72.744" />
<gc-start id="1490" type="scavenge" contextid="1489" timestamp="2019-08-09T17:55:17.929">
  <mem-info id="1491" free="4004496" total="14352384" percent="27">
    <mem type="nursery" free="0" total="5373952" percent="0">
      <mem type="allocate" free="0" total="3932160" percent="0" />
      <mem type="survivor" free="0" total="1441792" percent="0" />
    </mem>
    <mem type="tenure" free="4004496" total="8978432" percent="44">
      <mem type="soa" free="3915408" total="8889344" percent="44" />
      <mem type="loa" free="89088" total="89088" percent="100" />
    </mem>
    <remembered-set count="1832" />
  </mem-info>
</gc-start>
<allocation-stats totalBytes="3684896" >
  <allocated-bytes non-tlh="19280" tlh="3665616" />
  <largest-consumer threadName="main" threadId="0000000001367F00" bytes="3684896" />
</allocation-stats>
<gc-op id="1492" type="scavenge" timems="2.028" contextid="1489" timestamp="2019-08-09T17:55:17.932">
  <scavenger-info tenureage="5" tenuremask="ffe0" tiltratio="73" />
  <memory-copied type="nursery" objects="8919" bytes="316032" bytesdiscarded="22272" />
  <references type="weak" candidates="778" cleared="0" enqueued="0" />
</gc-op>
<gc-end id="1493" type="scavenge" contextid="1489" durationms="2.411" usertimems="4.998" systemtimems="0.000" timestamp="2019-08-09T17:55:17.932" activeThreads="16">
  <mem-info id="1494" free="7794576" total="14352384" percent="54">
    <mem type="nursery" free="3790080" total="5373952" percent="70">
      <mem type="allocate" free="3790080" total="4128768" percent="91" />
      <mem type="survivor" free="0" total="1245184" percent="0" />
    </mem>
    <mem type="tenure" free="4004496" total="8978432" percent="44" macro-fragmented="3732887">
      <mem type="soa" free="3915408" total="8889344" percent="44" />
      <mem type="loa" free="89088" total="89088" percent="100" />
    </mem>
    <remembered-set count="1435" />
  </mem-info>
</gc-end>
<cycle-end id="1495" type="scavenge" contextid="1489" timestamp="2019-08-09T17:55:17.932" />
  <attribute name="elasticGC enabled" value="1" />
  <attribute name= "numThreadsSpecified" value="16" />
  <attribute name="heapSize specified" value="13434880" />
  <attribute name="Current GC Util" value="6" />
  <attribute name= "Current Time Running" value="123863" />
  <attribute name ="GC Interval" value="2097" />
  <attribute name="Target GC Util Change" value ="80.000000" />
  <attribute name="Current GC Util Change" value="6.000000"/>
  <attribute name="Current Error" value="74.000000" />
  <attribute name="Output H" value="14428152"/>
  <attribute name="Output I" value="2096"/>
  <attribute name="Output T" value="16"/>
  <attribute name= "Current Time Running" value="123863" />
  <attribute name="GC Util currently" value="6" />
  <attribute name="CPU Util currently" value="15837707202" />
<allocation-satisfied id="1496" threadId="0000000001367F00" bytesRequested="23296" />
<af-end id="1497" timestamp="2019-08-09T17:55:17.932" threadId="0000000001368888" success="true" from="nursery"/>
<exclusive-end id="1498" timestamp="2019-08-09T17:55:17.932" durationms="2.653" />

<exclusive-start id="1499" timestamp="2019-08-09T17:55:17.986" intervalms="56.576">
  <response-info timems="0.108" idlems="0.108" threads="0" lastid="0000000001367F00" lastname="main" />
</exclusive-start>
<af-start id="1500" threadId="0000000001368888" totalBytesRequested="80" timestamp="2019-08-09T17:55:17.986" intervalms="56.562" type="nursery" />
<cycle-start id="1501" type="scavenge" contextid="0" timestamp="2019-08-09T17:55:17.986" intervalms="56.559" />
<gc-start id="1502" type="scavenge" contextid="1501" timestamp="2019-08-09T17:55:17.986">
  <mem-info id="1503" free="3983248" total="14352384" percent="27">
    <mem type="nursery" free="0" total="5373952" percent="0">
      <mem type="allocate" free="0" total="4128768" percent="0" />
      <mem type="survivor" free="0" total="1245184" percent="0" />
    </mem>
    <mem type="tenure" free="3983248" total="8978432" percent="44">
      <mem type="soa" free="3894160" total="8889344" percent="43" />
      <mem type="loa" free="89088" total="89088" percent="100" />
    </mem>
    <remembered-set count="1914" />
  </mem-info>
</gc-start>
<allocation-stats totalBytes="3809128" >
  <allocated-bytes non-tlh="44544" tlh="3764584" />
  <largest-consumer threadName="main" threadId="0000000001367F00" bytes="3809128" />
</allocation-stats>
<gc-op id="1504" type="scavenge" timems="2.063" contextid="1501" timestamp="2019-08-09T17:55:17.988">
  <scavenger-info tenureage="3" tenuremask="ffd8" tiltratio="76" />
  <memory-copied type="nursery" objects="12557" bytes="483232" bytesdiscarded="68432" />
  <memory-copied type="tenure" objects="1301" bytes="45176" bytesdiscarded="56" />
  <references type="soft" candidates="2" cleared="0" enqueued="0" dynamicThreshold="22" maxThreshold="32" />
  <references type="weak" candidates="547" cleared="5" enqueued="5" />
</gc-op>
<gc-end id="1505" type="scavenge" contextid="1501" durationms="2.612" usertimems="6.218" systemtimems="0.000" timestamp="2019-08-09T17:55:17.989" activeThreads="16">
  <mem-info id="1506" free="7585672" total="14352384" percent="52">
    <mem type="nursery" free="3642360" total="5373952" percent="67">
      <mem type="allocate" free="3642360" total="4194304" percent="86" />
      <mem type="survivor" free="0" total="1179648" percent="0" />
    </mem>
    <mem type="tenure" free="3943312" total="8978432" percent="43" macro-fragmented="0">
      <mem type="soa" free="3854224" total="8889344" percent="43" />
      <mem type="loa" free="89088" total="89088" percent="100" />
    </mem>
    <pending-finalizers system="0" default="0" reference="5" classloader="0" />
    <remembered-set count="1428" />
  </mem-info>
</gc-end>
<cycle-end id="1507" type="scavenge" contextid="1501" timestamp="2019-08-09T17:55:17.989" />
  <attribute name="elasticGC enabled" value="1" />
  <attribute name= "numThreadsSpecified" value="16" />
  <attribute name="heapSize specified" value="13434880" />
  <attribute name="Current GC Util" value="8" />
  <attribute name= "Current Time Running" value="123919" />
  <attribute name ="GC Interval" value="2177" />
  <attribute name="Target GC Util Change" value ="80.000000" />
  <attribute name="Current GC Util Change" value="8.000000"/>
  <attribute name="Current Error" value="146.000000" />
  <attribute name="Output H" value="14428232"/>
  <attribute name="Output I" value="2176"/>
  <attribute name="Output T" value="16"/>
  <attribute name= "Current Time Running" value="123919" />
  <attribute name="GC Util currently" value="8" />
  <attribute name="CPU Util currently" value="20390974041" />
<allocation-satisfied id="1508" threadId="0000000001367F00" bytesRequested="80" />
<af-end id="1509" timestamp="2019-08-09T17:55:17.989" threadId="0000000001368888" success="true" from="nursery"/>
<exclusive-end id="1510" timestamp="2019-08-09T17:55:17.989" durationms="2.873" />

<exclusive-start id="1511" timestamp="2019-08-09T17:55:18.061" intervalms="75.370">
  <response-info timems="0.038" idlems="0.038" threads="0" lastid="0000000001367F00" lastname="main" />
</exclusive-start>
<af-start id="1512" threadId="0000000001368888" totalBytesRequested="24" timestamp="2019-08-09T17:55:18.061" intervalms="75.364" type="nursery" />
<cycle-start id="1513" type="scavenge" contextid="0" timestamp="2019-08-09T17:55:18.061" intervalms="75.364" />
<gc-start id="1514" type="scavenge" contextid="1513" timestamp="2019-08-09T17:55:18.061">
  <mem-info id="1515" free="3926240" total="14352384" percent="27">
    <mem type="nursery" free="0" total="5373952" percent="0">
      <mem type="allocate" free="0" total="4194304" percent="0" />
      <mem type="survivor" free="0" total="1179648" percent="0" />
    </mem>
    <mem type="tenure" free="3926240" total="8978432" percent="43">
      <mem type="soa" free="3837152" total="8889344" percent="43" />
      <mem type="loa" free="89088" total="89088" percent="100" />
    </mem>
    <remembered-set count="1618" />
  </mem-info>
</gc-start>
<allocation-stats totalBytes="3657304" >
  <allocated-bytes non-tlh="282704" tlh="3374600" />
  <largest-consumer threadName="main" threadId="0000000001367F00" bytes="3657304" />
</allocation-stats>
<gc-op id="1516" type="scavenge" timems="3.392" contextid="1513" timestamp="2019-08-09T17:55:18.065">
  <scavenger-info tenureage="14" tenuremask="4000" tiltratio="78" />
  <memory-copied type="nursery" objects="15823" bytes="1003480" bytesdiscarded="83760" />
  <references type="soft" candidates="73" cleared="0" enqueued="0" dynamicThreshold="22" maxThreshold="32" />
  <references type="weak" candidates="550" cleared="0" enqueued="0" />
  <references type="phantom" candidates="1" cleared="0" enqueued="0" />
</gc-op>
<gc-end id="1517" type="scavenge" contextid="1513" durationms="3.801" usertimems="7.295" systemtimems="0.000" timestamp="2019-08-09T17:55:18.065" activeThreads="16">
  <mem-info id="1518" free="6508704" total="14352384" percent="45">
    <mem type="nursery" free="2582464" total="5373952" percent="48">
      <mem type="allocate" free="2582464" total="3670016" percent="70" />
      <mem type="survivor" free="0" total="1703936" percent="0" />
    </mem>
    <mem type="tenure" free="3926240" total="8978432" percent="43" macro-fragmented="3732887">
      <mem type="soa" free="3837152" total="8889344" percent="43" />
      <mem type="loa" free="89088" total="89088" percent="100" />
    </mem>
    <remembered-set count="1416" />
  </mem-info>
</gc-end>
<cycle-end id="1519" type="scavenge" contextid="1513" timestamp="2019-08-09T17:55:18.065" />
  <attribute name="elasticGC enabled" value="1" />
  <attribute name= "numThreadsSpecified" value="16" />
  <attribute name="heapSize specified" value="13434880" />
  <attribute name="Current GC Util" value="8" />
  <attribute name= "Current Time Running" value="123995" />
  <attribute name ="GC Interval" value="2265" />
  <attribute name="Target GC Util Change" value ="80.000000" />
  <attribute name="Current GC Util Change" value="8.000000"/>
  <attribute name="Current Error" value="218.000000" />
  <attribute name="Output H" value="14428320"/>
  <attribute name="Output I" value="2264"/>
  <attribute name="Output T" value="16"/>
  <attribute name= "Current Time Running" value="123995" />
  <attribute name="GC Util currently" value="8" />
  <attribute name="CPU Util currently" value="15300352722" />
<allocation-satisfied id="1520" threadId="0000000001367F00" bytesRequested="24" />
<af-end id="1521" timestamp="2019-08-09T17:55:18.065" threadId="0000000001368888" success="true" from="nursery"/>
<exclusive-end id="1522" timestamp="2019-08-09T17:55:18.065" durationms="3.997" />

<exclusive-start id="1523" timestamp="2019-08-09T17:55:18.093" intervalms="31.633">
  <response-info timems="0.126" idlems="0.126" threads="0" lastid="0000000001367F00" lastname="main" />
</exclusive-start>
<af-start id="1524" threadId="0000000001368888" totalBytesRequested="32" timestamp="2019-08-09T17:55:18.093" intervalms="31.633" type="nursery" />
<cycle-start id="1525" type="scavenge" contextid="0" timestamp="2019-08-09T17:55:18.093" intervalms="31.632" />
<gc-start id="1526" type="scavenge" contextid="1525" timestamp="2019-08-09T17:55:18.093">
  <mem-info id="1527" free="3920976" total="14352384" percent="27">
    <mem type="nursery" free="0" total="5373952" percent="0">
      <mem type="allocate" free="0" total="3670016" percent="0" />
      <mem type="survivor" free="0" total="1703936" percent="0" />
    </mem>
    <mem type="tenure" free="3920976" total="8978432" percent="43">
      <mem type="soa" free="3831888" total="8889344" percent="43" />
      <mem type="loa" free="89088" total="89088" percent="100" />
    </mem>
    <remembered-set count="1474" />
  </mem-info>
</gc-start>
<allocation-stats totalBytes="2587032" >
  <allocated-bytes non-tlh="5288" tlh="2581744" />
  <largest-consumer threadName="main" threadId="0000000001367F00" bytes="2587032" />
</allocation-stats>
<gc-op id="1528" type="scavenge" timems="2.466" contextid="1525" timestamp="2019-08-09T17:55:18.095">
  <scavenger-info tenureage="3" tenuremask="4018" tiltratio="68" />
  <memory-copied type="nursery" objects="12439" bytes="903264" bytesdiscarded="203640" />
  <memory-copied type="tenure" objects="7137" bytes="258216" bytesdiscarded="240" />
  <references type="soft" candidates="73" cleared="0" enqueued="0" dynamicThreshold="22" maxThreshold="32" />
  <references type="weak" candidates="124" cleared="0" enqueued="0" />
  <references type="phantom" candidates="1" cleared="0" enqueued="0" />
</gc-op>
<gc-end id="1529" type="scavenge" contextid="1525" durationms="3.087" usertimems="8.974" systemtimems="0.000" timestamp="2019-08-09T17:55:18.096" activeThreads="16">
  <mem-info id="1530" free="6213072" total="14352384" percent="43">
    <mem type="nursery" free="2628480" total="5373952" percent="48">
      <mem type="allocate" free="2628480" total="3735552" percent="70" />
      <mem type="survivor" free="0" total="1638400" percent="0" />
    </mem>
    <mem type="tenure" free="3584592" total="8978432" percent="39" macro-fragmented="2592282">
      <mem type="soa" free="3495504" total="8889344" percent="39" />
      <mem type="loa" free="89088" total="89088" percent="100" />
    </mem>
    <remembered-set count="742" />
  </mem-info>
</gc-end>
<cycle-end id="1531" type="scavenge" contextid="1525" timestamp="2019-08-09T17:55:18.096" />
  <attribute name="elasticGC enabled" value="1" />
  <attribute name= "numThreadsSpecified" value="16" />
  <attribute name="heapSize specified" value="13434880" />
  <attribute name="Current GC Util" value="21" />
  <attribute name= "Current Time Running" value="124026" />
  <attribute name ="GC Interval" value="2329" />
  <attribute name="Target GC Util Change" value ="80.000000" />
  <attribute name="Current GC Util Change" value="21.000000"/>
  <attribute name="Current Error" value="277.000000" />
  <attribute name="Output H" value="14428384"/>
  <attribute name="Output I" value="2328"/>
  <attribute name="Output T" value="16"/>
  <attribute name= "Current Time Running" value="124026" />
  <attribute name="GC Util currently" value="21" />
  <attribute name="CPU Util currently" value="36462097474" />
<allocation-satisfied id="1532" threadId="0000000001367F00" bytesRequested="32" />
<af-end id="1533" timestamp="2019-08-09T17:55:18.096" threadId="0000000001368888" success="true" from="nursery"/>
<exclusive-end id="1534" timestamp="2019-08-09T17:55:18.096" durationms="3.343" />

<exclusive-start id="1535" timestamp="2019-08-09T17:55:18.120" intervalms="26.774">
  <response-info timems="0.020" idlems="0.020" threads="0" lastid="0000000001367F00" lastname="main" />
</exclusive-start>
<af-start id="1536" threadId="0000000001368888" totalBytesRequested="32" timestamp="2019-08-09T17:55:18.120" intervalms="26.774" type="nursery" />
<cycle-start id="1537" type="scavenge" contextid="0" timestamp="2019-08-09T17:55:18.120" intervalms="26.774" />
<gc-start id="1538" type="scavenge" contextid="1537" timestamp="2019-08-09T17:55:18.120">
  <mem-info id="1539" free="3579832" total="14352384" percent="24">
    <mem type="nursery" free="0" total="5373952" percent="0">
      <mem type="allocate" free="0" total="3735552" percent="0" />
      <mem type="survivor" free="0" total="1638400" percent="0" />
    </mem>
    <mem type="tenure" free="3579832" total="8978432" percent="39">
      <mem type="soa" free="3490744" total="8889344" percent="39" />
      <mem type="loa" free="89088" total="89088" percent="100" />
    </mem>
    <remembered-set count="798" />
  </mem-info>
</gc-start>
<allocation-stats totalBytes="2632896" >
  <allocated-bytes non-tlh="4792" tlh="2628104" />
  <largest-consumer threadName="main" threadId="0000000001367F00" bytes="2632896" />
</allocation-stats>
<gc-op id="1540" type="scavenge" timems="2.293" contextid="1537" timestamp="2019-08-09T17:55:18.122">
  <scavenger-info tenureage="3" tenuremask="4008" tiltratio="69" />
  <memory-copied type="nursery" objects="12898" bytes="920168" bytesdiscarded="84888" />
  <memory-copied type="tenure" objects="2712" bytes="100784" bytesdiscarded="32" />
  <references type="soft" candidates="71" cleared="0" enqueued="0" dynamicThreshold="22" maxThreshold="32" />
  <references type="weak" candidates="84" cleared="0" enqueued="0" />
  <references type="phantom" candidates="1" cleared="0" enqueued="0" />
</gc-op>
<heap-resize id="1541" type="expand" space="nursery" amount="262144" count="1" timems="0.016" reason="excessive time being spent scavenging" timestamp="2019-08-09T17:55:18.122" />
<gc-end id="1542" type="scavenge" contextid="1537" durationms="2.805" usertimems="5.503" systemtimems="0.000" timestamp="2019-08-09T17:55:18.123" activeThreads="16">
  <mem-info id="1543" free="6540856" total="14614528" percent="44">
    <mem type="nursery" free="2992512" total="5636096" percent="53">
      <mem type="allocate" free="2992512" total="3997696" percent="74" />
      <mem type="survivor" free="0" total="1638400" percent="0" />
    </mem>
    <mem type="tenure" free="3548344" total="8978432" percent="39" macro-fragmented="0">
      <mem type="soa" free="3459256" total="8889344" percent="38" />
      <mem type="loa" free="89088" total="89088" percent="100" />
    </mem>
    <remembered-set count="337" />
  </mem-info>
</gc-end>
<cycle-end id="1544" type="scavenge" contextid="1537" timestamp="2019-08-09T17:55:18.123" />
  <attribute name="elasticGC enabled" value="1" />
  <attribute name= "numThreadsSpecified" value="16" />
  <attribute name="heapSize specified" value="13434880" />
  <attribute name="Current GC Util" value="22" />
  <attribute name= "Current Time Running" value="124053" />
  <attribute name ="GC Interval" value="2401" />
  <attribute name="Target GC Util Change" value ="80.000000" />
  <attribute name="Current GC Util Change" value="22.000000"/>
  <attribute name="Current Error" value="335.000000" />
  <attribute name="Output H" value="14428456"/>
  <attribute name="Output I" value="2400"/>
  <attribute name="Output T" value="16"/>
  <attribute name= "Current Time Running" value="124053" />
  <attribute name="GC Util currently" value="22" />
  <attribute name="CPU Util currently" value="42953677135" />
<allocation-satisfied id="1545" threadId="0000000001367F00" bytesRequested="32" />
<af-end id="1546" timestamp="2019-08-09T17:55:18.123" threadId="0000000001368888" success="true" from="nursery"/>
<exclusive-end id="1547" timestamp="2019-08-09T17:55:18.123" durationms="3.003" />

<exclusive-start id="1548" timestamp="2019-08-09T17:55:18.147" intervalms="27.763">
  <response-info timems="0.094" idlems="0.094" threads="0" lastid="0000000001367F00" lastname="main" />
</exclusive-start>
<af-start id="1549" threadId="0000000001368888" totalBytesRequested="40" timestamp="2019-08-09T17:55:18.147" intervalms="27.762" type="nursery" />
<cycle-start id="1550" type="scavenge" contextid="0" timestamp="2019-08-09T17:55:18.147" intervalms="27.760" />
<gc-start id="1551" type="scavenge" contextid="1550" timestamp="2019-08-09T17:55:18.148">
  <mem-info id="1552" free="3546464" total="14614528" percent="24">
    <mem type="nursery" free="0" total="5636096" percent="0">
      <mem type="allocate" free="0" total="3997696" percent="0" />
      <mem type="survivor" free="0" total="1638400" percent="0" />
    </mem>
    <mem type="tenure" free="3546464" total="8978432" percent="39">
      <mem type="soa" free="3457376" total="8889344" percent="38" />
      <mem type="loa" free="89088" total="89088" percent="100" />
    </mem>
    <remembered-set count="362" />
  </mem-info>
</gc-start>
<allocation-stats totalBytes="2993824" >
  <allocated-bytes non-tlh="1912" tlh="2991912" />
  <largest-consumer threadName="main" threadId="0000000001367F00" bytes="2993824" />
</allocation-stats>
<gc-op id="1553" type="scavenge" timems="4.354" contextid="1550" timestamp="2019-08-09T17:55:18.152">
  <scavenger-info tenureage="3" tenuremask="4008" tiltratio="70" />
  <memory-copied type="nursery" objects="11603" bytes="474672" bytesdiscarded="55872" />
  <memory-copied type="tenure" objects="5947" bytes="628632" bytesdiscarded="144" />
  <references type="weak" candidates="92" cleared="0" enqueued="0" />
</gc-op>
<heap-resize id="1554" type="expand" space="nursery" amount="393216" count="1" timems="0.015" reason="excessive time being spent scavenging" timestamp="2019-08-09T17:55:18.152" />
<gc-end id="1555" type="scavenge" contextid="1550" durationms="4.761" usertimems="11.690" systemtimems="0.000" timestamp="2019-08-09T17:55:18.152" activeThreads="16">
  <mem-info id="1556" free="6812376" total="15007744" percent="45">
    <mem type="nursery" free="3925856" total="6029312" percent="65">
      <mem type="allocate" free="3925856" total="4456448" percent="88" />
      <mem type="survivor" free="0" total="1572864" percent="0" />
    </mem>
    <mem type="tenure" free="2886520" total="8978432" percent="32" macro-fragmented="1800196">
      <mem type="soa" free="2797432" total="8889344" percent="31" />
      <mem type="loa" free="89088" total="89088" percent="100" />
    </mem>
    <remembered-set count="1274" />
  </mem-info>
</gc-end>
<cycle-end id="1557" type="scavenge" contextid="1550" timestamp="2019-08-09T17:55:18.152" />
  <attribute name="elasticGC enabled" value="1" />
  <attribute name= "numThreadsSpecified" value="16" />
  <attribute name="heapSize specified" value="13434880" />
  <attribute name="Current GC Util" value="19" />
  <attribute name= "Current Time Running" value="124081" />
  <attribute name ="GC Interval" value="2473" />
  <attribute name="Target GC Util Change" value ="80.000000" />
  <attribute name="Current GC Util Change" value="19.000000"/>
  <attribute name="Current Error" value="396.000000" />
  <attribute name="Output H" value="14690672"/>
  <attribute name="Output I" value="2472"/>
  <attribute name="Output T" value="16"/>
  <attribute name= "Current Time Running" value="124081" />
  <attribute name="GC Util currently" value="19" />
  <attribute name="CPU Util currently" value="41630667459" />
<allocation-satisfied id="1558" threadId="0000000001367F00" bytesRequested="40" />
<af-end id="1559" timestamp="2019-08-09T17:55:18.152" threadId="0000000001368888" success="true" from="nursery"/>
<exclusive-end id="1560" timestamp="2019-08-09T17:55:18.152" durationms="4.954" />

<exclusive-start id="1561" timestamp="2019-08-09T17:55:18.197" intervalms="49.579">
  <response-info timems="0.037" idlems="0.037" threads="0" lastid="0000000001367F00" lastname="main" />
</exclusive-start>
<af-start id="1562" threadId="0000000001368888" totalBytesRequested="520" timestamp="2019-08-09T17:55:18.197" intervalms="49.573" type="nursery" />
<cycle-start id="1563" type="scavenge" contextid="0" timestamp="2019-08-09T17:55:18.197" intervalms="49.574" />
<gc-start id="1564" type="scavenge" contextid="1563" timestamp="2019-08-09T17:55:18.197">
  <mem-info id="1565" free="2857744" total="15007744" percent="19">
    <mem type="nursery" free="0" total="6029312" percent="0">
      <mem type="allocate" free="0" total="4456448" percent="0" />
      <mem type="survivor" free="0" total="1572864" percent="0" />
    </mem>
    <mem type="tenure" free="2857744" total="8978432" percent="31">
      <mem type="soa" free="2768656" total="8889344" percent="31" />
      <mem type="loa" free="89088" total="89088" percent="100" />
    </mem>
    <remembered-set count="1573" />
  </mem-info>
</gc-start>
<allocation-stats totalBytes="3953184" >
  <allocated-bytes non-tlh="28816" tlh="3924368" />
  <largest-consumer threadName="main" threadId="0000000001367F00" bytes="3953184" />
</allocation-stats>
<gc-op id="1566" type="scavenge" timems="3.191" contextid="1563" timestamp="2019-08-09T17:55:18.200">
  <scavenger-info tenureage="3" tenuremask="4008" tiltratio="73" />
  <memory-copied type="nursery" objects="10039" bytes="431696" bytesdiscarded="48952" />
  <memory-copied type="tenure" objects="3389" bytes="163192" bytesdiscarded="184" />
  <references type="soft" candidates="11" cleared="0" enqueued="0" dynamicThreshold="22" maxThreshold="32" />
  <references type="weak" candidates="60" cleared="0" enqueued="0" />
</gc-op>
<gc-end id="1567" type="scavenge" contextid="1563" durationms="3.583" usertimems="6.417" systemtimems="0.000" timestamp="2019-08-09T17:55:18.201" activeThreads="16">
  <mem-info id="1568" free="6961344" total="15007744" percent="46">
    <mem type="nursery" free="4237872" total="6029312" percent="70">
      <mem type="allocate" free="4237872" total="4718592" percent="89" />
      <mem type="survivor" free="0" total="1310720" percent="0" />
    </mem>
    <mem type="tenure" free="2723472" total="8978432" percent="30" macro-fragmented="2592282">
      <mem type="soa" free="2634384" total="8889344" percent="29" />
      <mem type="loa" free="89088" total="89088" percent="100" />
    </mem>
    <remembered-set count="1234" />
  </mem-info>
</gc-end>
<cycle-end id="1569" type="scavenge" contextid="1563" timestamp="2019-08-09T17:55:18.201" />
  <attribute name="elasticGC enabled" value="1" />
  <attribute name= "numThreadsSpecified" value="16" />
  <attribute name="heapSize specified" value="13434880" />
  <attribute name="Current GC Util" value="18" />
  <attribute name= "Current Time Running" value="124130" />
  <attribute name ="GC Interval" value="2081" />
  <attribute name="Target GC Util Change" value ="80.000000" />
  <attribute name="Current GC Util Change" value="18.000000"/>
  <attribute name="Current Error" value="62.000000" />
  <attribute name="Output H" value="15083496"/>
  <attribute name="Output I" value="2080"/>
  <attribute name="Output T" value="16"/>
  <attribute name= "Current Time Running" value="124130" />
  <attribute name="GC Util currently" value="18" />
  <attribute name="CPU Util currently" value="23256910427" />
<allocation-satisfied id="1570" threadId="0000000001367F00" bytesRequested="520" />
<af-end id="1571" timestamp="2019-08-09T17:55:18.201" threadId="0000000001368888" success="true" from="nursery"/>
<exclusive-end id="1572" timestamp="2019-08-09T17:55:18.201" durationms="3.899" />

<exclusive-start id="1573" timestamp="2019-08-09T17:55:18.260" intervalms="63.207">
  <response-info timems="0.054" idlems="0.054" threads="0" lastid="0000000001367F00" lastname="main" />
</exclusive-start>
<af-start id="1574" threadId="0000000001368888" totalBytesRequested="40" timestamp="2019-08-09T17:55:18.260" intervalms="63.211" type="nursery" />
<cycle-start id="1575" type="scavenge" contextid="0" timestamp="2019-08-09T17:55:18.260" intervalms="63.212" />
<gc-start id="1576" type="scavenge" contextid="1575" timestamp="2019-08-09T17:55:18.260">
  <mem-info id="1577" free="2694592" total="15007744" percent="17">
    <mem type="nursery" free="0" total="6029312" percent="0">
      <mem type="allocate" free="0" total="4718592" percent="0" />
      <mem type="survivor" free="0" total="1310720" percent="0" />
    </mem>
    <mem type="tenure" free="2694592" total="8978432" percent="30">
      <mem type="soa" free="2605504" total="8889344" percent="29" />
      <mem type="loa" free="89088" total="89088" percent="100" />
    </mem>
    <remembered-set count="1687" />
  </mem-info>
</gc-start>
<allocation-stats totalBytes="4265664" >
  <allocated-bytes non-tlh="229408" tlh="4036256" />
  <largest-consumer threadName="main" threadId="0000000001367F00" bytes="4265664" />
</allocation-stats>
<gc-op id="1578" type="scavenge" timems="3.271" contextid="1575" timestamp="2019-08-09T17:55:18.264">
  <scavenger-info tenureage="14" tenuremask="4000" tiltratio="78" />
  <memory-copied type="nursery" objects="21824" bytes="1216592" bytesdiscarded="47080" />
  <references type="soft" candidates="224" cleared="0" enqueued="0" dynamicThreshold="22" maxThreshold="32" />
  <references type="weak" candidates="454" cleared="18" enqueued="12" />
  <references type="phantom" candidates="1" cleared="0" enqueued="0" />
</gc-op>
<gc-end id="1579" type="scavenge" contextid="1575" durationms="3.668" usertimems="9.070" systemtimems="0.000" timestamp="2019-08-09T17:55:18.264" activeThreads="16">
  <mem-info id="1580" free="5231776" total="15007744" percent="34">
    <mem type="nursery" free="2537184" total="6029312" percent="42">
      <mem type="allocate" free="2537184" total="3801088" percent="66" />
      <mem type="survivor" free="0" total="2228224" percent="0" />
    </mem>
    <mem type="tenure" free="2694592" total="8978432" percent="30" macro-fragmented="1800196">
      <mem type="soa" free="2605504" total="8889344" percent="29" />
      <mem type="loa" free="89088" total="89088" percent="100" />
    </mem>
    <pending-finalizers system="0" default="0" reference="12" classloader="0" />
    <remembered-set count="1659" />
  </mem-info>
</gc-end>
<cycle-end id="1581" type="scavenge" contextid="1575" timestamp="2019-08-09T17:55:18.264" />
  <attribute name="elasticGC enabled" value="1" />
  <attribute name= "numThreadsSpecified" value="16" />
  <attribute name="heapSize specified" value="13434880" />
  <attribute name="Current GC Util" value="10" />
  <attribute name= "Current Time Running" value="124193" />
  <attribute name ="GC Interval" value="2161" />
  <attribute name="Target GC Util Change" value ="80.000000" />
  <attribute name="Current GC Util Change" value="10.000000"/>
  <attribute name="Current Error" value="132.000000" />
  <attribute name="Output H" value="15083576"/>
  <attribute name="Output I" value="2160"/>
  <attribute name="Output T" value="16"/>
  <attribute name= "Current Time Running" value="124193" />
  <attribute name="GC Util currently" value="10" />
  <attribute name="CPU Util currently" value="18239571871" />
<allocation-satisfied id="1582" threadId="0000000001367F00" bytesRequested="40" />
<af-end id="1583" timestamp="2019-08-09T17:55:18.264" threadId="0000000001368888" success="true" from="nursery"/>
<exclusive-end id="1584" timestamp="2019-08-09T17:55:18.264" durationms="3.886" />

<exclusive-start id="1585" timestamp="2019-08-09T17:55:18.277" intervalms="16.390">
  <response-info timems="0.051" idlems="0.051" threads="0" lastid="0000000001367F00" lastname="main" />
</exclusive-start>
<af-start id="1586" threadId="0000000001368888" totalBytesRequested="32" timestamp="2019-08-09T17:55:18.277" intervalms="16.398" type="nursery" />
<cycle-start id="1587" type="scavenge" contextid="0" timestamp="2019-08-09T17:55:18.277" intervalms="16.407" />
<gc-start id="1588" type="scavenge" contextid="1587" timestamp="2019-08-09T17:55:18.277">
  <mem-info id="1589" free="2692248" total="15007744" percent="17">
    <mem type="nursery" free="0" total="6029312" percent="0">
      <mem type="allocate" free="0" total="3801088" percent="0" />
      <mem type="survivor" free="0" total="2228224" percent="0" />
    </mem>
    <mem type="tenure" free="2692248" total="8978432" percent="29">
      <mem type="soa" free="2603160" total="8889344" percent="29" />
      <mem type="loa" free="89088" total="89088" percent="100" />
    </mem>
    <remembered-set count="1691" />
  </mem-info>
</gc-start>
<allocation-stats totalBytes="2539272" >
  <allocated-bytes non-tlh="2384" tlh="2536888" />
  <largest-consumer threadName="main" threadId="0000000001367F00" bytes="2535176" />
</allocation-stats>
<gc-op id="1590" type="scavenge" timems="3.444" contextid="1587" timestamp="2019-08-09T17:55:18.280">
  <scavenger-info tenureage="2" tenuremask="601c" tiltratio="63" />
  <memory-copied type="nursery" objects="15581" bytes="927168" bytesdiscarded="131448" />
  <memory-copied type="tenure" objects="9998" bytes="430152" bytesdiscarded="600" />
  <references type="soft" candidates="213" cleared="0" enqueued="0" dynamicThreshold="22" maxThreshold="32" />
  <references type="weak" candidates="394" cleared="0" enqueued="0" />
  <references type="phantom" candidates="1" cleared="0" enqueued="0" />
</gc-op>
<heap-resize id="1591" type="expand" space="nursery" amount="655360" count="1" timems="0.019" reason="excessive time being spent scavenging" timestamp="2019-08-09T17:55:18.280" />
<gc-end id="1592" type="scavenge" contextid="1587" durationms="3.810" usertimems="9.385" systemtimems="0.000" timestamp="2019-08-09T17:55:18.281" activeThreads="16">
  <mem-info id="1593" free="5553512" total="15663104" percent="35">
    <mem type="nursery" free="3332184" total="6684672" percent="49">
      <mem type="allocate" free="3332184" total="4390912" percent="75" />
      <mem type="survivor" free="0" total="2293760" percent="0" />
    </mem>
    <mem type="tenure" free="2221328" total="8978432" percent="24" macro-fragmented="1800196">
      <mem type="soa" free="2132240" total="8889344" percent="23" />
      <mem type="loa" free="89088" total="89088" percent="100" />
    </mem>
    <remembered-set count="618" />
  </mem-info>
</gc-end>
<cycle-end id="1594" type="scavenge" contextid="1587" timestamp="2019-08-09T17:55:18.281" />
  <attribute name="elasticGC enabled" value="1" />
  <attribute name= "numThreadsSpecified" value="16" />
  <attribute name="heapSize specified" value="13434880" />
  <attribute name="Current GC Util" value="54" />
  <attribute name= "Current Time Running" value="124210" />
  <attribute name ="GC Interval" value="2193" />
  <attribute name="Target GC Util Change" value ="80.000000" />
  <attribute name="Current GC Util Change" value="54.000000"/>
  <attribute name="Current Error" value="158.000000" />
  <attribute name="Output H" value="15083608"/>
  <attribute name="Output I" value="2192"/>
  <attribute name="Output T" value="16"/>
  <attribute name= "Current Time Running" value="124210" />
  <attribute name="GC Util currently" value="54" />
  <attribute name="CPU Util currently" value="70090742045" />
<allocation-satisfied id="1595" threadId="0000000001367F00" bytesRequested="32" />
<af-end id="1596" timestamp="2019-08-09T17:55:18.281" threadId="0000000001368888" success="true" from="nursery"/>
<exclusive-end id="1597" timestamp="2019-08-09T17:55:18.281" durationms="4.055" />

<exclusive-start id="1598" timestamp="2019-08-09T17:55:18.309" intervalms="32.072">
  <response-info timems="0.016" idlems="0.016" threads="0" lastid="0000000001367F00" lastname="main" />
</exclusive-start>
<af-start id="1599" threadId="0000000001368888" totalBytesRequested="32" timestamp="2019-08-09T17:55:18.309" intervalms="32.060" type="nursery" />
<cycle-start id="1600" type="scavenge" contextid="0" timestamp="2019-08-09T17:55:18.309" intervalms="32.050" />
<gc-start id="1601" type="scavenge" contextid="1600" timestamp="2019-08-09T17:55:18.309">
  <mem-info id="1602" free="2210704" total="15663104" percent="14">
    <mem type="nursery" free="0" total="6684672" percent="0">
      <mem type="allocate" free="0" total="4390912" percent="0" />
      <mem type="survivor" free="0" total="2293760" percent="0" />
    </mem>
    <mem type="tenure" free="2210704" total="8978432" percent="24">
      <mem type="soa" free="2121616" total="8889344" percent="23" />
      <mem type="loa" free="89088" total="89088" percent="100" />
    </mem>
    <remembered-set count="721" />
  </mem-info>
</gc-start>
<allocation-stats totalBytes="3342208" >
  <allocated-bytes non-tlh="210664" tlh="3131544" />
  <largest-consumer threadName="main" threadId="0000000001367F00" bytes="3342208" />
</allocation-stats>
<gc-op id="1603" type="scavenge" timems="1.971" contextid="1600" timestamp="2019-08-09T17:55:18.311">
  <scavenger-info tenureage="2" tenuremask="6004" tiltratio="65" />
  <memory-copied type="nursery" objects="1127" bytes="284984" bytesdiscarded="19928" />
  <memory-copied type="tenure" objects="3650" bytes="129352" bytesdiscarded="48" />
  <references type="soft" candidates="1" cleared="0" enqueued="0" dynamicThreshold="22" maxThreshold="32" />
  <references type="weak" candidates="18" cleared="0" enqueued="0" />
  <references type="phantom" candidates="1" cleared="0" enqueued="0" />
</gc-op>
<gc-end id="1604" type="scavenge" contextid="1600" durationms="2.276" usertimems="4.463" systemtimems="0.000" timestamp="2019-08-09T17:55:18.311" activeThreads="16">
  <mem-info id="1605" free="6633792" total="15663104" percent="42">
    <mem type="nursery" free="4479152" total="6684672" percent="67">
      <mem type="allocate" free="4479152" total="4784128" percent="93" />
      <mem type="survivor" free="0" total="1900544" percent="0" />
    </mem>
    <mem type="tenure" free="2154640" total="8978432" percent="23" macro-fragmented="1500163">
      <mem type="soa" free="2065552" total="8889344" percent="23" />
      <mem type="loa" free="89088" total="89088" percent="100" />
    </mem>
    <remembered-set count="254" />
  </mem-info>
</gc-end>
<cycle-end id="1606" type="scavenge" contextid="1600" timestamp="2019-08-09T17:55:18.311" />
  <attribute name="elasticGC enabled" value="1" />
  <attribute name= "numThreadsSpecified" value="16" />
  <attribute name="heapSize specified" value="13434880" />
  <attribute name="Current GC Util" value="28" />
  <attribute name= "Current Time Running" value="124242" />
  <attribute name ="GC Interval" value="2257" />
  <attribute name="Target GC Util Change" value ="80.000000" />
  <attribute name="Current GC Util Change" value="28.000000"/>
  <attribute name="Current Error" value="210.000000" />
  <attribute name="Output H" value="15739032"/>
  <attribute name="Output I" value="2256"/>
  <attribute name="Output T" value="16"/>
  <attribute name= "Current Time Running" value="124242" />
  <attribute name="GC Util currently" value="28" />
  <attribute name="CPU Util currently" value="35868750351" />
<allocation-satisfied id="1607" threadId="0000000001367F00" bytesRequested="32" />
<af-end id="1608" timestamp="2019-08-09T17:55:18.311" threadId="0000000001368888" success="true" from="nursery"/>
<exclusive-end id="1609" timestamp="2019-08-09T17:55:18.311" durationms="2.644" />

<exclusive-start id="1610" timestamp="2019-08-09T17:55:18.368" intervalms="59.799">
  <response-info timems="0.011" idlems="0.011" threads="0" lastid="0000000001367F00" lastname="main" />
</exclusive-start>
<sys-start reason="explicit" id="1611" timestamp="2019-08-09T17:55:18.369" intervalms="124061.217" />
<cycle-start id="1612" type="global" contextid="0" timestamp="2019-08-09T17:55:18.369" intervalms="874.728" />
<gc-start id="1613" type="global" contextid="1612" timestamp="2019-08-09T17:55:18.369">
  <mem-info id="1614" free="3528216" total="15663104" percent="22">
    <mem type="nursery" free="1395560" total="6684672" percent="20">
      <mem type="allocate" free="1395560" total="4784128" percent="29" />
      <mem type="survivor" free="0" total="1900544" percent="0" />
    </mem>
    <mem type="tenure" free="2132656" total="8978432" percent="23">
      <mem type="soa" free="2043568" total="8889344" percent="22" />
      <mem type="loa" free="89088" total="89088" percent="100" />
    </mem>
    <remembered-set count="738" />
  </mem-info>
</gc-start>
<allocation-stats totalBytes="3104456" >
  <allocated-bytes non-tlh="222024" tlh="2882432" />
  <largest-consumer threadName="main" threadId="0000000001367F00" bytes="3104456" />
</allocation-stats>
<gc-op id="1615" type="mark" timems="7.924" contextid="1612" timestamp="2019-08-09T17:55:18.377">
  <trace-info objectcount="75583" scancount="62980" scanbytes="2136692" />
  <finalization candidates="80" enqueued="0" />
  <ownableSynchronizers candidates="21" cleared="0" />
  <references type="soft" candidates="1630" cleared="0" enqueued="0" dynamicThreshold="22" maxThreshold="32" />
  <references type="weak" candidates="4483" cleared="88" enqueued="53" />
  <references type="phantom" candidates="74" cleared="1" enqueued="1" />
  <stringconstants candidates="10077" cleared="1394"  />
</gc-op>
<gc-op id="1616" type="classunload" timems="4.657" contextid="1612" timestamp="2019-08-09T17:55:18.381">
  <classunload-info classloadercandidates="18" classloadersunloaded="2" classesunloaded="509" anonymousclassesunloaded="0" quiescems="0.000" setupms="1.538" scanms="3.115" postms="0.004" />
</gc-op>
<gc-op id="1617" type="sweep" timems="1.425" contextid="1612" timestamp="2019-08-09T17:55:18.383" />
<mem-info id="1618" free="9044560" total="15663104" percent="57">
  <mem type="nursery" free="4490024" total="6684672" percent="67">
    <mem type="allocate" free="4490024" total="4784128" percent="93" />
    <mem type="survivor" free="0" total="1900544" percent="0" />
  </mem>
  <mem type="tenure" free="4554536" total="8978432" percent="50" micro-fragmented="31896" macro-fragmented="7583">
    <mem type="soa" free="4465448" total="8889344" percent="50" />
    <mem type="loa" free="89088" total="89088" percent="100" />
  </mem>
  <pending-finalizers system="0" default="0" reference="54" classloader="0" />
  <remembered-set count="700" />
</mem-info>
<gc-op id="1619" type="compact" timems="23.196" contextid="1612" timestamp="2019-08-09T17:55:18.406">
  <compact-info movecount="69543" movebytes="4296256" reason="compact to aid heap contraction" />
</gc-op>
<heap-resize id="1620" type="expand" space="tenure" amount="131072" count="1" timems="0.019" reason="satisfy allocation request" timestamp="2019-08-09T17:55:18.408" />
<gc-end id="1621" type="global" contextid="1612" durationms="39.326" usertimems="62.743" systemtimems="0.000" timestamp="2019-08-09T17:55:18.408" activeThreads="16">
  <mem-info id="1622" free="9346720" total="15794176" percent="59">
    <mem type="nursery" free="4597872" total="6684672" percent="68">
      <mem type="allocate" free="4597872" total="4784128" percent="96" />
      <mem type="survivor" free="0" total="1900544" percent="0" />
    </mem>
    <mem type="tenure" free="4748848" total="9109504" percent="52">
      <mem type="soa" free="4658736" total="9019392" percent="51" />
      <mem type="loa" free="90112" total="90112" percent="100" />
    </mem>
    <pending-finalizers system="0" default="0" reference="54" classloader="0" />
    <remembered-set count="700" />
  </mem-info>
</gc-end>
<cycle-end id="1623" type="global" contextid="1612" timestamp="2019-08-09T17:55:18.408" />
  <attribute name="elasticGC enabled" value="1" />
  <attribute name= "numThreadsSpecified" value="16" />
  <attribute name="heapSize specified" value="15663104" />
  <attribute name="Current GC Util" value="65" />
  <attribute name= "Current Time Running" value="124339" />
  <attribute name ="GC Interval" value="2257" />
  <attribute name="Target GC Util Change" value ="80.000000" />
  <attribute name="Current GC Util Change" value="65.000000"/>
  <attribute name="Current Error" value="-106.000000" />
  <attribute name="Output H" value="15738664"/>
  <attribute name="Output I" value="1888"/>
  <attribute name="Output T" value="16"/>
  <attribute name= "Current Time Running" value="124339" />
  <attribute name="GC Util currently" value="65" />
  <attribute name="CPU Util currently" value="49607053290" />
<sys-end id="1624" timestamp="2019-08-09T17:55:18.408" />
<exclusive-end id="1625" timestamp="2019-08-09T17:55:18.408" durationms="40.027" />

===== DaCapo 9.12-MR1 jython starting =====
<exclusive-start id="1626" timestamp="2019-08-09T17:55:18.446" intervalms="77.087">
  <response-info timems="0.044" idlems="0.044" threads="0" lastid="0000000001367F00" lastname="main" />
</exclusive-start>
<af-start id="1627" threadId="0000000001368888" totalBytesRequested="24" timestamp="2019-08-09T17:55:18.446" intervalms="136.888" type="nursery" />
<cycle-start id="1628" type="scavenge" contextid="0" timestamp="2019-08-09T17:55:18.446" intervalms="136.887" />
<gc-start id="1629" type="scavenge" contextid="1628" timestamp="2019-08-09T17:55:18.446">
  <mem-info id="1630" free="4748008" total="15794176" percent="30">
    <mem type="nursery" free="0" total="6684672" percent="0">
      <mem type="allocate" free="0" total="4784128" percent="0" />
      <mem type="survivor" free="0" total="1900544" percent="0" />
    </mem>
    <mem type="tenure" free="4748008" total="9109504" percent="52">
      <mem type="soa" free="4657896" total="9019392" percent="51" />
      <mem type="loa" free="90112" total="90112" percent="100" />
    </mem>
    <remembered-set count="766" />
  </mem-info>
</gc-start>
<allocation-stats totalBytes="4597808" >
  <allocated-bytes non-tlh="528544" tlh="4069264" />
  <largest-consumer threadName="main" threadId="0000000001367F00" bytes="4585464" />
</allocation-stats>
<gc-op id="1631" type="scavenge" timems="3.375" contextid="1628" timestamp="2019-08-09T17:55:18.449">
  <scavenger-info tenureage="14" tenuremask="4000" tiltratio="71" />
  <memory-copied type="nursery" objects="16712" bytes="1313776" bytesdiscarded="60008" />
  <ownableSynchronizers candidates="42" cleared="42" />
  <references type="soft" candidates="323" cleared="0" enqueued="0" dynamicThreshold="16" maxThreshold="32" />
  <references type="weak" candidates="275" cleared="4" enqueued="4" />
  <references type="phantom" candidates="5" cleared="1" enqueued="1" />
</gc-op>
<gc-end id="1632" type="scavenge" contextid="1628" durationms="3.733" usertimems="11.339" systemtimems="0.000" timestamp="2019-08-09T17:55:18.449" activeThreads="16">
  <mem-info id="1633" free="7437184" total="15794176" percent="47">
    <mem type="nursery" free="2689176" total="6684672" percent="40">
      <mem type="allocate" free="2689176" total="4063232" percent="66" />
      <mem type="survivor" free="0" total="2621440" percent="0" />
    </mem>
    <mem type="tenure" free="4748008" total="9109504" percent="52" macro-fragmented="3732887">
      <mem type="soa" free="4657896" total="9019392" percent="51" />
      <mem type="loa" free="90112" total="90112" percent="100" />
    </mem>
    <pending-finalizers system="0" default="0" reference="5" classloader="0" />
    <remembered-set count="727" />
  </mem-info>
</gc-end>
<cycle-end id="1634" type="scavenge" contextid="1628" timestamp="2019-08-09T17:55:18.449" />
  <attribute name="elasticGC enabled" value="1" />
  <attribute name= "numThreadsSpecified" value="16" />
  <attribute name="heapSize specified" value="15663104" />
  <attribute name="Current GC Util" value="67" />
  <attribute name= "Current Time Running" value="124379" />
  <attribute name ="GC Interval" value="1905" />
  <attribute name="Target GC Util Change" value ="80.000000" />
  <attribute name="Current GC Util Change" value="67.000000"/>
  <attribute name="Current Error" value="-93.000000" />
  <attribute name="Output H" value="15869752"/>
  <attribute name="Output I" value="1904"/>
  <attribute name="Output T" value="16"/>
  <attribute name= "Current Time Running" value="124379" />
  <attribute name="GC Util currently" value="67" />
  <attribute name="CPU Util currently" value="29261827235" />
<allocation-satisfied id="1635" threadId="0000000001367F00" bytesRequested="24" />
<af-end id="1636" timestamp="2019-08-09T17:55:18.449" threadId="0000000001368888" success="true" from="nursery"/>
<exclusive-end id="1637" timestamp="2019-08-09T17:55:18.449" durationms="3.942" />

<exclusive-start id="1638" timestamp="2019-08-09T17:55:18.458" intervalms="12.795">
  <response-info timems="0.019" idlems="0.019" threads="0" lastid="0000000001367F00" lastname="main" />
</exclusive-start>
<af-start id="1639" threadId="0000000001368888" totalBytesRequested="40" timestamp="2019-08-09T17:55:18.458" intervalms="12.794" type="nursery" />
<cycle-start id="1640" type="scavenge" contextid="0" timestamp="2019-08-09T17:55:18.458" intervalms="12.795" />
<gc-start id="1641" type="scavenge" contextid="1640" timestamp="2019-08-09T17:55:18.458">
  <mem-info id="1642" free="4748008" total="15794176" percent="30">
    <mem type="nursery" free="0" total="6684672" percent="0">
      <mem type="allocate" free="0" total="4063232" percent="0" />
      <mem type="survivor" free="0" total="2621440" percent="0" />
    </mem>
    <mem type="tenure" free="4748008" total="9109504" percent="52">
      <mem type="soa" free="4657896" total="9019392" percent="51" />
      <mem type="loa" free="90112" total="90112" percent="100" />
    </mem>
    <remembered-set count="728" />
  </mem-info>
</gc-start>
<allocation-stats totalBytes="2688736" >
  <allocated-bytes non-tlh="24" tlh="2688712" />
  <largest-consumer threadName="main" threadId="0000000001367F00" bytes="2688736" />
</allocation-stats>
<gc-op id="1643" type="scavenge" timems="2.512" contextid="1640" timestamp="2019-08-09T17:55:18.461">
  <scavenger-info tenureage="4" tenuremask="fff0" tiltratio="60" />
  <memory-copied type="nursery" objects="21116" bytes="1478896" bytesdiscarded="47440" />
  <references type="soft" candidates="323" cleared="0" enqueued="0" dynamicThreshold="16" maxThreshold="32" />
  <references type="weak" candidates="271" cleared="0" enqueued="0" />
  <references type="phantom" candidates="4" cleared="0" enqueued="0" />
</gc-op>
<heap-resize id="1644" type="expand" space="nursery" amount="655360" count="1" timems="0.016" reason="excessive time being spent scavenging" timestamp="2019-08-09T17:55:18.461" />
<gc-end id="1645" type="scavenge" contextid="1640" durationms="2.898" usertimems="5.738" systemtimems="0.000" timestamp="2019-08-09T17:55:18.461" activeThreads="16">
  <mem-info id="1646" free="8136600" total="16449536" percent="49">
    <mem type="nursery" free="3388592" total="7340032" percent="46">
      <mem type="allocate" free="3388592" total="4915200" percent="68" />
      <mem type="survivor" free="0" total="2424832" percent="0" />
    </mem>
    <mem type="tenure" free="4748008" total="9109504" percent="52" macro-fragmented="4479464">
      <mem type="soa" free="4657896" total="9019392" percent="51" />
      <mem type="loa" free="90112" total="90112" percent="100" />
    </mem>
    <remembered-set count="617" />
  </mem-info>
</gc-end>
<cycle-end id="1647" type="scavenge" contextid="1640" timestamp="2019-08-09T17:55:18.461" />
  <attribute name="elasticGC enabled" value="1" />
  <attribute name= "numThreadsSpecified" value="16" />
  <attribute name="heapSize specified" value="15663104" />
  <attribute name="Current GC Util" value="54" />
  <attribute name= "Current Time Running" value="124392" />
  <attribute name ="GC Interval" value="1937" />
  <attribute name="Target GC Util Change" value ="80.000000" />
  <attribute name="Current GC Util Change" value="54.000000"/>
  <attribute name="Current Error" value="-67.000000" />
  <attribute name="Output H" value="15869784"/>
  <attribute name="Output I" value="1936"/>
  <attribute name="Output T" value="16"/>
  <attribute name= "Current Time Running" value="124392" />
  <attribute name="GC Util currently" value="54" />
  <attribute name="CPU Util currently" value="90024672495" />
<allocation-satisfied id="1648" threadId="0000000001367F00" bytesRequested="40" />
<af-end id="1649" timestamp="2019-08-09T17:55:18.461" threadId="0000000001368888" success="true" from="nursery"/>
<exclusive-end id="1650" timestamp="2019-08-09T17:55:18.461" durationms="3.089" />

<exclusive-start id="1651" timestamp="2019-08-09T17:55:18.476" intervalms="17.759">
  <response-info timems="0.025" idlems="0.025" threads="0" lastid="0000000001367F00" lastname="main" />
</exclusive-start>
<af-start id="1652" threadId="0000000001368888" totalBytesRequested="24" timestamp="2019-08-09T17:55:18.476" intervalms="17.761" type="nursery" />
<cycle-start id="1653" type="scavenge" contextid="0" timestamp="2019-08-09T17:55:18.476" intervalms="17.767" />
<gc-start id="1654" type="scavenge" contextid="1653" timestamp="2019-08-09T17:55:18.476">
  <mem-info id="1655" free="4748008" total="16449536" percent="28">
    <mem type="nursery" free="0" total="7340032" percent="0">
      <mem type="allocate" free="0" total="4915200" percent="0" />
      <mem type="survivor" free="0" total="2424832" percent="0" />
    </mem>
    <mem type="tenure" free="4748008" total="9109504" percent="52">
      <mem type="soa" free="4657896" total="9019392" percent="51" />
      <mem type="loa" free="90112" total="90112" percent="100" />
    </mem>
    <remembered-set count="617" />
  </mem-info>
</gc-start>
<allocation-stats totalBytes="3388328" >
  <allocated-bytes non-tlh="40" tlh="3388288" />
  <largest-consumer threadName="main" threadId="0000000001367F00" bytes="3388328" />
</allocation-stats>
<gc-op id="1656" type="scavenge" timems="3.013" contextid="1653" timestamp="2019-08-09T17:55:18.479">
  <scavenger-info tenureage="2" tenuremask="fffc" tiltratio="66" />
  <memory-copied type="nursery" objects="9242" bytes="342896" bytesdiscarded="21904" />
  <memory-copied type="tenure" objects="16569" bytes="1309008" bytesdiscarded="192" />
</gc-op>
<heap-resize id="1657" type="expand" space="nursery" amount="655360" count="1" timems="0.021" reason="excessive time being spent scavenging" timestamp="2019-08-09T17:55:18.480" />
<gc-end id="1658" type="scavenge" contextid="1653" durationms="3.644" usertimems="6.242" systemtimems="0.000" timestamp="2019-08-09T17:55:18.480" activeThreads="8">
  <mem-info id="1659" free="8747928" total="17104896" percent="51">
    <mem type="nursery" free="5336832" total="7995392" percent="66">
      <mem type="allocate" free="5336832" total="5701632" percent="93" />
      <mem type="survivor" free="0" total="2293760" percent="0" />
    </mem>
    <mem type="tenure" free="3411096" total="9109504" percent="37" macro-fragmented="3110739">
      <mem type="soa" free="3320984" total="9019392" percent="36" />
      <mem type="loa" free="90112" total="90112" percent="100" />
    </mem>
    <remembered-set count="1027" />
  </mem-info>
</gc-end>
<cycle-end id="1660" type="scavenge" contextid="1653" timestamp="2019-08-09T17:55:18.480" />
  <attribute name="elasticGC enabled" value="1" />
  <attribute name= "numThreadsSpecified" value="8" />
  <attribute name="heapSize specified" value="15663104" />
  <attribute name="Current GC Util" value="30" />
  <attribute name= "Current Time Running" value="124409" />
  <attribute name ="GC Interval" value="1993" />
  <attribute name="Target GC Util Change" value ="80.000000" />
  <attribute name="Current GC Util Change" value="30.000000"/>
  <attribute name="Current Error" value="-17.000000" />
  <attribute name="Output H" value="16525200"/>
  <attribute name="Output I" value="1992"/>
  <attribute name="Output T" value="8"/>
  <attribute name= "Current Time Running" value="124409" />
  <attribute name="GC Util currently" value="30" />
  <attribute name="CPU Util currently" value="64667090662" />
<allocation-satisfied id="1661" threadId="0000000001367F00" bytesRequested="24" />
<af-end id="1662" timestamp="2019-08-09T17:55:18.480" threadId="0000000001368888" success="true" from="nursery"/>
<exclusive-end id="1663" timestamp="2019-08-09T17:55:18.480" durationms="3.875" />

<exclusive-start id="1664" timestamp="2019-08-09T17:55:18.712" intervalms="236.392">
  <response-info timems="0.127" idlems="0.127" threads="0" lastid="0000000001367F00" lastname="main" />
</exclusive-start>
<af-start id="1665" threadId="0000000001368888" totalBytesRequested="7288" timestamp="2019-08-09T17:55:18.713" intervalms="236.450" type="nursery" />
<cycle-start id="1666" type="scavenge" contextid="0" timestamp="2019-08-09T17:55:18.713" intervalms="236.445" />
<gc-start id="1667" type="scavenge" contextid="1666" timestamp="2019-08-09T17:55:18.713">
  <mem-info id="1668" free="3317328" total="17104896" percent="19">
    <mem type="nursery" free="0" total="7995392" percent="0">
      <mem type="allocate" free="0" total="5701632" percent="0" />
      <mem type="survivor" free="0" total="2293760" percent="0" />
    </mem>
    <mem type="tenure" free="3317328" total="9109504" percent="36">
      <mem type="soa" free="3227216" total="9019392" percent="35" />
      <mem type="loa" free="90112" total="90112" percent="100" />
    </mem>
    <remembered-set count="2846" />
  </mem-info>
</gc-start>
<allocation-stats totalBytes="5425320" >
  <allocated-bytes non-tlh="93792" tlh="5331528" />
  <largest-consumer threadName="main" threadId="0000000001367F00" bytes="5425320" />
</allocation-stats>
<gc-op id="1669" type="scavenge" timems="2.792" contextid="1666" timestamp="2019-08-09T17:55:18.715">
  <scavenger-info tenureage="6" tenuremask="ffc0" tiltratio="71" />
  <memory-copied type="nursery" objects="17202" bytes="680888" bytesdiscarded="58056" />
  <references type="soft" candidates="38" cleared="0" enqueued="0" dynamicThreshold="16" maxThreshold="32" />
  <references type="weak" candidates="105" cleared="26" enqueued="17" />
</gc-op>
<gc-end id="1670" type="scavenge" contextid="1666" durationms="3.225" usertimems="5.981" systemtimems="0.000" timestamp="2019-08-09T17:55:18.716" activeThreads="16">
  <mem-info id="1671" free="8673152" total="17104896" percent="50">
    <mem type="nursery" free="5355824" total="7995392" percent="66">
      <mem type="allocate" free="5355824" total="6094848" percent="87" />
      <mem type="survivor" free="0" total="1900544" percent="0" />
    </mem>
    <mem type="tenure" free="3317328" total="9109504" percent="36" macro-fragmented="3110739">
      <mem type="soa" free="3227216" total="9019392" percent="35" />
      <mem type="loa" free="90112" total="90112" percent="100" />
    </mem>
    <pending-finalizers system="0" default="0" reference="17" classloader="0" />
    <remembered-set count="2829" />
  </mem-info>
</gc-end>
<cycle-end id="1672" type="scavenge" contextid="1666" timestamp="2019-08-09T17:55:18.716" />
  <attribute name="elasticGC enabled" value="1" />
  <attribute name= "numThreadsSpecified" value="16" />
  <attribute name="heapSize specified" value="15663104" />
  <attribute name="Current GC Util" value="2" />
  <attribute name= "Current Time Running" value="124646" />
  <attribute name ="GC Interval" value="2081" />
  <attribute name="Target GC Util Change" value ="80.000000" />
  <attribute name="Current GC Util Change" value="2.000000"/>
  <attribute name="Current Error" value="61.000000" />
  <attribute name="Output H" value="17180648"/>
  <attribute name="Output I" value="2080"/>
  <attribute name="Output T" value="16"/>
  <attribute name= "Current Time Running" value="124646" />
  <attribute name="GC Util currently" value="2" />
  <attribute name="CPU Util currently" value="4874215635" />
<allocation-satisfied id="1673" threadId="0000000001367F00" bytesRequested="7288" />
<af-end id="1674" timestamp="2019-08-09T17:55:18.716" threadId="0000000001368888" success="true" from="nursery"/>
<exclusive-end id="1675" timestamp="2019-08-09T17:55:18.716" durationms="3.565" />

<exclusive-start id="1676" timestamp="2019-08-09T17:55:18.749" intervalms="36.541">
  <response-info timems="0.021" idlems="0.021" threads="0" lastid="0000000001367F00" lastname="main" />
</exclusive-start>
<af-start id="1677" threadId="0000000001368888" totalBytesRequested="40" timestamp="2019-08-09T17:55:18.749" intervalms="36.492" type="nursery" />
<cycle-start id="1678" type="scavenge" contextid="0" timestamp="2019-08-09T17:55:18.749" intervalms="36.498" />
<gc-start id="1679" type="scavenge" contextid="1678" timestamp="2019-08-09T17:55:18.749">
  <mem-info id="1680" free="3269440" total="17104896" percent="19">
    <mem type="nursery" free="0" total="7995392" percent="0">
      <mem type="allocate" free="0" total="6094848" percent="0" />
      <mem type="survivor" free="0" total="1900544" percent="0" />
    </mem>
    <mem type="tenure" free="3269440" total="9109504" percent="35">
      <mem type="soa" free="3179328" total="9019392" percent="35" />
      <mem type="loa" free="90112" total="90112" percent="100" />
    </mem>
    <remembered-set count="3715" />
  </mem-info>
</gc-start>
<allocation-stats totalBytes="5403112" >
  <allocated-bytes non-tlh="320728" tlh="5082384" />
  <largest-consumer threadName="main" threadId="0000000001367F00" bytes="5399016" />
</allocation-stats>
<gc-op id="1681" type="scavenge" timems="6.059" contextid="1678" timestamp="2019-08-09T17:55:18.755">
  <scavenger-info tenureage="13" tenuremask="6000" tiltratio="76" />
  <memory-copied type="nursery" objects="28577" bytes="1480760" bytesdiscarded="99232" />
  <references type="soft" candidates="57" cleared="0" enqueued="0" dynamicThreshold="16" maxThreshold="32" />
  <references type="weak" candidates="97" cleared="3" enqueued="3" />
  <references type="phantom" candidates="1" cleared="0" enqueued="0" />
</gc-op>
<heap-resize id="1682" type="expand" space="nursery" amount="655360" count="1" timems="0.025" reason="excessive time being spent scavenging" timestamp="2019-08-09T17:55:18.756" />
<gc-end id="1683" type="scavenge" contextid="1678" durationms="6.430" usertimems="12.549" systemtimems="0.000" timestamp="2019-08-09T17:55:18.756" activeThreads="16">
  <mem-info id="1684" free="7456488" total="17760256" percent="41">
    <mem type="nursery" free="4187048" total="8650752" percent="48">
      <mem type="allocate" free="4187048" total="5767168" percent="72" />
      <mem type="survivor" free="0" total="2883584" percent="0" />
    </mem>
    <mem type="tenure" free="3269440" total="9109504" percent="35" macro-fragmented="3110739">
      <mem type="soa" free="3179328" total="9019392" percent="35" />
      <mem type="loa" free="90112" total="90112" percent="100" />
    </mem>
    <pending-finalizers system="0" default="0" reference="3" classloader="0" />
    <remembered-set count="3700" />
  </mem-info>
</gc-end>
<cycle-end id="1685" type="scavenge" contextid="1678" timestamp="2019-08-09T17:55:18.756" />
  <attribute name="elasticGC enabled" value="1" />
  <attribute name= "numThreadsSpecified" value="16" />
  <attribute name="heapSize specified" value="15663104" />
  <attribute name="Current GC Util" value="15" />
  <attribute name= "Current Time Running" value="124682" />
  <attribute name ="GC Interval" value="2089" />
  <attribute name="Target GC Util Change" value ="80.000000" />
  <attribute name="Current GC Util Change" value="15.000000"/>
  <attribute name="Current Error" value="65.000000" />
  <attribute name="Output H" value="17180656"/>
  <attribute name="Output I" value="2088"/>
  <attribute name="Output T" value="16"/>
  <attribute name= "Current Time Running" value="124682" />
  <attribute name="GC Util currently" value="15" />
  <attribute name="CPU Util currently" value="31710963528" />
<allocation-satisfied id="1686" threadId="0000000001367F00" bytesRequested="40" />
<af-end id="1687" timestamp="2019-08-09T17:55:18.756" threadId="0000000001368888" success="true" from="nursery"/>
<exclusive-end id="1688" timestamp="2019-08-09T17:55:18.756" durationms="6.677" />

<exclusive-start id="1689" timestamp="2019-08-09T17:55:18.788" intervalms="39.027">
  <response-info timems="0.031" idlems="0.031" threads="0" lastid="0000000001367F00" lastname="main" />
</exclusive-start>
<af-start id="1690" threadId="0000000001368888" totalBytesRequested="40" timestamp="2019-08-09T17:55:18.788" intervalms="39.017" type="nursery" />
<cycle-start id="1691" type="scavenge" contextid="0" timestamp="2019-08-09T17:55:18.788" intervalms="39.012" />
<gc-start id="1692" type="scavenge" contextid="1691" timestamp="2019-08-09T17:55:18.788">
  <mem-info id="1693" free="3249808" total="17760256" percent="18">
    <mem type="nursery" free="0" total="8650752" percent="0">
      <mem type="allocate" free="0" total="5767168" percent="0" />
      <mem type="survivor" free="0" total="2883584" percent="0" />
    </mem>
    <mem type="tenure" free="3249808" total="9109504" percent="35">
      <mem type="soa" free="3159696" total="9019392" percent="35" />
      <mem type="loa" free="90112" total="90112" percent="100" />
    </mem>
    <remembered-set count="3816" />
  </mem-info>
</gc-start>
<allocation-stats totalBytes="4204720" >
  <allocated-bytes non-tlh="219680" tlh="3985040" />
  <largest-consumer threadName="main" threadId="0000000001367F00" bytes="4204720" />
</allocation-stats>
<gc-op id="1694" type="scavenge" timems="4.780" contextid="1691" timestamp="2019-08-09T17:55:18.793">
  <scavenger-info tenureage="2" tenuremask="601c" tiltratio="66" />
  <memory-copied type="nursery" objects="6321" bytes="553872" bytesdiscarded="188096" />
  <memory-copied type="tenure" objects="17133" bytes="678656" bytesdiscarded="1888" />
  <references type="soft" candidates="51" cleared="0" enqueued="0" dynamicThreshold="16" maxThreshold="32" />
  <references type="weak" candidates="24" cleared="2" enqueued="2" />
  <references type="phantom" candidates="1" cleared="0" enqueued="0" />
</gc-op>
<heap-resize id="1695" type="expand" space="nursery" amount="524288" count="1" timems="0.022" reason="excessive time being spent scavenging" timestamp="2019-08-09T17:55:18.793" />
<gc-end id="1696" type="scavenge" contextid="1691" durationms="5.299" usertimems="14.072" systemtimems="0.000" timestamp="2019-08-09T17:55:18.793" activeThreads="16">
  <mem-info id="1697" free="8230936" total="18284544" percent="45">
    <mem type="nursery" free="5811544" total="9175040" percent="63">
      <mem type="allocate" free="5811544" total="6553600" percent="88" />
      <mem type="survivor" free="0" total="2621440" percent="0" />
    </mem>
    <mem type="tenure" free="2419392" total="9109504" percent="26" macro-fragmented="1800196">
      <mem type="soa" free="2329280" total="9019392" percent="25" />
      <mem type="loa" free="90112" total="90112" percent="100" />
    </mem>
    <pending-finalizers system="0" default="0" reference="2" classloader="0" />
    <remembered-set count="1114" />
  </mem-info>
</gc-end>
<cycle-end id="1698" type="scavenge" contextid="1691" timestamp="2019-08-09T17:55:18.794" />
  <attribute name="elasticGC enabled" value="1" />
  <attribute name= "numThreadsSpecified" value="16" />
  <attribute name="heapSize specified" value="15663104" />
  <attribute name="Current GC Util" value="32" />
  <attribute name= "Current Time Running" value="124721" />
  <attribute name ="GC Interval" value="2145" />
  <attribute name="Target GC Util Change" value ="80.000000" />
  <attribute name="Current GC Util Change" value="32.000000"/>
  <attribute name="Current Error" value="113.000000" />
  <attribute name="Output H" value="17836072"/>
  <attribute name="Output I" value="2144"/>
  <attribute name="Output T" value="16"/>
  <attribute name= "Current Time Running" value="124721" />
  <attribute name="GC Util currently" value="32" />
  <attribute name="CPU Util currently" value="29566241005" />
<allocation-satisfied id="1699" threadId="0000000001367F00" bytesRequested="40" />
<af-end id="1700" timestamp="2019-08-09T17:55:18.794" threadId="0000000001368888" success="true" from="nursery"/>
<exclusive-end id="1701" timestamp="2019-08-09T17:55:18.794" durationms="5.522" />

<exclusive-start id="1702" timestamp="2019-08-09T17:55:18.835" intervalms="47.136">
  <response-info timems="0.019" idlems="0.019" threads="0" lastid="0000000001367F00" lastname="main" />
</exclusive-start>
<af-start id="1703" threadId="0000000001368888" totalBytesRequested="32" timestamp="2019-08-09T17:55:18.835" intervalms="47.140" type="nursery" />
<cycle-start id="1704" type="scavenge" contextid="0" timestamp="2019-08-09T17:55:18.835" intervalms="47.140" />
<gc-start id="1705" type="scavenge" contextid="1704" timestamp="2019-08-09T17:55:18.835">
  <mem-info id="1706" free="2401672" total="18284544" percent="13">
    <mem type="nursery" free="0" total="9175040" percent="0">
      <mem type="allocate" free="0" total="6553600" percent="0" />
      <mem type="survivor" free="0" total="2621440" percent="0" />
    </mem>
    <mem type="tenure" free="2401672" total="9109504" percent="26">
      <mem type="soa" free="2311560" total="9019392" percent="25" />
      <mem type="loa" free="90112" total="90112" percent="100" />
    </mem>
    <remembered-set count="1202" />
  </mem-info>
</gc-start>
<allocation-stats totalBytes="5828136" >
  <allocated-bytes non-tlh="217768" tlh="5610368" />
  <largest-consumer threadName="main" threadId="0000000001367F00" bytes="5824040" />
</allocation-stats>
<gc-op id="1707" type="scavenge" timems="13.013" contextid="1704" timestamp="2019-08-09T17:55:18.848">
  <scavenger-info tenureage="14" tenuremask="4000" tiltratio="71" />
  <memory-copied type="nursery" objects="9415" bytes="750632" bytesdiscarded="112304" />
  <references type="soft" candidates="52" cleared="0" enqueued="0" dynamicThreshold="16" maxThreshold="32" />
  <references type="weak" candidates="40" cleared="0" enqueued="0" />
  <references type="phantom" candidates="1" cleared="0" enqueued="0" />
</gc-op>
<heap-resize id="1708" type="expand" space="nursery" amount="1048576" count="1" timems="0.019" reason="excessive time being spent scavenging" timestamp="2019-08-09T17:55:18.849" />
<gc-end id="1709" type="scavenge" contextid="1704" durationms="13.401" usertimems="21.869" systemtimems="0.000" timestamp="2019-08-09T17:55:18.849" activeThreads="16">
  <mem-info id="1710" free="9337392" total="19333120" percent="48">
    <mem type="nursery" free="6935720" total="10223616" percent="67">
      <mem type="allocate" free="6935720" total="7798784" percent="88" />
      <mem type="survivor" free="0" total="2424832" percent="0" />
    </mem>
    <mem type="tenure" free="2401672" total="9109504" percent="26" macro-fragmented="2160235">
      <mem type="soa" free="2311560" total="9019392" percent="25" />
      <mem type="loa" free="90112" total="90112" percent="100" />
    </mem>
    <remembered-set count="331" />
  </mem-info>
</gc-end>
<cycle-end id="1711" type="scavenge" contextid="1704" timestamp="2019-08-09T17:55:18.849" />
  <attribute name="elasticGC enabled" value="1" />
  <attribute name= "numThreadsSpecified" value="16" />
  <attribute name="heapSize specified" value="15663104" />
  <attribute name="Current GC Util" value="29" />
  <attribute name= "Current Time Running" value="124769" />
  <attribute name ="GC Interval" value="2201" />
  <attribute name="Target GC Util Change" value ="80.000000" />
  <attribute name="Current GC Util Change" value="29.000000"/>
  <attribute name="Current Error" value="164.000000" />
  <attribute name="Output H" value="18360416"/>
  <attribute name="Output I" value="2200"/>
  <attribute name="Output T" value="16"/>
  <attribute name= "Current Time Running" value="124769" />
  <attribute name="GC Util currently" value="29" />
  <attribute name="CPU Util currently" value="24446904028" />
<allocation-satisfied id="1712" threadId="0000000001367F00" bytesRequested="32" />
<af-end id="1713" timestamp="2019-08-09T17:55:18.849" threadId="0000000001368888" success="true" from="nursery"/>
<exclusive-end id="1714" timestamp="2019-08-09T17:55:18.849" durationms="13.840" />

<exclusive-start id="1715" timestamp="2019-08-09T17:55:18.868" intervalms="32.659">
  <response-info timems="0.090" idlems="0.090" threads="0" lastid="0000000001367F00" lastname="main" />
</exclusive-start>
<af-start id="1716" threadId="0000000001368888" totalBytesRequested="32" timestamp="2019-08-09T17:55:18.868" intervalms="32.665" type="nursery" />
<cycle-start id="1717" type="scavenge" contextid="0" timestamp="2019-08-09T17:55:18.868" intervalms="32.664" />
<gc-start id="1718" type="scavenge" contextid="1717" timestamp="2019-08-09T17:55:18.868">
  <mem-info id="1719" free="2401672" total="19333120" percent="12">
    <mem type="nursery" free="0" total="10223616" percent="0">
      <mem type="allocate" free="0" total="7798784" percent="0" />
      <mem type="survivor" free="0" total="2424832" percent="0" />
    </mem>
    <mem type="tenure" free="2401672" total="9109504" percent="26">
      <mem type="soa" free="2311560" total="9019392" percent="25" />
      <mem type="loa" free="90112" total="90112" percent="100" />
    </mem>
    <remembered-set count="331" />
  </mem-info>
</gc-start>
<allocation-stats totalBytes="6935088" >
  <allocated-bytes non-tlh="32" tlh="6935056" />
  <largest-consumer threadName="main" threadId="0000000001367F00" bytes="6935088" />
</allocation-stats>
<gc-op id="1720" type="scavenge" timems="4.699" contextid="1717" timestamp="2019-08-09T17:55:18.873">
  <scavenger-info tenureage="14" tenuremask="4000" tiltratio="76" />
  <memory-copied type="nursery" objects="14663" bytes="947296" bytesdiscarded="127632" />
  <references type="soft" candidates="52" cleared="0" enqueued="0" dynamicThreshold="16" maxThreshold="32" />
  <references type="weak" candidates="40" cleared="0" enqueued="0" />
  <references type="phantom" candidates="1" cleared="0" enqueued="0" />
</gc-op>
<heap-resize id="1721" type="expand" space="nursery" amount="1048576" count="1" timems="0.027" reason="excessive time being spent scavenging" timestamp="2019-08-09T17:55:18.873" />
<gc-end id="1722" type="scavenge" contextid="1717" durationms="5.303" usertimems="8.932" systemtimems="0.000" timestamp="2019-08-09T17:55:18.873" activeThreads="16">
  <mem-info id="1723" free="10305056" total="20381696" percent="50">
    <mem type="nursery" free="7903384" total="11272192" percent="70">
      <mem type="allocate" free="7903384" total="8978432" percent="88" />
      <mem type="survivor" free="0" total="2293760" percent="0" />
    </mem>
    <mem type="tenure" free="2401672" total="9109504" percent="26" macro-fragmented="2160235">
      <mem type="soa" free="2311560" total="9019392" percent="25" />
      <mem type="loa" free="90112" total="90112" percent="100" />
    </mem>
    <remembered-set count="222" />
  </mem-info>
</gc-end>
<cycle-end id="1724" type="scavenge" contextid="1717" timestamp="2019-08-09T17:55:18.873" />
  <attribute name="elasticGC enabled" value="1" />
  <attribute name= "numThreadsSpecified" value="16" />
  <attribute name="heapSize specified" value="15663104" />
  <attribute name="Current GC Util" value="59" />
  <attribute name= "Current Time Running" value="124801" />
  <attribute name ="GC Interval" value="2225" />
  <attribute name="Target GC Util Change" value ="80.000000" />
  <attribute name="Current GC Util Change" value="59.000000"/>
  <attribute name="Current Error" value="185.000000" />
  <attribute name="Output H" value="19409016"/>
  <attribute name="Output I" value="2224"/>
  <attribute name="Output T" value="16"/>
  <attribute name= "Current Time Running" value="124801" />
  <attribute name="GC Util currently" value="59" />
  <attribute name="CPU Util currently" value="35274469783" />
<allocation-satisfied id="1725" threadId="0000000001367F00" bytesRequested="32" />
<af-end id="1726" timestamp="2019-08-09T17:55:18.873" threadId="0000000001368888" success="true" from="nursery"/>
<exclusive-end id="1727" timestamp="2019-08-09T17:55:18.873" durationms="5.596" />

<exclusive-start id="1728" timestamp="2019-08-09T17:55:18.916" intervalms="47.681">
  <response-info timems="0.022" idlems="0.022" threads="0" lastid="0000000001367F00" lastname="main" />
</exclusive-start>
<af-start id="1729" threadId="0000000001368888" totalBytesRequested="104" timestamp="2019-08-09T17:55:18.916" intervalms="47.687" type="nursery" />
<cycle-start id="1730" type="scavenge" contextid="0" timestamp="2019-08-09T17:55:18.916" intervalms="47.694" />
<gc-start id="1731" type="scavenge" contextid="1730" timestamp="2019-08-09T17:55:18.916">
  <mem-info id="1732" free="2401504" total="20381696" percent="11">
    <mem type="nursery" free="0" total="11272192" percent="0">
      <mem type="allocate" free="0" total="8978432" percent="0" />
      <mem type="survivor" free="0" total="2293760" percent="0" />
    </mem>
    <mem type="tenure" free="2401504" total="9109504" percent="26">
      <mem type="soa" free="2311392" total="9019392" percent="25" />
      <mem type="loa" free="90112" total="90112" percent="100" />
    </mem>
    <remembered-set count="224" />
  </mem-info>
</gc-start>
<allocation-stats totalBytes="7902480" >
  <allocated-bytes non-tlh="200" tlh="7902280" />
  <largest-consumer threadName="main" threadId="0000000001367F00" bytes="7902480" />
</allocation-stats>
<gc-op id="1733" type="scavenge" timems="6.948" contextid="1730" timestamp="2019-08-09T17:55:18.923">
  <scavenger-info tenureage="4" tenuremask="4010" tiltratio="79" />
  <memory-copied type="nursery" objects="17981" bytes="800688" bytesdiscarded="47408" />
  <memory-copied type="tenure" objects="1587" bytes="58936" bytesdiscarded="16" />
  <references type="soft" candidates="33" cleared="0" enqueued="0" dynamicThreshold="16" maxThreshold="32" />
  <references type="weak" candidates="24" cleared="0" enqueued="0" />
</gc-op>
<heap-resize id="1734" type="expand" space="nursery" amount="786432" count="1" timems="0.022" reason="excessive time being spent scavenging" timestamp="2019-08-09T17:55:18.923" />
<gc-end id="1735" type="scavenge" contextid="1730" durationms="7.518" usertimems="8.511" systemtimems="0.000" timestamp="2019-08-09T17:55:18.923" activeThreads="16">
  <mem-info id="1736" free="11614408" total="21168128" percent="54">
    <mem type="nursery" free="9244392" total="12058624" percent="76">
      <mem type="allocate" free="9244392" total="10092544" percent="91" />
      <mem type="survivor" free="0" total="1966080" percent="0" />
    </mem>
    <mem type="tenure" free="2370016" total="9109504" percent="26" macro-fragmented="2160235">
      <mem type="soa" free="2279904" total="9019392" percent="25" />
      <mem type="loa" free="90112" total="90112" percent="100" />
    </mem>
    <remembered-set count="122" />
  </mem-info>
</gc-end>
<cycle-end id="1737" type="scavenge" contextid="1730" timestamp="2019-08-09T17:55:18.923" />
  <attribute name="elasticGC enabled" value="1" />
  <attribute name= "numThreadsSpecified" value="16" />
  <attribute name="heapSize specified" value="15663104" />
  <attribute name="Current GC Util" value="17" />
  <attribute name= "Current Time Running" value="124849" />
  <attribute name ="GC Interval" value="2297" />
  <attribute name="Target GC Util Change" value ="80.000000" />
  <attribute name="Current GC Util Change" value="17.000000"/>
  <attribute name="Current Error" value="248.000000" />
  <attribute name="Output H" value="20457664"/>
  <attribute name="Output I" value="2296"/>
  <attribute name="Output T" value="16"/>
  <attribute name= "Current Time Running" value="124849" />
  <attribute name="GC Util currently" value="17" />
  <attribute name="CPU Util currently" value="24167803606" />
<allocation-satisfied id="1738" threadId="0000000001367F00" bytesRequested="104" />
<af-end id="1739" timestamp="2019-08-09T17:55:18.923" threadId="0000000001368888" success="true" from="nursery"/>
<exclusive-end id="1740" timestamp="2019-08-09T17:55:18.923" durationms="7.749" />

<exclusive-start id="1741" timestamp="2019-08-09T17:55:18.988" intervalms="72.134">
  <response-info timems="0.049" idlems="0.049" threads="0" lastid="0000000001367F00" lastname="main" />
</exclusive-start>
<af-start id="1742" threadId="0000000001368888" totalBytesRequested="48" timestamp="2019-08-09T17:55:18.988" intervalms="72.196" type="nursery" />
<cycle-start id="1743" type="scavenge" contextid="0" timestamp="2019-08-09T17:55:18.988" intervalms="72.193" />
<gc-start id="1744" type="scavenge" contextid="1743" timestamp="2019-08-09T17:55:18.988">
  <mem-info id="1745" free="2353128" total="21168128" percent="11">
    <mem type="nursery" free="0" total="12058624" percent="0">
      <mem type="allocate" free="0" total="10092544" percent="0" />
      <mem type="survivor" free="0" total="1966080" percent="0" />
    </mem>
    <mem type="tenure" free="2353128" total="9109504" percent="25">
      <mem type="soa" free="2263016" total="9019392" percent="25" />
      <mem type="loa" free="90112" total="90112" percent="100" />
    </mem>
    <remembered-set count="411" />
  </mem-info>
</gc-start>
<allocation-stats totalBytes="9259984" >
  <allocated-bytes non-tlh="482552" tlh="8777432" />
  <largest-consumer threadName="main" threadId="0000000001367F00" bytes="9259984" />
</allocation-stats>
<gc-op id="1746" type="scavenge" timems="3.550" contextid="1743" timestamp="2019-08-09T17:55:18.991">
  <scavenger-info tenureage="14" tenuremask="4000" tiltratio="83" />
  <memory-copied type="nursery" objects="12159" bytes="897752" bytesdiscarded="171424" />
  <references type="soft" candidates="44" cleared="0" enqueued="0" dynamicThreshold="16" maxThreshold="32" />
  <references type="weak" candidates="231" cleared="0" enqueued="0" />
  <references type="phantom" candidates="1" cleared="0" enqueued="0" />
</gc-op>
<gc-end id="1747" type="scavenge" contextid="1743" durationms="3.965" usertimems="8.583" systemtimems="0.000" timestamp="2019-08-09T17:55:18.992" activeThreads="16">
  <mem-info id="1748" free="11638448" total="21168128" percent="54">
    <mem type="nursery" free="9285320" total="12058624" percent="77">
      <mem type="allocate" free="9285320" total="10354688" percent="89" />
      <mem type="survivor" free="0" total="1703936" percent="0" />
    </mem>
    <mem type="tenure" free="2353128" total="9109504" percent="25" macro-fragmented="2160235">
      <mem type="soa" free="2263016" total="9019392" percent="25" />
      <mem type="loa" free="90112" total="90112" percent="100" />
    </mem>
    <remembered-set count="407" />
  </mem-info>
</gc-end>
<cycle-end id="1749" type="scavenge" contextid="1743" timestamp="2019-08-09T17:55:18.992" />
  <attribute name="elasticGC enabled" value="1" />
  <attribute name= "numThreadsSpecified" value="16" />
  <attribute name="heapSize specified" value="15663104" />
  <attribute name="Current GC Util" value="11" />
  <attribute name= "Current Time Running" value="124921" />
  <attribute name ="GC Interval" value="2377" />
  <attribute name="Target GC Util Change" value ="80.000000" />
  <attribute name="Current GC Util Change" value="11.000000"/>
  <attribute name="Current Error" value="317.000000" />
  <attribute name="Output H" value="21244176"/>
  <attribute name="Output I" value="2376"/>
  <attribute name="Output T" value="16"/>
  <attribute name= "Current Time Running" value="124921" />
  <attribute name="GC Util currently" value="11" />
  <attribute name="CPU Util currently" value="15975454144" />
<allocation-satisfied id="1750" threadId="0000000001367F00" bytesRequested="48" />
<af-end id="1751" timestamp="2019-08-09T17:55:18.992" threadId="0000000001368888" success="true" from="nursery"/>
<exclusive-end id="1752" timestamp="2019-08-09T17:55:18.992" durationms="4.288" />

<exclusive-start id="1753" timestamp="2019-08-09T17:55:19.017" intervalms="29.188">
  <response-info timems="0.113" idlems="0.113" threads="0" lastid="0000000001367F00" lastname="main" />
</exclusive-start>
<af-start id="1754" threadId="0000000001368888" totalBytesRequested="32" timestamp="2019-08-09T17:55:19.017" intervalms="29.121" type="nursery" />
<cycle-start id="1755" type="scavenge" contextid="0" timestamp="2019-08-09T17:55:19.017" intervalms="29.127" />
<gc-start id="1756" type="scavenge" contextid="1755" timestamp="2019-08-09T17:55:19.017">
  <mem-info id="1757" free="2353128" total="21168128" percent="11">
    <mem type="nursery" free="0" total="12058624" percent="0">
      <mem type="allocate" free="0" total="10354688" percent="0" />
      <mem type="survivor" free="0" total="1703936" percent="0" />
    </mem>
    <mem type="tenure" free="2353128" total="9109504" percent="25">
      <mem type="soa" free="2263016" total="9019392" percent="25" />
      <mem type="loa" free="90112" total="90112" percent="100" />
    </mem>
    <remembered-set count="407" />
  </mem-info>
</gc-start>
<allocation-stats totalBytes="9284448" >
  <allocated-bytes non-tlh="48" tlh="9284400" />
  <largest-consumer threadName="main" threadId="0000000001367F00" bytes="9284448" />
</allocation-stats>
<gc-op id="1758" type="scavenge" timems="6.889" contextid="1755" timestamp="2019-08-09T17:55:19.024">
  <scavenger-info tenureage="14" tenuremask="4000" tiltratio="85" />
  <memory-copied type="nursery" objects="25898" bytes="1397840" bytesdiscarded="118864" />
  <references type="soft" candidates="44" cleared="0" enqueued="0" dynamicThreshold="16" maxThreshold="32" />
  <references type="weak" candidates="231" cleared="0" enqueued="0" />
  <references type="phantom" candidates="1" cleared="0" enqueued="0" />
</gc-op>
<heap-resize id="1759" type="expand" space="nursery" amount="1310720" count="1" timems="0.021" reason="excessive time being spent scavenging" timestamp="2019-08-09T17:55:19.024" />
<gc-end id="1760" type="scavenge" contextid="1755" durationms="7.258" usertimems="16.691" systemtimems="0.000" timestamp="2019-08-09T17:55:19.024" activeThreads="16">
  <mem-info id="1761" free="11780776" total="22478848" percent="52">
    <mem type="nursery" free="9427648" total="13369344" percent="70">
      <mem type="allocate" free="9427648" total="10944512" percent="86" />
      <mem type="survivor" free="0" total="2424832" percent="0" />
    </mem>
    <mem type="tenure" free="2353128" total="9109504" percent="25" macro-fragmented="1800196">
      <mem type="soa" free="2263016" total="9019392" percent="25" />
      <mem type="loa" free="90112" total="90112" percent="100" />
    </mem>
    <remembered-set count="405" />
  </mem-info>
</gc-end>
<cycle-end id="1762" type="scavenge" contextid="1755" timestamp="2019-08-09T17:55:19.024" />
  <attribute name="elasticGC enabled" value="1" />
  <attribute name= "numThreadsSpecified" value="16" />
  <attribute name="heapSize specified" value="15663104" />
  <attribute name="Current GC Util" value="29" />
  <attribute name= "Current Time Running" value="124950" />
  <attribute name ="GC Interval" value="2073" />
  <attribute name="Target GC Util Change" value ="80.000000" />
  <attribute name="Current GC Util Change" value="29.000000"/>
  <attribute name="Current Error" value="51.000000" />
  <attribute name="Output H" value="21243872"/>
  <attribute name="Output I" value="2072"/>
  <attribute name="Output T" value="16"/>
  <attribute name= "Current Time Running" value="124950" />
  <attribute name="GC Util currently" value="29" />
  <attribute name="CPU Util currently" value="39572869952" />
<allocation-satisfied id="1763" threadId="0000000001367F00" bytesRequested="32" />
<af-end id="1764" timestamp="2019-08-09T17:55:19.024" threadId="0000000001368888" success="true" from="nursery"/>
<exclusive-end id="1765" timestamp="2019-08-09T17:55:19.024" durationms="7.477" />

<exclusive-start id="1766" timestamp="2019-08-09T17:55:19.099" intervalms="81.662">
  <response-info timems="0.042" idlems="0.042" threads="0" lastid="0000000001367F00" lastname="main" />
</exclusive-start>
<af-start id="1767" threadId="0000000001368888" totalBytesRequested="2056" timestamp="2019-08-09T17:55:19.099" intervalms="81.656" type="nursery" />
<cycle-start id="1768" type="scavenge" contextid="0" timestamp="2019-08-09T17:55:19.099" intervalms="81.645" />
<gc-start id="1769" type="scavenge" contextid="1768" timestamp="2019-08-09T17:55:19.099">
  <mem-info id="1770" free="2328624" total="22478848" percent="10">
    <mem type="nursery" free="0" total="13369344" percent="0">
      <mem type="allocate" free="0" total="10944512" percent="0" />
      <mem type="survivor" free="0" total="2424832" percent="0" />
    </mem>
    <mem type="tenure" free="2328624" total="9109504" percent="25">
      <mem type="soa" free="2238512" total="9019392" percent="24" />
      <mem type="loa" free="90112" total="90112" percent="100" />
    </mem>
    <remembered-set count="725" />
  </mem-info>
</gc-start>
<allocation-stats totalBytes="9448896" >
  <allocated-bytes non-tlh="24536" tlh="9424360" />
  <largest-consumer threadName="main" threadId="0000000001367F00" bytes="9448896" />
</allocation-stats>
<gc-op id="1771" type="scavenge" timems="2.995" contextid="1768" timestamp="2019-08-09T17:55:19.102">
  <scavenger-info tenureage="2" tenuremask="4004" tiltratio="81" />
  <memory-copied type="nursery" objects="2532" bytes="124336" bytesdiscarded="76752" />
  <memory-copied type="tenure" objects="1111" bytes="37072" bytesdiscarded="744" />
  <references type="soft" candidates="57" cleared="0" enqueued="0" dynamicThreshold="16" maxThreshold="32" />
  <references type="weak" candidates="242" cleared="2" enqueued="2" />
  <references type="phantom" candidates="1" cleared="0" enqueued="0" />
</gc-op>
<gc-end id="1772" type="scavenge" contextid="1768" durationms="3.503" usertimems="7.243" systemtimems="0.000" timestamp="2019-08-09T17:55:19.102" activeThreads="16">
  <mem-info id="1773" free="13319712" total="22478848" percent="59">
    <mem type="nursery" free="11070960" total="13369344" percent="82">
      <mem type="allocate" free="11070960" total="11272192" percent="98" />
      <mem type="survivor" free="0" total="2097152" percent="0" />
    </mem>
    <mem type="tenure" free="2248752" total="9109504" percent="24" macro-fragmented="0">
      <mem type="soa" free="2158640" total="9019392" percent="23" />
      <mem type="loa" free="90112" total="90112" percent="100" />
    </mem>
    <pending-finalizers system="0" default="0" reference="2" classloader="0" />
    <remembered-set count="461" />
  </mem-info>
</gc-end>
<cycle-end id="1774" type="scavenge" contextid="1768" timestamp="2019-08-09T17:55:19.102" />
  <attribute name="elasticGC enabled" value="1" />
  <attribute name= "numThreadsSpecified" value="16" />
  <attribute name="heapSize specified" value="15663104" />
  <attribute name="Current GC Util" value="20" />
  <attribute name= "Current Time Running" value="125032" />
  <attribute name ="GC Interval" value="2137" />
  <attribute name="Target GC Util Change" value ="80.000000" />
  <attribute name="Current GC Util Change" value="20.000000"/>
  <attribute name="Current Error" value="111.000000" />
  <attribute name="Output H" value="22554656"/>
  <attribute name="Output I" value="2136"/>
  <attribute name="Output T" value="16"/>
  <attribute name= "Current Time Running" value="125032" />
  <attribute name="GC Util currently" value="20" />
  <attribute name="CPU Util currently" value="14124037324" />
<allocation-satisfied id="1775" threadId="0000000001367F00" bytesRequested="2056" />
<af-end id="1776" timestamp="2019-08-09T17:55:19.102" threadId="0000000001368888" success="true" from="nursery"/>
<exclusive-end id="1777" timestamp="2019-08-09T17:55:19.102" durationms="3.720" />

<exclusive-start id="1778" timestamp="2019-08-09T17:55:19.209" intervalms="110.618">
  <response-info timems="0.057" idlems="0.057" threads="0" lastid="0000000001367F00" lastname="main" />
</exclusive-start>
<af-start id="1779" threadId="0000000001368888" totalBytesRequested="32" timestamp="2019-08-09T17:55:19.209" intervalms="110.623" type="nursery" />
<cycle-start id="1780" type="scavenge" contextid="0" timestamp="2019-08-09T17:55:19.209" intervalms="110.631" />
<gc-start id="1781" type="scavenge" contextid="1780" timestamp="2019-08-09T17:55:19.209">
  <mem-info id="1782" free="2235200" total="22478848" percent="9">
    <mem type="nursery" free="0" total="13369344" percent="0">
      <mem type="allocate" free="0" total="11272192" percent="0" />
      <mem type="survivor" free="0" total="2097152" percent="0" />
    </mem>
    <mem type="tenure" free="2235200" total="9109504" percent="24">
      <mem type="soa" free="2145088" total="9019392" percent="23" />
      <mem type="loa" free="90112" total="90112" percent="100" />
    </mem>
    <remembered-set count="659" />
  </mem-info>
</gc-start>
<allocation-stats totalBytes="11082464" >
  <allocated-bytes non-tlh="681176" tlh="10401288" />
  <largest-consumer threadName="main" threadId="0000000001367F00" bytes="11078368" />
</allocation-stats>
<gc-op id="1783" type="scavenge" timems="3.276" contextid="1780" timestamp="2019-08-09T17:55:19.213">
  <scavenger-info tenureage="7" tenuremask="4080" tiltratio="84" />
  <memory-copied type="nursery" objects="11849" bytes="811920" bytesdiscarded="134784" />
  <memory-copied type="tenure" objects="529" bytes="19664" bytesdiscarded="0" />
  <finalization candidates="1" enqueued="1" />
  <references type="soft" candidates="27" cleared="0" enqueued="0" dynamicThreshold="16" maxThreshold="32" />
  <references type="weak" candidates="465" cleared="13" enqueued="13" />
  <references type="phantom" candidates="1" cleared="0" enqueued="0" />
</gc-op>
<gc-end id="1784" type="scavenge" contextid="1780" durationms="3.758" usertimems="7.672" systemtimems="0.000" timestamp="2019-08-09T17:55:19.213" activeThreads="16">
  <mem-info id="1785" free="12569016" total="22478848" percent="55">
    <mem type="nursery" free="10390776" total="13369344" percent="77">
      <mem type="allocate" free="10390776" total="11337728" percent="91" />
      <mem type="survivor" free="0" total="2031616" percent="0" />
    </mem>
    <mem type="tenure" free="2178240" total="9109504" percent="23" macro-fragmented="1800196">
      <mem type="soa" free="2088128" total="9019392" percent="23" />
      <mem type="loa" free="90112" total="90112" percent="100" />
    </mem>
    <pending-finalizers system="0" default="1" reference="13" classloader="0" />
    <remembered-set count="652" />
  </mem-info>
</gc-end>
<cycle-end id="1786" type="scavenge" contextid="1780" timestamp="2019-08-09T17:55:19.213" />
  <attribute name="elasticGC enabled" value="1" />
  <attribute name= "numThreadsSpecified" value="16" />
  <attribute name="heapSize specified" value="15663104" />
  <attribute name="Current GC Util" value="6" />
  <attribute name= "Current Time Running" value="125142" />
  <attribute name ="GC Interval" value="2225" />
  <attribute name="Target GC Util Change" value ="80.000000" />
  <attribute name="Current GC Util Change" value="6.000000"/>
  <attribute name="Current Error" value="185.000000" />
  <attribute name="Output H" value="22554744"/>
  <attribute name="Output I" value="2224"/>
  <attribute name="Output T" value="16"/>
  <attribute name= "Current Time Running" value="125142" />
  <attribute name="GC Util currently" value="6" />
  <attribute name="CPU Util currently" value="10417965669" />
<allocation-satisfied id="1787" threadId="0000000001367F00" bytesRequested="32" />
<af-end id="1788" timestamp="2019-08-09T17:55:19.213" threadId="0000000001368888" success="true" from="nursery"/>
<exclusive-end id="1789" timestamp="2019-08-09T17:55:19.213" durationms="4.035" />

<exclusive-start id="1790" timestamp="2019-08-09T17:55:19.291" intervalms="82.039">
  <response-info timems="0.054" idlems="0.054" threads="0" lastid="0000000001367F00" lastname="main" />
</exclusive-start>
<af-start id="1791" threadId="0000000001368888" totalBytesRequested="48" timestamp="2019-08-09T17:55:19.291" intervalms="82.053" type="nursery" />
<cycle-start id="1792" type="scavenge" contextid="0" timestamp="2019-08-09T17:55:19.291" intervalms="82.057" />
<gc-start id="1793" type="scavenge" contextid="1792" timestamp="2019-08-09T17:55:19.291">
  <mem-info id="1794" free="2161336" total="22478848" percent="9">
    <mem type="nursery" free="0" total="13369344" percent="0">
      <mem type="allocate" free="0" total="11337728" percent="0" />
      <mem type="survivor" free="0" total="2031616" percent="0" />
    </mem>
    <mem type="tenure" free="2161336" total="9109504" percent="23">
      <mem type="soa" free="2071224" total="9019392" percent="22" />
      <mem type="loa" free="90112" total="90112" percent="100" />
    </mem>
    <remembered-set count="796" />
  </mem-info>
</gc-start>
<allocation-stats totalBytes="10405744" >
  <allocated-bytes non-tlh="813584" tlh="9592160" />
  <largest-consumer threadName="main" threadId="0000000001367F00" bytes="10397432" />
</allocation-stats>
<gc-op id="1795" type="scavenge" timems="6.090" contextid="1792" timestamp="2019-08-09T17:55:19.298">
  <scavenger-info tenureage="14" tenuremask="4000" tiltratio="84" />
  <memory-copied type="nursery" objects="10825" bytes="1175712" bytesdiscarded="272648" />
  <references type="soft" candidates="52" cleared="0" enqueued="0" dynamicThreshold="16" maxThreshold="32" />
  <references type="weak" candidates="461" cleared="2" enqueued="2" />
  <references type="phantom" candidates="2" cleared="0" enqueued="0" />
</gc-op>
<gc-end id="1796" type="scavenge" contextid="1792" durationms="6.703" usertimems="11.160" systemtimems="0.000" timestamp="2019-08-09T17:55:19.298" activeThreads="16">
  <mem-info id="1797" free="12181464" total="22478848" percent="54">
    <mem type="nursery" free="10020128" total="13369344" percent="74">
      <mem type="allocate" free="10020128" total="11468800" percent="87" />
      <mem type="survivor" free="0" total="1900544" percent="0" />
    </mem>
    <mem type="tenure" free="2161336" total="9109504" percent="23" macro-fragmented="0">
      <mem type="soa" free="2071224" total="9019392" percent="22" />
      <mem type="loa" free="90112" total="90112" percent="100" />
    </mem>
    <pending-finalizers system="0" default="0" reference="2" classloader="0" />
    <remembered-set count="493" />
  </mem-info>
</gc-end>
<cycle-end id="1798" type="scavenge" contextid="1792" timestamp="2019-08-09T17:55:19.298" />
  <attribute name="elasticGC enabled" value="1" />
  <attribute name= "numThreadsSpecified" value="16" />
  <attribute name="heapSize specified" value="15663104" />
  <attribute name="Current GC Util" value="9" />
  <attribute name= "Current Time Running" value="125225" />
  <attribute name ="GC Interval" value="2305" />
  <attribute name="Target GC Util Change" value ="80.000000" />
  <attribute name="Current GC Util Change" value="9.000000"/>
  <attribute name="Current Error" value="256.000000" />
  <attribute name="Output H" value="22554824"/>
  <attribute name="Output I" value="2304"/>
  <attribute name="Output T" value="16"/>
  <attribute name= "Current Time Running" value="125225" />
  <attribute name="GC Util currently" value="9" />
  <attribute name="CPU Util currently" value="14040805099" />
<allocation-satisfied id="1799" threadId="0000000001367F00" bytesRequested="48" />
<af-end id="1800" timestamp="2019-08-09T17:55:19.298" threadId="0000000001368888" success="true" from="nursery"/>
<exclusive-end id="1801" timestamp="2019-08-09T17:55:19.298" durationms="7.143" />

<exclusive-start id="1802" timestamp="2019-08-09T17:55:19.335" intervalms="43.733">
  <response-info timems="0.066" idlems="0.066" threads="0" lastid="0000000001367F00" lastname="main" />
</exclusive-start>
<af-start id="1803" threadId="0000000001368888" totalBytesRequested="16" timestamp="2019-08-09T17:55:19.335" intervalms="43.738" type="nursery" />
<cycle-start id="1804" type="scavenge" contextid="0" timestamp="2019-08-09T17:55:19.335" intervalms="43.734" />
<gc-start id="1805" type="scavenge" contextid="1804" timestamp="2019-08-09T17:55:19.335">
  <mem-info id="1806" free="2161280" total="22478848" percent="9">
    <mem type="nursery" free="0" total="13369344" percent="0">
      <mem type="allocate" free="0" total="11468800" percent="0" />
      <mem type="survivor" free="0" total="1900544" percent="0" />
    </mem>
    <mem type="tenure" free="2161280" total="9109504" percent="23">
      <mem type="soa" free="2071168" total="9019392" percent="22" />
      <mem type="loa" free="90112" total="90112" percent="100" />
    </mem>
    <remembered-set count="494" />
  </mem-info>
</gc-start>
<allocation-stats totalBytes="10018936" >
  <allocated-bytes non-tlh="104" tlh="10018832" />
  <largest-consumer threadName="main" threadId="0000000001367F00" bytes="10018936" />
</allocation-stats>
<gc-op id="1807" type="scavenge" timems="3.023" contextid="1804" timestamp="2019-08-09T17:55:19.338">
  <scavenger-info tenureage="14" tenuremask="4000" tiltratio="85" />
  <memory-copied type="nursery" objects="26564" bytes="1520488" bytesdiscarded="134392" />
  <references type="soft" candidates="52" cleared="0" enqueued="0" dynamicThreshold="16" maxThreshold="32" />
  <references type="weak" candidates="459" cleared="0" enqueued="0" />
  <references type="phantom" candidates="1" cleared="0" enqueued="0" />
</gc-op>
<heap-resize id="1808" type="expand" space="nursery" amount="655360" count="1" timems="0.021" reason="excessive time being spent scavenging" timestamp="2019-08-09T17:55:19.338" />
<gc-end id="1809" type="scavenge" contextid="1804" durationms="3.498" usertimems="12.572" systemtimems="0.000" timestamp="2019-08-09T17:55:19.339" activeThreads="16">
  <mem-info id="1810" free="12171536" total="23134208" percent="52">
    <mem type="nursery" free="10010256" total="14024704" percent="71">
      <mem type="allocate" free="10010256" total="11665408" percent="85" />
      <mem type="survivor" free="0" total="2359296" percent="0" />
    </mem>
    <mem type="tenure" free="2161280" total="9109504" percent="23" macro-fragmented="0">
      <mem type="soa" free="2071168" total="9019392" percent="22" />
      <mem type="loa" free="90112" total="90112" percent="100" />
    </mem>
    <remembered-set count="333" />
  </mem-info>
</gc-end>
<cycle-end id="1811" type="scavenge" contextid="1804" timestamp="2019-08-09T17:55:19.339" />
  <attribute name="elasticGC enabled" value="1" />
  <attribute name= "numThreadsSpecified" value="16" />
  <attribute name="heapSize specified" value="15663104" />
  <attribute name="Current GC Util" value="24" />
  <attribute name= "Current Time Running" value="125268" />
  <attribute name ="GC Interval" value="2369" />
  <attribute name="Target GC Util Change" value ="80.000000" />
  <attribute name="Current GC Util Change" value="24.000000"/>
  <attribute name="Current Error" value="312.000000" />
  <attribute name="Output H" value="22554888"/>
  <attribute name="Output I" value="2368"/>
  <attribute name="Output T" value="16"/>
  <attribute name= "Current Time Running" value="125268" />
  <attribute name="GC Util currently" value="24" />
  <attribute name="CPU Util currently" value="26419334924" />
<allocation-satisfied id="1812" threadId="0000000001367F00" bytesRequested="16" />
<af-end id="1813" timestamp="2019-08-09T17:55:19.339" threadId="0000000001368888" success="true" from="nursery"/>
<exclusive-end id="1814" timestamp="2019-08-09T17:55:19.339" durationms="3.755" />

<exclusive-start id="1815" timestamp="2019-08-09T17:55:19.408" intervalms="72.818">
  <response-info timems="0.055" idlems="0.055" threads="0" lastid="0000000001367F00" lastname="main" />
</exclusive-start>
<af-start id="1816" threadId="0000000001368888" totalBytesRequested="48" timestamp="2019-08-09T17:55:19.408" intervalms="72.877" type="nursery" />
<cycle-start id="1817" type="scavenge" contextid="0" timestamp="2019-08-09T17:55:19.408" intervalms="72.878" />
<gc-start id="1818" type="scavenge" contextid="1817" timestamp="2019-08-09T17:55:19.408">
  <mem-info id="1819" free="2109096" total="23134208" percent="9">
    <mem type="nursery" free="0" total="14024704" percent="0">
      <mem type="allocate" free="0" total="11665408" percent="0" />
      <mem type="survivor" free="0" total="2359296" percent="0" />
    </mem>
    <mem type="tenure" free="2109096" total="9109504" percent="23">
      <mem type="soa" free="2018984" total="9019392" percent="22" />
      <mem type="loa" free="90112" total="90112" percent="100" />
    </mem>
    <remembered-set count="825" />
  </mem-info>
</gc-start>
<allocation-stats totalBytes="10060776" >
  <allocated-bytes non-tlh="452216" tlh="9608560" />
  <largest-consumer threadName="main" threadId="0000000001367F00" bytes="10060776" />
</allocation-stats>
<gc-op id="1820" type="scavenge" timems="4.508" contextid="1817" timestamp="2019-08-09T17:55:19.413">
  <scavenger-info tenureage="14" tenuremask="4000" tiltratio="83" />
  <memory-copied type="nursery" objects="9973" bytes="648576" bytesdiscarded="80680" />
  <references type="soft" candidates="143" cleared="0" enqueued="0" dynamicThreshold="16" maxThreshold="32" />
  <references type="weak" candidates="663" cleared="9" enqueued="9" />
  <references type="phantom" candidates="1" cleared="0" enqueued="0" />
</gc-op>
<gc-end id="1821" type="scavenge" contextid="1817" durationms="4.961" usertimems="12.946" systemtimems="0.000" timestamp="2019-08-09T17:55:19.413" activeThreads="16">
  <mem-info id="1822" free="13241408" total="23134208" percent="57">
    <mem type="nursery" free="11132312" total="14024704" percent="79">
      <mem type="allocate" free="11132312" total="11862016" percent="93" />
      <mem type="survivor" free="0" total="2162688" percent="0" />
    </mem>
    <mem type="tenure" free="2109096" total="9109504" percent="23" macro-fragmented="1800196">
      <mem type="soa" free="2018984" total="9019392" percent="22" />
      <mem type="loa" free="90112" total="90112" percent="100" />
    </mem>
    <pending-finalizers system="0" default="0" reference="9" classloader="0" />
    <remembered-set count="691" />
  </mem-info>
</gc-end>
<cycle-end id="1823" type="scavenge" contextid="1817" timestamp="2019-08-09T17:55:19.413" />
  <attribute name="elasticGC enabled" value="1" />
  <attribute name= "numThreadsSpecified" value="16" />
  <attribute name="heapSize specified" value="15663104" />
  <attribute name="Current GC Util" value="13" />
  <attribute name= "Current Time Running" value="125341" />
  <attribute name ="GC Interval" value="2449" />
  <attribute name="Target GC Util Change" value ="80.000000" />
  <attribute name="Current GC Util Change" value="13.000000"/>
  <attribute name="Current Error" value="379.000000" />
  <attribute name="Output H" value="23210328"/>
  <attribute name="Output I" value="2448"/>
  <attribute name="Output T" value="16"/>
  <attribute name= "Current Time Running" value="125341" />
  <attribute name="GC Util currently" value="13" />
  <attribute name="CPU Util currently" value="15810425096" />
<allocation-satisfied id="1824" threadId="0000000001367F00" bytesRequested="48" />
<af-end id="1825" timestamp="2019-08-09T17:55:19.413" threadId="0000000001368888" success="true" from="nursery"/>
<exclusive-end id="1826" timestamp="2019-08-09T17:55:19.413" durationms="5.304" />

<exclusive-start id="1827" timestamp="2019-08-09T17:55:19.478" intervalms="70.478">
  <response-info timems="0.018" idlems="0.018" threads="0" lastid="0000000001367F00" lastname="main" />
</exclusive-start>
<af-start id="1828" threadId="0000000001368888" totalBytesRequested="32" timestamp="2019-08-09T17:55:19.478" intervalms="70.408" type="nursery" />
<cycle-start id="1829" type="scavenge" contextid="0" timestamp="2019-08-09T17:55:19.478" intervalms="70.407" />
<gc-start id="1830" type="scavenge" contextid="1829" timestamp="2019-08-09T17:55:19.478">
  <mem-info id="1831" free="2097400" total="23134208" percent="9">
    <mem type="nursery" free="0" total="14024704" percent="0">
      <mem type="allocate" free="0" total="11862016" percent="0" />
      <mem type="survivor" free="0" total="2162688" percent="0" />
    </mem>
    <mem type="tenure" free="2097400" total="9109504" percent="23">
      <mem type="soa" free="2007288" total="9019392" percent="22" />
      <mem type="loa" free="90112" total="90112" percent="100" />
    </mem>
    <remembered-set count="763" />
  </mem-info>
</gc-start>
<allocation-stats totalBytes="11142512" >
  <allocated-bytes non-tlh="611768" tlh="10530744" />
  <largest-consumer threadName="main" threadId="0000000001367F00" bytes="11142512" />
</allocation-stats>
<gc-op id="1832" type="scavenge" timems="3.475" contextid="1829" timestamp="2019-08-09T17:55:19.482">
  <scavenger-info tenureage="5" tenuremask="4020" tiltratio="84" />
  <memory-copied type="nursery" objects="11260" bytes="707944" bytesdiscarded="159536" />
  <memory-copied type="tenure" objects="1647" bytes="57872" bytesdiscarded="136" />
  <references type="soft" candidates="123" cleared="0" enqueued="0" dynamicThreshold="16" maxThreshold="32" />
  <references type="weak" candidates="486" cleared="1" enqueued="1" />
  <references type="phantom" candidates="1" cleared="0" enqueued="0" />
</gc-op>
<gc-end id="1833" type="scavenge" contextid="1829" durationms="3.760" usertimems="8.664" systemtimems="0.000" timestamp="2019-08-09T17:55:19.482" activeThreads="16">
  <mem-info id="1834" free="13297520" total="23134208" percent="57">
    <mem type="nursery" free="11256184" total="14024704" percent="80">
      <mem type="allocate" free="11256184" total="12124160" percent="92" />
      <mem type="survivor" free="0" total="1900544" percent="0" />
    </mem>
    <mem type="tenure" free="2041336" total="9109504" percent="22" macro-fragmented="0">
      <mem type="soa" free="1951224" total="9019392" percent="21" />
      <mem type="loa" free="90112" total="90112" percent="100" />
    </mem>
    <pending-finalizers system="0" default="0" reference="1" classloader="0" />
    <remembered-set count="769" />
  </mem-info>
</gc-end>
<cycle-end id="1835" type="scavenge" contextid="1829" timestamp="2019-08-09T17:55:19.482" />
  <attribute name="elasticGC enabled" value="1" />
  <attribute name= "numThreadsSpecified" value="16" />
  <attribute name="heapSize specified" value="15663104" />
  <attribute name="Current GC Util" value="15" />
  <attribute name= "Current Time Running" value="125412" />
  <attribute name ="GC Interval" value="2089" />
  <attribute name="Target GC Util Change" value ="80.000000" />
  <attribute name="Current GC Util Change" value="15.000000"/>
  <attribute name="Current Error" value="65.000000" />
  <attribute name="Output H" value="23209968"/>
  <attribute name="Output I" value="2088"/>
  <attribute name="Output T" value="16"/>
  <attribute name= "Current Time Running" value="125412" />
  <attribute name="GC Util currently" value="15" />
  <attribute name="CPU Util currently" value="16378334989" />
<allocation-satisfied id="1836" threadId="0000000001367F00" bytesRequested="32" />
<af-end id="1837" timestamp="2019-08-09T17:55:19.482" threadId="0000000001368888" success="true" from="nursery"/>
<exclusive-end id="1838" timestamp="2019-08-09T17:55:19.482" durationms="4.016" />

<exclusive-start id="1839" timestamp="2019-08-09T17:55:19.551" intervalms="73.050">
  <response-info timems="0.033" idlems="0.033" threads="0" lastid="0000000001367F00" lastname="main" />
</exclusive-start>
<af-start id="1840" threadId="0000000001368888" totalBytesRequested="40" timestamp="2019-08-09T17:55:19.551" intervalms="73.034" type="nursery" />
<cycle-start id="1841" type="scavenge" contextid="0" timestamp="2019-08-09T17:55:19.551" intervalms="73.028" />
<gc-start id="1842" type="scavenge" contextid="1841" timestamp="2019-08-09T17:55:19.551">
  <mem-info id="1843" free="2021456" total="23134208" percent="8">
    <mem type="nursery" free="0" total="14024704" percent="0">
      <mem type="allocate" free="0" total="12124160" percent="0" />
      <mem type="survivor" free="0" total="1900544" percent="0" />
    </mem>
    <mem type="tenure" free="2021456" total="9109504" percent="22">
      <mem type="soa" free="1931344" total="9019392" percent="21" />
      <mem type="loa" free="90112" total="90112" percent="100" />
    </mem>
    <remembered-set count="960" />
  </mem-info>
</gc-start>
<allocation-stats totalBytes="11273288" >
  <allocated-bytes non-tlh="619936" tlh="10653352" />
  <largest-consumer threadName="main" threadId="0000000001367F00" bytes="11273288" />
</allocation-stats>
<gc-op id="1844" type="scavenge" timems="3.965" contextid="1841" timestamp="2019-08-09T17:55:19.555">
  <scavenger-info tenureage="14" tenuremask="4000" tiltratio="86" />
  <memory-copied type="nursery" objects="16529" bytes="980240" bytesdiscarded="19664" />
  <references type="soft" candidates="159" cleared="0" enqueued="0" dynamicThreshold="16" maxThreshold="32" />
  <references type="weak" candidates="566" cleared="2" enqueued="2" />
  <references type="phantom" candidates="1" cleared="0" enqueued="0" />
</gc-op>
<gc-end id="1845" type="scavenge" contextid="1841" durationms="4.144" usertimems="6.741" systemtimems="0.000" timestamp="2019-08-09T17:55:19.556" activeThreads="16">
  <mem-info id="1846" free="13210600" total="23134208" percent="57">
    <mem type="nursery" free="11189144" total="14024704" percent="79">
      <mem type="allocate" free="11189144" total="12189696" percent="91" />
      <mem type="survivor" free="0" total="1835008" percent="0" />
    </mem>
    <mem type="tenure" free="2021456" total="9109504" percent="22" macro-fragmented="1800196">
      <mem type="soa" free="1931344" total="9019392" percent="21" />
      <mem type="loa" free="90112" total="90112" percent="100" />
    </mem>
    <pending-finalizers system="0" default="0" reference="2" classloader="0" />
    <remembered-set count="495" />
  </mem-info>
</gc-end>
<cycle-end id="1847" type="scavenge" contextid="1841" timestamp="2019-08-09T17:55:19.556" />
  <attribute name="elasticGC enabled" value="1" />
  <attribute name= "numThreadsSpecified" value="16" />
  <attribute name="heapSize specified" value="15663104" />
  <attribute name="Current GC Util" value="11" />
  <attribute name= "Current Time Running" value="125485" />
  <attribute name ="GC Interval" value="2169" />
  <attribute name="Target GC Util Change" value ="80.000000" />
  <attribute name="Current GC Util Change" value="11.000000"/>
  <attribute name="Current Error" value="134.000000" />
  <attribute name="Output H" value="23210048"/>
  <attribute name="Output I" value="2168"/>
  <attribute name="Output T" value="16"/>
  <attribute name= "Current Time Running" value="125485" />
  <attribute name="GC Util currently" value="11" />
  <attribute name="CPU Util currently" value="15793517819" />
<allocation-satisfied id="1848" threadId="0000000001367F00" bytesRequested="40" />
<af-end id="1849" timestamp="2019-08-09T17:55:19.556" threadId="0000000001368888" success="true" from="nursery"/>
<exclusive-end id="1850" timestamp="2019-08-09T17:55:19.556" durationms="4.387" />

<exclusive-start id="1851" timestamp="2019-08-09T17:55:19.576" intervalms="25.162">
  <response-info timems="0.025" idlems="0.025" threads="0" lastid="0000000001367F00" lastname="main" />
</exclusive-start>
<af-start id="1852" threadId="0000000001368888" totalBytesRequested="984" timestamp="2019-08-09T17:55:19.576" intervalms="25.174" type="nursery" />
<cycle-start id="1853" type="scavenge" contextid="0" timestamp="2019-08-09T17:55:19.577" intervalms="25.179" />
<gc-start id="1854" type="scavenge" contextid="1853" timestamp="2019-08-09T17:55:19.577">
  <mem-info id="1855" free="2021456" total="23134208" percent="8">
    <mem type="nursery" free="0" total="14024704" percent="0">
      <mem type="allocate" free="0" total="12189696" percent="0" />
      <mem type="survivor" free="0" total="1835008" percent="0" />
    </mem>
    <mem type="tenure" free="2021456" total="9109504" percent="22">
      <mem type="soa" free="1931344" total="9019392" percent="21" />
      <mem type="loa" free="90112" total="90112" percent="100" />
    </mem>
    <remembered-set count="496" />
  </mem-info>
</gc-start>
<allocation-stats totalBytes="11187424" >
  <allocated-bytes non-tlh="40" tlh="11187384" />
  <largest-consumer threadName="main" threadId="0000000001367F00" bytes="11183328" />
</allocation-stats>
<gc-op id="1856" type="scavenge" timems="8.709" contextid="1853" timestamp="2019-08-09T17:55:19.585">
  <scavenger-info tenureage="12" tenuremask="5000" tiltratio="86" />
  <memory-copied type="nursery" objects="27099" bytes="1371816" bytesdiscarded="165472" />
  <memory-copied type="tenure" objects="292" bytes="10424" bytesdiscarded="8" />
  <references type="soft" candidates="158" cleared="0" enqueued="0" dynamicThreshold="16" maxThreshold="32" />
  <references type="weak" candidates="542" cleared="0" enqueued="0" />
  <references type="phantom" candidates="1" cleared="0" enqueued="0" />
</gc-op>
<heap-resize id="1857" type="expand" space="nursery" amount="2097152" count="1" timems="0.022" reason="excessive time being spent scavenging" timestamp="2019-08-09T17:55:19.585" />
<gc-end id="1858" type="scavenge" contextid="1853" durationms="9.136" usertimems="17.376" systemtimems="0.000" timestamp="2019-08-09T17:55:19.586" activeThreads="16">
  <mem-info id="1859" free="14164504" total="25231360" percent="56">
    <mem type="nursery" free="12159176" total="16121856" percent="75">
      <mem type="allocate" free="12159176" total="13697024" percent="88" />
      <mem type="survivor" free="0" total="2424832" percent="0" />
    </mem>
    <mem type="tenure" free="2005328" total="9109504" percent="22" macro-fragmented="418667">
      <mem type="soa" free="1915216" total="9019392" percent="21" />
      <mem type="loa" free="90112" total="90112" percent="100" />
    </mem>
    <remembered-set count="389" />
  </mem-info>
</gc-end>
<cycle-end id="1860" type="scavenge" contextid="1853" timestamp="2019-08-09T17:55:19.586" />
  <attribute name="elasticGC enabled" value="1" />
  <attribute name= "numThreadsSpecified" value="16" />
  <attribute name="heapSize specified" value="15663104" />
  <attribute name="Current GC Util" value="27" />
  <attribute name= "Current Time Running" value="125510" />
  <attribute name ="GC Interval" value="2225" />
  <attribute name="Target GC Util Change" value ="80.000000" />
  <attribute name="Current GC Util Change" value="27.000000"/>
  <attribute name="Current Error" value="187.000000" />
  <attribute name="Output H" value="23210104"/>
  <attribute name="Output I" value="2224"/>
  <attribute name="Output T" value="16"/>
  <attribute name= "Current Time Running" value="125510" />
  <attribute name="GC Util currently" value="27" />
  <attribute name="CPU Util currently" value="45287205369" />
<allocation-satisfied id="1861" threadId="0000000001367F00" bytesRequested="984" />
<af-end id="1862" timestamp="2019-08-09T17:55:19.586" threadId="0000000001368888" success="true" from="nursery"/>
<exclusive-end id="1863" timestamp="2019-08-09T17:55:19.586" durationms="9.695" />

<exclusive-start id="1864" timestamp="2019-08-09T17:55:19.643" intervalms="66.921">
  <response-info timems="0.021" idlems="0.021" threads="0" lastid="0000000001367F00" lastname="main" />
</exclusive-start>
<af-start id="1865" threadId="0000000001368888" totalBytesRequested="40" timestamp="2019-08-09T17:55:19.643" intervalms="66.918" type="nursery" />
<cycle-start id="1866" type="scavenge" contextid="0" timestamp="2019-08-09T17:55:19.643" intervalms="66.914" />
<gc-start id="1867" type="scavenge" contextid="1866" timestamp="2019-08-09T17:55:19.644">
  <mem-info id="1868" free="2004568" total="25231360" percent="7">
    <mem type="nursery" free="0" total="16121856" percent="0">
      <mem type="allocate" free="0" total="13697024" percent="0" />
      <mem type="survivor" free="0" total="2424832" percent="0" />
    </mem>
    <mem type="tenure" free="2004568" total="9109504" percent="22">
      <mem type="soa" free="1914456" total="9019392" percent="21" />
      <mem type="loa" free="90112" total="90112" percent="100" />
    </mem>
    <remembered-set count="401" />
  </mem-info>
</gc-start>
<allocation-stats totalBytes="12158464" >
  <allocated-bytes non-tlh="267296" tlh="11891168" />
  <largest-consumer threadName="main" threadId="0000000001367F00" bytes="12158464" />
</allocation-stats>
<gc-op id="1869" type="scavenge" timems="6.141" contextid="1866" timestamp="2019-08-09T17:55:19.650">
  <scavenger-info tenureage="2" tenuremask="4084" tiltratio="84" />
  <memory-copied type="nursery" objects="20419" bytes="1153848" bytesdiscarded="131232" />
  <memory-copied type="tenure" objects="2237" bytes="80680" bytesdiscarded="224" />
  <references type="soft" candidates="121" cleared="0" enqueued="0" dynamicThreshold="16" maxThreshold="32" />
  <references type="weak" candidates="245" cleared="0" enqueued="0" />
  <references type="phantom" candidates="1" cleared="0" enqueued="0" />
</gc-op>
<heap-resize id="1870" type="expand" space="nursery" amount="655360" count="1" timems="0.023" reason="excessive time being spent scavenging" timestamp="2019-08-09T17:55:19.650" />
<gc-end id="1871" type="scavenge" contextid="1866" durationms="6.391" usertimems="10.658" systemtimems="0.000" timestamp="2019-08-09T17:55:19.650" activeThreads="16">
  <mem-info id="1872" free="15223056" total="25886720" percent="58">
    <mem type="nursery" free="13329080" total="16777216" percent="79">
      <mem type="allocate" free="13329080" total="14614528" percent="91" />
      <mem type="survivor" free="0" total="2162688" percent="0" />
    </mem>
    <mem type="tenure" free="1893976" total="9109504" percent="20" macro-fragmented="1800196">
      <mem type="soa" free="1803864" total="9019392" percent="19" />
      <mem type="loa" free="90112" total="90112" percent="100" />
    </mem>
    <remembered-set count="258" />
  </mem-info>
</gc-end>
<cycle-end id="1873" type="scavenge" contextid="1866" timestamp="2019-08-09T17:55:19.650" />
  <attribute name="elasticGC enabled" value="1" />
  <attribute name= "numThreadsSpecified" value="16" />
  <attribute name="heapSize specified" value="15663104" />
  <attribute name="Current GC Util" value="25" />
  <attribute name= "Current Time Running" value="125577" />
  <attribute name ="GC Interval" value="2289" />
  <attribute name="Target GC Util Change" value ="80.000000" />
  <attribute name="Current GC Util Change" value="25.000000"/>
  <attribute name="Current Error" value="242.000000" />
  <attribute name="Output H" value="25307320"/>
  <attribute name="Output I" value="2288"/>
  <attribute name="Output T" value="16"/>
  <attribute name= "Current Time Running" value="125577" />
  <attribute name="GC Util currently" value="25" />
  <attribute name="CPU Util currently" value="17255622001" />
<allocation-satisfied id="1874" threadId="0000000001367F00" bytesRequested="40" />
<af-end id="1875" timestamp="2019-08-09T17:55:19.650" threadId="0000000001368888" success="true" from="nursery"/>
<exclusive-end id="1876" timestamp="2019-08-09T17:55:19.650" durationms="6.905" />

<exclusive-start id="1877" timestamp="2019-08-09T17:55:19.704" intervalms="60.587">
  <response-info timems="0.081" idlems="0.081" threads="0" lastid="0000000001367F00" lastname="main" />
</exclusive-start>
<af-start id="1878" threadId="0000000001368888" totalBytesRequested="32" timestamp="2019-08-09T17:55:19.704" intervalms="60.593" type="nursery" />
<cycle-start id="1879" type="scavenge" contextid="0" timestamp="2019-08-09T17:55:19.704" intervalms="60.738" />
<gc-start id="1880" type="scavenge" contextid="1879" timestamp="2019-08-09T17:55:19.704">
  <mem-info id="1881" free="1893600" total="25886720" percent="7">
    <mem type="nursery" free="0" total="16777216" percent="0">
      <mem type="allocate" free="0" total="14614528" percent="0" />
      <mem type="survivor" free="0" total="2162688" percent="0" />
    </mem>
    <mem type="tenure" free="1893600" total="9109504" percent="20">
      <mem type="soa" free="1803488" total="9019392" percent="19" />
      <mem type="loa" free="90112" total="90112" percent="100" />
    </mem>
    <remembered-set count="267" />
  </mem-info>
</gc-start>
<allocation-stats totalBytes="13328160" >
  <allocated-bytes non-tlh="200424" tlh="13127736" />
  <largest-consumer threadName="main" threadId="0000000001367F00" bytes="13328160" />
</allocation-stats>
<gc-op id="1882" type="scavenge" timems="3.881" contextid="1879" timestamp="2019-08-09T17:55:19.708">
  <scavenger-info tenureage="5" tenuremask="4020" tiltratio="87" />
  <memory-copied type="nursery" objects="9371" bytes="648896" bytesdiscarded="156704" />
  <memory-copied type="tenure" objects="3382" bytes="109040" bytesdiscarded="640" />
  <references type="soft" candidates="31" cleared="0" enqueued="0" dynamicThreshold="16" maxThreshold="32" />
  <references type="weak" candidates="70" cleared="0" enqueued="0" />
  <references type="phantom" candidates="1" cleared="0" enqueued="0" />
</gc-op>
<gc-end id="1883" type="scavenge" contextid="1879" durationms="4.210" usertimems="11.348" systemtimems="0.000" timestamp="2019-08-09T17:55:19.708" activeThreads="16">
  <mem-info id="1884" free="15875536" total="25886720" percent="61">
    <mem type="nursery" free="14070776" total="16777216" percent="83">
      <mem type="allocate" free="14070776" total="14876672" percent="94" />
      <mem type="survivor" free="0" total="1900544" percent="0" />
    </mem>
    <mem type="tenure" free="1804760" total="9109504" percent="19" macro-fragmented="0">
      <mem type="soa" free="1714648" total="9019392" percent="19" />
      <mem type="loa" free="90112" total="90112" percent="100" />
    </mem>
    <remembered-set count="337" />
  </mem-info>
</gc-end>
<cycle-end id="1885" type="scavenge" contextid="1879" timestamp="2019-08-09T17:55:19.709" />
  <attribute name="elasticGC enabled" value="1" />
  <attribute name= "numThreadsSpecified" value="16" />
  <attribute name="heapSize specified" value="15663104" />
  <attribute name="Current GC Util" value="17" />
  <attribute name= "Current Time Running" value="125637" />
  <attribute name ="GC Interval" value="2361" />
  <attribute name="Target GC Util Change" value ="80.000000" />
  <attribute name="Current GC Util Change" value="17.000000"/>
  <attribute name="Current Error" value="305.000000" />
  <attribute name="Output H" value="25962752"/>
  <attribute name="Output I" value="2360"/>
  <attribute name="Output T" value="16"/>
  <attribute name= "Current Time Running" value="125637" />
  <attribute name="GC Util currently" value="17" />
  <attribute name="CPU Util currently" value="19006485198" />
<allocation-satisfied id="1886" threadId="0000000001367F00" bytesRequested="32" />
<af-end id="1887" timestamp="2019-08-09T17:55:19.709" threadId="0000000001368888" success="true" from="nursery"/>
<exclusive-end id="1888" timestamp="2019-08-09T17:55:19.709" durationms="4.793" />

<exclusive-start id="1889" timestamp="2019-08-09T17:55:19.755" intervalms="50.946">
  <response-info timems="0.130" idlems="0.130" threads="0" lastid="0000000001367F00" lastname="main" />
</exclusive-start>
<af-start id="1890" threadId="0000000001368888" totalBytesRequested="32" timestamp="2019-08-09T17:55:19.755" intervalms="50.923" type="nursery" />
<cycle-start id="1891" type="scavenge" contextid="0" timestamp="2019-08-09T17:55:19.755" intervalms="50.776" />
<gc-start id="1892" type="scavenge" contextid="1891" timestamp="2019-08-09T17:55:19.755">
  <mem-info id="1893" free="1802744" total="25886720" percent="6">
    <mem type="nursery" free="0" total="16777216" percent="0">
      <mem type="allocate" free="0" total="14876672" percent="0" />
      <mem type="survivor" free="0" total="1900544" percent="0" />
    </mem>
    <mem type="tenure" free="1802744" total="9109504" percent="19">
      <mem type="soa" free="1712632" total="9019392" percent="18" />
      <mem type="loa" free="90112" total="90112" percent="100" />
    </mem>
    <remembered-set count="353" />
  </mem-info>
</gc-start>
<allocation-stats totalBytes="14070784" >
  <allocated-bytes non-tlh="202056" tlh="13868728" />
  <largest-consumer threadName="main" threadId="0000000001367F00" bytes="14070784" />
</allocation-stats>
<gc-op id="1894" type="scavenge" timems="3.906" contextid="1891" timestamp="2019-08-09T17:55:19.759">
  <scavenger-info tenureage="14" tenuremask="4000" tiltratio="88" />
  <memory-copied type="nursery" objects="11631" bytes="772880" bytesdiscarded="109688" />
  <references type="soft" candidates="32" cleared="0" enqueued="0" dynamicThreshold="16" maxThreshold="32" />
  <references type="weak" candidates="78" cleared="0" enqueued="0" />
  <references type="phantom" candidates="1" cleared="0" enqueued="0" />
</gc-op>
<heap-resize id="1895" type="expand" space="nursery" amount="786432" count="1" timems="0.018" reason="excessive time being spent scavenging" timestamp="2019-08-09T17:55:19.759" />
<gc-end id="1896" type="scavenge" contextid="1891" durationms="4.150" usertimems="8.355" systemtimems="0.000" timestamp="2019-08-09T17:55:19.759" activeThreads="16">
  <mem-info id="1897" free="16648496" total="26673152" percent="62">
    <mem type="nursery" free="14845752" total="17563648" percent="84">
      <mem type="allocate" free="14845752" total="15728640" percent="94" />
      <mem type="survivor" free="0" total="1835008" percent="0" />
    </mem>
    <mem type="tenure" free="1802744" total="9109504" percent="19" macro-fragmented="0">
      <mem type="soa" free="1712632" total="9019392" percent="18" />
      <mem type="loa" free="90112" total="90112" percent="100" />
    </mem>
    <remembered-set count="339" />
  </mem-info>
</gc-end>
<cycle-end id="1898" type="scavenge" contextid="1891" timestamp="2019-08-09T17:55:19.759" />
  <attribute name="elasticGC enabled" value="1" />
  <attribute name= "numThreadsSpecified" value="16" />
  <attribute name="heapSize specified" value="15663104" />
  <attribute name="Current GC Util" value="17" />
  <attribute name= "Current Time Running" value="125688" />
  <attribute name ="GC Interval" value="2433" />
  <attribute name="Target GC Util Change" value ="80.000000" />
  <attribute name="Current GC Util Change" value="17.000000"/>
  <attribute name="Current Error" value="368.000000" />
  <attribute name="Output H" value="25962824"/>
  <attribute name="Output I" value="2432"/>
  <attribute name="Output T" value="16"/>
  <attribute name= "Current Time Running" value="125688" />
  <attribute name="GC Util currently" value="17" />
  <attribute name="CPU Util currently" value="22753791196" />
<allocation-satisfied id="1899" threadId="0000000001367F00" bytesRequested="32" />
<af-end id="1900" timestamp="2019-08-09T17:55:19.759" threadId="0000000001368888" success="true" from="nursery"/>
<exclusive-end id="1901" timestamp="2019-08-09T17:55:19.759" durationms="4.396" />

<exclusive-start id="1902" timestamp="2019-08-09T17:55:19.797" intervalms="42.135">
  <response-info timems="0.055" idlems="0.055" threads="0" lastid="0000000001367F00" lastname="main" />
</exclusive-start>
<af-start id="1903" threadId="0000000001368888" totalBytesRequested="32" timestamp="2019-08-09T17:55:19.797" intervalms="42.174" type="nursery" />
<cycle-start id="1904" type="scavenge" contextid="0" timestamp="2019-08-09T17:55:19.797" intervalms="42.176" />
<gc-start id="1905" type="scavenge" contextid="1904" timestamp="2019-08-09T17:55:19.797">
  <mem-info id="1906" free="1802312" total="26673152" percent="6">
    <mem type="nursery" free="0" total="17563648" percent="0">
      <mem type="allocate" free="0" total="15728640" percent="0" />
      <mem type="survivor" free="0" total="1835008" percent="0" />
    </mem>
    <mem type="tenure" free="1802312" total="9109504" percent="19">
      <mem type="soa" free="1712200" total="9019392" percent="18" />
      <mem type="loa" free="90112" total="90112" percent="100" />
    </mem>
    <remembered-set count="348" />
  </mem-info>
</gc-start>
<allocation-stats totalBytes="14843936" >
  <allocated-bytes non-tlh="200472" tlh="14643464" />
  <largest-consumer threadName="main" threadId="0000000001367F00" bytes="14843936" />
</allocation-stats>
<gc-op id="1907" type="scavenge" timems="5.147" contextid="1904" timestamp="2019-08-09T17:55:19.802">
  <scavenger-info tenureage="9" tenuremask="4200" tiltratio="89" />
  <memory-copied type="nursery" objects="17249" bytes="976608" bytesdiscarded="71512" />
  <memory-copied type="tenure" objects="701" bytes="24800" bytesdiscarded="16" />
  <references type="soft" candidates="8" cleared="0" enqueued="0" dynamicThreshold="16" maxThreshold="32" />
  <references type="weak" candidates="71" cleared="0" enqueued="0" />
  <references type="phantom" candidates="1" cleared="0" enqueued="0" />
</gc-op>
<heap-resize id="1908" type="expand" space="nursery" amount="917504" count="1" timems="0.018" reason="excessive time being spent scavenging" timestamp="2019-08-09T17:55:19.802" />
<gc-end id="1909" type="scavenge" contextid="1904" durationms="5.867" usertimems="15.148" systemtimems="0.000" timestamp="2019-08-09T17:55:19.803" activeThreads="16">
  <mem-info id="1910" free="17303040" total="27590656" percent="62">
    <mem type="nursery" free="15532216" total="18481152" percent="84">
      <mem type="allocate" free="15532216" total="16580608" percent="93" />
      <mem type="survivor" free="0" total="1900544" percent="0" />
    </mem>
    <mem type="tenure" free="1770824" total="9109504" percent="19" macro-fragmented="0">
      <mem type="soa" free="1680712" total="9019392" percent="18" />
      <mem type="loa" free="90112" total="90112" percent="100" />
    </mem>
    <remembered-set count="170" />
  </mem-info>
</gc-end>
<cycle-end id="1911" type="scavenge" contextid="1904" timestamp="2019-08-09T17:55:19.803" />
  <attribute name="elasticGC enabled" value="1" />
  <attribute name= "numThreadsSpecified" value="16" />
  <attribute name="heapSize specified" value="15663104" />
  <attribute name="Current GC Util" value="19" />
  <attribute name= "Current Time Running" value="125730" />
  <attribute name ="GC Interval" value="2081" />
  <attribute name="Target GC Util Change" value ="80.000000" />
  <attribute name="Current GC Util Change" value="19.000000"/>
  <attribute name="Current Error" value="61.000000" />
  <attribute name="Output H" value="26748904"/>
  <attribute name="Output I" value="2080"/>
  <attribute name="Output T" value="16"/>
  <attribute name= "Current Time Running" value="125730" />
  <attribute name="GC Util currently" value="19" />
  <attribute name="CPU Util currently" value="27324473063" />
<allocation-satisfied id="1912" threadId="0000000001367F00" bytesRequested="32" />
<af-end id="1913" timestamp="2019-08-09T17:55:19.803" threadId="0000000001368888" success="true" from="nursery"/>
<exclusive-end id="1914" timestamp="2019-08-09T17:55:19.803" durationms="6.376" />

<exclusive-start id="1915" timestamp="2019-08-09T17:55:19.856" intervalms="58.608">
  <response-info timems="0.085" idlems="0.085" threads="0" lastid="0000000001367F00" lastname="main" />
</exclusive-start>
<af-start id="1916" threadId="0000000001368888" totalBytesRequested="24" timestamp="2019-08-09T17:55:19.856" intervalms="58.584" type="nursery" />
<cycle-start id="1917" type="scavenge" contextid="0" timestamp="2019-08-09T17:55:19.856" intervalms="58.583" />
<gc-start id="1918" type="scavenge" contextid="1917" timestamp="2019-08-09T17:55:19.856">
  <mem-info id="1919" free="1769512" total="27590656" percent="6">
    <mem type="nursery" free="0" total="18481152" percent="0">
      <mem type="allocate" free="0" total="16580608" percent="0" />
      <mem type="survivor" free="0" total="1900544" percent="0" />
    </mem>
    <mem type="tenure" free="1769512" total="9109504" percent="19">
      <mem type="soa" free="1679400" total="9019392" percent="18" />
      <mem type="loa" free="90112" total="90112" percent="100" />
    </mem>
    <remembered-set count="197" />
  </mem-info>
</gc-start>
<allocation-stats totalBytes="15531088" >
  <allocated-bytes non-tlh="401360" tlh="15129728" />
  <largest-consumer threadName="main" threadId="0000000001367F00" bytes="15531088" />
</allocation-stats>
<gc-op id="1920" type="scavenge" timems="4.211" contextid="1917" timestamp="2019-08-09T17:55:19.860">
  <scavenger-info tenureage="7" tenuremask="4080" tiltratio="89" />
  <memory-copied type="nursery" objects="4020" bytes="386960" bytesdiscarded="85136" />
  <memory-copied type="tenure" objects="722" bytes="24960" bytesdiscarded="16" />
  <references type="soft" candidates="6" cleared="0" enqueued="0" dynamicThreshold="16" maxThreshold="32" />
  <references type="weak" candidates="42" cleared="0" enqueued="0" />
  <references type="phantom" candidates="1" cleared="0" enqueued="0" />
</gc-op>
<gc-end id="1921" type="scavenge" contextid="1917" durationms="4.615" usertimems="6.665" systemtimems="0.000" timestamp="2019-08-09T17:55:19.861" activeThreads="16">
  <mem-info id="1922" free="17846360" total="27590656" percent="64">
    <mem type="nursery" free="16108336" total="18481152" percent="87">
      <mem type="allocate" free="16108336" total="16580608" percent="97" />
      <mem type="survivor" free="0" total="1900544" percent="0" />
    </mem>
    <mem type="tenure" free="1738024" total="9109504" percent="19" macro-fragmented="0">
      <mem type="soa" free="1647912" total="9019392" percent="18" />
      <mem type="loa" free="90112" total="90112" percent="100" />
    </mem>
    <remembered-set count="146" />
  </mem-info>
</gc-end>
<cycle-end id="1923" type="scavenge" contextid="1917" timestamp="2019-08-09T17:55:19.861" />
  <attribute name="elasticGC enabled" value="1" />
  <attribute name= "numThreadsSpecified" value="16" />
  <attribute name="heapSize specified" value="15663104" />
  <attribute name="Current GC Util" value="18" />
  <attribute name= "Current Time Running" value="125789" />
  <attribute name ="GC Interval" value="2153" />
  <attribute name="Target GC Util Change" value ="80.000000" />
  <attribute name="Current GC Util Change" value="18.000000"/>
  <attribute name="Current Error" value="123.000000" />
  <attribute name="Output H" value="27666480"/>
  <attribute name="Output I" value="2152"/>
  <attribute name="Output T" value="16"/>
  <attribute name= "Current Time Running" value="125789" />
  <attribute name="GC Util currently" value="18" />
  <attribute name="CPU Util currently" value="19624461869" />
<allocation-satisfied id="1924" threadId="0000000001367F00" bytesRequested="24" />
<af-end id="1925" timestamp="2019-08-09T17:55:19.861" threadId="0000000001368888" success="true" from="nursery"/>
<exclusive-end id="1926" timestamp="2019-08-09T17:55:19.861" durationms="5.418" />

<exclusive-start id="1927" timestamp="2019-08-09T17:55:19.912" intervalms="56.863">
  <response-info timems="0.143" idlems="0.143" threads="0" lastid="0000000001367F00" lastname="main" />
</exclusive-start>
<af-start id="1928" threadId="0000000001368888" totalBytesRequested="24" timestamp="2019-08-09T17:55:19.913" intervalms="56.871" type="nursery" />
<cycle-start id="1929" type="scavenge" contextid="0" timestamp="2019-08-09T17:55:19.913" intervalms="56.877" />
<gc-start id="1930" type="scavenge" contextid="1929" timestamp="2019-08-09T17:55:19.913">
  <mem-info id="1931" free="1737248" total="27590656" percent="6">
    <mem type="nursery" free="0" total="18481152" percent="0">
      <mem type="allocate" free="0" total="16580608" percent="0" />
      <mem type="survivor" free="0" total="1900544" percent="0" />
    </mem>
    <mem type="tenure" free="1737248" total="9109504" percent="19">
      <mem type="soa" free="1647136" total="9019392" percent="18" />
      <mem type="loa" free="90112" total="90112" percent="100" />
    </mem>
    <remembered-set count="161" />
  </mem-info>
</gc-start>
<allocation-stats totalBytes="16107312" >
  <allocated-bytes non-tlh="400816" tlh="15706496" />
  <largest-consumer threadName="main" threadId="0000000001367F00" bytes="16107312" />
</allocation-stats>
<gc-op id="1932" type="scavenge" timems="3.679" contextid="1929" timestamp="2019-08-09T17:55:19.916">
  <scavenger-info tenureage="14" tenuremask="4000" tiltratio="89" />
  <memory-copied type="nursery" objects="9959" bytes="686304" bytesdiscarded="63896" />
  <references type="soft" candidates="8" cleared="0" enqueued="0" dynamicThreshold="16" maxThreshold="32" />
  <references type="weak" candidates="53" cleared="0" enqueued="0" />
  <references type="phantom" candidates="1" cleared="0" enqueued="0" />
</gc-op>
<gc-end id="1933" type="scavenge" contextid="1929" durationms="3.976" usertimems="6.642" systemtimems="0.000" timestamp="2019-08-09T17:55:19.917" activeThreads="16">
  <mem-info id="1934" free="17567416" total="27590656" percent="63">
    <mem type="nursery" free="15830168" total="18481152" percent="85">
      <mem type="allocate" free="15830168" total="16580608" percent="95" />
      <mem type="survivor" free="0" total="1900544" percent="0" />
    </mem>
    <mem type="tenure" free="1737248" total="9109504" percent="19" macro-fragmented="868149">
      <mem type="soa" free="1647136" total="9019392" percent="18" />
      <mem type="loa" free="90112" total="90112" percent="100" />
    </mem>
    <remembered-set count="154" />
  </mem-info>
</gc-end>
<cycle-end id="1935" type="scavenge" contextid="1929" timestamp="2019-08-09T17:55:19.917" />
  <attribute name="elasticGC enabled" value="1" />
  <attribute name= "numThreadsSpecified" value="16" />
  <attribute name="heapSize specified" value="15663104" />
  <attribute name="Current GC Util" value="12" />
  <attribute name= "Current Time Running" value="125846" />
  <attribute name ="GC Interval" value="2233" />
  <attribute name="Target GC Util Change" value ="80.000000" />
  <attribute name="Current GC Util Change" value="12.000000"/>
  <attribute name="Current Error" value="191.000000" />
  <attribute name="Output H" value="27666560"/>
  <attribute name="Output I" value="2232"/>
  <attribute name="Output T" value="16"/>
  <attribute name= "Current Time Running" value="125846" />
  <attribute name="GC Util currently" value="12" />
  <attribute name="CPU Util currently" value="20281558408" />
<allocation-satisfied id="1936" threadId="0000000001367F00" bytesRequested="24" />
<af-end id="1937" timestamp="2019-08-09T17:55:19.917" threadId="0000000001368888" success="true" from="nursery"/>
<exclusive-end id="1938" timestamp="2019-08-09T17:55:19.917" durationms="4.229" />

<exclusive-start id="1939" timestamp="2019-08-09T17:55:19.973" intervalms="60.764">
  <response-info timems="0.055" idlems="0.055" threads="0" lastid="0000000001367F00" lastname="main" />
</exclusive-start>
<af-start id="1940" threadId="0000000001368888" totalBytesRequested="32" timestamp="2019-08-09T17:55:19.973" intervalms="60.761" type="nursery" />
<cycle-start id="1941" type="scavenge" contextid="0" timestamp="2019-08-09T17:55:19.973" intervalms="60.763" />
<gc-start id="1942" type="scavenge" contextid="1941" timestamp="2019-08-09T17:55:19.973">
  <mem-info id="1943" free="1736888" total="27590656" percent="6">
    <mem type="nursery" free="0" total="18481152" percent="0">
      <mem type="allocate" free="0" total="16580608" percent="0" />
      <mem type="survivor" free="0" total="1900544" percent="0" />
    </mem>
    <mem type="tenure" free="1736888" total="9109504" percent="19">
      <mem type="soa" free="1646776" total="9019392" percent="18" />
      <mem type="loa" free="90112" total="90112" percent="100" />
    </mem>
    <remembered-set count="161" />
  </mem-info>
</gc-start>
<allocation-stats totalBytes="15827992" >
  <allocated-bytes non-tlh="200392" tlh="15627600" />
  <largest-consumer threadName="main" threadId="0000000001367F00" bytes="15827992" />
</allocation-stats>
<gc-op id="1944" type="scavenge" timems="3.610" contextid="1941" timestamp="2019-08-09T17:55:19.977">
  <scavenger-info tenureage="14" tenuremask="4000" tiltratio="89" />
  <memory-copied type="nursery" objects="11202" bytes="729088" bytesdiscarded="90120" />
  <references type="soft" candidates="9" cleared="0" enqueued="0" dynamicThreshold="16" maxThreshold="32" />
  <references type="weak" candidates="57" cleared="0" enqueued="0" />
  <references type="phantom" candidates="1" cleared="0" enqueued="0" />
</gc-op>
<gc-end id="1945" type="scavenge" contextid="1941" durationms="3.961" usertimems="9.119" systemtimems="0.000" timestamp="2019-08-09T17:55:19.977" activeThreads="16">
  <mem-info id="1946" free="17498032" total="27590656" percent="63">
    <mem type="nursery" free="15761144" total="18481152" percent="85">
      <mem type="allocate" free="15761144" total="16580608" percent="95" />
      <mem type="survivor" free="0" total="1900544" percent="0" />
    </mem>
    <mem type="tenure" free="1736888" total="9109504" percent="19" macro-fragmented="0">
      <mem type="soa" free="1646776" total="9019392" percent="18" />
      <mem type="loa" free="90112" total="90112" percent="100" />
    </mem>
    <remembered-set count="137" />
  </mem-info>
</gc-end>
<cycle-end id="1947" type="scavenge" contextid="1941" timestamp="2019-08-09T17:55:19.977" />
  <attribute name="elasticGC enabled" value="1" />
  <attribute name= "numThreadsSpecified" value="16" />
  <attribute name="heapSize specified" value="15663104" />
  <attribute name="Current GC Util" value="10" />
  <attribute name= "Current Time Running" value="125907" />
  <attribute name ="GC Interval" value="2313" />
  <attribute name="Target GC Util Change" value ="80.000000" />
  <attribute name="Current GC Util Change" value="10.000000"/>
  <attribute name="Current Error" value="261.000000" />
  <attribute name="Output H" value="27666640"/>
  <attribute name="Output I" value="2312"/>
  <attribute name="Output T" value="16"/>
  <attribute name= "Current Time Running" value="125907" />
  <attribute name="GC Util currently" value="10" />
  <attribute name="CPU Util currently" value="19001937347" />
<allocation-satisfied id="1948" threadId="0000000001367F00" bytesRequested="32" />
<af-end id="1949" timestamp="2019-08-09T17:55:19.978" threadId="0000000001368888" success="true" from="nursery"/>
<exclusive-end id="1950" timestamp="2019-08-09T17:55:19.978" durationms="4.291" />

<exclusive-start id="1951" timestamp="2019-08-09T17:55:20.046" intervalms="73.235">
  <response-info timems="0.055" idlems="0.055" threads="0" lastid="0000000001367F00" lastname="main" />
</exclusive-start>
<af-start id="1952" threadId="0000000001368888" totalBytesRequested="32" timestamp="2019-08-09T17:55:20.047" intervalms="73.231" type="nursery" />
<cycle-start id="1953" type="scavenge" contextid="0" timestamp="2019-08-09T17:55:20.047" intervalms="73.224" />
<gc-start id="1954" type="scavenge" contextid="1953" timestamp="2019-08-09T17:55:20.047">
  <mem-info id="1955" free="1736040" total="27590656" percent="6">
    <mem type="nursery" free="0" total="18481152" percent="0">
      <mem type="allocate" free="0" total="16580608" percent="0" />
      <mem type="survivor" free="0" total="1900544" percent="0" />
    </mem>
    <mem type="tenure" free="1736040" total="9109504" percent="19">
      <mem type="soa" free="1645928" total="9019392" percent="18" />
      <mem type="loa" free="90112" total="90112" percent="100" />
    </mem>
    <remembered-set count="156" />
  </mem-info>
</gc-start>
<allocation-stats totalBytes="15760288" >
  <allocated-bytes non-tlh="200888" tlh="15559400" />
  <largest-consumer threadName="main" threadId="0000000001367F00" bytes="15760288" />
</allocation-stats>
<gc-op id="1956" type="scavenge" timems="5.365" contextid="1953" timestamp="2019-08-09T17:55:20.052">
  <scavenger-info tenureage="14" tenuremask="4000" tiltratio="89" />
  <memory-copied type="nursery" objects="10190" bytes="420328" bytesdiscarded="60712" />
  <references type="soft" candidates="10" cleared="0" enqueued="0" dynamicThreshold="16" maxThreshold="32" />
  <references type="weak" candidates="67" cleared="0" enqueued="0" />
</gc-op>
<heap-resize id="1957" type="expand" space="nursery" amount="917504" count="1" timems="0.019" reason="excessive time being spent scavenging" timestamp="2019-08-09T17:55:20.052" />
<gc-end id="1958" type="scavenge" contextid="1953" durationms="5.755" usertimems="5.531" systemtimems="0.000" timestamp="2019-08-09T17:55:20.052" activeThreads="16">
  <mem-info id="1959" free="18621792" total="28508160" percent="65">
    <mem type="nursery" free="16885752" total="19398656" percent="87">
      <mem type="allocate" free="16885752" total="17367040" percent="97" />
      <mem type="survivor" free="0" total="2031616" percent="0" />
    </mem>
    <mem type="tenure" free="1736040" total="9109504" percent="19" macro-fragmented="868149">
      <mem type="soa" free="1645928" total="9019392" percent="18" />
      <mem type="loa" free="90112" total="90112" percent="100" />
    </mem>
    <remembered-set count="143" />
  </mem-info>
</gc-end>
<cycle-end id="1960" type="scavenge" contextid="1953" timestamp="2019-08-09T17:55:20.053" />
  <attribute name="elasticGC enabled" value="1" />
  <attribute name= "numThreadsSpecified" value="16" />
  <attribute name="heapSize specified" value="15663104" />
  <attribute name="Current GC Util" value="10" />
  <attribute name= "Current Time Running" value="125980" />
  <attribute name ="GC Interval" value="2393" />
  <attribute name="Target GC Util Change" value ="80.000000" />
  <attribute name="Current GC Util Change" value="10.000000"/>
  <attribute name="Current Error" value="331.000000" />
  <attribute name="Output H" value="27666720"/>
  <attribute name="Output I" value="2392"/>
  <attribute name="Output T" value="16"/>
  <attribute name= "Current Time Running" value="125980" />
  <attribute name="GC Util currently" value="10" />
  <attribute name="CPU Util currently" value="15684392413" />
<allocation-satisfied id="1961" threadId="0000000001367F00" bytesRequested="32" />
<af-end id="1962" timestamp="2019-08-09T17:55:20.053" threadId="0000000001368888" success="true" from="nursery"/>
<exclusive-end id="1963" timestamp="2019-08-09T17:55:20.053" durationms="6.096" />

<exclusive-start id="1964" timestamp="2019-08-09T17:55:20.094" intervalms="47.236">
  <response-info timems="0.042" idlems="0.042" threads="0" lastid="0000000001367F00" lastname="main" />
</exclusive-start>
<af-start id="1965" threadId="0000000001368888" totalBytesRequested="64" timestamp="2019-08-09T17:55:20.094" intervalms="47.232" type="nursery" />
<cycle-start id="1966" type="scavenge" contextid="0" timestamp="2019-08-09T17:55:20.094" intervalms="47.270" />
<gc-start id="1967" type="scavenge" contextid="1966" timestamp="2019-08-09T17:55:20.094">
  <mem-info id="1968" free="1734520" total="28508160" percent="6">
    <mem type="nursery" free="0" total="19398656" percent="0">
      <mem type="allocate" free="0" total="17367040" percent="0" />
      <mem type="survivor" free="0" total="2031616" percent="0" />
    </mem>
    <mem type="tenure" free="1734520" total="9109504" percent="19">
      <mem type="soa" free="1644408" total="9019392" percent="18" />
      <mem type="loa" free="90112" total="90112" percent="100" />
    </mem>
    <remembered-set count="171" />
  </mem-info>
</gc-start>
<allocation-stats totalBytes="16883888" >
  <allocated-bytes non-tlh="801584" tlh="16082304" />
  <largest-consumer threadName="main" threadId="0000000001367F00" bytes="16883888" />
</allocation-stats>
<gc-op id="1969" type="scavenge" timems="3.542" contextid="1966" timestamp="2019-08-09T17:55:20.097">
  <scavenger-info tenureage="7" tenuremask="4080" tiltratio="89" />
  <memory-copied type="nursery" objects="16103" bytes="661088" bytesdiscarded="92520" />
  <memory-copied type="tenure" objects="832" bytes="25544" bytesdiscarded="0" />
  <references type="soft" candidates="13" cleared="0" enqueued="0" dynamicThreshold="16" maxThreshold="32" />
  <references type="weak" candidates="63" cleared="0" enqueued="0" />
</gc-op>
<gc-end id="1970" type="scavenge" contextid="1966" durationms="3.829" usertimems="14.220" systemtimems="0.000" timestamp="2019-08-09T17:55:20.098" activeThreads="16">
  <mem-info id="1971" free="18413168" total="28508160" percent="64">
    <mem type="nursery" free="16678648" total="19398656" percent="85">
      <mem type="allocate" free="16678648" total="17432576" percent="95" />
      <mem type="survivor" free="0" total="1966080" percent="0" />
    </mem>
    <mem type="tenure" free="1734520" total="9109504" percent="19" macro-fragmented="0">
      <mem type="soa" free="1644408" total="9019392" percent="18" />
      <mem type="loa" free="90112" total="90112" percent="100" />
    </mem>
    <remembered-set count="216" />
  </mem-info>
</gc-end>
<cycle-end id="1972" type="scavenge" contextid="1966" timestamp="2019-08-09T17:55:20.098" />
  <attribute name="elasticGC enabled" value="1" />
  <attribute name= "numThreadsSpecified" value="16" />
  <attribute name="heapSize specified" value="15663104" />
  <attribute name="Current GC Util" value="11" />
  <attribute name= "Current Time Running" value="126027" />
  <attribute name ="GC Interval" value="2473" />
  <attribute name="Target GC Util Change" value ="80.000000" />
  <attribute name="Current GC Util Change" value="11.000000"/>
  <attribute name="Current Error" value="400.000000" />
  <attribute name="Output H" value="28584304"/>
  <attribute name="Output I" value="2472"/>
  <attribute name="Output T" value="16"/>
  <attribute name= "Current Time Running" value="126027" />
  <attribute name="GC Util currently" value="11" />
  <attribute name="CPU Util currently" value="24561951929" />
<allocation-satisfied id="1973" threadId="0000000001367F00" bytesRequested="64" />
<af-end id="1974" timestamp="2019-08-09T17:55:20.098" threadId="0000000001368888" success="true" from="nursery"/>
<exclusive-end id="1975" timestamp="2019-08-09T17:55:20.098" durationms="4.178" />

<exclusive-start id="1976" timestamp="2019-08-09T17:55:20.155" intervalms="61.241">
  <response-info timems="0.194" idlems="0.194" threads="0" lastid="0000000001367F00" lastname="main" />
</exclusive-start>
<af-start id="1977" threadId="0000000001368888" totalBytesRequested="32" timestamp="2019-08-09T17:55:20.155" intervalms="61.236" type="nursery" />
<cycle-start id="1978" type="scavenge" contextid="0" timestamp="2019-08-09T17:55:20.155" intervalms="61.196" />
<gc-start id="1979" type="scavenge" contextid="1978" timestamp="2019-08-09T17:55:20.155">
  <mem-info id="1980" free="1733360" total="28508160" percent="6">
    <mem type="nursery" free="0" total="19398656" percent="0">
      <mem type="allocate" free="0" total="17432576" percent="0" />
      <mem type="survivor" free="0" total="1966080" percent="0" />
    </mem>
    <mem type="tenure" free="1733360" total="9109504" percent="19">
      <mem type="soa" free="1643248" total="9019392" percent="18" />
      <mem type="loa" free="90112" total="90112" percent="100" />
    </mem>
    <remembered-set count="243" />
  </mem-info>
</gc-start>
<allocation-stats totalBytes="16678056" >
  <allocated-bytes non-tlh="266776" tlh="16411280" />
  <largest-consumer threadName="main" threadId="0000000001367F00" bytes="16678056" />
</allocation-stats>
<gc-op id="1981" type="scavenge" timems="9.800" contextid="1978" timestamp="2019-08-09T17:55:20.165">
  <scavenger-info tenureage="14" tenuremask="4000" tiltratio="89" />
  <memory-copied type="nursery" objects="20434" bytes="1141104" bytesdiscarded="123232" />
  <references type="soft" candidates="14" cleared="0" enqueued="0" dynamicThreshold="16" maxThreshold="32" />
  <references type="weak" candidates="79" cleared="0" enqueued="0" />
  <references type="phantom" candidates="1" cleared="0" enqueued="0" />
</gc-op>
<heap-resize id="1982" type="expand" space="nursery" amount="1441792" count="1" timems="0.022" reason="excessive time being spent scavenging" timestamp="2019-08-09T17:55:20.165" />
<gc-end id="1983" type="scavenge" contextid="1978" durationms="10.177" usertimems="32.764" systemtimems="0.000" timestamp="2019-08-09T17:55:20.165" activeThreads="16">
  <mem-info id="1984" free="19146408" total="29949952" percent="63">
    <mem type="nursery" free="17413048" total="20840448" percent="83">
      <mem type="allocate" free="17413048" total="18677760" percent="93" />
      <mem type="survivor" free="0" total="2162688" percent="0" />
    </mem>
    <mem type="tenure" free="1733360" total="9109504" percent="19" macro-fragmented="0">
      <mem type="soa" free="1643248" total="9019392" percent="18" />
      <mem type="loa" free="90112" total="90112" percent="100" />
    </mem>
    <remembered-set count="225" />
  </mem-info>
</gc-end>
<cycle-end id="1985" type="scavenge" contextid="1978" timestamp="2019-08-09T17:55:20.165" />
  <attribute name="elasticGC enabled" value="1" />
  <attribute name= "numThreadsSpecified" value="16" />
  <attribute name="heapSize specified" value="15663104" />
  <attribute name="Current GC Util" value="17" />
  <attribute name= "Current Time Running" value="126088" />
  <attribute name ="GC Interval" value="2081" />
  <attribute name="Target GC Util Change" value ="80.000000" />
  <attribute name="Current GC Util Change" value="17.000000"/>
  <attribute name="Current Error" value="63.000000" />
  <attribute name="Output H" value="28583912"/>
  <attribute name="Output I" value="2080"/>
  <attribute name="Output T" value="16"/>
  <attribute name= "Current Time Running" value="126088" />
  <attribute name="GC Util currently" value="17" />
  <attribute name="CPU Util currently" value="18843333359" />
<allocation-satisfied id="1986" threadId="0000000001367F00" bytesRequested="32" />
<af-end id="1987" timestamp="2019-08-09T17:55:20.165" threadId="0000000001368888" success="true" from="nursery"/>
<exclusive-end id="1988" timestamp="2019-08-09T17:55:20.165" durationms="10.412" />

<exclusive-start id="1989" timestamp="2019-08-09T17:55:20.211" intervalms="55.710">
  <response-info timems="0.060" idlems="0.060" threads="0" lastid="0000000001367F00" lastname="main" />
</exclusive-start>
<af-start id="1990" threadId="0000000001368888" totalBytesRequested="24" timestamp="2019-08-09T17:55:20.211" intervalms="55.713" type="nursery" />
<cycle-start id="1991" type="scavenge" contextid="0" timestamp="2019-08-09T17:55:20.211" intervalms="55.714" />
<gc-start id="1992" type="scavenge" contextid="1991" timestamp="2019-08-09T17:55:20.211">
  <mem-info id="1993" free="1732696" total="29949952" percent="5">
    <mem type="nursery" free="0" total="20840448" percent="0">
      <mem type="allocate" free="0" total="18677760" percent="0" />
      <mem type="survivor" free="0" total="2162688" percent="0" />
    </mem>
    <mem type="tenure" free="1732696" total="9109504" percent="19">
      <mem type="soa" free="1642584" total="9019392" percent="18" />
      <mem type="loa" free="90112" total="90112" percent="100" />
    </mem>
    <remembered-set count="237" />
  </mem-info>
</gc-start>
<allocation-stats totalBytes="17411752" >
  <allocated-bytes non-tlh="200704" tlh="17211048" />
  <largest-consumer threadName="main" threadId="0000000001367F00" bytes="17411752" />
</allocation-stats>
<gc-op id="1994" type="scavenge" timems="2.792" contextid="1991" timestamp="2019-08-09T17:55:20.214">
  <scavenger-info tenureage="10" tenuremask="4400" tiltratio="89" />
  <memory-copied type="nursery" objects="18393" bytes="999512" bytesdiscarded="121400" />
  <memory-copied type="tenure" objects="139" bytes="4904" bytesdiscarded="0" />
  <references type="soft" candidates="14" cleared="0" enqueued="0" dynamicThreshold="16" maxThreshold="32" />
  <references type="weak" candidates="87" cleared="0" enqueued="0" />
  <references type="phantom" candidates="1" cleared="0" enqueued="0" />
</gc-op>
<gc-end id="1995" type="scavenge" contextid="1991" durationms="3.125" usertimems="10.321" systemtimems="0.000" timestamp="2019-08-09T17:55:20.214" activeThreads="16">
  <mem-info id="1996" free="19354704" total="29949952" percent="64">
    <mem type="nursery" free="17622008" total="20840448" percent="84">
      <mem type="allocate" free="17622008" total="18743296" percent="94" />
      <mem type="survivor" free="0" total="2097152" percent="0" />
    </mem>
    <mem type="tenure" free="1732696" total="9109504" percent="19" macro-fragmented="0">
      <mem type="soa" free="1642584" total="9019392" percent="18" />
      <mem type="loa" free="90112" total="90112" percent="100" />
    </mem>
    <remembered-set count="162" />
  </mem-info>
</gc-end>
<cycle-end id="1997" type="scavenge" contextid="1991" timestamp="2019-08-09T17:55:20.214" />
  <attribute name="elasticGC enabled" value="1" />
  <attribute name= "numThreadsSpecified" value="16" />
  <attribute name="heapSize specified" value="15663104" />
  <attribute name="Current GC Util" value="40" />
  <attribute name= "Current Time Running" value="126144" />
  <attribute name ="GC Interval" value="2129" />
  <attribute name="Target GC Util Change" value ="80.000000" />
  <attribute name="Current GC Util Change" value="40.000000"/>
  <attribute name="Current Error" value="103.000000" />
  <attribute name="Output H" value="30025752"/>
  <attribute name="Output I" value="2128"/>
  <attribute name="Output T" value="16"/>
  <attribute name= "Current Time Running" value="126144" />
  <attribute name="GC Util currently" value="40" />
  <attribute name="CPU Util currently" value="20656720869" />
<allocation-satisfied id="1998" threadId="0000000001367F00" bytesRequested="24" />
<af-end id="1999" timestamp="2019-08-09T17:55:20.214" threadId="0000000001368888" success="true" from="nursery"/>
<exclusive-end id="2000" timestamp="2019-08-09T17:55:20.214" durationms="3.455" />

<exclusive-start id="2001" timestamp="2019-08-09T17:55:20.320" intervalms="109.526">
  <response-info timems="0.065" idlems="0.065" threads="0" lastid="0000000001367F00" lastname="main" />
</exclusive-start>
<af-start id="2002" threadId="0000000001368888" totalBytesRequested="32" timestamp="2019-08-09T17:55:20.320" intervalms="109.545" type="nursery" />
<cycle-start id="2003" type="scavenge" contextid="0" timestamp="2019-08-09T17:55:20.320" intervalms="109.553" />
<gc-start id="2004" type="scavenge" contextid="2003" timestamp="2019-08-09T17:55:20.320">
  <mem-info id="2005" free="1699832" total="29949952" percent="5">
    <mem type="nursery" free="0" total="20840448" percent="0">
      <mem type="allocate" free="0" total="18743296" percent="0" />
      <mem type="survivor" free="0" total="2097152" percent="0" />
    </mem>
    <mem type="tenure" free="1699832" total="9109504" percent="18">
      <mem type="soa" free="1609720" total="9019392" percent="17" />
      <mem type="loa" free="90112" total="90112" percent="100" />
    </mem>
    <remembered-set count="704" />
  </mem-info>
</gc-start>
<allocation-stats totalBytes="17650320" >
  <allocated-bytes non-tlh="698456" tlh="16951864" />
  <largest-consumer threadName="main" threadId="0000000001367F00" bytes="17650320" />
</allocation-stats>
<gc-op id="2006" type="scavenge" timems="4.203" contextid="2003" timestamp="2019-08-09T17:55:20.325">
  <scavenger-info tenureage="9" tenuremask="4200" tiltratio="89" />
  <memory-copied type="nursery" objects="18526" bytes="1070136" bytesdiscarded="106176" />
  <memory-copied type="tenure" objects="293" bytes="10840" bytesdiscarded="0" />
  <references type="soft" candidates="647" cleared="0" enqueued="0" dynamicThreshold="16" maxThreshold="32" />
  <references type="weak" candidates="180" cleared="19" enqueued="19" />
  <references type="phantom" candidates="1" cleared="0" enqueued="0" />
</gc-op>
<gc-end id="2007" type="scavenge" contextid="2003" durationms="4.524" usertimems="9.024" systemtimems="0.000" timestamp="2019-08-09T17:55:20.325" activeThreads="16">
  <mem-info id="2008" free="19266272" total="29949952" percent="64">
    <mem type="nursery" free="17566440" total="20840448" percent="84">
      <mem type="allocate" free="17566440" total="18743296" percent="93" />
      <mem type="survivor" free="0" total="2097152" percent="0" />
    </mem>
    <mem type="tenure" free="1699832" total="9109504" percent="18" macro-fragmented="0">
      <mem type="soa" free="1609720" total="9019392" percent="17" />
      <mem type="loa" free="90112" total="90112" percent="100" />
    </mem>
    <pending-finalizers system="0" default="0" reference="19" classloader="0" />
    <remembered-set count="681" />
  </mem-info>
</gc-end>
<cycle-end id="2009" type="scavenge" contextid="2003" timestamp="2019-08-09T17:55:20.325" />
  <attribute name="elasticGC enabled" value="1" />
  <attribute name= "numThreadsSpecified" value="16" />
  <attribute name="heapSize specified" value="15663104" />
  <attribute name="Current GC Util" value="6" />
  <attribute name= "Current Time Running" value="126254" />
  <attribute name ="GC Interval" value="2217" />
  <attribute name="Target GC Util Change" value ="80.000000" />
  <attribute name="Current GC Util Change" value="6.000000"/>
  <attribute name="Current Error" value="177.000000" />
  <attribute name="Output H" value="30025840"/>
  <attribute name="Output I" value="2216"/>
  <attribute name="Output T" value="16"/>
  <attribute name= "Current Time Running" value="126254" />
  <attribute name="GC Util currently" value="6" />
  <attribute name="CPU Util currently" value="10529475387" />
<allocation-satisfied id="2010" threadId="0000000001367F00" bytesRequested="32" />
<af-end id="2011" timestamp="2019-08-09T17:55:20.325" threadId="0000000001368888" success="true" from="nursery"/>
<exclusive-end id="2012" timestamp="2019-08-09T17:55:20.325" durationms="4.816" />

<exclusive-start id="2013" timestamp="2019-08-09T17:55:20.519" intervalms="198.843">
  <response-info timems="1.762" idlems="1.762" threads="0" lastid="0000000001367F00" lastname="main" />
</exclusive-start>
<af-start id="2014" threadId="0000000001368888" totalBytesRequested="56" timestamp="2019-08-09T17:55:20.519" intervalms="198.842" type="nursery" />
<cycle-start id="2015" type="scavenge" contextid="0" timestamp="2019-08-09T17:55:20.519" intervalms="198.848" />
<gc-start id="2016" type="scavenge" contextid="2015" timestamp="2019-08-09T17:55:20.519">
  <mem-info id="2017" free="1665328" total="29949952" percent="5">
    <mem type="nursery" free="0" total="20840448" percent="0">
      <mem type="allocate" free="0" total="18743296" percent="0" />
      <mem type="survivor" free="0" total="2097152" percent="0" />
    </mem>
    <mem type="tenure" free="1665328" total="9109504" percent="18">
      <mem type="soa" free="1575216" total="9019392" percent="17" />
      <mem type="loa" free="90112" total="90112" percent="100" />
    </mem>
    <remembered-set count="943" />
  </mem-info>
</gc-start>
<allocation-stats totalBytes="17597088" >
  <allocated-bytes non-tlh="3133680" tlh="14463408" />
  <largest-consumer threadName="main" threadId="0000000001367F00" bytes="17597088" />
</allocation-stats>
<gc-op id="2018" type="scavenge" timems="5.972" contextid="2015" timestamp="2019-08-09T17:55:20.525">
  <scavenger-info tenureage="14" tenuremask="4000" tiltratio="89" />
  <memory-copied type="nursery" objects="14694" bytes="515232" bytesdiscarded="47280" />
  <memory-copied type="tenure" objects="1" bytes="1932752" bytesdiscarded="0" />
  <copy-failed type="nursery" objects="1" bytes="1932752" />
  <finalization candidates="3" enqueued="2" />
  <references type="soft" candidates="792" cleared="0" enqueued="0" dynamicThreshold="16" maxThreshold="32" />
  <references type="weak" candidates="232" cleared="4" enqueued="4" />
  <references type="phantom" candidates="2" cleared="0" enqueued="0" />
  <heap-resize type="expand" space="tenure" amount="1966080" count="1" timems="0.031" reason="continue current collection" />
</gc-op>
<gc-end id="2019" type="scavenge" contextid="2015" durationms="6.263" usertimems="9.090" systemtimems="0.000" timestamp="2019-08-09T17:55:20.525" activeThreads="16">
  <mem-info id="2020" free="17322840" total="31916032" percent="54">
    <mem type="nursery" free="15624184" total="20840448" percent="74">
      <mem type="allocate" free="15624184" total="16187392" percent="96" />
      <mem type="survivor" free="0" total="4653056" percent="0" />
    </mem>
    <mem type="tenure" free="1698656" total="11075584" percent="15" macro-fragmented="1500163">
      <mem type="soa" free="1588064" total="10964992" percent="14" />
      <mem type="loa" free="110592" total="110592" percent="100" />
    </mem>
    <pending-finalizers system="0" default="2" reference="4" classloader="0" />
    <remembered-set count="926" />
  </mem-info>
</gc-end>
<cycle-end id="2021" type="scavenge" contextid="2015" timestamp="2019-08-09T17:55:20.526" />
  <attribute name="elasticGC enabled" value="1" />
  <attribute name= "numThreadsSpecified" value="16" />
  <attribute name="heapSize specified" value="15663104" />
  <attribute name="Current GC Util" value="4" />
  <attribute name= "Current Time Running" value="126452" />
  <attribute name ="GC Interval" value="2305" />
  <attribute name="Target GC Util Change" value ="80.000000" />
  <attribute name="Current GC Util Change" value="4.000000"/>
  <attribute name="Current Error" value="253.000000" />
  <attribute name="Output H" value="30025928"/>
  <attribute name="Output I" value="2304"/>
  <attribute name="Output T" value="16"/>
  <attribute name= "Current Time Running" value="126452" />
  <attribute name="GC Util currently" value="4" />
  <attribute name="CPU Util currently" value="5797000676" />
<allocation-satisfied id="2022" threadId="0000000001367F00" bytesRequested="56" />
<af-end id="2023" timestamp="2019-08-09T17:55:20.526" threadId="0000000001368888" success="true" from="nursery"/>
<exclusive-end id="2024" timestamp="2019-08-09T17:55:20.526" durationms="6.611" />

<exclusive-start id="2025" timestamp="2019-08-09T17:55:20.992" intervalms="473.055">
  <response-info timems="0.138" idlems="0.138" threads="0" lastid="0000000001367F00" lastname="main" />
</exclusive-start>
<af-start id="2026" threadId="0000000001368888" totalBytesRequested="88" timestamp="2019-08-09T17:55:20.992" intervalms="473.032" type="nursery" />
<cycle-start id="2027" type="scavenge" contextid="0" timestamp="2019-08-09T17:55:20.992" intervalms="473.016" />
<gc-start id="2028" type="scavenge" contextid="2027" timestamp="2019-08-09T17:55:20.992">
  <mem-info id="2029" free="1698656" total="31916032" percent="5">
    <mem type="nursery" free="0" total="20840448" percent="0">
      <mem type="allocate" free="0" total="16187392" percent="0" />
      <mem type="survivor" free="0" total="4653056" percent="0" />
    </mem>
    <mem type="tenure" free="1698656" total="11075584" percent="15">
      <mem type="soa" free="1588064" total="10964992" percent="14" />
      <mem type="loa" free="110592" total="110592" percent="100" />
    </mem>
    <remembered-set count="927" />
  </mem-info>
</gc-start>
<allocation-stats totalBytes="15606328" >
  <allocated-bytes non-tlh="56" tlh="15606272" />
  <largest-consumer threadName="main" threadId="0000000001367F00" bytes="15602232" />
</allocation-stats>
<gc-op id="2030" type="scavenge" timems="9.909" contextid="2027" timestamp="2019-08-09T17:55:21.002">
  <scavenger-info tenureage="9" tenuremask="4200" tiltratio="77" />
  <memory-copied type="nursery" objects="42803" bytes="1217856" bytesdiscarded="178880" />
  <memory-copied type="tenure" objects="393" bytes="14272" bytesdiscarded="8" />
  <finalization candidates="1" enqueued="0" />
  <references type="soft" candidates="790" cleared="0" enqueued="0" dynamicThreshold="16" maxThreshold="32" />
  <references type="weak" candidates="216" cleared="0" enqueued="0" />
  <references type="phantom" candidates="2" cleared="0" enqueued="0" />
</gc-op>
<gc-end id="2031" type="scavenge" contextid="2027" durationms="10.437" usertimems="13.605" systemtimems="0.000" timestamp="2019-08-09T17:55:21.003" activeThreads="16">
  <mem-info id="2032" free="16738128" total="31916032" percent="52">
    <mem type="nursery" free="15117808" total="20840448" percent="72">
      <mem type="allocate" free="15117808" total="16515072" percent="91" />
      <mem type="survivor" free="0" total="4325376" percent="0" />
    </mem>
    <mem type="tenure" free="1620320" total="11075584" percent="14" macro-fragmented="1500163">
      <mem type="soa" free="1509728" total="10964992" percent="13" />
      <mem type="loa" free="110592" total="110592" percent="100" />
    </mem>
    <remembered-set count="438" />
  </mem-info>
</gc-end>
<cycle-end id="2033" type="scavenge" contextid="2027" timestamp="2019-08-09T17:55:21.003" />
  <attribute name="elasticGC enabled" value="1" />
  <attribute name= "numThreadsSpecified" value="16" />
  <attribute name="heapSize specified" value="15663104" />
  <attribute name="Current GC Util" value="1" />
  <attribute name= "Current Time Running" value="126925" />
  <attribute name ="GC Interval" value="2393" />
  <attribute name="Target GC Util Change" value ="80.000000" />
  <attribute name="Current GC Util Change" value="1.000000"/>
  <attribute name="Current Error" value="332.000000" />
  <attribute name="Output H" value="31992096"/>
  <attribute name="Output I" value="2392"/>
  <attribute name="Output T" value="16"/>
  <attribute name= "Current Time Running" value="126925" />
  <attribute name="GC Util currently" value="1" />
  <attribute name="CPU Util currently" value="18" />
<allocation-satisfied id="2034" threadId="0000000001367F00" bytesRequested="88" />
<af-end id="2035" timestamp="2019-08-09T17:55:21.003" threadId="0000000001368888" success="true" from="nursery"/>
<exclusive-end id="2036" timestamp="2019-08-09T17:55:21.003" durationms="11.004" />

<exclusive-start id="2037" timestamp="2019-08-09T17:55:21.202" intervalms="210.147">
  <response-info timems="0.331" idlems="0.331" threads="0" lastid="0000000001367F00" lastname="main" />
</exclusive-start>
<af-start id="2038" threadId="0000000001368888" totalBytesRequested="80" timestamp="2019-08-09T17:55:21.202" intervalms="210.150" type="nursery" />
<cycle-start id="2039" type="scavenge" contextid="0" timestamp="2019-08-09T17:55:21.202" intervalms="210.157" />
<gc-start id="2040" type="scavenge" contextid="2039" timestamp="2019-08-09T17:55:21.202">
  <mem-info id="2041" free="1620320" total="31916032" percent="5">
    <mem type="nursery" free="0" total="20840448" percent="0">
      <mem type="allocate" free="0" total="16515072" percent="0" />
      <mem type="survivor" free="0" total="4325376" percent="0" />
    </mem>
    <mem type="tenure" free="1620320" total="11075584" percent="14">
      <mem type="soa" free="1509728" total="10964992" percent="13" />
      <mem type="loa" free="110592" total="110592" percent="100" />
    </mem>
    <remembered-set count="438" />
  </mem-info>
</gc-start>
<allocation-stats totalBytes="15102592" >
  <allocated-bytes non-tlh="88" tlh="15102504" />
  <largest-consumer threadName="main" threadId="0000000001367F00" bytes="15102592" />
</allocation-stats>
<gc-op id="2042" type="scavenge" timems="5.713" contextid="2039" timestamp="2019-08-09T17:55:21.208">
  <scavenger-info tenureage="14" tenuremask="4000" tiltratio="79" />
  <memory-copied type="nursery" objects="74460" bytes="1998800" bytesdiscarded="165424" />
  <finalization candidates="1" enqueued="0" />
  <references type="soft" candidates="790" cleared="0" enqueued="0" dynamicThreshold="16" maxThreshold="32" />
  <references type="weak" candidates="216" cleared="0" enqueued="0" />
  <references type="phantom" candidates="2" cleared="0" enqueued="0" />
</gc-op>
<gc-end id="2043" type="scavenge" contextid="2039" durationms="6.285" usertimems="26.224" systemtimems="0.000" timestamp="2019-08-09T17:55:21.209" activeThreads="16">
  <mem-info id="2044" free="16167248" total="31916032" percent="50">
    <mem type="nursery" free="14546928" total="20840448" percent="69">
      <mem type="allocate" free="14546928" total="16711680" percent="87" />
      <mem type="survivor" free="0" total="4128768" percent="0" />
    </mem>
    <mem type="tenure" free="1620320" total="11075584" percent="14" macro-fragmented="602881">
      <mem type="soa" free="1509728" total="10964992" percent="13" />
      <mem type="loa" free="110592" total="110592" percent="100" />
    </mem>
    <remembered-set count="225" />
  </mem-info>
</gc-end>
<cycle-end id="2045" type="scavenge" contextid="2039" timestamp="2019-08-09T17:55:21.209" />
  <attribute name="elasticGC enabled" value="1" />
  <attribute name= "numThreadsSpecified" value="16" />
  <attribute name="heapSize specified" value="15663104" />
  <attribute name="Current GC Util" value="5" />
  <attribute name= "Current Time Running" value="127136" />
  <attribute name ="GC Interval" value="2481" />
  <attribute name="Target GC Util Change" value ="80.000000" />
  <attribute name="Current GC Util Change" value="5.000000"/>
  <attribute name="Current Error" value="407.000000" />
  <attribute name="Output H" value="31992184"/>
  <attribute name="Output I" value="2480"/>
  <attribute name="Output T" value="16"/>
  <attribute name= "Current Time Running" value="127136" />
  <attribute name="GC Util currently" value="5" />
  <attribute name="CPU Util currently" value="5485040895" />
<allocation-satisfied id="2046" threadId="0000000001367F00" bytesRequested="80" />
<af-end id="2047" timestamp="2019-08-09T17:55:21.209" threadId="0000000001368888" success="true" from="nursery"/>
<exclusive-end id="2048" timestamp="2019-08-09T17:55:21.209" durationms="6.541" />

<exclusive-start id="2049" timestamp="2019-08-09T17:55:21.330" intervalms="127.451">
  <response-info timems="0.175" idlems="0.175" threads="0" lastid="0000000001367F00" lastname="main" />
</exclusive-start>
<af-start id="2050" threadId="0000000001368888" totalBytesRequested="16" timestamp="2019-08-09T17:55:21.330" intervalms="127.847" type="nursery" />
<cycle-start id="2051" type="scavenge" contextid="0" timestamp="2019-08-09T17:55:21.330" intervalms="127.855" />
<gc-start id="2052" type="scavenge" contextid="2051" timestamp="2019-08-09T17:55:21.330">
  <mem-info id="2053" free="1620320" total="31916032" percent="5">
    <mem type="nursery" free="0" total="20840448" percent="0">
      <mem type="allocate" free="0" total="16711680" percent="0" />
      <mem type="survivor" free="0" total="4128768" percent="0" />
    </mem>
    <mem type="tenure" free="1620320" total="11075584" percent="14">
      <mem type="soa" free="1509728" total="10964992" percent="13" />
      <mem type="loa" free="110592" total="110592" percent="100" />
    </mem>
    <remembered-set count="225" />
  </mem-info>
</gc-start>
<allocation-stats totalBytes="14530312" >
  <allocated-bytes non-tlh="80" tlh="14530232" />
  <largest-consumer threadName="main" threadId="0000000001367F00" bytes="14530312" />
</allocation-stats>
<gc-op id="2054" type="scavenge" timems="25.809" contextid="2051" timestamp="2019-08-09T17:55:21.356">
  <scavenger-info tenureage="4" tenuremask="4010" tiltratio="80" />
  <memory-copied type="nursery" objects="98080" bytes="2522392" bytesdiscarded="170840" />
  <memory-copied type="tenure" objects="5839" bytes="225512" bytesdiscarded="184" />
  <finalization candidates="1" enqueued="0" />
  <references type="soft" candidates="156" cleared="0" enqueued="0" dynamicThreshold="16" maxThreshold="32" />
  <references type="weak" candidates="134" cleared="0" enqueued="0" />
  <references type="phantom" candidates="2" cleared="0" enqueued="0" />
</gc-op>
<heap-resize id="2055" type="expand" space="nursery" amount="1835008" count="1" timems="0.026" reason="excessive time being spent scavenging" timestamp="2019-08-09T17:55:21.356" />
<gc-end id="2056" type="scavenge" contextid="2051" durationms="26.421" usertimems="77.707" systemtimems="0.000" timestamp="2019-08-09T17:55:21.357" activeThreads="16">
  <mem-info id="2057" free="17209680" total="33751040" percent="50">
    <mem type="nursery" free="15787504" total="22675456" percent="69">
      <mem type="allocate" free="15787504" total="18481152" percent="85" />
      <mem type="survivor" free="0" total="4194304" percent="0" />
    </mem>
    <mem type="tenure" free="1422176" total="11075584" percent="12" macro-fragmented="723458">
      <mem type="soa" free="1311584" total="10964992" percent="11" />
      <mem type="loa" free="110592" total="110592" percent="100" />
    </mem>
    <remembered-set count="236" />
  </mem-info>
</gc-end>
<cycle-end id="2058" type="scavenge" contextid="2051" timestamp="2019-08-09T17:55:21.357" />
  <attribute name="elasticGC enabled" value="1" />
  <attribute name= "numThreadsSpecified" value="16" />
  <attribute name="heapSize specified" value="15663104" />
  <attribute name="Current GC Util" value="13" />
  <attribute name= "Current Time Running" value="127263" />
  <attribute name ="GC Interval" value="2089" />
  <attribute name="Target GC Util Change" value ="80.000000" />
  <attribute name="Current GC Util Change" value="13.000000"/>
  <attribute name="Current Error" value="67.000000" />
  <attribute name="Output H" value="31991792"/>
  <attribute name="Output I" value="2088"/>
  <attribute name="Output T" value="16"/>
  <attribute name= "Current Time Running" value="127263" />
  <attribute name="GC Util currently" value="13" />
  <attribute name="CPU Util currently" value="9017413534" />
<allocation-satisfied id="2059" threadId="0000000001367F00" bytesRequested="16" />
<af-end id="2060" timestamp="2019-08-09T17:55:21.357" threadId="0000000001368888" success="true" from="nursery"/>
<exclusive-end id="2061" timestamp="2019-08-09T17:55:21.357" durationms="27.118" />

<exclusive-start id="2062" timestamp="2019-08-09T17:55:21.406" intervalms="76.411">
  <response-info timems="0.073" idlems="0.073" threads="0" lastid="0000000001367F00" lastname="main" />
</exclusive-start>
<af-start id="2063" threadId="0000000001368888" totalBytesRequested="24" timestamp="2019-08-09T17:55:21.406" intervalms="76.019" type="nursery" />
<cycle-start id="2064" type="scavenge" contextid="0" timestamp="2019-08-09T17:55:21.406" intervalms="76.005" />
<gc-start id="2065" type="scavenge" contextid="2064" timestamp="2019-08-09T17:55:21.406">
  <mem-info id="2066" free="1422176" total="33751040" percent="4">
    <mem type="nursery" free="0" total="22675456" percent="0">
      <mem type="allocate" free="0" total="18481152" percent="0" />
      <mem type="survivor" free="0" total="4194304" percent="0" />
    </mem>
    <mem type="tenure" free="1422176" total="11075584" percent="12">
      <mem type="soa" free="1311584" total="10964992" percent="11" />
      <mem type="loa" free="110592" total="110592" percent="100" />
    </mem>
    <remembered-set count="236" />
  </mem-info>
</gc-start>
<allocation-stats totalBytes="15772424" >
  <allocated-bytes non-tlh="16" tlh="15772408" />
  <largest-consumer threadName="main" threadId="0000000001367F00" bytes="15772424" />
</allocation-stats>
<gc-op id="2067" type="scavenge" timems="10.006" contextid="2064" timestamp="2019-08-09T17:55:21.416">
  <scavenger-info tenureage="2" tenuremask="470c" tiltratio="81" />
  <memory-copied type="nursery" objects="69578" bytes="1809096" bytesdiscarded="115512" />
  <memory-copied type="tenure" objects="60634" bytes="1498960" bytesdiscarded="992" />
  <finalization candidates="1" enqueued="0" />
  <references type="soft" candidates="150" cleared="0" enqueued="0" dynamicThreshold="16" maxThreshold="32" />
  <references type="weak" candidates="108" cleared="0" enqueued="0" />
  <references type="phantom" candidates="2" cleared="0" enqueued="0" />
  <heap-resize type="expand" space="tenure" amount="196608" count="3" timems="0.060" reason="continue current collection" />
</gc-op>
<heap-resize id="2068" type="expand" space="nursery" amount="1835008" count="1" timems="0.025" reason="excessive time being spent scavenging" timestamp="2019-08-09T17:55:21.417" />
<gc-end id="2069" type="scavenge" contextid="2064" durationms="10.909" usertimems="41.594" systemtimems="0.000" timestamp="2019-08-09T17:55:21.417" activeThreads="16">
  <mem-info id="2070" free="18782192" total="35782656" percent="52">
    <mem type="nursery" free="18653424" total="24510464" percent="76">
      <mem type="allocate" free="18653424" total="20578304" percent="90" />
      <mem type="survivor" free="0" total="3932160" percent="0" />
    </mem>
    <mem type="tenure" free="128768" total="11272192" percent="1" macro-fragmented="0">
      <mem type="soa" free="16128" total="11159552" percent="0" />
      <mem type="loa" free="112640" total="112640" percent="100" />
    </mem>
    <remembered-set count="758" />
  </mem-info>
</gc-end>
<cycle-end id="2071" type="scavenge" contextid="2064" timestamp="2019-08-09T17:55:21.417" />
  <attribute name="elasticGC enabled" value="1" />
  <attribute name= "numThreadsSpecified" value="16" />
  <attribute name="heapSize specified" value="15663104" />
  <attribute name="Current GC Util" value="70" />
  <attribute name= "Current Time Running" value="127339" />
  <attribute name ="GC Interval" value="2097" />
  <attribute name="Target GC Util Change" value ="80.000000" />
  <attribute name="Current GC Util Change" value="70.000000"/>
  <attribute name="Current Error" value="77.000000" />
  <attribute name="Output H" value="33826808"/>
  <attribute name="Output I" value="2096"/>
  <attribute name="Output T" value="16"/>
  <attribute name= "Current Time Running" value="127339" />
  <attribute name="GC Util currently" value="70" />
  <attribute name="CPU Util currently" value="15169963766" />
<allocation-satisfied id="2072" threadId="0000000001367F00" bytesRequested="24" />
<af-end id="2073" timestamp="2019-08-09T17:55:21.417" threadId="0000000001368888" success="true" from="nursery"/>
<exclusive-end id="2074" timestamp="2019-08-09T17:55:21.417" durationms="11.170" />

<concurrent-kickoff id="2075" timestamp="2019-08-09T17:55:21.474">
  <kickoff reason="threshold reached" targetBytes="6990518" thresholdFreeBytes="966887"  remainingFree="958704" tenureFreeBytes="128768" nurseryFreeBytes="958704" />
</concurrent-kickoff>
<exclusive-start id="2076" timestamp="2019-08-09T17:55:21.474" intervalms="67.993">
  <response-info timems="0.019" idlems="0.019" threads="0" lastid="0000000001367F00" lastname="main" />
</exclusive-start>
<cycle-start id="2077" type="global" contextid="0" timestamp="2019-08-09T17:55:21.474" intervalms="3105.595" />
<exclusive-end id="2078" timestamp="2019-08-09T17:55:21.474" durationms="0.035" />

<exclusive-start id="2079" timestamp="2019-08-09T17:55:21.483" intervalms="8.506">
  <response-info timems="0.023" idlems="0.023" threads="0" lastid="0000000001367F00" lastname="main" />
</exclusive-start>
<concurrent-collection-start id="2080" timestamp="2019-08-09T17:55:21.483" intervalms="15015.720" >
  <concurrent-trace-info reason="card cleaning threshold reached" tracedByMutators="650596" tracedByHelpers="2398828" cardsCleaned="4" workStackOverflowCount="0" />
</concurrent-collection-start>
<gc-start id="2081" type="global" contextid="2077" timestamp="2019-08-09T17:55:21.483">
  <mem-info id="2082" free="169968" total="35782656" percent="0">
    <mem type="nursery" free="41200" total="24510464" percent="0">
      <mem type="allocate" free="41200" total="20578304" percent="0" />
      <mem type="survivor" free="0" total="3932160" percent="0" />
    </mem>
    <mem type="tenure" free="128768" total="11272192" percent="1">
      <mem type="soa" free="16128" total="11159552" percent="0" />
      <mem type="loa" free="112640" total="112640" percent="100" />
    </mem>
    <remembered-set count="1062" />
  </mem-info>
</gc-start>
<allocation-stats totalBytes="18592528" >
  <allocated-bytes non-tlh="24" tlh="18592504" />
  <largest-consumer threadName="main" threadId="0000000001367F00" bytes="18592528" />
</allocation-stats>
<gc-op id="2083" type="rs-scan" timems="1.504" contextid="2077" timestamp="2019-08-09T17:55:21.484">
  <scan objectsFound="198" bytesTraced="21268" workStackOverflowCount="0" />
</gc-op>
<gc-op id="2084" type="card-cleaning" timems="3.939" contextid="2077" timestamp="2019-08-09T17:55:21.488">
  <card-cleaning cardsCleaned="3" bytesTraced="3549720" workStackOverflowCount="0" />
</gc-op>
<gc-op id="2085" type="mark" timems="14.444" contextid="2077" timestamp="2019-08-09T17:55:21.503">
  <trace-info objectcount="391" scancount="387" scanbytes="11204" />
  <finalization candidates="81" enqueued="0" />
  <ownableSynchronizers candidates="21" cleared="0" />
  <references type="soft" candidates="2706" cleared="0" enqueued="0" dynamicThreshold="16" maxThreshold="32" />
  <references type="weak" candidates="5415" cleared="7" enqueued="4" />
  <references type="phantom" candidates="75" cleared="1" enqueued="1" />
  <stringconstants candidates="13341" cleared="25"  />
</gc-op>
<gc-op id="2086" type="classunload" timems="0.616" contextid="2077" timestamp="2019-08-09T17:55:21.504">
  <classunload-info classloadercandidates="59" classloadersunloaded="4" classesunloaded="4" anonymousclassesunloaded="0" quiescems="0.000" setupms="0.585" scanms="0.024" postms="0.007" />
</gc-op>
<gc-op id="2087" type="sweep" timems="2.108" contextid="2077" timestamp="2019-08-09T17:55:21.506" />
<mem-info id="2088" free="19096032" total="35782656" percent="53">
  <mem type="nursery" free="16992192" total="24510464" percent="69">
    <mem type="allocate" free="16992192" total="20578304" percent="82" />
    <mem type="survivor" free="0" total="3932160" percent="0" />
  </mem>
  <mem type="tenure" free="2103840" total="11272192" percent="18" micro-fragmented="42101" macro-fragmented="0">
    <mem type="soa" free="1991200" total="11159552" percent="17" />
    <mem type="loa" free="112640" total="112640" percent="100" />
  </mem>
  <pending-finalizers system="0" default="0" reference="5" classloader="0" />
  <remembered-set count="610" />
</mem-info>
<gc-op id="2089" type="compact" timems="46.986" contextid="2077" timestamp="2019-08-09T17:55:21.553">
  <compact-info movecount="264383" movebytes="11306120" reason="compact to aid heap contraction" />
</gc-op>
<heap-resize id="2090" type="expand" space="tenure" amount="131072" count="1" timems="0.020" reason="satisfy allocation request" timestamp="2019-08-09T17:55:21.555" />
<gc-end id="2091" type="global" contextid="2077" durationms="72.524" usertimems="131.198" systemtimems="0.000" timestamp="2019-08-09T17:55:21.555" activeThreads="16">
  <mem-info id="2092" free="20020816" total="35913728" percent="55">
    <mem type="nursery" free="17739000" total="24510464" percent="72">
      <mem type="allocate" free="17739000" total="20578304" percent="86" />
      <mem type="survivor" free="0" total="3932160" percent="0" />
    </mem>
    <mem type="tenure" free="2281816" total="11403264" percent="20">
      <mem type="soa" free="2168152" total="11289600" percent="19" />
      <mem type="loa" free="113664" total="113664" percent="100" />
    </mem>
    <pending-finalizers system="0" default="0" reference="5" classloader="0" />
    <remembered-set count="610" />
  </mem-info>
</gc-end>
<cycle-end id="2093" type="global" contextid="2077" timestamp="2019-08-09T17:55:21.556" />
  <attribute name="elasticGC enabled" value="1" />
  <attribute name= "numThreadsSpecified" value="16" />
  <attribute name="heapSize specified" value="35782656" />
  <attribute name="Current GC Util" value="164" />
  <attribute name= "Current Time Running" value="127487" />
  <attribute name ="GC Interval" value="2097" />
  <attribute name="Target GC Util Change" value ="80.000000" />
  <attribute name="Current GC Util Change" value="164.000000"/>
  <attribute name="Current Error" value="-229.000000" />
  <attribute name="Output H" value="35858072"/>
  <attribute name="Output I" value="1744"/>
  <attribute name="Output T" value="16"/>
  <attribute name= "Current Time Running" value="127487" />
  <attribute name="GC Util currently" value="164" />
  <attribute name="CPU Util currently" value="24349836036" />
<concurrent-collection-end id="2094" timestamp="2019-08-09T17:55:21.556" />
<exclusive-end id="2095" timestamp="2019-08-09T17:55:21.556" durationms="72.970" />

<exclusive-start id="2096" timestamp="2019-08-09T17:55:21.595" intervalms="112.129">
  <response-info timems="0.022" idlems="0.022" threads="0" lastid="0000000001367F00" lastname="main" />
</exclusive-start>
<af-start id="2097" threadId="0000000001368888" totalBytesRequested="32" timestamp="2019-08-09T17:55:21.595" intervalms="188.737" type="nursery" />
<cycle-start id="2098" type="scavenge" contextid="0" timestamp="2019-08-09T17:55:21.595" intervalms="188.783" />
<gc-start id="2099" type="scavenge" contextid="2098" timestamp="2019-08-09T17:55:21.595">
  <mem-info id="2100" free="2281816" total="35913728" percent="6">
    <mem type="nursery" free="0" total="24510464" percent="0">
      <mem type="allocate" free="0" total="20578304" percent="0" />
      <mem type="survivor" free="0" total="3932160" percent="0" />
    </mem>
    <mem type="tenure" free="2281816" total="11403264" percent="20">
      <mem type="soa" free="2168152" total="11289600" percent="19" />
      <mem type="loa" free="113664" total="113664" percent="100" />
    </mem>
    <remembered-set count="707" />
  </mem-info>
</gc-start>
<allocation-stats totalBytes="17722704" >
  <allocated-bytes non-tlh="0" tlh="17722704" />
  <largest-consumer threadName="main" threadId="0000000001367F00" bytes="17718608" />
</allocation-stats>
<gc-op id="2101" type="scavenge" timems="5.588" contextid="2098" timestamp="2019-08-09T17:55:21.601">
  <scavenger-info tenureage="2" tenuremask="4004" tiltratio="83" />
  <memory-copied type="nursery" objects="115971" bytes="3035288" bytesdiscarded="124544" />
  <memory-copied type="tenure" objects="29781" bytes="725808" bytesdiscarded="88" />
  <finalization candidates="1" enqueued="0" />
  <ownableSynchronizers candidates="42" cleared="42" />
  <references type="soft" candidates="149" cleared="0" enqueued="0" dynamicThreshold="6" maxThreshold="32" />
  <references type="weak" candidates="106" cleared="0" enqueued="0" />
  <references type="phantom" candidates="2" cleared="0" enqueued="0" />
</gc-op>
<gc-end id="2102" type="scavenge" contextid="2098" durationms="6.260" usertimems="30.591" systemtimems="0.000" timestamp="2019-08-09T17:55:21.601" activeThreads="16">
  <mem-info id="2103" free="17909320" total="35913728" percent="49">
    <mem type="nursery" free="16500720" total="24510464" percent="67">
      <mem type="allocate" free="16500720" total="19660800" percent="83" />
      <mem type="survivor" free="0" total="4849664" percent="0" />
    </mem>
    <mem type="tenure" free="1408600" total="11403264" percent="12" macro-fragmented="0">
      <mem type="soa" free="1294936" total="11289600" percent="11" />
      <mem type="loa" free="113664" total="113664" percent="100" />
    </mem>
    <remembered-set count="888" />
  </mem-info>
</gc-end>
<cycle-end id="2104" type="scavenge" contextid="2098" timestamp="2019-08-09T17:55:21.601" />
  <attribute name="elasticGC enabled" value="1" />
  <attribute name= "numThreadsSpecified" value="16" />
  <attribute name="heapSize specified" value="35782656" />
  <attribute name="Current GC Util" value="32" />
  <attribute name= "Current Time Running" value="127528" />
  <attribute name ="GC Interval" value="1801" />
  <attribute name="Target GC Util Change" value ="80.000000" />
  <attribute name="Current GC Util Change" value="32.000000"/>
  <attribute name="Current Error" value="-181.000000" />
  <attribute name="Output H" value="35989200"/>
  <attribute name="Output I" value="1800"/>
  <attribute name="Output T" value="16"/>
  <attribute name= "Current Time Running" value="127528" />
  <attribute name="GC Util currently" value="32" />
  <attribute name="CPU Util currently" value="27687325334" />
<allocation-satisfied id="2105" threadId="0000000001367F00" bytesRequested="32" />
<af-end id="2106" timestamp="2019-08-09T17:55:21.601" threadId="0000000001368888" success="true" from="nursery"/>
<exclusive-end id="2107" timestamp="2019-08-09T17:55:21.601" durationms="6.686" />

<exclusive-start id="2108" timestamp="2019-08-09T17:55:21.639" intervalms="44.495">
  <response-info timems="0.020" idlems="0.020" threads="0" lastid="0000000001367F00" lastname="main" />
</exclusive-start>
<af-start id="2109" threadId="0000000001368888" totalBytesRequested="16" timestamp="2019-08-09T17:55:21.639" intervalms="44.393" type="nursery" />
<cycle-start id="2110" type="scavenge" contextid="0" timestamp="2019-08-09T17:55:21.639" intervalms="44.365" />
<gc-start id="2111" type="scavenge" contextid="2110" timestamp="2019-08-09T17:55:21.639">
  <mem-info id="2112" free="1408600" total="35913728" percent="3">
    <mem type="nursery" free="0" total="24510464" percent="0">
      <mem type="allocate" free="0" total="19660800" percent="0" />
      <mem type="survivor" free="0" total="4849664" percent="0" />
    </mem>
    <mem type="tenure" free="1408600" total="11403264" percent="12">
      <mem type="soa" free="1294936" total="11289600" percent="11" />
      <mem type="loa" free="113664" total="113664" percent="100" />
    </mem>
    <remembered-set count="1040" />
  </mem-info>
</gc-start>
<allocation-stats totalBytes="16480768" >
  <allocated-bytes non-tlh="32" tlh="16480736" />
  <largest-consumer threadName="main" threadId="0000000001367F00" bytes="16480768" />
</allocation-stats>
<gc-op id="2113" type="scavenge" timems="10.808" contextid="2110" timestamp="2019-08-09T17:55:21.650">
  <scavenger-info tenureage="2" tenuremask="4204" tiltratio="80" />
  <memory-copied type="nursery" objects="117280" bytes="3064656" bytesdiscarded="112616" />
  <memory-copied type="tenure" objects="32337" bytes="794392" bytesdiscarded="232" />
  <finalization candidates="1" enqueued="0" />
  <references type="soft" candidates="148" cleared="0" enqueued="0" dynamicThreshold="6" maxThreshold="32" />
  <references type="weak" candidates="92" cleared="0" enqueued="0" />
  <references type="phantom" candidates="2" cleared="0" enqueued="0" />
</gc-op>
<heap-resize id="2114" type="expand" space="nursery" amount="2752512" count="1" timems="0.019" reason="excessive time being spent scavenging" timestamp="2019-08-09T17:55:21.650" />
<gc-end id="2115" type="scavenge" contextid="2110" durationms="11.318" usertimems="26.690" systemtimems="0.000" timestamp="2019-08-09T17:55:21.651" activeThreads="16">
  <mem-info id="2116" free="20182080" total="38666240" percent="52">
    <mem type="nursery" free="19629032" total="27262976" percent="71">
      <mem type="allocate" free="19629032" total="22806528" percent="86" />
      <mem type="survivor" free="0" total="4456448" percent="0" />
    </mem>
    <mem type="tenure" free="553048" total="11403264" percent="4" macro-fragmented="0">
      <mem type="soa" free="439384" total="11289600" percent="3" />
      <mem type="loa" free="113664" total="113664" percent="100" />
    </mem>
    <remembered-set count="1132" />
  </mem-info>
</gc-end>
<cycle-end id="2117" type="scavenge" contextid="2110" timestamp="2019-08-09T17:55:21.651" />
  <attribute name="elasticGC enabled" value="1" />
  <attribute name= "numThreadsSpecified" value="16" />
  <attribute name="heapSize specified" value="35782656" />
  <attribute name="Current GC Util" value="68" />
  <attribute name= "Current Time Running" value="127573" />
  <attribute name ="GC Interval" value="1817" />
  <attribute name="Target GC Util Change" value ="80.000000" />
  <attribute name="Current GC Util Change" value="68.000000"/>
  <attribute name="Current Error" value="-169.000000" />
  <attribute name="Output H" value="35989216"/>
  <attribute name="Output I" value="1816"/>
  <attribute name="Output T" value="16"/>
  <attribute name= "Current Time Running" value="127573" />
  <attribute name="GC Util currently" value="68" />
  <attribute name="CPU Util currently" value="26031882549" />
<allocation-satisfied id="2118" threadId="0000000001367F00" bytesRequested="16" />
<af-end id="2119" timestamp="2019-08-09T17:55:21.651" threadId="0000000001368888" success="true" from="nursery"/>
<exclusive-end id="2120" timestamp="2019-08-09T17:55:21.651" durationms="11.608" />

<concurrent-kickoff id="2121" timestamp="2019-08-09T17:55:21.690">
  <kickoff reason="threshold reached" targetBytes="6261911" thresholdFreeBytes="868828"  remainingFree="754664" tenureFreeBytes="553048" nurseryFreeBytes="754664" />
</concurrent-kickoff>
<exclusive-start id="2122" timestamp="2019-08-09T17:55:21.690" intervalms="50.400">
  <response-info timems="0.025" idlems="0.025" threads="0" lastid="0000000001367F00" lastname="main" />
</exclusive-start>
<cycle-start id="2123" type="global" contextid="0" timestamp="2019-08-09T17:55:21.690" intervalms="215.512" />
<exclusive-end id="2124" timestamp="2019-08-09T17:55:21.690" durationms="0.018" />

<exclusive-start id="2125" timestamp="2019-08-09T17:55:21.697" intervalms="6.877">
  <response-info timems="0.021" idlems="0.021" threads="0" lastid="0000000001367F00" lastname="main" />
</exclusive-start>
<af-start id="2126" threadId="0000000001368888" totalBytesRequested="88" timestamp="2019-08-09T17:55:21.697" intervalms="57.272" type="nursery" />
<percolate-collect id="2127" from="nursery" to="global" reason="concurrent mark exhausted" timestamp="2019-08-09T17:55:21.697"/>
<gc-start id="2128" type="global" contextid="2123" timestamp="2019-08-09T17:55:21.697">
  <mem-info id="2129" free="553048" total="38666240" percent="1">
    <mem type="nursery" free="0" total="27262976" percent="0">
      <mem type="allocate" free="0" total="22806528" percent="0" />
      <mem type="survivor" free="0" total="4456448" percent="0" />
    </mem>
    <mem type="tenure" free="553048" total="11403264" percent="4">
      <mem type="soa" free="439384" total="11289600" percent="3" />
      <mem type="loa" free="113664" total="113664" percent="100" />
    </mem>
    <remembered-set count="1438" />
  </mem-info>
</gc-start>
<allocation-stats totalBytes="19609992" >
  <allocated-bytes non-tlh="16" tlh="19609976" />
  <largest-consumer threadName="main" threadId="0000000001367F00" bytes="19609992" />
</allocation-stats>
<concurrent-halted id="2130" timestamp="2019-08-09T17:55:21.697">
  <halted state="Complete" status="exhausted" />
  <traced bytesTarget="6261911" bytesTotal="3067004" bytesByMutator="883432" bytesByHelper="2183572" percent="48" />
  <cards cleaned="10" thresholdBytes="342265" />
</concurrent-halted>
<gc-op id="2131" type="rs-scan" timems="1.957" contextid="2123" timestamp="2019-08-09T17:55:21.699">
  <scan objectsFound="176" bytesTraced="25828" workStackOverflowCount="0" />
</gc-op>
<gc-op id="2132" type="card-cleaning" timems="4.939" contextid="2123" timestamp="2019-08-09T17:55:21.704">
  <card-cleaning cardsCleaned="4" bytesTraced="5743752" workStackOverflowCount="0" />
</gc-op>
<gc-op id="2133" type="mark" timems="7.857" contextid="2123" timestamp="2019-08-09T17:55:21.712">
  <trace-info objectcount="288" scancount="285" scanbytes="8024" />
  <finalization candidates="81" enqueued="0" />
  <ownableSynchronizers candidates="21" cleared="0" />
  <references type="soft" candidates="2706" cleared="0" enqueued="0" dynamicThreshold="6" maxThreshold="32" />
  <references type="weak" candidates="5407" cleared="0" enqueued="0" />
  <references type="phantom" candidates="74" cleared="0" enqueued="0" />
  <stringconstants candidates="13316" cleared="0"  />
</gc-op>
<gc-op id="2134" type="sweep" timems="2.392" contextid="2123" timestamp="2019-08-09T17:55:21.714" />
<mem-info id="2135" free="18750184" total="38666240" percent="48">
  <mem type="nursery" free="17988936" total="27262976" percent="65">
    <mem type="allocate" free="17988936" total="22806528" percent="78" />
    <mem type="survivor" free="0" total="4456448" percent="0" />
  </mem>
  <mem type="tenure" free="761248" total="11403264" percent="6" micro-fragmented="1024" macro-fragmented="0">
    <mem type="soa" free="647584" total="11289600" percent="5" />
    <mem type="loa" free="113664" total="113664" percent="100" />
  </mem>
  <remembered-set count="1436" />
</mem-info>
<gc-op id="2136" type="compact" timems="43.690" contextid="2123" timestamp="2019-08-09T17:55:21.758">
  <compact-info movecount="337095" movebytes="11800568" reason="compact to aid heap contraction" />
</gc-op>
<heap-resize id="2137" type="expand" space="tenure" amount="131072" count="1" timems="0.020" reason="satisfy allocation request" timestamp="2019-08-09T17:55:21.759" />
<gc-end id="2138" type="global" contextid="2123" durationms="62.126" usertimems="124.846" systemtimems="0.000" timestamp="2019-08-09T17:55:21.759" activeThreads="16">
  <mem-info id="2139" free="19670760" total="38797312" percent="50">
    <mem type="nursery" free="18777928" total="27262976" percent="68">
      <mem type="allocate" free="18777928" total="22806528" percent="82" />
      <mem type="survivor" free="0" total="4456448" percent="0" />
    </mem>
    <mem type="tenure" free="892832" total="11534336" percent="7">
      <mem type="soa" free="778144" total="11419648" percent="6" />
      <mem type="loa" free="114688" total="114688" percent="100" />
    </mem>
    <remembered-set count="1436" />
  </mem-info>
</gc-end>
<cycle-end id="2140" type="global" contextid="2123" timestamp="2019-08-09T17:55:21.759" />
  <attribute name="elasticGC enabled" value="1" />
  <attribute name= "numThreadsSpecified" value="16" />
  <attribute name="heapSize specified" value="38666240" />
  <attribute name="Current GC Util" value="97" />
  <attribute name= "Current Time Running" value="127691" />
  <attribute name ="GC Interval" value="1817" />
  <attribute name="Target GC Util Change" value ="80.000000" />
  <attribute name="Current GC Util Change" value="97.000000"/>
  <attribute name="Current Error" value="-368.000000" />
  <attribute name="Output H" value="38741496"/>
  <attribute name="Output I" value="1584"/>
  <attribute name="Output T" value="16"/>
  <attribute name= "Current Time Running" value="127691" />
  <attribute name="GC Util currently" value="97" />
  <attribute name="CPU Util currently" value="26335042662" />
<allocation-satisfied id="2141" threadId="0000000001367F00" bytesRequested="88" />
<af-end id="2142" timestamp="2019-08-09T17:55:21.759" threadId="0000000001368888" success="true" from="nursery"/>
<exclusive-end id="2143" timestamp="2019-08-09T17:55:21.759" durationms="62.425" />

<concurrent-kickoff id="2144" timestamp="2019-08-09T17:55:21.796">
  <kickoff reason="threshold reached" targetBytes="5768209" thresholdFreeBytes="801845"  remainingFree="722656" tenureFreeBytes="892832" nurseryFreeBytes="722656" />
</concurrent-kickoff>
<exclusive-start id="2145" timestamp="2019-08-09T17:55:21.796" intervalms="99.607">
  <response-info timems="0.020" idlems="0.020" threads="0" lastid="0000000001367F00" lastname="main" />
</exclusive-start>
<cycle-start id="2146" type="global" contextid="0" timestamp="2019-08-09T17:55:21.796" intervalms="106.501" />
<exclusive-end id="2147" timestamp="2019-08-09T17:55:21.796" durationms="0.041" />

<exclusive-start id="2148" timestamp="2019-08-09T17:55:21.804" intervalms="7.950">
  <response-info timems="0.017" idlems="0.017" threads="0" lastid="0000000001367F00" lastname="main" />
</exclusive-start>
<af-start id="2149" threadId="0000000001368888" totalBytesRequested="648" timestamp="2019-08-09T17:55:21.804" intervalms="107.590" type="nursery" />
<cycle-start id="2150" type="scavenge" contextid="0" timestamp="2019-08-09T17:55:21.804" intervalms="164.853" />
<gc-start id="2151" type="scavenge" contextid="2150" timestamp="2019-08-09T17:55:21.804">
  <mem-info id="2152" free="892832" total="38797312" percent="2">
    <mem type="nursery" free="0" total="27262976" percent="0">
      <mem type="allocate" free="0" total="22806528" percent="0" />
      <mem type="survivor" free="0" total="4456448" percent="0" />
    </mem>
    <mem type="tenure" free="892832" total="11534336" percent="7">
      <mem type="soa" free="778144" total="11419648" percent="6" />
      <mem type="loa" free="114688" total="114688" percent="100" />
    </mem>
    <remembered-set count="1640" />
  </mem-info>
</gc-start>
<allocation-stats totalBytes="18756776" >
  <allocated-bytes non-tlh="262248" tlh="18494528" />
  <largest-consumer threadName="main" threadId="0000000001367F00" bytes="18756776" />
</allocation-stats>
<gc-op id="2153" type="scavenge" timems="13.599" contextid="2150" timestamp="2019-08-09T17:55:21.818">
  <scavenger-info tenureage="2" tenuremask="4204" tiltratio="83" />
  <memory-copied type="nursery" objects="119685" bytes="3250888" bytesdiscarded="360128" />
  <memory-copied type="tenure" objects="76695" bytes="1903832" bytesdiscarded="1040" />
  <finalization candidates="1" enqueued="0" />
  <ownableSynchronizers candidates="42" cleared="42" />
  <references type="soft" candidates="145" cleared="41" enqueued="41" dynamicThreshold="2" maxThreshold="32" />
  <references type="weak" candidates="75" cleared="0" enqueued="0" />
  <references type="phantom" candidates="2" cleared="0" enqueued="0" />
  <heap-resize type="expand" space="tenure" amount="1441792" count="22" timems="1.927" reason="continue current collection" />
</gc-op>
<gc-end id="2154" type="scavenge" contextid="2150" durationms="14.179" usertimems="46.807" systemtimems="0.000" timestamp="2019-08-09T17:55:21.818" activeThreads="16">
  <mem-info id="2155" free="19653096" total="40239104" percent="48">
    <mem type="nursery" free="19523048" total="27262976" percent="71">
      <mem type="allocate" free="19523048" total="23134208" percent="84" />
      <mem type="survivor" free="0" total="4128768" percent="0" />
    </mem>
    <mem type="tenure" free="130048" total="12976128" percent="1" macro-fragmented="0">
      <mem type="soa" free="1024" total="12847104" percent="0" />
      <mem type="loa" free="129024" total="129024" percent="100" />
    </mem>
    <pending-finalizers system="0" default="0" reference="41" classloader="0" />
    <remembered-set count="2745" />
  </mem-info>
</gc-end>
<cycle-end id="2156" type="scavenge" contextid="2150" timestamp="2019-08-09T17:55:21.819" />
  <attribute name="elasticGC enabled" value="1" />
  <attribute name= "numThreadsSpecified" value="16" />
  <attribute name="heapSize specified" value="38666240" />
  <attribute name="Current GC Util" value="207" />
  <attribute name= "Current Time Running" value="127737" />
  <attribute name ="GC Interval" value="1865" />
  <attribute name="Target GC Util Change" value ="80.000000" />
  <attribute name="Current GC Util Change" value="207.000000"/>
  <attribute name="Current Error" value="-127.000000" />
  <attribute name="Output H" value="38872848"/>
  <attribute name="Output I" value="1864"/>
  <attribute name="Output T" value="16"/>
  <attribute name= "Current Time Running" value="127737" />
  <attribute name="GC Util currently" value="207" />
  <attribute name="CPU Util currently" value="24943112398" />
<allocation-satisfied id="2157" threadId="0000000001367F00" bytesRequested="648" />
<af-end id="2158" timestamp="2019-08-09T17:55:21.819" threadId="0000000001368888" success="true" from="nursery"/>
<exclusive-end id="2159" timestamp="2019-08-09T17:55:21.819" durationms="14.656" />

<exclusive-start id="2160" timestamp="2019-08-09T17:55:21.819" intervalms="14.833">
  <response-info timems="0.033" idlems="0.033" threads="0" lastid="0000000001367F00" lastname="main" />
</exclusive-start>
<concurrent-collection-start id="2161" timestamp="2019-08-09T17:55:21.819" intervalms="336.091" >
  <concurrent-trace-info reason="card cleaning threshold reached" tracedByMutators="2012292" tracedByHelpers="901140" cardsCleaned="4" workStackOverflowCount="0" />
</concurrent-collection-start>
<gc-start id="2162" type="global" contextid="2146" timestamp="2019-08-09T17:55:21.819">
  <mem-info id="2163" free="19586912" total="40239104" percent="48">
    <mem type="nursery" free="19456864" total="27262976" percent="71">
      <mem type="allocate" free="19456864" total="23134208" percent="84" />
      <mem type="survivor" free="0" total="4128768" percent="0" />
    </mem>
    <mem type="tenure" free="130048" total="12976128" percent="1">
      <mem type="soa" free="1024" total="12847104" percent="0" />
      <mem type="loa" free="129024" total="129024" percent="100" />
    </mem>
    <pending-finalizers system="0" default="0" reference="40" classloader="0" />
    <remembered-set count="2745" />
  </mem-info>
</gc-start>
<allocation-stats totalBytes="66184" >
  <allocated-bytes non-tlh="648" tlh="65536" />
  <largest-consumer threadName="main" threadId="0000000001367F00" bytes="66184" />
</allocation-stats>
<gc-op id="2164" type="rs-scan" timems="3.257" contextid="2146" timestamp="2019-08-09T17:55:21.822">
  <scan objectsFound="130" bytesTraced="16116" workStackOverflowCount="0" />
</gc-op>
<gc-op id="2165" type="card-cleaning" timems="4.359" contextid="2146" timestamp="2019-08-09T17:55:21.827">
  <card-cleaning cardsCleaned="28" bytesTraced="6628256" workStackOverflowCount="0" />
</gc-op>
<gc-op id="2166" type="mark" timems="8.202" contextid="2146" timestamp="2019-08-09T17:55:21.835">
  <trace-info objectcount="318" scancount="313" scanbytes="8912" />
  <finalization candidates="81" enqueued="0" />
  <ownableSynchronizers candidates="21" cleared="0" />
  <references type="soft" candidates="2665" cleared="834" enqueued="817" dynamicThreshold="2" maxThreshold="32" />
  <references type="weak" candidates="5407" cleared="0" enqueued="0" />
  <references type="phantom" candidates="74" cleared="0" enqueued="0" />
  <stringconstants candidates="13316" cleared="5"  />
</gc-op>
<gc-op id="2167" type="sweep" timems="6.494" contextid="2146" timestamp="2019-08-09T17:55:21.842" />
<mem-info id="2168" free="20424320" total="40239104" percent="50">
  <mem type="nursery" free="19881328" total="27262976" percent="72">
    <mem type="allocate" free="19881328" total="23134208" percent="85" />
    <mem type="survivor" free="0" total="4128768" percent="0" />
  </mem>
  <mem type="tenure" free="542992" total="12976128" percent="4" micro-fragmented="62853" macro-fragmented="0">
    <mem type="soa" free="413968" total="12847104" percent="3" />
    <mem type="loa" free="129024" total="129024" percent="100" />
  </mem>
  <pending-finalizers system="0" default="0" reference="857" classloader="0" />
  <remembered-set count="2249" />
</mem-info>
<gc-op id="2169" type="compact" timems="88.750" contextid="2146" timestamp="2019-08-09T17:55:21.930">
  <compact-info movecount="406362" movebytes="14737664" reason="compact to aid heap contraction" />
</gc-op>
<heap-resize id="2170" type="expand" space="tenure" amount="131072" count="1" timems="0.020" reason="satisfy allocation request" timestamp="2019-08-09T17:55:21.931" />
<gc-end id="2171" type="global" contextid="2146" durationms="112.384" usertimems="191.343" systemtimems="0.000" timestamp="2019-08-09T17:55:21.931" activeThreads="16">
  <mem-info id="2172" free="20647720" total="40370176" percent="51">
    <mem type="nursery" free="19883728" total="27262976" percent="72">
      <mem type="allocate" free="19883728" total="23134208" percent="85" />
      <mem type="survivor" free="0" total="4128768" percent="0" />
    </mem>
    <mem type="tenure" free="763992" total="13107200" percent="5">
      <mem type="soa" free="632920" total="12976128" percent="4" />
      <mem type="loa" free="131072" total="131072" percent="100" />
    </mem>
    <pending-finalizers system="0" default="0" reference="857" classloader="0" />
    <remembered-set count="2249" />
  </mem-info>
</gc-end>
<cycle-end id="2173" type="global" contextid="2146" timestamp="2019-08-09T17:55:21.932" />
  <attribute name="elasticGC enabled" value="1" />
  <attribute name= "numThreadsSpecified" value="16" />
  <attribute name="heapSize specified" value="40239104" />
  <attribute name="Current GC Util" value="61" />
  <attribute name= "Current Time Running" value="127864" />
  <attribute name ="GC Interval" value="1865" />
  <attribute name="Target GC Util Change" value ="80.000000" />
  <attribute name="Current GC Util Change" value="61.000000"/>
  <attribute name="Current Error" value="-96.000000" />
  <attribute name="Output H" value="40314680"/>
  <attribute name="Output I" value="1904"/>
  <attribute name="Output T" value="16"/>
  <attribute name= "Current Time Running" value="127864" />
  <attribute name="GC Util currently" value="61" />
  <attribute name="CPU Util currently" value="12979023617" />
<concurrent-collection-end id="2174" timestamp="2019-08-09T17:55:21.932" />
<exclusive-end id="2175" timestamp="2019-08-09T17:55:21.932" durationms="112.892" />

<concurrent-kickoff id="2176" timestamp="2019-08-09T17:55:21.994">
  <kickoff reason="threshold reached" targetBytes="5914890" thresholdFreeBytes="790064"  remainingFree="693968" tenureFreeBytes="763992" nurseryFreeBytes="693968" />
</concurrent-kickoff>
<exclusive-start id="2177" timestamp="2019-08-09T17:55:21.994" intervalms="175.508">
  <response-info timems="0.128" idlems="0.128" threads="0" lastid="0000000001367F00" lastname="main" />
</exclusive-start>
<cycle-start id="2178" type="global" contextid="0" timestamp="2019-08-09T17:55:21.994" intervalms="198.301" />
<exclusive-end id="2179" timestamp="2019-08-09T17:55:21.994" durationms="0.050" />

<exclusive-start id="2180" timestamp="2019-08-09T17:55:22.001" intervalms="6.315">
  <response-info timems="0.020" idlems="0.020" threads="0" lastid="0000000001367F00" lastname="main" />
</exclusive-start>
<concurrent-collection-start id="2181" timestamp="2019-08-09T17:55:22.001" intervalms="181.805" >
  <concurrent-trace-info reason="card cleaning threshold reached" tracedByMutators="678360" tracedByHelpers="2163480" cardsCleaned="8" workStackOverflowCount="0" />
</concurrent-collection-start>
<gc-start id="2182" type="global" contextid="2178" timestamp="2019-08-09T17:55:22.001">
  <mem-info id="2183" free="763992" total="40370176" percent="1">
    <mem type="nursery" free="0" total="27262976" percent="0">
      <mem type="allocate" free="0" total="23134208" percent="0" />
      <mem type="survivor" free="0" total="4128768" percent="0" />
    </mem>
    <mem type="tenure" free="763992" total="13107200" percent="5">
      <mem type="soa" free="632920" total="12976128" percent="4" />
      <mem type="loa" free="131072" total="131072" percent="100" />
    </mem>
    <remembered-set count="4068" />
  </mem-info>
</gc-start>
<allocation-stats totalBytes="19861144" >
  <allocated-bytes non-tlh="0" tlh="19861144" />
  <largest-consumer threadName="main" threadId="0000000001367F00" bytes="19857048" />
</allocation-stats>
<gc-op id="2184" type="rs-scan" timems="1.615" contextid="2178" timestamp="2019-08-09T17:55:22.003">
  <scan objectsFound="294" bytesTraced="43468" workStackOverflowCount="0" />
</gc-op>
<gc-op id="2185" type="card-cleaning" timems="5.898" contextid="2178" timestamp="2019-08-09T17:55:22.009">
  <card-cleaning cardsCleaned="3" bytesTraced="7431592" workStackOverflowCount="0" />
</gc-op>
<gc-op id="2186" type="mark" timems="6.516" contextid="2178" timestamp="2019-08-09T17:55:22.015">
  <trace-info objectcount="209" scancount="207" scanbytes="5116" />
  <finalization candidates="81" enqueued="0" />
  <ownableSynchronizers candidates="21" cleared="0" />
  <references type="soft" candidates="1831" cleared="2" enqueued="2" dynamicThreshold="1" maxThreshold="32" />
  <references type="weak" candidates="5407" cleared="0" enqueued="0" />
  <references type="phantom" candidates="74" cleared="0" enqueued="0" />
  <stringconstants candidates="13311" cleared="172"  />
</gc-op>
<gc-op id="2187" type="sweep" timems="8.291" contextid="2178" timestamp="2019-08-09T17:55:22.024" />
<mem-info id="2188" free="18780800" total="40370176" percent="46">
  <mem type="nursery" free="18003400" total="27262976" percent="66">
    <mem type="allocate" free="18003400" total="23134208" percent="77" />
    <mem type="survivor" free="0" total="4128768" percent="0" />
  </mem>
  <mem type="tenure" free="777400" total="13107200" percent="5" micro-fragmented="50343" macro-fragmented="0">
    <mem type="soa" free="646328" total="12976128" percent="4" />
    <mem type="loa" free="131072" total="131072" percent="100" />
  </mem>
  <pending-finalizers system="0" default="0" reference="2" classloader="0" />
  <remembered-set count="3173" />
</mem-info>
<gc-op id="2189" type="compact" timems="92.284" contextid="2178" timestamp="2019-08-09T17:55:22.116">
  <compact-info movecount="444367" movebytes="15670656" reason="compact to aid heap contraction" />
</gc-op>
<heap-resize id="2190" type="expand" space="tenure" amount="131072" count="1" timems="0.020" reason="satisfy allocation request" timestamp="2019-08-09T17:55:22.117" />
<gc-end id="2191" type="global" contextid="2178" durationms="116.019" usertimems="208.559" systemtimems="0.000" timestamp="2019-08-09T17:55:22.117" activeThreads="16">
  <mem-info id="2192" free="19855680" total="40501248" percent="49">
    <mem type="nursery" free="18863624" total="27262976" percent="69">
      <mem type="allocate" free="18863624" total="23134208" percent="81" />
      <mem type="survivor" free="0" total="4128768" percent="0" />
    </mem>
    <mem type="tenure" free="992056" total="13238272" percent="7">
      <mem type="soa" free="859960" total="13106176" percent="6" />
      <mem type="loa" free="132096" total="132096" percent="100" />
    </mem>
    <pending-finalizers system="0" default="0" reference="2" classloader="0" />
    <remembered-set count="3173" />
  </mem-info>
</gc-end>
<cycle-end id="2193" type="global" contextid="2178" timestamp="2019-08-09T17:55:22.117" />
  <attribute name="elasticGC enabled" value="1" />
  <attribute name= "numThreadsSpecified" value="16" />
  <attribute name="heapSize specified" value="40370176" />
  <attribute name="Current GC Util" value="70" />
  <attribute name= "Current Time Running" value="128049" />
  <attribute name ="GC Interval" value="1865" />
  <attribute name="Target GC Util Change" value ="80.000000" />
  <attribute name="Current GC Util Change" value="70.000000"/>
  <attribute name="Current Error" value="-143.000000" />
  <attribute name="Output H" value="40445696"/>
  <attribute name="Output I" value="1848"/>
  <attribute name="Output T" value="16"/>
  <attribute name= "Current Time Running" value="128049" />
  <attribute name="GC Util currently" value="70" />
  <attribute name="CPU Util currently" value="12485799151" />
<concurrent-collection-end id="2194" timestamp="2019-08-09T17:55:22.117" />
<exclusive-end id="2195" timestamp="2019-08-09T17:55:22.117" durationms="116.410" />

<concurrent-kickoff id="2196" timestamp="2019-08-09T17:55:22.154">
  <kickoff reason="threshold reached" targetBytes="5397179" thresholdFreeBytes="726589"  remainingFree="677384" tenureFreeBytes="992056" nurseryFreeBytes="677384" />
</concurrent-kickoff>
<exclusive-start id="2197" timestamp="2019-08-09T17:55:22.154" intervalms="152.978">
  <response-info timems="0.038" idlems="0.038" threads="0" lastid="0000000001367F00" lastname="main" />
</exclusive-start>
<cycle-start id="2198" type="global" contextid="0" timestamp="2019-08-09T17:55:22.155" intervalms="160.550" />
<exclusive-end id="2199" timestamp="2019-08-09T17:55:22.155" durationms="1.317" />

<exclusive-start id="2200" timestamp="2019-08-09T17:55:22.161" intervalms="7.066">
  <response-info timems="0.015" idlems="0.015" threads="0" lastid="0000000001367F00" lastname="main" />
</exclusive-start>
<concurrent-collection-start id="2201" timestamp="2019-08-09T17:55:22.161" intervalms="160.101" >
  <concurrent-trace-info reason="card cleaning threshold reached" tracedByMutators="733468" tracedByHelpers="2108276" cardsCleaned="4" workStackOverflowCount="0" />
</concurrent-collection-start>
<gc-start id="2202" type="global" contextid="2198" timestamp="2019-08-09T17:55:22.161">
  <mem-info id="2203" free="992056" total="40501248" percent="2">
    <mem type="nursery" free="0" total="27262976" percent="0">
      <mem type="allocate" free="0" total="23134208" percent="0" />
      <mem type="survivor" free="0" total="4128768" percent="0" />
    </mem>
    <mem type="tenure" free="992056" total="13238272" percent="7">
      <mem type="soa" free="859960" total="13106176" percent="6" />
      <mem type="loa" free="132096" total="132096" percent="100" />
    </mem>
    <remembered-set count="3420" />
  </mem-info>
</gc-start>
<allocation-stats totalBytes="18843968" >
  <allocated-bytes non-tlh="0" tlh="18843968" />
  <largest-consumer threadName="main" threadId="0000000001367F00" bytes="18843968" />
</allocation-stats>
<gc-op id="2204" type="rs-scan" timems="2.518" contextid="2198" timestamp="2019-08-09T17:55:22.164">
  <scan objectsFound="295" bytesTraced="43556" workStackOverflowCount="0" />
</gc-op>
<gc-op id="2205" type="card-cleaning" timems="6.232" contextid="2198" timestamp="2019-08-09T17:55:22.170">
  <card-cleaning cardsCleaned="9" bytesTraced="8207480" workStackOverflowCount="0" />
</gc-op>
<gc-op id="2206" type="mark" timems="9.931" contextid="2198" timestamp="2019-08-09T17:55:22.180">
  <trace-info objectcount="195" scancount="194" scanbytes="4684" />
  <finalization candidates="81" enqueued="0" />
  <ownableSynchronizers candidates="21" cleared="0" />
  <references type="soft" candidates="1829" cleared="0" enqueued="0" dynamicThreshold="2" maxThreshold="32" />
  <references type="weak" candidates="5407" cleared="0" enqueued="0" />
  <references type="phantom" candidates="74" cleared="0" enqueued="0" />
  <stringconstants candidates="13139" cleared="0"  />
</gc-op>
<gc-op id="2207" type="sweep" timems="2.148" contextid="2198" timestamp="2019-08-09T17:55:22.182" />
<mem-info id="2208" free="18072472" total="40501248" percent="44">
  <mem type="nursery" free="17080416" total="27262976" percent="62">
    <mem type="allocate" free="17080416" total="23134208" percent="73" />
    <mem type="survivor" free="0" total="4128768" percent="0" />
  </mem>
  <mem type="tenure" free="992056" total="13238272" percent="7" micro-fragmented="0" macro-fragmented="0">
    <mem type="soa" free="859960" total="13106176" percent="6" />
    <mem type="loa" free="132096" total="132096" percent="100" />
  </mem>
  <remembered-set count="3417" />
</mem-info>
<gc-op id="2209" type="compact" timems="62.559" contextid="2198" timestamp="2019-08-09T17:55:22.245">
  <compact-info movecount="274711" movebytes="9539944" reason="compact to aid heap contraction" />
</gc-op>
<heap-resize id="2210" type="expand" space="tenure" amount="131072" count="1" timems="0.018" reason="satisfy allocation request" timestamp="2019-08-09T17:55:22.246" />
<gc-end id="2211" type="global" contextid="2198" durationms="85.304" usertimems="153.949" systemtimems="0.000" timestamp="2019-08-09T17:55:22.246" activeThreads="16">
  <mem-info id="2212" free="18988064" total="40632320" percent="46">
    <mem type="nursery" free="17864584" total="27262976" percent="65">
      <mem type="allocate" free="17864584" total="23134208" percent="77" />
      <mem type="survivor" free="0" total="4128768" percent="0" />
    </mem>
    <mem type="tenure" free="1123480" total="13369344" percent="8">
      <mem type="soa" free="990360" total="13236224" percent="7" />
      <mem type="loa" free="133120" total="133120" percent="100" />
    </mem>
    <remembered-set count="3417" />
  </mem-info>
</gc-end>
<cycle-end id="2213" type="global" contextid="2198" timestamp="2019-08-09T17:55:22.246" />
  <attribute name="elasticGC enabled" value="1" />
  <attribute name= "numThreadsSpecified" value="16" />
  <attribute name="heapSize specified" value="40501248" />
  <attribute name="Current GC Util" value="60" />
  <attribute name= "Current Time Running" value="128178" />
  <attribute name ="GC Interval" value="1865" />
  <attribute name="Target GC Util Change" value ="80.000000" />
  <attribute name="Current GC Util Change" value="60.000000"/>
  <attribute name="Current Error" value="-562.000000" />
  <attribute name="Output H" value="40576280"/>
  <attribute name="Output I" value="1360"/>
  <attribute name="Output T" value="16"/>
  <attribute name= "Current Time Running" value="128178" />
  <attribute name="GC Util currently" value="60" />
  <attribute name="CPU Util currently" value="18416359153" />
<concurrent-collection-end id="2214" timestamp="2019-08-09T17:55:22.246" />
<exclusive-end id="2215" timestamp="2019-08-09T17:55:22.246" durationms="85.643" />

<concurrent-kickoff id="2216" timestamp="2019-08-09T17:55:22.310">
  <kickoff reason="threshold reached" targetBytes="4958355" thresholdFreeBytes="672222"  remainingFree="621344" tenureFreeBytes="1123480" nurseryFreeBytes="621344" />
</concurrent-kickoff>
<exclusive-start id="2217" timestamp="2019-08-09T17:55:22.310" intervalms="149.734">
  <response-info timems="0.135" idlems="0.135" threads="0" lastid="0000000001367F00" lastname="main" />
</exclusive-start>
<cycle-start id="2218" type="global" contextid="0" timestamp="2019-08-09T17:55:22.311" intervalms="155.546" />
<exclusive-end id="2219" timestamp="2019-08-09T17:55:22.311" durationms="0.055" />

<exclusive-start id="2220" timestamp="2019-08-09T17:55:22.317" intervalms="6.107">
  <response-info timems="0.016" idlems="0.016" threads="0" lastid="0000000001367F00" lastname="main" />
</exclusive-start>
<af-start id="2221" threadId="0000000001368888" totalBytesRequested="16" timestamp="2019-08-09T17:55:22.317" intervalms="512.574" type="nursery" />
<cycle-start id="2222" type="scavenge" contextid="0" timestamp="2019-08-09T17:55:22.317" intervalms="512.755" />
<gc-start id="2223" type="scavenge" contextid="2222" timestamp="2019-08-09T17:55:22.317">
  <mem-info id="2224" free="1123480" total="40632320" percent="2">
    <mem type="nursery" free="0" total="27262976" percent="0">
      <mem type="allocate" free="0" total="23134208" percent="0" />
      <mem type="survivor" free="0" total="4128768" percent="0" />
    </mem>
    <mem type="tenure" free="1123480" total="13369344" percent="8">
      <mem type="soa" free="990360" total="13236224" percent="7" />
      <mem type="loa" free="133120" total="133120" percent="100" />
    </mem>
    <remembered-set count="3575" />
  </mem-info>
</gc-start>
<allocation-stats totalBytes="17858920" >
  <allocated-bytes non-tlh="1809512" tlh="16049408" />
  <largest-consumer threadName="main" threadId="0000000001367F00" bytes="17858920" />
</allocation-stats>
<gc-op id="2225" type="scavenge" timems="11.022" contextid="2222" timestamp="2019-08-09T17:55:22.328">
  <scavenger-info tenureage="2" tenuremask="4004" tiltratio="84" />
  <memory-copied type="nursery" objects="105129" bytes="4109072" bytesdiscarded="19552" />
  <memory-copied type="tenure" objects="131939" bytes="3247784" bytesdiscarded="1136" />
  <copy-failed type="nursery" objects="98410" bytes="2426640" />
  <finalization candidates="2" enqueued="1" />
  <ownableSynchronizers candidates="42" cleared="42" />
  <references type="soft" candidates="104" cleared="0" enqueued="0" dynamicThreshold="2" maxThreshold="32" />
  <references type="weak" candidates="75" cleared="0" enqueued="0" />
  <references type="phantom" candidates="2" cleared="0" enqueued="0" />
  <heap-resize type="expand" space="tenure" amount="2490368" count="19" timems="1.720" reason="continue current collection" />
</gc-op>
<gc-end id="2226" type="scavenge" contextid="2222" durationms="11.599" usertimems="47.857" systemtimems="0.000" timestamp="2019-08-09T17:55:22.329" activeThreads="16">
  <mem-info id="2227" free="11520504" total="43122688" percent="26">
    <mem type="nursery" free="11337728" total="27262976" percent="41">
      <mem type="allocate" free="11337728" total="15466496" percent="73" />
      <mem type="survivor" free="0" total="11796480" percent="0" />
    </mem>
    <mem type="tenure" free="182776" total="15859712" percent="1" macro-fragmented="0">
      <mem type="soa" free="25080" total="15702016" percent="0" />
      <mem type="loa" free="157696" total="157696" percent="100" />
    </mem>
    <pending-finalizers system="0" default="1" reference="0" classloader="0" />
    <remembered-set count="6469" />
  </mem-info>
</gc-end>
<cycle-end id="2228" type="scavenge" contextid="2222" timestamp="2019-08-09T17:55:22.329" />
  <attribute name="elasticGC enabled" value="1" />
  <attribute name= "numThreadsSpecified" value="16" />
  <attribute name="heapSize specified" value="40501248" />
  <attribute name="Current GC Util" value="89" />
  <attribute name= "Current Time Running" value="128250" />
  <attribute name ="GC Interval" value="1353" />
  <attribute name="Target GC Util Change" value ="80.000000" />
  <attribute name="Current GC Util Change" value="89.000000"/>
  <attribute name="Current Error" value="-571.000000" />
  <attribute name="Output H" value="40707344"/>
  <attribute name="Output I" value="1352"/>
  <attribute name="Output T" value="16"/>
  <attribute name= "Current Time Running" value="128250" />
  <attribute name="GC Util currently" value="89" />
  <attribute name="CPU Util currently" value="15992005928" />
<allocation-satisfied id="2229" threadId="0000000001367F00" bytesRequested="16" />
<af-end id="2230" timestamp="2019-08-09T17:55:22.329" threadId="0000000001368888" success="true" from="nursery"/>
<exclusive-end id="2231" timestamp="2019-08-09T17:55:22.329" durationms="12.300" />

<exclusive-start id="2232" timestamp="2019-08-09T17:55:22.374" intervalms="57.692">
  <response-info timems="0.057" idlems="0.057" threads="0" lastid="0000000001367F00" lastname="main" />
</exclusive-start>
<concurrent-collection-start id="2233" timestamp="2019-08-09T17:55:22.374" intervalms="213.618" >
  <concurrent-trace-info reason="card cleaning threshold reached" tracedByMutators="552540" tracedByHelpers="2289844" cardsCleaned="1" workStackOverflowCount="0" />
</concurrent-collection-start>
<gc-start id="2234" type="global" contextid="2218" timestamp="2019-08-09T17:55:22.375">
  <mem-info id="2235" free="281064" total="43122688" percent="0">
    <mem type="nursery" free="98288" total="27262976" percent="0">
      <mem type="allocate" free="98288" total="15466496" percent="0" />
      <mem type="survivor" free="0" total="11796480" percent="0" />
    </mem>
    <mem type="tenure" free="182776" total="15859712" percent="1">
      <mem type="soa" free="25080" total="15702016" percent="0" />
      <mem type="loa" free="157696" total="157696" percent="100" />
    </mem>
    <remembered-set count="6470" />
  </mem-info>
</gc-start>
<allocation-stats totalBytes="11238232" >
  <allocated-bytes non-tlh="16" tlh="11238216" />
  <largest-consumer threadName="main" threadId="0000000001367F00" bytes="11238232" />
</allocation-stats>
<gc-op id="2236" type="rs-scan" timems="1.511" contextid="2218" timestamp="2019-08-09T17:55:22.376">
  <scan objectsFound="139" bytesTraced="15348" workStackOverflowCount="0" />
</gc-op>
<gc-op id="2237" type="card-cleaning" timems="15.988" contextid="2218" timestamp="2019-08-09T17:55:22.392">
  <card-cleaning cardsCleaned="141" bytesTraced="9756524" workStackOverflowCount="0" />
</gc-op>
<gc-op id="2238" type="mark" timems="12.458" contextid="2218" timestamp="2019-08-09T17:55:22.405">
  <trace-info objectcount="190" scancount="189" scanbytes="4604" />
  <finalization candidates="81" enqueued="0" />
  <ownableSynchronizers candidates="21" cleared="0" />
  <references type="soft" candidates="1829" cleared="0" enqueued="0" dynamicThreshold="2" maxThreshold="32" />
  <references type="weak" candidates="5413" cleared="0" enqueued="0" />
  <references type="phantom" candidates="74" cleared="0" enqueued="0" />
  <stringconstants candidates="13139" cleared="0"  />
</gc-op>
<gc-op id="2239" type="sweep" timems="2.311" contextid="2218" timestamp="2019-08-09T17:55:22.408" />
<mem-info id="2240" free="12108896" total="43122688" percent="28">
  <mem type="nursery" free="9811240" total="27262976" percent="35">
    <mem type="allocate" free="9811240" total="15466496" percent="63" />
    <mem type="survivor" free="0" total="11796480" percent="0" />
  </mem>
  <mem type="tenure" free="2297656" total="15859712" percent="14" micro-fragmented="1792" macro-fragmented="868149">
    <mem type="soa" free="2139960" total="15702016" percent="13" />
    <mem type="loa" free="157696" total="157696" percent="100" />
  </mem>
  <remembered-set count="6470" />
</mem-info>
<gc-op id="2241" type="compact" timems="80.094" contextid="2218" timestamp="2019-08-09T17:55:22.488">
  <compact-info movecount="464046" movebytes="12994368" reason="compact to aid heap contraction" />
</gc-op>
<heap-resize id="2242" type="expand" space="tenure" amount="131072" count="1" timems="0.025" reason="satisfy allocation request" timestamp="2019-08-09T17:55:22.494" />
<gc-end id="2243" type="global" contextid="2218" durationms="120.544" usertimems="228.807" systemtimems="0.000" timestamp="2019-08-09T17:55:22.495" activeThreads="16">
  <mem-info id="2244" free="13134072" total="43253760" percent="30">
    <mem type="nursery" free="10704208" total="27262976" percent="39">
      <mem type="allocate" free="10704208" total="15466496" percent="69" />
      <mem type="survivor" free="0" total="11796480" percent="0" />
    </mem>
    <mem type="tenure" free="2429864" total="15990784" percent="15">
      <mem type="soa" free="2270120" total="15831040" percent="14" />
      <mem type="loa" free="159744" total="159744" percent="100" />
    </mem>
    <remembered-set count="6470" />
  </mem-info>
</gc-end>
<cycle-end id="2245" type="global" contextid="2218" timestamp="2019-08-09T17:55:22.496" />
  <attribute name="elasticGC enabled" value="1" />
  <attribute name= "numThreadsSpecified" value="16" />
  <attribute name="heapSize specified" value="43122688" />
  <attribute name="Current GC Util" value="49" />
  <attribute name= "Current Time Running" value="128421" />
  <attribute name ="GC Interval" value="1353" />
  <attribute name="Target GC Util Change" value ="80.000000" />
  <attribute name="Current GC Util Change" value="49.000000"/>
  <attribute name="Current Error" value="-510.000000" />
  <attribute name="Output H" value="43197784"/>
  <attribute name="Output I" value="1424"/>
  <attribute name="Output T" value="16"/>
  <attribute name= "Current Time Running" value="128421" />
  <attribute name="GC Util currently" value="49" />
  <attribute name="CPU Util currently" value="14380997953" />
<concurrent-collection-end id="2246" timestamp="2019-08-09T17:55:22.496" />
<exclusive-end id="2247" timestamp="2019-08-09T17:55:22.497" durationms="122.222" />

<concurrent-kickoff id="2248" timestamp="2019-08-09T17:55:22.528">
  <kickoff reason="threshold reached" targetBytes="5300712" thresholdFreeBytes="721832"  remainingFree="644424" tenureFreeBytes="2429864" nurseryFreeBytes="644424" />
</concurrent-kickoff>
<exclusive-start id="2249" timestamp="2019-08-09T17:55:22.528" intervalms="153.862">
  <response-info timems="0.045" idlems="0.045" threads="0" lastid="0000000001367F00" lastname="main" />
</exclusive-start>
<cycle-start id="2250" type="global" contextid="0" timestamp="2019-08-09T17:55:22.528" intervalms="217.708" />
<exclusive-end id="2251" timestamp="2019-08-09T17:55:22.528" durationms="0.147" />

-------------------------------------------------------------------------------
PYBENCH 2.0
-------------------------------------------------------------------------------
* using Python 2.5.2
* system check interval set to maximum: 2147483647
* using timer: time.time

<exclusive-start id="2252" timestamp="2019-08-09T17:55:22.535" intervalms="6.541">
  <response-info timems="0.016" idlems="0.016" threads="0" lastid="0000000001367F00" lastname="main" />
</exclusive-start>
<concurrent-collection-start id="2253" timestamp="2019-08-09T17:55:22.535" intervalms="160.353" >
  <concurrent-trace-info reason="card cleaning threshold reached" tracedByMutators="8312" tracedByHelpers="2792048" cardsCleaned="39" workStackOverflowCount="0" />
</concurrent-collection-start>
<gc-start id="2254" type="global" contextid="2250" timestamp="2019-08-09T17:55:22.535">
  <mem-info id="2255" free="2678888" total="43253760" percent="6">
    <mem type="nursery" free="251208" total="27262976" percent="0">
      <mem type="allocate" free="251208" total="15466496" percent="1" />
      <mem type="survivor" free="0" total="11796480" percent="0" />
    </mem>
    <mem type="tenure" free="2427680" total="15990784" percent="15">
      <mem type="soa" free="2267936" total="15831040" percent="14" />
      <mem type="loa" free="159744" total="159744" percent="100" />
    </mem>
    <remembered-set count="6529" />
  </mem-info>
</gc-start>
<allocation-stats totalBytes="10453864" >
  <allocated-bytes non-tlh="133264" tlh="10320600" />
  <largest-consumer threadName="main" threadId="0000000001367F00" bytes="10453864" />
</allocation-stats>
<gc-op id="2256" type="rs-scan" timems="0.962" contextid="2250" timestamp="2019-08-09T17:55:22.536">
  <scan objectsFound="171" bytesTraced="17508" workStackOverflowCount="0" />
</gc-op>
<gc-op id="2257" type="card-cleaning" timems="3.906" contextid="2250" timestamp="2019-08-09T17:55:22.540">
  <card-cleaning cardsCleaned="1" bytesTraced="10333232" workStackOverflowCount="0" />
</gc-op>
<gc-op id="2258" type="mark" timems="4.078" contextid="2250" timestamp="2019-08-09T17:55:22.544">
  <trace-info objectcount="2592" scancount="2284" scanbytes="63376" />
  <finalization candidates="81" enqueued="0" />
  <ownableSynchronizers candidates="21" cleared="0" />
  <references type="soft" candidates="1829" cleared="0" enqueued="0" dynamicThreshold="4" maxThreshold="32" />
  <references type="weak" candidates="5439" cleared="0" enqueued="0" />
  <references type="phantom" candidates="74" cleared="0" enqueued="0" />
  <stringconstants candidates="13173" cleared="4"  />
</gc-op>
<gc-op id="2259" type="sweep" timems="2.716" contextid="2250" timestamp="2019-08-09T17:55:22.547" />
<mem-info id="2260" free="12889560" total="43253760" percent="29">
  <mem type="nursery" free="10451408" total="27262976" percent="38">
    <mem type="allocate" free="10451408" total="15466496" percent="67" />
    <mem type="survivor" free="0" total="11796480" percent="0" />
  </mem>
  <mem type="tenure" free="2438152" total="15990784" percent="15" micro-fragmented="0" macro-fragmented="2160235">
    <mem type="soa" free="2278408" total="15831040" percent="14" />
    <mem type="loa" free="159744" total="159744" percent="100" />
  </mem>
  <remembered-set count="6525" />
</mem-info>
<gc-op id="2261" type="compact" timems="93.972" contextid="2250" timestamp="2019-08-09T17:55:22.641">
  <compact-info movecount="549855" movebytes="15332440" reason="compact to aid heap contraction" />
</gc-op>
<heap-resize id="2262" type="expand" space="tenure" amount="131072" count="1" timems="0.021" reason="satisfy allocation request" timestamp="2019-08-09T17:55:22.642" />
<gc-end id="2263" type="global" contextid="2250" durationms="107.133" usertimems="184.826" systemtimems="0.000" timestamp="2019-08-09T17:55:22.642" activeThreads="16">
  <mem-info id="2264" free="13840296" total="43384832" percent="31">
    <mem type="nursery" free="11270400" total="27262976" percent="41">
      <mem type="allocate" free="11270400" total="15466496" percent="72" />
      <mem type="survivor" free="0" total="11796480" percent="0" />
    </mem>
    <mem type="tenure" free="2569896" total="16121856" percent="15">
      <mem type="soa" free="2409128" total="15961088" percent="15" />
      <mem type="loa" free="160768" total="160768" percent="100" />
    </mem>
    <remembered-set count="6525" />
  </mem-info>
</gc-end>
<cycle-end id="2265" type="global" contextid="2250" timestamp="2019-08-09T17:55:22.642" />
  <attribute name="elasticGC enabled" value="1" />
  <attribute name= "numThreadsSpecified" value="16" />
  <attribute name="heapSize specified" value="43253760" />
  <attribute name="Current GC Util" value="48" />
  <attribute name= "Current Time Running" value="128574" />
  <attribute name ="GC Interval" value="1353" />
  <attribute name="Target GC Util Change" value ="80.000000" />
  <attribute name="Current GC Util Change" value="48.000000"/>
  <attribute name="Current Error" value="32.000000" />
  <attribute name="Output H" value="43329480"/>
  <attribute name="Output I" value="2048"/>
  <attribute name="Output T" value="16"/>
  <attribute name= "Current Time Running" value="128574" />
  <attribute name="GC Util currently" value="48" />
  <attribute name="CPU Util currently" value="12265714978" />
<concurrent-collection-end id="2266" timestamp="2019-08-09T17:55:22.642" />
<exclusive-end id="2267" timestamp="2019-08-09T17:55:22.642" durationms="107.509" />

Calibrating tests. Please wait...

Running 4 round(s) of the suite at warp factor 10:

<concurrent-kickoff id="2268" timestamp="2019-08-09T17:55:22.794">
  <kickoff reason="threshold reached" targetBytes="4829628" thresholdFreeBytes="661721"  remainingFree="588032" tenureFreeBytes="2551224" nurseryFreeBytes="588032" />
</concurrent-kickoff>
<exclusive-start id="2269" timestamp="2019-08-09T17:55:22.794" intervalms="259.434">
  <response-info timems="0.024" idlems="0.024" threads="0" lastid="0000000001367F00" lastname="main" />
</exclusive-start>
<cycle-start id="2270" type="global" contextid="0" timestamp="2019-08-09T17:55:22.794" intervalms="265.897" />
<exclusive-end id="2271" timestamp="2019-08-09T17:55:22.794" durationms="0.018" />

<exclusive-start id="2272" timestamp="2019-08-09T17:55:22.802" intervalms="8.124">
  <response-info timems="0.016" idlems="0.016" threads="0" lastid="0000000001367F00" lastname="main" />
</exclusive-start>
<af-start id="2273" threadId="0000000001368888" totalBytesRequested="24" timestamp="2019-08-09T17:55:22.802" intervalms="485.575" type="nursery" />
<cycle-start id="2274" type="scavenge" contextid="0" timestamp="2019-08-09T17:55:22.802" intervalms="485.383" />
<gc-start id="2275" type="scavenge" contextid="2274" timestamp="2019-08-09T17:55:22.802">
  <mem-info id="2276" free="2551224" total="43384832" percent="5">
    <mem type="nursery" free="0" total="27262976" percent="0">
      <mem type="allocate" free="0" total="15466496" percent="0" />
      <mem type="survivor" free="0" total="11796480" percent="0" />
    </mem>
    <mem type="tenure" free="2551224" total="16121856" percent="15">
      <mem type="soa" free="2390456" total="15961088" percent="14" />
      <mem type="loa" free="160768" total="160768" percent="100" />
    </mem>
    <remembered-set count="7086" />
  </mem-info>
</gc-start>
<allocation-stats totalBytes="11288584" >
  <allocated-bytes non-tlh="18672" tlh="11269912" />
  <largest-consumer threadName="main" threadId="0000000001367F00" bytes="11288584" />
</allocation-stats>
<gc-op id="2277" type="scavenge" timems="13.137" contextid="2274" timestamp="2019-08-09T17:55:22.816">
  <scavenger-info tenureage="2" tenuremask="4004" tiltratio="56" />
  <memory-copied type="nursery" objects="132343" bytes="3338072" bytesdiscarded="290832" />
  <memory-copied type="tenure" objects="36751" bytes="1174536" bytesdiscarded="104" />
  <finalization candidates="1" enqueued="0" />
  <ownableSynchronizers candidates="42" cleared="42" />
  <references type="soft" candidates="2456" cleared="0" enqueued="0" dynamicThreshold="5" maxThreshold="32" />
  <references type="weak" candidates="151" cleared="6" enqueued="4" />
  <references type="phantom" candidates="2" cleared="0" enqueued="0" />
</gc-op>
<gc-end id="2278" type="scavenge" contextid="2274" durationms="13.633" usertimems="45.123" systemtimems="0.000" timestamp="2019-08-09T17:55:22.816" activeThreads="16">
  <mem-info id="2279" free="13718680" total="43384832" percent="31">
    <mem type="nursery" free="12623856" total="27262976" percent="46">
      <mem type="allocate" free="12623856" total="16252928" percent="77" />
      <mem type="survivor" free="0" total="11010048" percent="0" />
    </mem>
    <mem type="tenure" free="1094824" total="16121856" percent="6" macro-fragmented="0">
      <mem type="soa" free="934056" total="15961088" percent="5" />
      <mem type="loa" free="160768" total="160768" percent="100" />
    </mem>
    <pending-finalizers system="0" default="0" reference="4" classloader="0" />
    <remembered-set count="3967" />
  </mem-info>
</gc-end>
<cycle-end id="2280" type="scavenge" contextid="2274" timestamp="2019-08-09T17:55:22.816" />
  <attribute name="elasticGC enabled" value="1" />
  <attribute name= "numThreadsSpecified" value="16" />
  <attribute name="heapSize specified" value="43253760" />
  <attribute name="Current GC Util" value="58" />
  <attribute name= "Current Time Running" value="128736" />
  <attribute name ="GC Interval" value="2073" />
  <attribute name="Target GC Util Change" value ="80.000000" />
  <attribute name="Current GC Util Change" value="58.000000"/>
  <attribute name="Current Error" value="54.000000" />
  <attribute name="Output H" value="43460576"/>
  <attribute name="Output I" value="2072"/>
  <attribute name="Output T" value="16"/>
  <attribute name= "Current Time Running" value="128736" />
  <attribute name="GC Util currently" value="58" />
  <attribute name="CPU Util currently" value="7150303772" />
<allocation-satisfied id="2281" threadId="0000000001367F00" bytesRequested="24" />
<af-end id="2282" timestamp="2019-08-09T17:55:22.816" threadId="0000000001368888" success="true" from="nursery"/>
<exclusive-end id="2283" timestamp="2019-08-09T17:55:22.816" durationms="13.853" />

<exclusive-start id="2284" timestamp="2019-08-09T17:55:22.885" intervalms="82.849">
  <response-info timems="0.039" idlems="0.039" threads="0" lastid="0000000001367F00" lastname="main" />
</exclusive-start>
<concurrent-collection-start id="2285" timestamp="2019-08-09T17:55:22.885" intervalms="350.314" >
  <concurrent-trace-info reason="card cleaning threshold reached" tracedByMutators="225108" tracedByHelpers="2597988" cardsCleaned="0" workStackOverflowCount="0" />
</concurrent-collection-start>
<gc-start id="2286" type="global" contextid="2270" timestamp="2019-08-09T17:55:22.885">
  <mem-info id="2287" free="1094824" total="43384832" percent="2">
    <mem type="nursery" free="0" total="27262976" percent="0">
      <mem type="allocate" free="0" total="16252928" percent="0" />
      <mem type="survivor" free="0" total="11010048" percent="0" />
    </mem>
    <mem type="tenure" free="1094824" total="16121856" percent="6">
      <mem type="soa" free="934056" total="15961088" percent="5" />
      <mem type="loa" free="160768" total="160768" percent="100" />
    </mem>
    <remembered-set count="3968" />
  </mem-info>
</gc-start>
<allocation-stats totalBytes="12623416" >
  <allocated-bytes non-tlh="24" tlh="12623392" />
  <largest-consumer threadName="main" threadId="0000000001367F00" bytes="12619320" />
</allocation-stats>
<gc-op id="2288" type="rs-scan" timems="1.418" contextid="2270" timestamp="2019-08-09T17:55:22.887">
  <scan objectsFound="257" bytesTraced="24372" workStackOverflowCount="0" />
</gc-op>
<gc-op id="2289" type="card-cleaning" timems="5.129" contextid="2270" timestamp="2019-08-09T17:55:22.892">
  <card-cleaning cardsCleaned="7" bytesTraced="10640788" workStackOverflowCount="0" />
</gc-op>
<gc-op id="2290" type="mark" timems="7.735" contextid="2270" timestamp="2019-08-09T17:55:22.900">
  <trace-info objectcount="448" scancount="432" scanbytes="12708" />
  <finalization candidates="81" enqueued="1" />
  <ownableSynchronizers candidates="21" cleared="0" />
  <references type="soft" candidates="4181" cleared="0" enqueued="0" dynamicThreshold="5" maxThreshold="32" />
  <references type="weak" candidates="5471" cleared="2" enqueued="1" />
  <references type="phantom" candidates="74" cleared="0" enqueued="0" />
  <stringconstants candidates="13645" cleared="1"  />
</gc-op>
<gc-op id="2291" type="sweep" timems="1.753" contextid="2270" timestamp="2019-08-09T17:55:22.902" />
<mem-info id="2292" free="14295896" total="43384832" percent="32">
  <mem type="nursery" free="12919312" total="27262976" percent="47">
    <mem type="allocate" free="12919312" total="16252928" percent="79" />
    <mem type="survivor" free="0" total="11010048" percent="0" />
  </mem>
  <mem type="tenure" free="1376584" total="16121856" percent="8" micro-fragmented="2308" macro-fragmented="868149">
    <mem type="soa" free="1215816" total="15961088" percent="7" />
    <mem type="loa" free="160768" total="160768" percent="100" />
  </mem>
  <pending-finalizers system="0" default="1" reference="1" classloader="0" />
  <remembered-set count="3906" />
</mem-info>
<gc-op id="2293" type="compact" timems="120.299" contextid="2270" timestamp="2019-08-09T17:55:23.022">
  <compact-info movecount="588540" movebytes="17436504" reason="compact to aid heap contraction" />
</gc-op>
<heap-resize id="2294" type="expand" space="tenure" amount="131072" count="1" timems="0.021" reason="satisfy allocation request" timestamp="2019-08-09T17:55:23.023" />
<gc-end id="2295" type="global" contextid="2270" durationms="137.916" usertimems="261.870" systemtimems="0.000" timestamp="2019-08-09T17:55:23.023" activeThreads="16">
  <mem-info id="2296" free="14434784" total="43515904" percent="33">
    <mem type="nursery" free="12922904" total="27262976" percent="47">
      <mem type="allocate" free="12922904" total="16252928" percent="79" />
      <mem type="survivor" free="0" total="11010048" percent="0" />
    </mem>
    <mem type="tenure" free="1511880" total="16252928" percent="9">
      <mem type="soa" free="1350088" total="16091136" percent="8" />
      <mem type="loa" free="161792" total="161792" percent="100" />
    </mem>
    <pending-finalizers system="0" default="1" reference="1" classloader="0" />
    <remembered-set count="3906" />
  </mem-info>
</gc-end>
<cycle-end id="2297" type="global" contextid="2270" timestamp="2019-08-09T17:55:23.023" />
  <attribute name="elasticGC enabled" value="1" />
  <attribute name= "numThreadsSpecified" value="16" />
  <attribute name="heapSize specified" value="43384832" />
  <attribute name="Current GC Util" value="49" />
  <attribute name= "Current Time Running" value="128955" />
  <attribute name ="GC Interval" value="2073" />
  <attribute name="Target GC Util Change" value ="80.000000" />
  <attribute name="Current GC Util Change" value="49.000000"/>
  <attribute name="Current Error" value="-147.000000" />
  <attribute name="Output H" value="43460344"/>
  <attribute name="Output I" value="1840"/>
  <attribute name="Output T" value="16"/>
  <attribute name= "Current Time Running" value="128955" />
  <attribute name="GC Util currently" value="49" />
  <attribute name="CPU Util currently" value="9580363734" />
<concurrent-collection-end id="2298" timestamp="2019-08-09T17:55:23.023" />
<exclusive-end id="2299" timestamp="2019-08-09T17:55:23.023" durationms="138.113" />

<concurrent-kickoff id="2300" timestamp="2019-08-09T17:55:23.168">
  <kickoff reason="threshold reached" targetBytes="4479156" thresholdFreeBytes="617324"  remainingFree="503832" tenureFreeBytes="1511880" nurseryFreeBytes="503832" />
</concurrent-kickoff>
<exclusive-start id="2301" timestamp="2019-08-09T17:55:23.168" intervalms="282.956">
  <response-info timems="0.050" idlems="0.050" threads="0" lastid="0000000001367F00" lastname="main" />
</exclusive-start>
<cycle-start id="2302" type="global" contextid="0" timestamp="2019-08-09T17:55:23.168" intervalms="373.938" />
<exclusive-end id="2303" timestamp="2019-08-09T17:55:23.168" durationms="0.028" />

<exclusive-start id="2304" timestamp="2019-08-09T17:55:23.175" intervalms="7.042">
  <response-info timems="0.198" idlems="0.198" threads="0" lastid="0000000001367F00" lastname="main" />
</exclusive-start>
<af-start id="2305" threadId="0000000001368888" totalBytesRequested="32" timestamp="2019-08-09T17:55:23.175" intervalms="372.859" type="nursery" />
<cycle-start id="2306" type="scavenge" contextid="0" timestamp="2019-08-09T17:55:23.175" intervalms="372.861" />
<gc-start id="2307" type="scavenge" contextid="2306" timestamp="2019-08-09T17:55:23.175">
  <mem-info id="2308" free="1511880" total="43515904" percent="3">
    <mem type="nursery" free="0" total="27262976" percent="0">
      <mem type="allocate" free="0" total="16252928" percent="0" />
      <mem type="survivor" free="0" total="11010048" percent="0" />
    </mem>
    <mem type="tenure" free="1511880" total="16252928" percent="9">
      <mem type="soa" free="1350088" total="16091136" percent="8" />
      <mem type="loa" free="161792" total="161792" percent="100" />
    </mem>
    <remembered-set count="3907" />
  </mem-info>
</gc-start>
<allocation-stats totalBytes="12921400" >
  <allocated-bytes non-tlh="0" tlh="12921400" />
  <largest-consumer threadName="main" threadId="0000000001367F00" bytes="12921400" />
</allocation-stats>
<gc-op id="2309" type="scavenge" timems="6.900" contextid="2306" timestamp="2019-08-09T17:55:23.182">
  <scavenger-info tenureage="14" tenuremask="4000" tiltratio="59" />
  <memory-copied type="nursery" objects="132258" bytes="3319280" bytesdiscarded="182416" />
  <ownableSynchronizers candidates="42" cleared="42" />
  <references type="soft" candidates="2456" cleared="0" enqueued="0" dynamicThreshold="2" maxThreshold="32" />
  <references type="weak" candidates="145" cleared="0" enqueued="0" />
  <references type="phantom" candidates="2" cleared="1" enqueued="1" />
</gc-op>
<gc-end id="2310" type="scavenge" contextid="2306" durationms="7.263" usertimems="38.717" systemtimems="0.000" timestamp="2019-08-09T17:55:23.182" activeThreads="16">
  <mem-info id="2311" free="15639232" total="43515904" percent="35">
    <mem type="nursery" free="14127352" total="27262976" percent="51">
      <mem type="allocate" free="14127352" total="17629184" percent="80" />
      <mem type="survivor" free="0" total="9633792" percent="0" />
    </mem>
    <mem type="tenure" free="1511880" total="16252928" percent="9" macro-fragmented="723458">
      <mem type="soa" free="1350088" total="16091136" percent="8" />
      <mem type="loa" free="161792" total="161792" percent="100" />
    </mem>
    <pending-finalizers system="0" default="0" reference="1" classloader="0" />
    <remembered-set count="3898" />
  </mem-info>
</gc-end>
<cycle-end id="2312" type="scavenge" contextid="2306" timestamp="2019-08-09T17:55:23.183" />
  <attribute name="elasticGC enabled" value="1" />
  <attribute name= "numThreadsSpecified" value="16" />
  <attribute name="heapSize specified" value="43384832" />
  <attribute name="Current GC Util" value="81" />
  <attribute name= "Current Time Running" value="129108" />
  <attribute name ="GC Interval" value="1841" />
  <attribute name="Target GC Util Change" value ="80.000000" />
  <attribute name="Current GC Util Change" value="81.000000"/>
  <attribute name="Current Error" value="-148.000000" />
  <attribute name="Output H" value="43591416"/>
  <attribute name="Output I" value="1840"/>
  <attribute name="Output T" value="16"/>
  <attribute name= "Current Time Running" value="129108" />
  <attribute name="GC Util currently" value="81" />
  <attribute name="CPU Util currently" value="7532729599" />
<allocation-satisfied id="2313" threadId="0000000001367F00" bytesRequested="32" />
<af-end id="2314" timestamp="2019-08-09T17:55:23.183" threadId="0000000001368888" success="true" from="nursery"/>
<exclusive-end id="2315" timestamp="2019-08-09T17:55:23.183" durationms="7.579" />

<exclusive-start id="2316" timestamp="2019-08-09T17:55:23.200" intervalms="24.441">
  <response-info timems="0.045" idlems="0.045" threads="0" lastid="0000000001367F00" lastname="main" />
</exclusive-start>
<concurrent-collection-start id="2317" timestamp="2019-08-09T17:55:23.200" intervalms="314.426" >
  <concurrent-trace-info reason="card cleaning threshold reached" tracedByMutators="4530952" tracedByHelpers="5612392" cardsCleaned="10" workStackOverflowCount="0" />
</concurrent-collection-start>
<gc-start id="2318" type="global" contextid="2302" timestamp="2019-08-09T17:55:23.200">
  <mem-info id="2319" free="15094432" total="43515904" percent="34">
    <mem type="nursery" free="13582552" total="27262976" percent="49">
      <mem type="allocate" free="13582552" total="17629184" percent="77" />
      <mem type="survivor" free="0" total="9633792" percent="0" />
    </mem>
    <mem type="tenure" free="1511880" total="16252928" percent="9">
      <mem type="soa" free="1350088" total="16091136" percent="8" />
      <mem type="loa" free="161792" total="161792" percent="100" />
    </mem>
    <remembered-set count="3899" />
  </mem-info>
</gc-start>
<allocation-stats totalBytes="544720" >
  <allocated-bytes non-tlh="32" tlh="544688" />
  <largest-consumer threadName="main" threadId="0000000001367F00" bytes="544720" />
</allocation-stats>
<gc-op id="2320" type="rs-scan" timems="4.634" contextid="2302" timestamp="2019-08-09T17:55:23.204">
  <scan objectsFound="3430" bytesTraced="1675156" workStackOverflowCount="0" />
</gc-op>
<gc-op id="2321" type="card-cleaning" timems="4.470" contextid="2302" timestamp="2019-08-09T17:55:23.209">
  <card-cleaning cardsCleaned="0" bytesTraced="1975492" workStackOverflowCount="0" />
</gc-op>
<gc-op id="2322" type="mark" timems="6.812" contextid="2302" timestamp="2019-08-09T17:55:23.216">
  <trace-info objectcount="2071" scancount="1856" scanbytes="51364" />
  <finalization candidates="80" enqueued="0" />
  <ownableSynchronizers candidates="21" cleared="0" />
  <references type="soft" candidates="4181" cleared="1" enqueued="1" dynamicThreshold="2" maxThreshold="32" />
  <references type="weak" candidates="5467" cleared="0" enqueued="0" />
  <references type="phantom" candidates="73" cleared="0" enqueued="0" />
  <stringconstants candidates="13644" cleared="0"  />
</gc-op>
<gc-op id="2323" type="sweep" timems="2.496" contextid="2302" timestamp="2019-08-09T17:55:23.219" />
<mem-info id="2324" free="15820840" total="43515904" percent="36">
  <mem type="nursery" free="14308960" total="27262976" percent="52">
    <mem type="allocate" free="14308960" total="17629184" percent="81" />
    <mem type="survivor" free="0" total="9633792" percent="0" />
  </mem>
  <mem type="tenure" free="1511880" total="16252928" percent="9" micro-fragmented="0" macro-fragmented="0">
    <mem type="soa" free="1350088" total="16091136" percent="8" />
    <mem type="loa" free="161792" total="161792" percent="100" />
  </mem>
  <pending-finalizers system="0" default="0" reference="1" classloader="0" />
  <remembered-set count="3899" />
</mem-info>
<gc-op id="2325" type="compact" timems="103.985" contextid="2302" timestamp="2019-08-09T17:55:23.323">
  <compact-info movecount="569578" movebytes="15911576" reason="compact to aid heap contraction" />
</gc-op>
<heap-resize id="2326" type="expand" space="tenure" amount="131072" count="1" timems="0.023" reason="satisfy allocation request" timestamp="2019-08-09T17:55:23.324" />
<gc-end id="2327" type="global" contextid="2302" durationms="124.324" usertimems="180.678" systemtimems="0.000" timestamp="2019-08-09T17:55:23.324" activeThreads="16">
  <mem-info id="2328" free="15952880" total="43646976" percent="36">
    <mem type="nursery" free="14309784" total="27262976" percent="52">
      <mem type="allocate" free="14309784" total="17629184" percent="81" />
      <mem type="survivor" free="0" total="9633792" percent="0" />
    </mem>
    <mem type="tenure" free="1643096" total="16384000" percent="10">
      <mem type="soa" free="1479256" total="16220160" percent="9" />
      <mem type="loa" free="163840" total="163840" percent="100" />
    </mem>
    <pending-finalizers system="0" default="0" reference="1" classloader="0" />
    <remembered-set count="3899" />
  </mem-info>
</gc-end>
<cycle-end id="2329" type="global" contextid="2302" timestamp="2019-08-09T17:55:23.324" />
  <attribute name="elasticGC enabled" value="1" />
  <attribute name= "numThreadsSpecified" value="16" />
  <attribute name="heapSize specified" value="43515904" />
  <attribute name="Current GC Util" value="37" />
  <attribute name= "Current Time Running" value="129256" />
  <attribute name ="GC Interval" value="1841" />
  <attribute name="Target GC Util Change" value ="80.000000" />
  <attribute name="Current GC Util Change" value="37.000000"/>
  <attribute name="Current Error" value="-96.000000" />
  <attribute name="Output H" value="43591480"/>
  <attribute name="Output I" value="1904"/>
  <attribute name="Output T" value="16"/>
  <attribute name= "Current Time Running" value="129256" />
  <attribute name="GC Util currently" value="37" />
  <attribute name="CPU Util currently" value="11083223463" />
<concurrent-collection-end id="2330" timestamp="2019-08-09T17:55:23.324" />
<exclusive-end id="2331" timestamp="2019-08-09T17:55:23.324" durationms="124.500" />

<concurrent-kickoff id="2332" timestamp="2019-08-09T17:55:23.407">
  <kickoff reason="threshold reached" targetBytes="5631606" thresholdFreeBytes="775766"  remainingFree="752024" tenureFreeBytes="1643096" nurseryFreeBytes="752024" />
</concurrent-kickoff>
<exclusive-start id="2333" timestamp="2019-08-09T17:55:23.407" intervalms="207.733">
  <response-info timems="0.015" idlems="0.015" threads="0" lastid="0000000001367F00" lastname="main" />
</exclusive-start>
<cycle-start id="2334" type="global" contextid="0" timestamp="2019-08-09T17:55:23.407" intervalms="239.235" />
<exclusive-end id="2335" timestamp="2019-08-09T17:55:23.407" durationms="0.052" />

<exclusive-start id="2336" timestamp="2019-08-09T17:55:23.422" intervalms="14.576">
  <response-info timems="0.080" idlems="0.080" threads="0" lastid="0000000001367F00" lastname="main" />
</exclusive-start>
<af-start id="2337" threadId="0000000001368888" totalBytesRequested="32" timestamp="2019-08-09T17:55:23.422" intervalms="246.781" type="nursery" />
<cycle-start id="2338" type="scavenge" contextid="0" timestamp="2019-08-09T17:55:23.422" intervalms="246.788" />
<gc-start id="2339" type="scavenge" contextid="2338" timestamp="2019-08-09T17:55:23.422">
  <mem-info id="2340" free="1643096" total="43646976" percent="3">
    <mem type="nursery" free="0" total="27262976" percent="0">
      <mem type="allocate" free="0" total="17629184" percent="0" />
      <mem type="survivor" free="0" total="9633792" percent="0" />
    </mem>
    <mem type="tenure" free="1643096" total="16384000" percent="10">
      <mem type="soa" free="1479256" total="16220160" percent="9" />
      <mem type="loa" free="163840" total="163840" percent="100" />
    </mem>
    <remembered-set count="3900" />
  </mem-info>
</gc-start>
<allocation-stats totalBytes="14307600" >
  <allocated-bytes non-tlh="0" tlh="14307600" />
  <largest-consumer threadName="main" threadId="0000000001367F00" bytes="14307600" />
</allocation-stats>
<gc-op id="2341" type="scavenge" timems="6.031" contextid="2338" timestamp="2019-08-09T17:55:23.428">
  <scavenger-info tenureage="2" tenuremask="400c" tiltratio="64" />
  <memory-copied type="nursery" objects="5612" bytes="162552" bytesdiscarded="152216" />
  <memory-copied type="tenure" objects="126645" bytes="3156680" bytesdiscarded="1384" />
  <ownableSynchronizers candidates="42" cleared="42" />
  <references type="soft" candidates="104" cleared="0" enqueued="0" dynamicThreshold="3" maxThreshold="32" />
  <references type="weak" candidates="71" cleared="0" enqueued="0" />
  <references type="phantom" candidates="1" cleared="0" enqueued="0" />
  <heap-resize type="expand" space="tenure" amount="1966080" count="15" timems="1.196" reason="continue current collection" />
</gc-op>
<gc-end id="2342" type="scavenge" contextid="2338" durationms="6.551" usertimems="29.653" systemtimems="0.000" timestamp="2019-08-09T17:55:23.429" activeThreads="16">
  <mem-info id="2343" free="18676992" total="45613056" percent="40">
    <mem type="nursery" free="18428416" total="27262976" percent="67">
      <mem type="allocate" free="18428416" total="18743296" percent="98" />
      <mem type="survivor" free="0" total="8519680" percent="0" />
    </mem>
    <mem type="tenure" free="248576" total="18350080" percent="1" macro-fragmented="0">
      <mem type="soa" free="65280" total="18166784" percent="0" />
      <mem type="loa" free="183296" total="183296" percent="100" />
    </mem>
    <remembered-set count="465" />
  </mem-info>
</gc-end>
<cycle-end id="2344" type="scavenge" contextid="2338" timestamp="2019-08-09T17:55:23.429" />
  <attribute name="elasticGC enabled" value="1" />
  <attribute name= "numThreadsSpecified" value="16" />
  <attribute name="heapSize specified" value="43515904" />
  <attribute name="Current GC Util" value="114" />
  <attribute name= "Current Time Running" value="129355" />
  <attribute name ="GC Interval" value="1865" />
  <attribute name="Target GC Util Change" value ="80.000000" />
  <attribute name="Current GC Util Change" value="114.000000"/>
  <attribute name="Current Error" value="-130.000000" />
  <attribute name="Output H" value="43722512"/>
  <attribute name="Output I" value="1864"/>
  <attribute name="Output T" value="16"/>
  <attribute name= "Current Time Running" value="129355" />
  <attribute name="GC Util currently" value="114" />
  <attribute name="CPU Util currently" value="11621831985" />
<allocation-satisfied id="2345" threadId="0000000001367F00" bytesRequested="32" />
<af-end id="2346" timestamp="2019-08-09T17:55:23.429" threadId="0000000001368888" success="true" from="nursery"/>
<exclusive-end id="2347" timestamp="2019-08-09T17:55:23.429" durationms="7.073" />

<exclusive-start id="2348" timestamp="2019-08-09T17:55:23.438" intervalms="15.979">
  <response-info timems="0.074" idlems="0.074" threads="0" lastid="0000000001367F00" lastname="main" />
</exclusive-start>
<concurrent-collection-start id="2349" timestamp="2019-08-09T17:55:23.438" intervalms="238.337" >
  <concurrent-trace-info reason="card cleaning threshold reached" tracedByMutators="8342328" tracedByHelpers="5125280" cardsCleaned="1285" workStackOverflowCount="0" />
</concurrent-collection-start>
<gc-start id="2350" type="global" contextid="2334" timestamp="2019-08-09T17:55:23.438">
  <mem-info id="2351" free="18308320" total="45613056" percent="40">
    <mem type="nursery" free="18059744" total="27262976" percent="66">
      <mem type="allocate" free="18059744" total="18743296" percent="96" />
      <mem type="survivor" free="0" total="8519680" percent="0" />
    </mem>
    <mem type="tenure" free="248576" total="18350080" percent="1">
      <mem type="soa" free="65280" total="18166784" percent="0" />
      <mem type="loa" free="183296" total="183296" percent="100" />
    </mem>
    <remembered-set count="465" />
  </mem-info>
</gc-start>
<allocation-stats totalBytes="368608" >
  <allocated-bytes non-tlh="32" tlh="368576" />
  <largest-consumer threadName="main" threadId="0000000001367F00" bytes="368608" />
</allocation-stats>
<gc-op id="2352" type="rs-scan" timems="1.429" contextid="2334" timestamp="2019-08-09T17:55:23.439">
  <scan objectsFound="413" bytesTraced="521288" workStackOverflowCount="0" />
</gc-op>
<gc-op id="2353" type="card-cleaning" timems="1.139" contextid="2334" timestamp="2019-08-09T17:55:23.441">
  <card-cleaning cardsCleaned="0" bytesTraced="144368" workStackOverflowCount="0" />
</gc-op>
<gc-op id="2354" type="mark" timems="6.404" contextid="2334" timestamp="2019-08-09T17:55:23.447">
  <trace-info objectcount="1274" scancount="1162" scanbytes="30956" />
  <finalization candidates="80" enqueued="0" />
  <ownableSynchronizers candidates="21" cleared="0" />
  <references type="soft" candidates="4180" cleared="0" enqueued="0" dynamicThreshold="3" maxThreshold="32" />
  <references type="weak" candidates="5467" cleared="0" enqueued="0" />
  <references type="phantom" candidates="73" cleared="0" enqueued="0" />
  <stringconstants candidates="13644" cleared="0"  />
</gc-op>
<gc-op id="2355" type="sweep" timems="5.964" contextid="2334" timestamp="2019-08-09T17:55:23.453" />
<mem-info id="2356" free="19031520" total="45613056" percent="41">
  <mem type="nursery" free="18580432" total="27262976" percent="68">
    <mem type="allocate" free="18580432" total="18743296" percent="99" />
    <mem type="survivor" free="0" total="8519680" percent="0" />
  </mem>
  <mem type="tenure" free="451088" total="18350080" percent="2" micro-fragmented="256" macro-fragmented="0">
    <mem type="soa" free="267792" total="18166784" percent="1" />
    <mem type="loa" free="183296" total="183296" percent="100" />
  </mem>
  <remembered-set count="465" />
</mem-info>
<gc-op id="2357" type="compact" timems="63.534" contextid="2334" timestamp="2019-08-09T17:55:23.517">
  <compact-info movecount="130332" movebytes="3263352" reason="compact to aid heap contraction" />
</gc-op>
<heap-resize id="2358" type="expand" space="tenure" amount="131072" count="1" timems="0.020" reason="satisfy allocation request" timestamp="2019-08-09T17:55:23.517" />
<gc-end id="2359" type="global" contextid="2334" durationms="79.553" usertimems="164.230" systemtimems="0.000" timestamp="2019-08-09T17:55:23.518" activeThreads="16">
  <mem-info id="2360" free="19164144" total="45744128" percent="41">
    <mem type="nursery" free="18580600" total="27262976" percent="68">
      <mem type="allocate" free="18580600" total="18743296" percent="99" />
      <mem type="survivor" free="0" total="8519680" percent="0" />
    </mem>
    <mem type="tenure" free="583544" total="18481152" percent="3">
      <mem type="soa" free="399224" total="18296832" percent="2" />
      <mem type="loa" free="184320" total="184320" percent="100" />
    </mem>
    <remembered-set count="465" />
  </mem-info>
</gc-end>
<cycle-end id="2361" type="global" contextid="2334" timestamp="2019-08-09T17:55:23.518" />
  <attribute name="elasticGC enabled" value="1" />
  <attribute name= "numThreadsSpecified" value="16" />
  <attribute name="heapSize specified" value="45613056" />
  <attribute name="Current GC Util" value="31" />
  <attribute name= "Current Time Running" value="129450" />
  <attribute name ="GC Interval" value="1865" />
  <attribute name="Target GC Util Change" value ="80.000000" />
  <attribute name="Current GC Util Change" value="31.000000"/>
  <attribute name="Current Error" value="49.000000" />
  <attribute name="Output H" value="45688792"/>
  <attribute name="Output I" value="2064"/>
  <attribute name="Output T" value="16"/>
  <attribute name= "Current Time Running" value="129450" />
  <attribute name="GC Util currently" value="31" />
  <attribute name="CPU Util currently" value="18128778539" />
<concurrent-collection-end id="2362" timestamp="2019-08-09T17:55:23.518" />
<exclusive-end id="2363" timestamp="2019-08-09T17:55:23.518" durationms="79.936" />

<concurrent-kickoff id="2364" timestamp="2019-08-09T17:55:25.570">
  <kickoff reason="threshold reached" targetBytes="7693594" thresholdFreeBytes="1059029"  remainingFree="1045624" tenureFreeBytes="583480" nurseryFreeBytes="1045624" />
</concurrent-kickoff>
<exclusive-start id="2365" timestamp="2019-08-09T17:55:25.570" intervalms="2132.530">
  <response-info timems="0.048" idlems="0.048" threads="0" lastid="0000000001367F00" lastname="main" />
</exclusive-start>
<cycle-start id="2366" type="global" contextid="0" timestamp="2019-08-09T17:55:25.570" intervalms="2163.063" />
<exclusive-end id="2367" timestamp="2019-08-09T17:55:25.570" durationms="0.022" />

<exclusive-start id="2368" timestamp="2019-08-09T17:55:25.591" intervalms="20.242">
  <response-info timems="0.057" idlems="0.057" threads="0" lastid="0000000001367F00" lastname="main" />
</exclusive-start>
<af-start id="2369" threadId="0000000001368888" totalBytesRequested="32" timestamp="2019-08-09T17:55:25.591" intervalms="2168.724" type="nursery" />
<cycle-start id="2370" type="scavenge" contextid="0" timestamp="2019-08-09T17:55:25.591" intervalms="2168.722" />
<gc-start id="2371" type="scavenge" contextid="2370" timestamp="2019-08-09T17:55:25.591">
  <mem-info id="2372" free="583480" total="45744128" percent="1">
    <mem type="nursery" free="0" total="27262976" percent="0">
      <mem type="allocate" free="0" total="18743296" percent="0" />
      <mem type="survivor" free="0" total="8519680" percent="0" />
    </mem>
    <mem type="tenure" free="583480" total="18481152" percent="3">
      <mem type="soa" free="399160" total="18296832" percent="2" />
      <mem type="loa" free="184320" total="184320" percent="100" />
    </mem>
    <remembered-set count="483" />
  </mem-info>
</gc-start>
<allocation-stats totalBytes="18536480" >
  <allocated-bytes non-tlh="64" tlh="18536416" />
  <largest-consumer threadName="main" threadId="0000000001367F00" bytes="18536480" />
</allocation-stats>
<gc-op id="2373" type="scavenge" timems="4.691" contextid="2370" timestamp="2019-08-09T17:55:25.595">
  <scavenger-info tenureage="14" tenuremask="4000" tiltratio="68" />
  <memory-copied type="nursery" objects="5674" bytes="165072" bytesdiscarded="114368" />
  <ownableSynchronizers candidates="42" cleared="42" />
  <references type="soft" candidates="104" cleared="0" enqueued="0" dynamicThreshold="1" maxThreshold="32" />
  <references type="weak" candidates="71" cleared="0" enqueued="0" />
  <references type="phantom" candidates="1" cleared="0" enqueued="0" />
</gc-op>
<gc-end id="2374" type="scavenge" contextid="2370" durationms="5.353" usertimems="9.188" systemtimems="0.000" timestamp="2019-08-09T17:55:25.596" activeThreads="16">
  <mem-info id="2375" free="20685624" total="45744128" percent="45">
    <mem type="nursery" free="20102144" total="27262976" percent="73">
      <mem type="allocate" free="20102144" total="20381696" percent="98" />
      <mem type="survivor" free="0" total="6881280" percent="0" />
    </mem>
    <mem type="tenure" free="583480" total="18481152" percent="3" macro-fragmented="0">
      <mem type="soa" free="399160" total="18296832" percent="2" />
      <mem type="loa" free="184320" total="184320" percent="100" />
    </mem>
    <remembered-set count="483" />
  </mem-info>
</gc-end>
<cycle-end id="2376" type="scavenge" contextid="2370" timestamp="2019-08-09T17:55:25.596" />
  <attribute name="elasticGC enabled" value="1" />
  <attribute name= "numThreadsSpecified" value="16" />
  <attribute name="heapSize specified" value="45613056" />
  <attribute name="Current GC Util" value="2" />
  <attribute name= "Current Time Running" value="131524" />
  <attribute name ="GC Interval" value="2161" />
  <attribute name="Target GC Util Change" value ="80.000000" />
  <attribute name="Current GC Util Change" value="2.000000"/>
  <attribute name="Current Error" value="127.000000" />
  <attribute name="Output H" value="45819960"/>
  <attribute name="Output I" value="2160"/>
  <attribute name="Output T" value="16"/>
  <attribute name= "Current Time Running" value="131524" />
  <attribute name="GC Util currently" value="2" />
  <attribute name="CPU Util currently" value="13" />
<allocation-satisfied id="2377" threadId="0000000001367F00" bytesRequested="32" />
<af-end id="2378" timestamp="2019-08-09T17:55:25.596" threadId="0000000001368888" success="true" from="nursery"/>
<exclusive-end id="2379" timestamp="2019-08-09T17:55:25.596" durationms="5.628" />

<exclusive-start id="2380" timestamp="2019-08-09T17:55:25.596" intervalms="5.802">
  <response-info timems="0.068" idlems="0.068" threads="0" lastid="0000000001367F00" lastname="main" />
</exclusive-start>
<concurrent-collection-start id="2381" timestamp="2019-08-09T17:55:25.596" intervalms="2158.517" >
  <concurrent-trace-info reason="card cleaning threshold reached" tracedByMutators="6666380" tracedByHelpers="6591764" cardsCleaned="0" workStackOverflowCount="0" />
</concurrent-collection-start>
<gc-start id="2382" type="global" contextid="2366" timestamp="2019-08-09T17:55:25.596">
  <mem-info id="2383" free="20620056" total="45744128" percent="45">
    <mem type="nursery" free="20036576" total="27262976" percent="73">
      <mem type="allocate" free="20036576" total="20381696" percent="98" />
      <mem type="survivor" free="0" total="6881280" percent="0" />
    </mem>
    <mem type="tenure" free="583480" total="18481152" percent="3">
      <mem type="soa" free="399160" total="18296832" percent="2" />
      <mem type="loa" free="184320" total="184320" percent="100" />
    </mem>
    <remembered-set count="483" />
  </mem-info>
</gc-start>
<allocation-stats totalBytes="65568" >
  <allocated-bytes non-tlh="32" tlh="65536" />
  <largest-consumer threadName="main" threadId="0000000001367F00" bytes="65568" />
</allocation-stats>
<gc-op id="2384" type="rs-scan" timems="2.312" contextid="2366" timestamp="2019-08-09T17:55:25.599">
  <scan objectsFound="444" bytesTraced="216840" workStackOverflowCount="0" />
</gc-op>
<gc-op id="2385" type="card-cleaning" timems="1.278" contextid="2366" timestamp="2019-08-09T17:55:25.600">
  <card-cleaning cardsCleaned="0" bytesTraced="100468" workStackOverflowCount="0" />
</gc-op>
<gc-op id="2386" type="mark" timems="6.913" contextid="2366" timestamp="2019-08-09T17:55:25.607">
  <trace-info objectcount="450" scancount="428" scanbytes="12044" />
  <finalization candidates="80" enqueued="0" />
  <ownableSynchronizers candidates="21" cleared="0" />
  <references type="soft" candidates="4180" cleared="919" enqueued="919" dynamicThreshold="1" maxThreshold="32" />
  <references type="weak" candidates="5467" cleared="0" enqueued="0" />
  <references type="phantom" candidates="73" cleared="0" enqueued="0" />
  <stringconstants candidates="13645" cleared="0"  />
</gc-op>
<gc-op id="2387" type="sweep" timems="3.796" contextid="2366" timestamp="2019-08-09T17:55:25.611" />
<mem-info id="2388" free="20815848" total="45744128" percent="45">
  <mem type="nursery" free="20215192" total="27262976" percent="74">
    <mem type="allocate" free="20215192" total="20381696" percent="99" />
    <mem type="survivor" free="0" total="6881280" percent="0" />
  </mem>
  <mem type="tenure" free="600656" total="18481152" percent="3" micro-fragmented="10756" macro-fragmented="0">
    <mem type="soa" free="416336" total="18296832" percent="2" />
    <mem type="loa" free="184320" total="184320" percent="100" />
  </mem>
  <pending-finalizers system="0" default="0" reference="919" classloader="0" />
  <remembered-set count="483" />
</mem-info>
<gc-op id="2389" type="compact" timems="45.346" contextid="2366" timestamp="2019-08-09T17:55:25.656">
  <compact-info movecount="124829" movebytes="3107848" reason="compact to aid heap contraction" />
</gc-op>
<heap-resize id="2390" type="expand" space="tenure" amount="131072" count="1" timems="0.022" reason="satisfy allocation request" timestamp="2019-08-09T17:55:25.657" />
<gc-end id="2391" type="global" contextid="2366" durationms="60.830" usertimems="76.691" systemtimems="0.000" timestamp="2019-08-09T17:55:25.657" activeThreads="16">
  <mem-info id="2392" free="20969200" total="45875200" percent="45">
    <mem type="nursery" free="20215312" total="27262976" percent="74">
      <mem type="allocate" free="20215312" total="20381696" percent="99" />
      <mem type="survivor" free="0" total="6881280" percent="0" />
    </mem>
    <mem type="tenure" free="753888" total="18612224" percent="4">
      <mem type="soa" free="568544" total="18426880" percent="3" />
      <mem type="loa" free="185344" total="185344" percent="100" />
    </mem>
    <pending-finalizers system="0" default="0" reference="919" classloader="0" />
    <remembered-set count="483" />
  </mem-info>
</gc-end>
<cycle-end id="2393" type="global" contextid="2366" timestamp="2019-08-09T17:55:25.657" />
  <attribute name="elasticGC enabled" value="1" />
  <attribute name= "numThreadsSpecified" value="16" />
  <attribute name="heapSize specified" value="45744128" />
  <attribute name="Current GC Util" value="28" />
  <attribute name= "Current Time Running" value="131590" />
  <attribute name ="GC Interval" value="2161" />
  <attribute name="Target GC Util Change" value ="80.000000" />
  <attribute name="Current GC Util Change" value="28.000000"/>
  <attribute name="Current Error" value="-71.000000" />
  <attribute name="Output H" value="45819728"/>
  <attribute name="Output I" value="1928"/>
  <attribute name="Output T" value="16"/>
  <attribute name= "Current Time Running" value="131590" />
  <attribute name="GC Util currently" value="28" />
  <attribute name="CPU Util currently" value="25404178225" />
<concurrent-collection-end id="2394" timestamp="2019-08-09T17:55:25.657" />
<exclusive-end id="2395" timestamp="2019-08-09T17:55:25.657" durationms="60.967" />

<concurrent-kickoff id="2396" timestamp="2019-08-09T17:55:25.665">
  <kickoff reason="threshold reached" targetBytes="8815473" thresholdFreeBytes="1214277"  remainingFree="1119760" tenureFreeBytes="753888" nurseryFreeBytes="1119760" />
</concurrent-kickoff>
<exclusive-start id="2397" timestamp="2019-08-09T17:55:25.665" intervalms="68.765">
  <response-info timems="0.052" idlems="0.052" threads="0" lastid="0000000001367F00" lastname="main" />
</exclusive-start>
<cycle-start id="2398" type="global" contextid="0" timestamp="2019-08-09T17:55:25.665" intervalms="94.804" />
<exclusive-end id="2399" timestamp="2019-08-09T17:55:25.665" durationms="0.016" />

<exclusive-start id="2400" timestamp="2019-08-09T17:55:25.681" intervalms="15.532">
  <response-info timems="0.021" idlems="0.021" threads="0" lastid="0000000001367F00" lastname="main" />
</exclusive-start>
<af-start id="2401" threadId="0000000001368888" totalBytesRequested="1168" timestamp="2019-08-09T17:55:25.681" intervalms="90.093" type="nursery" />
<percolate-collect id="2402" from="nursery" to="global" reason="concurrent mark exhausted" timestamp="2019-08-09T17:55:25.681"/>
<gc-start id="2403" type="global" contextid="2398" timestamp="2019-08-09T17:55:25.681">
  <mem-info id="2404" free="753888" total="45875200" percent="1">
    <mem type="nursery" free="0" total="27262976" percent="0">
      <mem type="allocate" free="0" total="20381696" percent="0" />
      <mem type="survivor" free="0" total="6881280" percent="0" />
    </mem>
    <mem type="tenure" free="753888" total="18612224" percent="4">
      <mem type="soa" free="568544" total="18426880" percent="3" />
      <mem type="loa" free="185344" total="185344" percent="100" />
    </mem>
    <remembered-set count="1442" />
  </mem-info>
</gc-start>
<allocation-stats totalBytes="20132144" >
  <allocated-bytes non-tlh="0" tlh="20132144" />
  <largest-consumer threadName="main" threadId="0000000001367F00" bytes="20092752" />
</allocation-stats>
<concurrent-halted id="2405" timestamp="2019-08-09T17:55:25.681">
  <halted state="Complete" status="exhausted" />
  <traced bytesTarget="8815473" bytesTotal="13237296" bytesByMutator="5248760" bytesByHelper="7988536" percent="150" />
  <cards cleaned="0" thresholdBytes="478351" />
</concurrent-halted>
<gc-op id="2406" type="rs-scan" timems="2.594" contextid="2398" timestamp="2019-08-09T17:55:25.683">
  <scan objectsFound="1175" bytesTraced="243480" workStackOverflowCount="0" />
</gc-op>
<gc-op id="2407" type="card-cleaning" timems="2.167" contextid="2398" timestamp="2019-08-09T17:55:25.686">
  <card-cleaning cardsCleaned="0" bytesTraced="103516" workStackOverflowCount="0" />
</gc-op>
<gc-op id="2408" type="mark" timems="12.669" contextid="2398" timestamp="2019-08-09T17:55:25.699">
  <trace-info objectcount="413" scancount="395" scanbytes="11196" />
  <finalization candidates="80" enqueued="0" />
  <ownableSynchronizers candidates="21" cleared="0" />
  <references type="soft" candidates="3261" cleared="0" enqueued="0" dynamicThreshold="1" maxThreshold="32" />
  <references type="weak" candidates="5467" cleared="0" enqueued="0" />
  <references type="phantom" candidates="73" cleared="0" enqueued="0" />
  <stringconstants candidates="13645" cleared="50"  />
</gc-op>
<gc-op id="2409" type="sweep" timems="3.396" contextid="2398" timestamp="2019-08-09T17:55:25.702" />
<mem-info id="2410" free="20989176" total="45875200" percent="45">
  <mem type="nursery" free="20213432" total="27262976" percent="74">
    <mem type="allocate" free="20213432" total="20381696" percent="99" />
    <mem type="survivor" free="0" total="6881280" percent="0" />
  </mem>
  <mem type="tenure" free="775744" total="18612224" percent="4" micro-fragmented="8720" macro-fragmented="290741">
    <mem type="soa" free="590400" total="18426880" percent="3" />
    <mem type="loa" free="185344" total="185344" percent="100" />
  </mem>
  <remembered-set count="1214" />
</mem-info>
<gc-op id="2411" type="compact" timems="56.133" contextid="2398" timestamp="2019-08-09T17:55:25.758">
  <compact-info movecount="167149" movebytes="4438856" reason="compact to aid heap contraction" />
</gc-op>
<heap-resize id="2412" type="expand" space="tenure" amount="131072" count="1" timems="0.020" reason="satisfy allocation request" timestamp="2019-08-09T17:55:25.760" />
<gc-end id="2413" type="global" contextid="2398" durationms="78.726" usertimems="109.657" systemtimems="0.000" timestamp="2019-08-09T17:55:25.760" activeThreads="16">
  <mem-info id="2414" free="21122048" total="46006272" percent="45">
    <mem type="nursery" free="20213432" total="27262976" percent="74">
      <mem type="allocate" free="20213432" total="20381696" percent="99" />
      <mem type="survivor" free="0" total="6881280" percent="0" />
    </mem>
    <mem type="tenure" free="908616" total="18743296" percent="4">
      <mem type="soa" free="721224" total="18555904" percent="3" />
      <mem type="loa" free="187392" total="187392" percent="100" />
    </mem>
    <remembered-set count="1214" />
  </mem-info>
</gc-end>
<cycle-end id="2415" type="global" contextid="2398" timestamp="2019-08-09T17:55:25.760" />
  <attribute name="elasticGC enabled" value="1" />
  <attribute name= "numThreadsSpecified" value="16" />
  <attribute name="heapSize specified" value="45875200" />
  <attribute name="Current GC Util" value="34" />
  <attribute name= "Current Time Running" value="131691" />
  <attribute name ="GC Interval" value="2161" />
  <attribute name="Target GC Util Change" value ="80.000000" />
  <attribute name="Current GC Util Change" value="34.000000"/>
  <attribute name="Current Error" value="-102.000000" />
  <attribute name="Output H" value="45950768"/>
  <attribute name="Output I" value="1896"/>
  <attribute name="Output T" value="16"/>
  <attribute name= "Current Time Running" value="131691" />
  <attribute name="GC Util currently" value="34" />
  <attribute name="CPU Util currently" value="20533426698" />
<allocation-satisfied id="2416" threadId="0000000001367F00" bytesRequested="1168" />
<af-end id="2417" timestamp="2019-08-09T17:55:25.760" threadId="0000000001368888" success="true" from="nursery"/>
<exclusive-end id="2418" timestamp="2019-08-09T17:55:25.760" durationms="78.972" />

<concurrent-kickoff id="2419" timestamp="2019-08-09T17:55:25.764">
  <kickoff reason="threshold reached" targetBytes="9737323" thresholdFreeBytes="1342311"  remainingFree="1239592" tenureFreeBytes="908616" nurseryFreeBytes="1239592" />
</concurrent-kickoff>
<exclusive-start id="2420" timestamp="2019-08-09T17:55:25.764" intervalms="83.061">
  <response-info timems="0.049" idlems="0.049" threads="0" lastid="0000000001367F00" lastname="main" />
</exclusive-start>
<cycle-start id="2421" type="global" contextid="0" timestamp="2019-08-09T17:55:25.764" intervalms="98.605" />
<exclusive-end id="2422" timestamp="2019-08-09T17:55:25.764" durationms="0.029" />

<exclusive-start id="2423" timestamp="2019-08-09T17:55:25.782" intervalms="18.045">
  <response-info timems="0.048" idlems="0.048" threads="0" lastid="0000000001367F00" lastname="main" />
</exclusive-start>
<af-start id="2424" threadId="0000000001368888" totalBytesRequested="1168" timestamp="2019-08-09T17:55:25.782" intervalms="101.109" type="nursery" />
<cycle-start id="2425" type="scavenge" contextid="0" timestamp="2019-08-09T17:55:25.782" intervalms="191.196" />
<gc-start id="2426" type="scavenge" contextid="2425" timestamp="2019-08-09T17:55:25.782">
  <mem-info id="2427" free="908616" total="46006272" percent="1">
    <mem type="nursery" free="0" total="27262976" percent="0">
      <mem type="allocate" free="0" total="20381696" percent="0" />
      <mem type="survivor" free="0" total="6881280" percent="0" />
    </mem>
    <mem type="tenure" free="908616" total="18743296" percent="4">
      <mem type="soa" free="721224" total="18555904" percent="3" />
      <mem type="loa" free="187392" total="187392" percent="100" />
    </mem>
    <remembered-set count="1214" />
  </mem-info>
</gc-start>
<allocation-stats totalBytes="20135808" >
  <allocated-bytes non-tlh="1168" tlh="20134640" />
  <largest-consumer threadName="main" threadId="0000000001367F00" bytes="20135808" />
</allocation-stats>
<gc-op id="2428" type="scavenge" timems="2.985" contextid="2425" timestamp="2019-08-09T17:55:25.785">
  <scavenger-info tenureage="13" tenuremask="6000" tiltratio="74" />
  <memory-copied type="nursery" objects="91" bytes="6936" bytesdiscarded="48360" />
  <memory-copied type="tenure" objects="5585" bytes="161216" bytesdiscarded="88" />
  <ownableSynchronizers candidates="42" cleared="42" />
  <references type="weak" candidates="2" cleared="0" enqueued="0" />
</gc-op>
<gc-end id="2429" type="scavenge" contextid="2425" durationms="3.865" usertimems="6.870" systemtimems="0.000" timestamp="2019-08-09T17:55:25.786" activeThreads="16">
  <mem-info id="2430" free="22307912" total="46006272" percent="48">
    <mem type="nursery" free="21702656" total="27262976" percent="79">
      <mem type="allocate" free="21702656" total="21757952" percent="99" />
      <mem type="survivor" free="0" total="5505024" percent="0" />
    </mem>
    <mem type="tenure" free="605256" total="18743296" percent="3" macro-fragmented="4388">
      <mem type="soa" free="417864" total="18555904" percent="2" />
      <mem type="loa" free="187392" total="187392" percent="100" />
    </mem>
    <remembered-set count="848" />
  </mem-info>
</gc-end>
<cycle-end id="2431" type="scavenge" contextid="2425" timestamp="2019-08-09T17:55:25.786" />
  <attribute name="elasticGC enabled" value="1" />
  <attribute name= "numThreadsSpecified" value="16" />
  <attribute name="heapSize specified" value="45875200" />
  <attribute name="Current GC Util" value="474" />
  <attribute name= "Current Time Running" value="131715" />
  <attribute name ="GC Interval" value="1441" />
  <attribute name="Target GC Util Change" value ="80.000000" />
  <attribute name="Current GC Util Change" value="474.000000"/>
  <attribute name="Current Error" value="-496.000000" />
  <attribute name="Output H" value="46081384"/>
  <attribute name="Output I" value="1440"/>
  <attribute name="Output T" value="16"/>
  <attribute name= "Current Time Running" value="131715" />
  <attribute name="GC Util currently" value="474" />
  <attribute name="CPU Util currently" value="48827142435" />
<allocation-satisfied id="2432" threadId="0000000001367F00" bytesRequested="1168" />
<af-end id="2433" timestamp="2019-08-09T17:55:25.786" threadId="0000000001368888" success="true" from="nursery"/>
<exclusive-end id="2434" timestamp="2019-08-09T17:55:25.786" durationms="4.173" />

<exclusive-start id="2435" timestamp="2019-08-09T17:55:25.786" intervalms="4.227">
  <response-info timems="0.010" idlems="0.010" threads="0" lastid="0000000001367F00" lastname="main" />
</exclusive-start>
<concurrent-collection-start id="2436" timestamp="2019-08-09T17:55:25.786" intervalms="189.610" >
  <concurrent-trace-info reason="card cleaning threshold reached" tracedByMutators="5831856" tracedByHelpers="7387416" cardsCleaned="0" workStackOverflowCount="0" />
</concurrent-collection-start>
<gc-start id="2437" type="global" contextid="2421" timestamp="2019-08-09T17:55:25.786">
  <mem-info id="2438" free="22241208" total="46006272" percent="48">
    <mem type="nursery" free="21635952" total="27262976" percent="79">
      <mem type="allocate" free="21635952" total="21757952" percent="99" />
      <mem type="survivor" free="0" total="5505024" percent="0" />
    </mem>
    <mem type="tenure" free="605256" total="18743296" percent="3">
      <mem type="soa" free="417864" total="18555904" percent="2" />
      <mem type="loa" free="187392" total="187392" percent="100" />
    </mem>
    <remembered-set count="848" />
  </mem-info>
</gc-start>
<allocation-stats totalBytes="66704" >
  <allocated-bytes non-tlh="1168" tlh="65536" />
  <largest-consumer threadName="main" threadId="0000000001367F00" bytes="66704" />
</allocation-stats>
<gc-op id="2439" type="rs-scan" timems="4.380" contextid="2421" timestamp="2019-08-09T17:55:25.790">
  <scan objectsFound="807" bytesTraced="31756" workStackOverflowCount="0" />
</gc-op>
<gc-op id="2440" type="card-cleaning" timems="1.516" contextid="2421" timestamp="2019-08-09T17:55:25.792">
  <card-cleaning cardsCleaned="151" bytesTraced="370992" workStackOverflowCount="0" />
</gc-op>
<gc-op id="2441" type="mark" timems="5.400" contextid="2421" timestamp="2019-08-09T17:55:25.797">
  <trace-info objectcount="940" scancount="899" scanbytes="29236" />
  <finalization candidates="80" enqueued="0" />
  <ownableSynchronizers candidates="21" cleared="0" />
  <references type="soft" candidates="3261" cleared="0" enqueued="0" dynamicThreshold="1" maxThreshold="32" />
  <references type="weak" candidates="5467" cleared="0" enqueued="0" />
  <references type="phantom" candidates="73" cleared="0" enqueued="0" />
  <stringconstants candidates="13595" cleared="0"  />
</gc-op>
<gc-op id="2442" type="sweep" timems="2.169" contextid="2421" timestamp="2019-08-09T17:55:25.800" />
<mem-info id="2443" free="22497032" total="46006272" percent="48">
  <mem type="nursery" free="21749832" total="27262976" percent="79">
    <mem type="allocate" free="21749832" total="21757952" percent="99" />
    <mem type="survivor" free="0" total="5505024" percent="0" />
  </mem>
  <mem type="tenure" free="747200" total="18743296" percent="3" micro-fragmented="0" macro-fragmented="0">
    <mem type="soa" free="559808" total="18555904" percent="3" />
    <mem type="loa" free="187392" total="187392" percent="100" />
  </mem>
  <remembered-set count="848" />
</mem-info>
<gc-op id="2444" type="compact" timems="22.924" contextid="2421" timestamp="2019-08-09T17:55:25.823">
  <compact-info movecount="5201" movebytes="151656" reason="compact to aid heap contraction" />
</gc-op>
<heap-resize id="2445" type="expand" space="tenure" amount="131072" count="1" timems="0.017" reason="satisfy allocation request" timestamp="2019-08-09T17:55:25.823" />
<gc-end id="2446" type="global" contextid="2421" durationms="37.301" usertimems="58.853" systemtimems="0.000" timestamp="2019-08-09T17:55:25.823" activeThreads="16">
  <mem-info id="2447" free="22628192" total="46137344" percent="49">
    <mem type="nursery" free="21749832" total="27262976" percent="79">
      <mem type="allocate" free="21749832" total="21757952" percent="99" />
      <mem type="survivor" free="0" total="5505024" percent="0" />
    </mem>
    <mem type="tenure" free="878360" total="18874368" percent="4">
      <mem type="soa" free="689944" total="18685952" percent="3" />
      <mem type="loa" free="188416" total="188416" percent="100" />
    </mem>
    <remembered-set count="848" />
  </mem-info>
</gc-end>
<cycle-end id="2448" type="global" contextid="2421" timestamp="2019-08-09T17:55:25.823" />
  <attribute name="elasticGC enabled" value="1" />
  <attribute name= "numThreadsSpecified" value="16" />
  <attribute name="heapSize specified" value="46006272" />
  <attribute name="Current GC Util" value="38" />
  <attribute name= "Current Time Running" value="131756" />
  <attribute name ="GC Interval" value="1441" />
  <attribute name="Target GC Util Change" value ="80.000000" />
  <attribute name="Current GC Util Change" value="38.000000"/>
  <attribute name="Current Error" value="-308.000000" />
  <attribute name="Output H" value="46081600"/>
  <attribute name="Output I" value="1656"/>
  <attribute name="Output T" value="16"/>
  <attribute name= "Current Time Running" value="131756" />
  <attribute name="GC Util currently" value="38" />
  <attribute name="CPU Util currently" value="50211743224" />
<concurrent-collection-end id="2449" timestamp="2019-08-09T17:55:25.823" />
<exclusive-end id="2450" timestamp="2019-08-09T17:55:25.823" durationms="37.414" />

<concurrent-kickoff id="2451" timestamp="2019-08-09T17:55:25.828">
  <kickoff reason="threshold reached" targetBytes="10485325" thresholdFreeBytes="1445998"  remainingFree="1384520" tenureFreeBytes="878360" nurseryFreeBytes="1384520" />
</concurrent-kickoff>
<exclusive-start id="2452" timestamp="2019-08-09T17:55:25.828" intervalms="41.937">
  <response-info timems="0.052" idlems="0.052" threads="0" lastid="0000000001367F00" lastname="main" />
</exclusive-start>
<cycle-start id="2453" type="global" contextid="0" timestamp="2019-08-09T17:55:25.828" intervalms="64.197" />
<exclusive-end id="2454" timestamp="2019-08-09T17:55:25.828" durationms="0.020" />

<exclusive-start id="2455" timestamp="2019-08-09T17:55:25.846" intervalms="17.687">
  <response-info timems="0.146" idlems="0.146" threads="0" lastid="0000000001367F00" lastname="main" />
</exclusive-start>
<af-start id="2456" threadId="0000000001368888" totalBytesRequested="1168" timestamp="2019-08-09T17:55:25.846" intervalms="63.854" type="nursery" />
<percolate-collect id="2457" from="nursery" to="global" reason="concurrent mark exhausted" timestamp="2019-08-09T17:55:25.846"/>
<gc-start id="2458" type="global" contextid="2453" timestamp="2019-08-09T17:55:25.846">
  <mem-info id="2459" free="878360" total="46137344" percent="1">
    <mem type="nursery" free="0" total="27262976" percent="0">
      <mem type="allocate" free="0" total="21757952" percent="0" />
      <mem type="survivor" free="0" total="5505024" percent="0" />
    </mem>
    <mem type="tenure" free="878360" total="18874368" percent="4">
      <mem type="soa" free="689944" total="18685952" percent="3" />
      <mem type="loa" free="188416" total="188416" percent="100" />
    </mem>
    <remembered-set count="848" />
  </mem-info>
</gc-start>
<allocation-stats totalBytes="21669408" >
  <allocated-bytes non-tlh="0" tlh="21669408" />
  <largest-consumer threadName="main" threadId="0000000001367F00" bytes="21669408" />
</allocation-stats>
<concurrent-halted id="2460" timestamp="2019-08-09T17:55:25.846">
  <halted state="Complete" status="exhausted" />
  <traced bytesTarget="10485325" bytesTotal="13374036" bytesByMutator="6186004" bytesByHelper="7188032" percent="127" />
  <cards cleaned="0" thresholdBytes="569635" />
</concurrent-halted>
<gc-op id="2461" type="rs-scan" timems="1.974" contextid="2453" timestamp="2019-08-09T17:55:25.848">
  <scan objectsFound="815" bytesTraced="32172" workStackOverflowCount="0" />
</gc-op>
<gc-op id="2462" type="card-cleaning" timems="1.243" contextid="2453" timestamp="2019-08-09T17:55:25.849">
  <card-cleaning cardsCleaned="0" bytesTraced="11720" workStackOverflowCount="0" />
</gc-op>
<gc-op id="2463" type="mark" timems="8.470" contextid="2453" timestamp="2019-08-09T17:55:25.858">
  <trace-info objectcount="960" scancount="898" scanbytes="28868" />
  <finalization candidates="80" enqueued="0" />
  <ownableSynchronizers candidates="21" cleared="0" />
  <references type="soft" candidates="3261" cleared="0" enqueued="0" dynamicThreshold="1" maxThreshold="32" />
  <references type="weak" candidates="5467" cleared="0" enqueued="0" />
  <references type="phantom" candidates="73" cleared="0" enqueued="0" />
  <stringconstants candidates="13595" cleared="0"  />
</gc-op>
<gc-op id="2464" type="sweep" timems="1.753" contextid="2453" timestamp="2019-08-09T17:55:25.859" />
<mem-info id="2465" free="22629320" total="46137344" percent="49">
  <mem type="nursery" free="21750960" total="27262976" percent="79">
    <mem type="allocate" free="21750960" total="21757952" percent="99" />
    <mem type="survivor" free="0" total="5505024" percent="0" />
  </mem>
  <mem type="tenure" free="878360" total="18874368" percent="4" micro-fragmented="0" macro-fragmented="0">
    <mem type="soa" free="689944" total="18685952" percent="3" />
    <mem type="loa" free="188416" total="188416" percent="100" />
  </mem>
  <remembered-set count="848" />
</mem-info>
<gc-op id="2466" type="compact" timems="25.979" contextid="2453" timestamp="2019-08-09T17:55:25.886">
  <compact-info movecount="87" movebytes="6272" reason="compact to aid heap contraction" />
</gc-op>
<heap-resize id="2467" type="expand" space="tenure" amount="131072" count="1" timems="0.027" reason="satisfy allocation request" timestamp="2019-08-09T17:55:25.889" />
<gc-end id="2468" type="global" contextid="2453" durationms="42.784" usertimems="62.020" systemtimems="0.000" timestamp="2019-08-09T17:55:25.889" activeThreads="16">
  <mem-info id="2469" free="22760424" total="46268416" percent="49">
    <mem type="nursery" free="21750992" total="27262976" percent="79">
      <mem type="allocate" free="21750992" total="21757952" percent="99" />
      <mem type="survivor" free="0" total="5505024" percent="0" />
    </mem>
    <mem type="tenure" free="1009432" total="19005440" percent="5">
      <mem type="soa" free="819992" total="18816000" percent="4" />
      <mem type="loa" free="189440" total="189440" percent="100" />
    </mem>
    <remembered-set count="848" />
  </mem-info>
</gc-end>
<cycle-end id="2470" type="global" contextid="2453" timestamp="2019-08-09T17:55:25.889" />
  <attribute name="elasticGC enabled" value="1" />
  <attribute name= "numThreadsSpecified" value="16" />
  <attribute name="heapSize specified" value="46137344" />
  <attribute name="Current GC Util" value="36" />
  <attribute name= "Current Time Running" value="131819" />
  <attribute name ="GC Interval" value="1441" />
  <attribute name="Target GC Util Change" value ="80.000000" />
  <attribute name="Current GC Util Change" value="36.000000"/>
  <attribute name="Current Error" value="44.000000" />
  <attribute name="Output H" value="46213080"/>
  <attribute name="Output I" value="2064"/>
  <attribute name="Output T" value="16"/>
  <attribute name= "Current Time Running" value="131819" />
  <attribute name="GC Util currently" value="36" />
  <attribute name="CPU Util currently" value="44271123322" />
<allocation-satisfied id="2471" threadId="0000000001367F00" bytesRequested="1168" />
<af-end id="2472" timestamp="2019-08-09T17:55:25.889" threadId="0000000001368888" success="true" from="nursery"/>
<exclusive-end id="2473" timestamp="2019-08-09T17:55:25.889" durationms="43.130" />

<concurrent-kickoff id="2474" timestamp="2019-08-09T17:55:25.893">
  <kickoff reason="threshold reached" targetBytes="11127712" thresholdFreeBytes="1535682"  remainingFree="1466432" tenureFreeBytes="1009432" nurseryFreeBytes="1466432" />
</concurrent-kickoff>
<exclusive-start id="2475" timestamp="2019-08-09T17:55:25.895" intervalms="48.968">
  <response-info timems="1.318" idlems="1.318" threads="0" lastid="0000000001367F00" lastname="main" />
</exclusive-start>
<cycle-start id="2476" type="global" contextid="0" timestamp="2019-08-09T17:55:25.895" intervalms="66.657" />
<exclusive-end id="2477" timestamp="2019-08-09T17:55:25.895" durationms="0.021" />

<exclusive-start id="2478" timestamp="2019-08-09T17:55:25.920" intervalms="25.625">
  <response-info timems="0.111" idlems="0.111" threads="0" lastid="0000000001367F00" lastname="main" />
</exclusive-start>
<concurrent-collection-start id="2479" timestamp="2019-08-09T17:55:25.920" intervalms="134.256" >
  <concurrent-trace-info reason="card cleaning threshold reached" tracedByMutators="5485184" tracedByHelpers="7911096" cardsCleaned="0" workStackOverflowCount="0" />
</concurrent-collection-start>
<gc-start id="2480" type="global" contextid="2476" timestamp="2019-08-09T17:55:25.920">
  <mem-info id="2481" free="1009432" total="46268416" percent="2">
    <mem type="nursery" free="0" total="27262976" percent="0">
      <mem type="allocate" free="0" total="21757952" percent="0" />
      <mem type="survivor" free="0" total="5505024" percent="0" />
    </mem>
    <mem type="tenure" free="1009432" total="19005440" percent="5">
      <mem type="soa" free="819992" total="18816000" percent="4" />
      <mem type="loa" free="189440" total="189440" percent="100" />
    </mem>
    <remembered-set count="848" />
  </mem-info>
</gc-start>
<allocation-stats totalBytes="21676864" >
  <allocated-bytes non-tlh="1168" tlh="21675696" />
  <largest-consumer threadName="main" threadId="0000000001367F00" bytes="21676864" />
</allocation-stats>
<gc-op id="2482" type="rs-scan" timems="1.673" contextid="2476" timestamp="2019-08-09T17:55:25.922">
  <scan objectsFound="815" bytesTraced="32172" workStackOverflowCount="0" />
</gc-op>
<gc-op id="2483" type="card-cleaning" timems="1.309" contextid="2476" timestamp="2019-08-09T17:55:25.923">
  <card-cleaning cardsCleaned="0" bytesTraced="11720" workStackOverflowCount="0" />
</gc-op>
<gc-op id="2484" type="mark" timems="5.344" contextid="2476" timestamp="2019-08-09T17:55:25.929">
  <trace-info objectcount="226" scancount="219" scanbytes="6624" />
  <finalization candidates="80" enqueued="0" />
  <ownableSynchronizers candidates="21" cleared="0" />
  <references type="soft" candidates="3261" cleared="0" enqueued="0" dynamicThreshold="1" maxThreshold="32" />
  <references type="weak" candidates="5467" cleared="0" enqueued="0" />
  <references type="phantom" candidates="73" cleared="0" enqueued="0" />
  <stringconstants candidates="13595" cleared="0"  />
</gc-op>
<gc-op id="2485" type="sweep" timems="2.024" contextid="2476" timestamp="2019-08-09T17:55:25.931" />
<mem-info id="2486" free="22758848" total="46268416" percent="49">
  <mem type="nursery" free="21749416" total="27262976" percent="79">
    <mem type="allocate" free="21749416" total="21757952" percent="99" />
    <mem type="survivor" free="0" total="5505024" percent="0" />
  </mem>
  <mem type="tenure" free="1009432" total="19005440" percent="5" micro-fragmented="0" macro-fragmented="0">
    <mem type="soa" free="819992" total="18816000" percent="4" />
    <mem type="loa" free="189440" total="189440" percent="100" />
  </mem>
  <remembered-set count="848" />
</mem-info>
<gc-op id="2487" type="compact" timems="23.228" contextid="2476" timestamp="2019-08-09T17:55:25.954">
  <compact-info movecount="3" movebytes="1224" reason="compact to aid heap contraction" />
</gc-op>
<heap-resize id="2488" type="expand" space="tenure" amount="131072" count="1" timems="0.019" reason="satisfy allocation request" timestamp="2019-08-09T17:55:25.955" />
<gc-end id="2489" type="global" contextid="2476" durationms="34.577" usertimems="47.100" systemtimems="0.000" timestamp="2019-08-09T17:55:25.955" activeThreads="16">
  <mem-info id="2490" free="22890328" total="46399488" percent="49">
    <mem type="nursery" free="21749824" total="27262976" percent="79">
      <mem type="allocate" free="21749824" total="21757952" percent="99" />
      <mem type="survivor" free="0" total="5505024" percent="0" />
    </mem>
    <mem type="tenure" free="1140504" total="19136512" percent="5">
      <mem type="soa" free="950040" total="18946048" percent="5" />
      <mem type="loa" free="190464" total="190464" percent="100" />
    </mem>
    <remembered-set count="848" />
  </mem-info>
</gc-end>
<cycle-end id="2491" type="global" contextid="2476" timestamp="2019-08-09T17:55:25.955" />
  <attribute name="elasticGC enabled" value="1" />
  <attribute name= "numThreadsSpecified" value="16" />
  <attribute name="heapSize specified" value="46268416" />
  <attribute name="Current GC Util" value="40" />
  <attribute name= "Current Time Running" value="131888" />
  <attribute name ="GC Interval" value="1441" />
  <attribute name="Target GC Util Change" value ="80.000000" />
  <attribute name="Current GC Util Change" value="40.000000"/>
  <attribute name="Current Error" value="38.000000" />
  <attribute name="Output H" value="46344144"/>
  <attribute name="Output I" value="2056"/>
  <attribute name="Output T" value="16"/>
  <attribute name= "Current Time Running" value="131888" />
  <attribute name="GC Util currently" value="40" />
  <attribute name="CPU Util currently" value="49545479547" />
<concurrent-collection-end id="2492" timestamp="2019-08-09T17:55:25.955" />
<exclusive-end id="2493" timestamp="2019-08-09T17:55:25.955" durationms="34.767" />

<concurrent-kickoff id="2494" timestamp="2019-08-09T17:55:25.959">
  <kickoff reason="threshold reached" targetBytes="11655297" thresholdFreeBytes="1609467"  remainingFree="1597504" tenureFreeBytes="1140504" nurseryFreeBytes="1597504" />
</concurrent-kickoff>
<exclusive-start id="2495" timestamp="2019-08-09T17:55:25.960" intervalms="39.314">
  <response-info timems="0.050" idlems="0.050" threads="0" lastid="0000000001367F00" lastname="main" />
</exclusive-start>
<cycle-start id="2496" type="global" contextid="0" timestamp="2019-08-09T17:55:25.960" intervalms="64.943" />
<exclusive-end id="2497" timestamp="2019-08-09T17:55:25.960" durationms="0.025" />

<exclusive-start id="2498" timestamp="2019-08-09T17:55:25.976" intervalms="16.172">
  <response-info timems="0.112" idlems="0.112" threads="0" lastid="0000000001367F00" lastname="main" />
</exclusive-start>
<concurrent-collection-start id="2499" timestamp="2019-08-09T17:55:25.976" intervalms="55.593" >
  <concurrent-trace-info reason="card cleaning threshold reached" tracedByMutators="7432836" tracedByHelpers="5949660" cardsCleaned="0" workStackOverflowCount="0" />
</concurrent-collection-start>
<gc-start id="2500" type="global" contextid="2496" timestamp="2019-08-09T17:55:25.976">
  <mem-info id="2501" free="1140504" total="46399488" percent="2">
    <mem type="nursery" free="0" total="27262976" percent="0">
      <mem type="allocate" free="0" total="21757952" percent="0" />
      <mem type="survivor" free="0" total="5505024" percent="0" />
    </mem>
    <mem type="tenure" free="1140504" total="19136512" percent="5">
      <mem type="soa" free="950040" total="18946048" percent="5" />
      <mem type="loa" free="190464" total="190464" percent="100" />
    </mem>
    <remembered-set count="848" />
  </mem-info>
</gc-start>
<allocation-stats totalBytes="21675672" >
  <allocated-bytes non-tlh="0" tlh="21675672" />
  <largest-consumer threadName="main" threadId="0000000001367F00" bytes="21675672" />
</allocation-stats>
<gc-op id="2502" type="rs-scan" timems="1.974" contextid="2496" timestamp="2019-08-09T17:55:25.978">
  <scan objectsFound="815" bytesTraced="32172" workStackOverflowCount="0" />
</gc-op>
<gc-op id="2503" type="card-cleaning" timems="1.426" contextid="2496" timestamp="2019-08-09T17:55:25.979">
  <card-cleaning cardsCleaned="0" bytesTraced="11720" workStackOverflowCount="0" />
</gc-op>
<gc-op id="2504" type="mark" timems="8.826" contextid="2496" timestamp="2019-08-09T17:55:25.988">
  <trace-info objectcount="740" scancount="674" scanbytes="20408" />
  <finalization candidates="80" enqueued="0" />
  <ownableSynchronizers candidates="21" cleared="0" />
  <references type="soft" candidates="3261" cleared="0" enqueued="0" dynamicThreshold="1" maxThreshold="32" />
  <references type="weak" candidates="5467" cleared="0" enqueued="0" />
  <references type="phantom" candidates="73" cleared="0" enqueued="0" />
  <stringconstants candidates="13595" cleared="0"  />
</gc-op>
<gc-op id="2505" type="sweep" timems="2.258" contextid="2496" timestamp="2019-08-09T17:55:25.991" />
<mem-info id="2506" free="22889896" total="46399488" percent="49">
  <mem type="nursery" free="21749392" total="27262976" percent="79">
    <mem type="allocate" free="21749392" total="21757952" percent="99" />
    <mem type="survivor" free="0" total="5505024" percent="0" />
  </mem>
  <mem type="tenure" free="1140504" total="19136512" percent="5" micro-fragmented="0" macro-fragmented="868149">
    <mem type="soa" free="950040" total="18946048" percent="5" />
    <mem type="loa" free="190464" total="190464" percent="100" />
  </mem>
  <remembered-set count="848" />
</mem-info>
<gc-op id="2507" type="compact" timems="26.526" contextid="2496" timestamp="2019-08-09T17:55:26.017">
  <compact-info movecount="3" movebytes="1224" reason="compact to aid heap contraction" />
</gc-op>
<heap-resize id="2508" type="expand" space="tenure" amount="131072" count="1" timems="0.025" reason="satisfy allocation request" timestamp="2019-08-09T17:55:26.018" />
<gc-end id="2509" type="global" contextid="2496" durationms="42.101" usertimems="92.084" systemtimems="0.000" timestamp="2019-08-09T17:55:26.018" activeThreads="16">
  <mem-info id="2510" free="23021400" total="46530560" percent="49">
    <mem type="nursery" free="21749824" total="27262976" percent="79">
      <mem type="allocate" free="21749824" total="21757952" percent="99" />
      <mem type="survivor" free="0" total="5505024" percent="0" />
    </mem>
    <mem type="tenure" free="1271576" total="19267584" percent="6">
      <mem type="soa" free="1079064" total="19075072" percent="5" />
      <mem type="loa" free="192512" total="192512" percent="100" />
    </mem>
    <remembered-set count="848" />
  </mem-info>
</gc-end>
<cycle-end id="2511" type="global" contextid="2496" timestamp="2019-08-09T17:55:26.018" />
  <attribute name="elasticGC enabled" value="1" />
  <attribute name= "numThreadsSpecified" value="16" />
  <attribute name="heapSize specified" value="46399488" />
  <attribute name="Current GC Util" value="27" />
  <attribute name= "Current Time Running" value="131950" />
  <attribute name ="GC Interval" value="1441" />
  <attribute name="Target GC Util Change" value ="80.000000" />
  <attribute name="Current GC Util Change" value="27.000000"/>
  <attribute name="Current Error" value="5.000000" />
  <attribute name="Output H" value="46475176"/>
  <attribute name="Output I" value="2016"/>
  <attribute name="Output T" value="16"/>
  <attribute name= "Current Time Running" value="131950" />
  <attribute name="GC Util currently" value="27" />
  <attribute name="CPU Util currently" value="43365978108" />
<concurrent-collection-end id="2512" timestamp="2019-08-09T17:55:26.018" />
<exclusive-end id="2513" timestamp="2019-08-09T17:55:26.018" durationms="42.411" />

<concurrent-kickoff id="2514" timestamp="2019-08-09T17:55:26.024">
  <kickoff reason="threshold reached" targetBytes="12080659" thresholdFreeBytes="1669058"  remainingFree="1597504" tenureFreeBytes="1271576" nurseryFreeBytes="1597504" />
</concurrent-kickoff>
<exclusive-start id="2515" timestamp="2019-08-09T17:55:26.024" intervalms="48.574">
  <response-info timems="0.103" idlems="0.103" threads="0" lastid="0000000001367F00" lastname="main" />
</exclusive-start>
<cycle-start id="2516" type="global" contextid="0" timestamp="2019-08-09T17:55:26.024" intervalms="64.740" />
<exclusive-end id="2517" timestamp="2019-08-09T17:55:26.024" durationms="0.019" />

<exclusive-start id="2518" timestamp="2019-08-09T17:55:26.045" intervalms="20.810">
  <response-info timems="0.470" idlems="0.470" threads="0" lastid="0000000001367F00" lastname="main" />
</exclusive-start>
<concurrent-collection-start id="2519" timestamp="2019-08-09T17:55:26.045" intervalms="69.260" >
  <concurrent-trace-info reason="card cleaning threshold reached" tracedByMutators="6212364" tracedByHelpers="7182628" cardsCleaned="0" workStackOverflowCount="0" />
</concurrent-collection-start>
<gc-start id="2520" type="global" contextid="2516" timestamp="2019-08-09T17:55:26.045">
  <mem-info id="2521" free="1271576" total="46530560" percent="2">
    <mem type="nursery" free="0" total="27262976" percent="0">
      <mem type="allocate" free="0" total="21757952" percent="0" />
      <mem type="survivor" free="0" total="5505024" percent="0" />
    </mem>
    <mem type="tenure" free="1271576" total="19267584" percent="6">
      <mem type="soa" free="1079064" total="19075072" percent="5" />
      <mem type="loa" free="192512" total="192512" percent="100" />
    </mem>
    <remembered-set count="848" />
  </mem-info>
</gc-start>
<allocation-stats totalBytes="21675672" >
  <allocated-bytes non-tlh="0" tlh="21675672" />
  <largest-consumer threadName="main" threadId="0000000001367F00" bytes="21675672" />
</allocation-stats>
<gc-op id="2522" type="rs-scan" timems="2.203" contextid="2516" timestamp="2019-08-09T17:55:26.047">
  <scan objectsFound="815" bytesTraced="32172" workStackOverflowCount="0" />
</gc-op>
<gc-op id="2523" type="card-cleaning" timems="5.820" contextid="2516" timestamp="2019-08-09T17:55:26.053">
  <card-cleaning cardsCleaned="0" bytesTraced="11720" workStackOverflowCount="0" />
</gc-op>
<gc-op id="2524" type="mark" timems="15.787" contextid="2516" timestamp="2019-08-09T17:55:26.069">
  <trace-info objectcount="284" scancount="272" scanbytes="7912" />
  <finalization candidates="80" enqueued="0" />
  <ownableSynchronizers candidates="21" cleared="0" />
  <references type="soft" candidates="3261" cleared="0" enqueued="0" dynamicThreshold="2" maxThreshold="32" />
  <references type="weak" candidates="5467" cleared="0" enqueued="0" />
  <references type="phantom" candidates="73" cleared="0" enqueued="0" />
  <stringconstants candidates="13595" cleared="0"  />
</gc-op>
<gc-op id="2525" type="sweep" timems="1.783" contextid="2516" timestamp="2019-08-09T17:55:26.071" />
<mem-info id="2526" free="23020968" total="46530560" percent="49">
  <mem type="nursery" free="21749392" total="27262976" percent="79">
    <mem type="allocate" free="21749392" total="21757952" percent="99" />
    <mem type="survivor" free="0" total="5505024" percent="0" />
  </mem>
  <mem type="tenure" free="1271576" total="19267584" percent="6" micro-fragmented="0" macro-fragmented="0">
    <mem type="soa" free="1079064" total="19075072" percent="5" />
    <mem type="loa" free="192512" total="192512" percent="100" />
  </mem>
  <remembered-set count="848" />
</mem-info>
<gc-op id="2527" type="compact" timems="21.842" contextid="2516" timestamp="2019-08-09T17:55:26.093">
  <compact-info movecount="3" movebytes="1224" reason="compact to aid heap contraction" />
</gc-op>
<heap-resize id="2528" type="expand" space="tenure" amount="131072" count="1" timems="0.018" reason="satisfy allocation request" timestamp="2019-08-09T17:55:26.094" />
<gc-end id="2529" type="global" contextid="2516" durationms="48.465" usertimems="106.703" systemtimems="0.000" timestamp="2019-08-09T17:55:26.094" activeThreads="16">
  <mem-info id="2530" free="23152472" total="46661632" percent="49">
    <mem type="nursery" free="21749824" total="27262976" percent="79">
      <mem type="allocate" free="21749824" total="21757952" percent="99" />
      <mem type="survivor" free="0" total="5505024" percent="0" />
    </mem>
    <mem type="tenure" free="1402648" total="19398656" percent="7">
      <mem type="soa" free="1209112" total="19205120" percent="6" />
      <mem type="loa" free="193536" total="193536" percent="100" />
    </mem>
    <remembered-set count="848" />
  </mem-info>
</gc-end>
<cycle-end id="2531" type="global" contextid="2516" timestamp="2019-08-09T17:55:26.094" />
  <attribute name="elasticGC enabled" value="1" />
  <attribute name= "numThreadsSpecified" value="16" />
  <attribute name="heapSize specified" value="46530560" />
  <attribute name="Current GC Util" value="37" />
  <attribute name= "Current Time Running" value="132026" />
  <attribute name ="GC Interval" value="1441" />
  <attribute name="Target GC Util Change" value ="80.000000" />
  <attribute name="Current GC Util Change" value="37.000000"/>
  <attribute name="Current Error" value="-34.000000" />
  <attribute name="Output H" value="46606208"/>
  <attribute name="Output I" value="1976"/>
  <attribute name="Output T" value="16"/>
  <attribute name= "Current Time Running" value="132026" />
  <attribute name="GC Util currently" value="37" />
  <attribute name="CPU Util currently" value="52701685910" />
<concurrent-collection-end id="2532" timestamp="2019-08-09T17:55:26.094" />
<exclusive-end id="2533" timestamp="2019-08-09T17:55:26.094" durationms="48.614" />

<concurrent-kickoff id="2534" timestamp="2019-08-09T17:55:26.098">
  <kickoff reason="threshold reached" targetBytes="12427345" thresholdFreeBytes="1717683"  remainingFree="1597504" tenureFreeBytes="1402648" nurseryFreeBytes="1597504" />
</concurrent-kickoff>
<exclusive-start id="2535" timestamp="2019-08-09T17:55:26.098" intervalms="53.348">
  <response-info timems="0.053" idlems="0.053" threads="0" lastid="0000000001367F00" lastname="main" />
</exclusive-start>
<cycle-start id="2536" type="global" contextid="0" timestamp="2019-08-09T17:55:26.098" intervalms="74.163" />
<exclusive-end id="2537" timestamp="2019-08-09T17:55:26.098" durationms="0.021" />

<exclusive-start id="2538" timestamp="2019-08-09T17:55:26.116" intervalms="17.588">
  <response-info timems="0.045" idlems="0.045" threads="0" lastid="0000000001367F00" lastname="main" />
</exclusive-start>
<concurrent-collection-start id="2539" timestamp="2019-08-09T17:55:26.116" intervalms="70.947" >
  <concurrent-trace-info reason="card cleaning threshold reached" tracedByMutators="7358868" tracedByHelpers="6037676" cardsCleaned="0" workStackOverflowCount="0" />
</concurrent-collection-start>
<gc-start id="2540" type="global" contextid="2536" timestamp="2019-08-09T17:55:26.116">
  <mem-info id="2541" free="1402648" total="46661632" percent="3">
    <mem type="nursery" free="0" total="27262976" percent="0">
      <mem type="allocate" free="0" total="21757952" percent="0" />
      <mem type="survivor" free="0" total="5505024" percent="0" />
    </mem>
    <mem type="tenure" free="1402648" total="19398656" percent="7">
      <mem type="soa" free="1209112" total="19205120" percent="6" />
      <mem type="loa" free="193536" total="193536" percent="100" />
    </mem>
    <remembered-set count="848" />
  </mem-info>
</gc-start>
<allocation-stats totalBytes="21675696" >
  <allocated-bytes non-tlh="0" tlh="21675696" />
  <largest-consumer threadName="main" threadId="0000000001367F00" bytes="21675696" />
</allocation-stats>
<gc-op id="2542" type="rs-scan" timems="0.837" contextid="2536" timestamp="2019-08-09T17:55:26.117">
  <scan objectsFound="815" bytesTraced="32172" workStackOverflowCount="0" />
</gc-op>
<gc-op id="2543" type="card-cleaning" timems="0.518" contextid="2536" timestamp="2019-08-09T17:55:26.118">
  <card-cleaning cardsCleaned="0" bytesTraced="11720" workStackOverflowCount="0" />
</gc-op>
<gc-op id="2544" type="mark" timems="2.696" contextid="2536" timestamp="2019-08-09T17:55:26.120">
  <trace-info objectcount="216" scancount="210" scanbytes="6360" />
  <finalization candidates="80" enqueued="0" />
  <ownableSynchronizers candidates="21" cleared="0" />
  <references type="soft" candidates="3261" cleared="0" enqueued="0" dynamicThreshold="2" maxThreshold="32" />
  <references type="weak" candidates="5467" cleared="0" enqueued="0" />
  <references type="phantom" candidates="73" cleared="0" enqueued="0" />
  <stringconstants candidates="13595" cleared="0"  />
</gc-op>
<gc-op id="2545" type="sweep" timems="1.472" contextid="2536" timestamp="2019-08-09T17:55:26.122" />
<mem-info id="2546" free="23152040" total="46661632" percent="49">
  <mem type="nursery" free="21749392" total="27262976" percent="79">
    <mem type="allocate" free="21749392" total="21757952" percent="99" />
    <mem type="survivor" free="0" total="5505024" percent="0" />
  </mem>
  <mem type="tenure" free="1402648" total="19398656" percent="7" micro-fragmented="0" macro-fragmented="9100">
    <mem type="soa" free="1209112" total="19205120" percent="6" />
    <mem type="loa" free="193536" total="193536" percent="100" />
  </mem>
  <remembered-set count="848" />
</mem-info>
<gc-op id="2547" type="compact" timems="26.424" contextid="2536" timestamp="2019-08-09T17:55:26.148">
  <compact-info movecount="3" movebytes="1224" reason="compact to aid heap contraction" />
</gc-op>
<heap-resize id="2548" type="expand" space="tenure" amount="131072" count="1" timems="0.023" reason="satisfy allocation request" timestamp="2019-08-09T17:55:26.149" />
<gc-end id="2549" type="global" contextid="2536" durationms="33.287" usertimems="63.026" systemtimems="0.000" timestamp="2019-08-09T17:55:26.149" activeThreads="16">
  <mem-info id="2550" free="23283544" total="46792704" percent="49">
    <mem type="nursery" free="21749824" total="27262976" percent="79">
      <mem type="allocate" free="21749824" total="21757952" percent="99" />
      <mem type="survivor" free="0" total="5505024" percent="0" />
    </mem>
    <mem type="tenure" free="1533720" total="19529728" percent="7">
      <mem type="soa" free="1339160" total="19335168" percent="6" />
      <mem type="loa" free="194560" total="194560" percent="100" />
    </mem>
    <remembered-set count="848" />
  </mem-info>
</gc-end>
<cycle-end id="2551" type="global" contextid="2536" timestamp="2019-08-09T17:55:26.150" />
  <attribute name="elasticGC enabled" value="1" />
  <attribute name= "numThreadsSpecified" value="16" />
  <attribute name="heapSize specified" value="46661632" />
  <attribute name="Current GC Util" value="27" />
  <attribute name= "Current Time Running" value="132082" />
  <attribute name ="GC Interval" value="1441" />
  <attribute name="Target GC Util Change" value ="80.000000" />
  <attribute name="Current GC Util Change" value="27.000000"/>
  <attribute name="Current Error" value="37.000000" />
  <attribute name="Output H" value="46737360"/>
  <attribute name="Output I" value="2056"/>
  <attribute name="Output T" value="16"/>
  <attribute name= "Current Time Running" value="132082" />
  <attribute name="GC Util currently" value="27" />
  <attribute name="CPU Util currently" value="43575451521" />
<concurrent-collection-end id="2552" timestamp="2019-08-09T17:55:26.150" />
<exclusive-end id="2553" timestamp="2019-08-09T17:55:26.150" durationms="33.477" />

<concurrent-kickoff id="2554" timestamp="2019-08-09T17:55:26.154">
  <kickoff reason="threshold reached" targetBytes="12707442" thresholdFreeBytes="1757011"  remainingFree="1728576" tenureFreeBytes="1533720" nurseryFreeBytes="1728576" />
</concurrent-kickoff>
<exclusive-start id="2555" timestamp="2019-08-09T17:55:26.154" intervalms="37.941">
  <response-info timems="0.055" idlems="0.055" threads="0" lastid="0000000001367F00" lastname="main" />
</exclusive-start>
<cycle-start id="2556" type="global" contextid="0" timestamp="2019-08-09T17:55:26.154" intervalms="55.530" />
<exclusive-end id="2557" timestamp="2019-08-09T17:55:26.154" durationms="0.024" />

<exclusive-start id="2558" timestamp="2019-08-09T17:55:26.169" intervalms="14.845">
  <response-info timems="0.095" idlems="0.095" threads="0" lastid="0000000001367F00" lastname="main" />
</exclusive-start>
<af-start id="2559" threadId="0000000001368888" totalBytesRequested="1168" timestamp="2019-08-09T17:55:26.169" intervalms="323.191" type="nursery" />
<percolate-collect id="2560" from="nursery" to="global" reason="concurrent mark exhausted" timestamp="2019-08-09T17:55:26.169"/>
<gc-start id="2561" type="global" contextid="2556" timestamp="2019-08-09T17:55:26.169">
  <mem-info id="2562" free="1533720" total="46792704" percent="3">
    <mem type="nursery" free="0" total="27262976" percent="0">
      <mem type="allocate" free="0" total="21757952" percent="0" />
      <mem type="survivor" free="0" total="5505024" percent="0" />
    </mem>
    <mem type="tenure" free="1533720" total="19529728" percent="7">
      <mem type="soa" free="1339160" total="19335168" percent="6" />
      <mem type="loa" free="194560" total="194560" percent="100" />
    </mem>
    <remembered-set count="848" />
  </mem-info>
</gc-start>
<allocation-stats totalBytes="21675672" >
  <allocated-bytes non-tlh="0" tlh="21675672" />
  <largest-consumer threadName="main" threadId="0000000001367F00" bytes="21675672" />
</allocation-stats>
<concurrent-halted id="2563" timestamp="2019-08-09T17:55:26.169">
  <halted state="Complete" status="exhausted" />
  <traced bytesTarget="12707442" bytesTotal="13396544" bytesByMutator="6098980" bytesByHelper="7297564" percent="105" />
  <cards cleaned="0" thresholdBytes="692155" />
</concurrent-halted>
<gc-op id="2564" type="rs-scan" timems="1.611" contextid="2556" timestamp="2019-08-09T17:55:26.171">
  <scan objectsFound="815" bytesTraced="32172" workStackOverflowCount="0" />
</gc-op>
<gc-op id="2565" type="card-cleaning" timems="0.858" contextid="2556" timestamp="2019-08-09T17:55:26.171">
  <card-cleaning cardsCleaned="0" bytesTraced="11720" workStackOverflowCount="0" />
</gc-op>
<gc-op id="2566" type="mark" timems="4.719" contextid="2556" timestamp="2019-08-09T17:55:26.176">
  <trace-info objectcount="215" scancount="209" scanbytes="6360" />
  <finalization candidates="80" enqueued="0" />
  <ownableSynchronizers candidates="21" cleared="0" />
  <references type="soft" candidates="3261" cleared="0" enqueued="0" dynamicThreshold="2" maxThreshold="32" />
  <references type="weak" candidates="5467" cleared="0" enqueued="0" />
  <references type="phantom" candidates="73" cleared="0" enqueued="0" />
  <stringconstants candidates="13595" cleared="0"  />
</gc-op>
<gc-op id="2567" type="sweep" timems="1.894" contextid="2556" timestamp="2019-08-09T17:55:26.178" />
<mem-info id="2568" free="23284712" total="46792704" percent="49">
  <mem type="nursery" free="21750992" total="27262976" percent="79">
    <mem type="allocate" free="21750992" total="21757952" percent="99" />
    <mem type="survivor" free="0" total="5505024" percent="0" />
  </mem>
  <mem type="tenure" free="1533720" total="19529728" percent="7" micro-fragmented="0" macro-fragmented="9100">
    <mem type="soa" free="1339160" total="19335168" percent="6" />
    <mem type="loa" free="194560" total="194560" percent="100" />
  </mem>
  <remembered-set count="848" />
</mem-info>
<gc-op id="2569" type="compact" timems="32.425" contextid="2556" timestamp="2019-08-09T17:55:26.211">
  <compact-info movecount="2" movebytes="56" reason="compact to aid heap contraction" />
</gc-op>
<heap-resize id="2570" type="expand" space="tenure" amount="131072" count="1" timems="0.019" reason="satisfy allocation request" timestamp="2019-08-09T17:55:26.212" />
<gc-end id="2571" type="global" contextid="2556" durationms="42.936" usertimems="107.645" systemtimems="0.000" timestamp="2019-08-09T17:55:26.212" activeThreads="16">
  <mem-info id="2572" free="23415784" total="46923776" percent="49">
    <mem type="nursery" free="21750992" total="27262976" percent="79">
      <mem type="allocate" free="21750992" total="21757952" percent="99" />
      <mem type="survivor" free="0" total="5505024" percent="0" />
    </mem>
    <mem type="tenure" free="1664792" total="19660800" percent="8">
      <mem type="soa" free="1468184" total="19464192" percent="7" />
      <mem type="loa" free="196608" total="196608" percent="100" />
    </mem>
    <remembered-set count="848" />
  </mem-info>
</gc-end>
<cycle-end id="2573" type="global" contextid="2556" timestamp="2019-08-09T17:55:26.212" />
  <attribute name="elasticGC enabled" value="1" />
  <attribute name= "numThreadsSpecified" value="16" />
  <attribute name="heapSize specified" value="46792704" />
  <attribute name="Current GC Util" value="42" />
  <attribute name= "Current Time Running" value="132144" />
  <attribute name ="GC Interval" value="1441" />
  <attribute name="Target GC Util Change" value ="80.000000" />
  <attribute name="Current GC Util Change" value="42.000000"/>
  <attribute name="Current Error" value="-210.000000" />
  <attribute name="Output H" value="46868144"/>
  <attribute name="Output I" value="1768"/>
  <attribute name="Output T" value="16"/>
  <attribute name= "Current Time Running" value="132144" />
  <attribute name="GC Util currently" value="42" />
  <attribute name="CPU Util currently" value="35528018684" />
<allocation-satisfied id="2574" threadId="0000000001367F00" bytesRequested="1168" />
<af-end id="2575" timestamp="2019-08-09T17:55:26.212" threadId="0000000001368888" success="true" from="nursery"/>
<exclusive-end id="2576" timestamp="2019-08-09T17:55:26.212" durationms="43.169" />

<concurrent-kickoff id="2577" timestamp="2019-08-09T17:55:26.217">
  <kickoff reason="threshold reached" targetBytes="12932977" thresholdFreeBytes="1788574"  remainingFree="1728576" tenureFreeBytes="1664792" nurseryFreeBytes="1728576" />
</concurrent-kickoff>
<exclusive-start id="2578" timestamp="2019-08-09T17:55:26.217" intervalms="48.195">
  <response-info timems="0.129" idlems="0.129" threads="0" lastid="0000000001367F00" lastname="main" />
</exclusive-start>
<cycle-start id="2579" type="global" contextid="0" timestamp="2019-08-09T17:55:26.217" intervalms="63.037" />
<exclusive-end id="2580" timestamp="2019-08-09T17:55:26.217" durationms="0.024" />

<exclusive-start id="2581" timestamp="2019-08-09T17:55:26.229" intervalms="12.244">
  <response-info timems="0.080" idlems="0.080" threads="0" lastid="0000000001367F00" lastname="main" />
</exclusive-start>
<concurrent-collection-start id="2582" timestamp="2019-08-09T17:55:26.229" intervalms="113.238" >
  <concurrent-trace-info reason="card cleaning threshold reached" tracedByMutators="5963836" tracedByHelpers="7432708" cardsCleaned="0" workStackOverflowCount="0" />
</concurrent-collection-start>
<gc-start id="2583" type="global" contextid="2579" timestamp="2019-08-09T17:55:26.229">
  <mem-info id="2584" free="1689432" total="46923776" percent="3">
    <mem type="nursery" free="24640" total="27262976" percent="0">
      <mem type="allocate" free="24640" total="21757952" percent="0" />
      <mem type="survivor" free="0" total="5505024" percent="0" />
    </mem>
    <mem type="tenure" free="1664792" total="19660800" percent="8">
      <mem type="soa" free="1468184" total="19464192" percent="7" />
      <mem type="loa" free="196608" total="196608" percent="100" />
    </mem>
    <remembered-set count="848" />
  </mem-info>
</gc-start>
<allocation-stats totalBytes="21652656" >
  <allocated-bytes non-tlh="1168" tlh="21651488" />
  <largest-consumer threadName="main" threadId="0000000001367F00" bytes="21652656" />
</allocation-stats>
<gc-op id="2585" type="rs-scan" timems="1.582" contextid="2579" timestamp="2019-08-09T17:55:26.231">
  <scan objectsFound="815" bytesTraced="32172" workStackOverflowCount="0" />
</gc-op>
<gc-op id="2586" type="card-cleaning" timems="1.292" contextid="2579" timestamp="2019-08-09T17:55:26.232">
  <card-cleaning cardsCleaned="0" bytesTraced="11720" workStackOverflowCount="0" />
</gc-op>
<gc-op id="2587" type="mark" timems="8.383" contextid="2579" timestamp="2019-08-09T17:55:26.241">
  <trace-info objectcount="216" scancount="210" scanbytes="6360" />
  <finalization candidates="80" enqueued="0" />
  <ownableSynchronizers candidates="21" cleared="0" />
  <references type="soft" candidates="3261" cleared="0" enqueued="0" dynamicThreshold="2" maxThreshold="32" />
  <references type="weak" candidates="5467" cleared="0" enqueued="0" />
  <references type="phantom" candidates="73" cleared="0" enqueued="0" />
  <stringconstants candidates="13595" cleared="0"  />
</gc-op>
<gc-op id="2588" type="sweep" timems="1.248" contextid="2579" timestamp="2019-08-09T17:55:26.242" />
<mem-info id="2589" free="23414184" total="46923776" percent="49">
  <mem type="nursery" free="21749392" total="27262976" percent="79">
    <mem type="allocate" free="21749392" total="21757952" percent="99" />
    <mem type="survivor" free="0" total="5505024" percent="0" />
  </mem>
  <mem type="tenure" free="1664792" total="19660800" percent="8" micro-fragmented="0" macro-fragmented="13104">
    <mem type="soa" free="1468184" total="19464192" percent="7" />
    <mem type="loa" free="196608" total="196608" percent="100" />
  </mem>
  <remembered-set count="848" />
</mem-info>
<gc-op id="2590" type="compact" timems="33.795" contextid="2579" timestamp="2019-08-09T17:55:26.276">
  <compact-info movecount="3" movebytes="1224" reason="compact to aid heap contraction" />
</gc-op>
<heap-resize id="2591" type="expand" space="tenure" amount="131072" count="1" timems="0.026" reason="satisfy allocation request" timestamp="2019-08-09T17:55:26.277" />
<gc-end id="2592" type="global" contextid="2579" durationms="47.209" usertimems="68.774" systemtimems="0.000" timestamp="2019-08-09T17:55:26.277" activeThreads="16">
  <mem-info id="2593" free="23545688" total="47054848" percent="50">
    <mem type="nursery" free="21749824" total="27262976" percent="79">
      <mem type="allocate" free="21749824" total="21757952" percent="99" />
      <mem type="survivor" free="0" total="5505024" percent="0" />
    </mem>
    <mem type="tenure" free="1795864" total="19791872" percent="9">
      <mem type="soa" free="1598232" total="19594240" percent="8" />
      <mem type="loa" free="197632" total="197632" percent="100" />
    </mem>
    <remembered-set count="848" />
  </mem-info>
</gc-end>
<cycle-end id="2594" type="global" contextid="2579" timestamp="2019-08-09T17:55:26.277" />
  <attribute name="elasticGC enabled" value="1" />
  <attribute name= "numThreadsSpecified" value="16" />
  <attribute name="heapSize specified" value="46923776" />
  <attribute name="Current GC Util" value="36" />
  <attribute name= "Current Time Running" value="132209" />
  <attribute name ="GC Interval" value="1441" />
  <attribute name="Target GC Util Change" value ="80.000000" />
  <attribute name="Current GC Util Change" value="36.000000"/>
  <attribute name="Current Error" value="44.000000" />
  <attribute name="Output H" value="46999512"/>
  <attribute name="Output I" value="2064"/>
  <attribute name="Output T" value="16"/>
  <attribute name= "Current Time Running" value="132209" />
  <attribute name="GC Util currently" value="36" />
  <attribute name="CPU Util currently" value="34079453469" />
<concurrent-collection-end id="2595" timestamp="2019-08-09T17:55:26.277" />
<exclusive-end id="2596" timestamp="2019-08-09T17:55:26.277" durationms="47.423" />

<concurrent-kickoff id="2597" timestamp="2019-08-09T17:55:26.282">
  <kickoff reason="threshold reached" targetBytes="13114205" thresholdFreeBytes="1814094"  remainingFree="1728576" tenureFreeBytes="1795864" nurseryFreeBytes="1728576" />
</concurrent-kickoff>
<exclusive-start id="2598" timestamp="2019-08-09T17:55:26.283" intervalms="53.243">
  <response-info timems="0.151" idlems="0.151" threads="0" lastid="0000000001367F00" lastname="main" />
</exclusive-start>
<cycle-start id="2599" type="global" contextid="0" timestamp="2019-08-09T17:55:26.283" intervalms="65.492" />
<exclusive-end id="2600" timestamp="2019-08-09T17:55:26.283" durationms="0.027" />

<exclusive-start id="2601" timestamp="2019-08-09T17:55:26.302" intervalms="19.785">
  <response-info timems="0.074" idlems="0.074" threads="0" lastid="0000000001367F00" lastname="main" />
</exclusive-start>
<concurrent-collection-start id="2602" timestamp="2019-08-09T17:55:26.302" intervalms="73.016" >
  <concurrent-trace-info reason="card cleaning threshold reached" tracedByMutators="6449772" tracedByHelpers="6921768" cardsCleaned="0" workStackOverflowCount="0" />
</concurrent-collection-start>
<gc-start id="2603" type="global" contextid="2599" timestamp="2019-08-09T17:55:26.302">
  <mem-info id="2604" free="1820504" total="47054848" percent="3">
    <mem type="nursery" free="24640" total="27262976" percent="0">
      <mem type="allocate" free="24640" total="21757952" percent="0" />
      <mem type="survivor" free="0" total="5505024" percent="0" />
    </mem>
    <mem type="tenure" free="1795864" total="19791872" percent="9">
      <mem type="soa" free="1598232" total="19594240" percent="8" />
      <mem type="loa" free="197632" total="197632" percent="100" />
    </mem>
    <remembered-set count="848" />
  </mem-info>
</gc-start>
<allocation-stats totalBytes="21651464" >
  <allocated-bytes non-tlh="0" tlh="21651464" />
  <largest-consumer threadName="main" threadId="0000000001367F00" bytes="21651464" />
</allocation-stats>
<gc-op id="2605" type="rs-scan" timems="2.755" contextid="2599" timestamp="2019-08-09T17:55:26.305">
  <scan objectsFound="815" bytesTraced="32172" workStackOverflowCount="0" />
</gc-op>
<gc-op id="2606" type="card-cleaning" timems="1.430" contextid="2599" timestamp="2019-08-09T17:55:26.307">
  <card-cleaning cardsCleaned="0" bytesTraced="11720" workStackOverflowCount="0" />
</gc-op>
<gc-op id="2607" type="mark" timems="4.823" contextid="2599" timestamp="2019-08-09T17:55:26.312">
  <trace-info objectcount="1078" scancount="999" scanbytes="31364" />
  <finalization candidates="80" enqueued="0" />
  <ownableSynchronizers candidates="21" cleared="0" />
  <references type="soft" candidates="3261" cleared="0" enqueued="0" dynamicThreshold="2" maxThreshold="32" />
  <references type="weak" candidates="5467" cleared="0" enqueued="0" />
  <references type="phantom" candidates="73" cleared="0" enqueued="0" />
  <stringconstants candidates="13595" cleared="0"  />
</gc-op>
<gc-op id="2608" type="sweep" timems="3.868" contextid="2599" timestamp="2019-08-09T17:55:26.315" />
<mem-info id="2609" free="23545256" total="47054848" percent="50">
  <mem type="nursery" free="21749392" total="27262976" percent="79">
    <mem type="allocate" free="21749392" total="21757952" percent="99" />
    <mem type="survivor" free="0" total="5505024" percent="0" />
  </mem>
  <mem type="tenure" free="1795864" total="19791872" percent="9" micro-fragmented="0" macro-fragmented="868149">
    <mem type="soa" free="1598232" total="19594240" percent="8" />
    <mem type="loa" free="197632" total="197632" percent="100" />
  </mem>
  <remembered-set count="848" />
</mem-info>
<gc-op id="2610" type="compact" timems="29.920" contextid="2599" timestamp="2019-08-09T17:55:26.346">
  <compact-info movecount="3" movebytes="1224" reason="compact to aid heap contraction" />
</gc-op>
<heap-resize id="2611" type="expand" space="tenure" amount="131072" count="1" timems="0.019" reason="satisfy allocation request" timestamp="2019-08-09T17:55:26.347" />
<gc-end id="2612" type="global" contextid="2599" durationms="44.734" usertimems="70.396" systemtimems="0.000" timestamp="2019-08-09T17:55:26.347" activeThreads="16">
  <mem-info id="2613" free="23676760" total="47185920" percent="50">
    <mem type="nursery" free="21749824" total="27262976" percent="79">
      <mem type="allocate" free="21749824" total="21757952" percent="99" />
      <mem type="survivor" free="0" total="5505024" percent="0" />
    </mem>
    <mem type="tenure" free="1926936" total="19922944" percent="9">
      <mem type="soa" free="1728280" total="19724288" percent="8" />
      <mem type="loa" free="198656" total="198656" percent="100" />
    </mem>
    <remembered-set count="848" />
  </mem-info>
</gc-end>
<cycle-end id="2614" type="global" contextid="2599" timestamp="2019-08-09T17:55:26.347" />
  <attribute name="elasticGC enabled" value="1" />
  <attribute name= "numThreadsSpecified" value="16" />
  <attribute name="heapSize specified" value="47054848" />
  <attribute name="Current GC Util" value="36" />
  <attribute name= "Current Time Running" value="132279" />
  <attribute name ="GC Interval" value="1441" />
  <attribute name="Target GC Util Change" value ="80.000000" />
  <attribute name="Current GC Util Change" value="36.000000"/>
  <attribute name="Current Error" value="-76.000000" />
  <attribute name="Output H" value="47130448"/>
  <attribute name="Output I" value="1928"/>
  <attribute name="Output T" value="16"/>
  <attribute name= "Current Time Running" value="132279" />
  <attribute name="GC Util currently" value="36" />
  <attribute name="CPU Util currently" value="38443417503" />
<concurrent-collection-end id="2615" timestamp="2019-08-09T17:55:26.347" />
<exclusive-end id="2616" timestamp="2019-08-09T17:55:26.347" durationms="44.900" />

<concurrent-kickoff id="2617" timestamp="2019-08-09T17:55:26.353">
  <kickoff reason="threshold reached" targetBytes="13254422" thresholdFreeBytes="1833875"  remainingFree="1728576" tenureFreeBytes="1926936" nurseryFreeBytes="1728576" />
</concurrent-kickoff>
<exclusive-start id="2618" timestamp="2019-08-09T17:55:26.353" intervalms="50.836">
  <response-info timems="0.414" idlems="0.414" threads="0" lastid="0000000001367F00" lastname="main" />
</exclusive-start>
<cycle-start id="2619" type="global" contextid="0" timestamp="2019-08-09T17:55:26.353" intervalms="70.652" />
<exclusive-end id="2620" timestamp="2019-08-09T17:55:26.353" durationms="0.061" />

<exclusive-start id="2621" timestamp="2019-08-09T17:55:26.381" intervalms="28.020">
  <response-info timems="0.024" idlems="0.024" threads="0" lastid="0000000001367F00" lastname="main" />
</exclusive-start>
<concurrent-collection-start id="2622" timestamp="2019-08-09T17:55:26.381" intervalms="78.866" >
  <concurrent-trace-info reason="card cleaning threshold reached" tracedByMutators="7446672" tracedByHelpers="5949872" cardsCleaned="0" workStackOverflowCount="0" />
</concurrent-collection-start>
<gc-start id="2623" type="global" contextid="2619" timestamp="2019-08-09T17:55:26.381">
  <mem-info id="2624" free="1951576" total="47185920" percent="4">
    <mem type="nursery" free="24640" total="27262976" percent="0">
      <mem type="allocate" free="24640" total="21757952" percent="0" />
      <mem type="survivor" free="0" total="5505024" percent="0" />
    </mem>
    <mem type="tenure" free="1926936" total="19922944" percent="9">
      <mem type="soa" free="1728280" total="19724288" percent="8" />
      <mem type="loa" free="198656" total="198656" percent="100" />
    </mem>
    <remembered-set count="848" />
  </mem-info>
</gc-start>
<allocation-stats totalBytes="21651464" >
  <allocated-bytes non-tlh="0" tlh="21651464" />
  <largest-consumer threadName="main" threadId="0000000001367F00" bytes="21651464" />
</allocation-stats>
<gc-op id="2625" type="rs-scan" timems="6.262" contextid="2619" timestamp="2019-08-09T17:55:26.388">
  <scan objectsFound="815" bytesTraced="32172" workStackOverflowCount="0" />
</gc-op>
<gc-op id="2626" type="card-cleaning" timems="0.680" contextid="2619" timestamp="2019-08-09T17:55:26.388">
  <card-cleaning cardsCleaned="0" bytesTraced="11720" workStackOverflowCount="0" />
</gc-op>
<gc-op id="2627" type="mark" timems="5.906" contextid="2619" timestamp="2019-08-09T17:55:26.394">
  <trace-info objectcount="216" scancount="210" scanbytes="6360" />
  <finalization candidates="80" enqueued="0" />
  <ownableSynchronizers candidates="21" cleared="0" />
  <references type="soft" candidates="3261" cleared="0" enqueued="0" dynamicThreshold="3" maxThreshold="32" />
  <references type="weak" candidates="5467" cleared="0" enqueued="0" />
  <references type="phantom" candidates="73" cleared="0" enqueued="0" />
  <stringconstants candidates="13595" cleared="0"  />
</gc-op>
<gc-op id="2628" type="sweep" timems="1.218" contextid="2619" timestamp="2019-08-09T17:55:26.396" />
<mem-info id="2629" free="23676328" total="47185920" percent="50">
  <mem type="nursery" free="21749392" total="27262976" percent="79">
    <mem type="allocate" free="21749392" total="21757952" percent="99" />
    <mem type="survivor" free="0" total="5505024" percent="0" />
  </mem>
  <mem type="tenure" free="1926936" total="19922944" percent="9" micro-fragmented="0" macro-fragmented="0">
    <mem type="soa" free="1728280" total="19724288" percent="8" />
    <mem type="loa" free="198656" total="198656" percent="100" />
  </mem>
  <remembered-set count="848" />
</mem-info>
<gc-op id="2630" type="compact" timems="40.806" contextid="2619" timestamp="2019-08-09T17:55:26.437">
  <compact-info movecount="3" movebytes="1224" reason="compact to aid heap contraction" />
</gc-op>
<heap-resize id="2631" type="expand" space="tenure" amount="131072" count="1" timems="0.097" reason="satisfy allocation request" timestamp="2019-08-09T17:55:26.442" />
<gc-end id="2632" type="global" contextid="2619" durationms="60.457" usertimems="129.279" systemtimems="0.000" timestamp="2019-08-09T17:55:26.442" activeThreads="16">
  <mem-info id="2633" free="23807832" total="47316992" percent="50">
    <mem type="nursery" free="21749824" total="27262976" percent="79">
      <mem type="allocate" free="21749824" total="21757952" percent="99" />
      <mem type="survivor" free="0" total="5505024" percent="0" />
    </mem>
    <mem type="tenure" free="2058008" total="20054016" percent="10">
      <mem type="soa" free="1858328" total="19854336" percent="9" />
      <mem type="loa" free="199680" total="199680" percent="100" />
    </mem>
    <remembered-set count="848" />
  </mem-info>
</gc-end>
<cycle-end id="2634" type="global" contextid="2619" timestamp="2019-08-09T17:55:26.442" />
  <attribute name="elasticGC enabled" value="1" />
  <attribute name= "numThreadsSpecified" value="16" />
  <attribute name="heapSize specified" value="47185920" />
  <attribute name="Current GC Util" value="42" />
  <attribute name= "Current Time Running" value="132370" />
  <attribute name ="GC Interval" value="1441" />
  <attribute name="Target GC Util Change" value ="80.000000" />
  <attribute name="Current GC Util Change" value="42.000000"/>
  <attribute name="Current Error" value="-32.000000" />
  <attribute name="Output H" value="47261568"/>
  <attribute name="Output I" value="1976"/>
  <attribute name="Output T" value="16"/>
  <attribute name= "Current Time Running" value="132370" />
  <attribute name="GC Util currently" value="42" />
  <attribute name="CPU Util currently" value="28280222725" />
<concurrent-collection-end id="2635" timestamp="2019-08-09T17:55:26.442" />
<exclusive-end id="2636" timestamp="2019-08-09T17:55:26.442" durationms="60.893" />

<concurrent-kickoff id="2637" timestamp="2019-08-09T17:55:26.447">
  <kickoff reason="threshold reached" targetBytes="13371774" thresholdFreeBytes="1850426"  remainingFree="1728576" tenureFreeBytes="2058008" nurseryFreeBytes="1728576" />
</concurrent-kickoff>
<exclusive-start id="2638" timestamp="2019-08-09T17:55:26.447" intervalms="65.996">
  <response-info timems="0.081" idlems="0.081" threads="0" lastid="0000000001367F00" lastname="main" />
</exclusive-start>
<cycle-start id="2639" type="global" contextid="0" timestamp="2019-08-09T17:55:26.447" intervalms="93.978" />
<exclusive-end id="2640" timestamp="2019-08-09T17:55:26.447" durationms="0.022" />

<exclusive-start id="2641" timestamp="2019-08-09T17:55:26.474" intervalms="27.184">
  <response-info timems="0.101" idlems="0.101" threads="0" lastid="0000000001367F00" lastname="main" />
</exclusive-start>
<concurrent-collection-start id="2642" timestamp="2019-08-09T17:55:26.474" intervalms="93.167" >
  <concurrent-trace-info reason="card cleaning threshold reached" tracedByMutators="5333064" tracedByHelpers="8063480" cardsCleaned="0" workStackOverflowCount="0" />
</concurrent-collection-start>
<gc-start id="2643" type="global" contextid="2639" timestamp="2019-08-09T17:55:26.474">
  <mem-info id="2644" free="2058008" total="47316992" percent="4">
    <mem type="nursery" free="0" total="27262976" percent="0">
      <mem type="allocate" free="0" total="21757952" percent="0" />
      <mem type="survivor" free="0" total="5505024" percent="0" />
    </mem>
    <mem type="tenure" free="2058008" total="20054016" percent="10">
      <mem type="soa" free="1858328" total="19854336" percent="9" />
      <mem type="loa" free="199680" total="199680" percent="100" />
    </mem>
    <remembered-set count="848" />
  </mem-info>
</gc-start>
<allocation-stats totalBytes="21675672" >
  <allocated-bytes non-tlh="0" tlh="21675672" />
  <largest-consumer threadName="main" threadId="0000000001367F00" bytes="21675672" />
</allocation-stats>
<gc-op id="2645" type="rs-scan" timems="2.932" contextid="2639" timestamp="2019-08-09T17:55:26.477">
  <scan objectsFound="815" bytesTraced="32172" workStackOverflowCount="0" />
</gc-op>
<gc-op id="2646" type="card-cleaning" timems="2.412" contextid="2639" timestamp="2019-08-09T17:55:26.480">
  <card-cleaning cardsCleaned="0" bytesTraced="11720" workStackOverflowCount="0" />
</gc-op>
<gc-op id="2647" type="mark" timems="10.139" contextid="2639" timestamp="2019-08-09T17:55:26.490">
  <trace-info objectcount="216" scancount="210" scanbytes="6360" />
  <finalization candidates="80" enqueued="0" />
  <ownableSynchronizers candidates="21" cleared="0" />
  <references type="soft" candidates="3261" cleared="0" enqueued="0" dynamicThreshold="3" maxThreshold="32" />
  <references type="weak" candidates="5467" cleared="0" enqueued="0" />
  <references type="phantom" candidates="73" cleared="0" enqueued="0" />
  <stringconstants candidates="13595" cleared="0"  />
</gc-op>
<gc-op id="2648" type="sweep" timems="2.198" contextid="2639" timestamp="2019-08-09T17:55:26.492" />
<mem-info id="2649" free="23807400" total="47316992" percent="50">
  <mem type="nursery" free="21749392" total="27262976" percent="79">
    <mem type="allocate" free="21749392" total="21757952" percent="99" />
    <mem type="survivor" free="0" total="5505024" percent="0" />
  </mem>
  <mem type="tenure" free="2058008" total="20054016" percent="10" micro-fragmented="0" macro-fragmented="0">
    <mem type="soa" free="1858328" total="19854336" percent="9" />
    <mem type="loa" free="199680" total="199680" percent="100" />
  </mem>
  <remembered-set count="848" />
</mem-info>
<gc-op id="2650" type="compact" timems="25.399" contextid="2639" timestamp="2019-08-09T17:55:26.518">
  <compact-info movecount="3" movebytes="1224" reason="compact to aid heap contraction" />
</gc-op>
<heap-resize id="2651" type="expand" space="tenure" amount="131072" count="1" timems="0.024" reason="satisfy allocation request" timestamp="2019-08-09T17:55:26.519" />
<gc-end id="2652" type="global" contextid="2639" durationms="44.428" usertimems="101.583" systemtimems="0.000" timestamp="2019-08-09T17:55:26.519" activeThreads="16">
  <mem-info id="2653" free="23938904" total="47448064" percent="50">
    <mem type="nursery" free="21749824" total="27262976" percent="79">
      <mem type="allocate" free="21749824" total="21757952" percent="99" />
      <mem type="survivor" free="0" total="5505024" percent="0" />
    </mem>
    <mem type="tenure" free="2189080" total="20185088" percent="10">
      <mem type="soa" free="1987352" total="19983360" percent="9" />
      <mem type="loa" free="201728" total="201728" percent="100" />
    </mem>
    <remembered-set count="848" />
  </mem-info>
</gc-end>
<cycle-end id="2654" type="global" contextid="2639" timestamp="2019-08-09T17:55:26.519" />
  <attribute name="elasticGC enabled" value="1" />
  <attribute name= "numThreadsSpecified" value="16" />
  <attribute name="heapSize specified" value="47316992" />
  <attribute name="Current GC Util" value="35" />
  <attribute name= "Current Time Running" value="132451" />
  <attribute name ="GC Interval" value="1441" />
  <attribute name="Target GC Util Change" value ="80.000000" />
  <attribute name="Current GC Util Change" value="35.000000"/>
  <attribute name="Current Error" value="-73.000000" />
  <attribute name="Output H" value="47392592"/>
  <attribute name="Output I" value="1928"/>
  <attribute name="Output T" value="16"/>
  <attribute name= "Current Time Running" value="132451" />
  <attribute name="GC Util currently" value="35" />
  <attribute name="CPU Util currently" value="45347680624" />
<concurrent-collection-end id="2655" timestamp="2019-08-09T17:55:26.519" />
<exclusive-end id="2656" timestamp="2019-08-09T17:55:26.519" durationms="44.611" />

<exclusive-start id="2657" timestamp="2019-08-09T17:55:26.525" intervalms="50.542">
  <response-info timems="0.062" idlems="0.062" threads="0" lastid="0000000001367F00" lastname="main" />
</exclusive-start>
<af-start id="2658" threadId="0000000001368888" totalBytesRequested="1168" timestamp="2019-08-09T17:55:26.525" intervalms="356.152" type="nursery" />
<cycle-start id="2659" type="scavenge" contextid="0" timestamp="2019-08-09T17:55:26.525" intervalms="743.238" />
<gc-start id="2660" type="scavenge" contextid="2659" timestamp="2019-08-09T17:55:26.525">
  <mem-info id="2661" free="2189080" total="47448064" percent="4">
    <mem type="nursery" free="0" total="27262976" percent="0">
      <mem type="allocate" free="0" total="21757952" percent="0" />
      <mem type="survivor" free="0" total="5505024" percent="0" />
    </mem>
    <mem type="tenure" free="2189080" total="20185088" percent="10">
      <mem type="soa" free="1987352" total="19983360" percent="9" />
      <mem type="loa" free="201728" total="201728" percent="100" />
    </mem>
    <remembered-set count="848" />
  </mem-info>
</gc-start>
<allocation-stats totalBytes="21675696" >
  <allocated-bytes non-tlh="0" tlh="21675696" />
  <largest-consumer threadName="main" threadId="0000000001367F00" bytes="21675696" />
</allocation-stats>
<gc-op id="2662" type="scavenge" timems="1.499" contextid="2659" timestamp="2019-08-09T17:55:26.527">
  <scavenger-info tenureage="14" tenuremask="4000" tiltratio="79" />
  <memory-copied type="nursery" objects="92" bytes="6960" bytesdiscarded="40656" />
  <ownableSynchronizers candidates="42" cleared="42" />
  <references type="weak" candidates="2" cleared="0" enqueued="0" />
</gc-op>
<gc-end id="2663" type="scavenge" contextid="2659" durationms="2.038" usertimems="4.098" systemtimems="0.000" timestamp="2019-08-09T17:55:26.527" activeThreads="16">
  <mem-info id="2664" free="24947992" total="47448064" percent="52">
    <mem type="nursery" free="22758912" total="27262976" percent="83">
      <mem type="allocate" free="22758912" total="22806528" percent="99" />
      <mem type="survivor" free="0" total="4456448" percent="0" />
    </mem>
    <mem type="tenure" free="2189080" total="20185088" percent="10" macro-fragmented="0">
      <mem type="soa" free="1987352" total="19983360" percent="9" />
      <mem type="loa" free="201728" total="201728" percent="100" />
    </mem>
    <remembered-set count="847" />
  </mem-info>
</gc-end>
<cycle-end id="2665" type="scavenge" contextid="2659" timestamp="2019-08-09T17:55:26.527" />
  <attribute name="elasticGC enabled" value="1" />
  <attribute name= "numThreadsSpecified" value="16" />
  <attribute name="heapSize specified" value="47316992" />
  <attribute name="Current GC Util" value="403" />
  <attribute name= "Current Time Running" value="132458" />
  <attribute name ="GC Interval" value="1553" />
  <attribute name="Target GC Util Change" value ="80.000000" />
  <attribute name="Current GC Util Change" value="403.000000"/>
  <attribute name="Current Error" value="-396.000000" />
  <attribute name="Output H" value="47523288"/>
  <attribute name="Output I" value="1552"/>
  <attribute name="Output T" value="16"/>
  <attribute name= "Current Time Running" value="132458" />
  <attribute name="GC Util currently" value="403" />
  <attribute name="CPU Util currently" value="162923017134" />
<allocation-satisfied id="2666" threadId="0000000001367F00" bytesRequested="1168" />
<af-end id="2667" timestamp="2019-08-09T17:55:26.527" threadId="0000000001368888" success="true" from="nursery"/>
<exclusive-end id="2668" timestamp="2019-08-09T17:55:26.527" durationms="2.516" />

<exclusive-start id="2669" timestamp="2019-08-09T17:55:26.535" intervalms="10.161">
  <response-info timems="0.053" idlems="0.053" threads="0" lastid="0000000001367F00" lastname="main" />
</exclusive-start>
<af-start id="2670" threadId="0000000001368888" totalBytesRequested="1168" timestamp="2019-08-09T17:55:26.535" intervalms="10.049" type="nursery" />
<cycle-start id="2671" type="scavenge" contextid="0" timestamp="2019-08-09T17:55:26.535" intervalms="10.014" />
<gc-start id="2672" type="scavenge" contextid="2671" timestamp="2019-08-09T17:55:26.535">
  <mem-info id="2673" free="2189080" total="47448064" percent="4">
    <mem type="nursery" free="0" total="27262976" percent="0">
      <mem type="allocate" free="0" total="22806528" percent="0" />
      <mem type="survivor" free="0" total="4456448" percent="0" />
    </mem>
    <mem type="tenure" free="2189080" total="20185088" percent="10">
      <mem type="soa" free="1987352" total="19983360" percent="9" />
      <mem type="loa" free="201728" total="201728" percent="100" />
    </mem>
    <remembered-set count="847" />
  </mem-info>
</gc-start>
<allocation-stats totalBytes="22680096" >
  <allocated-bytes non-tlh="1168" tlh="22678928" />
  <largest-consumer threadName="main" threadId="0000000001367F00" bytes="22680096" />
</allocation-stats>
<gc-op id="2674" type="scavenge" timems="1.241" contextid="2671" timestamp="2019-08-09T17:55:26.536">
  <scavenger-info tenureage="3" tenuremask="fff8" tiltratio="83" />
  <memory-copied type="nursery" objects="3" bytes="3104" bytesdiscarded="39880" />
  <memory-copied type="tenure" objects="89" bytes="3856" bytesdiscarded="0" />
</gc-op>
<heap-resize id="2675" type="expand" space="nursery" amount="1703936" count="1" timems="0.020" reason="excessive time being spent scavenging" timestamp="2019-08-09T17:55:26.537" />
<gc-end id="2676" type="scavenge" contextid="2671" durationms="1.730" usertimems="5.802" systemtimems="0.000" timestamp="2019-08-09T17:55:26.537" activeThreads="16">
  <mem-info id="2677" free="27264304" total="49152000" percent="55">
    <mem type="nursery" free="25122840" total="28966912" percent="86">
      <mem type="allocate" free="25122840" total="25165824" percent="99" />
      <mem type="survivor" free="0" total="3801088" percent="0" />
    </mem>
    <mem type="tenure" free="2141464" total="20185088" percent="10" macro-fragmented="0">
      <mem type="soa" free="1939736" total="19983360" percent="9" />
      <mem type="loa" free="201728" total="201728" percent="100" />
    </mem>
    <remembered-set count="120" />
  </mem-info>
</gc-end>
<cycle-end id="2678" type="scavenge" contextid="2671" timestamp="2019-08-09T17:55:26.537" />
  <attribute name="elasticGC enabled" value="1" />
  <attribute name= "numThreadsSpecified" value="16" />
  <attribute name="heapSize specified" value="47316992" />
  <attribute name="Current GC Util" value="31" />
  <attribute name= "Current Time Running" value="132468" />
  <attribute name ="GC Interval" value="1609" />
  <attribute name="Target GC Util Change" value ="80.000000" />
  <attribute name="Current GC Util Change" value="31.000000"/>
  <attribute name="Current Error" value="-347.000000" />
  <attribute name="Output H" value="47523344"/>
  <attribute name="Output I" value="1608"/>
  <attribute name="Output T" value="16"/>
  <attribute name= "Current Time Running" value="132468" />
  <attribute name="GC Util currently" value="31" />
  <attribute name="CPU Util currently" value="115360417535" />
<allocation-satisfied id="2679" threadId="0000000001367F00" bytesRequested="1168" />
<af-end id="2680" timestamp="2019-08-09T17:55:26.537" threadId="0000000001368888" success="true" from="nursery"/>
<exclusive-end id="2681" timestamp="2019-08-09T17:55:26.537" durationms="1.962" />

<exclusive-start id="2682" timestamp="2019-08-09T17:55:26.545" intervalms="10.070">
  <response-info timems="0.059" idlems="0.059" threads="0" lastid="0000000001367F00" lastname="main" />
</exclusive-start>
<af-start id="2683" threadId="0000000001368888" totalBytesRequested="1168" timestamp="2019-08-09T17:55:26.545" intervalms="10.075" type="nursery" />
<cycle-start id="2684" type="scavenge" contextid="0" timestamp="2019-08-09T17:55:26.545" intervalms="10.077" />
<gc-start id="2685" type="scavenge" contextid="2684" timestamp="2019-08-09T17:55:26.545">
  <mem-info id="2686" free="2141464" total="49152000" percent="4">
    <mem type="nursery" free="0" total="28966912" percent="0">
      <mem type="allocate" free="0" total="25165824" percent="0" />
      <mem type="survivor" free="0" total="3801088" percent="0" />
    </mem>
    <mem type="tenure" free="2141464" total="20185088" percent="10">
      <mem type="soa" free="1939736" total="19983360" percent="9" />
      <mem type="loa" free="201728" total="201728" percent="100" />
    </mem>
    <remembered-set count="120" />
  </mem-info>
</gc-start>
<allocation-stats totalBytes="25036616" >
  <allocated-bytes non-tlh="1168" tlh="25035448" />
  <largest-consumer threadName="main" threadId="0000000001367F00" bytes="25036616" />
</allocation-stats>
<gc-op id="2687" type="scavenge" timems="1.041" contextid="2684" timestamp="2019-08-09T17:55:26.546">
  <scavenger-info tenureage="3" tenuremask="ffa8" tiltratio="86" />
  <memory-copied type="nursery" objects="2" bytes="56" bytesdiscarded="16072" />
  <memory-copied type="tenure" objects="1" bytes="3048" bytesdiscarded="0" />
</gc-op>
<heap-resize id="2688" type="expand" space="nursery" amount="1441792" count="1" timems="0.021" reason="excessive time being spent scavenging" timestamp="2019-08-09T17:55:26.547" />
<gc-end id="2689" type="scavenge" contextid="2684" durationms="1.605" usertimems="4.309" systemtimems="0.000" timestamp="2019-08-09T17:55:26.547" activeThreads="16">
  <mem-info id="2690" free="29388312" total="50593792" percent="58">
    <mem type="nursery" free="27246848" total="30408704" percent="89">
      <mem type="allocate" free="27246848" total="27262976" percent="99" />
      <mem type="survivor" free="0" total="3145728" percent="0" />
    </mem>
    <mem type="tenure" free="2141464" total="20185088" percent="10" macro-fragmented="1500163">
      <mem type="soa" free="1939736" total="19983360" percent="9" />
      <mem type="loa" free="201728" total="201728" percent="100" />
    </mem>
    <remembered-set count="119" />
  </mem-info>
</gc-end>
<cycle-end id="2691" type="scavenge" contextid="2684" timestamp="2019-08-09T17:55:26.547" />
  <attribute name="elasticGC enabled" value="1" />
  <attribute name= "numThreadsSpecified" value="16" />
  <attribute name="heapSize specified" value="47316992" />
  <attribute name="Current GC Util" value="37" />
  <attribute name= "Current Time Running" value="132478" />
  <attribute name ="GC Interval" value="2065" />
  <attribute name="Target GC Util Change" value ="80.000000" />
  <attribute name="Current GC Util Change" value="37.000000"/>
  <attribute name="Current Error" value="43.000000" />
  <attribute name="Output H" value="49227736"/>
  <attribute name="Output I" value="2064"/>
  <attribute name="Output T" value="16"/>
  <attribute name= "Current Time Running" value="132478" />
  <attribute name="GC Util currently" value="37" />
  <attribute name="CPU Util currently" value="114116338135" />
<allocation-satisfied id="2692" threadId="0000000001367F00" bytesRequested="1168" />
<af-end id="2693" timestamp="2019-08-09T17:55:26.547" threadId="0000000001368888" success="true" from="nursery"/>
<exclusive-end id="2694" timestamp="2019-08-09T17:55:26.547" durationms="1.919" />

<exclusive-start id="2695" timestamp="2019-08-09T17:55:26.555" intervalms="10.326">
  <response-info timems="0.064" idlems="0.064" threads="0" lastid="0000000001367F00" lastname="main" />
</exclusive-start>
<af-start id="2696" threadId="0000000001368888" totalBytesRequested="1168" timestamp="2019-08-09T17:55:26.556" intervalms="10.321" type="nursery" />
<cycle-start id="2697" type="scavenge" contextid="0" timestamp="2019-08-09T17:55:26.556" intervalms="10.317" />
<gc-start id="2698" type="scavenge" contextid="2697" timestamp="2019-08-09T17:55:26.556">
  <mem-info id="2699" free="2141464" total="50593792" percent="4">
    <mem type="nursery" free="0" total="30408704" percent="0">
      <mem type="allocate" free="0" total="27262976" percent="0" />
      <mem type="survivor" free="0" total="3145728" percent="0" />
    </mem>
    <mem type="tenure" free="2141464" total="20185088" percent="10">
      <mem type="soa" free="1939736" total="19983360" percent="9" />
      <mem type="loa" free="201728" total="201728" percent="100" />
    </mem>
    <remembered-set count="119" />
  </mem-info>
</gc-start>
<allocation-stats totalBytes="27153984" >
  <allocated-bytes non-tlh="1168" tlh="27152816" />
  <largest-consumer threadName="main" threadId="0000000001367F00" bytes="27153984" />
</allocation-stats>
<gc-op id="2700" type="scavenge" timems="3.715" contextid="2697" timestamp="2019-08-09T17:55:26.559">
  <scavenger-info tenureage="3" tenuremask="ffe8" tiltratio="89" />
  <memory-copied type="nursery" objects="2" bytes="56" bytesdiscarded="32200" />
</gc-op>
<heap-resize id="2701" type="expand" space="nursery" amount="4849664" count="1" timems="0.023" reason="excessive time being spent scavenging" timestamp="2019-08-09T17:55:26.560" />
<gc-end id="2702" type="scavenge" contextid="2697" durationms="4.309" usertimems="4.444" systemtimems="0.000" timestamp="2019-08-09T17:55:26.560" activeThreads="16">
  <mem-info id="2703" free="33763096" total="55443456" percent="60">
    <mem type="nursery" free="31621632" total="35258368" percent="89">
      <mem type="allocate" free="31621632" total="31653888" percent="99" />
      <mem type="survivor" free="0" total="3604480" percent="0" />
    </mem>
    <mem type="tenure" free="2141464" total="20185088" percent="10" macro-fragmented="0">
      <mem type="soa" free="1939736" total="19983360" percent="9" />
      <mem type="loa" free="201728" total="201728" percent="100" />
    </mem>
    <remembered-set count="119" />
  </mem-info>
</gc-end>
<cycle-end id="2704" type="scavenge" contextid="2697" timestamp="2019-08-09T17:55:26.560" />
  <attribute name="elasticGC enabled" value="1" />
  <attribute name= "numThreadsSpecified" value="16" />
  <attribute name="heapSize specified" value="47316992" />
  <attribute name="Current GC Util" value="24" />
  <attribute name= "Current Time Running" value="132489" />
  <attribute name ="GC Interval" value="2129" />
  <attribute name="Target GC Util Change" value ="80.000000" />
  <attribute name="Current GC Util Change" value="24.000000"/>
  <attribute name="Current Error" value="99.000000" />
  <attribute name="Output H" value="50669592"/>
  <attribute name="Output I" value="2128"/>
  <attribute name="Output T" value="16"/>
  <attribute name= "Current Time Running" value="132489" />
  <attribute name="GC Util currently" value="24" />
  <attribute name="CPU Util currently" value="112353825067" />
<allocation-satisfied id="2705" threadId="0000000001367F00" bytesRequested="1168" />
<af-end id="2706" timestamp="2019-08-09T17:55:26.560" threadId="0000000001368888" success="true" from="nursery"/>
<exclusive-end id="2707" timestamp="2019-08-09T17:55:26.560" durationms="4.677" />

<exclusive-start id="2708" timestamp="2019-08-09T17:55:26.569" intervalms="13.936">
  <response-info timems="0.051" idlems="0.051" threads="0" lastid="0000000001367F00" lastname="main" />
</exclusive-start>
<af-start id="2709" threadId="0000000001368888" totalBytesRequested="1168" timestamp="2019-08-09T17:55:26.569" intervalms="13.933" type="nursery" />
<cycle-start id="2710" type="scavenge" contextid="0" timestamp="2019-08-09T17:55:26.569" intervalms="13.937" />
<gc-start id="2711" type="scavenge" contextid="2710" timestamp="2019-08-09T17:55:26.570">
  <mem-info id="2712" free="2141464" total="55443456" percent="3">
    <mem type="nursery" free="0" total="35258368" percent="0">
      <mem type="allocate" free="0" total="31653888" percent="0" />
      <mem type="survivor" free="0" total="3604480" percent="0" />
    </mem>
    <mem type="tenure" free="2141464" total="20185088" percent="10">
      <mem type="soa" free="1939736" total="19983360" percent="9" />
      <mem type="loa" free="201728" total="201728" percent="100" />
    </mem>
    <remembered-set count="119" />
  </mem-info>
</gc-start>
<allocation-stats totalBytes="31514528" >
  <allocated-bytes non-tlh="1168" tlh="31513360" />
  <largest-consumer threadName="main" threadId="0000000001367F00" bytes="31514528" />
</allocation-stats>
<gc-op id="2713" type="scavenge" timems="1.779" contextid="2710" timestamp="2019-08-09T17:55:26.571">
  <scavenger-info tenureage="3" tenuremask="fff8" tiltratio="89" />
  <memory-copied type="nursery" objects="2" bytes="56" bytesdiscarded="32200" />
</gc-op>
<heap-resize id="2714" type="expand" space="nursery" amount="3014656" count="1" timems="0.110" reason="excessive time being spent scavenging" timestamp="2019-08-09T17:55:26.572" />
<gc-end id="2715" type="scavenge" contextid="2710" durationms="2.227" usertimems="5.344" systemtimems="0.000" timestamp="2019-08-09T17:55:26.572" activeThreads="16">
  <mem-info id="2716" free="36515608" total="58458112" percent="62">
    <mem type="nursery" free="34374144" total="38273024" percent="89">
      <mem type="allocate" free="34374144" total="34406400" percent="99" />
      <mem type="survivor" free="0" total="3866624" percent="0" />
    </mem>
    <mem type="tenure" free="2141464" total="20185088" percent="10" macro-fragmented="1500163">
      <mem type="soa" free="1939736" total="19983360" percent="9" />
      <mem type="loa" free="201728" total="201728" percent="100" />
    </mem>
    <remembered-set count="119" />
  </mem-info>
</gc-end>
<cycle-end id="2717" type="scavenge" contextid="2710" timestamp="2019-08-09T17:55:26.572" />
  <attribute name="elasticGC enabled" value="1" />
  <attribute name= "numThreadsSpecified" value="16" />
  <attribute name="heapSize specified" value="47316992" />
  <attribute name="Current GC Util" value="31" />
  <attribute name= "Current Time Running" value="132503" />
  <attribute name ="GC Interval" value="2185" />
  <attribute name="Target GC Util Change" value ="80.000000" />
  <attribute name="Current GC Util Change" value="31.000000"/>
  <attribute name="Current Error" value="148.000000" />
  <attribute name="Output H" value="55519312"/>
  <attribute name="Output I" value="2184"/>
  <attribute name="Output T" value="16"/>
  <attribute name= "Current Time Running" value="132503" />
  <attribute name="GC Util currently" value="31" />
  <attribute name="CPU Util currently" value="82171712692" />
<allocation-satisfied id="2718" threadId="0000000001367F00" bytesRequested="1168" />
<af-end id="2719" timestamp="2019-08-09T17:55:26.572" threadId="0000000001368888" success="true" from="nursery"/>
<exclusive-end id="2720" timestamp="2019-08-09T17:55:26.572" durationms="2.527" />

<exclusive-start id="2721" timestamp="2019-08-09T17:55:26.579" intervalms="9.987">
  <response-info timems="0.093" idlems="0.093" threads="0" lastid="0000000001367F00" lastname="main" />
</exclusive-start>
<af-start id="2722" threadId="0000000001368888" totalBytesRequested="1168" timestamp="2019-08-09T17:55:26.579" intervalms="9.981" type="nursery" />
<cycle-start id="2723" type="scavenge" contextid="0" timestamp="2019-08-09T17:55:26.579" intervalms="9.974" />
<gc-start id="2724" type="scavenge" contextid="2723" timestamp="2019-08-09T17:55:26.579">
  <mem-info id="2725" free="2141464" total="58458112" percent="3">
    <mem type="nursery" free="0" total="38273024" percent="0">
      <mem type="allocate" free="0" total="34406400" percent="0" />
      <mem type="survivor" free="0" total="3866624" percent="0" />
    </mem>
    <mem type="tenure" free="2141464" total="20185088" percent="10">
      <mem type="soa" free="1939736" total="19983360" percent="9" />
      <mem type="loa" free="201728" total="201728" percent="100" />
    </mem>
    <remembered-set count="119" />
  </mem-info>
</gc-start>
<allocation-stats totalBytes="34258016" >
  <allocated-bytes non-tlh="1168" tlh="34256848" />
  <largest-consumer threadName="main" threadId="0000000001367F00" bytes="34258016" />
</allocation-stats>
<gc-op id="2726" type="scavenge" timems="1.131" contextid="2723" timestamp="2019-08-09T17:55:26.581">
  <scavenger-info tenureage="3" tenuremask="fff8" tiltratio="89" />
  <memory-copied type="nursery" objects="2" bytes="56" bytesdiscarded="32200" />
</gc-op>
<heap-resize id="2727" type="expand" space="nursery" amount="1966080" count="1" timems="0.021" reason="excessive time being spent scavenging" timestamp="2019-08-09T17:55:26.581" />
<gc-end id="2728" type="scavenge" contextid="2723" durationms="1.735" usertimems="3.691" systemtimems="0.000" timestamp="2019-08-09T17:55:26.581" activeThreads="16">
  <mem-info id="2729" free="38285080" total="60424192" percent="63">
    <mem type="nursery" free="36143616" total="40239104" percent="89">
      <mem type="allocate" free="36143616" total="36175872" percent="99" />
      <mem type="survivor" free="0" total="4063232" percent="0" />
    </mem>
    <mem type="tenure" free="2141464" total="20185088" percent="10" macro-fragmented="868149">
      <mem type="soa" free="1939736" total="19983360" percent="9" />
      <mem type="loa" free="201728" total="201728" percent="100" />
    </mem>
    <remembered-set count="119" />
  </mem-info>
</gc-end>
<cycle-end id="2730" type="scavenge" contextid="2723" timestamp="2019-08-09T17:55:26.581" />
  <attribute name="elasticGC enabled" value="1" />
  <attribute name= "numThreadsSpecified" value="16" />
  <attribute name="heapSize specified" value="47316992" />
  <attribute name="Current GC Util" value="29" />
  <attribute name= "Current Time Running" value="132513" />
  <attribute name ="GC Interval" value="2241" />
  <attribute name="Target GC Util Change" value ="80.000000" />
  <attribute name="Current GC Util Change" value="29.000000"/>
  <attribute name="Current Error" value="199.000000" />
  <attribute name="Output H" value="58534024"/>
  <attribute name="Output I" value="2240"/>
  <attribute name="Output T" value="16"/>
  <attribute name= "Current Time Running" value="132513" />
  <attribute name="GC Util currently" value="29" />
  <attribute name="CPU Util currently" value="116699153914" />
<allocation-satisfied id="2731" threadId="0000000001367F00" bytesRequested="1168" />
<af-end id="2732" timestamp="2019-08-09T17:55:26.581" threadId="0000000001368888" success="true" from="nursery"/>
<exclusive-end id="2733" timestamp="2019-08-09T17:55:26.581" durationms="2.005" />

<exclusive-start id="2734" timestamp="2019-08-09T17:55:26.597" intervalms="17.718">
  <response-info timems="2.070" idlems="1.048" threads="1" lastid="000000000136F700" lastname="JIT Compilation Thread-1" />
</exclusive-start>
<af-start id="2735" threadId="0000000001368888" totalBytesRequested="1168" timestamp="2019-08-09T17:55:26.597" intervalms="17.722" type="nursery" />
<cycle-start id="2736" type="scavenge" contextid="0" timestamp="2019-08-09T17:55:26.597" intervalms="17.722" />
<gc-start id="2737" type="scavenge" contextid="2736" timestamp="2019-08-09T17:55:26.597">
  <mem-info id="2738" free="2141464" total="60424192" percent="3">
    <mem type="nursery" free="0" total="40239104" percent="0">
      <mem type="allocate" free="0" total="36175872" percent="0" />
      <mem type="survivor" free="0" total="4063232" percent="0" />
    </mem>
    <mem type="tenure" free="2141464" total="20185088" percent="10">
      <mem type="soa" free="1939736" total="19983360" percent="9" />
      <mem type="loa" free="201728" total="201728" percent="100" />
    </mem>
    <remembered-set count="119" />
  </mem-info>
</gc-start>
<allocation-stats totalBytes="36021680" >
  <allocated-bytes non-tlh="1168" tlh="36020512" />
  <largest-consumer threadName="main" threadId="0000000001367F00" bytes="36021680" />
</allocation-stats>
<gc-op id="2739" type="scavenge" timems="2.954" contextid="2736" timestamp="2019-08-09T17:55:26.600">
  <scavenger-info tenureage="3" tenuremask="fff8" tiltratio="89" />
  <memory-copied type="nursery" objects="2" bytes="56" bytesdiscarded="16072" />
</gc-op>
<heap-resize id="2740" type="expand" space="nursery" amount="2883584" count="1" timems="0.018" reason="excessive time being spent scavenging" timestamp="2019-08-09T17:55:26.600" />
<gc-end id="2741" type="scavenge" contextid="2736" durationms="3.427" usertimems="8.195" systemtimems="0.000" timestamp="2019-08-09T17:55:26.601" activeThreads="16">
  <mem-info id="2742" free="40857112" total="63307776" percent="64">
    <mem type="nursery" free="38715648" total="43122688" percent="89">
      <mem type="allocate" free="38715648" total="38731776" percent="99" />
      <mem type="survivor" free="0" total="4390912" percent="0" />
    </mem>
    <mem type="tenure" free="2141464" total="20185088" percent="10" macro-fragmented="0">
      <mem type="soa" free="1939736" total="19983360" percent="9" />
      <mem type="loa" free="201728" total="201728" percent="100" />
    </mem>
    <remembered-set count="119" />
  </mem-info>
</gc-end>
<cycle-end id="2743" type="scavenge" contextid="2736" timestamp="2019-08-09T17:55:26.601" />
  <attribute name="elasticGC enabled" value="1" />
  <attribute name= "numThreadsSpecified" value="16" />
  <attribute name="heapSize specified" value="47316992" />
  <attribute name="Current GC Util" value="11" />
  <attribute name= "Current Time Running" value="132530" />
  <attribute name ="GC Interval" value="2321" />
  <attribute name="Target GC Util Change" value ="80.000000" />
  <attribute name="Current GC Util Change" value="11.000000"/>
  <attribute name="Current Error" value="268.000000" />
  <attribute name="Output H" value="60500184"/>
  <attribute name="Output I" value="2320"/>
  <attribute name="Output T" value="16"/>
  <attribute name= "Current Time Running" value="132530" />
  <attribute name="GC Util currently" value="11" />
  <attribute name="CPU Util currently" value="65062076855" />
<allocation-satisfied id="2744" threadId="0000000001367F00" bytesRequested="1168" />
<af-end id="2745" timestamp="2019-08-09T17:55:26.601" threadId="0000000001368888" success="true" from="nursery"/>
<exclusive-end id="2746" timestamp="2019-08-09T17:55:26.601" durationms="3.664" />

<exclusive-start id="2747" timestamp="2019-08-09T17:55:26.611" intervalms="13.577">
  <response-info timems="0.063" idlems="0.063" threads="0" lastid="0000000001367F00" lastname="main" />
</exclusive-start>
<af-start id="2748" threadId="0000000001368888" totalBytesRequested="1168" timestamp="2019-08-09T17:55:26.611" intervalms="13.576" type="nursery" />
<cycle-start id="2749" type="scavenge" contextid="0" timestamp="2019-08-09T17:55:26.611" intervalms="13.642" />
<gc-start id="2750" type="scavenge" contextid="2749" timestamp="2019-08-09T17:55:26.611">
  <mem-info id="2751" free="2141464" total="63307776" percent="3">
    <mem type="nursery" free="0" total="43122688" percent="0">
      <mem type="allocate" free="0" total="38731776" percent="0" />
      <mem type="survivor" free="0" total="4390912" percent="0" />
    </mem>
    <mem type="tenure" free="2141464" total="20185088" percent="10">
      <mem type="soa" free="1939736" total="19983360" percent="9" />
      <mem type="loa" free="201728" total="201728" percent="100" />
    </mem>
    <remembered-set count="119" />
  </mem-info>
</gc-start>
<allocation-stats totalBytes="38585248" >
  <allocated-bytes non-tlh="1168" tlh="38584080" />
  <largest-consumer threadName="main" threadId="0000000001367F00" bytes="38585248" />
</allocation-stats>
<gc-op id="2752" type="scavenge" timems="1.003" contextid="2749" timestamp="2019-08-09T17:55:26.612">
  <scavenger-info tenureage="3" tenuremask="fff8" tiltratio="89" />
  <memory-copied type="nursery" objects="2" bytes="56" bytesdiscarded="32200" />
</gc-op>
<heap-resize id="2753" type="expand" space="nursery" amount="1703936" count="1" timems="0.016" reason="excessive time being spent scavenging" timestamp="2019-08-09T17:55:26.612" />
<gc-end id="2754" type="scavenge" contextid="2749" durationms="1.351" usertimems="2.274" systemtimems="0.000" timestamp="2019-08-09T17:55:26.612" activeThreads="16">
  <mem-info id="2755" free="42413848" total="65011712" percent="65">
    <mem type="nursery" free="40272384" total="44826624" percent="89">
      <mem type="allocate" free="40272384" total="40304640" percent="99" />
      <mem type="survivor" free="0" total="4521984" percent="0" />
    </mem>
    <mem type="tenure" free="2141464" total="20185088" percent="10" macro-fragmented="1500163">
      <mem type="soa" free="1939736" total="19983360" percent="9" />
      <mem type="loa" free="201728" total="201728" percent="100" />
    </mem>
    <remembered-set count="119" />
  </mem-info>
</gc-end>
<cycle-end id="2756" type="scavenge" contextid="2749" timestamp="2019-08-09T17:55:26.612" />
  <attribute name="elasticGC enabled" value="1" />
  <attribute name= "numThreadsSpecified" value="16" />
  <attribute name="heapSize specified" value="47316992" />
  <attribute name="Current GC Util" value="59" />
  <attribute name= "Current Time Running" value="132544" />
  <attribute name ="GC Interval" value="2345" />
  <attribute name="Target GC Util Change" value ="80.000000" />
  <attribute name="Current GC Util Change" value="59.000000"/>
  <attribute name="Current Error" value="289.000000" />
  <attribute name="Output H" value="63383792"/>
  <attribute name="Output I" value="2344"/>
  <attribute name="Output T" value="16"/>
  <attribute name= "Current Time Running" value="132544" />
  <attribute name="GC Util currently" value="59" />
  <attribute name="CPU Util currently" value="84427039840" />
<allocation-satisfied id="2757" threadId="0000000001367F00" bytesRequested="1168" />
<af-end id="2758" timestamp="2019-08-09T17:55:26.612" threadId="0000000001368888" success="true" from="nursery"/>
<exclusive-end id="2759" timestamp="2019-08-09T17:55:26.612" durationms="1.651" />

<exclusive-start id="2760" timestamp="2019-08-09T17:55:26.622" intervalms="11.317">
  <response-info timems="0.025" idlems="0.025" threads="0" lastid="0000000001367F00" lastname="main" />
</exclusive-start>
<af-start id="2761" threadId="0000000001368888" totalBytesRequested="1168" timestamp="2019-08-09T17:55:26.622" intervalms="11.330" type="nursery" />
<cycle-start id="2762" type="scavenge" contextid="0" timestamp="2019-08-09T17:55:26.622" intervalms="11.268" />
<gc-start id="2763" type="scavenge" contextid="2762" timestamp="2019-08-09T17:55:26.622">
  <mem-info id="2764" free="2141464" total="65011712" percent="3">
    <mem type="nursery" free="0" total="44826624" percent="0">
      <mem type="allocate" free="0" total="40304640" percent="0" />
      <mem type="survivor" free="0" total="4521984" percent="0" />
    </mem>
    <mem type="tenure" free="2141464" total="20185088" percent="10">
      <mem type="soa" free="1939736" total="19983360" percent="9" />
      <mem type="loa" free="201728" total="201728" percent="100" />
    </mem>
    <remembered-set count="119" />
  </mem-info>
</gc-start>
<allocation-stats totalBytes="40136960" >
  <allocated-bytes non-tlh="1168" tlh="40135792" />
  <largest-consumer threadName="main" threadId="0000000001367F00" bytes="40136960" />
</allocation-stats>
<gc-op id="2765" type="scavenge" timems="2.276" contextid="2762" timestamp="2019-08-09T17:55:26.624">
  <scavenger-info tenureage="3" tenuremask="fff8" tiltratio="89" />
  <memory-copied type="nursery" objects="2" bytes="56" bytesdiscarded="16072" />
</gc-op>
<heap-resize id="2766" type="expand" space="nursery" amount="3407872" count="1" timems="0.013" reason="excessive time being spent scavenging" timestamp="2019-08-09T17:55:26.625" />
<gc-end id="2767" type="scavenge" contextid="2762" durationms="2.655" usertimems="5.078" systemtimems="0.000" timestamp="2019-08-09T17:55:26.625" activeThreads="16">
  <mem-info id="2768" free="45444632" total="68419584" percent="66">
    <mem type="nursery" free="43303168" total="48234496" percent="89">
      <mem type="allocate" free="43303168" total="43319296" percent="99" />
      <mem type="survivor" free="0" total="4915200" percent="0" />
    </mem>
    <mem type="tenure" free="2141464" total="20185088" percent="10" macro-fragmented="1500163">
      <mem type="soa" free="1939736" total="19983360" percent="9" />
      <mem type="loa" free="201728" total="201728" percent="100" />
    </mem>
    <remembered-set count="119" />
  </mem-info>
</gc-end>
<cycle-end id="2769" type="scavenge" contextid="2762" timestamp="2019-08-09T17:55:26.625" />
  <attribute name="elasticGC enabled" value="1" />
  <attribute name= "numThreadsSpecified" value="16" />
  <attribute name="heapSize specified" value="47316992" />
  <attribute name="Current GC Util" value="21" />
  <attribute name= "Current Time Running" value="132555" />
  <attribute name ="GC Interval" value="2081" />
  <attribute name="Target GC Util Change" value ="80.000000" />
  <attribute name="Current GC Util Change" value="21.000000"/>
  <attribute name="Current Error" value="59.000000" />
  <attribute name="Output H" value="65087464"/>
  <attribute name="Output I" value="2080"/>
  <attribute name="Output T" value="16"/>
  <attribute name= "Current Time Running" value="132555" />
  <attribute name="GC Util currently" value="21" />
  <attribute name="CPU Util currently" value="102459376682" />
<allocation-satisfied id="2770" threadId="0000000001367F00" bytesRequested="1168" />
<af-end id="2771" timestamp="2019-08-09T17:55:26.625" threadId="0000000001368888" success="true" from="nursery"/>
<exclusive-end id="2772" timestamp="2019-08-09T17:55:26.625" durationms="2.913" />

<exclusive-start id="2773" timestamp="2019-08-09T17:55:26.634" intervalms="12.255">
  <response-info timems="0.024" idlems="0.024" threads="0" lastid="0000000001367F00" lastname="main" />
</exclusive-start>
<af-start id="2774" threadId="0000000001368888" totalBytesRequested="1168" timestamp="2019-08-09T17:55:26.634" intervalms="12.244" type="nursery" />
<cycle-start id="2775" type="scavenge" contextid="0" timestamp="2019-08-09T17:55:26.634" intervalms="12.243" />
<gc-start id="2776" type="scavenge" contextid="2775" timestamp="2019-08-09T17:55:26.634">
  <mem-info id="2777" free="2141464" total="68419584" percent="3">
    <mem type="nursery" free="0" total="48234496" percent="0">
      <mem type="allocate" free="0" total="43319296" percent="0" />
      <mem type="survivor" free="0" total="4915200" percent="0" />
    </mem>
    <mem type="tenure" free="2141464" total="20185088" percent="10">
      <mem type="soa" free="1939736" total="19983360" percent="9" />
      <mem type="loa" free="201728" total="201728" percent="100" />
    </mem>
    <remembered-set count="119" />
  </mem-info>
</gc-start>
<allocation-stats totalBytes="43157744" >
  <allocated-bytes non-tlh="1168" tlh="43156576" />
  <largest-consumer threadName="main" threadId="0000000001367F00" bytes="43157744" />
</allocation-stats>
<gc-op id="2778" type="scavenge" timems="1.180" contextid="2775" timestamp="2019-08-09T17:55:26.636">
  <scavenger-info tenureage="3" tenuremask="fff8" tiltratio="89" />
  <memory-copied type="nursery" objects="2" bytes="56" bytesdiscarded="32200" />
</gc-op>
<heap-resize id="2779" type="expand" space="nursery" amount="1835008" count="1" timems="0.017" reason="excessive time being spent scavenging" timestamp="2019-08-09T17:55:26.636" />
<gc-end id="2780" type="scavenge" contextid="2775" durationms="2.024" usertimems="2.657" systemtimems="0.000" timestamp="2019-08-09T17:55:26.636" activeThreads="16">
  <mem-info id="2781" free="47132440" total="70254592" percent="67">
    <mem type="nursery" free="44990976" total="50069504" percent="89">
      <mem type="allocate" free="44990976" total="45023232" percent="99" />
      <mem type="survivor" free="0" total="5046272" percent="0" />
    </mem>
    <mem type="tenure" free="2141464" total="20185088" percent="10" macro-fragmented="0">
      <mem type="soa" free="1939736" total="19983360" percent="9" />
      <mem type="loa" free="201728" total="201728" percent="100" />
    </mem>
    <remembered-set count="119" />
  </mem-info>
</gc-end>
<cycle-end id="2782" type="scavenge" contextid="2775" timestamp="2019-08-09T17:55:26.636" />
  <attribute name="elasticGC enabled" value="1" />
  <attribute name= "numThreadsSpecified" value="16" />
  <attribute name="heapSize specified" value="47316992" />
  <attribute name="Current GC Util" value="40" />
  <attribute name= "Current Time Running" value="132568" />
  <attribute name ="GC Interval" value="2129" />
  <attribute name="Target GC Util Change" value ="80.000000" />
  <attribute name="Current GC Util Change" value="40.000000"/>
  <attribute name="Current Error" value="99.000000" />
  <attribute name="Output H" value="68495384"/>
  <attribute name="Output I" value="2128"/>
  <attribute name="Output T" value="16"/>
  <attribute name= "Current Time Running" value="132568" />
  <attribute name="GC Util currently" value="40" />
  <attribute name="CPU Util currently" value="93620788392" />
<allocation-satisfied id="2783" threadId="0000000001367F00" bytesRequested="1168" />
<af-end id="2784" timestamp="2019-08-09T17:55:26.637" threadId="0000000001368888" success="true" from="nursery"/>
<exclusive-end id="2785" timestamp="2019-08-09T17:55:26.637" durationms="2.290" />

<exclusive-start id="2786" timestamp="2019-08-09T17:55:26.653" intervalms="19.211">
  <response-info timems="0.041" idlems="0.041" threads="0" lastid="0000000001367F00" lastname="main" />
</exclusive-start>
<af-start id="2787" threadId="0000000001368888" totalBytesRequested="1168" timestamp="2019-08-09T17:55:26.654" intervalms="19.226" type="nursery" />
<cycle-start id="2788" type="scavenge" contextid="0" timestamp="2019-08-09T17:55:26.654" intervalms="19.226" />
<gc-start id="2789" type="scavenge" contextid="2788" timestamp="2019-08-09T17:55:26.654">
  <mem-info id="2790" free="2141464" total="70254592" percent="3">
    <mem type="nursery" free="0" total="50069504" percent="0">
      <mem type="allocate" free="0" total="45023232" percent="0" />
      <mem type="survivor" free="0" total="5046272" percent="0" />
    </mem>
    <mem type="tenure" free="2141464" total="20185088" percent="10">
      <mem type="soa" free="1939736" total="19983360" percent="9" />
      <mem type="loa" free="201728" total="201728" percent="100" />
    </mem>
    <remembered-set count="124" />
  </mem-info>
</gc-start>
<allocation-stats totalBytes="44781736" >
  <allocated-bytes non-tlh="1168" tlh="44780568" />
  <largest-consumer threadName="main" threadId="0000000001367F00" bytes="44781736" />
</allocation-stats>
<gc-op id="2791" type="scavenge" timems="0.946" contextid="2788" timestamp="2019-08-09T17:55:26.655">
  <scavenger-info tenureage="3" tenuremask="fff8" tiltratio="89" />
  <memory-copied type="nursery" objects="28" bytes="1960" bytesdiscarded="30296" />
</gc-op>
<gc-end id="2792" type="scavenge" contextid="2788" durationms="1.568" usertimems="2.191" systemtimems="0.000" timestamp="2019-08-09T17:55:26.655" activeThreads="16">
  <mem-info id="2793" free="47132440" total="70254592" percent="67">
    <mem type="nursery" free="44990976" total="50069504" percent="89">
      <mem type="allocate" free="44990976" total="45023232" percent="99" />
      <mem type="survivor" free="0" total="5046272" percent="0" />
    </mem>
    <mem type="tenure" free="2141464" total="20185088" percent="10" macro-fragmented="1500163">
      <mem type="soa" free="1939736" total="19983360" percent="9" />
      <mem type="loa" free="201728" total="201728" percent="100" />
    </mem>
    <remembered-set count="124" />
  </mem-info>
</gc-end>
<cycle-end id="2794" type="scavenge" contextid="2788" timestamp="2019-08-09T17:55:26.655" />
  <attribute name="elasticGC enabled" value="1" />
  <attribute name= "numThreadsSpecified" value="16" />
  <attribute name="heapSize specified" value="47316992" />
  <attribute name="Current GC Util" value="12" />
  <attribute name= "Current Time Running" value="132587" />
  <attribute name ="GC Interval" value="2201" />
  <attribute name="Target GC Util Change" value ="80.000000" />
  <attribute name="Current GC Util Change" value="12.000000"/>
  <attribute name="Current Error" value="167.000000" />
  <attribute name="Output H" value="70330464"/>
  <attribute name="Output I" value="2200"/>
  <attribute name="Output T" value="16"/>
  <attribute name= "Current Time Running" value="132587" />
  <attribute name="GC Util currently" value="12" />
  <attribute name="CPU Util currently" value="59921879642" />
<allocation-satisfied id="2795" threadId="0000000001367F00" bytesRequested="1168" />
<af-end id="2796" timestamp="2019-08-09T17:55:26.655" threadId="0000000001368888" success="true" from="nursery"/>
<exclusive-end id="2797" timestamp="2019-08-09T17:55:26.655" durationms="1.898" />

<exclusive-start id="2798" timestamp="2019-08-09T17:55:26.670" intervalms="16.828">
  <response-info timems="0.018" idlems="0.018" threads="0" lastid="0000000001367F00" lastname="main" />
</exclusive-start>
<af-start id="2799" threadId="0000000001368888" totalBytesRequested="1168" timestamp="2019-08-09T17:55:26.670" intervalms="16.816" type="nursery" />
<cycle-start id="2800" type="scavenge" contextid="0" timestamp="2019-08-09T17:55:26.670" intervalms="16.810" />
<gc-start id="2801" type="scavenge" contextid="2800" timestamp="2019-08-09T17:55:26.670">
  <mem-info id="2802" free="2141464" total="70254592" percent="3">
    <mem type="nursery" free="0" total="50069504" percent="0">
      <mem type="allocate" free="0" total="45023232" percent="0" />
      <mem type="survivor" free="0" total="5046272" percent="0" />
    </mem>
    <mem type="tenure" free="2141464" total="20185088" percent="10">
      <mem type="soa" free="1939736" total="19983360" percent="9" />
      <mem type="loa" free="201728" total="201728" percent="100" />
    </mem>
    <remembered-set count="124" />
  </mem-info>
</gc-start>
<allocation-stats totalBytes="44694336" >
  <allocated-bytes non-tlh="1168" tlh="44693168" />
  <largest-consumer threadName="main" threadId="0000000001367F00" bytes="44694336" />
</allocation-stats>
<gc-op id="2803" type="scavenge" timems="1.889" contextid="2800" timestamp="2019-08-09T17:55:26.672">
  <scavenger-info tenureage="3" tenuremask="fff8" tiltratio="89" />
  <memory-copied type="nursery" objects="29" bytes="1984" bytesdiscarded="30272" />
</gc-op>
<heap-resize id="2804" type="expand" space="nursery" amount="3145728" count="1" timems="0.017" reason="excessive time being spent scavenging" timestamp="2019-08-09T17:55:26.673" />
<gc-end id="2805" type="scavenge" contextid="2800" durationms="2.256" usertimems="3.147" systemtimems="0.000" timestamp="2019-08-09T17:55:26.673" activeThreads="16">
  <mem-info id="2806" free="49950488" total="73400320" percent="68">
    <mem type="nursery" free="47809024" total="53215232" percent="89">
      <mem type="allocate" free="47809024" total="47841280" percent="99" />
      <mem type="survivor" free="0" total="5373952" percent="0" />
    </mem>
    <mem type="tenure" free="2141464" total="20185088" percent="10" macro-fragmented="1500163">
      <mem type="soa" free="1939736" total="19983360" percent="9" />
      <mem type="loa" free="201728" total="201728" percent="100" />
    </mem>
    <remembered-set count="114" />
  </mem-info>
</gc-end>
<cycle-end id="2807" type="scavenge" contextid="2800" timestamp="2019-08-09T17:55:26.673" />
  <attribute name="elasticGC enabled" value="1" />
  <attribute name= "numThreadsSpecified" value="16" />
  <attribute name="heapSize specified" value="47316992" />
  <attribute name="Current GC Util" value="12" />
  <attribute name= "Current Time Running" value="132604" />
  <attribute name ="GC Interval" value="2281" />
  <attribute name="Target GC Util Change" value ="80.000000" />
  <attribute name="Current GC Util Change" value="12.000000"/>
  <attribute name="Current Error" value="235.000000" />
  <attribute name="Output H" value="70330544"/>
  <attribute name="Output I" value="2280"/>
  <attribute name="Output T" value="16"/>
  <attribute name= "Current Time Running" value="132604" />
  <attribute name="GC Util currently" value="12" />
  <attribute name="CPU Util currently" value="68979741806" />
<allocation-satisfied id="2808" threadId="0000000001367F00" bytesRequested="1168" />
<af-end id="2809" timestamp="2019-08-09T17:55:26.673" threadId="0000000001368888" success="true" from="nursery"/>
<exclusive-end id="2810" timestamp="2019-08-09T17:55:26.673" durationms="2.467" />

<exclusive-start id="2811" timestamp="2019-08-09T17:55:26.687" intervalms="17.081">
  <response-info timems="0.020" idlems="0.020" threads="0" lastid="0000000001367F00" lastname="main" />
</exclusive-start>
<af-start id="2812" threadId="0000000001368888" totalBytesRequested="1168" timestamp="2019-08-09T17:55:26.687" intervalms="17.128" type="nursery" />
<cycle-start id="2813" type="scavenge" contextid="0" timestamp="2019-08-09T17:55:26.687" intervalms="17.132" />
<gc-start id="2814" type="scavenge" contextid="2813" timestamp="2019-08-09T17:55:26.688">
  <mem-info id="2815" free="2141464" total="73400320" percent="2">
    <mem type="nursery" free="0" total="53215232" percent="0">
      <mem type="allocate" free="0" total="47841280" percent="0" />
      <mem type="survivor" free="0" total="5373952" percent="0" />
    </mem>
    <mem type="tenure" free="2141464" total="20185088" percent="10">
      <mem type="soa" free="1939736" total="19983360" percent="9" />
      <mem type="loa" free="201728" total="201728" percent="100" />
    </mem>
    <remembered-set count="114" />
  </mem-info>
</gc-start>
<allocation-stats totalBytes="47510384" >
  <allocated-bytes non-tlh="1168" tlh="47509216" />
  <largest-consumer threadName="main" threadId="0000000001367F00" bytes="47510384" />
</allocation-stats>
<gc-op id="2816" type="scavenge" timems="1.594" contextid="2813" timestamp="2019-08-09T17:55:26.689">
  <scavenger-info tenureage="3" tenuremask="fff8" tiltratio="89" />
  <memory-copied type="nursery" objects="29" bytes="1984" bytesdiscarded="30272" />
</gc-op>
<gc-end id="2817" type="scavenge" contextid="2813" durationms="2.096" usertimems="3.319" systemtimems="0.000" timestamp="2019-08-09T17:55:26.690" activeThreads="16">
  <mem-info id="2818" free="49950488" total="73400320" percent="68">
    <mem type="nursery" free="47809024" total="53215232" percent="89">
      <mem type="allocate" free="47809024" total="47841280" percent="99" />
      <mem type="survivor" free="0" total="5373952" percent="0" />
    </mem>
    <mem type="tenure" free="2141464" total="20185088" percent="10" macro-fragmented="0">
      <mem type="soa" free="1939736" total="19983360" percent="9" />
      <mem type="loa" free="201728" total="201728" percent="100" />
    </mem>
    <remembered-set count="114" />
  </mem-info>
</gc-end>
<cycle-end id="2819" type="scavenge" contextid="2813" timestamp="2019-08-09T17:55:26.690" />
  <attribute name="elasticGC enabled" value="1" />
  <attribute name= "numThreadsSpecified" value="16" />
  <attribute name="heapSize specified" value="47316992" />
  <attribute name="Current GC Util" value="17" />
  <attribute name= "Current Time Running" value="132621" />
  <attribute name ="GC Interval" value="2353" />
  <attribute name="Target GC Util Change" value ="80.000000" />
  <attribute name="Current GC Util Change" value="17.000000"/>
  <attribute name="Current Error" value="298.000000" />
  <attribute name="Output H" value="73476344"/>
  <attribute name="Output I" value="2352"/>
  <attribute name="Output T" value="16"/>
  <attribute name= "Current Time Running" value="132621" />
  <attribute name="GC Util currently" value="17" />
  <attribute name="CPU Util currently" value="67000720980" />
<allocation-satisfied id="2820" threadId="0000000001367F00" bytesRequested="1168" />
<af-end id="2821" timestamp="2019-08-09T17:55:26.690" threadId="0000000001368888" success="true" from="nursery"/>
<exclusive-end id="2822" timestamp="2019-08-09T17:55:26.690" durationms="2.415" />

<exclusive-start id="2823" timestamp="2019-08-09T17:55:26.705" intervalms="17.961">
  <response-info timems="0.023" idlems="0.023" threads="0" lastid="0000000001367F00" lastname="main" />
</exclusive-start>
<af-start id="2824" threadId="0000000001368888" totalBytesRequested="1168" timestamp="2019-08-09T17:55:26.705" intervalms="17.962" type="nursery" />
<cycle-start id="2825" type="scavenge" contextid="0" timestamp="2019-08-09T17:55:26.705" intervalms="17.968" />
<gc-start id="2826" type="scavenge" contextid="2825" timestamp="2019-08-09T17:55:26.706">
  <mem-info id="2827" free="2141464" total="73400320" percent="2">
    <mem type="nursery" free="0" total="53215232" percent="0">
      <mem type="allocate" free="0" total="47841280" percent="0" />
      <mem type="survivor" free="0" total="5373952" percent="0" />
    </mem>
    <mem type="tenure" free="2141464" total="20185088" percent="10">
      <mem type="soa" free="1939736" total="19983360" percent="9" />
      <mem type="loa" free="201728" total="201728" percent="100" />
    </mem>
    <remembered-set count="114" />
  </mem-info>
</gc-start>
<allocation-stats totalBytes="47510384" >
  <allocated-bytes non-tlh="1168" tlh="47509216" />
  <largest-consumer threadName="main" threadId="0000000001367F00" bytes="47510384" />
</allocation-stats>
<gc-op id="2828" type="scavenge" timems="3.323" contextid="2825" timestamp="2019-08-09T17:55:26.709">
  <scavenger-info tenureage="3" tenuremask="fff8" tiltratio="89" />
  <memory-copied type="nursery" objects="2" bytes="64" bytesdiscarded="32192" />
  <memory-copied type="tenure" objects="27" bytes="1920" bytesdiscarded="0" />
</gc-op>
<heap-resize id="2829" type="expand" space="nursery" amount="4456448" count="1" timems="0.020" reason="excessive time being spent scavenging" timestamp="2019-08-09T17:55:26.709" />
<gc-end id="2830" type="scavenge" contextid="2825" durationms="3.958" usertimems="7.282" systemtimems="0.000" timestamp="2019-08-09T17:55:26.709" activeThreads="16">
  <mem-info id="2831" free="53932056" total="77856768" percent="69">
    <mem type="nursery" free="51806720" total="57671680" percent="89">
      <mem type="allocate" free="51806720" total="51838976" percent="99" />
      <mem type="survivor" free="0" total="5832704" percent="0" />
    </mem>
    <mem type="tenure" free="2125336" total="20185088" percent="10" macro-fragmented="0">
      <mem type="soa" free="1923608" total="19983360" percent="9" />
      <mem type="loa" free="201728" total="201728" percent="100" />
    </mem>
    <remembered-set count="119" />
  </mem-info>
</gc-end>
<cycle-end id="2832" type="scavenge" contextid="2825" timestamp="2019-08-09T17:55:26.710" />
  <attribute name="elasticGC enabled" value="1" />
  <attribute name= "numThreadsSpecified" value="16" />
  <attribute name="heapSize specified" value="47316992" />
  <attribute name="Current GC Util" value="16" />
  <attribute name= "Current Time Running" value="132639" />
  <attribute name ="GC Interval" value="2433" />
  <attribute name="Target GC Util Change" value ="80.000000" />
  <attribute name="Current GC Util Change" value="16.000000"/>
  <attribute name="Current Error" value="362.000000" />
  <attribute name="Output H" value="73476424"/>
  <attribute name="Output I" value="2432"/>
  <attribute name="Output T" value="16"/>
  <attribute name= "Current Time Running" value="132639" />
  <attribute name="GC Util currently" value="16" />
  <attribute name="CPU Util currently" value="64308035625" />
<allocation-satisfied id="2833" threadId="0000000001367F00" bytesRequested="1168" />
<af-end id="2834" timestamp="2019-08-09T17:55:26.710" threadId="0000000001368888" success="true" from="nursery"/>
<exclusive-end id="2835" timestamp="2019-08-09T17:55:26.710" durationms="4.321" />

<exclusive-start id="2836" timestamp="2019-08-09T17:55:26.724" intervalms="18.182">
  <response-info timems="0.024" idlems="0.024" threads="0" lastid="0000000001367F00" lastname="main" />
</exclusive-start>
<af-start id="2837" threadId="0000000001368888" totalBytesRequested="1168" timestamp="2019-08-09T17:55:26.724" intervalms="18.141" type="nursery" />
<cycle-start id="2838" type="scavenge" contextid="0" timestamp="2019-08-09T17:55:26.724" intervalms="18.135" />
<gc-start id="2839" type="scavenge" contextid="2838" timestamp="2019-08-09T17:55:26.724">
  <mem-info id="2840" free="2125336" total="77856768" percent="2">
    <mem type="nursery" free="0" total="57671680" percent="0">
      <mem type="allocate" free="0" total="51838976" percent="0" />
      <mem type="survivor" free="0" total="5832704" percent="0" />
    </mem>
    <mem type="tenure" free="2125336" total="20185088" percent="10">
      <mem type="soa" free="1923608" total="19983360" percent="9" />
      <mem type="loa" free="201728" total="201728" percent="100" />
    </mem>
    <remembered-set count="119" />
  </mem-info>
</gc-start>
<allocation-stats totalBytes="51482400" >
  <allocated-bytes non-tlh="1168" tlh="51481232" />
  <largest-consumer threadName="main" threadId="0000000001367F00" bytes="51482400" />
</allocation-stats>
<gc-op id="2841" type="scavenge" timems="1.413" contextid="2838" timestamp="2019-08-09T17:55:26.725">
  <scavenger-info tenureage="3" tenuremask="ffe8" tiltratio="89" />
  <memory-copied type="nursery" objects="2" bytes="64" bytesdiscarded="32192" />
</gc-op>
<gc-end id="2842" type="scavenge" contextid="2838" durationms="1.858" usertimems="3.556" systemtimems="0.000" timestamp="2019-08-09T17:55:26.726" activeThreads="16">
  <mem-info id="2843" free="53997592" total="77856768" percent="69">
    <mem type="nursery" free="51872256" total="57671680" percent="89">
      <mem type="allocate" free="51872256" total="51904512" percent="99" />
      <mem type="survivor" free="0" total="5767168" percent="0" />
    </mem>
    <mem type="tenure" free="2125336" total="20185088" percent="10" macro-fragmented="12312">
      <mem type="soa" free="1923608" total="19983360" percent="9" />
      <mem type="loa" free="201728" total="201728" percent="100" />
    </mem>
    <remembered-set count="119" />
  </mem-info>
</gc-end>
<cycle-end id="2844" type="scavenge" contextid="2838" timestamp="2019-08-09T17:55:26.726" />
  <attribute name="elasticGC enabled" value="1" />
  <attribute name= "numThreadsSpecified" value="16" />
  <attribute name="heapSize specified" value="47316992" />
  <attribute name="Current GC Util" value="39" />
  <attribute name= "Current Time Running" value="132657" />
  <attribute name ="GC Interval" value="2057" />
  <attribute name="Target GC Util Change" value ="80.000000" />
  <attribute name="Current GC Util Change" value="39.000000"/>
  <attribute name="Current Error" value="41.000000" />
  <attribute name="Output H" value="77932496"/>
  <attribute name="Output I" value="2056"/>
  <attribute name="Output T" value="16"/>
  <attribute name= "Current Time Running" value="132657" />
  <attribute name="GC Util currently" value="39" />
  <attribute name="CPU Util currently" value="63317939506" />
<allocation-satisfied id="2845" threadId="0000000001367F00" bytesRequested="1168" />
<af-end id="2846" timestamp="2019-08-09T17:55:26.726" threadId="0000000001368888" success="true" from="nursery"/>
<exclusive-end id="2847" timestamp="2019-08-09T17:55:26.726" durationms="2.225" />

<exclusive-start id="2848" timestamp="2019-08-09T17:55:26.738" intervalms="14.887">
  <response-info timems="0.183" idlems="0.183" threads="0" lastid="0000000001367F00" lastname="main" />
</exclusive-start>
<af-start id="2849" threadId="0000000001368888" totalBytesRequested="1168" timestamp="2019-08-09T17:55:26.738" intervalms="14.881" type="nursery" />
<cycle-start id="2850" type="scavenge" contextid="0" timestamp="2019-08-09T17:55:26.738" intervalms="14.881" />
<gc-start id="2851" type="scavenge" contextid="2850" timestamp="2019-08-09T17:55:26.739">
  <mem-info id="2852" free="2125336" total="77856768" percent="2">
    <mem type="nursery" free="0" total="57671680" percent="0">
      <mem type="allocate" free="0" total="51904512" percent="0" />
      <mem type="survivor" free="0" total="5767168" percent="0" />
    </mem>
    <mem type="tenure" free="2125336" total="20185088" percent="10">
      <mem type="soa" free="1923608" total="19983360" percent="9" />
      <mem type="loa" free="201728" total="201728" percent="100" />
    </mem>
    <remembered-set count="119" />
  </mem-info>
</gc-start>
<allocation-stats totalBytes="51546904" >
  <allocated-bytes non-tlh="1168" tlh="51545736" />
  <largest-consumer threadName="main" threadId="0000000001367F00" bytes="51546904" />
</allocation-stats>
<gc-op id="2853" type="scavenge" timems="2.058" contextid="2850" timestamp="2019-08-09T17:55:26.741">
  <scavenger-info tenureage="3" tenuremask="fff8" tiltratio="90" />
  <memory-copied type="nursery" objects="2" bytes="64" bytesdiscarded="32192" />
</gc-op>
<heap-resize id="2854" type="expand" space="nursery" amount="4194304" count="1" timems="0.019" reason="excessive time being spent scavenging" timestamp="2019-08-09T17:55:26.741" />
<gc-end id="2855" type="scavenge" contextid="2850" durationms="2.537" usertimems="5.565" systemtimems="0.000" timestamp="2019-08-09T17:55:26.741" activeThreads="16">
  <mem-info id="2856" free="57733144" total="82051072" percent="70">
    <mem type="nursery" free="55607808" total="61865984" percent="89">
      <mem type="allocate" free="55607808" total="55640064" percent="99" />
      <mem type="survivor" free="0" total="6225920" percent="0" />
    </mem>
    <mem type="tenure" free="2125336" total="20185088" percent="10" macro-fragmented="1500163">
      <mem type="soa" free="1923608" total="19983360" percent="9" />
      <mem type="loa" free="201728" total="201728" percent="100" />
    </mem>
    <remembered-set count="119" />
  </mem-info>
</gc-end>
<cycle-end id="2857" type="scavenge" contextid="2850" timestamp="2019-08-09T17:55:26.741" />
  <attribute name="elasticGC enabled" value="1" />
  <attribute name= "numThreadsSpecified" value="16" />
  <attribute name="heapSize specified" value="47316992" />
  <attribute name="Current GC Util" value="23" />
  <attribute name= "Current Time Running" value="132672" />
  <attribute name ="GC Interval" value="2129" />
  <attribute name="Target GC Util Change" value ="80.000000" />
  <attribute name="Current GC Util Change" value="23.000000"/>
  <attribute name="Current Error" value="98.000000" />
  <attribute name="Output H" value="77932568"/>
  <attribute name="Output I" value="2128"/>
  <attribute name="Output T" value="16"/>
  <attribute name= "Current Time Running" value="132672" />
  <attribute name="GC Util currently" value="23" />
  <attribute name="CPU Util currently" value="77744342888" />
<allocation-satisfied id="2858" threadId="0000000001367F00" bytesRequested="1168" />
<af-end id="2859" timestamp="2019-08-09T17:55:26.741" threadId="0000000001368888" success="true" from="nursery"/>
<exclusive-end id="2860" timestamp="2019-08-09T17:55:26.741" durationms="2.845" />

<exclusive-start id="2861" timestamp="2019-08-09T17:55:26.760" intervalms="21.192">
  <response-info timems="0.035" idlems="0.035" threads="0" lastid="0000000001367F00" lastname="main" />
</exclusive-start>
<af-start id="2862" threadId="0000000001368888" totalBytesRequested="1168" timestamp="2019-08-09T17:55:26.760" intervalms="21.200" type="nursery" />
<cycle-start id="2863" type="scavenge" contextid="0" timestamp="2019-08-09T17:55:26.760" intervalms="21.199" />
<gc-start id="2864" type="scavenge" contextid="2863" timestamp="2019-08-09T17:55:26.760">
  <mem-info id="2865" free="2125336" total="82051072" percent="2">
    <mem type="nursery" free="0" total="61865984" percent="0">
      <mem type="allocate" free="0" total="55640064" percent="0" />
      <mem type="survivor" free="0" total="6225920" percent="0" />
    </mem>
    <mem type="tenure" free="2125336" total="20185088" percent="10">
      <mem type="soa" free="1923608" total="19983360" percent="9" />
      <mem type="loa" free="201728" total="201728" percent="100" />
    </mem>
    <remembered-set count="119" />
  </mem-info>
</gc-start>
<allocation-stats totalBytes="55259664" >
  <allocated-bytes non-tlh="1168" tlh="55258496" />
  <largest-consumer threadName="main" threadId="0000000001367F00" bytes="55259664" />
</allocation-stats>
<gc-op id="2866" type="scavenge" timems="1.262" contextid="2863" timestamp="2019-08-09T17:55:26.761">
  <scavenger-info tenureage="3" tenuremask="fff8" tiltratio="89" />
  <memory-copied type="nursery" objects="2" bytes="64" bytesdiscarded="32192" />
</gc-op>
<gc-end id="2867" type="scavenge" contextid="2863" durationms="1.769" usertimems="2.861" systemtimems="0.000" timestamp="2019-08-09T17:55:26.762" activeThreads="16">
  <mem-info id="2868" free="57733144" total="82051072" percent="70">
    <mem type="nursery" free="55607808" total="61865984" percent="89">
      <mem type="allocate" free="55607808" total="55640064" percent="99" />
      <mem type="survivor" free="0" total="6225920" percent="0" />
    </mem>
    <mem type="tenure" free="2125336" total="20185088" percent="10" macro-fragmented="1500163">
      <mem type="soa" free="1923608" total="19983360" percent="9" />
      <mem type="loa" free="201728" total="201728" percent="100" />
    </mem>
    <remembered-set count="119" />
  </mem-info>
</gc-end>
<cycle-end id="2869" type="scavenge" contextid="2863" timestamp="2019-08-09T17:55:26.762" />
  <attribute name="elasticGC enabled" value="1" />
  <attribute name= "numThreadsSpecified" value="16" />
  <attribute name="heapSize specified" value="47316992" />
  <attribute name="Current GC Util" value="26" />
  <attribute name= "Current Time Running" value="132693" />
  <attribute name ="GC Interval" value="2185" />
  <attribute name="Target GC Util Change" value ="80.000000" />
  <attribute name="Current GC Util Change" value="26.000000"/>
  <attribute name="Current Error" value="152.000000" />
  <attribute name="Output H" value="82126928"/>
  <attribute name="Output I" value="2184"/>
  <attribute name="Output T" value="16"/>
  <attribute name= "Current Time Running" value="132693" />
  <attribute name="GC Util currently" value="26" />
  <attribute name="CPU Util currently" value="54171461880" />
<allocation-satisfied id="2870" threadId="0000000001367F00" bytesRequested="1168" />
<af-end id="2871" timestamp="2019-08-09T17:55:26.762" threadId="0000000001368888" success="true" from="nursery"/>
<exclusive-end id="2872" timestamp="2019-08-09T17:55:26.762" durationms="2.079" />

<exclusive-start id="2873" timestamp="2019-08-09T17:55:26.779" intervalms="19.742">
  <response-info timems="0.051" idlems="0.051" threads="0" lastid="0000000001367F00" lastname="main" />
</exclusive-start>
<af-start id="2874" threadId="0000000001368888" totalBytesRequested="1168" timestamp="2019-08-09T17:55:26.779" intervalms="19.733" type="nursery" />
<cycle-start id="2875" type="scavenge" contextid="0" timestamp="2019-08-09T17:55:26.779" intervalms="19.734" />
<gc-start id="2876" type="scavenge" contextid="2875" timestamp="2019-08-09T17:55:26.779">
  <mem-info id="2877" free="2125336" total="82051072" percent="2">
    <mem type="nursery" free="0" total="61865984" percent="0">
      <mem type="allocate" free="0" total="55640064" percent="0" />
      <mem type="survivor" free="0" total="6225920" percent="0" />
    </mem>
    <mem type="tenure" free="2125336" total="20185088" percent="10">
      <mem type="soa" free="1923608" total="19983360" percent="9" />
      <mem type="loa" free="201728" total="201728" percent="100" />
    </mem>
    <remembered-set count="119" />
  </mem-info>
</gc-start>
<allocation-stats totalBytes="55259664" >
  <allocated-bytes non-tlh="1168" tlh="55258496" />
  <largest-consumer threadName="main" threadId="0000000001367F00" bytes="55259664" />
</allocation-stats>
<gc-op id="2878" type="scavenge" timems="2.739" contextid="2875" timestamp="2019-08-09T17:55:26.782">
  <scavenger-info tenureage="3" tenuremask="fff8" tiltratio="89" />
  <memory-copied type="nursery" objects="2" bytes="64" bytesdiscarded="16064" />
</gc-op>
<heap-resize id="2879" type="expand" space="nursery" amount="4456448" count="1" timems="0.029" reason="excessive time being spent scavenging" timestamp="2019-08-09T17:55:26.783" />
<gc-end id="2880" type="scavenge" contextid="2875" durationms="3.431" usertimems="7.905" systemtimems="0.000" timestamp="2019-08-09T17:55:26.783" activeThreads="16">
  <mem-info id="2881" free="61746968" total="86507520" percent="71">
    <mem type="nursery" free="59621632" total="66322432" percent="89">
      <mem type="allocate" free="59621632" total="59637760" percent="99" />
      <mem type="survivor" free="0" total="6684672" percent="0" />
    </mem>
    <mem type="tenure" free="2125336" total="20185088" percent="10" macro-fragmented="0">
      <mem type="soa" free="1923608" total="19983360" percent="9" />
      <mem type="loa" free="201728" total="201728" percent="100" />
    </mem>
    <remembered-set count="119" />
  </mem-info>
</gc-end>
<cycle-end id="2882" type="scavenge" contextid="2875" timestamp="2019-08-09T17:55:26.783" />
  <attribute name="elasticGC enabled" value="1" />
  <attribute name= "numThreadsSpecified" value="16" />
  <attribute name="heapSize specified" value="47316992" />
  <attribute name="Current GC Util" value="14" />
  <attribute name= "Current Time Running" value="132713" />
  <attribute name ="GC Interval" value="2265" />
  <attribute name="Target GC Util Change" value ="80.000000" />
  <attribute name="Current GC Util Change" value="14.000000"/>
  <attribute name="Current Error" value="218.000000" />
  <attribute name="Output H" value="82127008"/>
  <attribute name="Output I" value="2264"/>
  <attribute name="Output T" value="16"/>
  <attribute name= "Current Time Running" value="132713" />
  <attribute name="GC Util currently" value="14" />
  <attribute name="CPU Util currently" value="58719931985" />
<allocation-satisfied id="2883" threadId="0000000001367F00" bytesRequested="1168" />
<af-end id="2884" timestamp="2019-08-09T17:55:26.783" threadId="0000000001368888" success="true" from="nursery"/>
<exclusive-end id="2885" timestamp="2019-08-09T17:55:26.783" durationms="3.733" />

<exclusive-start id="2886" timestamp="2019-08-09T17:55:27.181" intervalms="401.526">
  <response-info timems="0.158" idlems="0.158" threads="0" lastid="0000000001367F00" lastname="main" />
</exclusive-start>
<af-start id="2887" threadId="0000000001368888" totalBytesRequested="32" timestamp="2019-08-09T17:55:27.181" intervalms="401.539" type="nursery" />
<cycle-start id="2888" type="scavenge" contextid="0" timestamp="2019-08-09T17:55:27.181" intervalms="401.547" />
<gc-start id="2889" type="scavenge" contextid="2888" timestamp="2019-08-09T17:55:27.181">
  <mem-info id="2890" free="2125336" total="86507520" percent="2">
    <mem type="nursery" free="0" total="66322432" percent="0">
      <mem type="allocate" free="0" total="59637760" percent="0" />
      <mem type="survivor" free="0" total="6684672" percent="0" />
    </mem>
    <mem type="tenure" free="2125336" total="20185088" percent="10">
      <mem type="soa" free="1923608" total="19983360" percent="9" />
      <mem type="loa" free="201728" total="201728" percent="100" />
    </mem>
    <remembered-set count="130" />
  </mem-info>
</gc-start>
<allocation-stats totalBytes="59609272" >
  <allocated-bytes non-tlh="1168" tlh="59608104" />
  <largest-consumer threadName="main" threadId="0000000001367F00" bytes="59609272" />
</allocation-stats>
<gc-op id="2891" type="scavenge" timems="4.806" contextid="2888" timestamp="2019-08-09T17:55:27.186">
  <scavenger-info tenureage="3" tenuremask="fff8" tiltratio="89" />
  <memory-copied type="nursery" objects="247" bytes="7984" bytesdiscarded="31904" />
  <references type="weak" candidates="37" cleared="0" enqueued="0" />
</gc-op>
<gc-end id="2892" type="scavenge" contextid="2888" durationms="5.085" usertimems="8.627" systemtimems="0.000" timestamp="2019-08-09T17:55:27.186" activeThreads="16">
  <mem-info id="2893" free="61723160" total="86507520" percent="71">
    <mem type="nursery" free="59597824" total="66322432" percent="89">
      <mem type="allocate" free="59597824" total="59637760" percent="99" />
      <mem type="survivor" free="0" total="6684672" percent="0" />
    </mem>
    <mem type="tenure" free="2125336" total="20185088" percent="10" macro-fragmented="0">
      <mem type="soa" free="1923608" total="19983360" percent="9" />
      <mem type="loa" free="201728" total="201728" percent="100" />
    </mem>
    <remembered-set count="130" />
  </mem-info>
</gc-end>
<cycle-end id="2894" type="scavenge" contextid="2888" timestamp="2019-08-09T17:55:27.186" />
  <attribute name="elasticGC enabled" value="1" />
  <attribute name= "numThreadsSpecified" value="16" />
  <attribute name="heapSize specified" value="47316992" />
  <attribute name="Current GC Util" value="1" />
  <attribute name= "Current Time Running" value="133114" />
  <attribute name ="GC Interval" value="2353" />
  <attribute name="Target GC Util Change" value ="80.000000" />
  <attribute name="Current GC Util Change" value="1.000000"/>
  <attribute name="Current Error" value="297.000000" />
  <attribute name="Output H" value="86583544"/>
  <attribute name="Output I" value="2352"/>
  <attribute name="Output T" value="16"/>
  <attribute name= "Current Time Running" value="133114" />
  <attribute name="GC Util currently" value="1" />
  <attribute name="CPU Util currently" value="2871145407" />
<allocation-satisfied id="2895" threadId="0000000001367F00" bytesRequested="32" />
<af-end id="2896" timestamp="2019-08-09T17:55:27.186" threadId="0000000001368888" success="true" from="nursery"/>
<exclusive-end id="2897" timestamp="2019-08-09T17:55:27.186" durationms="5.377" />

<exclusive-start id="2898" timestamp="2019-08-09T17:55:27.335" intervalms="154.308">
  <response-info timems="0.095" idlems="0.095" threads="0" lastid="0000000001367F00" lastname="main" />
</exclusive-start>
<af-start id="2899" threadId="0000000001368888" totalBytesRequested="16" timestamp="2019-08-09T17:55:27.335" intervalms="154.295" type="nursery" />
<cycle-start id="2900" type="scavenge" contextid="0" timestamp="2019-08-09T17:55:27.335" intervalms="154.296" />
<gc-start id="2901" type="scavenge" contextid="2900" timestamp="2019-08-09T17:55:27.335">
  <mem-info id="2902" free="2125336" total="86507520" percent="2">
    <mem type="nursery" free="0" total="66322432" percent="0">
      <mem type="allocate" free="0" total="59637760" percent="0" />
      <mem type="survivor" free="0" total="6684672" percent="0" />
    </mem>
    <mem type="tenure" free="2125336" total="20185088" percent="10">
      <mem type="soa" free="1923608" total="19983360" percent="9" />
      <mem type="loa" free="201728" total="201728" percent="100" />
    </mem>
    <remembered-set count="132" />
  </mem-info>
</gc-start>
<allocation-stats totalBytes="59579272" >
  <allocated-bytes non-tlh="32" tlh="59579240" />
  <largest-consumer threadName="main" threadId="0000000001367F00" bytes="59579272" />
</allocation-stats>
<gc-op id="2903" type="scavenge" timems="2.695" contextid="2900" timestamp="2019-08-09T17:55:27.338">
  <scavenger-info tenureage="3" tenuremask="fff8" tiltratio="89" />
  <memory-copied type="nursery" objects="84" bytes="2520" bytesdiscarded="77352" />
  <references type="weak" candidates="37" cleared="7" enqueued="3" />
</gc-op>
<gc-end id="2904" type="scavenge" contextid="2900" durationms="2.908" usertimems="8.159" systemtimems="0.000" timestamp="2019-08-09T17:55:27.338" activeThreads="16">
  <mem-info id="2905" free="61683224" total="86507520" percent="71">
    <mem type="nursery" free="59557888" total="66322432" percent="89">
      <mem type="allocate" free="59557888" total="59637760" percent="99" />
      <mem type="survivor" free="0" total="6684672" percent="0" />
    </mem>
    <mem type="tenure" free="2125336" total="20185088" percent="10" macro-fragmented="1500163">
      <mem type="soa" free="1923608" total="19983360" percent="9" />
      <mem type="loa" free="201728" total="201728" percent="100" />
    </mem>
    <pending-finalizers system="0" default="0" reference="3" classloader="0" />
    <remembered-set count="122" />
  </mem-info>
</gc-end>
<cycle-end id="2906" type="scavenge" contextid="2900" timestamp="2019-08-09T17:55:27.338" />
  <attribute name="elasticGC enabled" value="1" />
  <attribute name= "numThreadsSpecified" value="16" />
  <attribute name="heapSize specified" value="47316992" />
  <attribute name="Current GC Util" value="2" />
  <attribute name= "Current Time Running" value="133269" />
  <attribute name ="GC Interval" value="2449" />
  <attribute name="Target GC Util Change" value ="80.000000" />
  <attribute name="Current GC Util Change" value="2.000000"/>
  <attribute name="Current Error" value="375.000000" />
  <attribute name="Output H" value="86583640"/>
  <attribute name="Output I" value="2448"/>
  <attribute name="Output T" value="16"/>
  <attribute name= "Current Time Running" value="133269" />
  <attribute name="GC Util currently" value="2" />
  <attribute name="CPU Util currently" value="7472018010" />
<allocation-satisfied id="2907" threadId="0000000001367F00" bytesRequested="16" />
<af-end id="2908" timestamp="2019-08-09T17:55:27.338" threadId="0000000001368888" success="true" from="nursery"/>
<exclusive-end id="2909" timestamp="2019-08-09T17:55:27.338" durationms="3.205" />

<exclusive-start id="2910" timestamp="2019-08-09T17:55:27.390" intervalms="54.753">
  <response-info timems="0.023" idlems="0.023" threads="0" lastid="0000000001367F00" lastname="main" />
</exclusive-start>
<af-start id="2911" threadId="0000000001368888" totalBytesRequested="32" timestamp="2019-08-09T17:55:27.390" intervalms="54.764" type="nursery" />
<cycle-start id="2912" type="scavenge" contextid="0" timestamp="2019-08-09T17:55:27.390" intervalms="54.770" />
<gc-start id="2913" type="scavenge" contextid="2912" timestamp="2019-08-09T17:55:27.390">
  <mem-info id="2914" free="2125336" total="86507520" percent="2">
    <mem type="nursery" free="0" total="66322432" percent="0">
      <mem type="allocate" free="0" total="59637760" percent="0" />
      <mem type="survivor" free="0" total="6684672" percent="0" />
    </mem>
    <mem type="tenure" free="2125336" total="20185088" percent="10">
      <mem type="soa" free="1923608" total="19983360" percent="9" />
      <mem type="loa" free="201728" total="201728" percent="100" />
    </mem>
    <remembered-set count="123" />
  </mem-info>
</gc-start>
<allocation-stats totalBytes="59527112" >
  <allocated-bytes non-tlh="16" tlh="59527096" />
  <largest-consumer threadName="main" threadId="0000000001367F00" bytes="59523016" />
</allocation-stats>
<gc-op id="2915" type="scavenge" timems="1.362" contextid="2912" timestamp="2019-08-09T17:55:27.391">
  <scavenger-info tenureage="3" tenuremask="fff8" tiltratio="89" />
  <memory-copied type="nursery" objects="78" bytes="2760" bytesdiscarded="77112" />
  <references type="weak" candidates="30" cleared="0" enqueued="0" />
</gc-op>
<gc-end id="2916" type="scavenge" contextid="2912" durationms="1.671" usertimems="2.678" systemtimems="0.000" timestamp="2019-08-09T17:55:27.392" activeThreads="16">
  <mem-info id="2917" free="61683224" total="86507520" percent="71">
    <mem type="nursery" free="59557888" total="66322432" percent="89">
      <mem type="allocate" free="59557888" total="59637760" percent="99" />
      <mem type="survivor" free="0" total="6684672" percent="0" />
    </mem>
    <mem type="tenure" free="2125336" total="20185088" percent="10" macro-fragmented="0">
      <mem type="soa" free="1923608" total="19983360" percent="9" />
      <mem type="loa" free="201728" total="201728" percent="100" />
    </mem>
    <remembered-set count="123" />
  </mem-info>
</gc-end>
<cycle-end id="2918" type="scavenge" contextid="2912" timestamp="2019-08-09T17:55:27.392" />
  <attribute name="elasticGC enabled" value="1" />
  <attribute name= "numThreadsSpecified" value="16" />
  <attribute name="heapSize specified" value="47316992" />
  <attribute name="Current GC Util" value="11" />
  <attribute name= "Current Time Running" value="133323" />
  <attribute name ="GC Interval" value="2089" />
  <attribute name="Target GC Util Change" value ="80.000000" />
  <attribute name="Current GC Util Change" value="11.000000"/>
  <attribute name="Current Error" value="69.000000" />
  <attribute name="Output H" value="86583280"/>
  <attribute name="Output I" value="2088"/>
  <attribute name="Output T" value="16"/>
  <attribute name= "Current Time Running" value="133323" />
  <attribute name="GC Util currently" value="11" />
  <attribute name="CPU Util currently" value="21050724224" />
<allocation-satisfied id="2919" threadId="0000000001367F00" bytesRequested="32" />
<af-end id="2920" timestamp="2019-08-09T17:55:27.392" threadId="0000000001368888" success="true" from="nursery"/>
<exclusive-end id="2921" timestamp="2019-08-09T17:55:27.392" durationms="1.983" />

<exclusive-start id="2922" timestamp="2019-08-09T17:55:27.455" intervalms="64.897">
  <response-info timems="0.065" idlems="0.065" threads="0" lastid="0000000001367F00" lastname="main" />
</exclusive-start>
<af-start id="2923" threadId="0000000001368888" totalBytesRequested="16" timestamp="2019-08-09T17:55:27.455" intervalms="64.880" type="nursery" />
<cycle-start id="2924" type="scavenge" contextid="0" timestamp="2019-08-09T17:55:27.455" intervalms="64.866" />
<gc-start id="2925" type="scavenge" contextid="2924" timestamp="2019-08-09T17:55:27.455">
  <mem-info id="2926" free="2125336" total="86507520" percent="2">
    <mem type="nursery" free="0" total="66322432" percent="0">
      <mem type="allocate" free="0" total="59637760" percent="0" />
      <mem type="survivor" free="0" total="6684672" percent="0" />
    </mem>
    <mem type="tenure" free="2125336" total="20185088" percent="10">
      <mem type="soa" free="1923608" total="19983360" percent="9" />
      <mem type="loa" free="201728" total="201728" percent="100" />
    </mem>
    <remembered-set count="123" />
  </mem-info>
</gc-start>
<allocation-stats totalBytes="59526848" >
  <allocated-bytes non-tlh="32" tlh="59526816" />
  <largest-consumer threadName="main" threadId="0000000001367F00" bytes="59526848" />
</allocation-stats>
<gc-op id="2927" type="scavenge" timems="5.844" contextid="2924" timestamp="2019-08-09T17:55:27.461">
  <scavenger-info tenureage="3" tenuremask="fff8" tiltratio="89" />
  <memory-copied type="nursery" objects="27" bytes="1464" bytesdiscarded="14664" />
  <memory-copied type="tenure" objects="58" bytes="1648" bytesdiscarded="0" />
</gc-op>
<heap-resize id="2928" type="expand" space="nursery" amount="2490368" count="1" timems="0.094" reason="excessive time being spent scavenging" timestamp="2019-08-09T17:55:27.461" />
<gc-end id="2929" type="scavenge" contextid="2924" durationms="6.230" usertimems="8.002" systemtimems="0.000" timestamp="2019-08-09T17:55:27.461" activeThreads="16">
  <mem-info id="2930" free="63935256" total="88997888" percent="71">
    <mem type="nursery" free="61849856" total="68812800" percent="89">
      <mem type="allocate" free="61849856" total="61865984" percent="99" />
      <mem type="survivor" free="0" total="6946816" percent="0" />
    </mem>
    <mem type="tenure" free="2085400" total="20185088" percent="10" macro-fragmented="1500163">
      <mem type="soa" free="1883672" total="19983360" percent="9" />
      <mem type="loa" free="201728" total="201728" percent="100" />
    </mem>
    <remembered-set count="113" />
  </mem-info>
</gc-end>
<cycle-end id="2931" type="scavenge" contextid="2924" timestamp="2019-08-09T17:55:27.461" />
  <attribute name="elasticGC enabled" value="1" />
  <attribute name= "numThreadsSpecified" value="16" />
  <attribute name="heapSize specified" value="47316992" />
  <attribute name="Current GC Util" value="4" />
  <attribute name= "Current Time Running" value="133389" />
  <attribute name ="GC Interval" value="2177" />
  <attribute name="Target GC Util Change" value ="80.000000" />
  <attribute name="Current GC Util Change" value="4.000000"/>
  <attribute name="Current Error" value="145.000000" />
  <attribute name="Output H" value="86583368"/>
  <attribute name="Output I" value="2176"/>
  <attribute name="Output T" value="16"/>
  <attribute name= "Current Time Running" value="133389" />
  <attribute name="GC Util currently" value="4" />
  <attribute name="CPU Util currently" value="17669475507" />
<allocation-satisfied id="2932" threadId="0000000001367F00" bytesRequested="16" />
<af-end id="2933" timestamp="2019-08-09T17:55:27.461" threadId="0000000001368888" success="true" from="nursery"/>
<exclusive-end id="2934" timestamp="2019-08-09T17:55:27.461" durationms="6.508" />

<exclusive-start id="2935" timestamp="2019-08-09T17:55:27.545" intervalms="90.478">
  <response-info timems="0.071" idlems="0.071" threads="0" lastid="0000000001367F00" lastname="main" />
</exclusive-start>
<af-start id="2936" threadId="0000000001368888" totalBytesRequested="88" timestamp="2019-08-09T17:55:27.545" intervalms="90.493" type="nursery" />
<cycle-start id="2937" type="scavenge" contextid="0" timestamp="2019-08-09T17:55:27.545" intervalms="90.498" />
<gc-start id="2938" type="scavenge" contextid="2937" timestamp="2019-08-09T17:55:27.545">
  <mem-info id="2939" free="2085400" total="88997888" percent="2">
    <mem type="nursery" free="0" total="68812800" percent="0">
      <mem type="allocate" free="0" total="61865984" percent="0" />
      <mem type="survivor" free="0" total="6946816" percent="0" />
    </mem>
    <mem type="tenure" free="2085400" total="20185088" percent="10">
      <mem type="soa" free="1883672" total="19983360" percent="9" />
      <mem type="loa" free="201728" total="201728" percent="100" />
    </mem>
    <remembered-set count="113" />
  </mem-info>
</gc-start>
<allocation-stats totalBytes="61817872" >
  <allocated-bytes non-tlh="16" tlh="61817856" />
  <largest-consumer threadName="main" threadId="0000000001367F00" bytes="61817872" />
</allocation-stats>
<gc-op id="2940" type="scavenge" timems="4.788" contextid="2937" timestamp="2019-08-09T17:55:27.550">
  <scavenger-info tenureage="3" tenuremask="ffe8" tiltratio="89" />
  <memory-copied type="nursery" objects="7" bytes="720" bytesdiscarded="31536" />
  <memory-copied type="tenure" objects="18" bytes="568" bytesdiscarded="0" />
</gc-op>
<gc-end id="2941" type="scavenge" contextid="2937" durationms="5.094" usertimems="13.501" systemtimems="0.000" timestamp="2019-08-09T17:55:27.551" activeThreads="16">
  <mem-info id="2942" free="63968536" total="88997888" percent="71">
    <mem type="nursery" free="61899264" total="68812800" percent="89">
      <mem type="allocate" free="61899264" total="61931520" percent="99" />
      <mem type="survivor" free="0" total="6881280" percent="0" />
    </mem>
    <mem type="tenure" free="2069272" total="20185088" percent="10" macro-fragmented="0">
      <mem type="soa" free="1867544" total="19983360" percent="9" />
      <mem type="loa" free="201728" total="201728" percent="100" />
    </mem>
    <remembered-set count="115" />
  </mem-info>
</gc-end>
<cycle-end id="2943" type="scavenge" contextid="2937" timestamp="2019-08-09T17:55:27.551" />
  <attribute name="elasticGC enabled" value="1" />
  <attribute name= "numThreadsSpecified" value="16" />
  <attribute name="heapSize specified" value="47316992" />
  <attribute name="Current GC Util" value="3" />
  <attribute name= "Current Time Running" value="133479" />
  <attribute name ="GC Interval" value="2265" />
  <attribute name="Target GC Util Change" value ="80.000000" />
  <attribute name="Current GC Util Change" value="3.000000"/>
  <attribute name="Current Error" value="222.000000" />
  <attribute name="Output H" value="89073824"/>
  <attribute name="Output I" value="2264"/>
  <attribute name="Output T" value="16"/>
  <attribute name= "Current Time Running" value="133479" />
  <attribute name="GC Util currently" value="3" />
  <attribute name="CPU Util currently" value="12793320298" />
<allocation-satisfied id="2944" threadId="0000000001367F00" bytesRequested="88" />
<af-end id="2945" timestamp="2019-08-09T17:55:27.551" threadId="0000000001368888" success="true" from="nursery"/>
<exclusive-end id="2946" timestamp="2019-08-09T17:55:27.551" durationms="5.379" />

<exclusive-start id="2947" timestamp="2019-08-09T17:55:27.625" intervalms="79.811">
  <response-info timems="0.041" idlems="0.041" threads="0" lastid="0000000001367F00" lastname="main" />
</exclusive-start>
<af-start id="2948" threadId="0000000001368888" totalBytesRequested="112" timestamp="2019-08-09T17:55:27.625" intervalms="79.794" type="nursery" />
<cycle-start id="2949" type="scavenge" contextid="0" timestamp="2019-08-09T17:55:27.625" intervalms="79.787" />
<gc-start id="2950" type="scavenge" contextid="2949" timestamp="2019-08-09T17:55:27.625">
  <mem-info id="2951" free="2069272" total="88997888" percent="2">
    <mem type="nursery" free="0" total="68812800" percent="0">
      <mem type="allocate" free="0" total="61931520" percent="0" />
      <mem type="survivor" free="0" total="6881280" percent="0" />
    </mem>
    <mem type="tenure" free="2069272" total="20185088" percent="10">
      <mem type="soa" free="1867544" total="19983360" percent="9" />
      <mem type="loa" free="201728" total="201728" percent="100" />
    </mem>
    <remembered-set count="120" />
  </mem-info>
</gc-start>
<allocation-stats totalBytes="61855368" >
  <allocated-bytes non-tlh="88" tlh="61855280" />
  <largest-consumer threadName="main" threadId="0000000001367F00" bytes="61855368" />
</allocation-stats>
<gc-op id="2952" type="scavenge" timems="5.155" contextid="2949" timestamp="2019-08-09T17:55:27.630">
  <scavenger-info tenureage="3" tenuremask="ffe8" tiltratio="90" />
  <memory-copied type="nursery" objects="29" bytes="1208" bytesdiscarded="31048" />
  <memory-copied type="tenure" objects="1" bytes="520" bytesdiscarded="0" />
</gc-op>
<gc-end id="2953" type="scavenge" contextid="2949" durationms="5.432" usertimems="14.947" systemtimems="0.000" timestamp="2019-08-09T17:55:27.631" activeThreads="16">
  <mem-info id="2954" free="63968536" total="88997888" percent="71">
    <mem type="nursery" free="61899264" total="68812800" percent="89">
      <mem type="allocate" free="61899264" total="61931520" percent="99" />
      <mem type="survivor" free="0" total="6881280" percent="0" />
    </mem>
    <mem type="tenure" free="2069272" total="20185088" percent="10" macro-fragmented="0">
      <mem type="soa" free="1867544" total="19983360" percent="9" />
      <mem type="loa" free="201728" total="201728" percent="100" />
    </mem>
    <remembered-set count="119" />
  </mem-info>
</gc-end>
<cycle-end id="2955" type="scavenge" contextid="2949" timestamp="2019-08-09T17:55:27.631" />
  <attribute name="elasticGC enabled" value="1" />
  <attribute name= "numThreadsSpecified" value="16" />
  <attribute name="heapSize specified" value="47316992" />
  <attribute name="Current GC Util" value="13" />
  <attribute name= "Current Time Running" value="133558" />
  <attribute name ="GC Interval" value="2345" />
  <attribute name="Target GC Util Change" value ="80.000000" />
  <attribute name="Current GC Util Change" value="13.000000"/>
  <attribute name="Current Error" value="289.000000" />
  <attribute name="Output H" value="89073904"/>
  <attribute name="Output I" value="2344"/>
  <attribute name="Output T" value="16"/>
  <attribute name= "Current Time Running" value="133558" />
  <attribute name="GC Util currently" value="13" />
  <attribute name="CPU Util currently" value="14455229060" />
<allocation-satisfied id="2956" threadId="0000000001367F00" bytesRequested="112" />
<af-end id="2957" timestamp="2019-08-09T17:55:27.631" threadId="0000000001368888" success="true" from="nursery"/>
<exclusive-end id="2958" timestamp="2019-08-09T17:55:27.631" durationms="5.861" />

<exclusive-start id="2959" timestamp="2019-08-09T17:55:27.702" intervalms="77.043">
  <response-info timems="0.057" idlems="0.057" threads="0" lastid="0000000001367F00" lastname="main" />
</exclusive-start>
<af-start id="2960" threadId="0000000001368888" totalBytesRequested="136" timestamp="2019-08-09T17:55:27.702" intervalms="77.048" type="nursery" />
<cycle-start id="2961" type="scavenge" contextid="0" timestamp="2019-08-09T17:55:27.702" intervalms="77.055" />
<gc-start id="2962" type="scavenge" contextid="2961" timestamp="2019-08-09T17:55:27.702">
  <mem-info id="2963" free="2069272" total="88997888" percent="2">
    <mem type="nursery" free="0" total="68812800" percent="0">
      <mem type="allocate" free="0" total="61931520" percent="0" />
      <mem type="survivor" free="0" total="6881280" percent="0" />
    </mem>
    <mem type="tenure" free="2069272" total="20185088" percent="10">
      <mem type="soa" free="1867544" total="19983360" percent="9" />
      <mem type="loa" free="201728" total="201728" percent="100" />
    </mem>
    <remembered-set count="121" />
  </mem-info>
</gc-start>
<allocation-stats totalBytes="61846136" >
  <allocated-bytes non-tlh="112" tlh="61846024" />
  <largest-consumer threadName="main" threadId="0000000001367F00" bytes="61846136" />
</allocation-stats>
<gc-op id="2964" type="scavenge" timems="1.044" contextid="2961" timestamp="2019-08-09T17:55:27.703">
  <scavenger-info tenureage="3" tenuremask="ffe8" tiltratio="90" />
  <memory-copied type="nursery" objects="47" bytes="1912" bytesdiscarded="14216" />
</gc-op>
<gc-end id="2965" type="scavenge" contextid="2961" durationms="1.207" usertimems="3.085" systemtimems="0.000" timestamp="2019-08-09T17:55:27.703" activeThreads="16">
  <mem-info id="2966" free="63984664" total="88997888" percent="71">
    <mem type="nursery" free="61915392" total="68812800" percent="89">
      <mem type="allocate" free="61915392" total="61931520" percent="99" />
      <mem type="survivor" free="0" total="6881280" percent="0" />
    </mem>
    <mem type="tenure" free="2069272" total="20185088" percent="10" macro-fragmented="1500163">
      <mem type="soa" free="1867544" total="19983360" percent="9" />
      <mem type="loa" free="201728" total="201728" percent="100" />
    </mem>
    <remembered-set count="116" />
  </mem-info>
</gc-end>
<cycle-end id="2967" type="scavenge" contextid="2961" timestamp="2019-08-09T17:55:27.704" />
  <attribute name="elasticGC enabled" value="1" />
  <attribute name= "numThreadsSpecified" value="16" />
  <attribute name="heapSize specified" value="47316992" />
  <attribute name="Current GC Util" value="13" />
  <attribute name= "Current Time Running" value="133635" />
  <attribute name ="GC Interval" value="2425" />
  <attribute name="Target GC Util Change" value ="80.000000" />
  <attribute name="Current GC Util Change" value="13.000000"/>
  <attribute name="Current Error" value="356.000000" />
  <attribute name="Output H" value="89073984"/>
  <attribute name="Output I" value="2424"/>
  <attribute name="Output T" value="16"/>
  <attribute name= "Current Time Running" value="133635" />
  <attribute name="GC Util currently" value="13" />
  <attribute name="CPU Util currently" value="14960517231" />
<allocation-satisfied id="2968" threadId="0000000001367F00" bytesRequested="136" />
<af-end id="2969" timestamp="2019-08-09T17:55:27.704" threadId="0000000001368888" success="true" from="nursery"/>
<exclusive-end id="2970" timestamp="2019-08-09T17:55:27.704" durationms="1.454" />

<exclusive-start id="2971" timestamp="2019-08-09T17:55:27.879" intervalms="177.159">
  <response-info timems="0.046" idlems="0.046" threads="0" lastid="0000000001367F00" lastname="main" />
</exclusive-start>
<af-start id="2972" threadId="0000000001368888" totalBytesRequested="24" timestamp="2019-08-09T17:55:27.879" intervalms="177.153" type="nursery" />
<cycle-start id="2973" type="scavenge" contextid="0" timestamp="2019-08-09T17:55:27.879" intervalms="177.143" />
<gc-start id="2974" type="scavenge" contextid="2973" timestamp="2019-08-09T17:55:27.879">
  <mem-info id="2975" free="2069272" total="88997888" percent="2">
    <mem type="nursery" free="0" total="68812800" percent="0">
      <mem type="allocate" free="0" total="61931520" percent="0" />
      <mem type="survivor" free="0" total="6881280" percent="0" />
    </mem>
    <mem type="tenure" free="2069272" total="20185088" percent="10">
      <mem type="soa" free="1867544" total="19983360" percent="9" />
      <mem type="loa" free="201728" total="201728" percent="100" />
    </mem>
    <remembered-set count="116" />
  </mem-info>
</gc-start>
<allocation-stats totalBytes="61902080" >
  <allocated-bytes non-tlh="136" tlh="61901944" />
  <largest-consumer threadName="main" threadId="0000000001367F00" bytes="61902080" />
</allocation-stats>
<gc-op id="2976" type="scavenge" timems="1.198" contextid="2973" timestamp="2019-08-09T17:55:27.881">
  <scavenger-info tenureage="3" tenuremask="fff8" tiltratio="90" />
  <memory-copied type="nursery" objects="59" bytes="2536" bytesdiscarded="29720" />
</gc-op>
<gc-end id="2977" type="scavenge" contextid="2973" durationms="1.370" usertimems="3.346" systemtimems="0.000" timestamp="2019-08-09T17:55:27.881" activeThreads="16">
  <mem-info id="2978" free="63968536" total="88997888" percent="71">
    <mem type="nursery" free="61899264" total="68812800" percent="89">
      <mem type="allocate" free="61899264" total="61931520" percent="99" />
      <mem type="survivor" free="0" total="6881280" percent="0" />
    </mem>
    <mem type="tenure" free="2069272" total="20185088" percent="10" macro-fragmented="868149">
      <mem type="soa" free="1867544" total="19983360" percent="9" />
      <mem type="loa" free="201728" total="201728" percent="100" />
    </mem>
    <remembered-set count="116" />
  </mem-info>
</gc-end>
<cycle-end id="2979" type="scavenge" contextid="2973" timestamp="2019-08-09T17:55:27.881" />
  <attribute name="elasticGC enabled" value="1" />
  <attribute name= "numThreadsSpecified" value="16" />
  <attribute name="heapSize specified" value="47316992" />
  <attribute name="Current GC Util" value="1" />
  <attribute name= "Current Time Running" value="133813" />
  <attribute name ="GC Interval" value="2513" />
  <attribute name="Target GC Util Change" value ="80.000000" />
  <attribute name="Current GC Util Change" value="1.000000"/>
  <attribute name="Current Error" value="435.000000" />
  <attribute name="Output H" value="89074072"/>
  <attribute name="Output I" value="2512"/>
  <attribute name="Output T" value="16"/>
  <attribute name= "Current Time Running" value="133813" />
  <attribute name="GC Util currently" value="1" />
  <attribute name="CPU Util currently" value="6509255869" />
<allocation-satisfied id="2980" threadId="0000000001367F00" bytesRequested="24" />
<af-end id="2981" timestamp="2019-08-09T17:55:27.881" threadId="0000000001368888" success="true" from="nursery"/>
<exclusive-end id="2982" timestamp="2019-08-09T17:55:27.881" durationms="1.645" />

<exclusive-start id="2983" timestamp="2019-08-09T17:55:29.604" intervalms="1725.055">
  <response-info timems="0.105" idlems="0.105" threads="0" lastid="0000000001367F00" lastname="main" />
</exclusive-start>
<af-start id="2984" threadId="0000000001368888" totalBytesRequested="12752" timestamp="2019-08-09T17:55:29.604" intervalms="1725.051" type="nursery" />
<cycle-start id="2985" type="scavenge" contextid="0" timestamp="2019-08-09T17:55:29.604" intervalms="1725.050" />
<gc-start id="2986" type="scavenge" contextid="2985" timestamp="2019-08-09T17:55:29.604">
  <mem-info id="2987" free="2069272" total="88997888" percent="2">
    <mem type="nursery" free="0" total="68812800" percent="0">
      <mem type="allocate" free="0" total="61931520" percent="0" />
      <mem type="survivor" free="0" total="6881280" percent="0" />
    </mem>
    <mem type="tenure" free="2069272" total="20185088" percent="10">
      <mem type="soa" free="1867544" total="19983360" percent="9" />
      <mem type="loa" free="201728" total="201728" percent="100" />
    </mem>
    <remembered-set count="128" />
  </mem-info>
</gc-start>
<allocation-stats totalBytes="59145792" >
  <allocated-bytes non-tlh="24" tlh="59145768" />
  <largest-consumer threadName="main" threadId="0000000001367F00" bytes="59145792" />
</allocation-stats>
<gc-op id="2988" type="scavenge" timems="2.393" contextid="2985" timestamp="2019-08-09T17:55:29.607">
  <scavenger-info tenureage="3" tenuremask="fff8" tiltratio="90" />
  <memory-copied type="nursery" objects="80" bytes="28512" bytesdiscarded="17232" />
  <memory-copied type="tenure" objects="12" bytes="560" bytesdiscarded="0" />
</gc-op>
<gc-end id="2989" type="scavenge" contextid="2985" durationms="2.664" usertimems="4.969" systemtimems="0.000" timestamp="2019-08-09T17:55:29.607" activeThreads="16">
  <mem-info id="2990" free="63955048" total="88997888" percent="71">
    <mem type="nursery" free="61885776" total="68812800" percent="89">
      <mem type="allocate" free="61885776" total="61931520" percent="99" />
      <mem type="survivor" free="0" total="6881280" percent="0" />
    </mem>
    <mem type="tenure" free="2069272" total="20185088" percent="10" macro-fragmented="0">
      <mem type="soa" free="1867544" total="19983360" percent="9" />
      <mem type="loa" free="201728" total="201728" percent="100" />
    </mem>
    <remembered-set count="124" />
  </mem-info>
</gc-end>
<cycle-end id="2991" type="scavenge" contextid="2985" timestamp="2019-08-09T17:55:29.607" />
  <attribute name="elasticGC enabled" value="1" />
  <attribute name= "numThreadsSpecified" value="16" />
  <attribute name="heapSize specified" value="47316992" />
  <attribute name="Current GC Util" value="0" />
  <attribute name= "Current Time Running" value="135538" />
  <attribute name ="GC Interval" value="2105" />
  <attribute name="Target GC Util Change" value ="80.000000" />
  <attribute name="Current GC Util Change" value="0.000000"/>
  <attribute name="Current Error" value="80.000000" />
  <attribute name="Output H" value="89073664"/>
  <attribute name="Output I" value="2104"/>
  <attribute name="Output T" value="16"/>
  <attribute name= "Current Time Running" value="135538" />
  <attribute name="GC Util currently" value="0" />
  <attribute name="CPU Util currently" value="11" />
<allocation-satisfied id="2992" threadId="0000000001367F00" bytesRequested="12752" />
<af-end id="2993" timestamp="2019-08-09T17:55:29.607" threadId="0000000001368888" success="true" from="nursery"/>
<exclusive-end id="2994" timestamp="2019-08-09T17:55:29.607" durationms="2.885" />

<exclusive-start id="2995" timestamp="2019-08-09T17:55:30.509" intervalms="904.872">
  <response-info timems="0.057" idlems="0.057" threads="0" lastid="0000000001367F00" lastname="main" />
</exclusive-start>
<af-start id="2996" threadId="0000000001368888" totalBytesRequested="80" timestamp="2019-08-09T17:55:30.509" intervalms="904.891" type="nursery" />
<cycle-start id="2997" type="scavenge" contextid="0" timestamp="2019-08-09T17:55:30.509" intervalms="904.903" />
<gc-start id="2998" type="scavenge" contextid="2997" timestamp="2019-08-09T17:55:30.509">
  <mem-info id="2999" free="2069272" total="88997888" percent="2">
    <mem type="nursery" free="0" total="68812800" percent="0">
      <mem type="allocate" free="0" total="61931520" percent="0" />
      <mem type="survivor" free="0" total="6881280" percent="0" />
    </mem>
    <mem type="tenure" free="2069272" total="20185088" percent="10">
      <mem type="soa" free="1867544" total="19983360" percent="9" />
      <mem type="loa" free="201728" total="201728" percent="100" />
    </mem>
    <remembered-set count="134" />
  </mem-info>
</gc-start>
<allocation-stats totalBytes="61877296" >
  <allocated-bytes non-tlh="12752" tlh="61864544" />
  <largest-consumer threadName="main" threadId="0000000001367F00" bytes="61877296" />
</allocation-stats>
<gc-op id="3000" type="scavenge" timems="1.035" contextid="2997" timestamp="2019-08-09T17:55:30.510">
  <scavenger-info tenureage="5" tenuremask="ffe0" tiltratio="90" />
  <memory-copied type="nursery" objects="100" bytes="2664" bytesdiscarded="29592" />
</gc-op>
<gc-end id="3001" type="scavenge" contextid="2997" durationms="1.277" usertimems="2.891" systemtimems="0.000" timestamp="2019-08-09T17:55:30.511" activeThreads="16">
  <mem-info id="3002" free="63968536" total="88997888" percent="71">
    <mem type="nursery" free="61899264" total="68812800" percent="89">
      <mem type="allocate" free="61899264" total="61931520" percent="99" />
      <mem type="survivor" free="0" total="6881280" percent="0" />
    </mem>
    <mem type="tenure" free="2069272" total="20185088" percent="10" macro-fragmented="0">
      <mem type="soa" free="1867544" total="19983360" percent="9" />
      <mem type="loa" free="201728" total="201728" percent="100" />
    </mem>
    <remembered-set count="134" />
  </mem-info>
</gc-end>
<cycle-end id="3003" type="scavenge" contextid="2997" timestamp="2019-08-09T17:55:30.511" />
  <attribute name="elasticGC enabled" value="1" />
  <attribute name= "numThreadsSpecified" value="16" />
  <attribute name="heapSize specified" value="47316992" />
  <attribute name="Current GC Util" value="0" />
  <attribute name= "Current Time Running" value="136443" />
  <attribute name ="GC Interval" value="2193" />
  <attribute name="Target GC Util Change" value ="80.000000" />
  <attribute name="Current GC Util Change" value="0.000000"/>
  <attribute name="Current Error" value="160.000000" />
  <attribute name="Output H" value="89073752"/>
  <attribute name="Output I" value="2192"/>
  <attribute name="Output T" value="16"/>
  <attribute name= "Current Time Running" value="136443" />
  <attribute name="GC Util currently" value="0" />
  <attribute name="CPU Util currently" value="1274014858" />
<allocation-satisfied id="3004" threadId="0000000001367F00" bytesRequested="80" />
<af-end id="3005" timestamp="2019-08-09T17:55:30.511" threadId="0000000001368888" success="true" from="nursery"/>
<exclusive-end id="3006" timestamp="2019-08-09T17:55:30.511" durationms="1.539" />

<exclusive-start id="3007" timestamp="2019-08-09T17:55:30.989" intervalms="479.401">
  <response-info timems="0.054" idlems="0.054" threads="0" lastid="0000000001367F00" lastname="main" />
</exclusive-start>
<af-start id="3008" threadId="0000000001368888" totalBytesRequested="80" timestamp="2019-08-09T17:55:30.989" intervalms="479.399" type="nursery" />
<cycle-start id="3009" type="scavenge" contextid="0" timestamp="2019-08-09T17:55:30.989" intervalms="479.401" />
<gc-start id="3010" type="scavenge" contextid="3009" timestamp="2019-08-09T17:55:30.989">
  <mem-info id="3011" free="2069240" total="88997888" percent="2">
    <mem type="nursery" free="0" total="68812800" percent="0">
      <mem type="allocate" free="0" total="61931520" percent="0" />
      <mem type="survivor" free="0" total="6881280" percent="0" />
    </mem>
    <mem type="tenure" free="2069240" total="20185088" percent="10">
      <mem type="soa" free="1867512" total="19983360" percent="9" />
      <mem type="loa" free="201728" total="201728" percent="100" />
    </mem>
    <remembered-set count="139" />
  </mem-info>
</gc-start>
<allocation-stats totalBytes="61889680" >
  <allocated-bytes non-tlh="112" tlh="61889568" />
  <largest-consumer threadName="main" threadId="0000000001367F00" bytes="61889680" />
</allocation-stats>
<gc-op id="3012" type="scavenge" timems="1.089" contextid="3009" timestamp="2019-08-09T17:55:30.990">
  <scavenger-info tenureage="3" tenuremask="fff8" tiltratio="90" />
  <memory-copied type="nursery" objects="112" bytes="3088" bytesdiscarded="29168" />
  <memory-copied type="tenure" objects="7" bytes="160" bytesdiscarded="0" />
</gc-op>
<gc-end id="3013" type="scavenge" contextid="3009" durationms="1.444" usertimems="3.366" systemtimems="0.000" timestamp="2019-08-09T17:55:30.990" activeThreads="16">
  <mem-info id="3014" free="63968504" total="88997888" percent="71">
    <mem type="nursery" free="61899264" total="68812800" percent="89">
      <mem type="allocate" free="61899264" total="61931520" percent="99" />
      <mem type="survivor" free="0" total="6881280" percent="0" />
    </mem>
    <mem type="tenure" free="2069240" total="20185088" percent="10" macro-fragmented="0">
      <mem type="soa" free="1867512" total="19983360" percent="9" />
      <mem type="loa" free="201728" total="201728" percent="100" />
    </mem>
    <remembered-set count="137" />
  </mem-info>
</gc-end>
<cycle-end id="3015" type="scavenge" contextid="3009" timestamp="2019-08-09T17:55:30.990" />
  <attribute name="elasticGC enabled" value="1" />
  <attribute name= "numThreadsSpecified" value="16" />
  <attribute name="heapSize specified" value="47316992" />
  <attribute name="Current GC Util" value="0" />
  <attribute name= "Current Time Running" value="136922" />
  <attribute name ="GC Interval" value="2289" />
  <attribute name="Target GC Util Change" value ="80.000000" />
  <attribute name="Current GC Util Change" value="0.000000"/>
  <attribute name="Current Error" value="240.000000" />
  <attribute name="Output H" value="89073848"/>
  <attribute name="Output I" value="2288"/>
  <attribute name="Output T" value="16"/>
  <attribute name= "Current Time Running" value="136922" />
  <attribute name="GC Util currently" value="0" />
  <attribute name="CPU Util currently" value="2403750947" />
<allocation-satisfied id="3016" threadId="0000000001367F00" bytesRequested="80" />
<af-end id="3017" timestamp="2019-08-09T17:55:30.991" threadId="0000000001368888" success="true" from="nursery"/>
<exclusive-end id="3018" timestamp="2019-08-09T17:55:30.991" durationms="1.919" />

<exclusive-start id="3019" timestamp="2019-08-09T17:55:31.798" intervalms="809.428">
  <response-info timems="0.076" idlems="0.076" threads="0" lastid="0000000001367F00" lastname="main" />
</exclusive-start>
<af-start id="3020" threadId="0000000001368888" totalBytesRequested="16" timestamp="2019-08-09T17:55:31.798" intervalms="809.429" type="nursery" />
<cycle-start id="3021" type="scavenge" contextid="0" timestamp="2019-08-09T17:55:31.798" intervalms="809.427" />
<gc-start id="3022" type="scavenge" contextid="3021" timestamp="2019-08-09T17:55:31.798">
  <mem-info id="3023" free="2069240" total="88997888" percent="2">
    <mem type="nursery" free="0" total="68812800" percent="0">
      <mem type="allocate" free="0" total="61931520" percent="0" />
      <mem type="survivor" free="0" total="6881280" percent="0" />
    </mem>
    <mem type="tenure" free="2069240" total="20185088" percent="10">
      <mem type="soa" free="1867512" total="19983360" percent="9" />
      <mem type="loa" free="201728" total="201728" percent="100" />
    </mem>
    <remembered-set count="140" />
  </mem-info>
</gc-start>
<allocation-stats totalBytes="61879112" >
  <allocated-bytes non-tlh="80" tlh="61879032" />
  <largest-consumer threadName="main" threadId="0000000001367F00" bytes="61879112" />
</allocation-stats>
<gc-op id="3024" type="scavenge" timems="1.277" contextid="3021" timestamp="2019-08-09T17:55:31.800">
  <scavenger-info tenureage="3" tenuremask="ffd8" tiltratio="90" />
  <memory-copied type="nursery" objects="84" bytes="2384" bytesdiscarded="29872" />
  <memory-copied type="tenure" objects="42" bytes="960" bytesdiscarded="0" />
</gc-op>
<gc-end id="3025" type="scavenge" contextid="3021" durationms="2.105" usertimems="4.727" systemtimems="0.000" timestamp="2019-08-09T17:55:31.800" activeThreads="16">
  <mem-info id="3026" free="63968504" total="88997888" percent="71">
    <mem type="nursery" free="61899264" total="68812800" percent="89">
      <mem type="allocate" free="61899264" total="61931520" percent="99" />
      <mem type="survivor" free="0" total="6881280" percent="0" />
    </mem>
    <mem type="tenure" free="2069240" total="20185088" percent="10" macro-fragmented="0">
      <mem type="soa" free="1867512" total="19983360" percent="9" />
      <mem type="loa" free="201728" total="201728" percent="100" />
    </mem>
    <remembered-set count="127" />
  </mem-info>
</gc-end>
<cycle-end id="3027" type="scavenge" contextid="3021" timestamp="2019-08-09T17:55:31.800" />
  <attribute name="elasticGC enabled" value="1" />
  <attribute name= "numThreadsSpecified" value="16" />
  <attribute name="heapSize specified" value="47316992" />
  <attribute name="Current GC Util" value="0" />
  <attribute name= "Current Time Running" value="137731" />
  <attribute name ="GC Interval" value="2385" />
  <attribute name="Target GC Util Change" value ="80.000000" />
  <attribute name="Current GC Util Change" value="0.000000"/>
  <attribute name="Current Error" value="320.000000" />
  <attribute name="Output H" value="89073944"/>
  <attribute name="Output I" value="2384"/>
  <attribute name="Output T" value="16"/>
  <attribute name= "Current Time Running" value="137731" />
  <attribute name="GC Util currently" value="0" />
  <attribute name="CPU Util currently" value="1" />
<allocation-satisfied id="3028" threadId="0000000001367F00" bytesRequested="16" />
<af-end id="3029" timestamp="2019-08-09T17:55:31.800" threadId="0000000001368888" success="true" from="nursery"/>
<exclusive-end id="3030" timestamp="2019-08-09T17:55:31.800" durationms="2.447" />

<exclusive-start id="3031" timestamp="2019-08-09T17:55:32.001" intervalms="202.644">
  <response-info timems="0.135" idlems="0.135" threads="0" lastid="0000000001367F00" lastname="main" />
</exclusive-start>
<af-start id="3032" threadId="0000000001368888" totalBytesRequested="24" timestamp="2019-08-09T17:55:32.001" intervalms="202.768" type="nursery" />
<cycle-start id="3033" type="scavenge" contextid="0" timestamp="2019-08-09T17:55:32.001" intervalms="202.766" />
<gc-start id="3034" type="scavenge" contextid="3033" timestamp="2019-08-09T17:55:32.001">
  <mem-info id="3035" free="2069240" total="88997888" percent="2">
    <mem type="nursery" free="0" total="68812800" percent="0">
      <mem type="allocate" free="0" total="61931520" percent="0" />
      <mem type="survivor" free="0" total="6881280" percent="0" />
    </mem>
    <mem type="tenure" free="2069240" total="20185088" percent="10">
      <mem type="soa" free="1867512" total="19983360" percent="9" />
      <mem type="loa" free="201728" total="201728" percent="100" />
    </mem>
    <remembered-set count="131" />
  </mem-info>
</gc-start>
<allocation-stats totalBytes="61892312" >
  <allocated-bytes non-tlh="16" tlh="61892296" />
  <largest-consumer threadName="main" threadId="0000000001367F00" bytes="61892312" />
</allocation-stats>
<gc-op id="3036" type="scavenge" timems="1.050" contextid="3033" timestamp="2019-08-09T17:55:32.002">
  <scavenger-info tenureage="3" tenuremask="ffe8" tiltratio="90" />
  <memory-copied type="nursery" objects="58" bytes="1584" bytesdiscarded="30672" />
  <memory-copied type="tenure" objects="38" bytes="1072" bytesdiscarded="0" />
</gc-op>
<gc-end id="3037" type="scavenge" contextid="3033" durationms="1.433" usertimems="2.749" systemtimems="0.000" timestamp="2019-08-09T17:55:32.002" activeThreads="16">
  <mem-info id="3038" free="63968504" total="88997888" percent="71">
    <mem type="nursery" free="61899264" total="68812800" percent="89">
      <mem type="allocate" free="61899264" total="61931520" percent="99" />
      <mem type="survivor" free="0" total="6881280" percent="0" />
    </mem>
    <mem type="tenure" free="2069240" total="20185088" percent="10" macro-fragmented="1800196">
      <mem type="soa" free="1867512" total="19983360" percent="9" />
      <mem type="loa" free="201728" total="201728" percent="100" />
    </mem>
    <remembered-set count="121" />
  </mem-info>
</gc-end>
<cycle-end id="3039" type="scavenge" contextid="3033" timestamp="2019-08-09T17:55:32.002" />
  <attribute name="elasticGC enabled" value="1" />
  <attribute name= "numThreadsSpecified" value="16" />
  <attribute name="heapSize specified" value="47316992" />
  <attribute name="Current GC Util" value="1" />
  <attribute name= "Current Time Running" value="137934" />
  <attribute name ="GC Interval" value="2473" />
  <attribute name="Target GC Util Change" value ="80.000000" />
  <attribute name="Current GC Util Change" value="1.000000"/>
  <attribute name="Current Error" value="399.000000" />
  <attribute name="Output H" value="89074032"/>
  <attribute name="Output I" value="2472"/>
  <attribute name="Output T" value="16"/>
  <attribute name= "Current Time Running" value="137934" />
  <attribute name="GC Util currently" value="1" />
  <attribute name="CPU Util currently" value="5685959571" />
<allocation-satisfied id="3040" threadId="0000000001367F00" bytesRequested="24" />
<af-end id="3041" timestamp="2019-08-09T17:55:32.002" threadId="0000000001368888" success="true" from="nursery"/>
<exclusive-end id="3042" timestamp="2019-08-09T17:55:32.002" durationms="1.797" />

<exclusive-start id="3043" timestamp="2019-08-09T17:55:32.385" intervalms="384.572">
  <response-info timems="0.023" idlems="0.023" threads="0" lastid="0000000001367F00" lastname="main" />
</exclusive-start>
<af-start id="3044" threadId="0000000001368888" totalBytesRequested="32" timestamp="2019-08-09T17:55:32.385" intervalms="384.445" type="nursery" />
<cycle-start id="3045" type="scavenge" contextid="0" timestamp="2019-08-09T17:55:32.385" intervalms="384.448" />
<gc-start id="3046" type="scavenge" contextid="3045" timestamp="2019-08-09T17:55:32.385">
  <mem-info id="3047" free="2069240" total="88997888" percent="2">
    <mem type="nursery" free="0" total="68812800" percent="0">
      <mem type="allocate" free="0" total="61931520" percent="0" />
      <mem type="survivor" free="0" total="6881280" percent="0" />
    </mem>
    <mem type="tenure" free="2069240" total="20185088" percent="10">
      <mem type="soa" free="1867512" total="19983360" percent="9" />
      <mem type="loa" free="201728" total="201728" percent="100" />
    </mem>
    <remembered-set count="123" />
  </mem-info>
</gc-start>
<allocation-stats totalBytes="61894040" >
  <allocated-bytes non-tlh="24" tlh="61894016" />
  <largest-consumer threadName="main" threadId="0000000001367F00" bytes="61894040" />
</allocation-stats>
<gc-op id="3048" type="scavenge" timems="0.974" contextid="3045" timestamp="2019-08-09T17:55:32.386">
  <scavenger-info tenureage="3" tenuremask="ffe8" tiltratio="90" />
  <memory-copied type="nursery" objects="43" bytes="1176" bytesdiscarded="31080" />
  <memory-copied type="tenure" objects="15" bytes="368" bytesdiscarded="0" />
</gc-op>
<gc-end id="3049" type="scavenge" contextid="3045" durationms="1.423" usertimems="1.858" systemtimems="0.000" timestamp="2019-08-09T17:55:32.387" activeThreads="16">
  <mem-info id="3050" free="63968504" total="88997888" percent="71">
    <mem type="nursery" free="61899264" total="68812800" percent="89">
      <mem type="allocate" free="61899264" total="61931520" percent="99" />
      <mem type="survivor" free="0" total="6881280" percent="0" />
    </mem>
    <mem type="tenure" free="2069240" total="20185088" percent="10" macro-fragmented="0">
      <mem type="soa" free="1867512" total="19983360" percent="9" />
      <mem type="loa" free="201728" total="201728" percent="100" />
    </mem>
    <remembered-set count="118" />
  </mem-info>
</gc-end>
<cycle-end id="3051" type="scavenge" contextid="3045" timestamp="2019-08-09T17:55:32.387" />
  <attribute name="elasticGC enabled" value="1" />
  <attribute name= "numThreadsSpecified" value="16" />
  <attribute name="heapSize specified" value="47316992" />
  <attribute name="Current GC Util" value="0" />
  <attribute name= "Current Time Running" value="138319" />
  <attribute name ="GC Interval" value="2569" />
  <attribute name="Target GC Util Change" value ="80.000000" />
  <attribute name="Current GC Util Change" value="0.000000"/>
  <attribute name="Current Error" value="479.000000" />
  <attribute name="Output H" value="89074128"/>
  <attribute name="Output I" value="2568"/>
  <attribute name="Output T" value="16"/>
  <attribute name= "Current Time Running" value="138319" />
  <attribute name="GC Util currently" value="0" />
  <attribute name="CPU Util currently" value="2999192418" />
<allocation-satisfied id="3052" threadId="0000000001367F00" bytesRequested="32" />
<af-end id="3053" timestamp="2019-08-09T17:55:32.387" threadId="0000000001368888" success="true" from="nursery"/>
<exclusive-end id="3054" timestamp="2019-08-09T17:55:32.387" durationms="1.770" />

<exclusive-start id="3055" timestamp="2019-08-09T17:55:34.997" intervalms="2611.722">
  <response-info timems="0.186" idlems="0.186" threads="0" lastid="0000000001367F00" lastname="main" />
</exclusive-start>
<af-start id="3056" threadId="0000000001368888" totalBytesRequested="16" timestamp="2019-08-09T17:55:34.997" intervalms="2611.716" type="nursery" />
<cycle-start id="3057" type="scavenge" contextid="0" timestamp="2019-08-09T17:55:34.997" intervalms="2611.708" />
<gc-start id="3058" type="scavenge" contextid="3057" timestamp="2019-08-09T17:55:34.997">
  <mem-info id="3059" free="2069240" total="88997888" percent="2">
    <mem type="nursery" free="0" total="68812800" percent="0">
      <mem type="allocate" free="0" total="61931520" percent="0" />
      <mem type="survivor" free="0" total="6881280" percent="0" />
    </mem>
    <mem type="tenure" free="2069240" total="20185088" percent="10">
      <mem type="soa" free="1867512" total="19983360" percent="9" />
      <mem type="loa" free="201728" total="201728" percent="100" />
    </mem>
    <remembered-set count="131" />
  </mem-info>
</gc-start>
<allocation-stats totalBytes="61895192" >
  <allocated-bytes non-tlh="32" tlh="61895160" />
  <largest-consumer threadName="main" threadId="0000000001367F00" bytes="61895192" />
</allocation-stats>
<gc-op id="3060" type="scavenge" timems="4.948" contextid="3057" timestamp="2019-08-09T17:55:35.002">
  <scavenger-info tenureage="3" tenuremask="ffe8" tiltratio="90" />
  <memory-copied type="nursery" objects="81" bytes="2048" bytesdiscarded="61696" />
  <memory-copied type="tenure" objects="7" bytes="160" bytesdiscarded="0" />
  <references type="weak" candidates="2" cleared="0" enqueued="0" />
</gc-op>
<gc-end id="3061" type="scavenge" contextid="3057" durationms="5.537" usertimems="18.436" systemtimems="0.000" timestamp="2019-08-09T17:55:35.003" activeThreads="16">
  <mem-info id="3062" free="63937016" total="88997888" percent="71">
    <mem type="nursery" free="61867776" total="68812800" percent="89">
      <mem type="allocate" free="61867776" total="61931520" percent="99" />
      <mem type="survivor" free="0" total="6881280" percent="0" />
    </mem>
    <mem type="tenure" free="2069240" total="20185088" percent="10" macro-fragmented="868149">
      <mem type="soa" free="1867512" total="19983360" percent="9" />
      <mem type="loa" free="201728" total="201728" percent="100" />
    </mem>
    <remembered-set count="129" />
  </mem-info>
</gc-end>
<cycle-end id="3063" type="scavenge" contextid="3057" timestamp="2019-08-09T17:55:35.003" />
  <attribute name="elasticGC enabled" value="1" />
  <attribute name= "numThreadsSpecified" value="16" />
  <attribute name="heapSize specified" value="47316992" />
  <attribute name="Current GC Util" value="0" />
  <attribute name= "Current Time Running" value="140930" />
  <attribute name ="GC Interval" value="2105" />
  <attribute name="Target GC Util Change" value ="80.000000" />
  <attribute name="Current GC Util Change" value="0.000000"/>
  <attribute name="Current Error" value="80.000000" />
  <attribute name="Output H" value="89073664"/>
  <attribute name="Output I" value="2104"/>
  <attribute name="Output T" value="16"/>
  <attribute name= "Current Time Running" value="140930" />
  <attribute name="GC Util currently" value="0" />
  <attribute name="CPU Util currently" value="24" />
<allocation-satisfied id="3064" threadId="0000000001367F00" bytesRequested="16" />
<af-end id="3065" timestamp="2019-08-09T17:55:35.003" threadId="0000000001368888" success="true" from="nursery"/>
<exclusive-end id="3066" timestamp="2019-08-09T17:55:35.003" durationms="5.890" />

<exclusive-start id="3067" timestamp="2019-08-09T17:55:35.287" intervalms="289.528">
  <response-info timems="0.075" idlems="0.075" threads="0" lastid="0000000001367F00" lastname="main" />
</exclusive-start>
<af-start id="3068" threadId="0000000001368888" totalBytesRequested="48" timestamp="2019-08-09T17:55:35.287" intervalms="289.539" type="nursery" />
<cycle-start id="3069" type="scavenge" contextid="0" timestamp="2019-08-09T17:55:35.287" intervalms="289.546" />
<gc-start id="3070" type="scavenge" contextid="3069" timestamp="2019-08-09T17:55:35.287">
  <mem-info id="3071" free="2069240" total="88997888" percent="2">
    <mem type="nursery" free="0" total="68812800" percent="0">
      <mem type="allocate" free="0" total="61931520" percent="0" />
      <mem type="survivor" free="0" total="6881280" percent="0" />
    </mem>
    <mem type="tenure" free="2069240" total="20185088" percent="10">
      <mem type="soa" free="1867512" total="19983360" percent="9" />
      <mem type="loa" free="201728" total="201728" percent="100" />
    </mem>
    <remembered-set count="131" />
  </mem-info>
</gc-start>
<allocation-stats totalBytes="61863296" >
  <allocated-bytes non-tlh="16" tlh="61863280" />
  <largest-consumer threadName="main" threadId="0000000001367F00" bytes="61863296" />
</allocation-stats>
<gc-op id="3072" type="scavenge" timems="2.315" contextid="3069" timestamp="2019-08-09T17:55:35.289">
  <scavenger-info tenureage="3" tenuremask="ffe8" tiltratio="90" />
  <memory-copied type="nursery" objects="84" bytes="2144" bytesdiscarded="37792" />
  <memory-copied type="tenure" objects="14" bytes="320" bytesdiscarded="0" />
  <references type="weak" candidates="2" cleared="0" enqueued="0" />
</gc-op>
<gc-end id="3073" type="scavenge" contextid="3069" durationms="2.802" usertimems="7.657" systemtimems="0.000" timestamp="2019-08-09T17:55:35.289" activeThreads="16">
  <mem-info id="3074" free="63960824" total="88997888" percent="71">
    <mem type="nursery" free="61891584" total="68812800" percent="89">
      <mem type="allocate" free="61891584" total="61931520" percent="99" />
      <mem type="survivor" free="0" total="6881280" percent="0" />
    </mem>
    <mem type="tenure" free="2069240" total="20185088" percent="10" macro-fragmented="1500163">
      <mem type="soa" free="1867512" total="19983360" percent="9" />
      <mem type="loa" free="201728" total="201728" percent="100" />
    </mem>
    <remembered-set count="127" />
  </mem-info>
</gc-end>
<cycle-end id="3075" type="scavenge" contextid="3069" timestamp="2019-08-09T17:55:35.290" />
  <attribute name="elasticGC enabled" value="1" />
  <attribute name= "numThreadsSpecified" value="16" />
  <attribute name="heapSize specified" value="47316992" />
  <attribute name="Current GC Util" value="3" />
  <attribute name= "Current Time Running" value="141220" />
  <attribute name ="GC Interval" value="2193" />
  <attribute name="Target GC Util Change" value ="80.000000" />
  <attribute name="Current GC Util Change" value="3.000000"/>
  <attribute name="Current Error" value="157.000000" />
  <attribute name="Output H" value="89073752"/>
  <attribute name="Output I" value="2192"/>
  <attribute name="Output T" value="16"/>
  <attribute name= "Current Time Running" value="141220" />
  <attribute name="GC Util currently" value="3" />
  <attribute name="CPU Util currently" value="3981060016" />
<allocation-satisfied id="3076" threadId="0000000001367F00" bytesRequested="48" />
<af-end id="3077" timestamp="2019-08-09T17:55:35.290" threadId="0000000001368888" success="true" from="nursery"/>
<exclusive-end id="3078" timestamp="2019-08-09T17:55:35.290" durationms="3.097" />

<exclusive-start id="3079" timestamp="2019-08-09T17:55:35.810" intervalms="523.202">
  <response-info timems="0.181" idlems="0.181" threads="0" lastid="0000000001367F00" lastname="main" />
</exclusive-start>
<af-start id="3080" threadId="0000000001368888" totalBytesRequested="32" timestamp="2019-08-09T17:55:35.810" intervalms="523.197" type="nursery" />
<cycle-start id="3081" type="scavenge" contextid="0" timestamp="2019-08-09T17:55:35.810" intervalms="523.195" />
<gc-start id="3082" type="scavenge" contextid="3081" timestamp="2019-08-09T17:55:35.810">
  <mem-info id="3083" free="2069240" total="88997888" percent="2">
    <mem type="nursery" free="0" total="68812800" percent="0">
      <mem type="allocate" free="0" total="61931520" percent="0" />
      <mem type="survivor" free="0" total="6881280" percent="0" />
    </mem>
    <mem type="tenure" free="2069240" total="20185088" percent="10">
      <mem type="soa" free="1867512" total="19983360" percent="9" />
      <mem type="loa" free="201728" total="201728" percent="100" />
    </mem>
    <remembered-set count="129" />
  </mem-info>
</gc-start>
<allocation-stats totalBytes="61887120" >
  <allocated-bytes non-tlh="48" tlh="61887072" />
  <largest-consumer threadName="main" threadId="0000000001367F00" bytes="61887120" />
</allocation-stats>
<gc-op id="3084" type="scavenge" timems="2.245" contextid="3081" timestamp="2019-08-09T17:55:35.812">
  <scavenger-info tenureage="3" tenuremask="ffe8" tiltratio="90" />
  <memory-copied type="nursery" objects="79" bytes="2064" bytesdiscarded="61680" />
  <memory-copied type="tenure" objects="7" bytes="160" bytesdiscarded="0" />
  <references type="weak" candidates="4" cleared="0" enqueued="0" />
</gc-op>
<gc-end id="3085" type="scavenge" contextid="3081" durationms="2.783" usertimems="6.546" systemtimems="0.000" timestamp="2019-08-09T17:55:35.813" activeThreads="16">
  <mem-info id="3086" free="63937016" total="88997888" percent="71">
    <mem type="nursery" free="61867776" total="68812800" percent="89">
      <mem type="allocate" free="61867776" total="61931520" percent="99" />
      <mem type="survivor" free="0" total="6881280" percent="0" />
    </mem>
    <mem type="tenure" free="2069240" total="20185088" percent="10" macro-fragmented="0">
      <mem type="soa" free="1867512" total="19983360" percent="9" />
      <mem type="loa" free="201728" total="201728" percent="100" />
    </mem>
    <remembered-set count="127" />
  </mem-info>
</gc-end>
<cycle-end id="3087" type="scavenge" contextid="3081" timestamp="2019-08-09T17:55:35.813" />
  <attribute name="elasticGC enabled" value="1" />
  <attribute name= "numThreadsSpecified" value="16" />
  <attribute name="heapSize specified" value="47316992" />
  <attribute name="Current GC Util" value="0" />
  <attribute name= "Current Time Running" value="141743" />
  <attribute name ="GC Interval" value="2289" />
  <attribute name="Target GC Util Change" value ="80.000000" />
  <attribute name="Current GC Util Change" value="0.000000"/>
  <attribute name="Current Error" value="237.000000" />
  <attribute name="Output H" value="89073848"/>
  <attribute name="Output I" value="2288"/>
  <attribute name="Output T" value="16"/>
  <attribute name= "Current Time Running" value="141743" />
  <attribute name="GC Util currently" value="0" />
  <attribute name="CPU Util currently" value="2203680274" />
<allocation-satisfied id="3088" threadId="0000000001367F00" bytesRequested="32" />
<af-end id="3089" timestamp="2019-08-09T17:55:35.813" threadId="0000000001368888" success="true" from="nursery"/>
<exclusive-end id="3090" timestamp="2019-08-09T17:55:35.813" durationms="3.199" />

<exclusive-start id="3091" timestamp="2019-08-09T17:55:37.335" intervalms="1525.200">
  <response-info timems="0.120" idlems="0.120" threads="0" lastid="0000000001367F00" lastname="main" />
</exclusive-start>
<af-start id="3092" threadId="0000000001368888" totalBytesRequested="520" timestamp="2019-08-09T17:55:37.335" intervalms="1525.201" type="nursery" />
<cycle-start id="3093" type="scavenge" contextid="0" timestamp="2019-08-09T17:55:37.335" intervalms="1525.202" />
<gc-start id="3094" type="scavenge" contextid="3093" timestamp="2019-08-09T17:55:37.335">
  <mem-info id="3095" free="2068880" total="88997888" percent="2">
    <mem type="nursery" free="0" total="68812800" percent="0">
      <mem type="allocate" free="0" total="61931520" percent="0" />
      <mem type="survivor" free="0" total="6881280" percent="0" />
    </mem>
    <mem type="tenure" free="2068880" total="20185088" percent="10">
      <mem type="soa" free="1867152" total="19983360" percent="9" />
      <mem type="loa" free="201728" total="201728" percent="100" />
    </mem>
    <remembered-set count="139" />
  </mem-info>
</gc-start>
<allocation-stats totalBytes="61842880" >
  <allocated-bytes non-tlh="392" tlh="61842488" />
  <largest-consumer threadName="main" threadId="0000000001367F00" bytes="61842880" />
</allocation-stats>
<gc-op id="3096" type="scavenge" timems="1.259" contextid="3093" timestamp="2019-08-09T17:55:37.336">
  <scavenger-info tenureage="3" tenuremask="ffe8" tiltratio="90" />
  <memory-copied type="nursery" objects="70" bytes="2608" bytesdiscarded="53456" />
  <memory-copied type="tenure" objects="44" bytes="1024" bytesdiscarded="0" />
  <references type="weak" candidates="6" cleared="0" enqueued="0" />
</gc-op>
<gc-end id="3097" type="scavenge" contextid="3093" durationms="1.684" usertimems="5.424" systemtimems="0.000" timestamp="2019-08-09T17:55:37.337" activeThreads="16">
  <mem-info id="3098" free="63944336" total="88997888" percent="71">
    <mem type="nursery" free="61875456" total="68812800" percent="89">
      <mem type="allocate" free="61875456" total="61931520" percent="99" />
      <mem type="survivor" free="0" total="6881280" percent="0" />
    </mem>
    <mem type="tenure" free="2068880" total="20185088" percent="10" macro-fragmented="868149">
      <mem type="soa" free="1867152" total="19983360" percent="9" />
      <mem type="loa" free="201728" total="201728" percent="100" />
    </mem>
    <remembered-set count="127" />
  </mem-info>
</gc-end>
<cycle-end id="3099" type="scavenge" contextid="3093" timestamp="2019-08-09T17:55:37.337" />
  <attribute name="elasticGC enabled" value="1" />
  <attribute name= "numThreadsSpecified" value="16" />
  <attribute name="heapSize specified" value="47316992" />
  <attribute name="Current GC Util" value="0" />
  <attribute name= "Current Time Running" value="143268" />
  <attribute name ="GC Interval" value="2377" />
  <attribute name="Target GC Util Change" value ="80.000000" />
  <attribute name="Current GC Util Change" value="0.000000"/>
  <attribute name="Current Error" value="317.000000" />
  <attribute name="Output H" value="89073936"/>
  <attribute name="Output I" value="2376"/>
  <attribute name="Output T" value="16"/>
  <attribute name= "Current Time Running" value="143268" />
  <attribute name="GC Util currently" value="0" />
  <attribute name="CPU Util currently" value="21" />
<allocation-satisfied id="3100" threadId="0000000001367F00" bytesRequested="520" />
<af-end id="3101" timestamp="2019-08-09T17:55:37.337" threadId="0000000001368888" success="true" from="nursery"/>
<exclusive-end id="3102" timestamp="2019-08-09T17:55:37.337" durationms="2.110" />

<exclusive-start id="3103" timestamp="2019-08-09T17:55:37.806" intervalms="471.531">
  <response-info timems="0.148" idlems="0.148" threads="0" lastid="0000000001367F00" lastname="main" />
</exclusive-start>
<af-start id="3104" threadId="0000000001368888" totalBytesRequested="32" timestamp="2019-08-09T17:55:37.807" intervalms="471.524" type="nursery" />
<cycle-start id="3105" type="scavenge" contextid="0" timestamp="2019-08-09T17:55:37.807" intervalms="471.556" />
<gc-start id="3106" type="scavenge" contextid="3105" timestamp="2019-08-09T17:55:37.807">
  <mem-info id="3107" free="2068880" total="88997888" percent="2">
    <mem type="nursery" free="0" total="68812800" percent="0">
      <mem type="allocate" free="0" total="61931520" percent="0" />
      <mem type="survivor" free="0" total="6881280" percent="0" />
    </mem>
    <mem type="tenure" free="2068880" total="20185088" percent="10">
      <mem type="soa" free="1867152" total="19983360" percent="9" />
      <mem type="loa" free="201728" total="201728" percent="100" />
    </mem>
    <remembered-set count="129" />
  </mem-info>
</gc-start>
<allocation-stats totalBytes="61853808" >
  <allocated-bytes non-tlh="520" tlh="61853288" />
  <largest-consumer threadName="main" threadId="0000000001367F00" bytes="61853808" />
</allocation-stats>
<gc-op id="3108" type="scavenge" timems="1.034" contextid="3105" timestamp="2019-08-09T17:55:37.808">
  <scavenger-info tenureage="3" tenuremask="ffe8" tiltratio="90" />
  <memory-copied type="nursery" objects="74" bytes="2056" bytesdiscarded="61688" />
  <memory-copied type="tenure" objects="7" bytes="160" bytesdiscarded="0" />
  <references type="weak" candidates="20" cleared="0" enqueued="0" />
</gc-op>
<gc-end id="3109" type="scavenge" contextid="3105" durationms="1.516" usertimems="4.348" systemtimems="0.000" timestamp="2019-08-09T17:55:37.808" activeThreads="16">
  <mem-info id="3110" free="63936656" total="88997888" percent="71">
    <mem type="nursery" free="61867776" total="68812800" percent="89">
      <mem type="allocate" free="61867776" total="61931520" percent="99" />
      <mem type="survivor" free="0" total="6881280" percent="0" />
    </mem>
    <mem type="tenure" free="2068880" total="20185088" percent="10" macro-fragmented="1500163">
      <mem type="soa" free="1867152" total="19983360" percent="9" />
      <mem type="loa" free="201728" total="201728" percent="100" />
    </mem>
    <remembered-set count="127" />
  </mem-info>
</gc-end>
<cycle-end id="3111" type="scavenge" contextid="3105" timestamp="2019-08-09T17:55:37.808" />
  <attribute name="elasticGC enabled" value="1" />
  <attribute name= "numThreadsSpecified" value="16" />
  <attribute name="heapSize specified" value="47316992" />
  <attribute name="Current GC Util" value="0" />
  <attribute name= "Current Time Running" value="143740" />
  <attribute name ="GC Interval" value="2473" />
  <attribute name="Target GC Util Change" value ="80.000000" />
  <attribute name="Current GC Util Change" value="0.000000"/>
  <attribute name="Current Error" value="397.000000" />
  <attribute name="Output H" value="89074032"/>
  <attribute name="Output I" value="2472"/>
  <attribute name="Output T" value="16"/>
  <attribute name= "Current Time Running" value="143740" />
  <attribute name="GC Util currently" value="0" />
  <attribute name="CPU Util currently" value="2444372663" />
<allocation-satisfied id="3112" threadId="0000000001367F00" bytesRequested="32" />
<af-end id="3113" timestamp="2019-08-09T17:55:37.808" threadId="0000000001368888" success="true" from="nursery"/>
<exclusive-end id="3114" timestamp="2019-08-09T17:55:37.808" durationms="1.803" />

<exclusive-start id="3115" timestamp="2019-08-09T17:55:37.855" intervalms="48.664">
  <response-info timems="0.334" idlems="0.334" threads="0" lastid="0000000001367F00" lastname="main" />
</exclusive-start>
<af-start id="3116" threadId="0000000001368888" totalBytesRequested="16" timestamp="2019-08-09T17:55:37.855" intervalms="48.655" type="nursery" />
<cycle-start id="3117" type="scavenge" contextid="0" timestamp="2019-08-09T17:55:37.855" intervalms="48.619" />
<gc-start id="3118" type="scavenge" contextid="3117" timestamp="2019-08-09T17:55:37.855">
  <mem-info id="3119" free="2068880" total="88997888" percent="2">
    <mem type="nursery" free="0" total="68812800" percent="0">
      <mem type="allocate" free="0" total="61931520" percent="0" />
      <mem type="survivor" free="0" total="6881280" percent="0" />
    </mem>
    <mem type="tenure" free="2068880" total="20185088" percent="10">
      <mem type="soa" free="1867152" total="19983360" percent="9" />
      <mem type="loa" free="201728" total="201728" percent="100" />
    </mem>
    <remembered-set count="129" />
  </mem-info>
</gc-start>
<allocation-stats totalBytes="61772216" >
  <allocated-bytes non-tlh="32" tlh="61772184" />
  <largest-consumer threadName="main" threadId="0000000001367F00" bytes="61772216" />
</allocation-stats>
<gc-op id="3120" type="scavenge" timems="1.215" contextid="3117" timestamp="2019-08-09T17:55:37.857">
  <scavenger-info tenureage="3" tenuremask="ffe8" tiltratio="90" />
  <memory-copied type="nursery" objects="73" bytes="3128" bytesdiscarded="76744" />
  <memory-copied type="tenure" objects="9" bytes="224" bytesdiscarded="0" />
  <references type="weak" candidates="18" cleared="0" enqueued="0" />
</gc-op>
<gc-end id="3121" type="scavenge" contextid="3117" durationms="1.787" usertimems="5.995" systemtimems="0.000" timestamp="2019-08-09T17:55:37.857" activeThreads="16">
  <mem-info id="3122" free="63904400" total="88997888" percent="71">
    <mem type="nursery" free="61851648" total="68812800" percent="89">
      <mem type="allocate" free="61851648" total="61931520" percent="99" />
      <mem type="survivor" free="0" total="6881280" percent="0" />
    </mem>
    <mem type="tenure" free="2052752" total="20185088" percent="10" macro-fragmented="1500163">
      <mem type="soa" free="1851024" total="19983360" percent="9" />
      <mem type="loa" free="201728" total="201728" percent="100" />
    </mem>
    <remembered-set count="124" />
  </mem-info>
</gc-end>
<cycle-end id="3123" type="scavenge" contextid="3117" timestamp="2019-08-09T17:55:37.857" />
  <attribute name="elasticGC enabled" value="1" />
  <attribute name= "numThreadsSpecified" value="16" />
  <attribute name="heapSize specified" value="47316992" />
  <attribute name="Current GC Util" value="3" />
  <attribute name= "Current Time Running" value="143788" />
  <attribute name ="GC Interval" value="2561" />
  <attribute name="Target GC Util Change" value ="80.000000" />
  <attribute name="Current GC Util Change" value="3.000000"/>
  <attribute name="Current Error" value="474.000000" />
  <attribute name="Output H" value="89074120"/>
  <attribute name="Output I" value="2560"/>
  <attribute name="Output T" value="16"/>
  <attribute name= "Current Time Running" value="143788" />
  <attribute name="GC Util currently" value="3" />
  <attribute name="CPU Util currently" value="23744841063" />
<allocation-satisfied id="3124" threadId="0000000001367F00" bytesRequested="16" />
<af-end id="3125" timestamp="2019-08-09T17:55:37.857" threadId="0000000001368888" success="true" from="nursery"/>
<exclusive-end id="3126" timestamp="2019-08-09T17:55:37.857" durationms="2.062" />

<exclusive-start id="3127" timestamp="2019-08-09T17:55:37.895" intervalms="40.132">
  <response-info timems="0.147" idlems="0.147" threads="0" lastid="0000000001367F00" lastname="main" />
</exclusive-start>
<af-start id="3128" threadId="0000000001368888" totalBytesRequested="584" timestamp="2019-08-09T17:55:37.895" intervalms="40.140" type="nursery" />
<cycle-start id="3129" type="scavenge" contextid="0" timestamp="2019-08-09T17:55:37.895" intervalms="40.139" />
<gc-start id="3130" type="scavenge" contextid="3129" timestamp="2019-08-09T17:55:37.895">
  <mem-info id="3131" free="2052752" total="88997888" percent="2">
    <mem type="nursery" free="0" total="68812800" percent="0">
      <mem type="allocate" free="0" total="61931520" percent="0" />
      <mem type="survivor" free="0" total="6881280" percent="0" />
    </mem>
    <mem type="tenure" free="2052752" total="20185088" percent="10">
      <mem type="soa" free="1851024" total="19983360" percent="9" />
      <mem type="loa" free="201728" total="201728" percent="100" />
    </mem>
    <remembered-set count="124" />
  </mem-info>
</gc-start>
<allocation-stats totalBytes="61741520" >
  <allocated-bytes non-tlh="16" tlh="61741504" />
  <largest-consumer threadName="main" threadId="0000000001367F00" bytes="61741520" />
</allocation-stats>
<gc-op id="3132" type="scavenge" timems="1.550" contextid="3129" timestamp="2019-08-09T17:55:37.897">
  <scavenger-info tenureage="3" tenuremask="ffe8" tiltratio="90" />
  <memory-copied type="nursery" objects="46" bytes="1904" bytesdiscarded="61840" />
  <memory-copied type="tenure" objects="25" bytes="608" bytesdiscarded="0" />
  <references type="weak" candidates="14" cleared="0" enqueued="0" />
</gc-op>
<gc-end id="3133" type="scavenge" contextid="3129" durationms="1.971" usertimems="6.225" systemtimems="0.000" timestamp="2019-08-09T17:55:37.897" activeThreads="16">
  <mem-info id="3134" free="63920528" total="88997888" percent="71">
    <mem type="nursery" free="61867776" total="68812800" percent="89">
      <mem type="allocate" free="61867776" total="61931520" percent="99" />
      <mem type="survivor" free="0" total="6881280" percent="0" />
    </mem>
    <mem type="tenure" free="2052752" total="20185088" percent="10" macro-fragmented="0">
      <mem type="soa" free="1851024" total="19983360" percent="9" />
      <mem type="loa" free="201728" total="201728" percent="100" />
    </mem>
    <remembered-set count="118" />
  </mem-info>
</gc-end>
<cycle-end id="3135" type="scavenge" contextid="3129" timestamp="2019-08-09T17:55:37.897" />
  <attribute name="elasticGC enabled" value="1" />
  <attribute name= "numThreadsSpecified" value="16" />
  <attribute name="heapSize specified" value="47316992" />
  <attribute name="Current GC Util" value="4" />
  <attribute name= "Current Time Running" value="143829" />
  <attribute name ="GC Interval" value="2097" />
  <attribute name="Target GC Util Change" value ="80.000000" />
  <attribute name="Current GC Util Change" value="4.000000"/>
  <attribute name="Current Error" value="76.000000" />
  <attribute name="Output H" value="89073656"/>
  <attribute name="Output I" value="2096"/>
  <attribute name="Output T" value="16"/>
  <attribute name= "Current Time Running" value="143829" />
  <attribute name="GC Util currently" value="4" />
  <attribute name="CPU Util currently" value="28738049068" />
<allocation-satisfied id="3136" threadId="0000000001367F00" bytesRequested="584" />
<af-end id="3137" timestamp="2019-08-09T17:55:37.897" threadId="0000000001368888" success="true" from="nursery"/>
<exclusive-end id="3138" timestamp="2019-08-09T17:55:37.897" durationms="2.209" />

<exclusive-start id="3139" timestamp="2019-08-09T17:55:37.930" intervalms="34.376">
  <response-info timems="0.072" idlems="0.072" threads="0" lastid="0000000001367F00" lastname="main" />
</exclusive-start>
<af-start id="3140" threadId="0000000001368888" totalBytesRequested="32" timestamp="2019-08-09T17:55:37.930" intervalms="34.376" type="nursery" />
<cycle-start id="3141" type="scavenge" contextid="0" timestamp="2019-08-09T17:55:37.930" intervalms="34.381" />
<gc-start id="3142" type="scavenge" contextid="3141" timestamp="2019-08-09T17:55:37.930">
  <mem-info id="3143" free="2052752" total="88997888" percent="2">
    <mem type="nursery" free="0" total="68812800" percent="0">
      <mem type="allocate" free="0" total="61931520" percent="0" />
      <mem type="survivor" free="0" total="6881280" percent="0" />
    </mem>
    <mem type="tenure" free="2052752" total="20185088" percent="10">
      <mem type="soa" free="1851024" total="19983360" percent="9" />
      <mem type="loa" free="201728" total="201728" percent="100" />
    </mem>
    <remembered-set count="118" />
  </mem-info>
</gc-start>
<allocation-stats totalBytes="61757352" >
  <allocated-bytes non-tlh="584" tlh="61756768" />
  <largest-consumer threadName="main" threadId="0000000001367F00" bytes="61757352" />
</allocation-stats>
<gc-op id="3144" type="scavenge" timems="1.427" contextid="3141" timestamp="2019-08-09T17:55:37.931">
  <scavenger-info tenureage="3" tenuremask="ffe8" tiltratio="90" />
  <memory-copied type="nursery" objects="23" bytes="1248" bytesdiscarded="31008" />
  <memory-copied type="tenure" objects="21" bytes="608" bytesdiscarded="0" />
</gc-op>
<gc-end id="3145" type="scavenge" contextid="3141" durationms="2.366" usertimems="9.375" systemtimems="0.000" timestamp="2019-08-09T17:55:37.932" activeThreads="16">
  <mem-info id="3146" free="63919760" total="88997888" percent="71">
    <mem type="nursery" free="61899264" total="68812800" percent="89">
      <mem type="allocate" free="61899264" total="61931520" percent="99" />
      <mem type="survivor" free="0" total="6881280" percent="0" />
    </mem>
    <mem type="tenure" free="2020496" total="20185088" percent="10" macro-fragmented="0">
      <mem type="soa" free="1818768" total="19983360" percent="9" />
      <mem type="loa" free="201728" total="201728" percent="100" />
    </mem>
    <remembered-set count="115" />
  </mem-info>
</gc-end>
<cycle-end id="3147" type="scavenge" contextid="3141" timestamp="2019-08-09T17:55:37.932" />
  <attribute name="elasticGC enabled" value="1" />
  <attribute name= "numThreadsSpecified" value="16" />
  <attribute name="heapSize specified" value="47316992" />
  <attribute name="Current GC Util" value="7" />
  <attribute name= "Current Time Running" value="143863" />
  <attribute name ="GC Interval" value="2185" />
  <attribute name="Target GC Util Change" value ="80.000000" />
  <attribute name="Current GC Util Change" value="7.000000"/>
  <attribute name="Current Error" value="149.000000" />
  <attribute name="Output H" value="89073744"/>
  <attribute name="Output I" value="2184"/>
  <attribute name="Output T" value="16"/>
  <attribute name= "Current Time Running" value="143863" />
  <attribute name="GC Util currently" value="7" />
  <attribute name="CPU Util currently" value="33549353092" />
<allocation-satisfied id="3148" threadId="0000000001367F00" bytesRequested="32" />
<af-end id="3149" timestamp="2019-08-09T17:55:37.932" threadId="0000000001368888" success="true" from="nursery"/>
<exclusive-end id="3150" timestamp="2019-08-09T17:55:37.932" durationms="2.652" />

<exclusive-start id="3151" timestamp="2019-08-09T17:55:38.253" intervalms="323.031">
  <response-info timems="0.081" idlems="0.081" threads="0" lastid="0000000001367F00" lastname="main" />
</exclusive-start>
<af-start id="3152" threadId="0000000001368888" totalBytesRequested="16" timestamp="2019-08-09T17:55:38.253" intervalms="323.031" type="nursery" />
<cycle-start id="3153" type="scavenge" contextid="0" timestamp="2019-08-09T17:55:38.253" intervalms="323.025" />
<gc-start id="3154" type="scavenge" contextid="3153" timestamp="2019-08-09T17:55:38.253">
  <mem-info id="3155" free="2020496" total="88997888" percent="2">
    <mem type="nursery" free="0" total="68812800" percent="0">
      <mem type="allocate" free="0" total="61931520" percent="0" />
      <mem type="survivor" free="0" total="6881280" percent="0" />
    </mem>
    <mem type="tenure" free="2020496" total="20185088" percent="10">
      <mem type="soa" free="1818768" total="19983360" percent="9" />
      <mem type="loa" free="201728" total="201728" percent="100" />
    </mem>
    <remembered-set count="119" />
  </mem-info>
</gc-start>
<allocation-stats totalBytes="61822808" >
  <allocated-bytes non-tlh="32" tlh="61822776" />
  <largest-consumer threadName="main" threadId="0000000001367F00" bytes="61822808" />
</allocation-stats>
<gc-op id="3156" type="scavenge" timems="1.056" contextid="3153" timestamp="2019-08-09T17:55:38.254">
  <scavenger-info tenureage="3" tenuremask="ffe8" tiltratio="90" />
  <memory-copied type="nursery" objects="34" bytes="1416" bytesdiscarded="30840" />
  <memory-copied type="tenure" objects="7" bytes="160" bytesdiscarded="0" />
</gc-op>
<gc-end id="3157" type="scavenge" contextid="3153" durationms="1.485" usertimems="4.218" systemtimems="0.000" timestamp="2019-08-09T17:55:38.254" activeThreads="16">
  <mem-info id="3158" free="63919760" total="88997888" percent="71">
    <mem type="nursery" free="61899264" total="68812800" percent="89">
      <mem type="allocate" free="61899264" total="61931520" percent="99" />
      <mem type="survivor" free="0" total="6881280" percent="0" />
    </mem>
    <mem type="tenure" free="2020496" total="20185088" percent="10" macro-fragmented="1500163">
      <mem type="soa" free="1818768" total="19983360" percent="9" />
      <mem type="loa" free="201728" total="201728" percent="100" />
    </mem>
    <remembered-set count="117" />
  </mem-info>
</gc-end>
<cycle-end id="3159" type="scavenge" contextid="3153" timestamp="2019-08-09T17:55:38.254" />
  <attribute name="elasticGC enabled" value="1" />
  <attribute name= "numThreadsSpecified" value="16" />
  <attribute name="heapSize specified" value="47316992" />
  <attribute name="Current GC Util" value="0" />
  <attribute name= "Current Time Running" value="144186" />
  <attribute name ="GC Interval" value="2273" />
  <attribute name="Target GC Util Change" value ="80.000000" />
  <attribute name="Current GC Util Change" value="0.000000"/>
  <attribute name="Current Error" value="229.000000" />
  <attribute name="Output H" value="89073832"/>
  <attribute name="Output I" value="2272"/>
  <attribute name="Output T" value="16"/>
  <attribute name= "Current Time Running" value="144186" />
  <attribute name="GC Util currently" value="0" />
  <attribute name="CPU Util currently" value="3568710615" />
<allocation-satisfied id="3160" threadId="0000000001367F00" bytesRequested="16" />
<af-end id="3161" timestamp="2019-08-09T17:55:38.254" threadId="0000000001368888" success="true" from="nursery"/>
<exclusive-end id="3162" timestamp="2019-08-09T17:55:38.254" durationms="1.754" />

<exclusive-start id="3163" timestamp="2019-08-09T17:55:38.345" intervalms="92.094">
  <response-info timems="0.058" idlems="0.058" threads="0" lastid="0000000001367F00" lastname="main" />
</exclusive-start>
<af-start id="3164" threadId="0000000001368888" totalBytesRequested="208" timestamp="2019-08-09T17:55:38.345" intervalms="92.094" type="nursery" />
<cycle-start id="3165" type="scavenge" contextid="0" timestamp="2019-08-09T17:55:38.345" intervalms="92.097" />
<gc-start id="3166" type="scavenge" contextid="3165" timestamp="2019-08-09T17:55:38.345">
  <mem-info id="3167" free="2020496" total="88997888" percent="2">
    <mem type="nursery" free="0" total="68812800" percent="0">
      <mem type="allocate" free="0" total="61931520" percent="0" />
      <mem type="survivor" free="0" total="6881280" percent="0" />
    </mem>
    <mem type="tenure" free="2020496" total="20185088" percent="10">
      <mem type="soa" free="1818768" total="19983360" percent="9" />
      <mem type="loa" free="201728" total="201728" percent="100" />
    </mem>
    <remembered-set count="119" />
  </mem-info>
</gc-start>
<allocation-stats totalBytes="61850448" >
  <allocated-bytes non-tlh="16" tlh="61850432" />
  <largest-consumer threadName="main" threadId="0000000001367F00" bytes="61850448" />
</allocation-stats>
<gc-op id="3168" type="scavenge" timems="1.407" contextid="3165" timestamp="2019-08-09T17:55:38.346">
  <scavenger-info tenureage="3" tenuremask="ffe8" tiltratio="90" />
  <memory-copied type="nursery" objects="44" bytes="1696" bytesdiscarded="30560" />
</gc-op>
<gc-end id="3169" type="scavenge" contextid="3165" durationms="1.734" usertimems="5.291" systemtimems="0.000" timestamp="2019-08-09T17:55:38.347" activeThreads="16">
  <mem-info id="3170" free="63919760" total="88997888" percent="71">
    <mem type="nursery" free="61899264" total="68812800" percent="89">
      <mem type="allocate" free="61899264" total="61931520" percent="99" />
      <mem type="survivor" free="0" total="6881280" percent="0" />
    </mem>
    <mem type="tenure" free="2020496" total="20185088" percent="10" macro-fragmented="1800196">
      <mem type="soa" free="1818768" total="19983360" percent="9" />
      <mem type="loa" free="201728" total="201728" percent="100" />
    </mem>
    <remembered-set count="116" />
  </mem-info>
</gc-end>
<cycle-end id="3171" type="scavenge" contextid="3165" timestamp="2019-08-09T17:55:38.347" />
  <attribute name="elasticGC enabled" value="1" />
  <attribute name= "numThreadsSpecified" value="16" />
  <attribute name="heapSize specified" value="47316992" />
  <attribute name="Current GC Util" value="2" />
  <attribute name= "Current Time Running" value="144278" />
  <attribute name ="GC Interval" value="2369" />
  <attribute name="Target GC Util Change" value ="80.000000" />
  <attribute name="Current GC Util Change" value="2.000000"/>
  <attribute name="Current Error" value="307.000000" />
  <attribute name="Output H" value="89073928"/>
  <attribute name="Output I" value="2368"/>
  <attribute name="Output T" value="16"/>
  <attribute name= "Current Time Running" value="144278" />
  <attribute name="GC Util currently" value="2" />
  <attribute name="CPU Util currently" value="12525921347" />
<allocation-satisfied id="3172" threadId="0000000001367F00" bytesRequested="208" />
<af-end id="3173" timestamp="2019-08-09T17:55:38.347" threadId="0000000001368888" success="true" from="nursery"/>
<exclusive-end id="3174" timestamp="2019-08-09T17:55:38.347" durationms="2.129" />

<exclusive-start id="3175" timestamp="2019-08-09T17:55:39.022" intervalms="677.415">
  <response-info timems="0.116" idlems="0.116" threads="0" lastid="0000000001367F00" lastname="main" />
</exclusive-start>
<af-start id="3176" threadId="0000000001368888" totalBytesRequested="1016" timestamp="2019-08-09T17:55:39.022" intervalms="677.405" type="nursery" />
<cycle-start id="3177" type="scavenge" contextid="0" timestamp="2019-08-09T17:55:39.022" intervalms="677.403" />
<gc-start id="3178" type="scavenge" contextid="3177" timestamp="2019-08-09T17:55:39.022">
  <mem-info id="3179" free="2015600" total="88997888" percent="2">
    <mem type="nursery" free="0" total="68812800" percent="0">
      <mem type="allocate" free="0" total="61931520" percent="0" />
      <mem type="survivor" free="0" total="6881280" percent="0" />
    </mem>
    <mem type="tenure" free="2015600" total="20185088" percent="9">
      <mem type="soa" free="1813872" total="19983360" percent="9" />
      <mem type="loa" free="201728" total="201728" percent="100" />
    </mem>
    <remembered-set count="332" />
  </mem-info>
</gc-start>
<allocation-stats totalBytes="61834856" >
  <allocated-bytes non-tlh="5104" tlh="61829752" />
  <largest-consumer threadName="main" threadId="0000000001367F00" bytes="61834856" />
</allocation-stats>
<gc-op id="3180" type="scavenge" timems="2.852" contextid="3177" timestamp="2019-08-09T17:55:39.025">
  <scavenger-info tenureage="14" tenuremask="c000" tiltratio="90" />
  <memory-copied type="nursery" objects="980" bytes="50904" bytesdiscarded="5424" />
  <references type="soft" candidates="16" cleared="0" enqueued="0" dynamicThreshold="3" maxThreshold="32" />
  <references type="weak" candidates="64" cleared="18" enqueued="11" />
</gc-op>
<gc-end id="3181" type="scavenge" contextid="3177" durationms="3.190" usertimems="6.609" systemtimems="0.000" timestamp="2019-08-09T17:55:39.025" activeThreads="16">
  <mem-info id="3182" free="63890792" total="88997888" percent="71">
    <mem type="nursery" free="61875192" total="68812800" percent="89">
      <mem type="allocate" free="61875192" total="61931520" percent="99" />
      <mem type="survivor" free="0" total="6881280" percent="0" />
    </mem>
    <mem type="tenure" free="2015600" total="20185088" percent="9" macro-fragmented="1500163">
      <mem type="soa" free="1813872" total="19983360" percent="9" />
      <mem type="loa" free="201728" total="201728" percent="100" />
    </mem>
    <pending-finalizers system="0" default="0" reference="11" classloader="0" />
    <remembered-set count="218" />
  </mem-info>
</gc-end>
<cycle-end id="3183" type="scavenge" contextid="3177" timestamp="2019-08-09T17:55:39.026" />
  <attribute name="elasticGC enabled" value="1" />
  <attribute name= "numThreadsSpecified" value="16" />
  <attribute name="heapSize specified" value="47316992" />
  <attribute name="Current GC Util" value="0" />
  <attribute name= "Current Time Running" value="144955" />
  <attribute name ="GC Interval" value="2457" />
  <attribute name="Target GC Util Change" value ="80.000000" />
  <attribute name="Current GC Util Change" value="0.000000"/>
  <attribute name="Current Error" value="387.000000" />
  <attribute name="Output H" value="89074016"/>
  <attribute name="Output I" value="2456"/>
  <attribute name="Output T" value="16"/>
  <attribute name= "Current Time Running" value="144955" />
  <attribute name="GC Util currently" value="0" />
  <attribute name="CPU Util currently" value="1701974826" />
<allocation-satisfied id="3184" threadId="0000000001367F00" bytesRequested="1016" />
<af-end id="3185" timestamp="2019-08-09T17:55:39.026" threadId="0000000001368888" success="true" from="nursery"/>
<exclusive-end id="3186" timestamp="2019-08-09T17:55:39.026" durationms="3.422" />

<exclusive-start id="3187" timestamp="2019-08-09T17:55:39.596" intervalms="574.285">
  <response-info timems="0.144" idlems="0.144" threads="0" lastid="0000000001367F00" lastname="main" />
</exclusive-start>
<af-start id="3188" threadId="0000000001368888" totalBytesRequested="80" timestamp="2019-08-09T17:55:39.597" intervalms="574.304" type="nursery" />
<cycle-start id="3189" type="scavenge" contextid="0" timestamp="2019-08-09T17:55:39.597" intervalms="574.308" />
<gc-start id="3190" type="scavenge" contextid="3189" timestamp="2019-08-09T17:55:39.597">
  <mem-info id="3191" free="2015600" total="88997888" percent="2">
    <mem type="nursery" free="0" total="68812800" percent="0">
      <mem type="allocate" free="0" total="61931520" percent="0" />
      <mem type="survivor" free="0" total="6881280" percent="0" />
    </mem>
    <mem type="tenure" free="2015600" total="20185088" percent="9">
      <mem type="soa" free="1813872" total="19983360" percent="9" />
      <mem type="loa" free="201728" total="201728" percent="100" />
    </mem>
    <remembered-set count="224" />
  </mem-info>
</gc-start>
<allocation-stats totalBytes="61813728" >
  <allocated-bytes non-tlh="1016" tlh="61812712" />
  <largest-consumer threadName="main" threadId="0000000001367F00" bytes="61809632" />
</allocation-stats>
<gc-op id="3192" type="scavenge" timems="1.536" contextid="3189" timestamp="2019-08-09T17:55:39.598">
  <scavenger-info tenureage="3" tenuremask="fff8" tiltratio="90" />
  <memory-copied type="nursery" objects="997" bytes="49920" bytesdiscarded="51208" />
  <memory-copied type="tenure" objects="14" bytes="320" bytesdiscarded="0" />
  <references type="soft" candidates="16" cleared="0" enqueued="0" dynamicThreshold="3" maxThreshold="32" />
  <references type="weak" candidates="80" cleared="0" enqueued="0" />
</gc-op>
<gc-end id="3193" type="scavenge" contextid="3189" durationms="2.135" usertimems="5.289" systemtimems="0.000" timestamp="2019-08-09T17:55:39.599" activeThreads="16">
  <mem-info id="3194" free="63829864" total="88997888" percent="71">
    <mem type="nursery" free="61830392" total="68812800" percent="89">
      <mem type="allocate" free="61830392" total="61931520" percent="99" />
      <mem type="survivor" free="0" total="6881280" percent="0" />
    </mem>
    <mem type="tenure" free="1999472" total="20185088" percent="9" macro-fragmented="0">
      <mem type="soa" free="1797744" total="19983360" percent="8" />
      <mem type="loa" free="201728" total="201728" percent="100" />
    </mem>
    <remembered-set count="219" />
  </mem-info>
</gc-end>
<cycle-end id="3195" type="scavenge" contextid="3189" timestamp="2019-08-09T17:55:39.599" />
  <attribute name="elasticGC enabled" value="1" />
  <attribute name= "numThreadsSpecified" value="16" />
  <attribute name="heapSize specified" value="47316992" />
  <attribute name="Current GC Util" value="0" />
  <attribute name= "Current Time Running" value="145530" />
  <attribute name ="GC Interval" value="2553" />
  <attribute name="Target GC Util Change" value ="80.000000" />
  <attribute name="Current GC Util Change" value="0.000000"/>
  <attribute name="Current Error" value="467.000000" />
  <attribute name="Output H" value="89074112"/>
  <attribute name="Output I" value="2552"/>
  <attribute name="Output T" value="16"/>
  <attribute name= "Current Time Running" value="145530" />
  <attribute name="GC Util currently" value="0" />
  <attribute name="CPU Util currently" value="2007159516" />
<allocation-satisfied id="3196" threadId="0000000001367F00" bytesRequested="80" />
<af-end id="3197" timestamp="2019-08-09T17:55:39.599" threadId="0000000001368888" success="true" from="nursery"/>
<exclusive-end id="3198" timestamp="2019-08-09T17:55:39.599" durationms="2.534" />

<exclusive-start id="3199" timestamp="2019-08-09T17:55:39.968" intervalms="371.669">
  <response-info timems="0.079" idlems="0.079" threads="0" lastid="0000000001367F00" lastname="main" />
</exclusive-start>
<af-start id="3200" threadId="0000000001368888" totalBytesRequested="80" timestamp="2019-08-09T17:55:39.968" intervalms="371.656" type="nursery" />
<cycle-start id="3201" type="scavenge" contextid="0" timestamp="2019-08-09T17:55:39.968" intervalms="371.651" />
<gc-start id="3202" type="scavenge" contextid="3201" timestamp="2019-08-09T17:55:39.968">
  <mem-info id="3203" free="1999472" total="88997888" percent="2">
    <mem type="nursery" free="0" total="68812800" percent="0">
      <mem type="allocate" free="0" total="61931520" percent="0" />
      <mem type="survivor" free="0" total="6881280" percent="0" />
    </mem>
    <mem type="tenure" free="1999472" total="20185088" percent="9">
      <mem type="soa" free="1797744" total="19983360" percent="8" />
      <mem type="loa" free="201728" total="201728" percent="100" />
    </mem>
    <remembered-set count="219" />
  </mem-info>
</gc-start>
<allocation-stats totalBytes="61819120" >
  <allocated-bytes non-tlh="80" tlh="61819040" />
  <largest-consumer threadName="main" threadId="0000000001367F00" bytes="61819120" />
</allocation-stats>
<gc-op id="3204" type="scavenge" timems="0.719" contextid="3201" timestamp="2019-08-09T17:55:39.969">
  <scavenger-info tenureage="3" tenuremask="ffe8" tiltratio="90" />
  <memory-copied type="nursery" objects="989" bytes="49664" bytesdiscarded="82952" />
  <memory-copied type="tenure" objects="7" bytes="160" bytesdiscarded="0" />
  <references type="soft" candidates="16" cleared="0" enqueued="0" dynamicThreshold="3" maxThreshold="32" />
  <references type="weak" candidates="80" cleared="0" enqueued="0" />
</gc-op>
<gc-end id="3205" type="scavenge" contextid="3201" durationms="1.150" usertimems="3.350" systemtimems="0.000" timestamp="2019-08-09T17:55:39.969" activeThreads="16">
  <mem-info id="3206" free="63798376" total="88997888" percent="71">
    <mem type="nursery" free="61798904" total="68812800" percent="89">
      <mem type="allocate" free="61798904" total="61931520" percent="99" />
      <mem type="survivor" free="0" total="6881280" percent="0" />
    </mem>
    <mem type="tenure" free="1999472" total="20185088" percent="9" macro-fragmented="6319">
      <mem type="soa" free="1797744" total="19983360" percent="8" />
      <mem type="loa" free="201728" total="201728" percent="100" />
    </mem>
    <remembered-set count="174" />
  </mem-info>
</gc-end>
<cycle-end id="3207" type="scavenge" contextid="3201" timestamp="2019-08-09T17:55:39.969" />
  <attribute name="elasticGC enabled" value="1" />
  <attribute name= "numThreadsSpecified" value="16" />
  <attribute name="heapSize specified" value="47316992" />
  <attribute name="Current GC Util" value="0" />
  <attribute name= "Current Time Running" value="145901" />
  <attribute name ="GC Interval" value="2105" />
  <attribute name="Target GC Util Change" value ="80.000000" />
  <attribute name="Current GC Util Change" value="0.000000"/>
  <attribute name="Current Error" value="80.000000" />
  <attribute name="Output H" value="89073664"/>
  <attribute name="Output I" value="2104"/>
  <attribute name="Output T" value="16"/>
  <attribute name= "Current Time Running" value="145901" />
  <attribute name="GC Util currently" value="0" />
  <attribute name="CPU Util currently" value="3102909062" />
<allocation-satisfied id="3208" threadId="0000000001367F00" bytesRequested="80" />
<af-end id="3209" timestamp="2019-08-09T17:55:39.969" threadId="0000000001368888" success="true" from="nursery"/>
<exclusive-end id="3210" timestamp="2019-08-09T17:55:39.969" durationms="1.380" />

<exclusive-start id="3211" timestamp="2019-08-09T17:55:40.114" intervalms="146.028">
  <response-info timems="0.046" idlems="0.046" threads="0" lastid="0000000001367F00" lastname="main" />
</exclusive-start>
<af-start id="3212" threadId="0000000001368888" totalBytesRequested="80" timestamp="2019-08-09T17:55:40.114" intervalms="146.041" type="nursery" />
<cycle-start id="3213" type="scavenge" contextid="0" timestamp="2019-08-09T17:55:40.114" intervalms="146.044" />
<gc-start id="3214" type="scavenge" contextid="3213" timestamp="2019-08-09T17:55:40.114">
  <mem-info id="3215" free="1999472" total="88997888" percent="2">
    <mem type="nursery" free="0" total="68812800" percent="0">
      <mem type="allocate" free="0" total="61931520" percent="0" />
      <mem type="survivor" free="0" total="6881280" percent="0" />
    </mem>
    <mem type="tenure" free="1999472" total="20185088" percent="9">
      <mem type="soa" free="1797744" total="19983360" percent="8" />
      <mem type="loa" free="201728" total="201728" percent="100" />
    </mem>
    <remembered-set count="174" />
  </mem-info>
</gc-start>
<allocation-stats totalBytes="61787768" >
  <allocated-bytes non-tlh="80" tlh="61787688" />
  <largest-consumer threadName="main" threadId="0000000001367F00" bytes="61787768" />
</allocation-stats>
<gc-op id="3216" type="scavenge" timems="0.942" contextid="3213" timestamp="2019-08-09T17:55:40.115">
  <scavenger-info tenureage="3" tenuremask="ffe8" tiltratio="90" />
  <memory-copied type="nursery" objects="73" bytes="4800" bytesdiscarded="82752" />
  <memory-copied type="tenure" objects="919" bytes="45008" bytesdiscarded="24" />
  <references type="weak" candidates="34" cleared="0" enqueued="0" />
</gc-op>
<gc-end id="3217" type="scavenge" contextid="3213" durationms="1.370" usertimems="3.043" systemtimems="0.000" timestamp="2019-08-09T17:55:40.116" activeThreads="16">
  <mem-info id="3218" free="63790696" total="88997888" percent="71">
    <mem type="nursery" free="61843968" total="68812800" percent="89">
      <mem type="allocate" free="61843968" total="61931520" percent="99" />
      <mem type="survivor" free="0" total="6881280" percent="0" />
    </mem>
    <mem type="tenure" free="1946728" total="20185088" percent="9" macro-fragmented="1500163">
      <mem type="soa" free="1745000" total="19983360" percent="8" />
      <mem type="loa" free="201728" total="201728" percent="100" />
    </mem>
    <remembered-set count="120" />
  </mem-info>
</gc-end>
<cycle-end id="3219" type="scavenge" contextid="3213" timestamp="2019-08-09T17:55:40.116" />
  <attribute name="elasticGC enabled" value="1" />
  <attribute name= "numThreadsSpecified" value="16" />
  <attribute name="heapSize specified" value="47316992" />
  <attribute name="Current GC Util" value="1" />
  <attribute name= "Current Time Running" value="146047" />
  <attribute name ="GC Interval" value="2193" />
  <attribute name="Target GC Util Change" value ="80.000000" />
  <attribute name="Current GC Util Change" value="1.000000"/>
  <attribute name="Current Error" value="159.000000" />
  <attribute name="Output H" value="89073752"/>
  <attribute name="Output I" value="2192"/>
  <attribute name="Output T" value="16"/>
  <attribute name= "Current Time Running" value="146047" />
  <attribute name="GC Util currently" value="1" />
  <attribute name="CPU Util currently" value="7894213856" />
<allocation-satisfied id="3220" threadId="0000000001367F00" bytesRequested="80" />
<af-end id="3221" timestamp="2019-08-09T17:55:40.116" threadId="0000000001368888" success="true" from="nursery"/>
<exclusive-end id="3222" timestamp="2019-08-09T17:55:40.116" durationms="1.622" />

<exclusive-start id="3223" timestamp="2019-08-09T17:55:40.294" intervalms="180.110">
  <response-info timems="0.020" idlems="0.020" threads="0" lastid="0000000001367F00" lastname="main" />
</exclusive-start>
<af-start id="3224" threadId="0000000001368888" totalBytesRequested="80" timestamp="2019-08-09T17:55:40.294" intervalms="180.096" type="nursery" />
<cycle-start id="3225" type="scavenge" contextid="0" timestamp="2019-08-09T17:55:40.294" intervalms="180.092" />
<gc-start id="3226" type="scavenge" contextid="3225" timestamp="2019-08-09T17:55:40.294">
  <mem-info id="3227" free="1946728" total="88997888" percent="2">
    <mem type="nursery" free="0" total="68812800" percent="0">
      <mem type="allocate" free="0" total="61931520" percent="0" />
      <mem type="survivor" free="0" total="6881280" percent="0" />
    </mem>
    <mem type="tenure" free="1946728" total="20185088" percent="9">
      <mem type="soa" free="1745000" total="19983360" percent="8" />
      <mem type="loa" free="201728" total="201728" percent="100" />
    </mem>
    <remembered-set count="120" />
  </mem-info>
</gc-start>
<allocation-stats totalBytes="61832720" >
  <allocated-bytes non-tlh="80" tlh="61832640" />
  <largest-consumer threadName="main" threadId="0000000001367F00" bytes="61832720" />
</allocation-stats>
<gc-op id="3228" type="scavenge" timems="0.508" contextid="3225" timestamp="2019-08-09T17:55:40.295">
  <scavenger-info tenureage="3" tenuremask="ffe8" tiltratio="90" />
  <memory-copied type="nursery" objects="5" bytes="240" bytesdiscarded="39696" />
  <memory-copied type="tenure" objects="67" bytes="4536" bytesdiscarded="0" />
</gc-op>
<gc-end id="3229" type="scavenge" contextid="3225" durationms="0.903" usertimems="1.251" systemtimems="0.000" timestamp="2019-08-09T17:55:40.295" activeThreads="16">
  <mem-info id="3230" free="63838312" total="88997888" percent="71">
    <mem type="nursery" free="61891584" total="68812800" percent="89">
      <mem type="allocate" free="61891584" total="61931520" percent="99" />
      <mem type="survivor" free="0" total="6881280" percent="0" />
    </mem>
    <mem type="tenure" free="1946728" total="20185088" percent="9" macro-fragmented="0">
      <mem type="soa" free="1745000" total="19983360" percent="8" />
      <mem type="loa" free="201728" total="201728" percent="100" />
    </mem>
    <remembered-set count="115" />
  </mem-info>
</gc-end>
<cycle-end id="3231" type="scavenge" contextid="3225" timestamp="2019-08-09T17:55:40.295" />
  <attribute name="elasticGC enabled" value="1" />
  <attribute name= "numThreadsSpecified" value="16" />
  <attribute name="heapSize specified" value="47316992" />
  <attribute name="Current GC Util" value="1" />
  <attribute name= "Current Time Running" value="146228" />
  <attribute name ="GC Interval" value="2289" />
  <attribute name="Target GC Util Change" value ="80.000000" />
  <attribute name="Current GC Util Change" value="1.000000"/>
  <attribute name="Current Error" value="238.000000" />
  <attribute name="Output H" value="89073848"/>
  <attribute name="Output I" value="2288"/>
  <attribute name="Output T" value="16"/>
  <attribute name= "Current Time Running" value="146228" />
  <attribute name="GC Util currently" value="1" />
  <attribute name="CPU Util currently" value="6402329559" />
<allocation-satisfied id="3232" threadId="0000000001367F00" bytesRequested="80" />
<af-end id="3233" timestamp="2019-08-09T17:55:40.295" threadId="0000000001368888" success="true" from="nursery"/>
<exclusive-end id="3234" timestamp="2019-08-09T17:55:40.295" durationms="1.150" />

<exclusive-start id="3235" timestamp="2019-08-09T17:55:40.364" intervalms="69.423">
  <response-info timems="0.092" idlems="0.092" threads="0" lastid="0000000001367F00" lastname="main" />
</exclusive-start>
<af-start id="3236" threadId="0000000001368888" totalBytesRequested="488" timestamp="2019-08-09T17:55:40.364" intervalms="69.437" type="nursery" />
<cycle-start id="3237" type="scavenge" contextid="0" timestamp="2019-08-09T17:55:40.364" intervalms="69.444" />
<gc-start id="3238" type="scavenge" contextid="3237" timestamp="2019-08-09T17:55:40.364">
  <mem-info id="3239" free="1946728" total="88997888" percent="2">
    <mem type="nursery" free="0" total="68812800" percent="0">
      <mem type="allocate" free="0" total="61931520" percent="0" />
      <mem type="survivor" free="0" total="6881280" percent="0" />
    </mem>
    <mem type="tenure" free="1946728" total="20185088" percent="9">
      <mem type="soa" free="1745000" total="19983360" percent="8" />
      <mem type="loa" free="201728" total="201728" percent="100" />
    </mem>
    <remembered-set count="119" />
  </mem-info>
</gc-start>
<allocation-stats totalBytes="61821504" >
  <allocated-bytes non-tlh="80" tlh="61821424" />
  <largest-consumer threadName="main" threadId="0000000001367F00" bytes="61821504" />
</allocation-stats>
<gc-op id="3240" type="scavenge" timems="1.091" contextid="3237" timestamp="2019-08-09T17:55:40.365">
  <scavenger-info tenureage="3" tenuremask="ffe8" tiltratio="90" />
  <memory-copied type="nursery" objects="27" bytes="1368" bytesdiscarded="30888" />
</gc-op>
<gc-end id="3241" type="scavenge" contextid="3237" durationms="1.436" usertimems="2.550" systemtimems="0.000" timestamp="2019-08-09T17:55:40.365" activeThreads="16">
  <mem-info id="3242" free="63845992" total="88997888" percent="71">
    <mem type="nursery" free="61899264" total="68812800" percent="89">
      <mem type="allocate" free="61899264" total="61931520" percent="99" />
      <mem type="survivor" free="0" total="6881280" percent="0" />
    </mem>
    <mem type="tenure" free="1946728" total="20185088" percent="9" macro-fragmented="1500163">
      <mem type="soa" free="1745000" total="19983360" percent="8" />
      <mem type="loa" free="201728" total="201728" percent="100" />
    </mem>
    <remembered-set count="119" />
  </mem-info>
</gc-end>
<cycle-end id="3243" type="scavenge" contextid="3237" timestamp="2019-08-09T17:55:40.365" />
  <attribute name="elasticGC enabled" value="1" />
  <attribute name= "numThreadsSpecified" value="16" />
  <attribute name="heapSize specified" value="47316992" />
  <attribute name="Current GC Util" value="1" />
  <attribute name= "Current Time Running" value="146297" />
  <attribute name ="GC Interval" value="2377" />
  <attribute name="Target GC Util Change" value ="80.000000" />
  <attribute name="Current GC Util Change" value="1.000000"/>
  <attribute name="Current Error" value="317.000000" />
  <attribute name="Output H" value="89073936"/>
  <attribute name="Output I" value="2376"/>
  <attribute name="Output T" value="16"/>
  <attribute name= "Current Time Running" value="146297" />
  <attribute name="GC Util currently" value="1" />
  <attribute name="CPU Util currently" value="16583635522" />
<allocation-satisfied id="3244" threadId="0000000001367F00" bytesRequested="488" />
<af-end id="3245" timestamp="2019-08-09T17:55:40.365" threadId="0000000001368888" success="true" from="nursery"/>
<exclusive-end id="3246" timestamp="2019-08-09T17:55:40.365" durationms="1.753" />

<exclusive-start id="3247" timestamp="2019-08-09T17:55:40.398" intervalms="34.151">
  <response-info timems="0.036" idlems="0.036" threads="0" lastid="0000000001367F00" lastname="main" />
</exclusive-start>
<af-start id="3248" threadId="0000000001368888" totalBytesRequested="584" timestamp="2019-08-09T17:55:40.398" intervalms="34.153" type="nursery" />
<cycle-start id="3249" type="scavenge" contextid="0" timestamp="2019-08-09T17:55:40.398" intervalms="34.159" />
<gc-start id="3250" type="scavenge" contextid="3249" timestamp="2019-08-09T17:55:40.398">
  <mem-info id="3251" free="1946728" total="88997888" percent="2">
    <mem type="nursery" free="0" total="68812800" percent="0">
      <mem type="allocate" free="0" total="61931520" percent="0" />
      <mem type="survivor" free="0" total="6881280" percent="0" />
    </mem>
    <mem type="tenure" free="1946728" total="20185088" percent="9">
      <mem type="soa" free="1745000" total="19983360" percent="8" />
      <mem type="loa" free="201728" total="201728" percent="100" />
    </mem>
    <remembered-set count="119" />
  </mem-info>
</gc-start>
<allocation-stats totalBytes="61813120" >
  <allocated-bytes non-tlh="488" tlh="61812632" />
  <largest-consumer threadName="main" threadId="0000000001367F00" bytes="61813120" />
</allocation-stats>
<gc-op id="3252" type="scavenge" timems="0.980" contextid="3249" timestamp="2019-08-09T17:55:40.399">
  <scavenger-info tenureage="3" tenuremask="fff8" tiltratio="90" />
  <memory-copied type="nursery" objects="27" bytes="1368" bytesdiscarded="30888" />
</gc-op>
<gc-end id="3253" type="scavenge" contextid="3249" durationms="1.522" usertimems="1.616" systemtimems="0.000" timestamp="2019-08-09T17:55:40.400" activeThreads="16">
  <mem-info id="3254" free="63845992" total="88997888" percent="71">
    <mem type="nursery" free="61899264" total="68812800" percent="89">
      <mem type="allocate" free="61899264" total="61931520" percent="99" />
      <mem type="survivor" free="0" total="6881280" percent="0" />
    </mem>
    <mem type="tenure" free="1946728" total="20185088" percent="9" macro-fragmented="868149">
      <mem type="soa" free="1745000" total="19983360" percent="8" />
      <mem type="loa" free="201728" total="201728" percent="100" />
    </mem>
    <remembered-set count="114" />
  </mem-info>
</gc-end>
<cycle-end id="3255" type="scavenge" contextid="3249" timestamp="2019-08-09T17:55:40.400" />
  <attribute name="elasticGC enabled" value="1" />
  <attribute name= "numThreadsSpecified" value="16" />
  <attribute name="heapSize specified" value="47316992" />
  <attribute name="Current GC Util" value="6" />
  <attribute name= "Current Time Running" value="146331" />
  <attribute name ="GC Interval" value="2465" />
  <attribute name="Target GC Util Change" value ="80.000000" />
  <attribute name="Current GC Util Change" value="6.000000"/>
  <attribute name="Current Error" value="391.000000" />
  <attribute name="Output H" value="89074024"/>
  <attribute name="Output I" value="2464"/>
  <attribute name="Output T" value="16"/>
  <attribute name= "Current Time Running" value="146331" />
  <attribute name="GC Util currently" value="6" />
  <attribute name="CPU Util currently" value="33769837632" />
<allocation-satisfied id="3256" threadId="0000000001367F00" bytesRequested="584" />
<af-end id="3257" timestamp="2019-08-09T17:55:40.400" threadId="0000000001368888" success="true" from="nursery"/>
<exclusive-end id="3258" timestamp="2019-08-09T17:55:40.400" durationms="1.961" />

<exclusive-start id="3259" timestamp="2019-08-09T17:55:40.443" intervalms="45.208">
  <response-info timems="0.057" idlems="0.057" threads="0" lastid="0000000001367F00" lastname="main" />
</exclusive-start>
<af-start id="3260" threadId="0000000001368888" totalBytesRequested="64" timestamp="2019-08-09T17:55:40.443" intervalms="45.214" type="nursery" />
<cycle-start id="3261" type="scavenge" contextid="0" timestamp="2019-08-09T17:55:40.443" intervalms="45.218" />
<gc-start id="3262" type="scavenge" contextid="3261" timestamp="2019-08-09T17:55:40.443">
  <mem-info id="3263" free="1946728" total="88997888" percent="2">
    <mem type="nursery" free="0" total="68812800" percent="0">
      <mem type="allocate" free="0" total="61931520" percent="0" />
      <mem type="survivor" free="0" total="6881280" percent="0" />
    </mem>
    <mem type="tenure" free="1946728" total="20185088" percent="9">
      <mem type="soa" free="1745000" total="19983360" percent="8" />
      <mem type="loa" free="201728" total="201728" percent="100" />
    </mem>
    <remembered-set count="114" />
  </mem-info>
</gc-start>
<allocation-stats totalBytes="61813928" >
  <allocated-bytes non-tlh="584" tlh="61813344" />
  <largest-consumer threadName="main" threadId="0000000001367F00" bytes="61813928" />
</allocation-stats>
<gc-op id="3264" type="scavenge" timems="0.698" contextid="3261" timestamp="2019-08-09T17:55:40.444">
  <scavenger-info tenureage="3" tenuremask="fff8" tiltratio="90" />
  <memory-copied type="nursery" objects="27" bytes="1368" bytesdiscarded="30888" />
</gc-op>
<gc-end id="3265" type="scavenge" contextid="3261" durationms="1.197" usertimems="2.166" systemtimems="0.000" timestamp="2019-08-09T17:55:40.444" activeThreads="16">
  <mem-info id="3266" free="63845992" total="88997888" percent="71">
    <mem type="nursery" free="61899264" total="68812800" percent="89">
      <mem type="allocate" free="61899264" total="61931520" percent="99" />
      <mem type="survivor" free="0" total="6881280" percent="0" />
    </mem>
    <mem type="tenure" free="1946728" total="20185088" percent="9" macro-fragmented="0">
      <mem type="soa" free="1745000" total="19983360" percent="8" />
      <mem type="loa" free="201728" total="201728" percent="100" />
    </mem>
    <remembered-set count="114" />
  </mem-info>
</gc-end>
<cycle-end id="3267" type="scavenge" contextid="3261" timestamp="2019-08-09T17:55:40.445" />
  <attribute name="elasticGC enabled" value="1" />
  <attribute name= "numThreadsSpecified" value="16" />
  <attribute name="heapSize specified" value="47316992" />
  <attribute name="Current GC Util" value="3" />
  <attribute name= "Current Time Running" value="146376" />
  <attribute name ="GC Interval" value="2553" />
  <attribute name="Target GC Util Change" value ="80.000000" />
  <attribute name="Current GC Util Change" value="3.000000"/>
  <attribute name="Current Error" value="468.000000" />
  <attribute name="Output H" value="89074112"/>
  <attribute name="Output I" value="2552"/>
  <attribute name="Output T" value="16"/>
  <attribute name= "Current Time Running" value="146376" />
  <attribute name="GC Util currently" value="3" />
  <attribute name="CPU Util currently" value="25496334370" />
<allocation-satisfied id="3268" threadId="0000000001367F00" bytesRequested="64" />
<af-end id="3269" timestamp="2019-08-09T17:55:40.445" threadId="0000000001368888" success="true" from="nursery"/>
<exclusive-end id="3270" timestamp="2019-08-09T17:55:40.445" durationms="1.526" />

* Round 1 done in 17.767 seconds.
<exclusive-start id="3271" timestamp="2019-08-09T17:55:40.522" intervalms="78.587">
  <response-info timems="0.044" idlems="0.044" threads="0" lastid="0000000001367F00" lastname="main" />
</exclusive-start>
<af-start id="3272" threadId="0000000001368888" totalBytesRequested="32" timestamp="2019-08-09T17:55:40.522" intervalms="78.578" type="nursery" />
<cycle-start id="3273" type="scavenge" contextid="0" timestamp="2019-08-09T17:55:40.522" intervalms="78.563" />
<gc-start id="3274" type="scavenge" contextid="3273" timestamp="2019-08-09T17:55:40.522">
  <mem-info id="3275" free="1943688" total="88997888" percent="2">
    <mem type="nursery" free="0" total="68812800" percent="0">
      <mem type="allocate" free="0" total="61931520" percent="0" />
      <mem type="survivor" free="0" total="6881280" percent="0" />
    </mem>
    <mem type="tenure" free="1943688" total="20185088" percent="9">
      <mem type="soa" free="1741960" total="19983360" percent="8" />
      <mem type="loa" free="201728" total="201728" percent="100" />
    </mem>
    <remembered-set count="183" />
  </mem-info>
</gc-start>
<allocation-stats totalBytes="61881016" >
  <allocated-bytes non-tlh="3104" tlh="61877912" />
  <largest-consumer threadName="main" threadId="0000000001367F00" bytes="61881016" />
</allocation-stats>
<gc-op id="3276" type="scavenge" timems="2.366" contextid="3273" timestamp="2019-08-09T17:55:40.524">
  <scavenger-info tenureage="3" tenuremask="fff8" tiltratio="90" />
  <memory-copied type="nursery" objects="536" bytes="17944" bytesdiscarded="14312" />
  <memory-copied type="tenure" objects="8" bytes="184" bytesdiscarded="0" />
  <references type="soft" candidates="8" cleared="0" enqueued="0" dynamicThreshold="3" maxThreshold="32" />
  <references type="weak" candidates="14" cleared="6" enqueued="4" />
</gc-op>
<gc-end id="3277" type="scavenge" contextid="3273" durationms="2.700" usertimems="2.042" systemtimems="0.000" timestamp="2019-08-09T17:55:40.524" activeThreads="16">
  <mem-info id="3278" free="63842952" total="88997888" percent="71">
    <mem type="nursery" free="61899264" total="68812800" percent="89">
      <mem type="allocate" free="61899264" total="61931520" percent="99" />
      <mem type="survivor" free="0" total="6881280" percent="0" />
    </mem>
    <mem type="tenure" free="1943688" total="20185088" percent="9" macro-fragmented="868149">
      <mem type="soa" free="1741960" total="19983360" percent="8" />
      <mem type="loa" free="201728" total="201728" percent="100" />
    </mem>
    <pending-finalizers system="0" default="0" reference="4" classloader="0" />
    <remembered-set count="179" />
  </mem-info>
</gc-end>
<cycle-end id="3279" type="scavenge" contextid="3273" timestamp="2019-08-09T17:55:40.525" />
  <attribute name="elasticGC enabled" value="1" />
  <attribute name= "numThreadsSpecified" value="16" />
  <attribute name="heapSize specified" value="47316992" />
  <attribute name="Current GC Util" value="2" />
  <attribute name= "Current Time Running" value="146455" />
  <attribute name ="GC Interval" value="2105" />
  <attribute name="Target GC Util Change" value ="80.000000" />
  <attribute name="Current GC Util Change" value="2.000000"/>
  <attribute name="Current Error" value="78.000000" />
  <attribute name="Output H" value="89073664"/>
  <attribute name="Output I" value="2104"/>
  <attribute name="Output T" value="16"/>
  <attribute name= "Current Time Running" value="146455" />
  <attribute name="GC Util currently" value="2" />
  <attribute name="CPU Util currently" value="14687176518" />
<allocation-satisfied id="3280" threadId="0000000001367F00" bytesRequested="32" />
<af-end id="3281" timestamp="2019-08-09T17:55:40.525" threadId="0000000001368888" success="true" from="nursery"/>
<exclusive-end id="3282" timestamp="2019-08-09T17:55:40.525" durationms="2.912" />

<exclusive-start id="3283" timestamp="2019-08-09T17:55:40.705" intervalms="183.458">
  <response-info timems="0.027" idlems="0.027" threads="0" lastid="0000000001367F00" lastname="main" />
</exclusive-start>
<af-start id="3284" threadId="0000000001368888" totalBytesRequested="1168" timestamp="2019-08-09T17:55:40.705" intervalms="183.452" type="nursery" />
<cycle-start id="3285" type="scavenge" contextid="0" timestamp="2019-08-09T17:55:40.705" intervalms="183.452" />
<gc-start id="3286" type="scavenge" contextid="3285" timestamp="2019-08-09T17:55:40.705">
  <mem-info id="3287" free="1943688" total="88997888" percent="2">
    <mem type="nursery" free="0" total="68812800" percent="0">
      <mem type="allocate" free="0" total="61931520" percent="0" />
      <mem type="survivor" free="0" total="6881280" percent="0" />
    </mem>
    <mem type="tenure" free="1943688" total="20185088" percent="9">
      <mem type="soa" free="1741960" total="19983360" percent="8" />
      <mem type="loa" free="201728" total="201728" percent="100" />
    </mem>
    <remembered-set count="196" />
  </mem-info>
</gc-start>
<allocation-stats totalBytes="61699632" >
  <allocated-bytes non-tlh="32" tlh="61699600" />
  <largest-consumer threadName="main" threadId="0000000001367F00" bytes="61695536" />
</allocation-stats>
<gc-op id="3288" type="scavenge" timems="0.655" contextid="3285" timestamp="2019-08-09T17:55:40.706">
  <scavenger-info tenureage="3" tenuremask="ffe8" tiltratio="90" />
  <memory-copied type="nursery" objects="582" bytes="20544" bytesdiscarded="27840" />
  <references type="soft" candidates="8" cleared="0" enqueued="0" dynamicThreshold="3" maxThreshold="32" />
  <references type="weak" candidates="8" cleared="0" enqueued="0" />
</gc-op>
<gc-end id="3289" type="scavenge" contextid="3285" durationms="1.030" usertimems="1.337" systemtimems="0.000" timestamp="2019-08-09T17:55:40.706" activeThreads="16">
  <mem-info id="3290" free="63826824" total="88997888" percent="71">
    <mem type="nursery" free="61883136" total="68812800" percent="89">
      <mem type="allocate" free="61883136" total="61931520" percent="99" />
      <mem type="survivor" free="0" total="6881280" percent="0" />
    </mem>
    <mem type="tenure" free="1943688" total="20185088" percent="9" macro-fragmented="0">
      <mem type="soa" free="1741960" total="19983360" percent="8" />
      <mem type="loa" free="201728" total="201728" percent="100" />
    </mem>
    <remembered-set count="194" />
  </mem-info>
</gc-end>
<cycle-end id="3291" type="scavenge" contextid="3285" timestamp="2019-08-09T17:55:40.706" />
  <attribute name="elasticGC enabled" value="1" />
  <attribute name= "numThreadsSpecified" value="16" />
  <attribute name="heapSize specified" value="47316992" />
  <attribute name="Current GC Util" value="1" />
  <attribute name= "Current Time Running" value="146638" />
  <attribute name ="GC Interval" value="2193" />
  <attribute name="Target GC Util Change" value ="80.000000" />
  <attribute name="Current GC Util Change" value="1.000000"/>
  <attribute name="Current Error" value="157.000000" />
  <attribute name="Output H" value="89073752"/>
  <attribute name="Output I" value="2192"/>
  <attribute name="Output T" value="16"/>
  <attribute name= "Current Time Running" value="146638" />
  <attribute name="GC Util currently" value="1" />
  <attribute name="CPU Util currently" value="6283828870" />
<allocation-satisfied id="3292" threadId="0000000001367F00" bytesRequested="1168" />
<af-end id="3293" timestamp="2019-08-09T17:55:40.706" threadId="0000000001368888" success="true" from="nursery"/>
<exclusive-end id="3294" timestamp="2019-08-09T17:55:40.706" durationms="1.246" />

<exclusive-start id="3295" timestamp="2019-08-09T17:55:40.713" intervalms="8.182">
  <response-info timems="0.021" idlems="0.021" threads="0" lastid="0000000001367F00" lastname="main" />
</exclusive-start>
<af-start id="3296" threadId="0000000001368888" totalBytesRequested="1168" timestamp="2019-08-09T17:55:40.713" intervalms="8.181" type="nursery" />
<cycle-start id="3297" type="scavenge" contextid="0" timestamp="2019-08-09T17:55:40.713" intervalms="8.180" />
<gc-start id="3298" type="scavenge" contextid="3297" timestamp="2019-08-09T17:55:40.713">
  <mem-info id="3299" free="1943688" total="88997888" percent="2">
    <mem type="nursery" free="0" total="68812800" percent="0">
      <mem type="allocate" free="0" total="61931520" percent="0" />
      <mem type="survivor" free="0" total="6881280" percent="0" />
    </mem>
    <mem type="tenure" free="1943688" total="20185088" percent="9">
      <mem type="soa" free="1741960" total="19983360" percent="8" />
      <mem type="loa" free="201728" total="201728" percent="100" />
    </mem>
    <remembered-set count="194" />
  </mem-info>
</gc-start>
<allocation-stats totalBytes="61676400" >
  <allocated-bytes non-tlh="1168" tlh="61675232" />
  <largest-consumer threadName="main" threadId="0000000001367F00" bytes="61676400" />
</allocation-stats>
<gc-op id="3300" type="scavenge" timems="0.813" contextid="3297" timestamp="2019-08-09T17:55:40.714">
  <scavenger-info tenureage="3" tenuremask="fff8" tiltratio="90" />
  <memory-copied type="nursery" objects="583" bytes="20568" bytesdiscarded="27816" />
  <references type="soft" candidates="8" cleared="0" enqueued="0" dynamicThreshold="3" maxThreshold="32" />
  <references type="weak" candidates="8" cleared="0" enqueued="0" />
</gc-op>
<heap-resize id="3301" type="expand" space="nursery" amount="4063232" count="1" timems="0.018" reason="excessive time being spent scavenging" timestamp="2019-08-09T17:55:40.714" />
<gc-end id="3302" type="scavenge" contextid="3297" durationms="1.200" usertimems="1.577" systemtimems="0.000" timestamp="2019-08-09T17:55:40.715" activeThreads="16">
  <mem-info id="3303" free="67431304" total="93061120" percent="72">
    <mem type="nursery" free="65487616" total="72876032" percent="89">
      <mem type="allocate" free="65487616" total="65536000" percent="99" />
      <mem type="survivor" free="0" total="7340032" percent="0" />
    </mem>
    <mem type="tenure" free="1943688" total="20185088" percent="9" macro-fragmented="0">
      <mem type="soa" free="1741960" total="19983360" percent="8" />
      <mem type="loa" free="201728" total="201728" percent="100" />
    </mem>
    <remembered-set count="162" />
  </mem-info>
</gc-end>
<cycle-end id="3304" type="scavenge" contextid="3297" timestamp="2019-08-09T17:55:40.715" />
  <attribute name="elasticGC enabled" value="1" />
  <attribute name= "numThreadsSpecified" value="16" />
  <attribute name="heapSize specified" value="47316992" />
  <attribute name="Current GC Util" value="16" />
  <attribute name= "Current Time Running" value="146647" />
  <attribute name ="GC Interval" value="2265" />
  <attribute name="Target GC Util Change" value ="80.000000" />
  <attribute name="Current GC Util Change" value="16.000000"/>
  <attribute name="Current Error" value="221.000000" />
  <attribute name="Output H" value="89073824"/>
  <attribute name="Output I" value="2264"/>
  <attribute name="Output T" value="16"/>
  <attribute name= "Current Time Running" value="146647" />
  <attribute name="GC Util currently" value="16" />
  <attribute name="CPU Util currently" value="141117961876" />
<allocation-satisfied id="3305" threadId="0000000001367F00" bytesRequested="1168" />
<af-end id="3306" timestamp="2019-08-09T17:55:40.715" threadId="0000000001368888" success="true" from="nursery"/>
<exclusive-end id="3307" timestamp="2019-08-09T17:55:40.715" durationms="1.414" />

<exclusive-start id="3308" timestamp="2019-08-09T17:55:40.722" intervalms="8.625">
  <response-info timems="0.020" idlems="0.020" threads="0" lastid="0000000001367F00" lastname="main" />
</exclusive-start>
<af-start id="3309" threadId="0000000001368888" totalBytesRequested="1168" timestamp="2019-08-09T17:55:40.722" intervalms="8.630" type="nursery" />
<cycle-start id="3310" type="scavenge" contextid="0" timestamp="2019-08-09T17:55:40.722" intervalms="8.630" />
<gc-start id="3311" type="scavenge" contextid="3310" timestamp="2019-08-09T17:55:40.722">
  <mem-info id="3312" free="1943688" total="93061120" percent="2">
    <mem type="nursery" free="0" total="72876032" percent="0">
      <mem type="allocate" free="0" total="65536000" percent="0" />
      <mem type="survivor" free="0" total="7340032" percent="0" />
    </mem>
    <mem type="tenure" free="1943688" total="20185088" percent="9">
      <mem type="soa" free="1741960" total="19983360" percent="8" />
      <mem type="loa" free="201728" total="201728" percent="100" />
    </mem>
    <remembered-set count="162" />
  </mem-info>
</gc-start>
<allocation-stats totalBytes="65268440" >
  <allocated-bytes non-tlh="1168" tlh="65267272" />
  <largest-consumer threadName="main" threadId="0000000001367F00" bytes="65268440" />
</allocation-stats>
<gc-op id="3313" type="scavenge" timems="1.122" contextid="3310" timestamp="2019-08-09T17:55:40.723">
  <scavenger-info tenureage="2" tenuremask="fffc" tiltratio="89" />
  <memory-copied type="nursery" objects="2" bytes="56" bytesdiscarded="32200" />
  <memory-copied type="tenure" objects="581" bytes="20512" bytesdiscarded="32" />
</gc-op>
<heap-resize id="3314" type="expand" space="nursery" amount="4063232" count="1" timems="0.016" reason="excessive time being spent scavenging" timestamp="2019-08-09T17:55:40.723" />
<gc-end id="3315" type="scavenge" contextid="3310" durationms="1.531" usertimems="2.254" systemtimems="0.000" timestamp="2019-08-09T17:55:40.724" activeThreads="16">
  <mem-info id="3316" free="71019656" total="97124352" percent="73">
    <mem type="nursery" free="69108224" total="76939264" percent="89">
      <mem type="allocate" free="69108224" total="69140480" percent="99" />
      <mem type="survivor" free="0" total="7798784" percent="0" />
    </mem>
    <mem type="tenure" free="1911432" total="20185088" percent="9" macro-fragmented="0">
      <mem type="soa" free="1709704" total="19983360" percent="8" />
      <mem type="loa" free="201728" total="201728" percent="100" />
    </mem>
    <remembered-set count="120" />
  </mem-info>
</gc-end>
<cycle-end id="3317" type="scavenge" contextid="3310" timestamp="2019-08-09T17:55:40.724" />
  <attribute name="elasticGC enabled" value="1" />
  <attribute name= "numThreadsSpecified" value="16" />
  <attribute name="heapSize specified" value="47316992" />
  <attribute name="Current GC Util" value="17" />
  <attribute name= "Current Time Running" value="146655" />
  <attribute name ="GC Interval" value="2337" />
  <attribute name="Target GC Util Change" value ="80.000000" />
  <attribute name="Current GC Util Change" value="17.000000"/>
  <attribute name="Current Error" value="284.000000" />
  <attribute name="Output H" value="93137128"/>
  <attribute name="Output I" value="2336"/>
  <attribute name="Output T" value="16"/>
  <attribute name= "Current Time Running" value="146655" />
  <attribute name="GC Util currently" value="17" />
  <attribute name="CPU Util currently" value="132192631334" />
<allocation-satisfied id="3318" threadId="0000000001367F00" bytesRequested="1168" />
<af-end id="3319" timestamp="2019-08-09T17:55:40.724" threadId="0000000001368888" success="true" from="nursery"/>
<exclusive-end id="3320" timestamp="2019-08-09T17:55:40.724" durationms="1.820" />

<exclusive-start id="3321" timestamp="2019-08-09T17:55:40.733" intervalms="10.756">
  <response-info timems="0.026" idlems="0.026" threads="0" lastid="0000000001367F00" lastname="main" />
</exclusive-start>
<af-start id="3322" threadId="0000000001368888" totalBytesRequested="1168" timestamp="2019-08-09T17:55:40.733" intervalms="10.760" type="nursery" />
<cycle-start id="3323" type="scavenge" contextid="0" timestamp="2019-08-09T17:55:40.733" intervalms="10.791" />
<gc-start id="3324" type="scavenge" contextid="3323" timestamp="2019-08-09T17:55:40.733">
  <mem-info id="3325" free="1911432" total="97124352" percent="1">
    <mem type="nursery" free="0" total="76939264" percent="0">
      <mem type="allocate" free="0" total="69140480" percent="0" />
      <mem type="survivor" free="0" total="7798784" percent="0" />
    </mem>
    <mem type="tenure" free="1911432" total="20185088" percent="9">
      <mem type="soa" free="1709704" total="19983360" percent="8" />
      <mem type="loa" free="201728" total="201728" percent="100" />
    </mem>
    <remembered-set count="120" />
  </mem-info>
</gc-start>
<allocation-stats totalBytes="68878384" >
  <allocated-bytes non-tlh="1168" tlh="68877216" />
  <largest-consumer threadName="main" threadId="0000000001367F00" bytes="68878384" />
</allocation-stats>
<gc-op id="3326" type="scavenge" timems="0.549" contextid="3323" timestamp="2019-08-09T17:55:40.733">
  <scavenger-info tenureage="5" tenuremask="ffe0" tiltratio="89" />
  <memory-copied type="nursery" objects="2" bytes="56" bytesdiscarded="32200" />
</gc-op>
<gc-end id="3327" type="scavenge" contextid="3323" durationms="0.863" usertimems="1.162" systemtimems="0.000" timestamp="2019-08-09T17:55:40.734" activeThreads="16">
  <mem-info id="3328" free="71085192" total="97124352" percent="73">
    <mem type="nursery" free="69173760" total="76939264" percent="89">
      <mem type="allocate" free="69173760" total="69206016" percent="99" />
      <mem type="survivor" free="0" total="7733248" percent="0" />
    </mem>
    <mem type="tenure" free="1911432" total="20185088" percent="9" macro-fragmented="1500163">
      <mem type="soa" free="1709704" total="19983360" percent="8" />
      <mem type="loa" free="201728" total="201728" percent="100" />
    </mem>
    <remembered-set count="120" />
  </mem-info>
</gc-end>
<cycle-end id="3329" type="scavenge" contextid="3323" timestamp="2019-08-09T17:55:40.734" />
  <attribute name="elasticGC enabled" value="1" />
  <attribute name= "numThreadsSpecified" value="16" />
  <attribute name="heapSize specified" value="47316992" />
  <attribute name="Current GC Util" value="21" />
  <attribute name= "Current Time Running" value="146666" />
  <attribute name ="GC Interval" value="2409" />
  <attribute name="Target GC Util Change" value ="80.000000" />
  <attribute name="Current GC Util Change" value="21.000000"/>
  <attribute name="Current Error" value="343.000000" />
  <attribute name="Output H" value="97200432"/>
  <attribute name="Output I" value="2408"/>
  <attribute name="Output T" value="16"/>
  <attribute name= "Current Time Running" value="146666" />
  <attribute name="GC Util currently" value="21" />
  <attribute name="CPU Util currently" value="107578459588" />
<allocation-satisfied id="3330" threadId="0000000001367F00" bytesRequested="1168" />
<af-end id="3331" timestamp="2019-08-09T17:55:40.734" threadId="0000000001368888" success="true" from="nursery"/>
<exclusive-end id="3332" timestamp="2019-08-09T17:55:40.734" durationms="1.150" />

<exclusive-start id="3333" timestamp="2019-08-09T17:55:40.741" intervalms="8.360">
  <response-info timems="0.021" idlems="0.021" threads="0" lastid="0000000001367F00" lastname="main" />
</exclusive-start>
<af-start id="3334" threadId="0000000001368888" totalBytesRequested="1168" timestamp="2019-08-09T17:55:40.741" intervalms="8.349" type="nursery" />
<cycle-start id="3335" type="scavenge" contextid="0" timestamp="2019-08-09T17:55:40.741" intervalms="8.316" />
<gc-start id="3336" type="scavenge" contextid="3335" timestamp="2019-08-09T17:55:40.741">
  <mem-info id="3337" free="1911432" total="97124352" percent="1">
    <mem type="nursery" free="0" total="76939264" percent="0">
      <mem type="allocate" free="0" total="69206016" percent="0" />
      <mem type="survivor" free="0" total="7733248" percent="0" />
    </mem>
    <mem type="tenure" free="1911432" total="20185088" percent="9">
      <mem type="soa" free="1709704" total="19983360" percent="8" />
      <mem type="loa" free="201728" total="201728" percent="100" />
    </mem>
    <remembered-set count="120" />
  </mem-info>
</gc-start>
<allocation-stats totalBytes="68943704" >
  <allocated-bytes non-tlh="1168" tlh="68942536" />
  <largest-consumer threadName="main" threadId="0000000001367F00" bytes="68943704" />
</allocation-stats>
<gc-op id="3338" type="scavenge" timems="0.534" contextid="3335" timestamp="2019-08-09T17:55:40.742">
  <scavenger-info tenureage="3" tenuremask="fff8" tiltratio="89" />
  <memory-copied type="nursery" objects="2" bytes="56" bytesdiscarded="32200" />
</gc-op>
<gc-end id="3339" type="scavenge" contextid="3335" durationms="0.954" usertimems="1.371" systemtimems="0.000" timestamp="2019-08-09T17:55:40.742" activeThreads="16">
  <mem-info id="3340" free="71085192" total="97124352" percent="73">
    <mem type="nursery" free="69173760" total="76939264" percent="89">
      <mem type="allocate" free="69173760" total="69206016" percent="99" />
      <mem type="survivor" free="0" total="7733248" percent="0" />
    </mem>
    <mem type="tenure" free="1911432" total="20185088" percent="9" macro-fragmented="2539">
      <mem type="soa" free="1709704" total="19983360" percent="8" />
      <mem type="loa" free="201728" total="201728" percent="100" />
    </mem>
    <remembered-set count="120" />
  </mem-info>
</gc-end>
<cycle-end id="3341" type="scavenge" contextid="3335" timestamp="2019-08-09T17:55:40.742" />
  <attribute name="elasticGC enabled" value="1" />
  <attribute name= "numThreadsSpecified" value="16" />
  <attribute name="heapSize specified" value="47316992" />
  <attribute name="Current GC Util" value="14" />
  <attribute name= "Current Time Running" value="146674" />
  <attribute name ="GC Interval" value="2481" />
  <attribute name="Target GC Util Change" value ="80.000000" />
  <attribute name="Current GC Util Change" value="14.000000"/>
  <attribute name="Current Error" value="409.000000" />
  <attribute name="Output H" value="97200504"/>
  <attribute name="Output I" value="2480"/>
  <attribute name="Output T" value="16"/>
  <attribute name= "Current Time Running" value="146674" />
  <attribute name="GC Util currently" value="14" />
  <attribute name="CPU Util currently" value="138951636849" />
<allocation-satisfied id="3342" threadId="0000000001367F00" bytesRequested="1168" />
<af-end id="3343" timestamp="2019-08-09T17:55:40.742" threadId="0000000001368888" success="true" from="nursery"/>
<exclusive-end id="3344" timestamp="2019-08-09T17:55:40.742" durationms="1.167" />

<exclusive-start id="3345" timestamp="2019-08-09T17:55:40.750" intervalms="8.665">
  <response-info timems="0.024" idlems="0.024" threads="0" lastid="0000000001367F00" lastname="main" />
</exclusive-start>
<af-start id="3346" threadId="0000000001368888" totalBytesRequested="1168" timestamp="2019-08-09T17:55:40.750" intervalms="8.682" type="nursery" />
<cycle-start id="3347" type="scavenge" contextid="0" timestamp="2019-08-09T17:55:40.750" intervalms="8.684" />
<gc-start id="3348" type="scavenge" contextid="3347" timestamp="2019-08-09T17:55:40.750">
  <mem-info id="3349" free="1911432" total="97124352" percent="1">
    <mem type="nursery" free="0" total="76939264" percent="0">
      <mem type="allocate" free="0" total="69206016" percent="0" />
      <mem type="survivor" free="0" total="7733248" percent="0" />
    </mem>
    <mem type="tenure" free="1911432" total="20185088" percent="9">
      <mem type="soa" free="1709704" total="19983360" percent="8" />
      <mem type="loa" free="201728" total="201728" percent="100" />
    </mem>
    <remembered-set count="120" />
  </mem-info>
</gc-start>
<allocation-stats totalBytes="68943680" >
  <allocated-bytes non-tlh="1168" tlh="68942512" />
  <largest-consumer threadName="main" threadId="0000000001367F00" bytes="68943680" />
</allocation-stats>
<gc-op id="3350" type="scavenge" timems="0.560" contextid="3347" timestamp="2019-08-09T17:55:40.750">
  <scavenger-info tenureage="3" tenuremask="fff8" tiltratio="89" />
  <memory-copied type="nursery" objects="2" bytes="56" bytesdiscarded="32200" />
</gc-op>
<gc-end id="3351" type="scavenge" contextid="3347" durationms="1.008" usertimems="1.232" systemtimems="0.000" timestamp="2019-08-09T17:55:40.751" activeThreads="16">
  <mem-info id="3352" free="71085192" total="97124352" percent="73">
    <mem type="nursery" free="69173760" total="76939264" percent="89">
      <mem type="allocate" free="69173760" total="69206016" percent="99" />
      <mem type="survivor" free="0" total="7733248" percent="0" />
    </mem>
    <mem type="tenure" free="1911432" total="20185088" percent="9" macro-fragmented="0">
      <mem type="soa" free="1709704" total="19983360" percent="8" />
      <mem type="loa" free="201728" total="201728" percent="100" />
    </mem>
    <remembered-set count="120" />
  </mem-info>
</gc-end>
<cycle-end id="3353" type="scavenge" contextid="3347" timestamp="2019-08-09T17:55:40.751" />
  <attribute name="elasticGC enabled" value="1" />
  <attribute name= "numThreadsSpecified" value="16" />
  <attribute name="heapSize specified" value="47316992" />
  <attribute name="Current GC Util" value="13" />
  <attribute name= "Current Time Running" value="146683" />
  <attribute name ="GC Interval" value="2089" />
  <attribute name="Target GC Util Change" value ="80.000000" />
  <attribute name="Current GC Util Change" value="13.000000"/>
  <attribute name="Current Error" value="67.000000" />
  <attribute name="Output H" value="97200112"/>
  <attribute name="Output I" value="2088"/>
  <attribute name="Output T" value="16"/>
  <attribute name= "Current Time Running" value="146683" />
  <attribute name="GC Util currently" value="13" />
  <attribute name="CPU Util currently" value="131814531893" />
<allocation-satisfied id="3354" threadId="0000000001367F00" bytesRequested="1168" />
<af-end id="3355" timestamp="2019-08-09T17:55:40.751" threadId="0000000001368888" success="true" from="nursery"/>
<exclusive-end id="3356" timestamp="2019-08-09T17:55:40.751" durationms="1.261" />

<exclusive-start id="3357" timestamp="2019-08-09T17:55:40.758" intervalms="8.608">
  <response-info timems="0.020" idlems="0.020" threads="0" lastid="0000000001367F00" lastname="main" />
</exclusive-start>
<af-start id="3358" threadId="0000000001368888" totalBytesRequested="1168" timestamp="2019-08-09T17:55:40.758" intervalms="8.592" type="nursery" />
<cycle-start id="3359" type="scavenge" contextid="0" timestamp="2019-08-09T17:55:40.758" intervalms="8.595" />
<gc-start id="3360" type="scavenge" contextid="3359" timestamp="2019-08-09T17:55:40.758">
  <mem-info id="3361" free="1911432" total="97124352" percent="1">
    <mem type="nursery" free="0" total="76939264" percent="0">
      <mem type="allocate" free="0" total="69206016" percent="0" />
      <mem type="survivor" free="0" total="7733248" percent="0" />
    </mem>
    <mem type="tenure" free="1911432" total="20185088" percent="9">
      <mem type="soa" free="1709704" total="19983360" percent="8" />
      <mem type="loa" free="201728" total="201728" percent="100" />
    </mem>
    <remembered-set count="120" />
  </mem-info>
</gc-start>
<allocation-stats totalBytes="68943704" >
  <allocated-bytes non-tlh="1168" tlh="68942536" />
  <largest-consumer threadName="main" threadId="0000000001367F00" bytes="68943704" />
</allocation-stats>
<gc-op id="3362" type="scavenge" timems="0.795" contextid="3359" timestamp="2019-08-09T17:55:40.759">
  <scavenger-info tenureage="3" tenuremask="fff8" tiltratio="89" />
  <memory-copied type="nursery" objects="2" bytes="56" bytesdiscarded="32200" />
</gc-op>
<heap-resize id="3363" type="expand" space="nursery" amount="4325376" count="1" timems="0.021" reason="excessive time being spent scavenging" timestamp="2019-08-09T17:55:40.760" />
<gc-end id="3364" type="scavenge" contextid="3359" durationms="1.226" usertimems="2.078" systemtimems="0.000" timestamp="2019-08-09T17:55:40.760" activeThreads="16">
  <mem-info id="3365" free="74951816" total="101449728" percent="73">
    <mem type="nursery" free="73040384" total="81264640" percent="89">
      <mem type="allocate" free="73040384" total="73072640" percent="99" />
      <mem type="survivor" free="0" total="8192000" percent="0" />
    </mem>
    <mem type="tenure" free="1911432" total="20185088" percent="9" macro-fragmented="0">
      <mem type="soa" free="1709704" total="19983360" percent="8" />
      <mem type="loa" free="201728" total="201728" percent="100" />
    </mem>
    <remembered-set count="120" />
  </mem-info>
</gc-end>
<cycle-end id="3366" type="scavenge" contextid="3359" timestamp="2019-08-09T17:55:40.760" />
  <attribute name="elasticGC enabled" value="1" />
  <attribute name= "numThreadsSpecified" value="16" />
  <attribute name="heapSize specified" value="47316992" />
  <attribute name="Current GC Util" value="14" />
  <attribute name= "Current Time Running" value="146692" />
  <attribute name ="GC Interval" value="2169" />
  <attribute name="Target GC Util Change" value ="80.000000" />
  <attribute name="Current GC Util Change" value="14.000000"/>
  <attribute name="Current Error" value="133.000000" />
  <attribute name="Output H" value="97200192"/>
  <attribute name="Output I" value="2168"/>
  <attribute name="Output T" value="16"/>
  <attribute name= "Current Time Running" value="146692" />
  <attribute name="GC Util currently" value="14" />
  <attribute name="CPU Util currently" value="134252320395" />
<allocation-satisfied id="3367" threadId="0000000001367F00" bytesRequested="1168" />
<af-end id="3368" timestamp="2019-08-09T17:55:40.760" threadId="0000000001368888" success="true" from="nursery"/>
<exclusive-end id="3369" timestamp="2019-08-09T17:55:40.760" durationms="1.496" />

<exclusive-start id="3370" timestamp="2019-08-09T17:55:40.771" intervalms="12.537">
  <response-info timems="0.023" idlems="0.023" threads="0" lastid="0000000001367F00" lastname="main" />
</exclusive-start>
<af-start id="3371" threadId="0000000001368888" totalBytesRequested="1168" timestamp="2019-08-09T17:55:40.771" intervalms="12.555" type="nursery" />
<cycle-start id="3372" type="scavenge" contextid="0" timestamp="2019-08-09T17:55:40.771" intervalms="12.568" />
<gc-start id="3373" type="scavenge" contextid="3372" timestamp="2019-08-09T17:55:40.771">
  <mem-info id="3374" free="1911432" total="101449728" percent="1">
    <mem type="nursery" free="0" total="81264640" percent="0">
      <mem type="allocate" free="0" total="73072640" percent="0" />
      <mem type="survivor" free="0" total="8192000" percent="0" />
    </mem>
    <mem type="tenure" free="1911432" total="20185088" percent="9">
      <mem type="soa" free="1709704" total="19983360" percent="8" />
      <mem type="loa" free="201728" total="201728" percent="100" />
    </mem>
    <remembered-set count="120" />
  </mem-info>
</gc-start>
<allocation-stats totalBytes="72797656" >
  <allocated-bytes non-tlh="1168" tlh="72796488" />
  <largest-consumer threadName="main" threadId="0000000001367F00" bytes="72797656" />
</allocation-stats>
<gc-op id="3375" type="scavenge" timems="0.485" contextid="3372" timestamp="2019-08-09T17:55:40.771">
  <scavenger-info tenureage="3" tenuremask="fff8" tiltratio="89" />
  <memory-copied type="nursery" objects="2" bytes="56" bytesdiscarded="32200" />
</gc-op>
<gc-end id="3376" type="scavenge" contextid="3372" durationms="0.918" usertimems="1.282" systemtimems="0.000" timestamp="2019-08-09T17:55:40.772" activeThreads="16">
  <mem-info id="3377" free="75017352" total="101449728" percent="73">
    <mem type="nursery" free="73105920" total="81264640" percent="89">
      <mem type="allocate" free="73105920" total="73138176" percent="99" />
      <mem type="survivor" free="0" total="8126464" percent="0" />
    </mem>
    <mem type="tenure" free="1911432" total="20185088" percent="9" macro-fragmented="0">
      <mem type="soa" free="1709704" total="19983360" percent="8" />
      <mem type="loa" free="201728" total="201728" percent="100" />
    </mem>
    <remembered-set count="120" />
  </mem-info>
</gc-end>
<cycle-end id="3378" type="scavenge" contextid="3372" timestamp="2019-08-09T17:55:40.772" />
  <attribute name="elasticGC enabled" value="1" />
  <attribute name= "numThreadsSpecified" value="16" />
  <attribute name="heapSize specified" value="47316992" />
  <attribute name="Current GC Util" value="16" />
  <attribute name= "Current Time Running" value="146704" />
  <attribute name ="GC Interval" value="2241" />
  <attribute name="Target GC Util Change" value ="80.000000" />
  <attribute name="Current GC Util Change" value="16.000000"/>
  <attribute name="Current Error" value="197.000000" />
  <attribute name="Output H" value="101525640"/>
  <attribute name="Output I" value="2240"/>
  <attribute name="Output T" value="16"/>
  <attribute name= "Current Time Running" value="146704" />
  <attribute name="GC Util currently" value="16" />
  <attribute name="CPU Util currently" value="92103748265" />
<allocation-satisfied id="3379" threadId="0000000001367F00" bytesRequested="1168" />
<af-end id="3380" timestamp="2019-08-09T17:55:40.772" threadId="0000000001368888" success="true" from="nursery"/>
<exclusive-end id="3381" timestamp="2019-08-09T17:55:40.772" durationms="1.179" />

<exclusive-start id="3382" timestamp="2019-08-09T17:55:40.779" intervalms="8.429">
  <response-info timems="0.022" idlems="0.022" threads="0" lastid="0000000001367F00" lastname="main" />
</exclusive-start>
<af-start id="3383" threadId="0000000001368888" totalBytesRequested="1168" timestamp="2019-08-09T17:55:40.779" intervalms="8.413" type="nursery" />
<cycle-start id="3384" type="scavenge" contextid="0" timestamp="2019-08-09T17:55:40.779" intervalms="8.397" />
<gc-start id="3385" type="scavenge" contextid="3384" timestamp="2019-08-09T17:55:40.779">
  <mem-info id="3386" free="1911432" total="101449728" percent="1">
    <mem type="nursery" free="0" total="81264640" percent="0">
      <mem type="allocate" free="0" total="73138176" percent="0" />
      <mem type="survivor" free="0" total="8126464" percent="0" />
    </mem>
    <mem type="tenure" free="1911432" total="20185088" percent="9">
      <mem type="soa" free="1709704" total="19983360" percent="8" />
      <mem type="loa" free="201728" total="201728" percent="100" />
    </mem>
    <remembered-set count="120" />
  </mem-info>
</gc-start>
<allocation-stats totalBytes="72863000" >
  <allocated-bytes non-tlh="1168" tlh="72861832" />
  <largest-consumer threadName="main" threadId="0000000001367F00" bytes="72863000" />
</allocation-stats>
<gc-op id="3387" type="scavenge" timems="0.659" contextid="3384" timestamp="2019-08-09T17:55:40.780">
  <scavenger-info tenureage="3" tenuremask="fff8" tiltratio="90" />
  <memory-copied type="nursery" objects="2" bytes="56" bytesdiscarded="32200" />
</gc-op>
<gc-end id="3388" type="scavenge" contextid="3384" durationms="1.030" usertimems="1.521" systemtimems="0.000" timestamp="2019-08-09T17:55:40.780" activeThreads="16">
  <mem-info id="3389" free="75017352" total="101449728" percent="73">
    <mem type="nursery" free="73105920" total="81264640" percent="89">
      <mem type="allocate" free="73105920" total="73138176" percent="99" />
      <mem type="survivor" free="0" total="8126464" percent="0" />
    </mem>
    <mem type="tenure" free="1911432" total="20185088" percent="9" macro-fragmented="0">
      <mem type="soa" free="1709704" total="19983360" percent="8" />
      <mem type="loa" free="201728" total="201728" percent="100" />
    </mem>
    <remembered-set count="120" />
  </mem-info>
</gc-end>
<cycle-end id="3390" type="scavenge" contextid="3384" timestamp="2019-08-09T17:55:40.780" />
  <attribute name="elasticGC enabled" value="1" />
  <attribute name= "numThreadsSpecified" value="16" />
  <attribute name="heapSize specified" value="47316992" />
  <attribute name="Current GC Util" value="15" />
  <attribute name= "Current Time Running" value="146713" />
  <attribute name ="GC Interval" value="2313" />
  <attribute name="Target GC Util Change" value ="80.000000" />
  <attribute name="Current GC Util Change" value="15.000000"/>
  <attribute name="Current Error" value="262.000000" />
  <attribute name="Output H" value="101525712"/>
  <attribute name="Output I" value="2312"/>
  <attribute name="Output T" value="16"/>
  <attribute name= "Current Time Running" value="146713" />
  <attribute name="GC Util currently" value="15" />
  <attribute name="CPU Util currently" value="137404764572" />
<allocation-satisfied id="3391" threadId="0000000001367F00" bytesRequested="1168" />
<af-end id="3392" timestamp="2019-08-09T17:55:40.780" threadId="0000000001368888" success="true" from="nursery"/>
<exclusive-end id="3393" timestamp="2019-08-09T17:55:40.780" durationms="1.246" />

<exclusive-start id="3394" timestamp="2019-08-09T17:55:40.789" intervalms="9.521">
  <response-info timems="0.023" idlems="0.023" threads="0" lastid="0000000001367F00" lastname="main" />
</exclusive-start>
<af-start id="3395" threadId="0000000001368888" totalBytesRequested="1168" timestamp="2019-08-09T17:55:40.789" intervalms="9.544" type="nursery" />
<cycle-start id="3396" type="scavenge" contextid="0" timestamp="2019-08-09T17:55:40.789" intervalms="9.545" />
<gc-start id="3397" type="scavenge" contextid="3396" timestamp="2019-08-09T17:55:40.789">
  <mem-info id="3398" free="1911432" total="101449728" percent="1">
    <mem type="nursery" free="0" total="81264640" percent="0">
      <mem type="allocate" free="0" total="73138176" percent="0" />
      <mem type="survivor" free="0" total="8126464" percent="0" />
    </mem>
    <mem type="tenure" free="1911432" total="20185088" percent="9">
      <mem type="soa" free="1709704" total="19983360" percent="8" />
      <mem type="loa" free="201728" total="201728" percent="100" />
    </mem>
    <remembered-set count="125" />
  </mem-info>
</gc-start>
<allocation-stats totalBytes="72671528" >
  <allocated-bytes non-tlh="1168" tlh="72670360" />
  <largest-consumer threadName="main" threadId="0000000001367F00" bytes="72671528" />
</allocation-stats>
<gc-op id="3399" type="scavenge" timems="0.502" contextid="3396" timestamp="2019-08-09T17:55:40.789">
  <scavenger-info tenureage="3" tenuremask="fff8" tiltratio="90" />
  <memory-copied type="nursery" objects="28" bytes="1960" bytesdiscarded="14168" />
</gc-op>
<gc-end id="3400" type="scavenge" contextid="3396" durationms="0.809" usertimems="1.035" systemtimems="0.000" timestamp="2019-08-09T17:55:40.790" activeThreads="16">
  <mem-info id="3401" free="75033480" total="101449728" percent="73">
    <mem type="nursery" free="73122048" total="81264640" percent="89">
      <mem type="allocate" free="73122048" total="73138176" percent="99" />
      <mem type="survivor" free="0" total="8126464" percent="0" />
    </mem>
    <mem type="tenure" free="1911432" total="20185088" percent="9" macro-fragmented="1500163">
      <mem type="soa" free="1709704" total="19983360" percent="8" />
      <mem type="loa" free="201728" total="201728" percent="100" />
    </mem>
    <remembered-set count="125" />
  </mem-info>
</gc-end>
<cycle-end id="3402" type="scavenge" contextid="3396" timestamp="2019-08-09T17:55:40.790" />
  <attribute name="elasticGC enabled" value="1" />
  <attribute name= "numThreadsSpecified" value="16" />
  <attribute name="heapSize specified" value="47316992" />
  <attribute name="Current GC Util" value="15" />
  <attribute name= "Current Time Running" value="146722" />
  <attribute name ="GC Interval" value="2393" />
  <attribute name="Target GC Util Change" value ="80.000000" />
  <attribute name="Current GC Util Change" value="15.000000"/>
  <attribute name="Current Error" value="327.000000" />
  <attribute name="Output H" value="101525792"/>
  <attribute name="Output I" value="2392"/>
  <attribute name="Output T" value="16"/>
  <attribute name= "Current Time Running" value="146722" />
  <attribute name="GC Util currently" value="15" />
  <attribute name="CPU Util currently" value="120808391141" />
<allocation-satisfied id="3403" threadId="0000000001367F00" bytesRequested="1168" />
<af-end id="3404" timestamp="2019-08-09T17:55:40.790" threadId="0000000001368888" success="true" from="nursery"/>
<exclusive-end id="3405" timestamp="2019-08-09T17:55:40.790" durationms="1.070" />

<exclusive-start id="3406" timestamp="2019-08-09T17:55:40.798" intervalms="9.018">
  <response-info timems="0.024" idlems="0.024" threads="0" lastid="0000000001367F00" lastname="main" />
</exclusive-start>
<af-start id="3407" threadId="0000000001368888" totalBytesRequested="1168" timestamp="2019-08-09T17:55:40.798" intervalms="8.995" type="nursery" />
<cycle-start id="3408" type="scavenge" contextid="0" timestamp="2019-08-09T17:55:40.798" intervalms="8.993" />
<gc-start id="3409" type="scavenge" contextid="3408" timestamp="2019-08-09T17:55:40.798">
  <mem-info id="3410" free="1911432" total="101449728" percent="1">
    <mem type="nursery" free="0" total="81264640" percent="0">
      <mem type="allocate" free="0" total="73138176" percent="0" />
      <mem type="survivor" free="0" total="8126464" percent="0" />
    </mem>
    <mem type="tenure" free="1911432" total="20185088" percent="9">
      <mem type="soa" free="1709704" total="19983360" percent="8" />
      <mem type="loa" free="201728" total="201728" percent="100" />
    </mem>
    <remembered-set count="125" />
  </mem-info>
</gc-start>
<allocation-stats totalBytes="72663608" >
  <allocated-bytes non-tlh="1168" tlh="72662440" />
  <largest-consumer threadName="main" threadId="0000000001367F00" bytes="72663608" />
</allocation-stats>
<gc-op id="3411" type="scavenge" timems="0.487" contextid="3408" timestamp="2019-08-09T17:55:40.798">
  <scavenger-info tenureage="3" tenuremask="fff8" tiltratio="90" />
  <memory-copied type="nursery" objects="28" bytes="1960" bytesdiscarded="30296" />
</gc-op>
<gc-end id="3412" type="scavenge" contextid="3408" durationms="0.889" usertimems="1.128" systemtimems="0.000" timestamp="2019-08-09T17:55:40.799" activeThreads="16">
  <mem-info id="3413" free="75017352" total="101449728" percent="73">
    <mem type="nursery" free="73105920" total="81264640" percent="89">
      <mem type="allocate" free="73105920" total="73138176" percent="99" />
      <mem type="survivor" free="0" total="8126464" percent="0" />
    </mem>
    <mem type="tenure" free="1911432" total="20185088" percent="9" macro-fragmented="0">
      <mem type="soa" free="1709704" total="19983360" percent="8" />
      <mem type="loa" free="201728" total="201728" percent="100" />
    </mem>
    <remembered-set count="115" />
  </mem-info>
</gc-end>
<cycle-end id="3414" type="scavenge" contextid="3408" timestamp="2019-08-09T17:55:40.799" />
  <attribute name="elasticGC enabled" value="1" />
  <attribute name= "numThreadsSpecified" value="16" />
  <attribute name="heapSize specified" value="47316992" />
  <attribute name="Current GC Util" value="11" />
  <attribute name= "Current Time Running" value="146731" />
  <attribute name ="GC Interval" value="2473" />
  <attribute name="Target GC Util Change" value ="80.000000" />
  <attribute name="Current GC Util Change" value="11.000000"/>
  <attribute name="Current Error" value="396.000000" />
  <attribute name="Output H" value="101525872"/>
  <attribute name="Output I" value="2472"/>
  <attribute name="Output T" value="16"/>
  <attribute name= "Current Time Running" value="146731" />
  <attribute name="GC Util currently" value="11" />
  <attribute name="CPU Util currently" value="127815850945" />
<allocation-satisfied id="3415" threadId="0000000001367F00" bytesRequested="1168" />
<af-end id="3416" timestamp="2019-08-09T17:55:40.799" threadId="0000000001368888" success="true" from="nursery"/>
<exclusive-end id="3417" timestamp="2019-08-09T17:55:40.799" durationms="1.138" />

<exclusive-start id="3418" timestamp="2019-08-09T17:55:40.808" intervalms="9.947">
  <response-info timems="0.020" idlems="0.020" threads="0" lastid="0000000001367F00" lastname="main" />
</exclusive-start>
<af-start id="3419" threadId="0000000001368888" totalBytesRequested="1168" timestamp="2019-08-09T17:55:40.808" intervalms="9.975" type="nursery" />
<cycle-start id="3420" type="scavenge" contextid="0" timestamp="2019-08-09T17:55:40.808" intervalms="10.017" />
<gc-start id="3421" type="scavenge" contextid="3420" timestamp="2019-08-09T17:55:40.808">
  <mem-info id="3422" free="1911432" total="101449728" percent="1">
    <mem type="nursery" free="0" total="81264640" percent="0">
      <mem type="allocate" free="0" total="73138176" percent="0" />
      <mem type="survivor" free="0" total="8126464" percent="0" />
    </mem>
    <mem type="tenure" free="1911432" total="20185088" percent="9">
      <mem type="soa" free="1709704" total="19983360" percent="8" />
      <mem type="loa" free="201728" total="201728" percent="100" />
    </mem>
    <remembered-set count="115" />
  </mem-info>
</gc-start>
<allocation-stats totalBytes="72648704" >
  <allocated-bytes non-tlh="1168" tlh="72647536" />
  <largest-consumer threadName="main" threadId="0000000001367F00" bytes="72648704" />
</allocation-stats>
<gc-op id="3423" type="scavenge" timems="0.563" contextid="3420" timestamp="2019-08-09T17:55:40.809">
  <scavenger-info tenureage="3" tenuremask="fff8" tiltratio="90" />
  <memory-copied type="nursery" objects="28" bytes="1960" bytesdiscarded="30296" />
</gc-op>
<heap-resize id="3424" type="expand" space="nursery" amount="3538944" count="1" timems="0.019" reason="excessive time being spent scavenging" timestamp="2019-08-09T17:55:40.809" />
<gc-end id="3425" type="scavenge" contextid="3420" durationms="1.216" usertimems="1.605" systemtimems="0.000" timestamp="2019-08-09T17:55:40.809" activeThreads="16">
  <mem-info id="3426" free="78163080" total="104988672" percent="74">
    <mem type="nursery" free="76251648" total="84803584" percent="89">
      <mem type="allocate" free="76251648" total="76283904" percent="99" />
      <mem type="survivor" free="0" total="8519680" percent="0" />
    </mem>
    <mem type="tenure" free="1911432" total="20185088" percent="9" macro-fragmented="0">
      <mem type="soa" free="1709704" total="19983360" percent="8" />
      <mem type="loa" free="201728" total="201728" percent="100" />
    </mem>
    <remembered-set count="115" />
  </mem-info>
</gc-end>
<cycle-end id="3427" type="scavenge" contextid="3420" timestamp="2019-08-09T17:55:40.809" />
  <attribute name="elasticGC enabled" value="1" />
  <attribute name= "numThreadsSpecified" value="16" />
  <attribute name="heapSize specified" value="47316992" />
  <attribute name="Current GC Util" value="11" />
  <attribute name= "Current Time Running" value="146741" />
  <attribute name ="GC Interval" value="2089" />
  <attribute name="Target GC Util Change" value ="80.000000" />
  <attribute name="Current GC Util Change" value="11.000000"/>
  <attribute name="Current Error" value="69.000000" />
  <attribute name="Output H" value="101525488"/>
  <attribute name="Output I" value="2088"/>
  <attribute name="Output T" value="16"/>
  <attribute name= "Current Time Running" value="146741" />
  <attribute name="GC Util currently" value="11" />
  <attribute name="CPU Util currently" value="115307955832" />
<allocation-satisfied id="3428" threadId="0000000001367F00" bytesRequested="1168" />
<af-end id="3429" timestamp="2019-08-09T17:55:40.809" threadId="0000000001368888" success="true" from="nursery"/>
<exclusive-end id="3430" timestamp="2019-08-09T17:55:40.809" durationms="1.516" />

<exclusive-start id="3431" timestamp="2019-08-09T17:55:40.817" intervalms="9.692">
  <response-info timems="0.022" idlems="0.022" threads="0" lastid="0000000001367F00" lastname="main" />
</exclusive-start>
<af-start id="3432" threadId="0000000001368888" totalBytesRequested="1168" timestamp="2019-08-09T17:55:40.817" intervalms="9.664" type="nursery" />
<cycle-start id="3433" type="scavenge" contextid="0" timestamp="2019-08-09T17:55:40.817" intervalms="9.623" />
<gc-start id="3434" type="scavenge" contextid="3433" timestamp="2019-08-09T17:55:40.818">
  <mem-info id="3435" free="1911432" total="104988672" percent="1">
    <mem type="nursery" free="0" total="84803584" percent="0">
      <mem type="allocate" free="0" total="76283904" percent="0" />
      <mem type="survivor" free="0" total="8519680" percent="0" />
    </mem>
    <mem type="tenure" free="1911432" total="20185088" percent="9">
      <mem type="soa" free="1709704" total="19983360" percent="8" />
      <mem type="loa" free="201728" total="201728" percent="100" />
    </mem>
    <remembered-set count="115" />
  </mem-info>
</gc-start>
<allocation-stats totalBytes="75774728" >
  <allocated-bytes non-tlh="1168" tlh="75773560" />
  <largest-consumer threadName="main" threadId="0000000001367F00" bytes="75774728" />
</allocation-stats>
<gc-op id="3436" type="scavenge" timems="0.691" contextid="3433" timestamp="2019-08-09T17:55:40.818">
  <scavenger-info tenureage="3" tenuremask="fff8" tiltratio="89" />
  <memory-copied type="nursery" objects="2" bytes="64" bytesdiscarded="16064" />
  <memory-copied type="tenure" objects="26" bytes="1896" bytesdiscarded="352" />
</gc-op>
<gc-end id="3437" type="scavenge" contextid="3433" durationms="1.071" usertimems="1.450" systemtimems="0.000" timestamp="2019-08-09T17:55:40.819" activeThreads="16">
  <mem-info id="3438" free="78179208" total="104988672" percent="74">
    <mem type="nursery" free="76267776" total="84803584" percent="89">
      <mem type="allocate" free="76267776" total="76283904" percent="99" />
      <mem type="survivor" free="0" total="8519680" percent="0" />
    </mem>
    <mem type="tenure" free="1911432" total="20185088" percent="9" macro-fragmented="0">
      <mem type="soa" free="1709704" total="19983360" percent="8" />
      <mem type="loa" free="201728" total="201728" percent="100" />
    </mem>
    <remembered-set count="120" />
  </mem-info>
</gc-end>
<cycle-end id="3439" type="scavenge" contextid="3433" timestamp="2019-08-09T17:55:40.819" />
  <attribute name="elasticGC enabled" value="1" />
  <attribute name= "numThreadsSpecified" value="16" />
  <attribute name="heapSize specified" value="47316992" />
  <attribute name="Current GC Util" value="14" />
  <attribute name= "Current Time Running" value="146751" />
  <attribute name ="GC Interval" value="2169" />
  <attribute name="Target GC Util Change" value ="80.000000" />
  <attribute name="Current GC Util Change" value="14.000000"/>
  <attribute name="Current Error" value="135.000000" />
  <attribute name="Output H" value="105064512"/>
  <attribute name="Output I" value="2168"/>
  <attribute name="Output T" value="16"/>
  <attribute name= "Current Time Running" value="146751" />
  <attribute name="GC Util currently" value="14" />
  <attribute name="CPU Util currently" value="119817112244" />
<allocation-satisfied id="3440" threadId="0000000001367F00" bytesRequested="1168" />
<af-end id="3441" timestamp="2019-08-09T17:55:40.819" threadId="0000000001368888" success="true" from="nursery"/>
<exclusive-end id="3442" timestamp="2019-08-09T17:55:40.819" durationms="1.295" />

<exclusive-start id="3443" timestamp="2019-08-09T17:55:40.829" intervalms="11.191">
  <response-info timems="0.025" idlems="0.025" threads="0" lastid="0000000001367F00" lastname="main" />
</exclusive-start>
<af-start id="3444" threadId="0000000001368888" totalBytesRequested="1168" timestamp="2019-08-09T17:55:40.829" intervalms="11.252" type="nursery" />
<cycle-start id="3445" type="scavenge" contextid="0" timestamp="2019-08-09T17:55:40.829" intervalms="11.265" />
<gc-start id="3446" type="scavenge" contextid="3445" timestamp="2019-08-09T17:55:40.829">
  <mem-info id="3447" free="1911432" total="104988672" percent="1">
    <mem type="nursery" free="0" total="84803584" percent="0">
      <mem type="allocate" free="0" total="76283904" percent="0" />
      <mem type="survivor" free="0" total="8519680" percent="0" />
    </mem>
    <mem type="tenure" free="1911432" total="20185088" percent="9">
      <mem type="soa" free="1709704" total="19983360" percent="8" />
      <mem type="loa" free="201728" total="201728" percent="100" />
    </mem>
    <remembered-set count="120" />
  </mem-info>
</gc-start>
<allocation-stats totalBytes="75790848" >
  <allocated-bytes non-tlh="1168" tlh="75789680" />
  <largest-consumer threadName="main" threadId="0000000001367F00" bytes="75790848" />
</allocation-stats>
<gc-op id="3448" type="scavenge" timems="1.083" contextid="3445" timestamp="2019-08-09T17:55:40.830">
  <scavenger-info tenureage="3" tenuremask="ffe8" tiltratio="89" />
  <memory-copied type="nursery" objects="2" bytes="64" bytesdiscarded="16064" />
</gc-op>
<heap-resize id="3449" type="expand" space="nursery" amount="3276800" count="1" timems="0.021" reason="excessive time being spent scavenging" timestamp="2019-08-09T17:55:40.830" />
<gc-end id="3450" type="scavenge" contextid="3445" durationms="1.475" usertimems="1.945" systemtimems="0.000" timestamp="2019-08-09T17:55:40.830" activeThreads="16">
  <mem-info id="3451" free="81128328" total="108265472" percent="74">
    <mem type="nursery" free="79216896" total="88080384" percent="89">
      <mem type="allocate" free="79216896" total="79233024" percent="99" />
      <mem type="survivor" free="0" total="8847360" percent="0" />
    </mem>
    <mem type="tenure" free="1911432" total="20185088" percent="9" macro-fragmented="868149">
      <mem type="soa" free="1709704" total="19983360" percent="8" />
      <mem type="loa" free="201728" total="201728" percent="100" />
    </mem>
    <remembered-set count="120" />
  </mem-info>
</gc-end>
<cycle-end id="3452" type="scavenge" contextid="3445" timestamp="2019-08-09T17:55:40.831" />
  <attribute name="elasticGC enabled" value="1" />
  <attribute name= "numThreadsSpecified" value="16" />
  <attribute name="heapSize specified" value="47316992" />
  <attribute name="Current GC Util" value="12" />
  <attribute name= "Current Time Running" value="146762" />
  <attribute name ="GC Interval" value="2249" />
  <attribute name="Target GC Util Change" value ="80.000000" />
  <attribute name="Current GC Util Change" value="12.000000"/>
  <attribute name="Current Error" value="203.000000" />
  <attribute name="Output H" value="105064592"/>
  <attribute name="Output I" value="2248"/>
  <attribute name="Output T" value="16"/>
  <attribute name= "Current Time Running" value="146762" />
  <attribute name="GC Util currently" value="12" />
  <attribute name="CPU Util currently" value="100457778079" />
<allocation-satisfied id="3453" threadId="0000000001367F00" bytesRequested="1168" />
<af-end id="3454" timestamp="2019-08-09T17:55:40.831" threadId="0000000001368888" success="true" from="nursery"/>
<exclusive-end id="3455" timestamp="2019-08-09T17:55:40.831" durationms="1.949" />

<exclusive-start id="3456" timestamp="2019-08-09T17:55:40.888" intervalms="59.731">
  <response-info timems="0.017" idlems="0.017" threads="0" lastid="0000000001367F00" lastname="main" />
</exclusive-start>
<af-start id="3457" threadId="0000000001368888" totalBytesRequested="24" timestamp="2019-08-09T17:55:40.888" intervalms="59.665" type="nursery" />
<cycle-start id="3458" type="scavenge" contextid="0" timestamp="2019-08-09T17:55:40.888" intervalms="59.650" />
<gc-start id="3459" type="scavenge" contextid="3458" timestamp="2019-08-09T17:55:40.889">
  <mem-info id="3460" free="1911432" total="108265472" percent="1">
    <mem type="nursery" free="0" total="88080384" percent="0">
      <mem type="allocate" free="0" total="79233024" percent="0" />
      <mem type="survivor" free="0" total="8847360" percent="0" />
    </mem>
    <mem type="tenure" free="1911432" total="20185088" percent="9">
      <mem type="soa" free="1709704" total="19983360" percent="8" />
      <mem type="loa" free="201728" total="201728" percent="100" />
    </mem>
    <remembered-set count="131" />
  </mem-info>
</gc-start>
<allocation-stats totalBytes="79201264" >
  <allocated-bytes non-tlh="1168" tlh="79200096" />
  <largest-consumer threadName="main" threadId="0000000001367F00" bytes="79201264" />
</allocation-stats>
<gc-op id="3461" type="scavenge" timems="1.082" contextid="3458" timestamp="2019-08-09T17:55:40.890">
  <scavenger-info tenureage="3" tenuremask="fff8" tiltratio="89" />
  <memory-copied type="nursery" objects="247" bytes="7992" bytesdiscarded="71832" />
  <references type="weak" candidates="37" cleared="0" enqueued="0" />
</gc-op>
<gc-end id="3462" type="scavenge" contextid="3458" durationms="1.487" usertimems="2.367" systemtimems="0.000" timestamp="2019-08-09T17:55:40.890" activeThreads="16">
  <mem-info id="3463" free="81064584" total="108265472" percent="74">
    <mem type="nursery" free="79153152" total="88080384" percent="89">
      <mem type="allocate" free="79153152" total="79233024" percent="99" />
      <mem type="survivor" free="0" total="8847360" percent="0" />
    </mem>
    <mem type="tenure" free="1911432" total="20185088" percent="9" macro-fragmented="0">
      <mem type="soa" free="1709704" total="19983360" percent="8" />
      <mem type="loa" free="201728" total="201728" percent="100" />
    </mem>
    <remembered-set count="131" />
  </mem-info>
</gc-end>
<cycle-end id="3464" type="scavenge" contextid="3458" timestamp="2019-08-09T17:55:40.890" />
  <attribute name="elasticGC enabled" value="1" />
  <attribute name= "numThreadsSpecified" value="16" />
  <attribute name="heapSize specified" value="47316992" />
  <attribute name="Current GC Util" value="3" />
  <attribute name= "Current Time Running" value="146822" />
  <attribute name ="GC Interval" value="2337" />
  <attribute name="Target GC Util Change" value ="80.000000" />
  <attribute name="Current GC Util Change" value="3.000000"/>
  <attribute name="Current Error" value="280.000000" />
  <attribute name="Output H" value="108341480"/>
  <attribute name="Output I" value="2336"/>
  <attribute name="Output T" value="16"/>
  <attribute name= "Current Time Running" value="146822" />
  <attribute name="GC Util currently" value="3" />
  <attribute name="CPU Util currently" value="19385371446" />
<allocation-satisfied id="3465" threadId="0000000001367F00" bytesRequested="24" />
<af-end id="3466" timestamp="2019-08-09T17:55:40.890" threadId="0000000001368888" success="true" from="nursery"/>
<exclusive-end id="3467" timestamp="2019-08-09T17:55:40.890" durationms="1.726" />

<exclusive-start id="3468" timestamp="2019-08-09T17:55:40.931" intervalms="42.922">
  <response-info timems="0.022" idlems="0.022" threads="0" lastid="0000000001367F00" lastname="main" />
</exclusive-start>
<af-start id="3469" threadId="0000000001368888" totalBytesRequested="88" timestamp="2019-08-09T17:55:40.931" intervalms="42.927" type="nursery" />
<cycle-start id="3470" type="scavenge" contextid="0" timestamp="2019-08-09T17:55:40.931" intervalms="42.930" />
<gc-start id="3471" type="scavenge" contextid="3470" timestamp="2019-08-09T17:55:40.931">
  <mem-info id="3472" free="1911432" total="108265472" percent="1">
    <mem type="nursery" free="0" total="88080384" percent="0">
      <mem type="allocate" free="0" total="79233024" percent="0" />
      <mem type="survivor" free="0" total="8847360" percent="0" />
    </mem>
    <mem type="tenure" free="1911432" total="20185088" percent="9">
      <mem type="soa" free="1709704" total="19983360" percent="8" />
      <mem type="loa" free="201728" total="201728" percent="100" />
    </mem>
    <remembered-set count="133" />
  </mem-info>
</gc-start>
<allocation-stats totalBytes="79122496" >
  <allocated-bytes non-tlh="24" tlh="79122472" />
  <largest-consumer threadName="main" threadId="0000000001367F00" bytes="79122496" />
</allocation-stats>
<gc-op id="3473" type="scavenge" timems="0.620" contextid="3470" timestamp="2019-08-09T17:55:40.932">
  <scavenger-info tenureage="3" tenuremask="fff8" tiltratio="89" />
  <memory-copied type="nursery" objects="79" bytes="2344" bytesdiscarded="77528" />
  <references type="weak" candidates="37" cleared="7" enqueued="3" />
</gc-op>
<gc-end id="3474" type="scavenge" contextid="3470" durationms="0.983" usertimems="1.502" systemtimems="0.000" timestamp="2019-08-09T17:55:40.932" activeThreads="16">
  <mem-info id="3475" free="81064584" total="108265472" percent="74">
    <mem type="nursery" free="79153152" total="88080384" percent="89">
      <mem type="allocate" free="79153152" total="79233024" percent="99" />
      <mem type="survivor" free="0" total="8847360" percent="0" />
    </mem>
    <mem type="tenure" free="1911432" total="20185088" percent="9" macro-fragmented="5266">
      <mem type="soa" free="1709704" total="19983360" percent="8" />
      <mem type="loa" free="201728" total="201728" percent="100" />
    </mem>
    <pending-finalizers system="0" default="0" reference="3" classloader="0" />
    <remembered-set count="123" />
  </mem-info>
</gc-end>
<cycle-end id="3476" type="scavenge" contextid="3470" timestamp="2019-08-09T17:55:40.932" />
  <attribute name="elasticGC enabled" value="1" />
  <attribute name= "numThreadsSpecified" value="16" />
  <attribute name="heapSize specified" value="47316992" />
  <attribute name="Current GC Util" value="5" />
  <attribute name= "Current Time Running" value="146865" />
  <attribute name ="GC Interval" value="2425" />
  <attribute name="Target GC Util Change" value ="80.000000" />
  <attribute name="Current GC Util Change" value="5.000000"/>
  <attribute name="Current Error" value="355.000000" />
  <attribute name="Output H" value="108341568"/>
  <attribute name="Output I" value="2424"/>
  <attribute name="Output T" value="16"/>
  <attribute name= "Current Time Running" value="146865" />
  <attribute name="GC Util currently" value="5" />
  <attribute name="CPU Util currently" value="26877938820" />
<allocation-satisfied id="3477" threadId="0000000001367F00" bytesRequested="88" />
<af-end id="3478" timestamp="2019-08-09T17:55:40.932" threadId="0000000001368888" success="true" from="nursery"/>
<exclusive-end id="3479" timestamp="2019-08-09T17:55:40.932" durationms="1.211" />

<exclusive-start id="3480" timestamp="2019-08-09T17:55:40.948" intervalms="16.802">
  <response-info timems="0.013" idlems="0.013" threads="0" lastid="0000000001367F00" lastname="main" />
</exclusive-start>
<af-start id="3481" threadId="0000000001368888" totalBytesRequested="32" timestamp="2019-08-09T17:55:40.948" intervalms="16.795" type="nursery" />
<cycle-start id="3482" type="scavenge" contextid="0" timestamp="2019-08-09T17:55:40.948" intervalms="16.792" />
<gc-start id="3483" type="scavenge" contextid="3482" timestamp="2019-08-09T17:55:40.948">
  <mem-info id="3484" free="1911432" total="108265472" percent="1">
    <mem type="nursery" free="0" total="88080384" percent="0">
      <mem type="allocate" free="0" total="79233024" percent="0" />
      <mem type="survivor" free="0" total="8847360" percent="0" />
    </mem>
    <mem type="tenure" free="1911432" total="20185088" percent="9">
      <mem type="soa" free="1709704" total="19983360" percent="8" />
      <mem type="loa" free="201728" total="201728" percent="100" />
    </mem>
    <remembered-set count="124" />
  </mem-info>
</gc-start>
<allocation-stats totalBytes="79112432" >
  <allocated-bytes non-tlh="88" tlh="79112344" />
  <largest-consumer threadName="main" threadId="0000000001367F00" bytes="79112432" />
</allocation-stats>
<gc-op id="3485" type="scavenge" timems="0.729" contextid="3482" timestamp="2019-08-09T17:55:40.949">
  <scavenger-info tenureage="3" tenuremask="fff8" tiltratio="89" />
  <memory-copied type="nursery" objects="78" bytes="2456" bytesdiscarded="85096" />
  <references type="weak" candidates="30" cleared="0" enqueued="0" />
</gc-op>
<gc-end id="3486" type="scavenge" contextid="3482" durationms="1.116" usertimems="1.631" systemtimems="0.000" timestamp="2019-08-09T17:55:40.949" activeThreads="16">
  <mem-info id="3487" free="81056904" total="108265472" percent="74">
    <mem type="nursery" free="79145472" total="88080384" percent="89">
      <mem type="allocate" free="79145472" total="79233024" percent="99" />
      <mem type="survivor" free="0" total="8847360" percent="0" />
    </mem>
    <mem type="tenure" free="1911432" total="20185088" percent="9" macro-fragmented="0">
      <mem type="soa" free="1709704" total="19983360" percent="8" />
      <mem type="loa" free="201728" total="201728" percent="100" />
    </mem>
    <remembered-set count="124" />
  </mem-info>
</gc-end>
<cycle-end id="3488" type="scavenge" contextid="3482" timestamp="2019-08-09T17:55:40.949" />
  <attribute name="elasticGC enabled" value="1" />
  <attribute name= "numThreadsSpecified" value="16" />
  <attribute name="heapSize specified" value="47316992" />
  <attribute name="Current GC Util" value="8" />
  <attribute name= "Current Time Running" value="146881" />
  <attribute name ="GC Interval" value="2505" />
  <attribute name="Target GC Util Change" value ="80.000000" />
  <attribute name="Current GC Util Change" value="8.000000"/>
  <attribute name="Current Error" value="427.000000" />
  <attribute name="Output H" value="108341648"/>
  <attribute name="Output I" value="2504"/>
  <attribute name="Output T" value="16"/>
  <attribute name= "Current Time Running" value="146881" />
  <attribute name="GC Util currently" value="8" />
  <attribute name="CPU Util currently" value="68685969424" />
<allocation-satisfied id="3489" threadId="0000000001367F00" bytesRequested="32" />
<af-end id="3490" timestamp="2019-08-09T17:55:40.949" threadId="0000000001368888" success="true" from="nursery"/>
<exclusive-end id="3491" timestamp="2019-08-09T17:55:40.949" durationms="1.338" />

<exclusive-start id="3492" timestamp="2019-08-09T17:55:40.964" intervalms="15.625">
  <response-info timems="0.023" idlems="0.023" threads="0" lastid="0000000001367F00" lastname="main" />
</exclusive-start>
<af-start id="3493" threadId="0000000001368888" totalBytesRequested="32" timestamp="2019-08-09T17:55:40.964" intervalms="15.630" type="nursery" />
<cycle-start id="3494" type="scavenge" contextid="0" timestamp="2019-08-09T17:55:40.964" intervalms="15.662" />
<gc-start id="3495" type="scavenge" contextid="3494" timestamp="2019-08-09T17:55:40.964">
  <mem-info id="3496" free="1911432" total="108265472" percent="1">
    <mem type="nursery" free="0" total="88080384" percent="0">
      <mem type="allocate" free="0" total="79233024" percent="0" />
      <mem type="survivor" free="0" total="8847360" percent="0" />
    </mem>
    <mem type="tenure" free="1911432" total="20185088" percent="9">
      <mem type="soa" free="1709704" total="19983360" percent="8" />
      <mem type="loa" free="201728" total="201728" percent="100" />
    </mem>
    <remembered-set count="124" />
  </mem-info>
</gc-start>
<allocation-stats totalBytes="79105544" >
  <allocated-bytes non-tlh="32" tlh="79105512" />
  <largest-consumer threadName="main" threadId="0000000001367F00" bytes="79105544" />
</allocation-stats>
<gc-op id="3497" type="scavenge" timems="0.579" contextid="3494" timestamp="2019-08-09T17:55:40.965">
  <scavenger-info tenureage="3" tenuremask="fff8" tiltratio="89" />
  <memory-copied type="nursery" objects="22" bytes="824" bytesdiscarded="39112" />
  <memory-copied type="tenure" objects="56" bytes="1600" bytesdiscarded="0" />
</gc-op>
<gc-end id="3498" type="scavenge" contextid="3494" durationms="1.084" usertimems="1.420" systemtimems="0.000" timestamp="2019-08-09T17:55:40.965" activeThreads="16">
  <mem-info id="3499" free="81080712" total="108265472" percent="74">
    <mem type="nursery" free="79193088" total="88080384" percent="89">
      <mem type="allocate" free="79193088" total="79233024" percent="99" />
      <mem type="survivor" free="0" total="8847360" percent="0" />
    </mem>
    <mem type="tenure" free="1887624" total="20185088" percent="9" macro-fragmented="0">
      <mem type="soa" free="1685896" total="19983360" percent="8" />
      <mem type="loa" free="201728" total="201728" percent="100" />
    </mem>
    <remembered-set count="113" />
  </mem-info>
</gc-end>
<cycle-end id="3500" type="scavenge" contextid="3494" timestamp="2019-08-09T17:55:40.965" />
  <attribute name="elasticGC enabled" value="1" />
  <attribute name= "numThreadsSpecified" value="16" />
  <attribute name="heapSize specified" value="47316992" />
  <attribute name="Current GC Util" value="10" />
  <attribute name= "Current Time Running" value="146897" />
  <attribute name ="GC Interval" value="2089" />
  <attribute name="Target GC Util Change" value ="80.000000" />
  <attribute name="Current GC Util Change" value="10.000000"/>
  <attribute name="Current Error" value="70.000000" />
  <attribute name="Output H" value="108341232"/>
  <attribute name="Output I" value="2088"/>
  <attribute name="Output T" value="16"/>
  <attribute name= "Current Time Running" value="146897" />
  <attribute name="GC Util currently" value="10" />
  <attribute name="CPU Util currently" value="73250336335" />
<allocation-satisfied id="3501" threadId="0000000001367F00" bytesRequested="32" />
<af-end id="3502" timestamp="2019-08-09T17:55:40.965" threadId="0000000001368888" success="true" from="nursery"/>
<exclusive-end id="3503" timestamp="2019-08-09T17:55:40.965" durationms="1.360" />

<exclusive-start id="3504" timestamp="2019-08-09T17:55:40.982" intervalms="17.811">
  <response-info timems="0.020" idlems="0.020" threads="0" lastid="0000000001367F00" lastname="main" />
</exclusive-start>
<af-start id="3505" threadId="0000000001368888" totalBytesRequested="176" timestamp="2019-08-09T17:55:40.982" intervalms="17.813" type="nursery" />
<cycle-start id="3506" type="scavenge" contextid="0" timestamp="2019-08-09T17:55:40.982" intervalms="17.783" />
<gc-start id="3507" type="scavenge" contextid="3506" timestamp="2019-08-09T17:55:40.982">
  <mem-info id="3508" free="1887624" total="108265472" percent="1">
    <mem type="nursery" free="0" total="88080384" percent="0">
      <mem type="allocate" free="0" total="79233024" percent="0" />
      <mem type="survivor" free="0" total="8847360" percent="0" />
    </mem>
    <mem type="tenure" free="1887624" total="20185088" percent="9">
      <mem type="soa" free="1685896" total="19983360" percent="8" />
      <mem type="loa" free="201728" total="201728" percent="100" />
    </mem>
    <remembered-set count="115" />
  </mem-info>
</gc-start>
<allocation-stats totalBytes="79131968" >
  <allocated-bytes non-tlh="32" tlh="79131936" />
  <largest-consumer threadName="main" threadId="0000000001367F00" bytes="79131968" />
</allocation-stats>
<gc-op id="3509" type="scavenge" timems="0.518" contextid="3506" timestamp="2019-08-09T17:55:40.982">
  <scavenger-info tenureage="3" tenuremask="ffe8" tiltratio="89" />
  <memory-copied type="nursery" objects="23" bytes="848" bytesdiscarded="31408" />
  <memory-copied type="tenure" objects="6" bytes="136" bytesdiscarded="0" />
</gc-op>
<gc-end id="3510" type="scavenge" contextid="3506" durationms="0.951" usertimems="1.192" systemtimems="0.000" timestamp="2019-08-09T17:55:40.983" activeThreads="16">
  <mem-info id="3511" free="81088392" total="108265472" percent="74">
    <mem type="nursery" free="79200768" total="88080384" percent="89">
      <mem type="allocate" free="79200768" total="79233024" percent="99" />
      <mem type="survivor" free="0" total="8847360" percent="0" />
    </mem>
    <mem type="tenure" free="1887624" total="20185088" percent="9" macro-fragmented="0">
      <mem type="soa" free="1685896" total="19983360" percent="8" />
      <mem type="loa" free="201728" total="201728" percent="100" />
    </mem>
    <remembered-set count="113" />
  </mem-info>
</gc-end>
<cycle-end id="3512" type="scavenge" contextid="3506" timestamp="2019-08-09T17:55:40.983" />
  <attribute name="elasticGC enabled" value="1" />
  <attribute name= "numThreadsSpecified" value="16" />
  <attribute name="heapSize specified" value="47316992" />
  <attribute name="Current GC Util" value="8" />
  <attribute name= "Current Time Running" value="146915" />
  <attribute name ="GC Interval" value="2177" />
  <attribute name="Target GC Util Change" value ="80.000000" />
  <attribute name="Current GC Util Change" value="8.000000"/>
  <attribute name="Current Error" value="142.000000" />
  <attribute name="Output H" value="108341320"/>
  <attribute name="Output I" value="2176"/>
  <attribute name="Output T" value="16"/>
  <attribute name= "Current Time Running" value="146915" />
  <attribute name="GC Util currently" value="8" />
  <attribute name="CPU Util currently" value="65097016185" />
<allocation-satisfied id="3513" threadId="0000000001367F00" bytesRequested="176" />
<af-end id="3514" timestamp="2019-08-09T17:55:40.983" threadId="0000000001368888" success="true" from="nursery"/>
<exclusive-end id="3515" timestamp="2019-08-09T17:55:40.983" durationms="1.181" />

<exclusive-start id="3516" timestamp="2019-08-09T17:55:41.004" intervalms="22.599">
  <response-info timems="0.020" idlems="0.020" threads="0" lastid="0000000001367F00" lastname="main" />
</exclusive-start>
<af-start id="3517" threadId="0000000001368888" totalBytesRequested="24" timestamp="2019-08-09T17:55:41.004" intervalms="22.594" type="nursery" />
<cycle-start id="3518" type="scavenge" contextid="0" timestamp="2019-08-09T17:55:41.004" intervalms="22.592" />
<gc-start id="3519" type="scavenge" contextid="3518" timestamp="2019-08-09T17:55:41.004">
  <mem-info id="3520" free="1887624" total="108265472" percent="1">
    <mem type="nursery" free="0" total="88080384" percent="0">
      <mem type="allocate" free="0" total="79233024" percent="0" />
      <mem type="survivor" free="0" total="8847360" percent="0" />
    </mem>
    <mem type="tenure" free="1887624" total="20185088" percent="9">
      <mem type="soa" free="1685896" total="19983360" percent="8" />
      <mem type="loa" free="201728" total="201728" percent="100" />
    </mem>
    <remembered-set count="115" />
  </mem-info>
</gc-start>
<allocation-stats totalBytes="79158120" >
  <allocated-bytes non-tlh="176" tlh="79157944" />
  <largest-consumer threadName="main" threadId="0000000001367F00" bytes="79158120" />
</allocation-stats>
<gc-op id="3521" type="scavenge" timems="0.795" contextid="3518" timestamp="2019-08-09T17:55:41.005">
  <scavenger-info tenureage="3" tenuremask="ffe8" tiltratio="89" />
  <memory-copied type="nursery" objects="38" bytes="1368" bytesdiscarded="30888" />
</gc-op>
<gc-end id="3522" type="scavenge" contextid="3518" durationms="1.155" usertimems="1.422" systemtimems="0.000" timestamp="2019-08-09T17:55:41.005" activeThreads="16">
  <mem-info id="3523" free="81088392" total="108265472" percent="74">
    <mem type="nursery" free="79200768" total="88080384" percent="89">
      <mem type="allocate" free="79200768" total="79233024" percent="99" />
      <mem type="survivor" free="0" total="8847360" percent="0" />
    </mem>
    <mem type="tenure" free="1887624" total="20185088" percent="9" macro-fragmented="0">
      <mem type="soa" free="1685896" total="19983360" percent="8" />
      <mem type="loa" free="201728" total="201728" percent="100" />
    </mem>
    <remembered-set count="115" />
  </mem-info>
</gc-end>
<cycle-end id="3524" type="scavenge" contextid="3518" timestamp="2019-08-09T17:55:41.005" />
  <attribute name="elasticGC enabled" value="1" />
  <attribute name= "numThreadsSpecified" value="16" />
  <attribute name="heapSize specified" value="47316992" />
  <attribute name="Current GC Util" value="5" />
  <attribute name= "Current Time Running" value="146937" />
  <attribute name ="GC Interval" value="2265" />
  <attribute name="Target GC Util Change" value ="80.000000" />
  <attribute name="Current GC Util Change" value="5.000000"/>
  <attribute name="Current Error" value="217.000000" />
  <attribute name="Output H" value="108341408"/>
  <attribute name="Output I" value="2264"/>
  <attribute name="Output T" value="16"/>
  <attribute name= "Current Time Running" value="146937" />
  <attribute name="GC Util currently" value="5" />
  <attribute name="CPU Util currently" value="51038124234" />
<allocation-satisfied id="3525" threadId="0000000001367F00" bytesRequested="24" />
<af-end id="3526" timestamp="2019-08-09T17:55:41.005" threadId="0000000001368888" success="true" from="nursery"/>
<exclusive-end id="3527" timestamp="2019-08-09T17:55:41.005" durationms="1.352" />

<exclusive-start id="3528" timestamp="2019-08-09T17:55:41.208" intervalms="204.123">
  <response-info timems="0.019" idlems="0.019" threads="0" lastid="0000000001367F00" lastname="main" />
</exclusive-start>
<af-start id="3529" threadId="0000000001368888" totalBytesRequested="12552" timestamp="2019-08-09T17:55:41.208" intervalms="204.124" type="nursery" />
<cycle-start id="3530" type="scavenge" contextid="0" timestamp="2019-08-09T17:55:41.208" intervalms="204.125" />
<gc-start id="3531" type="scavenge" contextid="3530" timestamp="2019-08-09T17:55:41.208">
  <mem-info id="3532" free="1887624" total="108265472" percent="1">
    <mem type="nursery" free="0" total="88080384" percent="0">
      <mem type="allocate" free="0" total="79233024" percent="0" />
      <mem type="survivor" free="0" total="8847360" percent="0" />
    </mem>
    <mem type="tenure" free="1887624" total="20185088" percent="9">
      <mem type="soa" free="1685896" total="19983360" percent="8" />
      <mem type="loa" free="201728" total="201728" percent="100" />
    </mem>
    <remembered-set count="127" />
  </mem-info>
</gc-start>
<allocation-stats totalBytes="76913952" >
  <allocated-bytes non-tlh="24" tlh="76913928" />
  <largest-consumer threadName="main" threadId="0000000001367F00" bytes="76913952" />
</allocation-stats>
<gc-op id="3533" type="scavenge" timems="0.536" contextid="3530" timestamp="2019-08-09T17:55:41.209">
  <scavenger-info tenureage="3" tenuremask="fff8" tiltratio="89" />
  <memory-copied type="nursery" objects="79" bytes="15960" bytesdiscarded="168" />
</gc-op>
<gc-end id="3534" type="scavenge" contextid="3530" durationms="0.917" usertimems="1.143" systemtimems="0.000" timestamp="2019-08-09T17:55:41.209" activeThreads="16">
  <mem-info id="3535" free="81104520" total="108265472" percent="74">
    <mem type="nursery" free="79216896" total="88080384" percent="89">
      <mem type="allocate" free="79216896" total="79233024" percent="99" />
      <mem type="survivor" free="0" total="8847360" percent="0" />
    </mem>
    <mem type="tenure" free="1887624" total="20185088" percent="9" macro-fragmented="0">
      <mem type="soa" free="1685896" total="19983360" percent="8" />
      <mem type="loa" free="201728" total="201728" percent="100" />
    </mem>
    <remembered-set count="127" />
  </mem-info>
</gc-end>
<cycle-end id="3536" type="scavenge" contextid="3530" timestamp="2019-08-09T17:55:41.209" />
  <attribute name="elasticGC enabled" value="1" />
  <attribute name= "numThreadsSpecified" value="16" />
  <attribute name="heapSize specified" value="47316992" />
  <attribute name="Current GC Util" value="0" />
  <attribute name= "Current Time Running" value="147142" />
  <attribute name ="GC Interval" value="2353" />
  <attribute name="Target GC Util Change" value ="80.000000" />
  <attribute name="Current GC Util Change" value="0.000000"/>
  <attribute name="Current Error" value="297.000000" />
  <attribute name="Output H" value="108341496"/>
  <attribute name="Output I" value="2352"/>
  <attribute name="Output T" value="16"/>
  <attribute name= "Current Time Running" value="147142" />
  <attribute name="GC Util currently" value="0" />
  <attribute name="CPU Util currently" value="5648149833" />
<allocation-satisfied id="3537" threadId="0000000001367F00" bytesRequested="12552" />
<af-end id="3538" timestamp="2019-08-09T17:55:41.209" threadId="0000000001368888" success="true" from="nursery"/>
<exclusive-end id="3539" timestamp="2019-08-09T17:55:41.209" durationms="1.133" />

<exclusive-start id="3540" timestamp="2019-08-09T17:55:41.396" intervalms="188.035">
  <response-info timems="0.023" idlems="0.023" threads="0" lastid="0000000001367F00" lastname="main" />
</exclusive-start>
<af-start id="3541" threadId="0000000001368888" totalBytesRequested="80" timestamp="2019-08-09T17:55:41.396" intervalms="188.041" type="nursery" />
<cycle-start id="3542" type="scavenge" contextid="0" timestamp="2019-08-09T17:55:41.396" intervalms="188.047" />
<gc-start id="3543" type="scavenge" contextid="3542" timestamp="2019-08-09T17:55:41.396">
  <mem-info id="3544" free="1887624" total="108265472" percent="1">
    <mem type="nursery" free="0" total="88080384" percent="0">
      <mem type="allocate" free="0" total="79233024" percent="0" />
      <mem type="survivor" free="0" total="8847360" percent="0" />
    </mem>
    <mem type="tenure" free="1887624" total="20185088" percent="9">
      <mem type="soa" free="1685896" total="19983360" percent="8" />
      <mem type="loa" free="201728" total="201728" percent="100" />
    </mem>
    <remembered-set count="139" />
  </mem-info>
</gc-start>
<allocation-stats totalBytes="79208832" >
  <allocated-bytes non-tlh="12552" tlh="79196280" />
  <largest-consumer threadName="main" threadId="0000000001367F00" bytes="79208832" />
</allocation-stats>
<gc-op id="3545" type="scavenge" timems="0.678" contextid="3542" timestamp="2019-08-09T17:55:41.397">
  <scavenger-info tenureage="3" tenuremask="fff8" tiltratio="89" />
  <memory-copied type="nursery" objects="83" bytes="2136" bytesdiscarded="30120" />
  <memory-copied type="tenure" objects="6" bytes="136" bytesdiscarded="0" />
</gc-op>
<gc-end id="3546" type="scavenge" contextid="3542" durationms="1.108" usertimems="1.447" systemtimems="0.000" timestamp="2019-08-09T17:55:41.398" activeThreads="16">
  <mem-info id="3547" free="81088392" total="108265472" percent="74">
    <mem type="nursery" free="79200768" total="88080384" percent="89">
      <mem type="allocate" free="79200768" total="79233024" percent="99" />
      <mem type="survivor" free="0" total="8847360" percent="0" />
    </mem>
    <mem type="tenure" free="1887624" total="20185088" percent="9" macro-fragmented="1500163">
      <mem type="soa" free="1685896" total="19983360" percent="8" />
      <mem type="loa" free="201728" total="201728" percent="100" />
    </mem>
    <remembered-set count="137" />
  </mem-info>
</gc-end>
<cycle-end id="3548" type="scavenge" contextid="3542" timestamp="2019-08-09T17:55:41.398" />
  <attribute name="elasticGC enabled" value="1" />
  <attribute name= "numThreadsSpecified" value="16" />
  <attribute name="heapSize specified" value="47316992" />
  <attribute name="Current GC Util" value="0" />
  <attribute name= "Current Time Running" value="147330" />
  <attribute name ="GC Interval" value="2449" />
  <attribute name="Target GC Util Change" value ="80.000000" />
  <attribute name="Current GC Util Change" value="0.000000"/>
  <attribute name="Current Error" value="377.000000" />
  <attribute name="Output H" value="108341592"/>
  <attribute name="Output I" value="2448"/>
  <attribute name="Output T" value="16"/>
  <attribute name= "Current Time Running" value="147330" />
  <attribute name="GC Util currently" value="0" />
  <attribute name="CPU Util currently" value="6130135647" />
<allocation-satisfied id="3549" threadId="0000000001367F00" bytesRequested="80" />
<af-end id="3550" timestamp="2019-08-09T17:55:41.398" threadId="0000000001368888" success="true" from="nursery"/>
<exclusive-end id="3551" timestamp="2019-08-09T17:55:41.398" durationms="1.377" />

<exclusive-start id="3552" timestamp="2019-08-09T17:55:41.472" intervalms="75.731">
  <response-info timems="0.020" idlems="0.020" threads="0" lastid="0000000001367F00" lastname="main" />
</exclusive-start>
<af-start id="3553" threadId="0000000001368888" totalBytesRequested="16" timestamp="2019-08-09T17:55:41.472" intervalms="75.727" type="nursery" />
<cycle-start id="3554" type="scavenge" contextid="0" timestamp="2019-08-09T17:55:41.472" intervalms="75.723" />
<gc-start id="3555" type="scavenge" contextid="3554" timestamp="2019-08-09T17:55:41.472">
  <mem-info id="3556" free="1887624" total="108265472" percent="1">
    <mem type="nursery" free="0" total="88080384" percent="0">
      <mem type="allocate" free="0" total="79233024" percent="0" />
      <mem type="survivor" free="0" total="8847360" percent="0" />
    </mem>
    <mem type="tenure" free="1887624" total="20185088" percent="9">
      <mem type="soa" free="1685896" total="19983360" percent="8" />
      <mem type="loa" free="201728" total="201728" percent="100" />
    </mem>
    <remembered-set count="141" />
  </mem-info>
</gc-start>
<allocation-stats totalBytes="79181912" >
  <allocated-bytes non-tlh="80" tlh="79181832" />
  <largest-consumer threadName="main" threadId="0000000001367F00" bytes="79181912" />
</allocation-stats>
<gc-op id="3557" type="scavenge" timems="1.312" contextid="3554" timestamp="2019-08-09T17:55:41.473">
  <scavenger-info tenureage="3" tenuremask="ffe8" tiltratio="89" />
  <memory-copied type="nursery" objects="94" bytes="2544" bytesdiscarded="29712" />
  <memory-copied type="tenure" objects="6" bytes="136" bytesdiscarded="0" />
</gc-op>
<gc-end id="3558" type="scavenge" contextid="3554" durationms="1.923" usertimems="2.523" systemtimems="0.000" timestamp="2019-08-09T17:55:41.474" activeThreads="16">
  <mem-info id="3559" free="81088392" total="108265472" percent="74">
    <mem type="nursery" free="79200768" total="88080384" percent="89">
      <mem type="allocate" free="79200768" total="79233024" percent="99" />
      <mem type="survivor" free="0" total="8847360" percent="0" />
    </mem>
    <mem type="tenure" free="1887624" total="20185088" percent="9" macro-fragmented="0">
      <mem type="soa" free="1685896" total="19983360" percent="8" />
      <mem type="loa" free="201728" total="201728" percent="100" />
    </mem>
    <remembered-set count="139" />
  </mem-info>
</gc-end>
<cycle-end id="3560" type="scavenge" contextid="3554" timestamp="2019-08-09T17:55:41.474" />
  <attribute name="elasticGC enabled" value="1" />
  <attribute name= "numThreadsSpecified" value="16" />
  <attribute name="heapSize specified" value="47316992" />
  <attribute name="Current GC Util" value="1" />
  <attribute name= "Current Time Running" value="147405" />
  <attribute name ="GC Interval" value="2537" />
  <attribute name="Target GC Util Change" value ="80.000000" />
  <attribute name="Current GC Util Change" value="1.000000"/>
  <attribute name="Current Error" value="456.000000" />
  <attribute name="Output H" value="108341680"/>
  <attribute name="Output I" value="2536"/>
  <attribute name="Output T" value="16"/>
  <attribute name= "Current Time Running" value="147405" />
  <attribute name="GC Util currently" value="1" />
  <attribute name="CPU Util currently" value="15225755652" />
<allocation-satisfied id="3561" threadId="0000000001367F00" bytesRequested="16" />
<af-end id="3562" timestamp="2019-08-09T17:55:41.474" threadId="0000000001368888" success="true" from="nursery"/>
<exclusive-end id="3563" timestamp="2019-08-09T17:55:41.474" durationms="2.180" />

<exclusive-start id="3564" timestamp="2019-08-09T17:55:41.582" intervalms="110.314">
  <response-info timems="0.019" idlems="0.019" threads="0" lastid="0000000001367F00" lastname="main" />
</exclusive-start>
<af-start id="3565" threadId="0000000001368888" totalBytesRequested="16" timestamp="2019-08-09T17:55:41.582" intervalms="110.324" type="nursery" />
<cycle-start id="3566" type="scavenge" contextid="0" timestamp="2019-08-09T17:55:41.582" intervalms="110.328" />
<gc-start id="3567" type="scavenge" contextid="3566" timestamp="2019-08-09T17:55:41.582">
  <mem-info id="3568" free="1887624" total="108265472" percent="1">
    <mem type="nursery" free="0" total="88080384" percent="0">
      <mem type="allocate" free="0" total="79233024" percent="0" />
      <mem type="survivor" free="0" total="8847360" percent="0" />
    </mem>
    <mem type="tenure" free="1887624" total="20185088" percent="9">
      <mem type="soa" free="1685896" total="19983360" percent="8" />
      <mem type="loa" free="201728" total="201728" percent="100" />
    </mem>
    <remembered-set count="145" />
  </mem-info>
</gc-start>
<allocation-stats totalBytes="79187464" >
  <allocated-bytes non-tlh="16" tlh="79187448" />
  <largest-consumer threadName="main" threadId="0000000001367F00" bytes="79187464" />
</allocation-stats>
<gc-op id="3569" type="scavenge" timems="0.897" contextid="3566" timestamp="2019-08-09T17:55:41.583">
  <scavenger-info tenureage="3" tenuremask="ffe8" tiltratio="89" />
  <memory-copied type="nursery" objects="81" bytes="2176" bytesdiscarded="13952" />
  <memory-copied type="tenure" objects="36" bytes="816" bytesdiscarded="0" />
</gc-op>
<gc-end id="3570" type="scavenge" contextid="3566" durationms="1.343" usertimems="1.905" systemtimems="0.000" timestamp="2019-08-09T17:55:41.584" activeThreads="16">
  <mem-info id="3571" free="81104520" total="108265472" percent="74">
    <mem type="nursery" free="79216896" total="88080384" percent="89">
      <mem type="allocate" free="79216896" total="79233024" percent="99" />
      <mem type="survivor" free="0" total="8847360" percent="0" />
    </mem>
    <mem type="tenure" free="1887624" total="20185088" percent="9" macro-fragmented="1500163">
      <mem type="soa" free="1685896" total="19983360" percent="8" />
      <mem type="loa" free="201728" total="201728" percent="100" />
    </mem>
    <remembered-set count="133" />
  </mem-info>
</gc-end>
<cycle-end id="3572" type="scavenge" contextid="3566" timestamp="2019-08-09T17:55:41.584" />
  <attribute name="elasticGC enabled" value="1" />
  <attribute name= "numThreadsSpecified" value="16" />
  <attribute name="heapSize specified" value="47316992" />
  <attribute name="Current GC Util" value="2" />
  <attribute name= "Current Time Running" value="147516" />
  <attribute name ="GC Interval" value="2105" />
  <attribute name="Target GC Util Change" value ="80.000000" />
  <attribute name="Current GC Util Change" value="2.000000"/>
  <attribute name="Current Error" value="78.000000" />
  <attribute name="Output H" value="108341248"/>
  <attribute name="Output I" value="2104"/>
  <attribute name="Output T" value="16"/>
  <attribute name= "Current Time Running" value="147516" />
  <attribute name="GC Util currently" value="2" />
  <attribute name="CPU Util currently" value="10451711705" />
<allocation-satisfied id="3573" threadId="0000000001367F00" bytesRequested="16" />
<af-end id="3574" timestamp="2019-08-09T17:55:41.584" threadId="0000000001368888" success="true" from="nursery"/>
<exclusive-end id="3575" timestamp="2019-08-09T17:55:41.584" durationms="1.594" />

<exclusive-start id="3576" timestamp="2019-08-09T17:55:41.659" intervalms="76.801">
  <response-info timems="0.018" idlems="0.018" threads="0" lastid="0000000001367F00" lastname="main" />
</exclusive-start>
<af-start id="3577" threadId="0000000001368888" totalBytesRequested="32" timestamp="2019-08-09T17:55:41.659" intervalms="76.796" type="nursery" />
<cycle-start id="3578" type="scavenge" contextid="0" timestamp="2019-08-09T17:55:41.659" intervalms="76.792" />
<gc-start id="3579" type="scavenge" contextid="3578" timestamp="2019-08-09T17:55:41.659">
  <mem-info id="3580" free="1887624" total="108265472" percent="1">
    <mem type="nursery" free="0" total="88080384" percent="0">
      <mem type="allocate" free="0" total="79233024" percent="0" />
      <mem type="survivor" free="0" total="8847360" percent="0" />
    </mem>
    <mem type="tenure" free="1887624" total="20185088" percent="9">
      <mem type="soa" free="1685896" total="19983360" percent="8" />
      <mem type="loa" free="201728" total="201728" percent="100" />
    </mem>
    <remembered-set count="135" />
  </mem-info>
</gc-start>
<allocation-stats totalBytes="79208616" >
  <allocated-bytes non-tlh="16" tlh="79208600" />
  <largest-consumer threadName="main" threadId="0000000001367F00" bytes="79208616" />
</allocation-stats>
<gc-op id="3581" type="scavenge" timems="1.014" contextid="3578" timestamp="2019-08-09T17:55:41.660">
  <scavenger-info tenureage="3" tenuremask="ffe8" tiltratio="89" />
  <memory-copied type="nursery" objects="52" bytes="1400" bytesdiscarded="30856" />
  <memory-copied type="tenure" objects="28" bytes="712" bytesdiscarded="0" />
</gc-op>
<gc-end id="3582" type="scavenge" contextid="3578" durationms="1.449" usertimems="2.037" systemtimems="0.000" timestamp="2019-08-09T17:55:41.661" activeThreads="16">
  <mem-info id="3583" free="81088392" total="108265472" percent="74">
    <mem type="nursery" free="79200768" total="88080384" percent="89">
      <mem type="allocate" free="79200768" total="79233024" percent="99" />
      <mem type="survivor" free="0" total="8847360" percent="0" />
    </mem>
    <mem type="tenure" free="1887624" total="20185088" percent="9" macro-fragmented="418667">
      <mem type="soa" free="1685896" total="19983360" percent="8" />
      <mem type="loa" free="201728" total="201728" percent="100" />
    </mem>
    <remembered-set count="124" />
  </mem-info>
</gc-end>
<cycle-end id="3584" type="scavenge" contextid="3578" timestamp="2019-08-09T17:55:41.661" />
  <attribute name="elasticGC enabled" value="1" />
  <attribute name= "numThreadsSpecified" value="16" />
  <attribute name="heapSize specified" value="47316992" />
  <attribute name="Current GC Util" value="2" />
  <attribute name= "Current Time Running" value="147593" />
  <attribute name ="GC Interval" value="2193" />
  <attribute name="Target GC Util Change" value ="80.000000" />
  <attribute name="Current GC Util Change" value="2.000000"/>
  <attribute name="Current Error" value="156.000000" />
  <attribute name="Output H" value="108341336"/>
  <attribute name="Output I" value="2192"/>
  <attribute name="Output T" value="16"/>
  <attribute name= "Current Time Running" value="147593" />
  <attribute name="GC Util currently" value="2" />
  <attribute name="CPU Util currently" value="14993928305" />
<allocation-satisfied id="3585" threadId="0000000001367F00" bytesRequested="32" />
<af-end id="3586" timestamp="2019-08-09T17:55:41.661" threadId="0000000001368888" success="true" from="nursery"/>
<exclusive-end id="3587" timestamp="2019-08-09T17:55:41.661" durationms="1.818" />

<exclusive-start id="3588" timestamp="2019-08-09T17:55:41.812" intervalms="153.265">
  <response-info timems="0.021" idlems="0.021" threads="0" lastid="0000000001367F00" lastname="main" />
</exclusive-start>
<af-start id="3589" threadId="0000000001368888" totalBytesRequested="24" timestamp="2019-08-09T17:55:41.812" intervalms="153.256" type="nursery" />
<cycle-start id="3590" type="scavenge" contextid="0" timestamp="2019-08-09T17:55:41.812" intervalms="153.254" />
<gc-start id="3591" type="scavenge" contextid="3590" timestamp="2019-08-09T17:55:41.813">
  <mem-info id="3592" free="1887624" total="108265472" percent="1">
    <mem type="nursery" free="0" total="88080384" percent="0">
      <mem type="allocate" free="0" total="79233024" percent="0" />
      <mem type="survivor" free="0" total="8847360" percent="0" />
    </mem>
    <mem type="tenure" free="1887624" total="20185088" percent="9">
      <mem type="soa" free="1685896" total="19983360" percent="8" />
      <mem type="loa" free="201728" total="201728" percent="100" />
    </mem>
    <remembered-set count="136" />
  </mem-info>
</gc-start>
<allocation-stats totalBytes="79195392" >
  <allocated-bytes non-tlh="32" tlh="79195360" />
  <largest-consumer threadName="main" threadId="0000000001367F00" bytes="79195392" />
</allocation-stats>
<gc-op id="3593" type="scavenge" timems="1.066" contextid="3590" timestamp="2019-08-09T17:55:41.814">
  <scavenger-info tenureage="3" tenuremask="ffe8" tiltratio="89" />
  <memory-copied type="nursery" objects="75" bytes="1864" bytesdiscarded="14264" />
  <memory-copied type="tenure" objects="13" bytes="320" bytesdiscarded="0" />
</gc-op>
<gc-end id="3594" type="scavenge" contextid="3590" durationms="1.599" usertimems="2.283" systemtimems="0.000" timestamp="2019-08-09T17:55:41.814" activeThreads="16">
  <mem-info id="3595" free="81104520" total="108265472" percent="74">
    <mem type="nursery" free="79216896" total="88080384" percent="89">
      <mem type="allocate" free="79216896" total="79233024" percent="99" />
      <mem type="survivor" free="0" total="8847360" percent="0" />
    </mem>
    <mem type="tenure" free="1887624" total="20185088" percent="9" macro-fragmented="16416">
      <mem type="soa" free="1685896" total="19983360" percent="8" />
      <mem type="loa" free="201728" total="201728" percent="100" />
    </mem>
    <remembered-set count="131" />
  </mem-info>
</gc-end>
<cycle-end id="3596" type="scavenge" contextid="3590" timestamp="2019-08-09T17:55:41.814" />
  <attribute name="elasticGC enabled" value="1" />
  <attribute name= "numThreadsSpecified" value="16" />
  <attribute name="heapSize specified" value="47316992" />
  <attribute name="Current GC Util" value="1" />
  <attribute name= "Current Time Running" value="147746" />
  <attribute name ="GC Interval" value="2281" />
  <attribute name="Target GC Util Change" value ="80.000000" />
  <attribute name="Current GC Util Change" value="1.000000"/>
  <attribute name="Current Error" value="235.000000" />
  <attribute name="Output H" value="108341424"/>
  <attribute name="Output I" value="2280"/>
  <attribute name="Output T" value="16"/>
  <attribute name= "Current Time Running" value="147746" />
  <attribute name="GC Util currently" value="1" />
  <attribute name="CPU Util currently" value="7519719085" />
<allocation-satisfied id="3597" threadId="0000000001367F00" bytesRequested="24" />
<af-end id="3598" timestamp="2019-08-09T17:55:41.814" threadId="0000000001368888" success="true" from="nursery"/>
<exclusive-end id="3599" timestamp="2019-08-09T17:55:41.814" durationms="1.950" />

<exclusive-start id="3600" timestamp="2019-08-09T17:55:41.883" intervalms="70.952">
  <response-info timems="0.019" idlems="0.019" threads="0" lastid="0000000001367F00" lastname="main" />
</exclusive-start>
<af-start id="3601" threadId="0000000001368888" totalBytesRequested="32" timestamp="2019-08-09T17:55:41.883" intervalms="70.956" type="nursery" />
<cycle-start id="3602" type="scavenge" contextid="0" timestamp="2019-08-09T17:55:41.883" intervalms="70.957" />
<gc-start id="3603" type="scavenge" contextid="3602" timestamp="2019-08-09T17:55:41.883">
  <mem-info id="3604" free="1887624" total="108265472" percent="1">
    <mem type="nursery" free="0" total="88080384" percent="0">
      <mem type="allocate" free="0" total="79233024" percent="0" />
      <mem type="survivor" free="0" total="8847360" percent="0" />
    </mem>
    <mem type="tenure" free="1887624" total="20185088" percent="9">
      <mem type="soa" free="1685896" total="19983360" percent="8" />
      <mem type="loa" free="201728" total="201728" percent="100" />
    </mem>
    <remembered-set count="135" />
  </mem-info>
</gc-start>
<allocation-stats totalBytes="79211256" >
  <allocated-bytes non-tlh="24" tlh="79211232" />
  <largest-consumer threadName="main" threadId="0000000001367F00" bytes="79211256" />
</allocation-stats>
<gc-op id="3605" type="scavenge" timems="1.353" contextid="3602" timestamp="2019-08-09T17:55:41.885">
  <scavenger-info tenureage="3" tenuremask="ffe8" tiltratio="89" />
  <memory-copied type="nursery" objects="74" bytes="1904" bytesdiscarded="30352" />
  <memory-copied type="tenure" objects="18" bytes="408" bytesdiscarded="0" />
</gc-op>
<gc-end id="3606" type="scavenge" contextid="3602" durationms="1.502" usertimems="1.384" systemtimems="0.000" timestamp="2019-08-09T17:55:41.885" activeThreads="16">
  <mem-info id="3607" free="81088392" total="108265472" percent="74">
    <mem type="nursery" free="79200768" total="88080384" percent="89">
      <mem type="allocate" free="79200768" total="79233024" percent="99" />
      <mem type="survivor" free="0" total="8847360" percent="0" />
    </mem>
    <mem type="tenure" free="1887624" total="20185088" percent="9" macro-fragmented="1500163">
      <mem type="soa" free="1685896" total="19983360" percent="8" />
      <mem type="loa" free="201728" total="201728" percent="100" />
    </mem>
    <remembered-set count="129" />
  </mem-info>
</gc-end>
<cycle-end id="3608" type="scavenge" contextid="3602" timestamp="2019-08-09T17:55:41.885" />
  <attribute name="elasticGC enabled" value="1" />
  <attribute name= "numThreadsSpecified" value="16" />
  <attribute name="heapSize specified" value="47316992" />
  <attribute name="Current GC Util" value="3" />
  <attribute name= "Current Time Running" value="147817" />
  <attribute name ="GC Interval" value="2369" />
  <attribute name="Target GC Util Change" value ="80.000000" />
  <attribute name="Current GC Util Change" value="3.000000"/>
  <attribute name="Current Error" value="312.000000" />
  <attribute name="Output H" value="108341512"/>
  <attribute name="Output I" value="2368"/>
  <attribute name="Output T" value="16"/>
  <attribute name= "Current Time Running" value="147817" />
  <attribute name="GC Util currently" value="3" />
  <attribute name="CPU Util currently" value="16287134874" />
<allocation-satisfied id="3609" threadId="0000000001367F00" bytesRequested="32" />
<af-end id="3610" timestamp="2019-08-09T17:55:41.885" threadId="0000000001368888" success="true" from="nursery"/>
<exclusive-end id="3611" timestamp="2019-08-09T17:55:41.885" durationms="1.733" />

<exclusive-start id="3612" timestamp="2019-08-09T17:55:42.005" intervalms="121.592">
  <response-info timems="0.021" idlems="0.021" threads="0" lastid="0000000001367F00" lastname="main" />
</exclusive-start>
<af-start id="3613" threadId="0000000001368888" totalBytesRequested="520" timestamp="2019-08-09T17:55:42.005" intervalms="121.594" type="nursery" />
<cycle-start id="3614" type="scavenge" contextid="0" timestamp="2019-08-09T17:55:42.005" intervalms="121.613" />
<gc-start id="3615" type="scavenge" contextid="3614" timestamp="2019-08-09T17:55:42.005">
  <mem-info id="3616" free="1887624" total="108265472" percent="1">
    <mem type="nursery" free="0" total="88080384" percent="0">
      <mem type="allocate" free="0" total="79233024" percent="0" />
      <mem type="survivor" free="0" total="8847360" percent="0" />
    </mem>
    <mem type="tenure" free="1887624" total="20185088" percent="9">
      <mem type="soa" free="1685896" total="19983360" percent="8" />
      <mem type="loa" free="201728" total="201728" percent="100" />
    </mem>
    <remembered-set count="135" />
  </mem-info>
</gc-start>
<allocation-stats totalBytes="79177584" >
  <allocated-bytes non-tlh="32" tlh="79177552" />
  <largest-consumer threadName="main" threadId="0000000001367F00" bytes="79177584" />
</allocation-stats>
<gc-op id="3617" type="scavenge" timems="0.936" contextid="3614" timestamp="2019-08-09T17:55:42.006">
  <scavenger-info tenureage="3" tenuremask="ffe8" tiltratio="89" />
  <memory-copied type="nursery" objects="96" bytes="3632" bytesdiscarded="12496" />
  <memory-copied type="tenure" objects="6" bytes="136" bytesdiscarded="0" />
</gc-op>
<gc-end id="3618" type="scavenge" contextid="3614" durationms="1.173" usertimems="1.630" systemtimems="0.000" timestamp="2019-08-09T17:55:42.006" activeThreads="16">
  <mem-info id="3619" free="81104520" total="108265472" percent="74">
    <mem type="nursery" free="79216896" total="88080384" percent="89">
      <mem type="allocate" free="79216896" total="79233024" percent="99" />
      <mem type="survivor" free="0" total="8847360" percent="0" />
    </mem>
    <mem type="tenure" free="1887624" total="20185088" percent="9" macro-fragmented="0">
      <mem type="soa" free="1685896" total="19983360" percent="8" />
      <mem type="loa" free="201728" total="201728" percent="100" />
    </mem>
    <remembered-set count="133" />
  </mem-info>
</gc-end>
<cycle-end id="3620" type="scavenge" contextid="3614" timestamp="2019-08-09T17:55:42.006" />
  <attribute name="elasticGC enabled" value="1" />
  <attribute name= "numThreadsSpecified" value="16" />
  <attribute name="heapSize specified" value="47316992" />
  <attribute name="Current GC Util" value="1" />
  <attribute name= "Current Time Running" value="147938" />
  <attribute name ="GC Interval" value="2465" />
  <attribute name="Target GC Util Change" value ="80.000000" />
  <attribute name="Current GC Util Change" value="1.000000"/>
  <attribute name="Current Error" value="391.000000" />
  <attribute name="Output H" value="108341608"/>
  <attribute name="Output I" value="2464"/>
  <attribute name="Output T" value="16"/>
  <attribute name= "Current Time Running" value="147938" />
  <attribute name="GC Util currently" value="1" />
  <attribute name="CPU Util currently" value="9479611986" />
<allocation-satisfied id="3621" threadId="0000000001367F00" bytesRequested="520" />
<af-end id="3622" timestamp="2019-08-09T17:55:42.006" threadId="0000000001368888" success="true" from="nursery"/>
<exclusive-end id="3623" timestamp="2019-08-09T17:55:42.006" durationms="1.444" />

<exclusive-start id="3624" timestamp="2019-08-09T17:55:42.088" intervalms="83.434">
  <response-info timems="0.017" idlems="0.017" threads="0" lastid="0000000001367F00" lastname="main" />
</exclusive-start>
<af-start id="3625" threadId="0000000001368888" totalBytesRequested="24" timestamp="2019-08-09T17:55:42.088" intervalms="83.449" type="nursery" />
<cycle-start id="3626" type="scavenge" contextid="0" timestamp="2019-08-09T17:55:42.088" intervalms="83.446" />
<gc-start id="3627" type="scavenge" contextid="3626" timestamp="2019-08-09T17:55:42.089">
  <mem-info id="3628" free="1887624" total="108265472" percent="1">
    <mem type="nursery" free="0" total="88080384" percent="0">
      <mem type="allocate" free="0" total="79233024" percent="0" />
      <mem type="survivor" free="0" total="8847360" percent="0" />
    </mem>
    <mem type="tenure" free="1887624" total="20185088" percent="9">
      <mem type="soa" free="1685896" total="19983360" percent="8" />
      <mem type="loa" free="201728" total="201728" percent="100" />
    </mem>
    <remembered-set count="137" />
  </mem-info>
</gc-start>
<allocation-stats totalBytes="79188000" >
  <allocated-bytes non-tlh="520" tlh="79187480" />
  <largest-consumer threadName="main" threadId="0000000001367F00" bytes="79188000" />
</allocation-stats>
<gc-op id="3629" type="scavenge" timems="1.216" contextid="3626" timestamp="2019-08-09T17:55:42.090">
  <scavenger-info tenureage="3" tenuremask="ffe8" tiltratio="89" />
  <memory-copied type="nursery" objects="58" bytes="2048" bytesdiscarded="14080" />
  <memory-copied type="tenure" objects="36" bytes="816" bytesdiscarded="0" />
</gc-op>
<gc-end id="3630" type="scavenge" contextid="3626" durationms="1.405" usertimems="2.200" systemtimems="0.000" timestamp="2019-08-09T17:55:42.090" activeThreads="16">
  <mem-info id="3631" free="81104520" total="108265472" percent="74">
    <mem type="nursery" free="79216896" total="88080384" percent="89">
      <mem type="allocate" free="79216896" total="79233024" percent="99" />
      <mem type="survivor" free="0" total="8847360" percent="0" />
    </mem>
    <mem type="tenure" free="1887624" total="20185088" percent="9" macro-fragmented="1500163">
      <mem type="soa" free="1685896" total="19983360" percent="8" />
      <mem type="loa" free="201728" total="201728" percent="100" />
    </mem>
    <remembered-set count="125" />
  </mem-info>
</gc-end>
<cycle-end id="3632" type="scavenge" contextid="3626" timestamp="2019-08-09T17:55:42.090" />
  <attribute name="elasticGC enabled" value="1" />
  <attribute name= "numThreadsSpecified" value="16" />
  <attribute name="heapSize specified" value="47316992" />
  <attribute name="Current GC Util" value="2" />
  <attribute name= "Current Time Running" value="148022" />
  <attribute name ="GC Interval" value="2553" />
  <attribute name="Target GC Util Change" value ="80.000000" />
  <attribute name="Current GC Util Change" value="2.000000"/>
  <attribute name="Current Error" value="469.000000" />
  <attribute name="Output H" value="108341696"/>
  <attribute name="Output I" value="2552"/>
  <attribute name="Output T" value="16"/>
  <attribute name= "Current Time Running" value="148022" />
  <attribute name="GC Util currently" value="2" />
  <attribute name="CPU Util currently" value="13818406483" />
<allocation-satisfied id="3633" threadId="0000000001367F00" bytesRequested="24" />
<af-end id="3634" timestamp="2019-08-09T17:55:42.090" threadId="0000000001368888" success="true" from="nursery"/>
<exclusive-end id="3635" timestamp="2019-08-09T17:55:42.090" durationms="1.660" />

<exclusive-start id="3636" timestamp="2019-08-09T17:55:42.101" intervalms="13.029">
  <response-info timems="0.020" idlems="0.020" threads="0" lastid="0000000001367F00" lastname="main" />
</exclusive-start>
<af-start id="3637" threadId="0000000001368888" totalBytesRequested="16" timestamp="2019-08-09T17:55:42.101" intervalms="13.008" type="nursery" />
<cycle-start id="3638" type="scavenge" contextid="0" timestamp="2019-08-09T17:55:42.101" intervalms="13.008" />
<gc-start id="3639" type="scavenge" contextid="3638" timestamp="2019-08-09T17:55:42.102">
  <mem-info id="3640" free="1887624" total="108265472" percent="1">
    <mem type="nursery" free="0" total="88080384" percent="0">
      <mem type="allocate" free="0" total="79233024" percent="0" />
      <mem type="survivor" free="0" total="8847360" percent="0" />
    </mem>
    <mem type="tenure" free="1887624" total="20185088" percent="9">
      <mem type="soa" free="1685896" total="19983360" percent="8" />
      <mem type="loa" free="201728" total="201728" percent="100" />
    </mem>
    <remembered-set count="125" />
  </mem-info>
</gc-start>
<allocation-stats totalBytes="79079456" >
  <allocated-bytes non-tlh="24" tlh="79079432" />
  <largest-consumer threadName="main" threadId="0000000001367F00" bytes="79079456" />
</allocation-stats>
<gc-op id="3641" type="scavenge" timems="0.763" contextid="3638" timestamp="2019-08-09T17:55:42.102">
  <scavenger-info tenureage="3" tenuremask="ffe8" tiltratio="89" />
  <memory-copied type="nursery" objects="47" bytes="1800" bytesdiscarded="30456" />
  <memory-copied type="tenure" objects="12" bytes="272" bytesdiscarded="0" />
</gc-op>
<gc-end id="3642" type="scavenge" contextid="3638" durationms="0.993" usertimems="1.493" systemtimems="0.000" timestamp="2019-08-09T17:55:42.103" activeThreads="16">
  <mem-info id="3643" free="81088392" total="108265472" percent="74">
    <mem type="nursery" free="79200768" total="88080384" percent="89">
      <mem type="allocate" free="79200768" total="79233024" percent="99" />
      <mem type="survivor" free="0" total="8847360" percent="0" />
    </mem>
    <mem type="tenure" free="1887624" total="20185088" percent="9" macro-fragmented="0">
      <mem type="soa" free="1685896" total="19983360" percent="8" />
      <mem type="loa" free="201728" total="201728" percent="100" />
    </mem>
    <remembered-set count="121" />
  </mem-info>
</gc-end>
<cycle-end id="3644" type="scavenge" contextid="3638" timestamp="2019-08-09T17:55:42.103" />
  <attribute name="elasticGC enabled" value="1" />
  <attribute name= "numThreadsSpecified" value="16" />
  <attribute name="heapSize specified" value="47316992" />
  <attribute name="Current GC Util" value="17" />
  <attribute name= "Current Time Running" value="148035" />
  <attribute name ="GC Interval" value="2081" />
  <attribute name="Target GC Util Change" value ="80.000000" />
  <attribute name="Current GC Util Change" value="17.000000"/>
  <attribute name="Current Error" value="63.000000" />
  <attribute name="Output H" value="108341224"/>
  <attribute name="Output I" value="2080"/>
  <attribute name="Output T" value="16"/>
  <attribute name= "Current Time Running" value="148035" />
  <attribute name="GC Util currently" value="17" />
  <attribute name="CPU Util currently" value="88573376823" />
<allocation-satisfied id="3645" threadId="0000000001367F00" bytesRequested="16" />
<af-end id="3646" timestamp="2019-08-09T17:55:42.103" threadId="0000000001368888" success="true" from="nursery"/>
<exclusive-end id="3647" timestamp="2019-08-09T17:55:42.103" durationms="1.266" />

<exclusive-start id="3648" timestamp="2019-08-09T17:55:42.114" intervalms="12.231">
  <response-info timems="0.015" idlems="0.015" threads="0" lastid="0000000001367F00" lastname="main" />
</exclusive-start>
<af-start id="3649" threadId="0000000001368888" totalBytesRequested="544" timestamp="2019-08-09T17:55:42.114" intervalms="12.234" type="nursery" />
<cycle-start id="3650" type="scavenge" contextid="0" timestamp="2019-08-09T17:55:42.114" intervalms="12.217" />
<gc-start id="3651" type="scavenge" contextid="3650" timestamp="2019-08-09T17:55:42.114">
  <mem-info id="3652" free="1887624" total="108265472" percent="1">
    <mem type="nursery" free="0" total="88080384" percent="0">
      <mem type="allocate" free="0" total="79233024" percent="0" />
      <mem type="survivor" free="0" total="8847360" percent="0" />
    </mem>
    <mem type="tenure" free="1887624" total="20185088" percent="9">
      <mem type="soa" free="1685896" total="19983360" percent="8" />
      <mem type="loa" free="201728" total="201728" percent="100" />
    </mem>
    <remembered-set count="121" />
  </mem-info>
</gc-start>
<allocation-stats totalBytes="79059976" >
  <allocated-bytes non-tlh="16" tlh="79059960" />
  <largest-consumer threadName="main" threadId="0000000001367F00" bytes="79059976" />
</allocation-stats>
<gc-op id="3653" type="scavenge" timems="0.740" contextid="3650" timestamp="2019-08-09T17:55:42.115">
  <scavenger-info tenureage="3" tenuremask="ffe8" tiltratio="89" />
  <memory-copied type="nursery" objects="30" bytes="1408" bytesdiscarded="30848" />
  <memory-copied type="tenure" objects="18" bytes="408" bytesdiscarded="0" />
</gc-op>
<gc-end id="3654" type="scavenge" contextid="3650" durationms="1.030" usertimems="1.597" systemtimems="0.000" timestamp="2019-08-09T17:55:42.115" activeThreads="16">
  <mem-info id="3655" free="81088392" total="108265472" percent="74">
    <mem type="nursery" free="79200768" total="88080384" percent="89">
      <mem type="allocate" free="79200768" total="79233024" percent="99" />
      <mem type="survivor" free="0" total="8847360" percent="0" />
    </mem>
    <mem type="tenure" free="1887624" total="20185088" percent="9" macro-fragmented="16416">
      <mem type="soa" free="1685896" total="19983360" percent="8" />
      <mem type="loa" free="201728" total="201728" percent="100" />
    </mem>
    <remembered-set count="115" />
  </mem-info>
</gc-end>
<cycle-end id="3656" type="scavenge" contextid="3650" timestamp="2019-08-09T17:55:42.115" />
  <attribute name="elasticGC enabled" value="1" />
  <attribute name= "numThreadsSpecified" value="16" />
  <attribute name="heapSize specified" value="47316992" />
  <attribute name="Current GC Util" value="12" />
  <attribute name= "Current Time Running" value="148047" />
  <attribute name ="GC Interval" value="2161" />
  <attribute name="Target GC Util Change" value ="80.000000" />
  <attribute name="Current GC Util Change" value="12.000000"/>
  <attribute name="Current Error" value="131.000000" />
  <attribute name="Output H" value="108341304"/>
  <attribute name="Output I" value="2160"/>
  <attribute name="Output T" value="16"/>
  <attribute name= "Current Time Running" value="148047" />
  <attribute name="GC Util currently" value="12" />
  <attribute name="CPU Util currently" value="94120456345" />
<allocation-satisfied id="3657" threadId="0000000001367F00" bytesRequested="544" />
<af-end id="3658" timestamp="2019-08-09T17:55:42.115" threadId="0000000001368888" success="true" from="nursery"/>
<exclusive-end id="3659" timestamp="2019-08-09T17:55:42.115" durationms="1.275" />

<exclusive-start id="3660" timestamp="2019-08-09T17:55:42.185" intervalms="71.208">
  <response-info timems="0.022" idlems="0.022" threads="0" lastid="0000000001367F00" lastname="main" />
</exclusive-start>
<af-start id="3661" threadId="0000000001368888" totalBytesRequested="32" timestamp="2019-08-09T17:55:42.185" intervalms="71.205" type="nursery" />
<cycle-start id="3662" type="scavenge" contextid="0" timestamp="2019-08-09T17:55:42.185" intervalms="71.259" />
<gc-start id="3663" type="scavenge" contextid="3662" timestamp="2019-08-09T17:55:42.185">
  <mem-info id="3664" free="1887624" total="108265472" percent="1">
    <mem type="nursery" free="0" total="88080384" percent="0">
      <mem type="allocate" free="0" total="79233024" percent="0" />
      <mem type="survivor" free="0" total="8847360" percent="0" />
    </mem>
    <mem type="tenure" free="1887624" total="20185088" percent="9">
      <mem type="soa" free="1685896" total="19983360" percent="8" />
      <mem type="loa" free="201728" total="201728" percent="100" />
    </mem>
    <remembered-set count="119" />
  </mem-info>
</gc-start>
<allocation-stats totalBytes="79096288" >
  <allocated-bytes non-tlh="544" tlh="79095744" />
  <largest-consumer threadName="main" threadId="0000000001367F00" bytes="79096288" />
</allocation-stats>
<gc-op id="3665" type="scavenge" timems="1.076" contextid="3662" timestamp="2019-08-09T17:55:42.186">
  <scavenger-info tenureage="3" tenuremask="ffe8" tiltratio="89" />
  <memory-copied type="nursery" objects="35" bytes="1856" bytesdiscarded="30400" />
  <memory-copied type="tenure" objects="12" bytes="272" bytesdiscarded="0" />
</gc-op>
<gc-end id="3666" type="scavenge" contextid="3662" durationms="1.286" usertimems="2.004" systemtimems="0.000" timestamp="2019-08-09T17:55:42.186" activeThreads="16">
  <mem-info id="3667" free="81088392" total="108265472" percent="74">
    <mem type="nursery" free="79200768" total="88080384" percent="89">
      <mem type="allocate" free="79200768" total="79233024" percent="99" />
      <mem type="survivor" free="0" total="8847360" percent="0" />
    </mem>
    <mem type="tenure" free="1887624" total="20185088" percent="9" macro-fragmented="1500163">
      <mem type="soa" free="1685896" total="19983360" percent="8" />
      <mem type="loa" free="201728" total="201728" percent="100" />
    </mem>
    <remembered-set count="115" />
  </mem-info>
</gc-end>
<cycle-end id="3668" type="scavenge" contextid="3662" timestamp="2019-08-09T17:55:42.186" />
  <attribute name="elasticGC enabled" value="1" />
  <attribute name= "numThreadsSpecified" value="16" />
  <attribute name="heapSize specified" value="47316992" />
  <attribute name="Current GC Util" value="2" />
  <attribute name= "Current Time Running" value="148118" />
  <attribute name ="GC Interval" value="2257" />
  <attribute name="Target GC Util Change" value ="80.000000" />
  <attribute name="Current GC Util Change" value="2.000000"/>
  <attribute name="Current Error" value="209.000000" />
  <attribute name="Output H" value="108341400"/>
  <attribute name="Output I" value="2256"/>
  <attribute name="Output T" value="16"/>
  <attribute name= "Current Time Running" value="148118" />
  <attribute name="GC Util currently" value="2" />
  <attribute name="CPU Util currently" value="16175124125" />
<allocation-satisfied id="3669" threadId="0000000001367F00" bytesRequested="32" />
<af-end id="3670" timestamp="2019-08-09T17:55:42.186" threadId="0000000001368888" success="true" from="nursery"/>
<exclusive-end id="3671" timestamp="2019-08-09T17:55:42.186" durationms="1.665" />

<exclusive-start id="3672" timestamp="2019-08-09T17:55:42.223" intervalms="38.628">
  <response-info timems="0.021" idlems="0.021" threads="0" lastid="0000000001367F00" lastname="main" />
</exclusive-start>
<af-start id="3673" threadId="0000000001368888" totalBytesRequested="408" timestamp="2019-08-09T17:55:42.224" intervalms="38.635" type="nursery" />
<cycle-start id="3674" type="scavenge" contextid="0" timestamp="2019-08-09T17:55:42.224" intervalms="38.605" />
<gc-start id="3675" type="scavenge" contextid="3674" timestamp="2019-08-09T17:55:42.224">
  <mem-info id="3676" free="1887624" total="108265472" percent="1">
    <mem type="nursery" free="0" total="88080384" percent="0">
      <mem type="allocate" free="0" total="79233024" percent="0" />
      <mem type="survivor" free="0" total="8847360" percent="0" />
    </mem>
    <mem type="tenure" free="1887624" total="20185088" percent="9">
      <mem type="soa" free="1685896" total="19983360" percent="8" />
      <mem type="loa" free="201728" total="201728" percent="100" />
    </mem>
    <remembered-set count="117" />
  </mem-info>
</gc-start>
<allocation-stats totalBytes="79140464" >
  <allocated-bytes non-tlh="32" tlh="79140432" />
  <largest-consumer threadName="main" threadId="0000000001367F00" bytes="79140464" />
</allocation-stats>
<gc-op id="3677" type="scavenge" timems="1.753" contextid="3674" timestamp="2019-08-09T17:55:42.225">
  <scavenger-info tenureage="3" tenuremask="ffe8" tiltratio="89" />
  <memory-copied type="nursery" objects="41" bytes="1984" bytesdiscarded="14144" />
</gc-op>
<gc-end id="3678" type="scavenge" contextid="3674" durationms="1.911" usertimems="1.323" systemtimems="0.000" timestamp="2019-08-09T17:55:42.226" activeThreads="16">
  <mem-info id="3679" free="81104520" total="108265472" percent="74">
    <mem type="nursery" free="79216896" total="88080384" percent="89">
      <mem type="allocate" free="79216896" total="79233024" percent="99" />
      <mem type="survivor" free="0" total="8847360" percent="0" />
    </mem>
    <mem type="tenure" free="1887624" total="20185088" percent="9" macro-fragmented="1500163">
      <mem type="soa" free="1685896" total="19983360" percent="8" />
      <mem type="loa" free="201728" total="201728" percent="100" />
    </mem>
    <remembered-set count="116" />
  </mem-info>
</gc-end>
<cycle-end id="3680" type="scavenge" contextid="3674" timestamp="2019-08-09T17:55:42.226" />
  <attribute name="elasticGC enabled" value="1" />
  <attribute name= "numThreadsSpecified" value="16" />
  <attribute name="heapSize specified" value="47316992" />
  <attribute name="Current GC Util" value="5" />
  <attribute name= "Current Time Running" value="148157" />
  <attribute name ="GC Interval" value="2337" />
  <attribute name="Target GC Util Change" value ="80.000000" />
  <attribute name="Current GC Util Change" value="5.000000"/>
  <attribute name="Current Error" value="284.000000" />
  <attribute name="Output H" value="108341480"/>
  <attribute name="Output I" value="2336"/>
  <attribute name="Output T" value="16"/>
  <attribute name= "Current Time Running" value="148157" />
  <attribute name="GC Util currently" value="5" />
  <attribute name="CPU Util currently" value="29835181901" />
<allocation-satisfied id="3681" threadId="0000000001367F00" bytesRequested="408" />
<af-end id="3682" timestamp="2019-08-09T17:55:42.226" threadId="0000000001368888" success="true" from="nursery"/>
<exclusive-end id="3683" timestamp="2019-08-09T17:55:42.226" durationms="2.254" />

<exclusive-start id="3684" timestamp="2019-08-09T17:55:42.312" intervalms="88.658">
  <response-info timems="0.024" idlems="0.024" threads="0" lastid="0000000001367F00" lastname="main" />
</exclusive-start>
<af-start id="3685" threadId="0000000001368888" totalBytesRequested="2008" timestamp="2019-08-09T17:55:42.312" intervalms="88.652" type="nursery" />
<cycle-start id="3686" type="scavenge" contextid="0" timestamp="2019-08-09T17:55:42.312" intervalms="88.653" />
<gc-start id="3687" type="scavenge" contextid="3686" timestamp="2019-08-09T17:55:42.312">
  <mem-info id="3688" free="1887624" total="108265472" percent="1">
    <mem type="nursery" free="0" total="88080384" percent="0">
      <mem type="allocate" free="0" total="79233024" percent="0" />
      <mem type="survivor" free="0" total="8847360" percent="0" />
    </mem>
    <mem type="tenure" free="1887624" total="20185088" percent="9">
      <mem type="soa" free="1685896" total="19983360" percent="8" />
      <mem type="loa" free="201728" total="201728" percent="100" />
    </mem>
    <remembered-set count="118" />
  </mem-info>
</gc-start>
<allocation-stats totalBytes="79103584" >
  <allocated-bytes non-tlh="408" tlh="79103176" />
  <largest-consumer threadName="main" threadId="0000000001367F00" bytes="79103584" />
</allocation-stats>
<gc-op id="3689" type="scavenge" timems="2.207" contextid="3686" timestamp="2019-08-09T17:55:42.315">
  <scavenger-info tenureage="3" tenuremask="fff8" tiltratio="89" />
  <memory-copied type="nursery" objects="53" bytes="4592" bytesdiscarded="11536" />
</gc-op>
<gc-end id="3690" type="scavenge" contextid="3686" durationms="2.381" usertimems="5.218" systemtimems="0.000" timestamp="2019-08-09T17:55:42.315" activeThreads="16">
  <mem-info id="3691" free="81104520" total="108265472" percent="74">
    <mem type="nursery" free="79216896" total="88080384" percent="89">
      <mem type="allocate" free="79216896" total="79233024" percent="99" />
      <mem type="survivor" free="0" total="8847360" percent="0" />
    </mem>
    <mem type="tenure" free="1887624" total="20185088" percent="9" macro-fragmented="1500163">
      <mem type="soa" free="1685896" total="19983360" percent="8" />
      <mem type="loa" free="201728" total="201728" percent="100" />
    </mem>
    <remembered-set count="118" />
  </mem-info>
</gc-end>
<cycle-end id="3692" type="scavenge" contextid="3686" timestamp="2019-08-09T17:55:42.315" />
  <attribute name="elasticGC enabled" value="1" />
  <attribute name= "numThreadsSpecified" value="16" />
  <attribute name="heapSize specified" value="47316992" />
  <attribute name="Current GC Util" value="1" />
  <attribute name= "Current Time Running" value="148245" />
  <attribute name ="GC Interval" value="2433" />
  <attribute name="Target GC Util Change" value ="80.000000" />
  <attribute name="Current GC Util Change" value="1.000000"/>
  <attribute name="Current Error" value="363.000000" />
  <attribute name="Output H" value="108341576"/>
  <attribute name="Output I" value="2432"/>
  <attribute name="Output T" value="16"/>
  <attribute name= "Current Time Running" value="148245" />
  <attribute name="GC Util currently" value="1" />
  <attribute name="CPU Util currently" value="13010067578" />
<allocation-satisfied id="3693" threadId="0000000001367F00" bytesRequested="2008" />
<af-end id="3694" timestamp="2019-08-09T17:55:42.315" threadId="0000000001368888" success="true" from="nursery"/>
<exclusive-end id="3695" timestamp="2019-08-09T17:55:42.315" durationms="2.819" />

<exclusive-start id="3696" timestamp="2019-08-09T17:55:42.463" intervalms="151.001">
  <response-info timems="0.015" idlems="0.015" threads="0" lastid="0000000001367F00" lastname="main" />
</exclusive-start>
<af-start id="3697" threadId="0000000001368888" totalBytesRequested="80" timestamp="2019-08-09T17:55:42.463" intervalms="151.002" type="nursery" />
<cycle-start id="3698" type="scavenge" contextid="0" timestamp="2019-08-09T17:55:42.463" intervalms="150.976" />
<gc-start id="3699" type="scavenge" contextid="3698" timestamp="2019-08-09T17:55:42.463">
  <mem-info id="3700" free="1887624" total="108265472" percent="1">
    <mem type="nursery" free="0" total="88080384" percent="0">
      <mem type="allocate" free="0" total="79233024" percent="0" />
      <mem type="survivor" free="0" total="8847360" percent="0" />
    </mem>
    <mem type="tenure" free="1887624" total="20185088" percent="9">
      <mem type="soa" free="1685896" total="19983360" percent="8" />
      <mem type="loa" free="201728" total="201728" percent="100" />
    </mem>
    <remembered-set count="123" />
  </mem-info>
</gc-start>
<allocation-stats totalBytes="79196552" >
  <allocated-bytes non-tlh="2008" tlh="79194544" />
  <largest-consumer threadName="main" threadId="0000000001367F00" bytes="79196552" />
</allocation-stats>
<gc-op id="3701" type="scavenge" timems="1.187" contextid="3698" timestamp="2019-08-09T17:55:42.464">
  <scavenger-info tenureage="3" tenuremask="fff8" tiltratio="89" />
  <memory-copied type="nursery" objects="46" bytes="1392" bytesdiscarded="30864" />
  <memory-copied type="tenure" objects="12" bytes="272" bytesdiscarded="0" />
  <references type="weak" candidates="2" cleared="0" enqueued="0" />
</gc-op>
<gc-end id="3702" type="scavenge" contextid="3698" durationms="1.526" usertimems="2.397" systemtimems="0.000" timestamp="2019-08-09T17:55:42.465" activeThreads="16">
  <mem-info id="3703" free="81088392" total="108265472" percent="74">
    <mem type="nursery" free="79200768" total="88080384" percent="89">
      <mem type="allocate" free="79200768" total="79233024" percent="99" />
      <mem type="survivor" free="0" total="8847360" percent="0" />
    </mem>
    <mem type="tenure" free="1887624" total="20185088" percent="9" macro-fragmented="0">
      <mem type="soa" free="1685896" total="19983360" percent="8" />
      <mem type="loa" free="201728" total="201728" percent="100" />
    </mem>
    <remembered-set count="119" />
  </mem-info>
</gc-end>
<cycle-end id="3704" type="scavenge" contextid="3698" timestamp="2019-08-09T17:55:42.465" />
  <attribute name="elasticGC enabled" value="1" />
  <attribute name= "numThreadsSpecified" value="16" />
  <attribute name="heapSize specified" value="47316992" />
  <attribute name="Current GC Util" value="3" />
  <attribute name= "Current Time Running" value="148396" />
  <attribute name ="GC Interval" value="2521" />
  <attribute name="Target GC Util Change" value ="80.000000" />
  <attribute name="Current GC Util Change" value="3.000000"/>
  <attribute name="Current Error" value="440.000000" />
  <attribute name="Output H" value="108341664"/>
  <attribute name="Output I" value="2520"/>
  <attribute name="Output T" value="16"/>
  <attribute name= "Current Time Running" value="148396" />
  <attribute name="GC Util currently" value="3" />
  <attribute name="CPU Util currently" value="7635434702" />
<allocation-satisfied id="3705" threadId="0000000001367F00" bytesRequested="80" />
<af-end id="3706" timestamp="2019-08-09T17:55:42.465" threadId="0000000001368888" success="true" from="nursery"/>
<exclusive-end id="3707" timestamp="2019-08-09T17:55:42.465" durationms="1.875" />

<exclusive-start id="3708" timestamp="2019-08-09T17:55:42.600" intervalms="137.136">
  <response-info timems="0.025" idlems="0.025" threads="0" lastid="0000000001367F00" lastname="main" />
</exclusive-start>
<af-start id="3709" threadId="0000000001368888" totalBytesRequested="80" timestamp="2019-08-09T17:55:42.600" intervalms="137.146" type="nursery" />
<cycle-start id="3710" type="scavenge" contextid="0" timestamp="2019-08-09T17:55:42.600" intervalms="137.184" />
<gc-start id="3711" type="scavenge" contextid="3710" timestamp="2019-08-09T17:55:42.600">
  <mem-info id="3712" free="1887624" total="108265472" percent="1">
    <mem type="nursery" free="0" total="88080384" percent="0">
      <mem type="allocate" free="0" total="79233024" percent="0" />
      <mem type="survivor" free="0" total="8847360" percent="0" />
    </mem>
    <mem type="tenure" free="1887624" total="20185088" percent="9">
      <mem type="soa" free="1685896" total="19983360" percent="8" />
      <mem type="loa" free="201728" total="201728" percent="100" />
    </mem>
    <remembered-set count="119" />
  </mem-info>
</gc-start>
<allocation-stats totalBytes="79186280" >
  <allocated-bytes non-tlh="80" tlh="79186200" />
  <largest-consumer threadName="main" threadId="0000000001367F00" bytes="79186280" />
</allocation-stats>
<gc-op id="3713" type="scavenge" timems="1.664" contextid="3710" timestamp="2019-08-09T17:55:42.602">
  <scavenger-info tenureage="3" tenuremask="ffe8" tiltratio="89" />
  <memory-copied type="nursery" objects="39" bytes="1240" bytesdiscarded="31016" />
  <memory-copied type="tenure" objects="6" bytes="136" bytesdiscarded="0" />
  <references type="weak" candidates="2" cleared="0" enqueued="0" />
</gc-op>
<gc-end id="3714" type="scavenge" contextid="3710" durationms="1.822" usertimems="2.997" systemtimems="0.000" timestamp="2019-08-09T17:55:42.602" activeThreads="16">
  <mem-info id="3715" free="81088392" total="108265472" percent="74">
    <mem type="nursery" free="79200768" total="88080384" percent="89">
      <mem type="allocate" free="79200768" total="79233024" percent="99" />
      <mem type="survivor" free="0" total="8847360" percent="0" />
    </mem>
    <mem type="tenure" free="1887624" total="20185088" percent="9" macro-fragmented="1500163">
      <mem type="soa" free="1685896" total="19983360" percent="8" />
      <mem type="loa" free="201728" total="201728" percent="100" />
    </mem>
    <remembered-set count="117" />
  </mem-info>
</gc-end>
<cycle-end id="3716" type="scavenge" contextid="3710" timestamp="2019-08-09T17:55:42.602" />
  <attribute name="elasticGC enabled" value="1" />
  <attribute name= "numThreadsSpecified" value="16" />
  <attribute name="heapSize specified" value="47316992" />
  <attribute name="Current GC Util" value="1" />
  <attribute name= "Current Time Running" value="148534" />
  <attribute name ="GC Interval" value="2105" />
  <attribute name="Target GC Util Change" value ="80.000000" />
  <attribute name="Current GC Util Change" value="1.000000"/>
  <attribute name="Current Error" value="79.000000" />
  <attribute name="Output H" value="108341248"/>
  <attribute name="Output I" value="2104"/>
  <attribute name="Output T" value="16"/>
  <attribute name= "Current Time Running" value="148534" />
  <attribute name="GC Util currently" value="1" />
  <attribute name="CPU Util currently" value="8405275000" />
<allocation-satisfied id="3717" threadId="0000000001367F00" bytesRequested="80" />
<af-end id="3718" timestamp="2019-08-09T17:55:42.602" threadId="0000000001368888" success="true" from="nursery"/>
<exclusive-end id="3719" timestamp="2019-08-09T17:55:42.602" durationms="2.147" />

<exclusive-start id="3720" timestamp="2019-08-09T17:55:42.743" intervalms="142.441">
  <response-info timems="0.026" idlems="0.026" threads="0" lastid="0000000001367F00" lastname="main" />
</exclusive-start>
<af-start id="3721" threadId="0000000001368888" totalBytesRequested="544" timestamp="2019-08-09T17:55:42.743" intervalms="142.463" type="nursery" />
<cycle-start id="3722" type="scavenge" contextid="0" timestamp="2019-08-09T17:55:42.743" intervalms="142.496" />
<gc-start id="3723" type="scavenge" contextid="3722" timestamp="2019-08-09T17:55:42.743">
  <mem-info id="3724" free="1887624" total="108265472" percent="1">
    <mem type="nursery" free="0" total="88080384" percent="0">
      <mem type="allocate" free="0" total="79233024" percent="0" />
      <mem type="survivor" free="0" total="8847360" percent="0" />
    </mem>
    <mem type="tenure" free="1887624" total="20185088" percent="9">
      <mem type="soa" free="1685896" total="19983360" percent="8" />
      <mem type="loa" free="201728" total="201728" percent="100" />
    </mem>
    <remembered-set count="119" />
  </mem-info>
</gc-start>
<allocation-stats totalBytes="79175008" >
  <allocated-bytes non-tlh="80" tlh="79174928" />
  <largest-consumer threadName="main" threadId="0000000001367F00" bytes="79175008" />
</allocation-stats>
<gc-op id="3725" type="scavenge" timems="0.730" contextid="3722" timestamp="2019-08-09T17:55:42.744">
  <scavenger-info tenureage="14" tenuremask="c000" tiltratio="89" />
  <memory-copied type="nursery" objects="44" bytes="1768" bytesdiscarded="30488" />
  <references type="weak" candidates="2" cleared="0" enqueued="0" />
</gc-op>
<gc-end id="3726" type="scavenge" contextid="3722" durationms="1.004" usertimems="1.440" systemtimems="0.000" timestamp="2019-08-09T17:55:42.744" activeThreads="16">
  <mem-info id="3727" free="81088392" total="108265472" percent="74">
    <mem type="nursery" free="79200768" total="88080384" percent="89">
      <mem type="allocate" free="79200768" total="79233024" percent="99" />
      <mem type="survivor" free="0" total="8847360" percent="0" />
    </mem>
    <mem type="tenure" free="1887624" total="20185088" percent="9" macro-fragmented="0">
      <mem type="soa" free="1685896" total="19983360" percent="8" />
      <mem type="loa" free="201728" total="201728" percent="100" />
    </mem>
    <remembered-set count="119" />
  </mem-info>
</gc-end>
<cycle-end id="3728" type="scavenge" contextid="3722" timestamp="2019-08-09T17:55:42.744" />
  <attribute name="elasticGC enabled" value="1" />
  <attribute name= "numThreadsSpecified" value="16" />
  <attribute name="heapSize specified" value="47316992" />
  <attribute name="Current GC Util" value="2" />
  <attribute name= "Current Time Running" value="148676" />
  <attribute name ="GC Interval" value="2193" />
  <attribute name="Target GC Util Change" value ="80.000000" />
  <attribute name="Current GC Util Change" value="2.000000"/>
  <attribute name="Current Error" value="157.000000" />
  <attribute name="Output H" value="108341336"/>
  <attribute name="Output I" value="2192"/>
  <attribute name="Output T" value="16"/>
  <attribute name= "Current Time Running" value="148676" />
  <attribute name="GC Util currently" value="2" />
  <attribute name="CPU Util currently" value="8090091505" />
<allocation-satisfied id="3729" threadId="0000000001367F00" bytesRequested="544" />
<af-end id="3730" timestamp="2019-08-09T17:55:42.744" threadId="0000000001368888" success="true" from="nursery"/>
<exclusive-end id="3731" timestamp="2019-08-09T17:55:42.744" durationms="1.484" />

<exclusive-start id="3732" timestamp="2019-08-09T17:55:42.763" intervalms="20.122">
  <response-info timems="0.017" idlems="0.017" threads="0" lastid="0000000001367F00" lastname="main" />
</exclusive-start>
<af-start id="3733" threadId="0000000001368888" totalBytesRequested="544" timestamp="2019-08-09T17:55:42.763" intervalms="20.123" type="nursery" />
<cycle-start id="3734" type="scavenge" contextid="0" timestamp="2019-08-09T17:55:42.763" intervalms="20.083" />
<gc-start id="3735" type="scavenge" contextid="3734" timestamp="2019-08-09T17:55:42.763">
  <mem-info id="3736" free="1887624" total="108265472" percent="1">
    <mem type="nursery" free="0" total="88080384" percent="0">
      <mem type="allocate" free="0" total="79233024" percent="0" />
      <mem type="survivor" free="0" total="8847360" percent="0" />
    </mem>
    <mem type="tenure" free="1887624" total="20185088" percent="9">
      <mem type="soa" free="1685896" total="19983360" percent="8" />
      <mem type="loa" free="201728" total="201728" percent="100" />
    </mem>
    <remembered-set count="119" />
  </mem-info>
</gc-start>
<allocation-stats totalBytes="79090800" >
  <allocated-bytes non-tlh="544" tlh="79090256" />
  <largest-consumer threadName="main" threadId="0000000001367F00" bytes="79090800" />
</allocation-stats>
<gc-op id="3737" type="scavenge" timems="0.805" contextid="3734" timestamp="2019-08-09T17:55:42.764">
  <scavenger-info tenureage="14" tenuremask="c000" tiltratio="89" />
  <memory-copied type="nursery" objects="45" bytes="1792" bytesdiscarded="30464" />
  <references type="weak" candidates="2" cleared="0" enqueued="0" />
</gc-op>
<gc-end id="3738" type="scavenge" contextid="3734" durationms="1.011" usertimems="1.646" systemtimems="0.000" timestamp="2019-08-09T17:55:42.764" activeThreads="16">
  <mem-info id="3739" free="81088392" total="108265472" percent="74">
    <mem type="nursery" free="79200768" total="88080384" percent="89">
      <mem type="allocate" free="79200768" total="79233024" percent="99" />
      <mem type="survivor" free="0" total="8847360" percent="0" />
    </mem>
    <mem type="tenure" free="1887624" total="20185088" percent="9" macro-fragmented="1500163">
      <mem type="soa" free="1685896" total="19983360" percent="8" />
      <mem type="loa" free="201728" total="201728" percent="100" />
    </mem>
    <remembered-set count="119" />
  </mem-info>
</gc-end>
<cycle-end id="3740" type="scavenge" contextid="3734" timestamp="2019-08-09T17:55:42.764" />
  <attribute name="elasticGC enabled" value="1" />
  <attribute name= "numThreadsSpecified" value="16" />
  <attribute name="heapSize specified" value="47316992" />
  <attribute name="Current GC Util" value="8" />
  <attribute name= "Current Time Running" value="148696" />
  <attribute name ="GC Interval" value="2273" />
  <attribute name="Target GC Util Change" value ="80.000000" />
  <attribute name="Current GC Util Change" value="8.000000"/>
  <attribute name="Current Error" value="229.000000" />
  <attribute name="Output H" value="108341416"/>
  <attribute name="Output I" value="2272"/>
  <attribute name="Output T" value="16"/>
  <attribute name= "Current Time Running" value="148696" />
  <attribute name="GC Util currently" value="8" />
  <attribute name="CPU Util currently" value="57529030733" />
<allocation-satisfied id="3741" threadId="0000000001367F00" bytesRequested="544" />
<af-end id="3742" timestamp="2019-08-09T17:55:42.764" threadId="0000000001368888" success="true" from="nursery"/>
<exclusive-end id="3743" timestamp="2019-08-09T17:55:42.764" durationms="1.407" />

<exclusive-start id="3744" timestamp="2019-08-09T17:55:42.783" intervalms="20.126">
  <response-info timems="0.018" idlems="0.018" threads="0" lastid="0000000001367F00" lastname="main" />
</exclusive-start>
<af-start id="3745" threadId="0000000001368888" totalBytesRequested="64" timestamp="2019-08-09T17:55:42.783" intervalms="20.103" type="nursery" />
<cycle-start id="3746" type="scavenge" contextid="0" timestamp="2019-08-09T17:55:42.783" intervalms="20.104" />
<gc-start id="3747" type="scavenge" contextid="3746" timestamp="2019-08-09T17:55:42.783">
  <mem-info id="3748" free="1887624" total="108265472" percent="1">
    <mem type="nursery" free="0" total="88080384" percent="0">
      <mem type="allocate" free="0" total="79233024" percent="0" />
      <mem type="survivor" free="0" total="8847360" percent="0" />
    </mem>
    <mem type="tenure" free="1887624" total="20185088" percent="9">
      <mem type="soa" free="1685896" total="19983360" percent="8" />
      <mem type="loa" free="201728" total="201728" percent="100" />
    </mem>
    <remembered-set count="119" />
  </mem-info>
</gc-start>
<allocation-stats totalBytes="79090840" >
  <allocated-bytes non-tlh="544" tlh="79090296" />
  <largest-consumer threadName="main" threadId="0000000001367F00" bytes="79090840" />
</allocation-stats>
<gc-op id="3749" type="scavenge" timems="0.773" contextid="3746" timestamp="2019-08-09T17:55:42.784">
  <scavenger-info tenureage="4" tenuremask="e030" tiltratio="89" />
  <memory-copied type="nursery" objects="25" bytes="1320" bytesdiscarded="30936" />
  <memory-copied type="tenure" objects="20" bytes="472" bytesdiscarded="0" />
</gc-op>
<gc-end id="3750" type="scavenge" contextid="3746" durationms="1.078" usertimems="1.579" systemtimems="0.000" timestamp="2019-08-09T17:55:42.784" activeThreads="16">
  <mem-info id="3751" free="81088392" total="108265472" percent="74">
    <mem type="nursery" free="79200768" total="88080384" percent="89">
      <mem type="allocate" free="79200768" total="79233024" percent="99" />
      <mem type="survivor" free="0" total="8847360" percent="0" />
    </mem>
    <mem type="tenure" free="1887624" total="20185088" percent="9" macro-fragmented="0">
      <mem type="soa" free="1685896" total="19983360" percent="8" />
      <mem type="loa" free="201728" total="201728" percent="100" />
    </mem>
    <remembered-set count="112" />
  </mem-info>
</gc-end>
<cycle-end id="3752" type="scavenge" contextid="3746" timestamp="2019-08-09T17:55:42.784" />
  <attribute name="elasticGC enabled" value="1" />
  <attribute name= "numThreadsSpecified" value="16" />
  <attribute name="heapSize specified" value="47316992" />
  <attribute name="Current GC Util" value="9" />
  <attribute name= "Current Time Running" value="148716" />
  <attribute name ="GC Interval" value="2361" />
  <attribute name="Target GC Util Change" value ="80.000000" />
  <attribute name="Current GC Util Change" value="9.000000"/>
  <attribute name="Current Error" value="300.000000" />
  <attribute name="Output H" value="108341504"/>
  <attribute name="Output I" value="2360"/>
  <attribute name="Output T" value="16"/>
  <attribute name= "Current Time Running" value="148716" />
  <attribute name="GC Util currently" value="9" />
  <attribute name="CPU Util currently" value="57272502201" />
<allocation-satisfied id="3753" threadId="0000000001367F00" bytesRequested="64" />
<af-end id="3754" timestamp="2019-08-09T17:55:42.784" threadId="0000000001368888" success="true" from="nursery"/>
<exclusive-end id="3755" timestamp="2019-08-09T17:55:42.784" durationms="1.379" />

* Round 2 done in 2.327 seconds.
<exclusive-start id="3756" timestamp="2019-08-09T17:55:43.077" intervalms="294.126">
  <response-info timems="0.021" idlems="0.021" threads="0" lastid="0000000001367F00" lastname="main" />
</exclusive-start>
<af-start id="3757" threadId="0000000001368888" totalBytesRequested="1168" timestamp="2019-08-09T17:55:43.077" intervalms="294.115" type="nursery" />
<cycle-start id="3758" type="scavenge" contextid="0" timestamp="2019-08-09T17:55:43.077" intervalms="294.085" />
<gc-start id="3759" type="scavenge" contextid="3758" timestamp="2019-08-09T17:55:43.077">
  <mem-info id="3760" free="1887624" total="108265472" percent="1">
    <mem type="nursery" free="0" total="88080384" percent="0">
      <mem type="allocate" free="0" total="79233024" percent="0" />
      <mem type="survivor" free="0" total="8847360" percent="0" />
    </mem>
    <mem type="tenure" free="1887624" total="20185088" percent="9">
      <mem type="soa" free="1685896" total="19983360" percent="8" />
      <mem type="loa" free="201728" total="201728" percent="100" />
    </mem>
    <remembered-set count="133" />
  </mem-info>
</gc-start>
<allocation-stats totalBytes="79152376" >
  <allocated-bytes non-tlh="64" tlh="79152312" />
  <largest-consumer threadName="main" threadId="0000000001367F00" bytes="79152376" />
</allocation-stats>
<gc-op id="3761" type="scavenge" timems="0.851" contextid="3758" timestamp="2019-08-09T17:55:43.078">
  <scavenger-info tenureage="3" tenuremask="f408" tiltratio="89" />
  <memory-copied type="nursery" objects="87" bytes="3544" bytesdiscarded="28712" />
  <memory-copied type="tenure" objects="6" bytes="136" bytesdiscarded="0" />
</gc-op>
<gc-end id="3762" type="scavenge" contextid="3758" durationms="1.108" usertimems="1.511" systemtimems="0.000" timestamp="2019-08-09T17:55:43.078" activeThreads="16">
  <mem-info id="3763" free="81088392" total="108265472" percent="74">
    <mem type="nursery" free="79200768" total="88080384" percent="89">
      <mem type="allocate" free="79200768" total="79233024" percent="99" />
      <mem type="survivor" free="0" total="8847360" percent="0" />
    </mem>
    <mem type="tenure" free="1887624" total="20185088" percent="9" macro-fragmented="1763">
      <mem type="soa" free="1685896" total="19983360" percent="8" />
      <mem type="loa" free="201728" total="201728" percent="100" />
    </mem>
    <remembered-set count="131" />
  </mem-info>
</gc-end>
<cycle-end id="3764" type="scavenge" contextid="3758" timestamp="2019-08-09T17:55:43.078" />
  <attribute name="elasticGC enabled" value="1" />
  <attribute name= "numThreadsSpecified" value="16" />
  <attribute name="heapSize specified" value="47316992" />
  <attribute name="Current GC Util" value="0" />
  <attribute name= "Current Time Running" value="149010" />
  <attribute name ="GC Interval" value="2449" />
  <attribute name="Target GC Util Change" value ="80.000000" />
  <attribute name="Current GC Util Change" value="0.000000"/>
  <attribute name="Current Error" value="380.000000" />
  <attribute name="Output H" value="108341592"/>
  <attribute name="Output I" value="2448"/>
  <attribute name="Output T" value="16"/>
  <attribute name= "Current Time Running" value="149010" />
  <attribute name="GC Util currently" value="0" />
  <attribute name="CPU Util currently" value="3920737844" />
<allocation-satisfied id="3765" threadId="0000000001367F00" bytesRequested="1168" />
<af-end id="3766" timestamp="2019-08-09T17:55:43.078" threadId="0000000001368888" success="true" from="nursery"/>
<exclusive-end id="3767" timestamp="2019-08-09T17:55:43.078" durationms="1.349" />

<exclusive-start id="3768" timestamp="2019-08-09T17:55:43.087" intervalms="10.257">
  <response-info timems="0.029" idlems="0.029" threads="0" lastid="0000000001367F00" lastname="main" />
</exclusive-start>
<af-start id="3769" threadId="0000000001368888" totalBytesRequested="1168" timestamp="2019-08-09T17:55:43.087" intervalms="10.280" type="nursery" />
<cycle-start id="3770" type="scavenge" contextid="0" timestamp="2019-08-09T17:55:43.087" intervalms="10.295" />
<gc-start id="3771" type="scavenge" contextid="3770" timestamp="2019-08-09T17:55:43.087">
  <mem-info id="3772" free="1887624" total="108265472" percent="1">
    <mem type="nursery" free="0" total="88080384" percent="0">
      <mem type="allocate" free="0" total="79233024" percent="0" />
      <mem type="survivor" free="0" total="8847360" percent="0" />
    </mem>
    <mem type="tenure" free="1887624" total="20185088" percent="9">
      <mem type="soa" free="1685896" total="19983360" percent="8" />
      <mem type="loa" free="201728" total="201728" percent="100" />
    </mem>
    <remembered-set count="131" />
  </mem-info>
</gc-start>
<allocation-stats totalBytes="78918392" >
  <allocated-bytes non-tlh="1168" tlh="78917224" />
  <largest-consumer threadName="main" threadId="0000000001367F00" bytes="78918392" />
</allocation-stats>
<gc-op id="3773" type="scavenge" timems="0.581" contextid="3770" timestamp="2019-08-09T17:55:43.088">
  <scavenger-info tenureage="11" tenuremask="e800" tiltratio="89" />
  <memory-copied type="nursery" objects="88" bytes="3568" bytesdiscarded="28688" />
</gc-op>
<gc-end id="3774" type="scavenge" contextid="3770" durationms="0.769" usertimems="1.383" systemtimems="0.000" timestamp="2019-08-09T17:55:43.088" activeThreads="16">
  <mem-info id="3775" free="81088392" total="108265472" percent="74">
    <mem type="nursery" free="79200768" total="88080384" percent="89">
      <mem type="allocate" free="79200768" total="79233024" percent="99" />
      <mem type="survivor" free="0" total="8847360" percent="0" />
    </mem>
    <mem type="tenure" free="1887624" total="20185088" percent="9" macro-fragmented="1500163">
      <mem type="soa" free="1685896" total="19983360" percent="8" />
      <mem type="loa" free="201728" total="201728" percent="100" />
    </mem>
    <remembered-set count="130" />
  </mem-info>
</gc-end>
<cycle-end id="3776" type="scavenge" contextid="3770" timestamp="2019-08-09T17:55:43.088" />
  <attribute name="elasticGC enabled" value="1" />
  <attribute name= "numThreadsSpecified" value="16" />
  <attribute name="heapSize specified" value="47316992" />
  <attribute name="Current GC Util" value="16" />
  <attribute name= "Current Time Running" value="149021" />
  <attribute name ="GC Interval" value="2521" />
  <attribute name="Target GC Util Change" value ="80.000000" />
  <attribute name="Current GC Util Change" value="16.000000"/>
  <attribute name="Current Error" value="444.000000" />
  <attribute name="Output H" value="108341664"/>
  <attribute name="Output I" value="2520"/>
  <attribute name="Output T" value="16"/>
  <attribute name= "Current Time Running" value="149021" />
  <attribute name="GC Util currently" value="16" />
  <attribute name="CPU Util currently" value="112136426191" />
<allocation-satisfied id="3777" threadId="0000000001367F00" bytesRequested="1168" />
<af-end id="3778" timestamp="2019-08-09T17:55:43.088" threadId="0000000001368888" success="true" from="nursery"/>
<exclusive-end id="3779" timestamp="2019-08-09T17:55:43.088" durationms="1.103" />

<exclusive-start id="3780" timestamp="2019-08-09T17:55:43.098" intervalms="10.344">
  <response-info timems="0.035" idlems="0.035" threads="0" lastid="0000000001367F00" lastname="main" />
</exclusive-start>
<af-start id="3781" threadId="0000000001368888" totalBytesRequested="1168" timestamp="2019-08-09T17:55:43.098" intervalms="10.321" type="nursery" />
<cycle-start id="3782" type="scavenge" contextid="0" timestamp="2019-08-09T17:55:43.098" intervalms="10.444" />
<gc-start id="3783" type="scavenge" contextid="3782" timestamp="2019-08-09T17:55:43.098">
  <mem-info id="3784" free="1887624" total="108265472" percent="1">
    <mem type="nursery" free="0" total="88080384" percent="0">
      <mem type="allocate" free="0" total="79233024" percent="0" />
      <mem type="survivor" free="0" total="8847360" percent="0" />
    </mem>
    <mem type="tenure" free="1887624" total="20185088" percent="9">
      <mem type="soa" free="1685896" total="19983360" percent="8" />
      <mem type="loa" free="201728" total="201728" percent="100" />
    </mem>
    <remembered-set count="130" />
  </mem-info>
</gc-start>
<allocation-stats totalBytes="78937880" >
  <allocated-bytes non-tlh="1168" tlh="78936712" />
  <largest-consumer threadName="main" threadId="0000000001367F00" bytes="78937880" />
</allocation-stats>
<gc-op id="3785" type="scavenge" timems="0.874" contextid="3782" timestamp="2019-08-09T17:55:43.099">
  <scavenger-info tenureage="2" tenuremask="fe04" tiltratio="89" />
  <memory-copied type="nursery" objects="2" bytes="56" bytesdiscarded="32200" />
  <memory-copied type="tenure" objects="86" bytes="3512" bytesdiscarded="0" />
</gc-op>
<gc-end id="3786" type="scavenge" contextid="3782" durationms="1.025" usertimems="1.773" systemtimems="0.000" timestamp="2019-08-09T17:55:43.099" activeThreads="16">
  <mem-info id="3787" free="81088392" total="108265472" percent="74">
    <mem type="nursery" free="79200768" total="88080384" percent="89">
      <mem type="allocate" free="79200768" total="79233024" percent="99" />
      <mem type="survivor" free="0" total="8847360" percent="0" />
    </mem>
    <mem type="tenure" free="1887624" total="20185088" percent="9" macro-fragmented="1500163">
      <mem type="soa" free="1685896" total="19983360" percent="8" />
      <mem type="loa" free="201728" total="201728" percent="100" />
    </mem>
    <remembered-set count="119" />
  </mem-info>
</gc-end>
<cycle-end id="3788" type="scavenge" contextid="3782" timestamp="2019-08-09T17:55:43.099" />
  <attribute name="elasticGC enabled" value="1" />
  <attribute name= "numThreadsSpecified" value="16" />
  <attribute name="heapSize specified" value="47316992" />
  <attribute name="Current GC Util" value="15" />
  <attribute name= "Current Time Running" value="149031" />
  <attribute name ="GC Interval" value="2089" />
  <attribute name="Target GC Util Change" value ="80.000000" />
  <attribute name="Current GC Util Change" value="15.000000"/>
  <attribute name="Current Error" value="65.000000" />
  <attribute name="Output H" value="108341232"/>
  <attribute name="Output I" value="2088"/>
  <attribute name="Output T" value="16"/>
  <attribute name= "Current Time Running" value="149031" />
  <attribute name="GC Util currently" value="15" />
  <attribute name="CPU Util currently" value="110545436586" />
<allocation-satisfied id="3789" threadId="0000000001367F00" bytesRequested="1168" />
<af-end id="3790" timestamp="2019-08-09T17:55:43.099" threadId="0000000001368888" success="true" from="nursery"/>
<exclusive-end id="3791" timestamp="2019-08-09T17:55:43.099" durationms="1.378" />

<exclusive-start id="3792" timestamp="2019-08-09T17:55:43.107" intervalms="9.837">
  <response-info timems="0.022" idlems="0.022" threads="0" lastid="0000000001367F00" lastname="main" />
</exclusive-start>
<af-start id="3793" threadId="0000000001368888" totalBytesRequested="1168" timestamp="2019-08-09T17:55:43.108" intervalms="9.843" type="nursery" />
<cycle-start id="3794" type="scavenge" contextid="0" timestamp="2019-08-09T17:55:43.108" intervalms="9.706" />
<gc-start id="3795" type="scavenge" contextid="3794" timestamp="2019-08-09T17:55:43.108">
  <mem-info id="3796" free="1887624" total="108265472" percent="1">
    <mem type="nursery" free="0" total="88080384" percent="0">
      <mem type="allocate" free="0" total="79233024" percent="0" />
      <mem type="survivor" free="0" total="8847360" percent="0" />
    </mem>
    <mem type="tenure" free="1887624" total="20185088" percent="9">
      <mem type="soa" free="1685896" total="19983360" percent="8" />
      <mem type="loa" free="201728" total="201728" percent="100" />
    </mem>
    <remembered-set count="119" />
  </mem-info>
</gc-start>
<allocation-stats totalBytes="78937880" >
  <allocated-bytes non-tlh="1168" tlh="78936712" />
  <largest-consumer threadName="main" threadId="0000000001367F00" bytes="78937880" />
</allocation-stats>
<gc-op id="3797" type="scavenge" timems="0.666" contextid="3794" timestamp="2019-08-09T17:55:43.108">
  <scavenger-info tenureage="4" tenuremask="fff0" tiltratio="89" />
  <memory-copied type="nursery" objects="2" bytes="56" bytesdiscarded="32200" />
</gc-op>
<gc-end id="3798" type="scavenge" contextid="3794" durationms="0.843" usertimems="1.308" systemtimems="0.000" timestamp="2019-08-09T17:55:43.108" activeThreads="16">
  <mem-info id="3799" free="81088392" total="108265472" percent="74">
    <mem type="nursery" free="79200768" total="88080384" percent="89">
      <mem type="allocate" free="79200768" total="79233024" percent="99" />
      <mem type="survivor" free="0" total="8847360" percent="0" />
    </mem>
    <mem type="tenure" free="1887624" total="20185088" percent="9" macro-fragmented="0">
      <mem type="soa" free="1685896" total="19983360" percent="8" />
      <mem type="loa" free="201728" total="201728" percent="100" />
    </mem>
    <remembered-set count="119" />
  </mem-info>
</gc-end>
<cycle-end id="3800" type="scavenge" contextid="3794" timestamp="2019-08-09T17:55:43.109" />
  <attribute name="elasticGC enabled" value="1" />
  <attribute name= "numThreadsSpecified" value="16" />
  <attribute name="heapSize specified" value="47316992" />
  <attribute name="Current GC Util" value="20" />
  <attribute name= "Current Time Running" value="149041" />
  <attribute name ="GC Interval" value="2153" />
  <attribute name="Target GC Util Change" value ="80.000000" />
  <attribute name="Current GC Util Change" value="20.000000"/>
  <attribute name="Current Error" value="125.000000" />
  <attribute name="Output H" value="108341296"/>
  <attribute name="Output I" value="2152"/>
  <attribute name="Output T" value="16"/>
  <attribute name= "Current Time Running" value="149041" />
  <attribute name="GC Util currently" value="20" />
  <attribute name="CPU Util currently" value="118923352726" />
<allocation-satisfied id="3801" threadId="0000000001367F00" bytesRequested="1168" />
<af-end id="3802" timestamp="2019-08-09T17:55:43.109" threadId="0000000001368888" success="true" from="nursery"/>
<exclusive-end id="3803" timestamp="2019-08-09T17:55:43.109" durationms="1.101" />

<exclusive-start id="3804" timestamp="2019-08-09T17:55:43.117" intervalms="9.204">
  <response-info timems="0.029" idlems="0.029" threads="0" lastid="0000000001367F00" lastname="main" />
</exclusive-start>
<af-start id="3805" threadId="0000000001368888" totalBytesRequested="1168" timestamp="2019-08-09T17:55:43.117" intervalms="9.213" type="nursery" />
<cycle-start id="3806" type="scavenge" contextid="0" timestamp="2019-08-09T17:55:43.117" intervalms="9.245" />
<gc-start id="3807" type="scavenge" contextid="3806" timestamp="2019-08-09T17:55:43.117">
  <mem-info id="3808" free="1887624" total="108265472" percent="1">
    <mem type="nursery" free="0" total="88080384" percent="0">
      <mem type="allocate" free="0" total="79233024" percent="0" />
      <mem type="survivor" free="0" total="8847360" percent="0" />
    </mem>
    <mem type="tenure" free="1887624" total="20185088" percent="9">
      <mem type="soa" free="1685896" total="19983360" percent="8" />
      <mem type="loa" free="201728" total="201728" percent="100" />
    </mem>
    <remembered-set count="119" />
  </mem-info>
</gc-start>
<allocation-stats totalBytes="78937880" >
  <allocated-bytes non-tlh="1168" tlh="78936712" />
  <largest-consumer threadName="main" threadId="0000000001367F00" bytes="78937880" />
</allocation-stats>
<gc-op id="3809" type="scavenge" timems="0.613" contextid="3806" timestamp="2019-08-09T17:55:43.118">
  <scavenger-info tenureage="3" tenuremask="fff8" tiltratio="89" />
  <memory-copied type="nursery" objects="2" bytes="56" bytesdiscarded="32200" />
</gc-op>
<gc-end id="3810" type="scavenge" contextid="3806" durationms="0.754" usertimems="1.207" systemtimems="0.000" timestamp="2019-08-09T17:55:43.118" activeThreads="16">
  <mem-info id="3811" free="81088392" total="108265472" percent="74">
    <mem type="nursery" free="79200768" total="88080384" percent="89">
      <mem type="allocate" free="79200768" total="79233024" percent="99" />
      <mem type="survivor" free="0" total="8847360" percent="0" />
    </mem>
    <mem type="tenure" free="1887624" total="20185088" percent="9" macro-fragmented="1500163">
      <mem type="soa" free="1685896" total="19983360" percent="8" />
      <mem type="loa" free="201728" total="201728" percent="100" />
    </mem>
    <remembered-set count="119" />
  </mem-info>
</gc-end>
<cycle-end id="3812" type="scavenge" contextid="3806" timestamp="2019-08-09T17:55:43.118" />
  <attribute name="elasticGC enabled" value="1" />
  <attribute name= "numThreadsSpecified" value="16" />
  <attribute name="heapSize specified" value="47316992" />
  <attribute name="Current GC Util" value="16" />
  <attribute name= "Current Time Running" value="149050" />
  <attribute name ="GC Interval" value="2233" />
  <attribute name="Target GC Util Change" value ="80.000000" />
  <attribute name="Current GC Util Change" value="16.000000"/>
  <attribute name="Current Error" value="189.000000" />
  <attribute name="Output H" value="108341376"/>
  <attribute name="Output I" value="2232"/>
  <attribute name="Output T" value="16"/>
  <attribute name= "Current Time Running" value="149050" />
  <attribute name="GC Util currently" value="16" />
  <attribute name="CPU Util currently" value="124049629120" />
<allocation-satisfied id="3813" threadId="0000000001367F00" bytesRequested="1168" />
<af-end id="3814" timestamp="2019-08-09T17:55:43.118" threadId="0000000001368888" success="true" from="nursery"/>
<exclusive-end id="3815" timestamp="2019-08-09T17:55:43.118" durationms="1.330" />

<exclusive-start id="3816" timestamp="2019-08-09T17:55:43.126" intervalms="9.508">
  <response-info timems="0.020" idlems="0.020" threads="0" lastid="0000000001367F00" lastname="main" />
</exclusive-start>
<af-start id="3817" threadId="0000000001368888" totalBytesRequested="1168" timestamp="2019-08-09T17:55:43.126" intervalms="9.494" type="nursery" />
<cycle-start id="3818" type="scavenge" contextid="0" timestamp="2019-08-09T17:55:43.126" intervalms="9.460" />
<gc-start id="3819" type="scavenge" contextid="3818" timestamp="2019-08-09T17:55:43.126">
  <mem-info id="3820" free="1887624" total="108265472" percent="1">
    <mem type="nursery" free="0" total="88080384" percent="0">
      <mem type="allocate" free="0" total="79233024" percent="0" />
      <mem type="survivor" free="0" total="8847360" percent="0" />
    </mem>
    <mem type="tenure" free="1887624" total="20185088" percent="9">
      <mem type="soa" free="1685896" total="19983360" percent="8" />
      <mem type="loa" free="201728" total="201728" percent="100" />
    </mem>
    <remembered-set count="119" />
  </mem-info>
</gc-start>
<allocation-stats totalBytes="78937880" >
  <allocated-bytes non-tlh="1168" tlh="78936712" />
  <largest-consumer threadName="main" threadId="0000000001367F00" bytes="78937880" />
</allocation-stats>
<gc-op id="3821" type="scavenge" timems="0.802" contextid="3818" timestamp="2019-08-09T17:55:43.127">
  <scavenger-info tenureage="3" tenuremask="fff8" tiltratio="89" />
  <memory-copied type="nursery" objects="2" bytes="56" bytesdiscarded="32200" />
</gc-op>
<gc-end id="3822" type="scavenge" contextid="3818" durationms="0.997" usertimems="1.357" systemtimems="0.000" timestamp="2019-08-09T17:55:43.127" activeThreads="16">
  <mem-info id="3823" free="81088392" total="108265472" percent="74">
    <mem type="nursery" free="79200768" total="88080384" percent="89">
      <mem type="allocate" free="79200768" total="79233024" percent="99" />
      <mem type="survivor" free="0" total="8847360" percent="0" />
    </mem>
    <mem type="tenure" free="1887624" total="20185088" percent="9" macro-fragmented="0">
      <mem type="soa" free="1685896" total="19983360" percent="8" />
      <mem type="loa" free="201728" total="201728" percent="100" />
    </mem>
    <remembered-set count="119" />
  </mem-info>
</gc-end>
<cycle-end id="3824" type="scavenge" contextid="3818" timestamp="2019-08-09T17:55:43.127" />
  <attribute name="elasticGC enabled" value="1" />
  <attribute name= "numThreadsSpecified" value="16" />
  <attribute name="heapSize specified" value="47316992" />
  <attribute name="Current GC Util" value="16" />
  <attribute name= "Current Time Running" value="149060" />
  <attribute name ="GC Interval" value="2305" />
  <attribute name="Target GC Util Change" value ="80.000000" />
  <attribute name="Current GC Util Change" value="16.000000"/>
  <attribute name="Current Error" value="253.000000" />
  <attribute name="Output H" value="108341448"/>
  <attribute name="Output I" value="2304"/>
  <attribute name="Output T" value="16"/>
  <attribute name= "Current Time Running" value="149060" />
  <attribute name="GC Util currently" value="16" />
  <attribute name="CPU Util currently" value="122370990721" />
<allocation-satisfied id="3825" threadId="0000000001367F00" bytesRequested="1168" />
<af-end id="3826" timestamp="2019-08-09T17:55:43.127" threadId="0000000001368888" success="true" from="nursery"/>
<exclusive-end id="3827" timestamp="2019-08-09T17:55:43.127" durationms="1.221" />

<exclusive-start id="3828" timestamp="2019-08-09T17:55:43.136" intervalms="9.990">
  <response-info timems="0.020" idlems="0.020" threads="0" lastid="0000000001367F00" lastname="main" />
</exclusive-start>
<af-start id="3829" threadId="0000000001368888" totalBytesRequested="1168" timestamp="2019-08-09T17:55:43.136" intervalms="10.008" type="nursery" />
<cycle-start id="3830" type="scavenge" contextid="0" timestamp="2019-08-09T17:55:43.136" intervalms="10.009" />
<gc-start id="3831" type="scavenge" contextid="3830" timestamp="2019-08-09T17:55:43.136">
  <mem-info id="3832" free="1887624" total="108265472" percent="1">
    <mem type="nursery" free="0" total="88080384" percent="0">
      <mem type="allocate" free="0" total="79233024" percent="0" />
      <mem type="survivor" free="0" total="8847360" percent="0" />
    </mem>
    <mem type="tenure" free="1887624" total="20185088" percent="9">
      <mem type="soa" free="1685896" total="19983360" percent="8" />
      <mem type="loa" free="201728" total="201728" percent="100" />
    </mem>
    <remembered-set count="119" />
  </mem-info>
</gc-start>
<allocation-stats totalBytes="78937880" >
  <allocated-bytes non-tlh="1168" tlh="78936712" />
  <largest-consumer threadName="main" threadId="0000000001367F00" bytes="78937880" />
</allocation-stats>
<gc-op id="3833" type="scavenge" timems="0.719" contextid="3830" timestamp="2019-08-09T17:55:43.137">
  <scavenger-info tenureage="3" tenuremask="fff8" tiltratio="89" />
  <memory-copied type="nursery" objects="2" bytes="56" bytesdiscarded="32200" />
</gc-op>
<gc-end id="3834" type="scavenge" contextid="3830" durationms="0.893" usertimems="1.222" systemtimems="0.000" timestamp="2019-08-09T17:55:43.137" activeThreads="16">
  <mem-info id="3835" free="81088392" total="108265472" percent="74">
    <mem type="nursery" free="79200768" total="88080384" percent="89">
      <mem type="allocate" free="79200768" total="79233024" percent="99" />
      <mem type="survivor" free="0" total="8847360" percent="0" />
    </mem>
    <mem type="tenure" free="1887624" total="20185088" percent="9" macro-fragmented="1500163">
      <mem type="soa" free="1685896" total="19983360" percent="8" />
      <mem type="loa" free="201728" total="201728" percent="100" />
    </mem>
    <remembered-set count="119" />
  </mem-info>
</gc-end>
<cycle-end id="3836" type="scavenge" contextid="3830" timestamp="2019-08-09T17:55:43.137" />
  <attribute name="elasticGC enabled" value="1" />
  <attribute name= "numThreadsSpecified" value="16" />
  <attribute name="heapSize specified" value="47316992" />
  <attribute name="Current GC Util" value="14" />
  <attribute name= "Current Time Running" value="149070" />
  <attribute name ="GC Interval" value="2377" />
  <attribute name="Target GC Util Change" value ="80.000000" />
  <attribute name="Current GC Util Change" value="14.000000"/>
  <attribute name="Current Error" value="319.000000" />
  <attribute name="Output H" value="108341520"/>
  <attribute name="Output I" value="2376"/>
  <attribute name="Output T" value="16"/>
  <attribute name= "Current Time Running" value="149070" />
  <attribute name="GC Util currently" value="14" />
  <attribute name="CPU Util currently" value="114749588069" />
<allocation-satisfied id="3837" threadId="0000000001367F00" bytesRequested="1168" />
<af-end id="3838" timestamp="2019-08-09T17:55:43.137" threadId="0000000001368888" success="true" from="nursery"/>
<exclusive-end id="3839" timestamp="2019-08-09T17:55:43.137" durationms="1.144" />

<exclusive-start id="3840" timestamp="2019-08-09T17:55:43.146" intervalms="9.544">
  <response-info timems="0.021" idlems="0.021" threads="0" lastid="0000000001367F00" lastname="main" />
</exclusive-start>
<af-start id="3841" threadId="0000000001368888" totalBytesRequested="1168" timestamp="2019-08-09T17:55:43.146" intervalms="9.544" type="nursery" />
<cycle-start id="3842" type="scavenge" contextid="0" timestamp="2019-08-09T17:55:43.146" intervalms="9.542" />
<gc-start id="3843" type="scavenge" contextid="3842" timestamp="2019-08-09T17:55:43.146">
  <mem-info id="3844" free="1887624" total="108265472" percent="1">
    <mem type="nursery" free="0" total="88080384" percent="0">
      <mem type="allocate" free="0" total="79233024" percent="0" />
      <mem type="survivor" free="0" total="8847360" percent="0" />
    </mem>
    <mem type="tenure" free="1887624" total="20185088" percent="9">
      <mem type="soa" free="1685896" total="19983360" percent="8" />
      <mem type="loa" free="201728" total="201728" percent="100" />
    </mem>
    <remembered-set count="119" />
  </mem-info>
</gc-start>
<allocation-stats totalBytes="78937880" >
  <allocated-bytes non-tlh="1168" tlh="78936712" />
  <largest-consumer threadName="main" threadId="0000000001367F00" bytes="78937880" />
</allocation-stats>
<gc-op id="3845" type="scavenge" timems="0.579" contextid="3842" timestamp="2019-08-09T17:55:43.146">
  <scavenger-info tenureage="3" tenuremask="fff8" tiltratio="89" />
  <memory-copied type="nursery" objects="2" bytes="56" bytesdiscarded="32200" />
</gc-op>
<gc-end id="3846" type="scavenge" contextid="3842" durationms="0.712" usertimems="1.083" systemtimems="0.000" timestamp="2019-08-09T17:55:43.147" activeThreads="16">
  <mem-info id="3847" free="81088392" total="108265472" percent="74">
    <mem type="nursery" free="79200768" total="88080384" percent="89">
      <mem type="allocate" free="79200768" total="79233024" percent="99" />
      <mem type="survivor" free="0" total="8847360" percent="0" />
    </mem>
    <mem type="tenure" free="1887624" total="20185088" percent="9" macro-fragmented="1500163">
      <mem type="soa" free="1685896" total="19983360" percent="8" />
      <mem type="loa" free="201728" total="201728" percent="100" />
    </mem>
    <remembered-set count="119" />
  </mem-info>
</gc-end>
<cycle-end id="3848" type="scavenge" contextid="3842" timestamp="2019-08-09T17:55:43.147" />
  <attribute name="elasticGC enabled" value="1" />
  <attribute name= "numThreadsSpecified" value="16" />
  <attribute name="heapSize specified" value="47316992" />
  <attribute name="Current GC Util" value="14" />
  <attribute name= "Current Time Running" value="149079" />
  <attribute name ="GC Interval" value="2457" />
  <attribute name="Target GC Util Change" value ="80.000000" />
  <attribute name="Current GC Util Change" value="14.000000"/>
  <attribute name="Current Error" value="385.000000" />
  <attribute name="Output H" value="108341600"/>
  <attribute name="Output I" value="2456"/>
  <attribute name="Output T" value="16"/>
  <attribute name= "Current Time Running" value="149079" />
  <attribute name="GC Util currently" value="14" />
  <attribute name="CPU Util currently" value="121468824657" />
<allocation-satisfied id="3849" threadId="0000000001367F00" bytesRequested="1168" />
<af-end id="3850" timestamp="2019-08-09T17:55:43.147" threadId="0000000001368888" success="true" from="nursery"/>
<exclusive-end id="3851" timestamp="2019-08-09T17:55:43.147" durationms="0.944" />

<exclusive-start id="3852" timestamp="2019-08-09T17:55:43.155" intervalms="9.493">
  <response-info timems="0.022" idlems="0.022" threads="0" lastid="0000000001367F00" lastname="main" />
</exclusive-start>
<af-start id="3853" threadId="0000000001368888" totalBytesRequested="1168" timestamp="2019-08-09T17:55:43.155" intervalms="9.481" type="nursery" />
<cycle-start id="3854" type="scavenge" contextid="0" timestamp="2019-08-09T17:55:43.155" intervalms="9.481" />
<gc-start id="3855" type="scavenge" contextid="3854" timestamp="2019-08-09T17:55:43.155">
  <mem-info id="3856" free="1887624" total="108265472" percent="1">
    <mem type="nursery" free="0" total="88080384" percent="0">
      <mem type="allocate" free="0" total="79233024" percent="0" />
      <mem type="survivor" free="0" total="8847360" percent="0" />
    </mem>
    <mem type="tenure" free="1887624" total="20185088" percent="9">
      <mem type="soa" free="1685896" total="19983360" percent="8" />
      <mem type="loa" free="201728" total="201728" percent="100" />
    </mem>
    <remembered-set count="124" />
  </mem-info>
</gc-start>
<allocation-stats totalBytes="78868392" >
  <allocated-bytes non-tlh="1168" tlh="78867224" />
  <largest-consumer threadName="main" threadId="0000000001367F00" bytes="78868392" />
</allocation-stats>
<gc-op id="3857" type="scavenge" timems="0.562" contextid="3854" timestamp="2019-08-09T17:55:43.156">
  <scavenger-info tenureage="3" tenuremask="fff8" tiltratio="89" />
  <memory-copied type="nursery" objects="27" bytes="1944" bytesdiscarded="30312" />
</gc-op>
<gc-end id="3858" type="scavenge" contextid="3854" durationms="0.762" usertimems="1.085" systemtimems="0.000" timestamp="2019-08-09T17:55:43.156" activeThreads="16">
  <mem-info id="3859" free="81088392" total="108265472" percent="74">
    <mem type="nursery" free="79200768" total="88080384" percent="89">
      <mem type="allocate" free="79200768" total="79233024" percent="99" />
      <mem type="survivor" free="0" total="8847360" percent="0" />
    </mem>
    <mem type="tenure" free="1887624" total="20185088" percent="9" macro-fragmented="9100">
      <mem type="soa" free="1685896" total="19983360" percent="8" />
      <mem type="loa" free="201728" total="201728" percent="100" />
    </mem>
    <remembered-set count="124" />
  </mem-info>
</gc-end>
<cycle-end id="3860" type="scavenge" contextid="3854" timestamp="2019-08-09T17:55:43.156" />
  <attribute name="elasticGC enabled" value="1" />
  <attribute name= "numThreadsSpecified" value="16" />
  <attribute name="heapSize specified" value="47316992" />
  <attribute name="Current GC Util" value="12" />
  <attribute name= "Current Time Running" value="149089" />
  <attribute name ="GC Interval" value="2089" />
  <attribute name="Target GC Util Change" value ="80.000000" />
  <attribute name="Current GC Util Change" value="12.000000"/>
  <attribute name="Current Error" value="68.000000" />
  <attribute name="Output H" value="108341232"/>
  <attribute name="Output I" value="2088"/>
  <attribute name="Output T" value="16"/>
  <attribute name= "Current Time Running" value="149089" />
  <attribute name="GC Util currently" value="12" />
  <attribute name="CPU Util currently" value="121444744277" />
<allocation-satisfied id="3861" threadId="0000000001367F00" bytesRequested="1168" />
<af-end id="3862" timestamp="2019-08-09T17:55:43.156" threadId="0000000001368888" success="true" from="nursery"/>
<exclusive-end id="3863" timestamp="2019-08-09T17:55:43.156" durationms="0.992" />

<exclusive-start id="3864" timestamp="2019-08-09T17:55:43.165" intervalms="9.400">
  <response-info timems="0.018" idlems="0.018" threads="0" lastid="0000000001367F00" lastname="main" />
</exclusive-start>
<af-start id="3865" threadId="0000000001368888" totalBytesRequested="1168" timestamp="2019-08-09T17:55:43.165" intervalms="9.395" type="nursery" />
<cycle-start id="3866" type="scavenge" contextid="0" timestamp="2019-08-09T17:55:43.165" intervalms="9.396" />
<gc-start id="3867" type="scavenge" contextid="3866" timestamp="2019-08-09T17:55:43.165">
  <mem-info id="3868" free="1887624" total="108265472" percent="1">
    <mem type="nursery" free="0" total="88080384" percent="0">
      <mem type="allocate" free="0" total="79233024" percent="0" />
      <mem type="survivor" free="0" total="8847360" percent="0" />
    </mem>
    <mem type="tenure" free="1887624" total="20185088" percent="9">
      <mem type="soa" free="1685896" total="19983360" percent="8" />
      <mem type="loa" free="201728" total="201728" percent="100" />
    </mem>
    <remembered-set count="124" />
  </mem-info>
</gc-start>
<allocation-stats totalBytes="78691104" >
  <allocated-bytes non-tlh="1168" tlh="78689936" />
  <largest-consumer threadName="main" threadId="0000000001367F00" bytes="78691104" />
</allocation-stats>
<gc-op id="3869" type="scavenge" timems="0.615" contextid="3866" timestamp="2019-08-09T17:55:43.165">
  <scavenger-info tenureage="3" tenuremask="fff8" tiltratio="89" />
  <memory-copied type="nursery" objects="28" bytes="1968" bytesdiscarded="14160" />
</gc-op>
<heap-resize id="3870" type="expand" space="nursery" amount="4849664" count="1" timems="0.018" reason="excessive time being spent scavenging" timestamp="2019-08-09T17:55:43.166" />
<gc-end id="3871" type="scavenge" contextid="3866" durationms="1.343" usertimems="1.857" systemtimems="0.000" timestamp="2019-08-09T17:55:43.166" activeThreads="16">
  <mem-info id="3872" free="85429896" total="113115136" percent="75">
    <mem type="nursery" free="83542272" total="92930048" percent="89">
      <mem type="allocate" free="83542272" total="83558400" percent="99" />
      <mem type="survivor" free="0" total="9371648" percent="0" />
    </mem>
    <mem type="tenure" free="1887624" total="20185088" percent="9" macro-fragmented="0">
      <mem type="soa" free="1685896" total="19983360" percent="8" />
      <mem type="loa" free="201728" total="201728" percent="100" />
    </mem>
    <remembered-set count="114" />
  </mem-info>
</gc-end>
<cycle-end id="3873" type="scavenge" contextid="3866" timestamp="2019-08-09T17:55:43.166" />
  <attribute name="elasticGC enabled" value="1" />
  <attribute name= "numThreadsSpecified" value="16" />
  <attribute name="heapSize specified" value="47316992" />
  <attribute name="Current GC Util" value="12" />
  <attribute name= "Current Time Running" value="149098" />
  <attribute name ="GC Interval" value="2169" />
  <attribute name="Target GC Util Change" value ="80.000000" />
  <attribute name="Current GC Util Change" value="12.000000"/>
  <attribute name="Current Error" value="136.000000" />
  <attribute name="Output H" value="108341312"/>
  <attribute name="Output I" value="2168"/>
  <attribute name="Output T" value="16"/>
  <attribute name= "Current Time Running" value="149098" />
  <attribute name="GC Util currently" value="12" />
  <attribute name="CPU Util currently" value="122047281001" />
<allocation-satisfied id="3874" threadId="0000000001367F00" bytesRequested="1168" />
<af-end id="3875" timestamp="2019-08-09T17:55:43.166" threadId="0000000001368888" success="true" from="nursery"/>
<exclusive-end id="3876" timestamp="2019-08-09T17:55:43.166" durationms="1.581" />

<exclusive-start id="3877" timestamp="2019-08-09T17:55:43.177" intervalms="12.782">
  <response-info timems="0.030" idlems="0.030" threads="0" lastid="0000000001367F00" lastname="main" />
</exclusive-start>
<af-start id="3878" threadId="0000000001368888" totalBytesRequested="1168" timestamp="2019-08-09T17:55:43.177" intervalms="12.788" type="nursery" />
<cycle-start id="3879" type="scavenge" contextid="0" timestamp="2019-08-09T17:55:43.177" intervalms="12.793" />
<gc-start id="3880" type="scavenge" contextid="3879" timestamp="2019-08-09T17:55:43.178">
  <mem-info id="3881" free="1887624" total="113115136" percent="1">
    <mem type="nursery" free="0" total="92930048" percent="0">
      <mem type="allocate" free="0" total="83558400" percent="0" />
      <mem type="survivor" free="0" total="9371648" percent="0" />
    </mem>
    <mem type="tenure" free="1887624" total="20185088" percent="9">
      <mem type="soa" free="1685896" total="19983360" percent="8" />
      <mem type="loa" free="201728" total="201728" percent="100" />
    </mem>
    <remembered-set count="114" />
  </mem-info>
</gc-start>
<allocation-stats totalBytes="83019112" >
  <allocated-bytes non-tlh="1168" tlh="83017944" />
  <largest-consumer threadName="main" threadId="0000000001367F00" bytes="83019112" />
</allocation-stats>
<gc-op id="3882" type="scavenge" timems="0.724" contextid="3879" timestamp="2019-08-09T17:55:43.178">
  <scavenger-info tenureage="3" tenuremask="fff8" tiltratio="89" />
  <memory-copied type="nursery" objects="28" bytes="1968" bytesdiscarded="14160" />
</gc-op>
<gc-end id="3883" type="scavenge" contextid="3879" durationms="0.966" usertimems="1.429" systemtimems="0.000" timestamp="2019-08-09T17:55:43.179" activeThreads="16">
  <mem-info id="3884" free="85495432" total="113115136" percent="75">
    <mem type="nursery" free="83607808" total="92930048" percent="89">
      <mem type="allocate" free="83607808" total="83623936" percent="99" />
      <mem type="survivor" free="0" total="9306112" percent="0" />
    </mem>
    <mem type="tenure" free="1887624" total="20185088" percent="9" macro-fragmented="0">
      <mem type="soa" free="1685896" total="19983360" percent="8" />
      <mem type="loa" free="201728" total="201728" percent="100" />
    </mem>
    <remembered-set count="114" />
  </mem-info>
</gc-end>
<cycle-end id="3885" type="scavenge" contextid="3879" timestamp="2019-08-09T17:55:43.179" />
  <attribute name="elasticGC enabled" value="1" />
  <attribute name= "numThreadsSpecified" value="16" />
  <attribute name="heapSize specified" value="47316992" />
  <attribute name="Current GC Util" value="13" />
  <attribute name= "Current Time Running" value="149111" />
  <attribute name ="GC Interval" value="2249" />
  <attribute name="Target GC Util Change" value ="80.000000" />
  <attribute name="Current GC Util Change" value="13.000000"/>
  <attribute name="Current Error" value="203.000000" />
  <attribute name="Output H" value="113191056"/>
  <attribute name="Output I" value="2248"/>
  <attribute name="Output T" value="16"/>
  <attribute name= "Current Time Running" value="149111" />
  <attribute name="GC Util currently" value="13" />
  <attribute name="CPU Util currently" value="90421553978" />
<allocation-satisfied id="3886" threadId="0000000001367F00" bytesRequested="1168" />
<af-end id="3887" timestamp="2019-08-09T17:55:43.179" threadId="0000000001368888" success="true" from="nursery"/>
<exclusive-end id="3888" timestamp="2019-08-09T17:55:43.179" durationms="1.229" />

<exclusive-start id="3889" timestamp="2019-08-09T17:55:43.189" intervalms="11.881">
  <response-info timems="0.022" idlems="0.022" threads="0" lastid="0000000001367F00" lastname="main" />
</exclusive-start>
<af-start id="3890" threadId="0000000001368888" totalBytesRequested="1168" timestamp="2019-08-09T17:55:43.189" intervalms="11.880" type="nursery" />
<cycle-start id="3891" type="scavenge" contextid="0" timestamp="2019-08-09T17:55:43.189" intervalms="11.876" />
<gc-start id="3892" type="scavenge" contextid="3891" timestamp="2019-08-09T17:55:43.189">
  <mem-info id="3893" free="1887624" total="113115136" percent="1">
    <mem type="nursery" free="0" total="92930048" percent="0">
      <mem type="allocate" free="0" total="83623936" percent="0" />
      <mem type="survivor" free="0" total="9306112" percent="0" />
    </mem>
    <mem type="tenure" free="1887624" total="20185088" percent="9">
      <mem type="soa" free="1685896" total="19983360" percent="8" />
      <mem type="loa" free="201728" total="201728" percent="100" />
    </mem>
    <remembered-set count="114" />
  </mem-info>
</gc-start>
<allocation-stats totalBytes="83083640" >
  <allocated-bytes non-tlh="1168" tlh="83082472" />
  <largest-consumer threadName="main" threadId="0000000001367F00" bytes="83083640" />
</allocation-stats>
<gc-op id="3894" type="scavenge" timems="0.633" contextid="3891" timestamp="2019-08-09T17:55:43.190">
  <scavenger-info tenureage="3" tenuremask="fff8" tiltratio="89" />
  <memory-copied type="nursery" objects="2" bytes="64" bytesdiscarded="32192" />
  <memory-copied type="tenure" objects="26" bytes="1904" bytesdiscarded="0" />
</gc-op>
<gc-end id="3895" type="scavenge" contextid="3891" durationms="0.821" usertimems="1.254" systemtimems="0.000" timestamp="2019-08-09T17:55:43.190" activeThreads="16">
  <mem-info id="3896" free="85479304" total="113115136" percent="75">
    <mem type="nursery" free="83591680" total="92930048" percent="89">
      <mem type="allocate" free="83591680" total="83623936" percent="99" />
      <mem type="survivor" free="0" total="9306112" percent="0" />
    </mem>
    <mem type="tenure" free="1887624" total="20185088" percent="9" macro-fragmented="0">
      <mem type="soa" free="1685896" total="19983360" percent="8" />
      <mem type="loa" free="201728" total="201728" percent="100" />
    </mem>
    <remembered-set count="119" />
  </mem-info>
</gc-end>
<cycle-end id="3897" type="scavenge" contextid="3891" timestamp="2019-08-09T17:55:43.190" />
  <attribute name="elasticGC enabled" value="1" />
  <attribute name= "numThreadsSpecified" value="16" />
  <attribute name="heapSize specified" value="47316992" />
  <attribute name="Current GC Util" value="13" />
  <attribute name= "Current Time Running" value="149123" />
  <attribute name ="GC Interval" value="2321" />
  <attribute name="Target GC Util Change" value ="80.000000" />
  <attribute name="Current GC Util Change" value="13.000000"/>
  <attribute name="Current Error" value="270.000000" />
  <attribute name="Output H" value="113191128"/>
  <attribute name="Output I" value="2320"/>
  <attribute name="Output T" value="16"/>
  <attribute name= "Current Time Running" value="149123" />
  <attribute name="GC Util currently" value="13" />
  <attribute name="CPU Util currently" value="97222237322" />
<allocation-satisfied id="3898" threadId="0000000001367F00" bytesRequested="1168" />
<af-end id="3899" timestamp="2019-08-09T17:55:43.190" threadId="0000000001368888" success="true" from="nursery"/>
<exclusive-end id="3900" timestamp="2019-08-09T17:55:43.190" durationms="1.034" />

<exclusive-start id="3901" timestamp="2019-08-09T17:55:43.199" intervalms="9.479">
  <response-info timems="0.023" idlems="0.023" threads="0" lastid="0000000001367F00" lastname="main" />
</exclusive-start>
<af-start id="3902" threadId="0000000001368888" totalBytesRequested="1168" timestamp="2019-08-09T17:55:43.199" intervalms="9.490" type="nursery" />
<cycle-start id="3903" type="scavenge" contextid="0" timestamp="2019-08-09T17:55:43.199" intervalms="9.489" />
<gc-start id="3904" type="scavenge" contextid="3903" timestamp="2019-08-09T17:55:43.199">
  <mem-info id="3905" free="1887624" total="113115136" percent="1">
    <mem type="nursery" free="0" total="92930048" percent="0">
      <mem type="allocate" free="0" total="83623936" percent="0" />
      <mem type="survivor" free="0" total="9306112" percent="0" />
    </mem>
    <mem type="tenure" free="1887624" total="20185088" percent="9">
      <mem type="soa" free="1685896" total="19983360" percent="8" />
      <mem type="loa" free="201728" total="201728" percent="100" />
    </mem>
    <remembered-set count="119" />
  </mem-info>
</gc-start>
<allocation-stats totalBytes="83068736" >
  <allocated-bytes non-tlh="1168" tlh="83067568" />
  <largest-consumer threadName="main" threadId="0000000001367F00" bytes="83068736" />
</allocation-stats>
<gc-op id="3906" type="scavenge" timems="0.477" contextid="3903" timestamp="2019-08-09T17:55:43.199">
  <scavenger-info tenureage="3" tenuremask="ffe8" tiltratio="89" />
  <memory-copied type="nursery" objects="2" bytes="64" bytesdiscarded="32192" />
</gc-op>
<gc-end id="3907" type="scavenge" contextid="3903" durationms="0.612" usertimems="0.911" systemtimems="0.000" timestamp="2019-08-09T17:55:43.200" activeThreads="16">
  <mem-info id="3908" free="85479304" total="113115136" percent="75">
    <mem type="nursery" free="83591680" total="92930048" percent="89">
      <mem type="allocate" free="83591680" total="83623936" percent="99" />
      <mem type="survivor" free="0" total="9306112" percent="0" />
    </mem>
    <mem type="tenure" free="1887624" total="20185088" percent="9" macro-fragmented="868149">
      <mem type="soa" free="1685896" total="19983360" percent="8" />
      <mem type="loa" free="201728" total="201728" percent="100" />
    </mem>
    <remembered-set count="119" />
  </mem-info>
</gc-end>
<cycle-end id="3909" type="scavenge" contextid="3903" timestamp="2019-08-09T17:55:43.200" />
  <attribute name="elasticGC enabled" value="1" />
  <attribute name= "numThreadsSpecified" value="16" />
  <attribute name="heapSize specified" value="47316992" />
  <attribute name="Current GC Util" value="14" />
  <attribute name= "Current Time Running" value="149132" />
  <attribute name ="GC Interval" value="2401" />
  <attribute name="Target GC Util Change" value ="80.000000" />
  <attribute name="Current GC Util Change" value="14.000000"/>
  <attribute name="Current Error" value="336.000000" />
  <attribute name="Output H" value="113191208"/>
  <attribute name="Output I" value="2400"/>
  <attribute name="Output T" value="16"/>
  <attribute name= "Current Time Running" value="149132" />
  <attribute name="GC Util currently" value="14" />
  <attribute name="CPU Util currently" value="121371014318" />
<allocation-satisfied id="3910" threadId="0000000001367F00" bytesRequested="1168" />
<af-end id="3911" timestamp="2019-08-09T17:55:43.200" threadId="0000000001368888" success="true" from="nursery"/>
<exclusive-end id="3912" timestamp="2019-08-09T17:55:43.200" durationms="0.851" />

<exclusive-start id="3913" timestamp="2019-08-09T17:55:43.253" intervalms="54.674">
  <response-info timems="0.019" idlems="0.019" threads="0" lastid="0000000001367F00" lastname="main" />
</exclusive-start>
<af-start id="3914" threadId="0000000001368888" totalBytesRequested="24" timestamp="2019-08-09T17:55:43.253" intervalms="54.657" type="nursery" />
<cycle-start id="3915" type="scavenge" contextid="0" timestamp="2019-08-09T17:55:43.254" intervalms="54.656" />
<gc-start id="3916" type="scavenge" contextid="3915" timestamp="2019-08-09T17:55:43.254">
  <mem-info id="3917" free="1887624" total="113115136" percent="1">
    <mem type="nursery" free="0" total="92930048" percent="0">
      <mem type="allocate" free="0" total="83623936" percent="0" />
      <mem type="survivor" free="0" total="9306112" percent="0" />
    </mem>
    <mem type="tenure" free="1887624" total="20185088" percent="9">
      <mem type="soa" free="1685896" total="19983360" percent="8" />
      <mem type="loa" free="201728" total="201728" percent="100" />
    </mem>
    <remembered-set count="129" />
  </mem-info>
</gc-start>
<allocation-stats totalBytes="83574744" >
  <allocated-bytes non-tlh="1168" tlh="83573576" />
  <largest-consumer threadName="main" threadId="0000000001367F00" bytes="83574744" />
</allocation-stats>
<gc-op id="3918" type="scavenge" timems="0.654" contextid="3915" timestamp="2019-08-09T17:55:43.254">
  <scavenger-info tenureage="3" tenuremask="fff8" tiltratio="89" />
  <memory-copied type="nursery" objects="237" bytes="7648" bytesdiscarded="56048" />
  <references type="weak" candidates="37" cleared="0" enqueued="0" />
</gc-op>
<gc-end id="3919" type="scavenge" contextid="3915" durationms="0.849" usertimems="1.273" systemtimems="0.000" timestamp="2019-08-09T17:55:43.254" activeThreads="16">
  <mem-info id="3920" free="85447816" total="113115136" percent="75">
    <mem type="nursery" free="83560192" total="92930048" percent="89">
      <mem type="allocate" free="83560192" total="83623936" percent="99" />
      <mem type="survivor" free="0" total="9306112" percent="0" />
    </mem>
    <mem type="tenure" free="1887624" total="20185088" percent="9" macro-fragmented="0">
      <mem type="soa" free="1685896" total="19983360" percent="8" />
      <mem type="loa" free="201728" total="201728" percent="100" />
    </mem>
    <remembered-set count="129" />
  </mem-info>
</gc-end>
<cycle-end id="3921" type="scavenge" contextid="3915" timestamp="2019-08-09T17:55:43.254" />
  <attribute name="elasticGC enabled" value="1" />
  <attribute name= "numThreadsSpecified" value="16" />
  <attribute name="heapSize specified" value="47316992" />
  <attribute name="Current GC Util" value="1" />
  <attribute name= "Current Time Running" value="149187" />
  <attribute name ="GC Interval" value="2489" />
  <attribute name="Target GC Util Change" value ="80.000000" />
  <attribute name="Current GC Util Change" value="1.000000"/>
  <attribute name="Current Error" value="415.000000" />
  <attribute name="Output H" value="113191296"/>
  <attribute name="Output I" value="2488"/>
  <attribute name="Output T" value="16"/>
  <attribute name= "Current Time Running" value="149187" />
  <attribute name="GC Util currently" value="1" />
  <attribute name="CPU Util currently" value="21095198837" />
<allocation-satisfied id="3922" threadId="0000000001367F00" bytesRequested="24" />
<af-end id="3923" timestamp="2019-08-09T17:55:43.255" threadId="0000000001368888" success="true" from="nursery"/>
<exclusive-end id="3924" timestamp="2019-08-09T17:55:43.255" durationms="1.068" />

<exclusive-start id="3925" timestamp="2019-08-09T17:55:43.295" intervalms="41.057">
  <response-info timems="0.025" idlems="0.025" threads="0" lastid="0000000001367F00" lastname="main" />
</exclusive-start>
<af-start id="3926" threadId="0000000001368888" totalBytesRequested="192" timestamp="2019-08-09T17:55:43.296" intervalms="42.065" type="nursery" />
<cycle-start id="3927" type="scavenge" contextid="0" timestamp="2019-08-09T17:55:43.296" intervalms="42.075" />
<gc-start id="3928" type="scavenge" contextid="3927" timestamp="2019-08-09T17:55:43.296">
  <mem-info id="3929" free="1887624" total="113115136" percent="1">
    <mem type="nursery" free="0" total="92930048" percent="0">
      <mem type="allocate" free="0" total="83623936" percent="0" />
      <mem type="survivor" free="0" total="9306112" percent="0" />
    </mem>
    <mem type="tenure" free="1887624" total="20185088" percent="9">
      <mem type="soa" free="1685896" total="19983360" percent="8" />
      <mem type="loa" free="201728" total="201728" percent="100" />
    </mem>
    <remembered-set count="131" />
  </mem-info>
</gc-start>
<allocation-stats totalBytes="83528240" >
  <allocated-bytes non-tlh="24" tlh="83528216" />
  <largest-consumer threadName="main" threadId="0000000001367F00" bytes="83528240" />
</allocation-stats>
<gc-op id="3930" type="scavenge" timems="0.758" contextid="3927" timestamp="2019-08-09T17:55:43.297">
  <scavenger-info tenureage="3" tenuremask="fff8" tiltratio="89" />
  <memory-copied type="nursery" objects="79" bytes="2480" bytesdiscarded="69712" />
  <references type="weak" candidates="37" cleared="7" enqueued="3" />
</gc-op>
<gc-end id="3931" type="scavenge" contextid="3927" durationms="0.897" usertimems="1.171" systemtimems="0.000" timestamp="2019-08-09T17:55:43.297" activeThreads="16">
  <mem-info id="3932" free="85439368" total="113115136" percent="75">
    <mem type="nursery" free="83551744" total="92930048" percent="89">
      <mem type="allocate" free="83551744" total="83623936" percent="99" />
      <mem type="survivor" free="0" total="9306112" percent="0" />
    </mem>
    <mem type="tenure" free="1887624" total="20185088" percent="9" macro-fragmented="868149">
      <mem type="soa" free="1685896" total="19983360" percent="8" />
      <mem type="loa" free="201728" total="201728" percent="100" />
    </mem>
    <pending-finalizers system="0" default="0" reference="3" classloader="0" />
    <remembered-set count="121" />
  </mem-info>
</gc-end>
<cycle-end id="3933" type="scavenge" contextid="3927" timestamp="2019-08-09T17:55:43.297" />
  <attribute name="elasticGC enabled" value="1" />
  <attribute name= "numThreadsSpecified" value="16" />
  <attribute name="heapSize specified" value="47316992" />
  <attribute name="Current GC Util" value="3" />
  <attribute name= "Current Time Running" value="149229" />
  <attribute name ="GC Interval" value="2097" />
  <attribute name="Target GC Util Change" value ="80.000000" />
  <attribute name="Current GC Util Change" value="3.000000"/>
  <attribute name="Current Error" value="77.000000" />
  <attribute name="Output H" value="113190904"/>
  <attribute name="Output I" value="2096"/>
  <attribute name="Output T" value="16"/>
  <attribute name= "Current Time Running" value="149229" />
  <attribute name="GC Util currently" value="3" />
  <attribute name="CPU Util currently" value="27311382483" />
<allocation-satisfied id="3934" threadId="0000000001367F00" bytesRequested="192" />
<af-end id="3935" timestamp="2019-08-09T17:55:43.297" threadId="0000000001368888" success="true" from="nursery"/>
<exclusive-end id="3936" timestamp="2019-08-09T17:55:43.297" durationms="2.253" />

<exclusive-start id="3937" timestamp="2019-08-09T17:55:43.313" intervalms="18.426">
  <response-info timems="0.029" idlems="0.029" threads="0" lastid="0000000001367F00" lastname="main" />
</exclusive-start>
<af-start id="3938" threadId="0000000001368888" totalBytesRequested="272" timestamp="2019-08-09T17:55:43.313" intervalms="17.429" type="nursery" />
<cycle-start id="3939" type="scavenge" contextid="0" timestamp="2019-08-09T17:55:43.313" intervalms="17.420" />
<gc-start id="3940" type="scavenge" contextid="3939" timestamp="2019-08-09T17:55:43.313">
  <mem-info id="3941" free="1887624" total="113115136" percent="1">
    <mem type="nursery" free="0" total="92930048" percent="0">
      <mem type="allocate" free="0" total="83623936" percent="0" />
      <mem type="survivor" free="0" total="9306112" percent="0" />
    </mem>
    <mem type="tenure" free="1887624" total="20185088" percent="9">
      <mem type="soa" free="1685896" total="19983360" percent="8" />
      <mem type="loa" free="201728" total="201728" percent="100" />
    </mem>
    <remembered-set count="122" />
  </mem-info>
</gc-start>
<allocation-stats totalBytes="83508984" >
  <allocated-bytes non-tlh="192" tlh="83508792" />
  <largest-consumer threadName="main" threadId="0000000001367F00" bytes="83508984" />
</allocation-stats>
<gc-op id="3942" type="scavenge" timems="0.588" contextid="3939" timestamp="2019-08-09T17:55:43.314">
  <scavenger-info tenureage="3" tenuremask="fff8" tiltratio="89" />
  <memory-copied type="nursery" objects="79" bytes="2552" bytesdiscarded="77320" />
  <references type="weak" candidates="30" cleared="0" enqueued="0" />
</gc-op>
<gc-end id="3943" type="scavenge" contextid="3939" durationms="0.790" usertimems="1.071" systemtimems="0.000" timestamp="2019-08-09T17:55:43.314" activeThreads="16">
  <mem-info id="3944" free="85431688" total="113115136" percent="75">
    <mem type="nursery" free="83544064" total="92930048" percent="89">
      <mem type="allocate" free="83544064" total="83623936" percent="99" />
      <mem type="survivor" free="0" total="9306112" percent="0" />
    </mem>
    <mem type="tenure" free="1887624" total="20185088" percent="9" macro-fragmented="868149">
      <mem type="soa" free="1685896" total="19983360" percent="8" />
      <mem type="loa" free="201728" total="201728" percent="100" />
    </mem>
    <remembered-set count="122" />
  </mem-info>
</gc-end>
<cycle-end id="3945" type="scavenge" contextid="3939" timestamp="2019-08-09T17:55:43.314" />
  <attribute name="elasticGC enabled" value="1" />
  <attribute name= "numThreadsSpecified" value="16" />
  <attribute name="heapSize specified" value="47316992" />
  <attribute name="Current GC Util" value="8" />
  <attribute name= "Current Time Running" value="149246" />
  <attribute name ="GC Interval" value="2185" />
  <attribute name="Target GC Util Change" value ="80.000000" />
  <attribute name="Current GC Util Change" value="8.000000"/>
  <attribute name="Current Error" value="149.000000" />
  <attribute name="Output H" value="113190992"/>
  <attribute name="Output I" value="2184"/>
  <attribute name="Output T" value="16"/>
  <attribute name= "Current Time Running" value="149246" />
  <attribute name="GC Util currently" value="8" />
  <attribute name="CPU Util currently" value="66724668653" />
<allocation-satisfied id="3946" threadId="0000000001367F00" bytesRequested="272" />
<af-end id="3947" timestamp="2019-08-09T17:55:43.314" threadId="0000000001368888" success="true" from="nursery"/>
<exclusive-end id="3948" timestamp="2019-08-09T17:55:43.314" durationms="1.018" />

<exclusive-start id="3949" timestamp="2019-08-09T17:55:43.329" intervalms="16.084">
  <response-info timems="0.014" idlems="0.014" threads="0" lastid="0000000001367F00" lastname="main" />
</exclusive-start>
<af-start id="3950" threadId="0000000001368888" totalBytesRequested="184" timestamp="2019-08-09T17:55:43.329" intervalms="16.074" type="nursery" />
<cycle-start id="3951" type="scavenge" contextid="0" timestamp="2019-08-09T17:55:43.329" intervalms="16.074" />
<gc-start id="3952" type="scavenge" contextid="3951" timestamp="2019-08-09T17:55:43.329">
  <mem-info id="3953" free="1887624" total="113115136" percent="1">
    <mem type="nursery" free="0" total="92930048" percent="0">
      <mem type="allocate" free="0" total="83623936" percent="0" />
      <mem type="survivor" free="0" total="9306112" percent="0" />
    </mem>
    <mem type="tenure" free="1887624" total="20185088" percent="9">
      <mem type="soa" free="1685896" total="19983360" percent="8" />
      <mem type="loa" free="201728" total="201728" percent="100" />
    </mem>
    <remembered-set count="122" />
  </mem-info>
</gc-start>
<allocation-stats totalBytes="83500816" >
  <allocated-bytes non-tlh="272" tlh="83500544" />
  <largest-consumer threadName="main" threadId="0000000001367F00" bytes="83500816" />
</allocation-stats>
<gc-op id="3954" type="scavenge" timems="1.013" contextid="3951" timestamp="2019-08-09T17:55:43.330">
  <scavenger-info tenureage="3" tenuremask="fff8" tiltratio="89" />
  <memory-copied type="nursery" objects="23" bytes="848" bytesdiscarded="15280" />
  <memory-copied type="tenure" objects="56" bytes="1616" bytesdiscarded="0" />
</gc-op>
<gc-end id="3955" type="scavenge" contextid="3951" durationms="1.224" usertimems="1.953" systemtimems="0.000" timestamp="2019-08-09T17:55:43.330" activeThreads="16">
  <mem-info id="3956" free="85471624" total="113115136" percent="75">
    <mem type="nursery" free="83607808" total="92930048" percent="89">
      <mem type="allocate" free="83607808" total="83623936" percent="99" />
      <mem type="survivor" free="0" total="9306112" percent="0" />
    </mem>
    <mem type="tenure" free="1863816" total="20185088" percent="9" macro-fragmented="0">
      <mem type="soa" free="1662088" total="19983360" percent="8" />
      <mem type="loa" free="201728" total="201728" percent="100" />
    </mem>
    <remembered-set count="112" />
  </mem-info>
</gc-end>
<cycle-end id="3957" type="scavenge" contextid="3951" timestamp="2019-08-09T17:55:43.330" />
  <attribute name="elasticGC enabled" value="1" />
  <attribute name= "numThreadsSpecified" value="16" />
  <attribute name="heapSize specified" value="47316992" />
  <attribute name="Current GC Util" value="7" />
  <attribute name= "Current Time Running" value="149262" />
  <attribute name ="GC Interval" value="2265" />
  <attribute name="Target GC Util Change" value ="80.000000" />
  <attribute name="Current GC Util Change" value="7.000000"/>
  <attribute name="Current Error" value="222.000000" />
  <attribute name="Output H" value="113191072"/>
  <attribute name="Output I" value="2264"/>
  <attribute name="Output T" value="16"/>
  <attribute name= "Current Time Running" value="149262" />
  <attribute name="GC Util currently" value="7" />
  <attribute name="CPU Util currently" value="71691111437" />
<allocation-satisfied id="3958" threadId="0000000001367F00" bytesRequested="184" />
<af-end id="3959" timestamp="2019-08-09T17:55:43.330" threadId="0000000001368888" success="true" from="nursery"/>
<exclusive-end id="3960" timestamp="2019-08-09T17:55:43.330" durationms="1.462" />

<exclusive-start id="3961" timestamp="2019-08-09T17:55:43.347" intervalms="18.476">
  <response-info timems="0.022" idlems="0.022" threads="0" lastid="0000000001367F00" lastname="main" />
</exclusive-start>
<af-start id="3962" threadId="0000000001368888" totalBytesRequested="168" timestamp="2019-08-09T17:55:43.348" intervalms="18.482" type="nursery" />
<cycle-start id="3963" type="scavenge" contextid="0" timestamp="2019-08-09T17:55:43.348" intervalms="18.491" />
<gc-start id="3964" type="scavenge" contextid="3963" timestamp="2019-08-09T17:55:43.348">
  <mem-info id="3965" free="1863816" total="113115136" percent="1">
    <mem type="nursery" free="0" total="92930048" percent="0">
      <mem type="allocate" free="0" total="83623936" percent="0" />
      <mem type="survivor" free="0" total="9306112" percent="0" />
    </mem>
    <mem type="tenure" free="1863816" total="20185088" percent="9">
      <mem type="soa" free="1662088" total="19983360" percent="8" />
      <mem type="loa" free="201728" total="201728" percent="100" />
    </mem>
    <remembered-set count="114" />
  </mem-info>
</gc-start>
<allocation-stats totalBytes="83537808" >
  <allocated-bytes non-tlh="184" tlh="83537624" />
  <largest-consumer threadName="main" threadId="0000000001367F00" bytes="83537808" />
</allocation-stats>
<gc-op id="3966" type="scavenge" timems="0.974" contextid="3963" timestamp="2019-08-09T17:55:43.349">
  <scavenger-info tenureage="3" tenuremask="ffe8" tiltratio="89" />
  <memory-copied type="nursery" objects="23" bytes="856" bytesdiscarded="31400" />
  <memory-copied type="tenure" objects="6" bytes="144" bytesdiscarded="0" />
</gc-op>
<gc-end id="3967" type="scavenge" contextid="3963" durationms="1.216" usertimems="2.040" systemtimems="0.000" timestamp="2019-08-09T17:55:43.349" activeThreads="16">
  <mem-info id="3968" free="85455496" total="113115136" percent="75">
    <mem type="nursery" free="83591680" total="92930048" percent="89">
      <mem type="allocate" free="83591680" total="83623936" percent="99" />
      <mem type="survivor" free="0" total="9306112" percent="0" />
    </mem>
    <mem type="tenure" free="1863816" total="20185088" percent="9" macro-fragmented="1500163">
      <mem type="soa" free="1662088" total="19983360" percent="8" />
      <mem type="loa" free="201728" total="201728" percent="100" />
    </mem>
    <remembered-set count="112" />
  </mem-info>
</gc-end>
<cycle-end id="3969" type="scavenge" contextid="3963" timestamp="2019-08-09T17:55:43.349" />
  <attribute name="elasticGC enabled" value="1" />
  <attribute name= "numThreadsSpecified" value="16" />
  <attribute name="heapSize specified" value="47316992" />
  <attribute name="Current GC Util" value="11" />
  <attribute name= "Current Time Running" value="149281" />
  <attribute name ="GC Interval" value="2345" />
  <attribute name="Target GC Util Change" value ="80.000000" />
  <attribute name="Current GC Util Change" value="11.000000"/>
  <attribute name="Current Error" value="291.000000" />
  <attribute name="Output H" value="113191152"/>
  <attribute name="Output I" value="2344"/>
  <attribute name="Output T" value="16"/>
  <attribute name= "Current Time Running" value="149281" />
  <attribute name="GC Util currently" value="11" />
  <attribute name="CPU Util currently" value="61971031849" />
<allocation-satisfied id="3970" threadId="0000000001367F00" bytesRequested="168" />
<af-end id="3971" timestamp="2019-08-09T17:55:43.349" threadId="0000000001368888" success="true" from="nursery"/>
<exclusive-end id="3972" timestamp="2019-08-09T17:55:43.349" durationms="1.492" />

<exclusive-start id="3973" timestamp="2019-08-09T17:55:43.375" intervalms="27.203">
  <response-info timems="0.015" idlems="0.015" threads="0" lastid="0000000001367F00" lastname="main" />
</exclusive-start>
<af-start id="3974" threadId="0000000001368888" totalBytesRequested="136" timestamp="2019-08-09T17:55:43.375" intervalms="27.196" type="nursery" />
<cycle-start id="3975" type="scavenge" contextid="0" timestamp="2019-08-09T17:55:43.375" intervalms="27.187" />
<gc-start id="3976" type="scavenge" contextid="3975" timestamp="2019-08-09T17:55:43.375">
  <mem-info id="3977" free="1863816" total="113115136" percent="1">
    <mem type="nursery" free="0" total="92930048" percent="0">
      <mem type="allocate" free="0" total="83623936" percent="0" />
      <mem type="survivor" free="0" total="9306112" percent="0" />
    </mem>
    <mem type="tenure" free="1863816" total="20185088" percent="9">
      <mem type="soa" free="1662088" total="19983360" percent="8" />
      <mem type="loa" free="201728" total="201728" percent="100" />
    </mem>
    <remembered-set count="114" />
  </mem-info>
</gc-start>
<allocation-stats totalBytes="83559320" >
  <allocated-bytes non-tlh="168" tlh="83559152" />
  <largest-consumer threadName="main" threadId="0000000001367F00" bytes="83559320" />
</allocation-stats>
<gc-op id="3978" type="scavenge" timems="0.482" contextid="3975" timestamp="2019-08-09T17:55:43.375">
  <scavenger-info tenureage="3" tenuremask="ffe8" tiltratio="89" />
  <memory-copied type="nursery" objects="53" bytes="2128" bytesdiscarded="30128" />
</gc-op>
<gc-end id="3979" type="scavenge" contextid="3975" durationms="0.682" usertimems="0.984" systemtimems="0.000" timestamp="2019-08-09T17:55:43.376" activeThreads="16">
  <mem-info id="3980" free="85455496" total="113115136" percent="75">
    <mem type="nursery" free="83591680" total="92930048" percent="89">
      <mem type="allocate" free="83591680" total="83623936" percent="99" />
      <mem type="survivor" free="0" total="9306112" percent="0" />
    </mem>
    <mem type="tenure" free="1863816" total="20185088" percent="9" macro-fragmented="0">
      <mem type="soa" free="1662088" total="19983360" percent="8" />
      <mem type="loa" free="201728" total="201728" percent="100" />
    </mem>
    <remembered-set count="114" />
  </mem-info>
</gc-end>
<cycle-end id="3981" type="scavenge" contextid="3975" timestamp="2019-08-09T17:55:43.376" />
  <attribute name="elasticGC enabled" value="1" />
  <attribute name= "numThreadsSpecified" value="16" />
  <attribute name="heapSize specified" value="47316992" />
  <attribute name="Current GC Util" value="6" />
  <attribute name= "Current Time Running" value="149308" />
  <attribute name ="GC Interval" value="2433" />
  <attribute name="Target GC Util Change" value ="80.000000" />
  <attribute name="Current GC Util Change" value="6.000000"/>
  <attribute name="Current Error" value="365.000000" />
  <attribute name="Output H" value="113191240"/>
  <attribute name="Output I" value="2432"/>
  <attribute name="Output T" value="16"/>
  <attribute name= "Current Time Running" value="149308" />
  <attribute name="GC Util currently" value="6" />
  <attribute name="CPU Util currently" value="42562407492" />
<allocation-satisfied id="3982" threadId="0000000001367F00" bytesRequested="136" />
<af-end id="3983" timestamp="2019-08-09T17:55:43.376" threadId="0000000001368888" success="true" from="nursery"/>
<exclusive-end id="3984" timestamp="2019-08-09T17:55:43.376" durationms="0.927" />

<exclusive-start id="3985" timestamp="2019-08-09T17:55:43.581" intervalms="205.807">
  <response-info timems="0.040" idlems="0.040" threads="0" lastid="0000000001367F00" lastname="main" />
</exclusive-start>
<af-start id="3986" threadId="0000000001368888" totalBytesRequested="13336" timestamp="2019-08-09T17:55:43.581" intervalms="205.808" type="nursery" />
<cycle-start id="3987" type="scavenge" contextid="0" timestamp="2019-08-09T17:55:43.581" intervalms="205.811" />
<gc-start id="3988" type="scavenge" contextid="3987" timestamp="2019-08-09T17:55:43.581">
  <mem-info id="3989" free="1863816" total="113115136" percent="1">
    <mem type="nursery" free="0" total="92930048" percent="0">
      <mem type="allocate" free="0" total="83623936" percent="0" />
      <mem type="survivor" free="0" total="9306112" percent="0" />
    </mem>
    <mem type="tenure" free="1863816" total="20185088" percent="9">
      <mem type="soa" free="1662088" total="19983360" percent="8" />
      <mem type="loa" free="201728" total="201728" percent="100" />
    </mem>
    <remembered-set count="126" />
  </mem-info>
</gc-start>
<allocation-stats totalBytes="79966832" >
  <allocated-bytes non-tlh="136" tlh="79966696" />
  <largest-consumer threadName="main" threadId="0000000001367F00" bytes="79966832" />
</allocation-stats>
<gc-op id="3990" type="scavenge" timems="0.661" contextid="3987" timestamp="2019-08-09T17:55:43.581">
  <scavenger-info tenureage="3" tenuremask="fff8" tiltratio="89" />
  <memory-copied type="nursery" objects="79" bytes="29328" bytesdiscarded="2928" />
</gc-op>
<gc-end id="3991" type="scavenge" contextid="3987" durationms="0.934" usertimems="1.311" systemtimems="0.000" timestamp="2019-08-09T17:55:43.582" activeThreads="16">
  <mem-info id="3992" free="85455496" total="113115136" percent="75">
    <mem type="nursery" free="83591680" total="92930048" percent="89">
      <mem type="allocate" free="83591680" total="83623936" percent="99" />
      <mem type="survivor" free="0" total="9306112" percent="0" />
    </mem>
    <mem type="tenure" free="1863816" total="20185088" percent="9" macro-fragmented="0">
      <mem type="soa" free="1662088" total="19983360" percent="8" />
      <mem type="loa" free="201728" total="201728" percent="100" />
    </mem>
    <remembered-set count="126" />
  </mem-info>
</gc-end>
<cycle-end id="3993" type="scavenge" contextid="3987" timestamp="2019-08-09T17:55:43.582" />
  <attribute name="elasticGC enabled" value="1" />
  <attribute name= "numThreadsSpecified" value="16" />
  <attribute name="heapSize specified" value="47316992" />
  <attribute name="Current GC Util" value="0" />
  <attribute name= "Current Time Running" value="149514" />
  <attribute name ="GC Interval" value="2529" />
  <attribute name="Target GC Util Change" value ="80.000000" />
  <attribute name="Current GC Util Change" value="0.000000"/>
  <attribute name="Current Error" value="445.000000" />
  <attribute name="Output H" value="113191336"/>
  <attribute name="Output I" value="2528"/>
  <attribute name="Output T" value="16"/>
  <attribute name= "Current Time Running" value="149514" />
  <attribute name="GC Util currently" value="0" />
  <attribute name="CPU Util currently" value="5600586490" />
<allocation-satisfied id="3994" threadId="0000000001367F00" bytesRequested="13336" />
<af-end id="3995" timestamp="2019-08-09T17:55:43.582" threadId="0000000001368888" success="true" from="nursery"/>
<exclusive-end id="3996" timestamp="2019-08-09T17:55:43.582" durationms="1.161" />

<exclusive-start id="3997" timestamp="2019-08-09T17:55:43.768" intervalms="187.509">
  <response-info timems="0.019" idlems="0.019" threads="0" lastid="0000000001367F00" lastname="main" />
</exclusive-start>
<af-start id="3998" threadId="0000000001368888" totalBytesRequested="32" timestamp="2019-08-09T17:55:43.768" intervalms="187.505" type="nursery" />
<cycle-start id="3999" type="scavenge" contextid="0" timestamp="2019-08-09T17:55:43.768" intervalms="187.501" />
<gc-start id="4000" type="scavenge" contextid="3999" timestamp="2019-08-09T17:55:43.768">
  <mem-info id="4001" free="1863816" total="113115136" percent="1">
    <mem type="nursery" free="0" total="92930048" percent="0">
      <mem type="allocate" free="0" total="83623936" percent="0" />
      <mem type="survivor" free="0" total="9306112" percent="0" />
    </mem>
    <mem type="tenure" free="1863816" total="20185088" percent="9">
      <mem type="soa" free="1662088" total="19983360" percent="8" />
      <mem type="loa" free="201728" total="201728" percent="100" />
    </mem>
    <remembered-set count="140" />
  </mem-info>
</gc-start>
<allocation-stats totalBytes="83581704" >
  <allocated-bytes non-tlh="13336" tlh="83568368" />
  <largest-consumer threadName="main" threadId="0000000001367F00" bytes="83581704" />
</allocation-stats>
<gc-op id="4002" type="scavenge" timems="0.602" contextid="3999" timestamp="2019-08-09T17:55:43.769">
  <scavenger-info tenureage="3" tenuremask="fff8" tiltratio="89" />
  <memory-copied type="nursery" objects="113" bytes="3184" bytesdiscarded="29072" />
  <memory-copied type="tenure" objects="6" bytes="144" bytesdiscarded="0" />
</gc-op>
<gc-end id="4003" type="scavenge" contextid="3999" durationms="0.825" usertimems="1.142" systemtimems="0.000" timestamp="2019-08-09T17:55:43.769" activeThreads="16">
  <mem-info id="4004" free="85455496" total="113115136" percent="75">
    <mem type="nursery" free="83591680" total="92930048" percent="89">
      <mem type="allocate" free="83591680" total="83623936" percent="99" />
      <mem type="survivor" free="0" total="9306112" percent="0" />
    </mem>
    <mem type="tenure" free="1863816" total="20185088" percent="9" macro-fragmented="0">
      <mem type="soa" free="1662088" total="19983360" percent="8" />
      <mem type="loa" free="201728" total="201728" percent="100" />
    </mem>
    <remembered-set count="138" />
  </mem-info>
</gc-end>
<cycle-end id="4005" type="scavenge" contextid="3999" timestamp="2019-08-09T17:55:43.769" />
  <attribute name="elasticGC enabled" value="1" />
  <attribute name= "numThreadsSpecified" value="16" />
  <attribute name="heapSize specified" value="47316992" />
  <attribute name="Current GC Util" value="0" />
  <attribute name= "Current Time Running" value="149701" />
  <attribute name ="GC Interval" value="2105" />
  <attribute name="Target GC Util Change" value ="80.000000" />
  <attribute name="Current GC Util Change" value="0.000000"/>
  <attribute name="Current Error" value="80.000000" />
  <attribute name="Output H" value="113190912"/>
  <attribute name="Output I" value="2104"/>
  <attribute name="Output T" value="16"/>
  <attribute name= "Current Time Running" value="149701" />
  <attribute name="GC Util currently" value="0" />
  <attribute name="CPU Util currently" value="6151203953" />
<allocation-satisfied id="4006" threadId="0000000001367F00" bytesRequested="32" />
<af-end id="4007" timestamp="2019-08-09T17:55:43.769" threadId="0000000001368888" success="true" from="nursery"/>
<exclusive-end id="4008" timestamp="2019-08-09T17:55:43.769" durationms="1.039" />

<exclusive-start id="4009" timestamp="2019-08-09T17:55:43.847" intervalms="78.744">
  <response-info timems="0.020" idlems="0.020" threads="0" lastid="0000000001367F00" lastname="main" />
</exclusive-start>
<af-start id="4010" threadId="0000000001368888" totalBytesRequested="32" timestamp="2019-08-09T17:55:43.847" intervalms="78.764" type="nursery" />
<cycle-start id="4011" type="scavenge" contextid="0" timestamp="2019-08-09T17:55:43.847" intervalms="78.766" />
<gc-start id="4012" type="scavenge" contextid="4011" timestamp="2019-08-09T17:55:43.847">
  <mem-info id="4013" free="1863816" total="113115136" percent="1">
    <mem type="nursery" free="0" total="92930048" percent="0">
      <mem type="allocate" free="0" total="83623936" percent="0" />
      <mem type="survivor" free="0" total="9306112" percent="0" />
    </mem>
    <mem type="tenure" free="1863816" total="20185088" percent="9">
      <mem type="soa" free="1662088" total="19983360" percent="8" />
      <mem type="loa" free="201728" total="201728" percent="100" />
    </mem>
    <remembered-set count="142" />
  </mem-info>
</gc-start>
<allocation-stats totalBytes="83566712" >
  <allocated-bytes non-tlh="32" tlh="83566680" />
  <largest-consumer threadName="main" threadId="0000000001367F00" bytes="83566712" />
</allocation-stats>
<gc-op id="4014" type="scavenge" timems="0.489" contextid="4011" timestamp="2019-08-09T17:55:43.847">
  <scavenger-info tenureage="3" tenuremask="ffe8" tiltratio="89" />
  <memory-copied type="nursery" objects="102" bytes="2744" bytesdiscarded="29512" />
  <memory-copied type="tenure" objects="6" bytes="144" bytesdiscarded="0" />
</gc-op>
<gc-end id="4015" type="scavenge" contextid="4011" durationms="0.691" usertimems="1.011" systemtimems="0.000" timestamp="2019-08-09T17:55:43.848" activeThreads="16">
  <mem-info id="4016" free="85455496" total="113115136" percent="75">
    <mem type="nursery" free="83591680" total="92930048" percent="89">
      <mem type="allocate" free="83591680" total="83623936" percent="99" />
      <mem type="survivor" free="0" total="9306112" percent="0" />
    </mem>
    <mem type="tenure" free="1863816" total="20185088" percent="9" macro-fragmented="0">
      <mem type="soa" free="1662088" total="19983360" percent="8" />
      <mem type="loa" free="201728" total="201728" percent="100" />
    </mem>
    <remembered-set count="140" />
  </mem-info>
</gc-end>
<cycle-end id="4017" type="scavenge" contextid="4011" timestamp="2019-08-09T17:55:43.848" />
  <attribute name="elasticGC enabled" value="1" />
  <attribute name= "numThreadsSpecified" value="16" />
  <attribute name="heapSize specified" value="47316992" />
  <attribute name="Current GC Util" value="1" />
  <attribute name= "Current Time Running" value="149780" />
  <attribute name ="GC Interval" value="2193" />
  <attribute name="Target GC Util Change" value ="80.000000" />
  <attribute name="Current GC Util Change" value="1.000000"/>
  <attribute name="Current Error" value="159.000000" />
  <attribute name="Output H" value="113191000"/>
  <attribute name="Output I" value="2192"/>
  <attribute name="Output T" value="16"/>
  <attribute name= "Current Time Running" value="149780" />
  <attribute name="GC Util currently" value="1" />
  <attribute name="CPU Util currently" value="14637457058" />
<allocation-satisfied id="4018" threadId="0000000001367F00" bytesRequested="32" />
<af-end id="4019" timestamp="2019-08-09T17:55:43.848" threadId="0000000001368888" success="true" from="nursery"/>
<exclusive-end id="4020" timestamp="2019-08-09T17:55:43.848" durationms="0.923" />

<exclusive-start id="4021" timestamp="2019-08-09T17:55:43.945" intervalms="98.226">
  <response-info timems="0.016" idlems="0.016" threads="0" lastid="0000000001367F00" lastname="main" />
</exclusive-start>
<af-start id="4022" threadId="0000000001368888" totalBytesRequested="32" timestamp="2019-08-09T17:55:43.945" intervalms="98.228" type="nursery" />
<cycle-start id="4023" type="scavenge" contextid="0" timestamp="2019-08-09T17:55:43.945" intervalms="98.229" />
<gc-start id="4024" type="scavenge" contextid="4023" timestamp="2019-08-09T17:55:43.945">
  <mem-info id="4025" free="1863816" total="113115136" percent="1">
    <mem type="nursery" free="0" total="92930048" percent="0">
      <mem type="allocate" free="0" total="83623936" percent="0" />
      <mem type="survivor" free="0" total="9306112" percent="0" />
    </mem>
    <mem type="tenure" free="1863816" total="20185088" percent="9">
      <mem type="soa" free="1662088" total="19983360" percent="8" />
      <mem type="loa" free="201728" total="201728" percent="100" />
    </mem>
    <remembered-set count="144" />
  </mem-info>
</gc-start>
<allocation-stats totalBytes="83582144" >
  <allocated-bytes non-tlh="32" tlh="83582112" />
  <largest-consumer threadName="main" threadId="0000000001367F00" bytes="83582144" />
</allocation-stats>
<gc-op id="4026" type="scavenge" timems="0.535" contextid="4023" timestamp="2019-08-09T17:55:43.946">
  <scavenger-info tenureage="3" tenuremask="ffe8" tiltratio="89" />
  <memory-copied type="nursery" objects="80" bytes="2216" bytesdiscarded="30040" />
  <memory-copied type="tenure" objects="36" bytes="864" bytesdiscarded="0" />
</gc-op>
<gc-end id="4027" type="scavenge" contextid="4023" durationms="0.716" usertimems="1.045" systemtimems="0.000" timestamp="2019-08-09T17:55:43.946" activeThreads="16">
  <mem-info id="4028" free="85455496" total="113115136" percent="75">
    <mem type="nursery" free="83591680" total="92930048" percent="89">
      <mem type="allocate" free="83591680" total="83623936" percent="99" />
      <mem type="survivor" free="0" total="9306112" percent="0" />
    </mem>
    <mem type="tenure" free="1863816" total="20185088" percent="9" macro-fragmented="868149">
      <mem type="soa" free="1662088" total="19983360" percent="8" />
      <mem type="loa" free="201728" total="201728" percent="100" />
    </mem>
    <remembered-set count="132" />
  </mem-info>
</gc-end>
<cycle-end id="4029" type="scavenge" contextid="4023" timestamp="2019-08-09T17:55:43.946" />
  <attribute name="elasticGC enabled" value="1" />
  <attribute name= "numThreadsSpecified" value="16" />
  <attribute name="heapSize specified" value="47316992" />
  <attribute name="Current GC Util" value="1" />
  <attribute name= "Current Time Running" value="149878" />
  <attribute name ="GC Interval" value="2289" />
  <attribute name="Target GC Util Change" value ="80.000000" />
  <attribute name="Current GC Util Change" value="1.000000"/>
  <attribute name="Current Error" value="238.000000" />
  <attribute name="Output H" value="113191096"/>
  <attribute name="Output I" value="2288"/>
  <attribute name="Output T" value="16"/>
  <attribute name= "Current Time Running" value="149878" />
  <attribute name="GC Util currently" value="1" />
  <attribute name="CPU Util currently" value="11734896951" />
<allocation-satisfied id="4030" threadId="0000000001367F00" bytesRequested="32" />
<af-end id="4031" timestamp="2019-08-09T17:55:43.946" threadId="0000000001368888" success="true" from="nursery"/>
<exclusive-end id="4032" timestamp="2019-08-09T17:55:43.946" durationms="0.947" />

<exclusive-start id="4033" timestamp="2019-08-09T17:55:44.117" intervalms="172.100">
  <response-info timems="0.019" idlems="0.019" threads="0" lastid="0000000001367F00" lastname="main" />
</exclusive-start>
<af-start id="4034" threadId="0000000001368888" totalBytesRequested="32" timestamp="2019-08-09T17:55:44.117" intervalms="172.078" type="nursery" />
<cycle-start id="4035" type="scavenge" contextid="0" timestamp="2019-08-09T17:55:44.117" intervalms="172.076" />
<gc-start id="4036" type="scavenge" contextid="4035" timestamp="2019-08-09T17:55:44.117">
  <mem-info id="4037" free="1863816" total="113115136" percent="1">
    <mem type="nursery" free="0" total="92930048" percent="0">
      <mem type="allocate" free="0" total="83623936" percent="0" />
      <mem type="survivor" free="0" total="9306112" percent="0" />
    </mem>
    <mem type="tenure" free="1863816" total="20185088" percent="9">
      <mem type="soa" free="1662088" total="19983360" percent="8" />
      <mem type="loa" free="201728" total="201728" percent="100" />
    </mem>
    <remembered-set count="146" />
  </mem-info>
</gc-start>
<allocation-stats totalBytes="83586848" >
  <allocated-bytes non-tlh="32" tlh="83586816" />
  <largest-consumer threadName="main" threadId="0000000001367F00" bytes="83586848" />
</allocation-stats>
<gc-op id="4038" type="scavenge" timems="0.726" contextid="4035" timestamp="2019-08-09T17:55:44.118">
  <scavenger-info tenureage="3" tenuremask="ffe8" tiltratio="89" />
  <memory-copied type="nursery" objects="83" bytes="2160" bytesdiscarded="30096" />
  <memory-copied type="tenure" objects="34" bytes="888" bytesdiscarded="0" />
</gc-op>
<gc-end id="4039" type="scavenge" contextid="4035" durationms="1.186" usertimems="1.595" systemtimems="0.000" timestamp="2019-08-09T17:55:44.118" activeThreads="16">
  <mem-info id="4040" free="85455496" total="113115136" percent="75">
    <mem type="nursery" free="83591680" total="92930048" percent="89">
      <mem type="allocate" free="83591680" total="83623936" percent="99" />
      <mem type="survivor" free="0" total="9306112" percent="0" />
    </mem>
    <mem type="tenure" free="1863816" total="20185088" percent="9" macro-fragmented="0">
      <mem type="soa" free="1662088" total="19983360" percent="8" />
      <mem type="loa" free="201728" total="201728" percent="100" />
    </mem>
    <remembered-set count="133" />
  </mem-info>
</gc-end>
<cycle-end id="4041" type="scavenge" contextid="4035" timestamp="2019-08-09T17:55:44.118" />
  <attribute name="elasticGC enabled" value="1" />
  <attribute name= "numThreadsSpecified" value="16" />
  <attribute name="heapSize specified" value="47316992" />
  <attribute name="Current GC Util" value="0" />
  <attribute name= "Current Time Running" value="150050" />
  <attribute name ="GC Interval" value="2377" />
  <attribute name="Target GC Util Change" value ="80.000000" />
  <attribute name="Current GC Util Change" value="0.000000"/>
  <attribute name="Current Error" value="318.000000" />
  <attribute name="Output H" value="113191184"/>
  <attribute name="Output I" value="2376"/>
  <attribute name="Output T" value="16"/>
  <attribute name= "Current Time Running" value="150050" />
  <attribute name="GC Util currently" value="0" />
  <attribute name="CPU Util currently" value="6700618156" />
<allocation-satisfied id="4042" threadId="0000000001367F00" bytesRequested="32" />
<af-end id="4043" timestamp="2019-08-09T17:55:44.118" threadId="0000000001368888" success="true" from="nursery"/>
<exclusive-end id="4044" timestamp="2019-08-09T17:55:44.118" durationms="1.421" />

<exclusive-start id="4045" timestamp="2019-08-09T17:55:44.188" intervalms="71.021">
  <response-info timems="0.022" idlems="0.022" threads="0" lastid="0000000001367F00" lastname="main" />
</exclusive-start>
<af-start id="4046" threadId="0000000001368888" totalBytesRequested="32" timestamp="2019-08-09T17:55:44.188" intervalms="71.030" type="nursery" />
<cycle-start id="4047" type="scavenge" contextid="0" timestamp="2019-08-09T17:55:44.188" intervalms="71.035" />
<gc-start id="4048" type="scavenge" contextid="4047" timestamp="2019-08-09T17:55:44.188">
  <mem-info id="4049" free="1863816" total="113115136" percent="1">
    <mem type="nursery" free="0" total="92930048" percent="0">
      <mem type="allocate" free="0" total="83623936" percent="0" />
      <mem type="survivor" free="0" total="9306112" percent="0" />
    </mem>
    <mem type="tenure" free="1863816" total="20185088" percent="9">
      <mem type="soa" free="1662088" total="19983360" percent="8" />
      <mem type="loa" free="201728" total="201728" percent="100" />
    </mem>
    <remembered-set count="135" />
  </mem-info>
</gc-start>
<allocation-stats totalBytes="83585536" >
  <allocated-bytes non-tlh="32" tlh="83585504" />
  <largest-consumer threadName="main" threadId="0000000001367F00" bytes="83585536" />
</allocation-stats>
<gc-op id="4050" type="scavenge" timems="0.720" contextid="4047" timestamp="2019-08-09T17:55:44.189">
  <scavenger-info tenureage="3" tenuremask="ffe8" tiltratio="89" />
  <memory-copied type="nursery" objects="83" bytes="2176" bytesdiscarded="30080" />
  <memory-copied type="tenure" objects="13" bytes="336" bytesdiscarded="0" />
</gc-op>
<gc-end id="4051" type="scavenge" contextid="4047" durationms="0.968" usertimems="1.437" systemtimems="0.000" timestamp="2019-08-09T17:55:44.189" activeThreads="16">
  <mem-info id="4052" free="85455496" total="113115136" percent="75">
    <mem type="nursery" free="83591680" total="92930048" percent="89">
      <mem type="allocate" free="83591680" total="83623936" percent="99" />
      <mem type="survivor" free="0" total="9306112" percent="0" />
    </mem>
    <mem type="tenure" free="1863816" total="20185088" percent="9" macro-fragmented="0">
      <mem type="soa" free="1662088" total="19983360" percent="8" />
      <mem type="loa" free="201728" total="201728" percent="100" />
    </mem>
    <remembered-set count="130" />
  </mem-info>
</gc-end>
<cycle-end id="4053" type="scavenge" contextid="4047" timestamp="2019-08-09T17:55:44.189" />
  <attribute name="elasticGC enabled" value="1" />
  <attribute name= "numThreadsSpecified" value="16" />
  <attribute name="heapSize specified" value="47316992" />
  <attribute name="Current GC Util" value="2" />
  <attribute name= "Current Time Running" value="150121" />
  <attribute name ="GC Interval" value="2473" />
  <attribute name="Target GC Util Change" value ="80.000000" />
  <attribute name="Current GC Util Change" value="2.000000"/>
  <attribute name="Current Error" value="396.000000" />
  <attribute name="Output H" value="113191280"/>
  <attribute name="Output I" value="2472"/>
  <attribute name="Output T" value="16"/>
  <attribute name= "Current Time Running" value="150121" />
  <attribute name="GC Util currently" value="2" />
  <attribute name="CPU Util currently" value="16232030724" />
<allocation-satisfied id="4054" threadId="0000000001367F00" bytesRequested="32" />
<af-end id="4055" timestamp="2019-08-09T17:55:44.189" threadId="0000000001368888" success="true" from="nursery"/>
<exclusive-end id="4056" timestamp="2019-08-09T17:55:44.189" durationms="1.251" />

<exclusive-start id="4057" timestamp="2019-08-09T17:55:44.306" intervalms="117.576">
  <response-info timems="0.016" idlems="0.016" threads="0" lastid="0000000001367F00" lastname="main" />
</exclusive-start>
<af-start id="4058" threadId="0000000001368888" totalBytesRequested="48" timestamp="2019-08-09T17:55:44.306" intervalms="117.567" type="nursery" />
<cycle-start id="4059" type="scavenge" contextid="0" timestamp="2019-08-09T17:55:44.306" intervalms="117.563" />
<gc-start id="4060" type="scavenge" contextid="4059" timestamp="2019-08-09T17:55:44.306">
  <mem-info id="4061" free="1863816" total="113115136" percent="1">
    <mem type="nursery" free="0" total="92930048" percent="0">
      <mem type="allocate" free="0" total="83623936" percent="0" />
      <mem type="survivor" free="0" total="9306112" percent="0" />
    </mem>
    <mem type="tenure" free="1863816" total="20185088" percent="9">
      <mem type="soa" free="1662088" total="19983360" percent="8" />
      <mem type="loa" free="201728" total="201728" percent="100" />
    </mem>
    <remembered-set count="138" />
  </mem-info>
</gc-start>
<allocation-stats totalBytes="83581224" >
  <allocated-bytes non-tlh="32" tlh="83581192" />
  <largest-consumer threadName="main" threadId="0000000001367F00" bytes="83581224" />
</allocation-stats>
<gc-op id="4062" type="scavenge" timems="0.565" contextid="4059" timestamp="2019-08-09T17:55:44.306">
  <scavenger-info tenureage="3" tenuremask="ffe8" tiltratio="89" />
  <memory-copied type="nursery" objects="100" bytes="3320" bytesdiscarded="28936" />
  <memory-copied type="tenure" objects="12" bytes="288" bytesdiscarded="0" />
</gc-op>
<gc-end id="4063" type="scavenge" contextid="4059" durationms="0.763" usertimems="1.130" systemtimems="0.000" timestamp="2019-08-09T17:55:44.307" activeThreads="16">
  <mem-info id="4064" free="85455496" total="113115136" percent="75">
    <mem type="nursery" free="83591680" total="92930048" percent="89">
      <mem type="allocate" free="83591680" total="83623936" percent="99" />
      <mem type="survivor" free="0" total="9306112" percent="0" />
    </mem>
    <mem type="tenure" free="1863816" total="20185088" percent="9" macro-fragmented="418667">
      <mem type="soa" free="1662088" total="19983360" percent="8" />
      <mem type="loa" free="201728" total="201728" percent="100" />
    </mem>
    <remembered-set count="134" />
  </mem-info>
</gc-end>
<cycle-end id="4065" type="scavenge" contextid="4059" timestamp="2019-08-09T17:55:44.307" />
  <attribute name="elasticGC enabled" value="1" />
  <attribute name= "numThreadsSpecified" value="16" />
  <attribute name="heapSize specified" value="47316992" />
  <attribute name="Current GC Util" value="1" />
  <attribute name= "Current Time Running" value="150239" />
  <attribute name ="GC Interval" value="2561" />
  <attribute name="Target GC Util Change" value ="80.000000" />
  <attribute name="Current GC Util Change" value="1.000000"/>
  <attribute name="Current Error" value="475.000000" />
  <attribute name="Output H" value="113191368"/>
  <attribute name="Output I" value="2560"/>
  <attribute name="Output T" value="16"/>
  <attribute name= "Current Time Running" value="150239" />
  <attribute name="GC Util currently" value="1" />
  <attribute name="CPU Util currently" value="9806079706" />
<allocation-satisfied id="4066" threadId="0000000001367F00" bytesRequested="48" />
<af-end id="4067" timestamp="2019-08-09T17:55:44.307" threadId="0000000001368888" success="true" from="nursery"/>
<exclusive-end id="4068" timestamp="2019-08-09T17:55:44.307" durationms="0.988" />

<exclusive-start id="4069" timestamp="2019-08-09T17:55:44.370" intervalms="64.238">
  <response-info timems="0.016" idlems="0.016" threads="0" lastid="0000000001367F00" lastname="main" />
</exclusive-start>
<af-start id="4070" threadId="0000000001368888" totalBytesRequested="32" timestamp="2019-08-09T17:55:44.370" intervalms="64.238" type="nursery" />
<cycle-start id="4071" type="scavenge" contextid="0" timestamp="2019-08-09T17:55:44.370" intervalms="64.237" />
<gc-start id="4072" type="scavenge" contextid="4071" timestamp="2019-08-09T17:55:44.370">
  <mem-info id="4073" free="1863816" total="113115136" percent="1">
    <mem type="nursery" free="0" total="92930048" percent="0">
      <mem type="allocate" free="0" total="83623936" percent="0" />
      <mem type="survivor" free="0" total="9306112" percent="0" />
    </mem>
    <mem type="tenure" free="1863816" total="20185088" percent="9">
      <mem type="soa" free="1662088" total="19983360" percent="8" />
      <mem type="loa" free="201728" total="201728" percent="100" />
    </mem>
    <remembered-set count="136" />
  </mem-info>
</gc-start>
<allocation-stats totalBytes="83553832" >
  <allocated-bytes non-tlh="48" tlh="83553784" />
  <largest-consumer threadName="main" threadId="0000000001367F00" bytes="83553832" />
</allocation-stats>
<gc-op id="4074" type="scavenge" timems="0.468" contextid="4071" timestamp="2019-08-09T17:55:44.371">
  <scavenger-info tenureage="3" tenuremask="ffe8" tiltratio="89" />
  <memory-copied type="nursery" objects="55" bytes="1480" bytesdiscarded="30776" />
  <memory-copied type="tenure" objects="42" bytes="1008" bytesdiscarded="0" />
</gc-op>
<gc-end id="4075" type="scavenge" contextid="4071" durationms="0.657" usertimems="0.931" systemtimems="0.000" timestamp="2019-08-09T17:55:44.371" activeThreads="16">
  <mem-info id="4076" free="85455496" total="113115136" percent="75">
    <mem type="nursery" free="83591680" total="92930048" percent="89">
      <mem type="allocate" free="83591680" total="83623936" percent="99" />
      <mem type="survivor" free="0" total="9306112" percent="0" />
    </mem>
    <mem type="tenure" free="1863816" total="20185088" percent="9" macro-fragmented="0">
      <mem type="soa" free="1662088" total="19983360" percent="8" />
      <mem type="loa" free="201728" total="201728" percent="100" />
    </mem>
    <remembered-set count="122" />
  </mem-info>
</gc-end>
<cycle-end id="4077" type="scavenge" contextid="4071" timestamp="2019-08-09T17:55:44.371" />
  <attribute name="elasticGC enabled" value="1" />
  <attribute name= "numThreadsSpecified" value="16" />
  <attribute name="heapSize specified" value="47316992" />
  <attribute name="Current GC Util" value="1" />
  <attribute name= "Current Time Running" value="150303" />
  <attribute name ="GC Interval" value="2105" />
  <attribute name="Target GC Util Change" value ="80.000000" />
  <attribute name="Current GC Util Change" value="1.000000"/>
  <attribute name="Current Error" value="79.000000" />
  <attribute name="Output H" value="113190912"/>
  <attribute name="Output I" value="2104"/>
  <attribute name="Output T" value="16"/>
  <attribute name= "Current Time Running" value="150303" />
  <attribute name="GC Util currently" value="1" />
  <attribute name="CPU Util currently" value="17953704088" />
<allocation-satisfied id="4078" threadId="0000000001367F00" bytesRequested="32" />
<af-end id="4079" timestamp="2019-08-09T17:55:44.371" threadId="0000000001368888" success="true" from="nursery"/>
<exclusive-end id="4080" timestamp="2019-08-09T17:55:44.371" durationms="0.918" />

<exclusive-start id="4081" timestamp="2019-08-09T17:55:44.418" intervalms="48.134">
  <response-info timems="0.023" idlems="0.023" threads="0" lastid="0000000001367F00" lastname="main" />
</exclusive-start>
<af-start id="4082" threadId="0000000001368888" totalBytesRequested="584" timestamp="2019-08-09T17:55:44.418" intervalms="48.140" type="nursery" />
<cycle-start id="4083" type="scavenge" contextid="0" timestamp="2019-08-09T17:55:44.418" intervalms="48.141" />
<gc-start id="4084" type="scavenge" contextid="4083" timestamp="2019-08-09T17:55:44.418">
  <mem-info id="4085" free="1863816" total="113115136" percent="1">
    <mem type="nursery" free="0" total="92930048" percent="0">
      <mem type="allocate" free="0" total="83623936" percent="0" />
      <mem type="survivor" free="0" total="9306112" percent="0" />
    </mem>
    <mem type="tenure" free="1863816" total="20185088" percent="9">
      <mem type="soa" free="1662088" total="19983360" percent="8" />
      <mem type="loa" free="201728" total="201728" percent="100" />
    </mem>
    <remembered-set count="124" />
  </mem-info>
</gc-start>
<allocation-stats totalBytes="83491408" >
  <allocated-bytes non-tlh="32" tlh="83491376" />
  <largest-consumer threadName="main" threadId="0000000001367F00" bytes="83491408" />
</allocation-stats>
<gc-op id="4086" type="scavenge" timems="0.680" contextid="4083" timestamp="2019-08-09T17:55:44.419">
  <scavenger-info tenureage="3" tenuremask="ffe8" tiltratio="89" />
  <memory-copied type="nursery" objects="54" bytes="2000" bytesdiscarded="14128" />
  <memory-copied type="tenure" objects="6" bytes="144" bytesdiscarded="0" />
</gc-op>
<gc-end id="4087" type="scavenge" contextid="4083" durationms="0.903" usertimems="1.409" systemtimems="0.000" timestamp="2019-08-09T17:55:44.419" activeThreads="16">
  <mem-info id="4088" free="85471624" total="113115136" percent="75">
    <mem type="nursery" free="83607808" total="92930048" percent="89">
      <mem type="allocate" free="83607808" total="83623936" percent="99" />
      <mem type="survivor" free="0" total="9306112" percent="0" />
    </mem>
    <mem type="tenure" free="1863816" total="20185088" percent="9" macro-fragmented="0">
      <mem type="soa" free="1662088" total="19983360" percent="8" />
      <mem type="loa" free="201728" total="201728" percent="100" />
    </mem>
    <remembered-set count="122" />
  </mem-info>
</gc-end>
<cycle-end id="4089" type="scavenge" contextid="4083" timestamp="2019-08-09T17:55:44.419" />
  <attribute name="elasticGC enabled" value="1" />
  <attribute name= "numThreadsSpecified" value="16" />
  <attribute name="heapSize specified" value="47316992" />
  <attribute name="Current GC Util" value="2" />
  <attribute name= "Current Time Running" value="150351" />
  <attribute name ="GC Interval" value="2193" />
  <attribute name="Target GC Util Change" value ="80.000000" />
  <attribute name="Current GC Util Change" value="2.000000"/>
  <attribute name="Current Error" value="157.000000" />
  <attribute name="Output H" value="113191000"/>
  <attribute name="Output I" value="2192"/>
  <attribute name="Output T" value="16"/>
  <attribute name= "Current Time Running" value="150351" />
  <attribute name="GC Util currently" value="2" />
  <attribute name="CPU Util currently" value="23940464110" />
<allocation-satisfied id="4090" threadId="0000000001367F00" bytesRequested="584" />
<af-end id="4091" timestamp="2019-08-09T17:55:44.419" threadId="0000000001368888" success="true" from="nursery"/>
<exclusive-end id="4092" timestamp="2019-08-09T17:55:44.419" durationms="1.131" />

<exclusive-start id="4093" timestamp="2019-08-09T17:55:44.430" intervalms="12.098">
  <response-info timems="0.021" idlems="0.021" threads="0" lastid="0000000001367F00" lastname="main" />
</exclusive-start>
<af-start id="4094" threadId="0000000001368888" totalBytesRequested="488" timestamp="2019-08-09T17:55:44.430" intervalms="12.095" type="nursery" />
<cycle-start id="4095" type="scavenge" contextid="0" timestamp="2019-08-09T17:55:44.430" intervalms="12.095" />
<gc-start id="4096" type="scavenge" contextid="4095" timestamp="2019-08-09T17:55:44.430">
  <mem-info id="4097" free="1863816" total="113115136" percent="1">
    <mem type="nursery" free="0" total="92930048" percent="0">
      <mem type="allocate" free="0" total="83623936" percent="0" />
      <mem type="survivor" free="0" total="9306112" percent="0" />
    </mem>
    <mem type="tenure" free="1863816" total="20185088" percent="9">
      <mem type="soa" free="1662088" total="19983360" percent="8" />
      <mem type="loa" free="201728" total="201728" percent="100" />
    </mem>
    <remembered-set count="122" />
  </mem-info>
</gc-start>
<allocation-stats totalBytes="83459280" >
  <allocated-bytes non-tlh="584" tlh="83458696" />
  <largest-consumer threadName="main" threadId="0000000001367F00" bytes="83459280" />
</allocation-stats>
<gc-op id="4098" type="scavenge" timems="0.579" contextid="4095" timestamp="2019-08-09T17:55:44.431">
  <scavenger-info tenureage="3" tenuremask="ffe8" tiltratio="89" />
  <memory-copied type="nursery" objects="30" bytes="1424" bytesdiscarded="30832" />
  <memory-copied type="tenure" objects="24" bytes="576" bytesdiscarded="0" />
</gc-op>
<gc-end id="4099" type="scavenge" contextid="4095" durationms="0.852" usertimems="1.110" systemtimems="0.000" timestamp="2019-08-09T17:55:44.431" activeThreads="16">
  <mem-info id="4100" free="85455496" total="113115136" percent="75">
    <mem type="nursery" free="83591680" total="92930048" percent="89">
      <mem type="allocate" free="83591680" total="83623936" percent="99" />
      <mem type="survivor" free="0" total="9306112" percent="0" />
    </mem>
    <mem type="tenure" free="1863816" total="20185088" percent="9" macro-fragmented="0">
      <mem type="soa" free="1662088" total="19983360" percent="8" />
      <mem type="loa" free="201728" total="201728" percent="100" />
    </mem>
    <remembered-set count="114" />
  </mem-info>
</gc-end>
<cycle-end id="4101" type="scavenge" contextid="4095" timestamp="2019-08-09T17:55:44.431" />
  <attribute name="elasticGC enabled" value="1" />
  <attribute name= "numThreadsSpecified" value="16" />
  <attribute name="heapSize specified" value="47316992" />
  <attribute name="Current GC Util" value="12" />
  <attribute name= "Current Time Running" value="150363" />
  <attribute name ="GC Interval" value="2273" />
  <attribute name="Target GC Util Change" value ="80.000000" />
  <attribute name="Current GC Util Change" value="12.000000"/>
  <attribute name="Current Error" value="225.000000" />
  <attribute name="Output H" value="113191080"/>
  <attribute name="Output I" value="2272"/>
  <attribute name="Output T" value="16"/>
  <attribute name= "Current Time Running" value="150363" />
  <attribute name="GC Util currently" value="12" />
  <attribute name="CPU Util currently" value="95183696450" />
<allocation-satisfied id="4102" threadId="0000000001367F00" bytesRequested="488" />
<af-end id="4103" timestamp="2019-08-09T17:55:44.431" threadId="0000000001368888" success="true" from="nursery"/>
<exclusive-end id="4104" timestamp="2019-08-09T17:55:44.431" durationms="1.080" />

<exclusive-start id="4105" timestamp="2019-08-09T17:55:44.484" intervalms="53.570">
  <response-info timems="0.018" idlems="0.018" threads="0" lastid="0000000001367F00" lastname="main" />
</exclusive-start>
<af-start id="4106" threadId="0000000001368888" totalBytesRequested="440" timestamp="2019-08-09T17:55:44.484" intervalms="53.608" type="nursery" />
<cycle-start id="4107" type="scavenge" contextid="0" timestamp="2019-08-09T17:55:44.484" intervalms="53.613" />
<gc-start id="4108" type="scavenge" contextid="4107" timestamp="2019-08-09T17:55:44.484">
  <mem-info id="4109" free="1863816" total="113115136" percent="1">
    <mem type="nursery" free="0" total="92930048" percent="0">
      <mem type="allocate" free="0" total="83623936" percent="0" />
      <mem type="survivor" free="0" total="9306112" percent="0" />
    </mem>
    <mem type="tenure" free="1863816" total="20185088" percent="9">
      <mem type="soa" free="1662088" total="19983360" percent="8" />
      <mem type="loa" free="201728" total="201728" percent="100" />
    </mem>
    <remembered-set count="118" />
  </mem-info>
</gc-start>
<allocation-stats totalBytes="83467296" >
  <allocated-bytes non-tlh="488" tlh="83466808" />
  <largest-consumer threadName="main" threadId="0000000001367F00" bytes="83467296" />
</allocation-stats>
<gc-op id="4110" type="scavenge" timems="0.446" contextid="4107" timestamp="2019-08-09T17:55:44.484">
  <scavenger-info tenureage="3" tenuremask="ffe8" tiltratio="89" />
  <memory-copied type="nursery" objects="44" bytes="1672" bytesdiscarded="30584" />
  <memory-copied type="tenure" objects="6" bytes="144" bytesdiscarded="0" />
</gc-op>
<gc-end id="4111" type="scavenge" contextid="4107" durationms="0.676" usertimems="0.964" systemtimems="0.000" timestamp="2019-08-09T17:55:44.485" activeThreads="16">
  <mem-info id="4112" free="85455496" total="113115136" percent="75">
    <mem type="nursery" free="83591680" total="92930048" percent="89">
      <mem type="allocate" free="83591680" total="83623936" percent="99" />
      <mem type="survivor" free="0" total="9306112" percent="0" />
    </mem>
    <mem type="tenure" free="1863816" total="20185088" percent="9" macro-fragmented="0">
      <mem type="soa" free="1662088" total="19983360" percent="8" />
      <mem type="loa" free="201728" total="201728" percent="100" />
    </mem>
    <remembered-set count="116" />
  </mem-info>
</gc-end>
<cycle-end id="4113" type="scavenge" contextid="4107" timestamp="2019-08-09T17:55:44.485" />
  <attribute name="elasticGC enabled" value="1" />
  <attribute name= "numThreadsSpecified" value="16" />
  <attribute name="heapSize specified" value="47316992" />
  <attribute name="Current GC Util" value="2" />
  <attribute name= "Current Time Running" value="150417" />
  <attribute name ="GC Interval" value="2361" />
  <attribute name="Target GC Util Change" value ="80.000000" />
  <attribute name="Current GC Util Change" value="2.000000"/>
  <attribute name="Current Error" value="303.000000" />
  <attribute name="Output H" value="113191168"/>
  <attribute name="Output I" value="2360"/>
  <attribute name="Output T" value="16"/>
  <attribute name= "Current Time Running" value="150417" />
  <attribute name="GC Util currently" value="2" />
  <attribute name="CPU Util currently" value="21512605448" />
<allocation-satisfied id="4114" threadId="0000000001367F00" bytesRequested="440" />
<af-end id="4115" timestamp="2019-08-09T17:55:44.485" threadId="0000000001368888" success="true" from="nursery"/>
<exclusive-end id="4116" timestamp="2019-08-09T17:55:44.485" durationms="0.995" />

<exclusive-start id="4117" timestamp="2019-08-09T17:55:44.539" intervalms="55.416">
  <response-info timems="0.014" idlems="0.014" threads="0" lastid="0000000001367F00" lastname="main" />
</exclusive-start>
<af-start id="4118" threadId="0000000001368888" totalBytesRequested="408" timestamp="2019-08-09T17:55:44.539" intervalms="55.379" type="nursery" />
<cycle-start id="4119" type="scavenge" contextid="0" timestamp="2019-08-09T17:55:44.539" intervalms="55.374" />
<gc-start id="4120" type="scavenge" contextid="4119" timestamp="2019-08-09T17:55:44.539">
  <mem-info id="4121" free="1863816" total="113115136" percent="1">
    <mem type="nursery" free="0" total="92930048" percent="0">
      <mem type="allocate" free="0" total="83623936" percent="0" />
      <mem type="survivor" free="0" total="9306112" percent="0" />
    </mem>
    <mem type="tenure" free="1863816" total="20185088" percent="9">
      <mem type="soa" free="1662088" total="19983360" percent="8" />
      <mem type="loa" free="201728" total="201728" percent="100" />
    </mem>
    <remembered-set count="118" />
  </mem-info>
</gc-start>
<allocation-stats totalBytes="83526936" >
  <allocated-bytes non-tlh="440" tlh="83526496" />
  <largest-consumer threadName="main" threadId="0000000001367F00" bytes="83526936" />
</allocation-stats>
<gc-op id="4122" type="scavenge" timems="0.705" contextid="4119" timestamp="2019-08-09T17:55:44.540">
  <scavenger-info tenureage="5" tenuremask="ffe0" tiltratio="89" />
  <memory-copied type="nursery" objects="47" bytes="1776" bytesdiscarded="30480" />
</gc-op>
<gc-end id="4123" type="scavenge" contextid="4119" durationms="0.914" usertimems="1.252" systemtimems="0.000" timestamp="2019-08-09T17:55:44.540" activeThreads="16">
  <mem-info id="4124" free="85455496" total="113115136" percent="75">
    <mem type="nursery" free="83591680" total="92930048" percent="89">
      <mem type="allocate" free="83591680" total="83623936" percent="99" />
      <mem type="survivor" free="0" total="9306112" percent="0" />
    </mem>
    <mem type="tenure" free="1863816" total="20185088" percent="9" macro-fragmented="0">
      <mem type="soa" free="1662088" total="19983360" percent="8" />
      <mem type="loa" free="201728" total="201728" percent="100" />
    </mem>
    <remembered-set count="118" />
  </mem-info>
</gc-end>
<cycle-end id="4125" type="scavenge" contextid="4119" timestamp="2019-08-09T17:55:44.540" />
  <attribute name="elasticGC enabled" value="1" />
  <attribute name= "numThreadsSpecified" value="16" />
  <attribute name="heapSize specified" value="47316992" />
  <attribute name="Current GC Util" value="1" />
  <attribute name= "Current Time Running" value="150472" />
  <attribute name ="GC Interval" value="2457" />
  <attribute name="Target GC Util Change" value ="80.000000" />
  <attribute name="Current GC Util Change" value="1.000000"/>
  <attribute name="Current Error" value="382.000000" />
  <attribute name="Output H" value="113191264"/>
  <attribute name="Output I" value="2456"/>
  <attribute name="Output T" value="16"/>
  <attribute name= "Current Time Running" value="150472" />
  <attribute name="GC Util currently" value="1" />
  <attribute name="CPU Util currently" value="20821215246" />
<allocation-satisfied id="4126" threadId="0000000001367F00" bytesRequested="408" />
<af-end id="4127" timestamp="2019-08-09T17:55:44.540" threadId="0000000001368888" success="true" from="nursery"/>
<exclusive-end id="4128" timestamp="2019-08-09T17:55:44.540" durationms="1.137" />

<exclusive-start id="4129" timestamp="2019-08-09T17:55:44.620" intervalms="80.368">
  <response-info timems="0.016" idlems="0.016" threads="0" lastid="0000000001367F00" lastname="main" />
</exclusive-start>
<af-start id="4130" threadId="0000000001368888" totalBytesRequested="1016" timestamp="2019-08-09T17:55:44.620" intervalms="80.368" type="nursery" />
<cycle-start id="4131" type="scavenge" contextid="0" timestamp="2019-08-09T17:55:44.620" intervalms="80.372" />
<gc-start id="4132" type="scavenge" contextid="4131" timestamp="2019-08-09T17:55:44.620">
  <mem-info id="4133" free="1863816" total="113115136" percent="1">
    <mem type="nursery" free="0" total="92930048" percent="0">
      <mem type="allocate" free="0" total="83623936" percent="0" />
      <mem type="survivor" free="0" total="9306112" percent="0" />
    </mem>
    <mem type="tenure" free="1863816" total="20185088" percent="9">
      <mem type="soa" free="1662088" total="19983360" percent="8" />
      <mem type="loa" free="201728" total="201728" percent="100" />
    </mem>
    <remembered-set count="120" />
  </mem-info>
</gc-start>
<allocation-stats totalBytes="83484320" >
  <allocated-bytes non-tlh="408" tlh="83483912" />
  <largest-consumer threadName="main" threadId="0000000001367F00" bytes="83484320" />
</allocation-stats>
<gc-op id="4134" type="scavenge" timems="0.522" contextid="4131" timestamp="2019-08-09T17:55:44.620">
  <scavenger-info tenureage="3" tenuremask="fff8" tiltratio="89" />
  <memory-copied type="nursery" objects="55" bytes="6648" bytesdiscarded="9480" />
  <memory-copied type="tenure" objects="6" bytes="144" bytesdiscarded="0" />
</gc-op>
<gc-end id="4135" type="scavenge" contextid="4131" durationms="0.715" usertimems="1.053" systemtimems="0.000" timestamp="2019-08-09T17:55:44.620" activeThreads="16">
  <mem-info id="4136" free="85471624" total="113115136" percent="75">
    <mem type="nursery" free="83607808" total="92930048" percent="89">
      <mem type="allocate" free="83607808" total="83623936" percent="99" />
      <mem type="survivor" free="0" total="9306112" percent="0" />
    </mem>
    <mem type="tenure" free="1863816" total="20185088" percent="9" macro-fragmented="868149">
      <mem type="soa" free="1662088" total="19983360" percent="8" />
      <mem type="loa" free="201728" total="201728" percent="100" />
    </mem>
    <remembered-set count="118" />
  </mem-info>
</gc-end>
<cycle-end id="4137" type="scavenge" contextid="4131" timestamp="2019-08-09T17:55:44.620" />
  <attribute name="elasticGC enabled" value="1" />
  <attribute name= "numThreadsSpecified" value="16" />
  <attribute name="heapSize specified" value="47316992" />
  <attribute name="Current GC Util" value="1" />
  <attribute name= "Current Time Running" value="150553" />
  <attribute name ="GC Interval" value="2545" />
  <attribute name="Target GC Util Change" value ="80.000000" />
  <attribute name="Current GC Util Change" value="1.000000"/>
  <attribute name="Current Error" value="461.000000" />
  <attribute name="Output H" value="113191352"/>
  <attribute name="Output I" value="2544"/>
  <attribute name="Output T" value="16"/>
  <attribute name= "Current Time Running" value="150553" />
  <attribute name="GC Util currently" value="1" />
  <attribute name="CPU Util currently" value="14340946417" />
<allocation-satisfied id="4138" threadId="0000000001367F00" bytesRequested="1016" />
<af-end id="4139" timestamp="2019-08-09T17:55:44.620" threadId="0000000001368888" success="true" from="nursery"/>
<exclusive-end id="4140" timestamp="2019-08-09T17:55:44.620" durationms="0.947" />

<exclusive-start id="4141" timestamp="2019-08-09T17:55:44.773" intervalms="153.740">
  <response-info timems="0.018" idlems="0.018" threads="0" lastid="0000000001367F00" lastname="main" />
</exclusive-start>
<af-start id="4142" threadId="0000000001368888" totalBytesRequested="16" timestamp="2019-08-09T17:55:44.773" intervalms="153.739" type="nursery" />
<cycle-start id="4143" type="scavenge" contextid="0" timestamp="2019-08-09T17:55:44.773" intervalms="153.734" />
<gc-start id="4144" type="scavenge" contextid="4143" timestamp="2019-08-09T17:55:44.773">
  <mem-info id="4145" free="1863816" total="113115136" percent="1">
    <mem type="nursery" free="0" total="92930048" percent="0">
      <mem type="allocate" free="0" total="83623936" percent="0" />
      <mem type="survivor" free="0" total="9306112" percent="0" />
    </mem>
    <mem type="tenure" free="1863816" total="20185088" percent="9">
      <mem type="soa" free="1662088" total="19983360" percent="8" />
      <mem type="loa" free="201728" total="201728" percent="100" />
    </mem>
    <remembered-set count="122" />
  </mem-info>
</gc-start>
<allocation-stats totalBytes="83573480" >
  <allocated-bytes non-tlh="1016" tlh="83572464" />
  <largest-consumer threadName="main" threadId="0000000001367F00" bytes="83573480" />
</allocation-stats>
<gc-op id="4146" type="scavenge" timems="0.924" contextid="4143" timestamp="2019-08-09T17:55:44.774">
  <scavenger-info tenureage="3" tenuremask="ffd8" tiltratio="89" />
  <memory-copied type="nursery" objects="47" bytes="1416" bytesdiscarded="30840" />
  <memory-copied type="tenure" objects="12" bytes="288" bytesdiscarded="0" />
</gc-op>
<gc-end id="4147" type="scavenge" contextid="4143" durationms="1.149" usertimems="1.685" systemtimems="0.000" timestamp="2019-08-09T17:55:44.775" activeThreads="16">
  <mem-info id="4148" free="85455496" total="113115136" percent="75">
    <mem type="nursery" free="83591680" total="92930048" percent="89">
      <mem type="allocate" free="83591680" total="83623936" percent="99" />
      <mem type="survivor" free="0" total="9306112" percent="0" />
    </mem>
    <mem type="tenure" free="1863816" total="20185088" percent="9" macro-fragmented="1500163">
      <mem type="soa" free="1662088" total="19983360" percent="8" />
      <mem type="loa" free="201728" total="201728" percent="100" />
    </mem>
    <remembered-set count="118" />
  </mem-info>
</gc-end>
<cycle-end id="4149" type="scavenge" contextid="4143" timestamp="2019-08-09T17:55:44.775" />
  <attribute name="elasticGC enabled" value="1" />
  <attribute name= "numThreadsSpecified" value="16" />
  <attribute name="heapSize specified" value="47316992" />
  <attribute name="Current GC Util" value="0" />
  <attribute name= "Current Time Running" value="150707" />
  <attribute name ="GC Interval" value="2105" />
  <attribute name="Target GC Util Change" value ="80.000000" />
  <attribute name="Current GC Util Change" value="0.000000"/>
  <attribute name="Current Error" value="80.000000" />
  <attribute name="Output H" value="113190912"/>
  <attribute name="Output I" value="2104"/>
  <attribute name="Output T" value="16"/>
  <attribute name= "Current Time Running" value="150707" />
  <attribute name="GC Util currently" value="0" />
  <attribute name="CPU Util currently" value="7500647632" />
<allocation-satisfied id="4150" threadId="0000000001367F00" bytesRequested="16" />
<af-end id="4151" timestamp="2019-08-09T17:55:44.775" threadId="0000000001368888" success="true" from="nursery"/>
<exclusive-end id="4152" timestamp="2019-08-09T17:55:44.775" durationms="1.371" />

<exclusive-start id="4153" timestamp="2019-08-09T17:55:44.916" intervalms="142.343">
  <response-info timems="0.018" idlems="0.018" threads="0" lastid="0000000001367F00" lastname="main" />
</exclusive-start>
<af-start id="4154" threadId="0000000001368888" totalBytesRequested="16" timestamp="2019-08-09T17:55:44.916" intervalms="142.339" type="nursery" />
<cycle-start id="4155" type="scavenge" contextid="0" timestamp="2019-08-09T17:55:44.916" intervalms="142.339" />
<gc-start id="4156" type="scavenge" contextid="4155" timestamp="2019-08-09T17:55:44.916">
  <mem-info id="4157" free="1863816" total="113115136" percent="1">
    <mem type="nursery" free="0" total="92930048" percent="0">
      <mem type="allocate" free="0" total="83623936" percent="0" />
      <mem type="survivor" free="0" total="9306112" percent="0" />
    </mem>
    <mem type="tenure" free="1863816" total="20185088" percent="9">
      <mem type="soa" free="1662088" total="19983360" percent="8" />
      <mem type="loa" free="201728" total="201728" percent="100" />
    </mem>
    <remembered-set count="118" />
  </mem-info>
</gc-start>
<allocation-stats totalBytes="83576496" >
  <allocated-bytes non-tlh="16" tlh="83576480" />
  <largest-consumer threadName="main" threadId="0000000001367F00" bytes="83576496" />
</allocation-stats>
<gc-op id="4158" type="scavenge" timems="3.141" contextid="4155" timestamp="2019-08-09T17:55:44.919">
  <scavenger-info tenureage="3" tenuremask="ffe8" tiltratio="89" />
  <memory-copied type="nursery" objects="39" bytes="1240" bytesdiscarded="31016" />
  <memory-copied type="tenure" objects="6" bytes="144" bytesdiscarded="0" />
</gc-op>
<gc-end id="4159" type="scavenge" contextid="4155" durationms="3.427" usertimems="4.274" systemtimems="0.000" timestamp="2019-08-09T17:55:44.919" activeThreads="16">
  <mem-info id="4160" free="85455496" total="113115136" percent="75">
    <mem type="nursery" free="83591680" total="92930048" percent="89">
      <mem type="allocate" free="83591680" total="83623936" percent="99" />
      <mem type="survivor" free="0" total="9306112" percent="0" />
    </mem>
    <mem type="tenure" free="1863816" total="20185088" percent="9" macro-fragmented="0">
      <mem type="soa" free="1662088" total="19983360" percent="8" />
      <mem type="loa" free="201728" total="201728" percent="100" />
    </mem>
    <remembered-set count="116" />
  </mem-info>
</gc-end>
<cycle-end id="4161" type="scavenge" contextid="4155" timestamp="2019-08-09T17:55:44.919" />
  <attribute name="elasticGC enabled" value="1" />
  <attribute name= "numThreadsSpecified" value="16" />
  <attribute name="heapSize specified" value="47316992" />
  <attribute name="Current GC Util" value="1" />
  <attribute name= "Current Time Running" value="150849" />
  <attribute name ="GC Interval" value="2193" />
  <attribute name="Target GC Util Change" value ="80.000000" />
  <attribute name="Current GC Util Change" value="1.000000"/>
  <attribute name="Current Error" value="159.000000" />
  <attribute name="Output H" value="113191000"/>
  <attribute name="Output I" value="2192"/>
  <attribute name="Output T" value="16"/>
  <attribute name= "Current Time Running" value="150849" />
  <attribute name="GC Util currently" value="1" />
  <attribute name="CPU Util currently" value="8096386740" />
<allocation-satisfied id="4162" threadId="0000000001367F00" bytesRequested="16" />
<af-end id="4163" timestamp="2019-08-09T17:55:44.919" threadId="0000000001368888" success="true" from="nursery"/>
<exclusive-end id="4164" timestamp="2019-08-09T17:55:44.919" durationms="3.657" />

<exclusive-start id="4165" timestamp="2019-08-09T17:55:45.036" intervalms="120.633">
  <response-info timems="0.025" idlems="0.025" threads="0" lastid="0000000001367F00" lastname="main" />
</exclusive-start>
<af-start id="4166" threadId="0000000001368888" totalBytesRequested="584" timestamp="2019-08-09T17:55:45.036" intervalms="120.647" type="nursery" />
<cycle-start id="4167" type="scavenge" contextid="0" timestamp="2019-08-09T17:55:45.036" intervalms="120.649" />
<gc-start id="4168" type="scavenge" contextid="4167" timestamp="2019-08-09T17:55:45.036">
  <mem-info id="4169" free="1863816" total="113115136" percent="1">
    <mem type="nursery" free="0" total="92930048" percent="0">
      <mem type="allocate" free="0" total="83623936" percent="0" />
      <mem type="survivor" free="0" total="9306112" percent="0" />
    </mem>
    <mem type="tenure" free="1863816" total="20185088" percent="9">
      <mem type="soa" free="1662088" total="19983360" percent="8" />
      <mem type="loa" free="201728" total="201728" percent="100" />
    </mem>
    <remembered-set count="118" />
  </mem-info>
</gc-start>
<allocation-stats totalBytes="83553968" >
  <allocated-bytes non-tlh="16" tlh="83553952" />
  <largest-consumer threadName="main" threadId="0000000001367F00" bytes="83553968" />
</allocation-stats>
<gc-op id="4170" type="scavenge" timems="0.912" contextid="4167" timestamp="2019-08-09T17:55:45.037">
  <scavenger-info tenureage="3" tenuremask="ffe8" tiltratio="89" />
  <memory-copied type="nursery" objects="37" bytes="1616" bytesdiscarded="14512" />
  <memory-copied type="tenure" objects="6" bytes="144" bytesdiscarded="0" />
</gc-op>
<gc-end id="4171" type="scavenge" contextid="4167" durationms="1.124" usertimems="1.985" systemtimems="0.000" timestamp="2019-08-09T17:55:45.038" activeThreads="16">
  <mem-info id="4172" free="85471624" total="113115136" percent="75">
    <mem type="nursery" free="83607808" total="92930048" percent="89">
      <mem type="allocate" free="83607808" total="83623936" percent="99" />
      <mem type="survivor" free="0" total="9306112" percent="0" />
    </mem>
    <mem type="tenure" free="1863816" total="20185088" percent="9" macro-fragmented="0">
      <mem type="soa" free="1662088" total="19983360" percent="8" />
      <mem type="loa" free="201728" total="201728" percent="100" />
    </mem>
    <remembered-set count="116" />
  </mem-info>
</gc-end>
<cycle-end id="4173" type="scavenge" contextid="4167" timestamp="2019-08-09T17:55:45.038" />
  <attribute name="elasticGC enabled" value="1" />
  <attribute name= "numThreadsSpecified" value="16" />
  <attribute name="heapSize specified" value="47316992" />
  <attribute name="Current GC Util" value="3" />
  <attribute name= "Current Time Running" value="150970" />
  <attribute name ="GC Interval" value="2281" />
  <attribute name="Target GC Util Change" value ="80.000000" />
  <attribute name="Current GC Util Change" value="3.000000"/>
  <attribute name="Current Error" value="236.000000" />
  <attribute name="Output H" value="113191088"/>
  <attribute name="Output I" value="2280"/>
  <attribute name="Output T" value="16"/>
  <attribute name= "Current Time Running" value="150970" />
  <attribute name="GC Util currently" value="3" />
  <attribute name="CPU Util currently" value="9556319925" />
<allocation-satisfied id="4174" threadId="0000000001367F00" bytesRequested="584" />
<af-end id="4175" timestamp="2019-08-09T17:55:45.038" threadId="0000000001368888" success="true" from="nursery"/>
<exclusive-end id="4176" timestamp="2019-08-09T17:55:45.038" durationms="1.665" />

<exclusive-start id="4177" timestamp="2019-08-09T17:55:45.054" intervalms="18.088">
  <response-info timems="0.026" idlems="0.026" threads="0" lastid="0000000001367F00" lastname="main" />
</exclusive-start>
<af-start id="4178" threadId="0000000001368888" totalBytesRequested="544" timestamp="2019-08-09T17:55:45.054" intervalms="18.087" type="nursery" />
<cycle-start id="4179" type="scavenge" contextid="0" timestamp="2019-08-09T17:55:45.054" intervalms="18.087" />
<gc-start id="4180" type="scavenge" contextid="4179" timestamp="2019-08-09T17:55:45.054">
  <mem-info id="4181" free="1863816" total="113115136" percent="1">
    <mem type="nursery" free="0" total="92930048" percent="0">
      <mem type="allocate" free="0" total="83623936" percent="0" />
      <mem type="survivor" free="0" total="9306112" percent="0" />
    </mem>
    <mem type="tenure" free="1863816" total="20185088" percent="9">
      <mem type="soa" free="1662088" total="19983360" percent="8" />
      <mem type="loa" free="201728" total="201728" percent="100" />
    </mem>
    <remembered-set count="116" />
  </mem-info>
</gc-start>
<allocation-stats totalBytes="83492376" >
  <allocated-bytes non-tlh="584" tlh="83491792" />
  <largest-consumer threadName="main" threadId="0000000001367F00" bytes="83492376" />
</allocation-stats>
<gc-op id="4182" type="scavenge" timems="0.529" contextid="4179" timestamp="2019-08-09T17:55:45.055">
  <scavenger-info tenureage="13" tenuremask="e000" tiltratio="89" />
  <memory-copied type="nursery" objects="37" bytes="1616" bytesdiscarded="30640" />
</gc-op>
<gc-end id="4183" type="scavenge" contextid="4179" durationms="0.719" usertimems="0.999" systemtimems="0.000" timestamp="2019-08-09T17:55:45.055" activeThreads="16">
  <mem-info id="4184" free="85455496" total="113115136" percent="75">
    <mem type="nursery" free="83591680" total="92930048" percent="89">
      <mem type="allocate" free="83591680" total="83623936" percent="99" />
      <mem type="survivor" free="0" total="9306112" percent="0" />
    </mem>
    <mem type="tenure" free="1863816" total="20185088" percent="9" macro-fragmented="0">
      <mem type="soa" free="1662088" total="19983360" percent="8" />
      <mem type="loa" free="201728" total="201728" percent="100" />
    </mem>
    <remembered-set count="116" />
  </mem-info>
</gc-end>
<cycle-end id="4185" type="scavenge" contextid="4179" timestamp="2019-08-09T17:55:45.055" />
  <attribute name="elasticGC enabled" value="1" />
  <attribute name= "numThreadsSpecified" value="16" />
  <attribute name="heapSize specified" value="47316992" />
  <attribute name="Current GC Util" value="10" />
  <attribute name= "Current Time Running" value="150988" />
  <attribute name ="GC Interval" value="2369" />
  <attribute name="Target GC Util Change" value ="80.000000" />
  <attribute name="Current GC Util Change" value="10.000000"/>
  <attribute name="Current Error" value="306.000000" />
  <attribute name="Output H" value="113191176"/>
  <attribute name="Output I" value="2368"/>
  <attribute name="Output T" value="16"/>
  <attribute name= "Current Time Running" value="150988" />
  <attribute name="GC Util currently" value="10" />
  <attribute name="CPU Util currently" value="63818503454" />
<allocation-satisfied id="4186" threadId="0000000001367F00" bytesRequested="544" />
<af-end id="4187" timestamp="2019-08-09T17:55:45.055" threadId="0000000001368888" success="true" from="nursery"/>
<exclusive-end id="4188" timestamp="2019-08-09T17:55:45.055" durationms="1.019" />

* Round 3 done in 2.279 seconds.
<exclusive-start id="4189" timestamp="2019-08-09T17:55:45.073" intervalms="18.567">
  <response-info timems="0.021" idlems="0.021" threads="0" lastid="0000000001367F00" lastname="main" />
</exclusive-start>
<af-start id="4190" threadId="0000000001368888" totalBytesRequested="16" timestamp="2019-08-09T17:55:45.073" intervalms="18.552" type="nursery" />
<cycle-start id="4191" type="scavenge" contextid="0" timestamp="2019-08-09T17:55:45.073" intervalms="18.553" />
<gc-start id="4192" type="scavenge" contextid="4191" timestamp="2019-08-09T17:55:45.073">
  <mem-info id="4193" free="1863816" total="113115136" percent="1">
    <mem type="nursery" free="0" total="92930048" percent="0">
      <mem type="allocate" free="0" total="83623936" percent="0" />
      <mem type="survivor" free="0" total="9306112" percent="0" />
    </mem>
    <mem type="tenure" free="1863816" total="20185088" percent="9">
      <mem type="soa" free="1662088" total="19983360" percent="8" />
      <mem type="loa" free="201728" total="201728" percent="100" />
    </mem>
    <remembered-set count="119" />
  </mem-info>
</gc-start>
<allocation-stats totalBytes="83478640" >
  <allocated-bytes non-tlh="544" tlh="83478096" />
  <largest-consumer threadName="main" threadId="0000000001367F00" bytes="83478640" />
</allocation-stats>
<gc-op id="4194" type="scavenge" timems="0.457" contextid="4191" timestamp="2019-08-09T17:55:45.073">
  <scavenger-info tenureage="3" tenuremask="fff8" tiltratio="89" />
  <memory-copied type="nursery" objects="29" bytes="1048" bytesdiscarded="15080" />
  <memory-copied type="tenure" objects="12" bytes="288" bytesdiscarded="0" />
</gc-op>
<gc-end id="4195" type="scavenge" contextid="4191" durationms="0.632" usertimems="0.790" systemtimems="0.000" timestamp="2019-08-09T17:55:45.074" activeThreads="16">
  <mem-info id="4196" free="85471624" total="113115136" percent="75">
    <mem type="nursery" free="83607808" total="92930048" percent="89">
      <mem type="allocate" free="83607808" total="83623936" percent="99" />
      <mem type="survivor" free="0" total="9306112" percent="0" />
    </mem>
    <mem type="tenure" free="1863816" total="20185088" percent="9" macro-fragmented="868149">
      <mem type="soa" free="1662088" total="19983360" percent="8" />
      <mem type="loa" free="201728" total="201728" percent="100" />
    </mem>
    <remembered-set count="115" />
  </mem-info>
</gc-end>
<cycle-end id="4197" type="scavenge" contextid="4191" timestamp="2019-08-09T17:55:45.074" />
  <attribute name="elasticGC enabled" value="1" />
  <attribute name= "numThreadsSpecified" value="16" />
  <attribute name="heapSize specified" value="47316992" />
  <attribute name="Current GC Util" value="6" />
  <attribute name= "Current Time Running" value="151006" />
  <attribute name ="GC Interval" value="2449" />
  <attribute name="Target GC Util Change" value ="80.000000" />
  <attribute name="Current GC Util Change" value="6.000000"/>
  <attribute name="Current Error" value="380.000000" />
  <attribute name="Output H" value="113191256"/>
  <attribute name="Output I" value="2448"/>
  <attribute name="Output T" value="16"/>
  <attribute name= "Current Time Running" value="151006" />
  <attribute name="GC Util currently" value="6" />
  <attribute name="CPU Util currently" value="62215926668" />
<allocation-satisfied id="4198" threadId="0000000001367F00" bytesRequested="16" />
<af-end id="4199" timestamp="2019-08-09T17:55:45.074" threadId="0000000001368888" success="true" from="nursery"/>
<exclusive-end id="4200" timestamp="2019-08-09T17:55:45.074" durationms="0.884" />

<exclusive-start id="4201" timestamp="2019-08-09T17:55:45.310" intervalms="236.677">
  <response-info timems="0.022" idlems="0.022" threads="0" lastid="0000000001367F00" lastname="main" />
</exclusive-start>
<af-start id="4202" threadId="0000000001368888" totalBytesRequested="1168" timestamp="2019-08-09T17:55:45.310" intervalms="236.686" type="nursery" />
<cycle-start id="4203" type="scavenge" contextid="0" timestamp="2019-08-09T17:55:45.310" intervalms="236.691" />
<gc-start id="4204" type="scavenge" contextid="4203" timestamp="2019-08-09T17:55:45.310">
  <mem-info id="4205" free="1863816" total="113115136" percent="1">
    <mem type="nursery" free="0" total="92930048" percent="0">
      <mem type="allocate" free="0" total="83623936" percent="0" />
      <mem type="survivor" free="0" total="9306112" percent="0" />
    </mem>
    <mem type="tenure" free="1863816" total="20185088" percent="9">
      <mem type="soa" free="1662088" total="19983360" percent="8" />
      <mem type="loa" free="201728" total="201728" percent="100" />
    </mem>
    <remembered-set count="133" />
  </mem-info>
</gc-start>
<allocation-stats totalBytes="83500920" >
  <allocated-bytes non-tlh="16" tlh="83500904" />
  <largest-consumer threadName="main" threadId="0000000001367F00" bytes="83500920" />
</allocation-stats>
<gc-op id="4206" type="scavenge" timems="0.596" contextid="4203" timestamp="2019-08-09T17:55:45.310">
  <scavenger-info tenureage="4" tenuremask="ffd0" tiltratio="89" />
  <memory-copied type="nursery" objects="93" bytes="3704" bytesdiscarded="12424" />
</gc-op>
<gc-end id="4207" type="scavenge" contextid="4203" durationms="0.837" usertimems="1.162" systemtimems="0.000" timestamp="2019-08-09T17:55:45.311" activeThreads="16">
  <mem-info id="4208" free="85471624" total="113115136" percent="75">
    <mem type="nursery" free="83607808" total="92930048" percent="89">
      <mem type="allocate" free="83607808" total="83623936" percent="99" />
      <mem type="survivor" free="0" total="9306112" percent="0" />
    </mem>
    <mem type="tenure" free="1863816" total="20185088" percent="9" macro-fragmented="0">
      <mem type="soa" free="1662088" total="19983360" percent="8" />
      <mem type="loa" free="201728" total="201728" percent="100" />
    </mem>
    <remembered-set count="132" />
  </mem-info>
</gc-end>
<cycle-end id="4209" type="scavenge" contextid="4203" timestamp="2019-08-09T17:55:45.311" />
  <attribute name="elasticGC enabled" value="1" />
  <attribute name= "numThreadsSpecified" value="16" />
  <attribute name="heapSize specified" value="47316992" />
  <attribute name="Current GC Util" value="0" />
  <attribute name= "Current Time Running" value="151243" />
  <attribute name ="GC Interval" value="2545" />
  <attribute name="Target GC Util Change" value ="80.000000" />
  <attribute name="Current GC Util Change" value="0.000000"/>
  <attribute name="Current Error" value="460.000000" />
  <attribute name="Output H" value="113191352"/>
  <attribute name="Output I" value="2544"/>
  <attribute name="Output T" value="16"/>
  <attribute name= "Current Time Running" value="151243" />
  <attribute name="GC Util currently" value="0" />
  <attribute name="CPU Util currently" value="4869643081" />
<allocation-satisfied id="4210" threadId="0000000001367F00" bytesRequested="1168" />
<af-end id="4211" timestamp="2019-08-09T17:55:45.311" threadId="0000000001368888" success="true" from="nursery"/>
<exclusive-end id="4212" timestamp="2019-08-09T17:55:45.311" durationms="1.084" />

<exclusive-start id="4213" timestamp="2019-08-09T17:55:45.320" intervalms="9.951">
  <response-info timems="0.021" idlems="0.021" threads="0" lastid="0000000001367F00" lastname="main" />
</exclusive-start>
<af-start id="4214" threadId="0000000001368888" totalBytesRequested="1168" timestamp="2019-08-09T17:55:45.320" intervalms="9.950" type="nursery" />
<cycle-start id="4215" type="scavenge" contextid="0" timestamp="2019-08-09T17:55:45.320" intervalms="9.948" />
<gc-start id="4216" type="scavenge" contextid="4215" timestamp="2019-08-09T17:55:45.320">
  <mem-info id="4217" free="1863816" total="113115136" percent="1">
    <mem type="nursery" free="0" total="92930048" percent="0">
      <mem type="allocate" free="0" total="83623936" percent="0" />
      <mem type="survivor" free="0" total="9306112" percent="0" />
    </mem>
    <mem type="tenure" free="1863816" total="20185088" percent="9">
      <mem type="soa" free="1662088" total="19983360" percent="8" />
      <mem type="loa" free="201728" total="201728" percent="100" />
    </mem>
    <remembered-set count="132" />
  </mem-info>
</gc-start>
<allocation-stats totalBytes="83319560" >
  <allocated-bytes non-tlh="1168" tlh="83318392" />
  <largest-consumer threadName="main" threadId="0000000001367F00" bytes="83319560" />
</allocation-stats>
<gc-op id="4218" type="scavenge" timems="0.597" contextid="4215" timestamp="2019-08-09T17:55:45.320">
  <scavenger-info tenureage="4" tenuremask="f410" tiltratio="89" />
  <memory-copied type="nursery" objects="88" bytes="3584" bytesdiscarded="12544" />
  <memory-copied type="tenure" objects="6" bytes="144" bytesdiscarded="0" />
</gc-op>
<gc-end id="4219" type="scavenge" contextid="4215" durationms="0.800" usertimems="1.115" systemtimems="0.000" timestamp="2019-08-09T17:55:45.320" activeThreads="16">
  <mem-info id="4220" free="85471624" total="113115136" percent="75">
    <mem type="nursery" free="83607808" total="92930048" percent="89">
      <mem type="allocate" free="83607808" total="83623936" percent="99" />
      <mem type="survivor" free="0" total="9306112" percent="0" />
    </mem>
    <mem type="tenure" free="1863816" total="20185088" percent="9" macro-fragmented="723458">
      <mem type="soa" free="1662088" total="19983360" percent="8" />
      <mem type="loa" free="201728" total="201728" percent="100" />
    </mem>
    <remembered-set count="130" />
  </mem-info>
</gc-end>
<cycle-end id="4221" type="scavenge" contextid="4215" timestamp="2019-08-09T17:55:45.321" />
  <attribute name="elasticGC enabled" value="1" />
  <attribute name= "numThreadsSpecified" value="16" />
  <attribute name="heapSize specified" value="47316992" />
  <attribute name="Current GC Util" value="13" />
  <attribute name= "Current Time Running" value="151253" />
  <attribute name ="GC Interval" value="2089" />
  <attribute name="Target GC Util Change" value ="80.000000" />
  <attribute name="Current GC Util Change" value="13.000000"/>
  <attribute name="Current Error" value="67.000000" />
  <attribute name="Output H" value="113190896"/>
  <attribute name="Output I" value="2088"/>
  <attribute name="Output T" value="16"/>
  <attribute name= "Current Time Running" value="151253" />
  <attribute name="GC Util currently" value="13" />
  <attribute name="CPU Util currently" value="116245722327" />
<allocation-satisfied id="4222" threadId="0000000001367F00" bytesRequested="1168" />
<af-end id="4223" timestamp="2019-08-09T17:55:45.321" threadId="0000000001368888" success="true" from="nursery"/>
<exclusive-end id="4224" timestamp="2019-08-09T17:55:45.321" durationms="1.063" />

<exclusive-start id="4225" timestamp="2019-08-09T17:55:45.330" intervalms="10.021">
  <response-info timems="0.022" idlems="0.022" threads="0" lastid="0000000001367F00" lastname="main" />
</exclusive-start>
<af-start id="4226" threadId="0000000001368888" totalBytesRequested="1168" timestamp="2019-08-09T17:55:45.330" intervalms="10.021" type="nursery" />
<cycle-start id="4227" type="scavenge" contextid="0" timestamp="2019-08-09T17:55:45.330" intervalms="10.021" />
<gc-start id="4228" type="scavenge" contextid="4227" timestamp="2019-08-09T17:55:45.330">
  <mem-info id="4229" free="1863816" total="113115136" percent="1">
    <mem type="nursery" free="0" total="92930048" percent="0">
      <mem type="allocate" free="0" total="83623936" percent="0" />
      <mem type="survivor" free="0" total="9306112" percent="0" />
    </mem>
    <mem type="tenure" free="1863816" total="20185088" percent="9">
      <mem type="soa" free="1662088" total="19983360" percent="8" />
      <mem type="loa" free="201728" total="201728" percent="100" />
    </mem>
    <remembered-set count="130" />
  </mem-info>
</gc-start>
<allocation-stats totalBytes="83330432" >
  <allocated-bytes non-tlh="1168" tlh="83329264" />
  <largest-consumer threadName="main" threadId="0000000001367F00" bytes="83330432" />
</allocation-stats>
<gc-op id="4230" type="scavenge" timems="2.521" contextid="4227" timestamp="2019-08-09T17:55:45.332">
  <scavenger-info tenureage="3" tenuremask="ffd8" tiltratio="89" />
  <memory-copied type="nursery" objects="75" bytes="3072" bytesdiscarded="29184" />
  <memory-copied type="tenure" objects="13" bytes="512" bytesdiscarded="0" />
</gc-op>
<heap-resize id="4231" type="expand" space="nursery" amount="9043968" count="1" timems="0.020" reason="excessive time being spent scavenging" timestamp="2019-08-09T17:55:45.332" />
<gc-end id="4232" type="scavenge" contextid="4227" durationms="2.745" usertimems="3.997" systemtimems="0.000" timestamp="2019-08-09T17:55:45.332" activeThreads="16">
  <mem-info id="4233" free="93581960" total="122159104" percent="76">
    <mem type="nursery" free="91718144" total="101974016" percent="89">
      <mem type="allocate" free="91718144" total="91750400" percent="99" />
      <mem type="survivor" free="0" total="10223616" percent="0" />
    </mem>
    <mem type="tenure" free="1863816" total="20185088" percent="9" macro-fragmented="15725">
      <mem type="soa" free="1662088" total="19983360" percent="8" />
      <mem type="loa" free="201728" total="201728" percent="100" />
    </mem>
    <remembered-set count="128" />
  </mem-info>
</gc-end>
<cycle-end id="4234" type="scavenge" contextid="4227" timestamp="2019-08-09T17:55:45.332" />
  <attribute name="elasticGC enabled" value="1" />
  <attribute name= "numThreadsSpecified" value="16" />
  <attribute name="heapSize specified" value="47316992" />
  <attribute name="Current GC Util" value="12" />
  <attribute name= "Current Time Running" value="151263" />
  <attribute name ="GC Interval" value="2169" />
  <attribute name="Target GC Util Change" value ="80.000000" />
  <attribute name="Current GC Util Change" value="12.000000"/>
  <attribute name="Current Error" value="135.000000" />
  <attribute name="Output H" value="113190976"/>
  <attribute name="Output I" value="2168"/>
  <attribute name="Output T" value="16"/>
  <attribute name= "Current Time Running" value="151263" />
  <attribute name="GC Util currently" value="12" />
  <attribute name="CPU Util currently" value="114978267867" />
<allocation-satisfied id="4235" threadId="0000000001367F00" bytesRequested="1168" />
<af-end id="4236" timestamp="2019-08-09T17:55:45.333" threadId="0000000001368888" success="true" from="nursery"/>
<exclusive-end id="4237" timestamp="2019-08-09T17:55:45.333" durationms="2.992" />

<exclusive-start id="4238" timestamp="2019-08-09T17:55:45.344" intervalms="14.749">
  <response-info timems="0.018" idlems="0.018" threads="0" lastid="0000000001367F00" lastname="main" />
</exclusive-start>
<af-start id="4239" threadId="0000000001368888" totalBytesRequested="1168" timestamp="2019-08-09T17:55:45.344" intervalms="14.748" type="nursery" />
<cycle-start id="4240" type="scavenge" contextid="0" timestamp="2019-08-09T17:55:45.344" intervalms="14.741" />
<gc-start id="4241" type="scavenge" contextid="4240" timestamp="2019-08-09T17:55:45.344">
  <mem-info id="4242" free="1863816" total="122159104" percent="1">
    <mem type="nursery" free="0" total="101974016" percent="0">
      <mem type="allocate" free="0" total="91750400" percent="0" />
      <mem type="survivor" free="0" total="10223616" percent="0" />
    </mem>
    <mem type="tenure" free="1863816" total="20185088" percent="9">
      <mem type="soa" free="1662088" total="19983360" percent="8" />
      <mem type="loa" free="201728" total="201728" percent="100" />
    </mem>
    <remembered-set count="128" />
  </mem-info>
</gc-start>
<allocation-stats totalBytes="91414288" >
  <allocated-bytes non-tlh="1168" tlh="91413120" />
  <largest-consumer threadName="main" threadId="0000000001367F00" bytes="91414288" />
</allocation-stats>
<gc-op id="4243" type="scavenge" timems="0.578" contextid="4240" timestamp="2019-08-09T17:55:45.345">
  <scavenger-info tenureage="3" tenuremask="ffe8" tiltratio="89" />
  <memory-copied type="nursery" objects="2" bytes="56" bytesdiscarded="32200" />
  <memory-copied type="tenure" objects="73" bytes="3016" bytesdiscarded="0" />
</gc-op>
<gc-end id="4244" type="scavenge" contextid="4240" durationms="0.663" usertimems="0.984" systemtimems="0.000" timestamp="2019-08-09T17:55:45.345" activeThreads="16">
  <mem-info id="4245" free="93581960" total="122159104" percent="76">
    <mem type="nursery" free="91718144" total="101974016" percent="89">
      <mem type="allocate" free="91718144" total="91750400" percent="99" />
      <mem type="survivor" free="0" total="10223616" percent="0" />
    </mem>
    <mem type="tenure" free="1863816" total="20185088" percent="9" macro-fragmented="0">
      <mem type="soa" free="1662088" total="19983360" percent="8" />
      <mem type="loa" free="201728" total="201728" percent="100" />
    </mem>
    <remembered-set count="119" />
  </mem-info>
</gc-end>
<cycle-end id="4246" type="scavenge" contextid="4240" timestamp="2019-08-09T17:55:45.345" />
  <attribute name="elasticGC enabled" value="1" />
  <attribute name= "numThreadsSpecified" value="16" />
  <attribute name="heapSize specified" value="47316992" />
  <attribute name="Current GC Util" value="28" />
  <attribute name= "Current Time Running" value="151278" />
  <attribute name ="GC Interval" value="2225" />
  <attribute name="Target GC Util Change" value ="80.000000" />
  <attribute name="Current GC Util Change" value="28.000000"/>
  <attribute name="Current Error" value="187.000000" />
  <attribute name="Output H" value="122235000"/>
  <attribute name="Output I" value="2224"/>
  <attribute name="Output T" value="16"/>
  <attribute name= "Current Time Running" value="151278" />
  <attribute name="GC Util currently" value="28" />
  <attribute name="CPU Util currently" value="78454753260" />
<allocation-satisfied id="4247" threadId="0000000001367F00" bytesRequested="1168" />
<af-end id="4248" timestamp="2019-08-09T17:55:45.345" threadId="0000000001368888" success="true" from="nursery"/>
<exclusive-end id="4249" timestamp="2019-08-09T17:55:45.345" durationms="0.917" />

<exclusive-start id="4250" timestamp="2019-08-09T17:55:45.355" intervalms="10.619">
  <response-info timems="0.017" idlems="0.017" threads="0" lastid="0000000001367F00" lastname="main" />
</exclusive-start>
<af-start id="4251" threadId="0000000001368888" totalBytesRequested="1168" timestamp="2019-08-09T17:55:45.355" intervalms="10.618" type="nursery" />
<cycle-start id="4252" type="scavenge" contextid="0" timestamp="2019-08-09T17:55:45.355" intervalms="10.619" />
<gc-start id="4253" type="scavenge" contextid="4252" timestamp="2019-08-09T17:55:45.355">
  <mem-info id="4254" free="1863816" total="122159104" percent="1">
    <mem type="nursery" free="0" total="101974016" percent="0">
      <mem type="allocate" free="0" total="91750400" percent="0" />
      <mem type="survivor" free="0" total="10223616" percent="0" />
    </mem>
    <mem type="tenure" free="1863816" total="20185088" percent="9">
      <mem type="soa" free="1662088" total="19983360" percent="8" />
      <mem type="loa" free="201728" total="201728" percent="100" />
    </mem>
    <remembered-set count="119" />
  </mem-info>
</gc-start>
<allocation-stats totalBytes="91414264" >
  <allocated-bytes non-tlh="1168" tlh="91413096" />
  <largest-consumer threadName="main" threadId="0000000001367F00" bytes="91414264" />
</allocation-stats>
<gc-op id="4255" type="scavenge" timems="0.646" contextid="4252" timestamp="2019-08-09T17:55:45.356">
  <scavenger-info tenureage="3" tenuremask="ffe8" tiltratio="89" />
  <memory-copied type="nursery" objects="2" bytes="56" bytesdiscarded="16072" />
</gc-op>
<gc-end id="4256" type="scavenge" contextid="4252" durationms="0.798" usertimems="1.352" systemtimems="0.000" timestamp="2019-08-09T17:55:45.356" activeThreads="16">
  <mem-info id="4257" free="93598088" total="122159104" percent="76">
    <mem type="nursery" free="91734272" total="101974016" percent="89">
      <mem type="allocate" free="91734272" total="91750400" percent="99" />
      <mem type="survivor" free="0" total="10223616" percent="0" />
    </mem>
    <mem type="tenure" free="1863816" total="20185088" percent="9" macro-fragmented="0">
      <mem type="soa" free="1662088" total="19983360" percent="8" />
      <mem type="loa" free="201728" total="201728" percent="100" />
    </mem>
    <remembered-set count="119" />
  </mem-info>
</gc-end>
<cycle-end id="4258" type="scavenge" contextid="4252" timestamp="2019-08-09T17:55:45.356" />
  <attribute name="elasticGC enabled" value="1" />
  <attribute name= "numThreadsSpecified" value="16" />
  <attribute name="heapSize specified" value="47316992" />
  <attribute name="Current GC Util" value="10" />
  <attribute name= "Current Time Running" value="151288" />
  <attribute name ="GC Interval" value="2305" />
  <attribute name="Target GC Util Change" value ="80.000000" />
  <attribute name="Current GC Util Change" value="10.000000"/>
  <attribute name="Current Error" value="257.000000" />
  <attribute name="Output H" value="122235080"/>
  <attribute name="Output I" value="2304"/>
  <attribute name="Output T" value="16"/>
  <attribute name= "Current Time Running" value="151288" />
  <attribute name="GC Util currently" value="10" />
  <attribute name="CPU Util currently" value="108488415403" />
<allocation-satisfied id="4259" threadId="0000000001367F00" bytesRequested="1168" />
<af-end id="4260" timestamp="2019-08-09T17:55:45.356" threadId="0000000001368888" success="true" from="nursery"/>
<exclusive-end id="4261" timestamp="2019-08-09T17:55:45.356" durationms="1.022" />

<exclusive-start id="4262" timestamp="2019-08-09T17:55:45.366" intervalms="11.558">
  <response-info timems="0.025" idlems="0.025" threads="0" lastid="0000000001367F00" lastname="main" />
</exclusive-start>
<af-start id="4263" threadId="0000000001368888" totalBytesRequested="1168" timestamp="2019-08-09T17:55:45.367" intervalms="11.668" type="nursery" />
<cycle-start id="4264" type="scavenge" contextid="0" timestamp="2019-08-09T17:55:45.367" intervalms="11.678" />
<gc-start id="4265" type="scavenge" contextid="4264" timestamp="2019-08-09T17:55:45.367">
  <mem-info id="4266" free="1863816" total="122159104" percent="1">
    <mem type="nursery" free="0" total="101974016" percent="0">
      <mem type="allocate" free="0" total="91750400" percent="0" />
      <mem type="survivor" free="0" total="10223616" percent="0" />
    </mem>
    <mem type="tenure" free="1863816" total="20185088" percent="9">
      <mem type="soa" free="1662088" total="19983360" percent="8" />
      <mem type="loa" free="201728" total="201728" percent="100" />
    </mem>
    <remembered-set count="119" />
  </mem-info>
</gc-start>
<allocation-stats totalBytes="91430304" >
  <allocated-bytes non-tlh="1168" tlh="91429136" />
  <largest-consumer threadName="main" threadId="0000000001367F00" bytes="91430304" />
</allocation-stats>
<gc-op id="4267" type="scavenge" timems="0.801" contextid="4264" timestamp="2019-08-09T17:55:45.368">
  <scavenger-info tenureage="3" tenuremask="fff8" tiltratio="89" />
  <memory-copied type="nursery" objects="2" bytes="56" bytesdiscarded="16072" />
</gc-op>
<gc-end id="4268" type="scavenge" contextid="4264" durationms="0.935" usertimems="1.058" systemtimems="0.000" timestamp="2019-08-09T17:55:45.368" activeThreads="16">
  <mem-info id="4269" free="93598088" total="122159104" percent="76">
    <mem type="nursery" free="91734272" total="101974016" percent="89">
      <mem type="allocate" free="91734272" total="91750400" percent="99" />
      <mem type="survivor" free="0" total="10223616" percent="0" />
    </mem>
    <mem type="tenure" free="1863816" total="20185088" percent="9" macro-fragmented="0">
      <mem type="soa" free="1662088" total="19983360" percent="8" />
      <mem type="loa" free="201728" total="201728" percent="100" />
    </mem>
    <remembered-set count="119" />
  </mem-info>
</gc-end>
<cycle-end id="4270" type="scavenge" contextid="4264" timestamp="2019-08-09T17:55:45.368" />
  <attribute name="elasticGC enabled" value="1" />
  <attribute name= "numThreadsSpecified" value="16" />
  <attribute name="heapSize specified" value="47316992" />
  <attribute name="Current GC Util" value="12" />
  <attribute name= "Current Time Running" value="151300" />
  <attribute name ="GC Interval" value="2385" />
  <attribute name="Target GC Util Change" value ="80.000000" />
  <attribute name="Current GC Util Change" value="12.000000"/>
  <attribute name="Current Error" value="325.000000" />
  <attribute name="Output H" value="122235160"/>
  <attribute name="Output I" value="2384"/>
  <attribute name="Output T" value="16"/>
  <attribute name= "Current Time Running" value="151300" />
  <attribute name="GC Util currently" value="12" />
  <attribute name="CPU Util currently" value="98565392883" />
<allocation-satisfied id="4271" threadId="0000000001367F00" bytesRequested="1168" />
<af-end id="4272" timestamp="2019-08-09T17:55:45.368" threadId="0000000001368888" success="true" from="nursery"/>
<exclusive-end id="4273" timestamp="2019-08-09T17:55:45.368" durationms="1.260" />

<exclusive-start id="4274" timestamp="2019-08-09T17:55:45.379" intervalms="12.448">
  <response-info timems="0.025" idlems="0.025" threads="0" lastid="0000000001367F00" lastname="main" />
</exclusive-start>
<af-start id="4275" threadId="0000000001368888" totalBytesRequested="1168" timestamp="2019-08-09T17:55:45.379" intervalms="12.349" type="nursery" />
<cycle-start id="4276" type="scavenge" contextid="0" timestamp="2019-08-09T17:55:45.379" intervalms="12.346" />
<gc-start id="4277" type="scavenge" contextid="4276" timestamp="2019-08-09T17:55:45.379">
  <mem-info id="4278" free="1863816" total="122159104" percent="1">
    <mem type="nursery" free="0" total="101974016" percent="0">
      <mem type="allocate" free="0" total="91750400" percent="0" />
      <mem type="survivor" free="0" total="10223616" percent="0" />
    </mem>
    <mem type="tenure" free="1863816" total="20185088" percent="9">
      <mem type="soa" free="1662088" total="19983360" percent="8" />
      <mem type="loa" free="201728" total="201728" percent="100" />
    </mem>
    <remembered-set count="119" />
  </mem-info>
</gc-start>
<allocation-stats totalBytes="91430304" >
  <allocated-bytes non-tlh="1168" tlh="91429136" />
  <largest-consumer threadName="main" threadId="0000000001367F00" bytes="91430304" />
</allocation-stats>
<gc-op id="4279" type="scavenge" timems="2.471" contextid="4276" timestamp="2019-08-09T17:55:45.382">
  <scavenger-info tenureage="3" tenuremask="fff8" tiltratio="89" />
  <memory-copied type="nursery" objects="2" bytes="56" bytesdiscarded="32200" />
</gc-op>
<heap-resize id="4280" type="expand" space="nursery" amount="6553600" count="1" timems="0.022" reason="excessive time being spent scavenging" timestamp="2019-08-09T17:55:45.382" />
<gc-end id="4281" type="scavenge" contextid="4276" durationms="2.645" usertimems="3.770" systemtimems="0.000" timestamp="2019-08-09T17:55:45.382" activeThreads="16">
  <mem-info id="4282" free="99480200" total="128712704" percent="77">
    <mem type="nursery" free="97616384" total="108527616" percent="89">
      <mem type="allocate" free="97616384" total="97648640" percent="99" />
      <mem type="survivor" free="0" total="10878976" percent="0" />
    </mem>
    <mem type="tenure" free="1863816" total="20185088" percent="9" macro-fragmented="0">
      <mem type="soa" free="1662088" total="19983360" percent="8" />
      <mem type="loa" free="201728" total="201728" percent="100" />
    </mem>
    <remembered-set count="119" />
  </mem-info>
</gc-end>
<cycle-end id="4283" type="scavenge" contextid="4276" timestamp="2019-08-09T17:55:45.382" />
  <attribute name="elasticGC enabled" value="1" />
  <attribute name= "numThreadsSpecified" value="16" />
  <attribute name="heapSize specified" value="47316992" />
  <attribute name="Current GC Util" value="9" />
  <attribute name= "Current Time Running" value="151312" />
  <attribute name ="GC Interval" value="2473" />
  <attribute name="Target GC Util Change" value ="80.000000" />
  <attribute name="Current GC Util Change" value="9.000000"/>
  <attribute name="Current Error" value="396.000000" />
  <attribute name="Output H" value="122235248"/>
  <attribute name="Output I" value="2472"/>
  <attribute name="Output T" value="16"/>
  <attribute name= "Current Time Running" value="151312" />
  <attribute name="GC Util currently" value="9" />
  <attribute name="CPU Util currently" value="93194756878" />
<allocation-satisfied id="4284" threadId="0000000001367F00" bytesRequested="1168" />
<af-end id="4285" timestamp="2019-08-09T17:55:45.382" threadId="0000000001368888" success="true" from="nursery"/>
<exclusive-end id="4286" timestamp="2019-08-09T17:55:45.382" durationms="2.890" />

<exclusive-start id="4287" timestamp="2019-08-09T17:55:45.396" intervalms="17.073">
  <response-info timems="0.023" idlems="0.023" threads="0" lastid="0000000001367F00" lastname="main" />
</exclusive-start>
<af-start id="4288" threadId="0000000001368888" totalBytesRequested="1168" timestamp="2019-08-09T17:55:45.396" intervalms="17.073" type="nursery" />
<cycle-start id="4289" type="scavenge" contextid="0" timestamp="2019-08-09T17:55:45.396" intervalms="17.082" />
<gc-start id="4290" type="scavenge" contextid="4289" timestamp="2019-08-09T17:55:45.396">
  <mem-info id="4291" free="1863816" total="128712704" percent="1">
    <mem type="nursery" free="0" total="108527616" percent="0">
      <mem type="allocate" free="0" total="97648640" percent="0" />
      <mem type="survivor" free="0" total="10878976" percent="0" />
    </mem>
    <mem type="tenure" free="1863816" total="20185088" percent="9">
      <mem type="soa" free="1662088" total="19983360" percent="8" />
      <mem type="loa" free="201728" total="201728" percent="100" />
    </mem>
    <remembered-set count="124" />
  </mem-info>
</gc-start>
<allocation-stats totalBytes="97159944" >
  <allocated-bytes non-tlh="1168" tlh="97158776" />
  <largest-consumer threadName="main" threadId="0000000001367F00" bytes="97159944" />
</allocation-stats>
<gc-op id="4292" type="scavenge" timems="2.518" contextid="4289" timestamp="2019-08-09T17:55:45.399">
  <scavenger-info tenureage="3" tenuremask="fff8" tiltratio="89" />
  <memory-copied type="nursery" objects="27" bytes="1944" bytesdiscarded="30312" />
</gc-op>
<heap-resize id="4293" type="expand" space="nursery" amount="5636096" count="1" timems="0.067" reason="excessive time being spent scavenging" timestamp="2019-08-09T17:55:45.399" />
<gc-end id="4294" type="scavenge" contextid="4289" durationms="2.708" usertimems="3.950" systemtimems="0.000" timestamp="2019-08-09T17:55:45.399" activeThreads="16">
  <mem-info id="4295" free="104526472" total="134348800" percent="77">
    <mem type="nursery" free="102662656" total="114163712" percent="89">
      <mem type="allocate" free="102662656" total="102694912" percent="99" />
      <mem type="survivor" free="0" total="11468800" percent="0" />
    </mem>
    <mem type="tenure" free="1863816" total="20185088" percent="9" macro-fragmented="0">
      <mem type="soa" free="1662088" total="19983360" percent="8" />
      <mem type="loa" free="201728" total="201728" percent="100" />
    </mem>
    <remembered-set count="124" />
  </mem-info>
</gc-end>
<cycle-end id="4296" type="scavenge" contextid="4289" timestamp="2019-08-09T17:55:45.399" />
  <attribute name="elasticGC enabled" value="1" />
  <attribute name= "numThreadsSpecified" value="16" />
  <attribute name="heapSize specified" value="47316992" />
  <attribute name="Current GC Util" value="22" />
  <attribute name= "Current Time Running" value="151329" />
  <attribute name ="GC Interval" value="2081" />
  <attribute name="Target GC Util Change" value ="80.000000" />
  <attribute name="Current GC Util Change" value="22.000000"/>
  <attribute name="Current Error" value="58.000000" />
  <attribute name="Output H" value="128788456"/>
  <attribute name="Output I" value="2080"/>
  <attribute name="Output T" value="16"/>
  <attribute name= "Current Time Running" value="151329" />
  <attribute name="GC Util currently" value="22" />
  <attribute name="CPU Util currently" value="67603180325" />
<allocation-satisfied id="4297" threadId="0000000001367F00" bytesRequested="1168" />
<af-end id="4298" timestamp="2019-08-09T17:55:45.399" threadId="0000000001368888" success="true" from="nursery"/>
<exclusive-end id="4299" timestamp="2019-08-09T17:55:45.399" durationms="2.974" />

<exclusive-start id="4300" timestamp="2019-08-09T17:55:45.412" intervalms="16.000">
  <response-info timems="0.025" idlems="0.025" threads="0" lastid="0000000001367F00" lastname="main" />
</exclusive-start>
<af-start id="4301" threadId="0000000001368888" totalBytesRequested="1168" timestamp="2019-08-09T17:55:45.412" intervalms="15.996" type="nursery" />
<cycle-start id="4302" type="scavenge" contextid="0" timestamp="2019-08-09T17:55:45.412" intervalms="15.985" />
<gc-start id="4303" type="scavenge" contextid="4302" timestamp="2019-08-09T17:55:45.412">
  <mem-info id="4304" free="1863816" total="134348800" percent="1">
    <mem type="nursery" free="0" total="114163712" percent="0">
      <mem type="allocate" free="0" total="102694912" percent="0" />
      <mem type="survivor" free="0" total="11468800" percent="0" />
    </mem>
    <mem type="tenure" free="1863816" total="20185088" percent="9">
      <mem type="soa" free="1662088" total="19983360" percent="8" />
      <mem type="loa" free="201728" total="201728" percent="100" />
    </mem>
    <remembered-set count="124" />
  </mem-info>
</gc-start>
<allocation-stats totalBytes="102013728" >
  <allocated-bytes non-tlh="1168" tlh="102012560" />
  <largest-consumer threadName="main" threadId="0000000001367F00" bytes="102013728" />
</allocation-stats>
<gc-op id="4305" type="scavenge" timems="4.201" contextid="4302" timestamp="2019-08-09T17:55:45.416">
  <scavenger-info tenureage="3" tenuremask="fff8" tiltratio="89" />
  <memory-copied type="nursery" objects="28" bytes="1968" bytesdiscarded="30288" />
</gc-op>
<heap-resize id="4306" type="expand" space="nursery" amount="12582912" count="1" timems="0.025" reason="excessive time being spent scavenging" timestamp="2019-08-09T17:55:45.416" />
<gc-end id="4307" type="scavenge" contextid="4302" durationms="4.359" usertimems="7.470" systemtimems="0.000" timestamp="2019-08-09T17:55:45.416" activeThreads="16">
  <mem-info id="4308" free="115798664" total="146931712" percent="78">
    <mem type="nursery" free="113934848" total="126746624" percent="89">
      <mem type="allocate" free="113934848" total="113967104" percent="99" />
      <mem type="survivor" free="0" total="12779520" percent="0" />
    </mem>
    <mem type="tenure" free="1863816" total="20185088" percent="9" macro-fragmented="0">
      <mem type="soa" free="1662088" total="19983360" percent="8" />
      <mem type="loa" free="201728" total="201728" percent="100" />
    </mem>
    <remembered-set count="114" />
  </mem-info>
</gc-end>
<cycle-end id="4309" type="scavenge" contextid="4302" timestamp="2019-08-09T17:55:45.417" />
  <attribute name="elasticGC enabled" value="1" />
  <attribute name= "numThreadsSpecified" value="16" />
  <attribute name="heapSize specified" value="47316992" />
  <attribute name="Current GC Util" value="25" />
  <attribute name= "Current Time Running" value="151345" />
  <attribute name ="GC Interval" value="2145" />
  <attribute name="Target GC Util Change" value ="80.000000" />
  <attribute name="Current GC Util Change" value="25.000000"/>
  <attribute name="Current Error" value="113.000000" />
  <attribute name="Output H" value="134424616"/>
  <attribute name="Output I" value="2144"/>
  <attribute name="Output T" value="16"/>
  <attribute name= "Current Time Running" value="151345" />
  <attribute name="GC Util currently" value="25" />
  <attribute name="CPU Util currently" value="72151795085" />
<allocation-satisfied id="4310" threadId="0000000001367F00" bytesRequested="1168" />
<af-end id="4311" timestamp="2019-08-09T17:55:45.417" threadId="0000000001368888" success="true" from="nursery"/>
<exclusive-end id="4312" timestamp="2019-08-09T17:55:45.417" durationms="4.605" />

<exclusive-start id="4313" timestamp="2019-08-09T17:55:45.433" intervalms="21.027">
  <response-info timems="0.026" idlems="0.026" threads="0" lastid="0000000001367F00" lastname="main" />
</exclusive-start>
<af-start id="4314" threadId="0000000001368888" totalBytesRequested="1168" timestamp="2019-08-09T17:55:45.433" intervalms="21.025" type="nursery" />
<cycle-start id="4315" type="scavenge" contextid="0" timestamp="2019-08-09T17:55:45.433" intervalms="21.026" />
<gc-start id="4316" type="scavenge" contextid="4315" timestamp="2019-08-09T17:55:45.433">
  <mem-info id="4317" free="1863816" total="146931712" percent="1">
    <mem type="nursery" free="0" total="126746624" percent="0">
      <mem type="allocate" free="0" total="113967104" percent="0" />
      <mem type="survivor" free="0" total="12779520" percent="0" />
    </mem>
    <mem type="tenure" free="1863816" total="20185088" percent="9">
      <mem type="soa" free="1662088" total="19983360" percent="8" />
      <mem type="loa" free="201728" total="201728" percent="100" />
    </mem>
    <remembered-set count="114" />
  </mem-info>
</gc-start>
<allocation-stats totalBytes="113221104" >
  <allocated-bytes non-tlh="1168" tlh="113219936" />
  <largest-consumer threadName="main" threadId="0000000001367F00" bytes="113221104" />
</allocation-stats>
<gc-op id="4318" type="scavenge" timems="0.756" contextid="4315" timestamp="2019-08-09T17:55:45.434">
  <scavenger-info tenureage="3" tenuremask="fff8" tiltratio="89" />
  <memory-copied type="nursery" objects="28" bytes="1968" bytesdiscarded="30288" />
</gc-op>
<gc-end id="4319" type="scavenge" contextid="4315" durationms="0.862" usertimems="1.576" systemtimems="0.000" timestamp="2019-08-09T17:55:45.434" activeThreads="16">
  <mem-info id="4320" free="115864200" total="146931712" percent="78">
    <mem type="nursery" free="114000384" total="126746624" percent="89">
      <mem type="allocate" free="114000384" total="114032640" percent="99" />
      <mem type="survivor" free="0" total="12713984" percent="0" />
    </mem>
    <mem type="tenure" free="1863816" total="20185088" percent="9" macro-fragmented="0">
      <mem type="soa" free="1662088" total="19983360" percent="8" />
      <mem type="loa" free="201728" total="201728" percent="100" />
    </mem>
    <remembered-set count="114" />
  </mem-info>
</gc-end>
<cycle-end id="4321" type="scavenge" contextid="4315" timestamp="2019-08-09T17:55:45.434" />
  <attribute name="elasticGC enabled" value="1" />
  <attribute name= "numThreadsSpecified" value="16" />
  <attribute name="heapSize specified" value="47316992" />
  <attribute name="Current GC Util" value="35" />
  <attribute name= "Current Time Running" value="151366" />
  <attribute name ="GC Interval" value="2193" />
  <attribute name="Target GC Util Change" value ="80.000000" />
  <attribute name="Current GC Util Change" value="35.000000"/>
  <attribute name="Current Error" value="158.000000" />
  <attribute name="Output H" value="147007576"/>
  <attribute name="Output I" value="2192"/>
  <attribute name="Output T" value="16"/>
  <attribute name= "Current Time Running" value="151366" />
  <attribute name="GC Util currently" value="35" />
  <attribute name="CPU Util currently" value="54732402299" />
<allocation-satisfied id="4322" threadId="0000000001367F00" bytesRequested="1168" />
<af-end id="4323" timestamp="2019-08-09T17:55:45.434" threadId="0000000001368888" success="true" from="nursery"/>
<exclusive-end id="4324" timestamp="2019-08-09T17:55:45.434" durationms="1.140" />

<exclusive-start id="4325" timestamp="2019-08-09T17:55:45.447" intervalms="13.521">
  <response-info timems="0.024" idlems="0.024" threads="0" lastid="0000000001367F00" lastname="main" />
</exclusive-start>
<af-start id="4326" threadId="0000000001368888" totalBytesRequested="1168" timestamp="2019-08-09T17:55:45.447" intervalms="13.527" type="nursery" />
<cycle-start id="4327" type="scavenge" contextid="0" timestamp="2019-08-09T17:55:45.447" intervalms="13.528" />
<gc-start id="4328" type="scavenge" contextid="4327" timestamp="2019-08-09T17:55:45.447">
  <mem-info id="4329" free="1863816" total="146931712" percent="1">
    <mem type="nursery" free="0" total="126746624" percent="0">
      <mem type="allocate" free="0" total="114032640" percent="0" />
      <mem type="survivor" free="0" total="12713984" percent="0" />
    </mem>
    <mem type="tenure" free="1863816" total="20185088" percent="9">
      <mem type="soa" free="1662088" total="19983360" percent="8" />
      <mem type="loa" free="201728" total="201728" percent="100" />
    </mem>
    <remembered-set count="114" />
  </mem-info>
</gc-start>
<allocation-stats totalBytes="113285584" >
  <allocated-bytes non-tlh="1168" tlh="113284416" />
  <largest-consumer threadName="main" threadId="0000000001367F00" bytes="113285584" />
</allocation-stats>
<gc-op id="4330" type="scavenge" timems="0.656" contextid="4327" timestamp="2019-08-09T17:55:45.447">
  <scavenger-info tenureage="3" tenuremask="fff8" tiltratio="89" />
  <memory-copied type="nursery" objects="2" bytes="64" bytesdiscarded="32192" />
  <memory-copied type="tenure" objects="26" bytes="1904" bytesdiscarded="0" />
</gc-op>
<gc-end id="4331" type="scavenge" contextid="4327" durationms="0.749" usertimems="1.053" systemtimems="0.000" timestamp="2019-08-09T17:55:45.447" activeThreads="16">
  <mem-info id="4332" free="115848072" total="146931712" percent="78">
    <mem type="nursery" free="114000384" total="126746624" percent="89">
      <mem type="allocate" free="114000384" total="114032640" percent="99" />
      <mem type="survivor" free="0" total="12713984" percent="0" />
    </mem>
    <mem type="tenure" free="1847688" total="20185088" percent="9" macro-fragmented="0">
      <mem type="soa" free="1645960" total="19983360" percent="8" />
      <mem type="loa" free="201728" total="201728" percent="100" />
    </mem>
    <remembered-set count="119" />
  </mem-info>
</gc-end>
<cycle-end id="4333" type="scavenge" contextid="4327" timestamp="2019-08-09T17:55:45.448" />
  <attribute name="elasticGC enabled" value="1" />
  <attribute name= "numThreadsSpecified" value="16" />
  <attribute name="heapSize specified" value="47316992" />
  <attribute name="Current GC Util" value="13" />
  <attribute name= "Current Time Running" value="151380" />
  <attribute name ="GC Interval" value="2273" />
  <attribute name="Target GC Util Change" value ="80.000000" />
  <attribute name="Current GC Util Change" value="13.000000"/>
  <attribute name="Current Error" value="225.000000" />
  <attribute name="Output H" value="147007656"/>
  <attribute name="Output I" value="2272"/>
  <attribute name="Output T" value="16"/>
  <attribute name= "Current Time Running" value="151380" />
  <attribute name="GC Util currently" value="13" />
  <attribute name="CPU Util currently" value="85248477808" />
<allocation-satisfied id="4334" threadId="0000000001367F00" bytesRequested="1168" />
<af-end id="4335" timestamp="2019-08-09T17:55:45.448" threadId="0000000001368888" success="true" from="nursery"/>
<exclusive-end id="4336" timestamp="2019-08-09T17:55:45.448" durationms="1.022" />

<exclusive-start id="4337" timestamp="2019-08-09T17:55:45.543" intervalms="96.234">
  <response-info timems="0.018" idlems="0.018" threads="0" lastid="0000000001367F00" lastname="main" />
</exclusive-start>
<af-start id="4338" threadId="0000000001368888" totalBytesRequested="304" timestamp="2019-08-09T17:55:45.543" intervalms="96.247" type="nursery" />
<cycle-start id="4339" type="scavenge" contextid="0" timestamp="2019-08-09T17:55:45.543" intervalms="96.241" />
<gc-start id="4340" type="scavenge" contextid="4339" timestamp="2019-08-09T17:55:45.543">
  <mem-info id="4341" free="1847688" total="146931712" percent="1">
    <mem type="nursery" free="0" total="126746624" percent="0">
      <mem type="allocate" free="0" total="114032640" percent="0" />
      <mem type="survivor" free="0" total="12713984" percent="0" />
    </mem>
    <mem type="tenure" free="1847688" total="20185088" percent="9">
      <mem type="soa" free="1645960" total="19983360" percent="8" />
      <mem type="loa" free="201728" total="201728" percent="100" />
    </mem>
    <remembered-set count="131" />
  </mem-info>
</gc-start>
<allocation-stats totalBytes="113972920" >
  <allocated-bytes non-tlh="1168" tlh="113971752" />
  <largest-consumer threadName="main" threadId="0000000001367F00" bytes="113972920" />
</allocation-stats>
<gc-op id="4342" type="scavenge" timems="0.603" contextid="4339" timestamp="2019-08-09T17:55:45.544">
  <scavenger-info tenureage="3" tenuremask="ffe8" tiltratio="89" />
  <memory-copied type="nursery" objects="79" bytes="2536" bytesdiscarded="61160" />
  <references type="weak" candidates="37" cleared="7" enqueued="3" />
</gc-op>
<gc-end id="4343" type="scavenge" contextid="4339" durationms="0.691" usertimems="1.034" systemtimems="0.000" timestamp="2019-08-09T17:55:45.544" activeThreads="16">
  <mem-info id="4344" free="115816584" total="146931712" percent="78">
    <mem type="nursery" free="113968896" total="126746624" percent="89">
      <mem type="allocate" free="113968896" total="114032640" percent="99" />
      <mem type="survivor" free="0" total="12713984" percent="0" />
    </mem>
    <mem type="tenure" free="1847688" total="20185088" percent="9" macro-fragmented="0">
      <mem type="soa" free="1645960" total="19983360" percent="8" />
      <mem type="loa" free="201728" total="201728" percent="100" />
    </mem>
    <pending-finalizers system="0" default="0" reference="3" classloader="0" />
    <remembered-set count="131" />
  </mem-info>
</gc-end>
<cycle-end id="4345" type="scavenge" contextid="4339" timestamp="2019-08-09T17:55:45.544" />
  <attribute name="elasticGC enabled" value="1" />
  <attribute name= "numThreadsSpecified" value="16" />
  <attribute name="heapSize specified" value="47316992" />
  <attribute name="Current GC Util" value="1" />
  <attribute name= "Current Time Running" value="151476" />
  <attribute name ="GC Interval" value="2361" />
  <attribute name="Target GC Util Change" value ="80.000000" />
  <attribute name="Current GC Util Change" value="1.000000"/>
  <attribute name="Current Error" value="304.000000" />
  <attribute name="Output H" value="147007744"/>
  <attribute name="Output I" value="2360"/>
  <attribute name="Output T" value="16"/>
  <attribute name= "Current Time Running" value="151476" />
  <attribute name="GC Util currently" value="1" />
  <attribute name="CPU Util currently" value="11986634641" />
<allocation-satisfied id="4346" threadId="0000000001367F00" bytesRequested="304" />
<af-end id="4347" timestamp="2019-08-09T17:55:45.544" threadId="0000000001368888" success="true" from="nursery"/>
<exclusive-end id="4348" timestamp="2019-08-09T17:55:45.544" durationms="0.924" />

<exclusive-start id="4349" timestamp="2019-08-09T17:55:45.565" intervalms="22.111">
  <response-info timems="0.022" idlems="0.022" threads="0" lastid="0000000001367F00" lastname="main" />
</exclusive-start>
<af-start id="4350" threadId="0000000001368888" totalBytesRequested="16" timestamp="2019-08-09T17:55:45.565" intervalms="22.087" type="nursery" />
<cycle-start id="4351" type="scavenge" contextid="0" timestamp="2019-08-09T17:55:45.565" intervalms="22.086" />
<gc-start id="4352" type="scavenge" contextid="4351" timestamp="2019-08-09T17:55:45.565">
  <mem-info id="4353" free="1847688" total="146931712" percent="1">
    <mem type="nursery" free="0" total="126746624" percent="0">
      <mem type="allocate" free="0" total="114032640" percent="0" />
      <mem type="survivor" free="0" total="12713984" percent="0" />
    </mem>
    <mem type="tenure" free="1847688" total="20185088" percent="9">
      <mem type="soa" free="1645960" total="19983360" percent="8" />
      <mem type="loa" free="201728" total="201728" percent="100" />
    </mem>
    <remembered-set count="132" />
  </mem-info>
</gc-start>
<allocation-stats totalBytes="113910616" >
  <allocated-bytes non-tlh="304" tlh="113910312" />
  <largest-consumer threadName="main" threadId="0000000001367F00" bytes="113910616" />
</allocation-stats>
<gc-op id="4354" type="scavenge" timems="2.216" contextid="4351" timestamp="2019-08-09T17:55:45.567">
  <scavenger-info tenureage="3" tenuremask="fff8" tiltratio="89" />
  <memory-copied type="nursery" objects="80" bytes="2456" bytesdiscarded="53608" />
  <references type="weak" candidates="30" cleared="0" enqueued="0" />
</gc-op>
<heap-resize id="4355" type="expand" space="nursery" amount="4587520" count="1" timems="0.018" reason="excessive time being spent scavenging" timestamp="2019-08-09T17:55:45.567" />
<gc-end id="4356" type="scavenge" contextid="4351" durationms="2.331" usertimems="3.523" systemtimems="0.000" timestamp="2019-08-09T17:55:45.567" activeThreads="16">
  <mem-info id="4357" free="119953032" total="151519232" percent="79">
    <mem type="nursery" free="118105344" total="131334144" percent="89">
      <mem type="allocate" free="118105344" total="118161408" percent="99" />
      <mem type="survivor" free="0" total="13172736" percent="0" />
    </mem>
    <mem type="tenure" free="1847688" total="20185088" percent="9" macro-fragmented="0">
      <mem type="soa" free="1645960" total="19983360" percent="8" />
      <mem type="loa" free="201728" total="201728" percent="100" />
    </mem>
    <remembered-set count="122" />
  </mem-info>
</gc-end>
<cycle-end id="4358" type="scavenge" contextid="4351" timestamp="2019-08-09T17:55:45.567" />
  <attribute name="elasticGC enabled" value="1" />
  <attribute name= "numThreadsSpecified" value="16" />
  <attribute name="heapSize specified" value="47316992" />
  <attribute name="Current GC Util" value="5" />
  <attribute name= "Current Time Running" value="151498" />
  <attribute name ="GC Interval" value="2449" />
  <attribute name="Target GC Util Change" value ="80.000000" />
  <attribute name="Current GC Util Change" value="5.000000"/>
  <attribute name="Current Error" value="379.000000" />
  <attribute name="Output H" value="147007832"/>
  <attribute name="Output I" value="2448"/>
  <attribute name="Output T" value="16"/>
  <attribute name= "Current Time Running" value="151498" />
  <attribute name="GC Util currently" value="5" />
  <attribute name="CPU Util currently" value="52173085544" />
<allocation-satisfied id="4359" threadId="0000000001367F00" bytesRequested="16" />
<af-end id="4360" timestamp="2019-08-09T17:55:45.567" threadId="0000000001368888" success="true" from="nursery"/>
<exclusive-end id="4361" timestamp="2019-08-09T17:55:45.567" durationms="2.553" />

<exclusive-start id="4362" timestamp="2019-08-09T17:55:45.590" intervalms="25.325">
  <response-info timems="0.024" idlems="0.024" threads="0" lastid="0000000001367F00" lastname="main" />
</exclusive-start>
<af-start id="4363" threadId="0000000001368888" totalBytesRequested="40" timestamp="2019-08-09T17:55:45.590" intervalms="25.335" type="nursery" />
<cycle-start id="4364" type="scavenge" contextid="0" timestamp="2019-08-09T17:55:45.590" intervalms="25.343" />
<gc-start id="4365" type="scavenge" contextid="4364" timestamp="2019-08-09T17:55:45.590">
  <mem-info id="4366" free="1847688" total="151519232" percent="1">
    <mem type="nursery" free="0" total="131334144" percent="0">
      <mem type="allocate" free="0" total="118161408" percent="0" />
      <mem type="survivor" free="0" total="13172736" percent="0" />
    </mem>
    <mem type="tenure" free="1847688" total="20185088" percent="9">
      <mem type="soa" free="1645960" total="19983360" percent="8" />
      <mem type="loa" free="201728" total="201728" percent="100" />
    </mem>
    <remembered-set count="124" />
  </mem-info>
</gc-start>
<allocation-stats totalBytes="118038856" >
  <allocated-bytes non-tlh="16" tlh="118038840" />
  <largest-consumer threadName="main" threadId="0000000001367F00" bytes="118038856" />
</allocation-stats>
<gc-op id="4367" type="scavenge" timems="0.733" contextid="4364" timestamp="2019-08-09T17:55:45.592">
  <scavenger-info tenureage="3" tenuremask="fff8" tiltratio="89" />
  <memory-copied type="nursery" objects="84" bytes="2672" bytesdiscarded="61072" />
  <references type="weak" candidates="30" cleared="0" enqueued="0" />
</gc-op>
<gc-end id="4368" type="scavenge" contextid="4364" durationms="1.774" usertimems="2.424" systemtimems="0.000" timestamp="2019-08-09T17:55:45.592" activeThreads="16">
  <mem-info id="4369" free="119945352" total="151519232" percent="79">
    <mem type="nursery" free="118097664" total="131334144" percent="89">
      <mem type="allocate" free="118097664" total="118161408" percent="99" />
      <mem type="survivor" free="0" total="13172736" percent="0" />
    </mem>
    <mem type="tenure" free="1847688" total="20185088" percent="9" macro-fragmented="0">
      <mem type="soa" free="1645960" total="19983360" percent="8" />
      <mem type="loa" free="201728" total="201728" percent="100" />
    </mem>
    <remembered-set count="124" />
  </mem-info>
</gc-end>
<cycle-end id="4370" type="scavenge" contextid="4364" timestamp="2019-08-09T17:55:45.592" />
  <attribute name="elasticGC enabled" value="1" />
  <attribute name= "numThreadsSpecified" value="16" />
  <attribute name="heapSize specified" value="47316992" />
  <attribute name="Current GC Util" value="13" />
  <attribute name= "Current Time Running" value="151524" />
  <attribute name ="GC Interval" value="2089" />
  <attribute name="Target GC Util Change" value ="80.000000" />
  <attribute name="Current GC Util Change" value="13.000000"/>
  <attribute name="Current Error" value="67.000000" />
  <attribute name="Output H" value="151594992"/>
  <attribute name="Output I" value="2088"/>
  <attribute name="Output T" value="16"/>
  <attribute name= "Current Time Running" value="151524" />
  <attribute name="GC Util currently" value="13" />
  <attribute name="CPU Util currently" value="43826563263" />
<allocation-satisfied id="4371" threadId="0000000001367F00" bytesRequested="40" />
<af-end id="4372" timestamp="2019-08-09T17:55:45.592" threadId="0000000001368888" success="true" from="nursery"/>
<exclusive-end id="4373" timestamp="2019-08-09T17:55:45.592" durationms="2.035" />

<exclusive-start id="4374" timestamp="2019-08-09T17:55:45.623" intervalms="32.603">
  <response-info timems="0.022" idlems="0.022" threads="0" lastid="0000000001367F00" lastname="main" />
</exclusive-start>
<af-start id="4375" threadId="0000000001368888" totalBytesRequested="32" timestamp="2019-08-09T17:55:45.623" intervalms="32.594" type="nursery" />
<cycle-start id="4376" type="scavenge" contextid="0" timestamp="2019-08-09T17:55:45.623" intervalms="32.588" />
<gc-start id="4377" type="scavenge" contextid="4376" timestamp="2019-08-09T17:55:45.623">
  <mem-info id="4378" free="1847688" total="151519232" percent="1">
    <mem type="nursery" free="0" total="131334144" percent="0">
      <mem type="allocate" free="0" total="118161408" percent="0" />
      <mem type="survivor" free="0" total="13172736" percent="0" />
    </mem>
    <mem type="tenure" free="1847688" total="20185088" percent="9">
      <mem type="soa" free="1645960" total="19983360" percent="8" />
      <mem type="loa" free="201728" total="201728" percent="100" />
    </mem>
    <remembered-set count="126" />
  </mem-info>
</gc-start>
<allocation-stats totalBytes="118019472" >
  <allocated-bytes non-tlh="40" tlh="118019432" />
  <largest-consumer threadName="main" threadId="0000000001367F00" bytes="118019472" />
</allocation-stats>
<gc-op id="4379" type="scavenge" timems="0.901" contextid="4376" timestamp="2019-08-09T17:55:45.624">
  <scavenger-info tenureage="4" tenuremask="fff0" tiltratio="89" />
  <memory-copied type="nursery" objects="112" bytes="3768" bytesdiscarded="76104" />
  <references type="weak" candidates="30" cleared="0" enqueued="0" />
</gc-op>
<gc-end id="4380" type="scavenge" contextid="4376" durationms="0.993" usertimems="2.166" systemtimems="0.000" timestamp="2019-08-09T17:55:45.624" activeThreads="16">
  <mem-info id="4381" free="119929224" total="151519232" percent="79">
    <mem type="nursery" free="118081536" total="131334144" percent="89">
      <mem type="allocate" free="118081536" total="118161408" percent="99" />
      <mem type="survivor" free="0" total="13172736" percent="0" />
    </mem>
    <mem type="tenure" free="1847688" total="20185088" percent="9" macro-fragmented="0">
      <mem type="soa" free="1645960" total="19983360" percent="8" />
      <mem type="loa" free="201728" total="201728" percent="100" />
    </mem>
    <remembered-set count="126" />
  </mem-info>
</gc-end>
<cycle-end id="4382" type="scavenge" contextid="4376" timestamp="2019-08-09T17:55:45.624" />
  <attribute name="elasticGC enabled" value="1" />
  <attribute name= "numThreadsSpecified" value="16" />
  <attribute name="heapSize specified" value="47316992" />
  <attribute name="Current GC Util" value="7" />
  <attribute name= "Current Time Running" value="151556" />
  <attribute name ="GC Interval" value="2177" />
  <attribute name="Target GC Util Change" value ="80.000000" />
  <attribute name="Current GC Util Change" value="7.000000"/>
  <attribute name="Current Error" value="140.000000" />
  <attribute name="Output H" value="151595080"/>
  <attribute name="Output I" value="2176"/>
  <attribute name="Output T" value="16"/>
  <attribute name= "Current Time Running" value="151556" />
  <attribute name="GC Util currently" value="7" />
  <attribute name="CPU Util currently" value="36438201926" />
<allocation-satisfied id="4383" threadId="0000000001367F00" bytesRequested="32" />
<af-end id="4384" timestamp="2019-08-09T17:55:45.624" threadId="0000000001368888" success="true" from="nursery"/>
<exclusive-end id="4385" timestamp="2019-08-09T17:55:45.624" durationms="1.245" />

<exclusive-start id="4386" timestamp="2019-08-09T17:55:45.894" intervalms="270.769">
  <response-info timems="0.014" idlems="0.014" threads="0" lastid="0000000001367F00" lastname="main" />
</exclusive-start>
<af-start id="4387" threadId="0000000001368888" totalBytesRequested="32" timestamp="2019-08-09T17:55:45.894" intervalms="270.769" type="nursery" />
<cycle-start id="4388" type="scavenge" contextid="0" timestamp="2019-08-09T17:55:45.894" intervalms="270.767" />
<gc-start id="4389" type="scavenge" contextid="4388" timestamp="2019-08-09T17:55:45.894">
  <mem-info id="4390" free="1847688" total="151519232" percent="1">
    <mem type="nursery" free="0" total="131334144" percent="0">
      <mem type="allocate" free="0" total="118161408" percent="0" />
      <mem type="survivor" free="0" total="13172736" percent="0" />
    </mem>
    <mem type="tenure" free="1847688" total="20185088" percent="9">
      <mem type="soa" free="1645960" total="19983360" percent="8" />
      <mem type="loa" free="201728" total="201728" percent="100" />
    </mem>
    <remembered-set count="140" />
  </mem-info>
</gc-start>
<allocation-stats totalBytes="118066440" >
  <allocated-bytes non-tlh="32" tlh="118066408" />
  <largest-consumer threadName="main" threadId="0000000001367F00" bytes="118066440" />
</allocation-stats>
<gc-op id="4391" type="scavenge" timems="0.631" contextid="4388" timestamp="2019-08-09T17:55:45.894">
  <scavenger-info tenureage="3" tenuremask="fff8" tiltratio="89" />
  <memory-copied type="nursery" objects="179" bytes="8488" bytesdiscarded="55256" />
  <memory-copied type="tenure" objects="62" bytes="1760" bytesdiscarded="0" />
</gc-op>
<gc-end id="4392" type="scavenge" contextid="4388" durationms="0.915" usertimems="1.215" systemtimems="0.000" timestamp="2019-08-09T17:55:45.895" activeThreads="16">
  <mem-info id="4393" free="119945352" total="151519232" percent="79">
    <mem type="nursery" free="118097664" total="131334144" percent="89">
      <mem type="allocate" free="118097664" total="118161408" percent="99" />
      <mem type="survivor" free="0" total="13172736" percent="0" />
    </mem>
    <mem type="tenure" free="1847688" total="20185088" percent="9" macro-fragmented="0">
      <mem type="soa" free="1645960" total="19983360" percent="8" />
      <mem type="loa" free="201728" total="201728" percent="100" />
    </mem>
    <remembered-set count="128" />
  </mem-info>
</gc-end>
<cycle-end id="4394" type="scavenge" contextid="4388" timestamp="2019-08-09T17:55:45.895" />
  <attribute name="elasticGC enabled" value="1" />
  <attribute name= "numThreadsSpecified" value="16" />
  <attribute name="heapSize specified" value="47316992" />
  <attribute name="Current GC Util" value="0" />
  <attribute name= "Current Time Running" value="151827" />
  <attribute name ="GC Interval" value="2265" />
  <attribute name="Target GC Util Change" value ="80.000000" />
  <attribute name="Current GC Util Change" value="0.000000"/>
  <attribute name="Current Error" value="220.000000" />
  <attribute name="Output H" value="151595168"/>
  <attribute name="Output I" value="2264"/>
  <attribute name="Output T" value="16"/>
  <attribute name= "Current Time Running" value="151827" />
  <attribute name="GC Util currently" value="0" />
  <attribute name="CPU Util currently" value="4257857667" />
<allocation-satisfied id="4395" threadId="0000000001367F00" bytesRequested="32" />
<af-end id="4396" timestamp="2019-08-09T17:55:45.895" threadId="0000000001368888" success="true" from="nursery"/>
<exclusive-end id="4397" timestamp="2019-08-09T17:55:45.895" durationms="1.130" />

<exclusive-start id="4398" timestamp="2019-08-09T17:55:46.043" intervalms="149.304">
  <response-info timems="0.015" idlems="0.015" threads="0" lastid="0000000001367F00" lastname="main" />
</exclusive-start>
<af-start id="4399" threadId="0000000001368888" totalBytesRequested="80" timestamp="2019-08-09T17:55:46.043" intervalms="149.302" type="nursery" />
<cycle-start id="4400" type="scavenge" contextid="0" timestamp="2019-08-09T17:55:46.043" intervalms="149.303" />
<gc-start id="4401" type="scavenge" contextid="4400" timestamp="2019-08-09T17:55:46.043">
  <mem-info id="4402" free="1847688" total="151519232" percent="1">
    <mem type="nursery" free="0" total="131334144" percent="0">
      <mem type="allocate" free="0" total="118161408" percent="0" />
      <mem type="survivor" free="0" total="13172736" percent="0" />
    </mem>
    <mem type="tenure" free="1847688" total="20185088" percent="9">
      <mem type="soa" free="1645960" total="19983360" percent="8" />
      <mem type="loa" free="201728" total="201728" percent="100" />
    </mem>
    <remembered-set count="142" />
  </mem-info>
</gc-start>
<allocation-stats totalBytes="118073400" >
  <allocated-bytes non-tlh="32" tlh="118073368" />
  <largest-consumer threadName="main" threadId="0000000001367F00" bytes="118073400" />
</allocation-stats>
<gc-op id="4403" type="scavenge" timems="0.554" contextid="4400" timestamp="2019-08-09T17:55:46.044">
  <scavenger-info tenureage="3" tenuremask="ffd8" tiltratio="89" />
  <memory-copied type="nursery" objects="113" bytes="3376" bytesdiscarded="28880" />
  <memory-copied type="tenure" objects="6" bytes="144" bytesdiscarded="0" />
</gc-op>
<gc-end id="4404" type="scavenge" contextid="4400" durationms="0.904" usertimems="1.104" systemtimems="0.000" timestamp="2019-08-09T17:55:46.044" activeThreads="16">
  <mem-info id="4405" free="119976840" total="151519232" percent="79">
    <mem type="nursery" free="118129152" total="131334144" percent="89">
      <mem type="allocate" free="118129152" total="118161408" percent="99" />
      <mem type="survivor" free="0" total="13172736" percent="0" />
    </mem>
    <mem type="tenure" free="1847688" total="20185088" percent="9" macro-fragmented="0">
      <mem type="soa" free="1645960" total="19983360" percent="8" />
      <mem type="loa" free="201728" total="201728" percent="100" />
    </mem>
    <remembered-set count="140" />
  </mem-info>
</gc-end>
<cycle-end id="4406" type="scavenge" contextid="4400" timestamp="2019-08-09T17:55:46.044" />
  <attribute name="elasticGC enabled" value="1" />
  <attribute name= "numThreadsSpecified" value="16" />
  <attribute name="heapSize specified" value="47316992" />
  <attribute name="Current GC Util" value="0" />
  <attribute name= "Current Time Running" value="151976" />
  <attribute name ="GC Interval" value="2361" />
  <attribute name="Target GC Util Change" value ="80.000000" />
  <attribute name="Current GC Util Change" value="0.000000"/>
  <attribute name="Current Error" value="300.000000" />
  <attribute name="Output H" value="151595264"/>
  <attribute name="Output I" value="2360"/>
  <attribute name="Output T" value="16"/>
  <attribute name= "Current Time Running" value="151976" />
  <attribute name="GC Util currently" value="0" />
  <attribute name="CPU Util currently" value="7722698075" />
<allocation-satisfied id="4407" threadId="0000000001367F00" bytesRequested="80" />
<af-end id="4408" timestamp="2019-08-09T17:55:46.044" threadId="0000000001368888" success="true" from="nursery"/>
<exclusive-end id="4409" timestamp="2019-08-09T17:55:46.044" durationms="1.133" />

<exclusive-start id="4410" timestamp="2019-08-09T17:55:46.173" intervalms="130.475">
  <response-info timems="0.020" idlems="0.020" threads="0" lastid="0000000001367F00" lastname="main" />
</exclusive-start>
<af-start id="4411" threadId="0000000001368888" totalBytesRequested="16" timestamp="2019-08-09T17:55:46.173" intervalms="130.482" type="nursery" />
<cycle-start id="4412" type="scavenge" contextid="0" timestamp="2019-08-09T17:55:46.173" intervalms="130.487" />
<gc-start id="4413" type="scavenge" contextid="4412" timestamp="2019-08-09T17:55:46.173">
  <mem-info id="4414" free="1847688" total="151519232" percent="1">
    <mem type="nursery" free="0" total="131334144" percent="0">
      <mem type="allocate" free="0" total="118161408" percent="0" />
      <mem type="survivor" free="0" total="13172736" percent="0" />
    </mem>
    <mem type="tenure" free="1847688" total="20185088" percent="9">
      <mem type="soa" free="1645960" total="19983360" percent="8" />
      <mem type="loa" free="201728" total="201728" percent="100" />
    </mem>
    <remembered-set count="146" />
  </mem-info>
</gc-start>
<allocation-stats totalBytes="118110528" >
  <allocated-bytes non-tlh="80" tlh="118110448" />
  <largest-consumer threadName="main" threadId="0000000001367F00" bytes="118110528" />
</allocation-stats>
<gc-op id="4415" type="scavenge" timems="3.506" contextid="4412" timestamp="2019-08-09T17:55:46.177">
  <scavenger-info tenureage="3" tenuremask="ffe8" tiltratio="89" />
  <memory-copied type="nursery" objects="115" bytes="3064" bytesdiscarded="29192" />
  <memory-copied type="tenure" objects="6" bytes="144" bytesdiscarded="0" />
</gc-op>
<gc-end id="4416" type="scavenge" contextid="4412" durationms="3.776" usertimems="7.219" systemtimems="0.000" timestamp="2019-08-09T17:55:46.177" activeThreads="16">
  <mem-info id="4417" free="119976840" total="151519232" percent="79">
    <mem type="nursery" free="118129152" total="131334144" percent="89">
      <mem type="allocate" free="118129152" total="118161408" percent="99" />
      <mem type="survivor" free="0" total="13172736" percent="0" />
    </mem>
    <mem type="tenure" free="1847688" total="20185088" percent="9" macro-fragmented="0">
      <mem type="soa" free="1645960" total="19983360" percent="8" />
      <mem type="loa" free="201728" total="201728" percent="100" />
    </mem>
    <remembered-set count="144" />
  </mem-info>
</gc-end>
<cycle-end id="4418" type="scavenge" contextid="4412" timestamp="2019-08-09T17:55:46.177" />
  <attribute name="elasticGC enabled" value="1" />
  <attribute name= "numThreadsSpecified" value="16" />
  <attribute name="heapSize specified" value="47316992" />
  <attribute name="Current GC Util" value="0" />
  <attribute name= "Current Time Running" value="152107" />
  <attribute name ="GC Interval" value="2449" />
  <attribute name="Target GC Util Change" value ="80.000000" />
  <attribute name="Current GC Util Change" value="0.000000"/>
  <attribute name="Current Error" value="380.000000" />
  <attribute name="Output H" value="151595352"/>
  <attribute name="Output I" value="2448"/>
  <attribute name="Output T" value="16"/>
  <attribute name= "Current Time Running" value="152107" />
  <attribute name="GC Util currently" value="0" />
  <attribute name="CPU Util currently" value="8836076842" />
<allocation-satisfied id="4419" threadId="0000000001367F00" bytesRequested="16" />
<af-end id="4420" timestamp="2019-08-09T17:55:46.177" threadId="0000000001368888" success="true" from="nursery"/>
<exclusive-end id="4421" timestamp="2019-08-09T17:55:46.177" durationms="4.014" />

<exclusive-start id="4422" timestamp="2019-08-09T17:55:46.377" intervalms="204.004">
  <response-info timems="0.026" idlems="0.026" threads="0" lastid="0000000001367F00" lastname="main" />
</exclusive-start>
<af-start id="4423" threadId="0000000001368888" totalBytesRequested="16" timestamp="2019-08-09T17:55:46.377" intervalms="204.009" type="nursery" />
<cycle-start id="4424" type="scavenge" contextid="0" timestamp="2019-08-09T17:55:46.377" intervalms="204.009" />
<gc-start id="4425" type="scavenge" contextid="4424" timestamp="2019-08-09T17:55:46.377">
  <mem-info id="4426" free="1847688" total="151519232" percent="1">
    <mem type="nursery" free="0" total="131334144" percent="0">
      <mem type="allocate" free="0" total="118161408" percent="0" />
      <mem type="survivor" free="0" total="13172736" percent="0" />
    </mem>
    <mem type="tenure" free="1847688" total="20185088" percent="9">
      <mem type="soa" free="1645960" total="19983360" percent="8" />
      <mem type="loa" free="201728" total="201728" percent="100" />
    </mem>
    <remembered-set count="158" />
  </mem-info>
</gc-start>
<allocation-stats totalBytes="118121800" >
  <allocated-bytes non-tlh="16" tlh="118121784" />
  <largest-consumer threadName="main" threadId="0000000001367F00" bytes="118121800" />
</allocation-stats>
<gc-op id="4427" type="scavenge" timems="1.605" contextid="4424" timestamp="2019-08-09T17:55:46.379">
  <scavenger-info tenureage="3" tenuremask="ffe8" tiltratio="89" />
  <memory-copied type="nursery" objects="111" bytes="2920" bytesdiscarded="29336" />
  <memory-copied type="tenure" objects="42" bytes="1008" bytesdiscarded="0" />
</gc-op>
<gc-end id="4428" type="scavenge" contextid="4424" durationms="1.897" usertimems="1.887" systemtimems="0.000" timestamp="2019-08-09T17:55:46.379" activeThreads="16">
  <mem-info id="4429" free="119976840" total="151519232" percent="79">
    <mem type="nursery" free="118129152" total="131334144" percent="89">
      <mem type="allocate" free="118129152" total="118161408" percent="99" />
      <mem type="survivor" free="0" total="13172736" percent="0" />
    </mem>
    <mem type="tenure" free="1847688" total="20185088" percent="9" macro-fragmented="0">
      <mem type="soa" free="1645960" total="19983360" percent="8" />
      <mem type="loa" free="201728" total="201728" percent="100" />
    </mem>
    <remembered-set count="144" />
  </mem-info>
</gc-end>
<cycle-end id="4430" type="scavenge" contextid="4424" timestamp="2019-08-09T17:55:46.379" />
  <attribute name="elasticGC enabled" value="1" />
  <attribute name= "numThreadsSpecified" value="16" />
  <attribute name="heapSize specified" value="47316992" />
  <attribute name="Current GC Util" value="3" />
  <attribute name= "Current Time Running" value="152311" />
  <attribute name ="GC Interval" value="2537" />
  <attribute name="Target GC Util Change" value ="80.000000" />
  <attribute name="Current GC Util Change" value="3.000000"/>
  <attribute name="Current Error" value="457.000000" />
  <attribute name="Output H" value="151595440"/>
  <attribute name="Output I" value="2536"/>
  <attribute name="Output T" value="16"/>
  <attribute name= "Current Time Running" value="152311" />
  <attribute name="GC Util currently" value="3" />
  <attribute name="CPU Util currently" value="5651849356" />
<allocation-satisfied id="4431" threadId="0000000001367F00" bytesRequested="16" />
<af-end id="4432" timestamp="2019-08-09T17:55:46.380" threadId="0000000001368888" success="true" from="nursery"/>
<exclusive-end id="4433" timestamp="2019-08-09T17:55:46.380" durationms="2.214" />

<exclusive-start id="4434" timestamp="2019-08-09T17:55:46.541" intervalms="163.701">
  <response-info timems="0.014" idlems="0.014" threads="0" lastid="0000000001367F00" lastname="main" />
</exclusive-start>
<af-start id="4435" threadId="0000000001368888" totalBytesRequested="208" timestamp="2019-08-09T17:55:46.541" intervalms="163.688" type="nursery" />
<cycle-start id="4436" type="scavenge" contextid="0" timestamp="2019-08-09T17:55:46.541" intervalms="163.681" />
<gc-start id="4437" type="scavenge" contextid="4436" timestamp="2019-08-09T17:55:46.541">
  <mem-info id="4438" free="1847688" total="151519232" percent="1">
    <mem type="nursery" free="0" total="131334144" percent="0">
      <mem type="allocate" free="0" total="118161408" percent="0" />
      <mem type="survivor" free="0" total="13172736" percent="0" />
    </mem>
    <mem type="tenure" free="1847688" total="20185088" percent="9">
      <mem type="soa" free="1645960" total="19983360" percent="8" />
      <mem type="loa" free="201728" total="201728" percent="100" />
    </mem>
    <remembered-set count="154" />
  </mem-info>
</gc-start>
<allocation-stats totalBytes="118120968" >
  <allocated-bytes non-tlh="16" tlh="118120952" />
  <largest-consumer threadName="main" threadId="0000000001367F00" bytes="118120968" />
</allocation-stats>
<gc-op id="4439" type="scavenge" timems="1.994" contextid="4436" timestamp="2019-08-09T17:55:46.543">
  <scavenger-info tenureage="3" tenuremask="ffe8" tiltratio="89" />
  <memory-copied type="nursery" objects="118" bytes="3752" bytesdiscarded="28504" />
  <memory-copied type="tenure" objects="35" bytes="936" bytesdiscarded="0" />
</gc-op>
<gc-end id="4440" type="scavenge" contextid="4436" durationms="2.268" usertimems="3.597" systemtimems="0.000" timestamp="2019-08-09T17:55:46.543" activeThreads="16">
  <mem-info id="4441" free="119976840" total="151519232" percent="79">
    <mem type="nursery" free="118129152" total="131334144" percent="89">
      <mem type="allocate" free="118129152" total="118161408" percent="99" />
      <mem type="survivor" free="0" total="13172736" percent="0" />
    </mem>
    <mem type="tenure" free="1847688" total="20185088" percent="9" macro-fragmented="0">
      <mem type="soa" free="1645960" total="19983360" percent="8" />
      <mem type="loa" free="201728" total="201728" percent="100" />
    </mem>
    <remembered-set count="140" />
  </mem-info>
</gc-end>
<cycle-end id="4442" type="scavenge" contextid="4436" timestamp="2019-08-09T17:55:46.543" />
  <attribute name="elasticGC enabled" value="1" />
  <attribute name= "numThreadsSpecified" value="16" />
  <attribute name="heapSize specified" value="47316992" />
  <attribute name="Current GC Util" value="1" />
  <attribute name= "Current Time Running" value="152474" />
  <attribute name ="GC Interval" value="2105" />
  <attribute name="Target GC Util Change" value ="80.000000" />
  <attribute name="Current GC Util Change" value="1.000000"/>
  <attribute name="Current Error" value="79.000000" />
  <attribute name="Output H" value="151595008"/>
  <attribute name="Output I" value="2104"/>
  <attribute name="Output T" value="16"/>
  <attribute name= "Current Time Running" value="152474" />
  <attribute name="GC Util currently" value="1" />
  <attribute name="CPU Util currently" value="7043734900" />
<allocation-satisfied id="4443" threadId="0000000001367F00" bytesRequested="208" />
<af-end id="4444" timestamp="2019-08-09T17:55:46.544" threadId="0000000001368888" success="true" from="nursery"/>
<exclusive-end id="4445" timestamp="2019-08-09T17:55:46.544" durationms="2.468" />

<exclusive-start id="4446" timestamp="2019-08-09T17:55:46.652" intervalms="111.143">
  <response-info timems="0.017" idlems="0.017" threads="0" lastid="0000000001367F00" lastname="main" />
</exclusive-start>
<af-start id="4447" threadId="0000000001368888" totalBytesRequested="584" timestamp="2019-08-09T17:55:46.652" intervalms="111.154" type="nursery" />
<cycle-start id="4448" type="scavenge" contextid="0" timestamp="2019-08-09T17:55:46.652" intervalms="111.157" />
<gc-start id="4449" type="scavenge" contextid="4448" timestamp="2019-08-09T17:55:46.652">
  <mem-info id="4450" free="1847688" total="151519232" percent="1">
    <mem type="nursery" free="0" total="131334144" percent="0">
      <mem type="allocate" free="0" total="118161408" percent="0" />
      <mem type="survivor" free="0" total="13172736" percent="0" />
    </mem>
    <mem type="tenure" free="1847688" total="20185088" percent="9">
      <mem type="soa" free="1645960" total="19983360" percent="8" />
      <mem type="loa" free="201728" total="201728" percent="100" />
    </mem>
    <remembered-set count="144" />
  </mem-info>
</gc-start>
<allocation-stats totalBytes="118080568" >
  <allocated-bytes non-tlh="208" tlh="118080360" />
  <largest-consumer threadName="main" threadId="0000000001367F00" bytes="118080568" />
</allocation-stats>
<gc-op id="4451" type="scavenge" timems="1.475" contextid="4448" timestamp="2019-08-09T17:55:46.654">
  <scavenger-info tenureage="3" tenuremask="ffe8" tiltratio="89" />
  <memory-copied type="nursery" objects="101" bytes="3128" bytesdiscarded="13000" />
  <memory-copied type="tenure" objects="18" bytes="432" bytesdiscarded="0" />
</gc-op>
<gc-end id="4452" type="scavenge" contextid="4448" durationms="1.788" usertimems="3.172" systemtimems="0.000" timestamp="2019-08-09T17:55:46.654" activeThreads="16">
  <mem-info id="4453" free="119992968" total="151519232" percent="79">
    <mem type="nursery" free="118145280" total="131334144" percent="89">
      <mem type="allocate" free="118145280" total="118161408" percent="99" />
      <mem type="survivor" free="0" total="13172736" percent="0" />
    </mem>
    <mem type="tenure" free="1847688" total="20185088" percent="9" macro-fragmented="0">
      <mem type="soa" free="1645960" total="19983360" percent="8" />
      <mem type="loa" free="201728" total="201728" percent="100" />
    </mem>
    <remembered-set count="138" />
  </mem-info>
</gc-end>
<cycle-end id="4454" type="scavenge" contextid="4448" timestamp="2019-08-09T17:55:46.654" />
  <attribute name="elasticGC enabled" value="1" />
  <attribute name= "numThreadsSpecified" value="16" />
  <attribute name="heapSize specified" value="47316992" />
  <attribute name="Current GC Util" value="3" />
  <attribute name= "Current Time Running" value="152586" />
  <attribute name ="GC Interval" value="2193" />
  <attribute name="Target GC Util Change" value ="80.000000" />
  <attribute name="Current GC Util Change" value="3.000000"/>
  <attribute name="Current Error" value="156.000000" />
  <attribute name="Output H" value="151595096"/>
  <attribute name="Output I" value="2192"/>
  <attribute name="Output T" value="16"/>
  <attribute name= "Current Time Running" value="152586" />
  <attribute name="GC Util currently" value="3" />
  <attribute name="CPU Util currently" value="10370110914" />
<allocation-satisfied id="4455" threadId="0000000001367F00" bytesRequested="584" />
<af-end id="4456" timestamp="2019-08-09T17:55:46.654" threadId="0000000001368888" success="true" from="nursery"/>
<exclusive-end id="4457" timestamp="2019-08-09T17:55:46.654" durationms="2.027" />

<exclusive-start id="4458" timestamp="2019-08-09T17:55:46.669" intervalms="17.242">
  <response-info timems="0.034" idlems="0.034" threads="0" lastid="0000000001367F00" lastname="main" />
</exclusive-start>
<af-start id="4459" threadId="0000000001368888" totalBytesRequested="544" timestamp="2019-08-09T17:55:46.670" intervalms="17.264" type="nursery" />
<cycle-start id="4460" type="scavenge" contextid="0" timestamp="2019-08-09T17:55:46.670" intervalms="17.270" />
<gc-start id="4461" type="scavenge" contextid="4460" timestamp="2019-08-09T17:55:46.670">
  <mem-info id="4462" free="1847688" total="151519232" percent="1">
    <mem type="nursery" free="0" total="131334144" percent="0">
      <mem type="allocate" free="0" total="118161408" percent="0" />
      <mem type="survivor" free="0" total="13172736" percent="0" />
    </mem>
    <mem type="tenure" free="1847688" total="20185088" percent="9">
      <mem type="soa" free="1645960" total="19983360" percent="8" />
      <mem type="loa" free="201728" total="201728" percent="100" />
    </mem>
    <remembered-set count="138" />
  </mem-info>
</gc-start>
<allocation-stats totalBytes="117938912" >
  <allocated-bytes non-tlh="584" tlh="117938328" />
  <largest-consumer threadName="main" threadId="0000000001367F00" bytes="117938912" />
</allocation-stats>
<gc-op id="4463" type="scavenge" timems="0.857" contextid="4460" timestamp="2019-08-09T17:55:46.670">
  <scavenger-info tenureage="3" tenuremask="ffe8" tiltratio="89" />
  <memory-copied type="nursery" objects="60" bytes="2144" bytesdiscarded="30112" />
  <memory-copied type="tenure" objects="42" bytes="1008" bytesdiscarded="0" />
</gc-op>
<gc-end id="4464" type="scavenge" contextid="4460" durationms="1.152" usertimems="1.892" systemtimems="0.000" timestamp="2019-08-09T17:55:46.671" activeThreads="16">
  <mem-info id="4465" free="119976840" total="151519232" percent="79">
    <mem type="nursery" free="118129152" total="131334144" percent="89">
      <mem type="allocate" free="118129152" total="118161408" percent="99" />
      <mem type="survivor" free="0" total="13172736" percent="0" />
    </mem>
    <mem type="tenure" free="1847688" total="20185088" percent="9" macro-fragmented="0">
      <mem type="soa" free="1645960" total="19983360" percent="8" />
      <mem type="loa" free="201728" total="201728" percent="100" />
    </mem>
    <remembered-set count="124" />
  </mem-info>
</gc-end>
<cycle-end id="4466" type="scavenge" contextid="4460" timestamp="2019-08-09T17:55:46.671" />
  <attribute name="elasticGC enabled" value="1" />
  <attribute name= "numThreadsSpecified" value="16" />
  <attribute name="heapSize specified" value="47316992" />
  <attribute name="Current GC Util" value="17" />
  <attribute name= "Current Time Running" value="152603" />
  <attribute name ="GC Interval" value="2265" />
  <attribute name="Target GC Util Change" value ="80.000000" />
  <attribute name="Current GC Util Change" value="17.000000"/>
  <attribute name="Current Error" value="219.000000" />
  <attribute name="Output H" value="151595168"/>
  <attribute name="Output I" value="2264"/>
  <attribute name="Output T" value="16"/>
  <attribute name= "Current Time Running" value="152603" />
  <attribute name="GC Util currently" value="17" />
  <attribute name="CPU Util currently" value="66553969605" />
<allocation-satisfied id="4467" threadId="0000000001367F00" bytesRequested="544" />
<af-end id="4468" timestamp="2019-08-09T17:55:46.671" threadId="0000000001368888" success="true" from="nursery"/>
<exclusive-end id="4469" timestamp="2019-08-09T17:55:46.671" durationms="1.461" />

<exclusive-start id="4470" timestamp="2019-08-09T17:55:46.745" intervalms="75.089">
  <response-info timems="0.015" idlems="0.015" threads="0" lastid="0000000001367F00" lastname="main" />
</exclusive-start>
<af-start id="4471" threadId="0000000001368888" totalBytesRequested="440" timestamp="2019-08-09T17:55:46.745" intervalms="75.055" type="nursery" />
<cycle-start id="4472" type="scavenge" contextid="0" timestamp="2019-08-09T17:55:46.745" intervalms="75.046" />
<gc-start id="4473" type="scavenge" contextid="4472" timestamp="2019-08-09T17:55:46.745">
  <mem-info id="4474" free="1847688" total="151519232" percent="1">
    <mem type="nursery" free="0" total="131334144" percent="0">
      <mem type="allocate" free="0" total="118161408" percent="0" />
      <mem type="survivor" free="0" total="13172736" percent="0" />
    </mem>
    <mem type="tenure" free="1847688" total="20185088" percent="9">
      <mem type="soa" free="1645960" total="19983360" percent="8" />
      <mem type="loa" free="201728" total="201728" percent="100" />
    </mem>
    <remembered-set count="128" />
  </mem-info>
</gc-start>
<allocation-stats totalBytes="117953760" >
  <allocated-bytes non-tlh="544" tlh="117953216" />
  <largest-consumer threadName="main" threadId="0000000001367F00" bytes="117953760" />
</allocation-stats>
<gc-op id="4475" type="scavenge" timems="0.553" contextid="4472" timestamp="2019-08-09T17:55:46.745">
  <scavenger-info tenureage="3" tenuremask="ffe8" tiltratio="89" />
  <memory-copied type="nursery" objects="45" bytes="1704" bytesdiscarded="30552" />
  <memory-copied type="tenure" objects="30" bytes="720" bytesdiscarded="0" />
</gc-op>
<gc-end id="4476" type="scavenge" contextid="4472" durationms="0.814" usertimems="1.014" systemtimems="0.000" timestamp="2019-08-09T17:55:46.745" activeThreads="16">
  <mem-info id="4477" free="119976840" total="151519232" percent="79">
    <mem type="nursery" free="118129152" total="131334144" percent="89">
      <mem type="allocate" free="118129152" total="118161408" percent="99" />
      <mem type="survivor" free="0" total="13172736" percent="0" />
    </mem>
    <mem type="tenure" free="1847688" total="20185088" percent="9" macro-fragmented="0">
      <mem type="soa" free="1645960" total="19983360" percent="8" />
      <mem type="loa" free="201728" total="201728" percent="100" />
    </mem>
    <remembered-set count="118" />
  </mem-info>
</gc-end>
<cycle-end id="4478" type="scavenge" contextid="4472" timestamp="2019-08-09T17:55:46.746" />
  <attribute name="elasticGC enabled" value="1" />
  <attribute name= "numThreadsSpecified" value="16" />
  <attribute name="heapSize specified" value="47316992" />
  <attribute name="Current GC Util" value="2" />
  <attribute name= "Current Time Running" value="152678" />
  <attribute name ="GC Interval" value="2353" />
  <attribute name="Target GC Util Change" value ="80.000000" />
  <attribute name="Current GC Util Change" value="2.000000"/>
  <attribute name="Current Error" value="297.000000" />
  <attribute name="Output H" value="151595256"/>
  <attribute name="Output I" value="2352"/>
  <attribute name="Output T" value="16"/>
  <attribute name= "Current Time Running" value="152678" />
  <attribute name="GC Util currently" value="2" />
  <attribute name="CPU Util currently" value="15377962797" />
<allocation-satisfied id="4479" threadId="0000000001367F00" bytesRequested="440" />
<af-end id="4480" timestamp="2019-08-09T17:55:46.746" threadId="0000000001368888" success="true" from="nursery"/>
<exclusive-end id="4481" timestamp="2019-08-09T17:55:46.746" durationms="1.011" />

<exclusive-start id="4482" timestamp="2019-08-09T17:55:46.815" intervalms="70.715">
  <response-info timems="0.016" idlems="0.016" threads="0" lastid="0000000001367F00" lastname="main" />
</exclusive-start>
<af-start id="4483" threadId="0000000001368888" totalBytesRequested="1008" timestamp="2019-08-09T17:55:46.815" intervalms="70.721" type="nursery" />
<cycle-start id="4484" type="scavenge" contextid="0" timestamp="2019-08-09T17:55:46.815" intervalms="70.728" />
<gc-start id="4485" type="scavenge" contextid="4484" timestamp="2019-08-09T17:55:46.815">
  <mem-info id="4486" free="1847688" total="151519232" percent="1">
    <mem type="nursery" free="0" total="131334144" percent="0">
      <mem type="allocate" free="0" total="118161408" percent="0" />
      <mem type="survivor" free="0" total="13172736" percent="0" />
    </mem>
    <mem type="tenure" free="1847688" total="20185088" percent="9">
      <mem type="soa" free="1645960" total="19983360" percent="8" />
      <mem type="loa" free="201728" total="201728" percent="100" />
    </mem>
    <remembered-set count="122" />
  </mem-info>
</gc-start>
<allocation-stats totalBytes="118022328" >
  <allocated-bytes non-tlh="440" tlh="118021888" />
  <largest-consumer threadName="main" threadId="0000000001367F00" bytes="118022328" />
</allocation-stats>
<gc-op id="4487" type="scavenge" timems="0.764" contextid="4484" timestamp="2019-08-09T17:55:46.816">
  <scavenger-info tenureage="5" tenuremask="ffe0" tiltratio="89" />
  <memory-copied type="nursery" objects="65" bytes="4912" bytesdiscarded="27344" />
</gc-op>
<gc-end id="4488" type="scavenge" contextid="4484" durationms="1.028" usertimems="1.275" systemtimems="0.000" timestamp="2019-08-09T17:55:46.816" activeThreads="16">
  <mem-info id="4489" free="119976840" total="151519232" percent="79">
    <mem type="nursery" free="118129152" total="131334144" percent="89">
      <mem type="allocate" free="118129152" total="118161408" percent="99" />
      <mem type="survivor" free="0" total="13172736" percent="0" />
    </mem>
    <mem type="tenure" free="1847688" total="20185088" percent="9" macro-fragmented="0">
      <mem type="soa" free="1645960" total="19983360" percent="8" />
      <mem type="loa" free="201728" total="201728" percent="100" />
    </mem>
    <remembered-set count="122" />
  </mem-info>
</gc-end>
<cycle-end id="4490" type="scavenge" contextid="4484" timestamp="2019-08-09T17:55:46.816" />
  <attribute name="elasticGC enabled" value="1" />
  <attribute name= "numThreadsSpecified" value="16" />
  <attribute name="heapSize specified" value="47316992" />
  <attribute name="Current GC Util" value="1" />
  <attribute name= "Current Time Running" value="152749" />
  <attribute name ="GC Interval" value="2449" />
  <attribute name="Target GC Util Change" value ="80.000000" />
  <attribute name="Current GC Util Change" value="1.000000"/>
  <attribute name="Current Error" value="376.000000" />
  <attribute name="Output H" value="151595352"/>
  <attribute name="Output I" value="2448"/>
  <attribute name="Output T" value="16"/>
  <attribute name= "Current Time Running" value="152749" />
  <attribute name="GC Util currently" value="1" />
  <attribute name="CPU Util currently" value="16297039861" />
<allocation-satisfied id="4491" threadId="0000000001367F00" bytesRequested="1008" />
<af-end id="4492" timestamp="2019-08-09T17:55:46.817" threadId="0000000001368888" success="true" from="nursery"/>
<exclusive-end id="4493" timestamp="2019-08-09T17:55:46.817" durationms="1.281" />

<exclusive-start id="4494" timestamp="2019-08-09T17:55:47.006" intervalms="190.714">
  <response-info timems="0.019" idlems="0.019" threads="0" lastid="0000000001367F00" lastname="main" />
</exclusive-start>
<af-start id="4495" threadId="0000000001368888" totalBytesRequested="80" timestamp="2019-08-09T17:55:47.006" intervalms="190.716" type="nursery" />
<cycle-start id="4496" type="scavenge" contextid="0" timestamp="2019-08-09T17:55:47.006" intervalms="190.718" />
<gc-start id="4497" type="scavenge" contextid="4496" timestamp="2019-08-09T17:55:47.006">
  <mem-info id="4498" free="1847688" total="151519232" percent="1">
    <mem type="nursery" free="0" total="131334144" percent="0">
      <mem type="allocate" free="0" total="118161408" percent="0" />
      <mem type="survivor" free="0" total="13172736" percent="0" />
    </mem>
    <mem type="tenure" free="1847688" total="20185088" percent="9">
      <mem type="soa" free="1645960" total="19983360" percent="8" />
      <mem type="loa" free="201728" total="201728" percent="100" />
    </mem>
    <remembered-set count="126" />
  </mem-info>
</gc-start>
<allocation-stats totalBytes="118054320" >
  <allocated-bytes non-tlh="1008" tlh="118053312" />
  <largest-consumer threadName="main" threadId="0000000001367F00" bytes="118054320" />
</allocation-stats>
<gc-op id="4499" type="scavenge" timems="0.819" contextid="4496" timestamp="2019-08-09T17:55:47.007">
  <scavenger-info tenureage="3" tenuremask="fff8" tiltratio="89" />
  <memory-copied type="nursery" objects="53" bytes="1512" bytesdiscarded="30744" />
  <memory-copied type="tenure" objects="12" bytes="288" bytesdiscarded="0" />
</gc-op>
<gc-end id="4500" type="scavenge" contextid="4496" durationms="1.120" usertimems="1.319" systemtimems="0.000" timestamp="2019-08-09T17:55:47.007" activeThreads="16">
  <mem-info id="4501" free="119976840" total="151519232" percent="79">
    <mem type="nursery" free="118129152" total="131334144" percent="89">
      <mem type="allocate" free="118129152" total="118161408" percent="99" />
      <mem type="survivor" free="0" total="13172736" percent="0" />
    </mem>
    <mem type="tenure" free="1847688" total="20185088" percent="9" macro-fragmented="0">
      <mem type="soa" free="1645960" total="19983360" percent="8" />
      <mem type="loa" free="201728" total="201728" percent="100" />
    </mem>
    <remembered-set count="122" />
  </mem-info>
</gc-end>
<cycle-end id="4502" type="scavenge" contextid="4496" timestamp="2019-08-09T17:55:47.007" />
  <attribute name="elasticGC enabled" value="1" />
  <attribute name= "numThreadsSpecified" value="16" />
  <attribute name="heapSize specified" value="47316992" />
  <attribute name="Current GC Util" value="0" />
  <attribute name= "Current Time Running" value="152939" />
  <attribute name ="GC Interval" value="2537" />
  <attribute name="Target GC Util Change" value ="80.000000" />
  <attribute name="Current GC Util Change" value="0.000000"/>
  <attribute name="Current Error" value="456.000000" />
  <attribute name="Output H" value="151595440"/>
  <attribute name="Output I" value="2536"/>
  <attribute name="Output T" value="16"/>
  <attribute name= "Current Time Running" value="152939" />
  <attribute name="GC Util currently" value="0" />
  <attribute name="CPU Util currently" value="6044585495" />
<allocation-satisfied id="4503" threadId="0000000001367F00" bytesRequested="80" />
<af-end id="4504" timestamp="2019-08-09T17:55:47.007" threadId="0000000001368888" success="true" from="nursery"/>
<exclusive-end id="4505" timestamp="2019-08-09T17:55:47.007" durationms="1.336" />

<exclusive-start id="4506" timestamp="2019-08-09T17:55:47.210" intervalms="203.954">
  <response-info timems="0.019" idlems="0.019" threads="0" lastid="0000000001367F00" lastname="main" />
</exclusive-start>
<af-start id="4507" threadId="0000000001368888" totalBytesRequested="24" timestamp="2019-08-09T17:55:47.210" intervalms="203.949" type="nursery" />
<cycle-start id="4508" type="scavenge" contextid="0" timestamp="2019-08-09T17:55:47.210" intervalms="203.941" />
<gc-start id="4509" type="scavenge" contextid="4508" timestamp="2019-08-09T17:55:47.210">
  <mem-info id="4510" free="1847688" total="151519232" percent="1">
    <mem type="nursery" free="0" total="131334144" percent="0">
      <mem type="allocate" free="0" total="118161408" percent="0" />
      <mem type="survivor" free="0" total="13172736" percent="0" />
    </mem>
    <mem type="tenure" free="1847688" total="20185088" percent="9">
      <mem type="soa" free="1645960" total="19983360" percent="8" />
      <mem type="loa" free="201728" total="201728" percent="100" />
    </mem>
    <remembered-set count="122" />
  </mem-info>
</gc-start>
<allocation-stats totalBytes="118107768" >
  <allocated-bytes non-tlh="80" tlh="118107688" />
  <largest-consumer threadName="main" threadId="0000000001367F00" bytes="118107768" />
</allocation-stats>
<gc-op id="4511" type="scavenge" timems="0.483" contextid="4508" timestamp="2019-08-09T17:55:47.211">
  <scavenger-info tenureage="3" tenuremask="ffd8" tiltratio="89" />
  <memory-copied type="nursery" objects="44" bytes="1360" bytesdiscarded="30896" />
  <memory-copied type="tenure" objects="12" bytes="288" bytesdiscarded="0" />
</gc-op>
<gc-end id="4512" type="scavenge" contextid="4508" durationms="0.839" usertimems="1.074" systemtimems="0.000" timestamp="2019-08-09T17:55:47.211" activeThreads="16">
  <mem-info id="4513" free="119976840" total="151519232" percent="79">
    <mem type="nursery" free="118129152" total="131334144" percent="89">
      <mem type="allocate" free="118129152" total="118161408" percent="99" />
      <mem type="survivor" free="0" total="13172736" percent="0" />
    </mem>
    <mem type="tenure" free="1847688" total="20185088" percent="9" macro-fragmented="0">
      <mem type="soa" free="1645960" total="19983360" percent="8" />
      <mem type="loa" free="201728" total="201728" percent="100" />
    </mem>
    <remembered-set count="118" />
  </mem-info>
</gc-end>
<cycle-end id="4514" type="scavenge" contextid="4508" timestamp="2019-08-09T17:55:47.211" />
  <attribute name="elasticGC enabled" value="1" />
  <attribute name= "numThreadsSpecified" value="16" />
  <attribute name="heapSize specified" value="47316992" />
  <attribute name="Current GC Util" value="0" />
  <attribute name= "Current Time Running" value="153143" />
  <attribute name ="GC Interval" value="2105" />
  <attribute name="Target GC Util Change" value ="80.000000" />
  <attribute name="Current GC Util Change" value="0.000000"/>
  <attribute name="Current Error" value="80.000000" />
  <attribute name="Output H" value="151595008"/>
  <attribute name="Output I" value="2104"/>
  <attribute name="Output T" value="16"/>
  <attribute name= "Current Time Running" value="153143" />
  <attribute name="GC Util currently" value="0" />
  <attribute name="CPU Util currently" value="5653779739" />
<allocation-satisfied id="4515" threadId="0000000001367F00" bytesRequested="24" />
<af-end id="4516" timestamp="2019-08-09T17:55:47.211" threadId="0000000001368888" success="true" from="nursery"/>
<exclusive-end id="4517" timestamp="2019-08-09T17:55:47.211" durationms="1.038" />

<exclusive-start id="4518" timestamp="2019-08-09T17:55:47.286" intervalms="75.692">
  <response-info timems="0.020" idlems="0.020" threads="0" lastid="0000000001367F00" lastname="main" />
</exclusive-start>
<af-start id="4519" threadId="0000000001368888" totalBytesRequested="64" timestamp="2019-08-09T17:55:47.286" intervalms="75.700" type="nursery" />
<cycle-start id="4520" type="scavenge" contextid="0" timestamp="2019-08-09T17:55:47.286" intervalms="75.704" />
<gc-start id="4521" type="scavenge" contextid="4520" timestamp="2019-08-09T17:55:47.286">
  <mem-info id="4522" free="1847688" total="151519232" percent="1">
    <mem type="nursery" free="0" total="131334144" percent="0">
      <mem type="allocate" free="0" total="118161408" percent="0" />
      <mem type="survivor" free="0" total="13172736" percent="0" />
    </mem>
    <mem type="tenure" free="1847688" total="20185088" percent="9">
      <mem type="soa" free="1645960" total="19983360" percent="8" />
      <mem type="loa" free="201728" total="201728" percent="100" />
    </mem>
    <remembered-set count="120" />
  </mem-info>
</gc-start>
<allocation-stats totalBytes="118004712" >
  <allocated-bytes non-tlh="24" tlh="118004688" />
  <largest-consumer threadName="main" threadId="0000000001367F00" bytes="118004712" />
</allocation-stats>
<gc-op id="4523" type="scavenge" timems="2.675" contextid="4520" timestamp="2019-08-09T17:55:47.289">
  <scavenger-info tenureage="3" tenuremask="ffe8" tiltratio="89" />
  <memory-copied type="nursery" objects="37" bytes="1616" bytesdiscarded="30640" />
  <memory-copied type="tenure" objects="12" bytes="288" bytesdiscarded="0" />
</gc-op>
<gc-end id="4524" type="scavenge" contextid="4520" durationms="3.060" usertimems="4.582" systemtimems="0.000" timestamp="2019-08-09T17:55:47.289" activeThreads="16">
  <mem-info id="4525" free="119976840" total="151519232" percent="79">
    <mem type="nursery" free="118129152" total="131334144" percent="89">
      <mem type="allocate" free="118129152" total="118161408" percent="99" />
      <mem type="survivor" free="0" total="13172736" percent="0" />
    </mem>
    <mem type="tenure" free="1847688" total="20185088" percent="9" macro-fragmented="0">
      <mem type="soa" free="1645960" total="19983360" percent="8" />
      <mem type="loa" free="201728" total="201728" percent="100" />
    </mem>
    <remembered-set count="116" />
  </mem-info>
</gc-end>
<cycle-end id="4526" type="scavenge" contextid="4520" timestamp="2019-08-09T17:55:47.289" />
  <attribute name="elasticGC enabled" value="1" />
  <attribute name= "numThreadsSpecified" value="16" />
  <attribute name="heapSize specified" value="47316992" />
  <attribute name="Current GC Util" value="1" />
  <attribute name= "Current Time Running" value="153219" />
  <attribute name ="GC Interval" value="2193" />
  <attribute name="Target GC Util Change" value ="80.000000" />
  <attribute name="Current GC Util Change" value="1.000000"/>
  <attribute name="Current Error" value="159.000000" />
  <attribute name="Output H" value="151595096"/>
  <attribute name="Output I" value="2192"/>
  <attribute name="Output T" value="16"/>
  <attribute name= "Current Time Running" value="153219" />
  <attribute name="GC Util currently" value="1" />
  <attribute name="CPU Util currently" value="15216459392" />
<allocation-satisfied id="4527" threadId="0000000001367F00" bytesRequested="64" />
<af-end id="4528" timestamp="2019-08-09T17:55:47.289" threadId="0000000001368888" success="true" from="nursery"/>
<exclusive-end id="4529" timestamp="2019-08-09T17:55:47.289" durationms="3.356" />

* Round 4 done in 2.230 seconds.

-------------------------------------------------------------------------------
Benchmark: 2019-08-09 17:55:22
-------------------------------------------------------------------------------

    Rounds: 4
    Warp:   10
    Timer:  time.time

Test                             minimum  average  operation  overhead
-------------------------------------------------------------------------------
          BuiltinFunctionCalls:     15ms     61ms    0.12us    0.000ms
           BuiltinMethodLookup:     42ms    206ms    0.20us    0.000ms
                 CompareFloats:     16ms    119ms    0.10us    0.000ms
         CompareFloatsIntegers:     20ms     96ms    0.11us    0.000ms
               CompareIntegers:     23ms     76ms    0.04us    0.000ms
        CompareInternedStrings:     37ms    139ms    0.09us    0.000ms
                  CompareLongs:     16ms     64ms    0.06us    0.000ms
                CompareStrings:     27ms     91ms    0.09us    0.000ms
                CompareUnicode:     21ms     58ms    0.08us    0.000ms
                 ConcatStrings:     76ms    331ms    0.66us    0.000ms
                 ConcatUnicode:     50ms     75ms    0.25us    0.000ms
               CreateInstances:     35ms     79ms    0.70us    0.000ms
            CreateNewInstances:     49ms    117ms    1.39us    0.000ms
       CreateStringsWithConcat:     46ms    103ms    0.10us    0.000ms
       CreateUnicodeWithConcat:     20ms     43ms    0.11us    0.000ms
                  DictCreation:     29ms     83ms    0.21us    0.000ms
             DictWithFloatKeys:     16ms    151ms    0.17us    0.000ms
           DictWithIntegerKeys:     20ms     74ms    0.06us    0.000ms
            DictWithStringKeys:     20ms     65ms    0.05us    0.000ms
                      ForLoops:    100ms    168ms    6.72us    0.000ms
                    IfThenElse:     20ms     91ms    0.07us    0.000ms
                   ListSlicing:      8ms     22ms    1.57us    0.000ms
                NestedForLoops:     88ms    131ms    0.09us    0.000ms
          NormalClassAttribute:     23ms     82ms    0.07us    0.000ms
       NormalInstanceAttribute:     25ms     74ms    0.06us    0.000ms
           PythonFunctionCalls:     25ms    118ms    0.36us    0.000ms
             PythonMethodCalls:     30ms     89ms    0.40us    0.000ms
                     Recursion:     40ms    167ms    3.33us    0.000ms
                  SecondImport:     33ms    108ms    1.08us    0.000ms
           SecondPackageImport:     36ms     52ms    0.52us    0.000ms
         SecondSubmoduleImport:     57ms     80ms    0.80us    0.000ms
       SimpleComplexArithmetic:     14ms     97ms    0.11us    0.000ms
        SimpleDictManipulation:     25ms     98ms    0.08us    0.000ms
         SimpleFloatArithmetic:     20ms    178ms    0.14us    0.000ms
      SimpleIntFloatArithmetic:     21ms    147ms    0.11us    0.000ms
       SimpleIntegerArithmetic:     21ms     97ms    0.07us    0.000ms
        SimpleListManipulation:     44ms    170ms    0.15us    0.000ms
          SimpleLongArithmetic:     26ms    116ms    0.18us    0.000ms
                    SmallLists:     46ms     96ms    0.14us    0.000ms
                   SmallTuples:     47ms    176ms    0.33us    0.000ms
         SpecialClassAttribute:     24ms     84ms    0.07us    0.000ms
      SpecialInstanceAttribute:     24ms     97ms    0.08us    0.000ms
                StringMappings:     64ms    285ms    1.13us    0.000ms
              StringPredicates:     44ms    131ms    0.19us    0.000ms
                 StringSlicing:     30ms     57ms    0.10us    0.000ms
                     TryExcept:      2ms     24ms    0.01us    0.000ms
                TryRaiseExcept:     82ms    128ms    2.00us    0.000ms
                  TupleSlicing:     19ms     33ms    0.13us    0.000ms
               UnicodeMappings:     80ms    257ms    7.13us    0.000ms
             UnicodePredicates:     48ms    121ms    0.22us    0.000ms
             UnicodeProperties:    350ms    483ms    1.21us    0.000ms
                UnicodeSlicing:     34ms     62ms    0.13us    0.000ms
-------------------------------------------------------------------------------
Totals:                           2128ms   6151ms

===== DaCapo 9.12-MR1 jython PASSED in 28914 msec =====
<exclusive-start id="4530" timestamp="2019-08-09T17:55:48.835" intervalms="1549.788">
  <response-info timems="0.113" idlems="0.113" threads="0" lastid="0000000001367F00" lastname="main" />
</exclusive-start>
<af-start id="4531" threadId="0000000001368888" totalBytesRequested="39632" timestamp="2019-08-09T17:55:48.835" intervalms="1549.811" type="nursery" />
<cycle-start id="4532" type="scavenge" contextid="0" timestamp="2019-08-09T17:55:48.835" intervalms="1549.823" />
<gc-start id="4533" type="scavenge" contextid="4532" timestamp="2019-08-09T17:55:48.836">
  <mem-info id="4534" free="1810552" total="151519232" percent="1">
    <mem type="nursery" free="0" total="131334144" percent="0">
      <mem type="allocate" free="0" total="118161408" percent="0" />
      <mem type="survivor" free="0" total="13172736" percent="0" />
    </mem>
    <mem type="tenure" free="1810552" total="20185088" percent="8">
      <mem type="soa" free="1608824" total="19983360" percent="8" />
      <mem type="loa" free="201728" total="201728" percent="100" />
    </mem>
    <remembered-set count="653" />
  </mem-info>
</gc-start>
<allocation-stats totalBytes="116902320" >
  <allocated-bytes non-tlh="205336" tlh="116696984" />
  <largest-consumer threadName="main" threadId="0000000001367F00" bytes="116902320" />
</allocation-stats>
<gc-op id="4535" type="scavenge" timems="16.925" contextid="4532" timestamp="2019-08-09T17:55:48.853">
  <scavenger-info tenureage="5" tenuremask="ffe0" tiltratio="89" />
  <memory-copied type="nursery" objects="4020" bytes="592264" bytesdiscarded="73384" />
  <finalization candidates="1" enqueued="1" />
  <ownableSynchronizers candidates="3" cleared="3" />
  <references type="soft" candidates="16" cleared="0" enqueued="0" dynamicThreshold="3" maxThreshold="32" />
  <references type="weak" candidates="77" cleared="62" enqueued="60" />
  <references type="phantom" candidates="38" cleared="11" enqueued="11" />
</gc-op>
<gc-end id="4536" type="scavenge" contextid="4532" durationms="17.558" usertimems="20.753" systemtimems="0.000" timestamp="2019-08-09T17:55:48.853" activeThreads="16">
  <mem-info id="4537" free="119306184" total="151519232" percent="78">
    <mem type="nursery" free="117495632" total="131334144" percent="89">
      <mem type="allocate" free="117495632" total="118161408" percent="99" />
      <mem type="survivor" free="0" total="13172736" percent="0" />
    </mem>
    <mem type="tenure" free="1810552" total="20185088" percent="8" macro-fragmented="0">
      <mem type="soa" free="1608824" total="19983360" percent="8" />
      <mem type="loa" free="201728" total="201728" percent="100" />
    </mem>
    <pending-finalizers system="1" default="0" reference="71" classloader="0" />
    <remembered-set count="642" />
  </mem-info>
</gc-end>
<cycle-end id="4538" type="scavenge" contextid="4532" timestamp="2019-08-09T17:55:48.853" />
  <attribute name="elasticGC enabled" value="1" />
  <attribute name= "numThreadsSpecified" value="16" />
  <attribute name="heapSize specified" value="47316992" />
  <attribute name="Current GC Util" value="0" />
  <attribute name= "Current Time Running" value="154769" />
  <attribute name ="GC Interval" value="2289" />
  <attribute name="Target GC Util Change" value ="80.000000" />
  <attribute name="Current GC Util Change" value="0.000000"/>
  <attribute name="Current Error" value="239.000000" />
  <attribute name="Output H" value="151595192"/>
  <attribute name="Output I" value="2288"/>
  <attribute name="Output T" value="16"/>
  <attribute name= "Current Time Running" value="154769" />
  <attribute name="GC Util currently" value="0" />
  <attribute name="CPU Util currently" value="743913877" />
<allocation-satisfied id="4539" threadId="0000000001367F00" bytesRequested="39632" />
<af-end id="4540" timestamp="2019-08-09T17:55:48.853" threadId="0000000001368888" success="true" from="nursery"/>
<exclusive-end id="4541" timestamp="2019-08-09T17:55:48.853" durationms="18.046" />

<exclusive-start id="4542" timestamp="2019-08-09T17:55:48.881" intervalms="45.254">
  <response-info timems="0.093" idlems="0.093" threads="0" lastid="0000000001367F00" lastname="main" />
</exclusive-start>
<af-start id="4543" threadId="0000000001368888" totalBytesRequested="62008" timestamp="2019-08-09T17:55:48.881" intervalms="45.249" type="nursery" />
<cycle-start id="4544" type="scavenge" contextid="0" timestamp="2019-08-09T17:55:48.881" intervalms="45.246" />
<gc-start id="4545" type="scavenge" contextid="4544" timestamp="2019-08-09T17:55:48.881">
  <mem-info id="4546" free="1810552" total="151519232" percent="1">
    <mem type="nursery" free="0" total="131334144" percent="0">
      <mem type="allocate" free="0" total="118161408" percent="0" />
      <mem type="survivor" free="0" total="13172736" percent="0" />
    </mem>
    <mem type="tenure" free="1810552" total="20185088" percent="8">
      <mem type="soa" free="1608824" total="19983360" percent="8" />
      <mem type="loa" free="201728" total="201728" percent="100" />
    </mem>
    <remembered-set count="645" />
  </mem-info>
</gc-start>
<allocation-stats totalBytes="103779424" >
  <allocated-bytes non-tlh="34101392" tlh="69678032" />
  <largest-consumer threadName="main" threadId="0000000001367F00" bytes="103775328" />
</allocation-stats>
<gc-op id="4547" type="scavenge" timems="4.903" contextid="4544" timestamp="2019-08-09T17:55:48.886">
  <scavenger-info tenureage="3" tenuremask="fff8" tiltratio="89" />
  <memory-copied type="nursery" objects="3788" bytes="543560" bytesdiscarded="55536" />
  <memory-copied type="tenure" objects="12" bytes="288" bytesdiscarded="0" />
  <references type="soft" candidates="16" cleared="0" enqueued="0" dynamicThreshold="3" maxThreshold="32" />
  <references type="weak" candidates="15" cleared="0" enqueued="0" />
  <references type="phantom" candidates="26" cleared="0" enqueued="0" />
</gc-op>
<heap-resize id="4548" type="expand" space="nursery" amount="10616832" count="1" timems="0.026" reason="excessive time being spent scavenging" timestamp="2019-08-09T17:55:48.886" />
<gc-end id="4549" type="scavenge" contextid="4544" durationms="5.181" usertimems="8.857" systemtimems="0.000" timestamp="2019-08-09T17:55:48.886" activeThreads="16">
  <mem-info id="4550" free="128875456" total="162136064" percent="79">
    <mem type="nursery" free="127064904" total="141950976" percent="89">
      <mem type="allocate" free="127064904" total="127664128" percent="99" />
      <mem type="survivor" free="0" total="14286848" percent="0" />
    </mem>
    <mem type="tenure" free="1810552" total="20185088" percent="8" macro-fragmented="0">
      <mem type="soa" free="1608824" total="19983360" percent="8" />
      <mem type="loa" free="201728" total="201728" percent="100" />
    </mem>
    <remembered-set count="610" />
  </mem-info>
</gc-end>
<cycle-end id="4551" type="scavenge" contextid="4544" timestamp="2019-08-09T17:55:48.886" />
  <attribute name="elasticGC enabled" value="1" />
  <attribute name= "numThreadsSpecified" value="16" />
  <attribute name="heapSize specified" value="47316992" />
  <attribute name="Current GC Util" value="44" />
  <attribute name= "Current Time Running" value="154814" />
  <attribute name ="GC Interval" value="2329" />
  <attribute name="Target GC Util Change" value ="80.000000" />
  <attribute name="Current GC Util Change" value="44.000000"/>
  <attribute name="Current Error" value="275.000000" />
  <attribute name="Output H" value="151595232"/>
  <attribute name="Output I" value="2328"/>
  <attribute name="Output T" value="16"/>
  <attribute name= "Current Time Running" value="154814" />
  <attribute name="GC Util currently" value="44" />
  <attribute name="CPU Util currently" value="25344431783" />
<allocation-satisfied id="4552" threadId="0000000001367F00" bytesRequested="62008" />
<af-end id="4553" timestamp="2019-08-09T17:55:48.887" threadId="0000000001368888" success="true" from="nursery"/>
<exclusive-end id="4554" timestamp="2019-08-09T17:55:48.887" durationms="5.915" />

<exclusive-start id="4555" timestamp="2019-08-09T17:55:48.896" intervalms="15.177">
  <response-info timems="0.146" idlems="0.146" threads="0" lastid="0000000001367F00" lastname="main" />
</exclusive-start>
<sys-start reason="explicit" id="4556" timestamp="2019-08-09T17:55:48.896" intervalms="30527.410" />
<cycle-start id="4557" type="global" contextid="0" timestamp="2019-08-09T17:55:48.900" intervalms="22452.401" />
<gc-start id="4558" type="global" contextid="4557" timestamp="2019-08-09T17:55:48.900">
  <mem-info id="4559" free="82432880" total="162136064" percent="50">
    <mem type="nursery" free="80622328" total="141950976" percent="56">
      <mem type="allocate" free="80622328" total="127664128" percent="63" />
      <mem type="survivor" free="0" total="14286848" percent="0" />
    </mem>
    <mem type="tenure" free="1810552" total="20185088" percent="8">
      <mem type="soa" free="1608824" total="19983360" percent="8" />
      <mem type="loa" free="201728" total="201728" percent="100" />
    </mem>
    <remembered-set count="610" />
  </mem-info>
</gc-start>
<allocation-stats totalBytes="46297360" >
  <allocated-bytes non-tlh="40204008" tlh="6093352" />
  <largest-consumer threadName="main" threadId="0000000001367F00" bytes="46297360" />
</allocation-stats>
<gc-op id="4560" type="mark" timems="63.509" contextid="4557" timestamp="2019-08-09T17:55:48.963">
  <trace-info objectcount="600329" scancount="520615" scanbytes="13400280" />
  <finalization candidates="80" enqueued="0" />
  <ownableSynchronizers candidates="21" cleared="0" />
  <references type="soft" candidates="3301" cleared="1433" enqueued="722" dynamicThreshold="3" maxThreshold="32" />
  <references type="weak" candidates="5656" cleared="8" enqueued="5" />
  <references type="phantom" candidates="97" cleared="0" enqueued="0" />
  <stringconstants candidates="14083" cleared="392"  />
</gc-op>
<gc-op id="4561" type="classunload" timems="0.722" contextid="4557" timestamp="2019-08-09T17:55:48.964">
  <classunload-info classloadercandidates="56" classloadersunloaded="2" classesunloaded="2" anonymousclassesunloaded="0" quiescems="0.000" setupms="0.556" scanms="0.018" postms="0.148" />
</gc-op>
<gc-op id="4562" type="sweep" timems="7.135" contextid="4557" timestamp="2019-08-09T17:55:48.973" />
<mem-info id="4563" free="129381416" total="162136064" percent="79">
  <mem type="nursery" free="127208576" total="141950976" percent="89">
    <mem type="allocate" free="127208576" total="127664128" percent="99" />
    <mem type="survivor" free="0" total="14286848" percent="0" />
  </mem>
  <mem type="tenure" free="2172840" total="20185088" percent="10" micro-fragmented="15673" macro-fragmented="0">
    <mem type="soa" free="1971112" total="19983360" percent="9" />
    <mem type="loa" free="201728" total="201728" percent="100" />
  </mem>
  <pending-finalizers system="0" default="0" reference="727" classloader="0" />
  <remembered-set count="600" />
</mem-info>
<gc-op id="4564" type="compact" timems="437.345" contextid="4557" timestamp="2019-08-09T17:55:49.411">
  <compact-info movecount="594119" movebytes="18175432" reason="compact to aid heap contraction" />
</gc-op>
<heap-resize id="4565" type="expand" space="tenure" amount="131072" count="1" timems="0.030" reason="satisfy allocation request" timestamp="2019-08-09T17:55:49.412" />
<gc-end id="4566" type="global" contextid="4557" durationms="512.864" usertimems="512.236" systemtimems="0.000" timestamp="2019-08-09T17:55:49.413" activeThreads="16">
  <mem-info id="4567" free="129549176" total="162267136" percent="79">
    <mem type="nursery" free="127212600" total="141950976" percent="89">
      <mem type="allocate" free="127212600" total="127664128" percent="99" />
      <mem type="survivor" free="0" total="14286848" percent="0" />
    </mem>
    <mem type="tenure" free="2336576" total="20316160" percent="11">
      <mem type="soa" free="2133824" total="20113408" percent="10" />
      <mem type="loa" free="202752" total="202752" percent="100" />
    </mem>
    <pending-finalizers system="0" default="0" reference="727" classloader="0" />
    <remembered-set count="600" />
  </mem-info>
</gc-end>
<cycle-end id="4568" type="global" contextid="4557" timestamp="2019-08-09T17:55:49.413" />
  <attribute name="elasticGC enabled" value="1" />
  <attribute name= "numThreadsSpecified" value="16" />
  <attribute name="heapSize specified" value="162136064" />
  <attribute name="Current GC Util" value="8" />
  <attribute name= "Current Time Running" value="155344" />
  <attribute name ="GC Interval" value="2329" />
  <attribute name="Target GC Util Change" value ="80.000000" />
  <attribute name="Current GC Util Change" value="8.000000"/>
  <attribute name="Current Error" value="131.000000" />
  <attribute name="Output H" value="162211896"/>
  <attribute name="Output I" value="2160"/>
  <attribute name="Output T" value="16"/>
  <attribute name= "Current Time Running" value="155344" />
  <attribute name="GC Util currently" value="8" />
  <attribute name="CPU Util currently" value="2635607055" />
<sys-end id="4569" timestamp="2019-08-09T17:55:49.413" />
<exclusive-end id="4570" timestamp="2019-08-09T17:55:49.413" durationms="516.926" />

===== DaCapo 9.12-MR1 pmd starting =====
<exclusive-start id="4571" timestamp="2019-08-09T17:55:52.814" intervalms="3918.439">
  <response-info timems="3.987" idlems="1.516" threads="3" lastid="000000000169D100" lastname="PmdThread 5" />
</exclusive-start>
<af-start id="4572" threadId="0000000001669488" totalBytesRequested="56" timestamp="2019-08-09T17:55:52.814" intervalms="3933.688" type="nursery" />
<cycle-start id="4573" type="scavenge" contextid="0" timestamp="2019-08-09T17:55:52.814" intervalms="3933.710" />
<gc-start id="4574" type="scavenge" contextid="4573" timestamp="2019-08-09T17:55:52.815">
  <mem-info id="4575" free="2141680" total="162267136" percent="1">
    <mem type="nursery" free="0" total="141950976" percent="0">
      <mem type="allocate" free="0" total="127664128" percent="0" />
      <mem type="survivor" free="0" total="14286848" percent="0" />
    </mem>
    <mem type="tenure" free="2141680" total="20316160" percent="10">
      <mem type="soa" free="1938928" total="20113408" percent="9" />
      <mem type="loa" free="202752" total="202752" percent="100" />
    </mem>
    <remembered-set count="3675" />
  </mem-info>
</gc-start>
<allocation-stats totalBytes="127318376" >
  <allocated-bytes non-tlh="602416" tlh="126715960" />
  <largest-consumer threadName="PmdThread 2" threadId="0000000001661300" bytes="12508040" />
</allocation-stats>
<gc-op id="4576" type="scavenge" timems="50.475" contextid="4573" timestamp="2019-08-09T17:55:52.865">
  <scavenger-info tenureage="3" tenuremask="ffd8" tiltratio="89" />
  <memory-copied type="nursery" objects="273510" bytes="13164040" bytesdiscarded="262264" />
  <finalization candidates="3" enqueued="0" />
  <ownableSynchronizers candidates="61" cleared="42" />
  <references type="soft" candidates="160" cleared="0" enqueued="0" dynamicThreshold="3" maxThreshold="32" />
  <references type="weak" candidates="1631" cleared="1378" enqueued="1310" />
  <references type="phantom" candidates="427" cleared="198" enqueued="198" />
</gc-op>
<gc-end id="4577" type="scavenge" contextid="4573" durationms="51.073" usertimems="81.147" systemtimems="5.673" timestamp="2019-08-09T17:55:52.866" activeThreads="16">
  <mem-info id="4578" free="105669912" total="162267136" percent="65">
    <mem type="nursery" free="103528232" total="141950976" percent="72">
      <mem type="allocate" free="103528232" total="116981760" percent="88" />
      <mem type="survivor" free="0" total="24969216" percent="0" />
    </mem>
    <mem type="tenure" free="2141680" total="20316160" percent="10" macro-fragmented="0">
      <mem type="soa" free="1938928" total="20113408" percent="9" />
      <mem type="loa" free="202752" total="202752" percent="100" />
    </mem>
    <pending-finalizers system="0" default="0" reference="1508" classloader="0" />
    <remembered-set count="3216" />
  </mem-info>
</gc-end>
<cycle-end id="4579" type="scavenge" contextid="4573" timestamp="2019-08-09T17:55:52.866" />
  <attribute name="elasticGC enabled" value="1" />
  <attribute name= "numThreadsSpecified" value="16" />
  <attribute name="heapSize specified" value="162136064" />
  <attribute name="Current GC Util" value="9" />
  <attribute name= "Current Time Running" value="158748" />
  <attribute name ="GC Interval" value="2249" />
  <attribute name="Target GC Util Change" value ="80.000000" />
  <attribute name="Current GC Util Change" value="9.000000"/>
  <attribute name="Current Error" value="202.000000" />
  <attribute name="Output H" value="162343056"/>
  <attribute name="Output I" value="2248"/>
  <attribute name="Output T" value="16"/>
  <attribute name= "Current Time Running" value="158748" />
  <attribute name="GC Util currently" value="9" />
  <attribute name="CPU Util currently" value="30" />
<allocation-satisfied id="4580" threadId="0000000001668B00" bytesRequested="56" />
<af-end id="4581" timestamp="2019-08-09T17:55:52.866" threadId="0000000001669488" success="true" from="nursery"/>
<exclusive-end id="4582" timestamp="2019-08-09T17:55:52.866" durationms="52.002" />

<exclusive-start id="4583" timestamp="2019-08-09T17:55:53.620" intervalms="805.980">
  <response-info timems="9.234" idlems="9.234" threads="0" lastid="0000000001682E00" lastname="PmdThread 8" />
</exclusive-start>
<af-start id="4584" threadId="0000000001683788" totalBytesRequested="88" timestamp="2019-08-09T17:55:53.620" intervalms="805.906" type="nursery" />
<cycle-start id="4585" type="scavenge" contextid="0" timestamp="2019-08-09T17:55:53.620" intervalms="805.884" />
<gc-start id="4586" type="scavenge" contextid="4585" timestamp="2019-08-09T17:55:53.620">
  <mem-info id="4587" free="2120632" total="162267136" percent="1">
    <mem type="nursery" free="0" total="141950976" percent="0">
      <mem type="allocate" free="0" total="116981760" percent="0" />
      <mem type="survivor" free="0" total="24969216" percent="0" />
    </mem>
    <mem type="tenure" free="2120632" total="20316160" percent="10">
      <mem type="soa" free="1917880" total="20113408" percent="9" />
      <mem type="loa" free="202752" total="202752" percent="100" />
    </mem>
    <remembered-set count="3466" />
  </mem-info>
</gc-start>
<allocation-stats totalBytes="103515720" >
  <allocated-bytes non-tlh="21104" tlh="103494616" />
  <largest-consumer threadName="PmdThread 7" threadId="0000000001655F00" bytes="15824768" />
</allocation-stats>
<gc-op id="4588" type="scavenge" timems="68.942" contextid="4585" timestamp="2019-08-09T17:55:53.689">
  <scavenger-info tenureage="5" tenuremask="ffe0" tiltratio="82" />
  <memory-copied type="nursery" objects="436625" bytes="18854616" bytesdiscarded="168784" />
  <finalization candidates="3" enqueued="0" />
  <ownableSynchronizers candidates="19" cleared="0" />
  <references type="soft" candidates="171" cleared="0" enqueued="0" dynamicThreshold="3" maxThreshold="32" />
  <references type="weak" candidates="1210" cleared="957" enqueued="957" />
  <references type="phantom" candidates="338" cleared="107" enqueued="107" />
</gc-op>
<gc-end id="4589" type="scavenge" contextid="4585" durationms="69.299" usertimems="134.912" systemtimems="23.519" timestamp="2019-08-09T17:55:53.690" activeThreads="16">
  <mem-info id="4590" free="96447384" total="162267136" percent="59">
    <mem type="nursery" free="94326752" total="141950976" percent="66">
      <mem type="allocate" free="94326752" total="113377280" percent="83" />
      <mem type="survivor" free="0" total="28573696" percent="0" />
    </mem>
    <mem type="tenure" free="2120632" total="20316160" percent="10" macro-fragmented="0">
      <mem type="soa" free="1917880" total="20113408" percent="9" />
      <mem type="loa" free="202752" total="202752" percent="100" />
    </mem>
    <pending-finalizers system="0" default="0" reference="1064" classloader="0" />
    <remembered-set count="3466" />
  </mem-info>
</gc-end>
<cycle-end id="4591" type="scavenge" contextid="4585" timestamp="2019-08-09T17:55:53.690" />
  <attribute name="elasticGC enabled" value="1" />
  <attribute name= "numThreadsSpecified" value="16" />
  <attribute name="heapSize specified" value="162136064" />
  <attribute name="Current GC Util" value="10" />
  <attribute name= "Current Time Running" value="159554" />
  <attribute name ="GC Interval" value="2329" />
  <attribute name="Target GC Util Change" value ="80.000000" />
  <attribute name="Current GC Util Change" value="10.000000"/>
  <attribute name="Current Error" value="272.000000" />
  <attribute name="Output H" value="162343136"/>
  <attribute name="Output I" value="2328"/>
  <attribute name="Output T" value="16"/>
  <attribute name= "Current Time Running" value="159554" />
  <attribute name="GC Util currently" value="10" />
  <attribute name="CPU Util currently" value="1430851621" />
<allocation-satisfied id="4592" threadId="0000000001682E00" bytesRequested="88" />
<af-end id="4593" timestamp="2019-08-09T17:55:53.690" threadId="0000000001683788" success="true" from="nursery"/>
<exclusive-end id="4594" timestamp="2019-08-09T17:55:53.690" durationms="70.090" />

<exclusive-start id="4595" timestamp="2019-08-09T17:55:53.982" intervalms="362.163">
  <response-info timems="3.755" idlems="2.401" threads="2" lastid="0000000001659B00" lastname="PmdThread 14" />
</exclusive-start>
<af-start id="4596" threadId="0000000001670B88" totalBytesRequested="40" timestamp="2019-08-09T17:55:53.982" intervalms="362.150" type="nursery" />
<cycle-start id="4597" type="scavenge" contextid="0" timestamp="2019-08-09T17:55:53.982" intervalms="362.139" />
<gc-start id="4598" type="scavenge" contextid="4597" timestamp="2019-08-09T17:55:53.983">
  <mem-info id="4599" free="2101480" total="162267136" percent="1">
    <mem type="nursery" free="0" total="141950976" percent="0">
      <mem type="allocate" free="0" total="113377280" percent="0" />
      <mem type="survivor" free="0" total="28573696" percent="0" />
    </mem>
    <mem type="tenure" free="2101480" total="20316160" percent="10">
      <mem type="soa" free="1898728" total="20113408" percent="9" />
      <mem type="loa" free="202752" total="202752" percent="100" />
    </mem>
    <remembered-set count="3676" />
  </mem-info>
</gc-start>
<allocation-stats totalBytes="94314192" >
  <allocated-bytes non-tlh="19240" tlh="94294952" />
  <largest-consumer threadName="PmdThread 9" threadId="0000000001668B00" bytes="11713712" />
</allocation-stats>
<gc-op id="4600" type="scavenge" timems="22.285" contextid="4597" timestamp="2019-08-09T17:55:54.005">
  <scavenger-info tenureage="3" tenuremask="fff8" tiltratio="79" />
  <memory-copied type="nursery" objects="495634" bytes="20664656" bytesdiscarded="175768" />
  <memory-copied type="tenure" objects="2007" bytes="374672" bytesdiscarded="440" />
  <finalization candidates="3" enqueued="0" />
  <ownableSynchronizers candidates="19" cleared="0" />
  <references type="soft" candidates="155" cleared="0" enqueued="0" dynamicThreshold="3" maxThreshold="32" />
  <references type="weak" candidates="1177" cleared="935" enqueued="932" />
  <references type="phantom" candidates="341" cleared="135" enqueued="135" />
</gc-op>
<heap-resize id="4601" type="expand" space="nursery" amount="6422528" count="1" timems="0.019" reason="excessive time being spent scavenging" timestamp="2019-08-09T17:55:54.005" />
<gc-end id="4602" type="scavenge" contextid="4597" durationms="22.746" usertimems="76.129" systemtimems="0.000" timestamp="2019-08-09T17:55:54.005" activeThreads="16">
  <mem-info id="4603" free="100420064" total="168689664" percent="59">
    <mem type="nursery" free="98905416" total="148373504" percent="66">
      <mem type="allocate" free="98905416" total="119799808" percent="82" />
      <mem type="survivor" free="0" total="28573696" percent="0" />
    </mem>
    <mem type="tenure" free="1514648" total="20316160" percent="7" macro-fragmented="6319">
      <mem type="soa" free="1311896" total="20113408" percent="6" />
      <mem type="loa" free="202752" total="202752" percent="100" />
    </mem>
    <pending-finalizers system="0" default="0" reference="1067" classloader="0" />
    <remembered-set count="1240" />
  </mem-info>
</gc-end>
<cycle-end id="4604" type="scavenge" contextid="4597" timestamp="2019-08-09T17:55:54.006" />
  <attribute name="elasticGC enabled" value="1" />
  <attribute name= "numThreadsSpecified" value="16" />
  <attribute name="heapSize specified" value="162136064" />
  <attribute name="Current GC Util" value="40" />
  <attribute name= "Current Time Running" value="159916" />
  <attribute name ="GC Interval" value="2369" />
  <attribute name="Target GC Util Change" value ="80.000000" />
  <attribute name="Current GC Util Change" value="40.000000"/>
  <attribute name="Current Error" value="312.000000" />
  <attribute name="Output H" value="162343176"/>
  <attribute name="Output I" value="2368"/>
  <attribute name="Output T" value="16"/>
  <attribute name= "Current Time Running" value="159916" />
  <attribute name="GC Util currently" value="40" />
  <attribute name="CPU Util currently" value="3183827695" />
<allocation-satisfied id="4605" threadId="0000000001670200" bytesRequested="40" />
<af-end id="4606" timestamp="2019-08-09T17:55:54.006" threadId="0000000001670B88" success="true" from="nursery"/>
<exclusive-end id="4607" timestamp="2019-08-09T17:55:54.006" durationms="23.250" />

<exclusive-start id="4608" timestamp="2019-08-09T17:55:54.228" intervalms="246.102">
  <response-info timems="1.007" idlems="0.507" threads="1" lastid="0000000001661300" lastname="PmdThread 2" />
</exclusive-start>
<af-start id="4609" threadId="0000000001678388" totalBytesRequested="24" timestamp="2019-08-09T17:55:54.229" intervalms="246.113" type="nursery" />
<cycle-start id="4610" type="scavenge" contextid="0" timestamp="2019-08-09T17:55:54.229" intervalms="246.125" />
<gc-start id="4611" type="scavenge" contextid="4610" timestamp="2019-08-09T17:55:54.229">
  <mem-info id="4612" free="1494808" total="168689664" percent="0">
    <mem type="nursery" free="0" total="148373504" percent="0">
      <mem type="allocate" free="0" total="119799808" percent="0" />
      <mem type="survivor" free="0" total="28573696" percent="0" />
    </mem>
    <mem type="tenure" free="1494808" total="20316160" percent="7">
      <mem type="soa" free="1292056" total="20113408" percent="6" />
      <mem type="loa" free="202752" total="202752" percent="100" />
    </mem>
    <remembered-set count="1438" />
  </mem-info>
</gc-start>
<allocation-stats totalBytes="98888904" >
  <allocated-bytes non-tlh="463080" tlh="98425824" />
  <largest-consumer threadName="PmdThread 7" threadId="0000000001655F00" bytes="14170784" />
</allocation-stats>
<gc-op id="4613" type="scavenge" timems="19.090" contextid="4610" timestamp="2019-08-09T17:55:54.248">
  <scavenger-info tenureage="6" tenuremask="ffc0" tiltratio="80" />
  <memory-copied type="nursery" objects="490842" bytes="20533752" bytesdiscarded="192088" />
  <finalization candidates="3" enqueued="0" />
  <ownableSynchronizers candidates="19" cleared="0" />
  <references type="soft" candidates="155" cleared="0" enqueued="0" dynamicThreshold="3" maxThreshold="32" />
  <references type="weak" candidates="1324" cleared="1079" enqueued="1071" />
  <references type="phantom" candidates="323" cleared="121" enqueued="121" />
</gc-op>
<gc-end id="4614" type="scavenge" contextid="4610" durationms="19.706" usertimems="106.387" systemtimems="0.000" timestamp="2019-08-09T17:55:54.248" activeThreads="16">
  <mem-info id="4615" free="103819256" total="168689664" percent="61">
    <mem type="nursery" free="102324448" total="148373504" percent="68">
      <mem type="allocate" free="102324448" total="123076608" percent="83" />
      <mem type="survivor" free="0" total="25296896" percent="0" />
    </mem>
    <mem type="tenure" free="1494808" total="20316160" percent="7" macro-fragmented="0">
      <mem type="soa" free="1292056" total="20113408" percent="6" />
      <mem type="loa" free="202752" total="202752" percent="100" />
    </mem>
    <pending-finalizers system="0" default="0" reference="1192" classloader="0" />
    <remembered-set count="1310" />
  </mem-info>
</gc-end>
<cycle-end id="4616" type="scavenge" contextid="4610" timestamp="2019-08-09T17:55:54.249" />
  <attribute name="elasticGC enabled" value="1" />
  <attribute name= "numThreadsSpecified" value="16" />
  <attribute name="heapSize specified" value="162136064" />
  <attribute name="Current GC Util" value="29" />
  <attribute name= "Current Time Running" value="160162" />
  <attribute name ="GC Interval" value="2433" />
  <attribute name="Target GC Util Change" value ="80.000000" />
  <attribute name="Current GC Util Change" value="29.000000"/>
  <attribute name="Current Error" value="363.000000" />
  <attribute name="Output H" value="168765768"/>
  <attribute name="Output I" value="2432"/>
  <attribute name="Output T" value="16"/>
  <attribute name= "Current Time Running" value="160162" />
  <attribute name="GC Util currently" value="29" />
  <attribute name="CPU Util currently" value="4682986434" />
<allocation-satisfied id="4617" threadId="0000000001677A00" bytesRequested="24" />
<af-end id="4618" timestamp="2019-08-09T17:55:54.249" threadId="0000000001678388" success="true" from="nursery"/>
<exclusive-end id="4619" timestamp="2019-08-09T17:55:54.249" durationms="20.533" />

<exclusive-start id="4620" timestamp="2019-08-09T17:55:54.449" intervalms="220.011">
  <response-info timems="1.412" idlems="1.412" threads="0" lastid="00000000016AC100" lastname="PmdThread 10" />
</exclusive-start>
<af-start id="4621" threadId="00000000016ACA88" totalBytesRequested="16" timestamp="2019-08-09T17:55:54.449" intervalms="220.033" type="nursery" />
<cycle-start id="4622" type="scavenge" contextid="0" timestamp="2019-08-09T17:55:54.449" intervalms="220.030" />
<gc-start id="4623" type="scavenge" contextid="4622" timestamp="2019-08-09T17:55:54.449">
  <mem-info id="4624" free="1471664" total="168689664" percent="0">
    <mem type="nursery" free="0" total="148373504" percent="0">
      <mem type="allocate" free="0" total="123076608" percent="0" />
      <mem type="survivor" free="0" total="25296896" percent="0" />
    </mem>
    <mem type="tenure" free="1471664" total="20316160" percent="7">
      <mem type="soa" free="1268912" total="20113408" percent="6" />
      <mem type="loa" free="202752" total="202752" percent="100" />
    </mem>
    <remembered-set count="1593" />
  </mem-info>
</gc-start>
<allocation-stats totalBytes="102283552" >
  <allocated-bytes non-tlh="23168" tlh="102260384" />
  <largest-consumer threadName="PmdThread 14" threadId="0000000001659B00" bytes="11729072" />
</allocation-stats>
<gc-op id="4625" type="scavenge" timems="26.309" contextid="4622" timestamp="2019-08-09T17:55:54.475">
  <scavenger-info tenureage="5" tenuremask="ffe0" tiltratio="82" />
  <memory-copied type="nursery" objects="513607" bytes="20991608" bytesdiscarded="491736" />
  <finalization candidates="4" enqueued="0" />
  <ownableSynchronizers candidates="19" cleared="5" />
  <references type="soft" candidates="152" cleared="0" enqueued="0" dynamicThreshold="3" maxThreshold="32" />
  <references type="weak" candidates="2339" cleared="1957" enqueued="1892" />
  <references type="phantom" candidates="371" cleared="170" enqueued="170" />
</gc-op>
<heap-resize id="4626" type="expand" space="nursery" amount="9830400" count="1" timems="0.019" reason="excessive time being spent scavenging" timestamp="2019-08-09T17:55:54.475" />
<gc-end id="4627" type="scavenge" contextid="4622" durationms="26.852" usertimems="170.775" systemtimems="0.000" timestamp="2019-08-09T17:55:54.476" activeThreads="16">
  <mem-info id="4628" free="110750528" total="178520064" percent="62">
    <mem type="nursery" free="109278864" total="158203904" percent="69">
      <mem type="allocate" free="109278864" total="130809856" percent="83" />
      <mem type="survivor" free="0" total="27394048" percent="0" />
    </mem>
    <mem type="tenure" free="1471664" total="20316160" percent="7" macro-fragmented="0">
      <mem type="soa" free="1268912" total="20113408" percent="6" />
      <mem type="loa" free="202752" total="202752" percent="100" />
    </mem>
    <pending-finalizers system="0" default="0" reference="2062" classloader="0" />
    <remembered-set count="1506" />
  </mem-info>
</gc-end>
<cycle-end id="4629" type="scavenge" contextid="4622" timestamp="2019-08-09T17:55:54.476" />
  <attribute name="elasticGC enabled" value="1" />
  <attribute name= "numThreadsSpecified" value="16" />
  <attribute name="heapSize specified" value="162136064" />
  <attribute name="Current GC Util" value="46" />
  <attribute name= "Current Time Running" value="160382" />
  <attribute name ="GC Interval" value="2049" />
  <attribute name="Target GC Util Change" value ="80.000000" />
  <attribute name="Current GC Util Change" value="46.000000"/>
  <attribute name="Current Error" value="34.000000" />
  <attribute name="Output H" value="168765384"/>
  <attribute name="Output I" value="2048"/>
  <attribute name="Output T" value="16"/>
  <attribute name= "Current Time Running" value="160382" />
  <attribute name="GC Util currently" value="46" />
  <attribute name="CPU Util currently" value="5237836052" />
<allocation-satisfied id="4630" threadId="00000000016AC100" bytesRequested="16" />
<af-end id="4631" timestamp="2019-08-09T17:55:54.476" threadId="00000000016ACA88" success="true" from="nursery"/>
<exclusive-end id="4632" timestamp="2019-08-09T17:55:54.476" durationms="27.584" />

===== DaCapo 9.12-MR1 pmd PASSED in 5470 msec =====
Using scaled threading model. 16 processors detected, 16 threads used to drive the workload, in a possible range of [1,512]
<exclusive-start id="4633" timestamp="2019-08-09T17:55:55.036" intervalms="587.297">
  <response-info timems="0.026" idlems="0.026" threads="0" lastid="0000000001367F00" lastname="main" />
</exclusive-start>
<sys-start reason="explicit" id="4634" timestamp="2019-08-09T17:55:55.036" intervalms="6140.050" />
<cycle-start id="4635" type="global" contextid="0" timestamp="2019-08-09T17:55:55.036" intervalms="6136.417" />
<gc-start id="4636" type="global" contextid="4635" timestamp="2019-08-09T17:55:55.036">
  <mem-info id="4637" free="14819632" total="178520064" percent="8">
    <mem type="nursery" free="13387368" total="158203904" percent="8">
      <mem type="allocate" free="13387368" total="130809856" percent="10" />
      <mem type="survivor" free="0" total="27394048" percent="0" />
    </mem>
    <mem type="tenure" free="1432264" total="20316160" percent="7">
      <mem type="soa" free="1229512" total="20113408" percent="6" />
      <mem type="loa" free="202752" total="202752" percent="100" />
    </mem>
    <remembered-set count="2199" />
  </mem-info>
</gc-start>
<allocation-stats totalBytes="95856792" >
  <allocated-bytes non-tlh="2923024" tlh="92933768" />
  <largest-consumer threadName="main" threadId="0000000001367F00" bytes="9771120" />
</allocation-stats>
<gc-op id="4638" type="mark" timems="16.396" contextid="4635" timestamp="2019-08-09T17:55:55.053">
  <trace-info objectcount="613823" scancount="531903" scanbytes="13769944" />
  <finalization candidates="152" enqueued="1" />
  <ownableSynchronizers candidates="37" cleared="14" />
  <references type="soft" candidates="1907" cleared="0" enqueued="0" dynamicThreshold="3" maxThreshold="32" />
  <references type="weak" candidates="7737" cleared="1629" enqueued="1606" />
  <references type="phantom" candidates="311" cleared="15" enqueued="15" />
  <stringconstants candidates="15829" cleared="1774"  />
</gc-op>
<gc-op id="4639" type="classunload" timems="14.643" contextid="4635" timestamp="2019-08-09T17:55:55.067">
  <classunload-info classloadercandidates="58" classloadersunloaded="4" classesunloaded="1006" anonymousclassesunloaded="0" quiescems="0.000" setupms="6.877" scanms="7.759" postms="0.007" />
</gc-op>
<gc-op id="4640" type="sweep" timems="2.022" contextid="4635" timestamp="2019-08-09T17:55:55.069" />
<mem-info id="4641" free="129784536" total="178520064" percent="72">
  <mem type="nursery" free="127885272" total="158203904" percent="80">
    <mem type="allocate" free="127885272" total="130809856" percent="97" />
    <mem type="survivor" free="0" total="27394048" percent="0" />
  </mem>
  <mem type="tenure" free="1899264" total="20316160" percent="9" micro-fragmented="22970" macro-fragmented="723458">
    <mem type="soa" free="1696512" total="20113408" percent="8" />
    <mem type="loa" free="202752" total="202752" percent="100" />
  </mem>
  <pending-finalizers system="1" default="0" reference="1621" classloader="0" />
  <remembered-set count="1007" />
</mem-info>
<gc-op id="4642" type="compact" timems="187.516" contextid="4635" timestamp="2019-08-09T17:55:55.257">
  <compact-info movecount="607071" movebytes="20807656" reason="compact to aid heap contraction" />
</gc-op>
<heap-resize id="4643" type="expand" space="tenure" amount="131072" count="1" timems="0.024" reason="satisfy allocation request" timestamp="2019-08-09T17:55:55.259" />
<gc-end id="4644" type="global" contextid="4635" durationms="223.226" usertimems="270.536" systemtimems="0.000" timestamp="2019-08-09T17:55:55.259" activeThreads="16">
  <mem-info id="4645" free="130168000" total="178651136" percent="72">
    <mem type="nursery" free="128110360" total="158203904" percent="80">
      <mem type="allocate" free="128110360" total="130809856" percent="97" />
      <mem type="survivor" free="0" total="27394048" percent="0" />
    </mem>
    <mem type="tenure" free="2057640" total="20447232" percent="10">
      <mem type="soa" free="1853864" total="20243456" percent="9" />
      <mem type="loa" free="203776" total="203776" percent="100" />
    </mem>
    <pending-finalizers system="1" default="0" reference="1621" classloader="0" />
    <remembered-set count="1007" />
  </mem-info>
</gc-end>
<cycle-end id="4646" type="global" contextid="4635" timestamp="2019-08-09T17:55:55.262" />
  <attribute name="elasticGC enabled" value="1" />
  <attribute name= "numThreadsSpecified" value="16" />
  <attribute name="heapSize specified" value="178520064" />
  <attribute name="Current GC Util" value="10" />
  <attribute name= "Current Time Running" value="161191" />
  <attribute name ="GC Interval" value="2049" />
  <attribute name="Target GC Util Change" value ="80.000000" />
  <attribute name="Current GC Util Change" value="10.000000"/>
  <attribute name="Current Error" value="-9.000000" />
  <attribute name="Output H" value="178595736"/>
  <attribute name="Output I" value="2000"/>
  <attribute name="Output T" value="16"/>
  <attribute name= "Current Time Running" value="161191" />
  <attribute name="GC Util currently" value="10" />
  <attribute name="CPU Util currently" value="6108026359" />
<sys-end id="4647" timestamp="2019-08-09T17:55:55.263" />
<exclusive-end id="4648" timestamp="2019-08-09T17:55:55.263" durationms="226.952" />

===== DaCapo 9.12-MR1 sunflow starting =====
<exclusive-start id="4649" timestamp="2019-08-09T17:55:57.161" intervalms="2124.901">
  <response-info timems="0.379" idlems="0.379" threads="1" lastid="00000000016A4900" lastname="Thread-34" />
</exclusive-start>
<af-start id="4650" threadId="0000000001678388" totalBytesRequested="24" timestamp="2019-08-09T17:55:57.161" intervalms="2712.318" type="nursery" />
<cycle-start id="4651" type="scavenge" contextid="0" timestamp="2019-08-09T17:55:57.161" intervalms="2712.319" />
<gc-start id="4652" type="scavenge" contextid="4651" timestamp="2019-08-09T17:55:57.161">
  <mem-info id="4653" free="1995088" total="178651136" percent="1">
    <mem type="nursery" free="0" total="158203904" percent="0">
      <mem type="allocate" free="0" total="130809856" percent="0" />
      <mem type="survivor" free="0" total="27394048" percent="0" />
    </mem>
    <mem type="tenure" free="1995088" total="20447232" percent="9">
      <mem type="soa" free="1791312" total="20243456" percent="8" />
      <mem type="loa" free="203776" total="203776" percent="100" />
    </mem>
    <remembered-set count="1865" />
  </mem-info>
</gc-start>
<allocation-stats totalBytes="128115688" >
  <allocated-bytes non-tlh="3326248" tlh="124789440" />
  <largest-consumer threadName="Thread-33" threadId="0000000001677A00" bytes="13350472" />
</allocation-stats>
<gc-op id="4654" type="scavenge" timems="8.536" contextid="4651" timestamp="2019-08-09T17:55:57.170">
  <scavenger-info tenureage="4" tenuremask="ffd0" tiltratio="82" />
  <memory-copied type="nursery" objects="128318" bytes="9205048" bytesdiscarded="298784" />
  <memory-copied type="tenure" objects="537" bytes="24504" bytesdiscarded="8" />
  <finalization candidates="71" enqueued="0" />
  <ownableSynchronizers candidates="44" cleared="42" />
  <references type="soft" candidates="57" cleared="0" enqueued="0" dynamicThreshold="3" maxThreshold="32" />
  <references type="weak" candidates="506" cleared="29" enqueued="27" />
  <references type="phantom" candidates="204" cleared="0" enqueued="0" />
</gc-op>
<gc-end id="4655" type="scavenge" contextid="4651" durationms="9.231" usertimems="19.664" systemtimems="9.389" timestamp="2019-08-09T17:55:57.170" activeThreads="16">
  <mem-info id="4656" free="124725512" total="178651136" percent="69">
    <mem type="nursery" free="123140536" total="158203904" percent="77">
      <mem type="allocate" free="123140536" total="132644864" percent="92" />
      <mem type="survivor" free="0" total="25559040" percent="0" />
    </mem>
    <mem type="tenure" free="1584976" total="20447232" percent="7" macro-fragmented="1041779">
      <mem type="soa" free="1381200" total="20243456" percent="6" />
      <mem type="loa" free="203776" total="203776" percent="100" />
    </mem>
    <pending-finalizers system="0" default="0" reference="27" classloader="0" />
    <remembered-set count="1892" />
  </mem-info>
</gc-end>
<cycle-end id="4657" type="scavenge" contextid="4651" timestamp="2019-08-09T17:55:57.171" />
  <attribute name="elasticGC enabled" value="1" />
  <attribute name= "numThreadsSpecified" value="16" />
  <attribute name="heapSize specified" value="178520064" />
  <attribute name="Current GC Util" value="10" />
  <attribute name= "Current Time Running" value="163094" />
  <attribute name ="GC Interval" value="2081" />
  <attribute name="Target GC Util Change" value ="80.000000" />
  <attribute name="Current GC Util Change" value="10.000000"/>
  <attribute name="Current Error" value="61.000000" />
  <attribute name="Output H" value="178726888"/>
  <attribute name="Output I" value="2080"/>
  <attribute name="Output T" value="16"/>
  <attribute name= "Current Time Running" value="163094" />
  <attribute name="GC Util currently" value="10" />
  <attribute name="CPU Util currently" value="15" />
<allocation-satisfied id="4658" threadId="0000000001677A00" bytesRequested="24" />
<af-end id="4659" timestamp="2019-08-09T17:55:57.171" threadId="0000000001678388" success="true" from="nursery"/>
<exclusive-end id="4660" timestamp="2019-08-09T17:55:57.171" durationms="9.982" />

<exclusive-start id="4661" timestamp="2019-08-09T17:55:57.269" intervalms="108.297">
  <response-info timems="4.488" idlems="4.488" threads="0" lastid="0000000001686A00" lastname="Thread-31" />
</exclusive-start>
<af-start id="4662" threadId="0000000001687388" totalBytesRequested="40" timestamp="2019-08-09T17:55:57.269" intervalms="108.169" type="nursery" />
<cycle-start id="4663" type="scavenge" contextid="0" timestamp="2019-08-09T17:55:57.269" intervalms="108.163" />
<gc-start id="4664" type="scavenge" contextid="4663" timestamp="2019-08-09T17:55:57.269">
  <mem-info id="4665" free="1584976" total="178651136" percent="0">
    <mem type="nursery" free="0" total="158203904" percent="0">
      <mem type="allocate" free="0" total="132644864" percent="0" />
      <mem type="survivor" free="0" total="25559040" percent="0" />
    </mem>
    <mem type="tenure" free="1584976" total="20447232" percent="7">
      <mem type="soa" free="1381200" total="20243456" percent="6" />
      <mem type="loa" free="203776" total="203776" percent="100" />
    </mem>
    <remembered-set count="1893" />
  </mem-info>
</gc-start>
<allocation-stats totalBytes="123125304" >
  <allocated-bytes non-tlh="24" tlh="123125280" />
  <largest-consumer threadName="Thread-22" threadId="0000000001682E00" bytes="15938152" />
</allocation-stats>
<gc-op id="4666" type="scavenge" timems="119.733" contextid="4663" timestamp="2019-08-09T17:55:57.389">
  <scavenger-info tenureage="7" tenuremask="ff80" tiltratio="83" />
  <memory-copied type="nursery" objects="119016" bytes="8982312" bytesdiscarded="142640" />
  <finalization candidates="71" enqueued="0" />
  <ownableSynchronizers candidates="2" cleared="0" />
  <references type="soft" candidates="57" cleared="0" enqueued="0" dynamicThreshold="3" maxThreshold="32" />
  <references type="weak" candidates="477" cleared="0" enqueued="0" />
  <references type="phantom" candidates="204" cleared="0" enqueued="0" />
</gc-op>
<heap-resize id="4667" type="expand" space="nursery" amount="45744128" count="1" timems="0.026" reason="excessive time being spent scavenging" timestamp="2019-08-09T17:55:57.413" />
<gc-end id="4668" type="scavenge" contextid="4663" durationms="144.441" usertimems="44.368" systemtimems="37.806" timestamp="2019-08-09T17:55:57.414" activeThreads="16">
  <mem-info id="4669" free="167309592" total="224395264" percent="74">
    <mem type="nursery" free="165724616" total="203948032" percent="81">
      <mem type="allocate" free="165724616" total="174850048" percent="94" />
      <mem type="survivor" free="0" total="29097984" percent="0" />
    </mem>
    <mem type="tenure" free="1584976" total="20447232" percent="7" macro-fragmented="1250136">
      <mem type="soa" free="1381200" total="20243456" percent="6" />
      <mem type="loa" free="203776" total="203776" percent="100" />
    </mem>
    <remembered-set count="1848" />
  </mem-info>
</gc-end>
<cycle-end id="4670" type="scavenge" contextid="4663" timestamp="2019-08-09T17:55:57.414" />
  <attribute name="elasticGC enabled" value="1" />
  <attribute name= "numThreadsSpecified" value="16" />
  <attribute name="heapSize specified" value="178520064" />
  <attribute name="Current GC Util" value="26" />
  <attribute name= "Current Time Running" value="163202" />
  <attribute name ="GC Interval" value="2073" />
  <attribute name="Target GC Util Change" value ="80.000000" />
  <attribute name="Current GC Util Change" value="26.000000"/>
  <attribute name="Current Error" value="54.000000" />
  <attribute name="Output H" value="178726880"/>
  <attribute name="Output I" value="2072"/>
  <attribute name="Output T" value="16"/>
  <attribute name= "Current Time Running" value="163202" />
  <attribute name="GC Util currently" value="26" />
  <attribute name="CPU Util currently" value="10657165838" />
<allocation-satisfied id="4671" threadId="0000000001686A00" bytesRequested="40" />
<af-end id="4672" timestamp="2019-08-09T17:55:57.414" threadId="0000000001687388" success="true" from="nursery"/>
<exclusive-end id="4673" timestamp="2019-08-09T17:55:57.414" durationms="144.741" />

<exclusive-start id="4674" timestamp="2019-08-09T17:55:57.773" intervalms="504.411">
  <response-info timems="7.394" idlems="7.394" threads="0" lastid="0000000001691D00" lastname="Thread-35" />
</exclusive-start>
<af-start id="4675" threadId="0000000001692688" totalBytesRequested="40" timestamp="2019-08-09T17:55:57.773" intervalms="504.403" type="nursery" />
<cycle-start id="4676" type="scavenge" contextid="0" timestamp="2019-08-09T17:55:57.774" intervalms="504.414" />
<gc-start id="4677" type="scavenge" contextid="4676" timestamp="2019-08-09T17:55:57.774">
  <mem-info id="4678" free="1584976" total="224395264" percent="0">
    <mem type="nursery" free="0" total="203948032" percent="0">
      <mem type="allocate" free="0" total="174850048" percent="0" />
      <mem type="survivor" free="0" total="29097984" percent="0" />
    </mem>
    <mem type="tenure" free="1584976" total="20447232" percent="7">
      <mem type="soa" free="1381200" total="20243456" percent="6" />
      <mem type="loa" free="203776" total="203776" percent="100" />
    </mem>
    <remembered-set count="1848" />
  </mem-info>
</gc-start>
<allocation-stats totalBytes="165705232" >
  <allocated-bytes non-tlh="40" tlh="165705192" />
  <largest-consumer threadName="Thread-35" threadId="0000000001691D00" bytes="20280968" />
</allocation-stats>
<gc-op id="4679" type="scavenge" timems="65.304" contextid="4676" timestamp="2019-08-09T17:55:57.839">
  <scavenger-info tenureage="3" tenuremask="fff8" tiltratio="85" />
  <memory-copied type="nursery" objects="123541" bytes="8970480" bytesdiscarded="167344" />
  <memory-copied type="tenure" objects="5083" bytes="243288" bytesdiscarded="120" />
  <finalization candidates="71" enqueued="0" />
  <ownableSynchronizers candidates="2" cleared="0" />
  <references type="soft" candidates="51" cleared="0" enqueued="0" dynamicThreshold="3" maxThreshold="32" />
  <references type="weak" candidates="176" cleared="0" enqueued="0" />
  <references type="phantom" candidates="10" cleared="0" enqueued="0" />
</gc-op>
<heap-resize id="4680" type="expand" space="nursery" amount="14286848" count="1" timems="0.021" reason="excessive time being spent scavenging" timestamp="2019-08-09T17:55:57.840" />
<gc-end id="4681" type="scavenge" contextid="4676" durationms="66.816" usertimems="57.192" systemtimems="24.869" timestamp="2019-08-09T17:55:57.841" activeThreads="16">
  <mem-info id="4682" free="188382440" total="238682112" percent="78">
    <mem type="nursery" free="187207576" total="218234880" percent="85">
      <mem type="allocate" free="187207576" total="196345856" percent="95" />
      <mem type="survivor" free="0" total="21889024" percent="0" />
    </mem>
    <mem type="tenure" free="1174864" total="20447232" percent="5" macro-fragmented="723458">
      <mem type="soa" free="971088" total="20243456" percent="4" />
      <mem type="loa" free="203776" total="203776" percent="100" />
    </mem>
    <remembered-set count="573" />
  </mem-info>
</gc-end>
<cycle-end id="4683" type="scavenge" contextid="4676" timestamp="2019-08-09T17:55:57.841" />
  <attribute name="elasticGC enabled" value="1" />
  <attribute name= "numThreadsSpecified" value="16" />
  <attribute name="heapSize specified" value="178520064" />
  <attribute name="Current GC Util" value="16" />
  <attribute name= "Current Time Running" value="163707" />
  <attribute name ="GC Interval" value="2145" />
  <attribute name="Target GC Util Change" value ="80.000000" />
  <attribute name="Current GC Util Change" value="16.000000"/>
  <attribute name="Current Error" value="118.000000" />
  <attribute name="Output H" value="224471080"/>
  <attribute name="Output I" value="2144"/>
  <attribute name="Output T" value="16"/>
  <attribute name= "Current Time Running" value="163707" />
  <attribute name="GC Util currently" value="16" />
  <attribute name="CPU Util currently" value="2284088014" />
<allocation-satisfied id="4684" threadId="0000000001691D00" bytesRequested="40" />
<af-end id="4685" timestamp="2019-08-09T17:55:57.841" threadId="0000000001692688" success="true" from="nursery"/>
<exclusive-end id="4686" timestamp="2019-08-09T17:55:57.841" durationms="68.046" />

<exclusive-start id="4687" timestamp="2019-08-09T17:55:58.064" intervalms="290.581">
  <response-info timems="1.149" idlems="1.149" threads="0" lastid="000000000169D100" lastname="Thread-21" />
</exclusive-start>
<af-start id="4688" threadId="000000000169DA88" totalBytesRequested="40" timestamp="2019-08-09T17:55:58.064" intervalms="290.591" type="nursery" />
<cycle-start id="4689" type="scavenge" contextid="0" timestamp="2019-08-09T17:55:58.064" intervalms="290.590" />
<gc-start id="4690" type="scavenge" contextid="4689" timestamp="2019-08-09T17:55:58.064">
  <mem-info id="4691" free="1174864" total="238682112" percent="0">
    <mem type="nursery" free="0" total="218234880" percent="0">
      <mem type="allocate" free="0" total="196345856" percent="0" />
      <mem type="survivor" free="0" total="21889024" percent="0" />
    </mem>
    <mem type="tenure" free="1174864" total="20447232" percent="5">
      <mem type="soa" free="971088" total="20243456" percent="4" />
      <mem type="loa" free="203776" total="203776" percent="100" />
    </mem>
    <remembered-set count="573" />
  </mem-info>
</gc-start>
<allocation-stats totalBytes="187186696" >
  <allocated-bytes non-tlh="40" tlh="187186656" />
  <largest-consumer threadName="Thread-35" threadId="0000000001691D00" bytes="20674216" />
</allocation-stats>
<gc-op id="4692" type="scavenge" timems="7.307" contextid="4689" timestamp="2019-08-09T17:55:58.072">
  <scavenger-info tenureage="7" tenuremask="fe80" tiltratio="89" />
  <memory-copied type="nursery" objects="129962" bytes="9123120" bytesdiscarded="358792" />
  <finalization candidates="67" enqueued="0" />
  <ownableSynchronizers candidates="2" cleared="0" />
  <references type="soft" candidates="51" cleared="0" enqueued="0" dynamicThreshold="3" maxThreshold="32" />
  <references type="weak" candidates="176" cleared="0" enqueued="0" />
  <references type="phantom" candidates="10" cleared="0" enqueued="0" />
</gc-op>
<gc-end id="4693" type="scavenge" contextid="4689" durationms="7.662" usertimems="25.972" systemtimems="0.000" timestamp="2019-08-09T17:55:58.072" activeThreads="16">
  <mem-info id="4694" free="188103888" total="238682112" percent="78">
    <mem type="nursery" free="186929024" total="218234880" percent="85">
      <mem type="allocate" free="186929024" total="196411392" percent="95" />
      <mem type="survivor" free="0" total="21823488" percent="0" />
    </mem>
    <mem type="tenure" free="1174864" total="20447232" percent="5" macro-fragmented="602881">
      <mem type="soa" free="971088" total="20243456" percent="4" />
      <mem type="loa" free="203776" total="203776" percent="100" />
    </mem>
    <remembered-set count="573" />
  </mem-info>
</gc-end>
<cycle-end id="4695" type="scavenge" contextid="4689" timestamp="2019-08-09T17:55:58.072" />
  <attribute name="elasticGC enabled" value="1" />
  <attribute name= "numThreadsSpecified" value="16" />
  <attribute name="heapSize specified" value="178520064" />
  <attribute name="Current GC Util" value="23" />
  <attribute name= "Current Time Running" value="163997" />
  <attribute name ="GC Interval" value="2217" />
  <attribute name="Target GC Util Change" value ="80.000000" />
  <attribute name="Current GC Util Change" value="23.000000"/>
  <attribute name="Current Error" value="175.000000" />
  <attribute name="Output H" value="238758000"/>
  <attribute name="Output I" value="2216"/>
  <attribute name="Output T" value="16"/>
  <attribute name= "Current Time Running" value="163997" />
  <attribute name="GC Util currently" value="23" />
  <attribute name="CPU Util currently" value="3972031859" />
<allocation-satisfied id="4696" threadId="000000000169D100" bytesRequested="40" />
<af-end id="4697" timestamp="2019-08-09T17:55:58.072" threadId="000000000169DA88" success="true" from="nursery"/>
<exclusive-end id="4698" timestamp="2019-08-09T17:55:58.072" durationms="8.104" />

<exclusive-start id="4699" timestamp="2019-08-09T17:55:58.340" intervalms="275.961">
  <response-info timems="8.108" idlems="2.154" threads="3" lastid="0000000001691D00" lastname="Thread-35" />
</exclusive-start>
<af-start id="4700" threadId="0000000001656888" totalBytesRequested="40" timestamp="2019-08-09T17:55:58.340" intervalms="275.952" type="nursery" />
<cycle-start id="4701" type="scavenge" contextid="0" timestamp="2019-08-09T17:55:58.340" intervalms="275.945" />
<gc-start id="4702" type="scavenge" contextid="4701" timestamp="2019-08-09T17:55:58.340">
  <mem-info id="4703" free="1174864" total="238682112" percent="0">
    <mem type="nursery" free="0" total="218234880" percent="0">
      <mem type="allocate" free="0" total="196411392" percent="0" />
      <mem type="survivor" free="0" total="21823488" percent="0" />
    </mem>
    <mem type="tenure" free="1174864" total="20447232" percent="5">
      <mem type="soa" free="971088" total="20243456" percent="4" />
      <mem type="loa" free="203776" total="203776" percent="100" />
    </mem>
    <remembered-set count="573" />
  </mem-info>
</gc-start>
<allocation-stats totalBytes="186906456" >
  <allocated-bytes non-tlh="40" tlh="186906416" />
  <largest-consumer threadName="Thread-25" threadId="0000000001668B00" bytes="18445992" />
</allocation-stats>
<gc-op id="4704" type="scavenge" timems="45.658" contextid="4701" timestamp="2019-08-09T17:55:58.386">
  <scavenger-info tenureage="5" tenuremask="ffe0" tiltratio="90" />
  <memory-copied type="nursery" objects="134254" bytes="9227336" bytesdiscarded="273200" />
  <finalization candidates="67" enqueued="0" />
  <ownableSynchronizers candidates="2" cleared="0" />
  <references type="soft" candidates="51" cleared="0" enqueued="0" dynamicThreshold="3" maxThreshold="32" />
  <references type="weak" candidates="176" cleared="0" enqueued="0" />
  <references type="phantom" candidates="10" cleared="0" enqueued="0" />
</gc-op>
<heap-resize id="4705" type="expand" space="nursery" amount="14680064" count="1" timems="0.025" reason="excessive time being spent scavenging" timestamp="2019-08-09T17:55:58.386" />
<gc-end id="4706" type="scavenge" contextid="4701" durationms="45.902" usertimems="102.514" systemtimems="27.203" timestamp="2019-08-09T17:55:58.386" activeThreads="16">
  <mem-info id="4707" free="201258000" total="253362176" percent="79">
    <mem type="nursery" free="200083136" total="232914944" percent="85">
      <mem type="allocate" free="200083136" total="209584128" percent="95" />
      <mem type="survivor" free="0" total="23330816" percent="0" />
    </mem>
    <mem type="tenure" free="1174864" total="20447232" percent="5" macro-fragmented="840300">
      <mem type="soa" free="971088" total="20243456" percent="4" />
      <mem type="loa" free="203776" total="203776" percent="100" />
    </mem>
    <remembered-set count="573" />
  </mem-info>
</gc-end>
<cycle-end id="4708" type="scavenge" contextid="4701" timestamp="2019-08-09T17:55:58.386" />
  <attribute name="elasticGC enabled" value="1" />
  <attribute name= "numThreadsSpecified" value="16" />
  <attribute name="heapSize specified" value="178520064" />
  <attribute name="Current GC Util" value="8" />
  <attribute name= "Current Time Running" value="164273" />
  <attribute name ="GC Interval" value="2297" />
  <attribute name="Target GC Util Change" value ="80.000000" />
  <attribute name="Current GC Util Change" value="8.000000"/>
  <attribute name="Current Error" value="247.000000" />
  <attribute name="Output H" value="238758080"/>
  <attribute name="Output I" value="2296"/>
  <attribute name="Output T" value="16"/>
  <attribute name= "Current Time Running" value="164273" />
  <attribute name="GC Util currently" value="8" />
  <attribute name="CPU Util currently" value="4177314544" />
<allocation-satisfied id="4709" threadId="0000000001655F00" bytesRequested="40" />
<af-end id="4710" timestamp="2019-08-09T17:55:58.386" threadId="0000000001656888" success="true" from="nursery"/>
<exclusive-end id="4711" timestamp="2019-08-09T17:55:58.386" durationms="46.213" />

<exclusive-start id="4712" timestamp="2019-08-09T17:55:58.868" intervalms="528.055">
  <response-info timems="1.524" idlems="0.456" threads="5" lastid="000000000169D100" lastname="Thread-21" />
</exclusive-start>
<af-start id="4713" threadId="00000000016ACA88" totalBytesRequested="40" timestamp="2019-08-09T17:55:58.868" intervalms="528.027" type="nursery" />
<cycle-start id="4714" type="scavenge" contextid="0" timestamp="2019-08-09T17:55:58.868" intervalms="528.132" />
<gc-start id="4715" type="scavenge" contextid="4714" timestamp="2019-08-09T17:55:58.869">
  <mem-info id="4716" free="1174864" total="253362176" percent="0">
    <mem type="nursery" free="0" total="232914944" percent="0">
      <mem type="allocate" free="0" total="209584128" percent="0" />
      <mem type="survivor" free="0" total="23330816" percent="0" />
    </mem>
    <mem type="tenure" free="1174864" total="20447232" percent="5">
      <mem type="soa" free="971088" total="20243456" percent="4" />
      <mem type="loa" free="203776" total="203776" percent="100" />
    </mem>
    <remembered-set count="573" />
  </mem-info>
</gc-start>
<allocation-stats totalBytes="200058936" >
  <allocated-bytes non-tlh="40" tlh="200058896" />
  <largest-consumer threadName="Thread-28" threadId="0000000001652300" bytes="31682664" />
</allocation-stats>
<gc-op id="4717" type="scavenge" timems="152.336" contextid="4714" timestamp="2019-08-09T17:55:59.021">
  <scavenger-info tenureage="6" tenuremask="ffc0" tiltratio="89" />
  <memory-copied type="nursery" objects="141638" bytes="9404568" bytesdiscarded="188040" />
  <finalization candidates="67" enqueued="0" />
  <ownableSynchronizers candidates="2" cleared="0" />
  <references type="soft" candidates="51" cleared="0" enqueued="0" dynamicThreshold="3" maxThreshold="32" />
  <references type="weak" candidates="176" cleared="0" enqueued="0" />
  <references type="phantom" candidates="10" cleared="0" enqueued="0" />
</gc-op>
<heap-resize id="4718" type="expand" space="nursery" amount="26214400" count="1" timems="0.189" reason="excessive time being spent scavenging" timestamp="2019-08-09T17:55:59.021" />
<gc-end id="4719" type="scavenge" contextid="4714" durationms="152.829" usertimems="48.360" systemtimems="66.687" timestamp="2019-08-09T17:55:59.021" activeThreads="16">
  <mem-info id="4720" free="224758888" total="279576576" percent="80">
    <mem type="nursery" free="223584024" total="259129344" percent="86">
      <mem type="allocate" free="223584024" total="233177088" percent="95" />
      <mem type="survivor" free="0" total="25952256" percent="0" />
    </mem>
    <mem type="tenure" free="1174864" total="20447232" percent="5" macro-fragmented="868149">
      <mem type="soa" free="971088" total="20243456" percent="4" />
      <mem type="loa" free="203776" total="203776" percent="100" />
    </mem>
    <remembered-set count="573" />
  </mem-info>
</gc-end>
<cycle-end id="4721" type="scavenge" contextid="4714" timestamp="2019-08-09T17:55:59.022" />
  <attribute name="elasticGC enabled" value="1" />
  <attribute name= "numThreadsSpecified" value="16" />
  <attribute name="heapSize specified" value="178520064" />
  <attribute name="Current GC Util" value="17" />
  <attribute name= "Current Time Running" value="164802" />
  <attribute name ="GC Interval" value="2369" />
  <attribute name="Target GC Util Change" value ="80.000000" />
  <attribute name="Current GC Util Change" value="17.000000"/>
  <attribute name="Current Error" value="310.000000" />
  <attribute name="Output H" value="253438216"/>
  <attribute name="Output I" value="2368"/>
  <attribute name="Output T" value="16"/>
  <attribute name= "Current Time Running" value="164802" />
  <attribute name="GC Util currently" value="17" />
  <attribute name="CPU Util currently" value="2182096462" />
<allocation-satisfied id="4722" threadId="00000000016AC100" bytesRequested="40" />
<af-end id="4723" timestamp="2019-08-09T17:55:59.022" threadId="00000000016ACA88" success="true" from="nursery"/>
<exclusive-end id="4724" timestamp="2019-08-09T17:55:59.022" durationms="153.758" />

<exclusive-start id="4725" timestamp="2019-08-09T17:55:59.323" intervalms="454.855">
  <response-info timems="5.172" idlems="5.172" threads="0" lastid="00000000016AC100" lastname="Thread-24" />
</exclusive-start>
<af-start id="4726" threadId="00000000016ACA88" totalBytesRequested="40" timestamp="2019-08-09T17:55:59.323" intervalms="454.872" type="nursery" />
<cycle-start id="4727" type="scavenge" contextid="0" timestamp="2019-08-09T17:55:59.323" intervalms="454.767" />
<gc-start id="4728" type="scavenge" contextid="4727" timestamp="2019-08-09T17:55:59.323">
  <mem-info id="4729" free="1174864" total="279576576" percent="0">
    <mem type="nursery" free="0" total="259129344" percent="0">
      <mem type="allocate" free="0" total="233177088" percent="0" />
      <mem type="survivor" free="0" total="25952256" percent="0" />
    </mem>
    <mem type="tenure" free="1174864" total="20447232" percent="5">
      <mem type="soa" free="971088" total="20243456" percent="4" />
      <mem type="loa" free="203776" total="203776" percent="100" />
    </mem>
    <remembered-set count="573" />
  </mem-info>
</gc-start>
<allocation-stats totalBytes="223574248" >
  <allocated-bytes non-tlh="40" tlh="223574208" />
  <largest-consumer threadName="Thread-24" threadId="00000000016AC100" bytes="20676056" />
</allocation-stats>
<gc-op id="4730" type="scavenge" timems="6.310" contextid="4727" timestamp="2019-08-09T17:55:59.329">
  <scavenger-info tenureage="14" tenuremask="4000" tiltratio="89" />
  <memory-copied type="nursery" objects="131214" bytes="9154296" bytesdiscarded="122088" />
  <finalization candidates="67" enqueued="0" />
  <ownableSynchronizers candidates="2" cleared="0" />
  <references type="soft" candidates="51" cleared="0" enqueued="0" dynamicThreshold="3" maxThreshold="32" />
  <references type="weak" candidates="176" cleared="0" enqueued="0" />
  <references type="phantom" candidates="10" cleared="0" enqueued="0" />
</gc-op>
<gc-end id="4731" type="scavenge" contextid="4727" durationms="6.541" usertimems="16.751" systemtimems="8.653" timestamp="2019-08-09T17:55:59.330" activeThreads="16">
  <mem-info id="4732" free="225075112" total="279576576" percent="80">
    <mem type="nursery" free="223900248" total="259129344" percent="86">
      <mem type="allocate" free="223900248" total="233177088" percent="96" />
      <mem type="survivor" free="0" total="25952256" percent="0" />
    </mem>
    <mem type="tenure" free="1174864" total="20447232" percent="5" macro-fragmented="418667">
      <mem type="soa" free="971088" total="20243456" percent="4" />
      <mem type="loa" free="203776" total="203776" percent="100" />
    </mem>
    <remembered-set count="573" />
  </mem-info>
</gc-end>
<cycle-end id="4733" type="scavenge" contextid="4727" timestamp="2019-08-09T17:55:59.330" />
  <attribute name="elasticGC enabled" value="1" />
  <attribute name= "numThreadsSpecified" value="16" />
  <attribute name="heapSize specified" value="178520064" />
  <attribute name="Current GC Util" value="25" />
  <attribute name= "Current Time Running" value="165256" />
  <attribute name ="GC Interval" value="2433" />
  <attribute name="Target GC Util Change" value ="80.000000" />
  <attribute name="Current GC Util Change" value="25.000000"/>
  <attribute name="Current Error" value="365.000000" />
  <attribute name="Output H" value="279652680"/>
  <attribute name="Output I" value="2432"/>
  <attribute name="Output T" value="16"/>
  <attribute name= "Current Time Running" value="165256" />
  <attribute name="GC Util currently" value="25" />
  <attribute name="CPU Util currently" value="2536828961" />
<allocation-satisfied id="4734" threadId="00000000016AC100" bytesRequested="40" />
<af-end id="4735" timestamp="2019-08-09T17:55:59.330" threadId="00000000016ACA88" success="true" from="nursery"/>
<exclusive-end id="4736" timestamp="2019-08-09T17:55:59.330" durationms="7.004" />

<exclusive-start id="4737" timestamp="2019-08-09T17:55:59.744" intervalms="421.590">
  <response-info timems="46.399" idlems="46.399" threads="0" lastid="000000000168E200" lastname="Thread-26" />
</exclusive-start>
<af-start id="4738" threadId="000000000168EB88" totalBytesRequested="40" timestamp="2019-08-09T17:55:59.745" intervalms="421.580" type="nursery" />
<cycle-start id="4739" type="scavenge" contextid="0" timestamp="2019-08-09T17:55:59.745" intervalms="421.581" />
<gc-start id="4740" type="scavenge" contextid="4739" timestamp="2019-08-09T17:55:59.745">
  <mem-info id="4741" free="1174864" total="279576576" percent="0">
    <mem type="nursery" free="0" total="259129344" percent="0">
      <mem type="allocate" free="0" total="233177088" percent="0" />
      <mem type="survivor" free="0" total="25952256" percent="0" />
    </mem>
    <mem type="tenure" free="1174864" total="20447232" percent="5">
      <mem type="soa" free="971088" total="20243456" percent="4" />
      <mem type="loa" free="203776" total="203776" percent="100" />
    </mem>
    <remembered-set count="573" />
  </mem-info>
</gc-start>
<allocation-stats totalBytes="223888616" >
  <allocated-bytes non-tlh="40" tlh="223888576" />
  <largest-consumer threadName="Thread-24" threadId="00000000016AC100" bytes="20675576" />
</allocation-stats>
<gc-op id="4742" type="scavenge" timems="257.913" contextid="4739" timestamp="2019-08-09T17:56:00.003">
  <scavenger-info tenureage="7" tenuremask="4080" tiltratio="89" />
  <memory-copied type="nursery" objects="104527" bytes="4712264" bytesdiscarded="294976" />
  <memory-copied type="tenure" objects="16646" bytes="4200984" bytesdiscarded="1112" />
  <finalization candidates="67" enqueued="0" />
  <ownableSynchronizers candidates="2" cleared="0" />
  <heap-resize type="expand" space="tenure" amount="3538944" count="22" timems="2.265" reason="continue current collection" />
</gc-op>
<heap-resize id="4743" type="expand" space="nursery" amount="47972352" count="1" timems="0.025" reason="excessive time being spent scavenging" timestamp="2019-08-09T17:56:00.003" />
<gc-end id="4744" type="scavenge" contextid="4739" durationms="258.320" usertimems="143.263" systemtimems="147.703" timestamp="2019-08-09T17:56:00.003" activeThreads="16">
  <mem-info id="4745" free="271534456" total="331087872" percent="82">
    <mem type="nursery" free="271292536" total="307101696" percent="88">
      <mem type="allocate" free="271292536" total="276299776" percent="98" />
      <mem type="survivor" free="0" total="30801920" percent="0" />
    </mem>
    <mem type="tenure" free="241920" total="23986176" percent="1" macro-fragmented="201903">
      <mem type="soa" free="2304" total="23746560" percent="0" />
      <mem type="loa" free="239616" total="239616" percent="100" />
    </mem>
    <remembered-set count="201" />
  </mem-info>
</gc-end>
<cycle-end id="4746" type="scavenge" contextid="4739" timestamp="2019-08-09T17:56:00.003" />
  <attribute name="elasticGC enabled" value="1" />
  <attribute name= "numThreadsSpecified" value="16" />
  <attribute name="heapSize specified" value="178520064" />
  <attribute name="Current GC Util" value="5" />
  <attribute name= "Current Time Running" value="165678" />
  <attribute name ="GC Interval" value="2097" />
  <attribute name="Target GC Util Change" value ="80.000000" />
  <attribute name="Current GC Util Change" value="5.000000"/>
  <attribute name="Current Error" value="75.000000" />
  <attribute name="Output H" value="279652344"/>
  <attribute name="Output I" value="2096"/>
  <attribute name="Output T" value="16"/>
  <attribute name= "Current Time Running" value="165678" />
  <attribute name="GC Util currently" value="5" />
  <attribute name="CPU Util currently" value="2734763360" />
<allocation-satisfied id="4747" threadId="000000000168E200" bytesRequested="40" />
<af-end id="4748" timestamp="2019-08-09T17:56:00.003" threadId="000000000168EB88" success="true" from="nursery"/>
<exclusive-end id="4749" timestamp="2019-08-09T17:56:00.003" durationms="258.745" />

<concurrent-kickoff id="4750" timestamp="2019-08-09T17:56:01.045">
  <kickoff reason="threshold reached" targetBytes="16001238" thresholdFreeBytes="2288385"  remainingFree="2201720" tenureFreeBytes="241920" nurseryFreeBytes="2201720" />
</concurrent-kickoff>
<exclusive-start id="4751" timestamp="2019-08-09T17:56:01.061" intervalms="1316.646">
  <response-info timems="6.739" idlems="0.892" threads="12" lastid="00000000016A0D00" lastname="Thread-23" />
</exclusive-start>
<cycle-start id="4752" type="global" contextid="0" timestamp="2019-08-09T17:56:01.061" intervalms="6025.139" />
<exclusive-end id="4753" timestamp="2019-08-09T17:56:01.061" durationms="0.050" />

<exclusive-start id="4754" timestamp="2019-08-09T17:56:01.065" intervalms="4.143">
  <response-info timems="0.332" idlems="0.244" threads="1" lastid="0000000001661300" lastname="Thread-29" />
</exclusive-start>
<af-start id="4755" threadId="000000000168EB88" totalBytesRequested="40" timestamp="2019-08-09T17:56:01.065" intervalms="1320.813" type="nursery" />
<cycle-start id="4756" type="scavenge" contextid="0" timestamp="2019-08-09T17:56:01.065" intervalms="1320.814" />
<gc-start id="4757" type="scavenge" contextid="4756" timestamp="2019-08-09T17:56:01.065">
  <mem-info id="4758" free="241920" total="331087872" percent="0">
    <mem type="nursery" free="0" total="307101696" percent="0">
      <mem type="allocate" free="0" total="276299776" percent="0" />
      <mem type="survivor" free="0" total="30801920" percent="0" />
    </mem>
    <mem type="tenure" free="241920" total="23986176" percent="1">
      <mem type="soa" free="2304" total="23746560" percent="0" />
      <mem type="loa" free="239616" total="239616" percent="100" />
    </mem>
    <remembered-set count="201" />
  </mem-info>
</gc-start>
<allocation-stats totalBytes="271284272" >
  <allocated-bytes non-tlh="40" tlh="271284232" />
  <largest-consumer threadName="Thread-23" threadId="00000000016A0D00" bytes="26967264" />
</allocation-stats>
<gc-op id="4759" type="scavenge" timems="5.616" contextid="4756" timestamp="2019-08-09T17:56:01.071">
  <scavenger-info tenureage="14" tenuremask="4000" tiltratio="89" />
  <memory-copied type="nursery" objects="109924" bytes="4842376" bytesdiscarded="217328" />
</gc-op>
<gc-end id="4760" type="scavenge" contextid="4756" durationms="5.984" usertimems="25.031" systemtimems="2.859" timestamp="2019-08-09T17:56:01.071" activeThreads="16">
  <mem-info id="4761" free="271547528" total="331087872" percent="82">
    <mem type="nursery" free="271305608" total="307101696" percent="88">
      <mem type="allocate" free="271305608" total="276365312" percent="98" />
      <mem type="survivor" free="0" total="30736384" percent="0" />
    </mem>
    <mem type="tenure" free="241920" total="23986176" percent="1" macro-fragmented="201903">
      <mem type="soa" free="2304" total="23746560" percent="0" />
      <mem type="loa" free="239616" total="239616" percent="100" />
    </mem>
    <remembered-set count="201" />
  </mem-info>
</gc-end>
<cycle-end id="4762" type="scavenge" contextid="4756" timestamp="2019-08-09T17:56:01.072" />
  <attribute name="elasticGC enabled" value="1" />
  <attribute name= "numThreadsSpecified" value="16" />
  <attribute name="heapSize specified" value="178520064" />
  <attribute name="Current GC Util" value="18" />
  <attribute name= "Current Time Running" value="166999" />
  <attribute name ="GC Interval" value="2169" />
  <attribute name="Target GC Util Change" value ="80.000000" />
  <attribute name="Current GC Util Change" value="18.000000"/>
  <attribute name="Current Error" value="137.000000" />
  <attribute name="Output H" value="331163712"/>
  <attribute name="Output I" value="2168"/>
  <attribute name="Output T" value="16"/>
  <attribute name= "Current Time Running" value="166999" />
  <attribute name="GC Util currently" value="18" />
  <attribute name="CPU Util currently" value="0" />
<allocation-satisfied id="4763" threadId="000000000168E200" bytesRequested="40" />
<af-end id="4764" timestamp="2019-08-09T17:56:01.075" threadId="000000000168EB88" success="true" from="nursery"/>
<exclusive-end id="4765" timestamp="2019-08-09T17:56:01.075" durationms="9.911" />

<exclusive-start id="4766" timestamp="2019-08-09T17:56:01.164" intervalms="99.008">
  <response-info timems="39.579" idlems="39.579" threads="0" lastid="00000000016A0D00" lastname="Thread-23" />
</exclusive-start>
<concurrent-collection-start id="4767" timestamp="2019-08-09T17:56:01.164" intervalms="34689.932" >
  <concurrent-trace-info reason="card cleaning threshold reached" tracedByMutators="13499292" tracedByHelpers="569700" cardsCleaned="16" workStackOverflowCount="0" />
</concurrent-collection-start>
<gc-start id="4768" type="global" contextid="4752" timestamp="2019-08-09T17:56:01.164">
  <mem-info id="4769" free="260258912" total="331087872" percent="78">
    <mem type="nursery" free="260016992" total="307101696" percent="84">
      <mem type="allocate" free="260016992" total="276365312" percent="94" />
      <mem type="survivor" free="0" total="30736384" percent="0" />
    </mem>
    <mem type="tenure" free="241920" total="23986176" percent="1">
      <mem type="soa" free="2304" total="23746560" percent="0" />
      <mem type="loa" free="239616" total="239616" percent="100" />
    </mem>
    <remembered-set count="201" />
  </mem-info>
</gc-start>
<allocation-stats totalBytes="11286568" >
  <allocated-bytes non-tlh="40" tlh="11286528" />
  <largest-consumer threadName="Thread-29" threadId="0000000001661300" bytes="2326120" />
</allocation-stats>
<gc-op id="4770" type="rs-scan" timems="16.068" contextid="4752" timestamp="2019-08-09T17:56:01.180">
  <scan objectsFound="77" bytesTraced="7464" workStackOverflowCount="0" />
</gc-op>
<gc-op id="4771" type="card-cleaning" timems="7.029" contextid="4752" timestamp="2019-08-09T17:56:01.188">
  <card-cleaning cardsCleaned="14" bytesTraced="10048" workStackOverflowCount="0" />
</gc-op>
<gc-op id="4772" type="mark" timems="10.723" contextid="4752" timestamp="2019-08-09T17:56:01.198">
  <trace-info objectcount="115019" scancount="114542" scanbytes="4961600" />
  <finalization candidates="151" enqueued="0" />
  <ownableSynchronizers candidates="23" cleared="0" />
  <references type="soft" candidates="1922" cleared="0" enqueued="0" dynamicThreshold="3" maxThreshold="32" />
  <references type="weak" candidates="6119" cleared="0" enqueued="0" />
  <references type="phantom" candidates="278" cleared="0" enqueued="0" />
  <stringconstants candidates="14613" cleared="1"  />
</gc-op>
<gc-op id="4773" type="sweep" timems="11.229" contextid="4752" timestamp="2019-08-09T17:56:01.210" />
<mem-info id="4774" free="272695888" total="331087872" percent="82">
  <mem type="nursery" free="271412704" total="307101696" percent="88">
    <mem type="allocate" free="271412704" total="276365312" percent="98" />
    <mem type="survivor" free="0" total="30736384" percent="0" />
  </mem>
  <mem type="tenure" free="1283184" total="23986176" percent="5" micro-fragmented="0" macro-fragmented="77664">
    <mem type="soa" free="1043568" total="23746560" percent="4" />
    <mem type="loa" free="239616" total="239616" percent="100" />
  </mem>
  <remembered-set count="201" />
</mem-info>
<gc-op id="4775" type="compact" timems="410.259" contextid="4752" timestamp="2019-08-09T17:56:01.620">
  <compact-info movecount="700358" movebytes="26572632" reason="compact to aid heap contraction" />
</gc-op>
<heap-resize id="4776" type="expand" space="tenure" amount="131072" count="1" timems="0.031" reason="satisfy allocation request" timestamp="2019-08-09T17:56:01.722" />
<gc-end id="4777" type="global" contextid="4752" durationms="557.711" usertimems="340.368" systemtimems="107.932" timestamp="2019-08-09T17:56:01.722" activeThreads="16">
  <mem-info id="4778" free="272905328" total="331218944" percent="82">
    <mem type="nursery" free="271486992" total="307101696" percent="88">
      <mem type="allocate" free="271486992" total="276365312" percent="98" />
      <mem type="survivor" free="0" total="30736384" percent="0" />
    </mem>
    <mem type="tenure" free="1418336" total="24117248" percent="5">
      <mem type="soa" free="1177696" total="23876608" percent="4" />
      <mem type="loa" free="240640" total="240640" percent="100" />
    </mem>
    <remembered-set count="201" />
  </mem-info>
</gc-end>
<cycle-end id="4779" type="global" contextid="4752" timestamp="2019-08-09T17:56:01.722" />
  <attribute name="elasticGC enabled" value="1" />
  <attribute name= "numThreadsSpecified" value="16" />
  <attribute name="heapSize specified" value="331087872" />
  <attribute name="Current GC Util" value="17" />
  <attribute name= "Current Time Running" value="167556" />
  <attribute name ="GC Interval" value="2169" />
  <attribute name="Target GC Util Change" value ="80.000000" />
  <attribute name="Current GC Util Change" value="17.000000"/>
  <attribute name="Current Error" value="-38.000000" />
  <attribute name="Output H" value="331163512"/>
  <attribute name="Output I" value="1968"/>
  <attribute name="Output T" value="16"/>
  <attribute name= "Current Time Running" value="167556" />
  <attribute name="GC Util currently" value="17" />
  <attribute name="CPU Util currently" value="2791020970" />
<concurrent-collection-end id="4780" timestamp="2019-08-09T17:56:01.722" />
<exclusive-end id="4781" timestamp="2019-08-09T17:56:01.722" durationms="557.962" />

<concurrent-kickoff id="4782" timestamp="2019-08-09T17:56:02.549">
  <kickoff reason="threshold reached" targetBytes="15714038" thresholdFreeBytes="2239663"  remainingFree="2129936" tenureFreeBytes="1418336" nurseryFreeBytes="2129936" />
</concurrent-kickoff>
<exclusive-start id="4783" timestamp="2019-08-09T17:56:02.559" intervalms="1394.376">
  <response-info timems="8.026" idlems="2.192" threads="3" lastid="000000000168E200" lastname="Thread-26" />
</exclusive-start>
<cycle-start id="4784" type="global" contextid="0" timestamp="2019-08-09T17:56:02.559" intervalms="1497.512" />
<exclusive-end id="4785" timestamp="2019-08-09T17:56:02.559" durationms="0.032" />

<exclusive-start id="4786" timestamp="2019-08-09T17:56:02.564" intervalms="5.427">
  <response-info timems="1.020" idlems="1.020" threads="0" lastid="0000000001668B00" lastname="Thread-25" />
</exclusive-start>
<af-start id="4787" threadId="0000000001669488" totalBytesRequested="24" timestamp="2019-08-09T17:56:02.564" intervalms="1498.923" type="nursery" />
<cycle-start id="4788" type="scavenge" contextid="0" timestamp="2019-08-09T17:56:02.564" intervalms="1498.977" />
<gc-start id="4789" type="scavenge" contextid="4788" timestamp="2019-08-09T17:56:02.564">
  <mem-info id="4790" free="1418336" total="331218944" percent="0">
    <mem type="nursery" free="0" total="307101696" percent="0">
      <mem type="allocate" free="0" total="276365312" percent="0" />
      <mem type="survivor" free="0" total="30736384" percent="0" />
    </mem>
    <mem type="tenure" free="1418336" total="24117248" percent="5">
      <mem type="soa" free="1177696" total="23876608" percent="4" />
      <mem type="loa" free="240640" total="240640" percent="100" />
    </mem>
    <remembered-set count="201" />
  </mem-info>
</gc-start>
<allocation-stats totalBytes="271468592" >
  <allocated-bytes non-tlh="0" tlh="271468592" />
  <largest-consumer threadName="Thread-24" threadId="00000000016AC100" bytes="26372440" />
</allocation-stats>
<gc-op id="4791" type="scavenge" timems="7.449" contextid="4788" timestamp="2019-08-09T17:56:02.572">
  <scavenger-info tenureage="14" tenuremask="4000" tiltratio="89" />
  <memory-copied type="nursery" objects="115071" bytes="4965864" bytesdiscarded="416976" />
  <ownableSynchronizers candidates="46" cleared="46" />
</gc-op>
<gc-end id="4792" type="scavenge" contextid="4788" durationms="8.147" usertimems="28.865" systemtimems="3.946" timestamp="2019-08-09T17:56:02.573" activeThreads="16">
  <mem-info id="4793" free="272400808" total="331218944" percent="82">
    <mem type="nursery" free="270982472" total="307101696" percent="88">
      <mem type="allocate" free="270982472" total="276365312" percent="98" />
      <mem type="survivor" free="0" total="30736384" percent="0" />
    </mem>
    <mem type="tenure" free="1418336" total="24117248" percent="5" macro-fragmented="502401">
      <mem type="soa" free="1177696" total="23876608" percent="4" />
      <mem type="loa" free="240640" total="240640" percent="100" />
    </mem>
    <remembered-set count="182" />
  </mem-info>
</gc-end>
<cycle-end id="4794" type="scavenge" contextid="4788" timestamp="2019-08-09T17:56:02.573" />
  <attribute name="elasticGC enabled" value="1" />
  <attribute name= "numThreadsSpecified" value="16" />
  <attribute name="heapSize specified" value="331087872" />
  <attribute name="Current GC Util" value="34" />
  <attribute name= "Current Time Running" value="168498" />
  <attribute name ="GC Interval" value="2025" />
  <attribute name="Target GC Util Change" value ="80.000000" />
  <attribute name="Current GC Util Change" value="34.000000"/>
  <attribute name="Current Error" value="8.000000" />
  <attribute name="Output H" value="331294640"/>
  <attribute name="Output I" value="2024"/>
  <attribute name="Output T" value="16"/>
  <attribute name= "Current Time Running" value="168498" />
  <attribute name="GC Util currently" value="34" />
  <attribute name="CPU Util currently" value="1224525538" />
<allocation-satisfied id="4795" threadId="0000000001668B00" bytesRequested="24" />
<af-end id="4796" timestamp="2019-08-09T17:56:02.576" threadId="0000000001669488" success="true" from="nursery"/>
<exclusive-end id="4797" timestamp="2019-08-09T17:56:02.576" durationms="11.478" />

<exclusive-start id="4798" timestamp="2019-08-09T17:56:02.620" intervalms="55.967">
  <response-info timems="6.774" idlems="6.774" threads="0" lastid="00000000016A0D00" lastname="Thread-23" />
</exclusive-start>
<concurrent-collection-start id="4799" timestamp="2019-08-09T17:56:02.620" intervalms="1455.751" >
  <concurrent-trace-info reason="card cleaning threshold reached" tracedByMutators="11471064" tracedByHelpers="2451476" cardsCleaned="22" workStackOverflowCount="0" />
</concurrent-collection-start>
<gc-start id="4800" type="global" contextid="4784" timestamp="2019-08-09T17:56:02.620">
  <mem-info id="4801" free="265834896" total="331218944" percent="80">
    <mem type="nursery" free="264416560" total="307101696" percent="86">
      <mem type="allocate" free="264416560" total="276365312" percent="95" />
      <mem type="survivor" free="0" total="30736384" percent="0" />
    </mem>
    <mem type="tenure" free="1418336" total="24117248" percent="5">
      <mem type="soa" free="1177696" total="23876608" percent="4" />
      <mem type="loa" free="240640" total="240640" percent="100" />
    </mem>
    <remembered-set count="182" />
  </mem-info>
</gc-start>
<allocation-stats totalBytes="6565136" >
  <allocated-bytes non-tlh="24" tlh="6565112" />
  <largest-consumer threadName="Thread-31" threadId="0000000001686A00" bytes="1056648" />
</allocation-stats>
<gc-op id="4802" type="rs-scan" timems="9.263" contextid="4784" timestamp="2019-08-09T17:56:02.630">
  <scan objectsFound="70" bytesTraced="7504" workStackOverflowCount="0" />
</gc-op>
<gc-op id="4803" type="card-cleaning" timems="2.341" contextid="4784" timestamp="2019-08-09T17:56:02.632">
  <card-cleaning cardsCleaned="14" bytesTraced="9800" workStackOverflowCount="0" />
</gc-op>
<gc-op id="4804" type="mark" timems="6.829" contextid="4784" timestamp="2019-08-09T17:56:02.639">
  <trace-info objectcount="118157" scancount="117891" scanbytes="5041464" />
  <finalization candidates="151" enqueued="0" />
  <ownableSynchronizers candidates="23" cleared="0" />
  <references type="soft" candidates="1922" cleared="67" enqueued="60" dynamicThreshold="1" maxThreshold="32" />
  <references type="weak" candidates="6119" cleared="0" enqueued="0" />
  <references type="phantom" candidates="278" cleared="0" enqueued="0" />
  <stringconstants candidates="14612" cleared="0"  />
</gc-op>
<gc-op id="4805" type="sweep" timems="8.089" contextid="4784" timestamp="2019-08-09T17:56:02.647" />
<mem-info id="4806" free="273051168" total="331218944" percent="82">
  <mem type="nursery" free="271306776" total="307101696" percent="88">
    <mem type="allocate" free="271306776" total="276365312" percent="98" />
    <mem type="survivor" free="0" total="30736384" percent="0" />
  </mem>
  <mem type="tenure" free="1744392" total="24117248" percent="7" micro-fragmented="13132" macro-fragmented="502401">
    <mem type="soa" free="1503752" total="23876608" percent="6" />
    <mem type="loa" free="240640" total="240640" percent="100" />
  </mem>
  <pending-finalizers system="0" default="0" reference="60" classloader="0" />
  <remembered-set count="182" />
</mem-info>
<gc-op id="4807" type="compact" timems="168.956" contextid="4784" timestamp="2019-08-09T17:56:02.816">
  <compact-info movecount="136535" movebytes="9477584" reason="compact to aid heap contraction" />
</gc-op>
<heap-resize id="4808" type="expand" space="tenure" amount="131072" count="1" timems="0.026" reason="satisfy allocation request" timestamp="2019-08-09T17:56:02.817" />
<gc-end id="4809" type="global" contextid="4784" durationms="197.036" usertimems="246.716" systemtimems="64.041" timestamp="2019-08-09T17:56:02.817" activeThreads="16">
  <mem-info id="4810" free="273272472" total="331350016" percent="82">
    <mem type="nursery" free="271383600" total="307101696" percent="88">
      <mem type="allocate" free="271383600" total="276365312" percent="98" />
      <mem type="survivor" free="0" total="30736384" percent="0" />
    </mem>
    <mem type="tenure" free="1888872" total="24248320" percent="7">
      <mem type="soa" free="1647208" total="24006656" percent="6" />
      <mem type="loa" free="241664" total="241664" percent="100" />
    </mem>
    <pending-finalizers system="0" default="0" reference="60" classloader="0" />
    <remembered-set count="182" />
  </mem-info>
</gc-end>
<cycle-end id="4811" type="global" contextid="4784" timestamp="2019-08-09T17:56:02.817" />
  <attribute name="elasticGC enabled" value="1" />
  <attribute name= "numThreadsSpecified" value="16" />
  <attribute name="heapSize specified" value="331218944" />
  <attribute name="Current GC Util" value="63" />
  <attribute name= "Current Time Running" value="168749" />
  <attribute name ="GC Interval" value="2025" />
  <attribute name="Target GC Util Change" value ="80.000000" />
  <attribute name="Current GC Util Change" value="63.000000"/>
  <attribute name="Current Error" value="-73.000000" />
  <attribute name="Output H" value="331294544"/>
  <attribute name="Output I" value="1928"/>
  <attribute name="Output T" value="16"/>
  <attribute name= "Current Time Running" value="168749" />
  <attribute name="GC Util currently" value="63" />
  <attribute name="CPU Util currently" value="6822291302" />
<concurrent-collection-end id="4812" timestamp="2019-08-09T17:56:02.817" />
<exclusive-end id="4813" timestamp="2019-08-09T17:56:02.817" durationms="197.360" />

<exclusive-start id="4814" timestamp="2019-08-09T17:56:03.643" intervalms="1022.862">
  <response-info timems="5.360" idlems="5.360" threads="0" lastid="0000000001677A00" lastname="Thread-33" />
</exclusive-start>
<af-start id="4815" threadId="0000000001678388" totalBytesRequested="40" timestamp="2019-08-09T17:56:03.645" intervalms="1081.112" type="nursery" />
<cycle-start id="4816" type="scavenge" contextid="0" timestamp="2019-08-09T17:56:03.645" intervalms="1081.063" />
<gc-start id="4817" type="scavenge" contextid="4816" timestamp="2019-08-09T17:56:03.645">
  <mem-info id="4818" free="1888872" total="331350016" percent="0">
    <mem type="nursery" free="0" total="307101696" percent="0">
      <mem type="allocate" free="0" total="276365312" percent="0" />
      <mem type="survivor" free="0" total="30736384" percent="0" />
    </mem>
    <mem type="tenure" free="1888872" total="24248320" percent="7">
      <mem type="soa" free="1647208" total="24006656" percent="6" />
      <mem type="loa" free="241664" total="241664" percent="100" />
    </mem>
    <remembered-set count="307" />
  </mem-info>
</gc-start>
<allocation-stats totalBytes="271349104" >
  <allocated-bytes non-tlh="0" tlh="271349104" />
  <largest-consumer threadName="Thread-27" threadId="0000000001655F00" bytes="34701216" />
</allocation-stats>
<gc-op id="4819" type="scavenge" timems="84.485" contextid="4816" timestamp="2019-08-09T17:56:03.730">
  <scavenger-info tenureage="14" tenuremask="4000" tiltratio="89" />
  <memory-copied type="nursery" objects="115662" bytes="4981232" bytesdiscarded="187984" />
  <ownableSynchronizers candidates="46" cleared="46" />
</gc-op>
<gc-end id="4820" type="scavenge" contextid="4816" durationms="84.730" usertimems="86.426" systemtimems="46.812" timestamp="2019-08-09T17:56:03.730" activeThreads="16">
  <mem-info id="4821" free="273084968" total="331350016" percent="82">
    <mem type="nursery" free="271196096" total="307101696" percent="88">
      <mem type="allocate" free="271196096" total="276365312" percent="98" />
      <mem type="survivor" free="0" total="30736384" percent="0" />
    </mem>
    <mem type="tenure" free="1888872" total="24248320" percent="7" macro-fragmented="1500163">
      <mem type="soa" free="1647208" total="24006656" percent="6" />
      <mem type="loa" free="241664" total="241664" percent="100" />
    </mem>
    <remembered-set count="241" />
  </mem-info>
</gc-end>
<cycle-end id="4822" type="scavenge" contextid="4816" timestamp="2019-08-09T17:56:03.730" />
  <attribute name="elasticGC enabled" value="1" />
  <attribute name= "numThreadsSpecified" value="16" />
  <attribute name="heapSize specified" value="331218944" />
  <attribute name="Current GC Util" value="7" />
  <attribute name= "Current Time Running" value="169579" />
  <attribute name ="GC Interval" value="2009" />
  <attribute name="Target GC Util Change" value ="80.000000" />
  <attribute name="Current GC Util Change" value="7.000000"/>
  <attribute name="Current Error" value="0.000000" />
  <attribute name="Output H" value="331425696"/>
  <attribute name="Output I" value="2008"/>
  <attribute name="Output T" value="16"/>
  <attribute name= "Current Time Running" value="169579" />
  <attribute name="GC Util currently" value="7" />
  <attribute name="CPU Util currently" value="1390290646" />
<allocation-satisfied id="4823" threadId="0000000001677A00" bytesRequested="40" />
<af-end id="4824" timestamp="2019-08-09T17:56:03.730" threadId="0000000001678388" success="true" from="nursery"/>
<exclusive-end id="4825" timestamp="2019-08-09T17:56:03.730" durationms="87.603" />

<exclusive-start id="4826" timestamp="2019-08-09T17:56:04.688" intervalms="1044.704">
  <response-info timems="1.127" idlems="1.127" threads="0" lastid="0000000001668B00" lastname="Thread-25" />
</exclusive-start>
<af-start id="4827" threadId="0000000001669488" totalBytesRequested="40" timestamp="2019-08-09T17:56:04.688" intervalms="1042.295" type="nursery" />
<cycle-start id="4828" type="scavenge" contextid="0" timestamp="2019-08-09T17:56:04.688" intervalms="1042.291" />
<gc-start id="4829" type="scavenge" contextid="4828" timestamp="2019-08-09T17:56:04.688">
  <mem-info id="4830" free="1888872" total="331350016" percent="0">
    <mem type="nursery" free="0" total="307101696" percent="0">
      <mem type="allocate" free="0" total="276365312" percent="0" />
      <mem type="survivor" free="0" total="30736384" percent="0" />
    </mem>
    <mem type="tenure" free="1888872" total="24248320" percent="7">
      <mem type="soa" free="1647208" total="24006656" percent="6" />
      <mem type="loa" free="241664" total="241664" percent="100" />
    </mem>
    <remembered-set count="241" />
  </mem-info>
</gc-start>
<allocation-stats totalBytes="271193456" >
  <allocated-bytes non-tlh="40" tlh="271193416" />
  <largest-consumer threadName="Thread-28" threadId="0000000001652300" bytes="25263984" />
</allocation-stats>
<gc-op id="4831" type="scavenge" timems="5.132" contextid="4828" timestamp="2019-08-09T17:56:04.693">
  <scavenger-info tenureage="14" tenuremask="4000" tiltratio="89" />
  <memory-copied type="nursery" objects="115028" bytes="4966896" bytesdiscarded="53784" />
</gc-op>
<gc-end id="4832" type="scavenge" contextid="4828" durationms="5.591" usertimems="21.634" systemtimems="1.352" timestamp="2019-08-09T17:56:04.693" activeThreads="16">
  <mem-info id="4833" free="273233504" total="331350016" percent="82">
    <mem type="nursery" free="271344632" total="307101696" percent="88">
      <mem type="allocate" free="271344632" total="276365312" percent="98" />
      <mem type="survivor" free="0" total="30736384" percent="0" />
    </mem>
    <mem type="tenure" free="1888872" total="24248320" percent="7" macro-fragmented="1500163">
      <mem type="soa" free="1647208" total="24006656" percent="6" />
      <mem type="loa" free="241664" total="241664" percent="100" />
    </mem>
    <remembered-set count="240" />
  </mem-info>
</gc-end>
<cycle-end id="4834" type="scavenge" contextid="4828" timestamp="2019-08-09T17:56:04.694" />
  <attribute name="elasticGC enabled" value="1" />
  <attribute name= "numThreadsSpecified" value="16" />
  <attribute name="heapSize specified" value="331218944" />
  <attribute name="Current GC Util" value="8" />
  <attribute name= "Current Time Running" value="170621" />
  <attribute name ="GC Interval" value="2097" />
  <attribute name="Target GC Util Change" value ="80.000000" />
  <attribute name="Current GC Util Change" value="8.000000"/>
  <attribute name="Current Error" value="72.000000" />
  <attribute name="Output H" value="331425784"/>
  <attribute name="Output I" value="2096"/>
  <attribute name="Output T" value="16"/>
  <attribute name= "Current Time Running" value="170621" />
  <attribute name="GC Util currently" value="8" />
  <attribute name="CPU Util currently" value="1106069124" />
<allocation-satisfied id="4835" threadId="0000000001668B00" bytesRequested="40" />
<af-end id="4836" timestamp="2019-08-09T17:56:04.694" threadId="0000000001669488" success="true" from="nursery"/>
<exclusive-end id="4837" timestamp="2019-08-09T17:56:04.694" durationms="6.108" />

<exclusive-start id="4838" timestamp="2019-08-09T17:56:05.321" intervalms="633.635">
  <response-info timems="12.813" idlems="12.813" threads="0" lastid="00000000016A4900" lastname="Thread-34" />
</exclusive-start>
<af-start id="4839" threadId="00000000016A5288" totalBytesRequested="40" timestamp="2019-08-09T17:56:05.321" intervalms="633.633" type="nursery" />
<cycle-start id="4840" type="scavenge" contextid="0" timestamp="2019-08-09T17:56:05.321" intervalms="633.670" />
<gc-start id="4841" type="scavenge" contextid="4840" timestamp="2019-08-09T17:56:05.321">
  <mem-info id="4842" free="1888872" total="331350016" percent="0">
    <mem type="nursery" free="0" total="307101696" percent="0">
      <mem type="allocate" free="0" total="276365312" percent="0" />
      <mem type="survivor" free="0" total="30736384" percent="0" />
    </mem>
    <mem type="tenure" free="1888872" total="24248320" percent="7">
      <mem type="soa" free="1647208" total="24006656" percent="6" />
      <mem type="loa" free="241664" total="241664" percent="100" />
    </mem>
    <remembered-set count="240" />
  </mem-info>
</gc-start>
<allocation-stats totalBytes="271336704" >
  <allocated-bytes non-tlh="40" tlh="271336664" />
  <largest-consumer threadName="Thread-28" threadId="0000000001652300" bytes="25263136" />
</allocation-stats>
<gc-op id="4843" type="scavenge" timems="18.666" contextid="4840" timestamp="2019-08-09T17:56:05.340">
  <scavenger-info tenureage="14" tenuremask="4000" tiltratio="89" />
  <memory-copied type="nursery" objects="116571" bytes="5004240" bytesdiscarded="278112" />
</gc-op>
<gc-end id="4844" type="scavenge" contextid="4840" durationms="19.183" usertimems="37.783" systemtimems="2.964" timestamp="2019-08-09T17:56:05.341" activeThreads="16">
  <mem-info id="4845" free="272971832" total="331350016" percent="82">
    <mem type="nursery" free="271082960" total="307101696" percent="88">
      <mem type="allocate" free="271082960" total="276365312" percent="98" />
      <mem type="survivor" free="0" total="30736384" percent="0" />
    </mem>
    <mem type="tenure" free="1888872" total="24248320" percent="7" macro-fragmented="1250136">
      <mem type="soa" free="1647208" total="24006656" percent="6" />
      <mem type="loa" free="241664" total="241664" percent="100" />
    </mem>
    <remembered-set count="178" />
  </mem-info>
</gc-end>
<cycle-end id="4846" type="scavenge" contextid="4840" timestamp="2019-08-09T17:56:05.341" />
  <attribute name="elasticGC enabled" value="1" />
  <attribute name= "numThreadsSpecified" value="16" />
  <attribute name="heapSize specified" value="331218944" />
  <attribute name="Current GC Util" value="3" />
  <attribute name= "Current Time Running" value="171255" />
  <attribute name ="GC Interval" value="2185" />
  <attribute name="Target GC Util Change" value ="80.000000" />
  <attribute name="Current GC Util Change" value="3.000000"/>
  <attribute name="Current Error" value="149.000000" />
  <attribute name="Output H" value="331425872"/>
  <attribute name="Output I" value="2184"/>
  <attribute name="Output T" value="16"/>
  <attribute name= "Current Time Running" value="171255" />
  <attribute name="GC Util currently" value="3" />
  <attribute name="CPU Util currently" value="1819514766" />
<allocation-satisfied id="4847" threadId="00000000016A4900" bytesRequested="40" />
<af-end id="4848" timestamp="2019-08-09T17:56:05.341" threadId="00000000016A5288" success="true" from="nursery"/>
<exclusive-end id="4849" timestamp="2019-08-09T17:56:05.341" durationms="19.632" />

<exclusive-start id="4850" timestamp="2019-08-09T17:56:06.108" intervalms="786.326">
  <response-info timems="3.515" idlems="1.940" threads="4" lastid="0000000001677A00" lastname="Thread-33" />
</exclusive-start>
<af-start id="4851" threadId="0000000001661C88" totalBytesRequested="24" timestamp="2019-08-09T17:56:06.108" intervalms="786.398" type="nursery" />
<cycle-start id="4852" type="scavenge" contextid="0" timestamp="2019-08-09T17:56:06.108" intervalms="786.361" />
<gc-start id="4853" type="scavenge" contextid="4852" timestamp="2019-08-09T17:56:06.108">
  <mem-info id="4854" free="1888872" total="331350016" percent="0">
    <mem type="nursery" free="0" total="307101696" percent="0">
      <mem type="allocate" free="0" total="276365312" percent="0" />
      <mem type="survivor" free="0" total="30736384" percent="0" />
    </mem>
    <mem type="tenure" free="1888872" total="24248320" percent="7">
      <mem type="soa" free="1647208" total="24006656" percent="6" />
      <mem type="loa" free="241664" total="241664" percent="100" />
    </mem>
    <remembered-set count="178" />
  </mem-info>
</gc-start>
<allocation-stats totalBytes="271061152" >
  <allocated-bytes non-tlh="40" tlh="271061112" />
  <largest-consumer threadName="Thread-34" threadId="00000000016A4900" bytes="35222744" />
</allocation-stats>
<gc-op id="4855" type="scavenge" timems="5.552" contextid="4852" timestamp="2019-08-09T17:56:06.113">
  <scavenger-info tenureage="14" tenuremask="4000" tiltratio="89" />
  <memory-copied type="nursery" objects="115571" bytes="4980024" bytesdiscarded="159504" />
</gc-op>
<gc-end id="4856" type="scavenge" contextid="4852" durationms="5.779" usertimems="20.384" systemtimems="0.000" timestamp="2019-08-09T17:56:06.114" activeThreads="16">
  <mem-info id="4857" free="273114656" total="331350016" percent="82">
    <mem type="nursery" free="271225784" total="307101696" percent="88">
      <mem type="allocate" free="271225784" total="276365312" percent="98" />
      <mem type="survivor" free="0" total="30736384" percent="0" />
    </mem>
    <mem type="tenure" free="1888872" total="24248320" percent="7" macro-fragmented="1500163">
      <mem type="soa" free="1647208" total="24006656" percent="6" />
      <mem type="loa" free="241664" total="241664" percent="100" />
    </mem>
    <remembered-set count="176" />
  </mem-info>
</gc-end>
<cycle-end id="4858" type="scavenge" contextid="4852" timestamp="2019-08-09T17:56:06.114" />
  <attribute name="elasticGC enabled" value="1" />
  <attribute name= "numThreadsSpecified" value="16" />
  <attribute name="heapSize specified" value="331218944" />
  <attribute name="Current GC Util" value="3" />
  <attribute name= "Current Time Running" value="172041" />
  <attribute name ="GC Interval" value="2273" />
  <attribute name="Target GC Util Change" value ="80.000000" />
  <attribute name="Current GC Util Change" value="3.000000"/>
  <attribute name="Current Error" value="226.000000" />
  <attribute name="Output H" value="331425960"/>
  <attribute name="Output I" value="2272"/>
  <attribute name="Output T" value="16"/>
  <attribute name= "Current Time Running" value="172041" />
  <attribute name="GC Util currently" value="3" />
  <attribute name="CPU Util currently" value="1466029118" />
<allocation-satisfied id="4859" threadId="0000000001661300" bytesRequested="24" />
<af-end id="4860" timestamp="2019-08-09T17:56:06.114" threadId="0000000001661C88" success="true" from="nursery"/>
<exclusive-end id="4861" timestamp="2019-08-09T17:56:06.114" durationms="6.325" />

<exclusive-start id="4862" timestamp="2019-08-09T17:56:06.814" intervalms="706.045">
  <response-info timems="25.571" idlems="25.571" threads="0" lastid="000000000168E200" lastname="Thread-26" />
</exclusive-start>
<af-start id="4863" threadId="000000000168EB88" totalBytesRequested="40" timestamp="2019-08-09T17:56:06.814" intervalms="706.013" type="nursery" />
<cycle-start id="4864" type="scavenge" contextid="0" timestamp="2019-08-09T17:56:06.814" intervalms="706.007" />
<gc-start id="4865" type="scavenge" contextid="4864" timestamp="2019-08-09T17:56:06.814">
  <mem-info id="4866" free="1888872" total="331350016" percent="0">
    <mem type="nursery" free="0" total="307101696" percent="0">
      <mem type="allocate" free="0" total="276365312" percent="0" />
      <mem type="survivor" free="0" total="30736384" percent="0" />
    </mem>
    <mem type="tenure" free="1888872" total="24248320" percent="7">
      <mem type="soa" free="1647208" total="24006656" percent="6" />
      <mem type="loa" free="241664" total="241664" percent="100" />
    </mem>
    <remembered-set count="176" />
  </mem-info>
</gc-start>
<allocation-stats totalBytes="271202216" >
  <allocated-bytes non-tlh="24" tlh="271202192" />
  <largest-consumer threadName="Thread-34" threadId="00000000016A4900" bytes="25261752" />
</allocation-stats>
<gc-op id="4867" type="scavenge" timems="6.236" contextid="4864" timestamp="2019-08-09T17:56:06.820">
  <scavenger-info tenureage="14" tenuremask="4000" tiltratio="89" />
  <memory-copied type="nursery" objects="110419" bytes="4855928" bytesdiscarded="424552" />
</gc-op>
<gc-end id="4868" type="scavenge" contextid="4864" durationms="6.422" usertimems="26.639" systemtimems="0.877" timestamp="2019-08-09T17:56:06.820" activeThreads="16">
  <mem-info id="4869" free="272973704" total="331350016" percent="82">
    <mem type="nursery" free="271084832" total="307101696" percent="88">
      <mem type="allocate" free="271084832" total="276365312" percent="98" />
      <mem type="survivor" free="0" total="30736384" percent="0" />
    </mem>
    <mem type="tenure" free="1888872" total="24248320" percent="7" macro-fragmented="1500163">
      <mem type="soa" free="1647208" total="24006656" percent="6" />
      <mem type="loa" free="241664" total="241664" percent="100" />
    </mem>
    <remembered-set count="172" />
  </mem-info>
</gc-end>
<cycle-end id="4870" type="scavenge" contextid="4864" timestamp="2019-08-09T17:56:06.820" />
  <attribute name="elasticGC enabled" value="1" />
  <attribute name= "numThreadsSpecified" value="16" />
  <attribute name="heapSize specified" value="331218944" />
  <attribute name="Current GC Util" value="2" />
  <attribute name= "Current Time Running" value="172747" />
  <attribute name ="GC Interval" value="2361" />
  <attribute name="Target GC Util Change" value ="80.000000" />
  <attribute name="Current GC Util Change" value="2.000000"/>
  <attribute name="Current Error" value="304.000000" />
  <attribute name="Output H" value="331426048"/>
  <attribute name="Output I" value="2360"/>
  <attribute name="Output T" value="16"/>
  <attribute name= "Current Time Running" value="172747" />
  <attribute name="GC Util currently" value="2" />
  <attribute name="CPU Util currently" value="1633231868" />
<allocation-satisfied id="4871" threadId="000000000168E200" bytesRequested="40" />
<af-end id="4872" timestamp="2019-08-09T17:56:06.820" threadId="000000000168EB88" success="true" from="nursery"/>
<exclusive-end id="4873" timestamp="2019-08-09T17:56:06.820" durationms="6.770" />

<exclusive-start id="4874" timestamp="2019-08-09T17:56:07.762" intervalms="948.364">
  <response-info timems="14.504" idlems="7.766" threads="1" lastid="0000000001668B00" lastname="Thread-25" />
</exclusive-start>
<af-start id="4875" threadId="000000000168EB88" totalBytesRequested="40" timestamp="2019-08-09T17:56:07.762" intervalms="948.332" type="nursery" />
<cycle-start id="4876" type="scavenge" contextid="0" timestamp="2019-08-09T17:56:07.762" intervalms="948.339" />
<gc-start id="4877" type="scavenge" contextid="4876" timestamp="2019-08-09T17:56:07.762">
  <mem-info id="4878" free="1888872" total="331350016" percent="0">
    <mem type="nursery" free="0" total="307101696" percent="0">
      <mem type="allocate" free="0" total="276365312" percent="0" />
      <mem type="survivor" free="0" total="30736384" percent="0" />
    </mem>
    <mem type="tenure" free="1888872" total="24248320" percent="7">
      <mem type="soa" free="1647208" total="24006656" percent="6" />
      <mem type="loa" free="241664" total="241664" percent="100" />
    </mem>
    <remembered-set count="172" />
  </mem-info>
</gc-start>
<allocation-stats totalBytes="271022784" >
  <allocated-bytes non-tlh="40" tlh="271022744" />
  <largest-consumer threadName="Thread-29" threadId="0000000001661300" bytes="31548400" />
</allocation-stats>
<gc-op id="4879" type="scavenge" timems="9.353" contextid="4876" timestamp="2019-08-09T17:56:07.772">
  <scavenger-info tenureage="14" tenuremask="4000" tiltratio="89" />
  <memory-copied type="nursery" objects="110385" bytes="4854792" bytesdiscarded="323400" />
  <memory-copied type="tenure" objects="1" bytes="520" bytesdiscarded="0" />
</gc-op>
<gc-end id="4880" type="scavenge" contextid="4876" durationms="11.643" usertimems="26.915" systemtimems="0.000" timestamp="2019-08-09T17:56:07.774" activeThreads="16">
  <mem-info id="4881" free="273059864" total="331350016" percent="82">
    <mem type="nursery" free="271187120" total="307101696" percent="88">
      <mem type="allocate" free="271187120" total="276365312" percent="98" />
      <mem type="survivor" free="0" total="30736384" percent="0" />
    </mem>
    <mem type="tenure" free="1872744" total="24248320" percent="7" macro-fragmented="1500163">
      <mem type="soa" free="1631080" total="24006656" percent="6" />
      <mem type="loa" free="241664" total="241664" percent="100" />
    </mem>
    <remembered-set count="171" />
  </mem-info>
</gc-end>
<cycle-end id="4882" type="scavenge" contextid="4876" timestamp="2019-08-09T17:56:07.774" />
  <attribute name="elasticGC enabled" value="1" />
  <attribute name= "numThreadsSpecified" value="16" />
  <attribute name="heapSize specified" value="331218944" />
  <attribute name="Current GC Util" value="2" />
  <attribute name= "Current Time Running" value="173695" />
  <attribute name ="GC Interval" value="2457" />
  <attribute name="Target GC Util Change" value ="80.000000" />
  <attribute name="Current GC Util Change" value="2.000000"/>
  <attribute name="Current Error" value="382.000000" />
  <attribute name="Output H" value="331426144"/>
  <attribute name="Output I" value="2456"/>
  <attribute name="Output T" value="16"/>
  <attribute name= "Current Time Running" value="173695" />
  <attribute name="GC Util currently" value="2" />
  <attribute name="CPU Util currently" value="1215773621" />
<allocation-satisfied id="4883" threadId="000000000168E200" bytesRequested="40" />
<af-end id="4884" timestamp="2019-08-09T17:56:07.774" threadId="000000000168EB88" success="true" from="nursery"/>
<exclusive-end id="4885" timestamp="2019-08-09T17:56:07.774" durationms="11.940" />

<exclusive-start id="4886" timestamp="2019-08-09T17:56:08.789" intervalms="1026.988">
  <response-info timems="14.967" idlems="11.460" threads="7" lastid="00000000016AC100" lastname="Thread-24" />
</exclusive-start>
<af-start id="4887" threadId="00000000016A5288" totalBytesRequested="40" timestamp="2019-08-09T17:56:08.789" intervalms="1026.984" type="nursery" />
<cycle-start id="4888" type="scavenge" contextid="0" timestamp="2019-08-09T17:56:08.789" intervalms="1026.988" />
<gc-start id="4889" type="scavenge" contextid="4888" timestamp="2019-08-09T17:56:08.789">
  <mem-info id="4890" free="1872744" total="331350016" percent="0">
    <mem type="nursery" free="0" total="307101696" percent="0">
      <mem type="allocate" free="0" total="276365312" percent="0" />
      <mem type="survivor" free="0" total="30736384" percent="0" />
    </mem>
    <mem type="tenure" free="1872744" total="24248320" percent="7">
      <mem type="soa" free="1631080" total="24006656" percent="6" />
      <mem type="loa" free="241664" total="241664" percent="100" />
    </mem>
    <remembered-set count="171" />
  </mem-info>
</gc-start>
<allocation-stats totalBytes="271183840" >
  <allocated-bytes non-tlh="40" tlh="271183800" />
  <largest-consumer threadName="Thread-34" threadId="00000000016A4900" bytes="34700840" />
</allocation-stats>
<gc-op id="4891" type="scavenge" timems="57.073" contextid="4888" timestamp="2019-08-09T17:56:08.846">
  <scavenger-info tenureage="14" tenuremask="4000" tiltratio="89" />
  <memory-copied type="nursery" objects="125964" bytes="5227872" bytesdiscarded="272016" />
</gc-op>
<gc-end id="4892" type="scavenge" contextid="4888" durationms="57.953" usertimems="29.882" systemtimems="18.187" timestamp="2019-08-09T17:56:08.847" activeThreads="16">
  <mem-info id="4893" free="272738168" total="331350016" percent="82">
    <mem type="nursery" free="270865424" total="307101696" percent="88">
      <mem type="allocate" free="270865424" total="276365312" percent="98" />
      <mem type="survivor" free="0" total="30736384" percent="0" />
    </mem>
    <mem type="tenure" free="1872744" total="24248320" percent="7" macro-fragmented="1500163">
      <mem type="soa" free="1631080" total="24006656" percent="6" />
      <mem type="loa" free="241664" total="241664" percent="100" />
    </mem>
    <remembered-set count="169" />
  </mem-info>
</gc-end>
<cycle-end id="4894" type="scavenge" contextid="4888" timestamp="2019-08-09T17:56:08.847" />
  <attribute name="elasticGC enabled" value="1" />
  <attribute name= "numThreadsSpecified" value="16" />
  <attribute name="heapSize specified" value="331218944" />
  <attribute name="Current GC Util" value="2" />
  <attribute name= "Current Time Running" value="174722" />
  <attribute name ="GC Interval" value="2545" />
  <attribute name="Target GC Util Change" value ="80.000000" />
  <attribute name="Current GC Util Change" value="2.000000"/>
  <attribute name="Current Error" value="460.000000" />
  <attribute name="Output H" value="331426232"/>
  <attribute name="Output I" value="2544"/>
  <attribute name="Output T" value="16"/>
  <attribute name= "Current Time Running" value="174722" />
  <attribute name="GC Util currently" value="2" />
  <attribute name="CPU Util currently" value="1122603729" />
<allocation-satisfied id="4895" threadId="00000000016A4900" bytesRequested="40" />
<af-end id="4896" timestamp="2019-08-09T17:56:08.847" threadId="00000000016A5288" success="true" from="nursery"/>
<exclusive-end id="4897" timestamp="2019-08-09T17:56:08.847" durationms="58.314" />

<exclusive-start id="4898" timestamp="2019-08-09T17:56:09.654" intervalms="865.332">
  <response-info timems="17.833" idlems="8.671" threads="8" lastid="0000000001652300" lastname="Thread-28" />
</exclusive-start>
<af-start id="4899" threadId="0000000001687388" totalBytesRequested="40" timestamp="2019-08-09T17:56:09.659" intervalms="869.655" type="nursery" />
<cycle-start id="4900" type="scavenge" contextid="0" timestamp="2019-08-09T17:56:09.659" intervalms="869.656" />
<gc-start id="4901" type="scavenge" contextid="4900" timestamp="2019-08-09T17:56:09.659">
  <mem-info id="4902" free="1872744" total="331350016" percent="0">
    <mem type="nursery" free="0" total="307101696" percent="0">
      <mem type="allocate" free="0" total="276365312" percent="0" />
      <mem type="survivor" free="0" total="30736384" percent="0" />
    </mem>
    <mem type="tenure" free="1872744" total="24248320" percent="7">
      <mem type="soa" free="1631080" total="24006656" percent="6" />
      <mem type="loa" free="241664" total="241664" percent="100" />
    </mem>
    <remembered-set count="169" />
  </mem-info>
</gc-start>
<allocation-stats totalBytes="270845840" >
  <allocated-bytes non-tlh="40" tlh="270845800" />
  <largest-consumer threadName="Thread-29" threadId="0000000001661300" bytes="25393360" />
</allocation-stats>
<gc-op id="4903" type="scavenge" timems="304.796" contextid="4900" timestamp="2019-08-09T17:56:09.964">
  <scavenger-info tenureage="3" tenuremask="4008" tiltratio="89" />
  <memory-copied type="nursery" objects="102853" bytes="4535968" bytesdiscarded="229424" />
  <memory-copied type="tenure" objects="7891" bytes="326760" bytesdiscarded="0" />
</gc-op>
<heap-resize id="4904" type="expand" space="nursery" amount="44171264" count="1" timems="0.230" reason="excessive time being spent scavenging" timestamp="2019-08-09T17:56:09.964" />
<gc-end id="4905" type="scavenge" contextid="4900" durationms="305.582" usertimems="206.482" systemtimems="164.301" timestamp="2019-08-09T17:56:09.964" activeThreads="16">
  <mem-info id="4906" free="312560792" total="375521280" percent="83">
    <mem type="nursery" free="311314736" total="351272960" percent="88">
      <mem type="allocate" free="311314736" total="316080128" percent="98" />
      <mem type="survivor" free="0" total="35192832" percent="0" />
    </mem>
    <mem type="tenure" free="1246056" total="24248320" percent="5" macro-fragmented="723458">
      <mem type="soa" free="1004392" total="24006656" percent="4" />
      <mem type="loa" free="241664" total="241664" percent="100" />
    </mem>
    <remembered-set count="1926" />
  </mem-info>
</gc-end>
<cycle-end id="4907" type="scavenge" contextid="4900" timestamp="2019-08-09T17:56:09.964" />
  <attribute name="elasticGC enabled" value="1" />
  <attribute name= "numThreadsSpecified" value="16" />
  <attribute name="heapSize specified" value="331218944" />
  <attribute name="Current GC Util" value="5" />
  <attribute name= "Current Time Running" value="175592" />
  <attribute name ="GC Interval" value="2097" />
  <attribute name="Target GC Util Change" value ="80.000000" />
  <attribute name="Current GC Util Change" value="5.000000"/>
  <attribute name="Current Error" value="75.000000" />
  <attribute name="Output H" value="331425784"/>
  <attribute name="Output I" value="2096"/>
  <attribute name="Output T" value="16"/>
  <attribute name= "Current Time Running" value="175592" />
  <attribute name="GC Util currently" value="5" />
  <attribute name="CPU Util currently" value="1325722165" />
<allocation-satisfied id="4908" threadId="0000000001686A00" bytesRequested="40" />
<af-end id="4909" timestamp="2019-08-09T17:56:09.965" threadId="0000000001687388" success="true" from="nursery"/>
<exclusive-end id="4910" timestamp="2019-08-09T17:56:09.965" durationms="310.245" />

<exclusive-start id="4911" timestamp="2019-08-09T17:56:10.817" intervalms="1162.292">
  <response-info timems="0.895" idlems="0.511" threads="1" lastid="0000000001668B00" lastname="Thread-25" />
</exclusive-start>
<af-start id="4912" threadId="0000000001683788" totalBytesRequested="40" timestamp="2019-08-09T17:56:10.817" intervalms="1157.956" type="nursery" />
<cycle-start id="4913" type="scavenge" contextid="0" timestamp="2019-08-09T17:56:10.817" intervalms="1158.059" />
<gc-start id="4914" type="scavenge" contextid="4913" timestamp="2019-08-09T17:56:10.817">
  <mem-info id="4915" free="1246056" total="375521280" percent="0">
    <mem type="nursery" free="0" total="351272960" percent="0">
      <mem type="allocate" free="0" total="316080128" percent="0" />
      <mem type="survivor" free="0" total="35192832" percent="0" />
    </mem>
    <mem type="tenure" free="1246056" total="24248320" percent="5">
      <mem type="soa" free="1004392" total="24006656" percent="4" />
      <mem type="loa" free="241664" total="241664" percent="100" />
    </mem>
    <remembered-set count="3168" />
  </mem-info>
</gc-start>
<allocation-stats totalBytes="311309368" >
  <allocated-bytes non-tlh="40" tlh="311309328" />
  <largest-consumer threadName="Thread-26" threadId="000000000168E200" bytes="44006784" />
</allocation-stats>
<gc-op id="4916" type="scavenge" timems="6.240" contextid="4913" timestamp="2019-08-09T17:56:10.823">
  <scavenger-info tenureage="14" tenuremask="4000" tiltratio="89" />
  <memory-copied type="nursery" objects="106390" bytes="4620752" bytesdiscarded="262840" />
</gc-op>
<gc-end id="4917" type="scavenge" contextid="4913" durationms="6.920" usertimems="22.383" systemtimems="2.406" timestamp="2019-08-09T17:56:10.824" activeThreads="16">
  <mem-info id="4918" free="312508128" total="375521280" percent="83">
    <mem type="nursery" free="311262072" total="351272960" percent="88">
      <mem type="allocate" free="311262072" total="316145664" percent="98" />
      <mem type="survivor" free="0" total="35127296" percent="0" />
    </mem>
    <mem type="tenure" free="1246056" total="24248320" percent="5" macro-fragmented="602881">
      <mem type="soa" free="1004392" total="24006656" percent="4" />
      <mem type="loa" free="241664" total="241664" percent="100" />
    </mem>
    <remembered-set count="3167" />
  </mem-info>
</gc-end>
<cycle-end id="4919" type="scavenge" contextid="4913" timestamp="2019-08-09T17:56:10.824" />
  <attribute name="elasticGC enabled" value="1" />
  <attribute name= "numThreadsSpecified" value="16" />
  <attribute name="heapSize specified" value="331218944" />
  <attribute name="Current GC Util" value="20" />
  <attribute name= "Current Time Running" value="176750" />
  <attribute name ="GC Interval" value="2169" />
  <attribute name="Target GC Util Change" value ="80.000000" />
  <attribute name="Current GC Util Change" value="20.000000"/>
  <attribute name="Current Error" value="135.000000" />
  <attribute name="Output H" value="375597120"/>
  <attribute name="Output I" value="2168"/>
  <attribute name="Output T" value="16"/>
  <attribute name= "Current Time Running" value="176750" />
  <attribute name="GC Util currently" value="20" />
  <attribute name="CPU Util currently" value="995472366" />
<allocation-satisfied id="4920" threadId="0000000001682E00" bytesRequested="40" />
<af-end id="4921" timestamp="2019-08-09T17:56:10.824" threadId="0000000001683788" success="true" from="nursery"/>
<exclusive-end id="4922" timestamp="2019-08-09T17:56:10.824" durationms="7.471" />

<exclusive-start id="4923" timestamp="2019-08-09T17:56:11.409" intervalms="592.923">
  <response-info timems="12.343" idlems="12.343" threads="0" lastid="0000000001661300" lastname="Thread-29" />
</exclusive-start>
<af-start id="4924" threadId="0000000001661C88" totalBytesRequested="40" timestamp="2019-08-09T17:56:11.417" intervalms="600.366" type="nursery" />
<cycle-start id="4925" type="scavenge" contextid="0" timestamp="2019-08-09T17:56:11.426" intervalms="609.099" />
<gc-start id="4926" type="scavenge" contextid="4925" timestamp="2019-08-09T17:56:11.426">
  <mem-info id="4927" free="1246056" total="375521280" percent="0">
    <mem type="nursery" free="0" total="351272960" percent="0">
      <mem type="allocate" free="0" total="316145664" percent="0" />
      <mem type="survivor" free="0" total="35127296" percent="0" />
    </mem>
    <mem type="tenure" free="1246056" total="24248320" percent="5">
      <mem type="soa" free="1004392" total="24006656" percent="4" />
      <mem type="loa" free="241664" total="241664" percent="100" />
    </mem>
    <remembered-set count="4051" />
  </mem-info>
</gc-start>
<allocation-stats totalBytes="311241712" >
  <allocated-bytes non-tlh="40" tlh="311241672" />
  <largest-consumer threadName="Thread-30" threadId="0000000001673E00" bytes="43873064" />
</allocation-stats>
<gc-op id="4928" type="scavenge" timems="10.463" contextid="4925" timestamp="2019-08-09T17:56:11.437">
  <scavenger-info tenureage="14" tenuremask="4000" tiltratio="90" />
  <memory-copied type="nursery" objects="107809" bytes="4792200" bytesdiscarded="329328" />
</gc-op>
<gc-end id="4929" type="scavenge" contextid="4925" durationms="11.064" usertimems="22.595" systemtimems="3.960" timestamp="2019-08-09T17:56:11.437" activeThreads="16">
  <mem-info id="4930" free="312270192" total="375521280" percent="83">
    <mem type="nursery" free="311024136" total="351272960" percent="88">
      <mem type="allocate" free="311024136" total="316145664" percent="98" />
      <mem type="survivor" free="0" total="35127296" percent="0" />
    </mem>
    <mem type="tenure" free="1246056" total="24248320" percent="5" macro-fragmented="723458">
      <mem type="soa" free="1004392" total="24006656" percent="4" />
      <mem type="loa" free="241664" total="241664" percent="100" />
    </mem>
    <remembered-set count="4051" />
  </mem-info>
</gc-end>
<cycle-end id="4931" type="scavenge" contextid="4925" timestamp="2019-08-09T17:56:11.437" />
  <attribute name="elasticGC enabled" value="1" />
  <attribute name= "numThreadsSpecified" value="16" />
  <attribute name="heapSize specified" value="331218944" />
  <attribute name="Current GC Util" value="4" />
  <attribute name= "Current Time Running" value="177359" />
  <attribute name ="GC Interval" value="2257" />
  <attribute name="Target GC Util Change" value ="80.000000" />
  <attribute name="Current GC Util Change" value="4.000000"/>
  <attribute name="Current Error" value="211.000000" />
  <attribute name="Output H" value="375597208"/>
  <attribute name="Output I" value="2256"/>
  <attribute name="Output T" value="16"/>
  <attribute name= "Current Time Running" value="177359" />
  <attribute name="GC Util currently" value="4" />
  <attribute name="CPU Util currently" value="1892512034" />
<allocation-satisfied id="4932" threadId="0000000001661300" bytesRequested="40" />
<af-end id="4933" timestamp="2019-08-09T17:56:11.437" threadId="0000000001661C88" success="true" from="nursery"/>
<exclusive-end id="4934" timestamp="2019-08-09T17:56:11.437" durationms="27.822" />

<exclusive-start id="4935" timestamp="2019-08-09T17:56:11.913" intervalms="503.648">
  <response-info timems="4.107" idlems="4.067" threads="1" lastid="0000000001686A00" lastname="Thread-31" />
</exclusive-start>
<af-start id="4936" threadId="000000000169DA88" totalBytesRequested="40" timestamp="2019-08-09T17:56:11.913" intervalms="496.408" type="nursery" />
<cycle-start id="4937" type="scavenge" contextid="0" timestamp="2019-08-09T17:56:11.913" intervalms="487.606" />
<gc-start id="4938" type="scavenge" contextid="4937" timestamp="2019-08-09T17:56:11.914">
  <mem-info id="4939" free="1246056" total="375521280" percent="0">
    <mem type="nursery" free="0" total="351272960" percent="0">
      <mem type="allocate" free="0" total="316145664" percent="0" />
      <mem type="survivor" free="0" total="35127296" percent="0" />
    </mem>
    <mem type="tenure" free="1246056" total="24248320" percent="5">
      <mem type="soa" free="1004392" total="24006656" percent="4" />
      <mem type="loa" free="241664" total="241664" percent="100" />
    </mem>
    <remembered-set count="4051" />
  </mem-info>
</gc-start>
<allocation-stats totalBytes="311016880" >
  <allocated-bytes non-tlh="40" tlh="311016840" />
  <largest-consumer threadName="Thread-32" threadId="0000000001695900" bytes="50560072" />
</allocation-stats>
<gc-op id="4940" type="scavenge" timems="7.094" contextid="4937" timestamp="2019-08-09T17:56:11.921">
  <scavenger-info tenureage="14" tenuremask="4000" tiltratio="90" />
  <memory-copied type="nursery" objects="119500" bytes="5074816" bytesdiscarded="375200" />
</gc-op>
<gc-end id="4941" type="scavenge" contextid="4937" durationms="7.792" usertimems="16.579" systemtimems="1.908" timestamp="2019-08-09T17:56:11.921" activeThreads="16">
  <mem-info id="4942" free="311941704" total="375521280" percent="83">
    <mem type="nursery" free="310695648" total="351272960" percent="88">
      <mem type="allocate" free="310695648" total="316145664" percent="98" />
      <mem type="survivor" free="0" total="35127296" percent="0" />
    </mem>
    <mem type="tenure" free="1246056" total="24248320" percent="5" macro-fragmented="868149">
      <mem type="soa" free="1004392" total="24006656" percent="4" />
      <mem type="loa" free="241664" total="241664" percent="100" />
    </mem>
    <remembered-set count="4048" />
  </mem-info>
</gc-end>
<cycle-end id="4943" type="scavenge" contextid="4937" timestamp="2019-08-09T17:56:11.921" />
  <attribute name="elasticGC enabled" value="1" />
  <attribute name= "numThreadsSpecified" value="16" />
  <attribute name="heapSize specified" value="331218944" />
  <attribute name="Current GC Util" value="5" />
  <attribute name= "Current Time Running" value="177847" />
  <attribute name ="GC Interval" value="2345" />
  <attribute name="Target GC Util Change" value ="80.000000" />
  <attribute name="Current GC Util Change" value="5.000000"/>
  <attribute name="Current Error" value="286.000000" />
  <attribute name="Output H" value="375597296"/>
  <attribute name="Output I" value="2344"/>
  <attribute name="Output T" value="16"/>
  <attribute name= "Current Time Running" value="177847" />
  <attribute name="GC Util currently" value="5" />
  <attribute name="CPU Util currently" value="2364619333" />
<allocation-satisfied id="4944" threadId="000000000169D100" bytesRequested="40" />
<af-end id="4945" timestamp="2019-08-09T17:56:11.922" threadId="000000000169DA88" success="true" from="nursery"/>
<exclusive-end id="4946" timestamp="2019-08-09T17:56:11.922" durationms="8.472" />

<exclusive-start id="4947" timestamp="2019-08-09T17:56:12.504" intervalms="590.709">
  <response-info timems="5.037" idlems="5.037" threads="0" lastid="0000000001695900" lastname="Thread-32" />
</exclusive-start>
<af-start id="4948" threadId="0000000001696288" totalBytesRequested="40" timestamp="2019-08-09T17:56:12.504" intervalms="590.539" type="nursery" />
<cycle-start id="4949" type="scavenge" contextid="0" timestamp="2019-08-09T17:56:12.504" intervalms="590.501" />
<gc-start id="4950" type="scavenge" contextid="4949" timestamp="2019-08-09T17:56:12.504">
  <mem-info id="4951" free="1246056" total="375521280" percent="0">
    <mem type="nursery" free="0" total="351272960" percent="0">
      <mem type="allocate" free="0" total="316145664" percent="0" />
      <mem type="survivor" free="0" total="35127296" percent="0" />
    </mem>
    <mem type="tenure" free="1246056" total="24248320" percent="5">
      <mem type="soa" free="1004392" total="24006656" percent="4" />
      <mem type="loa" free="241664" total="241664" percent="100" />
    </mem>
    <remembered-set count="4048" />
  </mem-info>
</gc-start>
<allocation-stats totalBytes="310628992" >
  <allocated-bytes non-tlh="40" tlh="310628952" />
  <largest-consumer threadName="Thread-27" threadId="0000000001655F00" bytes="44523288" />
</allocation-stats>
<gc-op id="4952" type="scavenge" timems="3.386" contextid="4949" timestamp="2019-08-09T17:56:12.507">
  <scavenger-info tenureage="14" tenuremask="4000" tiltratio="90" />
  <memory-copied type="nursery" objects="125846" bytes="5227120" bytesdiscarded="135008" />
</gc-op>
<gc-end id="4953" type="scavenge" contextid="4949" durationms="3.907" usertimems="12.423" systemtimems="2.086" timestamp="2019-08-09T17:56:12.508" activeThreads="16">
  <mem-info id="4954" free="312029592" total="375521280" percent="83">
    <mem type="nursery" free="310783536" total="351272960" percent="88">
      <mem type="allocate" free="310783536" total="316145664" percent="98" />
      <mem type="survivor" free="0" total="35127296" percent="0" />
    </mem>
    <mem type="tenure" free="1246056" total="24248320" percent="5" macro-fragmented="868149">
      <mem type="soa" free="1004392" total="24006656" percent="4" />
      <mem type="loa" free="241664" total="241664" percent="100" />
    </mem>
    <remembered-set count="4048" />
  </mem-info>
</gc-end>
<cycle-end id="4955" type="scavenge" contextid="4949" timestamp="2019-08-09T17:56:12.508" />
  <attribute name="elasticGC enabled" value="1" />
  <attribute name= "numThreadsSpecified" value="16" />
  <attribute name="heapSize specified" value="331218944" />
  <attribute name="Current GC Util" value="3" />
  <attribute name= "Current Time Running" value="178437" />
  <attribute name ="GC Interval" value="2433" />
  <attribute name="Target GC Util Change" value ="80.000000" />
  <attribute name="Current GC Util Change" value="3.000000"/>
  <attribute name="Current Error" value="363.000000" />
  <attribute name="Output H" value="375597384"/>
  <attribute name="Output I" value="2432"/>
  <attribute name="Output T" value="16"/>
  <attribute name= "Current Time Running" value="178437" />
  <attribute name="GC Util currently" value="3" />
  <attribute name="CPU Util currently" value="1953038813" />
<allocation-satisfied id="4956" threadId="0000000001695900" bytesRequested="40" />
<af-end id="4957" timestamp="2019-08-09T17:56:12.508" threadId="0000000001696288" success="true" from="nursery"/>
<exclusive-end id="4958" timestamp="2019-08-09T17:56:12.508" durationms="4.260" />

<exclusive-start id="4959" timestamp="2019-08-09T17:56:13.001" intervalms="496.991">
  <response-info timems="5.278" idlems="4.102" threads="8" lastid="0000000001691D00" lastname="Thread-35" />
</exclusive-start>
<af-start id="4960" threadId="0000000001683788" totalBytesRequested="40" timestamp="2019-08-09T17:56:13.001" intervalms="496.959" type="nursery" />
<cycle-start id="4961" type="scavenge" contextid="0" timestamp="2019-08-09T17:56:13.001" intervalms="496.955" />
<gc-start id="4962" type="scavenge" contextid="4961" timestamp="2019-08-09T17:56:13.001">
  <mem-info id="4963" free="1246056" total="375521280" percent="0">
    <mem type="nursery" free="0" total="351272960" percent="0">
      <mem type="allocate" free="0" total="316145664" percent="0" />
      <mem type="survivor" free="0" total="35127296" percent="0" />
    </mem>
    <mem type="tenure" free="1246056" total="24248320" percent="5">
      <mem type="soa" free="1004392" total="24006656" percent="4" />
      <mem type="loa" free="241664" total="241664" percent="100" />
    </mem>
    <remembered-set count="4048" />
  </mem-info>
</gc-start>
<allocation-stats totalBytes="310776904" >
  <allocated-bytes non-tlh="40" tlh="310776864" />
  <largest-consumer threadName="Thread-25" threadId="0000000001668B00" bytes="39418872" />
</allocation-stats>
<gc-op id="4964" type="scavenge" timems="7.944" contextid="4961" timestamp="2019-08-09T17:56:13.009">
  <scavenger-info tenureage="14" tenuremask="4000" tiltratio="90" />
  <memory-copied type="nursery" objects="122910" bytes="5156240" bytesdiscarded="403696" />
</gc-op>
<gc-end id="4965" type="scavenge" contextid="4961" durationms="8.867" usertimems="27.043" systemtimems="4.920" timestamp="2019-08-09T17:56:13.010" activeThreads="16">
  <mem-info id="4966" free="311831784" total="375521280" percent="83">
    <mem type="nursery" free="310585728" total="351272960" percent="88">
      <mem type="allocate" free="310585728" total="316145664" percent="98" />
      <mem type="survivor" free="0" total="35127296" percent="0" />
    </mem>
    <mem type="tenure" free="1246056" total="24248320" percent="5" macro-fragmented="868149">
      <mem type="soa" free="1004392" total="24006656" percent="4" />
      <mem type="loa" free="241664" total="241664" percent="100" />
    </mem>
    <remembered-set count="4048" />
  </mem-info>
</gc-end>
<cycle-end id="4967" type="scavenge" contextid="4961" timestamp="2019-08-09T17:56:13.010" />
  <attribute name="elasticGC enabled" value="1" />
  <attribute name= "numThreadsSpecified" value="16" />
  <attribute name="heapSize specified" value="331218944" />
  <attribute name="Current GC Util" value="2" />
  <attribute name= "Current Time Running" value="178934" />
  <attribute name ="GC Interval" value="2521" />
  <attribute name="Target GC Util Change" value ="80.000000" />
  <attribute name="Current GC Util Change" value="2.000000"/>
  <attribute name="Current Error" value="441.000000" />
  <attribute name="Output H" value="375597472"/>
  <attribute name="Output I" value="2520"/>
  <attribute name="Output T" value="16"/>
  <attribute name= "Current Time Running" value="178934" />
  <attribute name="GC Util currently" value="2" />
  <attribute name="CPU Util currently" value="2319928508" />
<allocation-satisfied id="4968" threadId="0000000001682E00" bytesRequested="40" />
<af-end id="4969" timestamp="2019-08-09T17:56:13.010" threadId="0000000001683788" success="true" from="nursery"/>
<exclusive-end id="4970" timestamp="2019-08-09T17:56:13.010" durationms="9.207" />

<exclusive-start id="4971" timestamp="2019-08-09T17:56:13.387" intervalms="386.174">
  <response-info timems="17.459" idlems="17.459" threads="0" lastid="0000000001652300" lastname="Thread-28" />
</exclusive-start>
<af-start id="4972" threadId="0000000001652C88" totalBytesRequested="24" timestamp="2019-08-09T17:56:13.387" intervalms="386.193" type="nursery" />
<cycle-start id="4973" type="scavenge" contextid="0" timestamp="2019-08-09T17:56:13.387" intervalms="386.201" />
<gc-start id="4974" type="scavenge" contextid="4973" timestamp="2019-08-09T17:56:13.387">
  <mem-info id="4975" free="1246056" total="375521280" percent="0">
    <mem type="nursery" free="0" total="351272960" percent="0">
      <mem type="allocate" free="0" total="316145664" percent="0" />
      <mem type="survivor" free="0" total="35127296" percent="0" />
    </mem>
    <mem type="tenure" free="1246056" total="24248320" percent="5">
      <mem type="soa" free="1004392" total="24006656" percent="4" />
      <mem type="loa" free="241664" total="241664" percent="100" />
    </mem>
    <remembered-set count="4048" />
  </mem-info>
</gc-start>
<allocation-stats totalBytes="310580976" >
  <allocated-bytes non-tlh="40" tlh="310580936" />
  <largest-consumer threadName="Thread-33" threadId="0000000001677A00" bytes="38370872" />
</allocation-stats>
<gc-op id="4976" type="scavenge" timems="44.821" contextid="4973" timestamp="2019-08-09T17:56:13.432">
  <scavenger-info tenureage="14" tenuremask="4000" tiltratio="90" />
  <memory-copied type="nursery" objects="106897" bytes="4772272" bytesdiscarded="94736" />
</gc-op>
<heap-resize id="4977" type="expand" space="nursery" amount="15728640" count="1" timems="0.027" reason="excessive time being spent scavenging" timestamp="2019-08-09T17:56:13.432" />
<gc-end id="4978" type="scavenge" contextid="4973" durationms="45.311" usertimems="27.881" systemtimems="4.005" timestamp="2019-08-09T17:56:13.433" activeThreads="16">
  <mem-info id="4979" free="326680488" total="391249920" percent="83">
    <mem type="nursery" free="325434432" total="367001600" percent="88">
      <mem type="allocate" free="325434432" total="330301440" percent="98" />
      <mem type="survivor" free="0" total="36700160" percent="0" />
    </mem>
    <mem type="tenure" free="1246056" total="24248320" percent="5" macro-fragmented="502401">
      <mem type="soa" free="1004392" total="24006656" percent="4" />
      <mem type="loa" free="241664" total="241664" percent="100" />
    </mem>
    <remembered-set count="4048" />
  </mem-info>
</gc-end>
<cycle-end id="4980" type="scavenge" contextid="4973" timestamp="2019-08-09T17:56:13.433" />
  <attribute name="elasticGC enabled" value="1" />
  <attribute name= "numThreadsSpecified" value="16" />
  <attribute name="heapSize specified" value="331218944" />
  <attribute name="Current GC Util" value="8" />
  <attribute name= "Current Time Running" value="179320" />
  <attribute name ="GC Interval" value="2097" />
  <attribute name="Target GC Util Change" value ="80.000000" />
  <attribute name="Current GC Util Change" value="8.000000"/>
  <attribute name="Current Error" value="72.000000" />
  <attribute name="Output H" value="375597048"/>
  <attribute name="Output I" value="2096"/>
  <attribute name="Output T" value="16"/>
  <attribute name= "Current Time Running" value="179320" />
  <attribute name="GC Util currently" value="8" />
  <attribute name="CPU Util currently" value="2985363045" />
<allocation-satisfied id="4981" threadId="0000000001652300" bytesRequested="24" />
<af-end id="4982" timestamp="2019-08-09T17:56:13.433" threadId="0000000001652C88" success="true" from="nursery"/>
<exclusive-end id="4983" timestamp="2019-08-09T17:56:13.433" durationms="45.637" />

<exclusive-start id="4984" timestamp="2019-08-09T17:56:13.911" intervalms="523.548">
  <response-info timems="10.268" idlems="6.993" threads="9" lastid="0000000001668B00" lastname="Thread-25" />
</exclusive-start>
<af-start id="4985" threadId="00000000016ACA88" totalBytesRequested="24" timestamp="2019-08-09T17:56:13.911" intervalms="523.600" type="nursery" />
<cycle-start id="4986" type="scavenge" contextid="0" timestamp="2019-08-09T17:56:13.911" intervalms="524.146" />
<gc-start id="4987" type="scavenge" contextid="4986" timestamp="2019-08-09T17:56:13.912">
  <mem-info id="4988" free="1246056" total="391249920" percent="0">
    <mem type="nursery" free="0" total="367001600" percent="0">
      <mem type="allocate" free="0" total="330301440" percent="0" />
      <mem type="survivor" free="0" total="36700160" percent="0" />
    </mem>
    <mem type="tenure" free="1246056" total="24248320" percent="5">
      <mem type="soa" free="1004392" total="24006656" percent="4" />
      <mem type="loa" free="241664" total="241664" percent="100" />
    </mem>
    <remembered-set count="4048" />
  </mem-info>
</gc-start>
<allocation-stats totalBytes="325408576" >
  <allocated-bytes non-tlh="24" tlh="325408552" />
  <largest-consumer threadName="Thread-36" threadId="0000000001670200" bytes="41514120" />
</allocation-stats>
<gc-op id="4989" type="scavenge" timems="41.032" contextid="4986" timestamp="2019-08-09T17:56:13.953">
  <scavenger-info tenureage="14" tenuremask="4000" tiltratio="90" />
  <memory-copied type="nursery" objects="99175" bytes="4316672" bytesdiscarded="159016" />
  <memory-copied type="tenure" objects="3" bytes="1560" bytesdiscarded="0" />
</gc-op>
<gc-end id="4990" type="scavenge" contextid="4986" durationms="41.802" usertimems="17.121" systemtimems="4.008" timestamp="2019-08-09T17:56:13.953" activeThreads="16">
  <mem-info id="4991" free="327055680" total="391249920" percent="83">
    <mem type="nursery" free="325825752" total="367001600" percent="88">
      <mem type="allocate" free="325825752" total="330301440" percent="98" />
      <mem type="survivor" free="0" total="36700160" percent="0" />
    </mem>
    <mem type="tenure" free="1229928" total="24248320" percent="5" macro-fragmented="0">
      <mem type="soa" free="988264" total="24006656" percent="4" />
      <mem type="loa" free="241664" total="241664" percent="100" />
    </mem>
    <remembered-set count="4045" />
  </mem-info>
</gc-end>
<cycle-end id="4992" type="scavenge" contextid="4986" timestamp="2019-08-09T17:56:13.954" />
  <attribute name="elasticGC enabled" value="1" />
  <attribute name= "numThreadsSpecified" value="16" />
  <attribute name="heapSize specified" value="331218944" />
  <attribute name="Current GC Util" value="6" />
  <attribute name= "Current Time Running" value="179845" />
  <attribute name ="GC Interval" value="2177" />
  <attribute name="Target GC Util Change" value ="80.000000" />
  <attribute name="Current GC Util Change" value="6.000000"/>
  <attribute name="Current Error" value="146.000000" />
  <attribute name="Output H" value="391325768"/>
  <attribute name="Output I" value="2176"/>
  <attribute name="Output T" value="16"/>
  <attribute name= "Current Time Running" value="179845" />
  <attribute name="GC Util currently" value="6" />
  <attribute name="CPU Util currently" value="2198428115" />
<allocation-satisfied id="4993" threadId="00000000016AC100" bytesRequested="24" />
<af-end id="4994" timestamp="2019-08-09T17:56:13.954" threadId="00000000016ACA88" success="true" from="nursery"/>
<exclusive-end id="4995" timestamp="2019-08-09T17:56:13.954" durationms="43.106" />

<exclusive-start id="4996" timestamp="2019-08-09T17:56:14.528" intervalms="617.659">
  <response-info timems="1.207" idlems="1.207" threads="0" lastid="0000000001668B00" lastname="Thread-25" />
</exclusive-start>
<af-start id="4997" threadId="0000000001669488" totalBytesRequested="40" timestamp="2019-08-09T17:56:14.528" intervalms="617.628" type="nursery" />
<cycle-start id="4998" type="scavenge" contextid="0" timestamp="2019-08-09T17:56:14.528" intervalms="617.075" />
<gc-start id="4999" type="scavenge" contextid="4998" timestamp="2019-08-09T17:56:14.528">
  <mem-info id="5000" free="1229928" total="391249920" percent="0">
    <mem type="nursery" free="0" total="367001600" percent="0">
      <mem type="allocate" free="0" total="330301440" percent="0" />
      <mem type="survivor" free="0" total="36700160" percent="0" />
    </mem>
    <mem type="tenure" free="1229928" total="24248320" percent="5">
      <mem type="soa" free="988264" total="24006656" percent="4" />
      <mem type="loa" free="241664" total="241664" percent="100" />
    </mem>
    <remembered-set count="4045" />
  </mem-info>
</gc-start>
<allocation-stats totalBytes="325771880" >
  <allocated-bytes non-tlh="24" tlh="325771856" />
  <largest-consumer threadName="Thread-35" threadId="0000000001691D00" bytes="31812408" />
</allocation-stats>
<gc-op id="5001" type="scavenge" timems="16.245" contextid="4998" timestamp="2019-08-09T17:56:14.545">
  <scavenger-info tenureage="14" tenuremask="4000" tiltratio="90" />
  <memory-copied type="nursery" objects="121110" bytes="5110832" bytesdiscarded="45208" />
</gc-op>
<gc-end id="5002" type="scavenge" contextid="4998" durationms="16.637" usertimems="21.440" systemtimems="1.622" timestamp="2019-08-09T17:56:14.545" activeThreads="16">
  <mem-info id="5003" free="326375328" total="391249920" percent="83">
    <mem type="nursery" free="325145400" total="367001600" percent="88">
      <mem type="allocate" free="325145400" total="330301440" percent="98" />
      <mem type="survivor" free="0" total="36700160" percent="0" />
    </mem>
    <mem type="tenure" free="1229928" total="24248320" percent="5" macro-fragmented="723458">
      <mem type="soa" free="988264" total="24006656" percent="4" />
      <mem type="loa" free="241664" total="241664" percent="100" />
    </mem>
    <remembered-set count="4044" />
  </mem-info>
</gc-end>
<cycle-end id="5004" type="scavenge" contextid="4998" timestamp="2019-08-09T17:56:14.545" />
  <attribute name="elasticGC enabled" value="1" />
  <attribute name= "numThreadsSpecified" value="16" />
  <attribute name="heapSize specified" value="331218944" />
  <attribute name="Current GC Util" value="3" />
  <attribute name= "Current Time Running" value="180462" />
  <attribute name ="GC Interval" value="2273" />
  <attribute name="Target GC Util Change" value ="80.000000" />
  <attribute name="Current GC Util Change" value="3.000000"/>
  <attribute name="Current Error" value="223.000000" />
  <attribute name="Output H" value="391325864"/>
  <attribute name="Output I" value="2272"/>
  <attribute name="Output T" value="16"/>
  <attribute name= "Current Time Running" value="180462" />
  <attribute name="GC Util currently" value="3" />
  <attribute name="CPU Util currently" value="1869172003" />
<allocation-satisfied id="5005" threadId="0000000001668B00" bytesRequested="40" />
<af-end id="5006" timestamp="2019-08-09T17:56:14.545" threadId="0000000001669488" success="true" from="nursery"/>
<exclusive-end id="5007" timestamp="2019-08-09T17:56:14.545" durationms="16.961" />

<exclusive-start id="5008" timestamp="2019-08-09T17:56:15.004" intervalms="476.105">
  <response-info timems="12.179" idlems="12.179" threads="0" lastid="000000000168E200" lastname="Thread-26" />
</exclusive-start>
<af-start id="5009" threadId="000000000168EB88" totalBytesRequested="40" timestamp="2019-08-09T17:56:15.005" intervalms="476.409" type="nursery" />
<cycle-start id="5010" type="scavenge" contextid="0" timestamp="2019-08-09T17:56:15.005" intervalms="476.410" />
<gc-start id="5011" type="scavenge" contextid="5010" timestamp="2019-08-09T17:56:15.005">
  <mem-info id="5012" free="1229928" total="391249920" percent="0">
    <mem type="nursery" free="0" total="367001600" percent="0">
      <mem type="allocate" free="0" total="330301440" percent="0" />
      <mem type="survivor" free="0" total="36700160" percent="0" />
    </mem>
    <mem type="tenure" free="1229928" total="24248320" percent="5">
      <mem type="soa" free="988264" total="24006656" percent="4" />
      <mem type="loa" free="241664" total="241664" percent="100" />
    </mem>
    <remembered-set count="4044" />
  </mem-info>
</gc-start>
<allocation-stats totalBytes="325134056" >
  <allocated-bytes non-tlh="40" tlh="325134016" />
  <largest-consumer threadName="Thread-29" threadId="0000000001661300" bytes="39025824" />
</allocation-stats>
<gc-op id="5013" type="scavenge" timems="61.147" contextid="5010" timestamp="2019-08-09T17:56:15.066">
  <scavenger-info tenureage="14" tenuremask="4000" tiltratio="90" />
  <memory-copied type="nursery" objects="108000" bytes="4661400" bytesdiscarded="323112" />
</gc-op>
<heap-resize id="5014" type="expand" space="nursery" amount="25427968" count="1" timems="0.031" reason="excessive time being spent scavenging" timestamp="2019-08-09T17:56:15.069" />
<gc-end id="5015" type="scavenge" contextid="5010" durationms="70.879" usertimems="51.753" systemtimems="29.148" timestamp="2019-08-09T17:56:15.076" activeThreads="16">
  <mem-info id="5016" free="349418920" total="416677888" percent="83">
    <mem type="nursery" free="348188992" total="392429568" percent="88">
      <mem type="allocate" free="348188992" total="353173504" percent="98" />
      <mem type="survivor" free="0" total="39256064" percent="0" />
    </mem>
    <mem type="tenure" free="1229928" total="24248320" percent="5" macro-fragmented="868149">
      <mem type="soa" free="988264" total="24006656" percent="4" />
      <mem type="loa" free="241664" total="241664" percent="100" />
    </mem>
    <remembered-set count="4043" />
  </mem-info>
</gc-end>
<cycle-end id="5017" type="scavenge" contextid="5010" timestamp="2019-08-09T17:56:15.076" />
  <attribute name="elasticGC enabled" value="1" />
  <attribute name= "numThreadsSpecified" value="16" />
  <attribute name="heapSize specified" value="331218944" />
  <attribute name="Current GC Util" value="4" />
  <attribute name= "Current Time Running" value="180938" />
  <attribute name ="GC Interval" value="2361" />
  <attribute name="Target GC Util Change" value ="80.000000" />
  <attribute name="Current GC Util Change" value="4.000000"/>
  <attribute name="Current Error" value="299.000000" />
  <attribute name="Output H" value="391325952"/>
  <attribute name="Output I" value="2360"/>
  <attribute name="Output T" value="16"/>
  <attribute name= "Current Time Running" value="180938" />
  <attribute name="GC Util currently" value="4" />
  <attribute name="CPU Util currently" value="2420153710" />
<allocation-satisfied id="5018" threadId="000000000168E200" bytesRequested="40" />
<af-end id="5019" timestamp="2019-08-09T17:56:15.076" threadId="000000000168EB88" success="true" from="nursery"/>
<exclusive-end id="5020" timestamp="2019-08-09T17:56:15.076" durationms="71.513" />

<exclusive-start id="5021" timestamp="2019-08-09T17:56:15.579" intervalms="574.753">
  <response-info timems="59.701" idlems="59.701" threads="0" lastid="00000000016A0D00" lastname="Thread-23" />
</exclusive-start>
<af-start id="5022" threadId="00000000016A1688" totalBytesRequested="40" timestamp="2019-08-09T17:56:15.591" intervalms="585.954" type="nursery" />
<cycle-start id="5023" type="scavenge" contextid="0" timestamp="2019-08-09T17:56:15.591" intervalms="585.974" />
<gc-start id="5024" type="scavenge" contextid="5023" timestamp="2019-08-09T17:56:15.591">
  <mem-info id="5025" free="1229928" total="416677888" percent="0">
    <mem type="nursery" free="0" total="392429568" percent="0">
      <mem type="allocate" free="0" total="353173504" percent="0" />
      <mem type="survivor" free="0" total="39256064" percent="0" />
    </mem>
    <mem type="tenure" free="1229928" total="24248320" percent="5">
      <mem type="soa" free="988264" total="24006656" percent="4" />
      <mem type="loa" free="241664" total="241664" percent="100" />
    </mem>
    <remembered-set count="4043" />
  </mem-info>
</gc-start>
<allocation-stats totalBytes="348133432" >
  <allocated-bytes non-tlh="40" tlh="348133392" />
  <largest-consumer threadName="Thread-24" threadId="00000000016AC100" bytes="30502296" />
</allocation-stats>
<gc-op id="5026" type="scavenge" timems="260.779" contextid="5023" timestamp="2019-08-09T17:56:15.852">
  <scavenger-info tenureage="14" tenuremask="4000" tiltratio="89" />
  <memory-copied type="nursery" objects="118132" bytes="5038528" bytesdiscarded="216176" />
</gc-op>
<heap-resize id="5027" type="expand" space="nursery" amount="62390272" count="1" timems="2.265" reason="excessive time being spent scavenging" timestamp="2019-08-09T17:56:15.854" />
<gc-end id="5028" type="scavenge" contextid="5023" durationms="263.265" usertimems="88.181" systemtimems="74.925" timestamp="2019-08-09T17:56:15.854" activeThreads="16">
  <mem-info id="5029" free="405247544" total="479068160" percent="84">
    <mem type="nursery" free="404017616" total="454819840" percent="88">
      <mem type="allocate" free="404017616" total="409272320" percent="98" />
      <mem type="survivor" free="0" total="45547520" percent="0" />
    </mem>
    <mem type="tenure" free="1229928" total="24248320" percent="5" macro-fragmented="723458">
      <mem type="soa" free="988264" total="24006656" percent="4" />
      <mem type="loa" free="241664" total="241664" percent="100" />
    </mem>
    <remembered-set count="4043" />
  </mem-info>
</gc-end>
<cycle-end id="5030" type="scavenge" contextid="5023" timestamp="2019-08-09T17:56:15.854" />
  <attribute name="elasticGC enabled" value="1" />
  <attribute name= "numThreadsSpecified" value="16" />
  <attribute name="heapSize specified" value="331218944" />
  <attribute name="Current GC Util" value="13" />
  <attribute name= "Current Time Running" value="181524" />
  <attribute name ="GC Interval" value="2433" />
  <attribute name="Target GC Util Change" value ="80.000000" />
  <attribute name="Current GC Util Change" value="13.000000"/>
  <attribute name="Current Error" value="366.000000" />
  <attribute name="Output H" value="416753992"/>
  <attribute name="Output I" value="2432"/>
  <attribute name="Output T" value="16"/>
  <attribute name= "Current Time Running" value="181524" />
  <attribute name="GC Util currently" value="13" />
  <attribute name="CPU Util currently" value="1967504493" />
<allocation-satisfied id="5031" threadId="00000000016A0D00" bytesRequested="40" />
<af-end id="5032" timestamp="2019-08-09T17:56:15.854" threadId="00000000016A1688" success="true" from="nursery"/>
<exclusive-end id="5033" timestamp="2019-08-09T17:56:15.854" durationms="275.094" />

<exclusive-start id="5034" timestamp="2019-08-09T17:56:16.385" intervalms="806.193">
  <response-info timems="0.103" idlems="0.103" threads="0" lastid="0000000001661300" lastname="Thread-29" />
</exclusive-start>
<af-start id="5035" threadId="0000000001661C88" totalBytesRequested="24" timestamp="2019-08-09T17:56:16.385" intervalms="794.640" type="nursery" />
<cycle-start id="5036" type="scavenge" contextid="0" timestamp="2019-08-09T17:56:16.385" intervalms="794.609" />
<gc-start id="5037" type="scavenge" contextid="5036" timestamp="2019-08-09T17:56:16.386">
  <mem-info id="5038" free="1229928" total="479068160" percent="0">
    <mem type="nursery" free="0" total="454819840" percent="0">
      <mem type="allocate" free="0" total="409272320" percent="0" />
      <mem type="survivor" free="0" total="45547520" percent="0" />
    </mem>
    <mem type="tenure" free="1229928" total="24248320" percent="5">
      <mem type="soa" free="988264" total="24006656" percent="4" />
      <mem type="loa" free="241664" total="241664" percent="100" />
    </mem>
    <remembered-set count="4044" />
  </mem-info>
</gc-start>
<allocation-stats totalBytes="404011592" >
  <allocated-bytes non-tlh="40" tlh="404011552" />
  <largest-consumer threadName="Thread-29" threadId="0000000001661300" bytes="48200544" />
</allocation-stats>
<gc-op id="5039" type="scavenge" timems="5.776" contextid="5036" timestamp="2019-08-09T17:56:16.391">
  <scavenger-info tenureage="13" tenuremask="6000" tiltratio="89" />
  <memory-copied type="nursery" objects="44233" bytes="1750064" bytesdiscarded="92824" />
  <memory-copied type="tenure" objects="1055" bytes="25320" bytesdiscarded="0" />
</gc-op>
<gc-end id="5040" type="scavenge" contextid="5036" durationms="6.220" usertimems="5.712" systemtimems="4.279" timestamp="2019-08-09T17:56:16.392" activeThreads="16">
  <mem-info id="5041" free="408654240" total="479068160" percent="85">
    <mem type="nursery" free="407494968" total="454819840" percent="89">
      <mem type="allocate" free="407494968" total="409337856" percent="99" />
      <mem type="survivor" free="0" total="45481984" percent="0" />
    </mem>
    <mem type="tenure" free="1159272" total="24248320" percent="4" macro-fragmented="723458">
      <mem type="soa" free="917608" total="24006656" percent="3" />
      <mem type="loa" free="241664" total="241664" percent="100" />
    </mem>
    <remembered-set count="2988" />
  </mem-info>
</gc-end>
<cycle-end id="5042" type="scavenge" contextid="5036" timestamp="2019-08-09T17:56:16.392" />
  <attribute name="elasticGC enabled" value="1" />
  <attribute name= "numThreadsSpecified" value="16" />
  <attribute name="heapSize specified" value="331218944" />
  <attribute name="Current GC Util" value="20" />
  <attribute name= "Current Time Running" value="182319" />
  <attribute name ="GC Interval" value="2505" />
  <attribute name="Target GC Util Change" value ="80.000000" />
  <attribute name="Current GC Util Change" value="20.000000"/>
  <attribute name="Current Error" value="426.000000" />
  <attribute name="Output H" value="479144336"/>
  <attribute name="Output I" value="2504"/>
  <attribute name="Output T" value="16"/>
  <attribute name= "Current Time Running" value="182319" />
  <attribute name="GC Util currently" value="20" />
  <attribute name="CPU Util currently" value="1450670485" />
<allocation-satisfied id="5043" threadId="0000000001661300" bytesRequested="24" />
<af-end id="5044" timestamp="2019-08-09T17:56:16.392" threadId="0000000001661C88" success="true" from="nursery"/>
<exclusive-end id="5045" timestamp="2019-08-09T17:56:16.392" durationms="6.626" />

===== DaCapo 9.12-MR1 sunflow PASSED in 21282 msec =====
Using scaled threading model. 16 processors detected, 16 threads used to drive the workload, in a possible range of [1,1000]
<exclusive-start id="5046" timestamp="2019-08-09T17:56:17.001" intervalms="616.122">
  <response-info timems="0.100" idlems="0.100" threads="0" lastid="0000000001367F00" lastname="main" />
</exclusive-start>
<sys-start reason="explicit" id="5047" timestamp="2019-08-09T17:56:17.001" intervalms="21965.471" />
<cycle-start id="5048" type="global" contextid="0" timestamp="2019-08-09T17:56:17.001" intervalms="14442.820" />
<gc-start id="5049" type="global" contextid="5048" timestamp="2019-08-09T17:56:17.002">
  <mem-info id="5050" free="308292112" total="479068160" percent="64">
    <mem type="nursery" free="307267232" total="454819840" percent="67">
      <mem type="allocate" free="307267232" total="409337856" percent="75" />
      <mem type="survivor" free="0" total="45481984" percent="0" />
    </mem>
    <mem type="tenure" free="1024880" total="24248320" percent="4">
      <mem type="soa" free="783216" total="24006656" percent="3" />
      <mem type="loa" free="241664" total="241664" percent="100" />
    </mem>
    <remembered-set count="4551" />
  </mem-info>
</gc-start>
<allocation-stats totalBytes="100337464" >
  <allocated-bytes non-tlh="493456" tlh="99844008" />
  <largest-consumer threadName="main" threadId="0000000001367F00" bytes="11440184" />
</allocation-stats>
<gc-op id="5051" type="mark" timems="61.651" contextid="5048" timestamp="2019-08-09T17:56:17.065">
  <trace-info objectcount="622462" scancount="538281" scanbytes="14119820" />
  <finalization candidates="154" enqueued="1" />
  <ownableSynchronizers candidates="23" cleared="0" />
  <references type="soft" candidates="1945" cleared="7" enqueued="7" dynamicThreshold="2" maxThreshold="32" />
  <references type="weak" candidates="6233" cleared="96" enqueued="96" />
  <references type="phantom" candidates="331" cleared="10" enqueued="10" />
  <stringconstants candidates="15610" cleared="22"  />
</gc-op>
<gc-op id="5052" type="classunload" timems="0.016" contextid="5048" timestamp="2019-08-09T17:56:17.066">
  <classunload-info classloadercandidates="67" classloadersunloaded="0" classesunloaded="0" anonymousclassesunloaded="0" quiescems="1.683" setupms="0.015" scanms="0.001" postms="0.000" />
</gc-op>
<gc-op id="5053" type="sweep" timems="14.393" contextid="5048" timestamp="2019-08-09T17:56:17.086" />
<mem-info id="5054" free="410942024" total="479068160" percent="85">
  <mem type="nursery" free="407778968" total="454819840" percent="89">
    <mem type="allocate" free="407778968" total="409337856" percent="99" />
    <mem type="survivor" free="0" total="45481984" percent="0" />
  </mem>
  <mem type="tenure" free="3163056" total="24248320" percent="13" micro-fragmented="16231" macro-fragmented="1558216">
    <mem type="soa" free="2921392" total="24006656" percent="12" />
    <mem type="loa" free="241664" total="241664" percent="100" />
  </mem>
  <pending-finalizers system="1" default="0" reference="113" classloader="0" />
  <remembered-set count="1619" />
</mem-info>
<gc-op id="5055" type="compact" timems="35.750" contextid="5048" timestamp="2019-08-09T17:56:17.122">
  <compact-info movecount="53607" movebytes="4963520" reason="compact to aid heap contraction" />
</gc-op>
<heap-resize id="5056" type="expand" space="tenure" amount="131072" count="1" timems="0.024" reason="satisfy allocation request" timestamp="2019-08-09T17:56:17.123" />
<gc-end id="5057" type="global" contextid="5048" durationms="121.422" usertimems="132.998" systemtimems="0.000" timestamp="2019-08-09T17:56:17.123" activeThreads="16">
  <mem-info id="5058" free="411525960" total="479199232" percent="85">
    <mem type="nursery" free="408217160" total="454819840" percent="89">
      <mem type="allocate" free="408217160" total="409337856" percent="99" />
      <mem type="survivor" free="0" total="45481984" percent="0" />
    </mem>
    <mem type="tenure" free="3308800" total="24379392" percent="13">
      <mem type="soa" free="3065088" total="24135680" percent="12" />
      <mem type="loa" free="243712" total="243712" percent="100" />
    </mem>
    <pending-finalizers system="1" default="0" reference="113" classloader="0" />
    <remembered-set count="1619" />
  </mem-info>
</gc-end>
<cycle-end id="5059" type="global" contextid="5048" timestamp="2019-08-09T17:56:17.124" />
  <attribute name="elasticGC enabled" value="1" />
  <attribute name= "numThreadsSpecified" value="16" />
  <attribute name="heapSize specified" value="479068160" />
  <attribute name="Current GC Util" value="150" />
  <attribute name= "Current Time Running" value="183055" />
  <attribute name ="GC Interval" value="2505" />
  <attribute name="Target GC Util Change" value ="80.000000" />
  <attribute name="Current GC Util Change" value="150.000000"/>
  <attribute name="Current Error" value="45.000000" />
  <attribute name="Output H" value="479143896"/>
  <attribute name="Output I" value="2064"/>
  <attribute name="Output T" value="16"/>
  <attribute name= "Current Time Running" value="183055" />
  <attribute name="GC Util currently" value="150" />
  <attribute name="CPU Util currently" value="32226436293" />
<sys-end id="5060" timestamp="2019-08-09T17:56:17.124" />
<exclusive-end id="5061" timestamp="2019-08-09T17:56:17.124" durationms="122.180" />

===== DaCapo 9.12-MR1 xalan starting =====
<exclusive-start id="5062" timestamp="2019-08-09T17:56:22.401" intervalms="5399.529">
  <response-info timems="23.518" idlems="23.518" threads="0" lastid="000000000167F200" lastname="Thread-40" />
</exclusive-start>
<af-start id="5063" threadId="000000000167FB88" totalBytesRequested="16392" timestamp="2019-08-09T17:56:22.419" intervalms="6033.204" type="nursery" />
<cycle-start id="5064" type="scavenge" contextid="0" timestamp="2019-08-09T17:56:22.419" intervalms="6033.873" />
<gc-start id="5065" type="scavenge" contextid="5064" timestamp="2019-08-09T17:56:22.419">
  <mem-info id="5066" free="3266088" total="479199232" percent="0">
    <mem type="nursery" free="0" total="454819840" percent="0">
      <mem type="allocate" free="0" total="409337856" percent="0" />
      <mem type="survivor" free="0" total="45481984" percent="0" />
    </mem>
    <mem type="tenure" free="3266088" total="24379392" percent="13">
      <mem type="soa" free="3022376" total="24135680" percent="12" />
      <mem type="loa" free="243712" total="243712" percent="100" />
    </mem>
    <remembered-set count="2314" />
  </mem-info>
</gc-start>
<allocation-stats totalBytes="407956440" >
  <allocated-bytes non-tlh="1170488" tlh="406785952" />
  <largest-consumer threadName="Thread-47" threadId="0000000001682E00" bytes="32186448" />
</allocation-stats>
<gc-op id="5067" type="scavenge" timems="187.847" contextid="5064" timestamp="2019-08-09T17:56:22.607">
  <scavenger-info tenureage="14" tenuremask="4000" tiltratio="90" />
  <memory-copied type="nursery" objects="46400" bytes="5185400" bytesdiscarded="150568" />
  <finalization candidates="9" enqueued="6" />
  <ownableSynchronizers candidates="46" cleared="46" />
  <references type="soft" candidates="116" cleared="0" enqueued="0" dynamicThreshold="4" maxThreshold="32" />
  <references type="weak" candidates="118" cleared="27" enqueued="23" />
  <references type="phantom" candidates="78" cleared="0" enqueued="0" />
</gc-op>
<gc-end id="5068" type="scavenge" contextid="5064" durationms="189.122" usertimems="75.586" systemtimems="59.608" timestamp="2019-08-09T17:56:22.608" activeThreads="16">
  <mem-info id="5069" free="407266672" total="479199232" percent="84">
    <mem type="nursery" free="404000584" total="454819840" percent="88">
      <mem type="allocate" free="404000584" total="409337856" percent="98" />
      <mem type="survivor" free="0" total="45481984" percent="0" />
    </mem>
    <mem type="tenure" free="3266088" total="24379392" percent="13" macro-fragmented="2592282">
      <mem type="soa" free="3022376" total="24135680" percent="12" />
      <mem type="loa" free="243712" total="243712" percent="100" />
    </mem>
    <pending-finalizers system="6" default="0" reference="23" classloader="0" />
    <remembered-set count="2186" />
  </mem-info>
</gc-end>
<cycle-end id="5070" type="scavenge" contextid="5064" timestamp="2019-08-09T17:56:22.613" />
  <attribute name="elasticGC enabled" value="1" />
  <attribute name= "numThreadsSpecified" value="16" />
  <attribute name="heapSize specified" value="479068160" />
  <attribute name="Current GC Util" value="0" />
  <attribute name= "Current Time Running" value="188353" />
  <attribute name ="GC Interval" value="2153" />
  <attribute name="Target GC Util Change" value ="80.000000" />
  <attribute name="Current GC Util Change" value="0.000000"/>
  <attribute name="Current Error" value="125.000000" />
  <attribute name="Output H" value="479275056"/>
  <attribute name="Output I" value="2152"/>
  <attribute name="Output T" value="16"/>
  <attribute name= "Current Time Running" value="188353" />
  <attribute name="GC Util currently" value="0" />
  <attribute name="CPU Util currently" value="26" />
<allocation-satisfied id="5071" threadId="000000000167F200" bytesRequested="16392" />
<af-end id="5072" timestamp="2019-08-09T17:56:22.613" threadId="000000000167FB88" success="true" from="nursery"/>
<exclusive-end id="5073" timestamp="2019-08-09T17:56:22.613" durationms="212.408" />

<exclusive-start id="5074" timestamp="2019-08-09T17:56:25.297" intervalms="2895.702">
  <response-info timems="6.805" idlems="2.342" threads="2" lastid="0000000001699500" lastname="Thread-42" />
</exclusive-start>
<af-start id="5075" threadId="00000000016ACA88" totalBytesRequested="8200" timestamp="2019-08-09T17:56:25.297" intervalms="2878.182" type="nursery" />
<cycle-start id="5076" type="scavenge" contextid="0" timestamp="2019-08-09T17:56:25.297" intervalms="2877.535" />
<gc-start id="5077" type="scavenge" contextid="5076" timestamp="2019-08-09T17:56:25.297">
  <mem-info id="5078" free="3266088" total="479199232" percent="0">
    <mem type="nursery" free="0" total="454819840" percent="0">
      <mem type="allocate" free="0" total="409337856" percent="0" />
      <mem type="survivor" free="0" total="45481984" percent="0" />
    </mem>
    <mem type="tenure" free="3266088" total="24379392" percent="13">
      <mem type="soa" free="3022376" total="24135680" percent="12" />
      <mem type="loa" free="243712" total="243712" percent="100" />
    </mem>
    <remembered-set count="2187" />
  </mem-info>
</gc-start>
<allocation-stats totalBytes="403565656" >
  <allocated-bytes non-tlh="16392" tlh="403549264" />
  <largest-consumer threadName="Thread-40" threadId="000000000167F200" bytes="34008080" />
</allocation-stats>
<gc-op id="5079" type="scavenge" timems="21.564" contextid="5076" timestamp="2019-08-09T17:56:25.318">
  <scavenger-info tenureage="14" tenuremask="4000" tiltratio="90" />
  <memory-copied type="nursery" objects="47638" bytes="5943680" bytesdiscarded="193072" />
  <finalization candidates="3" enqueued="0" />
  <references type="soft" candidates="116" cleared="0" enqueued="0" dynamicThreshold="4" maxThreshold="32" />
  <references type="weak" candidates="90" cleared="0" enqueued="0" />
  <references type="phantom" candidates="80" cleared="0" enqueued="0" />
</gc-op>
<gc-end id="5080" type="scavenge" contextid="5076" durationms="22.315" usertimems="68.532" systemtimems="7.147" timestamp="2019-08-09T17:56:25.319" activeThreads="16">
  <mem-info id="5081" free="406465904" total="479199232" percent="84">
    <mem type="nursery" free="403199816" total="454819840" percent="88">
      <mem type="allocate" free="403199816" total="409337856" percent="98" />
      <mem type="survivor" free="0" total="45481984" percent="0" />
    </mem>
    <mem type="tenure" free="3266088" total="24379392" percent="13" macro-fragmented="1250136">
      <mem type="soa" free="3022376" total="24135680" percent="12" />
      <mem type="loa" free="243712" total="243712" percent="100" />
    </mem>
    <remembered-set count="2178" />
  </mem-info>
</gc-end>
<cycle-end id="5082" type="scavenge" contextid="5076" timestamp="2019-08-09T17:56:25.320" />
  <attribute name="elasticGC enabled" value="1" />
  <attribute name= "numThreadsSpecified" value="16" />
  <attribute name="heapSize specified" value="479068160" />
  <attribute name="Current GC Util" value="3" />
  <attribute name= "Current Time Running" value="191230" />
  <attribute name ="GC Interval" value="2249" />
  <attribute name="Target GC Util Change" value ="80.000000" />
  <attribute name="Current GC Util Change" value="3.000000"/>
  <attribute name="Current Error" value="202.000000" />
  <attribute name="Output H" value="479275152"/>
  <attribute name="Output I" value="2248"/>
  <attribute name="Output T" value="16"/>
  <attribute name= "Current Time Running" value="191230" />
  <attribute name="GC Util currently" value="3" />
  <attribute name="CPU Util currently" value="16" />
<allocation-satisfied id="5083" threadId="00000000016AC100" bytesRequested="8200" />
<af-end id="5084" timestamp="2019-08-09T17:56:25.320" threadId="00000000016ACA88" success="true" from="nursery"/>
<exclusive-end id="5085" timestamp="2019-08-09T17:56:25.320" durationms="23.082" />

<exclusive-start id="5086" timestamp="2019-08-09T17:56:26.760" intervalms="1463.141">
  <response-info timems="21.038" idlems="21.038" threads="0" lastid="0000000001682E00" lastname="Thread-47" />
</exclusive-start>
<af-start id="5087" threadId="0000000001683788" totalBytesRequested="824" timestamp="2019-08-09T17:56:26.764" intervalms="1467.077" type="nursery" />
<cycle-start id="5088" type="scavenge" contextid="0" timestamp="2019-08-09T17:56:26.764" intervalms="1467.079" />
<gc-start id="5089" type="scavenge" contextid="5088" timestamp="2019-08-09T17:56:26.764">
  <mem-info id="5090" free="3266088" total="479199232" percent="0">
    <mem type="nursery" free="0" total="454819840" percent="0">
      <mem type="allocate" free="0" total="409337856" percent="0" />
      <mem type="survivor" free="0" total="45481984" percent="0" />
    </mem>
    <mem type="tenure" free="3266088" total="24379392" percent="13">
      <mem type="soa" free="3022376" total="24135680" percent="12" />
      <mem type="loa" free="243712" total="243712" percent="100" />
    </mem>
    <remembered-set count="2178" />
  </mem-info>
</gc-start>
<allocation-stats totalBytes="402917312" >
  <allocated-bytes non-tlh="8200" tlh="402909112" />
  <largest-consumer threadName="Thread-38" threadId="000000000164E700" bytes="39100760" />
</allocation-stats>
<gc-op id="5091" type="scavenge" timems="49.153" contextid="5088" timestamp="2019-08-09T17:56:26.813">
  <scavenger-info tenureage="14" tenuremask="4000" tiltratio="90" />
  <memory-copied type="nursery" objects="44602" bytes="5247488" bytesdiscarded="234280" />
  <finalization candidates="3" enqueued="0" />
  <references type="soft" candidates="116" cleared="0" enqueued="0" dynamicThreshold="4" maxThreshold="32" />
  <references type="weak" candidates="89" cleared="0" enqueued="0" />
  <references type="phantom" candidates="79" cleared="0" enqueued="0" />
</gc-op>
<gc-end id="5092" type="scavenge" contextid="5088" durationms="49.618" usertimems="17.782" systemtimems="26.125" timestamp="2019-08-09T17:56:26.814" activeThreads="16">
  <mem-info id="5093" free="407120888" total="479199232" percent="84">
    <mem type="nursery" free="403854800" total="454819840" percent="88">
      <mem type="allocate" free="403854800" total="409337856" percent="98" />
      <mem type="survivor" free="0" total="45481984" percent="0" />
    </mem>
    <mem type="tenure" free="3266088" total="24379392" percent="13" macro-fragmented="2592282">
      <mem type="soa" free="3022376" total="24135680" percent="12" />
      <mem type="loa" free="243712" total="243712" percent="100" />
    </mem>
    <remembered-set count="816" />
  </mem-info>
</gc-end>
<cycle-end id="5094" type="scavenge" contextid="5088" timestamp="2019-08-09T17:56:26.816" />
  <attribute name="elasticGC enabled" value="1" />
  <attribute name= "numThreadsSpecified" value="16" />
  <attribute name="heapSize specified" value="479068160" />
  <attribute name="Current GC Util" value="2" />
  <attribute name= "Current Time Running" value="192697" />
  <attribute name ="GC Interval" value="2105" />
  <attribute name="Target GC Util Change" value ="80.000000" />
  <attribute name="Current GC Util Change" value="2.000000"/>
  <attribute name="Current Error" value="78.000000" />
  <attribute name="Output H" value="479275008"/>
  <attribute name="Output I" value="2104"/>
  <attribute name="Output T" value="16"/>
  <attribute name= "Current Time Running" value="192697" />
  <attribute name="GC Util currently" value="2" />
  <attribute name="CPU Util currently" value="785872340" />
<allocation-satisfied id="5095" threadId="0000000001682E00" bytesRequested="824" />
<af-end id="5096" timestamp="2019-08-09T17:56:26.816" threadId="0000000001683788" success="true" from="nursery"/>
<exclusive-end id="5097" timestamp="2019-08-09T17:56:26.816" durationms="55.845" />

<exclusive-start id="5098" timestamp="2019-08-09T17:56:28.127" intervalms="1367.358">
  <response-info timems="12.607" idlems="6.386" threads="1" lastid="0000000001682E00" lastname="Thread-47" />
</exclusive-start>
<af-start id="5099" threadId="0000000001674788" totalBytesRequested="24" timestamp="2019-08-09T17:56:28.127" intervalms="1363.426" type="nursery" />
<cycle-start id="5100" type="scavenge" contextid="0" timestamp="2019-08-09T17:56:28.127" intervalms="1363.429" />
<gc-start id="5101" type="scavenge" contextid="5100" timestamp="2019-08-09T17:56:28.127">
  <mem-info id="5102" free="3266088" total="479199232" percent="0">
    <mem type="nursery" free="0" total="454819840" percent="0">
      <mem type="allocate" free="0" total="409337856" percent="0" />
      <mem type="survivor" free="0" total="45481984" percent="0" />
    </mem>
    <mem type="tenure" free="3266088" total="24379392" percent="13">
      <mem type="soa" free="3022376" total="24135680" percent="12" />
      <mem type="loa" free="243712" total="243712" percent="100" />
    </mem>
    <remembered-set count="816" />
  </mem-info>
</gc-start>
<allocation-stats totalBytes="403607480" >
  <allocated-bytes non-tlh="824" tlh="403606656" />
  <largest-consumer threadName="Thread-46" threadId="00000000016A4900" bytes="34386144" />
</allocation-stats>
<gc-op id="5103" type="scavenge" timems="33.618" contextid="5100" timestamp="2019-08-09T17:56:28.161">
  <scavenger-info tenureage="3" tenuremask="4008" tiltratio="90" />
  <memory-copied type="nursery" objects="9417" bytes="3707728" bytesdiscarded="172752" />
  <memory-copied type="tenure" objects="36392" bytes="2033888" bytesdiscarded="2032" />
  <finalization candidates="3" enqueued="0" />
  <references type="phantom" candidates="1" cleared="0" enqueued="0" />
</gc-op>
<gc-end id="5104" type="scavenge" contextid="5100" durationms="34.170" usertimems="44.724" systemtimems="27.792" timestamp="2019-08-09T17:56:28.162" activeThreads="16">
  <mem-info id="5105" free="406514216" total="479199232" percent="84">
    <mem type="nursery" free="405457120" total="454819840" percent="89">
      <mem type="allocate" free="405457120" total="409337856" percent="99" />
      <mem type="survivor" free="0" total="45481984" percent="0" />
    </mem>
    <mem type="tenure" free="1057096" total="24379392" percent="4" macro-fragmented="18870">
      <mem type="soa" free="813384" total="24135680" percent="3" />
      <mem type="loa" free="243712" total="243712" percent="100" />
    </mem>
    <remembered-set count="400" />
  </mem-info>
</gc-end>
<cycle-end id="5106" type="scavenge" contextid="5100" timestamp="2019-08-09T17:56:28.162" />
  <attribute name="elasticGC enabled" value="1" />
  <attribute name= "numThreadsSpecified" value="16" />
  <attribute name="heapSize specified" value="479068160" />
  <attribute name="Current GC Util" value="3" />
  <attribute name= "Current Time Running" value="194061" />
  <attribute name ="GC Interval" value="2193" />
  <attribute name="Target GC Util Change" value ="80.000000" />
  <attribute name="Current GC Util Change" value="3.000000"/>
  <attribute name="Current Error" value="155.000000" />
  <attribute name="Output H" value="479275096"/>
  <attribute name="Output I" value="2192"/>
  <attribute name="Output T" value="16"/>
  <attribute name= "Current Time Running" value="194061" />
  <attribute name="GC Util currently" value="3" />
  <attribute name="CPU Util currently" value="845599347" />
<allocation-satisfied id="5107" threadId="0000000001673E00" bytesRequested="24" />
<af-end id="5108" timestamp="2019-08-09T17:56:28.183" threadId="0000000001674788" success="true" from="nursery"/>
<exclusive-end id="5109" timestamp="2019-08-09T17:56:28.186" durationms="59.001" />

<concurrent-kickoff id="5110" timestamp="2019-08-09T17:56:29.642">
  <kickoff reason="threshold reached" targetBytes="15525110" thresholdFreeBytes="2246247"  remainingFree="2230472" tenureFreeBytes="1057096" nurseryFreeBytes="2230472" />
</concurrent-kickoff>
<exclusive-start id="5111" timestamp="2019-08-09T17:56:29.659" intervalms="1531.684">
  <response-info timems="15.659" idlems="15.659" threads="0" lastid="0000000001699500" lastname="Thread-42" />
</exclusive-start>
<cycle-start id="5112" type="global" contextid="0" timestamp="2019-08-09T17:56:29.659" intervalms="12657.373" />
<exclusive-end id="5113" timestamp="2019-08-09T17:56:29.659" durationms="0.045" />

<exclusive-start id="5114" timestamp="2019-08-09T17:56:29.725" intervalms="66.266">
  <response-info timems="13.058" idlems="13.058" threads="0" lastid="0000000001664F00" lastname="Thread-37" />
</exclusive-start>
<af-start id="5115" threadId="0000000001665888" totalBytesRequested="16392" timestamp="2019-08-09T17:56:29.725" intervalms="1597.956" type="nursery" />
<cycle-start id="5116" type="scavenge" contextid="0" timestamp="2019-08-09T17:56:29.725" intervalms="1597.968" />
<gc-start id="5117" type="scavenge" contextid="5116" timestamp="2019-08-09T17:56:29.725">
  <mem-info id="5118" free="1057096" total="479199232" percent="0">
    <mem type="nursery" free="0" total="454819840" percent="0">
      <mem type="allocate" free="0" total="409337856" percent="0" />
      <mem type="survivor" free="0" total="45481984" percent="0" />
    </mem>
    <mem type="tenure" free="1057096" total="24379392" percent="4">
      <mem type="soa" free="813384" total="24135680" percent="3" />
      <mem type="loa" free="243712" total="243712" percent="100" />
    </mem>
    <remembered-set count="1049" />
  </mem-info>
</gc-start>
<allocation-stats totalBytes="405270632" >
  <allocated-bytes non-tlh="24" tlh="405270608" />
  <largest-consumer threadName="Thread-41" threadId="000000000165D700" bytes="33066720" />
</allocation-stats>
<gc-op id="5119" type="scavenge" timems="4.834" contextid="5116" timestamp="2019-08-09T17:56:29.730">
  <scavenger-info tenureage="14" tenuremask="4000" tiltratio="90" />
  <memory-copied type="nursery" objects="8751" bytes="3435376" bytesdiscarded="191728" />
</gc-op>
<gc-end id="5120" type="scavenge" contextid="5116" durationms="5.684" usertimems="16.034" systemtimems="2.749" timestamp="2019-08-09T17:56:29.731" activeThreads="16">
  <mem-info id="5121" free="406767608" total="479199232" percent="84">
    <mem type="nursery" free="405710512" total="454819840" percent="89">
      <mem type="allocate" free="405710512" total="409337856" percent="99" />
      <mem type="survivor" free="0" total="45481984" percent="0" />
    </mem>
    <mem type="tenure" free="1057096" total="24379392" percent="4" macro-fragmented="891711">
      <mem type="soa" free="813384" total="24135680" percent="3" />
      <mem type="loa" free="243712" total="243712" percent="100" />
    </mem>
    <remembered-set count="390" />
  </mem-info>
</gc-end>
<cycle-end id="5122" type="scavenge" contextid="5116" timestamp="2019-08-09T17:56:29.732" />
  <attribute name="elasticGC enabled" value="1" />
  <attribute name= "numThreadsSpecified" value="16" />
  <attribute name="heapSize specified" value="479068160" />
  <attribute name="Current GC Util" value="3" />
  <attribute name= "Current Time Running" value="195659" />
  <attribute name ="GC Interval" value="2281" />
  <attribute name="Target GC Util Change" value ="80.000000" />
  <attribute name="Current GC Util Change" value="3.000000"/>
  <attribute name="Current Error" value="232.000000" />
  <attribute name="Output H" value="479275184"/>
  <attribute name="Output I" value="2280"/>
  <attribute name="Output T" value="16"/>
  <attribute name= "Current Time Running" value="195659" />
  <attribute name="GC Util currently" value="3" />
  <attribute name="CPU Util currently" value="721426470" />
<allocation-satisfied id="5123" threadId="0000000001664F00" bytesRequested="16392" />
<af-end id="5124" timestamp="2019-08-09T17:56:29.732" threadId="0000000001665888" success="true" from="nursery"/>
<exclusive-end id="5125" timestamp="2019-08-09T17:56:29.732" durationms="6.855" />

<exclusive-start id="5126" timestamp="2019-08-09T17:56:29.736" intervalms="11.151">
  <response-info timems="3.089" idlems="2.937" threads="1" lastid="0000000001699500" lastname="Thread-42" />
</exclusive-start>
<concurrent-collection-start id="5127" timestamp="2019-08-09T17:56:29.736" intervalms="27116.242" >
  <concurrent-trace-info reason="card cleaning threshold reached" tracedByMutators="11137200" tracedByHelpers="3682964" cardsCleaned="153" workStackOverflowCount="0" />
</concurrent-collection-start>
<gc-start id="5128" type="global" contextid="5112" timestamp="2019-08-09T17:56:29.736">
  <mem-info id="5129" free="404998128" total="479199232" percent="84">
    <mem type="nursery" free="403941032" total="454819840" percent="88">
      <mem type="allocate" free="403941032" total="409337856" percent="98" />
      <mem type="survivor" free="0" total="45481984" percent="0" />
    </mem>
    <mem type="tenure" free="1057096" total="24379392" percent="4">
      <mem type="soa" free="813384" total="24135680" percent="3" />
      <mem type="loa" free="243712" total="243712" percent="100" />
    </mem>
    <remembered-set count="462" />
  </mem-info>
</gc-start>
<allocation-stats totalBytes="1688288" >
  <allocated-bytes non-tlh="16392" tlh="1671896" />
  <largest-consumer threadName="Thread-37" threadId="0000000001664F00" bytes="624008" />
</allocation-stats>
<gc-op id="5130" type="rs-scan" timems="4.462" contextid="5112" timestamp="2019-08-09T17:56:29.741">
  <scan objectsFound="199" bytesTraced="18848" workStackOverflowCount="0" />
</gc-op>
<gc-op id="5131" type="card-cleaning" timems="2.028" contextid="5112" timestamp="2019-08-09T17:56:29.743">
  <card-cleaning cardsCleaned="326" bytesTraced="472308" workStackOverflowCount="0" />
</gc-op>
<gc-op id="5132" type="mark" timems="33.326" contextid="5112" timestamp="2019-08-09T17:56:29.776">
  <trace-info objectcount="8359" scancount="7277" scanbytes="1255704" />
  <finalization candidates="154" enqueued="0" />
  <ownableSynchronizers candidates="23" cleared="1" />
  <references type="soft" candidates="1964" cleared="0" enqueued="0" dynamicThreshold="4" maxThreshold="32" />
  <references type="weak" candidates="6208" cleared="3" enqueued="2" />
  <references type="phantom" candidates="354" cleared="0" enqueued="0" />
  <stringconstants candidates="15972" cleared="0"  />
</gc-op>
<gc-op id="5133" type="sweep" timems="24.734" contextid="5112" timestamp="2019-08-09T17:56:29.802" />
<mem-info id="5134" free="406979376" total="479199232" percent="84">
  <mem type="nursery" free="405677032" total="454819840" percent="89">
    <mem type="allocate" free="405677032" total="409337856" percent="99" />
    <mem type="survivor" free="0" total="45481984" percent="0" />
  </mem>
  <mem type="tenure" free="1302344" total="24379392" percent="5" micro-fragmented="23112" macro-fragmented="602881">
    <mem type="soa" free="1058632" total="24135680" percent="4" />
    <mem type="loa" free="243712" total="243712" percent="100" />
  </mem>
  <pending-finalizers system="0" default="0" reference="2" classloader="0" />
  <remembered-set count="461" />
</mem-info>
<gc-op id="5135" type="compact" timems="445.356" contextid="5112" timestamp="2019-08-09T17:56:30.248">
  <compact-info movecount="529329" movebytes="23092608" reason="compact to aid heap contraction" />
</gc-op>
<heap-resize id="5136" type="expand" space="tenure" amount="131072" count="1" timems="0.037" reason="satisfy allocation request" timestamp="2019-08-09T17:56:30.250" />
<gc-end id="5137" type="global" contextid="5112" durationms="513.345" usertimems="784.628" systemtimems="123.182" timestamp="2019-08-09T17:56:30.250" activeThreads="16">
  <mem-info id="5138" free="407156096" total="479330304" percent="84">
    <mem type="nursery" free="405694328" total="454819840" percent="89">
      <mem type="allocate" free="405694328" total="409337856" percent="99" />
      <mem type="survivor" free="0" total="45481984" percent="0" />
    </mem>
    <mem type="tenure" free="1461768" total="24510464" percent="5">
      <mem type="soa" free="1217032" total="24265728" percent="5" />
      <mem type="loa" free="244736" total="244736" percent="100" />
    </mem>
    <pending-finalizers system="0" default="0" reference="2" classloader="0" />
    <remembered-set count="461" />
  </mem-info>
</gc-end>
<cycle-end id="5139" type="global" contextid="5112" timestamp="2019-08-09T17:56:30.250" />
  <attribute name="elasticGC enabled" value="1" />
  <attribute name= "numThreadsSpecified" value="16" />
  <attribute name="heapSize specified" value="479199232" />
  <attribute name="Current GC Util" value="52" />
  <attribute name= "Current Time Running" value="196181" />
  <attribute name ="GC Interval" value="2281" />
  <attribute name="Target GC Util Change" value ="80.000000" />
  <attribute name="Current GC Util Change" value="52.000000"/>
  <attribute name="Current Error" value="163.000000" />
  <attribute name="Output H" value="479275104"/>
  <attribute name="Output I" value="2200"/>
  <attribute name="Output T" value="16"/>
  <attribute name= "Current Time Running" value="196181" />
  <attribute name="GC Util currently" value="52" />
  <attribute name="CPU Util currently" value="2587864531" />
<concurrent-collection-end id="5140" timestamp="2019-08-09T17:56:30.250" />
<exclusive-end id="5141" timestamp="2019-08-09T17:56:30.250" durationms="513.623" />

<exclusive-start id="5142" timestamp="2019-08-09T17:56:31.438" intervalms="1701.327">
  <response-info timems="3.066" idlems="3.066" threads="0" lastid="000000000169D100" lastname="Thread-52" />
</exclusive-start>
<af-start id="5143" threadId="000000000169DA88" totalBytesRequested="16392" timestamp="2019-08-09T17:56:31.438" intervalms="1712.464" type="nursery" />
<cycle-start id="5144" type="scavenge" contextid="0" timestamp="2019-08-09T17:56:31.438" intervalms="1712.442" />
<gc-start id="5145" type="scavenge" contextid="5144" timestamp="2019-08-09T17:56:31.438">
  <mem-info id="5146" free="1461768" total="479330304" percent="0">
    <mem type="nursery" free="0" total="454819840" percent="0">
      <mem type="allocate" free="0" total="409337856" percent="0" />
      <mem type="survivor" free="0" total="45481984" percent="0" />
    </mem>
    <mem type="tenure" free="1461768" total="24510464" percent="5">
      <mem type="soa" free="1217032" total="24265728" percent="5" />
      <mem type="loa" free="244736" total="244736" percent="100" />
    </mem>
    <remembered-set count="1044" />
  </mem-info>
</gc-start>
<allocation-stats totalBytes="405383320" >
  <allocated-bytes non-tlh="426088" tlh="404957232" />
  <largest-consumer threadName="Thread-46" threadId="00000000016A4900" bytes="34046624" />
</allocation-stats>
<gc-op id="5147" type="scavenge" timems="26.399" contextid="5144" timestamp="2019-08-09T17:56:31.464">
  <scavenger-info tenureage="14" tenuremask="4000" tiltratio="90" />
  <memory-copied type="nursery" objects="10014" bytes="3952144" bytesdiscarded="310392" />
  <ownableSynchronizers candidates="44" cleared="44" />
  <references type="phantom" candidates="2" cleared="0" enqueued="0" />
</gc-op>
<gc-end id="5148" type="scavenge" contextid="5144" durationms="26.641" usertimems="54.656" systemtimems="20.891" timestamp="2019-08-09T17:56:31.464" activeThreads="16">
  <mem-info id="5149" free="406536816" total="479330304" percent="84">
    <mem type="nursery" free="405075048" total="454819840" percent="89">
      <mem type="allocate" free="405075048" total="409337856" percent="98" />
      <mem type="survivor" free="0" total="45481984" percent="0" />
    </mem>
    <mem type="tenure" free="1461768" total="24510464" percent="5" macro-fragmented="868149">
      <mem type="soa" free="1217032" total="24265728" percent="5" />
      <mem type="loa" free="244736" total="244736" percent="100" />
    </mem>
    <remembered-set count="376" />
  </mem-info>
</gc-end>
<cycle-end id="5150" type="scavenge" contextid="5144" timestamp="2019-08-09T17:56:31.477" />
  <attribute name="elasticGC enabled" value="1" />
  <attribute name= "numThreadsSpecified" value="16" />
  <attribute name="heapSize specified" value="479199232" />
  <attribute name="Current GC Util" value="19" />
  <attribute name= "Current Time Running" value="197371" />
  <attribute name ="GC Interval" value="2273" />
  <attribute name="Target GC Util Change" value ="80.000000" />
  <attribute name="Current GC Util Change" value="19.000000"/>
  <attribute name="Current Error" value="224.000000" />
  <attribute name="Output H" value="479406248"/>
  <attribute name="Output I" value="2272"/>
  <attribute name="Output T" value="16"/>
  <attribute name= "Current Time Running" value="197371" />
  <attribute name="GC Util currently" value="19" />
  <attribute name="CPU Util currently" value="968923348" />
<allocation-satisfied id="5151" threadId="000000000169D100" bytesRequested="16392" />
<af-end id="5152" timestamp="2019-08-09T17:56:31.477" threadId="000000000169DA88" success="true" from="nursery"/>
<exclusive-end id="5153" timestamp="2019-08-09T17:56:31.477" durationms="39.675" />

<exclusive-start id="5154" timestamp="2019-08-09T17:56:32.580" intervalms="1142.208">
  <response-info timems="77.413" idlems="77.413" threads="0" lastid="0000000001677A00" lastname="Thread-50" />
</exclusive-start>
<af-start id="5155" threadId="0000000001678388" totalBytesRequested="8200" timestamp="2019-08-09T17:56:32.580" intervalms="1142.516" type="nursery" />
<cycle-start id="5156" type="scavenge" contextid="0" timestamp="2019-08-09T17:56:32.581" intervalms="1143.533" />
<gc-start id="5157" type="scavenge" contextid="5156" timestamp="2019-08-09T17:56:32.581">
  <mem-info id="5158" free="1461768" total="479330304" percent="0">
    <mem type="nursery" free="0" total="454819840" percent="0">
      <mem type="allocate" free="0" total="409337856" percent="0" />
      <mem type="survivor" free="0" total="45481984" percent="0" />
    </mem>
    <mem type="tenure" free="1461768" total="24510464" percent="5">
      <mem type="soa" free="1217032" total="24265728" percent="5" />
      <mem type="loa" free="244736" total="244736" percent="100" />
    </mem>
    <remembered-set count="998" />
  </mem-info>
</gc-start>
<allocation-stats totalBytes="404794728" >
  <allocated-bytes non-tlh="49168" tlh="404745560" />
  <largest-consumer threadName="Thread-47" threadId="0000000001682E00" bytes="39695656" />
</allocation-stats>
<gc-op id="5159" type="scavenge" timems="88.533" contextid="5156" timestamp="2019-08-09T17:56:32.670">
  <scavenger-info tenureage="14" tenuremask="4000" tiltratio="90" />
  <memory-copied type="nursery" objects="10151" bytes="3951576" bytesdiscarded="57136" />
  <references type="weak" candidates="1" cleared="0" enqueued="0" />
  <references type="phantom" candidates="2" cleared="0" enqueued="0" />
</gc-op>
<gc-end id="5160" type="scavenge" contextid="5156" durationms="88.923" usertimems="136.617" systemtimems="61.334" timestamp="2019-08-09T17:56:32.670" activeThreads="16">
  <mem-info id="5161" free="406790648" total="479330304" percent="84">
    <mem type="nursery" free="405328880" total="454819840" percent="89">
      <mem type="allocate" free="405328880" total="409337856" percent="99" />
      <mem type="survivor" free="0" total="45481984" percent="0" />
    </mem>
    <mem type="tenure" free="1461768" total="24510464" percent="5" macro-fragmented="1224">
      <mem type="soa" free="1217032" total="24265728" percent="5" />
      <mem type="loa" free="244736" total="244736" percent="100" />
    </mem>
    <remembered-set count="378" />
  </mem-info>
</gc-end>
<cycle-end id="5162" type="scavenge" contextid="5156" timestamp="2019-08-09T17:56:32.676" />
  <attribute name="elasticGC enabled" value="1" />
  <attribute name= "numThreadsSpecified" value="16" />
  <attribute name="heapSize specified" value="479199232" />
  <attribute name="Current GC Util" value="2" />
  <attribute name= "Current Time Running" value="198515" />
  <attribute name ="GC Interval" value="2361" />
  <attribute name="Target GC Util Change" value ="80.000000" />
  <attribute name="Current GC Util Change" value="2.000000"/>
  <attribute name="Current Error" value="302.000000" />
  <attribute name="Output H" value="479406336"/>
  <attribute name="Output I" value="2360"/>
  <attribute name="Output T" value="16"/>
  <attribute name= "Current Time Running" value="198515" />
  <attribute name="GC Util currently" value="2" />
  <attribute name="CPU Util currently" value="1008188189" />
<allocation-satisfied id="5163" threadId="0000000001677A00" bytesRequested="8200" />
<af-end id="5164" timestamp="2019-08-09T17:56:32.677" threadId="0000000001678388" success="true" from="nursery"/>
<exclusive-end id="5165" timestamp="2019-08-09T17:56:32.677" durationms="97.294" />

<exclusive-start id="5166" timestamp="2019-08-09T17:56:33.674" intervalms="1094.276">
  <response-info timems="15.344" idlems="4.466" threads="3" lastid="000000000167F200" lastname="Thread-40" />
</exclusive-start>
<af-start id="5167" threadId="00000000016A5288" totalBytesRequested="48" timestamp="2019-08-09T17:56:33.674" intervalms="1093.966" type="nursery" />
<cycle-start id="5168" type="scavenge" contextid="0" timestamp="2019-08-09T17:56:33.674" intervalms="1092.957" />
<gc-start id="5169" type="scavenge" contextid="5168" timestamp="2019-08-09T17:56:33.674">
  <mem-info id="5170" free="1461768" total="479330304" percent="0">
    <mem type="nursery" free="0" total="454819840" percent="0">
      <mem type="allocate" free="0" total="409337856" percent="0" />
      <mem type="survivor" free="0" total="45481984" percent="0" />
    </mem>
    <mem type="tenure" free="1461768" total="24510464" percent="5">
      <mem type="soa" free="1217032" total="24265728" percent="5" />
      <mem type="loa" free="244736" total="244736" percent="100" />
    </mem>
    <remembered-set count="974" />
  </mem-info>
</gc-start>
<allocation-stats totalBytes="405138296" >
  <allocated-bytes non-tlh="8200" tlh="405130096" />
  <largest-consumer threadName="Thread-52" threadId="000000000169D100" bytes="36275368" />
</allocation-stats>
<gc-op id="5171" type="scavenge" timems="13.408" contextid="5168" timestamp="2019-08-09T17:56:33.688">
  <scavenger-info tenureage="14" tenuremask="4000" tiltratio="90" />
  <memory-copied type="nursery" objects="10767" bytes="4067360" bytesdiscarded="439560" />
</gc-op>
<gc-end id="5172" type="scavenge" contextid="5168" durationms="13.897" usertimems="22.232" systemtimems="0.492" timestamp="2019-08-09T17:56:33.688" activeThreads="16">
  <mem-info id="5173" free="406292448" total="479330304" percent="84">
    <mem type="nursery" free="404830680" total="454819840" percent="89">
      <mem type="allocate" free="404830680" total="409337856" percent="98" />
      <mem type="survivor" free="0" total="45481984" percent="0" />
    </mem>
    <mem type="tenure" free="1461768" total="24510464" percent="5" macro-fragmented="0">
      <mem type="soa" free="1217032" total="24265728" percent="5" />
      <mem type="loa" free="244736" total="244736" percent="100" />
    </mem>
    <remembered-set count="384" />
  </mem-info>
</gc-end>
<cycle-end id="5174" type="scavenge" contextid="5168" timestamp="2019-08-09T17:56:33.690" />
  <attribute name="elasticGC enabled" value="1" />
  <attribute name= "numThreadsSpecified" value="16" />
  <attribute name="heapSize specified" value="479199232" />
  <attribute name="Current GC Util" value="4" />
  <attribute name= "Current Time Running" value="199608" />
  <attribute name ="GC Interval" value="2097" />
  <attribute name="Target GC Util Change" value ="80.000000" />
  <attribute name="Current GC Util Change" value="4.000000"/>
  <attribute name="Current Error" value="76.000000" />
  <attribute name="Output H" value="479406072"/>
  <attribute name="Output I" value="2096"/>
  <attribute name="Output T" value="16"/>
  <attribute name= "Current Time Running" value="199608" />
  <attribute name="GC Util currently" value="4" />
  <attribute name="CPU Util currently" value="1054772252" />
<allocation-satisfied id="5175" threadId="00000000016A4900" bytesRequested="48" />
<af-end id="5176" timestamp="2019-08-09T17:56:33.690" threadId="00000000016A5288" success="true" from="nursery"/>
<exclusive-end id="5177" timestamp="2019-08-09T17:56:33.690" durationms="15.941" />

<exclusive-start id="5178" timestamp="2019-08-09T17:56:34.458" intervalms="784.296">
  <response-info timems="7.000" idlems="3.115" threads="5" lastid="000000000164E700" lastname="Thread-38" />
</exclusive-start>
<af-start id="5179" threadId="0000000001674788" totalBytesRequested="1032" timestamp="2019-08-09T17:56:34.458" intervalms="784.327" type="nursery" />
<cycle-start id="5180" type="scavenge" contextid="0" timestamp="2019-08-09T17:56:34.458" intervalms="784.315" />
<gc-start id="5181" type="scavenge" contextid="5180" timestamp="2019-08-09T17:56:34.459">
  <mem-info id="5182" free="1461768" total="479330304" percent="0">
    <mem type="nursery" free="0" total="454819840" percent="0">
      <mem type="allocate" free="0" total="409337856" percent="0" />
      <mem type="survivor" free="0" total="45481984" percent="0" />
    </mem>
    <mem type="tenure" free="1461768" total="24510464" percent="5">
      <mem type="soa" free="1217032" total="24265728" percent="5" />
      <mem type="loa" free="244736" total="244736" percent="100" />
    </mem>
    <remembered-set count="969" />
  </mem-info>
</gc-start>
<allocation-stats totalBytes="404367720" >
  <allocated-bytes non-tlh="48" tlh="404367672" />
  <largest-consumer threadName="Thread-47" threadId="0000000001682E00" bytes="33775568" />
</allocation-stats>
<gc-op id="5183" type="scavenge" timems="12.027" contextid="5180" timestamp="2019-08-09T17:56:34.471">
  <scavenger-info tenureage="14" tenuremask="4000" tiltratio="90" />
  <memory-copied type="nursery" objects="9417" bytes="3755440" bytesdiscarded="338544" />
  <references type="phantom" candidates="6" cleared="0" enqueued="0" />
</gc-op>
<gc-end id="5184" type="scavenge" contextid="5180" durationms="13.910" usertimems="8.688" systemtimems="6.817" timestamp="2019-08-09T17:56:34.472" activeThreads="16">
  <mem-info id="5185" free="406705336" total="479330304" percent="84">
    <mem type="nursery" free="405243568" total="454819840" percent="89">
      <mem type="allocate" free="405243568" total="409337856" percent="98" />
      <mem type="survivor" free="0" total="45481984" percent="0" />
    </mem>
    <mem type="tenure" free="1461768" total="24510464" percent="5" macro-fragmented="502401">
      <mem type="soa" free="1217032" total="24265728" percent="5" />
      <mem type="loa" free="244736" total="244736" percent="100" />
    </mem>
    <remembered-set count="373" />
  </mem-info>
</gc-end>
<cycle-end id="5186" type="scavenge" contextid="5180" timestamp="2019-08-09T17:56:34.476" />
  <attribute name="elasticGC enabled" value="1" />
  <attribute name= "numThreadsSpecified" value="16" />
  <attribute name="heapSize specified" value="479199232" />
  <attribute name="Current GC Util" value="1" />
  <attribute name= "Current Time Running" value="200392" />
  <attribute name ="GC Interval" value="2193" />
  <attribute name="Target GC Util Change" value ="80.000000" />
  <attribute name="Current GC Util Change" value="1.000000"/>
  <attribute name="Current Error" value="155.000000" />
  <attribute name="Output H" value="479406168"/>
  <attribute name="Output I" value="2192"/>
  <attribute name="Output T" value="16"/>
  <attribute name= "Current Time Running" value="200392" />
  <attribute name="GC Util currently" value="1" />
  <attribute name="CPU Util currently" value="1470267026" />
<allocation-satisfied id="5187" threadId="0000000001673E00" bytesRequested="1032" />
<af-end id="5188" timestamp="2019-08-09T17:56:34.476" threadId="0000000001674788" success="true" from="nursery"/>
<exclusive-end id="5189" timestamp="2019-08-09T17:56:34.476" durationms="17.939" />

<exclusive-start id="5190" timestamp="2019-08-09T17:56:36.894" intervalms="2435.942">
  <response-info timems="6.042" idlems="4.755" threads="10" lastid="0000000001664F00" lastname="Thread-37" />
</exclusive-start>
<af-start id="5191" threadId="00000000016A8E88" totalBytesRequested="8200" timestamp="2019-08-09T17:56:36.894" intervalms="2435.913" type="nursery" />
<cycle-start id="5192" type="scavenge" contextid="0" timestamp="2019-08-09T17:56:36.894" intervalms="2435.920" />
<gc-start id="5193" type="scavenge" contextid="5192" timestamp="2019-08-09T17:56:36.894">
  <mem-info id="5194" free="1461768" total="479330304" percent="0">
    <mem type="nursery" free="0" total="454819840" percent="0">
      <mem type="allocate" free="0" total="409337856" percent="0" />
      <mem type="survivor" free="0" total="45481984" percent="0" />
    </mem>
    <mem type="tenure" free="1461768" total="24510464" percent="5">
      <mem type="soa" free="1217032" total="24265728" percent="5" />
      <mem type="loa" free="244736" total="244736" percent="100" />
    </mem>
    <remembered-set count="971" />
  </mem-info>
</gc-start>
<allocation-stats totalBytes="405024584" >
  <allocated-bytes non-tlh="1032" tlh="405023552" />
  <largest-consumer threadName="Thread-44" threadId="00000000016AC100" bytes="37142864" />
</allocation-stats>
<gc-op id="5195" type="scavenge" timems="36.868" contextid="5192" timestamp="2019-08-09T17:56:36.931">
  <scavenger-info tenureage="14" tenuremask="4000" tiltratio="90" />
  <memory-copied type="nursery" objects="9848" bytes="3962176" bytesdiscarded="369896" />
  <references type="phantom" candidates="2" cleared="0" enqueued="0" />
</gc-op>
<gc-end id="5196" type="scavenge" contextid="5192" durationms="37.305" usertimems="44.201" systemtimems="14.592" timestamp="2019-08-09T17:56:36.932" activeThreads="16">
  <mem-info id="5197" free="406467280" total="479330304" percent="84">
    <mem type="nursery" free="405005512" total="454819840" percent="89">
      <mem type="allocate" free="405005512" total="409337856" percent="98" />
      <mem type="survivor" free="0" total="45481984" percent="0" />
    </mem>
    <mem type="tenure" free="1461768" total="24510464" percent="5" macro-fragmented="868149">
      <mem type="soa" free="1217032" total="24265728" percent="5" />
      <mem type="loa" free="244736" total="244736" percent="100" />
    </mem>
    <remembered-set count="333" />
  </mem-info>
</gc-end>
<cycle-end id="5198" type="scavenge" contextid="5192" timestamp="2019-08-09T17:56:36.932" />
  <attribute name="elasticGC enabled" value="1" />
  <attribute name= "numThreadsSpecified" value="16" />
  <attribute name="heapSize specified" value="479199232" />
  <attribute name="Current GC Util" value="0" />
  <attribute name= "Current Time Running" value="202828" />
  <attribute name ="GC Interval" value="2281" />
  <attribute name="Target GC Util Change" value ="80.000000" />
  <attribute name="Current GC Util Change" value="0.000000"/>
  <attribute name="Current Error" value="235.000000" />
  <attribute name="Output H" value="479406256"/>
  <attribute name="Output I" value="2280"/>
  <attribute name="Output T" value="16"/>
  <attribute name= "Current Time Running" value="202828" />
  <attribute name="GC Util currently" value="0" />
  <attribute name="CPU Util currently" value="473300590" />
<allocation-satisfied id="5199" threadId="00000000016A8500" bytesRequested="8200" />
<af-end id="5200" timestamp="2019-08-09T17:56:36.932" threadId="00000000016A8E88" success="true" from="nursery"/>
<exclusive-end id="5201" timestamp="2019-08-09T17:56:36.932" durationms="37.865" />

<exclusive-start id="5202" timestamp="2019-08-09T17:56:37.971" intervalms="1076.336">
  <response-info timems="0.265" idlems="0.265" threads="0" lastid="0000000001668B00" lastname="Thread-51" />
</exclusive-start>
<af-start id="5203" threadId="0000000001669488" totalBytesRequested="8200" timestamp="2019-08-09T17:56:37.971" intervalms="1076.328" type="nursery" />
<cycle-start id="5204" type="scavenge" contextid="0" timestamp="2019-08-09T17:56:37.971" intervalms="1076.317" />
<gc-start id="5205" type="scavenge" contextid="5204" timestamp="2019-08-09T17:56:37.971">
  <mem-info id="5206" free="1461768" total="479330304" percent="0">
    <mem type="nursery" free="0" total="454819840" percent="0">
      <mem type="allocate" free="0" total="409337856" percent="0" />
      <mem type="survivor" free="0" total="45481984" percent="0" />
    </mem>
    <mem type="tenure" free="1461768" total="24510464" percent="5">
      <mem type="soa" free="1217032" total="24265728" percent="5" />
      <mem type="loa" free="244736" total="244736" percent="100" />
    </mem>
    <remembered-set count="966" />
  </mem-info>
</gc-start>
<allocation-stats totalBytes="404741328" >
  <allocated-bytes non-tlh="8200" tlh="404733128" />
  <largest-consumer threadName="Thread-45" threadId="0000000001673E00" bytes="37340224" />
</allocation-stats>
<gc-op id="5207" type="scavenge" timems="57.893" contextid="5204" timestamp="2019-08-09T17:56:38.029">
  <scavenger-info tenureage="14" tenuremask="4000" tiltratio="90" />
  <memory-copied type="nursery" objects="9834" bytes="3786888" bytesdiscarded="376952" />
  <references type="weak" candidates="2" cleared="0" enqueued="0" />
  <references type="phantom" candidates="4" cleared="0" enqueued="0" />
</gc-op>
<gc-end id="5208" type="scavenge" contextid="5204" durationms="58.278" usertimems="70.624" systemtimems="44.113" timestamp="2019-08-09T17:56:38.029" activeThreads="16">
  <mem-info id="5209" free="406635520" total="479330304" percent="84">
    <mem type="nursery" free="405173752" total="454819840" percent="89">
      <mem type="allocate" free="405173752" total="409337856" percent="98" />
      <mem type="survivor" free="0" total="45481984" percent="0" />
    </mem>
    <mem type="tenure" free="1461768" total="24510464" percent="5" macro-fragmented="0">
      <mem type="soa" free="1217032" total="24265728" percent="5" />
      <mem type="loa" free="244736" total="244736" percent="100" />
    </mem>
    <remembered-set count="385" />
  </mem-info>
</gc-end>
<cycle-end id="5210" type="scavenge" contextid="5204" timestamp="2019-08-09T17:56:38.030" />
  <attribute name="elasticGC enabled" value="1" />
  <attribute name= "numThreadsSpecified" value="16" />
  <attribute name="heapSize specified" value="479199232" />
  <attribute name="Current GC Util" value="2" />
  <attribute name= "Current Time Running" value="203906" />
  <attribute name ="GC Interval" value="2377" />
  <attribute name="Target GC Util Change" value ="80.000000" />
  <attribute name="Current GC Util Change" value="2.000000"/>
  <attribute name="Current Error" value="313.000000" />
  <attribute name="Output H" value="479406352"/>
  <attribute name="Output I" value="2376"/>
  <attribute name="Output T" value="16"/>
  <attribute name= "Current Time Running" value="203906" />
  <attribute name="GC Util currently" value="2" />
  <attribute name="CPU Util currently" value="1068891982" />
<allocation-satisfied id="5211" threadId="0000000001668B00" bytesRequested="8200" />
<af-end id="5212" timestamp="2019-08-09T17:56:38.030" threadId="0000000001669488" success="true" from="nursery"/>
<exclusive-end id="5213" timestamp="2019-08-09T17:56:38.030" durationms="59.417" />

<exclusive-start id="5214" timestamp="2019-08-09T17:56:38.661" intervalms="690.741">
  <response-info timems="6.642" idlems="6.642" threads="0" lastid="0000000001664F00" lastname="Thread-37" />
</exclusive-start>
<af-start id="5215" threadId="0000000001665888" totalBytesRequested="8200" timestamp="2019-08-09T17:56:38.661" intervalms="690.754" type="nursery" />
<cycle-start id="5216" type="scavenge" contextid="0" timestamp="2019-08-09T17:56:38.661" intervalms="690.764" />
<gc-start id="5217" type="scavenge" contextid="5216" timestamp="2019-08-09T17:56:38.662">
  <mem-info id="5218" free="1461768" total="479330304" percent="0">
    <mem type="nursery" free="0" total="454819840" percent="0">
      <mem type="allocate" free="0" total="409337856" percent="0" />
      <mem type="survivor" free="0" total="45481984" percent="0" />
    </mem>
    <mem type="tenure" free="1461768" total="24510464" percent="5">
      <mem type="soa" free="1217032" total="24265728" percent="5" />
      <mem type="loa" free="244736" total="244736" percent="100" />
    </mem>
    <remembered-set count="966" />
  </mem-info>
</gc-start>
<allocation-stats totalBytes="404895520" >
  <allocated-bytes non-tlh="8200" tlh="404887320" />
  <largest-consumer threadName="Thread-48" threadId="0000000001695900" bytes="37810384" />
</allocation-stats>
<gc-op id="5219" type="scavenge" timems="62.268" contextid="5216" timestamp="2019-08-09T17:56:38.724">
  <scavenger-info tenureage="14" tenuremask="4000" tiltratio="90" />
  <memory-copied type="nursery" objects="10026" bytes="3953192" bytesdiscarded="130304" />
  <references type="weak" candidates="2" cleared="0" enqueued="0" />
  <references type="phantom" candidates="4" cleared="0" enqueued="0" />
</gc-op>
<heap-resize id="5220" type="expand" space="nursery" amount="25690112" count="1" timems="0.031" reason="excessive time being spent scavenging" timestamp="2019-08-09T17:56:38.728" />
<gc-end id="5221" type="scavenge" contextid="5216" durationms="66.881" usertimems="38.322" systemtimems="44.236" timestamp="2019-08-09T17:56:38.728" activeThreads="16">
  <mem-info id="5222" free="429784536" total="505020416" percent="85">
    <mem type="nursery" free="428322768" total="480509952" percent="89">
      <mem type="allocate" free="428322768" total="432406528" percent="99" />
      <mem type="survivor" free="0" total="48103424" percent="0" />
    </mem>
    <mem type="tenure" free="1461768" total="24510464" percent="5" macro-fragmented="0">
      <mem type="soa" free="1217032" total="24265728" percent="5" />
      <mem type="loa" free="244736" total="244736" percent="100" />
    </mem>
    <remembered-set count="367" />
  </mem-info>
</gc-end>
<cycle-end id="5223" type="scavenge" contextid="5216" timestamp="2019-08-09T17:56:38.729" />
  <attribute name="elasticGC enabled" value="1" />
  <attribute name= "numThreadsSpecified" value="16" />
  <attribute name="heapSize specified" value="479199232" />
  <attribute name="Current GC Util" value="8" />
  <attribute name= "Current Time Running" value="204595" />
  <attribute name ="GC Interval" value="2457" />
  <attribute name="Target GC Util Change" value ="80.000000" />
  <attribute name="Current GC Util Change" value="8.000000"/>
  <attribute name="Current Error" value="385.000000" />
  <attribute name="Output H" value="479406432"/>
  <attribute name="Output I" value="2456"/>
  <attribute name="Output T" value="16"/>
  <attribute name= "Current Time Running" value="204595" />
  <attribute name="GC Util currently" value="8" />
  <attribute name="CPU Util currently" value="1674515102" />
<allocation-satisfied id="5224" threadId="0000000001664F00" bytesRequested="8200" />
<af-end id="5225" timestamp="2019-08-09T17:56:38.729" threadId="0000000001665888" success="true" from="nursery"/>
<exclusive-end id="5226" timestamp="2019-08-09T17:56:38.729" durationms="68.044" />

<exclusive-start id="5227" timestamp="2019-08-09T17:56:39.627" intervalms="965.989">
  <response-info timems="14.782" idlems="12.355" threads="4" lastid="000000000164E700" lastname="Thread-38" />
</exclusive-start>
<af-start id="5228" threadId="00000000016A5288" totalBytesRequested="32776" timestamp="2019-08-09T17:56:39.627" intervalms="965.985" type="nursery" />
<cycle-start id="5229" type="scavenge" contextid="0" timestamp="2019-08-09T17:56:39.627" intervalms="965.987" />
<gc-start id="5230" type="scavenge" contextid="5229" timestamp="2019-08-09T17:56:39.628">
  <mem-info id="5231" free="1461768" total="505020416" percent="0">
    <mem type="nursery" free="0" total="480509952" percent="0">
      <mem type="allocate" free="0" total="432406528" percent="0" />
      <mem type="survivor" free="0" total="48103424" percent="0" />
    </mem>
    <mem type="tenure" free="1461768" total="24510464" percent="5">
      <mem type="soa" free="1217032" total="24265728" percent="5" />
      <mem type="loa" free="244736" total="244736" percent="100" />
    </mem>
    <remembered-set count="967" />
  </mem-info>
</gc-start>
<allocation-stats totalBytes="428057264" >
  <allocated-bytes non-tlh="8200" tlh="428049064" />
  <largest-consumer threadName="Thread-38" threadId="000000000164E700" bytes="51602656" />
</allocation-stats>
<gc-op id="5232" type="scavenge" timems="58.033" contextid="5229" timestamp="2019-08-09T17:56:39.686">
  <scavenger-info tenureage="14" tenuremask="4000" tiltratio="89" />
  <memory-copied type="nursery" objects="9572" bytes="3664240" bytesdiscarded="197648" />
  <references type="phantom" candidates="2" cleared="0" enqueued="0" />
</gc-op>
<gc-end id="5233" type="scavenge" contextid="5229" durationms="58.677" usertimems="17.481" systemtimems="17.239" timestamp="2019-08-09T17:56:39.686" activeThreads="16">
  <mem-info id="5234" free="430006144" total="505020416" percent="85">
    <mem type="nursery" free="428544376" total="480509952" percent="89">
      <mem type="allocate" free="428544376" total="432406528" percent="99" />
      <mem type="survivor" free="0" total="48103424" percent="0" />
    </mem>
    <mem type="tenure" free="1461768" total="24510464" percent="5" macro-fragmented="6319">
      <mem type="soa" free="1217032" total="24265728" percent="5" />
      <mem type="loa" free="244736" total="244736" percent="100" />
    </mem>
    <remembered-set count="393" />
  </mem-info>
</gc-end>
<cycle-end id="5235" type="scavenge" contextid="5229" timestamp="2019-08-09T17:56:39.686" />
  <attribute name="elasticGC enabled" value="1" />
  <attribute name= "numThreadsSpecified" value="16" />
  <attribute name="heapSize specified" value="479199232" />
  <attribute name="Current GC Util" value="6" />
  <attribute name= "Current Time Running" value="205561" />
  <attribute name ="GC Interval" value="2545" />
  <attribute name="Target GC Util Change" value ="80.000000" />
  <attribute name="Current GC Util Change" value="6.000000"/>
  <attribute name="Current Error" value="459.000000" />
  <attribute name="Output H" value="505096632"/>
  <attribute name="Output I" value="2544"/>
  <attribute name="Output T" value="16"/>
  <attribute name= "Current Time Running" value="205561" />
  <attribute name="GC Util currently" value="6" />
  <attribute name="CPU Util currently" value="1193558007" />
<allocation-satisfied id="5236" threadId="00000000016A4900" bytesRequested="32776" />
<af-end id="5237" timestamp="2019-08-09T17:56:39.687" threadId="00000000016A5288" success="true" from="nursery"/>
<exclusive-end id="5238" timestamp="2019-08-09T17:56:39.687" durationms="59.183" />

<exclusive-start id="5239" timestamp="2019-08-09T17:56:40.315" intervalms="688.031">
  <response-info timems="0.093" idlems="0.093" threads="0" lastid="0000000001664F00" lastname="Thread-37" />
</exclusive-start>
<af-start id="5240" threadId="0000000001665888" totalBytesRequested="16" timestamp="2019-08-09T17:56:40.315" intervalms="688.021" type="nursery" />
<cycle-start id="5241" type="scavenge" contextid="0" timestamp="2019-08-09T17:56:40.315" intervalms="688.010" />
<gc-start id="5242" type="scavenge" contextid="5241" timestamp="2019-08-09T17:56:40.316">
  <mem-info id="5243" free="1461768" total="505020416" percent="0">
    <mem type="nursery" free="0" total="480509952" percent="0">
      <mem type="allocate" free="0" total="432406528" percent="0" />
      <mem type="survivor" free="0" total="48103424" percent="0" />
    </mem>
    <mem type="tenure" free="1461768" total="24510464" percent="5">
      <mem type="soa" free="1217032" total="24265728" percent="5" />
      <mem type="loa" free="244736" total="244736" percent="100" />
    </mem>
    <remembered-set count="963" />
  </mem-info>
</gc-start>
<allocation-stats totalBytes="428318264" >
  <allocated-bytes non-tlh="32776" tlh="428285488" />
  <largest-consumer threadName="Thread-48" threadId="0000000001695900" bytes="38655816" />
</allocation-stats>
<gc-op id="5244" type="scavenge" timems="23.613" contextid="5241" timestamp="2019-08-09T17:56:40.339">
  <scavenger-info tenureage="14" tenuremask="4000" tiltratio="89" />
  <memory-copied type="nursery" objects="10981" bytes="4189360" bytesdiscarded="255720" />
  <references type="phantom" candidates="1" cleared="0" enqueued="0" />
</gc-op>
<gc-end id="5245" type="scavenge" contextid="5241" durationms="23.950" usertimems="16.334" systemtimems="6.871" timestamp="2019-08-09T17:56:40.340" activeThreads="16">
  <mem-info id="5246" free="429422952" total="505020416" percent="85">
    <mem type="nursery" free="427961184" total="480509952" percent="89">
      <mem type="allocate" free="427961184" total="432406528" percent="98" />
      <mem type="survivor" free="0" total="48103424" percent="0" />
    </mem>
    <mem type="tenure" free="1461768" total="24510464" percent="5" macro-fragmented="0">
      <mem type="soa" free="1217032" total="24265728" percent="5" />
      <mem type="loa" free="244736" total="244736" percent="100" />
    </mem>
    <remembered-set count="395" />
  </mem-info>
</gc-end>
<cycle-end id="5247" type="scavenge" contextid="5241" timestamp="2019-08-09T17:56:40.340" />
  <attribute name="elasticGC enabled" value="1" />
  <attribute name= "numThreadsSpecified" value="16" />
  <attribute name="heapSize specified" value="479199232" />
  <attribute name="Current GC Util" value="3" />
  <attribute name= "Current Time Running" value="206249" />
  <attribute name ="GC Interval" value="2097" />
  <attribute name="Target GC Util Change" value ="80.000000" />
  <attribute name="Current GC Util Change" value="3.000000"/>
  <attribute name="Current Error" value="77.000000" />
  <attribute name="Output H" value="505096184"/>
  <attribute name="Output I" value="2096"/>
  <attribute name="Output T" value="16"/>
  <attribute name= "Current Time Running" value="206249" />
  <attribute name="GC Util currently" value="3" />
  <attribute name="CPU Util currently" value="1675680968" />
<allocation-satisfied id="5248" threadId="0000000001664F00" bytesRequested="16" />
<af-end id="5249" timestamp="2019-08-09T17:56:40.340" threadId="0000000001665888" success="true" from="nursery"/>
<exclusive-end id="5250" timestamp="2019-08-09T17:56:40.340" durationms="24.293" />

<exclusive-start id="5251" timestamp="2019-08-09T17:56:40.963" intervalms="647.533">
  <response-info timems="2.583" idlems="1.604" threads="3" lastid="000000000165D700" lastname="Thread-41" />
</exclusive-start>
<af-start id="5252" threadId="000000000165A488" totalBytesRequested="32776" timestamp="2019-08-09T17:56:40.963" intervalms="647.557" type="nursery" />
<cycle-start id="5253" type="scavenge" contextid="0" timestamp="2019-08-09T17:56:40.963" intervalms="647.565" />
<gc-start id="5254" type="scavenge" contextid="5253" timestamp="2019-08-09T17:56:40.963">
  <mem-info id="5255" free="1461768" total="505020416" percent="0">
    <mem type="nursery" free="0" total="480509952" percent="0">
      <mem type="allocate" free="0" total="432406528" percent="0" />
      <mem type="survivor" free="0" total="48103424" percent="0" />
    </mem>
    <mem type="tenure" free="1461768" total="24510464" percent="5">
      <mem type="soa" free="1217032" total="24265728" percent="5" />
      <mem type="loa" free="244736" total="244736" percent="100" />
    </mem>
    <remembered-set count="957" />
  </mem-info>
</gc-start>
<allocation-stats totalBytes="427593608" >
  <allocated-bytes non-tlh="16" tlh="427593592" />
  <largest-consumer threadName="Thread-50" threadId="0000000001677A00" bytes="41424680" />
</allocation-stats>
<gc-op id="5256" type="scavenge" timems="14.831" contextid="5253" timestamp="2019-08-09T17:56:40.978">
  <scavenger-info tenureage="13" tenuremask="6000" tiltratio="89" />
  <memory-copied type="nursery" objects="9662" bytes="3738624" bytesdiscarded="198960" />
  <memory-copied type="tenure" objects="31" bytes="5400" bytesdiscarded="0" />
  <references type="weak" candidates="1" cleared="0" enqueued="0" />
  <references type="phantom" candidates="3" cleared="0" enqueued="0" />
</gc-op>
<gc-end id="5257" type="scavenge" contextid="5253" durationms="15.508" usertimems="14.616" systemtimems="7.136" timestamp="2019-08-09T17:56:40.979" activeThreads="16">
  <mem-info id="5258" free="429914312" total="505020416" percent="85">
    <mem type="nursery" free="428468672" total="480509952" percent="89">
      <mem type="allocate" free="428468672" total="432406528" percent="99" />
      <mem type="survivor" free="0" total="48103424" percent="0" />
    </mem>
    <mem type="tenure" free="1445640" total="24510464" percent="5" macro-fragmented="0">
      <mem type="soa" free="1200904" total="24265728" percent="4" />
      <mem type="loa" free="244736" total="244736" percent="100" />
    </mem>
    <remembered-set count="376" />
  </mem-info>
</gc-end>
<cycle-end id="5259" type="scavenge" contextid="5253" timestamp="2019-08-09T17:56:40.979" />
  <attribute name="elasticGC enabled" value="1" />
  <attribute name= "numThreadsSpecified" value="16" />
  <attribute name="heapSize specified" value="479199232" />
  <attribute name="Current GC Util" value="1" />
  <attribute name= "Current Time Running" value="206897" />
  <attribute name ="GC Interval" value="2193" />
  <attribute name="Target GC Util Change" value ="80.000000" />
  <attribute name="Current GC Util Change" value="1.000000"/>
  <attribute name="Current Error" value="156.000000" />
  <attribute name="Output H" value="505096280"/>
  <attribute name="Output I" value="2192"/>
  <attribute name="Output T" value="16"/>
  <attribute name= "Current Time Running" value="206897" />
  <attribute name="GC Util currently" value="1" />
  <attribute name="CPU Util currently" value="1779709044" />
<allocation-satisfied id="5260" threadId="0000000001659B00" bytesRequested="32776" />
<af-end id="5261" timestamp="2019-08-09T17:56:40.979" threadId="000000000165A488" success="true" from="nursery"/>
<exclusive-end id="5262" timestamp="2019-08-09T17:56:40.979" durationms="16.410" />

<exclusive-start id="5263" timestamp="2019-08-09T17:56:41.676" intervalms="713.388">
  <response-info timems="22.677" idlems="22.677" threads="0" lastid="000000000164E700" lastname="Thread-38" />
</exclusive-start>
<af-start id="5264" threadId="000000000164F088" totalBytesRequested="520" timestamp="2019-08-09T17:56:41.676" intervalms="713.352" type="nursery" />
<cycle-start id="5265" type="scavenge" contextid="0" timestamp="2019-08-09T17:56:41.676" intervalms="713.338" />
<gc-start id="5266" type="scavenge" contextid="5265" timestamp="2019-08-09T17:56:41.676">
  <mem-info id="5267" free="1445640" total="505020416" percent="0">
    <mem type="nursery" free="0" total="480509952" percent="0">
      <mem type="allocate" free="0" total="432406528" percent="0" />
      <mem type="survivor" free="0" total="48103424" percent="0" />
    </mem>
    <mem type="tenure" free="1445640" total="24510464" percent="5">
      <mem type="soa" free="1200904" total="24265728" percent="4" />
      <mem type="loa" free="244736" total="244736" percent="100" />
    </mem>
    <remembered-set count="943" />
  </mem-info>
</gc-start>
<allocation-stats totalBytes="428239128" >
  <allocated-bytes non-tlh="49168" tlh="428189960" />
  <largest-consumer threadName="Thread-37" threadId="0000000001664F00" bytes="49388376" />
</allocation-stats>
<gc-op id="5268" type="scavenge" timems="35.327" contextid="5265" timestamp="2019-08-09T17:56:41.712">
  <scavenger-info tenureage="11" tenuremask="4800" tiltratio="89" />
  <memory-copied type="nursery" objects="10083" bytes="3897248" bytesdiscarded="469640" />
  <memory-copied type="tenure" objects="39" bytes="17080" bytesdiscarded="0" />
</gc-op>
<gc-end id="5269" type="scavenge" contextid="5265" durationms="43.089" usertimems="11.018" systemtimems="4.888" timestamp="2019-08-09T17:56:41.720" activeThreads="16">
  <mem-info id="5270" free="429466848" total="505020416" percent="85">
    <mem type="nursery" free="428039392" total="480509952" percent="89">
      <mem type="allocate" free="428039392" total="432406528" percent="98" />
      <mem type="survivor" free="0" total="48103424" percent="0" />
    </mem>
    <mem type="tenure" free="1427456" total="24510464" percent="5" macro-fragmented="0">
      <mem type="soa" free="1182720" total="24265728" percent="4" />
      <mem type="loa" free="244736" total="244736" percent="100" />
    </mem>
    <remembered-set count="332" />
  </mem-info>
</gc-end>
<cycle-end id="5271" type="scavenge" contextid="5265" timestamp="2019-08-09T17:56:41.720" />
  <attribute name="elasticGC enabled" value="1" />
  <attribute name= "numThreadsSpecified" value="16" />
  <attribute name="heapSize specified" value="479199232" />
  <attribute name="Current GC Util" value="1" />
  <attribute name= "Current Time Running" value="207610" />
  <attribute name ="GC Interval" value="2281" />
  <attribute name="Target GC Util Change" value ="80.000000" />
  <attribute name="Current GC Util Change" value="1.000000"/>
  <attribute name="Current Error" value="235.000000" />
  <attribute name="Output H" value="505096368"/>
  <attribute name="Output I" value="2280"/>
  <attribute name="Output T" value="16"/>
  <attribute name= "Current Time Running" value="207610" />
  <attribute name="GC Util currently" value="1" />
  <attribute name="CPU Util currently" value="1616905248" />
<allocation-satisfied id="5272" threadId="000000000164E700" bytesRequested="520" />
<af-end id="5273" timestamp="2019-08-09T17:56:41.720" threadId="000000000164F088" success="true" from="nursery"/>
<exclusive-end id="5274" timestamp="2019-08-09T17:56:41.720" durationms="43.384" />

<exclusive-start id="5275" timestamp="2019-08-09T17:56:42.494" intervalms="817.240">
  <response-info timems="5.000" idlems="3.342" threads="2" lastid="00000000016AC100" lastname="Thread-44" />
</exclusive-start>
<af-start id="5276" threadId="000000000169DA88" totalBytesRequested="40" timestamp="2019-08-09T17:56:42.494" intervalms="817.264" type="nursery" />
<cycle-start id="5277" type="scavenge" contextid="0" timestamp="2019-08-09T17:56:42.494" intervalms="817.417" />
<gc-start id="5278" type="scavenge" contextid="5277" timestamp="2019-08-09T17:56:42.494">
  <mem-info id="5279" free="1427456" total="505020416" percent="0">
    <mem type="nursery" free="0" total="480509952" percent="0">
      <mem type="allocate" free="0" total="432406528" percent="0" />
      <mem type="survivor" free="0" total="48103424" percent="0" />
    </mem>
    <mem type="tenure" free="1427456" total="24510464" percent="5">
      <mem type="soa" free="1182720" total="24265728" percent="4" />
      <mem type="loa" free="244736" total="244736" percent="100" />
    </mem>
    <remembered-set count="956" />
  </mem-info>
</gc-start>
<allocation-stats totalBytes="427709808" >
  <allocated-bytes non-tlh="520" tlh="427709288" />
  <largest-consumer threadName="Thread-42" threadId="0000000001699500" bytes="35862224" />
</allocation-stats>
<gc-op id="5280" type="scavenge" timems="75.245" contextid="5277" timestamp="2019-08-09T17:56:42.569">
  <scavenger-info tenureage="14" tenuremask="4000" tiltratio="89" />
  <memory-copied type="nursery" objects="10448" bytes="4195760" bytesdiscarded="285072" />
  <memory-copied type="tenure" objects="32" bytes="3240" bytesdiscarded="0" />
  <references type="phantom" candidates="5" cleared="0" enqueued="0" />
</gc-op>
<heap-resize id="5281" type="expand" space="nursery" amount="32899072" count="1" timems="0.024" reason="excessive time being spent scavenging" timestamp="2019-08-09T17:56:42.600" />
<gc-end id="5282" type="scavenge" contextid="5277" durationms="106.578" usertimems="54.282" systemtimems="33.053" timestamp="2019-08-09T17:56:42.601" activeThreads="16">
  <mem-info id="5283" free="458762136" total="537919488" percent="85">
    <mem type="nursery" free="457482136" total="513409024" percent="89">
      <mem type="allocate" free="457482136" total="461963264" percent="99" />
      <mem type="survivor" free="0" total="51445760" percent="0" />
    </mem>
    <mem type="tenure" free="1280000" total="24510464" percent="5" macro-fragmented="0">
      <mem type="soa" free="1035264" total="24265728" percent="4" />
      <mem type="loa" free="244736" total="244736" percent="100" />
    </mem>
    <remembered-set count="377" />
  </mem-info>
</gc-end>
<cycle-end id="5284" type="scavenge" contextid="5277" timestamp="2019-08-09T17:56:42.601" />
  <attribute name="elasticGC enabled" value="1" />
  <attribute name= "numThreadsSpecified" value="16" />
  <attribute name="heapSize specified" value="479199232" />
  <attribute name="Current GC Util" value="1" />
  <attribute name= "Current Time Running" value="208427" />
  <attribute name ="GC Interval" value="2377" />
  <attribute name="Target GC Util Change" value ="80.000000" />
  <attribute name="Current GC Util Change" value="1.000000"/>
  <attribute name="Current Error" value="314.000000" />
  <attribute name="Output H" value="505096464"/>
  <attribute name="Output I" value="2376"/>
  <attribute name="Output T" value="16"/>
  <attribute name= "Current Time Running" value="208427" />
  <attribute name="GC Util currently" value="1" />
  <attribute name="CPU Util currently" value="1410087252" />
<allocation-satisfied id="5285" threadId="000000000169D100" bytesRequested="40" />
<af-end id="5286" timestamp="2019-08-09T17:56:42.601" threadId="000000000169DA88" success="true" from="nursery"/>
<exclusive-end id="5287" timestamp="2019-08-09T17:56:42.601" durationms="107.120" />

<exclusive-start id="5288" timestamp="2019-08-09T17:56:43.450" intervalms="956.680">
  <response-info timems="1.528" idlems="0.548" threads="2" lastid="000000000169D100" lastname="Thread-52" />
</exclusive-start>
<af-start id="5289" threadId="000000000167FB88" totalBytesRequested="48" timestamp="2019-08-09T17:56:43.450" intervalms="956.704" type="nursery" />
<cycle-start id="5290" type="scavenge" contextid="0" timestamp="2019-08-09T17:56:43.450" intervalms="956.596" />
<gc-start id="5291" type="scavenge" contextid="5290" timestamp="2019-08-09T17:56:43.450">
  <mem-info id="5292" free="1280000" total="537919488" percent="0">
    <mem type="nursery" free="0" total="513409024" percent="0">
      <mem type="allocate" free="0" total="461963264" percent="0" />
      <mem type="survivor" free="0" total="51445760" percent="0" />
    </mem>
    <mem type="tenure" free="1280000" total="24510464" percent="5">
      <mem type="soa" free="1035264" total="24265728" percent="4" />
      <mem type="loa" free="244736" total="244736" percent="100" />
    </mem>
    <remembered-set count="984" />
  </mem-info>
</gc-start>
<allocation-stats totalBytes="457239816" >
  <allocated-bytes non-tlh="40" tlh="457239776" />
  <largest-consumer threadName="Thread-47" threadId="0000000001682E00" bytes="40459680" />
</allocation-stats>
<gc-op id="5293" type="scavenge" timems="49.300" contextid="5290" timestamp="2019-08-09T17:56:43.500">
  <scavenger-info tenureage="3" tenuremask="4008" tiltratio="89" />
  <memory-copied type="nursery" objects="9937" bytes="3907064" bytesdiscarded="250648" />
  <memory-copied type="tenure" objects="27" bytes="2896" bytesdiscarded="0" />
  <references type="phantom" candidates="2" cleared="0" enqueued="0" />
</gc-op>
<gc-end id="5294" type="scavenge" contextid="5290" durationms="51.162" usertimems="15.704" systemtimems="30.804" timestamp="2019-08-09T17:56:43.502" activeThreads="16">
  <mem-info id="5295" free="459118560" total="537919488" percent="85">
    <mem type="nursery" free="457870816" total="513409024" percent="89">
      <mem type="allocate" free="457870816" total="462028800" percent="99" />
      <mem type="survivor" free="0" total="51380224" percent="0" />
    </mem>
    <mem type="tenure" free="1247744" total="24510464" percent="5" macro-fragmented="868149">
      <mem type="soa" free="1003008" total="24265728" percent="4" />
      <mem type="loa" free="244736" total="244736" percent="100" />
    </mem>
    <remembered-set count="352" />
  </mem-info>
</gc-end>
<cycle-end id="5296" type="scavenge" contextid="5290" timestamp="2019-08-09T17:56:43.502" />
  <attribute name="elasticGC enabled" value="1" />
  <attribute name= "numThreadsSpecified" value="16" />
  <attribute name="heapSize specified" value="479199232" />
  <attribute name="Current GC Util" value="6" />
  <attribute name= "Current Time Running" value="209384" />
  <attribute name ="GC Interval" value="2457" />
  <attribute name="Target GC Util Change" value ="80.000000" />
  <attribute name="Current GC Util Change" value="6.000000"/>
  <attribute name="Current Error" value="388.000000" />
  <attribute name="Output H" value="537995616"/>
  <attribute name="Output I" value="2456"/>
  <attribute name="Output T" value="16"/>
  <attribute name= "Current Time Running" value="209384" />
  <attribute name="GC Util currently" value="6" />
  <attribute name="CPU Util currently" value="1205418525" />
<allocation-satisfied id="5297" threadId="000000000167F200" bytesRequested="48" />
<af-end id="5298" timestamp="2019-08-09T17:56:43.502" threadId="000000000167FB88" success="true" from="nursery"/>
<exclusive-end id="5299" timestamp="2019-08-09T17:56:43.502" durationms="51.596" />

<exclusive-start id="5300" timestamp="2019-08-09T17:56:44.211" intervalms="760.843">
  <response-info timems="5.817" idlems="3.815" threads="5" lastid="000000000165D700" lastname="Thread-41" />
</exclusive-start>
<af-start id="5301" threadId="0000000001678388" totalBytesRequested="16392" timestamp="2019-08-09T17:56:44.211" intervalms="761.007" type="nursery" />
<cycle-start id="5302" type="scavenge" contextid="0" timestamp="2019-08-09T17:56:44.211" intervalms="760.998" />
<gc-start id="5303" type="scavenge" contextid="5302" timestamp="2019-08-09T17:56:44.211">
  <mem-info id="5304" free="1247744" total="537919488" percent="0">
    <mem type="nursery" free="0" total="513409024" percent="0">
      <mem type="allocate" free="0" total="462028800" percent="0" />
      <mem type="survivor" free="0" total="51380224" percent="0" />
    </mem>
    <mem type="tenure" free="1247744" total="24510464" percent="5">
      <mem type="soa" free="1003008" total="24265728" percent="4" />
      <mem type="loa" free="244736" total="244736" percent="100" />
    </mem>
    <remembered-set count="973" />
  </mem-info>
</gc-start>
<allocation-stats totalBytes="457463792" >
  <allocated-bytes non-tlh="48" tlh="457463744" />
  <largest-consumer threadName="Thread-40" threadId="000000000167F200" bytes="44832992" />
</allocation-stats>
<gc-op id="5305" type="scavenge" timems="2.290" contextid="5302" timestamp="2019-08-09T17:56:44.214">
  <scavenger-info tenureage="3" tenuremask="4008" tiltratio="89" />
  <memory-copied type="nursery" objects="9322" bytes="3719568" bytesdiscarded="264120" />
  <memory-copied type="tenure" objects="3" bytes="312" bytesdiscarded="0" />
  <references type="phantom" candidates="3" cleared="0" enqueued="0" />
</gc-op>
<gc-end id="5306" type="scavenge" contextid="5302" durationms="2.722" usertimems="3.761" systemtimems="4.093" timestamp="2019-08-09T17:56:44.214" activeThreads="16">
  <mem-info id="5307" free="459276456" total="537919488" percent="85">
    <mem type="nursery" free="458044840" total="513409024" percent="89">
      <mem type="allocate" free="458044840" total="462028800" percent="99" />
      <mem type="survivor" free="0" total="51380224" percent="0" />
    </mem>
    <mem type="tenure" free="1231616" total="24510464" percent="5" macro-fragmented="502401">
      <mem type="soa" free="986880" total="24265728" percent="4" />
      <mem type="loa" free="244736" total="244736" percent="100" />
    </mem>
    <remembered-set count="357" />
  </mem-info>
</gc-end>
<cycle-end id="5308" type="scavenge" contextid="5302" timestamp="2019-08-09T17:56:44.214" />
  <attribute name="elasticGC enabled" value="1" />
  <attribute name= "numThreadsSpecified" value="16" />
  <attribute name="heapSize specified" value="479199232" />
  <attribute name="Current GC Util" value="5" />
  <attribute name= "Current Time Running" value="210145" />
  <attribute name ="GC Interval" value="2545" />
  <attribute name="Target GC Util Change" value ="80.000000" />
  <attribute name="Current GC Util Change" value="5.000000"/>
  <attribute name="Current Error" value="463.000000" />
  <attribute name="Output H" value="537995704"/>
  <attribute name="Output I" value="2544"/>
  <attribute name="Output T" value="16"/>
  <attribute name= "Current Time Running" value="210145" />
  <attribute name="GC Util currently" value="5" />
  <attribute name="CPU Util currently" value="1514963575" />
<allocation-satisfied id="5309" threadId="0000000001677A00" bytesRequested="16392" />
<af-end id="5310" timestamp="2019-08-09T17:56:44.214" threadId="0000000001678388" success="true" from="nursery"/>
<exclusive-end id="5311" timestamp="2019-08-09T17:56:44.214" durationms="3.307" />

<exclusive-start id="5312" timestamp="2019-08-09T17:56:44.994" intervalms="782.550">
  <response-info timems="0.090" idlems="0.090" threads="0" lastid="00000000016A4900" lastname="Thread-46" />
</exclusive-start>
<af-start id="5313" threadId="00000000016A5288" totalBytesRequested="16392" timestamp="2019-08-09T17:56:44.994" intervalms="782.334" type="nursery" />
<cycle-start id="5314" type="scavenge" contextid="0" timestamp="2019-08-09T17:56:44.994" intervalms="782.385" />
<gc-start id="5315" type="scavenge" contextid="5314" timestamp="2019-08-09T17:56:44.994">
  <mem-info id="5316" free="1231616" total="537919488" percent="0">
    <mem type="nursery" free="0" total="513409024" percent="0">
      <mem type="allocate" free="0" total="462028800" percent="0" />
      <mem type="survivor" free="0" total="51380224" percent="0" />
    </mem>
    <mem type="tenure" free="1231616" total="24510464" percent="5">
      <mem type="soa" free="986880" total="24265728" percent="4" />
      <mem type="loa" free="244736" total="244736" percent="100" />
    </mem>
    <remembered-set count="985" />
  </mem-info>
</gc-start>
<allocation-stats totalBytes="457716016" >
  <allocated-bytes non-tlh="16392" tlh="457699624" />
  <largest-consumer threadName="Thread-50" threadId="0000000001677A00" bytes="43658840" />
</allocation-stats>
<gc-op id="5317" type="scavenge" timems="2.211" contextid="5314" timestamp="2019-08-09T17:56:44.996">
  <scavenger-info tenureage="3" tenuremask="4008" tiltratio="89" />
  <memory-copied type="nursery" objects="9408" bytes="3765592" bytesdiscarded="495264" />
  <memory-copied type="tenure" objects="22" bytes="2664" bytesdiscarded="0" />
  <references type="phantom" candidates="1" cleared="0" enqueued="0" />
</gc-op>
<gc-end id="5318" type="scavenge" contextid="5314" durationms="2.684" usertimems="5.265" systemtimems="0.000" timestamp="2019-08-09T17:56:44.997" activeThreads="16">
  <mem-info id="5319" free="458851832" total="537919488" percent="85">
    <mem type="nursery" free="457767672" total="513409024" percent="89">
      <mem type="allocate" free="457767672" total="462028800" percent="99" />
      <mem type="survivor" free="0" total="51380224" percent="0" />
    </mem>
    <mem type="tenure" free="1084160" total="24510464" percent="4" macro-fragmented="602881">
      <mem type="soa" free="839424" total="24265728" percent="3" />
      <mem type="loa" free="244736" total="244736" percent="100" />
    </mem>
    <remembered-set count="359" />
  </mem-info>
</gc-end>
<cycle-end id="5320" type="scavenge" contextid="5314" timestamp="2019-08-09T17:56:44.997" />
  <attribute name="elasticGC enabled" value="1" />
  <attribute name= "numThreadsSpecified" value="16" />
  <attribute name="heapSize specified" value="479199232" />
  <attribute name="Current GC Util" value="0" />
  <attribute name= "Current Time Running" value="210927" />
  <attribute name ="GC Interval" value="2105" />
  <attribute name="Target GC Util Change" value ="80.000000" />
  <attribute name="Current GC Util Change" value="0.000000"/>
  <attribute name="Current Error" value="80.000000" />
  <attribute name="Output H" value="537995264"/>
  <attribute name="Output I" value="2104"/>
  <attribute name="Output T" value="16"/>
  <attribute name= "Current Time Running" value="210927" />
  <attribute name="GC Util currently" value="0" />
  <attribute name="CPU Util currently" value="1473521359" />
<allocation-satisfied id="5321" threadId="00000000016A4900" bytesRequested="16392" />
<af-end id="5322" timestamp="2019-08-09T17:56:44.997" threadId="00000000016A5288" success="true" from="nursery"/>
<exclusive-end id="5323" timestamp="2019-08-09T17:56:44.997" durationms="3.188" />

<exclusive-start id="5324" timestamp="2019-08-09T17:56:45.382" intervalms="388.069">
  <response-info timems="0.130" idlems="0.049" threads="2" lastid="000000000169D100" lastname="Thread-52" />
</exclusive-start>
<af-start id="5325" threadId="0000000001699E88" totalBytesRequested="16392" timestamp="2019-08-09T17:56:45.382" intervalms="388.083" type="nursery" />
<cycle-start id="5326" type="scavenge" contextid="0" timestamp="2019-08-09T17:56:45.382" intervalms="387.997" />
<gc-start id="5327" type="scavenge" contextid="5326" timestamp="2019-08-09T17:56:45.382">
  <mem-info id="5328" free="1084160" total="537919488" percent="0">
    <mem type="nursery" free="0" total="513409024" percent="0">
      <mem type="allocate" free="0" total="462028800" percent="0" />
      <mem type="survivor" free="0" total="51380224" percent="0" />
    </mem>
    <mem type="tenure" free="1084160" total="24510464" percent="4">
      <mem type="soa" free="839424" total="24265728" percent="3" />
      <mem type="loa" free="244736" total="244736" percent="100" />
    </mem>
    <remembered-set count="973" />
  </mem-info>
</gc-start>
<allocation-stats totalBytes="457394536" >
  <allocated-bytes non-tlh="16392" tlh="457378144" />
  <largest-consumer threadName="Thread-37" threadId="0000000001664F00" bytes="46217728" />
</allocation-stats>
<gc-op id="5329" type="scavenge" timems="3.058" contextid="5326" timestamp="2019-08-09T17:56:45.386">
  <scavenger-info tenureage="3" tenuremask="4008" tiltratio="89" />
  <memory-copied type="nursery" objects="8073" bytes="3325904" bytesdiscarded="412936" />
  <memory-copied type="tenure" objects="46" bytes="4712" bytesdiscarded="0" />
  <references type="phantom" candidates="9" cleared="0" enqueued="0" />
</gc-op>
<gc-end id="5330" type="scavenge" contextid="5326" durationms="3.735" usertimems="1.379" systemtimems="3.920" timestamp="2019-08-09T17:56:45.386" activeThreads="16">
  <mem-info id="5331" free="459357664" total="537919488" percent="85">
    <mem type="nursery" free="458289632" total="513409024" percent="89">
      <mem type="allocate" free="458289632" total="462028800" percent="99" />
      <mem type="survivor" free="0" total="51380224" percent="0" />
    </mem>
    <mem type="tenure" free="1068032" total="24510464" percent="4" macro-fragmented="0">
      <mem type="soa" free="823296" total="24265728" percent="3" />
      <mem type="loa" free="244736" total="244736" percent="100" />
    </mem>
    <remembered-set count="338" />
  </mem-info>
</gc-end>
<cycle-end id="5332" type="scavenge" contextid="5326" timestamp="2019-08-09T17:56:45.386" />
  <attribute name="elasticGC enabled" value="1" />
  <attribute name= "numThreadsSpecified" value="16" />
  <attribute name="heapSize specified" value="479199232" />
  <attribute name="Current GC Util" value="1" />
  <attribute name= "Current Time Running" value="211316" />
  <attribute name ="GC Interval" value="2193" />
  <attribute name="Target GC Util Change" value ="80.000000" />
  <attribute name="Current GC Util Change" value="1.000000"/>
  <attribute name="Current Error" value="159.000000" />
  <attribute name="Output H" value="537995352"/>
  <attribute name="Output I" value="2192"/>
  <attribute name="Output T" value="16"/>
  <attribute name= "Current Time Running" value="211316" />
  <attribute name="GC Util currently" value="1" />
  <attribute name="CPU Util currently" value="2967926285" />
<allocation-satisfied id="5333" threadId="0000000001699500" bytesRequested="16392" />
<af-end id="5334" timestamp="2019-08-09T17:56:45.386" threadId="0000000001699E88" success="true" from="nursery"/>
<exclusive-end id="5335" timestamp="2019-08-09T17:56:45.386" durationms="4.387" />

===== DaCapo 9.12-MR1 xalan PASSED in 29993 msec =====
</verbosegc>

