
<?xml version="1.0" ?>

<verbosegc xmlns="http://www.ibm.com/j9/verbosegc" version="6fe7bac_CMPRSS">

<gc check installed>
<initialized id="1" timestamp="2019-08-09T18:04:24.044">
  <attribute name="gcPolicy" value="-Xgcpolicy:gencon" />
  <attribute name="elasticGC enabled" value="1" />
  <attribute name= "numThreadsSpecified" value="0" />
  <attribute name="heapSize specified" value="0" />
  <attribute name="Current GC Util" value="0" />
  <attribute name= "Current Time Running" value="0" />
  <attribute name ="GC Interval" value="0" />
  <attribute name="Target GC Util Change" value ="0.000000" />
  <attribute name="Current GC Util Change" value="0.000000"/>
  <attribute name="Current Error" value="0.000000" />
  <attribute name="Output H" value="0"/>
  <attribute name="Output I" value="0"/>
  <attribute name="Output T" value="0"/>
  <attribute name= "Current Time Running" value="0" />
  <attribute name="GC Util currently" value="0" />
  <attribute name="CPU Util currently" value="0" />
  <attribute name="maxHeapSize" value="0xfa900000" />
  <attribute name="initialHeapSize" value="0x800000" />
  <attribute name="compressedRefs" value="true" />
  <attribute name="compressedRefsDisplacement" value="0x0" />
  <attribute name="compressedRefsShift" value="0x3" />
  <attribute name="pageSize" value="0x1000" />
  <attribute name="pageType" value="not used" />
  <attribute name="requestedPageSize" value="0x1000" />
  <attribute name="requestedPageType" value="not used" />
  <attribute name="gcthreads" value="16" />
  <attribute name="gcthreads Concurrent Mark" value="1" />
  <attribute name="packetListSplit" value="16" />
  <attribute name="cacheListSplit" value="16" />
  <attribute name="splitFreeListSplitAmount" value="2" />
  <attribute name="numaNodes" value="0" />
  <system>
    <attribute name="physicalMemory" value="16815001600" />
    <attribute name="numCPUs" value="16" />
    <attribute name="architecture" value="amd64" />
    <attribute name="os" value="Linux" />
    <attribute name="osVersion" value="4.15.0" />
  </system>
  <vmargs>
    <vmarg name="-Xoptionsfile=/jdk/lib/options.default" />
    <vmarg name="-Xlockword:mode=default,noLockword=java/lang/String,noLockword=java/util/MapEntry,noLockword=java/util/HashMap$Entry,noLockword..." />
    <vmarg name="-Xjcl:jclse29" />
    <vmarg name="-Dcom.ibm.oti.vm.bootstrap.library.path=/jdk/lib/compressedrefs:/jdk/lib" />
    <vmarg name="-Dsun.boot.library.path=/jdk/lib/compressedrefs:/jdk/lib" />
    <vmarg name="-Djava.library.path=/jdk/lib/compressedrefs:/jdk/lib:/usr/lib64:/usr/lib" />
    <vmarg name="-Djava.home=/jdk" />
    <vmarg name="-Duser.dir=/" />
    <vmarg name="-Xgcelastic" />
    <vmarg name="-Xcheck:gc:::elasticGC" />
    <vmarg name="-verbose:gc" />
    <vmarg name="-Djava.class.path=dacapo-9.12-MR1-bach.jar" />
    <vmarg name="-Dsun.java.command=dacapo-9.12-MR1-bach.jar avrora jython pmd sunflow xalan --size=large" />
    <vmarg name="-Dsun.java.launcher=SUN_STANDARD" />
    <vmarg name="-Dsun.java.launcher.pid=1" />
  </vmargs>
</initialized>

<exclusive-start id="2" timestamp="2019-08-09T18:04:24.191" intervalms="147.344">
  <response-info timems="0.010" idlems="0.010" threads="0" lastid="0000000001164F00" lastname="main" />
</exclusive-start>
<af-start id="3" threadId="0000000001165888" totalBytesRequested="72" timestamp="2019-08-09T18:04:24.191" intervalms="147.397" type="nursery" />
<cycle-start id="4" type="scavenge" contextid="0" timestamp="2019-08-09T18:04:24.191" intervalms="147.420" />
<gc check: start verifying slots before local gc (1)>
<gc check: finished verifying slots before local gc (1)>
<gc-start id="5" type="scavenge" contextid="4" timestamp="2019-08-09T18:04:24.196">
  <mem-info id="6" free="6064048" total="8388608" percent="72">
    <mem type="nursery" free="0" total="2097152" percent="0">
      <mem type="allocate" free="0" total="1048576" percent="0" />
      <mem type="survivor" free="0" total="1048576" percent="0" />
    </mem>
    <mem type="tenure" free="6064048" total="6291456" percent="96">
      <mem type="soa" free="5749680" total="5977088" percent="96" />
      <mem type="loa" free="314368" total="314368" percent="100" />
    </mem>
    <remembered-set count="3133" />
  </mem-info>
</gc-start>
<allocation-stats totalBytes="1275184" >
  <allocated-bytes non-tlh="268992" tlh="1006192" />
  <largest-consumer threadName="main" threadId="0000000001164F00" bytes="1190664" />
</allocation-stats>
<gc-op id="7" type="scavenge" timems="2.394" contextid="4" timestamp="2019-08-09T18:04:24.199">
  <scavenger-info tenureage="2" tenuremask="fffc" tiltratio="50" />
  <memory-copied type="nursery" objects="10639" bytes="474032" bytesdiscarded="9584" />
  <finalization candidates="11" enqueued="0" />
  <references type="soft" candidates="62" cleared="0" enqueued="0" dynamicThreshold="32" maxThreshold="32" />
  <references type="weak" candidates="302" cleared="171" enqueued="135" />
  <references type="phantom" candidates="20" cleared="4" enqueued="4" />
</gc-op>
<gc check: start verifying slots after local gc (1)>
<gc check: finished verifying slots after local gc (1)>
<gc-end id="8" type="scavenge" contextid="4" durationms="5.743" usertimems="5.700" systemtimems="0.615" timestamp="2019-08-09T18:04:24.202" activeThreads="16">
  <mem-info id="9" free="6626816" total="8388608" percent="78">
    <mem type="nursery" free="562768" total="2097152" percent="26">
      <mem type="allocate" free="562768" total="1048576" percent="53" />
      <mem type="survivor" free="0" total="1048576" percent="0" />
    </mem>
    <mem type="tenure" free="6064048" total="6291456" percent="96">
      <mem type="soa" free="5749680" total="5977088" percent="96" />
      <mem type="loa" free="314368" total="314368" percent="100" />
    </mem>
    <pending-finalizers system="0" default="0" reference="139" classloader="0" />
    <remembered-set count="3133" />
  </mem-info>
</gc-end>
<cycle-end id="10" type="scavenge" contextid="4" timestamp="2019-08-09T18:04:24.202" />
  <attribute name="elasticGC enabled" value="1" />
  <attribute name= "numThreadsSpecified" value="0" />
  <attribute name="heapSize specified" value="0" />
  <attribute name="Current GC Util" value="0" />
  <attribute name= "Current Time Running" value="66" />
  <attribute name ="GC Interval" value="1" />
  <attribute name="Target GC Util Change" value ="80.000000" />
  <attribute name="Current GC Util Change" value="0.000000"/>
  <attribute name="Current Error" value="0.000000" />
  <attribute name="Output H" value="0"/>
  <attribute name="Output I" value="0"/>
  <attribute name="Output T" value="0"/>
  <attribute name= "Current Time Running" value="66" />
  <attribute name="GC Util currently" value="0" />
  <attribute name="CPU Util currently" value="18" />
<allocation-satisfied id="11" threadId="0000000001164F00" bytesRequested="72" />
<af-end id="12" timestamp="2019-08-09T18:04:24.202" threadId="0000000001165888" success="true" from="nursery"/>
<exclusive-end id="13" timestamp="2019-08-09T18:04:24.202" durationms="10.500" />

<exclusive-start id="14" timestamp="2019-08-09T18:04:24.218" intervalms="26.927">
  <response-info timems="0.038" idlems="0.038" threads="0" lastid="0000000001164F00" lastname="main" />
</exclusive-start>
<af-start id="15" threadId="0000000001165888" totalBytesRequested="15024" timestamp="2019-08-09T18:04:24.218" intervalms="26.917" type="nursery" />
<cycle-start id="16" type="scavenge" contextid="0" timestamp="2019-08-09T18:04:24.218" intervalms="26.922" />
<gc check: start verifying slots before local gc (2)>
<gc check: finished verifying slots before local gc (2)>
<gc-start id="17" type="scavenge" contextid="16" timestamp="2019-08-09T18:04:24.222">
  <mem-info id="18" free="6053672" total="8388608" percent="72">
    <mem type="nursery" free="0" total="2097152" percent="0">
      <mem type="allocate" free="0" total="1048576" percent="0" />
      <mem type="survivor" free="0" total="1048576" percent="0" />
    </mem>
    <mem type="tenure" free="6053672" total="6291456" percent="96">
      <mem type="soa" free="5739304" total="5977088" percent="96" />
      <mem type="loa" free="314368" total="314368" percent="100" />
    </mem>
    <remembered-set count="3276" />
  </mem-info>
</gc-start>
<allocation-stats totalBytes="563648" >
  <allocated-bytes non-tlh="10448" tlh="553200" />
  <largest-consumer threadName="main" threadId="0000000001164F00" bytes="551672" />
</allocation-stats>
<gc-op id="19" type="scavenge" timems="1.395" contextid="16" timestamp="2019-08-09T18:04:24.224">
  <scavenger-info tenureage="5" tenuremask="7fe0" tiltratio="50" />
  <memory-copied type="nursery" objects="11166" bytes="497888" bytesdiscarded="48272" />
  <finalization candidates="11" enqueued="0" />
  <references type="soft" candidates="62" cleared="0" enqueued="0" dynamicThreshold="32" maxThreshold="32" />
  <references type="weak" candidates="288" cleared="143" enqueued="140" />
  <references type="phantom" candidates="49" cleared="18" enqueued="18" />
</gc-op>
<gc check: start verifying slots after local gc (2)>
<gc check: finished verifying slots after local gc (2)>
<gc-end id="20" type="scavenge" contextid="16" durationms="4.879" usertimems="5.539" systemtimems="0.000" timestamp="2019-08-09T18:04:24.227" activeThreads="16">
  <mem-info id="21" free="6554520" total="8388608" percent="78">
    <mem type="nursery" free="500848" total="2097152" percent="23">
      <mem type="allocate" free="500848" total="1048576" percent="47" />
      <mem type="survivor" free="0" total="1048576" percent="0" />
    </mem>
    <mem type="tenure" free="6053672" total="6291456" percent="96">
      <mem type="soa" free="5739304" total="5977088" percent="96" />
      <mem type="loa" free="314368" total="314368" percent="100" />
    </mem>
    <pending-finalizers system="0" default="0" reference="158" classloader="0" />
    <remembered-set count="3276" />
  </mem-info>
</gc-end>
<cycle-end id="22" type="scavenge" contextid="16" timestamp="2019-08-09T18:04:24.227" />
  <attribute name="elasticGC enabled" value="1" />
  <attribute name= "numThreadsSpecified" value="0" />
  <attribute name="heapSize specified" value="0" />
  <attribute name="Current GC Util" value="43" />
  <attribute name= "Current Time Running" value="92" />
  <attribute name ="GC Interval" value="1" />
  <attribute name="Target GC Util Change" value ="80.000000" />
  <attribute name="Current GC Util Change" value="43.000000"/>
  <attribute name="Current Error" value="0.000000" />
  <attribute name="Output H" value="0"/>
  <attribute name="Output I" value="0"/>
  <attribute name="Output T" value="0"/>
  <attribute name= "Current Time Running" value="92" />
  <attribute name="GC Util currently" value="43" />
  <attribute name="CPU Util currently" value="13" />
<allocation-satisfied id="23" threadId="0000000001164F00" bytesRequested="15024" />
<af-end id="24" timestamp="2019-08-09T18:04:24.227" threadId="0000000001165888" success="true" from="nursery"/>
<exclusive-end id="25" timestamp="2019-08-09T18:04:24.227" durationms="9.098" />

<exclusive-start id="26" timestamp="2019-08-09T18:04:24.238" intervalms="19.651">
  <response-info timems="0.025" idlems="0.025" threads="0" lastid="0000000001164F00" lastname="main" />
</exclusive-start>
<af-start id="27" threadId="0000000001165888" totalBytesRequested="8200" timestamp="2019-08-09T18:04:24.238" intervalms="19.650" type="nursery" />
<cycle-start id="28" type="scavenge" contextid="0" timestamp="2019-08-09T18:04:24.238" intervalms="19.645" />
<gc check: start verifying slots before local gc (3)>
<gc check: finished verifying slots before local gc (3)>
<gc-start id="29" type="scavenge" contextid="28" timestamp="2019-08-09T18:04:24.242">
  <mem-info id="30" free="6048504" total="8388608" percent="72">
    <mem type="nursery" free="0" total="2097152" percent="0">
      <mem type="allocate" free="0" total="1048576" percent="0" />
      <mem type="survivor" free="0" total="1048576" percent="0" />
    </mem>
    <mem type="tenure" free="6048504" total="6291456" percent="96">
      <mem type="soa" free="5734136" total="5977088" percent="95" />
      <mem type="loa" free="314368" total="314368" percent="100" />
    </mem>
    <remembered-set count="3359" />
  </mem-info>
</gc-start>
<allocation-stats totalBytes="495568" >
  <allocated-bytes non-tlh="20192" tlh="475376" />
  <largest-consumer threadName="main" threadId="0000000001164F00" bytes="483280" />
</allocation-stats>
<gc-op id="31" type="scavenge" timems="1.468" contextid="28" timestamp="2019-08-09T18:04:24.243">
  <scavenger-info tenureage="4" tenuremask="7ff0" tiltratio="50" />
  <memory-copied type="nursery" objects="11146" bytes="500992" bytesdiscarded="56680" />
  <finalization candidates="12" enqueued="0" />
  <references type="soft" candidates="63" cleared="0" enqueued="0" dynamicThreshold="32" maxThreshold="32" />
  <references type="weak" candidates="223" cleared="78" enqueued="78" />
  <references type="phantom" candidates="47" cleared="14" enqueued="14" />
</gc-op>
<gc-end id="32" type="scavenge" contextid="28" durationms="1.549" usertimems="1.530" systemtimems="0.667" timestamp="2019-08-09T18:04:24.243" activeThreads="16">
  <mem-info id="33" free="6537832" total="8388608" percent="77">
    <mem type="nursery" free="489328" total="2097152" percent="23">
      <mem type="allocate" free="489328" total="1048576" percent="46" />
      <mem type="survivor" free="0" total="1048576" percent="0" />
    </mem>
    <mem type="tenure" free="6048504" total="6291456" percent="96">
      <mem type="soa" free="5734136" total="5977088" percent="95" />
      <mem type="loa" free="314368" total="314368" percent="100" />
    </mem>
    <pending-finalizers system="0" default="0" reference="92" classloader="0" />
    <remembered-set count="1117" />
  </mem-info>
</gc-end>
<cycle-end id="34" type="scavenge" contextid="28" timestamp="2019-08-09T18:04:24.243" />
  <attribute name="elasticGC enabled" value="1" />
  <attribute name= "numThreadsSpecified" value="16" />
  <attribute name="heapSize specified" value="0" />
  <attribute name="Current GC Util" value="49" />
  <attribute name= "Current Time Running" value="111" />
  <attribute name ="GC Interval" value="2049" />
  <attribute name="Target GC Util Change" value ="80.000000" />
  <attribute name="Current GC Util Change" value="49.000000"/>
  <attribute name="Current Error" value="31.000000" />
  <attribute name="Output H" value="8464328"/>
  <attribute name="Output I" value="2048"/>
  <attribute name="Output T" value="16"/>
  <attribute name= "Current Time Running" value="111" />
  <attribute name="GC Util currently" value="49" />
  <attribute name="CPU Util currently" value="9" />
<allocation-satisfied id="35" threadId="0000000001164F00" bytesRequested="8200" />
<af-end id="36" timestamp="2019-08-09T18:04:24.243" threadId="0000000001165888" success="true" from="nursery"/>
<exclusive-end id="37" timestamp="2019-08-09T18:04:24.243" durationms="5.540" />

<exclusive-start id="38" timestamp="2019-08-09T18:04:24.268" intervalms="30.286">
  <response-info timems="0.010" idlems="0.010" threads="0" lastid="0000000001164F00" lastname="main" />
</exclusive-start>
<af-start id="39" threadId="0000000001165888" totalBytesRequested="2056" timestamp="2019-08-09T18:04:24.268" intervalms="30.292" type="nursery" />
<cycle-start id="40" type="scavenge" contextid="0" timestamp="2019-08-09T18:04:24.268" intervalms="30.293" />
<gc-start id="41" type="scavenge" contextid="40" timestamp="2019-08-09T18:04:24.268">
  <mem-info id="42" free="6047520" total="8388608" percent="72">
    <mem type="nursery" free="0" total="2097152" percent="0">
      <mem type="allocate" free="0" total="1048576" percent="0" />
      <mem type="survivor" free="0" total="1048576" percent="0" />
    </mem>
    <mem type="tenure" free="6047520" total="6291456" percent="96">
      <mem type="soa" free="5733152" total="5977088" percent="95" />
      <mem type="loa" free="314368" total="314368" percent="100" />
    </mem>
    <remembered-set count="1132" />
  </mem-info>
</gc-start>
<allocation-stats totalBytes="485864" >
  <allocated-bytes non-tlh="9184" tlh="476680" />
  <largest-consumer threadName="main" threadId="0000000001164F00" bytes="485864" />
</allocation-stats>
<gc-op id="43" type="scavenge" timems="1.484" contextid="40" timestamp="2019-08-09T18:04:24.270">
  <scavenger-info tenureage="3" tenuremask="fff8" tiltratio="50" />
  <memory-copied type="nursery" objects="655" bytes="108296" bytesdiscarded="68808" />
  <memory-copied type="tenure" objects="10385" bytes="466248" bytesdiscarded="808" />
  <finalization candidates="14" enqueued="1" />
  <references type="soft" candidates="1" cleared="0" enqueued="0" dynamicThreshold="32" maxThreshold="32" />
  <references type="weak" candidates="21" cleared="5" enqueued="5" />
  <references type="phantom" candidates="21" cleared="1" enqueued="1" />
</gc-op>
<gc-end id="44" type="scavenge" contextid="40" durationms="1.570" usertimems="2.240" systemtimems="0.653" timestamp="2019-08-09T18:04:24.270" activeThreads="16">
  <mem-info id="45" free="6340280" total="8388608" percent="75">
    <mem type="nursery" free="871384" total="2097152" percent="41">
      <mem type="allocate" free="871384" total="1048576" percent="83" />
      <mem type="survivor" free="0" total="1048576" percent="0" />
    </mem>
    <mem type="tenure" free="5468896" total="6291456" percent="86">
      <mem type="soa" free="5154528" total="5977088" percent="86" />
      <mem type="loa" free="314368" total="314368" percent="100" />
    </mem>
    <pending-finalizers system="1" default="0" reference="6" classloader="0" />
    <remembered-set count="232" />
  </mem-info>
</gc-end>
<cycle-end id="46" type="scavenge" contextid="40" timestamp="2019-08-09T18:04:24.270" />
  <attribute name="elasticGC enabled" value="1" />
  <attribute name= "numThreadsSpecified" value="16" />
  <attribute name="heapSize specified" value="0" />
  <attribute name="Current GC Util" value="23" />
  <attribute name= "Current Time Running" value="138" />
  <attribute name ="GC Interval" value="2113" />
  <attribute name="Target GC Util Change" value ="80.000000" />
  <attribute name="Current GC Util Change" value="23.000000"/>
  <attribute name="Current Error" value="88.000000" />
  <attribute name="Output H" value="8464392"/>
  <attribute name="Output I" value="2112"/>
  <attribute name="Output T" value="16"/>
  <attribute name= "Current Time Running" value="138" />
  <attribute name="GC Util currently" value="23" />
  <attribute name="CPU Util currently" value="5" />
<allocation-satisfied id="47" threadId="0000000001164F00" bytesRequested="2056" />
<af-end id="48" timestamp="2019-08-09T18:04:24.270" threadId="0000000001165888" success="true" from="nursery"/>
<exclusive-end id="49" timestamp="2019-08-09T18:04:24.270" durationms="1.827" />

<exclusive-start id="50" timestamp="2019-08-09T18:04:24.289" intervalms="21.049">
  <response-info timems="0.041" idlems="0.041" threads="0" lastid="0000000001164F00" lastname="main" />
</exclusive-start>
<af-start id="51" threadId="0000000001165888" totalBytesRequested="2056" timestamp="2019-08-09T18:04:24.289" intervalms="21.048" type="nursery" />
<cycle-start id="52" type="scavenge" contextid="0" timestamp="2019-08-09T18:04:24.289" intervalms="21.048" />
<gc-start id="53" type="scavenge" contextid="52" timestamp="2019-08-09T18:04:24.289">
  <mem-info id="54" free="5468896" total="8388608" percent="65">
    <mem type="nursery" free="0" total="2097152" percent="0">
      <mem type="allocate" free="0" total="1048576" percent="0" />
      <mem type="survivor" free="0" total="1048576" percent="0" />
    </mem>
    <mem type="tenure" free="5468896" total="6291456" percent="86">
      <mem type="soa" free="5154528" total="5977088" percent="86" />
      <mem type="loa" free="314368" total="314368" percent="100" />
    </mem>
    <remembered-set count="232" />
  </mem-info>
</gc-start>
<allocation-stats totalBytes="863264" >
  <allocated-bytes non-tlh="2056" tlh="861208" />
  <largest-consumer threadName="main" threadId="0000000001164F00" bytes="863264" />
</allocation-stats>
<gc-op id="55" type="scavenge" timems="1.072" contextid="52" timestamp="2019-08-09T18:04:24.290">
  <scavenger-info tenureage="3" tenuremask="fff8" tiltratio="50" />
  <memory-copied type="nursery" objects="291" bytes="82368" bytesdiscarded="31248" />
  <memory-copied type="tenure" objects="339" bytes="16808" bytesdiscarded="352" />
  <finalization candidates="2" enqueued="0" />
  <references type="soft" candidates="1" cleared="0" enqueued="0" dynamicThreshold="32" maxThreshold="32" />
  <references type="weak" candidates="2" cleared="0" enqueued="0" />
  <references type="phantom" candidates="5" cleared="0" enqueued="0" />
</gc-op>
<gc-end id="56" type="scavenge" contextid="52" durationms="1.157" usertimems="2.296" systemtimems="0.051" timestamp="2019-08-09T18:04:24.291" activeThreads="16">
  <mem-info id="57" free="6315456" total="8388608" percent="75">
    <mem type="nursery" free="934880" total="2097152" percent="44">
      <mem type="allocate" free="934880" total="1048576" percent="89" />
      <mem type="survivor" free="0" total="1048576" percent="0" />
    </mem>
    <mem type="tenure" free="5380576" total="6291456" percent="85">
      <mem type="soa" free="5066208" total="5977088" percent="84" />
      <mem type="loa" free="314368" total="314368" percent="100" />
    </mem>
    <remembered-set count="126" />
  </mem-info>
</gc-end>
<cycle-end id="58" type="scavenge" contextid="52" timestamp="2019-08-09T18:04:24.291" />
  <attribute name="elasticGC enabled" value="1" />
  <attribute name= "numThreadsSpecified" value="16" />
  <attribute name="heapSize specified" value="0" />
  <attribute name="Current GC Util" value="14" />
  <attribute name= "Current Time Running" value="159" />
  <attribute name ="GC Interval" value="2193" />
  <attribute name="Target GC Util Change" value ="80.000000" />
  <attribute name="Current GC Util Change" value="14.000000"/>
  <attribute name="Current Error" value="154.000000" />
  <attribute name="Output H" value="8464472"/>
  <attribute name="Output I" value="2192"/>
  <attribute name="Output T" value="16"/>
  <attribute name= "Current Time Running" value="159" />
  <attribute name="GC Util currently" value="14" />
  <attribute name="CPU Util currently" value="8" />
<allocation-satisfied id="59" threadId="0000000001164F00" bytesRequested="2056" />
<af-end id="60" timestamp="2019-08-09T18:04:24.291" threadId="0000000001165888" success="true" from="nursery"/>
<exclusive-end id="61" timestamp="2019-08-09T18:04:24.291" durationms="1.299" />

<exclusive-start id="62" timestamp="2019-08-09T18:04:24.310" intervalms="21.049">
  <response-info timems="0.011" idlems="0.011" threads="0" lastid="0000000001164F00" lastname="main" />
</exclusive-start>
<af-start id="63" threadId="0000000001165888" totalBytesRequested="2056" timestamp="2019-08-09T18:04:24.310" intervalms="21.052" type="nursery" />
<cycle-start id="64" type="scavenge" contextid="0" timestamp="2019-08-09T18:04:24.310" intervalms="21.050" />
<gc-start id="65" type="scavenge" contextid="64" timestamp="2019-08-09T18:04:24.310">
  <mem-info id="66" free="5380576" total="8388608" percent="64">
    <mem type="nursery" free="0" total="2097152" percent="0">
      <mem type="allocate" free="0" total="1048576" percent="0" />
      <mem type="survivor" free="0" total="1048576" percent="0" />
    </mem>
    <mem type="tenure" free="5380576" total="6291456" percent="85">
      <mem type="soa" free="5066208" total="5977088" percent="84" />
      <mem type="loa" free="314368" total="314368" percent="100" />
    </mem>
    <remembered-set count="126" />
  </mem-info>
</gc-start>
<allocation-stats totalBytes="927944" >
  <allocated-bytes non-tlh="2056" tlh="925888" />
  <largest-consumer threadName="main" threadId="0000000001164F00" bytes="927944" />
</allocation-stats>
<gc-op id="67" type="scavenge" timems="0.960" contextid="64" timestamp="2019-08-09T18:04:24.311">
  <scavenger-info tenureage="3" tenuremask="fff8" tiltratio="50" />
  <memory-copied type="nursery" objects="112" bytes="72352" bytesdiscarded="9032" />
  <memory-copied type="tenure" objects="178" bytes="7952" bytesdiscarded="0" />
  <finalization candidates="2" enqueued="0" />
  <references type="weak" candidates="1" cleared="0" enqueued="0" />
  <references type="phantom" candidates="4" cleared="0" enqueued="0" />
</gc-op>
<gc-end id="68" type="scavenge" contextid="64" durationms="1.032" usertimems="1.348" systemtimems="0.110" timestamp="2019-08-09T18:04:24.311" activeThreads="16">
  <mem-info id="69" free="6397120" total="8388608" percent="76">
    <mem type="nursery" free="1032672" total="2097152" percent="49">
      <mem type="allocate" free="1032672" total="1114112" percent="92" />
      <mem type="survivor" free="0" total="983040" percent="0" />
    </mem>
    <mem type="tenure" free="5364448" total="6291456" percent="85">
      <mem type="soa" free="5050080" total="5977088" percent="84" />
      <mem type="loa" free="314368" total="314368" percent="100" />
    </mem>
    <remembered-set count="101" />
  </mem-info>
</gc-end>
<cycle-end id="70" type="scavenge" contextid="64" timestamp="2019-08-09T18:04:24.311" />
  <attribute name="elasticGC enabled" value="1" />
  <attribute name= "numThreadsSpecified" value="16" />
  <attribute name="heapSize specified" value="0" />
  <attribute name="Current GC Util" value="8" />
  <attribute name= "Current Time Running" value="180" />
  <attribute name ="GC Interval" value="2273" />
  <attribute name="Target GC Util Change" value ="80.000000" />
  <attribute name="Current GC Util Change" value="8.000000"/>
  <attribute name="Current Error" value="226.000000" />
  <attribute name="Output H" value="8464552"/>
  <attribute name="Output I" value="2272"/>
  <attribute name="Output T" value="16"/>
  <attribute name= "Current Time Running" value="180" />
  <attribute name="GC Util currently" value="8" />
  <attribute name="CPU Util currently" value="8" />
<allocation-satisfied id="71" threadId="0000000001164F00" bytesRequested="2056" />
<af-end id="72" timestamp="2019-08-09T18:04:24.312" threadId="0000000001165888" success="true" from="nursery"/>
<exclusive-end id="73" timestamp="2019-08-09T18:04:24.312" durationms="1.168" />

<exclusive-start id="74" timestamp="2019-08-09T18:04:24.342" intervalms="31.214">
  <response-info timems="0.044" idlems="0.044" threads="0" lastid="0000000001164F00" lastname="main" />
</exclusive-start>
<af-start id="75" threadId="0000000001165888" totalBytesRequested="165184" timestamp="2019-08-09T18:04:24.342" intervalms="31.213" type="nursery" />
<cycle-start id="76" type="scavenge" contextid="0" timestamp="2019-08-09T18:04:24.342" intervalms="31.212" />
<gc-start id="77" type="scavenge" contextid="76" timestamp="2019-08-09T18:04:24.342">
  <mem-info id="78" free="5448840" total="8388608" percent="64">
    <mem type="nursery" free="84440" total="2097152" percent="4">
      <mem type="allocate" free="84440" total="1114112" percent="7" />
      <mem type="survivor" free="0" total="983040" percent="0" />
    </mem>
    <mem type="tenure" free="5364400" total="6291456" percent="85">
      <mem type="soa" free="5050032" total="5977088" percent="84" />
      <mem type="loa" free="314368" total="314368" percent="100" />
    </mem>
    <remembered-set count="102" />
  </mem-info>
</gc-start>
<allocation-stats totalBytes="936264" >
  <allocated-bytes non-tlh="4160" tlh="932104" />
  <largest-consumer threadName="main" threadId="0000000001164F00" bytes="936264" />
</allocation-stats>
<gc-op id="79" type="scavenge" timems="0.980" contextid="76" timestamp="2019-08-09T18:04:24.343">
  <scavenger-info tenureage="3" tenuremask="ffe8" tiltratio="53" />
  <memory-copied type="nursery" objects="35" bytes="1480" bytesdiscarded="46136" />
  <memory-copied type="tenure" objects="59" bytes="51128" bytesdiscarded="0" />
  <finalization candidates="1" enqueued="0" />
  <references type="phantom" candidates="2" cleared="0" enqueued="0" />
</gc-op>
<gc-end id="80" type="scavenge" contextid="76" durationms="1.044" usertimems="1.725" systemtimems="1.364" timestamp="2019-08-09T18:04:24.343" activeThreads="16">
  <mem-info id="81" free="6496656" total="8388608" percent="77">
    <mem type="nursery" free="1197568" total="2097152" percent="57">
      <mem type="allocate" free="1197568" total="1245184" percent="96" />
      <mem type="survivor" free="0" total="851968" percent="0" />
    </mem>
    <mem type="tenure" free="5299088" total="6291456" percent="84">
      <mem type="soa" free="4984720" total="5977088" percent="83" />
      <mem type="loa" free="314368" total="314368" percent="100" />
    </mem>
    <remembered-set count="93" />
  </mem-info>
</gc-end>
<cycle-end id="82" type="scavenge" contextid="76" timestamp="2019-08-09T18:04:24.343" />
  <attribute name="elasticGC enabled" value="1" />
  <attribute name= "numThreadsSpecified" value="16" />
  <attribute name="heapSize specified" value="0" />
  <attribute name="Current GC Util" value="4" />
  <attribute name= "Current Time Running" value="211" />
  <attribute name ="GC Interval" value="2361" />
  <attribute name="Target GC Util Change" value ="80.000000" />
  <attribute name="Current GC Util Change" value="4.000000"/>
  <attribute name="Current Error" value="302.000000" />
  <attribute name="Output H" value="8464640"/>
  <attribute name="Output I" value="2360"/>
  <attribute name="Output T" value="16"/>
  <attribute name= "Current Time Running" value="211" />
  <attribute name="GC Util currently" value="4" />
  <attribute name="CPU Util currently" value="13" />
<allocation-satisfied id="83" threadId="0000000001164F00" bytesRequested="165184" />
<af-end id="84" timestamp="2019-08-09T18:04:24.343" threadId="0000000001165888" success="true" from="nursery"/>
<exclusive-end id="85" timestamp="2019-08-09T18:04:24.343" durationms="1.183" />

<exclusive-start id="86" timestamp="2019-08-09T18:04:24.353" intervalms="11.792">
  <response-info timems="0.049" idlems="0.049" threads="0" lastid="0000000001164F00" lastname="main" />
</exclusive-start>
<sys-start reason="explicit" id="87" timestamp="2019-08-09T18:04:24.353" intervalms="309.358" />
<cycle-start id="88" type="global" contextid="0" timestamp="2019-08-09T18:04:24.353" intervalms="309.376" />
<gc-start id="89" type="global" contextid="88" timestamp="2019-08-09T18:04:24.353">
  <mem-info id="90" free="5984552" total="8388608" percent="71">
    <mem type="nursery" free="692416" total="2097152" percent="33">
      <mem type="allocate" free="692416" total="1245184" percent="55" />
      <mem type="survivor" free="0" total="851968" percent="0" />
    </mem>
    <mem type="tenure" free="5292136" total="6291456" percent="84">
      <mem type="soa" free="4977768" total="5977088" percent="83" />
      <mem type="loa" free="314368" total="314368" percent="100" />
    </mem>
    <remembered-set count="177" />
  </mem-info>
</gc-start>
<allocation-stats totalBytes="511960" >
  <allocated-bytes non-tlh="172136" tlh="339824" />
  <largest-consumer threadName="main" threadId="0000000001164F00" bytes="511960" />
</allocation-stats>
<gc-op id="91" type="mark" timems="2.652" contextid="88" timestamp="2019-08-09T18:04:24.356">
  <trace-info objectcount="17080" scancount="14071" scanbytes="450964" />
  <finalization candidates="13" enqueued="0" />
  <references type="soft" candidates="66" cleared="0" enqueued="0" dynamicThreshold="32" maxThreshold="32" />
  <references type="weak" candidates="172" cleared="43" enqueued="35" />
  <references type="phantom" candidates="41" cleared="4" enqueued="4" />
  <stringconstants candidates="2455" cleared="0"  />
</gc-op>
<gc-op id="92" type="classunload" timems="0.002" contextid="88" timestamp="2019-08-09T18:04:24.356">
  <classunload-info classloadercandidates="6" classloadersunloaded="0" classesunloaded="0" anonymousclassesunloaded="0" quiescems="0.000" setupms="0.001" scanms="0.001" postms="0.000" />
</gc-op>
<gc-op id="93" type="sweep" timems="0.387" contextid="88" timestamp="2019-08-09T18:04:24.357" />
<mem-info id="94" free="6523016" total="8388608" percent="77">
  <mem type="nursery" free="1027408" total="2097152" percent="48">
    <mem type="allocate" free="1027408" total="1245184" percent="82" />
    <mem type="survivor" free="0" total="851968" percent="0" />
  </mem>
  <mem type="tenure" free="5495608" total="6291456" percent="87" micro-fragmented="0" macro-fragmented="0">
    <mem type="soa" free="5181240" total="5977088" percent="86" />
    <mem type="loa" free="314368" total="314368" percent="100" />
  </mem>
  <pending-finalizers system="0" default="0" reference="39" classloader="0" />
  <remembered-set count="174" />
</mem-info>
<gc-op id="95" type="compact" timems="4.137" contextid="88" timestamp="2019-08-09T18:04:24.361">
  <compact-info movecount="12658" movebytes="809944" reason="compact to aid heap contraction" />
</gc-op>
<heap-resize id="96" type="expand" space="tenure" amount="131072" count="1" timems="0.015" reason="satisfy allocation request" timestamp="2019-08-09T18:04:24.361" />
<gc-end id="97" type="global" contextid="88" durationms="7.693" usertimems="4.682" systemtimems="7.192" timestamp="2019-08-09T18:04:24.361" activeThreads="16">
  <mem-info id="98" free="6673872" total="8519680" percent="78">
    <mem type="nursery" free="1043952" total="2097152" percent="49">
      <mem type="allocate" free="1043952" total="1245184" percent="83" />
      <mem type="survivor" free="0" total="851968" percent="0" />
    </mem>
    <mem type="tenure" free="5629920" total="6422528" percent="87">
      <mem type="soa" free="5309408" total="6102016" percent="87" />
      <mem type="loa" free="320512" total="320512" percent="100" />
    </mem>
    <pending-finalizers system="0" default="0" reference="39" classloader="0" />
    <remembered-set count="174" />
  </mem-info>
</gc-end>
<cycle-end id="99" type="global" contextid="88" timestamp="2019-08-09T18:04:24.361" />
  <attribute name="elasticGC enabled" value="1" />
  <attribute name= "numThreadsSpecified" value="16" />
  <attribute name="heapSize specified" value="8388608" />
  <attribute name="Current GC Util" value="46" />
  <attribute name= "Current Time Running" value="230" />
  <attribute name ="GC Interval" value="2361" />
  <attribute name="Target GC Util Change" value ="80.000000" />
  <attribute name="Current GC Util Change" value="46.000000"/>
  <attribute name="Current Error" value="29.000000" />
  <attribute name="Output H" value="8464328"/>
  <attribute name="Output I" value="2048"/>
  <attribute name="Output T" value="16"/>
  <attribute name= "Current Time Running" value="230" />
  <attribute name="GC Util currently" value="46" />
  <attribute name="CPU Util currently" value="274719073929" />
<sys-end id="100" timestamp="2019-08-09T18:04:24.361" />
<exclusive-end id="101" timestamp="2019-08-09T18:04:24.361" durationms="7.808" />

===== DaCapo 9.12-MR1 avrora starting =====
<exclusive-start id="102" timestamp="2019-08-09T18:04:24.391" intervalms="38.019">
  <response-info timems="0.041" idlems="0.041" threads="0" lastid="0000000001164F00" lastname="main" />
</exclusive-start>
<af-start id="103" threadId="0000000001165888" totalBytesRequested="1872" timestamp="2019-08-09T18:04:24.391" intervalms="49.800" type="nursery" />
<cycle-start id="104" type="scavenge" contextid="0" timestamp="2019-08-09T18:04:24.391" intervalms="49.797" />
<gc-start id="105" type="scavenge" contextid="104" timestamp="2019-08-09T18:04:24.391">
  <mem-info id="106" free="5567136" total="8519680" percent="65">
    <mem type="nursery" free="0" total="2097152" percent="0">
      <mem type="allocate" free="0" total="1245184" percent="0" />
      <mem type="survivor" free="0" total="851968" percent="0" />
    </mem>
    <mem type="tenure" free="5567136" total="6422528" percent="86">
      <mem type="soa" free="5246624" total="6102016" percent="85" />
      <mem type="loa" free="320512" total="320512" percent="100" />
    </mem>
    <remembered-set count="587" />
  </mem-info>
</gc-start>
<allocation-stats totalBytes="1104440" >
  <allocated-bytes non-tlh="62784" tlh="1041656" />
  <largest-consumer threadName="main" threadId="0000000001164F00" bytes="1100344" />
</allocation-stats>
<gc-op id="107" type="scavenge" timems="1.064" contextid="104" timestamp="2019-08-09T18:04:24.393">
  <scavenger-info tenureage="3" tenuremask="ffe8" tiltratio="59" />
  <memory-copied type="nursery" objects="2310" bytes="295000" bytesdiscarded="19664" />
  <references type="soft" candidates="3" cleared="0" enqueued="0" dynamicThreshold="28" maxThreshold="32" />
  <references type="weak" candidates="33" cleared="31" enqueued="31" />
  <references type="phantom" candidates="7" cleared="0" enqueued="0" />
</gc-op>
<gc-end id="108" type="scavenge" contextid="104" durationms="1.124" usertimems="2.092" systemtimems="0.657" timestamp="2019-08-09T18:04:24.393" activeThreads="16">
  <mem-info id="109" free="6563112" total="8519680" percent="77">
    <mem type="nursery" free="995976" total="2097152" percent="47">
      <mem type="allocate" free="995976" total="1310720" percent="75" />
      <mem type="survivor" free="0" total="786432" percent="0" />
    </mem>
    <mem type="tenure" free="5567136" total="6422528" percent="86">
      <mem type="soa" free="5246624" total="6102016" percent="85" />
      <mem type="loa" free="320512" total="320512" percent="100" />
    </mem>
    <pending-finalizers system="0" default="0" reference="31" classloader="0" />
    <remembered-set count="582" />
  </mem-info>
</gc-end>
<cycle-end id="110" type="scavenge" contextid="104" timestamp="2019-08-09T18:04:24.393" />
  <attribute name="elasticGC enabled" value="1" />
  <attribute name= "numThreadsSpecified" value="16" />
  <attribute name="heapSize specified" value="8388608" />
  <attribute name="Current GC Util" value="16" />
  <attribute name= "Current Time Running" value="261" />
  <attribute name ="GC Interval" value="2121" />
  <attribute name="Target GC Util Change" value ="80.000000" />
  <attribute name="Current GC Util Change" value="16.000000"/>
  <attribute name="Current Error" value="93.000000" />
  <attribute name="Output H" value="8595472"/>
  <attribute name="Output I" value="2120"/>
  <attribute name="Output T" value="16"/>
  <attribute name= "Current Time Running" value="261" />
  <attribute name="GC Util currently" value="16" />
  <attribute name="CPU Util currently" value="10" />
<allocation-satisfied id="111" threadId="0000000001164F00" bytesRequested="1872" />
<af-end id="112" timestamp="2019-08-09T18:04:24.393" threadId="0000000001165888" success="true" from="nursery"/>
<exclusive-end id="113" timestamp="2019-08-09T18:04:24.393" durationms="1.298" />

<exclusive-start id="114" timestamp="2019-08-09T18:04:24.414" intervalms="22.550">
  <response-info timems="0.026" idlems="0.026" threads="0" lastid="0000000001164F00" lastname="main" />
</exclusive-start>
<af-start id="115" threadId="0000000001165888" totalBytesRequested="1264" timestamp="2019-08-09T18:04:24.414" intervalms="22.552" type="nursery" />
<cycle-start id="116" type="scavenge" contextid="0" timestamp="2019-08-09T18:04:24.414" intervalms="22.554" />
<gc-start id="117" type="scavenge" contextid="116" timestamp="2019-08-09T18:04:24.414">
  <mem-info id="118" free="5533896" total="8519680" percent="64">
    <mem type="nursery" free="0" total="2097152" percent="0">
      <mem type="allocate" free="0" total="1310720" percent="0" />
      <mem type="survivor" free="0" total="786432" percent="0" />
    </mem>
    <mem type="tenure" free="5533896" total="6422528" percent="86">
      <mem type="soa" free="5213384" total="6102016" percent="85" />
      <mem type="loa" free="320512" total="320512" percent="100" />
    </mem>
    <remembered-set count="985" />
  </mem-info>
</gc-start>
<allocation-stats totalBytes="1021752" >
  <allocated-bytes non-tlh="66864" tlh="954888" />
  <largest-consumer threadName="main" threadId="0000000001164F00" bytes="1021752" />
</allocation-stats>
<gc-op id="119" type="scavenge" timems="2.073" contextid="116" timestamp="2019-08-09T18:04:24.416">
  <scavenger-info tenureage="3" tenuremask="fff8" tiltratio="62" />
  <memory-copied type="nursery" objects="2477" bytes="354408" bytesdiscarded="61184" />
  <references type="soft" candidates="3" cleared="0" enqueued="0" dynamicThreshold="28" maxThreshold="32" />
  <references type="weak" candidates="4" cleared="2" enqueued="2" />
  <references type="phantom" candidates="8" cleared="0" enqueued="0" />
</gc-op>
<heap-resize id="120" type="expand" space="nursery" amount="131072" count="1" timems="0.014" reason="excessive time being spent scavenging" timestamp="2019-08-09T18:04:24.416" />
<gc-end id="121" type="scavenge" contextid="116" durationms="2.172" usertimems="2.955" systemtimems="1.358" timestamp="2019-08-09T18:04:24.416" activeThreads="16">
  <mem-info id="122" free="6691072" total="8650752" percent="77">
    <mem type="nursery" free="1157176" total="2228224" percent="51">
      <mem type="allocate" free="1157176" total="1572864" percent="73" />
      <mem type="survivor" free="0" total="655360" percent="0" />
    </mem>
    <mem type="tenure" free="5533896" total="6422528" percent="86">
      <mem type="soa" free="5213384" total="6102016" percent="85" />
      <mem type="loa" free="320512" total="320512" percent="100" />
    </mem>
    <pending-finalizers system="0" default="0" reference="2" classloader="0" />
    <remembered-set count="980" />
  </mem-info>
</gc-end>
<cycle-end id="123" type="scavenge" contextid="116" timestamp="2019-08-09T18:04:24.416" />
  <attribute name="elasticGC enabled" value="1" />
  <attribute name= "numThreadsSpecified" value="16" />
  <attribute name="heapSize specified" value="8388608" />
  <attribute name="Current GC Util" value="10" />
  <attribute name= "Current Time Running" value="284" />
  <attribute name ="GC Interval" value="2201" />
  <attribute name="Target GC Util Change" value ="80.000000" />
  <attribute name="Current GC Util Change" value="10.000000"/>
  <attribute name="Current Error" value="163.000000" />
  <attribute name="Output H" value="8595552"/>
  <attribute name="Output I" value="2200"/>
  <attribute name="Output T" value="16"/>
  <attribute name= "Current Time Running" value="284" />
  <attribute name="GC Util currently" value="10" />
  <attribute name="CPU Util currently" value="11" />
<allocation-satisfied id="124" threadId="0000000001164F00" bytesRequested="1264" />
<af-end id="125" timestamp="2019-08-09T18:04:24.416" threadId="0000000001165888" success="true" from="nursery"/>
<exclusive-end id="126" timestamp="2019-08-09T18:04:24.416" durationms="2.311" />

<exclusive-start id="127" timestamp="2019-08-09T18:04:24.461" intervalms="46.715">
  <response-info timems="0.017" idlems="0.017" threads="0" lastid="0000000001164F00" lastname="main" />
</exclusive-start>
<af-start id="128" threadId="0000000001165888" totalBytesRequested="16" timestamp="2019-08-09T18:04:24.461" intervalms="46.725" type="nursery" />
<cycle-start id="129" type="scavenge" contextid="0" timestamp="2019-08-09T18:04:24.461" intervalms="46.729" />
<gc-start id="130" type="scavenge" contextid="129" timestamp="2019-08-09T18:04:24.461">
  <mem-info id="131" free="5517112" total="8650752" percent="63">
    <mem type="nursery" free="0" total="2228224" percent="0">
      <mem type="allocate" free="0" total="1572864" percent="0" />
      <mem type="survivor" free="0" total="655360" percent="0" />
    </mem>
    <mem type="tenure" free="5517112" total="6422528" percent="85">
      <mem type="soa" free="5196600" total="6102016" percent="85" />
      <mem type="loa" free="320512" total="320512" percent="100" />
    </mem>
    <remembered-set count="1215" />
  </mem-info>
</gc-start>
<allocation-stats totalBytes="1172016" >
  <allocated-bytes non-tlh="18048" tlh="1153968" />
  <largest-consumer threadName="main" threadId="0000000001164F00" bytes="1172016" />
</allocation-stats>
<gc-op id="132" type="scavenge" timems="1.478" contextid="129" timestamp="2019-08-09T18:04:24.462">
  <scavenger-info tenureage="3" tenuremask="fff8" tiltratio="70" />
  <memory-copied type="nursery" objects="9964" bytes="638656" bytesdiscarded="16648" />
  <memory-copied type="tenure" objects="5779" bytes="147016" bytesdiscarded="0" />
  <copy-failed type="nursery" objects="5752" bytes="145784" />
  <references type="soft" candidates="1" cleared="0" enqueued="0" dynamicThreshold="28" maxThreshold="32" />
  <references type="weak" candidates="3" cleared="2" enqueued="2" />
  <references type="phantom" candidates="7" cleared="2" enqueued="2" />
</gc-op>
<gc-end id="133" type="scavenge" contextid="129" durationms="1.558" usertimems="1.743" systemtimems="1.607" timestamp="2019-08-09T18:04:24.462" activeThreads="16">
  <mem-info id="134" free="5715512" total="8650752" percent="66">
    <mem type="nursery" free="458752" total="2228224" percent="20">
      <mem type="allocate" free="458752" total="1114112" percent="41" />
      <mem type="survivor" free="0" total="1114112" percent="0" />
    </mem>
    <mem type="tenure" free="5256760" total="6422528" percent="81">
      <mem type="soa" free="4936248" total="6102016" percent="80" />
      <mem type="loa" free="320512" total="320512" percent="100" />
    </mem>
    <pending-finalizers system="0" default="0" reference="4" classloader="0" />
    <remembered-set count="5752" />
  </mem-info>
</gc-end>
<cycle-end id="135" type="scavenge" contextid="129" timestamp="2019-08-09T18:04:24.462" />
  <attribute name="elasticGC enabled" value="1" />
  <attribute name= "numThreadsSpecified" value="16" />
  <attribute name="heapSize specified" value="8388608" />
  <attribute name="Current GC Util" value="9" />
  <attribute name= "Current Time Running" value="330" />
  <attribute name ="GC Interval" value="2097" />
  <attribute name="Target GC Util Change" value ="80.000000" />
  <attribute name="Current GC Util Change" value="9.000000"/>
  <attribute name="Current Error" value="71.000000" />
  <attribute name="Output H" value="8726520"/>
  <attribute name="Output I" value="2096"/>
  <attribute name="Output T" value="16"/>
  <attribute name= "Current Time Running" value="330" />
  <attribute name="GC Util currently" value="9" />
  <attribute name="CPU Util currently" value="15" />
<allocation-satisfied id="136" threadId="0000000001164F00" bytesRequested="16" />
<af-end id="137" timestamp="2019-08-09T18:04:24.462" threadId="0000000001165888" success="true" from="nursery"/>
<exclusive-end id="138" timestamp="2019-08-09T18:04:24.462" durationms="1.774" />

<exclusive-start id="139" timestamp="2019-08-09T18:04:24.480" intervalms="19.245">
  <response-info timems="0.040" idlems="0.040" threads="0" lastid="0000000001164F00" lastname="main" />
</exclusive-start>
<af-start id="140" threadId="0000000001165888" totalBytesRequested="24" timestamp="2019-08-09T18:04:24.480" intervalms="19.238" type="nursery" />
<cycle-start id="141" type="scavenge" contextid="0" timestamp="2019-08-09T18:04:24.480" intervalms="19.233" />
<gc-start id="142" type="scavenge" contextid="141" timestamp="2019-08-09T18:04:24.480">
  <mem-info id="143" free="5256728" total="8650752" percent="60">
    <mem type="nursery" free="0" total="2228224" percent="0">
      <mem type="allocate" free="0" total="1114112" percent="0" />
      <mem type="survivor" free="0" total="1114112" percent="0" />
    </mem>
    <mem type="tenure" free="5256728" total="6422528" percent="81">
      <mem type="soa" free="4936216" total="6102016" percent="80" />
      <mem type="loa" free="320512" total="320512" percent="100" />
    </mem>
    <remembered-set count="5754" />
  </mem-info>
</gc-start>
<allocation-stats totalBytes="458576" >
  <allocated-bytes non-tlh="67328" tlh="391248" />
  <largest-consumer threadName="main" threadId="0000000001164F00" bytes="458576" />
</allocation-stats>
<gc-op id="144" type="scavenge" timems="1.427" contextid="141" timestamp="2019-08-09T18:04:24.481">
  <scavenger-info tenureage="3" tenuremask="ffe8" tiltratio="50" />
  <memory-copied type="nursery" objects="18090" bytes="701344" bytesdiscarded="87672" />
  <memory-copied type="tenure" objects="1400" bytes="254856" bytesdiscarded="408" />
  <references type="phantom" candidates="3" cleared="2" enqueued="2" />
</gc-op>
<gc-end id="145" type="scavenge" contextid="141" durationms="1.507" usertimems="2.913" systemtimems="1.301" timestamp="2019-08-09T18:04:24.481" activeThreads="16">
  <mem-info id="146" free="5207688" total="8650752" percent="60">
    <mem type="nursery" free="325088" total="2228224" percent="14">
      <mem type="allocate" free="325088" total="1114112" percent="29" />
      <mem type="survivor" free="0" total="1114112" percent="0" />
    </mem>
    <mem type="tenure" free="4882600" total="6422528" percent="76">
      <mem type="soa" free="4562088" total="6102016" percent="74" />
      <mem type="loa" free="320512" total="320512" percent="100" />
    </mem>
    <pending-finalizers system="0" default="0" reference="2" classloader="0" />
    <remembered-set count="5226" />
  </mem-info>
</gc-end>
<cycle-end id="147" type="scavenge" contextid="141" timestamp="2019-08-09T18:04:24.482" />
  <attribute name="elasticGC enabled" value="1" />
  <attribute name= "numThreadsSpecified" value="16" />
  <attribute name="heapSize specified" value="8388608" />
  <attribute name="Current GC Util" value="18" />
  <attribute name= "Current Time Running" value="350" />
  <attribute name ="GC Interval" value="2169" />
  <attribute name="Target GC Util Change" value ="80.000000" />
  <attribute name="Current GC Util Change" value="18.000000"/>
  <attribute name="Current Error" value="133.000000" />
  <attribute name="Output H" value="8726592"/>
  <attribute name="Output I" value="2168"/>
  <attribute name="Output T" value="16"/>
  <attribute name= "Current Time Running" value="350" />
  <attribute name="GC Util currently" value="18" />
  <attribute name="CPU Util currently" value="4" />
<allocation-satisfied id="148" threadId="0000000001164F00" bytesRequested="24" />
<af-end id="149" timestamp="2019-08-09T18:04:24.482" threadId="0000000001165888" success="true" from="nursery"/>
<exclusive-end id="150" timestamp="2019-08-09T18:04:24.482" durationms="1.670" />

<exclusive-start id="151" timestamp="2019-08-09T18:04:24.494" intervalms="14.119">
  <response-info timems="0.038" idlems="0.038" threads="0" lastid="0000000001164F00" lastname="main" />
</exclusive-start>
<af-start id="152" threadId="0000000001165888" totalBytesRequested="39552" timestamp="2019-08-09T18:04:24.494" intervalms="14.120" type="nursery" />
<cycle-start id="153" type="scavenge" contextid="0" timestamp="2019-08-09T18:04:24.494" intervalms="14.121" />
<gc-start id="154" type="scavenge" contextid="153" timestamp="2019-08-09T18:04:24.494">
  <mem-info id="155" free="4882568" total="8650752" percent="56">
    <mem type="nursery" free="0" total="2228224" percent="0">
      <mem type="allocate" free="0" total="1114112" percent="0" />
      <mem type="survivor" free="0" total="1114112" percent="0" />
    </mem>
    <mem type="tenure" free="4882568" total="6422528" percent="76">
      <mem type="soa" free="4562056" total="6102016" percent="74" />
      <mem type="loa" free="320512" total="320512" percent="100" />
    </mem>
    <remembered-set count="5229" />
  </mem-info>
</gc-start>
<allocation-stats totalBytes="315304" >
  <allocated-bytes non-tlh="56" tlh="315248" />
  <largest-consumer threadName="main" threadId="0000000001164F00" bytes="315304" />
</allocation-stats>
<gc-op id="156" type="scavenge" timems="1.909" contextid="153" timestamp="2019-08-09T18:04:24.496">
  <scavenger-info tenureage="3" tenuremask="fff8" tiltratio="50" />
  <memory-copied type="nursery" objects="26313" bytes="858256" bytesdiscarded="99456" />
  <memory-copied type="tenure" objects="84" bytes="49232" bytesdiscarded="0" />
  <references type="phantom" candidates="2" cleared="1" enqueued="1" />
</gc-op>
<heap-resize id="157" type="expand" space="nursery" amount="131072" count="1" timems="0.016" reason="excessive time being spent scavenging" timestamp="2019-08-09T18:04:24.496" />
<gc-end id="158" type="scavenge" contextid="153" durationms="2.023" usertimems="5.553" systemtimems="0.020" timestamp="2019-08-09T18:04:24.496" activeThreads="16">
  <mem-info id="159" free="5035336" total="8781824" percent="57">
    <mem type="nursery" free="221928" total="2359296" percent="9">
      <mem type="allocate" free="221928" total="1179648" percent="18" />
      <mem type="survivor" free="0" total="1179648" percent="0" />
    </mem>
    <mem type="tenure" free="4813408" total="6422528" percent="74">
      <mem type="soa" free="4492896" total="6102016" percent="73" />
      <mem type="loa" free="320512" total="320512" percent="100" />
    </mem>
    <pending-finalizers system="0" default="0" reference="1" classloader="0" />
    <remembered-set count="5019" />
  </mem-info>
</gc-end>
<cycle-end id="160" type="scavenge" contextid="153" timestamp="2019-08-09T18:04:24.496" />
  <attribute name="elasticGC enabled" value="1" />
  <attribute name= "numThreadsSpecified" value="16" />
  <attribute name="heapSize specified" value="8388608" />
  <attribute name="Current GC Util" value="30" />
  <attribute name= "Current Time Running" value="364" />
  <attribute name ="GC Interval" value="2225" />
  <attribute name="Target GC Util Change" value ="80.000000" />
  <attribute name="Current GC Util Change" value="30.000000"/>
  <attribute name="Current Error" value="183.000000" />
  <attribute name="Output H" value="8726648"/>
  <attribute name="Output I" value="2224"/>
  <attribute name="Output T" value="16"/>
  <attribute name= "Current Time Running" value="364" />
  <attribute name="GC Util currently" value="30" />
  <attribute name="CPU Util currently" value="81598434944" />
<allocation-satisfied id="161" threadId="0000000001164F00" bytesRequested="39552" />
<af-end id="162" timestamp="2019-08-09T18:04:24.496" threadId="0000000001165888" success="true" from="nursery"/>
<exclusive-end id="163" timestamp="2019-08-09T18:04:24.496" durationms="2.201" />

<exclusive-start id="164" timestamp="2019-08-09T18:04:24.504" intervalms="9.859">
  <response-info timems="0.049" idlems="0.049" threads="0" lastid="0000000001164F00" lastname="main" />
</exclusive-start>
<af-start id="165" threadId="0000000001165888" totalBytesRequested="16" timestamp="2019-08-09T18:04:24.504" intervalms="9.850" type="nursery" />
<cycle-start id="166" type="scavenge" contextid="0" timestamp="2019-08-09T18:04:24.504" intervalms="9.847" />
<gc-start id="167" type="scavenge" contextid="166" timestamp="2019-08-09T18:04:24.504">
  <mem-info id="168" free="4813408" total="8781824" percent="54">
    <mem type="nursery" free="0" total="2359296" percent="0">
      <mem type="allocate" free="0" total="1179648" percent="0" />
      <mem type="survivor" free="0" total="1179648" percent="0" />
    </mem>
    <mem type="tenure" free="4813408" total="6422528" percent="74">
      <mem type="soa" free="4492896" total="6102016" percent="73" />
      <mem type="loa" free="320512" total="320512" percent="100" />
    </mem>
    <remembered-set count="5020" />
  </mem-info>
</gc-start>
<allocation-stats totalBytes="221904" >
  <allocated-bytes non-tlh="39552" tlh="182352" />
  <largest-consumer threadName="main" threadId="0000000001164F00" bytes="221904" />
</allocation-stats>
<gc-op id="169" type="scavenge" timems="2.052" contextid="166" timestamp="2019-08-09T18:04:24.506">
  <scavenger-info tenureage="2" tenuremask="fffc" tiltratio="50" />
  <memory-copied type="nursery" objects="14306" bytes="402784" bytesdiscarded="63008" />
  <memory-copied type="tenure" objects="17918" bytes="632064" bytesdiscarded="288" />
  <references type="phantom" candidates="1" cleared="1" enqueued="1" />
</gc-op>
<heap-resize id="170" type="expand" space="nursery" amount="262144" count="1" timems="0.015" reason="excessive time being spent scavenging" timestamp="2019-08-09T18:04:24.506" />
<gc-end id="171" type="scavenge" contextid="166" durationms="2.137" usertimems="5.932" systemtimems="0.126" timestamp="2019-08-09T18:04:24.506" activeThreads="16">
  <mem-info id="172" free="5038448" total="9043968" percent="55">
    <mem type="nursery" free="844928" total="2621440" percent="32">
      <mem type="allocate" free="844928" total="1310720" percent="64" />
      <mem type="survivor" free="0" total="1310720" percent="0" />
    </mem>
    <mem type="tenure" free="4193520" total="6422528" percent="65">
      <mem type="soa" free="3873008" total="6102016" percent="63" />
      <mem type="loa" free="320512" total="320512" percent="100" />
    </mem>
    <pending-finalizers system="0" default="0" reference="1" classloader="0" />
    <remembered-set count="96" />
  </mem-info>
</gc-end>
<cycle-end id="173" type="scavenge" contextid="166" timestamp="2019-08-09T18:04:24.506" />
  <attribute name="elasticGC enabled" value="1" />
  <attribute name= "numThreadsSpecified" value="16" />
  <attribute name="heapSize specified" value="8388608" />
  <attribute name="Current GC Util" value="54" />
  <attribute name= "Current Time Running" value="374" />
  <attribute name ="GC Interval" value="2257" />
  <attribute name="Target GC Util Change" value ="80.000000" />
  <attribute name="Current GC Util Change" value="54.000000"/>
  <attribute name="Current Error" value="209.000000" />
  <attribute name="Output H" value="8857752"/>
  <attribute name="Output I" value="2256"/>
  <attribute name="Output T" value="16"/>
  <attribute name= "Current Time Running" value="374" />
  <attribute name="GC Util currently" value="54" />
  <attribute name="CPU Util currently" value="117451436370" />
<allocation-satisfied id="174" threadId="0000000001164F00" bytesRequested="16" />
<af-end id="175" timestamp="2019-08-09T18:04:24.506" threadId="0000000001165888" success="true" from="nursery"/>
<exclusive-end id="176" timestamp="2019-08-09T18:04:24.506" durationms="2.288" />

<exclusive-start id="177" timestamp="2019-08-09T18:04:24.530" intervalms="26.043">
  <response-info timems="0.053" idlems="0.053" threads="0" lastid="0000000001164F00" lastname="main" />
</exclusive-start>
<af-start id="178" threadId="0000000001165888" totalBytesRequested="48" timestamp="2019-08-09T18:04:24.530" intervalms="26.058" type="nursery" />
<cycle-start id="179" type="scavenge" contextid="0" timestamp="2019-08-09T18:04:24.530" intervalms="26.063" />
<gc-start id="180" type="scavenge" contextid="179" timestamp="2019-08-09T18:04:24.530">
  <mem-info id="181" free="4193480" total="9043968" percent="46">
    <mem type="nursery" free="0" total="2621440" percent="0">
      <mem type="allocate" free="0" total="1310720" percent="0" />
      <mem type="survivor" free="0" total="1310720" percent="0" />
    </mem>
    <mem type="tenure" free="4193480" total="6422528" percent="65">
      <mem type="soa" free="3872968" total="6102016" percent="63" />
      <mem type="loa" free="320512" total="320512" percent="100" />
    </mem>
    <remembered-set count="102" />
  </mem-info>
</gc-start>
<allocation-stats totalBytes="844696" >
  <allocated-bytes non-tlh="131824" tlh="712872" />
  <largest-consumer threadName="main" threadId="0000000001164F00" bytes="844696" />
</allocation-stats>
<gc-op id="182" type="scavenge" timems="2.824" contextid="179" timestamp="2019-08-09T18:04:24.533">
  <scavenger-info tenureage="2" tenuremask="fffc" tiltratio="50" />
  <memory-copied type="nursery" objects="25401" bytes="829584" bytesdiscarded="178264" />
  <memory-copied type="tenure" objects="8309" bytes="206200" bytesdiscarded="488" />
  <references type="phantom" candidates="3" cleared="3" enqueued="3" />
</gc-op>
<gc-end id="183" type="scavenge" contextid="179" durationms="2.897" usertimems="6.551" systemtimems="2.977" timestamp="2019-08-09T18:04:24.533" activeThreads="16">
  <mem-info id="184" free="4274488" total="9043968" percent="47">
    <mem type="nursery" free="302872" total="2621440" percent="11">
      <mem type="allocate" free="302872" total="1310720" percent="23" />
      <mem type="survivor" free="0" total="1310720" percent="0" />
    </mem>
    <mem type="tenure" free="3971616" total="6422528" percent="61">
      <mem type="soa" free="3651104" total="6102016" percent="59" />
      <mem type="loa" free="320512" total="320512" percent="100" />
    </mem>
    <pending-finalizers system="0" default="0" reference="3" classloader="0" />
    <remembered-set count="97" />
  </mem-info>
</gc-end>
<cycle-end id="185" type="scavenge" contextid="179" timestamp="2019-08-09T18:04:24.533" />
  <attribute name="elasticGC enabled" value="1" />
  <attribute name= "numThreadsSpecified" value="16" />
  <attribute name="heapSize specified" value="8388608" />
  <attribute name="Current GC Util" value="23" />
  <attribute name= "Current Time Running" value="400" />
  <attribute name ="GC Interval" value="2321" />
  <attribute name="Target GC Util Change" value ="80.000000" />
  <attribute name="Current GC Util Change" value="23.000000"/>
  <attribute name="Current Error" value="266.000000" />
  <attribute name="Output H" value="9119960"/>
  <attribute name="Output I" value="2320"/>
  <attribute name="Output T" value="16"/>
  <attribute name= "Current Time Running" value="400" />
  <attribute name="GC Util currently" value="23" />
  <attribute name="CPU Util currently" value="6" />
<allocation-satisfied id="186" threadId="0000000001164F00" bytesRequested="48" />
<af-end id="187" timestamp="2019-08-09T18:04:24.533" threadId="0000000001165888" success="true" from="nursery"/>
<exclusive-end id="188" timestamp="2019-08-09T18:04:24.533" durationms="3.067" />

<exclusive-start id="189" timestamp="2019-08-09T18:04:24.540" intervalms="10.154">
  <response-info timems="0.189" idlems="0.189" threads="0" lastid="0000000001164F00" lastname="main" />
</exclusive-start>
<af-start id="190" threadId="0000000001165888" totalBytesRequested="40" timestamp="2019-08-09T18:04:24.540" intervalms="10.147" type="nursery" />
<cycle-start id="191" type="scavenge" contextid="0" timestamp="2019-08-09T18:04:24.540" intervalms="10.143" />
<gc-start id="192" type="scavenge" contextid="191" timestamp="2019-08-09T18:04:24.540">
  <mem-info id="193" free="3971616" total="9043968" percent="43">
    <mem type="nursery" free="0" total="2621440" percent="0">
      <mem type="allocate" free="0" total="1310720" percent="0" />
      <mem type="survivor" free="0" total="1310720" percent="0" />
    </mem>
    <mem type="tenure" free="3971616" total="6422528" percent="61">
      <mem type="soa" free="3651104" total="6102016" percent="59" />
      <mem type="loa" free="320512" total="320512" percent="100" />
    </mem>
    <remembered-set count="99" />
  </mem-info>
</gc-start>
<allocation-stats totalBytes="302752" >
  <allocated-bytes non-tlh="48" tlh="302704" />
  <largest-consumer threadName="main" threadId="0000000001164F00" bytes="302752" />
</allocation-stats>
<gc-op id="194" type="scavenge" timems="1.527" contextid="191" timestamp="2019-08-09T18:04:24.542">
  <scavenger-info tenureage="1" tenuremask="fffe" tiltratio="50" />
  <memory-copied type="nursery" objects="6909" bytes="235104" bytesdiscarded="157792" />
  <memory-copied type="tenure" objects="24982" bytes="790016" bytesdiscarded="104" />
  <references type="phantom" candidates="1" cleared="1" enqueued="1" />
</gc-op>
<heap-resize id="195" type="expand" space="nursery" amount="262144" count="1" timems="0.024" reason="excessive time being spent scavenging" timestamp="2019-08-09T18:04:24.542" />
<gc-end id="196" type="scavenge" contextid="191" durationms="1.637" usertimems="6.072" systemtimems="0.000" timestamp="2019-08-09T18:04:24.542" activeThreads="16">
  <mem-info id="197" free="4276072" total="9306112" percent="45">
    <mem type="nursery" free="1048896" total="2883584" percent="36">
      <mem type="allocate" free="1048896" total="1441792" percent="72" />
      <mem type="survivor" free="0" total="1441792" percent="0" />
    </mem>
    <mem type="tenure" free="3227176" total="6422528" percent="50">
      <mem type="soa" free="2906664" total="6102016" percent="47" />
      <mem type="loa" free="320512" total="320512" percent="100" />
    </mem>
    <pending-finalizers system="0" default="0" reference="1" classloader="0" />
    <remembered-set count="100" />
  </mem-info>
</gc-end>
<cycle-end id="198" type="scavenge" contextid="191" timestamp="2019-08-09T18:04:24.542" />
  <attribute name="elasticGC enabled" value="1" />
  <attribute name= "numThreadsSpecified" value="16" />
  <attribute name="heapSize specified" value="8388608" />
  <attribute name="Current GC Util" value="94" />
  <attribute name= "Current Time Running" value="410" />
  <attribute name ="GC Interval" value="2305" />
  <attribute name="Target GC Util Change" value ="80.000000" />
  <attribute name="Current GC Util Change" value="94.000000"/>
  <attribute name="Current Error" value="252.000000" />
  <attribute name="Output H" value="9119944"/>
  <attribute name="Output I" value="2304"/>
  <attribute name="Output T" value="16"/>
  <attribute name= "Current Time Running" value="410" />
  <attribute name="GC Util currently" value="94" />
  <attribute name="CPU Util currently" value="113625603711" />
<allocation-satisfied id="199" threadId="0000000001164F00" bytesRequested="40" />
<af-end id="200" timestamp="2019-08-09T18:04:24.542" threadId="0000000001165888" success="true" from="nursery"/>
<exclusive-end id="201" timestamp="2019-08-09T18:04:24.542" durationms="1.811" />

<exclusive-start id="202" timestamp="2019-08-09T18:04:24.571" intervalms="30.710">
  <response-info timems="0.046" idlems="0.046" threads="0" lastid="0000000001164F00" lastname="main" />
</exclusive-start>
<af-start id="203" threadId="0000000001165888" totalBytesRequested="47328" timestamp="2019-08-09T18:04:24.571" intervalms="30.791" type="nursery" />
<cycle-start id="204" type="scavenge" contextid="0" timestamp="2019-08-09T18:04:24.571" intervalms="30.794" />
<gc-start id="205" type="scavenge" contextid="204" timestamp="2019-08-09T18:04:24.571">
  <mem-info id="206" free="3205840" total="9306112" percent="34">
    <mem type="nursery" free="0" total="2883584" percent="0">
      <mem type="allocate" free="0" total="1441792" percent="0" />
      <mem type="survivor" free="0" total="1441792" percent="0" />
    </mem>
    <mem type="tenure" free="3205840" total="6422528" percent="49">
      <mem type="soa" free="2885328" total="6102016" percent="47" />
      <mem type="loa" free="320512" total="320512" percent="100" />
    </mem>
    <remembered-set count="517" />
  </mem-info>
</gc-start>
<allocation-stats totalBytes="1044960" >
  <allocated-bytes non-tlh="87088" tlh="957872" />
  <largest-consumer threadName="main" threadId="0000000001164F00" bytes="1044960" />
</allocation-stats>
<gc-op id="207" type="scavenge" timems="1.870" contextid="204" timestamp="2019-08-09T18:04:24.573">
  <scavenger-info tenureage="1" tenuremask="7ffe" tiltratio="50" />
  <memory-copied type="nursery" objects="10691" bytes="356904" bytesdiscarded="82368" />
  <memory-copied type="tenure" objects="6540" bytes="206928" bytesdiscarded="72" />
  <references type="weak" candidates="5" cleared="5" enqueued="5" />
  <references type="phantom" candidates="1" cleared="1" enqueued="1" />
</gc-op>
<gc-end id="208" type="scavenge" contextid="204" durationms="1.968" usertimems="2.574" systemtimems="1.781" timestamp="2019-08-09T18:04:24.573" activeThreads="16">
  <mem-info id="209" free="4204688" total="9306112" percent="45">
    <mem type="nursery" free="1199096" total="2883584" percent="41">
      <mem type="allocate" free="1199096" total="1638400" percent="73" />
      <mem type="survivor" free="0" total="1245184" percent="0" />
    </mem>
    <mem type="tenure" free="3005592" total="6422528" percent="46">
      <mem type="soa" free="2685080" total="6102016" percent="44" />
      <mem type="loa" free="320512" total="320512" percent="100" />
    </mem>
    <pending-finalizers system="0" default="0" reference="6" classloader="0" />
    <remembered-set count="515" />
  </mem-info>
</gc-end>
<cycle-end id="210" type="scavenge" contextid="204" timestamp="2019-08-09T18:04:24.573" />
  <attribute name="elasticGC enabled" value="1" />
  <attribute name= "numThreadsSpecified" value="16" />
  <attribute name="heapSize specified" value="8388608" />
  <attribute name="Current GC Util" value="18" />
  <attribute name= "Current Time Running" value="441" />
  <attribute name ="GC Interval" value="2081" />
  <attribute name="Target GC Util Change" value ="80.000000" />
  <attribute name="Current GC Util Change" value="18.000000"/>
  <attribute name="Current Error" value="62.000000" />
  <attribute name="Output H" value="9381864"/>
  <attribute name="Output I" value="2080"/>
  <attribute name="Output T" value="16"/>
  <attribute name= "Current Time Running" value="441" />
  <attribute name="GC Util currently" value="18" />
  <attribute name="CPU Util currently" value="6" />
<allocation-satisfied id="211" threadId="0000000001164F00" bytesRequested="47328" />
<af-end id="212" timestamp="2019-08-09T18:04:24.573" threadId="0000000001165888" success="true" from="nursery"/>
<exclusive-end id="213" timestamp="2019-08-09T18:04:24.573" durationms="2.198" />

<exclusive-start id="214" timestamp="2019-08-09T18:04:24.693" intervalms="121.952">
  <response-info timems="0.051" idlems="0.051" threads="0" lastid="0000000001164F00" lastname="main" />
</exclusive-start>
<af-start id="215" threadId="0000000001165888" totalBytesRequested="80" timestamp="2019-08-09T18:04:24.693" intervalms="121.870" type="nursery" />
<cycle-start id="216" type="scavenge" contextid="0" timestamp="2019-08-09T18:04:24.693" intervalms="121.917" />
<gc-start id="217" type="scavenge" contextid="216" timestamp="2019-08-09T18:04:24.693">
  <mem-info id="218" free="2982504" total="9306112" percent="32">
    <mem type="nursery" free="0" total="2883584" percent="0">
      <mem type="allocate" free="0" total="1638400" percent="0" />
      <mem type="survivor" free="0" total="1245184" percent="0" />
    </mem>
    <mem type="tenure" free="2982504" total="6422528" percent="46">
      <mem type="soa" free="2661992" total="6102016" percent="43" />
      <mem type="loa" free="320512" total="320512" percent="100" />
    </mem>
    <remembered-set count="797" />
  </mem-info>
</gc-start>
<allocation-stats totalBytes="1220208" >
  <allocated-bytes non-tlh="117744" tlh="1102464" />
  <largest-consumer threadName="main" threadId="0000000001164F00" bytes="1220208" />
</allocation-stats>
<gc-op id="219" type="scavenge" timems="1.802" contextid="216" timestamp="2019-08-09T18:04:24.695">
  <scavenger-info tenureage="1" tenuremask="7ffe" tiltratio="56" />
  <memory-copied type="nursery" objects="1110" bytes="86144" bytesdiscarded="30608" />
  <memory-copied type="tenure" objects="10555" bytes="353368" bytesdiscarded="48" />
  <references type="weak" candidates="2" cleared="2" enqueued="2" />
</gc-op>
<gc-end id="220" type="scavenge" contextid="216" durationms="1.873" usertimems="2.557" systemtimems="1.722" timestamp="2019-08-09T18:04:24.695" activeThreads="16">
  <mem-info id="221" free="4356664" total="9306112" percent="46">
    <mem type="nursery" free="1718232" total="2883584" percent="59">
      <mem type="allocate" free="1718232" total="1835008" percent="93" />
      <mem type="survivor" free="0" total="1048576" percent="0" />
    </mem>
    <mem type="tenure" free="2638432" total="6422528" percent="41">
      <mem type="soa" free="2317920" total="6102016" percent="37" />
      <mem type="loa" free="320512" total="320512" percent="100" />
    </mem>
    <pending-finalizers system="0" default="0" reference="2" classloader="0" />
    <remembered-set count="790" />
  </mem-info>
</gc-end>
<cycle-end id="222" type="scavenge" contextid="216" timestamp="2019-08-09T18:04:24.695" />
  <attribute name="elasticGC enabled" value="1" />
  <attribute name= "numThreadsSpecified" value="16" />
  <attribute name="heapSize specified" value="8388608" />
  <attribute name="Current GC Util" value="3" />
  <attribute name= "Current Time Running" value="562" />
  <attribute name ="GC Interval" value="2169" />
  <attribute name="Target GC Util Change" value ="80.000000" />
  <attribute name="Current GC Util Change" value="3.000000"/>
  <attribute name="Current Error" value="139.000000" />
  <attribute name="Output H" value="9381952"/>
  <attribute name="Output I" value="2168"/>
  <attribute name="Output T" value="16"/>
  <attribute name= "Current Time Running" value="562" />
  <attribute name="GC Util currently" value="3" />
  <attribute name="CPU Util currently" value="14" />
<allocation-satisfied id="223" threadId="0000000001164F00" bytesRequested="80" />
<af-end id="224" timestamp="2019-08-09T18:04:24.695" threadId="0000000001165888" success="true" from="nursery"/>
<exclusive-end id="225" timestamp="2019-08-09T18:04:24.695" durationms="2.115" />

<exclusive-start id="226" timestamp="2019-08-09T18:04:24.724" intervalms="31.504">
  <response-info timems="0.014" idlems="0.014" threads="0" lastid="0000000001164F00" lastname="main" />
</exclusive-start>
<af-start id="227" threadId="0000000001165888" totalBytesRequested="24" timestamp="2019-08-09T18:04:24.724" intervalms="31.510" type="nursery" />
<cycle-start id="228" type="scavenge" contextid="0" timestamp="2019-08-09T18:04:24.724" intervalms="31.461" />
<gc-start id="229" type="scavenge" contextid="228" timestamp="2019-08-09T18:04:24.724">
  <mem-info id="230" free="2624048" total="9306112" percent="28">
    <mem type="nursery" free="0" total="2883584" percent="0">
      <mem type="allocate" free="0" total="1835008" percent="0" />
      <mem type="survivor" free="0" total="1048576" percent="0" />
    </mem>
    <mem type="tenure" free="2624048" total="6422528" percent="40">
      <mem type="soa" free="2303536" total="6102016" percent="37" />
      <mem type="loa" free="320512" total="320512" percent="100" />
    </mem>
    <remembered-set count="987" />
  </mem-info>
</gc-start>
<allocation-stats totalBytes="1730472" >
  <allocated-bytes non-tlh="14464" tlh="1716008" />
  <largest-consumer threadName="main" threadId="0000000001164F00" bytes="1730472" />
</allocation-stats>
<gc-op id="231" type="scavenge" timems="1.799" contextid="228" timestamp="2019-08-09T18:04:24.726">
  <scavenger-info tenureage="2" tenuremask="7ffc" tiltratio="63" />
  <memory-copied type="nursery" objects="14992" bytes="968352" bytesdiscarded="80064" />
  <memory-copied type="tenure" objects="778" bytes="26480" bytesdiscarded="24" />
  <copy-failed type="nursery" objects="778" bytes="26480" />
</gc-op>
<gc-end id="232" type="scavenge" contextid="228" durationms="1.918" usertimems="1.681" systemtimems="4.004" timestamp="2019-08-09T18:04:24.726" activeThreads="16">
  <mem-info id="233" free="2980904" total="9306112" percent="32">
    <mem type="nursery" free="393216" total="2883584" percent="13">
      <mem type="allocate" free="393216" total="1441792" percent="27" />
      <mem type="survivor" free="0" total="1441792" percent="0" />
    </mem>
    <mem type="tenure" free="2587688" total="6422528" percent="40">
      <mem type="soa" free="2267176" total="6102016" percent="37" />
      <mem type="loa" free="320512" total="320512" percent="100" />
    </mem>
    <remembered-set count="905" />
  </mem-info>
</gc-end>
<cycle-end id="234" type="scavenge" contextid="228" timestamp="2019-08-09T18:04:24.726" />
  <attribute name="elasticGC enabled" value="1" />
  <attribute name= "numThreadsSpecified" value="16" />
  <attribute name="heapSize specified" value="8388608" />
  <attribute name="Current GC Util" value="13" />
  <attribute name= "Current Time Running" value="594" />
  <attribute name ="GC Interval" value="2249" />
  <attribute name="Target GC Util Change" value ="80.000000" />
  <attribute name="Current GC Util Change" value="13.000000"/>
  <attribute name="Current Error" value="206.000000" />
  <attribute name="Output H" value="9382032"/>
  <attribute name="Output I" value="2248"/>
  <attribute name="Output T" value="16"/>
  <attribute name= "Current Time Running" value="594" />
  <attribute name="GC Util currently" value="13" />
  <attribute name="CPU Util currently" value="36630902595" />
<allocation-satisfied id="235" threadId="0000000001164F00" bytesRequested="24" />
<af-end id="236" timestamp="2019-08-09T18:04:24.726" threadId="0000000001165888" success="true" from="nursery"/>
<exclusive-end id="237" timestamp="2019-08-09T18:04:24.726" durationms="2.074" />

<exclusive-start id="238" timestamp="2019-08-09T18:04:24.737" intervalms="12.372">
  <response-info timems="0.028" idlems="0.028" threads="0" lastid="0000000001164F00" lastname="main" />
</exclusive-start>
<af-start id="239" threadId="0000000001165888" totalBytesRequested="15264" timestamp="2019-08-09T18:04:24.737" intervalms="12.363" type="nursery" />
<cycle-start id="240" type="scavenge" contextid="0" timestamp="2019-08-09T18:04:24.737" intervalms="12.380" />
<gc-start id="241" type="scavenge" contextid="240" timestamp="2019-08-09T18:04:24.737">
  <mem-info id="242" free="2587688" total="9306112" percent="27">
    <mem type="nursery" free="0" total="2883584" percent="0">
      <mem type="allocate" free="0" total="1441792" percent="0" />
      <mem type="survivor" free="0" total="1441792" percent="0" />
    </mem>
    <mem type="tenure" free="2587688" total="6422528" percent="40">
      <mem type="soa" free="2267176" total="6102016" percent="37" />
      <mem type="loa" free="320512" total="320512" percent="100" />
    </mem>
    <remembered-set count="911" />
  </mem-info>
</gc-start>
<allocation-stats totalBytes="387184" >
  <allocated-bytes non-tlh="61056" tlh="326128" />
  <largest-consumer threadName="main" threadId="0000000001164F00" bytes="387184" />
</allocation-stats>
<gc-op id="243" type="scavenge" timems="1.741" contextid="240" timestamp="2019-08-09T18:04:24.738">
  <scavenger-info tenureage="1" tenuremask="7ffe" tiltratio="50" />
  <memory-copied type="nursery" objects="5433" bytes="318008" bytesdiscarded="71552" />
  <memory-copied type="tenure" objects="14859" bytes="966224" bytesdiscarded="744" />
</gc-op>
<heap-resize id="244" type="expand" space="nursery" amount="131072" count="1" timems="0.014" reason="excessive time being spent scavenging" timestamp="2019-08-09T18:04:24.739" />
<gc-end id="245" type="scavenge" contextid="240" durationms="1.870" usertimems="4.130" systemtimems="1.132" timestamp="2019-08-09T18:04:24.739" activeThreads="16">
  <mem-info id="246" free="2703360" total="9437184" percent="28">
    <mem type="nursery" free="1117720" total="3014656" percent="37">
      <mem type="allocate" free="1117720" total="1507328" percent="74" />
      <mem type="survivor" free="0" total="1507328" percent="0" />
    </mem>
    <mem type="tenure" free="1585640" total="6422528" percent="24">
      <mem type="soa" free="1265128" total="6102016" percent="20" />
      <mem type="loa" free="320512" total="320512" percent="100" />
    </mem>
    <remembered-set count="298" />
  </mem-info>
</gc-end>
<cycle-end id="247" type="scavenge" contextid="240" timestamp="2019-08-09T18:04:24.739" />
  <attribute name="elasticGC enabled" value="1" />
  <attribute name= "numThreadsSpecified" value="16" />
  <attribute name="heapSize specified" value="8388608" />
  <attribute name="Current GC Util" value="45" />
  <attribute name= "Current Time Running" value="606" />
  <attribute name ="GC Interval" value="2289" />
  <attribute name="Target GC Util Change" value ="80.000000" />
  <attribute name="Current GC Util Change" value="45.000000"/>
  <attribute name="Current Error" value="241.000000" />
  <attribute name="Output H" value="9382072"/>
  <attribute name="Output I" value="2288"/>
  <attribute name="Output T" value="16"/>
  <attribute name= "Current Time Running" value="606" />
  <attribute name="GC Util currently" value="45" />
  <attribute name="CPU Util currently" value="92783682636" />
<allocation-satisfied id="248" threadId="0000000001164F00" bytesRequested="15264" />
<af-end id="249" timestamp="2019-08-09T18:04:24.739" threadId="0000000001165888" success="true" from="nursery"/>
<exclusive-end id="250" timestamp="2019-08-09T18:04:24.739" durationms="2.083" />

<exclusive-start id="251" timestamp="2019-08-09T18:04:24.757" intervalms="20.435">
  <response-info timems="0.011" idlems="0.011" threads="0" lastid="0000000001164F00" lastname="main" />
</exclusive-start>
<af-start id="252" threadId="0000000001165888" totalBytesRequested="9432" timestamp="2019-08-09T18:04:24.757" intervalms="20.435" type="nursery" />
<cycle-start id="253" type="scavenge" contextid="0" timestamp="2019-08-09T18:04:24.757" intervalms="20.433" />
<gc-start id="254" type="scavenge" contextid="253" timestamp="2019-08-09T18:04:24.757">
  <mem-info id="255" free="1585640" total="9437184" percent="16">
    <mem type="nursery" free="0" total="3014656" percent="0">
      <mem type="allocate" free="0" total="1507328" percent="0" />
      <mem type="survivor" free="0" total="1507328" percent="0" />
    </mem>
    <mem type="tenure" free="1585640" total="6422528" percent="24">
      <mem type="soa" free="1265128" total="6102016" percent="20" />
      <mem type="loa" free="320512" total="320512" percent="100" />
    </mem>
    <remembered-set count="314" />
  </mem-info>
</gc-start>
<allocation-stats totalBytes="1110328" >
  <allocated-bytes non-tlh="320424" tlh="789904" />
  <largest-consumer threadName="main" threadId="0000000001164F00" bytes="1110328" />
</allocation-stats>
<gc-op id="256" type="scavenge" timems="1.443" contextid="253" timestamp="2019-08-09T18:04:24.759">
  <scavenger-info tenureage="1" tenuremask="7ffe" tiltratio="50" />
  <memory-copied type="nursery" objects="12826" bytes="942088" bytesdiscarded="344696" />
  <memory-copied type="tenure" objects="5273" bytes="315448" bytesdiscarded="568" />
</gc-op>
<gc-end id="257" type="scavenge" contextid="253" durationms="1.533" usertimems="5.604" systemtimems="0.000" timestamp="2019-08-09T18:04:24.759" activeThreads="16">
  <mem-info id="258" free="1358560" total="9437184" percent="14">
    <mem type="nursery" free="220432" total="3014656" percent="7">
      <mem type="allocate" free="220432" total="1507328" percent="14" />
      <mem type="survivor" free="0" total="1507328" percent="0" />
    </mem>
    <mem type="tenure" free="1138128" total="6422528" percent="17">
      <mem type="soa" free="817616" total="6102016" percent="13" />
      <mem type="loa" free="320512" total="320512" percent="100" />
    </mem>
    <remembered-set count="127" />
  </mem-info>
</gc-end>
<cycle-end id="259" type="scavenge" contextid="253" timestamp="2019-08-09T18:04:24.759" />
  <attribute name="elasticGC enabled" value="1" />
  <attribute name= "numThreadsSpecified" value="16" />
  <attribute name="heapSize specified" value="8388608" />
  <attribute name="Current GC Util" value="26" />
  <attribute name= "Current Time Running" value="627" />
  <attribute name ="GC Interval" value="2353" />
  <attribute name="Target GC Util Change" value ="80.000000" />
  <attribute name="Current GC Util Change" value="26.000000"/>
  <attribute name="Current Error" value="295.000000" />
  <attribute name="Output H" value="9513208"/>
  <attribute name="Output I" value="2352"/>
  <attribute name="Output T" value="16"/>
  <attribute name= "Current Time Running" value="627" />
  <attribute name="GC Util currently" value="26" />
  <attribute name="CPU Util currently" value="56583427140" />
<allocation-satisfied id="260" threadId="0000000001164F00" bytesRequested="9432" />
<af-end id="261" timestamp="2019-08-09T18:04:24.759" threadId="0000000001165888" success="true" from="nursery"/>
<exclusive-end id="262" timestamp="2019-08-09T18:04:24.759" durationms="1.751" />

<exclusive-start id="263" timestamp="2019-08-09T18:04:24.763" intervalms="5.578">
  <response-info timems="0.012" idlems="0.012" threads="0" lastid="0000000001164F00" lastname="main" />
</exclusive-start>
<af-start id="264" threadId="0000000001165888" totalBytesRequested="16" timestamp="2019-08-09T18:04:24.763" intervalms="5.571" type="nursery" />
<cycle-start id="265" type="scavenge" contextid="0" timestamp="2019-08-09T18:04:24.763" intervalms="5.570" />
<gc-start id="266" type="scavenge" contextid="265" timestamp="2019-08-09T18:04:24.763">
  <mem-info id="267" free="1138128" total="9437184" percent="12">
    <mem type="nursery" free="0" total="3014656" percent="0">
      <mem type="allocate" free="0" total="1507328" percent="0" />
      <mem type="survivor" free="0" total="1507328" percent="0" />
    </mem>
    <mem type="tenure" free="1138128" total="6422528" percent="17">
      <mem type="soa" free="817616" total="6102016" percent="13" />
      <mem type="loa" free="320512" total="320512" percent="100" />
    </mem>
    <remembered-set count="130" />
  </mem-info>
</gc-start>
<allocation-stats totalBytes="220408" >
  <allocated-bytes non-tlh="76712" tlh="143696" />
  <largest-consumer threadName="main" threadId="0000000001164F00" bytes="220408" />
</allocation-stats>
<gc-op id="268" type="scavenge" timems="1.957" contextid="265" timestamp="2019-08-09T18:04:24.765">
  <scavenger-info tenureage="1" tenuremask="7ffe" tiltratio="50" />
  <memory-copied type="nursery" objects="2375" bytes="179784" bytesdiscarded="14200" />
  <memory-copied type="tenure" objects="12666" bytes="939528" bytesdiscarded="608" />
  <heap-resize type="expand" space="tenure" amount="131072" count="2" timems="0.383" reason="continue current collection" />
</gc-op>
<heap-resize id="269" type="expand" space="nursery" amount="524288" count="1" timems="0.042" reason="excessive time being spent scavenging" timestamp="2019-08-09T18:04:24.765" />
<gc-end id="270" type="scavenge" contextid="265" durationms="2.167" usertimems="3.168" systemtimems="2.425" timestamp="2019-08-09T18:04:24.765" activeThreads="16">
  <mem-info id="271" free="1912872" total="10092544" percent="18">
    <mem type="nursery" free="1575472" total="3538944" percent="44">
      <mem type="allocate" free="1575472" total="1769472" percent="89" />
      <mem type="survivor" free="0" total="1769472" percent="0" />
    </mem>
    <mem type="tenure" free="337400" total="6553600" percent="5">
      <mem type="soa" free="9720" total="6225920" percent="0" />
      <mem type="loa" free="327680" total="327680" percent="100" />
    </mem>
    <remembered-set count="114" />
  </mem-info>
</gc-end>
<cycle-end id="272" type="scavenge" contextid="265" timestamp="2019-08-09T18:04:24.765" />
  <attribute name="elasticGC enabled" value="1" />
  <attribute name= "numThreadsSpecified" value="16" />
  <attribute name="heapSize specified" value="8388608" />
  <attribute name="Current GC Util" value="101" />
  <attribute name= "Current Time Running" value="632" />
  <attribute name ="GC Interval" value="2329" />
  <attribute name="Target GC Util Change" value ="80.000000" />
  <attribute name="Current GC Util Change" value="101.000000"/>
  <attribute name="Current Error" value="274.000000" />
  <attribute name="Output H" value="9513184"/>
  <attribute name="Output I" value="2328"/>
  <attribute name="Output T" value="16"/>
  <attribute name= "Current Time Running" value="632" />
  <attribute name="GC Util currently" value="101" />
  <attribute name="CPU Util currently" value="206088977158" />
<allocation-satisfied id="273" threadId="0000000001164F00" bytesRequested="16" />
<af-end id="274" timestamp="2019-08-09T18:04:24.765" threadId="0000000001165888" success="true" from="nursery"/>
<exclusive-end id="275" timestamp="2019-08-09T18:04:24.765" durationms="2.324" />

<concurrent-kickoff id="276" timestamp="2019-08-09T18:04:24.857">
  <kickoff reason="threshold reached" targetBytes="1945108" thresholdFreeBytes="269119"  remainingFree="264864" tenureFreeBytes="336720" nurseryFreeBytes="264864" />
</concurrent-kickoff>
<exclusive-start id="277" timestamp="2019-08-09T18:04:24.858" intervalms="95.590">
  <response-info timems="0.889" idlems="0.343" threads="2" lastid="0000000001487600" lastname="node-0" />
</exclusive-start>
<cycle-start id="278" type="global" contextid="0" timestamp="2019-08-09T18:04:24.858" intervalms="504.803" />
<exclusive-end id="279" timestamp="2019-08-09T18:04:24.858" durationms="0.048" />

<exclusive-start id="280" timestamp="2019-08-09T18:04:25.103" intervalms="244.587">
  <response-info timems="0.533" idlems="0.533" threads="0" lastid="0000000001452F00" lastname="node-24" />
</exclusive-start>
<concurrent-collection-start id="281" timestamp="2019-08-09T18:04:25.103" intervalms="1059.036" >
  <concurrent-trace-info reason="card cleaning threshold reached" tracedByMutators="455940" tracedByHelpers="4050432" cardsCleaned="98" workStackOverflowCount="0" />
</concurrent-collection-start>
<gc-start id="282" type="global" contextid="278" timestamp="2019-08-09T18:04:25.103">
  <mem-info id="283" free="400272" total="10092544" percent="3">
    <mem type="nursery" free="64160" total="3538944" percent="1">
      <mem type="allocate" free="64160" total="1769472" percent="3" />
      <mem type="survivor" free="0" total="1769472" percent="0" />
    </mem>
    <mem type="tenure" free="336112" total="6553600" percent="5">
      <mem type="soa" free="8432" total="6225920" percent="0" />
      <mem type="loa" free="327680" total="327680" percent="100" />
    </mem>
    <remembered-set count="255" />
  </mem-info>
</gc-start>
<allocation-stats totalBytes="1508904" >
  <allocated-bytes non-tlh="238336" tlh="1270568" />
  <largest-consumer threadName="main" threadId="0000000001164F00" bytes="1043120" />
</allocation-stats>
<gc-op id="284" type="rs-scan" timems="2.052" contextid="278" timestamp="2019-08-09T18:04:25.105">
  <scan objectsFound="159" bytesTraced="862604" workStackOverflowCount="0" />
</gc-op>
<gc-op id="285" type="card-cleaning" timems="1.204" contextid="278" timestamp="2019-08-09T18:04:25.107">
  <card-cleaning cardsCleaned="11" bytesTraced="10500" workStackOverflowCount="0" />
</gc-op>
<gc-op id="286" type="mark" timems="2.961" contextid="278" timestamp="2019-08-09T18:04:25.110">
  <trace-info objectcount="379" scancount="333" scanbytes="8060" />
  <finalization candidates="13" enqueued="0" />
  <references type="soft" candidates="66" cleared="0" enqueued="0" dynamicThreshold="28" maxThreshold="32" />
  <references type="weak" candidates="132" cleared="2" enqueued="2" />
  <references type="phantom" candidates="39" cleared="2" enqueued="2" />
  <stringconstants candidates="3837" cleared="0"  />
</gc-op>
<gc-op id="287" type="sweep" timems="1.361" contextid="278" timestamp="2019-08-09T18:04:25.111" />
<mem-info id="288" free="1266432" total="10092544" percent="12">
  <mem type="nursery" free="569560" total="3538944" percent="16">
    <mem type="allocate" free="569560" total="1769472" percent="32" />
    <mem type="survivor" free="0" total="1769472" percent="0" />
  </mem>
  <mem type="tenure" free="696872" total="6553600" percent="10" micro-fragmented="6943" macro-fragmented="0">
    <mem type="soa" free="369192" total="6225920" percent="5" />
    <mem type="loa" free="327680" total="327680" percent="100" />
  </mem>
  <pending-finalizers system="0" default="0" reference="4" classloader="0" />
  <remembered-set count="252" />
</mem-info>
<gc-op id="289" type="compact" timems="71.029" contextid="278" timestamp="2019-08-09T18:04:25.182">
  <compact-info movecount="139104" movebytes="6614080" reason="compact to aid heap contraction" />
</gc-op>
<heap-resize id="290" type="expand" space="tenure" amount="131072" count="1" timems="0.018" reason="satisfy allocation request" timestamp="2019-08-09T18:04:25.187" />
<gc-end id="291" type="global" contextid="278" durationms="84.072" usertimems="95.903" systemtimems="9.386" timestamp="2019-08-09T18:04:25.187" activeThreads="16">
  <mem-info id="292" free="1553640" total="10223616" percent="15">
    <mem type="nursery" free="720848" total="3538944" percent="20">
      <mem type="allocate" free="720848" total="1769472" percent="40" />
      <mem type="survivor" free="0" total="1769472" percent="0" />
    </mem>
    <mem type="tenure" free="832792" total="6684672" percent="12">
      <mem type="soa" free="498968" total="6350848" percent="7" />
      <mem type="loa" free="333824" total="333824" percent="100" />
    </mem>
    <pending-finalizers system="0" default="0" reference="4" classloader="0" />
    <remembered-set count="252" />
  </mem-info>
</gc-end>
<cycle-end id="293" type="global" contextid="278" timestamp="2019-08-09T18:04:25.187" />
  <attribute name="elasticGC enabled" value="1" />
  <attribute name= "numThreadsSpecified" value="16" />
  <attribute name="heapSize specified" value="10092544" />
  <attribute name="Current GC Util" value="28" />
  <attribute name= "Current Time Running" value="1052" />
  <attribute name ="GC Interval" value="2329" />
  <attribute name="Target GC Util Change" value ="80.000000" />
  <attribute name="Current GC Util Change" value="28.000000"/>
  <attribute name="Current Error" value="52.000000" />
  <attribute name="Output H" value="10168288"/>
  <attribute name="Output I" value="2072"/>
  <attribute name="Output T" value="16"/>
  <attribute name= "Current Time Running" value="1052" />
  <attribute name="GC Util currently" value="28" />
  <attribute name="CPU Util currently" value="26" />
<concurrent-collection-end id="294" timestamp="2019-08-09T18:04:25.187" />
<exclusive-end id="295" timestamp="2019-08-09T18:04:25.187" durationms="84.470" />

<concurrent-kickoff id="296" timestamp="2019-08-09T18:04:26.329">
  <kickoff reason="threshold reached" targetBytes="2437872" thresholdFreeBytes="336999"  remainingFree="323536" tenureFreeBytes="832792" nurseryFreeBytes="323536" />
</concurrent-kickoff>
<exclusive-start id="297" timestamp="2019-08-09T18:04:26.329" intervalms="1226.398">
  <response-info timems="0.128" idlems="0.091" threads="1" lastid="000000000145A700" lastname="node-18" />
</exclusive-start>
<cycle-start id="298" type="global" contextid="0" timestamp="2019-08-09T18:04:26.329" intervalms="1470.971" />
<exclusive-end id="299" timestamp="2019-08-09T18:04:26.329" durationms="0.018" />

<exclusive-start id="300" timestamp="2019-08-09T18:04:26.726" intervalms="396.977">
  <response-info timems="0.611" idlems="0.611" threads="0" lastid="0000000001465B00" lastname="node-4" />
</exclusive-start>
<concurrent-collection-start id="301" timestamp="2019-08-09T18:04:26.726" intervalms="1623.193" >
  <concurrent-trace-info reason="card cleaning threshold reached" tracedByMutators="41208" tracedByHelpers="4438508" cardsCleaned="16" workStackOverflowCount="0" />
</concurrent-collection-start>
<gc-start id="302" type="global" contextid="298" timestamp="2019-08-09T18:04:26.726">
  <mem-info id="303" free="951528" total="10223616" percent="9">
    <mem type="nursery" free="118736" total="3538944" percent="3">
      <mem type="allocate" free="118736" total="1769472" percent="6" />
      <mem type="survivor" free="0" total="1769472" percent="0" />
    </mem>
    <mem type="tenure" free="832792" total="6684672" percent="12">
      <mem type="soa" free="498968" total="6350848" percent="7" />
      <mem type="loa" free="333824" total="333824" percent="100" />
    </mem>
    <remembered-set count="258" />
  </mem-info>
</gc-start>
<allocation-stats totalBytes="601496" >
  <allocated-bytes non-tlh="0" tlh="601496" />
  <largest-consumer threadName="node-0" threadId="0000000001487600" bytes="122840" />
</allocation-stats>
<gc-op id="304" type="rs-scan" timems="1.740" contextid="298" timestamp="2019-08-09T18:04:26.728">
  <scan objectsFound="169" bytesTraced="853004" workStackOverflowCount="0" />
</gc-op>
<gc-op id="305" type="card-cleaning" timems="0.838" contextid="298" timestamp="2019-08-09T18:04:26.729">
  <card-cleaning cardsCleaned="12" bytesTraced="21628" workStackOverflowCount="0" />
</gc-op>
<gc-op id="306" type="mark" timems="4.560" contextid="298" timestamp="2019-08-09T18:04:26.734">
  <trace-info objectcount="360" scancount="317" scanbytes="7476" />
  <finalization candidates="13" enqueued="0" />
  <references type="soft" candidates="66" cleared="0" enqueued="0" dynamicThreshold="3" maxThreshold="32" />
  <references type="weak" candidates="130" cleared="0" enqueued="0" />
  <references type="phantom" candidates="37" cleared="0" enqueued="0" />
  <stringconstants candidates="3837" cleared="0"  />
</gc-op>
<gc-op id="307" type="sweep" timems="2.664" contextid="298" timestamp="2019-08-09T18:04:26.736" />
<mem-info id="308" free="1551432" total="10223616" percent="15">
  <mem type="nursery" free="718640" total="3538944" percent="20">
    <mem type="allocate" free="718640" total="1769472" percent="40" />
    <mem type="survivor" free="0" total="1769472" percent="0" />
  </mem>
  <mem type="tenure" free="832792" total="6684672" percent="12" micro-fragmented="513" macro-fragmented="0">
    <mem type="soa" free="498968" total="6350848" percent="7" />
    <mem type="loa" free="333824" total="333824" percent="100" />
  </mem>
  <remembered-set count="251" />
</mem-info>
<gc-op id="309" type="compact" timems="75.660" contextid="298" timestamp="2019-08-09T18:04:26.812">
  <compact-info movecount="130292" movebytes="6050592" reason="compact to aid heap contraction" />
</gc-op>
<heap-resize id="310" type="expand" space="tenure" amount="131072" count="1" timems="0.022" reason="satisfy allocation request" timestamp="2019-08-09T18:04:26.813" />
<gc-end id="311" type="global" contextid="298" durationms="86.729" usertimems="87.783" systemtimems="12.199" timestamp="2019-08-09T18:04:26.813" activeThreads="16">
  <mem-info id="312" free="1685288" total="10354688" percent="16">
    <mem type="nursery" free="721160" total="3538944" percent="20">
      <mem type="allocate" free="721160" total="1769472" percent="40" />
      <mem type="survivor" free="0" total="1769472" percent="0" />
    </mem>
    <mem type="tenure" free="964128" total="6815744" percent="14">
      <mem type="soa" free="624160" total="6475776" percent="9" />
      <mem type="loa" free="339968" total="339968" percent="100" />
    </mem>
    <remembered-set count="251" />
  </mem-info>
</gc-end>
<cycle-end id="313" type="global" contextid="298" timestamp="2019-08-09T18:04:26.813" />
  <attribute name="elasticGC enabled" value="1" />
  <attribute name= "numThreadsSpecified" value="16" />
  <attribute name="heapSize specified" value="10223616" />
  <attribute name="Current GC Util" value="17" />
  <attribute name= "Current Time Running" value="2682" />
  <attribute name ="GC Interval" value="2329" />
  <attribute name="Target GC Util Change" value ="80.000000" />
  <attribute name="Current GC Util Change" value="17.000000"/>
  <attribute name="Current Error" value="116.000000" />
  <attribute name="Output H" value="10299432"/>
  <attribute name="Output I" value="2144"/>
  <attribute name="Output T" value="16"/>
  <attribute name= "Current Time Running" value="2682" />
  <attribute name="GC Util currently" value="17" />
  <attribute name="CPU Util currently" value="0" />
<concurrent-collection-end id="314" timestamp="2019-08-09T18:04:26.813" />
<exclusive-end id="315" timestamp="2019-08-09T18:04:26.813" durationms="87.091" />

<concurrent-kickoff id="316" timestamp="2019-08-09T18:04:27.401">
  <kickoff reason="threshold reached" targetBytes="2860059" thresholdFreeBytes="395287"  remainingFree="381192" tenureFreeBytes="964128" nurseryFreeBytes="381192" />
</concurrent-kickoff>
<exclusive-start id="317" timestamp="2019-08-09T18:04:27.401" intervalms="675.159">
  <response-info timems="0.658" idlems="0.658" threads="0" lastid="00000000014A9100" lastname="node-3" />
</exclusive-start>
<cycle-start id="318" type="global" contextid="0" timestamp="2019-08-09T18:04:27.401" intervalms="1072.137" />
<exclusive-end id="319" timestamp="2019-08-09T18:04:27.401" durationms="0.020" />

<exclusive-start id="320" timestamp="2019-08-09T18:04:27.946" intervalms="544.188">
  <response-info timems="0.691" idlems="0.691" threads="0" lastid="0000000001474A00" lastname="node-6" />
</exclusive-start>
<concurrent-collection-start id="321" timestamp="2019-08-09T18:04:27.946" intervalms="1219.304" >
  <concurrent-trace-info reason="card cleaning threshold reached" tracedByMutators="55464" tracedByHelpers="4427904" cardsCleaned="31" workStackOverflowCount="0" />
</concurrent-collection-start>
<gc-start id="322" type="global" contextid="318" timestamp="2019-08-09T18:04:27.946">
  <mem-info id="323" free="1099560" total="10354688" percent="10">
    <mem type="nursery" free="135432" total="3538944" percent="3">
      <mem type="allocate" free="135432" total="1769472" percent="7" />
      <mem type="survivor" free="0" total="1769472" percent="0" />
    </mem>
    <mem type="tenure" free="964128" total="6815744" percent="14">
      <mem type="soa" free="624160" total="6475776" percent="9" />
      <mem type="loa" free="339968" total="339968" percent="100" />
    </mem>
    <remembered-set count="254" />
  </mem-info>
</gc-start>
<allocation-stats totalBytes="585344" >
  <allocated-bytes non-tlh="0" tlh="585344" />
  <largest-consumer threadName="node-4" threadId="0000000001465B00" bytes="110488" />
</allocation-stats>
<gc-op id="324" type="rs-scan" timems="3.403" contextid="318" timestamp="2019-08-09T18:04:27.949">
  <scan objectsFound="158" bytesTraced="852404" workStackOverflowCount="0" />
</gc-op>
<gc-op id="325" type="card-cleaning" timems="2.520" contextid="318" timestamp="2019-08-09T18:04:27.952">
  <card-cleaning cardsCleaned="28" bytesTraced="28408" workStackOverflowCount="0" />
</gc-op>
<gc-op id="326" type="mark" timems="3.175" contextid="318" timestamp="2019-08-09T18:04:27.955">
  <trace-info objectcount="365" scancount="322" scanbytes="7548" />
  <finalization candidates="13" enqueued="0" />
  <references type="soft" candidates="66" cleared="0" enqueued="0" dynamicThreshold="4" maxThreshold="32" />
  <references type="weak" candidates="130" cleared="0" enqueued="0" />
  <references type="phantom" candidates="37" cleared="0" enqueued="0" />
  <stringconstants candidates="3837" cleared="0"  />
</gc-op>
<gc-op id="327" type="sweep" timems="2.185" contextid="318" timestamp="2019-08-09T18:04:27.957" />
<mem-info id="328" free="1679480" total="10354688" percent="16">
  <mem type="nursery" free="715352" total="3538944" percent="20">
    <mem type="allocate" free="715352" total="1769472" percent="40" />
    <mem type="survivor" free="0" total="1769472" percent="0" />
  </mem>
  <mem type="tenure" free="964128" total="6815744" percent="14" micro-fragmented="0" macro-fragmented="0">
    <mem type="soa" free="624160" total="6475776" percent="9" />
    <mem type="loa" free="339968" total="339968" percent="100" />
  </mem>
  <remembered-set count="251" />
</mem-info>
<gc-op id="329" type="compact" timems="20.690" contextid="318" timestamp="2019-08-09T18:04:27.978">
  <compact-info movecount="26452" movebytes="1633544" reason="compact to aid heap contraction" />
</gc-op>
<heap-resize id="330" type="expand" space="tenure" amount="131072" count="1" timems="0.020" reason="satisfy allocation request" timestamp="2019-08-09T18:04:27.978" />
<gc-end id="331" type="global" contextid="318" durationms="32.881" usertimems="28.902" systemtimems="16.247" timestamp="2019-08-09T18:04:27.978" activeThreads="1">
  <mem-info id="332" free="1817408" total="10485760" percent="17">
    <mem type="nursery" free="722160" total="3538944" percent="20">
      <mem type="allocate" free="722160" total="1769472" percent="40" />
      <mem type="survivor" free="0" total="1769472" percent="0" />
    </mem>
    <mem type="tenure" free="1095248" total="6946816" percent="15">
      <mem type="soa" free="748112" total="6599680" percent="11" />
      <mem type="loa" free="347136" total="347136" percent="100" />
    </mem>
    <remembered-set count="251" />
  </mem-info>
</gc-end>
<cycle-end id="333" type="global" contextid="318" timestamp="2019-08-09T18:04:27.979" />
  <attribute name="elasticGC enabled" value="1" />
  <attribute name= "numThreadsSpecified" value="1" />
  <attribute name="heapSize specified" value="10354688" />
  <attribute name="Current GC Util" value="36" />
  <attribute name= "Current Time Running" value="3847" />
  <attribute name ="GC Interval" value="2329" />
  <attribute name="Target GC Util Change" value ="80.000000" />
  <attribute name="Current GC Util Change" value="36.000000"/>
  <attribute name="Current Error" value="-21.000000" />
  <attribute name="Output H" value="10430344"/>
  <attribute name="Output I" value="1984"/>
  <attribute name="Output T" value="1"/>
  <attribute name= "Current Time Running" value="3847" />
  <attribute name="GC Util currently" value="36" />
  <attribute name="CPU Util currently" value="55660901273" />
<concurrent-collection-end id="334" timestamp="2019-08-09T18:04:27.979" />
<exclusive-end id="335" timestamp="2019-08-09T18:04:27.979" durationms="33.107" />

<concurrent-kickoff id="336" timestamp="2019-08-09T18:04:28.446">
  <kickoff reason="threshold reached" targetBytes="3220324" thresholdFreeBytes="445063"  remainingFree="443632" tenureFreeBytes="1095248" nurseryFreeBytes="443632" />
</concurrent-kickoff>
<exclusive-start id="337" timestamp="2019-08-09T18:04:28.446" intervalms="500.703">
  <response-info timems="0.574" idlems="0.574" threads="0" lastid="0000000001470E00" lastname="node-5" />
</exclusive-start>
<cycle-start id="338" type="global" contextid="0" timestamp="2019-08-09T18:04:28.446" intervalms="1044.897" />
<exclusive-end id="339" timestamp="2019-08-09T18:04:28.446" durationms="0.024" />

<exclusive-start id="340" timestamp="2019-08-09T18:04:28.948" intervalms="501.984">
  <response-info timems="0.247" idlems="0.247" threads="0" lastid="000000000146D200" lastname="node-1" />
</exclusive-start>
<concurrent-collection-start id="341" timestamp="2019-08-09T18:04:28.948" intervalms="1002.672" >
  <concurrent-trace-info reason="card cleaning threshold reached" tracedByMutators="115836" tracedByHelpers="4367700" cardsCleaned="34" workStackOverflowCount="0" />
</concurrent-collection-start>
<gc-start id="342" type="global" contextid="338" timestamp="2019-08-09T18:04:28.948">
  <mem-info id="343" free="1215296" total="10485760" percent="11">
    <mem type="nursery" free="120048" total="3538944" percent="3">
      <mem type="allocate" free="120048" total="1769472" percent="6" />
      <mem type="survivor" free="0" total="1769472" percent="0" />
    </mem>
    <mem type="tenure" free="1095248" total="6946816" percent="15">
      <mem type="soa" free="748112" total="6599680" percent="11" />
      <mem type="loa" free="347136" total="347136" percent="100" />
    </mem>
    <remembered-set count="252" />
  </mem-info>
</gc-start>
<allocation-stats totalBytes="601064" >
  <allocated-bytes non-tlh="0" tlh="601064" />
  <largest-consumer threadName="node-2" threadId="000000000149A100" bytes="90096" />
</allocation-stats>
<gc-op id="344" type="rs-scan" timems="6.095" contextid="338" timestamp="2019-08-09T18:04:28.954">
  <scan objectsFound="169" bytesTraced="853212" workStackOverflowCount="0" />
</gc-op>
<gc-op id="345" type="card-cleaning" timems="1.091" contextid="338" timestamp="2019-08-09T18:04:28.956">
  <card-cleaning cardsCleaned="19" bytesTraced="22968" workStackOverflowCount="0" />
</gc-op>
<gc-op id="346" type="mark" timems="5.989" contextid="338" timestamp="2019-08-09T18:04:28.962">
  <trace-info objectcount="361" scancount="318" scanbytes="7484" />
  <finalization candidates="13" enqueued="0" />
  <references type="soft" candidates="66" cleared="0" enqueued="0" dynamicThreshold="5" maxThreshold="32" />
  <references type="weak" candidates="130" cleared="0" enqueued="0" />
  <references type="phantom" candidates="37" cleared="0" enqueued="0" />
  <stringconstants candidates="3837" cleared="0"  />
</gc-op>
<gc-op id="347" type="sweep" timems="3.229" contextid="338" timestamp="2019-08-09T18:04:28.965" />
<mem-info id="348" free="1813344" total="10485760" percent="17">
  <mem type="nursery" free="718096" total="3538944" percent="20">
    <mem type="allocate" free="718096" total="1769472" percent="40" />
    <mem type="survivor" free="0" total="1769472" percent="0" />
  </mem>
  <mem type="tenure" free="1095248" total="6946816" percent="15" micro-fragmented="0" macro-fragmented="804784">
    <mem type="soa" free="748112" total="6599680" percent="11" />
    <mem type="loa" free="347136" total="347136" percent="100" />
  </mem>
  <remembered-set count="251" />
</mem-info>
<gc-op id="349" type="compact" timems="28.281" contextid="338" timestamp="2019-08-09T18:04:28.993">
  <compact-info movecount="34719" movebytes="2290072" reason="compact to aid heap contraction" />
</gc-op>
<heap-resize id="350" type="expand" space="tenure" amount="131072" count="1" timems="0.018" reason="satisfy allocation request" timestamp="2019-08-09T18:04:28.994" />
<gc-end id="351" type="global" contextid="338" durationms="45.570" usertimems="44.716" systemtimems="27.742" timestamp="2019-08-09T18:04:28.994" activeThreads="1">
  <mem-info id="352" free="1950176" total="10616832" percent="18">
    <mem type="nursery" free="723840" total="3538944" percent="20">
      <mem type="allocate" free="723840" total="1769472" percent="40" />
      <mem type="survivor" free="0" total="1769472" percent="0" />
    </mem>
    <mem type="tenure" free="1226336" total="7077888" percent="17">
      <mem type="soa" free="873056" total="6724608" percent="12" />
      <mem type="loa" free="353280" total="353280" percent="100" />
    </mem>
    <remembered-set count="251" />
  </mem-info>
</gc-end>
<cycle-end id="353" type="global" contextid="338" timestamp="2019-08-09T18:04:28.994" />
  <attribute name="elasticGC enabled" value="1" />
  <attribute name= "numThreadsSpecified" value="1" />
  <attribute name="heapSize specified" value="10485760" />
  <attribute name="Current GC Util" value="35" />
  <attribute name= "Current Time Running" value="4863" />
  <attribute name ="GC Interval" value="2329" />
  <attribute name="Target GC Util Change" value ="80.000000" />
  <attribute name="Current GC Util Change" value="35.000000"/>
  <attribute name="Current Error" value="-23.000000" />
  <attribute name="Output H" value="10561416"/>
  <attribute name="Output I" value="1984"/>
  <attribute name="Output T" value="1"/>
  <attribute name= "Current Time Running" value="4863" />
  <attribute name="GC Util currently" value="35" />
  <attribute name="CPU Util currently" value="40713437784" />
<concurrent-collection-end id="354" timestamp="2019-08-09T18:04:28.994" />
<exclusive-end id="355" timestamp="2019-08-09T18:04:28.994" durationms="45.854" />

<concurrent-kickoff id="356" timestamp="2019-08-09T18:04:29.285">
  <kickoff reason="threshold reached" targetBytes="3523469" thresholdFreeBytes="486965"  remainingFree="486272" tenureFreeBytes="1226336" nurseryFreeBytes="486272" />
</concurrent-kickoff>
<exclusive-start id="357" timestamp="2019-08-09T18:04:29.285" intervalms="337.069">
  <response-info timems="0.022" idlems="0.022" threads="0" lastid="0000000001470E00" lastname="node-5" />
</exclusive-start>
<cycle-start id="358" type="global" contextid="0" timestamp="2019-08-09T18:04:29.285" intervalms="839.046" />
<exclusive-end id="359" timestamp="2019-08-09T18:04:29.285" durationms="0.018" />

<exclusive-start id="360" timestamp="2019-08-09T18:04:29.635" intervalms="350.199">
  <response-info timems="0.530" idlems="0.530" threads="0" lastid="000000000149DD00" lastname="node-8" />
</exclusive-start>
<concurrent-collection-start id="361" timestamp="2019-08-09T18:04:29.636" intervalms="687.278" >
  <concurrent-trace-info reason="card cleaning threshold reached" tracedByMutators="29304" tracedByHelpers="4454196" cardsCleaned="38" workStackOverflowCount="0" />
</concurrent-collection-start>
<gc-start id="362" type="global" contextid="358" timestamp="2019-08-09T18:04:29.636">
  <mem-info id="363" free="1384928" total="10616832" percent="13">
    <mem type="nursery" free="158592" total="3538944" percent="4">
      <mem type="allocate" free="158592" total="1769472" percent="8" />
      <mem type="survivor" free="0" total="1769472" percent="0" />
    </mem>
    <mem type="tenure" free="1226336" total="7077888" percent="17">
      <mem type="soa" free="873056" total="6724608" percent="12" />
      <mem type="loa" free="353280" total="353280" percent="100" />
    </mem>
    <remembered-set count="252" />
  </mem-info>
</gc-start>
<allocation-stats totalBytes="564512" >
  <allocated-bytes non-tlh="0" tlh="564512" />
  <largest-consumer threadName="node-7" threadId="000000000144F300" bytes="73720" />
</allocation-stats>
<gc-op id="364" type="rs-scan" timems="3.646" contextid="358" timestamp="2019-08-09T18:04:29.639">
  <scan objectsFound="153" bytesTraced="852020" workStackOverflowCount="0" />
</gc-op>
<gc-op id="365" type="card-cleaning" timems="0.679" contextid="358" timestamp="2019-08-09T18:04:29.640">
  <card-cleaning cardsCleaned="33" bytesTraced="28740" workStackOverflowCount="0" />
</gc-op>
<gc-op id="366" type="mark" timems="6.190" contextid="358" timestamp="2019-08-09T18:04:29.646">
  <trace-info objectcount="368" scancount="325" scanbytes="7756" />
  <finalization candidates="13" enqueued="0" />
  <references type="soft" candidates="66" cleared="20" enqueued="16" dynamicThreshold="5" maxThreshold="32" />
  <references type="weak" candidates="130" cleared="0" enqueued="0" />
  <references type="phantom" candidates="37" cleared="0" enqueued="0" />
  <stringconstants candidates="3837" cleared="0"  />
</gc-op>
<gc-op id="367" type="sweep" timems="3.597" contextid="358" timestamp="2019-08-09T18:04:29.650" />
<mem-info id="368" free="1944832" total="10616832" percent="18">
  <mem type="nursery" free="718496" total="3538944" percent="20">
    <mem type="allocate" free="718496" total="1769472" percent="40" />
    <mem type="survivor" free="0" total="1769472" percent="0" />
  </mem>
  <mem type="tenure" free="1226336" total="7077888" percent="17" micro-fragmented="0" macro-fragmented="0">
    <mem type="soa" free="873056" total="6724608" percent="12" />
    <mem type="loa" free="353280" total="353280" percent="100" />
  </mem>
  <pending-finalizers system="0" default="0" reference="16" classloader="0" />
  <remembered-set count="252" />
</mem-info>
<gc-op id="369" type="compact" timems="77.882" contextid="358" timestamp="2019-08-09T18:04:29.728">
  <compact-info movecount="124789" movebytes="5626968" reason="compact to aid heap contraction" />
</gc-op>
<heap-resize id="370" type="expand" space="tenure" amount="131072" count="1" timems="0.019" reason="satisfy allocation request" timestamp="2019-08-09T18:04:29.729" />
<gc-end id="371" type="global" contextid="358" durationms="93.707" usertimems="89.589" systemtimems="19.520" timestamp="2019-08-09T18:04:29.729" activeThreads="16">
  <mem-info id="372" free="2082752" total="10747904" percent="19">
    <mem type="nursery" free="723032" total="3538944" percent="20">
      <mem type="allocate" free="723032" total="1769472" percent="40" />
      <mem type="survivor" free="0" total="1769472" percent="0" />
    </mem>
    <mem type="tenure" free="1359720" total="7208960" percent="18">
      <mem type="soa" free="999272" total="6848512" percent="14" />
      <mem type="loa" free="360448" total="360448" percent="100" />
    </mem>
    <pending-finalizers system="0" default="0" reference="16" classloader="0" />
    <remembered-set count="252" />
  </mem-info>
</gc-end>
<cycle-end id="373" type="global" contextid="358" timestamp="2019-08-09T18:04:29.729" />
  <attribute name="elasticGC enabled" value="1" />
  <attribute name= "numThreadsSpecified" value="16" />
  <attribute name="heapSize specified" value="10616832" />
  <attribute name="Current GC Util" value="20" />
  <attribute name= "Current Time Running" value="5598" />
  <attribute name ="GC Interval" value="2329" />
  <attribute name="Target GC Util Change" value ="80.000000" />
  <attribute name="Current GC Util Change" value="20.000000"/>
  <attribute name="Current Error" value="6.000000" />
  <attribute name="Output H" value="10692520"/>
  <attribute name="Output I" value="2016"/>
  <attribute name="Output T" value="16"/>
  <attribute name= "Current Time Running" value="5598" />
  <attribute name="GC Util currently" value="20" />
  <attribute name="CPU Util currently" value="14801974142" />
<concurrent-collection-end id="374" timestamp="2019-08-09T18:04:29.729" />
<exclusive-end id="375" timestamp="2019-08-09T18:04:29.729" durationms="93.874" />

<exclusive-start id="376" timestamp="2019-08-09T18:04:30.483" intervalms="847.567">
  <response-info timems="0.047" idlems="0.047" threads="0" lastid="0000000001492900" lastname="node-10" />
</exclusive-start>
<af-start id="377" threadId="0000000001493288" totalBytesRequested="32" timestamp="2019-08-09T18:04:30.483" intervalms="5720.459" type="nursery" />
<cycle-start id="378" type="scavenge" contextid="0" timestamp="2019-08-09T18:04:30.483" intervalms="5720.458" />
<gc-start id="379" type="scavenge" contextid="378" timestamp="2019-08-09T18:04:30.483">
  <mem-info id="380" free="1359720" total="10747904" percent="12">
    <mem type="nursery" free="0" total="3538944" percent="0">
      <mem type="allocate" free="0" total="1769472" percent="0" />
      <mem type="survivor" free="0" total="1769472" percent="0" />
    </mem>
    <mem type="tenure" free="1359720" total="7208960" percent="18">
      <mem type="soa" free="999272" total="6848512" percent="14" />
      <mem type="loa" free="360448" total="360448" percent="100" />
    </mem>
    <remembered-set count="269" />
  </mem-info>
</gc-start>
<allocation-stats totalBytes="722832" >
  <allocated-bytes non-tlh="0" tlh="722832" />
  <largest-consumer threadName="node-7" threadId="000000000144F300" bytes="90088" />
</allocation-stats>
<gc-op id="381" type="scavenge" timems="1.862" contextid="378" timestamp="2019-08-09T18:04:30.485">
  <scavenger-info tenureage="1" tenuremask="7ffe" tiltratio="50" />
  <memory-copied type="nursery" objects="14206" bytes="863872" bytesdiscarded="320720" />
  <memory-copied type="tenure" objects="2368" bytes="179616" bytesdiscarded="24" />
</gc-op>
<gc-end id="382" type="scavenge" contextid="378" durationms="1.991" usertimems="7.961" systemtimems="0.000" timestamp="2019-08-09T18:04:30.485" activeThreads="16">
  <mem-info id="383" free="1526248" total="10747904" percent="14">
    <mem type="nursery" free="584784" total="3538944" percent="16">
      <mem type="allocate" free="584784" total="1769472" percent="33" />
      <mem type="survivor" free="0" total="1769472" percent="0" />
    </mem>
    <mem type="tenure" free="941464" total="7208960" percent="13" macro-fragmented="851290">
      <mem type="soa" free="581016" total="6848512" percent="8" />
      <mem type="loa" free="360448" total="360448" percent="100" />
    </mem>
    <remembered-set count="217" />
  </mem-info>
</gc-end>
<cycle-end id="384" type="scavenge" contextid="378" timestamp="2019-08-09T18:04:30.485" />
  <attribute name="elasticGC enabled" value="1" />
  <attribute name= "numThreadsSpecified" value="16" />
  <attribute name="heapSize specified" value="10616832" />
  <attribute name="Current GC Util" value="10" />
  <attribute name= "Current Time Running" value="6353" />
  <attribute name ="GC Interval" value="2097" />
  <attribute name="Target GC Util Change" value ="80.000000" />
  <attribute name="Current GC Util Change" value="10.000000"/>
  <attribute name="Current Error" value="76.000000" />
  <attribute name="Output H" value="10823672"/>
  <attribute name="Output I" value="2096"/>
  <attribute name="Output T" value="16"/>
  <attribute name= "Current Time Running" value="6353" />
  <attribute name="GC Util currently" value="10" />
  <attribute name="CPU Util currently" value="17" />
<allocation-satisfied id="385" threadId="0000000001492900" bytesRequested="32" />
<af-end id="386" timestamp="2019-08-09T18:04:30.485" threadId="0000000001493288" success="true" from="nursery"/>
<exclusive-end id="387" timestamp="2019-08-09T18:04:30.485" durationms="2.371" />

<concurrent-kickoff id="388" timestamp="2019-08-09T18:04:30.486">
  <kickoff reason="threshold reached" targetBytes="3776174" thresholdFreeBytes="521899"  remainingFree="519216" tenureFreeBytes="941464" nurseryFreeBytes="519216" />
</concurrent-kickoff>
<exclusive-start id="389" timestamp="2019-08-09T18:04:30.486" intervalms="3.048">
  <response-info timems="0.090" idlems="0.090" threads="0" lastid="000000000146D200" lastname="node-1" />
</exclusive-start>
<cycle-start id="390" type="global" contextid="0" timestamp="2019-08-09T18:04:30.486" intervalms="1200.833" />
<exclusive-end id="391" timestamp="2019-08-09T18:04:30.486" durationms="0.037" />

<exclusive-start id="392" timestamp="2019-08-09T18:04:30.751" intervalms="265.051">
  <response-info timems="0.859" idlems="0.859" threads="0" lastid="0000000001492900" lastname="node-10" />
</exclusive-start>
<concurrent-collection-start id="393" timestamp="2019-08-09T18:04:30.751" intervalms="1115.714" >
  <concurrent-trace-info reason="card cleaning threshold reached" tracedByMutators="325700" tracedByHelpers="4302124" cardsCleaned="43" workStackOverflowCount="0" />
</concurrent-collection-start>
<gc-start id="394" type="global" contextid="390" timestamp="2019-08-09T18:04:30.751">
  <mem-info id="395" free="1124808" total="10747904" percent="10">
    <mem type="nursery" free="183344" total="3538944" percent="5">
      <mem type="allocate" free="183344" total="1769472" percent="10" />
      <mem type="survivor" free="0" total="1769472" percent="0" />
    </mem>
    <mem type="tenure" free="941464" total="7208960" percent="13">
      <mem type="soa" free="581016" total="6848512" percent="8" />
      <mem type="loa" free="360448" total="360448" percent="100" />
    </mem>
    <remembered-set count="235" />
  </mem-info>
</gc-start>
<allocation-stats totalBytes="401112" >
  <allocated-bytes non-tlh="32" tlh="401080" />
  <largest-consumer threadName="node-10" threadId="0000000001492900" bytes="40808" />
</allocation-stats>
<gc-op id="396" type="rs-scan" timems="3.048" contextid="390" timestamp="2019-08-09T18:04:30.754">
  <scan objectsFound="131" bytesTraced="9132" workStackOverflowCount="0" />
</gc-op>
<gc-op id="397" type="card-cleaning" timems="2.179" contextid="390" timestamp="2019-08-09T18:04:30.757">
  <card-cleaning cardsCleaned="30" bytesTraced="719384" workStackOverflowCount="0" />
</gc-op>
<gc-op id="398" type="mark" timems="4.546" contextid="390" timestamp="2019-08-09T18:04:30.761">
  <trace-info objectcount="367" scancount="324" scanbytes="7708" />
  <finalization candidates="13" enqueued="0" />
  <references type="soft" candidates="46" cleared="0" enqueued="0" dynamicThreshold="6" maxThreshold="32" />
  <references type="weak" candidates="130" cleared="0" enqueued="0" />
  <references type="phantom" candidates="37" cleared="0" enqueued="0" />
  <stringconstants candidates="3837" cleared="0"  />
</gc-op>
<gc-op id="399" type="sweep" timems="0.818" contextid="390" timestamp="2019-08-09T18:04:30.762" />
<mem-info id="400" free="2078656" total="10747904" percent="19">
  <mem type="nursery" free="898592" total="3538944" percent="25">
    <mem type="allocate" free="898592" total="1769472" percent="50" />
    <mem type="survivor" free="0" total="1769472" percent="0" />
  </mem>
  <mem type="tenure" free="1180064" total="7208960" percent="16" micro-fragmented="8193" macro-fragmented="0">
    <mem type="soa" free="819616" total="6848512" percent="11" />
    <mem type="loa" free="360448" total="360448" percent="100" />
  </mem>
  <remembered-set count="219" />
</mem-info>
<gc-op id="401" type="compact" timems="82.238" contextid="390" timestamp="2019-08-09T18:04:30.844">
  <compact-info movecount="139729" movebytes="6643216" reason="compact to aid heap contraction" />
</gc-op>
<heap-resize id="402" type="expand" space="tenure" amount="131072" count="1" timems="0.021" reason="satisfy allocation request" timestamp="2019-08-09T18:04:30.845" />
<gc-end id="403" type="global" contextid="390" durationms="94.097" usertimems="146.875" systemtimems="8.743" timestamp="2019-08-09T18:04:30.845" activeThreads="16">
  <mem-info id="404" free="2219312" total="10878976" percent="20">
    <mem type="nursery" free="905216" total="3538944" percent="25">
      <mem type="allocate" free="905216" total="1769472" percent="51" />
      <mem type="survivor" free="0" total="1769472" percent="0" />
    </mem>
    <mem type="tenure" free="1314096" total="7340032" percent="17">
      <mem type="soa" free="947504" total="6973440" percent="13" />
      <mem type="loa" free="366592" total="366592" percent="100" />
    </mem>
    <remembered-set count="219" />
  </mem-info>
</gc-end>
<cycle-end id="405" type="global" contextid="390" timestamp="2019-08-09T18:04:30.845" />
  <attribute name="elasticGC enabled" value="1" />
  <attribute name= "numThreadsSpecified" value="16" />
  <attribute name="heapSize specified" value="10747904" />
  <attribute name="Current GC Util" value="31" />
  <attribute name= "Current Time Running" value="6714" />
  <attribute name ="GC Interval" value="2097" />
  <attribute name="Target GC Util Change" value ="80.000000" />
  <attribute name="Current GC Util Change" value="31.000000"/>
  <attribute name="Current Error" value="49.000000" />
  <attribute name="Output H" value="10823640"/>
  <attribute name="Output I" value="2064"/>
  <attribute name="Output T" value="16"/>
  <attribute name= "Current Time Running" value="6714" />
  <attribute name="GC Util currently" value="31" />
  <attribute name="CPU Util currently" value="13998848988" />
<concurrent-collection-end id="406" timestamp="2019-08-09T18:04:30.845" />
<exclusive-end id="407" timestamp="2019-08-09T18:04:30.845" durationms="94.338" />

<exclusive-start id="408" timestamp="2019-08-09T18:04:31.444" intervalms="693.290">
  <response-info timems="0.296" idlems="0.296" threads="0" lastid="000000000149DD00" lastname="node-8" />
</exclusive-start>
<af-start id="409" threadId="000000000149E688" totalBytesRequested="24" timestamp="2019-08-09T18:04:31.444" intervalms="961.381" type="nursery" />
<cycle-start id="410" type="scavenge" contextid="0" timestamp="2019-08-09T18:04:31.445" intervalms="961.380" />
<gc-start id="411" type="scavenge" contextid="410" timestamp="2019-08-09T18:04:31.445">
  <mem-info id="412" free="1314096" total="10878976" percent="12">
    <mem type="nursery" free="0" total="3538944" percent="0">
      <mem type="allocate" free="0" total="1769472" percent="0" />
      <mem type="survivor" free="0" total="1769472" percent="0" />
    </mem>
    <mem type="tenure" free="1314096" total="7340032" percent="17">
      <mem type="soa" free="947504" total="6973440" percent="13" />
      <mem type="loa" free="366592" total="366592" percent="100" />
    </mem>
    <remembered-set count="227" />
  </mem-info>
</gc-start>
<allocation-stats totalBytes="904288" >
  <allocated-bytes non-tlh="0" tlh="904288" />
  <largest-consumer threadName="node-7" threadId="000000000144F300" bytes="102280" />
</allocation-stats>
<gc-op id="413" type="scavenge" timems="4.140" contextid="410" timestamp="2019-08-09T18:04:31.449">
  <scavenger-info tenureage="1" tenuremask="7ffe" tiltratio="50" />
  <memory-copied type="nursery" objects="80" bytes="2840" bytesdiscarded="77800" />
  <memory-copied type="tenure" objects="14109" bytes="861360" bytesdiscarded="968" />
  <heap-resize type="expand" space="tenure" amount="65536" count="1" timems="0.020" reason="continue current collection" />
</gc-op>
<gc-end id="414" type="scavenge" contextid="410" durationms="4.841" usertimems="5.600" systemtimems="7.447" timestamp="2019-08-09T18:04:31.449" activeThreads="16">
  <mem-info id="415" free="2154240" total="10944512" percent="19">
    <mem type="nursery" free="1754368" total="3538944" percent="49">
      <mem type="allocate" free="1754368" total="1835008" percent="95" />
      <mem type="survivor" free="0" total="1703936" percent="0" />
    </mem>
    <mem type="tenure" free="399872" total="7405568" percent="5" macro-fragmented="0">
      <mem type="soa" free="30208" total="7035904" percent="0" />
      <mem type="loa" free="369664" total="369664" percent="100" />
    </mem>
    <remembered-set count="285" />
  </mem-info>
</gc-end>
<cycle-end id="416" type="scavenge" contextid="410" timestamp="2019-08-09T18:04:31.450" />
  <attribute name="elasticGC enabled" value="1" />
  <attribute name= "numThreadsSpecified" value="16" />
  <attribute name="heapSize specified" value="10747904" />
  <attribute name="Current GC Util" value="13" />
  <attribute name= "Current Time Running" value="7314" />
  <attribute name ="GC Interval" value="2145" />
  <attribute name="Target GC Util Change" value ="80.000000" />
  <attribute name="Current GC Util Change" value="13.000000"/>
  <attribute name="Current Error" value="116.000000" />
  <attribute name="Output H" value="10954792"/>
  <attribute name="Output I" value="2144"/>
  <attribute name="Output T" value="16"/>
  <attribute name= "Current Time Running" value="7314" />
  <attribute name="GC Util currently" value="13" />
  <attribute name="CPU Util currently" value="12" />
<allocation-satisfied id="417" threadId="000000000149DD00" bytesRequested="24" />
<af-end id="418" timestamp="2019-08-09T18:04:31.450" threadId="000000000149E688" success="true" from="nursery"/>
<exclusive-end id="419" timestamp="2019-08-09T18:04:31.450" durationms="5.179" />

<concurrent-kickoff id="420" timestamp="2019-08-09T18:04:32.165">
  <kickoff reason="threshold reached" targetBytes="4046947" thresholdFreeBytes="559301"  remainingFree="550120" tenureFreeBytes="399872" nurseryFreeBytes="550120" />
</concurrent-kickoff>
<exclusive-start id="421" timestamp="2019-08-09T18:04:32.165" intervalms="720.914">
  <response-info timems="0.260" idlems="0.260" threads="0" lastid="000000000144B700" lastname="node-11" />
</exclusive-start>
<cycle-start id="422" type="global" contextid="0" timestamp="2019-08-09T18:04:32.165" intervalms="1679.236" />
<exclusive-end id="423" timestamp="2019-08-09T18:04:32.165" durationms="0.019" />

<exclusive-start id="424" timestamp="2019-08-09T18:04:32.369" intervalms="203.645">
  <response-info timems="0.112" idlems="0.112" threads="0" lastid="000000000145E300" lastname="node-12" />
</exclusive-start>
<concurrent-collection-start id="425" timestamp="2019-08-09T18:04:32.369" intervalms="1617.846" >
  <concurrent-trace-info reason="card cleaning threshold reached" tracedByMutators="389060" tracedByHelpers="4957616" cardsCleaned="79" workStackOverflowCount="0" />
</concurrent-collection-start>
<gc-start id="426" type="global" contextid="422" timestamp="2019-08-09T18:04:32.369">
  <mem-info id="427" free="577256" total="10944512" percent="5">
    <mem type="nursery" free="177384" total="3538944" percent="5">
      <mem type="allocate" free="177384" total="1835008" percent="9" />
      <mem type="survivor" free="0" total="1703936" percent="0" />
    </mem>
    <mem type="tenure" free="399872" total="7405568" percent="5">
      <mem type="soa" free="30208" total="7035904" percent="0" />
      <mem type="loa" free="369664" total="369664" percent="100" />
    </mem>
    <remembered-set count="364" />
  </mem-info>
</gc-start>
<allocation-stats totalBytes="1575744" >
  <allocated-bytes non-tlh="24" tlh="1575720" />
  <largest-consumer threadName="node-3" threadId="00000000014A9100" bytes="122880" />
</allocation-stats>
<gc-op id="428" type="rs-scan" timems="2.339" contextid="422" timestamp="2019-08-09T18:04:32.372">
  <scan objectsFound="118" bytesTraced="8208" workStackOverflowCount="0" />
</gc-op>
<gc-op id="429" type="card-cleaning" timems="1.600" contextid="422" timestamp="2019-08-09T18:04:32.373">
  <card-cleaning cardsCleaned="70" bytesTraced="34456" workStackOverflowCount="0" />
</gc-op>
<gc-op id="430" type="mark" timems="6.353" contextid="422" timestamp="2019-08-09T18:04:32.380">
  <trace-info objectcount="265" scancount="224" scanbytes="5844" />
  <finalization candidates="13" enqueued="0" />
  <references type="soft" candidates="46" cleared="1" enqueued="0" dynamicThreshold="5" maxThreshold="32" />
  <references type="weak" candidates="130" cleared="0" enqueued="0" />
  <references type="phantom" candidates="37" cleared="0" enqueued="0" />
  <stringconstants candidates="3837" cleared="0"  />
</gc-op>
<gc-op id="431" type="sweep" timems="4.388" contextid="422" timestamp="2019-08-09T18:04:32.384" />
<mem-info id="432" free="2322448" total="10944512" percent="21">
  <mem type="nursery" free="1805232" total="3538944" percent="51">
    <mem type="allocate" free="1805232" total="1835008" percent="98" />
    <mem type="survivor" free="0" total="1703936" percent="0" />
  </mem>
  <mem type="tenure" free="517216" total="7405568" percent="6" micro-fragmented="0" macro-fragmented="0">
    <mem type="soa" free="147552" total="7035904" percent="2" />
    <mem type="loa" free="369664" total="369664" percent="100" />
  </mem>
  <remembered-set count="331" />
</mem-info>
<gc-op id="433" type="compact" timems="65.120" contextid="422" timestamp="2019-08-09T18:04:32.449">
  <compact-info movecount="113130" movebytes="5435048" reason="compact to aid heap contraction" />
</gc-op>
<heap-resize id="434" type="expand" space="tenure" amount="131072" count="1" timems="0.018" reason="satisfy allocation request" timestamp="2019-08-09T18:04:32.451" />
<gc-end id="435" type="global" contextid="422" durationms="81.835" usertimems="65.439" systemtimems="29.790" timestamp="2019-08-09T18:04:32.451" activeThreads="16">
  <mem-info id="436" free="2480264" total="11075584" percent="22">
    <mem type="nursery" free="1828736" total="3538944" percent="51">
      <mem type="allocate" free="1828736" total="1835008" percent="99" />
      <mem type="survivor" free="0" total="1703936" percent="0" />
    </mem>
    <mem type="tenure" free="651528" total="7536640" percent="8">
      <mem type="soa" free="274696" total="7159808" percent="3" />
      <mem type="loa" free="376832" total="376832" percent="100" />
    </mem>
    <remembered-set count="331" />
  </mem-info>
</gc-end>
<cycle-end id="437" type="global" contextid="422" timestamp="2019-08-09T18:04:32.451" />
  <attribute name="elasticGC enabled" value="1" />
  <attribute name= "numThreadsSpecified" value="16" />
  <attribute name="heapSize specified" value="10944512" />
  <attribute name="Current GC Util" value="20" />
  <attribute name= "Current Time Running" value="8319" />
  <attribute name ="GC Interval" value="2145" />
  <attribute name="Target GC Util Change" value ="80.000000" />
  <attribute name="Current GC Util Change" value="20.000000"/>
  <attribute name="Current Error" value="-35.000000" />
  <attribute name="Output H" value="11020152"/>
  <attribute name="Output I" value="1968"/>
  <attribute name="Output T" value="16"/>
  <attribute name= "Current Time Running" value="8319" />
  <attribute name="GC Util currently" value="20" />
  <attribute name="CPU Util currently" value="17687332048" />
<concurrent-collection-end id="438" timestamp="2019-08-09T18:04:32.451" />
<exclusive-end id="439" timestamp="2019-08-09T18:04:32.451" durationms="82.072" />

<concurrent-kickoff id="440" timestamp="2019-08-09T18:04:33.054">
  <kickoff reason="threshold reached" targetBytes="4366965" thresholdFreeBytes="603410"  remainingFree="583552" tenureFreeBytes="651528" nurseryFreeBytes="583552" />
</concurrent-kickoff>
<exclusive-start id="441" timestamp="2019-08-09T18:04:33.054" intervalms="685.004">
  <response-info timems="0.277" idlems="0.277" threads="0" lastid="000000000149A100" lastname="node-2" />
</exclusive-start>
<cycle-start id="442" type="global" contextid="0" timestamp="2019-08-09T18:04:33.054" intervalms="888.676" />
<exclusive-end id="443" timestamp="2019-08-09T18:04:33.054" durationms="0.046" />

<exclusive-start id="444" timestamp="2019-08-09T18:04:33.337" intervalms="283.295">
  <response-info timems="0.375" idlems="0.375" threads="0" lastid="0000000001496500" lastname="node-15" />
</exclusive-start>
<concurrent-collection-start id="445" timestamp="2019-08-09T18:04:33.337" intervalms="968.290" >
  <concurrent-trace-info reason="card cleaning threshold reached" tracedByMutators="168936" tracedByHelpers="5182052" cardsCleaned="88" workStackOverflowCount="0" />
</concurrent-collection-start>
<gc-start id="446" type="global" contextid="442" timestamp="2019-08-09T18:04:33.338">
  <mem-info id="447" free="850056" total="11075584" percent="7">
    <mem type="nursery" free="198528" total="3538944" percent="5">
      <mem type="allocate" free="198528" total="1835008" percent="10" />
      <mem type="survivor" free="0" total="1703936" percent="0" />
    </mem>
    <mem type="tenure" free="651528" total="7536640" percent="8">
      <mem type="soa" free="274696" total="7159808" percent="3" />
      <mem type="loa" free="376832" total="376832" percent="100" />
    </mem>
    <remembered-set count="377" />
  </mem-info>
</gc-start>
<allocation-stats totalBytes="1626480" >
  <allocated-bytes non-tlh="0" tlh="1626480" />
  <largest-consumer threadName="node-11" threadId="000000000144B700" bytes="122864" />
</allocation-stats>
<gc-op id="448" type="rs-scan" timems="1.644" contextid="442" timestamp="2019-08-09T18:04:33.339">
  <scan objectsFound="113" bytesTraced="8976" workStackOverflowCount="0" />
</gc-op>
<gc-op id="449" type="card-cleaning" timems="1.147" contextid="442" timestamp="2019-08-09T18:04:33.340">
  <card-cleaning cardsCleaned="65" bytesTraced="28540" workStackOverflowCount="0" />
</gc-op>
<gc-op id="450" type="mark" timems="5.577" contextid="442" timestamp="2019-08-09T18:04:33.346">
  <trace-info objectcount="290" scancount="236" scanbytes="6068" />
  <finalization candidates="13" enqueued="0" />
  <references type="soft" candidates="45" cleared="0" enqueued="0" dynamicThreshold="2" maxThreshold="32" />
  <references type="weak" candidates="130" cleared="0" enqueued="0" />
  <references type="phantom" candidates="37" cleared="0" enqueued="0" />
  <stringconstants candidates="3837" cleared="0"  />
</gc-op>
<gc-op id="451" type="sweep" timems="3.394" contextid="442" timestamp="2019-08-09T18:04:33.350" />
<mem-info id="452" free="2464096" total="11075584" percent="22">
  <mem type="nursery" free="1812568" total="3538944" percent="51">
    <mem type="allocate" free="1812568" total="1835008" percent="98" />
    <mem type="survivor" free="0" total="1703936" percent="0" />
  </mem>
  <mem type="tenure" free="651528" total="7536640" percent="8" micro-fragmented="0" macro-fragmented="0">
    <mem type="soa" free="274696" total="7159808" percent="3" />
    <mem type="loa" free="376832" total="376832" percent="100" />
  </mem>
  <remembered-set count="344" />
</mem-info>
<gc-op id="453" type="compact" timems="22.695" contextid="442" timestamp="2019-08-09T18:04:33.374">
  <compact-info movecount="14074" movebytes="866128" reason="compact to aid heap contraction" />
</gc-op>
<heap-resize id="454" type="expand" space="tenure" amount="131072" count="1" timems="0.024" reason="satisfy allocation request" timestamp="2019-08-09T18:04:33.376" />
<gc-end id="455" type="global" contextid="442" durationms="38.352" usertimems="25.750" systemtimems="20.836" timestamp="2019-08-09T18:04:33.376" activeThreads="16">
  <mem-info id="456" free="2607408" total="11206656" percent="23">
    <mem type="nursery" free="1822608" total="3538944" percent="51">
      <mem type="allocate" free="1822608" total="1835008" percent="99" />
      <mem type="survivor" free="0" total="1703936" percent="0" />
    </mem>
    <mem type="tenure" free="784800" total="7667712" percent="10">
      <mem type="soa" free="401824" total="7284736" percent="5" />
      <mem type="loa" free="382976" total="382976" percent="100" />
    </mem>
    <remembered-set count="344" />
  </mem-info>
</gc-end>
<cycle-end id="457" type="global" contextid="442" timestamp="2019-08-09T18:04:33.376" />
  <attribute name="elasticGC enabled" value="1" />
  <attribute name= "numThreadsSpecified" value="16" />
  <attribute name="heapSize specified" value="11075584" />
  <attribute name="Current GC Util" value="47" />
  <attribute name= "Current Time Running" value="9244" />
  <attribute name ="GC Interval" value="2145" />
  <attribute name="Target GC Util Change" value ="80.000000" />
  <attribute name="Current GC Util Change" value="47.000000"/>
  <attribute name="Current Error" value="-36.000000" />
  <attribute name="Output H" value="11151224"/>
  <attribute name="Output I" value="1968"/>
  <attribute name="Output T" value="16"/>
  <attribute name= "Current Time Running" value="9244" />
  <attribute name="GC Util currently" value="47" />
  <attribute name="CPU Util currently" value="50447589855" />
<concurrent-collection-end id="458" timestamp="2019-08-09T18:04:33.376" />
<exclusive-end id="459" timestamp="2019-08-09T18:04:33.376" durationms="38.964" />

<concurrent-kickoff id="460" timestamp="2019-08-09T18:04:33.858">
  <kickoff reason="threshold reached" targetBytes="4634268" thresholdFreeBytes="640273"  remainingFree="638864" tenureFreeBytes="784800" nurseryFreeBytes="638864" />
</concurrent-kickoff>
<exclusive-start id="461" timestamp="2019-08-09T18:04:33.859" intervalms="521.570">
  <response-info timems="0.262" idlems="0.133" threads="1" lastid="000000000144B700" lastname="node-11" />
</exclusive-start>
<cycle-start id="462" type="global" contextid="0" timestamp="2019-08-09T18:04:33.859" intervalms="804.854" />
<exclusive-end id="463" timestamp="2019-08-09T18:04:33.859" durationms="0.033" />

<exclusive-start id="464" timestamp="2019-08-09T18:04:34.199" intervalms="340.213">
  <response-info timems="0.110" idlems="0.110" threads="0" lastid="0000000001487600" lastname="node-0" />
</exclusive-start>
<concurrent-collection-start id="465" timestamp="2019-08-09T18:04:34.199" intervalms="861.749" >
  <concurrent-trace-info reason="card cleaning threshold reached" tracedByMutators="507964" tracedByHelpers="4841560" cardsCleaned="88" workStackOverflowCount="0" />
</concurrent-collection-start>
<gc-start id="466" type="global" contextid="462" timestamp="2019-08-09T18:04:34.199">
  <mem-info id="467" free="989488" total="11206656" percent="8">
    <mem type="nursery" free="204688" total="3538944" percent="5">
      <mem type="allocate" free="204688" total="1835008" percent="11" />
      <mem type="survivor" free="0" total="1703936" percent="0" />
    </mem>
    <mem type="tenure" free="784800" total="7667712" percent="10">
      <mem type="soa" free="401824" total="7284736" percent="5" />
      <mem type="loa" free="382976" total="382976" percent="100" />
    </mem>
    <remembered-set count="375" />
  </mem-info>
</gc-start>
<allocation-stats totalBytes="1616608" >
  <allocated-bytes non-tlh="0" tlh="1616608" />
  <largest-consumer threadName="node-12" threadId="000000000145E300" bytes="106496" />
</allocation-stats>
<gc-op id="468" type="rs-scan" timems="0.984" contextid="462" timestamp="2019-08-09T18:04:34.200">
  <scan objectsFound="115" bytesTraced="9152" workStackOverflowCount="0" />
</gc-op>
<gc-op id="469" type="card-cleaning" timems="0.757" contextid="462" timestamp="2019-08-09T18:04:34.201">
  <card-cleaning cardsCleaned="66" bytesTraced="31408" workStackOverflowCount="0" />
</gc-op>
<gc-op id="470" type="mark" timems="5.554" contextid="462" timestamp="2019-08-09T18:04:34.207">
  <trace-info objectcount="279" scancount="231" scanbytes="5948" />
  <finalization candidates="13" enqueued="0" />
  <references type="soft" candidates="45" cleared="0" enqueued="0" dynamicThreshold="3" maxThreshold="32" />
  <references type="weak" candidates="130" cleared="0" enqueued="0" />
  <references type="phantom" candidates="37" cleared="0" enqueued="0" />
  <stringconstants candidates="3837" cleared="0"  />
</gc-op>
<gc-op id="471" type="sweep" timems="4.780" contextid="462" timestamp="2019-08-09T18:04:34.211" />
<mem-info id="472" free="2605056" total="11206656" percent="23">
  <mem type="nursery" free="1820256" total="3538944" percent="51">
    <mem type="allocate" free="1820256" total="1835008" percent="99" />
    <mem type="survivor" free="0" total="1703936" percent="0" />
  </mem>
  <mem type="tenure" free="784800" total="7667712" percent="10" micro-fragmented="513" macro-fragmented="697778">
    <mem type="soa" free="401824" total="7284736" percent="5" />
    <mem type="loa" free="382976" total="382976" percent="100" />
  </mem>
  <remembered-set count="350" />
</mem-info>
<gc-op id="473" type="compact" timems="27.720" contextid="462" timestamp="2019-08-09T18:04:34.239">
  <compact-info movecount="14033" movebytes="860464" reason="compact to aid heap contraction" />
</gc-op>
<heap-resize id="474" type="expand" space="tenure" amount="131072" count="1" timems="0.022" reason="satisfy allocation request" timestamp="2019-08-09T18:04:34.240" />
<gc-end id="475" type="global" contextid="462" durationms="41.133" usertimems="24.287" systemtimems="30.207" timestamp="2019-08-09T18:04:34.240" activeThreads="16">
  <mem-info id="476" free="2744112" total="11337728" percent="24">
    <mem type="nursery" free="1826960" total="3538944" percent="51">
      <mem type="allocate" free="1826960" total="1835008" percent="99" />
      <mem type="survivor" free="0" total="1703936" percent="0" />
    </mem>
    <mem type="tenure" free="917152" total="7798784" percent="11">
      <mem type="soa" free="528032" total="7409664" percent="7" />
      <mem type="loa" free="389120" total="389120" percent="100" />
    </mem>
    <remembered-set count="350" />
  </mem-info>
</gc-end>
<cycle-end id="477" type="global" contextid="462" timestamp="2019-08-09T18:04:34.240" />
  <attribute name="elasticGC enabled" value="1" />
  <attribute name= "numThreadsSpecified" value="16" />
  <attribute name="heapSize specified" value="11206656" />
  <attribute name="Current GC Util" value="50" />
  <attribute name= "Current Time Running" value="10109" />
  <attribute name ="GC Interval" value="2145" />
  <attribute name="Target GC Util Change" value ="80.000000" />
  <attribute name="Current GC Util Change" value="50.000000"/>
  <attribute name="Current Error" value="-111.000000" />
  <attribute name="Output H" value="11282208"/>
  <attribute name="Output I" value="1880"/>
  <attribute name="Output T" value="16"/>
  <attribute name= "Current Time Running" value="10109" />
  <attribute name="GC Util currently" value="50" />
  <attribute name="CPU Util currently" value="41544010999" />
<concurrent-collection-end id="478" timestamp="2019-08-09T18:04:34.240" />
<exclusive-end id="479" timestamp="2019-08-09T18:04:34.240" durationms="41.373" />

<concurrent-kickoff id="480" timestamp="2019-08-09T18:04:34.966">
  <kickoff reason="threshold reached" targetBytes="4854451" thresholdFreeBytes="670643"  remainingFree="647312" tenureFreeBytes="917152" nurseryFreeBytes="647312" />
</concurrent-kickoff>
<exclusive-start id="481" timestamp="2019-08-09T18:04:34.968" intervalms="768.570">
  <response-info timems="1.150" idlems="0.503" threads="2" lastid="000000000149DD00" lastname="node-8" />
</exclusive-start>
<cycle-start id="482" type="global" contextid="0" timestamp="2019-08-09T18:04:34.968" intervalms="1108.848" />
<exclusive-end id="483" timestamp="2019-08-09T18:04:34.968" durationms="0.102" />

<exclusive-start id="484" timestamp="2019-08-09T18:04:35.350" intervalms="381.876">
  <response-info timems="0.171" idlems="0.171" threads="0" lastid="0000000001483A00" lastname="node-14" />
</exclusive-start>
<concurrent-collection-start id="485" timestamp="2019-08-09T18:04:35.350" intervalms="1150.461" >
  <concurrent-trace-info reason="card cleaning threshold reached" tracedByMutators="895948" tracedByHelpers="4452820" cardsCleaned="94" workStackOverflowCount="0" />
</concurrent-collection-start>
<gc-start id="486" type="global" contextid="482" timestamp="2019-08-09T18:04:35.350">
  <mem-info id="487" free="925488" total="11337728" percent="8">
    <mem type="nursery" free="8336" total="3538944" percent="0">
      <mem type="allocate" free="8336" total="1835008" percent="0" />
      <mem type="survivor" free="0" total="1703936" percent="0" />
    </mem>
    <mem type="tenure" free="917152" total="7798784" percent="11">
      <mem type="soa" free="528032" total="7409664" percent="7" />
      <mem type="loa" free="389120" total="389120" percent="100" />
    </mem>
    <remembered-set count="378" />
  </mem-info>
</gc-start>
<allocation-stats totalBytes="1816272" >
  <allocated-bytes non-tlh="0" tlh="1816272" />
  <largest-consumer threadName="node-1" threadId="000000000146D200" bytes="122800" />
</allocation-stats>
<gc-op id="488" type="rs-scan" timems="3.633" contextid="482" timestamp="2019-08-09T18:04:35.353">
  <scan objectsFound="237" bytesTraced="13384" workStackOverflowCount="0" />
</gc-op>
<gc-op id="489" type="card-cleaning" timems="1.660" contextid="482" timestamp="2019-08-09T18:04:35.355">
  <card-cleaning cardsCleaned="13" bytesTraced="13052" workStackOverflowCount="0" />
</gc-op>
<gc-op id="490" type="mark" timems="5.790" contextid="482" timestamp="2019-08-09T18:04:35.361">
  <trace-info objectcount="319" scancount="266" scanbytes="6732" />
  <finalization candidates="13" enqueued="0" />
  <references type="soft" candidates="45" cleared="0" enqueued="0" dynamicThreshold="3" maxThreshold="32" />
  <references type="weak" candidates="130" cleared="0" enqueued="0" />
  <references type="phantom" candidates="37" cleared="0" enqueued="0" />
  <stringconstants candidates="3837" cleared="0"  />
</gc-op>
<gc-op id="491" type="sweep" timems="5.581" contextid="482" timestamp="2019-08-09T18:04:35.366" />
<mem-info id="492" free="2686880" total="11337728" percent="23">
  <mem type="nursery" free="1769728" total="3538944" percent="50">
    <mem type="allocate" free="1769728" total="1835008" percent="96" />
    <mem type="survivor" free="0" total="1703936" percent="0" />
  </mem>
  <mem type="tenure" free="917152" total="7798784" percent="11" micro-fragmented="0" macro-fragmented="502401">
    <mem type="soa" free="528032" total="7409664" percent="7" />
    <mem type="loa" free="389120" total="389120" percent="100" />
  </mem>
  <remembered-set count="364" />
</mem-info>
<gc-op id="493" type="compact" timems="24.564" contextid="482" timestamp="2019-08-09T18:04:35.391">
  <compact-info movecount="13211" movebytes="702824" reason="compact to aid heap contraction" />
</gc-op>
<heap-resize id="494" type="expand" space="tenure" amount="131072" count="1" timems="0.041" reason="satisfy allocation request" timestamp="2019-08-09T18:04:35.392" />
<gc-end id="495" type="global" contextid="482" durationms="42.228" usertimems="50.969" systemtimems="21.103" timestamp="2019-08-09T18:04:35.392" activeThreads="16">
  <mem-info id="496" free="2864096" total="11468800" percent="24">
    <mem type="nursery" free="1815080" total="3538944" percent="51">
      <mem type="allocate" free="1815080" total="1835008" percent="98" />
      <mem type="survivor" free="0" total="1703936" percent="0" />
    </mem>
    <mem type="tenure" free="1049016" total="7929856" percent="13">
      <mem type="soa" free="652728" total="7533568" percent="8" />
      <mem type="loa" free="396288" total="396288" percent="100" />
    </mem>
    <remembered-set count="364" />
  </mem-info>
</gc-end>
<cycle-end id="497" type="global" contextid="482" timestamp="2019-08-09T18:04:35.392" />
  <attribute name="elasticGC enabled" value="1" />
  <attribute name= "numThreadsSpecified" value="16" />
  <attribute name="heapSize specified" value="11337728" />
  <attribute name="Current GC Util" value="77" />
  <attribute name= "Current Time Running" value="11261" />
  <attribute name ="GC Interval" value="2145" />
  <attribute name="Target GC Util Change" value ="80.000000" />
  <attribute name="Current GC Util Change" value="77.000000"/>
  <attribute name="Current Error" value="-350.000000" />
  <attribute name="Output H" value="11413008"/>
  <attribute name="Output I" value="1608"/>
  <attribute name="Output T" value="16"/>
  <attribute name= "Current Time Running" value="11261" />
  <attribute name="GC Util currently" value="77" />
  <attribute name="CPU Util currently" value="46883548518" />
<concurrent-collection-end id="498" timestamp="2019-08-09T18:04:35.392" />
<exclusive-end id="499" timestamp="2019-08-09T18:04:35.392" durationms="42.473" />

<concurrent-kickoff id="500" timestamp="2019-08-09T18:04:36.080">
  <kickoff reason="threshold reached" targetBytes="5034560" thresholdFreeBytes="695488"  remainingFree="680488" tenureFreeBytes="1049016" nurseryFreeBytes="680488" />
</concurrent-kickoff>
<exclusive-start id="501" timestamp="2019-08-09T18:04:36.081" intervalms="731.193">
  <response-info timems="0.811" idlems="0.430" threads="1" lastid="0000000001483A00" lastname="node-14" />
</exclusive-start>
<cycle-start id="502" type="global" contextid="0" timestamp="2019-08-09T18:04:36.081" intervalms="1113.512" />
<exclusive-end id="503" timestamp="2019-08-09T18:04:36.081" durationms="0.597" />

<exclusive-start id="504" timestamp="2019-08-09T18:04:36.395" intervalms="314.564">
  <response-info timems="0.251" idlems="0.251" threads="0" lastid="0000000001496500" lastname="node-15" />
</exclusive-start>
<concurrent-collection-start id="505" timestamp="2019-08-09T18:04:36.395" intervalms="1045.773" >
  <concurrent-trace-info reason="card cleaning threshold reached" tracedByMutators="232020" tracedByHelpers="5157468" cardsCleaned="94" workStackOverflowCount="0" />
</concurrent-collection-start>
<gc-start id="506" type="global" contextid="502" timestamp="2019-08-09T18:04:36.395">
  <mem-info id="507" free="1287136" total="11468800" percent="11">
    <mem type="nursery" free="238120" total="3538944" percent="6">
      <mem type="allocate" free="238120" total="1835008" percent="12" />
      <mem type="survivor" free="0" total="1703936" percent="0" />
    </mem>
    <mem type="tenure" free="1049016" total="7929856" percent="13">
      <mem type="soa" free="652728" total="7533568" percent="8" />
      <mem type="loa" free="396288" total="396288" percent="100" />
    </mem>
    <remembered-set count="394" />
  </mem-info>
</gc-start>
<allocation-stats totalBytes="1574792" >
  <allocated-bytes non-tlh="0" tlh="1574792" />
  <largest-consumer threadName="node-8" threadId="000000000149DD00" bytes="106480" />
</allocation-stats>
<gc-op id="508" type="rs-scan" timems="19.794" contextid="502" timestamp="2019-08-09T18:04:36.415">
  <scan objectsFound="125" bytesTraced="9504" workStackOverflowCount="0" />
</gc-op>
<gc-op id="509" type="card-cleaning" timems="1.087" contextid="502" timestamp="2019-08-09T18:04:36.416">
  <card-cleaning cardsCleaned="66" bytesTraced="78340" workStackOverflowCount="0" />
</gc-op>
<gc-op id="510" type="mark" timems="17.002" contextid="502" timestamp="2019-08-09T18:04:36.433">
  <trace-info objectcount="268" scancount="227" scanbytes="5924" />
  <finalization candidates="13" enqueued="0" />
  <references type="soft" candidates="45" cleared="0" enqueued="0" dynamicThreshold="4" maxThreshold="32" />
  <references type="weak" candidates="130" cleared="0" enqueued="0" />
  <references type="phantom" candidates="37" cleared="0" enqueued="0" />
  <stringconstants candidates="3837" cleared="0"  />
</gc-op>
<gc-op id="511" type="sweep" timems="5.109" contextid="502" timestamp="2019-08-09T18:04:36.439" />
<mem-info id="512" free="2813824" total="11468800" percent="24">
  <mem type="nursery" free="1764712" total="3538944" percent="49">
    <mem type="allocate" free="1764712" total="1835008" percent="96" />
    <mem type="survivor" free="0" total="1703936" percent="0" />
  </mem>
  <mem type="tenure" free="1049112" total="7929856" percent="13" micro-fragmented="0" macro-fragmented="0">
    <mem type="soa" free="652824" total="7533568" percent="8" />
    <mem type="loa" free="396288" total="396288" percent="100" />
  </mem>
  <remembered-set count="367" />
</mem-info>
<gc-op id="513" type="compact" timems="24.965" contextid="502" timestamp="2019-08-09T18:04:36.464">
  <compact-info movecount="14343" movebytes="861496" reason="compact to aid heap contraction" />
</gc-op>
<heap-resize id="514" type="expand" space="tenure" amount="131072" count="1" timems="0.022" reason="satisfy allocation request" timestamp="2019-08-09T18:04:36.465" />
<gc-end id="515" type="global" contextid="502" durationms="69.906" usertimems="34.029" systemtimems="60.430" timestamp="2019-08-09T18:04:36.465" activeThreads="16">
  <mem-info id="516" free="3004528" total="11599872" percent="25">
    <mem type="nursery" free="1823568" total="3538944" percent="51">
      <mem type="allocate" free="1823568" total="1835008" percent="99" />
      <mem type="survivor" free="0" total="1703936" percent="0" />
    </mem>
    <mem type="tenure" free="1180960" total="8060928" percent="14">
      <mem type="soa" free="778528" total="7658496" percent="10" />
      <mem type="loa" free="402432" total="402432" percent="100" />
    </mem>
    <remembered-set count="367" />
  </mem-info>
</gc-end>
<cycle-end id="517" type="global" contextid="502" timestamp="2019-08-09T18:04:36.466" />
  <attribute name="elasticGC enabled" value="1" />
  <attribute name= "numThreadsSpecified" value="16" />
  <attribute name="heapSize specified" value="11468800" />
  <attribute name="Current GC Util" value="71" />
  <attribute name= "Current Time Running" value="12333" />
  <attribute name ="GC Interval" value="2145" />
  <attribute name="Target GC Util Change" value ="80.000000" />
  <attribute name="Current GC Util Change" value="71.000000"/>
  <attribute name="Current Error" value="9.000000" />
  <attribute name="Output H" value="11544496"/>
  <attribute name="Output I" value="2024"/>
  <attribute name="Output T" value="16"/>
  <attribute name= "Current Time Running" value="12333" />
  <attribute name="GC Util currently" value="71" />
  <attribute name="CPU Util currently" value="46116705005" />
<concurrent-collection-end id="518" timestamp="2019-08-09T18:04:36.467" />
<exclusive-end id="519" timestamp="2019-08-09T18:04:36.467" durationms="71.331" />

<concurrent-kickoff id="520" timestamp="2019-08-09T18:04:37.026">
  <kickoff reason="threshold reached" targetBytes="5189708" thresholdFreeBytes="716890"  remainingFree="709456" tenureFreeBytes="1180960" nurseryFreeBytes="709456" />
</concurrent-kickoff>
<exclusive-start id="521" timestamp="2019-08-09T18:04:37.027" intervalms="632.048">
  <response-info timems="0.747" idlems="0.747" threads="0" lastid="000000000146D200" lastname="node-1" />
</exclusive-start>
<cycle-start id="522" type="global" contextid="0" timestamp="2019-08-09T18:04:37.027" intervalms="946.106" />
<exclusive-end id="523" timestamp="2019-08-09T18:04:37.027" durationms="0.034" />

<exclusive-start id="524" timestamp="2019-08-09T18:04:37.445" intervalms="417.465">
  <response-info timems="0.221" idlems="0.221" threads="0" lastid="000000000147FE00" lastname="node-20" />
</exclusive-start>
<concurrent-collection-start id="525" timestamp="2019-08-09T18:04:37.445" intervalms="1049.520" >
  <concurrent-trace-info reason="card cleaning threshold reached" tracedByMutators="696932" tracedByHelpers="4733308" cardsCleaned="184" workStackOverflowCount="0" />
</concurrent-collection-start>
<gc-start id="526" type="global" contextid="522" timestamp="2019-08-09T18:04:37.445">
  <mem-info id="527" free="1180960" total="11599872" percent="10">
    <mem type="nursery" free="0" total="3538944" percent="0">
      <mem type="allocate" free="0" total="1835008" percent="0" />
      <mem type="survivor" free="0" total="1703936" percent="0" />
    </mem>
    <mem type="tenure" free="1180960" total="8060928" percent="14">
      <mem type="soa" free="778528" total="7658496" percent="10" />
      <mem type="loa" free="402432" total="402432" percent="100" />
    </mem>
    <remembered-set count="396" />
  </mem-info>
</gc-start>
<allocation-stats totalBytes="1822656" >
  <allocated-bytes non-tlh="0" tlh="1822656" />
  <largest-consumer threadName="node-15" threadId="0000000001496500" bytes="106480" />
</allocation-stats>
<gc-op id="528" type="rs-scan" timems="1.904" contextid="522" timestamp="2019-08-09T18:04:37.447">
  <scan objectsFound="214" bytesTraced="12856" workStackOverflowCount="0" />
</gc-op>
<gc-op id="529" type="card-cleaning" timems="4.483" contextid="522" timestamp="2019-08-09T18:04:37.451">
  <card-cleaning cardsCleaned="25" bytesTraced="23696" workStackOverflowCount="0" />
</gc-op>
<gc-op id="530" type="mark" timems="9.592" contextid="522" timestamp="2019-08-09T18:04:37.461">
  <trace-info objectcount="270" scancount="229" scanbytes="5972" />
  <finalization candidates="13" enqueued="0" />
  <references type="soft" candidates="45" cleared="0" enqueued="0" dynamicThreshold="4" maxThreshold="32" />
  <references type="weak" candidates="130" cleared="0" enqueued="0" />
  <references type="phantom" candidates="37" cleared="0" enqueued="0" />
  <stringconstants candidates="3837" cleared="0"  />
</gc-op>
<gc-op id="531" type="sweep" timems="2.455" contextid="522" timestamp="2019-08-09T18:04:37.464" />
<mem-info id="532" free="2941352" total="11599872" percent="25">
  <mem type="nursery" free="1760392" total="3538944" percent="49">
    <mem type="allocate" free="1760392" total="1835008" percent="95" />
    <mem type="survivor" free="0" total="1703936" percent="0" />
  </mem>
  <mem type="tenure" free="1180960" total="8060928" percent="14" micro-fragmented="1538" macro-fragmented="502401">
    <mem type="soa" free="778528" total="7658496" percent="10" />
    <mem type="loa" free="402432" total="402432" percent="100" />
  </mem>
  <remembered-set count="372" />
</mem-info>
<gc-op id="533" type="compact" timems="22.772" contextid="522" timestamp="2019-08-09T18:04:37.486">
  <compact-info movecount="14250" movebytes="860984" reason="compact to aid heap contraction" />
</gc-op>
<heap-resize id="534" type="expand" space="tenure" amount="131072" count="1" timems="0.027" reason="satisfy allocation request" timestamp="2019-08-09T18:04:37.487" />
<gc-end id="535" type="global" contextid="522" durationms="42.414" usertimems="29.726" systemtimems="27.873" timestamp="2019-08-09T18:04:37.487" activeThreads="1">
  <mem-info id="536" free="3133168" total="11730944" percent="26">
    <mem type="nursery" free="1820352" total="3538944" percent="51">
      <mem type="allocate" free="1820352" total="1835008" percent="99" />
      <mem type="survivor" free="0" total="1703936" percent="0" />
    </mem>
    <mem type="tenure" free="1312816" total="8192000" percent="16">
      <mem type="soa" free="903216" total="7782400" percent="11" />
      <mem type="loa" free="409600" total="409600" percent="100" />
    </mem>
    <remembered-set count="372" />
  </mem-info>
</gc-end>
<cycle-end id="537" type="global" contextid="522" timestamp="2019-08-09T18:04:37.488" />
  <attribute name="elasticGC enabled" value="1" />
  <attribute name= "numThreadsSpecified" value="1" />
  <attribute name="heapSize specified" value="11599872" />
  <attribute name="Current GC Util" value="59" />
  <attribute name= "Current Time Running" value="13356" />
  <attribute name ="GC Interval" value="2145" />
  <attribute name="Target GC Util Change" value ="80.000000" />
  <attribute name="Current GC Util Change" value="59.000000"/>
  <attribute name="Current Error" value="-25.000000" />
  <attribute name="Output H" value="11675528"/>
  <attribute name="Output I" value="1984"/>
  <attribute name="Output T" value="1"/>
  <attribute name= "Current Time Running" value="13356" />
  <attribute name="GC Util currently" value="59" />
  <attribute name="CPU Util currently" value="50486695478" />
<concurrent-collection-end id="538" timestamp="2019-08-09T18:04:37.488" />
<exclusive-end id="539" timestamp="2019-08-09T18:04:37.488" durationms="43.137" />

<concurrent-kickoff id="540" timestamp="2019-08-09T18:04:38.050">
  <kickoff reason="threshold reached" targetBytes="5327324" thresholdFreeBytes="735062"  remainingFree="730816" tenureFreeBytes="1312816" nurseryFreeBytes="730816" />
</concurrent-kickoff>
<exclusive-start id="541" timestamp="2019-08-09T18:04:38.050" intervalms="605.467">
  <response-info timems="0.333" idlems="0.333" threads="0" lastid="00000000014A9100" lastname="node-3" />
</exclusive-start>
<cycle-start id="542" type="global" contextid="0" timestamp="2019-08-09T18:04:38.050" intervalms="1022.934" />
<exclusive-end id="543" timestamp="2019-08-09T18:04:38.050" durationms="0.038" />

<exclusive-start id="544" timestamp="2019-08-09T18:04:38.319" intervalms="269.085">
  <response-info timems="0.094" idlems="0.094" threads="0" lastid="000000000147C200" lastname="node-23" />
</exclusive-start>
<concurrent-collection-start id="545" timestamp="2019-08-09T18:04:38.320" intervalms="874.657" >
  <concurrent-trace-info reason="card cleaning threshold reached" tracedByMutators="1167892" tracedByHelpers="4246456" cardsCleaned="155" workStackOverflowCount="0" />
</concurrent-collection-start>
<gc-start id="546" type="global" contextid="542" timestamp="2019-08-09T18:04:38.320">
  <mem-info id="547" free="1312816" total="11730944" percent="11">
    <mem type="nursery" free="0" total="3538944" percent="0">
      <mem type="allocate" free="0" total="1835008" percent="0" />
      <mem type="survivor" free="0" total="1703936" percent="0" />
    </mem>
    <mem type="tenure" free="1312816" total="8192000" percent="16">
      <mem type="soa" free="903216" total="7782400" percent="11" />
      <mem type="loa" free="409600" total="409600" percent="100" />
    </mem>
    <remembered-set count="397" />
  </mem-info>
</gc-start>
<allocation-stats totalBytes="1818256" >
  <allocated-bytes non-tlh="0" tlh="1818256" />
  <largest-consumer threadName="node-7" threadId="000000000144F300" bytes="106040" />
</allocation-stats>
<gc-op id="548" type="rs-scan" timems="4.521" contextid="542" timestamp="2019-08-09T18:04:38.324">
  <scan objectsFound="138" bytesTraced="10072" workStackOverflowCount="0" />
</gc-op>
<gc-op id="549" type="card-cleaning" timems="0.890" contextid="542" timestamp="2019-08-09T18:04:38.325">
  <card-cleaning cardsCleaned="69" bytesTraced="78400" workStackOverflowCount="0" />
</gc-op>
<gc-op id="550" type="mark" timems="10.129" contextid="542" timestamp="2019-08-09T18:04:38.335">
  <trace-info objectcount="264" scancount="223" scanbytes="5828" />
  <finalization candidates="13" enqueued="0" />
  <references type="soft" candidates="45" cleared="0" enqueued="0" dynamicThreshold="5" maxThreshold="32" />
  <references type="weak" candidates="130" cleared="0" enqueued="0" />
  <references type="phantom" candidates="37" cleared="0" enqueued="0" />
  <stringconstants candidates="3837" cleared="0"  />
</gc-op>
<gc-op id="551" type="sweep" timems="4.245" contextid="542" timestamp="2019-08-09T18:04:38.340" />
<mem-info id="552" free="3091312" total="11730944" percent="26">
  <mem type="nursery" free="1778160" total="3538944" percent="50">
    <mem type="allocate" free="1778160" total="1835008" percent="96" />
    <mem type="survivor" free="0" total="1703936" percent="0" />
  </mem>
  <mem type="tenure" free="1313152" total="8192000" percent="16" micro-fragmented="0" macro-fragmented="602881">
    <mem type="soa" free="903552" total="7782400" percent="11" />
    <mem type="loa" free="409600" total="409600" percent="100" />
  </mem>
  <remembered-set count="376" />
</mem-info>
<gc-op id="553" type="compact" timems="26.794" contextid="542" timestamp="2019-08-09T18:04:38.367">
  <compact-info movecount="13843" movebytes="828968" reason="compact to aid heap contraction" />
</gc-op>
<heap-resize id="554" type="expand" space="tenure" amount="131072" count="1" timems="0.024" reason="satisfy allocation request" timestamp="2019-08-09T18:04:38.369" />
<gc-end id="555" type="global" contextid="542" durationms="49.512" usertimems="30.265" systemtimems="33.427" timestamp="2019-08-09T18:04:38.369" activeThreads="16">
  <mem-info id="556" free="3270568" total="11862016" percent="27">
    <mem type="nursery" free="1825704" total="3538944" percent="51">
      <mem type="allocate" free="1825704" total="1835008" percent="99" />
      <mem type="survivor" free="0" total="1703936" percent="0" />
    </mem>
    <mem type="tenure" free="1444864" total="8323072" percent="17">
      <mem type="soa" free="1029120" total="7907328" percent="13" />
      <mem type="loa" free="415744" total="415744" percent="100" />
    </mem>
    <remembered-set count="376" />
  </mem-info>
</gc-end>
<cycle-end id="557" type="global" contextid="542" timestamp="2019-08-09T18:04:38.370" />
  <attribute name="elasticGC enabled" value="1" />
  <attribute name= "numThreadsSpecified" value="16" />
  <attribute name="heapSize specified" value="11730944" />
  <attribute name="Current GC Util" value="113" />
  <attribute name= "Current Time Running" value="14237" />
  <attribute name ="GC Interval" value="2145" />
  <attribute name="Target GC Util Change" value ="80.000000" />
  <attribute name="Current GC Util Change" value="113.000000"/>
  <attribute name="Current Error" value="-63.000000" />
  <attribute name="Output H" value="11806552"/>
  <attribute name="Output I" value="1936"/>
  <attribute name="Output T" value="16"/>
  <attribute name= "Current Time Running" value="14237" />
  <attribute name="GC Util currently" value="113" />
  <attribute name="CPU Util currently" value="42879755686" />
<concurrent-collection-end id="558" timestamp="2019-08-09T18:04:38.370" />
<exclusive-end id="559" timestamp="2019-08-09T18:04:38.370" durationms="50.372" />

<concurrent-kickoff id="560" timestamp="2019-08-09T18:04:38.900">
  <kickoff reason="threshold reached" targetBytes="5436104" thresholdFreeBytes="749864"  remainingFree="744360" tenureFreeBytes="1444864" nurseryFreeBytes="744360" />
</concurrent-kickoff>
<exclusive-start id="561" timestamp="2019-08-09T18:04:38.904" intervalms="584.598">
  <response-info timems="3.742" idlems="1.913" threads="1" lastid="000000000144B700" lastname="node-11" />
</exclusive-start>
<cycle-start id="562" type="global" contextid="0" timestamp="2019-08-09T18:04:38.904" intervalms="853.708" />
<exclusive-end id="563" timestamp="2019-08-09T18:04:38.904" durationms="0.073" />

<exclusive-start id="564" timestamp="2019-08-09T18:04:39.263" intervalms="358.606">
  <response-info timems="0.023" idlems="0.023" threads="0" lastid="000000000149A100" lastname="node-2" />
</exclusive-start>
<concurrent-collection-start id="565" timestamp="2019-08-09T18:04:39.263" intervalms="943.072" >
  <concurrent-trace-info reason="card cleaning threshold reached" tracedByMutators="291140" tracedByHelpers="5068144" cardsCleaned="123" workStackOverflowCount="0" />
</concurrent-collection-start>
<gc-start id="566" type="global" contextid="562" timestamp="2019-08-09T18:04:39.263">
  <mem-info id="567" free="1468328" total="11862016" percent="12">
    <mem type="nursery" free="23464" total="3538944" percent="0">
      <mem type="allocate" free="23464" total="1835008" percent="1" />
      <mem type="survivor" free="0" total="1703936" percent="0" />
    </mem>
    <mem type="tenure" free="1444864" total="8323072" percent="17">
      <mem type="soa" free="1029120" total="7907328" percent="13" />
      <mem type="loa" free="415744" total="415744" percent="100" />
    </mem>
    <remembered-set count="397" />
  </mem-info>
</gc-start>
<allocation-stats totalBytes="1800784" >
  <allocated-bytes non-tlh="0" tlh="1800784" />
  <largest-consumer threadName="node-19" threadId="0000000001478600" bytes="90112" />
</allocation-stats>
<gc-op id="568" type="rs-scan" timems="1.924" contextid="562" timestamp="2019-08-09T18:04:39.265">
  <scan objectsFound="196" bytesTraced="12088" workStackOverflowCount="0" />
</gc-op>
<gc-op id="569" type="card-cleaning" timems="1.661" contextid="562" timestamp="2019-08-09T18:04:39.266">
  <card-cleaning cardsCleaned="35" bytesTraced="19220" workStackOverflowCount="0" />
</gc-op>
<gc-op id="570" type="mark" timems="5.668" contextid="562" timestamp="2019-08-09T18:04:39.272">
  <trace-info objectcount="293" scancount="246" scanbytes="6300" />
  <finalization candidates="13" enqueued="0" />
  <references type="soft" candidates="45" cleared="0" enqueued="0" dynamicThreshold="5" maxThreshold="32" />
  <references type="weak" candidates="130" cleared="0" enqueued="0" />
  <references type="phantom" candidates="37" cleared="0" enqueued="0" />
  <stringconstants candidates="3837" cleared="0"  />
</gc-op>
<gc-op id="571" type="sweep" timems="4.608" contextid="562" timestamp="2019-08-09T18:04:39.277" />
<mem-info id="572" free="3263952" total="11862016" percent="27">
  <mem type="nursery" free="1819088" total="3538944" percent="51">
    <mem type="allocate" free="1819088" total="1835008" percent="99" />
    <mem type="survivor" free="0" total="1703936" percent="0" />
  </mem>
  <mem type="tenure" free="1444864" total="8323072" percent="17" micro-fragmented="0" macro-fragmented="1217038">
    <mem type="soa" free="1029120" total="7907328" percent="13" />
    <mem type="loa" free="415744" total="415744" percent="100" />
  </mem>
  <remembered-set count="377" />
</mem-info>
<gc-op id="573" type="compact" timems="35.303" contextid="562" timestamp="2019-08-09T18:04:39.312">
  <compact-info movecount="13551" movebytes="827392" reason="compact to aid heap contraction" />
</gc-op>
<heap-resize id="574" type="expand" space="tenure" amount="131072" count="1" timems="0.025" reason="satisfy allocation request" timestamp="2019-08-09T18:04:39.314" />
<gc-end id="575" type="global" contextid="562" durationms="51.086" usertimems="36.183" systemtimems="32.502" timestamp="2019-08-09T18:04:39.314" activeThreads="16">
  <mem-info id="576" free="3402120" total="11993088" percent="28">
    <mem type="nursery" free="1825720" total="3538944" percent="51">
      <mem type="allocate" free="1825720" total="1835008" percent="99" />
      <mem type="survivor" free="0" total="1703936" percent="0" />
    </mem>
    <mem type="tenure" free="1576400" total="8454144" percent="18">
      <mem type="soa" free="1154512" total="8032256" percent="14" />
      <mem type="loa" free="421888" total="421888" percent="100" />
    </mem>
    <remembered-set count="377" />
  </mem-info>
</gc-end>
<cycle-end id="577" type="global" contextid="562" timestamp="2019-08-09T18:04:39.314" />
  <attribute name="elasticGC enabled" value="1" />
  <attribute name= "numThreadsSpecified" value="16" />
  <attribute name="heapSize specified" value="11862016" />
  <attribute name="Current GC Util" value="96" />
  <attribute name= "Current Time Running" value="15182" />
  <attribute name ="GC Interval" value="2145" />
  <attribute name="Target GC Util Change" value ="80.000000" />
  <attribute name="Current GC Util Change" value="96.000000"/>
  <attribute name="Current Error" value="-78.000000" />
  <attribute name="Output H" value="11937608"/>
  <attribute name="Output I" value="1920"/>
  <attribute name="Output T" value="16"/>
  <attribute name= "Current Time Running" value="15182" />
  <attribute name="GC Util currently" value="96" />
  <attribute name="CPU Util currently" value="32624759017" />
<concurrent-collection-end id="578" timestamp="2019-08-09T18:04:39.314" />
<exclusive-end id="579" timestamp="2019-08-09T18:04:39.314" durationms="51.477" />

<exclusive-start id="580" timestamp="2019-08-09T18:04:40.012" intervalms="749.955">
  <response-info timems="0.160" idlems="0.160" threads="0" lastid="00000000014A9100" lastname="node-3" />
</exclusive-start>
<af-start id="581" threadId="00000000014A9A88" totalBytesRequested="832" timestamp="2019-08-09T18:04:40.013" intervalms="8568.080" type="nursery" />
<cycle-start id="582" type="scavenge" contextid="0" timestamp="2019-08-09T18:04:40.014" intervalms="8568.086" />
<gc-start id="583" type="scavenge" contextid="582" timestamp="2019-08-09T18:04:40.014">
  <mem-info id="584" free="1576400" total="11993088" percent="13">
    <mem type="nursery" free="0" total="3538944" percent="0">
      <mem type="allocate" free="0" total="1835008" percent="0" />
      <mem type="survivor" free="0" total="1703936" percent="0" />
    </mem>
    <mem type="tenure" free="1576400" total="8454144" percent="18">
      <mem type="soa" free="1154512" total="8032256" percent="14" />
      <mem type="loa" free="421888" total="421888" percent="100" />
    </mem>
    <remembered-set count="398" />
  </mem-info>
</gc-start>
<allocation-stats totalBytes="1824040" >
  <allocated-bytes non-tlh="0" tlh="1824040" />
  <largest-consumer threadName="node-13" threadId="0000000001469600" bytes="90104" />
</allocation-stats>
<gc-op id="585" type="scavenge" timems="2.115" contextid="582" timestamp="2019-08-09T18:04:40.016">
  <scavenger-info tenureage="2" tenuremask="7ffc" tiltratio="51" />
  <memory-copied type="nursery" objects="1196" bytes="35168" bytesdiscarded="93856" />
</gc-op>
<gc-end id="586" type="scavenge" contextid="582" durationms="2.412" usertimems="3.957" systemtimems="1.476" timestamp="2019-08-09T18:04:40.016" activeThreads="16">
  <mem-info id="587" free="3610064" total="11993088" percent="30">
    <mem type="nursery" free="2033664" total="3538944" percent="57">
      <mem type="allocate" free="2033664" total="2162688" percent="94" />
      <mem type="survivor" free="0" total="1376256" percent="0" />
    </mem>
    <mem type="tenure" free="1576400" total="8454144" percent="18" macro-fragmented="0">
      <mem type="soa" free="1154512" total="8032256" percent="14" />
      <mem type="loa" free="421888" total="421888" percent="100" />
    </mem>
    <remembered-set count="305" />
  </mem-info>
</gc-end>
<cycle-end id="588" type="scavenge" contextid="582" timestamp="2019-08-09T18:04:40.017" />
  <attribute name="elasticGC enabled" value="1" />
  <attribute name= "numThreadsSpecified" value="16" />
  <attribute name="heapSize specified" value="11862016" />
  <attribute name="Current GC Util" value="3" />
  <attribute name= "Current Time Running" value="15884" />
  <attribute name ="GC Interval" value="2009" />
  <attribute name="Target GC Util Change" value ="80.000000" />
  <attribute name="Current GC Util Change" value="3.000000"/>
  <attribute name="Current Error" value="-1.000000" />
  <attribute name="Output H" value="12068768"/>
  <attribute name="Output I" value="2008"/>
  <attribute name="Output T" value="16"/>
  <attribute name= "Current Time Running" value="15884" />
  <attribute name="GC Util currently" value="3" />
  <attribute name="CPU Util currently" value="8" />
<allocation-satisfied id="589" threadId="00000000014A9100" bytesRequested="832" />
<af-end id="590" timestamp="2019-08-09T18:04:40.017" threadId="00000000014A9A88" success="true" from="nursery"/>
<exclusive-end id="591" timestamp="2019-08-09T18:04:40.017" durationms="4.138" />

<exclusive-start id="592" timestamp="2019-08-09T18:04:41.009" intervalms="996.388">
  <response-info timems="0.052" idlems="0.052" threads="0" lastid="000000000149DD00" lastname="node-8" />
</exclusive-start>
<af-start id="593" threadId="000000000149E688" totalBytesRequested="32" timestamp="2019-08-09T18:04:41.009" intervalms="996.385" type="nursery" />
<cycle-start id="594" type="scavenge" contextid="0" timestamp="2019-08-09T18:04:41.009" intervalms="996.373" />
<gc-start id="595" type="scavenge" contextid="594" timestamp="2019-08-09T18:04:41.009">
  <mem-info id="596" free="1576400" total="11993088" percent="13">
    <mem type="nursery" free="0" total="3538944" percent="0">
      <mem type="allocate" free="0" total="2162688" percent="0" />
      <mem type="survivor" free="0" total="1376256" percent="0" />
    </mem>
    <mem type="tenure" free="1576400" total="8454144" percent="18">
      <mem type="soa" free="1154512" total="8032256" percent="14" />
      <mem type="loa" free="421888" total="421888" percent="100" />
    </mem>
    <remembered-set count="380" />
  </mem-info>
</gc-start>
<allocation-stats totalBytes="2032368" >
  <allocated-bytes non-tlh="832" tlh="2031536" />
  <largest-consumer threadName="node-0" threadId="0000000001487600" bytes="117928" />
</allocation-stats>
<gc-op id="597" type="scavenge" timems="2.553" contextid="594" timestamp="2019-08-09T18:04:41.012">
  <scavenger-info tenureage="3" tenuremask="7ff8" tiltratio="61" />
  <memory-copied type="nursery" objects="2503" bytes="59192" bytesdiscarded="21448" />
</gc-op>
<gc-end id="598" type="scavenge" contextid="594" durationms="2.781" usertimems="1.304" systemtimems="2.558" timestamp="2019-08-09T18:04:41.012" activeThreads="16">
  <mem-info id="599" free="3920592" total="11993088" percent="32">
    <mem type="nursery" free="2344192" total="3538944" percent="66">
      <mem type="allocate" free="2344192" total="2424832" percent="96" />
      <mem type="survivor" free="0" total="1114112" percent="0" />
    </mem>
    <mem type="tenure" free="1576400" total="8454144" percent="18" macro-fragmented="723458">
      <mem type="soa" free="1154512" total="8032256" percent="14" />
      <mem type="loa" free="421888" total="421888" percent="100" />
    </mem>
    <remembered-set count="309" />
  </mem-info>
</gc-end>
<cycle-end id="600" type="scavenge" contextid="594" timestamp="2019-08-09T18:04:41.012" />
  <attribute name="elasticGC enabled" value="1" />
  <attribute name= "numThreadsSpecified" value="16" />
  <attribute name="heapSize specified" value="11862016" />
  <attribute name="Current GC Util" value="0" />
  <attribute name= "Current Time Running" value="16879" />
  <attribute name ="GC Interval" value="2105" />
  <attribute name="Target GC Util Change" value ="80.000000" />
  <attribute name="Current GC Util Change" value="0.000000"/>
  <attribute name="Current Error" value="79.000000" />
  <attribute name="Output H" value="12068864"/>
  <attribute name="Output I" value="2104"/>
  <attribute name="Output T" value="16"/>
  <attribute name= "Current Time Running" value="16879" />
  <attribute name="GC Util currently" value="0" />
  <attribute name="CPU Util currently" value="10" />
<allocation-satisfied id="601" threadId="000000000149DD00" bytesRequested="32" />
<af-end id="602" timestamp="2019-08-09T18:04:41.012" threadId="000000000149E688" success="true" from="nursery"/>
<exclusive-end id="603" timestamp="2019-08-09T18:04:41.012" durationms="3.315" />

<exclusive-start id="604" timestamp="2019-08-09T18:04:41.785" intervalms="775.828">
  <response-info timems="0.261" idlems="0.171" threads="1" lastid="0000000001492900" lastname="node-10" />
</exclusive-start>
<af-start id="605" threadId="0000000001462888" totalBytesRequested="16" timestamp="2019-08-09T18:04:41.785" intervalms="775.823" type="nursery" />
<cycle-start id="606" type="scavenge" contextid="0" timestamp="2019-08-09T18:04:41.785" intervalms="775.826" />
<gc-start id="607" type="scavenge" contextid="606" timestamp="2019-08-09T18:04:41.785">
  <mem-info id="608" free="1576400" total="11993088" percent="13">
    <mem type="nursery" free="0" total="3538944" percent="0">
      <mem type="allocate" free="0" total="2424832" percent="0" />
      <mem type="survivor" free="0" total="1114112" percent="0" />
    </mem>
    <mem type="tenure" free="1576400" total="8454144" percent="18">
      <mem type="soa" free="1154512" total="8032256" percent="14" />
      <mem type="loa" free="421888" total="421888" percent="100" />
    </mem>
    <remembered-set count="399" />
  </mem-info>
</gc-start>
<allocation-stats totalBytes="2341112" >
  <allocated-bytes non-tlh="32" tlh="2341080" />
  <largest-consumer threadName="node-2" threadId="000000000149A100" bytes="122872" />
</allocation-stats>
<gc-op id="609" type="scavenge" timems="1.973" contextid="606" timestamp="2019-08-09T18:04:41.787">
  <scavenger-info tenureage="4" tenuremask="7ff0" tiltratio="68" />
  <memory-copied type="nursery" objects="3610" bytes="106816" bytesdiscarded="38336" />
</gc-op>
<gc-end id="610" type="scavenge" contextid="606" durationms="2.270" usertimems="2.077" systemtimems="3.374" timestamp="2019-08-09T18:04:41.787" activeThreads="16">
  <mem-info id="611" free="3987152" total="11993088" percent="33">
    <mem type="nursery" free="2410752" total="3538944" percent="68">
      <mem type="allocate" free="2410752" total="2555904" percent="94" />
      <mem type="survivor" free="0" total="983040" percent="0" />
    </mem>
    <mem type="tenure" free="1576400" total="8454144" percent="18" macro-fragmented="1041779">
      <mem type="soa" free="1154512" total="8032256" percent="14" />
      <mem type="loa" free="421888" total="421888" percent="100" />
    </mem>
    <remembered-set count="330" />
  </mem-info>
</gc-end>
<cycle-end id="612" type="scavenge" contextid="606" timestamp="2019-08-09T18:04:41.787" />
  <attribute name="elasticGC enabled" value="1" />
  <attribute name= "numThreadsSpecified" value="16" />
  <attribute name="heapSize specified" value="11862016" />
  <attribute name="Current GC Util" value="0" />
  <attribute name= "Current Time Running" value="17655" />
  <attribute name ="GC Interval" value="2105" />
  <attribute name="Target GC Util Change" value ="80.000000" />
  <attribute name="Current GC Util Change" value="0.000000"/>
  <attribute name="Current Error" value="80.000000" />
  <attribute name="Output H" value="12068864"/>
  <attribute name="Output I" value="2104"/>
  <attribute name="Output T" value="16"/>
  <attribute name= "Current Time Running" value="17655" />
  <attribute name="GC Util currently" value="0" />
  <attribute name="CPU Util currently" value="8" />
<allocation-satisfied id="613" threadId="0000000001461F00" bytesRequested="16" />
<af-end id="614" timestamp="2019-08-09T18:04:41.788" threadId="0000000001462888" success="true" from="nursery"/>
<exclusive-end id="615" timestamp="2019-08-09T18:04:41.788" durationms="2.841" />

<exclusive-start id="616" timestamp="2019-08-09T18:04:42.467" intervalms="682.383">
  <response-info timems="0.627" idlems="0.627" threads="0" lastid="00000000014A5500" lastname="node-9" />
</exclusive-start>
<af-start id="617" threadId="00000000014A5E88" totalBytesRequested="32" timestamp="2019-08-09T18:04:42.467" intervalms="682.444" type="nursery" />
<cycle-start id="618" type="scavenge" contextid="0" timestamp="2019-08-09T18:04:42.467" intervalms="682.447" />
<gc-start id="619" type="scavenge" contextid="618" timestamp="2019-08-09T18:04:42.467">
  <mem-info id="620" free="1576400" total="11993088" percent="13">
    <mem type="nursery" free="0" total="3538944" percent="0">
      <mem type="allocate" free="0" total="2555904" percent="0" />
      <mem type="survivor" free="0" total="983040" percent="0" />
    </mem>
    <mem type="tenure" free="1576400" total="8454144" percent="18">
      <mem type="soa" free="1154512" total="8032256" percent="14" />
      <mem type="loa" free="421888" total="421888" percent="100" />
    </mem>
    <remembered-set count="417" />
  </mem-info>
</gc-start>
<allocation-stats totalBytes="2405928" >
  <allocated-bytes non-tlh="16" tlh="2405912" />
  <largest-consumer threadName="node-11" threadId="000000000144B700" bytes="122848" />
</allocation-stats>
<gc-op id="621" type="scavenge" timems="4.064" contextid="618" timestamp="2019-08-09T18:04:42.472">
  <scavenger-info tenureage="3" tenuremask="7fe8" tiltratio="72" />
  <memory-copied type="nursery" objects="3557" bytes="87008" bytesdiscarded="74272" />
  <memory-copied type="tenure" objects="1046" bytes="25104" bytesdiscarded="0" />
</gc-op>
<gc-end id="622" type="scavenge" contextid="618" durationms="4.396" usertimems="5.459" systemtimems="4.039" timestamp="2019-08-09T18:04:42.472" activeThreads="16">
  <mem-info id="623" free="4135376" total="11993088" percent="34">
    <mem type="nursery" free="2591232" total="3538944" percent="73">
      <mem type="allocate" free="2591232" total="2752512" percent="94" />
      <mem type="survivor" free="0" total="786432" percent="0" />
    </mem>
    <mem type="tenure" free="1544144" total="8454144" percent="18" macro-fragmented="723458">
      <mem type="soa" free="1122256" total="8032256" percent="13" />
      <mem type="loa" free="421888" total="421888" percent="100" />
    </mem>
    <remembered-set count="350" />
  </mem-info>
</gc-end>
<cycle-end id="624" type="scavenge" contextid="618" timestamp="2019-08-09T18:04:42.472" />
  <attribute name="elasticGC enabled" value="1" />
  <attribute name= "numThreadsSpecified" value="16" />
  <attribute name="heapSize specified" value="11862016" />
  <attribute name="Current GC Util" value="0" />
  <attribute name= "Current Time Running" value="18337" />
  <attribute name ="GC Interval" value="2193" />
  <attribute name="Target GC Util Change" value ="80.000000" />
  <attribute name="Current GC Util Change" value="0.000000"/>
  <attribute name="Current Error" value="160.000000" />
  <attribute name="Output H" value="12068952"/>
  <attribute name="Output I" value="2192"/>
  <attribute name="Output T" value="16"/>
  <attribute name= "Current Time Running" value="18337" />
  <attribute name="GC Util currently" value="0" />
  <attribute name="CPU Util currently" value="7" />
<allocation-satisfied id="625" threadId="00000000014A5500" bytesRequested="32" />
<af-end id="626" timestamp="2019-08-09T18:04:42.472" threadId="00000000014A5E88" success="true" from="nursery"/>
<exclusive-end id="627" timestamp="2019-08-09T18:04:42.472" durationms="4.881" />

<exclusive-start id="628" timestamp="2019-08-09T18:04:43.417" intervalms="949.652">
  <response-info timems="0.021" idlems="0.021" threads="0" lastid="0000000001496500" lastname="node-15" />
</exclusive-start>
<af-start id="629" threadId="0000000001496E88" totalBytesRequested="376" timestamp="2019-08-09T18:04:43.417" intervalms="949.655" type="nursery" />
<cycle-start id="630" type="scavenge" contextid="0" timestamp="2019-08-09T18:04:43.417" intervalms="949.655" />
<gc-start id="631" type="scavenge" contextid="630" timestamp="2019-08-09T18:04:43.417">
  <mem-info id="632" free="1544144" total="11993088" percent="12">
    <mem type="nursery" free="0" total="3538944" percent="0">
      <mem type="allocate" free="0" total="2752512" percent="0" />
      <mem type="survivor" free="0" total="786432" percent="0" />
    </mem>
    <mem type="tenure" free="1544144" total="8454144" percent="18">
      <mem type="soa" free="1122256" total="8032256" percent="13" />
      <mem type="loa" free="421888" total="421888" percent="100" />
    </mem>
    <remembered-set count="432" />
  </mem-info>
</gc-start>
<allocation-stats totalBytes="2585232" >
  <allocated-bytes non-tlh="32" tlh="2585200" />
  <largest-consumer threadName="node-7" threadId="000000000144F300" bytes="143168" />
</allocation-stats>
<gc-op id="633" type="scavenge" timems="3.959" contextid="630" timestamp="2019-08-09T18:04:43.421">
  <scavenger-info tenureage="3" tenuremask="ffe8" tiltratio="77" />
  <memory-copied type="nursery" objects="3657" bytes="93472" bytesdiscarded="100064" />
  <memory-copied type="tenure" objects="1347" bytes="32328" bytesdiscarded="0" />
</gc-op>
<gc-end id="634" type="scavenge" contextid="630" durationms="4.409" usertimems="2.001" systemtimems="4.747" timestamp="2019-08-09T18:04:43.421" activeThreads="16">
  <mem-info id="635" free="4185808" total="11993088" percent="34">
    <mem type="nursery" free="2690048" total="3538944" percent="76">
      <mem type="allocate" free="2690048" total="2883584" percent="93" />
      <mem type="survivor" free="0" total="655360" percent="0" />
    </mem>
    <mem type="tenure" free="1495760" total="8454144" percent="17" macro-fragmented="1286816">
      <mem type="soa" free="1073872" total="8032256" percent="13" />
      <mem type="loa" free="421888" total="421888" percent="100" />
    </mem>
    <remembered-set count="332" />
  </mem-info>
</gc-end>
<cycle-end id="636" type="scavenge" contextid="630" timestamp="2019-08-09T18:04:43.422" />
  <attribute name="elasticGC enabled" value="1" />
  <attribute name= "numThreadsSpecified" value="16" />
  <attribute name="heapSize specified" value="11862016" />
  <attribute name="Current GC Util" value="0" />
  <attribute name= "Current Time Running" value="19287" />
  <attribute name ="GC Interval" value="2289" />
  <attribute name="Target GC Util Change" value ="80.000000" />
  <attribute name="Current GC Util Change" value="0.000000"/>
  <attribute name="Current Error" value="240.000000" />
  <attribute name="Output H" value="12069048"/>
  <attribute name="Output I" value="2288"/>
  <attribute name="Output T" value="16"/>
  <attribute name= "Current Time Running" value="19287" />
  <attribute name="GC Util currently" value="0" />
  <attribute name="CPU Util currently" value="10" />
<allocation-satisfied id="637" threadId="0000000001496500" bytesRequested="376" />
<af-end id="638" timestamp="2019-08-09T18:04:43.422" threadId="0000000001496E88" success="true" from="nursery"/>
<exclusive-end id="639" timestamp="2019-08-09T18:04:43.422" durationms="4.892" />

<exclusive-start id="640" timestamp="2019-08-09T18:04:44.723" intervalms="1306.571">
  <response-info timems="0.153" idlems="0.153" threads="0" lastid="000000000147C200" lastname="node-23" />
</exclusive-start>
<af-start id="641" threadId="000000000147CB88" totalBytesRequested="24" timestamp="2019-08-09T18:04:44.723" intervalms="1306.535" type="nursery" />
<cycle-start id="642" type="scavenge" contextid="0" timestamp="2019-08-09T18:04:44.723" intervalms="1306.550" />
<gc-start id="643" type="scavenge" contextid="642" timestamp="2019-08-09T18:04:44.724">
  <mem-info id="644" free="1495760" total="11993088" percent="12">
    <mem type="nursery" free="0" total="3538944" percent="0">
      <mem type="allocate" free="0" total="2883584" percent="0" />
      <mem type="survivor" free="0" total="655360" percent="0" />
    </mem>
    <mem type="tenure" free="1495760" total="8454144" percent="17">
      <mem type="soa" free="1073872" total="8032256" percent="13" />
      <mem type="loa" free="421888" total="421888" percent="100" />
    </mem>
    <remembered-set count="434" />
  </mem-info>
</gc-start>
<allocation-stats totalBytes="2688672" >
  <allocated-bytes non-tlh="376" tlh="2688296" />
  <largest-consumer threadName="node-19" threadId="0000000001478600" bytes="143328" />
</allocation-stats>
<gc-op id="645" type="scavenge" timems="3.450" contextid="642" timestamp="2019-08-09T18:04:44.727">
  <scavenger-info tenureage="3" tenuremask="ffe8" tiltratio="81" />
  <memory-copied type="nursery" objects="4199" bytes="102488" bytesdiscarded="74920" />
  <memory-copied type="tenure" objects="1049" bytes="25176" bytesdiscarded="0" />
</gc-op>
<gc-end id="646" type="scavenge" contextid="642" durationms="3.617" usertimems="0.570" systemtimems="6.771" timestamp="2019-08-09T18:04:44.727" activeThreads="16">
  <mem-info id="647" free="4235216" total="11993088" percent="35">
    <mem type="nursery" free="2771712" total="3538944" percent="78">
      <mem type="allocate" free="2771712" total="2949120" percent="93" />
      <mem type="survivor" free="0" total="589824" percent="0" />
    </mem>
    <mem type="tenure" free="1463504" total="8454144" percent="17" macro-fragmented="851290">
      <mem type="soa" free="1041616" total="8032256" percent="12" />
      <mem type="loa" free="421888" total="421888" percent="100" />
    </mem>
    <remembered-set count="363" />
  </mem-info>
</gc-end>
<cycle-end id="648" type="scavenge" contextid="642" timestamp="2019-08-09T18:04:44.727" />
  <attribute name="elasticGC enabled" value="1" />
  <attribute name= "numThreadsSpecified" value="16" />
  <attribute name="heapSize specified" value="11862016" />
  <attribute name="Current GC Util" value="0" />
  <attribute name= "Current Time Running" value="20593" />
  <attribute name ="GC Interval" value="2385" />
  <attribute name="Target GC Util Change" value ="80.000000" />
  <attribute name="Current GC Util Change" value="0.000000"/>
  <attribute name="Current Error" value="320.000000" />
  <attribute name="Output H" value="12069144"/>
  <attribute name="Output I" value="2384"/>
  <attribute name="Output T" value="16"/>
  <attribute name= "Current Time Running" value="20593" />
  <attribute name="GC Util currently" value="0" />
  <attribute name="CPU Util currently" value="11" />
<allocation-satisfied id="649" threadId="000000000147C200" bytesRequested="24" />
<af-end id="650" timestamp="2019-08-09T18:04:44.727" threadId="000000000147CB88" success="true" from="nursery"/>
<exclusive-end id="651" timestamp="2019-08-09T18:04:44.727" durationms="4.013" />

<exclusive-start id="652" timestamp="2019-08-09T18:04:46.010" intervalms="1286.844">
  <response-info timems="0.064" idlems="0.064" threads="0" lastid="000000000144B700" lastname="node-11" />
</exclusive-start>
<af-start id="653" threadId="000000000144C088" totalBytesRequested="32" timestamp="2019-08-09T18:04:46.010" intervalms="1286.808" type="nursery" />
<cycle-start id="654" type="scavenge" contextid="0" timestamp="2019-08-09T18:04:46.010" intervalms="1286.874" />
<gc-start id="655" type="scavenge" contextid="654" timestamp="2019-08-09T18:04:46.010">
  <mem-info id="656" free="1463504" total="11993088" percent="12">
    <mem type="nursery" free="0" total="3538944" percent="0">
      <mem type="allocate" free="0" total="2949120" percent="0" />
      <mem type="survivor" free="0" total="589824" percent="0" />
    </mem>
    <mem type="tenure" free="1463504" total="8454144" percent="17">
      <mem type="soa" free="1041616" total="8032256" percent="12" />
      <mem type="loa" free="421888" total="421888" percent="100" />
    </mem>
    <remembered-set count="437" />
  </mem-info>
</gc-start>
<allocation-stats totalBytes="2769560" >
  <allocated-bytes non-tlh="24" tlh="2769536" />
  <largest-consumer threadName="node-7" threadId="000000000144F300" bytes="143328" />
</allocation-stats>
<gc-op id="657" type="scavenge" timems="3.259" contextid="654" timestamp="2019-08-09T18:04:46.014">
  <scavenger-info tenureage="3" tenuremask="ffe8" tiltratio="83" />
  <memory-copied type="nursery" objects="5049" bytes="124032" bytesdiscarded="53376" />
  <memory-copied type="tenure" objects="1025" bytes="24600" bytesdiscarded="0" />
</gc-op>
<gc-end id="658" type="scavenge" contextid="654" durationms="3.837" usertimems="3.781" systemtimems="4.773" timestamp="2019-08-09T18:04:46.014" activeThreads="16">
  <mem-info id="659" free="4268496" total="11993088" percent="35">
    <mem type="nursery" free="2837248" total="3538944" percent="80">
      <mem type="allocate" free="2837248" total="3014656" percent="94" />
      <mem type="survivor" free="0" total="524288" percent="0" />
    </mem>
    <mem type="tenure" free="1431248" total="8454144" percent="16" macro-fragmented="1286816">
      <mem type="soa" free="1009360" total="8032256" percent="12" />
      <mem type="loa" free="421888" total="421888" percent="100" />
    </mem>
    <remembered-set count="370" />
  </mem-info>
</gc-end>
<cycle-end id="660" type="scavenge" contextid="654" timestamp="2019-08-09T18:04:46.014" />
  <attribute name="elasticGC enabled" value="1" />
  <attribute name= "numThreadsSpecified" value="16" />
  <attribute name="heapSize specified" value="11862016" />
  <attribute name="Current GC Util" value="0" />
  <attribute name= "Current Time Running" value="21880" />
  <attribute name ="GC Interval" value="2473" />
  <attribute name="Target GC Util Change" value ="80.000000" />
  <attribute name="Current GC Util Change" value="0.000000"/>
  <attribute name="Current Error" value="400.000000" />
  <attribute name="Output H" value="12069232"/>
  <attribute name="Output I" value="2472"/>
  <attribute name="Output T" value="16"/>
  <attribute name= "Current Time Running" value="21880" />
  <attribute name="GC Util currently" value="0" />
  <attribute name="CPU Util currently" value="11" />
<allocation-satisfied id="661" threadId="000000000144B700" bytesRequested="32" />
<af-end id="662" timestamp="2019-08-09T18:04:46.014" threadId="000000000144C088" success="true" from="nursery"/>
<exclusive-end id="663" timestamp="2019-08-09T18:04:46.014" durationms="4.328" />

<exclusive-start id="664" timestamp="2019-08-09T18:04:47.118" intervalms="1108.215">
  <response-info timems="0.023" idlems="0.023" threads="0" lastid="000000000144B700" lastname="node-11" />
</exclusive-start>
<af-start id="665" threadId="000000000144C088" totalBytesRequested="32" timestamp="2019-08-09T18:04:47.118" intervalms="1108.216" type="nursery" />
<cycle-start id="666" type="scavenge" contextid="0" timestamp="2019-08-09T18:04:47.118" intervalms="1108.130" />
<gc-start id="667" type="scavenge" contextid="666" timestamp="2019-08-09T18:04:47.118">
  <mem-info id="668" free="1431248" total="11993088" percent="11">
    <mem type="nursery" free="0" total="3538944" percent="0">
      <mem type="allocate" free="0" total="3014656" percent="0" />
      <mem type="survivor" free="0" total="524288" percent="0" />
    </mem>
    <mem type="tenure" free="1431248" total="8454144" percent="16">
      <mem type="soa" free="1009360" total="8032256" percent="12" />
      <mem type="loa" free="421888" total="421888" percent="100" />
    </mem>
    <remembered-set count="444" />
  </mem-info>
</gc-start>
<allocation-stats totalBytes="2834824" >
  <allocated-bytes non-tlh="32" tlh="2834792" />
  <largest-consumer threadName="node-23" threadId="000000000147C200" bytes="143336" />
</allocation-stats>
<gc-op id="669" type="scavenge" timems="1.790" contextid="666" timestamp="2019-08-09T18:04:47.120">
  <scavenger-info tenureage="3" tenuremask="ffe8" tiltratio="85" />
  <memory-copied type="nursery" objects="4871" bytes="118672" bytesdiscarded="90992" />
  <memory-copied type="tenure" objects="1440" bytes="34560" bytesdiscarded="0" />
</gc-op>
<gc-end id="670" type="scavenge" contextid="666" durationms="2.189" usertimems="0.853" systemtimems="2.337" timestamp="2019-08-09T18:04:47.121" activeThreads="16">
  <mem-info id="671" free="4269520" total="11993088" percent="35">
    <mem type="nursery" free="2870528" total="3538944" percent="81">
      <mem type="allocate" free="2870528" total="3080192" percent="93" />
      <mem type="survivor" free="0" total="458752" percent="0" />
    </mem>
    <mem type="tenure" free="1398992" total="8454144" percent="16" macro-fragmented="1217038">
      <mem type="soa" free="977104" total="8032256" percent="12" />
      <mem type="loa" free="421888" total="421888" percent="100" />
    </mem>
    <remembered-set count="361" />
  </mem-info>
</gc-end>
<cycle-end id="672" type="scavenge" contextid="666" timestamp="2019-08-09T18:04:47.121" />
  <attribute name="elasticGC enabled" value="1" />
  <attribute name= "numThreadsSpecified" value="16" />
  <attribute name="heapSize specified" value="11862016" />
  <attribute name="Current GC Util" value="0" />
  <attribute name= "Current Time Running" value="22988" />
  <attribute name ="GC Interval" value="2569" />
  <attribute name="Target GC Util Change" value ="80.000000" />
  <attribute name="Current GC Util Change" value="0.000000"/>
  <attribute name="Current Error" value="480.000000" />
  <attribute name="Output H" value="12069328"/>
  <attribute name="Output I" value="2568"/>
  <attribute name="Output T" value="16"/>
  <attribute name= "Current Time Running" value="22988" />
  <attribute name="GC Util currently" value="0" />
  <attribute name="CPU Util currently" value="12" />
<allocation-satisfied id="673" threadId="000000000144B700" bytesRequested="32" />
<af-end id="674" timestamp="2019-08-09T18:04:47.121" threadId="000000000144C088" success="true" from="nursery"/>
<exclusive-end id="675" timestamp="2019-08-09T18:04:47.121" durationms="2.458" />

<exclusive-start id="676" timestamp="2019-08-09T18:04:48.294" intervalms="1175.852">
  <response-info timems="0.055" idlems="0.055" threads="0" lastid="0000000001469600" lastname="node-13" />
</exclusive-start>
<af-start id="677" threadId="0000000001469F88" totalBytesRequested="24" timestamp="2019-08-09T18:04:48.294" intervalms="1175.875" type="nursery" />
<cycle-start id="678" type="scavenge" contextid="0" timestamp="2019-08-09T18:04:48.294" intervalms="1175.874" />
<gc-start id="679" type="scavenge" contextid="678" timestamp="2019-08-09T18:04:48.294">
  <mem-info id="680" free="1398992" total="11993088" percent="11">
    <mem type="nursery" free="0" total="3538944" percent="0">
      <mem type="allocate" free="0" total="3080192" percent="0" />
      <mem type="survivor" free="0" total="458752" percent="0" />
    </mem>
    <mem type="tenure" free="1398992" total="8454144" percent="16">
      <mem type="soa" free="977104" total="8032256" percent="12" />
      <mem type="loa" free="421888" total="421888" percent="100" />
    </mem>
    <remembered-set count="440" />
  </mem-info>
</gc-start>
<allocation-stats totalBytes="2868568" >
  <allocated-bytes non-tlh="32" tlh="2868536" />
  <largest-consumer threadName="node-19" threadId="0000000001478600" bytes="143360" />
</allocation-stats>
<gc-op id="681" type="scavenge" timems="3.107" contextid="678" timestamp="2019-08-09T18:04:48.297">
  <scavenger-info tenureage="3" tenuremask="ffe8" tiltratio="87" />
  <memory-copied type="nursery" objects="4832" bytes="117680" bytesdiscarded="43600" />
  <memory-copied type="tenure" objects="1593" bytes="38232" bytesdiscarded="0" />
</gc-op>
<gc-end id="682" type="scavenge" contextid="678" durationms="3.424" usertimems="2.720" systemtimems="4.042" timestamp="2019-08-09T18:04:48.298" activeThreads="16">
  <mem-info id="683" free="4335056" total="11993088" percent="36">
    <mem type="nursery" free="2984448" total="3538944" percent="84">
      <mem type="allocate" free="2984448" total="3145728" percent="94" />
      <mem type="survivor" free="0" total="393216" percent="0" />
    </mem>
    <mem type="tenure" free="1350608" total="8454144" percent="15" macro-fragmented="1286816">
      <mem type="soa" free="928720" total="8032256" percent="11" />
      <mem type="loa" free="421888" total="421888" percent="100" />
    </mem>
    <remembered-set count="350" />
  </mem-info>
</gc-end>
<cycle-end id="684" type="scavenge" contextid="678" timestamp="2019-08-09T18:04:48.298" />
  <attribute name="elasticGC enabled" value="1" />
  <attribute name= "numThreadsSpecified" value="16" />
  <attribute name="heapSize specified" value="11862016" />
  <attribute name="Current GC Util" value="0" />
  <attribute name= "Current Time Running" value="24164" />
  <attribute name ="GC Interval" value="2105" />
  <attribute name="Target GC Util Change" value ="80.000000" />
  <attribute name="Current GC Util Change" value="0.000000"/>
  <attribute name="Current Error" value="80.000000" />
  <attribute name="Output H" value="12068864"/>
  <attribute name="Output I" value="2104"/>
  <attribute name="Output T" value="16"/>
  <attribute name= "Current Time Running" value="24164" />
  <attribute name="GC Util currently" value="0" />
  <attribute name="CPU Util currently" value="12" />
<allocation-satisfied id="685" threadId="0000000001469600" bytesRequested="24" />
<af-end id="686" timestamp="2019-08-09T18:04:48.298" threadId="0000000001469F88" success="true" from="nursery"/>
<exclusive-end id="687" timestamp="2019-08-09T18:04:48.298" durationms="3.682" />

<exclusive-start id="688" timestamp="2019-08-09T18:04:49.345" intervalms="1050.451">
  <response-info timems="0.027" idlems="0.027" threads="0" lastid="0000000001465B00" lastname="node-4" />
</exclusive-start>
<af-start id="689" threadId="0000000001466488" totalBytesRequested="32" timestamp="2019-08-09T18:04:49.345" intervalms="1050.468" type="nursery" />
<cycle-start id="690" type="scavenge" contextid="0" timestamp="2019-08-09T18:04:49.345" intervalms="1050.590" />
<gc-start id="691" type="scavenge" contextid="690" timestamp="2019-08-09T18:04:49.345">
  <mem-info id="692" free="1350608" total="11993088" percent="11">
    <mem type="nursery" free="0" total="3538944" percent="0">
      <mem type="allocate" free="0" total="3145728" percent="0" />
      <mem type="survivor" free="0" total="393216" percent="0" />
    </mem>
    <mem type="tenure" free="1350608" total="8454144" percent="15">
      <mem type="soa" free="928720" total="8032256" percent="11" />
      <mem type="loa" free="421888" total="421888" percent="100" />
    </mem>
    <remembered-set count="439" />
  </mem-info>
</gc-start>
<allocation-stats totalBytes="2980176" >
  <allocated-bytes non-tlh="24" tlh="2980152" />
  <largest-consumer threadName="node-19" threadId="0000000001478600" bytes="143352" />
</allocation-stats>
<gc-op id="693" type="scavenge" timems="3.326" contextid="690" timestamp="2019-08-09T18:04:49.348">
  <scavenger-info tenureage="3" tenuremask="ffe8" tiltratio="88" />
  <memory-copied type="nursery" objects="4365" bytes="103840" bytesdiscarded="25184" />
  <memory-copied type="tenure" objects="1868" bytes="44832" bytesdiscarded="0" />
</gc-op>
<gc-end id="694" type="scavenge" contextid="690" durationms="3.579" usertimems="2.035" systemtimems="3.555" timestamp="2019-08-09T18:04:49.349" activeThreads="16">
  <mem-info id="695" free="4311248" total="11993088" percent="35">
    <mem type="nursery" free="3016704" total="3538944" percent="85">
      <mem type="allocate" free="3016704" total="3145728" percent="95" />
      <mem type="survivor" free="0" total="393216" percent="0" />
    </mem>
    <mem type="tenure" free="1294544" total="8454144" percent="15" macro-fragmented="1286816">
      <mem type="soa" free="872656" total="8032256" percent="10" />
      <mem type="loa" free="421888" total="421888" percent="100" />
    </mem>
    <remembered-set count="336" />
  </mem-info>
</gc-end>
<cycle-end id="696" type="scavenge" contextid="690" timestamp="2019-08-09T18:04:49.349" />
  <attribute name="elasticGC enabled" value="1" />
  <attribute name= "numThreadsSpecified" value="16" />
  <attribute name="heapSize specified" value="11862016" />
  <attribute name="Current GC Util" value="0" />
  <attribute name= "Current Time Running" value="25215" />
  <attribute name ="GC Interval" value="2193" />
  <attribute name="Target GC Util Change" value ="80.000000" />
  <attribute name="Current GC Util Change" value="0.000000"/>
  <attribute name="Current Error" value="160.000000" />
  <attribute name="Output H" value="12068952"/>
  <attribute name="Output I" value="2192"/>
  <attribute name="Output T" value="16"/>
  <attribute name= "Current Time Running" value="25215" />
  <attribute name="GC Util currently" value="0" />
  <attribute name="CPU Util currently" value="12" />
<allocation-satisfied id="697" threadId="0000000001465B00" bytesRequested="32" />
<af-end id="698" timestamp="2019-08-09T18:04:49.349" threadId="0000000001466488" success="true" from="nursery"/>
<exclusive-end id="699" timestamp="2019-08-09T18:04:49.349" durationms="4.060" />

<exclusive-start id="700" timestamp="2019-08-09T18:04:50.738" intervalms="1393.619">
  <response-info timems="0.601" idlems="0.601" threads="0" lastid="0000000001483A00" lastname="node-14" />
</exclusive-start>
<af-start id="701" threadId="0000000001484388" totalBytesRequested="720" timestamp="2019-08-09T18:04:50.738" intervalms="1393.584" type="nursery" />
<cycle-start id="702" type="scavenge" contextid="0" timestamp="2019-08-09T18:04:50.738" intervalms="1393.468" />
<gc-start id="703" type="scavenge" contextid="702" timestamp="2019-08-09T18:04:50.738">
  <mem-info id="704" free="1294544" total="11993088" percent="10">
    <mem type="nursery" free="0" total="3538944" percent="0">
      <mem type="allocate" free="0" total="3145728" percent="0" />
      <mem type="survivor" free="0" total="393216" percent="0" />
    </mem>
    <mem type="tenure" free="1294544" total="8454144" percent="15">
      <mem type="soa" free="872656" total="8032256" percent="10" />
      <mem type="loa" free="421888" total="421888" percent="100" />
    </mem>
    <remembered-set count="437" />
  </mem-info>
</gc-start>
<allocation-stats totalBytes="3014768" >
  <allocated-bytes non-tlh="32" tlh="3014736" />
  <largest-consumer threadName="node-13" threadId="0000000001469600" bytes="143336" />
</allocation-stats>
<gc-op id="705" type="scavenge" timems="2.950" contextid="702" timestamp="2019-08-09T18:04:50.741">
  <scavenger-info tenureage="3" tenuremask="ffe8" tiltratio="88" />
  <memory-copied type="nursery" objects="4858" bytes="126640" bytesdiscarded="50768" />
  <memory-copied type="tenure" objects="1265" bytes="30360" bytesdiscarded="0" />
</gc-op>
<gc-end id="706" type="scavenge" contextid="702" durationms="3.567" usertimems="1.002" systemtimems="4.741" timestamp="2019-08-09T18:04:50.742" activeThreads="16">
  <mem-info id="707" free="4230608" total="11993088" percent="35">
    <mem type="nursery" free="2968320" total="3538944" percent="83">
      <mem type="allocate" free="2968320" total="3145728" percent="94" />
      <mem type="survivor" free="0" total="393216" percent="0" />
    </mem>
    <mem type="tenure" free="1262288" total="8454144" percent="14" macro-fragmented="1763">
      <mem type="soa" free="840400" total="8032256" percent="10" />
      <mem type="loa" free="421888" total="421888" percent="100" />
    </mem>
    <remembered-set count="352" />
  </mem-info>
</gc-end>
<cycle-end id="708" type="scavenge" contextid="702" timestamp="2019-08-09T18:04:50.742" />
  <attribute name="elasticGC enabled" value="1" />
  <attribute name= "numThreadsSpecified" value="16" />
  <attribute name="heapSize specified" value="11862016" />
  <attribute name="Current GC Util" value="0" />
  <attribute name= "Current Time Running" value="26608" />
  <attribute name ="GC Interval" value="2289" />
  <attribute name="Target GC Util Change" value ="80.000000" />
  <attribute name="Current GC Util Change" value="0.000000"/>
  <attribute name="Current Error" value="240.000000" />
  <attribute name="Output H" value="12069048"/>
  <attribute name="Output I" value="2288"/>
  <attribute name="Output T" value="16"/>
  <attribute name= "Current Time Running" value="26608" />
  <attribute name="GC Util currently" value="0" />
  <attribute name="CPU Util currently" value="13" />
<allocation-satisfied id="709" threadId="0000000001483A00" bytesRequested="720" />
<af-end id="710" timestamp="2019-08-09T18:04:50.742" threadId="0000000001484388" success="true" from="nursery"/>
<exclusive-end id="711" timestamp="2019-08-09T18:04:50.742" durationms="3.796" />

<exclusive-start id="712" timestamp="2019-08-09T18:04:51.883" intervalms="1144.411">
  <response-info timems="0.033" idlems="0.033" threads="0" lastid="0000000001474A00" lastname="node-6" />
</exclusive-start>
<af-start id="713" threadId="0000000001475388" totalBytesRequested="32" timestamp="2019-08-09T18:04:51.883" intervalms="1144.457" type="nursery" />
<cycle-start id="714" type="scavenge" contextid="0" timestamp="2019-08-09T18:04:51.883" intervalms="1144.462" />
<gc-start id="715" type="scavenge" contextid="714" timestamp="2019-08-09T18:04:51.883">
  <mem-info id="716" free="1262288" total="11993088" percent="10">
    <mem type="nursery" free="0" total="3538944" percent="0">
      <mem type="allocate" free="0" total="3145728" percent="0" />
      <mem type="survivor" free="0" total="393216" percent="0" />
    </mem>
    <mem type="tenure" free="1262288" total="8454144" percent="14">
      <mem type="soa" free="840400" total="8032256" percent="10" />
      <mem type="loa" free="421888" total="421888" percent="100" />
    </mem>
    <remembered-set count="442" />
  </mem-info>
</gc-start>
<allocation-stats totalBytes="2963456" >
  <allocated-bytes non-tlh="720" tlh="2962736" />
  <largest-consumer threadName="node-7" threadId="000000000144F300" bytes="143352" />
</allocation-stats>
<gc-op id="717" type="scavenge" timems="2.947" contextid="714" timestamp="2019-08-09T18:04:51.886">
  <scavenger-info tenureage="3" tenuremask="ffe8" tiltratio="88" />
  <memory-copied type="nursery" objects="4733" bytes="112672" bytesdiscarded="16352" />
  <memory-copied type="tenure" objects="1559" bytes="37416" bytesdiscarded="0" />
</gc-op>
<gc-end id="718" type="scavenge" contextid="714" durationms="3.773" usertimems="6.656" systemtimems="3.413" timestamp="2019-08-09T18:04:51.887" activeThreads="16">
  <mem-info id="719" free="4230608" total="11993088" percent="35">
    <mem type="nursery" free="3016704" total="3538944" percent="85">
      <mem type="allocate" free="3016704" total="3145728" percent="95" />
      <mem type="survivor" free="0" total="393216" percent="0" />
    </mem>
    <mem type="tenure" free="1213904" total="8454144" percent="14" macro-fragmented="502401">
      <mem type="soa" free="792016" total="8032256" percent="9" />
      <mem type="loa" free="421888" total="421888" percent="100" />
    </mem>
    <remembered-set count="341" />
  </mem-info>
</gc-end>
<cycle-end id="720" type="scavenge" contextid="714" timestamp="2019-08-09T18:04:51.887" />
  <attribute name="elasticGC enabled" value="1" />
  <attribute name= "numThreadsSpecified" value="16" />
  <attribute name="heapSize specified" value="11862016" />
  <attribute name="Current GC Util" value="0" />
  <attribute name= "Current Time Running" value="27753" />
  <attribute name ="GC Interval" value="2385" />
  <attribute name="Target GC Util Change" value ="80.000000" />
  <attribute name="Current GC Util Change" value="0.000000"/>
  <attribute name="Current Error" value="320.000000" />
  <attribute name="Output H" value="12069144"/>
  <attribute name="Output I" value="2384"/>
  <attribute name="Output T" value="16"/>
  <attribute name= "Current Time Running" value="27753" />
  <attribute name="GC Util currently" value="0" />
  <attribute name="CPU Util currently" value="11" />
<allocation-satisfied id="721" threadId="0000000001474A00" bytesRequested="32" />
<af-end id="722" timestamp="2019-08-09T18:04:51.887" threadId="0000000001475388" success="true" from="nursery"/>
<exclusive-end id="723" timestamp="2019-08-09T18:04:51.887" durationms="4.081" />

<exclusive-start id="724" timestamp="2019-08-09T18:04:53.219" intervalms="1335.976">
  <response-info timems="0.263" idlems="0.145" threads="1" lastid="0000000001470E00" lastname="node-5" />
</exclusive-start>
<af-start id="725" threadId="0000000001453888" totalBytesRequested="24" timestamp="2019-08-09T18:04:53.219" intervalms="1335.937" type="nursery" />
<cycle-start id="726" type="scavenge" contextid="0" timestamp="2019-08-09T18:04:53.219" intervalms="1335.929" />
<gc-start id="727" type="scavenge" contextid="726" timestamp="2019-08-09T18:04:53.219">
  <mem-info id="728" free="1213904" total="11993088" percent="10">
    <mem type="nursery" free="0" total="3538944" percent="0">
      <mem type="allocate" free="0" total="3145728" percent="0" />
      <mem type="survivor" free="0" total="393216" percent="0" />
    </mem>
    <mem type="tenure" free="1213904" total="8454144" percent="14">
      <mem type="soa" free="792016" total="8032256" percent="9" />
      <mem type="loa" free="421888" total="421888" percent="100" />
    </mem>
    <remembered-set count="441" />
  </mem-info>
</gc-start>
<allocation-stats totalBytes="3014872" >
  <allocated-bytes non-tlh="32" tlh="3014840" />
  <largest-consumer threadName="node-9" threadId="00000000014A5500" bytes="143336" />
</allocation-stats>
<gc-op id="729" type="scavenge" timems="2.585" contextid="726" timestamp="2019-08-09T18:04:53.221">
  <scavenger-info tenureage="3" tenuremask="ffe8" tiltratio="88" />
  <memory-copied type="nursery" objects="5294" bytes="128768" bytesdiscarded="32512" />
  <memory-copied type="tenure" objects="1426" bytes="34224" bytesdiscarded="0" />
</gc-op>
<gc-end id="730" type="scavenge" contextid="726" durationms="3.405" usertimems="2.957" systemtimems="1.840" timestamp="2019-08-09T18:04:53.222" activeThreads="16">
  <mem-info id="731" free="4149968" total="11993088" percent="34">
    <mem type="nursery" free="2984448" total="3538944" percent="84">
      <mem type="allocate" free="2984448" total="3145728" percent="94" />
      <mem type="survivor" free="0" total="393216" percent="0" />
    </mem>
    <mem type="tenure" free="1165520" total="8454144" percent="13" macro-fragmented="1142125">
      <mem type="soa" free="743632" total="8032256" percent="9" />
      <mem type="loa" free="421888" total="421888" percent="100" />
    </mem>
    <remembered-set count="363" />
  </mem-info>
</gc-end>
<cycle-end id="732" type="scavenge" contextid="726" timestamp="2019-08-09T18:04:53.222" />
  <attribute name="elasticGC enabled" value="1" />
  <attribute name= "numThreadsSpecified" value="16" />
  <attribute name="heapSize specified" value="11862016" />
  <attribute name="Current GC Util" value="0" />
  <attribute name= "Current Time Running" value="29089" />
  <attribute name ="GC Interval" value="2473" />
  <attribute name="Target GC Util Change" value ="80.000000" />
  <attribute name="Current GC Util Change" value="0.000000"/>
  <attribute name="Current Error" value="400.000000" />
  <attribute name="Output H" value="12069232"/>
  <attribute name="Output I" value="2472"/>
  <attribute name="Output T" value="16"/>
  <attribute name= "Current Time Running" value="29089" />
  <attribute name="GC Util currently" value="0" />
  <attribute name="CPU Util currently" value="12" />
<allocation-satisfied id="733" threadId="0000000001452F00" bytesRequested="24" />
<af-end id="734" timestamp="2019-08-09T18:04:53.222" threadId="0000000001453888" success="true" from="nursery"/>
<exclusive-end id="735" timestamp="2019-08-09T18:04:53.222" durationms="3.720" />

<exclusive-start id="736" timestamp="2019-08-09T18:04:54.401" intervalms="1182.544">
  <response-info timems="0.510" idlems="0.510" threads="0" lastid="0000000001465B00" lastname="node-4" />
</exclusive-start>
<af-start id="737" threadId="0000000001466488" totalBytesRequested="16" timestamp="2019-08-09T18:04:54.401" intervalms="1182.574" type="nursery" />
<cycle-start id="738" type="scavenge" contextid="0" timestamp="2019-08-09T18:04:54.401" intervalms="1182.700" />
<gc-start id="739" type="scavenge" contextid="738" timestamp="2019-08-09T18:04:54.402">
  <mem-info id="740" free="1165520" total="11993088" percent="9">
    <mem type="nursery" free="0" total="3538944" percent="0">
      <mem type="allocate" free="0" total="3145728" percent="0" />
      <mem type="survivor" free="0" total="393216" percent="0" />
    </mem>
    <mem type="tenure" free="1165520" total="8454144" percent="13">
      <mem type="soa" free="743632" total="8032256" percent="9" />
      <mem type="loa" free="421888" total="421888" percent="100" />
    </mem>
    <remembered-set count="443" />
  </mem-info>
</gc-start>
<allocation-stats totalBytes="2982504" >
  <allocated-bytes non-tlh="24" tlh="2982480" />
  <largest-consumer threadName="node-9" threadId="00000000014A5500" bytes="143344" />
</allocation-stats>
<gc-op id="741" type="scavenge" timems="2.333" contextid="738" timestamp="2019-08-09T18:04:54.404">
  <scavenger-info tenureage="3" tenuremask="ffe8" tiltratio="88" />
  <memory-copied type="nursery" objects="5149" bytes="123256" bytesdiscarded="70280" />
  <memory-copied type="tenure" objects="1705" bytes="40920" bytesdiscarded="0" />
</gc-op>
<gc-end id="742" type="scavenge" contextid="738" durationms="2.479" usertimems="2.384" systemtimems="1.686" timestamp="2019-08-09T18:04:54.404" activeThreads="16">
  <mem-info id="743" free="4085456" total="11993088" percent="34">
    <mem type="nursery" free="2952192" total="3538944" percent="83">
      <mem type="allocate" free="2952192" total="3145728" percent="93" />
      <mem type="survivor" free="0" total="393216" percent="0" />
    </mem>
    <mem type="tenure" free="1133264" total="8454144" percent="13" macro-fragmented="1021548">
      <mem type="soa" free="711376" total="8032256" percent="8" />
      <mem type="loa" free="421888" total="421888" percent="100" />
    </mem>
    <remembered-set count="346" />
  </mem-info>
</gc-end>
<cycle-end id="744" type="scavenge" contextid="738" timestamp="2019-08-09T18:04:54.404" />
  <attribute name="elasticGC enabled" value="1" />
  <attribute name= "numThreadsSpecified" value="16" />
  <attribute name="heapSize specified" value="11862016" />
  <attribute name="Current GC Util" value="0" />
  <attribute name= "Current Time Running" value="30271" />
  <attribute name ="GC Interval" value="2569" />
  <attribute name="Target GC Util Change" value ="80.000000" />
  <attribute name="Current GC Util Change" value="0.000000"/>
  <attribute name="Current Error" value="480.000000" />
  <attribute name="Output H" value="12069328"/>
  <attribute name="Output I" value="2568"/>
  <attribute name="Output T" value="16"/>
  <attribute name= "Current Time Running" value="30271" />
  <attribute name="GC Util currently" value="0" />
  <attribute name="CPU Util currently" value="11" />
<allocation-satisfied id="745" threadId="0000000001465B00" bytesRequested="16" />
<af-end id="746" timestamp="2019-08-09T18:04:54.404" threadId="0000000001466488" success="true" from="nursery"/>
<exclusive-end id="747" timestamp="2019-08-09T18:04:54.404" durationms="3.002" />

<exclusive-start id="748" timestamp="2019-08-09T18:04:55.670" intervalms="1268.805">
  <response-info timems="0.119" idlems="0.119" threads="0" lastid="000000000149A100" lastname="node-2" />
</exclusive-start>
<af-start id="749" threadId="000000000149AA88" totalBytesRequested="720" timestamp="2019-08-09T18:04:55.670" intervalms="1268.788" type="nursery" />
<cycle-start id="750" type="scavenge" contextid="0" timestamp="2019-08-09T18:04:55.670" intervalms="1268.760" />
<gc-start id="751" type="scavenge" contextid="750" timestamp="2019-08-09T18:04:55.670">
  <mem-info id="752" free="1133264" total="11993088" percent="9">
    <mem type="nursery" free="0" total="3538944" percent="0">
      <mem type="allocate" free="0" total="3145728" percent="0" />
      <mem type="survivor" free="0" total="393216" percent="0" />
    </mem>
    <mem type="tenure" free="1133264" total="8454144" percent="13">
      <mem type="soa" free="711376" total="8032256" percent="8" />
      <mem type="loa" free="421888" total="421888" percent="100" />
    </mem>
    <remembered-set count="443" />
  </mem-info>
</gc-start>
<allocation-stats totalBytes="2938808" >
  <allocated-bytes non-tlh="16" tlh="2938792" />
  <largest-consumer threadName="node-9" threadId="00000000014A5500" bytes="143336" />
</allocation-stats>
<gc-op id="753" type="scavenge" timems="2.695" contextid="750" timestamp="2019-08-09T18:04:55.673">
  <scavenger-info tenureage="3" tenuremask="4008" tiltratio="88" />
  <memory-copied type="nursery" objects="5404" bytes="141608" bytesdiscarded="68056" />
  <memory-copied type="tenure" objects="1487" bytes="35688" bytesdiscarded="0" />
</gc-op>
<gc-end id="754" type="scavenge" contextid="750" durationms="3.085" usertimems="1.166" systemtimems="3.684" timestamp="2019-08-09T18:04:55.673" activeThreads="16">
  <mem-info id="755" free="4020944" total="11993088" percent="33">
    <mem type="nursery" free="2936064" total="3538944" percent="82">
      <mem type="allocate" free="2936064" total="3145728" percent="93" />
      <mem type="survivor" free="0" total="393216" percent="0" />
    </mem>
    <mem type="tenure" free="1084880" total="8454144" percent="12" macro-fragmented="921068">
      <mem type="soa" free="662992" total="8032256" percent="8" />
      <mem type="loa" free="421888" total="421888" percent="100" />
    </mem>
    <remembered-set count="351" />
  </mem-info>
</gc-end>
<cycle-end id="756" type="scavenge" contextid="750" timestamp="2019-08-09T18:04:55.673" />
  <attribute name="elasticGC enabled" value="1" />
  <attribute name= "numThreadsSpecified" value="16" />
  <attribute name="heapSize specified" value="11862016" />
  <attribute name="Current GC Util" value="0" />
  <attribute name= "Current Time Running" value="31540" />
  <attribute name ="GC Interval" value="2105" />
  <attribute name="Target GC Util Change" value ="80.000000" />
  <attribute name="Current GC Util Change" value="0.000000"/>
  <attribute name="Current Error" value="80.000000" />
  <attribute name="Output H" value="12068864"/>
  <attribute name="Output I" value="2104"/>
  <attribute name="Output T" value="16"/>
  <attribute name= "Current Time Running" value="31540" />
  <attribute name="GC Util currently" value="0" />
  <attribute name="CPU Util currently" value="11" />
<allocation-satisfied id="757" threadId="000000000149A100" bytesRequested="720" />
<af-end id="758" timestamp="2019-08-09T18:04:55.674" threadId="000000000149AA88" success="true" from="nursery"/>
<exclusive-end id="759" timestamp="2019-08-09T18:04:55.674" durationms="3.492" />

<exclusive-start id="760" timestamp="2019-08-09T18:04:56.944" intervalms="1273.726">
  <response-info timems="0.025" idlems="0.025" threads="0" lastid="0000000001469600" lastname="node-13" />
</exclusive-start>
<af-start id="761" threadId="0000000001469F88" totalBytesRequested="16" timestamp="2019-08-09T18:04:56.944" intervalms="1273.854" type="nursery" />
<cycle-start id="762" type="scavenge" contextid="0" timestamp="2019-08-09T18:04:56.944" intervalms="1273.765" />
<gc-start id="763" type="scavenge" contextid="762" timestamp="2019-08-09T18:04:56.944">
  <mem-info id="764" free="1084880" total="11993088" percent="9">
    <mem type="nursery" free="0" total="3538944" percent="0">
      <mem type="allocate" free="0" total="3145728" percent="0" />
      <mem type="survivor" free="0" total="393216" percent="0" />
    </mem>
    <mem type="tenure" free="1084880" total="8454144" percent="12">
      <mem type="soa" free="662992" total="8032256" percent="8" />
      <mem type="loa" free="421888" total="421888" percent="100" />
    </mem>
    <remembered-set count="440" />
  </mem-info>
</gc-start>
<allocation-stats totalBytes="2934224" >
  <allocated-bytes non-tlh="720" tlh="2933504" />
  <largest-consumer threadName="node-2" threadId="000000000149A100" bytes="144032" />
</allocation-stats>
<gc-op id="765" type="scavenge" timems="2.408" contextid="762" timestamp="2019-08-09T18:04:56.946">
  <scavenger-info tenureage="3" tenuremask="4008" tiltratio="88" />
  <memory-copied type="nursery" objects="5030" bytes="135872" bytesdiscarded="25408" />
  <memory-copied type="tenure" objects="1961" bytes="47064" bytesdiscarded="0" />
</gc-op>
<gc-end id="766" type="scavenge" contextid="762" durationms="2.753" usertimems="2.023" systemtimems="1.123" timestamp="2019-08-09T18:04:56.947" activeThreads="16">
  <mem-info id="767" free="4020944" total="11993088" percent="33">
    <mem type="nursery" free="2984448" total="3538944" percent="84">
      <mem type="allocate" free="2984448" total="3145728" percent="94" />
      <mem type="survivor" free="0" total="393216" percent="0" />
    </mem>
    <mem type="tenure" free="1036496" total="8454144" percent="12" macro-fragmented="1021548">
      <mem type="soa" free="614608" total="8032256" percent="7" />
      <mem type="loa" free="421888" total="421888" percent="100" />
    </mem>
    <remembered-set count="349" />
  </mem-info>
</gc-end>
<cycle-end id="768" type="scavenge" contextid="762" timestamp="2019-08-09T18:04:56.947" />
  <attribute name="elasticGC enabled" value="1" />
  <attribute name= "numThreadsSpecified" value="16" />
  <attribute name="heapSize specified" value="11862016" />
  <attribute name="Current GC Util" value="0" />
  <attribute name= "Current Time Running" value="32814" />
  <attribute name ="GC Interval" value="2193" />
  <attribute name="Target GC Util Change" value ="80.000000" />
  <attribute name="Current GC Util Change" value="0.000000"/>
  <attribute name="Current Error" value="160.000000" />
  <attribute name="Output H" value="12068952"/>
  <attribute name="Output I" value="2192"/>
  <attribute name="Output T" value="16"/>
  <attribute name= "Current Time Running" value="32814" />
  <attribute name="GC Util currently" value="0" />
  <attribute name="CPU Util currently" value="12" />
<allocation-satisfied id="769" threadId="0000000001469600" bytesRequested="16" />
<af-end id="770" timestamp="2019-08-09T18:04:56.947" threadId="0000000001469F88" success="true" from="nursery"/>
<exclusive-end id="771" timestamp="2019-08-09T18:04:56.947" durationms="3.260" />

<exclusive-start id="772" timestamp="2019-08-09T18:04:58.090" intervalms="1146.641">
  <response-info timems="0.390" idlems="0.390" threads="0" lastid="0000000001487600" lastname="node-0" />
</exclusive-start>
<af-start id="773" threadId="0000000001487F88" totalBytesRequested="496" timestamp="2019-08-09T18:04:58.090" intervalms="1146.509" type="nursery" />
<cycle-start id="774" type="scavenge" contextid="0" timestamp="2019-08-09T18:04:58.091" intervalms="1146.511" />
<gc-start id="775" type="scavenge" contextid="774" timestamp="2019-08-09T18:04:58.091">
  <mem-info id="776" free="1036496" total="11993088" percent="8">
    <mem type="nursery" free="0" total="3538944" percent="0">
      <mem type="allocate" free="0" total="3145728" percent="0" />
      <mem type="survivor" free="0" total="393216" percent="0" />
    </mem>
    <mem type="tenure" free="1036496" total="8454144" percent="12">
      <mem type="soa" free="614608" total="8032256" percent="7" />
      <mem type="loa" free="421888" total="421888" percent="100" />
    </mem>
    <remembered-set count="440" />
  </mem-info>
</gc-start>
<allocation-stats totalBytes="2981936" >
  <allocated-bytes non-tlh="16" tlh="2981920" />
  <largest-consumer threadName="node-16" threadId="000000000148ED00" bytes="143344" />
</allocation-stats>
<gc-op id="777" type="scavenge" timems="4.943" contextid="774" timestamp="2019-08-09T18:04:58.096">
  <scavenger-info tenureage="2" tenuremask="400c" tiltratio="88" />
  <memory-copied type="nursery" objects="3173" bytes="81616" bytesdiscarded="63536" />
  <memory-copied type="tenure" objects="3271" bytes="78504" bytesdiscarded="0" />
</gc-op>
<gc-end id="778" type="scavenge" contextid="774" durationms="5.729" usertimems="2.926" systemtimems="9.418" timestamp="2019-08-09T18:04:58.096" activeThreads="16">
  <mem-info id="779" free="3917264" total="11993088" percent="32">
    <mem type="nursery" free="3000576" total="3538944" percent="84">
      <mem type="allocate" free="3000576" total="3145728" percent="95" />
      <mem type="survivor" free="0" total="393216" percent="0" />
    </mem>
    <mem type="tenure" free="916688" total="8454144" percent="10" macro-fragmented="0">
      <mem type="soa" free="494800" total="8032256" percent="6" />
      <mem type="loa" free="421888" total="421888" percent="100" />
    </mem>
    <remembered-set count="325" />
  </mem-info>
</gc-end>
<cycle-end id="780" type="scavenge" contextid="774" timestamp="2019-08-09T18:04:58.096" />
  <attribute name="elasticGC enabled" value="1" />
  <attribute name= "numThreadsSpecified" value="16" />
  <attribute name="heapSize specified" value="11862016" />
  <attribute name="Current GC Util" value="0" />
  <attribute name= "Current Time Running" value="33960" />
  <attribute name ="GC Interval" value="2289" />
  <attribute name="Target GC Util Change" value ="80.000000" />
  <attribute name="Current GC Util Change" value="0.000000"/>
  <attribute name="Current Error" value="240.000000" />
  <attribute name="Output H" value="12069048"/>
  <attribute name="Output I" value="2288"/>
  <attribute name="Output T" value="16"/>
  <attribute name= "Current Time Running" value="33960" />
  <attribute name="GC Util currently" value="0" />
  <attribute name="CPU Util currently" value="11" />
<allocation-satisfied id="781" threadId="0000000001487600" bytesRequested="496" />
<af-end id="782" timestamp="2019-08-09T18:04:58.096" threadId="0000000001487F88" success="true" from="nursery"/>
<exclusive-end id="783" timestamp="2019-08-09T18:04:58.096" durationms="6.023" />

<exclusive-start id="784" timestamp="2019-08-09T18:04:59.114" intervalms="1023.144">
  <response-info timems="0.872" idlems="0.872" threads="0" lastid="0000000001496500" lastname="node-15" />
</exclusive-start>
<af-start id="785" threadId="0000000001496E88" totalBytesRequested="24" timestamp="2019-08-09T18:04:59.114" intervalms="1023.186" type="nursery" />
<cycle-start id="786" type="scavenge" contextid="0" timestamp="2019-08-09T18:04:59.114" intervalms="1023.218" />
<gc-start id="787" type="scavenge" contextid="786" timestamp="2019-08-09T18:04:59.114">
  <mem-info id="788" free="916688" total="11993088" percent="7">
    <mem type="nursery" free="0" total="3538944" percent="0">
      <mem type="allocate" free="0" total="3145728" percent="0" />
      <mem type="survivor" free="0" total="393216" percent="0" />
    </mem>
    <mem type="tenure" free="916688" total="8454144" percent="10">
      <mem type="soa" free="494800" total="8032256" percent="6" />
      <mem type="loa" free="421888" total="421888" percent="100" />
    </mem>
    <remembered-set count="417" />
  </mem-info>
</gc-start>
<allocation-stats totalBytes="2996216" >
  <allocated-bytes non-tlh="496" tlh="2995720" />
  <largest-consumer threadName="node-9" threadId="00000000014A5500" bytes="143312" />
</allocation-stats>
<gc-op id="789" type="scavenge" timems="2.550" contextid="786" timestamp="2019-08-09T18:04:59.117">
  <scavenger-info tenureage="2" tenuremask="400c" tiltratio="88" />
  <memory-copied type="nursery" objects="2787" bytes="68600" bytesdiscarded="44296" />
  <memory-copied type="tenure" objects="1578" bytes="37872" bytesdiscarded="0" />
</gc-op>
<gc-end id="790" type="scavenge" contextid="786" durationms="2.951" usertimems="1.306" systemtimems="3.901" timestamp="2019-08-09T18:04:59.117" activeThreads="16">
  <mem-info id="791" free="3917264" total="11993088" percent="32">
    <mem type="nursery" free="3032832" total="3538944" percent="85">
      <mem type="allocate" free="3032832" total="3145728" percent="96" />
      <mem type="survivor" free="0" total="393216" percent="0" />
    </mem>
    <mem type="tenure" free="884432" total="8454144" percent="10" macro-fragmented="0">
      <mem type="soa" free="462544" total="8032256" percent="5" />
      <mem type="loa" free="421888" total="421888" percent="100" />
    </mem>
    <remembered-set count="341" />
  </mem-info>
</gc-end>
<cycle-end id="792" type="scavenge" contextid="786" timestamp="2019-08-09T18:04:59.117" />
  <attribute name="elasticGC enabled" value="1" />
  <attribute name= "numThreadsSpecified" value="16" />
  <attribute name="heapSize specified" value="11862016" />
  <attribute name="Current GC Util" value="0" />
  <attribute name= "Current Time Running" value="34984" />
  <attribute name ="GC Interval" value="2385" />
  <attribute name="Target GC Util Change" value ="80.000000" />
  <attribute name="Current GC Util Change" value="0.000000"/>
  <attribute name="Current Error" value="320.000000" />
  <attribute name="Output H" value="12069144"/>
  <attribute name="Output I" value="2384"/>
  <attribute name="Output T" value="16"/>
  <attribute name= "Current Time Running" value="34984" />
  <attribute name="GC Util currently" value="0" />
  <attribute name="CPU Util currently" value="10" />
<allocation-satisfied id="793" threadId="0000000001496500" bytesRequested="24" />
<af-end id="794" timestamp="2019-08-09T18:04:59.117" threadId="0000000001496E88" success="true" from="nursery"/>
<exclusive-end id="795" timestamp="2019-08-09T18:04:59.117" durationms="3.852" />

<exclusive-start id="796" timestamp="2019-08-09T18:05:00.578" intervalms="1464.279">
  <response-info timems="0.020" idlems="0.020" threads="0" lastid="0000000001452F00" lastname="node-24" />
</exclusive-start>
<af-start id="797" threadId="0000000001453888" totalBytesRequested="720" timestamp="2019-08-09T18:05:00.578" intervalms="1464.237" type="nursery" />
<cycle-start id="798" type="scavenge" contextid="0" timestamp="2019-08-09T18:05:00.578" intervalms="1464.191" />
<gc-start id="799" type="scavenge" contextid="798" timestamp="2019-08-09T18:05:00.578">
  <mem-info id="800" free="884432" total="11993088" percent="7">
    <mem type="nursery" free="0" total="3538944" percent="0">
      <mem type="allocate" free="0" total="3145728" percent="0" />
      <mem type="survivor" free="0" total="393216" percent="0" />
    </mem>
    <mem type="tenure" free="884432" total="8454144" percent="10">
      <mem type="soa" free="462544" total="8032256" percent="5" />
      <mem type="loa" free="421888" total="421888" percent="100" />
    </mem>
    <remembered-set count="416" />
  </mem-info>
</gc-start>
<allocation-stats totalBytes="3030120" >
  <allocated-bytes non-tlh="24" tlh="3030096" />
  <largest-consumer threadName="node-15" threadId="0000000001496500" bytes="143368" />
</allocation-stats>
<gc-op id="801" type="scavenge" timems="3.577" contextid="798" timestamp="2019-08-09T18:05:00.582">
  <scavenger-info tenureage="2" tenuremask="4004" tiltratio="88" />
  <memory-copied type="nursery" objects="3083" bytes="87992" bytesdiscarded="57160" />
  <memory-copied type="tenure" objects="1435" bytes="34440" bytesdiscarded="0" />
</gc-op>
<gc-end id="802" type="scavenge" contextid="798" durationms="5.221" usertimems="1.066" systemtimems="4.321" timestamp="2019-08-09T18:05:00.583" activeThreads="16">
  <mem-info id="803" free="3852752" total="11993088" percent="32">
    <mem type="nursery" free="3000576" total="3538944" percent="84">
      <mem type="allocate" free="3000576" total="3145728" percent="95" />
      <mem type="survivor" free="0" total="393216" percent="0" />
    </mem>
    <mem type="tenure" free="852176" total="8454144" percent="10" macro-fragmented="0">
      <mem type="soa" free="430288" total="8032256" percent="5" />
      <mem type="loa" free="421888" total="421888" percent="100" />
    </mem>
    <remembered-set count="327" />
  </mem-info>
</gc-end>
<cycle-end id="804" type="scavenge" contextid="798" timestamp="2019-08-09T18:05:00.583" />
  <attribute name="elasticGC enabled" value="1" />
  <attribute name= "numThreadsSpecified" value="16" />
  <attribute name="heapSize specified" value="11862016" />
  <attribute name="Current GC Util" value="0" />
  <attribute name= "Current Time Running" value="36448" />
  <attribute name ="GC Interval" value="2473" />
  <attribute name="Target GC Util Change" value ="80.000000" />
  <attribute name="Current GC Util Change" value="0.000000"/>
  <attribute name="Current Error" value="400.000000" />
  <attribute name="Output H" value="12069232"/>
  <attribute name="Output I" value="2472"/>
  <attribute name="Output T" value="16"/>
  <attribute name= "Current Time Running" value="36448" />
  <attribute name="GC Util currently" value="0" />
  <attribute name="CPU Util currently" value="13" />
<allocation-satisfied id="805" threadId="0000000001452F00" bytesRequested="720" />
<af-end id="806" timestamp="2019-08-09T18:05:00.583" threadId="0000000001453888" success="true" from="nursery"/>
<exclusive-end id="807" timestamp="2019-08-09T18:05:00.583" durationms="5.515" />

<exclusive-start id="808" timestamp="2019-08-09T18:05:01.698" intervalms="1120.370">
  <response-info timems="0.023" idlems="0.023" threads="0" lastid="0000000001452F00" lastname="node-24" />
</exclusive-start>
<af-start id="809" threadId="0000000001453888" totalBytesRequested="32" timestamp="2019-08-09T18:05:01.698" intervalms="1120.375" type="nursery" />
<cycle-start id="810" type="scavenge" contextid="0" timestamp="2019-08-09T18:05:01.698" intervalms="1120.397" />
<gc-start id="811" type="scavenge" contextid="810" timestamp="2019-08-09T18:05:01.698">
  <mem-info id="812" free="852176" total="11993088" percent="7">
    <mem type="nursery" free="0" total="3538944" percent="0">
      <mem type="allocate" free="0" total="3145728" percent="0" />
      <mem type="survivor" free="0" total="393216" percent="0" />
    </mem>
    <mem type="tenure" free="852176" total="8454144" percent="10">
      <mem type="soa" free="430288" total="8032256" percent="5" />
      <mem type="loa" free="421888" total="421888" percent="100" />
    </mem>
    <remembered-set count="420" />
  </mem-info>
</gc-start>
<allocation-stats totalBytes="2996608" >
  <allocated-bytes non-tlh="720" tlh="2995888" />
  <largest-consumer threadName="node-9" threadId="00000000014A5500" bytes="143344" />
</allocation-stats>
<gc-op id="813" type="scavenge" timems="2.803" contextid="810" timestamp="2019-08-09T18:05:01.701">
  <scavenger-info tenureage="2" tenuremask="4004" tiltratio="88" />
  <memory-copied type="nursery" objects="3304" bytes="78544" bytesdiscarded="50480" />
  <memory-copied type="tenure" objects="1212" bytes="29088" bytesdiscarded="0" />
</gc-op>
<gc-end id="814" type="scavenge" contextid="810" durationms="3.243" usertimems="0.429" systemtimems="4.598" timestamp="2019-08-09T18:05:01.702" activeThreads="16">
  <mem-info id="815" free="3836624" total="11993088" percent="31">
    <mem type="nursery" free="3016704" total="3538944" percent="85">
      <mem type="allocate" free="3016704" total="3145728" percent="95" />
      <mem type="survivor" free="0" total="393216" percent="0" />
    </mem>
    <mem type="tenure" free="819920" total="8454144" percent="9" macro-fragmented="0">
      <mem type="soa" free="398032" total="8032256" percent="4" />
      <mem type="loa" free="421888" total="421888" percent="100" />
    </mem>
    <remembered-set count="324" />
  </mem-info>
</gc-end>
<cycle-end id="816" type="scavenge" contextid="810" timestamp="2019-08-09T18:05:01.702" />
  <attribute name="elasticGC enabled" value="1" />
  <attribute name= "numThreadsSpecified" value="16" />
  <attribute name="heapSize specified" value="11862016" />
  <attribute name="Current GC Util" value="0" />
  <attribute name= "Current Time Running" value="37568" />
  <attribute name ="GC Interval" value="2569" />
  <attribute name="Target GC Util Change" value ="80.000000" />
  <attribute name="Current GC Util Change" value="0.000000"/>
  <attribute name="Current Error" value="480.000000" />
  <attribute name="Output H" value="12069328"/>
  <attribute name="Output I" value="2568"/>
  <attribute name="Output T" value="16"/>
  <attribute name= "Current Time Running" value="37568" />
  <attribute name="GC Util currently" value="0" />
  <attribute name="CPU Util currently" value="10" />
<allocation-satisfied id="817" threadId="0000000001452F00" bytesRequested="32" />
<af-end id="818" timestamp="2019-08-09T18:05:01.702" threadId="0000000001453888" success="true" from="nursery"/>
<exclusive-end id="819" timestamp="2019-08-09T18:05:01.702" durationms="3.598" />

<exclusive-start id="820" timestamp="2019-08-09T18:05:02.855" intervalms="1157.077">
  <response-info timems="0.029" idlems="0.029" threads="0" lastid="000000000149A100" lastname="node-2" />
</exclusive-start>
<af-start id="821" threadId="000000000149AA88" totalBytesRequested="32" timestamp="2019-08-09T18:05:02.855" intervalms="1157.141" type="nursery" />
<cycle-start id="822" type="scavenge" contextid="0" timestamp="2019-08-09T18:05:02.855" intervalms="1157.126" />
<gc-start id="823" type="scavenge" contextid="822" timestamp="2019-08-09T18:05:02.855">
  <mem-info id="824" free="819920" total="11993088" percent="6">
    <mem type="nursery" free="0" total="3538944" percent="0">
      <mem type="allocate" free="0" total="3145728" percent="0" />
      <mem type="survivor" free="0" total="393216" percent="0" />
    </mem>
    <mem type="tenure" free="819920" total="8454144" percent="9">
      <mem type="soa" free="398032" total="8032256" percent="4" />
      <mem type="loa" free="421888" total="421888" percent="100" />
    </mem>
    <remembered-set count="421" />
  </mem-info>
</gc-start>
<allocation-stats totalBytes="3014872" >
  <allocated-bytes non-tlh="32" tlh="3014840" />
  <largest-consumer threadName="node-15" threadId="0000000001496500" bytes="143360" />
</allocation-stats>
<gc-op id="825" type="scavenge" timems="4.031" contextid="822" timestamp="2019-08-09T18:05:02.860">
  <scavenger-info tenureage="2" tenuremask="4004" tiltratio="88" />
  <memory-copied type="nursery" objects="3112" bytes="73768" bytesdiscarded="39128" />
  <memory-copied type="tenure" objects="1693" bytes="40632" bytesdiscarded="0" />
</gc-op>
<gc-end id="826" type="scavenge" contextid="822" durationms="4.342" usertimems="3.150" systemtimems="5.243" timestamp="2019-08-09T18:05:02.860" activeThreads="16">
  <mem-info id="827" free="3820496" total="11993088" percent="31">
    <mem type="nursery" free="3032832" total="3538944" percent="85">
      <mem type="allocate" free="3032832" total="3145728" percent="96" />
      <mem type="survivor" free="0" total="393216" percent="0" />
    </mem>
    <mem type="tenure" free="787664" total="8454144" percent="9" macro-fragmented="0">
      <mem type="soa" free="365776" total="8032256" percent="4" />
      <mem type="loa" free="421888" total="421888" percent="100" />
    </mem>
    <remembered-set count="321" />
  </mem-info>
</gc-end>
<cycle-end id="828" type="scavenge" contextid="822" timestamp="2019-08-09T18:05:02.860" />
  <attribute name="elasticGC enabled" value="1" />
  <attribute name= "numThreadsSpecified" value="16" />
  <attribute name="heapSize specified" value="11862016" />
  <attribute name="Current GC Util" value="0" />
  <attribute name= "Current Time Running" value="38725" />
  <attribute name ="GC Interval" value="2105" />
  <attribute name="Target GC Util Change" value ="80.000000" />
  <attribute name="Current GC Util Change" value="0.000000"/>
  <attribute name="Current Error" value="80.000000" />
  <attribute name="Output H" value="12068864"/>
  <attribute name="Output I" value="2104"/>
  <attribute name="Output T" value="16"/>
  <attribute name= "Current Time Running" value="38725" />
  <attribute name="GC Util currently" value="0" />
  <attribute name="CPU Util currently" value="10" />
<allocation-satisfied id="829" threadId="000000000149A100" bytesRequested="32" />
<af-end id="830" timestamp="2019-08-09T18:05:02.860" threadId="000000000149AA88" success="true" from="nursery"/>
<exclusive-end id="831" timestamp="2019-08-09T18:05:02.860" durationms="4.649" />

<exclusive-start id="832" timestamp="2019-08-09T18:05:04.309" intervalms="1454.149">
  <response-info timems="0.033" idlems="0.033" threads="0" lastid="0000000001487600" lastname="node-0" />
</exclusive-start>
<af-start id="833" threadId="0000000001487F88" totalBytesRequested="16" timestamp="2019-08-09T18:05:04.309" intervalms="1454.072" type="nursery" />
<cycle-start id="834" type="scavenge" contextid="0" timestamp="2019-08-09T18:05:04.310" intervalms="1454.077" />
<gc-start id="835" type="scavenge" contextid="834" timestamp="2019-08-09T18:05:04.310">
  <mem-info id="836" free="787664" total="11993088" percent="6">
    <mem type="nursery" free="0" total="3538944" percent="0">
      <mem type="allocate" free="0" total="3145728" percent="0" />
      <mem type="survivor" free="0" total="393216" percent="0" />
    </mem>
    <mem type="tenure" free="787664" total="8454144" percent="9">
      <mem type="soa" free="365776" total="8032256" percent="4" />
      <mem type="loa" free="421888" total="421888" percent="100" />
    </mem>
    <remembered-set count="420" />
  </mem-info>
</gc-start>
<allocation-stats totalBytes="3030680" >
  <allocated-bytes non-tlh="32" tlh="3030648" />
  <largest-consumer threadName="node-16" threadId="000000000148ED00" bytes="143336" />
</allocation-stats>
<gc-op id="837" type="scavenge" timems="2.499" contextid="834" timestamp="2019-08-09T18:05:04.312">
  <scavenger-info tenureage="2" tenuremask="4004" tiltratio="88" />
  <memory-copied type="nursery" objects="3765" bytes="105048" bytesdiscarded="40104" />
  <memory-copied type="tenure" objects="1493" bytes="35832" bytesdiscarded="0" />
</gc-op>
<gc-end id="838" type="scavenge" contextid="834" durationms="2.745" usertimems="0.248" systemtimems="3.028" timestamp="2019-08-09T18:05:04.312" activeThreads="16">
  <mem-info id="839" free="3755984" total="11993088" percent="31">
    <mem type="nursery" free="3000576" total="3538944" percent="84">
      <mem type="allocate" free="3000576" total="3145728" percent="95" />
      <mem type="survivor" free="0" total="393216" percent="0" />
    </mem>
    <mem type="tenure" free="755408" total="8454144" percent="8" macro-fragmented="0">
      <mem type="soa" free="333520" total="8032256" percent="4" />
      <mem type="loa" free="421888" total="421888" percent="100" />
    </mem>
    <remembered-set count="326" />
  </mem-info>
</gc-end>
<cycle-end id="840" type="scavenge" contextid="834" timestamp="2019-08-09T18:05:04.312" />
  <attribute name="elasticGC enabled" value="1" />
  <attribute name= "numThreadsSpecified" value="16" />
  <attribute name="heapSize specified" value="11862016" />
  <attribute name="Current GC Util" value="0" />
  <attribute name= "Current Time Running" value="40179" />
  <attribute name ="GC Interval" value="2193" />
  <attribute name="Target GC Util Change" value ="80.000000" />
  <attribute name="Current GC Util Change" value="0.000000"/>
  <attribute name="Current Error" value="160.000000" />
  <attribute name="Output H" value="12068952"/>
  <attribute name="Output I" value="2192"/>
  <attribute name="Output T" value="16"/>
  <attribute name= "Current Time Running" value="40179" />
  <attribute name="GC Util currently" value="0" />
  <attribute name="CPU Util currently" value="12" />
<allocation-satisfied id="841" threadId="0000000001487600" bytesRequested="16" />
<af-end id="842" timestamp="2019-08-09T18:05:04.312" threadId="0000000001487F88" success="true" from="nursery"/>
<exclusive-end id="843" timestamp="2019-08-09T18:05:04.312" durationms="3.005" />

<exclusive-start id="844" timestamp="2019-08-09T18:05:05.474" intervalms="1165.062">
  <response-info timems="0.023" idlems="0.023" threads="0" lastid="0000000001452F00" lastname="node-24" />
</exclusive-start>
<af-start id="845" threadId="0000000001453888" totalBytesRequested="32" timestamp="2019-08-09T18:05:05.475" intervalms="1165.043" type="nursery" />
<cycle-start id="846" type="scavenge" contextid="0" timestamp="2019-08-09T18:05:05.475" intervalms="1165.032" />
<gc-start id="847" type="scavenge" contextid="846" timestamp="2019-08-09T18:05:05.475">
  <mem-info id="848" free="755408" total="11993088" percent="6">
    <mem type="nursery" free="0" total="3538944" percent="0">
      <mem type="allocate" free="0" total="3145728" percent="0" />
      <mem type="survivor" free="0" total="393216" percent="0" />
    </mem>
    <mem type="tenure" free="755408" total="8454144" percent="8">
      <mem type="soa" free="333520" total="8032256" percent="4" />
      <mem type="loa" free="421888" total="421888" percent="100" />
    </mem>
    <remembered-set count="421" />
  </mem-info>
</gc-start>
<allocation-stats totalBytes="2997856" >
  <allocated-bytes non-tlh="16" tlh="2997840" />
  <largest-consumer threadName="node-20" threadId="000000000147FE00" bytes="143352" />
</allocation-stats>
<gc-op id="849" type="scavenge" timems="4.214" contextid="846" timestamp="2019-08-09T18:05:05.479">
  <scavenger-info tenureage="2" tenuremask="4004" tiltratio="88" />
  <memory-copied type="nursery" objects="3747" bytes="89008" bytesdiscarded="104528" />
  <memory-copied type="tenure" objects="1504" bytes="36096" bytesdiscarded="0" />
</gc-op>
<gc-end id="850" type="scavenge" contextid="846" durationms="4.696" usertimems="5.959" systemtimems="4.248" timestamp="2019-08-09T18:05:05.479" activeThreads="16">
  <mem-info id="851" free="3659216" total="11993088" percent="30">
    <mem type="nursery" free="2952192" total="3538944" percent="83">
      <mem type="allocate" free="2952192" total="3145728" percent="93" />
      <mem type="survivor" free="0" total="393216" percent="0" />
    </mem>
    <mem type="tenure" free="707024" total="8454144" percent="8" macro-fragmented="0">
      <mem type="soa" free="285136" total="8032256" percent="3" />
      <mem type="loa" free="421888" total="421888" percent="100" />
    </mem>
    <remembered-set count="320" />
  </mem-info>
</gc-end>
<cycle-end id="852" type="scavenge" contextid="846" timestamp="2019-08-09T18:05:05.479" />
  <attribute name="elasticGC enabled" value="1" />
  <attribute name= "numThreadsSpecified" value="16" />
  <attribute name="heapSize specified" value="11862016" />
  <attribute name="Current GC Util" value="0" />
  <attribute name= "Current Time Running" value="41344" />
  <attribute name ="GC Interval" value="2289" />
  <attribute name="Target GC Util Change" value ="80.000000" />
  <attribute name="Current GC Util Change" value="0.000000"/>
  <attribute name="Current Error" value="240.000000" />
  <attribute name="Output H" value="12069048"/>
  <attribute name="Output I" value="2288"/>
  <attribute name="Output T" value="16"/>
  <attribute name= "Current Time Running" value="41344" />
  <attribute name="GC Util currently" value="0" />
  <attribute name="CPU Util currently" value="10" />
<allocation-satisfied id="853" threadId="0000000001452F00" bytesRequested="32" />
<af-end id="854" timestamp="2019-08-09T18:05:05.479" threadId="0000000001453888" success="true" from="nursery"/>
<exclusive-end id="855" timestamp="2019-08-09T18:05:05.479" durationms="4.901" />

<exclusive-start id="856" timestamp="2019-08-09T18:05:06.568" intervalms="1093.778">
  <response-info timems="0.999" idlems="0.999" threads="0" lastid="0000000001487600" lastname="node-0" />
</exclusive-start>
<af-start id="857" threadId="0000000001487F88" totalBytesRequested="136" timestamp="2019-08-09T18:05:06.568" intervalms="1093.785" type="nursery" />
<cycle-start id="858" type="scavenge" contextid="0" timestamp="2019-08-09T18:05:06.568" intervalms="1093.787" />
<gc-start id="859" type="scavenge" contextid="858" timestamp="2019-08-09T18:05:06.568">
  <mem-info id="860" free="707024" total="11993088" percent="5">
    <mem type="nursery" free="0" total="3538944" percent="0">
      <mem type="allocate" free="0" total="3145728" percent="0" />
      <mem type="survivor" free="0" total="393216" percent="0" />
    </mem>
    <mem type="tenure" free="707024" total="8454144" percent="8">
      <mem type="soa" free="285136" total="8032256" percent="3" />
      <mem type="loa" free="421888" total="421888" percent="100" />
    </mem>
    <remembered-set count="419" />
  </mem-info>
</gc-start>
<allocation-stats totalBytes="2950280" >
  <allocated-bytes non-tlh="32" tlh="2950248" />
  <largest-consumer threadName="node-12" threadId="000000000145E300" bytes="143360" />
</allocation-stats>
<gc-op id="861" type="scavenge" timems="4.087" contextid="858" timestamp="2019-08-09T18:05:06.572">
  <scavenger-info tenureage="2" tenuremask="4004" tiltratio="88" />
  <memory-copied type="nursery" objects="2969" bytes="71176" bytesdiscarded="25592" />
  <memory-copied type="tenure" objects="2081" bytes="49944" bytesdiscarded="0" />
</gc-op>
<gc-end id="862" type="scavenge" contextid="858" durationms="4.568" usertimems="2.109" systemtimems="4.338" timestamp="2019-08-09T18:05:06.573" activeThreads="16">
  <mem-info id="863" free="3707600" total="11993088" percent="30">
    <mem type="nursery" free="3048960" total="3538944" percent="86">
      <mem type="allocate" free="3048960" total="3145728" percent="96" />
      <mem type="survivor" free="0" total="393216" percent="0" />
    </mem>
    <mem type="tenure" free="658640" total="8454144" percent="7" macro-fragmented="0">
      <mem type="soa" free="236752" total="8032256" percent="2" />
      <mem type="loa" free="421888" total="421888" percent="100" />
    </mem>
    <remembered-set count="327" />
  </mem-info>
</gc-end>
<cycle-end id="864" type="scavenge" contextid="858" timestamp="2019-08-09T18:05:06.573" />
  <attribute name="elasticGC enabled" value="1" />
  <attribute name= "numThreadsSpecified" value="16" />
  <attribute name="heapSize specified" value="11862016" />
  <attribute name="Current GC Util" value="0" />
  <attribute name= "Current Time Running" value="42438" />
  <attribute name ="GC Interval" value="2385" />
  <attribute name="Target GC Util Change" value ="80.000000" />
  <attribute name="Current GC Util Change" value="0.000000"/>
  <attribute name="Current Error" value="320.000000" />
  <attribute name="Output H" value="12069144"/>
  <attribute name="Output I" value="2384"/>
  <attribute name="Output T" value="16"/>
  <attribute name= "Current Time Running" value="42438" />
  <attribute name="GC Util currently" value="0" />
  <attribute name="CPU Util currently" value="10" />
<allocation-satisfied id="865" threadId="0000000001487600" bytesRequested="136" />
<af-end id="866" timestamp="2019-08-09T18:05:06.573" threadId="0000000001487F88" success="true" from="nursery"/>
<exclusive-end id="867" timestamp="2019-08-09T18:05:06.573" durationms="4.855" />

<exclusive-start id="868" timestamp="2019-08-09T18:05:07.698" intervalms="1129.589">
  <response-info timems="0.045" idlems="0.045" threads="0" lastid="000000000146D200" lastname="node-1" />
</exclusive-start>
<af-start id="869" threadId="000000000146DB88" totalBytesRequested="24" timestamp="2019-08-09T18:05:07.698" intervalms="1129.592" type="nursery" />
<cycle-start id="870" type="scavenge" contextid="0" timestamp="2019-08-09T18:05:07.698" intervalms="1129.590" />
<gc-start id="871" type="scavenge" contextid="870" timestamp="2019-08-09T18:05:07.698">
  <mem-info id="872" free="658640" total="11993088" percent="5">
    <mem type="nursery" free="0" total="3538944" percent="0">
      <mem type="allocate" free="0" total="3145728" percent="0" />
      <mem type="survivor" free="0" total="393216" percent="0" />
    </mem>
    <mem type="tenure" free="658640" total="8454144" percent="7">
      <mem type="soa" free="236752" total="8032256" percent="2" />
      <mem type="loa" free="421888" total="421888" percent="100" />
    </mem>
    <remembered-set count="420" />
  </mem-info>
</gc-start>
<allocation-stats totalBytes="3045136" >
  <allocated-bytes non-tlh="136" tlh="3045000" />
  <largest-consumer threadName="node-8" threadId="000000000149DD00" bytes="143352" />
</allocation-stats>
<gc-op id="873" type="scavenge" timems="1.088" contextid="870" timestamp="2019-08-09T18:05:07.699">
  <scavenger-info tenureage="2" tenuremask="4004" tiltratio="88" />
  <memory-copied type="nursery" objects="3045" bytes="74856" bytesdiscarded="38040" />
  <memory-copied type="tenure" objects="1551" bytes="37224" bytesdiscarded="0" />
</gc-op>
<gc-end id="874" type="scavenge" contextid="870" durationms="1.526" usertimems="0.849" systemtimems="1.505" timestamp="2019-08-09T18:05:07.699" activeThreads="16">
  <mem-info id="875" free="3643088" total="11993088" percent="30">
    <mem type="nursery" free="3032832" total="3538944" percent="85">
      <mem type="allocate" free="3032832" total="3145728" percent="96" />
      <mem type="survivor" free="0" total="393216" percent="0" />
    </mem>
    <mem type="tenure" free="610256" total="8454144" percent="7" macro-fragmented="0">
      <mem type="soa" free="188368" total="8032256" percent="2" />
      <mem type="loa" free="421888" total="421888" percent="100" />
    </mem>
    <remembered-set count="341" />
  </mem-info>
</gc-end>
<cycle-end id="876" type="scavenge" contextid="870" timestamp="2019-08-09T18:05:07.700" />
  <attribute name="elasticGC enabled" value="1" />
  <attribute name= "numThreadsSpecified" value="16" />
  <attribute name="heapSize specified" value="11862016" />
  <attribute name="Current GC Util" value="0" />
  <attribute name= "Current Time Running" value="43568" />
  <attribute name ="GC Interval" value="2473" />
  <attribute name="Target GC Util Change" value ="80.000000" />
  <attribute name="Current GC Util Change" value="0.000000"/>
  <attribute name="Current Error" value="400.000000" />
  <attribute name="Output H" value="12069232"/>
  <attribute name="Output I" value="2472"/>
  <attribute name="Output T" value="16"/>
  <attribute name= "Current Time Running" value="43568" />
  <attribute name="GC Util currently" value="0" />
  <attribute name="CPU Util currently" value="11" />
<allocation-satisfied id="877" threadId="000000000146D200" bytesRequested="24" />
<af-end id="878" timestamp="2019-08-09T18:05:07.700" threadId="000000000146DB88" success="true" from="nursery"/>
<exclusive-end id="879" timestamp="2019-08-09T18:05:07.700" durationms="1.771" />

<exclusive-start id="880" timestamp="2019-08-09T18:05:08.767" intervalms="1069.037">
  <response-info timems="0.808" idlems="0.808" threads="0" lastid="0000000001465B00" lastname="node-4" />
</exclusive-start>
<af-start id="881" threadId="0000000001466488" totalBytesRequested="32" timestamp="2019-08-09T18:05:08.767" intervalms="1069.059" type="nursery" />
<cycle-start id="882" type="scavenge" contextid="0" timestamp="2019-08-09T18:05:08.767" intervalms="1069.072" />
<gc-start id="883" type="scavenge" contextid="882" timestamp="2019-08-09T18:05:08.767">
  <mem-info id="884" free="610256" total="11993088" percent="5">
    <mem type="nursery" free="0" total="3538944" percent="0">
      <mem type="allocate" free="0" total="3145728" percent="0" />
      <mem type="survivor" free="0" total="393216" percent="0" />
    </mem>
    <mem type="tenure" free="610256" total="8454144" percent="7">
      <mem type="soa" free="188368" total="8032256" percent="2" />
      <mem type="loa" free="421888" total="421888" percent="100" />
    </mem>
    <remembered-set count="416" />
  </mem-info>
</gc-start>
<allocation-stats totalBytes="3026280" >
  <allocated-bytes non-tlh="24" tlh="3026256" />
  <largest-consumer threadName="node-8" threadId="000000000149DD00" bytes="143344" />
</allocation-stats>
<gc-op id="885" type="scavenge" timems="6.908" contextid="882" timestamp="2019-08-09T18:05:08.774">
  <scavenger-info tenureage="2" tenuremask="4004" tiltratio="88" />
  <memory-copied type="nursery" objects="3270" bytes="77544" bytesdiscarded="35352" />
  <memory-copied type="tenure" objects="1294" bytes="31056" bytesdiscarded="0" />
</gc-op>
<gc-end id="886" type="scavenge" contextid="882" durationms="7.107" usertimems="2.221" systemtimems="6.859" timestamp="2019-08-09T18:05:08.774" activeThreads="16">
  <mem-info id="887" free="3594704" total="11993088" percent="29">
    <mem type="nursery" free="3032832" total="3538944" percent="85">
      <mem type="allocate" free="3032832" total="3145728" percent="96" />
      <mem type="survivor" free="0" total="393216" percent="0" />
    </mem>
    <mem type="tenure" free="561872" total="8454144" percent="6" macro-fragmented="418667">
      <mem type="soa" free="139984" total="8032256" percent="1" />
      <mem type="loa" free="421888" total="421888" percent="100" />
    </mem>
    <remembered-set count="316" />
  </mem-info>
</gc-end>
<cycle-end id="888" type="scavenge" contextid="882" timestamp="2019-08-09T18:05:08.774" />
  <attribute name="elasticGC enabled" value="1" />
  <attribute name= "numThreadsSpecified" value="16" />
  <attribute name="heapSize specified" value="11862016" />
  <attribute name="Current GC Util" value="0" />
  <attribute name= "Current Time Running" value="44637" />
  <attribute name ="GC Interval" value="2569" />
  <attribute name="Target GC Util Change" value ="80.000000" />
  <attribute name="Current GC Util Change" value="0.000000"/>
  <attribute name="Current Error" value="480.000000" />
  <attribute name="Output H" value="12069328"/>
  <attribute name="Output I" value="2568"/>
  <attribute name="Output T" value="16"/>
  <attribute name= "Current Time Running" value="44637" />
  <attribute name="GC Util currently" value="0" />
  <attribute name="CPU Util currently" value="9" />
<allocation-satisfied id="889" threadId="0000000001465B00" bytesRequested="32" />
<af-end id="890" timestamp="2019-08-09T18:05:08.774" threadId="0000000001466488" success="true" from="nursery"/>
<exclusive-end id="891" timestamp="2019-08-09T18:05:08.774" durationms="7.366" />

<exclusive-start id="892" timestamp="2019-08-09T18:05:10.055" intervalms="1287.854">
  <response-info timems="0.030" idlems="0.030" threads="0" lastid="0000000001487600" lastname="node-0" />
</exclusive-start>
<af-start id="893" threadId="0000000001487F88" totalBytesRequested="32" timestamp="2019-08-09T18:05:10.055" intervalms="1287.881" type="nursery" />
<cycle-start id="894" type="scavenge" contextid="0" timestamp="2019-08-09T18:05:10.055" intervalms="1287.875" />
<gc-start id="895" type="scavenge" contextid="894" timestamp="2019-08-09T18:05:10.055">
  <mem-info id="896" free="561872" total="11993088" percent="4">
    <mem type="nursery" free="0" total="3538944" percent="0">
      <mem type="allocate" free="0" total="3145728" percent="0" />
      <mem type="survivor" free="0" total="393216" percent="0" />
    </mem>
    <mem type="tenure" free="561872" total="8454144" percent="6">
      <mem type="soa" free="139984" total="8032256" percent="1" />
      <mem type="loa" free="421888" total="421888" percent="100" />
    </mem>
    <remembered-set count="422" />
  </mem-info>
</gc-start>
<allocation-stats totalBytes="3029304" >
  <allocated-bytes non-tlh="32" tlh="3029272" />
  <largest-consumer threadName="node-25" threadId="0000000001461F00" bytes="143352" />
</allocation-stats>
<gc-op id="897" type="scavenge" timems="1.962" contextid="894" timestamp="2019-08-09T18:05:10.057">
  <scavenger-info tenureage="2" tenuremask="4004" tiltratio="88" />
  <memory-copied type="nursery" objects="3403" bytes="83384" bytesdiscarded="45640" />
  <memory-copied type="tenure" objects="1603" bytes="38472" bytesdiscarded="0" />
</gc-op>
<gc-end id="898" type="scavenge" contextid="894" durationms="2.284" usertimems="1.208" systemtimems="2.190" timestamp="2019-08-09T18:05:10.057" activeThreads="16">
  <mem-info id="899" free="3546320" total="11993088" percent="29">
    <mem type="nursery" free="3016704" total="3538944" percent="85">
      <mem type="allocate" free="3016704" total="3145728" percent="95" />
      <mem type="survivor" free="0" total="393216" percent="0" />
    </mem>
    <mem type="tenure" free="529616" total="8454144" percent="6" macro-fragmented="0">
      <mem type="soa" free="107728" total="8032256" percent="1" />
      <mem type="loa" free="421888" total="421888" percent="100" />
    </mem>
    <remembered-set count="346" />
  </mem-info>
</gc-end>
<cycle-end id="900" type="scavenge" contextid="894" timestamp="2019-08-09T18:05:10.057" />
  <attribute name="elasticGC enabled" value="1" />
  <attribute name= "numThreadsSpecified" value="16" />
  <attribute name="heapSize specified" value="11862016" />
  <attribute name="Current GC Util" value="0" />
  <attribute name= "Current Time Running" value="45925" />
  <attribute name ="GC Interval" value="2105" />
  <attribute name="Target GC Util Change" value ="80.000000" />
  <attribute name="Current GC Util Change" value="0.000000"/>
  <attribute name="Current Error" value="80.000000" />
  <attribute name="Output H" value="12068864"/>
  <attribute name="Output I" value="2104"/>
  <attribute name="Output T" value="16"/>
  <attribute name= "Current Time Running" value="45925" />
  <attribute name="GC Util currently" value="0" />
  <attribute name="CPU Util currently" value="11" />
<allocation-satisfied id="901" threadId="0000000001487600" bytesRequested="32" />
<af-end id="902" timestamp="2019-08-09T18:05:10.057" threadId="0000000001487F88" success="true" from="nursery"/>
<exclusive-end id="903" timestamp="2019-08-09T18:05:10.057" durationms="2.593" />

<exclusive-start id="904" timestamp="2019-08-09T18:05:11.278" intervalms="1223.652">
  <response-info timems="0.157" idlems="0.157" threads="0" lastid="00000000014A9100" lastname="node-3" />
</exclusive-start>
<af-start id="905" threadId="00000000014A9A88" totalBytesRequested="24" timestamp="2019-08-09T18:05:11.278" intervalms="1223.626" type="nursery" />
<cycle-start id="906" type="scavenge" contextid="0" timestamp="2019-08-09T18:05:11.279" intervalms="1223.634" />
<gc-start id="907" type="scavenge" contextid="906" timestamp="2019-08-09T18:05:11.279">
  <mem-info id="908" free="529616" total="11993088" percent="4">
    <mem type="nursery" free="0" total="3538944" percent="0">
      <mem type="allocate" free="0" total="3145728" percent="0" />
      <mem type="survivor" free="0" total="393216" percent="0" />
    </mem>
    <mem type="tenure" free="529616" total="8454144" percent="6">
      <mem type="soa" free="107728" total="8032256" percent="1" />
      <mem type="loa" free="421888" total="421888" percent="100" />
    </mem>
    <remembered-set count="424" />
  </mem-info>
</gc-start>
<allocation-stats totalBytes="3014648" >
  <allocated-bytes non-tlh="32" tlh="3014616" />
  <largest-consumer threadName="node-21" threadId="0000000001456B00" bytes="143352" />
</allocation-stats>
<gc-op id="909" type="scavenge" timems="2.140" contextid="906" timestamp="2019-08-09T18:05:11.281">
  <scavenger-info tenureage="2" tenuremask="4004" tiltratio="88" />
  <memory-copied type="nursery" objects="3478" bytes="85248" bytesdiscarded="76032" />
  <memory-copied type="tenure" objects="1550" bytes="37200" bytesdiscarded="0" />
</gc-op>
<gc-end id="910" type="scavenge" contextid="906" durationms="2.844" usertimems="3.052" systemtimems="2.324" timestamp="2019-08-09T18:05:11.281" activeThreads="16">
  <mem-info id="911" free="3465680" total="11993088" percent="28">
    <mem type="nursery" free="2984448" total="3538944" percent="84">
      <mem type="allocate" free="2984448" total="3145728" percent="94" />
      <mem type="survivor" free="0" total="393216" percent="0" />
    </mem>
    <mem type="tenure" free="481232" total="8454144" percent="5" macro-fragmented="0">
      <mem type="soa" free="59344" total="8032256" percent="0" />
      <mem type="loa" free="421888" total="421888" percent="100" />
    </mem>
    <remembered-set count="344" />
  </mem-info>
</gc-end>
<cycle-end id="912" type="scavenge" contextid="906" timestamp="2019-08-09T18:05:11.281" />
  <attribute name="elasticGC enabled" value="1" />
  <attribute name= "numThreadsSpecified" value="16" />
  <attribute name="heapSize specified" value="11862016" />
  <attribute name="Current GC Util" value="0" />
  <attribute name= "Current Time Running" value="47148" />
  <attribute name ="GC Interval" value="2193" />
  <attribute name="Target GC Util Change" value ="80.000000" />
  <attribute name="Current GC Util Change" value="0.000000"/>
  <attribute name="Current Error" value="160.000000" />
  <attribute name="Output H" value="12068952"/>
  <attribute name="Output I" value="2192"/>
  <attribute name="Output T" value="16"/>
  <attribute name= "Current Time Running" value="47148" />
  <attribute name="GC Util currently" value="0" />
  <attribute name="CPU Util currently" value="10" />
<allocation-satisfied id="913" threadId="00000000014A9100" bytesRequested="24" />
<af-end id="914" timestamp="2019-08-09T18:05:11.282" threadId="00000000014A9A88" success="true" from="nursery"/>
<exclusive-end id="915" timestamp="2019-08-09T18:05:11.282" durationms="3.200" />

<concurrent-kickoff id="916" timestamp="2019-08-09T18:05:12.194">
  <kickoff reason="threshold reached" targetBytes="5505016" thresholdFreeBytes="759579"  remainingFree="731624" tenureFreeBytes="481232" nurseryFreeBytes="731624" />
</concurrent-kickoff>
<exclusive-start id="917" timestamp="2019-08-09T18:05:12.195" intervalms="916.931">
  <response-info timems="1.191" idlems="0.716" threads="1" lastid="000000000146D200" lastname="node-1" />
</exclusive-start>
<cycle-start id="918" type="global" contextid="0" timestamp="2019-08-09T18:05:12.195" intervalms="33291.348" />
<exclusive-end id="919" timestamp="2019-08-09T18:05:12.195" durationms="0.025" />

<exclusive-start id="920" timestamp="2019-08-09T18:05:12.462" intervalms="266.821">
  <response-info timems="0.203" idlems="0.203" threads="0" lastid="000000000149A100" lastname="node-2" />
</exclusive-start>
<concurrent-collection-start id="921" timestamp="2019-08-09T18:05:12.462" intervalms="33199.600" >
  <concurrent-trace-info reason="card cleaning threshold reached" tracedByMutators="270152" tracedByHelpers="5036444" cardsCleaned="115" workStackOverflowCount="0" />
</concurrent-collection-start>
<gc-start id="922" type="global" contextid="918" timestamp="2019-08-09T18:05:12.462">
  <mem-info id="923" free="500152" total="11993088" percent="4">
    <mem type="nursery" free="18920" total="3538944" percent="0">
      <mem type="allocate" free="18920" total="3145728" percent="0" />
      <mem type="survivor" free="0" total="393216" percent="0" />
    </mem>
    <mem type="tenure" free="481232" total="8454144" percent="5">
      <mem type="soa" free="59344" total="8032256" percent="0" />
      <mem type="loa" free="421888" total="421888" percent="100" />
    </mem>
    <remembered-set count="421" />
  </mem-info>
</gc-start>
<allocation-stats totalBytes="2964048" >
  <allocated-bytes non-tlh="24" tlh="2964024" />
  <largest-consumer threadName="node-13" threadId="0000000001469600" bytes="143344" />
</allocation-stats>
<heap-resize id="924" type="loa contract" space="tenure" amount="83968" count="1" timems="0.001" reason="contract underutilized loa" timestamp="2019-08-09T18:05:12.462" />
<gc-op id="925" type="rs-scan" timems="1.638" contextid="918" timestamp="2019-08-09T18:05:12.464">
  <scan objectsFound="104" bytesTraced="8664" workStackOverflowCount="0" />
</gc-op>
<gc-op id="926" type="card-cleaning" timems="1.649" contextid="918" timestamp="2019-08-09T18:05:12.466">
  <card-cleaning cardsCleaned="74" bytesTraced="72636" workStackOverflowCount="0" />
</gc-op>
<gc-op id="927" type="mark" timems="10.225" contextid="918" timestamp="2019-08-09T18:05:12.476">
  <trace-info objectcount="269" scancount="228" scanbytes="5940" />
  <finalization candidates="13" enqueued="0" />
  <references type="soft" candidates="45" cleared="0" enqueued="0" dynamicThreshold="5" maxThreshold="32" />
  <references type="weak" candidates="130" cleared="0" enqueued="0" />
  <references type="phantom" candidates="37" cleared="0" enqueued="0" />
  <stringconstants candidates="3837" cleared="0"  />
</gc-op>
<gc-op id="928" type="sweep" timems="4.360" contextid="918" timestamp="2019-08-09T18:05:12.480" />
<mem-info id="929" free="4681248" total="11993088" percent="39">
  <mem type="nursery" free="3090880" total="3538944" percent="87">
    <mem type="allocate" free="3090880" total="3145728" percent="98" />
    <mem type="survivor" free="0" total="393216" percent="0" />
  </mem>
  <mem type="tenure" free="1590368" total="8454144" percent="18" micro-fragmented="1796" macro-fragmented="723458">
    <mem type="soa" free="1252448" total="8116224" percent="15" />
    <mem type="loa" free="337920" total="337920" percent="100" />
  </mem>
  <remembered-set count="360" />
</mem-info>
<gc-op id="930" type="compact" timems="18.412" contextid="918" timestamp="2019-08-09T18:05:12.499">
  <compact-info movecount="13471" movebytes="841792" reason="compact to aid heap contraction" />
</gc-op>
<heap-resize id="931" type="expand" space="tenure" amount="131072" count="1" timems="0.018" reason="satisfy allocation request" timestamp="2019-08-09T18:05:12.500" />
<heap-resize id="932" type="loa contract" space="tenure" amount="258048" count="1" timems="0.001" reason="contract to meet minimum soa" timestamp="2019-08-09T18:05:12.500" />
<gc-end id="933" type="global" contextid="918" durationms="38.201" usertimems="27.669" systemtimems="34.736" timestamp="2019-08-09T18:05:12.500" activeThreads="16">
  <mem-info id="934" free="4855928" total="12124160" percent="40">
    <mem type="nursery" free="3133384" total="3538944" percent="88">
      <mem type="allocate" free="3133384" total="3145728" percent="99" />
      <mem type="survivor" free="0" total="393216" percent="0" />
    </mem>
    <mem type="tenure" free="1722544" total="8585216" percent="20">
      <mem type="soa" free="1637552" total="8500224" percent="19" />
      <mem type="loa" free="84992" total="84992" percent="100" />
    </mem>
    <remembered-set count="360" />
  </mem-info>
</gc-end>
<cycle-end id="935" type="global" contextid="918" timestamp="2019-08-09T18:05:12.500" />
  <attribute name="elasticGC enabled" value="1" />
  <attribute name= "numThreadsSpecified" value="16" />
  <attribute name="heapSize specified" value="11993088" />
  <attribute name="Current GC Util" value="63" />
  <attribute name= "Current Time Running" value="48368" />
  <attribute name ="GC Interval" value="2193" />
  <attribute name="Target GC Util Change" value ="80.000000" />
  <attribute name="Current GC Util Change" value="63.000000"/>
  <attribute name="Current Error" value="-100.000000" />
  <attribute name="Output H" value="12068656"/>
  <attribute name="Output I" value="1896"/>
  <attribute name="Output T" value="16"/>
  <attribute name= "Current Time Running" value="48368" />
  <attribute name="GC Util currently" value="63" />
  <attribute name="CPU Util currently" value="62437869079" />
<concurrent-collection-end id="936" timestamp="2019-08-09T18:05:12.500" />
<exclusive-end id="937" timestamp="2019-08-09T18:05:12.500" durationms="38.368" />

<exclusive-start id="938" timestamp="2019-08-09T18:05:13.547" intervalms="1084.485">
  <response-info timems="0.023" idlems="0.023" threads="0" lastid="000000000144B700" lastname="node-11" />
</exclusive-start>
<af-start id="939" threadId="000000000144C088" totalBytesRequested="48" timestamp="2019-08-09T18:05:13.547" intervalms="2268.243" type="nursery" />
<cycle-start id="940" type="scavenge" contextid="0" timestamp="2019-08-09T18:05:13.547" intervalms="2268.233" />
<gc-start id="941" type="scavenge" contextid="940" timestamp="2019-08-09T18:05:13.547">
  <mem-info id="942" free="1722544" total="12124160" percent="14">
    <mem type="nursery" free="0" total="3538944" percent="0">
      <mem type="allocate" free="0" total="3145728" percent="0" />
      <mem type="survivor" free="0" total="393216" percent="0" />
    </mem>
    <mem type="tenure" free="1722544" total="8585216" percent="20">
      <mem type="soa" free="1637552" total="8500224" percent="19" />
      <mem type="loa" free="84992" total="84992" percent="100" />
    </mem>
    <remembered-set count="382" />
  </mem-info>
</gc-start>
<allocation-stats totalBytes="3129968" >
  <allocated-bytes non-tlh="0" tlh="3129968" />
  <largest-consumer threadName="node-0" threadId="0000000001487600" bytes="143352" />
</allocation-stats>
<gc-op id="943" type="scavenge" timems="1.461" contextid="940" timestamp="2019-08-09T18:05:13.548">
  <scavenger-info tenureage="2" tenuremask="4004" tiltratio="88" />
  <memory-copied type="nursery" objects="1800" bytes="47640" bytesdiscarded="744" />
</gc-op>
<gc-end id="944" type="scavenge" contextid="940" durationms="1.773" usertimems="0.000" systemtimems="2.257" timestamp="2019-08-09T18:05:13.549" activeThreads="1">
  <mem-info id="945" free="4819888" total="12124160" percent="39">
    <mem type="nursery" free="3097344" total="3538944" percent="87">
      <mem type="allocate" free="3097344" total="3145728" percent="98" />
      <mem type="survivor" free="0" total="393216" percent="0" />
    </mem>
    <mem type="tenure" free="1722544" total="8585216" percent="20" macro-fragmented="1041779">
      <mem type="soa" free="1637552" total="8500224" percent="19" />
      <mem type="loa" free="84992" total="84992" percent="100" />
    </mem>
    <remembered-set count="303" />
  </mem-info>
</gc-end>
<cycle-end id="946" type="scavenge" contextid="940" timestamp="2019-08-09T18:05:13.549" />
  <attribute name="elasticGC enabled" value="1" />
  <attribute name= "numThreadsSpecified" value="1" />
  <attribute name="heapSize specified" value="11993088" />
  <attribute name="Current GC Util" value="2" />
  <attribute name= "Current Time Running" value="49417" />
  <attribute name ="GC Interval" value="1985" />
  <attribute name="Target GC Util Change" value ="80.000000" />
  <attribute name="Current GC Util Change" value="2.000000"/>
  <attribute name="Current Error" value="-22.000000" />
  <attribute name="Output H" value="12199816"/>
  <attribute name="Output I" value="1984"/>
  <attribute name="Output T" value="1"/>
  <attribute name= "Current Time Running" value="49417" />
  <attribute name="GC Util currently" value="2" />
  <attribute name="CPU Util currently" value="9" />
<allocation-satisfied id="947" threadId="000000000144B700" bytesRequested="48" />
<af-end id="948" timestamp="2019-08-09T18:05:13.549" threadId="000000000144C088" success="true" from="nursery"/>
<exclusive-end id="949" timestamp="2019-08-09T18:05:13.549" durationms="1.999" />

<exclusive-start id="950" timestamp="2019-08-09T18:05:14.822" intervalms="1275.204">
  <response-info timems="0.156" idlems="0.156" threads="0" lastid="0000000001483A00" lastname="node-14" />
</exclusive-start>
<af-start id="951" threadId="0000000001484388" totalBytesRequested="24" timestamp="2019-08-09T18:05:14.822" intervalms="1275.246" type="nursery" />
<cycle-start id="952" type="scavenge" contextid="0" timestamp="2019-08-09T18:05:14.822" intervalms="1275.245" />
<gc-start id="953" type="scavenge" contextid="952" timestamp="2019-08-09T18:05:14.822">
  <mem-info id="954" free="1722544" total="12124160" percent="14">
    <mem type="nursery" free="0" total="3538944" percent="0">
      <mem type="allocate" free="0" total="3145728" percent="0" />
      <mem type="survivor" free="0" total="393216" percent="0" />
    </mem>
    <mem type="tenure" free="1722544" total="8585216" percent="20">
      <mem type="soa" free="1637552" total="8500224" percent="19" />
      <mem type="loa" free="84992" total="84992" percent="100" />
    </mem>
    <remembered-set count="403" />
  </mem-info>
</gc-start>
<allocation-stats totalBytes="3091832" >
  <allocated-bytes non-tlh="48" tlh="3091784" />
  <largest-consumer threadName="node-7" threadId="000000000144F300" bytes="143344" />
</allocation-stats>
<gc-op id="955" type="scavenge" timems="4.324" contextid="952" timestamp="2019-08-09T18:05:14.826">
  <scavenger-info tenureage="14" tenuremask="4000" tiltratio="88" />
  <memory-copied type="nursery" objects="3422" bytes="83840" bytesdiscarded="61312" />
</gc-op>
<gc-end id="956" type="scavenge" contextid="952" durationms="4.477" usertimems="6.563" systemtimems="6.565" timestamp="2019-08-09T18:05:14.826" activeThreads="16">
  <mem-info id="957" free="4723120" total="12124160" percent="38">
    <mem type="nursery" free="3000576" total="3538944" percent="84">
      <mem type="allocate" free="3000576" total="3145728" percent="95" />
      <mem type="survivor" free="0" total="393216" percent="0" />
    </mem>
    <mem type="tenure" free="1722544" total="8585216" percent="20" macro-fragmented="1250136">
      <mem type="soa" free="1637552" total="8500224" percent="19" />
      <mem type="loa" free="84992" total="84992" percent="100" />
    </mem>
    <remembered-set count="348" />
  </mem-info>
</gc-end>
<cycle-end id="958" type="scavenge" contextid="952" timestamp="2019-08-09T18:05:14.827" />
  <attribute name="elasticGC enabled" value="1" />
  <attribute name= "numThreadsSpecified" value="16" />
  <attribute name="heapSize specified" value="11993088" />
  <attribute name="Current GC Util" value="0" />
  <attribute name= "Current Time Running" value="50692" />
  <attribute name ="GC Interval" value="2081" />
  <attribute name="Target GC Util Change" value ="80.000000" />
  <attribute name="Current GC Util Change" value="0.000000"/>
  <attribute name="Current Error" value="58.000000" />
  <attribute name="Output H" value="12199912"/>
  <attribute name="Output I" value="2080"/>
  <attribute name="Output T" value="16"/>
  <attribute name= "Current Time Running" value="50692" />
  <attribute name="GC Util currently" value="0" />
  <attribute name="CPU Util currently" value="10" />
<allocation-satisfied id="959" threadId="0000000001483A00" bytesRequested="24" />
<af-end id="960" timestamp="2019-08-09T18:05:14.827" threadId="0000000001484388" success="true" from="nursery"/>
<exclusive-end id="961" timestamp="2019-08-09T18:05:14.827" durationms="4.774" />

<exclusive-start id="962" timestamp="2019-08-09T18:05:16.103" intervalms="1280.811">
  <response-info timems="0.106" idlems="0.106" threads="0" lastid="0000000001469600" lastname="node-13" />
</exclusive-start>
<af-start id="963" threadId="0000000001469F88" totalBytesRequested="16" timestamp="2019-08-09T18:05:16.103" intervalms="1280.744" type="nursery" />
<cycle-start id="964" type="scavenge" contextid="0" timestamp="2019-08-09T18:05:16.103" intervalms="1280.739" />
<gc-start id="965" type="scavenge" contextid="964" timestamp="2019-08-09T18:05:16.103">
  <mem-info id="966" free="1722544" total="12124160" percent="14">
    <mem type="nursery" free="0" total="3538944" percent="0">
      <mem type="allocate" free="0" total="3145728" percent="0" />
      <mem type="survivor" free="0" total="393216" percent="0" />
    </mem>
    <mem type="tenure" free="1722544" total="8585216" percent="20">
      <mem type="soa" free="1637552" total="8500224" percent="19" />
      <mem type="loa" free="84992" total="84992" percent="100" />
    </mem>
    <remembered-set count="424" />
  </mem-info>
</gc-start>
<allocation-stats totalBytes="2997896" >
  <allocated-bytes non-tlh="24" tlh="2997872" />
  <largest-consumer threadName="node-10" threadId="0000000001492900" bytes="143360" />
</allocation-stats>
<gc-op id="967" type="scavenge" timems="2.368" contextid="964" timestamp="2019-08-09T18:05:16.105">
  <scavenger-info tenureage="14" tenuremask="4000" tiltratio="88" />
  <memory-copied type="nursery" objects="5085" bytes="143880" bytesdiscarded="67784" />
</gc-op>
<gc-end id="968" type="scavenge" contextid="964" durationms="2.863" usertimems="5.422" systemtimems="0.000" timestamp="2019-08-09T18:05:16.106" activeThreads="16">
  <mem-info id="969" free="4656608" total="12124160" percent="38">
    <mem type="nursery" free="2934064" total="3538944" percent="82">
      <mem type="allocate" free="2934064" total="3145728" percent="93" />
      <mem type="survivor" free="0" total="393216" percent="0" />
    </mem>
    <mem type="tenure" free="1722544" total="8585216" percent="20" macro-fragmented="723458">
      <mem type="soa" free="1637552" total="8500224" percent="19" />
      <mem type="loa" free="84992" total="84992" percent="100" />
    </mem>
    <remembered-set count="352" />
  </mem-info>
</gc-end>
<cycle-end id="970" type="scavenge" contextid="964" timestamp="2019-08-09T18:05:16.106" />
  <attribute name="elasticGC enabled" value="1" />
  <attribute name= "numThreadsSpecified" value="16" />
  <attribute name="heapSize specified" value="11993088" />
  <attribute name="Current GC Util" value="0" />
  <attribute name= "Current Time Running" value="51973" />
  <attribute name ="GC Interval" value="2169" />
  <attribute name="Target GC Util Change" value ="80.000000" />
  <attribute name="Current GC Util Change" value="0.000000"/>
  <attribute name="Current Error" value="138.000000" />
  <attribute name="Output H" value="12200000"/>
  <attribute name="Output I" value="2168"/>
  <attribute name="Output T" value="16"/>
  <attribute name= "Current Time Running" value="51973" />
  <attribute name="GC Util currently" value="0" />
  <attribute name="CPU Util currently" value="11" />
<allocation-satisfied id="971" threadId="0000000001469600" bytesRequested="16" />
<af-end id="972" timestamp="2019-08-09T18:05:16.106" threadId="0000000001469F88" success="true" from="nursery"/>
<exclusive-end id="973" timestamp="2019-08-09T18:05:16.106" durationms="3.125" />

<exclusive-start id="974" timestamp="2019-08-09T18:05:17.399" intervalms="1296.682">
  <response-info timems="0.250" idlems="0.250" threads="0" lastid="0000000001474A00" lastname="node-6" />
</exclusive-start>
<af-start id="975" threadId="0000000001475388" totalBytesRequested="16" timestamp="2019-08-09T18:05:17.399" intervalms="1296.691" type="nursery" />
<cycle-start id="976" type="scavenge" contextid="0" timestamp="2019-08-09T18:05:17.399" intervalms="1296.690" />
<gc-start id="977" type="scavenge" contextid="976" timestamp="2019-08-09T18:05:17.399">
  <mem-info id="978" free="1722544" total="12124160" percent="14">
    <mem type="nursery" free="0" total="3538944" percent="0">
      <mem type="allocate" free="0" total="3145728" percent="0" />
      <mem type="survivor" free="0" total="393216" percent="0" />
    </mem>
    <mem type="tenure" free="1722544" total="8585216" percent="20">
      <mem type="soa" free="1637552" total="8500224" percent="19" />
      <mem type="loa" free="84992" total="84992" percent="100" />
    </mem>
    <remembered-set count="445" />
  </mem-info>
</gc-start>
<allocation-stats totalBytes="2930064" >
  <allocated-bytes non-tlh="16" tlh="2930048" />
  <largest-consumer threadName="node-13" threadId="0000000001469600" bytes="143336" />
</allocation-stats>
<gc-op id="979" type="scavenge" timems="3.710" contextid="976" timestamp="2019-08-09T18:05:17.403">
  <scavenger-info tenureage="3" tenuremask="4008" tiltratio="88" />
  <memory-copied type="nursery" objects="4882" bytes="129896" bytesdiscarded="15256" />
  <memory-copied type="tenure" objects="1662" bytes="39888" bytesdiscarded="0" />
</gc-op>
<gc-end id="980" type="scavenge" contextid="976" durationms="4.383" usertimems="1.652" systemtimems="4.666" timestamp="2019-08-09T18:05:17.404" activeThreads="16">
  <mem-info id="981" free="4674736" total="12124160" percent="38">
    <mem type="nursery" free="3000576" total="3538944" percent="84">
      <mem type="allocate" free="3000576" total="3145728" percent="95" />
      <mem type="survivor" free="0" total="393216" percent="0" />
    </mem>
    <mem type="tenure" free="1674160" total="8585216" percent="19" macro-fragmented="602881">
      <mem type="soa" free="1589168" total="8500224" percent="18" />
      <mem type="loa" free="84992" total="84992" percent="100" />
    </mem>
    <remembered-set count="352" />
  </mem-info>
</gc-end>
<cycle-end id="982" type="scavenge" contextid="976" timestamp="2019-08-09T18:05:17.404" />
  <attribute name="elasticGC enabled" value="1" />
  <attribute name= "numThreadsSpecified" value="16" />
  <attribute name="heapSize specified" value="11993088" />
  <attribute name="Current GC Util" value="0" />
  <attribute name= "Current Time Running" value="53269" />
  <attribute name ="GC Interval" value="2105" />
  <attribute name="Target GC Util Change" value ="80.000000" />
  <attribute name="Current GC Util Change" value="0.000000"/>
  <attribute name="Current Error" value="80.000000" />
  <attribute name="Output H" value="12199936"/>
  <attribute name="Output I" value="2104"/>
  <attribute name="Output T" value="16"/>
  <attribute name= "Current Time Running" value="53269" />
  <attribute name="GC Util currently" value="0" />
  <attribute name="CPU Util currently" value="11" />
<allocation-satisfied id="983" threadId="0000000001474A00" bytesRequested="16" />
<af-end id="984" timestamp="2019-08-09T18:05:17.404" threadId="0000000001475388" success="true" from="nursery"/>
<exclusive-end id="985" timestamp="2019-08-09T18:05:17.404" durationms="4.698" />

<exclusive-start id="986" timestamp="2019-08-09T18:05:18.886" intervalms="1486.500">
  <response-info timems="0.129" idlems="0.129" threads="0" lastid="000000000147FE00" lastname="node-20" />
</exclusive-start>
<af-start id="987" threadId="0000000001480788" totalBytesRequested="32" timestamp="2019-08-09T18:05:18.886" intervalms="1486.491" type="nursery" />
<cycle-start id="988" type="scavenge" contextid="0" timestamp="2019-08-09T18:05:18.886" intervalms="1486.498" />
<gc-start id="989" type="scavenge" contextid="988" timestamp="2019-08-09T18:05:18.886">
  <mem-info id="990" free="1674160" total="12124160" percent="13">
    <mem type="nursery" free="0" total="3538944" percent="0">
      <mem type="allocate" free="0" total="3145728" percent="0" />
      <mem type="survivor" free="0" total="393216" percent="0" />
    </mem>
    <mem type="tenure" free="1674160" total="8585216" percent="19">
      <mem type="soa" free="1589168" total="8500224" percent="18" />
      <mem type="loa" free="84992" total="84992" percent="100" />
    </mem>
    <remembered-set count="446" />
  </mem-info>
</gc-start>
<allocation-stats totalBytes="2998552" >
  <allocated-bytes non-tlh="16" tlh="2998536" />
  <largest-consumer threadName="node-0" threadId="0000000001487600" bytes="143344" />
</allocation-stats>
<gc-op id="991" type="scavenge" timems="2.763" contextid="988" timestamp="2019-08-09T18:05:18.889">
  <scavenger-info tenureage="3" tenuremask="4008" tiltratio="88" />
  <memory-copied type="nursery" objects="5314" bytes="128576" bytesdiscarded="32704" />
  <memory-copied type="tenure" objects="1620" bytes="38880" bytesdiscarded="0" />
</gc-op>
<gc-end id="992" type="scavenge" contextid="988" durationms="3.125" usertimems="1.593" systemtimems="4.455" timestamp="2019-08-09T18:05:18.889" activeThreads="16">
  <mem-info id="993" free="4610224" total="12124160" percent="38">
    <mem type="nursery" free="2984448" total="3538944" percent="84">
      <mem type="allocate" free="2984448" total="3145728" percent="94" />
      <mem type="survivor" free="0" total="393216" percent="0" />
    </mem>
    <mem type="tenure" free="1625776" total="8585216" percent="18" macro-fragmented="1500163">
      <mem type="soa" free="1540784" total="8500224" percent="18" />
      <mem type="loa" free="84992" total="84992" percent="100" />
    </mem>
    <remembered-set count="364" />
  </mem-info>
</gc-end>
<cycle-end id="994" type="scavenge" contextid="988" timestamp="2019-08-09T18:05:18.889" />
  <attribute name="elasticGC enabled" value="1" />
  <attribute name= "numThreadsSpecified" value="16" />
  <attribute name="heapSize specified" value="11993088" />
  <attribute name="Current GC Util" value="0" />
  <attribute name= "Current Time Running" value="54756" />
  <attribute name ="GC Interval" value="2193" />
  <attribute name="Target GC Util Change" value ="80.000000" />
  <attribute name="Current GC Util Change" value="0.000000"/>
  <attribute name="Current Error" value="160.000000" />
  <attribute name="Output H" value="12200024"/>
  <attribute name="Output I" value="2192"/>
  <attribute name="Output T" value="16"/>
  <attribute name= "Current Time Running" value="54756" />
  <attribute name="GC Util currently" value="0" />
  <attribute name="CPU Util currently" value="11" />
<allocation-satisfied id="995" threadId="000000000147FE00" bytesRequested="32" />
<af-end id="996" timestamp="2019-08-09T18:05:18.889" threadId="0000000001480788" success="true" from="nursery"/>
<exclusive-end id="997" timestamp="2019-08-09T18:05:18.889" durationms="3.380" />

<exclusive-start id="998" timestamp="2019-08-09T18:05:20.208" intervalms="1321.695">
  <response-info timems="0.212" idlems="0.212" threads="0" lastid="0000000001452F00" lastname="node-24" />
</exclusive-start>
<af-start id="999" threadId="0000000001453888" totalBytesRequested="32" timestamp="2019-08-09T18:05:20.208" intervalms="1321.712" type="nursery" />
<cycle-start id="1000" type="scavenge" contextid="0" timestamp="2019-08-09T18:05:20.208" intervalms="1321.706" />
<gc-start id="1001" type="scavenge" contextid="1000" timestamp="2019-08-09T18:05:20.208">
  <mem-info id="1002" free="1625776" total="12124160" percent="13">
    <mem type="nursery" free="0" total="3538944" percent="0">
      <mem type="allocate" free="0" total="3145728" percent="0" />
      <mem type="survivor" free="0" total="393216" percent="0" />
    </mem>
    <mem type="tenure" free="1625776" total="8585216" percent="18">
      <mem type="soa" free="1540784" total="8500224" percent="18" />
      <mem type="loa" free="84992" total="84992" percent="100" />
    </mem>
    <remembered-set count="447" />
  </mem-info>
</gc-start>
<allocation-stats totalBytes="2982632" >
  <allocated-bytes non-tlh="32" tlh="2982600" />
  <largest-consumer threadName="node-20" threadId="000000000147FE00" bytes="143360" />
</allocation-stats>
<gc-op id="1003" type="scavenge" timems="4.231" contextid="1000" timestamp="2019-08-09T18:05:20.212">
  <scavenger-info tenureage="3" tenuremask="4008" tiltratio="88" />
  <memory-copied type="nursery" objects="5560" bytes="135152" bytesdiscarded="106768" />
  <memory-copied type="tenure" objects="1626" bytes="39024" bytesdiscarded="0" />
</gc-op>
<gc-end id="1004" type="scavenge" contextid="1000" durationms="4.902" usertimems="6.264" systemtimems="2.014" timestamp="2019-08-09T18:05:20.213" activeThreads="16">
  <mem-info id="1005" free="4481200" total="12124160" percent="36">
    <mem type="nursery" free="2903808" total="3538944" percent="82">
      <mem type="allocate" free="2903808" total="3145728" percent="92" />
      <mem type="survivor" free="0" total="393216" percent="0" />
    </mem>
    <mem type="tenure" free="1577392" total="8585216" percent="18" macro-fragmented="0">
      <mem type="soa" free="1492400" total="8500224" percent="17" />
      <mem type="loa" free="84992" total="84992" percent="100" />
    </mem>
    <remembered-set count="368" />
  </mem-info>
</gc-end>
<cycle-end id="1006" type="scavenge" contextid="1000" timestamp="2019-08-09T18:05:20.213" />
  <attribute name="elasticGC enabled" value="1" />
  <attribute name= "numThreadsSpecified" value="16" />
  <attribute name="heapSize specified" value="11993088" />
  <attribute name="Current GC Util" value="0" />
  <attribute name= "Current Time Running" value="56078" />
  <attribute name ="GC Interval" value="2289" />
  <attribute name="Target GC Util Change" value ="80.000000" />
  <attribute name="Current GC Util Change" value="0.000000"/>
  <attribute name="Current Error" value="240.000000" />
  <attribute name="Output H" value="12200120"/>
  <attribute name="Output I" value="2288"/>
  <attribute name="Output T" value="16"/>
  <attribute name= "Current Time Running" value="56078" />
  <attribute name="GC Util currently" value="0" />
  <attribute name="CPU Util currently" value="11" />
<allocation-satisfied id="1007" threadId="0000000001452F00" bytesRequested="32" />
<af-end id="1008" timestamp="2019-08-09T18:05:20.213" threadId="0000000001453888" success="true" from="nursery"/>
<exclusive-end id="1009" timestamp="2019-08-09T18:05:20.213" durationms="5.168" />

<exclusive-start id="1010" timestamp="2019-08-09T18:05:21.328" intervalms="1120.819">
  <response-info timems="0.078" idlems="0.078" threads="0" lastid="0000000001496500" lastname="node-15" />
</exclusive-start>
<af-start id="1011" threadId="0000000001496E88" totalBytesRequested="16" timestamp="2019-08-09T18:05:21.328" intervalms="1120.904" type="nursery" />
<cycle-start id="1012" type="scavenge" contextid="0" timestamp="2019-08-09T18:05:21.329" intervalms="1120.957" />
<gc-start id="1013" type="scavenge" contextid="1012" timestamp="2019-08-09T18:05:21.329">
  <mem-info id="1014" free="1577392" total="12124160" percent="13">
    <mem type="nursery" free="0" total="3538944" percent="0">
      <mem type="allocate" free="0" total="3145728" percent="0" />
      <mem type="survivor" free="0" total="393216" percent="0" />
    </mem>
    <mem type="tenure" free="1577392" total="8585216" percent="18">
      <mem type="soa" free="1492400" total="8500224" percent="17" />
      <mem type="loa" free="84992" total="84992" percent="100" />
    </mem>
    <remembered-set count="444" />
  </mem-info>
</gc-start>
<allocation-stats totalBytes="2896544" >
  <allocated-bytes non-tlh="32" tlh="2896512" />
  <largest-consumer threadName="node-9" threadId="00000000014A5500" bytes="143320" />
</allocation-stats>
<gc-op id="1015" type="scavenge" timems="7.368" contextid="1012" timestamp="2019-08-09T18:05:21.336">
  <scavenger-info tenureage="14" tenuremask="4000" tiltratio="88" />
  <memory-copied type="nursery" objects="7053" bytes="182248" bytesdiscarded="75800" />
</gc-op>
<gc-end id="1016" type="scavenge" contextid="1012" durationms="7.945" usertimems="3.669" systemtimems="11.296" timestamp="2019-08-09T18:05:21.337" activeThreads="16">
  <mem-info id="1017" free="4465072" total="12124160" percent="36">
    <mem type="nursery" free="2887680" total="3538944" percent="81">
      <mem type="allocate" free="2887680" total="3145728" percent="91" />
      <mem type="survivor" free="0" total="393216" percent="0" />
    </mem>
    <mem type="tenure" free="1577392" total="8585216" percent="18" macro-fragmented="502401">
      <mem type="soa" free="1492400" total="8500224" percent="17" />
      <mem type="loa" free="84992" total="84992" percent="100" />
    </mem>
    <remembered-set count="371" />
  </mem-info>
</gc-end>
<cycle-end id="1018" type="scavenge" contextid="1012" timestamp="2019-08-09T18:05:21.337" />
  <attribute name="elasticGC enabled" value="1" />
  <attribute name= "numThreadsSpecified" value="16" />
  <attribute name="heapSize specified" value="11993088" />
  <attribute name="Current GC Util" value="0" />
  <attribute name= "Current Time Running" value="57198" />
  <attribute name ="GC Interval" value="2385" />
  <attribute name="Target GC Util Change" value ="80.000000" />
  <attribute name="Current GC Util Change" value="0.000000"/>
  <attribute name="Current Error" value="320.000000" />
  <attribute name="Output H" value="12200216"/>
  <attribute name="Output I" value="2384"/>
  <attribute name="Output T" value="16"/>
  <attribute name= "Current Time Running" value="57198" />
  <attribute name="GC Util currently" value="0" />
  <attribute name="CPU Util currently" value="9" />
<allocation-satisfied id="1019" threadId="0000000001496500" bytesRequested="16" />
<af-end id="1020" timestamp="2019-08-09T18:05:21.337" threadId="0000000001496E88" success="true" from="nursery"/>
<exclusive-end id="1021" timestamp="2019-08-09T18:05:21.337" durationms="8.359" />

<exclusive-start id="1022" timestamp="2019-08-09T18:05:22.515" intervalms="1186.356">
  <response-info timems="0.024" idlems="0.024" threads="1" lastid="0000000001456B00" lastname="node-21" />
</exclusive-start>
<af-start id="1023" threadId="000000000144C088" totalBytesRequested="832" timestamp="2019-08-09T18:05:22.515" intervalms="1186.246" type="nursery" />
<cycle-start id="1024" type="scavenge" contextid="0" timestamp="2019-08-09T18:05:22.515" intervalms="1186.193" />
<gc-start id="1025" type="scavenge" contextid="1024" timestamp="2019-08-09T18:05:22.515">
  <mem-info id="1026" free="1577392" total="12124160" percent="13">
    <mem type="nursery" free="0" total="3538944" percent="0">
      <mem type="allocate" free="0" total="3145728" percent="0" />
      <mem type="survivor" free="0" total="393216" percent="0" />
    </mem>
    <mem type="tenure" free="1577392" total="8585216" percent="18">
      <mem type="soa" free="1492400" total="8500224" percent="17" />
      <mem type="loa" free="84992" total="84992" percent="100" />
    </mem>
    <remembered-set count="465" />
  </mem-info>
</gc-start>
<allocation-stats totalBytes="2884064" >
  <allocated-bytes non-tlh="16" tlh="2884048" />
  <largest-consumer threadName="node-15" threadId="0000000001496500" bytes="143360" />
</allocation-stats>
<gc-op id="1027" type="scavenge" timems="2.802" contextid="1024" timestamp="2019-08-09T18:05:22.518">
  <scavenger-info tenureage="3" tenuremask="4018" tiltratio="88" />
  <memory-copied type="nursery" objects="5160" bytes="141960" bytesdiscarded="35448" />
  <memory-copied type="tenure" objects="3552" bytes="85248" bytesdiscarded="0" />
</gc-op>
<gc-end id="1028" type="scavenge" contextid="1024" durationms="2.992" usertimems="5.471" systemtimems="0.402" timestamp="2019-08-09T18:05:22.518" activeThreads="16">
  <mem-info id="1029" free="4448944" total="12124160" percent="36">
    <mem type="nursery" free="2968320" total="3538944" percent="83">
      <mem type="allocate" free="2968320" total="3145728" percent="94" />
      <mem type="survivor" free="0" total="393216" percent="0" />
    </mem>
    <mem type="tenure" free="1480624" total="8585216" percent="17" macro-fragmented="1250136">
      <mem type="soa" free="1395632" total="8500224" percent="16" />
      <mem type="loa" free="84992" total="84992" percent="100" />
    </mem>
    <remembered-set count="349" />
  </mem-info>
</gc-end>
<cycle-end id="1030" type="scavenge" contextid="1024" timestamp="2019-08-09T18:05:22.518" />
  <attribute name="elasticGC enabled" value="1" />
  <attribute name= "numThreadsSpecified" value="16" />
  <attribute name="heapSize specified" value="11993088" />
  <attribute name="Current GC Util" value="1" />
  <attribute name= "Current Time Running" value="58384" />
  <attribute name ="GC Interval" value="2473" />
  <attribute name="Target GC Util Change" value ="80.000000" />
  <attribute name="Current GC Util Change" value="1.000000"/>
  <attribute name="Current Error" value="399.000000" />
  <attribute name="Output H" value="12200304"/>
  <attribute name="Output I" value="2472"/>
  <attribute name="Output T" value="16"/>
  <attribute name= "Current Time Running" value="58384" />
  <attribute name="GC Util currently" value="1" />
  <attribute name="CPU Util currently" value="10" />
<allocation-satisfied id="1031" threadId="000000000144B700" bytesRequested="832" />
<af-end id="1032" timestamp="2019-08-09T18:05:22.518" threadId="000000000144C088" success="true" from="nursery"/>
<exclusive-end id="1033" timestamp="2019-08-09T18:05:22.518" durationms="3.293" />

<exclusive-start id="1034" timestamp="2019-08-09T18:05:23.599" intervalms="1084.352">
  <response-info timems="0.025" idlems="0.025" threads="0" lastid="000000000148ED00" lastname="node-16" />
</exclusive-start>
<af-start id="1035" threadId="000000000148F688" totalBytesRequested="24" timestamp="2019-08-09T18:05:23.599" intervalms="1084.374" type="nursery" />
<cycle-start id="1036" type="scavenge" contextid="0" timestamp="2019-08-09T18:05:23.599" intervalms="1084.380" />
<gc-start id="1037" type="scavenge" contextid="1036" timestamp="2019-08-09T18:05:23.599">
  <mem-info id="1038" free="1480624" total="12124160" percent="12">
    <mem type="nursery" free="0" total="3538944" percent="0">
      <mem type="allocate" free="0" total="3145728" percent="0" />
      <mem type="survivor" free="0" total="393216" percent="0" />
    </mem>
    <mem type="tenure" free="1480624" total="8585216" percent="17">
      <mem type="soa" free="1395632" total="8500224" percent="16" />
      <mem type="loa" free="84992" total="84992" percent="100" />
    </mem>
    <remembered-set count="442" />
  </mem-info>
</gc-start>
<allocation-stats totalBytes="2965272" >
  <allocated-bytes non-tlh="832" tlh="2964440" />
  <largest-consumer threadName="node-11" threadId="000000000144B700" bytes="144168" />
</allocation-stats>
<gc-op id="1039" type="scavenge" timems="2.071" contextid="1036" timestamp="2019-08-09T18:05:23.601">
  <scavenger-info tenureage="3" tenuremask="4008" tiltratio="88" />
  <memory-copied type="nursery" objects="4670" bytes="127136" bytesdiscarded="66400" />
  <memory-copied type="tenure" objects="1866" bytes="44784" bytesdiscarded="0" />
</gc-op>
<gc-end id="1040" type="scavenge" contextid="1036" durationms="2.233" usertimems="1.183" systemtimems="2.358" timestamp="2019-08-09T18:05:23.601" activeThreads="16">
  <mem-info id="1041" free="4384432" total="12124160" percent="36">
    <mem type="nursery" free="2952192" total="3538944" percent="83">
      <mem type="allocate" free="2952192" total="3145728" percent="93" />
      <mem type="survivor" free="0" total="393216" percent="0" />
    </mem>
    <mem type="tenure" free="1432240" total="8585216" percent="16" macro-fragmented="1250136">
      <mem type="soa" free="1347248" total="8500224" percent="15" />
      <mem type="loa" free="84992" total="84992" percent="100" />
    </mem>
    <remembered-set count="347" />
  </mem-info>
</gc-end>
<cycle-end id="1042" type="scavenge" contextid="1036" timestamp="2019-08-09T18:05:23.601" />
  <attribute name="elasticGC enabled" value="1" />
  <attribute name= "numThreadsSpecified" value="16" />
  <attribute name="heapSize specified" value="11993088" />
  <attribute name="Current GC Util" value="0" />
  <attribute name= "Current Time Running" value="59469" />
  <attribute name ="GC Interval" value="2569" />
  <attribute name="Target GC Util Change" value ="80.000000" />
  <attribute name="Current GC Util Change" value="0.000000"/>
  <attribute name="Current Error" value="479.000000" />
  <attribute name="Output H" value="12200400"/>
  <attribute name="Output I" value="2568"/>
  <attribute name="Output T" value="16"/>
  <attribute name= "Current Time Running" value="59469" />
  <attribute name="GC Util currently" value="0" />
  <attribute name="CPU Util currently" value="8" />
<allocation-satisfied id="1043" threadId="000000000148ED00" bytesRequested="24" />
<af-end id="1044" timestamp="2019-08-09T18:05:23.601" threadId="000000000148F688" success="true" from="nursery"/>
<exclusive-end id="1045" timestamp="2019-08-09T18:05:23.601" durationms="2.454" />

<exclusive-start id="1046" timestamp="2019-08-09T18:05:24.865" intervalms="1266.439">
  <response-info timems="0.319" idlems="0.319" threads="0" lastid="000000000147C200" lastname="node-23" />
</exclusive-start>
<af-start id="1047" threadId="000000000147CB88" totalBytesRequested="32" timestamp="2019-08-09T18:05:24.866" intervalms="1266.424" type="nursery" />
<cycle-start id="1048" type="scavenge" contextid="0" timestamp="2019-08-09T18:05:24.866" intervalms="1266.422" />
<gc-start id="1049" type="scavenge" contextid="1048" timestamp="2019-08-09T18:05:24.866">
  <mem-info id="1050" free="1432240" total="12124160" percent="11">
    <mem type="nursery" free="0" total="3538944" percent="0">
      <mem type="allocate" free="0" total="3145728" percent="0" />
      <mem type="survivor" free="0" total="393216" percent="0" />
    </mem>
    <mem type="tenure" free="1432240" total="8585216" percent="16">
      <mem type="soa" free="1347248" total="8500224" percent="15" />
      <mem type="loa" free="84992" total="84992" percent="100" />
    </mem>
    <remembered-set count="439" />
  </mem-info>
</gc-start>
<allocation-stats totalBytes="2944256" >
  <allocated-bytes non-tlh="24" tlh="2944232" />
  <largest-consumer threadName="node-8" threadId="000000000149DD00" bytes="143080" />
</allocation-stats>
<gc-op id="1051" type="scavenge" timems="3.684" contextid="1048" timestamp="2019-08-09T18:05:24.869">
  <scavenger-info tenureage="14" tenuremask="4000" tiltratio="88" />
  <memory-copied type="nursery" objects="6336" bytes="153832" bytesdiscarded="23576" />
</gc-op>
<gc-end id="1052" type="scavenge" contextid="1048" durationms="4.031" usertimems="6.005" systemtimems="2.722" timestamp="2019-08-09T18:05:24.870" activeThreads="16">
  <mem-info id="1053" free="4400560" total="12124160" percent="36">
    <mem type="nursery" free="2968320" total="3538944" percent="83">
      <mem type="allocate" free="2968320" total="3145728" percent="94" />
      <mem type="survivor" free="0" total="393216" percent="0" />
    </mem>
    <mem type="tenure" free="1432240" total="8585216" percent="16" macro-fragmented="1250136">
      <mem type="soa" free="1347248" total="8500224" percent="15" />
      <mem type="loa" free="84992" total="84992" percent="100" />
    </mem>
    <remembered-set count="384" />
  </mem-info>
</gc-end>
<cycle-end id="1054" type="scavenge" contextid="1048" timestamp="2019-08-09T18:05:24.870" />
  <attribute name="elasticGC enabled" value="1" />
  <attribute name= "numThreadsSpecified" value="16" />
  <attribute name="heapSize specified" value="11993088" />
  <attribute name="Current GC Util" value="0" />
  <attribute name= "Current Time Running" value="60735" />
  <attribute name ="GC Interval" value="2105" />
  <attribute name="Target GC Util Change" value ="80.000000" />
  <attribute name="Current GC Util Change" value="0.000000"/>
  <attribute name="Current Error" value="80.000000" />
  <attribute name="Output H" value="12199936"/>
  <attribute name="Output I" value="2104"/>
  <attribute name="Output T" value="16"/>
  <attribute name= "Current Time Running" value="60735" />
  <attribute name="GC Util currently" value="0" />
  <attribute name="CPU Util currently" value="10" />
<allocation-satisfied id="1055" threadId="000000000147C200" bytesRequested="32" />
<af-end id="1056" timestamp="2019-08-09T18:05:24.870" threadId="000000000147CB88" success="true" from="nursery"/>
<exclusive-end id="1057" timestamp="2019-08-09T18:05:24.870" durationms="4.254" />

<exclusive-start id="1058" timestamp="2019-08-09T18:05:26.231" intervalms="1365.042">
  <response-info timems="0.241" idlems="0.241" threads="0" lastid="0000000001452F00" lastname="node-24" />
</exclusive-start>
<af-start id="1059" threadId="0000000001453888" totalBytesRequested="16" timestamp="2019-08-09T18:05:26.231" intervalms="1365.065" type="nursery" />
<cycle-start id="1060" type="scavenge" contextid="0" timestamp="2019-08-09T18:05:26.231" intervalms="1365.078" />
<gc-start id="1061" type="scavenge" contextid="1060" timestamp="2019-08-09T18:05:26.231">
  <mem-info id="1062" free="1432240" total="12124160" percent="11">
    <mem type="nursery" free="0" total="3538944" percent="0">
      <mem type="allocate" free="0" total="3145728" percent="0" />
      <mem type="survivor" free="0" total="393216" percent="0" />
    </mem>
    <mem type="tenure" free="1432240" total="8585216" percent="16">
      <mem type="soa" free="1347248" total="8500224" percent="15" />
      <mem type="loa" free="84992" total="84992" percent="100" />
    </mem>
    <remembered-set count="461" />
  </mem-info>
</gc-start>
<allocation-stats totalBytes="2962352" >
  <allocated-bytes non-tlh="32" tlh="2962320" />
  <largest-consumer threadName="node-9" threadId="00000000014A5500" bytes="143256" />
</allocation-stats>
<gc-op id="1063" type="scavenge" timems="2.106" contextid="1060" timestamp="2019-08-09T18:05:26.233">
  <scavenger-info tenureage="4" tenuremask="4010" tiltratio="88" />
  <memory-copied type="nursery" objects="6732" bytes="161712" bytesdiscarded="80208" />
  <memory-copied type="tenure" objects="1464" bytes="35136" bytesdiscarded="0" />
</gc-op>
<gc-end id="1064" type="scavenge" contextid="1060" durationms="2.559" usertimems="3.022" systemtimems="1.885" timestamp="2019-08-09T18:05:26.233" activeThreads="16">
  <mem-info id="1065" free="4303792" total="12124160" percent="35">
    <mem type="nursery" free="2903808" total="3538944" percent="82">
      <mem type="allocate" free="2903808" total="3145728" percent="92" />
      <mem type="survivor" free="0" total="393216" percent="0" />
    </mem>
    <mem type="tenure" free="1399984" total="8585216" percent="16" macro-fragmented="1041779">
      <mem type="soa" free="1314992" total="8500224" percent="15" />
      <mem type="loa" free="84992" total="84992" percent="100" />
    </mem>
    <remembered-set count="369" />
  </mem-info>
</gc-end>
<cycle-end id="1066" type="scavenge" contextid="1060" timestamp="2019-08-09T18:05:26.233" />
  <attribute name="elasticGC enabled" value="1" />
  <attribute name= "numThreadsSpecified" value="16" />
  <attribute name="heapSize specified" value="11993088" />
  <attribute name="Current GC Util" value="0" />
  <attribute name= "Current Time Running" value="62100" />
  <attribute name ="GC Interval" value="2193" />
  <attribute name="Target GC Util Change" value ="80.000000" />
  <attribute name="Current GC Util Change" value="0.000000"/>
  <attribute name="Current Error" value="160.000000" />
  <attribute name="Output H" value="12200024"/>
  <attribute name="Output I" value="2192"/>
  <attribute name="Output T" value="16"/>
  <attribute name= "Current Time Running" value="62100" />
  <attribute name="GC Util currently" value="0" />
  <attribute name="CPU Util currently" value="11" />
<allocation-satisfied id="1067" threadId="0000000001452F00" bytesRequested="16" />
<af-end id="1068" timestamp="2019-08-09T18:05:26.233" threadId="0000000001453888" success="true" from="nursery"/>
<exclusive-end id="1069" timestamp="2019-08-09T18:05:26.233" durationms="2.845" />

<exclusive-start id="1070" timestamp="2019-08-09T18:05:27.623" intervalms="1392.116">
  <response-info timems="0.031" idlems="0.031" threads="0" lastid="0000000001461F00" lastname="node-25" />
</exclusive-start>
<af-start id="1071" threadId="0000000001462888" totalBytesRequested="24" timestamp="2019-08-09T18:05:27.623" intervalms="1392.270" type="nursery" />
<cycle-start id="1072" type="scavenge" contextid="0" timestamp="2019-08-09T18:05:27.623" intervalms="1392.297" />
<gc-start id="1073" type="scavenge" contextid="1072" timestamp="2019-08-09T18:05:27.623">
  <mem-info id="1074" free="1399984" total="12124160" percent="11">
    <mem type="nursery" free="0" total="3538944" percent="0">
      <mem type="allocate" free="0" total="3145728" percent="0" />
      <mem type="survivor" free="0" total="393216" percent="0" />
    </mem>
    <mem type="tenure" free="1399984" total="8585216" percent="16">
      <mem type="soa" free="1314992" total="8500224" percent="15" />
      <mem type="loa" free="84992" total="84992" percent="100" />
    </mem>
    <remembered-set count="463" />
  </mem-info>
</gc-start>
<allocation-stats totalBytes="2902136" >
  <allocated-bytes non-tlh="16" tlh="2902120" />
  <largest-consumer threadName="node-9" threadId="00000000014A5500" bytes="143336" />
</allocation-stats>
<gc-op id="1075" type="scavenge" timems="2.543" contextid="1072" timestamp="2019-08-09T18:05:27.626">
  <scavenger-info tenureage="4" tenuremask="4010" tiltratio="88" />
  <memory-copied type="nursery" objects="6817" bytes="165320" bytesdiscarded="19768" />
  <memory-copied type="tenure" objects="1643" bytes="39432" bytesdiscarded="0" />
</gc-op>
<gc-end id="1076" type="scavenge" contextid="1072" durationms="2.867" usertimems="2.631" systemtimems="1.296" timestamp="2019-08-09T18:05:27.626" activeThreads="16">
  <mem-info id="1077" free="4296112" total="12124160" percent="35">
    <mem type="nursery" free="2960640" total="3538944" percent="83">
      <mem type="allocate" free="2960640" total="3145728" percent="94" />
      <mem type="survivor" free="0" total="393216" percent="0" />
    </mem>
    <mem type="tenure" free="1335472" total="8585216" percent="15" macro-fragmented="1041779">
      <mem type="soa" free="1250480" total="8500224" percent="14" />
      <mem type="loa" free="84992" total="84992" percent="100" />
    </mem>
    <remembered-set count="389" />
  </mem-info>
</gc-end>
<cycle-end id="1078" type="scavenge" contextid="1072" timestamp="2019-08-09T18:05:27.626" />
  <attribute name="elasticGC enabled" value="1" />
  <attribute name= "numThreadsSpecified" value="16" />
  <attribute name="heapSize specified" value="11993088" />
  <attribute name="Current GC Util" value="0" />
  <attribute name= "Current Time Running" value="63493" />
  <attribute name ="GC Interval" value="2289" />
  <attribute name="Target GC Util Change" value ="80.000000" />
  <attribute name="Current GC Util Change" value="0.000000"/>
  <attribute name="Current Error" value="240.000000" />
  <attribute name="Output H" value="12200120"/>
  <attribute name="Output I" value="2288"/>
  <attribute name="Output T" value="16"/>
  <attribute name= "Current Time Running" value="63493" />
  <attribute name="GC Util currently" value="0" />
  <attribute name="CPU Util currently" value="11" />
<allocation-satisfied id="1079" threadId="0000000001461F00" bytesRequested="24" />
<af-end id="1080" timestamp="2019-08-09T18:05:27.626" threadId="0000000001462888" success="true" from="nursery"/>
<exclusive-end id="1081" timestamp="2019-08-09T18:05:27.626" durationms="3.642" />

<exclusive-start id="1082" timestamp="2019-08-09T18:05:28.687" intervalms="1064.466">
  <response-info timems="4.095" idlems="4.095" threads="0" lastid="000000000149A100" lastname="node-2" />
</exclusive-start>
<af-start id="1083" threadId="000000000149AA88" totalBytesRequested="16" timestamp="2019-08-09T18:05:28.687" intervalms="1064.288" type="nursery" />
<cycle-start id="1084" type="scavenge" contextid="0" timestamp="2019-08-09T18:05:28.687" intervalms="1064.246" />
<gc-start id="1085" type="scavenge" contextid="1084" timestamp="2019-08-09T18:05:28.687">
  <mem-info id="1086" free="1335472" total="12124160" percent="11">
    <mem type="nursery" free="0" total="3538944" percent="0">
      <mem type="allocate" free="0" total="3145728" percent="0" />
      <mem type="survivor" free="0" total="393216" percent="0" />
    </mem>
    <mem type="tenure" free="1335472" total="8585216" percent="15">
      <mem type="soa" free="1250480" total="8500224" percent="14" />
      <mem type="loa" free="84992" total="84992" percent="100" />
    </mem>
    <remembered-set count="463" />
  </mem-info>
</gc-start>
<allocation-stats totalBytes="2958800" >
  <allocated-bytes non-tlh="24" tlh="2958776" />
  <largest-consumer threadName="node-25" threadId="0000000001461F00" bytes="143352" />
</allocation-stats>
<gc-op id="1087" type="scavenge" timems="3.980" contextid="1084" timestamp="2019-08-09T18:05:28.691">
  <scavenger-info tenureage="4" tenuremask="4010" tiltratio="88" />
  <memory-copied type="nursery" objects="6823" bytes="177856" bytesdiscarded="112448" />
  <memory-copied type="tenure" objects="1385" bytes="33240" bytesdiscarded="0" />
</gc-op>
<gc-end id="1088" type="scavenge" contextid="1084" durationms="4.300" usertimems="5.624" systemtimems="0.000" timestamp="2019-08-09T18:05:28.692" activeThreads="16">
  <mem-info id="1089" free="4142512" total="12124160" percent="34">
    <mem type="nursery" free="2855424" total="3538944" percent="80">
      <mem type="allocate" free="2855424" total="3145728" percent="90" />
      <mem type="survivor" free="0" total="393216" percent="0" />
    </mem>
    <mem type="tenure" free="1287088" total="8585216" percent="14" macro-fragmented="502401">
      <mem type="soa" free="1202096" total="8500224" percent="14" />
      <mem type="loa" free="84992" total="84992" percent="100" />
    </mem>
    <remembered-set count="369" />
  </mem-info>
</gc-end>
<cycle-end id="1090" type="scavenge" contextid="1084" timestamp="2019-08-09T18:05:28.692" />
  <attribute name="elasticGC enabled" value="1" />
  <attribute name= "numThreadsSpecified" value="16" />
  <attribute name="heapSize specified" value="11993088" />
  <attribute name="Current GC Util" value="0" />
  <attribute name= "Current Time Running" value="64557" />
  <attribute name ="GC Interval" value="2385" />
  <attribute name="Target GC Util Change" value ="80.000000" />
  <attribute name="Current GC Util Change" value="0.000000"/>
  <attribute name="Current Error" value="320.000000" />
  <attribute name="Output H" value="12200216"/>
  <attribute name="Output I" value="2384"/>
  <attribute name="Output T" value="16"/>
  <attribute name= "Current Time Running" value="64557" />
  <attribute name="GC Util currently" value="0" />
  <attribute name="CPU Util currently" value="8" />
<allocation-satisfied id="1091" threadId="000000000149A100" bytesRequested="16" />
<af-end id="1092" timestamp="2019-08-09T18:05:28.692" threadId="000000000149AA88" success="true" from="nursery"/>
<exclusive-end id="1093" timestamp="2019-08-09T18:05:28.692" durationms="4.592" />

<exclusive-start id="1094" timestamp="2019-08-09T18:05:29.916" intervalms="1229.274">
  <response-info timems="0.117" idlems="0.117" threads="0" lastid="0000000001492900" lastname="node-10" />
</exclusive-start>
<af-start id="1095" threadId="0000000001493288" totalBytesRequested="720" timestamp="2019-08-09T18:05:29.916" intervalms="1229.275" type="nursery" />
<cycle-start id="1096" type="scavenge" contextid="0" timestamp="2019-08-09T18:05:29.917" intervalms="1229.344" />
<gc-start id="1097" type="scavenge" contextid="1096" timestamp="2019-08-09T18:05:29.917">
  <mem-info id="1098" free="1287088" total="12124160" percent="10">
    <mem type="nursery" free="0" total="3538944" percent="0">
      <mem type="allocate" free="0" total="3145728" percent="0" />
      <mem type="survivor" free="0" total="393216" percent="0" />
    </mem>
    <mem type="tenure" free="1287088" total="8585216" percent="14">
      <mem type="soa" free="1202096" total="8500224" percent="14" />
      <mem type="loa" free="84992" total="84992" percent="100" />
    </mem>
    <remembered-set count="461" />
  </mem-info>
</gc-start>
<allocation-stats totalBytes="2838136" >
  <allocated-bytes non-tlh="16" tlh="2838120" />
  <largest-consumer threadName="node-24" threadId="0000000001452F00" bytes="143248" />
</allocation-stats>
<gc-op id="1099" type="scavenge" timems="6.433" contextid="1096" timestamp="2019-08-09T18:05:29.923">
  <scavenger-info tenureage="3" tenuremask="4018" tiltratio="88" />
  <memory-copied type="nursery" objects="4835" bytes="130264" bytesdiscarded="31016" />
  <memory-copied type="tenure" objects="3578" bytes="85872" bytesdiscarded="0" />
</gc-op>
<gc-end id="1100" type="scavenge" contextid="1096" durationms="6.782" usertimems="1.691" systemtimems="9.876" timestamp="2019-08-09T18:05:29.923" activeThreads="16">
  <mem-info id="1101" free="4174768" total="12124160" percent="34">
    <mem type="nursery" free="2984448" total="3538944" percent="84">
      <mem type="allocate" free="2984448" total="3145728" percent="94" />
      <mem type="survivor" free="0" total="393216" percent="0" />
    </mem>
    <mem type="tenure" free="1190320" total="8585216" percent="13" macro-fragmented="868149">
      <mem type="soa" free="1105328" total="8500224" percent="13" />
      <mem type="loa" free="84992" total="84992" percent="100" />
    </mem>
    <remembered-set count="348" />
  </mem-info>
</gc-end>
<cycle-end id="1102" type="scavenge" contextid="1096" timestamp="2019-08-09T18:05:29.924" />
  <attribute name="elasticGC enabled" value="1" />
  <attribute name= "numThreadsSpecified" value="16" />
  <attribute name="heapSize specified" value="11993088" />
  <attribute name="Current GC Util" value="0" />
  <attribute name= "Current Time Running" value="65786" />
  <attribute name ="GC Interval" value="2473" />
  <attribute name="Target GC Util Change" value ="80.000000" />
  <attribute name="Current GC Util Change" value="0.000000"/>
  <attribute name="Current Error" value="400.000000" />
  <attribute name="Output H" value="12200304"/>
  <attribute name="Output I" value="2472"/>
  <attribute name="Output T" value="16"/>
  <attribute name= "Current Time Running" value="65786" />
  <attribute name="GC Util currently" value="0" />
  <attribute name="CPU Util currently" value="10" />
<allocation-satisfied id="1103" threadId="0000000001492900" bytesRequested="720" />
<af-end id="1104" timestamp="2019-08-09T18:05:29.924" threadId="0000000001493288" success="true" from="nursery"/>
<exclusive-end id="1105" timestamp="2019-08-09T18:05:29.924" durationms="7.215" />

<exclusive-start id="1106" timestamp="2019-08-09T18:05:30.934" intervalms="1017.231">
  <response-info timems="0.121" idlems="0.121" threads="0" lastid="000000000149A100" lastname="node-2" />
</exclusive-start>
<af-start id="1107" threadId="000000000149AA88" totalBytesRequested="24" timestamp="2019-08-09T18:05:30.934" intervalms="1017.242" type="nursery" />
<cycle-start id="1108" type="scavenge" contextid="0" timestamp="2019-08-09T18:05:30.934" intervalms="1017.182" />
<gc-start id="1109" type="scavenge" contextid="1108" timestamp="2019-08-09T18:05:30.934">
  <mem-info id="1110" free="1190320" total="12124160" percent="9">
    <mem type="nursery" free="0" total="3538944" percent="0">
      <mem type="allocate" free="0" total="3145728" percent="0" />
      <mem type="survivor" free="0" total="393216" percent="0" />
    </mem>
    <mem type="tenure" free="1190320" total="8585216" percent="13">
      <mem type="soa" free="1105328" total="8500224" percent="13" />
      <mem type="loa" free="84992" total="84992" percent="100" />
    </mem>
    <remembered-set count="441" />
  </mem-info>
</gc-start>
<allocation-stats totalBytes="2979552" >
  <allocated-bytes non-tlh="720" tlh="2978832" />
  <largest-consumer threadName="node-10" threadId="0000000001492900" bytes="144024" />
</allocation-stats>
<gc-op id="1111" type="scavenge" timems="2.246" contextid="1108" timestamp="2019-08-09T18:05:30.936">
  <scavenger-info tenureage="14" tenuremask="4000" tiltratio="88" />
  <memory-copied type="nursery" objects="6041" bytes="146696" bytesdiscarded="79096" />
</gc-op>
<gc-end id="1112" type="scavenge" contextid="1108" durationms="2.570" usertimems="0.089" systemtimems="4.156" timestamp="2019-08-09T18:05:30.936" activeThreads="16">
  <mem-info id="1113" free="4110256" total="12124160" percent="33">
    <mem type="nursery" free="2919936" total="3538944" percent="82">
      <mem type="allocate" free="2919936" total="3145728" percent="92" />
      <mem type="survivor" free="0" total="393216" percent="0" />
    </mem>
    <mem type="tenure" free="1190320" total="8585216" percent="13" macro-fragmented="602881">
      <mem type="soa" free="1105328" total="8500224" percent="13" />
      <mem type="loa" free="84992" total="84992" percent="100" />
    </mem>
    <remembered-set count="385" />
  </mem-info>
</gc-end>
<cycle-end id="1114" type="scavenge" contextid="1108" timestamp="2019-08-09T18:05:30.936" />
  <attribute name="elasticGC enabled" value="1" />
  <attribute name= "numThreadsSpecified" value="16" />
  <attribute name="heapSize specified" value="11993088" />
  <attribute name="Current GC Util" value="0" />
  <attribute name= "Current Time Running" value="66803" />
  <attribute name ="GC Interval" value="2569" />
  <attribute name="Target GC Util Change" value ="80.000000" />
  <attribute name="Current GC Util Change" value="0.000000"/>
  <attribute name="Current Error" value="480.000000" />
  <attribute name="Output H" value="12200400"/>
  <attribute name="Output I" value="2568"/>
  <attribute name="Output T" value="16"/>
  <attribute name= "Current Time Running" value="66803" />
  <attribute name="GC Util currently" value="0" />
  <attribute name="CPU Util currently" value="8" />
<allocation-satisfied id="1115" threadId="000000000149A100" bytesRequested="24" />
<af-end id="1116" timestamp="2019-08-09T18:05:30.937" threadId="000000000149AA88" success="true" from="nursery"/>
<exclusive-end id="1117" timestamp="2019-08-09T18:05:30.937" durationms="2.912" />

<exclusive-start id="1118" timestamp="2019-08-09T18:05:31.993" intervalms="1059.625">
  <response-info timems="0.037" idlems="0.037" threads="0" lastid="000000000146D200" lastname="node-1" />
</exclusive-start>
<af-start id="1119" threadId="000000000146DB88" totalBytesRequested="24" timestamp="2019-08-09T18:05:31.993" intervalms="1059.608" type="nursery" />
<cycle-start id="1120" type="scavenge" contextid="0" timestamp="2019-08-09T18:05:31.993" intervalms="1059.607" />
<gc-start id="1121" type="scavenge" contextid="1120" timestamp="2019-08-09T18:05:31.993">
  <mem-info id="1122" free="1190320" total="12124160" percent="9">
    <mem type="nursery" free="0" total="3538944" percent="0">
      <mem type="allocate" free="0" total="3145728" percent="0" />
      <mem type="survivor" free="0" total="393216" percent="0" />
    </mem>
    <mem type="tenure" free="1190320" total="8585216" percent="13">
      <mem type="soa" free="1105328" total="8500224" percent="13" />
      <mem type="loa" free="84992" total="84992" percent="100" />
    </mem>
    <remembered-set count="459" />
  </mem-info>
</gc-start>
<allocation-stats totalBytes="2918728" >
  <allocated-bytes non-tlh="24" tlh="2918704" />
  <largest-consumer threadName="node-5" threadId="0000000001470E00" bytes="143344" />
</allocation-stats>
<gc-op id="1123" type="scavenge" timems="2.619" contextid="1120" timestamp="2019-08-09T18:05:31.996">
  <scavenger-info tenureage="4" tenuremask="4010" tiltratio="88" />
  <memory-copied type="nursery" objects="5707" bytes="138680" bytesdiscarded="38728" />
  <memory-copied type="tenure" objects="1714" bytes="41136" bytesdiscarded="0" />
</gc-op>
<gc-end id="1124" type="scavenge" contextid="1120" durationms="2.851" usertimems="4.535" systemtimems="1.214" timestamp="2019-08-09T18:05:31.996" activeThreads="16">
  <mem-info id="1125" free="4094128" total="12124160" percent="33">
    <mem type="nursery" free="2968320" total="3538944" percent="83">
      <mem type="allocate" free="2968320" total="3145728" percent="94" />
      <mem type="survivor" free="0" total="393216" percent="0" />
    </mem>
    <mem type="tenure" free="1125808" total="8585216" percent="13" macro-fragmented="723458">
      <mem type="soa" free="1040816" total="8500224" percent="12" />
      <mem type="loa" free="84992" total="84992" percent="100" />
    </mem>
    <remembered-set count="383" />
  </mem-info>
</gc-end>
<cycle-end id="1126" type="scavenge" contextid="1120" timestamp="2019-08-09T18:05:31.996" />
  <attribute name="elasticGC enabled" value="1" />
  <attribute name= "numThreadsSpecified" value="16" />
  <attribute name="heapSize specified" value="11993088" />
  <attribute name="Current GC Util" value="0" />
  <attribute name= "Current Time Running" value="67863" />
  <attribute name ="GC Interval" value="2105" />
  <attribute name="Target GC Util Change" value ="80.000000" />
  <attribute name="Current GC Util Change" value="0.000000"/>
  <attribute name="Current Error" value="80.000000" />
  <attribute name="Output H" value="12199936"/>
  <attribute name="Output I" value="2104"/>
  <attribute name="Output T" value="16"/>
  <attribute name= "Current Time Running" value="67863" />
  <attribute name="GC Util currently" value="0" />
  <attribute name="CPU Util currently" value="9" />
<allocation-satisfied id="1127" threadId="000000000146D200" bytesRequested="24" />
<af-end id="1128" timestamp="2019-08-09T18:05:31.996" threadId="000000000146DB88" success="true" from="nursery"/>
<exclusive-end id="1129" timestamp="2019-08-09T18:05:31.996" durationms="3.140" />

<exclusive-start id="1130" timestamp="2019-08-09T18:05:33.084" intervalms="1090.624">
  <response-info timems="0.095" idlems="0.095" threads="0" lastid="000000000146D200" lastname="node-1" />
</exclusive-start>
<af-start id="1131" threadId="000000000146DB88" totalBytesRequested="720" timestamp="2019-08-09T18:05:33.084" intervalms="1090.622" type="nursery" />
<cycle-start id="1132" type="scavenge" contextid="0" timestamp="2019-08-09T18:05:33.084" intervalms="1090.725" />
<gc-start id="1133" type="scavenge" contextid="1132" timestamp="2019-08-09T18:05:33.084">
  <mem-info id="1134" free="1125808" total="12124160" percent="9">
    <mem type="nursery" free="0" total="3538944" percent="0">
      <mem type="allocate" free="0" total="3145728" percent="0" />
      <mem type="survivor" free="0" total="393216" percent="0" />
    </mem>
    <mem type="tenure" free="1125808" total="8585216" percent="13">
      <mem type="soa" free="1040816" total="8500224" percent="12" />
      <mem type="loa" free="84992" total="84992" percent="100" />
    </mem>
    <remembered-set count="458" />
  </mem-info>
</gc-start>
<allocation-stats totalBytes="2965352" >
  <allocated-bytes non-tlh="24" tlh="2965328" />
  <largest-consumer threadName="node-4" threadId="0000000001465B00" bytes="143352" />
</allocation-stats>
<gc-op id="1135" type="scavenge" timems="3.315" contextid="1132" timestamp="2019-08-09T18:05:33.087">
  <scavenger-info tenureage="2" tenuremask="4014" tiltratio="88" />
  <memory-copied type="nursery" objects="4438" bytes="122128" bytesdiscarded="39152" />
  <memory-copied type="tenure" objects="2598" bytes="62352" bytesdiscarded="0" />
</gc-op>
<gc-end id="1136" type="scavenge" contextid="1132" durationms="3.850" usertimems="2.390" systemtimems="2.090" timestamp="2019-08-09T18:05:33.088" activeThreads="16">
  <mem-info id="1137" free="4061872" total="12124160" percent="33">
    <mem type="nursery" free="2984448" total="3538944" percent="84">
      <mem type="allocate" free="2984448" total="3145728" percent="94" />
      <mem type="survivor" free="0" total="393216" percent="0" />
    </mem>
    <mem type="tenure" free="1077424" total="8585216" percent="12" macro-fragmented="723458">
      <mem type="soa" free="992432" total="8500224" percent="11" />
      <mem type="loa" free="84992" total="84992" percent="100" />
    </mem>
    <remembered-set count="349" />
  </mem-info>
</gc-end>
<cycle-end id="1138" type="scavenge" contextid="1132" timestamp="2019-08-09T18:05:33.088" />
  <attribute name="elasticGC enabled" value="1" />
  <attribute name= "numThreadsSpecified" value="16" />
  <attribute name="heapSize specified" value="11993088" />
  <attribute name="Current GC Util" value="0" />
  <attribute name= "Current Time Running" value="68954" />
  <attribute name ="GC Interval" value="2193" />
  <attribute name="Target GC Util Change" value ="80.000000" />
  <attribute name="Current GC Util Change" value="0.000000"/>
  <attribute name="Current Error" value="160.000000" />
  <attribute name="Output H" value="12200024"/>
  <attribute name="Output I" value="2192"/>
  <attribute name="Output T" value="16"/>
  <attribute name= "Current Time Running" value="68954" />
  <attribute name="GC Util currently" value="0" />
  <attribute name="CPU Util currently" value="9" />
<allocation-satisfied id="1139" threadId="000000000146D200" bytesRequested="720" />
<af-end id="1140" timestamp="2019-08-09T18:05:33.088" threadId="000000000146DB88" success="true" from="nursery"/>
<exclusive-end id="1141" timestamp="2019-08-09T18:05:33.088" durationms="4.187" />

<exclusive-start id="1142" timestamp="2019-08-09T18:05:34.351" intervalms="1266.901">
  <response-info timems="0.093" idlems="0.093" threads="0" lastid="0000000001487600" lastname="node-0" />
</exclusive-start>
<af-start id="1143" threadId="0000000001487F88" totalBytesRequested="24" timestamp="2019-08-09T18:05:34.351" intervalms="1267.006" type="nursery" />
<cycle-start id="1144" type="scavenge" contextid="0" timestamp="2019-08-09T18:05:34.351" intervalms="1267.021" />
<gc-start id="1145" type="scavenge" contextid="1144" timestamp="2019-08-09T18:05:34.351">
  <mem-info id="1146" free="1077424" total="12124160" percent="8">
    <mem type="nursery" free="0" total="3538944" percent="0">
      <mem type="allocate" free="0" total="3145728" percent="0" />
      <mem type="survivor" free="0" total="393216" percent="0" />
    </mem>
    <mem type="tenure" free="1077424" total="8585216" percent="12">
      <mem type="soa" free="992432" total="8500224" percent="11" />
      <mem type="loa" free="84992" total="84992" percent="100" />
    </mem>
    <remembered-set count="439" />
  </mem-info>
</gc-start>
<allocation-stats totalBytes="2982360" >
  <allocated-bytes non-tlh="720" tlh="2981640" />
  <largest-consumer threadName="node-1" threadId="000000000146D200" bytes="144032" />
</allocation-stats>
<gc-op id="1147" type="scavenge" timems="2.747" contextid="1144" timestamp="2019-08-09T18:05:34.354">
  <scavenger-info tenureage="2" tenuremask="401c" tiltratio="88" />
  <memory-copied type="nursery" objects="3094" bytes="73336" bytesdiscarded="23432" />
  <memory-copied type="tenure" objects="2968" bytes="71232" bytesdiscarded="0" />
</gc-op>
<gc-end id="1148" type="scavenge" contextid="1144" durationms="3.169" usertimems="7.696" systemtimems="0.771" timestamp="2019-08-09T18:05:34.354" activeThreads="16">
  <mem-info id="1149" free="4045744" total="12124160" percent="33">
    <mem type="nursery" free="3048960" total="3538944" percent="86">
      <mem type="allocate" free="3048960" total="3145728" percent="96" />
      <mem type="survivor" free="0" total="393216" percent="0" />
    </mem>
    <mem type="tenure" free="996784" total="8585216" percent="11" macro-fragmented="418667">
      <mem type="soa" free="911792" total="8500224" percent="10" />
      <mem type="loa" free="84992" total="84992" percent="100" />
    </mem>
    <remembered-set count="318" />
  </mem-info>
</gc-end>
<cycle-end id="1150" type="scavenge" contextid="1144" timestamp="2019-08-09T18:05:34.355" />
  <attribute name="elasticGC enabled" value="1" />
  <attribute name= "numThreadsSpecified" value="16" />
  <attribute name="heapSize specified" value="11993088" />
  <attribute name="Current GC Util" value="0" />
  <attribute name= "Current Time Running" value="70221" />
  <attribute name ="GC Interval" value="2289" />
  <attribute name="Target GC Util Change" value ="80.000000" />
  <attribute name="Current GC Util Change" value="0.000000"/>
  <attribute name="Current Error" value="240.000000" />
  <attribute name="Output H" value="12200120"/>
  <attribute name="Output I" value="2288"/>
  <attribute name="Output T" value="16"/>
  <attribute name= "Current Time Running" value="70221" />
  <attribute name="GC Util currently" value="0" />
  <attribute name="CPU Util currently" value="10" />
<allocation-satisfied id="1151" threadId="0000000001487600" bytesRequested="24" />
<af-end id="1152" timestamp="2019-08-09T18:05:34.355" threadId="0000000001487F88" success="true" from="nursery"/>
<exclusive-end id="1153" timestamp="2019-08-09T18:05:34.355" durationms="3.955" />

<exclusive-start id="1154" timestamp="2019-08-09T18:05:35.649" intervalms="1297.774">
  <response-info timems="0.142" idlems="0.142" threads="0" lastid="0000000001452F00" lastname="node-24" />
</exclusive-start>
<af-start id="1155" threadId="0000000001453888" totalBytesRequested="24" timestamp="2019-08-09T18:05:35.649" intervalms="1297.696" type="nursery" />
<cycle-start id="1156" type="scavenge" contextid="0" timestamp="2019-08-09T18:05:35.649" intervalms="1297.575" />
<gc-start id="1157" type="scavenge" contextid="1156" timestamp="2019-08-09T18:05:35.649">
  <mem-info id="1158" free="996784" total="12124160" percent="8">
    <mem type="nursery" free="0" total="3538944" percent="0">
      <mem type="allocate" free="0" total="3145728" percent="0" />
      <mem type="survivor" free="0" total="393216" percent="0" />
    </mem>
    <mem type="tenure" free="996784" total="8585216" percent="11">
      <mem type="soa" free="911792" total="8500224" percent="10" />
      <mem type="loa" free="84992" total="84992" percent="100" />
    </mem>
    <remembered-set count="420" />
  </mem-info>
</gc-start>
<allocation-stats totalBytes="3046384" >
  <allocated-bytes non-tlh="24" tlh="3046360" />
  <largest-consumer threadName="node-19" threadId="0000000001478600" bytes="143352" />
</allocation-stats>
<gc-op id="1159" type="scavenge" timems="5.388" contextid="1156" timestamp="2019-08-09T18:05:35.654">
  <scavenger-info tenureage="2" tenuremask="4004" tiltratio="88" />
  <memory-copied type="nursery" objects="3570" bytes="87392" bytesdiscarded="90016" />
  <memory-copied type="tenure" objects="1286" bytes="30864" bytesdiscarded="0" />
</gc-op>
<gc-end id="1160" type="scavenge" contextid="1156" durationms="5.622" usertimems="3.791" systemtimems="7.299" timestamp="2019-08-09T18:05:35.654" activeThreads="16">
  <mem-info id="1161" free="3932848" total="12124160" percent="32">
    <mem type="nursery" free="2968320" total="3538944" percent="83">
      <mem type="allocate" free="2968320" total="3145728" percent="94" />
      <mem type="survivor" free="0" total="393216" percent="0" />
    </mem>
    <mem type="tenure" free="964528" total="8585216" percent="11" macro-fragmented="868149">
      <mem type="soa" free="879536" total="8500224" percent="10" />
      <mem type="loa" free="84992" total="84992" percent="100" />
    </mem>
    <remembered-set count="345" />
  </mem-info>
</gc-end>
<cycle-end id="1162" type="scavenge" contextid="1156" timestamp="2019-08-09T18:05:35.654" />
  <attribute name="elasticGC enabled" value="1" />
  <attribute name= "numThreadsSpecified" value="16" />
  <attribute name="heapSize specified" value="11993088" />
  <attribute name="Current GC Util" value="0" />
  <attribute name= "Current Time Running" value="71519" />
  <attribute name ="GC Interval" value="2385" />
  <attribute name="Target GC Util Change" value ="80.000000" />
  <attribute name="Current GC Util Change" value="0.000000"/>
  <attribute name="Current Error" value="320.000000" />
  <attribute name="Output H" value="12200216"/>
  <attribute name="Output I" value="2384"/>
  <attribute name="Output T" value="16"/>
  <attribute name= "Current Time Running" value="71519" />
  <attribute name="GC Util currently" value="0" />
  <attribute name="CPU Util currently" value="10" />
<allocation-satisfied id="1163" threadId="0000000001452F00" bytesRequested="24" />
<af-end id="1164" timestamp="2019-08-09T18:05:35.654" threadId="0000000001453888" success="true" from="nursery"/>
<exclusive-end id="1165" timestamp="2019-08-09T18:05:35.654" durationms="5.886" />

<exclusive-start id="1166" timestamp="2019-08-09T18:05:37.053" intervalms="1404.379">
  <response-info timems="0.156" idlems="0.156" threads="0" lastid="0000000001470E00" lastname="node-5" />
</exclusive-start>
<af-start id="1167" threadId="0000000001471788" totalBytesRequested="32" timestamp="2019-08-09T18:05:37.053" intervalms="1404.348" type="nursery" />
<cycle-start id="1168" type="scavenge" contextid="0" timestamp="2019-08-09T18:05:37.053" intervalms="1404.343" />
<gc-start id="1169" type="scavenge" contextid="1168" timestamp="2019-08-09T18:05:37.053">
  <mem-info id="1170" free="964528" total="12124160" percent="7">
    <mem type="nursery" free="0" total="3538944" percent="0">
      <mem type="allocate" free="0" total="3145728" percent="0" />
      <mem type="survivor" free="0" total="393216" percent="0" />
    </mem>
    <mem type="tenure" free="964528" total="8585216" percent="11">
      <mem type="soa" free="879536" total="8500224" percent="10" />
      <mem type="loa" free="84992" total="84992" percent="100" />
    </mem>
    <remembered-set count="422" />
  </mem-info>
</gc-start>
<allocation-stats totalBytes="2964208" >
  <allocated-bytes non-tlh="24" tlh="2964184" />
  <largest-consumer threadName="node-16" threadId="000000000148ED00" bytes="143360" />
</allocation-stats>
<gc-op id="1171" type="scavenge" timems="3.565" contextid="1168" timestamp="2019-08-09T18:05:37.057">
  <scavenger-info tenureage="2" tenuremask="4004" tiltratio="88" />
  <memory-copied type="nursery" objects="3571" bytes="87416" bytesdiscarded="25480" />
  <memory-copied type="tenure" objects="1693" bytes="40632" bytesdiscarded="0" />
</gc-op>
<gc-end id="1172" type="scavenge" contextid="1168" durationms="3.756" usertimems="3.597" systemtimems="1.821" timestamp="2019-08-09T18:05:37.057" activeThreads="16">
  <mem-info id="1173" free="3948976" total="12124160" percent="32">
    <mem type="nursery" free="3032832" total="3538944" percent="85">
      <mem type="allocate" free="3032832" total="3145728" percent="96" />
      <mem type="survivor" free="0" total="393216" percent="0" />
    </mem>
    <mem type="tenure" free="916144" total="8585216" percent="10" macro-fragmented="418667">
      <mem type="soa" free="831152" total="8500224" percent="9" />
      <mem type="loa" free="84992" total="84992" percent="100" />
    </mem>
    <remembered-set count="346" />
  </mem-info>
</gc-end>
<cycle-end id="1174" type="scavenge" contextid="1168" timestamp="2019-08-09T18:05:37.057" />
  <attribute name="elasticGC enabled" value="1" />
  <attribute name= "numThreadsSpecified" value="16" />
  <attribute name="heapSize specified" value="11993088" />
  <attribute name="Current GC Util" value="0" />
  <attribute name= "Current Time Running" value="72923" />
  <attribute name ="GC Interval" value="2473" />
  <attribute name="Target GC Util Change" value ="80.000000" />
  <attribute name="Current GC Util Change" value="0.000000"/>
  <attribute name="Current Error" value="400.000000" />
  <attribute name="Output H" value="12200304"/>
  <attribute name="Output I" value="2472"/>
  <attribute name="Output T" value="16"/>
  <attribute name= "Current Time Running" value="72923" />
  <attribute name="GC Util currently" value="0" />
  <attribute name="CPU Util currently" value="11" />
<allocation-satisfied id="1175" threadId="0000000001470E00" bytesRequested="32" />
<af-end id="1176" timestamp="2019-08-09T18:05:37.057" threadId="0000000001471788" success="true" from="nursery"/>
<exclusive-end id="1177" timestamp="2019-08-09T18:05:37.057" durationms="4.172" />

<exclusive-start id="1178" timestamp="2019-08-09T18:05:38.134" intervalms="1081.545">
  <response-info timems="1.226" idlems="0.686" threads="1" lastid="000000000149A100" lastname="node-2" />
</exclusive-start>
<af-start id="1179" threadId="00000000014A9A88" totalBytesRequested="16" timestamp="2019-08-09T18:05:38.135" intervalms="1081.603" type="nursery" />
<cycle-start id="1180" type="scavenge" contextid="0" timestamp="2019-08-09T18:05:38.135" intervalms="1081.603" />
<gc-start id="1181" type="scavenge" contextid="1180" timestamp="2019-08-09T18:05:38.135">
  <mem-info id="1182" free="916144" total="12124160" percent="7">
    <mem type="nursery" free="0" total="3538944" percent="0">
      <mem type="allocate" free="0" total="3145728" percent="0" />
      <mem type="survivor" free="0" total="393216" percent="0" />
    </mem>
    <mem type="tenure" free="916144" total="8585216" percent="10">
      <mem type="soa" free="831152" total="8500224" percent="9" />
      <mem type="loa" free="84992" total="84992" percent="100" />
    </mem>
    <remembered-set count="422" />
  </mem-info>
</gc-start>
<allocation-stats totalBytes="3031024" >
  <allocated-bytes non-tlh="32" tlh="3030992" />
  <largest-consumer threadName="node-15" threadId="0000000001496500" bytes="143336" />
</allocation-stats>
<gc-op id="1183" type="scavenge" timems="1.789" contextid="1180" timestamp="2019-08-09T18:05:38.136">
  <scavenger-info tenureage="2" tenuremask="4004" tiltratio="88" />
  <memory-copied type="nursery" objects="3277" bytes="85568" bytesdiscarded="59584" />
  <memory-copied type="tenure" objects="1737" bytes="41688" bytesdiscarded="0" />
</gc-op>
<gc-end id="1184" type="scavenge" contextid="1180" durationms="2.243" usertimems="1.228" systemtimems="2.709" timestamp="2019-08-09T18:05:38.137" activeThreads="16">
  <mem-info id="1185" free="3868336" total="12124160" percent="31">
    <mem type="nursery" free="3000576" total="3538944" percent="84">
      <mem type="allocate" free="3000576" total="3145728" percent="95" />
      <mem type="survivor" free="0" total="393216" percent="0" />
    </mem>
    <mem type="tenure" free="867760" total="8585216" percent="10" macro-fragmented="348889">
      <mem type="soa" free="782768" total="8500224" percent="9" />
      <mem type="loa" free="84992" total="84992" percent="100" />
    </mem>
    <remembered-set count="329" />
  </mem-info>
</gc-end>
<cycle-end id="1186" type="scavenge" contextid="1180" timestamp="2019-08-09T18:05:38.137" />
  <attribute name="elasticGC enabled" value="1" />
  <attribute name= "numThreadsSpecified" value="16" />
  <attribute name="heapSize specified" value="11993088" />
  <attribute name="Current GC Util" value="0" />
  <attribute name= "Current Time Running" value="74004" />
  <attribute name ="GC Interval" value="2569" />
  <attribute name="Target GC Util Change" value ="80.000000" />
  <attribute name="Current GC Util Change" value="0.000000"/>
  <attribute name="Current Error" value="480.000000" />
  <attribute name="Output H" value="12200400"/>
  <attribute name="Output I" value="2568"/>
  <attribute name="Output T" value="16"/>
  <attribute name= "Current Time Running" value="74004" />
  <attribute name="GC Util currently" value="0" />
  <attribute name="CPU Util currently" value="8" />
<allocation-satisfied id="1187" threadId="00000000014A9100" bytesRequested="16" />
<af-end id="1188" timestamp="2019-08-09T18:05:38.137" threadId="00000000014A9A88" success="true" from="nursery"/>
<exclusive-end id="1189" timestamp="2019-08-09T18:05:38.137" durationms="2.515" />

<exclusive-start id="1190" timestamp="2019-08-09T18:05:39.397" intervalms="1262.052">
  <response-info timems="0.089" idlems="0.089" threads="0" lastid="0000000001456B00" lastname="node-21" />
</exclusive-start>
<af-start id="1191" threadId="0000000001457488" totalBytesRequested="32" timestamp="2019-08-09T18:05:39.397" intervalms="1262.009" type="nursery" />
<cycle-start id="1192" type="scavenge" contextid="0" timestamp="2019-08-09T18:05:39.397" intervalms="1262.007" />
<gc-start id="1193" type="scavenge" contextid="1192" timestamp="2019-08-09T18:05:39.397">
  <mem-info id="1194" free="867760" total="12124160" percent="7">
    <mem type="nursery" free="0" total="3538944" percent="0">
      <mem type="allocate" free="0" total="3145728" percent="0" />
      <mem type="survivor" free="0" total="393216" percent="0" />
    </mem>
    <mem type="tenure" free="867760" total="8585216" percent="10">
      <mem type="soa" free="782768" total="8500224" percent="9" />
      <mem type="loa" free="84992" total="84992" percent="100" />
    </mem>
    <remembered-set count="420" />
  </mem-info>
</gc-start>
<allocation-stats totalBytes="2991808" >
  <allocated-bytes non-tlh="16" tlh="2991792" />
  <largest-consumer threadName="node-3" threadId="00000000014A9100" bytes="143328" />
</allocation-stats>
<gc-op id="1195" type="scavenge" timems="3.855" contextid="1192" timestamp="2019-08-09T18:05:39.401">
  <scavenger-info tenureage="2" tenuremask="4004" tiltratio="88" />
  <memory-copied type="nursery" objects="3173" bytes="77864" bytesdiscarded="51160" />
  <memory-copied type="tenure" objects="1692" bytes="40608" bytesdiscarded="0" />
</gc-op>
<gc-end id="1196" type="scavenge" contextid="1192" durationms="4.300" usertimems="2.628" systemtimems="3.919" timestamp="2019-08-09T18:05:39.401" activeThreads="16">
  <mem-info id="1197" free="3836080" total="12124160" percent="31">
    <mem type="nursery" free="3016704" total="3538944" percent="85">
      <mem type="allocate" free="3016704" total="3145728" percent="95" />
      <mem type="survivor" free="0" total="393216" percent="0" />
    </mem>
    <mem type="tenure" free="819376" total="8585216" percent="9" macro-fragmented="418667">
      <mem type="soa" free="734384" total="8500224" percent="8" />
      <mem type="loa" free="84992" total="84992" percent="100" />
    </mem>
    <remembered-set count="329" />
  </mem-info>
</gc-end>
<cycle-end id="1198" type="scavenge" contextid="1192" timestamp="2019-08-09T18:05:39.401" />
  <attribute name="elasticGC enabled" value="1" />
  <attribute name= "numThreadsSpecified" value="16" />
  <attribute name="heapSize specified" value="11993088" />
  <attribute name="Current GC Util" value="0" />
  <attribute name= "Current Time Running" value="75266" />
  <attribute name ="GC Interval" value="2105" />
  <attribute name="Target GC Util Change" value ="80.000000" />
  <attribute name="Current GC Util Change" value="0.000000"/>
  <attribute name="Current Error" value="80.000000" />
  <attribute name="Output H" value="12199936"/>
  <attribute name="Output I" value="2104"/>
  <attribute name="Output T" value="16"/>
  <attribute name= "Current Time Running" value="75266" />
  <attribute name="GC Util currently" value="0" />
  <attribute name="CPU Util currently" value="10" />
<allocation-satisfied id="1199" threadId="0000000001456B00" bytesRequested="32" />
<af-end id="1200" timestamp="2019-08-09T18:05:39.401" threadId="0000000001457488" success="true" from="nursery"/>
<exclusive-end id="1201" timestamp="2019-08-09T18:05:39.401" durationms="4.525" />

<exclusive-start id="1202" timestamp="2019-08-09T18:05:40.501" intervalms="1104.269">
  <response-info timems="0.260" idlems="0.260" threads="0" lastid="0000000001470E00" lastname="node-5" />
</exclusive-start>
<af-start id="1203" threadId="0000000001471788" totalBytesRequested="24" timestamp="2019-08-09T18:05:40.501" intervalms="1104.520" type="nursery" />
<cycle-start id="1204" type="scavenge" contextid="0" timestamp="2019-08-09T18:05:40.501" intervalms="1104.521" />
<gc-start id="1205" type="scavenge" contextid="1204" timestamp="2019-08-09T18:05:40.501">
  <mem-info id="1206" free="819376" total="12124160" percent="6">
    <mem type="nursery" free="0" total="3538944" percent="0">
      <mem type="allocate" free="0" total="3145728" percent="0" />
      <mem type="survivor" free="0" total="393216" percent="0" />
    </mem>
    <mem type="tenure" free="819376" total="8585216" percent="9">
      <mem type="soa" free="734384" total="8500224" percent="8" />
      <mem type="loa" free="84992" total="84992" percent="100" />
    </mem>
    <remembered-set count="419" />
  </mem-info>
</gc-start>
<allocation-stats totalBytes="3013736" >
  <allocated-bytes non-tlh="32" tlh="3013704" />
  <largest-consumer threadName="node-19" threadId="0000000001478600" bytes="143352" />
</allocation-stats>
<gc-op id="1207" type="scavenge" timems="1.973" contextid="1204" timestamp="2019-08-09T18:05:40.503">
  <scavenger-info tenureage="2" tenuremask="4004" tiltratio="88" />
  <memory-copied type="nursery" objects="3199" bytes="78488" bytesdiscarded="50536" />
  <memory-copied type="tenure" objects="1427" bytes="34248" bytesdiscarded="0" />
</gc-op>
<gc-end id="1208" type="scavenge" contextid="1204" durationms="2.387" usertimems="2.325" systemtimems="1.920" timestamp="2019-08-09T18:05:40.504" activeThreads="16">
  <mem-info id="1209" free="3803824" total="12124160" percent="31">
    <mem type="nursery" free="3016704" total="3538944" percent="85">
      <mem type="allocate" free="3016704" total="3145728" percent="95" />
      <mem type="survivor" free="0" total="393216" percent="0" />
    </mem>
    <mem type="tenure" free="787120" total="8585216" percent="9" macro-fragmented="0">
      <mem type="soa" free="702128" total="8500224" percent="8" />
      <mem type="loa" free="84992" total="84992" percent="100" />
    </mem>
    <remembered-set count="341" />
  </mem-info>
</gc-end>
<cycle-end id="1210" type="scavenge" contextid="1204" timestamp="2019-08-09T18:05:40.504" />
  <attribute name="elasticGC enabled" value="1" />
  <attribute name= "numThreadsSpecified" value="16" />
  <attribute name="heapSize specified" value="11993088" />
  <attribute name="Current GC Util" value="0" />
  <attribute name= "Current Time Running" value="76371" />
  <attribute name ="GC Interval" value="2193" />
  <attribute name="Target GC Util Change" value ="80.000000" />
  <attribute name="Current GC Util Change" value="0.000000"/>
  <attribute name="Current Error" value="160.000000" />
  <attribute name="Output H" value="12200024"/>
  <attribute name="Output I" value="2192"/>
  <attribute name="Output T" value="16"/>
  <attribute name= "Current Time Running" value="76371" />
  <attribute name="GC Util currently" value="0" />
  <attribute name="CPU Util currently" value="8" />
<allocation-satisfied id="1211" threadId="0000000001470E00" bytesRequested="24" />
<af-end id="1212" timestamp="2019-08-09T18:05:40.504" threadId="0000000001471788" success="true" from="nursery"/>
<exclusive-end id="1213" timestamp="2019-08-09T18:05:40.504" durationms="2.940" />

<exclusive-start id="1214" timestamp="2019-08-09T18:05:41.575" intervalms="1074.405">
  <response-info timems="0.023" idlems="0.023" threads="0" lastid="0000000001487600" lastname="node-0" />
</exclusive-start>
<af-start id="1215" threadId="0000000001487F88" totalBytesRequested="512" timestamp="2019-08-09T18:05:41.575" intervalms="1074.137" type="nursery" />
<cycle-start id="1216" type="scavenge" contextid="0" timestamp="2019-08-09T18:05:41.575" intervalms="1074.137" />
<gc-start id="1217" type="scavenge" contextid="1216" timestamp="2019-08-09T18:05:41.575">
  <mem-info id="1218" free="787120" total="12124160" percent="6">
    <mem type="nursery" free="0" total="3538944" percent="0">
      <mem type="allocate" free="0" total="3145728" percent="0" />
      <mem type="survivor" free="0" total="393216" percent="0" />
    </mem>
    <mem type="tenure" free="787120" total="8585216" percent="9">
      <mem type="soa" free="702128" total="8500224" percent="8" />
      <mem type="loa" free="84992" total="84992" percent="100" />
    </mem>
    <remembered-set count="416" />
  </mem-info>
</gc-start>
<allocation-stats totalBytes="3012304" >
  <allocated-bytes non-tlh="24" tlh="3012280" />
  <largest-consumer threadName="node-21" threadId="0000000001456B00" bytes="143360" />
</allocation-stats>
<gc-op id="1219" type="scavenge" timems="8.651" contextid="1216" timestamp="2019-08-09T18:05:41.584">
  <scavenger-info tenureage="2" tenuremask="4004" tiltratio="88" />
  <memory-copied type="nursery" objects="3142" bytes="91672" bytesdiscarded="12240" />
  <memory-copied type="tenure" objects="1604" bytes="38496" bytesdiscarded="0" />
</gc-op>
<gc-end id="1220" type="scavenge" contextid="1216" durationms="9.030" usertimems="5.871" systemtimems="9.539" timestamp="2019-08-09T18:05:41.584" activeThreads="16">
  <mem-info id="1221" free="3781320" total="12124160" percent="31">
    <mem type="nursery" free="3041816" total="3538944" percent="85">
      <mem type="allocate" free="3041816" total="3145728" percent="96" />
      <mem type="survivor" free="0" total="393216" percent="0" />
    </mem>
    <mem type="tenure" free="739504" total="8585216" percent="8" macro-fragmented="602881">
      <mem type="soa" free="654512" total="8500224" percent="7" />
      <mem type="loa" free="84992" total="84992" percent="100" />
    </mem>
    <remembered-set count="325" />
  </mem-info>
</gc-end>
<cycle-end id="1222" type="scavenge" contextid="1216" timestamp="2019-08-09T18:05:41.584" />
  <attribute name="elasticGC enabled" value="1" />
  <attribute name= "numThreadsSpecified" value="16" />
  <attribute name="heapSize specified" value="11993088" />
  <attribute name="Current GC Util" value="0" />
  <attribute name= "Current Time Running" value="77445" />
  <attribute name ="GC Interval" value="2289" />
  <attribute name="Target GC Util Change" value ="80.000000" />
  <attribute name="Current GC Util Change" value="0.000000"/>
  <attribute name="Current Error" value="240.000000" />
  <attribute name="Output H" value="12200120"/>
  <attribute name="Output I" value="2288"/>
  <attribute name="Output T" value="16"/>
  <attribute name= "Current Time Running" value="77445" />
  <attribute name="GC Util currently" value="0" />
  <attribute name="CPU Util currently" value="8" />
<allocation-satisfied id="1223" threadId="0000000001487600" bytesRequested="512" />
<af-end id="1224" timestamp="2019-08-09T18:05:41.584" threadId="0000000001487F88" success="true" from="nursery"/>
<exclusive-end id="1225" timestamp="2019-08-09T18:05:41.584" durationms="9.270" />

<exclusive-start id="1226" timestamp="2019-08-09T18:05:43.125" intervalms="1550.152">
  <response-info timems="0.031" idlems="0.031" threads="0" lastid="0000000001452F00" lastname="node-24" />
</exclusive-start>
<af-start id="1227" threadId="0000000001453888" totalBytesRequested="32" timestamp="2019-08-09T18:05:43.126" intervalms="1550.287" type="nursery" />
<cycle-start id="1228" type="scavenge" contextid="0" timestamp="2019-08-09T18:05:43.126" intervalms="1550.292" />
<gc-start id="1229" type="scavenge" contextid="1228" timestamp="2019-08-09T18:05:43.126">
  <mem-info id="1230" free="739504" total="12124160" percent="6">
    <mem type="nursery" free="0" total="3538944" percent="0">
      <mem type="allocate" free="0" total="3145728" percent="0" />
      <mem type="survivor" free="0" total="393216" percent="0" />
    </mem>
    <mem type="tenure" free="739504" total="8585216" percent="8">
      <mem type="soa" free="654512" total="8500224" percent="7" />
      <mem type="loa" free="84992" total="84992" percent="100" />
    </mem>
    <remembered-set count="423" />
  </mem-info>
</gc-start>
<allocation-stats totalBytes="3039704" >
  <allocated-bytes non-tlh="512" tlh="3039192" />
  <largest-consumer threadName="node-10" threadId="0000000001492900" bytes="143344" />
</allocation-stats>
<gc-op id="1231" type="scavenge" timems="6.932" contextid="1228" timestamp="2019-08-09T18:05:43.133">
  <scavenger-info tenureage="2" tenuremask="4004" tiltratio="88" />
  <memory-copied type="nursery" objects="3686" bytes="90176" bytesdiscarded="54976" />
  <memory-copied type="tenure" objects="1455" bytes="34920" bytesdiscarded="0" />
</gc-op>
<gc-end id="1232" type="scavenge" contextid="1228" durationms="7.584" usertimems="8.068" systemtimems="10.515" timestamp="2019-08-09T18:05:43.133" activeThreads="16">
  <mem-info id="1233" free="3707824" total="12124160" percent="30">
    <mem type="nursery" free="3000576" total="3538944" percent="84">
      <mem type="allocate" free="3000576" total="3145728" percent="95" />
      <mem type="survivor" free="0" total="393216" percent="0" />
    </mem>
    <mem type="tenure" free="707248" total="8585216" percent="8" macro-fragmented="0">
      <mem type="soa" free="622256" total="8500224" percent="7" />
      <mem type="loa" free="84992" total="84992" percent="100" />
    </mem>
    <remembered-set count="341" />
  </mem-info>
</gc-end>
<cycle-end id="1234" type="scavenge" contextid="1228" timestamp="2019-08-09T18:05:43.133" />
  <attribute name="elasticGC enabled" value="1" />
  <attribute name= "numThreadsSpecified" value="16" />
  <attribute name="heapSize specified" value="11993088" />
  <attribute name="Current GC Util" value="0" />
  <attribute name= "Current Time Running" value="78996" />
  <attribute name ="GC Interval" value="2385" />
  <attribute name="Target GC Util Change" value ="80.000000" />
  <attribute name="Current GC Util Change" value="0.000000"/>
  <attribute name="Current Error" value="320.000000" />
  <attribute name="Output H" value="12200216"/>
  <attribute name="Output I" value="2384"/>
  <attribute name="Output T" value="16"/>
  <attribute name= "Current Time Running" value="78996" />
  <attribute name="GC Util currently" value="0" />
  <attribute name="CPU Util currently" value="11" />
<allocation-satisfied id="1235" threadId="0000000001452F00" bytesRequested="32" />
<af-end id="1236" timestamp="2019-08-09T18:05:43.133" threadId="0000000001453888" success="true" from="nursery"/>
<exclusive-end id="1237" timestamp="2019-08-09T18:05:43.133" durationms="7.982" />

<exclusive-start id="1238" timestamp="2019-08-09T18:05:44.361" intervalms="1235.237">
  <response-info timems="0.269" idlems="0.269" threads="0" lastid="0000000001487600" lastname="node-0" />
</exclusive-start>
<af-start id="1239" threadId="0000000001487F88" totalBytesRequested="24" timestamp="2019-08-09T18:05:44.361" intervalms="1235.119" type="nursery" />
<cycle-start id="1240" type="scavenge" contextid="0" timestamp="2019-08-09T18:05:44.361" intervalms="1235.151" />
<gc-start id="1241" type="scavenge" contextid="1240" timestamp="2019-08-09T18:05:44.361">
  <mem-info id="1242" free="707248" total="12124160" percent="5">
    <mem type="nursery" free="0" total="3538944" percent="0">
      <mem type="allocate" free="0" total="3145728" percent="0" />
      <mem type="survivor" free="0" total="393216" percent="0" />
    </mem>
    <mem type="tenure" free="707248" total="8585216" percent="8">
      <mem type="soa" free="622256" total="8500224" percent="7" />
      <mem type="loa" free="84992" total="84992" percent="100" />
    </mem>
    <remembered-set count="424" />
  </mem-info>
</gc-start>
<allocation-stats totalBytes="2991040" >
  <allocated-bytes non-tlh="32" tlh="2991008" />
  <largest-consumer threadName="node-8" threadId="000000000149DD00" bytes="143328" />
</allocation-stats>
<gc-op id="1243" type="scavenge" timems="2.551" contextid="1240" timestamp="2019-08-09T18:05:44.364">
  <scavenger-info tenureage="2" tenuremask="4004" tiltratio="88" />
  <memory-copied type="nursery" objects="3827" bytes="93624" bytesdiscarded="51528" />
  <memory-copied type="tenure" objects="1526" bytes="36624" bytesdiscarded="0" />
</gc-op>
<gc-end id="1244" type="scavenge" contextid="1240" durationms="2.736" usertimems="5.104" systemtimems="0.000" timestamp="2019-08-09T18:05:44.364" activeThreads="16">
  <mem-info id="1245" free="3675568" total="12124160" percent="30">
    <mem type="nursery" free="3000576" total="3538944" percent="84">
      <mem type="allocate" free="3000576" total="3145728" percent="95" />
      <mem type="survivor" free="0" total="393216" percent="0" />
    </mem>
    <mem type="tenure" free="674992" total="8585216" percent="7" macro-fragmented="502401">
      <mem type="soa" free="590000" total="8500224" percent="6" />
      <mem type="loa" free="84992" total="84992" percent="100" />
    </mem>
    <remembered-set count="342" />
  </mem-info>
</gc-end>
<cycle-end id="1246" type="scavenge" contextid="1240" timestamp="2019-08-09T18:05:44.364" />
  <attribute name="elasticGC enabled" value="1" />
  <attribute name= "numThreadsSpecified" value="16" />
  <attribute name="heapSize specified" value="11993088" />
  <attribute name="Current GC Util" value="0" />
  <attribute name= "Current Time Running" value="80231" />
  <attribute name ="GC Interval" value="2473" />
  <attribute name="Target GC Util Change" value ="80.000000" />
  <attribute name="Current GC Util Change" value="0.000000"/>
  <attribute name="Current Error" value="400.000000" />
  <attribute name="Output H" value="12200304"/>
  <attribute name="Output I" value="2472"/>
  <attribute name="Output T" value="16"/>
  <attribute name= "Current Time Running" value="80231" />
  <attribute name="GC Util currently" value="0" />
  <attribute name="CPU Util currently" value="10" />
<allocation-satisfied id="1247" threadId="0000000001487600" bytesRequested="24" />
<af-end id="1248" timestamp="2019-08-09T18:05:44.364" threadId="0000000001487F88" success="true" from="nursery"/>
<exclusive-end id="1249" timestamp="2019-08-09T18:05:44.364" durationms="3.401" />

<exclusive-start id="1250" timestamp="2019-08-09T18:05:45.597" intervalms="1236.930">
  <response-info timems="0.250" idlems="0.167" threads="1" lastid="0000000001470E00" lastname="node-5" />
</exclusive-start>
<af-start id="1251" threadId="0000000001487F88" totalBytesRequested="24" timestamp="2019-08-09T18:05:45.598" intervalms="1237.156" type="nursery" />
<cycle-start id="1252" type="scavenge" contextid="0" timestamp="2019-08-09T18:05:45.598" intervalms="1237.343" />
<gc-start id="1253" type="scavenge" contextid="1252" timestamp="2019-08-09T18:05:45.598">
  <mem-info id="1254" free="674992" total="12124160" percent="5">
    <mem type="nursery" free="0" total="3538944" percent="0">
      <mem type="allocate" free="0" total="3145728" percent="0" />
      <mem type="survivor" free="0" total="393216" percent="0" />
    </mem>
    <mem type="tenure" free="674992" total="8585216" percent="7">
      <mem type="soa" free="590000" total="8500224" percent="6" />
      <mem type="loa" free="84992" total="84992" percent="100" />
    </mem>
    <remembered-set count="422" />
  </mem-info>
</gc-start>
<allocation-stats totalBytes="2995120" >
  <allocated-bytes non-tlh="24" tlh="2995096" />
  <largest-consumer threadName="node-9" threadId="00000000014A5500" bytes="143320" />
</allocation-stats>
<gc-op id="1255" type="scavenge" timems="2.036" contextid="1252" timestamp="2019-08-09T18:05:45.600">
  <scavenger-info tenureage="2" tenuremask="4004" tiltratio="88" />
  <memory-copied type="nursery" objects="3613" bytes="86072" bytesdiscarded="91336" />
  <memory-copied type="tenure" objects="2018" bytes="48432" bytesdiscarded="0" />
</gc-op>
<gc-end id="1256" type="scavenge" contextid="1252" durationms="2.408" usertimems="3.079" systemtimems="0.603" timestamp="2019-08-09T18:05:45.601" activeThreads="16">
  <mem-info id="1257" free="3594928" total="12124160" percent="29">
    <mem type="nursery" free="2968320" total="3538944" percent="83">
      <mem type="allocate" free="2968320" total="3145728" percent="94" />
      <mem type="survivor" free="0" total="393216" percent="0" />
    </mem>
    <mem type="tenure" free="626608" total="8585216" percent="7" macro-fragmented="418667">
      <mem type="soa" free="541616" total="8500224" percent="6" />
      <mem type="loa" free="84992" total="84992" percent="100" />
    </mem>
    <remembered-set count="320" />
  </mem-info>
</gc-end>
<cycle-end id="1258" type="scavenge" contextid="1252" timestamp="2019-08-09T18:05:45.601" />
  <attribute name="elasticGC enabled" value="1" />
  <attribute name= "numThreadsSpecified" value="16" />
  <attribute name="heapSize specified" value="11993088" />
  <attribute name="Current GC Util" value="0" />
  <attribute name= "Current Time Running" value="81468" />
  <attribute name ="GC Interval" value="2569" />
  <attribute name="Target GC Util Change" value ="80.000000" />
  <attribute name="Current GC Util Change" value="0.000000"/>
  <attribute name="Current Error" value="480.000000" />
  <attribute name="Output H" value="12200400"/>
  <attribute name="Output I" value="2568"/>
  <attribute name="Output T" value="16"/>
  <attribute name= "Current Time Running" value="81468" />
  <attribute name="GC Util currently" value="0" />
  <attribute name="CPU Util currently" value="9" />
<allocation-satisfied id="1259" threadId="0000000001487600" bytesRequested="24" />
<af-end id="1260" timestamp="2019-08-09T18:05:45.601" threadId="0000000001487F88" success="true" from="nursery"/>
<exclusive-end id="1261" timestamp="2019-08-09T18:05:45.601" durationms="3.695" />

<exclusive-start id="1262" timestamp="2019-08-09T18:05:46.876" intervalms="1278.589">
  <response-info timems="1.258" idlems="0.814" threads="1" lastid="000000000148ED00" lastname="node-16" />
</exclusive-start>
<af-start id="1263" threadId="0000000001466488" totalBytesRequested="24" timestamp="2019-08-09T18:05:46.876" intervalms="1278.502" type="nursery" />
<cycle-start id="1264" type="scavenge" contextid="0" timestamp="2019-08-09T18:05:46.876" intervalms="1278.341" />
<gc-start id="1265" type="scavenge" contextid="1264" timestamp="2019-08-09T18:05:46.877">
  <mem-info id="1266" free="626608" total="12124160" percent="5">
    <mem type="nursery" free="0" total="3538944" percent="0">
      <mem type="allocate" free="0" total="3145728" percent="0" />
      <mem type="survivor" free="0" total="393216" percent="0" />
    </mem>
    <mem type="tenure" free="626608" total="8585216" percent="7">
      <mem type="soa" free="541616" total="8500224" percent="6" />
      <mem type="loa" free="84992" total="84992" percent="100" />
    </mem>
    <remembered-set count="414" />
  </mem-info>
</gc-start>
<allocation-stats totalBytes="2965704" >
  <allocated-bytes non-tlh="24" tlh="2965680" />
  <largest-consumer threadName="node-10" threadId="0000000001492900" bytes="143352" />
</allocation-stats>
<gc-op id="1267" type="scavenge" timems="2.849" contextid="1264" timestamp="2019-08-09T18:05:46.880">
  <scavenger-info tenureage="2" tenuremask="4004" tiltratio="88" />
  <memory-copied type="nursery" objects="3419" bytes="83888" bytesdiscarded="29008" />
  <memory-copied type="tenure" objects="1662" bytes="39888" bytesdiscarded="0" />
</gc-op>
<gc-end id="1268" type="scavenge" contextid="1264" durationms="3.549" usertimems="2.211" systemtimems="2.972" timestamp="2019-08-09T18:05:46.880" activeThreads="16">
  <mem-info id="1269" free="3611056" total="12124160" percent="29">
    <mem type="nursery" free="3032832" total="3538944" percent="85">
      <mem type="allocate" free="3032832" total="3145728" percent="96" />
      <mem type="survivor" free="0" total="393216" percent="0" />
    </mem>
    <mem type="tenure" free="578224" total="8585216" percent="6" macro-fragmented="348889">
      <mem type="soa" free="493232" total="8500224" percent="5" />
      <mem type="loa" free="84992" total="84992" percent="100" />
    </mem>
    <remembered-set count="341" />
  </mem-info>
</gc-end>
<cycle-end id="1270" type="scavenge" contextid="1264" timestamp="2019-08-09T18:05:46.880" />
  <attribute name="elasticGC enabled" value="1" />
  <attribute name= "numThreadsSpecified" value="16" />
  <attribute name="heapSize specified" value="11993088" />
  <attribute name="Current GC Util" value="0" />
  <attribute name= "Current Time Running" value="82746" />
  <attribute name ="GC Interval" value="2105" />
  <attribute name="Target GC Util Change" value ="80.000000" />
  <attribute name="Current GC Util Change" value="0.000000"/>
  <attribute name="Current Error" value="80.000000" />
  <attribute name="Output H" value="12199936"/>
  <attribute name="Output I" value="2104"/>
  <attribute name="Output T" value="16"/>
  <attribute name= "Current Time Running" value="82746" />
  <attribute name="GC Util currently" value="0" />
  <attribute name="CPU Util currently" value="10" />
<allocation-satisfied id="1271" threadId="0000000001465B00" bytesRequested="24" />
<af-end id="1272" timestamp="2019-08-09T18:05:46.881" threadId="0000000001466488" success="true" from="nursery"/>
<exclusive-end id="1273" timestamp="2019-08-09T18:05:46.881" durationms="4.618" />

<exclusive-start id="1274" timestamp="2019-08-09T18:05:48.043" intervalms="1166.451">
  <response-info timems="0.849" idlems="0.849" threads="0" lastid="0000000001465B00" lastname="node-4" />
</exclusive-start>
<af-start id="1275" threadId="0000000001466488" totalBytesRequested="32" timestamp="2019-08-09T18:05:48.043" intervalms="1166.313" type="nursery" />
<cycle-start id="1276" type="scavenge" contextid="0" timestamp="2019-08-09T18:05:48.043" intervalms="1166.454" />
<gc-start id="1277" type="scavenge" contextid="1276" timestamp="2019-08-09T18:05:48.043">
  <mem-info id="1278" free="578224" total="12124160" percent="4">
    <mem type="nursery" free="0" total="3538944" percent="0">
      <mem type="allocate" free="0" total="3145728" percent="0" />
      <mem type="survivor" free="0" total="393216" percent="0" />
    </mem>
    <mem type="tenure" free="578224" total="8585216" percent="6">
      <mem type="soa" free="493232" total="8500224" percent="5" />
      <mem type="loa" free="84992" total="84992" percent="100" />
    </mem>
    <remembered-set count="412" />
  </mem-info>
</gc-start>
<allocation-stats totalBytes="3029760" >
  <allocated-bytes non-tlh="24" tlh="3029736" />
  <largest-consumer threadName="node-8" threadId="000000000149DD00" bytes="143328" />
</allocation-stats>
<gc-op id="1279" type="scavenge" timems="3.695" contextid="1276" timestamp="2019-08-09T18:05:48.047">
  <scavenger-info tenureage="2" tenuremask="4004" tiltratio="88" />
  <memory-copied type="nursery" objects="3310" bytes="78520" bytesdiscarded="34376" />
  <memory-copied type="tenure" objects="1832" bytes="43968" bytesdiscarded="0" />
</gc-op>
<gc-end id="1280" type="scavenge" contextid="1276" durationms="4.755" usertimems="3.656" systemtimems="0.565" timestamp="2019-08-09T18:05:48.048" activeThreads="16">
  <mem-info id="1281" free="3562672" total="12124160" percent="29">
    <mem type="nursery" free="3032832" total="3538944" percent="85">
      <mem type="allocate" free="3032832" total="3145728" percent="96" />
      <mem type="survivor" free="0" total="393216" percent="0" />
    </mem>
    <mem type="tenure" free="529840" total="8585216" percent="6" macro-fragmented="0">
      <mem type="soa" free="444848" total="8500224" percent="5" />
      <mem type="loa" free="84992" total="84992" percent="100" />
    </mem>
    <remembered-set count="313" />
  </mem-info>
</gc-end>
<cycle-end id="1282" type="scavenge" contextid="1276" timestamp="2019-08-09T18:05:48.048" />
  <attribute name="elasticGC enabled" value="1" />
  <attribute name= "numThreadsSpecified" value="16" />
  <attribute name="heapSize specified" value="11993088" />
  <attribute name="Current GC Util" value="0" />
  <attribute name= "Current Time Running" value="83913" />
  <attribute name ="GC Interval" value="2193" />
  <attribute name="Target GC Util Change" value ="80.000000" />
  <attribute name="Current GC Util Change" value="0.000000"/>
  <attribute name="Current Error" value="160.000000" />
  <attribute name="Output H" value="12200024"/>
  <attribute name="Output I" value="2192"/>
  <attribute name="Output T" value="16"/>
  <attribute name= "Current Time Running" value="83913" />
  <attribute name="GC Util currently" value="0" />
  <attribute name="CPU Util currently" value="9" />
<allocation-satisfied id="1283" threadId="0000000001465B00" bytesRequested="32" />
<af-end id="1284" timestamp="2019-08-09T18:05:48.048" threadId="0000000001466488" success="true" from="nursery"/>
<exclusive-end id="1285" timestamp="2019-08-09T18:05:48.048" durationms="5.563" />

<exclusive-start id="1286" timestamp="2019-08-09T18:05:49.303" intervalms="1260.025">
  <response-info timems="0.049" idlems="0.049" threads="0" lastid="00000000014A9100" lastname="node-3" />
</exclusive-start>
<af-start id="1287" threadId="00000000014A9A88" totalBytesRequested="32" timestamp="2019-08-09T18:05:49.303" intervalms="1260.026" type="nursery" />
<cycle-start id="1288" type="scavenge" contextid="0" timestamp="2019-08-09T18:05:49.303" intervalms="1259.829" />
<gc-start id="1289" type="scavenge" contextid="1288" timestamp="2019-08-09T18:05:49.303">
  <mem-info id="1290" free="529840" total="12124160" percent="4">
    <mem type="nursery" free="0" total="3538944" percent="0">
      <mem type="allocate" free="0" total="3145728" percent="0" />
      <mem type="survivor" free="0" total="393216" percent="0" />
    </mem>
    <mem type="tenure" free="529840" total="8585216" percent="6">
      <mem type="soa" free="444848" total="8500224" percent="5" />
      <mem type="loa" free="84992" total="84992" percent="100" />
    </mem>
    <remembered-set count="413" />
  </mem-info>
</gc-start>
<allocation-stats totalBytes="3028648" >
  <allocated-bytes non-tlh="32" tlh="3028616" />
  <largest-consumer threadName="node-4" threadId="0000000001465B00" bytes="143336" />
</allocation-stats>
<gc-op id="1291" type="scavenge" timems="2.757" contextid="1288" timestamp="2019-08-09T18:05:49.306">
  <scavenger-info tenureage="2" tenuremask="4004" tiltratio="88" />
  <memory-copied type="nursery" objects="3460" bytes="82120" bytesdiscarded="79160" />
  <memory-copied type="tenure" objects="1437" bytes="34488" bytesdiscarded="0" />
</gc-op>
<gc-end id="1292" type="scavenge" contextid="1288" durationms="3.529" usertimems="3.014" systemtimems="2.141" timestamp="2019-08-09T18:05:49.306" activeThreads="16">
  <mem-info id="1293" free="3482032" total="12124160" percent="28">
    <mem type="nursery" free="2984448" total="3538944" percent="84">
      <mem type="allocate" free="2984448" total="3145728" percent="94" />
      <mem type="survivor" free="0" total="393216" percent="0" />
    </mem>
    <mem type="tenure" free="497584" total="8585216" percent="5" macro-fragmented="0">
      <mem type="soa" free="412592" total="8500224" percent="4" />
      <mem type="loa" free="84992" total="84992" percent="100" />
    </mem>
    <remembered-set count="319" />
  </mem-info>
</gc-end>
<cycle-end id="1294" type="scavenge" contextid="1288" timestamp="2019-08-09T18:05:49.306" />
  <attribute name="elasticGC enabled" value="1" />
  <attribute name= "numThreadsSpecified" value="16" />
  <attribute name="heapSize specified" value="11993088" />
  <attribute name="Current GC Util" value="0" />
  <attribute name= "Current Time Running" value="85172" />
  <attribute name ="GC Interval" value="2289" />
  <attribute name="Target GC Util Change" value ="80.000000" />
  <attribute name="Current GC Util Change" value="0.000000"/>
  <attribute name="Current Error" value="240.000000" />
  <attribute name="Output H" value="12200120"/>
  <attribute name="Output I" value="2288"/>
  <attribute name="Output T" value="16"/>
  <attribute name= "Current Time Running" value="85172" />
  <attribute name="GC Util currently" value="0" />
  <attribute name="CPU Util currently" value="10" />
<allocation-satisfied id="1295" threadId="00000000014A9100" bytesRequested="32" />
<af-end id="1296" timestamp="2019-08-09T18:05:49.306" threadId="00000000014A9A88" success="true" from="nursery"/>
<exclusive-end id="1297" timestamp="2019-08-09T18:05:49.306" durationms="3.767" />

<exclusive-start id="1298" timestamp="2019-08-09T18:05:50.751" intervalms="1448.009">
  <response-info timems="0.112" idlems="0.112" threads="0" lastid="0000000001461F00" lastname="node-25" />
</exclusive-start>
<af-start id="1299" threadId="0000000001462888" totalBytesRequested="32" timestamp="2019-08-09T18:05:50.751" intervalms="1447.998" type="nursery" />
<cycle-start id="1300" type="scavenge" contextid="0" timestamp="2019-08-09T18:05:50.751" intervalms="1447.993" />
<gc-start id="1301" type="scavenge" contextid="1300" timestamp="2019-08-09T18:05:50.751">
  <mem-info id="1302" free="497584" total="12124160" percent="4">
    <mem type="nursery" free="0" total="3538944" percent="0">
      <mem type="allocate" free="0" total="3145728" percent="0" />
      <mem type="survivor" free="0" total="393216" percent="0" />
    </mem>
    <mem type="tenure" free="497584" total="8585216" percent="5">
      <mem type="soa" free="412592" total="8500224" percent="4" />
      <mem type="loa" free="84992" total="84992" percent="100" />
    </mem>
    <remembered-set count="420" />
  </mem-info>
</gc-start>
<allocation-stats totalBytes="2980016" >
  <allocated-bytes non-tlh="32" tlh="2979984" />
  <largest-consumer threadName="node-19" threadId="0000000001478600" bytes="143344" />
</allocation-stats>
<gc-op id="1303" type="scavenge" timems="1.357" contextid="1300" timestamp="2019-08-09T18:05:50.752">
  <scavenger-info tenureage="2" tenuremask="4004" tiltratio="88" />
  <memory-copied type="nursery" objects="3781" bytes="92456" bytesdiscarded="84952" />
  <memory-copied type="tenure" objects="1758" bytes="42192" bytesdiscarded="0" />
</gc-op>
<gc-end id="1304" type="scavenge" contextid="1300" durationms="1.559" usertimems="2.602" systemtimems="0.000" timestamp="2019-08-09T18:05:50.752" activeThreads="16">
  <mem-info id="1305" free="3433648" total="12124160" percent="28">
    <mem type="nursery" free="2968320" total="3538944" percent="83">
      <mem type="allocate" free="2968320" total="3145728" percent="94" />
      <mem type="survivor" free="0" total="393216" percent="0" />
    </mem>
    <mem type="tenure" free="465328" total="8585216" percent="5" macro-fragmented="348889">
      <mem type="soa" free="380336" total="8500224" percent="4" />
      <mem type="loa" free="84992" total="84992" percent="100" />
    </mem>
    <remembered-set count="344" />
  </mem-info>
</gc-end>
<cycle-end id="1306" type="scavenge" contextid="1300" timestamp="2019-08-09T18:05:50.752" />
  <attribute name="elasticGC enabled" value="1" />
  <attribute name= "numThreadsSpecified" value="16" />
  <attribute name="heapSize specified" value="11993088" />
  <attribute name="Current GC Util" value="0" />
  <attribute name= "Current Time Running" value="86620" />
  <attribute name ="GC Interval" value="2385" />
  <attribute name="Target GC Util Change" value ="80.000000" />
  <attribute name="Current GC Util Change" value="0.000000"/>
  <attribute name="Current Error" value="320.000000" />
  <attribute name="Output H" value="12200216"/>
  <attribute name="Output I" value="2384"/>
  <attribute name="Output T" value="16"/>
  <attribute name= "Current Time Running" value="86620" />
  <attribute name="GC Util currently" value="0" />
  <attribute name="CPU Util currently" value="10" />
<allocation-satisfied id="1307" threadId="0000000001461F00" bytesRequested="32" />
<af-end id="1308" timestamp="2019-08-09T18:05:50.752" threadId="0000000001462888" success="true" from="nursery"/>
<exclusive-end id="1309" timestamp="2019-08-09T18:05:50.752" durationms="1.831" />

<exclusive-start id="1310" timestamp="2019-08-09T18:05:51.762" intervalms="1011.452">
  <response-info timems="0.722" idlems="0.722" threads="0" lastid="0000000001470E00" lastname="node-5" />
</exclusive-start>
<af-start id="1311" threadId="0000000001471788" totalBytesRequested="16" timestamp="2019-08-09T18:05:51.762" intervalms="1011.457" type="nursery" />
<cycle-start id="1312" type="scavenge" contextid="0" timestamp="2019-08-09T18:05:51.762" intervalms="1011.454" />
<gc-start id="1313" type="scavenge" contextid="1312" timestamp="2019-08-09T18:05:51.762">
  <mem-info id="1314" free="465328" total="12124160" percent="3">
    <mem type="nursery" free="0" total="3538944" percent="0">
      <mem type="allocate" free="0" total="3145728" percent="0" />
      <mem type="survivor" free="0" total="393216" percent="0" />
    </mem>
    <mem type="tenure" free="465328" total="8585216" percent="5">
      <mem type="soa" free="380336" total="8500224" percent="4" />
      <mem type="loa" free="84992" total="84992" percent="100" />
    </mem>
    <remembered-set count="417" />
  </mem-info>
</gc-start>
<allocation-stats totalBytes="2954848" >
  <allocated-bytes non-tlh="32" tlh="2954816" />
  <largest-consumer threadName="node-9" threadId="00000000014A5500" bytes="143336" />
</allocation-stats>
<gc-op id="1315" type="scavenge" timems="1.986" contextid="1312" timestamp="2019-08-09T18:05:51.764">
  <scavenger-info tenureage="2" tenuremask="4004" tiltratio="88" />
  <memory-copied type="nursery" objects="3581" bytes="85648" bytesdiscarded="75632" />
  <memory-copied type="tenure" objects="1587" bytes="38088" bytesdiscarded="0" />
</gc-op>
<gc-end id="1316" type="scavenge" contextid="1312" durationms="2.446" usertimems="1.601" systemtimems="3.284" timestamp="2019-08-09T18:05:51.765" activeThreads="16">
  <mem-info id="1317" free="3401392" total="12124160" percent="28">
    <mem type="nursery" free="2984448" total="3538944" percent="84">
      <mem type="allocate" free="2984448" total="3145728" percent="94" />
      <mem type="survivor" free="0" total="393216" percent="0" />
    </mem>
    <mem type="tenure" free="416944" total="8585216" percent="4" macro-fragmented="0">
      <mem type="soa" free="331952" total="8500224" percent="3" />
      <mem type="loa" free="84992" total="84992" percent="100" />
    </mem>
    <remembered-set count="322" />
  </mem-info>
</gc-end>
<cycle-end id="1318" type="scavenge" contextid="1312" timestamp="2019-08-09T18:05:51.765" />
  <attribute name="elasticGC enabled" value="1" />
  <attribute name= "numThreadsSpecified" value="16" />
  <attribute name="heapSize specified" value="11993088" />
  <attribute name="Current GC Util" value="0" />
  <attribute name= "Current Time Running" value="87632" />
  <attribute name ="GC Interval" value="2473" />
  <attribute name="Target GC Util Change" value ="80.000000" />
  <attribute name="Current GC Util Change" value="0.000000"/>
  <attribute name="Current Error" value="400.000000" />
  <attribute name="Output H" value="12200304"/>
  <attribute name="Output I" value="2472"/>
  <attribute name="Output T" value="16"/>
  <attribute name= "Current Time Running" value="87632" />
  <attribute name="GC Util currently" value="0" />
  <attribute name="CPU Util currently" value="7" />
<allocation-satisfied id="1319" threadId="0000000001470E00" bytesRequested="16" />
<af-end id="1320" timestamp="2019-08-09T18:05:51.765" threadId="0000000001471788" success="true" from="nursery"/>
<exclusive-end id="1321" timestamp="2019-08-09T18:05:51.765" durationms="2.994" />

<exclusive-start id="1322" timestamp="2019-08-09T18:05:52.778" intervalms="1015.827">
  <response-info timems="0.764" idlems="0.764" threads="0" lastid="0000000001474A00" lastname="node-6" />
</exclusive-start>
<af-start id="1323" threadId="0000000001475388" totalBytesRequested="32" timestamp="2019-08-09T18:05:52.778" intervalms="1015.837" type="nursery" />
<cycle-start id="1324" type="scavenge" contextid="0" timestamp="2019-08-09T18:05:52.778" intervalms="1015.846" />
<gc-start id="1325" type="scavenge" contextid="1324" timestamp="2019-08-09T18:05:52.778">
  <mem-info id="1326" free="416944" total="12124160" percent="3">
    <mem type="nursery" free="0" total="3538944" percent="0">
      <mem type="allocate" free="0" total="3145728" percent="0" />
      <mem type="survivor" free="0" total="393216" percent="0" />
    </mem>
    <mem type="tenure" free="416944" total="8585216" percent="4">
      <mem type="soa" free="331952" total="8500224" percent="3" />
      <mem type="loa" free="84992" total="84992" percent="100" />
    </mem>
    <remembered-set count="418" />
  </mem-info>
</gc-start>
<allocation-stats totalBytes="2983704" >
  <allocated-bytes non-tlh="16" tlh="2983688" />
  <largest-consumer threadName="node-8" threadId="000000000149DD00" bytes="143352" />
</allocation-stats>
<gc-op id="1327" type="scavenge" timems="2.963" contextid="1324" timestamp="2019-08-09T18:05:52.781">
  <scavenger-info tenureage="2" tenuremask="4004" tiltratio="88" />
  <memory-copied type="nursery" objects="2855" bytes="70232" bytesdiscarded="42664" />
  <memory-copied type="tenure" objects="2052" bytes="49248" bytesdiscarded="0" />
</gc-op>
<gc-end id="1328" type="scavenge" contextid="1324" durationms="3.416" usertimems="5.163" systemtimems="0.954" timestamp="2019-08-09T18:05:52.781" activeThreads="16">
  <mem-info id="1329" free="3401392" total="12124160" percent="28">
    <mem type="nursery" free="3032832" total="3538944" percent="85">
      <mem type="allocate" free="3032832" total="3145728" percent="96" />
      <mem type="survivor" free="0" total="393216" percent="0" />
    </mem>
    <mem type="tenure" free="368560" total="8585216" percent="4" macro-fragmented="0">
      <mem type="soa" free="283568" total="8500224" percent="3" />
      <mem type="loa" free="84992" total="84992" percent="100" />
    </mem>
    <remembered-set count="339" />
  </mem-info>
</gc-end>
<cycle-end id="1330" type="scavenge" contextid="1324" timestamp="2019-08-09T18:05:52.781" />
  <attribute name="elasticGC enabled" value="1" />
  <attribute name= "numThreadsSpecified" value="16" />
  <attribute name="heapSize specified" value="11993088" />
  <attribute name="Current GC Util" value="0" />
  <attribute name= "Current Time Running" value="88648" />
  <attribute name ="GC Interval" value="2569" />
  <attribute name="Target GC Util Change" value ="80.000000" />
  <attribute name="Current GC Util Change" value="0.000000"/>
  <attribute name="Current Error" value="480.000000" />
  <attribute name="Output H" value="12200400"/>
  <attribute name="Output I" value="2568"/>
  <attribute name="Output T" value="16"/>
  <attribute name= "Current Time Running" value="88648" />
  <attribute name="GC Util currently" value="0" />
  <attribute name="CPU Util currently" value="8" />
<allocation-satisfied id="1331" threadId="0000000001474A00" bytesRequested="32" />
<af-end id="1332" timestamp="2019-08-09T18:05:52.782" threadId="0000000001475388" success="true" from="nursery"/>
<exclusive-end id="1333" timestamp="2019-08-09T18:05:52.782" durationms="3.667" />

<exclusive-start id="1334" timestamp="2019-08-09T18:05:53.744" intervalms="966.544">
  <response-info timems="0.249" idlems="0.249" threads="0" lastid="000000000146D200" lastname="node-1" />
</exclusive-start>
<af-start id="1335" threadId="000000000146DB88" totalBytesRequested="32" timestamp="2019-08-09T18:05:53.744" intervalms="966.531" type="nursery" />
<cycle-start id="1336" type="scavenge" contextid="0" timestamp="2019-08-09T18:05:53.744" intervalms="966.525" />
<gc-start id="1337" type="scavenge" contextid="1336" timestamp="2019-08-09T18:05:53.745">
  <mem-info id="1338" free="368560" total="12124160" percent="3">
    <mem type="nursery" free="0" total="3538944" percent="0">
      <mem type="allocate" free="0" total="3145728" percent="0" />
      <mem type="survivor" free="0" total="393216" percent="0" />
    </mem>
    <mem type="tenure" free="368560" total="8585216" percent="4">
      <mem type="soa" free="283568" total="8500224" percent="3" />
      <mem type="loa" free="84992" total="84992" percent="100" />
    </mem>
    <remembered-set count="413" />
  </mem-info>
</gc-start>
<allocation-stats totalBytes="3028504" >
  <allocated-bytes non-tlh="32" tlh="3028472" />
  <largest-consumer threadName="node-11" threadId="000000000144B700" bytes="143352" />
</allocation-stats>
<gc-op id="1339" type="scavenge" timems="5.617" contextid="1336" timestamp="2019-08-09T18:05:53.750">
  <scavenger-info tenureage="2" tenuremask="4004" tiltratio="88" />
  <memory-copied type="nursery" objects="2764" bytes="68048" bytesdiscarded="12592" />
  <memory-copied type="tenure" objects="1408" bytes="33792" bytesdiscarded="0" />
</gc-op>
<gc-end id="1340" type="scavenge" contextid="1336" durationms="6.199" usertimems="5.160" systemtimems="4.941" timestamp="2019-08-09T18:05:53.751" activeThreads="16">
  <mem-info id="1341" free="3385264" total="12124160" percent="27">
    <mem type="nursery" free="3065088" total="3538944" percent="86">
      <mem type="allocate" free="3065088" total="3145728" percent="97" />
      <mem type="survivor" free="0" total="393216" percent="0" />
    </mem>
    <mem type="tenure" free="320176" total="8585216" percent="3" macro-fragmented="0">
      <mem type="soa" free="235184" total="8500224" percent="2" />
      <mem type="loa" free="84992" total="84992" percent="100" />
    </mem>
    <remembered-set count="338" />
  </mem-info>
</gc-end>
<cycle-end id="1342" type="scavenge" contextid="1336" timestamp="2019-08-09T18:05:53.751" />
  <attribute name="elasticGC enabled" value="1" />
  <attribute name= "numThreadsSpecified" value="16" />
  <attribute name="heapSize specified" value="11993088" />
  <attribute name="Current GC Util" value="0" />
  <attribute name= "Current Time Running" value="89614" />
  <attribute name ="GC Interval" value="2105" />
  <attribute name="Target GC Util Change" value ="80.000000" />
  <attribute name="Current GC Util Change" value="0.000000"/>
  <attribute name="Current Error" value="80.000000" />
  <attribute name="Output H" value="12199936"/>
  <attribute name="Output I" value="2104"/>
  <attribute name="Output T" value="16"/>
  <attribute name= "Current Time Running" value="89614" />
  <attribute name="GC Util currently" value="0" />
  <attribute name="CPU Util currently" value="8" />
<allocation-satisfied id="1343" threadId="000000000146D200" bytesRequested="32" />
<af-end id="1344" timestamp="2019-08-09T18:05:53.751" threadId="000000000146DB88" success="true" from="nursery"/>
<exclusive-end id="1345" timestamp="2019-08-09T18:05:53.751" durationms="6.421" />

<exclusive-start id="1346" timestamp="2019-08-09T18:05:54.881" intervalms="1136.137">
  <response-info timems="1.200" idlems="1.200" threads="0" lastid="0000000001465B00" lastname="node-4" />
</exclusive-start>
<af-start id="1347" threadId="0000000001466488" totalBytesRequested="16" timestamp="2019-08-09T18:05:54.881" intervalms="1136.138" type="nursery" />
<cycle-start id="1348" type="scavenge" contextid="0" timestamp="2019-08-09T18:05:54.881" intervalms="1136.135" />
<gc-start id="1349" type="scavenge" contextid="1348" timestamp="2019-08-09T18:05:54.881">
  <mem-info id="1350" free="320176" total="12124160" percent="2">
    <mem type="nursery" free="0" total="3538944" percent="0">
      <mem type="allocate" free="0" total="3145728" percent="0" />
      <mem type="survivor" free="0" total="393216" percent="0" />
    </mem>
    <mem type="tenure" free="320176" total="8585216" percent="3">
      <mem type="soa" free="235184" total="8500224" percent="2" />
      <mem type="loa" free="84992" total="84992" percent="100" />
    </mem>
    <remembered-set count="414" />
  </mem-info>
</gc-start>
<allocation-stats totalBytes="3053376" >
  <allocated-bytes non-tlh="32" tlh="3053344" />
  <largest-consumer threadName="node-16" threadId="000000000148ED00" bytes="151320" />
</allocation-stats>
<gc-op id="1351" type="scavenge" timems="2.120" contextid="1348" timestamp="2019-08-09T18:05:54.883">
  <scavenger-info tenureage="2" tenuremask="4004" tiltratio="88" />
  <memory-copied type="nursery" objects="2935" bytes="83160" bytesdiscarded="78120" />
  <memory-copied type="tenure" objects="1305" bytes="31320" bytesdiscarded="0" />
</gc-op>
<gc-end id="1352" type="scavenge" contextid="1348" durationms="2.785" usertimems="1.199" systemtimems="2.352" timestamp="2019-08-09T18:05:54.883" activeThreads="16">
  <mem-info id="1353" free="3272368" total="12124160" percent="26">
    <mem type="nursery" free="2984448" total="3538944" percent="84">
      <mem type="allocate" free="2984448" total="3145728" percent="94" />
      <mem type="survivor" free="0" total="393216" percent="0" />
    </mem>
    <mem type="tenure" free="287920" total="8585216" percent="3" macro-fragmented="1469">
      <mem type="soa" free="202928" total="8500224" percent="2" />
      <mem type="loa" free="84992" total="84992" percent="100" />
    </mem>
    <remembered-set count="325" />
  </mem-info>
</gc-end>
<cycle-end id="1354" type="scavenge" contextid="1348" timestamp="2019-08-09T18:05:54.884" />
  <attribute name="elasticGC enabled" value="1" />
  <attribute name= "numThreadsSpecified" value="16" />
  <attribute name="heapSize specified" value="11993088" />
  <attribute name="Current GC Util" value="0" />
  <attribute name= "Current Time Running" value="90750" />
  <attribute name ="GC Interval" value="2193" />
  <attribute name="Target GC Util Change" value ="80.000000" />
  <attribute name="Current GC Util Change" value="0.000000"/>
  <attribute name="Current Error" value="160.000000" />
  <attribute name="Output H" value="12200024"/>
  <attribute name="Output I" value="2192"/>
  <attribute name="Output T" value="16"/>
  <attribute name= "Current Time Running" value="90750" />
  <attribute name="GC Util currently" value="0" />
  <attribute name="CPU Util currently" value="9" />
<allocation-satisfied id="1355" threadId="0000000001465B00" bytesRequested="16" />
<af-end id="1356" timestamp="2019-08-09T18:05:54.884" threadId="0000000001466488" success="true" from="nursery"/>
<exclusive-end id="1357" timestamp="2019-08-09T18:05:54.884" durationms="3.446" />

<exclusive-start id="1358" timestamp="2019-08-09T18:05:55.784" intervalms="903.158">
  <response-info timems="0.028" idlems="0.028" threads="0" lastid="0000000001487600" lastname="node-0" />
</exclusive-start>
<af-start id="1359" threadId="0000000001487F88" totalBytesRequested="24" timestamp="2019-08-09T18:05:55.784" intervalms="903.216" type="nursery" />
<cycle-start id="1360" type="scavenge" contextid="0" timestamp="2019-08-09T18:05:55.784" intervalms="903.225" />
<gc-start id="1361" type="scavenge" contextid="1360" timestamp="2019-08-09T18:05:55.784">
  <mem-info id="1362" free="287920" total="12124160" percent="2">
    <mem type="nursery" free="0" total="3538944" percent="0">
      <mem type="allocate" free="0" total="3145728" percent="0" />
      <mem type="survivor" free="0" total="393216" percent="0" />
    </mem>
    <mem type="tenure" free="287920" total="8585216" percent="3">
      <mem type="soa" free="202928" total="8500224" percent="2" />
      <mem type="loa" free="84992" total="84992" percent="100" />
    </mem>
    <remembered-set count="416" />
  </mem-info>
</gc-start>
<allocation-stats totalBytes="2982160" >
  <allocated-bytes non-tlh="16" tlh="2982144" />
  <largest-consumer threadName="node-6" threadId="0000000001474A00" bytes="143352" />
</allocation-stats>
<gc-op id="1363" type="scavenge" timems="1.623" contextid="1360" timestamp="2019-08-09T18:05:55.786">
  <scavenger-info tenureage="2" tenuremask="4004" tiltratio="88" />
  <memory-copied type="nursery" objects="2669" bytes="65832" bytesdiscarded="14808" />
  <memory-copied type="tenure" objects="1317" bytes="31608" bytesdiscarded="0" />
</gc-op>
<gc-end id="1364" type="scavenge" contextid="1360" durationms="1.791" usertimems="0.909" systemtimems="2.138" timestamp="2019-08-09T18:05:55.786" activeThreads="16">
  <mem-info id="1365" free="3320752" total="12124160" percent="27">
    <mem type="nursery" free="3065088" total="3538944" percent="86">
      <mem type="allocate" free="3065088" total="3145728" percent="97" />
      <mem type="survivor" free="0" total="393216" percent="0" />
    </mem>
    <mem type="tenure" free="255664" total="8585216" percent="2" macro-fragmented="249393">
      <mem type="soa" free="170672" total="8500224" percent="2" />
      <mem type="loa" free="84992" total="84992" percent="100" />
    </mem>
    <remembered-set count="340" />
  </mem-info>
</gc-end>
<cycle-end id="1366" type="scavenge" contextid="1360" timestamp="2019-08-09T18:05:55.786" />
  <attribute name="elasticGC enabled" value="1" />
  <attribute name= "numThreadsSpecified" value="16" />
  <attribute name="heapSize specified" value="11993088" />
  <attribute name="Current GC Util" value="0" />
  <attribute name= "Current Time Running" value="91654" />
  <attribute name ="GC Interval" value="2289" />
  <attribute name="Target GC Util Change" value ="80.000000" />
  <attribute name="Current GC Util Change" value="0.000000"/>
  <attribute name="Current Error" value="240.000000" />
  <attribute name="Output H" value="12200120"/>
  <attribute name="Output I" value="2288"/>
  <attribute name="Output T" value="16"/>
  <attribute name= "Current Time Running" value="91654" />
  <attribute name="GC Util currently" value="0" />
  <attribute name="CPU Util currently" value="7" />
<allocation-satisfied id="1367" threadId="0000000001487600" bytesRequested="24" />
<af-end id="1368" timestamp="2019-08-09T18:05:55.786" threadId="0000000001487F88" success="true" from="nursery"/>
<exclusive-end id="1369" timestamp="2019-08-09T18:05:55.786" durationms="2.085" />

<exclusive-start id="1370" timestamp="2019-08-09T18:05:57.018" intervalms="1234.790">
  <response-info timems="0.028" idlems="0.028" threads="0" lastid="0000000001487600" lastname="node-0" />
</exclusive-start>
<af-start id="1371" threadId="0000000001487F88" totalBytesRequested="16" timestamp="2019-08-09T18:05:57.019" intervalms="1234.757" type="nursery" />
<cycle-start id="1372" type="scavenge" contextid="0" timestamp="2019-08-09T18:05:57.019" intervalms="1234.758" />
<gc-start id="1373" type="scavenge" contextid="1372" timestamp="2019-08-09T18:05:57.019">
  <mem-info id="1374" free="255664" total="12124160" percent="2">
    <mem type="nursery" free="0" total="3538944" percent="0">
      <mem type="allocate" free="0" total="3145728" percent="0" />
      <mem type="survivor" free="0" total="393216" percent="0" />
    </mem>
    <mem type="tenure" free="255664" total="8585216" percent="2">
      <mem type="soa" free="170672" total="8500224" percent="2" />
      <mem type="loa" free="84992" total="84992" percent="100" />
    </mem>
    <remembered-set count="416" />
  </mem-info>
</gc-start>
<allocation-stats totalBytes="3062120" >
  <allocated-bytes non-tlh="24" tlh="3062096" />
  <largest-consumer threadName="node-24" threadId="0000000001452F00" bytes="143336" />
</allocation-stats>
<gc-op id="1375" type="scavenge" timems="2.808" contextid="1372" timestamp="2019-08-09T18:05:57.021">
  <scavenger-info tenureage="2" tenuremask="4004" tiltratio="88" />
  <memory-copied type="nursery" objects="2501" bytes="74048" bytesdiscarded="38848" />
  <memory-copied type="tenure" objects="1444" bytes="34656" bytesdiscarded="0" />
</gc-op>
<gc-end id="1376" type="scavenge" contextid="1372" durationms="3.048" usertimems="4.911" systemtimems="3.008" timestamp="2019-08-09T18:05:57.022" activeThreads="16">
  <mem-info id="1377" free="3256240" total="12124160" percent="26">
    <mem type="nursery" free="3032832" total="3538944" percent="85">
      <mem type="allocate" free="3032832" total="3145728" percent="96" />
      <mem type="survivor" free="0" total="393216" percent="0" />
    </mem>
    <mem type="tenure" free="223408" total="8585216" percent="2" macro-fragmented="0">
      <mem type="soa" free="138416" total="8500224" percent="1" />
      <mem type="loa" free="84992" total="84992" percent="100" />
    </mem>
    <remembered-set count="320" />
  </mem-info>
</gc-end>
<cycle-end id="1378" type="scavenge" contextid="1372" timestamp="2019-08-09T18:05:57.022" />
  <attribute name="elasticGC enabled" value="1" />
  <attribute name= "numThreadsSpecified" value="16" />
  <attribute name="heapSize specified" value="11993088" />
  <attribute name="Current GC Util" value="0" />
  <attribute name= "Current Time Running" value="92888" />
  <attribute name ="GC Interval" value="2385" />
  <attribute name="Target GC Util Change" value ="80.000000" />
  <attribute name="Current GC Util Change" value="0.000000"/>
  <attribute name="Current Error" value="320.000000" />
  <attribute name="Output H" value="12200216"/>
  <attribute name="Output I" value="2384"/>
  <attribute name="Output T" value="16"/>
  <attribute name= "Current Time Running" value="92888" />
  <attribute name="GC Util currently" value="0" />
  <attribute name="CPU Util currently" value="9" />
<allocation-satisfied id="1379" threadId="0000000001487600" bytesRequested="16" />
<af-end id="1380" timestamp="2019-08-09T18:05:57.022" threadId="0000000001487F88" success="true" from="nursery"/>
<exclusive-end id="1381" timestamp="2019-08-09T18:05:57.022" durationms="3.759" />

<exclusive-start id="1382" timestamp="2019-08-09T18:05:58.292" intervalms="1273.565">
  <response-info timems="0.239" idlems="0.239" threads="0" lastid="000000000148ED00" lastname="node-16" />
</exclusive-start>
<af-start id="1383" threadId="000000000148F688" totalBytesRequested="24" timestamp="2019-08-09T18:05:58.292" intervalms="1273.542" type="nursery" />
<cycle-start id="1384" type="scavenge" contextid="0" timestamp="2019-08-09T18:05:58.292" intervalms="1273.540" />
<gc-start id="1385" type="scavenge" contextid="1384" timestamp="2019-08-09T18:05:58.292">
  <mem-info id="1386" free="223408" total="12124160" percent="1">
    <mem type="nursery" free="0" total="3538944" percent="0">
      <mem type="allocate" free="0" total="3145728" percent="0" />
      <mem type="survivor" free="0" total="393216" percent="0" />
    </mem>
    <mem type="tenure" free="223408" total="8585216" percent="2">
      <mem type="soa" free="138416" total="8500224" percent="1" />
      <mem type="loa" free="84992" total="84992" percent="100" />
    </mem>
    <remembered-set count="415" />
  </mem-info>
</gc-start>
<allocation-stats totalBytes="3024024" >
  <allocated-bytes non-tlh="16" tlh="3024008" />
  <largest-consumer threadName="node-9" threadId="00000000014A5500" bytes="143328" />
</allocation-stats>
<gc-op id="1387" type="scavenge" timems="1.174" contextid="1384" timestamp="2019-08-09T18:05:58.293">
  <scavenger-info tenureage="2" tenuremask="4004" tiltratio="88" />
  <memory-copied type="nursery" objects="3265" bytes="79400" bytesdiscarded="33496" />
  <memory-copied type="tenure" objects="1079" bytes="25896" bytesdiscarded="0" />
</gc-op>
<gc-end id="1388" type="scavenge" contextid="1384" durationms="1.393" usertimems="0.861" systemtimems="2.041" timestamp="2019-08-09T18:05:58.294" activeThreads="16">
  <mem-info id="1389" free="3223984" total="12124160" percent="26">
    <mem type="nursery" free="3032832" total="3538944" percent="85">
      <mem type="allocate" free="3032832" total="3145728" percent="96" />
      <mem type="survivor" free="0" total="393216" percent="0" />
    </mem>
    <mem type="tenure" free="191152" total="8585216" percent="2" macro-fragmented="0">
      <mem type="soa" free="106160" total="8500224" percent="1" />
      <mem type="loa" free="84992" total="84992" percent="100" />
    </mem>
    <remembered-set count="336" />
  </mem-info>
</gc-end>
<cycle-end id="1390" type="scavenge" contextid="1384" timestamp="2019-08-09T18:05:58.294" />
  <attribute name="elasticGC enabled" value="1" />
  <attribute name= "numThreadsSpecified" value="16" />
  <attribute name="heapSize specified" value="11993088" />
  <attribute name="Current GC Util" value="0" />
  <attribute name= "Current Time Running" value="94162" />
  <attribute name ="GC Interval" value="2473" />
  <attribute name="Target GC Util Change" value ="80.000000" />
  <attribute name="Current GC Util Change" value="0.000000"/>
  <attribute name="Current Error" value="400.000000" />
  <attribute name="Output H" value="12200304"/>
  <attribute name="Output I" value="2472"/>
  <attribute name="Output T" value="16"/>
  <attribute name= "Current Time Running" value="94162" />
  <attribute name="GC Util currently" value="0" />
  <attribute name="CPU Util currently" value="9" />
<allocation-satisfied id="1391" threadId="000000000148ED00" bytesRequested="24" />
<af-end id="1392" timestamp="2019-08-09T18:05:58.294" threadId="000000000148F688" success="true" from="nursery"/>
<exclusive-end id="1393" timestamp="2019-08-09T18:05:58.294" durationms="1.721" />

<exclusive-start id="1394" timestamp="2019-08-09T18:05:59.538" intervalms="1245.574">
  <response-info timems="1.050" idlems="1.050" threads="0" lastid="0000000001465B00" lastname="node-4" />
</exclusive-start>
<af-start id="1395" threadId="0000000001466488" totalBytesRequested="24" timestamp="2019-08-09T18:05:59.538" intervalms="1245.570" type="nursery" />
<cycle-start id="1396" type="scavenge" contextid="0" timestamp="2019-08-09T18:05:59.538" intervalms="1245.578" />
<gc-start id="1397" type="scavenge" contextid="1396" timestamp="2019-08-09T18:05:59.538">
  <mem-info id="1398" free="191152" total="12124160" percent="1">
    <mem type="nursery" free="0" total="3538944" percent="0">
      <mem type="allocate" free="0" total="3145728" percent="0" />
      <mem type="survivor" free="0" total="393216" percent="0" />
    </mem>
    <mem type="tenure" free="191152" total="8585216" percent="2">
      <mem type="soa" free="106160" total="8500224" percent="1" />
      <mem type="loa" free="84992" total="84992" percent="100" />
    </mem>
    <remembered-set count="420" />
  </mem-info>
</gc-start>
<allocation-stats totalBytes="3030648" >
  <allocated-bytes non-tlh="24" tlh="3030624" />
  <largest-consumer threadName="node-15" threadId="0000000001496500" bytes="143336" />
</allocation-stats>
<gc-op id="1399" type="scavenge" timems="5.064" contextid="1396" timestamp="2019-08-09T18:05:59.543">
  <scavenger-info tenureage="2" tenuremask="4004" tiltratio="88" />
  <memory-copied type="nursery" objects="3611" bytes="88440" bytesdiscarded="72840" />
  <memory-copied type="tenure" objects="1260" bytes="30240" bytesdiscarded="0" />
</gc-op>
<gc-end id="1400" type="scavenge" contextid="1396" durationms="5.789" usertimems="4.661" systemtimems="3.738" timestamp="2019-08-09T18:05:59.544" activeThreads="16">
  <mem-info id="1401" free="3143344" total="12124160" percent="25">
    <mem type="nursery" free="2984448" total="3538944" percent="84">
      <mem type="allocate" free="2984448" total="3145728" percent="94" />
      <mem type="survivor" free="0" total="393216" percent="0" />
    </mem>
    <mem type="tenure" free="158896" total="8585216" percent="1" macro-fragmented="0">
      <mem type="soa" free="73904" total="8500224" percent="0" />
      <mem type="loa" free="84992" total="84992" percent="100" />
    </mem>
    <remembered-set count="344" />
  </mem-info>
</gc-end>
<cycle-end id="1402" type="scavenge" contextid="1396" timestamp="2019-08-09T18:05:59.544" />
  <attribute name="elasticGC enabled" value="1" />
  <attribute name= "numThreadsSpecified" value="16" />
  <attribute name="heapSize specified" value="11993088" />
  <attribute name="Current GC Util" value="0" />
  <attribute name= "Current Time Running" value="95408" />
  <attribute name ="GC Interval" value="2569" />
  <attribute name="Target GC Util Change" value ="80.000000" />
  <attribute name="Current GC Util Change" value="0.000000"/>
  <attribute name="Current Error" value="480.000000" />
  <attribute name="Output H" value="12200400"/>
  <attribute name="Output I" value="2568"/>
  <attribute name="Output T" value="16"/>
  <attribute name= "Current Time Running" value="95408" />
  <attribute name="GC Util currently" value="0" />
  <attribute name="CPU Util currently" value="9" />
<allocation-satisfied id="1403" threadId="0000000001465B00" bytesRequested="24" />
<af-end id="1404" timestamp="2019-08-09T18:05:59.544" threadId="0000000001466488" success="true" from="nursery"/>
<exclusive-end id="1405" timestamp="2019-08-09T18:05:59.544" durationms="6.856" />

<exclusive-start id="1406" timestamp="2019-08-09T18:06:01.176" intervalms="1638.395">
  <response-info timems="0.021" idlems="0.021" threads="0" lastid="0000000001483A00" lastname="node-14" />
</exclusive-start>
<af-start id="1407" threadId="0000000001484388" totalBytesRequested="32" timestamp="2019-08-09T18:06:01.176" intervalms="1638.385" type="nursery" />
<cycle-start id="1408" type="scavenge" contextid="0" timestamp="2019-08-09T18:06:01.176" intervalms="1638.381" />
<gc-start id="1409" type="scavenge" contextid="1408" timestamp="2019-08-09T18:06:01.176">
  <mem-info id="1410" free="158896" total="12124160" percent="1">
    <mem type="nursery" free="0" total="3538944" percent="0">
      <mem type="allocate" free="0" total="3145728" percent="0" />
      <mem type="survivor" free="0" total="393216" percent="0" />
    </mem>
    <mem type="tenure" free="158896" total="8585216" percent="1">
      <mem type="soa" free="73904" total="8500224" percent="0" />
      <mem type="loa" free="84992" total="84992" percent="100" />
    </mem>
    <remembered-set count="420" />
  </mem-info>
</gc-start>
<allocation-stats totalBytes="2977264" >
  <allocated-bytes non-tlh="24" tlh="2977240" />
  <largest-consumer threadName="node-7" threadId="000000000144F300" bytes="143328" />
</allocation-stats>
<gc-op id="1411" type="scavenge" timems="1.795" contextid="1408" timestamp="2019-08-09T18:06:01.178">
  <scavenger-info tenureage="2" tenuremask="4004" tiltratio="88" />
  <memory-copied type="nursery" objects="3727" bytes="88528" bytesdiscarded="40496" />
  <memory-copied type="tenure" objects="1871" bytes="44904" bytesdiscarded="0" />
</gc-op>
<gc-end id="1412" type="scavenge" contextid="1408" durationms="2.213" usertimems="5.900" systemtimems="0.825" timestamp="2019-08-09T18:06:01.178" activeThreads="16">
  <mem-info id="1413" free="3127216" total="12124160" percent="25">
    <mem type="nursery" free="3016704" total="3538944" percent="85">
      <mem type="allocate" free="3016704" total="3145728" percent="95" />
      <mem type="survivor" free="0" total="393216" percent="0" />
    </mem>
    <mem type="tenure" free="110512" total="8585216" percent="1" macro-fragmented="0">
      <mem type="soa" free="25520" total="8500224" percent="0" />
      <mem type="loa" free="84992" total="84992" percent="100" />
    </mem>
    <remembered-set count="323" />
  </mem-info>
</gc-end>
<cycle-end id="1414" type="scavenge" contextid="1408" timestamp="2019-08-09T18:06:01.179" />
  <attribute name="elasticGC enabled" value="1" />
  <attribute name= "numThreadsSpecified" value="16" />
  <attribute name="heapSize specified" value="11993088" />
  <attribute name="Current GC Util" value="0" />
  <attribute name= "Current Time Running" value="97046" />
  <attribute name ="GC Interval" value="2105" />
  <attribute name="Target GC Util Change" value ="80.000000" />
  <attribute name="Current GC Util Change" value="0.000000"/>
  <attribute name="Current Error" value="80.000000" />
  <attribute name="Output H" value="12199936"/>
  <attribute name="Output I" value="2104"/>
  <attribute name="Output T" value="16"/>
  <attribute name= "Current Time Running" value="97046" />
  <attribute name="GC Util currently" value="0" />
  <attribute name="CPU Util currently" value="12" />
<allocation-satisfied id="1415" threadId="0000000001483A00" bytesRequested="32" />
<af-end id="1416" timestamp="2019-08-09T18:06:01.179" threadId="0000000001484388" success="true" from="nursery"/>
<exclusive-end id="1417" timestamp="2019-08-09T18:06:01.179" durationms="2.590" />

<concurrent-kickoff id="1418" timestamp="2019-08-09T18:06:01.937">
  <kickoff reason="threshold reached" targetBytes="5548733" thresholdFreeBytes="765882"  remainingFree="763872" tenureFreeBytes="110512" nurseryFreeBytes="763872" />
</concurrent-kickoff>
<exclusive-start id="1419" timestamp="2019-08-09T18:06:01.939" intervalms="762.881">
  <response-info timems="1.703" idlems="0.708" threads="2" lastid="000000000145E300" lastname="node-12" />
</exclusive-start>
<cycle-start id="1420" type="global" contextid="0" timestamp="2019-08-09T18:06:01.939" intervalms="49743.603" />
<exclusive-end id="1421" timestamp="2019-08-09T18:06:01.939" durationms="0.046" />

<exclusive-start id="1422" timestamp="2019-08-09T18:06:02.226" intervalms="287.144">
  <response-info timems="0.074" idlems="0.074" threads="0" lastid="0000000001470E00" lastname="node-5" />
</exclusive-start>
<concurrent-collection-start id="1423" timestamp="2019-08-09T18:06:02.226" intervalms="49763.900" >
  <concurrent-trace-info reason="card cleaning threshold reached" tracedByMutators="319592" tracedByHelpers="5025884" cardsCleaned="112" workStackOverflowCount="0" />
</concurrent-collection-start>
<gc-start id="1424" type="global" contextid="1420" timestamp="2019-08-09T18:06:02.226">
  <mem-info id="1425" free="124816" total="12124160" percent="1">
    <mem type="nursery" free="14304" total="3538944" percent="0">
      <mem type="allocate" free="14304" total="3145728" percent="0" />
      <mem type="survivor" free="0" total="393216" percent="0" />
    </mem>
    <mem type="tenure" free="110512" total="8585216" percent="1">
      <mem type="soa" free="25520" total="8500224" percent="0" />
      <mem type="loa" free="84992" total="84992" percent="100" />
    </mem>
    <remembered-set count="420" />
  </mem-info>
</gc-start>
<allocation-stats totalBytes="2999400" >
  <allocated-bytes non-tlh="32" tlh="2999368" />
  <largest-consumer threadName="node-14" threadId="0000000001483A00" bytes="143328" />
</allocation-stats>
<gc-op id="1426" type="rs-scan" timems="4.727" contextid="1420" timestamp="2019-08-09T18:06:02.231">
  <scan objectsFound="90" bytesTraced="8128" workStackOverflowCount="0" />
</gc-op>
<gc-op id="1427" type="card-cleaning" timems="3.666" contextid="1420" timestamp="2019-08-09T18:06:02.235">
  <card-cleaning cardsCleaned="85" bytesTraced="98400" workStackOverflowCount="0" />
</gc-op>
<gc-op id="1428" type="mark" timems="7.026" contextid="1420" timestamp="2019-08-09T18:06:02.242">
  <trace-info objectcount="264" scancount="223" scanbytes="5828" />
  <finalization candidates="13" enqueued="0" />
  <references type="soft" candidates="45" cleared="0" enqueued="0" dynamicThreshold="6" maxThreshold="32" />
  <references type="weak" candidates="130" cleared="0" enqueued="0" />
  <references type="phantom" candidates="37" cleared="0" enqueued="0" />
  <stringconstants candidates="3837" cleared="0"  />
</gc-op>
<gc-op id="1429" type="sweep" timems="2.168" contextid="1420" timestamp="2019-08-09T18:06:02.244" />
<mem-info id="1430" free="4835096" total="12124160" percent="39">
  <mem type="nursery" free="3091456" total="3538944" percent="87">
    <mem type="allocate" free="3091456" total="3145728" percent="98" />
    <mem type="survivor" free="0" total="393216" percent="0" />
  </mem>
  <mem type="tenure" free="1743640" total="8585216" percent="20" micro-fragmented="0" macro-fragmented="1041779">
    <mem type="soa" free="1658648" total="8500224" percent="19" />
    <mem type="loa" free="84992" total="84992" percent="100" />
  </mem>
  <remembered-set count="357" />
</mem-info>
<gc-op id="1431" type="compact" timems="12.199" contextid="1420" timestamp="2019-08-09T18:06:02.256">
  <compact-info movecount="3690" movebytes="139456" reason="compact to aid heap contraction" />
</gc-op>
<heap-resize id="1432" type="expand" space="tenure" amount="131072" count="1" timems="0.023" reason="satisfy allocation request" timestamp="2019-08-09T18:06:02.257" />
<gc-end id="1433" type="global" contextid="1420" durationms="31.315" usertimems="35.232" systemtimems="10.888" timestamp="2019-08-09T18:06:02.257" activeThreads="16">
  <mem-info id="1434" free="5008800" total="12255232" percent="40">
    <mem type="nursery" free="3134088" total="3538944" percent="88">
      <mem type="allocate" free="3134088" total="3145728" percent="99" />
      <mem type="survivor" free="0" total="393216" percent="0" />
    </mem>
    <mem type="tenure" free="1874712" total="8716288" percent="21">
      <mem type="soa" free="1787672" total="8629248" percent="20" />
      <mem type="loa" free="87040" total="87040" percent="100" />
    </mem>
    <remembered-set count="357" />
  </mem-info>
</gc-end>
<cycle-end id="1435" type="global" contextid="1420" timestamp="2019-08-09T18:06:02.258" />
  <attribute name="elasticGC enabled" value="1" />
  <attribute name= "numThreadsSpecified" value="16" />
  <attribute name="heapSize specified" value="12124160" />
  <attribute name="Current GC Util" value="62" />
  <attribute name= "Current Time Running" value="98126" />
  <attribute name ="GC Interval" value="2105" />
  <attribute name="Target GC Util Change" value ="80.000000" />
  <attribute name="Current GC Util Change" value="62.000000"/>
  <attribute name="Current Error" value="35.000000" />
  <attribute name="Output H" value="12199880"/>
  <attribute name="Output I" value="2048"/>
  <attribute name="Output T" value="16"/>
  <attribute name= "Current Time Running" value="98126" />
  <attribute name="GC Util currently" value="62" />
  <attribute name="CPU Util currently" value="94698727445" />
<concurrent-collection-end id="1436" timestamp="2019-08-09T18:06:02.258" />
<exclusive-end id="1437" timestamp="2019-08-09T18:06:02.258" durationms="31.483" />

<exclusive-start id="1438" timestamp="2019-08-09T18:06:03.319" intervalms="1093.339">
  <response-info timems="0.752" idlems="0.752" threads="0" lastid="000000000145E300" lastname="node-12" />
</exclusive-start>
<af-start id="1439" threadId="000000000145EC88" totalBytesRequested="32" timestamp="2019-08-09T18:06:03.319" intervalms="2143.373" type="nursery" />
<cycle-start id="1440" type="scavenge" contextid="0" timestamp="2019-08-09T18:06:03.319" intervalms="2143.369" />
<gc-start id="1441" type="scavenge" contextid="1440" timestamp="2019-08-09T18:06:03.320">
  <mem-info id="1442" free="1874712" total="12255232" percent="15">
    <mem type="nursery" free="0" total="3538944" percent="0">
      <mem type="allocate" free="0" total="3145728" percent="0" />
      <mem type="survivor" free="0" total="393216" percent="0" />
    </mem>
    <mem type="tenure" free="1874712" total="8716288" percent="21">
      <mem type="soa" free="1787672" total="8629248" percent="20" />
      <mem type="loa" free="87040" total="87040" percent="100" />
    </mem>
    <remembered-set count="380" />
  </mem-info>
</gc-start>
<allocation-stats totalBytes="3131424" >
  <allocated-bytes non-tlh="0" tlh="3131424" />
  <largest-consumer threadName="node-8" threadId="000000000149DD00" bytes="143344" />
</allocation-stats>
<gc-op id="1443" type="scavenge" timems="2.152" contextid="1440" timestamp="2019-08-09T18:06:03.322">
  <scavenger-info tenureage="2" tenuremask="4004" tiltratio="88" />
  <memory-copied type="nursery" objects="1930" bytes="45400" bytesdiscarded="67496" />
</gc-op>
<gc-end id="1444" type="scavenge" contextid="1440" durationms="2.415" usertimems="0.357" systemtimems="4.863" timestamp="2019-08-09T18:06:03.322" activeThreads="16">
  <mem-info id="1445" free="4907544" total="12255232" percent="40">
    <mem type="nursery" free="3032832" total="3538944" percent="85">
      <mem type="allocate" free="3032832" total="3145728" percent="96" />
      <mem type="survivor" free="0" total="393216" percent="0" />
    </mem>
    <mem type="tenure" free="1874712" total="8716288" percent="21" macro-fragmented="1500163">
      <mem type="soa" free="1787672" total="8629248" percent="20" />
      <mem type="loa" free="87040" total="87040" percent="100" />
    </mem>
    <remembered-set count="300" />
  </mem-info>
</gc-end>
<cycle-end id="1446" type="scavenge" contextid="1440" timestamp="2019-08-09T18:06:03.322" />
  <attribute name="elasticGC enabled" value="1" />
  <attribute name= "numThreadsSpecified" value="16" />
  <attribute name="heapSize specified" value="12124160" />
  <attribute name="Current GC Util" value="1" />
  <attribute name= "Current Time Running" value="99189" />
  <attribute name ="GC Interval" value="2145" />
  <attribute name="Target GC Util Change" value ="80.000000" />
  <attribute name="Current GC Util Change" value="1.000000"/>
  <attribute name="Current Error" value="114.000000" />
  <attribute name="Output H" value="12331048"/>
  <attribute name="Output I" value="2144"/>
  <attribute name="Output T" value="16"/>
  <attribute name= "Current Time Running" value="99189" />
  <attribute name="GC Util currently" value="1" />
  <attribute name="CPU Util currently" value="8" />
<allocation-satisfied id="1447" threadId="000000000145E300" bytesRequested="32" />
<af-end id="1448" timestamp="2019-08-09T18:06:03.322" threadId="000000000145EC88" success="true" from="nursery"/>
<exclusive-end id="1449" timestamp="2019-08-09T18:06:03.322" durationms="2.665" />

<exclusive-start id="1450" timestamp="2019-08-09T18:06:04.529" intervalms="1209.426">
  <response-info timems="0.021" idlems="0.021" threads="0" lastid="000000000149A100" lastname="node-2" />
</exclusive-start>
<af-start id="1451" threadId="000000000149AA88" totalBytesRequested="24" timestamp="2019-08-09T18:06:04.529" intervalms="1209.436" type="nursery" />
<cycle-start id="1452" type="scavenge" contextid="0" timestamp="2019-08-09T18:06:04.529" intervalms="1209.428" />
<gc-start id="1453" type="scavenge" contextid="1452" timestamp="2019-08-09T18:06:04.529">
  <mem-info id="1454" free="1874712" total="12255232" percent="15">
    <mem type="nursery" free="0" total="3538944" percent="0">
      <mem type="allocate" free="0" total="3145728" percent="0" />
      <mem type="survivor" free="0" total="393216" percent="0" />
    </mem>
    <mem type="tenure" free="1874712" total="8716288" percent="21">
      <mem type="soa" free="1787672" total="8629248" percent="20" />
      <mem type="loa" free="87040" total="87040" percent="100" />
    </mem>
    <remembered-set count="403" />
  </mem-info>
</gc-start>
<allocation-stats totalBytes="3020184" >
  <allocated-bytes non-tlh="32" tlh="3020152" />
  <largest-consumer threadName="node-7" threadId="000000000144F300" bytes="143280" />
</allocation-stats>
<gc-op id="1455" type="scavenge" timems="1.058" contextid="1452" timestamp="2019-08-09T18:06:04.530">
  <scavenger-info tenureage="14" tenuremask="4000" tiltratio="88" />
  <memory-copied type="nursery" objects="3424" bytes="83888" bytesdiscarded="45136" />
</gc-op>
<gc-end id="1456" type="scavenge" contextid="1452" durationms="1.369" usertimems="0.188" systemtimems="1.790" timestamp="2019-08-09T18:06:04.530" activeThreads="16">
  <mem-info id="1457" free="4891416" total="12255232" percent="39">
    <mem type="nursery" free="3016704" total="3538944" percent="85">
      <mem type="allocate" free="3016704" total="3145728" percent="95" />
      <mem type="survivor" free="0" total="393216" percent="0" />
    </mem>
    <mem type="tenure" free="1874712" total="8716288" percent="21" macro-fragmented="1041779">
      <mem type="soa" free="1787672" total="8629248" percent="20" />
      <mem type="loa" free="87040" total="87040" percent="100" />
    </mem>
    <remembered-set count="346" />
  </mem-info>
</gc-end>
<cycle-end id="1458" type="scavenge" contextid="1452" timestamp="2019-08-09T18:06:04.530" />
  <attribute name="elasticGC enabled" value="1" />
  <attribute name= "numThreadsSpecified" value="16" />
  <attribute name="heapSize specified" value="12124160" />
  <attribute name="Current GC Util" value="0" />
  <attribute name= "Current Time Running" value="100399" />
  <attribute name ="GC Interval" value="2233" />
  <attribute name="Target GC Util Change" value ="80.000000" />
  <attribute name="Current GC Util Change" value="0.000000"/>
  <attribute name="Current Error" value="194.000000" />
  <attribute name="Output H" value="12331136"/>
  <attribute name="Output I" value="2232"/>
  <attribute name="Output T" value="16"/>
  <attribute name= "Current Time Running" value="100399" />
  <attribute name="GC Util currently" value="0" />
  <attribute name="CPU Util currently" value="9" />
<allocation-satisfied id="1459" threadId="000000000149A100" bytesRequested="24" />
<af-end id="1460" timestamp="2019-08-09T18:06:04.530" threadId="000000000149AA88" success="true" from="nursery"/>
<exclusive-end id="1461" timestamp="2019-08-09T18:06:04.530" durationms="1.560" />

<exclusive-start id="1462" timestamp="2019-08-09T18:06:05.543" intervalms="1014.089">
  <response-info timems="1.118" idlems="1.118" threads="0" lastid="000000000148ED00" lastname="node-16" />
</exclusive-start>
<af-start id="1463" threadId="000000000148F688" totalBytesRequested="720" timestamp="2019-08-09T18:06:05.543" intervalms="1014.090" type="nursery" />
<cycle-start id="1464" type="scavenge" contextid="0" timestamp="2019-08-09T18:06:05.543" intervalms="1014.089" />
<gc-start id="1465" type="scavenge" contextid="1464" timestamp="2019-08-09T18:06:05.543">
  <mem-info id="1466" free="1874712" total="12255232" percent="15">
    <mem type="nursery" free="0" total="3538944" percent="0">
      <mem type="allocate" free="0" total="3145728" percent="0" />
      <mem type="survivor" free="0" total="393216" percent="0" />
    </mem>
    <mem type="tenure" free="1874712" total="8716288" percent="21">
      <mem type="soa" free="1787672" total="8629248" percent="20" />
      <mem type="loa" free="87040" total="87040" percent="100" />
    </mem>
    <remembered-set count="421" />
  </mem-info>
</gc-start>
<allocation-stats totalBytes="3009672" >
  <allocated-bytes non-tlh="24" tlh="3009648" />
  <largest-consumer threadName="node-24" threadId="0000000001452F00" bytes="143352" />
</allocation-stats>
<gc-op id="1467" type="scavenge" timems="2.288" contextid="1464" timestamp="2019-08-09T18:06:05.545">
  <scavenger-info tenureage="14" tenuremask="4000" tiltratio="88" />
  <memory-copied type="nursery" objects="4687" bytes="119192" bytesdiscarded="58216" />
</gc-op>
<gc-end id="1468" type="scavenge" contextid="1464" durationms="2.678" usertimems="0.437" systemtimems="3.723" timestamp="2019-08-09T18:06:05.546" activeThreads="16">
  <mem-info id="1469" free="4843032" total="12255232" percent="39">
    <mem type="nursery" free="2968320" total="3538944" percent="83">
      <mem type="allocate" free="2968320" total="3145728" percent="94" />
      <mem type="survivor" free="0" total="393216" percent="0" />
    </mem>
    <mem type="tenure" free="1874712" total="8716288" percent="21" macro-fragmented="1500163">
      <mem type="soa" free="1787672" total="8629248" percent="20" />
      <mem type="loa" free="87040" total="87040" percent="100" />
    </mem>
    <remembered-set count="346" />
  </mem-info>
</gc-end>
<cycle-end id="1470" type="scavenge" contextid="1464" timestamp="2019-08-09T18:06:05.546" />
  <attribute name="elasticGC enabled" value="1" />
  <attribute name= "numThreadsSpecified" value="16" />
  <attribute name="heapSize specified" value="12124160" />
  <attribute name="Current GC Util" value="0" />
  <attribute name= "Current Time Running" value="101413" />
  <attribute name ="GC Interval" value="2329" />
  <attribute name="Target GC Util Change" value ="80.000000" />
  <attribute name="Current GC Util Change" value="0.000000"/>
  <attribute name="Current Error" value="274.000000" />
  <attribute name="Output H" value="12331232"/>
  <attribute name="Output I" value="2328"/>
  <attribute name="Output T" value="16"/>
  <attribute name= "Current Time Running" value="101413" />
  <attribute name="GC Util currently" value="0" />
  <attribute name="CPU Util currently" value="7" />
<allocation-satisfied id="1471" threadId="000000000148ED00" bytesRequested="720" />
<af-end id="1472" timestamp="2019-08-09T18:06:05.546" threadId="000000000148F688" success="true" from="nursery"/>
<exclusive-end id="1473" timestamp="2019-08-09T18:06:05.546" durationms="3.008" />

<exclusive-start id="1474" timestamp="2019-08-09T18:06:06.770" intervalms="1226.751">
  <response-info timems="0.033" idlems="0.033" threads="0" lastid="0000000001487600" lastname="node-0" />
</exclusive-start>
<af-start id="1475" threadId="0000000001487F88" totalBytesRequested="32" timestamp="2019-08-09T18:06:06.770" intervalms="1226.825" type="nursery" />
<cycle-start id="1476" type="scavenge" contextid="0" timestamp="2019-08-09T18:06:06.770" intervalms="1226.841" />
<gc-start id="1477" type="scavenge" contextid="1476" timestamp="2019-08-09T18:06:06.770">
  <mem-info id="1478" free="1874712" total="12255232" percent="15">
    <mem type="nursery" free="0" total="3538944" percent="0">
      <mem type="allocate" free="0" total="3145728" percent="0" />
      <mem type="survivor" free="0" total="393216" percent="0" />
    </mem>
    <mem type="tenure" free="1874712" total="8716288" percent="21">
      <mem type="soa" free="1787672" total="8629248" percent="20" />
      <mem type="loa" free="87040" total="87040" percent="100" />
    </mem>
    <remembered-set count="442" />
  </mem-info>
</gc-start>
<allocation-stats totalBytes="2966672" >
  <allocated-bytes non-tlh="720" tlh="2965952" />
  <largest-consumer threadName="node-8" threadId="000000000149DD00" bytes="143352" />
</allocation-stats>
<gc-op id="1479" type="scavenge" timems="2.792" contextid="1476" timestamp="2019-08-09T18:06:06.773">
  <scavenger-info tenureage="3" tenuremask="4008" tiltratio="88" />
  <memory-copied type="nursery" objects="4355" bytes="106288" bytesdiscarded="71120" />
  <memory-copied type="tenure" objects="1815" bytes="43560" bytesdiscarded="0" />
</gc-op>
<gc-end id="1480" type="scavenge" contextid="1476" durationms="3.117" usertimems="0.473" systemtimems="5.932" timestamp="2019-08-09T18:06:06.773" activeThreads="16">
  <mem-info id="1481" free="4794648" total="12255232" percent="39">
    <mem type="nursery" free="2968320" total="3538944" percent="83">
      <mem type="allocate" free="2968320" total="3145728" percent="94" />
      <mem type="survivor" free="0" total="393216" percent="0" />
    </mem>
    <mem type="tenure" free="1826328" total="8716288" percent="20" macro-fragmented="1500163">
      <mem type="soa" free="1739288" total="8629248" percent="20" />
      <mem type="loa" free="87040" total="87040" percent="100" />
    </mem>
    <remembered-set count="361" />
  </mem-info>
</gc-end>
<cycle-end id="1482" type="scavenge" contextid="1476" timestamp="2019-08-09T18:06:06.773" />
  <attribute name="elasticGC enabled" value="1" />
  <attribute name= "numThreadsSpecified" value="16" />
  <attribute name="heapSize specified" value="12124160" />
  <attribute name="Current GC Util" value="0" />
  <attribute name= "Current Time Running" value="102640" />
  <attribute name ="GC Interval" value="2417" />
  <attribute name="Target GC Util Change" value ="80.000000" />
  <attribute name="Current GC Util Change" value="0.000000"/>
  <attribute name="Current Error" value="354.000000" />
  <attribute name="Output H" value="12331320"/>
  <attribute name="Output I" value="2416"/>
  <attribute name="Output T" value="16"/>
  <attribute name= "Current Time Running" value="102640" />
  <attribute name="GC Util currently" value="0" />
  <attribute name="CPU Util currently" value="9" />
<allocation-satisfied id="1483" threadId="0000000001487600" bytesRequested="32" />
<af-end id="1484" timestamp="2019-08-09T18:06:06.773" threadId="0000000001487F88" success="true" from="nursery"/>
<exclusive-end id="1485" timestamp="2019-08-09T18:06:06.773" durationms="3.673" />

<exclusive-start id="1486" timestamp="2019-08-09T18:06:07.953" intervalms="1183.625">
  <response-info timems="0.116" idlems="0.116" threads="0" lastid="00000000014A9100" lastname="node-3" />
</exclusive-start>
<af-start id="1487" threadId="00000000014A9A88" totalBytesRequested="32" timestamp="2019-08-09T18:06:07.953" intervalms="1183.530" type="nursery" />
<cycle-start id="1488" type="scavenge" contextid="0" timestamp="2019-08-09T18:06:07.953" intervalms="1183.514" />
<gc-start id="1489" type="scavenge" contextid="1488" timestamp="2019-08-09T18:06:07.953">
  <mem-info id="1490" free="1826328" total="12255232" percent="14">
    <mem type="nursery" free="0" total="3538944" percent="0">
      <mem type="allocate" free="0" total="3145728" percent="0" />
      <mem type="survivor" free="0" total="393216" percent="0" />
    </mem>
    <mem type="tenure" free="1826328" total="8716288" percent="20">
      <mem type="soa" free="1739288" total="8629248" percent="20" />
      <mem type="loa" free="87040" total="87040" percent="100" />
    </mem>
    <remembered-set count="434" />
  </mem-info>
</gc-start>
<allocation-stats totalBytes="2966104" >
  <allocated-bytes non-tlh="32" tlh="2966072" />
  <largest-consumer threadName="node-15" threadId="0000000001496500" bytes="143360" />
</allocation-stats>
<gc-op id="1491" type="scavenge" timems="1.608" contextid="1488" timestamp="2019-08-09T18:06:07.955">
  <scavenger-info tenureage="14" tenuremask="4000" tiltratio="88" />
  <memory-copied type="nursery" objects="6001" bytes="145736" bytesdiscarded="47800" />
</gc-op>
<gc-end id="1492" type="scavenge" contextid="1488" durationms="1.811" usertimems="0.787" systemtimems="1.909" timestamp="2019-08-09T18:06:07.955" activeThreads="16">
  <mem-info id="1493" free="4778520" total="12255232" percent="38">
    <mem type="nursery" free="2952192" total="3538944" percent="83">
      <mem type="allocate" free="2952192" total="3145728" percent="93" />
      <mem type="survivor" free="0" total="393216" percent="0" />
    </mem>
    <mem type="tenure" free="1826328" total="8716288" percent="20" macro-fragmented="1500163">
      <mem type="soa" free="1739288" total="8629248" percent="20" />
      <mem type="loa" free="87040" total="87040" percent="100" />
    </mem>
    <remembered-set count="381" />
  </mem-info>
</gc-end>
<cycle-end id="1494" type="scavenge" contextid="1488" timestamp="2019-08-09T18:06:07.955" />
  <attribute name="elasticGC enabled" value="1" />
  <attribute name= "numThreadsSpecified" value="16" />
  <attribute name="heapSize specified" value="12124160" />
  <attribute name="Current GC Util" value="0" />
  <attribute name= "Current Time Running" value="103823" />
  <attribute name ="GC Interval" value="2105" />
  <attribute name="Target GC Util Change" value ="80.000000" />
  <attribute name="Current GC Util Change" value="0.000000"/>
  <attribute name="Current Error" value="80.000000" />
  <attribute name="Output H" value="12331008"/>
  <attribute name="Output I" value="2104"/>
  <attribute name="Output T" value="16"/>
  <attribute name= "Current Time Running" value="103823" />
  <attribute name="GC Util currently" value="0" />
  <attribute name="CPU Util currently" value="9" />
<allocation-satisfied id="1495" threadId="00000000014A9100" bytesRequested="32" />
<af-end id="1496" timestamp="2019-08-09T18:06:07.955" threadId="00000000014A9A88" success="true" from="nursery"/>
<exclusive-end id="1497" timestamp="2019-08-09T18:06:07.955" durationms="2.052" />

<exclusive-start id="1498" timestamp="2019-08-09T18:06:09.303" intervalms="1349.993">
  <response-info timems="0.166" idlems="0.166" threads="0" lastid="0000000001492900" lastname="node-10" />
</exclusive-start>
<af-start id="1499" threadId="0000000001493288" totalBytesRequested="32" timestamp="2019-08-09T18:06:09.303" intervalms="1350.072" type="nursery" />
<cycle-start id="1500" type="scavenge" contextid="0" timestamp="2019-08-09T18:06:09.303" intervalms="1350.128" />
<gc-start id="1501" type="scavenge" contextid="1500" timestamp="2019-08-09T18:06:09.304">
  <mem-info id="1502" free="1826328" total="12255232" percent="14">
    <mem type="nursery" free="0" total="3538944" percent="0">
      <mem type="allocate" free="0" total="3145728" percent="0" />
      <mem type="survivor" free="0" total="393216" percent="0" />
    </mem>
    <mem type="tenure" free="1826328" total="8716288" percent="20">
      <mem type="soa" free="1739288" total="8629248" percent="20" />
      <mem type="loa" free="87040" total="87040" percent="100" />
    </mem>
    <remembered-set count="457" />
  </mem-info>
</gc-start>
<allocation-stats totalBytes="2950608" >
  <allocated-bytes non-tlh="32" tlh="2950576" />
  <largest-consumer threadName="node-14" threadId="0000000001483A00" bytes="143344" />
</allocation-stats>
<gc-op id="1503" type="scavenge" timems="6.939" contextid="1500" timestamp="2019-08-09T18:06:09.311">
  <scavenger-info tenureage="4" tenuremask="4010" tiltratio="88" />
  <memory-copied type="nursery" objects="6385" bytes="152320" bytesdiscarded="41216" />
  <memory-copied type="tenure" objects="1469" bytes="35256" bytesdiscarded="0" />
</gc-op>
<gc-end id="1504" type="scavenge" contextid="1500" durationms="7.547" usertimems="7.011" systemtimems="2.896" timestamp="2019-08-09T18:06:09.311" activeThreads="16">
  <mem-info id="1505" free="4730136" total="12255232" percent="38">
    <mem type="nursery" free="2952192" total="3538944" percent="83">
      <mem type="allocate" free="2952192" total="3145728" percent="93" />
      <mem type="survivor" free="0" total="393216" percent="0" />
    </mem>
    <mem type="tenure" free="1777944" total="8716288" percent="20" macro-fragmented="0">
      <mem type="soa" free="1690904" total="8629248" percent="19" />
      <mem type="loa" free="87040" total="87040" percent="100" />
    </mem>
    <remembered-set count="350" />
  </mem-info>
</gc-end>
<cycle-end id="1506" type="scavenge" contextid="1500" timestamp="2019-08-09T18:06:09.311" />
  <attribute name="elasticGC enabled" value="1" />
  <attribute name= "numThreadsSpecified" value="16" />
  <attribute name="heapSize specified" value="12124160" />
  <attribute name="Current GC Util" value="0" />
  <attribute name= "Current Time Running" value="105173" />
  <attribute name ="GC Interval" value="2193" />
  <attribute name="Target GC Util Change" value ="80.000000" />
  <attribute name="Current GC Util Change" value="0.000000"/>
  <attribute name="Current Error" value="160.000000" />
  <attribute name="Output H" value="12331096"/>
  <attribute name="Output I" value="2192"/>
  <attribute name="Output T" value="16"/>
  <attribute name= "Current Time Running" value="105173" />
  <attribute name="GC Util currently" value="0" />
  <attribute name="CPU Util currently" value="10" />
<allocation-satisfied id="1507" threadId="0000000001492900" bytesRequested="32" />
<af-end id="1508" timestamp="2019-08-09T18:06:09.311" threadId="0000000001493288" success="true" from="nursery"/>
<exclusive-end id="1509" timestamp="2019-08-09T18:06:09.311" durationms="8.167" />

<exclusive-start id="1510" timestamp="2019-08-09T18:06:10.437" intervalms="1133.296">
  <response-info timems="0.036" idlems="0.036" threads="0" lastid="0000000001492900" lastname="node-10" />
</exclusive-start>
<af-start id="1511" threadId="0000000001493288" totalBytesRequested="32" timestamp="2019-08-09T18:06:10.437" intervalms="1133.232" type="nursery" />
<cycle-start id="1512" type="scavenge" contextid="0" timestamp="2019-08-09T18:06:10.437" intervalms="1133.188" />
<gc-start id="1513" type="scavenge" contextid="1512" timestamp="2019-08-09T18:06:10.437">
  <mem-info id="1514" free="1777944" total="12255232" percent="14">
    <mem type="nursery" free="0" total="3538944" percent="0">
      <mem type="allocate" free="0" total="3145728" percent="0" />
      <mem type="survivor" free="0" total="393216" percent="0" />
    </mem>
    <mem type="tenure" free="1777944" total="8716288" percent="20">
      <mem type="soa" free="1690904" total="8629248" percent="19" />
      <mem type="loa" free="87040" total="87040" percent="100" />
    </mem>
    <remembered-set count="459" />
  </mem-info>
</gc-start>
<allocation-stats totalBytes="2948224" >
  <allocated-bytes non-tlh="32" tlh="2948192" />
  <largest-consumer threadName="node-16" threadId="000000000148ED00" bytes="143336" />
</allocation-stats>
<gc-op id="1515" type="scavenge" timems="2.415" contextid="1512" timestamp="2019-08-09T18:06:10.439">
  <scavenger-info tenureage="4" tenuremask="4010" tiltratio="88" />
  <memory-copied type="nursery" objects="6682" bytes="159448" bytesdiscarded="66344" />
  <memory-copied type="tenure" objects="1248" bytes="29952" bytesdiscarded="0" />
</gc-op>
<gc-end id="1516" type="scavenge" contextid="1512" durationms="2.930" usertimems="2.599" systemtimems="3.828" timestamp="2019-08-09T18:06:10.440" activeThreads="16">
  <mem-info id="1517" free="4665624" total="12255232" percent="38">
    <mem type="nursery" free="2919936" total="3538944" percent="82">
      <mem type="allocate" free="2919936" total="3145728" percent="92" />
      <mem type="survivor" free="0" total="393216" percent="0" />
    </mem>
    <mem type="tenure" free="1745688" total="8716288" percent="20" macro-fragmented="868149">
      <mem type="soa" free="1658648" total="8629248" percent="19" />
      <mem type="loa" free="87040" total="87040" percent="100" />
    </mem>
    <remembered-set count="360" />
  </mem-info>
</gc-end>
<cycle-end id="1518" type="scavenge" contextid="1512" timestamp="2019-08-09T18:06:10.440" />
  <attribute name="elasticGC enabled" value="1" />
  <attribute name= "numThreadsSpecified" value="16" />
  <attribute name="heapSize specified" value="12124160" />
  <attribute name="Current GC Util" value="0" />
  <attribute name= "Current Time Running" value="106306" />
  <attribute name ="GC Interval" value="2289" />
  <attribute name="Target GC Util Change" value ="80.000000" />
  <attribute name="Current GC Util Change" value="0.000000"/>
  <attribute name="Current Error" value="240.000000" />
  <attribute name="Output H" value="12331192"/>
  <attribute name="Output I" value="2288"/>
  <attribute name="Output T" value="16"/>
  <attribute name= "Current Time Running" value="106306" />
  <attribute name="GC Util currently" value="0" />
  <attribute name="CPU Util currently" value="9" />
<allocation-satisfied id="1519" threadId="0000000001492900" bytesRequested="32" />
<af-end id="1520" timestamp="2019-08-09T18:06:10.440" threadId="0000000001493288" success="true" from="nursery"/>
<exclusive-end id="1521" timestamp="2019-08-09T18:06:10.440" durationms="3.170" />

<exclusive-start id="1522" timestamp="2019-08-09T18:06:11.461" intervalms="1024.453">
  <response-info timems="0.397" idlems="0.397" threads="0" lastid="000000000149A100" lastname="node-2" />
</exclusive-start>
<af-start id="1523" threadId="000000000149AA88" totalBytesRequested="24" timestamp="2019-08-09T18:06:11.461" intervalms="1024.465" type="nursery" />
<cycle-start id="1524" type="scavenge" contextid="0" timestamp="2019-08-09T18:06:11.461" intervalms="1024.457" />
<gc-start id="1525" type="scavenge" contextid="1524" timestamp="2019-08-09T18:06:11.461">
  <mem-info id="1526" free="1745688" total="12255232" percent="14">
    <mem type="nursery" free="0" total="3538944" percent="0">
      <mem type="allocate" free="0" total="3145728" percent="0" />
      <mem type="survivor" free="0" total="393216" percent="0" />
    </mem>
    <mem type="tenure" free="1745688" total="8716288" percent="20">
      <mem type="soa" free="1658648" total="8629248" percent="19" />
      <mem type="loa" free="87040" total="87040" percent="100" />
    </mem>
    <remembered-set count="461" />
  </mem-info>
</gc-start>
<allocation-stats totalBytes="2906880" >
  <allocated-bytes non-tlh="32" tlh="2906848" />
  <largest-consumer threadName="node-8" threadId="000000000149DD00" bytes="143352" />
</allocation-stats>
<gc-op id="1527" type="scavenge" timems="2.850" contextid="1524" timestamp="2019-08-09T18:06:11.464">
  <scavenger-info tenureage="3" tenuremask="4018" tiltratio="88" />
  <memory-copied type="nursery" objects="5040" bytes="122672" bytesdiscarded="86992" />
  <memory-copied type="tenure" objects="3142" bytes="75408" bytesdiscarded="0" />
</gc-op>
<gc-end id="1528" type="scavenge" contextid="1524" durationms="3.276" usertimems="2.946" systemtimems="7.348" timestamp="2019-08-09T18:06:11.464" activeThreads="16">
  <mem-info id="1529" free="4601112" total="12255232" percent="37">
    <mem type="nursery" free="2936064" total="3538944" percent="82">
      <mem type="allocate" free="2936064" total="3145728" percent="93" />
      <mem type="survivor" free="0" total="393216" percent="0" />
    </mem>
    <mem type="tenure" free="1665048" total="8716288" percent="19" macro-fragmented="1500163">
      <mem type="soa" free="1578008" total="8629248" percent="18" />
      <mem type="loa" free="87040" total="87040" percent="100" />
    </mem>
    <remembered-set count="365" />
  </mem-info>
</gc-end>
<cycle-end id="1530" type="scavenge" contextid="1524" timestamp="2019-08-09T18:06:11.465" />
  <attribute name="elasticGC enabled" value="1" />
  <attribute name= "numThreadsSpecified" value="16" />
  <attribute name="heapSize specified" value="12124160" />
  <attribute name="Current GC Util" value="0" />
  <attribute name= "Current Time Running" value="107331" />
  <attribute name ="GC Interval" value="2385" />
  <attribute name="Target GC Util Change" value ="80.000000" />
  <attribute name="Current GC Util Change" value="0.000000"/>
  <attribute name="Current Error" value="320.000000" />
  <attribute name="Output H" value="12331288"/>
  <attribute name="Output I" value="2384"/>
  <attribute name="Output T" value="16"/>
  <attribute name= "Current Time Running" value="107331" />
  <attribute name="GC Util currently" value="0" />
  <attribute name="CPU Util currently" value="7" />
<allocation-satisfied id="1531" threadId="000000000149A100" bytesRequested="24" />
<af-end id="1532" timestamp="2019-08-09T18:06:11.465" threadId="000000000149AA88" success="true" from="nursery"/>
<exclusive-end id="1533" timestamp="2019-08-09T18:06:11.465" durationms="3.554" />

<exclusive-start id="1534" timestamp="2019-08-09T18:06:12.596" intervalms="1135.038">
  <response-info timems="0.574" idlems="0.574" threads="0" lastid="000000000146D200" lastname="node-1" />
</exclusive-start>
<af-start id="1535" threadId="000000000146DB88" totalBytesRequested="24" timestamp="2019-08-09T18:06:12.596" intervalms="1135.038" type="nursery" />
<cycle-start id="1536" type="scavenge" contextid="0" timestamp="2019-08-09T18:06:12.596" intervalms="1135.035" />
<gc-start id="1537" type="scavenge" contextid="1536" timestamp="2019-08-09T18:06:12.596">
  <mem-info id="1538" free="1665048" total="12255232" percent="13">
    <mem type="nursery" free="0" total="3538944" percent="0">
      <mem type="allocate" free="0" total="3145728" percent="0" />
      <mem type="survivor" free="0" total="393216" percent="0" />
    </mem>
    <mem type="tenure" free="1665048" total="8716288" percent="19">
      <mem type="soa" free="1578008" total="8629248" percent="18" />
      <mem type="loa" free="87040" total="87040" percent="100" />
    </mem>
    <remembered-set count="442" />
  </mem-info>
</gc-start>
<allocation-stats totalBytes="2935040" >
  <allocated-bytes non-tlh="24" tlh="2935016" />
  <largest-consumer threadName="node-14" threadId="0000000001483A00" bytes="143344" />
</allocation-stats>
<gc-op id="1539" type="scavenge" timems="3.729" contextid="1536" timestamp="2019-08-09T18:06:12.600">
  <scavenger-info tenureage="3" tenuremask="4008" tiltratio="88" />
  <memory-copied type="nursery" objects="4743" bytes="115544" bytesdiscarded="13480" />
  <memory-copied type="tenure" objects="1880" bytes="45120" bytesdiscarded="0" />
</gc-op>
<gc-end id="1540" type="scavenge" contextid="1536" durationms="4.026" usertimems="7.324" systemtimems="3.648" timestamp="2019-08-09T18:06:12.600" activeThreads="16">
  <mem-info id="1541" free="4633368" total="12255232" percent="37">
    <mem type="nursery" free="3016704" total="3538944" percent="85">
      <mem type="allocate" free="3016704" total="3145728" percent="95" />
      <mem type="survivor" free="0" total="393216" percent="0" />
    </mem>
    <mem type="tenure" free="1616664" total="8716288" percent="18" macro-fragmented="0">
      <mem type="soa" free="1529624" total="8629248" percent="17" />
      <mem type="loa" free="87040" total="87040" percent="100" />
    </mem>
    <remembered-set count="360" />
  </mem-info>
</gc-end>
<cycle-end id="1542" type="scavenge" contextid="1536" timestamp="2019-08-09T18:06:12.600" />
  <attribute name="elasticGC enabled" value="1" />
  <attribute name= "numThreadsSpecified" value="16" />
  <attribute name="heapSize specified" value="12124160" />
  <attribute name="Current GC Util" value="0" />
  <attribute name= "Current Time Running" value="108466" />
  <attribute name ="GC Interval" value="2473" />
  <attribute name="Target GC Util Change" value ="80.000000" />
  <attribute name="Current GC Util Change" value="0.000000"/>
  <attribute name="Current Error" value="400.000000" />
  <attribute name="Output H" value="12331376"/>
  <attribute name="Output I" value="2472"/>
  <attribute name="Output T" value="16"/>
  <attribute name= "Current Time Running" value="108466" />
  <attribute name="GC Util currently" value="0" />
  <attribute name="CPU Util currently" value="8" />
<allocation-satisfied id="1543" threadId="000000000146D200" bytesRequested="24" />
<af-end id="1544" timestamp="2019-08-09T18:06:12.600" threadId="000000000146DB88" success="true" from="nursery"/>
<exclusive-end id="1545" timestamp="2019-08-09T18:06:12.600" durationms="4.272" />

<exclusive-start id="1546" timestamp="2019-08-09T18:06:13.613" intervalms="1017.067">
  <response-info timems="0.854" idlems="0.854" threads="0" lastid="000000000149A100" lastname="node-2" />
</exclusive-start>
<af-start id="1547" threadId="000000000149AA88" totalBytesRequested="16" timestamp="2019-08-09T18:06:13.613" intervalms="1017.071" type="nursery" />
<cycle-start id="1548" type="scavenge" contextid="0" timestamp="2019-08-09T18:06:13.613" intervalms="1017.078" />
<gc-start id="1549" type="scavenge" contextid="1548" timestamp="2019-08-09T18:06:13.613">
  <mem-info id="1550" free="1616664" total="12255232" percent="13">
    <mem type="nursery" free="0" total="3538944" percent="0">
      <mem type="allocate" free="0" total="3145728" percent="0" />
      <mem type="survivor" free="0" total="393216" percent="0" />
    </mem>
    <mem type="tenure" free="1616664" total="8716288" percent="18">
      <mem type="soa" free="1529624" total="8629248" percent="17" />
      <mem type="loa" free="87040" total="87040" percent="100" />
    </mem>
    <remembered-set count="435" />
  </mem-info>
</gc-start>
<allocation-stats totalBytes="3012200" >
  <allocated-bytes non-tlh="24" tlh="3012176" />
  <largest-consumer threadName="node-14" threadId="0000000001483A00" bytes="143328" />
</allocation-stats>
<gc-op id="1551" type="scavenge" timems="2.160" contextid="1548" timestamp="2019-08-09T18:06:13.615">
  <scavenger-info tenureage="14" tenuremask="4000" tiltratio="88" />
  <memory-copied type="nursery" objects="6003" bytes="151688" bytesdiscarded="57976" />
</gc-op>
<gc-end id="1552" type="scavenge" contextid="1548" durationms="2.561" usertimems="2.595" systemtimems="1.143" timestamp="2019-08-09T18:06:13.616" activeThreads="16">
  <mem-info id="1553" free="4552728" total="12255232" percent="37">
    <mem type="nursery" free="2936064" total="3538944" percent="82">
      <mem type="allocate" free="2936064" total="3145728" percent="93" />
      <mem type="survivor" free="0" total="393216" percent="0" />
    </mem>
    <mem type="tenure" free="1616664" total="8716288" percent="18" macro-fragmented="0">
      <mem type="soa" free="1529624" total="8629248" percent="17" />
      <mem type="loa" free="87040" total="87040" percent="100" />
    </mem>
    <remembered-set count="364" />
  </mem-info>
</gc-end>
<cycle-end id="1554" type="scavenge" contextid="1548" timestamp="2019-08-09T18:06:13.616" />
  <attribute name="elasticGC enabled" value="1" />
  <attribute name= "numThreadsSpecified" value="16" />
  <attribute name="heapSize specified" value="12124160" />
  <attribute name="Current GC Util" value="0" />
  <attribute name= "Current Time Running" value="109483" />
  <attribute name ="GC Interval" value="2569" />
  <attribute name="Target GC Util Change" value ="80.000000" />
  <attribute name="Current GC Util Change" value="0.000000"/>
  <attribute name="Current Error" value="480.000000" />
  <attribute name="Output H" value="12331472"/>
  <attribute name="Output I" value="2568"/>
  <attribute name="Output T" value="16"/>
  <attribute name= "Current Time Running" value="109483" />
  <attribute name="GC Util currently" value="0" />
  <attribute name="CPU Util currently" value="7" />
<allocation-satisfied id="1555" threadId="000000000149A100" bytesRequested="16" />
<af-end id="1556" timestamp="2019-08-09T18:06:13.616" threadId="000000000149AA88" success="true" from="nursery"/>
<exclusive-end id="1557" timestamp="2019-08-09T18:06:13.616" durationms="2.977" />

<exclusive-start id="1558" timestamp="2019-08-09T18:06:14.895" intervalms="1281.988">
  <response-info timems="0.929" idlems="0.929" threads="0" lastid="0000000001465B00" lastname="node-4" />
</exclusive-start>
<af-start id="1559" threadId="0000000001466488" totalBytesRequested="16" timestamp="2019-08-09T18:06:14.895" intervalms="1282.000" type="nursery" />
<cycle-start id="1560" type="scavenge" contextid="0" timestamp="2019-08-09T18:06:14.895" intervalms="1281.997" />
<gc-start id="1561" type="scavenge" contextid="1560" timestamp="2019-08-09T18:06:14.895">
  <mem-info id="1562" free="1616664" total="12255232" percent="13">
    <mem type="nursery" free="0" total="3538944" percent="0">
      <mem type="allocate" free="0" total="3145728" percent="0" />
      <mem type="survivor" free="0" total="393216" percent="0" />
    </mem>
    <mem type="tenure" free="1616664" total="8716288" percent="18">
      <mem type="soa" free="1529624" total="8629248" percent="17" />
      <mem type="loa" free="87040" total="87040" percent="100" />
    </mem>
    <remembered-set count="456" />
  </mem-info>
</gc-start>
<allocation-stats totalBytes="2932416" >
  <allocated-bytes non-tlh="16" tlh="2932400" />
  <largest-consumer threadName="node-9" threadId="00000000014A5500" bytes="143328" />
</allocation-stats>
<gc-op id="1563" type="scavenge" timems="3.810" contextid="1560" timestamp="2019-08-09T18:06:14.899">
  <scavenger-info tenureage="4" tenuremask="4010" tiltratio="88" />
  <memory-copied type="nursery" objects="6172" bytes="156424" bytesdiscarded="69368" />
  <memory-copied type="tenure" objects="1545" bytes="37080" bytesdiscarded="0" />
</gc-op>
<gc-end id="1564" type="scavenge" contextid="1560" durationms="4.103" usertimems="1.805" systemtimems="2.489" timestamp="2019-08-09T18:06:14.899" activeThreads="16">
  <mem-info id="1565" free="4488216" total="12255232" percent="36">
    <mem type="nursery" free="2919936" total="3538944" percent="82">
      <mem type="allocate" free="2919936" total="3145728" percent="92" />
      <mem type="survivor" free="0" total="393216" percent="0" />
    </mem>
    <mem type="tenure" free="1568280" total="8716288" percent="17" macro-fragmented="0">
      <mem type="soa" free="1481240" total="8629248" percent="17" />
      <mem type="loa" free="87040" total="87040" percent="100" />
    </mem>
    <remembered-set count="368" />
  </mem-info>
</gc-end>
<cycle-end id="1566" type="scavenge" contextid="1560" timestamp="2019-08-09T18:06:14.899" />
  <attribute name="elasticGC enabled" value="1" />
  <attribute name= "numThreadsSpecified" value="16" />
  <attribute name="heapSize specified" value="12124160" />
  <attribute name="Current GC Util" value="0" />
  <attribute name= "Current Time Running" value="110765" />
  <attribute name ="GC Interval" value="2105" />
  <attribute name="Target GC Util Change" value ="80.000000" />
  <attribute name="Current GC Util Change" value="0.000000"/>
  <attribute name="Current Error" value="80.000000" />
  <attribute name="Output H" value="12331008"/>
  <attribute name="Output I" value="2104"/>
  <attribute name="Output T" value="16"/>
  <attribute name= "Current Time Running" value="110765" />
  <attribute name="GC Util currently" value="0" />
  <attribute name="CPU Util currently" value="9" />
<allocation-satisfied id="1567" threadId="0000000001465B00" bytesRequested="16" />
<af-end id="1568" timestamp="2019-08-09T18:06:14.899" threadId="0000000001466488" success="true" from="nursery"/>
<exclusive-end id="1569" timestamp="2019-08-09T18:06:14.899" durationms="4.358" />

<exclusive-start id="1570" timestamp="2019-08-09T18:06:16.448" intervalms="1553.043">
  <response-info timems="0.919" idlems="0.919" threads="1" lastid="0000000001478600" lastname="node-19" />
</exclusive-start>
<af-start id="1571" threadId="0000000001471788" totalBytesRequested="16" timestamp="2019-08-09T18:06:16.448" intervalms="1553.014" type="nursery" />
<cycle-start id="1572" type="scavenge" contextid="0" timestamp="2019-08-09T18:06:16.448" intervalms="1553.011" />
<gc-start id="1573" type="scavenge" contextid="1572" timestamp="2019-08-09T18:06:16.448">
  <mem-info id="1574" free="1568280" total="12255232" percent="12">
    <mem type="nursery" free="0" total="3538944" percent="0">
      <mem type="allocate" free="0" total="3145728" percent="0" />
      <mem type="survivor" free="0" total="393216" percent="0" />
    </mem>
    <mem type="tenure" free="1568280" total="8716288" percent="17">
      <mem type="soa" free="1481240" total="8629248" percent="17" />
      <mem type="loa" free="87040" total="87040" percent="100" />
    </mem>
    <remembered-set count="460" />
  </mem-info>
</gc-start>
<allocation-stats totalBytes="2918496" >
  <allocated-bytes non-tlh="16" tlh="2918480" />
  <largest-consumer threadName="node-7" threadId="000000000144F300" bytes="143352" />
</allocation-stats>
<gc-op id="1575" type="scavenge" timems="6.270" contextid="1572" timestamp="2019-08-09T18:06:16.455">
  <scavenger-info tenureage="4" tenuremask="4010" tiltratio="88" />
  <memory-copied type="nursery" objects="6882" bytes="169272" bytesdiscarded="40392" />
  <memory-copied type="tenure" objects="1474" bytes="35376" bytesdiscarded="0" />
</gc-op>
<gc-end id="1576" type="scavenge" contextid="1572" durationms="6.866" usertimems="7.903" systemtimems="0.000" timestamp="2019-08-09T18:06:16.455" activeThreads="16">
  <mem-info id="1577" free="4455960" total="12255232" percent="36">
    <mem type="nursery" free="2936064" total="3538944" percent="82">
      <mem type="allocate" free="2936064" total="3145728" percent="93" />
      <mem type="survivor" free="0" total="393216" percent="0" />
    </mem>
    <mem type="tenure" free="1519896" total="8716288" percent="17" macro-fragmented="0">
      <mem type="soa" free="1432856" total="8629248" percent="16" />
      <mem type="loa" free="87040" total="87040" percent="100" />
    </mem>
    <remembered-set count="372" />
  </mem-info>
</gc-end>
<cycle-end id="1578" type="scavenge" contextid="1572" timestamp="2019-08-09T18:06:16.455" />
  <attribute name="elasticGC enabled" value="1" />
  <attribute name= "numThreadsSpecified" value="16" />
  <attribute name="heapSize specified" value="12124160" />
  <attribute name="Current GC Util" value="0" />
  <attribute name= "Current Time Running" value="112318" />
  <attribute name ="GC Interval" value="2193" />
  <attribute name="Target GC Util Change" value ="80.000000" />
  <attribute name="Current GC Util Change" value="0.000000"/>
  <attribute name="Current Error" value="160.000000" />
  <attribute name="Output H" value="12331096"/>
  <attribute name="Output I" value="2192"/>
  <attribute name="Output T" value="16"/>
  <attribute name= "Current Time Running" value="112318" />
  <attribute name="GC Util currently" value="0" />
  <attribute name="CPU Util currently" value="10" />
<allocation-satisfied id="1579" threadId="0000000001470E00" bytesRequested="16" />
<af-end id="1580" timestamp="2019-08-09T18:06:16.455" threadId="0000000001471788" success="true" from="nursery"/>
<exclusive-end id="1581" timestamp="2019-08-09T18:06:16.455" durationms="7.086" />

<exclusive-start id="1582" timestamp="2019-08-09T18:06:17.769" intervalms="1320.933">
  <response-info timems="0.480" idlems="0.480" threads="0" lastid="0000000001461F00" lastname="node-25" />
</exclusive-start>
<af-start id="1583" threadId="0000000001462888" totalBytesRequested="32" timestamp="2019-08-09T18:06:17.769" intervalms="1321.031" type="nursery" />
<cycle-start id="1584" type="scavenge" contextid="0" timestamp="2019-08-09T18:06:17.769" intervalms="1321.040" />
<gc-start id="1585" type="scavenge" contextid="1584" timestamp="2019-08-09T18:06:17.769">
  <mem-info id="1586" free="1519896" total="12255232" percent="12">
    <mem type="nursery" free="0" total="3538944" percent="0">
      <mem type="allocate" free="0" total="3145728" percent="0" />
      <mem type="survivor" free="0" total="393216" percent="0" />
    </mem>
    <mem type="tenure" free="1519896" total="8716288" percent="17">
      <mem type="soa" free="1432856" total="8629248" percent="16" />
      <mem type="loa" free="87040" total="87040" percent="100" />
    </mem>
    <remembered-set count="468" />
  </mem-info>
</gc-start>
<allocation-stats totalBytes="2934432" >
  <allocated-bytes non-tlh="16" tlh="2934416" />
  <largest-consumer threadName="node-13" threadId="0000000001469600" bytes="143336" />
</allocation-stats>
<gc-op id="1587" type="scavenge" timems="5.296" contextid="1584" timestamp="2019-08-09T18:06:17.775">
  <scavenger-info tenureage="4" tenuremask="4010" tiltratio="88" />
  <memory-copied type="nursery" objects="6812" bytes="165200" bytesdiscarded="76720" />
  <memory-copied type="tenure" objects="1584" bytes="38016" bytesdiscarded="0" />
</gc-op>
<gc-end id="1588" type="scavenge" contextid="1584" durationms="5.714" usertimems="4.293" systemtimems="2.741" timestamp="2019-08-09T18:06:17.775" activeThreads="16">
  <mem-info id="1589" free="4375320" total="12255232" percent="35">
    <mem type="nursery" free="2903808" total="3538944" percent="82">
      <mem type="allocate" free="2903808" total="3145728" percent="92" />
      <mem type="survivor" free="0" total="393216" percent="0" />
    </mem>
    <mem type="tenure" free="1471512" total="8716288" percent="16" macro-fragmented="0">
      <mem type="soa" free="1384472" total="8629248" percent="16" />
      <mem type="loa" free="87040" total="87040" percent="100" />
    </mem>
    <remembered-set count="391" />
  </mem-info>
</gc-end>
<cycle-end id="1590" type="scavenge" contextid="1584" timestamp="2019-08-09T18:06:17.775" />
  <attribute name="elasticGC enabled" value="1" />
  <attribute name= "numThreadsSpecified" value="16" />
  <attribute name="heapSize specified" value="12124160" />
  <attribute name="Current GC Util" value="0" />
  <attribute name= "Current Time Running" value="113639" />
  <attribute name ="GC Interval" value="2289" />
  <attribute name="Target GC Util Change" value ="80.000000" />
  <attribute name="Current GC Util Change" value="0.000000"/>
  <attribute name="Current Error" value="240.000000" />
  <attribute name="Output H" value="12331192"/>
  <attribute name="Output I" value="2288"/>
  <attribute name="Output T" value="16"/>
  <attribute name= "Current Time Running" value="113639" />
  <attribute name="GC Util currently" value="0" />
  <attribute name="CPU Util currently" value="10" />
<allocation-satisfied id="1591" threadId="0000000001461F00" bytesRequested="32" />
<af-end id="1592" timestamp="2019-08-09T18:06:17.775" threadId="0000000001462888" success="true" from="nursery"/>
<exclusive-end id="1593" timestamp="2019-08-09T18:06:17.775" durationms="6.055" />

<exclusive-start id="1594" timestamp="2019-08-09T18:06:18.862" intervalms="1092.802">
  <response-info timems="0.040" idlems="0.040" threads="0" lastid="0000000001478600" lastname="node-19" />
</exclusive-start>
<af-start id="1595" threadId="0000000001478F88" totalBytesRequested="32" timestamp="2019-08-09T18:06:18.862" intervalms="1092.697" type="nursery" />
<cycle-start id="1596" type="scavenge" contextid="0" timestamp="2019-08-09T18:06:18.862" intervalms="1092.701" />
<gc-start id="1597" type="scavenge" contextid="1596" timestamp="2019-08-09T18:06:18.862">
  <mem-info id="1598" free="1471512" total="12255232" percent="12">
    <mem type="nursery" free="0" total="3538944" percent="0">
      <mem type="allocate" free="0" total="3145728" percent="0" />
      <mem type="survivor" free="0" total="393216" percent="0" />
    </mem>
    <mem type="tenure" free="1471512" total="8716288" percent="16">
      <mem type="soa" free="1384472" total="8629248" percent="16" />
      <mem type="loa" free="87040" total="87040" percent="100" />
    </mem>
    <remembered-set count="465" />
  </mem-info>
</gc-start>
<allocation-stats totalBytes="2896672" >
  <allocated-bytes non-tlh="32" tlh="2896640" />
  <largest-consumer threadName="node-7" threadId="000000000144F300" bytes="143240" />
</allocation-stats>
<gc-op id="1599" type="scavenge" timems="5.045" contextid="1596" timestamp="2019-08-09T18:06:18.867">
  <scavenger-info tenureage="3" tenuremask="4018" tiltratio="88" />
  <memory-copied type="nursery" objects="5195" bytes="126392" bytesdiscarded="74824" />
  <memory-copied type="tenure" objects="2950" bytes="70800" bytesdiscarded="0" />
</gc-op>
<gc-end id="1600" type="scavenge" contextid="1596" durationms="5.385" usertimems="5.547" systemtimems="10.551" timestamp="2019-08-09T18:06:18.867" activeThreads="16">
  <mem-info id="1601" free="4327704" total="12255232" percent="35">
    <mem type="nursery" free="2944512" total="3538944" percent="83">
      <mem type="allocate" free="2944512" total="3145728" percent="93" />
      <mem type="survivor" free="0" total="393216" percent="0" />
    </mem>
    <mem type="tenure" free="1383192" total="8716288" percent="15" macro-fragmented="0">
      <mem type="soa" free="1296152" total="8629248" percent="15" />
      <mem type="loa" free="87040" total="87040" percent="100" />
    </mem>
    <remembered-set count="350" />
  </mem-info>
</gc-end>
<cycle-end id="1602" type="scavenge" contextid="1596" timestamp="2019-08-09T18:06:18.867" />
  <attribute name="elasticGC enabled" value="1" />
  <attribute name= "numThreadsSpecified" value="16" />
  <attribute name="heapSize specified" value="12124160" />
  <attribute name="Current GC Util" value="0" />
  <attribute name= "Current Time Running" value="114732" />
  <attribute name ="GC Interval" value="2385" />
  <attribute name="Target GC Util Change" value ="80.000000" />
  <attribute name="Current GC Util Change" value="0.000000"/>
  <attribute name="Current Error" value="320.000000" />
  <attribute name="Output H" value="12331288"/>
  <attribute name="Output I" value="2384"/>
  <attribute name="Output T" value="16"/>
  <attribute name= "Current Time Running" value="114732" />
  <attribute name="GC Util currently" value="0" />
  <attribute name="CPU Util currently" value="7" />
<allocation-satisfied id="1603" threadId="0000000001478600" bytesRequested="32" />
<af-end id="1604" timestamp="2019-08-09T18:06:18.867" threadId="0000000001478F88" success="true" from="nursery"/>
<exclusive-end id="1605" timestamp="2019-08-09T18:06:18.867" durationms="5.583" />

<exclusive-start id="1606" timestamp="2019-08-09T18:06:19.873" intervalms="1011.582">
  <response-info timems="0.111" idlems="0.111" threads="0" lastid="0000000001487600" lastname="node-0" />
</exclusive-start>
<af-start id="1607" threadId="0000000001487F88" totalBytesRequested="24" timestamp="2019-08-09T18:06:19.874" intervalms="1011.640" type="nursery" />
<cycle-start id="1608" type="scavenge" contextid="0" timestamp="2019-08-09T18:06:19.874" intervalms="1011.633" />
<gc-start id="1609" type="scavenge" contextid="1608" timestamp="2019-08-09T18:06:19.874">
  <mem-info id="1610" free="1383192" total="12255232" percent="11">
    <mem type="nursery" free="0" total="3538944" percent="0">
      <mem type="allocate" free="0" total="3145728" percent="0" />
      <mem type="survivor" free="0" total="393216" percent="0" />
    </mem>
    <mem type="tenure" free="1383192" total="8716288" percent="15">
      <mem type="soa" free="1296152" total="8629248" percent="15" />
      <mem type="loa" free="87040" total="87040" percent="100" />
    </mem>
    <remembered-set count="441" />
  </mem-info>
</gc-start>
<allocation-stats totalBytes="2941624" >
  <allocated-bytes non-tlh="32" tlh="2941592" />
  <largest-consumer threadName="node-9" threadId="00000000014A5500" bytes="143344" />
</allocation-stats>
<gc-op id="1611" type="scavenge" timems="2.832" contextid="1608" timestamp="2019-08-09T18:06:19.877">
  <scavenger-info tenureage="3" tenuremask="4008" tiltratio="88" />
  <memory-copied type="nursery" objects="4278" bytes="104384" bytesdiscarded="73024" />
  <memory-copied type="tenure" objects="2194" bytes="52656" bytesdiscarded="552" />
</gc-op>
<gc-end id="1612" type="scavenge" contextid="1608" durationms="3.566" usertimems="6.863" systemtimems="2.459" timestamp="2019-08-09T18:06:19.877" activeThreads="16">
  <mem-info id="1613" free="4303128" total="12255232" percent="35">
    <mem type="nursery" free="2968320" total="3538944" percent="83">
      <mem type="allocate" free="2968320" total="3145728" percent="94" />
      <mem type="survivor" free="0" total="393216" percent="0" />
    </mem>
    <mem type="tenure" free="1334808" total="8716288" percent="15" macro-fragmented="0">
      <mem type="soa" free="1247768" total="8629248" percent="14" />
      <mem type="loa" free="87040" total="87040" percent="100" />
    </mem>
    <remembered-set count="359" />
  </mem-info>
</gc-end>
<cycle-end id="1614" type="scavenge" contextid="1608" timestamp="2019-08-09T18:06:19.877" />
  <attribute name="elasticGC enabled" value="1" />
  <attribute name= "numThreadsSpecified" value="16" />
  <attribute name="heapSize specified" value="12124160" />
  <attribute name="Current GC Util" value="1" />
  <attribute name= "Current Time Running" value="115743" />
  <attribute name ="GC Interval" value="2473" />
  <attribute name="Target GC Util Change" value ="80.000000" />
  <attribute name="Current GC Util Change" value="1.000000"/>
  <attribute name="Current Error" value="399.000000" />
  <attribute name="Output H" value="12331376"/>
  <attribute name="Output I" value="2472"/>
  <attribute name="Output T" value="16"/>
  <attribute name= "Current Time Running" value="115743" />
  <attribute name="GC Util currently" value="1" />
  <attribute name="CPU Util currently" value="8" />
<allocation-satisfied id="1615" threadId="0000000001487600" bytesRequested="24" />
<af-end id="1616" timestamp="2019-08-09T18:06:19.878" threadId="0000000001487F88" success="true" from="nursery"/>
<exclusive-end id="1617" timestamp="2019-08-09T18:06:19.878" durationms="4.154" />

<exclusive-start id="1618" timestamp="2019-08-09T18:06:21.065" intervalms="1191.409">
  <response-info timems="5.322" idlems="5.322" threads="0" lastid="0000000001483A00" lastname="node-14" />
</exclusive-start>
<af-start id="1619" threadId="0000000001484388" totalBytesRequested="24" timestamp="2019-08-09T18:06:21.065" intervalms="1191.372" type="nursery" />
<cycle-start id="1620" type="scavenge" contextid="0" timestamp="2019-08-09T18:06:21.065" intervalms="1191.369" />
<gc-start id="1621" type="scavenge" contextid="1620" timestamp="2019-08-09T18:06:21.065">
  <mem-info id="1622" free="1334808" total="12255232" percent="10">
    <mem type="nursery" free="0" total="3538944" percent="0">
      <mem type="allocate" free="0" total="3145728" percent="0" />
      <mem type="survivor" free="0" total="393216" percent="0" />
    </mem>
    <mem type="tenure" free="1334808" total="8716288" percent="15">
      <mem type="soa" free="1247768" total="8629248" percent="14" />
      <mem type="loa" free="87040" total="87040" percent="100" />
    </mem>
    <remembered-set count="436" />
  </mem-info>
</gc-start>
<allocation-stats totalBytes="2966248" >
  <allocated-bytes non-tlh="24" tlh="2966224" />
  <largest-consumer threadName="node-21" threadId="0000000001456B00" bytes="143352" />
</allocation-stats>
<gc-op id="1623" type="scavenge" timems="2.490" contextid="1620" timestamp="2019-08-09T18:06:21.068">
  <scavenger-info tenureage="14" tenuremask="4000" tiltratio="88" />
  <memory-copied type="nursery" objects="5788" bytes="142704" bytesdiscarded="50832" />
</gc-op>
<gc-end id="1624" type="scavenge" contextid="1620" durationms="2.872" usertimems="1.527" systemtimems="1.804" timestamp="2019-08-09T18:06:21.068" activeThreads="16">
  <mem-info id="1625" free="4287000" total="12255232" percent="34">
    <mem type="nursery" free="2952192" total="3538944" percent="83">
      <mem type="allocate" free="2952192" total="3145728" percent="93" />
      <mem type="survivor" free="0" total="393216" percent="0" />
    </mem>
    <mem type="tenure" free="1334808" total="8716288" percent="15" macro-fragmented="0">
      <mem type="soa" free="1247768" total="8629248" percent="14" />
      <mem type="loa" free="87040" total="87040" percent="100" />
    </mem>
    <remembered-set count="365" />
  </mem-info>
</gc-end>
<cycle-end id="1626" type="scavenge" contextid="1620" timestamp="2019-08-09T18:06:21.068" />
  <attribute name="elasticGC enabled" value="1" />
  <attribute name= "numThreadsSpecified" value="16" />
  <attribute name="heapSize specified" value="12124160" />
  <attribute name="Current GC Util" value="0" />
  <attribute name= "Current Time Running" value="116935" />
  <attribute name ="GC Interval" value="2569" />
  <attribute name="Target GC Util Change" value ="80.000000" />
  <attribute name="Current GC Util Change" value="0.000000"/>
  <attribute name="Current Error" value="479.000000" />
  <attribute name="Output H" value="12331472"/>
  <attribute name="Output I" value="2568"/>
  <attribute name="Output T" value="16"/>
  <attribute name= "Current Time Running" value="116935" />
  <attribute name="GC Util currently" value="0" />
  <attribute name="CPU Util currently" value="8" />
<allocation-satisfied id="1627" threadId="0000000001483A00" bytesRequested="24" />
<af-end id="1628" timestamp="2019-08-09T18:06:21.068" threadId="0000000001484388" success="true" from="nursery"/>
<exclusive-end id="1629" timestamp="2019-08-09T18:06:21.068" durationms="3.174" />

<exclusive-start id="1630" timestamp="2019-08-09T18:06:22.512" intervalms="1446.775">
  <response-info timems="0.115" idlems="0.115" threads="0" lastid="00000000014A5500" lastname="node-9" />
</exclusive-start>
<af-start id="1631" threadId="00000000014A5E88" totalBytesRequested="32" timestamp="2019-08-09T18:06:22.512" intervalms="1446.760" type="nursery" />
<cycle-start id="1632" type="scavenge" contextid="0" timestamp="2019-08-09T18:06:22.512" intervalms="1446.763" />
<gc-start id="1633" type="scavenge" contextid="1632" timestamp="2019-08-09T18:06:22.512">
  <mem-info id="1634" free="1334808" total="12255232" percent="10">
    <mem type="nursery" free="0" total="3538944" percent="0">
      <mem type="allocate" free="0" total="3145728" percent="0" />
      <mem type="survivor" free="0" total="393216" percent="0" />
    </mem>
    <mem type="tenure" free="1334808" total="8716288" percent="15">
      <mem type="soa" free="1247768" total="8629248" percent="14" />
      <mem type="loa" free="87040" total="87040" percent="100" />
    </mem>
    <remembered-set count="457" />
  </mem-info>
</gc-start>
<allocation-stats totalBytes="2950784" >
  <allocated-bytes non-tlh="24" tlh="2950760" />
  <largest-consumer threadName="node-23" threadId="000000000147C200" bytes="143352" />
</allocation-stats>
<gc-op id="1635" type="scavenge" timems="1.535" contextid="1632" timestamp="2019-08-09T18:06:22.513">
  <scavenger-info tenureage="2" tenuremask="4014" tiltratio="88" />
  <memory-copied type="nursery" objects="5270" bytes="128192" bytesdiscarded="33088" />
  <memory-copied type="tenure" objects="2805" bytes="67320" bytesdiscarded="0" />
</gc-op>
<gc-end id="1636" type="scavenge" contextid="1632" durationms="1.622" usertimems="4.817" systemtimems="0.000" timestamp="2019-08-09T18:06:22.513" activeThreads="16">
  <mem-info id="1637" free="4222488" total="12255232" percent="34">
    <mem type="nursery" free="2984448" total="3538944" percent="84">
      <mem type="allocate" free="2984448" total="3145728" percent="94" />
      <mem type="survivor" free="0" total="393216" percent="0" />
    </mem>
    <mem type="tenure" free="1238040" total="8716288" percent="14" macro-fragmented="0">
      <mem type="soa" free="1151000" total="8629248" percent="13" />
      <mem type="loa" free="87040" total="87040" percent="100" />
    </mem>
    <remembered-set count="367" />
  </mem-info>
</gc-end>
<cycle-end id="1638" type="scavenge" contextid="1632" timestamp="2019-08-09T18:06:22.513" />
  <attribute name="elasticGC enabled" value="1" />
  <attribute name= "numThreadsSpecified" value="16" />
  <attribute name="heapSize specified" value="12124160" />
  <attribute name="Current GC Util" value="0" />
  <attribute name= "Current Time Running" value="118381" />
  <attribute name ="GC Interval" value="2105" />
  <attribute name="Target GC Util Change" value ="80.000000" />
  <attribute name="Current GC Util Change" value="0.000000"/>
  <attribute name="Current Error" value="80.000000" />
  <attribute name="Output H" value="12331008"/>
  <attribute name="Output I" value="2104"/>
  <attribute name="Output T" value="16"/>
  <attribute name= "Current Time Running" value="118381" />
  <attribute name="GC Util currently" value="0" />
  <attribute name="CPU Util currently" value="10" />
<allocation-satisfied id="1639" threadId="00000000014A5500" bytesRequested="32" />
<af-end id="1640" timestamp="2019-08-09T18:06:22.514" threadId="00000000014A5E88" success="true" from="nursery"/>
<exclusive-end id="1641" timestamp="2019-08-09T18:06:22.514" durationms="1.948" />

<exclusive-start id="1642" timestamp="2019-08-09T18:06:23.705" intervalms="1193.179">
  <response-info timems="0.105" idlems="0.105" threads="0" lastid="0000000001452F00" lastname="node-24" />
</exclusive-start>
<af-start id="1643" threadId="0000000001453888" totalBytesRequested="32" timestamp="2019-08-09T18:06:23.705" intervalms="1193.195" type="nursery" />
<cycle-start id="1644" type="scavenge" contextid="0" timestamp="2019-08-09T18:06:23.705" intervalms="1193.198" />
<gc-start id="1645" type="scavenge" contextid="1644" timestamp="2019-08-09T18:06:23.705">
  <mem-info id="1646" free="1238040" total="12255232" percent="10">
    <mem type="nursery" free="0" total="3538944" percent="0">
      <mem type="allocate" free="0" total="3145728" percent="0" />
      <mem type="survivor" free="0" total="393216" percent="0" />
    </mem>
    <mem type="tenure" free="1238040" total="8716288" percent="14">
      <mem type="soa" free="1151000" total="8629248" percent="13" />
      <mem type="loa" free="87040" total="87040" percent="100" />
    </mem>
    <remembered-set count="444" />
  </mem-info>
</gc-start>
<allocation-stats totalBytes="2981368" >
  <allocated-bytes non-tlh="32" tlh="2981336" />
  <largest-consumer threadName="node-3" threadId="00000000014A9100" bytes="143328" />
</allocation-stats>
<gc-op id="1647" type="scavenge" timems="1.753" contextid="1644" timestamp="2019-08-09T18:06:23.707">
  <scavenger-info tenureage="2" tenuremask="401c" tiltratio="88" />
  <memory-copied type="nursery" objects="3919" bytes="95768" bytesdiscarded="17128" />
  <memory-copied type="tenure" objects="2834" bytes="68016" bytesdiscarded="0" />
</gc-op>
<gc-end id="1648" type="scavenge" contextid="1644" durationms="2.050" usertimems="2.868" systemtimems="0.000" timestamp="2019-08-09T18:06:23.707" activeThreads="16">
  <mem-info id="1649" free="4190232" total="12255232" percent="34">
    <mem type="nursery" free="3032832" total="3538944" percent="85">
      <mem type="allocate" free="3032832" total="3145728" percent="96" />
      <mem type="survivor" free="0" total="393216" percent="0" />
    </mem>
    <mem type="tenure" free="1157400" total="8716288" percent="13" macro-fragmented="0">
      <mem type="soa" free="1070360" total="8629248" percent="12" />
      <mem type="loa" free="87040" total="87040" percent="100" />
    </mem>
    <remembered-set count="342" />
  </mem-info>
</gc-end>
<cycle-end id="1650" type="scavenge" contextid="1644" timestamp="2019-08-09T18:06:23.707" />
  <attribute name="elasticGC enabled" value="1" />
  <attribute name= "numThreadsSpecified" value="16" />
  <attribute name="heapSize specified" value="12124160" />
  <attribute name="Current GC Util" value="0" />
  <attribute name= "Current Time Running" value="119575" />
  <attribute name ="GC Interval" value="2193" />
  <attribute name="Target GC Util Change" value ="80.000000" />
  <attribute name="Current GC Util Change" value="0.000000"/>
  <attribute name="Current Error" value="160.000000" />
  <attribute name="Output H" value="12331096"/>
  <attribute name="Output I" value="2192"/>
  <attribute name="Output T" value="16"/>
  <attribute name= "Current Time Running" value="119575" />
  <attribute name="GC Util currently" value="0" />
  <attribute name="CPU Util currently" value="8" />
<allocation-satisfied id="1651" threadId="0000000001452F00" bytesRequested="32" />
<af-end id="1652" timestamp="2019-08-09T18:06:23.707" threadId="0000000001453888" success="true" from="nursery"/>
<exclusive-end id="1653" timestamp="2019-08-09T18:06:23.707" durationms="2.281" />

<exclusive-start id="1654" timestamp="2019-08-09T18:06:24.936" intervalms="1231.565">
  <response-info timems="1.525" idlems="1.525" threads="0" lastid="0000000001470E00" lastname="node-5" />
</exclusive-start>
<af-start id="1655" threadId="0000000001471788" totalBytesRequested="32" timestamp="2019-08-09T18:06:24.936" intervalms="1231.544" type="nursery" />
<cycle-start id="1656" type="scavenge" contextid="0" timestamp="2019-08-09T18:06:24.936" intervalms="1231.538" />
<gc-start id="1657" type="scavenge" contextid="1656" timestamp="2019-08-09T18:06:24.937">
  <mem-info id="1658" free="1157400" total="12255232" percent="9">
    <mem type="nursery" free="0" total="3538944" percent="0">
      <mem type="allocate" free="0" total="3145728" percent="0" />
      <mem type="survivor" free="0" total="393216" percent="0" />
    </mem>
    <mem type="tenure" free="1157400" total="8716288" percent="13">
      <mem type="soa" free="1070360" total="8629248" percent="12" />
      <mem type="loa" free="87040" total="87040" percent="100" />
    </mem>
    <remembered-set count="418" />
  </mem-info>
</gc-start>
<allocation-stats totalBytes="3025576" >
  <allocated-bytes non-tlh="32" tlh="3025544" />
  <largest-consumer threadName="node-9" threadId="00000000014A5500" bytes="143336" />
</allocation-stats>
<gc-op id="1659" type="scavenge" timems="2.137" contextid="1656" timestamp="2019-08-09T18:06:24.939">
  <scavenger-info tenureage="2" tenuremask="4004" tiltratio="88" />
  <memory-copied type="nursery" objects="3286" bytes="80576" bytesdiscarded="64576" />
  <memory-copied type="tenure" objects="2294" bytes="55056" bytesdiscarded="0" />
</gc-op>
<gc-end id="1660" type="scavenge" contextid="1656" durationms="2.459" usertimems="5.151" systemtimems="0.000" timestamp="2019-08-09T18:06:24.939" activeThreads="16">
  <mem-info id="1661" free="4109592" total="12255232" percent="33">
    <mem type="nursery" free="3000576" total="3538944" percent="84">
      <mem type="allocate" free="3000576" total="3145728" percent="95" />
      <mem type="survivor" free="0" total="393216" percent="0" />
    </mem>
    <mem type="tenure" free="1109016" total="8716288" percent="12" macro-fragmented="0">
      <mem type="soa" free="1021976" total="8629248" percent="11" />
      <mem type="loa" free="87040" total="87040" percent="100" />
    </mem>
    <remembered-set count="334" />
  </mem-info>
</gc-end>
<cycle-end id="1662" type="scavenge" contextid="1656" timestamp="2019-08-09T18:06:24.939" />
  <attribute name="elasticGC enabled" value="1" />
  <attribute name= "numThreadsSpecified" value="16" />
  <attribute name="heapSize specified" value="12124160" />
  <attribute name="Current GC Util" value="0" />
  <attribute name= "Current Time Running" value="120806" />
  <attribute name ="GC Interval" value="2289" />
  <attribute name="Target GC Util Change" value ="80.000000" />
  <attribute name="Current GC Util Change" value="0.000000"/>
  <attribute name="Current Error" value="240.000000" />
  <attribute name="Output H" value="12331192"/>
  <attribute name="Output I" value="2288"/>
  <attribute name="Output T" value="16"/>
  <attribute name= "Current Time Running" value="120806" />
  <attribute name="GC Util currently" value="0" />
  <attribute name="CPU Util currently" value="8" />
<allocation-satisfied id="1663" threadId="0000000001470E00" bytesRequested="32" />
<af-end id="1664" timestamp="2019-08-09T18:06:24.939" threadId="0000000001471788" success="true" from="nursery"/>
<exclusive-end id="1665" timestamp="2019-08-09T18:06:24.939" durationms="2.787" />

<exclusive-start id="1666" timestamp="2019-08-09T18:06:26.219" intervalms="1282.679">
  <response-info timems="0.899" idlems="0.899" threads="0" lastid="0000000001470E00" lastname="node-5" />
</exclusive-start>
<af-start id="1667" threadId="0000000001471788" totalBytesRequested="32" timestamp="2019-08-09T18:06:26.219" intervalms="1282.686" type="nursery" />
<cycle-start id="1668" type="scavenge" contextid="0" timestamp="2019-08-09T18:06:26.219" intervalms="1282.683" />
<gc-start id="1669" type="scavenge" contextid="1668" timestamp="2019-08-09T18:06:26.219">
  <mem-info id="1670" free="1109016" total="12255232" percent="9">
    <mem type="nursery" free="0" total="3538944" percent="0">
      <mem type="allocate" free="0" total="3145728" percent="0" />
      <mem type="survivor" free="0" total="393216" percent="0" />
    </mem>
    <mem type="tenure" free="1109016" total="8716288" percent="12">
      <mem type="soa" free="1021976" total="8629248" percent="11" />
      <mem type="loa" free="87040" total="87040" percent="100" />
    </mem>
    <remembered-set count="420" />
  </mem-info>
</gc-start>
<allocation-stats totalBytes="2998992" >
  <allocated-bytes non-tlh="32" tlh="2998960" />
  <largest-consumer threadName="node-13" threadId="0000000001469600" bytes="143336" />
</allocation-stats>
<gc-op id="1671" type="scavenge" timems="1.946" contextid="1668" timestamp="2019-08-09T18:06:26.221">
  <scavenger-info tenureage="2" tenuremask="4004" tiltratio="88" />
  <memory-copied type="nursery" objects="3663" bytes="86992" bytesdiscarded="74288" />
  <memory-copied type="tenure" objects="1483" bytes="35592" bytesdiscarded="0" />
</gc-op>
<gc-end id="1672" type="scavenge" contextid="1668" durationms="2.342" usertimems="2.087" systemtimems="2.532" timestamp="2019-08-09T18:06:26.222" activeThreads="16">
  <mem-info id="1673" free="4061208" total="12255232" percent="33">
    <mem type="nursery" free="2984448" total="3538944" percent="84">
      <mem type="allocate" free="2984448" total="3145728" percent="94" />
      <mem type="survivor" free="0" total="393216" percent="0" />
    </mem>
    <mem type="tenure" free="1076760" total="8716288" percent="12" macro-fragmented="0">
      <mem type="soa" free="989720" total="8629248" percent="11" />
      <mem type="loa" free="87040" total="87040" percent="100" />
    </mem>
    <remembered-set count="321" />
  </mem-info>
</gc-end>
<cycle-end id="1674" type="scavenge" contextid="1668" timestamp="2019-08-09T18:06:26.222" />
  <attribute name="elasticGC enabled" value="1" />
  <attribute name= "numThreadsSpecified" value="16" />
  <attribute name="heapSize specified" value="12124160" />
  <attribute name="Current GC Util" value="0" />
  <attribute name= "Current Time Running" value="122089" />
  <attribute name ="GC Interval" value="2385" />
  <attribute name="Target GC Util Change" value ="80.000000" />
  <attribute name="Current GC Util Change" value="0.000000"/>
  <attribute name="Current Error" value="320.000000" />
  <attribute name="Output H" value="12331288"/>
  <attribute name="Output I" value="2384"/>
  <attribute name="Output T" value="16"/>
  <attribute name= "Current Time Running" value="122089" />
  <attribute name="GC Util currently" value="0" />
  <attribute name="CPU Util currently" value="9" />
<allocation-satisfied id="1675" threadId="0000000001470E00" bytesRequested="32" />
<af-end id="1676" timestamp="2019-08-09T18:06:26.222" threadId="0000000001471788" success="true" from="nursery"/>
<exclusive-end id="1677" timestamp="2019-08-09T18:06:26.222" durationms="2.539" />

<exclusive-start id="1678" timestamp="2019-08-09T18:06:27.441" intervalms="1222.145">
  <response-info timems="0.022" idlems="0.022" threads="0" lastid="000000000146D200" lastname="node-1" />
</exclusive-start>
<af-start id="1679" threadId="000000000146DB88" totalBytesRequested="32" timestamp="2019-08-09T18:06:27.441" intervalms="1222.131" type="nursery" />
<cycle-start id="1680" type="scavenge" contextid="0" timestamp="2019-08-09T18:06:27.441" intervalms="1222.130" />
<gc-start id="1681" type="scavenge" contextid="1680" timestamp="2019-08-09T18:06:27.442">
  <mem-info id="1682" free="1076760" total="12255232" percent="8">
    <mem type="nursery" free="0" total="3538944" percent="0">
      <mem type="allocate" free="0" total="3145728" percent="0" />
      <mem type="survivor" free="0" total="393216" percent="0" />
    </mem>
    <mem type="tenure" free="1076760" total="8716288" percent="12">
      <mem type="soa" free="989720" total="8629248" percent="11" />
      <mem type="loa" free="87040" total="87040" percent="100" />
    </mem>
    <remembered-set count="420" />
  </mem-info>
</gc-start>
<allocation-stats totalBytes="2981648" >
  <allocated-bytes non-tlh="32" tlh="2981616" />
  <largest-consumer threadName="node-14" threadId="0000000001483A00" bytes="143344" />
</allocation-stats>
<gc-op id="1683" type="scavenge" timems="2.231" contextid="1680" timestamp="2019-08-09T18:06:27.444">
  <scavenger-info tenureage="2" tenuremask="4004" tiltratio="88" />
  <memory-copied type="nursery" objects="3343" bytes="81832" bytesdiscarded="79448" />
  <memory-copied type="tenure" objects="1661" bytes="39864" bytesdiscarded="0" />
</gc-op>
<gc-end id="1684" type="scavenge" contextid="1680" durationms="2.700" usertimems="1.784" systemtimems="1.121" timestamp="2019-08-09T18:06:27.444" activeThreads="16">
  <mem-info id="1685" free="4012824" total="12255232" percent="32">
    <mem type="nursery" free="2984448" total="3538944" percent="84">
      <mem type="allocate" free="2984448" total="3145728" percent="94" />
      <mem type="survivor" free="0" total="393216" percent="0" />
    </mem>
    <mem type="tenure" free="1028376" total="8716288" percent="11" macro-fragmented="0">
      <mem type="soa" free="941336" total="8629248" percent="10" />
      <mem type="loa" free="87040" total="87040" percent="100" />
    </mem>
    <remembered-set count="340" />
  </mem-info>
</gc-end>
<cycle-end id="1686" type="scavenge" contextid="1680" timestamp="2019-08-09T18:06:27.444" />
  <attribute name="elasticGC enabled" value="1" />
  <attribute name= "numThreadsSpecified" value="16" />
  <attribute name="heapSize specified" value="12124160" />
  <attribute name="Current GC Util" value="0" />
  <attribute name= "Current Time Running" value="123312" />
  <attribute name ="GC Interval" value="2473" />
  <attribute name="Target GC Util Change" value ="80.000000" />
  <attribute name="Current GC Util Change" value="0.000000"/>
  <attribute name="Current Error" value="400.000000" />
  <attribute name="Output H" value="12331376"/>
  <attribute name="Output I" value="2472"/>
  <attribute name="Output T" value="16"/>
  <attribute name= "Current Time Running" value="123312" />
  <attribute name="GC Util currently" value="0" />
  <attribute name="CPU Util currently" value="9" />
<allocation-satisfied id="1687" threadId="000000000146D200" bytesRequested="32" />
<af-end id="1688" timestamp="2019-08-09T18:06:27.444" threadId="000000000146DB88" success="true" from="nursery"/>
<exclusive-end id="1689" timestamp="2019-08-09T18:06:27.444" durationms="3.227" />

<exclusive-start id="1690" timestamp="2019-08-09T18:06:28.788" intervalms="1346.814">
  <response-info timems="1.071" idlems="0.711" threads="1" lastid="000000000149DD00" lastname="node-8" />
</exclusive-start>
<af-start id="1691" threadId="0000000001457488" totalBytesRequested="16" timestamp="2019-08-09T18:06:28.788" intervalms="1346.833" type="nursery" />
<cycle-start id="1692" type="scavenge" contextid="0" timestamp="2019-08-09T18:06:28.788" intervalms="1346.834" />
<gc-start id="1693" type="scavenge" contextid="1692" timestamp="2019-08-09T18:06:28.788">
  <mem-info id="1694" free="1028376" total="12255232" percent="8">
    <mem type="nursery" free="0" total="3538944" percent="0">
      <mem type="allocate" free="0" total="3145728" percent="0" />
      <mem type="survivor" free="0" total="393216" percent="0" />
    </mem>
    <mem type="tenure" free="1028376" total="8716288" percent="11">
      <mem type="soa" free="941336" total="8629248" percent="10" />
      <mem type="loa" free="87040" total="87040" percent="100" />
    </mem>
    <remembered-set count="417" />
  </mem-info>
</gc-start>
<allocation-stats totalBytes="2980792" >
  <allocated-bytes non-tlh="32" tlh="2980760" />
  <largest-consumer threadName="node-24" threadId="0000000001452F00" bytes="143360" />
</allocation-stats>
<gc-op id="1695" type="scavenge" timems="2.442" contextid="1692" timestamp="2019-08-09T18:06:28.791">
  <scavenger-info tenureage="2" tenuremask="4004" tiltratio="88" />
  <memory-copied type="nursery" objects="3448" bytes="94888" bytesdiscarded="34136" />
  <memory-copied type="tenure" objects="1887" bytes="45288" bytesdiscarded="0" />
</gc-op>
<gc-end id="1696" type="scavenge" contextid="1692" durationms="2.810" usertimems="4.199" systemtimems="0.000" timestamp="2019-08-09T18:06:28.791" activeThreads="16">
  <mem-info id="1697" free="3996696" total="12255232" percent="32">
    <mem type="nursery" free="3016704" total="3538944" percent="85">
      <mem type="allocate" free="3016704" total="3145728" percent="95" />
      <mem type="survivor" free="0" total="393216" percent="0" />
    </mem>
    <mem type="tenure" free="979992" total="8716288" percent="11" macro-fragmented="0">
      <mem type="soa" free="892952" total="8629248" percent="10" />
      <mem type="loa" free="87040" total="87040" percent="100" />
    </mem>
    <remembered-set count="324" />
  </mem-info>
</gc-end>
<cycle-end id="1698" type="scavenge" contextid="1692" timestamp="2019-08-09T18:06:28.791" />
  <attribute name="elasticGC enabled" value="1" />
  <attribute name= "numThreadsSpecified" value="16" />
  <attribute name="heapSize specified" value="12124160" />
  <attribute name="Current GC Util" value="0" />
  <attribute name= "Current Time Running" value="124658" />
  <attribute name ="GC Interval" value="2569" />
  <attribute name="Target GC Util Change" value ="80.000000" />
  <attribute name="Current GC Util Change" value="0.000000"/>
  <attribute name="Current Error" value="480.000000" />
  <attribute name="Output H" value="12331472"/>
  <attribute name="Output I" value="2568"/>
  <attribute name="Output T" value="16"/>
  <attribute name= "Current Time Running" value="124658" />
  <attribute name="GC Util currently" value="0" />
  <attribute name="CPU Util currently" value="9" />
<allocation-satisfied id="1699" threadId="0000000001456B00" bytesRequested="16" />
<af-end id="1700" timestamp="2019-08-09T18:06:28.791" threadId="0000000001457488" success="true" from="nursery"/>
<exclusive-end id="1701" timestamp="2019-08-09T18:06:28.791" durationms="3.049" />

===== DaCapo 9.12-MR1 avrora PASSED in 124872 msec =====
<exclusive-start id="1702" timestamp="2019-08-09T18:06:29.407" intervalms="619.307">
  <response-info timems="0.115" idlems="0.115" threads="0" lastid="0000000001164F00" lastname="main" />
</exclusive-start>
<af-start id="1703" threadId="0000000001165888" totalBytesRequested="2056" timestamp="2019-08-09T18:06:29.407" intervalms="619.307" type="nursery" />
<cycle-start id="1704" type="scavenge" contextid="0" timestamp="2019-08-09T18:06:29.407" intervalms="619.306" />
<gc-start id="1705" type="scavenge" contextid="1704" timestamp="2019-08-09T18:06:29.407">
  <mem-info id="1706" free="978856" total="12255232" percent="7">
    <mem type="nursery" free="0" total="3538944" percent="0">
      <mem type="allocate" free="0" total="3145728" percent="0" />
      <mem type="survivor" free="0" total="393216" percent="0" />
    </mem>
    <mem type="tenure" free="978856" total="8716288" percent="11">
      <mem type="soa" free="891816" total="8629248" percent="10" />
      <mem type="loa" free="87040" total="87040" percent="100" />
    </mem>
    <remembered-set count="468" />
  </mem-info>
</gc-start>
<allocation-stats totalBytes="2988840" >
  <allocated-bytes non-tlh="68792" tlh="2920048" />
  <largest-consumer threadName="main" threadId="0000000001164F00" bytes="1410448" />
</allocation-stats>
<gc-op id="1707" type="scavenge" timems="4.830" contextid="1704" timestamp="2019-08-09T18:06:29.412">
  <scavenger-info tenureage="2" tenuremask="4004" tiltratio="88" />
  <memory-copied type="nursery" objects="3048" bytes="230160" bytesdiscarded="7928" />
  <memory-copied type="tenure" objects="1315" bytes="31560" bytesdiscarded="696" />
  <finalization candidates="1" enqueued="1" />
  <references type="soft" candidates="11" cleared="0" enqueued="0" dynamicThreshold="6" maxThreshold="32" />
  <references type="weak" candidates="17" cleared="16" enqueued="16" />
  <references type="phantom" candidates="16" cleared="12" enqueued="12" />
</gc-op>
<gc-end id="1708" type="scavenge" contextid="1704" durationms="5.197" usertimems="5.055" systemtimems="6.625" timestamp="2019-08-09T18:06:29.413" activeThreads="16">
  <mem-info id="1709" free="3854208" total="12255232" percent="31">
    <mem type="nursery" free="2907608" total="3538944" percent="82">
      <mem type="allocate" free="2907608" total="3145728" percent="92" />
      <mem type="survivor" free="0" total="393216" percent="0" />
    </mem>
    <mem type="tenure" free="946600" total="8716288" percent="10" macro-fragmented="0">
      <mem type="soa" free="859560" total="8629248" percent="9" />
      <mem type="loa" free="87040" total="87040" percent="100" />
    </mem>
    <pending-finalizers system="1" default="0" reference="28" classloader="0" />
    <remembered-set count="353" />
  </mem-info>
</gc-end>
<cycle-end id="1710" type="scavenge" contextid="1704" timestamp="2019-08-09T18:06:29.413" />
  <attribute name="elasticGC enabled" value="1" />
  <attribute name= "numThreadsSpecified" value="16" />
  <attribute name="heapSize specified" value="12124160" />
  <attribute name="Current GC Util" value="0" />
  <attribute name= "Current Time Running" value="125277" />
  <attribute name ="GC Interval" value="2105" />
  <attribute name="Target GC Util Change" value ="80.000000" />
  <attribute name="Current GC Util Change" value="0.000000"/>
  <attribute name="Current Error" value="80.000000" />
  <attribute name="Output H" value="12331008"/>
  <attribute name="Output I" value="2104"/>
  <attribute name="Output T" value="16"/>
  <attribute name= "Current Time Running" value="125277" />
  <attribute name="GC Util currently" value="0" />
  <attribute name="CPU Util currently" value="0" />
<allocation-satisfied id="1711" threadId="0000000001164F00" bytesRequested="2056" />
<af-end id="1712" timestamp="2019-08-09T18:06:29.413" threadId="0000000001165888" success="true" from="nursery"/>
<exclusive-end id="1713" timestamp="2019-08-09T18:06:29.413" durationms="5.678" />

<exclusive-start id="1714" timestamp="2019-08-09T18:06:29.561" intervalms="153.268">
  <response-info timems="0.051" idlems="0.051" threads="0" lastid="0000000001164F00" lastname="main" />
</exclusive-start>
<af-start id="1715" threadId="0000000001165888" totalBytesRequested="2056" timestamp="2019-08-09T18:06:29.561" intervalms="153.253" type="nursery" />
<cycle-start id="1716" type="scavenge" contextid="0" timestamp="2019-08-09T18:06:29.561" intervalms="153.255" />
<gc-start id="1717" type="scavenge" contextid="1716" timestamp="2019-08-09T18:06:29.561">
  <mem-info id="1718" free="946600" total="12255232" percent="7">
    <mem type="nursery" free="0" total="3538944" percent="0">
      <mem type="allocate" free="0" total="3145728" percent="0" />
      <mem type="survivor" free="0" total="393216" percent="0" />
    </mem>
    <mem type="tenure" free="946600" total="8716288" percent="10">
      <mem type="soa" free="859560" total="8629248" percent="9" />
      <mem type="loa" free="87040" total="87040" percent="100" />
    </mem>
    <remembered-set count="356" />
  </mem-info>
</gc-start>
<allocation-stats totalBytes="2890760" >
  <allocated-bytes non-tlh="2056" tlh="2888704" />
  <largest-consumer threadName="main" threadId="0000000001164F00" bytes="2890760" />
</allocation-stats>
<gc-op id="1719" type="scavenge" timems="2.668" contextid="1716" timestamp="2019-08-09T18:06:29.563">
  <scavenger-info tenureage="2" tenuremask="4004" tiltratio="88" />
  <memory-copied type="nursery" objects="1015" bytes="47784" bytesdiscarded="16696" />
  <memory-copied type="tenure" objects="1966" bytes="47136" bytesdiscarded="0" />
  <references type="soft" candidates="11" cleared="0" enqueued="0" dynamicThreshold="6" maxThreshold="32" />
  <references type="weak" candidates="1" cleared="0" enqueued="0" />
  <references type="phantom" candidates="3" cleared="0" enqueued="0" />
</gc-op>
<gc-end id="1720" type="scavenge" contextid="1716" durationms="2.814" usertimems="0.627" systemtimems="2.918" timestamp="2019-08-09T18:06:29.564" activeThreads="16">
  <mem-info id="1721" free="3979432" total="12255232" percent="32">
    <mem type="nursery" free="3081216" total="3538944" percent="87">
      <mem type="allocate" free="3081216" total="3145728" percent="97" />
      <mem type="survivor" free="0" total="393216" percent="0" />
    </mem>
    <mem type="tenure" free="898216" total="8716288" percent="10" macro-fragmented="0">
      <mem type="soa" free="811176" total="8629248" percent="9" />
      <mem type="loa" free="87040" total="87040" percent="100" />
    </mem>
    <remembered-set count="256" />
  </mem-info>
</gc-end>
<cycle-end id="1722" type="scavenge" contextid="1716" timestamp="2019-08-09T18:06:29.564" />
  <attribute name="elasticGC enabled" value="1" />
  <attribute name= "numThreadsSpecified" value="16" />
  <attribute name="heapSize specified" value="12124160" />
  <attribute name="Current GC Util" value="4" />
  <attribute name= "Current Time Running" value="125430" />
  <attribute name ="GC Interval" value="2193" />
  <attribute name="Target GC Util Change" value ="80.000000" />
  <attribute name="Current GC Util Change" value="4.000000"/>
  <attribute name="Current Error" value="156.000000" />
  <attribute name="Output H" value="12331096"/>
  <attribute name="Output I" value="2192"/>
  <attribute name="Output T" value="16"/>
  <attribute name= "Current Time Running" value="125430" />
  <attribute name="GC Util currently" value="4" />
  <attribute name="CPU Util currently" value="7522107162" />
<allocation-satisfied id="1723" threadId="0000000001164F00" bytesRequested="2056" />
<af-end id="1724" timestamp="2019-08-09T18:06:29.564" threadId="0000000001165888" success="true" from="nursery"/>
<exclusive-end id="1725" timestamp="2019-08-09T18:06:29.564" durationms="3.184" />

<exclusive-start id="1726" timestamp="2019-08-09T18:06:29.709" intervalms="148.308">
  <response-info timems="0.017" idlems="0.017" threads="0" lastid="0000000001164F00" lastname="main" />
</exclusive-start>
<af-start id="1727" threadId="0000000001165888" totalBytesRequested="2056" timestamp="2019-08-09T18:06:29.709" intervalms="148.311" type="nursery" />
<cycle-start id="1728" type="scavenge" contextid="0" timestamp="2019-08-09T18:06:29.709" intervalms="148.325" />
<gc-start id="1729" type="scavenge" contextid="1728" timestamp="2019-08-09T18:06:29.709">
  <mem-info id="1730" free="898216" total="12255232" percent="7">
    <mem type="nursery" free="0" total="3538944" percent="0">
      <mem type="allocate" free="0" total="3145728" percent="0" />
      <mem type="survivor" free="0" total="393216" percent="0" />
    </mem>
    <mem type="tenure" free="898216" total="8716288" percent="10">
      <mem type="soa" free="811176" total="8629248" percent="9" />
      <mem type="loa" free="87040" total="87040" percent="100" />
    </mem>
    <remembered-set count="256" />
  </mem-info>
</gc-start>
<allocation-stats totalBytes="3059464" >
  <allocated-bytes non-tlh="2056" tlh="3057408" />
  <largest-consumer threadName="main" threadId="0000000001164F00" bytes="3059464" />
</allocation-stats>
<gc-op id="1731" type="scavenge" timems="2.438" contextid="1728" timestamp="2019-08-09T18:06:29.712">
  <scavenger-info tenureage="2" tenuremask="4004" tiltratio="88" />
  <memory-copied type="nursery" objects="13" bytes="488" bytesdiscarded="39432" />
  <memory-copied type="tenure" objects="1002" bytes="47336" bytesdiscarded="384" />
  <references type="phantom" candidates="1" cleared="0" enqueued="0" />
</gc-op>
<gc-end id="1732" type="scavenge" contextid="1728" durationms="2.647" usertimems="0.384" systemtimems="2.297" timestamp="2019-08-09T18:06:29.712" activeThreads="16">
  <mem-info id="1733" free="3955624" total="12255232" percent="32">
    <mem type="nursery" free="3105792" total="3538944" percent="87">
      <mem type="allocate" free="3105792" total="3145728" percent="98" />
      <mem type="survivor" free="0" total="393216" percent="0" />
    </mem>
    <mem type="tenure" free="849832" total="8716288" percent="9" macro-fragmented="0">
      <mem type="soa" free="762792" total="8629248" percent="8" />
      <mem type="loa" free="87040" total="87040" percent="100" />
    </mem>
    <remembered-set count="88" />
  </mem-info>
</gc-end>
<cycle-end id="1734" type="scavenge" contextid="1728" timestamp="2019-08-09T18:06:29.712" />
  <attribute name="elasticGC enabled" value="1" />
  <attribute name= "numThreadsSpecified" value="16" />
  <attribute name="heapSize specified" value="12124160" />
  <attribute name="Current GC Util" value="2" />
  <attribute name= "Current Time Running" value="125579" />
  <attribute name ="GC Interval" value="2281" />
  <attribute name="Target GC Util Change" value ="80.000000" />
  <attribute name="Current GC Util Change" value="2.000000"/>
  <attribute name="Current Error" value="234.000000" />
  <attribute name="Output H" value="12331184"/>
  <attribute name="Output I" value="2280"/>
  <attribute name="Output T" value="16"/>
  <attribute name= "Current Time Running" value="125579" />
  <attribute name="GC Util currently" value="2" />
  <attribute name="CPU Util currently" value="7772543417" />
<allocation-satisfied id="1735" threadId="0000000001164F00" bytesRequested="2056" />
<af-end id="1736" timestamp="2019-08-09T18:06:29.712" threadId="0000000001165888" success="true" from="nursery"/>
<exclusive-end id="1737" timestamp="2019-08-09T18:06:29.712" durationms="3.225" />

<exclusive-start id="1738" timestamp="2019-08-09T18:06:29.814" intervalms="105.163">
  <response-info timems="0.106" idlems="0.106" threads="0" lastid="0000000001164F00" lastname="main" />
</exclusive-start>
<af-start id="1739" threadId="0000000001165888" totalBytesRequested="64520" timestamp="2019-08-09T18:06:29.814" intervalms="105.171" type="nursery" />
<cycle-start id="1740" type="scavenge" contextid="0" timestamp="2019-08-09T18:06:29.814" intervalms="105.156" />
<gc-start id="1741" type="scavenge" contextid="1740" timestamp="2019-08-09T18:06:29.814">
  <mem-info id="1742" free="848912" total="12255232" percent="6">
    <mem type="nursery" free="0" total="3538944" percent="0">
      <mem type="allocate" free="0" total="3145728" percent="0" />
      <mem type="survivor" free="0" total="393216" percent="0" />
    </mem>
    <mem type="tenure" free="848912" total="8716288" percent="9">
      <mem type="soa" free="761872" total="8629248" percent="8" />
      <mem type="loa" free="87040" total="87040" percent="100" />
    </mem>
    <remembered-set count="121" />
  </mem-info>
</gc-start>
<allocation-stats totalBytes="2981264" >
  <allocated-bytes non-tlh="386136" tlh="2595128" />
  <largest-consumer threadName="main" threadId="0000000001164F00" bytes="2981264" />
</allocation-stats>
<gc-op id="1743" type="scavenge" timems="2.002" contextid="1740" timestamp="2019-08-09T18:06:29.816">
  <scavenger-info tenureage="2" tenuremask="4004" tiltratio="88" />
  <memory-copied type="nursery" objects="473" bytes="351136" bytesdiscarded="36408" />
  <memory-copied type="tenure" objects="1" bytes="314600" bytesdiscarded="0" />
  <copy-failed type="nursery" objects="1" bytes="314600" />
  <references type="soft" candidates="1" cleared="0" enqueued="0" dynamicThreshold="6" maxThreshold="32" />
  <references type="weak" candidates="6" cleared="5" enqueued="5" />
  <references type="phantom" candidates="30" cleared="1" enqueued="1" />
</gc-op>
<gc-end id="1744" type="scavenge" contextid="1740" durationms="2.259" usertimems="1.863" systemtimems="2.132" timestamp="2019-08-09T18:06:29.816" activeThreads="16">
  <mem-info id="1745" free="2047312" total="12255232" percent="16">
    <mem type="nursery" free="1513000" total="3538944" percent="42">
      <mem type="allocate" free="1513000" total="1900544" percent="79" />
      <mem type="survivor" free="0" total="1638400" percent="0" />
    </mem>
    <mem type="tenure" free="534312" total="8716288" percent="6" macro-fragmented="0">
      <mem type="soa" free="447272" total="8629248" percent="5" />
      <mem type="loa" free="87040" total="87040" percent="100" />
    </mem>
    <pending-finalizers system="0" default="0" reference="6" classloader="0" />
    <remembered-set count="120" />
  </mem-info>
</gc-end>
<cycle-end id="1746" type="scavenge" contextid="1740" timestamp="2019-08-09T18:06:29.817" />
  <attribute name="elasticGC enabled" value="1" />
  <attribute name= "numThreadsSpecified" value="16" />
  <attribute name="heapSize specified" value="12124160" />
  <attribute name="Current GC Util" value="2" />
  <attribute name= "Current Time Running" value="125684" />
  <attribute name ="GC Interval" value="2369" />
  <attribute name="Target GC Util Change" value ="80.000000" />
  <attribute name="Current GC Util Change" value="2.000000"/>
  <attribute name="Current Error" value="312.000000" />
  <attribute name="Output H" value="12331272"/>
  <attribute name="Output I" value="2368"/>
  <attribute name="Output T" value="16"/>
  <attribute name= "Current Time Running" value="125684" />
  <attribute name="GC Util currently" value="2" />
  <attribute name="CPU Util currently" value="10966167920" />
<allocation-satisfied id="1747" threadId="0000000001164F00" bytesRequested="64520" />
<af-end id="1748" timestamp="2019-08-09T18:06:29.817" threadId="0000000001165888" success="true" from="nursery"/>
<exclusive-end id="1749" timestamp="2019-08-09T18:06:29.817" durationms="2.504" />

<exclusive-start id="1750" timestamp="2019-08-09T18:06:29.844" intervalms="29.603">
  <response-info timems="0.019" idlems="0.019" threads="0" lastid="0000000001164F00" lastname="main" />
</exclusive-start>
<af-start id="1751" threadId="0000000001165888" totalBytesRequested="13896" timestamp="2019-08-09T18:06:29.844" intervalms="29.580" type="nursery" />
<cycle-start id="1752" type="scavenge" contextid="0" timestamp="2019-08-09T18:06:29.844" intervalms="29.641" />
<gc-start id="1753" type="scavenge" contextid="1752" timestamp="2019-08-09T18:06:29.844">
  <mem-info id="1754" free="522712" total="12255232" percent="4">
    <mem type="nursery" free="0" total="3538944" percent="0">
      <mem type="allocate" free="0" total="1900544" percent="0" />
      <mem type="survivor" free="0" total="1638400" percent="0" />
    </mem>
    <mem type="tenure" free="522712" total="8716288" percent="5">
      <mem type="soa" free="435672" total="8629248" percent="5" />
      <mem type="loa" free="87040" total="87040" percent="100" />
    </mem>
    <remembered-set count="225" />
  </mem-info>
</gc-start>
<allocation-stats totalBytes="1452376" >
  <allocated-bytes non-tlh="143688" tlh="1308688" />
  <largest-consumer threadName="main" threadId="0000000001164F00" bytes="1448280" />
</allocation-stats>
<gc-op id="1755" type="scavenge" timems="2.299" contextid="1752" timestamp="2019-08-09T18:06:29.846">
  <scavenger-info tenureage="3" tenuremask="fff8" tiltratio="53" />
  <memory-copied type="nursery" objects="673" bytes="365256" bytesdiscarded="17528" />
  <references type="soft" candidates="3" cleared="0" enqueued="0" dynamicThreshold="6" maxThreshold="32" />
  <references type="weak" candidates="24" cleared="23" enqueued="23" />
  <references type="phantom" candidates="29" cleared="0" enqueued="0" />
</gc-op>
<gc-end id="1756" type="scavenge" contextid="1752" durationms="2.556" usertimems="0.260" systemtimems="3.334" timestamp="2019-08-09T18:06:29.846" activeThreads="16">
  <mem-info id="1757" free="2237056" total="12255232" percent="18">
    <mem type="nursery" free="1714344" total="3538944" percent="48">
      <mem type="allocate" free="1714344" total="2097152" percent="81" />
      <mem type="survivor" free="0" total="1441792" percent="0" />
    </mem>
    <mem type="tenure" free="522712" total="8716288" percent="5" macro-fragmented="418667">
      <mem type="soa" free="435672" total="8629248" percent="5" />
      <mem type="loa" free="87040" total="87040" percent="100" />
    </mem>
    <pending-finalizers system="0" default="0" reference="23" classloader="0" />
    <remembered-set count="222" />
  </mem-info>
</gc-end>
<cycle-end id="1758" type="scavenge" contextid="1752" timestamp="2019-08-09T18:06:29.847" />
  <attribute name="elasticGC enabled" value="1" />
  <attribute name= "numThreadsSpecified" value="16" />
  <attribute name="heapSize specified" value="12124160" />
  <attribute name="Current GC Util" value="13" />
  <attribute name= "Current Time Running" value="125714" />
  <attribute name ="GC Interval" value="2449" />
  <attribute name="Target GC Util Change" value ="80.000000" />
  <attribute name="Current GC Util Change" value="13.000000"/>
  <attribute name="Current Error" value="379.000000" />
  <attribute name="Output H" value="12331352"/>
  <attribute name="Output I" value="2448"/>
  <attribute name="Output T" value="16"/>
  <attribute name= "Current Time Running" value="125714" />
  <attribute name="GC Util currently" value="13" />
  <attribute name="CPU Util currently" value="38812528244" />
<allocation-satisfied id="1759" threadId="0000000001164F00" bytesRequested="13896" />
<af-end id="1760" timestamp="2019-08-09T18:06:29.847" threadId="0000000001165888" success="true" from="nursery"/>
<exclusive-end id="1761" timestamp="2019-08-09T18:06:29.847" durationms="2.874" />

WARNING: An illegal reflective access operation has occurred
WARNING: Illegal reflective access by com.google.common.base.internal.Finalizer (file:/./scratch/jar/guava-r07.jar) to field java.lang.Thread.inheritableThreadLocals
WARNING: Please consider reporting this to the maintainers of com.google.common.base.internal.Finalizer
WARNING: Use --illegal-access=warn to enable warnings of further illegal reflective access operations
WARNING: All illegal access operations will be denied in a future release
<exclusive-start id="1762" timestamp="2019-08-09T18:06:29.908" intervalms="64.438">
  <response-info timems="0.018" idlems="0.018" threads="0" lastid="0000000001164F00" lastname="main" />
</exclusive-start>
<af-start id="1763" threadId="0000000001165888" totalBytesRequested="15368" timestamp="2019-08-09T18:06:29.908" intervalms="64.498" type="nursery" />
<cycle-start id="1764" type="scavenge" contextid="0" timestamp="2019-08-09T18:06:29.908" intervalms="64.434" />
<gc-start id="1765" type="scavenge" contextid="1764" timestamp="2019-08-09T18:06:29.908">
  <mem-info id="1766" free="484672" total="12255232" percent="3">
    <mem type="nursery" free="0" total="3538944" percent="0">
      <mem type="allocate" free="0" total="2097152" percent="0" />
      <mem type="survivor" free="0" total="1441792" percent="0" />
    </mem>
    <mem type="tenure" free="484672" total="8716288" percent="5">
      <mem type="soa" free="397632" total="8629248" percent="4" />
      <mem type="loa" free="87040" total="87040" percent="100" />
    </mem>
    <remembered-set count="738" />
  </mem-info>
</gc-start>
<allocation-stats totalBytes="1743864" >
  <allocated-bytes non-tlh="51936" tlh="1691928" />
  <largest-consumer threadName="main" threadId="0000000001164F00" bytes="1743864" />
</allocation-stats>
<gc-op id="1767" type="scavenge" timems="13.776" contextid="1764" timestamp="2019-08-09T18:06:29.922">
  <scavenger-info tenureage="3" tenuremask="fff8" tiltratio="59" />
  <memory-copied type="nursery" objects="3286" bytes="476856" bytesdiscarded="79392" />
  <finalization candidates="39" enqueued="1" />
  <ownableSynchronizers candidates="17" cleared="0" />
  <references type="soft" candidates="9" cleared="0" enqueued="0" dynamicThreshold="6" maxThreshold="32" />
  <references type="weak" candidates="736" cleared="361" enqueued="259" />
  <references type="phantom" candidates="36" cleared="2" enqueued="2" />
</gc-op>
<heap-resize id="1768" type="expand" space="nursery" amount="393216" count="1" timems="0.016" reason="excessive time being spent scavenging" timestamp="2019-08-09T18:06:29.922" />
<gc-end id="1769" type="scavenge" contextid="1764" durationms="14.398" usertimems="10.086" systemtimems="4.540" timestamp="2019-08-09T18:06:29.923" activeThreads="16">
  <mem-info id="1770" free="2353064" total="12648448" percent="18">
    <mem type="nursery" free="1868392" total="3932160" percent="47">
      <mem type="allocate" free="1868392" total="2424832" percent="77" />
      <mem type="survivor" free="0" total="1507328" percent="0" />
    </mem>
    <mem type="tenure" free="484672" total="8716288" percent="5" macro-fragmented="0">
      <mem type="soa" free="397632" total="8629248" percent="4" />
      <mem type="loa" free="87040" total="87040" percent="100" />
    </mem>
    <pending-finalizers system="1" default="0" reference="261" classloader="0" />
    <remembered-set count="711" />
  </mem-info>
</gc-end>
<cycle-end id="1771" type="scavenge" contextid="1764" timestamp="2019-08-09T18:06:29.924" />
  <attribute name="elasticGC enabled" value="1" />
  <attribute name= "numThreadsSpecified" value="16" />
  <attribute name="heapSize specified" value="12124160" />
  <attribute name="Current GC Util" value="5" />
  <attribute name= "Current Time Running" value="125778" />
  <attribute name ="GC Interval" value="2537" />
  <attribute name="Target GC Util Change" value ="80.000000" />
  <attribute name="Current GC Util Change" value="5.000000"/>
  <attribute name="Current Error" value="454.000000" />
  <attribute name="Output H" value="12331440"/>
  <attribute name="Output I" value="2536"/>
  <attribute name="Output T" value="16"/>
  <attribute name= "Current Time Running" value="125778" />
  <attribute name="GC Util currently" value="5" />
  <attribute name="CPU Util currently" value="17893090473" />
<allocation-satisfied id="1772" threadId="0000000001164F00" bytesRequested="15368" />
<af-end id="1773" timestamp="2019-08-09T18:06:29.924" threadId="0000000001165888" success="true" from="nursery"/>
<exclusive-end id="1774" timestamp="2019-08-09T18:06:29.924" durationms="15.927" />

<exclusive-start id="1775" timestamp="2019-08-09T18:06:30.000" intervalms="91.734">
  <response-info timems="0.076" idlems="0.076" threads="0" lastid="0000000001164F00" lastname="main" />
</exclusive-start>
<af-start id="1776" threadId="0000000001165888" totalBytesRequested="16" timestamp="2019-08-09T18:06:30.000" intervalms="91.730" type="nursery" />
<cycle-start id="1777" type="scavenge" contextid="0" timestamp="2019-08-09T18:06:30.000" intervalms="91.728" />
<gc-start id="1778" type="scavenge" contextid="1777" timestamp="2019-08-09T18:06:30.000">
  <mem-info id="1779" free="419624" total="12648448" percent="3">
    <mem type="nursery" free="0" total="3932160" percent="0">
      <mem type="allocate" free="0" total="2424832" percent="0" />
      <mem type="survivor" free="0" total="1507328" percent="0" />
    </mem>
    <mem type="tenure" free="419624" total="8716288" percent="4">
      <mem type="soa" free="332584" total="8629248" percent="3" />
      <mem type="loa" free="87040" total="87040" percent="100" />
    </mem>
    <remembered-set count="1319" />
  </mem-info>
</gc-start>
<allocation-stats totalBytes="1929600" >
  <allocated-bytes non-tlh="167552" tlh="1762048" />
  <largest-consumer threadName="main" threadId="0000000001164F00" bytes="1917768" />
</allocation-stats>
<gc-op id="1780" type="scavenge" timems="4.535" contextid="1777" timestamp="2019-08-09T18:06:30.005">
  <scavenger-info tenureage="3" tenuremask="fff8" tiltratio="61" />
  <memory-copied type="nursery" objects="5903" bytes="206208" bytesdiscarded="161408" />
  <memory-copied type="tenure" objects="429" bytes="308600" bytesdiscarded="720" />
  <finalization candidates="38" enqueued="0" />
  <ownableSynchronizers candidates="17" cleared="0" />
  <references type="soft" candidates="8" cleared="0" enqueued="0" dynamicThreshold="6" maxThreshold="32" />
  <references type="weak" candidates="706" cleared="26" enqueued="23" />
  <references type="phantom" candidates="5" cleared="0" enqueued="0" />
</gc-op>
<gc-end id="1781" type="scavenge" contextid="1777" durationms="5.131" usertimems="5.593" systemtimems="1.932" timestamp="2019-08-09T18:06:30.005" activeThreads="16">
  <mem-info id="1782" free="2471680" total="12648448" percent="19">
    <mem type="nursery" free="2384640" total="3932160" percent="60">
      <mem type="allocate" free="2384640" total="2752512" percent="86" />
      <mem type="survivor" free="0" total="1179648" percent="0" />
    </mem>
    <mem type="tenure" free="87040" total="8716288" percent="0" macro-fragmented="81140">
      <mem type="soa" free="0" total="8629248" percent="0" />
      <mem type="loa" free="87040" total="87040" percent="100" />
    </mem>
    <pending-finalizers system="0" default="0" reference="23" classloader="0" />
    <remembered-set count="1266" />
  </mem-info>
</gc-end>
<cycle-end id="1783" type="scavenge" contextid="1777" timestamp="2019-08-09T18:06:30.005" />
  <attribute name="elasticGC enabled" value="1" />
  <attribute name= "numThreadsSpecified" value="16" />
  <attribute name="heapSize specified" value="12124160" />
  <attribute name="Current GC Util" value="16" />
  <attribute name= "Current Time Running" value="125870" />
  <attribute name ="GC Interval" value="2089" />
  <attribute name="Target GC Util Change" value ="80.000000" />
  <attribute name="Current GC Util Change" value="16.000000"/>
  <attribute name="Current Error" value="64.000000" />
  <attribute name="Output H" value="12724208"/>
  <attribute name="Output I" value="2088"/>
  <attribute name="Output T" value="16"/>
  <attribute name= "Current Time Running" value="125870" />
  <attribute name="GC Util currently" value="16" />
  <attribute name="CPU Util currently" value="12575859332" />
<allocation-satisfied id="1784" threadId="0000000001164F00" bytesRequested="16" />
<af-end id="1785" timestamp="2019-08-09T18:06:30.005" threadId="0000000001165888" success="true" from="nursery"/>
<exclusive-end id="1786" timestamp="2019-08-09T18:06:30.005" durationms="5.569" />

<exclusive-start id="1787" timestamp="2019-08-09T18:06:30.006" intervalms="6.353">
  <response-info timems="0.011" idlems="0.011" threads="0" lastid="0000000001164F00" lastname="main" />
</exclusive-start>
<af-start id="1788" threadId="0000000001165888" totalBytesRequested="88" timestamp="2019-08-09T18:06:30.006" intervalms="6.287" type="tenure" />
<cycle-start id="1789" type="global" contextid="0" timestamp="2019-08-09T18:06:30.006" intervalms="28067.329" />
<gc-start id="1790" type="global" contextid="1789" timestamp="2019-08-09T18:06:30.006">
  <mem-info id="1791" free="2397936" total="12648448" percent="18">
    <mem type="nursery" free="2310896" total="3932160" percent="58">
      <mem type="allocate" free="2310896" total="2752512" percent="83" />
      <mem type="survivor" free="0" total="1179648" percent="0" />
    </mem>
    <mem type="tenure" free="87040" total="8716288" percent="0">
      <mem type="soa" free="0" total="8629248" percent="0" />
      <mem type="loa" free="87040" total="87040" percent="100" />
    </mem>
    <remembered-set count="1269" />
  </mem-info>
</gc-start>
<allocation-stats totalBytes="73744" >
  <allocated-bytes non-tlh="16" tlh="73728" />
  <largest-consumer threadName="main" threadId="0000000001164F00" bytes="65552" />
</allocation-stats>
<gc-op id="1792" type="mark" timems="11.306" contextid="1789" timestamp="2019-08-09T18:06:30.018">
  <trace-info objectcount="25536" scancount="20818" scanbytes="679520" />
  <finalization candidates="51" enqueued="0" />
  <ownableSynchronizers candidates="17" cleared="0" />
  <references type="soft" candidates="62" cleared="0" enqueued="0" dynamicThreshold="6" maxThreshold="32" />
  <references type="weak" candidates="810" cleared="40" enqueued="20" />
  <references type="phantom" candidates="68" cleared="1" enqueued="1" />
  <stringconstants candidates="4523" cleared="1408"  />
</gc-op>
<gc-op id="1793" type="classunload" timems="8.005" contextid="1789" timestamp="2019-08-09T18:06:30.026">
  <classunload-info classloadercandidates="8" classloadersunloaded="1" classesunloaded="508" anonymousclassesunloaded="0" quiescems="0.000" setupms="1.298" scanms="6.703" postms="0.004" />
</gc-op>
<gc-op id="1794" type="sweep" timems="5.906" contextid="1789" timestamp="2019-08-09T18:06:30.033" />
<mem-info id="1795" free="9452968" total="12648448" percent="74">
  <mem type="nursery" free="2539568" total="3932160" percent="64">
    <mem type="allocate" free="2539568" total="2752512" percent="92" />
    <mem type="survivor" free="0" total="1179648" percent="0" />
  </mem>
  <mem type="tenure" free="6913400" total="8716288" percent="79" micro-fragmented="26238" macro-fragmented="0">
    <mem type="soa" free="6826360" total="8629248" percent="79" />
    <mem type="loa" free="87040" total="87040" percent="100" />
  </mem>
  <pending-finalizers system="0" default="0" reference="21" classloader="0" />
  <remembered-set count="1241" />
</mem-info>
<gc-op id="1796" type="compact" timems="13.264" contextid="1789" timestamp="2019-08-09T18:06:30.047">
  <compact-info movecount="19700" movebytes="1750528" reason="compact to aid heap contraction" />
</gc-op>
<heap-resize id="1797" type="expand" space="tenure" amount="131072" count="1" timems="0.021" reason="satisfy allocation request" timestamp="2019-08-09T18:06:30.048" />
<gc-end id="1798" type="global" contextid="1789" durationms="41.655" usertimems="15.970" systemtimems="33.893" timestamp="2019-08-09T18:06:30.048" activeThreads="16">
  <mem-info id="1799" free="9604208" total="12779520" percent="75">
    <mem type="nursery" free="2545088" total="3932160" percent="64">
      <mem type="allocate" free="2545088" total="2752512" percent="92" />
      <mem type="survivor" free="0" total="1179648" percent="0" />
    </mem>
    <mem type="tenure" free="7059120" total="8847360" percent="79">
      <mem type="soa" free="6971056" total="8759296" percent="79" />
      <mem type="loa" free="88064" total="88064" percent="100" />
    </mem>
    <pending-finalizers system="0" default="0" reference="21" classloader="0" />
    <remembered-set count="1241" />
  </mem-info>
</gc-end>
<cycle-end id="1800" type="global" contextid="1789" timestamp="2019-08-09T18:06:30.048" />
  <attribute name="elasticGC enabled" value="1" />
  <attribute name= "numThreadsSpecified" value="16" />
  <attribute name="heapSize specified" value="12648448" />
  <attribute name="Current GC Util" value="63" />
  <attribute name= "Current Time Running" value="125916" />
  <attribute name ="GC Interval" value="2089" />
  <attribute name="Target GC Util Change" value ="80.000000" />
  <attribute name="Current GC Util Change" value="63.000000"/>
  <attribute name="Current Error" value="34.000000" />
  <attribute name="Output H" value="12724168"/>
  <attribute name="Output I" value="2048"/>
  <attribute name="Output T" value="16"/>
  <attribute name= "Current Time Running" value="125916" />
  <attribute name="GC Util currently" value="63" />
  <attribute name="CPU Util currently" value="86700911231" />
<allocation-satisfied id="1801" threadId="0000000001164F00" bytesRequested="88" />
<af-end id="1802" timestamp="2019-08-09T18:06:30.048" threadId="0000000001165888" success="true" from="tenure-soa"/>
<exclusive-end id="1803" timestamp="2019-08-09T18:06:30.048" durationms="42.258" />

<exclusive-start id="1804" timestamp="2019-08-09T18:06:30.160" intervalms="153.861">
  <response-info timems="0.099" idlems="0.099" threads="0" lastid="0000000001164F00" lastname="main" />
</exclusive-start>
<af-start id="1805" threadId="0000000001165888" totalBytesRequested="88" timestamp="2019-08-09T18:06:30.160" intervalms="153.911" type="nursery" />
<cycle-start id="1806" type="scavenge" contextid="0" timestamp="2019-08-09T18:06:30.160" intervalms="160.203" />
<gc-start id="1807" type="scavenge" contextid="1806" timestamp="2019-08-09T18:06:30.160">
  <mem-info id="1808" free="6933512" total="12779520" percent="54">
    <mem type="nursery" free="0" total="3932160" percent="0">
      <mem type="allocate" free="0" total="2752512" percent="0" />
      <mem type="survivor" free="0" total="1179648" percent="0" />
    </mem>
    <mem type="tenure" free="6933512" total="8847360" percent="78">
      <mem type="soa" free="6845448" total="8759296" percent="78" />
      <mem type="loa" free="88064" total="88064" percent="100" />
    </mem>
    <remembered-set count="3009" />
  </mem-info>
</gc-start>
<allocation-stats totalBytes="2667648" >
  <allocated-bytes non-tlh="125696" tlh="2541952" />
  <largest-consumer threadName="main" threadId="0000000001164F00" bytes="2663552" />
</allocation-stats>
<gc-op id="1809" type="scavenge" timems="10.037" contextid="1806" timestamp="2019-08-09T18:06:30.170">
  <scavenger-info tenureage="5" tenuremask="ffe0" tiltratio="70" />
  <memory-copied type="nursery" objects="13043" bytes="452008" bytesdiscarded="85056" />
  <finalization candidates="49" enqueued="0" />
  <ownableSynchronizers candidates="17" cleared="0" />
  <references type="soft" candidates="290" cleared="0" enqueued="0" dynamicThreshold="25" maxThreshold="32" />
  <references type="weak" candidates="1039" cleared="85" enqueued="69" />
  <references type="phantom" candidates="12" cleared="3" enqueued="3" />
</gc-op>
<gc-end id="1810" type="scavenge" contextid="1806" durationms="10.251" usertimems="15.358" systemtimems="0.208" timestamp="2019-08-09T18:06:30.171" activeThreads="16">
  <mem-info id="1811" free="9214072" total="12779520" percent="72">
    <mem type="nursery" free="2280560" total="3932160" percent="57">
      <mem type="allocate" free="2280560" total="2818048" percent="80" />
      <mem type="survivor" free="0" total="1114112" percent="0" />
    </mem>
    <mem type="tenure" free="6933512" total="8847360" percent="78" macro-fragmented="6450429">
      <mem type="soa" free="6845448" total="8759296" percent="78" />
      <mem type="loa" free="88064" total="88064" percent="100" />
    </mem>
    <pending-finalizers system="0" default="0" reference="72" classloader="0" />
    <remembered-set count="2753" />
  </mem-info>
</gc-end>
<cycle-end id="1812" type="scavenge" contextid="1806" timestamp="2019-08-09T18:06:30.171" />
  <attribute name="elasticGC enabled" value="1" />
  <attribute name= "numThreadsSpecified" value="16" />
  <attribute name="heapSize specified" value="12648448" />
  <attribute name="Current GC Util" value="17" />
  <attribute name= "Current Time Running" value="126030" />
  <attribute name ="GC Interval" value="2121" />
  <attribute name="Target GC Util Change" value ="80.000000" />
  <attribute name="Current GC Util Change" value="17.000000"/>
  <attribute name="Current Error" value="97.000000" />
  <attribute name="Output H" value="12855312"/>
  <attribute name="Output I" value="2120"/>
  <attribute name="Output T" value="16"/>
  <attribute name= "Current Time Running" value="126030" />
  <attribute name="GC Util currently" value="17" />
  <attribute name="CPU Util currently" value="10163460509" />
<allocation-satisfied id="1813" threadId="0000000001164F00" bytesRequested="88" />
<af-end id="1814" timestamp="2019-08-09T18:06:30.171" threadId="0000000001165888" success="true" from="nursery"/>
<exclusive-end id="1815" timestamp="2019-08-09T18:06:30.171" durationms="10.812" />

<exclusive-start id="1816" timestamp="2019-08-09T18:06:31.116" intervalms="956.125">
  <response-info timems="0.090" idlems="0.090" threads="0" lastid="0000000001164F00" lastname="main" />
</exclusive-start>
<af-start id="1817" threadId="0000000001165888" totalBytesRequested="1096" timestamp="2019-08-09T18:06:31.116" intervalms="956.117" type="nursery" />
<cycle-start id="1818" type="scavenge" contextid="0" timestamp="2019-08-09T18:06:31.116" intervalms="956.118" />
<gc-start id="1819" type="scavenge" contextid="1818" timestamp="2019-08-09T18:06:31.116">
  <mem-info id="1820" free="6895624" total="12779520" percent="53">
    <mem type="nursery" free="0" total="3932160" percent="0">
      <mem type="allocate" free="0" total="2818048" percent="0" />
      <mem type="survivor" free="0" total="1114112" percent="0" />
    </mem>
    <mem type="tenure" free="6895624" total="8847360" percent="77">
      <mem type="soa" free="6807560" total="8759296" percent="77" />
      <mem type="loa" free="88064" total="88064" percent="100" />
    </mem>
    <remembered-set count="3224" />
  </mem-info>
</gc-start>
<allocation-stats totalBytes="2307384" >
  <allocated-bytes non-tlh="37976" tlh="2269408" />
  <largest-consumer threadName="main" threadId="0000000001164F00" bytes="2295552" />
</allocation-stats>
<gc-op id="1821" type="scavenge" timems="8.953" contextid="1818" timestamp="2019-08-09T18:06:31.125">
  <scavenger-info tenureage="5" tenuremask="ffe0" tiltratio="71" />
  <memory-copied type="nursery" objects="15819" bytes="549552" bytesdiscarded="153480" />
  <finalization candidates="49" enqueued="0" />
  <ownableSynchronizers candidates="17" cleared="0" />
  <references type="soft" candidates="520" cleared="0" enqueued="0" dynamicThreshold="25" maxThreshold="32" />
  <references type="weak" candidates="1142" cleared="17" enqueued="17" />
  <references type="phantom" candidates="12" cleared="2" enqueued="2" />
</gc-op>
<gc-end id="1822" type="scavenge" contextid="1818" durationms="9.184" usertimems="16.798" systemtimems="0.000" timestamp="2019-08-09T18:06:31.126" activeThreads="16">
  <mem-info id="1823" free="9272192" total="12779520" percent="72">
    <mem type="nursery" free="2376568" total="3932160" percent="60">
      <mem type="allocate" free="2376568" total="3080192" percent="77" />
      <mem type="survivor" free="0" total="851968" percent="0" />
    </mem>
    <mem type="tenure" free="6895624" total="8847360" percent="77" macro-fragmented="0">
      <mem type="soa" free="6807560" total="8759296" percent="77" />
      <mem type="loa" free="88064" total="88064" percent="100" />
    </mem>
    <pending-finalizers system="0" default="0" reference="19" classloader="0" />
    <remembered-set count="2646" />
  </mem-info>
</gc-end>
<cycle-end id="1824" type="scavenge" contextid="1818" timestamp="2019-08-09T18:06:31.126" />
  <attribute name="elasticGC enabled" value="1" />
  <attribute name= "numThreadsSpecified" value="16" />
  <attribute name="heapSize specified" value="12648448" />
  <attribute name="Current GC Util" value="1" />
  <attribute name= "Current Time Running" value="126986" />
  <attribute name ="GC Interval" value="2105" />
  <attribute name="Target GC Util Change" value ="80.000000" />
  <attribute name="Current GC Util Change" value="1.000000"/>
  <attribute name="Current Error" value="79.000000" />
  <attribute name="Output H" value="12855296"/>
  <attribute name="Output I" value="2104"/>
  <attribute name="Output T" value="16"/>
  <attribute name= "Current Time Running" value="126986" />
  <attribute name="GC Util currently" value="1" />
  <attribute name="CPU Util currently" value="4" />
<allocation-satisfied id="1825" threadId="0000000001164F00" bytesRequested="1096" />
<af-end id="1826" timestamp="2019-08-09T18:06:31.126" threadId="0000000001165888" success="true" from="nursery"/>
<exclusive-end id="1827" timestamp="2019-08-09T18:06:31.126" durationms="9.382" />

<exclusive-start id="1828" timestamp="2019-08-09T18:06:31.194" intervalms="78.201">
  <response-info timems="0.018" idlems="0.018" threads="0" lastid="0000000001164F00" lastname="main" />
</exclusive-start>
<af-start id="1829" threadId="0000000001165888" totalBytesRequested="1080" timestamp="2019-08-09T18:06:31.194" intervalms="78.172" type="nursery" />
<cycle-start id="1830" type="scavenge" contextid="0" timestamp="2019-08-09T18:06:31.194" intervalms="78.166" />
<gc-start id="1831" type="scavenge" contextid="1830" timestamp="2019-08-09T18:06:31.194">
  <mem-info id="1832" free="6846376" total="12779520" percent="53">
    <mem type="nursery" free="0" total="3932160" percent="0">
      <mem type="allocate" free="0" total="3080192" percent="0" />
      <mem type="survivor" free="0" total="851968" percent="0" />
    </mem>
    <mem type="tenure" free="6846376" total="8847360" percent="77">
      <mem type="soa" free="6758312" total="8759296" percent="77" />
      <mem type="loa" free="88064" total="88064" percent="100" />
    </mem>
    <remembered-set count="3130" />
  </mem-info>
</gc-start>
<allocation-stats totalBytes="2421824" >
  <allocated-bytes non-tlh="50344" tlh="2371480" />
  <largest-consumer threadName="main" threadId="0000000001164F00" bytes="2421824" />
</allocation-stats>
<gc-op id="1833" type="scavenge" timems="5.777" contextid="1830" timestamp="2019-08-09T18:06:31.200">
  <scavenger-info tenureage="3" tenuremask="ffd8" tiltratio="78" />
  <memory-copied type="nursery" objects="11911" bytes="436960" bytesdiscarded="74576" />
  <memory-copied type="tenure" objects="5509" bytes="188976" bytesdiscarded="72" />
  <finalization candidates="52" enqueued="0" />
  <ownableSynchronizers candidates="17" cleared="0" />
  <references type="soft" candidates="559" cleared="0" enqueued="0" dynamicThreshold="25" maxThreshold="32" />
  <references type="weak" candidates="730" cleared="24" enqueued="24" />
  <references type="phantom" candidates="7" cleared="1" enqueued="1" />
</gc-op>
<heap-resize id="1834" type="expand" space="nursery" amount="262144" count="1" timems="0.017" reason="excessive time being spent scavenging" timestamp="2019-08-09T18:06:31.201" />
<gc-end id="1835" type="scavenge" contextid="1830" durationms="6.401" usertimems="13.406" systemtimems="0.000" timestamp="2019-08-09T18:06:31.201" activeThreads="16">
  <mem-info id="1836" free="9330080" total="13041664" percent="71">
    <mem type="nursery" free="2764792" total="4194304" percent="65">
      <mem type="allocate" free="2764792" total="3276800" percent="84" />
      <mem type="survivor" free="0" total="917504" percent="0" />
    </mem>
    <mem type="tenure" free="6565288" total="8847360" percent="74" macro-fragmented="6450429">
      <mem type="soa" free="6477224" total="8759296" percent="73" />
      <mem type="loa" free="88064" total="88064" percent="100" />
    </mem>
    <pending-finalizers system="0" default="0" reference="25" classloader="0" />
    <remembered-set count="1367" />
  </mem-info>
</gc-end>
<cycle-end id="1837" type="scavenge" contextid="1830" timestamp="2019-08-09T18:06:31.201" />
  <attribute name="elasticGC enabled" value="1" />
  <attribute name= "numThreadsSpecified" value="16" />
  <attribute name="heapSize specified" value="12648448" />
  <attribute name="Current GC Util" value="20" />
  <attribute name= "Current Time Running" value="127064" />
  <attribute name ="GC Interval" value="2169" />
  <attribute name="Target GC Util Change" value ="80.000000" />
  <attribute name="Current GC Util Change" value="20.000000"/>
  <attribute name="Current Error" value="139.000000" />
  <attribute name="Output H" value="12855360"/>
  <attribute name="Output I" value="2168"/>
  <attribute name="Output T" value="16"/>
  <attribute name= "Current Time Running" value="127064" />
  <attribute name="GC Util currently" value="20" />
  <attribute name="CPU Util currently" value="14754792432" />
<allocation-satisfied id="1838" threadId="0000000001164F00" bytesRequested="1080" />
<af-end id="1839" timestamp="2019-08-09T18:06:31.201" threadId="0000000001165888" success="true" from="nursery"/>
<exclusive-end id="1840" timestamp="2019-08-09T18:06:31.201" durationms="6.610" />

<exclusive-start id="1841" timestamp="2019-08-09T18:06:31.291" intervalms="96.845">
  <response-info timems="0.103" idlems="0.103" threads="0" lastid="0000000001164F00" lastname="main" />
</exclusive-start>
<af-start id="1842" threadId="0000000001165888" totalBytesRequested="22744" timestamp="2019-08-09T18:06:31.291" intervalms="96.856" type="nursery" />
<cycle-start id="1843" type="scavenge" contextid="0" timestamp="2019-08-09T18:06:31.291" intervalms="96.888" />
<gc-start id="1844" type="scavenge" contextid="1843" timestamp="2019-08-09T18:06:31.291">
  <mem-info id="1845" free="6478440" total="13041664" percent="49">
    <mem type="nursery" free="0" total="4194304" percent="0">
      <mem type="allocate" free="0" total="3276800" percent="0" />
      <mem type="survivor" free="0" total="917504" percent="0" />
    </mem>
    <mem type="tenure" free="6478440" total="8847360" percent="73">
      <mem type="soa" free="6390376" total="8759296" percent="72" />
      <mem type="loa" free="88064" total="88064" percent="100" />
    </mem>
    <remembered-set count="2150" />
  </mem-info>
</gc-start>
<allocation-stats totalBytes="2825464" >
  <allocated-bytes non-tlh="87928" tlh="2737536" />
  <largest-consumer threadName="main" threadId="0000000001164F00" bytes="2821368" />
</allocation-stats>
<gc-op id="1846" type="scavenge" timems="7.248" contextid="1843" timestamp="2019-08-09T18:06:31.299">
  <scavenger-info tenureage="3" tenuremask="ff88" tiltratio="78" />
  <memory-copied type="nursery" objects="7079" bytes="288760" bytesdiscarded="104024" />
  <memory-copied type="tenure" objects="6856" bytes="219968" bytesdiscarded="160" />
  <finalization candidates="14" enqueued="0" />
  <ownableSynchronizers candidates="1" cleared="0" />
  <references type="soft" candidates="313" cleared="0" enqueued="0" dynamicThreshold="25" maxThreshold="32" />
  <references type="weak" candidates="974" cleared="2" enqueued="2" />
  <references type="phantom" candidates="1" cleared="0" enqueued="0" />
</gc-op>
<gc-end id="1847" type="scavenge" contextid="1843" durationms="7.472" usertimems="15.882" systemtimems="0.000" timestamp="2019-08-09T18:06:31.299" activeThreads="16">
  <mem-info id="1848" free="9276656" total="13041664" percent="71">
    <mem type="nursery" free="3014544" total="4194304" percent="71">
      <mem type="allocate" free="3014544" total="3407872" percent="88" />
      <mem type="survivor" free="0" total="786432" percent="0" />
    </mem>
    <mem type="tenure" free="6262112" total="8847360" percent="70" macro-fragmented="5375357">
      <mem type="soa" free="6174048" total="8759296" percent="70" />
      <mem type="loa" free="88064" total="88064" percent="100" />
    </mem>
    <pending-finalizers system="0" default="0" reference="2" classloader="0" />
    <remembered-set count="1514" />
  </mem-info>
</gc-end>
<cycle-end id="1849" type="scavenge" contextid="1843" timestamp="2019-08-09T18:06:31.299" />
  <attribute name="elasticGC enabled" value="1" />
  <attribute name= "numThreadsSpecified" value="16" />
  <attribute name="heapSize specified" value="12648448" />
  <attribute name="Current GC Util" value="13" />
  <attribute name= "Current Time Running" value="127161" />
  <attribute name ="GC Interval" value="2249" />
  <attribute name="Target GC Util Change" value ="80.000000" />
  <attribute name="Current GC Util Change" value="13.000000"/>
  <attribute name="Current Error" value="206.000000" />
  <attribute name="Output H" value="13117584"/>
  <attribute name="Output I" value="2248"/>
  <attribute name="Output T" value="16"/>
  <attribute name= "Current Time Running" value="127161" />
  <attribute name="GC Util currently" value="13" />
  <attribute name="CPU Util currently" value="11879055141" />
<allocation-satisfied id="1850" threadId="0000000001164F00" bytesRequested="22744" />
<af-end id="1851" timestamp="2019-08-09T18:06:31.299" threadId="0000000001165888" success="true" from="nursery"/>
<exclusive-end id="1852" timestamp="2019-08-09T18:06:31.299" durationms="7.759" />

<exclusive-start id="1853" timestamp="2019-08-09T18:06:31.414" intervalms="122.813">
  <response-info timems="0.164" idlems="0.164" threads="0" lastid="0000000001164F00" lastname="main" />
</exclusive-start>
<af-start id="1854" threadId="0000000001165888" totalBytesRequested="5664" timestamp="2019-08-09T18:06:31.414" intervalms="122.825" type="nursery" />
<cycle-start id="1855" type="scavenge" contextid="0" timestamp="2019-08-09T18:06:31.414" intervalms="122.990" />
<gc-start id="1856" type="scavenge" contextid="1855" timestamp="2019-08-09T18:06:31.414">
  <mem-info id="1857" free="6194776" total="13041664" percent="47">
    <mem type="nursery" free="0" total="4194304" percent="0">
      <mem type="allocate" free="0" total="3407872" percent="0" />
      <mem type="survivor" free="0" total="786432" percent="0" />
    </mem>
    <mem type="tenure" free="6194776" total="8847360" percent="70">
      <mem type="soa" free="6106712" total="8759296" percent="69" />
      <mem type="loa" free="88064" total="88064" percent="100" />
    </mem>
    <remembered-set count="2620" />
  </mem-info>
</gc-start>
<allocation-stats totalBytes="3009840" >
  <allocated-bytes non-tlh="352232" tlh="2657608" />
  <largest-consumer threadName="main" threadId="0000000001164F00" bytes="2943840" />
</allocation-stats>
<gc-op id="1858" type="scavenge" timems="14.672" contextid="1855" timestamp="2019-08-09T18:06:31.429">
  <scavenger-info tenureage="5" tenuremask="ffe0" tiltratio="81" />
  <memory-copied type="nursery" objects="10041" bytes="734968" bytesdiscarded="50312" />
  <memory-copied type="tenure" objects="5589" bytes="225632" bytesdiscarded="168" />
  <copy-failed type="nursery" objects="5538" bytes="221944" />
  <finalization candidates="18" enqueued="0" />
  <ownableSynchronizers candidates="4" cleared="0" />
  <references type="soft" candidates="322" cleared="0" enqueued="0" dynamicThreshold="25" maxThreshold="32" />
  <references type="weak" candidates="1513" cleared="425" enqueued="286" />
  <references type="phantom" candidates="8" cleared="2" enqueued="2" />
</gc-op>
<heap-resize id="1859" type="expand" space="nursery" amount="393216" count="1" timems="0.025" reason="excessive time being spent scavenging" timestamp="2019-08-09T18:06:31.430" />
<gc-end id="1860" type="scavenge" contextid="1855" durationms="15.566" usertimems="20.475" systemtimems="0.000" timestamp="2019-08-09T18:06:31.430" activeThreads="16">
  <mem-info id="1861" free="7562856" total="13434880" percent="56">
    <mem type="nursery" free="1638400" total="4587520" percent="35">
      <mem type="allocate" free="1638400" total="2424832" percent="67" />
      <mem type="survivor" free="0" total="2162688" percent="0" />
    </mem>
    <mem type="tenure" free="5924456" total="8847360" percent="66" macro-fragmented="5375357">
      <mem type="soa" free="5836392" total="8759296" percent="66" />
      <mem type="loa" free="88064" total="88064" percent="100" />
    </mem>
    <pending-finalizers system="0" default="0" reference="288" classloader="0" />
    <remembered-set count="3053" />
  </mem-info>
</gc-end>
<cycle-end id="1862" type="scavenge" contextid="1855" timestamp="2019-08-09T18:06:31.430" />
  <attribute name="elasticGC enabled" value="1" />
  <attribute name= "numThreadsSpecified" value="16" />
  <attribute name="heapSize specified" value="12648448" />
  <attribute name="Current GC Util" value="10" />
  <attribute name= "Current Time Running" value="127284" />
  <attribute name ="GC Interval" value="2329" />
  <attribute name="Target GC Util Change" value ="80.000000" />
  <attribute name="Current GC Util Change" value="10.000000"/>
  <attribute name="Current Error" value="276.000000" />
  <attribute name="Output H" value="13117664"/>
  <attribute name="Output I" value="2328"/>
  <attribute name="Output T" value="16"/>
  <attribute name= "Current Time Running" value="127284" />
  <attribute name="GC Util currently" value="10" />
  <attribute name="CPU Util currently" value="9376178010" />
<allocation-satisfied id="1863" threadId="0000000001164F00" bytesRequested="5664" />
<af-end id="1864" timestamp="2019-08-09T18:06:31.430" threadId="0000000001165888" success="true" from="nursery"/>
<exclusive-end id="1865" timestamp="2019-08-09T18:06:31.430" durationms="16.292" />

<exclusive-start id="1866" timestamp="2019-08-09T18:06:31.461" intervalms="46.681">
  <response-info timems="0.045" idlems="0.045" threads="0" lastid="0000000001164F00" lastname="main" />
</exclusive-start>
<af-start id="1867" threadId="0000000001165888" totalBytesRequested="130056" timestamp="2019-08-09T18:06:31.461" intervalms="46.657" type="nursery" />
<cycle-start id="1868" type="scavenge" contextid="0" timestamp="2019-08-09T18:06:31.461" intervalms="46.583" />
<gc-start id="1869" type="scavenge" contextid="1868" timestamp="2019-08-09T18:06:31.461">
  <mem-info id="1870" free="5980768" total="13434880" percent="44">
    <mem type="nursery" free="75416" total="4587520" percent="1">
      <mem type="allocate" free="75416" total="2424832" percent="3" />
      <mem type="survivor" free="0" total="2162688" percent="0" />
    </mem>
    <mem type="tenure" free="5905352" total="8847360" percent="66">
      <mem type="soa" free="5817288" total="8759296" percent="66" />
      <mem type="loa" free="88064" total="88064" percent="100" />
    </mem>
    <remembered-set count="3360" />
  </mem-info>
</gc-start>
<allocation-stats totalBytes="1569360" >
  <allocated-bytes non-tlh="559656" tlh="1009704" />
  <largest-consumer threadName="main" threadId="0000000001164F00" bytes="1557528" />
</allocation-stats>
<gc-op id="1871" type="scavenge" timems="5.450" contextid="1868" timestamp="2019-08-09T18:06:31.467">
  <scavenger-info tenureage="3" tenuremask="fef8" tiltratio="52" />
  <memory-copied type="nursery" objects="7513" bytes="1204240" bytesdiscarded="111960" />
  <memory-copied type="tenure" objects="2126" bytes="83112" bytesdiscarded="552" />
  <finalization candidates="18" enqueued="0" />
  <ownableSynchronizers candidates="4" cleared="0" />
  <references type="soft" candidates="201" cleared="0" enqueued="0" dynamicThreshold="25" maxThreshold="32" />
  <references type="weak" candidates="1007" cleared="13" enqueued="10" />
  <references type="phantom" candidates="8" cleared="1" enqueued="1" />
</gc-op>
<heap-resize id="1872" type="expand" space="nursery" amount="393216" count="1" timems="0.023" reason="excessive time being spent scavenging" timestamp="2019-08-09T18:06:31.468" />
<gc-end id="1873" type="scavenge" contextid="1868" durationms="6.670" usertimems="11.014" systemtimems="0.000" timestamp="2019-08-09T18:06:31.468" activeThreads="16">
  <mem-info id="1874" free="7488216" total="13828096" percent="54">
    <mem type="nursery" free="1632128" total="4980736" percent="32">
      <mem type="allocate" free="1632128" total="2949120" percent="55" />
      <mem type="survivor" free="0" total="2031616" percent="0" />
    </mem>
    <mem type="tenure" free="5856088" total="8847360" percent="66" macro-fragmented="5375357">
      <mem type="soa" free="5768024" total="8759296" percent="65" />
      <mem type="loa" free="88064" total="88064" percent="100" />
    </mem>
    <pending-finalizers system="0" default="0" reference="11" classloader="0" />
    <remembered-set count="2308" />
  </mem-info>
</gc-end>
<cycle-end id="1875" type="scavenge" contextid="1868" timestamp="2019-08-09T18:06:31.468" />
  <attribute name="elasticGC enabled" value="1" />
  <attribute name= "numThreadsSpecified" value="16" />
  <attribute name="heapSize specified" value="12648448" />
  <attribute name="Current GC Util" value="42" />
  <attribute name= "Current Time Running" value="127331" />
  <attribute name ="GC Interval" value="2377" />
  <attribute name="Target GC Util Change" value ="80.000000" />
  <attribute name="Current GC Util Change" value="42.000000"/>
  <attribute name="Current Error" value="314.000000" />
  <attribute name="Output H" value="13510928"/>
  <attribute name="Output I" value="2376"/>
  <attribute name="Output T" value="16"/>
  <attribute name= "Current Time Running" value="127331" />
  <attribute name="GC Util currently" value="42" />
  <attribute name="CPU Util currently" value="24647862040" />
<allocation-satisfied id="1876" threadId="0000000001164F00" bytesRequested="130056" />
<af-end id="1877" timestamp="2019-08-09T18:06:31.468" threadId="0000000001165888" success="true" from="nursery"/>
<exclusive-end id="1878" timestamp="2019-08-09T18:06:31.468" durationms="6.991" />

<exclusive-start id="1879" timestamp="2019-08-09T18:06:31.508" intervalms="47.553">
  <response-info timems="0.018" idlems="0.018" threads="0" lastid="0000000001164F00" lastname="main" />
</exclusive-start>
<af-start id="1880" threadId="0000000001165888" totalBytesRequested="27360" timestamp="2019-08-09T18:06:31.508" intervalms="47.563" type="nursery" />
<cycle-start id="1881" type="scavenge" contextid="0" timestamp="2019-08-09T18:06:31.509" intervalms="47.603" />
<gc-start id="1882" type="scavenge" contextid="1881" timestamp="2019-08-09T18:06:31.509">
  <mem-info id="1883" free="5841200" total="13828096" percent="42">
    <mem type="nursery" free="0" total="4980736" percent="0">
      <mem type="allocate" free="0" total="2949120" percent="0" />
      <mem type="survivor" free="0" total="2031616" percent="0" />
    </mem>
    <mem type="tenure" free="5841200" total="8847360" percent="66">
      <mem type="soa" free="5753136" total="8759296" percent="65" />
      <mem type="loa" free="88064" total="88064" percent="100" />
    </mem>
    <remembered-set count="2574" />
  </mem-info>
</gc-start>
<allocation-stats totalBytes="1601296" >
  <allocated-bytes non-tlh="668240" tlh="933056" />
  <largest-consumer threadName="main" threadId="0000000001164F00" bytes="1593104" />
</allocation-stats>
<gc-op id="1884" type="scavenge" timems="8.679" contextid="1881" timestamp="2019-08-09T18:06:31.517">
  <scavenger-info tenureage="3" tenuremask="ffc8" tiltratio="59" />
  <memory-copied type="nursery" objects="8029" bytes="1179440" bytesdiscarded="102816" />
  <memory-copied type="tenure" objects="960" bytes="36504" bytesdiscarded="48" />
  <finalization candidates="15" enqueued="0" />
  <ownableSynchronizers candidates="4" cleared="0" />
  <references type="soft" candidates="201" cleared="0" enqueued="0" dynamicThreshold="25" maxThreshold="32" />
  <references type="weak" candidates="756" cleared="1" enqueued="1" />
  <references type="phantom" candidates="7" cleared="0" enqueued="0" />
</gc-op>
<heap-resize id="1885" type="expand" space="nursery" amount="524288" count="1" timems="0.020" reason="excessive time being spent scavenging" timestamp="2019-08-09T18:06:31.518" />
<gc-end id="1886" type="scavenge" contextid="1881" durationms="9.512" usertimems="15.544" systemtimems="0.000" timestamp="2019-08-09T18:06:31.518" activeThreads="16">
  <mem-info id="1887" free="8220352" total="14352384" percent="57">
    <mem type="nursery" free="2452632" total="5505024" percent="44">
      <mem type="allocate" free="2452632" total="3735552" percent="65" />
      <mem type="survivor" free="0" total="1769472" percent="0" />
    </mem>
    <mem type="tenure" free="5767720" total="8847360" percent="65" macro-fragmented="5375357">
      <mem type="soa" free="5679656" total="8759296" percent="64" />
      <mem type="loa" free="88064" total="88064" percent="100" />
    </mem>
    <pending-finalizers system="0" default="0" reference="1" classloader="0" />
    <remembered-set count="1512" />
  </mem-info>
</gc-end>
<cycle-end id="1888" type="scavenge" contextid="1881" timestamp="2019-08-09T18:06:31.518" />
  <attribute name="elasticGC enabled" value="1" />
  <attribute name= "numThreadsSpecified" value="16" />
  <attribute name="heapSize specified" value="12648448" />
  <attribute name="Current GC Util" value="22" />
  <attribute name= "Current Time Running" value="127378" />
  <attribute name ="GC Interval" value="2441" />
  <attribute name="Target GC Util Change" value ="80.000000" />
  <attribute name="Current GC Util Change" value="22.000000"/>
  <attribute name="Current Error" value="372.000000" />
  <attribute name="Output H" value="13904208"/>
  <attribute name="Output I" value="2440"/>
  <attribute name="Output T" value="16"/>
  <attribute name= "Current Time Running" value="127378" />
  <attribute name="GC Util currently" value="22" />
  <attribute name="CPU Util currently" value="24301033570" />
<allocation-satisfied id="1889" threadId="0000000001164F00" bytesRequested="27360" />
<af-end id="1890" timestamp="2019-08-09T18:06:31.518" threadId="0000000001165888" success="true" from="nursery"/>
<exclusive-end id="1891" timestamp="2019-08-09T18:06:31.518" durationms="9.969" />

<exclusive-start id="1892" timestamp="2019-08-09T18:06:31.622" intervalms="113.280">
  <response-info timems="0.019" idlems="0.019" threads="0" lastid="0000000001164F00" lastname="main" />
</exclusive-start>
<af-start id="1893" threadId="0000000001165888" totalBytesRequested="1032" timestamp="2019-08-09T18:06:31.622" intervalms="113.269" type="nursery" />
<cycle-start id="1894" type="scavenge" contextid="0" timestamp="2019-08-09T18:06:31.622" intervalms="113.106" />
<gc-start id="1895" type="scavenge" contextid="1894" timestamp="2019-08-09T18:06:31.622">
  <mem-info id="1896" free="5728120" total="14352384" percent="39">
    <mem type="nursery" free="0" total="5505024" percent="0">
      <mem type="allocate" free="0" total="3735552" percent="0" />
      <mem type="survivor" free="0" total="1769472" percent="0" />
    </mem>
    <mem type="tenure" free="5728120" total="8847360" percent="64">
      <mem type="soa" free="5640056" total="8759296" percent="64" />
      <mem type="loa" free="88064" total="88064" percent="100" />
    </mem>
    <remembered-set count="2027" />
  </mem-info>
</gc-start>
<allocation-stats totalBytes="2490304" >
  <allocated-bytes non-tlh="66960" tlh="2423344" />
  <largest-consumer threadName="main" threadId="0000000001164F00" bytes="2490304" />
</allocation-stats>
<gc-op id="1897" type="scavenge" timems="2.462" contextid="1894" timestamp="2019-08-09T18:06:31.624">
  <scavenger-info tenureage="3" tenuremask="ffe8" tiltratio="67" />
  <memory-copied type="nursery" objects="6870" bytes="849544" bytesdiscarded="134592" />
  <memory-copied type="tenure" objects="5903" bytes="521944" bytesdiscarded="328" />
  <finalization candidates="15" enqueued="0" />
  <ownableSynchronizers candidates="3" cleared="0" />
  <references type="soft" candidates="63" cleared="0" enqueued="0" dynamicThreshold="25" maxThreshold="32" />
  <references type="weak" candidates="175" cleared="1" enqueued="1" />
  <references type="phantom" candidates="3" cleared="0" enqueued="0" />
</gc-op>
<gc-end id="1898" type="scavenge" contextid="1894" durationms="2.906" usertimems="5.916" systemtimems="0.000" timestamp="2019-08-09T18:06:31.625" activeThreads="16">
  <mem-info id="1899" free="8115784" total="14352384" percent="56">
    <mem type="nursery" free="3013352" total="5505024" percent="54">
      <mem type="allocate" free="3013352" total="3997696" percent="75" />
      <mem type="survivor" free="0" total="1507328" percent="0" />
    </mem>
    <mem type="tenure" free="5102432" total="8847360" percent="57" macro-fragmented="4479464">
      <mem type="soa" free="5014368" total="8759296" percent="57" />
      <mem type="loa" free="88064" total="88064" percent="100" />
    </mem>
    <pending-finalizers system="0" default="0" reference="1" classloader="0" />
    <remembered-set count="975" />
  </mem-info>
</gc-end>
<cycle-end id="1900" type="scavenge" contextid="1894" timestamp="2019-08-09T18:06:31.625" />
  <attribute name="elasticGC enabled" value="1" />
  <attribute name= "numThreadsSpecified" value="16" />
  <attribute name="heapSize specified" value="12648448" />
  <attribute name="Current GC Util" value="13" />
  <attribute name= "Current Time Running" value="127491" />
  <attribute name ="GC Interval" value="2089" />
  <attribute name="Target GC Util Change" value ="80.000000" />
  <attribute name="Current GC Util Change" value="13.000000"/>
  <attribute name="Current Error" value="67.000000" />
  <attribute name="Output H" value="14428144"/>
  <attribute name="Output I" value="2088"/>
  <attribute name="Output T" value="16"/>
  <attribute name= "Current Time Running" value="127491" />
  <attribute name="GC Util currently" value="13" />
  <attribute name="CPU Util currently" value="10193149777" />
<allocation-satisfied id="1901" threadId="0000000001164F00" bytesRequested="1032" />
<af-end id="1902" timestamp="2019-08-09T18:06:31.625" threadId="0000000001165888" success="true" from="nursery"/>
<exclusive-end id="1903" timestamp="2019-08-09T18:06:31.625" durationms="3.333" />

<exclusive-start id="1904" timestamp="2019-08-09T18:06:31.711" intervalms="89.891">
  <response-info timems="0.022" idlems="0.022" threads="0" lastid="0000000001164F00" lastname="main" />
</exclusive-start>
<af-start id="1905" threadId="0000000001165888" totalBytesRequested="24" timestamp="2019-08-09T18:06:31.712" intervalms="89.939" type="nursery" />
<cycle-start id="1906" type="scavenge" contextid="0" timestamp="2019-08-09T18:06:31.712" intervalms="89.941" />
<gc-start id="1907" type="scavenge" contextid="1906" timestamp="2019-08-09T18:06:31.712">
  <mem-info id="1908" free="5056440" total="14352384" percent="35">
    <mem type="nursery" free="0" total="5505024" percent="0">
      <mem type="allocate" free="0" total="3997696" percent="0" />
      <mem type="survivor" free="0" total="1507328" percent="0" />
    </mem>
    <mem type="tenure" free="5056440" total="8847360" percent="57">
      <mem type="soa" free="4968376" total="8759296" percent="56" />
      <mem type="loa" free="88064" total="88064" percent="100" />
    </mem>
    <remembered-set count="1486" />
  </mem-info>
</gc-start>
<allocation-stats totalBytes="3056448" >
  <allocated-bytes non-tlh="47024" tlh="3009424" />
  <largest-consumer threadName="main" threadId="0000000001164F00" bytes="3056448" />
</allocation-stats>
<gc-op id="1909" type="scavenge" timems="4.200" contextid="1906" timestamp="2019-08-09T18:06:31.716">
  <scavenger-info tenureage="3" tenuremask="ffe8" tiltratio="72" />
  <memory-copied type="nursery" objects="8331" bytes="352496" bytesdiscarded="134792" />
  <memory-copied type="tenure" objects="590" bytes="566056" bytesdiscarded="472" />
  <references type="soft" candidates="54" cleared="0" enqueued="0" dynamicThreshold="25" maxThreshold="32" />
  <references type="weak" candidates="560" cleared="0" enqueued="0" />
</gc-op>
<gc-end id="1910" type="scavenge" contextid="1906" durationms="4.752" usertimems="7.923" systemtimems="0.000" timestamp="2019-08-09T18:06:31.716" activeThreads="16">
  <mem-info id="1911" free="8033096" total="14352384" percent="55">
    <mem type="nursery" free="3575552" total="5505024" percent="64">
      <mem type="allocate" free="3575552" total="4063232" percent="87" />
      <mem type="survivor" free="0" total="1441792" percent="0" />
    </mem>
    <mem type="tenure" free="4457544" total="8847360" percent="50" macro-fragmented="3732887">
      <mem type="soa" free="4369480" total="8759296" percent="49" />
      <mem type="loa" free="88064" total="88064" percent="100" />
    </mem>
    <remembered-set count="1175" />
  </mem-info>
</gc-end>
<cycle-end id="1912" type="scavenge" contextid="1906" timestamp="2019-08-09T18:06:31.716" />
  <attribute name="elasticGC enabled" value="1" />
  <attribute name= "numThreadsSpecified" value="16" />
  <attribute name="heapSize specified" value="12648448" />
  <attribute name="Current GC Util" value="6" />
  <attribute name= "Current Time Running" value="127582" />
  <attribute name ="GC Interval" value="2177" />
  <attribute name="Target GC Util Change" value ="80.000000" />
  <attribute name="Current GC Util Change" value="6.000000"/>
  <attribute name="Current Error" value="141.000000" />
  <attribute name="Output H" value="14428232"/>
  <attribute name="Output I" value="2176"/>
  <attribute name="Output T" value="16"/>
  <attribute name= "Current Time Running" value="127582" />
  <attribute name="GC Util currently" value="6" />
  <attribute name="CPU Util currently" value="12797687850" />
<allocation-satisfied id="1913" threadId="0000000001164F00" bytesRequested="24" />
<af-end id="1914" timestamp="2019-08-09T18:06:31.717" threadId="0000000001165888" success="true" from="nursery"/>
<exclusive-end id="1915" timestamp="2019-08-09T18:06:31.717" durationms="5.316" />

<exclusive-start id="1916" timestamp="2019-08-09T18:06:31.800" intervalms="88.797">
  <response-info timems="0.023" idlems="0.023" threads="0" lastid="0000000001164F00" lastname="main" />
</exclusive-start>
<af-start id="1917" threadId="0000000001165888" totalBytesRequested="40" timestamp="2019-08-09T18:06:31.800" intervalms="88.754" type="nursery" />
<cycle-start id="1918" type="scavenge" contextid="0" timestamp="2019-08-09T18:06:31.800" intervalms="88.756" />
<gc-start id="1919" type="scavenge" contextid="1918" timestamp="2019-08-09T18:06:31.800">
  <mem-info id="1920" free="4432048" total="14352384" percent="30">
    <mem type="nursery" free="0" total="5505024" percent="0">
      <mem type="allocate" free="0" total="4063232" percent="0" />
      <mem type="survivor" free="0" total="1441792" percent="0" />
    </mem>
    <mem type="tenure" free="4432048" total="8847360" percent="50">
      <mem type="soa" free="4343984" total="8759296" percent="49" />
      <mem type="loa" free="88064" total="88064" percent="100" />
    </mem>
    <remembered-set count="1452" />
  </mem-info>
</gc-start>
<allocation-stats totalBytes="3599192" >
  <allocated-bytes non-tlh="25520" tlh="3573672" />
  <largest-consumer threadName="main" threadId="0000000001164F00" bytes="3599192" />
</allocation-stats>
<gc-op id="1921" type="scavenge" timems="2.495" contextid="1918" timestamp="2019-08-09T18:06:31.803">
  <scavenger-info tenureage="3" tenuremask="ffe8" tiltratio="73" />
  <memory-copied type="nursery" objects="10915" bytes="455696" bytesdiscarded="75928" />
  <memory-copied type="tenure" objects="1480" bytes="42160" bytesdiscarded="248" />
  <references type="soft" candidates="54" cleared="0" enqueued="0" dynamicThreshold="25" maxThreshold="32" />
  <references type="weak" candidates="770" cleared="0" enqueued="0" />
</gc-op>
<gc-end id="1922" type="scavenge" contextid="1918" durationms="3.049" usertimems="5.276" systemtimems="0.000" timestamp="2019-08-09T18:06:31.803" activeThreads="16">
  <mem-info id="1923" free="8078168" total="14352384" percent="56">
    <mem type="nursery" free="3662248" total="5505024" percent="66">
      <mem type="allocate" free="3662248" total="4194304" percent="87" />
      <mem type="survivor" free="0" total="1310720" percent="0" />
    </mem>
    <mem type="tenure" free="4415920" total="8847360" percent="49" macro-fragmented="3110739">
      <mem type="soa" free="4327856" total="8759296" percent="49" />
      <mem type="loa" free="88064" total="88064" percent="100" />
    </mem>
    <remembered-set count="984" />
  </mem-info>
</gc-end>
<cycle-end id="1924" type="scavenge" contextid="1918" timestamp="2019-08-09T18:06:31.804" />
  <attribute name="elasticGC enabled" value="1" />
  <attribute name= "numThreadsSpecified" value="16" />
  <attribute name="heapSize specified" value="12648448" />
  <attribute name="Current GC Util" value="8" />
  <attribute name= "Current Time Running" value="127670" />
  <attribute name ="GC Interval" value="2257" />
  <attribute name="Target GC Util Change" value ="80.000000" />
  <attribute name="Current GC Util Change" value="8.000000"/>
  <attribute name="Current Error" value="213.000000" />
  <attribute name="Output H" value="14428312"/>
  <attribute name="Output I" value="2256"/>
  <attribute name="Output T" value="16"/>
  <attribute name= "Current Time Running" value="127670" />
  <attribute name="GC Util currently" value="8" />
  <attribute name="CPU Util currently" value="12994057820" />
<allocation-satisfied id="1925" threadId="0000000001164F00" bytesRequested="40" />
<af-end id="1926" timestamp="2019-08-09T18:06:31.804" threadId="0000000001165888" success="true" from="nursery"/>
<exclusive-end id="1927" timestamp="2019-08-09T18:06:31.804" durationms="3.353" />

<exclusive-start id="1928" timestamp="2019-08-09T18:06:31.864" intervalms="63.470">
  <response-info timems="0.043" idlems="0.043" threads="0" lastid="0000000001164F00" lastname="main" />
</exclusive-start>
<af-start id="1929" threadId="0000000001165888" totalBytesRequested="32" timestamp="2019-08-09T18:06:31.864" intervalms="63.467" type="nursery" />
<cycle-start id="1930" type="scavenge" contextid="0" timestamp="2019-08-09T18:06:31.864" intervalms="63.504" />
<gc-start id="1931" type="scavenge" contextid="1930" timestamp="2019-08-09T18:06:31.864">
  <mem-info id="1932" free="4396880" total="14352384" percent="30">
    <mem type="nursery" free="0" total="5505024" percent="0">
      <mem type="allocate" free="0" total="4194304" percent="0" />
      <mem type="survivor" free="0" total="1310720" percent="0" />
    </mem>
    <mem type="tenure" free="4396880" total="8847360" percent="49">
      <mem type="soa" free="4308816" total="8759296" percent="49" />
      <mem type="loa" free="88064" total="88064" percent="100" />
    </mem>
    <remembered-set count="1190" />
  </mem-info>
</gc-start>
<allocation-stats totalBytes="3680176" >
  <allocated-bytes non-tlh="19080" tlh="3661096" />
  <largest-consumer threadName="main" threadId="0000000001164F00" bytes="3680176" />
</allocation-stats>
<gc-op id="1933" type="scavenge" timems="2.350" contextid="1930" timestamp="2019-08-09T18:06:31.866">
  <scavenger-info tenureage="3" tenuremask="f008" tiltratio="76" />
  <memory-copied type="nursery" objects="10779" bytes="385696" bytesdiscarded="162272" />
  <memory-copied type="tenure" objects="4682" bytes="235008" bytesdiscarded="152" />
  <references type="weak" candidates="746" cleared="0" enqueued="0" />
</gc-op>
<gc-end id="1934" type="scavenge" contextid="1930" durationms="3.127" usertimems="8.717" systemtimems="0.000" timestamp="2019-08-09T18:06:31.867" activeThreads="16">
  <mem-info id="1935" free="8011680" total="14352384" percent="55">
    <mem type="nursery" free="3842560" total="5505024" percent="69">
      <mem type="allocate" free="3842560" total="4390912" percent="87" />
      <mem type="survivor" free="0" total="1114112" percent="0" />
    </mem>
    <mem type="tenure" free="4169120" total="8847360" percent="47" macro-fragmented="3732887">
      <mem type="soa" free="4081056" total="8759296" percent="46" />
      <mem type="loa" free="88064" total="88064" percent="100" />
    </mem>
    <remembered-set count="1446" />
  </mem-info>
</gc-end>
<cycle-end id="1936" type="scavenge" contextid="1930" timestamp="2019-08-09T18:06:31.867" />
  <attribute name="elasticGC enabled" value="1" />
  <attribute name= "numThreadsSpecified" value="16" />
  <attribute name="heapSize specified" value="12648448" />
  <attribute name="Current GC Util" value="7" />
  <attribute name= "Current Time Running" value="127734" />
  <attribute name ="GC Interval" value="2345" />
  <attribute name="Target GC Util Change" value ="80.000000" />
  <attribute name="Current GC Util Change" value="7.000000"/>
  <attribute name="Current Error" value="286.000000" />
  <attribute name="Output H" value="14428400"/>
  <attribute name="Output I" value="2344"/>
  <attribute name="Output T" value="16"/>
  <attribute name= "Current Time Running" value="127734" />
  <attribute name="GC Util currently" value="7" />
  <attribute name="CPU Util currently" value="18212303475" />
<allocation-satisfied id="1937" threadId="0000000001164F00" bytesRequested="32" />
<af-end id="1938" timestamp="2019-08-09T18:06:31.867" threadId="0000000001165888" success="true" from="nursery"/>
<exclusive-end id="1939" timestamp="2019-08-09T18:06:31.867" durationms="3.535" />

<exclusive-start id="1940" timestamp="2019-08-09T18:06:31.941" intervalms="77.393">
  <response-info timems="0.049" idlems="0.049" threads="0" lastid="0000000001164F00" lastname="main" />
</exclusive-start>
<af-start id="1941" threadId="0000000001165888" totalBytesRequested="160" timestamp="2019-08-09T18:06:31.941" intervalms="77.395" type="nursery" />
<cycle-start id="1942" type="scavenge" contextid="0" timestamp="2019-08-09T18:06:31.941" intervalms="77.376" />
<gc-start id="1943" type="scavenge" contextid="1942" timestamp="2019-08-09T18:06:31.941">
  <mem-info id="1944" free="4149048" total="14352384" percent="28">
    <mem type="nursery" free="0" total="5505024" percent="0">
      <mem type="allocate" free="0" total="4390912" percent="0" />
      <mem type="survivor" free="0" total="1114112" percent="0" />
    </mem>
    <mem type="tenure" free="4149048" total="8847360" percent="46">
      <mem type="soa" free="4060984" total="8759296" percent="46" />
      <mem type="loa" free="88064" total="88064" percent="100" />
    </mem>
    <remembered-set count="1736" />
  </mem-info>
</gc-start>
<allocation-stats totalBytes="3860888" >
  <allocated-bytes non-tlh="20104" tlh="3840784" />
  <largest-consumer threadName="main" threadId="0000000001164F00" bytes="3860888" />
</allocation-stats>
<gc-op id="1945" type="scavenge" timems="2.101" contextid="1942" timestamp="2019-08-09T18:06:31.943">
  <scavenger-info tenureage="3" tenuremask="6008" tiltratio="79" />
  <memory-copied type="nursery" objects="14175" bytes="602464" bytesdiscarded="83680" />
  <memory-copied type="tenure" objects="1992" bytes="70280" bytesdiscarded="56" />
  <references type="soft" candidates="2" cleared="0" enqueued="0" dynamicThreshold="25" maxThreshold="32" />
  <references type="weak" candidates="411" cleared="5" enqueued="5" />
</gc-op>
<gc-end id="1946" type="scavenge" contextid="1942" durationms="2.813" usertimems="6.721" systemtimems="0.000" timestamp="2019-08-09T18:06:31.944" activeThreads="16">
  <mem-info id="1947" free="7759144" total="14352384" percent="54">
    <mem type="nursery" free="3704560" total="5505024" percent="67">
      <mem type="allocate" free="3704560" total="4390912" percent="84" />
      <mem type="survivor" free="0" total="1114112" percent="0" />
    </mem>
    <mem type="tenure" free="4054584" total="8847360" percent="45" macro-fragmented="3732887">
      <mem type="soa" free="3966520" total="8759296" percent="45" />
      <mem type="loa" free="88064" total="88064" percent="100" />
    </mem>
    <pending-finalizers system="0" default="0" reference="5" classloader="0" />
    <remembered-set count="1350" />
  </mem-info>
</gc-end>
<cycle-end id="1948" type="scavenge" contextid="1942" timestamp="2019-08-09T18:06:31.944" />
  <attribute name="elasticGC enabled" value="1" />
  <attribute name= "numThreadsSpecified" value="16" />
  <attribute name="heapSize specified" value="12648448" />
  <attribute name="Current GC Util" value="6" />
  <attribute name= "Current Time Running" value="127811" />
  <attribute name ="GC Interval" value="2425" />
  <attribute name="Target GC Util Change" value ="80.000000" />
  <attribute name="Current GC Util Change" value="6.000000"/>
  <attribute name="Current Error" value="360.000000" />
  <attribute name="Output H" value="14428480"/>
  <attribute name="Output I" value="2424"/>
  <attribute name="Output T" value="16"/>
  <attribute name= "Current Time Running" value="127811" />
  <attribute name="GC Util currently" value="6" />
  <attribute name="CPU Util currently" value="14901760135" />
<allocation-satisfied id="1949" threadId="0000000001164F00" bytesRequested="160" />
<af-end id="1950" timestamp="2019-08-09T18:06:31.944" threadId="0000000001165888" success="true" from="nursery"/>
<exclusive-end id="1951" timestamp="2019-08-09T18:06:31.944" durationms="3.020" />

<exclusive-start id="1952" timestamp="2019-08-09T18:06:32.027" intervalms="85.981">
  <response-info timems="0.045" idlems="0.045" threads="0" lastid="0000000001164F00" lastname="main" />
</exclusive-start>
<af-start id="1953" threadId="0000000001165888" totalBytesRequested="48" timestamp="2019-08-09T18:06:32.027" intervalms="85.979" type="nursery" />
<cycle-start id="1954" type="scavenge" contextid="0" timestamp="2019-08-09T18:06:32.027" intervalms="85.958" />
<gc-start id="1955" type="scavenge" contextid="1954" timestamp="2019-08-09T18:06:32.027">
  <mem-info id="1956" free="4033600" total="14352384" percent="28">
    <mem type="nursery" free="0" total="5505024" percent="0">
      <mem type="allocate" free="0" total="4390912" percent="0" />
      <mem type="survivor" free="0" total="1114112" percent="0" />
    </mem>
    <mem type="tenure" free="4033600" total="8847360" percent="45">
      <mem type="soa" free="3945536" total="8759296" percent="45" />
      <mem type="loa" free="88064" total="88064" percent="100" />
    </mem>
    <remembered-set count="1571" />
  </mem-info>
</gc-start>
<allocation-stats totalBytes="3724904" >
  <allocated-bytes non-tlh="221152" tlh="3503752" />
  <largest-consumer threadName="main" threadId="0000000001164F00" bytes="3724904" />
</allocation-stats>
<gc-op id="1957" type="scavenge" timems="5.176" contextid="1954" timestamp="2019-08-09T18:06:32.032">
  <scavenger-info tenureage="13" tenuremask="6000" tiltratio="79" />
  <memory-copied type="nursery" objects="15439" bytes="995704" bytesdiscarded="118120" />
  <memory-copied type="tenure" objects="1862" bytes="72520" bytesdiscarded="600" />
  <copy-failed type="nursery" objects="1862" bytes="72520" />
  <references type="soft" candidates="73" cleared="0" enqueued="0" dynamicThreshold="25" maxThreshold="32" />
  <references type="weak" candidates="492" cleared="0" enqueued="0" />
  <references type="phantom" candidates="1" cleared="0" enqueued="0" />
</gc-op>
<gc-end id="1958" type="scavenge" contextid="1954" durationms="5.617" usertimems="10.220" systemtimems="0.000" timestamp="2019-08-09T18:06:32.033" activeThreads="16">
  <mem-info id="1959" free="6443328" total="14352384" percent="44">
    <mem type="nursery" free="2490368" total="5505024" percent="45">
      <mem type="allocate" free="2490368" total="3604480" percent="69" />
      <mem type="survivor" free="0" total="1900544" percent="0" />
    </mem>
    <mem type="tenure" free="3952960" total="8847360" percent="44" macro-fragmented="3110739">
      <mem type="soa" free="3864896" total="8759296" percent="44" />
      <mem type="loa" free="88064" total="88064" percent="100" />
    </mem>
    <remembered-set count="1935" />
  </mem-info>
</gc-end>
<cycle-end id="1960" type="scavenge" contextid="1954" timestamp="2019-08-09T18:06:32.033" />
  <attribute name="elasticGC enabled" value="1" />
  <attribute name= "numThreadsSpecified" value="16" />
  <attribute name="heapSize specified" value="12648448" />
  <attribute name="Current GC Util" value="5" />
  <attribute name= "Current Time Running" value="127897" />
  <attribute name ="GC Interval" value="2513" />
  <attribute name="Target GC Util Change" value ="80.000000" />
  <attribute name="Current GC Util Change" value="5.000000"/>
  <attribute name="Current Error" value="435.000000" />
  <attribute name="Output H" value="14428568"/>
  <attribute name="Output I" value="2512"/>
  <attribute name="Output T" value="16"/>
  <attribute name= "Current Time Running" value="127897" />
  <attribute name="GC Util currently" value="5" />
  <attribute name="CPU Util currently" value="13411708499" />
<allocation-satisfied id="1961" threadId="0000000001164F00" bytesRequested="48" />
<af-end id="1962" timestamp="2019-08-09T18:06:32.033" threadId="0000000001165888" success="true" from="nursery"/>
<exclusive-end id="1963" timestamp="2019-08-09T18:06:32.033" durationms="5.888" />

<exclusive-start id="1964" timestamp="2019-08-09T18:06:32.062" intervalms="35.289">
  <response-info timems="0.192" idlems="0.192" threads="0" lastid="0000000001164F00" lastname="main" />
</exclusive-start>
<af-start id="1965" threadId="0000000001165888" totalBytesRequested="32" timestamp="2019-08-09T18:06:32.062" intervalms="35.304" type="nursery" />
<cycle-start id="1966" type="scavenge" contextid="0" timestamp="2019-08-09T18:06:32.062" intervalms="35.307" />
<gc-start id="1967" type="scavenge" contextid="1966" timestamp="2019-08-09T18:06:32.063">
  <mem-info id="1968" free="3948200" total="14352384" percent="27">
    <mem type="nursery" free="0" total="5505024" percent="0">
      <mem type="allocate" free="0" total="3604480" percent="0" />
      <mem type="survivor" free="0" total="1900544" percent="0" />
    </mem>
    <mem type="tenure" free="3948200" total="8847360" percent="44">
      <mem type="soa" free="3860136" total="8759296" percent="44" />
      <mem type="loa" free="88064" total="88064" percent="100" />
    </mem>
    <remembered-set count="1990" />
  </mem-info>
</gc-start>
<allocation-stats totalBytes="2494640" >
  <allocated-bytes non-tlh="4808" tlh="2489832" />
  <largest-consumer threadName="main" threadId="0000000001164F00" bytes="2494640" />
</allocation-stats>
<gc-op id="1969" type="scavenge" timems="6.120" contextid="1966" timestamp="2019-08-09T18:06:32.069">
  <scavenger-info tenureage="3" tenuremask="6018" tiltratio="65" />
  <memory-copied type="nursery" objects="12043" bytes="891016" bytesdiscarded="118192" />
  <memory-copied type="tenure" objects="6421" bytes="231160" bytesdiscarded="104" />
  <references type="soft" candidates="73" cleared="0" enqueued="0" dynamicThreshold="25" maxThreshold="32" />
  <references type="weak" candidates="176" cleared="0" enqueued="0" />
  <references type="phantom" candidates="1" cleared="0" enqueued="0" />
</gc-op>
<heap-resize id="1970" type="expand" space="nursery" amount="524288" count="1" timems="0.021" reason="excessive time being spent scavenging" timestamp="2019-08-09T18:06:32.069" />
<gc-end id="1971" type="scavenge" contextid="1966" durationms="6.818" usertimems="13.172" systemtimems="0.000" timestamp="2019-08-09T18:06:32.069" activeThreads="16">
  <mem-info id="1972" free="6720968" total="14876672" percent="45">
    <mem type="nursery" free="3053856" total="6029312" percent="50">
      <mem type="allocate" free="3053856" total="4063232" percent="75" />
      <mem type="survivor" free="0" total="1966080" percent="0" />
    </mem>
    <mem type="tenure" free="3667112" total="8847360" percent="41" macro-fragmented="2592282">
      <mem type="soa" free="3579048" total="8759296" percent="40" />
      <mem type="loa" free="88064" total="88064" percent="100" />
    </mem>
    <remembered-set count="595" />
  </mem-info>
</gc-end>
<cycle-end id="1973" type="scavenge" contextid="1966" timestamp="2019-08-09T18:06:32.069" />
  <attribute name="elasticGC enabled" value="1" />
  <attribute name= "numThreadsSpecified" value="16" />
  <attribute name="heapSize specified" value="12648448" />
  <attribute name="Current GC Util" value="28" />
  <attribute name= "Current Time Running" value="127932" />
  <attribute name ="GC Interval" value="2073" />
  <attribute name="Target GC Util Change" value ="80.000000" />
  <attribute name="Current GC Util Change" value="28.000000"/>
  <attribute name="Current Error" value="52.000000" />
  <attribute name="Output H" value="14428128"/>
  <attribute name="Output I" value="2072"/>
  <attribute name="Output T" value="16"/>
  <attribute name= "Current Time Running" value="127932" />
  <attribute name="GC Util currently" value="28" />
  <attribute name="CPU Util currently" value="32647099868" />
<allocation-satisfied id="1974" threadId="0000000001164F00" bytesRequested="32" />
<af-end id="1975" timestamp="2019-08-09T18:06:32.070" threadId="0000000001165888" success="true" from="nursery"/>
<exclusive-end id="1976" timestamp="2019-08-09T18:06:32.070" durationms="7.143" />

<exclusive-start id="1977" timestamp="2019-08-09T18:06:32.097" intervalms="34.784">
  <response-info timems="0.118" idlems="0.118" threads="0" lastid="0000000001164F00" lastname="main" />
</exclusive-start>
<af-start id="1978" threadId="0000000001165888" totalBytesRequested="32" timestamp="2019-08-09T18:06:32.097" intervalms="34.818" type="nursery" />
<cycle-start id="1979" type="scavenge" contextid="0" timestamp="2019-08-09T18:06:32.097" intervalms="34.819" />
<gc-start id="1980" type="scavenge" contextid="1979" timestamp="2019-08-09T18:06:32.097">
  <mem-info id="1981" free="3667112" total="14876672" percent="24">
    <mem type="nursery" free="0" total="6029312" percent="0">
      <mem type="allocate" free="0" total="4063232" percent="0" />
      <mem type="survivor" free="0" total="1966080" percent="0" />
    </mem>
    <mem type="tenure" free="3667112" total="8847360" percent="41">
      <mem type="soa" free="3579048" total="8759296" percent="40" />
      <mem type="loa" free="88064" total="88064" percent="100" />
    </mem>
    <remembered-set count="595" />
  </mem-info>
</gc-start>
<allocation-stats totalBytes="3053520" >
  <allocated-bytes non-tlh="32" tlh="3053488" />
  <largest-consumer threadName="main" threadId="0000000001164F00" bytes="3053520" />
</allocation-stats>
<gc-op id="1982" type="scavenge" timems="3.282" contextid="1979" timestamp="2019-08-09T18:06:32.101">
  <scavenger-info tenureage="2" tenuremask="6004" tiltratio="67" />
  <memory-copied type="nursery" objects="8588" bytes="338592" bytesdiscarded="59176" />
  <memory-copied type="tenure" objects="8253" bytes="737016" bytesdiscarded="256" />
  <references type="soft" candidates="2" cleared="0" enqueued="0" dynamicThreshold="25" maxThreshold="32" />
  <references type="weak" candidates="90" cleared="0" enqueued="0" />
</gc-op>
<heap-resize id="1983" type="expand" space="nursery" amount="262144" count="1" timems="0.019" reason="excessive time being spent scavenging" timestamp="2019-08-09T18:06:32.101" />
<gc-end id="1984" type="scavenge" contextid="1979" durationms="4.071" usertimems="11.700" systemtimems="0.000" timestamp="2019-08-09T18:06:32.101" activeThreads="16">
  <mem-info id="1985" free="7090256" total="15138816" percent="46">
    <mem type="nursery" free="4124160" total="6291456" percent="65">
      <mem type="allocate" free="4124160" total="4521984" percent="91" />
      <mem type="survivor" free="0" total="1769472" percent="0" />
    </mem>
    <mem type="tenure" free="2966096" total="8847360" percent="33" macro-fragmented="2160235">
      <mem type="soa" free="2878032" total="8759296" percent="32" />
      <mem type="loa" free="88064" total="88064" percent="100" />
    </mem>
    <remembered-set count="1101" />
  </mem-info>
</gc-end>
<cycle-end id="1986" type="scavenge" contextid="1979" timestamp="2019-08-09T18:06:32.101" />
  <attribute name="elasticGC enabled" value="1" />
  <attribute name= "numThreadsSpecified" value="16" />
  <attribute name="heapSize specified" value="12648448" />
  <attribute name="Current GC Util" value="36" />
  <attribute name= "Current Time Running" value="127967" />
  <attribute name ="GC Interval" value="2121" />
  <attribute name="Target GC Util Change" value ="80.000000" />
  <attribute name="Current GC Util Change" value="36.000000"/>
  <attribute name="Current Error" value="96.000000" />
  <attribute name="Output H" value="14952464"/>
  <attribute name="Output I" value="2120"/>
  <attribute name="Output T" value="16"/>
  <attribute name= "Current Time Running" value="127967" />
  <attribute name="GC Util currently" value="36" />
  <attribute name="CPU Util currently" value="32958645288" />
<allocation-satisfied id="1987" threadId="0000000001164F00" bytesRequested="32" />
<af-end id="1988" timestamp="2019-08-09T18:06:32.102" threadId="0000000001165888" success="true" from="nursery"/>
<exclusive-end id="1989" timestamp="2019-08-09T18:06:32.102" durationms="4.446" />

<exclusive-start id="1990" timestamp="2019-08-09T18:06:32.161" intervalms="63.722">
  <response-info timems="0.138" idlems="0.138" threads="0" lastid="0000000001164F00" lastname="main" />
</exclusive-start>
<af-start id="1991" threadId="0000000001165888" totalBytesRequested="56" timestamp="2019-08-09T18:06:32.161" intervalms="63.669" type="nursery" />
<cycle-start id="1992" type="scavenge" contextid="0" timestamp="2019-08-09T18:06:32.161" intervalms="63.727" />
<gc-start id="1993" type="scavenge" contextid="1992" timestamp="2019-08-09T18:06:32.161">
  <mem-info id="1994" free="2963928" total="15138816" percent="19">
    <mem type="nursery" free="0" total="6291456" percent="0">
      <mem type="allocate" free="0" total="4521984" percent="0" />
      <mem type="survivor" free="0" total="1769472" percent="0" />
    </mem>
    <mem type="tenure" free="2963928" total="8847360" percent="33">
      <mem type="soa" free="2875864" total="8759296" percent="32" />
      <mem type="loa" free="88064" total="88064" percent="100" />
    </mem>
    <remembered-set count="1412" />
  </mem-info>
</gc-start>
<allocation-stats totalBytes="4125096" >
  <allocated-bytes non-tlh="2200" tlh="4122896" />
  <largest-consumer threadName="main" threadId="0000000001164F00" bytes="4125096" />
</allocation-stats>
<gc-op id="1995" type="scavenge" timems="8.243" contextid="1992" timestamp="2019-08-09T18:06:32.169">
  <scavenger-info tenureage="4" tenuremask="4010" tiltratio="71" />
  <memory-copied type="nursery" objects="17734" bytes="801648" bytesdiscarded="70520" />
  <memory-copied type="tenure" objects="660" bytes="24144" bytesdiscarded="88" />
  <references type="weak" candidates="54" cleared="0" enqueued="0" />
</gc-op>
<heap-resize id="1996" type="expand" space="nursery" amount="393216" count="1" timems="0.021" reason="excessive time being spent scavenging" timestamp="2019-08-09T18:06:32.170" />
<gc-end id="1997" type="scavenge" contextid="1992" durationms="9.096" usertimems="15.354" systemtimems="0.000" timestamp="2019-08-09T18:06:32.170" activeThreads="16">
  <mem-info id="1998" free="7006928" total="15532032" percent="45">
    <mem type="nursery" free="4043000" total="6684672" percent="60">
      <mem type="allocate" free="4043000" total="4915200" percent="82" />
      <mem type="survivor" free="0" total="1769472" percent="0" />
    </mem>
    <mem type="tenure" free="2963928" total="8847360" percent="33" macro-fragmented="2160235">
      <mem type="soa" free="2875864" total="8759296" percent="32" />
      <mem type="loa" free="88064" total="88064" percent="100" />
    </mem>
    <remembered-set count="1151" />
  </mem-info>
</gc-end>
<cycle-end id="1999" type="scavenge" contextid="1992" timestamp="2019-08-09T18:06:32.170" />
  <attribute name="elasticGC enabled" value="1" />
  <attribute name= "numThreadsSpecified" value="16" />
  <attribute name="heapSize specified" value="12648448" />
  <attribute name="Current GC Util" value="11" />
  <attribute name= "Current Time Running" value="128031" />
  <attribute name ="GC Interval" value="2201" />
  <attribute name="Target GC Util Change" value ="80.000000" />
  <attribute name="Current GC Util Change" value="11.000000"/>
  <attribute name="Current Error" value="165.000000" />
  <attribute name="Output H" value="15214688"/>
  <attribute name="Output I" value="2200"/>
  <attribute name="Output T" value="16"/>
  <attribute name= "Current Time Running" value="128031" />
  <attribute name="GC Util currently" value="11" />
  <attribute name="CPU Util currently" value="18075335094" />
<allocation-satisfied id="2000" threadId="0000000001164F00" bytesRequested="56" />
<af-end id="2001" timestamp="2019-08-09T18:06:32.170" threadId="0000000001165888" success="true" from="nursery"/>
<exclusive-end id="2002" timestamp="2019-08-09T18:06:32.170" durationms="9.417" />

<exclusive-start id="2003" timestamp="2019-08-09T18:06:32.356" intervalms="195.596">
  <response-info timems="0.047" idlems="0.047" threads="0" lastid="0000000001164F00" lastname="main" />
</exclusive-start>
<af-start id="2004" threadId="0000000001165888" totalBytesRequested="32" timestamp="2019-08-09T18:06:32.357" intervalms="195.602" type="nursery" />
<cycle-start id="2005" type="scavenge" contextid="0" timestamp="2019-08-09T18:06:32.357" intervalms="195.545" />
<gc-start id="2006" type="scavenge" contextid="2005" timestamp="2019-08-09T18:06:32.357">
  <mem-info id="2007" free="2906496" total="15532032" percent="18">
    <mem type="nursery" free="0" total="6684672" percent="0">
      <mem type="allocate" free="0" total="4915200" percent="0" />
      <mem type="survivor" free="0" total="1769472" percent="0" />
    </mem>
    <mem type="tenure" free="2906496" total="8847360" percent="32">
      <mem type="soa" free="2818432" total="8759296" percent="32" />
      <mem type="loa" free="88064" total="88064" percent="100" />
    </mem>
    <remembered-set count="1757" />
  </mem-info>
</gc-start>
<allocation-stats totalBytes="4099256" >
  <allocated-bytes non-tlh="418176" tlh="3681080" />
  <largest-consumer threadName="main" threadId="0000000001164F00" bytes="4099256" />
</allocation-stats>
<gc-op id="2008" type="scavenge" timems="5.360" contextid="2005" timestamp="2019-08-09T18:06:32.362">
  <scavenger-info tenureage="14" tenuremask="4000" tiltratio="73" />
  <memory-copied type="nursery" objects="21379" bytes="1216456" bytesdiscarded="158232" />
  <references type="soft" candidates="224" cleared="0" enqueued="0" dynamicThreshold="25" maxThreshold="32" />
  <references type="weak" candidates="454" cleared="18" enqueued="12" />
  <references type="phantom" candidates="1" cleared="0" enqueued="0" />
</gc-op>
<gc-end id="2009" type="scavenge" contextid="2005" durationms="5.848" usertimems="17.002" systemtimems="0.000" timestamp="2019-08-09T18:06:32.362" activeThreads="16">
  <mem-info id="2010" free="6315696" total="15532032" percent="40">
    <mem type="nursery" free="3409200" total="6684672" percent="51">
      <mem type="allocate" free="3409200" total="4784128" percent="71" />
      <mem type="survivor" free="0" total="1900544" percent="0" />
    </mem>
    <mem type="tenure" free="2906496" total="8847360" percent="32" macro-fragmented="2160235">
      <mem type="soa" free="2818432" total="8759296" percent="32" />
      <mem type="loa" free="88064" total="88064" percent="100" />
    </mem>
    <pending-finalizers system="0" default="0" reference="12" classloader="0" />
    <remembered-set count="1745" />
  </mem-info>
</gc-end>
<cycle-end id="2011" type="scavenge" contextid="2005" timestamp="2019-08-09T18:06:32.363" />
  <attribute name="elasticGC enabled" value="1" />
  <attribute name= "numThreadsSpecified" value="16" />
  <attribute name="heapSize specified" value="12648448" />
  <attribute name="Current GC Util" value="7" />
  <attribute name= "Current Time Running" value="128226" />
  <attribute name ="GC Interval" value="2289" />
  <attribute name="Target GC Util Change" value ="80.000000" />
  <attribute name="Current GC Util Change" value="7.000000"/>
  <attribute name="Current Error" value="238.000000" />
  <attribute name="Output H" value="15607992"/>
  <attribute name="Output I" value="2288"/>
  <attribute name="Output T" value="16"/>
  <attribute name= "Current Time Running" value="128226" />
  <attribute name="GC Util currently" value="7" />
  <attribute name="CPU Util currently" value="5902343350" />
<allocation-satisfied id="2012" threadId="0000000001164F00" bytesRequested="32" />
<af-end id="2013" timestamp="2019-08-09T18:06:32.363" threadId="0000000001165888" success="true" from="nursery"/>
<exclusive-end id="2014" timestamp="2019-08-09T18:06:32.363" durationms="6.140" />

<exclusive-start id="2015" timestamp="2019-08-09T18:06:32.380" intervalms="24.013">
  <response-info timems="0.084" idlems="0.084" threads="0" lastid="0000000001164F00" lastname="main" />
</exclusive-start>
<af-start id="2016" threadId="0000000001165888" totalBytesRequested="24" timestamp="2019-08-09T18:06:32.381" intervalms="24.024" type="nursery" />
<cycle-start id="2017" type="scavenge" contextid="0" timestamp="2019-08-09T18:06:32.381" intervalms="24.055" />
<gc-start id="2018" type="scavenge" contextid="2017" timestamp="2019-08-09T18:06:32.381">
  <mem-info id="2019" free="2904152" total="15532032" percent="18">
    <mem type="nursery" free="0" total="6684672" percent="0">
      <mem type="allocate" free="0" total="4784128" percent="0" />
      <mem type="survivor" free="0" total="1900544" percent="0" />
    </mem>
    <mem type="tenure" free="2904152" total="8847360" percent="32">
      <mem type="soa" free="2816088" total="8759296" percent="32" />
      <mem type="loa" free="88064" total="88064" percent="100" />
    </mem>
    <remembered-set count="1776" />
  </mem-info>
</gc-start>
<allocation-stats totalBytes="3411248" >
  <allocated-bytes non-tlh="2376" tlh="3408872" />
  <largest-consumer threadName="main" threadId="0000000001164F00" bytes="3407152" />
</allocation-stats>
<gc-op id="2020" type="scavenge" timems="7.052" contextid="2017" timestamp="2019-08-09T18:06:32.388">
  <scavenger-info tenureage="3" tenuremask="4018" tiltratio="71" />
  <memory-copied type="nursery" objects="19563" bytes="1121056" bytesdiscarded="144240" />
  <memory-copied type="tenure" objects="7411" bytes="302752" bytesdiscarded="664" />
  <references type="soft" candidates="224" cleared="0" enqueued="0" dynamicThreshold="25" maxThreshold="32" />
  <references type="weak" candidates="416" cleared="0" enqueued="0" />
  <references type="phantom" candidates="1" cleared="0" enqueued="0" />
</gc-op>
<heap-resize id="2021" type="expand" space="nursery" amount="917504" count="1" timems="0.020" reason="excessive time being spent scavenging" timestamp="2019-08-09T18:06:32.388" />
<gc-end id="2022" type="scavenge" contextid="2017" durationms="7.781" usertimems="13.675" systemtimems="0.000" timestamp="2019-08-09T18:06:32.388" activeThreads="16">
  <mem-info id="2023" free="6875048" total="16449536" percent="41">
    <mem type="nursery" free="4239568" total="7602176" percent="55">
      <mem type="allocate" free="4239568" total="5505024" percent="77" />
      <mem type="survivor" free="0" total="2097152" percent="0" />
    </mem>
    <mem type="tenure" free="2635480" total="8847360" percent="29" macro-fragmented="723458">
      <mem type="soa" free="2547416" total="8759296" percent="29" />
      <mem type="loa" free="88064" total="88064" percent="100" />
    </mem>
    <remembered-set count="1156" />
  </mem-info>
</gc-end>
<cycle-end id="2024" type="scavenge" contextid="2017" timestamp="2019-08-09T18:06:32.389" />
  <attribute name="elasticGC enabled" value="1" />
  <attribute name= "numThreadsSpecified" value="16" />
  <attribute name="heapSize specified" value="12648448" />
  <attribute name="Current GC Util" value="46" />
  <attribute name= "Current Time Running" value="128250" />
  <attribute name ="GC Interval" value="2329" />
  <attribute name="Target GC Util Change" value ="80.000000" />
  <attribute name="Current GC Util Change" value="46.000000"/>
  <attribute name="Current Error" value="272.000000" />
  <attribute name="Output H" value="15608032"/>
  <attribute name="Output I" value="2328"/>
  <attribute name="Output T" value="16"/>
  <attribute name= "Current Time Running" value="128250" />
  <attribute name="GC Util currently" value="46" />
  <attribute name="CPU Util currently" value="47907454466" />
<allocation-satisfied id="2025" threadId="0000000001164F00" bytesRequested="24" />
<af-end id="2026" timestamp="2019-08-09T18:06:32.389" threadId="0000000001165888" success="true" from="nursery"/>
<exclusive-end id="2027" timestamp="2019-08-09T18:06:32.389" durationms="8.064" />

<exclusive-start id="2028" timestamp="2019-08-09T18:06:32.434" intervalms="53.287">
  <response-info timems="0.091" idlems="0.091" threads="0" lastid="0000000001164F00" lastname="main" />
</exclusive-start>
<af-start id="2029" threadId="0000000001165888" totalBytesRequested="536" timestamp="2019-08-09T18:06:32.434" intervalms="53.283" type="nursery" />
<cycle-start id="2030" type="scavenge" contextid="0" timestamp="2019-08-09T18:06:32.434" intervalms="53.278" />
<gc-start id="2031" type="scavenge" contextid="2030" timestamp="2019-08-09T18:06:32.434">
  <mem-info id="2032" free="2624792" total="16449536" percent="15">
    <mem type="nursery" free="0" total="7602176" percent="0">
      <mem type="allocate" free="0" total="5505024" percent="0" />
      <mem type="survivor" free="0" total="2097152" percent="0" />
    </mem>
    <mem type="tenure" free="2624792" total="8847360" percent="29">
      <mem type="soa" free="2536728" total="8759296" percent="28" />
      <mem type="loa" free="88064" total="88064" percent="100" />
    </mem>
    <remembered-set count="1259" />
  </mem-info>
</gc-start>
<allocation-stats totalBytes="4249224" >
  <allocated-bytes non-tlh="210720" tlh="4038504" />
  <largest-consumer threadName="main" threadId="0000000001164F00" bytes="4249224" />
</allocation-stats>
<gc-op id="2033" type="scavenge" timems="4.641" contextid="2030" timestamp="2019-08-09T18:06:32.439">
  <scavenger-info tenureage="2" tenuremask="400c" tiltratio="72" />
  <memory-copied type="nursery" objects="2513" bytes="105320" bytesdiscarded="38264" />
  <memory-copied type="tenure" objects="7381" bytes="315016" bytesdiscarded="696" />
  <references type="soft" candidates="1" cleared="0" enqueued="0" dynamicThreshold="25" maxThreshold="32" />
  <references type="weak" candidates="18" cleared="0" enqueued="0" />
</gc-op>
<heap-resize id="2034" type="expand" space="nursery" amount="393216" count="1" timems="0.023" reason="excessive time being spent scavenging" timestamp="2019-08-09T18:06:32.439" />
<gc-end id="2035" type="scavenge" contextid="2030" durationms="5.414" usertimems="10.470" systemtimems="0.000" timestamp="2019-08-09T18:06:32.439" activeThreads="16">
  <mem-info id="2036" free="8278856" total="16842752" percent="49">
    <mem type="nursery" free="5951232" total="7995392" percent="74">
      <mem type="allocate" free="5951232" total="6094848" percent="97" />
      <mem type="survivor" free="0" total="1900544" percent="0" />
    </mem>
    <mem type="tenure" free="2327624" total="8847360" percent="26" macro-fragmented="0">
      <mem type="soa" free="2239560" total="8759296" percent="25" />
      <mem type="loa" free="88064" total="88064" percent="100" />
    </mem>
    <remembered-set count="250" />
  </mem-info>
</gc-end>
<cycle-end id="2037" type="scavenge" contextid="2030" timestamp="2019-08-09T18:06:32.439" />
  <attribute name="elasticGC enabled" value="1" />
  <attribute name= "numThreadsSpecified" value="16" />
  <attribute name="heapSize specified" value="12648448" />
  <attribute name="Current GC Util" value="23" />
  <attribute name= "Current Time Running" value="128304" />
  <attribute name ="GC Interval" value="2393" />
  <attribute name="Target GC Util Change" value ="80.000000" />
  <attribute name="Current GC Util Change" value="23.000000"/>
  <attribute name="Current Error" value="329.000000" />
  <attribute name="Output H" value="16525600"/>
  <attribute name="Output I" value="2392"/>
  <attribute name="Output T" value="16"/>
  <attribute name= "Current Time Running" value="128304" />
  <attribute name="GC Util currently" value="23" />
  <attribute name="CPU Util currently" value="21634890823" />
<allocation-satisfied id="2038" threadId="0000000001164F00" bytesRequested="536" />
<af-end id="2039" timestamp="2019-08-09T18:06:32.440" threadId="0000000001165888" success="true" from="nursery"/>
<exclusive-end id="2040" timestamp="2019-08-09T18:06:32.440" durationms="5.730" />

<exclusive-start id="2041" timestamp="2019-08-09T18:06:32.508" intervalms="74.307">
  <response-info timems="0.138" idlems="0.138" threads="0" lastid="0000000001164F00" lastname="main" />
</exclusive-start>
<sys-start reason="explicit" id="2042" timestamp="2019-08-09T18:06:32.508" intervalms="128154.802" />
<cycle-start id="2043" type="global" contextid="0" timestamp="2019-08-09T18:06:32.508" intervalms="2501.960" />
<gc-start id="2044" type="global" contextid="2043" timestamp="2019-08-09T18:06:32.508">
  <mem-info id="2045" free="6238240" total="16842752" percent="37">
    <mem type="nursery" free="3932600" total="7995392" percent="49">
      <mem type="allocate" free="3932600" total="6094848" percent="64" />
      <mem type="survivor" free="0" total="1900544" percent="0" />
    </mem>
    <mem type="tenure" free="2305640" total="8847360" percent="26">
      <mem type="soa" free="2217576" total="8759296" percent="25" />
      <mem type="loa" free="88064" total="88064" percent="100" />
    </mem>
    <remembered-set count="740" />
  </mem-info>
</gc-start>
<allocation-stats totalBytes="2029096" >
  <allocated-bytes non-tlh="222528" tlh="1806568" />
  <largest-consumer threadName="main" threadId="0000000001164F00" bytes="2029096" />
</allocation-stats>
<gc-op id="2046" type="mark" timems="20.886" contextid="2043" timestamp="2019-08-09T18:06:32.530">
  <trace-info objectcount="75580" scancount="62999" scanbytes="2135812" />
  <finalization candidates="80" enqueued="0" />
  <ownableSynchronizers candidates="21" cleared="0" />
  <references type="soft" candidates="1630" cleared="0" enqueued="0" dynamicThreshold="25" maxThreshold="32" />
  <references type="weak" candidates="4494" cleared="110" enqueued="65" />
  <references type="phantom" candidates="74" cleared="0" enqueued="0" />
  <stringconstants candidates="8698" cleared="15"  />
</gc-op>
<gc-op id="2047" type="classunload" timems="0.606" contextid="2043" timestamp="2019-08-09T18:06:32.531">
  <classunload-info classloadercandidates="17" classloadersunloaded="1" classesunloaded="1" anonymousclassesunloaded="0" quiescems="0.681" setupms="0.590" scanms="0.013" postms="0.003" />
</gc-op>
<gc-op id="2048" type="sweep" timems="2.801" contextid="2043" timestamp="2019-08-09T18:06:32.534" />
<mem-info id="2049" free="10435336" total="16842752" percent="61">
  <mem type="nursery" free="5800160" total="7995392" percent="72">
    <mem type="allocate" free="5800160" total="6094848" percent="95" />
    <mem type="survivor" free="0" total="1900544" percent="0" />
  </mem>
  <mem type="tenure" free="4635176" total="8847360" percent="52" micro-fragmented="26726" macro-fragmented="0">
    <mem type="soa" free="4547112" total="8759296" percent="51" />
    <mem type="loa" free="88064" total="88064" percent="100" />
  </mem>
  <pending-finalizers system="0" default="0" reference="65" classloader="0" />
  <remembered-set count="702" />
</mem-info>
<gc-op id="2050" type="compact" timems="32.964" contextid="2043" timestamp="2019-08-09T18:06:32.567">
  <compact-info movecount="69505" movebytes="4102832" reason="compact to aid heap contraction" />
</gc-op>
<heap-resize id="2051" type="expand" space="tenure" amount="131072" count="1" timems="0.029" reason="satisfy allocation request" timestamp="2019-08-09T18:06:32.569" />
<gc-end id="2052" type="global" contextid="2043" durationms="60.841" usertimems="91.813" systemtimems="0.000" timestamp="2019-08-09T18:06:32.569" activeThreads="16">
  <mem-info id="2053" free="10718864" total="16973824" percent="63">
    <mem type="nursery" free="5908792" total="7995392" percent="73">
      <mem type="allocate" free="5908792" total="6094848" percent="96" />
      <mem type="survivor" free="0" total="1900544" percent="0" />
    </mem>
    <mem type="tenure" free="4810072" total="8978432" percent="53">
      <mem type="soa" free="4720984" total="8889344" percent="53" />
      <mem type="loa" free="89088" total="89088" percent="100" />
    </mem>
    <pending-finalizers system="0" default="0" reference="65" classloader="0" />
    <remembered-set count="702" />
  </mem-info>
</gc-end>
<cycle-end id="2054" type="global" contextid="2043" timestamp="2019-08-09T18:06:32.569" />
  <attribute name="elasticGC enabled" value="1" />
  <attribute name= "numThreadsSpecified" value="16" />
  <attribute name="heapSize specified" value="16842752" />
  <attribute name="Current GC Util" value="64" />
  <attribute name= "Current Time Running" value="128437" />
  <attribute name ="GC Interval" value="2393" />
  <attribute name="Target GC Util Change" value ="80.000000" />
  <attribute name="Current GC Util Change" value="64.000000"/>
  <attribute name="Current Error" value="-3.000000" />
  <attribute name="Output H" value="16918432"/>
  <attribute name="Output I" value="2008"/>
  <attribute name="Output T" value="16"/>
  <attribute name= "Current Time Running" value="128437" />
  <attribute name="GC Util currently" value="64" />
  <attribute name="CPU Util currently" value="34932273640" />
<sys-end id="2055" timestamp="2019-08-09T18:06:32.569" />
<exclusive-end id="2056" timestamp="2019-08-09T18:06:32.569" durationms="61.071" />

===== DaCapo 9.12-MR1 jython starting =====
<exclusive-start id="2057" timestamp="2019-08-09T18:06:32.632" intervalms="124.206">
  <response-info timems="0.177" idlems="0.177" threads="0" lastid="0000000001164F00" lastname="main" />
</exclusive-start>
<af-start id="2058" threadId="0000000001165888" totalBytesRequested="32" timestamp="2019-08-09T18:06:32.632" intervalms="198.525" type="nursery" />
<cycle-start id="2059" type="scavenge" contextid="0" timestamp="2019-08-09T18:06:32.632" intervalms="198.499" />
<gc-start id="2060" type="scavenge" contextid="2059" timestamp="2019-08-09T18:06:32.632">
  <mem-info id="2061" free="4809232" total="16973824" percent="28">
    <mem type="nursery" free="0" total="7995392" percent="0">
      <mem type="allocate" free="0" total="6094848" percent="0" />
      <mem type="survivor" free="0" total="1900544" percent="0" />
    </mem>
    <mem type="tenure" free="4809232" total="8978432" percent="53">
      <mem type="soa" free="4720144" total="8889344" percent="53" />
      <mem type="loa" free="89088" total="89088" percent="100" />
    </mem>
    <remembered-set count="778" />
  </mem-info>
</gc-start>
<allocation-stats totalBytes="5908584" >
  <allocated-bytes non-tlh="528544" tlh="5380040" />
  <largest-consumer threadName="main" threadId="0000000001164F00" bytes="5900336" />
</allocation-stats>
<gc-op id="2062" type="scavenge" timems="5.779" contextid="2059" timestamp="2019-08-09T18:06:32.639">
  <scavenger-info tenureage="14" tenuremask="4000" tiltratio="76" />
  <memory-copied type="nursery" objects="18846" bytes="1394576" bytesdiscarded="145608" />
  <ownableSynchronizers candidates="42" cleared="42" />
  <references type="soft" candidates="323" cleared="0" enqueued="0" dynamicThreshold="17" maxThreshold="32" />
  <references type="weak" candidates="271" cleared="4" enqueued="4" />
  <references type="phantom" candidates="5" cleared="1" enqueued="1" />
</gc-op>
<gc-end id="2063" type="scavenge" contextid="2059" durationms="6.493" usertimems="12.222" systemtimems="0.000" timestamp="2019-08-09T18:06:32.639" activeThreads="16">
  <mem-info id="2064" free="8315048" total="16973824" percent="48">
    <mem type="nursery" free="3505816" total="7995392" percent="43">
      <mem type="allocate" free="3505816" total="5046272" percent="69" />
      <mem type="survivor" free="0" total="2949120" percent="0" />
    </mem>
    <mem type="tenure" free="4809232" total="8978432" percent="53" macro-fragmented="3732887">
      <mem type="soa" free="4720144" total="8889344" percent="53" />
      <mem type="loa" free="89088" total="89088" percent="100" />
    </mem>
    <pending-finalizers system="0" default="0" reference="5" classloader="0" />
    <remembered-set count="743" />
  </mem-info>
</gc-end>
<cycle-end id="2065" type="scavenge" contextid="2059" timestamp="2019-08-09T18:06:32.639" />
  <attribute name="elasticGC enabled" value="1" />
  <attribute name= "numThreadsSpecified" value="16" />
  <attribute name="heapSize specified" value="16842752" />
  <attribute name="Current GC Util" value="48" />
  <attribute name= "Current Time Running" value="128502" />
  <attribute name ="GC Interval" value="2049" />
  <attribute name="Target GC Util Change" value ="80.000000" />
  <attribute name="Current GC Util Change" value="48.000000"/>
  <attribute name="Current Error" value="29.000000" />
  <attribute name="Output H" value="17049544"/>
  <attribute name="Output I" value="2048"/>
  <attribute name="Output T" value="16"/>
  <attribute name= "Current Time Running" value="128502" />
  <attribute name="GC Util currently" value="48" />
  <attribute name="CPU Util currently" value="17555417956" />
<allocation-satisfied id="2066" threadId="0000000001164F00" bytesRequested="32" />
<af-end id="2067" timestamp="2019-08-09T18:06:32.639" threadId="0000000001165888" success="true" from="nursery"/>
<exclusive-end id="2068" timestamp="2019-08-09T18:06:32.639" durationms="6.790" />

<exclusive-start id="2069" timestamp="2019-08-09T18:06:32.654" intervalms="21.829">
  <response-info timems="0.022" idlems="0.022" threads="0" lastid="0000000001164F00" lastname="main" />
</exclusive-start>
<af-start id="2070" threadId="0000000001165888" totalBytesRequested="40" timestamp="2019-08-09T18:06:32.654" intervalms="21.823" type="nursery" />
<cycle-start id="2071" type="scavenge" contextid="0" timestamp="2019-08-09T18:06:32.654" intervalms="21.818" />
<gc-start id="2072" type="scavenge" contextid="2071" timestamp="2019-08-09T18:06:32.654">
  <mem-info id="2073" free="4809232" total="16973824" percent="28">
    <mem type="nursery" free="0" total="7995392" percent="0">
      <mem type="allocate" free="0" total="5046272" percent="0" />
      <mem type="survivor" free="0" total="2949120" percent="0" />
    </mem>
    <mem type="tenure" free="4809232" total="8978432" percent="53">
      <mem type="soa" free="4720144" total="8889344" percent="53" />
      <mem type="loa" free="89088" total="89088" percent="100" />
    </mem>
    <remembered-set count="744" />
  </mem-info>
</gc-start>
<allocation-stats totalBytes="3505384" >
  <allocated-bytes non-tlh="32" tlh="3505352" />
  <largest-consumer threadName="main" threadId="0000000001164F00" bytes="3505384" />
</allocation-stats>
<gc-op id="2074" type="scavenge" timems="5.930" contextid="2071" timestamp="2019-08-09T18:06:32.660">
  <scavenger-info tenureage="14" tenuremask="4000" tiltratio="63" />
  <memory-copied type="nursery" objects="24172" bytes="1591192" bytesdiscarded="184248" />
  <references type="soft" candidates="323" cleared="0" enqueued="0" dynamicThreshold="17" maxThreshold="32" />
  <references type="weak" candidates="267" cleared="0" enqueued="0" />
  <references type="phantom" candidates="4" cleared="0" enqueued="0" />
</gc-op>
<heap-resize id="2075" type="expand" space="nursery" amount="1179648" count="1" timems="0.024" reason="excessive time being spent scavenging" timestamp="2019-08-09T18:06:32.660" />
<gc-end id="2076" type="scavenge" contextid="2071" durationms="6.144" usertimems="11.111" systemtimems="0.000" timestamp="2019-08-09T18:06:32.660" activeThreads="16">
  <mem-info id="2077" free="9456048" total="18153472" percent="52">
    <mem type="nursery" free="4646816" total="9175040" percent="50">
      <mem type="allocate" free="4646816" total="6422528" percent="72" />
      <mem type="survivor" free="0" total="2752512" percent="0" />
    </mem>
    <mem type="tenure" free="4809232" total="8978432" percent="53" macro-fragmented="4479464">
      <mem type="soa" free="4720144" total="8889344" percent="53" />
      <mem type="loa" free="89088" total="89088" percent="100" />
    </mem>
    <remembered-set count="632" />
  </mem-info>
</gc-end>
<cycle-end id="2078" type="scavenge" contextid="2071" timestamp="2019-08-09T18:06:32.660" />
  <attribute name="elasticGC enabled" value="1" />
  <attribute name= "numThreadsSpecified" value="16" />
  <attribute name="heapSize specified" value="16842752" />
  <attribute name="Current GC Util" value="49" />
  <attribute name= "Current Time Running" value="128524" />
  <attribute name ="GC Interval" value="2081" />
  <attribute name="Target GC Util Change" value ="80.000000" />
  <attribute name="Current GC Util Change" value="49.000000"/>
  <attribute name="Current Error" value="60.000000" />
  <attribute name="Output H" value="17049576"/>
  <attribute name="Output I" value="2080"/>
  <attribute name="Output T" value="16"/>
  <attribute name= "Current Time Running" value="128524" />
  <attribute name="GC Util currently" value="49" />
  <attribute name="CPU Util currently" value="53503375126" />
<allocation-satisfied id="2079" threadId="0000000001164F00" bytesRequested="40" />
<af-end id="2080" timestamp="2019-08-09T18:06:32.661" threadId="0000000001165888" success="true" from="nursery"/>
<exclusive-end id="2081" timestamp="2019-08-09T18:06:32.661" durationms="6.473" />

<exclusive-start id="2082" timestamp="2019-08-09T18:06:32.703" intervalms="48.469">
  <response-info timems="0.044" idlems="0.044" threads="0" lastid="0000000001164F00" lastname="main" />
</exclusive-start>
<af-start id="2083" threadId="0000000001165888" totalBytesRequested="48" timestamp="2019-08-09T18:06:32.703" intervalms="48.453" type="nursery" />
<cycle-start id="2084" type="scavenge" contextid="0" timestamp="2019-08-09T18:06:32.703" intervalms="48.451" />
<gc-start id="2085" type="scavenge" contextid="2084" timestamp="2019-08-09T18:06:32.703">
  <mem-info id="2086" free="4809232" total="18153472" percent="26">
    <mem type="nursery" free="0" total="9175040" percent="0">
      <mem type="allocate" free="0" total="6422528" percent="0" />
      <mem type="survivor" free="0" total="2752512" percent="0" />
    </mem>
    <mem type="tenure" free="4809232" total="8978432" percent="53">
      <mem type="soa" free="4720144" total="8889344" percent="53" />
      <mem type="loa" free="89088" total="89088" percent="100" />
    </mem>
    <remembered-set count="632" />
  </mem-info>
</gc-start>
<allocation-stats totalBytes="4646056" >
  <allocated-bytes non-tlh="40" tlh="4646016" />
  <largest-consumer threadName="main" threadId="0000000001164F00" bytes="4646056" />
</allocation-stats>
<gc-op id="2087" type="scavenge" timems="2.523" contextid="2084" timestamp="2019-08-09T18:06:32.705">
  <scavenger-info tenureage="2" tenuremask="c01c" tiltratio="70" />
  <memory-copied type="nursery" objects="13700" bytes="559128" bytesdiscarded="88072" />
  <memory-copied type="tenure" objects="12435" bytes="824488" bytesdiscarded="792" />
</gc-op>
<gc-end id="2088" type="scavenge" contextid="2084" durationms="2.744" usertimems="9.008" systemtimems="0.000" timestamp="2019-08-09T18:06:32.705" activeThreads="16">
  <mem-info id="2089" free="10161376" total="18153472" percent="55">
    <mem type="nursery" free="6299616" total="9175040" percent="68">
      <mem type="allocate" free="6299616" total="6946816" percent="90" />
      <mem type="survivor" free="0" total="2228224" percent="0" />
    </mem>
    <mem type="tenure" free="3861760" total="8978432" percent="43" macro-fragmented="3110739">
      <mem type="soa" free="3772672" total="8889344" percent="42" />
      <mem type="loa" free="89088" total="89088" percent="100" />
    </mem>
    <remembered-set count="513" />
  </mem-info>
</gc-end>
<cycle-end id="2090" type="scavenge" contextid="2084" timestamp="2019-08-09T18:06:32.706" />
  <attribute name="elasticGC enabled" value="1" />
  <attribute name= "numThreadsSpecified" value="16" />
  <attribute name="heapSize specified" value="16842752" />
  <attribute name="Current GC Util" value="23" />
  <attribute name= "Current Time Running" value="128572" />
  <attribute name ="GC Interval" value="2081" />
  <attribute name="Target GC Util Change" value ="80.000000" />
  <attribute name="Current GC Util Change" value="23.000000"/>
  <attribute name="Current Error" value="57.000000" />
  <attribute name="Output H" value="18229224"/>
  <attribute name="Output I" value="2080"/>
  <attribute name="Output T" value="16"/>
  <attribute name= "Current Time Running" value="128572" />
  <attribute name="GC Util currently" value="23" />
  <attribute name="CPU Util currently" value="23779967321" />
<allocation-satisfied id="2091" threadId="0000000001164F00" bytesRequested="48" />
<af-end id="2092" timestamp="2019-08-09T18:06:32.706" threadId="0000000001165888" success="true" from="nursery"/>
<exclusive-end id="2093" timestamp="2019-08-09T18:06:32.706" durationms="2.973" />

<exclusive-start id="2094" timestamp="2019-08-09T18:06:32.801" intervalms="98.853">
  <response-info timems="0.020" idlems="0.020" threads="0" lastid="0000000001164F00" lastname="main" />
</exclusive-start>
<af-start id="2095" threadId="0000000001165888" totalBytesRequested="48" timestamp="2019-08-09T18:06:32.802" intervalms="98.919" type="nursery" />
<cycle-start id="2096" type="scavenge" contextid="0" timestamp="2019-08-09T18:06:32.802" intervalms="98.927" />
<gc-start id="2097" type="scavenge" contextid="2096" timestamp="2019-08-09T18:06:32.802">
  <mem-info id="2098" free="3720104" total="18153472" percent="20">
    <mem type="nursery" free="0" total="9175040" percent="0">
      <mem type="allocate" free="0" total="6946816" percent="0" />
      <mem type="survivor" free="0" total="2228224" percent="0" />
    </mem>
    <mem type="tenure" free="3720104" total="8978432" percent="41">
      <mem type="soa" free="3631016" total="8889344" percent="40" />
      <mem type="loa" free="89088" total="89088" percent="100" />
    </mem>
    <remembered-set count="2891" />
  </mem-info>
</gc-start>
<allocation-stats totalBytes="6439792" >
  <allocated-bytes non-tlh="341712" tlh="6098080" />
  <largest-consumer threadName="main" threadId="0000000001164F00" bytes="6439792" />
</allocation-stats>
<gc-op id="2099" type="scavenge" timems="5.601" contextid="2096" timestamp="2019-08-09T18:06:32.808">
  <scavenger-info tenureage="14" tenuremask="4000" tiltratio="75" />
  <memory-copied type="nursery" objects="24509" bytes="1310256" bytesdiscarded="82096" />
  <references type="soft" candidates="57" cleared="0" enqueued="0" dynamicThreshold="17" maxThreshold="32" />
  <references type="weak" candidates="123" cleared="29" enqueued="20" />
  <references type="phantom" candidates="1" cleared="0" enqueued="0" />
</gc-op>
<gc-end id="2100" type="scavenge" contextid="2096" durationms="6.288" usertimems="14.065" systemtimems="0.000" timestamp="2019-08-09T18:06:32.808" activeThreads="16">
  <mem-info id="2101" free="9208888" total="18153472" percent="50">
    <mem type="nursery" free="5488784" total="9175040" percent="59">
      <mem type="allocate" free="5488784" total="6881280" percent="79" />
      <mem type="survivor" free="0" total="2293760" percent="0" />
    </mem>
    <mem type="tenure" free="3720104" total="8978432" percent="41" macro-fragmented="2592282">
      <mem type="soa" free="3631016" total="8889344" percent="40" />
      <mem type="loa" free="89088" total="89088" percent="100" />
    </mem>
    <pending-finalizers system="0" default="0" reference="20" classloader="0" />
    <remembered-set count="2877" />
  </mem-info>
</gc-end>
<cycle-end id="2102" type="scavenge" contextid="2096" timestamp="2019-08-09T18:06:32.808" />
  <attribute name="elasticGC enabled" value="1" />
  <attribute name= "numThreadsSpecified" value="16" />
  <attribute name="heapSize specified" value="16842752" />
  <attribute name="Current GC Util" value="6" />
  <attribute name= "Current Time Running" value="128672" />
  <attribute name ="GC Interval" value="2161" />
  <attribute name="Target GC Util Change" value ="80.000000" />
  <attribute name="Current GC Util Change" value="6.000000"/>
  <attribute name="Current Error" value="131.000000" />
  <attribute name="Output H" value="18229304"/>
  <attribute name="Output I" value="2160"/>
  <attribute name="Output T" value="16"/>
  <attribute name= "Current Time Running" value="128672" />
  <attribute name="GC Util currently" value="6" />
  <attribute name="CPU Util currently" value="11614738546" />
<allocation-satisfied id="2103" threadId="0000000001164F00" bytesRequested="48" />
<af-end id="2104" timestamp="2019-08-09T18:06:32.808" threadId="0000000001165888" success="true" from="nursery"/>
<exclusive-end id="2105" timestamp="2019-08-09T18:06:32.808" durationms="6.945" />

<exclusive-start id="2106" timestamp="2019-08-09T18:06:32.861" intervalms="59.634">
  <response-info timems="0.068" idlems="0.068" threads="0" lastid="0000000001164F00" lastname="main" />
</exclusive-start>
<af-start id="2107" threadId="0000000001165888" totalBytesRequested="24" timestamp="2019-08-09T18:06:32.861" intervalms="59.571" type="nursery" />
<cycle-start id="2108" type="scavenge" contextid="0" timestamp="2019-08-09T18:06:32.861" intervalms="59.565" />
<gc-start id="2109" type="scavenge" contextid="2108" timestamp="2019-08-09T18:06:32.861">
  <mem-info id="2110" free="3700472" total="18153472" percent="20">
    <mem type="nursery" free="0" total="9175040" percent="0">
      <mem type="allocate" free="0" total="6881280" percent="0" />
      <mem type="survivor" free="0" total="2293760" percent="0" />
    </mem>
    <mem type="tenure" free="3700472" total="8978432" percent="41">
      <mem type="soa" free="3611384" total="8889344" percent="40" />
      <mem type="loa" free="89088" total="89088" percent="100" />
    </mem>
    <remembered-set count="2995" />
  </mem-info>
</gc-start>
<allocation-stats totalBytes="5507288" >
  <allocated-bytes non-tlh="219688" tlh="5287600" />
  <largest-consumer threadName="main" threadId="0000000001164F00" bytes="5503192" />
</allocation-stats>
<gc-op id="2111" type="scavenge" timems="7.027" contextid="2108" timestamp="2019-08-09T18:06:32.868">
  <scavenger-info tenureage="3" tenuremask="4008" tiltratio="75" />
  <memory-copied type="nursery" objects="17043" bytes="988072" bytesdiscarded="149608" />
  <memory-copied type="tenure" objects="4909" bytes="184400" bytesdiscarded="96" />
  <references type="soft" candidates="89" cleared="0" enqueued="0" dynamicThreshold="17" maxThreshold="32" />
  <references type="weak" candidates="102" cleared="2" enqueued="2" />
  <references type="phantom" candidates="1" cleared="0" enqueued="0" />
</gc-op>
<heap-resize id="2112" type="expand" space="nursery" amount="655360" count="1" timems="0.017" reason="excessive time being spent scavenging" timestamp="2019-08-09T18:06:32.868" />
<gc-end id="2113" type="scavenge" contextid="2108" durationms="7.271" usertimems="11.283" systemtimems="0.000" timestamp="2019-08-09T18:06:32.868" activeThreads="16">
  <mem-info id="2114" free="9834856" total="18808832" percent="52">
    <mem type="nursery" free="6333296" total="9830400" percent="64">
      <mem type="allocate" free="6333296" total="7471104" percent="84" />
      <mem type="survivor" free="0" total="2359296" percent="0" />
    </mem>
    <mem type="tenure" free="3501560" total="8978432" percent="38" macro-fragmented="3110739">
      <mem type="soa" free="3412472" total="8889344" percent="38" />
      <mem type="loa" free="89088" total="89088" percent="100" />
    </mem>
    <pending-finalizers system="0" default="0" reference="2" classloader="0" />
    <remembered-set count="2960" />
  </mem-info>
</gc-end>
<cycle-end id="2115" type="scavenge" contextid="2108" timestamp="2019-08-09T18:06:32.869" />
  <attribute name="elasticGC enabled" value="1" />
  <attribute name= "numThreadsSpecified" value="16" />
  <attribute name="heapSize specified" value="16842752" />
  <attribute name="Current GC Util" value="24" />
  <attribute name= "Current Time Running" value="128731" />
  <attribute name ="GC Interval" value="2225" />
  <attribute name="Target GC Util Change" value ="80.000000" />
  <attribute name="Current GC Util Change" value="24.000000"/>
  <attribute name="Current Error" value="187.000000" />
  <attribute name="Output H" value="18229368"/>
  <attribute name="Output I" value="2224"/>
  <attribute name="Output T" value="16"/>
  <attribute name= "Current Time Running" value="128731" />
  <attribute name="GC Util currently" value="24" />
  <attribute name="CPU Util currently" value="19476959084" />
<allocation-satisfied id="2116" threadId="0000000001164F00" bytesRequested="24" />
<af-end id="2117" timestamp="2019-08-09T18:06:32.869" threadId="0000000001165888" success="true" from="nursery"/>
<exclusive-end id="2118" timestamp="2019-08-09T18:06:32.869" durationms="7.473" />

<exclusive-start id="2119" timestamp="2019-08-09T18:06:32.926" intervalms="65.220">
  <response-info timems="0.275" idlems="0.275" threads="0" lastid="0000000001164F00" lastname="main" />
</exclusive-start>
<af-start id="2120" threadId="0000000001165888" totalBytesRequested="40" timestamp="2019-08-09T18:06:32.926" intervalms="65.264" type="nursery" />
<cycle-start id="2121" type="scavenge" contextid="0" timestamp="2019-08-09T18:06:32.926" intervalms="65.271" />
<gc-start id="2122" type="scavenge" contextid="2121" timestamp="2019-08-09T18:06:32.926">
  <mem-info id="2123" free="3483840" total="18808832" percent="18">
    <mem type="nursery" free="0" total="9830400" percent="0">
      <mem type="allocate" free="0" total="7471104" percent="0" />
      <mem type="survivor" free="0" total="2359296" percent="0" />
    </mem>
    <mem type="tenure" free="3483840" total="8978432" percent="38">
      <mem type="soa" free="3394752" total="8889344" percent="38" />
      <mem type="loa" free="89088" total="89088" percent="100" />
    </mem>
    <remembered-set count="3048" />
  </mem-info>
</gc-start>
<allocation-stats totalBytes="6349960" >
  <allocated-bytes non-tlh="217752" tlh="6132208" />
  <largest-consumer threadName="main" threadId="0000000001164F00" bytes="6345864" />
</allocation-stats>
<gc-op id="2124" type="scavenge" timems="7.846" contextid="2121" timestamp="2019-08-09T18:06:32.934">
  <scavenger-info tenureage="3" tenuremask="4008" tiltratio="76" />
  <memory-copied type="nursery" objects="15845" bytes="1024656" bytesdiscarded="195192" />
  <memory-copied type="tenure" objects="4260" bytes="160904" bytesdiscarded="120" />
  <references type="soft" candidates="90" cleared="0" enqueued="0" dynamicThreshold="17" maxThreshold="32" />
  <references type="weak" candidates="118" cleared="0" enqueued="0" />
  <references type="phantom" candidates="1" cleared="0" enqueued="0" />
</gc-op>
<heap-resize id="2125" type="expand" space="nursery" amount="524288" count="1" timems="0.022" reason="excessive time being spent scavenging" timestamp="2019-08-09T18:06:32.934" />
<gc-end id="2126" type="scavenge" contextid="2121" durationms="8.028" usertimems="19.847" systemtimems="0.000" timestamp="2019-08-09T18:06:32.934" activeThreads="16">
  <mem-info id="2127" free="10317840" total="19333120" percent="53">
    <mem type="nursery" free="7037520" total="10354688" percent="67">
      <mem type="allocate" free="7037520" total="8257536" percent="85" />
      <mem type="survivor" free="0" total="2097152" percent="0" />
    </mem>
    <mem type="tenure" free="3280320" total="8978432" percent="36" macro-fragmented="2160235">
      <mem type="soa" free="3191232" total="8889344" percent="35" />
      <mem type="loa" free="89088" total="89088" percent="100" />
    </mem>
    <remembered-set count="459" />
  </mem-info>
</gc-end>
<cycle-end id="2128" type="scavenge" contextid="2121" timestamp="2019-08-09T18:06:32.935" />
  <attribute name="elasticGC enabled" value="1" />
  <attribute name= "numThreadsSpecified" value="16" />
  <attribute name="heapSize specified" value="16842752" />
  <attribute name="Current GC Util" value="17" />
  <attribute name= "Current Time Running" value="128796" />
  <attribute name ="GC Interval" value="2297" />
  <attribute name="Target GC Util Change" value ="80.000000" />
  <attribute name="Current GC Util Change" value="17.000000"/>
  <attribute name="Current Error" value="250.000000" />
  <attribute name="Output H" value="18884800"/>
  <attribute name="Output I" value="2296"/>
  <attribute name="Output T" value="16"/>
  <attribute name= "Current Time Running" value="128796" />
  <attribute name="GC Util currently" value="17" />
  <attribute name="CPU Util currently" value="17671117803" />
<allocation-satisfied id="2129" threadId="0000000001164F00" bytesRequested="40" />
<af-end id="2130" timestamp="2019-08-09T18:06:32.935" threadId="0000000001165888" success="true" from="nursery"/>
<exclusive-end id="2131" timestamp="2019-08-09T18:06:32.935" durationms="8.272" />

<exclusive-start id="2132" timestamp="2019-08-09T18:06:32.953" intervalms="26.946">
  <response-info timems="0.177" idlems="0.177" threads="0" lastid="0000000001164F00" lastname="main" />
</exclusive-start>
<af-start id="2133" threadId="0000000001165888" totalBytesRequested="24" timestamp="2019-08-09T18:06:32.953" intervalms="26.943" type="nursery" />
<cycle-start id="2134" type="scavenge" contextid="0" timestamp="2019-08-09T18:06:32.953" intervalms="26.936" />
<gc-start id="2135" type="scavenge" contextid="2134" timestamp="2019-08-09T18:06:32.953">
  <mem-info id="2136" free="3280320" total="19333120" percent="16">
    <mem type="nursery" free="0" total="10354688" percent="0">
      <mem type="allocate" free="0" total="8257536" percent="0" />
      <mem type="survivor" free="0" total="2097152" percent="0" />
    </mem>
    <mem type="tenure" free="3280320" total="8978432" percent="36">
      <mem type="soa" free="3191232" total="8889344" percent="35" />
      <mem type="loa" free="89088" total="89088" percent="100" />
    </mem>
    <remembered-set count="459" />
  </mem-info>
</gc-start>
<allocation-stats totalBytes="7036872" >
  <allocated-bytes non-tlh="40" tlh="7036832" />
  <largest-consumer threadName="main" threadId="0000000001164F00" bytes="7036872" />
</allocation-stats>
<gc-op id="2137" type="scavenge" timems="15.566" contextid="2134" timestamp="2019-08-09T18:06:32.969">
  <scavenger-info tenureage="3" tenuremask="4008" tiltratio="79" />
  <memory-copied type="nursery" objects="13633" bytes="913192" bytesdiscarded="108496" />
  <memory-copied type="tenure" objects="7586" bytes="313536" bytesdiscarded="1128" />
  <references type="soft" candidates="33" cleared="0" enqueued="0" dynamicThreshold="17" maxThreshold="32" />
  <references type="weak" candidates="24" cleared="0" enqueued="0" />
  <references type="phantom" candidates="1" cleared="0" enqueued="0" />
</gc-op>
<heap-resize id="2138" type="expand" space="nursery" amount="2228224" count="1" timems="0.020" reason="excessive time being spent scavenging" timestamp="2019-08-09T18:06:32.969" />
<gc-end id="2139" type="scavenge" contextid="2134" durationms="15.933" usertimems="32.657" systemtimems="0.000" timestamp="2019-08-09T18:06:32.969" activeThreads="16">
  <mem-info id="2140" free="12265224" total="21561344" percent="56">
    <mem type="nursery" free="9332912" total="12582912" percent="74">
      <mem type="allocate" free="9332912" total="10354688" percent="90" />
      <mem type="survivor" free="0" total="2228224" percent="0" />
    </mem>
    <mem type="tenure" free="2932312" total="8978432" percent="32" macro-fragmented="2592282">
      <mem type="soa" free="2843224" total="8889344" percent="31" />
      <mem type="loa" free="89088" total="89088" percent="100" />
    </mem>
    <remembered-set count="204" />
  </mem-info>
</gc-end>
<cycle-end id="2141" type="scavenge" contextid="2134" timestamp="2019-08-09T18:06:32.969" />
  <attribute name="elasticGC enabled" value="1" />
  <attribute name= "numThreadsSpecified" value="16" />
  <attribute name="heapSize specified" value="16842752" />
  <attribute name="Current GC Util" value="59" />
  <attribute name= "Current Time Running" value="128823" />
  <attribute name ="GC Interval" value="2321" />
  <attribute name="Target GC Util Change" value ="80.000000" />
  <attribute name="Current GC Util Change" value="59.000000"/>
  <attribute name="Current Error" value="271.000000" />
  <attribute name="Output H" value="19409112"/>
  <attribute name="Output I" value="2320"/>
  <attribute name="Output T" value="16"/>
  <attribute name= "Current Time Running" value="128823" />
  <attribute name="GC Util currently" value="59" />
  <attribute name="CPU Util currently" value="42784634847" />
<allocation-satisfied id="2142" threadId="0000000001164F00" bytesRequested="24" />
<af-end id="2143" timestamp="2019-08-09T18:06:32.969" threadId="0000000001165888" success="true" from="nursery"/>
<exclusive-end id="2144" timestamp="2019-08-09T18:06:32.969" durationms="16.167" />

<exclusive-start id="2145" timestamp="2019-08-09T18:06:33.018" intervalms="64.966">
  <response-info timems="0.107" idlems="0.107" threads="0" lastid="0000000001164F00" lastname="main" />
</exclusive-start>
<af-start id="2146" threadId="0000000001165888" totalBytesRequested="48" timestamp="2019-08-09T18:06:33.018" intervalms="64.941" type="nursery" />
<cycle-start id="2147" type="scavenge" contextid="0" timestamp="2019-08-09T18:06:33.018" intervalms="64.947" />
<gc-start id="2148" type="scavenge" contextid="2147" timestamp="2019-08-09T18:06:33.018">
  <mem-info id="2149" free="2928552" total="21561344" percent="13">
    <mem type="nursery" free="0" total="12582912" percent="0">
      <mem type="allocate" free="0" total="10354688" percent="0" />
      <mem type="survivor" free="0" total="2228224" percent="0" />
    </mem>
    <mem type="tenure" free="2928552" total="8978432" percent="32">
      <mem type="soa" free="2839464" total="8889344" percent="31" />
      <mem type="loa" free="89088" total="89088" percent="100" />
    </mem>
    <remembered-set count="281" />
  </mem-info>
</gc-start>
<allocation-stats totalBytes="9334640" >
  <allocated-bytes non-tlh="203792" tlh="9130848" />
  <largest-consumer threadName="main" threadId="0000000001164F00" bytes="9334640" />
</allocation-stats>
<gc-op id="2150" type="scavenge" timems="7.601" contextid="2147" timestamp="2019-08-09T18:06:33.026">
  <scavenger-info tenureage="2" tenuremask="4004" tiltratio="82" />
  <memory-copied type="nursery" objects="3214" bytes="390680" bytesdiscarded="72120" />
  <memory-copied type="tenure" objects="299" bytes="10680" bytesdiscarded="0" />
  <references type="soft" candidates="42" cleared="0" enqueued="0" dynamicThreshold="17" maxThreshold="32" />
  <references type="weak" candidates="6" cleared="0" enqueued="0" />
  <references type="phantom" candidates="1" cleared="0" enqueued="0" />
</gc-op>
<heap-resize id="2151" type="expand" space="nursery" amount="786432" count="1" timems="0.018" reason="excessive time being spent scavenging" timestamp="2019-08-09T18:06:33.026" />
<gc-end id="2152" type="scavenge" contextid="2147" durationms="7.779" usertimems="23.510" systemtimems="0.000" timestamp="2019-08-09T18:06:33.026" activeThreads="16">
  <mem-info id="2153" free="13999992" total="22347776" percent="62">
    <mem type="nursery" free="11071440" total="13369344" percent="82">
      <mem type="allocate" free="11071440" total="11534336" percent="95" />
      <mem type="survivor" free="0" total="1835008" percent="0" />
    </mem>
    <mem type="tenure" free="2928552" total="8978432" percent="32" macro-fragmented="2592282">
      <mem type="soa" free="2839464" total="8889344" percent="31" />
      <mem type="loa" free="89088" total="89088" percent="100" />
    </mem>
    <remembered-set count="215" />
  </mem-info>
</gc-end>
<cycle-end id="2154" type="scavenge" contextid="2147" timestamp="2019-08-09T18:06:33.026" />
  <attribute name="elasticGC enabled" value="1" />
  <attribute name= "numThreadsSpecified" value="16" />
  <attribute name="heapSize specified" value="16842752" />
  <attribute name="Current GC Util" value="49" />
  <attribute name= "Current Time Running" value="128888" />
  <attribute name ="GC Interval" value="2361" />
  <attribute name="Target GC Util Change" value ="80.000000" />
  <attribute name="Current GC Util Change" value="49.000000"/>
  <attribute name="Current Error" value="302.000000" />
  <attribute name="Output H" value="21637376"/>
  <attribute name="Output I" value="2360"/>
  <attribute name="Output T" value="16"/>
  <attribute name= "Current Time Running" value="128888" />
  <attribute name="GC Util currently" value="49" />
  <attribute name="CPU Util currently" value="17752976579" />
<allocation-satisfied id="2155" threadId="0000000001164F00" bytesRequested="48" />
<af-end id="2156" timestamp="2019-08-09T18:06:33.026" threadId="0000000001165888" success="true" from="nursery"/>
<exclusive-end id="2157" timestamp="2019-08-09T18:06:33.026" durationms="8.002" />

<exclusive-start id="2158" timestamp="2019-08-09T18:06:33.090" intervalms="72.190">
  <response-info timems="0.017" idlems="0.017" threads="0" lastid="0000000001164F00" lastname="main" />
</exclusive-start>
<af-start id="2159" threadId="0000000001165888" totalBytesRequested="32" timestamp="2019-08-09T18:06:33.090" intervalms="72.163" type="nursery" />
<cycle-start id="2160" type="scavenge" contextid="0" timestamp="2019-08-09T18:06:33.090" intervalms="72.156" />
<gc-start id="2161" type="scavenge" contextid="2160" timestamp="2019-08-09T18:06:33.091">
  <mem-info id="2162" free="2915256" total="22347776" percent="13">
    <mem type="nursery" free="0" total="13369344" percent="0">
      <mem type="allocate" free="0" total="11534336" percent="0" />
      <mem type="survivor" free="0" total="1835008" percent="0" />
    </mem>
    <mem type="tenure" free="2915256" total="8978432" percent="32">
      <mem type="soa" free="2826168" total="8889344" percent="31" />
      <mem type="loa" free="89088" total="89088" percent="100" />
    </mem>
    <remembered-set count="436" />
  </mem-info>
</gc-start>
<allocation-stats totalBytes="11082568" >
  <allocated-bytes non-tlh="278896" tlh="10803672" />
  <largest-consumer threadName="main" threadId="0000000001164F00" bytes="11082568" />
</allocation-stats>
<gc-op id="2163" type="scavenge" timems="7.226" contextid="2160" timestamp="2019-08-09T18:06:33.098">
  <scavenger-info tenureage="14" tenuremask="4000" tiltratio="86" />
  <memory-copied type="nursery" objects="17871" bytes="1106632" bytesdiscarded="118488" />
  <references type="soft" candidates="43" cleared="0" enqueued="0" dynamicThreshold="17" maxThreshold="32" />
  <references type="weak" candidates="217" cleared="0" enqueued="0" />
  <references type="phantom" candidates="1" cleared="0" enqueued="0" />
</gc-op>
<heap-resize id="2164" type="expand" space="nursery" amount="655360" count="1" timems="0.015" reason="excessive time being spent scavenging" timestamp="2019-08-09T18:06:33.098" />
<gc-end id="2165" type="scavenge" contextid="2160" durationms="7.470" usertimems="13.244" systemtimems="0.000" timestamp="2019-08-09T18:06:33.098" activeThreads="16">
  <mem-info id="2166" free="13486464" total="23003136" percent="58">
    <mem type="nursery" free="10571208" total="14024704" percent="75">
      <mem type="allocate" free="10571208" total="11796480" percent="89" />
      <mem type="survivor" free="0" total="2228224" percent="0" />
    </mem>
    <mem type="tenure" free="2915256" total="8978432" percent="32" macro-fragmented="2592282">
      <mem type="soa" free="2826168" total="8889344" percent="31" />
      <mem type="loa" free="89088" total="89088" percent="100" />
    </mem>
    <remembered-set count="431" />
  </mem-info>
</gc-end>
<cycle-end id="2167" type="scavenge" contextid="2160" timestamp="2019-08-09T18:06:33.098" />
  <attribute name="elasticGC enabled" value="1" />
  <attribute name= "numThreadsSpecified" value="16" />
  <attribute name="heapSize specified" value="16842752" />
  <attribute name="Current GC Util" value="22" />
  <attribute name= "Current Time Running" value="128960" />
  <attribute name ="GC Interval" value="2081" />
  <attribute name="Target GC Util Change" value ="80.000000" />
  <attribute name="Current GC Util Change" value="22.000000"/>
  <attribute name="Current Error" value="58.000000" />
  <attribute name="Output H" value="22423528"/>
  <attribute name="Output I" value="2080"/>
  <attribute name="Output T" value="16"/>
  <attribute name= "Current Time Running" value="128960" />
  <attribute name="GC Util currently" value="22" />
  <attribute name="CPU Util currently" value="15981637417" />
<allocation-satisfied id="2168" threadId="0000000001164F00" bytesRequested="32" />
<af-end id="2169" timestamp="2019-08-09T18:06:33.098" threadId="0000000001165888" success="true" from="nursery"/>
<exclusive-end id="2170" timestamp="2019-08-09T18:06:33.098" durationms="7.698" />

<exclusive-start id="2171" timestamp="2019-08-09T18:06:33.125" intervalms="34.616">
  <response-info timems="0.024" idlems="0.024" threads="0" lastid="0000000001164F00" lastname="main" />
</exclusive-start>
<af-start id="2172" threadId="0000000001165888" totalBytesRequested="48" timestamp="2019-08-09T18:06:33.125" intervalms="34.628" type="nursery" />
<cycle-start id="2173" type="scavenge" contextid="0" timestamp="2019-08-09T18:06:33.125" intervalms="34.633" />
<gc-start id="2174" type="scavenge" contextid="2173" timestamp="2019-08-09T18:06:33.125">
  <mem-info id="2175" free="2915256" total="23003136" percent="12">
    <mem type="nursery" free="0" total="14024704" percent="0">
      <mem type="allocate" free="0" total="11796480" percent="0" />
      <mem type="survivor" free="0" total="2228224" percent="0" />
    </mem>
    <mem type="tenure" free="2915256" total="8978432" percent="32">
      <mem type="soa" free="2826168" total="8889344" percent="31" />
      <mem type="loa" free="89088" total="89088" percent="100" />
    </mem>
    <remembered-set count="431" />
  </mem-info>
</gc-start>
<allocation-stats totalBytes="10570232" >
  <allocated-bytes non-tlh="32" tlh="10570200" />
  <largest-consumer threadName="main" threadId="0000000001164F00" bytes="10570232" />
</allocation-stats>
<gc-op id="2176" type="scavenge" timems="6.221" contextid="2173" timestamp="2019-08-09T18:06:33.131">
  <scavenger-info tenureage="14" tenuremask="4000" tiltratio="84" />
  <memory-copied type="nursery" objects="31946" bytes="1620784" bytesdiscarded="238480" />
  <references type="soft" candidates="43" cleared="0" enqueued="0" dynamicThreshold="17" maxThreshold="32" />
  <references type="weak" candidates="217" cleared="0" enqueued="0" />
  <references type="phantom" candidates="1" cleared="0" enqueued="0" />
</gc-op>
<heap-resize id="2177" type="expand" space="nursery" amount="1179648" count="1" timems="0.015" reason="excessive time being spent scavenging" timestamp="2019-08-09T18:06:33.131" />
<gc-end id="2178" type="scavenge" contextid="2173" durationms="6.384" usertimems="12.160" systemtimems="0.000" timestamp="2019-08-09T18:06:33.132" activeThreads="16">
  <mem-info id="2179" free="13507704" total="24182784" percent="55">
    <mem type="nursery" free="10592448" total="15204352" percent="69">
      <mem type="allocate" free="10592448" total="12451840" percent="85" />
      <mem type="survivor" free="0" total="2752512" percent="0" />
    </mem>
    <mem type="tenure" free="2915256" total="8978432" percent="32" macro-fragmented="2592282">
      <mem type="soa" free="2826168" total="8889344" percent="31" />
      <mem type="loa" free="89088" total="89088" percent="100" />
    </mem>
    <remembered-set count="366" />
  </mem-info>
</gc-end>
<cycle-end id="2180" type="scavenge" contextid="2173" timestamp="2019-08-09T18:06:33.132" />
  <attribute name="elasticGC enabled" value="1" />
  <attribute name= "numThreadsSpecified" value="16" />
  <attribute name="heapSize specified" value="16842752" />
  <attribute name="Current GC Util" value="38" />
  <attribute name= "Current Time Running" value="128995" />
  <attribute name ="GC Interval" value="2129" />
  <attribute name="Target GC Util Change" value ="80.000000" />
  <attribute name="Current GC Util Change" value="38.000000"/>
  <attribute name="Current Error" value="100.000000" />
  <attribute name="Output H" value="23078936"/>
  <attribute name="Output I" value="2128"/>
  <attribute name="Output T" value="16"/>
  <attribute name= "Current Time Running" value="128995" />
  <attribute name="GC Util currently" value="38" />
  <attribute name="CPU Util currently" value="33287732802" />
<allocation-satisfied id="2181" threadId="0000000001164F00" bytesRequested="48" />
<af-end id="2182" timestamp="2019-08-09T18:06:33.132" threadId="0000000001165888" success="true" from="nursery"/>
<exclusive-end id="2183" timestamp="2019-08-09T18:06:33.132" durationms="6.597" />

<exclusive-start id="2184" timestamp="2019-08-09T18:06:33.259" intervalms="133.529">
  <response-info timems="0.062" idlems="0.062" threads="0" lastid="0000000001164F00" lastname="main" />
</exclusive-start>
<af-start id="2185" threadId="0000000001165888" totalBytesRequested="576" timestamp="2019-08-09T18:06:33.259" intervalms="133.543" type="nursery" />
<cycle-start id="2186" type="scavenge" contextid="0" timestamp="2019-08-09T18:06:33.259" intervalms="133.543" />
<gc-start id="2187" type="scavenge" contextid="2186" timestamp="2019-08-09T18:06:33.259">
  <mem-info id="2188" free="2877200" total="24182784" percent="11">
    <mem type="nursery" free="0" total="15204352" percent="0">
      <mem type="allocate" free="0" total="12451840" percent="0" />
      <mem type="survivor" free="0" total="2752512" percent="0" />
    </mem>
    <mem type="tenure" free="2877200" total="8978432" percent="32">
      <mem type="soa" free="2788112" total="8889344" percent="31" />
      <mem type="loa" free="89088" total="89088" percent="100" />
    </mem>
    <remembered-set count="865" />
  </mem-info>
</gc-start>
<allocation-stats totalBytes="10627584" >
  <allocated-bytes non-tlh="438120" tlh="10189464" />
  <largest-consumer threadName="main" threadId="0000000001164F00" bytes="10627584" />
</allocation-stats>
<gc-op id="2189" type="scavenge" timems="5.988" contextid="2186" timestamp="2019-08-09T18:06:33.265">
  <scavenger-info tenureage="2" tenuremask="4044" tiltratio="81" />
  <memory-copied type="nursery" objects="2730" bytes="97872" bytesdiscarded="110024" />
  <memory-copied type="tenure" objects="1414" bytes="50864" bytesdiscarded="80" />
  <finalization candidates="1" enqueued="1" />
  <references type="soft" candidates="36" cleared="0" enqueued="0" dynamicThreshold="17" maxThreshold="32" />
  <references type="weak" candidates="379" cleared="5" enqueued="5" />
</gc-op>
<gc-end id="2190" type="scavenge" contextid="2186" durationms="6.135" usertimems="9.776" systemtimems="0.000" timestamp="2019-08-09T18:06:33.265" activeThreads="16">
  <mem-info id="2191" free="15384080" total="24182784" percent="63">
    <mem type="nursery" free="12571392" total="15204352" percent="82">
      <mem type="allocate" free="12571392" total="12779520" percent="98" />
      <mem type="survivor" free="0" total="2424832" percent="0" />
    </mem>
    <mem type="tenure" free="2812688" total="8978432" percent="31" macro-fragmented="2592282">
      <mem type="soa" free="2723600" total="8889344" percent="30" />
      <mem type="loa" free="89088" total="89088" percent="100" />
    </mem>
    <pending-finalizers system="0" default="1" reference="5" classloader="0" />
    <remembered-set count="655" />
  </mem-info>
</gc-end>
<cycle-end id="2192" type="scavenge" contextid="2186" timestamp="2019-08-09T18:06:33.265" />
  <attribute name="elasticGC enabled" value="1" />
  <attribute name= "numThreadsSpecified" value="16" />
  <attribute name="heapSize specified" value="16842752" />
  <attribute name="Current GC Util" value="9" />
  <attribute name= "Current Time Running" value="129128" />
  <attribute name ="GC Interval" value="2209" />
  <attribute name="Target GC Util Change" value ="80.000000" />
  <attribute name="Current GC Util Change" value="9.000000"/>
  <attribute name="Current Error" value="171.000000" />
  <attribute name="Output H" value="24258664"/>
  <attribute name="Output I" value="2208"/>
  <attribute name="Output T" value="16"/>
  <attribute name= "Current Time Running" value="129128" />
  <attribute name="GC Util currently" value="9" />
  <attribute name="CPU Util currently" value="8633194670" />
<allocation-satisfied id="2193" threadId="0000000001164F00" bytesRequested="576" />
<af-end id="2194" timestamp="2019-08-09T18:06:33.265" threadId="0000000001165888" success="true" from="nursery"/>
<exclusive-end id="2195" timestamp="2019-08-09T18:06:33.265" durationms="6.362" />

<exclusive-start id="2196" timestamp="2019-08-09T18:06:33.349" intervalms="89.984">
  <response-info timems="0.215" idlems="0.215" threads="0" lastid="0000000001164F00" lastname="main" />
</exclusive-start>
<af-start id="2197" threadId="0000000001165888" totalBytesRequested="32" timestamp="2019-08-09T18:06:33.349" intervalms="89.977" type="nursery" />
<cycle-start id="2198" type="scavenge" contextid="0" timestamp="2019-08-09T18:06:33.349" intervalms="89.975" />
<gc-start id="2199" type="scavenge" contextid="2198" timestamp="2019-08-09T18:06:33.349">
  <mem-info id="2200" free="2800776" total="24182784" percent="11">
    <mem type="nursery" free="0" total="15204352" percent="0">
      <mem type="allocate" free="0" total="12779520" percent="0" />
      <mem type="survivor" free="0" total="2424832" percent="0" />
    </mem>
    <mem type="tenure" free="2800776" total="8978432" percent="31">
      <mem type="soa" free="2711688" total="8889344" percent="30" />
      <mem type="loa" free="89088" total="89088" percent="100" />
    </mem>
    <remembered-set count="787" />
  </mem-info>
</gc-start>
<allocation-stats totalBytes="12580904" >
  <allocated-bytes non-tlh="678056" tlh="11902848" />
  <largest-consumer threadName="main" threadId="0000000001164F00" bytes="12572592" />
</allocation-stats>
<gc-op id="2201" type="scavenge" timems="4.950" contextid="2198" timestamp="2019-08-09T18:06:33.354">
  <scavenger-info tenureage="14" tenuremask="4000" tiltratio="84" />
  <memory-copied type="nursery" objects="7684" bytes="832288" bytesdiscarded="158104" />
  <references type="soft" candidates="60" cleared="0" enqueued="0" dynamicThreshold="17" maxThreshold="32" />
  <references type="weak" candidates="393" cleared="10" enqueued="10" />
  <references type="phantom" candidates="2" cleared="0" enqueued="0" />
</gc-op>
<gc-end id="2202" type="scavenge" contextid="2198" durationms="5.081" usertimems="10.343" systemtimems="0.000" timestamp="2019-08-09T18:06:33.354" activeThreads="16">
  <mem-info id="2203" free="14720696" total="24182784" percent="60">
    <mem type="nursery" free="11919920" total="15204352" percent="78">
      <mem type="allocate" free="11919920" total="12910592" percent="92" />
      <mem type="survivor" free="0" total="2293760" percent="0" />
    </mem>
    <mem type="tenure" free="2800776" total="8978432" percent="31" macro-fragmented="2592282">
      <mem type="soa" free="2711688" total="8889344" percent="30" />
      <mem type="loa" free="89088" total="89088" percent="100" />
    </mem>
    <pending-finalizers system="0" default="0" reference="10" classloader="0" />
    <remembered-set count="782" />
  </mem-info>
</gc-end>
<cycle-end id="2204" type="scavenge" contextid="2198" timestamp="2019-08-09T18:06:33.354" />
  <attribute name="elasticGC enabled" value="1" />
  <attribute name= "numThreadsSpecified" value="16" />
  <attribute name="heapSize specified" value="16842752" />
  <attribute name="Current GC Util" value="10" />
  <attribute name= "Current Time Running" value="129218" />
  <attribute name ="GC Interval" value="2289" />
  <attribute name="Target GC Util Change" value ="80.000000" />
  <attribute name="Current GC Util Change" value="10.000000"/>
  <attribute name="Current Error" value="241.000000" />
  <attribute name="Output H" value="24258744"/>
  <attribute name="Output I" value="2288"/>
  <attribute name="Output T" value="16"/>
  <attribute name= "Current Time Running" value="129218" />
  <attribute name="GC Util currently" value="10" />
  <attribute name="CPU Util currently" value="12813420660" />
<allocation-satisfied id="2205" threadId="0000000001164F00" bytesRequested="32" />
<af-end id="2206" timestamp="2019-08-09T18:06:33.354" threadId="0000000001165888" success="true" from="nursery"/>
<exclusive-end id="2207" timestamp="2019-08-09T18:06:33.354" durationms="5.276" />

<exclusive-start id="2208" timestamp="2019-08-09T18:06:33.410" intervalms="61.233">
  <response-info timems="0.248" idlems="0.248" threads="0" lastid="0000000001164F00" lastname="main" />
</exclusive-start>
<af-start id="2209" threadId="0000000001165888" totalBytesRequested="48" timestamp="2019-08-09T18:06:33.410" intervalms="61.385" type="nursery" />
<cycle-start id="2210" type="scavenge" contextid="0" timestamp="2019-08-09T18:06:33.410" intervalms="61.390" />
<gc-start id="2211" type="scavenge" contextid="2210" timestamp="2019-08-09T18:06:33.410">
  <mem-info id="2212" free="2795728" total="24182784" percent="11">
    <mem type="nursery" free="0" total="15204352" percent="0">
      <mem type="allocate" free="0" total="12910592" percent="0" />
      <mem type="survivor" free="0" total="2293760" percent="0" />
    </mem>
    <mem type="tenure" free="2795728" total="8978432" percent="31">
      <mem type="soa" free="2706640" total="8889344" percent="30" />
      <mem type="loa" free="89088" total="89088" percent="100" />
    </mem>
    <remembered-set count="812" />
  </mem-info>
</gc-start>
<allocation-stats totalBytes="11923600" >
  <allocated-bytes non-tlh="336168" tlh="11587432" />
  <largest-consumer threadName="main" threadId="0000000001164F00" bytes="11923600" />
</allocation-stats>
<gc-op id="2213" type="scavenge" timems="6.006" contextid="2210" timestamp="2019-08-09T18:06:33.416">
  <scavenger-info tenureage="14" tenuremask="4000" tiltratio="84" />
  <memory-copied type="nursery" objects="24317" bytes="1389440" bytesdiscarded="90064" />
  <references type="soft" candidates="61" cleared="0" enqueued="0" dynamicThreshold="17" maxThreshold="32" />
  <references type="weak" candidates="385" cleared="2" enqueued="2" />
  <references type="phantom" candidates="1" cleared="0" enqueued="0" />
</gc-op>
<heap-resize id="2214" type="expand" space="nursery" amount="917504" count="1" timems="0.020" reason="excessive time being spent scavenging" timestamp="2019-08-09T18:06:33.416" />
<gc-end id="2215" type="scavenge" contextid="2210" durationms="6.219" usertimems="11.643" systemtimems="0.000" timestamp="2019-08-09T18:06:33.416" activeThreads="16">
  <mem-info id="2216" free="14881912" total="25100288" percent="59">
    <mem type="nursery" free="12086184" total="16121856" percent="74">
      <mem type="allocate" free="12086184" total="13565952" percent="89" />
      <mem type="survivor" free="0" total="2555904" percent="0" />
    </mem>
    <mem type="tenure" free="2795728" total="8978432" percent="31" macro-fragmented="2160235">
      <mem type="soa" free="2706640" total="8889344" percent="30" />
      <mem type="loa" free="89088" total="89088" percent="100" />
    </mem>
    <pending-finalizers system="0" default="0" reference="2" classloader="0" />
    <remembered-set count="349" />
  </mem-info>
</gc-end>
<cycle-end id="2217" type="scavenge" contextid="2210" timestamp="2019-08-09T18:06:33.417" />
  <attribute name="elasticGC enabled" value="1" />
  <attribute name= "numThreadsSpecified" value="16" />
  <attribute name="heapSize specified" value="16842752" />
  <attribute name="Current GC Util" value="13" />
  <attribute name= "Current Time Running" value="129280" />
  <attribute name ="GC Interval" value="2369" />
  <attribute name="Target GC Util Change" value ="80.000000" />
  <attribute name="Current GC Util Change" value="13.000000"/>
  <attribute name="Current Error" value="308.000000" />
  <attribute name="Output H" value="24258824"/>
  <attribute name="Output I" value="2368"/>
  <attribute name="Output T" value="16"/>
  <attribute name= "Current Time Running" value="129280" />
  <attribute name="GC Util currently" value="13" />
  <attribute name="CPU Util currently" value="18772808016" />
<allocation-satisfied id="2218" threadId="0000000001164F00" bytesRequested="48" />
<af-end id="2219" timestamp="2019-08-09T18:06:33.417" threadId="0000000001165888" success="true" from="nursery"/>
<exclusive-end id="2220" timestamp="2019-08-09T18:06:33.417" durationms="6.781" />

<exclusive-start id="2221" timestamp="2019-08-09T18:06:33.504" intervalms="93.944">
  <response-info timems="0.045" idlems="0.045" threads="0" lastid="0000000001164F00" lastname="main" />
</exclusive-start>
<af-start id="2222" threadId="0000000001165888" totalBytesRequested="32" timestamp="2019-08-09T18:06:33.504" intervalms="93.813" type="nursery" />
<cycle-start id="2223" type="scavenge" contextid="0" timestamp="2019-08-09T18:06:33.504" intervalms="93.806" />
<gc-start id="2224" type="scavenge" contextid="2223" timestamp="2019-08-09T18:06:33.504">
  <mem-info id="2225" free="2742792" total="25100288" percent="10">
    <mem type="nursery" free="0" total="16121856" percent="0">
      <mem type="allocate" free="0" total="13565952" percent="0" />
      <mem type="survivor" free="0" total="2555904" percent="0" />
    </mem>
    <mem type="tenure" free="2742792" total="8978432" percent="30">
      <mem type="soa" free="2653704" total="8889344" percent="29" />
      <mem type="loa" free="89088" total="89088" percent="100" />
    </mem>
    <remembered-set count="845" />
  </mem-info>
</gc-start>
<allocation-stats totalBytes="12135408" >
  <allocated-bytes non-tlh="453000" tlh="11682408" />
  <largest-consumer threadName="main" threadId="0000000001164F00" bytes="12135408" />
</allocation-stats>
<gc-op id="2226" type="scavenge" timems="5.793" contextid="2223" timestamp="2019-08-09T18:06:33.510">
  <scavenger-info tenureage="14" tenuremask="4000" tiltratio="84" />
  <memory-copied type="nursery" objects="10237" bytes="650328" bytesdiscarded="116016" />
  <references type="soft" candidates="153" cleared="0" enqueued="0" dynamicThreshold="17" maxThreshold="32" />
  <references type="weak" candidates="631" cleared="9" enqueued="9" />
  <references type="phantom" candidates="1" cleared="0" enqueued="0" />
</gc-op>
<gc-end id="2227" type="scavenge" contextid="2223" durationms="5.954" usertimems="7.066" systemtimems="0.000" timestamp="2019-08-09T18:06:33.510" activeThreads="16">
  <mem-info id="2228" free="15869584" total="25100288" percent="63">
    <mem type="nursery" free="13126792" total="16121856" percent="81">
      <mem type="allocate" free="13126792" total="13893632" percent="94" />
      <mem type="survivor" free="0" total="2228224" percent="0" />
    </mem>
    <mem type="tenure" free="2742792" total="8978432" percent="30" macro-fragmented="2592282">
      <mem type="soa" free="2653704" total="8889344" percent="29" />
      <mem type="loa" free="89088" total="89088" percent="100" />
    </mem>
    <pending-finalizers system="0" default="0" reference="9" classloader="0" />
    <remembered-set count="735" />
  </mem-info>
</gc-end>
<cycle-end id="2229" type="scavenge" contextid="2223" timestamp="2019-08-09T18:06:33.510" />
  <attribute name="elasticGC enabled" value="1" />
  <attribute name= "numThreadsSpecified" value="16" />
  <attribute name="heapSize specified" value="16842752" />
  <attribute name="Current GC Util" value="12" />
  <attribute name= "Current Time Running" value="129374" />
  <attribute name ="GC Interval" value="2449" />
  <attribute name="Target GC Util Change" value ="80.000000" />
  <attribute name="Current GC Util Change" value="12.000000"/>
  <attribute name="Current Error" value="376.000000" />
  <attribute name="Output H" value="25176408"/>
  <attribute name="Output I" value="2448"/>
  <attribute name="Output T" value="16"/>
  <attribute name= "Current Time Running" value="129374" />
  <attribute name="GC Util currently" value="12" />
  <attribute name="CPU Util currently" value="12281886117" />
<allocation-satisfied id="2230" threadId="0000000001164F00" bytesRequested="32" />
<af-end id="2231" timestamp="2019-08-09T18:06:33.510" threadId="0000000001165888" success="true" from="nursery"/>
<exclusive-end id="2232" timestamp="2019-08-09T18:06:33.510" durationms="6.275" />

<exclusive-start id="2233" timestamp="2019-08-09T18:06:33.566" intervalms="62.030">
  <response-info timems="0.025" idlems="0.025" threads="0" lastid="0000000001164F00" lastname="main" />
</exclusive-start>
<af-start id="2234" threadId="0000000001165888" totalBytesRequested="24" timestamp="2019-08-09T18:06:33.566" intervalms="62.092" type="nursery" />
<cycle-start id="2235" type="scavenge" contextid="0" timestamp="2019-08-09T18:06:33.566" intervalms="62.093" />
<gc-start id="2236" type="scavenge" contextid="2235" timestamp="2019-08-09T18:06:33.566">
  <mem-info id="2237" free="2729208" total="25100288" percent="10">
    <mem type="nursery" free="0" total="16121856" percent="0">
      <mem type="allocate" free="0" total="13893632" percent="0" />
      <mem type="survivor" free="0" total="2228224" percent="0" />
    </mem>
    <mem type="tenure" free="2729208" total="8978432" percent="30">
      <mem type="soa" free="2640120" total="8889344" percent="29" />
      <mem type="loa" free="89088" total="89088" percent="100" />
    </mem>
    <remembered-set count="831" />
  </mem-info>
</gc-start>
<allocation-stats totalBytes="13138048" >
  <allocated-bytes non-tlh="613640" tlh="12524408" />
  <largest-consumer threadName="main" threadId="0000000001164F00" bytes="13138048" />
</allocation-stats>
<gc-op id="2238" type="scavenge" timems="5.107" contextid="2235" timestamp="2019-08-09T18:06:33.571">
  <scavenger-info tenureage="4" tenuremask="4010" tiltratio="86" />
  <memory-copied type="nursery" objects="14403" bytes="829920" bytesdiscarded="132984" />
  <memory-copied type="tenure" objects="2444" bytes="87176" bytesdiscarded="32" />
  <references type="soft" candidates="130" cleared="0" enqueued="0" dynamicThreshold="17" maxThreshold="32" />
  <references type="weak" candidates="278" cleared="1" enqueued="1" />
  <references type="phantom" candidates="1" cleared="0" enqueued="0" />
</gc-op>
<heap-resize id="2239" type="expand" space="nursery" amount="786432" count="1" timems="0.018" reason="excessive time being spent scavenging" timestamp="2019-08-09T18:06:33.571" />
<gc-end id="2240" type="scavenge" contextid="2235" durationms="5.374" usertimems="9.045" systemtimems="0.000" timestamp="2019-08-09T18:06:33.571" activeThreads="16">
  <mem-info id="2241" free="16408600" total="25886720" percent="63">
    <mem type="nursery" free="13782304" total="16908288" percent="81">
      <mem type="allocate" free="13782304" total="14745600" percent="93" />
      <mem type="survivor" free="0" total="2162688" percent="0" />
    </mem>
    <mem type="tenure" free="2626296" total="8978432" percent="29" macro-fragmented="2160235">
      <mem type="soa" free="2537208" total="8889344" percent="28" />
      <mem type="loa" free="89088" total="89088" percent="100" />
    </mem>
    <pending-finalizers system="0" default="0" reference="1" classloader="0" />
    <remembered-set count="767" />
  </mem-info>
</gc-end>
<cycle-end id="2242" type="scavenge" contextid="2235" timestamp="2019-08-09T18:06:33.571" />
  <attribute name="elasticGC enabled" value="1" />
  <attribute name= "numThreadsSpecified" value="16" />
  <attribute name="heapSize specified" value="16842752" />
  <attribute name="Current GC Util" value="11" />
  <attribute name= "Current Time Running" value="129436" />
  <attribute name ="GC Interval" value="2089" />
  <attribute name="Target GC Util Change" value ="80.000000" />
  <attribute name="Current GC Util Change" value="11.000000"/>
  <attribute name="Current Error" value="69.000000" />
  <attribute name="Output H" value="25176048"/>
  <attribute name="Output I" value="2088"/>
  <attribute name="Output T" value="16"/>
  <attribute name= "Current Time Running" value="129436" />
  <attribute name="GC Util currently" value="11" />
  <attribute name="CPU Util currently" value="18578038574" />
<allocation-satisfied id="2243" threadId="0000000001164F00" bytesRequested="24" />
<af-end id="2244" timestamp="2019-08-09T18:06:33.571" threadId="0000000001165888" success="true" from="nursery"/>
<exclusive-end id="2245" timestamp="2019-08-09T18:06:33.571" durationms="5.682" />

<exclusive-start id="2246" timestamp="2019-08-09T18:06:33.649" intervalms="83.560">
  <response-info timems="0.626" idlems="0.626" threads="0" lastid="0000000001164F00" lastname="main" />
</exclusive-start>
<af-start id="2247" threadId="0000000001165888" totalBytesRequested="32" timestamp="2019-08-09T18:06:33.649" intervalms="83.505" type="nursery" />
<cycle-start id="2248" type="scavenge" contextid="0" timestamp="2019-08-09T18:06:33.649" intervalms="83.504" />
<gc-start id="2249" type="scavenge" contextid="2248" timestamp="2019-08-09T18:06:33.649">
  <mem-info id="2250" free="2609056" total="25886720" percent="10">
    <mem type="nursery" free="0" total="16908288" percent="0">
      <mem type="allocate" free="0" total="14745600" percent="0" />
      <mem type="survivor" free="0" total="2162688" percent="0" />
    </mem>
    <mem type="tenure" free="2609056" total="8978432" percent="29">
      <mem type="soa" free="2519968" total="8889344" percent="28" />
      <mem type="loa" free="89088" total="89088" percent="100" />
    </mem>
    <remembered-set count="933" />
  </mem-info>
</gc-start>
<allocation-stats totalBytes="13797488" >
  <allocated-bytes non-tlh="617288" tlh="13180200" />
  <largest-consumer threadName="main" threadId="0000000001164F00" bytes="13797488" />
</allocation-stats>
<gc-op id="2251" type="scavenge" timems="5.467" contextid="2248" timestamp="2019-08-09T18:06:33.655">
  <scavenger-info tenureage="8" tenuremask="4100" tiltratio="87" />
  <memory-copied type="nursery" objects="20964" bytes="1142856" bytesdiscarded="119536" />
  <memory-copied type="tenure" objects="242" bytes="8848" bytesdiscarded="224" />
  <references type="soft" candidates="156" cleared="0" enqueued="0" dynamicThreshold="17" maxThreshold="32" />
  <references type="weak" candidates="336" cleared="2" enqueued="2" />
  <references type="phantom" candidates="1" cleared="0" enqueued="0" />
</gc-op>
<gc-end id="2252" type="scavenge" contextid="2248" durationms="5.666" usertimems="15.472" systemtimems="0.000" timestamp="2019-08-09T18:06:33.655" activeThreads="16">
  <mem-info id="2253" free="16419424" total="25886720" percent="63">
    <mem type="nursery" free="13810368" total="16908288" percent="81">
      <mem type="allocate" free="13810368" total="15073280" percent="91" />
      <mem type="survivor" free="0" total="1835008" percent="0" />
    </mem>
    <mem type="tenure" free="2609056" total="8978432" percent="29" macro-fragmented="1800196">
      <mem type="soa" free="2519968" total="8889344" percent="28" />
      <mem type="loa" free="89088" total="89088" percent="100" />
    </mem>
    <pending-finalizers system="0" default="0" reference="2" classloader="0" />
    <remembered-set count="421" />
  </mem-info>
</gc-end>
<cycle-end id="2254" type="scavenge" contextid="2248" timestamp="2019-08-09T18:06:33.655" />
  <attribute name="elasticGC enabled" value="1" />
  <attribute name= "numThreadsSpecified" value="16" />
  <attribute name="heapSize specified" value="16842752" />
  <attribute name="Current GC Util" value="11" />
  <attribute name= "Current Time Running" value="129519" />
  <attribute name ="GC Interval" value="2169" />
  <attribute name="Target GC Util Change" value ="80.000000" />
  <attribute name="Current GC Util Change" value="11.000000"/>
  <attribute name="Current Error" value="138.000000" />
  <attribute name="Output H" value="25962560"/>
  <attribute name="Output I" value="2168"/>
  <attribute name="Output T" value="16"/>
  <attribute name= "Current Time Running" value="129519" />
  <attribute name="GC Util currently" value="11" />
  <attribute name="CPU Util currently" value="13816617413" />
<allocation-satisfied id="2255" threadId="0000000001164F00" bytesRequested="32" />
<af-end id="2256" timestamp="2019-08-09T18:06:33.655" threadId="0000000001165888" success="true" from="nursery"/>
<exclusive-end id="2257" timestamp="2019-08-09T18:06:33.655" durationms="5.928" />

<exclusive-start id="2258" timestamp="2019-08-09T18:06:33.696" intervalms="46.385">
  <response-info timems="0.050" idlems="0.050" threads="0" lastid="0000000001164F00" lastname="main" />
</exclusive-start>
<af-start id="2259" threadId="0000000001165888" totalBytesRequested="48" timestamp="2019-08-09T18:06:33.696" intervalms="46.350" type="nursery" />
<cycle-start id="2260" type="scavenge" contextid="0" timestamp="2019-08-09T18:06:33.696" intervalms="46.349" />
<gc-start id="2261" type="scavenge" contextid="2260" timestamp="2019-08-09T18:06:33.696">
  <mem-info id="2262" free="2608296" total="25886720" percent="10">
    <mem type="nursery" free="0" total="16908288" percent="0">
      <mem type="allocate" free="0" total="15073280" percent="0" />
      <mem type="survivor" free="0" total="1835008" percent="0" />
    </mem>
    <mem type="tenure" free="2608296" total="8978432" percent="29">
      <mem type="soa" free="2519208" total="8889344" percent="28" />
      <mem type="loa" free="89088" total="89088" percent="100" />
    </mem>
    <remembered-set count="434" />
  </mem-info>
</gc-start>
<allocation-stats totalBytes="13809352" >
  <allocated-bytes non-tlh="200800" tlh="13608552" />
  <largest-consumer threadName="main" threadId="0000000001164F00" bytes="13805256" />
</allocation-stats>
<gc-op id="2263" type="scavenge" timems="4.708" contextid="2260" timestamp="2019-08-09T18:06:33.701">
  <scavenger-info tenureage="14" tenuremask="4000" tiltratio="89" />
  <memory-copied type="nursery" objects="15841" bytes="978568" bytesdiscarded="144064" />
  <references type="soft" candidates="157" cleared="0" enqueued="0" dynamicThreshold="17" maxThreshold="32" />
  <references type="weak" candidates="332" cleared="0" enqueued="0" />
  <references type="phantom" candidates="1" cleared="0" enqueued="0" />
</gc-op>
<heap-resize id="2264" type="expand" space="nursery" amount="917504" count="1" timems="0.022" reason="excessive time being spent scavenging" timestamp="2019-08-09T18:06:33.701" />
<gc-end id="2265" type="scavenge" contextid="2260" durationms="5.479" usertimems="10.078" systemtimems="0.000" timestamp="2019-08-09T18:06:33.701" activeThreads="16">
  <mem-info id="2266" free="17410416" total="26804224" percent="64">
    <mem type="nursery" free="14802120" total="17825792" percent="83">
      <mem type="allocate" free="14802120" total="15925248" percent="92" />
      <mem type="survivor" free="0" total="1900544" percent="0" />
    </mem>
    <mem type="tenure" free="2608296" total="8978432" percent="29" macro-fragmented="2160235">
      <mem type="soa" free="2519208" total="8889344" percent="28" />
      <mem type="loa" free="89088" total="89088" percent="100" />
    </mem>
    <remembered-set count="348" />
  </mem-info>
</gc-end>
<cycle-end id="2267" type="scavenge" contextid="2260" timestamp="2019-08-09T18:06:33.702" />
  <attribute name="elasticGC enabled" value="1" />
  <attribute name= "numThreadsSpecified" value="16" />
  <attribute name="heapSize specified" value="16842752" />
  <attribute name="Current GC Util" value="25" />
  <attribute name= "Current Time Running" value="129565" />
  <attribute name ="GC Interval" value="2233" />
  <attribute name="Target GC Util Change" value ="80.000000" />
  <attribute name="Current GC Util Change" value="25.000000"/>
  <attribute name="Current Error" value="193.000000" />
  <attribute name="Output H" value="25962624"/>
  <attribute name="Output I" value="2232"/>
  <attribute name="Output T" value="16"/>
  <attribute name= "Current Time Running" value="129565" />
  <attribute name="GC Util currently" value="25" />
  <attribute name="CPU Util currently" value="24840936958" />
<allocation-satisfied id="2268" threadId="0000000001164F00" bytesRequested="48" />
<af-end id="2269" timestamp="2019-08-09T18:06:33.702" threadId="0000000001165888" success="true" from="nursery"/>
<exclusive-end id="2270" timestamp="2019-08-09T18:06:33.702" durationms="5.885" />

<exclusive-start id="2271" timestamp="2019-08-09T18:06:33.761" intervalms="65.038">
  <response-info timems="0.102" idlems="0.102" threads="0" lastid="0000000001164F00" lastname="main" />
</exclusive-start>
<af-start id="2272" threadId="0000000001165888" totalBytesRequested="32" timestamp="2019-08-09T18:06:33.761" intervalms="65.044" type="nursery" />
<cycle-start id="2273" type="scavenge" contextid="0" timestamp="2019-08-09T18:06:33.761" intervalms="65.046" />
<gc-start id="2274" type="scavenge" contextid="2273" timestamp="2019-08-09T18:06:33.761">
  <mem-info id="2275" free="2607920" total="26804224" percent="9">
    <mem type="nursery" free="0" total="17825792" percent="0">
      <mem type="allocate" free="0" total="15925248" percent="0" />
      <mem type="survivor" free="0" total="1900544" percent="0" />
    </mem>
    <mem type="tenure" free="2607920" total="8978432" percent="29">
      <mem type="soa" free="2518832" total="8889344" percent="28" />
      <mem type="loa" free="89088" total="89088" percent="100" />
    </mem>
    <remembered-set count="354" />
  </mem-info>
</gc-start>
<allocation-stats totalBytes="14800624" >
  <allocated-bytes non-tlh="200432" tlh="14600192" />
  <largest-consumer threadName="main" threadId="0000000001164F00" bytes="14800624" />
</allocation-stats>
<gc-op id="2276" type="scavenge" timems="9.506" contextid="2273" timestamp="2019-08-09T18:06:33.771">
  <scavenger-info tenureage="14" tenuremask="4000" tiltratio="89" />
  <memory-copied type="nursery" objects="12610" bytes="749600" bytesdiscarded="56024" />
  <references type="soft" candidates="158" cleared="0" enqueued="0" dynamicThreshold="17" maxThreshold="32" />
  <references type="weak" candidates="348" cleared="0" enqueued="0" />
  <references type="phantom" candidates="1" cleared="0" enqueued="0" />
</gc-op>
<heap-resize id="2277" type="expand" space="nursery" amount="1048576" count="1" timems="0.022" reason="excessive time being spent scavenging" timestamp="2019-08-09T18:06:33.771" />
<gc-end id="2278" type="scavenge" contextid="2273" durationms="9.915" usertimems="26.197" systemtimems="0.000" timestamp="2019-08-09T18:06:33.771" activeThreads="16">
  <mem-info id="2279" free="18710064" total="27852800" percent="67">
    <mem type="nursery" free="16102144" total="18874368" percent="85">
      <mem type="allocate" free="16102144" total="16908288" percent="95" />
      <mem type="survivor" free="0" total="1966080" percent="0" />
    </mem>
    <mem type="tenure" free="2607920" total="8978432" percent="29" macro-fragmented="2160235">
      <mem type="soa" free="2518832" total="8889344" percent="28" />
      <mem type="loa" free="89088" total="89088" percent="100" />
    </mem>
    <remembered-set count="210" />
  </mem-info>
</gc-end>
<cycle-end id="2280" type="scavenge" contextid="2273" timestamp="2019-08-09T18:06:33.771" />
  <attribute name="elasticGC enabled" value="1" />
  <attribute name= "numThreadsSpecified" value="16" />
  <attribute name="heapSize specified" value="16842752" />
  <attribute name="Current GC Util" value="14" />
  <attribute name= "Current Time Running" value="129631" />
  <attribute name ="GC Interval" value="2313" />
  <attribute name="Target GC Util Change" value ="80.000000" />
  <attribute name="Current GC Util Change" value="14.000000"/>
  <attribute name="Current Error" value="259.000000" />
  <attribute name="Output H" value="26880208"/>
  <attribute name="Output I" value="2312"/>
  <attribute name="Output T" value="16"/>
  <attribute name= "Current Time Running" value="129631" />
  <attribute name="GC Util currently" value="14" />
  <attribute name="CPU Util currently" value="17695327221" />
<allocation-satisfied id="2281" threadId="0000000001164F00" bytesRequested="32" />
<af-end id="2282" timestamp="2019-08-09T18:06:33.771" threadId="0000000001165888" success="true" from="nursery"/>
<exclusive-end id="2283" timestamp="2019-08-09T18:06:33.771" durationms="10.268" />

<exclusive-start id="2284" timestamp="2019-08-09T18:06:33.817" intervalms="56.360">
  <response-info timems="0.450" idlems="0.450" threads="0" lastid="0000000001164F00" lastname="main" />
</exclusive-start>
<af-start id="2285" threadId="0000000001165888" totalBytesRequested="24" timestamp="2019-08-09T18:06:33.817" intervalms="56.365" type="nursery" />
<cycle-start id="2286" type="scavenge" contextid="0" timestamp="2019-08-09T18:06:33.817" intervalms="56.371" />
<gc-start id="2287" type="scavenge" contextid="2286" timestamp="2019-08-09T18:06:33.817">
  <mem-info id="2288" free="2605904" total="27852800" percent="9">
    <mem type="nursery" free="0" total="18874368" percent="0">
      <mem type="allocate" free="0" total="16908288" percent="0" />
      <mem type="survivor" free="0" total="1966080" percent="0" />
    </mem>
    <mem type="tenure" free="2605904" total="8978432" percent="29">
      <mem type="soa" free="2516816" total="8889344" percent="28" />
      <mem type="loa" free="89088" total="89088" percent="100" />
    </mem>
    <remembered-set count="225" />
  </mem-info>
</gc-start>
<allocation-stats totalBytes="16102296" >
  <allocated-bytes non-tlh="202056" tlh="15900240" />
  <largest-consumer threadName="main" threadId="0000000001164F00" bytes="16102296" />
</allocation-stats>
<gc-op id="2289" type="scavenge" timems="5.968" contextid="2286" timestamp="2019-08-09T18:06:33.823">
  <scavenger-info tenureage="5" tenuremask="4020" tiltratio="89" />
  <memory-copied type="nursery" objects="12522" bytes="802952" bytesdiscarded="112192" />
  <memory-copied type="tenure" objects="3632" bytes="117568" bytesdiscarded="8" />
  <references type="soft" candidates="67" cleared="0" enqueued="0" dynamicThreshold="17" maxThreshold="32" />
  <references type="weak" candidates="121" cleared="0" enqueued="0" />
  <references type="phantom" candidates="1" cleared="0" enqueued="0" />
</gc-op>
<heap-resize id="2290" type="expand" space="nursery" amount="1048576" count="1" timems="0.019" reason="excessive time being spent scavenging" timestamp="2019-08-09T18:06:33.823" />
<gc-end id="2291" type="scavenge" contextid="2286" durationms="6.315" usertimems="13.278" systemtimems="0.000" timestamp="2019-08-09T18:06:33.824" activeThreads="16">
  <mem-info id="2292" free="19471088" total="28901376" percent="67">
    <mem type="nursery" free="16975776" total="19922944" percent="85">
      <mem type="allocate" free="16975776" total="17891328" percent="94" />
      <mem type="survivor" free="0" total="2031616" percent="0" />
    </mem>
    <mem type="tenure" free="2495312" total="8978432" percent="27" macro-fragmented="1800196">
      <mem type="soa" free="2406224" total="8889344" percent="27" />
      <mem type="loa" free="89088" total="89088" percent="100" />
    </mem>
    <remembered-set count="280" />
  </mem-info>
</gc-end>
<cycle-end id="2293" type="scavenge" contextid="2286" timestamp="2019-08-09T18:06:33.824" />
  <attribute name="elasticGC enabled" value="1" />
  <attribute name= "numThreadsSpecified" value="16" />
  <attribute name="heapSize specified" value="16842752" />
  <attribute name="Current GC Util" value="28" />
  <attribute name= "Current Time Running" value="129687" />
  <attribute name ="GC Interval" value="2369" />
  <attribute name="Target GC Util Change" value ="80.000000" />
  <attribute name="Current GC Util Change" value="28.000000"/>
  <attribute name="Current Error" value="311.000000" />
  <attribute name="Output H" value="27928840"/>
  <attribute name="Output I" value="2368"/>
  <attribute name="Output T" value="16"/>
  <attribute name= "Current Time Running" value="129687" />
  <attribute name="GC Util currently" value="28" />
  <attribute name="CPU Util currently" value="20512479161" />
<allocation-satisfied id="2294" threadId="0000000001164F00" bytesRequested="24" />
<af-end id="2295" timestamp="2019-08-09T18:06:33.824" threadId="0000000001165888" success="true" from="nursery"/>
<exclusive-end id="2296" timestamp="2019-08-09T18:06:33.824" durationms="6.555" />

<exclusive-start id="2297" timestamp="2019-08-09T18:06:33.879" intervalms="62.296">
  <response-info timems="2.381" idlems="2.381" threads="0" lastid="0000000001164F00" lastname="main" />
</exclusive-start>
<af-start id="2298" threadId="0000000001165888" totalBytesRequested="24" timestamp="2019-08-09T18:06:33.879" intervalms="62.290" type="nursery" />
<cycle-start id="2299" type="scavenge" contextid="0" timestamp="2019-08-09T18:06:33.879" intervalms="62.285" />
<gc-start id="2300" type="scavenge" contextid="2299" timestamp="2019-08-09T18:06:33.880">
  <mem-info id="2301" free="2494880" total="28901376" percent="8">
    <mem type="nursery" free="0" total="19922944" percent="0">
      <mem type="allocate" free="0" total="17891328" percent="0" />
      <mem type="survivor" free="0" total="2031616" percent="0" />
    </mem>
    <mem type="tenure" free="2494880" total="8978432" percent="27">
      <mem type="soa" free="2405792" total="8889344" percent="27" />
      <mem type="loa" free="89088" total="89088" percent="100" />
    </mem>
    <remembered-set count="287" />
  </mem-info>
</gc-start>
<allocation-stats totalBytes="16974408" >
  <allocated-bytes non-tlh="200464" tlh="16773944" />
  <largest-consumer threadName="main" threadId="0000000001164F00" bytes="16974408" />
</allocation-stats>
<gc-op id="2302" type="scavenge" timems="7.171" contextid="2299" timestamp="2019-08-09T18:06:33.887">
  <scavenger-info tenureage="14" tenuremask="4000" tiltratio="89" />
  <memory-copied type="nursery" objects="21193" bytes="1116768" bytesdiscarded="136264" />
  <references type="soft" candidates="68" cleared="0" enqueued="0" dynamicThreshold="17" maxThreshold="32" />
  <references type="weak" candidates="127" cleared="0" enqueued="0" />
  <references type="phantom" candidates="1" cleared="0" enqueued="0" />
</gc-op>
<heap-resize id="2303" type="expand" space="nursery" amount="1048576" count="1" timems="0.022" reason="excessive time being spent scavenging" timestamp="2019-08-09T18:06:33.887" />
<gc-end id="2304" type="scavenge" contextid="2299" durationms="7.654" usertimems="15.893" systemtimems="0.000" timestamp="2019-08-09T18:06:33.887" activeThreads="16">
  <mem-info id="2305" free="20050248" total="29949952" percent="66">
    <mem type="nursery" free="17555368" total="20971520" percent="83">
      <mem type="allocate" free="17555368" total="18808832" percent="93" />
      <mem type="survivor" free="0" total="2162688" percent="0" />
    </mem>
    <mem type="tenure" free="2494880" total="8978432" percent="27" macro-fragmented="2160235">
      <mem type="soa" free="2405792" total="8889344" percent="27" />
      <mem type="loa" free="89088" total="89088" percent="100" />
    </mem>
    <remembered-set count="282" />
  </mem-info>
</gc-end>
<cycle-end id="2306" type="scavenge" contextid="2299" timestamp="2019-08-09T18:06:33.887" />
  <attribute name="elasticGC enabled" value="1" />
  <attribute name= "numThreadsSpecified" value="16" />
  <attribute name="heapSize specified" value="16842752" />
  <attribute name="Current GC Util" value="20" />
  <attribute name= "Current Time Running" value="129749" />
  <attribute name ="GC Interval" value="2441" />
  <attribute name="Target GC Util Change" value ="80.000000" />
  <attribute name="Current GC Util Change" value="20.000000"/>
  <attribute name="Current Error" value="371.000000" />
  <attribute name="Output H" value="28977488"/>
  <attribute name="Output I" value="2440"/>
  <attribute name="Output T" value="16"/>
  <attribute name= "Current Time Running" value="129749" />
  <attribute name="GC Util currently" value="20" />
  <attribute name="CPU Util currently" value="18513538336" />
<allocation-satisfied id="2307" threadId="0000000001164F00" bytesRequested="24" />
<af-end id="2308" timestamp="2019-08-09T18:06:33.887" threadId="0000000001165888" success="true" from="nursery"/>
<exclusive-end id="2309" timestamp="2019-08-09T18:06:33.887" durationms="7.895" />

<exclusive-start id="2310" timestamp="2019-08-09T18:06:33.946" intervalms="67.000">
  <response-info timems="0.023" idlems="0.023" threads="0" lastid="0000000001164F00" lastname="main" />
</exclusive-start>
<af-start id="2311" threadId="0000000001165888" totalBytesRequested="40" timestamp="2019-08-09T18:06:33.946" intervalms="67.033" type="nursery" />
<cycle-start id="2312" type="scavenge" contextid="0" timestamp="2019-08-09T18:06:33.946" intervalms="67.038" />
<gc-start id="2313" type="scavenge" contextid="2312" timestamp="2019-08-09T18:06:33.947">
  <mem-info id="2314" free="2493216" total="29949952" percent="8">
    <mem type="nursery" free="0" total="20971520" percent="0">
      <mem type="allocate" free="0" total="18808832" percent="0" />
      <mem type="survivor" free="0" total="2162688" percent="0" />
    </mem>
    <mem type="tenure" free="2493216" total="8978432" percent="27">
      <mem type="soa" free="2404128" total="8889344" percent="27" />
      <mem type="loa" free="89088" total="89088" percent="100" />
    </mem>
    <remembered-set count="314" />
  </mem-info>
</gc-start>
<allocation-stats totalBytes="17554664" >
  <allocated-bytes non-tlh="601712" tlh="16952952" />
  <largest-consumer threadName="main" threadId="0000000001164F00" bytes="17554664" />
</allocation-stats>
<gc-op id="2315" type="scavenge" timems="7.195" contextid="2312" timestamp="2019-08-09T18:06:33.954">
  <scavenger-info tenureage="9" tenuremask="4200" tiltratio="89" />
  <memory-copied type="nursery" objects="8579" bytes="587520" bytesdiscarded="94232" />
  <memory-copied type="tenure" objects="643" bytes="22752" bytesdiscarded="0" />
  <references type="soft" candidates="47" cleared="0" enqueued="0" dynamicThreshold="17" maxThreshold="32" />
  <references type="weak" candidates="133" cleared="0" enqueued="0" />
  <references type="phantom" candidates="1" cleared="0" enqueued="0" />
</gc-op>
<heap-resize id="2316" type="expand" space="nursery" amount="1048576" count="1" timems="0.019" reason="excessive time being spent scavenging" timestamp="2019-08-09T18:06:33.954" />
<gc-end id="2317" type="scavenge" contextid="2312" durationms="7.458" usertimems="12.532" systemtimems="0.000" timestamp="2019-08-09T18:06:33.954" activeThreads="16">
  <mem-info id="2318" free="21602864" total="30998528" percent="69">
    <mem type="nursery" free="19109648" total="22020096" percent="86">
      <mem type="allocate" free="19109648" total="19791872" percent="96" />
      <mem type="survivor" free="0" total="2228224" percent="0" />
    </mem>
    <mem type="tenure" free="2493216" total="8978432" percent="27" macro-fragmented="2160235">
      <mem type="soa" free="2404128" total="8889344" percent="27" />
      <mem type="loa" free="89088" total="89088" percent="100" />
    </mem>
    <remembered-set count="276" />
  </mem-info>
</gc-end>
<cycle-end id="2319" type="scavenge" contextid="2312" timestamp="2019-08-09T18:06:33.954" />
  <attribute name="elasticGC enabled" value="1" />
  <attribute name= "numThreadsSpecified" value="16" />
  <attribute name="heapSize specified" value="16842752" />
  <attribute name="Current GC Util" value="22" />
  <attribute name= "Current Time Running" value="129816" />
  <attribute name ="GC Interval" value="2081" />
  <attribute name="Target GC Util Change" value ="80.000000" />
  <attribute name="Current GC Util Change" value="22.000000"/>
  <attribute name="Current Error" value="58.000000" />
  <attribute name="Output H" value="30025704"/>
  <attribute name="Output I" value="2080"/>
  <attribute name="Output T" value="16"/>
  <attribute name= "Current Time Running" value="129816" />
  <attribute name="GC Util currently" value="22" />
  <attribute name="CPU Util currently" value="17191942743" />
<allocation-satisfied id="2320" threadId="0000000001164F00" bytesRequested="40" />
<af-end id="2321" timestamp="2019-08-09T18:06:33.954" threadId="0000000001165888" success="true" from="nursery"/>
<exclusive-end id="2322" timestamp="2019-08-09T18:06:33.954" durationms="7.713" />

<exclusive-start id="2323" timestamp="2019-08-09T18:06:34.013" intervalms="66.650">
  <response-info timems="0.071" idlems="0.071" threads="0" lastid="0000000001164F00" lastname="main" />
</exclusive-start>
<af-start id="2324" threadId="0000000001165888" totalBytesRequested="32" timestamp="2019-08-09T18:06:34.013" intervalms="66.625" type="nursery" />
<cycle-start id="2325" type="scavenge" contextid="0" timestamp="2019-08-09T18:06:34.013" intervalms="66.765" />
<gc-start id="2326" type="scavenge" contextid="2325" timestamp="2019-08-09T18:06:34.013">
  <mem-info id="2327" free="2492792" total="30998528" percent="8">
    <mem type="nursery" free="0" total="22020096" percent="0">
      <mem type="allocate" free="0" total="19791872" percent="0" />
      <mem type="survivor" free="0" total="2228224" percent="0" />
    </mem>
    <mem type="tenure" free="2492792" total="8978432" percent="27">
      <mem type="soa" free="2403704" total="8889344" percent="27" />
      <mem type="loa" free="89088" total="89088" percent="100" />
    </mem>
    <remembered-set count="283" />
  </mem-info>
</gc-start>
<allocation-stats totalBytes="19107904" >
  <allocated-bytes non-tlh="200472" tlh="18907432" />
  <largest-consumer threadName="main" threadId="0000000001164F00" bytes="19107904" />
</allocation-stats>
<gc-op id="2328" type="scavenge" timems="5.780" contextid="2325" timestamp="2019-08-09T18:06:34.019">
  <scavenger-info tenureage="6" tenuremask="4040" tiltratio="89" />
  <memory-copied type="nursery" objects="16538" bytes="928176" bytesdiscarded="146568" />
  <memory-copied type="tenure" objects="1280" bytes="44416" bytesdiscarded="8" />
  <references type="soft" candidates="12" cleared="0" enqueued="0" dynamicThreshold="17" maxThreshold="32" />
  <references type="weak" candidates="76" cleared="0" enqueued="0" />
  <references type="phantom" candidates="1" cleared="0" enqueued="0" />
</gc-op>
<gc-end id="2329" type="scavenge" contextid="2325" durationms="5.955" usertimems="23.747" systemtimems="0.000" timestamp="2019-08-09T18:06:34.019" activeThreads="16">
  <mem-info id="2330" free="21146576" total="30998528" percent="68">
    <mem type="nursery" free="18716760" total="22020096" percent="84">
      <mem type="allocate" free="18716760" total="19791872" percent="94" />
      <mem type="survivor" free="0" total="2228224" percent="0" />
    </mem>
    <mem type="tenure" free="2429816" total="8978432" percent="27" macro-fragmented="2160235">
      <mem type="soa" free="2340728" total="8889344" percent="26" />
      <mem type="loa" free="89088" total="89088" percent="100" />
    </mem>
    <remembered-set count="286" />
  </mem-info>
</gc-end>
<cycle-end id="2331" type="scavenge" contextid="2325" timestamp="2019-08-09T18:06:34.019" />
  <attribute name="elasticGC enabled" value="1" />
  <attribute name= "numThreadsSpecified" value="16" />
  <attribute name="heapSize specified" value="16842752" />
  <attribute name="Current GC Util" value="17" />
  <attribute name= "Current Time Running" value="129883" />
  <attribute name ="GC Interval" value="2153" />
  <attribute name="Target GC Util Change" value ="80.000000" />
  <attribute name="Current GC Util Change" value="17.000000"/>
  <attribute name="Current Error" value="121.000000" />
  <attribute name="Output H" value="31074352"/>
  <attribute name="Output I" value="2152"/>
  <attribute name="Output T" value="16"/>
  <attribute name= "Current Time Running" value="129883" />
  <attribute name="GC Util currently" value="17" />
  <attribute name="CPU Util currently" value="17235101860" />
<allocation-satisfied id="2332" threadId="0000000001164F00" bytesRequested="32" />
<af-end id="2333" timestamp="2019-08-09T18:06:34.019" threadId="0000000001165888" success="true" from="nursery"/>
<exclusive-end id="2334" timestamp="2019-08-09T18:06:34.019" durationms="6.358" />

<exclusive-start id="2335" timestamp="2019-08-09T18:06:34.088" intervalms="74.556">
  <response-info timems="0.120" idlems="0.120" threads="0" lastid="0000000001164F00" lastname="main" />
</exclusive-start>
<af-start id="2336" threadId="0000000001165888" totalBytesRequested="32" timestamp="2019-08-09T18:06:34.088" intervalms="74.548" type="nursery" />
<cycle-start id="2337" type="scavenge" contextid="0" timestamp="2019-08-09T18:06:34.088" intervalms="74.407" />
<gc-start id="2338" type="scavenge" contextid="2337" timestamp="2019-08-09T18:06:34.088">
  <mem-info id="2339" free="2429456" total="30998528" percent="7">
    <mem type="nursery" free="0" total="22020096" percent="0">
      <mem type="allocate" free="0" total="19791872" percent="0" />
      <mem type="survivor" free="0" total="2228224" percent="0" />
    </mem>
    <mem type="tenure" free="2429456" total="8978432" percent="27">
      <mem type="soa" free="2340368" total="8889344" percent="26" />
      <mem type="loa" free="89088" total="89088" percent="100" />
    </mem>
    <remembered-set count="293" />
  </mem-info>
</gc-start>
<allocation-stats totalBytes="18714952" >
  <allocated-bytes non-tlh="200400" tlh="18514552" />
  <largest-consumer threadName="main" threadId="0000000001164F00" bytes="18714952" />
</allocation-stats>
<gc-op id="2340" type="scavenge" timems="6.510" contextid="2337" timestamp="2019-08-09T18:06:34.094">
  <scavenger-info tenureage="8" tenuremask="4100" tiltratio="89" />
  <memory-copied type="nursery" objects="17767" bytes="974936" bytesdiscarded="206664" />
  <memory-copied type="tenure" objects="550" bytes="18864" bytesdiscarded="8" />
  <references type="soft" candidates="10" cleared="0" enqueued="0" dynamicThreshold="17" maxThreshold="32" />
  <references type="weak" candidates="57" cleared="0" enqueued="0" />
  <references type="phantom" candidates="1" cleared="0" enqueued="0" />
</gc-op>
<heap-resize id="2341" type="expand" space="nursery" amount="1179648" count="1" timems="0.020" reason="excessive time being spent scavenging" timestamp="2019-08-09T18:06:34.094" />
<gc-end id="2342" type="scavenge" contextid="2337" durationms="6.731" usertimems="13.575" systemtimems="0.000" timestamp="2019-08-09T18:06:34.094" activeThreads="16">
  <mem-info id="2343" free="22071896" total="32178176" percent="68">
    <mem type="nursery" free="19658568" total="23199744" percent="84">
      <mem type="allocate" free="19658568" total="20840448" percent="94" />
      <mem type="survivor" free="0" total="2359296" percent="0" />
    </mem>
    <mem type="tenure" free="2413328" total="8978432" percent="26" macro-fragmented="1800196">
      <mem type="soa" free="2324240" total="8889344" percent="26" />
      <mem type="loa" free="89088" total="89088" percent="100" />
    </mem>
    <remembered-set count="226" />
  </mem-info>
</gc-end>
<cycle-end id="2344" type="scavenge" contextid="2337" timestamp="2019-08-09T18:06:34.095" />
  <attribute name="elasticGC enabled" value="1" />
  <attribute name= "numThreadsSpecified" value="16" />
  <attribute name="heapSize specified" value="16842752" />
  <attribute name="Current GC Util" value="19" />
  <attribute name= "Current Time Running" value="129957" />
  <attribute name ="GC Interval" value="2225" />
  <attribute name="Target GC Util Change" value ="80.000000" />
  <attribute name="Current GC Util Change" value="19.000000"/>
  <attribute name="Current Error" value="182.000000" />
  <attribute name="Output H" value="31074424"/>
  <attribute name="Output I" value="2224"/>
  <attribute name="Output T" value="16"/>
  <attribute name= "Current Time Running" value="129957" />
  <attribute name="GC Util currently" value="19" />
  <attribute name="CPU Util currently" value="15501269517" />
<allocation-satisfied id="2345" threadId="0000000001164F00" bytesRequested="32" />
<af-end id="2346" timestamp="2019-08-09T18:06:34.095" threadId="0000000001165888" success="true" from="nursery"/>
<exclusive-end id="2347" timestamp="2019-08-09T18:06:34.095" durationms="7.159" />

<exclusive-start id="2348" timestamp="2019-08-09T18:06:34.185" intervalms="97.636">
  <response-info timems="0.061" idlems="0.061" threads="0" lastid="0000000001164F00" lastname="main" />
</exclusive-start>
<af-start id="2349" threadId="0000000001165888" totalBytesRequested="32" timestamp="2019-08-09T18:06:34.185" intervalms="97.632" type="nursery" />
<cycle-start id="2350" type="scavenge" contextid="0" timestamp="2019-08-09T18:06:34.185" intervalms="97.632" />
<gc-start id="2351" type="scavenge" contextid="2350" timestamp="2019-08-09T18:06:34.185">
  <mem-info id="2352" free="2410960" total="32178176" percent="7">
    <mem type="nursery" free="0" total="23199744" percent="0">
      <mem type="allocate" free="0" total="20840448" percent="0" />
      <mem type="survivor" free="0" total="2359296" percent="0" />
    </mem>
    <mem type="tenure" free="2410960" total="8978432" percent="26">
      <mem type="soa" free="2321872" total="8889344" percent="26" />
      <mem type="loa" free="89088" total="89088" percent="100" />
    </mem>
    <remembered-set count="269" />
  </mem-info>
</gc-start>
<allocation-stats totalBytes="19658552" >
  <allocated-bytes non-tlh="1002440" tlh="18656112" />
  <largest-consumer threadName="main" threadId="0000000001164F00" bytes="19658552" />
</allocation-stats>
<gc-op id="2353" type="scavenge" timems="5.979" contextid="2350" timestamp="2019-08-09T18:06:34.191">
  <scavenger-info tenureage="11" tenuremask="4800" tiltratio="89" />
  <memory-copied type="nursery" objects="16941" bytes="943264" bytesdiscarded="99312" />
  <memory-copied type="tenure" objects="86" bytes="2840" bytesdiscarded="0" />
  <references type="soft" candidates="14" cleared="0" enqueued="0" dynamicThreshold="17" maxThreshold="32" />
  <references type="weak" candidates="79" cleared="0" enqueued="0" />
  <references type="phantom" candidates="1" cleared="0" enqueued="0" />
</gc-op>
<gc-end id="2354" type="scavenge" contextid="2350" durationms="7.292" usertimems="16.224" systemtimems="0.000" timestamp="2019-08-09T18:06:34.193" activeThreads="16">
  <mem-info id="2355" free="22208456" total="32178176" percent="69">
    <mem type="nursery" free="19797496" total="23199744" percent="85">
      <mem type="allocate" free="19797496" total="20840448" percent="94" />
      <mem type="survivor" free="0" total="2359296" percent="0" />
    </mem>
    <mem type="tenure" free="2410960" total="8978432" percent="26" macro-fragmented="0">
      <mem type="soa" free="2321872" total="8889344" percent="26" />
      <mem type="loa" free="89088" total="89088" percent="100" />
    </mem>
    <remembered-set count="169" />
  </mem-info>
</gc-end>
<cycle-end id="2356" type="scavenge" contextid="2350" timestamp="2019-08-09T18:06:34.193" />
  <attribute name="elasticGC enabled" value="1" />
  <attribute name= "numThreadsSpecified" value="16" />
  <attribute name="heapSize specified" value="16842752" />
  <attribute name="Current GC Util" value="13" />
  <attribute name= "Current Time Running" value="130055" />
  <attribute name ="GC Interval" value="2297" />
  <attribute name="Target GC Util Change" value ="80.000000" />
  <attribute name="Current GC Util Change" value="13.000000"/>
  <attribute name="Current Error" value="249.000000" />
  <attribute name="Output H" value="32254144"/>
  <attribute name="Output I" value="2296"/>
  <attribute name="Output T" value="16"/>
  <attribute name= "Current Time Running" value="130055" />
  <attribute name="GC Util currently" value="13" />
  <attribute name="CPU Util currently" value="11810380879" />
<allocation-satisfied id="2357" threadId="0000000001164F00" bytesRequested="32" />
<af-end id="2358" timestamp="2019-08-09T18:06:34.193" threadId="0000000001165888" success="true" from="nursery"/>
<exclusive-end id="2359" timestamp="2019-08-09T18:06:34.193" durationms="7.752" />

<exclusive-start id="2360" timestamp="2019-08-09T18:06:34.254" intervalms="68.894">
  <response-info timems="0.086" idlems="0.086" threads="0" lastid="0000000001164F00" lastname="main" />
</exclusive-start>
<af-start id="2361" threadId="0000000001165888" totalBytesRequested="24" timestamp="2019-08-09T18:06:34.254" intervalms="68.895" type="nursery" />
<cycle-start id="2362" type="scavenge" contextid="0" timestamp="2019-08-09T18:06:34.254" intervalms="68.889" />
<gc-start id="2363" type="scavenge" contextid="2362" timestamp="2019-08-09T18:06:34.254">
  <mem-info id="2364" free="2409800" total="32178176" percent="7">
    <mem type="nursery" free="0" total="23199744" percent="0">
      <mem type="allocate" free="0" total="20840448" percent="0" />
      <mem type="survivor" free="0" total="2359296" percent="0" />
    </mem>
    <mem type="tenure" free="2409800" total="8978432" percent="26">
      <mem type="soa" free="2320712" total="8889344" percent="26" />
      <mem type="loa" free="89088" total="89088" percent="100" />
    </mem>
    <remembered-set count="194" />
  </mem-info>
</gc-start>
<allocation-stats totalBytes="19796616" >
  <allocated-bytes non-tlh="201200" tlh="19595416" />
  <largest-consumer threadName="main" threadId="0000000001164F00" bytes="19796616" />
</allocation-stats>
<gc-op id="2365" type="scavenge" timems="6.367" contextid="2362" timestamp="2019-08-09T18:06:34.261">
  <scavenger-info tenureage="14" tenuremask="4000" tiltratio="89" />
  <memory-copied type="nursery" objects="21166" bytes="1163008" bytesdiscarded="128464" />
  <references type="soft" candidates="15" cleared="0" enqueued="0" dynamicThreshold="17" maxThreshold="32" />
  <references type="weak" candidates="93" cleared="0" enqueued="0" />
  <references type="phantom" candidates="1" cleared="0" enqueued="0" />
</gc-op>
<heap-resize id="2366" type="expand" space="nursery" amount="1179648" count="1" timems="0.020" reason="excessive time being spent scavenging" timestamp="2019-08-09T18:06:34.261" />
<gc-end id="2367" type="scavenge" contextid="2362" durationms="6.837" usertimems="14.634" systemtimems="0.000" timestamp="2019-08-09T18:06:34.261" activeThreads="16">
  <mem-info id="2368" free="23006952" total="33357824" percent="68">
    <mem type="nursery" free="20597152" total="24379392" percent="84">
      <mem type="allocate" free="20597152" total="21889024" percent="94" />
      <mem type="survivor" free="0" total="2490368" percent="0" />
    </mem>
    <mem type="tenure" free="2409800" total="8978432" percent="26" macro-fragmented="1800196">
      <mem type="soa" free="2320712" total="8889344" percent="26" />
      <mem type="loa" free="89088" total="89088" percent="100" />
    </mem>
    <remembered-set count="188" />
  </mem-info>
</gc-end>
<cycle-end id="2369" type="scavenge" contextid="2362" timestamp="2019-08-09T18:06:34.261" />
  <attribute name="elasticGC enabled" value="1" />
  <attribute name= "numThreadsSpecified" value="16" />
  <attribute name="heapSize specified" value="16842752" />
  <attribute name="Current GC Util" value="19" />
  <attribute name= "Current Time Running" value="130124" />
  <attribute name ="GC Interval" value="2369" />
  <attribute name="Target GC Util Change" value ="80.000000" />
  <attribute name="Current GC Util Change" value="19.000000"/>
  <attribute name="Current Error" value="310.000000" />
  <attribute name="Output H" value="32254216"/>
  <attribute name="Output I" value="2368"/>
  <attribute name="Output T" value="16"/>
  <attribute name= "Current Time Running" value="130124" />
  <attribute name="GC Util currently" value="19" />
  <attribute name="CPU Util currently" value="16754823304" />
<allocation-satisfied id="2370" threadId="0000000001164F00" bytesRequested="24" />
<af-end id="2371" timestamp="2019-08-09T18:06:34.261" threadId="0000000001165888" success="true" from="nursery"/>
<exclusive-end id="2372" timestamp="2019-08-09T18:06:34.261" durationms="7.048" />

<exclusive-start id="2373" timestamp="2019-08-09T18:06:34.331" intervalms="77.049">
  <response-info timems="0.089" idlems="0.089" threads="0" lastid="0000000001164F00" lastname="main" />
</exclusive-start>
<af-start id="2374" threadId="0000000001165888" totalBytesRequested="56" timestamp="2019-08-09T18:06:34.331" intervalms="77.055" type="nursery" />
<cycle-start id="2375" type="scavenge" contextid="0" timestamp="2019-08-09T18:06:34.331" intervalms="77.059" />
<gc-start id="2376" type="scavenge" contextid="2375" timestamp="2019-08-09T18:06:34.331">
  <mem-info id="2377" free="2409136" total="33357824" percent="7">
    <mem type="nursery" free="0" total="24379392" percent="0">
      <mem type="allocate" free="0" total="21889024" percent="0" />
      <mem type="survivor" free="0" total="2490368" percent="0" />
    </mem>
    <mem type="tenure" free="2409136" total="8978432" percent="26">
      <mem type="soa" free="2320048" total="8889344" percent="26" />
      <mem type="loa" free="89088" total="89088" percent="100" />
    </mem>
    <remembered-set count="200" />
  </mem-info>
</gc-start>
<allocation-stats totalBytes="20595168" >
  <allocated-bytes non-tlh="200696" tlh="20394472" />
  <largest-consumer threadName="main" threadId="0000000001164F00" bytes="20595168" />
</allocation-stats>
<gc-op id="2378" type="scavenge" timems="5.280" contextid="2375" timestamp="2019-08-09T18:06:34.337">
  <scavenger-info tenureage="8" tenuremask="4100" tiltratio="89" />
  <memory-copied type="nursery" objects="17314" bytes="732392" bytesdiscarded="174520" />
  <memory-copied type="tenure" objects="829" bytes="25416" bytesdiscarded="8" />
  <references type="soft" candidates="15" cleared="0" enqueued="0" dynamicThreshold="17" maxThreshold="32" />
  <references type="weak" candidates="85" cleared="0" enqueued="0" />
</gc-op>
<gc-end id="2379" type="scavenge" contextid="2375" durationms="5.824" usertimems="16.484" systemtimems="0.000" timestamp="2019-08-09T18:06:34.337" activeThreads="16">
  <mem-info id="2380" free="23350944" total="33357824" percent="70">
    <mem type="nursery" free="20981744" total="24379392" percent="86">
      <mem type="allocate" free="20981744" total="21889024" percent="95" />
      <mem type="survivor" free="0" total="2490368" percent="0" />
    </mem>
    <mem type="tenure" free="2369200" total="8978432" percent="26" macro-fragmented="418667">
      <mem type="soa" free="2280112" total="8889344" percent="25" />
      <mem type="loa" free="89088" total="89088" percent="100" />
    </mem>
    <remembered-set count="214" />
  </mem-info>
</gc-end>
<cycle-end id="2381" type="scavenge" contextid="2375" timestamp="2019-08-09T18:06:34.337" />
  <attribute name="elasticGC enabled" value="1" />
  <attribute name= "numThreadsSpecified" value="16" />
  <attribute name="heapSize specified" value="16842752" />
  <attribute name="Current GC Util" value="17" />
  <attribute name= "Current Time Running" value="130201" />
  <attribute name ="GC Interval" value="2441" />
  <attribute name="Target GC Util Change" value ="80.000000" />
  <attribute name="Current GC Util Change" value="17.000000"/>
  <attribute name="Current Error" value="373.000000" />
  <attribute name="Output H" value="33433936"/>
  <attribute name="Output I" value="2440"/>
  <attribute name="Output T" value="16"/>
  <attribute name= "Current Time Running" value="130201" />
  <attribute name="GC Util currently" value="17" />
  <attribute name="CPU Util currently" value="14960218114" />
<allocation-satisfied id="2382" threadId="0000000001164F00" bytesRequested="56" />
<af-end id="2383" timestamp="2019-08-09T18:06:34.337" threadId="0000000001165888" success="true" from="nursery"/>
<exclusive-end id="2384" timestamp="2019-08-09T18:06:34.337" durationms="6.089" />

<exclusive-start id="2385" timestamp="2019-08-09T18:06:34.472" intervalms="140.623">
  <response-info timems="0.066" idlems="0.066" threads="0" lastid="0000000001164F00" lastname="main" />
</exclusive-start>
<af-start id="2386" threadId="0000000001165888" totalBytesRequested="48" timestamp="2019-08-09T18:06:34.472" intervalms="140.650" type="nursery" />
<cycle-start id="2387" type="scavenge" contextid="0" timestamp="2019-08-09T18:06:34.472" intervalms="140.652" />
<gc-start id="2388" type="scavenge" contextid="2387" timestamp="2019-08-09T18:06:34.472">
  <mem-info id="2389" free="2316832" total="33357824" percent="6">
    <mem type="nursery" free="0" total="24379392" percent="0">
      <mem type="allocate" free="0" total="21889024" percent="0" />
      <mem type="survivor" free="0" total="2490368" percent="0" />
    </mem>
    <mem type="tenure" free="2316832" total="8978432" percent="25">
      <mem type="soa" free="2227744" total="8889344" percent="25" />
      <mem type="loa" free="89088" total="89088" percent="100" />
    </mem>
    <remembered-set count="924" />
  </mem-info>
</gc-start>
<allocation-stats totalBytes="21028320" >
  <allocated-bytes non-tlh="983544" tlh="20044776" />
  <largest-consumer threadName="main" threadId="0000000001164F00" bytes="21028320" />
</allocation-stats>
<gc-op id="2390" type="scavenge" timems="8.375" contextid="2387" timestamp="2019-08-09T18:06:34.480">
  <scavenger-info tenureage="10" tenuremask="4400" tiltratio="89" />
  <memory-copied type="nursery" objects="12635" bytes="765976" bytesdiscarded="132320" />
  <memory-copied type="tenure" objects="139" bytes="4904" bytesdiscarded="0" />
  <references type="soft" candidates="792" cleared="0" enqueued="0" dynamicThreshold="17" maxThreshold="32" />
  <references type="weak" candidates="209" cleared="20" enqueued="20" />
  <references type="phantom" candidates="1" cleared="0" enqueued="0" />
</gc-op>
<gc-end id="2391" type="scavenge" contextid="2387" durationms="8.637" usertimems="23.101" systemtimems="0.000" timestamp="2019-08-09T18:06:34.481" activeThreads="16">
  <mem-info id="2392" free="23306808" total="33357824" percent="69">
    <mem type="nursery" free="20989976" total="24379392" percent="86">
      <mem type="allocate" free="20989976" total="21889024" percent="95" />
      <mem type="survivor" free="0" total="2490368" percent="0" />
    </mem>
    <mem type="tenure" free="2316832" total="8978432" percent="25" macro-fragmented="1800196">
      <mem type="soa" free="2227744" total="8889344" percent="25" />
      <mem type="loa" free="89088" total="89088" percent="100" />
    </mem>
    <pending-finalizers system="0" default="0" reference="20" classloader="0" />
    <remembered-set count="842" />
  </mem-info>
</gc-end>
<cycle-end id="2393" type="scavenge" contextid="2387" timestamp="2019-08-09T18:06:34.481" />
  <attribute name="elasticGC enabled" value="1" />
  <attribute name= "numThreadsSpecified" value="16" />
  <attribute name="heapSize specified" value="16842752" />
  <attribute name="Current GC Util" value="9" />
  <attribute name= "Current Time Running" value="130342" />
  <attribute name ="GC Interval" value="2097" />
  <attribute name="Target GC Util Change" value ="80.000000" />
  <attribute name="Current GC Util Change" value="9.000000"/>
  <attribute name="Current Error" value="71.000000" />
  <attribute name="Output H" value="33433592"/>
  <attribute name="Output I" value="2096"/>
  <attribute name="Output T" value="16"/>
  <attribute name= "Current Time Running" value="130342" />
  <attribute name="GC Util currently" value="9" />
  <attribute name="CPU Util currently" value="8195105563" />
<allocation-satisfied id="2394" threadId="0000000001164F00" bytesRequested="48" />
<af-end id="2395" timestamp="2019-08-09T18:06:34.481" threadId="0000000001165888" success="true" from="nursery"/>
<exclusive-end id="2396" timestamp="2019-08-09T18:06:34.481" durationms="9.106" />

<exclusive-start id="2397" timestamp="2019-08-09T18:06:34.909" intervalms="436.790">
  <response-info timems="0.121" idlems="0.121" threads="0" lastid="0000000001164F00" lastname="main" />
</exclusive-start>
<af-start id="2398" threadId="0000000001165888" totalBytesRequested="680" timestamp="2019-08-09T18:06:34.909" intervalms="436.769" type="nursery" />
<cycle-start id="2399" type="scavenge" contextid="0" timestamp="2019-08-09T18:06:34.909" intervalms="436.767" />
<gc-start id="2400" type="scavenge" contextid="2399" timestamp="2019-08-09T18:06:34.909">
  <mem-info id="2401" free="2301832" total="33357824" percent="6">
    <mem type="nursery" free="0" total="24379392" percent="0">
      <mem type="allocate" free="0" total="21889024" percent="0" />
      <mem type="survivor" free="0" total="2490368" percent="0" />
    </mem>
    <mem type="tenure" free="2301832" total="8978432" percent="25">
      <mem type="soa" free="2212744" total="8889344" percent="24" />
      <mem type="loa" free="89088" total="89088" percent="100" />
    </mem>
    <remembered-set count="942" />
  </mem-info>
</gc-start>
<allocation-stats totalBytes="20990256" >
  <allocated-bytes non-tlh="2914184" tlh="18076072" />
  <largest-consumer threadName="main" threadId="0000000001164F00" bytes="20990256" />
</allocation-stats>
<gc-op id="2402" type="scavenge" timems="18.577" contextid="2399" timestamp="2019-08-09T18:06:34.927">
  <scavenger-info tenureage="14" tenuremask="4000" tiltratio="89" />
  <memory-copied type="nursery" objects="14765" bytes="2448184" bytesdiscarded="41608" />
  <memory-copied type="tenure" objects="17612" bytes="459800" bytesdiscarded="1352" />
  <copy-failed type="nursery" objects="17612" bytes="459856" />
  <finalization candidates="3" enqueued="2" />
  <references type="soft" candidates="793" cleared="0" enqueued="0" dynamicThreshold="17" maxThreshold="32" />
  <references type="weak" candidates="231" cleared="3" enqueued="3" />
  <references type="phantom" candidates="2" cleared="0" enqueued="0" />
</gc-op>
<gc-end id="2403" type="scavenge" contextid="2399" durationms="19.005" usertimems="39.224" systemtimems="0.000" timestamp="2019-08-09T18:06:34.928" activeThreads="16">
  <mem-info id="2404" free="17636744" total="33357824" percent="52">
    <mem type="nursery" free="15794176" total="24379392" percent="64">
      <mem type="allocate" free="15794176" total="18284544" percent="86" />
      <mem type="survivor" free="0" total="6094848" percent="0" />
    </mem>
    <mem type="tenure" free="1842568" total="8978432" percent="20" macro-fragmented="0">
      <mem type="soa" free="1753480" total="8889344" percent="19" />
      <mem type="loa" free="89088" total="89088" percent="100" />
    </mem>
    <pending-finalizers system="0" default="2" reference="3" classloader="0" />
    <remembered-set count="1819" />
  </mem-info>
</gc-end>
<cycle-end id="2405" type="scavenge" contextid="2399" timestamp="2019-08-09T18:06:34.928" />
  <attribute name="elasticGC enabled" value="1" />
  <attribute name= "numThreadsSpecified" value="16" />
  <attribute name="heapSize specified" value="16842752" />
  <attribute name="Current GC Util" value="3" />
  <attribute name= "Current Time Running" value="130778" />
  <attribute name ="GC Interval" value="2185" />
  <attribute name="Target GC Util Change" value ="80.000000" />
  <attribute name="Current GC Util Change" value="3.000000"/>
  <attribute name="Current Error" value="148.000000" />
  <attribute name="Output H" value="33433680"/>
  <attribute name="Output I" value="2184"/>
  <attribute name="Output T" value="16"/>
  <attribute name= "Current Time Running" value="130778" />
  <attribute name="GC Util currently" value="3" />
  <attribute name="CPU Util currently" value="2639692894" />
<allocation-satisfied id="2406" threadId="0000000001164F00" bytesRequested="680" />
<af-end id="2407" timestamp="2019-08-09T18:06:34.928" threadId="0000000001165888" success="true" from="nursery"/>
<exclusive-end id="2408" timestamp="2019-08-09T18:06:34.928" durationms="19.510" />

<exclusive-start id="2409" timestamp="2019-08-09T18:06:35.135" intervalms="226.539">
  <response-info timems="0.058" idlems="0.058" threads="0" lastid="0000000001164F00" lastname="main" />
</exclusive-start>
<af-start id="2410" threadId="0000000001165888" totalBytesRequested="16" timestamp="2019-08-09T18:06:35.135" intervalms="226.528" type="nursery" />
<cycle-start id="2411" type="scavenge" contextid="0" timestamp="2019-08-09T18:06:35.135" intervalms="226.523" />
<gc-start id="2412" type="scavenge" contextid="2411" timestamp="2019-08-09T18:06:35.135">
  <mem-info id="2413" free="1842568" total="33357824" percent="5">
    <mem type="nursery" free="0" total="24379392" percent="0">
      <mem type="allocate" free="0" total="18284544" percent="0" />
      <mem type="survivor" free="0" total="6094848" percent="0" />
    </mem>
    <mem type="tenure" free="1842568" total="8978432" percent="20">
      <mem type="soa" free="1753480" total="8889344" percent="19" />
      <mem type="loa" free="89088" total="89088" percent="100" />
    </mem>
    <remembered-set count="1934" />
  </mem-info>
</gc-start>
<allocation-stats totalBytes="15776592" >
  <allocated-bytes non-tlh="680" tlh="15775912" />
  <largest-consumer threadName="main" threadId="0000000001164F00" bytes="15772496" />
</allocation-stats>
<gc-op id="2414" type="scavenge" timems="5.615" contextid="2411" timestamp="2019-08-09T18:06:35.141">
  <scavenger-info tenureage="9" tenuremask="4600" tiltratio="75" />
  <memory-copied type="nursery" objects="46604" bytes="3236848" bytesdiscarded="148200" />
  <memory-copied type="tenure" objects="453" bytes="16344" bytesdiscarded="8" />
  <references type="soft" candidates="791" cleared="0" enqueued="0" dynamicThreshold="17" maxThreshold="32" />
  <references type="weak" candidates="214" cleared="0" enqueued="0" />
  <references type="phantom" candidates="2" cleared="0" enqueued="0" />
</gc-op>
<gc-end id="2415" type="scavenge" contextid="2411" durationms="5.886" usertimems="17.936" systemtimems="0.000" timestamp="2019-08-09T18:06:35.141" activeThreads="16">
  <mem-info id="2416" free="18143400" total="33357824" percent="54">
    <mem type="nursery" free="16340768" total="24379392" percent="67">
      <mem type="allocate" free="16340768" total="19726336" percent="82" />
      <mem type="survivor" free="0" total="4653056" percent="0" />
    </mem>
    <mem type="tenure" free="1802632" total="8978432" percent="20" macro-fragmented="10920">
      <mem type="soa" free="1713544" total="8889344" percent="19" />
      <mem type="loa" free="89088" total="89088" percent="100" />
    </mem>
    <remembered-set count="1281" />
  </mem-info>
</gc-end>
<cycle-end id="2417" type="scavenge" contextid="2411" timestamp="2019-08-09T18:06:35.141" />
  <attribute name="elasticGC enabled" value="1" />
  <attribute name= "numThreadsSpecified" value="16" />
  <attribute name="heapSize specified" value="16842752" />
  <attribute name="Current GC Util" value="15" />
  <attribute name= "Current Time Running" value="131005" />
  <attribute name ="GC Interval" value="2257" />
  <attribute name="Target GC Util Change" value ="80.000000" />
  <attribute name="Current GC Util Change" value="15.000000"/>
  <attribute name="Current Error" value="213.000000" />
  <attribute name="Output H" value="33433752"/>
  <attribute name="Output I" value="2256"/>
  <attribute name="Output T" value="16"/>
  <attribute name= "Current Time Running" value="131005" />
  <attribute name="GC Util currently" value="15" />
  <attribute name="CPU Util currently" value="5090428661" />
<allocation-satisfied id="2418" threadId="0000000001164F00" bytesRequested="16" />
<af-end id="2419" timestamp="2019-08-09T18:06:35.141" threadId="0000000001165888" success="true" from="nursery"/>
<exclusive-end id="2420" timestamp="2019-08-09T18:06:35.141" durationms="6.113" />

<exclusive-start id="2421" timestamp="2019-08-09T18:06:35.256" intervalms="121.256">
  <response-info timems="0.223" idlems="0.223" threads="0" lastid="0000000001164F00" lastname="main" />
</exclusive-start>
<af-start id="2422" threadId="0000000001165888" totalBytesRequested="704" timestamp="2019-08-09T18:06:35.256" intervalms="121.266" type="nursery" />
<cycle-start id="2423" type="scavenge" contextid="0" timestamp="2019-08-09T18:06:35.256" intervalms="121.274" />
<gc-start id="2424" type="scavenge" contextid="2423" timestamp="2019-08-09T18:06:35.257">
  <mem-info id="2425" free="1802632" total="33357824" percent="5">
    <mem type="nursery" free="0" total="24379392" percent="0">
      <mem type="allocate" free="0" total="19726336" percent="0" />
      <mem type="survivor" free="0" total="4653056" percent="0" />
    </mem>
    <mem type="tenure" free="1802632" total="8978432" percent="20">
      <mem type="soa" free="1713544" total="8889344" percent="19" />
      <mem type="loa" free="89088" total="89088" percent="100" />
    </mem>
    <remembered-set count="1407" />
  </mem-info>
</gc-start>
<allocation-stats totalBytes="16326480" >
  <allocated-bytes non-tlh="16" tlh="16326464" />
  <largest-consumer threadName="main" threadId="0000000001164F00" bytes="16326480" />
</allocation-stats>
<gc-op id="2426" type="scavenge" timems="8.535" contextid="2423" timestamp="2019-08-09T18:06:35.265">
  <scavenger-info tenureage="3" tenuremask="4008" tiltratio="80" />
  <memory-copied type="nursery" objects="73244" bytes="3822040" bytesdiscarded="225232" />
  <memory-copied type="tenure" objects="7182" bytes="268888" bytesdiscarded="288" />
  <references type="soft" candidates="13" cleared="0" enqueued="0" dynamicThreshold="17" maxThreshold="32" />
  <references type="weak" candidates="108" cleared="0" enqueued="0" />
  <references type="phantom" candidates="2" cleared="0" enqueued="0" />
</gc-op>
<heap-resize id="2427" type="expand" space="nursery" amount="1048576" count="1" timems="0.024" reason="excessive time being spent scavenging" timestamp="2019-08-09T18:06:35.265" />
<gc-end id="2428" type="scavenge" contextid="2423" durationms="8.977" usertimems="37.531" systemtimems="0.000" timestamp="2019-08-09T18:06:35.265" activeThreads="16">
  <mem-info id="2429" free="17535392" total="34406400" percent="50">
    <mem type="nursery" free="15940888" total="25427968" percent="62">
      <mem type="allocate" free="15940888" total="19988480" percent="79" />
      <mem type="survivor" free="0" total="5439488" percent="0" />
    </mem>
    <mem type="tenure" free="1594504" total="8978432" percent="17" macro-fragmented="0">
      <mem type="soa" free="1505416" total="8889344" percent="16" />
      <mem type="loa" free="89088" total="89088" percent="100" />
    </mem>
    <remembered-set count="1004" />
  </mem-info>
</gc-end>
<cycle-end id="2430" type="scavenge" contextid="2423" timestamp="2019-08-09T18:06:35.266" />
  <attribute name="elasticGC enabled" value="1" />
  <attribute name= "numThreadsSpecified" value="16" />
  <attribute name="heapSize specified" value="16842752" />
  <attribute name="Current GC Util" value="14" />
  <attribute name= "Current Time Running" value="131126" />
  <attribute name ="GC Interval" value="2337" />
  <attribute name="Target GC Util Change" value ="80.000000" />
  <attribute name="Current GC Util Change" value="14.000000"/>
  <attribute name="Current Error" value="279.000000" />
  <attribute name="Output H" value="33433832"/>
  <attribute name="Output I" value="2336"/>
  <attribute name="Output T" value="16"/>
  <attribute name= "Current Time Running" value="131126" />
  <attribute name="GC Util currently" value="14" />
  <attribute name="CPU Util currently" value="9507399406" />
<allocation-satisfied id="2431" threadId="0000000001164F00" bytesRequested="704" />
<af-end id="2432" timestamp="2019-08-09T18:06:35.266" threadId="0000000001165888" success="true" from="nursery"/>
<exclusive-end id="2433" timestamp="2019-08-09T18:06:35.266" durationms="9.799" />

<exclusive-start id="2434" timestamp="2019-08-09T18:06:35.331" intervalms="74.396">
  <response-info timems="0.214" idlems="0.214" threads="0" lastid="0000000001164F00" lastname="main" />
</exclusive-start>
<af-start id="2435" threadId="0000000001165888" totalBytesRequested="32" timestamp="2019-08-09T18:06:35.331" intervalms="74.442" type="nursery" />
<cycle-start id="2436" type="scavenge" contextid="0" timestamp="2019-08-09T18:06:35.331" intervalms="74.436" />
<gc-start id="2437" type="scavenge" contextid="2436" timestamp="2019-08-09T18:06:35.331">
  <mem-info id="2438" free="1594504" total="34406400" percent="4">
    <mem type="nursery" free="0" total="25427968" percent="0">
      <mem type="allocate" free="0" total="19988480" percent="0" />
      <mem type="survivor" free="0" total="5439488" percent="0" />
    </mem>
    <mem type="tenure" free="1594504" total="8978432" percent="17">
      <mem type="soa" free="1505416" total="8889344" percent="16" />
      <mem type="loa" free="89088" total="89088" percent="100" />
    </mem>
    <remembered-set count="1021" />
  </mem-info>
</gc-start>
<allocation-stats totalBytes="15924400" >
  <allocated-bytes non-tlh="704" tlh="15923696" />
  <largest-consumer threadName="main" threadId="0000000001164F00" bytes="15924400" />
</allocation-stats>
<gc-op id="2439" type="scavenge" timems="6.220" contextid="2436" timestamp="2019-08-09T18:06:35.337">
  <scavenger-info tenureage="3" tenuremask="4028" tiltratio="78" />
  <memory-copied type="nursery" objects="100388" bytes="2533072" bytesdiscarded="151088" />
  <memory-copied type="tenure" objects="5009" bytes="2074952" bytesdiscarded="128" />
  <references type="soft" candidates="11" cleared="0" enqueued="0" dynamicThreshold="17" maxThreshold="32" />
  <references type="weak" candidates="57" cleared="0" enqueued="0" />
  <heap-resize type="expand" space="tenure" amount="1966080" count="1" timems="0.028" reason="continue current collection" />
</gc-op>
<gc-end id="2440" type="scavenge" contextid="2436" durationms="6.552" usertimems="29.311" systemtimems="0.000" timestamp="2019-08-09T18:06:35.338" activeThreads="16">
  <mem-info id="2441" free="19182248" total="36372480" percent="52">
    <mem type="nursery" free="17697264" total="25427968" percent="69">
      <mem type="allocate" free="17697264" total="20381696" percent="86" />
      <mem type="survivor" free="0" total="5046272" percent="0" />
    </mem>
    <mem type="tenure" free="1484984" total="10944512" percent="13" macro-fragmented="418667">
      <mem type="soa" free="1376440" total="10835968" percent="12" />
      <mem type="loa" free="108544" total="108544" percent="100" />
    </mem>
    <remembered-set count="507" />
  </mem-info>
</gc-end>
<cycle-end id="2442" type="scavenge" contextid="2436" timestamp="2019-08-09T18:06:35.338" />
  <attribute name="elasticGC enabled" value="1" />
  <attribute name= "numThreadsSpecified" value="16" />
  <attribute name="heapSize specified" value="16842752" />
  <attribute name="Current GC Util" value="36" />
  <attribute name= "Current Time Running" value="131201" />
  <attribute name ="GC Interval" value="2385" />
  <attribute name="Target GC Util Change" value ="80.000000" />
  <attribute name="Current GC Util Change" value="36.000000"/>
  <attribute name="Current Error" value="323.000000" />
  <attribute name="Output H" value="34482456"/>
  <attribute name="Output I" value="2384"/>
  <attribute name="Output T" value="16"/>
  <attribute name= "Current Time Running" value="131201" />
  <attribute name="GC Util currently" value="36" />
  <attribute name="CPU Util currently" value="15484524778" />
<allocation-satisfied id="2443" threadId="0000000001164F00" bytesRequested="32" />
<af-end id="2444" timestamp="2019-08-09T18:06:35.338" threadId="0000000001165888" success="true" from="nursery"/>
<exclusive-end id="2445" timestamp="2019-08-09T18:06:35.338" durationms="7.408" />

<exclusive-start id="2446" timestamp="2019-08-09T18:06:35.398" intervalms="66.896">
  <response-info timems="0.024" idlems="0.024" threads="0" lastid="0000000001164F00" lastname="main" />
</exclusive-start>
<af-start id="2447" threadId="0000000001165888" totalBytesRequested="32" timestamp="2019-08-09T18:06:35.398" intervalms="66.830" type="nursery" />
<cycle-start id="2448" type="scavenge" contextid="0" timestamp="2019-08-09T18:06:35.398" intervalms="66.826" />
<gc-start id="2449" type="scavenge" contextid="2448" timestamp="2019-08-09T18:06:35.398">
  <mem-info id="2450" free="1484984" total="36372480" percent="4">
    <mem type="nursery" free="0" total="25427968" percent="0">
      <mem type="allocate" free="0" total="20381696" percent="0" />
      <mem type="survivor" free="0" total="5046272" percent="0" />
    </mem>
    <mem type="tenure" free="1484984" total="10944512" percent="13">
      <mem type="soa" free="1376440" total="10835968" percent="12" />
      <mem type="loa" free="108544" total="108544" percent="100" />
    </mem>
    <remembered-set count="753" />
  </mem-info>
</gc-start>
<allocation-stats totalBytes="17679792" >
  <allocated-bytes non-tlh="65576" tlh="17614216" />
  <largest-consumer threadName="main" threadId="0000000001164F00" bytes="17679792" />
</allocation-stats>
<gc-op id="2451" type="scavenge" timems="9.465" contextid="2448" timestamp="2019-08-09T18:06:35.407">
  <scavenger-info tenureage="2" tenuremask="4d2c" tiltratio="80" />
  <memory-copied type="nursery" objects="70371" bytes="1874792" bytesdiscarded="302200" />
  <memory-copied type="tenure" objects="67051" bytes="1647896" bytesdiscarded="952" />
  <references type="soft" candidates="2" cleared="0" enqueued="0" dynamicThreshold="17" maxThreshold="32" />
  <references type="weak" candidates="18" cleared="0" enqueued="0" />
  <heap-resize type="expand" space="tenure" amount="458752" count="7" timems="3.035" reason="continue current collection" />
</gc-op>
<heap-resize id="2452" type="expand" space="nursery" amount="1966080" count="1" timems="0.013" reason="excessive time being spent scavenging" timestamp="2019-08-09T18:06:35.408" />
<gc-end id="2453" type="scavenge" contextid="2448" durationms="10.168" usertimems="28.625" systemtimems="0.000" timestamp="2019-08-09T18:06:35.408" activeThreads="16">
  <mem-info id="2454" free="20316656" total="38797312" percent="52">
    <mem type="nursery" free="20170736" total="27394048" percent="73">
      <mem type="allocate" free="20170736" total="22347776" percent="90" />
      <mem type="survivor" free="0" total="5046272" percent="0" />
    </mem>
    <mem type="tenure" free="145920" total="11403264" percent="1" macro-fragmented="67617">
      <mem type="soa" free="32256" total="11289600" percent="0" />
      <mem type="loa" free="113664" total="113664" percent="100" />
    </mem>
    <remembered-set count="837" />
  </mem-info>
</gc-end>
<cycle-end id="2455" type="scavenge" contextid="2448" timestamp="2019-08-09T18:06:35.408" />
  <attribute name="elasticGC enabled" value="1" />
  <attribute name= "numThreadsSpecified" value="16" />
  <attribute name="heapSize specified" value="16842752" />
  <attribute name="Current GC Util" value="40" />
  <attribute name= "Current Time Running" value="131268" />
  <attribute name ="GC Interval" value="2433" />
  <attribute name="Target GC Util Change" value ="80.000000" />
  <attribute name="Current GC Util Change" value="40.000000"/>
  <attribute name="Current Error" value="363.000000" />
  <attribute name="Output H" value="36448584"/>
  <attribute name="Output I" value="2432"/>
  <attribute name="Output T" value="16"/>
  <attribute name= "Current Time Running" value="131268" />
  <attribute name="GC Util currently" value="40" />
  <attribute name="CPU Util currently" value="17210855697" />
<allocation-satisfied id="2456" threadId="0000000001164F00" bytesRequested="32" />
<af-end id="2457" timestamp="2019-08-09T18:06:35.408" threadId="0000000001165888" success="true" from="nursery"/>
<exclusive-end id="2458" timestamp="2019-08-09T18:06:35.408" durationms="10.480" />

<concurrent-kickoff id="2459" timestamp="2019-08-09T18:06:35.462">
  <kickoff reason="threshold reached" targetBytes="7315910" thresholdFreeBytes="1016171"  remainingFree="903152" tenureFreeBytes="145920" nurseryFreeBytes="903152" />
</concurrent-kickoff>
<exclusive-start id="2460" timestamp="2019-08-09T18:06:35.462" intervalms="64.492">
  <response-info timems="0.017" idlems="0.017" threads="0" lastid="0000000001164F00" lastname="main" />
</exclusive-start>
<cycle-start id="2461" type="global" contextid="0" timestamp="2019-08-09T18:06:35.462" intervalms="2953.952" />
<exclusive-end id="2462" timestamp="2019-08-09T18:06:35.462" durationms="0.018" />

<exclusive-start id="2463" timestamp="2019-08-09T18:06:35.471" intervalms="9.005">
  <response-info timems="0.019" idlems="0.019" threads="0" lastid="0000000001164F00" lastname="main" />
</exclusive-start>
<concurrent-collection-start id="2464" timestamp="2019-08-09T18:06:35.471" intervalms="33245.119" >
  <concurrent-trace-info reason="card cleaning threshold reached" tracedByMutators="893068" tracedByHelpers="2248036" cardsCleaned="8" workStackOverflowCount="0" />
</concurrent-collection-start>
<gc-start id="2465" type="global" contextid="2461" timestamp="2019-08-09T18:06:35.471">
  <mem-info id="2466" free="262640" total="38797312" percent="0">
    <mem type="nursery" free="116720" total="27394048" percent="0">
      <mem type="allocate" free="116720" total="22347776" percent="0" />
      <mem type="survivor" free="0" total="5046272" percent="0" />
    </mem>
    <mem type="tenure" free="145920" total="11403264" percent="1">
      <mem type="soa" free="32256" total="11289600" percent="0" />
      <mem type="loa" free="113664" total="113664" percent="100" />
    </mem>
    <remembered-set count="1034" />
  </mem-info>
</gc-start>
<allocation-stats totalBytes="20036768" >
  <allocated-bytes non-tlh="32" tlh="20036736" />
  <largest-consumer threadName="main" threadId="0000000001164F00" bytes="20036768" />
</allocation-stats>
<gc-op id="2467" type="rs-scan" timems="4.009" contextid="2461" timestamp="2019-08-09T18:06:35.475">
  <scan objectsFound="117" bytesTraced="11604" workStackOverflowCount="0" />
</gc-op>
<gc-op id="2468" type="card-cleaning" timems="14.821" contextid="2461" timestamp="2019-08-09T18:06:35.490">
  <card-cleaning cardsCleaned="6" bytesTraced="4128700" workStackOverflowCount="0" />
</gc-op>
<gc-op id="2469" type="mark" timems="41.337" contextid="2461" timestamp="2019-08-09T18:06:35.532">
  <trace-info objectcount="673" scancount="595" scanbytes="16008" />
  <finalization candidates="81" enqueued="0" />
  <ownableSynchronizers candidates="21" cleared="0" />
  <references type="soft" candidates="2706" cleared="0" enqueued="0" dynamicThreshold="17" maxThreshold="32" />
  <references type="weak" candidates="5422" cleared="7" enqueued="4" />
  <references type="phantom" candidates="79" cleared="1" enqueued="1" />
  <stringconstants candidates="13341" cleared="25"  />
</gc-op>
<gc-op id="2470" type="classunload" timems="0.602" contextid="2461" timestamp="2019-08-09T18:06:35.532">
  <classunload-info classloadercandidates="59" classloadersunloaded="4" classesunloaded="4" anonymousclassesunloaded="0" quiescems="0.000" setupms="0.582" scanms="0.016" postms="0.004" />
</gc-op>
<gc-op id="2471" type="sweep" timems="5.680" contextid="2461" timestamp="2019-08-09T18:06:35.538" />
<mem-info id="2472" free="20083424" total="38797312" percent="51">
  <mem type="nursery" free="18627704" total="27394048" percent="67">
    <mem type="allocate" free="18627704" total="22347776" percent="83" />
    <mem type="survivor" free="0" total="5046272" percent="0" />
  </mem>
  <mem type="tenure" free="1455720" total="11403264" percent="12" micro-fragmented="39004" macro-fragmented="13104">
    <mem type="soa" free="1342056" total="11289600" percent="11" />
    <mem type="loa" free="113664" total="113664" percent="100" />
  </mem>
  <pending-finalizers system="0" default="0" reference="5" classloader="0" />
  <remembered-set count="761" />
</mem-info>
<gc-op id="2473" type="compact" timems="68.779" contextid="2461" timestamp="2019-08-09T18:06:35.607">
  <compact-info movecount="299777" movebytes="12220784" reason="compact to aid heap contraction" />
</gc-op>
<heap-resize id="2474" type="expand" space="tenure" amount="131072" count="1" timems="0.020" reason="satisfy allocation request" timestamp="2019-08-09T18:06:35.608" />
<gc-end id="2475" type="global" contextid="2461" durationms="136.701" usertimems="242.664" systemtimems="0.000" timestamp="2019-08-09T18:06:35.608" activeThreads="16">
  <mem-info id="2476" free="21083600" total="38928384" percent="54">
    <mem type="nursery" free="19445056" total="27394048" percent="70">
      <mem type="allocate" free="19445056" total="22347776" percent="87" />
      <mem type="survivor" free="0" total="5046272" percent="0" />
    </mem>
    <mem type="tenure" free="1638544" total="11534336" percent="14">
      <mem type="soa" free="1523856" total="11419648" percent="13" />
      <mem type="loa" free="114688" total="114688" percent="100" />
    </mem>
    <pending-finalizers system="0" default="0" reference="5" classloader="0" />
    <remembered-set count="761" />
  </mem-info>
</gc-end>
<cycle-end id="2477" type="global" contextid="2461" timestamp="2019-08-09T18:06:35.608" />
  <attribute name="elasticGC enabled" value="1" />
  <attribute name= "numThreadsSpecified" value="16" />
  <attribute name="heapSize specified" value="38797312" />
  <attribute name="Current GC Util" value="71" />
  <attribute name= "Current Time Running" value="131477" />
  <attribute name ="GC Interval" value="2433" />
  <attribute name="Target GC Util Change" value ="80.000000" />
  <attribute name="Current GC Util Change" value="71.000000"/>
  <attribute name="Current Error" value="9.000000" />
  <attribute name="Output H" value="38873008"/>
  <attribute name="Output I" value="2024"/>
  <attribute name="Output T" value="16"/>
  <attribute name= "Current Time Running" value="131477" />
  <attribute name="GC Util currently" value="71" />
  <attribute name="CPU Util currently" value="16752373144" />
<concurrent-collection-end id="2478" timestamp="2019-08-09T18:06:35.608" />
<exclusive-end id="2479" timestamp="2019-08-09T18:06:35.608" durationms="136.863" />

<exclusive-start id="2480" timestamp="2019-08-09T18:06:35.661" intervalms="190.131">
  <response-info timems="0.022" idlems="0.022" threads="0" lastid="0000000001164F00" lastname="main" />
</exclusive-start>
<af-start id="2481" threadId="0000000001165888" totalBytesRequested="672" timestamp="2019-08-09T18:06:35.661" intervalms="263.732" type="nursery" />
<cycle-start id="2482" type="scavenge" contextid="0" timestamp="2019-08-09T18:06:35.661" intervalms="263.751" />
<gc-start id="2483" type="scavenge" contextid="2482" timestamp="2019-08-09T18:06:35.662">
  <mem-info id="2484" free="1638544" total="38928384" percent="4">
    <mem type="nursery" free="0" total="27394048" percent="0">
      <mem type="allocate" free="0" total="22347776" percent="0" />
      <mem type="survivor" free="0" total="5046272" percent="0" />
    </mem>
    <mem type="tenure" free="1638544" total="11534336" percent="14">
      <mem type="soa" free="1523856" total="11419648" percent="13" />
      <mem type="loa" free="114688" total="114688" percent="100" />
    </mem>
    <remembered-set count="924" />
  </mem-info>
</gc-start>
<allocation-stats totalBytes="19426552" >
  <allocated-bytes non-tlh="0" tlh="19426552" />
  <largest-consumer threadName="main" threadId="0000000001164F00" bytes="19422456" />
</allocation-stats>
<gc-op id="2485" type="scavenge" timems="3.592" contextid="2482" timestamp="2019-08-09T18:06:35.665">
  <scavenger-info tenureage="2" tenuremask="440c" tiltratio="81" />
  <memory-copied type="nursery" objects="119979" bytes="3094232" bytesdiscarded="191776" />
  <memory-copied type="tenure" objects="32121" bytes="786696" bytesdiscarded="152" />
  <ownableSynchronizers candidates="42" cleared="42" />
  <references type="soft" candidates="1" cleared="0" enqueued="0" dynamicThreshold="4" maxThreshold="32" />
  <references type="weak" candidates="16" cleared="0" enqueued="0" />
</gc-op>
<gc-end id="2486" type="scavenge" contextid="2482" durationms="3.937" usertimems="18.757" systemtimems="0.000" timestamp="2019-08-09T18:06:35.666" activeThreads="16">
  <mem-info id="2487" free="20038528" total="38928384" percent="51">
    <mem type="nursery" free="19323888" total="27394048" percent="70">
      <mem type="allocate" free="19323888" total="22609920" percent="85" />
      <mem type="survivor" free="0" total="4784128" percent="0" />
    </mem>
    <mem type="tenure" free="714640" total="11534336" percent="6" macro-fragmented="418667">
      <mem type="soa" free="599952" total="11419648" percent="5" />
      <mem type="loa" free="114688" total="114688" percent="100" />
    </mem>
    <remembered-set count="1016" />
  </mem-info>
</gc-end>
<cycle-end id="2488" type="scavenge" contextid="2482" timestamp="2019-08-09T18:06:35.666" />
  <attribute name="elasticGC enabled" value="1" />
  <attribute name= "numThreadsSpecified" value="16" />
  <attribute name="heapSize specified" value="38797312" />
  <attribute name="Current GC Util" value="128" />
  <attribute name= "Current Time Running" value="131531" />
  <attribute name ="GC Interval" value="1969" />
  <attribute name="Target GC Util Change" value ="80.000000" />
  <attribute name="Current GC Util Change" value="128.000000"/>
  <attribute name="Current Error" value="-39.000000" />
  <attribute name="Output H" value="39004024"/>
  <attribute name="Output I" value="1968"/>
  <attribute name="Output T" value="16"/>
  <attribute name= "Current Time Running" value="131531" />
  <attribute name="GC Util currently" value="128" />
  <attribute name="CPU Util currently" value="21140474569" />
<allocation-satisfied id="2489" threadId="0000000001164F00" bytesRequested="672" />
<af-end id="2490" timestamp="2019-08-09T18:06:35.666" threadId="0000000001165888" success="true" from="nursery"/>
<exclusive-end id="2491" timestamp="2019-08-09T18:06:35.666" durationms="4.513" />

<concurrent-kickoff id="2492" timestamp="2019-08-09T18:06:35.714">
  <kickoff reason="threshold reached" targetBytes="6570046" thresholdFreeBytes="911900"  remainingFree="842736" tenureFreeBytes="714640" nurseryFreeBytes="842736" />
</concurrent-kickoff>
<exclusive-start id="2493" timestamp="2019-08-09T18:06:35.714" intervalms="52.443">
  <response-info timems="0.040" idlems="0.040" threads="0" lastid="0000000001164F00" lastname="main" />
</exclusive-start>
<cycle-start id="2494" type="global" contextid="0" timestamp="2019-08-09T18:06:35.714" intervalms="251.595" />
<exclusive-end id="2495" timestamp="2019-08-09T18:06:35.714" durationms="0.043" />

<exclusive-start id="2496" timestamp="2019-08-09T18:06:35.721" intervalms="7.168">
  <response-info timems="0.018" idlems="0.018" threads="0" lastid="0000000001164F00" lastname="main" />
</exclusive-start>
<af-start id="2497" threadId="0000000001165888" totalBytesRequested="664" timestamp="2019-08-09T18:06:35.721" intervalms="59.558" type="nursery" />
<percolate-collect id="2498" from="nursery" to="global" reason="concurrent mark exhausted" timestamp="2019-08-09T18:06:35.721"/>
<gc-start id="2499" type="global" contextid="2494" timestamp="2019-08-09T18:06:35.721">
  <mem-info id="2500" free="714640" total="38928384" percent="1">
    <mem type="nursery" free="0" total="27394048" percent="0">
      <mem type="allocate" free="0" total="22609920" percent="0" />
      <mem type="survivor" free="0" total="4784128" percent="0" />
    </mem>
    <mem type="tenure" free="714640" total="11534336" percent="6">
      <mem type="soa" free="599952" total="11419648" percent="5" />
      <mem type="loa" free="114688" total="114688" percent="100" />
    </mem>
    <remembered-set count="1321" />
  </mem-info>
</gc-start>
<allocation-stats totalBytes="19305224" >
  <allocated-bytes non-tlh="672" tlh="19304552" />
  <largest-consumer threadName="main" threadId="0000000001164F00" bytes="19305224" />
</allocation-stats>
<concurrent-halted id="2501" timestamp="2019-08-09T18:06:35.721">
  <halted state="Complete" status="exhausted" />
  <traced bytesTarget="6570046" bytesTotal="3156932" bytesByMutator="1134532" bytesByHelper="2022400" percent="48" />
  <cards cleaned="19" thresholdBytes="359233" />
</concurrent-halted>
<gc-op id="2502" type="rs-scan" timems="3.681" contextid="2494" timestamp="2019-08-09T18:06:35.725">
  <scan objectsFound="104" bytesTraced="10868" workStackOverflowCount="0" />
</gc-op>
<gc-op id="2503" type="card-cleaning" timems="4.395" contextid="2494" timestamp="2019-08-09T18:06:35.729">
  <card-cleaning cardsCleaned="6" bytesTraced="5702704" workStackOverflowCount="0" />
</gc-op>
<gc-op id="2504" type="mark" timems="11.164" contextid="2494" timestamp="2019-08-09T18:06:35.741">
  <trace-info objectcount="137" scancount="136" scanbytes="3216" />
  <finalization candidates="81" enqueued="0" />
  <ownableSynchronizers candidates="21" cleared="0" />
  <references type="soft" candidates="2706" cleared="0" enqueued="0" dynamicThreshold="4" maxThreshold="32" />
  <references type="weak" candidates="5414" cleared="0" enqueued="0" />
  <references type="phantom" candidates="78" cleared="0" enqueued="0" />
  <stringconstants candidates="13316" cleared="0"  />
</gc-op>
<gc-op id="2505" type="sweep" timems="4.095" contextid="2494" timestamp="2019-08-09T18:06:35.745" />
<mem-info id="2506" free="18634712" total="38928384" percent="47">
  <mem type="nursery" free="17783040" total="27394048" percent="64">
    <mem type="allocate" free="17783040" total="22609920" percent="78" />
    <mem type="survivor" free="0" total="4784128" percent="0" />
  </mem>
  <mem type="tenure" free="851672" total="11534336" percent="7" micro-fragmented="768" macro-fragmented="0">
    <mem type="soa" free="736984" total="11419648" percent="6" />
    <mem type="loa" free="114688" total="114688" percent="100" />
  </mem>
  <remembered-set count="1319" />
</mem-info>
<gc-op id="2507" type="compact" timems="59.295" contextid="2494" timestamp="2019-08-09T18:06:35.804">
  <compact-info movecount="338465" movebytes="11800568" reason="compact to aid heap contraction" />
</gc-op>
<heap-resize id="2508" type="expand" space="tenure" amount="131072" count="1" timems="0.024" reason="satisfy allocation request" timestamp="2019-08-09T18:06:35.806" />
<gc-end id="2509" type="global" contextid="2494" durationms="84.450" usertimems="181.965" systemtimems="0.000" timestamp="2019-08-09T18:06:35.806" activeThreads="16">
  <mem-info id="2510" free="19561376" total="39059456" percent="50">
    <mem type="nursery" free="18578288" total="27394048" percent="67">
      <mem type="allocate" free="18578288" total="22609920" percent="82" />
      <mem type="survivor" free="0" total="4784128" percent="0" />
    </mem>
    <mem type="tenure" free="983088" total="11665408" percent="8">
      <mem type="soa" free="867376" total="11549696" percent="7" />
      <mem type="loa" free="115712" total="115712" percent="100" />
    </mem>
    <remembered-set count="1319" />
  </mem-info>
</gc-end>
<cycle-end id="2511" type="global" contextid="2494" timestamp="2019-08-09T18:06:35.806" />
  <attribute name="elasticGC enabled" value="1" />
  <attribute name= "numThreadsSpecified" value="16" />
  <attribute name="heapSize specified" value="38928384" />
  <attribute name="Current GC Util" value="192" />
  <attribute name= "Current Time Running" value="131674" />
  <attribute name ="GC Interval" value="1969" />
  <attribute name="Target GC Util Change" value ="80.000000" />
  <attribute name="Current GC Util Change" value="192.000000"/>
  <attribute name="Current Error" value="-222.000000" />
  <attribute name="Output H" value="39003808"/>
  <attribute name="Output I" value="1752"/>
  <attribute name="Output T" value="16"/>
  <attribute name= "Current Time Running" value="131674" />
  <attribute name="GC Util currently" value="192" />
  <attribute name="CPU Util currently" value="19429077642" />
<allocation-satisfied id="2512" threadId="0000000001164F00" bytesRequested="664" />
<af-end id="2513" timestamp="2019-08-09T18:06:35.806" threadId="0000000001165888" success="true" from="nursery"/>
<exclusive-end id="2514" timestamp="2019-08-09T18:06:35.806" durationms="84.805" />

<concurrent-kickoff id="2515" timestamp="2019-08-09T18:06:35.855">
  <kickoff reason="threshold reached" targetBytes="6006770" thresholdFreeBytes="834186"  remainingFree="784584" tenureFreeBytes="983088" nurseryFreeBytes="784584" />
</concurrent-kickoff>
<exclusive-start id="2516" timestamp="2019-08-09T18:06:35.855" intervalms="134.165">
  <response-info timems="0.024" idlems="0.024" threads="0" lastid="0000000001164F00" lastname="main" />
</exclusive-start>
<cycle-start id="2517" type="global" contextid="0" timestamp="2019-08-09T18:06:35.855" intervalms="141.315" />
<exclusive-end id="2518" timestamp="2019-08-09T18:06:35.855" durationms="0.017" />

<exclusive-start id="2519" timestamp="2019-08-09T18:06:35.861" intervalms="6.373">
  <response-info timems="0.021" idlems="0.021" threads="0" lastid="0000000001164F00" lastname="main" />
</exclusive-start>
<concurrent-collection-start id="2520" timestamp="2019-08-09T18:06:35.861" intervalms="390.263" >
  <concurrent-trace-info reason="card cleaning threshold reached" tracedByMutators="663476" tracedByHelpers="2338520" cardsCleaned="9" workStackOverflowCount="0" />
</concurrent-collection-start>
<gc-start id="2521" type="global" contextid="2517" timestamp="2019-08-09T18:06:35.862">
  <mem-info id="2522" free="983088" total="39059456" percent="2">
    <mem type="nursery" free="0" total="27394048" percent="0">
      <mem type="allocate" free="0" total="22609920" percent="0" />
      <mem type="survivor" free="0" total="4784128" percent="0" />
    </mem>
    <mem type="tenure" free="983088" total="11665408" percent="8">
      <mem type="soa" free="867376" total="11549696" percent="7" />
      <mem type="loa" free="115712" total="115712" percent="100" />
    </mem>
    <remembered-set count="1493" />
  </mem-info>
</gc-start>
<allocation-stats totalBytes="18560144" >
  <allocated-bytes non-tlh="262824" tlh="18297320" />
  <largest-consumer threadName="main" threadId="0000000001164F00" bytes="18560144" />
</allocation-stats>
<gc-op id="2523" type="rs-scan" timems="1.520" contextid="2517" timestamp="2019-08-09T18:06:35.863">
  <scan objectsFound="104" bytesTraced="10868" workStackOverflowCount="0" />
</gc-op>
<gc-op id="2524" type="card-cleaning" timems="4.603" contextid="2517" timestamp="2019-08-09T18:06:35.868">
  <card-cleaning cardsCleaned="3" bytesTraced="6558796" workStackOverflowCount="0" />
</gc-op>
<gc-op id="2525" type="mark" timems="7.054" contextid="2517" timestamp="2019-08-09T18:06:35.875">
  <trace-info objectcount="151" scancount="149" scanbytes="3760" />
  <finalization candidates="81" enqueued="0" />
  <ownableSynchronizers candidates="21" cleared="0" />
  <references type="soft" candidates="2706" cleared="875" enqueued="858" dynamicThreshold="2" maxThreshold="32" />
  <references type="weak" candidates="5414" cleared="0" enqueued="0" />
  <references type="phantom" candidates="78" cleared="0" enqueued="0" />
  <stringconstants candidates="13316" cleared="5"  />
</gc-op>
<gc-op id="2526" type="sweep" timems="3.353" contextid="2517" timestamp="2019-08-09T18:06:35.878" />
<mem-info id="2527" free="17819936" total="39059456" percent="45">
  <mem type="nursery" free="16726448" total="27394048" percent="61">
    <mem type="allocate" free="16726448" total="22609920" percent="73" />
    <mem type="survivor" free="0" total="4784128" percent="0" />
  </mem>
  <mem type="tenure" free="1093488" total="11665408" percent="9" micro-fragmented="128867" macro-fragmented="0">
    <mem type="soa" free="977776" total="11549696" percent="8" />
    <mem type="loa" free="115712" total="115712" percent="100" />
  </mem>
  <pending-finalizers system="0" default="0" reference="858" classloader="0" />
  <remembered-set count="757" />
</mem-info>
<gc-op id="2528" type="compact" timems="65.788" contextid="2517" timestamp="2019-08-09T18:06:35.945">
  <compact-info movecount="407697" movebytes="14774104" reason="compact to aid heap contraction" />
</gc-op>
<heap-resize id="2529" type="expand" space="tenure" amount="131072" count="1" timems="0.021" reason="satisfy allocation request" timestamp="2019-08-09T18:06:35.945" />
<gc-end id="2530" type="global" contextid="2517" durationms="83.805" usertimems="172.547" systemtimems="0.000" timestamp="2019-08-09T18:06:35.945" activeThreads="16">
  <mem-info id="2531" free="18782576" total="39190528" percent="47">
    <mem type="nursery" free="17467816" total="27394048" percent="63">
      <mem type="allocate" free="17467816" total="22609920" percent="77" />
      <mem type="survivor" free="0" total="4784128" percent="0" />
    </mem>
    <mem type="tenure" free="1314760" total="11796480" percent="11">
      <mem type="soa" free="1197000" total="11678720" percent="10" />
      <mem type="loa" free="117760" total="117760" percent="100" />
    </mem>
    <pending-finalizers system="0" default="0" reference="858" classloader="0" />
    <remembered-set count="757" />
  </mem-info>
</gc-end>
<cycle-end id="2532" type="global" contextid="2517" timestamp="2019-08-09T18:06:35.945" />
  <attribute name="elasticGC enabled" value="1" />
  <attribute name= "numThreadsSpecified" value="16" />
  <attribute name="heapSize specified" value="39059456" />
  <attribute name="Current GC Util" value="104" />
  <attribute name= "Current Time Running" value="131814" />
  <attribute name ="GC Interval" value="1969" />
  <attribute name="Target GC Util Change" value ="80.000000" />
  <attribute name="Current GC Util Change" value="104.000000"/>
  <attribute name="Current Error" value="-390.000000" />
  <attribute name="Output H" value="39134688"/>
  <attribute name="Output I" value="1560"/>
  <attribute name="Output T" value="16"/>
  <attribute name= "Current Time Running" value="131814" />
  <attribute name="GC Util currently" value="104" />
  <attribute name="CPU Util currently" value="17515143022" />
<concurrent-collection-end id="2533" timestamp="2019-08-09T18:06:35.945" />
<exclusive-end id="2534" timestamp="2019-08-09T18:06:35.945" durationms="83.995" />

<concurrent-kickoff id="2535" timestamp="2019-08-09T18:06:35.988">
  <kickoff reason="threshold reached" targetBytes="5485600" thresholdFreeBytes="763290"  remainingFree="719272" tenureFreeBytes="1314760" nurseryFreeBytes="719272" />
</concurrent-kickoff>
<exclusive-start id="2536" timestamp="2019-08-09T18:06:35.988" intervalms="126.637">
  <response-info timems="0.020" idlems="0.020" threads="0" lastid="0000000001164F00" lastname="main" />
</exclusive-start>
<cycle-start id="2537" type="global" contextid="0" timestamp="2019-08-09T18:06:35.988" intervalms="133.019" />
<exclusive-end id="2538" timestamp="2019-08-09T18:06:35.988" durationms="0.027" />

<exclusive-start id="2539" timestamp="2019-08-09T18:06:35.994" intervalms="6.384">
  <response-info timems="0.017" idlems="0.017" threads="0" lastid="0000000001164F00" lastname="main" />
</exclusive-start>
<af-start id="2540" threadId="0000000001165888" totalBytesRequested="16" timestamp="2019-08-09T18:06:35.995" intervalms="273.550" type="nursery" />
<percolate-collect id="2541" from="nursery" to="global" reason="concurrent mark exhausted" timestamp="2019-08-09T18:06:35.995"/>
<gc-start id="2542" type="global" contextid="2537" timestamp="2019-08-09T18:06:35.995">
  <mem-info id="2543" free="1314760" total="39190528" percent="3">
    <mem type="nursery" free="0" total="27394048" percent="0">
      <mem type="allocate" free="0" total="22609920" percent="0" />
      <mem type="survivor" free="0" total="4784128" percent="0" />
    </mem>
    <mem type="tenure" free="1314760" total="11796480" percent="11">
      <mem type="soa" free="1197000" total="11678720" percent="10" />
      <mem type="loa" free="117760" total="117760" percent="100" />
    </mem>
    <remembered-set count="2398" />
  </mem-info>
</gc-start>
<allocation-stats totalBytes="17451584" >
  <allocated-bytes non-tlh="0" tlh="17451584" />
  <largest-consumer threadName="main" threadId="0000000001164F00" bytes="17447488" />
</allocation-stats>
<concurrent-halted id="2544" timestamp="2019-08-09T18:06:35.995">
  <halted state="Complete" status="exhausted" />
  <traced bytesTarget="5485600" bytesTotal="2908960" bytesByMutator="781108" bytesByHelper="2127852" percent="53" />
  <cards cleaned="4" thresholdBytes="300690" />
</concurrent-halted>
<gc-op id="2545" type="rs-scan" timems="1.446" contextid="2537" timestamp="2019-08-09T18:06:35.996">
  <scan objectsFound="275" bytesTraced="39356" workStackOverflowCount="0" />
</gc-op>
<gc-op id="2546" type="card-cleaning" timems="7.569" contextid="2537" timestamp="2019-08-09T18:06:36.004">
  <card-cleaning cardsCleaned="8" bytesTraced="7293616" workStackOverflowCount="0" />
</gc-op>
<gc-op id="2547" type="mark" timems="9.212" contextid="2537" timestamp="2019-08-09T18:06:36.013">
  <trace-info objectcount="152" scancount="150" scanbytes="3676" />
  <finalization candidates="81" enqueued="0" />
  <ownableSynchronizers candidates="21" cleared="0" />
  <references type="soft" candidates="1831" cleared="0" enqueued="0" dynamicThreshold="3" maxThreshold="32" />
  <references type="weak" candidates="5414" cleared="0" enqueued="0" />
  <references type="phantom" candidates="78" cleared="0" enqueued="0" />
  <stringconstants candidates="13311" cleared="172"  />
</gc-op>
<gc-op id="2548" type="sweep" timems="5.871" contextid="2537" timestamp="2019-08-09T18:06:36.019" />
<mem-info id="2549" free="17143528" total="39190528" percent="43">
  <mem type="nursery" free="15814832" total="27394048" percent="57">
    <mem type="allocate" free="15814832" total="22609920" percent="69" />
    <mem type="survivor" free="0" total="4784128" percent="0" />
  </mem>
  <mem type="tenure" free="1328696" total="11796480" percent="11" micro-fragmented="88348" macro-fragmented="0">
    <mem type="soa" free="1210936" total="11678720" percent="10" />
    <mem type="loa" free="117760" total="117760" percent="100" />
  </mem>
  <remembered-set count="1461" />
</mem-info>
<gc-op id="2550" type="compact" timems="72.176" contextid="2537" timestamp="2019-08-09T18:06:36.091">
  <compact-info movecount="405279" movebytes="14716504" reason="compact to aid heap contraction" />
</gc-op>
<heap-resize id="2551" type="expand" space="tenure" amount="131072" count="1" timems="0.024" reason="satisfy allocation request" timestamp="2019-08-09T18:06:36.093" />
<gc-end id="2552" type="global" contextid="2537" durationms="98.062" usertimems="204.472" systemtimems="0.000" timestamp="2019-08-09T18:06:36.093" activeThreads="16">
  <mem-info id="2553" free="18112136" total="39321600" percent="46">
    <mem type="nursery" free="16566304" total="27394048" percent="60">
      <mem type="allocate" free="16566304" total="22609920" percent="73" />
      <mem type="survivor" free="0" total="4784128" percent="0" />
    </mem>
    <mem type="tenure" free="1545832" total="11927552" percent="12">
      <mem type="soa" free="1427048" total="11808768" percent="12" />
      <mem type="loa" free="118784" total="118784" percent="100" />
    </mem>
    <remembered-set count="1461" />
  </mem-info>
</gc-end>
<cycle-end id="2554" type="global" contextid="2537" timestamp="2019-08-09T18:06:36.093" />
  <attribute name="elasticGC enabled" value="1" />
  <attribute name= "numThreadsSpecified" value="16" />
  <attribute name="heapSize specified" value="39190528" />
  <attribute name="Current GC Util" value="113" />
  <attribute name= "Current Time Running" value="131961" />
  <attribute name ="GC Interval" value="1969" />
  <attribute name="Target GC Util Change" value ="80.000000" />
  <attribute name="Current GC Util Change" value="113.000000"/>
  <attribute name="Current Error" value="-370.000000" />
  <attribute name="Output H" value="39265784"/>
  <attribute name="Output I" value="1584"/>
  <attribute name="Output T" value="16"/>
  <attribute name= "Current Time Running" value="131961" />
  <attribute name="GC Util currently" value="113" />
  <attribute name="CPU Util currently" value="15961611284" />
<allocation-satisfied id="2555" threadId="0000000001164F00" bytesRequested="16" />
<af-end id="2556" timestamp="2019-08-09T18:06:36.093" threadId="0000000001165888" success="true" from="nursery"/>
<exclusive-end id="2557" timestamp="2019-08-09T18:06:36.093" durationms="98.345" />

<concurrent-kickoff id="2558" timestamp="2019-08-09T18:06:36.137">
  <kickoff reason="threshold reached" targetBytes="5029235" thresholdFreeBytes="699538"  remainingFree="608272" tenureFreeBytes="1545832" nurseryFreeBytes="608272" />
</concurrent-kickoff>
<exclusive-start id="2559" timestamp="2019-08-09T18:06:36.137" intervalms="142.251">
  <response-info timems="0.017" idlems="0.017" threads="0" lastid="0000000001164F00" lastname="main" />
</exclusive-start>
<cycle-start id="2560" type="global" contextid="0" timestamp="2019-08-09T18:06:36.137" intervalms="148.625" />
<exclusive-end id="2561" timestamp="2019-08-09T18:06:36.137" durationms="0.015" />

<exclusive-start id="2562" timestamp="2019-08-09T18:06:36.142" intervalms="5.647">
  <response-info timems="0.021" idlems="0.021" threads="0" lastid="0000000001164F00" lastname="main" />
</exclusive-start>
<af-start id="2563" threadId="0000000001165888" totalBytesRequested="16" timestamp="2019-08-09T18:06:36.142" intervalms="147.854" type="nursery" />
<cycle-start id="2564" type="scavenge" contextid="0" timestamp="2019-08-09T18:06:36.142" intervalms="480.945" />
<gc-start id="2565" type="scavenge" contextid="2564" timestamp="2019-08-09T18:06:36.142">
  <mem-info id="2566" free="1545832" total="39321600" percent="3">
    <mem type="nursery" free="0" total="27394048" percent="0">
      <mem type="allocate" free="0" total="22609920" percent="0" />
      <mem type="survivor" free="0" total="4784128" percent="0" />
    </mem>
    <mem type="tenure" free="1545832" total="11927552" percent="12">
      <mem type="soa" free="1427048" total="11808768" percent="12" />
      <mem type="loa" free="118784" total="118784" percent="100" />
    </mem>
    <remembered-set count="1550" />
  </mem-info>
</gc-start>
<allocation-stats totalBytes="16551888" >
  <allocated-bytes non-tlh="16" tlh="16551872" />
  <largest-consumer threadName="main" threadId="0000000001164F00" bytes="16551888" />
</allocation-stats>
<gc-op id="2567" type="scavenge" timems="13.788" contextid="2564" timestamp="2019-08-09T18:06:36.156">
  <scavenger-info tenureage="2" tenuremask="4204" tiltratio="82" />
  <memory-copied type="nursery" objects="180472" bytes="4783496" bytesdiscarded="632" />
  <memory-copied type="tenure" objects="87841" bytes="2139232" bytesdiscarded="736" />
  <copy-failed type="nursery" objects="50154" bytes="1195848" />
  <ownableSynchronizers candidates="42" cleared="42" />
  <references type="weak" candidates="2" cleared="0" enqueued="0" />
  <heap-resize type="expand" space="tenure" amount="917504" count="7" timems="1.165" reason="continue current collection" />
</gc-op>
<gc-end id="2568" type="scavenge" contextid="2564" durationms="14.061" usertimems="48.233" systemtimems="0.000" timestamp="2019-08-09T18:06:36.157" activeThreads="16">
  <mem-info id="2569" free="12097280" total="40239104" percent="30">
    <mem type="nursery" free="11927552" total="27394048" percent="43">
      <mem type="allocate" free="11927552" total="16711680" percent="71" />
      <mem type="survivor" free="0" total="10682368" percent="0" />
    </mem>
    <mem type="tenure" free="169728" total="12845056" percent="1" macro-fragmented="0">
      <mem type="soa" free="41728" total="12717056" percent="0" />
      <mem type="loa" free="128000" total="128000" percent="100" />
    </mem>
    <remembered-set count="5541" />
  </mem-info>
</gc-end>
<cycle-end id="2570" type="scavenge" contextid="2564" timestamp="2019-08-09T18:06:36.157" />
  <attribute name="elasticGC enabled" value="1" />
  <attribute name= "numThreadsSpecified" value="16" />
  <attribute name="heapSize specified" value="39190528" />
  <attribute name="Current GC Util" value="296" />
  <attribute name= "Current Time Running" value="132012" />
  <attribute name ="GC Interval" value="1337" />
  <attribute name="Target GC Util Change" value ="80.000000" />
  <attribute name="Current GC Util Change" value="296.000000"/>
  <attribute name="Current Error" value="-586.000000" />
  <attribute name="Output H" value="39396608"/>
  <attribute name="Output I" value="1336"/>
  <attribute name="Output T" value="16"/>
  <attribute name= "Current Time Running" value="132012" />
  <attribute name="GC Util currently" value="296" />
  <attribute name="CPU Util currently" value="22629594326" />
<allocation-satisfied id="2571" threadId="0000000001164F00" bytesRequested="16" />
<af-end id="2572" timestamp="2019-08-09T18:06:36.157" threadId="0000000001165888" success="true" from="nursery"/>
<exclusive-end id="2573" timestamp="2019-08-09T18:06:36.157" durationms="14.263" />

<exclusive-start id="2574" timestamp="2019-08-09T18:06:36.190" intervalms="47.930">
  <response-info timems="0.028" idlems="0.028" threads="0" lastid="0000000001164F00" lastname="main" />
</exclusive-start>
<concurrent-collection-start id="2575" timestamp="2019-08-09T18:06:36.190" intervalms="328.853" >
  <concurrent-trace-info reason="card cleaning threshold reached" tracedByMutators="848344" tracedByHelpers="2060576" cardsCleaned="7" workStackOverflowCount="0" />
</concurrent-collection-start>
<gc-start id="2576" type="global" contextid="2560" timestamp="2019-08-09T18:06:36.190">
  <mem-info id="2577" free="227976" total="40239104" percent="0">
    <mem type="nursery" free="58248" total="27394048" percent="0">
      <mem type="allocate" free="58248" total="16711680" percent="0" />
      <mem type="survivor" free="0" total="10682368" percent="0" />
    </mem>
    <mem type="tenure" free="169728" total="12845056" percent="1">
      <mem type="soa" free="41728" total="12717056" percent="0" />
      <mem type="loa" free="128000" total="128000" percent="100" />
    </mem>
    <remembered-set count="5774" />
  </mem-info>
</gc-start>
<allocation-stats totalBytes="11859464" >
  <allocated-bytes non-tlh="1809528" tlh="10049936" />
  <largest-consumer threadName="main" threadId="0000000001164F00" bytes="11859464" />
</allocation-stats>
<gc-op id="2578" type="rs-scan" timems="3.652" contextid="2560" timestamp="2019-08-09T18:06:36.194">
  <scan objectsFound="91" bytesTraced="7068" workStackOverflowCount="0" />
</gc-op>
<gc-op id="2579" type="card-cleaning" timems="5.192" contextid="2560" timestamp="2019-08-09T18:06:36.199">
  <card-cleaning cardsCleaned="253" bytesTraced="8458400" workStackOverflowCount="0" />
</gc-op>
<gc-op id="2580" type="mark" timems="13.049" contextid="2560" timestamp="2019-08-09T18:06:36.212">
  <trace-info objectcount="165" scancount="158" scanbytes="4036" />
  <finalization candidates="82" enqueued="1" />
  <ownableSynchronizers candidates="21" cleared="0" />
  <references type="soft" candidates="1831" cleared="0" enqueued="0" dynamicThreshold="4" maxThreshold="32" />
  <references type="weak" candidates="5420" cleared="0" enqueued="0" />
  <references type="phantom" candidates="78" cleared="0" enqueued="0" />
  <stringconstants candidates="13139" cleared="0"  />
</gc-op>
<gc-op id="2581" type="sweep" timems="3.947" contextid="2560" timestamp="2019-08-09T18:06:36.217" />
<mem-info id="2582" free="10046816" total="40239104" percent="24">
  <mem type="nursery" free="9723472" total="27394048" percent="35">
    <mem type="allocate" free="9723472" total="16711680" percent="58" />
    <mem type="survivor" free="0" total="10682368" percent="0" />
  </mem>
  <mem type="tenure" free="323344" total="12845056" percent="2" micro-fragmented="1536" macro-fragmented="0">
    <mem type="soa" free="195344" total="12717056" percent="1" />
    <mem type="loa" free="128000" total="128000" percent="100" />
  </mem>
  <pending-finalizers system="0" default="1" reference="0" classloader="0" />
  <remembered-set count="5774" />
</mem-info>
<gc-op id="2583" type="compact" timems="67.608" contextid="2560" timestamp="2019-08-09T18:06:36.284">
  <compact-info movecount="287836" movebytes="8608712" reason="compact to aid heap contraction" />
</gc-op>
<heap-resize id="2584" type="expand" space="tenure" amount="131072" count="1" timems="0.021" reason="satisfy allocation request" timestamp="2019-08-09T18:06:36.286" />
<gc-end id="2585" type="global" contextid="2560" durationms="95.271" usertimems="172.019" systemtimems="0.000" timestamp="2019-08-09T18:06:36.286" activeThreads="16">
  <mem-info id="2586" free="10675128" total="40370176" percent="26">
    <mem type="nursery" free="10219976" total="27394048" percent="37">
      <mem type="allocate" free="10219976" total="16711680" percent="61" />
      <mem type="survivor" free="0" total="10682368" percent="0" />
    </mem>
    <mem type="tenure" free="455152" total="12976128" percent="3">
      <mem type="soa" free="326128" total="12847104" percent="2" />
      <mem type="loa" free="129024" total="129024" percent="100" />
    </mem>
    <pending-finalizers system="0" default="1" reference="0" classloader="0" />
    <remembered-set count="5774" />
  </mem-info>
</gc-end>
<cycle-end id="2587" type="global" contextid="2560" timestamp="2019-08-09T18:06:36.286" />
  <attribute name="elasticGC enabled" value="1" />
  <attribute name= "numThreadsSpecified" value="16" />
  <attribute name="heapSize specified" value="40239104" />
  <attribute name="Current GC Util" value="142" />
  <attribute name= "Current Time Running" value="132154" />
  <attribute name ="GC Interval" value="1337" />
  <attribute name="Target GC Util Change" value ="80.000000" />
  <attribute name="Current GC Util Change" value="142.000000"/>
  <attribute name="Current Error" value="-62.000000" />
  <attribute name="Output H" value="40314720"/>
  <attribute name="Output I" value="1944"/>
  <attribute name="Output T" value="16"/>
  <attribute name= "Current Time Running" value="132154" />
  <attribute name="GC Util currently" value="142" />
  <attribute name="CPU Util currently" value="16986167579" />
<concurrent-collection-end id="2588" timestamp="2019-08-09T18:06:36.286" />
<exclusive-end id="2589" timestamp="2019-08-09T18:06:36.286" durationms="95.539" />

<concurrent-kickoff id="2590" timestamp="2019-08-09T18:06:36.366">
  <kickoff reason="threshold reached" targetBytes="5018140" thresholdFreeBytes="697383"  remainingFree="684488" tenureFreeBytes="455152" nurseryFreeBytes="684488" />
</concurrent-kickoff>
<exclusive-start id="2591" timestamp="2019-08-09T18:06:36.366" intervalms="176.206">
  <response-info timems="0.307" idlems="0.307" threads="0" lastid="0000000001164F00" lastname="main" />
</exclusive-start>
<cycle-start id="2592" type="global" contextid="0" timestamp="2019-08-09T18:06:36.367" intervalms="229.788" />
<exclusive-end id="2593" timestamp="2019-08-09T18:06:36.367" durationms="0.023" />

<exclusive-start id="2594" timestamp="2019-08-09T18:06:36.400" intervalms="33.753">
  <response-info timems="3.012" idlems="3.012" threads="0" lastid="0000000001164F00" lastname="main" />
</exclusive-start>
<af-start id="2595" threadId="0000000001165888" totalBytesRequested="128" timestamp="2019-08-09T18:06:36.401" intervalms="258.132" type="nursery" />
<percolate-collect id="2596" from="nursery" to="global" reason="concurrent mark exhausted" timestamp="2019-08-09T18:06:36.401"/>
<gc-start id="2597" type="global" contextid="2592" timestamp="2019-08-09T18:06:36.401">
  <mem-info id="2598" free="455152" total="40370176" percent="1">
    <mem type="nursery" free="0" total="27394048" percent="0">
      <mem type="allocate" free="0" total="16711680" percent="0" />
      <mem type="survivor" free="0" total="10682368" percent="0" />
    </mem>
    <mem type="tenure" free="455152" total="12976128" percent="3">
      <mem type="soa" free="326128" total="12847104" percent="2" />
      <mem type="loa" free="129024" total="129024" percent="100" />
    </mem>
    <remembered-set count="5774" />
  </mem-info>
</gc-start>
<allocation-stats totalBytes="10218680" >
  <allocated-bytes non-tlh="0" tlh="10218680" />
  <largest-consumer threadName="main" threadId="0000000001164F00" bytes="10218680" />
</allocation-stats>
<concurrent-halted id="2599" timestamp="2019-08-09T18:06:36.401">
  <halted state="Complete" status="exhausted" />
  <traced bytesTarget="5018140" bytesTotal="2919820" bytesByMutator="869248" bytesByHelper="2050572" percent="58" />
  <cards cleaned="1" thresholdBytes="274726" />
</concurrent-halted>
<gc-op id="2600" type="rs-scan" timems="2.530" contextid="2592" timestamp="2019-08-09T18:06:36.403">
  <scan objectsFound="101" bytesTraced="9564" workStackOverflowCount="0" />
</gc-op>
<gc-op id="2601" type="card-cleaning" timems="7.238" contextid="2592" timestamp="2019-08-09T18:06:36.410">
  <card-cleaning cardsCleaned="1" bytesTraced="8961948" workStackOverflowCount="0" />
</gc-op>
<gc-op id="2602" type="mark" timems="63.879" contextid="2592" timestamp="2019-08-09T18:06:36.474">
  <trace-info objectcount="83" scancount="81" scanbytes="1576" />
  <finalization candidates="81" enqueued="0" />
  <ownableSynchronizers candidates="21" cleared="0" />
  <references type="soft" candidates="1831" cleared="3" enqueued="3" dynamicThreshold="1" maxThreshold="32" />
  <references type="weak" candidates="5418" cleared="0" enqueued="0" />
  <references type="phantom" candidates="78" cleared="0" enqueued="0" />
  <stringconstants candidates="13139" cleared="0"  />
</gc-op>
<gc-op id="2603" type="sweep" timems="9.016" contextid="2592" timestamp="2019-08-09T18:06:36.483" />
<mem-info id="2604" free="11146776" total="40370176" percent="27">
  <mem type="nursery" free="8758872" total="27394048" percent="31">
    <mem type="allocate" free="8758872" total="16711680" percent="52" />
    <mem type="survivor" free="0" total="10682368" percent="0" />
  </mem>
  <mem type="tenure" free="2387904" total="12976128" percent="18" micro-fragmented="0" macro-fragmented="0">
    <mem type="soa" free="2258880" total="12847104" percent="17" />
    <mem type="loa" free="129024" total="129024" percent="100" />
  </mem>
  <pending-finalizers system="0" default="0" reference="3" classloader="0" />
  <remembered-set count="5770" />
</mem-info>
<gc-op id="2605" type="compact" timems="83.393" contextid="2592" timestamp="2019-08-09T18:06:36.567">
  <compact-info movecount="305444" movebytes="10240704" reason="compact to aid heap contraction" />
</gc-op>
<heap-resize id="2606" type="expand" space="tenure" amount="131072" count="1" timems="0.022" reason="satisfy allocation request" timestamp="2019-08-09T18:06:36.580" />
<gc-end id="2607" type="global" contextid="2592" durationms="179.432" usertimems="236.060" systemtimems="0.000" timestamp="2019-08-09T18:06:36.580" activeThreads="16">
  <mem-info id="2608" free="12161152" total="40501248" percent="30">
    <mem type="nursery" free="9641280" total="27394048" percent="35">
      <mem type="allocate" free="9641280" total="16711680" percent="57" />
      <mem type="survivor" free="0" total="10682368" percent="0" />
    </mem>
    <mem type="tenure" free="2519872" total="13107200" percent="19">
      <mem type="soa" free="2388800" total="12976128" percent="18" />
      <mem type="loa" free="131072" total="131072" percent="100" />
    </mem>
    <pending-finalizers system="0" default="0" reference="3" classloader="0" />
    <remembered-set count="5770" />
  </mem-info>
</gc-end>
<cycle-end id="2609" type="global" contextid="2592" timestamp="2019-08-09T18:06:36.580" />
  <attribute name="elasticGC enabled" value="1" />
  <attribute name= "numThreadsSpecified" value="16" />
  <attribute name="heapSize specified" value="40370176" />
  <attribute name="Current GC Util" value="39" />
  <attribute name= "Current Time Running" value="132437" />
  <attribute name ="GC Interval" value="1337" />
  <attribute name="Target GC Util Change" value ="80.000000" />
  <attribute name="Current GC Util Change" value="39.000000"/>
  <attribute name="Current Error" value="-51.000000" />
  <attribute name="Output H" value="40445800"/>
  <attribute name="Output I" value="1952"/>
  <attribute name="Output T" value="16"/>
  <attribute name= "Current Time Running" value="132437" />
  <attribute name="GC Util currently" value="39" />
  <attribute name="CPU Util currently" value="13816439636" />
<allocation-satisfied id="2610" threadId="0000000001164F00" bytesRequested="128" />
<af-end id="2611" timestamp="2019-08-09T18:06:36.580" threadId="0000000001165888" success="true" from="nursery"/>
<exclusive-end id="2612" timestamp="2019-08-09T18:06:36.580" durationms="180.061" />

<exclusive-start id="2613" timestamp="2019-08-09T18:06:36.619" intervalms="218.418">
  <response-info timems="0.395" idlems="0.395" threads="0" lastid="0000000001164F00" lastname="main" />
</exclusive-start>
<af-start id="2614" threadId="0000000001165888" totalBytesRequested="16" timestamp="2019-08-09T18:06:36.619" intervalms="218.187" type="nursery" />
<cycle-start id="2615" type="scavenge" contextid="0" timestamp="2019-08-09T18:06:36.619" intervalms="476.327" />
<gc-start id="2616" type="scavenge" contextid="2615" timestamp="2019-08-09T18:06:36.619">
  <mem-info id="2617" free="2519872" total="40501248" percent="6">
    <mem type="nursery" free="0" total="27394048" percent="0">
      <mem type="allocate" free="0" total="16711680" percent="0" />
      <mem type="survivor" free="0" total="10682368" percent="0" />
    </mem>
    <mem type="tenure" free="2519872" total="13107200" percent="19">
      <mem type="soa" free="2388800" total="12976128" percent="18" />
      <mem type="loa" free="131072" total="131072" percent="100" />
    </mem>
    <remembered-set count="5776" />
  </mem-info>
</gc-start>
<allocation-stats totalBytes="9640128" >
  <allocated-bytes non-tlh="65672" tlh="9574456" />
  <largest-consumer threadName="main" threadId="0000000001164F00" bytes="9640128" />
</allocation-stats>
<gc-op id="2618" type="scavenge" timems="10.811" contextid="2615" timestamp="2019-08-09T18:06:36.630">
  <scavenger-info tenureage="2" tenuremask="4004" tiltratio="61" />
  <memory-copied type="nursery" objects="183831" bytes="6007056" bytesdiscarded="223304" />
  <memory-copied type="tenure" objects="65853" bytes="1632560" bytesdiscarded="320" />
  <ownableSynchronizers candidates="42" cleared="42" />
  <references type="weak" candidates="6" cleared="0" enqueued="0" />
</gc-op>
<gc-end id="2619" type="scavenge" contextid="2615" durationms="11.130" usertimems="62.302" systemtimems="0.000" timestamp="2019-08-09T18:06:36.630" activeThreads="16">
  <mem-info id="2620" free="13682152" total="40501248" percent="33">
    <mem type="nursery" free="13168296" total="27394048" percent="48">
      <mem type="allocate" free="13168296" total="19398656" percent="67" />
      <mem type="survivor" free="0" total="7995392" percent="0" />
    </mem>
    <mem type="tenure" free="513856" total="13107200" percent="3" macro-fragmented="0">
      <mem type="soa" free="382784" total="12976128" percent="2" />
      <mem type="loa" free="131072" total="131072" percent="100" />
    </mem>
    <remembered-set count="4775" />
  </mem-info>
</gc-end>
<cycle-end id="2621" type="scavenge" contextid="2615" timestamp="2019-08-09T18:06:36.630" />
  <attribute name="elasticGC enabled" value="1" />
  <attribute name= "numThreadsSpecified" value="16" />
  <attribute name="heapSize specified" value="40370176" />
  <attribute name="Current GC Util" value="445" />
  <attribute name= "Current Time Running" value="132488" />
  <attribute name ="GC Interval" value="1529" />
  <attribute name="Target GC Util Change" value ="80.000000" />
  <attribute name="Current GC Util Change" value="445.000000"/>
  <attribute name="Current Error" value="-416.000000" />
  <attribute name="Output H" value="40576448"/>
  <attribute name="Output I" value="1528"/>
  <attribute name="Output T" value="16"/>
  <attribute name= "Current Time Running" value="132488" />
  <attribute name="GC Util currently" value="445" />
  <attribute name="CPU Util currently" value="22283733814" />
<allocation-satisfied id="2622" threadId="0000000001164F00" bytesRequested="16" />
<af-end id="2623" timestamp="2019-08-09T18:06:36.630" threadId="0000000001165888" success="true" from="nursery"/>
<exclusive-end id="2624" timestamp="2019-08-09T18:06:36.630" durationms="11.398" />

-------------------------------------------------------------------------------
PYBENCH 2.0
-------------------------------------------------------------------------------
* using Python 2.5.2
* system check interval set to maximum: 2147483647
* using timer: time.time

Calibrating tests. Please wait...
<concurrent-kickoff id="2625" timestamp="2019-08-09T18:06:36.702">
  <kickoff reason="threshold reached" targetBytes="4618880" thresholdFreeBytes="642342"  remainingFree="519848" tenureFreeBytes="495328" nurseryFreeBytes="519848" />
</concurrent-kickoff>
<exclusive-start id="2626" timestamp="2019-08-09T18:06:36.702" intervalms="83.555">
  <response-info timems="0.022" idlems="0.022" threads="0" lastid="0000000001164F00" lastname="main" />
</exclusive-start>
<cycle-start id="2627" type="global" contextid="0" timestamp="2019-08-09T18:06:36.702" intervalms="335.734" />
<exclusive-end id="2628" timestamp="2019-08-09T18:06:36.702" durationms="0.030" />


Running 4 round(s) of the suite at warp factor 10:

<exclusive-start id="2629" timestamp="2019-08-09T18:06:36.722" intervalms="20.178">
  <response-info timems="0.023" idlems="0.023" threads="0" lastid="0000000001164F00" lastname="main" />
</exclusive-start>
<af-start id="2630" threadId="0000000001165888" totalBytesRequested="16" timestamp="2019-08-09T18:06:36.722" intervalms="103.745" type="nursery" />
<cycle-start id="2631" type="scavenge" contextid="0" timestamp="2019-08-09T18:06:36.722" intervalms="103.745" />
<gc-start id="2632" type="scavenge" contextid="2631" timestamp="2019-08-09T18:06:36.723">
  <mem-info id="2633" free="493000" total="40501248" percent="1">
    <mem type="nursery" free="0" total="27394048" percent="0">
      <mem type="allocate" free="0" total="19398656" percent="0" />
      <mem type="survivor" free="0" total="7995392" percent="0" />
    </mem>
    <mem type="tenure" free="493000" total="13107200" percent="3">
      <mem type="soa" free="361928" total="12976128" percent="2" />
      <mem type="loa" free="131072" total="131072" percent="100" />
    </mem>
    <remembered-set count="5407" />
  </mem-info>
</gc-start>
<allocation-stats totalBytes="13187920" >
  <allocated-bytes non-tlh="151952" tlh="13035968" />
  <largest-consumer threadName="main" threadId="0000000001164F00" bytes="13187920" />
</allocation-stats>
<gc-op id="2634" type="scavenge" timems="15.962" contextid="2631" timestamp="2019-08-09T18:06:36.739">
  <scavenger-info tenureage="2" tenuremask="6004" tiltratio="70" />
  <memory-copied type="nursery" objects="109856" bytes="2709568" bytesdiscarded="357552" />
  <memory-copied type="tenure" objects="114566" bytes="3149552" bytesdiscarded="848" />
  <references type="soft" candidates="2361" cleared="0" enqueued="0" dynamicThreshold="6" maxThreshold="32" />
  <references type="weak" candidates="89" cleared="9" enqueued="7" />
  <heap-resize type="expand" space="tenure" amount="2752512" count="21" timems="4.550" reason="continue current collection" />
</gc-op>
<heap-resize id="2635" type="expand" space="nursery" amount="1966080" count="1" timems="0.024" reason="excessive time being spent scavenging" timestamp="2019-08-09T18:06:36.739" />
<gc-end id="2636" type="scavenge" contextid="2631" durationms="16.444" usertimems="49.685" systemtimems="0.000" timestamp="2019-08-09T18:06:36.739" activeThreads="16">
  <mem-info id="2637" free="18072312" total="45219840" percent="39">
    <mem type="nursery" free="17904376" total="29360128" percent="60">
      <mem type="allocate" free="17904376" total="20971520" percent="85" />
      <mem type="survivor" free="0" total="8388608" percent="0" />
    </mem>
    <mem type="tenure" free="167936" total="15859712" percent="1" macro-fragmented="0">
      <mem type="soa" free="10240" total="15702016" percent="0" />
      <mem type="loa" free="157696" total="157696" percent="100" />
    </mem>
    <pending-finalizers system="0" default="0" reference="7" classloader="0" />
    <remembered-set count="1648" />
  </mem-info>
</gc-end>
<cycle-end id="2638" type="scavenge" contextid="2631" timestamp="2019-08-09T18:06:36.739" />
  <attribute name="elasticGC enabled" value="1" />
  <attribute name= "numThreadsSpecified" value="16" />
  <attribute name="heapSize specified" value="40370176" />
  <attribute name="Current GC Util" value="50" />
  <attribute name= "Current Time Running" value="132592" />
  <attribute name ="GC Interval" value="1569" />
  <attribute name="Target GC Util Change" value ="80.000000" />
  <attribute name="Current GC Util Change" value="50.000000"/>
  <attribute name="Current Error" value="-386.000000" />
  <attribute name="Output H" value="40576488"/>
  <attribute name="Output I" value="1568"/>
  <attribute name="Output T" value="16"/>
  <attribute name= "Current Time Running" value="132592" />
  <attribute name="GC Util currently" value="50" />
  <attribute name="CPU Util currently" value="11112731952" />
<allocation-satisfied id="2639" threadId="0000000001164F00" bytesRequested="16" />
<af-end id="2640" timestamp="2019-08-09T18:06:36.739" threadId="0000000001165888" success="true" from="nursery"/>
<exclusive-end id="2641" timestamp="2019-08-09T18:06:36.739" durationms="16.787" />

<exclusive-start id="2642" timestamp="2019-08-09T18:06:36.740" intervalms="17.138">
  <response-info timems="0.178" idlems="0.178" threads="0" lastid="00000000012E9B00" lastname="Finalizer thread" />
</exclusive-start>
<concurrent-collection-start id="2643" timestamp="2019-08-09T18:06:36.740" intervalms="549.251" >
  <concurrent-trace-info reason="card cleaning threshold reached" tracedByMutators="734268" tracedByHelpers="2182852" cardsCleaned="23" workStackOverflowCount="0" />
</concurrent-collection-start>
<gc-start id="2644" type="global" contextid="2627" timestamp="2019-08-09T18:06:36.740">
  <mem-info id="2645" free="18002664" total="45219840" percent="39">
    <mem type="nursery" free="17834728" total="29360128" percent="60">
      <mem type="allocate" free="17834728" total="20971520" percent="85" />
      <mem type="survivor" free="0" total="8388608" percent="0" />
    </mem>
    <mem type="tenure" free="167936" total="15859712" percent="1">
      <mem type="soa" free="10240" total="15702016" percent="0" />
      <mem type="loa" free="157696" total="157696" percent="100" />
    </mem>
    <pending-finalizers system="0" default="0" reference="4" classloader="0" />
    <remembered-set count="1649" />
  </mem-info>
</gc-start>
<allocation-stats totalBytes="69648" >
  <allocated-bytes non-tlh="16" tlh="69632" />
  <largest-consumer threadName="main" threadId="0000000001164F00" bytes="65552" />
</allocation-stats>
<gc-op id="2646" type="rs-scan" timems="2.429" contextid="2627" timestamp="2019-08-09T18:06:36.742">
  <scan objectsFound="213" bytesTraced="20212" workStackOverflowCount="0" />
</gc-op>
<gc-op id="2647" type="card-cleaning" timems="5.261" contextid="2627" timestamp="2019-08-09T18:06:36.747">
  <card-cleaning cardsCleaned="5" bytesTraced="10579208" workStackOverflowCount="0" />
</gc-op>
<gc-op id="2648" type="mark" timems="7.285" contextid="2627" timestamp="2019-08-09T18:06:36.755">
  <trace-info objectcount="341" scancount="325" scanbytes="10180" />
  <finalization candidates="81" enqueued="1" />
  <ownableSynchronizers candidates="21" cleared="0" />
  <references type="soft" candidates="4189" cleared="0" enqueued="0" dynamicThreshold="6" maxThreshold="32" />
  <references type="weak" candidates="5464" cleared="2" enqueued="1" />
  <references type="phantom" candidates="78" cleared="0" enqueued="0" />
  <stringconstants candidates="13649" cleared="5"  />
</gc-op>
<gc-op id="2649" type="sweep" timems="4.461" contextid="2627" timestamp="2019-08-09T18:06:36.759" />
<mem-info id="2650" free="18736640" total="45219840" percent="41">
  <mem type="nursery" free="18268392" total="29360128" percent="62">
    <mem type="allocate" free="18268392" total="20971520" percent="87" />
    <mem type="survivor" free="0" total="8388608" percent="0" />
  </mem>
  <mem type="tenure" free="468248" total="15859712" percent="2" micro-fragmented="20480" macro-fragmented="0">
    <mem type="soa" free="310552" total="15702016" percent="1" />
    <mem type="loa" free="157696" total="157696" percent="100" />
  </mem>
  <pending-finalizers system="0" default="1" reference="5" classloader="0" />
  <remembered-set count="1592" />
</mem-info>
<gc-op id="2651" type="compact" timems="139.234" contextid="2627" timestamp="2019-08-09T18:06:36.899">
  <compact-info movecount="588804" movebytes="17447136" reason="compact to aid heap contraction" />
</gc-op>
<heap-resize id="2652" type="expand" space="tenure" amount="131072" count="1" timems="0.026" reason="satisfy allocation request" timestamp="2019-08-09T18:06:36.900" />
<gc-end id="2653" type="global" contextid="2627" durationms="159.979" usertimems="232.556" systemtimems="0.000" timestamp="2019-08-09T18:06:36.900" activeThreads="16">
  <mem-info id="2654" free="18876456" total="45350912" percent="41">
    <mem type="nursery" free="18269568" total="29360128" percent="62">
      <mem type="allocate" free="18269568" total="20971520" percent="87" />
      <mem type="survivor" free="0" total="8388608" percent="0" />
    </mem>
    <mem type="tenure" free="606888" total="15990784" percent="3">
      <mem type="soa" free="447144" total="15831040" percent="2" />
      <mem type="loa" free="159744" total="159744" percent="100" />
    </mem>
    <pending-finalizers system="0" default="1" reference="5" classloader="0" />
    <remembered-set count="1592" />
  </mem-info>
</gc-end>
<cycle-end id="2655" type="global" contextid="2627" timestamp="2019-08-09T18:06:36.900" />
  <attribute name="elasticGC enabled" value="1" />
  <attribute name= "numThreadsSpecified" value="16" />
  <attribute name="heapSize specified" value="45219840" />
  <attribute name="Current GC Util" value="33" />
  <attribute name= "Current Time Running" value="132768" />
  <attribute name ="GC Interval" value="1569" />
  <attribute name="Target GC Util Change" value ="80.000000" />
  <attribute name="Current GC Util Change" value="33.000000"/>
  <attribute name="Current Error" value="-465.000000" />
  <attribute name="Output H" value="45294984"/>
  <attribute name="Output I" value="1472"/>
  <attribute name="Output T" value="16"/>
  <attribute name= "Current Time Running" value="132768" />
  <attribute name="GC Util currently" value="33" />
  <attribute name="CPU Util currently" value="8291487513" />
<concurrent-collection-end id="2656" timestamp="2019-08-09T18:06:36.900" />
<exclusive-end id="2657" timestamp="2019-08-09T18:06:36.900" durationms="160.138" />

<concurrent-kickoff id="2658" timestamp="2019-08-09T18:06:37.065">
  <kickoff reason="threshold reached" targetBytes="5150493" thresholdFreeBytes="716783"  remainingFree="656768" tenureFreeBytes="606888" nurseryFreeBytes="656768" />
</concurrent-kickoff>
<exclusive-start id="2659" timestamp="2019-08-09T18:06:37.065" intervalms="325.486">
  <response-info timems="0.025" idlems="0.025" threads="0" lastid="0000000001164F00" lastname="main" />
</exclusive-start>
<cycle-start id="2660" type="global" contextid="0" timestamp="2019-08-09T18:06:37.065" intervalms="362.813" />
<exclusive-end id="2661" timestamp="2019-08-09T18:06:37.065" durationms="0.043" />

<exclusive-start id="2662" timestamp="2019-08-09T18:06:37.081" intervalms="16.324">
  <response-info timems="0.297" idlems="0.217" threads="1" lastid="000000000129DC00" lastname="Concurrent Mark Helper" />
</exclusive-start>
<af-start id="2663" threadId="0000000001165888" totalBytesRequested="16" timestamp="2019-08-09T18:06:37.081" intervalms="358.941" type="nursery" />
<cycle-start id="2664" type="scavenge" contextid="0" timestamp="2019-08-09T18:06:37.081" intervalms="358.961" />
<gc-start id="2665" type="scavenge" contextid="2664" timestamp="2019-08-09T18:06:37.082">
  <mem-info id="2666" free="606888" total="45350912" percent="1">
    <mem type="nursery" free="0" total="29360128" percent="0">
      <mem type="allocate" free="0" total="20971520" percent="0" />
      <mem type="survivor" free="0" total="8388608" percent="0" />
    </mem>
    <mem type="tenure" free="606888" total="15990784" percent="3">
      <mem type="soa" free="447144" total="15831040" percent="2" />
      <mem type="loa" free="159744" total="159744" percent="100" />
    </mem>
    <remembered-set count="1593" />
  </mem-info>
</gc-start>
<allocation-stats totalBytes="18268880" >
  <allocated-bytes non-tlh="0" tlh="18268880" />
  <largest-consumer threadName="main" threadId="0000000001164F00" bytes="18268880" />
</allocation-stats>
<gc-op id="2667" type="scavenge" timems="4.706" contextid="2664" timestamp="2019-08-09T18:06:37.086">
  <scavenger-info tenureage="13" tenuremask="6000" tiltratio="71" />
  <memory-copied type="nursery" objects="108266" bytes="2648456" bytesdiscarded="146792" />
  <ownableSynchronizers candidates="42" cleared="42" />
  <references type="soft" candidates="2361" cleared="928" enqueued="928" dynamicThreshold="1" maxThreshold="32" />
  <references type="weak" candidates="78" cleared="0" enqueued="0" />
</gc-op>
<gc-end id="2668" type="scavenge" contextid="2664" durationms="5.156" usertimems="16.677" systemtimems="0.000" timestamp="2019-08-09T18:06:37.087" activeThreads="16">
  <mem-info id="2669" free="20290464" total="45350912" percent="44">
    <mem type="nursery" free="19683576" total="29360128" percent="67">
      <mem type="allocate" free="19683576" total="22478848" percent="87" />
      <mem type="survivor" free="0" total="6881280" percent="0" />
    </mem>
    <mem type="tenure" free="606888" total="15990784" percent="3" macro-fragmented="0">
      <mem type="soa" free="447144" total="15831040" percent="2" />
      <mem type="loa" free="159744" total="159744" percent="100" />
    </mem>
    <pending-finalizers system="0" default="0" reference="928" classloader="0" />
    <remembered-set count="1585" />
  </mem-info>
</gc-end>
<cycle-end id="2670" type="scavenge" contextid="2664" timestamp="2019-08-09T18:06:37.087" />
  <attribute name="elasticGC enabled" value="1" />
  <attribute name= "numThreadsSpecified" value="16" />
  <attribute name="heapSize specified" value="45219840" />
  <attribute name="Current GC Util" value="77" />
  <attribute name= "Current Time Running" value="132951" />
  <attribute name ="GC Interval" value="1481" />
  <attribute name="Target GC Util Change" value ="80.000000" />
  <attribute name="Current GC Util Change" value="77.000000"/>
  <attribute name="Current Error" value="-462.000000" />
  <attribute name="Output H" value="45426064"/>
  <attribute name="Output I" value="1480"/>
  <attribute name="Output T" value="16"/>
  <attribute name= "Current Time Running" value="132951" />
  <attribute name="GC Util currently" value="77" />
  <attribute name="CPU Util currently" value="6311402893" />
<allocation-satisfied id="2671" threadId="0000000001164F00" bytesRequested="16" />
<af-end id="2672" timestamp="2019-08-09T18:06:37.087" threadId="0000000001165888" success="true" from="nursery"/>
<exclusive-end id="2673" timestamp="2019-08-09T18:06:37.087" durationms="5.747" />

<exclusive-start id="2674" timestamp="2019-08-09T18:06:37.091" intervalms="9.544">
  <response-info timems="0.039" idlems="0.039" threads="0" lastid="0000000001164F00" lastname="main" />
</exclusive-start>
<concurrent-collection-start id="2675" timestamp="2019-08-09T18:06:37.091" intervalms="351.347" >
  <concurrent-trace-info reason="card cleaning threshold reached" tracedByMutators="4738964" tracedByHelpers="6119784" cardsCleaned="13" workStackOverflowCount="0" />
</concurrent-collection-start>
<gc-start id="2676" type="global" contextid="2660" timestamp="2019-08-09T18:06:37.091">
  <mem-info id="2677" free="20040592" total="45350912" percent="44">
    <mem type="nursery" free="19433704" total="29360128" percent="66">
      <mem type="allocate" free="19433704" total="22478848" percent="86" />
      <mem type="survivor" free="0" total="6881280" percent="0" />
    </mem>
    <mem type="tenure" free="606888" total="15990784" percent="3">
      <mem type="soa" free="447144" total="15831040" percent="2" />
      <mem type="loa" free="159744" total="159744" percent="100" />
    </mem>
    <remembered-set count="1589" />
  </mem-info>
</gc-start>
<allocation-stats totalBytes="248288" >
  <allocated-bytes non-tlh="16" tlh="248272" />
  <largest-consumer threadName="main" threadId="0000000001164F00" bytes="208896" />
</allocation-stats>
<gc-op id="2678" type="rs-scan" timems="8.667" contextid="2660" timestamp="2019-08-09T18:06:37.100">
  <scan objectsFound="1113" bytesTraced="2829764" workStackOverflowCount="0" />
</gc-op>
<gc-op id="2679" type="card-cleaning" timems="3.091" contextid="2660" timestamp="2019-08-09T18:06:37.103">
  <card-cleaning cardsCleaned="0" bytesTraced="26952" workStackOverflowCount="0" />
</gc-op>
<gc-op id="2680" type="mark" timems="11.983" contextid="2660" timestamp="2019-08-09T18:06:37.115">
  <trace-info objectcount="329" scancount="319" scanbytes="9864" />
  <finalization candidates="80" enqueued="0" />
  <ownableSynchronizers candidates="21" cleared="0" />
  <references type="soft" candidates="3261" cleared="0" enqueued="0" dynamicThreshold="1" maxThreshold="32" />
  <references type="weak" candidates="5462" cleared="0" enqueued="0" />
  <references type="phantom" candidates="78" cleared="1" enqueued="1" />
  <stringconstants candidates="13644" cleared="50"  />
</gc-op>
<gc-op id="2681" type="sweep" timems="5.328" contextid="2660" timestamp="2019-08-09T18:06:37.120" />
<mem-info id="2682" free="20465296" total="45350912" percent="45">
  <mem type="nursery" free="19845576" total="29360128" percent="67">
    <mem type="allocate" free="19845576" total="22478848" percent="88" />
    <mem type="survivor" free="0" total="6881280" percent="0" />
  </mem>
  <mem type="tenure" free="619720" total="15990784" percent="3" micro-fragmented="0" macro-fragmented="0">
    <mem type="soa" free="459976" total="15831040" percent="2" />
    <mem type="loa" free="159744" total="159744" percent="100" />
  </mem>
  <pending-finalizers system="0" default="0" reference="1" classloader="0" />
  <remembered-set count="1539" />
</mem-info>
<gc-op id="2683" type="compact" timems="113.108" contextid="2660" timestamp="2019-08-09T18:06:37.234">
  <compact-info movecount="520459" movebytes="13502864" reason="compact to aid heap contraction" />
</gc-op>
<heap-resize id="2684" type="expand" space="tenure" amount="131072" count="1" timems="0.042" reason="satisfy allocation request" timestamp="2019-08-09T18:06:37.236" />
<gc-end id="2685" type="global" contextid="2660" durationms="145.526" usertimems="203.111" systemtimems="0.000" timestamp="2019-08-09T18:06:37.237" activeThreads="16">
  <mem-info id="2686" free="20600504" total="45481984" percent="45">
    <mem type="nursery" free="19849712" total="29360128" percent="67">
      <mem type="allocate" free="19849712" total="22478848" percent="88" />
      <mem type="survivor" free="0" total="6881280" percent="0" />
    </mem>
    <mem type="tenure" free="750792" total="16121856" percent="4">
      <mem type="soa" free="590024" total="15961088" percent="3" />
      <mem type="loa" free="160768" total="160768" percent="100" />
    </mem>
    <pending-finalizers system="0" default="0" reference="1" classloader="0" />
    <remembered-set count="1539" />
  </mem-info>
</gc-end>
<cycle-end id="2687" type="global" contextid="2660" timestamp="2019-08-09T18:06:37.237" />
  <attribute name="elasticGC enabled" value="1" />
  <attribute name= "numThreadsSpecified" value="16" />
  <attribute name="heapSize specified" value="45350912" />
  <attribute name="Current GC Util" value="37" />
  <attribute name= "Current Time Running" value="133103" />
  <attribute name ="GC Interval" value="1481" />
  <attribute name="Target GC Util Change" value ="80.000000" />
  <attribute name="Current GC Util Change" value="37.000000"/>
  <attribute name="Current Error" value="43.000000" />
  <attribute name="Output H" value="45426648"/>
  <attribute name="Output I" value="2064"/>
  <attribute name="Output T" value="16"/>
  <attribute name= "Current Time Running" value="133103" />
  <attribute name="GC Util currently" value="37" />
  <attribute name="CPU Util currently" value="10178914219" />
<concurrent-collection-end id="2688" timestamp="2019-08-09T18:06:37.237" />
<exclusive-end id="2689" timestamp="2019-08-09T18:06:37.237" durationms="145.697" />

<concurrent-kickoff id="2690" timestamp="2019-08-09T18:06:37.421">
  <kickoff reason="threshold reached" targetBytes="6284111" thresholdFreeBytes="872721"  remainingFree="831984" tenureFreeBytes="750792" nurseryFreeBytes="831984" />
</concurrent-kickoff>
<exclusive-start id="2691" timestamp="2019-08-09T18:06:37.422" intervalms="330.775">
  <response-info timems="0.718" idlems="0.718" threads="0" lastid="0000000001164F00" lastname="main" />
</exclusive-start>
<cycle-start id="2692" type="global" contextid="0" timestamp="2019-08-09T18:06:37.422" intervalms="356.627" />
<exclusive-end id="2693" timestamp="2019-08-09T18:06:37.422" durationms="0.028" />

<exclusive-start id="2694" timestamp="2019-08-09T18:06:37.444" intervalms="21.995">
  <response-info timems="0.430" idlems="0.430" threads="0" lastid="0000000001164F00" lastname="main" />
</exclusive-start>
<af-start id="2695" threadId="0000000001165888" totalBytesRequested="32" timestamp="2019-08-09T18:06:37.444" intervalms="362.311" type="nursery" />
<percolate-collect id="2696" from="nursery" to="global" reason="concurrent mark exhausted" timestamp="2019-08-09T18:06:37.444"/>
<gc-start id="2697" type="global" contextid="2692" timestamp="2019-08-09T18:06:37.444">
  <mem-info id="2698" free="750792" total="45481984" percent="1">
    <mem type="nursery" free="0" total="29360128" percent="0">
      <mem type="allocate" free="0" total="22478848" percent="0" />
      <mem type="survivor" free="0" total="6881280" percent="0" />
    </mem>
    <mem type="tenure" free="750792" total="16121856" percent="4">
      <mem type="soa" free="590024" total="15961088" percent="3" />
      <mem type="loa" free="160768" total="160768" percent="100" />
    </mem>
    <remembered-set count="1541" />
  </mem-info>
</gc-start>
<allocation-stats totalBytes="19847536" >
  <allocated-bytes non-tlh="0" tlh="19847536" />
  <largest-consumer threadName="main" threadId="0000000001164F00" bytes="19847536" />
</allocation-stats>
<concurrent-halted id="2699" timestamp="2019-08-09T18:06:37.444">
  <halted state="Complete" status="exhausted" />
  <traced bytesTarget="6284111" bytesTotal="10852400" bytesByMutator="3520192" bytesByHelper="7332208" percent="172" />
  <cards cleaned="0" thresholdBytes="343799" />
</concurrent-halted>
<gc-op id="2700" type="rs-scan" timems="7.775" contextid="2692" timestamp="2019-08-09T18:06:37.452">
  <scan objectsFound="1113" bytesTraced="2830704" workStackOverflowCount="0" />
</gc-op>
<gc-op id="2701" type="card-cleaning" timems="3.109" contextid="2692" timestamp="2019-08-09T18:06:37.455">
  <card-cleaning cardsCleaned="0" bytesTraced="26892" workStackOverflowCount="0" />
</gc-op>
<gc-op id="2702" type="mark" timems="5.592" contextid="2692" timestamp="2019-08-09T18:06:37.461">
  <trace-info objectcount="330" scancount="320" scanbytes="9872" />
  <finalization candidates="80" enqueued="0" />
  <ownableSynchronizers candidates="21" cleared="0" />
  <references type="soft" candidates="3261" cleared="0" enqueued="0" dynamicThreshold="1" maxThreshold="32" />
  <references type="weak" candidates="5464" cleared="0" enqueued="0" />
  <references type="phantom" candidates="77" cleared="0" enqueued="0" />
  <stringconstants candidates="13594" cleared="0"  />
</gc-op>
<gc-op id="2703" type="sweep" timems="4.562" contextid="2692" timestamp="2019-08-09T18:06:37.465" />
<mem-info id="2704" free="20598992" total="45481984" percent="45">
  <mem type="nursery" free="19848200" total="29360128" percent="67">
    <mem type="allocate" free="19848200" total="22478848" percent="88" />
    <mem type="survivor" free="0" total="6881280" percent="0" />
  </mem>
  <mem type="tenure" free="750792" total="16121856" percent="4" micro-fragmented="0" macro-fragmented="348889">
    <mem type="soa" free="590024" total="15961088" percent="3" />
    <mem type="loa" free="160768" total="160768" percent="100" />
  </mem>
  <remembered-set count="1540" />
</mem-info>
<gc-op id="2705" type="compact" timems="111.056" contextid="2692" timestamp="2019-08-09T18:06:37.577">
  <compact-info movecount="478830" movebytes="12122800" reason="compact to aid heap contraction" />
</gc-op>
<heap-resize id="2706" type="expand" space="tenure" amount="131072" count="1" timems="0.028" reason="satisfy allocation request" timestamp="2019-08-09T18:06:37.580" />
<gc-end id="2707" type="global" contextid="2692" durationms="135.689" usertimems="174.093" systemtimems="0.000" timestamp="2019-08-09T18:06:37.580" activeThreads="16">
  <mem-info id="2708" free="20731248" total="45613056" percent="45">
    <mem type="nursery" free="19849336" total="29360128" percent="67">
      <mem type="allocate" free="19849336" total="22478848" percent="88" />
      <mem type="survivor" free="0" total="6881280" percent="0" />
    </mem>
    <mem type="tenure" free="881912" total="16252928" percent="5">
      <mem type="soa" free="720120" total="16091136" percent="4" />
      <mem type="loa" free="161792" total="161792" percent="100" />
    </mem>
    <remembered-set count="1540" />
  </mem-info>
</gc-end>
<cycle-end id="2709" type="global" contextid="2692" timestamp="2019-08-09T18:06:37.580" />
  <attribute name="elasticGC enabled" value="1" />
  <attribute name= "numThreadsSpecified" value="16" />
  <attribute name="heapSize specified" value="45481984" />
  <attribute name="Current GC Util" value="36" />
  <attribute name= "Current Time Running" value="133446" />
  <attribute name ="GC Interval" value="1481" />
  <attribute name="Target GC Util Change" value ="80.000000" />
  <attribute name="Current GC Util Change" value="36.000000"/>
  <attribute name="Current Error" value="1.000000" />
  <attribute name="Output H" value="45557672"/>
  <attribute name="Output I" value="2016"/>
  <attribute name="Output T" value="16"/>
  <attribute name= "Current Time Running" value="133446" />
  <attribute name="GC Util currently" value="36" />
  <attribute name="CPU Util currently" value="10363500277" />
<allocation-satisfied id="2710" threadId="0000000001164F00" bytesRequested="32" />
<af-end id="2711" timestamp="2019-08-09T18:06:37.580" threadId="0000000001165888" success="true" from="nursery"/>
<exclusive-end id="2712" timestamp="2019-08-09T18:06:37.580" durationms="136.020" />

<concurrent-kickoff id="2713" timestamp="2019-08-09T18:06:39.923">
  <kickoff reason="threshold reached" targetBytes="7223213" thresholdFreeBytes="1002226"  remainingFree="876632" tenureFreeBytes="881848" nurseryFreeBytes="876632" />
</concurrent-kickoff>
<exclusive-start id="2714" timestamp="2019-08-09T18:06:39.923" intervalms="2479.810">
  <response-info timems="0.345" idlems="0.345" threads="0" lastid="0000000001164F00" lastname="main" />
</exclusive-start>
<cycle-start id="2715" type="global" contextid="0" timestamp="2019-08-09T18:06:39.923" intervalms="2501.801" />
<exclusive-end id="2716" timestamp="2019-08-09T18:06:39.923" durationms="0.020" />

<exclusive-start id="2717" timestamp="2019-08-09T18:06:40.014" intervalms="90.371">
  <response-info timems="0.099" idlems="0.099" threads="0" lastid="0000000001164F00" lastname="main" />
</exclusive-start>
<af-start id="2718" threadId="0000000001165888" totalBytesRequested="1168" timestamp="2019-08-09T18:06:40.014" intervalms="2570.171" type="nursery" />
<percolate-collect id="2719" from="nursery" to="global" reason="concurrent mark exhausted" timestamp="2019-08-09T18:06:40.014"/>
<gc-start id="2720" type="global" contextid="2715" timestamp="2019-08-09T18:06:40.014">
  <mem-info id="2721" free="881848" total="45613056" percent="1">
    <mem type="nursery" free="0" total="29360128" percent="0">
      <mem type="allocate" free="0" total="22478848" percent="0" />
      <mem type="survivor" free="0" total="6881280" percent="0" />
    </mem>
    <mem type="tenure" free="881848" total="16252928" percent="5">
      <mem type="soa" free="720056" total="16091136" percent="4" />
      <mem type="loa" free="161792" total="161792" percent="100" />
    </mem>
    <remembered-set count="1542" />
  </mem-info>
</gc-start>
<allocation-stats totalBytes="19843952" >
  <allocated-bytes non-tlh="96" tlh="19843856" />
  <largest-consumer threadName="main" threadId="0000000001164F00" bytes="19843952" />
</allocation-stats>
<concurrent-halted id="2722" timestamp="2019-08-09T18:06:40.014">
  <halted state="Complete" status="exhausted" />
  <traced bytesTarget="7223213" bytesTotal="10854404" bytesByMutator="5095036" bytesByHelper="5759368" percent="150" />
  <cards cleaned="1" thresholdBytes="394816" />
</concurrent-halted>
<gc-op id="2723" type="rs-scan" timems="6.235" contextid="2715" timestamp="2019-08-09T18:06:40.020">
  <scan objectsFound="1114" bytesTraced="2828132" workStackOverflowCount="0" />
</gc-op>
<gc-op id="2724" type="card-cleaning" timems="1.984" contextid="2715" timestamp="2019-08-09T18:06:40.022">
  <card-cleaning cardsCleaned="0" bytesTraced="27020" workStackOverflowCount="0" />
</gc-op>
<gc-op id="2725" type="mark" timems="16.511" contextid="2715" timestamp="2019-08-09T18:06:40.039">
  <trace-info objectcount="414" scancount="392" scanbytes="12200" />
  <finalization candidates="80" enqueued="0" />
  <ownableSynchronizers candidates="21" cleared="0" />
  <references type="soft" candidates="3261" cleared="0" enqueued="0" dynamicThreshold="1" maxThreshold="32" />
  <references type="weak" candidates="5464" cleared="0" enqueued="0" />
  <references type="phantom" candidates="77" cleared="0" enqueued="0" />
  <stringconstants candidates="13595" cleared="0"  />
</gc-op>
<gc-op id="2726" type="sweep" timems="8.408" contextid="2715" timestamp="2019-08-09T18:06:40.047" />
<mem-info id="2727" free="20726856" total="45613056" percent="45">
  <mem type="nursery" free="19845008" total="29360128" percent="67">
    <mem type="allocate" free="19845008" total="22478848" percent="88" />
    <mem type="survivor" free="0" total="6881280" percent="0" />
  </mem>
  <mem type="tenure" free="881848" total="16252928" percent="5" micro-fragmented="0" macro-fragmented="7583">
    <mem type="soa" free="720056" total="16091136" percent="4" />
    <mem type="loa" free="161792" total="161792" percent="100" />
  </mem>
  <remembered-set count="1542" />
</mem-info>
<gc-op id="2728" type="compact" timems="27.640" contextid="2715" timestamp="2019-08-09T18:06:40.075">
  <compact-info movecount="82" movebytes="3208" reason="compact to aid heap contraction" />
</gc-op>
<heap-resize id="2729" type="expand" space="tenure" amount="131072" count="1" timems="0.023" reason="satisfy allocation request" timestamp="2019-08-09T18:06:40.077" />
<gc-end id="2730" type="global" contextid="2715" durationms="62.623" usertimems="96.084" systemtimems="0.000" timestamp="2019-08-09T18:06:40.077" activeThreads="16">
  <mem-info id="2731" free="20859704" total="45744128" percent="45">
    <mem type="nursery" free="19846784" total="29360128" percent="67">
      <mem type="allocate" free="19846784" total="22478848" percent="88" />
      <mem type="survivor" free="0" total="6881280" percent="0" />
    </mem>
    <mem type="tenure" free="1012920" total="16384000" percent="6">
      <mem type="soa" free="849080" total="16220160" percent="5" />
      <mem type="loa" free="163840" total="163840" percent="100" />
    </mem>
    <remembered-set count="1542" />
  </mem-info>
</gc-end>
<cycle-end id="2732" type="global" contextid="2715" timestamp="2019-08-09T18:06:40.077" />
  <attribute name="elasticGC enabled" value="1" />
  <attribute name= "numThreadsSpecified" value="16" />
  <attribute name="heapSize specified" value="45613056" />
  <attribute name="Current GC Util" value="70" />
  <attribute name= "Current Time Running" value="135945" />
  <attribute name ="GC Interval" value="1481" />
  <attribute name="Target GC Util Change" value ="80.000000" />
  <attribute name="Current GC Util Change" value="70.000000"/>
  <attribute name="Current Error" value="-80.000000" />
  <attribute name="Output H" value="45688648"/>
  <attribute name="Output I" value="1920"/>
  <attribute name="Output T" value="16"/>
  <attribute name= "Current Time Running" value="135945" />
  <attribute name="GC Util currently" value="70" />
  <attribute name="CPU Util currently" value="41660027541" />
<allocation-satisfied id="2733" threadId="0000000001164F00" bytesRequested="1168" />
<af-end id="2734" timestamp="2019-08-09T18:06:40.077" threadId="0000000001165888" success="true" from="nursery"/>
<exclusive-end id="2735" timestamp="2019-08-09T18:06:40.077" durationms="62.808" />

<concurrent-kickoff id="2736" timestamp="2019-08-09T18:06:40.103">
  <kickoff reason="threshold reached" targetBytes="7996430" thresholdFreeBytes="1109022"  remainingFree="1004016" tenureFreeBytes="1012920" nurseryFreeBytes="1004016" />
</concurrent-kickoff>
<exclusive-start id="2737" timestamp="2019-08-09T18:06:40.103" intervalms="89.523">
  <response-info timems="0.019" idlems="0.019" threads="0" lastid="0000000001164F00" lastname="main" />
</exclusive-start>
<cycle-start id="2738" type="global" contextid="0" timestamp="2019-08-09T18:06:40.103" intervalms="179.889" />
<exclusive-end id="2739" timestamp="2019-08-09T18:06:40.103" durationms="0.013" />

<exclusive-start id="2740" timestamp="2019-08-09T18:06:40.117" intervalms="13.346">
  <response-info timems="0.020" idlems="0.020" threads="0" lastid="0000000001164F00" lastname="main" />
</exclusive-start>
<af-start id="2741" threadId="0000000001165888" totalBytesRequested="1168" timestamp="2019-08-09T18:06:40.117" intervalms="102.884" type="nursery" />
<percolate-collect id="2742" from="nursery" to="global" reason="concurrent mark exhausted" timestamp="2019-08-09T18:06:40.117"/>
<gc-start id="2743" type="global" contextid="2738" timestamp="2019-08-09T18:06:40.117">
  <mem-info id="2744" free="1012920" total="45744128" percent="2">
    <mem type="nursery" free="0" total="29360128" percent="0">
      <mem type="allocate" free="0" total="22478848" percent="0" />
      <mem type="survivor" free="0" total="6881280" percent="0" />
    </mem>
    <mem type="tenure" free="1012920" total="16384000" percent="6">
      <mem type="soa" free="849080" total="16220160" percent="5" />
      <mem type="loa" free="163840" total="163840" percent="100" />
    </mem>
    <remembered-set count="1542" />
  </mem-info>
</gc-start>
<allocation-stats totalBytes="19771136" >
  <allocated-bytes non-tlh="1168" tlh="19769968" />
  <largest-consumer threadName="main" threadId="0000000001164F00" bytes="19771136" />
</allocation-stats>
<concurrent-halted id="2745" timestamp="2019-08-09T18:06:40.117">
  <halted state="Complete" status="exhausted" />
  <traced bytesTarget="7996430" bytesTotal="10849008" bytesByMutator="4731084" bytesByHelper="6117924" percent="135" />
  <cards cleaned="0" thresholdBytes="436887" />
</concurrent-halted>
<gc-op id="2746" type="rs-scan" timems="6.612" contextid="2738" timestamp="2019-08-09T18:06:40.124">
  <scan objectsFound="1114" bytesTraced="2831928" workStackOverflowCount="0" />
</gc-op>
<gc-op id="2747" type="card-cleaning" timems="2.105" contextid="2738" timestamp="2019-08-09T18:06:40.126">
  <card-cleaning cardsCleaned="0" bytesTraced="27020" workStackOverflowCount="0" />
</gc-op>
<gc-op id="2748" type="mark" timems="8.737" contextid="2738" timestamp="2019-08-09T18:06:40.134">
  <trace-info objectcount="437" scancount="421" scanbytes="13296" />
  <finalization candidates="80" enqueued="0" />
  <ownableSynchronizers candidates="21" cleared="0" />
  <references type="soft" candidates="3261" cleared="0" enqueued="0" dynamicThreshold="1" maxThreshold="32" />
  <references type="weak" candidates="5464" cleared="0" enqueued="0" />
  <references type="phantom" candidates="77" cleared="0" enqueued="0" />
  <stringconstants candidates="13595" cleared="0"  />
</gc-op>
<gc-op id="2749" type="sweep" timems="7.316" contextid="2738" timestamp="2019-08-09T18:06:40.142" />
<mem-info id="2750" free="20859432" total="45744128" percent="45">
  <mem type="nursery" free="19846512" total="29360128" percent="67">
    <mem type="allocate" free="19846512" total="22478848" percent="88" />
    <mem type="survivor" free="0" total="6881280" percent="0" />
  </mem>
  <mem type="tenure" free="1012920" total="16384000" percent="6" micro-fragmented="0" macro-fragmented="0">
    <mem type="soa" free="849080" total="16220160" percent="5" />
    <mem type="loa" free="163840" total="163840" percent="100" />
  </mem>
  <remembered-set count="1542" />
</mem-info>
<gc-op id="2751" type="compact" timems="29.442" contextid="2738" timestamp="2019-08-09T18:06:40.172">
  <compact-info movecount="1" movebytes="32" reason="compact to aid heap contraction" />
</gc-op>
<heap-resize id="2752" type="expand" space="tenure" amount="131072" count="1" timems="0.024" reason="satisfy allocation request" timestamp="2019-08-09T18:06:40.173" />
<gc-end id="2753" type="global" contextid="2738" durationms="55.906" usertimems="83.219" systemtimems="0.000" timestamp="2019-08-09T18:06:40.173" activeThreads="16">
  <mem-info id="2754" free="20990776" total="45875200" percent="45">
    <mem type="nursery" free="19846784" total="29360128" percent="67">
      <mem type="allocate" free="19846784" total="22478848" percent="88" />
      <mem type="survivor" free="0" total="6881280" percent="0" />
    </mem>
    <mem type="tenure" free="1143992" total="16515072" percent="6">
      <mem type="soa" free="979128" total="16350208" percent="5" />
      <mem type="loa" free="164864" total="164864" percent="100" />
    </mem>
    <remembered-set count="1542" />
  </mem-info>
</gc-end>
<cycle-end id="2755" type="global" contextid="2738" timestamp="2019-08-09T18:06:40.173" />
  <attribute name="elasticGC enabled" value="1" />
  <attribute name= "numThreadsSpecified" value="16" />
  <attribute name="heapSize specified" value="45744128" />
  <attribute name="Current GC Util" value="79" />
  <attribute name= "Current Time Running" value="136041" />
  <attribute name ="GC Interval" value="1481" />
  <attribute name="Target GC Util Change" value ="80.000000" />
  <attribute name="Current GC Util Change" value="79.000000"/>
  <attribute name="Current Error" value="-56.000000" />
  <attribute name="Output H" value="45819744"/>
  <attribute name="Output I" value="1944"/>
  <attribute name="Output T" value="16"/>
  <attribute name= "Current Time Running" value="136041" />
  <attribute name="GC Util currently" value="79" />
  <attribute name="CPU Util currently" value="38989137694" />
<allocation-satisfied id="2756" threadId="0000000001164F00" bytesRequested="1168" />
<af-end id="2757" timestamp="2019-08-09T18:06:40.173" threadId="0000000001165888" success="true" from="nursery"/>
<exclusive-end id="2758" timestamp="2019-08-09T18:06:40.173" durationms="56.267" />

<concurrent-kickoff id="2759" timestamp="2019-08-09T18:06:40.186">
  <kickoff reason="threshold reached" targetBytes="8627814" thresholdFreeBytes="1196336"  remainingFree="1135088" tenureFreeBytes="1143992" nurseryFreeBytes="1135088" />
</concurrent-kickoff>
<exclusive-start id="2760" timestamp="2019-08-09T18:06:40.187" intervalms="69.849">
  <response-info timems="0.027" idlems="0.027" threads="0" lastid="0000000001164F00" lastname="main" />
</exclusive-start>
<cycle-start id="2761" type="global" contextid="0" timestamp="2019-08-09T18:06:40.187" intervalms="83.196" />
<exclusive-end id="2762" timestamp="2019-08-09T18:06:40.187" durationms="0.014" />

<exclusive-start id="2763" timestamp="2019-08-09T18:06:40.208" intervalms="21.432">
  <response-info timems="0.102" idlems="0.102" threads="0" lastid="0000000001164F00" lastname="main" />
</exclusive-start>
<af-start id="2764" threadId="0000000001165888" totalBytesRequested="1168" timestamp="2019-08-09T18:06:40.208" intervalms="91.292" type="nursery" />
<percolate-collect id="2765" from="nursery" to="global" reason="concurrent mark exhausted" timestamp="2019-08-09T18:06:40.208"/>
<gc-start id="2766" type="global" contextid="2761" timestamp="2019-08-09T18:06:40.208">
  <mem-info id="2767" free="1143992" total="45875200" percent="2">
    <mem type="nursery" free="0" total="29360128" percent="0">
      <mem type="allocate" free="0" total="22478848" percent="0" />
      <mem type="survivor" free="0" total="6881280" percent="0" />
    </mem>
    <mem type="tenure" free="1143992" total="16515072" percent="6">
      <mem type="soa" free="979128" total="16350208" percent="5" />
      <mem type="loa" free="164864" total="164864" percent="100" />
    </mem>
    <remembered-set count="1542" />
  </mem-info>
</gc-start>
<allocation-stats totalBytes="19771136" >
  <allocated-bytes non-tlh="1168" tlh="19769968" />
  <largest-consumer threadName="main" threadId="0000000001164F00" bytes="19771136" />
</allocation-stats>
<concurrent-halted id="2768" timestamp="2019-08-09T18:06:40.208">
  <halted state="Complete" status="exhausted" />
  <traced bytesTarget="8627814" bytesTotal="10852400" bytesByMutator="4684244" bytesByHelper="6168156" percent="125" />
  <cards cleaned="0" thresholdBytes="471283" />
</concurrent-halted>
<gc-op id="2769" type="rs-scan" timems="5.360" contextid="2761" timestamp="2019-08-09T18:06:40.214">
  <scan objectsFound="1114" bytesTraced="2831928" workStackOverflowCount="0" />
</gc-op>
<gc-op id="2770" type="card-cleaning" timems="4.648" contextid="2761" timestamp="2019-08-09T18:06:40.218">
  <card-cleaning cardsCleaned="0" bytesTraced="27020" workStackOverflowCount="0" />
</gc-op>
<gc-op id="2771" type="mark" timems="7.163" contextid="2761" timestamp="2019-08-09T18:06:40.225">
  <trace-info objectcount="331" scancount="321" scanbytes="9904" />
  <finalization candidates="80" enqueued="0" />
  <ownableSynchronizers candidates="21" cleared="0" />
  <references type="soft" candidates="3261" cleared="0" enqueued="0" dynamicThreshold="2" maxThreshold="32" />
  <references type="weak" candidates="5464" cleared="0" enqueued="0" />
  <references type="phantom" candidates="77" cleared="0" enqueued="0" />
  <stringconstants candidates="13595" cleared="0"  />
</gc-op>
<gc-op id="2772" type="sweep" timems="2.468" contextid="2761" timestamp="2019-08-09T18:06:40.228" />
<mem-info id="2773" free="20990504" total="45875200" percent="45">
  <mem type="nursery" free="19846512" total="29360128" percent="67">
    <mem type="allocate" free="19846512" total="22478848" percent="88" />
    <mem type="survivor" free="0" total="6881280" percent="0" />
  </mem>
  <mem type="tenure" free="1143992" total="16515072" percent="6" micro-fragmented="0" macro-fragmented="0">
    <mem type="soa" free="979128" total="16350208" percent="5" />
    <mem type="loa" free="164864" total="164864" percent="100" />
  </mem>
  <remembered-set count="1542" />
</mem-info>
<gc-op id="2774" type="compact" timems="29.833" contextid="2761" timestamp="2019-08-09T18:06:40.258">
  <compact-info movecount="1" movebytes="32" reason="compact to aid heap contraction" />
</gc-op>
<heap-resize id="2775" type="expand" space="tenure" amount="131072" count="1" timems="0.019" reason="satisfy allocation request" timestamp="2019-08-09T18:06:40.263" />
<gc-end id="2776" type="global" contextid="2761" durationms="54.779" usertimems="100.289" systemtimems="0.000" timestamp="2019-08-09T18:06:40.263" activeThreads="16">
  <mem-info id="2777" free="21121848" total="46006272" percent="45">
    <mem type="nursery" free="19846784" total="29360128" percent="67">
      <mem type="allocate" free="19846784" total="22478848" percent="88" />
      <mem type="survivor" free="0" total="6881280" percent="0" />
    </mem>
    <mem type="tenure" free="1275064" total="16646144" percent="7">
      <mem type="soa" free="1109176" total="16480256" percent="6" />
      <mem type="loa" free="165888" total="165888" percent="100" />
    </mem>
    <remembered-set count="1542" />
  </mem-info>
</gc-end>
<cycle-end id="2778" type="global" contextid="2761" timestamp="2019-08-09T18:06:40.263" />
  <attribute name="elasticGC enabled" value="1" />
  <attribute name= "numThreadsSpecified" value="16" />
  <attribute name="heapSize specified" value="45875200" />
  <attribute name="Current GC Util" value="58" />
  <attribute name= "Current Time Running" value="136128" />
  <attribute name ="GC Interval" value="1481" />
  <attribute name="Target GC Util Change" value ="80.000000" />
  <attribute name="Current GC Util Change" value="58.000000"/>
  <attribute name="Current Error" value="-11.000000" />
  <attribute name="Output H" value="45950872"/>
  <attribute name="Output I" value="2000"/>
  <attribute name="Output T" value="16"/>
  <attribute name= "Current Time Running" value="136128" />
  <attribute name="GC Util currently" value="58" />
  <attribute name="CPU Util currently" value="38437171910" />
<allocation-satisfied id="2779" threadId="0000000001164F00" bytesRequested="1168" />
<af-end id="2780" timestamp="2019-08-09T18:06:40.263" threadId="0000000001165888" success="true" from="nursery"/>
<exclusive-end id="2781" timestamp="2019-08-09T18:06:40.263" durationms="55.002" />

<concurrent-kickoff id="2782" timestamp="2019-08-09T18:06:40.271">
  <kickoff reason="threshold reached" targetBytes="9142492" thresholdFreeBytes="1267585"  remainingFree="1266160" tenureFreeBytes="1275064" nurseryFreeBytes="1266160" />
</concurrent-kickoff>
<exclusive-start id="2783" timestamp="2019-08-09T18:06:40.271" intervalms="62.900">
  <response-info timems="0.063" idlems="0.063" threads="0" lastid="0000000001164F00" lastname="main" />
</exclusive-start>
<cycle-start id="2784" type="global" contextid="0" timestamp="2019-08-09T18:06:40.271" intervalms="84.333" />
<exclusive-end id="2785" timestamp="2019-08-09T18:06:40.271" durationms="0.015" />

<exclusive-start id="2786" timestamp="2019-08-09T18:06:40.285" intervalms="13.723">
  <response-info timems="0.057" idlems="0.057" threads="0" lastid="0000000001164F00" lastname="main" />
</exclusive-start>
<af-start id="2787" threadId="0000000001165888" totalBytesRequested="1168" timestamp="2019-08-09T18:06:40.285" intervalms="76.631" type="nursery" />
<percolate-collect id="2788" from="nursery" to="global" reason="concurrent mark exhausted" timestamp="2019-08-09T18:06:40.285"/>
<gc-start id="2789" type="global" contextid="2784" timestamp="2019-08-09T18:06:40.285">
  <mem-info id="2790" free="1275064" total="46006272" percent="2">
    <mem type="nursery" free="0" total="29360128" percent="0">
      <mem type="allocate" free="0" total="22478848" percent="0" />
      <mem type="survivor" free="0" total="6881280" percent="0" />
    </mem>
    <mem type="tenure" free="1275064" total="16646144" percent="7">
      <mem type="soa" free="1109176" total="16480256" percent="6" />
      <mem type="loa" free="165888" total="165888" percent="100" />
    </mem>
    <remembered-set count="1542" />
  </mem-info>
</gc-start>
<allocation-stats totalBytes="19772960" >
  <allocated-bytes non-tlh="1168" tlh="19771792" />
  <largest-consumer threadName="main" threadId="0000000001164F00" bytes="19772960" />
</allocation-stats>
<concurrent-halted id="2791" timestamp="2019-08-09T18:06:40.285">
  <halted state="Complete" status="exhausted" />
  <traced bytesTarget="9142492" bytesTotal="10847240" bytesByMutator="4917028" bytesByHelper="5930212" percent="118" />
  <cards cleaned="0" thresholdBytes="499351" />
</concurrent-halted>
<gc-op id="2792" type="rs-scan" timems="9.681" contextid="2784" timestamp="2019-08-09T18:06:40.295">
  <scan objectsFound="1114" bytesTraced="2831684" workStackOverflowCount="0" />
</gc-op>
<gc-op id="2793" type="card-cleaning" timems="3.554" contextid="2784" timestamp="2019-08-09T18:06:40.298">
  <card-cleaning cardsCleaned="0" bytesTraced="27352" workStackOverflowCount="0" />
</gc-op>
<gc-op id="2794" type="mark" timems="5.418" contextid="2784" timestamp="2019-08-09T18:06:40.304">
  <trace-info objectcount="522" scancount="494" scanbytes="15000" />
  <finalization candidates="80" enqueued="0" />
  <ownableSynchronizers candidates="21" cleared="0" />
  <references type="soft" candidates="3261" cleared="0" enqueued="0" dynamicThreshold="2" maxThreshold="32" />
  <references type="weak" candidates="5464" cleared="0" enqueued="0" />
  <references type="phantom" candidates="77" cleared="0" enqueued="0" />
  <stringconstants candidates="13595" cleared="0"  />
</gc-op>
<gc-op id="2795" type="sweep" timems="1.640" contextid="2784" timestamp="2019-08-09T18:06:40.305" />
<mem-info id="2796" free="21121576" total="46006272" percent="45">
  <mem type="nursery" free="19846512" total="29360128" percent="67">
    <mem type="allocate" free="19846512" total="22478848" percent="88" />
    <mem type="survivor" free="0" total="6881280" percent="0" />
  </mem>
  <mem type="tenure" free="1275064" total="16646144" percent="7" micro-fragmented="0" macro-fragmented="0">
    <mem type="soa" free="1109176" total="16480256" percent="6" />
    <mem type="loa" free="165888" total="165888" percent="100" />
  </mem>
  <remembered-set count="1542" />
</mem-info>
<gc-op id="2797" type="compact" timems="28.001" contextid="2784" timestamp="2019-08-09T18:06:40.333">
  <compact-info movecount="2" movebytes="56" reason="compact to aid heap contraction" />
</gc-op>
<heap-resize id="2798" type="expand" space="tenure" amount="131072" count="1" timems="0.020" reason="satisfy allocation request" timestamp="2019-08-09T18:06:40.336" />
<gc-end id="2799" type="global" contextid="2784" durationms="50.922" usertimems="80.799" systemtimems="0.000" timestamp="2019-08-09T18:06:40.336" activeThreads="16">
  <mem-info id="2800" free="21252896" total="46137344" percent="46">
    <mem type="nursery" free="19846760" total="29360128" percent="67">
      <mem type="allocate" free="19846760" total="22478848" percent="88" />
      <mem type="survivor" free="0" total="6881280" percent="0" />
    </mem>
    <mem type="tenure" free="1406136" total="16777216" percent="8">
      <mem type="soa" free="1239224" total="16610304" percent="7" />
      <mem type="loa" free="166912" total="166912" percent="100" />
    </mem>
    <remembered-set count="1542" />
  </mem-info>
</gc-end>
<cycle-end id="2801" type="global" contextid="2784" timestamp="2019-08-09T18:06:40.336" />
  <attribute name="elasticGC enabled" value="1" />
  <attribute name= "numThreadsSpecified" value="16" />
  <attribute name="heapSize specified" value="46006272" />
  <attribute name="Current GC Util" value="78" />
  <attribute name= "Current Time Running" value="136203" />
  <attribute name ="GC Interval" value="1481" />
  <attribute name="Target GC Util Change" value ="80.000000" />
  <attribute name="Current GC Util Change" value="78.000000"/>
  <attribute name="Current Error" value="-142.000000" />
  <attribute name="Output H" value="46081792"/>
  <attribute name="Output I" value="1848"/>
  <attribute name="Output T" value="16"/>
  <attribute name= "Current Time Running" value="136203" />
  <attribute name="GC Util currently" value="78" />
  <attribute name="CPU Util currently" value="41116812678" />
<allocation-satisfied id="2802" threadId="0000000001164F00" bytesRequested="1168" />
<af-end id="2803" timestamp="2019-08-09T18:06:40.336" threadId="0000000001165888" success="true" from="nursery"/>
<exclusive-end id="2804" timestamp="2019-08-09T18:06:40.336" durationms="51.209" />

<concurrent-kickoff id="2805" timestamp="2019-08-09T18:06:40.344">
  <kickoff reason="threshold reached" targetBytes="9558827" thresholdFreeBytes="1325270"  remainingFree="1266136" tenureFreeBytes="1406136" nurseryFreeBytes="1266136" />
</concurrent-kickoff>
<exclusive-start id="2806" timestamp="2019-08-09T18:06:40.344" intervalms="59.256">
  <response-info timems="0.022" idlems="0.022" threads="0" lastid="0000000001164F00" lastname="main" />
</exclusive-start>
<cycle-start id="2807" type="global" contextid="0" timestamp="2019-08-09T18:06:40.344" intervalms="73.005" />
<exclusive-end id="2808" timestamp="2019-08-09T18:06:40.344" durationms="0.043" />

<exclusive-start id="2809" timestamp="2019-08-09T18:06:40.359" intervalms="14.947">
  <response-info timems="0.263" idlems="0.263" threads="0" lastid="0000000001164F00" lastname="main" />
</exclusive-start>
<af-start id="2810" threadId="0000000001165888" totalBytesRequested="1168" timestamp="2019-08-09T18:06:40.359" intervalms="74.175" type="nursery" />
<cycle-start id="2811" type="scavenge" contextid="0" timestamp="2019-08-09T18:06:40.359" intervalms="3277.438" />
<gc-start id="2812" type="scavenge" contextid="2811" timestamp="2019-08-09T18:06:40.359">
  <mem-info id="2813" free="1406136" total="46137344" percent="3">
    <mem type="nursery" free="0" total="29360128" percent="0">
      <mem type="allocate" free="0" total="22478848" percent="0" />
      <mem type="survivor" free="0" total="6881280" percent="0" />
    </mem>
    <mem type="tenure" free="1406136" total="16777216" percent="8">
      <mem type="soa" free="1239224" total="16610304" percent="7" />
      <mem type="loa" free="166912" total="166912" percent="100" />
    </mem>
    <remembered-set count="1542" />
  </mem-info>
</gc-start>
<allocation-stats totalBytes="19778840" >
  <allocated-bytes non-tlh="1168" tlh="19777672" />
  <largest-consumer threadName="main" threadId="0000000001164F00" bytes="19778840" />
</allocation-stats>
<gc-op id="2814" type="scavenge" timems="7.236" contextid="2811" timestamp="2019-08-09T18:06:40.366">
  <scavenger-info tenureage="3" tenuremask="6008" tiltratio="76" />
  <memory-copied type="nursery" objects="38325" bytes="1048560" bytesdiscarded="223744" />
  <memory-copied type="tenure" objects="69184" bytes="1583504" bytesdiscarded="952" />
  <ownableSynchronizers candidates="42" cleared="42" />
  <references type="soft" candidates="1433" cleared="0" enqueued="0" dynamicThreshold="2" maxThreshold="32" />
  <references type="weak" candidates="74" cleared="0" enqueued="0" />
  <heap-resize type="expand" space="tenure" amount="655360" count="5" timems="1.351" reason="continue current collection" />
</gc-op>
<gc-end id="2815" type="scavenge" contextid="2811" durationms="7.439" usertimems="27.921" systemtimems="0.000" timestamp="2019-08-09T18:06:40.366" activeThreads="16">
  <mem-info id="2816" free="22101496" total="46792704" percent="47">
    <mem type="nursery" free="21927416" total="29360128" percent="74">
      <mem type="allocate" free="21927416" total="23199744" percent="94" />
      <mem type="survivor" free="0" total="6160384" percent="0" />
    </mem>
    <mem type="tenure" free="174080" total="17432576" percent="0" macro-fragmented="168253">
      <mem type="soa" free="0" total="17258496" percent="0" />
      <mem type="loa" free="174080" total="174080" percent="100" />
    </mem>
    <remembered-set count="1806" />
  </mem-info>
</gc-end>
<cycle-end id="2817" type="scavenge" contextid="2811" timestamp="2019-08-09T18:06:40.366" />
  <attribute name="elasticGC enabled" value="1" />
  <attribute name= "numThreadsSpecified" value="16" />
  <attribute name="heapSize specified" value="46006272" />
  <attribute name="Current GC Util" value="297" />
  <attribute name= "Current Time Running" value="136229" />
  <attribute name ="GC Interval" value="1761" />
  <attribute name="Target GC Util Change" value ="80.000000" />
  <attribute name="Current GC Util Change" value="297.000000"/>
  <attribute name="Current Error" value="-217.000000" />
  <attribute name="Output H" value="46212776"/>
  <attribute name="Output I" value="1760"/>
  <attribute name="Output T" value="16"/>
  <attribute name= "Current Time Running" value="136229" />
  <attribute name="GC Util currently" value="297" />
  <attribute name="CPU Util currently" value="45212051763" />
<allocation-satisfied id="2818" threadId="0000000001164F00" bytesRequested="1168" />
<af-end id="2819" timestamp="2019-08-09T18:06:40.367" threadId="0000000001165888" success="true" from="nursery"/>
<exclusive-end id="2820" timestamp="2019-08-09T18:06:40.367" durationms="8.531" />

<exclusive-start id="2821" timestamp="2019-08-09T18:06:40.369" intervalms="9.774">
  <response-info timems="1.089" idlems="1.089" threads="0" lastid="0000000001164F00" lastname="main" />
</exclusive-start>
<concurrent-collection-start id="2822" timestamp="2019-08-09T18:06:40.369" intervalms="3277.698" >
  <concurrent-trace-info reason="card cleaning threshold reached" tracedByMutators="4840848" tracedByHelpers="6011552" cardsCleaned="0" workStackOverflowCount="0" />
</concurrent-collection-start>
<gc-start id="2823" type="global" contextid="2807" timestamp="2019-08-09T18:06:40.369">
  <mem-info id="2824" free="21965160" total="46792704" percent="46">
    <mem type="nursery" free="21791080" total="29360128" percent="74">
      <mem type="allocate" free="21791080" total="23199744" percent="93" />
      <mem type="survivor" free="0" total="6160384" percent="0" />
    </mem>
    <mem type="tenure" free="174080" total="17432576" percent="0">
      <mem type="soa" free="0" total="17258496" percent="0" />
      <mem type="loa" free="174080" total="174080" percent="100" />
    </mem>
    <remembered-set count="1806" />
  </mem-info>
</gc-start>
<allocation-stats totalBytes="136184" >
  <allocated-bytes non-tlh="1168" tlh="135016" />
  <largest-consumer threadName="main" threadId="0000000001164F00" bytes="136184" />
</allocation-stats>
<gc-op id="2825" type="rs-scan" timems="2.534" contextid="2807" timestamp="2019-08-09T18:06:40.371">
  <scan objectsFound="112" bytesTraced="16956" workStackOverflowCount="0" />
</gc-op>
<gc-op id="2826" type="card-cleaning" timems="4.101" contextid="2807" timestamp="2019-08-09T18:06:40.375">
  <card-cleaning cardsCleaned="315" bytesTraced="2948644" workStackOverflowCount="0" />
</gc-op>
<gc-op id="2827" type="mark" timems="5.742" contextid="2807" timestamp="2019-08-09T18:06:40.381">
  <trace-info objectcount="332" scancount="322" scanbytes="9904" />
  <finalization candidates="80" enqueued="0" />
  <ownableSynchronizers candidates="21" cleared="0" />
  <references type="soft" candidates="3261" cleared="0" enqueued="0" dynamicThreshold="2" maxThreshold="32" />
  <references type="weak" candidates="5464" cleared="0" enqueued="0" />
  <references type="phantom" candidates="77" cleared="0" enqueued="0" />
  <stringconstants candidates="13595" cleared="0"  />
</gc-op>
<gc-op id="2828" type="sweep" timems="4.784" contextid="2807" timestamp="2019-08-09T18:06:40.386" />
<mem-info id="2829" free="22626000" total="46792704" percent="48">
  <mem type="nursery" free="22148960" total="29360128" percent="75">
    <mem type="allocate" free="22148960" total="23199744" percent="95" />
    <mem type="survivor" free="0" total="6160384" percent="0" />
  </mem>
  <mem type="tenure" free="477040" total="17432576" percent="2" micro-fragmented="768" macro-fragmented="0">
    <mem type="soa" free="302960" total="17258496" percent="1" />
    <mem type="loa" free="174080" total="174080" percent="100" />
  </mem>
  <remembered-set count="1806" />
</mem-info>
<gc-op id="2830" type="compact" timems="51.606" contextid="2807" timestamp="2019-08-09T18:06:40.438">
  <compact-info movecount="106740" movebytes="2601632" reason="compact to aid heap contraction" />
</gc-op>
<heap-resize id="2831" type="expand" space="tenure" amount="131072" count="1" timems="0.022" reason="satisfy allocation request" timestamp="2019-08-09T18:06:40.440" />
<gc-end id="2832" type="global" contextid="2807" durationms="71.085" usertimems="130.237" systemtimems="0.000" timestamp="2019-08-09T18:06:40.440" activeThreads="16">
  <mem-info id="2833" free="22759056" total="46923776" percent="48">
    <mem type="nursery" free="22149992" total="29360128" percent="75">
      <mem type="allocate" free="22149992" total="23199744" percent="95" />
      <mem type="survivor" free="0" total="6160384" percent="0" />
    </mem>
    <mem type="tenure" free="609064" total="17563648" percent="3">
      <mem type="soa" free="433960" total="17388544" percent="2" />
      <mem type="loa" free="175104" total="175104" percent="100" />
    </mem>
    <remembered-set count="1806" />
  </mem-info>
</gc-end>
<cycle-end id="2834" type="global" contextid="2807" timestamp="2019-08-09T18:06:40.440" />
  <attribute name="elasticGC enabled" value="1" />
  <attribute name= "numThreadsSpecified" value="16" />
  <attribute name="heapSize specified" value="46792704" />
  <attribute name="Current GC Util" value="81" />
  <attribute name= "Current Time Running" value="136307" />
  <attribute name ="GC Interval" value="1761" />
  <attribute name="Target GC Util Change" value ="80.000000" />
  <attribute name="Current GC Util Change" value="81.000000"/>
  <attribute name="Current Error" value="-37.000000" />
  <attribute name="Output H" value="46868344"/>
  <attribute name="Output I" value="1968"/>
  <attribute name="Output T" value="16"/>
  <attribute name= "Current Time Running" value="136307" />
  <attribute name="GC Util currently" value="81" />
  <attribute name="CPU Util currently" value="22277099797" />
<concurrent-collection-end id="2835" timestamp="2019-08-09T18:06:40.440" />
<exclusive-end id="2836" timestamp="2019-08-09T18:06:40.440" durationms="71.231" />

<concurrent-kickoff id="2837" timestamp="2019-08-09T18:06:40.454">
  <kickoff reason="threshold reached" targetBytes="10188790" thresholdFreeBytes="1410938"  remainingFree="1391464" tenureFreeBytes="609064" nurseryFreeBytes="1391464" />
</concurrent-kickoff>
<exclusive-start id="2838" timestamp="2019-08-09T18:06:40.454" intervalms="85.288">
  <response-info timems="0.020" idlems="0.020" threads="0" lastid="0000000001164F00" lastname="main" />
</exclusive-start>
<cycle-start id="2839" type="global" contextid="0" timestamp="2019-08-09T18:06:40.454" intervalms="109.986" />
<exclusive-end id="2840" timestamp="2019-08-09T18:06:40.454" durationms="0.018" />

<exclusive-start id="2841" timestamp="2019-08-09T18:06:40.470" intervalms="15.748">
  <response-info timems="0.095" idlems="0.095" threads="0" lastid="0000000001164F00" lastname="main" />
</exclusive-start>
<af-start id="2842" threadId="0000000001165888" totalBytesRequested="1168" timestamp="2019-08-09T18:06:40.470" intervalms="110.843" type="nursery" />
<percolate-collect id="2843" from="nursery" to="global" reason="concurrent mark exhausted" timestamp="2019-08-09T18:06:40.470"/>
<gc-start id="2844" type="global" contextid="2839" timestamp="2019-08-09T18:06:40.470">
  <mem-info id="2845" free="609064" total="46923776" percent="1">
    <mem type="nursery" free="0" total="29360128" percent="0">
      <mem type="allocate" free="0" total="23199744" percent="0" />
      <mem type="survivor" free="0" total="6160384" percent="0" />
    </mem>
    <mem type="tenure" free="609064" total="17563648" percent="3">
      <mem type="soa" free="433960" total="17388544" percent="2" />
      <mem type="loa" free="175104" total="175104" percent="100" />
    </mem>
    <remembered-set count="1806" />
  </mem-info>
</gc-start>
<allocation-stats totalBytes="22070080" >
  <allocated-bytes non-tlh="0" tlh="22070080" />
  <largest-consumer threadName="main" threadId="0000000001164F00" bytes="22070080" />
</allocation-stats>
<concurrent-halted id="2846" timestamp="2019-08-09T18:06:40.470">
  <halted state="Complete" status="exhausted" />
  <traced bytesTarget="10188790" bytesTotal="11188104" bytesByMutator="5217344" bytesByHelper="5970760" percent="109" />
  <cards cleaned="0" thresholdBytes="555824" />
</concurrent-halted>
<gc-op id="2847" type="rs-scan" timems="2.289" contextid="2839" timestamp="2019-08-09T18:06:40.472">
  <scan objectsFound="123" bytesTraced="17764" workStackOverflowCount="0" />
</gc-op>
<gc-op id="2848" type="card-cleaning" timems="3.059" contextid="2839" timestamp="2019-08-09T18:06:40.475">
  <card-cleaning cardsCleaned="0" bytesTraced="2211952" workStackOverflowCount="0" />
</gc-op>
<gc-op id="2849" type="mark" timems="8.318" contextid="2839" timestamp="2019-08-09T18:06:40.484">
  <trace-info objectcount="479" scancount="459" scanbytes="14720" />
  <finalization candidates="80" enqueued="0" />
  <ownableSynchronizers candidates="21" cleared="0" />
  <references type="soft" candidates="3261" cleared="0" enqueued="0" dynamicThreshold="1" maxThreshold="32" />
  <references type="weak" candidates="5464" cleared="0" enqueued="0" />
  <references type="phantom" candidates="77" cleared="0" enqueued="0" />
  <stringconstants candidates="13595" cleared="0"  />
</gc-op>
<gc-op id="2850" type="sweep" timems="3.991" contextid="2839" timestamp="2019-08-09T18:06:40.488" />
<mem-info id="2851" free="22759584" total="46923776" percent="48">
  <mem type="nursery" free="22150520" total="29360128" percent="75">
    <mem type="allocate" free="22150520" total="23199744" percent="95" />
    <mem type="survivor" free="0" total="6160384" percent="0" />
  </mem>
  <mem type="tenure" free="609064" total="17563648" percent="3" micro-fragmented="0" macro-fragmented="201903">
    <mem type="soa" free="433960" total="17388544" percent="2" />
    <mem type="loa" free="175104" total="175104" percent="100" />
  </mem>
  <remembered-set count="1806" />
</mem-info>
<gc-op id="2852" type="compact" timems="31.024" contextid="2839" timestamp="2019-08-09T18:06:40.519">
  <compact-info movecount="2" movebytes="56" reason="compact to aid heap contraction" />
</gc-op>
<heap-resize id="2853" type="expand" space="tenure" amount="131072" count="1" timems="0.020" reason="satisfy allocation request" timestamp="2019-08-09T18:06:40.519" />
<gc-end id="2854" type="global" contextid="2839" durationms="49.689" usertimems="75.608" systemtimems="0.000" timestamp="2019-08-09T18:06:40.520" activeThreads="16">
  <mem-info id="2855" free="22891296" total="47054848" percent="48">
    <mem type="nursery" free="22151160" total="29360128" percent="75">
      <mem type="allocate" free="22151160" total="23199744" percent="95" />
      <mem type="survivor" free="0" total="6160384" percent="0" />
    </mem>
    <mem type="tenure" free="740136" total="17694720" percent="4">
      <mem type="soa" free="564008" total="17518592" percent="3" />
      <mem type="loa" free="176128" total="176128" percent="100" />
    </mem>
    <remembered-set count="1806" />
  </mem-info>
</gc-end>
<cycle-end id="2856" type="global" contextid="2839" timestamp="2019-08-09T18:06:40.520" />
  <attribute name="elasticGC enabled" value="1" />
  <attribute name= "numThreadsSpecified" value="16" />
  <attribute name="heapSize specified" value="46923776" />
  <attribute name="Current GC Util" value="66" />
  <attribute name= "Current Time Running" value="136389" />
  <attribute name ="GC Interval" value="1761" />
  <attribute name="Target GC Util Change" value ="80.000000" />
  <attribute name="Current GC Util Change" value="66.000000"/>
  <attribute name="Current Error" value="-88.000000" />
  <attribute name="Output H" value="46999360"/>
  <attribute name="Output I" value="1912"/>
  <attribute name="Output T" value="16"/>
  <attribute name= "Current Time Running" value="136389" />
  <attribute name="GC Util currently" value="66" />
  <attribute name="CPU Util currently" value="37132697661" />
<allocation-satisfied id="2857" threadId="0000000001164F00" bytesRequested="1168" />
<af-end id="2858" timestamp="2019-08-09T18:06:40.520" threadId="0000000001165888" success="true" from="nursery"/>
<exclusive-end id="2859" timestamp="2019-08-09T18:06:40.520" durationms="49.991" />

<concurrent-kickoff id="2860" timestamp="2019-08-09T18:06:40.528">
  <kickoff reason="threshold reached" targetBytes="10462620" thresholdFreeBytes="1449203"  remainingFree="1342312" tenureFreeBytes="740136" nurseryFreeBytes="1342312" />
</concurrent-kickoff>
<exclusive-start id="2861" timestamp="2019-08-09T18:06:40.528" intervalms="58.573">
  <response-info timems="0.186" idlems="0.186" threads="0" lastid="0000000001164F00" lastname="main" />
</exclusive-start>
<cycle-start id="2862" type="global" contextid="0" timestamp="2019-08-09T18:06:40.528" intervalms="74.329" />
<exclusive-end id="2863" timestamp="2019-08-09T18:06:40.528" durationms="0.030" />

<exclusive-start id="2864" timestamp="2019-08-09T18:06:40.545" intervalms="16.503">
  <response-info timems="0.165" idlems="0.165" threads="0" lastid="0000000001164F00" lastname="main" />
</exclusive-start>
<concurrent-collection-start id="2865" timestamp="2019-08-09T18:06:40.545" intervalms="176.119" >
  <concurrent-trace-info reason="card cleaning threshold reached" tracedByMutators="5077168" tracedByHelpers="6115752" cardsCleaned="0" workStackOverflowCount="0" />
</concurrent-collection-start>
<gc-start id="2866" type="global" contextid="2862" timestamp="2019-08-09T18:06:40.545">
  <mem-info id="2867" free="740136" total="47054848" percent="1">
    <mem type="nursery" free="0" total="29360128" percent="0">
      <mem type="allocate" free="0" total="23199744" percent="0" />
      <mem type="survivor" free="0" total="6160384" percent="0" />
    </mem>
    <mem type="tenure" free="740136" total="17694720" percent="4">
      <mem type="soa" free="564008" total="17518592" percent="3" />
      <mem type="loa" free="176128" total="176128" percent="100" />
    </mem>
    <remembered-set count="1806" />
  </mem-info>
</gc-start>
<allocation-stats totalBytes="22075736" >
  <allocated-bytes non-tlh="1168" tlh="22074568" />
  <largest-consumer threadName="main" threadId="0000000001164F00" bytes="22075736" />
</allocation-stats>
<gc-op id="2868" type="rs-scan" timems="4.806" contextid="2862" timestamp="2019-08-09T18:06:40.550">
  <scan objectsFound="123" bytesTraced="17764" workStackOverflowCount="0" />
</gc-op>
<gc-op id="2869" type="card-cleaning" timems="4.517" contextid="2862" timestamp="2019-08-09T18:06:40.554">
  <card-cleaning cardsCleaned="0" bytesTraced="2211952" workStackOverflowCount="0" />
</gc-op>
<gc-op id="2870" type="mark" timems="5.066" contextid="2862" timestamp="2019-08-09T18:06:40.559">
  <trace-info objectcount="332" scancount="322" scanbytes="9904" />
  <finalization candidates="80" enqueued="0" />
  <ownableSynchronizers candidates="21" cleared="0" />
  <references type="soft" candidates="3261" cleared="0" enqueued="0" dynamicThreshold="1" maxThreshold="32" />
  <references type="weak" candidates="5464" cleared="0" enqueued="0" />
  <references type="phantom" candidates="77" cleared="0" enqueued="0" />
  <stringconstants candidates="13595" cleared="0"  />
</gc-op>
<gc-op id="2871" type="sweep" timems="2.018" contextid="2862" timestamp="2019-08-09T18:06:40.561" />
<mem-info id="2872" free="22889696" total="47054848" percent="48">
  <mem type="nursery" free="22149560" total="29360128" percent="75">
    <mem type="allocate" free="22149560" total="23199744" percent="95" />
    <mem type="survivor" free="0" total="6160384" percent="0" />
  </mem>
  <mem type="tenure" free="740136" total="17694720" percent="4" micro-fragmented="0" macro-fragmented="0">
    <mem type="soa" free="564008" total="17518592" percent="3" />
    <mem type="loa" free="176128" total="176128" percent="100" />
  </mem>
  <remembered-set count="1806" />
</mem-info>
<gc-op id="2873" type="compact" timems="24.387" contextid="2862" timestamp="2019-08-09T18:06:40.586">
  <compact-info movecount="3" movebytes="1224" reason="compact to aid heap contraction" />
</gc-op>
<heap-resize id="2874" type="expand" space="tenure" amount="131072" count="1" timems="0.024" reason="satisfy allocation request" timestamp="2019-08-09T18:06:40.587" />
<gc-end id="2875" type="global" contextid="2862" durationms="41.701" usertimems="61.368" systemtimems="0.000" timestamp="2019-08-09T18:06:40.587" activeThreads="8">
  <mem-info id="2876" free="23021200" total="47185920" percent="48">
    <mem type="nursery" free="22149992" total="29360128" percent="75">
      <mem type="allocate" free="22149992" total="23199744" percent="95" />
      <mem type="survivor" free="0" total="6160384" percent="0" />
    </mem>
    <mem type="tenure" free="871208" total="17825792" percent="4">
      <mem type="soa" free="693032" total="17647616" percent="3" />
      <mem type="loa" free="178176" total="178176" percent="100" />
    </mem>
    <remembered-set count="1806" />
  </mem-info>
</gc-end>
<cycle-end id="2877" type="global" contextid="2862" timestamp="2019-08-09T18:06:40.587" />
  <attribute name="elasticGC enabled" value="1" />
  <attribute name= "numThreadsSpecified" value="8" />
  <attribute name="heapSize specified" value="47054848" />
  <attribute name="Current GC Util" value="38" />
  <attribute name= "Current Time Running" value="136456" />
  <attribute name ="GC Interval" value="1761" />
  <attribute name="Target GC Util Change" value ="80.000000" />
  <attribute name="Current GC Util Change" value="38.000000"/>
  <attribute name="Current Error" value="-14.000000" />
  <attribute name="Output H" value="47130512"/>
  <attribute name="Output I" value="1992"/>
  <attribute name="Output T" value="8"/>
  <attribute name= "Current Time Running" value="136456" />
  <attribute name="GC Util currently" value="38" />
  <attribute name="CPU Util currently" value="47189560537" />
<concurrent-collection-end id="2878" timestamp="2019-08-09T18:06:40.587" />
<exclusive-end id="2879" timestamp="2019-08-09T18:06:40.587" durationms="41.935" />

<concurrent-kickoff id="2880" timestamp="2019-08-09T18:06:40.599">
  <kickoff reason="threshold reached" targetBytes="10685581" thresholdFreeBytes="1480385"  remainingFree="1473384" tenureFreeBytes="871208" nurseryFreeBytes="1473384" />
</concurrent-kickoff>
<exclusive-start id="2881" timestamp="2019-08-09T18:06:40.599" intervalms="54.425">
  <response-info timems="0.065" idlems="0.065" threads="0" lastid="0000000001164F00" lastname="main" />
</exclusive-start>
<cycle-start id="2882" type="global" contextid="0" timestamp="2019-08-09T18:06:40.599" intervalms="70.931" />
<exclusive-end id="2883" timestamp="2019-08-09T18:06:40.599" durationms="0.031" />

<exclusive-start id="2884" timestamp="2019-08-09T18:06:40.613" intervalms="14.341">
  <response-info timems="0.025" idlems="0.025" threads="0" lastid="0000000001164F00" lastname="main" />
</exclusive-start>
<concurrent-collection-start id="2885" timestamp="2019-08-09T18:06:40.614" intervalms="68.832" >
  <concurrent-trace-info reason="card cleaning threshold reached" tracedByMutators="4805780" tracedByHelpers="6387140" cardsCleaned="0" workStackOverflowCount="0" />
</concurrent-collection-start>
<gc-start id="2886" type="global" contextid="2882" timestamp="2019-08-09T18:06:40.614">
  <mem-info id="2887" free="871208" total="47185920" percent="1">
    <mem type="nursery" free="0" total="29360128" percent="0">
      <mem type="allocate" free="0" total="23199744" percent="0" />
      <mem type="survivor" free="0" total="6160384" percent="0" />
    </mem>
    <mem type="tenure" free="871208" total="17825792" percent="4">
      <mem type="soa" free="693032" total="17647616" percent="3" />
      <mem type="loa" free="178176" total="178176" percent="100" />
    </mem>
    <remembered-set count="1806" />
  </mem-info>
</gc-start>
<allocation-stats totalBytes="22074568" >
  <allocated-bytes non-tlh="0" tlh="22074568" />
  <largest-consumer threadName="main" threadId="0000000001164F00" bytes="22074568" />
</allocation-stats>
<gc-op id="2888" type="rs-scan" timems="1.224" contextid="2882" timestamp="2019-08-09T18:06:40.615">
  <scan objectsFound="123" bytesTraced="17764" workStackOverflowCount="0" />
</gc-op>
<gc-op id="2889" type="card-cleaning" timems="2.407" contextid="2882" timestamp="2019-08-09T18:06:40.618">
  <card-cleaning cardsCleaned="0" bytesTraced="2211952" workStackOverflowCount="0" />
</gc-op>
<gc-op id="2890" type="mark" timems="8.116" contextid="2882" timestamp="2019-08-09T18:06:40.626">
  <trace-info objectcount="332" scancount="322" scanbytes="9904" />
  <finalization candidates="80" enqueued="0" />
  <ownableSynchronizers candidates="21" cleared="0" />
  <references type="soft" candidates="3261" cleared="0" enqueued="0" dynamicThreshold="1" maxThreshold="32" />
  <references type="weak" candidates="5464" cleared="0" enqueued="0" />
  <references type="phantom" candidates="77" cleared="0" enqueued="0" />
  <stringconstants candidates="13595" cleared="0"  />
</gc-op>
<gc-op id="2891" type="sweep" timems="6.264" contextid="2882" timestamp="2019-08-09T18:06:40.632" />
<mem-info id="2892" free="23020768" total="47185920" percent="48">
  <mem type="nursery" free="22149560" total="29360128" percent="75">
    <mem type="allocate" free="22149560" total="23199744" percent="95" />
    <mem type="survivor" free="0" total="6160384" percent="0" />
  </mem>
  <mem type="tenure" free="871208" total="17825792" percent="4" micro-fragmented="0" macro-fragmented="0">
    <mem type="soa" free="693032" total="17647616" percent="3" />
    <mem type="loa" free="178176" total="178176" percent="100" />
  </mem>
  <remembered-set count="1806" />
</mem-info>
<gc-op id="2893" type="compact" timems="43.690" contextid="2882" timestamp="2019-08-09T18:06:40.677">
  <compact-info movecount="3" movebytes="1224" reason="compact to aid heap contraction" />
</gc-op>
<heap-resize id="2894" type="expand" space="tenure" amount="131072" count="1" timems="0.023" reason="satisfy allocation request" timestamp="2019-08-09T18:06:40.679" />
<gc-end id="2895" type="global" contextid="2882" durationms="65.082" usertimems="78.902" systemtimems="0.000" timestamp="2019-08-09T18:06:40.679" activeThreads="16">
  <mem-info id="2896" free="23152272" total="47316992" percent="48">
    <mem type="nursery" free="22149992" total="29360128" percent="75">
      <mem type="allocate" free="22149992" total="23199744" percent="95" />
      <mem type="survivor" free="0" total="6160384" percent="0" />
    </mem>
    <mem type="tenure" free="1002280" total="17956864" percent="5">
      <mem type="soa" free="823080" total="17777664" percent="4" />
      <mem type="loa" free="179200" total="179200" percent="100" />
    </mem>
    <remembered-set count="1806" />
  </mem-info>
</gc-end>
<cycle-end id="2897" type="global" contextid="2882" timestamp="2019-08-09T18:06:40.679" />
  <attribute name="elasticGC enabled" value="1" />
  <attribute name= "numThreadsSpecified" value="16" />
  <attribute name="heapSize specified" value="47185920" />
  <attribute name="Current GC Util" value="34" />
  <attribute name= "Current Time Running" value="136546" />
  <attribute name ="GC Interval" value="1761" />
  <attribute name="Target GC Util Change" value ="80.000000" />
  <attribute name="Current GC Util Change" value="34.000000"/>
  <attribute name="Current Error" value="-102.000000" />
  <attribute name="Output H" value="47261488"/>
  <attribute name="Output I" value="1896"/>
  <attribute name="Output T" value="16"/>
  <attribute name= "Current Time Running" value="136546" />
  <attribute name="GC Util currently" value="34" />
  <attribute name="CPU Util currently" value="26366506258" />
<concurrent-collection-end id="2898" timestamp="2019-08-09T18:06:40.679" />
<exclusive-end id="2899" timestamp="2019-08-09T18:06:40.679" durationms="65.458" />

<concurrent-kickoff id="2900" timestamp="2019-08-09T18:06:40.683">
  <kickoff reason="threshold reached" targetBytes="10865790" thresholdFreeBytes="1505605"  remainingFree="1473384" tenureFreeBytes="1002280" nurseryFreeBytes="1473384" />
</concurrent-kickoff>
<exclusive-start id="2901" timestamp="2019-08-09T18:06:40.683" intervalms="69.915">
  <response-info timems="0.022" idlems="0.022" threads="0" lastid="0000000001164F00" lastname="main" />
</exclusive-start>
<cycle-start id="2902" type="global" contextid="0" timestamp="2019-08-09T18:06:40.683" intervalms="84.269" />
<exclusive-end id="2903" timestamp="2019-08-09T18:06:40.683" durationms="0.050" />

<exclusive-start id="2904" timestamp="2019-08-09T18:06:40.699" intervalms="15.295">
  <response-info timems="0.027" idlems="0.027" threads="0" lastid="0000000001164F00" lastname="main" />
</exclusive-start>
<af-start id="2905" threadId="0000000001165888" totalBytesRequested="1168" timestamp="2019-08-09T18:06:40.699" intervalms="229.363" type="nursery" />
<percolate-collect id="2906" from="nursery" to="global" reason="concurrent mark exhausted" timestamp="2019-08-09T18:06:40.699"/>
<gc-start id="2907" type="global" contextid="2902" timestamp="2019-08-09T18:06:40.699">
  <mem-info id="2908" free="1002280" total="47316992" percent="2">
    <mem type="nursery" free="0" total="29360128" percent="0">
      <mem type="allocate" free="0" total="23199744" percent="0" />
      <mem type="survivor" free="0" total="6160384" percent="0" />
    </mem>
    <mem type="tenure" free="1002280" total="17956864" percent="5">
      <mem type="soa" free="823080" total="17777664" percent="4" />
      <mem type="loa" free="179200" total="179200" percent="100" />
    </mem>
    <remembered-set count="1806" />
  </mem-info>
</gc-start>
<allocation-stats totalBytes="22073776" >
  <allocated-bytes non-tlh="0" tlh="22073776" />
  <largest-consumer threadName="main" threadId="0000000001164F00" bytes="22073776" />
</allocation-stats>
<concurrent-halted id="2909" timestamp="2019-08-09T18:06:40.699">
  <halted state="Complete" status="exhausted" />
  <traced bytesTarget="10865790" bytesTotal="11172424" bytesByMutator="5049076" bytesByHelper="6123348" percent="102" />
  <cards cleaned="0" thresholdBytes="593117" />
</concurrent-halted>
<gc-op id="2910" type="rs-scan" timems="3.197" contextid="2902" timestamp="2019-08-09T18:06:40.702">
  <scan objectsFound="123" bytesTraced="17764" workStackOverflowCount="0" />
</gc-op>
<gc-op id="2911" type="card-cleaning" timems="2.548" contextid="2902" timestamp="2019-08-09T18:06:40.705">
  <card-cleaning cardsCleaned="0" bytesTraced="2211968" workStackOverflowCount="0" />
</gc-op>
<gc-op id="2912" type="mark" timems="8.448" contextid="2902" timestamp="2019-08-09T18:06:40.714">
  <trace-info objectcount="1165" scancount="1036" scanbytes="30384" />
  <finalization candidates="80" enqueued="0" />
  <ownableSynchronizers candidates="21" cleared="0" />
  <references type="soft" candidates="3261" cleared="0" enqueued="0" dynamicThreshold="1" maxThreshold="32" />
  <references type="weak" candidates="5464" cleared="0" enqueued="0" />
  <references type="phantom" candidates="77" cleared="0" enqueued="0" />
  <stringconstants candidates="13595" cleared="0"  />
</gc-op>
<gc-op id="2913" type="sweep" timems="4.930" contextid="2902" timestamp="2019-08-09T18:06:40.719" />
<mem-info id="2914" free="23153440" total="47316992" percent="48">
  <mem type="nursery" free="22151160" total="29360128" percent="75">
    <mem type="allocate" free="22151160" total="23199744" percent="95" />
    <mem type="survivor" free="0" total="6160384" percent="0" />
  </mem>
  <mem type="tenure" free="1002280" total="17956864" percent="5" micro-fragmented="0" macro-fragmented="0">
    <mem type="soa" free="823080" total="17777664" percent="4" />
    <mem type="loa" free="179200" total="179200" percent="100" />
  </mem>
  <remembered-set count="1806" />
</mem-info>
<gc-op id="2915" type="compact" timems="29.084" contextid="2902" timestamp="2019-08-09T18:06:40.749">
  <compact-info movecount="2" movebytes="56" reason="compact to aid heap contraction" />
</gc-op>
<heap-resize id="2916" type="expand" space="tenure" amount="131072" count="1" timems="0.101" reason="satisfy allocation request" timestamp="2019-08-09T18:06:40.750" />
<gc-end id="2917" type="global" contextid="2902" durationms="50.510" usertimems="76.982" systemtimems="0.000" timestamp="2019-08-09T18:06:40.750" activeThreads="16">
  <mem-info id="2918" free="23284512" total="47448064" percent="49">
    <mem type="nursery" free="22151160" total="29360128" percent="75">
      <mem type="allocate" free="22151160" total="23199744" percent="95" />
      <mem type="survivor" free="0" total="6160384" percent="0" />
    </mem>
    <mem type="tenure" free="1133352" total="18087936" percent="6">
      <mem type="soa" free="953128" total="17907712" percent="5" />
      <mem type="loa" free="180224" total="180224" percent="100" />
    </mem>
    <remembered-set count="1806" />
  </mem-info>
</gc-end>
<cycle-end id="2919" type="global" contextid="2902" timestamp="2019-08-09T18:06:40.750" />
  <attribute name="elasticGC enabled" value="1" />
  <attribute name= "numThreadsSpecified" value="16" />
  <attribute name="heapSize specified" value="47316992" />
  <attribute name="Current GC Util" value="55" />
  <attribute name= "Current Time Running" value="136618" />
  <attribute name ="GC Interval" value="1761" />
  <attribute name="Target GC Util Change" value ="80.000000" />
  <attribute name="Current GC Util Change" value="55.000000"/>
  <attribute name="Current Error" value="-301.000000" />
  <attribute name="Output H" value="47392328"/>
  <attribute name="Output I" value="1664"/>
  <attribute name="Output T" value="16"/>
  <attribute name= "Current Time Running" value="136618" />
  <attribute name="GC Util currently" value="55" />
  <attribute name="CPU Util currently" value="39606506037" />
<allocation-satisfied id="2920" threadId="0000000001164F00" bytesRequested="1168" />
<af-end id="2921" timestamp="2019-08-09T18:06:40.750" threadId="0000000001165888" success="true" from="nursery"/>
<exclusive-end id="2922" timestamp="2019-08-09T18:06:40.750" durationms="51.171" />

<concurrent-kickoff id="2923" timestamp="2019-08-09T18:06:40.755">
  <kickoff reason="threshold reached" targetBytes="11006904" thresholdFreeBytes="1524347"  remainingFree="1473384" tenureFreeBytes="1133352" nurseryFreeBytes="1473384" />
</concurrent-kickoff>
<exclusive-start id="2924" timestamp="2019-08-09T18:06:40.755" intervalms="56.583">
  <response-info timems="0.137" idlems="0.137" threads="0" lastid="0000000001164F00" lastname="main" />
</exclusive-start>
<cycle-start id="2925" type="global" contextid="0" timestamp="2019-08-09T18:06:40.755" intervalms="71.870" />
<exclusive-end id="2926" timestamp="2019-08-09T18:06:40.755" durationms="0.037" />

<exclusive-start id="2927" timestamp="2019-08-09T18:06:40.771" intervalms="16.131">
  <response-info timems="0.113" idlems="0.113" threads="0" lastid="0000000001164F00" lastname="main" />
</exclusive-start>
<concurrent-collection-start id="2928" timestamp="2019-08-09T18:06:40.771" intervalms="157.890" >
  <concurrent-trace-info reason="card cleaning threshold reached" tracedByMutators="3805880" tracedByHelpers="7387040" cardsCleaned="0" workStackOverflowCount="0" />
</concurrent-collection-start>
<gc-start id="2929" type="global" contextid="2925" timestamp="2019-08-09T18:06:40.772">
  <mem-info id="2930" free="1133352" total="47448064" percent="2">
    <mem type="nursery" free="0" total="29360128" percent="0">
      <mem type="allocate" free="0" total="23199744" percent="0" />
      <mem type="survivor" free="0" total="6160384" percent="0" />
    </mem>
    <mem type="tenure" free="1133352" total="18087936" percent="6">
      <mem type="soa" free="953128" total="17907712" percent="5" />
      <mem type="loa" free="180224" total="180224" percent="100" />
    </mem>
    <remembered-set count="1806" />
  </mem-info>
</gc-start>
<allocation-stats totalBytes="22075736" >
  <allocated-bytes non-tlh="1168" tlh="22074568" />
  <largest-consumer threadName="main" threadId="0000000001164F00" bytes="22075736" />
</allocation-stats>
<gc-op id="2931" type="rs-scan" timems="4.888" contextid="2925" timestamp="2019-08-09T18:06:40.776">
  <scan objectsFound="123" bytesTraced="17764" workStackOverflowCount="0" />
</gc-op>
<gc-op id="2932" type="card-cleaning" timems="14.413" contextid="2925" timestamp="2019-08-09T18:06:40.793">
  <card-cleaning cardsCleaned="0" bytesTraced="2211952" workStackOverflowCount="0" />
</gc-op>
<gc-op id="2933" type="mark" timems="15.067" contextid="2925" timestamp="2019-08-09T18:06:40.808">
  <trace-info objectcount="332" scancount="322" scanbytes="9904" />
  <finalization candidates="80" enqueued="0" />
  <ownableSynchronizers candidates="21" cleared="0" />
  <references type="soft" candidates="3261" cleared="0" enqueued="0" dynamicThreshold="2" maxThreshold="32" />
  <references type="weak" candidates="5464" cleared="0" enqueued="0" />
  <references type="phantom" candidates="77" cleared="0" enqueued="0" />
  <stringconstants candidates="13595" cleared="0"  />
</gc-op>
<gc-op id="2934" type="sweep" timems="4.563" contextid="2925" timestamp="2019-08-09T18:06:40.813" />
<mem-info id="2935" free="23282912" total="47448064" percent="49">
  <mem type="nursery" free="22149560" total="29360128" percent="75">
    <mem type="allocate" free="22149560" total="23199744" percent="95" />
    <mem type="survivor" free="0" total="6160384" percent="0" />
  </mem>
  <mem type="tenure" free="1133352" total="18087936" percent="6" micro-fragmented="0" macro-fragmented="0">
    <mem type="soa" free="953128" total="17907712" percent="5" />
    <mem type="loa" free="180224" total="180224" percent="100" />
  </mem>
  <remembered-set count="1806" />
</mem-info>
<gc-op id="2936" type="compact" timems="33.047" contextid="2925" timestamp="2019-08-09T18:06:40.846">
  <compact-info movecount="3" movebytes="1224" reason="compact to aid heap contraction" />
</gc-op>
<heap-resize id="2937" type="expand" space="tenure" amount="131072" count="1" timems="0.026" reason="satisfy allocation request" timestamp="2019-08-09T18:06:40.849" />
<gc-end id="2938" type="global" contextid="2925" durationms="77.056" usertimems="141.456" systemtimems="0.000" timestamp="2019-08-09T18:06:40.849" activeThreads="16">
  <mem-info id="2939" free="23414416" total="47579136" percent="49">
    <mem type="nursery" free="22149992" total="29360128" percent="75">
      <mem type="allocate" free="22149992" total="23199744" percent="95" />
      <mem type="survivor" free="0" total="6160384" percent="0" />
    </mem>
    <mem type="tenure" free="1264424" total="18219008" percent="6">
      <mem type="soa" free="1083176" total="18037760" percent="6" />
      <mem type="loa" free="181248" total="181248" percent="100" />
    </mem>
    <remembered-set count="1806" />
  </mem-info>
</gc-end>
<cycle-end id="2940" type="global" contextid="2925" timestamp="2019-08-09T18:06:40.849" />
  <attribute name="elasticGC enabled" value="1" />
  <attribute name= "numThreadsSpecified" value="16" />
  <attribute name="heapSize specified" value="47448064" />
  <attribute name="Current GC Util" value="79" />
  <attribute name= "Current Time Running" value="136716" />
  <attribute name ="GC Interval" value="1761" />
  <attribute name="Target GC Util Change" value ="80.000000" />
  <attribute name="Current GC Util Change" value="79.000000"/>
  <attribute name="Current Error" value="1.000000" />
  <attribute name="Output H" value="47523752"/>
  <attribute name="Output I" value="2016"/>
  <attribute name="Output T" value="16"/>
  <attribute name= "Current Time Running" value="136716" />
  <attribute name="GC Util currently" value="79" />
  <attribute name="CPU Util currently" value="34859354920" />
<concurrent-collection-end id="2941" timestamp="2019-08-09T18:06:40.849" />
<exclusive-end id="2942" timestamp="2019-08-09T18:06:40.849" durationms="77.255" />

<concurrent-kickoff id="2943" timestamp="2019-08-09T18:06:40.854">
  <kickoff reason="threshold reached" targetBytes="11124487" thresholdFreeBytes="1541024"  remainingFree="1473384" tenureFreeBytes="1264424" nurseryFreeBytes="1473384" />
</concurrent-kickoff>
<exclusive-start id="2944" timestamp="2019-08-09T18:06:40.854" intervalms="82.756">
  <response-info timems="0.074" idlems="0.074" threads="0" lastid="0000000001164F00" lastname="main" />
</exclusive-start>
<cycle-start id="2945" type="global" contextid="0" timestamp="2019-08-09T18:06:40.854" intervalms="98.873" />
<exclusive-end id="2946" timestamp="2019-08-09T18:06:40.854" durationms="0.022" />

<exclusive-start id="2947" timestamp="2019-08-09T18:06:40.868" intervalms="13.863">
  <response-info timems="0.023" idlems="0.023" threads="0" lastid="0000000001164F00" lastname="main" />
</exclusive-start>
<concurrent-collection-start id="2948" timestamp="2019-08-09T18:06:40.868" intervalms="96.617" >
  <concurrent-trace-info reason="card cleaning threshold reached" tracedByMutators="4924364" tracedByHelpers="6234736" cardsCleaned="0" workStackOverflowCount="0" />
</concurrent-collection-start>
<gc-start id="2949" type="global" contextid="2945" timestamp="2019-08-09T18:06:40.868">
  <mem-info id="2950" free="1264424" total="47579136" percent="2">
    <mem type="nursery" free="0" total="29360128" percent="0">
      <mem type="allocate" free="0" total="23199744" percent="0" />
      <mem type="survivor" free="0" total="6160384" percent="0" />
    </mem>
    <mem type="tenure" free="1264424" total="18219008" percent="6">
      <mem type="soa" free="1083176" total="18037760" percent="6" />
      <mem type="loa" free="181248" total="181248" percent="100" />
    </mem>
    <remembered-set count="1806" />
  </mem-info>
</gc-start>
<allocation-stats totalBytes="22074544" >
  <allocated-bytes non-tlh="0" tlh="22074544" />
  <largest-consumer threadName="main" threadId="0000000001164F00" bytes="22074544" />
</allocation-stats>
<gc-op id="2951" type="rs-scan" timems="2.501" contextid="2945" timestamp="2019-08-09T18:06:40.871">
  <scan objectsFound="123" bytesTraced="17764" workStackOverflowCount="0" />
</gc-op>
<gc-op id="2952" type="card-cleaning" timems="3.073" contextid="2945" timestamp="2019-08-09T18:06:40.874">
  <card-cleaning cardsCleaned="0" bytesTraced="2211952" workStackOverflowCount="0" />
</gc-op>
<gc-op id="2953" type="mark" timems="12.476" contextid="2945" timestamp="2019-08-09T18:06:40.886">
  <trace-info objectcount="1663" scancount="1491" scanbytes="43724" />
  <finalization candidates="80" enqueued="0" />
  <ownableSynchronizers candidates="21" cleared="0" />
  <references type="soft" candidates="3261" cleared="0" enqueued="0" dynamicThreshold="2" maxThreshold="32" />
  <references type="weak" candidates="5464" cleared="0" enqueued="0" />
  <references type="phantom" candidates="77" cleared="0" enqueued="0" />
  <stringconstants candidates="13595" cleared="0"  />
</gc-op>
<gc-op id="2954" type="sweep" timems="7.403" contextid="2945" timestamp="2019-08-09T18:06:40.894" />
<mem-info id="2955" free="23413984" total="47579136" percent="49">
  <mem type="nursery" free="22149560" total="29360128" percent="75">
    <mem type="allocate" free="22149560" total="23199744" percent="95" />
    <mem type="survivor" free="0" total="6160384" percent="0" />
  </mem>
  <mem type="tenure" free="1264424" total="18219008" percent="6" micro-fragmented="0" macro-fragmented="418667">
    <mem type="soa" free="1083176" total="18037760" percent="6" />
    <mem type="loa" free="181248" total="181248" percent="100" />
  </mem>
  <remembered-set count="1806" />
</mem-info>
<gc-op id="2956" type="compact" timems="33.467" contextid="2945" timestamp="2019-08-09T18:06:40.928">
  <compact-info movecount="3" movebytes="1224" reason="compact to aid heap contraction" />
</gc-op>
<heap-resize id="2957" type="expand" space="tenure" amount="131072" count="1" timems="0.019" reason="satisfy allocation request" timestamp="2019-08-09T18:06:40.929" />
<gc-end id="2958" type="global" contextid="2945" durationms="60.414" usertimems="78.369" systemtimems="0.000" timestamp="2019-08-09T18:06:40.929" activeThreads="16">
  <mem-info id="2959" free="23545488" total="47710208" percent="49">
    <mem type="nursery" free="22149992" total="29360128" percent="75">
      <mem type="allocate" free="22149992" total="23199744" percent="95" />
      <mem type="survivor" free="0" total="6160384" percent="0" />
    </mem>
    <mem type="tenure" free="1395496" total="18350080" percent="7">
      <mem type="soa" free="1212200" total="18166784" percent="6" />
      <mem type="loa" free="183296" total="183296" percent="100" />
    </mem>
    <remembered-set count="1806" />
  </mem-info>
</gc-end>
<cycle-end id="2960" type="global" contextid="2945" timestamp="2019-08-09T18:06:40.929" />
  <attribute name="elasticGC enabled" value="1" />
  <attribute name= "numThreadsSpecified" value="16" />
  <attribute name="heapSize specified" value="47579136" />
  <attribute name="Current GC Util" value="0" />
  <attribute name= "Current Time Running" value="136797" />
  <attribute name ="GC Interval" value="1761" />
  <attribute name="Target GC Util Change" value ="80.000000" />
  <attribute name="Current GC Util Change" value="0.000000"/>
  <attribute name="Current Error" value="59.000000" />
  <attribute name="Output H" value="47654888"/>
  <attribute name="Output I" value="2080"/>
  <attribute name="Output T" value="16"/>
  <attribute name= "Current Time Running" value="136797" />
  <attribute name="GC Util currently" value="0" />
  <attribute name="CPU Util currently" value="34423656255" />
<concurrent-collection-end id="2961" timestamp="2019-08-09T18:06:40.929" />
<exclusive-end id="2962" timestamp="2019-08-09T18:06:40.929" durationms="60.624" />

<concurrent-kickoff id="2963" timestamp="2019-08-09T18:06:40.933">
  <kickoff reason="threshold reached" targetBytes="11211897" thresholdFreeBytes="1553466"  remainingFree="1473384" tenureFreeBytes="1395496" nurseryFreeBytes="1473384" />
</concurrent-kickoff>
<exclusive-start id="2964" timestamp="2019-08-09T18:06:40.934" intervalms="65.779">
  <response-info timems="0.243" idlems="0.243" threads="0" lastid="0000000001164F00" lastname="main" />
</exclusive-start>
<cycle-start id="2965" type="global" contextid="0" timestamp="2019-08-09T18:06:40.934" intervalms="79.754" />
<exclusive-end id="2966" timestamp="2019-08-09T18:06:40.934" durationms="0.134" />

<exclusive-start id="2967" timestamp="2019-08-09T18:06:40.951" intervalms="17.616">
  <response-info timems="0.018" idlems="0.018" threads="0" lastid="0000000001164F00" lastname="main" />
</exclusive-start>
<af-start id="2968" threadId="0000000001165888" totalBytesRequested="1168" timestamp="2019-08-09T18:06:40.951" intervalms="252.383" type="nursery" />
<percolate-collect id="2969" from="nursery" to="global" reason="concurrent mark exhausted" timestamp="2019-08-09T18:06:40.951"/>
<gc-start id="2970" type="global" contextid="2965" timestamp="2019-08-09T18:06:40.952">
  <mem-info id="2971" free="1395496" total="47710208" percent="2">
    <mem type="nursery" free="0" total="29360128" percent="0">
      <mem type="allocate" free="0" total="23199744" percent="0" />
      <mem type="survivor" free="0" total="6160384" percent="0" />
    </mem>
    <mem type="tenure" free="1395496" total="18350080" percent="7">
      <mem type="soa" free="1212200" total="18166784" percent="6" />
      <mem type="loa" free="183296" total="183296" percent="100" />
    </mem>
    <remembered-set count="1806" />
  </mem-info>
</gc-start>
<allocation-stats totalBytes="22073800" >
  <allocated-bytes non-tlh="0" tlh="22073800" />
  <largest-consumer threadName="main" threadId="0000000001164F00" bytes="22073800" />
</allocation-stats>
<concurrent-halted id="2972" timestamp="2019-08-09T18:06:40.952">
  <halted state="Complete" status="exhausted" />
  <traced bytesTarget="11211897" bytesTotal="11177680" bytesByMutator="5784476" bytesByHelper="5393204" percent="99" />
  <cards cleaned="0" thresholdBytes="611971" />
</concurrent-halted>
<gc-op id="2973" type="rs-scan" timems="2.978" contextid="2965" timestamp="2019-08-09T18:06:40.955">
  <scan objectsFound="123" bytesTraced="17764" workStackOverflowCount="0" />
</gc-op>
<gc-op id="2974" type="card-cleaning" timems="3.438" contextid="2965" timestamp="2019-08-09T18:06:40.958">
  <card-cleaning cardsCleaned="0" bytesTraced="2211968" workStackOverflowCount="0" />
</gc-op>
<gc-op id="2975" type="mark" timems="11.009" contextid="2965" timestamp="2019-08-09T18:06:40.969">
  <trace-info objectcount="993" scancount="872" scanbytes="25128" />
  <finalization candidates="80" enqueued="0" />
  <ownableSynchronizers candidates="21" cleared="0" />
  <references type="soft" candidates="3261" cleared="0" enqueued="0" dynamicThreshold="2" maxThreshold="32" />
  <references type="weak" candidates="5464" cleared="0" enqueued="0" />
  <references type="phantom" candidates="77" cleared="0" enqueued="0" />
  <stringconstants candidates="13595" cleared="0"  />
</gc-op>
<gc-op id="2976" type="sweep" timems="3.212" contextid="2965" timestamp="2019-08-09T18:06:40.972" />
<mem-info id="2977" free="23546656" total="47710208" percent="49">
  <mem type="nursery" free="22151160" total="29360128" percent="75">
    <mem type="allocate" free="22151160" total="23199744" percent="95" />
    <mem type="survivor" free="0" total="6160384" percent="0" />
  </mem>
  <mem type="tenure" free="1395496" total="18350080" percent="7" micro-fragmented="0" macro-fragmented="868149">
    <mem type="soa" free="1212200" total="18166784" percent="6" />
    <mem type="loa" free="183296" total="183296" percent="100" />
  </mem>
  <remembered-set count="1806" />
</mem-info>
<gc-op id="2978" type="compact" timems="33.917" contextid="2965" timestamp="2019-08-09T18:06:41.006">
  <compact-info movecount="2" movebytes="56" reason="compact to aid heap contraction" />
</gc-op>
<heap-resize id="2979" type="expand" space="tenure" amount="131072" count="1" timems="0.193" reason="satisfy allocation request" timestamp="2019-08-09T18:06:41.008" />
<gc-end id="2980" type="global" contextid="2965" durationms="56.580" usertimems="85.796" systemtimems="0.000" timestamp="2019-08-09T18:06:41.008" activeThreads="16">
  <mem-info id="2981" free="23677728" total="47841280" percent="49">
    <mem type="nursery" free="22151160" total="29360128" percent="75">
      <mem type="allocate" free="22151160" total="23199744" percent="95" />
      <mem type="survivor" free="0" total="6160384" percent="0" />
    </mem>
    <mem type="tenure" free="1526568" total="18481152" percent="8">
      <mem type="soa" free="1342248" total="18296832" percent="7" />
      <mem type="loa" free="184320" total="184320" percent="100" />
    </mem>
    <remembered-set count="1806" />
  </mem-info>
</gc-end>
<cycle-end id="2982" type="global" contextid="2965" timestamp="2019-08-09T18:06:41.008" />
  <attribute name="elasticGC enabled" value="1" />
  <attribute name= "numThreadsSpecified" value="16" />
  <attribute name="heapSize specified" value="47710208" />
  <attribute name="Current GC Util" value="57" />
  <attribute name= "Current Time Running" value="136876" />
  <attribute name ="GC Interval" value="1761" />
  <attribute name="Target GC Util Change" value ="80.000000" />
  <attribute name="Current GC Util Change" value="57.000000"/>
  <attribute name="Current Error" value="-101.000000" />
  <attribute name="Output H" value="47785776"/>
  <attribute name="Output I" value="1896"/>
  <attribute name="Output T" value="16"/>
  <attribute name= "Current Time Running" value="136876" />
  <attribute name="GC Util currently" value="57" />
  <attribute name="CPU Util currently" value="33946506512" />
<allocation-satisfied id="2983" threadId="0000000001164F00" bytesRequested="1168" />
<af-end id="2984" timestamp="2019-08-09T18:06:41.008" threadId="0000000001165888" success="true" from="nursery"/>
<exclusive-end id="2985" timestamp="2019-08-09T18:06:41.008" durationms="56.842" />

<concurrent-kickoff id="2986" timestamp="2019-08-09T18:06:41.013">
  <kickoff reason="threshold reached" targetBytes="11285583" thresholdFreeBytes="1563540"  remainingFree="1473384" tenureFreeBytes="1526568" nurseryFreeBytes="1473384" />
</concurrent-kickoff>
<exclusive-start id="2987" timestamp="2019-08-09T18:06:41.013" intervalms="61.962">
  <response-info timems="0.021" idlems="0.021" threads="0" lastid="0000000001164F00" lastname="main" />
</exclusive-start>
<cycle-start id="2988" type="global" contextid="0" timestamp="2019-08-09T18:06:41.013" intervalms="79.461" />
<exclusive-end id="2989" timestamp="2019-08-09T18:06:41.013" durationms="0.016" />

<exclusive-start id="2990" timestamp="2019-08-09T18:06:41.027" intervalms="14.029">
  <response-info timems="0.199" idlems="0.199" threads="0" lastid="0000000001164F00" lastname="main" />
</exclusive-start>
<concurrent-collection-start id="2991" timestamp="2019-08-09T18:06:41.027" intervalms="159.357" >
  <concurrent-trace-info reason="card cleaning threshold reached" tracedByMutators="5186976" tracedByHelpers="5965456" cardsCleaned="0" workStackOverflowCount="0" />
</concurrent-collection-start>
<gc-start id="2992" type="global" contextid="2988" timestamp="2019-08-09T18:06:41.028">
  <mem-info id="2993" free="1526568" total="47841280" percent="3">
    <mem type="nursery" free="0" total="29360128" percent="0">
      <mem type="allocate" free="0" total="23199744" percent="0" />
      <mem type="survivor" free="0" total="6160384" percent="0" />
    </mem>
    <mem type="tenure" free="1526568" total="18481152" percent="8">
      <mem type="soa" free="1342248" total="18296832" percent="7" />
      <mem type="loa" free="184320" total="184320" percent="100" />
    </mem>
    <remembered-set count="1806" />
  </mem-info>
</gc-start>
<allocation-stats totalBytes="22075712" >
  <allocated-bytes non-tlh="1168" tlh="22074544" />
  <largest-consumer threadName="main" threadId="0000000001164F00" bytes="22075712" />
</allocation-stats>
<gc-op id="2994" type="rs-scan" timems="1.777" contextid="2988" timestamp="2019-08-09T18:06:41.029">
  <scan objectsFound="123" bytesTraced="17764" workStackOverflowCount="0" />
</gc-op>
<gc-op id="2995" type="card-cleaning" timems="1.652" contextid="2988" timestamp="2019-08-09T18:06:41.031">
  <card-cleaning cardsCleaned="0" bytesTraced="2211968" workStackOverflowCount="0" />
</gc-op>
<gc-op id="2996" type="mark" timems="6.527" contextid="2988" timestamp="2019-08-09T18:06:41.038">
  <trace-info objectcount="1928" scancount="1715" scanbytes="50376" />
  <finalization candidates="80" enqueued="0" />
  <ownableSynchronizers candidates="21" cleared="0" />
  <references type="soft" candidates="3261" cleared="0" enqueued="0" dynamicThreshold="2" maxThreshold="32" />
  <references type="weak" candidates="5464" cleared="0" enqueued="0" />
  <references type="phantom" candidates="77" cleared="0" enqueued="0" />
  <stringconstants candidates="13595" cleared="0"  />
</gc-op>
<gc-op id="2997" type="sweep" timems="1.905" contextid="2988" timestamp="2019-08-09T18:06:41.039" />
<mem-info id="2998" free="23676128" total="47841280" percent="49">
  <mem type="nursery" free="22149560" total="29360128" percent="75">
    <mem type="allocate" free="22149560" total="23199744" percent="95" />
    <mem type="survivor" free="0" total="6160384" percent="0" />
  </mem>
  <mem type="tenure" free="1526568" total="18481152" percent="8" micro-fragmented="0" macro-fragmented="0">
    <mem type="soa" free="1342248" total="18296832" percent="7" />
    <mem type="loa" free="184320" total="184320" percent="100" />
  </mem>
  <remembered-set count="1806" />
</mem-info>
<gc-op id="2999" type="compact" timems="39.312" contextid="2988" timestamp="2019-08-09T18:06:41.079">
  <compact-info movecount="3" movebytes="1224" reason="compact to aid heap contraction" />
</gc-op>
<heap-resize id="3000" type="expand" space="tenure" amount="131072" count="1" timems="0.021" reason="satisfy allocation request" timestamp="2019-08-09T18:06:41.080" />
<gc-end id="3001" type="global" contextid="2988" durationms="52.200" usertimems="120.153" systemtimems="0.000" timestamp="2019-08-09T18:06:41.080" activeThreads="16">
  <mem-info id="3002" free="23807632" total="47972352" percent="49">
    <mem type="nursery" free="22149992" total="29360128" percent="75">
      <mem type="allocate" free="22149992" total="23199744" percent="95" />
      <mem type="survivor" free="0" total="6160384" percent="0" />
    </mem>
    <mem type="tenure" free="1657640" total="18612224" percent="8">
      <mem type="soa" free="1472296" total="18426880" percent="7" />
      <mem type="loa" free="185344" total="185344" percent="100" />
    </mem>
    <remembered-set count="1806" />
  </mem-info>
</gc-end>
<cycle-end id="3003" type="global" contextid="2988" timestamp="2019-08-09T18:06:41.080" />
  <attribute name="elasticGC enabled" value="1" />
  <attribute name= "numThreadsSpecified" value="16" />
  <attribute name="heapSize specified" value="47841280" />
  <attribute name="Current GC Util" value="50" />
  <attribute name= "Current Time Running" value="136949" />
  <attribute name ="GC Interval" value="1761" />
  <attribute name="Target GC Util Change" value ="80.000000" />
  <attribute name="Current GC Util Change" value="50.000000"/>
  <attribute name="Current Error" value="-298.000000" />
  <attribute name="Output H" value="47916616"/>
  <attribute name="Output I" value="1664"/>
  <attribute name="Output T" value="16"/>
  <attribute name= "Current Time Running" value="136949" />
  <attribute name="GC Util currently" value="50" />
  <attribute name="CPU Util currently" value="29283196465" />
<concurrent-collection-end id="3004" timestamp="2019-08-09T18:06:41.080" />
<exclusive-end id="3005" timestamp="2019-08-09T18:06:41.080" durationms="52.483" />

<concurrent-kickoff id="3006" timestamp="2019-08-09T18:06:41.085">
  <kickoff reason="threshold reached" targetBytes="11339189" thresholdFreeBytes="1571284"  remainingFree="1473384" tenureFreeBytes="1657640" nurseryFreeBytes="1473384" />
</concurrent-kickoff>
<exclusive-start id="3007" timestamp="2019-08-09T18:06:41.085" intervalms="57.784">
  <response-info timems="0.084" idlems="0.084" threads="0" lastid="0000000001164F00" lastname="main" />
</exclusive-start>
<cycle-start id="3008" type="global" contextid="0" timestamp="2019-08-09T18:06:41.085" intervalms="71.814" />
<exclusive-end id="3009" timestamp="2019-08-09T18:06:41.085" durationms="0.016" />

<exclusive-start id="3010" timestamp="2019-08-09T18:06:41.098" intervalms="12.893">
  <response-info timems="0.080" idlems="0.080" threads="0" lastid="0000000001164F00" lastname="main" />
</exclusive-start>
<af-start id="3011" threadId="0000000001165888" totalBytesRequested="1168" timestamp="2019-08-09T18:06:41.098" intervalms="146.657" type="nursery" />
<cycle-start id="3012" type="scavenge" contextid="0" timestamp="2019-08-09T18:06:41.098" intervalms="739.244" />
<gc-start id="3013" type="scavenge" contextid="3012" timestamp="2019-08-09T18:06:41.098">
  <mem-info id="3014" free="1657640" total="47972352" percent="3">
    <mem type="nursery" free="0" total="29360128" percent="0">
      <mem type="allocate" free="0" total="23199744" percent="0" />
      <mem type="survivor" free="0" total="6160384" percent="0" />
    </mem>
    <mem type="tenure" free="1657640" total="18612224" percent="8">
      <mem type="soa" free="1472296" total="18426880" percent="7" />
      <mem type="loa" free="185344" total="185344" percent="100" />
    </mem>
    <remembered-set count="1806" />
  </mem-info>
</gc-start>
<allocation-stats totalBytes="22073800" >
  <allocated-bytes non-tlh="0" tlh="22073800" />
  <largest-consumer threadName="main" threadId="0000000001164F00" bytes="22073800" />
</allocation-stats>
<gc-op id="3015" type="scavenge" timems="10.495" contextid="3012" timestamp="2019-08-09T18:06:41.109">
  <scavenger-info tenureage="14" tenuremask="4000" tiltratio="79" />
  <memory-copied type="nursery" objects="38325" bytes="1048560" bytesdiscarded="147976" />
  <ownableSynchronizers candidates="42" cleared="42" />
  <references type="soft" candidates="1433" cleared="0" enqueued="0" dynamicThreshold="2" maxThreshold="32" />
  <references type="weak" candidates="74" cleared="0" enqueued="0" />
</gc-op>
<gc-end id="3016" type="scavenge" contextid="3012" durationms="12.280" usertimems="25.396" systemtimems="0.000" timestamp="2019-08-09T18:06:41.110" activeThreads="16">
  <mem-info id="3017" free="24643864" total="47972352" percent="51">
    <mem type="nursery" free="22986224" total="29360128" percent="78">
      <mem type="allocate" free="22986224" total="24182784" percent="95" />
      <mem type="survivor" free="0" total="5177344" percent="0" />
    </mem>
    <mem type="tenure" free="1657640" total="18612224" percent="8" macro-fragmented="0">
      <mem type="soa" free="1472296" total="18426880" percent="7" />
      <mem type="loa" free="185344" total="185344" percent="100" />
    </mem>
    <remembered-set count="1806" />
  </mem-info>
</gc-end>
<cycle-end id="3018" type="scavenge" contextid="3012" timestamp="2019-08-09T18:06:41.111" />
  <attribute name="elasticGC enabled" value="1" />
  <attribute name= "numThreadsSpecified" value="16" />
  <attribute name="heapSize specified" value="47841280" />
  <attribute name="Current GC Util" value="164" />
  <attribute name= "Current Time Running" value="136968" />
  <attribute name ="GC Interval" value="1569" />
  <attribute name="Target GC Util Change" value ="80.000000" />
  <attribute name="Current GC Util Change" value="164.000000"/>
  <attribute name="Current Error" value="-382.000000" />
  <attribute name="Output H" value="48047592"/>
  <attribute name="Output I" value="1568"/>
  <attribute name="Output T" value="16"/>
  <attribute name= "Current Time Running" value="136968" />
  <attribute name="GC Util currently" value="164" />
  <attribute name="CPU Util currently" value="60126664976" />
<allocation-satisfied id="3019" threadId="0000000001164F00" bytesRequested="1168" />
<af-end id="3020" timestamp="2019-08-09T18:06:41.111" threadId="0000000001165888" success="true" from="nursery"/>
<exclusive-end id="3021" timestamp="2019-08-09T18:06:41.111" durationms="12.555" />

<exclusive-start id="3022" timestamp="2019-08-09T18:06:41.112" intervalms="14.122">
  <response-info timems="0.224" idlems="0.224" threads="0" lastid="0000000001164F00" lastname="main" />
</exclusive-start>
<concurrent-collection-start id="3023" timestamp="2019-08-09T18:06:41.112" intervalms="84.804" >
  <concurrent-trace-info reason="card cleaning threshold reached" tracedByMutators="5025600" tracedByHelpers="6159520" cardsCleaned="0" workStackOverflowCount="0" />
</concurrent-collection-start>
<gc-start id="3024" type="global" contextid="3008" timestamp="2019-08-09T18:06:41.112">
  <mem-info id="3025" free="24507528" total="47972352" percent="51">
    <mem type="nursery" free="22849888" total="29360128" percent="77">
      <mem type="allocate" free="22849888" total="24182784" percent="94" />
      <mem type="survivor" free="0" total="5177344" percent="0" />
    </mem>
    <mem type="tenure" free="1657640" total="18612224" percent="8">
      <mem type="soa" free="1472296" total="18426880" percent="7" />
      <mem type="loa" free="185344" total="185344" percent="100" />
    </mem>
    <remembered-set count="1806" />
  </mem-info>
</gc-start>
<allocation-stats totalBytes="136184" >
  <allocated-bytes non-tlh="1168" tlh="135016" />
  <largest-consumer threadName="main" threadId="0000000001164F00" bytes="136184" />
</allocation-stats>
<gc-op id="3026" type="rs-scan" timems="3.002" contextid="3008" timestamp="2019-08-09T18:06:41.115">
  <scan objectsFound="123" bytesTraced="17764" workStackOverflowCount="0" />
</gc-op>
<gc-op id="3027" type="card-cleaning" timems="3.939" contextid="3008" timestamp="2019-08-09T18:06:41.119">
  <card-cleaning cardsCleaned="0" bytesTraced="2211952" workStackOverflowCount="0" />
</gc-op>
<gc-op id="3028" type="mark" timems="13.183" contextid="3008" timestamp="2019-08-09T18:06:41.133">
  <trace-info objectcount="712" scancount="644" scanbytes="17704" />
  <finalization candidates="80" enqueued="0" />
  <ownableSynchronizers candidates="21" cleared="0" />
  <references type="soft" candidates="3261" cleared="0" enqueued="0" dynamicThreshold="2" maxThreshold="32" />
  <references type="weak" candidates="5464" cleared="0" enqueued="0" />
  <references type="phantom" candidates="77" cleared="0" enqueued="0" />
  <stringconstants candidates="13595" cleared="0"  />
</gc-op>
<gc-op id="3029" type="sweep" timems="5.241" contextid="3008" timestamp="2019-08-09T18:06:41.138" />
<mem-info id="3030" free="24789664" total="47972352" percent="51">
  <mem type="nursery" free="23132024" total="29360128" percent="78">
    <mem type="allocate" free="23132024" total="24182784" percent="95" />
    <mem type="survivor" free="0" total="5177344" percent="0" />
  </mem>
  <mem type="tenure" free="1657640" total="18612224" percent="8" micro-fragmented="0" macro-fragmented="418667">
    <mem type="soa" free="1472296" total="18426880" percent="7" />
    <mem type="loa" free="185344" total="185344" percent="100" />
  </mem>
  <remembered-set count="1806" />
</mem-info>
<gc-op id="3031" type="compact" timems="32.135" contextid="3008" timestamp="2019-08-09T18:06:41.171">
  <compact-info movecount="38326" movebytes="1049752" reason="compact to aid heap contraction" />
</gc-op>
<heap-resize id="3032" type="expand" space="tenure" amount="131072" count="1" timems="0.030" reason="satisfy allocation request" timestamp="2019-08-09T18:06:41.172" />
<gc-end id="3033" type="global" contextid="3008" durationms="59.968" usertimems="130.737" systemtimems="0.000" timestamp="2019-08-09T18:06:41.172" activeThreads="16">
  <mem-info id="3034" free="24921744" total="48103424" percent="51">
    <mem type="nursery" free="23133032" total="29360128" percent="78">
      <mem type="allocate" free="23133032" total="24182784" percent="95" />
      <mem type="survivor" free="0" total="5177344" percent="0" />
    </mem>
    <mem type="tenure" free="1788712" total="18743296" percent="9">
      <mem type="soa" free="1601320" total="18555904" percent="8" />
      <mem type="loa" free="187392" total="187392" percent="100" />
    </mem>
    <remembered-set count="1806" />
  </mem-info>
</gc-end>
<cycle-end id="3035" type="global" contextid="3008" timestamp="2019-08-09T18:06:41.172" />
  <attribute name="elasticGC enabled" value="1" />
  <attribute name= "numThreadsSpecified" value="16" />
  <attribute name="heapSize specified" value="47972352" />
  <attribute name="Current GC Util" value="89" />
  <attribute name= "Current Time Running" value="137041" />
  <attribute name ="GC Interval" value="1569" />
  <attribute name="Target GC Util Change" value ="80.000000" />
  <attribute name="Current GC Util Change" value="89.000000"/>
  <attribute name="Current Error" value="-237.000000" />
  <attribute name="Output H" value="48047760"/>
  <attribute name="Output I" value="1736"/>
  <attribute name="Output T" value="16"/>
  <attribute name= "Current Time Running" value="137041" />
  <attribute name="GC Util currently" value="89" />
  <attribute name="CPU Util currently" value="35864570795" />
<concurrent-collection-end id="3036" timestamp="2019-08-09T18:06:41.172" />
<exclusive-end id="3037" timestamp="2019-08-09T18:06:41.172" durationms="60.277" />

<concurrent-kickoff id="3038" timestamp="2019-08-09T18:06:41.178">
  <kickoff reason="threshold reached" targetBytes="11388495" thresholdFreeBytes="1577785"  remainingFree="1457000" tenureFreeBytes="1788712" nurseryFreeBytes="1457000" />
</concurrent-kickoff>
<exclusive-start id="3039" timestamp="2019-08-09T18:06:41.178" intervalms="65.559">
  <response-info timems="0.129" idlems="0.129" threads="0" lastid="0000000001164F00" lastname="main" />
</exclusive-start>
<cycle-start id="3040" type="global" contextid="0" timestamp="2019-08-09T18:06:41.178" intervalms="92.602" />
<exclusive-end id="3041" timestamp="2019-08-09T18:06:41.178" durationms="0.046" />

<exclusive-start id="3042" timestamp="2019-08-09T18:06:41.193" intervalms="15.117">
  <response-info timems="0.075" idlems="0.075" threads="0" lastid="0000000001164F00" lastname="main" />
</exclusive-start>
<concurrent-collection-start id="3043" timestamp="2019-08-09T18:06:41.193" intervalms="80.670" >
  <concurrent-trace-info reason="card cleaning threshold reached" tracedByMutators="5086800" tracedByHelpers="6088220" cardsCleaned="0" workStackOverflowCount="0" />
</concurrent-collection-start>
<gc-start id="3044" type="global" contextid="3040" timestamp="2019-08-09T18:06:41.193">
  <mem-info id="3045" free="1788712" total="48103424" percent="3">
    <mem type="nursery" free="0" total="29360128" percent="0">
      <mem type="allocate" free="0" total="24182784" percent="0" />
      <mem type="survivor" free="0" total="5177344" percent="0" />
    </mem>
    <mem type="tenure" free="1788712" total="18743296" percent="9">
      <mem type="soa" free="1601320" total="18555904" percent="8" />
      <mem type="loa" free="187392" total="187392" percent="100" />
    </mem>
    <remembered-set count="1806" />
  </mem-info>
</gc-start>
<allocation-stats totalBytes="23050328" >
  <allocated-bytes non-tlh="0" tlh="23050328" />
  <largest-consumer threadName="main" threadId="0000000001164F00" bytes="23050328" />
</allocation-stats>
<gc-op id="3046" type="rs-scan" timems="3.542" contextid="3040" timestamp="2019-08-09T18:06:41.197">
  <scan objectsFound="123" bytesTraced="17764" workStackOverflowCount="0" />
</gc-op>
<gc-op id="3047" type="card-cleaning" timems="2.327" contextid="3040" timestamp="2019-08-09T18:06:41.199">
  <card-cleaning cardsCleaned="0" bytesTraced="2211952" workStackOverflowCount="0" />
</gc-op>
<gc-op id="3048" type="mark" timems="8.611" contextid="3040" timestamp="2019-08-09T18:06:41.208">
  <trace-info objectcount="881" scancount="839" scanbytes="27804" />
  <finalization candidates="80" enqueued="0" />
  <ownableSynchronizers candidates="21" cleared="0" />
  <references type="soft" candidates="3261" cleared="0" enqueued="0" dynamicThreshold="3" maxThreshold="32" />
  <references type="weak" candidates="5464" cleared="0" enqueued="0" />
  <references type="phantom" candidates="77" cleared="0" enqueued="0" />
  <stringconstants candidates="13595" cleared="0"  />
</gc-op>
<gc-op id="3049" type="sweep" timems="3.310" contextid="3040" timestamp="2019-08-09T18:06:41.211" />
<mem-info id="3050" free="24921336" total="48103424" percent="51">
  <mem type="nursery" free="23132624" total="29360128" percent="78">
    <mem type="allocate" free="23132624" total="24182784" percent="95" />
    <mem type="survivor" free="0" total="5177344" percent="0" />
  </mem>
  <mem type="tenure" free="1788712" total="18743296" percent="9" micro-fragmented="0" macro-fragmented="0">
    <mem type="soa" free="1601320" total="18555904" percent="8" />
    <mem type="loa" free="187392" total="187392" percent="100" />
  </mem>
  <remembered-set count="1806" />
</mem-info>
<gc-op id="3051" type="compact" timems="29.799" contextid="3040" timestamp="2019-08-09T18:06:41.241">
  <compact-info movecount="38326" movebytes="1049752" reason="compact to aid heap contraction" />
</gc-op>
<heap-resize id="3052" type="expand" space="tenure" amount="131072" count="1" timems="0.024" reason="satisfy allocation request" timestamp="2019-08-09T18:06:41.243" />
<gc-end id="3053" type="global" contextid="3040" durationms="50.262" usertimems="85.196" systemtimems="0.000" timestamp="2019-08-09T18:06:41.243" activeThreads="16">
  <mem-info id="3054" free="25052816" total="48234496" percent="51">
    <mem type="nursery" free="23133032" total="29360128" percent="78">
      <mem type="allocate" free="23133032" total="24182784" percent="95" />
      <mem type="survivor" free="0" total="5177344" percent="0" />
    </mem>
    <mem type="tenure" free="1919784" total="18874368" percent="10">
      <mem type="soa" free="1731368" total="18685952" percent="9" />
      <mem type="loa" free="188416" total="188416" percent="100" />
    </mem>
    <remembered-set count="1806" />
  </mem-info>
</gc-end>
<cycle-end id="3055" type="global" contextid="3040" timestamp="2019-08-09T18:06:41.243" />
  <attribute name="elasticGC enabled" value="1" />
  <attribute name= "numThreadsSpecified" value="16" />
  <attribute name="heapSize specified" value="48103424" />
  <attribute name="Current GC Util" value="75" />
  <attribute name= "Current Time Running" value="137111" />
  <attribute name ="GC Interval" value="1569" />
  <attribute name="Target GC Util Change" value ="80.000000" />
  <attribute name="Current GC Util Change" value="75.000000"/>
  <attribute name="Current Error" value="5.000000" />
  <attribute name="Output H" value="48179112"/>
  <attribute name="Output I" value="2016"/>
  <attribute name="Output T" value="16"/>
  <attribute name= "Current Time Running" value="137111" />
  <attribute name="GC Util currently" value="75" />
  <attribute name="CPU Util currently" value="38645070674" />
<concurrent-collection-end id="3056" timestamp="2019-08-09T18:06:41.243" />
<exclusive-end id="3057" timestamp="2019-08-09T18:06:41.243" durationms="50.430" />

<concurrent-kickoff id="3058" timestamp="2019-08-09T18:06:41.248">
  <kickoff reason="threshold reached" targetBytes="11425518" thresholdFreeBytes="1583246"  remainingFree="1538920" tenureFreeBytes="1919784" nurseryFreeBytes="1538920" />
</concurrent-kickoff>
<exclusive-start id="3059" timestamp="2019-08-09T18:06:41.249" intervalms="55.792">
  <response-info timems="0.116" idlems="0.116" threads="0" lastid="0000000001164F00" lastname="main" />
</exclusive-start>
<cycle-start id="3060" type="global" contextid="0" timestamp="2019-08-09T18:06:41.249" intervalms="70.952" />
<exclusive-end id="3061" timestamp="2019-08-09T18:06:41.249" durationms="0.087" />

<exclusive-start id="3062" timestamp="2019-08-09T18:06:41.263" intervalms="14.802">
  <response-info timems="0.050" idlems="0.050" threads="0" lastid="0000000001164F00" lastname="main" />
</exclusive-start>
<concurrent-collection-start id="3063" timestamp="2019-08-09T18:06:41.264" intervalms="70.601" >
  <concurrent-trace-info reason="card cleaning threshold reached" tracedByMutators="5175800" tracedByHelpers="6011936" cardsCleaned="0" workStackOverflowCount="0" />
</concurrent-collection-start>
<gc-start id="3064" type="global" contextid="3060" timestamp="2019-08-09T18:06:41.264">
  <mem-info id="3065" free="1919784" total="48234496" percent="3">
    <mem type="nursery" free="0" total="29360128" percent="0">
      <mem type="allocate" free="0" total="24182784" percent="0" />
      <mem type="survivor" free="0" total="5177344" percent="0" />
    </mem>
    <mem type="tenure" free="1919784" total="18874368" percent="10">
      <mem type="soa" free="1731368" total="18685952" percent="9" />
      <mem type="loa" free="188416" total="188416" percent="100" />
    </mem>
    <remembered-set count="1806" />
  </mem-info>
</gc-start>
<allocation-stats totalBytes="23054584" >
  <allocated-bytes non-tlh="0" tlh="23054584" />
  <largest-consumer threadName="main" threadId="0000000001164F00" bytes="23054584" />
</allocation-stats>
<gc-op id="3066" type="rs-scan" timems="2.824" contextid="3060" timestamp="2019-08-09T18:06:41.266">
  <scan objectsFound="123" bytesTraced="17764" workStackOverflowCount="0" />
</gc-op>
<gc-op id="3067" type="card-cleaning" timems="5.286" contextid="3060" timestamp="2019-08-09T18:06:41.272">
  <card-cleaning cardsCleaned="0" bytesTraced="2211952" workStackOverflowCount="0" />
</gc-op>
<gc-op id="3068" type="mark" timems="10.057" contextid="3060" timestamp="2019-08-09T18:06:41.282">
  <trace-info objectcount="502" scancount="479" scanbytes="15088" />
  <finalization candidates="80" enqueued="0" />
  <ownableSynchronizers candidates="21" cleared="0" />
  <references type="soft" candidates="3261" cleared="0" enqueued="0" dynamicThreshold="3" maxThreshold="32" />
  <references type="weak" candidates="5464" cleared="0" enqueued="0" />
  <references type="phantom" candidates="77" cleared="0" enqueued="0" />
  <stringconstants candidates="13595" cleared="0"  />
</gc-op>
<gc-op id="3069" type="sweep" timems="6.700" contextid="3060" timestamp="2019-08-09T18:06:41.289" />
<mem-info id="3070" free="25052384" total="48234496" percent="51">
  <mem type="nursery" free="23132600" total="29360128" percent="78">
    <mem type="allocate" free="23132600" total="24182784" percent="95" />
    <mem type="survivor" free="0" total="5177344" percent="0" />
  </mem>
  <mem type="tenure" free="1919784" total="18874368" percent="10" micro-fragmented="0" macro-fragmented="0">
    <mem type="soa" free="1731368" total="18685952" percent="9" />
    <mem type="loa" free="188416" total="188416" percent="100" />
  </mem>
  <remembered-set count="1806" />
</mem-info>
<gc-op id="3071" type="compact" timems="32.740" contextid="3060" timestamp="2019-08-09T18:06:41.322">
  <compact-info movecount="3" movebytes="1224" reason="compact to aid heap contraction" />
</gc-op>
<heap-resize id="3072" type="expand" space="tenure" amount="131072" count="1" timems="0.026" reason="satisfy allocation request" timestamp="2019-08-09T18:06:41.323" />
<gc-end id="3073" type="global" contextid="3060" durationms="59.322" usertimems="106.131" systemtimems="0.000" timestamp="2019-08-09T18:06:41.323" activeThreads="16">
  <mem-info id="3074" free="25183888" total="48365568" percent="52">
    <mem type="nursery" free="23133032" total="29360128" percent="78">
      <mem type="allocate" free="23133032" total="24182784" percent="95" />
      <mem type="survivor" free="0" total="5177344" percent="0" />
    </mem>
    <mem type="tenure" free="2050856" total="19005440" percent="10">
      <mem type="soa" free="1861416" total="18816000" percent="9" />
      <mem type="loa" free="189440" total="189440" percent="100" />
    </mem>
    <remembered-set count="1806" />
  </mem-info>
</gc-end>
<cycle-end id="3075" type="global" contextid="3060" timestamp="2019-08-09T18:06:41.323" />
  <attribute name="elasticGC enabled" value="1" />
  <attribute name= "numThreadsSpecified" value="16" />
  <attribute name="heapSize specified" value="48234496" />
  <attribute name="Current GC Util" value="57" />
  <attribute name= "Current Time Running" value="137192" />
  <attribute name ="GC Interval" value="1569" />
  <attribute name="Target GC Util Change" value ="80.000000" />
  <attribute name="Current GC Util Change" value="57.000000"/>
  <attribute name="Current Error" value="-38.000000" />
  <attribute name="Output H" value="48310136"/>
  <attribute name="Output I" value="1968"/>
  <attribute name="Output T" value="16"/>
  <attribute name= "Current Time Running" value="137192" />
  <attribute name="GC Util currently" value="57" />
  <attribute name="CPU Util currently" value="35203646478" />
<concurrent-collection-end id="3076" timestamp="2019-08-09T18:06:41.323" />
<exclusive-end id="3077" timestamp="2019-08-09T18:06:41.323" durationms="59.499" />

<concurrent-kickoff id="3078" timestamp="2019-08-09T18:06:41.329">
  <kickoff reason="threshold reached" targetBytes="11457358" thresholdFreeBytes="1587931"  remainingFree="1538920" tenureFreeBytes="2050856" nurseryFreeBytes="1538920" />
</concurrent-kickoff>
<exclusive-start id="3079" timestamp="2019-08-09T18:06:41.329" intervalms="65.570">
  <response-info timems="0.088" idlems="0.088" threads="0" lastid="0000000001164F00" lastname="main" />
</exclusive-start>
<cycle-start id="3080" type="global" contextid="0" timestamp="2019-08-09T18:06:41.329" intervalms="80.305" />
<exclusive-end id="3081" timestamp="2019-08-09T18:06:41.329" durationms="0.023" />

<exclusive-start id="3082" timestamp="2019-08-09T18:06:41.344" intervalms="14.801">
  <response-info timems="0.087" idlems="0.087" threads="0" lastid="0000000001164F00" lastname="main" />
</exclusive-start>
<concurrent-collection-start id="3083" timestamp="2019-08-09T18:06:41.344" intervalms="80.387" >
  <concurrent-trace-info reason="card cleaning threshold reached" tracedByMutators="4509956" tracedByHelpers="6656952" cardsCleaned="0" workStackOverflowCount="0" />
</concurrent-collection-start>
<gc-start id="3084" type="global" contextid="3080" timestamp="2019-08-09T18:06:41.344">
  <mem-info id="3085" free="2050856" total="48365568" percent="4">
    <mem type="nursery" free="0" total="29360128" percent="0">
      <mem type="allocate" free="0" total="24182784" percent="0" />
      <mem type="survivor" free="0" total="5177344" percent="0" />
    </mem>
    <mem type="tenure" free="2050856" total="19005440" percent="10">
      <mem type="soa" free="1861416" total="18816000" percent="9" />
      <mem type="loa" free="189440" total="189440" percent="100" />
    </mem>
    <remembered-set count="1806" />
  </mem-info>
</gc-start>
<allocation-stats totalBytes="23054608" >
  <allocated-bytes non-tlh="0" tlh="23054608" />
  <largest-consumer threadName="main" threadId="0000000001164F00" bytes="23054608" />
</allocation-stats>
<gc-op id="3086" type="rs-scan" timems="1.906" contextid="3080" timestamp="2019-08-09T18:06:41.346">
  <scan objectsFound="123" bytesTraced="17764" workStackOverflowCount="0" />
</gc-op>
<gc-op id="3087" type="card-cleaning" timems="1.690" contextid="3080" timestamp="2019-08-09T18:06:41.348">
  <card-cleaning cardsCleaned="0" bytesTraced="2211952" workStackOverflowCount="0" />
</gc-op>
<gc-op id="3088" type="mark" timems="8.321" contextid="3080" timestamp="2019-08-09T18:06:41.356">
  <trace-info objectcount="1284" scancount="1180" scanbytes="35916" />
  <finalization candidates="80" enqueued="0" />
  <ownableSynchronizers candidates="21" cleared="0" />
  <references type="soft" candidates="3261" cleared="0" enqueued="0" dynamicThreshold="3" maxThreshold="32" />
  <references type="weak" candidates="5464" cleared="0" enqueued="0" />
  <references type="phantom" candidates="77" cleared="0" enqueued="0" />
  <stringconstants candidates="13595" cleared="0"  />
</gc-op>
<gc-op id="3089" type="sweep" timems="3.407" contextid="3080" timestamp="2019-08-09T18:06:41.359" />
<mem-info id="3090" free="25183456" total="48365568" percent="52">
  <mem type="nursery" free="23132600" total="29360128" percent="78">
    <mem type="allocate" free="23132600" total="24182784" percent="95" />
    <mem type="survivor" free="0" total="5177344" percent="0" />
  </mem>
  <mem type="tenure" free="2050856" total="19005440" percent="10" micro-fragmented="0" macro-fragmented="1500163">
    <mem type="soa" free="1861416" total="18816000" percent="9" />
    <mem type="loa" free="189440" total="189440" percent="100" />
  </mem>
  <remembered-set count="1806" />
</mem-info>
<gc-op id="3091" type="compact" timems="29.940" contextid="3080" timestamp="2019-08-09T18:06:41.390">
  <compact-info movecount="3" movebytes="1224" reason="compact to aid heap contraction" />
</gc-op>
<heap-resize id="3092" type="expand" space="tenure" amount="131072" count="1" timems="0.171" reason="satisfy allocation request" timestamp="2019-08-09T18:06:41.391" />
<gc-end id="3093" type="global" contextid="3080" durationms="47.410" usertimems="121.219" systemtimems="0.000" timestamp="2019-08-09T18:06:41.391" activeThreads="16">
  <mem-info id="3094" free="25314960" total="48496640" percent="52">
    <mem type="nursery" free="23133032" total="29360128" percent="78">
      <mem type="allocate" free="23133032" total="24182784" percent="95" />
      <mem type="survivor" free="0" total="5177344" percent="0" />
    </mem>
    <mem type="tenure" free="2181928" total="19136512" percent="11">
      <mem type="soa" free="1991464" total="18946048" percent="10" />
      <mem type="loa" free="190464" total="190464" percent="100" />
    </mem>
    <remembered-set count="1806" />
  </mem-info>
</gc-end>
<cycle-end id="3095" type="global" contextid="3080" timestamp="2019-08-09T18:06:41.391" />
  <attribute name="elasticGC enabled" value="1" />
  <attribute name= "numThreadsSpecified" value="16" />
  <attribute name="heapSize specified" value="48365568" />
  <attribute name="Current GC Util" value="57" />
  <attribute name= "Current Time Running" value="137259" />
  <attribute name ="GC Interval" value="1569" />
  <attribute name="Target GC Util Change" value ="80.000000" />
  <attribute name="Current GC Util Change" value="57.000000"/>
  <attribute name="Current Error" value="-107.000000" />
  <attribute name="Output H" value="48441128"/>
  <attribute name="Output I" value="1888"/>
  <attribute name="Output T" value="16"/>
  <attribute name= "Current Time Running" value="137259" />
  <attribute name="GC Util currently" value="57" />
  <attribute name="CPU Util currently" value="38342354224" />
<concurrent-collection-end id="3096" timestamp="2019-08-09T18:06:41.392" />
<exclusive-end id="3097" timestamp="2019-08-09T18:06:41.392" durationms="47.846" />

<concurrent-kickoff id="3098" timestamp="2019-08-09T18:06:41.398">
  <kickoff reason="threshold reached" targetBytes="11478102" thresholdFreeBytes="1591036"  remainingFree="1538920" tenureFreeBytes="2181928" nurseryFreeBytes="1538920" />
</concurrent-kickoff>
<exclusive-start id="3099" timestamp="2019-08-09T18:06:41.398" intervalms="54.032">
  <response-info timems="0.066" idlems="0.066" threads="0" lastid="0000000001164F00" lastname="main" />
</exclusive-start>
<cycle-start id="3100" type="global" contextid="0" timestamp="2019-08-09T18:06:41.398" intervalms="68.830" />
<exclusive-end id="3101" timestamp="2019-08-09T18:06:41.398" durationms="0.020" />

<exclusive-start id="3102" timestamp="2019-08-09T18:06:41.411" intervalms="13.276">
  <response-info timems="0.414" idlems="0.414" threads="0" lastid="0000000001164F00" lastname="main" />
</exclusive-start>
<concurrent-collection-start id="3103" timestamp="2019-08-09T18:06:41.411" intervalms="67.300" >
  <concurrent-trace-info reason="card cleaning threshold reached" tracedByMutators="4922024" tracedByHelpers="6243660" cardsCleaned="0" workStackOverflowCount="0" />
</concurrent-collection-start>
<gc-start id="3104" type="global" contextid="3100" timestamp="2019-08-09T18:06:41.411">
  <mem-info id="3105" free="2181928" total="48496640" percent="4">
    <mem type="nursery" free="0" total="29360128" percent="0">
      <mem type="allocate" free="0" total="24182784" percent="0" />
      <mem type="survivor" free="0" total="5177344" percent="0" />
    </mem>
    <mem type="tenure" free="2181928" total="19136512" percent="11">
      <mem type="soa" free="1991464" total="18946048" percent="10" />
      <mem type="loa" free="190464" total="190464" percent="100" />
    </mem>
    <remembered-set count="1806" />
  </mem-info>
</gc-start>
<allocation-stats totalBytes="23054584" >
  <allocated-bytes non-tlh="0" tlh="23054584" />
  <largest-consumer threadName="main" threadId="0000000001164F00" bytes="23054584" />
</allocation-stats>
<gc-op id="3106" type="rs-scan" timems="1.129" contextid="3100" timestamp="2019-08-09T18:06:41.412">
  <scan objectsFound="123" bytesTraced="17764" workStackOverflowCount="0" />
</gc-op>
<gc-op id="3107" type="card-cleaning" timems="2.002" contextid="3100" timestamp="2019-08-09T18:06:41.414">
  <card-cleaning cardsCleaned="0" bytesTraced="2211952" workStackOverflowCount="0" />
</gc-op>
<gc-op id="3108" type="mark" timems="12.683" contextid="3100" timestamp="2019-08-09T18:06:41.427">
  <trace-info objectcount="1389" scancount="1257" scanbytes="37140" />
  <finalization candidates="80" enqueued="0" />
  <ownableSynchronizers candidates="21" cleared="0" />
  <references type="soft" candidates="3261" cleared="0" enqueued="0" dynamicThreshold="3" maxThreshold="32" />
  <references type="weak" candidates="5464" cleared="0" enqueued="0" />
  <references type="phantom" candidates="77" cleared="0" enqueued="0" />
  <stringconstants candidates="13595" cleared="0"  />
</gc-op>
<gc-op id="3109" type="sweep" timems="4.819" contextid="3100" timestamp="2019-08-09T18:06:41.432" />
<mem-info id="3110" free="25314528" total="48496640" percent="52">
  <mem type="nursery" free="23132600" total="29360128" percent="78">
    <mem type="allocate" free="23132600" total="24182784" percent="95" />
    <mem type="survivor" free="0" total="5177344" percent="0" />
  </mem>
  <mem type="tenure" free="2181928" total="19136512" percent="11" micro-fragmented="0" macro-fragmented="1500163">
    <mem type="soa" free="1991464" total="18946048" percent="10" />
    <mem type="loa" free="190464" total="190464" percent="100" />
  </mem>
  <remembered-set count="1806" />
</mem-info>
<gc-op id="3111" type="compact" timems="34.568" contextid="3100" timestamp="2019-08-09T18:06:41.467">
  <compact-info movecount="3" movebytes="1224" reason="compact to aid heap contraction" />
</gc-op>
<heap-resize id="3112" type="expand" space="tenure" amount="131072" count="1" timems="0.023" reason="satisfy allocation request" timestamp="2019-08-09T18:06:41.470" />
<gc-end id="3113" type="global" contextid="3100" durationms="58.837" usertimems="78.115" systemtimems="0.000" timestamp="2019-08-09T18:06:41.470" activeThreads="16">
  <mem-info id="3114" free="25446032" total="48627712" percent="52">
    <mem type="nursery" free="23133032" total="29360128" percent="78">
      <mem type="allocate" free="23133032" total="24182784" percent="95" />
      <mem type="survivor" free="0" total="5177344" percent="0" />
    </mem>
    <mem type="tenure" free="2313000" total="19267584" percent="12">
      <mem type="soa" free="2120488" total="19075072" percent="11" />
      <mem type="loa" free="192512" total="192512" percent="100" />
    </mem>
    <remembered-set count="1806" />
  </mem-info>
</gc-end>
<cycle-end id="3115" type="global" contextid="3100" timestamp="2019-08-09T18:06:41.471" />
  <attribute name="elasticGC enabled" value="1" />
  <attribute name= "numThreadsSpecified" value="16" />
  <attribute name="heapSize specified" value="48496640" />
  <attribute name="Current GC Util" value="44" />
  <attribute name= "Current Time Running" value="137337" />
  <attribute name ="GC Interval" value="1569" />
  <attribute name="Target GC Util Change" value ="80.000000" />
  <attribute name="Current GC Util Change" value="44.000000"/>
  <attribute name="Current Error" value="-198.000000" />
  <attribute name="Output H" value="48572096"/>
  <attribute name="Output I" value="1784"/>
  <attribute name="Output T" value="16"/>
  <attribute name= "Current Time Running" value="137337" />
  <attribute name="GC Util currently" value="44" />
  <attribute name="CPU Util currently" value="33291175970" />
<concurrent-collection-end id="3116" timestamp="2019-08-09T18:06:41.471" />
<exclusive-end id="3117" timestamp="2019-08-09T18:06:41.471" durationms="60.246" />

<exclusive-start id="3118" timestamp="2019-08-09T18:06:41.481" intervalms="69.904">
  <response-info timems="0.569" idlems="0.569" threads="0" lastid="0000000001164F00" lastname="main" />
</exclusive-start>
<af-start id="3119" threadId="0000000001165888" totalBytesRequested="1168" timestamp="2019-08-09T18:06:41.481" intervalms="383.053" type="nursery" />
<cycle-start id="3120" type="scavenge" contextid="0" timestamp="2019-08-09T18:06:41.481" intervalms="383.063" />
<gc-start id="3121" type="scavenge" contextid="3120" timestamp="2019-08-09T18:06:41.481">
  <mem-info id="3122" free="2313000" total="48627712" percent="4">
    <mem type="nursery" free="0" total="29360128" percent="0">
      <mem type="allocate" free="0" total="24182784" percent="0" />
      <mem type="survivor" free="0" total="5177344" percent="0" />
    </mem>
    <mem type="tenure" free="2313000" total="19267584" percent="12">
      <mem type="soa" free="2120488" total="19075072" percent="11" />
      <mem type="loa" free="192512" total="192512" percent="100" />
    </mem>
    <remembered-set count="1806" />
  </mem-info>
</gc-start>
<allocation-stats totalBytes="23053600" >
  <allocated-bytes non-tlh="0" tlh="23053600" />
  <largest-consumer threadName="main" threadId="0000000001164F00" bytes="23053600" />
</allocation-stats>
<gc-op id="3123" type="scavenge" timems="4.658" contextid="3120" timestamp="2019-08-09T18:06:41.486">
  <scavenger-info tenureage="4" tenuremask="4010" tiltratio="82" />
  <memory-copied type="nursery" objects="92" bytes="6960" bytesdiscarded="67512" />
  <memory-copied type="tenure" objects="38233" bytes="1041600" bytesdiscarded="504" />
  <ownableSynchronizers candidates="42" cleared="42" />
  <references type="weak" candidates="2" cleared="0" enqueued="0" />
</gc-op>
<gc-end id="3124" type="scavenge" contextid="3120" durationms="5.260" usertimems="15.707" systemtimems="0.000" timestamp="2019-08-09T18:06:41.487" activeThreads="16">
  <mem-info id="3125" free="26021168" total="48627712" percent="53">
    <mem type="nursery" free="24894744" total="29360128" percent="84">
      <mem type="allocate" free="24894744" total="24969216" percent="99" />
      <mem type="survivor" free="0" total="4390912" percent="0" />
    </mem>
    <mem type="tenure" free="1126424" total="19267584" percent="5" macro-fragmented="0">
      <mem type="soa" free="933912" total="19075072" percent="4" />
      <mem type="loa" free="192512" total="192512" percent="100" />
    </mem>
    <remembered-set count="134" />
  </mem-info>
</gc-end>
<cycle-end id="3126" type="scavenge" contextid="3120" timestamp="2019-08-09T18:06:41.487" />
  <attribute name="elasticGC enabled" value="1" />
  <attribute name= "numThreadsSpecified" value="16" />
  <attribute name="heapSize specified" value="48496640" />
  <attribute name="Current GC Util" value="239" />
  <attribute name= "Current Time Running" value="137351" />
  <attribute name ="GC Interval" value="1601" />
  <attribute name="Target GC Util Change" value ="80.000000" />
  <attribute name="Current GC Util Change" value="239.000000"/>
  <attribute name="Current Error" value="-357.000000" />
  <attribute name="Output H" value="48702984"/>
  <attribute name="Output I" value="1600"/>
  <attribute name="Output T" value="16"/>
  <attribute name= "Current Time Running" value="137351" />
  <attribute name="GC Util currently" value="239" />
  <attribute name="CPU Util currently" value="79965161291" />
<allocation-satisfied id="3127" threadId="0000000001164F00" bytesRequested="1168" />
<af-end id="3128" timestamp="2019-08-09T18:06:41.487" threadId="0000000001165888" success="true" from="nursery"/>
<exclusive-end id="3129" timestamp="2019-08-09T18:06:41.487" durationms="5.685" />

<concurrent-kickoff id="3130" timestamp="2019-08-09T18:06:41.492">
  <kickoff reason="threshold reached" targetBytes="11493981" thresholdFreeBytes="1593433"  remainingFree="1464456" tenureFreeBytes="1126424" nurseryFreeBytes="1464456" />
</concurrent-kickoff>
<exclusive-start id="3131" timestamp="2019-08-09T18:06:41.494" intervalms="12.458">
  <response-info timems="0.994" idlems="0.994" threads="0" lastid="0000000001164F00" lastname="main" />
</exclusive-start>
<cycle-start id="3132" type="global" contextid="0" timestamp="2019-08-09T18:06:41.494" intervalms="95.687" />
<exclusive-end id="3133" timestamp="2019-08-09T18:06:41.494" durationms="0.068" />

<exclusive-start id="3134" timestamp="2019-08-09T18:06:41.516" intervalms="22.123">
  <response-info timems="0.635" idlems="0.635" threads="0" lastid="0000000001164F00" lastname="main" />
</exclusive-start>
<concurrent-collection-start id="3135" timestamp="2019-08-09T18:06:41.516" intervalms="104.466" >
  <concurrent-trace-info reason="card cleaning threshold reached" tracedByMutators="6167592" tracedByHelpers="7202620" cardsCleaned="0" workStackOverflowCount="0" />
</concurrent-collection-start>
<gc-start id="3136" type="global" contextid="3132" timestamp="2019-08-09T18:06:41.516">
  <mem-info id="3137" free="1149088" total="48627712" percent="2">
    <mem type="nursery" free="22664" total="29360128" percent="0">
      <mem type="allocate" free="22664" total="24969216" percent="0" />
      <mem type="survivor" free="0" total="4390912" percent="0" />
    </mem>
    <mem type="tenure" free="1126424" total="19267584" percent="5">
      <mem type="soa" free="933912" total="19075072" percent="4" />
      <mem type="loa" free="192512" total="192512" percent="100" />
    </mem>
    <remembered-set count="134" />
  </mem-info>
</gc-start>
<allocation-stats totalBytes="24788064" >
  <allocated-bytes non-tlh="1168" tlh="24786896" />
  <largest-consumer threadName="main" threadId="0000000001164F00" bytes="24788064" />
</allocation-stats>
<gc-op id="3138" type="rs-scan" timems="2.250" contextid="3132" timestamp="2019-08-09T18:06:41.518">
  <scan objectsFound="102" bytesTraced="9404" workStackOverflowCount="0" />
</gc-op>
<gc-op id="3139" type="card-cleaning" timems="1.831" contextid="3132" timestamp="2019-08-09T18:06:41.520">
  <card-cleaning cardsCleaned="0" bytesTraced="11720" workStackOverflowCount="0" />
</gc-op>
<gc-op id="3140" type="mark" timems="6.249" contextid="3132" timestamp="2019-08-09T18:06:41.526">
  <trace-info objectcount="1258" scancount="1120" scanbytes="32844" />
  <finalization candidates="80" enqueued="0" />
  <ownableSynchronizers candidates="21" cleared="0" />
  <references type="soft" candidates="3261" cleared="0" enqueued="0" dynamicThreshold="3" maxThreshold="32" />
  <references type="weak" candidates="5464" cleared="0" enqueued="0" />
  <references type="phantom" candidates="77" cleared="0" enqueued="0" />
  <stringconstants candidates="13595" cleared="0"  />
</gc-op>
<gc-op id="3141" type="sweep" timems="7.330" contextid="3132" timestamp="2019-08-09T18:06:41.534" />
<mem-info id="3142" free="26231472" total="48627712" percent="53">
  <mem type="nursery" free="24960600" total="29360128" percent="85">
    <mem type="allocate" free="24960600" total="24969216" percent="99" />
    <mem type="survivor" free="0" total="4390912" percent="0" />
  </mem>
  <mem type="tenure" free="1270872" total="19267584" percent="6" micro-fragmented="0" macro-fragmented="723458">
    <mem type="soa" free="1078360" total="19075072" percent="5" />
    <mem type="loa" free="192512" total="192512" percent="100" />
  </mem>
  <remembered-set count="134" />
</mem-info>
<gc-op id="3143" type="compact" timems="38.093" contextid="3132" timestamp="2019-08-09T18:06:41.572">
  <compact-info movecount="37069" movebytes="1017104" reason="compact to aid heap contraction" />
</gc-op>
<heap-resize id="3144" type="expand" space="tenure" amount="131072" count="1" timems="0.054" reason="satisfy allocation request" timestamp="2019-08-09T18:06:41.572" />
<gc-end id="3145" type="global" contextid="3132" durationms="56.593" usertimems="130.413" systemtimems="0.000" timestamp="2019-08-09T18:06:41.572" activeThreads="1">
  <mem-info id="3146" free="26363536" total="48758784" percent="54">
    <mem type="nursery" free="24961088" total="29360128" percent="85">
      <mem type="allocate" free="24961088" total="24969216" percent="99" />
      <mem type="survivor" free="0" total="4390912" percent="0" />
    </mem>
    <mem type="tenure" free="1402448" total="19398656" percent="7">
      <mem type="soa" free="1208912" total="19205120" percent="6" />
      <mem type="loa" free="193536" total="193536" percent="100" />
    </mem>
    <remembered-set count="134" />
  </mem-info>
</gc-end>
<cycle-end id="3147" type="global" contextid="3132" timestamp="2019-08-09T18:06:41.572" />
  <attribute name="elasticGC enabled" value="1" />
  <attribute name= "numThreadsSpecified" value="1" />
  <attribute name="heapSize specified" value="48627712" />
  <attribute name="Current GC Util" value="38" />
  <attribute name= "Current Time Running" value="137442" />
  <attribute name ="GC Interval" value="1601" />
  <attribute name="Target GC Util Change" value ="80.000000" />
  <attribute name="Current GC Util Change" value="38.000000"/>
  <attribute name="Current Error" value="-22.000000" />
  <attribute name="Output H" value="48703368"/>
  <attribute name="Output I" value="1984"/>
  <attribute name="Output T" value="1"/>
  <attribute name= "Current Time Running" value="137442" />
  <attribute name="GC Util currently" value="38" />
  <attribute name="CPU Util currently" value="30739708091" />
<concurrent-collection-end id="3148" timestamp="2019-08-09T18:06:41.573" />
<exclusive-end id="3149" timestamp="2019-08-09T18:06:41.573" durationms="56.891" />

<concurrent-kickoff id="3150" timestamp="2019-08-09T18:06:41.578">
  <kickoff reason="threshold reached" targetBytes="11943055" thresholdFreeBytes="1655232"  remainingFree="1531968" tenureFreeBytes="1402448" nurseryFreeBytes="1531968" />
</concurrent-kickoff>
<exclusive-start id="3151" timestamp="2019-08-09T18:06:41.579" intervalms="62.908">
  <response-info timems="0.062" idlems="0.062" threads="0" lastid="0000000001164F00" lastname="main" />
</exclusive-start>
<cycle-start id="3152" type="global" contextid="0" timestamp="2019-08-09T18:06:41.579" intervalms="84.978" />
<exclusive-end id="3153" timestamp="2019-08-09T18:06:41.579" durationms="0.014" />

<exclusive-start id="3154" timestamp="2019-08-09T18:06:41.595" intervalms="16.933">
  <response-info timems="0.272" idlems="0.272" threads="0" lastid="0000000001164F00" lastname="main" />
</exclusive-start>
<af-start id="3155" threadId="0000000001165888" totalBytesRequested="1168" timestamp="2019-08-09T18:06:41.596" intervalms="114.355" type="nursery" />
<cycle-start id="3156" type="scavenge" contextid="0" timestamp="2019-08-09T18:06:41.596" intervalms="114.345" />
<gc-start id="3157" type="scavenge" contextid="3156" timestamp="2019-08-09T18:06:41.596">
  <mem-info id="3158" free="1402448" total="48758784" percent="2">
    <mem type="nursery" free="0" total="29360128" percent="0">
      <mem type="allocate" free="0" total="24969216" percent="0" />
      <mem type="survivor" free="0" total="4390912" percent="0" />
    </mem>
    <mem type="tenure" free="1402448" total="19398656" percent="7">
      <mem type="soa" free="1208912" total="19205120" percent="6" />
      <mem type="loa" free="193536" total="193536" percent="100" />
    </mem>
    <remembered-set count="134" />
  </mem-info>
</gc-start>
<allocation-stats totalBytes="24876448" >
  <allocated-bytes non-tlh="0" tlh="24876448" />
  <largest-consumer threadName="main" threadId="0000000001164F00" bytes="24876448" />
</allocation-stats>
<gc-op id="3159" type="scavenge" timems="3.076" contextid="3156" timestamp="2019-08-09T18:06:41.599">
  <scavenger-info tenureage="14" tenuremask="4000" tiltratio="85" />
  <memory-copied type="nursery" objects="92" bytes="6960" bytesdiscarded="49104" />
  <ownableSynchronizers candidates="42" cleared="42" />
  <references type="weak" candidates="2" cleared="0" enqueued="0" />
</gc-op>
<gc-end id="3160" type="scavenge" contextid="3156" durationms="3.437" usertimems="8.739" systemtimems="0.000" timestamp="2019-08-09T18:06:41.599" activeThreads="16">
  <mem-info id="3161" free="27167568" total="48758784" percent="55">
    <mem type="nursery" free="25765120" total="29360128" percent="87">
      <mem type="allocate" free="25765120" total="25821184" percent="99" />
      <mem type="survivor" free="0" total="3538944" percent="0" />
    </mem>
    <mem type="tenure" free="1402448" total="19398656" percent="7" macro-fragmented="12312">
      <mem type="soa" free="1208912" total="19205120" percent="6" />
      <mem type="loa" free="193536" total="193536" percent="100" />
    </mem>
    <remembered-set count="134" />
  </mem-info>
</gc-end>
<cycle-end id="3162" type="scavenge" contextid="3156" timestamp="2019-08-09T18:06:41.599" />
  <attribute name="elasticGC enabled" value="1" />
  <attribute name= "numThreadsSpecified" value="16" />
  <attribute name="heapSize specified" value="48627712" />
  <attribute name="Current GC Util" value="165" />
  <attribute name= "Current Time Running" value="137465" />
  <attribute name ="GC Interval" value="1913" />
  <attribute name="Target GC Util Change" value ="80.000000" />
  <attribute name="Current GC Util Change" value="165.000000"/>
  <attribute name="Current Error" value="-85.000000" />
  <attribute name="Output H" value="48834368"/>
  <attribute name="Output I" value="1912"/>
  <attribute name="Output T" value="16"/>
  <attribute name= "Current Time Running" value="137465" />
  <attribute name="GC Util currently" value="165" />
  <attribute name="CPU Util currently" value="48702230008" />
<allocation-satisfied id="3163" threadId="0000000001164F00" bytesRequested="1168" />
<af-end id="3164" timestamp="2019-08-09T18:06:41.599" threadId="0000000001165888" success="true" from="nursery"/>
<exclusive-end id="3165" timestamp="2019-08-09T18:06:41.599" durationms="3.736" />

<exclusive-start id="3166" timestamp="2019-08-09T18:06:41.599" intervalms="3.927">
  <response-info timems="0.127" idlems="0.127" threads="0" lastid="0000000001164F00" lastname="main" />
</exclusive-start>
<concurrent-collection-start id="3167" timestamp="2019-08-09T18:06:41.599" intervalms="83.813" >
  <concurrent-trace-info reason="card cleaning threshold reached" tracedByMutators="6207936" tracedByHelpers="7186660" cardsCleaned="0" workStackOverflowCount="0" />
</concurrent-collection-start>
<gc-start id="3168" type="global" contextid="3152" timestamp="2019-08-09T18:06:41.600">
  <mem-info id="3169" free="27100864" total="48758784" percent="55">
    <mem type="nursery" free="25698416" total="29360128" percent="87">
      <mem type="allocate" free="25698416" total="25821184" percent="99" />
      <mem type="survivor" free="0" total="3538944" percent="0" />
    </mem>
    <mem type="tenure" free="1402448" total="19398656" percent="7">
      <mem type="soa" free="1208912" total="19205120" percent="6" />
      <mem type="loa" free="193536" total="193536" percent="100" />
    </mem>
    <remembered-set count="134" />
  </mem-info>
</gc-start>
<allocation-stats totalBytes="66704" >
  <allocated-bytes non-tlh="1168" tlh="65536" />
  <largest-consumer threadName="main" threadId="0000000001164F00" bytes="66704" />
</allocation-stats>
<gc-op id="3170" type="rs-scan" timems="2.325" contextid="3152" timestamp="2019-08-09T18:06:41.602">
  <scan objectsFound="102" bytesTraced="9404" workStackOverflowCount="0" />
</gc-op>
<gc-op id="3171" type="card-cleaning" timems="2.105" contextid="3152" timestamp="2019-08-09T18:06:41.604">
  <card-cleaning cardsCleaned="0" bytesTraced="11720" workStackOverflowCount="0" />
</gc-op>
<gc-op id="3172" type="mark" timems="9.048" contextid="3152" timestamp="2019-08-09T18:06:41.613">
  <trace-info objectcount="298" scancount="285" scanbytes="8476" />
  <finalization candidates="80" enqueued="0" />
  <ownableSynchronizers candidates="21" cleared="0" />
  <references type="soft" candidates="3261" cleared="0" enqueued="0" dynamicThreshold="2" maxThreshold="32" />
  <references type="weak" candidates="5464" cleared="0" enqueued="0" />
  <references type="phantom" candidates="77" cleared="0" enqueued="0" />
  <stringconstants candidates="13595" cleared="0"  />
</gc-op>
<gc-op id="3173" type="sweep" timems="4.239" contextid="3152" timestamp="2019-08-09T18:06:41.618" />
<mem-info id="3174" free="27215488" total="48758784" percent="55">
  <mem type="nursery" free="25813040" total="29360128" percent="87">
    <mem type="allocate" free="25813040" total="25821184" percent="99" />
    <mem type="survivor" free="0" total="3538944" percent="0" />
  </mem>
  <mem type="tenure" free="1402448" total="19398656" percent="7" micro-fragmented="0" macro-fragmented="0">
    <mem type="soa" free="1208912" total="19205120" percent="6" />
    <mem type="loa" free="193536" total="193536" percent="100" />
  </mem>
  <remembered-set count="134" />
</mem-info>
<gc-op id="3175" type="compact" timems="32.143" contextid="3152" timestamp="2019-08-09T18:06:41.650">
  <compact-info movecount="92" movebytes="6960" reason="compact to aid heap contraction" />
</gc-op>
<heap-resize id="3176" type="expand" space="tenure" amount="131072" count="1" timems="0.018" reason="satisfy allocation request" timestamp="2019-08-09T18:06:41.651" />
<gc-end id="3177" type="global" contextid="3152" durationms="51.083" usertimems="98.222" systemtimems="0.000" timestamp="2019-08-09T18:06:41.651" activeThreads="16">
  <mem-info id="3178" free="27346560" total="48889856" percent="55">
    <mem type="nursery" free="25813040" total="29360128" percent="87">
      <mem type="allocate" free="25813040" total="25821184" percent="99" />
      <mem type="survivor" free="0" total="3538944" percent="0" />
    </mem>
    <mem type="tenure" free="1533520" total="19529728" percent="7">
      <mem type="soa" free="1338960" total="19335168" percent="6" />
      <mem type="loa" free="194560" total="194560" percent="100" />
    </mem>
    <remembered-set count="134" />
  </mem-info>
</gc-end>
<cycle-end id="3179" type="global" contextid="3152" timestamp="2019-08-09T18:06:41.651" />
  <attribute name="elasticGC enabled" value="1" />
  <attribute name= "numThreadsSpecified" value="16" />
  <attribute name="heapSize specified" value="48758784" />
  <attribute name="Current GC Util" value="42" />
  <attribute name= "Current Time Running" value="137520" />
  <attribute name ="GC Interval" value="1913" />
  <attribute name="Target GC Util Change" value ="80.000000" />
  <attribute name="Current GC Util Change" value="42.000000"/>
  <attribute name="Current Error" value="1.000000" />
  <attribute name="Output H" value="48834472"/>
  <attribute name="Output I" value="2016"/>
  <attribute name="Output T" value="16"/>
  <attribute name= "Current Time Running" value="137520" />
  <attribute name="GC Util currently" value="42" />
  <attribute name="CPU Util currently" value="35815635577" />
<concurrent-collection-end id="3180" timestamp="2019-08-09T18:06:41.651" />
<exclusive-end id="3181" timestamp="2019-08-09T18:06:41.651" durationms="51.506" />

<concurrent-kickoff id="3182" timestamp="2019-08-09T18:06:41.656">
  <kickoff reason="threshold reached" targetBytes="12312862" thresholdFreeBytes="1705720"  remainingFree="1646640" tenureFreeBytes="1533520" nurseryFreeBytes="1646640" />
</concurrent-kickoff>
<exclusive-start id="3183" timestamp="2019-08-09T18:06:41.657" intervalms="57.660">
  <response-info timems="0.479" idlems="0.479" threads="0" lastid="0000000001164F00" lastname="main" />
</exclusive-start>
<cycle-start id="3184" type="global" contextid="0" timestamp="2019-08-09T18:06:41.657" intervalms="78.615" />
<exclusive-end id="3185" timestamp="2019-08-09T18:06:41.657" durationms="0.119" />

<exclusive-start id="3186" timestamp="2019-08-09T18:06:41.674" intervalms="16.457">
  <response-info timems="0.125" idlems="0.125" threads="0" lastid="0000000001164F00" lastname="main" />
</exclusive-start>
<concurrent-collection-start id="3187" timestamp="2019-08-09T18:06:41.674" intervalms="74.147" >
  <concurrent-trace-info reason="card cleaning threshold reached" tracedByMutators="6082520" tracedByHelpers="7295748" cardsCleaned="0" workStackOverflowCount="0" />
</concurrent-collection-start>
<gc-start id="3188" type="global" contextid="3184" timestamp="2019-08-09T18:06:41.674">
  <mem-info id="3189" free="1533520" total="48889856" percent="3">
    <mem type="nursery" free="0" total="29360128" percent="0">
      <mem type="allocate" free="0" total="25821184" percent="0" />
      <mem type="survivor" free="0" total="3538944" percent="0" />
    </mem>
    <mem type="tenure" free="1533520" total="19529728" percent="7">
      <mem type="soa" free="1338960" total="19335168" percent="6" />
      <mem type="loa" free="194560" total="194560" percent="100" />
    </mem>
    <remembered-set count="134" />
  </mem-info>
</gc-start>
<allocation-stats totalBytes="25721728" >
  <allocated-bytes non-tlh="0" tlh="25721728" />
  <largest-consumer threadName="main" threadId="0000000001164F00" bytes="25721728" />
</allocation-stats>
<gc-op id="3190" type="rs-scan" timems="2.825" contextid="3184" timestamp="2019-08-09T18:06:41.677">
  <scan objectsFound="102" bytesTraced="9404" workStackOverflowCount="0" />
</gc-op>
<gc-op id="3191" type="card-cleaning" timems="2.937" contextid="3184" timestamp="2019-08-09T18:06:41.680">
  <card-cleaning cardsCleaned="0" bytesTraced="11720" workStackOverflowCount="0" />
</gc-op>
<gc-op id="3192" type="mark" timems="9.632" contextid="3184" timestamp="2019-08-09T18:06:41.690">
  <trace-info objectcount="879" scancount="815" scanbytes="24788" />
  <finalization candidates="80" enqueued="0" />
  <ownableSynchronizers candidates="21" cleared="0" />
  <references type="soft" candidates="3261" cleared="0" enqueued="0" dynamicThreshold="2" maxThreshold="32" />
  <references type="weak" candidates="5464" cleared="0" enqueued="0" />
  <references type="phantom" candidates="77" cleared="0" enqueued="0" />
  <stringconstants candidates="13595" cleared="0"  />
</gc-op>
<gc-op id="3193" type="sweep" timems="3.560" contextid="3184" timestamp="2019-08-09T18:06:41.693" />
<mem-info id="3194" free="27346088" total="48889856" percent="55">
  <mem type="nursery" free="25812568" total="29360128" percent="87">
    <mem type="allocate" free="25812568" total="25821184" percent="99" />
    <mem type="survivor" free="0" total="3538944" percent="0" />
  </mem>
  <mem type="tenure" free="1533520" total="19529728" percent="7" micro-fragmented="0" macro-fragmented="868149">
    <mem type="soa" free="1338960" total="19335168" percent="6" />
    <mem type="loa" free="194560" total="194560" percent="100" />
  </mem>
  <remembered-set count="134" />
</mem-info>
<gc-op id="3195" type="compact" timems="32.975" contextid="3184" timestamp="2019-08-09T18:06:41.727">
  <compact-info movecount="93" movebytes="8128" reason="compact to aid heap contraction" />
</gc-op>
<heap-resize id="3196" type="expand" space="tenure" amount="131072" count="1" timems="0.023" reason="satisfy allocation request" timestamp="2019-08-09T18:06:41.729" />
<gc-end id="3197" type="global" contextid="3184" durationms="54.934" usertimems="74.297" systemtimems="0.000" timestamp="2019-08-09T18:06:41.729" activeThreads="16">
  <mem-info id="3198" free="27477648" total="49020928" percent="56">
    <mem type="nursery" free="25813056" total="29360128" percent="87">
      <mem type="allocate" free="25813056" total="25821184" percent="99" />
      <mem type="survivor" free="0" total="3538944" percent="0" />
    </mem>
    <mem type="tenure" free="1664592" total="19660800" percent="8">
      <mem type="soa" free="1467984" total="19464192" percent="7" />
      <mem type="loa" free="196608" total="196608" percent="100" />
    </mem>
    <remembered-set count="134" />
  </mem-info>
</gc-end>
<cycle-end id="3199" type="global" contextid="3184" timestamp="2019-08-09T18:06:41.729" />
  <attribute name="elasticGC enabled" value="1" />
  <attribute name= "numThreadsSpecified" value="16" />
  <attribute name="heapSize specified" value="48889856" />
  <attribute name="Current GC Util" value="42" />
  <attribute name= "Current Time Running" value="137596" />
  <attribute name ="GC Interval" value="1913" />
  <attribute name="Target GC Util Change" value ="80.000000" />
  <attribute name="Current GC Util Change" value="42.000000"/>
  <attribute name="Current Error" value="-49.000000" />
  <attribute name="Output H" value="48965480"/>
  <attribute name="Output I" value="1952"/>
  <attribute name="Output T" value="16"/>
  <attribute name= "Current Time Running" value="137596" />
  <attribute name="GC Util currently" value="42" />
  <attribute name="CPU Util currently" value="35012446712" />
<concurrent-collection-end id="3200" timestamp="2019-08-09T18:06:41.729" />
<exclusive-end id="3201" timestamp="2019-08-09T18:06:41.729" durationms="55.204" />

<concurrent-kickoff id="3202" timestamp="2019-08-09T18:06:41.736">
  <kickoff reason="threshold reached" targetBytes="12609090" thresholdFreeBytes="1746687"  remainingFree="1728576" tenureFreeBytes="1664592" nurseryFreeBytes="1728576" />
</concurrent-kickoff>
<exclusive-start id="3203" timestamp="2019-08-09T18:06:41.738" intervalms="64.061">
  <response-info timems="0.539" idlems="0.539" threads="0" lastid="0000000001164F00" lastname="main" />
</exclusive-start>
<cycle-start id="3204" type="global" contextid="0" timestamp="2019-08-09T18:06:41.738" intervalms="80.543" />
<exclusive-end id="3205" timestamp="2019-08-09T18:06:41.738" durationms="0.152" />

<exclusive-start id="3206" timestamp="2019-08-09T18:06:41.754" intervalms="16.327">
  <response-info timems="0.039" idlems="0.039" threads="0" lastid="0000000001164F00" lastname="main" />
</exclusive-start>
<concurrent-collection-start id="3207" timestamp="2019-08-09T18:06:41.754" intervalms="80.360" >
  <concurrent-trace-info reason="card cleaning threshold reached" tracedByMutators="6088664" tracedByHelpers="7297020" cardsCleaned="0" workStackOverflowCount="0" />
</concurrent-collection-start>
<gc-start id="3208" type="global" contextid="3204" timestamp="2019-08-09T18:06:41.754">
  <mem-info id="3209" free="1664592" total="49020928" percent="3">
    <mem type="nursery" free="0" total="29360128" percent="0">
      <mem type="allocate" free="0" total="25821184" percent="0" />
      <mem type="survivor" free="0" total="3538944" percent="0" />
    </mem>
    <mem type="tenure" free="1664592" total="19660800" percent="8">
      <mem type="soa" free="1467984" total="19464192" percent="7" />
      <mem type="loa" free="196608" total="196608" percent="100" />
    </mem>
    <remembered-set count="134" />
  </mem-info>
</gc-start>
<allocation-stats totalBytes="25725608" >
  <allocated-bytes non-tlh="0" tlh="25725608" />
  <largest-consumer threadName="main" threadId="0000000001164F00" bytes="25725608" />
</allocation-stats>
<gc-op id="3210" type="rs-scan" timems="0.990" contextid="3204" timestamp="2019-08-09T18:06:41.755">
  <scan objectsFound="102" bytesTraced="9404" workStackOverflowCount="0" />
</gc-op>
<gc-op id="3211" type="card-cleaning" timems="1.638" contextid="3204" timestamp="2019-08-09T18:06:41.757">
  <card-cleaning cardsCleaned="0" bytesTraced="11720" workStackOverflowCount="0" />
</gc-op>
<gc-op id="3212" type="mark" timems="5.786" contextid="3204" timestamp="2019-08-09T18:06:41.763">
  <trace-info objectcount="688" scancount="604" scanbytes="17372" />
  <finalization candidates="80" enqueued="0" />
  <ownableSynchronizers candidates="21" cleared="0" />
  <references type="soft" candidates="3261" cleared="0" enqueued="0" dynamicThreshold="2" maxThreshold="32" />
  <references type="weak" candidates="5464" cleared="0" enqueued="0" />
  <references type="phantom" candidates="77" cleared="0" enqueued="0" />
  <stringconstants candidates="13595" cleared="0"  />
</gc-op>
<gc-op id="3213" type="sweep" timems="2.630" contextid="3204" timestamp="2019-08-09T18:06:41.765" />
<mem-info id="3214" free="27477216" total="49020928" percent="56">
  <mem type="nursery" free="25812624" total="29360128" percent="87">
    <mem type="allocate" free="25812624" total="25821184" percent="99" />
    <mem type="survivor" free="0" total="3538944" percent="0" />
  </mem>
  <mem type="tenure" free="1664592" total="19660800" percent="8" micro-fragmented="0" macro-fragmented="868149">
    <mem type="soa" free="1467984" total="19464192" percent="7" />
    <mem type="loa" free="196608" total="196608" percent="100" />
  </mem>
  <remembered-set count="134" />
</mem-info>
<gc-op id="3215" type="compact" timems="33.236" contextid="3204" timestamp="2019-08-09T18:06:41.799">
  <compact-info movecount="3" movebytes="1224" reason="compact to aid heap contraction" />
</gc-op>
<heap-resize id="3216" type="expand" space="tenure" amount="131072" count="1" timems="0.022" reason="satisfy allocation request" timestamp="2019-08-09T18:06:41.800" />
<gc-end id="3217" type="global" contextid="3204" durationms="46.101" usertimems="63.895" systemtimems="0.000" timestamp="2019-08-09T18:06:41.800" activeThreads="16">
  <mem-info id="3218" free="27608720" total="49152000" percent="56">
    <mem type="nursery" free="25813056" total="29360128" percent="87">
      <mem type="allocate" free="25813056" total="25821184" percent="99" />
      <mem type="survivor" free="0" total="3538944" percent="0" />
    </mem>
    <mem type="tenure" free="1795664" total="19791872" percent="9">
      <mem type="soa" free="1598032" total="19594240" percent="8" />
      <mem type="loa" free="197632" total="197632" percent="100" />
    </mem>
    <remembered-set count="134" />
  </mem-info>
</gc-end>
<cycle-end id="3219" type="global" contextid="3204" timestamp="2019-08-09T18:06:41.800" />
  <attribute name="elasticGC enabled" value="1" />
  <attribute name= "numThreadsSpecified" value="16" />
  <attribute name="heapSize specified" value="49020928" />
  <attribute name="Current GC Util" value="40" />
  <attribute name= "Current Time Running" value="137669" />
  <attribute name ="GC Interval" value="1913" />
  <attribute name="Target GC Util Change" value ="80.000000" />
  <attribute name="Current GC Util Change" value="40.000000"/>
  <attribute name="Current Error" value="-90.000000" />
  <attribute name="Output H" value="49096512"/>
  <attribute name="Output I" value="1912"/>
  <attribute name="Output T" value="16"/>
  <attribute name= "Current Time Running" value="137669" />
  <attribute name="GC Util currently" value="40" />
  <attribute name="CPU Util currently" value="34573084073" />
<concurrent-collection-end id="3220" timestamp="2019-08-09T18:06:41.800" />
<exclusive-end id="3221" timestamp="2019-08-09T18:06:41.800" durationms="46.431" />

<concurrent-kickoff id="3222" timestamp="2019-08-09T18:06:41.806">
  <kickoff reason="threshold reached" targetBytes="12849774" thresholdFreeBytes="1778246"  remainingFree="1728576" tenureFreeBytes="1795664" nurseryFreeBytes="1728576" />
</concurrent-kickoff>
<exclusive-start id="3223" timestamp="2019-08-09T18:06:41.806" intervalms="51.764">
  <response-info timems="0.019" idlems="0.019" threads="0" lastid="0000000001164F00" lastname="main" />
</exclusive-start>
<cycle-start id="3224" type="global" contextid="0" timestamp="2019-08-09T18:06:41.806" intervalms="67.992" />
<exclusive-end id="3225" timestamp="2019-08-09T18:06:41.806" durationms="0.041" />

<exclusive-start id="3226" timestamp="2019-08-09T18:06:41.821" intervalms="15.604">
  <response-info timems="0.014" idlems="0.014" threads="0" lastid="0000000001164F00" lastname="main" />
</exclusive-start>
<concurrent-collection-start id="3227" timestamp="2019-08-09T18:06:41.821" intervalms="67.417" >
  <concurrent-trace-info reason="card cleaning threshold reached" tracedByMutators="6105892" tracedByHelpers="7255932" cardsCleaned="0" workStackOverflowCount="0" />
</concurrent-collection-start>
<gc-start id="3228" type="global" contextid="3224" timestamp="2019-08-09T18:06:41.822">
  <mem-info id="3229" free="1820304" total="49152000" percent="3">
    <mem type="nursery" free="24640" total="29360128" percent="0">
      <mem type="allocate" free="24640" total="25821184" percent="0" />
      <mem type="survivor" free="0" total="3538944" percent="0" />
    </mem>
    <mem type="tenure" free="1795664" total="19791872" percent="9">
      <mem type="soa" free="1598032" total="19594240" percent="8" />
      <mem type="loa" free="197632" total="197632" percent="100" />
    </mem>
    <remembered-set count="134" />
  </mem-info>
</gc-start>
<allocation-stats totalBytes="25701400" >
  <allocated-bytes non-tlh="0" tlh="25701400" />
  <largest-consumer threadName="main" threadId="0000000001164F00" bytes="25701400" />
</allocation-stats>
<gc-op id="3230" type="rs-scan" timems="2.746" contextid="3224" timestamp="2019-08-09T18:06:41.824">
  <scan objectsFound="102" bytesTraced="9404" workStackOverflowCount="0" />
</gc-op>
<gc-op id="3231" type="card-cleaning" timems="3.442" contextid="3224" timestamp="2019-08-09T18:06:41.828">
  <card-cleaning cardsCleaned="0" bytesTraced="11720" workStackOverflowCount="0" />
</gc-op>
<gc-op id="3232" type="mark" timems="16.412" contextid="3224" timestamp="2019-08-09T18:06:41.845">
  <trace-info objectcount="1565" scancount="1409" scanbytes="41232" />
  <finalization candidates="80" enqueued="0" />
  <ownableSynchronizers candidates="21" cleared="0" />
  <references type="soft" candidates="3261" cleared="0" enqueued="0" dynamicThreshold="2" maxThreshold="32" />
  <references type="weak" candidates="5464" cleared="0" enqueued="0" />
  <references type="phantom" candidates="77" cleared="0" enqueued="0" />
  <stringconstants candidates="13595" cleared="0"  />
</gc-op>
<gc-op id="3233" type="sweep" timems="6.703" contextid="3224" timestamp="2019-08-09T18:06:41.851" />
<mem-info id="3234" free="27608288" total="49152000" percent="56">
  <mem type="nursery" free="25812624" total="29360128" percent="87">
    <mem type="allocate" free="25812624" total="25821184" percent="99" />
    <mem type="survivor" free="0" total="3538944" percent="0" />
  </mem>
  <mem type="tenure" free="1795664" total="19791872" percent="9" micro-fragmented="0" macro-fragmented="1500163">
    <mem type="soa" free="1598032" total="19594240" percent="8" />
    <mem type="loa" free="197632" total="197632" percent="100" />
  </mem>
  <remembered-set count="134" />
</mem-info>
<gc-op id="3235" type="compact" timems="40.710" contextid="3224" timestamp="2019-08-09T18:06:41.892">
  <compact-info movecount="3" movebytes="1224" reason="compact to aid heap contraction" />
</gc-op>
<heap-resize id="3236" type="expand" space="tenure" amount="131072" count="1" timems="0.024" reason="satisfy allocation request" timestamp="2019-08-09T18:06:41.893" />
<gc-end id="3237" type="global" contextid="3224" durationms="72.171" usertimems="99.562" systemtimems="0.000" timestamp="2019-08-09T18:06:41.894" activeThreads="16">
  <mem-info id="3238" free="27739792" total="49283072" percent="56">
    <mem type="nursery" free="25813056" total="29360128" percent="87">
      <mem type="allocate" free="25813056" total="25821184" percent="99" />
      <mem type="survivor" free="0" total="3538944" percent="0" />
    </mem>
    <mem type="tenure" free="1926736" total="19922944" percent="9">
      <mem type="soa" free="1728080" total="19724288" percent="8" />
      <mem type="loa" free="198656" total="198656" percent="100" />
    </mem>
    <remembered-set count="134" />
  </mem-info>
</gc-end>
<cycle-end id="3239" type="global" contextid="3224" timestamp="2019-08-09T18:06:41.894" />
  <attribute name="elasticGC enabled" value="1" />
  <attribute name= "numThreadsSpecified" value="16" />
  <attribute name="heapSize specified" value="49152000" />
  <attribute name="Current GC Util" value="42" />
  <attribute name= "Current Time Running" value="137762" />
  <attribute name ="GC Interval" value="1913" />
  <attribute name="Target GC Util Change" value ="80.000000" />
  <attribute name="Current GC Util Change" value="42.000000"/>
  <attribute name="Current Error" value="-160.000000" />
  <attribute name="Output H" value="49227496"/>
  <attribute name="Output I" value="1824"/>
  <attribute name="Output T" value="16"/>
  <attribute name= "Current Time Running" value="137762" />
  <attribute name="GC Util currently" value="42" />
  <attribute name="CPU Util currently" value="28268370106" />
<concurrent-collection-end id="3240" timestamp="2019-08-09T18:06:41.894" />
<exclusive-end id="3241" timestamp="2019-08-09T18:06:41.894" durationms="72.484" />

<exclusive-start id="3242" timestamp="2019-08-09T18:06:41.901" intervalms="79.873">
  <response-info timems="0.064" idlems="0.064" threads="0" lastid="0000000001164F00" lastname="main" />
</exclusive-start>
<af-start id="3243" threadId="0000000001165888" totalBytesRequested="1168" timestamp="2019-08-09T18:06:41.901" intervalms="305.689" type="nursery" />
<cycle-start id="3244" type="scavenge" contextid="0" timestamp="2019-08-09T18:06:41.901" intervalms="305.695" />
<gc-start id="3245" type="scavenge" contextid="3244" timestamp="2019-08-09T18:06:41.901">
  <mem-info id="3246" free="1926736" total="49283072" percent="3">
    <mem type="nursery" free="0" total="29360128" percent="0">
      <mem type="allocate" free="0" total="25821184" percent="0" />
      <mem type="survivor" free="0" total="3538944" percent="0" />
    </mem>
    <mem type="tenure" free="1926736" total="19922944" percent="9">
      <mem type="soa" free="1728080" total="19724288" percent="8" />
      <mem type="loa" free="198656" total="198656" percent="100" />
    </mem>
    <remembered-set count="134" />
  </mem-info>
</gc-start>
<allocation-stats totalBytes="25725632" >
  <allocated-bytes non-tlh="0" tlh="25725632" />
  <largest-consumer threadName="main" threadId="0000000001164F00" bytes="25725632" />
</allocation-stats>
<gc-op id="3247" type="scavenge" timems="1.729" contextid="3244" timestamp="2019-08-09T18:06:41.903">
  <scavenger-info tenureage="3" tenuremask="fff8" tiltratio="87" />
  <memory-copied type="nursery" objects="2" bytes="56" bytesdiscarded="23752" />
  <memory-copied type="tenure" objects="90" bytes="6904" bytesdiscarded="0" />
  <ownableSynchronizers candidates="42" cleared="42" />
</gc-op>
<gc-end id="3248" type="scavenge" contextid="3244" durationms="2.090" usertimems="2.839" systemtimems="0.000" timestamp="2019-08-09T18:06:41.903" activeThreads="16">
  <mem-info id="3249" free="28281680" total="49283072" percent="57">
    <mem type="nursery" free="26387200" total="29360128" percent="89">
      <mem type="allocate" free="26387200" total="26411008" percent="99" />
      <mem type="survivor" free="0" total="2949120" percent="0" />
    </mem>
    <mem type="tenure" free="1894480" total="19922944" percent="9" macro-fragmented="0">
      <mem type="soa" free="1695824" total="19724288" percent="8" />
      <mem type="loa" free="198656" total="198656" percent="100" />
    </mem>
    <remembered-set count="121" />
  </mem-info>
</gc-end>
<cycle-end id="3250" type="scavenge" contextid="3244" timestamp="2019-08-09T18:06:41.903" />
  <attribute name="elasticGC enabled" value="1" />
  <attribute name= "numThreadsSpecified" value="16" />
  <attribute name="heapSize specified" value="49152000" />
  <attribute name="Current GC Util" value="462" />
  <attribute name= "Current Time Running" value="137771" />
  <attribute name ="GC Interval" value="1385" />
  <attribute name="Target GC Util Change" value ="80.000000" />
  <attribute name="Current GC Util Change" value="462.000000"/>
  <attribute name="Current Error" value="-542.000000" />
  <attribute name="Output H" value="49358128"/>
  <attribute name="Output I" value="1384"/>
  <attribute name="Output T" value="16"/>
  <attribute name= "Current Time Running" value="137771" />
  <attribute name="GC Util currently" value="462" />
  <attribute name="CPU Util currently" value="125693893903" />
<allocation-satisfied id="3251" threadId="0000000001164F00" bytesRequested="1168" />
<af-end id="3252" timestamp="2019-08-09T18:06:41.904" threadId="0000000001165888" success="true" from="nursery"/>
<exclusive-end id="3253" timestamp="2019-08-09T18:06:41.904" durationms="2.398" />

<exclusive-start id="3254" timestamp="2019-08-09T18:06:41.911" intervalms="10.048">
  <response-info timems="0.022" idlems="0.022" threads="0" lastid="0000000001164F00" lastname="main" />
</exclusive-start>
<af-start id="3255" threadId="0000000001165888" totalBytesRequested="1168" timestamp="2019-08-09T18:06:41.911" intervalms="10.045" type="nursery" />
<cycle-start id="3256" type="scavenge" contextid="0" timestamp="2019-08-09T18:06:41.911" intervalms="10.044" />
<gc-start id="3257" type="scavenge" contextid="3256" timestamp="2019-08-09T18:06:41.911">
  <mem-info id="3258" free="1894480" total="49283072" percent="3">
    <mem type="nursery" free="0" total="29360128" percent="0">
      <mem type="allocate" free="0" total="26411008" percent="0" />
      <mem type="survivor" free="0" total="2949120" percent="0" />
    </mem>
    <mem type="tenure" free="1894480" total="19922944" percent="9">
      <mem type="soa" free="1695824" total="19724288" percent="8" />
      <mem type="loa" free="198656" total="198656" percent="100" />
    </mem>
    <remembered-set count="121" />
  </mem-info>
</gc-start>
<allocation-stats totalBytes="26297432" >
  <allocated-bytes non-tlh="1168" tlh="26296264" />
  <largest-consumer threadName="main" threadId="0000000001164F00" bytes="26297432" />
</allocation-stats>
<gc-op id="3259" type="scavenge" timems="2.180" contextid="3256" timestamp="2019-08-09T18:06:41.914">
  <scavenger-info tenureage="3" tenuremask="ff98" tiltratio="89" />
  <memory-copied type="nursery" objects="2" bytes="56" bytesdiscarded="32200" />
</gc-op>
<heap-resize id="3260" type="expand" space="nursery" amount="2752512" count="1" timems="0.020" reason="excessive time being spent scavenging" timestamp="2019-08-09T18:06:41.914" />
<gc-end id="3261" type="scavenge" contextid="3256" durationms="2.424" usertimems="3.952" systemtimems="0.000" timestamp="2019-08-09T18:06:41.914" activeThreads="16">
  <mem-info id="3262" free="30698064" total="52035584" percent="58">
    <mem type="nursery" free="28803584" total="32112640" percent="89">
      <mem type="allocate" free="28803584" total="28835840" percent="99" />
      <mem type="survivor" free="0" total="3276800" percent="0" />
    </mem>
    <mem type="tenure" free="1894480" total="19922944" percent="9" macro-fragmented="868149">
      <mem type="soa" free="1695824" total="19724288" percent="8" />
      <mem type="loa" free="198656" total="198656" percent="100" />
    </mem>
    <remembered-set count="121" />
  </mem-info>
</gc-end>
<cycle-end id="3263" type="scavenge" contextid="3256" timestamp="2019-08-09T18:06:41.914" />
  <attribute name="elasticGC enabled" value="1" />
  <attribute name= "numThreadsSpecified" value="16" />
  <attribute name="heapSize specified" value="49152000" />
  <attribute name="Current GC Util" value="31" />
  <attribute name= "Current Time Running" value="137781" />
  <attribute name ="GC Interval" value="2065" />
  <attribute name="Target GC Util Change" value ="80.000000" />
  <attribute name="Current GC Util Change" value="31.000000"/>
  <attribute name="Current Error" value="49.000000" />
  <attribute name="Output H" value="49358808"/>
  <attribute name="Output I" value="2064"/>
  <attribute name="Output T" value="16"/>
  <attribute name= "Current Time Running" value="137781" />
  <attribute name="GC Util currently" value="31" />
  <attribute name="CPU Util currently" value="115134239380" />
<allocation-satisfied id="3264" threadId="0000000001164F00" bytesRequested="1168" />
<af-end id="3265" timestamp="2019-08-09T18:06:41.914" threadId="0000000001165888" success="true" from="nursery"/>
<exclusive-end id="3266" timestamp="2019-08-09T18:06:41.914" durationms="2.737" />

<exclusive-start id="3267" timestamp="2019-08-09T18:06:41.920" intervalms="9.181">
  <response-info timems="0.020" idlems="0.020" threads="0" lastid="0000000001164F00" lastname="main" />
</exclusive-start>
<af-start id="3268" threadId="0000000001165888" totalBytesRequested="1168" timestamp="2019-08-09T18:06:41.920" intervalms="9.201" type="nursery" />
<cycle-start id="3269" type="scavenge" contextid="0" timestamp="2019-08-09T18:06:41.920" intervalms="9.203" />
<gc-start id="3270" type="scavenge" contextid="3269" timestamp="2019-08-09T18:06:41.921">
  <mem-info id="3271" free="1894480" total="52035584" percent="3">
    <mem type="nursery" free="0" total="32112640" percent="0">
      <mem type="allocate" free="0" total="28835840" percent="0" />
      <mem type="survivor" free="0" total="3276800" percent="0" />
    </mem>
    <mem type="tenure" free="1894480" total="19922944" percent="9">
      <mem type="soa" free="1695824" total="19724288" percent="8" />
      <mem type="loa" free="198656" total="198656" percent="100" />
    </mem>
    <remembered-set count="121" />
  </mem-info>
</gc-start>
<allocation-stats totalBytes="28705672" >
  <allocated-bytes non-tlh="1168" tlh="28704504" />
  <largest-consumer threadName="main" threadId="0000000001164F00" bytes="28705672" />
</allocation-stats>
<gc-op id="3272" type="scavenge" timems="2.585" contextid="3269" timestamp="2019-08-09T18:06:41.923">
  <scavenger-info tenureage="3" tenuremask="fff8" tiltratio="89" />
  <memory-copied type="nursery" objects="2" bytes="56" bytesdiscarded="32200" />
</gc-op>
<heap-resize id="3273" type="expand" space="nursery" amount="3407872" count="1" timems="0.015" reason="excessive time being spent scavenging" timestamp="2019-08-09T18:06:41.923" />
<gc-end id="3274" type="scavenge" contextid="3269" durationms="2.872" usertimems="4.264" systemtimems="0.000" timestamp="2019-08-09T18:06:41.923" activeThreads="16">
  <mem-info id="3275" free="33778256" total="55443456" percent="60">
    <mem type="nursery" free="31883776" total="35520512" percent="89">
      <mem type="allocate" free="31883776" total="31916032" percent="99" />
      <mem type="survivor" free="0" total="3604480" percent="0" />
    </mem>
    <mem type="tenure" free="1894480" total="19922944" percent="9" macro-fragmented="0">
      <mem type="soa" free="1695824" total="19724288" percent="8" />
      <mem type="loa" free="198656" total="198656" percent="100" />
    </mem>
    <remembered-set count="121" />
  </mem-info>
</gc-end>
<cycle-end id="3276" type="scavenge" contextid="3269" timestamp="2019-08-09T18:06:41.923" />
  <attribute name="elasticGC enabled" value="1" />
  <attribute name= "numThreadsSpecified" value="16" />
  <attribute name="heapSize specified" value="49152000" />
  <attribute name="Current GC Util" value="45" />
  <attribute name= "Current Time Running" value="137790" />
  <attribute name ="GC Interval" value="2105" />
  <attribute name="Target GC Util Change" value ="80.000000" />
  <attribute name="Current GC Util Change" value="45.000000"/>
  <attribute name="Current Error" value="84.000000" />
  <attribute name="Output H" value="52111360"/>
  <attribute name="Output I" value="2104"/>
  <attribute name="Output T" value="16"/>
  <attribute name= "Current Time Running" value="137790" />
  <attribute name="GC Util currently" value="45" />
  <attribute name="CPU Util currently" value="126343555782" />
<allocation-satisfied id="3277" threadId="0000000001164F00" bytesRequested="1168" />
<af-end id="3278" timestamp="2019-08-09T18:06:41.924" threadId="0000000001165888" success="true" from="nursery"/>
<exclusive-end id="3279" timestamp="2019-08-09T18:06:41.924" durationms="3.158" />

<exclusive-start id="3280" timestamp="2019-08-09T18:06:41.943" intervalms="22.931">
  <response-info timems="0.056" idlems="0.056" threads="0" lastid="0000000001164F00" lastname="main" />
</exclusive-start>
<af-start id="3281" threadId="0000000001165888" totalBytesRequested="1168" timestamp="2019-08-09T18:06:41.943" intervalms="22.899" type="nursery" />
<cycle-start id="3282" type="scavenge" contextid="0" timestamp="2019-08-09T18:06:41.943" intervalms="22.895" />
<gc-start id="3283" type="scavenge" contextid="3282" timestamp="2019-08-09T18:06:41.943">
  <mem-info id="3284" free="1894480" total="55443456" percent="3">
    <mem type="nursery" free="0" total="35520512" percent="0">
      <mem type="allocate" free="0" total="31916032" percent="0" />
      <mem type="survivor" free="0" total="3604480" percent="0" />
    </mem>
    <mem type="tenure" free="1894480" total="19922944" percent="9">
      <mem type="soa" free="1695824" total="19724288" percent="8" />
      <mem type="loa" free="198656" total="198656" percent="100" />
    </mem>
    <remembered-set count="126" />
  </mem-info>
</gc-start>
<allocation-stats totalBytes="31726448" >
  <allocated-bytes non-tlh="1168" tlh="31725280" />
  <largest-consumer threadName="main" threadId="0000000001164F00" bytes="31726448" />
</allocation-stats>
<gc-op id="3285" type="scavenge" timems="5.095" contextid="3282" timestamp="2019-08-09T18:06:41.949">
  <scavenger-info tenureage="3" tenuremask="fff8" tiltratio="89" />
  <memory-copied type="nursery" objects="28" bytes="1960" bytesdiscarded="14168" />
</gc-op>
<heap-resize id="3286" type="expand" space="nursery" amount="3407872" count="1" timems="0.023" reason="excessive time being spent scavenging" timestamp="2019-08-09T18:06:41.949" />
<gc-end id="3287" type="scavenge" contextid="3282" durationms="5.741" usertimems="6.912" systemtimems="0.000" timestamp="2019-08-09T18:06:41.949" activeThreads="16">
  <mem-info id="3288" free="36809040" total="58851328" percent="62">
    <mem type="nursery" free="34914560" total="38928384" percent="89">
      <mem type="allocate" free="34914560" total="34930688" percent="99" />
      <mem type="survivor" free="0" total="3997696" percent="0" />
    </mem>
    <mem type="tenure" free="1894480" total="19922944" percent="9" macro-fragmented="868149">
      <mem type="soa" free="1695824" total="19724288" percent="8" />
      <mem type="loa" free="198656" total="198656" percent="100" />
    </mem>
    <remembered-set count="126" />
  </mem-info>
</gc-end>
<cycle-end id="3289" type="scavenge" contextid="3282" timestamp="2019-08-09T18:06:41.949" />
  <attribute name="elasticGC enabled" value="1" />
  <attribute name= "numThreadsSpecified" value="16" />
  <attribute name="heapSize specified" value="49152000" />
  <attribute name="Current GC Util" value="19" />
  <attribute name= "Current Time Running" value="137813" />
  <attribute name ="GC Interval" value="2177" />
  <attribute name="Target GC Util Change" value ="80.000000" />
  <attribute name="Current GC Util Change" value="19.000000"/>
  <attribute name="Current Error" value="145.000000" />
  <attribute name="Output H" value="55519304"/>
  <attribute name="Output I" value="2176"/>
  <attribute name="Output T" value="16"/>
  <attribute name= "Current Time Running" value="137813" />
  <attribute name="GC Util currently" value="19" />
  <attribute name="CPU Util currently" value="50319764394" />
<allocation-satisfied id="3290" threadId="0000000001164F00" bytesRequested="1168" />
<af-end id="3291" timestamp="2019-08-09T18:06:41.949" threadId="0000000001165888" success="true" from="nursery"/>
<exclusive-end id="3292" timestamp="2019-08-09T18:06:41.949" durationms="5.989" />

<exclusive-start id="3293" timestamp="2019-08-09T18:06:41.965" intervalms="21.850">
  <response-info timems="0.031" idlems="0.031" threads="0" lastid="0000000001164F00" lastname="main" />
</exclusive-start>
<af-start id="3294" threadId="0000000001165888" totalBytesRequested="1168" timestamp="2019-08-09T18:06:41.965" intervalms="21.853" type="nursery" />
<cycle-start id="3295" type="scavenge" contextid="0" timestamp="2019-08-09T18:06:41.965" intervalms="21.859" />
<gc-start id="3296" type="scavenge" contextid="3295" timestamp="2019-08-09T18:06:41.965">
  <mem-info id="3297" free="1894480" total="58851328" percent="3">
    <mem type="nursery" free="0" total="38928384" percent="0">
      <mem type="allocate" free="0" total="34930688" percent="0" />
      <mem type="survivor" free="0" total="3997696" percent="0" />
    </mem>
    <mem type="tenure" free="1894480" total="19922944" percent="9">
      <mem type="soa" free="1695824" total="19724288" percent="8" />
      <mem type="loa" free="198656" total="198656" percent="100" />
    </mem>
    <remembered-set count="126" />
  </mem-info>
</gc-start>
<allocation-stats totalBytes="34682800" >
  <allocated-bytes non-tlh="1168" tlh="34681632" />
  <largest-consumer threadName="main" threadId="0000000001164F00" bytes="34682800" />
</allocation-stats>
<gc-op id="3298" type="scavenge" timems="1.669" contextid="3295" timestamp="2019-08-09T18:06:41.967">
  <scavenger-info tenureage="3" tenuremask="fff8" tiltratio="89" />
  <memory-copied type="nursery" objects="28" bytes="1960" bytesdiscarded="30296" />
</gc-op>
<heap-resize id="3299" type="expand" space="nursery" amount="1966080" count="1" timems="0.015" reason="excessive time being spent scavenging" timestamp="2019-08-09T18:06:41.967" />
<gc-end id="3300" type="scavenge" contextid="3295" durationms="2.230" usertimems="3.541" systemtimems="0.000" timestamp="2019-08-09T18:06:41.968" activeThreads="16">
  <mem-info id="3301" free="38627920" total="60817408" percent="63">
    <mem type="nursery" free="36733440" total="40894464" percent="89">
      <mem type="allocate" free="36733440" total="36765696" percent="99" />
      <mem type="survivor" free="0" total="4128768" percent="0" />
    </mem>
    <mem type="tenure" free="1894480" total="19922944" percent="9" macro-fragmented="1500163">
      <mem type="soa" free="1695824" total="19724288" percent="8" />
      <mem type="loa" free="198656" total="198656" percent="100" />
    </mem>
    <remembered-set count="115" />
  </mem-info>
</gc-end>
<cycle-end id="3302" type="scavenge" contextid="3295" timestamp="2019-08-09T18:06:41.968" />
  <attribute name="elasticGC enabled" value="1" />
  <attribute name= "numThreadsSpecified" value="16" />
  <attribute name="heapSize specified" value="49152000" />
  <attribute name="Current GC Util" value="28" />
  <attribute name= "Current Time Running" value="137835" />
  <attribute name ="GC Interval" value="2241" />
  <attribute name="Target GC Util Change" value ="80.000000" />
  <attribute name="Current GC Util Change" value="28.000000"/>
  <attribute name="Current Error" value="197.000000" />
  <attribute name="Output H" value="58927240"/>
  <attribute name="Output I" value="2240"/>
  <attribute name="Output T" value="16"/>
  <attribute name= "Current Time Running" value="137835" />
  <attribute name="GC Util currently" value="28" />
  <attribute name="CPU Util currently" value="52695928177" />
<allocation-satisfied id="3303" threadId="0000000001164F00" bytesRequested="1168" />
<af-end id="3304" timestamp="2019-08-09T18:06:41.968" threadId="0000000001165888" success="true" from="nursery"/>
<exclusive-end id="3305" timestamp="2019-08-09T18:06:41.968" durationms="2.503" />

<exclusive-start id="3306" timestamp="2019-08-09T18:06:41.982" intervalms="16.821">
  <response-info timems="0.110" idlems="0.110" threads="0" lastid="0000000001164F00" lastname="main" />
</exclusive-start>
<af-start id="3307" threadId="0000000001165888" totalBytesRequested="1168" timestamp="2019-08-09T18:06:41.982" intervalms="16.837" type="nursery" />
<cycle-start id="3308" type="scavenge" contextid="0" timestamp="2019-08-09T18:06:41.982" intervalms="16.833" />
<gc-start id="3309" type="scavenge" contextid="3308" timestamp="2019-08-09T18:06:41.982">
  <mem-info id="3310" free="1894480" total="60817408" percent="3">
    <mem type="nursery" free="0" total="40894464" percent="0">
      <mem type="allocate" free="0" total="36765696" percent="0" />
      <mem type="survivor" free="0" total="4128768" percent="0" />
    </mem>
    <mem type="tenure" free="1894480" total="19922944" percent="9">
      <mem type="soa" free="1695824" total="19724288" percent="8" />
      <mem type="loa" free="198656" total="198656" percent="100" />
    </mem>
    <remembered-set count="115" />
  </mem-info>
</gc-start>
<allocation-stats totalBytes="36501696" >
  <allocated-bytes non-tlh="1168" tlh="36500528" />
  <largest-consumer threadName="main" threadId="0000000001164F00" bytes="36501696" />
</allocation-stats>
<gc-op id="3311" type="scavenge" timems="2.521" contextid="3308" timestamp="2019-08-09T18:06:41.985">
  <scavenger-info tenureage="3" tenuremask="fff8" tiltratio="89" />
  <memory-copied type="nursery" objects="29" bytes="1984" bytesdiscarded="14144" />
</gc-op>
<heap-resize id="3312" type="expand" space="nursery" amount="2228224" count="1" timems="0.051" reason="excessive time being spent scavenging" timestamp="2019-08-09T18:06:41.985" />
<gc-end id="3313" type="scavenge" contextid="3308" durationms="3.091" usertimems="6.790" systemtimems="0.000" timestamp="2019-08-09T18:06:41.985" activeThreads="16">
  <mem-info id="3314" free="40610128" total="63045632" percent="64">
    <mem type="nursery" free="38715648" total="43122688" percent="89">
      <mem type="allocate" free="38715648" total="38731776" percent="99" />
      <mem type="survivor" free="0" total="4390912" percent="0" />
    </mem>
    <mem type="tenure" free="1894480" total="19922944" percent="9" macro-fragmented="868149">
      <mem type="soa" free="1695824" total="19724288" percent="8" />
      <mem type="loa" free="198656" total="198656" percent="100" />
    </mem>
    <remembered-set count="115" />
  </mem-info>
</gc-end>
<cycle-end id="3315" type="scavenge" contextid="3308" timestamp="2019-08-09T18:06:41.985" />
  <attribute name="elasticGC enabled" value="1" />
  <attribute name= "numThreadsSpecified" value="16" />
  <attribute name="heapSize specified" value="49152000" />
  <attribute name="Current GC Util" value="19" />
  <attribute name= "Current Time Running" value="137852" />
  <attribute name ="GC Interval" value="2313" />
  <attribute name="Target GC Util Change" value ="80.000000" />
  <attribute name="Current GC Util Change" value="19.000000"/>
  <attribute name="Current Error" value="258.000000" />
  <attribute name="Output H" value="60893392"/>
  <attribute name="Output I" value="2312"/>
  <attribute name="Output T" value="16"/>
  <attribute name= "Current Time Running" value="137852" />
  <attribute name="GC Util currently" value="19" />
  <attribute name="CPU Util currently" value="68610668451" />
<allocation-satisfied id="3316" threadId="0000000001164F00" bytesRequested="1168" />
<af-end id="3317" timestamp="2019-08-09T18:06:41.985" threadId="0000000001165888" success="true" from="nursery"/>
<exclusive-end id="3318" timestamp="2019-08-09T18:06:41.985" durationms="3.479" />

<exclusive-start id="3319" timestamp="2019-08-09T18:06:41.995" intervalms="13.189">
  <response-info timems="0.023" idlems="0.023" threads="0" lastid="0000000001164F00" lastname="main" />
</exclusive-start>
<af-start id="3320" threadId="0000000001165888" totalBytesRequested="1168" timestamp="2019-08-09T18:06:41.995" intervalms="13.177" type="nursery" />
<cycle-start id="3321" type="scavenge" contextid="0" timestamp="2019-08-09T18:06:41.995" intervalms="13.173" />
<gc-start id="3322" type="scavenge" contextid="3321" timestamp="2019-08-09T18:06:41.995">
  <mem-info id="3323" free="1894480" total="63045632" percent="3">
    <mem type="nursery" free="0" total="43122688" percent="0">
      <mem type="allocate" free="0" total="38731776" percent="0" />
      <mem type="survivor" free="0" total="4390912" percent="0" />
    </mem>
    <mem type="tenure" free="1894480" total="19922944" percent="9">
      <mem type="soa" free="1695824" total="19724288" percent="8" />
      <mem type="loa" free="198656" total="198656" percent="100" />
    </mem>
    <remembered-set count="115" />
  </mem-info>
</gc-start>
<allocation-stats totalBytes="38472240" >
  <allocated-bytes non-tlh="1168" tlh="38471072" />
  <largest-consumer threadName="main" threadId="0000000001164F00" bytes="38472240" />
</allocation-stats>
<gc-op id="3324" type="scavenge" timems="6.641" contextid="3321" timestamp="2019-08-09T18:06:42.002">
  <scavenger-info tenureage="3" tenuremask="fff8" tiltratio="89" />
  <memory-copied type="nursery" objects="2" bytes="64" bytesdiscarded="16064" />
  <memory-copied type="tenure" objects="27" bytes="1920" bytesdiscarded="0" />
</gc-op>
<heap-resize id="3325" type="expand" space="nursery" amount="7340032" count="1" timems="0.018" reason="excessive time being spent scavenging" timestamp="2019-08-09T18:06:42.002" />
<gc-end id="3326" type="scavenge" contextid="3321" durationms="7.132" usertimems="9.157" systemtimems="0.000" timestamp="2019-08-09T18:06:42.002" activeThreads="16">
  <mem-info id="3327" free="47229264" total="70385664" percent="67">
    <mem type="nursery" free="45334784" total="50462720" percent="89">
      <mem type="allocate" free="45334784" total="45350912" percent="99" />
      <mem type="survivor" free="0" total="5111808" percent="0" />
    </mem>
    <mem type="tenure" free="1894480" total="19922944" percent="9" macro-fragmented="1500163">
      <mem type="soa" free="1695824" total="19724288" percent="8" />
      <mem type="loa" free="198656" total="198656" percent="100" />
    </mem>
    <remembered-set count="120" />
  </mem-info>
</gc-end>
<cycle-end id="3328" type="scavenge" contextid="3321" timestamp="2019-08-09T18:06:42.002" />
  <attribute name="elasticGC enabled" value="1" />
  <attribute name= "numThreadsSpecified" value="16" />
  <attribute name="heapSize specified" value="49152000" />
  <attribute name="Current GC Util" value="29" />
  <attribute name= "Current Time Running" value="137865" />
  <attribute name ="GC Interval" value="2369" />
  <attribute name="Target GC Util Change" value ="80.000000" />
  <attribute name="Current GC Util Change" value="29.000000"/>
  <attribute name="Current Error" value="309.000000" />
  <attribute name="Output H" value="63121672"/>
  <attribute name="Output I" value="2368"/>
  <attribute name="Output T" value="16"/>
  <attribute name= "Current Time Running" value="137865" />
  <attribute name="GC Util currently" value="29" />
  <attribute name="CPU Util currently" value="87560447586" />
<allocation-satisfied id="3329" threadId="0000000001164F00" bytesRequested="1168" />
<af-end id="3330" timestamp="2019-08-09T18:06:42.003" threadId="0000000001165888" success="true" from="nursery"/>
<exclusive-end id="3331" timestamp="2019-08-09T18:06:42.003" durationms="7.362" />

<exclusive-start id="3332" timestamp="2019-08-09T18:06:42.018" intervalms="23.316">
  <response-info timems="0.036" idlems="0.036" threads="0" lastid="0000000001164F00" lastname="main" />
</exclusive-start>
<af-start id="3333" threadId="0000000001165888" totalBytesRequested="1168" timestamp="2019-08-09T18:06:42.019" intervalms="23.310" type="nursery" />
<cycle-start id="3334" type="scavenge" contextid="0" timestamp="2019-08-09T18:06:42.019" intervalms="23.311" />
<gc-start id="3335" type="scavenge" contextid="3334" timestamp="2019-08-09T18:06:42.019">
  <mem-info id="3336" free="1894480" total="70385664" percent="2">
    <mem type="nursery" free="0" total="50462720" percent="0">
      <mem type="allocate" free="0" total="45350912" percent="0" />
      <mem type="survivor" free="0" total="5111808" percent="0" />
    </mem>
    <mem type="tenure" free="1894480" total="19922944" percent="9">
      <mem type="soa" free="1695824" total="19724288" percent="8" />
      <mem type="loa" free="198656" total="198656" percent="100" />
    </mem>
    <remembered-set count="120" />
  </mem-info>
</gc-start>
<allocation-stats totalBytes="45051744" >
  <allocated-bytes non-tlh="1168" tlh="45050576" />
  <largest-consumer threadName="main" threadId="0000000001164F00" bytes="45051744" />
</allocation-stats>
<gc-op id="3337" type="scavenge" timems="1.228" contextid="3334" timestamp="2019-08-09T18:06:42.020">
  <scavenger-info tenureage="3" tenuremask="ffe8" tiltratio="89" />
  <memory-copied type="nursery" objects="2" bytes="64" bytesdiscarded="16064" />
</gc-op>
<gc-end id="3338" type="scavenge" contextid="3334" durationms="1.656" usertimems="2.667" systemtimems="0.000" timestamp="2019-08-09T18:06:42.020" activeThreads="16">
  <mem-info id="3339" free="47294800" total="70385664" percent="67">
    <mem type="nursery" free="45400320" total="50462720" percent="89">
      <mem type="allocate" free="45400320" total="45416448" percent="99" />
      <mem type="survivor" free="0" total="5046272" percent="0" />
    </mem>
    <mem type="tenure" free="1894480" total="19922944" percent="9" macro-fragmented="0">
      <mem type="soa" free="1695824" total="19724288" percent="8" />
      <mem type="loa" free="198656" total="198656" percent="100" />
    </mem>
    <remembered-set count="120" />
  </mem-info>
</gc-end>
<cycle-end id="3340" type="scavenge" contextid="3334" timestamp="2019-08-09T18:06:42.020" />
  <attribute name="elasticGC enabled" value="1" />
  <attribute name= "numThreadsSpecified" value="16" />
  <attribute name="heapSize specified" value="49152000" />
  <attribute name="Current GC Util" value="37" />
  <attribute name= "Current Time Running" value="137888" />
  <attribute name ="GC Interval" value="2065" />
  <attribute name="Target GC Util Change" value ="80.000000" />
  <attribute name="Current GC Util Change" value="37.000000"/>
  <attribute name="Current Error" value="43.000000" />
  <attribute name="Output H" value="70461400"/>
  <attribute name="Output I" value="2064"/>
  <attribute name="Output T" value="16"/>
  <attribute name= "Current Time Running" value="137888" />
  <attribute name="GC Util currently" value="37" />
  <attribute name="CPU Util currently" value="49247239489" />
<allocation-satisfied id="3341" threadId="0000000001164F00" bytesRequested="1168" />
<af-end id="3342" timestamp="2019-08-09T18:06:42.020" threadId="0000000001165888" success="true" from="nursery"/>
<exclusive-end id="3343" timestamp="2019-08-09T18:06:42.020" durationms="1.860" />

<exclusive-start id="3344" timestamp="2019-08-09T18:06:42.033" intervalms="14.989">
  <response-info timems="0.079" idlems="0.079" threads="0" lastid="0000000001164F00" lastname="main" />
</exclusive-start>
<af-start id="3345" threadId="0000000001165888" totalBytesRequested="1168" timestamp="2019-08-09T18:06:42.034" intervalms="14.988" type="nursery" />
<cycle-start id="3346" type="scavenge" contextid="0" timestamp="2019-08-09T18:06:42.034" intervalms="14.986" />
<gc-start id="3347" type="scavenge" contextid="3346" timestamp="2019-08-09T18:06:42.034">
  <mem-info id="3348" free="1894480" total="70385664" percent="2">
    <mem type="nursery" free="0" total="50462720" percent="0">
      <mem type="allocate" free="0" total="45416448" percent="0" />
      <mem type="survivor" free="0" total="5046272" percent="0" />
    </mem>
    <mem type="tenure" free="1894480" total="19922944" percent="9">
      <mem type="soa" free="1695824" total="19724288" percent="8" />
      <mem type="loa" free="198656" total="198656" percent="100" />
    </mem>
    <remembered-set count="120" />
  </mem-info>
</gc-start>
<allocation-stats totalBytes="45116272" >
  <allocated-bytes non-tlh="1168" tlh="45115104" />
  <largest-consumer threadName="main" threadId="0000000001164F00" bytes="45116272" />
</allocation-stats>
<gc-op id="3349" type="scavenge" timems="2.081" contextid="3346" timestamp="2019-08-09T18:06:42.036">
  <scavenger-info tenureage="3" tenuremask="fff8" tiltratio="90" />
  <memory-copied type="nursery" objects="2" bytes="64" bytesdiscarded="16064" />
</gc-op>
<heap-resize id="3350" type="expand" space="nursery" amount="3407872" count="1" timems="0.019" reason="excessive time being spent scavenging" timestamp="2019-08-09T18:06:42.036" />
<gc-end id="3351" type="scavenge" contextid="3346" durationms="2.802" usertimems="3.873" systemtimems="0.000" timestamp="2019-08-09T18:06:42.036" activeThreads="16">
  <mem-info id="3352" free="50309456" total="73793536" percent="68">
    <mem type="nursery" free="48414976" total="53870592" percent="89">
      <mem type="allocate" free="48414976" total="48431104" percent="99" />
      <mem type="survivor" free="0" total="5439488" percent="0" />
    </mem>
    <mem type="tenure" free="1894480" total="19922944" percent="9" macro-fragmented="0">
      <mem type="soa" free="1695824" total="19724288" percent="8" />
      <mem type="loa" free="198656" total="198656" percent="100" />
    </mem>
    <remembered-set count="120" />
  </mem-info>
</gc-end>
<cycle-end id="3353" type="scavenge" contextid="3346" timestamp="2019-08-09T18:06:42.036" />
  <attribute name="elasticGC enabled" value="1" />
  <attribute name= "numThreadsSpecified" value="16" />
  <attribute name="heapSize specified" value="49152000" />
  <attribute name="Current GC Util" value="17" />
  <attribute name= "Current Time Running" value="137903" />
  <attribute name ="GC Interval" value="2137" />
  <attribute name="Target GC Util Change" value ="80.000000" />
  <attribute name="Current GC Util Change" value="17.000000"/>
  <attribute name="Current Error" value="106.000000" />
  <attribute name="Output H" value="70461472"/>
  <attribute name="Output I" value="2136"/>
  <attribute name="Output T" value="16"/>
  <attribute name= "Current Time Running" value="137903" />
  <attribute name="GC Util currently" value="17" />
  <attribute name="CPU Util currently" value="77456180517" />
<allocation-satisfied id="3354" threadId="0000000001164F00" bytesRequested="1168" />
<af-end id="3355" timestamp="2019-08-09T18:06:42.036" threadId="0000000001165888" success="true" from="nursery"/>
<exclusive-end id="3356" timestamp="2019-08-09T18:06:42.036" durationms="3.002" />

<exclusive-start id="3357" timestamp="2019-08-09T18:06:42.053" intervalms="19.276">
  <response-info timems="0.078" idlems="0.078" threads="0" lastid="0000000001164F00" lastname="main" />
</exclusive-start>
<af-start id="3358" threadId="0000000001165888" totalBytesRequested="1168" timestamp="2019-08-09T18:06:42.053" intervalms="19.345" type="nursery" />
<cycle-start id="3359" type="scavenge" contextid="0" timestamp="2019-08-09T18:06:42.053" intervalms="19.351" />
<gc-start id="3360" type="scavenge" contextid="3359" timestamp="2019-08-09T18:06:42.053">
  <mem-info id="3361" free="1894480" total="73793536" percent="2">
    <mem type="nursery" free="0" total="53870592" percent="0">
      <mem type="allocate" free="0" total="48431104" percent="0" />
      <mem type="survivor" free="0" total="5439488" percent="0" />
    </mem>
    <mem type="tenure" free="1894480" total="19922944" percent="9">
      <mem type="soa" free="1695824" total="19724288" percent="8" />
      <mem type="loa" free="198656" total="198656" percent="100" />
    </mem>
    <remembered-set count="120" />
  </mem-info>
</gc-start>
<allocation-stats totalBytes="48112000" >
  <allocated-bytes non-tlh="1168" tlh="48110832" />
  <largest-consumer threadName="main" threadId="0000000001164F00" bytes="48112000" />
</allocation-stats>
<gc-op id="3362" type="scavenge" timems="9.603" contextid="3359" timestamp="2019-08-09T18:06:42.063">
  <scavenger-info tenureage="3" tenuremask="fff8" tiltratio="89" />
  <memory-copied type="nursery" objects="2" bytes="64" bytesdiscarded="32192" />
</gc-op>
<heap-resize id="3363" type="expand" space="nursery" amount="9961472" count="1" timems="0.024" reason="excessive time being spent scavenging" timestamp="2019-08-09T18:06:42.063" />
<gc-end id="3364" type="scavenge" contextid="3359" durationms="10.281" usertimems="15.275" systemtimems="0.000" timestamp="2019-08-09T18:06:42.063" activeThreads="16">
  <mem-info id="3365" free="59206224" total="83755008" percent="70">
    <mem type="nursery" free="57311744" total="63832064" percent="89">
      <mem type="allocate" free="57311744" total="57344000" percent="99" />
      <mem type="survivor" free="0" total="6488064" percent="0" />
    </mem>
    <mem type="tenure" free="1894480" total="19922944" percent="9" macro-fragmented="0">
      <mem type="soa" free="1695824" total="19724288" percent="8" />
      <mem type="loa" free="198656" total="198656" percent="100" />
    </mem>
    <remembered-set count="120" />
  </mem-info>
</gc-end>
<cycle-end id="3366" type="scavenge" contextid="3359" timestamp="2019-08-09T18:06:42.063" />
  <attribute name="elasticGC enabled" value="1" />
  <attribute name= "numThreadsSpecified" value="16" />
  <attribute name="heapSize specified" value="49152000" />
  <attribute name="Current GC Util" value="18" />
  <attribute name= "Current Time Running" value="137923" />
  <attribute name ="GC Interval" value="2209" />
  <attribute name="Target GC Util Change" value ="80.000000" />
  <attribute name="Current GC Util Change" value="18.000000"/>
  <attribute name="Current Error" value="168.000000" />
  <attribute name="Output H" value="73869416"/>
  <attribute name="Output I" value="2208"/>
  <attribute name="Output T" value="16"/>
  <attribute name= "Current Time Running" value="137923" />
  <attribute name="GC Util currently" value="18" />
  <attribute name="CPU Util currently" value="59194154031" />
<allocation-satisfied id="3367" threadId="0000000001164F00" bytesRequested="1168" />
<af-end id="3368" timestamp="2019-08-09T18:06:42.063" threadId="0000000001165888" success="true" from="nursery"/>
<exclusive-end id="3369" timestamp="2019-08-09T18:06:42.063" durationms="10.683" />

<exclusive-start id="3370" timestamp="2019-08-09T18:06:42.081" intervalms="28.005">
  <response-info timems="0.241" idlems="0.241" threads="0" lastid="0000000001164F00" lastname="main" />
</exclusive-start>
<af-start id="3371" threadId="0000000001165888" totalBytesRequested="1168" timestamp="2019-08-09T18:06:42.081" intervalms="27.948" type="nursery" />
<cycle-start id="3372" type="scavenge" contextid="0" timestamp="2019-08-09T18:06:42.081" intervalms="27.961" />
<gc-start id="3373" type="scavenge" contextid="3372" timestamp="2019-08-09T18:06:42.081">
  <mem-info id="3374" free="1894480" total="83755008" percent="2">
    <mem type="nursery" free="0" total="63832064" percent="0">
      <mem type="allocate" free="0" total="57344000" percent="0" />
      <mem type="survivor" free="0" total="6488064" percent="0" />
    </mem>
    <mem type="tenure" free="1894480" total="19922944" percent="9">
      <mem type="soa" free="1695824" total="19724288" percent="8" />
      <mem type="loa" free="198656" total="198656" percent="100" />
    </mem>
    <remembered-set count="120" />
  </mem-info>
</gc-start>
<allocation-stats totalBytes="56951696" >
  <allocated-bytes non-tlh="1168" tlh="56950528" />
  <largest-consumer threadName="main" threadId="0000000001164F00" bytes="56951696" />
</allocation-stats>
<gc-op id="3375" type="scavenge" timems="1.040" contextid="3372" timestamp="2019-08-09T18:06:42.082">
  <scavenger-info tenureage="3" tenuremask="fff8" tiltratio="89" />
  <memory-copied type="nursery" objects="2" bytes="64" bytesdiscarded="32192" />
</gc-op>
<gc-end id="3376" type="scavenge" contextid="3372" durationms="1.441" usertimems="1.942" systemtimems="0.000" timestamp="2019-08-09T18:06:42.082" activeThreads="16">
  <mem-info id="3377" free="59271760" total="83755008" percent="70">
    <mem type="nursery" free="57377280" total="63832064" percent="89">
      <mem type="allocate" free="57377280" total="57409536" percent="99" />
      <mem type="survivor" free="0" total="6422528" percent="0" />
    </mem>
    <mem type="tenure" free="1894480" total="19922944" percent="9" macro-fragmented="418667">
      <mem type="soa" free="1695824" total="19724288" percent="8" />
      <mem type="loa" free="198656" total="198656" percent="100" />
    </mem>
    <remembered-set count="120" />
  </mem-info>
</gc-end>
<cycle-end id="3378" type="scavenge" contextid="3372" timestamp="2019-08-09T18:06:42.082" />
  <attribute name="elasticGC enabled" value="1" />
  <attribute name= "numThreadsSpecified" value="16" />
  <attribute name="heapSize specified" value="49152000" />
  <attribute name="Current GC Util" value="49" />
  <attribute name= "Current Time Running" value="137951" />
  <attribute name ="GC Interval" value="2241" />
  <attribute name="Target GC Util Change" value ="80.000000" />
  <attribute name="Current GC Util Change" value="49.000000"/>
  <attribute name="Current Error" value="199.000000" />
  <attribute name="Output H" value="83830920"/>
  <attribute name="Output I" value="2240"/>
  <attribute name="Output T" value="16"/>
  <attribute name= "Current Time Running" value="137951" />
  <attribute name="GC Util currently" value="49" />
  <attribute name="CPU Util currently" value="41372957331" />
<allocation-satisfied id="3379" threadId="0000000001164F00" bytesRequested="1168" />
<af-end id="3380" timestamp="2019-08-09T18:06:42.082" threadId="0000000001165888" success="true" from="nursery"/>
<exclusive-end id="3381" timestamp="2019-08-09T18:06:42.082" durationms="1.738" />

<exclusive-start id="3382" timestamp="2019-08-09T18:06:42.160" intervalms="79.147">
  <response-info timems="0.671" idlems="0.671" threads="0" lastid="0000000001164F00" lastname="main" />
</exclusive-start>
<af-start id="3383" threadId="0000000001165888" totalBytesRequested="40" timestamp="2019-08-09T18:06:42.160" intervalms="79.144" type="nursery" />
<cycle-start id="3384" type="scavenge" contextid="0" timestamp="2019-08-09T18:06:42.160" intervalms="79.127" />
<gc-start id="3385" type="scavenge" contextid="3384" timestamp="2019-08-09T18:06:42.160">
  <mem-info id="3386" free="1894480" total="83755008" percent="2">
    <mem type="nursery" free="0" total="63832064" percent="0">
      <mem type="allocate" free="0" total="57409536" percent="0" />
      <mem type="survivor" free="0" total="6422528" percent="0" />
    </mem>
    <mem type="tenure" free="1894480" total="19922944" percent="9">
      <mem type="soa" free="1695824" total="19724288" percent="8" />
      <mem type="loa" free="198656" total="198656" percent="100" />
    </mem>
    <remembered-set count="125" />
  </mem-info>
</gc-start>
<allocation-stats totalBytes="57362552" >
  <allocated-bytes non-tlh="1168" tlh="57361384" />
  <largest-consumer threadName="main" threadId="0000000001164F00" bytes="57362552" />
</allocation-stats>
<gc-op id="3387" type="scavenge" timems="3.787" contextid="3384" timestamp="2019-08-09T18:06:42.164">
  <scavenger-info tenureage="3" tenuremask="fff8" tiltratio="89" />
  <memory-copied type="nursery" objects="158" bytes="5232" bytesdiscarded="27024" />
</gc-op>
<gc-end id="3388" type="scavenge" contextid="3384" durationms="4.293" usertimems="7.845" systemtimems="0.000" timestamp="2019-08-09T18:06:42.164" activeThreads="16">
  <mem-info id="3389" free="59271760" total="83755008" percent="70">
    <mem type="nursery" free="57377280" total="63832064" percent="89">
      <mem type="allocate" free="57377280" total="57409536" percent="99" />
      <mem type="survivor" free="0" total="6422528" percent="0" />
    </mem>
    <mem type="tenure" free="1894480" total="19922944" percent="9" macro-fragmented="0">
      <mem type="soa" free="1695824" total="19724288" percent="8" />
      <mem type="loa" free="198656" total="198656" percent="100" />
    </mem>
    <remembered-set count="125" />
  </mem-info>
</gc-end>
<cycle-end id="3390" type="scavenge" contextid="3384" timestamp="2019-08-09T18:06:42.164" />
  <attribute name="elasticGC enabled" value="1" />
  <attribute name= "numThreadsSpecified" value="16" />
  <attribute name="heapSize specified" value="49152000" />
  <attribute name="Current GC Util" value="2" />
  <attribute name= "Current Time Running" value="138030" />
  <attribute name ="GC Interval" value="2329" />
  <attribute name="Target GC Util Change" value ="80.000000" />
  <attribute name="Current GC Util Change" value="2.000000"/>
  <attribute name="Current Error" value="277.000000" />
  <attribute name="Output H" value="83831008"/>
  <attribute name="Output I" value="2328"/>
  <attribute name="Output T" value="16"/>
  <attribute name= "Current Time Running" value="138030" />
  <attribute name="GC Util currently" value="2" />
  <attribute name="CPU Util currently" value="14573632993" />
<allocation-satisfied id="3391" threadId="0000000001164F00" bytesRequested="40" />
<af-end id="3392" timestamp="2019-08-09T18:06:42.164" threadId="0000000001165888" success="true" from="nursery"/>
<exclusive-end id="3393" timestamp="2019-08-09T18:06:42.164" durationms="4.573" />

<exclusive-start id="3394" timestamp="2019-08-09T18:06:42.428" intervalms="267.981">
  <response-info timems="0.425" idlems="0.425" threads="0" lastid="0000000001164F00" lastname="main" />
</exclusive-start>
<af-start id="3395" threadId="0000000001165888" totalBytesRequested="16" timestamp="2019-08-09T18:06:42.428" intervalms="268.032" type="nursery" />
<cycle-start id="3396" type="scavenge" contextid="0" timestamp="2019-08-09T18:06:42.428" intervalms="268.031" />
<gc-start id="3397" type="scavenge" contextid="3396" timestamp="2019-08-09T18:06:42.428">
  <mem-info id="3398" free="1894480" total="83755008" percent="2">
    <mem type="nursery" free="0" total="63832064" percent="0">
      <mem type="allocate" free="0" total="57409536" percent="0" />
      <mem type="survivor" free="0" total="6422528" percent="0" />
    </mem>
    <mem type="tenure" free="1894480" total="19922944" percent="9">
      <mem type="soa" free="1695824" total="19724288" percent="8" />
      <mem type="loa" free="198656" total="198656" percent="100" />
    </mem>
    <remembered-set count="130" />
  </mem-info>
</gc-start>
<allocation-stats totalBytes="57369112" >
  <allocated-bytes non-tlh="40" tlh="57369072" />
  <largest-consumer threadName="main" threadId="0000000001164F00" bytes="57369112" />
</allocation-stats>
<gc-op id="3399" type="scavenge" timems="2.874" contextid="3396" timestamp="2019-08-09T18:06:42.431">
  <scavenger-info tenureage="3" tenuremask="fff8" tiltratio="89" />
  <memory-copied type="nursery" objects="247" bytes="7992" bytesdiscarded="80280" />
  <references type="weak" candidates="37" cleared="0" enqueued="0" />
</gc-op>
<gc-end id="3400" type="scavenge" contextid="3396" durationms="3.318" usertimems="6.182" systemtimems="0.000" timestamp="2019-08-09T18:06:42.431" activeThreads="16">
  <mem-info id="3401" free="59215696" total="83755008" percent="70">
    <mem type="nursery" free="57321216" total="63832064" percent="89">
      <mem type="allocate" free="57321216" total="57409536" percent="99" />
      <mem type="survivor" free="0" total="6422528" percent="0" />
    </mem>
    <mem type="tenure" free="1894480" total="19922944" percent="9" macro-fragmented="0">
      <mem type="soa" free="1695824" total="19724288" percent="8" />
      <mem type="loa" free="198656" total="198656" percent="100" />
    </mem>
    <remembered-set count="120" />
  </mem-info>
</gc-end>
<cycle-end id="3402" type="scavenge" contextid="3396" timestamp="2019-08-09T18:06:42.432" />
  <attribute name="elasticGC enabled" value="1" />
  <attribute name= "numThreadsSpecified" value="16" />
  <attribute name="heapSize specified" value="49152000" />
  <attribute name="Current GC Util" value="1" />
  <attribute name= "Current Time Running" value="138298" />
  <attribute name ="GC Interval" value="2425" />
  <attribute name="Target GC Util Change" value ="80.000000" />
  <attribute name="Current GC Util Change" value="1.000000"/>
  <attribute name="Current Error" value="356.000000" />
  <attribute name="Output H" value="83831104"/>
  <attribute name="Output I" value="2424"/>
  <attribute name="Output T" value="16"/>
  <attribute name= "Current Time Running" value="138298" />
  <attribute name="GC Util currently" value="1" />
  <attribute name="CPU Util currently" value="4301750941" />
<allocation-satisfied id="3403" threadId="0000000001164F00" bytesRequested="16" />
<af-end id="3404" timestamp="2019-08-09T18:06:42.432" threadId="0000000001165888" success="true" from="nursery"/>
<exclusive-end id="3405" timestamp="2019-08-09T18:06:42.432" durationms="3.657" />

<exclusive-start id="3406" timestamp="2019-08-09T18:06:42.546" intervalms="117.869">
  <response-info timems="0.140" idlems="0.140" threads="0" lastid="0000000001164F00" lastname="main" />
</exclusive-start>
<af-start id="3407" threadId="0000000001165888" totalBytesRequested="176" timestamp="2019-08-09T18:06:42.546" intervalms="117.977" type="nursery" />
<cycle-start id="3408" type="scavenge" contextid="0" timestamp="2019-08-09T18:06:42.546" intervalms="117.978" />
<gc-start id="3409" type="scavenge" contextid="3408" timestamp="2019-08-09T18:06:42.546">
  <mem-info id="3410" free="1894480" total="83755008" percent="2">
    <mem type="nursery" free="0" total="63832064" percent="0">
      <mem type="allocate" free="0" total="57409536" percent="0" />
      <mem type="survivor" free="0" total="6422528" percent="0" />
    </mem>
    <mem type="tenure" free="1894480" total="19922944" percent="9">
      <mem type="soa" free="1695824" total="19724288" percent="8" />
      <mem type="loa" free="198656" total="198656" percent="100" />
    </mem>
    <remembered-set count="122" />
  </mem-info>
</gc-start>
<allocation-stats totalBytes="57300720" >
  <allocated-bytes non-tlh="16" tlh="57300704" />
  <largest-consumer threadName="main" threadId="0000000001164F00" bytes="57300720" />
</allocation-stats>
<gc-op id="3411" type="scavenge" timems="2.450" contextid="3408" timestamp="2019-08-09T18:06:42.549">
  <scavenger-info tenureage="3" tenuremask="fff8" tiltratio="89" />
  <memory-copied type="nursery" objects="82" bytes="2504" bytesdiscarded="101176" />
  <references type="weak" candidates="37" cleared="7" enqueued="3" />
</gc-op>
<gc-end id="3412" type="scavenge" contextid="3408" durationms="2.883" usertimems="6.140" systemtimems="0.000" timestamp="2019-08-09T18:06:42.549" activeThreads="16">
  <mem-info id="3413" free="59200336" total="83755008" percent="70">
    <mem type="nursery" free="57305856" total="63832064" percent="89">
      <mem type="allocate" free="57305856" total="57409536" percent="99" />
      <mem type="survivor" free="0" total="6422528" percent="0" />
    </mem>
    <mem type="tenure" free="1894480" total="19922944" percent="9" macro-fragmented="1500163">
      <mem type="soa" free="1695824" total="19724288" percent="8" />
      <mem type="loa" free="198656" total="198656" percent="100" />
    </mem>
    <pending-finalizers system="0" default="0" reference="3" classloader="0" />
    <remembered-set count="122" />
  </mem-info>
</gc-end>
<cycle-end id="3414" type="scavenge" contextid="3408" timestamp="2019-08-09T18:06:42.549" />
  <attribute name="elasticGC enabled" value="1" />
  <attribute name= "numThreadsSpecified" value="16" />
  <attribute name="heapSize specified" value="49152000" />
  <attribute name="Current GC Util" value="2" />
  <attribute name= "Current Time Running" value="138416" />
  <attribute name ="GC Interval" value="2105" />
  <attribute name="Target GC Util Change" value ="80.000000" />
  <attribute name="Current GC Util Change" value="2.000000"/>
  <attribute name="Current Error" value="78.000000" />
  <attribute name="Output H" value="83830784"/>
  <attribute name="Output I" value="2104"/>
  <attribute name="Output T" value="16"/>
  <attribute name= "Current Time Running" value="138416" />
  <attribute name="GC Util currently" value="2" />
  <attribute name="CPU Util currently" value="9770536270" />
<allocation-satisfied id="3415" threadId="0000000001164F00" bytesRequested="176" />
<af-end id="3416" timestamp="2019-08-09T18:06:42.549" threadId="0000000001165888" success="true" from="nursery"/>
<exclusive-end id="3417" timestamp="2019-08-09T18:06:42.549" durationms="3.364" />

<exclusive-start id="3418" timestamp="2019-08-09T18:06:42.612" intervalms="66.578">
  <response-info timems="0.021" idlems="0.021" threads="0" lastid="0000000001164F00" lastname="main" />
</exclusive-start>
<af-start id="3419" threadId="0000000001165888" totalBytesRequested="16" timestamp="2019-08-09T18:06:42.612" intervalms="66.405" type="nursery" />
<cycle-start id="3420" type="scavenge" contextid="0" timestamp="2019-08-09T18:06:42.612" intervalms="66.425" />
<gc-start id="3421" type="scavenge" contextid="3420" timestamp="2019-08-09T18:06:42.612">
  <mem-info id="3422" free="1894480" total="83755008" percent="2">
    <mem type="nursery" free="0" total="63832064" percent="0">
      <mem type="allocate" free="0" total="57409536" percent="0" />
      <mem type="survivor" free="0" total="6422528" percent="0" />
    </mem>
    <mem type="tenure" free="1894480" total="19922944" percent="9">
      <mem type="soa" free="1695824" total="19724288" percent="8" />
      <mem type="loa" free="198656" total="198656" percent="100" />
    </mem>
    <remembered-set count="123" />
  </mem-info>
</gc-start>
<allocation-stats totalBytes="57276440" >
  <allocated-bytes non-tlh="176" tlh="57276264" />
  <largest-consumer threadName="main" threadId="0000000001164F00" bytes="57272344" />
</allocation-stats>
<gc-op id="3423" type="scavenge" timems="3.291" contextid="3420" timestamp="2019-08-09T18:06:42.616">
  <scavenger-info tenureage="3" tenuremask="fff8" tiltratio="89" />
  <memory-copied type="nursery" objects="77" bytes="2880" bytesdiscarded="84672" />
  <memory-copied type="tenure" objects="8" bytes="184" bytesdiscarded="0" />
  <references type="weak" candidates="30" cleared="0" enqueued="0" />
</gc-op>
<gc-end id="3424" type="scavenge" contextid="3420" durationms="3.919" usertimems="5.364" systemtimems="0.000" timestamp="2019-08-09T18:06:42.616" activeThreads="16">
  <mem-info id="3425" free="59216464" total="83755008" percent="70">
    <mem type="nursery" free="57321984" total="63832064" percent="89">
      <mem type="allocate" free="57321984" total="57409536" percent="99" />
      <mem type="survivor" free="0" total="6422528" percent="0" />
    </mem>
    <mem type="tenure" free="1894480" total="19922944" percent="9" macro-fragmented="0">
      <mem type="soa" free="1695824" total="19724288" percent="8" />
      <mem type="loa" free="198656" total="198656" percent="100" />
    </mem>
    <remembered-set count="119" />
  </mem-info>
</gc-end>
<cycle-end id="3426" type="scavenge" contextid="3420" timestamp="2019-08-09T18:06:42.616" />
  <attribute name="elasticGC enabled" value="1" />
  <attribute name= "numThreadsSpecified" value="16" />
  <attribute name="heapSize specified" value="49152000" />
  <attribute name="Current GC Util" value="5" />
  <attribute name= "Current Time Running" value="138482" />
  <attribute name ="GC Interval" value="2185" />
  <attribute name="Target GC Util Change" value ="80.000000" />
  <attribute name="Current GC Util Change" value="5.000000"/>
  <attribute name="Current Error" value="153.000000" />
  <attribute name="Output H" value="83830864"/>
  <attribute name="Output I" value="2184"/>
  <attribute name="Output T" value="16"/>
  <attribute name= "Current Time Running" value="138482" />
  <attribute name="GC Util currently" value="5" />
  <attribute name="CPU Util currently" value="17343579606" />
<allocation-satisfied id="3427" threadId="0000000001164F00" bytesRequested="16" />
<af-end id="3428" timestamp="2019-08-09T18:06:42.617" threadId="0000000001165888" success="true" from="nursery"/>
<exclusive-end id="3429" timestamp="2019-08-09T18:06:42.617" durationms="4.212" />

<exclusive-start id="3430" timestamp="2019-08-09T18:06:42.678" intervalms="65.338">
  <response-info timems="0.293" idlems="0.293" threads="0" lastid="0000000001164F00" lastname="main" />
</exclusive-start>
<af-start id="3431" threadId="0000000001165888" totalBytesRequested="248" timestamp="2019-08-09T18:06:42.678" intervalms="65.392" type="nursery" />
<cycle-start id="3432" type="scavenge" contextid="0" timestamp="2019-08-09T18:06:42.678" intervalms="65.433" />
<gc-start id="3433" type="scavenge" contextid="3432" timestamp="2019-08-09T18:06:42.678">
  <mem-info id="3434" free="1894480" total="83755008" percent="2">
    <mem type="nursery" free="0" total="63832064" percent="0">
      <mem type="allocate" free="0" total="57409536" percent="0" />
      <mem type="survivor" free="0" total="6422528" percent="0" />
    </mem>
    <mem type="tenure" free="1894480" total="19922944" percent="9">
      <mem type="soa" free="1695824" total="19724288" percent="8" />
      <mem type="loa" free="198656" total="198656" percent="100" />
    </mem>
    <remembered-set count="119" />
  </mem-info>
</gc-start>
<allocation-stats totalBytes="57291824" >
  <allocated-bytes non-tlh="16" tlh="57291808" />
  <largest-consumer threadName="main" threadId="0000000001164F00" bytes="57291824" />
</allocation-stats>
<gc-op id="3435" type="scavenge" timems="2.964" contextid="3432" timestamp="2019-08-09T18:06:42.681">
  <scavenger-info tenureage="3" tenuremask="ffe8" tiltratio="89" />
  <memory-copied type="nursery" objects="25" bytes="1448" bytesdiscarded="46168" />
  <memory-copied type="tenure" objects="50" bytes="1464" bytesdiscarded="0" />
</gc-op>
<gc-end id="3436" type="scavenge" contextid="3432" durationms="3.433" usertimems="5.351" systemtimems="0.000" timestamp="2019-08-09T18:06:42.681" activeThreads="16">
  <mem-info id="3437" free="59232592" total="83755008" percent="70">
    <mem type="nursery" free="57361920" total="63832064" percent="89">
      <mem type="allocate" free="57361920" total="57409536" percent="99" />
      <mem type="survivor" free="0" total="6422528" percent="0" />
    </mem>
    <mem type="tenure" free="1870672" total="19922944" percent="9" macro-fragmented="868149">
      <mem type="soa" free="1672016" total="19724288" percent="8" />
      <mem type="loa" free="198656" total="198656" percent="100" />
    </mem>
    <remembered-set count="114" />
  </mem-info>
</gc-end>
<cycle-end id="3438" type="scavenge" contextid="3432" timestamp="2019-08-09T18:06:42.682" />
  <attribute name="elasticGC enabled" value="1" />
  <attribute name= "numThreadsSpecified" value="16" />
  <attribute name="heapSize specified" value="49152000" />
  <attribute name="Current GC Util" value="7" />
  <attribute name= "Current Time Running" value="138548" />
  <attribute name ="GC Interval" value="2273" />
  <attribute name="Target GC Util Change" value ="80.000000" />
  <attribute name="Current GC Util Change" value="7.000000"/>
  <attribute name="Current Error" value="226.000000" />
  <attribute name="Output H" value="83830952"/>
  <attribute name="Output I" value="2272"/>
  <attribute name="Output T" value="16"/>
  <attribute name= "Current Time Running" value="138548" />
  <attribute name="GC Util currently" value="7" />
  <attribute name="CPU Util currently" value="17638053572" />
<allocation-satisfied id="3439" threadId="0000000001164F00" bytesRequested="248" />
<af-end id="3440" timestamp="2019-08-09T18:06:42.682" threadId="0000000001165888" success="true" from="nursery"/>
<exclusive-end id="3441" timestamp="2019-08-09T18:06:42.682" durationms="3.955" />

<exclusive-start id="3442" timestamp="2019-08-09T18:06:42.750" intervalms="72.299">
  <response-info timems="0.075" idlems="0.075" threads="0" lastid="0000000001164F00" lastname="main" />
</exclusive-start>
<af-start id="3443" threadId="0000000001165888" totalBytesRequested="16" timestamp="2019-08-09T18:06:42.750" intervalms="72.281" type="nursery" />
<cycle-start id="3444" type="scavenge" contextid="0" timestamp="2019-08-09T18:06:42.750" intervalms="72.225" />
<gc-start id="3445" type="scavenge" contextid="3444" timestamp="2019-08-09T18:06:42.750">
  <mem-info id="3446" free="1870672" total="83755008" percent="2">
    <mem type="nursery" free="0" total="63832064" percent="0">
      <mem type="allocate" free="0" total="57409536" percent="0" />
      <mem type="survivor" free="0" total="6422528" percent="0" />
    </mem>
    <mem type="tenure" free="1870672" total="19922944" percent="9">
      <mem type="soa" free="1672016" total="19724288" percent="8" />
      <mem type="loa" free="198656" total="198656" percent="100" />
    </mem>
    <remembered-set count="114" />
  </mem-info>
</gc-start>
<allocation-stats totalBytes="57332976" >
  <allocated-bytes non-tlh="248" tlh="57332728" />
  <largest-consumer threadName="main" threadId="0000000001164F00" bytes="57332976" />
</allocation-stats>
<gc-op id="3447" type="scavenge" timems="6.509" contextid="3444" timestamp="2019-08-09T18:06:42.757">
  <scavenger-info tenureage="3" tenuremask="ffe8" tiltratio="89" />
  <memory-copied type="nursery" objects="9" bytes="1208" bytesdiscarded="31048" />
  <memory-copied type="tenure" objects="18" bytes="568" bytesdiscarded="0" />
</gc-op>
<heap-resize id="3448" type="expand" space="nursery" amount="3407872" count="1" timems="0.018" reason="excessive time being spent scavenging" timestamp="2019-08-09T18:06:42.757" />
<gc-end id="3449" type="scavenge" contextid="3444" durationms="7.356" usertimems="16.099" systemtimems="0.000" timestamp="2019-08-09T18:06:42.757" activeThreads="16">
  <mem-info id="3450" free="62246480" total="87162880" percent="71">
    <mem type="nursery" free="60391936" total="67239936" percent="89">
      <mem type="allocate" free="60391936" total="60424192" percent="99" />
      <mem type="survivor" free="0" total="6815744" percent="0" />
    </mem>
    <mem type="tenure" free="1854544" total="19922944" percent="9" macro-fragmented="0">
      <mem type="soa" free="1655888" total="19724288" percent="8" />
      <mem type="loa" free="198656" total="198656" percent="100" />
    </mem>
    <remembered-set count="116" />
  </mem-info>
</gc-end>
<cycle-end id="3451" type="scavenge" contextid="3444" timestamp="2019-08-09T18:06:42.758" />
  <attribute name="elasticGC enabled" value="1" />
  <attribute name= "numThreadsSpecified" value="16" />
  <attribute name="heapSize specified" value="49152000" />
  <attribute name="Current GC Util" value="3" />
  <attribute name= "Current Time Running" value="138620" />
  <attribute name ="GC Interval" value="2361" />
  <attribute name="Target GC Util Change" value ="80.000000" />
  <attribute name="Current GC Util Change" value="3.000000"/>
  <attribute name="Current Error" value="303.000000" />
  <attribute name="Output H" value="83831040"/>
  <attribute name="Output I" value="2360"/>
  <attribute name="Output T" value="16"/>
  <attribute name= "Current Time Running" value="138620" />
  <attribute name="GC Util currently" value="3" />
  <attribute name="CPU Util currently" value="15954892221" />
<allocation-satisfied id="3452" threadId="0000000001164F00" bytesRequested="16" />
<af-end id="3453" timestamp="2019-08-09T18:06:42.758" threadId="0000000001165888" success="true" from="nursery"/>
<exclusive-end id="3454" timestamp="2019-08-09T18:06:42.758" durationms="7.600" />

<exclusive-start id="3455" timestamp="2019-08-09T18:06:42.834" intervalms="84.084">
  <response-info timems="0.051" idlems="0.051" threads="0" lastid="0000000001164F00" lastname="main" />
</exclusive-start>
<af-start id="3456" threadId="0000000001165888" totalBytesRequested="192" timestamp="2019-08-09T18:06:42.834" intervalms="84.053" type="nursery" />
<cycle-start id="3457" type="scavenge" contextid="0" timestamp="2019-08-09T18:06:42.834" intervalms="84.047" />
<gc-start id="3458" type="scavenge" contextid="3457" timestamp="2019-08-09T18:06:42.834">
  <mem-info id="3459" free="1854544" total="87162880" percent="2">
    <mem type="nursery" free="0" total="67239936" percent="0">
      <mem type="allocate" free="0" total="60424192" percent="0" />
      <mem type="survivor" free="0" total="6815744" percent="0" />
    </mem>
    <mem type="tenure" free="1854544" total="19922944" percent="9">
      <mem type="soa" free="1655888" total="19724288" percent="8" />
      <mem type="loa" free="198656" total="198656" percent="100" />
    </mem>
    <remembered-set count="121" />
  </mem-info>
</gc-start>
<allocation-stats totalBytes="60351336" >
  <allocated-bytes non-tlh="16" tlh="60351320" />
  <largest-consumer threadName="main" threadId="0000000001164F00" bytes="60351336" />
</allocation-stats>
<gc-op id="3460" type="scavenge" timems="2.950" contextid="3457" timestamp="2019-08-09T18:06:42.837">
  <scavenger-info tenureage="3" tenuremask="ffe8" tiltratio="89" />
  <memory-copied type="nursery" objects="29" bytes="1288" bytesdiscarded="14840" />
  <memory-copied type="tenure" objects="1" bytes="520" bytesdiscarded="0" />
</gc-op>
<gc-end id="3461" type="scavenge" contextid="3457" durationms="3.319" usertimems="6.727" systemtimems="0.000" timestamp="2019-08-09T18:06:42.837" activeThreads="16">
  <mem-info id="3462" free="62328144" total="87162880" percent="71">
    <mem type="nursery" free="60473600" total="67239936" percent="89">
      <mem type="allocate" free="60473600" total="60489728" percent="99" />
      <mem type="survivor" free="0" total="6750208" percent="0" />
    </mem>
    <mem type="tenure" free="1854544" total="19922944" percent="9" macro-fragmented="1500163">
      <mem type="soa" free="1655888" total="19724288" percent="8" />
      <mem type="loa" free="198656" total="198656" percent="100" />
    </mem>
    <remembered-set count="120" />
  </mem-info>
</gc-end>
<cycle-end id="3463" type="scavenge" contextid="3457" timestamp="2019-08-09T18:06:42.838" />
  <attribute name="elasticGC enabled" value="1" />
  <attribute name= "numThreadsSpecified" value="16" />
  <attribute name="heapSize specified" value="49152000" />
  <attribute name="Current GC Util" value="10" />
  <attribute name= "Current Time Running" value="138704" />
  <attribute name ="GC Interval" value="2441" />
  <attribute name="Target GC Util Change" value ="80.000000" />
  <attribute name="Current GC Util Change" value="10.000000"/>
  <attribute name="Current Error" value="373.000000" />
  <attribute name="Output H" value="87238992"/>
  <attribute name="Output I" value="2440"/>
  <attribute name="Output T" value="16"/>
  <attribute name= "Current Time Running" value="138704" />
  <attribute name="GC Util currently" value="10" />
  <attribute name="CPU Util currently" value="13723849124" />
<allocation-satisfied id="3464" threadId="0000000001164F00" bytesRequested="192" />
<af-end id="3465" timestamp="2019-08-09T18:06:42.838" threadId="0000000001165888" success="true" from="nursery"/>
<exclusive-end id="3466" timestamp="2019-08-09T18:06:42.838" durationms="3.535" />

<exclusive-start id="3467" timestamp="2019-08-09T18:06:42.902" intervalms="67.896">
  <response-info timems="0.411" idlems="0.411" threads="0" lastid="0000000001164F00" lastname="main" />
</exclusive-start>
<af-start id="3468" threadId="0000000001165888" totalBytesRequested="40" timestamp="2019-08-09T18:06:42.902" intervalms="67.919" type="nursery" />
<cycle-start id="3469" type="scavenge" contextid="0" timestamp="2019-08-09T18:06:42.902" intervalms="67.920" />
<gc-start id="3470" type="scavenge" contextid="3469" timestamp="2019-08-09T18:06:42.902">
  <mem-info id="3471" free="1854544" total="87162880" percent="2">
    <mem type="nursery" free="0" total="67239936" percent="0">
      <mem type="allocate" free="0" total="60489728" percent="0" />
      <mem type="survivor" free="0" total="6750208" percent="0" />
    </mem>
    <mem type="tenure" free="1854544" total="19922944" percent="9">
      <mem type="soa" free="1655888" total="19724288" percent="8" />
      <mem type="loa" free="198656" total="198656" percent="100" />
    </mem>
    <remembered-set count="120" />
  </mem-info>
</gc-start>
<allocation-stats totalBytes="60419104" >
  <allocated-bytes non-tlh="192" tlh="60418912" />
  <largest-consumer threadName="main" threadId="0000000001164F00" bytes="60419104" />
</allocation-stats>
<gc-op id="3472" type="scavenge" timems="2.726" contextid="3469" timestamp="2019-08-09T18:06:42.905">
  <scavenger-info tenureage="3" tenuremask="ffe8" tiltratio="89" />
  <memory-copied type="nursery" objects="28" bytes="1120" bytesdiscarded="31136" />
</gc-op>
<gc-end id="3473" type="scavenge" contextid="3469" durationms="3.391" usertimems="8.092" systemtimems="0.000" timestamp="2019-08-09T18:06:42.905" activeThreads="16">
  <mem-info id="3474" free="62312016" total="87162880" percent="71">
    <mem type="nursery" free="60457472" total="67239936" percent="89">
      <mem type="allocate" free="60457472" total="60489728" percent="99" />
      <mem type="survivor" free="0" total="6750208" percent="0" />
    </mem>
    <mem type="tenure" free="1854544" total="19922944" percent="9" macro-fragmented="0">
      <mem type="soa" free="1655888" total="19724288" percent="8" />
      <mem type="loa" free="198656" total="198656" percent="100" />
    </mem>
    <remembered-set count="115" />
  </mem-info>
</gc-end>
<cycle-end id="3475" type="scavenge" contextid="3469" timestamp="2019-08-09T18:06:42.906" />
  <attribute name="elasticGC enabled" value="1" />
  <attribute name= "numThreadsSpecified" value="16" />
  <attribute name="heapSize specified" value="49152000" />
  <attribute name="Current GC Util" value="5" />
  <attribute name= "Current Time Running" value="138772" />
  <attribute name ="GC Interval" value="2529" />
  <attribute name="Target GC Util Change" value ="80.000000" />
  <attribute name="Current GC Util Change" value="5.000000"/>
  <attribute name="Current Error" value="448.000000" />
  <attribute name="Output H" value="87239080"/>
  <attribute name="Output I" value="2528"/>
  <attribute name="Output T" value="16"/>
  <attribute name= "Current Time Running" value="138772" />
  <attribute name="GC Util currently" value="5" />
  <attribute name="CPU Util currently" value="16962670632" />
<allocation-satisfied id="3476" threadId="0000000001164F00" bytesRequested="40" />
<af-end id="3477" timestamp="2019-08-09T18:06:42.906" threadId="0000000001165888" success="true" from="nursery"/>
<exclusive-end id="3478" timestamp="2019-08-09T18:06:42.906" durationms="3.736" />

<exclusive-start id="3479" timestamp="2019-08-09T18:06:43.132" intervalms="230.159">
  <response-info timems="0.074" idlems="0.074" threads="0" lastid="0000000001164F00" lastname="main" />
</exclusive-start>
<af-start id="3480" threadId="0000000001165888" totalBytesRequested="136" timestamp="2019-08-09T18:06:43.132" intervalms="230.144" type="nursery" />
<cycle-start id="3481" type="scavenge" contextid="0" timestamp="2019-08-09T18:06:43.132" intervalms="230.151" />
<gc-start id="3482" type="scavenge" contextid="3481" timestamp="2019-08-09T18:06:43.132">
  <mem-info id="3483" free="1854544" total="87162880" percent="2">
    <mem type="nursery" free="0" total="67239936" percent="0">
      <mem type="allocate" free="0" total="60489728" percent="0" />
      <mem type="survivor" free="0" total="6750208" percent="0" />
    </mem>
    <mem type="tenure" free="1854544" total="19922944" percent="9">
      <mem type="soa" free="1655888" total="19724288" percent="8" />
      <mem type="loa" free="198656" total="198656" percent="100" />
    </mem>
    <remembered-set count="117" />
  </mem-info>
</gc-start>
<allocation-stats totalBytes="60442888" >
  <allocated-bytes non-tlh="40" tlh="60442848" />
  <largest-consumer threadName="main" threadId="0000000001164F00" bytes="60442888" />
</allocation-stats>
<gc-op id="3484" type="scavenge" timems="4.468" contextid="3481" timestamp="2019-08-09T18:06:43.137">
  <scavenger-info tenureage="3" tenuremask="fff8" tiltratio="89" />
  <memory-copied type="nursery" objects="60" bytes="2560" bytesdiscarded="29696" />
</gc-op>
<gc-end id="3485" type="scavenge" contextid="3481" durationms="5.140" usertimems="10.430" systemtimems="0.000" timestamp="2019-08-09T18:06:43.137" activeThreads="16">
  <mem-info id="3486" free="62312016" total="87162880" percent="71">
    <mem type="nursery" free="60457472" total="67239936" percent="89">
      <mem type="allocate" free="60457472" total="60489728" percent="99" />
      <mem type="survivor" free="0" total="6750208" percent="0" />
    </mem>
    <mem type="tenure" free="1854544" total="19922944" percent="9" macro-fragmented="868149">
      <mem type="soa" free="1655888" total="19724288" percent="8" />
      <mem type="loa" free="198656" total="198656" percent="100" />
    </mem>
    <remembered-set count="117" />
  </mem-info>
</gc-end>
<cycle-end id="3487" type="scavenge" contextid="3481" timestamp="2019-08-09T18:06:43.137" />
  <attribute name="elasticGC enabled" value="1" />
  <attribute name= "numThreadsSpecified" value="16" />
  <attribute name="heapSize specified" value="49152000" />
  <attribute name="Current GC Util" value="2" />
  <attribute name= "Current Time Running" value="139002" />
  <attribute name ="GC Interval" value="2105" />
  <attribute name="Target GC Util Change" value ="80.000000" />
  <attribute name="Current GC Util Change" value="2.000000"/>
  <attribute name="Current Error" value="78.000000" />
  <attribute name="Output H" value="87238656"/>
  <attribute name="Output I" value="2104"/>
  <attribute name="Output T" value="16"/>
  <attribute name= "Current Time Running" value="139002" />
  <attribute name="GC Util currently" value="2" />
  <attribute name="CPU Util currently" value="5010063240" />
<allocation-satisfied id="3488" threadId="0000000001164F00" bytesRequested="136" />
<af-end id="3489" timestamp="2019-08-09T18:06:43.137" threadId="0000000001165888" success="true" from="nursery"/>
<exclusive-end id="3490" timestamp="2019-08-09T18:06:43.137" durationms="5.395" />

<exclusive-start id="3491" timestamp="2019-08-09T18:06:45.475" intervalms="2343.287">
  <response-info timems="0.285" idlems="0.285" threads="0" lastid="0000000001164F00" lastname="main" />
</exclusive-start>
<af-start id="3492" threadId="0000000001165888" totalBytesRequested="11968" timestamp="2019-08-09T18:06:45.475" intervalms="2343.288" type="nursery" />
<cycle-start id="3493" type="scavenge" contextid="0" timestamp="2019-08-09T18:06:45.475" intervalms="2343.283" />
<gc-start id="3494" type="scavenge" contextid="3493" timestamp="2019-08-09T18:06:45.476">
  <mem-info id="3495" free="1854544" total="87162880" percent="2">
    <mem type="nursery" free="0" total="67239936" percent="0">
      <mem type="allocate" free="0" total="60489728" percent="0" />
      <mem type="survivor" free="0" total="6750208" percent="0" />
    </mem>
    <mem type="tenure" free="1854544" total="19922944" percent="9">
      <mem type="soa" free="1655888" total="19724288" percent="8" />
      <mem type="loa" free="198656" total="198656" percent="100" />
    </mem>
    <remembered-set count="129" />
  </mem-info>
</gc-start>
<allocation-stats totalBytes="58450088" >
  <allocated-bytes non-tlh="136" tlh="58449952" />
  <largest-consumer threadName="main" threadId="0000000001164F00" bytes="58450088" />
</allocation-stats>
<gc-op id="3496" type="scavenge" timems="2.529" contextid="3493" timestamp="2019-08-09T18:06:45.478">
  <scavenger-info tenureage="4" tenuremask="fff0" tiltratio="89" />
  <memory-copied type="nursery" objects="92" bytes="28288" bytesdiscarded="17456" />
</gc-op>
<gc-end id="3497" type="scavenge" contextid="3493" durationms="3.050" usertimems="5.928" systemtimems="0.000" timestamp="2019-08-09T18:06:45.479" activeThreads="16">
  <mem-info id="3498" free="62298528" total="87162880" percent="71">
    <mem type="nursery" free="60443984" total="67239936" percent="89">
      <mem type="allocate" free="60443984" total="60489728" percent="99" />
      <mem type="survivor" free="0" total="6750208" percent="0" />
    </mem>
    <mem type="tenure" free="1854544" total="19922944" percent="9" macro-fragmented="0">
      <mem type="soa" free="1655888" total="19724288" percent="8" />
      <mem type="loa" free="198656" total="198656" percent="100" />
    </mem>
    <remembered-set count="129" />
  </mem-info>
</gc-end>
<cycle-end id="3499" type="scavenge" contextid="3493" timestamp="2019-08-09T18:06:45.479" />
  <attribute name="elasticGC enabled" value="1" />
  <attribute name= "numThreadsSpecified" value="16" />
  <attribute name="heapSize specified" value="49152000" />
  <attribute name="Current GC Util" value="0" />
  <attribute name= "Current Time Running" value="141345" />
  <attribute name ="GC Interval" value="2193" />
  <attribute name="Target GC Util Change" value ="80.000000" />
  <attribute name="Current GC Util Change" value="0.000000"/>
  <attribute name="Current Error" value="158.000000" />
  <attribute name="Output H" value="87238744"/>
  <attribute name="Output I" value="2192"/>
  <attribute name="Output T" value="16"/>
  <attribute name= "Current Time Running" value="141345" />
  <attribute name="GC Util currently" value="0" />
  <attribute name="CPU Util currently" value="2" />
<allocation-satisfied id="3500" threadId="0000000001164F00" bytesRequested="11968" />
<af-end id="3501" timestamp="2019-08-09T18:06:45.479" threadId="0000000001165888" success="true" from="nursery"/>
<exclusive-end id="3502" timestamp="2019-08-09T18:06:45.479" durationms="3.337" />

<exclusive-start id="3503" timestamp="2019-08-09T18:06:46.517" intervalms="1041.272">
  <response-info timems="0.240" idlems="0.240" threads="0" lastid="0000000001164F00" lastname="main" />
</exclusive-start>
<af-start id="3504" threadId="0000000001165888" totalBytesRequested="80" timestamp="2019-08-09T18:06:46.517" intervalms="1041.267" type="nursery" />
<cycle-start id="3505" type="scavenge" contextid="0" timestamp="2019-08-09T18:06:46.517" intervalms="1041.263" />
<gc-start id="3506" type="scavenge" contextid="3505" timestamp="2019-08-09T18:06:46.517">
  <mem-info id="3507" free="1854544" total="87162880" percent="2">
    <mem type="nursery" free="0" total="67239936" percent="0">
      <mem type="allocate" free="0" total="60489728" percent="0" />
      <mem type="survivor" free="0" total="6750208" percent="0" />
    </mem>
    <mem type="tenure" free="1854544" total="19922944" percent="9">
      <mem type="soa" free="1655888" total="19724288" percent="8" />
      <mem type="loa" free="198656" total="198656" percent="100" />
    </mem>
    <remembered-set count="139" />
  </mem-info>
</gc-start>
<allocation-stats totalBytes="60437464" >
  <allocated-bytes non-tlh="11968" tlh="60425496" />
  <largest-consumer threadName="main" threadId="0000000001164F00" bytes="60437464" />
</allocation-stats>
<gc-op id="3508" type="scavenge" timems="2.127" contextid="3505" timestamp="2019-08-09T18:06:46.519">
  <scavenger-info tenureage="3" tenuremask="fff8" tiltratio="89" />
  <memory-copied type="nursery" objects="100" bytes="2664" bytesdiscarded="29592" />
  <memory-copied type="tenure" objects="12" bytes="560" bytesdiscarded="0" />
</gc-op>
<gc-end id="3509" type="scavenge" contextid="3505" durationms="2.372" usertimems="5.885" systemtimems="0.000" timestamp="2019-08-09T18:06:46.519" activeThreads="16">
  <mem-info id="3510" free="62312016" total="87162880" percent="71">
    <mem type="nursery" free="60457472" total="67239936" percent="89">
      <mem type="allocate" free="60457472" total="60489728" percent="99" />
      <mem type="survivor" free="0" total="6750208" percent="0" />
    </mem>
    <mem type="tenure" free="1854544" total="19922944" percent="9" macro-fragmented="868149">
      <mem type="soa" free="1655888" total="19724288" percent="8" />
      <mem type="loa" free="198656" total="198656" percent="100" />
    </mem>
    <remembered-set count="135" />
  </mem-info>
</gc-end>
<cycle-end id="3511" type="scavenge" contextid="3505" timestamp="2019-08-09T18:06:46.519" />
  <attribute name="elasticGC enabled" value="1" />
  <attribute name= "numThreadsSpecified" value="16" />
  <attribute name="heapSize specified" value="49152000" />
  <attribute name="Current GC Util" value="0" />
  <attribute name= "Current Time Running" value="142387" />
  <attribute name ="GC Interval" value="2289" />
  <attribute name="Target GC Util Change" value ="80.000000" />
  <attribute name="Current GC Util Change" value="0.000000"/>
  <attribute name="Current Error" value="238.000000" />
  <attribute name="Output H" value="87238840"/>
  <attribute name="Output I" value="2288"/>
  <attribute name="Output T" value="16"/>
  <attribute name= "Current Time Running" value="142387" />
  <attribute name="GC Util currently" value="0" />
  <attribute name="CPU Util currently" value="1107259372" />
<allocation-satisfied id="3512" threadId="0000000001164F00" bytesRequested="80" />
<af-end id="3513" timestamp="2019-08-09T18:06:46.520" threadId="0000000001165888" success="true" from="nursery"/>
<exclusive-end id="3514" timestamp="2019-08-09T18:06:46.520" durationms="2.861" />

<exclusive-start id="3515" timestamp="2019-08-09T18:06:46.986" intervalms="469.191">
  <response-info timems="0.478" idlems="0.478" threads="0" lastid="0000000001164F00" lastname="main" />
</exclusive-start>
<af-start id="3516" threadId="0000000001165888" totalBytesRequested="24" timestamp="2019-08-09T18:06:46.986" intervalms="469.254" type="nursery" />
<cycle-start id="3517" type="scavenge" contextid="0" timestamp="2019-08-09T18:06:46.986" intervalms="469.262" />
<gc-start id="3518" type="scavenge" contextid="3517" timestamp="2019-08-09T18:06:46.986">
  <mem-info id="3519" free="1854512" total="87162880" percent="2">
    <mem type="nursery" free="0" total="67239936" percent="0">
      <mem type="allocate" free="0" total="60489728" percent="0" />
      <mem type="survivor" free="0" total="6750208" percent="0" />
    </mem>
    <mem type="tenure" free="1854512" total="19922944" percent="9">
      <mem type="soa" free="1655856" total="19724288" percent="8" />
      <mem type="loa" free="198656" total="198656" percent="100" />
    </mem>
    <remembered-set count="138" />
  </mem-info>
</gc-start>
<allocation-stats totalBytes="60449144" >
  <allocated-bytes non-tlh="112" tlh="60449032" />
  <largest-consumer threadName="main" threadId="0000000001164F00" bytes="60449144" />
</allocation-stats>
<gc-op id="3520" type="scavenge" timems="4.076" contextid="3517" timestamp="2019-08-09T18:06:46.990">
  <scavenger-info tenureage="3" tenuremask="ffd8" tiltratio="89" />
  <memory-copied type="nursery" objects="126" bytes="3584" bytesdiscarded="28672" />
  <memory-copied type="tenure" objects="7" bytes="160" bytesdiscarded="0" />
</gc-op>
<gc-end id="3521" type="scavenge" contextid="3517" durationms="4.807" usertimems="15.017" systemtimems="0.000" timestamp="2019-08-09T18:06:46.991" activeThreads="16">
  <mem-info id="3522" free="62311984" total="87162880" percent="71">
    <mem type="nursery" free="60457472" total="67239936" percent="89">
      <mem type="allocate" free="60457472" total="60489728" percent="99" />
      <mem type="survivor" free="0" total="6750208" percent="0" />
    </mem>
    <mem type="tenure" free="1854512" total="19922944" percent="9" macro-fragmented="0">
      <mem type="soa" free="1655856" total="19724288" percent="8" />
      <mem type="loa" free="198656" total="198656" percent="100" />
    </mem>
    <remembered-set count="136" />
  </mem-info>
</gc-end>
<cycle-end id="3523" type="scavenge" contextid="3517" timestamp="2019-08-09T18:06:46.991" />
  <attribute name="elasticGC enabled" value="1" />
  <attribute name= "numThreadsSpecified" value="16" />
  <attribute name="heapSize specified" value="49152000" />
  <attribute name="Current GC Util" value="0" />
  <attribute name= "Current Time Running" value="142856" />
  <attribute name ="GC Interval" value="2377" />
  <attribute name="Target GC Util Change" value ="80.000000" />
  <attribute name="Current GC Util Change" value="0.000000"/>
  <attribute name="Current Error" value="318.000000" />
  <attribute name="Output H" value="87238928"/>
  <attribute name="Output I" value="2376"/>
  <attribute name="Output T" value="16"/>
  <attribute name= "Current Time Running" value="142856" />
  <attribute name="GC Util currently" value="0" />
  <attribute name="CPU Util currently" value="2457780867" />
<allocation-satisfied id="3524" threadId="0000000001164F00" bytesRequested="24" />
<af-end id="3525" timestamp="2019-08-09T18:06:46.991" threadId="0000000001165888" success="true" from="nursery"/>
<exclusive-end id="3526" timestamp="2019-08-09T18:06:46.991" durationms="5.137" />

<exclusive-start id="3527" timestamp="2019-08-09T18:06:47.740" intervalms="753.781">
  <response-info timems="0.070" idlems="0.070" threads="0" lastid="0000000001164F00" lastname="main" />
</exclusive-start>
<af-start id="3528" threadId="0000000001165888" totalBytesRequested="80" timestamp="2019-08-09T18:06:47.740" intervalms="753.722" type="nursery" />
<cycle-start id="3529" type="scavenge" contextid="0" timestamp="2019-08-09T18:06:47.740" intervalms="753.721" />
<gc-start id="3530" type="scavenge" contextid="3529" timestamp="2019-08-09T18:06:47.740">
  <mem-info id="3531" free="1854512" total="87162880" percent="2">
    <mem type="nursery" free="0" total="67239936" percent="0">
      <mem type="allocate" free="0" total="60489728" percent="0" />
      <mem type="survivor" free="0" total="6750208" percent="0" />
    </mem>
    <mem type="tenure" free="1854512" total="19922944" percent="9">
      <mem type="soa" free="1655856" total="19724288" percent="8" />
      <mem type="loa" free="198656" total="198656" percent="100" />
    </mem>
    <remembered-set count="138" />
  </mem-info>
</gc-start>
<allocation-stats totalBytes="60436504" >
  <allocated-bytes non-tlh="24" tlh="60436480" />
  <largest-consumer threadName="main" threadId="0000000001164F00" bytes="60436504" />
</allocation-stats>
<gc-op id="3532" type="scavenge" timems="1.684" contextid="3529" timestamp="2019-08-09T18:06:47.742">
  <scavenger-info tenureage="3" tenuremask="ffe8" tiltratio="89" />
  <memory-copied type="nursery" objects="77" bytes="2440" bytesdiscarded="29816" />
  <memory-copied type="tenure" objects="42" bytes="960" bytesdiscarded="0" />
</gc-op>
<gc-end id="3533" type="scavenge" contextid="3529" durationms="2.201" usertimems="7.151" systemtimems="0.000" timestamp="2019-08-09T18:06:47.742" activeThreads="16">
  <mem-info id="3534" free="62311984" total="87162880" percent="71">
    <mem type="nursery" free="60457472" total="67239936" percent="89">
      <mem type="allocate" free="60457472" total="60489728" percent="99" />
      <mem type="survivor" free="0" total="6750208" percent="0" />
    </mem>
    <mem type="tenure" free="1854512" total="19922944" percent="9" macro-fragmented="0">
      <mem type="soa" free="1655856" total="19724288" percent="8" />
      <mem type="loa" free="198656" total="198656" percent="100" />
    </mem>
    <remembered-set count="126" />
  </mem-info>
</gc-end>
<cycle-end id="3535" type="scavenge" contextid="3529" timestamp="2019-08-09T18:06:47.742" />
  <attribute name="elasticGC enabled" value="1" />
  <attribute name= "numThreadsSpecified" value="16" />
  <attribute name="heapSize specified" value="49152000" />
  <attribute name="Current GC Util" value="0" />
  <attribute name= "Current Time Running" value="143610" />
  <attribute name ="GC Interval" value="2473" />
  <attribute name="Target GC Util Change" value ="80.000000" />
  <attribute name="Current GC Util Change" value="0.000000"/>
  <attribute name="Current Error" value="398.000000" />
  <attribute name="Output H" value="87239024"/>
  <attribute name="Output I" value="2472"/>
  <attribute name="Output T" value="16"/>
  <attribute name= "Current Time Running" value="143610" />
  <attribute name="GC Util currently" value="0" />
  <attribute name="CPU Util currently" value="1529388166" />
<allocation-satisfied id="3536" threadId="0000000001164F00" bytesRequested="80" />
<af-end id="3537" timestamp="2019-08-09T18:06:47.742" threadId="0000000001165888" success="true" from="nursery"/>
<exclusive-end id="3538" timestamp="2019-08-09T18:06:47.742" durationms="2.530" />

<exclusive-start id="3539" timestamp="2019-08-09T18:06:48.149" intervalms="409.304">
  <response-info timems="0.223" idlems="0.223" threads="0" lastid="0000000001164F00" lastname="main" />
</exclusive-start>
<af-start id="3540" threadId="0000000001165888" totalBytesRequested="40" timestamp="2019-08-09T18:06:48.149" intervalms="409.305" type="nursery" />
<cycle-start id="3541" type="scavenge" contextid="0" timestamp="2019-08-09T18:06:48.149" intervalms="409.306" />
<gc-start id="3542" type="scavenge" contextid="3541" timestamp="2019-08-09T18:06:48.149">
  <mem-info id="3543" free="1854512" total="87162880" percent="2">
    <mem type="nursery" free="0" total="67239936" percent="0">
      <mem type="allocate" free="0" total="60489728" percent="0" />
      <mem type="survivor" free="0" total="6750208" percent="0" />
    </mem>
    <mem type="tenure" free="1854512" total="19922944" percent="9">
      <mem type="soa" free="1655856" total="19724288" percent="8" />
      <mem type="loa" free="198656" total="198656" percent="100" />
    </mem>
    <remembered-set count="133" />
  </mem-info>
</gc-start>
<allocation-stats totalBytes="60451760" >
  <allocated-bytes non-tlh="80" tlh="60451680" />
  <largest-consumer threadName="main" threadId="0000000001164F00" bytes="60451760" />
</allocation-stats>
<gc-op id="3544" type="scavenge" timems="2.362" contextid="3541" timestamp="2019-08-09T18:06:48.151">
  <scavenger-info tenureage="5" tenuremask="ffe0" tiltratio="89" />
  <memory-copied type="nursery" objects="97" bytes="2672" bytesdiscarded="29584" />
</gc-op>
<gc-end id="3545" type="scavenge" contextid="3541" durationms="2.978" usertimems="7.188" systemtimems="0.000" timestamp="2019-08-09T18:06:48.152" activeThreads="16">
  <mem-info id="3546" free="62311984" total="87162880" percent="71">
    <mem type="nursery" free="60457472" total="67239936" percent="89">
      <mem type="allocate" free="60457472" total="60489728" percent="99" />
      <mem type="survivor" free="0" total="6750208" percent="0" />
    </mem>
    <mem type="tenure" free="1854512" total="19922944" percent="9" macro-fragmented="0">
      <mem type="soa" free="1655856" total="19724288" percent="8" />
      <mem type="loa" free="198656" total="198656" percent="100" />
    </mem>
    <remembered-set count="131" />
  </mem-info>
</gc-end>
<cycle-end id="3547" type="scavenge" contextid="3541" timestamp="2019-08-09T18:06:48.152" />
  <attribute name="elasticGC enabled" value="1" />
  <attribute name= "numThreadsSpecified" value="16" />
  <attribute name="heapSize specified" value="49152000" />
  <attribute name="Current GC Util" value="1" />
  <attribute name= "Current Time Running" value="144019" />
  <attribute name ="GC Interval" value="2561" />
  <attribute name="Target GC Util Change" value ="80.000000" />
  <attribute name="Current GC Util Change" value="1.000000"/>
  <attribute name="Current Error" value="477.000000" />
  <attribute name="Output H" value="87239112"/>
  <attribute name="Output I" value="2560"/>
  <attribute name="Output T" value="16"/>
  <attribute name= "Current Time Running" value="144019" />
  <attribute name="GC Util currently" value="1" />
  <attribute name="CPU Util currently" value="2817578600" />
<allocation-satisfied id="3548" threadId="0000000001164F00" bytesRequested="40" />
<af-end id="3549" timestamp="2019-08-09T18:06:48.152" threadId="0000000001165888" success="true" from="nursery"/>
<exclusive-end id="3550" timestamp="2019-08-09T18:06:48.152" durationms="3.230" />

<exclusive-start id="3551" timestamp="2019-08-09T18:06:48.431" intervalms="282.333">
  <response-info timems="0.157" idlems="0.157" threads="0" lastid="0000000001164F00" lastname="main" />
</exclusive-start>
<af-start id="3552" threadId="0000000001165888" totalBytesRequested="32" timestamp="2019-08-09T18:06:48.431" intervalms="282.341" type="nursery" />
<cycle-start id="3553" type="scavenge" contextid="0" timestamp="2019-08-09T18:06:48.431" intervalms="282.333" />
<gc-start id="3554" type="scavenge" contextid="3553" timestamp="2019-08-09T18:06:48.431">
  <mem-info id="3555" free="1854512" total="87162880" percent="2">
    <mem type="nursery" free="0" total="67239936" percent="0">
      <mem type="allocate" free="0" total="60489728" percent="0" />
      <mem type="survivor" free="0" total="6750208" percent="0" />
    </mem>
    <mem type="tenure" free="1854512" total="19922944" percent="9">
      <mem type="soa" free="1655856" total="19724288" percent="8" />
      <mem type="loa" free="198656" total="198656" percent="100" />
    </mem>
    <remembered-set count="133" />
  </mem-info>
</gc-start>
<allocation-stats totalBytes="60450248" >
  <allocated-bytes non-tlh="40" tlh="60450208" />
  <largest-consumer threadName="main" threadId="0000000001164F00" bytes="60450248" />
</allocation-stats>
<gc-op id="3556" type="scavenge" timems="2.716" contextid="3553" timestamp="2019-08-09T18:06:48.434">
  <scavenger-info tenureage="3" tenuremask="fff8" tiltratio="89" />
  <memory-copied type="nursery" objects="51" bytes="1384" bytesdiscarded="30872" />
  <memory-copied type="tenure" objects="45" bytes="1232" bytesdiscarded="0" />
</gc-op>
<gc-end id="3557" type="scavenge" contextid="3553" durationms="3.204" usertimems="7.217" systemtimems="0.000" timestamp="2019-08-09T18:06:48.435" activeThreads="16">
  <mem-info id="3558" free="62311984" total="87162880" percent="71">
    <mem type="nursery" free="60457472" total="67239936" percent="89">
      <mem type="allocate" free="60457472" total="60489728" percent="99" />
      <mem type="survivor" free="0" total="6750208" percent="0" />
    </mem>
    <mem type="tenure" free="1854512" total="19922944" percent="9" macro-fragmented="868149">
      <mem type="soa" free="1655856" total="19724288" percent="8" />
      <mem type="loa" free="198656" total="198656" percent="100" />
    </mem>
    <remembered-set count="122" />
  </mem-info>
</gc-end>
<cycle-end id="3559" type="scavenge" contextid="3553" timestamp="2019-08-09T18:06:48.435" />
  <attribute name="elasticGC enabled" value="1" />
  <attribute name= "numThreadsSpecified" value="16" />
  <attribute name="heapSize specified" value="49152000" />
  <attribute name="Current GC Util" value="1" />
  <attribute name= "Current Time Running" value="144301" />
  <attribute name ="GC Interval" value="2105" />
  <attribute name="Target GC Util Change" value ="80.000000" />
  <attribute name="Current GC Util Change" value="1.000000"/>
  <attribute name="Current Error" value="79.000000" />
  <attribute name="Output H" value="87238656"/>
  <attribute name="Output I" value="2104"/>
  <attribute name="Output T" value="16"/>
  <attribute name= "Current Time Running" value="144301" />
  <attribute name="GC Util currently" value="1" />
  <attribute name="CPU Util currently" value="4084115517" />
<allocation-satisfied id="3560" threadId="0000000001164F00" bytesRequested="32" />
<af-end id="3561" timestamp="2019-08-09T18:06:48.435" threadId="0000000001165888" success="true" from="nursery"/>
<exclusive-end id="3562" timestamp="2019-08-09T18:06:48.435" durationms="3.437" />

<exclusive-start id="3563" timestamp="2019-08-09T18:06:51.075" intervalms="2643.763">
  <response-info timems="0.113" idlems="0.113" threads="0" lastid="0000000001164F00" lastname="main" />
</exclusive-start>
<af-start id="3564" threadId="0000000001165888" totalBytesRequested="32" timestamp="2019-08-09T18:06:51.076" intervalms="2645.068" type="nursery" />
<cycle-start id="3565" type="scavenge" contextid="0" timestamp="2019-08-09T18:06:51.076" intervalms="2645.090" />
<gc-start id="3566" type="scavenge" contextid="3565" timestamp="2019-08-09T18:06:51.077">
  <mem-info id="3567" free="1854512" total="87162880" percent="2">
    <mem type="nursery" free="0" total="67239936" percent="0">
      <mem type="allocate" free="0" total="60489728" percent="0" />
      <mem type="survivor" free="0" total="6750208" percent="0" />
    </mem>
    <mem type="tenure" free="1854512" total="19922944" percent="9">
      <mem type="soa" free="1655856" total="19724288" percent="8" />
      <mem type="loa" free="198656" total="198656" percent="100" />
    </mem>
    <remembered-set count="135" />
  </mem-info>
</gc-start>
<allocation-stats totalBytes="60454280" >
  <allocated-bytes non-tlh="32" tlh="60454248" />
  <largest-consumer threadName="main" threadId="0000000001164F00" bytes="60454280" />
</allocation-stats>
<gc-op id="3568" type="scavenge" timems="5.116" contextid="3565" timestamp="2019-08-09T18:06:51.082">
  <scavenger-info tenureage="3" tenuremask="ffc8" tiltratio="89" />
  <memory-copied type="nursery" objects="83" bytes="2080" bytesdiscarded="46304" />
  <memory-copied type="tenure" objects="8" bytes="208" bytesdiscarded="0" />
  <references type="weak" candidates="2" cleared="0" enqueued="0" />
</gc-op>
<gc-end id="3569" type="scavenge" contextid="3565" durationms="5.674" usertimems="13.736" systemtimems="0.000" timestamp="2019-08-09T18:06:51.082" activeThreads="16">
  <mem-info id="3570" free="62295856" total="87162880" percent="71">
    <mem type="nursery" free="60441344" total="67239936" percent="89">
      <mem type="allocate" free="60441344" total="60489728" percent="99" />
      <mem type="survivor" free="0" total="6750208" percent="0" />
    </mem>
    <mem type="tenure" free="1854512" total="19922944" percent="9" macro-fragmented="0">
      <mem type="soa" free="1655856" total="19724288" percent="8" />
      <mem type="loa" free="198656" total="198656" percent="100" />
    </mem>
    <remembered-set count="132" />
  </mem-info>
</gc-end>
<cycle-end id="3571" type="scavenge" contextid="3565" timestamp="2019-08-09T18:06:51.082" />
  <attribute name="elasticGC enabled" value="1" />
  <attribute name= "numThreadsSpecified" value="16" />
  <attribute name="heapSize specified" value="49152000" />
  <attribute name="Current GC Util" value="0" />
  <attribute name= "Current Time Running" value="146946" />
  <attribute name ="GC Interval" value="2193" />
  <attribute name="Target GC Util Change" value ="80.000000" />
  <attribute name="Current GC Util Change" value="0.000000"/>
  <attribute name="Current Error" value="159.000000" />
  <attribute name="Output H" value="87238744"/>
  <attribute name="Output I" value="2192"/>
  <attribute name="Output T" value="16"/>
  <attribute name= "Current Time Running" value="146946" />
  <attribute name="GC Util currently" value="0" />
  <attribute name="CPU Util currently" value="7" />
<allocation-satisfied id="3572" threadId="0000000001164F00" bytesRequested="32" />
<af-end id="3573" timestamp="2019-08-09T18:06:51.082" threadId="0000000001165888" success="true" from="nursery"/>
<exclusive-end id="3574" timestamp="2019-08-09T18:06:51.082" durationms="7.329" />

<exclusive-start id="3575" timestamp="2019-08-09T18:06:51.367" intervalms="292.324">
  <response-info timems="0.839" idlems="0.839" threads="0" lastid="0000000001164F00" lastname="main" />
</exclusive-start>
<af-start id="3576" threadId="0000000001165888" totalBytesRequested="24" timestamp="2019-08-09T18:06:51.367" intervalms="291.001" type="nursery" />
<cycle-start id="3577" type="scavenge" contextid="0" timestamp="2019-08-09T18:06:51.367" intervalms="290.989" />
<gc-start id="3578" type="scavenge" contextid="3577" timestamp="2019-08-09T18:06:51.367">
  <mem-info id="3579" free="1854512" total="87162880" percent="2">
    <mem type="nursery" free="0" total="67239936" percent="0">
      <mem type="allocate" free="0" total="60489728" percent="0" />
      <mem type="survivor" free="0" total="6750208" percent="0" />
    </mem>
    <mem type="tenure" free="1854512" total="19922944" percent="9">
      <mem type="soa" free="1655856" total="19724288" percent="8" />
      <mem type="loa" free="198656" total="198656" percent="100" />
    </mem>
    <remembered-set count="134" />
  </mem-info>
</gc-start>
<allocation-stats totalBytes="60436608" >
  <allocated-bytes non-tlh="32" tlh="60436576" />
  <largest-consumer threadName="main" threadId="0000000001164F00" bytes="60436608" />
</allocation-stats>
<gc-op id="3580" type="scavenge" timems="4.402" contextid="3577" timestamp="2019-08-09T18:06:51.372">
  <scavenger-info tenureage="3" tenuremask="ffe8" tiltratio="89" />
  <memory-copied type="nursery" objects="82" bytes="2096" bytesdiscarded="30160" />
  <memory-copied type="tenure" objects="21" bytes="480" bytesdiscarded="0" />
  <references type="weak" candidates="2" cleared="0" enqueued="0" />
</gc-op>
<gc-end id="3581" type="scavenge" contextid="3577" durationms="4.869" usertimems="14.472" systemtimems="0.000" timestamp="2019-08-09T18:06:51.372" activeThreads="16">
  <mem-info id="3582" free="62311984" total="87162880" percent="71">
    <mem type="nursery" free="60457472" total="67239936" percent="89">
      <mem type="allocate" free="60457472" total="60489728" percent="99" />
      <mem type="survivor" free="0" total="6750208" percent="0" />
    </mem>
    <mem type="tenure" free="1854512" total="19922944" percent="9" macro-fragmented="0">
      <mem type="soa" free="1655856" total="19724288" percent="8" />
      <mem type="loa" free="198656" total="198656" percent="100" />
    </mem>
    <remembered-set count="128" />
  </mem-info>
</gc-end>
<cycle-end id="3583" type="scavenge" contextid="3577" timestamp="2019-08-09T18:06:51.372" />
  <attribute name="elasticGC enabled" value="1" />
  <attribute name= "numThreadsSpecified" value="16" />
  <attribute name="heapSize specified" value="49152000" />
  <attribute name="Current GC Util" value="2" />
  <attribute name= "Current Time Running" value="147237" />
  <attribute name ="GC Interval" value="2289" />
  <attribute name="Target GC Util Change" value ="80.000000" />
  <attribute name="Current GC Util Change" value="2.000000"/>
  <attribute name="Current Error" value="237.000000" />
  <attribute name="Output H" value="87238840"/>
  <attribute name="Output I" value="2288"/>
  <attribute name="Output T" value="16"/>
  <attribute name= "Current Time Running" value="147237" />
  <attribute name="GC Util currently" value="2" />
  <attribute name="CPU Util currently" value="3962495573" />
<allocation-satisfied id="3584" threadId="0000000001164F00" bytesRequested="24" />
<af-end id="3585" timestamp="2019-08-09T18:06:51.373" threadId="0000000001165888" success="true" from="nursery"/>
<exclusive-end id="3586" timestamp="2019-08-09T18:06:51.373" durationms="5.165" />

<exclusive-start id="3587" timestamp="2019-08-09T18:06:51.749" intervalms="381.400">
  <response-info timems="0.506" idlems="0.506" threads="0" lastid="0000000001164F00" lastname="main" />
</exclusive-start>
<af-start id="3588" threadId="0000000001165888" totalBytesRequested="16" timestamp="2019-08-09T18:06:51.749" intervalms="381.421" type="nursery" />
<cycle-start id="3589" type="scavenge" contextid="0" timestamp="2019-08-09T18:06:51.749" intervalms="381.414" />
<gc-start id="3590" type="scavenge" contextid="3589" timestamp="2019-08-09T18:06:51.749">
  <mem-info id="3591" free="1854512" total="87162880" percent="2">
    <mem type="nursery" free="0" total="67239936" percent="0">
      <mem type="allocate" free="0" total="60489728" percent="0" />
      <mem type="survivor" free="0" total="6750208" percent="0" />
    </mem>
    <mem type="tenure" free="1854512" total="19922944" percent="9">
      <mem type="soa" free="1655856" total="19724288" percent="8" />
      <mem type="loa" free="198656" total="198656" percent="100" />
    </mem>
    <remembered-set count="130" />
  </mem-info>
</gc-start>
<allocation-stats totalBytes="60453328" >
  <allocated-bytes non-tlh="24" tlh="60453304" />
  <largest-consumer threadName="main" threadId="0000000001164F00" bytes="60453328" />
</allocation-stats>
<gc-op id="3592" type="scavenge" timems="2.085" contextid="3589" timestamp="2019-08-09T18:06:51.751">
  <scavenger-info tenureage="3" tenuremask="ffe8" tiltratio="89" />
  <memory-copied type="nursery" objects="81" bytes="2096" bytesdiscarded="46288" />
  <memory-copied type="tenure" objects="7" bytes="160" bytesdiscarded="0" />
  <references type="weak" candidates="2" cleared="0" enqueued="0" />
</gc-op>
<gc-end id="3593" type="scavenge" contextid="3589" durationms="2.456" usertimems="7.724" systemtimems="0.000" timestamp="2019-08-09T18:06:51.751" activeThreads="16">
  <mem-info id="3594" free="62295856" total="87162880" percent="71">
    <mem type="nursery" free="60441344" total="67239936" percent="89">
      <mem type="allocate" free="60441344" total="60489728" percent="99" />
      <mem type="survivor" free="0" total="6750208" percent="0" />
    </mem>
    <mem type="tenure" free="1854512" total="19922944" percent="9" macro-fragmented="1500163">
      <mem type="soa" free="1655856" total="19724288" percent="8" />
      <mem type="loa" free="198656" total="198656" percent="100" />
    </mem>
    <remembered-set count="128" />
  </mem-info>
</gc-end>
<cycle-end id="3595" type="scavenge" contextid="3589" timestamp="2019-08-09T18:06:51.751" />
  <attribute name="elasticGC enabled" value="1" />
  <attribute name= "numThreadsSpecified" value="16" />
  <attribute name="heapSize specified" value="49152000" />
  <attribute name="Current GC Util" value="1" />
  <attribute name= "Current Time Running" value="147619" />
  <attribute name ="GC Interval" value="2377" />
  <attribute name="Target GC Util Change" value ="80.000000" />
  <attribute name="Current GC Util Change" value="1.000000"/>
  <attribute name="Current Error" value="316.000000" />
  <attribute name="Output H" value="87238928"/>
  <attribute name="Output I" value="2376"/>
  <attribute name="Output T" value="16"/>
  <attribute name= "Current Time Running" value="147619" />
  <attribute name="GC Util currently" value="1" />
  <attribute name="CPU Util currently" value="3022814671" />
<allocation-satisfied id="3596" threadId="0000000001164F00" bytesRequested="16" />
<af-end id="3597" timestamp="2019-08-09T18:06:51.751" threadId="0000000001165888" success="true" from="nursery"/>
<exclusive-end id="3598" timestamp="2019-08-09T18:06:51.752" durationms="2.744" />

<exclusive-start id="3599" timestamp="2019-08-09T18:06:52.976" intervalms="1227.104">
  <response-info timems="0.289" idlems="0.289" threads="0" lastid="0000000001164F00" lastname="main" />
</exclusive-start>
<af-start id="3600" threadId="0000000001165888" totalBytesRequested="520" timestamp="2019-08-09T18:06:52.976" intervalms="1227.097" type="nursery" />
<cycle-start id="3601" type="scavenge" contextid="0" timestamp="2019-08-09T18:06:52.976" intervalms="1227.097" />
<gc-start id="3602" type="scavenge" contextid="3601" timestamp="2019-08-09T18:06:52.976">
  <mem-info id="3603" free="1854152" total="87162880" percent="2">
    <mem type="nursery" free="0" total="67239936" percent="0">
      <mem type="allocate" free="0" total="60489728" percent="0" />
      <mem type="survivor" free="0" total="6750208" percent="0" />
    </mem>
    <mem type="tenure" free="1854152" total="19922944" percent="9">
      <mem type="soa" free="1655496" total="19724288" percent="8" />
      <mem type="loa" free="198656" total="198656" percent="100" />
    </mem>
    <remembered-set count="140" />
  </mem-info>
</gc-start>
<allocation-stats totalBytes="60417472" >
  <allocated-bytes non-tlh="376" tlh="60417096" />
  <largest-consumer threadName="main" threadId="0000000001164F00" bytes="60417472" />
</allocation-stats>
<gc-op id="3604" type="scavenge" timems="3.316" contextid="3601" timestamp="2019-08-09T18:06:52.979">
  <scavenger-info tenureage="3" tenuremask="ffe8" tiltratio="89" />
  <memory-copied type="nursery" objects="69" bytes="3064" bytesdiscarded="53000" />
  <memory-copied type="tenure" objects="44" bytes="1024" bytesdiscarded="512" />
  <references type="weak" candidates="4" cleared="0" enqueued="0" />
</gc-op>
<gc-end id="3605" type="scavenge" contextid="3601" durationms="3.865" usertimems="12.615" systemtimems="0.000" timestamp="2019-08-09T18:06:52.980" activeThreads="16">
  <mem-info id="3606" free="62287816" total="87162880" percent="71">
    <mem type="nursery" free="60433664" total="67239936" percent="89">
      <mem type="allocate" free="60433664" total="60489728" percent="99" />
      <mem type="survivor" free="0" total="6750208" percent="0" />
    </mem>
    <mem type="tenure" free="1854152" total="19922944" percent="9" macro-fragmented="868149">
      <mem type="soa" free="1655496" total="19724288" percent="8" />
      <mem type="loa" free="198656" total="198656" percent="100" />
    </mem>
    <remembered-set count="128" />
  </mem-info>
</gc-end>
<cycle-end id="3607" type="scavenge" contextid="3601" timestamp="2019-08-09T18:06:52.980" />
  <attribute name="elasticGC enabled" value="1" />
  <attribute name= "numThreadsSpecified" value="16" />
  <attribute name="heapSize specified" value="49152000" />
  <attribute name="Current GC Util" value="0" />
  <attribute name= "Current Time Running" value="148846" />
  <attribute name ="GC Interval" value="2473" />
  <attribute name="Target GC Util Change" value ="80.000000" />
  <attribute name="Current GC Util Change" value="0.000000"/>
  <attribute name="Current Error" value="396.000000" />
  <attribute name="Output H" value="87239024"/>
  <attribute name="Output I" value="2472"/>
  <attribute name="Output T" value="16"/>
  <attribute name= "Current Time Running" value="148846" />
  <attribute name="GC Util currently" value="0" />
  <attribute name="CPU Util currently" value="939521724" />
<allocation-satisfied id="3608" threadId="0000000001164F00" bytesRequested="520" />
<af-end id="3609" timestamp="2019-08-09T18:06:52.980" threadId="0000000001165888" success="true" from="nursery"/>
<exclusive-end id="3610" timestamp="2019-08-09T18:06:52.980" durationms="4.143" />

<exclusive-start id="3611" timestamp="2019-08-09T18:06:53.264" intervalms="288.036">
  <response-info timems="0.074" idlems="0.074" threads="0" lastid="0000000001164F00" lastname="main" />
</exclusive-start>
<af-start id="3612" threadId="0000000001165888" totalBytesRequested="208" timestamp="2019-08-09T18:06:53.264" intervalms="288.022" type="nursery" />
<cycle-start id="3613" type="scavenge" contextid="0" timestamp="2019-08-09T18:06:53.264" intervalms="288.021" />
<gc-start id="3614" type="scavenge" contextid="3613" timestamp="2019-08-09T18:06:53.264">
  <mem-info id="3615" free="1854152" total="87162880" percent="2">
    <mem type="nursery" free="0" total="67239936" percent="0">
      <mem type="allocate" free="0" total="60489728" percent="0" />
      <mem type="survivor" free="0" total="6750208" percent="0" />
    </mem>
    <mem type="tenure" free="1854152" total="19922944" percent="9">
      <mem type="soa" free="1655496" total="19724288" percent="8" />
      <mem type="loa" free="198656" total="198656" percent="100" />
    </mem>
    <remembered-set count="128" />
  </mem-info>
</gc-start>
<allocation-stats totalBytes="60361056" >
  <allocated-bytes non-tlh="520" tlh="60360536" />
  <largest-consumer threadName="main" threadId="0000000001164F00" bytes="60361056" />
</allocation-stats>
<gc-op id="3616" type="scavenge" timems="2.557" contextid="3613" timestamp="2019-08-09T18:06:53.267">
  <scavenger-info tenureage="3" tenuremask="ffe8" tiltratio="89" />
  <memory-copied type="nursery" objects="61" bytes="2384" bytesdiscarded="53680" />
  <memory-copied type="tenure" objects="7" bytes="160" bytesdiscarded="0" />
  <references type="weak" candidates="4" cleared="0" enqueued="0" />
</gc-op>
<gc-end id="3617" type="scavenge" contextid="3613" durationms="3.187" usertimems="11.724" systemtimems="0.000" timestamp="2019-08-09T18:06:53.267" activeThreads="16">
  <mem-info id="3618" free="62271688" total="87162880" percent="71">
    <mem type="nursery" free="60433664" total="67239936" percent="89">
      <mem type="allocate" free="60433664" total="60489728" percent="99" />
      <mem type="survivor" free="0" total="6750208" percent="0" />
    </mem>
    <mem type="tenure" free="1838024" total="19922944" percent="9" macro-fragmented="15725">
      <mem type="soa" free="1639368" total="19724288" percent="8" />
      <mem type="loa" free="198656" total="198656" percent="100" />
    </mem>
    <remembered-set count="126" />
  </mem-info>
</gc-end>
<cycle-end id="3619" type="scavenge" contextid="3613" timestamp="2019-08-09T18:06:53.267" />
  <attribute name="elasticGC enabled" value="1" />
  <attribute name= "numThreadsSpecified" value="16" />
  <attribute name="heapSize specified" value="49152000" />
  <attribute name="Current GC Util" value="1" />
  <attribute name= "Current Time Running" value="149134" />
  <attribute name ="GC Interval" value="2561" />
  <attribute name="Target GC Util Change" value ="80.000000" />
  <attribute name="Current GC Util Change" value="1.000000"/>
  <attribute name="Current Error" value="475.000000" />
  <attribute name="Output H" value="87239112"/>
  <attribute name="Output I" value="2560"/>
  <attribute name="Output T" value="16"/>
  <attribute name= "Current Time Running" value="149134" />
  <attribute name="GC Util currently" value="1" />
  <attribute name="CPU Util currently" value="4003142496" />
<allocation-satisfied id="3620" threadId="0000000001164F00" bytesRequested="208" />
<af-end id="3621" timestamp="2019-08-09T18:06:53.267" threadId="0000000001165888" success="true" from="nursery"/>
<exclusive-end id="3622" timestamp="2019-08-09T18:06:53.267" durationms="3.443" />

<exclusive-start id="3623" timestamp="2019-08-09T18:06:53.708" intervalms="444.288">
  <response-info timems="0.070" idlems="0.070" threads="0" lastid="0000000001164F00" lastname="main" />
</exclusive-start>
<af-start id="3624" threadId="0000000001165888" totalBytesRequested="544" timestamp="2019-08-09T18:06:53.708" intervalms="444.302" type="nursery" />
<cycle-start id="3625" type="scavenge" contextid="0" timestamp="2019-08-09T18:06:53.708" intervalms="444.310" />
<gc-start id="3626" type="scavenge" contextid="3625" timestamp="2019-08-09T18:06:53.708">
  <mem-info id="3627" free="1838024" total="87162880" percent="2">
    <mem type="nursery" free="0" total="67239936" percent="0">
      <mem type="allocate" free="0" total="60489728" percent="0" />
      <mem type="survivor" free="0" total="6750208" percent="0" />
    </mem>
    <mem type="tenure" free="1838024" total="19922944" percent="9">
      <mem type="soa" free="1639368" total="19724288" percent="8" />
      <mem type="loa" free="198656" total="198656" percent="100" />
    </mem>
    <remembered-set count="130" />
  </mem-info>
</gc-start>
<allocation-stats totalBytes="60383488" >
  <allocated-bytes non-tlh="208" tlh="60383280" />
  <largest-consumer threadName="main" threadId="0000000001164F00" bytes="60383488" />
</allocation-stats>
<gc-op id="3628" type="scavenge" timems="1.280" contextid="3625" timestamp="2019-08-09T18:06:53.710">
  <scavenger-info tenureage="3" tenuremask="ffe8" tiltratio="89" />
  <memory-copied type="nursery" objects="71" bytes="2512" bytesdiscarded="53552" />
  <memory-copied type="tenure" objects="7" bytes="160" bytesdiscarded="0" />
  <references type="weak" candidates="18" cleared="0" enqueued="0" />
</gc-op>
<gc-end id="3629" type="scavenge" contextid="3625" durationms="1.735" usertimems="6.475" systemtimems="0.000" timestamp="2019-08-09T18:06:53.710" activeThreads="16">
  <mem-info id="3630" free="62271688" total="87162880" percent="71">
    <mem type="nursery" free="60433664" total="67239936" percent="89">
      <mem type="allocate" free="60433664" total="60489728" percent="99" />
      <mem type="survivor" free="0" total="6750208" percent="0" />
    </mem>
    <mem type="tenure" free="1838024" total="19922944" percent="9" macro-fragmented="1500163">
      <mem type="soa" free="1639368" total="19724288" percent="8" />
      <mem type="loa" free="198656" total="198656" percent="100" />
    </mem>
    <remembered-set count="128" />
  </mem-info>
</gc-end>
<cycle-end id="3631" type="scavenge" contextid="3625" timestamp="2019-08-09T18:06:53.710" />
  <attribute name="elasticGC enabled" value="1" />
  <attribute name= "numThreadsSpecified" value="16" />
  <attribute name="heapSize specified" value="49152000" />
  <attribute name="Current GC Util" value="0" />
  <attribute name= "Current Time Running" value="149578" />
  <attribute name ="GC Interval" value="2105" />
  <attribute name="Target GC Util Change" value ="80.000000" />
  <attribute name="Current GC Util Change" value="0.000000"/>
  <attribute name="Current Error" value="80.000000" />
  <attribute name="Output H" value="87238656"/>
  <attribute name="Output I" value="2104"/>
  <attribute name="Output T" value="16"/>
  <attribute name= "Current Time Running" value="149578" />
  <attribute name="GC Util currently" value="0" />
  <attribute name="CPU Util currently" value="2594847901" />
<allocation-satisfied id="3632" threadId="0000000001164F00" bytesRequested="544" />
<af-end id="3633" timestamp="2019-08-09T18:06:53.710" threadId="0000000001165888" success="true" from="nursery"/>
<exclusive-end id="3634" timestamp="2019-08-09T18:06:53.710" durationms="1.996" />

<exclusive-start id="3635" timestamp="2019-08-09T18:06:53.742" intervalms="34.086">
  <response-info timems="0.084" idlems="0.084" threads="0" lastid="0000000001164F00" lastname="main" />
</exclusive-start>
<af-start id="3636" threadId="0000000001165888" totalBytesRequested="488" timestamp="2019-08-09T18:06:53.742" intervalms="34.085" type="nursery" />
<cycle-start id="3637" type="scavenge" contextid="0" timestamp="2019-08-09T18:06:53.742" intervalms="34.084" />
<gc-start id="3638" type="scavenge" contextid="3637" timestamp="2019-08-09T18:06:53.742">
  <mem-info id="3639" free="1838024" total="87162880" percent="2">
    <mem type="nursery" free="0" total="67239936" percent="0">
      <mem type="allocate" free="0" total="60489728" percent="0" />
      <mem type="survivor" free="0" total="6750208" percent="0" />
    </mem>
    <mem type="tenure" free="1838024" total="19922944" percent="9">
      <mem type="soa" free="1639368" total="19724288" percent="8" />
      <mem type="loa" free="198656" total="198656" percent="100" />
    </mem>
    <remembered-set count="128" />
  </mem-info>
</gc-start>
<allocation-stats totalBytes="60325672" >
  <allocated-bytes non-tlh="544" tlh="60325128" />
  <largest-consumer threadName="main" threadId="0000000001164F00" bytes="60325672" />
</allocation-stats>
<gc-op id="3640" type="scavenge" timems="1.447" contextid="3637" timestamp="2019-08-09T18:06:53.744">
  <scavenger-info tenureage="5" tenuremask="ffe0" tiltratio="89" />
  <memory-copied type="nursery" objects="71" bytes="2512" bytesdiscarded="53552" />
  <references type="weak" candidates="18" cleared="0" enqueued="0" />
</gc-op>
<gc-end id="3641" type="scavenge" contextid="3637" durationms="2.099" usertimems="5.746" systemtimems="0.000" timestamp="2019-08-09T18:06:53.745" activeThreads="16">
  <mem-info id="3642" free="62271688" total="87162880" percent="71">
    <mem type="nursery" free="60433664" total="67239936" percent="89">
      <mem type="allocate" free="60433664" total="60489728" percent="99" />
      <mem type="survivor" free="0" total="6750208" percent="0" />
    </mem>
    <mem type="tenure" free="1838024" total="19922944" percent="9" macro-fragmented="0">
      <mem type="soa" free="1639368" total="19724288" percent="8" />
      <mem type="loa" free="198656" total="198656" percent="100" />
    </mem>
    <remembered-set count="125" />
  </mem-info>
</gc-end>
<cycle-end id="3643" type="scavenge" contextid="3637" timestamp="2019-08-09T18:06:53.745" />
  <attribute name="elasticGC enabled" value="1" />
  <attribute name= "numThreadsSpecified" value="16" />
  <attribute name="heapSize specified" value="49152000" />
  <attribute name="Current GC Util" value="7" />
  <attribute name= "Current Time Running" value="149612" />
  <attribute name ="GC Interval" value="2185" />
  <attribute name="Target GC Util Change" value ="80.000000" />
  <attribute name="Current GC Util Change" value="7.000000"/>
  <attribute name="Current Error" value="153.000000" />
  <attribute name="Output H" value="87238736"/>
  <attribute name="Output I" value="2184"/>
  <attribute name="Output T" value="16"/>
  <attribute name= "Current Time Running" value="149612" />
  <attribute name="GC Util currently" value="7" />
  <attribute name="CPU Util currently" value="33819129772" />
<allocation-satisfied id="3644" threadId="0000000001164F00" bytesRequested="488" />
<af-end id="3645" timestamp="2019-08-09T18:06:53.745" threadId="0000000001165888" success="true" from="nursery"/>
<exclusive-end id="3646" timestamp="2019-08-09T18:06:53.745" durationms="2.366" />

<exclusive-start id="3647" timestamp="2019-08-09T18:06:53.787" intervalms="45.109">
  <response-info timems="0.143" idlems="0.143" threads="0" lastid="0000000001164F00" lastname="main" />
</exclusive-start>
<af-start id="3648" threadId="0000000001165888" totalBytesRequested="16" timestamp="2019-08-09T18:06:53.787" intervalms="45.105" type="nursery" />
<cycle-start id="3649" type="scavenge" contextid="0" timestamp="2019-08-09T18:06:53.787" intervalms="45.102" />
<gc-start id="3650" type="scavenge" contextid="3649" timestamp="2019-08-09T18:06:53.788">
  <mem-info id="3651" free="1838024" total="87162880" percent="2">
    <mem type="nursery" free="0" total="67239936" percent="0">
      <mem type="allocate" free="0" total="60489728" percent="0" />
      <mem type="survivor" free="0" total="6750208" percent="0" />
    </mem>
    <mem type="tenure" free="1838024" total="19922944" percent="9">
      <mem type="soa" free="1639368" total="19724288" percent="8" />
      <mem type="loa" free="198656" total="198656" percent="100" />
    </mem>
    <remembered-set count="125" />
  </mem-info>
</gc-start>
<allocation-stats totalBytes="60325976" >
  <allocated-bytes non-tlh="488" tlh="60325488" />
  <largest-consumer threadName="main" threadId="0000000001164F00" bytes="60325976" />
</allocation-stats>
<gc-op id="3652" type="scavenge" timems="1.500" contextid="3649" timestamp="2019-08-09T18:06:53.789">
  <scavenger-info tenureage="3" tenuremask="fff8" tiltratio="89" />
  <memory-copied type="nursery" objects="47" bytes="1936" bytesdiscarded="70256" />
  <memory-copied type="tenure" objects="25" bytes="608" bytesdiscarded="0" />
  <references type="weak" candidates="14" cleared="0" enqueued="0" />
</gc-op>
<gc-end id="3653" type="scavenge" contextid="3649" durationms="1.966" usertimems="6.941" systemtimems="0.000" timestamp="2019-08-09T18:06:53.789" activeThreads="16">
  <mem-info id="3654" free="62231752" total="87162880" percent="71">
    <mem type="nursery" free="60417536" total="67239936" percent="89">
      <mem type="allocate" free="60417536" total="60489728" percent="99" />
      <mem type="survivor" free="0" total="6750208" percent="0" />
    </mem>
    <mem type="tenure" free="1814216" total="19922944" percent="9" macro-fragmented="1500163">
      <mem type="soa" free="1615560" total="19724288" percent="8" />
      <mem type="loa" free="198656" total="198656" percent="100" />
    </mem>
    <remembered-set count="119" />
  </mem-info>
</gc-end>
<cycle-end id="3655" type="scavenge" contextid="3649" timestamp="2019-08-09T18:06:53.790" />
  <attribute name="elasticGC enabled" value="1" />
  <attribute name= "numThreadsSpecified" value="16" />
  <attribute name="heapSize specified" value="49152000" />
  <attribute name="Current GC Util" value="8" />
  <attribute name= "Current Time Running" value="149657" />
  <attribute name ="GC Interval" value="2273" />
  <attribute name="Target GC Util Change" value ="80.000000" />
  <attribute name="Current GC Util Change" value="8.000000"/>
  <attribute name="Current Error" value="225.000000" />
  <attribute name="Output H" value="87238824"/>
  <attribute name="Output I" value="2272"/>
  <attribute name="Output T" value="16"/>
  <attribute name= "Current Time Running" value="149657" />
  <attribute name="GC Util currently" value="8" />
  <attribute name="CPU Util currently" value="25573085984" />
<allocation-satisfied id="3656" threadId="0000000001164F00" bytesRequested="16" />
<af-end id="3657" timestamp="2019-08-09T18:06:53.790" threadId="0000000001165888" success="true" from="nursery"/>
<exclusive-end id="3658" timestamp="2019-08-09T18:06:53.790" durationms="2.239" />

<exclusive-start id="3659" timestamp="2019-08-09T18:06:53.956" intervalms="169.107">
  <response-info timems="0.057" idlems="0.057" threads="0" lastid="0000000001164F00" lastname="main" />
</exclusive-start>
<af-start id="3660" threadId="0000000001165888" totalBytesRequested="464" timestamp="2019-08-09T18:06:53.957" intervalms="169.105" type="nursery" />
<cycle-start id="3661" type="scavenge" contextid="0" timestamp="2019-08-09T18:06:53.957" intervalms="169.102" />
<gc-start id="3662" type="scavenge" contextid="3661" timestamp="2019-08-09T18:06:53.957">
  <mem-info id="3663" free="1814216" total="87162880" percent="2">
    <mem type="nursery" free="0" total="67239936" percent="0">
      <mem type="allocate" free="0" total="60489728" percent="0" />
      <mem type="survivor" free="0" total="6750208" percent="0" />
    </mem>
    <mem type="tenure" free="1814216" total="19922944" percent="9">
      <mem type="soa" free="1615560" total="19724288" percent="8" />
      <mem type="loa" free="198656" total="198656" percent="100" />
    </mem>
    <remembered-set count="123" />
  </mem-info>
</gc-start>
<allocation-stats totalBytes="60318928" >
  <allocated-bytes non-tlh="16" tlh="60318912" />
  <largest-consumer threadName="main" threadId="0000000001164F00" bytes="60318928" />
</allocation-stats>
<gc-op id="3664" type="scavenge" timems="0.978" contextid="3661" timestamp="2019-08-09T18:06:53.958">
  <scavenger-info tenureage="3" tenuremask="ffd8" tiltratio="89" />
  <memory-copied type="nursery" objects="40" bytes="1584" bytesdiscarded="30672" />
  <memory-copied type="tenure" objects="28" bytes="768" bytesdiscarded="0" />
</gc-op>
<gc-end id="3665" type="scavenge" contextid="3661" durationms="1.383" usertimems="2.205" systemtimems="0.000" timestamp="2019-08-09T18:06:53.958" activeThreads="16">
  <mem-info id="3666" free="62271688" total="87162880" percent="71">
    <mem type="nursery" free="60457472" total="67239936" percent="89">
      <mem type="allocate" free="60457472" total="60489728" percent="99" />
      <mem type="survivor" free="0" total="6750208" percent="0" />
    </mem>
    <mem type="tenure" free="1814216" total="19922944" percent="9" macro-fragmented="1500163">
      <mem type="soa" free="1615560" total="19724288" percent="8" />
      <mem type="loa" free="198656" total="198656" percent="100" />
    </mem>
    <remembered-set count="118" />
  </mem-info>
</gc-end>
<cycle-end id="3667" type="scavenge" contextid="3661" timestamp="2019-08-09T18:06:53.958" />
  <attribute name="elasticGC enabled" value="1" />
  <attribute name= "numThreadsSpecified" value="16" />
  <attribute name="heapSize specified" value="49152000" />
  <attribute name="Current GC Util" value="2" />
  <attribute name= "Current Time Running" value="149826" />
  <attribute name ="GC Interval" value="2361" />
  <attribute name="Target GC Util Change" value ="80.000000" />
  <attribute name="Current GC Util Change" value="2.000000"/>
  <attribute name="Current Error" value="303.000000" />
  <attribute name="Output H" value="87238912"/>
  <attribute name="Output I" value="2360"/>
  <attribute name="Output T" value="16"/>
  <attribute name= "Current Time Running" value="149826" />
  <attribute name="GC Util currently" value="2" />
  <attribute name="CPU Util currently" value="6817703718" />
<allocation-satisfied id="3668" threadId="0000000001164F00" bytesRequested="464" />
<af-end id="3669" timestamp="2019-08-09T18:06:53.958" threadId="0000000001165888" success="true" from="nursery"/>
<exclusive-end id="3670" timestamp="2019-08-09T18:06:53.958" durationms="1.623" />

<exclusive-start id="3671" timestamp="2019-08-09T18:06:54.107" intervalms="150.601">
  <response-info timems="0.066" idlems="0.066" threads="0" lastid="0000000001164F00" lastname="main" />
</exclusive-start>
<af-start id="3672" threadId="0000000001165888" totalBytesRequested="48" timestamp="2019-08-09T18:06:54.107" intervalms="150.594" type="nursery" />
<cycle-start id="3673" type="scavenge" contextid="0" timestamp="2019-08-09T18:06:54.107" intervalms="150.592" />
<gc-start id="3674" type="scavenge" contextid="3673" timestamp="2019-08-09T18:06:54.107">
  <mem-info id="3675" free="1814216" total="87162880" percent="2">
    <mem type="nursery" free="0" total="67239936" percent="0">
      <mem type="allocate" free="0" total="60489728" percent="0" />
      <mem type="survivor" free="0" total="6750208" percent="0" />
    </mem>
    <mem type="tenure" free="1814216" total="19922944" percent="9">
      <mem type="soa" free="1615560" total="19724288" percent="8" />
      <mem type="loa" free="198656" total="198656" percent="100" />
    </mem>
    <remembered-set count="120" />
  </mem-info>
</gc-start>
<allocation-stats totalBytes="60402040" >
  <allocated-bytes non-tlh="464" tlh="60401576" />
  <largest-consumer threadName="main" threadId="0000000001164F00" bytes="60402040" />
</allocation-stats>
<gc-op id="3676" type="scavenge" timems="1.454" contextid="3673" timestamp="2019-08-09T18:06:54.109">
  <scavenger-info tenureage="3" tenuremask="ffe8" tiltratio="89" />
  <memory-copied type="nursery" objects="44" bytes="2056" bytesdiscarded="30200" />
</gc-op>
<gc-end id="3677" type="scavenge" contextid="3673" durationms="1.951" usertimems="3.691" systemtimems="0.000" timestamp="2019-08-09T18:06:54.109" activeThreads="16">
  <mem-info id="3678" free="62271688" total="87162880" percent="71">
    <mem type="nursery" free="60457472" total="67239936" percent="89">
      <mem type="allocate" free="60457472" total="60489728" percent="99" />
      <mem type="survivor" free="0" total="6750208" percent="0" />
    </mem>
    <mem type="tenure" free="1814216" total="19922944" percent="9" macro-fragmented="0">
      <mem type="soa" free="1615560" total="19724288" percent="8" />
      <mem type="loa" free="198656" total="198656" percent="100" />
    </mem>
    <remembered-set count="117" />
  </mem-info>
</gc-end>
<cycle-end id="3679" type="scavenge" contextid="3673" timestamp="2019-08-09T18:06:54.109" />
  <attribute name="elasticGC enabled" value="1" />
  <attribute name= "numThreadsSpecified" value="16" />
  <attribute name="heapSize specified" value="49152000" />
  <attribute name="Current GC Util" value="1" />
  <attribute name= "Current Time Running" value="149977" />
  <attribute name ="GC Interval" value="2457" />
  <attribute name="Target GC Util Change" value ="80.000000" />
  <attribute name="Current GC Util Change" value="1.000000"/>
  <attribute name="Current Error" value="382.000000" />
  <attribute name="Output H" value="87239008"/>
  <attribute name="Output I" value="2456"/>
  <attribute name="Output T" value="16"/>
  <attribute name= "Current Time Running" value="149977" />
  <attribute name="GC Util currently" value="1" />
  <attribute name="CPU Util currently" value="7655894190" />
<allocation-satisfied id="3680" threadId="0000000001164F00" bytesRequested="48" />
<af-end id="3681" timestamp="2019-08-09T18:06:54.109" threadId="0000000001165888" success="true" from="nursery"/>
<exclusive-end id="3682" timestamp="2019-08-09T18:06:54.109" durationms="2.158" />

<exclusive-start id="3683" timestamp="2019-08-09T18:06:54.161" intervalms="53.413">
  <response-info timems="0.043" idlems="0.043" threads="0" lastid="0000000001164F00" lastname="main" />
</exclusive-start>
<af-start id="3684" threadId="0000000001165888" totalBytesRequested="408" timestamp="2019-08-09T18:06:54.161" intervalms="53.414" type="nursery" />
<cycle-start id="3685" type="scavenge" contextid="0" timestamp="2019-08-09T18:06:54.161" intervalms="53.413" />
<gc-start id="3686" type="scavenge" contextid="3685" timestamp="2019-08-09T18:06:54.161">
  <mem-info id="3687" free="1814216" total="87162880" percent="2">
    <mem type="nursery" free="0" total="67239936" percent="0">
      <mem type="allocate" free="0" total="60489728" percent="0" />
      <mem type="survivor" free="0" total="6750208" percent="0" />
    </mem>
    <mem type="tenure" free="1814216" total="19922944" percent="9">
      <mem type="soa" free="1615560" total="19724288" percent="8" />
      <mem type="loa" free="198656" total="198656" percent="100" />
    </mem>
    <remembered-set count="117" />
  </mem-info>
</gc-start>
<allocation-stats totalBytes="60412152" >
  <allocated-bytes non-tlh="48" tlh="60412104" />
  <largest-consumer threadName="main" threadId="0000000001164F00" bytes="60412152" />
</allocation-stats>
<gc-op id="3688" type="scavenge" timems="1.408" contextid="3685" timestamp="2019-08-09T18:06:54.162">
  <scavenger-info tenureage="14" tenuremask="c000" tiltratio="89" />
  <memory-copied type="nursery" objects="44" bytes="2056" bytesdiscarded="30200" />
</gc-op>
<gc-end id="3689" type="scavenge" contextid="3685" durationms="1.710" usertimems="5.717" systemtimems="0.000" timestamp="2019-08-09T18:06:54.162" activeThreads="16">
  <mem-info id="3690" free="62271688" total="87162880" percent="71">
    <mem type="nursery" free="60457472" total="67239936" percent="89">
      <mem type="allocate" free="60457472" total="60489728" percent="99" />
      <mem type="survivor" free="0" total="6750208" percent="0" />
    </mem>
    <mem type="tenure" free="1814216" total="19922944" percent="9" macro-fragmented="1500163">
      <mem type="soa" free="1615560" total="19724288" percent="8" />
      <mem type="loa" free="198656" total="198656" percent="100" />
    </mem>
    <remembered-set count="117" />
  </mem-info>
</gc-end>
<cycle-end id="3691" type="scavenge" contextid="3685" timestamp="2019-08-09T18:06:54.162" />
  <attribute name="elasticGC enabled" value="1" />
  <attribute name= "numThreadsSpecified" value="16" />
  <attribute name="heapSize specified" value="49152000" />
  <attribute name="Current GC Util" value="6" />
  <attribute name= "Current Time Running" value="150030" />
  <attribute name ="GC Interval" value="2537" />
  <attribute name="Target GC Util Change" value ="80.000000" />
  <attribute name="Current GC Util Change" value="6.000000"/>
  <attribute name="Current Error" value="456.000000" />
  <attribute name="Output H" value="87239088"/>
  <attribute name="Output I" value="2536"/>
  <attribute name="Output T" value="16"/>
  <attribute name= "Current Time Running" value="150030" />
  <attribute name="GC Util currently" value="6" />
  <attribute name="CPU Util currently" value="21584995530" />
<allocation-satisfied id="3692" threadId="0000000001164F00" bytesRequested="408" />
<af-end id="3693" timestamp="2019-08-09T18:06:54.162" threadId="0000000001165888" success="true" from="nursery"/>
<exclusive-end id="3694" timestamp="2019-08-09T18:06:54.162" durationms="1.926" />

<exclusive-start id="3695" timestamp="2019-08-09T18:06:54.441" intervalms="280.036">
  <response-info timems="0.064" idlems="0.064" threads="0" lastid="0000000001164F00" lastname="main" />
</exclusive-start>
<af-start id="3696" threadId="0000000001165888" totalBytesRequested="2008" timestamp="2019-08-09T18:06:54.441" intervalms="280.036" type="nursery" />
<cycle-start id="3697" type="scavenge" contextid="0" timestamp="2019-08-09T18:06:54.441" intervalms="280.038" />
<gc-start id="3698" type="scavenge" contextid="3697" timestamp="2019-08-09T18:06:54.441">
  <mem-info id="3699" free="1809320" total="87162880" percent="2">
    <mem type="nursery" free="0" total="67239936" percent="0">
      <mem type="allocate" free="0" total="60489728" percent="0" />
      <mem type="survivor" free="0" total="6750208" percent="0" />
    </mem>
    <mem type="tenure" free="1809320" total="19922944" percent="9">
      <mem type="soa" free="1610664" total="19724288" percent="8" />
      <mem type="loa" free="198656" total="198656" percent="100" />
    </mem>
    <remembered-set count="317" />
  </mem-info>
</gc-start>
<allocation-stats totalBytes="60378304" >
  <allocated-bytes non-tlh="5304" tlh="60373000" />
  <largest-consumer threadName="main" threadId="0000000001164F00" bytes="60378304" />
</allocation-stats>
<gc-op id="3700" type="scavenge" timems="1.874" contextid="3697" timestamp="2019-08-09T18:06:54.443">
  <scavenger-info tenureage="14" tenuremask="c000" tiltratio="89" />
  <memory-copied type="nursery" objects="979" bytes="49888" bytesdiscarded="39744" />
  <references type="soft" candidates="16" cleared="0" enqueued="0" dynamicThreshold="3" maxThreshold="32" />
  <references type="weak" candidates="64" cleared="18" enqueued="11" />
</gc-op>
<gc-end id="3701" type="scavenge" contextid="3697" durationms="2.231" usertimems="5.216" systemtimems="0.000" timestamp="2019-08-09T18:06:54.443" activeThreads="16">
  <mem-info id="3702" free="62209416" total="87162880" percent="71">
    <mem type="nursery" free="60400096" total="67239936" percent="89">
      <mem type="allocate" free="60400096" total="60489728" percent="99" />
      <mem type="survivor" free="0" total="6750208" percent="0" />
    </mem>
    <mem type="tenure" free="1809320" total="19922944" percent="9" macro-fragmented="868149">
      <mem type="soa" free="1610664" total="19724288" percent="8" />
      <mem type="loa" free="198656" total="198656" percent="100" />
    </mem>
    <pending-finalizers system="0" default="0" reference="11" classloader="0" />
    <remembered-set count="219" />
  </mem-info>
</gc-end>
<cycle-end id="3703" type="scavenge" contextid="3697" timestamp="2019-08-09T18:06:54.443" />
  <attribute name="elasticGC enabled" value="1" />
  <attribute name= "numThreadsSpecified" value="16" />
  <attribute name="heapSize specified" value="49152000" />
  <attribute name="Current GC Util" value="1" />
  <attribute name= "Current Time Running" value="150310" />
  <attribute name ="GC Interval" value="2105" />
  <attribute name="Target GC Util Change" value ="80.000000" />
  <attribute name="Current GC Util Change" value="1.000000"/>
  <attribute name="Current Error" value="79.000000" />
  <attribute name="Output H" value="87238656"/>
  <attribute name="Output I" value="2104"/>
  <attribute name="Output T" value="16"/>
  <attribute name= "Current Time Running" value="150310" />
  <attribute name="GC Util currently" value="1" />
  <attribute name="CPU Util currently" value="4116632190" />
<allocation-satisfied id="3704" threadId="0000000001164F00" bytesRequested="2008" />
<af-end id="3705" timestamp="2019-08-09T18:06:54.443" threadId="0000000001165888" success="true" from="nursery"/>
<exclusive-end id="3706" timestamp="2019-08-09T18:06:54.443" durationms="2.461" />

<exclusive-start id="3707" timestamp="2019-08-09T18:06:55.108" intervalms="667.095">
  <response-info timems="0.137" idlems="0.137" threads="0" lastid="0000000001164F00" lastname="main" />
</exclusive-start>
<af-start id="3708" threadId="0000000001165888" totalBytesRequested="80" timestamp="2019-08-09T18:06:55.108" intervalms="667.094" type="nursery" />
<cycle-start id="3709" type="scavenge" contextid="0" timestamp="2019-08-09T18:06:55.108" intervalms="667.094" />
<gc-start id="3710" type="scavenge" contextid="3709" timestamp="2019-08-09T18:06:55.108">
  <mem-info id="3711" free="1809320" total="87162880" percent="2">
    <mem type="nursery" free="0" total="67239936" percent="0">
      <mem type="allocate" free="0" total="60489728" percent="0" />
      <mem type="survivor" free="0" total="6750208" percent="0" />
    </mem>
    <mem type="tenure" free="1809320" total="19922944" percent="9">
      <mem type="soa" free="1610664" total="19724288" percent="8" />
      <mem type="loa" free="198656" total="198656" percent="100" />
    </mem>
    <remembered-set count="225" />
  </mem-info>
</gc-start>
<allocation-stats totalBytes="60371552" >
  <allocated-bytes non-tlh="2008" tlh="60369544" />
  <largest-consumer threadName="main" threadId="0000000001164F00" bytes="60367456" />
</allocation-stats>
<gc-op id="3712" type="scavenge" timems="1.620" contextid="3709" timestamp="2019-08-09T18:06:55.109">
  <scavenger-info tenureage="4" tenuremask="fff0" tiltratio="89" />
  <memory-copied type="nursery" objects="999" bytes="49968" bytesdiscarded="62424" />
  <memory-copied type="tenure" objects="14" bytes="320" bytesdiscarded="0" />
  <references type="soft" candidates="16" cleared="0" enqueued="0" dynamicThreshold="3" maxThreshold="32" />
  <references type="weak" candidates="80" cleared="0" enqueued="0" />
</gc-op>
<gc-end id="3713" type="scavenge" contextid="3709" durationms="2.134" usertimems="7.386" systemtimems="0.000" timestamp="2019-08-09T18:06:55.110" activeThreads="16">
  <mem-info id="3714" free="62186656" total="87162880" percent="71">
    <mem type="nursery" free="60377336" total="67239936" percent="89">
      <mem type="allocate" free="60377336" total="60489728" percent="99" />
      <mem type="survivor" free="0" total="6750208" percent="0" />
    </mem>
    <mem type="tenure" free="1809320" total="19922944" percent="9" macro-fragmented="868149">
      <mem type="soa" free="1610664" total="19724288" percent="8" />
      <mem type="loa" free="198656" total="198656" percent="100" />
    </mem>
    <remembered-set count="220" />
  </mem-info>
</gc-end>
<cycle-end id="3715" type="scavenge" contextid="3709" timestamp="2019-08-09T18:06:55.110" />
  <attribute name="elasticGC enabled" value="1" />
  <attribute name= "numThreadsSpecified" value="16" />
  <attribute name="heapSize specified" value="49152000" />
  <attribute name="Current GC Util" value="0" />
  <attribute name= "Current Time Running" value="150977" />
  <attribute name ="GC Interval" value="2193" />
  <attribute name="Target GC Util Change" value ="80.000000" />
  <attribute name="Current GC Util Change" value="0.000000"/>
  <attribute name="Current Error" value="159.000000" />
  <attribute name="Output H" value="87238744"/>
  <attribute name="Output I" value="2192"/>
  <attribute name="Output T" value="16"/>
  <attribute name= "Current Time Running" value="150977" />
  <attribute name="GC Util currently" value="0" />
  <attribute name="CPU Util currently" value="1728219787" />
<allocation-satisfied id="3716" threadId="0000000001164F00" bytesRequested="80" />
<af-end id="3717" timestamp="2019-08-09T18:06:55.110" threadId="0000000001165888" success="true" from="nursery"/>
<exclusive-end id="3718" timestamp="2019-08-09T18:06:55.110" durationms="2.391" />

<exclusive-start id="3719" timestamp="2019-08-09T18:06:55.299" intervalms="190.983">
  <response-info timems="0.110" idlems="0.110" threads="0" lastid="0000000001164F00" lastname="main" />
</exclusive-start>
<af-start id="3720" threadId="0000000001165888" totalBytesRequested="80" timestamp="2019-08-09T18:06:55.299" intervalms="190.993" type="nursery" />
<cycle-start id="3721" type="scavenge" contextid="0" timestamp="2019-08-09T18:06:55.299" intervalms="190.997" />
<gc-start id="3722" type="scavenge" contextid="3721" timestamp="2019-08-09T18:06:55.299">
  <mem-info id="3723" free="1809320" total="87162880" percent="2">
    <mem type="nursery" free="0" total="67239936" percent="0">
      <mem type="allocate" free="0" total="60489728" percent="0" />
      <mem type="survivor" free="0" total="6750208" percent="0" />
    </mem>
    <mem type="tenure" free="1809320" total="19922944" percent="9">
      <mem type="soa" free="1610664" total="19724288" percent="8" />
      <mem type="loa" free="198656" total="198656" percent="100" />
    </mem>
    <remembered-set count="220" />
  </mem-info>
</gc-start>
<allocation-stats totalBytes="60366392" >
  <allocated-bytes non-tlh="80" tlh="60366312" />
  <largest-consumer threadName="main" threadId="0000000001164F00" bytes="60366392" />
</allocation-stats>
<gc-op id="3724" type="scavenge" timems="1.753" contextid="3721" timestamp="2019-08-09T18:06:55.301">
  <scavenger-info tenureage="3" tenuremask="ffd8" tiltratio="89" />
  <memory-copied type="nursery" objects="989" bytes="49664" bytesdiscarded="51464" />
  <memory-copied type="tenure" objects="7" bytes="160" bytesdiscarded="0" />
  <references type="soft" candidates="16" cleared="0" enqueued="0" dynamicThreshold="3" maxThreshold="32" />
  <references type="weak" candidates="80" cleared="0" enqueued="0" />
</gc-op>
<gc-end id="3725" type="scavenge" contextid="3721" durationms="2.433" usertimems="5.231" systemtimems="0.000" timestamp="2019-08-09T18:06:55.301" activeThreads="16">
  <mem-info id="3726" free="62197920" total="87162880" percent="71">
    <mem type="nursery" free="60388600" total="67239936" percent="89">
      <mem type="allocate" free="60388600" total="60489728" percent="99" />
      <mem type="survivor" free="0" total="6750208" percent="0" />
    </mem>
    <mem type="tenure" free="1809320" total="19922944" percent="9" macro-fragmented="0">
      <mem type="soa" free="1610664" total="19724288" percent="8" />
      <mem type="loa" free="198656" total="198656" percent="100" />
    </mem>
    <remembered-set count="175" />
  </mem-info>
</gc-end>
<cycle-end id="3727" type="scavenge" contextid="3721" timestamp="2019-08-09T18:06:55.301" />
  <attribute name="elasticGC enabled" value="1" />
  <attribute name= "numThreadsSpecified" value="16" />
  <attribute name="heapSize specified" value="49152000" />
  <attribute name="Current GC Util" value="1" />
  <attribute name= "Current Time Running" value="151169" />
  <attribute name ="GC Interval" value="2289" />
  <attribute name="Target GC Util Change" value ="80.000000" />
  <attribute name="Current GC Util Change" value="1.000000"/>
  <attribute name="Current Error" value="238.000000" />
  <attribute name="Output H" value="87238840"/>
  <attribute name="Output I" value="2288"/>
  <attribute name="Output T" value="16"/>
  <attribute name= "Current Time Running" value="151169" />
  <attribute name="GC Util currently" value="1" />
  <attribute name="CPU Util currently" value="6034387472" />
<allocation-satisfied id="3728" threadId="0000000001164F00" bytesRequested="80" />
<af-end id="3729" timestamp="2019-08-09T18:06:55.301" threadId="0000000001165888" success="true" from="nursery"/>
<exclusive-end id="3730" timestamp="2019-08-09T18:06:55.301" durationms="2.827" />

<exclusive-start id="3731" timestamp="2019-08-09T18:06:55.441" intervalms="142.641">
  <response-info timems="0.051" idlems="0.051" threads="0" lastid="0000000001164F00" lastname="main" />
</exclusive-start>
<af-start id="3732" threadId="0000000001165888" totalBytesRequested="24" timestamp="2019-08-09T18:06:55.441" intervalms="142.639" type="nursery" />
<cycle-start id="3733" type="scavenge" contextid="0" timestamp="2019-08-09T18:06:55.441" intervalms="142.640" />
<gc-start id="3734" type="scavenge" contextid="3733" timestamp="2019-08-09T18:06:55.441">
  <mem-info id="3735" free="1809320" total="87162880" percent="2">
    <mem type="nursery" free="0" total="67239936" percent="0">
      <mem type="allocate" free="0" total="60489728" percent="0" />
      <mem type="survivor" free="0" total="6750208" percent="0" />
    </mem>
    <mem type="tenure" free="1809320" total="19922944" percent="9">
      <mem type="soa" free="1610664" total="19724288" percent="8" />
      <mem type="loa" free="198656" total="198656" percent="100" />
    </mem>
    <remembered-set count="175" />
  </mem-info>
</gc-start>
<allocation-stats totalBytes="60377096" >
  <allocated-bytes non-tlh="80" tlh="60377016" />
  <largest-consumer threadName="main" threadId="0000000001164F00" bytes="60377096" />
</allocation-stats>
<gc-op id="3736" type="scavenge" timems="2.024" contextid="3733" timestamp="2019-08-09T18:06:55.443">
  <scavenger-info tenureage="3" tenuremask="ffd8" tiltratio="89" />
  <memory-copied type="nursery" objects="74" bytes="4872" bytesdiscarded="51192" />
  <memory-copied type="tenure" objects="919" bytes="45008" bytesdiscarded="8" />
  <references type="weak" candidates="34" cleared="0" enqueued="0" />
</gc-op>
<gc-end id="3737" type="scavenge" contextid="3733" durationms="2.344" usertimems="5.880" systemtimems="0.000" timestamp="2019-08-09T18:06:55.444" activeThreads="16">
  <mem-info id="3738" free="62197032" total="87162880" percent="71">
    <mem type="nursery" free="60433664" total="67239936" percent="89">
      <mem type="allocate" free="60433664" total="60489728" percent="99" />
      <mem type="survivor" free="0" total="6750208" percent="0" />
    </mem>
    <mem type="tenure" free="1763368" total="19922944" percent="8" macro-fragmented="1500163">
      <mem type="soa" free="1564712" total="19724288" percent="7" />
      <mem type="loa" free="198656" total="198656" percent="100" />
    </mem>
    <remembered-set count="121" />
  </mem-info>
</gc-end>
<cycle-end id="3739" type="scavenge" contextid="3733" timestamp="2019-08-09T18:06:55.444" />
  <attribute name="elasticGC enabled" value="1" />
  <attribute name= "numThreadsSpecified" value="16" />
  <attribute name="heapSize specified" value="49152000" />
  <attribute name="Current GC Util" value="2" />
  <attribute name= "Current Time Running" value="151311" />
  <attribute name ="GC Interval" value="2377" />
  <attribute name="Target GC Util Change" value ="80.000000" />
  <attribute name="Current GC Util Change" value="2.000000"/>
  <attribute name="Current Error" value="316.000000" />
  <attribute name="Output H" value="87238928"/>
  <attribute name="Output I" value="2376"/>
  <attribute name="Output T" value="16"/>
  <attribute name= "Current Time Running" value="151311" />
  <attribute name="GC Util currently" value="2" />
  <attribute name="CPU Util currently" value="8089886559" />
<allocation-satisfied id="3740" threadId="0000000001164F00" bytesRequested="24" />
<af-end id="3741" timestamp="2019-08-09T18:06:55.444" threadId="0000000001165888" success="true" from="nursery"/>
<exclusive-end id="3742" timestamp="2019-08-09T18:06:55.444" durationms="2.575" />

<exclusive-start id="3743" timestamp="2019-08-09T18:06:55.583" intervalms="141.448">
  <response-info timems="0.023" idlems="0.023" threads="0" lastid="0000000001164F00" lastname="main" />
</exclusive-start>
<af-start id="3744" threadId="0000000001165888" totalBytesRequested="40" timestamp="2019-08-09T18:06:55.583" intervalms="141.501" type="nursery" />
<cycle-start id="3745" type="scavenge" contextid="0" timestamp="2019-08-09T18:06:55.583" intervalms="141.500" />
<gc-start id="3746" type="scavenge" contextid="3745" timestamp="2019-08-09T18:06:55.583">
  <mem-info id="3747" free="1763368" total="87162880" percent="2">
    <mem type="nursery" free="0" total="67239936" percent="0">
      <mem type="allocate" free="0" total="60489728" percent="0" />
      <mem type="survivor" free="0" total="6750208" percent="0" />
    </mem>
    <mem type="tenure" free="1763368" total="19922944" percent="8">
      <mem type="soa" free="1564712" total="19724288" percent="7" />
      <mem type="loa" free="198656" total="198656" percent="100" />
    </mem>
    <remembered-set count="123" />
  </mem-info>
</gc-start>
<allocation-stats totalBytes="60419536" >
  <allocated-bytes non-tlh="24" tlh="60419512" />
  <largest-consumer threadName="main" threadId="0000000001164F00" bytes="60419536" />
</allocation-stats>
<gc-op id="3748" type="scavenge" timems="1.148" contextid="3745" timestamp="2019-08-09T18:06:55.584">
  <scavenger-info tenureage="3" tenuremask="ffe8" tiltratio="89" />
  <memory-copied type="nursery" objects="23" bytes="1264" bytesdiscarded="30992" />
  <memory-copied type="tenure" objects="53" bytes="4008" bytesdiscarded="0" />
</gc-op>
<gc-end id="3749" type="scavenge" contextid="3745" durationms="1.722" usertimems="2.537" systemtimems="0.000" timestamp="2019-08-09T18:06:55.585" activeThreads="16">
  <mem-info id="3750" free="62197032" total="87162880" percent="71">
    <mem type="nursery" free="60457472" total="67239936" percent="89">
      <mem type="allocate" free="60457472" total="60489728" percent="99" />
      <mem type="survivor" free="0" total="6750208" percent="0" />
    </mem>
    <mem type="tenure" free="1739560" total="19922944" percent="8" macro-fragmented="7583">
      <mem type="soa" free="1540904" total="19724288" percent="7" />
      <mem type="loa" free="198656" total="198656" percent="100" />
    </mem>
    <remembered-set count="113" />
  </mem-info>
</gc-end>
<cycle-end id="3751" type="scavenge" contextid="3745" timestamp="2019-08-09T18:06:55.585" />
  <attribute name="elasticGC enabled" value="1" />
  <attribute name= "numThreadsSpecified" value="16" />
  <attribute name="heapSize specified" value="49152000" />
  <attribute name="Current GC Util" value="2" />
  <attribute name= "Current Time Running" value="151453" />
  <attribute name ="GC Interval" value="2465" />
  <attribute name="Target GC Util Change" value ="80.000000" />
  <attribute name="Current GC Util Change" value="2.000000"/>
  <attribute name="Current Error" value="394.000000" />
  <attribute name="Output H" value="87239016"/>
  <attribute name="Output I" value="2464"/>
  <attribute name="Output T" value="16"/>
  <attribute name= "Current Time Running" value="151453" />
  <attribute name="GC Util currently" value="2" />
  <attribute name="CPU Util currently" value="8147166172" />
<allocation-satisfied id="3752" threadId="0000000001164F00" bytesRequested="40" />
<af-end id="3753" timestamp="2019-08-09T18:06:55.585" threadId="0000000001165888" success="true" from="nursery"/>
<exclusive-end id="3754" timestamp="2019-08-09T18:06:55.585" durationms="2.024" />

<exclusive-start id="3755" timestamp="2019-08-09T18:06:55.638" intervalms="55.622">
  <response-info timems="0.156" idlems="0.156" threads="0" lastid="0000000001164F00" lastname="main" />
</exclusive-start>
<af-start id="3756" threadId="0000000001165888" totalBytesRequested="488" timestamp="2019-08-09T18:06:55.638" intervalms="55.572" type="nursery" />
<cycle-start id="3757" type="scavenge" contextid="0" timestamp="2019-08-09T18:06:55.638" intervalms="55.573" />
<gc-start id="3758" type="scavenge" contextid="3757" timestamp="2019-08-09T18:06:55.638">
  <mem-info id="3759" free="1739560" total="87162880" percent="1">
    <mem type="nursery" free="0" total="67239936" percent="0">
      <mem type="allocate" free="0" total="60489728" percent="0" />
      <mem type="survivor" free="0" total="6750208" percent="0" />
    </mem>
    <mem type="tenure" free="1739560" total="19922944" percent="8">
      <mem type="soa" free="1540904" total="19724288" percent="7" />
      <mem type="loa" free="198656" total="198656" percent="100" />
    </mem>
    <remembered-set count="113" />
  </mem-info>
</gc-start>
<allocation-stats totalBytes="60372104" >
  <allocated-bytes non-tlh="40" tlh="60372064" />
  <largest-consumer threadName="main" threadId="0000000001164F00" bytes="60372104" />
</allocation-stats>
<gc-op id="3760" type="scavenge" timems="1.848" contextid="3757" timestamp="2019-08-09T18:06:55.640">
  <scavenger-info tenureage="3" tenuremask="ffe8" tiltratio="89" />
  <memory-copied type="nursery" objects="26" bytes="1344" bytesdiscarded="30912" />
</gc-op>
<gc-end id="3761" type="scavenge" contextid="3757" durationms="2.331" usertimems="6.337" systemtimems="0.000" timestamp="2019-08-09T18:06:55.641" activeThreads="16">
  <mem-info id="3762" free="62197032" total="87162880" percent="71">
    <mem type="nursery" free="60457472" total="67239936" percent="89">
      <mem type="allocate" free="60457472" total="60489728" percent="99" />
      <mem type="survivor" free="0" total="6750208" percent="0" />
    </mem>
    <mem type="tenure" free="1739560" total="19922944" percent="8" macro-fragmented="1500163">
      <mem type="soa" free="1540904" total="19724288" percent="7" />
      <mem type="loa" free="198656" total="198656" percent="100" />
    </mem>
    <remembered-set count="113" />
  </mem-info>
</gc-end>
<cycle-end id="3763" type="scavenge" contextid="3757" timestamp="2019-08-09T18:06:55.641" />
  <attribute name="elasticGC enabled" value="1" />
  <attribute name= "numThreadsSpecified" value="16" />
  <attribute name="heapSize specified" value="49152000" />
  <attribute name="Current GC Util" value="4" />
  <attribute name= "Current Time Running" value="151508" />
  <attribute name ="GC Interval" value="2553" />
  <attribute name="Target GC Util Change" value ="80.000000" />
  <attribute name="Current GC Util Change" value="4.000000"/>
  <attribute name="Current Error" value="470.000000" />
  <attribute name="Output H" value="87239104"/>
  <attribute name="Output I" value="2552"/>
  <attribute name="Output T" value="16"/>
  <attribute name= "Current Time Running" value="151508" />
  <attribute name="GC Util currently" value="4" />
  <attribute name="CPU Util currently" value="20747064694" />
<allocation-satisfied id="3764" threadId="0000000001164F00" bytesRequested="488" />
<af-end id="3765" timestamp="2019-08-09T18:06:55.641" threadId="0000000001165888" success="true" from="nursery"/>
<exclusive-end id="3766" timestamp="2019-08-09T18:06:55.641" durationms="2.613" />

<exclusive-start id="3767" timestamp="2019-08-09T18:06:55.686" intervalms="47.416">
  <response-info timems="0.057" idlems="0.057" threads="0" lastid="0000000001164F00" lastname="main" />
</exclusive-start>
<af-start id="3768" threadId="0000000001165888" totalBytesRequested="544" timestamp="2019-08-09T18:06:55.686" intervalms="47.457" type="nursery" />
<cycle-start id="3769" type="scavenge" contextid="0" timestamp="2019-08-09T18:06:55.686" intervalms="47.459" />
<gc-start id="3770" type="scavenge" contextid="3769" timestamp="2019-08-09T18:06:55.686">
  <mem-info id="3771" free="1739560" total="87162880" percent="1">
    <mem type="nursery" free="0" total="67239936" percent="0">
      <mem type="allocate" free="0" total="60489728" percent="0" />
      <mem type="survivor" free="0" total="6750208" percent="0" />
    </mem>
    <mem type="tenure" free="1739560" total="19922944" percent="8">
      <mem type="soa" free="1540904" total="19724288" percent="7" />
      <mem type="loa" free="198656" total="198656" percent="100" />
    </mem>
    <remembered-set count="113" />
  </mem-info>
</gc-start>
<allocation-stats totalBytes="60373368" >
  <allocated-bytes non-tlh="488" tlh="60372880" />
  <largest-consumer threadName="main" threadId="0000000001164F00" bytes="60373368" />
</allocation-stats>
<gc-op id="3772" type="scavenge" timems="1.363" contextid="3769" timestamp="2019-08-09T18:06:55.687">
  <scavenger-info tenureage="3" tenuremask="fff8" tiltratio="89" />
  <memory-copied type="nursery" objects="26" bytes="1344" bytesdiscarded="30912" />
</gc-op>
<gc-end id="3773" type="scavenge" contextid="3769" durationms="1.640" usertimems="3.431" systemtimems="0.000" timestamp="2019-08-09T18:06:55.688" activeThreads="16">
  <mem-info id="3774" free="62197032" total="87162880" percent="71">
    <mem type="nursery" free="60457472" total="67239936" percent="89">
      <mem type="allocate" free="60457472" total="60489728" percent="99" />
      <mem type="survivor" free="0" total="6750208" percent="0" />
    </mem>
    <mem type="tenure" free="1739560" total="19922944" percent="8" macro-fragmented="0">
      <mem type="soa" free="1540904" total="19724288" percent="7" />
      <mem type="loa" free="198656" total="198656" percent="100" />
    </mem>
    <remembered-set count="113" />
  </mem-info>
</gc-end>
<cycle-end id="3775" type="scavenge" contextid="3769" timestamp="2019-08-09T18:06:55.688" />
  <attribute name="elasticGC enabled" value="1" />
  <attribute name= "numThreadsSpecified" value="16" />
  <attribute name="heapSize specified" value="49152000" />
  <attribute name="Current GC Util" value="8" />
  <attribute name= "Current Time Running" value="151556" />
  <attribute name ="GC Interval" value="2097" />
  <attribute name="Target GC Util Change" value ="80.000000" />
  <attribute name="Current GC Util Change" value="8.000000"/>
  <attribute name="Current Error" value="72.000000" />
  <attribute name="Output H" value="87238648"/>
  <attribute name="Output I" value="2096"/>
  <attribute name="Output T" value="16"/>
  <attribute name= "Current Time Running" value="151556" />
  <attribute name="GC Util currently" value="8" />
  <attribute name="CPU Util currently" value="24269745287" />
<allocation-satisfied id="3776" threadId="0000000001164F00" bytesRequested="544" />
<af-end id="3777" timestamp="2019-08-09T18:06:55.688" threadId="0000000001165888" success="true" from="nursery"/>
<exclusive-end id="3778" timestamp="2019-08-09T18:06:55.688" durationms="1.938" />

* Round 1 done in 19.008 seconds.
<exclusive-start id="3779" timestamp="2019-08-09T18:06:55.727" intervalms="41.318">
  <response-info timems="0.039" idlems="0.039" threads="0" lastid="0000000001164F00" lastname="main" />
</exclusive-start>
<af-start id="3780" threadId="0000000001165888" totalBytesRequested="32" timestamp="2019-08-09T18:06:55.727" intervalms="41.261" type="nursery" />
<cycle-start id="3781" type="scavenge" contextid="0" timestamp="2019-08-09T18:06:55.727" intervalms="41.254" />
<gc-start id="3782" type="scavenge" contextid="3781" timestamp="2019-08-09T18:06:55.727">
  <mem-info id="3783" free="1736520" total="87162880" percent="1">
    <mem type="nursery" free="0" total="67239936" percent="0">
      <mem type="allocate" free="0" total="60489728" percent="0" />
      <mem type="survivor" free="0" total="6750208" percent="0" />
    </mem>
    <mem type="tenure" free="1736520" total="19922944" percent="8">
      <mem type="soa" free="1537864" total="19724288" percent="7" />
      <mem type="loa" free="198656" total="198656" percent="100" />
    </mem>
    <remembered-set count="180" />
  </mem-info>
</gc-start>
<allocation-stats totalBytes="60377720" >
  <allocated-bytes non-tlh="3584" tlh="60374136" />
  <largest-consumer threadName="main" threadId="0000000001164F00" bytes="60377720" />
</allocation-stats>
<gc-op id="3784" type="scavenge" timems="1.765" contextid="3781" timestamp="2019-08-09T18:06:55.729">
  <scavenger-info tenureage="3" tenuremask="fff8" tiltratio="89" />
  <memory-copied type="nursery" objects="524" bytes="17624" bytesdiscarded="30760" />
  <memory-copied type="tenure" objects="7" bytes="160" bytesdiscarded="0" />
  <references type="soft" candidates="8" cleared="0" enqueued="0" dynamicThreshold="3" maxThreshold="32" />
  <references type="weak" candidates="14" cleared="6" enqueued="4" />
</gc-op>
<gc-end id="3785" type="scavenge" contextid="3781" durationms="2.204" usertimems="3.720" systemtimems="0.000" timestamp="2019-08-09T18:06:55.729" activeThreads="16">
  <mem-info id="3786" free="62177864" total="87162880" percent="71">
    <mem type="nursery" free="60441344" total="67239936" percent="89">
      <mem type="allocate" free="60441344" total="60489728" percent="99" />
      <mem type="survivor" free="0" total="6750208" percent="0" />
    </mem>
    <mem type="tenure" free="1736520" total="19922944" percent="8" macro-fragmented="0">
      <mem type="soa" free="1537864" total="19724288" percent="7" />
      <mem type="loa" free="198656" total="198656" percent="100" />
    </mem>
    <pending-finalizers system="0" default="0" reference="4" classloader="0" />
    <remembered-set count="178" />
  </mem-info>
</gc-end>
<cycle-end id="3787" type="scavenge" contextid="3781" timestamp="2019-08-09T18:06:55.729" />
  <attribute name="elasticGC enabled" value="1" />
  <attribute name= "numThreadsSpecified" value="16" />
  <attribute name="heapSize specified" value="49152000" />
  <attribute name="Current GC Util" value="6" />
  <attribute name= "Current Time Running" value="151597" />
  <attribute name ="GC Interval" value="2177" />
  <attribute name="Target GC Util Change" value ="80.000000" />
  <attribute name="Current GC Util Change" value="6.000000"/>
  <attribute name="Current Error" value="146.000000" />
  <attribute name="Output H" value="87238728"/>
  <attribute name="Output I" value="2176"/>
  <attribute name="Output T" value="16"/>
  <attribute name= "Current Time Running" value="151597" />
  <attribute name="GC Util currently" value="6" />
  <attribute name="CPU Util currently" value="27984355159" />
<allocation-satisfied id="3788" threadId="0000000001164F00" bytesRequested="32" />
<af-end id="3789" timestamp="2019-08-09T18:06:55.729" threadId="0000000001165888" success="true" from="nursery"/>
<exclusive-end id="3790" timestamp="2019-08-09T18:06:55.729" durationms="2.413" />

<exclusive-start id="3791" timestamp="2019-08-09T18:06:55.946" intervalms="218.467">
  <response-info timems="0.024" idlems="0.024" threads="0" lastid="0000000001164F00" lastname="main" />
</exclusive-start>
<af-start id="3792" threadId="0000000001165888" totalBytesRequested="1168" timestamp="2019-08-09T18:06:55.946" intervalms="218.483" type="nursery" />
<cycle-start id="3793" type="scavenge" contextid="0" timestamp="2019-08-09T18:06:55.946" intervalms="218.488" />
<gc-start id="3794" type="scavenge" contextid="3793" timestamp="2019-08-09T18:06:55.946">
  <mem-info id="3795" free="1736520" total="87162880" percent="1">
    <mem type="nursery" free="0" total="67239936" percent="0">
      <mem type="allocate" free="0" total="60489728" percent="0" />
      <mem type="survivor" free="0" total="6750208" percent="0" />
    </mem>
    <mem type="tenure" free="1736520" total="19922944" percent="8">
      <mem type="soa" free="1537864" total="19724288" percent="7" />
      <mem type="loa" free="198656" total="198656" percent="100" />
    </mem>
    <remembered-set count="197" />
  </mem-info>
</gc-start>
<allocation-stats totalBytes="60422840" >
  <allocated-bytes non-tlh="32" tlh="60422808" />
  <largest-consumer threadName="main" threadId="0000000001164F00" bytes="60418744" />
</allocation-stats>
<gc-op id="3796" type="scavenge" timems="2.138" contextid="3793" timestamp="2019-08-09T18:06:55.948">
  <scavenger-info tenureage="3" tenuremask="ffe8" tiltratio="89" />
  <memory-copied type="nursery" objects="582" bytes="20544" bytesdiscarded="27840" />
  <references type="soft" candidates="8" cleared="0" enqueued="0" dynamicThreshold="3" maxThreshold="32" />
  <references type="weak" candidates="8" cleared="0" enqueued="0" />
</gc-op>
<gc-end id="3797" type="scavenge" contextid="3793" durationms="2.327" usertimems="4.382" systemtimems="0.000" timestamp="2019-08-09T18:06:55.948" activeThreads="16">
  <mem-info id="3798" free="62177864" total="87162880" percent="71">
    <mem type="nursery" free="60441344" total="67239936" percent="89">
      <mem type="allocate" free="60441344" total="60489728" percent="99" />
      <mem type="survivor" free="0" total="6750208" percent="0" />
    </mem>
    <mem type="tenure" free="1736520" total="19922944" percent="8" macro-fragmented="1500163">
      <mem type="soa" free="1537864" total="19724288" percent="7" />
      <mem type="loa" free="198656" total="198656" percent="100" />
    </mem>
    <remembered-set count="195" />
  </mem-info>
</gc-end>
<cycle-end id="3799" type="scavenge" contextid="3793" timestamp="2019-08-09T18:06:55.948" />
  <attribute name="elasticGC enabled" value="1" />
  <attribute name= "numThreadsSpecified" value="16" />
  <attribute name="heapSize specified" value="49152000" />
  <attribute name="Current GC Util" value="1" />
  <attribute name= "Current Time Running" value="151815" />
  <attribute name ="GC Interval" value="2273" />
  <attribute name="Target GC Util Change" value ="80.000000" />
  <attribute name="Current GC Util Change" value="1.000000"/>
  <attribute name="Current Error" value="225.000000" />
  <attribute name="Output H" value="87238824"/>
  <attribute name="Output I" value="2272"/>
  <attribute name="Output T" value="16"/>
  <attribute name= "Current Time Running" value="151815" />
  <attribute name="GC Util currently" value="1" />
  <attribute name="CPU Util currently" value="5275953635" />
<allocation-satisfied id="3800" threadId="0000000001164F00" bytesRequested="1168" />
<af-end id="3801" timestamp="2019-08-09T18:06:55.948" threadId="0000000001165888" success="true" from="nursery"/>
<exclusive-end id="3802" timestamp="2019-08-09T18:06:55.948" durationms="2.725" />

<exclusive-start id="3803" timestamp="2019-08-09T18:06:55.956" intervalms="10.696">
  <response-info timems="0.025" idlems="0.025" threads="0" lastid="0000000001164F00" lastname="main" />
</exclusive-start>
<af-start id="3804" threadId="0000000001165888" totalBytesRequested="1168" timestamp="2019-08-09T18:06:55.956" intervalms="10.699" type="nursery" />
<cycle-start id="3805" type="scavenge" contextid="0" timestamp="2019-08-09T18:06:55.956" intervalms="10.702" />
<gc-start id="3806" type="scavenge" contextid="3805" timestamp="2019-08-09T18:06:55.957">
  <mem-info id="3807" free="1736520" total="87162880" percent="1">
    <mem type="nursery" free="0" total="67239936" percent="0">
      <mem type="allocate" free="0" total="60489728" percent="0" />
      <mem type="survivor" free="0" total="6750208" percent="0" />
    </mem>
    <mem type="tenure" free="1736520" total="19922944" percent="8">
      <mem type="soa" free="1537864" total="19724288" percent="7" />
      <mem type="loa" free="198656" total="198656" percent="100" />
    </mem>
    <remembered-set count="195" />
  </mem-info>
</gc-start>
<allocation-stats totalBytes="60218496" >
  <allocated-bytes non-tlh="1168" tlh="60217328" />
  <largest-consumer threadName="main" threadId="0000000001164F00" bytes="60218496" />
</allocation-stats>
<gc-op id="3808" type="scavenge" timems="1.792" contextid="3805" timestamp="2019-08-09T18:06:55.958">
  <scavenger-info tenureage="3" tenuremask="fff8" tiltratio="89" />
  <memory-copied type="nursery" objects="583" bytes="20568" bytesdiscarded="27816" />
  <references type="soft" candidates="8" cleared="0" enqueued="0" dynamicThreshold="3" maxThreshold="32" />
  <references type="weak" candidates="8" cleared="0" enqueued="0" />
</gc-op>
<heap-resize id="3809" type="expand" space="nursery" amount="3407872" count="1" timems="0.021" reason="excessive time being spent scavenging" timestamp="2019-08-09T18:06:55.958" />
<gc-end id="3810" type="scavenge" contextid="3805" durationms="2.131" usertimems="3.153" systemtimems="0.000" timestamp="2019-08-09T18:06:55.959" activeThreads="16">
  <mem-info id="3811" free="65192520" total="90570752" percent="71">
    <mem type="nursery" free="63456000" total="70647808" percent="89">
      <mem type="allocate" free="63456000" total="63504384" percent="99" />
      <mem type="survivor" free="0" total="7143424" percent="0" />
    </mem>
    <mem type="tenure" free="1736520" total="19922944" percent="8" macro-fragmented="6319">
      <mem type="soa" free="1537864" total="19724288" percent="7" />
      <mem type="loa" free="198656" total="198656" percent="100" />
    </mem>
    <remembered-set count="163" />
  </mem-info>
</gc-end>
<cycle-end id="3812" type="scavenge" contextid="3805" timestamp="2019-08-09T18:06:55.959" />
  <attribute name="elasticGC enabled" value="1" />
  <attribute name= "numThreadsSpecified" value="16" />
  <attribute name="heapSize specified" value="49152000" />
  <attribute name="Current GC Util" value="41" />
  <attribute name= "Current Time Running" value="151826" />
  <attribute name ="GC Interval" value="2313" />
  <attribute name="Target GC Util Change" value ="80.000000" />
  <attribute name="Current GC Util Change" value="41.000000"/>
  <attribute name="Current Error" value="264.000000" />
  <attribute name="Output H" value="87238864"/>
  <attribute name="Output I" value="2312"/>
  <attribute name="Output T" value="16"/>
  <attribute name= "Current Time Running" value="151826" />
  <attribute name="GC Util currently" value="41" />
  <attribute name="CPU Util currently" value="104975394999" />
<allocation-satisfied id="3813" threadId="0000000001164F00" bytesRequested="1168" />
<af-end id="3814" timestamp="2019-08-09T18:06:55.959" threadId="0000000001165888" success="true" from="nursery"/>
<exclusive-end id="3815" timestamp="2019-08-09T18:06:55.959" durationms="2.723" />

<exclusive-start id="3816" timestamp="2019-08-09T18:06:55.968" intervalms="11.700">
  <response-info timems="0.028" idlems="0.028" threads="0" lastid="0000000001164F00" lastname="main" />
</exclusive-start>
<af-start id="3817" threadId="0000000001165888" totalBytesRequested="1168" timestamp="2019-08-09T18:06:55.968" intervalms="11.703" type="nursery" />
<cycle-start id="3818" type="scavenge" contextid="0" timestamp="2019-08-09T18:06:55.968" intervalms="11.701" />
<gc-start id="3819" type="scavenge" contextid="3818" timestamp="2019-08-09T18:06:55.968">
  <mem-info id="3820" free="1736520" total="90570752" percent="1">
    <mem type="nursery" free="0" total="70647808" percent="0">
      <mem type="allocate" free="0" total="63504384" percent="0" />
      <mem type="survivor" free="0" total="7143424" percent="0" />
    </mem>
    <mem type="tenure" free="1736520" total="19922944" percent="8">
      <mem type="soa" free="1537864" total="19724288" percent="7" />
      <mem type="loa" free="198656" total="198656" percent="100" />
    </mem>
    <remembered-set count="163" />
  </mem-info>
</gc-start>
<allocation-stats totalBytes="63243472" >
  <allocated-bytes non-tlh="1168" tlh="63242304" />
  <largest-consumer threadName="main" threadId="0000000001164F00" bytes="63243472" />
</allocation-stats>
<gc-op id="3821" type="scavenge" timems="1.410" contextid="3818" timestamp="2019-08-09T18:06:55.970">
  <scavenger-info tenureage="2" tenuremask="fffc" tiltratio="89" />
  <memory-copied type="nursery" objects="2" bytes="56" bytesdiscarded="16072" />
  <memory-copied type="tenure" objects="581" bytes="20512" bytesdiscarded="8" />
</gc-op>
<heap-resize id="3822" type="expand" space="nursery" amount="2752512" count="1" timems="0.018" reason="excessive time being spent scavenging" timestamp="2019-08-09T18:06:55.970" />
<gc-end id="3823" type="scavenge" contextid="3818" durationms="1.830" usertimems="3.962" systemtimems="0.000" timestamp="2019-08-09T18:06:55.970" activeThreads="16">
  <mem-info id="3824" free="67682888" total="93323264" percent="72">
    <mem type="nursery" free="65978624" total="73400320" percent="89">
      <mem type="allocate" free="65978624" total="65994752" percent="99" />
      <mem type="survivor" free="0" total="7405568" percent="0" />
    </mem>
    <mem type="tenure" free="1704264" total="19922944" percent="8" macro-fragmented="0">
      <mem type="soa" free="1505608" total="19724288" percent="7" />
      <mem type="loa" free="198656" total="198656" percent="100" />
    </mem>
    <remembered-set count="121" />
  </mem-info>
</gc-end>
<cycle-end id="3825" type="scavenge" contextid="3818" timestamp="2019-08-09T18:06:55.970" />
  <attribute name="elasticGC enabled" value="1" />
  <attribute name= "numThreadsSpecified" value="16" />
  <attribute name="heapSize specified" value="49152000" />
  <attribute name="Current GC Util" value="29" />
  <attribute name= "Current Time Running" value="151838" />
  <attribute name ="GC Interval" value="2377" />
  <attribute name="Target GC Util Change" value ="80.000000" />
  <attribute name="Current GC Util Change" value="29.000000"/>
  <attribute name="Current Error" value="315.000000" />
  <attribute name="Output H" value="90646800"/>
  <attribute name="Output I" value="2376"/>
  <attribute name="Output T" value="16"/>
  <attribute name= "Current Time Running" value="151838" />
  <attribute name="GC Util currently" value="29" />
  <attribute name="CPU Util currently" value="99746814333" />
<allocation-satisfied id="3826" threadId="0000000001164F00" bytesRequested="1168" />
<af-end id="3827" timestamp="2019-08-09T18:06:55.970" threadId="0000000001165888" success="true" from="nursery"/>
<exclusive-end id="3828" timestamp="2019-08-09T18:06:55.970" durationms="2.277" />

<exclusive-start id="3829" timestamp="2019-08-09T18:06:55.978" intervalms="10.332">
  <response-info timems="0.037" idlems="0.037" threads="0" lastid="0000000001164F00" lastname="main" />
</exclusive-start>
<af-start id="3830" threadId="0000000001165888" totalBytesRequested="1168" timestamp="2019-08-09T18:06:55.978" intervalms="10.333" type="nursery" />
<cycle-start id="3831" type="scavenge" contextid="0" timestamp="2019-08-09T18:06:55.978" intervalms="10.332" />
<gc-start id="3832" type="scavenge" contextid="3831" timestamp="2019-08-09T18:06:55.978">
  <mem-info id="3833" free="1704264" total="93323264" percent="1">
    <mem type="nursery" free="0" total="73400320" percent="0">
      <mem type="allocate" free="0" total="65994752" percent="0" />
      <mem type="survivor" free="0" total="7405568" percent="0" />
    </mem>
    <mem type="tenure" free="1704264" total="19922944" percent="8">
      <mem type="soa" free="1505608" total="19724288" percent="7" />
      <mem type="loa" free="198656" total="198656" percent="100" />
    </mem>
    <remembered-set count="121" />
  </mem-info>
</gc-start>
<allocation-stats totalBytes="65758968" >
  <allocated-bytes non-tlh="1168" tlh="65757800" />
  <largest-consumer threadName="main" threadId="0000000001164F00" bytes="65758968" />
</allocation-stats>
<gc-op id="3834" type="scavenge" timems="0.805" contextid="3831" timestamp="2019-08-09T18:06:55.979">
  <scavenger-info tenureage="5" tenuremask="ffe0" tiltratio="89" />
  <memory-copied type="nursery" objects="2" bytes="56" bytesdiscarded="32200" />
</gc-op>
<gc-end id="3835" type="scavenge" contextid="3831" durationms="0.999" usertimems="1.678" systemtimems="0.000" timestamp="2019-08-09T18:06:55.979" activeThreads="16">
  <mem-info id="3836" free="67732296" total="93323264" percent="72">
    <mem type="nursery" free="66028032" total="73400320" percent="89">
      <mem type="allocate" free="66028032" total="66060288" percent="99" />
      <mem type="survivor" free="0" total="7340032" percent="0" />
    </mem>
    <mem type="tenure" free="1704264" total="19922944" percent="8" macro-fragmented="1500163">
      <mem type="soa" free="1505608" total="19724288" percent="7" />
      <mem type="loa" free="198656" total="198656" percent="100" />
    </mem>
    <remembered-set count="121" />
  </mem-info>
</gc-end>
<cycle-end id="3837" type="scavenge" contextid="3831" timestamp="2019-08-09T18:06:55.980" />
  <attribute name="elasticGC enabled" value="1" />
  <attribute name= "numThreadsSpecified" value="16" />
  <attribute name="heapSize specified" value="49152000" />
  <attribute name="Current GC Util" value="38" />
  <attribute name= "Current Time Running" value="151848" />
  <attribute name ="GC Interval" value="2425" />
  <attribute name="Target GC Util Change" value ="80.000000" />
  <attribute name="Current GC Util Change" value="38.000000"/>
  <attribute name="Current Error" value="357.000000" />
  <attribute name="Output H" value="93399360"/>
  <attribute name="Output I" value="2424"/>
  <attribute name="Output T" value="16"/>
  <attribute name= "Current Time Running" value="151848" />
  <attribute name="GC Util currently" value="38" />
  <attribute name="CPU Util currently" value="113198116557" />
<allocation-satisfied id="3838" threadId="0000000001164F00" bytesRequested="1168" />
<af-end id="3839" timestamp="2019-08-09T18:06:55.980" threadId="0000000001165888" success="true" from="nursery"/>
<exclusive-end id="3840" timestamp="2019-08-09T18:06:55.980" durationms="1.359" />

<exclusive-start id="3841" timestamp="2019-08-09T18:06:55.989" intervalms="10.530">
  <response-info timems="0.026" idlems="0.026" threads="0" lastid="0000000001164F00" lastname="main" />
</exclusive-start>
<af-start id="3842" threadId="0000000001165888" totalBytesRequested="1168" timestamp="2019-08-09T18:06:55.989" intervalms="10.527" type="nursery" />
<cycle-start id="3843" type="scavenge" contextid="0" timestamp="2019-08-09T18:06:55.989" intervalms="10.574" />
<gc-start id="3844" type="scavenge" contextid="3843" timestamp="2019-08-09T18:06:55.989">
  <mem-info id="3845" free="1704264" total="93323264" percent="1">
    <mem type="nursery" free="0" total="73400320" percent="0">
      <mem type="allocate" free="0" total="66060288" percent="0" />
      <mem type="survivor" free="0" total="7340032" percent="0" />
    </mem>
    <mem type="tenure" free="1704264" total="19922944" percent="8">
      <mem type="soa" free="1505608" total="19724288" percent="7" />
      <mem type="loa" free="198656" total="198656" percent="100" />
    </mem>
    <remembered-set count="121" />
  </mem-info>
</gc-start>
<allocation-stats totalBytes="65808272" >
  <allocated-bytes non-tlh="1168" tlh="65807104" />
  <largest-consumer threadName="main" threadId="0000000001164F00" bytes="65808272" />
</allocation-stats>
<gc-op id="3846" type="scavenge" timems="1.060" contextid="3843" timestamp="2019-08-09T18:06:55.990">
  <scavenger-info tenureage="3" tenuremask="fff8" tiltratio="90" />
  <memory-copied type="nursery" objects="2" bytes="56" bytesdiscarded="32200" />
</gc-op>
<heap-resize id="3847" type="expand" space="nursery" amount="3145728" count="1" timems="0.018" reason="excessive time being spent scavenging" timestamp="2019-08-09T18:06:55.990" />
<gc-end id="3848" type="scavenge" contextid="3843" durationms="1.270" usertimems="2.387" systemtimems="0.000" timestamp="2019-08-09T18:06:55.990" activeThreads="16">
  <mem-info id="3849" free="70550344" total="96468992" percent="73">
    <mem type="nursery" free="68846080" total="76546048" percent="89">
      <mem type="allocate" free="68846080" total="68878336" percent="99" />
      <mem type="survivor" free="0" total="7667712" percent="0" />
    </mem>
    <mem type="tenure" free="1704264" total="19922944" percent="8" macro-fragmented="1500163">
      <mem type="soa" free="1505608" total="19724288" percent="7" />
      <mem type="loa" free="198656" total="198656" percent="100" />
    </mem>
    <remembered-set count="121" />
  </mem-info>
</gc-end>
<cycle-end id="3850" type="scavenge" contextid="3843" timestamp="2019-08-09T18:06:55.990" />
  <attribute name="elasticGC enabled" value="1" />
  <attribute name= "numThreadsSpecified" value="16" />
  <attribute name="heapSize specified" value="49152000" />
  <attribute name="Current GC Util" value="17" />
  <attribute name= "Current Time Running" value="151859" />
  <attribute name ="GC Interval" value="2081" />
  <attribute name="Target GC Util Change" value ="80.000000" />
  <attribute name="Current GC Util Change" value="17.000000"/>
  <attribute name="Current Error" value="63.000000" />
  <attribute name="Output H" value="93399016"/>
  <attribute name="Output I" value="2080"/>
  <attribute name="Output T" value="16"/>
  <attribute name= "Current Time Running" value="151859" />
  <attribute name="GC Util currently" value="17" />
  <attribute name="CPU Util currently" value="109148194026" />
<allocation-satisfied id="3851" threadId="0000000001164F00" bytesRequested="1168" />
<af-end id="3852" timestamp="2019-08-09T18:06:55.990" threadId="0000000001165888" success="true" from="nursery"/>
<exclusive-end id="3853" timestamp="2019-08-09T18:06:55.990" durationms="1.583" />

<exclusive-start id="3854" timestamp="2019-08-09T18:06:55.999" intervalms="10.293">
  <response-info timems="0.026" idlems="0.026" threads="0" lastid="0000000001164F00" lastname="main" />
</exclusive-start>
<af-start id="3855" threadId="0000000001165888" totalBytesRequested="1168" timestamp="2019-08-09T18:06:55.999" intervalms="10.290" type="nursery" />
<cycle-start id="3856" type="scavenge" contextid="0" timestamp="2019-08-09T18:06:55.999" intervalms="10.242" />
<gc-start id="3857" type="scavenge" contextid="3856" timestamp="2019-08-09T18:06:55.999">
  <mem-info id="3858" free="1704264" total="96468992" percent="1">
    <mem type="nursery" free="0" total="76546048" percent="0">
      <mem type="allocate" free="0" total="68878336" percent="0" />
      <mem type="survivor" free="0" total="7667712" percent="0" />
    </mem>
    <mem type="tenure" free="1704264" total="19922944" percent="8">
      <mem type="soa" free="1505608" total="19724288" percent="7" />
      <mem type="loa" free="198656" total="198656" percent="100" />
    </mem>
    <remembered-set count="121" />
  </mem-info>
</gc-start>
<allocation-stats totalBytes="68617104" >
  <allocated-bytes non-tlh="1168" tlh="68615936" />
  <largest-consumer threadName="main" threadId="0000000001164F00" bytes="68617104" />
</allocation-stats>
<gc-op id="3859" type="scavenge" timems="1.224" contextid="3856" timestamp="2019-08-09T18:06:56.000">
  <scavenger-info tenureage="3" tenuremask="fff8" tiltratio="89" />
  <memory-copied type="nursery" objects="2" bytes="56" bytesdiscarded="32200" />
</gc-op>
<heap-resize id="3860" type="expand" space="nursery" amount="3276800" count="1" timems="0.018" reason="excessive time being spent scavenging" timestamp="2019-08-09T18:06:56.001" />
<gc-end id="3861" type="scavenge" contextid="3856" durationms="1.477" usertimems="2.506" systemtimems="0.000" timestamp="2019-08-09T18:06:56.001" activeThreads="16">
  <mem-info id="3862" free="73499464" total="99745792" percent="73">
    <mem type="nursery" free="71795200" total="79822848" percent="89">
      <mem type="allocate" free="71795200" total="71827456" percent="99" />
      <mem type="survivor" free="0" total="7995392" percent="0" />
    </mem>
    <mem type="tenure" free="1704264" total="19922944" percent="8" macro-fragmented="1500163">
      <mem type="soa" free="1505608" total="19724288" percent="7" />
      <mem type="loa" free="198656" total="198656" percent="100" />
    </mem>
    <remembered-set count="121" />
  </mem-info>
</gc-end>
<cycle-end id="3863" type="scavenge" contextid="3856" timestamp="2019-08-09T18:06:56.001" />
  <attribute name="elasticGC enabled" value="1" />
  <attribute name= "numThreadsSpecified" value="16" />
  <attribute name="heapSize specified" value="49152000" />
  <attribute name="Current GC Util" value="24" />
  <attribute name= "Current Time Running" value="151869" />
  <attribute name ="GC Interval" value="2153" />
  <attribute name="Target GC Util Change" value ="80.000000" />
  <attribute name="Current GC Util Change" value="24.000000"/>
  <attribute name="Current Error" value="119.000000" />
  <attribute name="Output H" value="96544816"/>
  <attribute name="Output I" value="2152"/>
  <attribute name="Output T" value="16"/>
  <attribute name= "Current Time Running" value="151869" />
  <attribute name="GC Util currently" value="24" />
  <attribute name="CPU Util currently" value="112509943729" />
<allocation-satisfied id="3864" threadId="0000000001164F00" bytesRequested="1168" />
<af-end id="3865" timestamp="2019-08-09T18:06:56.001" threadId="0000000001165888" success="true" from="nursery"/>
<exclusive-end id="3866" timestamp="2019-08-09T18:06:56.001" durationms="1.820" />

<exclusive-start id="3867" timestamp="2019-08-09T18:06:56.012" intervalms="12.974">
  <response-info timems="0.024" idlems="0.024" threads="0" lastid="0000000001164F00" lastname="main" />
</exclusive-start>
<af-start id="3868" threadId="0000000001165888" totalBytesRequested="1168" timestamp="2019-08-09T18:06:56.012" intervalms="12.979" type="nursery" />
<cycle-start id="3869" type="scavenge" contextid="0" timestamp="2019-08-09T18:06:56.012" intervalms="13.000" />
<gc-start id="3870" type="scavenge" contextid="3869" timestamp="2019-08-09T18:06:56.012">
  <mem-info id="3871" free="1704264" total="99745792" percent="1">
    <mem type="nursery" free="0" total="79822848" percent="0">
      <mem type="allocate" free="0" total="71827456" percent="0" />
      <mem type="survivor" free="0" total="7995392" percent="0" />
    </mem>
    <mem type="tenure" free="1704264" total="19922944" percent="8">
      <mem type="soa" free="1505608" total="19724288" percent="7" />
      <mem type="loa" free="198656" total="198656" percent="100" />
    </mem>
    <remembered-set count="121" />
  </mem-info>
</gc-start>
<allocation-stats totalBytes="71556552" >
  <allocated-bytes non-tlh="1168" tlh="71555384" />
  <largest-consumer threadName="main" threadId="0000000001164F00" bytes="71556552" />
</allocation-stats>
<gc-op id="3872" type="scavenge" timems="1.044" contextid="3869" timestamp="2019-08-09T18:06:56.013">
  <scavenger-info tenureage="3" tenuremask="fff8" tiltratio="89" />
  <memory-copied type="nursery" objects="2" bytes="56" bytesdiscarded="32200" />
</gc-op>
<gc-end id="3873" type="scavenge" contextid="3869" durationms="1.250" usertimems="2.119" systemtimems="0.000" timestamp="2019-08-09T18:06:56.013" activeThreads="16">
  <mem-info id="3874" free="73499464" total="99745792" percent="73">
    <mem type="nursery" free="71795200" total="79822848" percent="89">
      <mem type="allocate" free="71795200" total="71827456" percent="99" />
      <mem type="survivor" free="0" total="7995392" percent="0" />
    </mem>
    <mem type="tenure" free="1704264" total="19922944" percent="8" macro-fragmented="868149">
      <mem type="soa" free="1505608" total="19724288" percent="7" />
      <mem type="loa" free="198656" total="198656" percent="100" />
    </mem>
    <remembered-set count="121" />
  </mem-info>
</gc-end>
<cycle-end id="3875" type="scavenge" contextid="3869" timestamp="2019-08-09T18:06:56.014" />
  <attribute name="elasticGC enabled" value="1" />
  <attribute name= "numThreadsSpecified" value="16" />
  <attribute name="heapSize specified" value="49152000" />
  <attribute name="Current GC Util" value="20" />
  <attribute name= "Current Time Running" value="151882" />
  <attribute name ="GC Interval" value="2217" />
  <attribute name="Target GC Util Change" value ="80.000000" />
  <attribute name="Current GC Util Change" value="20.000000"/>
  <attribute name="Current Error" value="179.000000" />
  <attribute name="Output H" value="99821680"/>
  <attribute name="Output I" value="2216"/>
  <attribute name="Output T" value="16"/>
  <attribute name= "Current Time Running" value="151882" />
  <attribute name="GC Util currently" value="20" />
  <attribute name="CPU Util currently" value="88624596970" />
<allocation-satisfied id="3876" threadId="0000000001164F00" bytesRequested="1168" />
<af-end id="3877" timestamp="2019-08-09T18:06:56.014" threadId="0000000001165888" success="true" from="nursery"/>
<exclusive-end id="3878" timestamp="2019-08-09T18:06:56.014" durationms="1.546" />

<exclusive-start id="3879" timestamp="2019-08-09T18:06:56.022" intervalms="10.244">
  <response-info timems="0.019" idlems="0.019" threads="0" lastid="0000000001164F00" lastname="main" />
</exclusive-start>
<af-start id="3880" threadId="0000000001165888" totalBytesRequested="1168" timestamp="2019-08-09T18:06:56.022" intervalms="10.233" type="nursery" />
<cycle-start id="3881" type="scavenge" contextid="0" timestamp="2019-08-09T18:06:56.022" intervalms="10.209" />
<gc-start id="3882" type="scavenge" contextid="3881" timestamp="2019-08-09T18:06:56.023">
  <mem-info id="3883" free="1704264" total="99745792" percent="1">
    <mem type="nursery" free="0" total="79822848" percent="0">
      <mem type="allocate" free="0" total="71827456" percent="0" />
      <mem type="survivor" free="0" total="7995392" percent="0" />
    </mem>
    <mem type="tenure" free="1704264" total="19922944" percent="8">
      <mem type="soa" free="1505608" total="19724288" percent="7" />
      <mem type="loa" free="198656" total="198656" percent="100" />
    </mem>
    <remembered-set count="121" />
  </mem-info>
</gc-start>
<allocation-stats totalBytes="71556552" >
  <allocated-bytes non-tlh="1168" tlh="71555384" />
  <largest-consumer threadName="main" threadId="0000000001164F00" bytes="71556552" />
</allocation-stats>
<gc-op id="3884" type="scavenge" timems="0.907" contextid="3881" timestamp="2019-08-09T18:06:56.023">
  <scavenger-info tenureage="3" tenuremask="fff8" tiltratio="89" />
  <memory-copied type="nursery" objects="2" bytes="56" bytesdiscarded="32200" />
</gc-op>
<heap-resize id="3885" type="expand" space="nursery" amount="4849664" count="1" timems="0.021" reason="excessive time being spent scavenging" timestamp="2019-08-09T18:06:56.024" />
<gc-end id="3886" type="scavenge" contextid="3881" durationms="1.336" usertimems="1.825" systemtimems="0.000" timestamp="2019-08-09T18:06:56.024" activeThreads="16">
  <mem-info id="3887" free="77824840" total="104595456" percent="74">
    <mem type="nursery" free="76120576" total="84672512" percent="89">
      <mem type="allocate" free="76120576" total="76152832" percent="99" />
      <mem type="survivor" free="0" total="8519680" percent="0" />
    </mem>
    <mem type="tenure" free="1704264" total="19922944" percent="8" macro-fragmented="10920">
      <mem type="soa" free="1505608" total="19724288" percent="7" />
      <mem type="loa" free="198656" total="198656" percent="100" />
    </mem>
    <remembered-set count="121" />
  </mem-info>
</gc-end>
<cycle-end id="3888" type="scavenge" contextid="3881" timestamp="2019-08-09T18:06:56.024" />
  <attribute name="elasticGC enabled" value="1" />
  <attribute name= "numThreadsSpecified" value="16" />
  <attribute name="heapSize specified" value="49152000" />
  <attribute name="Current GC Util" value="22" />
  <attribute name= "Current Time Running" value="151892" />
  <attribute name ="GC Interval" value="2289" />
  <attribute name="Target GC Util Change" value ="80.000000" />
  <attribute name="Current GC Util Change" value="22.000000"/>
  <attribute name="Current Error" value="237.000000" />
  <attribute name="Output H" value="99821752"/>
  <attribute name="Output I" value="2288"/>
  <attribute name="Output T" value="16"/>
  <attribute name= "Current Time Running" value="151892" />
  <attribute name="GC Util currently" value="22" />
  <attribute name="CPU Util currently" value="112054891260" />
<allocation-satisfied id="3889" threadId="0000000001164F00" bytesRequested="1168" />
<af-end id="3890" timestamp="2019-08-09T18:06:56.024" threadId="0000000001165888" success="true" from="nursery"/>
<exclusive-end id="3891" timestamp="2019-08-09T18:06:56.024" durationms="1.685" />

<exclusive-start id="3892" timestamp="2019-08-09T18:06:56.035" intervalms="12.298">
  <response-info timems="0.050" idlems="0.050" threads="0" lastid="0000000001164F00" lastname="main" />
</exclusive-start>
<af-start id="3893" threadId="0000000001165888" totalBytesRequested="1168" timestamp="2019-08-09T18:06:56.035" intervalms="12.306" type="nursery" />
<cycle-start id="3894" type="scavenge" contextid="0" timestamp="2019-08-09T18:06:56.035" intervalms="12.310" />
<gc-start id="3895" type="scavenge" contextid="3894" timestamp="2019-08-09T18:06:56.035">
  <mem-info id="3896" free="1704264" total="104595456" percent="1">
    <mem type="nursery" free="0" total="84672512" percent="0">
      <mem type="allocate" free="0" total="76152832" percent="0" />
      <mem type="survivor" free="0" total="8519680" percent="0" />
    </mem>
    <mem type="tenure" free="1704264" total="19922944" percent="8">
      <mem type="soa" free="1505608" total="19724288" percent="7" />
      <mem type="loa" free="198656" total="198656" percent="100" />
    </mem>
    <remembered-set count="121" />
  </mem-info>
</gc-start>
<allocation-stats totalBytes="75867768" >
  <allocated-bytes non-tlh="1168" tlh="75866600" />
  <largest-consumer threadName="main" threadId="0000000001164F00" bytes="75867768" />
</allocation-stats>
<gc-op id="3897" type="scavenge" timems="1.448" contextid="3894" timestamp="2019-08-09T18:06:56.036">
  <scavenger-info tenureage="3" tenuremask="fff8" tiltratio="89" />
  <memory-copied type="nursery" objects="2" bytes="56" bytesdiscarded="32200" />
</gc-op>
<gc-end id="3898" type="scavenge" contextid="3894" durationms="1.740" usertimems="3.283" systemtimems="0.000" timestamp="2019-08-09T18:06:56.037" activeThreads="16">
  <mem-info id="3899" free="77824840" total="104595456" percent="74">
    <mem type="nursery" free="76120576" total="84672512" percent="89">
      <mem type="allocate" free="76120576" total="76152832" percent="99" />
      <mem type="survivor" free="0" total="8519680" percent="0" />
    </mem>
    <mem type="tenure" free="1704264" total="19922944" percent="8" macro-fragmented="1500163">
      <mem type="soa" free="1505608" total="19724288" percent="7" />
      <mem type="loa" free="198656" total="198656" percent="100" />
    </mem>
    <remembered-set count="121" />
  </mem-info>
</gc-end>
<cycle-end id="3900" type="scavenge" contextid="3894" timestamp="2019-08-09T18:06:56.037" />
  <attribute name="elasticGC enabled" value="1" />
  <attribute name= "numThreadsSpecified" value="16" />
  <attribute name="heapSize specified" value="49152000" />
  <attribute name="Current GC Util" value="15" />
  <attribute name= "Current Time Running" value="151905" />
  <attribute name ="GC Interval" value="2361" />
  <attribute name="Target GC Util Change" value ="80.000000" />
  <attribute name="Current GC Util Change" value="15.000000"/>
  <attribute name="Current Error" value="302.000000" />
  <attribute name="Output H" value="104671488"/>
  <attribute name="Output I" value="2360"/>
  <attribute name="Output T" value="16"/>
  <attribute name= "Current Time Running" value="151905" />
  <attribute name="GC Util currently" value="15" />
  <attribute name="CPU Util currently" value="92785187311" />
<allocation-satisfied id="3901" threadId="0000000001164F00" bytesRequested="1168" />
<af-end id="3902" timestamp="2019-08-09T18:06:56.037" threadId="0000000001165888" success="true" from="nursery"/>
<exclusive-end id="3903" timestamp="2019-08-09T18:06:56.037" durationms="2.220" />

<exclusive-start id="3904" timestamp="2019-08-09T18:06:56.048" intervalms="13.490">
  <response-info timems="0.023" idlems="0.023" threads="0" lastid="0000000001164F00" lastname="main" />
</exclusive-start>
<af-start id="3905" threadId="0000000001165888" totalBytesRequested="1168" timestamp="2019-08-09T18:06:56.048" intervalms="13.552" type="nursery" />
<cycle-start id="3906" type="scavenge" contextid="0" timestamp="2019-08-09T18:06:56.048" intervalms="13.737" />
<gc-start id="3907" type="scavenge" contextid="3906" timestamp="2019-08-09T18:06:56.049">
  <mem-info id="3908" free="1704264" total="104595456" percent="1">
    <mem type="nursery" free="0" total="84672512" percent="0">
      <mem type="allocate" free="0" total="76152832" percent="0" />
      <mem type="survivor" free="0" total="8519680" percent="0" />
    </mem>
    <mem type="tenure" free="1704264" total="19922944" percent="8">
      <mem type="soa" free="1505608" total="19724288" percent="7" />
      <mem type="loa" free="198656" total="198656" percent="100" />
    </mem>
    <remembered-set count="126" />
  </mem-info>
</gc-start>
<allocation-stats totalBytes="75847912" >
  <allocated-bytes non-tlh="1168" tlh="75846744" />
  <largest-consumer threadName="main" threadId="0000000001164F00" bytes="75847912" />
</allocation-stats>
<gc-op id="3909" type="scavenge" timems="1.493" contextid="3906" timestamp="2019-08-09T18:06:56.050">
  <scavenger-info tenureage="3" tenuremask="fff8" tiltratio="89" />
  <memory-copied type="nursery" objects="27" bytes="1936" bytesdiscarded="30320" />
</gc-op>
<heap-resize id="3910" type="expand" space="nursery" amount="4194304" count="1" timems="0.020" reason="excessive time being spent scavenging" timestamp="2019-08-09T18:06:56.050" />
<gc-end id="3911" type="scavenge" contextid="3906" durationms="1.697" usertimems="2.326" systemtimems="0.000" timestamp="2019-08-09T18:06:56.050" activeThreads="16">
  <mem-info id="3912" free="81560392" total="108789760" percent="74">
    <mem type="nursery" free="79856128" total="88866816" percent="89">
      <mem type="allocate" free="79856128" total="79888384" percent="99" />
      <mem type="survivor" free="0" total="8978432" percent="0" />
    </mem>
    <mem type="tenure" free="1704264" total="19922944" percent="8" macro-fragmented="868149">
      <mem type="soa" free="1505608" total="19724288" percent="7" />
      <mem type="loa" free="198656" total="198656" percent="100" />
    </mem>
    <remembered-set count="126" />
  </mem-info>
</gc-end>
<cycle-end id="3913" type="scavenge" contextid="3906" timestamp="2019-08-09T18:06:56.050" />
  <attribute name="elasticGC enabled" value="1" />
  <attribute name= "numThreadsSpecified" value="16" />
  <attribute name="heapSize specified" value="49152000" />
  <attribute name="Current GC Util" value="25" />
  <attribute name= "Current Time Running" value="151918" />
  <attribute name ="GC Interval" value="2425" />
  <attribute name="Target GC Util Change" value ="80.000000" />
  <attribute name="Current GC Util Change" value="25.000000"/>
  <attribute name="Current Error" value="357.000000" />
  <attribute name="Output H" value="104671552"/>
  <attribute name="Output I" value="2424"/>
  <attribute name="Output T" value="16"/>
  <attribute name= "Current Time Running" value="151918" />
  <attribute name="GC Util currently" value="25" />
  <attribute name="CPU Util currently" value="84703656498" />
<allocation-satisfied id="3914" threadId="0000000001164F00" bytesRequested="1168" />
<af-end id="3915" timestamp="2019-08-09T18:06:56.050" threadId="0000000001165888" success="true" from="nursery"/>
<exclusive-end id="3916" timestamp="2019-08-09T18:06:56.050" durationms="2.293" />

<exclusive-start id="3917" timestamp="2019-08-09T18:06:56.061" intervalms="13.216">
  <response-info timems="0.027" idlems="0.027" threads="0" lastid="0000000001164F00" lastname="main" />
</exclusive-start>
<af-start id="3918" threadId="0000000001165888" totalBytesRequested="1168" timestamp="2019-08-09T18:06:56.061" intervalms="13.151" type="nursery" />
<cycle-start id="3919" type="scavenge" contextid="0" timestamp="2019-08-09T18:06:56.061" intervalms="12.964" />
<gc-start id="3920" type="scavenge" contextid="3919" timestamp="2019-08-09T18:06:56.062">
  <mem-info id="3921" free="1704264" total="108789760" percent="1">
    <mem type="nursery" free="0" total="88866816" percent="0">
      <mem type="allocate" free="0" total="79888384" percent="0" />
      <mem type="survivor" free="0" total="8978432" percent="0" />
    </mem>
    <mem type="tenure" free="1704264" total="19922944" percent="8">
      <mem type="soa" free="1505608" total="19724288" percent="7" />
      <mem type="loa" free="198656" total="198656" percent="100" />
    </mem>
    <remembered-set count="126" />
  </mem-info>
</gc-start>
<allocation-stats totalBytes="79336632" >
  <allocated-bytes non-tlh="1168" tlh="79335464" />
  <largest-consumer threadName="main" threadId="0000000001164F00" bytes="79336632" />
</allocation-stats>
<gc-op id="3922" type="scavenge" timems="1.496" contextid="3919" timestamp="2019-08-09T18:06:56.063">
  <scavenger-info tenureage="3" tenuremask="fff8" tiltratio="89" />
  <memory-copied type="nursery" objects="28" bytes="1960" bytesdiscarded="30296" />
</gc-op>
<gc-end id="3923" type="scavenge" contextid="3919" durationms="1.805" usertimems="3.375" systemtimems="0.000" timestamp="2019-08-09T18:06:56.063" activeThreads="16">
  <mem-info id="3924" free="81625928" total="108789760" percent="75">
    <mem type="nursery" free="79921664" total="88866816" percent="89">
      <mem type="allocate" free="79921664" total="79953920" percent="99" />
      <mem type="survivor" free="0" total="8912896" percent="0" />
    </mem>
    <mem type="tenure" free="1704264" total="19922944" percent="8" macro-fragmented="13104">
      <mem type="soa" free="1505608" total="19724288" percent="7" />
      <mem type="loa" free="198656" total="198656" percent="100" />
    </mem>
    <remembered-set count="116" />
  </mem-info>
</gc-end>
<cycle-end id="3925" type="scavenge" contextid="3919" timestamp="2019-08-09T18:06:56.063" />
  <attribute name="elasticGC enabled" value="1" />
  <attribute name= "numThreadsSpecified" value="16" />
  <attribute name="heapSize specified" value="49152000" />
  <attribute name="Current GC Util" value="19" />
  <attribute name= "Current Time Running" value="151931" />
  <attribute name ="GC Interval" value="2081" />
  <attribute name="Target GC Util Change" value ="80.000000" />
  <attribute name="Current GC Util Change" value="19.000000"/>
  <attribute name="Current Error" value="61.000000" />
  <attribute name="Output H" value="108865512"/>
  <attribute name="Output I" value="2080"/>
  <attribute name="Output T" value="16"/>
  <attribute name= "Current Time Running" value="151931" />
  <attribute name="GC Util currently" value="19" />
  <attribute name="CPU Util currently" value="88835023718" />
<allocation-satisfied id="3926" threadId="0000000001164F00" bytesRequested="1168" />
<af-end id="3927" timestamp="2019-08-09T18:06:56.063" threadId="0000000001165888" success="true" from="nursery"/>
<exclusive-end id="3928" timestamp="2019-08-09T18:06:56.063" durationms="2.175" />

<exclusive-start id="3929" timestamp="2019-08-09T18:06:56.073" intervalms="11.465">
  <response-info timems="0.026" idlems="0.026" threads="0" lastid="0000000001164F00" lastname="main" />
</exclusive-start>
<af-start id="3930" threadId="0000000001165888" totalBytesRequested="1168" timestamp="2019-08-09T18:06:56.073" intervalms="11.479" type="nursery" />
<cycle-start id="3931" type="scavenge" contextid="0" timestamp="2019-08-09T18:06:56.073" intervalms="11.477" />
<gc-start id="3932" type="scavenge" contextid="3931" timestamp="2019-08-09T18:06:56.073">
  <mem-info id="3933" free="1704264" total="108789760" percent="1">
    <mem type="nursery" free="0" total="88866816" percent="0">
      <mem type="allocate" free="0" total="79953920" percent="0" />
      <mem type="survivor" free="0" total="8912896" percent="0" />
    </mem>
    <mem type="tenure" free="1704264" total="19922944" percent="8">
      <mem type="soa" free="1505608" total="19724288" percent="7" />
      <mem type="loa" free="198656" total="198656" percent="100" />
    </mem>
    <remembered-set count="116" />
  </mem-info>
</gc-start>
<allocation-stats totalBytes="79420480" >
  <allocated-bytes non-tlh="1168" tlh="79419312" />
  <largest-consumer threadName="main" threadId="0000000001164F00" bytes="79420480" />
</allocation-stats>
<gc-op id="3934" type="scavenge" timems="1.113" contextid="3931" timestamp="2019-08-09T18:06:56.074">
  <scavenger-info tenureage="3" tenuremask="fff8" tiltratio="89" />
  <memory-copied type="nursery" objects="28" bytes="1960" bytesdiscarded="30296" />
</gc-op>
<heap-resize id="3935" type="expand" space="nursery" amount="5242880" count="1" timems="0.017" reason="excessive time being spent scavenging" timestamp="2019-08-09T18:06:56.074" />
<gc-end id="3936" type="scavenge" contextid="3931" durationms="1.440" usertimems="2.304" systemtimems="0.000" timestamp="2019-08-09T18:06:56.074" activeThreads="16">
  <mem-info id="3937" free="86344520" total="114032640" percent="75">
    <mem type="nursery" free="84640256" total="94109696" percent="89">
      <mem type="allocate" free="84640256" total="84672512" percent="99" />
      <mem type="survivor" free="0" total="9437184" percent="0" />
    </mem>
    <mem type="tenure" free="1704264" total="19922944" percent="8" macro-fragmented="0">
      <mem type="soa" free="1505608" total="19724288" percent="7" />
      <mem type="loa" free="198656" total="198656" percent="100" />
    </mem>
    <remembered-set count="116" />
  </mem-info>
</gc-end>
<cycle-end id="3938" type="scavenge" contextid="3931" timestamp="2019-08-09T18:06:56.074" />
  <attribute name="elasticGC enabled" value="1" />
  <attribute name= "numThreadsSpecified" value="16" />
  <attribute name="heapSize specified" value="49152000" />
  <attribute name="Current GC Util" value="22" />
  <attribute name= "Current Time Running" value="151943" />
  <attribute name ="GC Interval" value="2153" />
  <attribute name="Target GC Util Change" value ="80.000000" />
  <attribute name="Current GC Util Change" value="22.000000"/>
  <attribute name="Current Error" value="119.000000" />
  <attribute name="Output H" value="108865584"/>
  <attribute name="Output I" value="2152"/>
  <attribute name="Output T" value="16"/>
  <attribute name= "Current Time Running" value="151943" />
  <attribute name="GC Util currently" value="22" />
  <attribute name="CPU Util currently" value="101340738647" />
<allocation-satisfied id="3939" threadId="0000000001164F00" bytesRequested="1168" />
<af-end id="3940" timestamp="2019-08-09T18:06:56.074" threadId="0000000001165888" success="true" from="nursery"/>
<exclusive-end id="3941" timestamp="2019-08-09T18:06:56.074" durationms="1.686" />

<exclusive-start id="3942" timestamp="2019-08-09T18:06:56.085" intervalms="12.224">
  <response-info timems="0.016" idlems="0.016" threads="0" lastid="0000000001164F00" lastname="main" />
</exclusive-start>
<af-start id="3943" threadId="0000000001165888" totalBytesRequested="1168" timestamp="2019-08-09T18:06:56.085" intervalms="12.203" type="nursery" />
<cycle-start id="3944" type="scavenge" contextid="0" timestamp="2019-08-09T18:06:56.085" intervalms="12.201" />
<gc-start id="3945" type="scavenge" contextid="3944" timestamp="2019-08-09T18:06:56.085">
  <mem-info id="3946" free="1704264" total="114032640" percent="1">
    <mem type="nursery" free="0" total="94109696" percent="0">
      <mem type="allocate" free="0" total="84672512" percent="0" />
      <mem type="survivor" free="0" total="9437184" percent="0" />
    </mem>
    <mem type="tenure" free="1704264" total="19922944" percent="8">
      <mem type="soa" free="1505608" total="19724288" percent="7" />
      <mem type="loa" free="198656" total="198656" percent="100" />
    </mem>
    <remembered-set count="116" />
  </mem-info>
</gc-start>
<allocation-stats totalBytes="84109504" >
  <allocated-bytes non-tlh="1168" tlh="84108336" />
  <largest-consumer threadName="main" threadId="0000000001164F00" bytes="84109504" />
</allocation-stats>
<gc-op id="3947" type="scavenge" timems="0.855" contextid="3944" timestamp="2019-08-09T18:06:56.086">
  <scavenger-info tenureage="3" tenuremask="fff8" tiltratio="89" />
  <memory-copied type="nursery" objects="2" bytes="64" bytesdiscarded="16064" />
  <memory-copied type="tenure" objects="26" bytes="1896" bytesdiscarded="0" />
</gc-op>
<gc-end id="3948" type="scavenge" contextid="3944" durationms="1.132" usertimems="1.924" systemtimems="0.000" timestamp="2019-08-09T18:06:56.086" activeThreads="16">
  <mem-info id="3949" free="86360648" total="114032640" percent="75">
    <mem type="nursery" free="84656384" total="94109696" percent="89">
      <mem type="allocate" free="84656384" total="84672512" percent="99" />
      <mem type="survivor" free="0" total="9437184" percent="0" />
    </mem>
    <mem type="tenure" free="1704264" total="19922944" percent="8" macro-fragmented="0">
      <mem type="soa" free="1505608" total="19724288" percent="7" />
      <mem type="loa" free="198656" total="198656" percent="100" />
    </mem>
    <remembered-set count="121" />
  </mem-info>
</gc-end>
<cycle-end id="3950" type="scavenge" contextid="3944" timestamp="2019-08-09T18:06:56.086" />
  <attribute name="elasticGC enabled" value="1" />
  <attribute name= "numThreadsSpecified" value="16" />
  <attribute name="heapSize specified" value="49152000" />
  <attribute name="Current GC Util" value="22" />
  <attribute name= "Current Time Running" value="151955" />
  <attribute name ="GC Interval" value="2217" />
  <attribute name="Target GC Util Change" value ="80.000000" />
  <attribute name="Current GC Util Change" value="22.000000"/>
  <attribute name="Current Error" value="177.000000" />
  <attribute name="Output H" value="114108528"/>
  <attribute name="Output I" value="2216"/>
  <attribute name="Output T" value="16"/>
  <attribute name= "Current Time Running" value="151955" />
  <attribute name="GC Util currently" value="22" />
  <attribute name="CPU Util currently" value="93605995566" />
<allocation-satisfied id="3951" threadId="0000000001164F00" bytesRequested="1168" />
<af-end id="3952" timestamp="2019-08-09T18:06:56.086" threadId="0000000001165888" success="true" from="nursery"/>
<exclusive-end id="3953" timestamp="2019-08-09T18:06:56.086" durationms="1.470" />

<exclusive-start id="3954" timestamp="2019-08-09T18:06:56.096" intervalms="10.824">
  <response-info timems="0.069" idlems="0.069" threads="0" lastid="0000000001164F00" lastname="main" />
</exclusive-start>
<af-start id="3955" threadId="0000000001165888" totalBytesRequested="1168" timestamp="2019-08-09T18:06:56.096" intervalms="10.834" type="nursery" />
<cycle-start id="3956" type="scavenge" contextid="0" timestamp="2019-08-09T18:06:56.096" intervalms="10.836" />
<gc-start id="3957" type="scavenge" contextid="3956" timestamp="2019-08-09T18:06:56.096">
  <mem-info id="3958" free="1704264" total="114032640" percent="1">
    <mem type="nursery" free="0" total="94109696" percent="0">
      <mem type="allocate" free="0" total="84672512" percent="0" />
      <mem type="survivor" free="0" total="9437184" percent="0" />
    </mem>
    <mem type="tenure" free="1704264" total="19922944" percent="8">
      <mem type="soa" free="1505608" total="19724288" percent="7" />
      <mem type="loa" free="198656" total="198656" percent="100" />
    </mem>
    <remembered-set count="121" />
  </mem-info>
</gc-start>
<allocation-stats totalBytes="84125648" >
  <allocated-bytes non-tlh="1168" tlh="84124480" />
  <largest-consumer threadName="main" threadId="0000000001164F00" bytes="84125648" />
</allocation-stats>
<gc-op id="3959" type="scavenge" timems="1.328" contextid="3956" timestamp="2019-08-09T18:06:56.098">
  <scavenger-info tenureage="3" tenuremask="ffe8" tiltratio="89" />
  <memory-copied type="nursery" objects="2" bytes="64" bytesdiscarded="32192" />
</gc-op>
<heap-resize id="3960" type="expand" space="nursery" amount="5242880" count="1" timems="0.016" reason="excessive time being spent scavenging" timestamp="2019-08-09T18:06:56.098" />
<gc-end id="3961" type="scavenge" contextid="3956" durationms="1.729" usertimems="3.033" systemtimems="0.000" timestamp="2019-08-09T18:06:56.098" activeThreads="16">
  <mem-info id="3962" free="91063112" total="119275520" percent="76">
    <mem type="nursery" free="89358848" total="99352576" percent="89">
      <mem type="allocate" free="89358848" total="89391104" percent="99" />
      <mem type="survivor" free="0" total="9961472" percent="0" />
    </mem>
    <mem type="tenure" free="1704264" total="19922944" percent="8" macro-fragmented="868149">
      <mem type="soa" free="1505608" total="19724288" percent="7" />
      <mem type="loa" free="198656" total="198656" percent="100" />
    </mem>
    <remembered-set count="121" />
  </mem-info>
</gc-end>
<cycle-end id="3963" type="scavenge" contextid="3956" timestamp="2019-08-09T18:06:56.098" />
  <attribute name="elasticGC enabled" value="1" />
  <attribute name= "numThreadsSpecified" value="16" />
  <attribute name="heapSize specified" value="49152000" />
  <attribute name="Current GC Util" value="18" />
  <attribute name= "Current Time Running" value="151966" />
  <attribute name ="GC Interval" value="2289" />
  <attribute name="Target GC Util Change" value ="80.000000" />
  <attribute name="Current GC Util Change" value="18.000000"/>
  <attribute name="Current Error" value="239.000000" />
  <attribute name="Output H" value="114108600"/>
  <attribute name="Output I" value="2288"/>
  <attribute name="Output T" value="16"/>
  <attribute name= "Current Time Running" value="151966" />
  <attribute name="GC Util currently" value="18" />
  <attribute name="CPU Util currently" value="104947511613" />
<allocation-satisfied id="3964" threadId="0000000001164F00" bytesRequested="1168" />
<af-end id="3965" timestamp="2019-08-09T18:06:56.098" threadId="0000000001165888" success="true" from="nursery"/>
<exclusive-end id="3966" timestamp="2019-08-09T18:06:56.098" durationms="2.077" />

<exclusive-start id="3967" timestamp="2019-08-09T18:06:56.149" intervalms="53.513">
  <response-info timems="0.023" idlems="0.023" threads="0" lastid="0000000001164F00" lastname="main" />
</exclusive-start>
<af-start id="3968" threadId="0000000001165888" totalBytesRequested="16" timestamp="2019-08-09T18:06:56.149" intervalms="53.512" type="nursery" />
<cycle-start id="3969" type="scavenge" contextid="0" timestamp="2019-08-09T18:06:56.149" intervalms="53.514" />
<gc-start id="3970" type="scavenge" contextid="3969" timestamp="2019-08-09T18:06:56.149">
  <mem-info id="3971" free="1704264" total="119275520" percent="1">
    <mem type="nursery" free="0" total="99352576" percent="0">
      <mem type="allocate" free="0" total="89391104" percent="0" />
      <mem type="survivor" free="0" total="9961472" percent="0" />
    </mem>
    <mem type="tenure" free="1704264" total="19922944" percent="8">
      <mem type="soa" free="1505608" total="19724288" percent="7" />
      <mem type="loa" free="198656" total="198656" percent="100" />
    </mem>
    <remembered-set count="132" />
  </mem-info>
</gc-start>
<allocation-stats totalBytes="89340072" >
  <allocated-bytes non-tlh="1168" tlh="89338904" />
  <largest-consumer threadName="main" threadId="0000000001164F00" bytes="89340072" />
</allocation-stats>
<gc-op id="3972" type="scavenge" timems="2.560" contextid="3969" timestamp="2019-08-09T18:06:56.152">
  <scavenger-info tenureage="3" tenuremask="fff8" tiltratio="89" />
  <memory-copied type="nursery" objects="249" bytes="8064" bytesdiscarded="24144" />
  <references type="weak" candidates="39" cleared="0" enqueued="0" />
</gc-op>
<gc-end id="3973" type="scavenge" contextid="3969" durationms="2.775" usertimems="4.415" systemtimems="0.000" timestamp="2019-08-09T18:06:56.152" activeThreads="16">
  <mem-info id="3974" free="91063112" total="119275520" percent="76">
    <mem type="nursery" free="89358848" total="99352576" percent="89">
      <mem type="allocate" free="89358848" total="89391104" percent="99" />
      <mem type="survivor" free="0" total="9961472" percent="0" />
    </mem>
    <mem type="tenure" free="1704264" total="19922944" percent="8" macro-fragmented="13104">
      <mem type="soa" free="1505608" total="19724288" percent="7" />
      <mem type="loa" free="198656" total="198656" percent="100" />
    </mem>
    <remembered-set count="132" />
  </mem-info>
</gc-end>
<cycle-end id="3975" type="scavenge" contextid="3969" timestamp="2019-08-09T18:06:56.152" />
  <attribute name="elasticGC enabled" value="1" />
  <attribute name= "numThreadsSpecified" value="16" />
  <attribute name="heapSize specified" value="49152000" />
  <attribute name="Current GC Util" value="5" />
  <attribute name= "Current Time Running" value="152019" />
  <attribute name ="GC Interval" value="2377" />
  <attribute name="Target GC Util Change" value ="80.000000" />
  <attribute name="Current GC Util Change" value="5.000000"/>
  <attribute name="Current Error" value="314.000000" />
  <attribute name="Output H" value="119351568"/>
  <attribute name="Output I" value="2376"/>
  <attribute name="Output T" value="16"/>
  <attribute name= "Current Time Running" value="152019" />
  <attribute name="GC Util currently" value="5" />
  <attribute name="CPU Util currently" value="21655048231" />
<allocation-satisfied id="3976" threadId="0000000001164F00" bytesRequested="16" />
<af-end id="3977" timestamp="2019-08-09T18:06:56.152" threadId="0000000001165888" success="true" from="nursery"/>
<exclusive-end id="3978" timestamp="2019-08-09T18:06:56.152" durationms="3.003" />

<exclusive-start id="3979" timestamp="2019-08-09T18:06:56.203" intervalms="53.585">
  <response-info timems="0.020" idlems="0.020" threads="0" lastid="0000000001164F00" lastname="main" />
</exclusive-start>
<af-start id="3980" threadId="0000000001165888" totalBytesRequested="32" timestamp="2019-08-09T18:06:56.203" intervalms="53.575" type="nursery" />
<cycle-start id="3981" type="scavenge" contextid="0" timestamp="2019-08-09T18:06:56.203" intervalms="53.570" />
<gc-start id="3982" type="scavenge" contextid="3981" timestamp="2019-08-09T18:06:56.203">
  <mem-info id="3983" free="1704264" total="119275520" percent="1">
    <mem type="nursery" free="0" total="99352576" percent="0">
      <mem type="allocate" free="0" total="89391104" percent="0" />
      <mem type="survivor" free="0" total="9961472" percent="0" />
    </mem>
    <mem type="tenure" free="1704264" total="19922944" percent="8">
      <mem type="soa" free="1505608" total="19724288" percent="7" />
      <mem type="loa" free="198656" total="198656" percent="100" />
    </mem>
    <remembered-set count="134" />
  </mem-info>
</gc-start>
<allocation-stats totalBytes="89327872" >
  <allocated-bytes non-tlh="16" tlh="89327856" />
  <largest-consumer threadName="main" threadId="0000000001164F00" bytes="89327872" />
</allocation-stats>
<gc-op id="3984" type="scavenge" timems="2.260" contextid="3981" timestamp="2019-08-09T18:06:56.205">
  <scavenger-info tenureage="3" tenuremask="fff8" tiltratio="89" />
  <memory-copied type="nursery" objects="80" bytes="2392" bytesdiscarded="77480" />
  <references type="weak" candidates="39" cleared="7" enqueued="3" />
</gc-op>
<gc-end id="3985" type="scavenge" contextid="3981" durationms="2.528" usertimems="5.164" systemtimems="0.000" timestamp="2019-08-09T18:06:56.206" activeThreads="16">
  <mem-info id="3986" free="91015496" total="119275520" percent="76">
    <mem type="nursery" free="89311232" total="99352576" percent="89">
      <mem type="allocate" free="89311232" total="89391104" percent="99" />
      <mem type="survivor" free="0" total="9961472" percent="0" />
    </mem>
    <mem type="tenure" free="1704264" total="19922944" percent="8" macro-fragmented="0">
      <mem type="soa" free="1505608" total="19724288" percent="7" />
      <mem type="loa" free="198656" total="198656" percent="100" />
    </mem>
    <pending-finalizers system="0" default="0" reference="3" classloader="0" />
    <remembered-set count="124" />
  </mem-info>
</gc-end>
<cycle-end id="3987" type="scavenge" contextid="3981" timestamp="2019-08-09T18:06:56.206" />
  <attribute name="elasticGC enabled" value="1" />
  <attribute name= "numThreadsSpecified" value="16" />
  <attribute name="heapSize specified" value="49152000" />
  <attribute name="Current GC Util" value="8" />
  <attribute name= "Current Time Running" value="152073" />
  <attribute name ="GC Interval" value="2457" />
  <attribute name="Target GC Util Change" value ="80.000000" />
  <attribute name="Current GC Util Change" value="8.000000"/>
  <attribute name="Current Error" value="386.000000" />
  <attribute name="Output H" value="119351648"/>
  <attribute name="Output I" value="2456"/>
  <attribute name="Output T" value="16"/>
  <attribute name= "Current Time Running" value="152073" />
  <attribute name="GC Util currently" value="8" />
  <attribute name="CPU Util currently" value="21520391344" />
<allocation-satisfied id="3988" threadId="0000000001164F00" bytesRequested="32" />
<af-end id="3989" timestamp="2019-08-09T18:06:56.206" threadId="0000000001165888" success="true" from="nursery"/>
<exclusive-end id="3990" timestamp="2019-08-09T18:06:56.206" durationms="2.937" />

<exclusive-start id="3991" timestamp="2019-08-09T18:06:56.229" intervalms="25.872">
  <response-info timems="0.019" idlems="0.019" threads="0" lastid="0000000001164F00" lastname="main" />
</exclusive-start>
<af-start id="3992" threadId="0000000001165888" totalBytesRequested="136" timestamp="2019-08-09T18:06:56.229" intervalms="25.867" type="nursery" />
<cycle-start id="3993" type="scavenge" contextid="0" timestamp="2019-08-09T18:06:56.229" intervalms="25.866" />
<gc-start id="3994" type="scavenge" contextid="3993" timestamp="2019-08-09T18:06:56.229">
  <mem-info id="3995" free="1704264" total="119275520" percent="1">
    <mem type="nursery" free="0" total="99352576" percent="0">
      <mem type="allocate" free="0" total="89391104" percent="0" />
      <mem type="survivor" free="0" total="9961472" percent="0" />
    </mem>
    <mem type="tenure" free="1704264" total="19922944" percent="8">
      <mem type="soa" free="1505608" total="19724288" percent="7" />
      <mem type="loa" free="198656" total="198656" percent="100" />
    </mem>
    <remembered-set count="125" />
  </mem-info>
</gc-start>
<allocation-stats totalBytes="89265064" >
  <allocated-bytes non-tlh="32" tlh="89265032" />
  <largest-consumer threadName="main" threadId="0000000001164F00" bytes="89265064" />
</allocation-stats>
<gc-op id="3996" type="scavenge" timems="1.673" contextid="3993" timestamp="2019-08-09T18:06:56.231">
  <scavenger-info tenureage="3" tenuremask="fff8" tiltratio="89" />
  <memory-copied type="nursery" objects="81" bytes="2456" bytesdiscarded="53608" />
  <references type="weak" candidates="32" cleared="0" enqueued="0" />
</gc-op>
<gc-end id="3997" type="scavenge" contextid="3993" durationms="2.091" usertimems="3.720" systemtimems="0.000" timestamp="2019-08-09T18:06:56.231" activeThreads="16">
  <mem-info id="3998" free="91039304" total="119275520" percent="76">
    <mem type="nursery" free="89335040" total="99352576" percent="89">
      <mem type="allocate" free="89335040" total="89391104" percent="99" />
      <mem type="survivor" free="0" total="9961472" percent="0" />
    </mem>
    <mem type="tenure" free="1704264" total="19922944" percent="8" macro-fragmented="1500163">
      <mem type="soa" free="1505608" total="19724288" percent="7" />
      <mem type="loa" free="198656" total="198656" percent="100" />
    </mem>
    <remembered-set count="125" />
  </mem-info>
</gc-end>
<cycle-end id="3999" type="scavenge" contextid="3993" timestamp="2019-08-09T18:06:56.231" />
  <attribute name="elasticGC enabled" value="1" />
  <attribute name= "numThreadsSpecified" value="16" />
  <attribute name="heapSize specified" value="49152000" />
  <attribute name="Current GC Util" value="20" />
  <attribute name= "Current Time Running" value="152099" />
  <attribute name ="GC Interval" value="2081" />
  <attribute name="Target GC Util Change" value ="80.000000" />
  <attribute name="Current GC Util Change" value="20.000000"/>
  <attribute name="Current Error" value="60.000000" />
  <attribute name="Output H" value="119351272"/>
  <attribute name="Output I" value="2080"/>
  <attribute name="Output T" value="16"/>
  <attribute name= "Current Time Running" value="152099" />
  <attribute name="GC Util currently" value="20" />
  <attribute name="CPU Util currently" value="44535648650" />
<allocation-satisfied id="4000" threadId="0000000001164F00" bytesRequested="136" />
<af-end id="4001" timestamp="2019-08-09T18:06:56.231" threadId="0000000001165888" success="true" from="nursery"/>
<exclusive-end id="4002" timestamp="2019-08-09T18:06:56.231" durationms="2.366" />

<exclusive-start id="4003" timestamp="2019-08-09T18:06:56.250" intervalms="21.434">
  <response-info timems="0.020" idlems="0.020" threads="0" lastid="0000000001164F00" lastname="main" />
</exclusive-start>
<af-start id="4004" threadId="0000000001165888" totalBytesRequested="32" timestamp="2019-08-09T18:06:56.250" intervalms="21.444" type="nursery" />
<cycle-start id="4005" type="scavenge" contextid="0" timestamp="2019-08-09T18:06:56.250" intervalms="21.445" />
<gc-start id="4006" type="scavenge" contextid="4005" timestamp="2019-08-09T18:06:56.250">
  <mem-info id="4007" free="1704264" total="119275520" percent="1">
    <mem type="nursery" free="0" total="99352576" percent="0">
      <mem type="allocate" free="0" total="89391104" percent="0" />
      <mem type="survivor" free="0" total="9961472" percent="0" />
    </mem>
    <mem type="tenure" free="1704264" total="19922944" percent="8">
      <mem type="soa" free="1505608" total="19724288" percent="7" />
      <mem type="loa" free="198656" total="198656" percent="100" />
    </mem>
    <remembered-set count="125" />
  </mem-info>
</gc-start>
<allocation-stats totalBytes="89289648" >
  <allocated-bytes non-tlh="136" tlh="89289512" />
  <largest-consumer threadName="main" threadId="0000000001164F00" bytes="89289648" />
</allocation-stats>
<gc-op id="4008" type="scavenge" timems="1.827" contextid="4005" timestamp="2019-08-09T18:06:56.252">
  <scavenger-info tenureage="3" tenuremask="fff8" tiltratio="89" />
  <memory-copied type="nursery" objects="22" bytes="840" bytesdiscarded="31416" />
  <memory-copied type="tenure" objects="58" bytes="1664" bytesdiscarded="0" />
</gc-op>
<heap-resize id="4009" type="expand" space="nursery" amount="4849664" count="1" timems="0.017" reason="excessive time being spent scavenging" timestamp="2019-08-09T18:06:56.253" />
<gc-end id="4010" type="scavenge" contextid="4005" durationms="2.380" usertimems="4.566" systemtimems="0.000" timestamp="2019-08-09T18:06:56.253" activeThreads="16">
  <mem-info id="4011" free="95364680" total="124125184" percent="76">
    <mem type="nursery" free="93684224" total="104202240" percent="89">
      <mem type="allocate" free="93684224" total="93716480" percent="99" />
      <mem type="survivor" free="0" total="10485760" percent="0" />
    </mem>
    <mem type="tenure" free="1680456" total="19922944" percent="8" macro-fragmented="0">
      <mem type="soa" free="1481800" total="19724288" percent="7" />
      <mem type="loa" free="198656" total="198656" percent="100" />
    </mem>
    <remembered-set count="114" />
  </mem-info>
</gc-end>
<cycle-end id="4012" type="scavenge" contextid="4005" timestamp="2019-08-09T18:06:56.253" />
  <attribute name="elasticGC enabled" value="1" />
  <attribute name= "numThreadsSpecified" value="16" />
  <attribute name="heapSize specified" value="49152000" />
  <attribute name="Current GC Util" value="17" />
  <attribute name= "Current Time Running" value="152120" />
  <attribute name ="GC Interval" value="2153" />
  <attribute name="Target GC Util Change" value ="80.000000" />
  <attribute name="Current GC Util Change" value="17.000000"/>
  <attribute name="Current Error" value="123.000000" />
  <attribute name="Output H" value="119351344"/>
  <attribute name="Output I" value="2152"/>
  <attribute name="Output T" value="16"/>
  <attribute name= "Current Time Running" value="152120" />
  <attribute name="GC Util currently" value="17" />
  <attribute name="CPU Util currently" value="53861869915" />
<allocation-satisfied id="4013" threadId="0000000001164F00" bytesRequested="32" />
<af-end id="4014" timestamp="2019-08-09T18:06:56.253" threadId="0000000001165888" success="true" from="nursery"/>
<exclusive-end id="4015" timestamp="2019-08-09T18:06:56.253" durationms="2.629" />

<exclusive-start id="4016" timestamp="2019-08-09T18:06:56.283" intervalms="32.616">
  <response-info timems="0.025" idlems="0.025" threads="0" lastid="0000000001164F00" lastname="main" />
</exclusive-start>
<af-start id="4017" threadId="0000000001165888" totalBytesRequested="16" timestamp="2019-08-09T18:06:56.283" intervalms="32.643" type="nursery" />
<cycle-start id="4018" type="scavenge" contextid="0" timestamp="2019-08-09T18:06:56.283" intervalms="32.694" />
<gc-start id="4019" type="scavenge" contextid="4018" timestamp="2019-08-09T18:06:56.283">
  <mem-info id="4020" free="1680456" total="124125184" percent="1">
    <mem type="nursery" free="0" total="104202240" percent="0">
      <mem type="allocate" free="0" total="93716480" percent="0" />
      <mem type="survivor" free="0" total="10485760" percent="0" />
    </mem>
    <mem type="tenure" free="1680456" total="19922944" percent="8">
      <mem type="soa" free="1481800" total="19724288" percent="7" />
      <mem type="loa" free="198656" total="198656" percent="100" />
    </mem>
    <remembered-set count="116" />
  </mem-info>
</gc-start>
<allocation-stats totalBytes="93602528" >
  <allocated-bytes non-tlh="32" tlh="93602496" />
  <largest-consumer threadName="main" threadId="0000000001164F00" bytes="93602528" />
</allocation-stats>
<gc-op id="4021" type="scavenge" timems="9.301" contextid="4018" timestamp="2019-08-09T18:06:56.292">
  <scavenger-info tenureage="3" tenuremask="ffe8" tiltratio="89" />
  <memory-copied type="nursery" objects="24" bytes="1216" bytesdiscarded="14912" />
  <memory-copied type="tenure" objects="6" bytes="136" bytesdiscarded="0" />
</gc-op>
<heap-resize id="4022" type="expand" space="nursery" amount="11010048" count="1" timems="0.019" reason="excessive time being spent scavenging" timestamp="2019-08-09T18:06:56.293" />
<gc-end id="4023" type="scavenge" contextid="4018" durationms="9.996" usertimems="14.922" systemtimems="0.000" timestamp="2019-08-09T18:06:56.293" activeThreads="16">
  <mem-info id="4024" free="105342280" total="135135232" percent="77">
    <mem type="nursery" free="103661824" total="115212288" percent="89">
      <mem type="allocate" free="103661824" total="103677952" percent="99" />
      <mem type="survivor" free="0" total="11534336" percent="0" />
    </mem>
    <mem type="tenure" free="1680456" total="19922944" percent="8" macro-fragmented="0">
      <mem type="soa" free="1481800" total="19724288" percent="7" />
      <mem type="loa" free="198656" total="198656" percent="100" />
    </mem>
    <remembered-set count="114" />
  </mem-info>
</gc-end>
<cycle-end id="4025" type="scavenge" contextid="4018" timestamp="2019-08-09T18:06:56.293" />
  <attribute name="elasticGC enabled" value="1" />
  <attribute name= "numThreadsSpecified" value="16" />
  <attribute name="heapSize specified" value="49152000" />
  <attribute name="Current GC Util" value="12" />
  <attribute name= "Current Time Running" value="152153" />
  <attribute name ="GC Interval" value="2233" />
  <attribute name="Target GC Util Change" value ="80.000000" />
  <attribute name="Current GC Util Change" value="12.000000"/>
  <attribute name="Current Error" value="191.000000" />
  <attribute name="Output H" value="124201088"/>
  <attribute name="Output I" value="2232"/>
  <attribute name="Output T" value="16"/>
  <attribute name= "Current Time Running" value="152153" />
  <attribute name="GC Util currently" value="12" />
  <attribute name="CPU Util currently" value="35236619135" />
<allocation-satisfied id="4026" threadId="0000000001164F00" bytesRequested="16" />
<af-end id="4027" timestamp="2019-08-09T18:06:56.293" threadId="0000000001165888" success="true" from="nursery"/>
<exclusive-end id="4028" timestamp="2019-08-09T18:06:56.293" durationms="10.433" />

<exclusive-start id="4029" timestamp="2019-08-09T18:06:56.539" intervalms="255.874">
  <response-info timems="0.021" idlems="0.021" threads="0" lastid="0000000001164F00" lastname="main" />
</exclusive-start>
<af-start id="4030" threadId="0000000001165888" totalBytesRequested="8632" timestamp="2019-08-09T18:06:56.539" intervalms="255.905" type="nursery" />
<cycle-start id="4031" type="scavenge" contextid="0" timestamp="2019-08-09T18:06:56.539" intervalms="255.870" />
<gc-start id="4032" type="scavenge" contextid="4031" timestamp="2019-08-09T18:06:56.539">
  <mem-info id="4033" free="1680456" total="135135232" percent="1">
    <mem type="nursery" free="0" total="115212288" percent="0">
      <mem type="allocate" free="0" total="103677952" percent="0" />
      <mem type="survivor" free="0" total="11534336" percent="0" />
    </mem>
    <mem type="tenure" free="1680456" total="19922944" percent="8">
      <mem type="soa" free="1481800" total="19724288" percent="7" />
      <mem type="loa" free="198656" total="198656" percent="100" />
    </mem>
    <remembered-set count="128" />
  </mem-info>
</gc-start>
<allocation-stats totalBytes="102843424" >
  <allocated-bytes non-tlh="16" tlh="102843408" />
  <largest-consumer threadName="main" threadId="0000000001164F00" bytes="102843424" />
</allocation-stats>
<gc-op id="4034" type="scavenge" timems="2.121" contextid="4031" timestamp="2019-08-09T18:06:56.541">
  <scavenger-info tenureage="3" tenuremask="ffe8" tiltratio="89" />
  <memory-copied type="nursery" objects="79" bytes="11472" bytesdiscarded="20784" />
</gc-op>
<gc-end id="4035" type="scavenge" contextid="4031" durationms="2.261" usertimems="5.160" systemtimems="0.000" timestamp="2019-08-09T18:06:56.541" activeThreads="16">
  <mem-info id="4036" free="105326152" total="135135232" percent="77">
    <mem type="nursery" free="103645696" total="115212288" percent="89">
      <mem type="allocate" free="103645696" total="103677952" percent="99" />
      <mem type="survivor" free="0" total="11534336" percent="0" />
    </mem>
    <mem type="tenure" free="1680456" total="19922944" percent="8" macro-fragmented="868149">
      <mem type="soa" free="1481800" total="19724288" percent="7" />
      <mem type="loa" free="198656" total="198656" percent="100" />
    </mem>
    <remembered-set count="128" />
  </mem-info>
</gc-end>
<cycle-end id="4037" type="scavenge" contextid="4031" timestamp="2019-08-09T18:06:56.541" />
  <attribute name="elasticGC enabled" value="1" />
  <attribute name= "numThreadsSpecified" value="16" />
  <attribute name="heapSize specified" value="49152000" />
  <attribute name="Current GC Util" value="4" />
  <attribute name= "Current Time Running" value="152409" />
  <attribute name ="GC Interval" value="2321" />
  <attribute name="Target GC Util Change" value ="80.000000" />
  <attribute name="Current GC Util Change" value="4.000000"/>
  <attribute name="Current Error" value="267.000000" />
  <attribute name="Output H" value="135211224"/>
  <attribute name="Output I" value="2320"/>
  <attribute name="Output T" value="16"/>
  <attribute name= "Current Time Running" value="152409" />
  <attribute name="GC Util currently" value="4" />
  <attribute name="CPU Util currently" value="4505960800" />
<allocation-satisfied id="4038" threadId="0000000001164F00" bytesRequested="8632" />
<af-end id="4039" timestamp="2019-08-09T18:06:56.541" threadId="0000000001165888" success="true" from="nursery"/>
<exclusive-end id="4040" timestamp="2019-08-09T18:06:56.541" durationms="2.717" />

<exclusive-start id="4041" timestamp="2019-08-09T18:06:56.714" intervalms="175.353">
  <response-info timems="0.023" idlems="0.023" threads="0" lastid="0000000001164F00" lastname="main" />
</exclusive-start>
<af-start id="4042" threadId="0000000001165888" totalBytesRequested="24" timestamp="2019-08-09T18:06:56.714" intervalms="175.293" type="nursery" />
<cycle-start id="4043" type="scavenge" contextid="0" timestamp="2019-08-09T18:06:56.714" intervalms="175.280" />
<gc-start id="4044" type="scavenge" contextid="4043" timestamp="2019-08-09T18:06:56.714">
  <mem-info id="4045" free="1680456" total="135135232" percent="1">
    <mem type="nursery" free="0" total="115212288" percent="0">
      <mem type="allocate" free="0" total="103677952" percent="0" />
      <mem type="survivor" free="0" total="11534336" percent="0" />
    </mem>
    <mem type="tenure" free="1680456" total="19922944" percent="8">
      <mem type="soa" free="1481800" total="19724288" percent="7" />
      <mem type="loa" free="198656" total="198656" percent="100" />
    </mem>
    <remembered-set count="140" />
  </mem-info>
</gc-start>
<allocation-stats totalBytes="103637848" >
  <allocated-bytes non-tlh="8632" tlh="103629216" />
  <largest-consumer threadName="main" threadId="0000000001164F00" bytes="103637848" />
</allocation-stats>
<gc-op id="4046" type="scavenge" timems="1.728" contextid="4043" timestamp="2019-08-09T18:06:56.716">
  <scavenger-info tenureage="3" tenuremask="fff8" tiltratio="89" />
  <memory-copied type="nursery" objects="94" bytes="2448" bytesdiscarded="29808" />
</gc-op>
<gc-end id="4047" type="scavenge" contextid="4043" durationms="2.080" usertimems="4.931" systemtimems="0.000" timestamp="2019-08-09T18:06:56.716" activeThreads="16">
  <mem-info id="4048" free="105326152" total="135135232" percent="77">
    <mem type="nursery" free="103645696" total="115212288" percent="89">
      <mem type="allocate" free="103645696" total="103677952" percent="99" />
      <mem type="survivor" free="0" total="11534336" percent="0" />
    </mem>
    <mem type="tenure" free="1680456" total="19922944" percent="8" macro-fragmented="723458">
      <mem type="soa" free="1481800" total="19724288" percent="7" />
      <mem type="loa" free="198656" total="198656" percent="100" />
    </mem>
    <remembered-set count="140" />
  </mem-info>
</gc-end>
<cycle-end id="4049" type="scavenge" contextid="4043" timestamp="2019-08-09T18:06:56.716" />
  <attribute name="elasticGC enabled" value="1" />
  <attribute name= "numThreadsSpecified" value="16" />
  <attribute name="heapSize specified" value="49152000" />
  <attribute name="Current GC Util" value="3" />
  <attribute name= "Current Time Running" value="152584" />
  <attribute name ="GC Interval" value="2409" />
  <attribute name="Target GC Util Change" value ="80.000000" />
  <attribute name="Current GC Util Change" value="3.000000"/>
  <attribute name="Current Error" value="344.000000" />
  <attribute name="Output H" value="135211312"/>
  <attribute name="Output I" value="2408"/>
  <attribute name="Output T" value="16"/>
  <attribute name= "Current Time Running" value="152584" />
  <attribute name="GC Util currently" value="3" />
  <attribute name="CPU Util currently" value="6573689816" />
<allocation-satisfied id="4050" threadId="0000000001164F00" bytesRequested="24" />
<af-end id="4051" timestamp="2019-08-09T18:06:56.716" threadId="0000000001165888" success="true" from="nursery"/>
<exclusive-end id="4052" timestamp="2019-08-09T18:06:56.716" durationms="2.436" />

<exclusive-start id="4053" timestamp="2019-08-09T18:06:56.821" intervalms="107.422">
  <response-info timems="0.023" idlems="0.023" threads="0" lastid="0000000001164F00" lastname="main" />
</exclusive-start>
<af-start id="4054" threadId="0000000001165888" totalBytesRequested="40" timestamp="2019-08-09T18:06:56.822" intervalms="107.407" type="nursery" />
<cycle-start id="4055" type="scavenge" contextid="0" timestamp="2019-08-09T18:06:56.822" intervalms="107.406" />
<gc-start id="4056" type="scavenge" contextid="4055" timestamp="2019-08-09T18:06:56.822">
  <mem-info id="4057" free="1680456" total="135135232" percent="1">
    <mem type="nursery" free="0" total="115212288" percent="0">
      <mem type="allocate" free="0" total="103677952" percent="0" />
      <mem type="survivor" free="0" total="11534336" percent="0" />
    </mem>
    <mem type="tenure" free="1680456" total="19922944" percent="8">
      <mem type="soa" free="1481800" total="19724288" percent="7" />
      <mem type="loa" free="198656" total="198656" percent="100" />
    </mem>
    <remembered-set count="146" />
  </mem-info>
</gc-start>
<allocation-stats totalBytes="103617592" >
  <allocated-bytes non-tlh="24" tlh="103617568" />
  <largest-consumer threadName="main" threadId="0000000001164F00" bytes="103617592" />
</allocation-stats>
<gc-op id="4058" type="scavenge" timems="2.368" contextid="4055" timestamp="2019-08-09T18:06:56.824">
  <scavenger-info tenureage="3" tenuremask="fff8" tiltratio="89" />
  <memory-copied type="nursery" objects="111" bytes="2848" bytesdiscarded="29408" />
  <memory-copied type="tenure" objects="6" bytes="136" bytesdiscarded="0" />
</gc-op>
<gc-end id="4059" type="scavenge" contextid="4055" durationms="2.634" usertimems="4.711" systemtimems="0.000" timestamp="2019-08-09T18:06:56.824" activeThreads="16">
  <mem-info id="4060" free="105326152" total="135135232" percent="77">
    <mem type="nursery" free="103645696" total="115212288" percent="89">
      <mem type="allocate" free="103645696" total="103677952" percent="99" />
      <mem type="survivor" free="0" total="11534336" percent="0" />
    </mem>
    <mem type="tenure" free="1680456" total="19922944" percent="8" macro-fragmented="0">
      <mem type="soa" free="1481800" total="19724288" percent="7" />
      <mem type="loa" free="198656" total="198656" percent="100" />
    </mem>
    <remembered-set count="144" />
  </mem-info>
</gc-end>
<cycle-end id="4061" type="scavenge" contextid="4055" timestamp="2019-08-09T18:06:56.824" />
  <attribute name="elasticGC enabled" value="1" />
  <attribute name= "numThreadsSpecified" value="16" />
  <attribute name="heapSize specified" value="49152000" />
  <attribute name="Current GC Util" value="4" />
  <attribute name= "Current Time Running" value="152691" />
  <attribute name ="GC Interval" value="2497" />
  <attribute name="Target GC Util Change" value ="80.000000" />
  <attribute name="Current GC Util Change" value="4.000000"/>
  <attribute name="Current Error" value="420.000000" />
  <attribute name="Output H" value="135211400"/>
  <attribute name="Output I" value="2496"/>
  <attribute name="Output T" value="16"/>
  <attribute name= "Current Time Running" value="152691" />
  <attribute name="GC Util currently" value="4" />
  <attribute name="CPU Util currently" value="10744520461" />
<allocation-satisfied id="4062" threadId="0000000001164F00" bytesRequested="40" />
<af-end id="4063" timestamp="2019-08-09T18:06:56.824" threadId="0000000001165888" success="true" from="nursery"/>
<exclusive-end id="4064" timestamp="2019-08-09T18:06:56.824" durationms="2.915" />

<exclusive-start id="4065" timestamp="2019-08-09T18:06:56.972" intervalms="150.377">
  <response-info timems="0.019" idlems="0.019" threads="0" lastid="0000000001164F00" lastname="main" />
</exclusive-start>
<af-start id="4066" threadId="0000000001165888" totalBytesRequested="32" timestamp="2019-08-09T18:06:56.972" intervalms="150.388" type="nursery" />
<cycle-start id="4067" type="scavenge" contextid="0" timestamp="2019-08-09T18:06:56.972" intervalms="150.388" />
<gc-start id="4068" type="scavenge" contextid="4067" timestamp="2019-08-09T18:06:56.972">
  <mem-info id="4069" free="1680456" total="135135232" percent="1">
    <mem type="nursery" free="0" total="115212288" percent="0">
      <mem type="allocate" free="0" total="103677952" percent="0" />
      <mem type="survivor" free="0" total="11534336" percent="0" />
    </mem>
    <mem type="tenure" free="1680456" total="19922944" percent="8">
      <mem type="soa" free="1481800" total="19724288" percent="7" />
      <mem type="loa" free="198656" total="198656" percent="100" />
    </mem>
    <remembered-set count="150" />
  </mem-info>
</gc-start>
<allocation-stats totalBytes="103634040" >
  <allocated-bytes non-tlh="40" tlh="103634000" />
  <largest-consumer threadName="main" threadId="0000000001164F00" bytes="103634040" />
</allocation-stats>
<gc-op id="4070" type="scavenge" timems="1.412" contextid="4067" timestamp="2019-08-09T18:06:56.973">
  <scavenger-info tenureage="3" tenuremask="ffe8" tiltratio="89" />
  <memory-copied type="nursery" objects="79" bytes="2088" bytesdiscarded="30168" />
  <memory-copied type="tenure" objects="42" bytes="952" bytesdiscarded="0" />
</gc-op>
<gc-end id="4071" type="scavenge" contextid="4067" durationms="1.760" usertimems="3.172" systemtimems="0.000" timestamp="2019-08-09T18:06:56.974" activeThreads="16">
  <mem-info id="4072" free="105326152" total="135135232" percent="77">
    <mem type="nursery" free="103645696" total="115212288" percent="89">
      <mem type="allocate" free="103645696" total="103677952" percent="99" />
      <mem type="survivor" free="0" total="11534336" percent="0" />
    </mem>
    <mem type="tenure" free="1680456" total="19922944" percent="8" macro-fragmented="0">
      <mem type="soa" free="1481800" total="19724288" percent="7" />
      <mem type="loa" free="198656" total="198656" percent="100" />
    </mem>
    <remembered-set count="136" />
  </mem-info>
</gc-end>
<cycle-end id="4073" type="scavenge" contextid="4067" timestamp="2019-08-09T18:06:56.974" />
  <attribute name="elasticGC enabled" value="1" />
  <attribute name= "numThreadsSpecified" value="16" />
  <attribute name="heapSize specified" value="49152000" />
  <attribute name="Current GC Util" value="3" />
  <attribute name= "Current Time Running" value="152842" />
  <attribute name ="GC Interval" value="2097" />
  <attribute name="Target GC Util Change" value ="80.000000" />
  <attribute name="Current GC Util Change" value="3.000000"/>
  <attribute name="Current Error" value="77.000000" />
  <attribute name="Output H" value="135211000"/>
  <attribute name="Output I" value="2096"/>
  <attribute name="Output T" value="16"/>
  <attribute name= "Current Time Running" value="152842" />
  <attribute name="GC Util currently" value="3" />
  <attribute name="CPU Util currently" value="7663492043" />
<allocation-satisfied id="4074" threadId="0000000001164F00" bytesRequested="32" />
<af-end id="4075" timestamp="2019-08-09T18:06:56.974" threadId="0000000001165888" success="true" from="nursery"/>
<exclusive-end id="4076" timestamp="2019-08-09T18:06:56.974" durationms="1.992" />

<exclusive-start id="4077" timestamp="2019-08-09T18:06:57.139" intervalms="166.843">
  <response-info timems="0.020" idlems="0.020" threads="0" lastid="0000000001164F00" lastname="main" />
</exclusive-start>
<af-start id="4078" threadId="0000000001165888" totalBytesRequested="24" timestamp="2019-08-09T18:06:57.139" intervalms="166.842" type="nursery" />
<cycle-start id="4079" type="scavenge" contextid="0" timestamp="2019-08-09T18:06:57.139" intervalms="166.882" />
<gc-start id="4080" type="scavenge" contextid="4079" timestamp="2019-08-09T18:06:57.139">
  <mem-info id="4081" free="1680456" total="135135232" percent="1">
    <mem type="nursery" free="0" total="115212288" percent="0">
      <mem type="allocate" free="0" total="103677952" percent="0" />
      <mem type="survivor" free="0" total="11534336" percent="0" />
    </mem>
    <mem type="tenure" free="1680456" total="19922944" percent="8">
      <mem type="soa" free="1481800" total="19724288" percent="7" />
      <mem type="loa" free="198656" total="198656" percent="100" />
    </mem>
    <remembered-set count="148" />
  </mem-info>
</gc-start>
<allocation-stats totalBytes="103639656" >
  <allocated-bytes non-tlh="32" tlh="103639624" />
  <largest-consumer threadName="main" threadId="0000000001164F00" bytes="103639656" />
</allocation-stats>
<gc-op id="4082" type="scavenge" timems="2.482" contextid="4079" timestamp="2019-08-09T18:06:57.142">
  <scavenger-info tenureage="3" tenuremask="ffe8" tiltratio="89" />
  <memory-copied type="nursery" objects="90" bytes="2240" bytesdiscarded="30016" />
  <memory-copied type="tenure" objects="28" bytes="712" bytesdiscarded="0" />
</gc-op>
<gc-end id="4083" type="scavenge" contextid="4079" durationms="3.023" usertimems="3.522" systemtimems="0.000" timestamp="2019-08-09T18:06:57.142" activeThreads="16">
  <mem-info id="4084" free="105326152" total="135135232" percent="77">
    <mem type="nursery" free="103645696" total="115212288" percent="89">
      <mem type="allocate" free="103645696" total="103677952" percent="99" />
      <mem type="survivor" free="0" total="11534336" percent="0" />
    </mem>
    <mem type="tenure" free="1680456" total="19922944" percent="8" macro-fragmented="0">
      <mem type="soa" free="1481800" total="19724288" percent="7" />
      <mem type="loa" free="198656" total="198656" percent="100" />
    </mem>
    <remembered-set count="137" />
  </mem-info>
</gc-end>
<cycle-end id="4085" type="scavenge" contextid="4079" timestamp="2019-08-09T18:06:57.142" />
  <attribute name="elasticGC enabled" value="1" />
  <attribute name= "numThreadsSpecified" value="16" />
  <attribute name="heapSize specified" value="49152000" />
  <attribute name="Current GC Util" value="2" />
  <attribute name= "Current Time Running" value="153009" />
  <attribute name ="GC Interval" value="2193" />
  <attribute name="Target GC Util Change" value ="80.000000" />
  <attribute name="Current GC Util Change" value="2.000000"/>
  <attribute name="Current Error" value="155.000000" />
  <attribute name="Output H" value="135211096"/>
  <attribute name="Output I" value="2192"/>
  <attribute name="Output T" value="16"/>
  <attribute name= "Current Time Running" value="153009" />
  <attribute name="GC Util currently" value="2" />
  <attribute name="CPU Util currently" value="6900878744" />
<allocation-satisfied id="4086" threadId="0000000001164F00" bytesRequested="24" />
<af-end id="4087" timestamp="2019-08-09T18:06:57.142" threadId="0000000001165888" success="true" from="nursery"/>
<exclusive-end id="4088" timestamp="2019-08-09T18:06:57.142" durationms="3.538" />

<exclusive-start id="4089" timestamp="2019-08-09T18:06:57.227" intervalms="88.751">
  <response-info timems="0.025" idlems="0.025" threads="0" lastid="0000000001164F00" lastname="main" />
</exclusive-start>
<af-start id="4090" threadId="0000000001165888" totalBytesRequested="32" timestamp="2019-08-09T18:06:57.228" intervalms="88.763" type="nursery" />
<cycle-start id="4091" type="scavenge" contextid="0" timestamp="2019-08-09T18:06:57.228" intervalms="88.729" />
<gc-start id="4092" type="scavenge" contextid="4091" timestamp="2019-08-09T18:06:57.228">
  <mem-info id="4093" free="1680456" total="135135232" percent="1">
    <mem type="nursery" free="0" total="115212288" percent="0">
      <mem type="allocate" free="0" total="103677952" percent="0" />
      <mem type="survivor" free="0" total="11534336" percent="0" />
    </mem>
    <mem type="tenure" free="1680456" total="19922944" percent="8">
      <mem type="soa" free="1481800" total="19724288" percent="7" />
      <mem type="loa" free="198656" total="198656" percent="100" />
    </mem>
    <remembered-set count="141" />
  </mem-info>
</gc-start>
<allocation-stats totalBytes="103638680" >
  <allocated-bytes non-tlh="24" tlh="103638656" />
  <largest-consumer threadName="main" threadId="0000000001164F00" bytes="103638680" />
</allocation-stats>
<gc-op id="4094" type="scavenge" timems="1.432" contextid="4091" timestamp="2019-08-09T18:06:57.229">
  <scavenger-info tenureage="3" tenuremask="ffe8" tiltratio="89" />
  <memory-copied type="nursery" objects="86" bytes="2184" bytesdiscarded="30072" />
  <memory-copied type="tenure" objects="19" bytes="456" bytesdiscarded="0" />
</gc-op>
<gc-end id="4095" type="scavenge" contextid="4091" durationms="1.661" usertimems="3.113" systemtimems="0.000" timestamp="2019-08-09T18:06:57.229" activeThreads="16">
  <mem-info id="4096" free="105326152" total="135135232" percent="77">
    <mem type="nursery" free="103645696" total="115212288" percent="89">
      <mem type="allocate" free="103645696" total="103677952" percent="99" />
      <mem type="survivor" free="0" total="11534336" percent="0" />
    </mem>
    <mem type="tenure" free="1680456" total="19922944" percent="8" macro-fragmented="0">
      <mem type="soa" free="1481800" total="19724288" percent="7" />
      <mem type="loa" free="198656" total="198656" percent="100" />
    </mem>
    <remembered-set count="134" />
  </mem-info>
</gc-end>
<cycle-end id="4097" type="scavenge" contextid="4091" timestamp="2019-08-09T18:06:57.229" />
  <attribute name="elasticGC enabled" value="1" />
  <attribute name= "numThreadsSpecified" value="16" />
  <attribute name="heapSize specified" value="49152000" />
  <attribute name="Current GC Util" value="4" />
  <attribute name= "Current Time Running" value="153097" />
  <attribute name ="GC Interval" value="2281" />
  <attribute name="Target GC Util Change" value ="80.000000" />
  <attribute name="Current GC Util Change" value="4.000000"/>
  <attribute name="Current Error" value="231.000000" />
  <attribute name="Output H" value="135211184"/>
  <attribute name="Output I" value="2280"/>
  <attribute name="Output T" value="16"/>
  <attribute name= "Current Time Running" value="153097" />
  <attribute name="GC Util currently" value="4" />
  <attribute name="CPU Util currently" value="13028626894" />
<allocation-satisfied id="4098" threadId="0000000001164F00" bytesRequested="32" />
<af-end id="4099" timestamp="2019-08-09T18:06:57.229" threadId="0000000001165888" success="true" from="nursery"/>
<exclusive-end id="4100" timestamp="2019-08-09T18:06:57.229" durationms="1.975" />

<exclusive-start id="4101" timestamp="2019-08-09T18:06:57.361" intervalms="134.034">
  <response-info timems="0.018" idlems="0.018" threads="0" lastid="0000000001164F00" lastname="main" />
</exclusive-start>
<af-start id="4102" threadId="0000000001165888" totalBytesRequested="16" timestamp="2019-08-09T18:06:57.362" intervalms="134.020" type="nursery" />
<cycle-start id="4103" type="scavenge" contextid="0" timestamp="2019-08-09T18:06:57.362" intervalms="134.012" />
<gc-start id="4104" type="scavenge" contextid="4103" timestamp="2019-08-09T18:06:57.362">
  <mem-info id="4105" free="1680456" total="135135232" percent="1">
    <mem type="nursery" free="0" total="115212288" percent="0">
      <mem type="allocate" free="0" total="103677952" percent="0" />
      <mem type="survivor" free="0" total="11534336" percent="0" />
    </mem>
    <mem type="tenure" free="1680456" total="19922944" percent="8">
      <mem type="soa" free="1481800" total="19724288" percent="7" />
      <mem type="loa" free="198656" total="198656" percent="100" />
    </mem>
    <remembered-set count="140" />
  </mem-info>
</gc-start>
<allocation-stats totalBytes="103603768" >
  <allocated-bytes non-tlh="32" tlh="103603736" />
  <largest-consumer threadName="main" threadId="0000000001164F00" bytes="103603768" />
</allocation-stats>
<gc-op id="4106" type="scavenge" timems="1.083" contextid="4103" timestamp="2019-08-09T18:06:57.363">
  <scavenger-info tenureage="3" tenuremask="ffe8" tiltratio="89" />
  <memory-copied type="nursery" objects="98" bytes="3208" bytesdiscarded="29048" />
  <memory-copied type="tenure" objects="18" bytes="408" bytesdiscarded="0" />
</gc-op>
<gc-end id="4107" type="scavenge" contextid="4103" durationms="1.337" usertimems="2.185" systemtimems="0.000" timestamp="2019-08-09T18:06:57.363" activeThreads="16">
  <mem-info id="4108" free="105326152" total="135135232" percent="77">
    <mem type="nursery" free="103645696" total="115212288" percent="89">
      <mem type="allocate" free="103645696" total="103677952" percent="99" />
      <mem type="survivor" free="0" total="11534336" percent="0" />
    </mem>
    <mem type="tenure" free="1680456" total="19922944" percent="8" macro-fragmented="0">
      <mem type="soa" free="1481800" total="19724288" percent="7" />
      <mem type="loa" free="198656" total="198656" percent="100" />
    </mem>
    <remembered-set count="134" />
  </mem-info>
</gc-end>
<cycle-end id="4109" type="scavenge" contextid="4103" timestamp="2019-08-09T18:06:57.363" />
  <attribute name="elasticGC enabled" value="1" />
  <attribute name= "numThreadsSpecified" value="16" />
  <attribute name="heapSize specified" value="49152000" />
  <attribute name="Current GC Util" value="2" />
  <attribute name= "Current Time Running" value="153231" />
  <attribute name ="GC Interval" value="2369" />
  <attribute name="Target GC Util Change" value ="80.000000" />
  <attribute name="Current GC Util Change" value="2.000000"/>
  <attribute name="Current Error" value="309.000000" />
  <attribute name="Output H" value="135211272"/>
  <attribute name="Output I" value="2368"/>
  <attribute name="Output T" value="16"/>
  <attribute name= "Current Time Running" value="153231" />
  <attribute name="GC Util currently" value="2" />
  <attribute name="CPU Util currently" value="8602145582" />
<allocation-satisfied id="4110" threadId="0000000001164F00" bytesRequested="16" />
<af-end id="4111" timestamp="2019-08-09T18:06:57.363" threadId="0000000001165888" success="true" from="nursery"/>
<exclusive-end id="4112" timestamp="2019-08-09T18:06:57.363" durationms="1.570" />

<exclusive-start id="4113" timestamp="2019-08-09T18:06:57.420" intervalms="58.263">
  <response-info timems="0.044" idlems="0.044" threads="0" lastid="0000000001164F00" lastname="main" />
</exclusive-start>
<af-start id="4114" threadId="0000000001165888" totalBytesRequested="16" timestamp="2019-08-09T18:06:57.420" intervalms="58.361" type="nursery" />
<cycle-start id="4115" type="scavenge" contextid="0" timestamp="2019-08-09T18:06:57.420" intervalms="58.380" />
<gc-start id="4116" type="scavenge" contextid="4115" timestamp="2019-08-09T18:06:57.420">
  <mem-info id="4117" free="1680456" total="135135232" percent="1">
    <mem type="nursery" free="0" total="115212288" percent="0">
      <mem type="allocate" free="0" total="103677952" percent="0" />
      <mem type="survivor" free="0" total="11534336" percent="0" />
    </mem>
    <mem type="tenure" free="1680456" total="19922944" percent="8">
      <mem type="soa" free="1481800" total="19724288" percent="7" />
      <mem type="loa" free="198656" total="198656" percent="100" />
    </mem>
    <remembered-set count="139" />
  </mem-info>
</gc-start>
<allocation-stats totalBytes="103517112" >
  <allocated-bytes non-tlh="16" tlh="103517096" />
  <largest-consumer threadName="main" threadId="0000000001164F00" bytes="103517112" />
</allocation-stats>
<gc-op id="4118" type="scavenge" timems="2.067" contextid="4115" timestamp="2019-08-09T18:06:57.422">
  <scavenger-info tenureage="3" tenuremask="ffe8" tiltratio="89" />
  <memory-copied type="nursery" objects="61" bytes="2136" bytesdiscarded="53928" />
  <memory-copied type="tenure" objects="36" bytes="816" bytesdiscarded="0" />
  <references type="weak" candidates="2" cleared="0" enqueued="0" />
</gc-op>
<gc-end id="4119" type="scavenge" contextid="4115" durationms="2.269" usertimems="4.070" systemtimems="0.000" timestamp="2019-08-09T18:06:57.422" activeThreads="16">
  <mem-info id="4120" free="105302344" total="135135232" percent="77">
    <mem type="nursery" free="103621888" total="115212288" percent="89">
      <mem type="allocate" free="103621888" total="103677952" percent="99" />
      <mem type="survivor" free="0" total="11534336" percent="0" />
    </mem>
    <mem type="tenure" free="1680456" total="19922944" percent="8" macro-fragmented="602881">
      <mem type="soa" free="1481800" total="19724288" percent="7" />
      <mem type="loa" free="198656" total="198656" percent="100" />
    </mem>
    <remembered-set count="127" />
  </mem-info>
</gc-end>
<cycle-end id="4121" type="scavenge" contextid="4115" timestamp="2019-08-09T18:06:57.422" />
  <attribute name="elasticGC enabled" value="1" />
  <attribute name= "numThreadsSpecified" value="16" />
  <attribute name="heapSize specified" value="49152000" />
  <attribute name="Current GC Util" value="3" />
  <attribute name= "Current Time Running" value="153290" />
  <attribute name ="GC Interval" value="2457" />
  <attribute name="Target GC Util Change" value ="80.000000" />
  <attribute name="Current GC Util Change" value="3.000000"/>
  <attribute name="Current Error" value="386.000000" />
  <attribute name="Output H" value="135211360"/>
  <attribute name="Output I" value="2456"/>
  <attribute name="Output T" value="16"/>
  <attribute name= "Current Time Running" value="153290" />
  <attribute name="GC Util currently" value="3" />
  <attribute name="CPU Util currently" value="19714535269" />
<allocation-satisfied id="4122" threadId="0000000001164F00" bytesRequested="16" />
<af-end id="4123" timestamp="2019-08-09T18:06:57.423" threadId="0000000001165888" success="true" from="nursery"/>
<exclusive-end id="4124" timestamp="2019-08-09T18:06:57.423" durationms="2.795" />

<exclusive-start id="4125" timestamp="2019-08-09T18:06:57.442" intervalms="22.361">
  <response-info timems="0.024" idlems="0.024" threads="0" lastid="0000000001164F00" lastname="main" />
</exclusive-start>
<af-start id="4126" threadId="0000000001165888" totalBytesRequested="544" timestamp="2019-08-09T18:06:57.442" intervalms="22.276" type="nursery" />
<cycle-start id="4127" type="scavenge" contextid="0" timestamp="2019-08-09T18:06:57.442" intervalms="22.263" />
<gc-start id="4128" type="scavenge" contextid="4127" timestamp="2019-08-09T18:06:57.442">
  <mem-info id="4129" free="1680456" total="135135232" percent="1">
    <mem type="nursery" free="0" total="115212288" percent="0">
      <mem type="allocate" free="0" total="103677952" percent="0" />
      <mem type="survivor" free="0" total="11534336" percent="0" />
    </mem>
    <mem type="tenure" free="1680456" total="19922944" percent="8">
      <mem type="soa" free="1481800" total="19724288" percent="7" />
      <mem type="loa" free="198656" total="198656" percent="100" />
    </mem>
    <remembered-set count="127" />
  </mem-info>
</gc-start>
<allocation-stats totalBytes="103438920" >
  <allocated-bytes non-tlh="16" tlh="103438904" />
  <largest-consumer threadName="main" threadId="0000000001164F00" bytes="103438920" />
</allocation-stats>
<gc-op id="4130" type="scavenge" timems="2.802" contextid="4127" timestamp="2019-08-09T18:06:57.445">
  <scavenger-info tenureage="3" tenuremask="ffe8" tiltratio="89" />
  <memory-copied type="nursery" objects="50" bytes="1880" bytesdiscarded="54184" />
  <memory-copied type="tenure" objects="12" bytes="272" bytesdiscarded="0" />
  <references type="weak" candidates="2" cleared="0" enqueued="0" />
</gc-op>
<heap-resize id="4131" type="expand" space="nursery" amount="4718592" count="1" timems="0.020" reason="excessive time being spent scavenging" timestamp="2019-08-09T18:06:57.445" />
<gc-end id="4132" type="scavenge" contextid="4127" durationms="3.194" usertimems="3.774" systemtimems="0.000" timestamp="2019-08-09T18:06:57.445" activeThreads="16">
  <mem-info id="4133" free="109496648" total="139853824" percent="78">
    <mem type="nursery" free="107816192" total="119930880" percent="89">
      <mem type="allocate" free="107816192" total="107872256" percent="99" />
      <mem type="survivor" free="0" total="12058624" percent="0" />
    </mem>
    <mem type="tenure" free="1680456" total="19922944" percent="8" macro-fragmented="6319">
      <mem type="soa" free="1481800" total="19724288" percent="7" />
      <mem type="loa" free="198656" total="198656" percent="100" />
    </mem>
    <remembered-set count="123" />
  </mem-info>
</gc-end>
<cycle-end id="4134" type="scavenge" contextid="4127" timestamp="2019-08-09T18:06:57.446" />
  <attribute name="elasticGC enabled" value="1" />
  <attribute name= "numThreadsSpecified" value="16" />
  <attribute name="heapSize specified" value="49152000" />
  <attribute name="Current GC Util" value="19" />
  <attribute name= "Current Time Running" value="153312" />
  <attribute name ="GC Interval" value="2529" />
  <attribute name="Target GC Util Change" value ="80.000000" />
  <attribute name="Current GC Util Change" value="19.000000"/>
  <attribute name="Current Error" value="447.000000" />
  <attribute name="Output H" value="135211432"/>
  <attribute name="Output I" value="2528"/>
  <attribute name="Output T" value="16"/>
  <attribute name= "Current Time Running" value="153312" />
  <attribute name="GC Util currently" value="19" />
  <attribute name="CPU Util currently" value="51931382591" />
<allocation-satisfied id="4135" threadId="0000000001164F00" bytesRequested="544" />
<af-end id="4136" timestamp="2019-08-09T18:06:57.446" threadId="0000000001165888" success="true" from="nursery"/>
<exclusive-end id="4137" timestamp="2019-08-09T18:06:57.446" durationms="3.528" />

<exclusive-start id="4138" timestamp="2019-08-09T18:06:57.579" intervalms="136.513">
  <response-info timems="0.023" idlems="0.023" threads="0" lastid="0000000001164F00" lastname="main" />
</exclusive-start>
<af-start id="4139" threadId="0000000001165888" totalBytesRequested="32" timestamp="2019-08-09T18:06:57.579" intervalms="136.504" type="nursery" />
<cycle-start id="4140" type="scavenge" contextid="0" timestamp="2019-08-09T18:06:57.579" intervalms="136.499" />
<gc-start id="4141" type="scavenge" contextid="4140" timestamp="2019-08-09T18:06:57.579">
  <mem-info id="4142" free="1680456" total="139853824" percent="1">
    <mem type="nursery" free="0" total="119930880" percent="0">
      <mem type="allocate" free="0" total="107872256" percent="0" />
      <mem type="survivor" free="0" total="12058624" percent="0" />
    </mem>
    <mem type="tenure" free="1680456" total="19922944" percent="8">
      <mem type="soa" free="1481800" total="19724288" percent="7" />
      <mem type="loa" free="198656" total="198656" percent="100" />
    </mem>
    <remembered-set count="129" />
  </mem-info>
</gc-start>
<allocation-stats totalBytes="107704944" >
  <allocated-bytes non-tlh="544" tlh="107704400" />
  <largest-consumer threadName="main" threadId="0000000001164F00" bytes="107704944" />
</allocation-stats>
<gc-op id="4143" type="scavenge" timems="2.445" contextid="4140" timestamp="2019-08-09T18:06:57.581">
  <scavenger-info tenureage="3" tenuremask="ffe8" tiltratio="89" />
  <memory-copied type="nursery" objects="54" bytes="1992" bytesdiscarded="61752" />
  <memory-copied type="tenure" objects="18" bytes="408" bytesdiscarded="0" />
  <references type="weak" candidates="2" cleared="0" enqueued="0" />
</gc-op>
<gc-end id="4144" type="scavenge" contextid="4140" durationms="2.854" usertimems="4.410" systemtimems="0.000" timestamp="2019-08-09T18:06:57.582" activeThreads="16">
  <mem-info id="4145" free="109554504" total="139853824" percent="78">
    <mem type="nursery" free="107874048" total="119930880" percent="89">
      <mem type="allocate" free="107874048" total="107937792" percent="99" />
      <mem type="survivor" free="0" total="11993088" percent="0" />
    </mem>
    <mem type="tenure" free="1680456" total="19922944" percent="8" macro-fragmented="0">
      <mem type="soa" free="1481800" total="19724288" percent="7" />
      <mem type="loa" free="198656" total="198656" percent="100" />
    </mem>
    <remembered-set count="123" />
  </mem-info>
</gc-end>
<cycle-end id="4146" type="scavenge" contextid="4140" timestamp="2019-08-09T18:06:57.582" />
  <attribute name="elasticGC enabled" value="1" />
  <attribute name= "numThreadsSpecified" value="16" />
  <attribute name="heapSize specified" value="49152000" />
  <attribute name="Current GC Util" value="2" />
  <attribute name= "Current Time Running" value="153448" />
  <attribute name ="GC Interval" value="2105" />
  <attribute name="Target GC Util Change" value ="80.000000" />
  <attribute name="Current GC Util Change" value="2.000000"/>
  <attribute name="Current Error" value="78.000000" />
  <attribute name="Output H" value="139929600"/>
  <attribute name="Output I" value="2104"/>
  <attribute name="Output T" value="16"/>
  <attribute name= "Current Time Running" value="153448" />
  <attribute name="GC Util currently" value="2" />
  <attribute name="CPU Util currently" value="8444532148" />
<allocation-satisfied id="4147" threadId="0000000001164F00" bytesRequested="32" />
<af-end id="4148" timestamp="2019-08-09T18:06:57.582" threadId="0000000001165888" success="true" from="nursery"/>
<exclusive-end id="4149" timestamp="2019-08-09T18:06:57.582" durationms="3.086" />

<exclusive-start id="4150" timestamp="2019-08-09T18:06:57.703" intervalms="124.426">
  <response-info timems="0.020" idlems="0.020" threads="0" lastid="0000000001164F00" lastname="main" />
</exclusive-start>
<af-start id="4151" threadId="0000000001165888" totalBytesRequested="2024" timestamp="2019-08-09T18:06:57.703" intervalms="124.435" type="nursery" />
<cycle-start id="4152" type="scavenge" contextid="0" timestamp="2019-08-09T18:06:57.703" intervalms="124.442" />
<gc-start id="4153" type="scavenge" contextid="4152" timestamp="2019-08-09T18:06:57.703">
  <mem-info id="4154" free="1680456" total="139853824" percent="1">
    <mem type="nursery" free="0" total="119930880" percent="0">
      <mem type="allocate" free="0" total="107937792" percent="0" />
      <mem type="survivor" free="0" total="11993088" percent="0" />
    </mem>
    <mem type="tenure" free="1680456" total="19922944" percent="8">
      <mem type="soa" free="1481800" total="19724288" percent="7" />
      <mem type="loa" free="198656" total="198656" percent="100" />
    </mem>
    <remembered-set count="125" />
  </mem-info>
</gc-start>
<allocation-stats totalBytes="107746944" >
  <allocated-bytes non-tlh="32" tlh="107746912" />
  <largest-consumer threadName="main" threadId="0000000001164F00" bytes="107746944" />
</allocation-stats>
<gc-op id="4155" type="scavenge" timems="6.115" contextid="4152" timestamp="2019-08-09T18:06:57.709">
  <scavenger-info tenureage="5" tenuremask="ffe0" tiltratio="90" />
  <memory-copied type="nursery" objects="69" bytes="8960" bytesdiscarded="91544" />
  <references type="weak" candidates="2" cleared="0" enqueued="0" />
</gc-op>
<gc-end id="4156" type="scavenge" contextid="4152" durationms="6.375" usertimems="5.960" systemtimems="0.000" timestamp="2019-08-09T18:06:57.710" activeThreads="16">
  <mem-info id="4157" free="109517744" total="139853824" percent="78">
    <mem type="nursery" free="107837288" total="119930880" percent="89">
      <mem type="allocate" free="107837288" total="107937792" percent="99" />
      <mem type="survivor" free="0" total="11993088" percent="0" />
    </mem>
    <mem type="tenure" free="1680456" total="19922944" percent="8" macro-fragmented="0">
      <mem type="soa" free="1481800" total="19724288" percent="7" />
      <mem type="loa" free="198656" total="198656" percent="100" />
    </mem>
    <remembered-set count="124" />
  </mem-info>
</gc-end>
<cycle-end id="4158" type="scavenge" contextid="4152" timestamp="2019-08-09T18:06:57.710" />
  <attribute name="elasticGC enabled" value="1" />
  <attribute name= "numThreadsSpecified" value="16" />
  <attribute name="heapSize specified" value="49152000" />
  <attribute name="Current GC Util" value="3" />
  <attribute name= "Current Time Running" value="153573" />
  <attribute name ="GC Interval" value="2193" />
  <attribute name="Target GC Util Change" value ="80.000000" />
  <attribute name="Current GC Util Change" value="3.000000"/>
  <attribute name="Current Error" value="155.000000" />
  <attribute name="Output H" value="139929688"/>
  <attribute name="Output I" value="2192"/>
  <attribute name="Output T" value="16"/>
  <attribute name= "Current Time Running" value="153573" />
  <attribute name="GC Util currently" value="3" />
  <attribute name="CPU Util currently" value="9272517213" />
<allocation-satisfied id="4159" threadId="0000000001164F00" bytesRequested="2024" />
<af-end id="4160" timestamp="2019-08-09T18:06:57.710" threadId="0000000001165888" success="true" from="nursery"/>
<exclusive-end id="4161" timestamp="2019-08-09T18:06:57.710" durationms="6.669" />

<exclusive-start id="4162" timestamp="2019-08-09T18:06:57.977" intervalms="274.046">
  <response-info timems="0.024" idlems="0.024" threads="0" lastid="0000000001164F00" lastname="main" />
</exclusive-start>
<af-start id="4163" threadId="0000000001165888" totalBytesRequested="80" timestamp="2019-08-09T18:06:57.977" intervalms="274.047" type="nursery" />
<cycle-start id="4164" type="scavenge" contextid="0" timestamp="2019-08-09T18:06:57.977" intervalms="274.046" />
<gc-start id="4165" type="scavenge" contextid="4164" timestamp="2019-08-09T18:06:57.977">
  <mem-info id="4166" free="1680456" total="139853824" percent="1">
    <mem type="nursery" free="0" total="119930880" percent="0">
      <mem type="allocate" free="0" total="107937792" percent="0" />
      <mem type="survivor" free="0" total="11993088" percent="0" />
    </mem>
    <mem type="tenure" free="1680456" total="19922944" percent="8">
      <mem type="soa" free="1481800" total="19724288" percent="7" />
      <mem type="loa" free="198656" total="198656" percent="100" />
    </mem>
    <remembered-set count="128" />
  </mem-info>
</gc-start>
<allocation-stats totalBytes="107803544" >
  <allocated-bytes non-tlh="2024" tlh="107801520" />
  <largest-consumer threadName="main" threadId="0000000001164F00" bytes="107803544" />
</allocation-stats>
<gc-op id="4167" type="scavenge" timems="2.409" contextid="4164" timestamp="2019-08-09T18:06:57.980">
  <scavenger-info tenureage="3" tenuremask="fff8" tiltratio="90" />
  <memory-copied type="nursery" objects="55" bytes="1584" bytesdiscarded="38352" />
  <memory-copied type="tenure" objects="14" bytes="336" bytesdiscarded="0" />
</gc-op>
<gc-end id="4168" type="scavenge" contextid="4164" durationms="2.735" usertimems="3.757" systemtimems="0.000" timestamp="2019-08-09T18:06:57.980" activeThreads="16">
  <mem-info id="4169" free="109562184" total="139853824" percent="78">
    <mem type="nursery" free="107897856" total="119930880" percent="89">
      <mem type="allocate" free="107897856" total="107937792" percent="99" />
      <mem type="survivor" free="0" total="11993088" percent="0" />
    </mem>
    <mem type="tenure" free="1664328" total="19922944" percent="8" macro-fragmented="0">
      <mem type="soa" free="1465672" total="19724288" percent="7" />
      <mem type="loa" free="198656" total="198656" percent="100" />
    </mem>
    <remembered-set count="123" />
  </mem-info>
</gc-end>
<cycle-end id="4170" type="scavenge" contextid="4164" timestamp="2019-08-09T18:06:57.980" />
  <attribute name="elasticGC enabled" value="1" />
  <attribute name= "numThreadsSpecified" value="16" />
  <attribute name="heapSize specified" value="49152000" />
  <attribute name="Current GC Util" value="2" />
  <attribute name= "Current Time Running" value="153847" />
  <attribute name ="GC Interval" value="2281" />
  <attribute name="Target GC Util Change" value ="80.000000" />
  <attribute name="Current GC Util Change" value="2.000000"/>
  <attribute name="Current Error" value="233.000000" />
  <attribute name="Output H" value="139929776"/>
  <attribute name="Output I" value="2280"/>
  <attribute name="Output T" value="16"/>
  <attribute name= "Current Time Running" value="153847" />
  <attribute name="GC Util currently" value="2" />
  <attribute name="CPU Util currently" value="4206751373" />
<allocation-satisfied id="4171" threadId="0000000001164F00" bytesRequested="80" />
<af-end id="4172" timestamp="2019-08-09T18:06:57.980" threadId="0000000001165888" success="true" from="nursery"/>
<exclusive-end id="4173" timestamp="2019-08-09T18:06:57.980" durationms="3.019" />

<exclusive-start id="4174" timestamp="2019-08-09T18:06:58.220" intervalms="243.302">
  <response-info timems="0.019" idlems="0.019" threads="0" lastid="0000000001164F00" lastname="main" />
</exclusive-start>
<af-start id="4175" threadId="0000000001165888" totalBytesRequested="80" timestamp="2019-08-09T18:06:58.220" intervalms="243.296" type="nursery" />
<cycle-start id="4176" type="scavenge" contextid="0" timestamp="2019-08-09T18:06:58.220" intervalms="243.292" />
<gc-start id="4177" type="scavenge" contextid="4176" timestamp="2019-08-09T18:06:58.221">
  <mem-info id="4178" free="1664328" total="139853824" percent="1">
    <mem type="nursery" free="0" total="119930880" percent="0">
      <mem type="allocate" free="0" total="107937792" percent="0" />
      <mem type="survivor" free="0" total="11993088" percent="0" />
    </mem>
    <mem type="tenure" free="1664328" total="19922944" percent="8">
      <mem type="soa" free="1465672" total="19724288" percent="7" />
      <mem type="loa" free="198656" total="198656" percent="100" />
    </mem>
    <remembered-set count="123" />
  </mem-info>
</gc-start>
<allocation-stats totalBytes="107878432" >
  <allocated-bytes non-tlh="80" tlh="107878352" />
  <largest-consumer threadName="main" threadId="0000000001164F00" bytes="107878432" />
</allocation-stats>
<gc-op id="4179" type="scavenge" timems="2.283" contextid="4176" timestamp="2019-08-09T18:06:58.223">
  <scavenger-info tenureage="3" tenuremask="ffd8" tiltratio="90" />
  <memory-copied type="nursery" objects="35" bytes="1056" bytesdiscarded="15072" />
  <memory-copied type="tenure" objects="18" bytes="408" bytesdiscarded="0" />
</gc-op>
<gc-end id="4180" type="scavenge" contextid="4176" durationms="2.536" usertimems="2.760" systemtimems="0.000" timestamp="2019-08-09T18:06:58.223" activeThreads="16">
  <mem-info id="4181" free="109585992" total="139853824" percent="78">
    <mem type="nursery" free="107921664" total="119930880" percent="89">
      <mem type="allocate" free="107921664" total="107937792" percent="99" />
      <mem type="survivor" free="0" total="11993088" percent="0" />
    </mem>
    <mem type="tenure" free="1664328" total="19922944" percent="8" macro-fragmented="0">
      <mem type="soa" free="1465672" total="19724288" percent="7" />
      <mem type="loa" free="198656" total="198656" percent="100" />
    </mem>
    <remembered-set count="117" />
  </mem-info>
</gc-end>
<cycle-end id="4182" type="scavenge" contextid="4176" timestamp="2019-08-09T18:06:58.223" />
  <attribute name="elasticGC enabled" value="1" />
  <attribute name= "numThreadsSpecified" value="16" />
  <attribute name="heapSize specified" value="49152000" />
  <attribute name="Current GC Util" value="1" />
  <attribute name= "Current Time Running" value="154090" />
  <attribute name ="GC Interval" value="2369" />
  <attribute name="Target GC Util Change" value ="80.000000" />
  <attribute name="Current GC Util Change" value="1.000000"/>
  <attribute name="Current Error" value="312.000000" />
  <attribute name="Output H" value="139929864"/>
  <attribute name="Output I" value="2368"/>
  <attribute name="Output T" value="16"/>
  <attribute name= "Current Time Running" value="154090" />
  <attribute name="GC Util currently" value="1" />
  <attribute name="CPU Util currently" value="4738993281" />
<allocation-satisfied id="4183" threadId="0000000001164F00" bytesRequested="80" />
<af-end id="4184" timestamp="2019-08-09T18:06:58.223" threadId="0000000001165888" success="true" from="nursery"/>
<exclusive-end id="4185" timestamp="2019-08-09T18:06:58.223" durationms="2.805" />

<exclusive-start id="4186" timestamp="2019-08-09T18:06:58.273" intervalms="52.903">
  <response-info timems="0.021" idlems="0.021" threads="0" lastid="0000000001164F00" lastname="main" />
</exclusive-start>
<af-start id="4187" threadId="0000000001165888" totalBytesRequested="584" timestamp="2019-08-09T18:06:58.273" intervalms="52.902" type="nursery" />
<cycle-start id="4188" type="scavenge" contextid="0" timestamp="2019-08-09T18:06:58.273" intervalms="52.900" />
<gc-start id="4189" type="scavenge" contextid="4188" timestamp="2019-08-09T18:06:58.273">
  <mem-info id="4190" free="1664328" total="139853824" percent="1">
    <mem type="nursery" free="0" total="119930880" percent="0">
      <mem type="allocate" free="0" total="107937792" percent="0" />
      <mem type="survivor" free="0" total="11993088" percent="0" />
    </mem>
    <mem type="tenure" free="1664328" total="19922944" percent="8">
      <mem type="soa" free="1465672" total="19724288" percent="7" />
      <mem type="loa" free="198656" total="198656" percent="100" />
    </mem>
    <remembered-set count="119" />
  </mem-info>
</gc-start>
<allocation-stats totalBytes="107793448" >
  <allocated-bytes non-tlh="80" tlh="107793368" />
  <largest-consumer threadName="main" threadId="0000000001164F00" bytes="107793448" />
</allocation-stats>
<gc-op id="4191" type="scavenge" timems="1.807" contextid="4188" timestamp="2019-08-09T18:06:58.275">
  <scavenger-info tenureage="3" tenuremask="ffe8" tiltratio="90" />
  <memory-copied type="nursery" objects="37" bytes="1592" bytesdiscarded="14536" />
  <memory-copied type="tenure" objects="6" bytes="136" bytesdiscarded="0" />
</gc-op>
<gc-end id="4192" type="scavenge" contextid="4188" durationms="2.038" usertimems="3.219" systemtimems="0.000" timestamp="2019-08-09T18:06:58.275" activeThreads="16">
  <mem-info id="4193" free="109585992" total="139853824" percent="78">
    <mem type="nursery" free="107921664" total="119930880" percent="89">
      <mem type="allocate" free="107921664" total="107937792" percent="99" />
      <mem type="survivor" free="0" total="11993088" percent="0" />
    </mem>
    <mem type="tenure" free="1664328" total="19922944" percent="8" macro-fragmented="0">
      <mem type="soa" free="1465672" total="19724288" percent="7" />
      <mem type="loa" free="198656" total="198656" percent="100" />
    </mem>
    <remembered-set count="117" />
  </mem-info>
</gc-end>
<cycle-end id="4194" type="scavenge" contextid="4188" timestamp="2019-08-09T18:06:58.276" />
  <attribute name="elasticGC enabled" value="1" />
  <attribute name= "numThreadsSpecified" value="16" />
  <attribute name="heapSize specified" value="49152000" />
  <attribute name="Current GC Util" value="5" />
  <attribute name= "Current Time Running" value="154143" />
  <attribute name ="GC Interval" value="2457" />
  <attribute name="Target GC Util Change" value ="80.000000" />
  <attribute name="Current GC Util Change" value="5.000000"/>
  <attribute name="Current Error" value="387.000000" />
  <attribute name="Output H" value="139929952"/>
  <attribute name="Output I" value="2456"/>
  <attribute name="Output T" value="16"/>
  <attribute name= "Current Time Running" value="154143" />
  <attribute name="GC Util currently" value="5" />
  <attribute name="CPU Util currently" value="21793001963" />
<allocation-satisfied id="4195" threadId="0000000001164F00" bytesRequested="584" />
<af-end id="4196" timestamp="2019-08-09T18:06:58.276" threadId="0000000001165888" success="true" from="nursery"/>
<exclusive-end id="4197" timestamp="2019-08-09T18:06:58.276" durationms="2.263" />

* Round 2 done in 2.564 seconds.
<exclusive-start id="4198" timestamp="2019-08-09T18:06:58.308" intervalms="34.598">
  <response-info timems="0.025" idlems="0.025" threads="0" lastid="0000000001164F00" lastname="main" />
</exclusive-start>
<af-start id="4199" threadId="0000000001165888" totalBytesRequested="24" timestamp="2019-08-09T18:06:58.308" intervalms="34.611" type="nursery" />
<cycle-start id="4200" type="scavenge" contextid="0" timestamp="2019-08-09T18:06:58.308" intervalms="34.687" />
<gc-start id="4201" type="scavenge" contextid="4200" timestamp="2019-08-09T18:06:58.308">
  <mem-info id="4202" free="1664328" total="139853824" percent="1">
    <mem type="nursery" free="0" total="119930880" percent="0">
      <mem type="allocate" free="0" total="107937792" percent="0" />
      <mem type="survivor" free="0" total="11993088" percent="0" />
    </mem>
    <mem type="tenure" free="1664328" total="19922944" percent="8">
      <mem type="soa" free="1465672" total="19724288" percent="7" />
      <mem type="loa" free="198656" total="198656" percent="100" />
    </mem>
    <remembered-set count="120" />
  </mem-info>
</gc-start>
<allocation-stats totalBytes="107791744" >
  <allocated-bytes non-tlh="584" tlh="107791160" />
  <largest-consumer threadName="main" threadId="0000000001164F00" bytes="107791744" />
</allocation-stats>
<gc-op id="4203" type="scavenge" timems="2.332" contextid="4200" timestamp="2019-08-09T18:06:58.311">
  <scavenger-info tenureage="5" tenuremask="ffe0" tiltratio="90" />
  <memory-copied type="nursery" objects="42" bytes="1320" bytesdiscarded="14808" />
</gc-op>
<gc-end id="4204" type="scavenge" contextid="4200" durationms="2.603" usertimems="5.497" systemtimems="0.000" timestamp="2019-08-09T18:06:58.311" activeThreads="16">
  <mem-info id="4205" free="109585992" total="139853824" percent="78">
    <mem type="nursery" free="107921664" total="119930880" percent="89">
      <mem type="allocate" free="107921664" total="107937792" percent="99" />
      <mem type="survivor" free="0" total="11993088" percent="0" />
    </mem>
    <mem type="tenure" free="1664328" total="19922944" percent="8" macro-fragmented="4388">
      <mem type="soa" free="1465672" total="19724288" percent="7" />
      <mem type="loa" free="198656" total="198656" percent="100" />
    </mem>
    <remembered-set count="120" />
  </mem-info>
</gc-end>
<cycle-end id="4206" type="scavenge" contextid="4200" timestamp="2019-08-09T18:06:58.311" />
  <attribute name="elasticGC enabled" value="1" />
  <attribute name= "numThreadsSpecified" value="16" />
  <attribute name="heapSize specified" value="49152000" />
  <attribute name="Current GC Util" value="9" />
  <attribute name= "Current Time Running" value="154178" />
  <attribute name ="GC Interval" value="2537" />
  <attribute name="Target GC Util Change" value ="80.000000" />
  <attribute name="Current GC Util Change" value="9.000000"/>
  <attribute name="Current Error" value="458.000000" />
  <attribute name="Output H" value="139930032"/>
  <attribute name="Output I" value="2536"/>
  <attribute name="Output T" value="16"/>
  <attribute name= "Current Time Running" value="154178" />
  <attribute name="GC Util currently" value="9" />
  <attribute name="CPU Util currently" value="33205229374" />
<allocation-satisfied id="4207" threadId="0000000001164F00" bytesRequested="24" />
<af-end id="4208" timestamp="2019-08-09T18:06:58.311" threadId="0000000001165888" success="true" from="nursery"/>
<exclusive-end id="4209" timestamp="2019-08-09T18:06:58.311" durationms="2.976" />

<exclusive-start id="4210" timestamp="2019-08-09T18:06:58.559" intervalms="251.560">
  <response-info timems="0.027" idlems="0.027" threads="0" lastid="0000000001164F00" lastname="main" />
</exclusive-start>
<af-start id="4211" threadId="0000000001165888" totalBytesRequested="1168" timestamp="2019-08-09T18:06:58.560" intervalms="251.565" type="nursery" />
<cycle-start id="4212" type="scavenge" contextid="0" timestamp="2019-08-09T18:06:58.560" intervalms="251.502" />
<gc-start id="4213" type="scavenge" contextid="4212" timestamp="2019-08-09T18:06:58.560">
  <mem-info id="4214" free="1664328" total="139853824" percent="1">
    <mem type="nursery" free="0" total="119930880" percent="0">
      <mem type="allocate" free="0" total="107937792" percent="0" />
      <mem type="survivor" free="0" total="11993088" percent="0" />
    </mem>
    <mem type="tenure" free="1664328" total="19922944" percent="8">
      <mem type="soa" free="1465672" total="19724288" percent="7" />
      <mem type="loa" free="198656" total="198656" percent="100" />
    </mem>
    <remembered-set count="139" />
  </mem-info>
</gc-start>
<allocation-stats totalBytes="107684416" >
  <allocated-bytes non-tlh="24" tlh="107684392" />
  <largest-consumer threadName="main" threadId="0000000001164F00" bytes="107684416" />
</allocation-stats>
<gc-op id="4215" type="scavenge" timems="1.705" contextid="4212" timestamp="2019-08-09T18:06:58.561">
  <scavenger-info tenureage="3" tenuremask="fff8" tiltratio="90" />
  <memory-copied type="nursery" objects="96" bytes="3768" bytesdiscarded="36168" />
  <memory-copied type="tenure" objects="12" bytes="272" bytesdiscarded="0" />
  <references type="weak" candidates="2" cleared="0" enqueued="0" />
</gc-op>
<gc-end id="4216" type="scavenge" contextid="4212" durationms="1.978" usertimems="3.148" systemtimems="0.000" timestamp="2019-08-09T18:06:58.562" activeThreads="16">
  <mem-info id="4217" free="109562184" total="139853824" percent="78">
    <mem type="nursery" free="107897856" total="119930880" percent="89">
      <mem type="allocate" free="107897856" total="107937792" percent="99" />
      <mem type="survivor" free="0" total="11993088" percent="0" />
    </mem>
    <mem type="tenure" free="1664328" total="19922944" percent="8" macro-fragmented="0">
      <mem type="soa" free="1465672" total="19724288" percent="7" />
      <mem type="loa" free="198656" total="198656" percent="100" />
    </mem>
    <remembered-set count="134" />
  </mem-info>
</gc-end>
<cycle-end id="4218" type="scavenge" contextid="4212" timestamp="2019-08-09T18:06:58.562" />
  <attribute name="elasticGC enabled" value="1" />
  <attribute name= "numThreadsSpecified" value="16" />
  <attribute name="heapSize specified" value="49152000" />
  <attribute name="Current GC Util" value="2" />
  <attribute name= "Current Time Running" value="154429" />
  <attribute name ="GC Interval" value="2105" />
  <attribute name="Target GC Util Change" value ="80.000000" />
  <attribute name="Current GC Util Change" value="2.000000"/>
  <attribute name="Current Error" value="78.000000" />
  <attribute name="Output H" value="139929600"/>
  <attribute name="Output I" value="2104"/>
  <attribute name="Output T" value="16"/>
  <attribute name= "Current Time Running" value="154429" />
  <attribute name="GC Util currently" value="2" />
  <attribute name="CPU Util currently" value="4584409488" />
<allocation-satisfied id="4219" threadId="0000000001164F00" bytesRequested="1168" />
<af-end id="4220" timestamp="2019-08-09T18:06:58.562" threadId="0000000001165888" success="true" from="nursery"/>
<exclusive-end id="4221" timestamp="2019-08-09T18:06:58.562" durationms="2.285" />

<exclusive-start id="4222" timestamp="2019-08-09T18:06:58.574" intervalms="14.441">
  <response-info timems="0.026" idlems="0.026" threads="0" lastid="0000000001164F00" lastname="main" />
</exclusive-start>
<af-start id="4223" threadId="0000000001165888" totalBytesRequested="1168" timestamp="2019-08-09T18:06:58.574" intervalms="14.425" type="nursery" />
<cycle-start id="4224" type="scavenge" contextid="0" timestamp="2019-08-09T18:06:58.574" intervalms="14.412" />
<gc-start id="4225" type="scavenge" contextid="4224" timestamp="2019-08-09T18:06:58.574">
  <mem-info id="4226" free="1664328" total="139853824" percent="1">
    <mem type="nursery" free="0" total="119930880" percent="0">
      <mem type="allocate" free="0" total="107937792" percent="0" />
      <mem type="survivor" free="0" total="11993088" percent="0" />
    </mem>
    <mem type="tenure" free="1664328" total="19922944" percent="8">
      <mem type="soa" free="1465672" total="19724288" percent="7" />
      <mem type="loa" free="198656" total="198656" percent="100" />
    </mem>
    <remembered-set count="134" />
  </mem-info>
</gc-start>
<allocation-stats totalBytes="107540040" >
  <allocated-bytes non-tlh="1168" tlh="107538872" />
  <largest-consumer threadName="main" threadId="0000000001164F00" bytes="107540040" />
</allocation-stats>
<gc-op id="4227" type="scavenge" timems="1.261" contextid="4224" timestamp="2019-08-09T18:06:58.575">
  <scavenger-info tenureage="3" tenuremask="ffd8" tiltratio="90" />
  <memory-copied type="nursery" objects="90" bytes="3632" bytesdiscarded="52432" />
  <memory-copied type="tenure" objects="6" bytes="136" bytesdiscarded="0" />
  <references type="weak" candidates="2" cleared="0" enqueued="0" />
</gc-op>
<heap-resize id="4228" type="expand" space="nursery" amount="5242880" count="1" timems="0.019" reason="excessive time being spent scavenging" timestamp="2019-08-09T18:06:58.575" />
<gc-end id="4229" type="scavenge" contextid="4224" durationms="1.438" usertimems="2.758" systemtimems="0.000" timestamp="2019-08-09T18:06:58.575" activeThreads="16">
  <mem-info id="4230" free="114264648" total="145096704" percent="78">
    <mem type="nursery" free="112600320" total="125173760" percent="89">
      <mem type="allocate" free="112600320" total="112656384" percent="99" />
      <mem type="survivor" free="0" total="12517376" percent="0" />
    </mem>
    <mem type="tenure" free="1664328" total="19922944" percent="8" macro-fragmented="868149">
      <mem type="soa" free="1465672" total="19724288" percent="7" />
      <mem type="loa" free="198656" total="198656" percent="100" />
    </mem>
    <remembered-set count="132" />
  </mem-info>
</gc-end>
<cycle-end id="4231" type="scavenge" contextid="4224" timestamp="2019-08-09T18:06:58.576" />
  <attribute name="elasticGC enabled" value="1" />
  <attribute name= "numThreadsSpecified" value="16" />
  <attribute name="heapSize specified" value="49152000" />
  <attribute name="Current GC Util" value="23" />
  <attribute name= "Current Time Running" value="154444" />
  <attribute name ="GC Interval" value="2169" />
  <attribute name="Target GC Util Change" value ="80.000000" />
  <attribute name="Current GC Util Change" value="23.000000"/>
  <attribute name="Current Error" value="135.000000" />
  <attribute name="Output H" value="139929664"/>
  <attribute name="Output I" value="2168"/>
  <attribute name="Output T" value="16"/>
  <attribute name= "Current Time Running" value="154444" />
  <attribute name="GC Util currently" value="23" />
  <attribute name="CPU Util currently" value="80151845474" />
<allocation-satisfied id="4232" threadId="0000000001164F00" bytesRequested="1168" />
<af-end id="4233" timestamp="2019-08-09T18:06:58.576" threadId="0000000001165888" success="true" from="nursery"/>
<exclusive-end id="4234" timestamp="2019-08-09T18:06:58.576" durationms="1.648" />

<exclusive-start id="4235" timestamp="2019-08-09T18:06:58.589" intervalms="15.586">
  <response-info timems="0.026" idlems="0.026" threads="0" lastid="0000000001164F00" lastname="main" />
</exclusive-start>
<af-start id="4236" threadId="0000000001165888" totalBytesRequested="1168" timestamp="2019-08-09T18:06:58.590" intervalms="15.585" type="nursery" />
<cycle-start id="4237" type="scavenge" contextid="0" timestamp="2019-08-09T18:06:58.590" intervalms="15.585" />
<gc-start id="4238" type="scavenge" contextid="4237" timestamp="2019-08-09T18:06:58.590">
  <mem-info id="4239" free="1664328" total="145096704" percent="1">
    <mem type="nursery" free="0" total="125173760" percent="0">
      <mem type="allocate" free="0" total="112656384" percent="0" />
      <mem type="survivor" free="0" total="12517376" percent="0" />
    </mem>
    <mem type="tenure" free="1664328" total="19922944" percent="8">
      <mem type="soa" free="1465672" total="19724288" percent="7" />
      <mem type="loa" free="198656" total="198656" percent="100" />
    </mem>
    <remembered-set count="132" />
  </mem-info>
</gc-start>
<allocation-stats totalBytes="112227160" >
  <allocated-bytes non-tlh="1168" tlh="112225992" />
  <largest-consumer threadName="main" threadId="0000000001164F00" bytes="112227160" />
</allocation-stats>
<gc-op id="4240" type="scavenge" timems="0.814" contextid="4237" timestamp="2019-08-09T18:06:58.590">
  <scavenger-info tenureage="3" tenuremask="ffe8" tiltratio="90" />
  <memory-copied type="nursery" objects="77" bytes="3136" bytesdiscarded="52928" />
  <memory-copied type="tenure" objects="13" bytes="496" bytesdiscarded="0" />
  <references type="weak" candidates="2" cleared="0" enqueued="0" />
</gc-op>
<gc-end id="4241" type="scavenge" contextid="4237" durationms="0.995" usertimems="1.618" systemtimems="0.000" timestamp="2019-08-09T18:06:58.591" activeThreads="16">
  <mem-info id="4242" free="114248520" total="145096704" percent="78">
    <mem type="nursery" free="112600320" total="125173760" percent="89">
      <mem type="allocate" free="112600320" total="112656384" percent="99" />
      <mem type="survivor" free="0" total="12517376" percent="0" />
    </mem>
    <mem type="tenure" free="1648200" total="19922944" percent="8" macro-fragmented="0">
      <mem type="soa" free="1449544" total="19724288" percent="7" />
      <mem type="loa" free="198656" total="198656" percent="100" />
    </mem>
    <remembered-set count="130" />
  </mem-info>
</gc-end>
<cycle-end id="4243" type="scavenge" contextid="4237" timestamp="2019-08-09T18:06:58.591" />
  <attribute name="elasticGC enabled" value="1" />
  <attribute name= "numThreadsSpecified" value="16" />
  <attribute name="heapSize specified" value="49152000" />
  <attribute name="Current GC Util" value="18" />
  <attribute name= "Current Time Running" value="154459" />
  <attribute name ="GC Interval" value="2241" />
  <attribute name="Target GC Util Change" value ="80.000000" />
  <attribute name="Current GC Util Change" value="18.000000"/>
  <attribute name="Current Error" value="197.000000" />
  <attribute name="Output H" value="145172616"/>
  <attribute name="Output I" value="2240"/>
  <attribute name="Output T" value="16"/>
  <attribute name= "Current Time Running" value="154459" />
  <attribute name="GC Util currently" value="18" />
  <attribute name="CPU Util currently" value="74012691892" />
<allocation-satisfied id="4244" threadId="0000000001164F00" bytesRequested="1168" />
<af-end id="4245" timestamp="2019-08-09T18:06:58.591" threadId="0000000001165888" success="true" from="nursery"/>
<exclusive-end id="4246" timestamp="2019-08-09T18:06:58.591" durationms="1.199" />

<exclusive-start id="4247" timestamp="2019-08-09T18:06:58.603" intervalms="13.410">
  <response-info timems="0.030" idlems="0.030" threads="0" lastid="0000000001164F00" lastname="main" />
</exclusive-start>
<af-start id="4248" threadId="0000000001165888" totalBytesRequested="1168" timestamp="2019-08-09T18:06:58.603" intervalms="13.419" type="nursery" />
<cycle-start id="4249" type="scavenge" contextid="0" timestamp="2019-08-09T18:06:58.603" intervalms="13.426" />
<gc-start id="4250" type="scavenge" contextid="4249" timestamp="2019-08-09T18:06:58.603">
  <mem-info id="4251" free="1648200" total="145096704" percent="1">
    <mem type="nursery" free="0" total="125173760" percent="0">
      <mem type="allocate" free="0" total="112656384" percent="0" />
      <mem type="survivor" free="0" total="12517376" percent="0" />
    </mem>
    <mem type="tenure" free="1648200" total="19922944" percent="8">
      <mem type="soa" free="1449544" total="19724288" percent="7" />
      <mem type="loa" free="198656" total="198656" percent="100" />
    </mem>
    <remembered-set count="130" />
  </mem-info>
</gc-start>
<allocation-stats totalBytes="112227160" >
  <allocated-bytes non-tlh="1168" tlh="112225992" />
  <largest-consumer threadName="main" threadId="0000000001164F00" bytes="112227160" />
</allocation-stats>
<gc-op id="4252" type="scavenge" timems="2.313" contextid="4249" timestamp="2019-08-09T18:06:58.605">
  <scavenger-info tenureage="3" tenuremask="ffe8" tiltratio="90" />
  <memory-copied type="nursery" objects="2" bytes="56" bytesdiscarded="16072" />
  <memory-copied type="tenure" objects="75" bytes="3080" bytesdiscarded="0" />
</gc-op>
<heap-resize id="4253" type="expand" space="nursery" amount="8126464" count="1" timems="0.016" reason="excessive time being spent scavenging" timestamp="2019-08-09T18:06:58.605" />
<gc-end id="4254" type="scavenge" contextid="4249" durationms="2.479" usertimems="4.609" systemtimems="0.000" timestamp="2019-08-09T18:06:58.606" activeThreads="16">
  <mem-info id="4255" free="121562952" total="153223168" percent="79">
    <mem type="nursery" free="119914752" total="133300224" percent="89">
      <mem type="allocate" free="119914752" total="119930880" percent="99" />
      <mem type="survivor" free="0" total="13369344" percent="0" />
    </mem>
    <mem type="tenure" free="1648200" total="19922944" percent="8" macro-fragmented="868149">
      <mem type="soa" free="1449544" total="19724288" percent="7" />
      <mem type="loa" free="198656" total="198656" percent="100" />
    </mem>
    <remembered-set count="120" />
  </mem-info>
</gc-end>
<cycle-end id="4256" type="scavenge" contextid="4249" timestamp="2019-08-09T18:06:58.606" />
  <attribute name="elasticGC enabled" value="1" />
  <attribute name= "numThreadsSpecified" value="16" />
  <attribute name="heapSize specified" value="49152000" />
  <attribute name="Current GC Util" value="12" />
  <attribute name= "Current Time Running" value="154473" />
  <attribute name ="GC Interval" value="2321" />
  <attribute name="Target GC Util Change" value ="80.000000" />
  <attribute name="Current GC Util Change" value="12.000000"/>
  <attribute name="Current Error" value="265.000000" />
  <attribute name="Output H" value="145172696"/>
  <attribute name="Output I" value="2320"/>
  <attribute name="Output T" value="16"/>
  <attribute name= "Current Time Running" value="154473" />
  <attribute name="GC Util currently" value="12" />
  <attribute name="CPU Util currently" value="85800530170" />
<allocation-satisfied id="4257" threadId="0000000001164F00" bytesRequested="1168" />
<af-end id="4258" timestamp="2019-08-09T18:06:58.606" threadId="0000000001165888" success="true" from="nursery"/>
<exclusive-end id="4259" timestamp="2019-08-09T18:06:58.606" durationms="2.731" />

<exclusive-start id="4260" timestamp="2019-08-09T18:06:58.621" intervalms="17.991">
  <response-info timems="0.029" idlems="0.029" threads="0" lastid="0000000001164F00" lastname="main" />
</exclusive-start>
<af-start id="4261" threadId="0000000001165888" totalBytesRequested="1168" timestamp="2019-08-09T18:06:58.621" intervalms="17.994" type="nursery" />
<cycle-start id="4262" type="scavenge" contextid="0" timestamp="2019-08-09T18:06:58.621" intervalms="17.994" />
<gc-start id="4263" type="scavenge" contextid="4262" timestamp="2019-08-09T18:06:58.621">
  <mem-info id="4264" free="1648200" total="153223168" percent="1">
    <mem type="nursery" free="0" total="133300224" percent="0">
      <mem type="allocate" free="0" total="119930880" percent="0" />
      <mem type="survivor" free="0" total="13369344" percent="0" />
    </mem>
    <mem type="tenure" free="1648200" total="19922944" percent="8">
      <mem type="soa" free="1449544" total="19724288" percent="7" />
      <mem type="loa" free="198656" total="198656" percent="100" />
    </mem>
    <remembered-set count="120" />
  </mem-info>
</gc-start>
<allocation-stats totalBytes="119518504" >
  <allocated-bytes non-tlh="1168" tlh="119517336" />
  <largest-consumer threadName="main" threadId="0000000001164F00" bytes="119518504" />
</allocation-stats>
<gc-op id="4265" type="scavenge" timems="1.053" contextid="4262" timestamp="2019-08-09T18:06:58.622">
  <scavenger-info tenureage="3" tenuremask="ffe8" tiltratio="89" />
  <memory-copied type="nursery" objects="2" bytes="56" bytesdiscarded="32200" />
</gc-op>
<gc-end id="4266" type="scavenge" contextid="4262" durationms="1.268" usertimems="1.994" systemtimems="0.000" timestamp="2019-08-09T18:06:58.622" activeThreads="16">
  <mem-info id="4267" free="121546824" total="153223168" percent="79">
    <mem type="nursery" free="119898624" total="133300224" percent="89">
      <mem type="allocate" free="119898624" total="119930880" percent="99" />
      <mem type="survivor" free="0" total="13369344" percent="0" />
    </mem>
    <mem type="tenure" free="1648200" total="19922944" percent="8" macro-fragmented="418667">
      <mem type="soa" free="1449544" total="19724288" percent="7" />
      <mem type="loa" free="198656" total="198656" percent="100" />
    </mem>
    <remembered-set count="120" />
  </mem-info>
</gc-end>
<cycle-end id="4268" type="scavenge" contextid="4262" timestamp="2019-08-09T18:06:58.622" />
  <attribute name="elasticGC enabled" value="1" />
  <attribute name= "numThreadsSpecified" value="16" />
  <attribute name="heapSize specified" value="49152000" />
  <attribute name="Current GC Util" value="26" />
  <attribute name= "Current Time Running" value="154491" />
  <attribute name ="GC Interval" value="2377" />
  <attribute name="Target GC Util Change" value ="80.000000" />
  <attribute name="Current GC Util Change" value="26.000000"/>
  <attribute name="Current Error" value="319.000000" />
  <attribute name="Output H" value="153299216"/>
  <attribute name="Output I" value="2376"/>
  <attribute name="Output T" value="16"/>
  <attribute name= "Current Time Running" value="154491" />
  <attribute name="GC Util currently" value="26" />
  <attribute name="CPU Util currently" value="64045858524" />
<allocation-satisfied id="4269" threadId="0000000001164F00" bytesRequested="1168" />
<af-end id="4270" timestamp="2019-08-09T18:06:58.622" threadId="0000000001165888" success="true" from="nursery"/>
<exclusive-end id="4271" timestamp="2019-08-09T18:06:58.622" durationms="1.534" />

<exclusive-start id="4272" timestamp="2019-08-09T18:06:58.639" intervalms="18.495">
  <response-info timems="0.020" idlems="0.020" threads="0" lastid="0000000001164F00" lastname="main" />
</exclusive-start>
<af-start id="4273" threadId="0000000001165888" totalBytesRequested="1168" timestamp="2019-08-09T18:06:58.639" intervalms="18.483" type="nursery" />
<cycle-start id="4274" type="scavenge" contextid="0" timestamp="2019-08-09T18:06:58.639" intervalms="18.473" />
<gc-start id="4275" type="scavenge" contextid="4274" timestamp="2019-08-09T18:06:58.640">
  <mem-info id="4276" free="1648200" total="153223168" percent="1">
    <mem type="nursery" free="0" total="133300224" percent="0">
      <mem type="allocate" free="0" total="119930880" percent="0" />
      <mem type="survivor" free="0" total="13369344" percent="0" />
    </mem>
    <mem type="tenure" free="1648200" total="19922944" percent="8">
      <mem type="soa" free="1449544" total="19724288" percent="7" />
      <mem type="loa" free="198656" total="198656" percent="100" />
    </mem>
    <remembered-set count="125" />
  </mem-info>
</gc-start>
<allocation-stats totalBytes="119439104" >
  <allocated-bytes non-tlh="1168" tlh="119437936" />
  <largest-consumer threadName="main" threadId="0000000001164F00" bytes="119439104" />
</allocation-stats>
<gc-op id="4277" type="scavenge" timems="4.164" contextid="4274" timestamp="2019-08-09T18:06:58.644">
  <scavenger-info tenureage="3" tenuremask="fff8" tiltratio="89" />
  <memory-copied type="nursery" objects="27" bytes="1944" bytesdiscarded="14184" />
</gc-op>
<heap-resize id="4278" type="expand" space="nursery" amount="13369344" count="1" timems="0.022" reason="excessive time being spent scavenging" timestamp="2019-08-09T18:06:58.644" />
<gc-end id="4279" type="scavenge" contextid="4274" durationms="4.518" usertimems="6.815" systemtimems="0.000" timestamp="2019-08-09T18:06:58.644" activeThreads="16">
  <mem-info id="4280" free="133556040" total="166592512" percent="80">
    <mem type="nursery" free="131907840" total="146669568" percent="89">
      <mem type="allocate" free="131907840" total="131923968" percent="99" />
      <mem type="survivor" free="0" total="14745600" percent="0" />
    </mem>
    <mem type="tenure" free="1648200" total="19922944" percent="8" macro-fragmented="13104">
      <mem type="soa" free="1449544" total="19724288" percent="7" />
      <mem type="loa" free="198656" total="198656" percent="100" />
    </mem>
    <remembered-set count="125" />
  </mem-info>
</gc-end>
<cycle-end id="4281" type="scavenge" contextid="4274" timestamp="2019-08-09T18:06:58.644" />
  <attribute name="elasticGC enabled" value="1" />
  <attribute name= "numThreadsSpecified" value="16" />
  <attribute name="heapSize specified" value="49152000" />
  <attribute name="Current GC Util" value="11" />
  <attribute name= "Current Time Running" value="154509" />
  <attribute name ="GC Interval" value="2457" />
  <attribute name="Target GC Util Change" value ="80.000000" />
  <attribute name="Current GC Util Change" value="11.000000"/>
  <attribute name="Current Error" value="388.000000" />
  <attribute name="Output H" value="153299296"/>
  <attribute name="Output I" value="2456"/>
  <attribute name="Output T" value="16"/>
  <attribute name= "Current Time Running" value="154509" />
  <attribute name="GC Util currently" value="11" />
  <attribute name="CPU Util currently" value="62425294128" />
<allocation-satisfied id="4282" threadId="0000000001164F00" bytesRequested="1168" />
<af-end id="4283" timestamp="2019-08-09T18:06:58.644" threadId="0000000001165888" success="true" from="nursery"/>
<exclusive-end id="4284" timestamp="2019-08-09T18:06:58.644" durationms="4.799" />

<exclusive-start id="4285" timestamp="2019-08-09T18:06:58.666" intervalms="26.238">
  <response-info timems="0.029" idlems="0.029" threads="0" lastid="0000000001164F00" lastname="main" />
</exclusive-start>
<af-start id="4286" threadId="0000000001165888" totalBytesRequested="1168" timestamp="2019-08-09T18:06:58.666" intervalms="26.243" type="nursery" />
<cycle-start id="4287" type="scavenge" contextid="0" timestamp="2019-08-09T18:06:58.666" intervalms="26.249" />
<gc-start id="4288" type="scavenge" contextid="4287" timestamp="2019-08-09T18:06:58.666">
  <mem-info id="4289" free="1648200" total="166592512" percent="0">
    <mem type="nursery" free="0" total="146669568" percent="0">
      <mem type="allocate" free="0" total="131923968" percent="0" />
      <mem type="survivor" free="0" total="14745600" percent="0" />
    </mem>
    <mem type="tenure" free="1648200" total="19922944" percent="8">
      <mem type="soa" free="1449544" total="19724288" percent="7" />
      <mem type="loa" free="198656" total="198656" percent="100" />
    </mem>
    <remembered-set count="125" />
  </mem-info>
</gc-start>
<allocation-stats totalBytes="131067088" >
  <allocated-bytes non-tlh="1168" tlh="131065920" />
  <largest-consumer threadName="main" threadId="0000000001164F00" bytes="131067088" />
</allocation-stats>
<gc-op id="4290" type="scavenge" timems="6.508" contextid="4287" timestamp="2019-08-09T18:06:58.672">
  <scavenger-info tenureage="3" tenuremask="fff8" tiltratio="89" />
  <memory-copied type="nursery" objects="28" bytes="1968" bytesdiscarded="14160" />
</gc-op>
<heap-resize id="4291" type="expand" space="nursery" amount="14680064" count="1" timems="0.019" reason="excessive time being spent scavenging" timestamp="2019-08-09T18:06:58.672" />
<gc-end id="4292" type="scavenge" contextid="4287" durationms="6.774" usertimems="8.031" systemtimems="0.000" timestamp="2019-08-09T18:06:58.673" activeThreads="16">
  <mem-info id="4293" free="146794312" total="181272576" percent="80">
    <mem type="nursery" free="145146112" total="161349632" percent="89">
      <mem type="allocate" free="145146112" total="145162240" percent="99" />
      <mem type="survivor" free="0" total="16187392" percent="0" />
    </mem>
    <mem type="tenure" free="1648200" total="19922944" percent="8" macro-fragmented="9100">
      <mem type="soa" free="1449544" total="19724288" percent="7" />
      <mem type="loa" free="198656" total="198656" percent="100" />
    </mem>
    <remembered-set count="115" />
  </mem-info>
</gc-end>
<cycle-end id="4294" type="scavenge" contextid="4287" timestamp="2019-08-09T18:06:58.673" />
  <attribute name="elasticGC enabled" value="1" />
  <attribute name= "numThreadsSpecified" value="16" />
  <attribute name="heapSize specified" value="49152000" />
  <attribute name="Current GC Util" value="26" />
  <attribute name= "Current Time Running" value="154536" />
  <attribute name ="GC Interval" value="2073" />
  <attribute name="Target GC Util Change" value ="80.000000" />
  <attribute name="Current GC Util Change" value="26.000000"/>
  <attribute name="Current Error" value="54.000000" />
  <attribute name="Output H" value="166668256"/>
  <attribute name="Output I" value="2072"/>
  <attribute name="Output T" value="16"/>
  <attribute name= "Current Time Running" value="154536" />
  <attribute name="GC Util currently" value="26" />
  <attribute name="CPU Util currently" value="43744995910" />
<allocation-satisfied id="4295" threadId="0000000001164F00" bytesRequested="1168" />
<af-end id="4296" timestamp="2019-08-09T18:06:58.673" threadId="0000000001165888" success="true" from="nursery"/>
<exclusive-end id="4297" timestamp="2019-08-09T18:06:58.673" durationms="7.274" />

<exclusive-start id="4298" timestamp="2019-08-09T18:06:58.691" intervalms="25.451">
  <response-info timems="0.023" idlems="0.023" threads="0" lastid="0000000001164F00" lastname="main" />
</exclusive-start>
<af-start id="4299" threadId="0000000001165888" totalBytesRequested="1168" timestamp="2019-08-09T18:06:58.691" intervalms="25.446" type="nursery" />
<cycle-start id="4300" type="scavenge" contextid="0" timestamp="2019-08-09T18:06:58.691" intervalms="25.446" />
<gc-start id="4301" type="scavenge" contextid="4300" timestamp="2019-08-09T18:06:58.691">
  <mem-info id="4302" free="1648200" total="181272576" percent="0">
    <mem type="nursery" free="0" total="161349632" percent="0">
      <mem type="allocate" free="0" total="145162240" percent="0" />
      <mem type="survivor" free="0" total="16187392" percent="0" />
    </mem>
    <mem type="tenure" free="1648200" total="19922944" percent="8">
      <mem type="soa" free="1449544" total="19724288" percent="7" />
      <mem type="loa" free="198656" total="198656" percent="100" />
    </mem>
    <remembered-set count="115" />
  </mem-info>
</gc-start>
<allocation-stats totalBytes="144235584" >
  <allocated-bytes non-tlh="1168" tlh="144234416" />
  <largest-consumer threadName="main" threadId="0000000001164F00" bytes="144235584" />
</allocation-stats>
<gc-op id="4303" type="scavenge" timems="1.073" contextid="4300" timestamp="2019-08-09T18:06:58.692">
  <scavenger-info tenureage="3" tenuremask="fff8" tiltratio="89" />
  <memory-copied type="nursery" objects="28" bytes="1968" bytesdiscarded="30288" />
</gc-op>
<gc-end id="4304" type="scavenge" contextid="4300" durationms="1.266" usertimems="1.840" systemtimems="0.000" timestamp="2019-08-09T18:06:58.692" activeThreads="16">
  <mem-info id="4305" free="146778184" total="181272576" percent="80">
    <mem type="nursery" free="145129984" total="161349632" percent="89">
      <mem type="allocate" free="145129984" total="145162240" percent="99" />
      <mem type="survivor" free="0" total="16187392" percent="0" />
    </mem>
    <mem type="tenure" free="1648200" total="19922944" percent="8" macro-fragmented="13104">
      <mem type="soa" free="1449544" total="19724288" percent="7" />
      <mem type="loa" free="198656" total="198656" percent="100" />
    </mem>
    <remembered-set count="115" />
  </mem-info>
</gc-end>
<cycle-end id="4306" type="scavenge" contextid="4300" timestamp="2019-08-09T18:06:58.693" />
  <attribute name="elasticGC enabled" value="1" />
  <attribute name= "numThreadsSpecified" value="16" />
  <attribute name="heapSize specified" value="49152000" />
  <attribute name="Current GC Util" value="31" />
  <attribute name= "Current Time Running" value="154561" />
  <attribute name ="GC Interval" value="2129" />
  <attribute name="Target GC Util Change" value ="80.000000" />
  <attribute name="Current GC Util Change" value="31.000000"/>
  <attribute name="Current Error" value="103.000000" />
  <attribute name="Output H" value="181348376"/>
  <attribute name="Output I" value="2128"/>
  <attribute name="Output T" value="16"/>
  <attribute name= "Current Time Running" value="154561" />
  <attribute name="GC Util currently" value="31" />
  <attribute name="CPU Util currently" value="45525467938" />
<allocation-satisfied id="4307" threadId="0000000001164F00" bytesRequested="1168" />
<af-end id="4308" timestamp="2019-08-09T18:06:58.693" threadId="0000000001165888" success="true" from="nursery"/>
<exclusive-end id="4309" timestamp="2019-08-09T18:06:58.693" durationms="1.514" />

<exclusive-start id="4310" timestamp="2019-08-09T18:06:58.787" intervalms="96.146">
  <response-info timems="0.023" idlems="0.023" threads="0" lastid="0000000001164F00" lastname="main" />
</exclusive-start>
<af-start id="4311" threadId="0000000001165888" totalBytesRequested="32" timestamp="2019-08-09T18:06:58.787" intervalms="96.192" type="nursery" />
<cycle-start id="4312" type="scavenge" contextid="0" timestamp="2019-08-09T18:06:58.787" intervalms="96.192" />
<gc-start id="4313" type="scavenge" contextid="4312" timestamp="2019-08-09T18:06:58.787">
  <mem-info id="4314" free="1648200" total="181272576" percent="0">
    <mem type="nursery" free="0" total="161349632" percent="0">
      <mem type="allocate" free="0" total="145162240" percent="0" />
      <mem type="survivor" free="0" total="16187392" percent="0" />
    </mem>
    <mem type="tenure" free="1648200" total="19922944" percent="8">
      <mem type="soa" free="1449544" total="19724288" percent="7" />
      <mem type="loa" free="198656" total="198656" percent="100" />
    </mem>
    <remembered-set count="123" />
  </mem-info>
</gc-start>
<allocation-stats totalBytes="145101416" >
  <allocated-bytes non-tlh="1168" tlh="145100248" />
  <largest-consumer threadName="main" threadId="0000000001164F00" bytes="145101416" />
</allocation-stats>
<gc-op id="4315" type="scavenge" timems="2.043" contextid="4312" timestamp="2019-08-09T18:06:58.789">
  <scavenger-info tenureage="3" tenuremask="fff8" tiltratio="89" />
  <memory-copied type="nursery" objects="247" bytes="8016" bytesdiscarded="31872" />
  <memory-copied type="tenure" objects="7" bytes="168" bytesdiscarded="0" />
  <references type="weak" candidates="39" cleared="0" enqueued="0" />
</gc-op>
<gc-end id="4316" type="scavenge" contextid="4312" durationms="2.285" usertimems="3.324" systemtimems="0.000" timestamp="2019-08-09T18:06:58.790" activeThreads="16">
  <mem-info id="4317" free="146770504" total="181272576" percent="80">
    <mem type="nursery" free="145122304" total="161349632" percent="89">
      <mem type="allocate" free="145122304" total="145162240" percent="99" />
      <mem type="survivor" free="0" total="16187392" percent="0" />
    </mem>
    <mem type="tenure" free="1648200" total="19922944" percent="8" macro-fragmented="0">
      <mem type="soa" free="1449544" total="19724288" percent="7" />
      <mem type="loa" free="198656" total="198656" percent="100" />
    </mem>
    <remembered-set count="119" />
  </mem-info>
</gc-end>
<cycle-end id="4318" type="scavenge" contextid="4312" timestamp="2019-08-09T18:06:58.790" />
  <attribute name="elasticGC enabled" value="1" />
  <attribute name= "numThreadsSpecified" value="16" />
  <attribute name="heapSize specified" value="49152000" />
  <attribute name="Current GC Util" value="2" />
  <attribute name= "Current Time Running" value="154657" />
  <attribute name ="GC Interval" value="2225" />
  <attribute name="Target GC Util Change" value ="80.000000" />
  <attribute name="Current GC Util Change" value="2.000000"/>
  <attribute name="Current Error" value="181.000000" />
  <attribute name="Output H" value="181348472"/>
  <attribute name="Output I" value="2224"/>
  <attribute name="Output T" value="16"/>
  <attribute name= "Current Time Running" value="154657" />
  <attribute name="GC Util currently" value="2" />
  <attribute name="CPU Util currently" value="11985847714" />
<allocation-satisfied id="4319" threadId="0000000001164F00" bytesRequested="32" />
<af-end id="4320" timestamp="2019-08-09T18:06:58.790" threadId="0000000001165888" success="true" from="nursery"/>
<exclusive-end id="4321" timestamp="2019-08-09T18:06:58.790" durationms="2.648" />

<exclusive-start id="4322" timestamp="2019-08-09T18:06:58.842" intervalms="54.693">
  <response-info timems="0.015" idlems="0.015" threads="0" lastid="0000000001164F00" lastname="main" />
</exclusive-start>
<af-start id="4323" threadId="0000000001165888" totalBytesRequested="312" timestamp="2019-08-09T18:06:58.842" intervalms="54.644" type="nursery" />
<cycle-start id="4324" type="scavenge" contextid="0" timestamp="2019-08-09T18:06:58.842" intervalms="54.641" />
<gc-start id="4325" type="scavenge" contextid="4324" timestamp="2019-08-09T18:06:58.842">
  <mem-info id="4326" free="1648200" total="181272576" percent="0">
    <mem type="nursery" free="0" total="161349632" percent="0">
      <mem type="allocate" free="0" total="145162240" percent="0" />
      <mem type="survivor" free="0" total="16187392" percent="0" />
    </mem>
    <mem type="tenure" free="1648200" total="19922944" percent="8">
      <mem type="soa" free="1449544" total="19724288" percent="7" />
      <mem type="loa" free="198656" total="198656" percent="100" />
    </mem>
    <remembered-set count="121" />
  </mem-info>
</gc-start>
<allocation-stats totalBytes="145056352" >
  <allocated-bytes non-tlh="32" tlh="145056320" />
  <largest-consumer threadName="main" threadId="0000000001164F00" bytes="145056352" />
</allocation-stats>
<gc-op id="4327" type="scavenge" timems="2.200" contextid="4324" timestamp="2019-08-09T18:06:58.844">
  <scavenger-info tenureage="3" tenuremask="ffe8" tiltratio="89" />
  <memory-copied type="nursery" objects="80" bytes="2632" bytesdiscarded="53432" />
  <references type="weak" candidates="39" cleared="7" enqueued="3" />
</gc-op>
<gc-end id="4328" type="scavenge" contextid="4324" durationms="2.408" usertimems="4.866" systemtimems="0.000" timestamp="2019-08-09T18:06:58.845" activeThreads="16">
  <mem-info id="4329" free="146754376" total="181272576" percent="80">
    <mem type="nursery" free="145106176" total="161349632" percent="89">
      <mem type="allocate" free="145106176" total="145162240" percent="99" />
      <mem type="survivor" free="0" total="16187392" percent="0" />
    </mem>
    <mem type="tenure" free="1648200" total="19922944" percent="8" macro-fragmented="0">
      <mem type="soa" free="1449544" total="19724288" percent="7" />
      <mem type="loa" free="198656" total="198656" percent="100" />
    </mem>
    <pending-finalizers system="0" default="0" reference="3" classloader="0" />
    <remembered-set count="121" />
  </mem-info>
</gc-end>
<cycle-end id="4330" type="scavenge" contextid="4324" timestamp="2019-08-09T18:06:58.845" />
  <attribute name="elasticGC enabled" value="1" />
  <attribute name= "numThreadsSpecified" value="16" />
  <attribute name="heapSize specified" value="49152000" />
  <attribute name="Current GC Util" value="6" />
  <attribute name= "Current Time Running" value="154712" />
  <attribute name ="GC Interval" value="2305" />
  <attribute name="Target GC Util Change" value ="80.000000" />
  <attribute name="Current GC Util Change" value="6.000000"/>
  <attribute name="Current Error" value="255.000000" />
  <attribute name="Output H" value="181348552"/>
  <attribute name="Output I" value="2304"/>
  <attribute name="Output T" value="16"/>
  <attribute name= "Current Time Running" value="154712" />
  <attribute name="GC Util currently" value="6" />
  <attribute name="CPU Util currently" value="21076595623" />
<allocation-satisfied id="4331" threadId="0000000001164F00" bytesRequested="312" />
<af-end id="4332" timestamp="2019-08-09T18:06:58.845" threadId="0000000001165888" success="true" from="nursery"/>
<exclusive-end id="4333" timestamp="2019-08-09T18:06:58.845" durationms="2.737" />

<exclusive-start id="4334" timestamp="2019-08-09T18:06:58.879" intervalms="36.605">
  <response-info timems="0.021" idlems="0.021" threads="0" lastid="0000000001164F00" lastname="main" />
</exclusive-start>
<af-start id="4335" threadId="0000000001165888" totalBytesRequested="40" timestamp="2019-08-09T18:06:58.879" intervalms="36.609" type="nursery" />
<cycle-start id="4336" type="scavenge" contextid="0" timestamp="2019-08-09T18:06:58.879" intervalms="36.617" />
<gc-start id="4337" type="scavenge" contextid="4336" timestamp="2019-08-09T18:06:58.879">
  <mem-info id="4338" free="1648200" total="181272576" percent="0">
    <mem type="nursery" free="0" total="161349632" percent="0">
      <mem type="allocate" free="0" total="145162240" percent="0" />
      <mem type="survivor" free="0" total="16187392" percent="0" />
    </mem>
    <mem type="tenure" free="1648200" total="19922944" percent="8">
      <mem type="soa" free="1449544" total="19724288" percent="7" />
      <mem type="loa" free="198656" total="198656" percent="100" />
    </mem>
    <remembered-set count="124" />
  </mem-info>
</gc-start>
<allocation-stats totalBytes="145020544" >
  <allocated-bytes non-tlh="312" tlh="145020232" />
  <largest-consumer threadName="main" threadId="0000000001164F00" bytes="145020544" />
</allocation-stats>
<gc-op id="4339" type="scavenge" timems="1.483" contextid="4336" timestamp="2019-08-09T18:06:58.880">
  <scavenger-info tenureage="3" tenuremask="fff8" tiltratio="89" />
  <memory-copied type="nursery" objects="85" bytes="2496" bytesdiscarded="85056" />
  <references type="weak" candidates="32" cleared="0" enqueued="0" />
</gc-op>
<gc-end id="4340" type="scavenge" contextid="4336" durationms="1.697" usertimems="2.330" systemtimems="0.000" timestamp="2019-08-09T18:06:58.880" activeThreads="16">
  <mem-info id="4341" free="146722888" total="181272576" percent="80">
    <mem type="nursery" free="145074688" total="161349632" percent="89">
      <mem type="allocate" free="145074688" total="145162240" percent="99" />
      <mem type="survivor" free="0" total="16187392" percent="0" />
    </mem>
    <mem type="tenure" free="1648200" total="19922944" percent="8" macro-fragmented="0">
      <mem type="soa" free="1449544" total="19724288" percent="7" />
      <mem type="loa" free="198656" total="198656" percent="100" />
    </mem>
    <remembered-set count="124" />
  </mem-info>
</gc-end>
<cycle-end id="4342" type="scavenge" contextid="4336" timestamp="2019-08-09T18:06:58.880" />
  <attribute name="elasticGC enabled" value="1" />
  <attribute name= "numThreadsSpecified" value="16" />
  <attribute name="heapSize specified" value="49152000" />
  <attribute name="Current GC Util" value="14" />
  <attribute name= "Current Time Running" value="154748" />
  <attribute name ="GC Interval" value="2385" />
  <attribute name="Target GC Util Change" value ="80.000000" />
  <attribute name="Current GC Util Change" value="14.000000"/>
  <attribute name="Current Error" value="321.000000" />
  <attribute name="Output H" value="181348632"/>
  <attribute name="Output I" value="2384"/>
  <attribute name="Output T" value="16"/>
  <attribute name= "Current Time Running" value="154748" />
  <attribute name="GC Util currently" value="14" />
  <attribute name="CPU Util currently" value="31489438522" />
<allocation-satisfied id="4343" threadId="0000000001164F00" bytesRequested="40" />
<af-end id="4344" timestamp="2019-08-09T18:06:58.880" threadId="0000000001165888" success="true" from="nursery"/>
<exclusive-end id="4345" timestamp="2019-08-09T18:06:58.880" durationms="1.975" />

<exclusive-start id="4346" timestamp="2019-08-09T18:06:59.121" intervalms="242.097">
  <response-info timems="0.021" idlems="0.021" threads="0" lastid="0000000001164F00" lastname="main" />
</exclusive-start>
<af-start id="4347" threadId="0000000001165888" totalBytesRequested="24" timestamp="2019-08-09T18:06:59.121" intervalms="242.092" type="nursery" />
<cycle-start id="4348" type="scavenge" contextid="0" timestamp="2019-08-09T18:06:59.121" intervalms="242.085" />
<gc-start id="4349" type="scavenge" contextid="4348" timestamp="2019-08-09T18:06:59.121">
  <mem-info id="4350" free="1648200" total="181272576" percent="0">
    <mem type="nursery" free="0" total="161349632" percent="0">
      <mem type="allocate" free="0" total="145162240" percent="0" />
      <mem type="survivor" free="0" total="16187392" percent="0" />
    </mem>
    <mem type="tenure" free="1648200" total="19922944" percent="8">
      <mem type="soa" free="1449544" total="19724288" percent="7" />
      <mem type="loa" free="198656" total="198656" percent="100" />
    </mem>
    <remembered-set count="136" />
  </mem-info>
</gc-start>
<allocation-stats totalBytes="145002016" >
  <allocated-bytes non-tlh="40" tlh="145001976" />
  <largest-consumer threadName="main" threadId="0000000001164F00" bytes="145002016" />
</allocation-stats>
<gc-op id="4351" type="scavenge" timems="1.238" contextid="4348" timestamp="2019-08-09T18:06:59.122">
  <scavenger-info tenureage="3" tenuremask="fff8" tiltratio="89" />
  <memory-copied type="nursery" objects="60" bytes="1592" bytesdiscarded="30664" />
  <memory-copied type="tenure" objects="57" bytes="1656" bytesdiscarded="0" />
</gc-op>
<gc-end id="4352" type="scavenge" contextid="4348" durationms="1.450" usertimems="1.994" systemtimems="0.000" timestamp="2019-08-09T18:06:59.122" activeThreads="16">
  <mem-info id="4353" free="146762056" total="181272576" percent="80">
    <mem type="nursery" free="145129984" total="161349632" percent="89">
      <mem type="allocate" free="145129984" total="145162240" percent="99" />
      <mem type="survivor" free="0" total="16187392" percent="0" />
    </mem>
    <mem type="tenure" free="1632072" total="19922944" percent="8" macro-fragmented="0">
      <mem type="soa" free="1433416" total="19724288" percent="7" />
      <mem type="loa" free="198656" total="198656" percent="100" />
    </mem>
    <remembered-set count="127" />
  </mem-info>
</gc-end>
<cycle-end id="4354" type="scavenge" contextid="4348" timestamp="2019-08-09T18:06:59.122" />
  <attribute name="elasticGC enabled" value="1" />
  <attribute name= "numThreadsSpecified" value="16" />
  <attribute name="heapSize specified" value="49152000" />
  <attribute name="Current GC Util" value="1" />
  <attribute name= "Current Time Running" value="154990" />
  <attribute name ="GC Interval" value="2473" />
  <attribute name="Target GC Util Change" value ="80.000000" />
  <attribute name="Current GC Util Change" value="1.000000"/>
  <attribute name="Current Error" value="400.000000" />
  <attribute name="Output H" value="181348720"/>
  <attribute name="Output I" value="2472"/>
  <attribute name="Output T" value="16"/>
  <attribute name= "Current Time Running" value="154990" />
  <attribute name="GC Util currently" value="1" />
  <attribute name="CPU Util currently" value="4761274878" />
<allocation-satisfied id="4355" threadId="0000000001164F00" bytesRequested="24" />
<af-end id="4356" timestamp="2019-08-09T18:06:59.122" threadId="0000000001165888" success="true" from="nursery"/>
<exclusive-end id="4357" timestamp="2019-08-09T18:06:59.122" durationms="1.681" />

<exclusive-start id="4358" timestamp="2019-08-09T18:06:59.323" intervalms="202.510">
  <response-info timems="0.015" idlems="0.015" threads="0" lastid="0000000001164F00" lastname="main" />
</exclusive-start>
<af-start id="4359" threadId="0000000001165888" totalBytesRequested="80" timestamp="2019-08-09T18:06:59.323" intervalms="202.534" type="nursery" />
<cycle-start id="4360" type="scavenge" contextid="0" timestamp="2019-08-09T18:06:59.323" intervalms="202.533" />
<gc-start id="4361" type="scavenge" contextid="4360" timestamp="2019-08-09T18:06:59.323">
  <mem-info id="4362" free="1632072" total="181272576" percent="0">
    <mem type="nursery" free="0" total="161349632" percent="0">
      <mem type="allocate" free="0" total="145162240" percent="0" />
      <mem type="survivor" free="0" total="16187392" percent="0" />
    </mem>
    <mem type="tenure" free="1632072" total="19922944" percent="8">
      <mem type="soa" free="1433416" total="19724288" percent="7" />
      <mem type="loa" free="198656" total="198656" percent="100" />
    </mem>
    <remembered-set count="143" />
  </mem-info>
</gc-start>
<allocation-stats totalBytes="145113472" >
  <allocated-bytes non-tlh="24" tlh="145113448" />
  <largest-consumer threadName="main" threadId="0000000001164F00" bytes="145113472" />
</allocation-stats>
<gc-op id="4363" type="scavenge" timems="1.908" contextid="4360" timestamp="2019-08-09T18:06:59.325">
  <scavenger-info tenureage="3" tenuremask="ffe8" tiltratio="89" />
  <memory-copied type="nursery" objects="121" bytes="3384" bytesdiscarded="12744" />
  <memory-copied type="tenure" objects="6" bytes="144" bytesdiscarded="728" />
</gc-op>
<gc-end id="4364" type="scavenge" contextid="4360" durationms="2.114" usertimems="4.134" systemtimems="0.000" timestamp="2019-08-09T18:06:59.325" activeThreads="16">
  <mem-info id="4365" free="146778184" total="181272576" percent="80">
    <mem type="nursery" free="145146112" total="161349632" percent="89">
      <mem type="allocate" free="145146112" total="145162240" percent="99" />
      <mem type="survivor" free="0" total="16187392" percent="0" />
    </mem>
    <mem type="tenure" free="1632072" total="19922944" percent="8" macro-fragmented="0">
      <mem type="soa" free="1433416" total="19724288" percent="7" />
      <mem type="loa" free="198656" total="198656" percent="100" />
    </mem>
    <remembered-set count="141" />
  </mem-info>
</gc-end>
<cycle-end id="4366" type="scavenge" contextid="4360" timestamp="2019-08-09T18:06:59.325" />
  <attribute name="elasticGC enabled" value="1" />
  <attribute name= "numThreadsSpecified" value="16" />
  <attribute name="heapSize specified" value="49152000" />
  <attribute name="Current GC Util" value="1" />
  <attribute name= "Current Time Running" value="155193" />
  <attribute name ="GC Interval" value="2105" />
  <attribute name="Target GC Util Change" value ="80.000000" />
  <attribute name="Current GC Util Change" value="1.000000"/>
  <attribute name="Current Error" value="79.000000" />
  <attribute name="Output H" value="181348352"/>
  <attribute name="Output I" value="2104"/>
  <attribute name="Output T" value="16"/>
  <attribute name= "Current Time Running" value="155193" />
  <attribute name="GC Util currently" value="1" />
  <attribute name="CPU Util currently" value="5695800158" />
<allocation-satisfied id="4367" threadId="0000000001164F00" bytesRequested="80" />
<af-end id="4368" timestamp="2019-08-09T18:06:59.325" threadId="0000000001165888" success="true" from="nursery"/>
<exclusive-end id="4369" timestamp="2019-08-09T18:06:59.325" durationms="2.369" />

<exclusive-start id="4370" timestamp="2019-08-09T18:06:59.497" intervalms="173.422">
  <response-info timems="0.023" idlems="0.023" threads="0" lastid="0000000001164F00" lastname="main" />
</exclusive-start>
<af-start id="4371" threadId="0000000001165888" totalBytesRequested="40" timestamp="2019-08-09T18:06:59.497" intervalms="173.398" type="nursery" />
<cycle-start id="4372" type="scavenge" contextid="0" timestamp="2019-08-09T18:06:59.497" intervalms="173.399" />
<gc-start id="4373" type="scavenge" contextid="4372" timestamp="2019-08-09T18:06:59.497">
  <mem-info id="4374" free="1632072" total="181272576" percent="0">
    <mem type="nursery" free="0" total="161349632" percent="0">
      <mem type="allocate" free="0" total="145162240" percent="0" />
      <mem type="survivor" free="0" total="16187392" percent="0" />
    </mem>
    <mem type="tenure" free="1632072" total="19922944" percent="8">
      <mem type="soa" free="1433416" total="19724288" percent="7" />
      <mem type="loa" free="198656" total="198656" percent="100" />
    </mem>
    <remembered-set count="149" />
  </mem-info>
</gc-start>
<allocation-stats totalBytes="145114952" >
  <allocated-bytes non-tlh="80" tlh="145114872" />
  <largest-consumer threadName="main" threadId="0000000001164F00" bytes="145114952" />
</allocation-stats>
<gc-op id="4375" type="scavenge" timems="1.672" contextid="4372" timestamp="2019-08-09T18:06:59.498">
  <scavenger-info tenureage="3" tenuremask="ffe8" tiltratio="89" />
  <memory-copied type="nursery" objects="125" bytes="3296" bytesdiscarded="28960" />
  <memory-copied type="tenure" objects="6" bytes="144" bytesdiscarded="0" />
</gc-op>
<gc-end id="4376" type="scavenge" contextid="4372" durationms="1.897" usertimems="3.076" systemtimems="0.000" timestamp="2019-08-09T18:06:59.499" activeThreads="16">
  <mem-info id="4377" free="146745928" total="181272576" percent="80">
    <mem type="nursery" free="145129984" total="161349632" percent="89">
      <mem type="allocate" free="145129984" total="145162240" percent="99" />
      <mem type="survivor" free="0" total="16187392" percent="0" />
    </mem>
    <mem type="tenure" free="1615944" total="19922944" percent="8" macro-fragmented="10920">
      <mem type="soa" free="1417288" total="19724288" percent="7" />
      <mem type="loa" free="198656" total="198656" percent="100" />
    </mem>
    <remembered-set count="147" />
  </mem-info>
</gc-end>
<cycle-end id="4378" type="scavenge" contextid="4372" timestamp="2019-08-09T18:06:59.499" />
  <attribute name="elasticGC enabled" value="1" />
  <attribute name= "numThreadsSpecified" value="16" />
  <attribute name="heapSize specified" value="49152000" />
  <attribute name="Current GC Util" value="2" />
  <attribute name= "Current Time Running" value="155366" />
  <attribute name ="GC Interval" value="2193" />
  <attribute name="Target GC Util Change" value ="80.000000" />
  <attribute name="Current GC Util Change" value="2.000000"/>
  <attribute name="Current Error" value="157.000000" />
  <attribute name="Output H" value="181348440"/>
  <attribute name="Output I" value="2192"/>
  <attribute name="Output T" value="16"/>
  <attribute name= "Current Time Running" value="155366" />
  <attribute name="GC Util currently" value="2" />
  <attribute name="CPU Util currently" value="6648769669" />
<allocation-satisfied id="4379" threadId="0000000001164F00" bytesRequested="40" />
<af-end id="4380" timestamp="2019-08-09T18:06:59.499" threadId="0000000001165888" success="true" from="nursery"/>
<exclusive-end id="4381" timestamp="2019-08-09T18:06:59.499" durationms="2.308" />

<exclusive-start id="4382" timestamp="2019-08-09T18:06:59.712" intervalms="215.475">
  <response-info timems="0.022" idlems="0.022" threads="0" lastid="0000000001164F00" lastname="main" />
</exclusive-start>
<af-start id="4383" threadId="0000000001165888" totalBytesRequested="24" timestamp="2019-08-09T18:06:59.712" intervalms="215.477" type="nursery" />
<cycle-start id="4384" type="scavenge" contextid="0" timestamp="2019-08-09T18:06:59.712" intervalms="215.476" />
<gc-start id="4385" type="scavenge" contextid="4384" timestamp="2019-08-09T18:06:59.712">
  <mem-info id="4386" free="1615944" total="181272576" percent="0">
    <mem type="nursery" free="0" total="161349632" percent="0">
      <mem type="allocate" free="0" total="145162240" percent="0" />
      <mem type="survivor" free="0" total="16187392" percent="0" />
    </mem>
    <mem type="tenure" free="1615944" total="19922944" percent="8">
      <mem type="soa" free="1417288" total="19724288" percent="7" />
      <mem type="loa" free="198656" total="198656" percent="100" />
    </mem>
    <remembered-set count="161" />
  </mem-info>
</gc-start>
<allocation-stats totalBytes="145119416" >
  <allocated-bytes non-tlh="40" tlh="145119376" />
  <largest-consumer threadName="main" threadId="0000000001164F00" bytes="145119416" />
</allocation-stats>
<gc-op id="4387" type="scavenge" timems="0.718" contextid="4384" timestamp="2019-08-09T18:06:59.713">
  <scavenger-info tenureage="3" tenuremask="ffe8" tiltratio="89" />
  <memory-copied type="nursery" objects="124" bytes="3224" bytesdiscarded="29032" />
  <memory-copied type="tenure" objects="36" bytes="864" bytesdiscarded="0" />
</gc-op>
<gc-end id="4388" type="scavenge" contextid="4384" durationms="0.916" usertimems="1.442" systemtimems="0.000" timestamp="2019-08-09T18:06:59.713" activeThreads="16">
  <mem-info id="4389" free="146745928" total="181272576" percent="80">
    <mem type="nursery" free="145129984" total="161349632" percent="89">
      <mem type="allocate" free="145129984" total="145162240" percent="99" />
      <mem type="survivor" free="0" total="16187392" percent="0" />
    </mem>
    <mem type="tenure" free="1615944" total="19922944" percent="8" macro-fragmented="0">
      <mem type="soa" free="1417288" total="19724288" percent="7" />
      <mem type="loa" free="198656" total="198656" percent="100" />
    </mem>
    <remembered-set count="149" />
  </mem-info>
</gc-end>
<cycle-end id="4390" type="scavenge" contextid="4384" timestamp="2019-08-09T18:06:59.713" />
  <attribute name="elasticGC enabled" value="1" />
  <attribute name= "numThreadsSpecified" value="16" />
  <attribute name="heapSize specified" value="49152000" />
  <attribute name="Current GC Util" value="1" />
  <attribute name= "Current Time Running" value="155582" />
  <attribute name ="GC Interval" value="2281" />
  <attribute name="Target GC Util Change" value ="80.000000" />
  <attribute name="Current GC Util Change" value="1.000000"/>
  <attribute name="Current Error" value="236.000000" />
  <attribute name="Output H" value="181348528"/>
  <attribute name="Output I" value="2280"/>
  <attribute name="Output T" value="16"/>
  <attribute name= "Current Time Running" value="155582" />
  <attribute name="GC Util currently" value="1" />
  <attribute name="CPU Util currently" value="5350461397" />
<allocation-satisfied id="4391" threadId="0000000001164F00" bytesRequested="24" />
<af-end id="4392" timestamp="2019-08-09T18:06:59.713" threadId="0000000001165888" success="true" from="nursery"/>
<exclusive-end id="4393" timestamp="2019-08-09T18:06:59.713" durationms="1.137" />

<exclusive-start id="4394" timestamp="2019-08-09T18:06:59.903" intervalms="190.784">
  <response-info timems="0.050" idlems="0.050" threads="0" lastid="0000000001164F00" lastname="main" />
</exclusive-start>
<af-start id="4395" threadId="0000000001165888" totalBytesRequested="48" timestamp="2019-08-09T18:06:59.903" intervalms="190.788" type="nursery" />
<cycle-start id="4396" type="scavenge" contextid="0" timestamp="2019-08-09T18:06:59.903" intervalms="190.790" />
<gc-start id="4397" type="scavenge" contextid="4396" timestamp="2019-08-09T18:06:59.903">
  <mem-info id="4398" free="1615944" total="181272576" percent="0">
    <mem type="nursery" free="0" total="161349632" percent="0">
      <mem type="allocate" free="0" total="145162240" percent="0" />
      <mem type="survivor" free="0" total="16187392" percent="0" />
    </mem>
    <mem type="tenure" free="1615944" total="19922944" percent="8">
      <mem type="soa" free="1417288" total="19724288" percent="7" />
      <mem type="loa" free="198656" total="198656" percent="100" />
    </mem>
    <remembered-set count="159" />
  </mem-info>
</gc-start>
<allocation-stats totalBytes="145105560" >
  <allocated-bytes non-tlh="24" tlh="145105536" />
  <largest-consumer threadName="main" threadId="0000000001164F00" bytes="145105560" />
</allocation-stats>
<gc-op id="4399" type="scavenge" timems="2.179" contextid="4396" timestamp="2019-08-09T18:06:59.905">
  <scavenger-info tenureage="3" tenuremask="ffe8" tiltratio="89" />
  <memory-copied type="nursery" objects="126" bytes="3968" bytesdiscarded="28288" />
  <memory-copied type="tenure" objects="40" bytes="1032" bytesdiscarded="0" />
</gc-op>
<gc-end id="4400" type="scavenge" contextid="4396" durationms="2.381" usertimems="4.609" systemtimems="0.000" timestamp="2019-08-09T18:06:59.905" activeThreads="16">
  <mem-info id="4401" free="146745928" total="181272576" percent="80">
    <mem type="nursery" free="145129984" total="161349632" percent="89">
      <mem type="allocate" free="145129984" total="145162240" percent="99" />
      <mem type="survivor" free="0" total="16187392" percent="0" />
    </mem>
    <mem type="tenure" free="1615944" total="19922944" percent="8" macro-fragmented="723458">
      <mem type="soa" free="1417288" total="19724288" percent="7" />
      <mem type="loa" free="198656" total="198656" percent="100" />
    </mem>
    <remembered-set count="144" />
  </mem-info>
</gc-end>
<cycle-end id="4402" type="scavenge" contextid="4396" timestamp="2019-08-09T18:06:59.905" />
  <attribute name="elasticGC enabled" value="1" />
  <attribute name= "numThreadsSpecified" value="16" />
  <attribute name="heapSize specified" value="49152000" />
  <attribute name="Current GC Util" value="0" />
  <attribute name= "Current Time Running" value="155773" />
  <attribute name ="GC Interval" value="2377" />
  <attribute name="Target GC Util Change" value ="80.000000" />
  <attribute name="Current GC Util Change" value="0.000000"/>
  <attribute name="Current Error" value="316.000000" />
  <attribute name="Output H" value="181348624"/>
  <attribute name="Output I" value="2376"/>
  <attribute name="Output T" value="16"/>
  <attribute name= "Current Time Running" value="155773" />
  <attribute name="GC Util currently" value="0" />
  <attribute name="CPU Util currently" value="6042897926" />
<allocation-satisfied id="4403" threadId="0000000001164F00" bytesRequested="48" />
<af-end id="4404" timestamp="2019-08-09T18:06:59.905" threadId="0000000001165888" success="true" from="nursery"/>
<exclusive-end id="4405" timestamp="2019-08-09T18:06:59.905" durationms="2.675" />

<exclusive-start id="4406" timestamp="2019-08-09T18:07:00.061" intervalms="158.534">
  <response-info timems="0.021" idlems="0.021" threads="0" lastid="0000000001164F00" lastname="main" />
</exclusive-start>
<af-start id="4407" threadId="0000000001165888" totalBytesRequested="24" timestamp="2019-08-09T18:07:00.061" intervalms="158.536" type="nursery" />
<cycle-start id="4408" type="scavenge" contextid="0" timestamp="2019-08-09T18:07:00.061" intervalms="158.541" />
<gc-start id="4409" type="scavenge" contextid="4408" timestamp="2019-08-09T18:07:00.061">
  <mem-info id="4410" free="1615944" total="181272576" percent="0">
    <mem type="nursery" free="0" total="161349632" percent="0">
      <mem type="allocate" free="0" total="145162240" percent="0" />
      <mem type="survivor" free="0" total="16187392" percent="0" />
    </mem>
    <mem type="tenure" free="1615944" total="19922944" percent="8">
      <mem type="soa" free="1417288" total="19724288" percent="7" />
      <mem type="loa" free="198656" total="198656" percent="100" />
    </mem>
    <remembered-set count="149" />
  </mem-info>
</gc-start>
<allocation-stats totalBytes="144999712" >
  <allocated-bytes non-tlh="48" tlh="144999664" />
  <largest-consumer threadName="main" threadId="0000000001164F00" bytes="144999712" />
</allocation-stats>
<gc-op id="4411" type="scavenge" timems="3.777" contextid="4408" timestamp="2019-08-09T18:07:00.065">
  <scavenger-info tenureage="3" tenuremask="ffe8" tiltratio="89" />
  <memory-copied type="nursery" objects="104" bytes="3216" bytesdiscarded="52848" />
  <memory-copied type="tenure" objects="25" bytes="624" bytesdiscarded="0" />
  <references type="weak" candidates="2" cleared="0" enqueued="0" />
</gc-op>
<gc-end id="4412" type="scavenge" contextid="4408" durationms="3.984" usertimems="6.967" systemtimems="0.000" timestamp="2019-08-09T18:07:00.065" activeThreads="16">
  <mem-info id="4413" free="146722120" total="181272576" percent="80">
    <mem type="nursery" free="145106176" total="161349632" percent="89">
      <mem type="allocate" free="145106176" total="145162240" percent="99" />
      <mem type="survivor" free="0" total="16187392" percent="0" />
    </mem>
    <mem type="tenure" free="1615944" total="19922944" percent="8" macro-fragmented="12312">
      <mem type="soa" free="1417288" total="19724288" percent="7" />
      <mem type="loa" free="198656" total="198656" percent="100" />
    </mem>
    <remembered-set count="140" />
  </mem-info>
</gc-end>
<cycle-end id="4414" type="scavenge" contextid="4408" timestamp="2019-08-09T18:07:00.066" />
  <attribute name="elasticGC enabled" value="1" />
  <attribute name= "numThreadsSpecified" value="16" />
  <attribute name="heapSize specified" value="49152000" />
  <attribute name="Current GC Util" value="2" />
  <attribute name= "Current Time Running" value="155931" />
  <attribute name ="GC Interval" value="2465" />
  <attribute name="Target GC Util Change" value ="80.000000" />
  <attribute name="Current GC Util Change" value="2.000000"/>
  <attribute name="Current Error" value="394.000000" />
  <attribute name="Output H" value="181348712"/>
  <attribute name="Output I" value="2464"/>
  <attribute name="Output T" value="16"/>
  <attribute name= "Current Time Running" value="155931" />
  <attribute name="GC Util currently" value="2" />
  <attribute name="CPU Util currently" value="7271122987" />
<allocation-satisfied id="4415" threadId="0000000001164F00" bytesRequested="24" />
<af-end id="4416" timestamp="2019-08-09T18:07:00.066" threadId="0000000001165888" success="true" from="nursery"/>
<exclusive-end id="4417" timestamp="2019-08-09T18:07:00.066" durationms="4.233" />

<exclusive-start id="4418" timestamp="2019-08-09T18:07:00.108" intervalms="46.450">
  <response-info timems="0.014" idlems="0.014" threads="0" lastid="0000000001164F00" lastname="main" />
</exclusive-start>
<af-start id="4419" threadId="0000000001165888" totalBytesRequested="24" timestamp="2019-08-09T18:07:00.108" intervalms="46.490" type="nursery" />
<cycle-start id="4420" type="scavenge" contextid="0" timestamp="2019-08-09T18:07:00.108" intervalms="46.489" />
<gc-start id="4421" type="scavenge" contextid="4420" timestamp="2019-08-09T18:07:00.108">
  <mem-info id="4422" free="1615944" total="181272576" percent="0">
    <mem type="nursery" free="0" total="161349632" percent="0">
      <mem type="allocate" free="0" total="145162240" percent="0" />
      <mem type="survivor" free="0" total="16187392" percent="0" />
    </mem>
    <mem type="tenure" free="1615944" total="19922944" percent="8">
      <mem type="soa" free="1417288" total="19724288" percent="7" />
      <mem type="loa" free="198656" total="198656" percent="100" />
    </mem>
    <remembered-set count="144" />
  </mem-info>
</gc-start>
<allocation-stats totalBytes="144854080" >
  <allocated-bytes non-tlh="24" tlh="144854056" />
  <largest-consumer threadName="main" threadId="0000000001164F00" bytes="144854080" />
</allocation-stats>
<gc-op id="4423" type="scavenge" timems="3.060" contextid="4420" timestamp="2019-08-09T18:07:00.111">
  <scavenger-info tenureage="3" tenuremask="ffe8" tiltratio="89" />
  <memory-copied type="nursery" objects="81" bytes="3000" bytesdiscarded="53064" />
  <memory-copied type="tenure" objects="42" bytes="1008" bytesdiscarded="0" />
  <references type="weak" candidates="2" cleared="0" enqueued="0" />
</gc-op>
<gc-end id="4424" type="scavenge" contextid="4420" durationms="3.295" usertimems="6.196" systemtimems="0.000" timestamp="2019-08-09T18:07:00.111" activeThreads="16">
  <mem-info id="4425" free="146722120" total="181272576" percent="80">
    <mem type="nursery" free="145106176" total="161349632" percent="89">
      <mem type="allocate" free="145106176" total="145162240" percent="99" />
      <mem type="survivor" free="0" total="16187392" percent="0" />
    </mem>
    <mem type="tenure" free="1615944" total="19922944" percent="8" macro-fragmented="723458">
      <mem type="soa" free="1417288" total="19724288" percent="7" />
      <mem type="loa" free="198656" total="198656" percent="100" />
    </mem>
    <remembered-set count="130" />
  </mem-info>
</gc-end>
<cycle-end id="4426" type="scavenge" contextid="4420" timestamp="2019-08-09T18:07:00.111" />
  <attribute name="elasticGC enabled" value="1" />
  <attribute name= "numThreadsSpecified" value="16" />
  <attribute name="heapSize specified" value="49152000" />
  <attribute name="Current GC Util" value="13" />
  <attribute name= "Current Time Running" value="155978" />
  <attribute name ="GC Interval" value="2545" />
  <attribute name="Target GC Util Change" value ="80.000000" />
  <attribute name="Current GC Util Change" value="13.000000"/>
  <attribute name="Current Error" value="461.000000" />
  <attribute name="Output H" value="181348792"/>
  <attribute name="Output I" value="2544"/>
  <attribute name="Output T" value="16"/>
  <attribute name= "Current Time Running" value="155978" />
  <attribute name="GC Util currently" value="13" />
  <attribute name="CPU Util currently" value="24797446839" />
<allocation-satisfied id="4427" threadId="0000000001164F00" bytesRequested="24" />
<af-end id="4428" timestamp="2019-08-09T18:07:00.111" threadId="0000000001165888" success="true" from="nursery"/>
<exclusive-end id="4429" timestamp="2019-08-09T18:07:00.111" durationms="3.622" />

<exclusive-start id="4430" timestamp="2019-08-09T18:07:00.281" intervalms="173.377">
  <response-info timems="0.020" idlems="0.020" threads="0" lastid="0000000001164F00" lastname="main" />
</exclusive-start>
<af-start id="4431" threadId="0000000001165888" totalBytesRequested="16" timestamp="2019-08-09T18:07:00.281" intervalms="173.328" type="nursery" />
<cycle-start id="4432" type="scavenge" contextid="0" timestamp="2019-08-09T18:07:00.281" intervalms="173.321" />
<gc-start id="4433" type="scavenge" contextid="4432" timestamp="2019-08-09T18:07:00.281">
  <mem-info id="4434" free="1615944" total="181272576" percent="0">
    <mem type="nursery" free="0" total="161349632" percent="0">
      <mem type="allocate" free="0" total="145162240" percent="0" />
      <mem type="survivor" free="0" total="16187392" percent="0" />
    </mem>
    <mem type="tenure" free="1615944" total="19922944" percent="8">
      <mem type="soa" free="1417288" total="19724288" percent="7" />
      <mem type="loa" free="198656" total="198656" percent="100" />
    </mem>
    <remembered-set count="134" />
  </mem-info>
</gc-start>
<allocation-stats totalBytes="144980200" >
  <allocated-bytes non-tlh="24" tlh="144980176" />
  <largest-consumer threadName="main" threadId="0000000001164F00" bytes="144980200" />
</allocation-stats>
<gc-op id="4435" type="scavenge" timems="1.028" contextid="4432" timestamp="2019-08-09T18:07:00.282">
  <scavenger-info tenureage="3" tenuremask="ffe8" tiltratio="89" />
  <memory-copied type="nursery" objects="68" bytes="6992" bytesdiscarded="49072" />
  <memory-copied type="tenure" objects="30" bytes="720" bytesdiscarded="0" />
  <references type="weak" candidates="2" cleared="0" enqueued="0" />
</gc-op>
<gc-end id="4436" type="scavenge" contextid="4432" durationms="1.226" usertimems="2.240" systemtimems="0.000" timestamp="2019-08-09T18:07:00.283" activeThreads="16">
  <mem-info id="4437" free="146722120" total="181272576" percent="80">
    <mem type="nursery" free="145106176" total="161349632" percent="89">
      <mem type="allocate" free="145106176" total="145162240" percent="99" />
      <mem type="survivor" free="0" total="16187392" percent="0" />
    </mem>
    <mem type="tenure" free="1615944" total="19922944" percent="8" macro-fragmented="9100">
      <mem type="soa" free="1417288" total="19724288" percent="7" />
      <mem type="loa" free="198656" total="198656" percent="100" />
    </mem>
    <remembered-set count="124" />
  </mem-info>
</gc-end>
<cycle-end id="4438" type="scavenge" contextid="4432" timestamp="2019-08-09T18:07:00.283" />
  <attribute name="elasticGC enabled" value="1" />
  <attribute name= "numThreadsSpecified" value="16" />
  <attribute name="heapSize specified" value="49152000" />
  <attribute name="Current GC Util" value="3" />
  <attribute name= "Current Time Running" value="156151" />
  <attribute name ="GC Interval" value="2097" />
  <attribute name="Target GC Util Change" value ="80.000000" />
  <attribute name="Current GC Util Change" value="3.000000"/>
  <attribute name="Current Error" value="77.000000" />
  <attribute name="Output H" value="181348344"/>
  <attribute name="Output I" value="2096"/>
  <attribute name="Output T" value="16"/>
  <attribute name= "Current Time Running" value="156151" />
  <attribute name="GC Util currently" value="3" />
  <attribute name="CPU Util currently" value="6652826888" />
<allocation-satisfied id="4439" threadId="0000000001164F00" bytesRequested="16" />
<af-end id="4440" timestamp="2019-08-09T18:07:00.283" threadId="0000000001165888" success="true" from="nursery"/>
<exclusive-end id="4441" timestamp="2019-08-09T18:07:00.283" durationms="1.431" />

<exclusive-start id="4442" timestamp="2019-08-09T18:07:00.554" intervalms="273.202">
  <response-info timems="0.015" idlems="0.015" threads="0" lastid="0000000001164F00" lastname="main" />
</exclusive-start>
<af-start id="4443" threadId="0000000001165888" totalBytesRequested="80" timestamp="2019-08-09T18:07:00.555" intervalms="273.304" type="nursery" />
<cycle-start id="4444" type="scavenge" contextid="0" timestamp="2019-08-09T18:07:00.555" intervalms="273.309" />
<gc-start id="4445" type="scavenge" contextid="4444" timestamp="2019-08-09T18:07:00.555">
  <mem-info id="4446" free="1615944" total="181272576" percent="0">
    <mem type="nursery" free="0" total="161349632" percent="0">
      <mem type="allocate" free="0" total="145162240" percent="0" />
      <mem type="survivor" free="0" total="16187392" percent="0" />
    </mem>
    <mem type="tenure" free="1615944" total="19922944" percent="8">
      <mem type="soa" free="1417288" total="19724288" percent="7" />
      <mem type="loa" free="198656" total="198656" percent="100" />
    </mem>
    <remembered-set count="128" />
  </mem-info>
</gc-start>
<allocation-stats totalBytes="145017272" >
  <allocated-bytes non-tlh="16" tlh="145017256" />
  <largest-consumer threadName="main" threadId="0000000001164F00" bytes="145017272" />
</allocation-stats>
<gc-op id="4447" type="scavenge" timems="3.320" contextid="4444" timestamp="2019-08-09T18:07:00.558">
  <scavenger-info tenureage="3" tenuremask="ffe8" tiltratio="89" />
  <memory-copied type="nursery" objects="55" bytes="1632" bytesdiscarded="30624" />
  <memory-copied type="tenure" objects="14" bytes="352" bytesdiscarded="0" />
</gc-op>
<gc-end id="4448" type="scavenge" contextid="4444" durationms="3.561" usertimems="6.478" systemtimems="0.000" timestamp="2019-08-09T18:07:00.558" activeThreads="16">
  <mem-info id="4449" free="146722120" total="181272576" percent="80">
    <mem type="nursery" free="145129984" total="161349632" percent="89">
      <mem type="allocate" free="145129984" total="145162240" percent="99" />
      <mem type="survivor" free="0" total="16187392" percent="0" />
    </mem>
    <mem type="tenure" free="1592136" total="19922944" percent="7" macro-fragmented="0">
      <mem type="soa" free="1393480" total="19724288" percent="7" />
      <mem type="loa" free="198656" total="198656" percent="100" />
    </mem>
    <remembered-set count="123" />
  </mem-info>
</gc-end>
<cycle-end id="4450" type="scavenge" contextid="4444" timestamp="2019-08-09T18:07:00.558" />
  <attribute name="elasticGC enabled" value="1" />
  <attribute name= "numThreadsSpecified" value="16" />
  <attribute name="heapSize specified" value="49152000" />
  <attribute name="Current GC Util" value="0" />
  <attribute name= "Current Time Running" value="156424" />
  <attribute name ="GC Interval" value="2193" />
  <attribute name="Target GC Util Change" value ="80.000000" />
  <attribute name="Current GC Util Change" value="0.000000"/>
  <attribute name="Current Error" value="157.000000" />
  <attribute name="Output H" value="181348440"/>
  <attribute name="Output I" value="2192"/>
  <attribute name="Output T" value="16"/>
  <attribute name= "Current Time Running" value="156424" />
  <attribute name="GC Util currently" value="0" />
  <attribute name="CPU Util currently" value="4218564599" />
<allocation-satisfied id="4451" threadId="0000000001164F00" bytesRequested="80" />
<af-end id="4452" timestamp="2019-08-09T18:07:00.558" threadId="0000000001165888" success="true" from="nursery"/>
<exclusive-end id="4453" timestamp="2019-08-09T18:07:00.558" durationms="3.892" />

<exclusive-start id="4454" timestamp="2019-08-09T18:07:00.783" intervalms="228.670">
  <response-info timems="0.025" idlems="0.025" threads="0" lastid="0000000001164F00" lastname="main" />
</exclusive-start>
<af-start id="4455" threadId="0000000001165888" totalBytesRequested="544" timestamp="2019-08-09T18:07:00.783" intervalms="228.584" type="nursery" />
<cycle-start id="4456" type="scavenge" contextid="0" timestamp="2019-08-09T18:07:00.783" intervalms="228.585" />
<gc-start id="4457" type="scavenge" contextid="4456" timestamp="2019-08-09T18:07:00.783">
  <mem-info id="4458" free="1592136" total="181272576" percent="0">
    <mem type="nursery" free="0" total="161349632" percent="0">
      <mem type="allocate" free="0" total="145162240" percent="0" />
      <mem type="survivor" free="0" total="16187392" percent="0" />
    </mem>
    <mem type="tenure" free="1592136" total="19922944" percent="7">
      <mem type="soa" free="1393480" total="19724288" percent="7" />
      <mem type="loa" free="198656" total="198656" percent="100" />
    </mem>
    <remembered-set count="125" />
  </mem-info>
</gc-start>
<allocation-stats totalBytes="145084872" >
  <allocated-bytes non-tlh="80" tlh="145084792" />
  <largest-consumer threadName="main" threadId="0000000001164F00" bytes="145084872" />
</allocation-stats>
<gc-op id="4459" type="scavenge" timems="1.041" contextid="4456" timestamp="2019-08-09T18:07:00.784">
  <scavenger-info tenureage="3" tenuremask="ffe8" tiltratio="89" />
  <memory-copied type="nursery" objects="49" bytes="1904" bytesdiscarded="30352" />
  <memory-copied type="tenure" objects="12" bytes="288" bytesdiscarded="0" />
</gc-op>
<gc-end id="4460" type="scavenge" contextid="4456" durationms="1.245" usertimems="2.222" systemtimems="0.000" timestamp="2019-08-09T18:07:00.784" activeThreads="16">
  <mem-info id="4461" free="146722120" total="181272576" percent="80">
    <mem type="nursery" free="145129984" total="161349632" percent="89">
      <mem type="allocate" free="145129984" total="145162240" percent="99" />
      <mem type="survivor" free="0" total="16187392" percent="0" />
    </mem>
    <mem type="tenure" free="1592136" total="19922944" percent="7" macro-fragmented="0">
      <mem type="soa" free="1393480" total="19724288" percent="7" />
      <mem type="loa" free="198656" total="198656" percent="100" />
    </mem>
    <remembered-set count="121" />
  </mem-info>
</gc-end>
<cycle-end id="4462" type="scavenge" contextid="4456" timestamp="2019-08-09T18:07:00.785" />
  <attribute name="elasticGC enabled" value="1" />
  <attribute name= "numThreadsSpecified" value="16" />
  <attribute name="heapSize specified" value="49152000" />
  <attribute name="Current GC Util" value="2" />
  <attribute name= "Current Time Running" value="156653" />
  <attribute name ="GC Interval" value="2281" />
  <attribute name="Target GC Util Change" value ="80.000000" />
  <attribute name="Current GC Util Change" value="2.000000"/>
  <attribute name="Current Error" value="235.000000" />
  <attribute name="Output H" value="181348528"/>
  <attribute name="Output I" value="2280"/>
  <attribute name="Output T" value="16"/>
  <attribute name= "Current Time Running" value="156653" />
  <attribute name="GC Util currently" value="2" />
  <attribute name="CPU Util currently" value="5043248945" />
<allocation-satisfied id="4463" threadId="0000000001164F00" bytesRequested="544" />
<af-end id="4464" timestamp="2019-08-09T18:07:00.785" threadId="0000000001165888" success="true" from="nursery"/>
<exclusive-end id="4465" timestamp="2019-08-09T18:07:00.785" durationms="1.493" />

<exclusive-start id="4466" timestamp="2019-08-09T18:07:00.809" intervalms="25.532">
  <response-info timems="0.023" idlems="0.023" threads="0" lastid="0000000001164F00" lastname="main" />
</exclusive-start>
<af-start id="4467" threadId="0000000001165888" totalBytesRequested="488" timestamp="2019-08-09T18:07:00.809" intervalms="25.532" type="nursery" />
<cycle-start id="4468" type="scavenge" contextid="0" timestamp="2019-08-09T18:07:00.809" intervalms="25.529" />
<gc-start id="4469" type="scavenge" contextid="4468" timestamp="2019-08-09T18:07:00.809">
  <mem-info id="4470" free="1592136" total="181272576" percent="0">
    <mem type="nursery" free="0" total="161349632" percent="0">
      <mem type="allocate" free="0" total="145162240" percent="0" />
      <mem type="survivor" free="0" total="16187392" percent="0" />
    </mem>
    <mem type="tenure" free="1592136" total="19922944" percent="7">
      <mem type="soa" free="1393480" total="19724288" percent="7" />
      <mem type="loa" free="198656" total="198656" percent="100" />
    </mem>
    <remembered-set count="121" />
  </mem-info>
</gc-start>
<allocation-stats totalBytes="144929144" >
  <allocated-bytes non-tlh="544" tlh="144928600" />
  <largest-consumer threadName="main" threadId="0000000001164F00" bytes="144929144" />
</allocation-stats>
<gc-op id="4471" type="scavenge" timems="1.663" contextid="4468" timestamp="2019-08-09T18:07:00.810">
  <scavenger-info tenureage="3" tenuremask="ffe8" tiltratio="89" />
  <memory-copied type="nursery" objects="37" bytes="1616" bytesdiscarded="30640" />
  <memory-copied type="tenure" objects="12" bytes="288" bytesdiscarded="0" />
</gc-op>
<gc-end id="4472" type="scavenge" contextid="4468" durationms="1.810" usertimems="4.810" systemtimems="0.000" timestamp="2019-08-09T18:07:00.811" activeThreads="16">
  <mem-info id="4473" free="146722120" total="181272576" percent="80">
    <mem type="nursery" free="145129984" total="161349632" percent="89">
      <mem type="allocate" free="145129984" total="145162240" percent="99" />
      <mem type="survivor" free="0" total="16187392" percent="0" />
    </mem>
    <mem type="tenure" free="1592136" total="19922944" percent="7" macro-fragmented="868149">
      <mem type="soa" free="1393480" total="19724288" percent="7" />
      <mem type="loa" free="198656" total="198656" percent="100" />
    </mem>
    <remembered-set count="117" />
  </mem-info>
</gc-end>
<cycle-end id="4474" type="scavenge" contextid="4468" timestamp="2019-08-09T18:07:00.811" />
  <attribute name="elasticGC enabled" value="1" />
  <attribute name= "numThreadsSpecified" value="16" />
  <attribute name="heapSize specified" value="49152000" />
  <attribute name="Current GC Util" value="9" />
  <attribute name= "Current Time Running" value="156678" />
  <attribute name ="GC Interval" value="2369" />
  <attribute name="Target GC Util Change" value ="80.000000" />
  <attribute name="Current GC Util Change" value="9.000000"/>
  <attribute name="Current Error" value="306.000000" />
  <attribute name="Output H" value="181348616"/>
  <attribute name="Output I" value="2368"/>
  <attribute name="Output T" value="16"/>
  <attribute name= "Current Time Running" value="156678" />
  <attribute name="GC Util currently" value="9" />
  <attribute name="CPU Util currently" value="45152668239" />
<allocation-satisfied id="4475" threadId="0000000001164F00" bytesRequested="488" />
<af-end id="4476" timestamp="2019-08-09T18:07:00.811" threadId="0000000001165888" success="true" from="nursery"/>
<exclusive-end id="4477" timestamp="2019-08-09T18:07:00.811" durationms="2.048" />

* Round 3 done in 2.521 seconds.
<exclusive-start id="4478" timestamp="2019-08-09T18:07:01.047" intervalms="238.078">
  <response-info timems="0.017" idlems="0.017" threads="0" lastid="0000000001164F00" lastname="main" />
</exclusive-start>
<af-start id="4479" threadId="0000000001165888" totalBytesRequested="1168" timestamp="2019-08-09T18:07:01.047" intervalms="238.071" type="nursery" />
<cycle-start id="4480" type="scavenge" contextid="0" timestamp="2019-08-09T18:07:01.047" intervalms="238.070" />
<gc-start id="4481" type="scavenge" contextid="4480" timestamp="2019-08-09T18:07:01.047">
  <mem-info id="4482" free="1592136" total="181272576" percent="0">
    <mem type="nursery" free="0" total="161349632" percent="0">
      <mem type="allocate" free="0" total="145162240" percent="0" />
      <mem type="survivor" free="0" total="16187392" percent="0" />
    </mem>
    <mem type="tenure" free="1592136" total="19922944" percent="7">
      <mem type="soa" free="1393480" total="19724288" percent="7" />
      <mem type="loa" free="198656" total="198656" percent="100" />
    </mem>
    <remembered-set count="138" />
  </mem-info>
</gc-start>
<allocation-stats totalBytes="144861328" >
  <allocated-bytes non-tlh="488" tlh="144860840" />
  <largest-consumer threadName="main" threadId="0000000001164F00" bytes="144861328" />
</allocation-stats>
<gc-op id="4483" type="scavenge" timems="1.438" contextid="4480" timestamp="2019-08-09T18:07:01.048">
  <scavenger-info tenureage="3" tenuremask="ffe8" tiltratio="89" />
  <memory-copied type="nursery" objects="94" bytes="3728" bytesdiscarded="12400" />
  <memory-copied type="tenure" objects="12" bytes="288" bytesdiscarded="0" />
</gc-op>
<gc-end id="4484" type="scavenge" contextid="4480" durationms="1.630" usertimems="3.360" systemtimems="0.000" timestamp="2019-08-09T18:07:01.048" activeThreads="16">
  <mem-info id="4485" free="146738248" total="181272576" percent="80">
    <mem type="nursery" free="145146112" total="161349632" percent="89">
      <mem type="allocate" free="145146112" total="145162240" percent="99" />
      <mem type="survivor" free="0" total="16187392" percent="0" />
    </mem>
    <mem type="tenure" free="1592136" total="19922944" percent="7" macro-fragmented="0">
      <mem type="soa" free="1393480" total="19724288" percent="7" />
      <mem type="loa" free="198656" total="198656" percent="100" />
    </mem>
    <remembered-set count="134" />
  </mem-info>
</gc-end>
<cycle-end id="4486" type="scavenge" contextid="4480" timestamp="2019-08-09T18:07:01.048" />
  <attribute name="elasticGC enabled" value="1" />
  <attribute name= "numThreadsSpecified" value="16" />
  <attribute name="heapSize specified" value="49152000" />
  <attribute name="Current GC Util" value="2" />
  <attribute name= "Current Time Running" value="156916" />
  <attribute name ="GC Interval" value="2457" />
  <attribute name="Target GC Util Change" value ="80.000000" />
  <attribute name="Current GC Util Change" value="2.000000"/>
  <attribute name="Current Error" value="384.000000" />
  <attribute name="Output H" value="181348704"/>
  <attribute name="Output I" value="2456"/>
  <attribute name="Output T" value="16"/>
  <attribute name= "Current Time Running" value="156916" />
  <attribute name="GC Util currently" value="2" />
  <attribute name="CPU Util currently" value="4842842101" />
<allocation-satisfied id="4487" threadId="0000000001164F00" bytesRequested="1168" />
<af-end id="4488" timestamp="2019-08-09T18:07:01.049" threadId="0000000001165888" success="true" from="nursery"/>
<exclusive-end id="4489" timestamp="2019-08-09T18:07:01.049" durationms="1.856" />

<exclusive-start id="4490" timestamp="2019-08-09T18:07:01.065" intervalms="18.822">
  <response-info timems="0.022" idlems="0.022" threads="0" lastid="0000000001164F00" lastname="main" />
</exclusive-start>
<af-start id="4491" threadId="0000000001165888" totalBytesRequested="1168" timestamp="2019-08-09T18:07:01.066" intervalms="18.819" type="nursery" />
<cycle-start id="4492" type="scavenge" contextid="0" timestamp="2019-08-09T18:07:01.066" intervalms="18.821" />
<gc-start id="4493" type="scavenge" contextid="4492" timestamp="2019-08-09T18:07:01.066">
  <mem-info id="4494" free="1592136" total="181272576" percent="0">
    <mem type="nursery" free="0" total="161349632" percent="0">
      <mem type="allocate" free="0" total="145162240" percent="0" />
      <mem type="survivor" free="0" total="16187392" percent="0" />
    </mem>
    <mem type="tenure" free="1592136" total="19922944" percent="7">
      <mem type="soa" free="1393480" total="19724288" percent="7" />
      <mem type="loa" free="198656" total="198656" percent="100" />
    </mem>
    <remembered-set count="134" />
  </mem-info>
</gc-start>
<allocation-stats totalBytes="144667280" >
  <allocated-bytes non-tlh="1168" tlh="144666112" />
  <largest-consumer threadName="main" threadId="0000000001164F00" bytes="144667280" />
</allocation-stats>
<gc-op id="4495" type="scavenge" timems="1.819" contextid="4492" timestamp="2019-08-09T18:07:01.067">
  <scavenger-info tenureage="13" tenuremask="e000" tiltratio="89" />
  <memory-copied type="nursery" objects="94" bytes="3728" bytesdiscarded="28528" />
</gc-op>
<heap-resize id="4496" type="expand" space="nursery" amount="8912896" count="1" timems="0.021" reason="excessive time being spent scavenging" timestamp="2019-08-09T18:07:01.068" />
<gc-end id="4497" type="scavenge" contextid="4492" durationms="2.896" usertimems="5.045" systemtimems="0.000" timestamp="2019-08-09T18:07:01.068" activeThreads="16">
  <mem-info id="4498" free="154717512" total="190185472" percent="81">
    <mem type="nursery" free="153125376" total="170262528" percent="89">
      <mem type="allocate" free="153125376" total="153157632" percent="99" />
      <mem type="survivor" free="0" total="17104896" percent="0" />
    </mem>
    <mem type="tenure" free="1592136" total="19922944" percent="7" macro-fragmented="0">
      <mem type="soa" free="1393480" total="19724288" percent="7" />
      <mem type="loa" free="198656" total="198656" percent="100" />
    </mem>
    <remembered-set count="133" />
  </mem-info>
</gc-end>
<cycle-end id="4499" type="scavenge" contextid="4492" timestamp="2019-08-09T18:07:01.069" />
  <attribute name="elasticGC enabled" value="1" />
  <attribute name= "numThreadsSpecified" value="16" />
  <attribute name="heapSize specified" value="49152000" />
  <attribute name="Current GC Util" value="18" />
  <attribute name= "Current Time Running" value="156935" />
  <attribute name ="GC Interval" value="2529" />
  <attribute name="Target GC Util Change" value ="80.000000" />
  <attribute name="Current GC Util Change" value="18.000000"/>
  <attribute name="Current Error" value="446.000000" />
  <attribute name="Output H" value="181348776"/>
  <attribute name="Output I" value="2528"/>
  <attribute name="Output T" value="16"/>
  <attribute name= "Current Time Running" value="156935" />
  <attribute name="GC Util currently" value="18" />
  <attribute name="CPU Util currently" value="61302461244" />
<allocation-satisfied id="4500" threadId="0000000001164F00" bytesRequested="1168" />
<af-end id="4501" timestamp="2019-08-09T18:07:01.069" threadId="0000000001165888" success="true" from="nursery"/>
<exclusive-end id="4502" timestamp="2019-08-09T18:07:01.069" durationms="3.169" />

<exclusive-start id="4503" timestamp="2019-08-09T18:07:01.088" intervalms="22.973">
  <response-info timems="0.024" idlems="0.024" threads="0" lastid="0000000001164F00" lastname="main" />
</exclusive-start>
<af-start id="4504" threadId="0000000001165888" totalBytesRequested="1168" timestamp="2019-08-09T18:07:01.088" intervalms="22.970" type="nursery" />
<cycle-start id="4505" type="scavenge" contextid="0" timestamp="2019-08-09T18:07:01.089" intervalms="22.968" />
<gc-start id="4506" type="scavenge" contextid="4505" timestamp="2019-08-09T18:07:01.089">
  <mem-info id="4507" free="1592136" total="190185472" percent="0">
    <mem type="nursery" free="0" total="170262528" percent="0">
      <mem type="allocate" free="0" total="153157632" percent="0" />
      <mem type="survivor" free="0" total="17104896" percent="0" />
    </mem>
    <mem type="tenure" free="1592136" total="19922944" percent="7">
      <mem type="soa" free="1393480" total="19724288" percent="7" />
      <mem type="loa" free="198656" total="198656" percent="100" />
    </mem>
    <remembered-set count="133" />
  </mem-info>
</gc-start>
<allocation-stats totalBytes="152620448" >
  <allocated-bytes non-tlh="1168" tlh="152619280" />
  <largest-consumer threadName="main" threadId="0000000001164F00" bytes="152620448" />
</allocation-stats>
<gc-op id="4508" type="scavenge" timems="2.374" contextid="4505" timestamp="2019-08-09T18:07:01.091">
  <scavenger-info tenureage="14" tenuremask="c000" tiltratio="89" />
  <memory-copied type="nursery" objects="94" bytes="3728" bytesdiscarded="28528" />
</gc-op>
<heap-resize id="4509" type="expand" space="nursery" amount="6553600" count="1" timems="0.015" reason="excessive time being spent scavenging" timestamp="2019-08-09T18:07:01.091" />
<gc-end id="4510" type="scavenge" contextid="4505" durationms="2.585" usertimems="5.712" systemtimems="0.000" timestamp="2019-08-09T18:07:01.091" activeThreads="16">
  <mem-info id="4511" free="160681288" total="196739072" percent="81">
    <mem type="nursery" free="159089152" total="176816128" percent="89">
      <mem type="allocate" free="159089152" total="159121408" percent="99" />
      <mem type="survivor" free="0" total="17694720" percent="0" />
    </mem>
    <mem type="tenure" free="1592136" total="19922944" percent="7" macro-fragmented="602881">
      <mem type="soa" free="1393480" total="19724288" percent="7" />
      <mem type="loa" free="198656" total="198656" percent="100" />
    </mem>
    <remembered-set count="133" />
  </mem-info>
</gc-end>
<cycle-end id="4512" type="scavenge" contextid="4505" timestamp="2019-08-09T18:07:01.091" />
  <attribute name="elasticGC enabled" value="1" />
  <attribute name= "numThreadsSpecified" value="16" />
  <attribute name="heapSize specified" value="49152000" />
  <attribute name="Current GC Util" value="21" />
  <attribute name= "Current Time Running" value="156958" />
  <attribute name ="GC Interval" value="2081" />
  <attribute name="Target GC Util Change" value ="80.000000" />
  <attribute name="Current GC Util Change" value="21.000000"/>
  <attribute name="Current Error" value="59.000000" />
  <attribute name="Output H" value="190261224"/>
  <attribute name="Output I" value="2080"/>
  <attribute name="Output T" value="16"/>
  <attribute name= "Current Time Running" value="156958" />
  <attribute name="GC Util currently" value="21" />
  <attribute name="CPU Util currently" value="50083801932" />
<allocation-satisfied id="4513" threadId="0000000001164F00" bytesRequested="1168" />
<af-end id="4514" timestamp="2019-08-09T18:07:01.091" threadId="0000000001165888" success="true" from="nursery"/>
<exclusive-end id="4515" timestamp="2019-08-09T18:07:01.091" durationms="2.810" />

<exclusive-start id="4516" timestamp="2019-08-09T18:07:01.109" intervalms="20.194">
  <response-info timems="0.021" idlems="0.021" threads="0" lastid="0000000001164F00" lastname="main" />
</exclusive-start>
<af-start id="4517" threadId="0000000001165888" totalBytesRequested="1168" timestamp="2019-08-09T18:07:01.109" intervalms="20.192" type="nursery" />
<cycle-start id="4518" type="scavenge" contextid="0" timestamp="2019-08-09T18:07:01.109" intervalms="20.190" />
<gc-start id="4519" type="scavenge" contextid="4518" timestamp="2019-08-09T18:07:01.109">
  <mem-info id="4520" free="1592136" total="196739072" percent="0">
    <mem type="nursery" free="0" total="176816128" percent="0">
      <mem type="allocate" free="0" total="159121408" percent="0" />
      <mem type="survivor" free="0" total="17694720" percent="0" />
    </mem>
    <mem type="tenure" free="1592136" total="19922944" percent="7">
      <mem type="soa" free="1393480" total="19724288" percent="7" />
      <mem type="loa" free="198656" total="198656" percent="100" />
    </mem>
    <remembered-set count="133" />
  </mem-info>
</gc-start>
<allocation-stats totalBytes="158564712" >
  <allocated-bytes non-tlh="1168" tlh="158563544" />
  <largest-consumer threadName="main" threadId="0000000001164F00" bytes="158564712" />
</allocation-stats>
<gc-op id="4521" type="scavenge" timems="0.912" contextid="4518" timestamp="2019-08-09T18:07:01.110">
  <scavenger-info tenureage="3" tenuremask="e028" tiltratio="89" />
  <memory-copied type="nursery" objects="2" bytes="56" bytesdiscarded="32200" />
  <memory-copied type="tenure" objects="92" bytes="3672" bytesdiscarded="0" />
</gc-op>
<gc-end id="4522" type="scavenge" contextid="4518" durationms="1.163" usertimems="2.058" systemtimems="0.000" timestamp="2019-08-09T18:07:01.110" activeThreads="16">
  <mem-info id="4523" free="160681288" total="196739072" percent="81">
    <mem type="nursery" free="159089152" total="176816128" percent="89">
      <mem type="allocate" free="159089152" total="159121408" percent="99" />
      <mem type="survivor" free="0" total="17694720" percent="0" />
    </mem>
    <mem type="tenure" free="1592136" total="19922944" percent="7" macro-fragmented="0">
      <mem type="soa" free="1393480" total="19724288" percent="7" />
      <mem type="loa" free="198656" total="198656" percent="100" />
    </mem>
    <remembered-set count="120" />
  </mem-info>
</gc-end>
<cycle-end id="4524" type="scavenge" contextid="4518" timestamp="2019-08-09T18:07:01.110" />
  <attribute name="elasticGC enabled" value="1" />
  <attribute name= "numThreadsSpecified" value="16" />
  <attribute name="heapSize specified" value="49152000" />
  <attribute name="Current GC Util" value="27" />
  <attribute name= "Current Time Running" value="156978" />
  <attribute name ="GC Interval" value="2145" />
  <attribute name="Target GC Util Change" value ="80.000000" />
  <attribute name="Current GC Util Change" value="27.000000"/>
  <attribute name="Current Error" value="112.000000" />
  <attribute name="Output H" value="196814888"/>
  <attribute name="Output I" value="2144"/>
  <attribute name="Output T" value="16"/>
  <attribute name= "Current Time Running" value="156978" />
  <attribute name="GC Util currently" value="27" />
  <attribute name="CPU Util currently" value="57253721711" />
<allocation-satisfied id="4525" threadId="0000000001164F00" bytesRequested="1168" />
<af-end id="4526" timestamp="2019-08-09T18:07:01.110" threadId="0000000001165888" success="true" from="nursery"/>
<exclusive-end id="4527" timestamp="2019-08-09T18:07:01.110" durationms="1.367" />

<exclusive-start id="4528" timestamp="2019-08-09T18:07:01.129" intervalms="20.418">
  <response-info timems="0.022" idlems="0.022" threads="0" lastid="0000000001164F00" lastname="main" />
</exclusive-start>
<af-start id="4529" threadId="0000000001165888" totalBytesRequested="1168" timestamp="2019-08-09T18:07:01.129" intervalms="20.454" type="nursery" />
<cycle-start id="4530" type="scavenge" contextid="0" timestamp="2019-08-09T18:07:01.129" intervalms="20.456" />
<gc-start id="4531" type="scavenge" contextid="4530" timestamp="2019-08-09T18:07:01.129">
  <mem-info id="4532" free="1592136" total="196739072" percent="0">
    <mem type="nursery" free="0" total="176816128" percent="0">
      <mem type="allocate" free="0" total="159121408" percent="0" />
      <mem type="survivor" free="0" total="17694720" percent="0" />
    </mem>
    <mem type="tenure" free="1592136" total="19922944" percent="7">
      <mem type="soa" free="1393480" total="19724288" percent="7" />
      <mem type="loa" free="198656" total="198656" percent="100" />
    </mem>
    <remembered-set count="125" />
  </mem-info>
</gc-start>
<allocation-stats totalBytes="158359184" >
  <allocated-bytes non-tlh="1168" tlh="158358016" />
  <largest-consumer threadName="main" threadId="0000000001164F00" bytes="158359184" />
</allocation-stats>
<gc-op id="4533" type="scavenge" timems="1.246" contextid="4530" timestamp="2019-08-09T18:07:01.131">
  <scavenger-info tenureage="12" tenuremask="f000" tiltratio="89" />
  <memory-copied type="nursery" objects="28" bytes="1968" bytesdiscarded="30288" />
</gc-op>
<gc-end id="4534" type="scavenge" contextid="4530" durationms="1.464" usertimems="2.780" systemtimems="0.000" timestamp="2019-08-09T18:07:01.131" activeThreads="16">
  <mem-info id="4535" free="160681288" total="196739072" percent="81">
    <mem type="nursery" free="159089152" total="176816128" percent="89">
      <mem type="allocate" free="159089152" total="159121408" percent="99" />
      <mem type="survivor" free="0" total="17694720" percent="0" />
    </mem>
    <mem type="tenure" free="1592136" total="19922944" percent="7" macro-fragmented="0">
      <mem type="soa" free="1393480" total="19724288" percent="7" />
      <mem type="loa" free="198656" total="198656" percent="100" />
    </mem>
    <remembered-set count="125" />
  </mem-info>
</gc-end>
<cycle-end id="4536" type="scavenge" contextid="4530" timestamp="2019-08-09T18:07:01.131" />
  <attribute name="elasticGC enabled" value="1" />
  <attribute name= "numThreadsSpecified" value="16" />
  <attribute name="heapSize specified" value="49152000" />
  <attribute name="Current GC Util" value="10" />
  <attribute name= "Current Time Running" value="156999" />
  <attribute name ="GC Interval" value="2225" />
  <attribute name="Target GC Util Change" value ="80.000000" />
  <attribute name="Current GC Util Change" value="10.000000"/>
  <attribute name="Current Error" value="182.000000" />
  <attribute name="Output H" value="196814968"/>
  <attribute name="Output I" value="2224"/>
  <attribute name="Output T" value="16"/>
  <attribute name= "Current Time Running" value="156999" />
  <attribute name="GC Util currently" value="10" />
  <attribute name="CPU Util currently" value="56300298684" />
<allocation-satisfied id="4537" threadId="0000000001164F00" bytesRequested="1168" />
<af-end id="4538" timestamp="2019-08-09T18:07:01.131" threadId="0000000001165888" success="true" from="nursery"/>
<exclusive-end id="4539" timestamp="2019-08-09T18:07:01.131" durationms="1.793" />

<exclusive-start id="4540" timestamp="2019-08-09T18:07:01.150" intervalms="20.451">
  <response-info timems="0.019" idlems="0.019" threads="0" lastid="0000000001164F00" lastname="main" />
</exclusive-start>
<af-start id="4541" threadId="0000000001165888" totalBytesRequested="1168" timestamp="2019-08-09T18:07:01.150" intervalms="20.416" type="nursery" />
<cycle-start id="4542" type="scavenge" contextid="0" timestamp="2019-08-09T18:07:01.150" intervalms="20.414" />
<gc-start id="4543" type="scavenge" contextid="4542" timestamp="2019-08-09T18:07:01.150">
  <mem-info id="4544" free="1592136" total="196739072" percent="0">
    <mem type="nursery" free="0" total="176816128" percent="0">
      <mem type="allocate" free="0" total="159121408" percent="0" />
      <mem type="survivor" free="0" total="17694720" percent="0" />
    </mem>
    <mem type="tenure" free="1592136" total="19922944" percent="7">
      <mem type="soa" free="1393480" total="19724288" percent="7" />
      <mem type="loa" free="198656" total="198656" percent="100" />
    </mem>
    <remembered-set count="125" />
  </mem-info>
</gc-start>
<allocation-stats totalBytes="158092976" >
  <allocated-bytes non-tlh="1168" tlh="158091808" />
  <largest-consumer threadName="main" threadId="0000000001164F00" bytes="158092976" />
</allocation-stats>
<gc-op id="4545" type="scavenge" timems="0.873" contextid="4542" timestamp="2019-08-09T18:07:01.151">
  <scavenger-info tenureage="13" tenuremask="e000" tiltratio="89" />
  <memory-copied type="nursery" objects="28" bytes="1968" bytesdiscarded="30288" />
</gc-op>
<gc-end id="4546" type="scavenge" contextid="4542" durationms="1.079" usertimems="1.932" systemtimems="0.000" timestamp="2019-08-09T18:07:01.151" activeThreads="16">
  <mem-info id="4547" free="160681288" total="196739072" percent="81">
    <mem type="nursery" free="159089152" total="176816128" percent="89">
      <mem type="allocate" free="159089152" total="159121408" percent="99" />
      <mem type="survivor" free="0" total="17694720" percent="0" />
    </mem>
    <mem type="tenure" free="1592136" total="19922944" percent="7" macro-fragmented="0">
      <mem type="soa" free="1393480" total="19724288" percent="7" />
      <mem type="loa" free="198656" total="198656" percent="100" />
    </mem>
    <remembered-set count="115" />
  </mem-info>
</gc-end>
<cycle-end id="4548" type="scavenge" contextid="4542" timestamp="2019-08-09T18:07:01.151" />
  <attribute name="elasticGC enabled" value="1" />
  <attribute name= "numThreadsSpecified" value="16" />
  <attribute name="heapSize specified" value="49152000" />
  <attribute name="Current GC Util" value="14" />
  <attribute name= "Current Time Running" value="157019" />
  <attribute name ="GC Interval" value="2297" />
  <attribute name="Target GC Util Change" value ="80.000000" />
  <attribute name="Current GC Util Change" value="14.000000"/>
  <attribute name="Current Error" value="248.000000" />
  <attribute name="Output H" value="196815040"/>
  <attribute name="Output I" value="2296"/>
  <attribute name="Output T" value="16"/>
  <attribute name= "Current Time Running" value="157019" />
  <attribute name="GC Util currently" value="14" />
  <attribute name="CPU Util currently" value="56519029727" />
<allocation-satisfied id="4549" threadId="0000000001164F00" bytesRequested="1168" />
<af-end id="4550" timestamp="2019-08-09T18:07:01.151" threadId="0000000001165888" success="true" from="nursery"/>
<exclusive-end id="4551" timestamp="2019-08-09T18:07:01.151" durationms="1.345" />

<exclusive-start id="4552" timestamp="2019-08-09T18:07:01.175" intervalms="25.515">
  <response-info timems="0.017" idlems="0.017" threads="0" lastid="0000000001164F00" lastname="main" />
</exclusive-start>
<af-start id="4553" threadId="0000000001165888" totalBytesRequested="24" timestamp="2019-08-09T18:07:01.175" intervalms="25.511" type="nursery" />
<cycle-start id="4554" type="scavenge" contextid="0" timestamp="2019-08-09T18:07:01.175" intervalms="25.511" />
<gc-start id="4555" type="scavenge" contextid="4554" timestamp="2019-08-09T18:07:01.175">
  <mem-info id="4556" free="1592136" total="196739072" percent="0">
    <mem type="nursery" free="0" total="176816128" percent="0">
      <mem type="allocate" free="0" total="159121408" percent="0" />
      <mem type="survivor" free="0" total="17694720" percent="0" />
    </mem>
    <mem type="tenure" free="1592136" total="19922944" percent="7">
      <mem type="soa" free="1393480" total="19724288" percent="7" />
      <mem type="loa" free="198656" total="198656" percent="100" />
    </mem>
    <remembered-set count="118" />
  </mem-info>
</gc-start>
<allocation-stats totalBytes="159053424" >
  <allocated-bytes non-tlh="1168" tlh="159052256" />
  <largest-consumer threadName="main" threadId="0000000001164F00" bytes="159053424" />
</allocation-stats>
<gc-op id="4557" type="scavenge" timems="1.265" contextid="4554" timestamp="2019-08-09T18:07:01.176">
  <scavenger-info tenureage="3" tenuremask="fff8" tiltratio="89" />
  <memory-copied type="nursery" objects="160" bytes="5208" bytesdiscarded="50856" />
  <references type="weak" candidates="2" cleared="0" enqueued="0" />
</gc-op>
<gc-end id="4558" type="scavenge" contextid="4554" durationms="1.449" usertimems="2.330" systemtimems="0.000" timestamp="2019-08-09T18:07:01.177" activeThreads="16">
  <mem-info id="4559" free="160657480" total="196739072" percent="81">
    <mem type="nursery" free="159065344" total="176816128" percent="89">
      <mem type="allocate" free="159065344" total="159121408" percent="99" />
      <mem type="survivor" free="0" total="17694720" percent="0" />
    </mem>
    <mem type="tenure" free="1592136" total="19922944" percent="7" macro-fragmented="0">
      <mem type="soa" free="1393480" total="19724288" percent="7" />
      <mem type="loa" free="198656" total="198656" percent="100" />
    </mem>
    <remembered-set count="118" />
  </mem-info>
</gc-end>
<cycle-end id="4560" type="scavenge" contextid="4554" timestamp="2019-08-09T18:07:01.177" />
  <attribute name="elasticGC enabled" value="1" />
  <attribute name= "numThreadsSpecified" value="16" />
  <attribute name="heapSize specified" value="49152000" />
  <attribute name="Current GC Util" value="8" />
  <attribute name= "Current Time Running" value="157045" />
  <attribute name ="GC Interval" value="2385" />
  <attribute name="Target GC Util Change" value ="80.000000" />
  <attribute name="Current GC Util Change" value="8.000000"/>
  <attribute name="Current Error" value="320.000000" />
  <attribute name="Output H" value="196815128"/>
  <attribute name="Output I" value="2384"/>
  <attribute name="Output T" value="16"/>
  <attribute name= "Current Time Running" value="157045" />
  <attribute name="GC Util currently" value="8" />
  <attribute name="CPU Util currently" value="45223326770" />
<allocation-satisfied id="4561" threadId="0000000001164F00" bytesRequested="24" />
<af-end id="4562" timestamp="2019-08-09T18:07:01.177" threadId="0000000001165888" success="true" from="nursery"/>
<exclusive-end id="4563" timestamp="2019-08-09T18:07:01.177" durationms="1.652" />

<exclusive-start id="4564" timestamp="2019-08-09T18:07:01.272" intervalms="97.294">
  <response-info timems="0.023" idlems="0.023" threads="0" lastid="0000000001164F00" lastname="main" />
</exclusive-start>
<af-start id="4565" threadId="0000000001165888" totalBytesRequested="16" timestamp="2019-08-09T18:07:01.272" intervalms="97.305" type="nursery" />
<cycle-start id="4566" type="scavenge" contextid="0" timestamp="2019-08-09T18:07:01.272" intervalms="97.311" />
<gc-start id="4567" type="scavenge" contextid="4566" timestamp="2019-08-09T18:07:01.272">
  <mem-info id="4568" free="1592136" total="196739072" percent="0">
    <mem type="nursery" free="0" total="176816128" percent="0">
      <mem type="allocate" free="0" total="159121408" percent="0" />
      <mem type="survivor" free="0" total="17694720" percent="0" />
    </mem>
    <mem type="tenure" free="1592136" total="19922944" percent="7">
      <mem type="soa" free="1393480" total="19724288" percent="7" />
      <mem type="loa" free="198656" total="198656" percent="100" />
    </mem>
    <remembered-set count="125" />
  </mem-info>
</gc-start>
<allocation-stats totalBytes="159013992" >
  <allocated-bytes non-tlh="24" tlh="159013968" />
  <largest-consumer threadName="main" threadId="0000000001164F00" bytes="159013992" />
</allocation-stats>
<gc-op id="4569" type="scavenge" timems="1.739" contextid="4566" timestamp="2019-08-09T18:07:01.274">
  <scavenger-info tenureage="4" tenuremask="fff0" tiltratio="89" />
  <memory-copied type="nursery" objects="89" bytes="3000" bytesdiscarded="29208" />
  <references type="weak" candidates="39" cleared="7" enqueued="3" />
</gc-op>
<gc-end id="4570" type="scavenge" contextid="4566" durationms="1.984" usertimems="3.169" systemtimems="0.000" timestamp="2019-08-09T18:07:01.274" activeThreads="16">
  <mem-info id="4571" free="160681288" total="196739072" percent="81">
    <mem type="nursery" free="159089152" total="176816128" percent="89">
      <mem type="allocate" free="159089152" total="159121408" percent="99" />
      <mem type="survivor" free="0" total="17694720" percent="0" />
    </mem>
    <mem type="tenure" free="1592136" total="19922944" percent="7" macro-fragmented="6319">
      <mem type="soa" free="1393480" total="19724288" percent="7" />
      <mem type="loa" free="198656" total="198656" percent="100" />
    </mem>
    <pending-finalizers system="0" default="0" reference="3" classloader="0" />
    <remembered-set count="125" />
  </mem-info>
</gc-end>
<cycle-end id="4572" type="scavenge" contextid="4566" timestamp="2019-08-09T18:07:01.275" />
  <attribute name="elasticGC enabled" value="1" />
  <attribute name= "numThreadsSpecified" value="16" />
  <attribute name="heapSize specified" value="49152000" />
  <attribute name="Current GC Util" value="2" />
  <attribute name= "Current Time Running" value="157142" />
  <attribute name ="GC Interval" value="2473" />
  <attribute name="Target GC Util Change" value ="80.000000" />
  <attribute name="Current GC Util Change" value="2.000000"/>
  <attribute name="Current Error" value="398.000000" />
  <attribute name="Output H" value="196815216"/>
  <attribute name="Output I" value="2472"/>
  <attribute name="Output T" value="16"/>
  <attribute name= "Current Time Running" value="157142" />
  <attribute name="GC Util currently" value="2" />
  <attribute name="CPU Util currently" value="11845375235" />
<allocation-satisfied id="4573" threadId="0000000001164F00" bytesRequested="16" />
<af-end id="4574" timestamp="2019-08-09T18:07:01.275" threadId="0000000001165888" success="true" from="nursery"/>
<exclusive-end id="4575" timestamp="2019-08-09T18:07:01.275" durationms="2.246" />

<exclusive-start id="4576" timestamp="2019-08-09T18:07:01.304" intervalms="31.904">
  <response-info timems="0.023" idlems="0.023" threads="0" lastid="0000000001164F00" lastname="main" />
</exclusive-start>
<af-start id="4577" threadId="0000000001165888" totalBytesRequested="16" timestamp="2019-08-09T18:07:01.304" intervalms="31.896" type="nursery" />
<cycle-start id="4578" type="scavenge" contextid="0" timestamp="2019-08-09T18:07:01.304" intervalms="31.890" />
<gc-start id="4579" type="scavenge" contextid="4578" timestamp="2019-08-09T18:07:01.304">
  <mem-info id="4580" free="1592136" total="196739072" percent="0">
    <mem type="nursery" free="0" total="176816128" percent="0">
      <mem type="allocate" free="0" total="159121408" percent="0" />
      <mem type="survivor" free="0" total="17694720" percent="0" />
    </mem>
    <mem type="tenure" free="1592136" total="19922944" percent="7">
      <mem type="soa" free="1393480" total="19724288" percent="7" />
      <mem type="loa" free="198656" total="198656" percent="100" />
    </mem>
    <remembered-set count="128" />
  </mem-info>
</gc-start>
<allocation-stats totalBytes="159008720" >
  <allocated-bytes non-tlh="16" tlh="159008704" />
  <largest-consumer threadName="main" threadId="0000000001164F00" bytes="159008720" />
</allocation-stats>
<gc-op id="4581" type="scavenge" timems="1.837" contextid="4578" timestamp="2019-08-09T18:07:01.306">
  <scavenger-info tenureage="4" tenuremask="fa10" tiltratio="89" />
  <memory-copied type="nursery" objects="86" bytes="3080" bytesdiscarded="92920" />
  <memory-copied type="tenure" objects="7" bytes="168" bytesdiscarded="0" />
  <references type="weak" candidates="32" cleared="0" enqueued="0" />
</gc-op>
<heap-resize id="4582" type="expand" space="nursery" amount="6422528" count="1" timems="0.016" reason="excessive time being spent scavenging" timestamp="2019-08-09T18:07:01.306" />
<gc-end id="4583" type="scavenge" contextid="4578" durationms="2.232" usertimems="5.427" systemtimems="0.000" timestamp="2019-08-09T18:07:01.307" activeThreads="16">
  <mem-info id="4584" free="166384712" total="203161600" percent="81">
    <mem type="nursery" free="164792576" total="183238656" percent="89">
      <mem type="allocate" free="164792576" total="164888576" percent="99" />
      <mem type="survivor" free="0" total="18350080" percent="0" />
    </mem>
    <mem type="tenure" free="1592136" total="19922944" percent="7" macro-fragmented="0">
      <mem type="soa" free="1393480" total="19724288" percent="7" />
      <mem type="loa" free="198656" total="198656" percent="100" />
    </mem>
    <remembered-set count="124" />
  </mem-info>
</gc-end>
<cycle-end id="4585" type="scavenge" contextid="4578" timestamp="2019-08-09T18:07:01.307" />
  <attribute name="elasticGC enabled" value="1" />
  <attribute name= "numThreadsSpecified" value="16" />
  <attribute name="heapSize specified" value="49152000" />
  <attribute name="Current GC Util" value="10" />
  <attribute name= "Current Time Running" value="157174" />
  <attribute name ="GC Interval" value="2089" />
  <attribute name="Target GC Util Change" value ="80.000000" />
  <attribute name="Current GC Util Change" value="10.000000"/>
  <attribute name="Current Error" value="70.000000" />
  <attribute name="Output H" value="196814832"/>
  <attribute name="Output I" value="2088"/>
  <attribute name="Output T" value="16"/>
  <attribute name= "Current Time Running" value="157174" />
  <attribute name="GC Util currently" value="10" />
  <attribute name="CPU Util currently" value="36155164633" />
<allocation-satisfied id="4586" threadId="0000000001164F00" bytesRequested="16" />
<af-end id="4587" timestamp="2019-08-09T18:07:01.307" threadId="0000000001165888" success="true" from="nursery"/>
<exclusive-end id="4588" timestamp="2019-08-09T18:07:01.307" durationms="2.439" />

<exclusive-start id="4589" timestamp="2019-08-09T18:07:01.358" intervalms="53.584">
  <response-info timems="0.063" idlems="0.063" threads="0" lastid="0000000001164F00" lastname="main" />
</exclusive-start>
<af-start id="4590" threadId="0000000001165888" totalBytesRequested="32" timestamp="2019-08-09T18:07:01.358" intervalms="53.593" type="nursery" />
<cycle-start id="4591" type="scavenge" contextid="0" timestamp="2019-08-09T18:07:01.358" intervalms="53.599" />
<gc-start id="4592" type="scavenge" contextid="4591" timestamp="2019-08-09T18:07:01.358">
  <mem-info id="4593" free="1592136" total="203161600" percent="0">
    <mem type="nursery" free="0" total="183238656" percent="0">
      <mem type="allocate" free="0" total="164888576" percent="0" />
      <mem type="survivor" free="0" total="18350080" percent="0" />
    </mem>
    <mem type="tenure" free="1592136" total="19922944" percent="7">
      <mem type="soa" free="1393480" total="19724288" percent="7" />
      <mem type="loa" free="198656" total="198656" percent="100" />
    </mem>
    <remembered-set count="126" />
  </mem-info>
</gc-start>
<allocation-stats totalBytes="164692984" >
  <allocated-bytes non-tlh="16" tlh="164692968" />
  <largest-consumer threadName="main" threadId="0000000001164F00" bytes="164692984" />
</allocation-stats>
<gc-op id="4594" type="scavenge" timems="1.889" contextid="4591" timestamp="2019-08-09T18:07:01.360">
  <scavenger-info tenureage="3" tenuremask="ffd8" tiltratio="89" />
  <memory-copied type="nursery" objects="93" bytes="2976" bytesdiscarded="93024" />
  <memory-copied type="tenure" objects="8" bytes="208" bytesdiscarded="0" />
  <references type="weak" candidates="30" cleared="0" enqueued="0" />
</gc-op>
<gc-end id="4595" type="scavenge" contextid="4591" durationms="2.408" usertimems="4.595" systemtimems="0.000" timestamp="2019-08-09T18:07:01.360" activeThreads="16">
  <mem-info id="4596" free="166368584" total="203161600" percent="81">
    <mem type="nursery" free="164792576" total="183238656" percent="89">
      <mem type="allocate" free="164792576" total="164888576" percent="99" />
      <mem type="survivor" free="0" total="18350080" percent="0" />
    </mem>
    <mem type="tenure" free="1576008" total="19922944" percent="7" macro-fragmented="0">
      <mem type="soa" free="1377352" total="19724288" percent="6" />
      <mem type="loa" free="198656" total="198656" percent="100" />
    </mem>
    <remembered-set count="124" />
  </mem-info>
</gc-end>
<cycle-end id="4597" type="scavenge" contextid="4591" timestamp="2019-08-09T18:07:01.360" />
  <attribute name="elasticGC enabled" value="1" />
  <attribute name= "numThreadsSpecified" value="16" />
  <attribute name="heapSize specified" value="49152000" />
  <attribute name="Current GC Util" value="10" />
  <attribute name= "Current Time Running" value="157228" />
  <attribute name ="GC Interval" value="2177" />
  <attribute name="Target GC Util Change" value ="80.000000" />
  <attribute name="Current GC Util Change" value="10.000000"/>
  <attribute name="Current Error" value="140.000000" />
  <attribute name="Output H" value="203237448"/>
  <attribute name="Output I" value="2176"/>
  <attribute name="Output T" value="16"/>
  <attribute name= "Current Time Running" value="157228" />
  <attribute name="GC Util currently" value="10" />
  <attribute name="CPU Util currently" value="21507799415" />
<allocation-satisfied id="4598" threadId="0000000001164F00" bytesRequested="32" />
<af-end id="4599" timestamp="2019-08-09T18:07:01.360" threadId="0000000001165888" success="true" from="nursery"/>
<exclusive-end id="4600" timestamp="2019-08-09T18:07:01.360" durationms="2.680" />

<exclusive-start id="4601" timestamp="2019-08-09T18:07:01.830" intervalms="472.140">
  <response-info timems="0.022" idlems="0.022" threads="0" lastid="0000000001164F00" lastname="main" />
</exclusive-start>
<af-start id="4602" threadId="0000000001165888" totalBytesRequested="80" timestamp="2019-08-09T18:07:01.830" intervalms="472.131" type="nursery" />
<cycle-start id="4603" type="scavenge" contextid="0" timestamp="2019-08-09T18:07:01.830" intervalms="472.126" />
<gc-start id="4604" type="scavenge" contextid="4603" timestamp="2019-08-09T18:07:01.830">
  <mem-info id="4605" free="1576008" total="203161600" percent="0">
    <mem type="nursery" free="0" total="183238656" percent="0">
      <mem type="allocate" free="0" total="164888576" percent="0" />
      <mem type="survivor" free="0" total="18350080" percent="0" />
    </mem>
    <mem type="tenure" free="1576008" total="19922944" percent="7">
      <mem type="soa" free="1377352" total="19724288" percent="6" />
      <mem type="loa" free="198656" total="198656" percent="100" />
    </mem>
    <remembered-set count="150" />
  </mem-info>
</gc-start>
<allocation-stats totalBytes="164773240" >
  <allocated-bytes non-tlh="32" tlh="164773208" />
  <largest-consumer threadName="main" threadId="0000000001164F00" bytes="164773240" />
</allocation-stats>
<gc-op id="4606" type="scavenge" timems="3.531" contextid="4603" timestamp="2019-08-09T18:07:01.834">
  <scavenger-info tenureage="3" tenuremask="ffe8" tiltratio="89" />
  <memory-copied type="nursery" objects="121" bytes="3384" bytesdiscarded="12744" />
  <memory-copied type="tenure" objects="55" bytes="1592" bytesdiscarded="0" />
</gc-op>
<gc-end id="4607" type="scavenge" contextid="4603" durationms="3.894" usertimems="10.287" systemtimems="0.000" timestamp="2019-08-09T18:07:01.834" activeThreads="16">
  <mem-info id="4608" free="166448456" total="203161600" percent="81">
    <mem type="nursery" free="164872448" total="183238656" percent="89">
      <mem type="allocate" free="164872448" total="164888576" percent="99" />
      <mem type="survivor" free="0" total="18350080" percent="0" />
    </mem>
    <mem type="tenure" free="1576008" total="19922944" percent="7" macro-fragmented="0">
      <mem type="soa" free="1377352" total="19724288" percent="6" />
      <mem type="loa" free="198656" total="198656" percent="100" />
    </mem>
    <remembered-set count="141" />
  </mem-info>
</gc-end>
<cycle-end id="4609" type="scavenge" contextid="4603" timestamp="2019-08-09T18:07:01.834" />
  <attribute name="elasticGC enabled" value="1" />
  <attribute name= "numThreadsSpecified" value="16" />
  <attribute name="heapSize specified" value="49152000" />
  <attribute name="Current GC Util" value="0" />
  <attribute name= "Current Time Running" value="157700" />
  <attribute name ="GC Interval" value="2265" />
  <attribute name="Target GC Util Change" value ="80.000000" />
  <attribute name="Current GC Util Change" value="0.000000"/>
  <attribute name="Current Error" value="220.000000" />
  <attribute name="Output H" value="203237536"/>
  <attribute name="Output I" value="2264"/>
  <attribute name="Output T" value="16"/>
  <attribute name= "Current Time Running" value="157700" />
  <attribute name="GC Util currently" value="0" />
  <attribute name="CPU Util currently" value="2441720596" />
<allocation-satisfied id="4610" threadId="0000000001164F00" bytesRequested="80" />
<af-end id="4611" timestamp="2019-08-09T18:07:01.834" threadId="0000000001165888" success="true" from="nursery"/>
<exclusive-end id="4612" timestamp="2019-08-09T18:07:01.834" durationms="4.161" />

<exclusive-start id="4613" timestamp="2019-08-09T18:07:02.024" intervalms="194.396">
  <response-info timems="0.020" idlems="0.020" threads="0" lastid="0000000001164F00" lastname="main" />
</exclusive-start>
<af-start id="4614" threadId="0000000001165888" totalBytesRequested="40" timestamp="2019-08-09T18:07:02.024" intervalms="194.404" type="nursery" />
<cycle-start id="4615" type="scavenge" contextid="0" timestamp="2019-08-09T18:07:02.024" intervalms="194.409" />
<gc-start id="4616" type="scavenge" contextid="4615" timestamp="2019-08-09T18:07:02.024">
  <mem-info id="4617" free="1576008" total="203161600" percent="0">
    <mem type="nursery" free="0" total="183238656" percent="0">
      <mem type="allocate" free="0" total="164888576" percent="0" />
      <mem type="survivor" free="0" total="18350080" percent="0" />
    </mem>
    <mem type="tenure" free="1576008" total="19922944" percent="7">
      <mem type="soa" free="1377352" total="19724288" percent="6" />
      <mem type="loa" free="198656" total="198656" percent="100" />
    </mem>
    <remembered-set count="149" />
  </mem-info>
</gc-start>
<allocation-stats totalBytes="164839112" >
  <allocated-bytes non-tlh="80" tlh="164839032" />
  <largest-consumer threadName="main" threadId="0000000001164F00" bytes="164839112" />
</allocation-stats>
<gc-op id="4618" type="scavenge" timems="1.837" contextid="4615" timestamp="2019-08-09T18:07:02.026">
  <scavenger-info tenureage="3" tenuremask="ffe8" tiltratio="89" />
  <memory-copied type="nursery" objects="125" bytes="3288" bytesdiscarded="28968" />
  <memory-copied type="tenure" objects="6" bytes="144" bytesdiscarded="0" />
</gc-op>
<gc-end id="4619" type="scavenge" contextid="4615" durationms="2.036" usertimems="2.955" systemtimems="0.000" timestamp="2019-08-09T18:07:02.027" activeThreads="16">
  <mem-info id="4620" free="166432328" total="203161600" percent="81">
    <mem type="nursery" free="164856320" total="183238656" percent="89">
      <mem type="allocate" free="164856320" total="164888576" percent="99" />
      <mem type="survivor" free="0" total="18350080" percent="0" />
    </mem>
    <mem type="tenure" free="1576008" total="19922944" percent="7" macro-fragmented="0">
      <mem type="soa" free="1377352" total="19724288" percent="6" />
      <mem type="loa" free="198656" total="198656" percent="100" />
    </mem>
    <remembered-set count="147" />
  </mem-info>
</gc-end>
<cycle-end id="4621" type="scavenge" contextid="4615" timestamp="2019-08-09T18:07:02.027" />
  <attribute name="elasticGC enabled" value="1" />
  <attribute name= "numThreadsSpecified" value="16" />
  <attribute name="heapSize specified" value="49152000" />
  <attribute name="Current GC Util" value="5" />
  <attribute name= "Current Time Running" value="157894" />
  <attribute name ="GC Interval" value="2353" />
  <attribute name="Target GC Util Change" value ="80.000000" />
  <attribute name="Current GC Util Change" value="5.000000"/>
  <attribute name="Current Error" value="295.000000" />
  <attribute name="Output H" value="203237624"/>
  <attribute name="Output I" value="2352"/>
  <attribute name="Output T" value="16"/>
  <attribute name= "Current Time Running" value="157894" />
  <attribute name="GC Util currently" value="5" />
  <attribute name="CPU Util currently" value="5932164187" />
<allocation-satisfied id="4622" threadId="0000000001164F00" bytesRequested="40" />
<af-end id="4623" timestamp="2019-08-09T18:07:02.027" threadId="0000000001165888" success="true" from="nursery"/>
<exclusive-end id="4624" timestamp="2019-08-09T18:07:02.027" durationms="2.292" />

<exclusive-start id="4625" timestamp="2019-08-09T18:07:02.237" intervalms="212.746">
  <response-info timems="0.019" idlems="0.019" threads="0" lastid="0000000001164F00" lastname="main" />
</exclusive-start>
<af-start id="4626" threadId="0000000001165888" totalBytesRequested="24" timestamp="2019-08-09T18:07:02.237" intervalms="212.739" type="nursery" />
<cycle-start id="4627" type="scavenge" contextid="0" timestamp="2019-08-09T18:07:02.237" intervalms="212.732" />
<gc-start id="4628" type="scavenge" contextid="4627" timestamp="2019-08-09T18:07:02.237">
  <mem-info id="4629" free="1576008" total="203161600" percent="0">
    <mem type="nursery" free="0" total="183238656" percent="0">
      <mem type="allocate" free="0" total="164888576" percent="0" />
      <mem type="survivor" free="0" total="18350080" percent="0" />
    </mem>
    <mem type="tenure" free="1576008" total="19922944" percent="7">
      <mem type="soa" free="1377352" total="19724288" percent="6" />
      <mem type="loa" free="198656" total="198656" percent="100" />
    </mem>
    <remembered-set count="163" />
  </mem-info>
</gc-start>
<allocation-stats totalBytes="164845976" >
  <allocated-bytes non-tlh="40" tlh="164845936" />
  <largest-consumer threadName="main" threadId="0000000001164F00" bytes="164845976" />
</allocation-stats>
<gc-op id="4630" type="scavenge" timems="1.691" contextid="4627" timestamp="2019-08-09T18:07:02.239">
  <scavenger-info tenureage="3" tenuremask="fc08" tiltratio="89" />
  <memory-copied type="nursery" objects="164" bytes="4208" bytesdiscarded="28048" />
  <memory-copied type="tenure" objects="6" bytes="144" bytesdiscarded="0" />
</gc-op>
<gc-end id="4631" type="scavenge" contextid="4627" durationms="1.954" usertimems="3.093" systemtimems="0.000" timestamp="2019-08-09T18:07:02.239" activeThreads="16">
  <mem-info id="4632" free="166432328" total="203161600" percent="81">
    <mem type="nursery" free="164856320" total="183238656" percent="89">
      <mem type="allocate" free="164856320" total="164888576" percent="99" />
      <mem type="survivor" free="0" total="18350080" percent="0" />
    </mem>
    <mem type="tenure" free="1576008" total="19922944" percent="7" macro-fragmented="0">
      <mem type="soa" free="1377352" total="19724288" percent="6" />
      <mem type="loa" free="198656" total="198656" percent="100" />
    </mem>
    <remembered-set count="161" />
  </mem-info>
</gc-end>
<cycle-end id="4633" type="scavenge" contextid="4627" timestamp="2019-08-09T18:07:02.239" />
  <attribute name="elasticGC enabled" value="1" />
  <attribute name= "numThreadsSpecified" value="16" />
  <attribute name="heapSize specified" value="49152000" />
  <attribute name="Current GC Util" value="1" />
  <attribute name= "Current Time Running" value="158107" />
  <attribute name ="GC Interval" value="2441" />
  <attribute name="Target GC Util Change" value ="80.000000" />
  <attribute name="Current GC Util Change" value="1.000000"/>
  <attribute name="Current Error" value="374.000000" />
  <attribute name="Output H" value="203237712"/>
  <attribute name="Output I" value="2440"/>
  <attribute name="Output T" value="16"/>
  <attribute name= "Current Time Running" value="158107" />
  <attribute name="GC Util currently" value="1" />
  <attribute name="CPU Util currently" value="5419924089" />
<allocation-satisfied id="4634" threadId="0000000001164F00" bytesRequested="24" />
<af-end id="4635" timestamp="2019-08-09T18:07:02.239" threadId="0000000001165888" success="true" from="nursery"/>
<exclusive-end id="4636" timestamp="2019-08-09T18:07:02.239" durationms="2.172" />

<exclusive-start id="4637" timestamp="2019-08-09T18:07:02.444" intervalms="206.647">
  <response-info timems="0.016" idlems="0.016" threads="0" lastid="0000000001164F00" lastname="main" />
</exclusive-start>
<af-start id="4638" threadId="0000000001165888" totalBytesRequested="32" timestamp="2019-08-09T18:07:02.444" intervalms="206.648" type="nursery" />
<cycle-start id="4639" type="scavenge" contextid="0" timestamp="2019-08-09T18:07:02.444" intervalms="206.650" />
<gc-start id="4640" type="scavenge" contextid="4639" timestamp="2019-08-09T18:07:02.444">
  <mem-info id="4641" free="1576008" total="203161600" percent="0">
    <mem type="nursery" free="0" total="183238656" percent="0">
      <mem type="allocate" free="0" total="164888576" percent="0" />
      <mem type="survivor" free="0" total="18350080" percent="0" />
    </mem>
    <mem type="tenure" free="1576008" total="19922944" percent="7">
      <mem type="soa" free="1377352" total="19724288" percent="6" />
      <mem type="loa" free="198656" total="198656" percent="100" />
    </mem>
    <remembered-set count="172" />
  </mem-info>
</gc-start>
<allocation-stats totalBytes="164808424" >
  <allocated-bytes non-tlh="24" tlh="164808400" />
  <largest-consumer threadName="main" threadId="0000000001164F00" bytes="164808424" />
</allocation-stats>
<gc-op id="4642" type="scavenge" timems="3.028" contextid="4639" timestamp="2019-08-09T18:07:02.447">
  <scavenger-info tenureage="3" tenuremask="f808" tiltratio="89" />
  <memory-copied type="nursery" objects="124" bytes="3176" bytesdiscarded="52888" />
  <memory-copied type="tenure" objects="70" bytes="1752" bytesdiscarded="0" />
  <references type="weak" candidates="2" cleared="0" enqueued="0" />
</gc-op>
<gc-end id="4643" type="scavenge" contextid="4639" durationms="3.227" usertimems="8.608" systemtimems="0.000" timestamp="2019-08-09T18:07:02.447" activeThreads="16">
  <mem-info id="4644" free="166408520" total="203161600" percent="81">
    <mem type="nursery" free="164832512" total="183238656" percent="89">
      <mem type="allocate" free="164832512" total="164888576" percent="99" />
      <mem type="survivor" free="0" total="18350080" percent="0" />
    </mem>
    <mem type="tenure" free="1576008" total="19922944" percent="7" macro-fragmented="0">
      <mem type="soa" free="1377352" total="19724288" percent="6" />
      <mem type="loa" free="198656" total="198656" percent="100" />
    </mem>
    <remembered-set count="147" />
  </mem-info>
</gc-end>
<cycle-end id="4645" type="scavenge" contextid="4639" timestamp="2019-08-09T18:07:02.447" />
  <attribute name="elasticGC enabled" value="1" />
  <attribute name= "numThreadsSpecified" value="16" />
  <attribute name="heapSize specified" value="49152000" />
  <attribute name="Current GC Util" value="1" />
  <attribute name= "Current Time Running" value="158314" />
  <attribute name ="GC Interval" value="2537" />
  <attribute name="Target GC Util Change" value ="80.000000" />
  <attribute name="Current GC Util Change" value="1.000000"/>
  <attribute name="Current Error" value="453.000000" />
  <attribute name="Output H" value="203237808"/>
  <attribute name="Output I" value="2536"/>
  <attribute name="Output T" value="16"/>
  <attribute name= "Current Time Running" value="158314" />
  <attribute name="GC Util currently" value="1" />
  <attribute name="CPU Util currently" value="5578238712" />
<allocation-satisfied id="4646" threadId="0000000001164F00" bytesRequested="32" />
<af-end id="4647" timestamp="2019-08-09T18:07:02.447" threadId="0000000001165888" success="true" from="nursery"/>
<exclusive-end id="4648" timestamp="2019-08-09T18:07:02.447" durationms="3.468" />

<exclusive-start id="4649" timestamp="2019-08-09T18:07:02.495" intervalms="50.877">
  <response-info timems="0.022" idlems="0.022" threads="0" lastid="0000000001164F00" lastname="main" />
</exclusive-start>
<af-start id="4650" threadId="0000000001165888" totalBytesRequested="488" timestamp="2019-08-09T18:07:02.495" intervalms="50.876" type="nursery" />
<cycle-start id="4651" type="scavenge" contextid="0" timestamp="2019-08-09T18:07:02.495" intervalms="50.877" />
<gc-start id="4652" type="scavenge" contextid="4651" timestamp="2019-08-09T18:07:02.495">
  <mem-info id="4653" free="1576008" total="203161600" percent="0">
    <mem type="nursery" free="0" total="183238656" percent="0">
      <mem type="allocate" free="0" total="164888576" percent="0" />
      <mem type="survivor" free="0" total="18350080" percent="0" />
    </mem>
    <mem type="tenure" free="1576008" total="19922944" percent="7">
      <mem type="soa" free="1377352" total="19724288" percent="6" />
      <mem type="loa" free="198656" total="198656" percent="100" />
    </mem>
    <remembered-set count="149" />
  </mem-info>
</gc-start>
<allocation-stats totalBytes="164577104" >
  <allocated-bytes non-tlh="32" tlh="164577072" />
  <largest-consumer threadName="main" threadId="0000000001164F00" bytes="164577104" />
</allocation-stats>
<gc-op id="4654" type="scavenge" timems="1.304" contextid="4651" timestamp="2019-08-09T18:07:02.496">
  <scavenger-info tenureage="3" tenuremask="f808" tiltratio="89" />
  <memory-copied type="nursery" objects="104" bytes="3216" bytesdiscarded="60528" />
  <memory-copied type="tenure" objects="25" bytes="624" bytesdiscarded="0" />
  <references type="weak" candidates="2" cleared="0" enqueued="0" />
</gc-op>
<gc-end id="4655" type="scavenge" contextid="4651" durationms="1.529" usertimems="2.581" systemtimems="0.000" timestamp="2019-08-09T18:07:02.496" activeThreads="16">
  <mem-info id="4656" free="166400840" total="203161600" percent="81">
    <mem type="nursery" free="164824832" total="183238656" percent="89">
      <mem type="allocate" free="164824832" total="164888576" percent="99" />
      <mem type="survivor" free="0" total="18350080" percent="0" />
    </mem>
    <mem type="tenure" free="1576008" total="19922944" percent="7" macro-fragmented="0">
      <mem type="soa" free="1377352" total="19724288" percent="6" />
      <mem type="loa" free="198656" total="198656" percent="100" />
    </mem>
    <remembered-set count="140" />
  </mem-info>
</gc-end>
<cycle-end id="4657" type="scavenge" contextid="4651" timestamp="2019-08-09T18:07:02.496" />
  <attribute name="elasticGC enabled" value="1" />
  <attribute name= "numThreadsSpecified" value="16" />
  <attribute name="heapSize specified" value="49152000" />
  <attribute name="Current GC Util" value="17" />
  <attribute name= "Current Time Running" value="158364" />
  <attribute name ="GC Interval" value="2081" />
  <attribute name="Target GC Util Change" value ="80.000000" />
  <attribute name="Current GC Util Change" value="17.000000"/>
  <attribute name="Current Error" value="63.000000" />
  <attribute name="Output H" value="203237352"/>
  <attribute name="Output I" value="2080"/>
  <attribute name="Output T" value="16"/>
  <attribute name= "Current Time Running" value="158364" />
  <attribute name="GC Util currently" value="17" />
  <attribute name="CPU Util currently" value="22654602264" />
<allocation-satisfied id="4658" threadId="0000000001164F00" bytesRequested="488" />
<af-end id="4659" timestamp="2019-08-09T18:07:02.496" threadId="0000000001165888" success="true" from="nursery"/>
<exclusive-end id="4660" timestamp="2019-08-09T18:07:02.496" durationms="1.823" />

<exclusive-start id="4661" timestamp="2019-08-09T18:07:02.601" intervalms="106.801">
  <response-info timems="0.020" idlems="0.020" threads="0" lastid="0000000001164F00" lastname="main" />
</exclusive-start>
<af-start id="4662" threadId="0000000001165888" totalBytesRequested="32" timestamp="2019-08-09T18:07:02.601" intervalms="106.800" type="nursery" />
<cycle-start id="4663" type="scavenge" contextid="0" timestamp="2019-08-09T18:07:02.601" intervalms="106.800" />
<gc-start id="4664" type="scavenge" contextid="4663" timestamp="2019-08-09T18:07:02.602">
  <mem-info id="4665" free="1576008" total="203161600" percent="0">
    <mem type="nursery" free="0" total="183238656" percent="0">
      <mem type="allocate" free="0" total="164888576" percent="0" />
      <mem type="survivor" free="0" total="18350080" percent="0" />
    </mem>
    <mem type="tenure" free="1576008" total="19922944" percent="7">
      <mem type="soa" free="1377352" total="19724288" percent="6" />
      <mem type="loa" free="198656" total="198656" percent="100" />
    </mem>
    <remembered-set count="146" />
  </mem-info>
</gc-start>
<allocation-stats totalBytes="164641760" >
  <allocated-bytes non-tlh="488" tlh="164641272" />
  <largest-consumer threadName="main" threadId="0000000001164F00" bytes="164641760" />
</allocation-stats>
<gc-op id="4666" type="scavenge" timems="1.637" contextid="4663" timestamp="2019-08-09T18:07:02.603">
  <scavenger-info tenureage="3" tenuremask="f008" tiltratio="89" />
  <memory-copied type="nursery" objects="78" bytes="2704" bytesdiscarded="53360" />
  <memory-copied type="tenure" objects="48" bytes="1152" bytesdiscarded="0" />
  <references type="weak" candidates="2" cleared="0" enqueued="0" />
</gc-op>
<gc-end id="4667" type="scavenge" contextid="4663" durationms="1.870" usertimems="3.292" systemtimems="0.000" timestamp="2019-08-09T18:07:02.603" activeThreads="16">
  <mem-info id="4668" free="166408520" total="203161600" percent="81">
    <mem type="nursery" free="164832512" total="183238656" percent="89">
      <mem type="allocate" free="164832512" total="164888576" percent="99" />
      <mem type="survivor" free="0" total="18350080" percent="0" />
    </mem>
    <mem type="tenure" free="1576008" total="19922944" percent="7" macro-fragmented="0">
      <mem type="soa" free="1377352" total="19724288" percent="6" />
      <mem type="loa" free="198656" total="198656" percent="100" />
    </mem>
    <remembered-set count="130" />
  </mem-info>
</gc-end>
<cycle-end id="4669" type="scavenge" contextid="4663" timestamp="2019-08-09T18:07:02.603" />
  <attribute name="elasticGC enabled" value="1" />
  <attribute name= "numThreadsSpecified" value="16" />
  <attribute name="heapSize specified" value="49152000" />
  <attribute name="Current GC Util" value="2" />
  <attribute name= "Current Time Running" value="158471" />
  <attribute name ="GC Interval" value="2177" />
  <attribute name="Target GC Util Change" value ="80.000000" />
  <attribute name="Current GC Util Change" value="2.000000"/>
  <attribute name="Current Error" value="141.000000" />
  <attribute name="Output H" value="203237448"/>
  <attribute name="Output I" value="2176"/>
  <attribute name="Output T" value="16"/>
  <attribute name= "Current Time Running" value="158471" />
  <attribute name="GC Util currently" value="2" />
  <attribute name="CPU Util currently" value="10794296665" />
<allocation-satisfied id="4670" threadId="0000000001164F00" bytesRequested="32" />
<af-end id="4671" timestamp="2019-08-09T18:07:02.604" threadId="0000000001165888" success="true" from="nursery"/>
<exclusive-end id="4672" timestamp="2019-08-09T18:07:02.604" durationms="2.138" />

<exclusive-start id="4673" timestamp="2019-08-09T18:07:02.873" intervalms="272.065">
  <response-info timems="0.018" idlems="0.018" threads="0" lastid="0000000001164F00" lastname="main" />
</exclusive-start>
<af-start id="4674" threadId="0000000001165888" totalBytesRequested="80" timestamp="2019-08-09T18:07:02.874" intervalms="272.063" type="nursery" />
<cycle-start id="4675" type="scavenge" contextid="0" timestamp="2019-08-09T18:07:02.874" intervalms="272.061" />
<gc-start id="4676" type="scavenge" contextid="4675" timestamp="2019-08-09T18:07:02.874">
  <mem-info id="4677" free="1576008" total="203161600" percent="0">
    <mem type="nursery" free="0" total="183238656" percent="0">
      <mem type="allocate" free="0" total="164888576" percent="0" />
      <mem type="survivor" free="0" total="18350080" percent="0" />
    </mem>
    <mem type="tenure" free="1576008" total="19922944" percent="7">
      <mem type="soa" free="1377352" total="19724288" percent="6" />
      <mem type="loa" free="198656" total="198656" percent="100" />
    </mem>
    <remembered-set count="136" />
  </mem-info>
</gc-start>
<allocation-stats totalBytes="164704672" >
  <allocated-bytes non-tlh="32" tlh="164704640" />
  <largest-consumer threadName="main" threadId="0000000001164F00" bytes="164704672" />
</allocation-stats>
<gc-op id="4678" type="scavenge" timems="1.216" contextid="4675" timestamp="2019-08-09T18:07:02.875">
  <scavenger-info tenureage="3" tenuremask="e808" tiltratio="89" />
  <memory-copied type="nursery" objects="61" bytes="1776" bytesdiscarded="38160" />
  <memory-copied type="tenure" objects="32" bytes="784" bytesdiscarded="0" />
</gc-op>
<gc-end id="4679" type="scavenge" contextid="4675" durationms="1.415" usertimems="2.382" systemtimems="0.000" timestamp="2019-08-09T18:07:02.875" activeThreads="16">
  <mem-info id="4680" free="166424648" total="203161600" percent="81">
    <mem type="nursery" free="164848640" total="183238656" percent="89">
      <mem type="allocate" free="164848640" total="164888576" percent="99" />
      <mem type="survivor" free="0" total="18350080" percent="0" />
    </mem>
    <mem type="tenure" free="1576008" total="19922944" percent="7" macro-fragmented="0">
      <mem type="soa" free="1377352" total="19724288" percent="6" />
      <mem type="loa" free="198656" total="198656" percent="100" />
    </mem>
    <remembered-set count="125" />
  </mem-info>
</gc-end>
<cycle-end id="4681" type="scavenge" contextid="4675" timestamp="2019-08-09T18:07:02.875" />
  <attribute name="elasticGC enabled" value="1" />
  <attribute name= "numThreadsSpecified" value="16" />
  <attribute name="heapSize specified" value="49152000" />
  <attribute name="Current GC Util" value="1" />
  <attribute name= "Current Time Running" value="158743" />
  <attribute name ="GC Interval" value="2265" />
  <attribute name="Target GC Util Change" value ="80.000000" />
  <attribute name="Current GC Util Change" value="1.000000"/>
  <attribute name="Current Error" value="220.000000" />
  <attribute name="Output H" value="203237536"/>
  <attribute name="Output I" value="2264"/>
  <attribute name="Output T" value="16"/>
  <attribute name= "Current Time Running" value="158743" />
  <attribute name="GC Util currently" value="1" />
  <attribute name="CPU Util currently" value="4238626946" />
<allocation-satisfied id="4682" threadId="0000000001164F00" bytesRequested="80" />
<af-end id="4683" timestamp="2019-08-09T18:07:02.875" threadId="0000000001165888" success="true" from="nursery"/>
<exclusive-end id="4684" timestamp="2019-08-09T18:07:02.875" durationms="1.627" />

<exclusive-start id="4685" timestamp="2019-08-09T18:07:03.168" intervalms="294.609">
  <response-info timems="0.024" idlems="0.024" threads="0" lastid="0000000001164F00" lastname="main" />
</exclusive-start>
<af-start id="4686" threadId="0000000001165888" totalBytesRequested="40" timestamp="2019-08-09T18:07:03.168" intervalms="294.613" type="nursery" />
<cycle-start id="4687" type="scavenge" contextid="0" timestamp="2019-08-09T18:07:03.168" intervalms="294.615" />
<gc-start id="4688" type="scavenge" contextid="4687" timestamp="2019-08-09T18:07:03.168">
  <mem-info id="4689" free="1576008" total="203161600" percent="0">
    <mem type="nursery" free="0" total="183238656" percent="0">
      <mem type="allocate" free="0" total="164888576" percent="0" />
      <mem type="survivor" free="0" total="18350080" percent="0" />
    </mem>
    <mem type="tenure" free="1576008" total="19922944" percent="7">
      <mem type="soa" free="1377352" total="19724288" percent="6" />
      <mem type="loa" free="198656" total="198656" percent="100" />
    </mem>
    <remembered-set count="127" />
  </mem-info>
</gc-start>
<allocation-stats totalBytes="164800600" >
  <allocated-bytes non-tlh="80" tlh="164800520" />
  <largest-consumer threadName="main" threadId="0000000001164F00" bytes="164800600" />
</allocation-stats>
<gc-op id="4690" type="scavenge" timems="1.800" contextid="4687" timestamp="2019-08-09T18:07:03.170">
  <scavenger-info tenureage="12" tenuremask="d000" tiltratio="89" />
  <memory-copied type="nursery" objects="65" bytes="2280" bytesdiscarded="29976" />
</gc-op>
<gc-end id="4691" type="scavenge" contextid="4687" durationms="2.016" usertimems="4.236" systemtimems="0.000" timestamp="2019-08-09T18:07:03.170" activeThreads="16">
  <mem-info id="4692" free="166432328" total="203161600" percent="81">
    <mem type="nursery" free="164856320" total="183238656" percent="89">
      <mem type="allocate" free="164856320" total="164888576" percent="99" />
      <mem type="survivor" free="0" total="18350080" percent="0" />
    </mem>
    <mem type="tenure" free="1576008" total="19922944" percent="7" macro-fragmented="0">
      <mem type="soa" free="1377352" total="19724288" percent="6" />
      <mem type="loa" free="198656" total="198656" percent="100" />
    </mem>
    <remembered-set count="127" />
  </mem-info>
</gc-end>
<cycle-end id="4693" type="scavenge" contextid="4687" timestamp="2019-08-09T18:07:03.170" />
  <attribute name="elasticGC enabled" value="1" />
  <attribute name= "numThreadsSpecified" value="16" />
  <attribute name="heapSize specified" value="49152000" />
  <attribute name="Current GC Util" value="0" />
  <attribute name= "Current Time Running" value="159038" />
  <attribute name ="GC Interval" value="2361" />
  <attribute name="Target GC Util Change" value ="80.000000" />
  <attribute name="Current GC Util Change" value="0.000000"/>
  <attribute name="Current Error" value="300.000000" />
  <attribute name="Output H" value="203237632"/>
  <attribute name="Output I" value="2360"/>
  <attribute name="Output T" value="16"/>
  <attribute name= "Current Time Running" value="159038" />
  <attribute name="GC Util currently" value="0" />
  <attribute name="CPU Util currently" value="3913137414" />
<allocation-satisfied id="4694" threadId="0000000001164F00" bytesRequested="40" />
<af-end id="4695" timestamp="2019-08-09T18:07:03.170" threadId="0000000001165888" success="true" from="nursery"/>
<exclusive-end id="4696" timestamp="2019-08-09T18:07:03.170" durationms="2.244" />

<exclusive-start id="4697" timestamp="2019-08-09T18:07:03.199" intervalms="31.274">
  <response-info timems="0.022" idlems="0.022" threads="0" lastid="0000000001164F00" lastname="main" />
</exclusive-start>
<af-start id="4698" threadId="0000000001165888" totalBytesRequested="24" timestamp="2019-08-09T18:07:03.199" intervalms="31.274" type="nursery" />
<cycle-start id="4699" type="scavenge" contextid="0" timestamp="2019-08-09T18:07:03.199" intervalms="31.272" />
<gc-start id="4700" type="scavenge" contextid="4699" timestamp="2019-08-09T18:07:03.199">
  <mem-info id="4701" free="1576008" total="203161600" percent="0">
    <mem type="nursery" free="0" total="183238656" percent="0">
      <mem type="allocate" free="0" total="164888576" percent="0" />
      <mem type="survivor" free="0" total="18350080" percent="0" />
    </mem>
    <mem type="tenure" free="1576008" total="19922944" percent="7">
      <mem type="soa" free="1377352" total="19724288" percent="6" />
      <mem type="loa" free="198656" total="198656" percent="100" />
    </mem>
    <remembered-set count="127" />
  </mem-info>
</gc-start>
<allocation-stats totalBytes="164628536" >
  <allocated-bytes non-tlh="40" tlh="164628496" />
  <largest-consumer threadName="main" threadId="0000000001164F00" bytes="164628536" />
</allocation-stats>
<gc-op id="4702" type="scavenge" timems="1.076" contextid="4699" timestamp="2019-08-09T18:07:03.201">
  <scavenger-info tenureage="13" tenuremask="e000" tiltratio="89" />
  <memory-copied type="nursery" objects="65" bytes="2280" bytesdiscarded="29976" />
</gc-op>
<gc-end id="4703" type="scavenge" contextid="4699" durationms="1.362" usertimems="2.207" systemtimems="0.000" timestamp="2019-08-09T18:07:03.201" activeThreads="16">
  <mem-info id="4704" free="166432328" total="203161600" percent="81">
    <mem type="nursery" free="164856320" total="183238656" percent="89">
      <mem type="allocate" free="164856320" total="164888576" percent="99" />
      <mem type="survivor" free="0" total="18350080" percent="0" />
    </mem>
    <mem type="tenure" free="1576008" total="19922944" percent="7" macro-fragmented="0">
      <mem type="soa" free="1377352" total="19724288" percent="6" />
      <mem type="loa" free="198656" total="198656" percent="100" />
    </mem>
    <remembered-set count="127" />
  </mem-info>
</gc-end>
<cycle-end id="4705" type="scavenge" contextid="4699" timestamp="2019-08-09T18:07:03.201" />
  <attribute name="elasticGC enabled" value="1" />
  <attribute name= "numThreadsSpecified" value="16" />
  <attribute name="heapSize specified" value="49152000" />
  <attribute name="Current GC Util" value="13" />
  <attribute name= "Current Time Running" value="159069" />
  <attribute name ="GC Interval" value="2433" />
  <attribute name="Target GC Util Change" value ="80.000000" />
  <attribute name="Current GC Util Change" value="13.000000"/>
  <attribute name="Current Error" value="367.000000" />
  <attribute name="Output H" value="203237704"/>
  <attribute name="Output I" value="2432"/>
  <attribute name="Output T" value="16"/>
  <attribute name= "Current Time Running" value="159069" />
  <attribute name="GC Util currently" value="13" />
  <attribute name="CPU Util currently" value="36836521458" />
<allocation-satisfied id="4706" threadId="0000000001164F00" bytesRequested="24" />
<af-end id="4707" timestamp="2019-08-09T18:07:03.201" threadId="0000000001165888" success="true" from="nursery"/>
<exclusive-end id="4708" timestamp="2019-08-09T18:07:03.201" durationms="1.586" />

* Round 4 done in 2.386 seconds.

-------------------------------------------------------------------------------
Benchmark: 2019-08-09 18:06:36
-------------------------------------------------------------------------------

    Rounds: 4
    Warp:   10
    Timer:  time.time

Test                             minimum  average  operation  overhead
-------------------------------------------------------------------------------
          BuiltinFunctionCalls:     15ms    151ms    0.30us    0.000ms
           BuiltinMethodLookup:     39ms    139ms    0.13us    0.000ms
                 CompareFloats:     17ms    148ms    0.12us    0.000ms
         CompareFloatsIntegers:     18ms    108ms    0.12us    0.000ms
               CompareIntegers:     24ms     82ms    0.05us    0.000ms
        CompareInternedStrings:     35ms    157ms    0.10us    0.000ms
                  CompareLongs:     16ms     76ms    0.07us    0.000ms
                CompareStrings:     27ms     75ms    0.08us    0.000ms
                CompareUnicode:     20ms     63ms    0.08us    0.000ms
                 ConcatStrings:     83ms    550ms    1.10us    0.000ms
                 ConcatUnicode:     47ms     86ms    0.29us    0.000ms
               CreateInstances:     36ms     74ms    0.66us    0.000ms
            CreateNewInstances:     53ms    102ms    1.22us    0.000ms
       CreateStringsWithConcat:     45ms    108ms    0.11us    0.000ms
       CreateUnicodeWithConcat:     22ms     51ms    0.13us    0.000ms
                  DictCreation:     29ms    101ms    0.25us    0.000ms
             DictWithFloatKeys:     15ms    237ms    0.26us    0.000ms
           DictWithIntegerKeys:     21ms     76ms    0.06us    0.000ms
            DictWithStringKeys:     24ms     77ms    0.06us    0.000ms
                      ForLoops:    108ms    212ms    8.50us    0.000ms
                    IfThenElse:     22ms    115ms    0.09us    0.000ms
                   ListSlicing:      7ms     28ms    2.02us    0.000ms
                NestedForLoops:     90ms    123ms    0.08us    0.000ms
          NormalClassAttribute:     24ms    131ms    0.11us    0.000ms
       NormalInstanceAttribute:     24ms     86ms    0.07us    0.000ms
           PythonFunctionCalls:     26ms    118ms    0.36us    0.000ms
             PythonMethodCalls:     34ms    105ms    0.47us    0.000ms
                     Recursion:     39ms    195ms    3.89us    0.000ms
                  SecondImport:     33ms    103ms    1.03us    0.000ms
           SecondPackageImport:     35ms     56ms    0.56us    0.000ms
         SecondSubmoduleImport:     58ms     86ms    0.86us    0.000ms
       SimpleComplexArithmetic:     15ms     84ms    0.09us    0.000ms
        SimpleDictManipulation:     29ms    153ms    0.13us    0.000ms
         SimpleFloatArithmetic:     20ms    153ms    0.12us    0.000ms
      SimpleIntFloatArithmetic:     20ms    150ms    0.11us    0.000ms
       SimpleIntegerArithmetic:     20ms     96ms    0.07us    0.000ms
        SimpleListManipulation:     40ms    151ms    0.13us    0.000ms
          SimpleLongArithmetic:     22ms     96ms    0.15us    0.000ms
                    SmallLists:     45ms     87ms    0.13us    0.000ms
                   SmallTuples:     44ms    151ms    0.28us    0.000ms
         SpecialClassAttribute:     23ms     76ms    0.06us    0.000ms
      SpecialInstanceAttribute:     25ms     76ms    0.06us    0.000ms
                StringMappings:     71ms    283ms    1.12us    0.000ms
              StringPredicates:     43ms    139ms    0.20us    0.000ms
                 StringSlicing:     30ms     64ms    0.11us    0.000ms
                     TryExcept:      2ms     28ms    0.01us    0.000ms
                TryRaiseExcept:     81ms    123ms    1.92us    0.000ms
                  TupleSlicing:     19ms     34ms    0.13us    0.000ms
               UnicodeMappings:    133ms    178ms    4.95us    0.000ms
             UnicodePredicates:     45ms     97ms    0.18us    0.000ms
             UnicodeProperties:    348ms    517ms    1.29us    0.000ms
                UnicodeSlicing:     33ms     63ms    0.13us    0.000ms
-------------------------------------------------------------------------------
Totals:                           2194ms   6620ms

===== DaCapo 9.12-MR1 jython PASSED in 30653 msec =====
<exclusive-start id="4709" timestamp="2019-08-09T18:07:03.423" intervalms="224.118">
  <response-info timems="0.256" idlems="0.256" threads="0" lastid="0000000001164F00" lastname="main" />
</exclusive-start>
<af-start id="4710" threadId="0000000001165888" totalBytesRequested="135896" timestamp="2019-08-09T18:07:03.424" intervalms="224.139" type="nursery" />
<cycle-start id="4711" type="scavenge" contextid="0" timestamp="2019-08-09T18:07:03.424" intervalms="224.157" />
<gc-start id="4712" type="scavenge" contextid="4711" timestamp="2019-08-09T18:07:03.424">
  <mem-info id="4713" free="1655520" total="203161600" percent="0">
    <mem type="nursery" free="116648" total="183238656" percent="0">
      <mem type="allocate" free="116648" total="164888576" percent="0" />
      <mem type="survivor" free="0" total="18350080" percent="0" />
    </mem>
    <mem type="tenure" free="1538872" total="19922944" percent="7">
      <mem type="soa" free="1340216" total="19724288" percent="6" />
      <mem type="loa" free="198656" total="198656" percent="100" />
    </mem>
    <remembered-set count="667" />
  </mem-info>
</gc-start>
<allocation-stats totalBytes="150033080" >
  <allocated-bytes non-tlh="50999904" tlh="99033176" />
  <largest-consumer threadName="main" threadId="0000000001164F00" bytes="150033080" />
</allocation-stats>
<gc-op id="4714" type="scavenge" timems="3.703" contextid="4711" timestamp="2019-08-09T18:07:03.427">
  <scavenger-info tenureage="4" tenuremask="4030" tiltratio="89" />
  <memory-copied type="nursery" objects="4026" bytes="640536" bytesdiscarded="75152" />
  <memory-copied type="tenure" objects="24" bytes="576" bytesdiscarded="0" />
  <finalization candidates="1" enqueued="1" />
  <ownableSynchronizers candidates="3" cleared="3" />
  <references type="soft" candidates="16" cleared="0" enqueued="0" dynamicThreshold="3" maxThreshold="32" />
  <references type="weak" candidates="77" cleared="62" enqueued="60" />
  <references type="phantom" candidates="38" cleared="11" enqueued="11" />
</gc-op>
<gc-end id="4715" type="scavenge" contextid="4711" durationms="4.279" usertimems="13.008" systemtimems="0.000" timestamp="2019-08-09T18:07:03.428" activeThreads="16">
  <mem-info id="4716" free="165711632" total="203161600" percent="81">
    <mem type="nursery" free="164172760" total="183238656" percent="89">
      <mem type="allocate" free="164172760" total="164888576" percent="99" />
      <mem type="survivor" free="0" total="18350080" percent="0" />
    </mem>
    <mem type="tenure" free="1538872" total="19922944" percent="7" macro-fragmented="0">
      <mem type="soa" free="1340216" total="19724288" percent="6" />
      <mem type="loa" free="198656" total="198656" percent="100" />
    </mem>
    <pending-finalizers system="1" default="0" reference="71" classloader="0" />
    <remembered-set count="648" />
  </mem-info>
</gc-end>
<cycle-end id="4717" type="scavenge" contextid="4711" timestamp="2019-08-09T18:07:03.428" />
  <attribute name="elasticGC enabled" value="1" />
  <attribute name= "numThreadsSpecified" value="16" />
  <attribute name="heapSize specified" value="49152000" />
  <attribute name="Current GC Util" value="1" />
  <attribute name= "Current Time Running" value="159293" />
  <attribute name ="GC Interval" value="2529" />
  <attribute name="Target GC Util Change" value ="80.000000" />
  <attribute name="Current GC Util Change" value="1.000000"/>
  <attribute name="Current Error" value="446.000000" />
  <attribute name="Output H" value="203237800"/>
  <attribute name="Output I" value="2528"/>
  <attribute name="Output T" value="16"/>
  <attribute name= "Current Time Running" value="159293" />
  <attribute name="GC Util currently" value="1" />
  <attribute name="CPU Util currently" value="5141538779" />
<allocation-satisfied id="4718" threadId="0000000001164F00" bytesRequested="135896" />
<af-end id="4719" timestamp="2019-08-09T18:07:03.428" threadId="0000000001165888" success="true" from="nursery"/>
<exclusive-end id="4720" timestamp="2019-08-09T18:07:03.428" durationms="4.701" />

<exclusive-start id="4721" timestamp="2019-08-09T18:07:03.431" intervalms="7.517">
  <response-info timems="0.064" idlems="0.064" threads="0" lastid="0000000001164F00" lastname="main" />
</exclusive-start>
<sys-start reason="explicit" id="4722" timestamp="2019-08-09T18:07:03.431" intervalms="30922.846" />
<cycle-start id="4723" type="global" contextid="0" timestamp="2019-08-09T18:07:03.431" intervalms="21625.362" />
<gc-start id="4724" type="global" contextid="4723" timestamp="2019-08-09T18:07:03.431">
  <mem-info id="4725" free="142834320" total="203161600" percent="70">
    <mem type="nursery" free="141295448" total="183238656" percent="77">
      <mem type="allocate" free="141295448" total="164888576" percent="85" />
      <mem type="survivor" free="0" total="18350080" percent="0" />
    </mem>
    <mem type="tenure" free="1538872" total="19922944" percent="7">
      <mem type="soa" free="1340216" total="19724288" percent="6" />
      <mem type="loa" free="198656" total="198656" percent="100" />
    </mem>
    <remembered-set count="651" />
  </mem-info>
</gc-start>
<allocation-stats totalBytes="22877312" >
  <allocated-bytes non-tlh="22807680" tlh="69632" />
  <largest-consumer threadName="main" threadId="0000000001164F00" bytes="22873216" />
</allocation-stats>
<gc-op id="4726" type="mark" timems="24.637" contextid="4723" timestamp="2019-08-09T18:07:03.456">
  <trace-info objectcount="600314" scancount="520605" scanbytes="13399232" />
  <finalization candidates="80" enqueued="0" />
  <ownableSynchronizers candidates="21" cleared="0" />
  <references type="soft" candidates="3301" cleared="1433" enqueued="722" dynamicThreshold="3" maxThreshold="32" />
  <references type="weak" candidates="5627" cleared="8" enqueued="5" />
  <references type="phantom" candidates="101" cleared="0" enqueued="0" />
  <stringconstants candidates="14083" cleared="392"  />
</gc-op>
<gc-op id="4727" type="classunload" timems="0.552" contextid="4723" timestamp="2019-08-09T18:07:03.457">
  <classunload-info classloadercandidates="56" classloadersunloaded="2" classesunloaded="2" anonymousclassesunloaded="0" quiescems="0.190" setupms="0.529" scanms="0.019" postms="0.004" />
</gc-op>
<gc-op id="4728" type="sweep" timems="3.541" contextid="4723" timestamp="2019-08-09T18:07:03.460" />
<mem-info id="4729" free="166333152" total="203161600" percent="81">
  <mem type="nursery" free="164433392" total="183238656" percent="89">
    <mem type="allocate" free="164433392" total="164888576" percent="99" />
    <mem type="survivor" free="0" total="18350080" percent="0" />
  </mem>
  <mem type="tenure" free="1899760" total="19922944" percent="9" micro-fragmented="60380" macro-fragmented="0">
    <mem type="soa" free="1701104" total="19724288" percent="8" />
    <mem type="loa" free="198656" total="198656" percent="100" />
  </mem>
  <pending-finalizers system="0" default="0" reference="727" classloader="0" />
  <remembered-set count="618" />
</mem-info>
<gc-op id="4730" type="compact" timems="162.237" contextid="4723" timestamp="2019-08-09T18:07:03.623">
  <compact-info movecount="594072" movebytes="18173328" reason="compact to aid heap contraction" />
</gc-op>
<heap-resize id="4731" type="expand" space="tenure" amount="131072" count="1" timems="0.020" reason="satisfy allocation request" timestamp="2019-08-09T18:07:03.624" />
<gc-end id="4732" type="global" contextid="4723" durationms="192.575" usertimems="212.849" systemtimems="0.000" timestamp="2019-08-09T18:07:03.624" activeThreads="8">
  <mem-info id="4733" free="166512560" total="203292672" percent="81">
    <mem type="nursery" free="164437048" total="183238656" percent="89">
      <mem type="allocate" free="164437048" total="164888576" percent="99" />
      <mem type="survivor" free="0" total="18350080" percent="0" />
    </mem>
    <mem type="tenure" free="2075512" total="20054016" percent="10">
      <mem type="soa" free="1875832" total="19854336" percent="9" />
      <mem type="loa" free="199680" total="199680" percent="100" />
    </mem>
    <pending-finalizers system="0" default="0" reference="727" classloader="0" />
    <remembered-set count="618" />
  </mem-info>
</gc-end>
<cycle-end id="4734" type="global" contextid="4723" timestamp="2019-08-09T18:07:03.624" />
  <attribute name="elasticGC enabled" value="1" />
  <attribute name= "numThreadsSpecified" value="8" />
  <attribute name="heapSize specified" value="203161600" />
  <attribute name="Current GC Util" value="11" />
  <attribute name= "Current Time Running" value="159493" />
  <attribute name ="GC Interval" value="2529" />
  <attribute name="Target GC Util Change" value ="80.000000" />
  <attribute name="Current GC Util Change" value="11.000000"/>
  <attribute name="Current Error" value="-20.000000" />
  <attribute name="Output H" value="203237264"/>
  <attribute name="Output I" value="1992"/>
  <attribute name="Output T" value="8"/>
  <attribute name= "Current Time Running" value="159493" />
  <attribute name="GC Util currently" value="11" />
  <attribute name="CPU Util currently" value="7105051677" />
<sys-end id="4735" timestamp="2019-08-09T18:07:03.624" />
<exclusive-end id="4736" timestamp="2019-08-09T18:07:03.624" durationms="192.939" />

===== DaCapo 9.12-MR1 pmd starting =====
<exclusive-start id="4737" timestamp="2019-08-09T18:07:05.748" intervalms="2317.485">
  <response-info timems="0.940" idlems="0.231" threads="6" lastid="0000000001177B00" lastname="JIT Compilation Thread-4" />
</exclusive-start>
<af-start id="4738" threadId="000000000148F688" totalBytesRequested="24" timestamp="2019-08-09T18:07:05.749" intervalms="2324.997" type="nursery" />
<cycle-start id="4739" type="scavenge" contextid="0" timestamp="2019-08-09T18:07:05.749" intervalms="2324.984" />
<gc-start id="4740" type="scavenge" contextid="4739" timestamp="2019-08-09T18:07:05.749">
  <mem-info id="4741" free="1869984" total="203292672" percent="0">
    <mem type="nursery" free="0" total="183238656" percent="0">
      <mem type="allocate" free="0" total="164888576" percent="0" />
      <mem type="survivor" free="0" total="18350080" percent="0" />
    </mem>
    <mem type="tenure" free="1869984" total="20054016" percent="9">
      <mem type="soa" free="1670304" total="19854336" percent="8" />
      <mem type="loa" free="199680" total="199680" percent="100" />
    </mem>
    <remembered-set count="3827" />
  </mem-info>
</gc-start>
<allocation-stats totalBytes="164537152" >
  <allocated-bytes non-tlh="613048" tlh="163924104" />
  <largest-consumer threadName="PmdThread 5" threadId="000000000148B200" bytes="15658696" />
</allocation-stats>
<gc-op id="4742" type="scavenge" timems="19.632" contextid="4739" timestamp="2019-08-09T18:07:05.768">
  <scavenger-info tenureage="4" tenuremask="ff90" tiltratio="89" />
  <memory-copied type="nursery" objects="335960" bytes="15175368" bytesdiscarded="173416" />
  <finalization candidates="4" enqueued="0" />
  <ownableSynchronizers candidates="61" cleared="42" />
  <references type="soft" candidates="171" cleared="0" enqueued="0" dynamicThreshold="3" maxThreshold="32" />
  <references type="weak" candidates="2040" cleared="1627" enqueued="1559" />
  <references type="phantom" candidates="491" cleared="230" enqueued="230" />
</gc-op>
<gc-end id="4743" type="scavenge" contextid="4739" durationms="20.066" usertimems="94.199" systemtimems="12.064" timestamp="2019-08-09T18:07:05.769" activeThreads="16">
  <mem-info id="4744" free="140958824" total="203292672" percent="69">
    <mem type="nursery" free="139088840" total="183238656" percent="75">
      <mem type="allocate" free="139088840" total="154468352" percent="90" />
      <mem type="survivor" free="0" total="28770304" percent="0" />
    </mem>
    <mem type="tenure" free="1869984" total="20054016" percent="9" macro-fragmented="0">
      <mem type="soa" free="1670304" total="19854336" percent="8" />
      <mem type="loa" free="199680" total="199680" percent="100" />
    </mem>
    <pending-finalizers system="0" default="0" reference="1789" classloader="0" />
    <remembered-set count="3805" />
  </mem-info>
</gc-end>
<cycle-end id="4745" type="scavenge" contextid="4739" timestamp="2019-08-09T18:07:05.769" />
  <attribute name="elasticGC enabled" value="1" />
  <attribute name= "numThreadsSpecified" value="16" />
  <attribute name="heapSize specified" value="203161600" />
  <attribute name="Current GC Util" value="8" />
  <attribute name= "Current Time Running" value="161618" />
  <attribute name ="GC Interval" value="2073" />
  <attribute name="Target GC Util Change" value ="80.000000" />
  <attribute name="Current GC Util Change" value="8.000000"/>
  <attribute name="Current Error" value="52.000000" />
  <attribute name="Output H" value="203368416"/>
  <attribute name="Output I" value="2072"/>
  <attribute name="Output T" value="16"/>
  <attribute name= "Current Time Running" value="161618" />
  <attribute name="GC Util currently" value="8" />
  <attribute name="CPU Util currently" value="16" />
<allocation-satisfied id="4746" threadId="000000000148ED00" bytesRequested="24" />
<af-end id="4747" timestamp="2019-08-09T18:07:05.769" threadId="000000000148F688" success="true" from="nursery"/>
<exclusive-end id="4748" timestamp="2019-08-09T18:07:05.769" durationms="20.705" />

<exclusive-start id="4749" timestamp="2019-08-09T18:07:06.894" intervalms="1145.953">
  <response-info timems="6.209" idlems="6.209" threads="0" lastid="0000000001461F00" lastname="PmdThread 16" />
</exclusive-start>
<af-start id="4750" threadId="0000000001462888" totalBytesRequested="56" timestamp="2019-08-09T18:07:06.895" intervalms="1145.956" type="nursery" />
<cycle-start id="4751" type="scavenge" contextid="0" timestamp="2019-08-09T18:07:06.895" intervalms="1145.980" />
<gc-start id="4752" type="scavenge" contextid="4751" timestamp="2019-08-09T18:07:06.895">
  <mem-info id="4753" free="1842616" total="203292672" percent="0">
    <mem type="nursery" free="0" total="183238656" percent="0">
      <mem type="allocate" free="0" total="154468352" percent="0" />
      <mem type="survivor" free="0" total="28770304" percent="0" />
    </mem>
    <mem type="tenure" free="1842616" total="20054016" percent="9">
      <mem type="soa" free="1642936" total="19854336" percent="8" />
      <mem type="loa" free="199680" total="199680" percent="100" />
    </mem>
    <remembered-set count="4111" />
  </mem-info>
</gc-start>
<allocation-stats totalBytes="139065280" >
  <allocated-bytes non-tlh="27392" tlh="139037888" />
  <largest-consumer threadName="PmdThread 5" threadId="000000000148B200" bytes="22508432" />
</allocation-stats>
<gc-op id="4754" type="scavenge" timems="73.424" contextid="4751" timestamp="2019-08-09T18:07:06.968">
  <scavenger-info tenureage="3" tenuremask="ffc8" tiltratio="84" />
  <memory-copied type="nursery" objects="516930" bytes="21947176" bytesdiscarded="210152" />
  <finalization candidates="4" enqueued="0" />
  <ownableSynchronizers candidates="19" cleared="0" />
  <references type="soft" candidates="171" cleared="0" enqueued="0" dynamicThreshold="3" maxThreshold="32" />
  <references type="weak" candidates="1640" cleared="1226" enqueued="1225" />
  <references type="phantom" candidates="423" cleared="160" enqueued="160" />
</gc-op>
<gc-end id="4755" type="scavenge" contextid="4751" durationms="74.333" usertimems="265.462" systemtimems="149.212" timestamp="2019-08-09T18:07:06.969" activeThreads="16">
  <mem-info id="4756" free="129505136" total="203292672" percent="63">
    <mem type="nursery" free="127662520" total="183238656" percent="69">
      <mem type="allocate" free="127662520" total="149880832" percent="85" />
      <mem type="survivor" free="0" total="33357824" percent="0" />
    </mem>
    <mem type="tenure" free="1842616" total="20054016" percent="9" macro-fragmented="1500163">
      <mem type="soa" free="1642936" total="19854336" percent="8" />
      <mem type="loa" free="199680" total="199680" percent="100" />
    </mem>
    <pending-finalizers system="0" default="0" reference="1385" classloader="0" />
    <remembered-set count="3662" />
  </mem-info>
</gc-end>
<cycle-end id="4757" type="scavenge" contextid="4751" timestamp="2019-08-09T18:07:06.969" />
  <attribute name="elasticGC enabled" value="1" />
  <attribute name= "numThreadsSpecified" value="16" />
  <attribute name="heapSize specified" value="203161600" />
  <attribute name="Current GC Util" value="8" />
  <attribute name= "Current Time Running" value="162764" />
  <attribute name ="GC Interval" value="2153" />
  <attribute name="Target GC Util Change" value ="80.000000" />
  <attribute name="Current GC Util Change" value="8.000000"/>
  <attribute name="Current Error" value="124.000000" />
  <attribute name="Output H" value="203368496"/>
  <attribute name="Output I" value="2152"/>
  <attribute name="Output T" value="16"/>
  <attribute name= "Current Time Running" value="162764" />
  <attribute name="GC Util currently" value="8" />
  <attribute name="CPU Util currently" value="1006113365" />
<allocation-satisfied id="4758" threadId="0000000001461F00" bytesRequested="56" />
<af-end id="4759" timestamp="2019-08-09T18:07:06.969" threadId="0000000001462888" success="true" from="nursery"/>
<exclusive-end id="4760" timestamp="2019-08-09T18:07:06.969" durationms="74.949" />

<exclusive-start id="4761" timestamp="2019-08-09T18:07:07.728" intervalms="833.077">
  <response-info timems="8.069" idlems="8.069" threads="0" lastid="000000000147C200" lastname="PmdThread 1" />
</exclusive-start>
<af-start id="4762" threadId="000000000147CB88" totalBytesRequested="16" timestamp="2019-08-09T18:07:07.728" intervalms="833.072" type="nursery" />
<cycle-start id="4763" type="scavenge" contextid="0" timestamp="2019-08-09T18:07:07.728" intervalms="833.102" />
<gc-start id="4764" type="scavenge" contextid="4763" timestamp="2019-08-09T18:07:07.728">
  <mem-info id="4765" free="1820080" total="203292672" percent="0">
    <mem type="nursery" free="0" total="183238656" percent="0">
      <mem type="allocate" free="0" total="149880832" percent="0" />
      <mem type="survivor" free="0" total="33357824" percent="0" />
    </mem>
    <mem type="tenure" free="1820080" total="20054016" percent="9">
      <mem type="soa" free="1620400" total="19854336" percent="8" />
      <mem type="loa" free="199680" total="199680" percent="100" />
    </mem>
    <remembered-set count="3887" />
  </mem-info>
</gc-start>
<allocation-stats totalBytes="127631896" >
  <allocated-bytes non-tlh="465792" tlh="127166104" />
  <largest-consumer threadName="PmdThread 14" threadId="0000000001478600" bytes="19231568" />
</allocation-stats>
<gc-op id="4766" type="scavenge" timems="23.830" contextid="4763" timestamp="2019-08-09T18:07:07.752">
  <scavenger-info tenureage="3" tenuremask="fff8" tiltratio="81" />
  <memory-copied type="nursery" objects="494378" bytes="20549144" bytesdiscarded="390232" />
  <memory-copied type="tenure" objects="2006" bytes="374152" bytesdiscarded="0" />
  <finalization candidates="4" enqueued="0" />
  <ownableSynchronizers candidates="19" cleared="0" />
  <references type="soft" candidates="155" cleared="0" enqueued="0" dynamicThreshold="3" maxThreshold="32" />
  <references type="weak" candidates="1769" cleared="1366" enqueued="1356" />
  <references type="phantom" candidates="400" cleared="167" enqueued="167" />
</gc-op>
<gc-end id="4767" type="scavenge" contextid="4763" durationms="24.628" usertimems="106.991" systemtimems="0.000" timestamp="2019-08-09T18:07:07.752" activeThreads="16">
  <mem-info id="4768" free="135455760" total="203292672" percent="66">
    <mem type="nursery" free="134448480" total="183238656" percent="73">
      <mem type="allocate" free="134448480" total="155451392" percent="86" />
      <mem type="survivor" free="0" total="27787264" percent="0" />
    </mem>
    <mem type="tenure" free="1007280" total="20054016" percent="5" macro-fragmented="10920">
      <mem type="soa" free="807600" total="19854336" percent="4" />
      <mem type="loa" free="199680" total="199680" percent="100" />
    </mem>
    <pending-finalizers system="0" default="0" reference="1523" classloader="0" />
    <remembered-set count="1400" />
  </mem-info>
</gc-end>
<cycle-end id="4769" type="scavenge" contextid="4763" timestamp="2019-08-09T18:07:07.753" />
  <attribute name="elasticGC enabled" value="1" />
  <attribute name= "numThreadsSpecified" value="16" />
  <attribute name="heapSize specified" value="203161600" />
  <attribute name="Current GC Util" value="43" />
  <attribute name= "Current Time Running" value="163598" />
  <attribute name ="GC Interval" value="2057" />
  <attribute name="Target GC Util Change" value ="80.000000" />
  <attribute name="Current GC Util Change" value="43.000000"/>
  <attribute name="Current Error" value="37.000000" />
  <attribute name="Output H" value="203368400"/>
  <attribute name="Output I" value="2056"/>
  <attribute name="Output T" value="16"/>
  <attribute name= "Current Time Running" value="163598" />
  <attribute name="GC Util currently" value="43" />
  <attribute name="CPU Util currently" value="1383485723" />
<allocation-satisfied id="4770" threadId="000000000147C200" bytesRequested="16" />
<af-end id="4771" timestamp="2019-08-09T18:07:07.753" threadId="000000000147CB88" success="true" from="nursery"/>
<exclusive-end id="4772" timestamp="2019-08-09T18:07:07.753" durationms="25.211" />

<exclusive-start id="4773" timestamp="2019-08-09T18:07:08.602" intervalms="874.365">
  <response-info timems="0.021" idlems="0.021" threads="0" lastid="000000000148B200" lastname="PmdThread 5" />
</exclusive-start>
<af-start id="4774" threadId="000000000148BB88" totalBytesRequested="120" timestamp="2019-08-09T18:07:08.602" intervalms="874.351" type="nursery" />
<cycle-start id="4775" type="scavenge" contextid="0" timestamp="2019-08-09T18:07:08.602" intervalms="874.294" />
<gc-start id="4776" type="scavenge" contextid="4775" timestamp="2019-08-09T18:07:08.602">
  <mem-info id="4777" free="980232" total="203292672" percent="0">
    <mem type="nursery" free="0" total="183238656" percent="0">
      <mem type="allocate" free="0" total="155451392" percent="0" />
      <mem type="survivor" free="0" total="27787264" percent="0" />
    </mem>
    <mem type="tenure" free="980232" total="20054016" percent="4">
      <mem type="soa" free="780552" total="19854336" percent="3" />
      <mem type="loa" free="199680" total="199680" percent="100" />
    </mem>
    <remembered-set count="1715" />
  </mem-info>
</gc-start>
<allocation-stats totalBytes="134396040" >
  <allocated-bytes non-tlh="27064" tlh="134368976" />
  <largest-consumer threadName="PmdThread 5" threadId="000000000148B200" bytes="29942216" />
</allocation-stats>
<gc-op id="4778" type="scavenge" timems="14.666" contextid="4775" timestamp="2019-08-09T18:07:08.617">
  <scavenger-info tenureage="5" tenuremask="ffe0" tiltratio="84" />
  <memory-copied type="nursery" objects="400442" bytes="16272736" bytesdiscarded="287048" />
  <finalization candidates="4" enqueued="0" />
  <ownableSynchronizers candidates="19" cleared="15" />
  <references type="soft" candidates="142" cleared="0" enqueued="0" dynamicThreshold="3" maxThreshold="32" />
  <references type="weak" candidates="3009" cleared="2678" enqueued="2678" />
  <references type="phantom" candidates="407" cleared="175" enqueued="175" />
</gc-op>
<gc-end id="4779" type="scavenge" contextid="4775" durationms="15.155" usertimems="76.476" systemtimems="0.000" timestamp="2019-08-09T18:07:08.617" activeThreads="16">
  <mem-info id="4780" free="140489112" total="203292672" percent="69">
    <mem type="nursery" free="139508880" total="183238656" percent="76">
      <mem type="allocate" free="139508880" total="156106752" percent="89" />
      <mem type="survivor" free="0" total="27131904" percent="0" />
    </mem>
    <mem type="tenure" free="980232" total="20054016" percent="4" macro-fragmented="0">
      <mem type="soa" free="780552" total="19854336" percent="3" />
      <mem type="loa" free="199680" total="199680" percent="100" />
    </mem>
    <pending-finalizers system="0" default="0" reference="2853" classloader="0" />
    <remembered-set count="1585" />
  </mem-info>
</gc-end>
<cycle-end id="4781" type="scavenge" contextid="4775" timestamp="2019-08-09T18:07:08.618" />
  <attribute name="elasticGC enabled" value="1" />
  <attribute name= "numThreadsSpecified" value="16" />
  <attribute name="heapSize specified" value="203161600" />
  <attribute name="Current GC Util" value="11" />
  <attribute name= "Current Time Running" value="164472" />
  <attribute name ="GC Interval" value="2137" />
  <attribute name="Target GC Util Change" value ="80.000000" />
  <attribute name="Current GC Util Change" value="11.000000"/>
  <attribute name="Current Error" value="106.000000" />
  <attribute name="Output H" value="203368480"/>
  <attribute name="Output I" value="2136"/>
  <attribute name="Output T" value="16"/>
  <attribute name= "Current Time Running" value="164472" />
  <attribute name="GC Util currently" value="11" />
  <attribute name="CPU Util currently" value="1319066732" />
<allocation-satisfied id="4782" threadId="000000000148B200" bytesRequested="120" />
<af-end id="4783" timestamp="2019-08-09T18:07:08.618" threadId="000000000148BB88" success="true" from="nursery"/>
<exclusive-end id="4784" timestamp="2019-08-09T18:07:08.618" durationms="15.803" />

===== DaCapo 9.12-MR1 pmd PASSED in 5364 msec =====
Using scaled threading model. 16 processors detected, 16 threads used to drive the workload, in a possible range of [1,512]
<exclusive-start id="4785" timestamp="2019-08-09T18:07:09.213" intervalms="611.028">
  <response-info timems="0.040" idlems="0.021" threads="1" lastid="000000000118A600" lastname="IProfiler" />
</exclusive-start>
<sys-start reason="explicit" id="4786" timestamp="2019-08-09T18:07:09.213" intervalms="5781.910" />
<cycle-start id="4787" type="global" contextid="0" timestamp="2019-08-09T18:07:09.213" intervalms="5781.911" />
<gc-start id="4788" type="global" contextid="4787" timestamp="2019-08-09T18:07:09.213">
  <mem-info id="4789" free="83960912" total="203292672" percent="41">
    <mem type="nursery" free="83016704" total="183238656" percent="45">
      <mem type="allocate" free="83016704" total="156106752" percent="53" />
      <mem type="survivor" free="0" total="27131904" percent="0" />
    </mem>
    <mem type="tenure" free="944208" total="20054016" percent="4">
      <mem type="soa" free="744528" total="19854336" percent="3" />
      <mem type="loa" free="199680" total="199680" percent="100" />
    </mem>
    <remembered-set count="2235" />
  </mem-info>
</gc-start>
<allocation-stats totalBytes="56492992" >
  <allocated-bytes non-tlh="2919752" tlh="53573240" />
  <largest-consumer threadName="main" threadId="0000000001164F00" bytes="9763536" />
</allocation-stats>
<gc-op id="4790" type="mark" timems="21.895" contextid="4787" timestamp="2019-08-09T18:07:09.235">
  <trace-info objectcount="611219" scancount="529796" scanbytes="13724832" />
  <finalization candidates="152" enqueued="1" />
  <ownableSynchronizers candidates="27" cleared="4" />
  <references type="soft" candidates="1907" cleared="0" enqueued="0" dynamicThreshold="3" maxThreshold="32" />
  <references type="weak" candidates="6860" cleared="780" enqueued="755" />
  <references type="phantom" candidates="346" cleared="14" enqueued="14" />
  <stringconstants candidates="15835" cleared="1780"  />
</gc-op>
<gc-op id="4791" type="classunload" timems="16.071" contextid="4787" timestamp="2019-08-09T18:07:09.251">
  <classunload-info classloadercandidates="64" classloadersunloaded="10" classesunloaded="1012" anonymousclassesunloaded="0" quiescems="0.000" setupms="8.328" scanms="7.735" postms="0.008" />
</gc-op>
<gc-op id="4792" type="sweep" timems="1.879" contextid="4787" timestamp="2019-08-09T18:07:09.253" />
<mem-info id="4793" free="154944568" total="203292672" percent="76">
  <mem type="nursery" free="153306256" total="183238656" percent="83">
    <mem type="allocate" free="153306256" total="156106752" percent="98" />
    <mem type="survivor" free="0" total="27131904" percent="0" />
  </mem>
  <mem type="tenure" free="1638312" total="20054016" percent="8" micro-fragmented="21792" macro-fragmented="56288">
    <mem type="soa" free="1438632" total="19854336" percent="7" />
    <mem type="loa" free="199680" total="199680" percent="100" />
  </mem>
  <pending-finalizers system="1" default="0" reference="769" classloader="0" />
  <remembered-set count="1015" />
</mem-info>
<gc-op id="4794" type="compact" timems="159.699" contextid="4787" timestamp="2019-08-09T18:07:09.413">
  <compact-info movecount="604379" movebytes="20723200" reason="compact to aid heap contraction" />
</gc-op>
<heap-resize id="4795" type="expand" space="tenure" amount="131072" count="1" timems="0.021" reason="satisfy allocation request" timestamp="2019-08-09T18:07:09.414" />
<gc-end id="4796" type="global" contextid="4787" durationms="200.559" usertimems="252.132" systemtimems="15.668" timestamp="2019-08-09T18:07:09.414" activeThreads="16">
  <mem-info id="4797" free="155280264" total="203423744" percent="76">
    <mem type="nursery" free="153483800" total="183238656" percent="83">
      <mem type="allocate" free="153483800" total="156106752" percent="98" />
      <mem type="survivor" free="0" total="27131904" percent="0" />
    </mem>
    <mem type="tenure" free="1796464" total="20185088" percent="8">
      <mem type="soa" free="1594736" total="19983360" percent="7" />
      <mem type="loa" free="201728" total="201728" percent="100" />
    </mem>
    <pending-finalizers system="1" default="0" reference="769" classloader="0" />
    <remembered-set count="1015" />
  </mem-info>
</gc-end>
<cycle-end id="4798" type="global" contextid="4787" timestamp="2019-08-09T18:07:09.416" />
  <attribute name="elasticGC enabled" value="1" />
  <attribute name= "numThreadsSpecified" value="16" />
  <attribute name="heapSize specified" value="203292672" />
  <attribute name="Current GC Util" value="10" />
  <attribute name= "Current Time Running" value="165283" />
  <attribute name ="GC Interval" value="2137" />
  <attribute name="Target GC Util Change" value ="80.000000" />
  <attribute name="Current GC Util Change" value="10.000000"/>
  <attribute name="Current Error" value="14.000000" />
  <attribute name="Output H" value="203368368"/>
  <attribute name="Output I" value="2024"/>
  <attribute name="Output T" value="16"/>
  <attribute name= "Current Time Running" value="165283" />
  <attribute name="GC Util currently" value="10" />
  <attribute name="CPU Util currently" value="7217884411" />
<sys-end id="4799" timestamp="2019-08-09T18:07:09.416" />
<exclusive-end id="4800" timestamp="2019-08-09T18:07:09.416" durationms="202.634" />

===== DaCapo 9.12-MR1 sunflow starting =====
<exclusive-start id="4801" timestamp="2019-08-09T18:07:10.365" intervalms="1152.375">
  <response-info timems="17.572" idlems="17.572" threads="0" lastid="000000000148B200" lastname="Thread-27" />
</exclusive-start>
<af-start id="4802" threadId="000000000148BB88" totalBytesRequested="40" timestamp="2019-08-09T18:07:10.365" intervalms="1763.425" type="nursery" />
<cycle-start id="4803" type="scavenge" contextid="0" timestamp="2019-08-09T18:07:10.365" intervalms="1763.509" />
<gc-start id="4804" type="scavenge" contextid="4803" timestamp="2019-08-09T18:07:10.366">
  <mem-info id="4805" free="1733912" total="203423744" percent="0">
    <mem type="nursery" free="0" total="183238656" percent="0">
      <mem type="allocate" free="0" total="156106752" percent="0" />
      <mem type="survivor" free="0" total="27131904" percent="0" />
    </mem>
    <mem type="tenure" free="1733912" total="20185088" percent="8">
      <mem type="soa" free="1532184" total="19983360" percent="7" />
      <mem type="loa" free="201728" total="201728" percent="100" />
    </mem>
    <remembered-set count="1874" />
  </mem-info>
</gc-start>
<allocation-stats totalBytes="153451992" >
  <allocated-bytes non-tlh="3374088" tlh="150077904" />
  <largest-consumer threadName="Thread-29" threadId="0000000001470E00" bytes="14863328" />
</allocation-stats>
<gc-op id="4806" type="scavenge" timems="8.413" contextid="4803" timestamp="2019-08-09T18:07:10.374">
  <scavenger-info tenureage="5" tenuremask="ffe0" tiltratio="85" />
  <memory-copied type="nursery" objects="134423" bytes="9238864" bytesdiscarded="226576" />
  <finalization candidates="71" enqueued="0" />
  <ownableSynchronizers candidates="46" cleared="44" />
  <references type="soft" candidates="57" cleared="0" enqueued="0" dynamicThreshold="2" maxThreshold="32" />
  <references type="weak" candidates="507" cleared="29" enqueued="27" />
  <references type="phantom" candidates="236" cleared="0" enqueued="0" />
</gc-op>
<gc-end id="4807" type="scavenge" contextid="4803" durationms="9.607" usertimems="17.929" systemtimems="3.609" timestamp="2019-08-09T18:07:10.375" activeThreads="16">
  <mem-info id="4808" free="149882048" total="203423744" percent="73">
    <mem type="nursery" free="148148136" total="183238656" percent="80">
      <mem type="allocate" free="148148136" total="157614080" percent="93" />
      <mem type="survivor" free="0" total="25624576" percent="0" />
    </mem>
    <mem type="tenure" free="1733912" total="20185088" percent="8" macro-fragmented="1250136">
      <mem type="soa" free="1532184" total="19983360" percent="7" />
      <mem type="loa" free="201728" total="201728" percent="100" />
    </mem>
    <pending-finalizers system="0" default="0" reference="27" classloader="0" />
    <remembered-set count="1846" />
  </mem-info>
</gc-end>
<cycle-end id="4809" type="scavenge" contextid="4803" timestamp="2019-08-09T18:07:10.375" />
  <attribute name="elasticGC enabled" value="1" />
  <attribute name= "numThreadsSpecified" value="16" />
  <attribute name="heapSize specified" value="203292672" />
  <attribute name="Current GC Util" value="18" />
  <attribute name= "Current Time Running" value="166235" />
  <attribute name ="GC Interval" value="2081" />
  <attribute name="Target GC Util Change" value ="80.000000" />
  <attribute name="Current GC Util Change" value="18.000000"/>
  <attribute name="Current Error" value="62.000000" />
  <attribute name="Output H" value="203499496"/>
  <attribute name="Output I" value="2080"/>
  <attribute name="Output T" value="16"/>
  <attribute name= "Current Time Running" value="166235" />
  <attribute name="GC Util currently" value="18" />
  <attribute name="CPU Util currently" value="1210254397" />
<allocation-satisfied id="4810" threadId="000000000148B200" bytesRequested="40" />
<af-end id="4811" timestamp="2019-08-09T18:07:10.376" threadId="000000000148BB88" success="true" from="nursery"/>
<exclusive-end id="4812" timestamp="2019-08-09T18:07:10.376" durationms="10.237" />

<exclusive-start id="4813" timestamp="2019-08-09T18:07:10.624" intervalms="258.706">
  <response-info timems="0.683" idlems="0.683" threads="0" lastid="00000000014A1900" lastname="Thread-30" />
</exclusive-start>
<af-start id="4814" threadId="00000000014A2288" totalBytesRequested="24" timestamp="2019-08-09T18:07:10.624" intervalms="258.690" type="nursery" />
<cycle-start id="4815" type="scavenge" contextid="0" timestamp="2019-08-09T18:07:10.624" intervalms="258.608" />
<gc-start id="4816" type="scavenge" contextid="4815" timestamp="2019-08-09T18:07:10.624">
  <mem-info id="4817" free="1733912" total="203423744" percent="0">
    <mem type="nursery" free="0" total="183238656" percent="0">
      <mem type="allocate" free="0" total="157614080" percent="0" />
      <mem type="survivor" free="0" total="25624576" percent="0" />
    </mem>
    <mem type="tenure" free="1733912" total="20185088" percent="8">
      <mem type="soa" free="1532184" total="19983360" percent="7" />
      <mem type="loa" free="201728" total="201728" percent="100" />
    </mem>
    <remembered-set count="1847" />
  </mem-info>
</gc-start>
<allocation-stats totalBytes="148131016" >
  <allocated-bytes non-tlh="40" tlh="148130976" />
  <largest-consumer threadName="Thread-33" threadId="0000000001487600" bytes="16218464" />
</allocation-stats>
<gc-op id="4818" type="scavenge" timems="7.609" contextid="4815" timestamp="2019-08-09T18:07:10.632">
  <scavenger-info tenureage="6" tenuremask="ffc0" tiltratio="86" />
  <memory-copied type="nursery" objects="130164" bytes="9270056" bytesdiscarded="278184" />
  <finalization candidates="71" enqueued="0" />
  <ownableSynchronizers candidates="2" cleared="0" />
  <references type="soft" candidates="57" cleared="0" enqueued="0" dynamicThreshold="2" maxThreshold="32" />
  <references type="weak" candidates="478" cleared="0" enqueued="0" />
  <references type="phantom" candidates="236" cleared="0" enqueued="0" />
</gc-op>
<gc-end id="4819" type="scavenge" contextid="4815" durationms="8.174" usertimems="21.505" systemtimems="3.201" timestamp="2019-08-09T18:07:10.632" activeThreads="16">
  <mem-info id="4820" free="152682856" total="203423744" percent="75">
    <mem type="nursery" free="150948944" total="183238656" percent="82">
      <mem type="allocate" free="150948944" total="160497664" percent="94" />
      <mem type="survivor" free="0" total="22740992" percent="0" />
    </mem>
    <mem type="tenure" free="1733912" total="20185088" percent="8" macro-fragmented="51232">
      <mem type="soa" free="1532184" total="19983360" percent="7" />
      <mem type="loa" free="201728" total="201728" percent="100" />
    </mem>
    <remembered-set count="1783" />
  </mem-info>
</gc-end>
<cycle-end id="4821" type="scavenge" contextid="4815" timestamp="2019-08-09T18:07:10.632" />
  <attribute name="elasticGC enabled" value="1" />
  <attribute name= "numThreadsSpecified" value="16" />
  <attribute name="heapSize specified" value="203292672" />
  <attribute name="Current GC Util" value="8" />
  <attribute name= "Current Time Running" value="166494" />
  <attribute name ="GC Interval" value="2169" />
  <attribute name="Target GC Util Change" value ="80.000000" />
  <attribute name="Current GC Util Change" value="8.000000"/>
  <attribute name="Current Error" value="134.000000" />
  <attribute name="Output H" value="203499584"/>
  <attribute name="Output I" value="2168"/>
  <attribute name="Output T" value="16"/>
  <attribute name= "Current Time Running" value="166494" />
  <attribute name="GC Util currently" value="8" />
  <attribute name="CPU Util currently" value="4460035911" />
<allocation-satisfied id="4822" threadId="00000000014A1900" bytesRequested="24" />
<af-end id="4823" timestamp="2019-08-09T18:07:10.633" threadId="00000000014A2288" success="true" from="nursery"/>
<exclusive-end id="4824" timestamp="2019-08-09T18:07:10.633" durationms="8.552" />

<exclusive-start id="4825" timestamp="2019-08-09T18:07:10.835" intervalms="211.022">
  <response-info timems="1.858" idlems="0.932" threads="4" lastid="000000000147C200" lastname="Thread-22" />
</exclusive-start>
<af-start id="4826" threadId="00000000014A2288" totalBytesRequested="24" timestamp="2019-08-09T18:07:10.835" intervalms="211.036" type="nursery" />
<cycle-start id="4827" type="scavenge" contextid="0" timestamp="2019-08-09T18:07:10.835" intervalms="211.043" />
<gc-start id="4828" type="scavenge" contextid="4827" timestamp="2019-08-09T18:07:10.835">
  <mem-info id="4829" free="1733912" total="203423744" percent="0">
    <mem type="nursery" free="0" total="183238656" percent="0">
      <mem type="allocate" free="0" total="160497664" percent="0" />
      <mem type="survivor" free="0" total="22740992" percent="0" />
    </mem>
    <mem type="tenure" free="1733912" total="20185088" percent="8">
      <mem type="soa" free="1532184" total="19983360" percent="7" />
      <mem type="loa" free="201728" total="201728" percent="100" />
    </mem>
    <remembered-set count="1783" />
  </mem-info>
</gc-start>
<allocation-stats totalBytes="150918384" >
  <allocated-bytes non-tlh="24" tlh="150918360" />
  <largest-consumer threadName="Thread-32" threadId="0000000001492900" bytes="19492872" />
</allocation-stats>
<gc-op id="4830" type="scavenge" timems="27.652" contextid="4827" timestamp="2019-08-09T18:07:10.863">
  <scavenger-info tenureage="3" tenuremask="fff8" tiltratio="87" />
  <memory-copied type="nursery" objects="138981" bytes="9340192" bytesdiscarded="434960" />
  <memory-copied type="tenure" objects="5750" bytes="279624" bytesdiscarded="40" />
  <finalization candidates="71" enqueued="0" />
  <ownableSynchronizers candidates="2" cleared="0" />
  <references type="soft" candidates="51" cleared="0" enqueued="0" dynamicThreshold="2" maxThreshold="32" />
  <references type="weak" candidates="177" cleared="0" enqueued="0" />
  <references type="phantom" candidates="10" cleared="0" enqueued="0" />
</gc-op>
<heap-resize id="4831" type="expand" space="nursery" amount="11927552" count="1" timems="0.022" reason="excessive time being spent scavenging" timestamp="2019-08-09T18:07:10.863" />
<gc-end id="4832" type="scavenge" contextid="4827" durationms="28.108" usertimems="57.666" systemtimems="23.715" timestamp="2019-08-09T18:07:10.863" activeThreads="16">
  <mem-info id="4833" free="164503576" total="215351296" percent="76">
    <mem type="nursery" free="163567112" total="195166208" percent="83">
      <mem type="allocate" free="163567112" total="173342720" percent="94" />
      <mem type="survivor" free="0" total="21823488" percent="0" />
    </mem>
    <mem type="tenure" free="936464" total="20185088" percent="4" macro-fragmented="0">
      <mem type="soa" free="734736" total="19983360" percent="3" />
      <mem type="loa" free="201728" total="201728" percent="100" />
    </mem>
    <remembered-set count="561" />
  </mem-info>
</gc-end>
<cycle-end id="4834" type="scavenge" contextid="4827" timestamp="2019-08-09T18:07:10.864" />
  <attribute name="elasticGC enabled" value="1" />
  <attribute name= "numThreadsSpecified" value="16" />
  <attribute name="heapSize specified" value="203292672" />
  <attribute name="Current GC Util" value="11" />
  <attribute name= "Current Time Running" value="166705" />
  <attribute name ="GC Interval" value="2249" />
  <attribute name="Target GC Util Change" value ="80.000000" />
  <attribute name="Current GC Util Change" value="11.000000"/>
  <attribute name="Current Error" value="203.000000" />
  <attribute name="Output H" value="203499664"/>
  <attribute name="Output I" value="2248"/>
  <attribute name="Output T" value="16"/>
  <attribute name= "Current Time Running" value="166705" />
  <attribute name="GC Util currently" value="11" />
  <attribute name="CPU Util currently" value="5461017632" />
<allocation-satisfied id="4835" threadId="00000000014A1900" bytesRequested="24" />
<af-end id="4836" timestamp="2019-08-09T18:07:10.864" threadId="00000000014A2288" success="true" from="nursery"/>
<exclusive-end id="4837" timestamp="2019-08-09T18:07:10.864" durationms="28.646" />

<exclusive-start id="4838" timestamp="2019-08-09T18:07:11.031" intervalms="196.358">
  <response-info timems="5.385" idlems="5.385" threads="0" lastid="0000000001469600" lastname="Thread-25" />
</exclusive-start>
<af-start id="4839" threadId="0000000001469F88" totalBytesRequested="40" timestamp="2019-08-09T18:07:11.031" intervalms="196.347" type="nursery" />
<cycle-start id="4840" type="scavenge" contextid="0" timestamp="2019-08-09T18:07:11.031" intervalms="196.341" />
<gc-start id="4841" type="scavenge" contextid="4840" timestamp="2019-08-09T18:07:11.032">
  <mem-info id="4842" free="936464" total="215351296" percent="0">
    <mem type="nursery" free="0" total="195166208" percent="0">
      <mem type="allocate" free="0" total="173342720" percent="0" />
      <mem type="survivor" free="0" total="21823488" percent="0" />
    </mem>
    <mem type="tenure" free="936464" total="20185088" percent="4">
      <mem type="soa" free="734736" total="19983360" percent="3" />
      <mem type="loa" free="201728" total="201728" percent="100" />
    </mem>
    <remembered-set count="561" />
  </mem-info>
</gc-start>
<allocation-stats totalBytes="163551560" >
  <allocated-bytes non-tlh="24" tlh="163551536" />
  <largest-consumer threadName="Thread-33" threadId="0000000001487600" bytes="17256400" />
</allocation-stats>
<gc-op id="4843" type="scavenge" timems="8.829" contextid="4840" timestamp="2019-08-09T18:07:11.040">
  <scavenger-info tenureage="8" tenuremask="ff00" tiltratio="88" />
  <memory-copied type="nursery" objects="130217" bytes="9130352" bytesdiscarded="150016" />
  <finalization candidates="67" enqueued="0" />
  <ownableSynchronizers candidates="2" cleared="0" />
  <references type="soft" candidates="51" cleared="0" enqueued="0" dynamicThreshold="2" maxThreshold="32" />
  <references type="weak" candidates="177" cleared="0" enqueued="0" />
  <references type="phantom" candidates="10" cleared="0" enqueued="0" />
</gc-op>
<gc-end id="4844" type="scavenge" contextid="4840" durationms="9.266" usertimems="23.479" systemtimems="8.981" timestamp="2019-08-09T18:07:11.041" activeThreads="16">
  <mem-info id="4845" free="167292120" total="215351296" percent="77">
    <mem type="nursery" free="166355656" total="195166208" percent="85">
      <mem type="allocate" free="166355656" total="175636480" percent="94" />
      <mem type="survivor" free="0" total="19529728" percent="0" />
    </mem>
    <mem type="tenure" free="936464" total="20185088" percent="4" macro-fragmented="723458">
      <mem type="soa" free="734736" total="19983360" percent="3" />
      <mem type="loa" free="201728" total="201728" percent="100" />
    </mem>
    <remembered-set count="561" />
  </mem-info>
</gc-end>
<cycle-end id="4846" type="scavenge" contextid="4840" timestamp="2019-08-09T18:07:11.041" />
  <attribute name="elasticGC enabled" value="1" />
  <attribute name= "numThreadsSpecified" value="16" />
  <attribute name="heapSize specified" value="203292672" />
  <attribute name="Current GC Util" value="39" />
  <attribute name= "Current Time Running" value="166901" />
  <attribute name ="GC Interval" value="2297" />
  <attribute name="Target GC Util Change" value ="80.000000" />
  <attribute name="Current GC Util Change" value="39.000000"/>
  <attribute name="Current Error" value="244.000000" />
  <attribute name="Output H" value="215427264"/>
  <attribute name="Output I" value="2296"/>
  <attribute name="Output T" value="16"/>
  <attribute name= "Current Time Running" value="166901" />
  <attribute name="GC Util currently" value="39" />
  <attribute name="CPU Util currently" value="5874120085" />
<allocation-satisfied id="4847" threadId="0000000001469600" bytesRequested="40" />
<af-end id="4848" timestamp="2019-08-09T18:07:11.041" threadId="0000000001469F88" success="true" from="nursery"/>
<exclusive-end id="4849" timestamp="2019-08-09T18:07:11.041" durationms="9.814" />

<exclusive-start id="4850" timestamp="2019-08-09T18:07:11.228" intervalms="196.587">
  <response-info timems="4.756" idlems="4.699" threads="1" lastid="0000000001456B00" lastname="Thread-36" />
</exclusive-start>
<af-start id="4851" threadId="000000000146DB88" totalBytesRequested="40" timestamp="2019-08-09T18:07:11.228" intervalms="196.596" type="nursery" />
<cycle-start id="4852" type="scavenge" contextid="0" timestamp="2019-08-09T18:07:11.228" intervalms="196.609" />
<gc-start id="4853" type="scavenge" contextid="4852" timestamp="2019-08-09T18:07:11.228">
  <mem-info id="4854" free="936464" total="215351296" percent="0">
    <mem type="nursery" free="0" total="195166208" percent="0">
      <mem type="allocate" free="0" total="175636480" percent="0" />
      <mem type="survivor" free="0" total="19529728" percent="0" />
    </mem>
    <mem type="tenure" free="936464" total="20185088" percent="4">
      <mem type="soa" free="734736" total="19983360" percent="3" />
      <mem type="loa" free="201728" total="201728" percent="100" />
    </mem>
    <remembered-set count="561" />
  </mem-info>
</gc-start>
<allocation-stats totalBytes="166332448" >
  <allocated-bytes non-tlh="40" tlh="166332408" />
  <largest-consumer threadName="Thread-27" threadId="000000000148B200" bytes="24867424" />
</allocation-stats>
<gc-op id="4855" type="scavenge" timems="15.773" contextid="4852" timestamp="2019-08-09T18:07:11.244">
  <scavenger-info tenureage="5" tenuremask="ffe0" tiltratio="89" />
  <memory-copied type="nursery" objects="129517" bytes="9114056" bytesdiscarded="271912" />
  <finalization candidates="67" enqueued="0" />
  <ownableSynchronizers candidates="2" cleared="0" />
  <references type="soft" candidates="51" cleared="0" enqueued="0" dynamicThreshold="2" maxThreshold="32" />
  <references type="weak" candidates="177" cleared="0" enqueued="0" />
  <references type="phantom" candidates="10" cleared="0" enqueued="0" />
</gc-op>
<heap-resize id="4856" type="expand" space="nursery" amount="7995392" count="1" timems="0.019" reason="excessive time being spent scavenging" timestamp="2019-08-09T18:07:11.244" />
<gc-end id="4857" type="scavenge" contextid="4852" durationms="16.384" usertimems="29.546" systemtimems="15.186" timestamp="2019-08-09T18:07:11.245" activeThreads="16">
  <mem-info id="4858" free="174329944" total="223346688" percent="78">
    <mem type="nursery" free="173393480" total="203161600" percent="85">
      <mem type="allocate" free="173393480" total="182779904" percent="94" />
      <mem type="survivor" free="0" total="20381696" percent="0" />
    </mem>
    <mem type="tenure" free="936464" total="20185088" percent="4" macro-fragmented="32608">
      <mem type="soa" free="734736" total="19983360" percent="3" />
      <mem type="loa" free="201728" total="201728" percent="100" />
    </mem>
    <remembered-set count="561" />
  </mem-info>
</gc-end>
<cycle-end id="4859" type="scavenge" contextid="4852" timestamp="2019-08-09T18:07:11.245" />
  <attribute name="elasticGC enabled" value="1" />
  <attribute name= "numThreadsSpecified" value="16" />
  <attribute name="heapSize specified" value="203292672" />
  <attribute name="Current GC Util" value="15" />
  <attribute name= "Current Time Running" value="167098" />
  <attribute name ="GC Interval" value="2369" />
  <attribute name="Target GC Util Change" value ="80.000000" />
  <attribute name="Current GC Util Change" value="15.000000"/>
  <attribute name="Current Error" value="309.000000" />
  <attribute name="Output H" value="215427336"/>
  <attribute name="Output I" value="2368"/>
  <attribute name="Output T" value="16"/>
  <attribute name= "Current Time Running" value="167098" />
  <attribute name="GC Util currently" value="15" />
  <attribute name="CPU Util currently" value="5862169045" />
<allocation-satisfied id="4860" threadId="000000000146D200" bytesRequested="40" />
<af-end id="4861" timestamp="2019-08-09T18:07:11.245" threadId="000000000146DB88" success="true" from="nursery"/>
<exclusive-end id="4862" timestamp="2019-08-09T18:07:11.245" durationms="16.754" />

<exclusive-start id="4863" timestamp="2019-08-09T18:07:11.475" intervalms="247.359">
  <response-info timems="2.468" idlems="2.290" threads="7" lastid="0000000001456B00" lastname="Thread-36" />
</exclusive-start>
<af-start id="4864" threadId="000000000145EC88" totalBytesRequested="24" timestamp="2019-08-09T18:07:11.475" intervalms="247.356" type="nursery" />
<cycle-start id="4865" type="scavenge" contextid="0" timestamp="2019-08-09T18:07:11.475" intervalms="247.351" />
<gc-start id="4866" type="scavenge" contextid="4865" timestamp="2019-08-09T18:07:11.476">
  <mem-info id="4867" free="936464" total="223346688" percent="0">
    <mem type="nursery" free="0" total="203161600" percent="0">
      <mem type="allocate" free="0" total="182779904" percent="0" />
      <mem type="survivor" free="0" total="20381696" percent="0" />
    </mem>
    <mem type="tenure" free="936464" total="20185088" percent="4">
      <mem type="soa" free="734736" total="19983360" percent="3" />
      <mem type="loa" free="201728" total="201728" percent="100" />
    </mem>
    <remembered-set count="561" />
  </mem-info>
</gc-start>
<allocation-stats totalBytes="173385432" >
  <allocated-bytes non-tlh="40" tlh="173385392" />
  <largest-consumer threadName="Thread-27" threadId="000000000148B200" bytes="20413528" />
</allocation-stats>
<gc-op id="4868" type="scavenge" timems="26.886" contextid="4865" timestamp="2019-08-09T18:07:11.502">
  <scavenger-info tenureage="6" tenuremask="ffc0" tiltratio="89" />
  <memory-copied type="nursery" objects="130806" bytes="9144664" bytesdiscarded="376424" />
  <finalization candidates="67" enqueued="0" />
  <ownableSynchronizers candidates="2" cleared="0" />
  <references type="soft" candidates="51" cleared="0" enqueued="0" dynamicThreshold="2" maxThreshold="32" />
  <references type="weak" candidates="177" cleared="0" enqueued="0" />
  <references type="phantom" candidates="10" cleared="0" enqueued="0" />
</gc-op>
<heap-resize id="4869" type="expand" space="nursery" amount="9175040" count="1" timems="0.020" reason="excessive time being spent scavenging" timestamp="2019-08-09T18:07:11.503" />
<gc-end id="4870" type="scavenge" contextid="4865" durationms="27.338" usertimems="91.607" systemtimems="48.212" timestamp="2019-08-09T18:07:11.503" activeThreads="16">
  <mem-info id="4871" free="182517896" total="232521728" percent="78">
    <mem type="nursery" free="181581432" total="212336640" percent="85">
      <mem type="allocate" free="181581432" total="191102976" percent="95" />
      <mem type="survivor" free="0" total="21233664" percent="0" />
    </mem>
    <mem type="tenure" free="936464" total="20185088" percent="4" macro-fragmented="84432">
      <mem type="soa" free="734736" total="19983360" percent="3" />
      <mem type="loa" free="201728" total="201728" percent="100" />
    </mem>
    <remembered-set count="561" />
  </mem-info>
</gc-end>
<cycle-end id="4872" type="scavenge" contextid="4865" timestamp="2019-08-09T18:07:11.503" />
  <attribute name="elasticGC enabled" value="1" />
  <attribute name= "numThreadsSpecified" value="16" />
  <attribute name="heapSize specified" value="203292672" />
  <attribute name="Current GC Util" value="11" />
  <attribute name= "Current Time Running" value="167345" />
  <attribute name ="GC Interval" value="2449" />
  <attribute name="Target GC Util Change" value ="80.000000" />
  <attribute name="Current GC Util Change" value="11.000000"/>
  <attribute name="Current Error" value="378.000000" />
  <attribute name="Output H" value="223422808"/>
  <attribute name="Output I" value="2448"/>
  <attribute name="Output T" value="16"/>
  <attribute name= "Current Time Running" value="167345" />
  <attribute name="GC Util currently" value="11" />
  <attribute name="CPU Util currently" value="4661349960" />
<allocation-satisfied id="4873" threadId="000000000145E300" bytesRequested="24" />
<af-end id="4874" timestamp="2019-08-09T18:07:11.503" threadId="000000000145EC88" success="true" from="nursery"/>
<exclusive-end id="4875" timestamp="2019-08-09T18:07:11.503" durationms="27.762" />

<exclusive-start id="4876" timestamp="2019-08-09T18:07:11.733" intervalms="257.626">
  <response-info timems="1.667" idlems="0.472" threads="3" lastid="0000000001177B00" lastname="JIT Compilation Thread-4" />
</exclusive-start>
<af-start id="4877" threadId="0000000001471788" totalBytesRequested="40" timestamp="2019-08-09T18:07:11.733" intervalms="257.629" type="nursery" />
<cycle-start id="4878" type="scavenge" contextid="0" timestamp="2019-08-09T18:07:11.733" intervalms="257.623" />
<gc-start id="4879" type="scavenge" contextid="4878" timestamp="2019-08-09T18:07:11.733">
  <mem-info id="4880" free="936464" total="232521728" percent="0">
    <mem type="nursery" free="0" total="212336640" percent="0">
      <mem type="allocate" free="0" total="191102976" percent="0" />
      <mem type="survivor" free="0" total="21233664" percent="0" />
    </mem>
    <mem type="tenure" free="936464" total="20185088" percent="4">
      <mem type="soa" free="734736" total="19983360" percent="3" />
      <mem type="loa" free="201728" total="201728" percent="100" />
    </mem>
    <remembered-set count="561" />
  </mem-info>
</gc-start>
<allocation-stats totalBytes="181549192" >
  <allocated-bytes non-tlh="24" tlh="181549168" />
  <largest-consumer threadName="Thread-29" threadId="0000000001470E00" bytes="18627016" />
</allocation-stats>
<gc-op id="4881" type="scavenge" timems="12.210" contextid="4878" timestamp="2019-08-09T18:07:11.745">
  <scavenger-info tenureage="6" tenuremask="ffc0" tiltratio="90" />
  <memory-copied type="nursery" objects="111778" bytes="4748952" bytesdiscarded="474000" />
  <memory-copied type="tenure" objects="21757" bytes="4461376" bytesdiscarded="952" />
  <finalization candidates="67" enqueued="0" />
  <ownableSynchronizers candidates="2" cleared="0" />
  <heap-resize type="expand" space="tenure" amount="3932160" count="28" timems="2.959" reason="continue current collection" />
</gc-op>
<gc-end id="4882" type="scavenge" contextid="4878" durationms="12.605" usertimems="22.009" systemtimems="8.796" timestamp="2019-08-09T18:07:11.746" activeThreads="16">
  <mem-info id="4883" free="186161368" total="236453888" percent="78">
    <mem type="nursery" free="185880024" total="212336640" percent="87">
      <mem type="allocate" free="185880024" total="191102976" percent="97" />
      <mem type="survivor" free="0" total="21233664" percent="0" />
    </mem>
    <mem type="tenure" free="281344" total="24117248" percent="1" macro-fragmented="201903">
      <mem type="soa" free="40704" total="23876608" percent="0" />
      <mem type="loa" free="240640" total="240640" percent="100" />
    </mem>
    <remembered-set count="4468" />
  </mem-info>
</gc-end>
<cycle-end id="4884" type="scavenge" contextid="4878" timestamp="2019-08-09T18:07:11.746" />
  <attribute name="elasticGC enabled" value="1" />
  <attribute name= "numThreadsSpecified" value="16" />
  <attribute name="heapSize specified" value="203292672" />
  <attribute name="Current GC Util" value="38" />
  <attribute name= "Current Time Running" value="167603" />
  <attribute name ="GC Interval" value="2057" />
  <attribute name="Target GC Util Change" value ="80.000000" />
  <attribute name="Current GC Util Change" value="38.000000"/>
  <attribute name="Current Error" value="42.000000" />
  <attribute name="Output H" value="232597456"/>
  <attribute name="Output I" value="2056"/>
  <attribute name="Output T" value="16"/>
  <attribute name= "Current Time Running" value="167603" />
  <attribute name="GC Util currently" value="38" />
  <attribute name="CPU Util currently" value="4475985534" />
<allocation-satisfied id="4885" threadId="0000000001470E00" bytesRequested="40" />
<af-end id="4886" timestamp="2019-08-09T18:07:11.746" threadId="0000000001471788" success="true" from="nursery"/>
<exclusive-end id="4887" timestamp="2019-08-09T18:07:11.746" durationms="13.073" />

<concurrent-kickoff id="4888" timestamp="2019-08-09T18:07:12.244">
  <kickoff reason="threshold reached" targetBytes="15783798" thresholdFreeBytes="2232164"  remainingFree="2117080" tenureFreeBytes="281344" nurseryFreeBytes="2117080" />
</concurrent-kickoff>
<exclusive-start id="4889" timestamp="2019-08-09T18:07:12.249" intervalms="516.031">
  <response-info timems="4.185" idlems="4.185" threads="0" lastid="000000000145A700" lastname="Thread-28" />
</exclusive-start>
<cycle-start id="4890" type="global" contextid="0" timestamp="2019-08-09T18:07:12.249" intervalms="3036.018" />
<exclusive-end id="4891" timestamp="2019-08-09T18:07:12.249" durationms="0.039" />

<exclusive-start id="4892" timestamp="2019-08-09T18:07:12.255" intervalms="6.150">
  <response-info timems="2.098" idlems="2.098" threads="0" lastid="0000000001487600" lastname="Thread-33" />
</exclusive-start>
<af-start id="4893" threadId="0000000001487F88" totalBytesRequested="40" timestamp="2019-08-09T18:07:12.255" intervalms="522.180" type="nursery" />
<cycle-start id="4894" type="scavenge" contextid="0" timestamp="2019-08-09T18:07:12.255" intervalms="522.186" />
<gc-start id="4895" type="scavenge" contextid="4894" timestamp="2019-08-09T18:07:12.255">
  <mem-info id="4896" free="281344" total="236453888" percent="0">
    <mem type="nursery" free="0" total="212336640" percent="0">
      <mem type="allocate" free="0" total="191102976" percent="0" />
      <mem type="survivor" free="0" total="21233664" percent="0" />
    </mem>
    <mem type="tenure" free="281344" total="24117248" percent="1">
      <mem type="soa" free="40704" total="23876608" percent="0" />
      <mem type="loa" free="240640" total="240640" percent="100" />
    </mem>
    <remembered-set count="4594" />
  </mem-info>
</gc-start>
<allocation-stats totalBytes="185875976" >
  <allocated-bytes non-tlh="40" tlh="185875936" />
  <largest-consumer threadName="Thread-33" threadId="0000000001487600" bytes="17792632" />
</allocation-stats>
<gc-op id="4897" type="scavenge" timems="3.832" contextid="4894" timestamp="2019-08-09T18:07:12.259">
  <scavenger-info tenureage="6" tenuremask="ff40" tiltratio="90" />
  <memory-copied type="nursery" objects="125591" bytes="5217400" bytesdiscarded="287408" />
  <memory-copied type="tenure" objects="402" bytes="10144" bytesdiscarded="0" />
</gc-op>
<gc-end id="4898" type="scavenge" contextid="4894" durationms="4.432" usertimems="21.342" systemtimems="0.000" timestamp="2019-08-09T18:07:12.260" activeThreads="16">
  <mem-info id="4899" free="185863384" total="236453888" percent="78">
    <mem type="nursery" free="185598168" total="212336640" percent="87">
      <mem type="allocate" free="185598168" total="191102976" percent="97" />
      <mem type="survivor" free="0" total="21233664" percent="0" />
    </mem>
    <mem type="tenure" free="265216" total="24117248" percent="1" macro-fragmented="56347">
      <mem type="soa" free="24576" total="23876608" percent="0" />
      <mem type="loa" free="240640" total="240640" percent="100" />
    </mem>
    <remembered-set count="4191" />
  </mem-info>
</gc-end>
<cycle-end id="4900" type="scavenge" contextid="4894" timestamp="2019-08-09T18:07:12.260" />
  <attribute name="elasticGC enabled" value="1" />
  <attribute name= "numThreadsSpecified" value="16" />
  <attribute name="heapSize specified" value="203292672" />
  <attribute name="Current GC Util" value="5" />
  <attribute name= "Current Time Running" value="168125" />
  <attribute name ="GC Interval" value="2145" />
  <attribute name="Target GC Util Change" value ="80.000000" />
  <attribute name="Current GC Util Change" value="5.000000"/>
  <attribute name="Current Error" value="117.000000" />
  <attribute name="Output H" value="236529704"/>
  <attribute name="Output I" value="2144"/>
  <attribute name="Output T" value="16"/>
  <attribute name= "Current Time Running" value="168125" />
  <attribute name="GC Util currently" value="5" />
  <attribute name="CPU Util currently" value="2207676642" />
<allocation-satisfied id="4901" threadId="0000000001487600" bytesRequested="40" />
<af-end id="4902" timestamp="2019-08-09T18:07:12.263" threadId="0000000001487F88" success="true" from="nursery"/>
<exclusive-end id="4903" timestamp="2019-08-09T18:07:12.263" durationms="7.438" />

<exclusive-start id="4904" timestamp="2019-08-09T18:07:12.284" intervalms="28.534">
  <response-info timems="3.785" idlems="3.785" threads="0" lastid="000000000149A100" lastname="Thread-26" />
</exclusive-start>
<concurrent-collection-start id="4905" timestamp="2019-08-09T18:07:12.284" intervalms="30462.300" >
  <concurrent-trace-info reason="card cleaning threshold reached" tracedByMutators="13353212" tracedByHelpers="797512" cardsCleaned="13" workStackOverflowCount="0" />
</concurrent-collection-start>
<gc-start id="4906" type="global" contextid="4890" timestamp="2019-08-09T18:07:12.284">
  <mem-info id="4907" free="177872048" total="236453888" percent="75">
    <mem type="nursery" free="177606832" total="212336640" percent="83">
      <mem type="allocate" free="177606832" total="191102976" percent="92" />
      <mem type="survivor" free="0" total="21233664" percent="0" />
    </mem>
    <mem type="tenure" free="265216" total="24117248" percent="1">
      <mem type="soa" free="24576" total="23876608" percent="0" />
      <mem type="loa" free="240640" total="240640" percent="100" />
    </mem>
    <remembered-set count="4191" />
  </mem-info>
</gc-start>
<allocation-stats totalBytes="7991168" >
  <allocated-bytes non-tlh="40" tlh="7991128" />
  <largest-consumer threadName="Thread-33" threadId="0000000001487600" bytes="839720" />
</allocation-stats>
<gc-op id="4908" type="rs-scan" timems="0.570" contextid="4890" timestamp="2019-08-09T18:07:12.285">
  <scan objectsFound="87" bytesTraced="9320" workStackOverflowCount="0" />
</gc-op>
<gc-op id="4909" type="card-cleaning" timems="0.519" contextid="4890" timestamp="2019-08-09T18:07:12.285">
  <card-cleaning cardsCleaned="14" bytesTraced="8024" workStackOverflowCount="0" />
</gc-op>
<gc-op id="4910" type="mark" timems="3.596" contextid="4890" timestamp="2019-08-09T18:07:12.289">
  <trace-info objectcount="123110" scancount="123072" scanbytes="5157120" />
  <finalization candidates="151" enqueued="0" />
  <ownableSynchronizers candidates="23" cleared="0" />
  <references type="soft" candidates="1922" cleared="17" enqueued="16" dynamicThreshold="2" maxThreshold="32" />
  <references type="weak" candidates="6091" cleared="0" enqueued="0" />
  <references type="phantom" candidates="314" cleared="0" enqueued="0" />
  <stringconstants candidates="14613" cleared="1"  />
</gc-op>
<gc-op id="4911" type="sweep" timems="1.309" contextid="4890" timestamp="2019-08-09T18:07:12.290" />
<mem-info id="4912" free="187294312" total="236453888" percent="79">
  <mem type="nursery" free="185871888" total="212336640" percent="87">
    <mem type="allocate" free="185871888" total="191102976" percent="97" />
    <mem type="survivor" free="0" total="21233664" percent="0" />
  </mem>
  <mem type="tenure" free="1422424" total="24117248" percent="5" micro-fragmented="0" macro-fragmented="99210">
    <mem type="soa" free="1181784" total="23876608" percent="4" />
    <mem type="loa" free="240640" total="240640" percent="100" />
  </mem>
  <pending-finalizers system="0" default="0" reference="16" classloader="0" />
  <remembered-set count="202" />
</mem-info>
<gc-op id="4913" type="compact" timems="158.242" contextid="4890" timestamp="2019-08-09T18:07:12.449">
  <compact-info movecount="739791" movebytes="27492216" reason="compact to aid heap contraction" />
</gc-op>
<heap-resize id="4914" type="expand" space="tenure" amount="131072" count="1" timems="0.020" reason="satisfy allocation request" timestamp="2019-08-09T18:07:12.449" />
<gc-end id="4915" type="global" contextid="4890" durationms="165.402" usertimems="263.927" systemtimems="0.000" timestamp="2019-08-09T18:07:12.449" activeThreads="16">
  <mem-info id="4916" free="187511488" total="236584960" percent="79">
    <mem type="nursery" free="185953488" total="212336640" percent="87">
      <mem type="allocate" free="185953488" total="191102976" percent="97" />
      <mem type="survivor" free="0" total="21233664" percent="0" />
    </mem>
    <mem type="tenure" free="1558000" total="24248320" percent="6">
      <mem type="soa" free="1316336" total="24006656" percent="5" />
      <mem type="loa" free="241664" total="241664" percent="100" />
    </mem>
    <pending-finalizers system="0" default="0" reference="16" classloader="0" />
    <remembered-set count="202" />
  </mem-info>
</gc-end>
<cycle-end id="4917" type="global" contextid="4890" timestamp="2019-08-09T18:07:12.449" />
  <attribute name="elasticGC enabled" value="1" />
  <attribute name= "numThreadsSpecified" value="16" />
  <attribute name="heapSize specified" value="236453888" />
  <attribute name="Current GC Util" value="19" />
  <attribute name= "Current Time Running" value="168318" />
  <attribute name ="GC Interval" value="2145" />
  <attribute name="Target GC Util Change" value ="80.000000" />
  <attribute name="Current GC Util Change" value="19.000000"/>
  <attribute name="Current Error" value="-133.000000" />
  <attribute name="Output H" value="236529416"/>
  <attribute name="Output I" value="1856"/>
  <attribute name="Output T" value="16"/>
  <attribute name= "Current Time Running" value="168318" />
  <attribute name="GC Util currently" value="19" />
  <attribute name="CPU Util currently" value="7284174896" />
<concurrent-collection-end id="4918" timestamp="2019-08-09T18:07:12.449" />
<exclusive-end id="4919" timestamp="2019-08-09T18:07:12.449" durationms="165.745" />

<concurrent-kickoff id="4920" timestamp="2019-08-09T18:07:12.681">
  <kickoff reason="threshold reached" targetBytes="15551230" thresholdFreeBytes="2003180"  remainingFree="1948880" tenureFreeBytes="1558000" nurseryFreeBytes="1948880" />
</concurrent-kickoff>
<exclusive-start id="4921" timestamp="2019-08-09T18:07:12.683" intervalms="399.597">
  <response-info timems="2.159" idlems="2.150" threads="1" lastid="000000000147C200" lastname="Thread-22" />
</exclusive-start>
<cycle-start id="4922" type="global" contextid="0" timestamp="2019-08-09T18:07:12.683" intervalms="434.283" />
<exclusive-end id="4923" timestamp="2019-08-09T18:07:12.683" durationms="0.077" />

<exclusive-start id="4924" timestamp="2019-08-09T18:07:12.687" intervalms="4.108">
  <response-info timems="1.833" idlems="0.327" threads="7" lastid="000000000147C200" lastname="Thread-22" />
</exclusive-start>
<af-start id="4925" threadId="000000000148BB88" totalBytesRequested="40" timestamp="2019-08-09T18:07:12.687" intervalms="432.229" type="nursery" />
<cycle-start id="4926" type="scavenge" contextid="0" timestamp="2019-08-09T18:07:12.687" intervalms="432.223" />
<gc-start id="4927" type="scavenge" contextid="4926" timestamp="2019-08-09T18:07:12.688">
  <mem-info id="4928" free="1558000" total="236584960" percent="0">
    <mem type="nursery" free="0" total="212336640" percent="0">
      <mem type="allocate" free="0" total="191102976" percent="0" />
      <mem type="survivor" free="0" total="21233664" percent="0" />
    </mem>
    <mem type="tenure" free="1558000" total="24248320" percent="6">
      <mem type="soa" free="1316336" total="24006656" percent="5" />
      <mem type="loa" free="241664" total="241664" percent="100" />
    </mem>
    <remembered-set count="238" />
  </mem-info>
</gc-start>
<allocation-stats totalBytes="185940320" >
  <allocated-bytes non-tlh="0" tlh="185940320" />
  <largest-consumer threadName="Thread-28" threadId="000000000145A700" bytes="19667744" />
</allocation-stats>
<gc-op id="4929" type="scavenge" timems="6.106" contextid="4926" timestamp="2019-08-09T18:07:12.694">
  <scavenger-info tenureage="6" tenuremask="ff40" tiltratio="90" />
  <memory-copied type="nursery" objects="103028" bytes="4543064" bytesdiscarded="151840" />
  <ownableSynchronizers candidates="46" cleared="46" />
</gc-op>
<gc-end id="4930" type="scavenge" contextid="4926" durationms="6.529" usertimems="21.479" systemtimems="0.000" timestamp="2019-08-09T18:07:12.694" activeThreads="16">
  <mem-info id="4931" free="187966072" total="236584960" percent="79">
    <mem type="nursery" free="186408072" total="212336640" percent="87">
      <mem type="allocate" free="186408072" total="191102976" percent="97" />
      <mem type="survivor" free="0" total="21233664" percent="0" />
    </mem>
    <mem type="tenure" free="1558000" total="24248320" percent="6" macro-fragmented="868149">
      <mem type="soa" free="1316336" total="24006656" percent="5" />
      <mem type="loa" free="241664" total="241664" percent="100" />
    </mem>
    <remembered-set count="197" />
  </mem-info>
</gc-end>
<cycle-end id="4932" type="scavenge" contextid="4926" timestamp="2019-08-09T18:07:12.694" />
  <attribute name="elasticGC enabled" value="1" />
  <attribute name= "numThreadsSpecified" value="16" />
  <attribute name="heapSize specified" value="236453888" />
  <attribute name="Current GC Util" value="67" />
  <attribute name= "Current Time Running" value="168557" />
  <attribute name ="GC Interval" value="1873" />
  <attribute name="Target GC Util Change" value ="80.000000" />
  <attribute name="Current GC Util Change" value="67.000000"/>
  <attribute name="Current Error" value="-120.000000" />
  <attribute name="Output H" value="236660504"/>
  <attribute name="Output I" value="1872"/>
  <attribute name="Output T" value="16"/>
  <attribute name= "Current Time Running" value="168557" />
  <attribute name="GC Util currently" value="67" />
  <attribute name="CPU Util currently" value="4829494886" />
<allocation-satisfied id="4933" threadId="000000000148B200" bytesRequested="40" />
<af-end id="4934" timestamp="2019-08-09T18:07:12.697" threadId="000000000148BB88" success="true" from="nursery"/>
<exclusive-end id="4935" timestamp="2019-08-09T18:07:12.697" durationms="9.231" />

<exclusive-start id="4936" timestamp="2019-08-09T18:07:12.749" intervalms="61.664">
  <response-info timems="2.849" idlems="1.428" threads="1" lastid="0000000001470E00" lastname="Thread-29" />
</exclusive-start>
<concurrent-collection-start id="4937" timestamp="2019-08-09T18:07:12.749" intervalms="465.374" >
  <concurrent-trace-info reason="card cleaning threshold reached" tracedByMutators="12700404" tracedByHelpers="1320128" cardsCleaned="13" workStackOverflowCount="0" />
</concurrent-collection-start>
<gc-start id="4938" type="global" contextid="4922" timestamp="2019-08-09T18:07:12.749">
  <mem-info id="4939" free="164569680" total="236584960" percent="69">
    <mem type="nursery" free="163011680" total="212336640" percent="76">
      <mem type="allocate" free="163011680" total="191102976" percent="85" />
      <mem type="survivor" free="0" total="21233664" percent="0" />
    </mem>
    <mem type="tenure" free="1558000" total="24248320" percent="6">
      <mem type="soa" free="1316336" total="24006656" percent="5" />
      <mem type="loa" free="241664" total="241664" percent="100" />
    </mem>
    <remembered-set count="197" />
  </mem-info>
</gc-start>
<allocation-stats totalBytes="23395408" >
  <allocated-bytes non-tlh="40" tlh="23395368" />
  <largest-consumer threadName="Thread-35" threadId="00000000014A9100" bytes="2981728" />
</allocation-stats>
<gc-op id="4940" type="rs-scan" timems="2.140" contextid="4922" timestamp="2019-08-09T18:07:12.751">
  <scan objectsFound="74" bytesTraced="7720" workStackOverflowCount="0" />
</gc-op>
<gc-op id="4941" type="card-cleaning" timems="1.920" contextid="4922" timestamp="2019-08-09T18:07:12.753">
  <card-cleaning cardsCleaned="23" bytesTraced="12008" workStackOverflowCount="0" />
</gc-op>
<gc-op id="4942" type="mark" timems="7.198" contextid="4922" timestamp="2019-08-09T18:07:12.761">
  <trace-info objectcount="101006" scancount="100782" scanbytes="4627328" />
  <finalization candidates="151" enqueued="0" />
  <ownableSynchronizers candidates="23" cleared="0" />
  <references type="soft" candidates="1905" cleared="35" enqueued="32" dynamicThreshold="2" maxThreshold="32" />
  <references type="weak" candidates="6091" cleared="0" enqueued="0" />
  <references type="phantom" candidates="314" cleared="0" enqueued="0" />
  <stringconstants candidates="14612" cleared="0"  />
</gc-op>
<gc-op id="4943" type="sweep" timems="4.859" contextid="4922" timestamp="2019-08-09T18:07:12.766" />
<mem-info id="4944" free="188157192" total="236584960" percent="79">
  <mem type="nursery" free="186430896" total="212336640" percent="87">
    <mem type="allocate" free="186430896" total="191102976" percent="97" />
    <mem type="survivor" free="0" total="21233664" percent="0" />
  </mem>
  <mem type="tenure" free="1726296" total="24248320" percent="7" micro-fragmented="0" macro-fragmented="1250136">
    <mem type="soa" free="1484632" total="24006656" percent="6" />
    <mem type="loa" free="241664" total="241664" percent="100" />
  </mem>
  <pending-finalizers system="0" default="0" reference="32" classloader="0" />
  <remembered-set count="186" />
</mem-info>
<gc-op id="4945" type="compact" timems="44.139" contextid="4922" timestamp="2019-08-09T18:07:12.810">
  <compact-info movecount="123948" movebytes="9245432" reason="compact to aid heap contraction" />
</gc-op>
<heap-resize id="4946" type="expand" space="tenure" amount="131072" count="1" timems="0.022" reason="satisfy allocation request" timestamp="2019-08-09T18:07:12.810" />
<gc-end id="4947" type="global" contextid="4922" durationms="61.309" usertimems="128.896" systemtimems="5.489" timestamp="2019-08-09T18:07:12.810" activeThreads="16">
  <mem-info id="4948" free="188381200" total="236716032" percent="79">
    <mem type="nursery" free="186516128" total="212336640" percent="87">
      <mem type="allocate" free="186516128" total="191102976" percent="97" />
      <mem type="survivor" free="0" total="21233664" percent="0" />
    </mem>
    <mem type="tenure" free="1865072" total="24379392" percent="7">
      <mem type="soa" free="1621360" total="24135680" percent="6" />
      <mem type="loa" free="243712" total="243712" percent="100" />
    </mem>
    <pending-finalizers system="0" default="0" reference="32" classloader="0" />
    <remembered-set count="186" />
  </mem-info>
</gc-end>
<cycle-end id="4949" type="global" contextid="4922" timestamp="2019-08-09T18:07:12.811" />
  <attribute name="elasticGC enabled" value="1" />
  <attribute name= "numThreadsSpecified" value="16" />
  <attribute name="heapSize specified" value="236584960" />
  <attribute name="Current GC Util" value="72" />
  <attribute name= "Current Time Running" value="168680" />
  <attribute name ="GC Interval" value="1873" />
  <attribute name="Target GC Util Change" value ="80.000000" />
  <attribute name="Current GC Util Change" value="72.000000"/>
  <attribute name="Current Error" value="-272.000000" />
  <attribute name="Output H" value="236660328"/>
  <attribute name="Output I" value="1696"/>
  <attribute name="Output T" value="16"/>
  <attribute name= "Current Time Running" value="168680" />
  <attribute name="GC Util currently" value="72" />
  <attribute name="CPU Util currently" value="26100178750" />
<concurrent-collection-end id="4950" timestamp="2019-08-09T18:07:12.811" />
<exclusive-end id="4951" timestamp="2019-08-09T18:07:12.811" durationms="61.567" />

<exclusive-start id="4952" timestamp="2019-08-09T18:07:13.073" intervalms="324.043">
  <response-info timems="6.804" idlems="6.804" threads="0" lastid="000000000145E300" lastname="Thread-31" />
</exclusive-start>
<af-start id="4953" threadId="000000000145EC88" totalBytesRequested="40" timestamp="2019-08-09T18:07:13.073" intervalms="385.724" type="nursery" />
<cycle-start id="4954" type="scavenge" contextid="0" timestamp="2019-08-09T18:07:13.073" intervalms="385.743" />
<gc-start id="4955" type="scavenge" contextid="4954" timestamp="2019-08-09T18:07:13.073">
  <mem-info id="4956" free="1865072" total="236716032" percent="0">
    <mem type="nursery" free="0" total="212336640" percent="0">
      <mem type="allocate" free="0" total="191102976" percent="0" />
      <mem type="survivor" free="0" total="21233664" percent="0" />
    </mem>
    <mem type="tenure" free="1865072" total="24379392" percent="7">
      <mem type="soa" free="1621360" total="24135680" percent="6" />
      <mem type="loa" free="243712" total="243712" percent="100" />
    </mem>
    <remembered-set count="246" />
  </mem-info>
</gc-start>
<allocation-stats totalBytes="186492312" >
  <allocated-bytes non-tlh="0" tlh="186492312" />
  <largest-consumer threadName="Thread-36" threadId="0000000001456B00" bytes="20866424" />
</allocation-stats>
<gc-op id="4957" type="scavenge" timems="6.685" contextid="4954" timestamp="2019-08-09T18:07:13.080">
  <scavenger-info tenureage="14" tenuremask="4000" tiltratio="90" />
  <memory-copied type="nursery" objects="103686" bytes="4693304" bytesdiscarded="347464" />
  <ownableSynchronizers candidates="46" cleared="46" />
</gc-op>
<gc-end id="4958" type="scavenge" contextid="4954" durationms="7.331" usertimems="25.683" systemtimems="0.000" timestamp="2019-08-09T18:07:13.081" activeThreads="16">
  <mem-info id="4959" free="187927280" total="236716032" percent="79">
    <mem type="nursery" free="186062208" total="212336640" percent="87">
      <mem type="allocate" free="186062208" total="191102976" percent="97" />
      <mem type="survivor" free="0" total="21233664" percent="0" />
    </mem>
    <mem type="tenure" free="1865072" total="24379392" percent="7" macro-fragmented="723458">
      <mem type="soa" free="1621360" total="24135680" percent="6" />
      <mem type="loa" free="243712" total="243712" percent="100" />
    </mem>
    <remembered-set count="215" />
  </mem-info>
</gc-end>
<cycle-end id="4960" type="scavenge" contextid="4954" timestamp="2019-08-09T18:07:13.081" />
  <attribute name="elasticGC enabled" value="1" />
  <attribute name= "numThreadsSpecified" value="16" />
  <attribute name="heapSize specified" value="236584960" />
  <attribute name="Current GC Util" value="16" />
  <attribute name= "Current Time Running" value="168943" />
  <attribute name ="GC Interval" value="1769" />
  <attribute name="Target GC Util Change" value ="80.000000" />
  <attribute name="Current GC Util Change" value="16.000000"/>
  <attribute name="Current Error" value="-208.000000" />
  <attribute name="Output H" value="236791472"/>
  <attribute name="Output I" value="1768"/>
  <attribute name="Output T" value="16"/>
  <attribute name= "Current Time Running" value="168943" />
  <attribute name="GC Util currently" value="16" />
  <attribute name="CPU Util currently" value="4377681881" />
<allocation-satisfied id="4961" threadId="000000000145E300" bytesRequested="40" />
<af-end id="4962" timestamp="2019-08-09T18:07:13.081" threadId="000000000145EC88" success="true" from="nursery"/>
<exclusive-end id="4963" timestamp="2019-08-09T18:07:13.081" durationms="8.009" />

<exclusive-start id="4964" timestamp="2019-08-09T18:07:13.536" intervalms="462.692">
  <response-info timems="12.002" idlems="12.002" threads="0" lastid="0000000001469600" lastname="Thread-25" />
</exclusive-start>
<af-start id="4965" threadId="0000000001469F88" totalBytesRequested="40" timestamp="2019-08-09T18:07:13.536" intervalms="462.848" type="nursery" />
<cycle-start id="4966" type="scavenge" contextid="0" timestamp="2019-08-09T18:07:13.536" intervalms="462.838" />
<gc-start id="4967" type="scavenge" contextid="4966" timestamp="2019-08-09T18:07:13.536">
  <mem-info id="4968" free="1865072" total="236716032" percent="0">
    <mem type="nursery" free="0" total="212336640" percent="0">
      <mem type="allocate" free="0" total="191102976" percent="0" />
      <mem type="survivor" free="0" total="21233664" percent="0" />
    </mem>
    <mem type="tenure" free="1865072" total="24379392" percent="7">
      <mem type="soa" free="1621360" total="24135680" percent="6" />
      <mem type="loa" free="243712" total="243712" percent="100" />
    </mem>
    <remembered-set count="215" />
  </mem-info>
</gc-start>
<allocation-stats totalBytes="186057888" >
  <allocated-bytes non-tlh="40" tlh="186057848" />
  <largest-consumer threadName="Thread-31" threadId="000000000145E300" bytes="21593432" />
</allocation-stats>
<gc-op id="4969" type="scavenge" timems="6.662" contextid="4966" timestamp="2019-08-09T18:07:13.543">
  <scavenger-info tenureage="14" tenuremask="4000" tiltratio="90" />
  <memory-copied type="nursery" objects="104148" bytes="4705224" bytesdiscarded="358224" />
</gc-op>
<gc-end id="4970" type="scavenge" contextid="4966" durationms="7.283" usertimems="22.185" systemtimems="0.000" timestamp="2019-08-09T18:07:13.543" activeThreads="16">
  <mem-info id="4971" free="187904600" total="236716032" percent="79">
    <mem type="nursery" free="186039528" total="212336640" percent="87">
      <mem type="allocate" free="186039528" total="191102976" percent="97" />
      <mem type="survivor" free="0" total="21233664" percent="0" />
    </mem>
    <mem type="tenure" free="1865072" total="24379392" percent="7" macro-fragmented="1500163">
      <mem type="soa" free="1621360" total="24135680" percent="6" />
      <mem type="loa" free="243712" total="243712" percent="100" />
    </mem>
    <remembered-set count="207" />
  </mem-info>
</gc-end>
<cycle-end id="4972" type="scavenge" contextid="4966" timestamp="2019-08-09T18:07:13.544" />
  <attribute name="elasticGC enabled" value="1" />
  <attribute name= "numThreadsSpecified" value="16" />
  <attribute name="heapSize specified" value="236584960" />
  <attribute name="Current GC Util" value="4" />
  <attribute name= "Current Time Running" value="169406" />
  <attribute name ="GC Interval" value="2097" />
  <attribute name="Target GC Util Change" value ="80.000000" />
  <attribute name="Current GC Util Change" value="4.000000"/>
  <attribute name="Current Error" value="76.000000" />
  <attribute name="Output H" value="236791800"/>
  <attribute name="Output I" value="2096"/>
  <attribute name="Output T" value="16"/>
  <attribute name= "Current Time Running" value="169406" />
  <attribute name="GC Util currently" value="4" />
  <attribute name="CPU Util currently" value="2491382144" />
<allocation-satisfied id="4973" threadId="0000000001469600" bytesRequested="40" />
<af-end id="4974" timestamp="2019-08-09T18:07:13.544" threadId="0000000001469F88" success="true" from="nursery"/>
<exclusive-end id="4975" timestamp="2019-08-09T18:07:13.544" durationms="7.889" />

<exclusive-start id="4976" timestamp="2019-08-09T18:07:14.018" intervalms="482.558">
  <response-info timems="1.301" idlems="1.301" threads="0" lastid="00000000014A5500" lastname="Thread-21" />
</exclusive-start>
<af-start id="4977" threadId="00000000014A5E88" totalBytesRequested="40" timestamp="2019-08-09T18:07:14.018" intervalms="482.431" type="nursery" />
<cycle-start id="4978" type="scavenge" contextid="0" timestamp="2019-08-09T18:07:14.018" intervalms="482.424" />
<gc-start id="4979" type="scavenge" contextid="4978" timestamp="2019-08-09T18:07:14.019">
  <mem-info id="4980" free="1865072" total="236716032" percent="0">
    <mem type="nursery" free="0" total="212336640" percent="0">
      <mem type="allocate" free="0" total="191102976" percent="0" />
      <mem type="survivor" free="0" total="21233664" percent="0" />
    </mem>
    <mem type="tenure" free="1865072" total="24379392" percent="7">
      <mem type="soa" free="1621360" total="24135680" percent="6" />
      <mem type="loa" free="243712" total="243712" percent="100" />
    </mem>
    <remembered-set count="207" />
  </mem-info>
</gc-start>
<allocation-stats totalBytes="186034936" >
  <allocated-bytes non-tlh="40" tlh="186034896" />
  <largest-consumer threadName="Thread-32" threadId="0000000001492900" bytes="22248880" />
</allocation-stats>
<gc-op id="4981" type="scavenge" timems="4.893" contextid="4978" timestamp="2019-08-09T18:07:14.023">
  <scavenger-info tenureage="14" tenuremask="4000" tiltratio="90" />
  <memory-copied type="nursery" objects="112452" bytes="4903976" bytesdiscarded="205072" />
</gc-op>
<gc-end id="4982" type="scavenge" contextid="4978" durationms="5.420" usertimems="17.626" systemtimems="0.320" timestamp="2019-08-09T18:07:14.024" activeThreads="16">
  <mem-info id="4983" free="187859000" total="236716032" percent="79">
    <mem type="nursery" free="185993928" total="212336640" percent="87">
      <mem type="allocate" free="185993928" total="191102976" percent="97" />
      <mem type="survivor" free="0" total="21233664" percent="0" />
    </mem>
    <mem type="tenure" free="1865072" total="24379392" percent="7" macro-fragmented="1500163">
      <mem type="soa" free="1621360" total="24135680" percent="6" />
      <mem type="loa" free="243712" total="243712" percent="100" />
    </mem>
    <remembered-set count="172" />
  </mem-info>
</gc-end>
<cycle-end id="4984" type="scavenge" contextid="4978" timestamp="2019-08-09T18:07:14.024" />
  <attribute name="elasticGC enabled" value="1" />
  <attribute name= "numThreadsSpecified" value="16" />
  <attribute name="heapSize specified" value="236584960" />
  <attribute name="Current GC Util" value="4" />
  <attribute name= "Current Time Running" value="169888" />
  <attribute name ="GC Interval" value="2185" />
  <attribute name="Target GC Util Change" value ="80.000000" />
  <attribute name="Current GC Util Change" value="4.000000"/>
  <attribute name="Current Error" value="152.000000" />
  <attribute name="Output H" value="236791888"/>
  <attribute name="Output I" value="2184"/>
  <attribute name="Output T" value="16"/>
  <attribute name= "Current Time Running" value="169888" />
  <attribute name="GC Util currently" value="4" />
  <attribute name="CPU Util currently" value="2389913650" />
<allocation-satisfied id="4985" threadId="00000000014A5500" bytesRequested="40" />
<af-end id="4986" timestamp="2019-08-09T18:07:14.024" threadId="00000000014A5E88" success="true" from="nursery"/>
<exclusive-end id="4987" timestamp="2019-08-09T18:07:14.024" durationms="5.805" />

<exclusive-start id="4988" timestamp="2019-08-09T18:07:14.527" intervalms="508.637">
  <response-info timems="6.993" idlems="6.993" threads="0" lastid="0000000001461F00" lastname="Thread-34" />
</exclusive-start>
<af-start id="4989" threadId="0000000001462888" totalBytesRequested="40" timestamp="2019-08-09T18:07:14.527" intervalms="508.632" type="nursery" />
<cycle-start id="4990" type="scavenge" contextid="0" timestamp="2019-08-09T18:07:14.527" intervalms="508.637" />
<gc-start id="4991" type="scavenge" contextid="4990" timestamp="2019-08-09T18:07:14.527">
  <mem-info id="4992" free="1865072" total="236716032" percent="0">
    <mem type="nursery" free="0" total="212336640" percent="0">
      <mem type="allocate" free="0" total="191102976" percent="0" />
      <mem type="survivor" free="0" total="21233664" percent="0" />
    </mem>
    <mem type="tenure" free="1865072" total="24379392" percent="7">
      <mem type="soa" free="1621360" total="24135680" percent="6" />
      <mem type="loa" free="243712" total="243712" percent="100" />
    </mem>
    <remembered-set count="172" />
  </mem-info>
</gc-start>
<allocation-stats totalBytes="185970016" >
  <allocated-bytes non-tlh="40" tlh="185969976" />
  <largest-consumer threadName="Thread-24" threadId="0000000001496500" bytes="18839304" />
</allocation-stats>
<gc-op id="4993" type="scavenge" timems="8.404" contextid="4990" timestamp="2019-08-09T18:07:14.536">
  <scavenger-info tenureage="4" tenuremask="4010" tiltratio="90" />
  <memory-copied type="nursery" objects="81309" bytes="3194416" bytesdiscarded="267200" />
  <memory-copied type="tenure" objects="35107" bytes="1805192" bytesdiscarded="1032" />
  <heap-resize type="expand" space="tenure" amount="393216" count="6" timems="0.364" reason="continue current collection" />
</gc-op>
<gc-end id="4994" type="scavenge" contextid="4990" durationms="8.904" usertimems="23.258" systemtimems="0.783" timestamp="2019-08-09T18:07:14.536" activeThreads="16">
  <mem-info id="4995" free="187905296" total="237109248" percent="79">
    <mem type="nursery" free="187641360" total="212336640" percent="88">
      <mem type="allocate" free="187641360" total="191102976" percent="98" />
      <mem type="survivor" free="0" total="21233664" percent="0" />
    </mem>
    <mem type="tenure" free="263936" total="24772608" percent="1" macro-fragmented="116842">
      <mem type="soa" free="17152" total="24525824" percent="0" />
      <mem type="loa" free="246784" total="246784" percent="100" />
    </mem>
    <remembered-set count="16351" />
  </mem-info>
</gc-end>
<cycle-end id="4996" type="scavenge" contextid="4990" timestamp="2019-08-09T18:07:14.536" />
  <attribute name="elasticGC enabled" value="1" />
  <attribute name= "numThreadsSpecified" value="16" />
  <attribute name="heapSize specified" value="236584960" />
  <attribute name="Current GC Util" value="3" />
  <attribute name= "Current Time Running" value="170397" />
  <attribute name ="GC Interval" value="2273" />
  <attribute name="Target GC Util Change" value ="80.000000" />
  <attribute name="Current GC Util Change" value="3.000000"/>
  <attribute name="Current Error" value="229.000000" />
  <attribute name="Output H" value="236791976"/>
  <attribute name="Output I" value="2272"/>
  <attribute name="Output T" value="16"/>
  <attribute name= "Current Time Running" value="170397" />
  <attribute name="GC Util currently" value="3" />
  <attribute name="CPU Util currently" value="2266440788" />
<allocation-satisfied id="4997" threadId="0000000001461F00" bytesRequested="40" />
<af-end id="4998" timestamp="2019-08-09T18:07:14.536" threadId="0000000001462888" success="true" from="nursery"/>
<exclusive-end id="4999" timestamp="2019-08-09T18:07:14.536" durationms="9.327" />

<concurrent-kickoff id="5000" timestamp="2019-08-09T18:07:14.772">
  <kickoff reason="threshold reached" targetBytes="15577400" thresholdFreeBytes="1835241"  remainingFree="1781264" tenureFreeBytes="263936" nurseryFreeBytes="1781264" />
</concurrent-kickoff>
<exclusive-start id="5001" timestamp="2019-08-09T18:07:14.779" intervalms="251.950">
  <response-info timems="6.512" idlems="6.502" threads="2" lastid="0000000001469600" lastname="Thread-25" />
</exclusive-start>
<cycle-start id="5002" type="global" contextid="0" timestamp="2019-08-09T18:07:14.779" intervalms="2095.654" />
<exclusive-end id="5003" timestamp="2019-08-09T18:07:14.779" durationms="0.074" />

<exclusive-start id="5004" timestamp="2019-08-09T18:07:14.784" intervalms="5.305">
  <response-info timems="3.732" idlems="1.767" threads="3" lastid="0000000001173F00" lastname="JIT Compilation Thread-3" />
</exclusive-start>
<af-start id="5005" threadId="0000000001457488" totalBytesRequested="40" timestamp="2019-08-09T18:07:14.784" intervalms="257.221" type="nursery" />
<cycle-start id="5006" type="scavenge" contextid="0" timestamp="2019-08-09T18:07:14.784" intervalms="257.226" />
<gc-start id="5007" type="scavenge" contextid="5006" timestamp="2019-08-09T18:07:14.784">
  <mem-info id="5008" free="263936" total="237109248" percent="0">
    <mem type="nursery" free="0" total="212336640" percent="0">
      <mem type="allocate" free="0" total="191102976" percent="0" />
      <mem type="survivor" free="0" total="21233664" percent="0" />
    </mem>
    <mem type="tenure" free="263936" total="24772608" percent="1">
      <mem type="soa" free="17152" total="24525824" percent="0" />
      <mem type="loa" free="246784" total="246784" percent="100" />
    </mem>
    <remembered-set count="20128" />
  </mem-info>
</gc-start>
<allocation-stats totalBytes="187638648" >
  <allocated-bytes non-tlh="40" tlh="187638608" />
  <largest-consumer threadName="Thread-31" threadId="000000000145E300" bytes="21724880" />
</allocation-stats>
<gc-op id="5009" type="scavenge" timems="7.487" contextid="5006" timestamp="2019-08-09T18:07:14.792">
  <scavenger-info tenureage="4" tenuremask="4010" tiltratio="90" />
  <memory-copied type="nursery" objects="66274" bytes="2420000" bytesdiscarded="859840" />
  <memory-copied type="tenure" objects="20163" bytes="896536" bytesdiscarded="128" />
  <heap-resize type="expand" space="tenure" amount="1114112" count="17" timems="3.114" reason="continue current collection" />
</gc-op>
<gc-end id="5010" type="scavenge" contextid="5006" durationms="7.972" usertimems="18.606" systemtimems="1.209" timestamp="2019-08-09T18:07:14.792" activeThreads="16">
  <mem-info id="5011" free="188130592" total="238223360" percent="78">
    <mem type="nursery" free="187823136" total="212336640" percent="88">
      <mem type="allocate" free="187823136" total="191102976" percent="98" />
      <mem type="survivor" free="0" total="21233664" percent="0" />
    </mem>
    <mem type="tenure" free="307456" total="25886720" percent="1" macro-fragmented="0">
      <mem type="soa" free="49408" total="25628672" percent="0" />
      <mem type="loa" free="258048" total="258048" percent="100" />
    </mem>
    <remembered-set count="23482" />
  </mem-info>
</gc-end>
<cycle-end id="5012" type="scavenge" contextid="5006" timestamp="2019-08-09T18:07:14.792" />
  <attribute name="elasticGC enabled" value="1" />
  <attribute name= "numThreadsSpecified" value="16" />
  <attribute name="heapSize specified" value="236584960" />
  <attribute name="Current GC Util" value="9" />
  <attribute name= "Current Time Running" value="170654" />
  <attribute name ="GC Interval" value="2361" />
  <attribute name="Target GC Util Change" value ="80.000000" />
  <attribute name="Current GC Util Change" value="9.000000"/>
  <attribute name="Current Error" value="300.000000" />
  <attribute name="Output H" value="237185280"/>
  <attribute name="Output I" value="2360"/>
  <attribute name="Output T" value="16"/>
  <attribute name= "Current Time Running" value="170654" />
  <attribute name="GC Util currently" value="9" />
  <attribute name="CPU Util currently" value="4482726218" />
<allocation-satisfied id="5013" threadId="0000000001456B00" bytesRequested="40" />
<af-end id="5014" timestamp="2019-08-09T18:07:14.795" threadId="0000000001457488" success="true" from="nursery"/>
<exclusive-end id="5015" timestamp="2019-08-09T18:07:14.795" durationms="10.615" />

<exclusive-start id="5016" timestamp="2019-08-09T18:07:14.820" intervalms="35.697">
  <response-info timems="6.406" idlems="6.406" threads="0" lastid="0000000001496500" lastname="Thread-24" />
</exclusive-start>
<concurrent-collection-start id="5017" timestamp="2019-08-09T18:07:14.820" intervalms="2070.869" >
  <concurrent-trace-info reason="card cleaning threshold reached" tracedByMutators="13905124" tracedByHelpers="2390804" cardsCleaned="14" workStackOverflowCount="0" />
</concurrent-collection-start>
<gc-start id="5018" type="global" contextid="5002" timestamp="2019-08-09T18:07:14.820">
  <mem-info id="5019" free="181814520" total="238223360" percent="76">
    <mem type="nursery" free="181507064" total="212336640" percent="85">
      <mem type="allocate" free="181507064" total="191102976" percent="94" />
      <mem type="survivor" free="0" total="21233664" percent="0" />
    </mem>
    <mem type="tenure" free="307456" total="25886720" percent="1">
      <mem type="soa" free="49408" total="25628672" percent="0" />
      <mem type="loa" free="258048" total="258048" percent="100" />
    </mem>
    <remembered-set count="23670" />
  </mem-info>
</gc-start>
<allocation-stats totalBytes="6314216" >
  <allocated-bytes non-tlh="40" tlh="6314176" />
  <largest-consumer threadName="Thread-31" threadId="000000000145E300" bytes="945904" />
</allocation-stats>
<gc-op id="5020" type="rs-scan" timems="5.357" contextid="5002" timestamp="2019-08-09T18:07:14.825">
  <scan objectsFound="20561" bytesTraced="1668656" workStackOverflowCount="0" />
</gc-op>
<gc-op id="5021" type="card-cleaning" timems="1.964" contextid="5002" timestamp="2019-08-09T18:07:14.827">
  <card-cleaning cardsCleaned="367" bytesTraced="255076" workStackOverflowCount="0" />
</gc-op>
<gc-op id="5022" type="mark" timems="8.380" contextid="5002" timestamp="2019-08-09T18:07:14.836">
  <trace-info objectcount="54086" scancount="53609" scanbytes="2262788" />
  <finalization candidates="151" enqueued="0" />
  <ownableSynchronizers candidates="23" cleared="0" />
  <references type="soft" candidates="1870" cleared="15" enqueued="12" dynamicThreshold="2" maxThreshold="32" />
  <references type="weak" candidates="6091" cleared="0" enqueued="0" />
  <references type="phantom" candidates="314" cleared="0" enqueued="0" />
  <stringconstants candidates="14612" cleared="0"  />
</gc-op>
<gc-op id="5023" type="sweep" timems="2.950" contextid="5002" timestamp="2019-08-09T18:07:14.839" />
<mem-info id="5024" free="189445168" total="238223360" percent="79">
  <mem type="nursery" free="188631488" total="212336640" percent="88">
    <mem type="allocate" free="188631488" total="191102976" percent="98" />
    <mem type="survivor" free="0" total="21233664" percent="0" />
  </mem>
  <mem type="tenure" free="813680" total="25886720" percent="3" micro-fragmented="2305" macro-fragmented="0">
    <mem type="soa" free="555632" total="25628672" percent="2" />
    <mem type="loa" free="258048" total="258048" percent="100" />
  </mem>
  <pending-finalizers system="0" default="0" reference="12" classloader="0" />
  <remembered-set count="23670" />
</mem-info>
<gc-op id="5025" type="compact" timems="31.176" contextid="5002" timestamp="2019-08-09T18:07:14.870">
  <compact-info movecount="129398" movebytes="9220752" reason="compact to aid heap contraction" />
</gc-op>
<heap-resize id="5026" type="expand" space="tenure" amount="131072" count="1" timems="0.019" reason="satisfy allocation request" timestamp="2019-08-09T18:07:14.871" />
<gc-end id="5027" type="global" contextid="5002" durationms="50.733" usertimems="75.775" systemtimems="0.000" timestamp="2019-08-09T18:07:14.871" activeThreads="16">
  <mem-info id="5028" free="189630120" total="238354432" percent="79">
    <mem type="nursery" free="188677608" total="212336640" percent="88">
      <mem type="allocate" free="188677608" total="191102976" percent="98" />
      <mem type="survivor" free="0" total="21233664" percent="0" />
    </mem>
    <mem type="tenure" free="952512" total="26017792" percent="3">
      <mem type="soa" free="692416" total="25757696" percent="2" />
      <mem type="loa" free="260096" total="260096" percent="100" />
    </mem>
    <pending-finalizers system="0" default="0" reference="12" classloader="0" />
    <remembered-set count="23670" />
  </mem-info>
</gc-end>
<cycle-end id="5029" type="global" contextid="5002" timestamp="2019-08-09T18:07:14.871" />
  <attribute name="elasticGC enabled" value="1" />
  <attribute name= "numThreadsSpecified" value="16" />
  <attribute name="heapSize specified" value="238223360" />
  <attribute name="Current GC Util" value="77" />
  <attribute name= "Current Time Running" value="170740" />
  <attribute name ="GC Interval" value="2361" />
  <attribute name="Target GC Util Change" value ="80.000000" />
  <attribute name="Current GC Util Change" value="77.000000"/>
  <attribute name="Current Error" value="-120.000000" />
  <attribute name="Output H" value="238298904"/>
  <attribute name="Output I" value="1872"/>
  <attribute name="Output T" value="16"/>
  <attribute name= "Current Time Running" value="170740" />
  <attribute name="GC Util currently" value="77" />
  <attribute name="CPU Util currently" value="36940629595" />
<concurrent-collection-end id="5030" timestamp="2019-08-09T18:07:14.871" />
<exclusive-end id="5031" timestamp="2019-08-09T18:07:14.871" durationms="51.036" />

<concurrent-kickoff id="5032" timestamp="2019-08-09T18:07:15.109">
  <kickoff reason="threshold reached" targetBytes="16370452" thresholdFreeBytes="1790207"  remainingFree="1662440" tenureFreeBytes="952512" nurseryFreeBytes="1662440" />
</concurrent-kickoff>
<exclusive-start id="5033" timestamp="2019-08-09T18:07:15.119" intervalms="299.029">
  <response-info timems="10.005" idlems="10.005" threads="0" lastid="00000000014A1900" lastname="Thread-30" />
</exclusive-start>
<cycle-start id="5034" type="global" contextid="0" timestamp="2019-08-09T18:07:15.119" intervalms="340.108" />
<exclusive-end id="5035" timestamp="2019-08-09T18:07:15.119" durationms="0.120" />

<exclusive-start id="5036" timestamp="2019-08-09T18:07:15.121" intervalms="2.059">
  <response-info timems="0.724" idlems="0.724" threads="0" lastid="0000000001469600" lastname="Thread-25" />
</exclusive-start>
<af-start id="5037" threadId="0000000001469F88" totalBytesRequested="40" timestamp="2019-08-09T18:07:15.121" intervalms="336.775" type="nursery" />
<cycle-start id="5038" type="scavenge" contextid="0" timestamp="2019-08-09T18:07:15.121" intervalms="336.766" />
<gc-start id="5039" type="scavenge" contextid="5038" timestamp="2019-08-09T18:07:15.121">
  <mem-info id="5040" free="952512" total="238354432" percent="0">
    <mem type="nursery" free="0" total="212336640" percent="0">
      <mem type="allocate" free="0" total="191102976" percent="0" />
      <mem type="survivor" free="0" total="21233664" percent="0" />
    </mem>
    <mem type="tenure" free="952512" total="26017792" percent="3">
      <mem type="soa" free="692416" total="25757696" percent="2" />
      <mem type="loa" free="260096" total="260096" percent="100" />
    </mem>
    <remembered-set count="29286" />
  </mem-info>
</gc-start>
<allocation-stats totalBytes="188663200" >
  <allocated-bytes non-tlh="0" tlh="188663200" />
  <largest-consumer threadName="Thread-24" threadId="0000000001496500" bytes="29067400" />
</allocation-stats>
<gc-op id="5041" type="scavenge" timems="5.813" contextid="5038" timestamp="2019-08-09T18:07:15.127">
  <scavenger-info tenureage="4" tenuremask="4010" tiltratio="90" />
  <memory-copied type="nursery" objects="72828" bytes="2578240" bytesdiscarded="545072" />
  <memory-copied type="tenure" objects="14860" bytes="631392" bytesdiscarded="72" />
  <ownableSynchronizers candidates="46" cleared="46" />
  <heap-resize type="expand" space="tenure" amount="655360" count="5" timems="2.162" reason="continue current collection" />
</gc-op>
<gc-end id="5042" type="scavenge" contextid="5038" durationms="6.503" usertimems="20.949" systemtimems="4.822" timestamp="2019-08-09T18:07:15.128" activeThreads="16">
  <mem-info id="5043" free="188273808" total="239009792" percent="78">
    <mem type="nursery" free="187979664" total="212336640" percent="88">
      <mem type="allocate" free="187979664" total="191102976" percent="98" />
      <mem type="survivor" free="0" total="21233664" percent="0" />
    </mem>
    <mem type="tenure" free="294144" total="26673152" percent="1" macro-fragmented="0">
      <mem type="soa" free="27904" total="26406912" percent="0" />
      <mem type="loa" free="266240" total="266240" percent="100" />
    </mem>
    <remembered-set count="29900" />
  </mem-info>
</gc-end>
<cycle-end id="5044" type="scavenge" contextid="5038" timestamp="2019-08-09T18:07:15.128" />
  <attribute name="elasticGC enabled" value="1" />
  <attribute name= "numThreadsSpecified" value="16" />
  <attribute name="heapSize specified" value="238223360" />
  <attribute name="Current GC Util" value="13" />
  <attribute name= "Current Time Running" value="170991" />
  <attribute name ="GC Interval" value="1953" />
  <attribute name="Target GC Util Change" value ="80.000000" />
  <attribute name="Current GC Util Change" value="13.000000"/>
  <attribute name="Current Error" value="-53.000000" />
  <attribute name="Output H" value="238430056"/>
  <attribute name="Output I" value="1952"/>
  <attribute name="Output T" value="16"/>
  <attribute name= "Current Time Running" value="170991" />
  <attribute name="GC Util currently" value="13" />
  <attribute name="CPU Util currently" value="4595574472" />
<allocation-satisfied id="5045" threadId="0000000001469600" bytesRequested="40" />
<af-end id="5046" timestamp="2019-08-09T18:07:15.128" threadId="0000000001469F88" success="true" from="nursery"/>
<exclusive-end id="5047" timestamp="2019-08-09T18:07:15.128" durationms="7.471" />

<exclusive-start id="5048" timestamp="2019-08-09T18:07:15.214" intervalms="92.861">
  <response-info timems="71.717" idlems="71.717" threads="0" lastid="0000000001461F00" lastname="Thread-34" />
</exclusive-start>
<concurrent-collection-start id="5049" timestamp="2019-08-09T18:07:15.214" intervalms="393.973" >
  <concurrent-trace-info reason="card cleaning threshold reached" tracedByMutators="13576092" tracedByHelpers="1043212" cardsCleaned="409" workStackOverflowCount="0" />
</concurrent-collection-start>
<gc-start id="5050" type="global" contextid="5034" timestamp="2019-08-09T18:07:15.214">
  <mem-info id="5051" free="150590568" total="239009792" percent="63">
    <mem type="nursery" free="150296424" total="212336640" percent="70">
      <mem type="allocate" free="150296424" total="191102976" percent="78" />
      <mem type="survivor" free="0" total="21233664" percent="0" />
    </mem>
    <mem type="tenure" free="294144" total="26673152" percent="1">
      <mem type="soa" free="27904" total="26406912" percent="0" />
      <mem type="loa" free="266240" total="266240" percent="100" />
    </mem>
    <remembered-set count="30798" />
  </mem-info>
</gc-start>
<allocation-stats totalBytes="37682912" >
  <allocated-bytes non-tlh="40" tlh="37682872" />
  <largest-consumer threadName="Thread-30" threadId="00000000014A1900" bytes="6258640" />
</allocation-stats>
<gc-op id="5052" type="rs-scan" timems="7.987" contextid="5034" timestamp="2019-08-09T18:07:15.222">
  <scan objectsFound="13272" bytesTraced="1142276" workStackOverflowCount="0" />
</gc-op>
<gc-op id="5053" type="card-cleaning" timems="5.604" contextid="5034" timestamp="2019-08-09T18:07:15.228">
  <card-cleaning cardsCleaned="322" bytesTraced="137816" workStackOverflowCount="0" />
</gc-op>
<gc-op id="5054" type="mark" timems="11.557" contextid="5034" timestamp="2019-08-09T18:07:15.239">
  <trace-info objectcount="123578" scancount="110513" scanbytes="4276212" />
  <finalization candidates="151" enqueued="0" />
  <ownableSynchronizers candidates="23" cleared="0" />
  <references type="soft" candidates="1855" cleared="0" enqueued="0" dynamicThreshold="1" maxThreshold="32" />
  <references type="weak" candidates="6091" cleared="0" enqueued="0" />
  <references type="phantom" candidates="314" cleared="0" enqueued="0" />
  <stringconstants candidates="14612" cleared="0"  />
</gc-op>
<gc-op id="5055" type="sweep" timems="3.340" contextid="5034" timestamp="2019-08-09T18:07:15.243" />
<mem-info id="5056" free="190002008" total="239009792" percent="79">
  <mem type="nursery" free="188259928" total="212336640" percent="88">
    <mem type="allocate" free="188259928" total="191102976" percent="98" />
    <mem type="survivor" free="0" total="21233664" percent="0" />
  </mem>
  <mem type="tenure" free="1742080" total="26673152" percent="6" micro-fragmented="38624" macro-fragmented="0">
    <mem type="soa" free="1475840" total="26406912" percent="5" />
    <mem type="loa" free="266240" total="266240" percent="100" />
  </mem>
  <remembered-set count="20479" />
</mem-info>
<gc-op id="5057" type="compact" timems="46.495" contextid="5034" timestamp="2019-08-09T18:07:15.290">
  <compact-info movecount="135520" movebytes="9372792" reason="compact to aid heap contraction" />
</gc-op>
<heap-resize id="5058" type="expand" space="tenure" amount="131072" count="1" timems="0.027" reason="satisfy allocation request" timestamp="2019-08-09T18:07:15.290" />
<gc-end id="5059" type="global" contextid="5034" durationms="76.342" usertimems="140.836" systemtimems="15.019" timestamp="2019-08-09T18:07:15.290" activeThreads="16">
  <mem-info id="5060" free="190460856" total="239140864" percent="79">
    <mem type="nursery" free="188504472" total="212336640" percent="88">
      <mem type="allocate" free="188504472" total="191102976" percent="98" />
      <mem type="survivor" free="0" total="21233664" percent="0" />
    </mem>
    <mem type="tenure" free="1956384" total="26804224" percent="7">
      <mem type="soa" free="1689120" total="26536960" percent="6" />
      <mem type="loa" free="267264" total="267264" percent="100" />
    </mem>
    <remembered-set count="20479" />
  </mem-info>
</gc-end>
<cycle-end id="5061" type="global" contextid="5034" timestamp="2019-08-09T18:07:15.290" />
  <attribute name="elasticGC enabled" value="1" />
  <attribute name= "numThreadsSpecified" value="16" />
  <attribute name="heapSize specified" value="239009792" />
  <attribute name="Current GC Util" value="69" />
  <attribute name= "Current Time Running" value="171159" />
  <attribute name ="GC Interval" value="1953" />
  <attribute name="Target GC Util Change" value ="80.000000" />
  <attribute name="Current GC Util Change" value="69.000000"/>
  <attribute name="Current Error" value="11.000000" />
  <attribute name="Output H" value="239085488"/>
  <attribute name="Output I" value="2024"/>
  <attribute name="Output T" value="16"/>
  <attribute name= "Current Time Running" value="171159" />
  <attribute name="GC Util currently" value="69" />
  <attribute name="CPU Util currently" value="24781749266" />
<concurrent-collection-end id="5062" timestamp="2019-08-09T18:07:15.290" />
<exclusive-end id="5063" timestamp="2019-08-09T18:07:15.290" durationms="76.580" />

<exclusive-start id="5064" timestamp="2019-08-09T18:07:15.499" intervalms="285.309">
  <response-info timems="11.099" idlems="5.581" threads="1" lastid="000000000149A100" lastname="Thread-26" />
</exclusive-start>
<af-start id="5065" threadId="0000000001496E88" totalBytesRequested="40" timestamp="2019-08-09T18:07:15.499" intervalms="378.184" type="nursery" />
<cycle-start id="5066" type="scavenge" contextid="0" timestamp="2019-08-09T18:07:15.499" intervalms="378.181" />
<gc-start id="5067" type="scavenge" contextid="5066" timestamp="2019-08-09T18:07:15.499">
  <mem-info id="5068" free="1956384" total="239140864" percent="0">
    <mem type="nursery" free="0" total="212336640" percent="0">
      <mem type="allocate" free="0" total="191102976" percent="0" />
      <mem type="survivor" free="0" total="21233664" percent="0" />
    </mem>
    <mem type="tenure" free="1956384" total="26804224" percent="7">
      <mem type="soa" free="1689120" total="26536960" percent="6" />
      <mem type="loa" free="267264" total="267264" percent="100" />
    </mem>
    <remembered-set count="25029" />
  </mem-info>
</gc-start>
<allocation-stats totalBytes="188496232" >
  <allocated-bytes non-tlh="0" tlh="188496232" />
  <largest-consumer threadName="Thread-36" threadId="0000000001456B00" bytes="20675192" />
</allocation-stats>
<gc-op id="5069" type="scavenge" timems="6.714" contextid="5066" timestamp="2019-08-09T18:07:15.506">
  <scavenger-info tenureage="14" tenuremask="4000" tiltratio="90" />
  <memory-copied type="nursery" objects="76684" bytes="2945432" bytesdiscarded="53680" />
  <ownableSynchronizers candidates="46" cleared="46" />
</gc-op>
<gc-end id="5070" type="scavenge" contextid="5066" durationms="7.198" usertimems="25.080" systemtimems="3.829" timestamp="2019-08-09T18:07:15.507" activeThreads="16">
  <mem-info id="5071" free="190060248" total="239140864" percent="79">
    <mem type="nursery" free="188103864" total="212336640" percent="88">
      <mem type="allocate" free="188103864" total="191102976" percent="98" />
      <mem type="survivor" free="0" total="21233664" percent="0" />
    </mem>
    <mem type="tenure" free="1956384" total="26804224" percent="7" macro-fragmented="0">
      <mem type="soa" free="1689120" total="26536960" percent="6" />
      <mem type="loa" free="267264" total="267264" percent="100" />
    </mem>
    <remembered-set count="25027" />
  </mem-info>
</gc-end>
<cycle-end id="5072" type="scavenge" contextid="5066" timestamp="2019-08-09T18:07:15.507" />
  <attribute name="elasticGC enabled" value="1" />
  <attribute name= "numThreadsSpecified" value="16" />
  <attribute name="heapSize specified" value="239009792" />
  <attribute name="Current GC Util" value="22" />
  <attribute name= "Current Time Running" value="171369" />
  <attribute name ="GC Interval" value="2089" />
  <attribute name="Target GC Util Change" value ="80.000000" />
  <attribute name="Current GC Util Change" value="22.000000"/>
  <attribute name="Current Error" value="69.000000" />
  <attribute name="Output H" value="239216624"/>
  <attribute name="Output I" value="2088"/>
  <attribute name="Output T" value="16"/>
  <attribute name= "Current Time Running" value="171369" />
  <attribute name="GC Util currently" value="22" />
  <attribute name="CPU Util currently" value="5496947131" />
<allocation-satisfied id="5073" threadId="0000000001496500" bytesRequested="40" />
<af-end id="5074" timestamp="2019-08-09T18:07:15.507" threadId="0000000001496E88" success="true" from="nursery"/>
<exclusive-end id="5075" timestamp="2019-08-09T18:07:15.507" durationms="7.501" />

<exclusive-start id="5076" timestamp="2019-08-09T18:07:15.723" intervalms="224.152">
  <response-info timems="10.231" idlems="6.984" threads="9" lastid="0000000001461F00" lastname="Thread-34" />
</exclusive-start>
<af-start id="5077" threadId="000000000147CB88" totalBytesRequested="40" timestamp="2019-08-09T18:07:15.723" intervalms="224.144" type="nursery" />
<cycle-start id="5078" type="scavenge" contextid="0" timestamp="2019-08-09T18:07:15.723" intervalms="224.145" />
<gc-start id="5079" type="scavenge" contextid="5078" timestamp="2019-08-09T18:07:15.723">
  <mem-info id="5080" free="1956384" total="239140864" percent="0">
    <mem type="nursery" free="0" total="212336640" percent="0">
      <mem type="allocate" free="0" total="191102976" percent="0" />
      <mem type="survivor" free="0" total="21233664" percent="0" />
    </mem>
    <mem type="tenure" free="1956384" total="26804224" percent="7">
      <mem type="soa" free="1689120" total="26536960" percent="6" />
      <mem type="loa" free="267264" total="267264" percent="100" />
    </mem>
    <remembered-set count="29152" />
  </mem-info>
</gc-start>
<allocation-stats totalBytes="188091840" >
  <allocated-bytes non-tlh="40" tlh="188091800" />
  <largest-consumer threadName="Thread-34" threadId="0000000001461F00" bytes="20544312" />
</allocation-stats>
<gc-op id="5081" type="scavenge" timems="11.421" contextid="5078" timestamp="2019-08-09T18:07:15.735">
  <scavenger-info tenureage="14" tenuremask="4000" tiltratio="90" />
  <memory-copied type="nursery" objects="101233" bytes="3808936" bytesdiscarded="639536" />
</gc-op>
<gc-end id="5082" type="scavenge" contextid="5078" durationms="11.931" usertimems="53.788" systemtimems="15.506" timestamp="2019-08-09T18:07:15.735" activeThreads="16">
  <mem-info id="5083" free="188610888" total="239140864" percent="78">
    <mem type="nursery" free="186654504" total="212336640" percent="87">
      <mem type="allocate" free="186654504" total="191102976" percent="97" />
      <mem type="survivor" free="0" total="21233664" percent="0" />
    </mem>
    <mem type="tenure" free="1956384" total="26804224" percent="7" macro-fragmented="0">
      <mem type="soa" free="1689120" total="26536960" percent="6" />
      <mem type="loa" free="267264" total="267264" percent="100" />
    </mem>
    <remembered-set count="29150" />
  </mem-info>
</gc-end>
<cycle-end id="5084" type="scavenge" contextid="5078" timestamp="2019-08-09T18:07:15.735" />
  <attribute name="elasticGC enabled" value="1" />
  <attribute name= "numThreadsSpecified" value="16" />
  <attribute name="heapSize specified" value="239009792" />
  <attribute name="Current GC Util" value="9" />
  <attribute name= "Current Time Running" value="171593" />
  <attribute name ="GC Interval" value="2177" />
  <attribute name="Target GC Util Change" value ="80.000000" />
  <attribute name="Current GC Util Change" value="9.000000"/>
  <attribute name="Current Error" value="140.000000" />
  <attribute name="Output H" value="239216712"/>
  <attribute name="Output I" value="2176"/>
  <attribute name="Output T" value="16"/>
  <attribute name= "Current Time Running" value="171593" />
  <attribute name="GC Util currently" value="9" />
  <attribute name="CPU Util currently" value="5142788578" />
<allocation-satisfied id="5085" threadId="000000000147C200" bytesRequested="40" />
<af-end id="5086" timestamp="2019-08-09T18:07:15.736" threadId="000000000147CB88" success="true" from="nursery"/>
<exclusive-end id="5087" timestamp="2019-08-09T18:07:15.736" durationms="12.354" />

<exclusive-start id="5088" timestamp="2019-08-09T18:07:15.933" intervalms="210.120">
  <response-info timems="5.067" idlems="5.067" threads="0" lastid="0000000001470E00" lastname="Thread-29" />
</exclusive-start>
<af-start id="5089" threadId="0000000001471788" totalBytesRequested="24" timestamp="2019-08-09T18:07:15.933" intervalms="210.122" type="nursery" />
<cycle-start id="5090" type="scavenge" contextid="0" timestamp="2019-08-09T18:07:15.934" intervalms="210.121" />
<gc-start id="5091" type="scavenge" contextid="5090" timestamp="2019-08-09T18:07:15.934">
  <mem-info id="5092" free="1956384" total="239140864" percent="0">
    <mem type="nursery" free="0" total="212336640" percent="0">
      <mem type="allocate" free="0" total="191102976" percent="0" />
      <mem type="survivor" free="0" total="21233664" percent="0" />
    </mem>
    <mem type="tenure" free="1956384" total="26804224" percent="7">
      <mem type="soa" free="1689120" total="26536960" percent="6" />
      <mem type="loa" free="267264" total="267264" percent="100" />
    </mem>
    <remembered-set count="30645" />
  </mem-info>
</gc-start>
<allocation-stats totalBytes="186651472" >
  <allocated-bytes non-tlh="40" tlh="186651432" />
  <largest-consumer threadName="Thread-36" threadId="0000000001456B00" bytes="22773360" />
</allocation-stats>
<gc-op id="5093" type="scavenge" timems="16.478" contextid="5090" timestamp="2019-08-09T18:07:15.950">
  <scavenger-info tenureage="14" tenuremask="4000" tiltratio="90" />
  <memory-copied type="nursery" objects="126545" bytes="4691472" bytesdiscarded="368736" />
</gc-op>
<heap-resize id="5094" type="expand" space="nursery" amount="8257536" count="1" timems="0.027" reason="excessive time being spent scavenging" timestamp="2019-08-09T18:07:15.951" />
<gc-end id="5095" type="scavenge" contextid="5090" durationms="17.381" usertimems="39.562" systemtimems="23.054" timestamp="2019-08-09T18:07:15.951" activeThreads="16">
  <mem-info id="5096" free="195404720" total="247398400" percent="78">
    <mem type="nursery" free="193448336" total="220594176" percent="87">
      <mem type="allocate" free="193448336" total="198508544" percent="97" />
      <mem type="survivor" free="0" total="22085632" percent="0" />
    </mem>
    <mem type="tenure" free="1956384" total="26804224" percent="7" macro-fragmented="0">
      <mem type="soa" free="1689120" total="26536960" percent="6" />
      <mem type="loa" free="267264" total="267264" percent="100" />
    </mem>
    <remembered-set count="30643" />
  </mem-info>
</gc-end>
<cycle-end id="5097" type="scavenge" contextid="5090" timestamp="2019-08-09T18:07:15.951" />
  <attribute name="elasticGC enabled" value="1" />
  <attribute name= "numThreadsSpecified" value="16" />
  <attribute name="heapSize specified" value="239009792" />
  <attribute name="Current GC Util" value="27" />
  <attribute name= "Current Time Running" value="171803" />
  <attribute name ="GC Interval" value="2233" />
  <attribute name="Target GC Util Change" value ="80.000000" />
  <attribute name="Current GC Util Change" value="27.000000"/>
  <attribute name="Current Error" value="193.000000" />
  <attribute name="Output H" value="239216768"/>
  <attribute name="Output I" value="2232"/>
  <attribute name="Output T" value="16"/>
  <attribute name= "Current Time Running" value="171803" />
  <attribute name="GC Util currently" value="27" />
  <attribute name="CPU Util currently" value="5482948938" />
<allocation-satisfied id="5098" threadId="0000000001470E00" bytesRequested="24" />
<af-end id="5099" timestamp="2019-08-09T18:07:15.951" threadId="0000000001471788" success="true" from="nursery"/>
<exclusive-end id="5100" timestamp="2019-08-09T18:07:15.951" durationms="17.711" />

<exclusive-start id="5101" timestamp="2019-08-09T18:07:16.089" intervalms="155.614">
  <response-info timems="7.225" idlems="7.225" threads="0" lastid="000000000145E300" lastname="Thread-31" />
</exclusive-start>
<af-start id="5102" threadId="000000000145EC88" totalBytesRequested="24" timestamp="2019-08-09T18:07:16.089" intervalms="155.637" type="nursery" />
<cycle-start id="5103" type="scavenge" contextid="0" timestamp="2019-08-09T18:07:16.089" intervalms="155.661" />
<gc-start id="5104" type="scavenge" contextid="5103" timestamp="2019-08-09T18:07:16.089">
  <mem-info id="5105" free="1956384" total="247398400" percent="0">
    <mem type="nursery" free="0" total="220594176" percent="0">
      <mem type="allocate" free="0" total="198508544" percent="0" />
      <mem type="survivor" free="0" total="22085632" percent="0" />
    </mem>
    <mem type="tenure" free="1956384" total="26804224" percent="7">
      <mem type="soa" free="1689120" total="26536960" percent="6" />
      <mem type="loa" free="267264" total="267264" percent="100" />
    </mem>
    <remembered-set count="31450" />
  </mem-info>
</gc-start>
<allocation-stats totalBytes="193435624" >
  <allocated-bytes non-tlh="24" tlh="193435600" />
  <largest-consumer threadName="Thread-34" threadId="0000000001461F00" bytes="20282032" />
</allocation-stats>
<gc-op id="5106" type="scavenge" timems="7.500" contextid="5103" timestamp="2019-08-09T18:07:16.097">
  <scavenger-info tenureage="3" tenuremask="4018" tiltratio="89" />
  <memory-copied type="nursery" objects="81699" bytes="2790744" bytesdiscarded="903336" />
  <memory-copied type="tenure" objects="47316" bytes="1959840" bytesdiscarded="184" />
  <heap-resize type="expand" space="tenure" amount="720896" count="11" timems="2.923" reason="continue current collection" />
</gc-op>
<gc-end id="5107" type="scavenge" contextid="5103" durationms="8.010" usertimems="30.822" systemtimems="5.211" timestamp="2019-08-09T18:07:16.097" activeThreads="16">
  <mem-info id="5108" free="195088896" total="248119296" percent="78">
    <mem type="nursery" free="194814464" total="220594176" percent="88">
      <mem type="allocate" free="194814464" total="198508544" percent="98" />
      <mem type="survivor" free="0" total="22085632" percent="0" />
    </mem>
    <mem type="tenure" free="274432" total="27525120" percent="0" macro-fragmented="116842">
      <mem type="soa" free="0" total="27250688" percent="0" />
      <mem type="loa" free="274432" total="274432" percent="100" />
    </mem>
    <remembered-set count="34733" />
  </mem-info>
</gc-end>
<cycle-end id="5109" type="scavenge" contextid="5103" timestamp="2019-08-09T18:07:16.098" />
  <attribute name="elasticGC enabled" value="1" />
  <attribute name= "numThreadsSpecified" value="16" />
  <attribute name="heapSize specified" value="239009792" />
  <attribute name="Current GC Util" value="35" />
  <attribute name= "Current Time Running" value="171959" />
  <attribute name ="GC Interval" value="2289" />
  <attribute name="Target GC Util Change" value ="80.000000" />
  <attribute name="Current GC Util Change" value="35.000000"/>
  <attribute name="Current Error" value="238.000000" />
  <attribute name="Output H" value="247474360"/>
  <attribute name="Output I" value="2288"/>
  <attribute name="Output T" value="16"/>
  <attribute name= "Current Time Running" value="171959" />
  <attribute name="GC Util currently" value="35" />
  <attribute name="CPU Util currently" value="7407480202" />
<allocation-satisfied id="5110" threadId="000000000145E300" bytesRequested="24" />
<af-end id="5111" timestamp="2019-08-09T18:07:16.098" threadId="000000000145EC88" success="true" from="nursery"/>
<exclusive-end id="5112" timestamp="2019-08-09T18:07:16.098" durationms="8.540" />

<concurrent-kickoff id="5113" timestamp="2019-08-09T18:07:16.325">
  <kickoff reason="threshold reached" targetBytes="16901777" thresholdFreeBytes="1748533"  remainingFree="1745408" tenureFreeBytes="274432" nurseryFreeBytes="1745408" />
</concurrent-kickoff>
<exclusive-start id="5114" timestamp="2019-08-09T18:07:16.333" intervalms="243.663">
  <response-info timems="7.804" idlems="3.918" threads="1" lastid="000000000148B200" lastname="Thread-27" />
</exclusive-start>
<cycle-start id="5115" type="global" contextid="0" timestamp="2019-08-09T18:07:16.333" intervalms="1213.699" />
<exclusive-end id="5116" timestamp="2019-08-09T18:07:16.333" durationms="0.045" />

<exclusive-start id="5117" timestamp="2019-08-09T18:07:16.340" intervalms="7.210">
  <response-info timems="5.402" idlems="3.196" threads="1" lastid="000000000145A700" lastname="Thread-28" />
</exclusive-start>
<af-start id="5118" threadId="00000000014A2288" totalBytesRequested="40" timestamp="2019-08-09T18:07:16.340" intervalms="250.860" type="nursery" />
<cycle-start id="5119" type="scavenge" contextid="0" timestamp="2019-08-09T18:07:16.340" intervalms="250.850" />
<gc-start id="5120" type="scavenge" contextid="5119" timestamp="2019-08-09T18:07:16.340">
  <mem-info id="5121" free="274432" total="248119296" percent="0">
    <mem type="nursery" free="0" total="220594176" percent="0">
      <mem type="allocate" free="0" total="198508544" percent="0" />
      <mem type="survivor" free="0" total="22085632" percent="0" />
    </mem>
    <mem type="tenure" free="274432" total="27525120" percent="0">
      <mem type="soa" free="0" total="27250688" percent="0" />
      <mem type="loa" free="274432" total="274432" percent="100" />
    </mem>
    <remembered-set count="40489" />
  </mem-info>
</gc-start>
<allocation-stats totalBytes="194798128" >
  <allocated-bytes non-tlh="24" tlh="194798104" />
  <largest-consumer threadName="Thread-31" threadId="000000000145E300" bytes="22771696" />
</allocation-stats>
<gc-op id="5122" type="scavenge" timems="7.745" contextid="5119" timestamp="2019-08-09T18:07:16.348">
  <scavenger-info tenureage="14" tenuremask="4000" tiltratio="89" />
  <memory-copied type="nursery" objects="109313" bytes="4003640" bytesdiscarded="466360" />
</gc-op>
<gc-end id="5123" type="scavenge" contextid="5119" durationms="7.999" usertimems="25.057" systemtimems="0.000" timestamp="2019-08-09T18:07:16.348" activeThreads="16">
  <mem-info id="5124" free="194312976" total="248119296" percent="78">
    <mem type="nursery" free="194038544" total="220594176" percent="87">
      <mem type="allocate" free="194038544" total="198508544" percent="97" />
      <mem type="survivor" free="0" total="22085632" percent="0" />
    </mem>
    <mem type="tenure" free="274432" total="27525120" percent="0" macro-fragmented="201903">
      <mem type="soa" free="0" total="27250688" percent="0" />
      <mem type="loa" free="274432" total="274432" percent="100" />
    </mem>
    <remembered-set count="40489" />
  </mem-info>
</gc-end>
<cycle-end id="5125" type="scavenge" contextid="5119" timestamp="2019-08-09T18:07:16.348" />
  <attribute name="elasticGC enabled" value="1" />
  <attribute name= "numThreadsSpecified" value="16" />
  <attribute name="heapSize specified" value="239009792" />
  <attribute name="Current GC Util" value="12" />
  <attribute name= "Current Time Running" value="172210" />
  <attribute name ="GC Interval" value="2369" />
  <attribute name="Target GC Util Change" value ="80.000000" />
  <attribute name="Current GC Util Change" value="12.000000"/>
  <attribute name="Current Error" value="306.000000" />
  <attribute name="Output H" value="248195336"/>
  <attribute name="Output I" value="2368"/>
  <attribute name="Output T" value="16"/>
  <attribute name= "Current Time Running" value="172210" />
  <attribute name="GC Util currently" value="12" />
  <attribute name="CPU Util currently" value="4598488038" />
<allocation-satisfied id="5126" threadId="00000000014A1900" bytesRequested="40" />
<af-end id="5127" timestamp="2019-08-09T18:07:16.348" threadId="00000000014A2288" success="true" from="nursery"/>
<exclusive-end id="5128" timestamp="2019-08-09T18:07:16.348" durationms="8.391" />

<exclusive-start id="5129" timestamp="2019-08-09T18:07:16.398" intervalms="57.662">
  <response-info timems="12.107" idlems="3.082" threads="3" lastid="000000000147C200" lastname="Thread-22" />
</exclusive-start>
<concurrent-collection-start id="5130" timestamp="2019-08-09T18:07:16.398" intervalms="1183.745" >
  <concurrent-trace-info reason="card cleaning threshold reached" tracedByMutators="12843600" tracedByHelpers="1277676" cardsCleaned="49" workStackOverflowCount="0" />
</concurrent-collection-start>
<gc-start id="5131" type="global" contextid="5115" timestamp="2019-08-09T18:07:16.398">
  <mem-info id="5132" free="186395368" total="248119296" percent="75">
    <mem type="nursery" free="186120936" total="220594176" percent="84">
      <mem type="allocate" free="186120936" total="198508544" percent="93" />
      <mem type="survivor" free="0" total="22085632" percent="0" />
    </mem>
    <mem type="tenure" free="274432" total="27525120" percent="0">
      <mem type="soa" free="0" total="27250688" percent="0" />
      <mem type="loa" free="274432" total="274432" percent="100" />
    </mem>
    <remembered-set count="40646" />
  </mem-info>
</gc-start>
<allocation-stats totalBytes="7916848" >
  <allocated-bytes non-tlh="40" tlh="7916808" />
  <largest-consumer threadName="Thread-26" threadId="000000000149A100" bytes="1539976" />
</allocation-stats>
<gc-op id="5133" type="rs-scan" timems="9.664" contextid="5115" timestamp="2019-08-09T18:07:16.408">
  <scan objectsFound="15518" bytesTraced="1256104" workStackOverflowCount="0" />
</gc-op>
<gc-op id="5134" type="card-cleaning" timems="0.866" contextid="5115" timestamp="2019-08-09T18:07:16.409">
  <card-cleaning cardsCleaned="79" bytesTraced="52480" workStackOverflowCount="0" />
</gc-op>
<gc-op id="5135" type="mark" timems="15.287" contextid="5115" timestamp="2019-08-09T18:07:16.424">
  <trace-info objectcount="122444" scancount="109379" scanbytes="4387432" />
  <finalization candidates="151" enqueued="0" />
  <ownableSynchronizers candidates="23" cleared="0" />
  <references type="soft" candidates="1855" cleared="0" enqueued="0" dynamicThreshold="2" maxThreshold="32" />
  <references type="weak" candidates="6091" cleared="0" enqueued="0" />
  <references type="phantom" candidates="314" cleared="0" enqueued="0" />
  <stringconstants candidates="14612" cleared="0"  />
</gc-op>
<gc-op id="5136" type="sweep" timems="6.090" contextid="5115" timestamp="2019-08-09T18:07:16.430" />
<mem-info id="5137" free="198553568" total="248119296" percent="80">
  <mem type="nursery" free="195108960" total="220594176" percent="88">
    <mem type="allocate" free="195108960" total="198508544" percent="98" />
    <mem type="survivor" free="0" total="22085632" percent="0" />
  </mem>
  <mem type="tenure" free="3444608" total="27525120" percent="12" micro-fragmented="0" macro-fragmented="0">
    <mem type="soa" free="3170176" total="27250688" percent="11" />
    <mem type="loa" free="274432" total="274432" percent="100" />
  </mem>
  <remembered-set count="16080" />
</mem-info>
<gc-op id="5138" type="compact" timems="40.957" contextid="5115" timestamp="2019-08-09T18:07:16.471">
  <compact-info movecount="112930" movebytes="4891536" reason="compact to aid heap contraction" />
</gc-op>
<heap-resize id="5139" type="expand" space="tenure" amount="131072" count="1" timems="0.025" reason="satisfy allocation request" timestamp="2019-08-09T18:07:16.473" />
<gc-end id="5140" type="global" contextid="5115" durationms="75.143" usertimems="96.862" systemtimems="27.925" timestamp="2019-08-09T18:07:16.473" activeThreads="16">
  <mem-info id="5141" free="198887608" total="248250368" percent="80">
    <mem type="nursery" free="195281568" total="220594176" percent="88">
      <mem type="allocate" free="195281568" total="198508544" percent="98" />
      <mem type="survivor" free="0" total="22085632" percent="0" />
    </mem>
    <mem type="tenure" free="3606040" total="27656192" percent="13">
      <mem type="soa" free="3329560" total="27379712" percent="12" />
      <mem type="loa" free="276480" total="276480" percent="100" />
    </mem>
    <remembered-set count="16080" />
  </mem-info>
</gc-end>
<cycle-end id="5142" type="global" contextid="5115" timestamp="2019-08-09T18:07:16.473" />
  <attribute name="elasticGC enabled" value="1" />
  <attribute name= "numThreadsSpecified" value="16" />
  <attribute name="heapSize specified" value="248119296" />
  <attribute name="Current GC Util" value="85" />
  <attribute name= "Current Time Running" value="172341" />
  <attribute name ="GC Interval" value="2369" />
  <attribute name="Target GC Util Change" value ="80.000000" />
  <attribute name="Current GC Util Change" value="85.000000"/>
  <attribute name="Current Error" value="-5.000000" />
  <attribute name="Output H" value="248194976"/>
  <attribute name="Output I" value="2008"/>
  <attribute name="Output T" value="16"/>
  <attribute name= "Current Time Running" value="172341" />
  <attribute name="GC Util currently" value="85" />
  <attribute name="CPU Util currently" value="28129789381" />
<concurrent-collection-end id="5143" timestamp="2019-08-09T18:07:16.473" />
<exclusive-end id="5144" timestamp="2019-08-09T18:07:16.473" durationms="75.720" />

<exclusive-start id="5145" timestamp="2019-08-09T18:07:16.708" intervalms="310.832">
  <response-info timems="6.051" idlems="6.051" threads="0" lastid="0000000001496500" lastname="Thread-24" />
</exclusive-start>
<af-start id="5146" threadId="0000000001496E88" totalBytesRequested="40" timestamp="2019-08-09T18:07:16.708" intervalms="368.474" type="nursery" />
<cycle-start id="5147" type="scavenge" contextid="0" timestamp="2019-08-09T18:07:16.708" intervalms="368.457" />
<gc-start id="5148" type="scavenge" contextid="5147" timestamp="2019-08-09T18:07:16.709">
  <mem-info id="5149" free="3606040" total="248250368" percent="1">
    <mem type="nursery" free="0" total="220594176" percent="0">
      <mem type="allocate" free="0" total="198508544" percent="0" />
      <mem type="survivor" free="0" total="22085632" percent="0" />
    </mem>
    <mem type="tenure" free="3606040" total="27656192" percent="13">
      <mem type="soa" free="3329560" total="27379712" percent="12" />
      <mem type="loa" free="276480" total="276480" percent="100" />
    </mem>
    <remembered-set count="19739" />
  </mem-info>
</gc-start>
<allocation-stats totalBytes="195255680" >
  <allocated-bytes non-tlh="0" tlh="195255680" />
  <largest-consumer threadName="Thread-29" threadId="0000000001470E00" bytes="21329200" />
</allocation-stats>
<gc-op id="5150" type="scavenge" timems="5.218" contextid="5147" timestamp="2019-08-09T18:07:16.714">
  <scavenger-info tenureage="14" tenuremask="4000" tiltratio="89" />
  <memory-copied type="nursery" objects="105303" bytes="4318968" bytesdiscarded="439272" />
  <ownableSynchronizers candidates="46" cleared="46" />
</gc-op>
<gc-end id="5151" type="scavenge" contextid="5147" durationms="5.485" usertimems="20.298" systemtimems="0.041" timestamp="2019-08-09T18:07:16.714" activeThreads="16">
  <mem-info id="5152" free="197356344" total="248250368" percent="79">
    <mem type="nursery" free="193750304" total="220594176" percent="87">
      <mem type="allocate" free="193750304" total="198508544" percent="97" />
      <mem type="survivor" free="0" total="22085632" percent="0" />
    </mem>
    <mem type="tenure" free="3606040" total="27656192" percent="13" macro-fragmented="2160235">
      <mem type="soa" free="3329560" total="27379712" percent="12" />
      <mem type="loa" free="276480" total="276480" percent="100" />
    </mem>
    <remembered-set count="19737" />
  </mem-info>
</gc-end>
<cycle-end id="5153" type="scavenge" contextid="5147" timestamp="2019-08-09T18:07:16.714" />
  <attribute name="elasticGC enabled" value="1" />
  <attribute name= "numThreadsSpecified" value="16" />
  <attribute name="heapSize specified" value="248119296" />
  <attribute name="Current GC Util" value="22" />
  <attribute name= "Current Time Running" value="172578" />
  <attribute name ="GC Interval" value="2073" />
  <attribute name="Target GC Util Change" value ="80.000000" />
  <attribute name="Current GC Util Change" value="22.000000"/>
  <attribute name="Current Error" value="53.000000" />
  <attribute name="Output H" value="248326112"/>
  <attribute name="Output I" value="2072"/>
  <attribute name="Output T" value="16"/>
  <attribute name= "Current Time Running" value="172578" />
  <attribute name="GC Util currently" value="22" />
  <attribute name="CPU Util currently" value="4854964867" />
<allocation-satisfied id="5154" threadId="0000000001496500" bytesRequested="40" />
<af-end id="5155" timestamp="2019-08-09T18:07:16.714" threadId="0000000001496E88" success="true" from="nursery"/>
<exclusive-end id="5156" timestamp="2019-08-09T18:07:16.714" durationms="5.855" />

<exclusive-start id="5157" timestamp="2019-08-09T18:07:16.938" intervalms="229.216">
  <response-info timems="1.571" idlems="0.434" threads="3" lastid="000000000145E300" lastname="Thread-31" />
</exclusive-start>
<af-start id="5158" threadId="0000000001493288" totalBytesRequested="136" timestamp="2019-08-09T18:07:16.938" intervalms="229.233" type="nursery" />
<cycle-start id="5159" type="scavenge" contextid="0" timestamp="2019-08-09T18:07:16.938" intervalms="229.234" />
<gc-start id="5160" type="scavenge" contextid="5159" timestamp="2019-08-09T18:07:16.938">
  <mem-info id="5161" free="3606040" total="248250368" percent="1">
    <mem type="nursery" free="0" total="220594176" percent="0">
      <mem type="allocate" free="0" total="198508544" percent="0" />
      <mem type="survivor" free="0" total="22085632" percent="0" />
    </mem>
    <mem type="tenure" free="3606040" total="27656192" percent="13">
      <mem type="soa" free="3329560" total="27379712" percent="12" />
      <mem type="loa" free="276480" total="276480" percent="100" />
    </mem>
    <remembered-set count="21355" />
  </mem-info>
</gc-start>
<allocation-stats totalBytes="193746512" >
  <allocated-bytes non-tlh="40" tlh="193746472" />
  <largest-consumer threadName="Thread-21" threadId="00000000014A5500" bytes="23428736" />
</allocation-stats>
<gc-op id="5162" type="scavenge" timems="12.694" contextid="5159" timestamp="2019-08-09T18:07:16.951">
  <scavenger-info tenureage="14" tenuremask="4000" tiltratio="89" />
  <memory-copied type="nursery" objects="135879" bytes="5463784" bytesdiscarded="397904" />
</gc-op>
<gc-end id="5163" type="scavenge" contextid="5159" durationms="12.857" usertimems="54.012" systemtimems="17.562" timestamp="2019-08-09T18:07:16.951" activeThreads="16">
  <mem-info id="5164" free="196252896" total="248250368" percent="79">
    <mem type="nursery" free="192646856" total="220594176" percent="87">
      <mem type="allocate" free="192646856" total="198508544" percent="97" />
      <mem type="survivor" free="0" total="22085632" percent="0" />
    </mem>
    <mem type="tenure" free="3606040" total="27656192" percent="13" macro-fragmented="2160235">
      <mem type="soa" free="3329560" total="27379712" percent="12" />
      <mem type="loa" free="276480" total="276480" percent="100" />
    </mem>
    <remembered-set count="21352" />
  </mem-info>
</gc-end>
<cycle-end id="5165" type="scavenge" contextid="5159" timestamp="2019-08-09T18:07:16.951" />
  <attribute name="elasticGC enabled" value="1" />
  <attribute name= "numThreadsSpecified" value="16" />
  <attribute name="heapSize specified" value="248119296" />
  <attribute name="Current GC Util" value="8" />
  <attribute name= "Current Time Running" value="172807" />
  <attribute name ="GC Interval" value="2153" />
  <attribute name="Target GC Util Change" value ="80.000000" />
  <attribute name="Current GC Util Change" value="8.000000"/>
  <attribute name="Current Error" value="125.000000" />
  <attribute name="Output H" value="248326192"/>
  <attribute name="Output I" value="2152"/>
  <attribute name="Output T" value="16"/>
  <attribute name= "Current Time Running" value="172807" />
  <attribute name="GC Util currently" value="8" />
  <attribute name="CPU Util currently" value="5031611388" />
<allocation-satisfied id="5166" threadId="0000000001492900" bytesRequested="136" />
<af-end id="5167" timestamp="2019-08-09T18:07:16.951" threadId="0000000001493288" success="true" from="nursery"/>
<exclusive-end id="5168" timestamp="2019-08-09T18:07:16.951" durationms="13.570" />

<exclusive-start id="5169" timestamp="2019-08-09T18:07:17.248" intervalms="310.836">
  <response-info timems="9.593" idlems="9.593" threads="0" lastid="0000000001469600" lastname="Thread-25" />
</exclusive-start>
<af-start id="5170" threadId="0000000001469F88" totalBytesRequested="40" timestamp="2019-08-09T18:07:17.249" intervalms="311.025" type="nursery" />
<cycle-start id="5171" type="scavenge" contextid="0" timestamp="2019-08-09T18:07:17.249" intervalms="311.045" />
<gc-start id="5172" type="scavenge" contextid="5171" timestamp="2019-08-09T18:07:17.249">
  <mem-info id="5173" free="3606040" total="248250368" percent="1">
    <mem type="nursery" free="0" total="220594176" percent="0">
      <mem type="allocate" free="0" total="198508544" percent="0" />
      <mem type="survivor" free="0" total="22085632" percent="0" />
    </mem>
    <mem type="tenure" free="3606040" total="27656192" percent="13">
      <mem type="soa" free="3329560" total="27379712" percent="12" />
      <mem type="loa" free="276480" total="276480" percent="100" />
    </mem>
    <remembered-set count="21352" />
  </mem-info>
</gc-start>
<allocation-stats totalBytes="192613048" >
  <allocated-bytes non-tlh="136" tlh="192612912" />
  <largest-consumer threadName="Thread-36" threadId="0000000001456B00" bytes="28142728" />
</allocation-stats>
<gc-op id="5174" type="scavenge" timems="13.798" contextid="5171" timestamp="2019-08-09T18:07:17.263">
  <scavenger-info tenureage="3" tenuremask="4008" tiltratio="89" />
  <memory-copied type="nursery" objects="111446" bytes="4053272" bytesdiscarded="563008" />
  <memory-copied type="tenure" objects="39037" bytes="1761144" bytesdiscarded="120" />
</gc-op>
<gc-end id="5175" type="scavenge" contextid="5171" durationms="14.496" usertimems="39.519" systemtimems="16.192" timestamp="2019-08-09T18:07:17.263" activeThreads="16">
  <mem-info id="5176" free="194906304" total="248250368" percent="78">
    <mem type="nursery" free="193892264" total="220594176" percent="87">
      <mem type="allocate" free="193892264" total="198508544" percent="97" />
      <mem type="survivor" free="0" total="22085632" percent="0" />
    </mem>
    <mem type="tenure" free="1014040" total="27656192" percent="3" macro-fragmented="0">
      <mem type="soa" free="737560" total="27379712" percent="2" />
      <mem type="loa" free="276480" total="276480" percent="100" />
    </mem>
    <remembered-set count="32544" />
  </mem-info>
</gc-end>
<cycle-end id="5177" type="scavenge" contextid="5171" timestamp="2019-08-09T18:07:17.263" />
  <attribute name="elasticGC enabled" value="1" />
  <attribute name= "numThreadsSpecified" value="16" />
  <attribute name="heapSize specified" value="248119296" />
  <attribute name="Current GC Util" value="23" />
  <attribute name= "Current Time Running" value="173119" />
  <attribute name ="GC Interval" value="2225" />
  <attribute name="Target GC Util Change" value ="80.000000" />
  <attribute name="Current GC Util Change" value="23.000000"/>
  <attribute name="Current Error" value="182.000000" />
  <attribute name="Output H" value="248326264"/>
  <attribute name="Output I" value="2224"/>
  <attribute name="Output T" value="16"/>
  <attribute name= "Current Time Running" value="173119" />
  <attribute name="GC Util currently" value="23" />
  <attribute name="CPU Util currently" value="3702228898" />
<allocation-satisfied id="5178" threadId="0000000001469600" bytesRequested="40" />
<af-end id="5179" timestamp="2019-08-09T18:07:17.263" threadId="0000000001469F88" success="true" from="nursery"/>
<exclusive-end id="5180" timestamp="2019-08-09T18:07:17.263" durationms="14.995" />

<concurrent-kickoff id="5181" timestamp="2019-08-09T18:07:17.551">
  <kickoff reason="threshold reached" targetBytes="16396581" thresholdFreeBytes="1598693"  remainingFree="1478568" tenureFreeBytes="1014040" nurseryFreeBytes="1478568" />
</concurrent-kickoff>
<exclusive-start id="5182" timestamp="2019-08-09T18:07:17.569" intervalms="320.290">
  <response-info timems="17.554" idlems="9.771" threads="2" lastid="0000000001461F00" lastname="Thread-34" />
</exclusive-start>
<cycle-start id="5183" type="global" contextid="0" timestamp="2019-08-09T18:07:17.569" intervalms="1236.040" />
<exclusive-end id="5184" timestamp="2019-08-09T18:07:17.569" durationms="0.036" />

<exclusive-start id="5185" timestamp="2019-08-09T18:07:17.592" intervalms="23.578">
  <response-info timems="14.133" idlems="14.133" threads="0" lastid="000000000147C200" lastname="Thread-22" />
</exclusive-start>
<af-start id="5186" threadId="000000000147CB88" totalBytesRequested="40" timestamp="2019-08-09T18:07:17.592" intervalms="343.659" type="nursery" />
<cycle-start id="5187" type="scavenge" contextid="0" timestamp="2019-08-09T18:07:17.592" intervalms="343.637" />
<gc-start id="5188" type="scavenge" contextid="5187" timestamp="2019-08-09T18:07:17.592">
  <mem-info id="5189" free="1014040" total="248250368" percent="0">
    <mem type="nursery" free="0" total="220594176" percent="0">
      <mem type="allocate" free="0" total="198508544" percent="0" />
      <mem type="survivor" free="0" total="22085632" percent="0" />
    </mem>
    <mem type="tenure" free="1014040" total="27656192" percent="3">
      <mem type="soa" free="737560" total="27379712" percent="2" />
      <mem type="loa" free="276480" total="276480" percent="100" />
    </mem>
    <remembered-set count="36320" />
  </mem-info>
</gc-start>
<allocation-stats totalBytes="193888960" >
  <allocated-bytes non-tlh="40" tlh="193888920" />
  <largest-consumer threadName="Thread-36" threadId="0000000001456B00" bytes="21462552" />
</allocation-stats>
<gc-op id="5190" type="scavenge" timems="10.437" contextid="5187" timestamp="2019-08-09T18:07:17.603">
  <scavenger-info tenureage="5" tenuremask="4020" tiltratio="89" />
  <memory-copied type="nursery" objects="106947" bytes="3811560" bytesdiscarded="585600" />
  <memory-copied type="tenure" objects="12741" bytes="580536" bytesdiscarded="48" />
</gc-op>
<gc-end id="5191" type="scavenge" contextid="5187" durationms="11.002" usertimems="27.694" systemtimems="1.992" timestamp="2019-08-09T18:07:17.603" activeThreads="16">
  <mem-info id="5192" free="194634816" total="248250368" percent="78">
    <mem type="nursery" free="194111384" total="220594176" percent="87">
      <mem type="allocate" free="194111384" total="198508544" percent="97" />
      <mem type="survivor" free="0" total="22085632" percent="0" />
    </mem>
    <mem type="tenure" free="523432" total="27656192" percent="1" macro-fragmented="0">
      <mem type="soa" free="246952" total="27379712" percent="0" />
      <mem type="loa" free="276480" total="276480" percent="100" />
    </mem>
    <remembered-set count="38219" />
  </mem-info>
</gc-end>
<cycle-end id="5193" type="scavenge" contextid="5187" timestamp="2019-08-09T18:07:17.604" />
  <attribute name="elasticGC enabled" value="1" />
  <attribute name= "numThreadsSpecified" value="16" />
  <attribute name="heapSize specified" value="248119296" />
  <attribute name="Current GC Util" value="16" />
  <attribute name= "Current Time Running" value="173462" />
  <attribute name ="GC Interval" value="2297" />
  <attribute name="Target GC Util Change" value ="80.000000" />
  <attribute name="Current GC Util Change" value="16.000000"/>
  <attribute name="Current Error" value="246.000000" />
  <attribute name="Output H" value="248326336"/>
  <attribute name="Output I" value="2296"/>
  <attribute name="Output T" value="16"/>
  <attribute name= "Current Time Running" value="173462" />
  <attribute name="GC Util currently" value="16" />
  <attribute name="CPU Util currently" value="3359218471" />
<allocation-satisfied id="5194" threadId="000000000147C200" bytesRequested="40" />
<af-end id="5195" timestamp="2019-08-09T18:07:17.604" threadId="000000000147CB88" success="true" from="nursery"/>
<exclusive-end id="5196" timestamp="2019-08-09T18:07:17.604" durationms="11.703" />

<exclusive-start id="5197" timestamp="2019-08-09T18:07:17.622" intervalms="29.743">
  <response-info timems="5.831" idlems="5.831" threads="0" lastid="000000000146D200" lastname="Thread-23" />
</exclusive-start>
<concurrent-collection-start id="5198" timestamp="2019-08-09T18:07:17.622" intervalms="1224.476" >
  <concurrent-trace-info reason="card cleaning threshold reached" tracedByMutators="12618280" tracedByHelpers="1199800" cardsCleaned="48" workStackOverflowCount="0" />
</concurrent-collection-start>
<gc-start id="5199" type="global" contextid="5183" timestamp="2019-08-09T18:07:17.622">
  <mem-info id="5200" free="189875224" total="248250368" percent="76">
    <mem type="nursery" free="189351792" total="220594176" percent="85">
      <mem type="allocate" free="189351792" total="198508544" percent="95" />
      <mem type="survivor" free="0" total="22085632" percent="0" />
    </mem>
    <mem type="tenure" free="523432" total="27656192" percent="1">
      <mem type="soa" free="246952" total="27379712" percent="0" />
      <mem type="loa" free="276480" total="276480" percent="100" />
    </mem>
    <remembered-set count="38380" />
  </mem-info>
</gc-start>
<allocation-stats totalBytes="4759320" >
  <allocated-bytes non-tlh="40" tlh="4759280" />
  <largest-consumer threadName="Thread-25" threadId="0000000001469600" bytes="765824" />
</allocation-stats>
<gc-op id="5201" type="rs-scan" timems="2.958" contextid="5183" timestamp="2019-08-09T18:07:17.625">
  <scan objectsFound="14440" bytesTraced="1149756" workStackOverflowCount="0" />
</gc-op>
<gc-op id="5202" type="card-cleaning" timems="1.553" contextid="5183" timestamp="2019-08-09T18:07:17.627">
  <card-cleaning cardsCleaned="60" bytesTraced="43048" workStackOverflowCount="0" />
</gc-op>
<gc-op id="5203" type="mark" timems="15.037" contextid="5183" timestamp="2019-08-09T18:07:17.642">
  <trace-info objectcount="133179" scancount="120118" scanbytes="4780548" />
  <finalization candidates="151" enqueued="0" />
  <ownableSynchronizers candidates="23" cleared="0" />
  <references type="soft" candidates="1855" cleared="0" enqueued="0" dynamicThreshold="4" maxThreshold="32" />
  <references type="weak" candidates="6091" cleared="0" enqueued="0" />
  <references type="phantom" candidates="314" cleared="0" enqueued="0" />
  <stringconstants candidates="14612" cleared="0"  />
</gc-op>
<gc-op id="5204" type="sweep" timems="3.465" contextid="5183" timestamp="2019-08-09T18:07:17.645" />
<mem-info id="5205" free="198731264" total="248250368" percent="80">
  <mem type="nursery" free="195063112" total="220594176" percent="88">
    <mem type="allocate" free="195063112" total="198508544" percent="98" />
    <mem type="survivor" free="0" total="22085632" percent="0" />
  </mem>
  <mem type="tenure" free="3668152" total="27656192" percent="13" micro-fragmented="0" macro-fragmented="0">
    <mem type="soa" free="3391672" total="27379712" percent="12" />
    <mem type="loa" free="276480" total="276480" percent="100" />
  </mem>
  <remembered-set count="16547" />
</mem-info>
<gc-op id="5206" type="compact" timems="50.978" contextid="5183" timestamp="2019-08-09T18:07:17.697">
  <compact-info movecount="114780" movebytes="4958480" reason="compact to aid heap contraction" />
</gc-op>
<heap-resize id="5207" type="expand" space="tenure" amount="131072" count="1" timems="0.026" reason="satisfy allocation request" timestamp="2019-08-09T18:07:17.700" />
<gc-end id="5208" type="global" contextid="5183" durationms="77.428" usertimems="114.603" systemtimems="15.780" timestamp="2019-08-09T18:07:17.700" activeThreads="16">
  <mem-info id="5209" free="198975088" total="248381440" percent="80">
    <mem type="nursery" free="195175792" total="220594176" percent="88">
      <mem type="allocate" free="195175792" total="198508544" percent="98" />
      <mem type="survivor" free="0" total="22085632" percent="0" />
    </mem>
    <mem type="tenure" free="3799296" total="27787264" percent="13">
      <mem type="soa" free="3521792" total="27509760" percent="12" />
      <mem type="loa" free="277504" total="277504" percent="100" />
    </mem>
    <remembered-set count="16547" />
  </mem-info>
</gc-end>
<cycle-end id="5210" type="global" contextid="5183" timestamp="2019-08-09T18:07:17.700" />
  <attribute name="elasticGC enabled" value="1" />
  <attribute name= "numThreadsSpecified" value="16" />
  <attribute name="heapSize specified" value="248250368" />
  <attribute name="Current GC Util" value="138" />
  <attribute name= "Current Time Running" value="173566" />
  <attribute name ="GC Interval" value="2297" />
  <attribute name="Target GC Util Change" value ="80.000000" />
  <attribute name="Current GC Util Change" value="138.000000"/>
  <attribute name="Current Error" value="-257.000000" />
  <attribute name="Output H" value="248325752"/>
  <attribute name="Output I" value="1712"/>
  <attribute name="Output T" value="16"/>
  <attribute name= "Current Time Running" value="173566" />
  <attribute name="GC Util currently" value="138" />
  <attribute name="CPU Util currently" value="22600713756" />
<concurrent-collection-end id="5211" timestamp="2019-08-09T18:07:17.701" />
<exclusive-end id="5212" timestamp="2019-08-09T18:07:17.701" durationms="78.903" />

<exclusive-start id="5213" timestamp="2019-08-09T18:07:18.027" intervalms="404.953">
  <response-info timems="4.191" idlems="4.191" threads="0" lastid="0000000001496500" lastname="Thread-24" />
</exclusive-start>
<af-start id="5214" threadId="0000000001496E88" totalBytesRequested="40" timestamp="2019-08-09T18:07:18.027" intervalms="434.708" type="nursery" />
<cycle-start id="5215" type="scavenge" contextid="0" timestamp="2019-08-09T18:07:18.027" intervalms="434.716" />
<gc-start id="5216" type="scavenge" contextid="5215" timestamp="2019-08-09T18:07:18.027">
  <mem-info id="5217" free="3799296" total="248381440" percent="1">
    <mem type="nursery" free="0" total="220594176" percent="0">
      <mem type="allocate" free="0" total="198508544" percent="0" />
      <mem type="survivor" free="0" total="22085632" percent="0" />
    </mem>
    <mem type="tenure" free="3799296" total="27787264" percent="13">
      <mem type="soa" free="3521792" total="27509760" percent="12" />
      <mem type="loa" free="277504" total="277504" percent="100" />
    </mem>
    <remembered-set count="20804" />
  </mem-info>
</gc-start>
<allocation-stats totalBytes="195170728" >
  <allocated-bytes non-tlh="0" tlh="195170728" />
  <largest-consumer threadName="Thread-23" threadId="000000000146D200" bytes="17927600" />
</allocation-stats>
<gc-op id="5218" type="scavenge" timems="5.663" contextid="5215" timestamp="2019-08-09T18:07:18.033">
  <scavenger-info tenureage="14" tenuremask="4000" tiltratio="89" />
  <memory-copied type="nursery" objects="111585" bytes="4469624" bytesdiscarded="123448" />
  <ownableSynchronizers candidates="46" cleared="46" />
</gc-op>
<gc-end id="5219" type="scavenge" contextid="5215" durationms="6.167" usertimems="18.789" systemtimems="0.000" timestamp="2019-08-09T18:07:18.033" activeThreads="16">
  <mem-info id="5220" free="197714768" total="248381440" percent="79">
    <mem type="nursery" free="193915472" total="220594176" percent="87">
      <mem type="allocate" free="193915472" total="198508544" percent="97" />
      <mem type="survivor" free="0" total="22085632" percent="0" />
    </mem>
    <mem type="tenure" free="3799296" total="27787264" percent="13" macro-fragmented="0">
      <mem type="soa" free="3521792" total="27509760" percent="12" />
      <mem type="loa" free="277504" total="277504" percent="100" />
    </mem>
    <remembered-set count="20804" />
  </mem-info>
</gc-end>
<cycle-end id="5221" type="scavenge" contextid="5215" timestamp="2019-08-09T18:07:18.033" />
  <attribute name="elasticGC enabled" value="1" />
  <attribute name= "numThreadsSpecified" value="16" />
  <attribute name="heapSize specified" value="248250368" />
  <attribute name="Current GC Util" value="6" />
  <attribute name= "Current Time Running" value="173897" />
  <attribute name ="GC Interval" value="2097" />
  <attribute name="Target GC Util Change" value ="80.000000" />
  <attribute name="Current GC Util Change" value="6.000000"/>
  <attribute name="Current Error" value="74.000000" />
  <attribute name="Output H" value="248457208"/>
  <attribute name="Output I" value="2096"/>
  <attribute name="Output T" value="16"/>
  <attribute name= "Current Time Running" value="173897" />
  <attribute name="GC Util currently" value="6" />
  <attribute name="CPU Util currently" value="3486789762" />
<allocation-satisfied id="5222" threadId="0000000001496500" bytesRequested="40" />
<af-end id="5223" timestamp="2019-08-09T18:07:18.033" threadId="0000000001496E88" success="true" from="nursery"/>
<exclusive-end id="5224" timestamp="2019-08-09T18:07:18.033" durationms="6.450" />

<exclusive-start id="5225" timestamp="2019-08-09T18:07:18.244" intervalms="216.804">
  <response-info timems="16.155" idlems="8.100" threads="1" lastid="00000000014A1900" lastname="Thread-30" />
</exclusive-start>
<af-start id="5226" threadId="0000000001471788" totalBytesRequested="40" timestamp="2019-08-09T18:07:18.244" intervalms="216.810" type="nursery" />
<cycle-start id="5227" type="scavenge" contextid="0" timestamp="2019-08-09T18:07:18.244" intervalms="216.805" />
<gc-start id="5228" type="scavenge" contextid="5227" timestamp="2019-08-09T18:07:18.244">
  <mem-info id="5229" free="3799296" total="248381440" percent="1">
    <mem type="nursery" free="0" total="220594176" percent="0">
      <mem type="allocate" free="0" total="198508544" percent="0" />
      <mem type="survivor" free="0" total="22085632" percent="0" />
    </mem>
    <mem type="tenure" free="3799296" total="27787264" percent="13">
      <mem type="soa" free="3521792" total="27509760" percent="12" />
      <mem type="loa" free="277504" total="277504" percent="100" />
    </mem>
    <remembered-set count="22952" />
  </mem-info>
</gc-start>
<allocation-stats totalBytes="193912408" >
  <allocated-bytes non-tlh="40" tlh="193912368" />
  <largest-consumer threadName="Thread-32" threadId="0000000001492900" bytes="20867240" />
</allocation-stats>
<gc-op id="5230" type="scavenge" timems="7.821" contextid="5227" timestamp="2019-08-09T18:07:18.252">
  <scavenger-info tenureage="14" tenuremask="4000" tiltratio="89" />
  <memory-copied type="nursery" objects="135808" bytes="5324800" bytesdiscarded="346304" />
</gc-op>
<gc-end id="5231" type="scavenge" contextid="5227" durationms="8.250" usertimems="22.588" systemtimems="0.000" timestamp="2019-08-09T18:07:18.252" activeThreads="16">
  <mem-info id="5232" free="196636736" total="248381440" percent="79">
    <mem type="nursery" free="192837440" total="220594176" percent="87">
      <mem type="allocate" free="192837440" total="198508544" percent="97" />
      <mem type="survivor" free="0" total="22085632" percent="0" />
    </mem>
    <mem type="tenure" free="3799296" total="27787264" percent="13" macro-fragmented="0">
      <mem type="soa" free="3521792" total="27509760" percent="12" />
      <mem type="loa" free="277504" total="277504" percent="100" />
    </mem>
    <remembered-set count="22949" />
  </mem-info>
</gc-end>
<cycle-end id="5233" type="scavenge" contextid="5227" timestamp="2019-08-09T18:07:18.252" />
  <attribute name="elasticGC enabled" value="1" />
  <attribute name= "numThreadsSpecified" value="16" />
  <attribute name="heapSize specified" value="248250368" />
  <attribute name="Current GC Util" value="8" />
  <attribute name= "Current Time Running" value="174114" />
  <attribute name ="GC Interval" value="2177" />
  <attribute name="Target GC Util Change" value ="80.000000" />
  <attribute name="Current GC Util Change" value="8.000000"/>
  <attribute name="Current Error" value="146.000000" />
  <attribute name="Output H" value="248457288"/>
  <attribute name="Output I" value="2176"/>
  <attribute name="Output T" value="16"/>
  <attribute name= "Current Time Running" value="174114" />
  <attribute name="GC Util currently" value="8" />
  <attribute name="CPU Util currently" value="5318608294" />
<allocation-satisfied id="5234" threadId="0000000001470E00" bytesRequested="40" />
<af-end id="5235" timestamp="2019-08-09T18:07:18.252" threadId="0000000001471788" success="true" from="nursery"/>
<exclusive-end id="5236" timestamp="2019-08-09T18:07:18.252" durationms="8.524" />

<exclusive-start id="5237" timestamp="2019-08-09T18:07:18.489" intervalms="245.491">
  <response-info timems="6.823" idlems="3.450" threads="1" lastid="0000000001469600" lastname="Thread-25" />
</exclusive-start>
<af-start id="5238" threadId="000000000147CB88" totalBytesRequested="40" timestamp="2019-08-09T18:07:18.489" intervalms="245.478" type="nursery" />
<cycle-start id="5239" type="scavenge" contextid="0" timestamp="2019-08-09T18:07:18.489" intervalms="245.477" />
<gc-start id="5240" type="scavenge" contextid="5239" timestamp="2019-08-09T18:07:18.489">
  <mem-info id="5241" free="3799296" total="248381440" percent="1">
    <mem type="nursery" free="0" total="220594176" percent="0">
      <mem type="allocate" free="0" total="198508544" percent="0" />
      <mem type="survivor" free="0" total="22085632" percent="0" />
    </mem>
    <mem type="tenure" free="3799296" total="27787264" percent="13">
      <mem type="soa" free="3521792" total="27509760" percent="12" />
      <mem type="loa" free="277504" total="277504" percent="100" />
    </mem>
    <remembered-set count="23328" />
  </mem-info>
</gc-start>
<allocation-stats totalBytes="192834888" >
  <allocated-bytes non-tlh="40" tlh="192834848" />
  <largest-consumer threadName="Thread-33" threadId="0000000001487600" bytes="18186000" />
</allocation-stats>
<gc-op id="5242" type="scavenge" timems="6.434" contextid="5239" timestamp="2019-08-09T18:07:18.496">
  <scavenger-info tenureage="14" tenuremask="4000" tiltratio="89" />
  <memory-copied type="nursery" objects="136089" bytes="5332856" bytesdiscarded="455368" />
</gc-op>
<gc-end id="5243" type="scavenge" contextid="5239" durationms="6.854" usertimems="23.261" systemtimems="0.000" timestamp="2019-08-09T18:07:18.496" activeThreads="16">
  <mem-info id="5244" free="196519616" total="248381440" percent="79">
    <mem type="nursery" free="192720320" total="220594176" percent="87">
      <mem type="allocate" free="192720320" total="198508544" percent="97" />
      <mem type="survivor" free="0" total="22085632" percent="0" />
    </mem>
    <mem type="tenure" free="3799296" total="27787264" percent="13" macro-fragmented="2160235">
      <mem type="soa" free="3521792" total="27509760" percent="12" />
      <mem type="loa" free="277504" total="277504" percent="100" />
    </mem>
    <remembered-set count="23326" />
  </mem-info>
</gc-end>
<cycle-end id="5245" type="scavenge" contextid="5239" timestamp="2019-08-09T18:07:18.496" />
  <attribute name="elasticGC enabled" value="1" />
  <attribute name= "numThreadsSpecified" value="16" />
  <attribute name="heapSize specified" value="248250368" />
  <attribute name="Current GC Util" value="9" />
  <attribute name= "Current Time Running" value="174359" />
  <attribute name ="GC Interval" value="2265" />
  <attribute name="Target GC Util Change" value ="80.000000" />
  <attribute name="Current GC Util Change" value="9.000000"/>
  <attribute name="Current Error" value="217.000000" />
  <attribute name="Output H" value="248457376"/>
  <attribute name="Output I" value="2264"/>
  <attribute name="Output T" value="16"/>
  <attribute name= "Current Time Running" value="174359" />
  <attribute name="GC Util currently" value="9" />
  <attribute name="CPU Util currently" value="4696666717" />
<allocation-satisfied id="5246" threadId="000000000147C200" bytesRequested="40" />
<af-end id="5247" timestamp="2019-08-09T18:07:18.496" threadId="000000000147CB88" success="true" from="nursery"/>
<exclusive-end id="5248" timestamp="2019-08-09T18:07:18.496" durationms="7.131" />

<exclusive-start id="5249" timestamp="2019-08-09T18:07:18.731" intervalms="241.694">
  <response-info timems="2.524" idlems="2.524" threads="0" lastid="000000000147C200" lastname="Thread-22" />
</exclusive-start>
<af-start id="5250" threadId="000000000147CB88" totalBytesRequested="40" timestamp="2019-08-09T18:07:18.731" intervalms="241.724" type="nursery" />
<cycle-start id="5251" type="scavenge" contextid="0" timestamp="2019-08-09T18:07:18.731" intervalms="241.744" />
<gc-start id="5252" type="scavenge" contextid="5251" timestamp="2019-08-09T18:07:18.731">
  <mem-info id="5253" free="3799296" total="248381440" percent="1">
    <mem type="nursery" free="0" total="220594176" percent="0">
      <mem type="allocate" free="0" total="198508544" percent="0" />
      <mem type="survivor" free="0" total="22085632" percent="0" />
    </mem>
    <mem type="tenure" free="3799296" total="27787264" percent="13">
      <mem type="soa" free="3521792" total="27509760" percent="12" />
      <mem type="loa" free="277504" total="277504" percent="100" />
    </mem>
    <remembered-set count="23861" />
  </mem-info>
</gc-start>
<allocation-stats totalBytes="192715424" >
  <allocated-bytes non-tlh="40" tlh="192715384" />
  <largest-consumer threadName="Thread-35" threadId="00000000014A9100" bytes="23428432" />
</allocation-stats>
<gc-op id="5254" type="scavenge" timems="12.895" contextid="5251" timestamp="2019-08-09T18:07:18.744">
  <scavenger-info tenureage="14" tenuremask="4000" tiltratio="89" />
  <memory-copied type="nursery" objects="132032" bytes="5234832" bytesdiscarded="72888" />
</gc-op>
<gc-end id="5255" type="scavenge" contextid="5251" durationms="13.396" usertimems="29.215" systemtimems="0.000" timestamp="2019-08-09T18:07:18.745" activeThreads="16">
  <mem-info id="5256" free="197000120" total="248381440" percent="79">
    <mem type="nursery" free="193200824" total="220594176" percent="87">
      <mem type="allocate" free="193200824" total="198508544" percent="97" />
      <mem type="survivor" free="0" total="22085632" percent="0" />
    </mem>
    <mem type="tenure" free="3799296" total="27787264" percent="13" macro-fragmented="5266">
      <mem type="soa" free="3521792" total="27509760" percent="12" />
      <mem type="loa" free="277504" total="277504" percent="100" />
    </mem>
    <remembered-set count="23861" />
  </mem-info>
</gc-end>
<cycle-end id="5257" type="scavenge" contextid="5251" timestamp="2019-08-09T18:07:18.745" />
  <attribute name="elasticGC enabled" value="1" />
  <attribute name= "numThreadsSpecified" value="16" />
  <attribute name="heapSize specified" value="248250368" />
  <attribute name="Current GC Util" value="9" />
  <attribute name= "Current Time Running" value="174601" />
  <attribute name ="GC Interval" value="2345" />
  <attribute name="Target GC Util Change" value ="80.000000" />
  <attribute name="Current GC Util Change" value="9.000000"/>
  <attribute name="Current Error" value="288.000000" />
  <attribute name="Output H" value="248457456"/>
  <attribute name="Output I" value="2344"/>
  <attribute name="Output T" value="16"/>
  <attribute name= "Current Time Running" value="174601" />
  <attribute name="GC Util currently" value="9" />
  <attribute name="CPU Util currently" value="4768861699" />
<allocation-satisfied id="5258" threadId="000000000147C200" bytesRequested="40" />
<af-end id="5259" timestamp="2019-08-09T18:07:18.745" threadId="000000000147CB88" success="true" from="nursery"/>
<exclusive-end id="5260" timestamp="2019-08-09T18:07:18.745" durationms="13.719" />

<exclusive-start id="5261" timestamp="2019-08-09T18:07:18.955" intervalms="224.038">
  <response-info timems="3.820" idlems="2.554" threads="2" lastid="000000000146D200" lastname="Thread-23" />
</exclusive-start>
<af-start id="5262" threadId="0000000001471788" totalBytesRequested="40" timestamp="2019-08-09T18:07:18.955" intervalms="224.030" type="nursery" />
<cycle-start id="5263" type="scavenge" contextid="0" timestamp="2019-08-09T18:07:18.955" intervalms="224.015" />
<gc-start id="5264" type="scavenge" contextid="5263" timestamp="2019-08-09T18:07:18.955">
  <mem-info id="5265" free="3799296" total="248381440" percent="1">
    <mem type="nursery" free="0" total="220594176" percent="0">
      <mem type="allocate" free="0" total="198508544" percent="0" />
      <mem type="survivor" free="0" total="22085632" percent="0" />
    </mem>
    <mem type="tenure" free="3799296" total="27787264" percent="13">
      <mem type="soa" free="3521792" total="27509760" percent="12" />
      <mem type="loa" free="277504" total="277504" percent="100" />
    </mem>
    <remembered-set count="23941" />
  </mem-info>
</gc-start>
<allocation-stats totalBytes="193188232" >
  <allocated-bytes non-tlh="40" tlh="193188192" />
  <largest-consumer threadName="Thread-27" threadId="000000000148B200" bytes="21592696" />
</allocation-stats>
<gc-op id="5266" type="scavenge" timems="4.436" contextid="5263" timestamp="2019-08-09T18:07:18.960">
  <scavenger-info tenureage="14" tenuremask="4000" tiltratio="89" />
  <memory-copied type="nursery" objects="138084" bytes="5518120" bytesdiscarded="212552" />
</gc-op>
<gc-end id="5267" type="scavenge" contextid="5263" durationms="5.071" usertimems="14.396" systemtimems="0.906" timestamp="2019-08-09T18:07:18.960" activeThreads="16">
  <mem-info id="5268" free="196577168" total="248381440" percent="79">
    <mem type="nursery" free="192777872" total="220594176" percent="87">
      <mem type="allocate" free="192777872" total="198508544" percent="97" />
      <mem type="survivor" free="0" total="22085632" percent="0" />
    </mem>
    <mem type="tenure" free="3799296" total="27787264" percent="13" macro-fragmented="0">
      <mem type="soa" free="3521792" total="27509760" percent="12" />
      <mem type="loa" free="277504" total="277504" percent="100" />
    </mem>
    <remembered-set count="23941" />
  </mem-info>
</gc-end>
<cycle-end id="5269" type="scavenge" contextid="5263" timestamp="2019-08-09T18:07:18.960" />
  <attribute name="elasticGC enabled" value="1" />
  <attribute name= "numThreadsSpecified" value="16" />
  <attribute name="heapSize specified" value="248250368" />
  <attribute name="Current GC Util" value="13" />
  <attribute name= "Current Time Running" value="174825" />
  <attribute name ="GC Interval" value="2425" />
  <attribute name="Target GC Util Change" value ="80.000000" />
  <attribute name="Current GC Util Change" value="13.000000"/>
  <attribute name="Current Error" value="355.000000" />
  <attribute name="Output H" value="248457536"/>
  <attribute name="Output I" value="2424"/>
  <attribute name="Output T" value="16"/>
  <attribute name= "Current Time Running" value="174825" />
  <attribute name="GC Util currently" value="13" />
  <attribute name="CPU Util currently" value="5146377558" />
<allocation-satisfied id="5270" threadId="0000000001470E00" bytesRequested="40" />
<af-end id="5271" timestamp="2019-08-09T18:07:18.960" threadId="0000000001471788" success="true" from="nursery"/>
<exclusive-end id="5272" timestamp="2019-08-09T18:07:18.960" durationms="5.404" />

<exclusive-start id="5273" timestamp="2019-08-09T18:07:19.173" intervalms="217.926">
  <response-info timems="4.541" idlems="2.292" threads="1" lastid="000000000146D200" lastname="Thread-23" />
</exclusive-start>
<af-start id="5274" threadId="0000000001469F88" totalBytesRequested="40" timestamp="2019-08-09T18:07:19.173" intervalms="217.937" type="nursery" />
<cycle-start id="5275" type="scavenge" contextid="0" timestamp="2019-08-09T18:07:19.173" intervalms="217.942" />
<gc-start id="5276" type="scavenge" contextid="5275" timestamp="2019-08-09T18:07:19.173">
  <mem-info id="5277" free="3799296" total="248381440" percent="1">
    <mem type="nursery" free="0" total="220594176" percent="0">
      <mem type="allocate" free="0" total="198508544" percent="0" />
      <mem type="survivor" free="0" total="22085632" percent="0" />
    </mem>
    <mem type="tenure" free="3799296" total="27787264" percent="13">
      <mem type="soa" free="3521792" total="27509760" percent="12" />
      <mem type="loa" free="277504" total="277504" percent="100" />
    </mem>
    <remembered-set count="23941" />
  </mem-info>
</gc-start>
<allocation-stats totalBytes="192773776" >
  <allocated-bytes non-tlh="40" tlh="192773736" />
  <largest-consumer threadName="Thread-35" threadId="00000000014A9100" bytes="20938328" />
</allocation-stats>
<gc-op id="5278" type="scavenge" timems="5.344" contextid="5275" timestamp="2019-08-09T18:07:19.179">
  <scavenger-info tenureage="14" tenuremask="4000" tiltratio="89" />
  <memory-copied type="nursery" objects="139501" bytes="5553864" bytesdiscarded="583872" />
</gc-op>
<gc-end id="5279" type="scavenge" contextid="5275" durationms="5.984" usertimems="22.867" systemtimems="1.262" timestamp="2019-08-09T18:07:19.179" activeThreads="16">
  <mem-info id="5280" free="196170104" total="248381440" percent="78">
    <mem type="nursery" free="192370808" total="220594176" percent="87">
      <mem type="allocate" free="192370808" total="198508544" percent="96" />
      <mem type="survivor" free="0" total="22085632" percent="0" />
    </mem>
    <mem type="tenure" free="3799296" total="27787264" percent="13" macro-fragmented="2592282">
      <mem type="soa" free="3521792" total="27509760" percent="12" />
      <mem type="loa" free="277504" total="277504" percent="100" />
    </mem>
    <remembered-set count="23940" />
  </mem-info>
</gc-end>
<cycle-end id="5281" type="scavenge" contextid="5275" timestamp="2019-08-09T18:07:19.179" />
  <attribute name="elasticGC enabled" value="1" />
  <attribute name= "numThreadsSpecified" value="16" />
  <attribute name="heapSize specified" value="248250368" />
  <attribute name="Current GC Util" value="6" />
  <attribute name= "Current Time Running" value="175043" />
  <attribute name ="GC Interval" value="2505" />
  <attribute name="Target GC Util Change" value ="80.000000" />
  <attribute name="Current GC Util Change" value="6.000000"/>
  <attribute name="Current Error" value="429.000000" />
  <attribute name="Output H" value="248457616"/>
  <attribute name="Output I" value="2504"/>
  <attribute name="Output T" value="16"/>
  <attribute name= "Current Time Running" value="175043" />
  <attribute name="GC Util currently" value="6" />
  <attribute name="CPU Util currently" value="5290985225" />
<allocation-satisfied id="5282" threadId="0000000001469600" bytesRequested="40" />
<af-end id="5283" timestamp="2019-08-09T18:07:19.179" threadId="0000000001469F88" success="true" from="nursery"/>
<exclusive-end id="5284" timestamp="2019-08-09T18:07:19.179" durationms="6.310" />

<exclusive-start id="5285" timestamp="2019-08-09T18:07:19.379" intervalms="206.359">
  <response-info timems="1.361" idlems="0.697" threads="1" lastid="000000000149A100" lastname="Thread-26" />
</exclusive-start>
<af-start id="5286" threadId="000000000145B088" totalBytesRequested="40" timestamp="2019-08-09T18:07:19.379" intervalms="206.346" type="nursery" />
<cycle-start id="5287" type="scavenge" contextid="0" timestamp="2019-08-09T18:07:19.380" intervalms="206.592" />
<gc-start id="5288" type="scavenge" contextid="5287" timestamp="2019-08-09T18:07:19.380">
  <mem-info id="5289" free="3799296" total="248381440" percent="1">
    <mem type="nursery" free="0" total="220594176" percent="0">
      <mem type="allocate" free="0" total="198508544" percent="0" />
      <mem type="survivor" free="0" total="22085632" percent="0" />
    </mem>
    <mem type="tenure" free="3799296" total="27787264" percent="13">
      <mem type="soa" free="3521792" total="27509760" percent="12" />
      <mem type="loa" free="277504" total="277504" percent="100" />
    </mem>
    <remembered-set count="23940" />
  </mem-info>
</gc-start>
<allocation-stats totalBytes="192357776" >
  <allocated-bytes non-tlh="40" tlh="192357736" />
  <largest-consumer threadName="Thread-31" threadId="000000000145E300" bytes="18446960" />
</allocation-stats>
<gc-op id="5290" type="scavenge" timems="7.248" contextid="5287" timestamp="2019-08-09T18:07:19.387">
  <scavenger-info tenureage="14" tenuremask="4000" tiltratio="89" />
  <memory-copied type="nursery" objects="140282" bytes="5572208" bytesdiscarded="40888" />
</gc-op>
<gc-end id="5291" type="scavenge" contextid="5287" durationms="7.696" usertimems="15.139" systemtimems="0.151" timestamp="2019-08-09T18:07:19.387" activeThreads="16">
  <mem-info id="5292" free="196694744" total="248381440" percent="79">
    <mem type="nursery" free="192895448" total="220594176" percent="87">
      <mem type="allocate" free="192895448" total="198508544" percent="97" />
      <mem type="survivor" free="0" total="22085632" percent="0" />
    </mem>
    <mem type="tenure" free="3799296" total="27787264" percent="13" macro-fragmented="2592282">
      <mem type="soa" free="3521792" total="27509760" percent="12" />
      <mem type="loa" free="277504" total="277504" percent="100" />
    </mem>
    <remembered-set count="23940" />
  </mem-info>
</gc-end>
<cycle-end id="5293" type="scavenge" contextid="5287" timestamp="2019-08-09T18:07:19.388" />
  <attribute name="elasticGC enabled" value="1" />
  <attribute name= "numThreadsSpecified" value="16" />
  <attribute name="heapSize specified" value="248250368" />
  <attribute name="Current GC Util" value="11" />
  <attribute name= "Current Time Running" value="175249" />
  <attribute name ="GC Interval" value="2089" />
  <attribute name="Target GC Util Change" value ="80.000000" />
  <attribute name="Current GC Util Change" value="11.000000"/>
  <attribute name="Current Error" value="69.000000" />
  <attribute name="Output H" value="248457200"/>
  <attribute name="Output I" value="2088"/>
  <attribute name="Output T" value="16"/>
  <attribute name= "Current Time Running" value="175249" />
  <attribute name="GC Util currently" value="11" />
  <attribute name="CPU Util currently" value="5577755952" />
<allocation-satisfied id="5294" threadId="000000000145A700" bytesRequested="40" />
<af-end id="5295" timestamp="2019-08-09T18:07:19.388" threadId="000000000145B088" success="true" from="nursery"/>
<exclusive-end id="5296" timestamp="2019-08-09T18:07:19.388" durationms="8.514" />

<exclusive-start id="5297" timestamp="2019-08-09T18:07:19.610" intervalms="230.666">
  <response-info timems="15.106" idlems="7.319" threads="2" lastid="000000000146D200" lastname="Thread-23" />
</exclusive-start>
<af-start id="5298" threadId="00000000014A9A88" totalBytesRequested="24" timestamp="2019-08-09T18:07:19.610" intervalms="230.704" type="nursery" />
<cycle-start id="5299" type="scavenge" contextid="0" timestamp="2019-08-09T18:07:19.610" intervalms="230.477" />
<gc-start id="5300" type="scavenge" contextid="5299" timestamp="2019-08-09T18:07:19.610">
  <mem-info id="5301" free="3799296" total="248381440" percent="1">
    <mem type="nursery" free="0" total="220594176" percent="0">
      <mem type="allocate" free="0" total="198508544" percent="0" />
      <mem type="survivor" free="0" total="22085632" percent="0" />
    </mem>
    <mem type="tenure" free="3799296" total="27787264" percent="13">
      <mem type="soa" free="3521792" total="27509760" percent="12" />
      <mem type="loa" free="277504" total="277504" percent="100" />
    </mem>
    <remembered-set count="23940" />
  </mem-info>
</gc-start>
<allocation-stats totalBytes="192891048" >
  <allocated-bytes non-tlh="40" tlh="192891008" />
  <largest-consumer threadName="Thread-26" threadId="000000000149A100" bytes="22642056" />
</allocation-stats>
<gc-op id="5302" type="scavenge" timems="12.801" contextid="5299" timestamp="2019-08-09T18:07:19.623">
  <scavenger-info tenureage="14" tenuremask="4000" tiltratio="89" />
  <memory-copied type="nursery" objects="142367" bytes="5622312" bytesdiscarded="165360" />
</gc-op>
<gc-end id="5303" type="scavenge" contextid="5299" durationms="13.179" usertimems="9.071" systemtimems="14.694" timestamp="2019-08-09T18:07:19.623" activeThreads="16">
  <mem-info id="5304" free="196520168" total="248381440" percent="79">
    <mem type="nursery" free="192720872" total="220594176" percent="87">
      <mem type="allocate" free="192720872" total="198508544" percent="97" />
      <mem type="survivor" free="0" total="22085632" percent="0" />
    </mem>
    <mem type="tenure" free="3799296" total="27787264" percent="13" macro-fragmented="2592282">
      <mem type="soa" free="3521792" total="27509760" percent="12" />
      <mem type="loa" free="277504" total="277504" percent="100" />
    </mem>
    <remembered-set count="23940" />
  </mem-info>
</gc-end>
<cycle-end id="5305" type="scavenge" contextid="5299" timestamp="2019-08-09T18:07:19.624" />
  <attribute name="elasticGC enabled" value="1" />
  <attribute name= "numThreadsSpecified" value="16" />
  <attribute name="heapSize specified" value="248250368" />
  <attribute name="Current GC Util" value="6" />
  <attribute name= "Current Time Running" value="175480" />
  <attribute name ="GC Interval" value="2177" />
  <attribute name="Target GC Util Change" value ="80.000000" />
  <attribute name="Current GC Util Change" value="6.000000"/>
  <attribute name="Current Error" value="143.000000" />
  <attribute name="Output H" value="248457288"/>
  <attribute name="Output I" value="2176"/>
  <attribute name="Output T" value="16"/>
  <attribute name= "Current Time Running" value="175480" />
  <attribute name="GC Util currently" value="6" />
  <attribute name="CPU Util currently" value="5003873916" />
<allocation-satisfied id="5306" threadId="00000000014A9100" bytesRequested="24" />
<af-end id="5307" timestamp="2019-08-09T18:07:19.624" threadId="00000000014A9A88" success="true" from="nursery"/>
<exclusive-end id="5308" timestamp="2019-08-09T18:07:19.624" durationms="13.598" />

<exclusive-start id="5309" timestamp="2019-08-09T18:07:19.774" intervalms="164.357">
  <response-info timems="9.634" idlems="4.724" threads="2" lastid="000000000146D200" lastname="Thread-23" />
</exclusive-start>
<af-start id="5310" threadId="0000000001496E88" totalBytesRequested="40" timestamp="2019-08-09T18:07:19.774" intervalms="164.312" type="nursery" />
<cycle-start id="5311" type="scavenge" contextid="0" timestamp="2019-08-09T18:07:19.774" intervalms="164.297" />
<gc-start id="5312" type="scavenge" contextid="5311" timestamp="2019-08-09T18:07:19.775">
  <mem-info id="5313" free="3799296" total="248381440" percent="1">
    <mem type="nursery" free="0" total="220594176" percent="0">
      <mem type="allocate" free="0" total="198508544" percent="0" />
      <mem type="survivor" free="0" total="22085632" percent="0" />
    </mem>
    <mem type="tenure" free="3799296" total="27787264" percent="13">
      <mem type="soa" free="3521792" total="27509760" percent="12" />
      <mem type="loa" free="277504" total="277504" percent="100" />
    </mem>
    <remembered-set count="23940" />
  </mem-info>
</gc-start>
<allocation-stats totalBytes="192707944" >
  <allocated-bytes non-tlh="24" tlh="192707920" />
  <largest-consumer threadName="Thread-24" threadId="0000000001496500" bytes="18840432" />
</allocation-stats>
<gc-op id="5314" type="scavenge" timems="6.901" contextid="5311" timestamp="2019-08-09T18:07:19.782">
  <scavenger-info tenureage="8" tenuremask="5d00" tiltratio="89" />
  <memory-copied type="nursery" objects="120533" bytes="4964344" bytesdiscarded="295712" />
  <memory-copied type="tenure" objects="19682" bytes="472368" bytesdiscarded="0" />
</gc-op>
<gc-end id="5315" type="scavenge" contextid="5311" durationms="7.115" usertimems="14.767" systemtimems="7.915" timestamp="2019-08-09T18:07:19.782" activeThreads="16">
  <mem-info id="5316" free="196089320" total="248381440" percent="78">
    <mem type="nursery" free="193248488" total="220594176" percent="87">
      <mem type="allocate" free="193248488" total="198508544" percent="97" />
      <mem type="survivor" free="0" total="22085632" percent="0" />
    </mem>
    <mem type="tenure" free="2840832" total="27787264" percent="10" macro-fragmented="2160235">
      <mem type="soa" free="2563328" total="27509760" percent="9" />
      <mem type="loa" free="277504" total="277504" percent="100" />
    </mem>
    <remembered-set count="7326" />
  </mem-info>
</gc-end>
<cycle-end id="5317" type="scavenge" contextid="5311" timestamp="2019-08-09T18:07:19.782" />
  <attribute name="elasticGC enabled" value="1" />
  <attribute name= "numThreadsSpecified" value="16" />
  <attribute name="heapSize specified" value="248250368" />
  <attribute name="Current GC Util" value="14" />
  <attribute name= "Current Time Running" value="175644" />
  <attribute name ="GC Interval" value="2257" />
  <attribute name="Target GC Util Change" value ="80.000000" />
  <attribute name="Current GC Util Change" value="14.000000"/>
  <attribute name="Current Error" value="209.000000" />
  <attribute name="Output H" value="248457368"/>
  <attribute name="Output I" value="2256"/>
  <attribute name="Output T" value="16"/>
  <attribute name= "Current Time Running" value="175644" />
  <attribute name="GC Util currently" value="14" />
  <attribute name="CPU Util currently" value="7016862076" />
<allocation-satisfied id="5318" threadId="0000000001496500" bytesRequested="40" />
<af-end id="5319" timestamp="2019-08-09T18:07:19.782" threadId="0000000001496E88" success="true" from="nursery"/>
<exclusive-end id="5320" timestamp="2019-08-09T18:07:19.782" durationms="7.567" />

<exclusive-start id="5321" timestamp="2019-08-09T18:07:19.980" intervalms="205.919">
  <response-info timems="2.388" idlems="1.665" threads="3" lastid="000000000146D200" lastname="Thread-23" />
</exclusive-start>
<af-start id="5322" threadId="000000000147CB88" totalBytesRequested="40" timestamp="2019-08-09T18:07:19.980" intervalms="205.922" type="nursery" />
<cycle-start id="5323" type="scavenge" contextid="0" timestamp="2019-08-09T18:07:19.980" intervalms="205.920" />
<gc-start id="5324" type="scavenge" contextid="5323" timestamp="2019-08-09T18:07:19.980">
  <mem-info id="5325" free="2840832" total="248381440" percent="1">
    <mem type="nursery" free="0" total="220594176" percent="0">
      <mem type="allocate" free="0" total="198508544" percent="0" />
      <mem type="survivor" free="0" total="22085632" percent="0" />
    </mem>
    <mem type="tenure" free="2840832" total="27787264" percent="10">
      <mem type="soa" free="2563328" total="27509760" percent="9" />
      <mem type="loa" free="277504" total="277504" percent="100" />
    </mem>
    <remembered-set count="7326" />
  </mem-info>
</gc-start>
<allocation-stats totalBytes="193244184" >
  <allocated-bytes non-tlh="40" tlh="193244144" />
  <largest-consumer threadName="Thread-35" threadId="00000000014A9100" bytes="23690832" />
</allocation-stats>
<gc-op id="5326" type="scavenge" timems="19.782" contextid="5323" timestamp="2019-08-09T18:07:20.000">
  <scavenger-info tenureage="10" tenuremask="4400" tiltratio="89" />
  <memory-copied type="nursery" objects="113134" bytes="4920992" bytesdiscarded="496288" />
  <memory-copied type="tenure" objects="4007" bytes="96168" bytesdiscarded="0" />
</gc-op>
<heap-resize id="5327" type="expand" space="nursery" amount="12189696" count="1" timems="0.043" reason="excessive time being spent scavenging" timestamp="2019-08-09T18:07:20.001" />
<gc-end id="5328" type="scavenge" contextid="5323" durationms="20.415" usertimems="52.782" systemtimems="22.633" timestamp="2019-08-09T18:07:20.001" activeThreads="16">
  <mem-info id="5329" free="206734528" total="260571136" percent="79">
    <mem type="nursery" free="204035776" total="232783872" percent="87">
      <mem type="allocate" free="204035776" total="209453056" percent="97" />
      <mem type="survivor" free="0" total="23330816" percent="0" />
    </mem>
    <mem type="tenure" free="2698752" total="27787264" percent="9" macro-fragmented="1800196">
      <mem type="soa" free="2421248" total="27509760" percent="8" />
      <mem type="loa" free="277504" total="277504" percent="100" />
    </mem>
    <remembered-set count="3319" />
  </mem-info>
</gc-end>
<cycle-end id="5330" type="scavenge" contextid="5323" timestamp="2019-08-09T18:07:20.001" />
  <attribute name="elasticGC enabled" value="1" />
  <attribute name= "numThreadsSpecified" value="16" />
  <attribute name="heapSize specified" value="248250368" />
  <attribute name="Current GC Util" value="11" />
  <attribute name= "Current Time Running" value="175850" />
  <attribute name ="GC Interval" value="2337" />
  <attribute name="Target GC Util Change" value ="80.000000" />
  <attribute name="Current GC Util Change" value="11.000000"/>
  <attribute name="Current Error" value="278.000000" />
  <attribute name="Output H" value="248457448"/>
  <attribute name="Output I" value="2336"/>
  <attribute name="Output T" value="16"/>
  <attribute name= "Current Time Running" value="175850" />
  <attribute name="GC Util currently" value="11" />
  <attribute name="CPU Util currently" value="5598393938" />
<allocation-satisfied id="5331" threadId="000000000147C200" bytesRequested="40" />
<af-end id="5332" timestamp="2019-08-09T18:07:20.001" threadId="000000000147CB88" success="true" from="nursery"/>
<exclusive-end id="5333" timestamp="2019-08-09T18:07:20.001" durationms="20.758" />

<exclusive-start id="5334" timestamp="2019-08-09T18:07:20.255" intervalms="274.840">
  <response-info timems="16.019" idlems="16.019" threads="0" lastid="00000000014A9100" lastname="Thread-35" />
</exclusive-start>
<af-start id="5335" threadId="00000000014A9A88" totalBytesRequested="40" timestamp="2019-08-09T18:07:20.255" intervalms="274.860" type="nursery" />
<cycle-start id="5336" type="scavenge" contextid="0" timestamp="2019-08-09T18:07:20.255" intervalms="274.861" />
<gc-start id="5337" type="scavenge" contextid="5336" timestamp="2019-08-09T18:07:20.255">
  <mem-info id="5338" free="2698752" total="260571136" percent="1">
    <mem type="nursery" free="0" total="232783872" percent="0">
      <mem type="allocate" free="0" total="209453056" percent="0" />
      <mem type="survivor" free="0" total="23330816" percent="0" />
    </mem>
    <mem type="tenure" free="2698752" total="27787264" percent="9">
      <mem type="soa" free="2421248" total="27509760" percent="8" />
      <mem type="loa" free="277504" total="277504" percent="100" />
    </mem>
    <remembered-set count="3319" />
  </mem-info>
</gc-start>
<allocation-stats totalBytes="204005016" >
  <allocated-bytes non-tlh="40" tlh="204004976" />
  <largest-consumer threadName="Thread-24" threadId="0000000001496500" bytes="20542424" />
</allocation-stats>
<gc-op id="5339" type="scavenge" timems="4.667" contextid="5336" timestamp="2019-08-09T18:07:20.260">
  <scavenger-info tenureage="14" tenuremask="4000" tiltratio="89" />
  <memory-copied type="nursery" objects="120426" bytes="5094664" bytesdiscarded="210248" />
</gc-op>
<gc-end id="5340" type="scavenge" contextid="5336" durationms="5.166" usertimems="24.783" systemtimems="0.682" timestamp="2019-08-09T18:07:20.260" activeThreads="16">
  <mem-info id="5341" free="206846896" total="260571136" percent="79">
    <mem type="nursery" free="204148144" total="232783872" percent="87">
      <mem type="allocate" free="204148144" total="209453056" percent="97" />
      <mem type="survivor" free="0" total="23330816" percent="0" />
    </mem>
    <mem type="tenure" free="2698752" total="27787264" percent="9" macro-fragmented="1800196">
      <mem type="soa" free="2421248" total="27509760" percent="8" />
      <mem type="loa" free="277504" total="277504" percent="100" />
    </mem>
    <remembered-set count="3318" />
  </mem-info>
</gc-end>
<cycle-end id="5342" type="scavenge" contextid="5336" timestamp="2019-08-09T18:07:20.261" />
  <attribute name="elasticGC enabled" value="1" />
  <attribute name= "numThreadsSpecified" value="16" />
  <attribute name="heapSize specified" value="248250368" />
  <attribute name="Current GC Util" value="27" />
  <attribute name= "Current Time Running" value="176125" />
  <attribute name ="GC Interval" value="2393" />
  <attribute name="Target GC Util Change" value ="80.000000" />
  <attribute name="Current GC Util Change" value="27.000000"/>
  <attribute name="Current Error" value="331.000000" />
  <attribute name="Output H" value="260647200"/>
  <attribute name="Output I" value="2392"/>
  <attribute name="Output T" value="16"/>
  <attribute name= "Current Time Running" value="176125" />
  <attribute name="GC Util currently" value="27" />
  <attribute name="CPU Util currently" value="4194829361" />
<allocation-satisfied id="5343" threadId="00000000014A9100" bytesRequested="40" />
<af-end id="5344" timestamp="2019-08-09T18:07:20.261" threadId="00000000014A9A88" success="true" from="nursery"/>
<exclusive-end id="5345" timestamp="2019-08-09T18:07:20.261" durationms="5.518" />

<exclusive-start id="5346" timestamp="2019-08-09T18:07:20.495" intervalms="239.781">
  <response-info timems="9.515" idlems="6.970" threads="3" lastid="000000000146D200" lastname="Thread-23" />
</exclusive-start>
<af-start id="5347" threadId="000000000148BB88" totalBytesRequested="40" timestamp="2019-08-09T18:07:20.495" intervalms="239.770" type="nursery" />
<cycle-start id="5348" type="scavenge" contextid="0" timestamp="2019-08-09T18:07:20.495" intervalms="239.769" />
<gc-start id="5349" type="scavenge" contextid="5348" timestamp="2019-08-09T18:07:20.495">
  <mem-info id="5350" free="2698752" total="260571136" percent="1">
    <mem type="nursery" free="0" total="232783872" percent="0">
      <mem type="allocate" free="0" total="209453056" percent="0" />
      <mem type="survivor" free="0" total="23330816" percent="0" />
    </mem>
    <mem type="tenure" free="2698752" total="27787264" percent="9">
      <mem type="soa" free="2421248" total="27509760" percent="8" />
      <mem type="loa" free="277504" total="277504" percent="100" />
    </mem>
    <remembered-set count="3318" />
  </mem-info>
</gc-start>
<allocation-stats totalBytes="204144640" >
  <allocated-bytes non-tlh="40" tlh="204144600" />
  <largest-consumer threadName="Thread-21" threadId="00000000014A5500" bytes="19565664" />
</allocation-stats>
<gc-op id="5351" type="scavenge" timems="5.223" contextid="5348" timestamp="2019-08-09T18:07:20.500">
  <scavenger-info tenureage="14" tenuremask="4000" tiltratio="89" />
  <memory-copied type="nursery" objects="130439" bytes="5335256" bytesdiscarded="231448" />
</gc-op>
<gc-end id="5352" type="scavenge" contextid="5348" durationms="5.908" usertimems="27.591" systemtimems="0.000" timestamp="2019-08-09T18:07:20.501" activeThreads="16">
  <mem-info id="5353" free="206585104" total="260571136" percent="79">
    <mem type="nursery" free="203886352" total="232783872" percent="87">
      <mem type="allocate" free="203886352" total="209453056" percent="97" />
      <mem type="survivor" free="0" total="23330816" percent="0" />
    </mem>
    <mem type="tenure" free="2698752" total="27787264" percent="9" macro-fragmented="0">
      <mem type="soa" free="2421248" total="27509760" percent="8" />
      <mem type="loa" free="277504" total="277504" percent="100" />
    </mem>
    <remembered-set count="3318" />
  </mem-info>
</gc-end>
<cycle-end id="5354" type="scavenge" contextid="5348" timestamp="2019-08-09T18:07:20.501" />
  <attribute name="elasticGC enabled" value="1" />
  <attribute name= "numThreadsSpecified" value="16" />
  <attribute name="heapSize specified" value="248250368" />
  <attribute name="Current GC Util" value="10" />
  <attribute name= "Current Time Running" value="176365" />
  <attribute name ="GC Interval" value="2473" />
  <attribute name="Target GC Util Change" value ="80.000000" />
  <attribute name="Current GC Util Change" value="10.000000"/>
  <attribute name="Current Error" value="401.000000" />
  <attribute name="Output H" value="260647280"/>
  <attribute name="Output I" value="2472"/>
  <attribute name="Output T" value="16"/>
  <attribute name= "Current Time Running" value="176365" />
  <attribute name="GC Util currently" value="10" />
  <attribute name="CPU Util currently" value="4808127772" />
<allocation-satisfied id="5355" threadId="000000000148B200" bytesRequested="40" />
<af-end id="5356" timestamp="2019-08-09T18:07:20.501" threadId="000000000148BB88" success="true" from="nursery"/>
<exclusive-end id="5357" timestamp="2019-08-09T18:07:20.501" durationms="6.238" />

<exclusive-start id="5358" timestamp="2019-08-09T18:07:20.611" intervalms="115.627">
  <response-info timems="4.145" idlems="4.145" threads="0" lastid="0000000001461F00" lastname="Thread-34" />
</exclusive-start>
<af-start id="5359" threadId="0000000001462888" totalBytesRequested="40" timestamp="2019-08-09T18:07:20.611" intervalms="115.620" type="nursery" />
<cycle-start id="5360" type="scavenge" contextid="0" timestamp="2019-08-09T18:07:20.611" intervalms="115.799" />
<gc-start id="5361" type="scavenge" contextid="5360" timestamp="2019-08-09T18:07:20.611">
  <mem-info id="5362" free="2698752" total="260571136" percent="1">
    <mem type="nursery" free="0" total="232783872" percent="0">
      <mem type="allocate" free="0" total="209453056" percent="0" />
      <mem type="survivor" free="0" total="23330816" percent="0" />
    </mem>
    <mem type="tenure" free="2698752" total="27787264" percent="9">
      <mem type="soa" free="2421248" total="27509760" percent="8" />
      <mem type="loa" free="277504" total="277504" percent="100" />
    </mem>
    <remembered-set count="3318" />
  </mem-info>
</gc-start>
<allocation-stats totalBytes="203871936" >
  <allocated-bytes non-tlh="40" tlh="203871896" />
  <largest-consumer threadName="Thread-35" threadId="00000000014A9100" bytes="19888832" />
</allocation-stats>
<gc-op id="5363" type="scavenge" timems="4.027" contextid="5360" timestamp="2019-08-09T18:07:20.615">
  <scavenger-info tenureage="3" tenuremask="4008" tiltratio="89" />
  <memory-copied type="nursery" objects="106987" bytes="4497976" bytesdiscarded="330824" />
  <memory-copied type="tenure" objects="11080" bytes="540672" bytesdiscarded="24" />
</gc-op>
<gc-end id="5364" type="scavenge" contextid="5360" durationms="4.516" usertimems="21.301" systemtimems="0.000" timestamp="2019-08-09T18:07:20.615" activeThreads="16">
  <mem-info id="5365" free="206742280" total="260571136" percent="79">
    <mem type="nursery" free="204624256" total="232783872" percent="87">
      <mem type="allocate" free="204624256" total="209453056" percent="97" />
      <mem type="survivor" free="0" total="23330816" percent="0" />
    </mem>
    <mem type="tenure" free="2118024" total="27787264" percent="7" macro-fragmented="1500163">
      <mem type="soa" free="1840520" total="27509760" percent="6" />
      <mem type="loa" free="277504" total="277504" percent="100" />
    </mem>
    <remembered-set count="6645" />
  </mem-info>
</gc-end>
<cycle-end id="5366" type="scavenge" contextid="5360" timestamp="2019-08-09T18:07:20.616" />
  <attribute name="elasticGC enabled" value="1" />
  <attribute name= "numThreadsSpecified" value="16" />
  <attribute name="heapSize specified" value="248250368" />
  <attribute name="Current GC Util" value="23" />
  <attribute name= "Current Time Running" value="176481" />
  <attribute name ="GC Interval" value="2081" />
  <attribute name="Target GC Util Change" value ="80.000000" />
  <attribute name="Current GC Util Change" value="23.000000"/>
  <attribute name="Current Error" value="57.000000" />
  <attribute name="Output H" value="260646888"/>
  <attribute name="Output I" value="2080"/>
  <attribute name="Output T" value="16"/>
  <attribute name= "Current Time Running" value="176481" />
  <attribute name="GC Util currently" value="23" />
  <attribute name="CPU Util currently" value="9955104710" />
<allocation-satisfied id="5367" threadId="0000000001461F00" bytesRequested="40" />
<af-end id="5368" timestamp="2019-08-09T18:07:20.616" threadId="0000000001462888" success="true" from="nursery"/>
<exclusive-end id="5369" timestamp="2019-08-09T18:07:20.616" durationms="5.004" />

<exclusive-start id="5370" timestamp="2019-08-09T18:07:20.855" intervalms="243.987">
  <response-info timems="3.055" idlems="3.055" threads="0" lastid="0000000001469600" lastname="Thread-25" />
</exclusive-start>
<af-start id="5371" threadId="0000000001469F88" totalBytesRequested="40" timestamp="2019-08-09T18:07:20.855" intervalms="244.057" type="nursery" />
<cycle-start id="5372" type="scavenge" contextid="0" timestamp="2019-08-09T18:07:20.855" intervalms="243.984" />
<gc-start id="5373" type="scavenge" contextid="5372" timestamp="2019-08-09T18:07:20.855">
  <mem-info id="5374" free="2118024" total="260571136" percent="0">
    <mem type="nursery" free="0" total="232783872" percent="0">
      <mem type="allocate" free="0" total="209453056" percent="0" />
      <mem type="survivor" free="0" total="23330816" percent="0" />
    </mem>
    <mem type="tenure" free="2118024" total="27787264" percent="7">
      <mem type="soa" free="1840520" total="27509760" percent="6" />
      <mem type="loa" free="277504" total="277504" percent="100" />
    </mem>
    <remembered-set count="7839" />
  </mem-info>
</gc-start>
<allocation-stats totalBytes="204619088" >
  <allocated-bytes non-tlh="40" tlh="204619048" />
  <largest-consumer threadName="Thread-30" threadId="00000000014A1900" bytes="20151672" />
</allocation-stats>
<gc-op id="5375" type="scavenge" timems="3.803" contextid="5372" timestamp="2019-08-09T18:07:20.859">
  <scavenger-info tenureage="14" tenuremask="4000" tiltratio="89" />
  <memory-copied type="nursery" objects="105019" bytes="4450328" bytesdiscarded="332536" />
</gc-op>
<gc-end id="5376" type="scavenge" contextid="5372" durationms="4.301" usertimems="19.663" systemtimems="0.839" timestamp="2019-08-09T18:07:20.859" activeThreads="16">
  <mem-info id="5377" free="206788216" total="260571136" percent="79">
    <mem type="nursery" free="204670192" total="232783872" percent="87">
      <mem type="allocate" free="204670192" total="209453056" percent="97" />
      <mem type="survivor" free="0" total="23330816" percent="0" />
    </mem>
    <mem type="tenure" free="2118024" total="27787264" percent="7" macro-fragmented="1500163">
      <mem type="soa" free="1840520" total="27509760" percent="6" />
      <mem type="loa" free="277504" total="277504" percent="100" />
    </mem>
    <remembered-set count="7839" />
  </mem-info>
</gc-end>
<cycle-end id="5378" type="scavenge" contextid="5372" timestamp="2019-08-09T18:07:20.859" />
  <attribute name="elasticGC enabled" value="1" />
  <attribute name= "numThreadsSpecified" value="16" />
  <attribute name="heapSize specified" value="248250368" />
  <attribute name="Current GC Util" value="8" />
  <attribute name= "Current Time Running" value="176725" />
  <attribute name ="GC Interval" value="2161" />
  <attribute name="Target GC Util Change" value ="80.000000" />
  <attribute name="Current GC Util Change" value="8.000000"/>
  <attribute name="Current Error" value="129.000000" />
  <attribute name="Output H" value="260646968"/>
  <attribute name="Output I" value="2160"/>
  <attribute name="Output T" value="16"/>
  <attribute name= "Current Time Running" value="176725" />
  <attribute name="GC Util currently" value="8" />
  <attribute name="CPU Util currently" value="4726231219" />
<allocation-satisfied id="5379" threadId="0000000001469600" bytesRequested="40" />
<af-end id="5380" timestamp="2019-08-09T18:07:20.859" threadId="0000000001469F88" success="true" from="nursery"/>
<exclusive-end id="5381" timestamp="2019-08-09T18:07:20.859" durationms="4.949" />

<exclusive-start id="5382" timestamp="2019-08-09T18:07:21.135" intervalms="280.009">
  <response-info timems="4.448" idlems="4.448" threads="0" lastid="00000000014A9100" lastname="Thread-35" />
</exclusive-start>
<af-start id="5383" threadId="00000000014A9A88" totalBytesRequested="40" timestamp="2019-08-09T18:07:21.135" intervalms="279.923" type="nursery" />
<cycle-start id="5384" type="scavenge" contextid="0" timestamp="2019-08-09T18:07:21.135" intervalms="279.807" />
<gc-start id="5385" type="scavenge" contextid="5384" timestamp="2019-08-09T18:07:21.135">
  <mem-info id="5386" free="2118024" total="260571136" percent="0">
    <mem type="nursery" free="0" total="232783872" percent="0">
      <mem type="allocate" free="0" total="209453056" percent="0" />
      <mem type="survivor" free="0" total="23330816" percent="0" />
    </mem>
    <mem type="tenure" free="2118024" total="27787264" percent="7">
      <mem type="soa" free="1840520" total="27509760" percent="6" />
      <mem type="loa" free="277504" total="277504" percent="100" />
    </mem>
    <remembered-set count="8627" />
  </mem-info>
</gc-start>
<allocation-stats totalBytes="204644944" >
  <allocated-bytes non-tlh="40" tlh="204644904" />
  <largest-consumer threadName="Thread-32" threadId="0000000001492900" bytes="24474736" />
</allocation-stats>
<gc-op id="5387" type="scavenge" timems="5.544" contextid="5384" timestamp="2019-08-09T18:07:21.140">
  <scavenger-info tenureage="13" tenuremask="6000" tiltratio="89" />
  <memory-copied type="nursery" objects="104359" bytes="4433336" bytesdiscarded="452512" />
  <memory-copied type="tenure" objects="4204" bytes="100896" bytesdiscarded="0" />
</gc-op>
<gc-end id="5388" type="scavenge" contextid="5384" durationms="6.206" usertimems="23.161" systemtimems="0.000" timestamp="2019-08-09T18:07:21.141" activeThreads="16">
  <mem-info id="5389" free="206414128" total="260571136" percent="79">
    <mem type="nursery" free="204567208" total="232783872" percent="87">
      <mem type="allocate" free="204567208" total="209453056" percent="97" />
      <mem type="survivor" free="0" total="23330816" percent="0" />
    </mem>
    <mem type="tenure" free="1846920" total="27787264" percent="6" macro-fragmented="0">
      <mem type="soa" free="1569416" total="27509760" percent="5" />
      <mem type="loa" free="277504" total="277504" percent="100" />
    </mem>
    <remembered-set count="6468" />
  </mem-info>
</gc-end>
<cycle-end id="5390" type="scavenge" contextid="5384" timestamp="2019-08-09T18:07:21.141" />
  <attribute name="elasticGC enabled" value="1" />
  <attribute name= "numThreadsSpecified" value="16" />
  <attribute name="heapSize specified" value="248250368" />
  <attribute name="Current GC Util" value="7" />
  <attribute name= "Current Time Running" value="177004" />
  <attribute name ="GC Interval" value="2249" />
  <attribute name="Target GC Util Change" value ="80.000000" />
  <attribute name="Current GC Util Change" value="7.000000"/>
  <attribute name="Current Error" value="202.000000" />
  <attribute name="Output H" value="260647056"/>
  <attribute name="Output I" value="2248"/>
  <attribute name="Output T" value="16"/>
  <attribute name= "Current Time Running" value="177004" />
  <attribute name="GC Util currently" value="7" />
  <attribute name="CPU Util currently" value="4119363404" />
<allocation-satisfied id="5391" threadId="00000000014A9100" bytesRequested="40" />
<af-end id="5392" timestamp="2019-08-09T18:07:21.141" threadId="00000000014A9A88" success="true" from="nursery"/>
<exclusive-end id="5393" timestamp="2019-08-09T18:07:21.141" durationms="6.494" />

<exclusive-start id="5394" timestamp="2019-08-09T18:07:21.388" intervalms="253.610">
  <response-info timems="1.329" idlems="0.800" threads="7" lastid="000000000145E300" lastname="Thread-31" />
</exclusive-start>
<af-start id="5395" threadId="0000000001487F88" totalBytesRequested="40" timestamp="2019-08-09T18:07:21.388" intervalms="253.618" type="nursery" />
<cycle-start id="5396" type="scavenge" contextid="0" timestamp="2019-08-09T18:07:21.388" intervalms="253.619" />
<gc-start id="5397" type="scavenge" contextid="5396" timestamp="2019-08-09T18:07:21.388">
  <mem-info id="5398" free="1846920" total="260571136" percent="0">
    <mem type="nursery" free="0" total="232783872" percent="0">
      <mem type="allocate" free="0" total="209453056" percent="0" />
      <mem type="survivor" free="0" total="23330816" percent="0" />
    </mem>
    <mem type="tenure" free="1846920" total="27787264" percent="6">
      <mem type="soa" free="1569416" total="27509760" percent="5" />
      <mem type="loa" free="277504" total="277504" percent="100" />
    </mem>
    <remembered-set count="7490" />
  </mem-info>
</gc-start>
<allocation-stats totalBytes="204563696" >
  <allocated-bytes non-tlh="40" tlh="204563656" />
  <largest-consumer threadName="Thread-35" threadId="00000000014A9100" bytes="23559872" />
</allocation-stats>
<gc-op id="5399" type="scavenge" timems="5.945" contextid="5396" timestamp="2019-08-09T18:07:21.394">
  <scavenger-info tenureage="14" tenuremask="4000" tiltratio="89" />
  <memory-copied type="nursery" objects="103816" bytes="4419040" bytesdiscarded="353528" />
</gc-op>
<gc-end id="5400" type="scavenge" contextid="5396" durationms="6.416" usertimems="14.803" systemtimems="9.550" timestamp="2019-08-09T18:07:21.395" activeThreads="16">
  <mem-info id="5401" free="206527408" total="260571136" percent="79">
    <mem type="nursery" free="204680488" total="232783872" percent="87">
      <mem type="allocate" free="204680488" total="209453056" percent="97" />
      <mem type="survivor" free="0" total="23330816" percent="0" />
    </mem>
    <mem type="tenure" free="1846920" total="27787264" percent="6" macro-fragmented="1500163">
      <mem type="soa" free="1569416" total="27509760" percent="5" />
      <mem type="loa" free="277504" total="277504" percent="100" />
    </mem>
    <remembered-set count="7490" />
  </mem-info>
</gc-end>
<cycle-end id="5402" type="scavenge" contextid="5396" timestamp="2019-08-09T18:07:21.395" />
  <attribute name="elasticGC enabled" value="1" />
  <attribute name= "numThreadsSpecified" value="16" />
  <attribute name="heapSize specified" value="248250368" />
  <attribute name="Current GC Util" value="9" />
  <attribute name= "Current Time Running" value="177258" />
  <attribute name ="GC Interval" value="2329" />
  <attribute name="Target GC Util Change" value ="80.000000" />
  <attribute name="Current GC Util Change" value="9.000000"/>
  <attribute name="Current Error" value="273.000000" />
  <attribute name="Output H" value="260647136"/>
  <attribute name="Output I" value="2328"/>
  <attribute name="Output T" value="16"/>
  <attribute name= "Current Time Running" value="177258" />
  <attribute name="GC Util currently" value="9" />
  <attribute name="CPU Util currently" value="4546979793" />
<allocation-satisfied id="5403" threadId="0000000001487600" bytesRequested="40" />
<af-end id="5404" timestamp="2019-08-09T18:07:21.395" threadId="0000000001487F88" success="true" from="nursery"/>
<exclusive-end id="5405" timestamp="2019-08-09T18:07:21.395" durationms="7.122" />

<exclusive-start id="5406" timestamp="2019-08-09T18:07:21.618" intervalms="229.800">
  <response-info timems="2.068" idlems="0.526" threads="3" lastid="000000000145A700" lastname="Thread-28" />
</exclusive-start>
<af-start id="5407" threadId="000000000147CB88" totalBytesRequested="40" timestamp="2019-08-09T18:07:21.618" intervalms="229.786" type="nursery" />
<cycle-start id="5408" type="scavenge" contextid="0" timestamp="2019-08-09T18:07:21.618" intervalms="229.784" />
<gc-start id="5409" type="scavenge" contextid="5408" timestamp="2019-08-09T18:07:21.618">
  <mem-info id="5410" free="1846920" total="260571136" percent="0">
    <mem type="nursery" free="0" total="232783872" percent="0">
      <mem type="allocate" free="0" total="209453056" percent="0" />
      <mem type="survivor" free="0" total="23330816" percent="0" />
    </mem>
    <mem type="tenure" free="1846920" total="27787264" percent="6">
      <mem type="soa" free="1569416" total="27509760" percent="5" />
      <mem type="loa" free="277504" total="277504" percent="100" />
    </mem>
    <remembered-set count="8260" />
  </mem-info>
</gc-start>
<allocation-stats totalBytes="204644152" >
  <allocated-bytes non-tlh="40" tlh="204644112" />
  <largest-consumer threadName="Thread-31" threadId="000000000145E300" bytes="24604432" />
</allocation-stats>
<gc-op id="5411" type="scavenge" timems="20.926" contextid="5408" timestamp="2019-08-09T18:07:21.639">
  <scavenger-info tenureage="14" tenuremask="4000" tiltratio="89" />
  <memory-copied type="nursery" objects="108141" bytes="4390120" bytesdiscarded="323480" />
  <memory-copied type="tenure" objects="381" bytes="9144" bytesdiscarded="0" />
</gc-op>
<heap-resize id="5412" type="expand" space="nursery" amount="9306112" count="1" timems="0.024" reason="excessive time being spent scavenging" timestamp="2019-08-09T18:07:21.639" />
<gc-end id="5413" type="scavenge" contextid="5408" durationms="21.149" usertimems="58.214" systemtimems="24.004" timestamp="2019-08-09T18:07:21.639" activeThreads="16">
  <mem-info id="5414" free="214909448" total="269877248" percent="79">
    <mem type="nursery" free="213062528" total="242089984" percent="88">
      <mem type="allocate" free="213062528" total="217776128" percent="97" />
      <mem type="survivor" free="0" total="24313856" percent="0" />
    </mem>
    <mem type="tenure" free="1846920" total="27787264" percent="6" macro-fragmented="1500163">
      <mem type="soa" free="1569416" total="27509760" percent="5" />
      <mem type="loa" free="277504" total="277504" percent="100" />
    </mem>
    <remembered-set count="7879" />
  </mem-info>
</gc-end>
<cycle-end id="5415" type="scavenge" contextid="5408" timestamp="2019-08-09T18:07:21.639" />
  <attribute name="elasticGC enabled" value="1" />
  <attribute name= "numThreadsSpecified" value="16" />
  <attribute name="heapSize specified" value="248250368" />
  <attribute name="Current GC Util" value="10" />
  <attribute name= "Current Time Running" value="177488" />
  <attribute name ="GC Interval" value="2409" />
  <attribute name="Target GC Util Change" value ="80.000000" />
  <attribute name="Current GC Util Change" value="10.000000"/>
  <attribute name="Current Error" value="343.000000" />
  <attribute name="Output H" value="260647216"/>
  <attribute name="Output I" value="2408"/>
  <attribute name="Output T" value="16"/>
  <attribute name= "Current Time Running" value="177488" />
  <attribute name="GC Util currently" value="10" />
  <attribute name="CPU Util currently" value="5018169782" />
<allocation-satisfied id="5416" threadId="000000000147C200" bytesRequested="40" />
<af-end id="5417" timestamp="2019-08-09T18:07:21.639" threadId="000000000147CB88" success="true" from="nursery"/>
<exclusive-end id="5418" timestamp="2019-08-09T18:07:21.639" durationms="21.487" />

<exclusive-start id="5419" timestamp="2019-08-09T18:07:21.891" intervalms="272.653">
  <response-info timems="2.074" idlems="2.074" threads="0" lastid="00000000014A5500" lastname="Thread-21" />
</exclusive-start>
<af-start id="5420" threadId="00000000014A5E88" totalBytesRequested="40" timestamp="2019-08-09T18:07:21.891" intervalms="272.656" type="nursery" />
<cycle-start id="5421" type="scavenge" contextid="0" timestamp="2019-08-09T18:07:21.891" intervalms="272.660" />
<gc-start id="5422" type="scavenge" contextid="5421" timestamp="2019-08-09T18:07:21.891">
  <mem-info id="5423" free="1846920" total="269877248" percent="0">
    <mem type="nursery" free="0" total="242089984" percent="0">
      <mem type="allocate" free="0" total="217776128" percent="0" />
      <mem type="survivor" free="0" total="24313856" percent="0" />
    </mem>
    <mem type="tenure" free="1846920" total="27787264" percent="6">
      <mem type="soa" free="1569416" total="27509760" percent="5" />
      <mem type="loa" free="277504" total="277504" percent="100" />
    </mem>
    <remembered-set count="8678" />
  </mem-info>
</gc-start>
<allocation-stats totalBytes="213057072" >
  <allocated-bytes non-tlh="40" tlh="213057032" />
  <largest-consumer threadName="Thread-28" threadId="000000000145A700" bytes="26311864" />
</allocation-stats>
<gc-op id="5424" type="scavenge" timems="1.703" contextid="5421" timestamp="2019-08-09T18:07:21.893">
  <scavenger-info tenureage="14" tenuremask="4000" tiltratio="89" />
  <memory-copied type="nursery" objects="40641" bytes="1526504" bytesdiscarded="88576" />
  <memory-copied type="tenure" objects="537" bytes="12888" bytesdiscarded="0" />
</gc-op>
<gc-end id="5425" type="scavenge" contextid="5421" durationms="2.708" usertimems="4.354" systemtimems="2.685" timestamp="2019-08-09T18:07:21.893" activeThreads="16">
  <mem-info id="5426" free="218073504" total="269877248" percent="80">
    <mem type="nursery" free="216226584" total="242089984" percent="89">
      <mem type="allocate" free="216226584" total="217841664" percent="99" />
      <mem type="survivor" free="0" total="24248320" percent="0" />
    </mem>
    <mem type="tenure" free="1846920" total="27787264" percent="6" macro-fragmented="0">
      <mem type="soa" free="1569416" total="27509760" percent="5" />
      <mem type="loa" free="277504" total="277504" percent="100" />
    </mem>
    <remembered-set count="8140" />
  </mem-info>
</gc-end>
<cycle-end id="5427" type="scavenge" contextid="5421" timestamp="2019-08-09T18:07:21.894" />
  <attribute name="elasticGC enabled" value="1" />
  <attribute name= "numThreadsSpecified" value="16" />
  <attribute name="heapSize specified" value="248250368" />
  <attribute name="Current GC Util" value="30" />
  <attribute name= "Current Time Running" value="177760" />
  <attribute name ="GC Interval" value="2465" />
  <attribute name="Target GC Util Change" value ="80.000000" />
  <attribute name="Current GC Util Change" value="30.000000"/>
  <attribute name="Current Error" value="393.000000" />
  <attribute name="Output H" value="269953384"/>
  <attribute name="Output I" value="2464"/>
  <attribute name="Output T" value="16"/>
  <attribute name= "Current Time Running" value="177760" />
  <attribute name="GC Util currently" value="30" />
  <attribute name="CPU Util currently" value="4227043199" />
<allocation-satisfied id="5428" threadId="00000000014A5500" bytesRequested="40" />
<af-end id="5429" timestamp="2019-08-09T18:07:21.894" threadId="00000000014A5E88" success="true" from="nursery"/>
<exclusive-end id="5430" timestamp="2019-08-09T18:07:21.894" durationms="2.977" />

===== DaCapo 9.12-MR1 sunflow PASSED in 12593 msec =====
Using scaled threading model. 16 processors detected, 16 threads used to drive the workload, in a possible range of [1,1000]
<exclusive-start id="5431" timestamp="2019-08-09T18:07:22.329" intervalms="438.717">
  <response-info timems="0.046" idlems="0.046" threads="0" lastid="0000000001164F00" lastname="main" />
</exclusive-start>
<sys-start reason="explicit" id="5432" timestamp="2019-08-09T18:07:22.329" intervalms="13116.407" />
<cycle-start id="5433" type="global" contextid="0" timestamp="2019-08-09T18:07:22.329" intervalms="4760.636" />
<gc-start id="5434" type="global" contextid="5433" timestamp="2019-08-09T18:07:22.330">
  <mem-info id="5435" free="115655168" total="269877248" percent="42">
    <mem type="nursery" free="113942640" total="242089984" percent="47">
      <mem type="allocate" free="113942640" total="217841664" percent="52" />
      <mem type="survivor" free="0" total="24248320" percent="0" />
    </mem>
    <mem type="tenure" free="1712528" total="27787264" percent="6">
      <mem type="soa" free="1435024" total="27509760" percent="5" />
      <mem type="loa" free="277504" total="277504" percent="100" />
    </mem>
    <remembered-set count="10367" />
  </mem-info>
</gc-start>
<allocation-stats totalBytes="102400272" >
  <allocated-bytes non-tlh="493472" tlh="101906800" />
  <largest-consumer threadName="main" threadId="0000000001164F00" bytes="11441624" />
</allocation-stats>
<gc-op id="5436" type="mark" timems="24.518" contextid="5433" timestamp="2019-08-09T18:07:22.354">
  <trace-info objectcount="622559" scancount="538372" scanbytes="14130444" />
  <finalization candidates="154" enqueued="1" />
  <ownableSynchronizers candidates="23" cleared="0" />
  <references type="soft" candidates="1945" cleared="7" enqueued="7" dynamicThreshold="4" maxThreshold="32" />
  <references type="weak" candidates="6205" cleared="96" enqueued="96" />
  <references type="phantom" candidates="367" cleared="10" enqueued="10" />
  <stringconstants candidates="15610" cleared="22"  />
</gc-op>
<gc-op id="5437" type="classunload" timems="0.019" contextid="5433" timestamp="2019-08-09T18:07:22.354">
  <classunload-info classloadercandidates="67" classloadersunloaded="0" classesunloaded="0" anonymousclassesunloaded="0" quiescems="0.000" setupms="0.018" scanms="0.001" postms="0.000" />
</gc-op>
<gc-op id="5438" type="sweep" timems="3.627" contextid="5433" timestamp="2019-08-09T18:07:22.358" />
<mem-info id="5439" free="222981480" total="269877248" percent="82">
  <mem type="nursery" free="216282552" total="242089984" percent="89">
    <mem type="allocate" free="216282552" total="217841664" percent="99" />
    <mem type="survivor" free="0" total="24248320" percent="0" />
  </mem>
  <mem type="tenure" free="6698928" total="27787264" percent="24" micro-fragmented="3677" macro-fragmented="0">
    <mem type="soa" free="6421424" total="27509760" percent="23" />
    <mem type="loa" free="277504" total="277504" percent="100" />
  </mem>
  <pending-finalizers system="1" default="0" reference="113" classloader="0" />
  <remembered-set count="1622" />
</mem-info>
<gc-op id="5440" type="compact" timems="32.365" contextid="5433" timestamp="2019-08-09T18:07:22.391">
  <compact-info movecount="26122" movebytes="4243032" reason="compact to aid heap contraction" />
</gc-op>
<heap-resize id="5441" type="expand" space="tenure" amount="131072" count="1" timems="0.022" reason="satisfy allocation request" timestamp="2019-08-09T18:07:22.391" />
<gc-end id="5442" type="global" contextid="5433" durationms="61.800" usertimems="98.816" systemtimems="0.000" timestamp="2019-08-09T18:07:22.391" activeThreads="16">
  <mem-info id="5443" free="223558120" total="270008320" percent="82">
    <mem type="nursery" free="216721008" total="242089984" percent="89">
      <mem type="allocate" free="216721008" total="217841664" percent="99" />
      <mem type="survivor" free="0" total="24248320" percent="0" />
    </mem>
    <mem type="tenure" free="6837112" total="27918336" percent="24">
      <mem type="soa" free="6558584" total="27639808" percent="23" />
      <mem type="loa" free="278528" total="278528" percent="100" />
    </mem>
    <pending-finalizers system="1" default="0" reference="113" classloader="0" />
    <remembered-set count="1622" />
  </mem-info>
</gc-end>
<cycle-end id="5444" type="global" contextid="5433" timestamp="2019-08-09T18:07:22.392" />
  <attribute name="elasticGC enabled" value="1" />
  <attribute name= "numThreadsSpecified" value="16" />
  <attribute name="heapSize specified" value="269877248" />
  <attribute name="Current GC Util" value="52" />
  <attribute name= "Current Time Running" value="178260" />
  <attribute name ="GC Interval" value="2465" />
  <attribute name="Target GC Util Change" value ="80.000000" />
  <attribute name="Current GC Util Change" value="52.000000"/>
  <attribute name="Current Error" value="-12.000000" />
  <attribute name="Output H" value="269952920"/>
  <attribute name="Output I" value="2000"/>
  <attribute name="Output T" value="16"/>
  <attribute name= "Current Time Running" value="178260" />
  <attribute name="GC Util currently" value="52" />
  <attribute name="CPU Util currently" value="35601591382" />
<sys-end id="5445" timestamp="2019-08-09T18:07:22.392" />
<exclusive-end id="5446" timestamp="2019-08-09T18:07:22.392" durationms="62.478" />

===== DaCapo 9.12-MR1 xalan starting =====
<exclusive-start id="5447" timestamp="2019-08-09T18:07:24.447" intervalms="2117.385">
  <response-info timems="0.940" idlems="0.940" threads="0" lastid="0000000001461F00" lastname="Thread-52" />
</exclusive-start>
<af-start id="5448" threadId="0000000001462888" totalBytesRequested="8200" timestamp="2019-08-09T18:07:24.447" intervalms="2556.433" type="nursery" />
<cycle-start id="5449" type="scavenge" contextid="0" timestamp="2019-08-09T18:07:24.447" intervalms="2556.448" />
<gc-start id="5450" type="scavenge" contextid="5449" timestamp="2019-08-09T18:07:24.447">
  <mem-info id="5451" free="6793952" total="270008320" percent="2">
    <mem type="nursery" free="0" total="242089984" percent="0">
      <mem type="allocate" free="0" total="217841664" percent="0" />
      <mem type="survivor" free="0" total="24248320" percent="0" />
    </mem>
    <mem type="tenure" free="6793952" total="27918336" percent="24">
      <mem type="soa" free="6515424" total="27639808" percent="23" />
      <mem type="loa" free="278528" total="278528" percent="100" />
    </mem>
    <remembered-set count="2321" />
  </mem-info>
</gc-start>
<allocation-stats totalBytes="216387624" >
  <allocated-bytes non-tlh="1125728" tlh="215261896" />
  <largest-consumer threadName="Thread-40" threadId="0000000001452F00" bytes="17657536" />
</allocation-stats>
<gc-op id="5452" type="scavenge" timems="4.953" contextid="5449" timestamp="2019-08-09T18:07:24.452">
  <scavenger-info tenureage="14" tenuremask="4000" tiltratio="89" />
  <memory-copied type="nursery" objects="45571" bytes="4936240" bytesdiscarded="329616" />
  <finalization candidates="7" enqueued="4" />
  <ownableSynchronizers candidates="46" cleared="46" />
  <references type="soft" candidates="116" cleared="0" enqueued="0" dynamicThreshold="7" maxThreshold="32" />
  <references type="weak" candidates="112" cleared="26" enqueued="22" />
  <references type="phantom" candidates="71" cleared="0" enqueued="0" />
</gc-op>
<gc-end id="5453" type="scavenge" contextid="5449" durationms="6.212" usertimems="16.006" systemtimems="0.133" timestamp="2019-08-09T18:07:24.453" activeThreads="16">
  <mem-info id="5454" free="219368424" total="270008320" percent="81">
    <mem type="nursery" free="212574472" total="242089984" percent="87">
      <mem type="allocate" free="212574472" total="217841664" percent="97" />
      <mem type="survivor" free="0" total="24248320" percent="0" />
    </mem>
    <mem type="tenure" free="6793952" total="27918336" percent="24" macro-fragmented="4479464">
      <mem type="soa" free="6515424" total="27639808" percent="23" />
      <mem type="loa" free="278528" total="278528" percent="100" />
    </mem>
    <pending-finalizers system="4" default="0" reference="22" classloader="0" />
    <remembered-set count="2198" />
  </mem-info>
</gc-end>
<cycle-end id="5455" type="scavenge" contextid="5449" timestamp="2019-08-09T18:07:24.454" />
  <attribute name="elasticGC enabled" value="1" />
  <attribute name= "numThreadsSpecified" value="16" />
  <attribute name="heapSize specified" value="269877248" />
  <attribute name="Current GC Util" value="1" />
  <attribute name= "Current Time Running" value="180317" />
  <attribute name ="GC Interval" value="2089" />
  <attribute name="Target GC Util Change" value ="80.000000" />
  <attribute name="Current GC Util Change" value="1.000000"/>
  <attribute name="Current Error" value="67.000000" />
  <attribute name="Output H" value="270084080"/>
  <attribute name="Output I" value="2088"/>
  <attribute name="Output T" value="16"/>
  <attribute name= "Current Time Running" value="180317" />
  <attribute name="GC Util currently" value="1" />
  <attribute name="CPU Util currently" value="5" />
<allocation-satisfied id="5456" threadId="0000000001461F00" bytesRequested="8200" />
<af-end id="5457" timestamp="2019-08-09T18:07:24.454" threadId="0000000001462888" success="true" from="nursery"/>
<exclusive-end id="5458" timestamp="2019-08-09T18:07:24.454" durationms="7.372" />

<exclusive-start id="5459" timestamp="2019-08-09T18:07:25.534" intervalms="1087.714">
  <response-info timems="2.057" idlems="0.417" threads="5" lastid="0000000001478600" lastname="Thread-41" />
</exclusive-start>
<af-start id="5460" threadId="000000000149AA88" totalBytesRequested="48" timestamp="2019-08-09T18:07:25.534" intervalms="1087.401" type="nursery" />
<cycle-start id="5461" type="scavenge" contextid="0" timestamp="2019-08-09T18:07:25.535" intervalms="1087.412" />
<gc-start id="5462" type="scavenge" contextid="5461" timestamp="2019-08-09T18:07:25.535">
  <mem-info id="5463" free="6793952" total="270008320" percent="2">
    <mem type="nursery" free="0" total="242089984" percent="0">
      <mem type="allocate" free="0" total="217841664" percent="0" />
      <mem type="survivor" free="0" total="24248320" percent="0" />
    </mem>
    <mem type="tenure" free="6793952" total="27918336" percent="24">
      <mem type="soa" free="6515424" total="27639808" percent="23" />
      <mem type="loa" free="278528" total="278528" percent="100" />
    </mem>
    <remembered-set count="2199" />
  </mem-info>
</gc-start>
<allocation-stats totalBytes="212264720" >
  <allocated-bytes non-tlh="8200" tlh="212256520" />
  <largest-consumer threadName="Thread-46" threadId="000000000147C200" bytes="19778568" />
</allocation-stats>
<gc-op id="5464" type="scavenge" timems="6.804" contextid="5461" timestamp="2019-08-09T18:07:25.542">
  <scavenger-info tenureage="14" tenuremask="4000" tiltratio="89" />
  <memory-copied type="nursery" objects="46069" bytes="5285896" bytesdiscarded="542712" />
  <finalization candidates="3" enqueued="0" />
  <references type="soft" candidates="116" cleared="0" enqueued="0" dynamicThreshold="7" maxThreshold="32" />
  <references type="weak" candidates="85" cleared="0" enqueued="0" />
  <references type="phantom" candidates="80" cleared="0" enqueued="0" />
</gc-op>
<gc-end id="5465" type="scavenge" contextid="5461" durationms="7.314" usertimems="26.793" systemtimems="0.000" timestamp="2019-08-09T18:07:25.542" activeThreads="16">
  <mem-info id="5466" free="218805696" total="270008320" percent="81">
    <mem type="nursery" free="212011744" total="242089984" percent="87">
      <mem type="allocate" free="212011744" total="217841664" percent="97" />
      <mem type="survivor" free="0" total="24248320" percent="0" />
    </mem>
    <mem type="tenure" free="6793952" total="27918336" percent="24" macro-fragmented="2592282">
      <mem type="soa" free="6515424" total="27639808" percent="23" />
      <mem type="loa" free="278528" total="278528" percent="100" />
    </mem>
    <remembered-set count="2194" />
  </mem-info>
</gc-end>
<cycle-end id="5467" type="scavenge" contextid="5461" timestamp="2019-08-09T18:07:25.543" />
  <attribute name="elasticGC enabled" value="1" />
  <attribute name= "numThreadsSpecified" value="16" />
  <attribute name="heapSize specified" value="269877248" />
  <attribute name="Current GC Util" value="1" />
  <attribute name= "Current Time Running" value="181404" />
  <attribute name ="GC Interval" value="2177" />
  <attribute name="Target GC Util Change" value ="80.000000" />
  <attribute name="Current GC Util Change" value="1.000000"/>
  <attribute name="Current Error" value="146.000000" />
  <attribute name="Output H" value="270084168"/>
  <attribute name="Output I" value="2176"/>
  <attribute name="Output T" value="16"/>
  <attribute name= "Current Time Running" value="181404" />
  <attribute name="GC Util currently" value="1" />
  <attribute name="CPU Util currently" value="1060095878" />
<allocation-satisfied id="5468" threadId="000000000149A100" bytesRequested="48" />
<af-end id="5469" timestamp="2019-08-09T18:07:25.543" threadId="000000000149AA88" success="true" from="nursery"/>
<exclusive-end id="5470" timestamp="2019-08-09T18:07:25.543" durationms="8.449" />

<exclusive-start id="5471" timestamp="2019-08-09T18:07:26.554" intervalms="1019.810">
  <response-info timems="14.283" idlems="14.283" threads="0" lastid="00000000014A1900" lastname="Thread-49" />
</exclusive-start>
<af-start id="5472" threadId="00000000014A2288" totalBytesRequested="48" timestamp="2019-08-09T18:07:26.554" intervalms="1019.790" type="nursery" />
<cycle-start id="5473" type="scavenge" contextid="0" timestamp="2019-08-09T18:07:26.554" intervalms="1019.762" />
<gc-start id="5474" type="scavenge" contextid="5473" timestamp="2019-08-09T18:07:26.554">
  <mem-info id="5475" free="6793952" total="270008320" percent="2">
    <mem type="nursery" free="0" total="242089984" percent="0">
      <mem type="allocate" free="0" total="217841664" percent="0" />
      <mem type="survivor" free="0" total="24248320" percent="0" />
    </mem>
    <mem type="tenure" free="6793952" total="27918336" percent="24">
      <mem type="soa" free="6515424" total="27639808" percent="23" />
      <mem type="loa" free="278528" total="278528" percent="100" />
    </mem>
    <remembered-set count="2194" />
  </mem-info>
</gc-start>
<allocation-stats totalBytes="211784784" >
  <allocated-bytes non-tlh="48" tlh="211784736" />
  <largest-consumer threadName="Thread-37" threadId="0000000001483A00" bytes="16316888" />
</allocation-stats>
<gc-op id="5476" type="scavenge" timems="8.678" contextid="5473" timestamp="2019-08-09T18:07:26.563">
  <scavenger-info tenureage="14" tenuremask="4000" tiltratio="89" />
  <memory-copied type="nursery" objects="45453" bytes="5127712" bytesdiscarded="229008" />
  <finalization candidates="3" enqueued="0" />
  <references type="soft" candidates="116" cleared="0" enqueued="0" dynamicThreshold="7" maxThreshold="32" />
  <references type="weak" candidates="89" cleared="0" enqueued="0" />
  <references type="phantom" candidates="84" cleared="0" enqueued="0" />
</gc-op>
<gc-end id="5477" type="scavenge" contextid="5473" durationms="9.029" usertimems="10.030" systemtimems="7.477" timestamp="2019-08-09T18:07:26.563" activeThreads="16">
  <mem-info id="5478" free="219277632" total="270008320" percent="81">
    <mem type="nursery" free="212483680" total="242089984" percent="87">
      <mem type="allocate" free="212483680" total="217841664" percent="97" />
      <mem type="survivor" free="0" total="24248320" percent="0" />
    </mem>
    <mem type="tenure" free="6793952" total="27918336" percent="24" macro-fragmented="0">
      <mem type="soa" free="6515424" total="27639808" percent="23" />
      <mem type="loa" free="278528" total="278528" percent="100" />
    </mem>
    <remembered-set count="825" />
  </mem-info>
</gc-end>
<cycle-end id="5479" type="scavenge" contextid="5473" timestamp="2019-08-09T18:07:26.564" />
  <attribute name="elasticGC enabled" value="1" />
  <attribute name= "numThreadsSpecified" value="16" />
  <attribute name="heapSize specified" value="269877248" />
  <attribute name="Current GC Util" value="1" />
  <attribute name= "Current Time Running" value="182424" />
  <attribute name ="GC Interval" value="2105" />
  <attribute name="Target GC Util Change" value ="80.000000" />
  <attribute name="Current GC Util Change" value="1.000000"/>
  <attribute name="Current Error" value="79.000000" />
  <attribute name="Output H" value="270084096"/>
  <attribute name="Output I" value="2104"/>
  <attribute name="Output T" value="16"/>
  <attribute name= "Current Time Running" value="182424" />
  <attribute name="GC Util currently" value="1" />
  <attribute name="CPU Util currently" value="1130777534" />
<allocation-satisfied id="5480" threadId="00000000014A1900" bytesRequested="48" />
<af-end id="5481" timestamp="2019-08-09T18:07:26.564" threadId="00000000014A2288" success="true" from="nursery"/>
<exclusive-end id="5482" timestamp="2019-08-09T18:07:26.564" durationms="10.032" />

<exclusive-start id="5483" timestamp="2019-08-09T18:07:27.066" intervalms="511.982">
  <response-info timems="3.039" idlems="1.036" threads="2" lastid="0000000001461F00" lastname="Thread-52" />
</exclusive-start>
<af-start id="5484" threadId="000000000146DB88" totalBytesRequested="32776" timestamp="2019-08-09T18:07:27.066" intervalms="512.004" type="nursery" />
<cycle-start id="5485" type="scavenge" contextid="0" timestamp="2019-08-09T18:07:27.066" intervalms="512.012" />
<gc-start id="5486" type="scavenge" contextid="5485" timestamp="2019-08-09T18:07:27.066">
  <mem-info id="5487" free="6793952" total="270008320" percent="2">
    <mem type="nursery" free="0" total="242089984" percent="0">
      <mem type="allocate" free="0" total="217841664" percent="0" />
      <mem type="survivor" free="0" total="24248320" percent="0" />
    </mem>
    <mem type="tenure" free="6793952" total="27918336" percent="24">
      <mem type="soa" free="6515424" total="27639808" percent="23" />
      <mem type="loa" free="278528" total="278528" percent="100" />
    </mem>
    <remembered-set count="825" />
  </mem-info>
</gc-start>
<allocation-stats totalBytes="212210704" >
  <allocated-bytes non-tlh="48" tlh="212210656" />
  <largest-consumer threadName="Thread-48" threadId="000000000149A100" bytes="21965008" />
</allocation-stats>
<gc-op id="5488" type="scavenge" timems="7.606" contextid="5485" timestamp="2019-08-09T18:07:27.074">
  <scavenger-info tenureage="3" tenuremask="4008" tiltratio="89" />
  <memory-copied type="nursery" objects="9362" bytes="3666960" bytesdiscarded="360944" />
  <memory-copied type="tenure" objects="37621" bytes="2063600" bytesdiscarded="2080" />
  <finalization candidates="3" enqueued="0" />
  <references type="phantom" candidates="13" cleared="0" enqueued="0" />
</gc-op>
<gc-end id="5489" type="scavenge" contextid="5485" durationms="8.153" usertimems="14.853" systemtimems="2.533" timestamp="2019-08-09T18:07:27.075" activeThreads="16">
  <mem-info id="5490" free="218264664" total="270008320" percent="80">
    <mem type="nursery" free="213813456" total="242089984" percent="88">
      <mem type="allocate" free="213813456" total="217841664" percent="98" />
      <mem type="survivor" free="0" total="24248320" percent="0" />
    </mem>
    <mem type="tenure" free="4451208" total="27918336" percent="15" macro-fragmented="3732887">
      <mem type="soa" free="4172680" total="27639808" percent="15" />
      <mem type="loa" free="278528" total="278528" percent="100" />
    </mem>
    <remembered-set count="434" />
  </mem-info>
</gc-end>
<cycle-end id="5491" type="scavenge" contextid="5485" timestamp="2019-08-09T18:07:27.076" />
  <attribute name="elasticGC enabled" value="1" />
  <attribute name= "numThreadsSpecified" value="16" />
  <attribute name="heapSize specified" value="269877248" />
  <attribute name="Current GC Util" value="3" />
  <attribute name= "Current Time Running" value="182936" />
  <attribute name ="GC Interval" value="2193" />
  <attribute name="Target GC Util Change" value ="80.000000" />
  <attribute name="Current GC Util Change" value="3.000000"/>
  <attribute name="Current Error" value="156.000000" />
  <attribute name="Output H" value="270084184"/>
  <attribute name="Output I" value="2192"/>
  <attribute name="Output T" value="16"/>
  <attribute name= "Current Time Running" value="182936" />
  <attribute name="GC Util currently" value="3" />
  <attribute name="CPU Util currently" value="2251691976" />
<allocation-satisfied id="5492" threadId="000000000146D200" bytesRequested="32776" />
<af-end id="5493" timestamp="2019-08-09T18:07:27.076" threadId="000000000146DB88" success="true" from="nursery"/>
<exclusive-end id="5494" timestamp="2019-08-09T18:07:27.076" durationms="9.403" />

<exclusive-start id="5495" timestamp="2019-08-09T18:07:27.722" intervalms="655.833">
  <response-info timems="27.432" idlems="27.432" threads="0" lastid="000000000148B200" lastname="Thread-47" />
</exclusive-start>
<af-start id="5496" threadId="000000000148BB88" totalBytesRequested="48" timestamp="2019-08-09T18:07:27.727" intervalms="660.783" type="nursery" />
<cycle-start id="5497" type="scavenge" contextid="0" timestamp="2019-08-09T18:07:27.727" intervalms="660.788" />
<gc-start id="5498" type="scavenge" contextid="5497" timestamp="2019-08-09T18:07:27.727">
  <mem-info id="5499" free="4451208" total="270008320" percent="1">
    <mem type="nursery" free="0" total="242089984" percent="0">
      <mem type="allocate" free="0" total="217841664" percent="0" />
      <mem type="survivor" free="0" total="24248320" percent="0" />
    </mem>
    <mem type="tenure" free="4451208" total="27918336" percent="15">
      <mem type="soa" free="4172680" total="27639808" percent="15" />
      <mem type="loa" free="278528" total="278528" percent="100" />
    </mem>
    <remembered-set count="1034" />
  </mem-info>
</gc-start>
<allocation-stats totalBytes="213641856" >
  <allocated-bytes non-tlh="32776" tlh="213609080" />
  <largest-consumer threadName="Thread-39" threadId="000000000149DD00" bytes="21301240" />
</allocation-stats>
<gc-op id="5500" type="scavenge" timems="75.522" contextid="5497" timestamp="2019-08-09T18:07:27.803">
  <scavenger-info tenureage="14" tenuremask="4000" tiltratio="89" />
  <memory-copied type="nursery" objects="10240" bytes="3915872" bytesdiscarded="385376" />
  <references type="phantom" candidates="13" cleared="0" enqueued="0" />
</gc-op>
<heap-resize id="5501" type="expand" space="nursery" amount="10878976" count="1" timems="0.024" reason="excessive time being spent scavenging" timestamp="2019-08-09T18:07:27.804" />
<gc-end id="5502" type="scavenge" contextid="5497" durationms="77.133" usertimems="138.022" systemtimems="83.599" timestamp="2019-08-09T18:07:27.804" activeThreads="16">
  <mem-info id="5503" free="227756192" total="280887296" percent="81">
    <mem type="nursery" free="223304984" total="252968960" percent="88">
      <mem type="allocate" free="223304984" total="227606528" percent="98" />
      <mem type="survivor" free="0" total="25362432" percent="0" />
    </mem>
    <mem type="tenure" free="4451208" total="27918336" percent="15" macro-fragmented="2592282">
      <mem type="soa" free="4172680" total="27639808" percent="15" />
      <mem type="loa" free="278528" total="278528" percent="100" />
    </mem>
    <remembered-set count="447" />
  </mem-info>
</gc-end>
<cycle-end id="5504" type="scavenge" contextid="5497" timestamp="2019-08-09T18:07:27.812" />
  <attribute name="elasticGC enabled" value="1" />
  <attribute name= "numThreadsSpecified" value="16" />
  <attribute name="heapSize specified" value="269877248" />
  <attribute name="Current GC Util" value="2" />
  <attribute name= "Current Time Running" value="183597" />
  <attribute name ="GC Interval" value="2281" />
  <attribute name="Target GC Util Change" value ="80.000000" />
  <attribute name="Current GC Util Change" value="2.000000"/>
  <attribute name="Current Error" value="234.000000" />
  <attribute name="Output H" value="270084272"/>
  <attribute name="Output I" value="2280"/>
  <attribute name="Output T" value="16"/>
  <attribute name= "Current Time Running" value="183597" />
  <attribute name="GC Util currently" value="2" />
  <attribute name="CPU Util currently" value="1744822164" />
<allocation-satisfied id="5505" threadId="000000000148B200" bytesRequested="48" />
<af-end id="5506" timestamp="2019-08-09T18:07:27.812" threadId="000000000148BB88" success="true" from="nursery"/>
<exclusive-end id="5507" timestamp="2019-08-09T18:07:27.812" durationms="90.139" />

<exclusive-start id="5508" timestamp="2019-08-09T18:07:28.431" intervalms="708.562">
  <response-info timems="0.799" idlems="0.799" threads="0" lastid="000000000148ED00" lastname="Thread-38" />
</exclusive-start>
<af-start id="5509" threadId="000000000148F688" totalBytesRequested="8200" timestamp="2019-08-09T18:07:28.431" intervalms="703.622" type="nursery" />
<cycle-start id="5510" type="scavenge" contextid="0" timestamp="2019-08-09T18:07:28.431" intervalms="703.618" />
<gc-start id="5511" type="scavenge" contextid="5510" timestamp="2019-08-09T18:07:28.431">
  <mem-info id="5512" free="4451208" total="280887296" percent="1">
    <mem type="nursery" free="0" total="252968960" percent="0">
      <mem type="allocate" free="0" total="227606528" percent="0" />
      <mem type="survivor" free="0" total="25362432" percent="0" />
    </mem>
    <mem type="tenure" free="4451208" total="27918336" percent="15">
      <mem type="soa" free="4172680" total="27639808" percent="15" />
      <mem type="loa" free="278528" total="278528" percent="100" />
    </mem>
    <remembered-set count="1028" />
  </mem-info>
</gc-start>
<allocation-stats totalBytes="223128224" >
  <allocated-bytes non-tlh="48" tlh="223128176" />
  <largest-consumer threadName="Thread-39" threadId="000000000149DD00" bytes="18987416" />
</allocation-stats>
<gc-op id="5513" type="scavenge" timems="8.380" contextid="5510" timestamp="2019-08-09T18:07:28.439">
  <scavenger-info tenureage="14" tenuremask="4000" tiltratio="89" />
  <memory-copied type="nursery" objects="9883" bytes="3838528" bytesdiscarded="155048" />
  <references type="phantom" candidates="10" cleared="0" enqueued="0" />
</gc-op>
<gc-end id="5514" type="scavenge" contextid="5510" durationms="8.861" usertimems="14.575" systemtimems="8.939" timestamp="2019-08-09T18:07:28.440" activeThreads="16">
  <mem-info id="5515" free="228129424" total="280887296" percent="81">
    <mem type="nursery" free="223678216" total="252968960" percent="88">
      <mem type="allocate" free="223678216" total="227672064" percent="98" />
      <mem type="survivor" free="0" total="25296896" percent="0" />
    </mem>
    <mem type="tenure" free="4451208" total="27918336" percent="15" macro-fragmented="1800196">
      <mem type="soa" free="4172680" total="27639808" percent="15" />
      <mem type="loa" free="278528" total="278528" percent="100" />
    </mem>
    <remembered-set count="389" />
  </mem-info>
</gc-end>
<cycle-end id="5516" type="scavenge" contextid="5510" timestamp="2019-08-09T18:07:28.442" />
  <attribute name="elasticGC enabled" value="1" />
  <attribute name= "numThreadsSpecified" value="16" />
  <attribute name="heapSize specified" value="269877248" />
  <attribute name="Current GC Util" value="14" />
  <attribute name= "Current Time Running" value="184300" />
  <attribute name ="GC Interval" value="2361" />
  <attribute name="Target GC Util Change" value ="80.000000" />
  <attribute name="Current GC Util Change" value="14.000000"/>
  <attribute name="Current Error" value="300.000000" />
  <attribute name="Output H" value="280963328"/>
  <attribute name="Output I" value="2360"/>
  <attribute name="Output T" value="16"/>
  <attribute name= "Current Time Running" value="184300" />
  <attribute name="GC Util currently" value="14" />
  <attribute name="CPU Util currently" value="1638522836" />
<allocation-satisfied id="5517" threadId="000000000148ED00" bytesRequested="8200" />
<af-end id="5518" timestamp="2019-08-09T18:07:28.442" threadId="000000000148F688" success="true" from="nursery"/>
<exclusive-end id="5519" timestamp="2019-08-09T18:07:28.442" durationms="11.071" />

<exclusive-start id="5520" timestamp="2019-08-09T18:07:28.946" intervalms="515.581">
  <response-info timems="3.687" idlems="1.987" threads="6" lastid="000000000149DD00" lastname="Thread-39" />
</exclusive-start>
<af-start id="5521" threadId="0000000001462888" totalBytesRequested="24" timestamp="2019-08-09T18:07:28.946" intervalms="515.573" type="nursery" />
<cycle-start id="5522" type="scavenge" contextid="0" timestamp="2019-08-09T18:07:28.946" intervalms="515.570" />
<gc-start id="5523" type="scavenge" contextid="5522" timestamp="2019-08-09T18:07:28.946">
  <mem-info id="5524" free="4451208" total="280887296" percent="1">
    <mem type="nursery" free="0" total="252968960" percent="0">
      <mem type="allocate" free="0" total="227672064" percent="0" />
      <mem type="survivor" free="0" total="25296896" percent="0" />
    </mem>
    <mem type="tenure" free="4451208" total="27918336" percent="15">
      <mem type="soa" free="4172680" total="27639808" percent="15" />
      <mem type="loa" free="278528" total="278528" percent="100" />
    </mem>
    <remembered-set count="979" />
  </mem-info>
</gc-start>
<allocation-stats totalBytes="223427152" >
  <allocated-bytes non-tlh="8200" tlh="223418952" />
  <largest-consumer threadName="Thread-44" threadId="0000000001492900" bytes="21023776" />
</allocation-stats>
<gc-op id="5525" type="scavenge" timems="3.028" contextid="5522" timestamp="2019-08-09T18:07:28.949">
  <scavenger-info tenureage="14" tenuremask="4000" tiltratio="90" />
  <memory-copied type="nursery" objects="9318" bytes="3816816" bytesdiscarded="513304" />
  <references type="phantom" candidates="13" cleared="0" enqueued="0" />
</gc-op>
<gc-end id="5526" type="scavenge" contextid="5522" durationms="3.415" usertimems="6.247" systemtimems="4.693" timestamp="2019-08-09T18:07:28.950" activeThreads="16">
  <mem-info id="5527" free="227792856" total="280887296" percent="81">
    <mem type="nursery" free="223341648" total="252968960" percent="88">
      <mem type="allocate" free="223341648" total="227672064" percent="98" />
      <mem type="survivor" free="0" total="25296896" percent="0" />
    </mem>
    <mem type="tenure" free="4451208" total="27918336" percent="15" macro-fragmented="2160235">
      <mem type="soa" free="4172680" total="27639808" percent="15" />
      <mem type="loa" free="278528" total="278528" percent="100" />
    </mem>
    <remembered-set count="393" />
  </mem-info>
</gc-end>
<cycle-end id="5528" type="scavenge" contextid="5522" timestamp="2019-08-09T18:07:28.951" />
  <attribute name="elasticGC enabled" value="1" />
  <attribute name= "numThreadsSpecified" value="16" />
  <attribute name="heapSize specified" value="269877248" />
  <attribute name="Current GC Util" value="2" />
  <attribute name= "Current Time Running" value="184816" />
  <attribute name ="GC Interval" value="2449" />
  <attribute name="Target GC Util Change" value ="80.000000" />
  <attribute name="Current GC Util Change" value="2.000000"/>
  <attribute name="Current Error" value="378.000000" />
  <attribute name="Output H" value="280963416"/>
  <attribute name="Output I" value="2448"/>
  <attribute name="Output T" value="16"/>
  <attribute name= "Current Time Running" value="184816" />
  <attribute name="GC Util currently" value="2" />
  <attribute name="CPU Util currently" value="2236210822" />
<allocation-satisfied id="5529" threadId="0000000001461F00" bytesRequested="24" />
<af-end id="5530" timestamp="2019-08-09T18:07:28.951" threadId="0000000001462888" success="true" from="nursery"/>
<exclusive-end id="5531" timestamp="2019-08-09T18:07:28.951" durationms="4.412" />

<exclusive-start id="5532" timestamp="2019-08-09T18:07:29.491" intervalms="544.720">
  <response-info timems="0.367" idlems="0.367" threads="0" lastid="0000000001492900" lastname="Thread-44" />
</exclusive-start>
<af-start id="5533" threadId="0000000001493288" totalBytesRequested="32776" timestamp="2019-08-09T18:07:29.491" intervalms="544.712" type="nursery" />
<cycle-start id="5534" type="scavenge" contextid="0" timestamp="2019-08-09T18:07:29.491" intervalms="544.712" />
<gc-start id="5535" type="scavenge" contextid="5534" timestamp="2019-08-09T18:07:29.491">
  <mem-info id="5536" free="4451208" total="280887296" percent="1">
    <mem type="nursery" free="0" total="252968960" percent="0">
      <mem type="allocate" free="0" total="227672064" percent="0" />
      <mem type="survivor" free="0" total="25296896" percent="0" />
    </mem>
    <mem type="tenure" free="4451208" total="27918336" percent="15">
      <mem type="soa" free="4172680" total="27639808" percent="15" />
      <mem type="loa" free="278528" total="278528" percent="100" />
    </mem>
    <remembered-set count="969" />
  </mem-info>
</gc-start>
<allocation-stats totalBytes="223106440" >
  <allocated-bytes non-tlh="8224" tlh="223098216" />
  <largest-consumer threadName="Thread-51" threadId="000000000146D200" bytes="23057368" />
</allocation-stats>
<gc-op id="5537" type="scavenge" timems="15.171" contextid="5534" timestamp="2019-08-09T18:07:29.506">
  <scavenger-info tenureage="14" tenuremask="4000" tiltratio="90" />
  <memory-copied type="nursery" objects="10091" bytes="3942832" bytesdiscarded="240120" />
  <references type="phantom" candidates="10" cleared="0" enqueued="0" />
</gc-op>
<gc-end id="5538" type="scavenge" contextid="5534" durationms="15.532" usertimems="22.444" systemtimems="5.370" timestamp="2019-08-09T18:07:29.507" activeThreads="16">
  <mem-info id="5539" free="227940048" total="280887296" percent="81">
    <mem type="nursery" free="223488840" total="252968960" percent="88">
      <mem type="allocate" free="223488840" total="227672064" percent="98" />
      <mem type="survivor" free="0" total="25296896" percent="0" />
    </mem>
    <mem type="tenure" free="4451208" total="27918336" percent="15" macro-fragmented="2592282">
      <mem type="soa" free="4172680" total="27639808" percent="15" />
      <mem type="loa" free="278528" total="278528" percent="100" />
    </mem>
    <remembered-set count="405" />
  </mem-info>
</gc-end>
<cycle-end id="5540" type="scavenge" contextid="5534" timestamp="2019-08-09T18:07:29.507" />
  <attribute name="elasticGC enabled" value="1" />
  <attribute name= "numThreadsSpecified" value="16" />
  <attribute name="heapSize specified" value="269877248" />
  <attribute name="Current GC Util" value="1" />
  <attribute name= "Current Time Running" value="185361" />
  <attribute name ="GC Interval" value="2537" />
  <attribute name="Target GC Util Change" value ="80.000000" />
  <attribute name="Current GC Util Change" value="1.000000"/>
  <attribute name="Current Error" value="457.000000" />
  <attribute name="Output H" value="280963504"/>
  <attribute name="Output I" value="2536"/>
  <attribute name="Output T" value="16"/>
  <attribute name= "Current Time Running" value="185361" />
  <attribute name="GC Util currently" value="1" />
  <attribute name="CPU Util currently" value="2116501341" />
<allocation-satisfied id="5541" threadId="0000000001492900" bytesRequested="32776" />
<af-end id="5542" timestamp="2019-08-09T18:07:29.507" threadId="0000000001493288" success="true" from="nursery"/>
<exclusive-end id="5543" timestamp="2019-08-09T18:07:29.507" durationms="16.071" />

<exclusive-start id="5544" timestamp="2019-08-09T18:07:30.129" intervalms="638.063">
  <response-info timems="2.375" idlems="2.375" threads="0" lastid="0000000001461F00" lastname="Thread-52" />
</exclusive-start>
<af-start id="5545" threadId="0000000001462888" totalBytesRequested="32776" timestamp="2019-08-09T18:07:30.129" intervalms="638.067" type="nursery" />
<cycle-start id="5546" type="scavenge" contextid="0" timestamp="2019-08-09T18:07:30.129" intervalms="638.071" />
<gc-start id="5547" type="scavenge" contextid="5546" timestamp="2019-08-09T18:07:30.129">
  <mem-info id="5548" free="4451208" total="280887296" percent="1">
    <mem type="nursery" free="0" total="252968960" percent="0">
      <mem type="allocate" free="0" total="227672064" percent="0" />
      <mem type="survivor" free="0" total="25296896" percent="0" />
    </mem>
    <mem type="tenure" free="4451208" total="27918336" percent="15">
      <mem type="soa" free="4172680" total="27639808" percent="15" />
      <mem type="loa" free="278528" total="278528" percent="100" />
    </mem>
    <remembered-set count="1000" />
  </mem-info>
</gc-start>
<allocation-stats totalBytes="223285640" >
  <allocated-bytes non-tlh="32776" tlh="223252864" />
  <largest-consumer threadName="Thread-43" threadId="0000000001465B00" bytes="18308096" />
</allocation-stats>
<gc-op id="5549" type="scavenge" timems="15.401" contextid="5546" timestamp="2019-08-09T18:07:30.145">
  <scavenger-info tenureage="14" tenuremask="4000" tiltratio="90" />
  <memory-copied type="nursery" objects="10389" bytes="3916528" bytesdiscarded="370728" />
  <references type="phantom" candidates="8" cleared="0" enqueued="0" />
</gc-op>
<gc-end id="5550" type="scavenge" contextid="5546" durationms="16.058" usertimems="34.326" systemtimems="15.370" timestamp="2019-08-09T18:07:30.145" activeThreads="16">
  <mem-info id="5551" free="227835752" total="280887296" percent="81">
    <mem type="nursery" free="223384544" total="252968960" percent="88">
      <mem type="allocate" free="223384544" total="227672064" percent="98" />
      <mem type="survivor" free="0" total="25296896" percent="0" />
    </mem>
    <mem type="tenure" free="4451208" total="27918336" percent="15" macro-fragmented="1800196">
      <mem type="soa" free="4172680" total="27639808" percent="15" />
      <mem type="loa" free="278528" total="278528" percent="100" />
    </mem>
    <remembered-set count="398" />
  </mem-info>
</gc-end>
<cycle-end id="5552" type="scavenge" contextid="5546" timestamp="2019-08-09T18:07:30.145" />
  <attribute name="elasticGC enabled" value="1" />
  <attribute name= "numThreadsSpecified" value="16" />
  <attribute name="heapSize specified" value="269877248" />
  <attribute name="Current GC Util" value="2" />
  <attribute name= "Current Time Running" value="185999" />
  <attribute name ="GC Interval" value="2105" />
  <attribute name="Target GC Util Change" value ="80.000000" />
  <attribute name="Current GC Util Change" value="2.000000"/>
  <attribute name="Current Error" value="78.000000" />
  <attribute name="Output H" value="280963072"/>
  <attribute name="Output I" value="2104"/>
  <attribute name="Output T" value="16"/>
  <attribute name= "Current Time Running" value="185999" />
  <attribute name="GC Util currently" value="2" />
  <attribute name="CPU Util currently" value="1806936015" />
<allocation-satisfied id="5553" threadId="0000000001461F00" bytesRequested="32776" />
<af-end id="5554" timestamp="2019-08-09T18:07:30.145" threadId="0000000001462888" success="true" from="nursery"/>
<exclusive-end id="5555" timestamp="2019-08-09T18:07:30.145" durationms="16.429" />

<exclusive-start id="5556" timestamp="2019-08-09T18:07:30.374" intervalms="244.620">
  <response-info timems="0.151" idlems="0.151" threads="0" lastid="000000000146D200" lastname="Thread-51" />
</exclusive-start>
<af-start id="5557" threadId="000000000146DB88" totalBytesRequested="2056" timestamp="2019-08-09T18:07:30.374" intervalms="244.612" type="nursery" />
<cycle-start id="5558" type="scavenge" contextid="0" timestamp="2019-08-09T18:07:30.374" intervalms="244.607" />
<gc-start id="5559" type="scavenge" contextid="5558" timestamp="2019-08-09T18:07:30.374">
  <mem-info id="5560" free="4451208" total="280887296" percent="1">
    <mem type="nursery" free="0" total="252968960" percent="0">
      <mem type="allocate" free="0" total="227672064" percent="0" />
      <mem type="survivor" free="0" total="25296896" percent="0" />
    </mem>
    <mem type="tenure" free="4451208" total="27918336" percent="15">
      <mem type="soa" free="4172680" total="27639808" percent="15" />
      <mem type="loa" free="278528" total="278528" percent="100" />
    </mem>
    <remembered-set count="987" />
  </mem-info>
</gc-start>
<allocation-stats totalBytes="223235872" >
  <allocated-bytes non-tlh="65552" tlh="223170320" />
  <largest-consumer threadName="Thread-46" threadId="000000000147C200" bytes="25589336" />
</allocation-stats>
<gc-op id="5561" type="scavenge" timems="2.570" contextid="5558" timestamp="2019-08-09T18:07:30.377">
  <scavenger-info tenureage="14" tenuremask="4000" tiltratio="90" />
  <memory-copied type="nursery" objects="10582" bytes="4120816" bytesdiscarded="374328" />
  <references type="phantom" candidates="11" cleared="0" enqueued="0" />
</gc-op>
<gc-end id="5562" type="scavenge" contextid="5558" durationms="3.313" usertimems="5.623" systemtimems="3.110" timestamp="2019-08-09T18:07:30.377" activeThreads="16">
  <mem-info id="5563" free="227627848" total="280887296" percent="81">
    <mem type="nursery" free="223176640" total="252968960" percent="88">
      <mem type="allocate" free="223176640" total="227672064" percent="98" />
      <mem type="survivor" free="0" total="25296896" percent="0" />
    </mem>
    <mem type="tenure" free="4451208" total="27918336" percent="15" macro-fragmented="2592282">
      <mem type="soa" free="4172680" total="27639808" percent="15" />
      <mem type="loa" free="278528" total="278528" percent="100" />
    </mem>
    <remembered-set count="393" />
  </mem-info>
</gc-end>
<cycle-end id="5564" type="scavenge" contextid="5558" timestamp="2019-08-09T18:07:30.377" />
  <attribute name="elasticGC enabled" value="1" />
  <attribute name= "numThreadsSpecified" value="16" />
  <attribute name="heapSize specified" value="269877248" />
  <attribute name="Current GC Util" value="13" />
  <attribute name= "Current Time Running" value="186244" />
  <attribute name ="GC Interval" value="2177" />
  <attribute name="Target GC Util Change" value ="80.000000" />
  <attribute name="Current GC Util Change" value="13.000000"/>
  <attribute name="Current Error" value="145.000000" />
  <attribute name="Output H" value="280963144"/>
  <attribute name="Output I" value="2176"/>
  <attribute name="Output T" value="16"/>
  <attribute name= "Current Time Running" value="186244" />
  <attribute name="GC Util currently" value="13" />
  <attribute name="CPU Util currently" value="4709057388" />
<allocation-satisfied id="5565" threadId="000000000146D200" bytesRequested="2056" />
<af-end id="5566" timestamp="2019-08-09T18:07:30.377" threadId="000000000146DB88" success="true" from="nursery"/>
<exclusive-end id="5567" timestamp="2019-08-09T18:07:30.377" durationms="3.664" />

<exclusive-start id="5568" timestamp="2019-08-09T18:07:30.586" intervalms="212.860">
  <response-info timems="2.178" idlems="0.569" threads="3" lastid="0000000001487600" lastname="Thread-50" />
</exclusive-start>
<af-start id="5569" threadId="0000000001493288" totalBytesRequested="40" timestamp="2019-08-09T18:07:30.587" intervalms="213.186" type="nursery" />
<cycle-start id="5570" type="scavenge" contextid="0" timestamp="2019-08-09T18:07:30.588" intervalms="214.062" />
<gc-start id="5571" type="scavenge" contextid="5570" timestamp="2019-08-09T18:07:30.588">
  <mem-info id="5572" free="4451208" total="280887296" percent="1">
    <mem type="nursery" free="0" total="252968960" percent="0">
      <mem type="allocate" free="0" total="227672064" percent="0" />
      <mem type="survivor" free="0" total="25296896" percent="0" />
    </mem>
    <mem type="tenure" free="4451208" total="27918336" percent="15">
      <mem type="soa" free="4172680" total="27639808" percent="15" />
      <mem type="loa" free="278528" total="278528" percent="100" />
    </mem>
    <remembered-set count="993" />
  </mem-info>
</gc-start>
<allocation-stats totalBytes="222965704" >
  <allocated-bytes non-tlh="2056" tlh="222963648" />
  <largest-consumer threadName="Thread-51" threadId="000000000146D200" bytes="20713136" />
</allocation-stats>
<gc-op id="5573" type="scavenge" timems="3.349" contextid="5570" timestamp="2019-08-09T18:07:30.591">
  <scavenger-info tenureage="14" tenuremask="4000" tiltratio="90" />
  <memory-copied type="nursery" objects="10300" bytes="3909912" bytesdiscarded="800312" />
  <references type="phantom" candidates="11" cleared="0" enqueued="0" />
</gc-op>
<gc-end id="5574" type="scavenge" contextid="5570" durationms="4.173" usertimems="12.573" systemtimems="3.270" timestamp="2019-08-09T18:07:30.592" activeThreads="16">
  <mem-info id="5575" free="227412768" total="280887296" percent="80">
    <mem type="nursery" free="222961560" total="252968960" percent="88">
      <mem type="allocate" free="222961560" total="227672064" percent="97" />
      <mem type="survivor" free="0" total="25296896" percent="0" />
    </mem>
    <mem type="tenure" free="4451208" total="27918336" percent="15" macro-fragmented="38112">
      <mem type="soa" free="4172680" total="27639808" percent="15" />
      <mem type="loa" free="278528" total="278528" percent="100" />
    </mem>
    <remembered-set count="407" />
  </mem-info>
</gc-end>
<cycle-end id="5576" type="scavenge" contextid="5570" timestamp="2019-08-09T18:07:30.592" />
  <attribute name="elasticGC enabled" value="1" />
  <attribute name= "numThreadsSpecified" value="16" />
  <attribute name="heapSize specified" value="269877248" />
  <attribute name="Current GC Util" value="3" />
  <attribute name= "Current Time Running" value="186458" />
  <attribute name ="GC Interval" value="2265" />
  <attribute name="Target GC Util Change" value ="80.000000" />
  <attribute name="Current GC Util Change" value="3.000000"/>
  <attribute name="Current Error" value="222.000000" />
  <attribute name="Output H" value="280963232"/>
  <attribute name="Output I" value="2264"/>
  <attribute name="Output T" value="16"/>
  <attribute name= "Current Time Running" value="186458" />
  <attribute name="GC Util currently" value="3" />
  <attribute name="CPU Util currently" value="5389288791" />
<allocation-satisfied id="5577" threadId="0000000001492900" bytesRequested="40" />
<af-end id="5578" timestamp="2019-08-09T18:07:30.592" threadId="0000000001493288" success="true" from="nursery"/>
<exclusive-end id="5579" timestamp="2019-08-09T18:07:30.592" durationms="5.823" />

<exclusive-start id="5580" timestamp="2019-08-09T18:07:30.845" intervalms="258.988">
  <response-info timems="21.926" idlems="10.978" threads="1" lastid="0000000001487600" lastname="Thread-50" />
</exclusive-start>
<af-start id="5581" threadId="000000000147CB88" totalBytesRequested="48" timestamp="2019-08-09T18:07:30.845" intervalms="258.664" type="nursery" />
<cycle-start id="5582" type="scavenge" contextid="0" timestamp="2019-08-09T18:07:30.846" intervalms="257.788" />
<gc-start id="5583" type="scavenge" contextid="5582" timestamp="2019-08-09T18:07:30.846">
  <mem-info id="5584" free="4451208" total="280887296" percent="1">
    <mem type="nursery" free="0" total="252968960" percent="0">
      <mem type="allocate" free="0" total="227672064" percent="0" />
      <mem type="survivor" free="0" total="25296896" percent="0" />
    </mem>
    <mem type="tenure" free="4451208" total="27918336" percent="15">
      <mem type="soa" free="4172680" total="27639808" percent="15" />
      <mem type="loa" free="278528" total="278528" percent="100" />
    </mem>
    <remembered-set count="993" />
  </mem-info>
</gc-start>
<allocation-stats totalBytes="222742328" >
  <allocated-bytes non-tlh="40" tlh="222742288" />
  <largest-consumer threadName="Thread-48" threadId="000000000149A100" bytes="22914832" />
</allocation-stats>
<gc-op id="5585" type="scavenge" timems="6.325" contextid="5582" timestamp="2019-08-09T18:07:30.852">
  <scavenger-info tenureage="14" tenuremask="4000" tiltratio="90" />
  <memory-copied type="nursery" objects="10903" bytes="4151720" bytesdiscarded="714688" />
  <references type="phantom" candidates="8" cleared="0" enqueued="0" />
</gc-op>
<gc-end id="5586" type="scavenge" contextid="5582" durationms="6.600" usertimems="11.625" systemtimems="3.991" timestamp="2019-08-09T18:07:30.852" activeThreads="16">
  <mem-info id="5587" free="227256608" total="280887296" percent="80">
    <mem type="nursery" free="222805400" total="252968960" percent="88">
      <mem type="allocate" free="222805400" total="227672064" percent="97" />
      <mem type="survivor" free="0" total="25296896" percent="0" />
    </mem>
    <mem type="tenure" free="4451208" total="27918336" percent="15" macro-fragmented="1800196">
      <mem type="soa" free="4172680" total="27639808" percent="15" />
      <mem type="loa" free="278528" total="278528" percent="100" />
    </mem>
    <remembered-set count="407" />
  </mem-info>
</gc-end>
<cycle-end id="5588" type="scavenge" contextid="5582" timestamp="2019-08-09T18:07:30.852" />
  <attribute name="elasticGC enabled" value="1" />
  <attribute name= "numThreadsSpecified" value="16" />
  <attribute name="heapSize specified" value="269877248" />
  <attribute name="Current GC Util" value="4" />
  <attribute name= "Current Time Running" value="186715" />
  <attribute name ="GC Interval" value="2353" />
  <attribute name="Target GC Util Change" value ="80.000000" />
  <attribute name="Current GC Util Change" value="4.000000"/>
  <attribute name="Current Error" value="298.000000" />
  <attribute name="Output H" value="280963320"/>
  <attribute name="Output I" value="2352"/>
  <attribute name="Output T" value="16"/>
  <attribute name= "Current Time Running" value="186715" />
  <attribute name="GC Util currently" value="4" />
  <attribute name="CPU Util currently" value="4473435508" />
<allocation-satisfied id="5589" threadId="000000000147C200" bytesRequested="48" />
<af-end id="5590" timestamp="2019-08-09T18:07:30.852" threadId="000000000147CB88" success="true" from="nursery"/>
<exclusive-end id="5591" timestamp="2019-08-09T18:07:30.852" durationms="6.937" />

<exclusive-start id="5592" timestamp="2019-08-09T18:07:31.149" intervalms="303.170">
  <response-info timems="0.744" idlems="0.392" threads="1" lastid="000000000149DD00" lastname="Thread-39" />
</exclusive-start>
<af-start id="5593" threadId="0000000001453888" totalBytesRequested="16392" timestamp="2019-08-09T18:07:31.149" intervalms="303.160" type="nursery" />
<cycle-start id="5594" type="scavenge" contextid="0" timestamp="2019-08-09T18:07:31.149" intervalms="303.155" />
<gc-start id="5595" type="scavenge" contextid="5594" timestamp="2019-08-09T18:07:31.149">
  <mem-info id="5596" free="4451208" total="280887296" percent="1">
    <mem type="nursery" free="0" total="252968960" percent="0">
      <mem type="allocate" free="0" total="227672064" percent="0" />
      <mem type="survivor" free="0" total="25296896" percent="0" />
    </mem>
    <mem type="tenure" free="4451208" total="27918336" percent="15">
      <mem type="soa" free="4172680" total="27639808" percent="15" />
      <mem type="loa" free="278528" total="278528" percent="100" />
    </mem>
    <remembered-set count="997" />
  </mem-info>
</gc-start>
<allocation-stats totalBytes="222482808" >
  <allocated-bytes non-tlh="48" tlh="222482760" />
  <largest-consumer threadName="Thread-51" threadId="000000000146D200" bytes="23414312" />
</allocation-stats>
<gc-op id="5597" type="scavenge" timems="6.478" contextid="5594" timestamp="2019-08-09T18:07:31.155">
  <scavenger-info tenureage="14" tenuremask="4000" tiltratio="90" />
  <memory-copied type="nursery" objects="9500" bytes="3748160" bytesdiscarded="628632" />
  <references type="phantom" candidates="11" cleared="0" enqueued="0" />
</gc-op>
<gc-end id="5598" type="scavenge" contextid="5594" durationms="6.775" usertimems="19.477" systemtimems="2.388" timestamp="2019-08-09T18:07:31.156" activeThreads="16">
  <mem-info id="5599" free="227746200" total="280887296" percent="81">
    <mem type="nursery" free="223294992" total="252968960" percent="88">
      <mem type="allocate" free="223294992" total="227672064" percent="98" />
      <mem type="survivor" free="0" total="25296896" percent="0" />
    </mem>
    <mem type="tenure" free="4451208" total="27918336" percent="15" macro-fragmented="3732887">
      <mem type="soa" free="4172680" total="27639808" percent="15" />
      <mem type="loa" free="278528" total="278528" percent="100" />
    </mem>
    <remembered-set count="397" />
  </mem-info>
</gc-end>
<cycle-end id="5600" type="scavenge" contextid="5594" timestamp="2019-08-09T18:07:31.156" />
  <attribute name="elasticGC enabled" value="1" />
  <attribute name= "numThreadsSpecified" value="16" />
  <attribute name="heapSize specified" value="269877248" />
  <attribute name="Current GC Util" value="3" />
  <attribute name= "Current Time Running" value="187018" />
  <attribute name ="GC Interval" value="2449" />
  <attribute name="Target GC Util Change" value ="80.000000" />
  <attribute name="Current GC Util Change" value="3.000000"/>
  <attribute name="Current Error" value="375.000000" />
  <attribute name="Output H" value="280963416"/>
  <attribute name="Output I" value="2448"/>
  <attribute name="Output T" value="16"/>
  <attribute name= "Current Time Running" value="187018" />
  <attribute name="GC Util currently" value="3" />
  <attribute name="CPU Util currently" value="3803394685" />
<allocation-satisfied id="5601" threadId="0000000001452F00" bytesRequested="16392" />
<af-end id="5602" timestamp="2019-08-09T18:07:31.156" threadId="0000000001453888" success="true" from="nursery"/>
<exclusive-end id="5603" timestamp="2019-08-09T18:07:31.156" durationms="7.146" />

<exclusive-start id="5604" timestamp="2019-08-09T18:07:31.468" intervalms="319.655">
  <response-info timems="0.391" idlems="0.200" threads="1" lastid="00000000014A1900" lastname="Thread-49" />
</exclusive-start>
<af-start id="5605" threadId="000000000146DB88" totalBytesRequested="8200" timestamp="2019-08-09T18:07:31.468" intervalms="319.815" type="nursery" />
<cycle-start id="5606" type="scavenge" contextid="0" timestamp="2019-08-09T18:07:31.469" intervalms="319.872" />
<gc-start id="5607" type="scavenge" contextid="5606" timestamp="2019-08-09T18:07:31.469">
  <mem-info id="5608" free="4451208" total="280887296" percent="1">
    <mem type="nursery" free="0" total="252968960" percent="0">
      <mem type="allocate" free="0" total="227672064" percent="0" />
      <mem type="survivor" free="0" total="25296896" percent="0" />
    </mem>
    <mem type="tenure" free="4451208" total="27918336" percent="15">
      <mem type="soa" free="4172680" total="27639808" percent="15" />
      <mem type="loa" free="278528" total="278528" percent="100" />
    </mem>
    <remembered-set count="984" />
  </mem-info>
</gc-start>
<allocation-stats totalBytes="223023304" >
  <allocated-bytes non-tlh="49168" tlh="222974136" />
  <largest-consumer threadName="Thread-52" threadId="0000000001461F00" bytes="22122240" />
</allocation-stats>
<gc-op id="5609" type="scavenge" timems="5.492" contextid="5606" timestamp="2019-08-09T18:07:31.474">
  <scavenger-info tenureage="14" tenuremask="4000" tiltratio="90" />
  <memory-copied type="nursery" objects="9545" bytes="3724344" bytesdiscarded="221592" />
  <references type="phantom" candidates="13" cleared="0" enqueued="0" />
</gc-op>
<gc-end id="5610" type="scavenge" contextid="5606" durationms="5.799" usertimems="6.753" systemtimems="3.646" timestamp="2019-08-09T18:07:31.474" activeThreads="16">
  <mem-info id="5611" free="228177040" total="280887296" percent="81">
    <mem type="nursery" free="223725832" total="252968960" percent="88">
      <mem type="allocate" free="223725832" total="227672064" percent="98" />
      <mem type="survivor" free="0" total="25296896" percent="0" />
    </mem>
    <mem type="tenure" free="4451208" total="27918336" percent="15" macro-fragmented="2160235">
      <mem type="soa" free="4172680" total="27639808" percent="15" />
      <mem type="loa" free="278528" total="278528" percent="100" />
    </mem>
    <remembered-set count="409" />
  </mem-info>
</gc-end>
<cycle-end id="5612" type="scavenge" contextid="5606" timestamp="2019-08-09T18:07:31.475" />
  <attribute name="elasticGC enabled" value="1" />
  <attribute name= "numThreadsSpecified" value="16" />
  <attribute name="heapSize specified" value="269877248" />
  <attribute name="Current GC Util" value="4" />
  <attribute name= "Current Time Running" value="187338" />
  <attribute name ="GC Interval" value="2529" />
  <attribute name="Target GC Util Change" value ="80.000000" />
  <attribute name="Current GC Util Change" value="4.000000"/>
  <attribute name="Current Error" value="451.000000" />
  <attribute name="Output H" value="280963496"/>
  <attribute name="Output I" value="2528"/>
  <attribute name="Output T" value="16"/>
  <attribute name= "Current Time Running" value="187338" />
  <attribute name="GC Util currently" value="4" />
  <attribute name="CPU Util currently" value="3603142094" />
<allocation-satisfied id="5613" threadId="000000000146D200" bytesRequested="8200" />
<af-end id="5614" timestamp="2019-08-09T18:07:31.475" threadId="000000000146DB88" success="true" from="nursery"/>
<exclusive-end id="5615" timestamp="2019-08-09T18:07:31.475" durationms="6.729" />

<exclusive-start id="5616" timestamp="2019-08-09T18:07:31.763" intervalms="294.736">
  <response-info timems="4.031" idlems="2.020" threads="1" lastid="0000000001487600" lastname="Thread-50" />
</exclusive-start>
<af-start id="5617" threadId="000000000149E688" totalBytesRequested="2008" timestamp="2019-08-09T18:07:31.763" intervalms="294.601" type="nursery" />
<cycle-start id="5618" type="scavenge" contextid="0" timestamp="2019-08-09T18:07:31.763" intervalms="294.544" />
<gc-start id="5619" type="scavenge" contextid="5618" timestamp="2019-08-09T18:07:31.763">
  <mem-info id="5620" free="4451208" total="280887296" percent="1">
    <mem type="nursery" free="0" total="252968960" percent="0">
      <mem type="allocate" free="0" total="227672064" percent="0" />
      <mem type="survivor" free="0" total="25296896" percent="0" />
    </mem>
    <mem type="tenure" free="4451208" total="27918336" percent="15">
      <mem type="soa" free="4172680" total="27639808" percent="15" />
      <mem type="loa" free="278528" total="278528" percent="100" />
    </mem>
    <remembered-set count="988" />
  </mem-info>
</gc-start>
<allocation-stats totalBytes="223496512" >
  <allocated-bytes non-tlh="8200" tlh="223488312" />
  <largest-consumer threadName="Thread-39" threadId="000000000149DD00" bytes="23415296" />
</allocation-stats>
<gc-op id="5621" type="scavenge" timems="2.432" contextid="5618" timestamp="2019-08-09T18:07:31.766">
  <scavenger-info tenureage="13" tenuremask="6000" tiltratio="90" />
  <memory-copied type="nursery" objects="9970" bytes="3851808" bytesdiscarded="503464" />
  <memory-copied type="tenure" objects="164" bytes="11744" bytesdiscarded="0" />
  <references type="phantom" candidates="6" cleared="0" enqueued="0" />
</gc-op>
<gc-end id="5622" type="scavenge" contextid="5618" durationms="2.811" usertimems="6.495" systemtimems="1.237" timestamp="2019-08-09T18:07:31.766" activeThreads="16">
  <mem-info id="5623" free="227751616" total="280887296" percent="81">
    <mem type="nursery" free="223316536" total="252968960" percent="88">
      <mem type="allocate" free="223316536" total="227672064" percent="98" />
      <mem type="survivor" free="0" total="25296896" percent="0" />
    </mem>
    <mem type="tenure" free="4435080" total="27918336" percent="15" macro-fragmented="100480">
      <mem type="soa" free="4156552" total="27639808" percent="15" />
      <mem type="loa" free="278528" total="278528" percent="100" />
    </mem>
    <remembered-set count="378" />
  </mem-info>
</gc-end>
<cycle-end id="5624" type="scavenge" contextid="5618" timestamp="2019-08-09T18:07:31.766" />
  <attribute name="elasticGC enabled" value="1" />
  <attribute name= "numThreadsSpecified" value="16" />
  <attribute name="heapSize specified" value="269877248" />
  <attribute name="Current GC Util" value="3" />
  <attribute name= "Current Time Running" value="187633" />
  <attribute name ="GC Interval" value="2097" />
  <attribute name="Target GC Util Change" value ="80.000000" />
  <attribute name="Current GC Util Change" value="3.000000"/>
  <attribute name="Current Error" value="77.000000" />
  <attribute name="Output H" value="280963064"/>
  <attribute name="Output I" value="2096"/>
  <attribute name="Output T" value="16"/>
  <attribute name= "Current Time Running" value="187633" />
  <attribute name="GC Util currently" value="3" />
  <attribute name="CPU Util currently" value="3915699325" />
<allocation-satisfied id="5625" threadId="000000000149DD00" bytesRequested="2008" />
<af-end id="5626" timestamp="2019-08-09T18:07:31.766" threadId="000000000149E688" success="true" from="nursery"/>
<exclusive-end id="5627" timestamp="2019-08-09T18:07:31.766" durationms="3.153" />

<exclusive-start id="5628" timestamp="2019-08-09T18:07:32.032" intervalms="268.761">
  <response-info timems="0.144" idlems="0.075" threads="1" lastid="0000000001465B00" lastname="Thread-43" />
</exclusive-start>
<af-start id="5629" threadId="0000000001484388" totalBytesRequested="16392" timestamp="2019-08-09T18:07:32.032" intervalms="268.744" type="nursery" />
<cycle-start id="5630" type="scavenge" contextid="0" timestamp="2019-08-09T18:07:32.032" intervalms="268.742" />
<gc-start id="5631" type="scavenge" contextid="5630" timestamp="2019-08-09T18:07:32.032">
  <mem-info id="5632" free="4435080" total="280887296" percent="1">
    <mem type="nursery" free="0" total="252968960" percent="0">
      <mem type="allocate" free="0" total="227672064" percent="0" />
      <mem type="survivor" free="0" total="25296896" percent="0" />
    </mem>
    <mem type="tenure" free="4435080" total="27918336" percent="15">
      <mem type="soa" free="4156552" total="27639808" percent="15" />
      <mem type="loa" free="278528" total="278528" percent="100" />
    </mem>
    <remembered-set count="956" />
  </mem-info>
</gc-start>
<allocation-stats totalBytes="223070336" >
  <allocated-bytes non-tlh="2008" tlh="223068328" />
  <largest-consumer threadName="Thread-48" threadId="000000000149A100" bytes="25550888" />
</allocation-stats>
<gc-op id="5633" type="scavenge" timems="15.283" contextid="5630" timestamp="2019-08-09T18:07:32.047">
  <scavenger-info tenureage="14" tenuremask="4000" tiltratio="90" />
  <memory-copied type="nursery" objects="9149" bytes="3628752" bytesdiscarded="353944" />
  <references type="phantom" candidates="8" cleared="0" enqueued="0" />
</gc-op>
<gc-end id="5634" type="scavenge" contextid="5630" durationms="15.620" usertimems="24.197" systemtimems="4.117" timestamp="2019-08-09T18:07:32.048" activeThreads="16">
  <mem-info id="5635" free="228124168" total="280887296" percent="81">
    <mem type="nursery" free="223689088" total="252968960" percent="88">
      <mem type="allocate" free="223689088" total="227672064" percent="98" />
      <mem type="survivor" free="0" total="25296896" percent="0" />
    </mem>
    <mem type="tenure" free="4435080" total="27918336" percent="15" macro-fragmented="2592282">
      <mem type="soa" free="4156552" total="27639808" percent="15" />
      <mem type="loa" free="278528" total="278528" percent="100" />
    </mem>
    <remembered-set count="375" />
  </mem-info>
</gc-end>
<cycle-end id="5636" type="scavenge" contextid="5630" timestamp="2019-08-09T18:07:32.048" />
  <attribute name="elasticGC enabled" value="1" />
  <attribute name= "numThreadsSpecified" value="16" />
  <attribute name="heapSize specified" value="269877248" />
  <attribute name="Current GC Util" value="2" />
  <attribute name= "Current Time Running" value="187902" />
  <attribute name ="GC Interval" value="2193" />
  <attribute name="Target GC Util Change" value ="80.000000" />
  <attribute name="Current GC Util Change" value="2.000000"/>
  <attribute name="Current Error" value="155.000000" />
  <attribute name="Output H" value="280963160"/>
  <attribute name="Output I" value="2192"/>
  <attribute name="Output T" value="16"/>
  <attribute name= "Current Time Running" value="187902" />
  <attribute name="GC Util currently" value="2" />
  <attribute name="CPU Util currently" value="4290272831" />
<allocation-satisfied id="5637" threadId="0000000001483A00" bytesRequested="16392" />
<af-end id="5638" timestamp="2019-08-09T18:07:32.048" threadId="0000000001484388" success="true" from="nursery"/>
<exclusive-end id="5639" timestamp="2019-08-09T18:07:32.048" durationms="15.968" />

<exclusive-start id="5640" timestamp="2019-08-09T18:07:32.385" intervalms="353.427">
  <response-info timems="9.470" idlems="3.221" threads="2" lastid="000000000148B200" lastname="Thread-47" />
</exclusive-start>
<af-start id="5641" threadId="0000000001462888" totalBytesRequested="16392" timestamp="2019-08-09T18:07:32.385" intervalms="353.429" type="nursery" />
<cycle-start id="5642" type="scavenge" contextid="0" timestamp="2019-08-09T18:07:32.385" intervalms="353.530" />
<gc-start id="5643" type="scavenge" contextid="5642" timestamp="2019-08-09T18:07:32.385">
  <mem-info id="5644" free="4435080" total="280887296" percent="1">
    <mem type="nursery" free="0" total="252968960" percent="0">
      <mem type="allocate" free="0" total="227672064" percent="0" />
      <mem type="survivor" free="0" total="25296896" percent="0" />
    </mem>
    <mem type="tenure" free="4435080" total="27918336" percent="15">
      <mem type="soa" free="4156552" total="27639808" percent="15" />
      <mem type="loa" free="278528" total="278528" percent="100" />
    </mem>
    <remembered-set count="974" />
  </mem-info>
</gc-start>
<allocation-stats totalBytes="223505648" >
  <allocated-bytes non-tlh="49168" tlh="223456480" />
  <largest-consumer threadName="Thread-41" threadId="0000000001478600" bytes="22560464" />
</allocation-stats>
<gc-op id="5645" type="scavenge" timems="4.089" contextid="5642" timestamp="2019-08-09T18:07:32.390">
  <scavenger-info tenureage="14" tenuremask="4000" tiltratio="90" />
  <memory-copied type="nursery" objects="10060" bytes="4005928" bytesdiscarded="386424" />
  <memory-copied type="tenure" objects="59" bytes="4032" bytesdiscarded="0" />
  <references type="phantom" candidates="1" cleared="0" enqueued="0" />
</gc-op>
<gc-end id="5646" type="scavenge" contextid="5642" durationms="5.508" usertimems="3.557" systemtimems="6.622" timestamp="2019-08-09T18:07:32.391" activeThreads="16">
  <mem-info id="5647" free="227698400" total="280887296" percent="81">
    <mem type="nursery" free="223279448" total="252968960" percent="88">
      <mem type="allocate" free="223279448" total="227672064" percent="98" />
      <mem type="survivor" free="0" total="25296896" percent="0" />
    </mem>
    <mem type="tenure" free="4418952" total="27918336" percent="15" macro-fragmented="0">
      <mem type="soa" free="4140424" total="27639808" percent="14" />
      <mem type="loa" free="278528" total="278528" percent="100" />
    </mem>
    <remembered-set count="366" />
  </mem-info>
</gc-end>
<cycle-end id="5648" type="scavenge" contextid="5642" timestamp="2019-08-09T18:07:32.391" />
  <attribute name="elasticGC enabled" value="1" />
  <attribute name= "numThreadsSpecified" value="16" />
  <attribute name="heapSize specified" value="269877248" />
  <attribute name="Current GC Util" value="4" />
  <attribute name= "Current Time Running" value="188255" />
  <attribute name ="GC Interval" value="2281" />
  <attribute name="Target GC Util Change" value ="80.000000" />
  <attribute name="Current GC Util Change" value="4.000000"/>
  <attribute name="Current Error" value="231.000000" />
  <attribute name="Output H" value="280963248"/>
  <attribute name="Output I" value="2280"/>
  <attribute name="Output T" value="16"/>
  <attribute name= "Current Time Running" value="188255" />
  <attribute name="GC Util currently" value="4" />
  <attribute name="CPU Util currently" value="3260792057" />
<allocation-satisfied id="5649" threadId="0000000001461F00" bytesRequested="16392" />
<af-end id="5650" timestamp="2019-08-09T18:07:32.391" threadId="0000000001462888" success="true" from="nursery"/>
<exclusive-end id="5651" timestamp="2019-08-09T18:07:32.391" durationms="6.056" />

<exclusive-start id="5652" timestamp="2019-08-09T18:07:32.765" intervalms="380.174">
  <response-info timems="7.993" idlems="7.993" threads="0" lastid="0000000001483A00" lastname="Thread-37" />
</exclusive-start>
<af-start id="5653" threadId="0000000001484388" totalBytesRequested="16392" timestamp="2019-08-09T18:07:32.765" intervalms="380.176" type="nursery" />
<cycle-start id="5654" type="scavenge" contextid="0" timestamp="2019-08-09T18:07:32.765" intervalms="380.082" />
<gc-start id="5655" type="scavenge" contextid="5654" timestamp="2019-08-09T18:07:32.766">
  <mem-info id="5656" free="4418952" total="280887296" percent="1">
    <mem type="nursery" free="0" total="252968960" percent="0">
      <mem type="allocate" free="0" total="227672064" percent="0" />
      <mem type="survivor" free="0" total="25296896" percent="0" />
    </mem>
    <mem type="tenure" free="4418952" total="27918336" percent="15">
      <mem type="soa" free="4140424" total="27639808" percent="14" />
      <mem type="loa" free="278528" total="278528" percent="100" />
    </mem>
    <remembered-set count="957" />
  </mem-info>
</gc-start>
<allocation-stats totalBytes="223052232" >
  <allocated-bytes non-tlh="16392" tlh="223035840" />
  <largest-consumer threadName="Thread-44" threadId="0000000001492900" bytes="19711576" />
</allocation-stats>
<gc-op id="5657" type="scavenge" timems="5.269" contextid="5654" timestamp="2019-08-09T18:07:32.771">
  <scavenger-info tenureage="14" tenuremask="4000" tiltratio="90" />
  <memory-copied type="nursery" objects="9456" bytes="3828672" bytesdiscarded="383032" />
  <memory-copied type="tenure" objects="7" bytes="720" bytesdiscarded="0" />
</gc-op>
<gc-end id="5658" type="scavenge" contextid="5654" durationms="5.495" usertimems="3.141" systemtimems="2.735" timestamp="2019-08-09T18:07:32.771" activeThreads="16">
  <mem-info id="5659" free="227879048" total="280887296" percent="81">
    <mem type="nursery" free="223460096" total="252968960" percent="88">
      <mem type="allocate" free="223460096" total="227672064" percent="98" />
      <mem type="survivor" free="0" total="25296896" percent="0" />
    </mem>
    <mem type="tenure" free="4418952" total="27918336" percent="15" macro-fragmented="2160235">
      <mem type="soa" free="4140424" total="27639808" percent="14" />
      <mem type="loa" free="278528" total="278528" percent="100" />
    </mem>
    <remembered-set count="360" />
  </mem-info>
</gc-end>
<cycle-end id="5660" type="scavenge" contextid="5654" timestamp="2019-08-09T18:07:32.771" />
  <attribute name="elasticGC enabled" value="1" />
  <attribute name= "numThreadsSpecified" value="16" />
  <attribute name="heapSize specified" value="269877248" />
  <attribute name="Current GC Util" value="2" />
  <attribute name= "Current Time Running" value="188635" />
  <attribute name ="GC Interval" value="2369" />
  <attribute name="Target GC Util Change" value ="80.000000" />
  <attribute name="Current GC Util Change" value="2.000000"/>
  <attribute name="Current Error" value="309.000000" />
  <attribute name="Output H" value="280963336"/>
  <attribute name="Output I" value="2368"/>
  <attribute name="Output T" value="16"/>
  <attribute name= "Current Time Running" value="188635" />
  <attribute name="GC Util currently" value="2" />
  <attribute name="CPU Util currently" value="3032114516" />
<allocation-satisfied id="5661" threadId="0000000001483A00" bytesRequested="16392" />
<af-end id="5662" timestamp="2019-08-09T18:07:32.771" threadId="0000000001484388" success="true" from="nursery"/>
<exclusive-end id="5663" timestamp="2019-08-09T18:07:32.771" durationms="5.872" />

<exclusive-start id="5664" timestamp="2019-08-09T18:07:32.993" intervalms="228.013">
  <response-info timems="0.213" idlems="0.077" threads="2" lastid="000000000147C200" lastname="Thread-46" />
</exclusive-start>
<af-start id="5665" threadId="000000000148BB88" totalBytesRequested="48" timestamp="2019-08-09T18:07:32.993" intervalms="228.017" type="nursery" />
<cycle-start id="5666" type="scavenge" contextid="0" timestamp="2019-08-09T18:07:32.993" intervalms="228.024" />
<gc-start id="5667" type="scavenge" contextid="5666" timestamp="2019-08-09T18:07:32.994">
  <mem-info id="5668" free="4418952" total="280887296" percent="1">
    <mem type="nursery" free="0" total="252968960" percent="0">
      <mem type="allocate" free="0" total="227672064" percent="0" />
      <mem type="survivor" free="0" total="25296896" percent="0" />
    </mem>
    <mem type="tenure" free="4418952" total="27918336" percent="15">
      <mem type="soa" free="4140424" total="27639808" percent="14" />
      <mem type="loa" free="278528" total="278528" percent="100" />
    </mem>
    <remembered-set count="956" />
  </mem-info>
</gc-start>
<allocation-stats totalBytes="223125408" >
  <allocated-bytes non-tlh="49168" tlh="223076240" />
  <largest-consumer threadName="Thread-43" threadId="0000000001465B00" bytes="21754992" />
</allocation-stats>
<gc-op id="5669" type="scavenge" timems="5.066" contextid="5666" timestamp="2019-08-09T18:07:32.999">
  <scavenger-info tenureage="14" tenuremask="4000" tiltratio="90" />
  <memory-copied type="nursery" objects="10104" bytes="3978528" bytesdiscarded="523688" />
  <memory-copied type="tenure" objects="7" bytes="744" bytesdiscarded="0" />
  <references type="phantom" candidates="4" cleared="0" enqueued="0" />
</gc-op>
<gc-end id="5670" type="scavenge" contextid="5666" durationms="5.443" usertimems="7.727" systemtimems="2.538" timestamp="2019-08-09T18:07:32.999" activeThreads="16">
  <mem-info id="5671" free="227572384" total="280887296" percent="81">
    <mem type="nursery" free="223169560" total="252968960" percent="88">
      <mem type="allocate" free="223169560" total="227672064" percent="98" />
      <mem type="survivor" free="0" total="25296896" percent="0" />
    </mem>
    <mem type="tenure" free="4402824" total="27918336" percent="15" macro-fragmented="0">
      <mem type="soa" free="4124296" total="27639808" percent="14" />
      <mem type="loa" free="278528" total="278528" percent="100" />
    </mem>
    <remembered-set count="365" />
  </mem-info>
</gc-end>
<cycle-end id="5672" type="scavenge" contextid="5666" timestamp="2019-08-09T18:07:32.999" />
  <attribute name="elasticGC enabled" value="1" />
  <attribute name= "numThreadsSpecified" value="16" />
  <attribute name="heapSize specified" value="269877248" />
  <attribute name="Current GC Util" value="2" />
  <attribute name= "Current Time Running" value="188864" />
  <attribute name ="GC Interval" value="2457" />
  <attribute name="Target GC Util Change" value ="80.000000" />
  <attribute name="Current GC Util Change" value="2.000000"/>
  <attribute name="Current Error" value="387.000000" />
  <attribute name="Output H" value="280963424"/>
  <attribute name="Output I" value="2456"/>
  <attribute name="Output T" value="16"/>
  <attribute name= "Current Time Running" value="188864" />
  <attribute name="GC Util currently" value="2" />
  <attribute name="CPU Util currently" value="5034773523" />
<allocation-satisfied id="5673" threadId="000000000148B200" bytesRequested="48" />
<af-end id="5674" timestamp="2019-08-09T18:07:32.999" threadId="000000000148BB88" success="true" from="nursery"/>
<exclusive-end id="5675" timestamp="2019-08-09T18:07:32.999" durationms="5.756" />

<exclusive-start id="5676" timestamp="2019-08-09T18:07:33.389" intervalms="395.238">
  <response-info timems="0.517" idlems="0.517" threads="0" lastid="000000000148B200" lastname="Thread-47" />
</exclusive-start>
<af-start id="5677" threadId="000000000148BB88" totalBytesRequested="24" timestamp="2019-08-09T18:07:33.389" intervalms="395.240" type="nursery" />
<cycle-start id="5678" type="scavenge" contextid="0" timestamp="2019-08-09T18:07:33.389" intervalms="395.238" />
<gc-start id="5679" type="scavenge" contextid="5678" timestamp="2019-08-09T18:07:33.389">
  <mem-info id="5680" free="4402824" total="280887296" percent="1">
    <mem type="nursery" free="0" total="252968960" percent="0">
      <mem type="allocate" free="0" total="227672064" percent="0" />
      <mem type="survivor" free="0" total="25296896" percent="0" />
    </mem>
    <mem type="tenure" free="4402824" total="27918336" percent="15">
      <mem type="soa" free="4124296" total="27639808" percent="14" />
      <mem type="loa" free="278528" total="278528" percent="100" />
    </mem>
    <remembered-set count="959" />
  </mem-info>
</gc-start>
<allocation-stats totalBytes="222942464" >
  <allocated-bytes non-tlh="48" tlh="222942416" />
  <largest-consumer threadName="Thread-38" threadId="000000000148ED00" bytes="19578384" />
</allocation-stats>
<gc-op id="5681" type="scavenge" timems="9.564" contextid="5678" timestamp="2019-08-09T18:07:33.398">
  <scavenger-info tenureage="4" tenuremask="4010" tiltratio="90" />
  <memory-copied type="nursery" objects="10343" bytes="4052440" bytesdiscarded="257648" />
  <memory-copied type="tenure" objects="14" bytes="1464" bytesdiscarded="0" />
  <references type="phantom" candidates="2" cleared="0" enqueued="0" />
</gc-op>
<gc-end id="5682" type="scavenge" contextid="5678" durationms="9.766" usertimems="18.298" systemtimems="2.147" timestamp="2019-08-09T18:07:33.399" activeThreads="16">
  <mem-info id="5683" free="227686960" total="280887296" percent="81">
    <mem type="nursery" free="223361704" total="252968960" percent="88">
      <mem type="allocate" free="223361704" total="227672064" percent="98" />
      <mem type="survivor" free="0" total="25296896" percent="0" />
    </mem>
    <mem type="tenure" free="4325256" total="27918336" percent="15" macro-fragmented="1800196">
      <mem type="soa" free="4046728" total="27639808" percent="14" />
      <mem type="loa" free="278528" total="278528" percent="100" />
    </mem>
    <remembered-set count="360" />
  </mem-info>
</gc-end>
<cycle-end id="5684" type="scavenge" contextid="5678" timestamp="2019-08-09T18:07:33.399" />
  <attribute name="elasticGC enabled" value="1" />
  <attribute name= "numThreadsSpecified" value="16" />
  <attribute name="heapSize specified" value="269877248" />
  <attribute name="Current GC Util" value="2" />
  <attribute name= "Current Time Running" value="189258" />
  <attribute name ="GC Interval" value="2545" />
  <attribute name="Target GC Util Change" value ="80.000000" />
  <attribute name="Current GC Util Change" value="2.000000"/>
  <attribute name="Current Error" value="465.000000" />
  <attribute name="Output H" value="280963512"/>
  <attribute name="Output I" value="2544"/>
  <attribute name="Output T" value="16"/>
  <attribute name= "Current Time Running" value="189258" />
  <attribute name="GC Util currently" value="2" />
  <attribute name="CPU Util currently" value="2925629492" />
<allocation-satisfied id="5685" threadId="000000000148B200" bytesRequested="24" />
<af-end id="5686" timestamp="2019-08-09T18:07:33.399" threadId="000000000148BB88" success="true" from="nursery"/>
<exclusive-end id="5687" timestamp="2019-08-09T18:07:33.399" durationms="10.082" />

<exclusive-start id="5688" timestamp="2019-08-09T18:07:33.654" intervalms="265.434">
  <response-info timems="0.967" idlems="0.967" threads="0" lastid="000000000148ED00" lastname="Thread-38" />
</exclusive-start>
<af-start id="5689" threadId="000000000148F688" totalBytesRequested="2056" timestamp="2019-08-09T18:07:33.655" intervalms="265.844" type="nursery" />
<cycle-start id="5690" type="scavenge" contextid="0" timestamp="2019-08-09T18:07:33.655" intervalms="265.841" />
<gc-start id="5691" type="scavenge" contextid="5690" timestamp="2019-08-09T18:07:33.655">
  <mem-info id="5692" free="4325256" total="280887296" percent="1">
    <mem type="nursery" free="0" total="252968960" percent="0">
      <mem type="allocate" free="0" total="227672064" percent="0" />
      <mem type="survivor" free="0" total="25296896" percent="0" />
    </mem>
    <mem type="tenure" free="4325256" total="27918336" percent="15">
      <mem type="soa" free="4046728" total="27639808" percent="14" />
      <mem type="loa" free="278528" total="278528" percent="100" />
    </mem>
    <remembered-set count="964" />
  </mem-info>
</gc-start>
<allocation-stats totalBytes="223150296" >
  <allocated-bytes non-tlh="24" tlh="223150272" />
  <largest-consumer threadName="Thread-52" threadId="0000000001461F00" bytes="22085600" />
</allocation-stats>
<gc-op id="5693" type="scavenge" timems="13.479" contextid="5690" timestamp="2019-08-09T18:07:33.668">
  <scavenger-info tenureage="4" tenuremask="4030" tiltratio="90" />
  <memory-copied type="nursery" objects="10038" bytes="4080728" bytesdiscarded="661128" />
  <memory-copied type="tenure" objects="14" bytes="1464" bytesdiscarded="0" />
  <references type="phantom" candidates="4" cleared="0" enqueued="0" />
</gc-op>
<gc-end id="5694" type="scavenge" contextid="5690" durationms="14.280" usertimems="24.001" systemtimems="0.675" timestamp="2019-08-09T18:07:33.669" activeThreads="16">
  <mem-info id="5695" free="227239048" total="280887296" percent="80">
    <mem type="nursery" free="222929920" total="252968960" percent="88">
      <mem type="allocate" free="222929920" total="227672064" percent="97" />
      <mem type="survivor" free="0" total="25296896" percent="0" />
    </mem>
    <mem type="tenure" free="4309128" total="27918336" percent="15" macro-fragmented="2160235">
      <mem type="soa" free="4030600" total="27639808" percent="14" />
      <mem type="loa" free="278528" total="278528" percent="100" />
    </mem>
    <remembered-set count="361" />
  </mem-info>
</gc-end>
<cycle-end id="5696" type="scavenge" contextid="5690" timestamp="2019-08-09T18:07:33.669" />
  <attribute name="elasticGC enabled" value="1" />
  <attribute name= "numThreadsSpecified" value="16" />
  <attribute name="heapSize specified" value="269877248" />
  <attribute name="Current GC Util" value="5" />
  <attribute name= "Current Time Running" value="189525" />
  <attribute name ="GC Interval" value="2097" />
  <attribute name="Target GC Util Change" value ="80.000000" />
  <attribute name="Current GC Util Change" value="5.000000"/>
  <attribute name="Current Error" value="75.000000" />
  <attribute name="Output H" value="280963064"/>
  <attribute name="Output I" value="2096"/>
  <attribute name="Output T" value="16"/>
  <attribute name= "Current Time Running" value="189525" />
  <attribute name="GC Util currently" value="5" />
  <attribute name="CPU Util currently" value="4325912209" />
<allocation-satisfied id="5697" threadId="000000000148ED00" bytesRequested="2056" />
<af-end id="5698" timestamp="2019-08-09T18:07:33.669" threadId="000000000148F688" success="true" from="nursery"/>
<exclusive-end id="5699" timestamp="2019-08-09T18:07:33.669" durationms="15.211" />

<exclusive-start id="5700" timestamp="2019-08-09T18:07:33.909" intervalms="255.126">
  <response-info timems="2.593" idlems="1.315" threads="1" lastid="000000000148B200" lastname="Thread-47" />
</exclusive-start>
<af-start id="5701" threadId="0000000001462888" totalBytesRequested="32776" timestamp="2019-08-09T18:07:33.909" intervalms="254.742" type="nursery" />
<cycle-start id="5702" type="scavenge" contextid="0" timestamp="2019-08-09T18:07:33.910" intervalms="254.954" />
<gc-start id="5703" type="scavenge" contextid="5702" timestamp="2019-08-09T18:07:33.910">
  <mem-info id="5704" free="4309128" total="280887296" percent="1">
    <mem type="nursery" free="0" total="252968960" percent="0">
      <mem type="allocate" free="0" total="227672064" percent="0" />
      <mem type="survivor" free="0" total="25296896" percent="0" />
    </mem>
    <mem type="tenure" free="4309128" total="27918336" percent="15">
      <mem type="soa" free="4030600" total="27639808" percent="14" />
      <mem type="loa" free="278528" total="278528" percent="100" />
    </mem>
    <remembered-set count="963" />
  </mem-info>
</gc-start>
<allocation-stats totalBytes="222695992" >
  <allocated-bytes non-tlh="10256" tlh="222685736" />
  <largest-consumer threadName="Thread-46" threadId="000000000147C200" bytes="24645832" />
</allocation-stats>
<gc-op id="5705" type="scavenge" timems="6.369" contextid="5702" timestamp="2019-08-09T18:07:33.916">
  <scavenger-info tenureage="6" tenuremask="4040" tiltratio="90" />
  <memory-copied type="nursery" objects="10014" bytes="3985656" bytesdiscarded="432280" />
  <memory-copied type="tenure" objects="15" bytes="1624" bytesdiscarded="0" />
  <references type="phantom" candidates="2" cleared="0" enqueued="0" />
</gc-op>
<gc-end id="5706" type="scavenge" contextid="5702" durationms="7.065" usertimems="9.757" systemtimems="4.408" timestamp="2019-08-09T18:07:33.917" activeThreads="16">
  <mem-info id="5707" free="227562976" total="280887296" percent="81">
    <mem type="nursery" free="223253848" total="252968960" percent="88">
      <mem type="allocate" free="223253848" total="227672064" percent="98" />
      <mem type="survivor" free="0" total="25296896" percent="0" />
    </mem>
    <mem type="tenure" free="4309128" total="27918336" percent="15" macro-fragmented="3732887">
      <mem type="soa" free="4030600" total="27639808" percent="14" />
      <mem type="loa" free="278528" total="278528" percent="100" />
    </mem>
    <remembered-set count="346" />
  </mem-info>
</gc-end>
<cycle-end id="5708" type="scavenge" contextid="5702" timestamp="2019-08-09T18:07:33.917" />
  <attribute name="elasticGC enabled" value="1" />
  <attribute name= "numThreadsSpecified" value="16" />
  <attribute name="heapSize specified" value="269877248" />
  <attribute name="Current GC Util" value="4" />
  <attribute name= "Current Time Running" value="189779" />
  <attribute name ="GC Interval" value="2185" />
  <attribute name="Target GC Util Change" value ="80.000000" />
  <attribute name="Current GC Util Change" value="4.000000"/>
  <attribute name="Current Error" value="151.000000" />
  <attribute name="Output H" value="280963152"/>
  <attribute name="Output I" value="2184"/>
  <attribute name="Output T" value="16"/>
  <attribute name= "Current Time Running" value="189779" />
  <attribute name="GC Util currently" value="4" />
  <attribute name="CPU Util currently" value="4532125862" />
<allocation-satisfied id="5709" threadId="0000000001461F00" bytesRequested="32776" />
<af-end id="5710" timestamp="2019-08-09T18:07:33.917" threadId="0000000001462888" success="true" from="nursery"/>
<exclusive-end id="5711" timestamp="2019-08-09T18:07:33.917" durationms="8.051" />

<exclusive-start id="5712" timestamp="2019-08-09T18:07:34.555" intervalms="646.139">
  <response-info timems="11.525" idlems="11.525" threads="0" lastid="0000000001487600" lastname="Thread-50" />
</exclusive-start>
<af-start id="5713" threadId="0000000001487F88" totalBytesRequested="8200" timestamp="2019-08-09T18:07:34.555" intervalms="646.114" type="nursery" />
<cycle-start id="5714" type="scavenge" contextid="0" timestamp="2019-08-09T18:07:34.555" intervalms="645.904" />
<gc-start id="5715" type="scavenge" contextid="5714" timestamp="2019-08-09T18:07:34.555">
  <mem-info id="5716" free="4309128" total="280887296" percent="1">
    <mem type="nursery" free="0" total="252968960" percent="0">
      <mem type="allocate" free="0" total="227672064" percent="0" />
      <mem type="survivor" free="0" total="25296896" percent="0" />
    </mem>
    <mem type="tenure" free="4309128" total="27918336" percent="15">
      <mem type="soa" free="4030600" total="27639808" percent="14" />
      <mem type="loa" free="278528" total="278528" percent="100" />
    </mem>
    <remembered-set count="957" />
  </mem-info>
</gc-start>
<allocation-stats totalBytes="222951640" >
  <allocated-bytes non-tlh="32776" tlh="222918864" />
  <largest-consumer threadName="Thread-45" threadId="0000000001496500" bytes="19809120" />
</allocation-stats>
<gc-op id="5717" type="scavenge" timems="9.588" contextid="5714" timestamp="2019-08-09T18:07:34.565">
  <scavenger-info tenureage="7" tenuremask="4080" tiltratio="90" />
  <memory-copied type="nursery" objects="9108" bytes="3538304" bytesdiscarded="242856" />
  <memory-copied type="tenure" objects="6" bytes="624" bytesdiscarded="0" />
  <references type="weak" candidates="1" cleared="0" enqueued="0" />
  <references type="phantom" candidates="4" cleared="0" enqueued="0" />
</gc-op>
<gc-end id="5718" type="scavenge" contextid="5714" durationms="13.743" usertimems="20.269" systemtimems="0.000" timestamp="2019-08-09T18:07:34.569" activeThreads="16">
  <mem-info id="5719" free="228183632" total="280887296" percent="81">
    <mem type="nursery" free="223890632" total="252968960" percent="88">
      <mem type="allocate" free="223890632" total="227672064" percent="98" />
      <mem type="survivor" free="0" total="25296896" percent="0" />
    </mem>
    <mem type="tenure" free="4293000" total="27918336" percent="15" macro-fragmented="2160235">
      <mem type="soa" free="4014472" total="27639808" percent="14" />
      <mem type="loa" free="278528" total="278528" percent="100" />
    </mem>
    <remembered-set count="343" />
  </mem-info>
</gc-end>
<cycle-end id="5720" type="scavenge" contextid="5714" timestamp="2019-08-09T18:07:34.569" />
  <attribute name="elasticGC enabled" value="1" />
  <attribute name= "numThreadsSpecified" value="16" />
  <attribute name="heapSize specified" value="269877248" />
  <attribute name="Current GC Util" value="1" />
  <attribute name= "Current Time Running" value="190425" />
  <attribute name ="GC Interval" value="2281" />
  <attribute name="Target GC Util Change" value ="80.000000" />
  <attribute name="Current GC Util Change" value="1.000000"/>
  <attribute name="Current Error" value="230.000000" />
  <attribute name="Output H" value="280963248"/>
  <attribute name="Output I" value="2280"/>
  <attribute name="Output T" value="16"/>
  <attribute name= "Current Time Running" value="190425" />
  <attribute name="GC Util currently" value="1" />
  <attribute name="CPU Util currently" value="1785169160" />
<allocation-satisfied id="5721" threadId="0000000001487600" bytesRequested="8200" />
<af-end id="5722" timestamp="2019-08-09T18:07:34.569" threadId="0000000001487F88" success="true" from="nursery"/>
<exclusive-end id="5723" timestamp="2019-08-09T18:07:34.569" durationms="14.118" />

<exclusive-start id="5724" timestamp="2019-08-09T18:07:34.949" intervalms="394.173">
  <response-info timems="4.743" idlems="1.226" threads="3" lastid="000000000148B200" lastname="Thread-47" />
</exclusive-start>
<af-start id="5725" threadId="000000000144C088" totalBytesRequested="2056" timestamp="2019-08-09T18:07:34.950" intervalms="394.204" type="nursery" />
<cycle-start id="5726" type="scavenge" contextid="0" timestamp="2019-08-09T18:07:34.950" intervalms="394.225" />
<gc-start id="5727" type="scavenge" contextid="5726" timestamp="2019-08-09T18:07:34.950">
  <mem-info id="5728" free="4293000" total="280887296" percent="1">
    <mem type="nursery" free="0" total="252968960" percent="0">
      <mem type="allocate" free="0" total="227672064" percent="0" />
      <mem type="survivor" free="0" total="25296896" percent="0" />
    </mem>
    <mem type="tenure" free="4293000" total="27918336" percent="15">
      <mem type="soa" free="4014472" total="27639808" percent="14" />
      <mem type="loa" free="278528" total="278528" percent="100" />
    </mem>
    <remembered-set count="967" />
  </mem-info>
</gc-start>
<allocation-stats totalBytes="223642224" >
  <allocated-bytes non-tlh="8200" tlh="223634024" />
  <largest-consumer threadName="Thread-52" threadId="0000000001461F00" bytes="26322560" />
</allocation-stats>
<gc-op id="5729" type="scavenge" timems="5.449" contextid="5726" timestamp="2019-08-09T18:07:34.955">
  <scavenger-info tenureage="8" tenuremask="4100" tiltratio="90" />
  <memory-copied type="nursery" objects="9372" bytes="3864496" bytesdiscarded="320496" />
  <memory-copied type="tenure" objects="5" bytes="504" bytesdiscarded="0" />
  <references type="phantom" candidates="3" cleared="0" enqueued="0" />
</gc-op>
<gc-end id="5730" type="scavenge" contextid="5726" durationms="5.869" usertimems="12.412" systemtimems="6.077" timestamp="2019-08-09T18:07:34.956" activeThreads="16">
  <mem-info id="5731" free="227763656" total="280887296" percent="81">
    <mem type="nursery" free="223486784" total="252968960" percent="88">
      <mem type="allocate" free="223486784" total="227672064" percent="98" />
      <mem type="survivor" free="0" total="25296896" percent="0" />
    </mem>
    <mem type="tenure" free="4276872" total="27918336" percent="15" macro-fragmented="2160235">
      <mem type="soa" free="3998344" total="27639808" percent="14" />
      <mem type="loa" free="278528" total="278528" percent="100" />
    </mem>
    <remembered-set count="356" />
  </mem-info>
</gc-end>
<cycle-end id="5732" type="scavenge" contextid="5726" timestamp="2019-08-09T18:07:34.956" />
  <attribute name="elasticGC enabled" value="1" />
  <attribute name= "numThreadsSpecified" value="16" />
  <attribute name="heapSize specified" value="269877248" />
  <attribute name="Current GC Util" value="1" />
  <attribute name= "Current Time Running" value="190820" />
  <attribute name ="GC Interval" value="2369" />
  <attribute name="Target GC Util Change" value ="80.000000" />
  <attribute name="Current GC Util Change" value="1.000000"/>
  <attribute name="Current Error" value="309.000000" />
  <attribute name="Output H" value="280963336"/>
  <attribute name="Output I" value="2368"/>
  <attribute name="Output T" value="16"/>
  <attribute name= "Current Time Running" value="190820" />
  <attribute name="GC Util currently" value="1" />
  <attribute name="CPU Util currently" value="2922462902" />
<allocation-satisfied id="5733" threadId="000000000144B700" bytesRequested="2056" />
<af-end id="5734" timestamp="2019-08-09T18:07:34.956" threadId="000000000144C088" success="true" from="nursery"/>
<exclusive-end id="5735" timestamp="2019-08-09T18:07:34.956" durationms="6.686" />

<exclusive-start id="5736" timestamp="2019-08-09T18:07:35.247" intervalms="297.925">
  <response-info timems="3.117" idlems="1.446" threads="5" lastid="0000000001496500" lastname="Thread-45" />
</exclusive-start>
<af-start id="5737" threadId="0000000001453888" totalBytesRequested="48" timestamp="2019-08-09T18:07:35.248" intervalms="298.056" type="nursery" />
<cycle-start id="5738" type="scavenge" contextid="0" timestamp="2019-08-09T18:07:35.248" intervalms="298.289" />
<gc-start id="5739" type="scavenge" contextid="5738" timestamp="2019-08-09T18:07:35.248">
  <mem-info id="5740" free="4276872" total="280887296" percent="1">
    <mem type="nursery" free="0" total="252968960" percent="0">
      <mem type="allocate" free="0" total="227672064" percent="0" />
      <mem type="survivor" free="0" total="25296896" percent="0" />
    </mem>
    <mem type="tenure" free="4276872" total="27918336" percent="15">
      <mem type="soa" free="3998344" total="27639808" percent="14" />
      <mem type="loa" free="278528" total="278528" percent="100" />
    </mem>
    <remembered-set count="966" />
  </mem-info>
</gc-start>
<allocation-stats totalBytes="223260008" >
  <allocated-bytes non-tlh="2056" tlh="223257952" />
  <largest-consumer threadName="Thread-40" threadId="0000000001452F00" bytes="25945384" />
</allocation-stats>
<gc-op id="5741" type="scavenge" timems="7.551" contextid="5738" timestamp="2019-08-09T18:07:35.256">
  <scavenger-info tenureage="9" tenuremask="4200" tiltratio="90" />
  <memory-copied type="nursery" objects="9479" bytes="3632728" bytesdiscarded="626832" />
  <memory-copied type="tenure" objects="35" bytes="3520" bytesdiscarded="0" />
  <references type="phantom" candidates="4" cleared="0" enqueued="0" />
</gc-op>
<gc-end id="5742" type="scavenge" contextid="5738" durationms="8.266" usertimems="18.280" systemtimems="5.747" timestamp="2019-08-09T18:07:35.256" activeThreads="16">
  <mem-info id="5743" free="227541632" total="280887296" percent="81">
    <mem type="nursery" free="223412216" total="252968960" percent="88">
      <mem type="allocate" free="223412216" total="227672064" percent="98" />
      <mem type="survivor" free="0" total="25296896" percent="0" />
    </mem>
    <mem type="tenure" free="4129416" total="27918336" percent="14" macro-fragmented="81140">
      <mem type="soa" free="3850888" total="27639808" percent="13" />
      <mem type="loa" free="278528" total="278528" percent="100" />
    </mem>
    <remembered-set count="345" />
  </mem-info>
</gc-end>
<cycle-end id="5744" type="scavenge" contextid="5738" timestamp="2019-08-09T18:07:35.256" />
  <attribute name="elasticGC enabled" value="1" />
  <attribute name= "numThreadsSpecified" value="16" />
  <attribute name="heapSize specified" value="269877248" />
  <attribute name="Current GC Util" value="4" />
  <attribute name= "Current Time Running" value="191118" />
  <attribute name ="GC Interval" value="2457" />
  <attribute name="Target GC Util Change" value ="80.000000" />
  <attribute name="Current GC Util Change" value="4.000000"/>
  <attribute name="Current Error" value="385.000000" />
  <attribute name="Output H" value="280963424"/>
  <attribute name="Output I" value="2456"/>
  <attribute name="Output T" value="16"/>
  <attribute name= "Current Time Running" value="191118" />
  <attribute name="GC Util currently" value="4" />
  <attribute name="CPU Util currently" value="3868259405" />
<allocation-satisfied id="5745" threadId="0000000001452F00" bytesRequested="48" />
<af-end id="5746" timestamp="2019-08-09T18:07:35.256" threadId="0000000001453888" success="true" from="nursery"/>
<exclusive-end id="5747" timestamp="2019-08-09T18:07:35.256" durationms="9.096" />

<exclusive-start id="5748" timestamp="2019-08-09T18:07:35.561" intervalms="313.387">
  <response-info timems="0.223" idlems="0.223" threads="0" lastid="000000000144B700" lastname="Thread-42" />
</exclusive-start>
<af-start id="5749" threadId="000000000144C088" totalBytesRequested="8200" timestamp="2019-08-09T18:07:35.561" intervalms="313.316" type="nursery" />
<cycle-start id="5750" type="scavenge" contextid="0" timestamp="2019-08-09T18:07:35.561" intervalms="313.220" />
<gc-start id="5751" type="scavenge" contextid="5750" timestamp="2019-08-09T18:07:35.561">
  <mem-info id="5752" free="4129416" total="280887296" percent="1">
    <mem type="nursery" free="0" total="252968960" percent="0">
      <mem type="allocate" free="0" total="227672064" percent="0" />
      <mem type="survivor" free="0" total="25296896" percent="0" />
    </mem>
    <mem type="tenure" free="4129416" total="27918336" percent="14">
      <mem type="soa" free="3850888" total="27639808" percent="13" />
      <mem type="loa" free="278528" total="278528" percent="100" />
    </mem>
    <remembered-set count="958" />
  </mem-info>
</gc-start>
<allocation-stats totalBytes="223210936" >
  <allocated-bytes non-tlh="48" tlh="223210888" />
  <largest-consumer threadName="Thread-52" threadId="0000000001461F00" bytes="29001944" />
</allocation-stats>
<gc-op id="5753" type="scavenge" timems="15.218" contextid="5750" timestamp="2019-08-09T18:07:35.577">
  <scavenger-info tenureage="10" tenuremask="4400" tiltratio="90" />
  <memory-copied type="nursery" objects="9988" bytes="3863216" bytesdiscarded="647064" />
  <memory-copied type="tenure" objects="7" bytes="728" bytesdiscarded="0" />
  <references type="weak" candidates="1" cleared="0" enqueued="0" />
  <references type="phantom" candidates="1" cleared="0" enqueued="0" />
</gc-op>
<gc-end id="5754" type="scavenge" contextid="5750" durationms="16.006" usertimems="22.738" systemtimems="17.441" timestamp="2019-08-09T18:07:35.577" activeThreads="16">
  <mem-info id="5755" free="227290944" total="280887296" percent="80">
    <mem type="nursery" free="223161528" total="252968960" percent="88">
      <mem type="allocate" free="223161528" total="227672064" percent="98" />
      <mem type="survivor" free="0" total="25296896" percent="0" />
    </mem>
    <mem type="tenure" free="4129416" total="27918336" percent="14" macro-fragmented="2592282">
      <mem type="soa" free="3850888" total="27639808" percent="13" />
      <mem type="loa" free="278528" total="278528" percent="100" />
    </mem>
    <remembered-set count="335" />
  </mem-info>
</gc-end>
<cycle-end id="5756" type="scavenge" contextid="5750" timestamp="2019-08-09T18:07:35.578" />
  <attribute name="elasticGC enabled" value="1" />
  <attribute name= "numThreadsSpecified" value="16" />
  <attribute name="heapSize specified" value="269877248" />
  <attribute name="Current GC Util" value="4" />
  <attribute name= "Current Time Running" value="191431" />
  <attribute name ="GC Interval" value="2545" />
  <attribute name="Target GC Util Change" value ="80.000000" />
  <attribute name="Current GC Util Change" value="4.000000"/>
  <attribute name="Current Error" value="461.000000" />
  <attribute name="Output H" value="280963512"/>
  <attribute name="Output I" value="2544"/>
  <attribute name="Output T" value="16"/>
  <attribute name= "Current Time Running" value="191431" />
  <attribute name="GC Util currently" value="4" />
  <attribute name="CPU Util currently" value="3680530280" />
<allocation-satisfied id="5757" threadId="000000000144B700" bytesRequested="8200" />
<af-end id="5758" timestamp="2019-08-09T18:07:35.578" threadId="000000000144C088" success="true" from="nursery"/>
<exclusive-end id="5759" timestamp="2019-08-09T18:07:35.578" durationms="16.950" />

<exclusive-start id="5760" timestamp="2019-08-09T18:07:35.760" intervalms="199.660">
  <response-info timems="0.215" idlems="0.065" threads="3" lastid="000000000144B700" lastname="Thread-42" />
</exclusive-start>
<af-start id="5761" threadId="000000000149E688" totalBytesRequested="32776" timestamp="2019-08-09T18:07:35.761" intervalms="199.560" type="nursery" />
<cycle-start id="5762" type="scavenge" contextid="0" timestamp="2019-08-09T18:07:35.761" intervalms="199.399" />
<gc-start id="5763" type="scavenge" contextid="5762" timestamp="2019-08-09T18:07:35.761">
  <mem-info id="5764" free="4129416" total="280887296" percent="1">
    <mem type="nursery" free="0" total="252968960" percent="0">
      <mem type="allocate" free="0" total="227672064" percent="0" />
      <mem type="survivor" free="0" total="25296896" percent="0" />
    </mem>
    <mem type="tenure" free="4129416" total="27918336" percent="14">
      <mem type="soa" free="3850888" total="27639808" percent="13" />
      <mem type="loa" free="278528" total="278528" percent="100" />
    </mem>
    <remembered-set count="965" />
  </mem-info>
</gc-start>
<allocation-stats totalBytes="222972256" >
  <allocated-bytes non-tlh="8200" tlh="222964056" />
  <largest-consumer threadName="Thread-52" threadId="0000000001461F00" bytes="26332952" />
</allocation-stats>
<gc-op id="5765" type="scavenge" timems="9.887" contextid="5762" timestamp="2019-08-09T18:07:35.771">
  <scavenger-info tenureage="11" tenuremask="4800" tiltratio="90" />
  <memory-copied type="nursery" objects="10033" bytes="3874376" bytesdiscarded="573408" />
  <memory-copied type="tenure" objects="14" bytes="1424" bytesdiscarded="0" />
  <references type="weak" candidates="1" cleared="0" enqueued="0" />
  <references type="phantom" candidates="2" cleared="0" enqueued="0" />
</gc-op>
<gc-end id="5766" type="scavenge" contextid="5762" durationms="10.407" usertimems="12.821" systemtimems="13.577" timestamp="2019-08-09T18:07:35.771" activeThreads="16">
  <mem-info id="5767" free="227353432" total="280887296" percent="80">
    <mem type="nursery" free="223224016" total="252968960" percent="88">
      <mem type="allocate" free="223224016" total="227672064" percent="98" />
      <mem type="survivor" free="0" total="25296896" percent="0" />
    </mem>
    <mem type="tenure" free="4129416" total="27918336" percent="14" macro-fragmented="2160235">
      <mem type="soa" free="3850888" total="27639808" percent="13" />
      <mem type="loa" free="278528" total="278528" percent="100" />
    </mem>
    <remembered-set count="345" />
  </mem-info>
</gc-end>
<cycle-end id="5768" type="scavenge" contextid="5762" timestamp="2019-08-09T18:07:35.771" />
  <attribute name="elasticGC enabled" value="1" />
  <attribute name= "numThreadsSpecified" value="16" />
  <attribute name="heapSize specified" value="269877248" />
  <attribute name="Current GC Util" value="12" />
  <attribute name= "Current Time Running" value="191630" />
  <attribute name ="GC Interval" value="2089" />
  <attribute name="Target GC Util Change" value ="80.000000" />
  <attribute name="Current GC Util Change" value="12.000000"/>
  <attribute name="Current Error" value="68.000000" />
  <attribute name="Output H" value="280963056"/>
  <attribute name="Output I" value="2088"/>
  <attribute name="Output T" value="16"/>
  <attribute name= "Current Time Running" value="191630" />
  <attribute name="GC Util currently" value="12" />
  <attribute name="CPU Util currently" value="5783893665" />
<allocation-satisfied id="5769" threadId="000000000149DD00" bytesRequested="32776" />
<af-end id="5770" timestamp="2019-08-09T18:07:35.771" threadId="000000000149E688" success="true" from="nursery"/>
<exclusive-end id="5771" timestamp="2019-08-09T18:07:35.771" durationms="10.868" />

<exclusive-start id="5772" timestamp="2019-08-09T18:07:35.973" intervalms="212.732">
  <response-info timems="0.265" idlems="0.265" threads="0" lastid="000000000144B700" lastname="Thread-42" />
</exclusive-start>
<af-start id="5773" threadId="000000000144C088" totalBytesRequested="8200" timestamp="2019-08-09T18:07:35.973" intervalms="212.752" type="nursery" />
<cycle-start id="5774" type="scavenge" contextid="0" timestamp="2019-08-09T18:07:35.973" intervalms="212.751" />
<gc-start id="5775" type="scavenge" contextid="5774" timestamp="2019-08-09T18:07:35.973">
  <mem-info id="5776" free="4129416" total="280887296" percent="1">
    <mem type="nursery" free="0" total="252968960" percent="0">
      <mem type="allocate" free="0" total="227672064" percent="0" />
      <mem type="survivor" free="0" total="25296896" percent="0" />
    </mem>
    <mem type="tenure" free="4129416" total="27918336" percent="14">
      <mem type="soa" free="3850888" total="27639808" percent="13" />
      <mem type="loa" free="278528" total="278528" percent="100" />
    </mem>
    <remembered-set count="963" />
  </mem-info>
</gc-start>
<allocation-stats totalBytes="223115776" >
  <allocated-bytes non-tlh="32776" tlh="223083000" />
  <largest-consumer threadName="Thread-52" threadId="0000000001461F00" bytes="24995880" />
</allocation-stats>
<gc-op id="5777" type="scavenge" timems="7.545" contextid="5774" timestamp="2019-08-09T18:07:35.981">
  <scavenger-info tenureage="12" tenuremask="5000" tiltratio="90" />
  <memory-copied type="nursery" objects="10259" bytes="3879080" bytesdiscarded="203376" />
  <memory-copied type="tenure" objects="2" bytes="216" bytesdiscarded="0" />
  <references type="weak" candidates="1" cleared="0" enqueued="0" />
  <references type="phantom" candidates="1" cleared="0" enqueued="0" />
</gc-op>
<gc-end id="5778" type="scavenge" contextid="5774" durationms="7.951" usertimems="11.752" systemtimems="5.914" timestamp="2019-08-09T18:07:35.981" activeThreads="16">
  <mem-info id="5779" free="227718776" total="280887296" percent="81">
    <mem type="nursery" free="223589360" total="252968960" percent="88">
      <mem type="allocate" free="223589360" total="227672064" percent="98" />
      <mem type="survivor" free="0" total="25296896" percent="0" />
    </mem>
    <mem type="tenure" free="4129416" total="27918336" percent="14" macro-fragmented="2592282">
      <mem type="soa" free="3850888" total="27639808" percent="13" />
      <mem type="loa" free="278528" total="278528" percent="100" />
    </mem>
    <remembered-set count="314" />
  </mem-info>
</gc-end>
<cycle-end id="5780" type="scavenge" contextid="5774" timestamp="2019-08-09T18:07:35.981" />
  <attribute name="elasticGC enabled" value="1" />
  <attribute name= "numThreadsSpecified" value="16" />
  <attribute name="heapSize specified" value="269877248" />
  <attribute name="Current GC Util" value="9" />
  <attribute name= "Current Time Running" value="191843" />
  <attribute name ="GC Interval" value="2169" />
  <attribute name="Target GC Util Change" value ="80.000000" />
  <attribute name="Current GC Util Change" value="9.000000"/>
  <attribute name="Current Error" value="139.000000" />
  <attribute name="Output H" value="280963136"/>
  <attribute name="Output I" value="2168"/>
  <attribute name="Output T" value="16"/>
  <attribute name= "Current Time Running" value="191843" />
  <attribute name="GC Util currently" value="9" />
  <attribute name="CPU Util currently" value="5419460568" />
<allocation-satisfied id="5781" threadId="000000000144B700" bytesRequested="8200" />
<af-end id="5782" timestamp="2019-08-09T18:07:35.982" threadId="000000000144C088" success="true" from="nursery"/>
<exclusive-end id="5783" timestamp="2019-08-09T18:07:35.982" durationms="8.351" />

<exclusive-start id="5784" timestamp="2019-08-09T18:07:36.130" intervalms="157.255">
  <response-info timems="23.428" idlems="23.428" threads="0" lastid="000000000148ED00" lastname="Thread-38" />
</exclusive-start>
<af-start id="5785" threadId="000000000148F688" totalBytesRequested="2056" timestamp="2019-08-09T18:07:36.134" intervalms="160.305" type="nursery" />
<cycle-start id="5786" type="scavenge" contextid="0" timestamp="2019-08-09T18:07:36.134" intervalms="160.317" />
<gc-start id="5787" type="scavenge" contextid="5786" timestamp="2019-08-09T18:07:36.134">
  <mem-info id="5788" free="4129416" total="280887296" percent="1">
    <mem type="nursery" free="0" total="252968960" percent="0">
      <mem type="allocate" free="0" total="227672064" percent="0" />
      <mem type="survivor" free="0" total="25296896" percent="0" />
    </mem>
    <mem type="tenure" free="4129416" total="27918336" percent="14">
      <mem type="soa" free="3850888" total="27639808" percent="13" />
      <mem type="loa" free="278528" total="278528" percent="100" />
    </mem>
    <remembered-set count="961" />
  </mem-info>
</gc-start>
<allocation-stats totalBytes="223261736" >
  <allocated-bytes non-tlh="8200" tlh="223253536" />
  <largest-consumer threadName="Thread-52" threadId="0000000001461F00" bytes="27145224" />
</allocation-stats>
<gc-op id="5789" type="scavenge" timems="14.791" contextid="5786" timestamp="2019-08-09T18:07:36.148">
  <scavenger-info tenureage="13" tenuremask="6000" tiltratio="90" />
  <memory-copied type="nursery" objects="9550" bytes="3837424" bytesdiscarded="350776" />
  <memory-copied type="tenure" objects="6" bytes="2464" bytesdiscarded="0" />
  <references type="phantom" candidates="3" cleared="0" enqueued="0" />
</gc-op>
<heap-resize id="5790" type="expand" space="nursery" amount="13500416" count="1" timems="0.022" reason="excessive time being spent scavenging" timestamp="2019-08-09T18:07:36.149" />
<gc-end id="5791" type="scavenge" contextid="5786" durationms="15.454" usertimems="21.394" systemtimems="8.113" timestamp="2019-08-09T18:07:36.149" activeThreads="16">
  <mem-info id="5792" free="239737152" total="294387712" percent="81">
    <mem type="nursery" free="235607736" total="266469376" percent="88">
      <mem type="allocate" free="235607736" total="239796224" percent="98" />
      <mem type="survivor" free="0" total="26673152" percent="0" />
    </mem>
    <mem type="tenure" free="4129416" total="27918336" percent="14" macro-fragmented="0">
      <mem type="soa" free="3850888" total="27639808" percent="13" />
      <mem type="loa" free="278528" total="278528" percent="100" />
    </mem>
    <remembered-set count="335" />
  </mem-info>
</gc-end>
<cycle-end id="5793" type="scavenge" contextid="5786" timestamp="2019-08-09T18:07:36.149" />
  <attribute name="elasticGC enabled" value="1" />
  <attribute name= "numThreadsSpecified" value="16" />
  <attribute name="heapSize specified" value="269877248" />
  <attribute name="Current GC Util" value="8" />
  <attribute name= "Current Time Running" value="192003" />
  <attribute name ="GC Interval" value="2257" />
  <attribute name="Target GC Util Change" value ="80.000000" />
  <attribute name="Current GC Util Change" value="8.000000"/>
  <attribute name="Current Error" value="211.000000" />
  <attribute name="Output H" value="280963224"/>
  <attribute name="Output I" value="2256"/>
  <attribute name="Output T" value="16"/>
  <attribute name= "Current Time Running" value="192003" />
  <attribute name="GC Util currently" value="8" />
  <attribute name="CPU Util currently" value="7192285110" />
<allocation-satisfied id="5794" threadId="000000000148ED00" bytesRequested="2056" />
<af-end id="5795" timestamp="2019-08-09T18:07:36.149" threadId="000000000148F688" success="true" from="nursery"/>
<exclusive-end id="5796" timestamp="2019-08-09T18:07:36.149" durationms="18.852" />

<exclusive-start id="5797" timestamp="2019-08-09T18:07:36.275" intervalms="144.936">
  <response-info timems="2.428" idlems="1.256" threads="1" lastid="000000000149DD00" lastname="Thread-39" />
</exclusive-start>
<af-start id="5798" threadId="00000000014A2288" totalBytesRequested="16392" timestamp="2019-08-09T18:07:36.275" intervalms="141.891" type="nursery" />
<cycle-start id="5799" type="scavenge" contextid="0" timestamp="2019-08-09T18:07:36.275" intervalms="141.876" />
<gc-start id="5800" type="scavenge" contextid="5799" timestamp="2019-08-09T18:07:36.276">
  <mem-info id="5801" free="4129416" total="294387712" percent="1">
    <mem type="nursery" free="0" total="266469376" percent="0">
      <mem type="allocate" free="0" total="239796224" percent="0" />
      <mem type="survivor" free="0" total="26673152" percent="0" />
    </mem>
    <mem type="tenure" free="4129416" total="27918336" percent="14">
      <mem type="soa" free="3850888" total="27639808" percent="13" />
      <mem type="loa" free="278528" total="278528" percent="100" />
    </mem>
    <remembered-set count="948" />
  </mem-info>
</gc-start>
<allocation-stats totalBytes="235364896" >
  <allocated-bytes non-tlh="2056" tlh="235362840" />
  <largest-consumer threadName="Thread-52" threadId="0000000001461F00" bytes="32478352" />
</allocation-stats>
<gc-op id="5802" type="scavenge" timems="7.037" contextid="5799" timestamp="2019-08-09T18:07:36.283">
  <scavenger-info tenureage="14" tenuremask="4000" tiltratio="89" />
  <memory-copied type="nursery" objects="9784" bytes="3789344" bytesdiscarded="806264" />
  <references type="weak" candidates="1" cleared="0" enqueued="0" />
  <references type="phantom" candidates="4" cleared="0" enqueued="0" />
</gc-op>
<gc-end id="5803" type="scavenge" contextid="5799" durationms="7.873" usertimems="14.138" systemtimems="6.270" timestamp="2019-08-09T18:07:36.283" activeThreads="16">
  <mem-info id="5804" free="239329760" total="294387712" percent="81">
    <mem type="nursery" free="235200344" total="266469376" percent="88">
      <mem type="allocate" free="235200344" total="239796224" percent="98" />
      <mem type="survivor" free="0" total="26673152" percent="0" />
    </mem>
    <mem type="tenure" free="4129416" total="27918336" percent="14" macro-fragmented="0">
      <mem type="soa" free="3850888" total="27639808" percent="13" />
      <mem type="loa" free="278528" total="278528" percent="100" />
    </mem>
    <remembered-set count="326" />
  </mem-info>
</gc-end>
<cycle-end id="5805" type="scavenge" contextid="5799" timestamp="2019-08-09T18:07:36.284" />
  <attribute name="elasticGC enabled" value="1" />
  <attribute name= "numThreadsSpecified" value="16" />
  <attribute name="heapSize specified" value="269877248" />
  <attribute name="Current GC Util" value="10" />
  <attribute name= "Current Time Running" value="192146" />
  <attribute name ="GC Interval" value="2337" />
  <attribute name="Target GC Util Change" value ="80.000000" />
  <attribute name="Current GC Util Change" value="10.000000"/>
  <attribute name="Current Error" value="281.000000" />
  <attribute name="Output H" value="294463720"/>
  <attribute name="Output I" value="2336"/>
  <attribute name="Output T" value="16"/>
  <attribute name= "Current Time Running" value="192146" />
  <attribute name="GC Util currently" value="10" />
  <attribute name="CPU Util currently" value="8103328207" />
<allocation-satisfied id="5806" threadId="00000000014A1900" bytesRequested="16392" />
<af-end id="5807" timestamp="2019-08-09T18:07:36.284" threadId="00000000014A2288" success="true" from="nursery"/>
<exclusive-end id="5808" timestamp="2019-08-09T18:07:36.284" durationms="8.222" />

<exclusive-start id="5809" timestamp="2019-08-09T18:07:36.493" intervalms="217.976">
  <response-info timems="4.605" idlems="1.556" threads="2" lastid="000000000149DD00" lastname="Thread-39" />
</exclusive-start>
<af-start id="5810" threadId="0000000001466488" totalBytesRequested="16392" timestamp="2019-08-09T18:07:36.493" intervalms="217.975" type="nursery" />
<cycle-start id="5811" type="scavenge" contextid="0" timestamp="2019-08-09T18:07:36.493" intervalms="217.984" />
<gc-start id="5812" type="scavenge" contextid="5811" timestamp="2019-08-09T18:07:36.494">
  <mem-info id="5813" free="4129416" total="294387712" percent="1">
    <mem type="nursery" free="0" total="266469376" percent="0">
      <mem type="allocate" free="0" total="239796224" percent="0" />
      <mem type="survivor" free="0" total="26673152" percent="0" />
    </mem>
    <mem type="tenure" free="4129416" total="27918336" percent="14">
      <mem type="soa" free="3850888" total="27639808" percent="13" />
      <mem type="loa" free="278528" total="278528" percent="100" />
    </mem>
    <remembered-set count="957" />
  </mem-info>
</gc-start>
<allocation-stats totalBytes="234907024" >
  <allocated-bytes non-tlh="16392" tlh="234890632" />
  <largest-consumer threadName="Thread-38" threadId="000000000148ED00" bytes="25897496" />
</allocation-stats>
<gc-op id="5814" type="scavenge" timems="26.199" contextid="5811" timestamp="2019-08-09T18:07:36.520">
  <scavenger-info tenureage="14" tenuremask="4000" tiltratio="89" />
  <memory-copied type="nursery" objects="9954" bytes="3974400" bytesdiscarded="572064" />
  <references type="phantom" candidates="2" cleared="0" enqueued="0" />
</gc-op>
<heap-resize id="5815" type="expand" space="nursery" amount="15728640" count="1" timems="0.025" reason="excessive time being spent scavenging" timestamp="2019-08-09T18:07:36.521" />
<gc-end id="5816" type="scavenge" contextid="5811" durationms="27.390" usertimems="28.690" systemtimems="17.188" timestamp="2019-08-09T18:07:36.521" activeThreads="16">
  <mem-info id="5817" free="253534672" total="310116352" percent="81">
    <mem type="nursery" free="249405256" total="282198016" percent="88">
      <mem type="allocate" free="249405256" total="253952000" percent="98" />
      <mem type="survivor" free="0" total="28246016" percent="0" />
    </mem>
    <mem type="tenure" free="4129416" total="27918336" percent="14" macro-fragmented="89408">
      <mem type="soa" free="3850888" total="27639808" percent="13" />
      <mem type="loa" free="278528" total="278528" percent="100" />
    </mem>
    <remembered-set count="325" />
  </mem-info>
</gc-end>
<cycle-end id="5818" type="scavenge" contextid="5811" timestamp="2019-08-09T18:07:36.521" />
  <attribute name="elasticGC enabled" value="1" />
  <attribute name= "numThreadsSpecified" value="16" />
  <attribute name="heapSize specified" value="269877248" />
  <attribute name="Current GC Util" value="6" />
  <attribute name= "Current Time Running" value="192364" />
  <attribute name ="GC Interval" value="2425" />
  <attribute name="Target GC Util Change" value ="80.000000" />
  <attribute name="Current GC Util Change" value="6.000000"/>
  <attribute name="Current Error" value="355.000000" />
  <attribute name="Output H" value="294463808"/>
  <attribute name="Output I" value="2424"/>
  <attribute name="Output T" value="16"/>
  <attribute name= "Current Time Running" value="192364" />
  <attribute name="GC Util currently" value="6" />
  <attribute name="CPU Util currently" value="5285225567" />
<allocation-satisfied id="5819" threadId="0000000001465B00" bytesRequested="16392" />
<af-end id="5820" timestamp="2019-08-09T18:07:36.521" threadId="0000000001466488" success="true" from="nursery"/>
<exclusive-end id="5821" timestamp="2019-08-09T18:07:36.521" durationms="27.857" />

<exclusive-start id="5822" timestamp="2019-08-09T18:07:36.798" intervalms="304.331">
  <response-info timems="3.278" idlems="0.689" threads="4" lastid="0000000001483A00" lastname="Thread-37" />
</exclusive-start>
<af-start id="5823" threadId="0000000001496E88" totalBytesRequested="16392" timestamp="2019-08-09T18:07:36.798" intervalms="304.312" type="nursery" />
<cycle-start id="5824" type="scavenge" contextid="0" timestamp="2019-08-09T18:07:36.798" intervalms="304.329" />
<gc-start id="5825" type="scavenge" contextid="5824" timestamp="2019-08-09T18:07:36.798">
  <mem-info id="5826" free="4129416" total="310116352" percent="1">
    <mem type="nursery" free="0" total="282198016" percent="0">
      <mem type="allocate" free="0" total="253952000" percent="0" />
      <mem type="survivor" free="0" total="28246016" percent="0" />
    </mem>
    <mem type="tenure" free="4129416" total="27918336" percent="14">
      <mem type="soa" free="3850888" total="27639808" percent="13" />
      <mem type="loa" free="278528" total="278528" percent="100" />
    </mem>
    <remembered-set count="967" />
  </mem-info>
</gc-start>
<allocation-stats totalBytes="249125352" >
  <allocated-bytes non-tlh="16392" tlh="249108960" />
  <largest-consumer threadName="Thread-46" threadId="000000000147C200" bytes="25534432" />
</allocation-stats>
<gc-op id="5827" type="scavenge" timems="12.108" contextid="5824" timestamp="2019-08-09T18:07:36.810">
  <scavenger-info tenureage="14" tenuremask="4000" tiltratio="89" />
  <memory-copied type="nursery" objects="9607" bytes="3798560" bytesdiscarded="474656" />
  <memory-copied type="tenure" objects="10" bytes="1080" bytesdiscarded="0" />
  <references type="phantom" candidates="1" cleared="0" enqueued="0" />
</gc-op>
<gc-end id="5828" type="scavenge" contextid="5824" durationms="12.331" usertimems="26.011" systemtimems="7.625" timestamp="2019-08-09T18:07:36.810" activeThreads="16">
  <mem-info id="5829" free="253791800" total="310116352" percent="81">
    <mem type="nursery" free="249678512" total="282198016" percent="88">
      <mem type="allocate" free="249678512" total="253952000" percent="98" />
      <mem type="survivor" free="0" total="28246016" percent="0" />
    </mem>
    <mem type="tenure" free="4113288" total="27918336" percent="14" macro-fragmented="2160235">
      <mem type="soa" free="3834760" total="27639808" percent="13" />
      <mem type="loa" free="278528" total="278528" percent="100" />
    </mem>
    <remembered-set count="329" />
  </mem-info>
</gc-end>
<cycle-end id="5830" type="scavenge" contextid="5824" timestamp="2019-08-09T18:07:36.810" />
  <attribute name="elasticGC enabled" value="1" />
  <attribute name= "numThreadsSpecified" value="16" />
  <attribute name="heapSize specified" value="269877248" />
  <attribute name="Current GC Util" value="7" />
  <attribute name= "Current Time Running" value="192668" />
  <attribute name ="GC Interval" value="2505" />
  <attribute name="Target GC Util Change" value ="80.000000" />
  <attribute name="Current GC Util Change" value="7.000000"/>
  <attribute name="Current Error" value="428.000000" />
  <attribute name="Output H" value="310192528"/>
  <attribute name="Output I" value="2504"/>
  <attribute name="Output T" value="16"/>
  <attribute name= "Current Time Running" value="192668" />
  <attribute name="GC Util currently" value="7" />
  <attribute name="CPU Util currently" value="3794037870" />
<allocation-satisfied id="5831" threadId="0000000001496500" bytesRequested="16392" />
<af-end id="5832" timestamp="2019-08-09T18:07:36.810" threadId="0000000001496E88" success="true" from="nursery"/>
<exclusive-end id="5833" timestamp="2019-08-09T18:07:36.810" durationms="12.764" />

<exclusive-start id="5834" timestamp="2019-08-09T18:07:37.126" intervalms="328.787">
  <response-info timems="1.284" idlems="0.486" threads="2" lastid="000000000147C200" lastname="Thread-46" />
</exclusive-start>
<af-start id="5835" threadId="000000000149E688" totalBytesRequested="16392" timestamp="2019-08-09T18:07:37.127" intervalms="328.785" type="nursery" />
<cycle-start id="5836" type="scavenge" contextid="0" timestamp="2019-08-09T18:07:37.127" intervalms="328.763" />
<gc-start id="5837" type="scavenge" contextid="5836" timestamp="2019-08-09T18:07:37.127">
  <mem-info id="5838" free="4113288" total="310116352" percent="1">
    <mem type="nursery" free="0" total="282198016" percent="0">
      <mem type="allocate" free="0" total="253952000" percent="0" />
      <mem type="survivor" free="0" total="28246016" percent="0" />
    </mem>
    <mem type="tenure" free="4113288" total="27918336" percent="14">
      <mem type="soa" free="3834760" total="27639808" percent="13" />
      <mem type="loa" free="278528" total="278528" percent="100" />
    </mem>
    <remembered-set count="974" />
  </mem-info>
</gc-start>
<allocation-stats totalBytes="249502992" >
  <allocated-bytes non-tlh="16392" tlh="249486600" />
  <largest-consumer threadName="Thread-52" threadId="0000000001461F00" bytes="24480608" />
</allocation-stats>
<gc-op id="5839" type="scavenge" timems="2.883" contextid="5836" timestamp="2019-08-09T18:07:37.130">
  <scavenger-info tenureage="14" tenuremask="4000" tiltratio="89" />
  <memory-copied type="nursery" objects="9335" bytes="3791528" bytesdiscarded="162488" />
  <memory-copied type="tenure" objects="1" bytes="104" bytesdiscarded="0" />
  <references type="phantom" candidates="1" cleared="0" enqueued="0" />
</gc-op>
<gc-end id="5840" type="scavenge" contextid="5836" durationms="3.235" usertimems="6.329" systemtimems="2.230" timestamp="2019-08-09T18:07:37.130" activeThreads="16">
  <mem-info id="5841" free="254111008" total="310116352" percent="81">
    <mem type="nursery" free="249997720" total="282198016" percent="88">
      <mem type="allocate" free="249997720" total="253952000" percent="98" />
      <mem type="survivor" free="0" total="28246016" percent="0" />
    </mem>
    <mem type="tenure" free="4113288" total="27918336" percent="14" macro-fragmented="2592282">
      <mem type="soa" free="3834760" total="27639808" percent="13" />
      <mem type="loa" free="278528" total="278528" percent="100" />
    </mem>
    <remembered-set count="328" />
  </mem-info>
</gc-end>
<cycle-end id="5842" type="scavenge" contextid="5836" timestamp="2019-08-09T18:07:37.130" />
  <attribute name="elasticGC enabled" value="1" />
  <attribute name= "numThreadsSpecified" value="16" />
  <attribute name="heapSize specified" value="269877248" />
  <attribute name="Current GC Util" value="7" />
  <attribute name= "Current Time Running" value="192996" />
  <attribute name ="GC Interval" value="2097" />
  <attribute name="Target GC Util Change" value ="80.000000" />
  <attribute name="Current GC Util Change" value="7.000000"/>
  <attribute name="Current Error" value="73.000000" />
  <attribute name="Output H" value="310192120"/>
  <attribute name="Output I" value="2096"/>
  <attribute name="Output T" value="16"/>
  <attribute name= "Current Time Running" value="192996" />
  <attribute name="GC Util currently" value="7" />
  <attribute name="CPU Util currently" value="3506797926" />
<allocation-satisfied id="5843" threadId="000000000149DD00" bytesRequested="16392" />
<af-end id="5844" timestamp="2019-08-09T18:07:37.130" threadId="000000000149E688" success="true" from="nursery"/>
<exclusive-end id="5845" timestamp="2019-08-09T18:07:37.130" durationms="3.635" />

<exclusive-start id="5846" timestamp="2019-08-09T18:07:37.334" intervalms="207.786">
  <response-info timems="0.339" idlems="0.113" threads="5" lastid="000000000146D200" lastname="Thread-51" />
</exclusive-start>
<af-start id="5847" threadId="0000000001453888" totalBytesRequested="48" timestamp="2019-08-09T18:07:37.334" intervalms="207.811" type="nursery" />
<cycle-start id="5848" type="scavenge" contextid="0" timestamp="2019-08-09T18:07:37.334" intervalms="207.814" />
<gc-start id="5849" type="scavenge" contextid="5848" timestamp="2019-08-09T18:07:37.334">
  <mem-info id="5850" free="4113288" total="310116352" percent="1">
    <mem type="nursery" free="0" total="282198016" percent="0">
      <mem type="allocate" free="0" total="253952000" percent="0" />
      <mem type="survivor" free="0" total="28246016" percent="0" />
    </mem>
    <mem type="tenure" free="4113288" total="27918336" percent="14">
      <mem type="soa" free="3834760" total="27639808" percent="13" />
      <mem type="loa" free="278528" total="278528" percent="100" />
    </mem>
    <remembered-set count="969" />
  </mem-info>
</gc-start>
<allocation-stats totalBytes="249681608" >
  <allocated-bytes non-tlh="32784" tlh="249648824" />
  <largest-consumer threadName="Thread-47" threadId="000000000148B200" bytes="23935624" />
</allocation-stats>
<gc-op id="5851" type="scavenge" timems="4.650" contextid="5848" timestamp="2019-08-09T18:07:37.339">
  <scavenger-info tenureage="14" tenuremask="4000" tiltratio="89" />
  <memory-copied type="nursery" objects="9810" bytes="3892392" bytesdiscarded="178536" />
  <memory-copied type="tenure" objects="8" bytes="816" bytesdiscarded="0" />
  <references type="phantom" candidates="2" cleared="0" enqueued="0" />
</gc-op>
<gc-end id="5852" type="scavenge" contextid="5848" durationms="4.983" usertimems="8.630" systemtimems="3.203" timestamp="2019-08-09T18:07:37.339" activeThreads="16">
  <mem-info id="5853" free="253994088" total="310116352" percent="81">
    <mem type="nursery" free="249880800" total="282198016" percent="88">
      <mem type="allocate" free="249880800" total="253952000" percent="98" />
      <mem type="survivor" free="0" total="28246016" percent="0" />
    </mem>
    <mem type="tenure" free="4113288" total="27918336" percent="14" macro-fragmented="0">
      <mem type="soa" free="3834760" total="27639808" percent="13" />
      <mem type="loa" free="278528" total="278528" percent="100" />
    </mem>
    <remembered-set count="317" />
  </mem-info>
</gc-end>
<cycle-end id="5854" type="scavenge" contextid="5848" timestamp="2019-08-09T18:07:37.340" />
  <attribute name="elasticGC enabled" value="1" />
  <attribute name= "numThreadsSpecified" value="16" />
  <attribute name="heapSize specified" value="269877248" />
  <attribute name="Current GC Util" value="2" />
  <attribute name= "Current Time Running" value="193204" />
  <attribute name ="GC Interval" value="2185" />
  <attribute name="Target GC Util Change" value ="80.000000" />
  <attribute name="Current GC Util Change" value="2.000000"/>
  <attribute name="Current Error" value="151.000000" />
  <attribute name="Output H" value="310192208"/>
  <attribute name="Output I" value="2184"/>
  <attribute name="Output T" value="16"/>
  <attribute name= "Current Time Running" value="193204" />
  <attribute name="GC Util currently" value="2" />
  <attribute name="CPU Util currently" value="5550043949" />
<allocation-satisfied id="5855" threadId="0000000001452F00" bytesRequested="48" />
<af-end id="5856" timestamp="2019-08-09T18:07:37.340" threadId="0000000001453888" success="true" from="nursery"/>
<exclusive-end id="5857" timestamp="2019-08-09T18:07:37.340" durationms="5.337" />

<exclusive-start id="5858" timestamp="2019-08-09T18:07:37.733" intervalms="399.009">
  <response-info timems="0.906" idlems="0.202" threads="7" lastid="000000000148B200" lastname="Thread-47" />
</exclusive-start>
<af-start id="5859" threadId="0000000001484388" totalBytesRequested="8200" timestamp="2019-08-09T18:07:37.733" intervalms="398.999" type="nursery" />
<cycle-start id="5860" type="scavenge" contextid="0" timestamp="2019-08-09T18:07:37.733" intervalms="398.996" />
<gc-start id="5861" type="scavenge" contextid="5860" timestamp="2019-08-09T18:07:37.734">
  <mem-info id="5862" free="4113288" total="310116352" percent="1">
    <mem type="nursery" free="0" total="282198016" percent="0">
      <mem type="allocate" free="0" total="253952000" percent="0" />
      <mem type="survivor" free="0" total="28246016" percent="0" />
    </mem>
    <mem type="tenure" free="4113288" total="27918336" percent="14">
      <mem type="soa" free="3834760" total="27639808" percent="13" />
      <mem type="loa" free="278528" total="278528" percent="100" />
    </mem>
    <remembered-set count="968" />
  </mem-info>
</gc-start>
<allocation-stats totalBytes="249561792" >
  <allocated-bytes non-tlh="48" tlh="249561744" />
  <largest-consumer threadName="Thread-46" threadId="000000000147C200" bytes="32546656" />
</allocation-stats>
<gc-op id="5863" type="scavenge" timems="3.831" contextid="5860" timestamp="2019-08-09T18:07:37.737">
  <scavenger-info tenureage="14" tenuremask="4000" tiltratio="89" />
  <memory-copied type="nursery" objects="9197" bytes="3850928" bytesdiscarded="466344" />
  <memory-copied type="tenure" objects="4" bytes="424" bytesdiscarded="0" />
  <references type="phantom" candidates="4" cleared="0" enqueued="0" />
</gc-op>
<gc-end id="5864" type="scavenge" contextid="5860" durationms="4.096" usertimems="2.727" systemtimems="4.215" timestamp="2019-08-09T18:07:37.738" activeThreads="16">
  <mem-info id="5865" free="253731600" total="310116352" percent="81">
    <mem type="nursery" free="249634440" total="282198016" percent="88">
      <mem type="allocate" free="249634440" total="253952000" percent="98" />
      <mem type="survivor" free="0" total="28246016" percent="0" />
    </mem>
    <mem type="tenure" free="4097160" total="27918336" percent="14" macro-fragmented="2160235">
      <mem type="soa" free="3818632" total="27639808" percent="13" />
      <mem type="loa" free="278528" total="278528" percent="100" />
    </mem>
    <remembered-set count="340" />
  </mem-info>
</gc-end>
<cycle-end id="5866" type="scavenge" contextid="5860" timestamp="2019-08-09T18:07:37.739" />
  <attribute name="elasticGC enabled" value="1" />
  <attribute name= "numThreadsSpecified" value="16" />
  <attribute name="heapSize specified" value="269877248" />
  <attribute name="Current GC Util" value="1" />
  <attribute name= "Current Time Running" value="193603" />
  <attribute name ="GC Interval" value="2281" />
  <attribute name="Target GC Util Change" value ="80.000000" />
  <attribute name="Current GC Util Change" value="1.000000"/>
  <attribute name="Current Error" value="230.000000" />
  <attribute name="Output H" value="310192304"/>
  <attribute name="Output I" value="2280"/>
  <attribute name="Output T" value="16"/>
  <attribute name= "Current Time Running" value="193603" />
  <attribute name="GC Util currently" value="1" />
  <attribute name="CPU Util currently" value="2889354172" />
<allocation-satisfied id="5867" threadId="0000000001483A00" bytesRequested="8200" />
<af-end id="5868" timestamp="2019-08-09T18:07:37.740" threadId="0000000001484388" success="true" from="nursery"/>
<exclusive-end id="5869" timestamp="2019-08-09T18:07:37.740" durationms="6.284" />

<exclusive-start id="5870" timestamp="2019-08-09T18:07:38.150" intervalms="416.968">
  <response-info timems="4.111" idlems="0.628" threads="9" lastid="000000000146D200" lastname="Thread-51" />
</exclusive-start>
<af-start id="5871" threadId="0000000001487F88" totalBytesRequested="40" timestamp="2019-08-09T18:07:38.150" intervalms="416.945" type="nursery" />
<cycle-start id="5872" type="scavenge" contextid="0" timestamp="2019-08-09T18:07:38.150" intervalms="416.937" />
<gc-start id="5873" type="scavenge" contextid="5872" timestamp="2019-08-09T18:07:38.150">
  <mem-info id="5874" free="4097160" total="310116352" percent="1">
    <mem type="nursery" free="0" total="282198016" percent="0">
      <mem type="allocate" free="0" total="253952000" percent="0" />
      <mem type="survivor" free="0" total="28246016" percent="0" />
    </mem>
    <mem type="tenure" free="4097160" total="27918336" percent="14">
      <mem type="soa" free="3818632" total="27639808" percent="13" />
      <mem type="loa" free="278528" total="278528" percent="100" />
    </mem>
    <remembered-set count="949" />
  </mem-info>
</gc-start>
<allocation-stats totalBytes="249387672" >
  <allocated-bytes non-tlh="8200" tlh="249379472" />
  <largest-consumer threadName="Thread-50" threadId="0000000001487600" bytes="22886072" />
</allocation-stats>
<gc-op id="5875" type="scavenge" timems="5.574" contextid="5872" timestamp="2019-08-09T18:07:38.156">
  <scavenger-info tenureage="14" tenuremask="4000" tiltratio="89" />
  <memory-copied type="nursery" objects="10124" bytes="4024896" bytesdiscarded="403304" />
  <memory-copied type="tenure" objects="4" bytes="424" bytesdiscarded="0" />
  <references type="phantom" candidates="2" cleared="0" enqueued="0" />
</gc-op>
<gc-end id="5876" type="scavenge" contextid="5872" durationms="5.824" usertimems="12.520" systemtimems="9.053" timestamp="2019-08-09T18:07:38.156" activeThreads="16">
  <mem-info id="5877" free="253620688" total="310116352" percent="81">
    <mem type="nursery" free="249523528" total="282198016" percent="88">
      <mem type="allocate" free="249523528" total="253952000" percent="98" />
      <mem type="survivor" free="0" total="28246016" percent="0" />
    </mem>
    <mem type="tenure" free="4097160" total="27918336" percent="14" macro-fragmented="1500163">
      <mem type="soa" free="3818632" total="27639808" percent="13" />
      <mem type="loa" free="278528" total="278528" percent="100" />
    </mem>
    <remembered-set count="332" />
  </mem-info>
</gc-end>
<cycle-end id="5878" type="scavenge" contextid="5872" timestamp="2019-08-09T18:07:38.159" />
  <attribute name="elasticGC enabled" value="1" />
  <attribute name= "numThreadsSpecified" value="16" />
  <attribute name="heapSize specified" value="269877248" />
  <attribute name="Current GC Util" value="2" />
  <attribute name= "Current Time Running" value="194020" />
  <attribute name ="GC Interval" value="2369" />
  <attribute name="Target GC Util Change" value ="80.000000" />
  <attribute name="Current GC Util Change" value="2.000000"/>
  <attribute name="Current Error" value="308.000000" />
  <attribute name="Output H" value="310192392"/>
  <attribute name="Output I" value="2368"/>
  <attribute name="Output T" value="16"/>
  <attribute name= "Current Time Running" value="194020" />
  <attribute name="GC Util currently" value="2" />
  <attribute name="CPU Util currently" value="2765617897" />
<allocation-satisfied id="5879" threadId="0000000001487600" bytesRequested="40" />
<af-end id="5880" timestamp="2019-08-09T18:07:38.159" threadId="0000000001487F88" success="true" from="nursery"/>
<exclusive-end id="5881" timestamp="2019-08-09T18:07:38.159" durationms="9.095" />

<exclusive-start id="5882" timestamp="2019-08-09T18:07:38.396" intervalms="245.883">
  <response-info timems="3.481" idlems="1.220" threads="4" lastid="0000000001492900" lastname="Thread-44" />
</exclusive-start>
<af-start id="5883" threadId="000000000146DB88" totalBytesRequested="16" timestamp="2019-08-09T18:07:38.396" intervalms="245.883" type="nursery" />
<cycle-start id="5884" type="scavenge" contextid="0" timestamp="2019-08-09T18:07:38.396" intervalms="245.886" />
<gc-start id="5885" type="scavenge" contextid="5884" timestamp="2019-08-09T18:07:38.396">
  <mem-info id="5886" free="4097160" total="310116352" percent="1">
    <mem type="nursery" free="0" total="282198016" percent="0">
      <mem type="allocate" free="0" total="253952000" percent="0" />
      <mem type="survivor" free="0" total="28246016" percent="0" />
    </mem>
    <mem type="tenure" free="4097160" total="27918336" percent="14">
      <mem type="soa" free="3818632" total="27639808" percent="13" />
      <mem type="loa" free="278528" total="278528" percent="100" />
    </mem>
    <remembered-set count="952" />
  </mem-info>
</gc-start>
<allocation-stats totalBytes="249248560" >
  <allocated-bytes non-tlh="40" tlh="249248520" />
  <largest-consumer threadName="Thread-45" threadId="0000000001496500" bytes="29943552" />
</allocation-stats>
<gc-op id="5887" type="scavenge" timems="12.103" contextid="5884" timestamp="2019-08-09T18:07:38.408">
  <scavenger-info tenureage="14" tenuremask="4000" tiltratio="89" />
  <memory-copied type="nursery" objects="8711" bytes="3778576" bytesdiscarded="424080" />
  <memory-copied type="tenure" objects="7" bytes="728" bytesdiscarded="0" />
  <references type="phantom" candidates="5" cleared="0" enqueued="0" />
</gc-op>
<gc-end id="5888" type="scavenge" contextid="5884" durationms="12.824" usertimems="17.556" systemtimems="7.061" timestamp="2019-08-09T18:07:38.409" activeThreads="16">
  <mem-info id="5889" free="253846192" total="310116352" percent="81">
    <mem type="nursery" free="249749032" total="282198016" percent="88">
      <mem type="allocate" free="249749032" total="253952000" percent="98" />
      <mem type="survivor" free="0" total="28246016" percent="0" />
    </mem>
    <mem type="tenure" free="4097160" total="27918336" percent="14" macro-fragmented="0">
      <mem type="soa" free="3818632" total="27639808" percent="13" />
      <mem type="loa" free="278528" total="278528" percent="100" />
    </mem>
    <remembered-set count="323" />
  </mem-info>
</gc-end>
<cycle-end id="5890" type="scavenge" contextid="5884" timestamp="2019-08-09T18:07:38.410" />
  <attribute name="elasticGC enabled" value="1" />
  <attribute name= "numThreadsSpecified" value="16" />
  <attribute name="heapSize specified" value="269877248" />
  <attribute name="Current GC Util" value="4" />
  <attribute name= "Current Time Running" value="194266" />
  <attribute name ="GC Interval" value="2457" />
  <attribute name="Target GC Util Change" value ="80.000000" />
  <attribute name="Current GC Util Change" value="4.000000"/>
  <attribute name="Current Error" value="384.000000" />
  <attribute name="Output H" value="310192480"/>
  <attribute name="Output I" value="2456"/>
  <attribute name="Output T" value="16"/>
  <attribute name= "Current Time Running" value="194266" />
  <attribute name="GC Util currently" value="4" />
  <attribute name="CPU Util currently" value="4688689271" />
<allocation-satisfied id="5891" threadId="000000000146D200" bytesRequested="16" />
<af-end id="5892" timestamp="2019-08-09T18:07:38.410" threadId="000000000146DB88" success="true" from="nursery"/>
<exclusive-end id="5893" timestamp="2019-08-09T18:07:38.410" durationms="14.156" />

<exclusive-start id="5894" timestamp="2019-08-09T18:07:38.754" intervalms="357.945">
  <response-info timems="18.122" idlems="6.347" threads="2" lastid="0000000001492900" lastname="Thread-44" />
</exclusive-start>
<af-start id="5895" threadId="0000000001487F88" totalBytesRequested="48" timestamp="2019-08-09T18:07:38.754" intervalms="357.955" type="nursery" />
<cycle-start id="5896" type="scavenge" contextid="0" timestamp="2019-08-09T18:07:38.754" intervalms="357.961" />
<gc-start id="5897" type="scavenge" contextid="5896" timestamp="2019-08-09T18:07:38.754">
  <mem-info id="5898" free="4097160" total="310116352" percent="1">
    <mem type="nursery" free="0" total="282198016" percent="0">
      <mem type="allocate" free="0" total="253952000" percent="0" />
      <mem type="survivor" free="0" total="28246016" percent="0" />
    </mem>
    <mem type="tenure" free="4097160" total="27918336" percent="14">
      <mem type="soa" free="3818632" total="27639808" percent="13" />
      <mem type="loa" free="278528" total="278528" percent="100" />
    </mem>
    <remembered-set count="956" />
  </mem-info>
</gc-start>
<allocation-stats totalBytes="249456224" >
  <allocated-bytes non-tlh="16" tlh="249456208" />
  <largest-consumer threadName="Thread-43" threadId="0000000001465B00" bytes="29733952" />
</allocation-stats>
<gc-op id="5899" type="scavenge" timems="8.556" contextid="5896" timestamp="2019-08-09T18:07:38.763">
  <scavenger-info tenureage="14" tenuremask="4000" tiltratio="89" />
  <memory-copied type="nursery" objects="9762" bytes="3794736" bytesdiscarded="143544" />
  <memory-copied type="tenure" objects="1" bytes="96" bytesdiscarded="0" />
  <references type="phantom" candidates="4" cleared="0" enqueued="0" />
</gc-op>
<gc-end id="5900" type="scavenge" contextid="5896" durationms="8.960" usertimems="19.188" systemtimems="2.115" timestamp="2019-08-09T18:07:38.763" activeThreads="16">
  <mem-info id="5901" free="254110592" total="310116352" percent="81">
    <mem type="nursery" free="250013432" total="282198016" percent="88">
      <mem type="allocate" free="250013432" total="253952000" percent="98" />
      <mem type="survivor" free="0" total="28246016" percent="0" />
    </mem>
    <mem type="tenure" free="4097160" total="27918336" percent="14" macro-fragmented="2592282">
      <mem type="soa" free="3818632" total="27639808" percent="13" />
      <mem type="loa" free="278528" total="278528" percent="100" />
    </mem>
    <remembered-set count="324" />
  </mem-info>
</gc-end>
<cycle-end id="5902" type="scavenge" contextid="5896" timestamp="2019-08-09T18:07:38.764" />
  <attribute name="elasticGC enabled" value="1" />
  <attribute name= "numThreadsSpecified" value="16" />
  <attribute name="heapSize specified" value="269877248" />
  <attribute name="Current GC Util" value="5" />
  <attribute name= "Current Time Running" value="194624" />
  <attribute name ="GC Interval" value="2545" />
  <attribute name="Target GC Util Change" value ="80.000000" />
  <attribute name="Current GC Util Change" value="5.000000"/>
  <attribute name="Current Error" value="459.000000" />
  <attribute name="Output H" value="310192568"/>
  <attribute name="Output I" value="2544"/>
  <attribute name="Output T" value="16"/>
  <attribute name= "Current Time Running" value="194624" />
  <attribute name="GC Util currently" value="5" />
  <attribute name="CPU Util currently" value="3220481747" />
<allocation-satisfied id="5903" threadId="0000000001487600" bytesRequested="48" />
<af-end id="5904" timestamp="2019-08-09T18:07:38.764" threadId="0000000001487F88" success="true" from="nursery"/>
<exclusive-end id="5905" timestamp="2019-08-09T18:07:38.764" durationms="9.948" />

<exclusive-start id="5906" timestamp="2019-08-09T18:07:39.066" intervalms="312.236">
  <response-info timems="6.710" idlems="6.710" threads="0" lastid="0000000001483A00" lastname="Thread-37" />
</exclusive-start>
<af-start id="5907" threadId="0000000001484388" totalBytesRequested="16392" timestamp="2019-08-09T18:07:39.067" intervalms="312.396" type="nursery" />
<cycle-start id="5908" type="scavenge" contextid="0" timestamp="2019-08-09T18:07:39.067" intervalms="312.440" />
<gc-start id="5909" type="scavenge" contextid="5908" timestamp="2019-08-09T18:07:39.067">
  <mem-info id="5910" free="4097160" total="310116352" percent="1">
    <mem type="nursery" free="0" total="282198016" percent="0">
      <mem type="allocate" free="0" total="253952000" percent="0" />
      <mem type="survivor" free="0" total="28246016" percent="0" />
    </mem>
    <mem type="tenure" free="4097160" total="27918336" percent="14">
      <mem type="soa" free="3818632" total="27639808" percent="13" />
      <mem type="loa" free="278528" total="278528" percent="100" />
    </mem>
    <remembered-set count="943" />
  </mem-info>
</gc-start>
<allocation-stats totalBytes="249747048" >
  <allocated-bytes non-tlh="48" tlh="249747000" />
  <largest-consumer threadName="Thread-50" threadId="0000000001487600" bytes="33670496" />
</allocation-stats>
<gc-op id="5911" type="scavenge" timems="8.455" contextid="5908" timestamp="2019-08-09T18:07:39.075">
  <scavenger-info tenureage="14" tenuremask="4000" tiltratio="89" />
  <memory-copied type="nursery" objects="9333" bytes="3767616" bytesdiscarded="362000" />
  <references type="weak" candidates="1" cleared="0" enqueued="0" />
  <references type="phantom" candidates="2" cleared="0" enqueued="0" />
</gc-op>
<gc-end id="5912" type="scavenge" contextid="5908" durationms="10.146" usertimems="11.390" systemtimems="1.706" timestamp="2019-08-09T18:07:39.077" activeThreads="16">
  <mem-info id="5913" free="253919288" total="310116352" percent="81">
    <mem type="nursery" free="249822128" total="282198016" percent="88">
      <mem type="allocate" free="249822128" total="253952000" percent="98" />
      <mem type="survivor" free="0" total="28246016" percent="0" />
    </mem>
    <mem type="tenure" free="4097160" total="27918336" percent="14" macro-fragmented="2592282">
      <mem type="soa" free="3818632" total="27639808" percent="13" />
      <mem type="loa" free="278528" total="278528" percent="100" />
    </mem>
    <remembered-set count="331" />
  </mem-info>
</gc-end>
<cycle-end id="5914" type="scavenge" contextid="5908" timestamp="2019-08-09T18:07:39.078" />
  <attribute name="elasticGC enabled" value="1" />
  <attribute name= "numThreadsSpecified" value="16" />
  <attribute name="heapSize specified" value="269877248" />
  <attribute name="Current GC Util" value="4" />
  <attribute name= "Current Time Running" value="194937" />
  <attribute name ="GC Interval" value="2097" />
  <attribute name="Target GC Util Change" value ="80.000000" />
  <attribute name="Current GC Util Change" value="4.000000"/>
  <attribute name="Current Error" value="76.000000" />
  <attribute name="Output H" value="310192120"/>
  <attribute name="Output I" value="2096"/>
  <attribute name="Output T" value="16"/>
  <attribute name= "Current Time Running" value="194937" />
  <attribute name="GC Util currently" value="4" />
  <attribute name="CPU Util currently" value="3688179175" />
<allocation-satisfied id="5915" threadId="0000000001483A00" bytesRequested="16392" />
<af-end id="5916" timestamp="2019-08-09T18:07:39.078" threadId="0000000001484388" success="true" from="nursery"/>
<exclusive-end id="5917" timestamp="2019-08-09T18:07:39.078" durationms="11.929" />

<exclusive-start id="5918" timestamp="2019-08-09T18:07:39.448" intervalms="381.772">
  <response-info timems="0.699" idlems="0.525" threads="3" lastid="000000000149DD00" lastname="Thread-39" />
</exclusive-start>
<af-start id="5919" threadId="0000000001466488" totalBytesRequested="16392" timestamp="2019-08-09T18:07:39.448" intervalms="381.645" type="nursery" />
<cycle-start id="5920" type="scavenge" contextid="0" timestamp="2019-08-09T18:07:39.448" intervalms="381.594" />
<gc-start id="5921" type="scavenge" contextid="5920" timestamp="2019-08-09T18:07:39.448">
  <mem-info id="5922" free="4097160" total="310116352" percent="1">
    <mem type="nursery" free="0" total="282198016" percent="0">
      <mem type="allocate" free="0" total="253952000" percent="0" />
      <mem type="survivor" free="0" total="28246016" percent="0" />
    </mem>
    <mem type="tenure" free="4097160" total="27918336" percent="14">
      <mem type="soa" free="3818632" total="27639808" percent="13" />
      <mem type="loa" free="278528" total="278528" percent="100" />
    </mem>
    <remembered-set count="960" />
  </mem-info>
</gc-start>
<allocation-stats totalBytes="249552944" >
  <allocated-bytes non-tlh="16392" tlh="249536552" />
  <largest-consumer threadName="Thread-49" threadId="00000000014A1900" bytes="23485416" />
</allocation-stats>
<gc-op id="5923" type="scavenge" timems="18.440" contextid="5920" timestamp="2019-08-09T18:07:39.467">
  <scavenger-info tenureage="14" tenuremask="4000" tiltratio="89" />
  <memory-copied type="nursery" objects="9894" bytes="3952448" bytesdiscarded="293128" />
  <references type="weak" candidates="1" cleared="0" enqueued="0" />
  <references type="phantom" candidates="4" cleared="0" enqueued="0" />
</gc-op>
<gc-end id="5924" type="scavenge" contextid="5920" durationms="18.787" usertimems="10.378" systemtimems="0.941" timestamp="2019-08-09T18:07:39.467" activeThreads="16">
  <mem-info id="5925" free="253803304" total="310116352" percent="81">
    <mem type="nursery" free="249706144" total="282198016" percent="88">
      <mem type="allocate" free="249706144" total="253952000" percent="98" />
      <mem type="survivor" free="0" total="28246016" percent="0" />
    </mem>
    <mem type="tenure" free="4097160" total="27918336" percent="14" macro-fragmented="0">
      <mem type="soa" free="3818632" total="27639808" percent="13" />
      <mem type="loa" free="278528" total="278528" percent="100" />
    </mem>
    <remembered-set count="323" />
  </mem-info>
</gc-end>
<cycle-end id="5926" type="scavenge" contextid="5920" timestamp="2019-08-09T18:07:39.467" />
  <attribute name="elasticGC enabled" value="1" />
  <attribute name= "numThreadsSpecified" value="16" />
  <attribute name="heapSize specified" value="269877248" />
  <attribute name="Current GC Util" value="3" />
  <attribute name= "Current Time Running" value="195318" />
  <attribute name ="GC Interval" value="2185" />
  <attribute name="Target GC Util Change" value ="80.000000" />
  <attribute name="Current GC Util Change" value="3.000000"/>
  <attribute name="Current Error" value="153.000000" />
  <attribute name="Output H" value="310192208"/>
  <attribute name="Output I" value="2184"/>
  <attribute name="Output T" value="16"/>
  <attribute name= "Current Time Running" value="195318" />
  <attribute name="GC Util currently" value="3" />
  <attribute name="CPU Util currently" value="3022898983" />
<allocation-satisfied id="5927" threadId="0000000001465B00" bytesRequested="16392" />
<af-end id="5928" timestamp="2019-08-09T18:07:39.467" threadId="0000000001466488" success="true" from="nursery"/>
<exclusive-end id="5929" timestamp="2019-08-09T18:07:39.467" durationms="19.139" />

===== DaCapo 9.12-MR1 xalan PASSED in 17163 msec =====
</verbosegc>

