<?xml version="1.0" ?>

<verbosegc xmlns="http://www.ibm.com/j9/verbosegc" version="10b4217_CMPRSS">

<initialized id="1" timestamp="2019-06-14T19:10:11.220">
  <attribute name="gcPolicy" value="-Xgcpolicy:balanced" />
  <attribute name="elasticGC enabled" value="1" />
  <attribute name= "numThreadsSpecified" value="0" />
  <attribute name="heapSize specified" value="0" />
  <attribute name="Current GC Util" value="0" />
  <attribute name= "Current Time Running" value="0" />
  <attribute name ="GC Interval" value="0" />
  <attribute name="ProportionalT" value="0.000000" />
  <attribute name="ProportionalI" value="0.000000" />
  <attribute name="ProportionalH" value="0.000000" />
  <attribute name="IntegralT" value="0.000000" />
  <attribute name="IntegralI" value="0.000000" />
  <attribute name="IntegralH" value="0.000000" />
  <attribute name="DerivativeT" value="0.000000" />
  <attribute name="DerivativeI" value="0.000000" />
  <attribute name="DerivativeH" value="0.000000" />
  <attribute name="Target GC Util Change" value ="0.000000" />
  <attribute name="Current GC Util Change" value="0.000000"/>
  <attribute name="Current Error" value="0.000000" />
  <attribute name="Loop Time for DT" value="0.000000" />
  <attribute name="Output H" value="0"/>
  <attribute name="Output I" value="0"/>
  <attribute name="Output T" value="0"/>
  <attribute name="GC Util currently" value="0" />
  <attribute name="CPU Util currently" value="0" />
  <attribute name="maxHeapSize" value="0x7cb00000" />
  <attribute name="initialHeapSize" value="0x800000" />
  <attribute name="compressedRefs" value="true" />
  <attribute name="compressedRefsDisplacement" value="0x0" />
  <attribute name="compressedRefsShift" value="0x0" />
  <attribute name="pageSize" value="0x1000" />
  <attribute name="pageType" value="not used" />
  <attribute name="requestedPageSize" value="0x1000" />
  <attribute name="requestedPageType" value="not used" />
  <attribute name="gcthreads" value="4" />
  <attribute name="packetListSplit" value="4" />
  <attribute name="cacheListSplit" value="4" />
  <attribute name="splitFreeListSplitAmount" value="1" />
  <attribute name="numaNodes" value="0" />
  <region>
    <attribute name="regionSize" value="1048576" />
    <attribute name="regionCount" value="1995" />
    <attribute name="arrayletLeafSize" value="1048576" />
  </region>
  <system>
    <attribute name="physicalMemory" value="8370962432" />
    <attribute name="numCPUs" value="4" />
    <attribute name="architecture" value="amd64" />
    <attribute name="os" value="Linux" />
    <attribute name="osVersion" value="4.4.0-148-generic" />
  </system>
  <vmargs>
    <vmarg name="-Xoptionsfile=/vagrant/jdk/lib/options.default" />
    <vmarg name="-Xlockword:mode=default,noLockword=java/lang/String,noLockword=java/util/MapEntry,noLockword=java/util/HashMap$Entry,noLockword..." />
    <vmarg name="-Xjcl:jclse29" />
    <vmarg name="-Dcom.ibm.oti.vm.bootstrap.library.path=/vagrant/jdk/lib/compressedrefs:/vagrant/jdk/lib" />
    <vmarg name="-Dsun.boot.library.path=/vagrant/jdk/lib/compressedrefs:/vagrant/jdk/lib" />
    <vmarg name="-Djava.library.path=/vagrant/jdk/lib/compressedrefs:/vagrant/jdk/lib:/usr/lib64:/usr/lib" />
    <vmarg name="-Djava.home=/vagrant/jdk" />
    <vmarg name="-Duser.dir=/vagrant" />
    <vmarg name="-Xgcpolicy:balanced" />
    <vmarg name="-Xgcelastic" />
    <vmarg name="-Xcheck:gc:::elasticGC" />
    <vmarg name="-verbose:gc" />
    <vmarg name="-Xloggc:small-Balanced-jdk0.5-1-0.5-verbose12xalan.txt" />
    <vmarg name="-Djava.class.path=dacapo-9.12-MR1-bach.jar" />
    <vmarg name="-Dsun.java.command=dacapo-9.12-MR1-bach.jar xalan --size=small" />
    <vmarg name="-Dsun.java.launcher=SUN_STANDARD" />
    <vmarg name="-Dsun.java.launcher.pid=10943" />
  </vmargs>
</initialized>

<exclusive-start id="2" timestamp="2019-06-14T19:10:11.718" intervalms="497.371">
  <response-info timems="0.021" idlems="0.021" threads="0" lastid="0000000001B63700" lastname="main" />
</exclusive-start>
<allocation-taxation id="3" taxation-threshold="8388608" timestamp="2019-06-14T19:10:11.718" intervalms="497.562" />
<cycle-start id="4" type="partial gc" contextid="0" timestamp="2019-06-14T19:10:11.718" intervalms="497.836" />
<gc-start id="5" type="partial gc" contextid="4" timestamp="2019-06-14T19:10:11.718">
  <mem-info id="6" free="0" total="8388608" percent="0">
    <mem type="eden" free="80" total="8388608" percent="0" />
    <remembered-set count="0" freebytes="334848" totalbytes="334848" percent="100" regionsoverflowed="0" regionsstable="0" regionsrebuilding="0"/>
  </mem-info>
</gc-start>
<allocation-stats totalBytes="8377600" >
  <allocated-bytes non-tlh="706664" tlh="7670936" arrayletleaf="0"/>
  <largest-consumer threadName="main" threadId="0000000001B63700" bytes="8301032" />
</allocation-stats>
<gc-op id="7" type="mark" timems="2.817" contextid="4" timestamp="2019-06-14T19:10:11.722">
  <trace-info objectcount="21834" scancount="17124" scanbytes="570176" />
  <remembered-set-cleared processed="0" cleared="0" durationms="0.129" />
  <finalization candidates="15" enqueued="1" />
  <references type="soft" candidates="74" cleared="0" enqueued="0" dynamicThreshold="32" maxThreshold="32" />
  <references type="weak" candidates="580" cleared="437" enqueued="398" />
  <references type="phantom" candidates="127" cleared="44" enqueued="44" />
  <stringconstants candidates="2981" cleared="0"  />
  <warning details="Mark for calibration purposes" />
</gc-op>
<gc-op id="8" type="classunload" timems="0.047" contextid="4" timestamp="2019-06-14T19:10:11.722">
  <classunload-info classloadercandidates="6" classloadersunloaded="0" classesunloaded="0" anonymousclassesunloaded="0" quiescems="0.000" setupms="0.046" scanms="0.000" postms="0.000" />
</gc-op>
<gc-op id="9" type="sweep" timems="1.618" contextid="4" timestamp="2019-06-14T19:10:11.724" />
<gc-op id="10" type="compact" timems="6.742" contextid="4" timestamp="2019-06-14T19:10:11.731">
  <compact-info movecount="21802" movebytes="1517136" />
  <remembered-set-cleared processed="0" cleared="0" durationms="0.129" />
</gc-op>
<gc-end id="11" type="partial gc" contextid="4" durationms="14.031" usertimems="12.000" systemtimems="0.000" timestamp="2019-06-14T19:10:11.732" activeThreads="4">
  <mem-info id="12" free="6291456" total="8388608" percent="75">
    <mem type="eden" free="577920" total="2097152" percent="27" />
    <pending-finalizers system="1" default="0" reference="442" classloader="0" />
    <remembered-set count="2048" freebytes="326656" totalbytes="334848" percent="97" regionsoverflowed="0" regionsstable="0" regionsrebuilding="0"/>
  </mem-info>
</gc-end>
<cycle-end id="13" type="partial gc" contextid="4" timestamp="2019-06-14T19:10:11.732" />
  <attribute name="elasticGC enabled" value="1" />
  <attribute name= "numThreadsSpecified" value="4" />
  <attribute name="heapSize specified" value="0" />
  <attribute name="Current GC Util" value="62" />
  <attribute name= "Current Time Running" value="393" />
  <attribute name ="GC Interval" value="0" />
  <attribute name="ProportionalT" value="21.000000" />
  <attribute name="ProportionalI" value="21.000000" />
  <attribute name="ProportionalH" value="21.000000" />
  <attribute name="Current Error" value="42.000000" />
  <attribute name="IntegralT" value="-7736.000000" />
  <attribute name="IntegralI" value="-7736.000000" />
  <attribute name="IntegralH" value="-7736.000000" />
  <attribute name="DerivativeT" value="10.500000" />
  <attribute name="DerivativeI" value="10.500000" />
  <attribute name="DerivativeH" value="10.500000" />
  <attribute name="Loop Time for DT" value="2.000000" />
  <attribute name="Output H" value="2091843584"/>
  <attribute name="Output I" value="200"/>
  <attribute name="Output T" value="4"/>
  <attribute name="Target GC Util Change" value ="20.000000" />
  <attribute name="Current GC Util Change" value="62.000000"/>
  <attribute name="GC Util currently" value="62" />
  <attribute name="CPU Util currently" value="97" />
<exclusive-end id="14" timestamp="2019-06-14T19:10:11.733" durationms="15.192" />

<exclusive-start id="15" timestamp="2019-06-14T19:10:11.906" intervalms="188.122">
  <response-info timems="0.106" idlems="0.106" threads="0" lastid="0000000001B63700" lastname="main" />
</exclusive-start>
<sys-start reason="explicit" id="16" timestamp="2019-06-14T19:10:11.906" intervalms="685.575" />
<cycle-start id="17" type="global garbage collect" contextid="0" timestamp="2019-06-14T19:10:11.906" intervalms="685.751" />
<gc-start id="18" type="global garbage collect" contextid="17" timestamp="2019-06-14T19:10:11.906">
  <mem-info id="19" free="643512" total="8388608" percent="7">
    <mem type="eden" free="643512" total="6291456" percent="10" />
    <remembered-set count="1696" freebytes="328064" totalbytes="334848" percent="97" regionsoverflowed="0" regionsstable="0" regionsrebuilding="0"/>
  </mem-info>
</gc-start>
<allocation-stats totalBytes="5612168" >
  <allocated-bytes non-tlh="192896" tlh="5419272" arrayletleaf="0"/>
  <largest-consumer threadName="main" threadId="0000000001B63700" bytes="5587856" />
</allocation-stats>
<gc-op id="20" type="global mark" timems="5.791" contextid="17" timestamp="2019-06-14T19:10:11.912">
  <trace-info objectcount="29688" scancount="23259" scanbytes="871696" />
  <finalization candidates="15" enqueued="0" />
  <references type="soft" candidates="133" cleared="0" enqueued="0" dynamicThreshold="24" maxThreshold="32" />
  <references type="weak" candidates="174" cleared="28" enqueued="28" />
  <references type="phantom" candidates="85" cleared="2" enqueued="2" />
  <stringconstants candidates="3535" cleared="22"  />
</gc-op>
<gc-op id="21" type="classunload" timems="0.002" contextid="17" timestamp="2019-06-14T19:10:11.912">
  <classunload-info classloadercandidates="19" classloadersunloaded="0" classesunloaded="0" anonymousclassesunloaded="0" quiescems="0.000" setupms="0.002" scanms="0.000" postms="0.000" />
</gc-op>
<gc-op id="22" type="sweep" timems="1.419" contextid="17" timestamp="2019-06-14T19:10:11.914" />
<gc-op id="23" type="compact" timems="4.305" contextid="17" timestamp="2019-06-14T19:10:11.919">
  <compact-info movecount="29641" movebytes="1960120" />
  <remembered-set-cleared processed="9250" cleared="9250" durationms="0.082" />
</gc-op>
<gc-end id="24" type="global garbage collect" contextid="17" durationms="12.726" usertimems="12.000" systemtimems="4.000" timestamp="2019-06-14T19:10:11.919" activeThreads="4">
  <mem-info id="25" free="5242880" total="8388608" percent="62">
    <pending-finalizers system="0" default="0" reference="30" classloader="0" />
    <remembered-set count="3584" freebytes="320512" totalbytes="334848" percent="95" regionsoverflowed="0" regionsstable="0" regionsrebuilding="0"/>
  </mem-info>
</gc-end>
<cycle-end id="26" type="global garbage collect" contextid="17" timestamp="2019-06-14T19:10:11.919" />
  <attribute name="elasticGC enabled" value="1" />
  <attribute name= "numThreadsSpecified" value="4" />
  <attribute name="heapSize specified" value="0" />
  <attribute name="Current GC Util" value="66" />
  <attribute name= "Current Time Running" value="583" />
  <attribute name ="GC Interval" value="0" />
  <attribute name="ProportionalT" value="23.000000" />
  <attribute name="ProportionalI" value="23.000000" />
  <attribute name="ProportionalH" value="23.000000" />
  <attribute name="Current Error" value="46.000000" />
  <attribute name="IntegralT" value="92.000000" />
  <attribute name="IntegralI" value="92.000000" />
  <attribute name="IntegralH" value="92.000000" />
  <attribute name="DerivativeT" value="-1.750000" />
  <attribute name="DerivativeI" value="-1.750000" />
  <attribute name="DerivativeH" value="-1.750000" />
  <attribute name="Loop Time for DT" value="2.000000" />
  <attribute name="Output H" value="8388608"/>
  <attribute name="Output I" value="200"/>
  <attribute name="Output T" value="4"/>
  <attribute name="Target GC Util Change" value ="20.000000" />
  <attribute name="Current GC Util Change" value="66.000000"/>
  <attribute name="GC Util currently" value="66" />
  <attribute name="CPU Util currently" value="2695163405685" />
<sys-end id="27" timestamp="2019-06-14T19:10:11.919" />
<exclusive-end id="28" timestamp="2019-06-14T19:10:11.919" durationms="13.565" />

<exclusive-start id="29" timestamp="2019-06-14T19:10:12.065" intervalms="159.117">
  <response-info timems="0.034" idlems="0.034" threads="0" lastid="0000000001E94900" lastname="Thread-3" />
</exclusive-start>
<allocation-taxation id="30" taxation-threshold="5242880" timestamp="2019-06-14T19:10:12.065" intervalms="347.137" />
<cycle-start id="31" type="partial gc" contextid="0" timestamp="2019-06-14T19:10:12.065" intervalms="346.942" />
<gc-start id="32" type="partial gc" contextid="31" timestamp="2019-06-14T19:10:12.065">
  <mem-info id="33" free="0" total="8388608" percent="0">
    <mem type="eden" free="0" total="5242880" percent="0" />
    <remembered-set count="3168" freebytes="322176" totalbytes="334848" percent="96" regionsoverflowed="0" regionsstable="0" regionsrebuilding="0"/>
  </mem-info>
</gc-start>
<allocation-stats totalBytes="5222120" >
  <allocated-bytes non-tlh="395736" tlh="4826384" arrayletleaf="0"/>
  <largest-consumer threadName="Thread-6" threadId="0000000001E9FD00" bytes="1741744" />
</allocation-stats>
<gc-op id="34" type="mark" timems="1.647" contextid="31" timestamp="2019-06-14T19:10:12.067">
  <trace-info objectcount="10559" scancount="8074" scanbytes="665316" />
  <cardclean-info objects="1412" bytes="65188" />
  <remembered-set-cleared processed="1969" cleared="211" durationms="0.068" />
  <finalization candidates="10" enqueued="0" />
  <references type="soft" candidates="31" cleared="0" enqueued="0" dynamicThreshold="20" maxThreshold="32" />
  <references type="weak" candidates="145" cleared="27" enqueued="26" />
  <references type="phantom" candidates="11" cleared="0" enqueued="0" />
  <stringconstants candidates="3942" cleared="0"  />
  <warning details="Mark invoked due to insufficient free space for Copy-Forward" />
</gc-op>
<gc-op id="35" type="classunload" timems="0.226" contextid="31" timestamp="2019-06-14T19:10:12.068">
  <classunload-info classloadercandidates="19" classloadersunloaded="0" classesunloaded="1" anonymousclassesunloaded="1" quiescems="0.000" setupms="0.221" scanms="0.002" postms="0.002" />
</gc-op>
<gc-op id="36" type="sweep" timems="0.340" contextid="31" timestamp="2019-06-14T19:10:12.068" />
<gc-op id="37" type="compact" timems="2.243" contextid="31" timestamp="2019-06-14T19:10:12.071">
  <compact-info movecount="10559" movebytes="1120928" />
  <remembered-set-cleared processed="5232" cleared="1679" durationms="0.068" />
</gc-op>
<heap-resize id="38" type="expand" space="default" amount="3145728" count="1" timems="0.068" reason="insufficient free space following gc" timestamp="2019-06-14T19:10:12.071" />
<gc-end id="39" type="partial gc" contextid="31" durationms="6.222" usertimems="0.000" systemtimems="4.000" timestamp="2019-06-14T19:10:12.071" activeThreads="1">
  <mem-info id="40" free="6291456" total="11534336" percent="54">
    <mem type="eden" free="965528" total="2097152" percent="46" />
    <pending-finalizers system="0" default="0" reference="26" classloader="0" />
    <remembered-set count="4480" freebytes="442496" totalbytes="460416" percent="96" regionsoverflowed="0" regionsstable="0" regionsrebuilding="0"/>
  </mem-info>
</gc-end>
<cycle-end id="41" type="partial gc" contextid="31" timestamp="2019-06-14T19:10:12.072" />
  <attribute name="elasticGC enabled" value="1" />
  <attribute name= "numThreadsSpecified" value="1" />
  <attribute name="heapSize specified" value="0" />
  <attribute name="Current GC Util" value="26" />
  <attribute name= "Current Time Running" value="737" />
  <attribute name ="GC Interval" value="0" />
  <attribute name="ProportionalT" value="3.000000" />
  <attribute name="ProportionalI" value="3.000000" />
  <attribute name="ProportionalH" value="3.000000" />
  <attribute name="Current Error" value="6.000000" />
  <attribute name="IntegralT" value="0.000000" />
  <attribute name="IntegralI" value="0.000000" />
  <attribute name="IntegralH" value="0.000000" />
  <attribute name="DerivativeT" value="inf" />
  <attribute name="DerivativeI" value="inf" />
  <attribute name="DerivativeH" value="inf" />
  <attribute name="Loop Time for DT" value="0.000000" />
  <attribute name="Output H" value="8388608"/>
  <attribute name="Output I" value="200"/>
  <attribute name="Output T" value="1"/>
  <attribute name="Target GC Util Change" value ="20.000000" />
  <attribute name="Current GC Util Change" value="26.000000"/>
  <attribute name="GC Util currently" value="26" />
  <attribute name="CPU Util currently" value="7834622517478" />
<exclusive-end id="42" timestamp="2019-06-14T19:10:12.072" durationms="7.022" />

<exclusive-start id="43" timestamp="2019-06-14T19:10:12.166" intervalms="101.625">
  <response-info timems="0.030" idlems="0.030" threads="0" lastid="0000000001E9FD00" lastname="Thread-6" />
</exclusive-start>
<allocation-taxation id="44" taxation-threshold="3145728" timestamp="2019-06-14T19:10:12.166" intervalms="101.621" />
<cycle-start id="45" type="global mark phase" contextid="0" timestamp="2019-06-14T19:10:12.167" intervalms="946.386" />
<gc-start id="46" type="global mark phase" contextid="45" timestamp="2019-06-14T19:10:12.167">
  <mem-info id="47" free="3145728" total="11534336" percent="27">
    <remembered-set count="4064" freebytes="444160" totalbytes="460416" percent="96" regionsoverflowed="0" regionsstable="0" regionsrebuilding="0"/>
  </mem-info>
</gc-start>
<gc-op id="48" type="mark increment" timems="0.557" contextid="45" timestamp="2019-06-14T19:10:12.167">
  <trace-info objectcount="210" scancount="0" scanbytes="0" />
</gc-op>
<gc-end id="49" type="global mark phase" contextid="45" durationms="0.665" usertimems="4.000" systemtimems="0.000" timestamp="2019-06-14T19:10:12.167" activeThreads="4">
  <mem-info id="50" free="3145728" total="11534336" percent="27">
    <remembered-set count="4064" freebytes="444160" totalbytes="460416" percent="96" regionsoverflowed="0" regionsstable="0" regionsrebuilding="0"/>
  </mem-info>
</gc-end>
<concurrent-start id="51" type="GMP work packet processing" contextid="45" timestamp="2019-06-14T19:10:12.167">
  <concurrent-mark-start scanTarget="18446744073709551615" />
</concurrent-start>
<concurrent-end id="52" type="GMP work packet processing" contextid="45" timestamp="2019-06-14T19:10:12.170">
  <concurrent-mark-end bytesScanned="1519504" reasonForTermination="Completed all work in GC phase" />
</concurrent-end>

<exclusive-end id="53" timestamp="2019-06-14T19:10:12.170" durationms="3.601" />

<exclusive-start id="54" timestamp="2019-06-14T19:10:12.223" intervalms="57.053">
  <response-info timems="0.240" idlems="0.129" threads="1" lastid="0000000001E9FD00" lastname="Thread-6" />
</exclusive-start>
<allocation-taxation id="55" taxation-threshold="3145728" timestamp="2019-06-14T19:10:12.224" intervalms="57.097" />
<cycle-start id="56" type="partial gc" contextid="0" timestamp="2019-06-14T19:10:12.224" intervalms="158.755" />
<gc-start id="57" type="partial gc" contextid="56" timestamp="2019-06-14T19:10:12.224">
  <mem-info id="58" free="0" total="11534336" percent="0">
    <mem type="eden" free="0" total="7340032" percent="0" />
    <remembered-set count="4064" freebytes="444160" totalbytes="460416" percent="96" regionsoverflowed="0" regionsstable="0" regionsrebuilding="0"/>
  </mem-info>
</gc-start>
<allocation-stats totalBytes="6192856" >
  <allocated-bytes non-tlh="33904" tlh="6158952" arrayletleaf="0"/>
  <largest-consumer threadName="Thread-6" threadId="0000000001E9FD00" bytes="1610872" />
</allocation-stats>
<gc-op id="59" type="mark" timems="1.542" contextid="56" timestamp="2019-06-14T19:10:12.226">
  <trace-info objectcount="10221" scancount="7896" scanbytes="748880" />
  <cardclean-info objects="950" bytes="51608" />
  <remembered-set-cleared processed="2639" cleared="906" durationms="0.069" />
  <finalization candidates="10" enqueued="0" />
  <references type="soft" candidates="31" cleared="0" enqueued="0" dynamicThreshold="8" maxThreshold="32" />
  <references type="weak" candidates="118" cleared="1" enqueued="1" />
  <references type="phantom" candidates="11" cleared="0" enqueued="0" />
  <stringconstants candidates="3961" cleared="0"  />
  <warning details="Mark invoked due to insufficient free space for Copy-Forward" />
</gc-op>
<gc-op id="60" type="classunload" timems="0.002" contextid="56" timestamp="2019-06-14T19:10:12.226">
  <classunload-info classloadercandidates="20" classloadersunloaded="0" classesunloaded="0" anonymousclassesunloaded="0" quiescems="0.000" setupms="0.002" scanms="0.000" postms="0.000" />
</gc-op>
<gc-op id="61" type="sweep" timems="0.434" contextid="56" timestamp="2019-06-14T19:10:12.227" />
<gc-op id="62" type="compact" timems="2.022" contextid="56" timestamp="2019-06-14T19:10:12.229">
  <compact-info movecount="10221" movebytes="1366256" />
  <remembered-set-cleared processed="6033" cleared="2560" durationms="0.069" />
</gc-op>
<gc-end id="63" type="partial gc" contextid="56" durationms="5.470" usertimems="4.000" systemtimems="0.000" timestamp="2019-06-14T19:10:12.229" activeThreads="4">
  <mem-info id="64" free="6291456" total="11534336" percent="54">
    <mem type="eden" free="97240" total="1048576" percent="9" />
    <pending-finalizers system="0" default="0" reference="1" classloader="0" />
    <remembered-set count="4000" freebytes="444416" totalbytes="460416" percent="96" regionsoverflowed="0" regionsstable="0" regionsrebuilding="0"/>
  </mem-info>
</gc-end>
<cycle-end id="65" type="partial gc" contextid="56" timestamp="2019-06-14T19:10:12.230" />
  <attribute name="elasticGC enabled" value="1" />
  <attribute name= "numThreadsSpecified" value="4" />
  <attribute name="heapSize specified" value="0" />
  <attribute name="Current GC Util" value="21" />
  <attribute name= "Current Time Running" value="896" />
  <attribute name ="GC Interval" value="0" />
  <attribute name="ProportionalT" value="0.500000" />
  <attribute name="ProportionalI" value="0.500000" />
  <attribute name="ProportionalH" value="0.500000" />
  <attribute name="Current Error" value="1.000000" />
  <attribute name="IntegralT" value="1.000000" />
  <attribute name="IntegralI" value="1.000000" />
  <attribute name="IntegralH" value="1.000000" />
  <attribute name="DerivativeT" value="0.500000" />
  <attribute name="DerivativeI" value="0.500000" />
  <attribute name="DerivativeH" value="0.500000" />
  <attribute name="Loop Time for DT" value="1.000000" />
  <attribute name="Output H" value="8388608"/>
  <attribute name="Output I" value="200"/>
  <attribute name="Output T" value="4"/>
  <attribute name="Target GC Util Change" value ="20.000000" />
  <attribute name="Current GC Util Change" value="21.000000"/>
  <attribute name="GC Util currently" value="21" />
  <attribute name="CPU Util currently" value="6951088883644" />
<exclusive-end id="66" timestamp="2019-06-14T19:10:12.230" durationms="6.374" />

<exclusive-start id="67" timestamp="2019-06-14T19:10:12.293" intervalms="69.804">
  <response-info timems="0.079" idlems="0.037" threads="2" lastid="0000000001E94900" lastname="Thread-3" />
</exclusive-start>
<allocation-taxation id="68" taxation-threshold="3145728" timestamp="2019-06-14T19:10:12.293" intervalms="69.751" />
<gc-start id="69" type="global mark phase" contextid="45" timestamp="2019-06-14T19:10:12.293">
  <mem-info id="70" free="3145728" total="11534336" percent="27">
    <remembered-set count="3840" freebytes="445056" totalbytes="460416" percent="96" regionsoverflowed="0" regionsstable="0" regionsrebuilding="0"/>
  </mem-info>
</gc-start>
<gc-op id="71" type="mark increment" timems="1.553" contextid="45" timestamp="2019-06-14T19:10:12.295">
  <trace-info objectcount="9986" scancount="7640" scanbytes="707184" />
  <cardclean-info objects="1686" bytes="83300" />
  <finalization candidates="25" enqueued="0" />
  <references type="soft" candidates="164" cleared="0" enqueued="0" dynamicThreshold="17" maxThreshold="32" />
  <references type="weak" candidates="263" cleared="0" enqueued="0" />
  <references type="phantom" candidates="93" cleared="2" enqueued="2" />
  <stringconstants candidates="3963" cleared="0"  />
</gc-op>
<gc-op id="72" type="classunload" timems="0.003" contextid="45" timestamp="2019-06-14T19:10:12.295">
  <classunload-info classloadercandidates="20" classloadersunloaded="0" classesunloaded="0" anonymousclassesunloaded="0" quiescems="0.000" setupms="0.003" scanms="0.000" postms="0.000" />
</gc-op>
<gc-end id="73" type="global mark phase" contextid="45" durationms="1.776" usertimems="4.000" systemtimems="0.000" timestamp="2019-06-14T19:10:12.295" activeThreads="4">
  <mem-info id="74" free="3145728" total="11534336" percent="27">
    <pending-finalizers system="0" default="0" reference="2" classloader="0" />
    <remembered-set count="3840" freebytes="445056" totalbytes="460416" percent="96" regionsoverflowed="0" regionsstable="0" regionsrebuilding="0"/>
  </mem-info>
</gc-end>
<cycle-end id="75" type="global mark phase" contextid="45" timestamp="2019-06-14T19:10:12.295" />
  <attribute name="elasticGC enabled" value="1" />
  <attribute name= "numThreadsSpecified" value="4" />
  <attribute name="heapSize specified" value="0" />
  <attribute name="Current GC Util" value="72" />
  <attribute name= "Current Time Running" value="963" />
  <attribute name ="GC Interval" value="0" />
  <attribute name="ProportionalT" value="26.000000" />
  <attribute name="ProportionalI" value="26.000000" />
  <attribute name="ProportionalH" value="26.000000" />
  <attribute name="Current Error" value="52.000000" />
  <attribute name="IntegralT" value="0.000000" />
  <attribute name="IntegralI" value="0.000000" />
  <attribute name="IntegralH" value="0.000000" />
  <attribute name="DerivativeT" value="-inf" />
  <attribute name="DerivativeI" value="-inf" />
  <attribute name="DerivativeH" value="-inf" />
  <attribute name="Loop Time for DT" value="0.000000" />
  <attribute name="Output H" value="2091843584"/>
  <attribute name="Output I" value="200"/>
  <attribute name="Output T" value="4"/>
  <attribute name="Target GC Util Change" value ="20.000000" />
  <attribute name="Current GC Util Change" value="72.000000"/>
  <attribute name="GC Util currently" value="72" />
  <attribute name="CPU Util currently" value="10150341854545" />
<exclusive-end id="76" timestamp="2019-06-14T19:10:12.295" durationms="2.088" />

<exclusive-start id="77" timestamp="2019-06-14T19:10:12.333" intervalms="39.724">
  <response-info timems="0.044" idlems="0.044" threads="0" lastid="0000000001E98500" lastname="Thread-4" />
</exclusive-start>
<allocation-taxation id="78" taxation-threshold="3145728" timestamp="2019-06-14T19:10:12.333" intervalms="39.710" />
<cycle-start id="79" type="partial gc" contextid="0" timestamp="2019-06-14T19:10:12.333" intervalms="109.406" />
<gc-start id="80" type="partial gc" contextid="79" timestamp="2019-06-14T19:10:12.333">
  <mem-info id="81" free="0" total="11534336" percent="0">
    <mem type="eden" free="0" total="6291456" percent="0" />
    <remembered-set count="3840" freebytes="445056" totalbytes="460416" percent="96" regionsoverflowed="0" regionsstable="0" regionsrebuilding="0"/>
  </mem-info>
</gc-start>
<allocation-stats totalBytes="6220544" >
  <allocated-bytes non-tlh="64" tlh="6220480" arrayletleaf="0"/>
  <largest-consumer threadName="Thread-3" threadId="0000000001E94900" bytes="1157992" />
</allocation-stats>
<gc-op id="82" type="sweep" timems="0.370" contextid="79" timestamp="2019-06-14T19:10:12.334" />
<gc-op id="83" type="mark" timems="0.953" contextid="79" timestamp="2019-06-14T19:10:12.335">
  <trace-info objectcount="3110" scancount="2431" scanbytes="438616" />
  <cardclean-info objects="1252" bytes="60420" />
  <remembered-set-cleared processed="2997" cleared="725" durationms="0.074" />
  <references type="phantom" candidates="1" cleared="0" enqueued="0" />
  <stringconstants candidates="3963" cleared="0"  />
  <warning details="Mark invoked due to insufficient free space for Copy-Forward" />
</gc-op>
<gc-op id="84" type="classunload" timems="0.002" contextid="79" timestamp="2019-06-14T19:10:12.335">
  <classunload-info classloadercandidates="20" classloadersunloaded="0" classesunloaded="0" anonymousclassesunloaded="0" quiescems="0.000" setupms="0.002" scanms="0.000" postms="0.000" />
</gc-op>
<gc-op id="85" type="sweep" timems="0.419" contextid="79" timestamp="2019-06-14T19:10:12.336" />
<gc-op id="86" type="compact" timems="1.350" contextid="79" timestamp="2019-06-14T19:10:12.337">
  <compact-info movecount="3061" movebytes="1008760" />
  <remembered-set-cleared processed="6377" cleared="1728" durationms="0.074" />
</gc-op>
<gc-end id="87" type="partial gc" contextid="79" durationms="4.401" usertimems="4.000" systemtimems="4.000" timestamp="2019-06-14T19:10:12.338" activeThreads="4">
  <mem-info id="88" free="5242880" total="11534336" percent="45">
    <mem type="eden" free="60976" total="1048576" percent="5" />
    <remembered-set count="4192" freebytes="443648" totalbytes="460416" percent="96" regionsoverflowed="0" regionsstable="0" regionsrebuilding="0"/>
  </mem-info>
</gc-end>
<cycle-end id="89" type="partial gc" contextid="79" timestamp="2019-06-14T19:10:12.338" />
  <attribute name="elasticGC enabled" value="1" />
  <attribute name= "numThreadsSpecified" value="4" />
  <attribute name="heapSize specified" value="0" />
  <attribute name="Current GC Util" value="23" />
  <attribute name= "Current Time Running" value="1005" />
  <attribute name ="GC Interval" value="0" />
  <attribute name="ProportionalT" value="1.500000" />
  <attribute name="ProportionalI" value="1.500000" />
  <attribute name="ProportionalH" value="1.500000" />
  <attribute name="Current Error" value="3.000000" />
  <attribute name="IntegralT" value="3.000000" />
  <attribute name="IntegralI" value="3.000000" />
  <attribute name="IntegralH" value="3.000000" />
  <attribute name="DerivativeT" value="1.500000" />
  <attribute name="DerivativeI" value="1.500000" />
  <attribute name="DerivativeH" value="1.500000" />
  <attribute name="Loop Time for DT" value="1.000000" />
  <attribute name="Output H" value="8388608"/>
  <attribute name="Output I" value="200"/>
  <attribute name="Output T" value="4"/>
  <attribute name="Target GC Util Change" value ="20.000000" />
  <attribute name="Current GC Util Change" value="23.000000"/>
  <attribute name="GC Util currently" value="23" />
  <attribute name="CPU Util currently" value="6705556332551" />
<exclusive-end id="90" timestamp="2019-06-14T19:10:12.338" durationms="5.184" />

<exclusive-start id="91" timestamp="2019-06-14T19:10:12.391" intervalms="58.392">
  <response-info timems="0.083" idlems="0.083" threads="0" lastid="0000000001E98500" lastname="Thread-4" />
</exclusive-start>
<allocation-taxation id="92" taxation-threshold="5242880" timestamp="2019-06-14T19:10:12.391" intervalms="58.403" />
<cycle-start id="93" type="partial gc" contextid="0" timestamp="2019-06-14T19:10:12.391" intervalms="58.410" />
<gc-start id="94" type="partial gc" contextid="93" timestamp="2019-06-14T19:10:12.392">
  <mem-info id="95" free="0" total="11534336" percent="0">
    <mem type="eden" free="0" total="5242880" percent="0" />
    <remembered-set count="4192" freebytes="443648" totalbytes="460416" percent="96" regionsoverflowed="0" regionsstable="0" regionsrebuilding="0"/>
  </mem-info>
</gc-start>
<allocation-stats totalBytes="5183592" >
  <allocated-bytes non-tlh="32776" tlh="5150816" arrayletleaf="0"/>
  <largest-consumer threadName="Thread-4" threadId="0000000001E98500" bytes="1860864" />
</allocation-stats>
<gc-op id="96" type="mark" timems="0.848" contextid="93" timestamp="2019-06-14T19:10:12.393">
  <trace-info objectcount="2408" scancount="1837" scanbytes="342960" />
  <cardclean-info objects="1006" bytes="51676" />
  <remembered-set-cleared processed="3237" cleared="720" durationms="0.078" />
  <references type="phantom" candidates="1" cleared="0" enqueued="0" />
  <stringconstants candidates="3963" cleared="0"  />
  <warning details="Mark invoked due to insufficient free space for Copy-Forward" />
</gc-op>
<gc-op id="97" type="classunload" timems="0.002" contextid="93" timestamp="2019-06-14T19:10:12.393">
  <classunload-info classloadercandidates="20" classloadersunloaded="0" classesunloaded="0" anonymousclassesunloaded="0" quiescems="0.000" setupms="0.002" scanms="0.000" postms="0.000" />
</gc-op>
<gc-op id="98" type="sweep" timems="0.402" contextid="93" timestamp="2019-06-14T19:10:12.394" />
<gc-op id="99" type="compact" timems="2.598" contextid="93" timestamp="2019-06-14T19:10:12.396">
  <compact-info movecount="7643" movebytes="1093856" />
  <remembered-set-cleared processed="5774" cleared="2635" durationms="0.078" />
</gc-op>
<heap-resize id="100" type="expand" space="default" amount="2097152" count="1" timems="0.064" reason="insufficient free space following gc" timestamp="2019-06-14T19:10:12.397" />
<gc-end id="101" type="partial gc" contextid="93" durationms="5.139" usertimems="0.000" systemtimems="4.000" timestamp="2019-06-14T19:10:12.397" activeThreads="1">
  <mem-info id="102" free="6291456" total="13631488" percent="46">
    <mem type="eden" free="430896" total="1048576" percent="41" />
    <remembered-set count="4352" freebytes="526720" totalbytes="544128" percent="96" regionsoverflowed="0" regionsstable="0" regionsrebuilding="0"/>
  </mem-info>
</gc-end>
<cycle-end id="103" type="partial gc" contextid="93" timestamp="2019-06-14T19:10:12.397" />
  <attribute name="elasticGC enabled" value="1" />
  <attribute name= "numThreadsSpecified" value="1" />
  <attribute name="heapSize specified" value="0" />
  <attribute name="Current GC Util" value="24" />
  <attribute name= "Current Time Running" value="1062" />
  <attribute name ="GC Interval" value="0" />
  <attribute name="ProportionalT" value="2.000000" />
  <attribute name="ProportionalI" value="2.000000" />
  <attribute name="ProportionalH" value="2.000000" />
  <attribute name="Current Error" value="4.000000" />
  <attribute name="IntegralT" value="0.000000" />
  <attribute name="IntegralI" value="0.000000" />
  <attribute name="IntegralH" value="0.000000" />
  <attribute name="DerivativeT" value="inf" />
  <attribute name="DerivativeI" value="inf" />
  <attribute name="DerivativeH" value="inf" />
  <attribute name="Loop Time for DT" value="0.000000" />
  <attribute name="Output H" value="8388608"/>
  <attribute name="Output I" value="200"/>
  <attribute name="Output T" value="1"/>
  <attribute name="Target GC Util Change" value ="20.000000" />
  <attribute name="Current GC Util Change" value="24.000000"/>
  <attribute name="GC Util currently" value="24" />
  <attribute name="CPU Util currently" value="7993894996423" />
<exclusive-end id="104" timestamp="2019-06-14T19:10:12.397" durationms="5.915" />

<exclusive-start id="105" timestamp="2019-06-14T19:10:12.461" intervalms="69.831">
  <response-info timems="0.034" idlems="0.034" threads="0" lastid="0000000001E94900" lastname="Thread-3" />
</exclusive-start>
<allocation-taxation id="106" taxation-threshold="6291456" timestamp="2019-06-14T19:10:12.461" intervalms="69.840" />
<cycle-start id="107" type="partial gc" contextid="0" timestamp="2019-06-14T19:10:12.461" intervalms="69.996" />
<gc-start id="108" type="partial gc" contextid="107" timestamp="2019-06-14T19:10:12.462">
  <mem-info id="109" free="0" total="13631488" percent="0">
    <mem type="eden" free="430896" total="7340032" percent="5" />
    <remembered-set count="3904" freebytes="528512" totalbytes="544128" percent="97" regionsoverflowed="0" regionsstable="0" regionsrebuilding="0"/>
  </mem-info>
</gc-start>
<allocation-stats totalBytes="6231488" >
  <allocated-bytes non-tlh="32776" tlh="6198712" arrayletleaf="0"/>
  <largest-consumer threadName="Thread-5" threadId="0000000001E9C100" bytes="2603144" />
</allocation-stats>
<gc-op id="110" type="mark" timems="0.947" contextid="107" timestamp="2019-06-14T19:10:12.463">
  <trace-info objectcount="2783" scancount="2184" scanbytes="473024" />
  <cardclean-info objects="1224" bytes="126204" />
  <remembered-set-cleared processed="3138" cleared="589" durationms="0.079" />
  <references type="weak" candidates="1" cleared="0" enqueued="0" />
  <references type="phantom" candidates="2" cleared="0" enqueued="0" />
  <stringconstants candidates="3963" cleared="0"  />
  <warning details="Mark invoked due to insufficient free space for Copy-Forward" />
</gc-op>
<gc-op id="111" type="classunload" timems="0.002" contextid="107" timestamp="2019-06-14T19:10:12.463">
  <classunload-info classloadercandidates="20" classloadersunloaded="0" classesunloaded="0" anonymousclassesunloaded="0" quiescems="0.000" setupms="0.002" scanms="0.000" postms="0.000" />
</gc-op>
<gc-op id="112" type="sweep" timems="0.414" contextid="107" timestamp="2019-06-14T19:10:12.464" />
<gc-op id="113" type="compact" timems="1.098" contextid="107" timestamp="2019-06-14T19:10:12.465">
  <compact-info movecount="2749" movebytes="1056592" />
  <remembered-set-cleared processed="6631" cleared="1324" durationms="0.079" />
</gc-op>
<heap-resize id="114" type="expand" space="default" amount="3145728" count="1" timems="0.065" reason="insufficient free space following gc" timestamp="2019-06-14T19:10:12.465" />
<gc-end id="115" type="partial gc" contextid="107" durationms="3.810" usertimems="4.000" systemtimems="0.000" timestamp="2019-06-14T19:10:12.465" activeThreads="4">
  <mem-info id="116" free="7340032" total="16777216" percent="43">
    <mem type="eden" free="2044592" total="3145728" percent="64" />
    <remembered-set count="5024" freebytes="649600" totalbytes="669696" percent="96" regionsoverflowed="0" regionsstable="0" regionsrebuilding="0"/>
  </mem-info>
</gc-end>
<cycle-end id="117" type="partial gc" contextid="107" timestamp="2019-06-14T19:10:12.466" />
  <attribute name="elasticGC enabled" value="1" />
  <attribute name= "numThreadsSpecified" value="4" />
  <attribute name="heapSize specified" value="0" />
  <attribute name="Current GC Util" value="32" />
  <attribute name= "Current Time Running" value="1133" />
  <attribute name ="GC Interval" value="0" />
  <attribute name="ProportionalT" value="6.000000" />
  <attribute name="ProportionalI" value="6.000000" />
  <attribute name="ProportionalH" value="6.000000" />
  <attribute name="Current Error" value="12.000000" />
  <attribute name="IntegralT" value="12.000000" />
  <attribute name="IntegralI" value="12.000000" />
  <attribute name="IntegralH" value="12.000000" />
  <attribute name="DerivativeT" value="6.000000" />
  <attribute name="DerivativeI" value="6.000000" />
  <attribute name="DerivativeH" value="6.000000" />
  <attribute name="Loop Time for DT" value="1.000000" />
  <attribute name="Output H" value="8388608"/>
  <attribute name="Output I" value="200"/>
  <attribute name="Output T" value="4"/>
  <attribute name="Target GC Util Change" value ="20.000000" />
  <attribute name="Current GC Util Change" value="32.000000"/>
  <attribute name="GC Util currently" value="32" />
  <attribute name="CPU Util currently" value="6782140545541" />
<exclusive-end id="118" timestamp="2019-06-14T19:10:12.466" durationms="4.677" />

<exclusive-start id="119" timestamp="2019-06-14T19:10:12.528" intervalms="66.439">
  <response-info timems="0.085" idlems="0.085" threads="0" lastid="0000000001E98500" lastname="Thread-4" />
</exclusive-start>
<allocation-taxation id="120" taxation-threshold="7340032" timestamp="2019-06-14T19:10:12.528" intervalms="66.525" />
<cycle-start id="121" type="partial gc" contextid="0" timestamp="2019-06-14T19:10:12.528" intervalms="66.407" />
<gc-start id="122" type="partial gc" contextid="121" timestamp="2019-06-14T19:10:12.528">
  <mem-info id="123" free="0" total="16777216" percent="0">
    <mem type="eden" free="0" total="7340032" percent="0" />
    <remembered-set count="4736" freebytes="650752" totalbytes="669696" percent="97" regionsoverflowed="0" regionsstable="0" regionsrebuilding="0"/>
  </mem-info>
</gc-start>
<allocation-stats totalBytes="7278984" >
  <allocated-bytes non-tlh="16392" tlh="7262592" arrayletleaf="0"/>
  <largest-consumer threadName="Thread-3" threadId="0000000001E94900" bytes="2837008" />
</allocation-stats>
<gc-op id="124" type="mark" timems="0.885" contextid="121" timestamp="2019-06-14T19:10:12.529">
  <trace-info objectcount="2208" scancount="1767" scanbytes="406988" />
  <cardclean-info objects="1173" bytes="75776" />
  <remembered-set-cleared processed="3344" cleared="721" durationms="0.085" />
  <stringconstants candidates="3963" cleared="0"  />
  <warning details="Mark invoked due to insufficient free space for Copy-Forward" />
</gc-op>
<gc-op id="125" type="classunload" timems="0.002" contextid="121" timestamp="2019-06-14T19:10:12.529">
  <classunload-info classloadercandidates="20" classloadersunloaded="0" classesunloaded="0" anonymousclassesunloaded="0" quiescems="0.000" setupms="0.002" scanms="0.000" postms="0.000" />
</gc-op>
<gc-op id="126" type="sweep" timems="0.419" contextid="121" timestamp="2019-06-14T19:10:12.530" />
<gc-op id="127" type="compact" timems="1.068" contextid="121" timestamp="2019-06-14T19:10:12.531">
  <compact-info movecount="2208" movebytes="839336" />
  <remembered-set-cleared processed="6808" cleared="1361" durationms="0.085" />
</gc-op>
<gc-end id="128" type="partial gc" contextid="121" durationms="3.501" usertimems="4.000" systemtimems="0.000" timestamp="2019-06-14T19:10:12.532" activeThreads="4">
  <mem-info id="129" free="7340032" total="16777216" percent="43">
    <mem type="eden" free="248488" total="1048576" percent="23" />
    <remembered-set count="4864" freebytes="650240" totalbytes="669696" percent="97" regionsoverflowed="0" regionsstable="0" regionsrebuilding="0"/>
  </mem-info>
</gc-end>
<cycle-end id="130" type="partial gc" contextid="121" timestamp="2019-06-14T19:10:12.532" />
  <attribute name="elasticGC enabled" value="1" />
  <attribute name= "numThreadsSpecified" value="4" />
  <attribute name="heapSize specified" value="0" />
  <attribute name="Current GC Util" value="28" />
  <attribute name= "Current Time Running" value="1199" />
  <attribute name ="GC Interval" value="0" />
  <attribute name="ProportionalT" value="4.000000" />
  <attribute name="ProportionalI" value="4.000000" />
  <attribute name="ProportionalH" value="4.000000" />
  <attribute name="Current Error" value="8.000000" />
  <attribute name="IntegralT" value="8.000000" />
  <attribute name="IntegralI" value="8.000000" />
  <attribute name="IntegralH" value="8.000000" />
  <attribute name="DerivativeT" value="4.000000" />
  <attribute name="DerivativeI" value="4.000000" />
  <attribute name="DerivativeH" value="4.000000" />
  <attribute name="Loop Time for DT" value="1.000000" />
  <attribute name="Output H" value="8388608"/>
  <attribute name="Output I" value="200"/>
  <attribute name="Output T" value="4"/>
  <attribute name="Target GC Util Change" value ="20.000000" />
  <attribute name="Current GC Util Change" value="28.000000"/>
  <attribute name="GC Util currently" value="28" />
  <attribute name="CPU Util currently" value="7464195508369" />
<exclusive-end id="131" timestamp="2019-06-14T19:10:12.532" durationms="4.287" />

<exclusive-start id="132" timestamp="2019-06-14T19:10:12.592" intervalms="64.565">
  <response-info timems="0.044" idlems="0.044" threads="0" lastid="0000000001E9FD00" lastname="Thread-6" />
</exclusive-start>
<allocation-taxation id="133" taxation-threshold="7340032" timestamp="2019-06-14T19:10:12.592" intervalms="64.466" />
<cycle-start id="134" type="partial gc" contextid="0" timestamp="2019-06-14T19:10:12.592" intervalms="64.422" />
<gc-start id="135" type="partial gc" contextid="134" timestamp="2019-06-14T19:10:12.593">
  <mem-info id="136" free="0" total="16777216" percent="0">
    <mem type="eden" free="0" total="7340032" percent="0" />
    <remembered-set count="4576" freebytes="651392" totalbytes="669696" percent="97" regionsoverflowed="0" regionsstable="0" regionsrebuilding="0"/>
  </mem-info>
</gc-start>
<allocation-stats totalBytes="7316808" >
  <allocated-bytes non-tlh="16392" tlh="7300416" arrayletleaf="0"/>
  <largest-consumer threadName="Thread-5" threadId="0000000001E9C100" bytes="2627616" />
</allocation-stats>
<gc-op id="137" type="mark" timems="1.114" contextid="134" timestamp="2019-06-14T19:10:12.594">
  <trace-info objectcount="2585" scancount="2063" scanbytes="418608" />
  <cardclean-info objects="1185" bytes="59756" />
  <remembered-set-cleared processed="3367" cleared="683" durationms="0.065" />
  <references type="weak" candidates="1" cleared="0" enqueued="0" />
  <references type="phantom" candidates="2" cleared="0" enqueued="0" />
  <stringconstants candidates="3963" cleared="0"  />
  <warning details="Mark invoked due to insufficient free space for Copy-Forward" />
</gc-op>
<gc-op id="138" type="classunload" timems="0.002" contextid="134" timestamp="2019-06-14T19:10:12.594">
  <classunload-info classloadercandidates="20" classloadersunloaded="0" classesunloaded="0" anonymousclassesunloaded="0" quiescems="0.000" setupms="0.002" scanms="0.000" postms="0.000" />
</gc-op>
<gc-op id="139" type="sweep" timems="0.320" contextid="134" timestamp="2019-06-14T19:10:12.594" />
<gc-op id="140" type="compact" timems="1.025" contextid="134" timestamp="2019-06-14T19:10:12.596">
  <compact-info movecount="2576" movebytes="1038608" />
  <remembered-set-cleared processed="7001" cleared="1424" durationms="0.065" />
</gc-op>
<heap-resize id="141" type="expand" space="default" amount="2097152" count="1" timems="0.062" reason="insufficient free space following gc" timestamp="2019-06-14T19:10:12.596" />
<gc-end id="142" type="partial gc" contextid="134" durationms="3.652" usertimems="0.000" systemtimems="4.000" timestamp="2019-06-14T19:10:12.596" activeThreads="4">
  <mem-info id="143" free="8388608" total="18874368" percent="44">
    <mem type="eden" free="10392" total="1048576" percent="0" />
    <remembered-set count="5056" freebytes="733184" totalbytes="753408" percent="97" regionsoverflowed="0" regionsstable="0" regionsrebuilding="0"/>
  </mem-info>
</gc-end>
<cycle-end id="144" type="partial gc" contextid="134" timestamp="2019-06-14T19:10:12.596" />
  <attribute name="elasticGC enabled" value="1" />
  <attribute name= "numThreadsSpecified" value="4" />
  <attribute name="heapSize specified" value="0" />
  <attribute name="Current GC Util" value="30" />
  <attribute name= "Current Time Running" value="1263" />
  <attribute name ="GC Interval" value="0" />
  <attribute name="ProportionalT" value="5.000000" />
  <attribute name="ProportionalI" value="5.000000" />
  <attribute name="ProportionalH" value="5.000000" />
  <attribute name="Current Error" value="10.000000" />
  <attribute name="IntegralT" value="0.000000" />
  <attribute name="IntegralI" value="0.000000" />
  <attribute name="IntegralH" value="0.000000" />
  <attribute name="DerivativeT" value="-inf" />
  <attribute name="DerivativeI" value="-inf" />
  <attribute name="DerivativeH" value="-inf" />
  <attribute name="Loop Time for DT" value="0.000000" />
  <attribute name="Output H" value="2091843584"/>
  <attribute name="Output I" value="200"/>
  <attribute name="Output T" value="4"/>
  <attribute name="Target GC Util Change" value ="20.000000" />
  <attribute name="Current GC Util Change" value="30.000000"/>
  <attribute name="GC Util currently" value="30" />
  <attribute name="CPU Util currently" value="9358964714672" />
<exclusive-end id="145" timestamp="2019-06-14T19:10:12.597" durationms="4.444" />

<exclusive-start id="146" timestamp="2019-06-14T19:10:12.671" intervalms="78.385">
  <response-info timems="0.028" idlems="0.028" threads="0" lastid="0000000001E94900" lastname="Thread-3" />
</exclusive-start>
<allocation-taxation id="147" taxation-threshold="8388608" timestamp="2019-06-14T19:10:12.671" intervalms="78.391" />
<cycle-start id="148" type="partial gc" contextid="0" timestamp="2019-06-14T19:10:12.671" intervalms="78.399" />
<gc-start id="149" type="partial gc" contextid="148" timestamp="2019-06-14T19:10:12.671">
  <mem-info id="150" free="0" total="18874368" percent="0">
    <mem type="eden" free="0" total="8388608" percent="0" />
    <remembered-set count="4768" freebytes="734336" totalbytes="753408" percent="97" regionsoverflowed="0" regionsstable="0" regionsrebuilding="0"/>
  </mem-info>
</gc-start>
<allocation-stats totalBytes="8360776" >
  <allocated-bytes non-tlh="32776" tlh="8328000" arrayletleaf="0"/>
  <largest-consumer threadName="Thread-3" threadId="0000000001E94900" bytes="2849160" />
</allocation-stats>
<gc-op id="151" type="mark" timems="0.951" contextid="148" timestamp="2019-06-14T19:10:12.672">
  <trace-info objectcount="2575" scancount="2075" scanbytes="420416" />
  <cardclean-info objects="1204" bytes="60668" />
  <remembered-set-cleared processed="3500" cleared="775" durationms="0.087" />
  <references type="weak" candidates="1" cleared="0" enqueued="0" />
  <references type="phantom" candidates="1" cleared="0" enqueued="0" />
  <stringconstants candidates="3963" cleared="0"  />
  <warning details="Mark invoked due to insufficient free space for Copy-Forward" />
</gc-op>
<gc-op id="152" type="classunload" timems="0.002" contextid="148" timestamp="2019-06-14T19:10:12.672">
  <classunload-info classloadercandidates="20" classloadersunloaded="0" classesunloaded="0" anonymousclassesunloaded="0" quiescems="0.000" setupms="0.002" scanms="0.000" postms="0.000" />
</gc-op>
<gc-op id="153" type="sweep" timems="0.463" contextid="148" timestamp="2019-06-14T19:10:12.673" />
<gc-op id="154" type="compact" timems="1.195" contextid="148" timestamp="2019-06-14T19:10:12.674">
  <compact-info movecount="2575" movebytes="1046408" />
  <remembered-set-cleared processed="7177" cleared="1509" durationms="0.087" />
</gc-op>
<gc-end id="155" type="partial gc" contextid="148" durationms="3.832" usertimems="4.000" systemtimems="0.000" timestamp="2019-06-14T19:10:12.675" activeThreads="4">
  <mem-info id="156" free="7340032" total="18874368" percent="38">
    <mem type="eden" free="4224" total="1048576" percent="0" />
    <remembered-set count="4992" freebytes="733440" totalbytes="753408" percent="97" regionsoverflowed="0" regionsstable="0" regionsrebuilding="0"/>
  </mem-info>
</gc-end>
<cycle-end id="157" type="partial gc" contextid="148" timestamp="2019-06-14T19:10:12.675" />
  <attribute name="elasticGC enabled" value="1" />
  <attribute name= "numThreadsSpecified" value="4" />
  <attribute name="heapSize specified" value="0" />
  <attribute name="Current GC Util" value="28" />
  <attribute name= "Current Time Running" value="1342" />
  <attribute name ="GC Interval" value="0" />
  <attribute name="ProportionalT" value="4.000000" />
  <attribute name="ProportionalI" value="4.000000" />
  <attribute name="ProportionalH" value="4.000000" />
  <attribute name="Current Error" value="8.000000" />
  <attribute name="IntegralT" value="8.000000" />
  <attribute name="IntegralI" value="8.000000" />
  <attribute name="IntegralH" value="8.000000" />
  <attribute name="DerivativeT" value="4.000000" />
  <attribute name="DerivativeI" value="4.000000" />
  <attribute name="DerivativeH" value="4.000000" />
  <attribute name="Loop Time for DT" value="1.000000" />
  <attribute name="Output H" value="8388608"/>
  <attribute name="Output I" value="200"/>
  <attribute name="Output T" value="4"/>
  <attribute name="Target GC Util Change" value ="20.000000" />
  <attribute name="Current GC Util Change" value="28.000000"/>
  <attribute name="GC Util currently" value="28" />
  <attribute name="CPU Util currently" value="6423596228645" />
<exclusive-end id="158" timestamp="2019-06-14T19:10:12.675" durationms="4.521" />

<exclusive-start id="159" timestamp="2019-06-14T19:10:12.733" intervalms="62.416">
  <response-info timems="0.038" idlems="0.038" threads="0" lastid="0000000001E9C100" lastname="Thread-5" />
</exclusive-start>
<allocation-taxation id="160" taxation-threshold="7340032" timestamp="2019-06-14T19:10:12.733" intervalms="62.420" />
<cycle-start id="161" type="partial gc" contextid="0" timestamp="2019-06-14T19:10:12.733" intervalms="62.425" />
<gc-start id="162" type="partial gc" contextid="161" timestamp="2019-06-14T19:10:12.733">
  <mem-info id="163" free="0" total="18874368" percent="0">
    <mem type="eden" free="0" total="7340032" percent="0" />
    <remembered-set count="4640" freebytes="734848" totalbytes="753408" percent="97" regionsoverflowed="0" regionsstable="0" regionsrebuilding="0"/>
  </mem-info>
</gc-start>
<allocation-stats totalBytes="7313376" >
  <allocated-bytes non-tlh="32776" tlh="7280600" arrayletleaf="0"/>
  <largest-consumer threadName="Thread-5" threadId="0000000001E9C100" bytes="2492128" />
</allocation-stats>
<gc-op id="164" type="mark" timems="0.868" contextid="161" timestamp="2019-06-14T19:10:12.735">
  <trace-info objectcount="2099" scancount="1692" scanbytes="371128" />
  <cardclean-info objects="1179" bytes="59684" />
  <remembered-set-cleared processed="3515" cleared="740" durationms="0.090" />
  <stringconstants candidates="3963" cleared="0"  />
  <warning details="Mark invoked due to insufficient free space for Copy-Forward" />
</gc-op>
<gc-op id="165" type="classunload" timems="0.002" contextid="161" timestamp="2019-06-14T19:10:12.735">
  <classunload-info classloadercandidates="20" classloadersunloaded="0" classesunloaded="0" anonymousclassesunloaded="0" quiescems="0.000" setupms="0.002" scanms="0.000" postms="0.000" />
</gc-op>
<gc-op id="166" type="sweep" timems="0.454" contextid="161" timestamp="2019-06-14T19:10:12.735" />
<gc-op id="167" type="compact" timems="1.231" contextid="161" timestamp="2019-06-14T19:10:12.737">
  <compact-info movecount="2099" movebytes="869704" />
  <remembered-set-cleared processed="7141" cleared="1380" durationms="0.090" />
</gc-op>
<heap-resize id="168" type="expand" space="default" amount="3145728" count="1" timems="0.068" reason="insufficient free space following gc" timestamp="2019-06-14T19:10:12.737" />
<gc-end id="169" type="partial gc" contextid="161" durationms="3.769" usertimems="8.000" systemtimems="0.000" timestamp="2019-06-14T19:10:12.737" activeThreads="4">
  <mem-info id="170" free="9437184" total="22020096" percent="42">
    <mem type="eden" free="179824" total="1048576" percent="17" />
    <remembered-set count="5664" freebytes="856320" totalbytes="878976" percent="97" regionsoverflowed="0" regionsstable="0" regionsrebuilding="0"/>
  </mem-info>
</gc-end>
<cycle-end id="171" type="partial gc" contextid="161" timestamp="2019-06-14T19:10:12.737" />
  <attribute name="elasticGC enabled" value="1" />
  <attribute name= "numThreadsSpecified" value="4" />
  <attribute name="heapSize specified" value="0" />
  <attribute name="Current GC Util" value="29" />
  <attribute name= "Current Time Running" value="1404" />
  <attribute name ="GC Interval" value="0" />
  <attribute name="ProportionalT" value="4.500000" />
  <attribute name="ProportionalI" value="4.500000" />
  <attribute name="ProportionalH" value="4.500000" />
  <attribute name="Current Error" value="9.000000" />
  <attribute name="IntegralT" value="9.000000" />
  <attribute name="IntegralI" value="9.000000" />
  <attribute name="IntegralH" value="9.000000" />
  <attribute name="DerivativeT" value="4.500000" />
  <attribute name="DerivativeI" value="4.500000" />
  <attribute name="DerivativeH" value="4.500000" />
  <attribute name="Loop Time for DT" value="1.000000" />
  <attribute name="Output H" value="8388608"/>
  <attribute name="Output I" value="200"/>
  <attribute name="Output T" value="4"/>
  <attribute name="Target GC Util Change" value ="20.000000" />
  <attribute name="Current GC Util Change" value="29.000000"/>
  <attribute name="GC Util currently" value="29" />
  <attribute name="CPU Util currently" value="7365181046491" />
<exclusive-end id="172" timestamp="2019-06-14T19:10:12.738" durationms="4.560" />

<exclusive-start id="173" timestamp="2019-06-14T19:10:12.818" intervalms="85.011">
  <response-info timems="0.034" idlems="0.034" threads="0" lastid="0000000001E9C100" lastname="Thread-5" />
</exclusive-start>
<allocation-taxation id="174" taxation-threshold="9437184" timestamp="2019-06-14T19:10:12.818" intervalms="85.015" />
<cycle-start id="175" type="partial gc" contextid="0" timestamp="2019-06-14T19:10:12.818" intervalms="85.013" />
<gc-start id="176" type="partial gc" contextid="175" timestamp="2019-06-14T19:10:12.818">
  <mem-info id="177" free="0" total="22020096" percent="0">
    <mem type="eden" free="0" total="9437184" percent="0" />
    <remembered-set count="5408" freebytes="857344" totalbytes="878976" percent="97" regionsoverflowed="0" regionsstable="0" regionsrebuilding="0"/>
  </mem-info>
</gc-start>
<allocation-stats totalBytes="9369768" >
  <allocated-bytes non-tlh="8200" tlh="9361568" arrayletleaf="0"/>
  <largest-consumer threadName="Thread-5" threadId="0000000001E9C100" bytes="3220752" />
</allocation-stats>
<gc-op id="178" type="mark" timems="0.949" contextid="175" timestamp="2019-06-14T19:10:12.820">
  <trace-info objectcount="2451" scancount="1970" scanbytes="412520" />
  <cardclean-info objects="1215" bytes="61292" />
  <remembered-set-cleared processed="3507" cleared="696" durationms="0.094" />
  <references type="phantom" candidates="1" cleared="0" enqueued="0" />
  <stringconstants candidates="3963" cleared="0"  />
  <warning details="Mark invoked due to insufficient free space for Copy-Forward" />
</gc-op>
<gc-op id="179" type="classunload" timems="0.002" contextid="175" timestamp="2019-06-14T19:10:12.820">
  <classunload-info classloadercandidates="20" classloadersunloaded="0" classesunloaded="0" anonymousclassesunloaded="0" quiescems="0.000" setupms="0.002" scanms="0.000" postms="0.000" />
</gc-op>
<gc-op id="180" type="sweep" timems="0.408" contextid="175" timestamp="2019-06-14T19:10:12.820" />
<gc-op id="181" type="compact" timems="1.286" contextid="175" timestamp="2019-06-14T19:10:12.822">
  <compact-info movecount="2451" movebytes="977880" />
  <remembered-set-cleared processed="7229" cleared="1378" durationms="0.094" />
</gc-op>
<heap-resize id="182" type="expand" space="default" amount="1048576" count="1" timems="0.054" reason="insufficient free space following gc" timestamp="2019-06-14T19:10:12.822" />
<gc-end id="183" type="partial gc" contextid="175" durationms="4.034" usertimems="0.000" systemtimems="4.000" timestamp="2019-06-14T19:10:12.822" activeThreads="1">
  <mem-info id="184" free="9437184" total="23068672" percent="40">
    <mem type="eden" free="73336" total="1048576" percent="6" />
    <remembered-set count="5664" freebytes="898176" totalbytes="920832" percent="97" regionsoverflowed="0" regionsstable="0" regionsrebuilding="0"/>
  </mem-info>
</gc-end>
<cycle-end id="185" type="partial gc" contextid="175" timestamp="2019-06-14T19:10:12.823" />
  <attribute name="elasticGC enabled" value="1" />
  <attribute name= "numThreadsSpecified" value="1" />
  <attribute name="heapSize specified" value="0" />
  <attribute name="Current GC Util" value="30" />
  <attribute name= "Current Time Running" value="1489" />
  <attribute name ="GC Interval" value="0" />
  <attribute name="ProportionalT" value="5.000000" />
  <attribute name="ProportionalI" value="5.000000" />
  <attribute name="ProportionalH" value="5.000000" />
  <attribute name="Current Error" value="10.000000" />
  <attribute name="IntegralT" value="0.000000" />
  <attribute name="IntegralI" value="0.000000" />
  <attribute name="IntegralH" value="0.000000" />
  <attribute name="DerivativeT" value="inf" />
  <attribute name="DerivativeI" value="inf" />
  <attribute name="DerivativeH" value="inf" />
  <attribute name="Loop Time for DT" value="0.000000" />
  <attribute name="Output H" value="8388608"/>
  <attribute name="Output I" value="200"/>
  <attribute name="Output T" value="1"/>
  <attribute name="Target GC Util Change" value ="20.000000" />
  <attribute name="Current GC Util Change" value="30.000000"/>
  <attribute name="GC Util currently" value="30" />
  <attribute name="CPU Util currently" value="7444110514475" />
<exclusive-end id="186" timestamp="2019-06-14T19:10:12.823" durationms="4.808" />

<exclusive-start id="187" timestamp="2019-06-14T19:10:12.913" intervalms="95.499">
  <response-info timems="0.071" idlems="0.071" threads="0" lastid="0000000001E98500" lastname="Thread-4" />
</exclusive-start>
<allocation-taxation id="188" taxation-threshold="9437184" timestamp="2019-06-14T19:10:12.914" intervalms="95.507" />
<cycle-start id="189" type="partial gc" contextid="0" timestamp="2019-06-14T19:10:12.914" intervalms="95.508" />
<gc-start id="190" type="partial gc" contextid="189" timestamp="2019-06-14T19:10:12.914">
  <mem-info id="191" free="0" total="23068672" percent="0">
    <mem type="eden" free="0" total="9437184" percent="0" />
    <remembered-set count="5248" freebytes="899840" totalbytes="920832" percent="97" regionsoverflowed="0" regionsstable="0" regionsrebuilding="0"/>
  </mem-info>
</gc-start>
<allocation-stats totalBytes="9371872" >
  <allocated-bytes non-tlh="16392" tlh="9355480" arrayletleaf="0"/>
  <largest-consumer threadName="Thread-4" threadId="0000000001E98500" bytes="2784192" />
</allocation-stats>
<gc-op id="192" type="mark" timems="0.938" contextid="189" timestamp="2019-06-14T19:10:12.915">
  <trace-info objectcount="2397" scancount="1970" scanbytes="415436" />
  <cardclean-info objects="1174" bytes="59040" />
  <remembered-set-cleared processed="3594" cleared="702" durationms="0.096" />
  <references type="phantom" candidates="1" cleared="0" enqueued="0" />
  <stringconstants candidates="3963" cleared="0"  />
  <warning details="Mark invoked due to insufficient free space for Copy-Forward" />
</gc-op>
<gc-op id="193" type="classunload" timems="0.002" contextid="189" timestamp="2019-06-14T19:10:12.915">
  <classunload-info classloadercandidates="20" classloadersunloaded="0" classesunloaded="0" anonymousclassesunloaded="0" quiescems="0.000" setupms="0.002" scanms="0.000" postms="0.000" />
</gc-op>
<gc-op id="194" type="sweep" timems="0.469" contextid="189" timestamp="2019-06-14T19:10:12.916" />
<gc-op id="195" type="compact" timems="1.177" contextid="189" timestamp="2019-06-14T19:10:12.917">
  <compact-info movecount="2397" movebytes="940808" />
  <remembered-set-cleared processed="7366" cleared="1361" durationms="0.096" />
</gc-op>
<gc-end id="196" type="partial gc" contextid="189" durationms="3.794" usertimems="4.000" systemtimems="0.000" timestamp="2019-06-14T19:10:12.918" activeThreads="4">
  <mem-info id="197" free="8388608" total="23068672" percent="36">
    <mem type="eden" free="107952" total="1048576" percent="10" />
    <remembered-set count="5344" freebytes="899456" totalbytes="920832" percent="97" regionsoverflowed="0" regionsstable="0" regionsrebuilding="0"/>
  </mem-info>
</gc-end>
<cycle-end id="198" type="partial gc" contextid="189" timestamp="2019-06-14T19:10:12.918" />
  <attribute name="elasticGC enabled" value="1" />
  <attribute name= "numThreadsSpecified" value="4" />
  <attribute name="heapSize specified" value="0" />
  <attribute name="Current GC Util" value="30" />
  <attribute name= "Current Time Running" value="1585" />
  <attribute name ="GC Interval" value="0" />
  <attribute name="ProportionalT" value="5.000000" />
  <attribute name="ProportionalI" value="5.000000" />
  <attribute name="ProportionalH" value="5.000000" />
  <attribute name="Current Error" value="10.000000" />
  <attribute name="IntegralT" value="10.000000" />
  <attribute name="IntegralI" value="10.000000" />
  <attribute name="IntegralH" value="10.000000" />
  <attribute name="DerivativeT" value="5.000000" />
  <attribute name="DerivativeI" value="5.000000" />
  <attribute name="DerivativeH" value="5.000000" />
  <attribute name="Loop Time for DT" value="1.000000" />
  <attribute name="Output H" value="8388608"/>
  <attribute name="Output I" value="200"/>
  <attribute name="Output T" value="4"/>
  <attribute name="Target GC Util Change" value ="20.000000" />
  <attribute name="Current GC Util Change" value="30.000000"/>
  <attribute name="GC Util currently" value="30" />
  <attribute name="CPU Util currently" value="6139231074857" />
<exclusive-end id="199" timestamp="2019-06-14T19:10:12.918" durationms="4.529" />

<exclusive-start id="200" timestamp="2019-06-14T19:10:13.003" intervalms="89.070">
  <response-info timems="0.033" idlems="0.033" threads="0" lastid="0000000001E98500" lastname="Thread-4" />
</exclusive-start>
<allocation-taxation id="201" taxation-threshold="8388608" timestamp="2019-06-14T19:10:13.003" intervalms="89.053" />
<cycle-start id="202" type="partial gc" contextid="0" timestamp="2019-06-14T19:10:13.003" intervalms="89.035" />
<gc-start id="203" type="partial gc" contextid="202" timestamp="2019-06-14T19:10:13.003">
  <mem-info id="204" free="0" total="23068672" percent="0">
    <mem type="eden" free="0" total="8388608" percent="0" />
    <remembered-set count="5344" freebytes="899456" totalbytes="920832" percent="97" regionsoverflowed="0" regionsstable="0" regionsrebuilding="0"/>
  </mem-info>
</gc-start>
<allocation-stats totalBytes="8318568" >
  <allocated-bytes non-tlh="65552" tlh="8253016" arrayletleaf="0"/>
  <largest-consumer threadName="Thread-4" threadId="0000000001E98500" bytes="2552208" />
</allocation-stats>
<gc-op id="205" type="mark" timems="0.894" contextid="202" timestamp="2019-06-14T19:10:13.004">
  <trace-info objectcount="1969" scancount="1596" scanbytes="350656" />
  <cardclean-info objects="1165" bytes="58636" />
  <remembered-set-cleared processed="3641" cleared="700" durationms="0.099" />
  <stringconstants candidates="3963" cleared="0"  />
  <warning details="Mark invoked due to insufficient free space for Copy-Forward" />
</gc-op>
<gc-op id="206" type="classunload" timems="0.002" contextid="202" timestamp="2019-06-14T19:10:13.004">
  <classunload-info classloadercandidates="20" classloadersunloaded="0" classesunloaded="0" anonymousclassesunloaded="0" quiescems="0.000" setupms="0.002" scanms="0.000" postms="0.000" />
</gc-op>
<gc-op id="207" type="sweep" timems="0.378" contextid="202" timestamp="2019-06-14T19:10:13.005" />
<gc-op id="208" type="compact" timems="1.037" contextid="202" timestamp="2019-06-14T19:10:13.006">
  <compact-info movecount="1968" movebytes="789504" />
  <remembered-set-cleared processed="7313" cleared="1203" durationms="0.099" />
</gc-op>
<heap-resize id="209" type="expand" space="default" amount="3145728" count="1" timems="0.081" reason="insufficient free space following gc" timestamp="2019-06-14T19:10:13.006" />
<gc-end id="210" type="partial gc" contextid="202" durationms="3.696" usertimems="4.000" systemtimems="0.000" timestamp="2019-06-14T19:10:13.007" activeThreads="4">
  <mem-info id="211" free="10485760" total="26214400" percent="40">
    <mem type="eden" free="259616" total="1048576" percent="24" />
    <remembered-set count="5504" freebytes="1024384" totalbytes="1046400" percent="97" regionsoverflowed="0" regionsstable="0" regionsrebuilding="0"/>
  </mem-info>
</gc-end>
<cycle-end id="212" type="partial gc" contextid="202" timestamp="2019-06-14T19:10:13.007" />
  <attribute name="elasticGC enabled" value="1" />
  <attribute name= "numThreadsSpecified" value="4" />
  <attribute name="heapSize specified" value="0" />
  <attribute name="Current GC Util" value="30" />
  <attribute name= "Current Time Running" value="1674" />
  <attribute name ="GC Interval" value="0" />
  <attribute name="ProportionalT" value="5.000000" />
  <attribute name="ProportionalI" value="5.000000" />
  <attribute name="ProportionalH" value="5.000000" />
  <attribute name="Current Error" value="10.000000" />
  <attribute name="IntegralT" value="10.000000" />
  <attribute name="IntegralI" value="10.000000" />
  <attribute name="IntegralH" value="10.000000" />
  <attribute name="DerivativeT" value="5.000000" />
  <attribute name="DerivativeI" value="5.000000" />
  <attribute name="DerivativeH" value="5.000000" />
  <attribute name="Loop Time for DT" value="1.000000" />
  <attribute name="Output H" value="8388608"/>
  <attribute name="Output I" value="200"/>
  <attribute name="Output T" value="4"/>
  <attribute name="Target GC Util Change" value ="20.000000" />
  <attribute name="Current GC Util Change" value="30.000000"/>
  <attribute name="GC Util currently" value="30" />
  <attribute name="CPU Util currently" value="7185650805923" />
<exclusive-end id="213" timestamp="2019-06-14T19:10:13.007" durationms="4.349" />

<exclusive-start id="214" timestamp="2019-06-14T19:10:13.111" intervalms="108.382">
  <response-info timems="0.033" idlems="0.033" threads="0" lastid="0000000001E98500" lastname="Thread-4" />
</exclusive-start>
<allocation-taxation id="215" taxation-threshold="10485760" timestamp="2019-06-14T19:10:13.111" intervalms="108.387" />
<cycle-start id="216" type="partial gc" contextid="0" timestamp="2019-06-14T19:10:13.111" intervalms="108.386" />
<gc-start id="217" type="partial gc" contextid="216" timestamp="2019-06-14T19:10:13.111">
  <mem-info id="218" free="0" total="26214400" percent="0">
    <mem type="eden" free="0" total="10485760" percent="0" />
    <remembered-set count="5504" freebytes="1024384" totalbytes="1046400" percent="97" regionsoverflowed="0" regionsstable="0" regionsrebuilding="0"/>
  </mem-info>
</gc-start>
<allocation-stats totalBytes="10444640" >
  <allocated-bytes non-tlh="32776" tlh="10411864" arrayletleaf="0"/>
  <largest-consumer threadName="Thread-4" threadId="0000000001E98500" bytes="4049928" />
</allocation-stats>
<gc-op id="219" type="mark" timems="0.894" contextid="216" timestamp="2019-06-14T19:10:13.113">
  <trace-info objectcount="1973" scancount="1614" scanbytes="368156" />
  <cardclean-info objects="1203" bytes="60464" />
  <remembered-set-cleared processed="3585" cleared="620" durationms="0.110" />
  <stringconstants candidates="3963" cleared="0"  />
  <warning details="Mark invoked due to insufficient free space for Copy-Forward" />
</gc-op>
<gc-op id="220" type="classunload" timems="0.002" contextid="216" timestamp="2019-06-14T19:10:13.113">
  <classunload-info classloadercandidates="20" classloadersunloaded="0" classesunloaded="0" anonymousclassesunloaded="0" quiescems="0.000" setupms="0.002" scanms="0.000" postms="0.000" />
</gc-op>
<gc-op id="221" type="sweep" timems="0.438" contextid="216" timestamp="2019-06-14T19:10:13.113" />
<gc-op id="222" type="compact" timems="1.202" contextid="216" timestamp="2019-06-14T19:10:13.115">
  <compact-info movecount="1973" movebytes="805896" />
  <remembered-set-cleared processed="7349" cleared="1178" durationms="0.110" />
</gc-op>
<heap-resize id="223" type="expand" space="default" amount="1048576" count="1" timems="0.054" reason="insufficient free space following gc" timestamp="2019-06-14T19:10:13.115" />
<gc-end id="224" type="partial gc" contextid="216" durationms="3.974" usertimems="4.000" systemtimems="0.000" timestamp="2019-06-14T19:10:13.115" activeThreads="1">
  <mem-info id="225" free="10485760" total="27262976" percent="38">
    <mem type="eden" free="242928" total="1048576" percent="23" />
    <remembered-set count="6080" freebytes="1063936" totalbytes="1088256" percent="97" regionsoverflowed="0" regionsstable="0" regionsrebuilding="0"/>
  </mem-info>
</gc-end>
<cycle-end id="226" type="partial gc" contextid="216" timestamp="2019-06-14T19:10:13.115" />
  <attribute name="elasticGC enabled" value="1" />
  <attribute name= "numThreadsSpecified" value="1" />
  <attribute name="heapSize specified" value="0" />
  <attribute name="Current GC Util" value="26" />
  <attribute name= "Current Time Running" value="1782" />
  <attribute name ="GC Interval" value="0" />
  <attribute name="ProportionalT" value="3.000000" />
  <attribute name="ProportionalI" value="3.000000" />
  <attribute name="ProportionalH" value="3.000000" />
  <attribute name="Current Error" value="6.000000" />
  <attribute name="IntegralT" value="0.000000" />
  <attribute name="IntegralI" value="0.000000" />
  <attribute name="IntegralH" value="0.000000" />
  <attribute name="DerivativeT" value="inf" />
  <attribute name="DerivativeI" value="inf" />
  <attribute name="DerivativeH" value="inf" />
  <attribute name="Loop Time for DT" value="0.000000" />
  <attribute name="Output H" value="8388608"/>
  <attribute name="Output I" value="200"/>
  <attribute name="Output T" value="1"/>
  <attribute name="Target GC Util Change" value ="20.000000" />
  <attribute name="Current GC Util Change" value="26.000000"/>
  <attribute name="GC Util currently" value="26" />
  <attribute name="CPU Util currently" value="7016073281685" />
<exclusive-end id="227" timestamp="2019-06-14T19:10:13.116" durationms="4.655" />

</verbosegc>

