<?xml version="1.0" ?>

<verbosegc xmlns="http://www.ibm.com/j9/verbosegc" version="08cc62e_CMPRSS">

<initialized id="1" timestamp="2019-08-02T23:54:31.010">
  <attribute name="gcPolicy" value="-Xgcpolicy:balanced" />
  <attribute name="elasticGC enabled" value="1" />
  <attribute name= "numThreadsSpecified" value="0" />
  <attribute name="heapSize specified" value="0" />
  <attribute name= "numCores" value="0" />
  <attribute name ="GC Interval" value="0" />
  <attribute name="GC Util Range Max" value="0" />
  <attribute name="Current GC Util" value="0" />
  <attribute name= "Current Time Running" value="0" />
  <attribute name="maxHeapSize" value="0x7cb00000" />
  <attribute name="initialHeapSize" value="0x800000" />
  <attribute name="compressedRefs" value="true" />
  <attribute name="compressedRefsDisplacement" value="0x0" />
  <attribute name="compressedRefsShift" value="0x0" />
  <attribute name="pageSize" value="0x1000" />
  <attribute name="pageType" value="not used" />
  <attribute name="requestedPageSize" value="0x1000" />
  <attribute name="requestedPageType" value="not used" />
  <attribute name="gcthreads" value="8" />
  <attribute name="packetListSplit" value="8" />
  <attribute name="cacheListSplit" value="8" />
  <attribute name="splitFreeListSplitAmount" value="1" />
  <attribute name="numaNodes" value="0" />
  <region>
    <attribute name="regionSize" value="1048576" />
    <attribute name="regionCount" value="1995" />
    <attribute name="arrayletLeafSize" value="1048576" />
  </region>
  <system>
    <attribute name="physicalMemory" value="8370401280" />
    <attribute name="numCPUs" value="8" />
    <attribute name="architecture" value="amd64" />
    <attribute name="os" value="Linux" />
    <attribute name="osVersion" value="4.4.0-154-generic" />
  </system>
  <vmargs>
    <vmarg name="-Xoptionsfile=/vagrant/jdk/lib/options.default" />
    <vmarg name="-Xlockword:mode=default,noLockword=java/lang/String,noLockword=java/util/MapEntry,noLockword=java/util/HashMap$Entry,noLockword..." />
    <vmarg name="-Xjcl:jclse29" />
    <vmarg name="-Dcom.ibm.oti.vm.bootstrap.library.path=/vagrant/jdk/lib/compressedrefs:/vagrant/jdk/lib" />
    <vmarg name="-Dsun.boot.library.path=/vagrant/jdk/lib/compressedrefs:/vagrant/jdk/lib" />
    <vmarg name="-Djava.library.path=/vagrant/jdk/lib/compressedrefs:/vagrant/jdk/lib:/usr/lib64:/usr/lib" />
    <vmarg name="-Djava.home=/vagrant/jdk" />
    <vmarg name="-Duser.dir=/vagrant" />
    <vmarg name="-Xgcpolicy:balanced" />
    <vmarg name="-Xgcelastic" />
    <vmarg name="-Xcheck:gc:::elasticGC" />
    <vmarg name="-verbose:gc" />
    <vmarg name="-Xloggc:jdkI-small-BAL-8core-verbose6sunflow.txt" />
    <vmarg name="-Djava.class.path=dacapo-9.12-MR1-bach.jar" />
    <vmarg name="-Dsun.java.command=dacapo-9.12-MR1-bach.jar sunflow --size=small" />
    <vmarg name="-Dsun.java.launcher=SUN_STANDARD" />
    <vmarg name="-Dsun.java.launcher.pid=24945" />
  </vmargs>
</initialized>

<exclusive-start id="2" timestamp="2019-08-02T23:54:31.455" intervalms="444.039">
  <response-info timems="0.032" idlems="0.032" threads="0" lastid="0000000000E21A00" lastname="main" />
</exclusive-start>
<sys-start reason="explicit" id="3" timestamp="2019-08-02T23:54:31.455" intervalms="444.517" />
<cycle-start id="4" type="global garbage collect" contextid="0" timestamp="2019-08-02T23:54:31.455" intervalms="444.755" />
<gc-start id="5" type="global garbage collect" contextid="4" timestamp="2019-08-02T23:54:31.455">
  <mem-info id="6" free="4216088" total="8388608" percent="50">
    <mem type="eden" free="22048" total="4194304" percent="0" />
    <remembered-set count="0" freebytes="334848" totalbytes="334848" percent="100" regionsoverflowed="0" regionsstable="0" regionsrebuilding="0"/>
  </mem-info>
</gc-start>
<allocation-stats totalBytes="4168592" >
  <allocated-bytes non-tlh="501912" tlh="3666680" arrayletleaf="0"/>
  <largest-consumer threadName="main" threadId="0000000000E21A00" bytes="4075640" />
</allocation-stats>
<gc-op id="7" type="global mark" timems="4.014" contextid="4" timestamp="2019-08-02T23:54:31.460">
  <trace-info objectcount="30324" scancount="23648" scanbytes="765988" />
  <finalization candidates="125" enqueued="1" />
  <ownableSynchronizers candidates="3" cleared="0" />
  <references type="soft" candidates="131" cleared="0" enqueued="0" dynamicThreshold="32" maxThreshold="32" />
  <references type="weak" candidates="1322" cleared="569" enqueued="479" />
  <references type="phantom" candidates="106" cleared="42" enqueued="42" />
  <stringconstants candidates="3958" cleared="0"  />
</gc-op>
<gc-op id="8" type="classunload" timems="0.072" contextid="4" timestamp="2019-08-02T23:54:31.460">
  <classunload-info classloadercandidates="7" classloadersunloaded="0" classesunloaded="0" anonymousclassesunloaded="0" quiescems="0.000" setupms="0.071" scanms="0.000" postms="0.000" />
</gc-op>
<gc-op id="9" type="sweep" timems="0.657" contextid="4" timestamp="2019-08-02T23:54:31.461" />
<gc-op id="10" type="compact" timems="4.879" contextid="4" timestamp="2019-08-02T23:54:31.466">
  <compact-info movecount="30225" movebytes="1343160" />
  <remembered-set-cleared processed="3721" cleared="3721" durationms="0.063" />
</gc-op>
<gc-end id="11" type="global garbage collect" contextid="4" durationms="11.756" usertimems="8.000" systemtimems="4.000" timestamp="2019-08-02T23:54:31.467" activeThreads="8">
  <mem-info id="12" free="6291456" total="8388608" percent="75">
    <pending-finalizers system="1" default="0" reference="521" classloader="0" />
    <remembered-set count="2560" freebytes="324608" totalbytes="334848" percent="96" regionsoverflowed="0" regionsstable="0" regionsrebuilding="0"/>
  </mem-info>
</gc-end>
<cycle-end id="13" type="global garbage collect" contextid="4" timestamp="2019-08-02T23:54:31.468" />
  <attribute name="elasticGC enabled" value="1" />
  <attribute name= "numThreadsSpecified" value="0" />
  <attribute name="heapSize specified" value="0" />
  <attribute name= "numCores" value="8" />
  <attribute name ="GC Interval" value="0" />
  <attribute name ="Control flow" value="1" />
  <attribute name="GC Util Range Max" value="118" />
  <attribute name="Current GC Util" value="71" />
  <attribute name= "Current Time Running" value="5" />
<sys-end id="14" timestamp="2019-08-02T23:54:31.468" />
<exclusive-end id="15" timestamp="2019-08-02T23:54:31.468" durationms="13.347" />

<exclusive-start id="16" timestamp="2019-08-02T23:54:31.667" intervalms="212.716">
  <response-info timems="0.084" idlems="0.084" threads="0" lastid="0000000001185B00" lastname="Thread-4" />
</exclusive-start>
<allocation-taxation id="17" taxation-threshold="6291456" timestamp="2019-08-02T23:54:31.667" intervalms="657.090" />
<cycle-start id="18" type="partial gc" contextid="0" timestamp="2019-08-02T23:54:31.668" intervalms="657.452" />
<gc-start id="19" type="partial gc" contextid="18" timestamp="2019-08-02T23:54:31.668">
  <mem-info id="20" free="0" total="8388608" percent="0">
    <mem type="eden" free="184080" total="6291456" percent="2" />
    <remembered-set count="2560" freebytes="324608" totalbytes="334848" percent="96" regionsoverflowed="0" regionsstable="0" regionsrebuilding="0"/>
  </mem-info>
</gc-start>
<allocation-stats totalBytes="6054496" >
  <allocated-bytes non-tlh="1038256" tlh="5016240" arrayletleaf="0"/>
  <largest-consumer threadName="main" threadId="0000000000E21A00" bytes="2988480" />
</allocation-stats>
<gc-op id="21" type="mark" timems="1.824" contextid="18" timestamp="2019-08-02T23:54:31.671">
  <trace-info objectcount="15326" scancount="12434" scanbytes="464008" />
  <cardclean-info objects="1336" bytes="48412" />
  <remembered-set-cleared processed="900" cleared="100" durationms="0.063" />
  <references type="soft" candidates="17" cleared="0" enqueued="0" dynamicThreshold="24" maxThreshold="32" />
  <references type="weak" candidates="45" cleared="29" enqueued="28" />
  <references type="phantom" candidates="2" cleared="0" enqueued="0" />
  <stringconstants candidates="4534" cleared="1"  />
  <warning details="Mark invoked due to insufficient free space for Copy-Forward" />
</gc-op>
<gc-op id="22" type="classunload" timems="0.002" contextid="18" timestamp="2019-08-02T23:54:31.671">
  <classunload-info classloadercandidates="8" classloadersunloaded="0" classesunloaded="0" anonymousclassesunloaded="0" quiescems="0.000" setupms="0.002" scanms="0.000" postms="0.000" />
</gc-op>
<gc-op id="23" type="sweep" timems="0.295" contextid="18" timestamp="2019-08-02T23:54:31.671" />
<gc-op id="24" type="compact" timems="1.520" contextid="18" timestamp="2019-08-02T23:54:31.673">
  <compact-info movecount="15326" movebytes="1664568" />
  <remembered-set-cleared processed="3173" cleared="1510" durationms="0.063" />
</gc-op>
<heap-resize id="25" type="expand" space="default" amount="1048576" count="1" timems="0.057" reason="insufficient free space following gc" timestamp="2019-08-02T23:54:31.673" />
<gc-end id="26" type="partial gc" contextid="18" durationms="5.298" usertimems="8.000" systemtimems="0.000" timestamp="2019-08-02T23:54:31.673" activeThreads="2">
  <mem-info id="27" free="5242880" total="9437184" percent="55">
    <mem type="eden" free="432280" total="2097152" percent="20" />
    <pending-finalizers system="0" default="0" reference="28" classloader="0" />
    <remembered-set count="3520" freebytes="362624" totalbytes="376704" percent="96" regionsoverflowed="0" regionsstable="0" regionsrebuilding="0"/>
  </mem-info>
</gc-end>
<cycle-end id="28" type="partial gc" contextid="18" timestamp="2019-08-02T23:54:31.673" />
  <attribute name="elasticGC enabled" value="1" />
  <attribute name= "numThreadsSpecified" value="2" />
  <attribute name="heapSize specified" value="0" />
  <attribute name= "numCores" value="8" />
  <attribute name ="GC Interval" value="0" />
  <attribute name ="Control flow" value="3" />
  <attribute name="GC Util Range Max" value="118" />
  <attribute name="Current GC Util" value="13" />
  <attribute name= "Current Time Running" value="215" />
<exclusive-end id="29" timestamp="2019-08-02T23:54:31.674" durationms="6.484" />

<exclusive-start id="30" timestamp="2019-08-02T23:54:31.732" intervalms="64.624">
  <response-info timems="0.083" idlems="0.083" threads="0" lastid="0000000001185B00" lastname="Thread-4" />
</exclusive-start>
<allocation-taxation id="31" taxation-threshold="2097152" timestamp="2019-08-02T23:54:31.732" intervalms="64.469" />
<cycle-start id="32" type="global mark phase" contextid="0" timestamp="2019-08-02T23:54:31.733" intervalms="722.282" />
<gc-start id="33" type="global mark phase" contextid="32" timestamp="2019-08-02T23:54:31.733">
  <mem-info id="34" free="3145728" total="9437184" percent="33">
    <remembered-set count="3424" freebytes="363008" totalbytes="376704" percent="96" regionsoverflowed="0" regionsstable="0" regionsrebuilding="0"/>
  </mem-info>
</gc-start>
<gc-op id="35" type="mark increment" timems="1.470" contextid="32" timestamp="2019-08-02T23:54:31.735">
  <trace-info objectcount="212" scancount="0" scanbytes="0" />
</gc-op>
<gc-end id="36" type="global mark phase" contextid="32" durationms="1.815" usertimems="0.000" systemtimems="4.000" timestamp="2019-08-02T23:54:31.735" activeThreads="8">
  <mem-info id="37" free="3145728" total="9437184" percent="33">
    <remembered-set count="3424" freebytes="363008" totalbytes="376704" percent="96" regionsoverflowed="0" regionsstable="0" regionsrebuilding="0"/>
  </mem-info>
</gc-end>
<concurrent-start id="38" type="GMP work packet processing" contextid="32" timestamp="2019-08-02T23:54:31.735">
  <concurrent-mark-start scanTarget="18446744073709551615" />
</concurrent-start>
<exclusive-end id="39" timestamp="2019-08-02T23:54:31.735" durationms="3.221" />

<concurrent-end id="40" type="GMP work packet processing" contextid="32" timestamp="2019-08-02T23:54:31.737">
  <concurrent-mark-end bytesScanned="1204728" reasonForTermination="Completed all work in GC phase" />
</concurrent-end>

<exclusive-start id="41" timestamp="2019-08-02T23:54:31.742" intervalms="10.647">
  <response-info timems="0.033" idlems="0.033" threads="0" lastid="0000000001185B00" lastname="Thread-4" />
</exclusive-start>
<allocation-taxation id="42" taxation-threshold="2097152" timestamp="2019-08-02T23:54:31.743" intervalms="10.605" />
<cycle-start id="43" type="partial gc" contextid="0" timestamp="2019-08-02T23:54:31.743" intervalms="74.918" />
<gc-start id="44" type="partial gc" contextid="43" timestamp="2019-08-02T23:54:31.743">
  <mem-info id="45" free="1048576" total="9437184" percent="11">
    <mem type="eden" free="0" total="4194304" percent="0" />
    <remembered-set count="3424" freebytes="363008" totalbytes="376704" percent="96" regionsoverflowed="0" regionsstable="0" regionsrebuilding="0"/>
  </mem-info>
</gc-start>
<allocation-stats totalBytes="4178440" >
  <allocated-bytes non-tlh="487480" tlh="3690960" arrayletleaf="0"/>
  <largest-consumer threadName="Thread-4" threadId="0000000001185B00" bytes="2089360" />
</allocation-stats>
<gc-op id="46" type="copy forward" timems="6.908" contextid="43" timestamp="2019-08-02T23:54:31.751">
  <memory-copied type="eden" objects="14" bytes="149160" bytesdiscarded="0" />
  <memory-copied type="other" objects="15215" bytes="1456072" bytesdiscarded="186792" />
  <memory-cardclean objects="109" bytes="8504" />
  <regions eden="4" other="2" />
  <remembered-set-cleared processed="1480" cleared="615" durationms="0.067" />
  <references type="soft" candidates="17" cleared="0" enqueued="0" dynamicThreshold="10" maxThreshold="32" />
  <references type="weak" candidates="16" cleared="0" enqueued="0" />
  <references type="phantom" candidates="2" cleared="0" enqueued="0" />
  <stringconstants candidates="4533" cleared="0"  />
  <heap-resize type="expand" space="default" amount="2097152" count="2" timems="0.452" reason="continue current collection" />
</gc-op>
<gc-op id="47" type="classunload" timems="0.002" contextid="43" timestamp="2019-08-02T23:54:31.751">
  <classunload-info classloadercandidates="8" classloadersunloaded="0" classesunloaded="0" anonymousclassesunloaded="0" quiescems="0.000" setupms="0.002" scanms="0.000" postms="0.000" />
</gc-op>
<gc-op id="48" type="compact" timems="0.903" contextid="43" timestamp="2019-08-02T23:54:31.752">
  <compact-info movecount="0" movebytes="0" />
  <remembered-set-cleared processed="2848" cleared="615" durationms="0.067" />
</gc-op>
<gc-end id="49" type="partial gc" contextid="43" durationms="9.717" usertimems="0.000" systemtimems="12.000" timestamp="2019-08-02T23:54:31.753" activeThreads="1">
  <mem-info id="50" free="6291456" total="11534336" percent="54">
    <mem type="eden" free="899416" total="1048576" percent="85" />
    <remembered-set count="4608" freebytes="441984" totalbytes="460416" percent="95" regionsoverflowed="0" regionsstable="0" regionsrebuilding="0"/>
  </mem-info>
</gc-end>
<cycle-end id="51" type="partial gc" contextid="43" timestamp="2019-08-02T23:54:31.753" />
  <attribute name="elasticGC enabled" value="1" />
  <attribute name= "numThreadsSpecified" value="1" />
  <attribute name="heapSize specified" value="0" />
  <attribute name= "numCores" value="8" />
  <attribute name ="GC Interval" value="0" />
  <attribute name ="Control flow" value="3" />
  <attribute name="GC Util Range Max" value="118" />
  <attribute name="Current GC Util" value="164" />
  <attribute name= "Current Time Running" value="295" />
<exclusive-end id="52" timestamp="2019-08-02T23:54:31.753" durationms="10.752" />

<exclusive-start id="53" timestamp="2019-08-02T23:54:31.803" intervalms="61.060">
  <response-info timems="0.089" idlems="0.089" threads="0" lastid="000000000118D300" lastname="Thread-11" />
</exclusive-start>
<allocation-taxation id="54" taxation-threshold="3145728" timestamp="2019-08-02T23:54:31.804" intervalms="61.109" />
<gc-start id="55" type="global mark phase" contextid="32" timestamp="2019-08-02T23:54:31.804">
  <mem-info id="56" free="3145728" total="11534336" percent="27">
    <remembered-set count="3360" freebytes="446976" totalbytes="460416" percent="97" regionsoverflowed="0" regionsstable="1" regionsrebuilding="0"/>
  </mem-info>
</gc-start>
<gc-op id="57" type="mark increment" timems="2.073" contextid="32" timestamp="2019-08-02T23:54:31.806">
  <trace-info objectcount="5664" scancount="5581" scanbytes="274796" />
  <cardclean-info objects="740" bytes="32284" />
  <finalization candidates="124" enqueued="0" />
  <ownableSynchronizers candidates="3" cleared="0" />
  <references type="soft" candidates="148" cleared="0" enqueued="0" dynamicThreshold="17" maxThreshold="32" />
  <references type="weak" candidates="769" cleared="0" enqueued="0" />
  <references type="phantom" candidates="65" cleared="2" enqueued="2" />
  <stringconstants candidates="4596" cleared="0"  />
</gc-op>
<gc-op id="58" type="classunload" timems="0.004" contextid="32" timestamp="2019-08-02T23:54:31.806">
  <classunload-info classloadercandidates="8" classloadersunloaded="0" classesunloaded="0" anonymousclassesunloaded="0" quiescems="0.000" setupms="0.003" scanms="0.000" postms="0.000" />
</gc-op>
<gc-end id="59" type="global mark phase" contextid="32" durationms="2.575" usertimems="4.000" systemtimems="0.000" timestamp="2019-08-02T23:54:31.806" activeThreads="2">
  <mem-info id="60" free="3145728" total="11534336" percent="27">
    <pending-finalizers system="0" default="0" reference="2" classloader="0" />
    <remembered-set count="3360" freebytes="446976" totalbytes="460416" percent="97" regionsoverflowed="0" regionsstable="1" regionsrebuilding="0"/>
  </mem-info>
</gc-end>
<cycle-end id="61" type="global mark phase" contextid="32" timestamp="2019-08-02T23:54:31.807" />
  <attribute name="elasticGC enabled" value="1" />
  <attribute name= "numThreadsSpecified" value="2" />
  <attribute name="heapSize specified" value="0" />
  <attribute name= "numCores" value="8" />
  <attribute name ="GC Interval" value="0" />
  <attribute name ="Control flow" value="3" />
  <attribute name="GC Util Range Max" value="118" />
  <attribute name="Current GC Util" value="0" />
  <attribute name= "Current Time Running" value="349" />
<exclusive-end id="62" timestamp="2019-08-02T23:54:31.807" durationms="3.345" />

<exclusive-start id="63" timestamp="2019-08-02T23:54:31.869" intervalms="65.833">
  <response-info timems="0.112" idlems="0.112" threads="0" lastid="000000000118D300" lastname="Thread-11" />
</exclusive-start>
<allocation-taxation id="64" taxation-threshold="3145728" timestamp="2019-08-02T23:54:31.870" intervalms="65.904" />
<cycle-start id="65" type="partial gc" contextid="0" timestamp="2019-08-02T23:54:31.870" intervalms="127.036" />
<gc-start id="66" type="partial gc" contextid="65" timestamp="2019-08-02T23:54:31.870">
  <mem-info id="67" free="0" total="11534336" percent="0">
    <mem type="eden" free="0" total="6291456" percent="0" />
    <remembered-set count="3360" freebytes="446976" totalbytes="460416" percent="97" regionsoverflowed="0" regionsstable="1" regionsrebuilding="0"/>
  </mem-info>
</gc-start>
<allocation-stats totalBytes="6277240" >
  <allocated-bytes non-tlh="559584" tlh="5717656" arrayletleaf="0"/>
  <largest-consumer threadName="Thread-11" threadId="000000000118D300" bytes="3145352" />
</allocation-stats>
<gc-op id="68" type="sweep" timems="1.616" contextid="65" timestamp="2019-08-02T23:54:31.872" />
<gc-op id="69" type="copy forward" timems="1.503" contextid="65" timestamp="2019-08-02T23:54:31.874">
  <memory-copied type="eden" objects="158" bytes="3792" bytesdiscarded="403" />
  <memory-copied type="other" objects="5589" bytes="432144" bytesdiscarded="12869" />
  <memory-cardclean objects="311" bytes="15568" />
  <memory-traced type="eden" objects="109" bytes="2848" />
  <memory-traced type="other" objects="0" bytes="0" />
  <regions eden="3" other="3" evacuated="5" marked="1" />
  <remembered-set-cleared processed="784" cleared="28" durationms="0.077" />
  <stringconstants candidates="4596" cleared="0"  />
</gc-op>
<gc-op id="70" type="classunload" timems="0.002" contextid="65" timestamp="2019-08-02T23:54:31.875">
  <classunload-info classloadercandidates="8" classloadersunloaded="0" classesunloaded="0" anonymousclassesunloaded="0" quiescems="0.000" setupms="0.002" scanms="0.000" postms="0.000" />
</gc-op>
<gc-op id="71" type="sweep" timems="0.696" contextid="65" timestamp="2019-08-02T23:54:31.875" />
<gc-op id="72" type="compact" timems="1.019" contextid="65" timestamp="2019-08-02T23:54:31.877">
  <compact-info movecount="109" movebytes="2848" />
  <remembered-set-cleared processed="1638" cleared="47" durationms="0.077" />
</gc-op>
<gc-end id="73" type="partial gc" contextid="65" durationms="6.898" usertimems="8.000" systemtimems="0.000" timestamp="2019-08-02T23:54:31.877" activeThreads="2">
  <mem-info id="74" free="5242880" total="11534336" percent="45">
    <mem type="eden" free="1645024" total="2097152" percent="78" />
    <remembered-set count="3936" freebytes="444672" totalbytes="460416" percent="96" regionsoverflowed="0" regionsstable="1" regionsrebuilding="0"/>
  </mem-info>
</gc-end>
<cycle-end id="75" type="partial gc" contextid="65" timestamp="2019-08-02T23:54:31.877" />
  <attribute name="elasticGC enabled" value="1" />
  <attribute name= "numThreadsSpecified" value="2" />
  <attribute name="heapSize specified" value="0" />
  <attribute name= "numCores" value="8" />
  <attribute name ="GC Interval" value="0" />
  <attribute name ="Control flow" value="3" />
  <attribute name="GC Util Range Max" value="118" />
  <attribute name="Current GC Util" value="26" />
  <attribute name= "Current Time Running" value="419" />
<exclusive-end id="76" timestamp="2019-08-02T23:54:31.877" durationms="8.208" />

<exclusive-start id="77" timestamp="2019-08-02T23:54:31.906" intervalms="36.731">
  <response-info timems="0.131" idlems="0.131" threads="0" lastid="000000000118D300" lastname="Thread-11" />
</exclusive-start>
<allocation-taxation id="78" taxation-threshold="5242880" timestamp="2019-08-02T23:54:31.906" intervalms="36.659" />
<cycle-start id="79" type="partial gc" contextid="0" timestamp="2019-08-02T23:54:31.906" intervalms="36.589" />
<gc-start id="80" type="partial gc" contextid="79" timestamp="2019-08-02T23:54:31.907">
  <mem-info id="81" free="0" total="11534336" percent="0">
    <mem type="eden" free="1045728" total="6291456" percent="16" />
    <remembered-set count="3456" freebytes="446592" totalbytes="460416" percent="96" regionsoverflowed="0" regionsstable="1" regionsrebuilding="0"/>
  </mem-info>
</gc-start>
<allocation-stats totalBytes="5242192" >
  <allocated-bytes non-tlh="0" tlh="5242192" arrayletleaf="0"/>
  <largest-consumer threadName="Thread-11" threadId="000000000118D300" bytes="5242192" />
</allocation-stats>
<gc-op id="82" type="mark" timems="1.504" contextid="79" timestamp="2019-08-02T23:54:31.909">
  <trace-info objectcount="6180" scancount="6097" scanbytes="287196" />
  <cardclean-info objects="43" bytes="3188" />
  <remembered-set-cleared processed="846" cleared="75" durationms="0.086" />
  <stringconstants candidates="4596" cleared="0"  />
  <warning details="Mark invoked due to insufficient free space for Copy-Forward" />
</gc-op>
<gc-op id="83" type="classunload" timems="0.003" contextid="79" timestamp="2019-08-02T23:54:31.909">
  <classunload-info classloadercandidates="8" classloadersunloaded="0" classesunloaded="0" anonymousclassesunloaded="0" quiescems="0.000" setupms="0.002" scanms="0.000" postms="0.000" />
</gc-op>
<gc-op id="84" type="sweep" timems="0.452" contextid="79" timestamp="2019-08-02T23:54:31.910" />
<gc-op id="85" type="compact" timems="1.605" contextid="79" timestamp="2019-08-02T23:54:31.911">
  <compact-info movecount="6134" movebytes="445688" />
  <remembered-set-cleared processed="1734" cleared="192" durationms="0.086" />
</gc-op>
<heap-resize id="86" type="expand" space="default" amount="2097152" count="1" timems="0.064" reason="excessive time being spent in gc" timestamp="2019-08-02T23:54:31.912" />
<gc-end id="87" type="partial gc" contextid="79" durationms="5.404" usertimems="8.000" systemtimems="0.000" timestamp="2019-08-02T23:54:31.912" activeThreads="8">
  <mem-info id="88" free="7340032" total="13631488" percent="53">
    <mem type="eden" free="1650360" total="2097152" percent="78" />
    <remembered-set count="3648" freebytes="529536" totalbytes="544128" percent="97" regionsoverflowed="0" regionsstable="1" regionsrebuilding="0"/>
  </mem-info>
</gc-end>
<cycle-end id="89" type="partial gc" contextid="79" timestamp="2019-08-02T23:54:31.912" />
  <attribute name="elasticGC enabled" value="1" />
  <attribute name= "numThreadsSpecified" value="2" />
  <attribute name="heapSize specified" value="0" />
  <attribute name= "numCores" value="8" />
  <attribute name ="GC Interval" value="0" />
  <attribute name ="Control flow" value="3" />
  <attribute name="GC Util Range Max" value="118" />
  <attribute name="Current GC Util" value="47" />
  <attribute name= "Current Time Running" value="453" />
<exclusive-end id="90" timestamp="2019-08-02T23:54:31.912" durationms="6.369" />

<exclusive-start id="91" timestamp="2019-08-02T23:54:31.923" intervalms="17.083">
  <response-info timems="0.062" idlems="0.062" threads="0" lastid="000000000118D300" lastname="Thread-11" />
</exclusive-start>
<allocation-taxation id="92" taxation-threshold="3145728" timestamp="2019-08-02T23:54:31.923" intervalms="17.079" />
<cycle-start id="93" type="global mark phase" contextid="0" timestamp="2019-08-02T23:54:31.923" intervalms="190.850" />
<gc-start id="94" type="global mark phase" contextid="93" timestamp="2019-08-02T23:54:31.924">
  <mem-info id="95" free="4194304" total="13631488" percent="30">
    <remembered-set count="3328" freebytes="530816" totalbytes="544128" percent="97" regionsoverflowed="0" regionsstable="1" regionsrebuilding="0"/>
  </mem-info>
</gc-start>
<gc-op id="96" type="mark increment" timems="0.431" contextid="93" timestamp="2019-08-02T23:54:31.924">
  <trace-info objectcount="145" scancount="0" scanbytes="0" />
</gc-op>
<gc-end id="97" type="global mark phase" contextid="93" durationms="0.650" usertimems="0.000" systemtimems="0.000" timestamp="2019-08-02T23:54:31.924" activeThreads="8">
  <mem-info id="98" free="4194304" total="13631488" percent="30">
    <remembered-set count="3328" freebytes="530816" totalbytes="544128" percent="97" regionsoverflowed="0" regionsstable="0" regionsrebuilding="1"/>
  </mem-info>
</gc-end>
<concurrent-start id="99" type="GMP work packet processing" contextid="93" timestamp="2019-08-02T23:54:31.925">
  <concurrent-mark-start scanTarget="18446744073709551615" />
</concurrent-start>
<exclusive-end id="100" timestamp="2019-08-02T23:54:31.925" durationms="1.592" />

<concurrent-end id="101" type="GMP work packet processing" contextid="93" timestamp="2019-08-02T23:54:31.927">
  <concurrent-mark-end bytesScanned="1461264" reasonForTermination="Completed all work in GC phase" />
</concurrent-end>

<exclusive-start id="102" timestamp="2019-08-02T23:54:31.937" intervalms="13.796">
  <response-info timems="0.060" idlems="0.060" threads="0" lastid="000000000118D300" lastname="Thread-11" />
</exclusive-start>
<allocation-taxation id="103" taxation-threshold="3145728" timestamp="2019-08-02T23:54:31.937" intervalms="13.773" />
<cycle-start id="104" type="partial gc" contextid="0" timestamp="2019-08-02T23:54:31.937" intervalms="30.877" />
<gc-start id="105" type="partial gc" contextid="104" timestamp="2019-08-02T23:54:31.938">
  <mem-info id="106" free="1048576" total="13631488" percent="7">
    <mem type="eden" free="0" total="6291456" percent="0" />
    <remembered-set count="5760" freebytes="521088" totalbytes="544128" percent="95" regionsoverflowed="0" regionsstable="0" regionsrebuilding="1"/>
  </mem-info>
</gc-start>
<allocation-stats totalBytes="6290616" >
  <allocated-bytes non-tlh="0" tlh="6290616" arrayletleaf="0"/>
  <largest-consumer threadName="Thread-11" threadId="000000000118D300" bytes="3145328" />
</allocation-stats>
<gc-op id="107" type="copy forward" timems="1.325" contextid="104" timestamp="2019-08-02T23:54:31.940">
  <memory-copied type="eden" objects="364" bytes="9248" bytesdiscarded="0" />
  <memory-copied type="other" objects="284" bytes="6816" bytesdiscarded="0" />
  <memory-cardclean objects="1064" bytes="55200" />
  <regions eden="6" other="1" />
  <remembered-set-cleared processed="3310" cleared="79" durationms="0.062" />
  <stringconstants candidates="4596" cleared="0"  />
  <heap-resize type="expand" space="default" amount="1048576" count="1" timems="0.060" reason="continue current collection" />
</gc-op>
<gc-op id="108" type="classunload" timems="0.002" contextid="104" timestamp="2019-08-02T23:54:31.940">
  <classunload-info classloadercandidates="8" classloadersunloaded="0" classesunloaded="0" anonymousclassesunloaded="0" quiescems="0.000" setupms="0.002" scanms="0.000" postms="0.000" />
</gc-op>
<gc-op id="109" type="compact" timems="0.968" contextid="104" timestamp="2019-08-02T23:54:31.941">
  <compact-info movecount="0" movebytes="0" />
  <remembered-set-cleared processed="6830" cleared="79" durationms="0.062" />
</gc-op>
<heap-resize id="110" type="expand" space="default" amount="3145728" count="1" timems="0.068" reason="excessive time being spent in gc" timestamp="2019-08-02T23:54:31.941" />
<gc-end id="111" type="partial gc" contextid="104" durationms="3.932" usertimems="4.000" systemtimems="4.000" timestamp="2019-08-02T23:54:31.941" activeThreads="2">
  <mem-info id="112" free="10485760" total="17825792" percent="58">
    <mem type="eden" free="1039328" total="1048576" percent="99" />
    <remembered-set count="6432" freebytes="685824" totalbytes="711552" percent="96" regionsoverflowed="0" regionsstable="0" regionsrebuilding="1"/>
  </mem-info>
</gc-end>
<cycle-end id="113" type="partial gc" contextid="104" timestamp="2019-08-02T23:54:31.942" />
  <attribute name="elasticGC enabled" value="1" />
  <attribute name= "numThreadsSpecified" value="2" />
  <attribute name="heapSize specified" value="0" />
  <attribute name= "numCores" value="8" />
  <attribute name ="GC Interval" value="0" />
  <attribute name ="Control flow" value="1" />
  <attribute name="GC Util Range Max" value="118" />
  <attribute name="Current GC Util" value="40" />
  <attribute name= "Current Time Running" value="484" />
<exclusive-end id="114" timestamp="2019-08-02T23:54:31.942" durationms="4.843" />

<exclusive-start id="115" timestamp="2019-08-02T23:54:31.958" intervalms="21.406">
  <response-info timems="0.070" idlems="0.070" threads="0" lastid="000000000118D300" lastname="Thread-11" />
</exclusive-start>
<allocation-taxation id="116" taxation-threshold="5242880" timestamp="2019-08-02T23:54:31.959" intervalms="21.454" />
<gc-start id="117" type="global mark phase" contextid="93" timestamp="2019-08-02T23:54:31.959">
  <mem-info id="118" free="5242880" total="17825792" percent="29">
    <remembered-set count="6432" freebytes="685824" totalbytes="711552" percent="96" regionsoverflowed="0" regionsstable="0" regionsrebuilding="1"/>
  </mem-info>
</gc-start>
<gc-op id="119" type="mark increment" timems="2.945" contextid="93" timestamp="2019-08-02T23:54:31.962">
  <trace-info objectcount="365" scancount="365" scanbytes="11548" />
  <cardclean-info objects="1522" bytes="92456" />
  <finalization candidates="124" enqueued="0" />
  <ownableSynchronizers candidates="3" cleared="0" />
  <references type="soft" candidates="148" cleared="0" enqueued="0" dynamicThreshold="18" maxThreshold="32" />
  <references type="weak" candidates="769" cleared="0" enqueued="0" />
  <references type="phantom" candidates="63" cleared="0" enqueued="0" />
  <stringconstants candidates="4596" cleared="0"  />
</gc-op>
<gc-op id="120" type="classunload" timems="0.004" contextid="93" timestamp="2019-08-02T23:54:31.962">
  <classunload-info classloadercandidates="8" classloadersunloaded="0" classesunloaded="0" anonymousclassesunloaded="0" quiescems="0.000" setupms="0.004" scanms="0.000" postms="0.000" />
</gc-op>
<gc-end id="121" type="global mark phase" contextid="93" durationms="3.464" usertimems="4.000" systemtimems="4.000" timestamp="2019-08-02T23:54:31.962" activeThreads="8">
  <mem-info id="122" free="5242880" total="17825792" percent="29">
    <remembered-set count="7456" freebytes="681728" totalbytes="711552" percent="95" regionsoverflowed="0" regionsstable="0" regionsrebuilding="0"/>
  </mem-info>
</gc-end>
<cycle-end id="123" type="global mark phase" contextid="93" timestamp="2019-08-02T23:54:31.962" />
  <attribute name="elasticGC enabled" value="1" />
  <attribute name= "numThreadsSpecified" value="2" />
  <attribute name="heapSize specified" value="0" />
  <attribute name= "numCores" value="8" />
  <attribute name ="GC Interval" value="0" />
  <attribute name ="Control flow" value="1" />
  <attribute name="GC Util Range Max" value="118" />
  <attribute name="Current GC Util" value="478" />
  <attribute name= "Current Time Running" value="504" />
<exclusive-end id="124" timestamp="2019-08-02T23:54:31.963" durationms="4.219" />

<exclusive-start id="125" timestamp="2019-08-02T23:54:31.980" intervalms="21.287">
  <response-info timems="0.071" idlems="0.071" threads="0" lastid="000000000118D300" lastname="Thread-11" />
</exclusive-start>
<allocation-taxation id="126" taxation-threshold="5242880" timestamp="2019-08-02T23:54:31.980" intervalms="21.255" />
<cycle-start id="127" type="partial gc" contextid="0" timestamp="2019-08-02T23:54:31.980" intervalms="42.727" />
<gc-start id="128" type="partial gc" contextid="127" timestamp="2019-08-02T23:54:31.980">
  <mem-info id="129" free="0" total="17825792" percent="0">
    <mem type="eden" free="0" total="10485760" percent="0" />
    <remembered-set count="4928" freebytes="691840" totalbytes="711552" percent="97" regionsoverflowed="0" regionsstable="1" regionsrebuilding="0"/>
  </mem-info>
</gc-start>
<allocation-stats totalBytes="10484576" >
  <allocated-bytes non-tlh="0" tlh="10484576" arrayletleaf="0"/>
  <largest-consumer threadName="Thread-11" threadId="000000000118D300" bytes="5242320" />
</allocation-stats>
<gc-op id="130" type="sweep" timems="0.853" contextid="127" timestamp="2019-08-02T23:54:31.981" />
<gc-op id="131" type="mark" timems="2.729" contextid="127" timestamp="2019-08-02T23:54:31.985">
  <trace-info objectcount="860" scancount="860" scanbytes="20960" />
  <cardclean-info objects="1464" bytes="74320" />
  <remembered-set-cleared processed="1042" cleared="151" durationms="0.069" />
  <stringconstants candidates="4596" cleared="0"  />
  <warning details="Mark invoked due to insufficient free space for Copy-Forward" />
</gc-op>
<gc-op id="132" type="classunload" timems="0.002" contextid="127" timestamp="2019-08-02T23:54:31.985">
  <classunload-info classloadercandidates="8" classloadersunloaded="0" classesunloaded="0" anonymousclassesunloaded="0" quiescems="0.000" setupms="0.002" scanms="0.000" postms="0.000" />
</gc-op>
<gc-op id="133" type="sweep" timems="0.561" contextid="127" timestamp="2019-08-02T23:54:31.986" />
<gc-op id="134" type="compact" timems="3.158" contextid="127" timestamp="2019-08-02T23:54:31.989">
  <compact-info movecount="6744" movebytes="452192" />
  <remembered-set-cleared processed="1841" cleared="373" durationms="0.069" />
</gc-op>
<heap-resize id="135" type="expand" space="default" amount="3145728" count="1" timems="0.069" reason="excessive time being spent in gc" timestamp="2019-08-02T23:54:31.990" />
<gc-end id="136" type="partial gc" contextid="127" durationms="9.739" usertimems="12.000" systemtimems="4.000" timestamp="2019-08-02T23:54:31.990" activeThreads="8">
  <mem-info id="137" free="12582912" total="20971520" percent="60">
    <mem type="eden" free="1034264" total="1048576" percent="98" />
    <remembered-set count="2912" freebytes="825472" totalbytes="837120" percent="98" regionsoverflowed="0" regionsstable="1" regionsrebuilding="0"/>
  </mem-info>
</gc-end>
<cycle-end id="138" type="partial gc" contextid="127" timestamp="2019-08-02T23:54:31.990" />
  <attribute name="elasticGC enabled" value="1" />
  <attribute name= "numThreadsSpecified" value="1" />
  <attribute name="heapSize specified" value="0" />
  <attribute name= "numCores" value="8" />
  <attribute name ="GC Interval" value="0" />
  <attribute name ="Control flow" value="1" />
  <attribute name="GC Util Range Max" value="118" />
  <attribute name="Current GC Util" value="0" />
  <attribute name= "Current Time Running" value="530" />
<exclusive-end id="139" timestamp="2019-08-02T23:54:31.990" durationms="10.828" />

<exclusive-start id="140" timestamp="2019-08-02T23:54:32.031" intervalms="50.963">
  <response-info timems="0.055" idlems="0.055" threads="0" lastid="000000000118D300" lastname="Thread-11" />
</exclusive-start>
<allocation-taxation id="141" taxation-threshold="11534336" timestamp="2019-08-02T23:54:32.031" intervalms="51.024" />
<cycle-start id="142" type="partial gc" contextid="0" timestamp="2019-08-02T23:54:32.031" intervalms="51.053" />
<gc-start id="143" type="partial gc" contextid="142" timestamp="2019-08-02T23:54:32.031">
  <mem-info id="144" free="1048576" total="20971520" percent="5">
    <mem type="eden" free="0" total="11534336" percent="0" />
    <remembered-set count="2496" freebytes="827136" totalbytes="837120" percent="98" regionsoverflowed="0" regionsstable="1" regionsrebuilding="0"/>
  </mem-info>
</gc-start>
<allocation-stats totalBytes="11532960" >
  <allocated-bytes non-tlh="0" tlh="11532960" arrayletleaf="0"/>
  <largest-consumer threadName="Thread-11" threadId="000000000118D300" bytes="11532960" />
</allocation-stats>
<gc-op id="145" type="copy forward" timems="4.280" contextid="142" timestamp="2019-08-02T23:54:32.037">
  <memory-copied type="eden" objects="725" bytes="17792" bytesdiscarded="0" />
  <memory-copied type="other" objects="8698" bytes="566816" bytesdiscarded="28672" />
  <memory-cardclean objects="2565" bytes="119120" />
  <regions eden="11" other="2" />
  <remembered-set-cleared processed="1095" cleared="371" durationms="0.066" />
  <references type="soft" candidates="12" cleared="0" enqueued="0" dynamicThreshold="19" maxThreshold="32" />
  <references type="weak" candidates="6" cleared="0" enqueued="0" />
  <stringconstants candidates="4596" cleared="0"  />
  <heap-resize type="expand" space="default" amount="1048576" count="1" timems="0.060" reason="continue current collection" />
</gc-op>
<gc-op id="146" type="classunload" timems="0.003" contextid="142" timestamp="2019-08-02T23:54:32.037">
  <classunload-info classloadercandidates="8" classloadersunloaded="0" classesunloaded="0" anonymousclassesunloaded="0" quiescems="0.000" setupms="0.003" scanms="0.000" postms="0.000" />
</gc-op>
<gc-end id="147" type="partial gc" contextid="142" durationms="5.581" usertimems="4.000" systemtimems="4.000" timestamp="2019-08-02T23:54:32.037" activeThreads="8">
  <mem-info id="148" free="13631488" total="22020096" percent="61">
    <mem type="eden" free="1030784" total="1048576" percent="98" />
    <remembered-set count="3616" freebytes="864512" totalbytes="878976" percent="98" regionsoverflowed="0" regionsstable="1" regionsrebuilding="0"/>
  </mem-info>
</gc-end>
<cycle-end id="149" type="partial gc" contextid="142" timestamp="2019-08-02T23:54:32.037" />
  <attribute name="elasticGC enabled" value="1" />
  <attribute name= "numThreadsSpecified" value="1" />
  <attribute name="heapSize specified" value="0" />
  <attribute name= "numCores" value="8" />
  <attribute name ="GC Interval" value="0" />
  <attribute name ="Control flow" value="1" />
  <attribute name="GC Util Range Max" value="118" />
  <attribute name="Current GC Util" value="0" />
  <attribute name= "Current Time Running" value="576" />
<exclusive-end id="150" timestamp="2019-08-02T23:54:32.037" durationms="6.795" />

<exclusive-start id="151" timestamp="2019-08-02T23:54:32.082" intervalms="51.797">
  <response-info timems="0.057" idlems="0.057" threads="0" lastid="000000000118D300" lastname="Thread-11" />
</exclusive-start>
<allocation-taxation id="152" taxation-threshold="12582912" timestamp="2019-08-02T23:54:32.083" intervalms="51.726" />
<cycle-start id="153" type="partial gc" contextid="0" timestamp="2019-08-02T23:54:32.083" intervalms="51.714" />
<gc-start id="154" type="partial gc" contextid="153" timestamp="2019-08-02T23:54:32.083">
  <mem-info id="155" free="1048576" total="22020096" percent="4">
    <mem type="eden" free="0" total="12582912" percent="0" />
    <remembered-set count="3168" freebytes="866304" totalbytes="878976" percent="98" regionsoverflowed="0" regionsstable="1" regionsrebuilding="0"/>
  </mem-info>
</gc-start>
<allocation-stats totalBytes="12581312" >
  <allocated-bytes non-tlh="0" tlh="12581312" arrayletleaf="0"/>
  <largest-consumer threadName="Thread-11" threadId="000000000118D300" bytes="12581312" />
</allocation-stats>
<gc-op id="156" type="copy forward" timems="3.883" contextid="153" timestamp="2019-08-02T23:54:32.088">
  <memory-copied type="eden" objects="908" bytes="22184" bytesdiscarded="0" />
  <memory-copied type="other" objects="649" bytes="15576" bytesdiscarded="0" />
  <memory-cardclean objects="2202" bytes="109672" />
  <regions eden="12" other="1" />
  <remembered-set-cleared processed="1213" cleared="190" durationms="0.067" />
  <stringconstants candidates="4596" cleared="0"  />
  <heap-resize type="expand" space="default" amount="1048576" count="1" timems="0.099" reason="continue current collection" />
</gc-op>
<gc-op id="157" type="classunload" timems="0.002" contextid="153" timestamp="2019-08-02T23:54:32.088">
  <classunload-info classloadercandidates="8" classloadersunloaded="0" classesunloaded="0" anonymousclassesunloaded="0" quiescems="0.000" setupms="0.002" scanms="0.000" postms="0.000" />
</gc-op>
<heap-resize id="158" type="expand" space="default" amount="1048576" count="1" timems="0.054" reason="excessive time being spent in gc" timestamp="2019-08-02T23:54:32.088" />
<gc-end id="159" type="partial gc" contextid="153" durationms="5.207" usertimems="8.000" systemtimems="0.000" timestamp="2019-08-02T23:54:32.088" activeThreads="8">
  <mem-info id="160" free="14680064" total="24117248" percent="60">
    <mem type="eden" free="1026392" total="1048576" percent="97" />
    <remembered-set count="2944" freebytes="950912" totalbytes="962688" percent="98" regionsoverflowed="0" regionsstable="1" regionsrebuilding="0"/>
  </mem-info>
</gc-end>
<cycle-end id="161" type="partial gc" contextid="153" timestamp="2019-08-02T23:54:32.088" />
  <attribute name="elasticGC enabled" value="1" />
  <attribute name= "numThreadsSpecified" value="1" />
  <attribute name="heapSize specified" value="0" />
  <attribute name= "numCores" value="8" />
  <attribute name ="GC Interval" value="0" />
  <attribute name ="Control flow" value="3" />
  <attribute name="GC Util Range Max" value="118" />
  <attribute name="Current GC Util" value="0" />
  <attribute name= "Current Time Running" value="627" />
<exclusive-end id="162" timestamp="2019-08-02T23:54:32.089" durationms="6.273" />

<exclusive-start id="163" timestamp="2019-08-02T23:54:32.133" intervalms="50.472">
  <response-info timems="0.028" idlems="0.028" threads="0" lastid="000000000118D300" lastname="Thread-11" />
</exclusive-start>
<allocation-taxation id="164" taxation-threshold="12582912" timestamp="2019-08-02T23:54:32.133" intervalms="50.536" />
<cycle-start id="165" type="partial gc" contextid="0" timestamp="2019-08-02T23:54:32.133" intervalms="50.493" />
<gc-start id="166" type="partial gc" contextid="165" timestamp="2019-08-02T23:54:32.134">
  <mem-info id="167" free="2097152" total="24117248" percent="8">
    <mem type="eden" free="0" total="12582912" percent="0" />
    <remembered-set count="2464" freebytes="952832" totalbytes="962688" percent="98" regionsoverflowed="0" regionsstable="1" regionsrebuilding="0"/>
  </mem-info>
</gc-start>
<allocation-stats totalBytes="12581208" >
  <allocated-bytes non-tlh="0" tlh="12581208" arrayletleaf="0"/>
  <largest-consumer threadName="Thread-11" threadId="000000000118D300" bytes="12581208" />
</allocation-stats>
<gc-op id="168" type="copy forward" timems="1.225" contextid="165" timestamp="2019-08-02T23:54:32.136">
  <memory-copied type="eden" objects="749" bytes="18608" bytesdiscarded="0" />
  <memory-copied type="other" objects="831" bytes="19944" bytesdiscarded="0" />
  <memory-cardclean objects="2214" bytes="110256" />
  <regions eden="12" other="1" />
  <remembered-set-cleared processed="1408" cleared="191" durationms="0.081" />
  <stringconstants candidates="4596" cleared="0"  />
</gc-op>
<gc-op id="169" type="classunload" timems="0.002" contextid="165" timestamp="2019-08-02T23:54:32.136">
  <classunload-info classloadercandidates="8" classloadersunloaded="0" classesunloaded="0" anonymousclassesunloaded="0" quiescems="0.000" setupms="0.002" scanms="0.000" postms="0.000" />
</gc-op>
<heap-resize id="170" type="expand" space="default" amount="2097152" count="1" timems="0.070" reason="excessive time being spent in gc" timestamp="2019-08-02T23:54:32.136" />
<gc-end id="171" type="partial gc" contextid="165" durationms="2.812" usertimems="4.000" systemtimems="0.000" timestamp="2019-08-02T23:54:32.136" activeThreads="1">
  <mem-info id="172" free="15728640" total="26214400" percent="60">
    <mem type="eden" free="1029968" total="1048576" percent="98" />
    <remembered-set count="3104" freebytes="1033984" totalbytes="1046400" percent="98" regionsoverflowed="0" regionsstable="1" regionsrebuilding="0"/>
  </mem-info>
</gc-end>
<cycle-end id="173" type="partial gc" contextid="165" timestamp="2019-08-02T23:54:32.137" />
  <attribute name="elasticGC enabled" value="1" />
  <attribute name= "numThreadsSpecified" value="1" />
  <attribute name="heapSize specified" value="0" />
  <attribute name= "numCores" value="8" />
  <attribute name ="GC Interval" value="0" />
  <attribute name ="Control flow" value="1" />
  <attribute name="GC Util Range Max" value="118" />
  <attribute name="Current GC Util" value="151" />
  <attribute name= "Current Time Running" value="678" />
<exclusive-end id="174" timestamp="2019-08-02T23:54:32.137" durationms="3.950" />

<exclusive-start id="175" timestamp="2019-08-02T23:54:32.173" intervalms="40.116">
  <response-info timems="0.054" idlems="0.054" threads="0" lastid="000000000118D300" lastname="Thread-11" />
</exclusive-start>
<allocation-taxation id="176" taxation-threshold="13631488" timestamp="2019-08-02T23:54:32.173" intervalms="40.093" />
<cycle-start id="177" type="partial gc" contextid="0" timestamp="2019-08-02T23:54:32.173" intervalms="40.128" />
<gc-start id="178" type="partial gc" contextid="177" timestamp="2019-08-02T23:54:32.174">
  <mem-info id="179" free="2097152" total="26214400" percent="8">
    <mem type="eden" free="0" total="13631488" percent="0" />
    <remembered-set count="2624" freebytes="1035904" totalbytes="1046400" percent="98" regionsoverflowed="0" regionsstable="1" regionsrebuilding="0"/>
  </mem-info>
</gc-start>
<allocation-stats totalBytes="13629904" >
  <allocated-bytes non-tlh="0" tlh="13629904" arrayletleaf="0"/>
  <largest-consumer threadName="Thread-11" threadId="000000000118D300" bytes="13629904" />
</allocation-stats>
<gc-op id="180" type="copy forward" timems="1.190" contextid="177" timestamp="2019-08-02T23:54:32.176">
  <memory-copied type="eden" objects="921" bytes="22480" bytesdiscarded="0" />
  <memory-copied type="other" objects="649" bytes="15576" bytesdiscarded="0" />
  <memory-cardclean objects="2226" bytes="129872" />
  <regions eden="13" other="1" />
  <remembered-set-cleared processed="1633" cleared="229" durationms="0.081" />
  <stringconstants candidates="4596" cleared="0"  />
</gc-op>
<gc-op id="181" type="classunload" timems="0.002" contextid="177" timestamp="2019-08-02T23:54:32.176">
  <classunload-info classloadercandidates="8" classloadersunloaded="0" classesunloaded="0" anonymousclassesunloaded="0" quiescems="0.000" setupms="0.002" scanms="0.000" postms="0.000" />
</gc-op>
<gc-end id="182" type="partial gc" contextid="177" durationms="2.365" usertimems="4.000" systemtimems="0.000" timestamp="2019-08-02T23:54:32.176" activeThreads="2">
  <mem-info id="183" free="14680064" total="26214400" percent="56">
    <mem type="eden" free="1026096" total="1048576" percent="97" />
    <remembered-set count="3808" freebytes="1031168" totalbytes="1046400" percent="98" regionsoverflowed="0" regionsstable="1" regionsrebuilding="0"/>
  </mem-info>
</gc-end>
<cycle-end id="184" type="partial gc" contextid="177" timestamp="2019-08-02T23:54:32.176" />
  <attribute name="elasticGC enabled" value="1" />
  <attribute name= "numThreadsSpecified" value="2" />
  <attribute name="heapSize specified" value="0" />
  <attribute name= "numCores" value="8" />
  <attribute name ="GC Interval" value="0" />
  <attribute name ="Control flow" value="1" />
  <attribute name="GC Util Range Max" value="118" />
  <attribute name="Current GC Util" value="35" />
  <attribute name= "Current Time Running" value="718" />
<exclusive-end id="185" timestamp="2019-08-02T23:54:32.176" durationms="3.463" />

</verbosegc>

