<?xml version="1.0" ?>

<verbosegc xmlns="http://www.ibm.com/j9/verbosegc" version="10b4217_CMPRSS">

<initialized id="1" timestamp="2019-06-16T01:07:23.671">
  <attribute name="gcPolicy" value="-Xgcpolicy:gencon" />
  <attribute name="elasticGC enabled" value="1" />
  <attribute name= "numThreadsSpecified" value="0" />
  <attribute name="heapSize specified" value="0" />
  <attribute name="Current GC Util" value="0" />
  <attribute name= "Current Time Running" value="0" />
  <attribute name ="GC Interval" value="0" />
  <attribute name="ProportionalT" value="0.000000" />
  <attribute name="ProportionalI" value="0.000000" />
  <attribute name="ProportionalH" value="0.000000" />
  <attribute name="IntegralT" value="0.000000" />
  <attribute name="IntegralI" value="0.000000" />
  <attribute name="IntegralH" value="0.000000" />
  <attribute name="DerivativeT" value="0.000000" />
  <attribute name="DerivativeI" value="0.000000" />
  <attribute name="DerivativeH" value="0.000000" />
  <attribute name="Target GC Util Change" value ="0.000000" />
  <attribute name="Current GC Util Change" value="0.000000"/>
  <attribute name="Current Error" value="0.000000" />
  <attribute name="Loop Time for DT" value="0.000000" />
  <attribute name="Output H" value="0"/>
  <attribute name="Output I" value="0"/>
  <attribute name="Output T" value="0"/>
  <attribute name="GC Util currently" value="0" />
  <attribute name="CPU Util currently" value="0" />
  <attribute name="maxHeapSize" value="0x7cbc0000" />
  <attribute name="initialHeapSize" value="0x800000" />
  <attribute name="compressedRefs" value="true" />
  <attribute name="compressedRefsDisplacement" value="0x0" />
  <attribute name="compressedRefsShift" value="0x0" />
  <attribute name="pageSize" value="0x1000" />
  <attribute name="pageType" value="not used" />
  <attribute name="requestedPageSize" value="0x1000" />
  <attribute name="requestedPageType" value="not used" />
  <attribute name="gcthreads" value="4" />
  <attribute name="gcthreads Concurrent Mark" value="1" />
  <attribute name="packetListSplit" value="4" />
  <attribute name="cacheListSplit" value="4" />
  <attribute name="splitFreeListSplitAmount" value="1" />
  <attribute name="numaNodes" value="0" />
  <system>
    <attribute name="physicalMemory" value="8370958336" />
    <attribute name="numCPUs" value="4" />
    <attribute name="architecture" value="amd64" />
    <attribute name="os" value="Linux" />
    <attribute name="osVersion" value="4.4.0-150-generic" />
  </system>
  <vmargs>
    <vmarg name="-Xoptionsfile=/vagrant/jdk/lib/options.default" />
    <vmarg name="-Xlockword:mode=default,noLockword=java/lang/String,noLockword=java/util/MapEntry,noLockword=java/util/HashMap$Entry,noLockword..." />
    <vmarg name="-Xjcl:jclse29" />
    <vmarg name="-Dcom.ibm.oti.vm.bootstrap.library.path=/vagrant/jdk/lib/compressedrefs:/vagrant/jdk/lib" />
    <vmarg name="-Dsun.boot.library.path=/vagrant/jdk/lib/compressedrefs:/vagrant/jdk/lib" />
    <vmarg name="-Djava.library.path=/vagrant/jdk/lib/compressedrefs:/vagrant/jdk/lib:/usr/lib64:/usr/lib" />
    <vmarg name="-Djava.home=/vagrant/jdk" />
    <vmarg name="-Duser.dir=/vagrant" />
    <vmarg name="-Xgcpolicy:gencon" />
    <vmarg name="-Xgcelastic" />
    <vmarg name="-Xcheck:gc:::elasticGC" />
    <vmarg name="-verbose:gc" />
    <vmarg name="-Xloggc:jdk1.5-1-1-default-GEN-4CORE-elasticverbose13avrora.txt" />
    <vmarg name="-Djava.class.path=dacapo-9.12-MR1-bach.jar" />
    <vmarg name="-Dsun.java.command=dacapo-9.12-MR1-bach.jar avrora --size=default" />
    <vmarg name="-Dsun.java.launcher=SUN_STANDARD" />
    <vmarg name="-Dsun.java.launcher.pid=16633" />
  </vmargs>
</initialized>

<exclusive-start id="2" timestamp="2019-06-16T01:07:23.851" intervalms="180.190">
  <response-info timems="0.021" idlems="0.021" threads="0" lastid="0000000000C9E700" lastname="main" />
</exclusive-start>
<af-start id="3" threadId="0000000000C9F088" totalBytesRequested="7184" timestamp="2019-06-16T01:07:23.851" intervalms="180.520" type="nursery" />
<cycle-start id="4" type="scavenge" contextid="0" timestamp="2019-06-16T01:07:23.852" intervalms="180.950" />
<gc-start id="5" type="scavenge" contextid="4" timestamp="2019-06-16T01:07:23.857">
  <mem-info id="6" free="6062536" total="8388608" percent="72">
    <mem type="nursery" free="0" total="2097152" percent="0">
      <mem type="allocate" free="0" total="1048576" percent="0" />
      <mem type="survivor" free="0" total="1048576" percent="0" />
    </mem>
    <mem type="tenure" free="6062536" total="6291456" percent="96">
      <mem type="soa" free="5748168" total="5977088" percent="96" />
      <mem type="loa" free="314368" total="314368" percent="100" />
    </mem>
    <remembered-set count="3162" />
  </mem-info>
</gc-start>
<allocation-stats totalBytes="1266920" >
  <allocated-bytes non-tlh="344872" tlh="922048" />
  <largest-consumer threadName="main" threadId="0000000000C9E700" bytes="1189088" />
</allocation-stats>
<gc-op id="7" type="scavenge" timems="1.774" contextid="4" timestamp="2019-06-16T01:07:23.859">
  <scavenger-info tenureage="2" tenuremask="fffc" tiltratio="50" />
  <memory-copied type="nursery" objects="10592" bytes="469896" bytesdiscarded="125648" />
  <finalization candidates="11" enqueued="0" />
  <references type="soft" candidates="63" cleared="0" enqueued="0" dynamicThreshold="32" maxThreshold="32" />
  <references type="weak" candidates="312" cleared="177" enqueued="141" />
  <references type="phantom" candidates="25" cleared="6" enqueued="6" />
</gc-op>
<gc-end id="8" type="scavenge" contextid="4" durationms="5.230" usertimems="0.000" systemtimems="4.000" timestamp="2019-06-16T01:07:23.862" activeThreads="4">
  <mem-info id="9" free="6513480" total="8388608" percent="77">
    <mem type="nursery" free="450944" total="2097152" percent="21">
      <mem type="allocate" free="450944" total="1048576" percent="43" />
      <mem type="survivor" free="0" total="1048576" percent="0" />
    </mem>
    <mem type="tenure" free="6062536" total="6291456" percent="96">
      <mem type="soa" free="5748168" total="5977088" percent="96" />
      <mem type="loa" free="314368" total="314368" percent="100" />
    </mem>
    <pending-finalizers system="0" default="0" reference="147" classloader="0" />
    <remembered-set count="3162" />
  </mem-info>
</gc-end>
<cycle-end id="10" type="scavenge" contextid="4" timestamp="2019-06-16T01:07:23.862" />
  <attribute name="elasticGC enabled" value="1" />
  <attribute name= "numThreadsSpecified" value="0" />
  <attribute name="heapSize specified" value="0" />
  <attribute name="Current GC Util" value="0" />
  <attribute name= "Current Time Running" value="71" />
  <attribute name ="GC Interval" value="1" />
  <attribute name="ProportionalT" value="0.000000" />
  <attribute name="ProportionalI" value="0.000000" />
  <attribute name="ProportionalH" value="0.000000" />
  <attribute name="Current Error" value="0.000000" />
  <attribute name="IntegralT" value="0.000000" />
  <attribute name="IntegralI" value="0.000000" />
  <attribute name="IntegralH" value="0.000000" />
  <attribute name="DerivativeT" value="0.000000" />
  <attribute name="DerivativeI" value="0.000000" />
  <attribute name="DerivativeH" value="0.000000" />
  <attribute name="Loop Time for DT" value="0.000000" />
  <attribute name="Output H" value="0"/>
  <attribute name="Output I" value="0"/>
  <attribute name="Output T" value="0"/>
  <attribute name="Target GC Util Change" value ="20.000000" />
  <attribute name="Current GC Util Change" value="0.000000"/>
  <attribute name="GC Util currently" value="0" />
  <attribute name="CPU Util currently" value="31" />
<allocation-satisfied id="11" threadId="0000000000C9E700" bytesRequested="7184" />
<af-end id="12" timestamp="2019-06-16T01:07:23.862" threadId="0000000000C9F088" success="true" from="nursery"/>
<exclusive-end id="13" timestamp="2019-06-16T01:07:23.862" durationms="11.402" />

<exclusive-start id="14" timestamp="2019-06-16T01:07:23.936" intervalms="85.340">
  <response-info timems="0.026" idlems="0.026" threads="0" lastid="0000000000C9E700" lastname="main" />
</exclusive-start>
<af-start id="15" threadId="0000000000C9F088" totalBytesRequested="136" timestamp="2019-06-16T01:07:23.936" intervalms="85.071" type="nursery" />
<cycle-start id="16" type="scavenge" contextid="0" timestamp="2019-06-16T01:07:23.936" intervalms="84.689" />
<gc-start id="17" type="scavenge" contextid="16" timestamp="2019-06-16T01:07:23.940">
  <mem-info id="18" free="6054800" total="8388608" percent="72">
    <mem type="nursery" free="0" total="2097152" percent="0">
      <mem type="allocate" free="0" total="1048576" percent="0" />
      <mem type="survivor" free="0" total="1048576" percent="0" />
    </mem>
    <mem type="tenure" free="6054800" total="6291456" percent="96">
      <mem type="soa" free="5740432" total="5977088" percent="96" />
      <mem type="loa" free="314368" total="314368" percent="100" />
    </mem>
    <remembered-set count="3263" />
  </mem-info>
</gc-start>
<allocation-stats totalBytes="457656" >
  <allocated-bytes non-tlh="14920" tlh="442736" />
  <largest-consumer threadName="main" threadId="0000000000C9E700" bytes="445680" />
</allocation-stats>
<gc-op id="19" type="scavenge" timems="1.170" contextid="16" timestamp="2019-06-16T01:07:23.941">
  <scavenger-info tenureage="5" tenuremask="7fe0" tiltratio="50" />
  <memory-copied type="nursery" objects="10977" bytes="487064" bytesdiscarded="92216" />
  <finalization candidates="11" enqueued="0" />
  <references type="soft" candidates="63" cleared="0" enqueued="0" dynamicThreshold="32" maxThreshold="32" />
  <references type="weak" candidates="241" cleared="93" enqueued="90" />
  <references type="phantom" candidates="36" cleared="11" enqueued="11" />
</gc-op>
<gc-end id="20" type="scavenge" contextid="16" durationms="1.335" usertimems="0.000" systemtimems="4.000" timestamp="2019-06-16T01:07:23.941" activeThreads="4">
  <mem-info id="21" free="6522640" total="8388608" percent="77">
    <mem type="nursery" free="467840" total="2097152" percent="22">
      <mem type="allocate" free="467840" total="1048576" percent="44" />
      <mem type="survivor" free="0" total="1048576" percent="0" />
    </mem>
    <mem type="tenure" free="6054800" total="6291456" percent="96">
      <mem type="soa" free="5740432" total="5977088" percent="96" />
      <mem type="loa" free="314368" total="314368" percent="100" />
    </mem>
    <pending-finalizers system="0" default="0" reference="101" classloader="0" />
    <remembered-set count="3263" />
  </mem-info>
</gc-end>
<cycle-end id="22" type="scavenge" contextid="16" timestamp="2019-06-16T01:07:23.942" />
  <attribute name="elasticGC enabled" value="1" />
  <attribute name= "numThreadsSpecified" value="4" />
  <attribute name="heapSize specified" value="0" />
  <attribute name="Current GC Util" value="13" />
  <attribute name= "Current Time Running" value="155" />
  <attribute name ="GC Interval" value="200" />
  <attribute name="ProportionalT" value="-10.500000" />
  <attribute name="ProportionalI" value="-10.500000" />
  <attribute name="ProportionalH" value="-10.500000" />
  <attribute name="Current Error" value="-7.000000" />
  <attribute name="IntegralT" value="-588.000000" />
  <attribute name="IntegralI" value="-588.000000" />
  <attribute name="IntegralH" value="-588.000000" />
  <attribute name="DerivativeT" value="-0.083333" />
  <attribute name="DerivativeI" value="-0.083333" />
  <attribute name="DerivativeH" value="-0.083333" />
  <attribute name="Loop Time for DT" value="84.000000" />
  <attribute name="Output H" value="2092630016"/>
  <attribute name="Output I" value="200"/>
  <attribute name="Output T" value="4"/>
  <attribute name="Target GC Util Change" value ="20.000000" />
  <attribute name="Current GC Util Change" value="13.000000"/>
  <attribute name="GC Util currently" value="13" />
  <attribute name="CPU Util currently" value="8" />
<allocation-satisfied id="23" threadId="0000000000C9E700" bytesRequested="136" />
<af-end id="24" timestamp="2019-06-16T01:07:23.942" threadId="0000000000C9F088" success="true" from="nursery"/>
<exclusive-end id="25" timestamp="2019-06-16T01:07:23.942" durationms="5.704" />

<exclusive-start id="26" timestamp="2019-06-16T01:07:24.347" intervalms="411.281">
  <response-info timems="0.033" idlems="0.033" threads="0" lastid="0000000000C9E700" lastname="main" />
</exclusive-start>
<af-start id="27" threadId="0000000000C9F088" totalBytesRequested="88" timestamp="2019-06-16T01:07:24.348" intervalms="411.322" type="nursery" />
<cycle-start id="28" type="scavenge" contextid="0" timestamp="2019-06-16T01:07:24.348" intervalms="411.343" />
<gc-start id="29" type="scavenge" contextid="28" timestamp="2019-06-16T01:07:24.348">
  <mem-info id="30" free="6054800" total="8388608" percent="72">
    <mem type="nursery" free="0" total="2097152" percent="0">
      <mem type="allocate" free="0" total="1048576" percent="0" />
      <mem type="survivor" free="0" total="1048576" percent="0" />
    </mem>
    <mem type="tenure" free="6054800" total="6291456" percent="96">
      <mem type="soa" free="5740432" total="5977088" percent="96" />
      <mem type="loa" free="314368" total="314368" percent="100" />
    </mem>
    <remembered-set count="3263" />
  </mem-info>
</gc-start>
<allocation-stats totalBytes="467280" >
  <allocated-bytes non-tlh="136" tlh="467144" />
  <largest-consumer threadName="main" threadId="0000000000C9E700" bytes="459088" />
</allocation-stats>
<gc-op id="31" type="scavenge" timems="1.246" contextid="28" timestamp="2019-06-16T01:07:24.349">
  <scavenger-info tenureage="4" tenuremask="7ff0" tiltratio="50" />
  <memory-copied type="nursery" objects="10909" bytes="485912" bytesdiscarded="75984" />
  <finalization candidates="11" enqueued="0" />
  <references type="soft" candidates="63" cleared="0" enqueued="0" dynamicThreshold="32" maxThreshold="32" />
  <references type="weak" candidates="148" cleared="0" enqueued="0" />
  <references type="phantom" candidates="25" cleared="0" enqueued="0" />
</gc-op>
<gc-end id="32" type="scavenge" contextid="28" durationms="1.443" usertimems="0.000" systemtimems="4.000" timestamp="2019-06-16T01:07:24.349" activeThreads="4">
  <mem-info id="33" free="6540032" total="8388608" percent="77">
    <mem type="nursery" free="485232" total="2097152" percent="23">
      <mem type="allocate" free="485232" total="1048576" percent="46" />
      <mem type="survivor" free="0" total="1048576" percent="0" />
    </mem>
    <mem type="tenure" free="6054800" total="6291456" percent="96">
      <mem type="soa" free="5740432" total="5977088" percent="96" />
      <mem type="loa" free="314368" total="314368" percent="100" />
    </mem>
    <remembered-set count="993" />
  </mem-info>
</gc-end>
<cycle-end id="34" type="scavenge" contextid="28" timestamp="2019-06-16T01:07:24.349" />
  <attribute name="elasticGC enabled" value="1" />
  <attribute name= "numThreadsSpecified" value="4" />
  <attribute name="heapSize specified" value="0" />
  <attribute name="Current GC Util" value="1" />
  <attribute name= "Current Time Running" value="562" />
  <attribute name ="GC Interval" value="200" />
  <attribute name="ProportionalT" value="-28.500000" />
  <attribute name="ProportionalI" value="-28.500000" />
  <attribute name="ProportionalH" value="-28.500000" />
  <attribute name="Current Error" value="-19.000000" />
  <attribute name="IntegralT" value="-8321.000000" />
  <attribute name="IntegralI" value="-8321.000000" />
  <attribute name="IntegralH" value="-8321.000000" />
  <attribute name="DerivativeT" value="-0.046683" />
  <attribute name="DerivativeI" value="-0.046683" />
  <attribute name="DerivativeH" value="-0.046683" />
  <attribute name="Loop Time for DT" value="407.000000" />
  <attribute name="Output H" value="2092630016"/>
  <attribute name="Output I" value="200"/>
  <attribute name="Output T" value="4"/>
  <attribute name="Target GC Util Change" value ="20.000000" />
  <attribute name="Current GC Util Change" value="1.000000"/>
  <attribute name="GC Util currently" value="1" />
  <attribute name="CPU Util currently" value="0" />
<allocation-satisfied id="35" threadId="0000000000C9E700" bytesRequested="88" />
<af-end id="36" timestamp="2019-06-16T01:07:24.349" threadId="0000000000C9F088" success="true" from="nursery"/>
<exclusive-end id="37" timestamp="2019-06-16T01:07:24.350" durationms="2.106" />

<exclusive-start id="38" timestamp="2019-06-16T01:07:24.426" intervalms="78.914">
  <response-info timems="0.059" idlems="0.059" threads="0" lastid="0000000000C9E700" lastname="main" />
</exclusive-start>
<af-start id="39" threadId="0000000000C9F088" totalBytesRequested="20232" timestamp="2019-06-16T01:07:24.426" intervalms="78.922" type="nursery" />
<cycle-start id="40" type="scavenge" contextid="0" timestamp="2019-06-16T01:07:24.427" intervalms="78.944" />
<gc-start id="41" type="scavenge" contextid="40" timestamp="2019-06-16T01:07:24.427">
  <mem-info id="42" free="6052112" total="8388608" percent="72">
    <mem type="nursery" free="0" total="2097152" percent="0">
      <mem type="allocate" free="0" total="1048576" percent="0" />
      <mem type="survivor" free="0" total="1048576" percent="0" />
    </mem>
    <mem type="tenure" free="6052112" total="6291456" percent="96">
      <mem type="soa" free="5737744" total="5977088" percent="95" />
      <mem type="loa" free="314368" total="314368" percent="100" />
    </mem>
    <remembered-set count="1026" />
  </mem-info>
</gc-start>
<allocation-stats totalBytes="474904" >
  <allocated-bytes non-tlh="2776" tlh="472128" />
  <largest-consumer threadName="main" threadId="0000000000C9E700" bytes="474904" />
</allocation-stats>
<gc-op id="43" type="scavenge" timems="1.093" contextid="40" timestamp="2019-06-16T01:07:24.428">
  <scavenger-info tenureage="3" tenuremask="fff8" tiltratio="50" />
  <memory-copied type="nursery" objects="637" bytes="79864" bytesdiscarded="86904" />
  <memory-copied type="tenure" objects="10310" bytes="460712" bytesdiscarded="48" />
  <finalization candidates="11" enqueued="0" />
  <references type="weak" candidates="95" cleared="78" enqueued="78" />
  <references type="phantom" candidates="18" cleared="10" enqueued="10" />
</gc-op>
<gc-end id="44" type="scavenge" contextid="40" durationms="1.297" usertimems="4.000" systemtimems="0.000" timestamp="2019-06-16T01:07:24.428" activeThreads="4">
  <mem-info id="45" free="6376440" total="8388608" percent="76">
    <mem type="nursery" free="881792" total="2097152" percent="42">
      <mem type="allocate" free="881792" total="1048576" percent="84" />
      <mem type="survivor" free="0" total="1048576" percent="0" />
    </mem>
    <mem type="tenure" free="5494648" total="6291456" percent="87">
      <mem type="soa" free="5180280" total="5977088" percent="86" />
      <mem type="loa" free="314368" total="314368" percent="100" />
    </mem>
    <pending-finalizers system="0" default="0" reference="88" classloader="0" />
    <remembered-set count="141" />
  </mem-info>
</gc-end>
<cycle-end id="46" type="scavenge" contextid="40" timestamp="2019-06-16T01:07:24.428" />
  <attribute name="elasticGC enabled" value="1" />
  <attribute name= "numThreadsSpecified" value="4" />
  <attribute name="heapSize specified" value="0" />
  <attribute name="Current GC Util" value="2" />
  <attribute name= "Current Time Running" value="641" />
  <attribute name ="GC Interval" value="200" />
  <attribute name="ProportionalT" value="-27.000000" />
  <attribute name="ProportionalI" value="-27.000000" />
  <attribute name="ProportionalH" value="-27.000000" />
  <attribute name="Current Error" value="-18.000000" />
  <attribute name="IntegralT" value="-9743.000000" />
  <attribute name="IntegralI" value="-9743.000000" />
  <attribute name="IntegralH" value="-9743.000000" />
  <attribute name="DerivativeT" value="-0.227848" />
  <attribute name="DerivativeI" value="-0.227848" />
  <attribute name="DerivativeH" value="-0.227848" />
  <attribute name="Loop Time for DT" value="79.000000" />
  <attribute name="Output H" value="2092630016"/>
  <attribute name="Output I" value="200"/>
  <attribute name="Output T" value="4"/>
  <attribute name="Target GC Util Change" value ="20.000000" />
  <attribute name="Current GC Util Change" value="2.000000"/>
  <attribute name="GC Util currently" value="2" />
  <attribute name="CPU Util currently" value="0" />
<allocation-satisfied id="47" threadId="0000000000C9E700" bytesRequested="20232" />
<af-end id="48" timestamp="2019-06-16T01:07:24.428" threadId="0000000000C9F088" success="true" from="nursery"/>
<exclusive-end id="49" timestamp="2019-06-16T01:07:24.428" durationms="1.855" />

<exclusive-start id="50" timestamp="2019-06-16T01:07:27.073" intervalms="2646.578">
  <response-info timems="0.207" idlems="0.207" threads="0" lastid="0000000000C9E700" lastname="main" />
</exclusive-start>
<af-start id="51" threadId="0000000000C9F088" totalBytesRequested="2056" timestamp="2019-06-16T01:07:27.074" intervalms="2647.076" type="nursery" />
<cycle-start id="52" type="scavenge" contextid="0" timestamp="2019-06-16T01:07:27.074" intervalms="2647.542" />
<gc-start id="53" type="scavenge" contextid="52" timestamp="2019-06-16T01:07:27.075">
  <mem-info id="54" free="5490064" total="8388608" percent="65">
    <mem type="nursery" free="0" total="2097152" percent="0">
      <mem type="allocate" free="0" total="1048576" percent="0" />
      <mem type="survivor" free="0" total="1048576" percent="0" />
    </mem>
    <mem type="tenure" free="5490064" total="6291456" percent="87">
      <mem type="soa" free="5175696" total="5977088" percent="86" />
      <mem type="loa" free="314368" total="314368" percent="100" />
    </mem>
    <remembered-set count="224" />
  </mem-info>
</gc-start>
<allocation-stats totalBytes="879808" >
  <allocated-bytes non-tlh="24816" tlh="854992" />
  <largest-consumer threadName="main" threadId="0000000000C9E700" bytes="867528" />
</allocation-stats>
<gc-op id="55" type="scavenge" timems="11.492" contextid="52" timestamp="2019-06-16T01:07:27.087">
  <scavenger-info tenureage="4" tenuremask="fff0" tiltratio="50" />
  <memory-copied type="nursery" objects="742" bytes="110592" bytesdiscarded="78280" />
  <finalization candidates="3" enqueued="1" />
  <references type="soft" candidates="1" cleared="0" enqueued="0" dynamicThreshold="32" maxThreshold="32" />
  <references type="weak" candidates="64" cleared="48" enqueued="48" />
  <references type="phantom" candidates="21" cleared="10" enqueued="10" />
</gc-op>
<gc-end id="56" type="scavenge" contextid="52" durationms="12.906" usertimems="12.000" systemtimems="0.000" timestamp="2019-06-16T01:07:27.087" activeThreads="4">
  <mem-info id="57" free="6349680" total="8388608" percent="75">
    <mem type="nursery" free="859616" total="2097152" percent="40">
      <mem type="allocate" free="859616" total="1048576" percent="81" />
      <mem type="survivor" free="0" total="1048576" percent="0" />
    </mem>
    <mem type="tenure" free="5490064" total="6291456" percent="87">
      <mem type="soa" free="5175696" total="5977088" percent="86" />
      <mem type="loa" free="314368" total="314368" percent="100" />
    </mem>
    <pending-finalizers system="1" default="0" reference="58" classloader="0" />
    <remembered-set count="223" />
  </mem-info>
</gc-end>
<cycle-end id="58" type="scavenge" contextid="52" timestamp="2019-06-16T01:07:27.088" />
  <attribute name="elasticGC enabled" value="1" />
  <attribute name= "numThreadsSpecified" value="4" />
  <attribute name="heapSize specified" value="0" />
  <attribute name="Current GC Util" value="0" />
  <attribute name= "Current Time Running" value="3290" />
  <attribute name ="GC Interval" value="200" />
  <attribute name="ProportionalT" value="-30.000000" />
  <attribute name="ProportionalI" value="-30.000000" />
  <attribute name="ProportionalH" value="-30.000000" />
  <attribute name="Current Error" value="-20.000000" />
  <attribute name="IntegralT" value="-62723.000000" />
  <attribute name="IntegralI" value="-62723.000000" />
  <attribute name="IntegralH" value="-62723.000000" />
  <attribute name="DerivativeT" value="-0.007550" />
  <attribute name="DerivativeI" value="-0.007550" />
  <attribute name="DerivativeH" value="-0.007550" />
  <attribute name="Loop Time for DT" value="2649.000000" />
  <attribute name="Output H" value="2092630016"/>
  <attribute name="Output I" value="200"/>
  <attribute name="Output T" value="4"/>
  <attribute name="Target GC Util Change" value ="20.000000" />
  <attribute name="Current GC Util Change" value="0.000000"/>
  <attribute name="GC Util currently" value="0" />
  <attribute name="CPU Util currently" value="2" />
<allocation-satisfied id="59" threadId="0000000000C9E700" bytesRequested="2056" />
<af-end id="60" timestamp="2019-06-16T01:07:27.089" threadId="0000000000C9F088" success="true" from="nursery"/>
<exclusive-end id="61" timestamp="2019-06-16T01:07:27.090" durationms="16.607" />

<exclusive-start id="62" timestamp="2019-06-16T01:07:29.954" intervalms="2881.528">
  <response-info timems="0.195" idlems="0.195" threads="0" lastid="0000000000C9E700" lastname="main" />
</exclusive-start>
<af-start id="63" threadId="0000000000C9F088" totalBytesRequested="2056" timestamp="2019-06-16T01:07:29.955" intervalms="2881.555" type="nursery" />
<cycle-start id="64" type="scavenge" contextid="0" timestamp="2019-06-16T01:07:29.956" intervalms="2881.536" />
<gc-start id="65" type="scavenge" contextid="64" timestamp="2019-06-16T01:07:29.956">
  <mem-info id="66" free="5490064" total="8388608" percent="65">
    <mem type="nursery" free="0" total="2097152" percent="0">
      <mem type="allocate" free="0" total="1048576" percent="0" />
      <mem type="survivor" free="0" total="1048576" percent="0" />
    </mem>
    <mem type="tenure" free="5490064" total="6291456" percent="87">
      <mem type="soa" free="5175696" total="5977088" percent="86" />
      <mem type="loa" free="314368" total="314368" percent="100" />
    </mem>
    <remembered-set count="223" />
  </mem-info>
</gc-start>
<allocation-stats totalBytes="847272" >
  <allocated-bytes non-tlh="2056" tlh="845216" />
  <largest-consumer threadName="main" threadId="0000000000C9E700" bytes="839080" />
</allocation-stats>
<gc-op id="67" type="scavenge" timems="9.283" contextid="64" timestamp="2019-06-16T01:07:29.966">
  <scavenger-info tenureage="3" tenuremask="fff8" tiltratio="50" />
  <memory-copied type="nursery" objects="301" bytes="79656" bytesdiscarded="54160" />
  <memory-copied type="tenure" objects="302" bytes="16080" bytesdiscarded="0" />
  <finalization candidates="2" enqueued="0" />
  <references type="soft" candidates="1" cleared="0" enqueued="0" dynamicThreshold="32" maxThreshold="32" />
  <references type="weak" candidates="2" cleared="0" enqueued="0" />
  <references type="phantom" candidates="5" cleared="0" enqueued="0" />
</gc-op>
<gc-end id="68" type="scavenge" contextid="64" durationms="12.286" usertimems="16.000" systemtimems="4.000" timestamp="2019-06-16T01:07:29.968" activeThreads="4">
  <mem-info id="69" free="6496648" total="8388608" percent="77">
    <mem type="nursery" free="1045752" total="2097152" percent="49">
      <mem type="allocate" free="1045752" total="1179648" percent="88" />
      <mem type="survivor" free="0" total="917504" percent="0" />
    </mem>
    <mem type="tenure" free="5450896" total="6291456" percent="86" macro-fragmented="2160235">
      <mem type="soa" free="5136528" total="5977088" percent="85" />
      <mem type="loa" free="314368" total="314368" percent="100" />
    </mem>
    <remembered-set count="159" />
  </mem-info>
</gc-end>
<cycle-end id="70" type="scavenge" contextid="64" timestamp="2019-06-16T01:07:29.969" />
  <attribute name="elasticGC enabled" value="1" />
  <attribute name= "numThreadsSpecified" value="4" />
  <attribute name="heapSize specified" value="0" />
  <attribute name="Current GC Util" value="0" />
  <attribute name= "Current Time Running" value="6172" />
  <attribute name ="GC Interval" value="200" />
  <attribute name="ProportionalT" value="-30.000000" />
  <attribute name="ProportionalI" value="-30.000000" />
  <attribute name="ProportionalH" value="-30.000000" />
  <attribute name="Current Error" value="-20.000000" />
  <attribute name="IntegralT" value="-120363.000000" />
  <attribute name="IntegralI" value="-120363.000000" />
  <attribute name="IntegralH" value="-120363.000000" />
  <attribute name="DerivativeT" value="-0.006940" />
  <attribute name="DerivativeI" value="-0.006940" />
  <attribute name="DerivativeH" value="-0.006940" />
  <attribute name="Loop Time for DT" value="2882.000000" />
  <attribute name="Output H" value="2092630016"/>
  <attribute name="Output I" value="200"/>
  <attribute name="Output T" value="4"/>
  <attribute name="Target GC Util Change" value ="20.000000" />
  <attribute name="Current GC Util Change" value="0.000000"/>
  <attribute name="GC Util currently" value="0" />
  <attribute name="CPU Util currently" value="2" />
<allocation-satisfied id="71" threadId="0000000000C9E700" bytesRequested="2056" />
<af-end id="72" timestamp="2019-06-16T01:07:29.970" threadId="0000000000C9F088" success="true" from="nursery"/>
<exclusive-end id="73" timestamp="2019-06-16T01:07:29.971" durationms="16.165" />

<exclusive-start id="74" timestamp="2019-06-16T01:07:33.827" intervalms="3872.362">
  <response-info timems="0.203" idlems="0.203" threads="0" lastid="0000000000C9E700" lastname="main" />
</exclusive-start>
<af-start id="75" threadId="0000000000C9F088" totalBytesRequested="2056" timestamp="2019-06-16T01:07:33.827" intervalms="3872.411" type="nursery" />
<cycle-start id="76" type="scavenge" contextid="0" timestamp="2019-06-16T01:07:33.828" intervalms="3872.474" />
<gc-start id="77" type="scavenge" contextid="76" timestamp="2019-06-16T01:07:33.829">
  <mem-info id="78" free="5450896" total="8388608" percent="64">
    <mem type="nursery" free="0" total="2097152" percent="0">
      <mem type="allocate" free="0" total="1179648" percent="0" />
      <mem type="survivor" free="0" total="917504" percent="0" />
    </mem>
    <mem type="tenure" free="5450896" total="6291456" percent="86">
      <mem type="soa" free="5136528" total="5977088" percent="85" />
      <mem type="loa" free="314368" total="314368" percent="100" />
    </mem>
    <remembered-set count="159" />
  </mem-info>
</gc-start>
<allocation-stats totalBytes="1037240" >
  <allocated-bytes non-tlh="2056" tlh="1035184" />
  <largest-consumer threadName="main" threadId="0000000000C9E700" bytes="1029048" />
</allocation-stats>
<gc-op id="79" type="scavenge" timems="4.176" contextid="76" timestamp="2019-06-16T01:07:33.834">
  <scavenger-info tenureage="5" tenuremask="ffe0" tiltratio="56" />
  <memory-copied type="nursery" objects="301" bytes="79672" bytesdiscarded="23176" />
  <finalization candidates="2" enqueued="0" />
  <references type="soft" candidates="1" cleared="0" enqueued="0" dynamicThreshold="32" maxThreshold="32" />
  <references type="weak" candidates="2" cleared="0" enqueued="0" />
  <references type="phantom" candidates="5" cleared="0" enqueued="0" />
</gc-op>
<gc-end id="80" type="scavenge" contextid="76" durationms="6.584" usertimems="8.000" systemtimems="0.000" timestamp="2019-06-16T01:07:33.835" activeThreads="4">
  <mem-info id="81" free="6658688" total="8388608" percent="79">
    <mem type="nursery" free="1207792" total="2097152" percent="57">
      <mem type="allocate" free="1207792" total="1310720" percent="92" />
      <mem type="survivor" free="0" total="786432" percent="0" />
    </mem>
    <mem type="tenure" free="5450896" total="6291456" percent="86" macro-fragmented="3732887">
      <mem type="soa" free="5136528" total="5977088" percent="85" />
      <mem type="loa" free="314368" total="314368" percent="100" />
    </mem>
    <remembered-set count="88" />
  </mem-info>
</gc-end>
<cycle-end id="82" type="scavenge" contextid="76" timestamp="2019-06-16T01:07:33.836" />
  <attribute name="elasticGC enabled" value="1" />
  <attribute name= "numThreadsSpecified" value="4" />
  <attribute name="heapSize specified" value="0" />
  <attribute name="Current GC Util" value="0" />
  <attribute name= "Current Time Running" value="10044" />
  <attribute name ="GC Interval" value="200" />
  <attribute name="ProportionalT" value="-30.000000" />
  <attribute name="ProportionalI" value="-30.000000" />
  <attribute name="ProportionalH" value="-30.000000" />
  <attribute name="Current Error" value="-20.000000" />
  <attribute name="IntegralT" value="-77440.000000" />
  <attribute name="IntegralI" value="-77440.000000" />
  <attribute name="IntegralH" value="-77440.000000" />
  <attribute name="DerivativeT" value="-0.005165" />
  <attribute name="DerivativeI" value="-0.005165" />
  <attribute name="DerivativeH" value="-0.005165" />
  <attribute name="Loop Time for DT" value="3872.000000" />
  <attribute name="Output H" value="2092630016"/>
  <attribute name="Output I" value="200"/>
  <attribute name="Output T" value="4"/>
  <attribute name="Target GC Util Change" value ="20.000000" />
  <attribute name="Current GC Util Change" value="0.000000"/>
  <attribute name="GC Util currently" value="0" />
  <attribute name="CPU Util currently" value="1" />
<allocation-satisfied id="83" threadId="0000000000C9E700" bytesRequested="2056" />
<af-end id="84" timestamp="2019-06-16T01:07:33.837" threadId="0000000000C9F088" success="true" from="nursery"/>
<exclusive-end id="85" timestamp="2019-06-16T01:07:33.837" durationms="10.383" />

<exclusive-start id="86" timestamp="2019-06-16T01:07:36.725" intervalms="2898.170">
  <response-info timems="0.028" idlems="0.028" threads="0" lastid="0000000000C9E700" lastname="main" />
</exclusive-start>
<sys-start reason="explicit" id="87" timestamp="2019-06-16T01:07:36.725" intervalms="13054.529" />
<cycle-start id="88" type="global" contextid="0" timestamp="2019-06-16T01:07:36.726" intervalms="13055.201" />
<gc-start id="89" type="global" contextid="88" timestamp="2019-06-16T01:07:36.726">
  <mem-info id="90" free="5443896" total="8388608" percent="64">
    <mem type="nursery" free="0" total="2097152" percent="0">
      <mem type="allocate" free="0" total="1310720" percent="0" />
      <mem type="survivor" free="0" total="786432" percent="0" />
    </mem>
    <mem type="tenure" free="5443896" total="6291456" percent="86">
      <mem type="soa" free="5129528" total="5977088" percent="85" />
      <mem type="loa" free="314368" total="314368" percent="100" />
    </mem>
    <remembered-set count="166" />
  </mem-info>
</gc-start>
<allocation-stats totalBytes="1212768" >
  <allocated-bytes non-tlh="174240" tlh="1038528" />
  <largest-consumer threadName="main" threadId="0000000000C9E700" bytes="1204576" />
</allocation-stats>
<gc-op id="91" type="mark" timems="5.808" contextid="88" timestamp="2019-06-16T01:07:36.732">
  <trace-info objectcount="16948" scancount="13963" scanbytes="446756" />
  <finalization candidates="13" enqueued="0" />
  <references type="soft" candidates="67" cleared="0" enqueued="0" dynamicThreshold="32" maxThreshold="32" />
  <references type="weak" candidates="176" cleared="43" enqueued="35" />
  <references type="phantom" candidates="35" cleared="4" enqueued="4" />
  <stringconstants candidates="2456" cleared="0"  />
</gc-op>
<gc-op id="92" type="classunload" timems="0.108" contextid="88" timestamp="2019-06-16T01:07:36.732">
  <classunload-info classloadercandidates="6" classloadersunloaded="0" classesunloaded="0" anonymousclassesunloaded="0" quiescems="0.000" setupms="0.108" scanms="0.000" postms="0.000" />
</gc-op>
<gc-op id="93" type="sweep" timems="1.698" contextid="88" timestamp="2019-06-16T01:07:36.734" />
<mem-info id="94" free="6597448" total="8388608" percent="78">
  <mem type="nursery" free="1035208" total="2097152" percent="49">
    <mem type="allocate" free="1035208" total="1310720" percent="78" />
    <mem type="survivor" free="0" total="786432" percent="0" />
  </mem>
  <mem type="tenure" free="5562240" total="6291456" percent="88" micro-fragmented="2310" macro-fragmented="3732887">
    <mem type="soa" free="5247872" total="5977088" percent="87" />
    <mem type="loa" free="314368" total="314368" percent="100" />
  </mem>
  <pending-finalizers system="0" default="0" reference="39" classloader="0" />
  <remembered-set count="165" />
</mem-info>
<gc-op id="95" type="compact" timems="6.668" contextid="88" timestamp="2019-06-16T01:07:36.741">
  <compact-info movecount="12638" movebytes="804192" reason="compact to aid heap contraction" />
</gc-op>
<gc-end id="96" type="global" contextid="88" durationms="16.305" usertimems="12.000" systemtimems="8.000" timestamp="2019-06-16T01:07:36.742" activeThreads="4">
  <mem-info id="97" free="6616784" total="8388608" percent="78">
    <mem type="nursery" free="1052416" total="2097152" percent="50">
      <mem type="allocate" free="1052416" total="1310720" percent="80" />
      <mem type="survivor" free="0" total="786432" percent="0" />
    </mem>
    <mem type="tenure" free="5564368" total="6291456" percent="88">
      <mem type="soa" free="5250000" total="5977088" percent="87" />
      <mem type="loa" free="314368" total="314368" percent="100" />
    </mem>
    <pending-finalizers system="0" default="0" reference="39" classloader="0" />
    <remembered-set count="165" />
  </mem-info>
</gc-end>
<cycle-end id="98" type="global" contextid="88" timestamp="2019-06-16T01:07:36.742" />
  <attribute name="elasticGC enabled" value="1" />
  <attribute name= "numThreadsSpecified" value="4" />
  <attribute name="heapSize specified" value="8388608" />
  <attribute name="Current GC Util" value="71" />
  <attribute name= "Current Time Running" value="12956" />
  <attribute name ="GC Interval" value="200" />
  <attribute name="ProportionalT" value="76.500000" />
  <attribute name="ProportionalI" value="76.500000" />
  <attribute name="ProportionalH" value="76.500000" />
  <attribute name="Current Error" value="51.000000" />
  <attribute name="IntegralT" value="357.000000" />
  <attribute name="IntegralI" value="357.000000" />
  <attribute name="IntegralH" value="357.000000" />
  <attribute name="DerivativeT" value="-1.285714" />
  <attribute name="DerivativeI" value="-1.285714" />
  <attribute name="DerivativeH" value="-1.285714" />
  <attribute name="Loop Time for DT" value="7.000000" />
  <attribute name="Output H" value="8388608"/>
  <attribute name="Output I" value="432"/>
  <attribute name="Output T" value="4"/>
  <attribute name="Target GC Util Change" value ="20.000000" />
  <attribute name="Current GC Util Change" value="71.000000"/>
  <attribute name="GC Util currently" value="71" />
  <attribute name="CPU Util currently" value="682066669174" />
<sys-end id="99" timestamp="2019-06-16T01:07:36.743" />
<exclusive-end id="100" timestamp="2019-06-16T01:07:36.743" durationms="17.712" />

<exclusive-start id="101" timestamp="2019-06-16T01:07:36.853" intervalms="127.964">
  <response-info timems="0.058" idlems="0.058" threads="0" lastid="0000000000C9E700" lastname="main" />
</exclusive-start>
<af-start id="102" threadId="0000000000C9F088" totalBytesRequested="3080" timestamp="2019-06-16T01:07:36.853" intervalms="3025.585" type="nursery" />
<cycle-start id="103" type="scavenge" contextid="0" timestamp="2019-06-16T01:07:36.853" intervalms="3025.077" />
<gc-start id="104" type="scavenge" contextid="103" timestamp="2019-06-16T01:07:36.853">
  <mem-info id="105" free="5501856" total="8388608" percent="65">
    <mem type="nursery" free="0" total="2097152" percent="0">
      <mem type="allocate" free="0" total="1310720" percent="0" />
      <mem type="survivor" free="0" total="786432" percent="0" />
    </mem>
    <mem type="tenure" free="5501856" total="6291456" percent="87">
      <mem type="soa" free="5187488" total="5977088" percent="86" />
      <mem type="loa" free="314368" total="314368" percent="100" />
    </mem>
    <remembered-set count="568" />
  </mem-info>
</gc-start>
<allocation-stats totalBytes="1110720" >
  <allocated-bytes non-tlh="62512" tlh="1048208" />
  <largest-consumer threadName="main" threadId="0000000000C9E700" bytes="1098432" />
</allocation-stats>
<gc-op id="106" type="scavenge" timems="2.725" contextid="103" timestamp="2019-06-16T01:07:36.856">
  <scavenger-info tenureage="3" tenuremask="fff8" tiltratio="62" />
  <memory-copied type="nursery" objects="2278" bytes="298008" bytesdiscarded="164576" />
  <memory-copied type="tenure" objects="231" bytes="57800" bytesdiscarded="0" />
  <finalization candidates="2" enqueued="0" />
  <references type="soft" candidates="3" cleared="0" enqueued="0" dynamicThreshold="28" maxThreshold="32" />
  <references type="weak" candidates="33" cleared="31" enqueued="31" />
  <references type="phantom" candidates="7" cleared="0" enqueued="0" />
</gc-op>
<gc-end id="107" type="scavenge" contextid="103" durationms="3.177" usertimems="4.000" systemtimems="0.000" timestamp="2019-06-16T01:07:36.856" activeThreads="4">
  <mem-info id="108" free="6250824" total="8388608" percent="74">
    <mem type="nursery" free="913592" total="2097152" percent="43">
      <mem type="allocate" free="913592" total="1376256" percent="66" />
      <mem type="survivor" free="0" total="720896" percent="0" />
    </mem>
    <mem type="tenure" free="5337232" total="6291456" percent="84" macro-fragmented="3110739">
      <mem type="soa" free="5022864" total="5977088" percent="84" />
      <mem type="loa" free="314368" total="314368" percent="100" />
    </mem>
    <pending-finalizers system="0" default="0" reference="31" classloader="0" />
    <remembered-set count="548" />
  </mem-info>
</gc-end>
<cycle-end id="109" type="scavenge" contextid="103" timestamp="2019-06-16T01:07:36.857" />
  <attribute name="elasticGC enabled" value="1" />
  <attribute name= "numThreadsSpecified" value="4" />
  <attribute name="heapSize specified" value="8388608" />
  <attribute name="Current GC Util" value="4" />
  <attribute name= "Current Time Running" value="13068" />
  <attribute name ="GC Interval" value="200" />
  <attribute name="ProportionalT" value="-24.000000" />
  <attribute name="ProportionalI" value="-24.000000" />
  <attribute name="ProportionalH" value="-24.000000" />
  <attribute name="Current Error" value="-16.000000" />
  <attribute name="IntegralT" value="-1792.000000" />
  <attribute name="IntegralI" value="-1792.000000" />
  <attribute name="IntegralH" value="-1792.000000" />
  <attribute name="DerivativeT" value="-0.598214" />
  <attribute name="DerivativeI" value="-0.598214" />
  <attribute name="DerivativeH" value="-0.598214" />
  <attribute name="Loop Time for DT" value="112.000000" />
  <attribute name="Output H" value="2092630016"/>
  <attribute name="Output I" value="200"/>
  <attribute name="Output T" value="4"/>
  <attribute name="Target GC Util Change" value ="20.000000" />
  <attribute name="Current GC Util Change" value="4.000000"/>
  <attribute name="GC Util currently" value="4" />
  <attribute name="CPU Util currently" value="41222345216" />
<allocation-satisfied id="110" threadId="0000000000C9E700" bytesRequested="3080" />
<af-end id="111" timestamp="2019-06-16T01:07:36.857" threadId="0000000000C9F088" success="true" from="nursery"/>
<exclusive-end id="112" timestamp="2019-06-16T01:07:36.857" durationms="3.939" />

<exclusive-start id="113" timestamp="2019-06-16T01:07:36.914" intervalms="61.077">
  <response-info timems="0.036" idlems="0.036" threads="0" lastid="0000000000C9E700" lastname="main" />
</exclusive-start>
<af-start id="114" threadId="0000000000C9F088" totalBytesRequested="24" timestamp="2019-06-16T01:07:36.914" intervalms="61.017" type="nursery" />
<cycle-start id="115" type="scavenge" contextid="0" timestamp="2019-06-16T01:07:36.914" intervalms="60.989" />
<gc-start id="116" type="scavenge" contextid="115" timestamp="2019-06-16T01:07:36.914">
  <mem-info id="117" free="5306488" total="8388608" percent="63">
    <mem type="nursery" free="0" total="2097152" percent="0">
      <mem type="allocate" free="0" total="1376256" percent="0" />
      <mem type="survivor" free="0" total="720896" percent="0" />
    </mem>
    <mem type="tenure" free="5306488" total="6291456" percent="84">
      <mem type="soa" free="4992120" total="5977088" percent="83" />
      <mem type="loa" free="314368" total="314368" percent="100" />
    </mem>
    <remembered-set count="925" />
  </mem-info>
</gc-start>
<allocation-stats totalBytes="943488" >
  <allocated-bytes non-tlh="33824" tlh="909664" />
  <largest-consumer threadName="main" threadId="0000000000C9E700" bytes="943488" />
</allocation-stats>
<gc-op id="118" type="scavenge" timems="1.847" contextid="115" timestamp="2019-06-16T01:07:36.916">
  <scavenger-info tenureage="3" tenuremask="ffc8" tiltratio="65" />
  <memory-copied type="nursery" objects="2439" bytes="353416" bytesdiscarded="67176" />
  <references type="soft" candidates="3" cleared="0" enqueued="0" dynamicThreshold="28" maxThreshold="32" />
  <references type="weak" candidates="3" cleared="2" enqueued="2" />
  <references type="phantom" candidates="7" cleared="0" enqueued="0" />
</gc-op>
<gc-end id="119" type="scavenge" contextid="115" durationms="2.248" usertimems="0.000" systemtimems="0.000" timestamp="2019-06-16T01:07:36.916" activeThreads="4">
  <mem-info id="120" free="6327592" total="8388608" percent="75">
    <mem type="nursery" free="1021104" total="2097152" percent="48">
      <mem type="allocate" free="1021104" total="1441792" percent="70" />
      <mem type="survivor" free="0" total="655360" percent="0" />
    </mem>
    <mem type="tenure" free="5306488" total="6291456" percent="84" macro-fragmented="4479464">
      <mem type="soa" free="4992120" total="5977088" percent="83" />
      <mem type="loa" free="314368" total="314368" percent="100" />
    </mem>
    <pending-finalizers system="0" default="0" reference="2" classloader="0" />
    <remembered-set count="923" />
  </mem-info>
</gc-end>
<cycle-end id="121" type="scavenge" contextid="115" timestamp="2019-06-16T01:07:36.917" />
  <attribute name="elasticGC enabled" value="1" />
  <attribute name= "numThreadsSpecified" value="4" />
  <attribute name="heapSize specified" value="8388608" />
  <attribute name="Current GC Util" value="7" />
  <attribute name= "Current Time Running" value="13129" />
  <attribute name ="GC Interval" value="200" />
  <attribute name="ProportionalT" value="-19.500000" />
  <attribute name="ProportionalI" value="-19.500000" />
  <attribute name="ProportionalH" value="-19.500000" />
  <attribute name="Current Error" value="-13.000000" />
  <attribute name="IntegralT" value="-793.000000" />
  <attribute name="IntegralI" value="-793.000000" />
  <attribute name="IntegralH" value="-793.000000" />
  <attribute name="DerivativeT" value="-0.213115" />
  <attribute name="DerivativeI" value="-0.213115" />
  <attribute name="DerivativeH" value="-0.213115" />
  <attribute name="Loop Time for DT" value="61.000000" />
  <attribute name="Output H" value="2092630016"/>
  <attribute name="Output I" value="200"/>
  <attribute name="Output T" value="4"/>
  <attribute name="Target GC Util Change" value ="20.000000" />
  <attribute name="Current GC Util Change" value="7.000000"/>
  <attribute name="GC Util currently" value="7" />
  <attribute name="CPU Util currently" value="75706191212" />
<allocation-satisfied id="122" threadId="0000000000C9E700" bytesRequested="24" />
<af-end id="123" timestamp="2019-06-16T01:07:36.917" threadId="0000000000C9F088" success="true" from="nursery"/>
<exclusive-end id="124" timestamp="2019-06-16T01:07:36.917" durationms="2.739" />

<exclusive-start id="125" timestamp="2019-06-16T01:07:37.130" intervalms="216.261">
  <response-info timems="0.028" idlems="0.028" threads="0" lastid="0000000000C9E700" lastname="main" />
</exclusive-start>
<af-start id="126" threadId="0000000000C9F088" totalBytesRequested="16" timestamp="2019-06-16T01:07:37.130" intervalms="216.332" type="nursery" />
<cycle-start id="127" type="scavenge" contextid="0" timestamp="2019-06-16T01:07:37.131" intervalms="216.405" />
<gc-start id="128" type="scavenge" contextid="127" timestamp="2019-06-16T01:07:37.131">
  <mem-info id="129" free="5286976" total="8388608" percent="63">
    <mem type="nursery" free="0" total="2097152" percent="0">
      <mem type="allocate" free="0" total="1441792" percent="0" />
      <mem type="survivor" free="0" total="655360" percent="0" />
    </mem>
    <mem type="tenure" free="5286976" total="6291456" percent="84">
      <mem type="soa" free="4972608" total="5977088" percent="83" />
      <mem type="loa" free="314368" total="314368" percent="100" />
    </mem>
    <remembered-set count="1187" />
  </mem-info>
</gc-start>
<allocation-stats totalBytes="1038960" >
  <allocated-bytes non-tlh="19536" tlh="1019424" />
  <largest-consumer threadName="main" threadId="0000000000C9E700" bytes="1038960" />
</allocation-stats>
<gc-op id="130" type="scavenge" timems="2.227" contextid="127" timestamp="2019-06-16T01:07:37.133">
  <scavenger-info tenureage="3" tenuremask="fff8" tiltratio="68" />
  <memory-copied type="nursery" objects="11292" bytes="597320" bytesdiscarded="57984" />
  <references type="soft" candidates="3" cleared="0" enqueued="0" dynamicThreshold="28" maxThreshold="32" />
  <references type="weak" candidates="3" cleared="2" enqueued="2" />
  <references type="phantom" candidates="8" cleared="1" enqueued="1" />
</gc-op>
<gc-end id="131" type="scavenge" contextid="127" durationms="2.845" usertimems="4.000" systemtimems="0.000" timestamp="2019-06-16T01:07:37.134" activeThreads="4">
  <mem-info id="132" free="5811264" total="8388608" percent="69">
    <mem type="nursery" free="524288" total="2097152" percent="25">
      <mem type="allocate" free="524288" total="1179648" percent="44" />
      <mem type="survivor" free="0" total="917504" percent="0" />
    </mem>
    <mem type="tenure" free="5286976" total="6291456" percent="84" macro-fragmented="4479464">
      <mem type="soa" free="4972608" total="5977088" percent="83" />
      <mem type="loa" free="314368" total="314368" percent="100" />
    </mem>
    <pending-finalizers system="0" default="0" reference="3" classloader="0" />
    <remembered-set count="838" />
  </mem-info>
</gc-end>
<cycle-end id="133" type="scavenge" contextid="127" timestamp="2019-06-16T01:07:37.134" />
  <attribute name="elasticGC enabled" value="1" />
  <attribute name= "numThreadsSpecified" value="4" />
  <attribute name="heapSize specified" value="8388608" />
  <attribute name="Current GC Util" value="1" />
  <attribute name= "Current Time Running" value="13346" />
  <attribute name ="GC Interval" value="200" />
  <attribute name="ProportionalT" value="-28.500000" />
  <attribute name="ProportionalI" value="-28.500000" />
  <attribute name="ProportionalH" value="-28.500000" />
  <attribute name="Current Error" value="-19.000000" />
  <attribute name="IntegralT" value="-4123.000000" />
  <attribute name="IntegralI" value="-4123.000000" />
  <attribute name="IntegralH" value="-4123.000000" />
  <attribute name="DerivativeT" value="-0.087558" />
  <attribute name="DerivativeI" value="-0.087558" />
  <attribute name="DerivativeH" value="-0.087558" />
  <attribute name="Loop Time for DT" value="217.000000" />
  <attribute name="Output H" value="2092630016"/>
  <attribute name="Output I" value="200"/>
  <attribute name="Output T" value="4"/>
  <attribute name="Target GC Util Change" value ="20.000000" />
  <attribute name="Current GC Util Change" value="1.000000"/>
  <attribute name="GC Util currently" value="1" />
  <attribute name="CPU Util currently" value="14" />
<allocation-satisfied id="134" threadId="0000000000C9E700" bytesRequested="16" />
<af-end id="135" timestamp="2019-06-16T01:07:37.134" threadId="0000000000C9F088" success="true" from="nursery"/>
<exclusive-end id="136" timestamp="2019-06-16T01:07:37.134" durationms="3.815" />

<exclusive-start id="137" timestamp="2019-06-16T01:07:37.296" intervalms="165.544">
  <response-info timems="0.028" idlems="0.028" threads="0" lastid="0000000000C9E700" lastname="main" />
</exclusive-start>
<af-start id="138" threadId="0000000000C9F088" totalBytesRequested="16" timestamp="2019-06-16T01:07:37.296" intervalms="165.487" type="nursery" />
<cycle-start id="139" type="scavenge" contextid="0" timestamp="2019-06-16T01:07:37.296" intervalms="165.413" />
<gc-start id="140" type="scavenge" contextid="139" timestamp="2019-06-16T01:07:37.296">
  <mem-info id="141" free="5274080" total="8388608" percent="62">
    <mem type="nursery" free="0" total="2097152" percent="0">
      <mem type="allocate" free="0" total="1179648" percent="0" />
      <mem type="survivor" free="0" total="917504" percent="0" />
    </mem>
    <mem type="tenure" free="5274080" total="6291456" percent="83">
      <mem type="soa" free="4959712" total="5977088" percent="82" />
      <mem type="loa" free="314368" total="314368" percent="100" />
    </mem>
    <remembered-set count="1092" />
  </mem-info>
</gc-start>
<allocation-stats totalBytes="536400" >
  <allocated-bytes non-tlh="12912" tlh="523488" />
  <largest-consumer threadName="main" threadId="0000000000C9E700" bytes="536400" />
</allocation-stats>
<gc-op id="142" type="scavenge" timems="2.376" contextid="139" timestamp="2019-06-16T01:07:37.299">
  <scavenger-info tenureage="3" tenuremask="fff8" tiltratio="56" />
  <memory-copied type="nursery" objects="11820" bytes="379472" bytesdiscarded="108472" />
  <memory-copied type="tenure" objects="2116" bytes="284912" bytesdiscarded="88" />
  <references type="weak" candidates="5" cleared="5" enqueued="5" />
  <references type="phantom" candidates="1" cleared="1" enqueued="1" />
</gc-op>
<gc-end id="143" type="scavenge" contextid="139" durationms="2.824" usertimems="4.000" systemtimems="0.000" timestamp="2019-06-16T01:07:37.299" activeThreads="4">
  <mem-info id="144" free="5768144" total="8388608" percent="68">
    <mem type="nursery" free="757200" total="2097152" percent="36">
      <mem type="allocate" free="757200" total="1245184" percent="60" />
      <mem type="survivor" free="0" total="851968" percent="0" />
    </mem>
    <mem type="tenure" free="5010944" total="6291456" percent="79" macro-fragmented="2160235">
      <mem type="soa" free="4696576" total="5977088" percent="78" />
      <mem type="loa" free="314368" total="314368" percent="100" />
    </mem>
    <pending-finalizers system="0" default="0" reference="6" classloader="0" />
    <remembered-set count="663" />
  </mem-info>
</gc-end>
<cycle-end id="145" type="scavenge" contextid="139" timestamp="2019-06-16T01:07:37.299" />
  <attribute name="elasticGC enabled" value="1" />
  <attribute name= "numThreadsSpecified" value="4" />
  <attribute name="heapSize specified" value="8388608" />
  <attribute name="Current GC Util" value="2" />
  <attribute name= "Current Time Running" value="13511" />
  <attribute name ="GC Interval" value="200" />
  <attribute name="ProportionalT" value="-27.000000" />
  <attribute name="ProportionalI" value="-27.000000" />
  <attribute name="ProportionalH" value="-27.000000" />
  <attribute name="Current Error" value="-18.000000" />
  <attribute name="IntegralT" value="-2970.000000" />
  <attribute name="IntegralI" value="-2970.000000" />
  <attribute name="IntegralH" value="-2970.000000" />
  <attribute name="DerivativeT" value="-0.109091" />
  <attribute name="DerivativeI" value="-0.109091" />
  <attribute name="DerivativeH" value="-0.109091" />
  <attribute name="Loop Time for DT" value="165.000000" />
  <attribute name="Output H" value="2092630016"/>
  <attribute name="Output I" value="200"/>
  <attribute name="Output T" value="4"/>
  <attribute name="Target GC Util Change" value ="20.000000" />
  <attribute name="Current GC Util Change" value="2.000000"/>
  <attribute name="GC Util currently" value="2" />
  <attribute name="CPU Util currently" value="27922878356" />
<allocation-satisfied id="146" threadId="0000000000C9E700" bytesRequested="16" />
<af-end id="147" timestamp="2019-06-16T01:07:37.299" threadId="0000000000C9F088" success="true" from="nursery"/>
<exclusive-end id="148" timestamp="2019-06-16T01:07:37.299" durationms="3.272" />

<exclusive-start id="149" timestamp="2019-06-16T01:07:37.410" intervalms="113.779">
  <response-info timems="0.027" idlems="0.027" threads="0" lastid="0000000000C9E700" lastname="main" />
</exclusive-start>
<af-start id="150" threadId="0000000000C9F088" totalBytesRequested="1032" timestamp="2019-06-16T01:07:37.410" intervalms="113.826" type="nursery" />
<cycle-start id="151" type="scavenge" contextid="0" timestamp="2019-06-16T01:07:37.410" intervalms="113.852" />
<gc-start id="152" type="scavenge" contextid="151" timestamp="2019-06-16T01:07:37.410">
  <mem-info id="153" free="4996008" total="8388608" percent="59">
    <mem type="nursery" free="0" total="2097152" percent="0">
      <mem type="allocate" free="0" total="1245184" percent="0" />
      <mem type="survivor" free="0" total="851968" percent="0" />
    </mem>
    <mem type="tenure" free="4996008" total="6291456" percent="79">
      <mem type="soa" free="4681640" total="5977088" percent="78" />
      <mem type="loa" free="314368" total="314368" percent="100" />
    </mem>
    <remembered-set count="895" />
  </mem-info>
</gc-start>
<allocation-stats totalBytes="756080" >
  <allocated-bytes non-tlh="62280" tlh="693800" />
  <largest-consumer threadName="main" threadId="0000000000C9E700" bytes="756080" />
</allocation-stats>
<gc-op id="154" type="scavenge" timems="2.077" contextid="151" timestamp="2019-06-16T01:07:37.412">
  <scavenger-info tenureage="3" tenuremask="fff8" tiltratio="59" />
  <memory-copied type="nursery" objects="12674" bytes="409176" bytesdiscarded="178208" />
  <memory-copied type="tenure" objects="156" bytes="51224" bytesdiscarded="0" />
  <references type="weak" candidates="3" cleared="2" enqueued="2" />
  <references type="phantom" candidates="1" cleared="0" enqueued="0" />
</gc-op>
<gc-end id="155" type="scavenge" contextid="151" durationms="2.531" usertimems="4.000" systemtimems="0.000" timestamp="2019-06-16T01:07:37.412" activeThreads="4">
  <mem-info id="156" free="5719296" total="8388608" percent="68">
    <mem type="nursery" free="723288" total="2097152" percent="34">
      <mem type="allocate" free="723288" total="1310720" percent="55" />
      <mem type="survivor" free="0" total="786432" percent="0" />
    </mem>
    <mem type="tenure" free="4996008" total="6291456" percent="79" macro-fragmented="3110739">
      <mem type="soa" free="4681640" total="5977088" percent="78" />
      <mem type="loa" free="314368" total="314368" percent="100" />
    </mem>
    <pending-finalizers system="0" default="0" reference="2" classloader="0" />
    <remembered-set count="673" />
  </mem-info>
</gc-end>
<cycle-end id="157" type="scavenge" contextid="151" timestamp="2019-06-16T01:07:37.412" />
  <attribute name="elasticGC enabled" value="1" />
  <attribute name= "numThreadsSpecified" value="4" />
  <attribute name="heapSize specified" value="8388608" />
  <attribute name="Current GC Util" value="3" />
  <attribute name= "Current Time Running" value="13625" />
  <attribute name ="GC Interval" value="200" />
  <attribute name="ProportionalT" value="-25.500000" />
  <attribute name="ProportionalI" value="-25.500000" />
  <attribute name="ProportionalH" value="-25.500000" />
  <attribute name="Current Error" value="-17.000000" />
  <attribute name="IntegralT" value="-1938.000000" />
  <attribute name="IntegralI" value="-1938.000000" />
  <attribute name="IntegralH" value="-1938.000000" />
  <attribute name="DerivativeT" value="-0.149123" />
  <attribute name="DerivativeI" value="-0.149123" />
  <attribute name="DerivativeH" value="-0.149123" />
  <attribute name="Loop Time for DT" value="114.000000" />
  <attribute name="Output H" value="2092630016"/>
  <attribute name="Output I" value="200"/>
  <attribute name="Output T" value="4"/>
  <attribute name="Target GC Util Change" value ="20.000000" />
  <attribute name="Current GC Util Change" value="3.000000"/>
  <attribute name="GC Util currently" value="3" />
  <attribute name="CPU Util currently" value="40485538388" />
<allocation-satisfied id="158" threadId="0000000000C9E700" bytesRequested="1032" />
<af-end id="159" timestamp="2019-06-16T01:07:37.413" threadId="0000000000C9F088" success="true" from="nursery"/>
<exclusive-end id="160" timestamp="2019-06-16T01:07:37.413" durationms="3.163" />

<exclusive-start id="161" timestamp="2019-06-16T01:07:37.438" intervalms="28.101">
  <response-info timems="0.030" idlems="0.030" threads="0" lastid="0000000000C9E700" lastname="main" />
</exclusive-start>
<af-start id="162" threadId="0000000000C9F088" totalBytesRequested="80" timestamp="2019-06-16T01:07:37.438" intervalms="28.046" type="nursery" />
<cycle-start id="163" type="scavenge" contextid="0" timestamp="2019-06-16T01:07:37.438" intervalms="28.018" />
<gc-start id="164" type="scavenge" contextid="163" timestamp="2019-06-16T01:07:37.438">
  <mem-info id="165" free="4979416" total="8388608" percent="59">
    <mem type="nursery" free="0" total="2097152" percent="0">
      <mem type="allocate" free="0" total="1310720" percent="0" />
      <mem type="survivor" free="0" total="786432" percent="0" />
    </mem>
    <mem type="tenure" free="4979416" total="6291456" percent="79">
      <mem type="soa" free="4665048" total="5977088" percent="78" />
      <mem type="loa" free="314368" total="314368" percent="100" />
    </mem>
    <remembered-set count="879" />
  </mem-info>
</gc-start>
<allocation-stats totalBytes="738992" >
  <allocated-bytes non-tlh="17624" tlh="721368" />
  <largest-consumer threadName="main" threadId="0000000000C9E700" bytes="738992" />
</allocation-stats>
<gc-op id="166" type="scavenge" timems="1.951" contextid="163" timestamp="2019-06-16T01:07:37.440">
  <scavenger-info tenureage="3" tenuremask="fff8" tiltratio="62" />
  <memory-copied type="nursery" objects="4730" bytes="186408" bytesdiscarded="139232" />
  <memory-copied type="tenure" objects="8916" bytes="257544" bytesdiscarded="96" />
</gc-op>
<gc-end id="167" type="scavenge" contextid="163" durationms="2.539" usertimems="0.000" systemtimems="4.000" timestamp="2019-06-16T01:07:37.440" activeThreads="4">
  <mem-info id="168" free="5745616" total="8388608" percent="68">
    <mem type="nursery" free="1050568" total="2097152" percent="50">
      <mem type="allocate" free="1050568" total="1376256" percent="76" />
      <mem type="survivor" free="0" total="720896" percent="0" />
    </mem>
    <mem type="tenure" free="4695048" total="6291456" percent="74" macro-fragmented="39130">
      <mem type="soa" free="4380680" total="5977088" percent="73" />
      <mem type="loa" free="314368" total="314368" percent="100" />
    </mem>
    <remembered-set count="523" />
  </mem-info>
</gc-end>
<cycle-end id="169" type="scavenge" contextid="163" timestamp="2019-06-16T01:07:37.441" />
  <attribute name="elasticGC enabled" value="1" />
  <attribute name= "numThreadsSpecified" value="4" />
  <attribute name="heapSize specified" value="8388608" />
  <attribute name="Current GC Util" value="12" />
  <attribute name= "Current Time Running" value="13653" />
  <attribute name ="GC Interval" value="200" />
  <attribute name="ProportionalT" value="-12.000000" />
  <attribute name="ProportionalI" value="-12.000000" />
  <attribute name="ProportionalH" value="-12.000000" />
  <attribute name="Current Error" value="-8.000000" />
  <attribute name="IntegralT" value="-224.000000" />
  <attribute name="IntegralI" value="-224.000000" />
  <attribute name="IntegralH" value="-224.000000" />
  <attribute name="DerivativeT" value="-0.285714" />
  <attribute name="DerivativeI" value="-0.285714" />
  <attribute name="DerivativeH" value="-0.285714" />
  <attribute name="Loop Time for DT" value="28.000000" />
  <attribute name="Output H" value="2092630016"/>
  <attribute name="Output I" value="200"/>
  <attribute name="Output T" value="4"/>
  <attribute name="Target GC Util Change" value ="20.000000" />
  <attribute name="Current GC Util Change" value="12.000000"/>
  <attribute name="GC Util currently" value="12" />
  <attribute name="CPU Util currently" value="164458985524" />
<allocation-satisfied id="170" threadId="0000000000C9E700" bytesRequested="80" />
<af-end id="171" timestamp="2019-06-16T01:07:37.441" threadId="0000000000C9F088" success="true" from="nursery"/>
<exclusive-end id="172" timestamp="2019-06-16T01:07:37.441" durationms="3.219" />

<exclusive-start id="173" timestamp="2019-06-16T01:07:37.467" intervalms="29.715">
  <response-info timems="0.056" idlems="0.056" threads="0" lastid="0000000000C9E700" lastname="main" />
</exclusive-start>
<af-start id="174" threadId="0000000000C9F088" totalBytesRequested="40" timestamp="2019-06-16T01:07:37.468" intervalms="29.786" type="nursery" />
<cycle-start id="175" type="scavenge" contextid="0" timestamp="2019-06-16T01:07:37.468" intervalms="29.866" />
<gc-start id="176" type="scavenge" contextid="175" timestamp="2019-06-16T01:07:37.468">
  <mem-info id="177" free="4680664" total="8388608" percent="55">
    <mem type="nursery" free="0" total="2097152" percent="0">
      <mem type="allocate" free="0" total="1376256" percent="0" />
      <mem type="survivor" free="0" total="720896" percent="0" />
    </mem>
    <mem type="tenure" free="4680664" total="6291456" percent="74">
      <mem type="soa" free="4366296" total="5977088" percent="73" />
      <mem type="loa" free="314368" total="314368" percent="100" />
    </mem>
    <remembered-set count="708" />
  </mem-info>
</gc-start>
<allocation-stats totalBytes="1063136" >
  <allocated-bytes non-tlh="14464" tlh="1048672" />
  <largest-consumer threadName="main" threadId="0000000000C9E700" bytes="1063136" />
</allocation-stats>
<gc-op id="178" type="scavenge" timems="2.214" contextid="175" timestamp="2019-06-16T01:07:37.470">
  <scavenger-info tenureage="3" tenuremask="fff8" tiltratio="65" />
  <memory-copied type="nursery" objects="8340" bytes="493760" bytesdiscarded="152488" />
  <memory-copied type="tenure" objects="2692" bytes="68984" bytesdiscarded="16" />
</gc-op>
<heap-resize id="179" type="expand" space="nursery" amount="131072" count="1" timems="0.147" reason="excessive time being spent scavenging" timestamp="2019-06-16T01:07:37.471" />
<gc-end id="180" type="scavenge" contextid="175" durationms="3.104" usertimems="4.000" systemtimems="0.000" timestamp="2019-06-16T01:07:37.471" activeThreads="4">
  <mem-info id="181" free="5196824" total="8519680" percent="60">
    <mem type="nursery" free="664384" total="2228224" percent="29">
      <mem type="allocate" free="664384" total="1310720" percent="50" />
      <mem type="survivor" free="0" total="917504" percent="0" />
    </mem>
    <mem type="tenure" free="4532440" total="6291456" percent="72" macro-fragmented="3732887">
      <mem type="soa" free="4218072" total="5977088" percent="70" />
      <mem type="loa" free="314368" total="314368" percent="100" />
    </mem>
    <remembered-set count="501" />
  </mem-info>
</gc-end>
<cycle-end id="182" type="scavenge" contextid="175" timestamp="2019-06-16T01:07:37.471" />
  <attribute name="elasticGC enabled" value="1" />
  <attribute name= "numThreadsSpecified" value="4" />
  <attribute name="heapSize specified" value="8388608" />
  <attribute name="Current GC Util" value="10" />
  <attribute name= "Current Time Running" value="13683" />
  <attribute name ="GC Interval" value="200" />
  <attribute name="ProportionalT" value="-15.000000" />
  <attribute name="ProportionalI" value="-15.000000" />
  <attribute name="ProportionalH" value="-15.000000" />
  <attribute name="Current Error" value="-10.000000" />
  <attribute name="IntegralT" value="-300.000000" />
  <attribute name="IntegralI" value="-300.000000" />
  <attribute name="IntegralH" value="-300.000000" />
  <attribute name="DerivativeT" value="-0.333333" />
  <attribute name="DerivativeI" value="-0.333333" />
  <attribute name="DerivativeH" value="-0.333333" />
  <attribute name="Loop Time for DT" value="30.000000" />
  <attribute name="Output H" value="2092630016"/>
  <attribute name="Output I" value="200"/>
  <attribute name="Output T" value="4"/>
  <attribute name="Target GC Util Change" value ="20.000000" />
  <attribute name="Current GC Util Change" value="10.000000"/>
  <attribute name="GC Util currently" value="10" />
  <attribute name="CPU Util currently" value="153573240813" />
<allocation-satisfied id="183" threadId="0000000000C9E700" bytesRequested="40" />
<af-end id="184" timestamp="2019-06-16T01:07:37.471" threadId="0000000000C9F088" success="true" from="nursery"/>
<exclusive-end id="185" timestamp="2019-06-16T01:07:37.471" durationms="3.927" />

<exclusive-start id="186" timestamp="2019-06-16T01:07:37.832" intervalms="364.583">
  <response-info timems="0.030" idlems="0.030" threads="0" lastid="0000000000F54500" lastname="node-1" />
</exclusive-start>
<af-start id="187" threadId="0000000000F54E88" totalBytesRequested="24" timestamp="2019-06-16T01:07:37.832" intervalms="364.567" type="nursery" />
<cycle-start id="188" type="scavenge" contextid="0" timestamp="2019-06-16T01:07:37.832" intervalms="364.548" />
<gc-start id="189" type="scavenge" contextid="188" timestamp="2019-06-16T01:07:37.832">
  <mem-info id="190" free="4531304" total="8519680" percent="53">
    <mem type="nursery" free="0" total="2228224" percent="0">
      <mem type="allocate" free="0" total="1310720" percent="0" />
      <mem type="survivor" free="0" total="917504" percent="0" />
    </mem>
    <mem type="tenure" free="4531304" total="6291456" percent="72">
      <mem type="soa" free="4216936" total="5977088" percent="70" />
      <mem type="loa" free="314368" total="314368" percent="100" />
    </mem>
    <remembered-set count="533" />
  </mem-info>
</gc-start>
<allocation-stats totalBytes="664072" >
  <allocated-bytes non-tlh="1176" tlh="662896" />
  <largest-consumer threadName="main" threadId="0000000000C9E700" bytes="286720" />
</allocation-stats>
<gc-op id="191" type="scavenge" timems="0.802" contextid="188" timestamp="2019-06-16T01:07:37.833">
  <scavenger-info tenureage="2" tenuremask="fffc" tiltratio="58" />
  <memory-copied type="nursery" objects="14325" bytes="707104" bytesdiscarded="60616" />
  <memory-copied type="tenure" objects="2009" bytes="116648" bytesdiscarded="8" />
  <references type="weak" candidates="2" cleared="2" enqueued="2" />
</gc-op>
<gc-end id="192" type="scavenge" contextid="188" durationms="1.228" usertimems="0.000" systemtimems="4.000" timestamp="2019-06-16T01:07:37.834" activeThreads="4">
  <mem-info id="193" free="4801280" total="8519680" percent="56">
    <mem type="nursery" free="477376" total="2228224" percent="21">
      <mem type="allocate" free="477376" total="1245184" percent="38" />
      <mem type="survivor" free="0" total="983040" percent="0" />
    </mem>
    <mem type="tenure" free="4323904" total="6291456" percent="68" macro-fragmented="1800196">
      <mem type="soa" free="4009536" total="5977088" percent="67" />
      <mem type="loa" free="314368" total="314368" percent="100" />
    </mem>
    <pending-finalizers system="0" default="0" reference="2" classloader="0" />
    <remembered-set count="312" />
  </mem-info>
</gc-end>
<cycle-end id="194" type="scavenge" contextid="188" timestamp="2019-06-16T01:07:37.834" />
  <attribute name="elasticGC enabled" value="1" />
  <attribute name= "numThreadsSpecified" value="4" />
  <attribute name="heapSize specified" value="8388608" />
  <attribute name="Current GC Util" value="0" />
  <attribute name= "Current Time Running" value="14047" />
  <attribute name ="GC Interval" value="200" />
  <attribute name="ProportionalT" value="-30.000000" />
  <attribute name="ProportionalI" value="-30.000000" />
  <attribute name="ProportionalH" value="-30.000000" />
  <attribute name="Current Error" value="-20.000000" />
  <attribute name="IntegralT" value="-7280.000000" />
  <attribute name="IntegralI" value="-7280.000000" />
  <attribute name="IntegralH" value="-7280.000000" />
  <attribute name="DerivativeT" value="-0.054945" />
  <attribute name="DerivativeI" value="-0.054945" />
  <attribute name="DerivativeH" value="-0.054945" />
  <attribute name="Loop Time for DT" value="364.000000" />
  <attribute name="Output H" value="2092630016"/>
  <attribute name="Output I" value="200"/>
  <attribute name="Output T" value="4"/>
  <attribute name="Target GC Util Change" value ="20.000000" />
  <attribute name="Current GC Util Change" value="0.000000"/>
  <attribute name="GC Util currently" value="0" />
  <attribute name="CPU Util currently" value="29" />
<allocation-satisfied id="195" threadId="0000000000F54500" bytesRequested="24" />
<af-end id="196" timestamp="2019-06-16T01:07:37.834" threadId="0000000000F54E88" success="true" from="nursery"/>
<exclusive-end id="197" timestamp="2019-06-16T01:07:37.834" durationms="1.894" />

<exclusive-start id="198" timestamp="2019-06-16T01:07:38.237" intervalms="404.732">
  <response-info timems="0.040" idlems="0.022" threads="1" lastid="0000000000F5F900" lastname="node-4" />
</exclusive-start>
<af-start id="199" threadId="0000000000F58A88" totalBytesRequested="16" timestamp="2019-06-16T01:07:38.237" intervalms="404.684" type="nursery" />
<cycle-start id="200" type="scavenge" contextid="0" timestamp="2019-06-16T01:07:38.237" intervalms="404.630" />
<gc-start id="201" type="scavenge" contextid="200" timestamp="2019-06-16T01:07:38.237">
  <mem-info id="202" free="4323904" total="8519680" percent="50">
    <mem type="nursery" free="0" total="2228224" percent="0">
      <mem type="allocate" free="0" total="1245184" percent="0" />
      <mem type="survivor" free="0" total="983040" percent="0" />
    </mem>
    <mem type="tenure" free="4323904" total="6291456" percent="68">
      <mem type="soa" free="4009536" total="5977088" percent="67" />
      <mem type="loa" free="314368" total="314368" percent="100" />
    </mem>
    <remembered-set count="312" />
  </mem-info>
</gc-start>
<allocation-stats totalBytes="476832" >
  <allocated-bytes non-tlh="24" tlh="476808" />
  <largest-consumer threadName="node-0" threadId="0000000000F63500" bytes="100488" />
</allocation-stats>
<gc-op id="203" type="scavenge" timems="1.008" contextid="200" timestamp="2019-06-16T01:07:38.238">
  <scavenger-info tenureage="1" tenuremask="fffe" tiltratio="55" />
  <memory-copied type="nursery" objects="3150" bytes="76416" bytesdiscarded="119424" />
  <memory-copied type="tenure" objects="14267" bytes="704240" bytesdiscarded="464" />
</gc-op>
<gc-end id="204" type="scavenge" contextid="200" durationms="1.263" usertimems="0.000" systemtimems="4.000" timestamp="2019-06-16T01:07:38.238" activeThreads="4">
  <mem-info id="205" free="4554816" total="8519680" percent="53">
    <mem type="nursery" free="1049344" total="2228224" percent="47">
      <mem type="allocate" free="1049344" total="1245184" percent="84" />
      <mem type="survivor" free="0" total="983040" percent="0" />
    </mem>
    <mem type="tenure" free="3505472" total="6291456" percent="55" macro-fragmented="3110739">
      <mem type="soa" free="3191104" total="5977088" percent="53" />
      <mem type="loa" free="314368" total="314368" percent="100" />
    </mem>
    <remembered-set count="176" />
  </mem-info>
</gc-end>
<cycle-end id="206" type="scavenge" contextid="200" timestamp="2019-06-16T01:07:38.238" />
  <attribute name="elasticGC enabled" value="1" />
  <attribute name= "numThreadsSpecified" value="4" />
  <attribute name="heapSize specified" value="8388608" />
  <attribute name="Current GC Util" value="0" />
  <attribute name= "Current Time Running" value="14452" />
  <attribute name ="GC Interval" value="200" />
  <attribute name="ProportionalT" value="-30.000000" />
  <attribute name="ProportionalI" value="-30.000000" />
  <attribute name="ProportionalH" value="-30.000000" />
  <attribute name="Current Error" value="-20.000000" />
  <attribute name="IntegralT" value="-8100.000000" />
  <attribute name="IntegralI" value="-8100.000000" />
  <attribute name="IntegralH" value="-8100.000000" />
  <attribute name="DerivativeT" value="-0.049383" />
  <attribute name="DerivativeI" value="-0.049383" />
  <attribute name="DerivativeH" value="-0.049383" />
  <attribute name="Loop Time for DT" value="405.000000" />
  <attribute name="Output H" value="2092630016"/>
  <attribute name="Output I" value="200"/>
  <attribute name="Output T" value="4"/>
  <attribute name="Target GC Util Change" value ="20.000000" />
  <attribute name="Current GC Util Change" value="0.000000"/>
  <attribute name="GC Util currently" value="0" />
  <attribute name="CPU Util currently" value="7" />
<allocation-satisfied id="207" threadId="0000000000F58100" bytesRequested="16" />
<af-end id="208" timestamp="2019-06-16T01:07:38.238" threadId="0000000000F58A88" success="true" from="nursery"/>
<exclusive-end id="209" timestamp="2019-06-16T01:07:38.238" durationms="1.712" />

<exclusive-start id="210" timestamp="2019-06-16T01:07:39.071" intervalms="834.633">
  <response-info timems="0.032" idlems="0.032" threads="0" lastid="0000000000F5BD00" lastname="node-5" />
</exclusive-start>
<af-start id="211" threadId="0000000000F5C688" totalBytesRequested="16" timestamp="2019-06-16T01:07:39.071" intervalms="834.632" type="nursery" />
<cycle-start id="212" type="scavenge" contextid="0" timestamp="2019-06-16T01:07:39.071" intervalms="834.633" />
<gc-start id="213" type="scavenge" contextid="212" timestamp="2019-06-16T01:07:39.072">
  <mem-info id="214" free="3505472" total="8519680" percent="41">
    <mem type="nursery" free="0" total="2228224" percent="0">
      <mem type="allocate" free="0" total="1245184" percent="0" />
      <mem type="survivor" free="0" total="983040" percent="0" />
    </mem>
    <mem type="tenure" free="3505472" total="6291456" percent="55">
      <mem type="soa" free="3191104" total="5977088" percent="53" />
      <mem type="loa" free="314368" total="314368" percent="100" />
    </mem>
    <remembered-set count="191" />
  </mem-info>
</gc-start>
<allocation-stats totalBytes="1048064" >
  <allocated-bytes non-tlh="16" tlh="1048048" />
  <largest-consumer threadName="node-4" threadId="0000000000F5F900" bytes="196528" />
</allocation-stats>
<gc-op id="215" type="scavenge" timems="1.010" contextid="212" timestamp="2019-06-16T01:07:39.073">
  <scavenger-info tenureage="2" tenuremask="fffc" tiltratio="55" />
  <memory-copied type="nursery" objects="9602" bytes="232432" bytesdiscarded="41744" />
</gc-op>
<gc-end id="216" type="scavenge" contextid="212" durationms="1.271" usertimems="4.000" systemtimems="0.000" timestamp="2019-06-16T01:07:39.073" activeThreads="4">
  <mem-info id="217" free="4607552" total="8519680" percent="54">
    <mem type="nursery" free="1102080" total="2228224" percent="49">
      <mem type="allocate" free="1102080" total="1376256" percent="80" />
      <mem type="survivor" free="0" total="851968" percent="0" />
    </mem>
    <mem type="tenure" free="3505472" total="6291456" percent="55" macro-fragmented="2160235">
      <mem type="soa" free="3191104" total="5977088" percent="53" />
      <mem type="loa" free="314368" total="314368" percent="100" />
    </mem>
    <remembered-set count="158" />
  </mem-info>
</gc-end>
<cycle-end id="218" type="scavenge" contextid="212" timestamp="2019-06-16T01:07:39.073" />
  <attribute name="elasticGC enabled" value="1" />
  <attribute name= "numThreadsSpecified" value="4" />
  <attribute name="heapSize specified" value="8388608" />
  <attribute name="Current GC Util" value="0" />
  <attribute name= "Current Time Running" value="15286" />
  <attribute name ="GC Interval" value="200" />
  <attribute name="ProportionalT" value="-30.000000" />
  <attribute name="ProportionalI" value="-30.000000" />
  <attribute name="ProportionalH" value="-30.000000" />
  <attribute name="Current Error" value="-20.000000" />
  <attribute name="IntegralT" value="-16680.000000" />
  <attribute name="IntegralI" value="-16680.000000" />
  <attribute name="IntegralH" value="-16680.000000" />
  <attribute name="DerivativeT" value="-0.023981" />
  <attribute name="DerivativeI" value="-0.023981" />
  <attribute name="DerivativeH" value="-0.023981" />
  <attribute name="Loop Time for DT" value="834.000000" />
  <attribute name="Output H" value="2092630016"/>
  <attribute name="Output I" value="200"/>
  <attribute name="Output T" value="4"/>
  <attribute name="Target GC Util Change" value ="20.000000" />
  <attribute name="Current GC Util Change" value="0.000000"/>
  <attribute name="GC Util currently" value="0" />
  <attribute name="CPU Util currently" value="15" />
<allocation-satisfied id="219" threadId="0000000000F5BD00" bytesRequested="16" />
<af-end id="220" timestamp="2019-06-16T01:07:39.073" threadId="0000000000F5C688" success="true" from="nursery"/>
<exclusive-end id="221" timestamp="2019-06-16T01:07:39.073" durationms="1.830" />

<exclusive-start id="222" timestamp="2019-06-16T01:07:39.949" intervalms="877.396">
  <response-info timems="0.418" idlems="0.162" threads="3" lastid="0000000000F5F900" lastname="node-4" />
</exclusive-start>
<af-start id="223" threadId="0000000000F5C688" totalBytesRequested="32" timestamp="2019-06-16T01:07:39.949" intervalms="877.400" type="nursery" />
<cycle-start id="224" type="scavenge" contextid="0" timestamp="2019-06-16T01:07:39.949" intervalms="877.402" />
<gc-start id="225" type="scavenge" contextid="224" timestamp="2019-06-16T01:07:39.949">
  <mem-info id="226" free="3505472" total="8519680" percent="41">
    <mem type="nursery" free="0" total="2228224" percent="0">
      <mem type="allocate" free="0" total="1376256" percent="0" />
      <mem type="survivor" free="0" total="851968" percent="0" />
    </mem>
    <mem type="tenure" free="3505472" total="6291456" percent="55">
      <mem type="soa" free="3191104" total="5977088" percent="53" />
      <mem type="loa" free="314368" total="314368" percent="100" />
    </mem>
    <remembered-set count="174" />
  </mem-info>
</gc-start>
<allocation-stats totalBytes="1100152" >
  <allocated-bytes non-tlh="16" tlh="1100136" />
  <largest-consumer threadName="node-4" threadId="0000000000F5F900" bytes="208608" />
</allocation-stats>
<gc-op id="227" type="scavenge" timems="1.749" contextid="224" timestamp="2019-06-16T01:07:39.951">
  <scavenger-info tenureage="2" tenuremask="7ffc" tiltratio="61" />
  <memory-copied type="nursery" objects="13478" bytes="324400" bytesdiscarded="106448" />
  <memory-copied type="tenure" objects="3106" bytes="74544" bytesdiscarded="0" />
</gc-op>
<gc-end id="228" type="scavenge" contextid="224" durationms="2.256" usertimems="0.000" systemtimems="0.000" timestamp="2019-06-16T01:07:39.951" activeThreads="4">
  <mem-info id="229" free="4438080" total="8519680" percent="52">
    <mem type="nursery" free="1010944" total="2228224" percent="45">
      <mem type="allocate" free="1010944" total="1441792" percent="70" />
      <mem type="survivor" free="0" total="786432" percent="0" />
    </mem>
    <mem type="tenure" free="3427136" total="6291456" percent="54" macro-fragmented="3110739">
      <mem type="soa" free="3112768" total="5977088" percent="52" />
      <mem type="loa" free="314368" total="314368" percent="100" />
    </mem>
    <remembered-set count="142" />
  </mem-info>
</gc-end>
<cycle-end id="230" type="scavenge" contextid="224" timestamp="2019-06-16T01:07:39.951" />
  <attribute name="elasticGC enabled" value="1" />
  <attribute name= "numThreadsSpecified" value="4" />
  <attribute name="heapSize specified" value="8388608" />
  <attribute name="Current GC Util" value="0" />
  <attribute name= "Current Time Running" value="16164" />
  <attribute name ="GC Interval" value="200" />
  <attribute name="ProportionalT" value="-30.000000" />
  <attribute name="ProportionalI" value="-30.000000" />
  <attribute name="ProportionalH" value="-30.000000" />
  <attribute name="Current Error" value="-20.000000" />
  <attribute name="IntegralT" value="-17560.000000" />
  <attribute name="IntegralI" value="-17560.000000" />
  <attribute name="IntegralH" value="-17560.000000" />
  <attribute name="DerivativeT" value="-0.022779" />
  <attribute name="DerivativeI" value="-0.022779" />
  <attribute name="DerivativeH" value="-0.022779" />
  <attribute name="Loop Time for DT" value="878.000000" />
  <attribute name="Output H" value="2092630016"/>
  <attribute name="Output I" value="200"/>
  <attribute name="Output T" value="4"/>
  <attribute name="Target GC Util Change" value ="20.000000" />
  <attribute name="Current GC Util Change" value="0.000000"/>
  <attribute name="GC Util currently" value="0" />
  <attribute name="CPU Util currently" value="8" />
<allocation-satisfied id="231" threadId="0000000000F5BD00" bytesRequested="32" />
<af-end id="232" timestamp="2019-06-16T01:07:39.952" threadId="0000000000F5C688" success="true" from="nursery"/>
<exclusive-end id="233" timestamp="2019-06-16T01:07:39.952" durationms="2.906" />

<exclusive-start id="234" timestamp="2019-06-16T01:07:40.695" intervalms="746.292">
  <response-info timems="0.019" idlems="0.019" threads="0" lastid="0000000000F5F900" lastname="node-4" />
</exclusive-start>
<af-start id="235" threadId="0000000000F60288" totalBytesRequested="32" timestamp="2019-06-16T01:07:40.695" intervalms="746.288" type="nursery" />
<cycle-start id="236" type="scavenge" contextid="0" timestamp="2019-06-16T01:07:40.695" intervalms="746.284" />
<gc-start id="237" type="scavenge" contextid="236" timestamp="2019-06-16T01:07:40.695">
  <mem-info id="238" free="3427136" total="8519680" percent="40">
    <mem type="nursery" free="0" total="2228224" percent="0">
      <mem type="allocate" free="0" total="1441792" percent="0" />
      <mem type="survivor" free="0" total="786432" percent="0" />
    </mem>
    <mem type="tenure" free="3427136" total="6291456" percent="54">
      <mem type="soa" free="3112768" total="5977088" percent="52" />
      <mem type="loa" free="314368" total="314368" percent="100" />
    </mem>
    <remembered-set count="154" />
  </mem-info>
</gc-start>
<allocation-stats totalBytes="1009840" >
  <allocated-bytes non-tlh="32" tlh="1009808" />
  <largest-consumer threadName="node-5" threadId="0000000000F5BD00" bytes="191232" />
</allocation-stats>
<gc-op id="239" type="scavenge" timems="1.480" contextid="236" timestamp="2019-06-16T01:07:40.697">
  <scavenger-info tenureage="2" tenuremask="7ffc" tiltratio="64" />
  <memory-copied type="nursery" objects="13193" bytes="317120" bytesdiscarded="35392" />
  <memory-copied type="tenure" objects="6452" bytes="154848" bytesdiscarded="0" />
</gc-op>
<gc-end id="240" type="scavenge" contextid="236" durationms="1.831" usertimems="0.000" systemtimems="0.000" timestamp="2019-06-16T01:07:40.697" activeThreads="4">
  <mem-info id="241" free="4425280" total="8519680" percent="51">
    <mem type="nursery" free="1154816" total="2228224" percent="51">
      <mem type="allocate" free="1154816" total="1507328" percent="76" />
      <mem type="survivor" free="0" total="720896" percent="0" />
    </mem>
    <mem type="tenure" free="3270464" total="6291456" percent="51" macro-fragmented="83168">
      <mem type="soa" free="2956096" total="5977088" percent="49" />
      <mem type="loa" free="314368" total="314368" percent="100" />
    </mem>
    <remembered-set count="131" />
  </mem-info>
</gc-end>
<cycle-end id="242" type="scavenge" contextid="236" timestamp="2019-06-16T01:07:40.697" />
  <attribute name="elasticGC enabled" value="1" />
  <attribute name= "numThreadsSpecified" value="4" />
  <attribute name="heapSize specified" value="8388608" />
  <attribute name="Current GC Util" value="0" />
  <attribute name= "Current Time Running" value="16910" />
  <attribute name ="GC Interval" value="200" />
  <attribute name="ProportionalT" value="-30.000000" />
  <attribute name="ProportionalI" value="-30.000000" />
  <attribute name="ProportionalH" value="-30.000000" />
  <attribute name="Current Error" value="-20.000000" />
  <attribute name="IntegralT" value="-14920.000000" />
  <attribute name="IntegralI" value="-14920.000000" />
  <attribute name="IntegralH" value="-14920.000000" />
  <attribute name="DerivativeT" value="-0.026810" />
  <attribute name="DerivativeI" value="-0.026810" />
  <attribute name="DerivativeH" value="-0.026810" />
  <attribute name="Loop Time for DT" value="746.000000" />
  <attribute name="Output H" value="2092630016"/>
  <attribute name="Output I" value="200"/>
  <attribute name="Output T" value="4"/>
  <attribute name="Target GC Util Change" value ="20.000000" />
  <attribute name="Current GC Util Change" value="0.000000"/>
  <attribute name="GC Util currently" value="0" />
  <attribute name="CPU Util currently" value="3" />
<allocation-satisfied id="243" threadId="0000000000F5F900" bytesRequested="32" />
<af-end id="244" timestamp="2019-06-16T01:07:40.698" threadId="0000000000F60288" success="true" from="nursery"/>
<exclusive-end id="245" timestamp="2019-06-16T01:07:40.698" durationms="2.569" />

<exclusive-start id="246" timestamp="2019-06-16T01:07:41.556" intervalms="860.507">
  <response-info timems="0.028" idlems="0.028" threads="0" lastid="0000000000F63500" lastname="node-0" />
</exclusive-start>
<af-start id="247" threadId="0000000000F63E88" totalBytesRequested="16" timestamp="2019-06-16T01:07:41.556" intervalms="860.548" type="nursery" />
<cycle-start id="248" type="scavenge" contextid="0" timestamp="2019-06-16T01:07:41.556" intervalms="860.599" />
<gc-start id="249" type="scavenge" contextid="248" timestamp="2019-06-16T01:07:41.556">
  <mem-info id="250" free="3270464" total="8519680" percent="38">
    <mem type="nursery" free="0" total="2228224" percent="0">
      <mem type="allocate" free="0" total="1507328" percent="0" />
      <mem type="survivor" free="0" total="720896" percent="0" />
    </mem>
    <mem type="tenure" free="3270464" total="6291456" percent="51">
      <mem type="soa" free="2956096" total="5977088" percent="49" />
      <mem type="loa" free="314368" total="314368" percent="100" />
    </mem>
    <remembered-set count="148" />
  </mem-info>
</gc-start>
<allocation-stats totalBytes="1153648" >
  <allocated-bytes non-tlh="32" tlh="1153616" />
  <largest-consumer threadName="node-5" threadId="0000000000F5BD00" bytes="208856" />
</allocation-stats>
<gc-op id="251" type="scavenge" timems="1.725" contextid="248" timestamp="2019-06-16T01:07:41.558">
  <scavenger-info tenureage="2" tenuremask="7ffc" tiltratio="67" />
  <memory-copied type="nursery" objects="12932" bytes="312728" bytesdiscarded="39784" />
  <memory-copied type="tenure" objects="6981" bytes="167544" bytesdiscarded="0" />
</gc-op>
<gc-end id="252" type="scavenge" contextid="248" durationms="2.176" usertimems="0.000" systemtimems="0.000" timestamp="2019-06-16T01:07:41.558" activeThreads="4">
  <mem-info id="253" free="4294976" total="8519680" percent="50">
    <mem type="nursery" free="1220352" total="2228224" percent="54">
      <mem type="allocate" free="1220352" total="1572864" percent="77" />
      <mem type="survivor" free="0" total="655360" percent="0" />
    </mem>
    <mem type="tenure" free="3074624" total="6291456" percent="48" macro-fragmented="1250136">
      <mem type="soa" free="2760256" total="5977088" percent="46" />
      <mem type="loa" free="314368" total="314368" percent="100" />
    </mem>
    <remembered-set count="131" />
  </mem-info>
</gc-end>
<cycle-end id="254" type="scavenge" contextid="248" timestamp="2019-06-16T01:07:41.558" />
  <attribute name="elasticGC enabled" value="1" />
  <attribute name= "numThreadsSpecified" value="4" />
  <attribute name="heapSize specified" value="8388608" />
  <attribute name="Current GC Util" value="0" />
  <attribute name= "Current Time Running" value="17771" />
  <attribute name ="GC Interval" value="200" />
  <attribute name="ProportionalT" value="-30.000000" />
  <attribute name="ProportionalI" value="-30.000000" />
  <attribute name="ProportionalH" value="-30.000000" />
  <attribute name="Current Error" value="-20.000000" />
  <attribute name="IntegralT" value="-17220.000000" />
  <attribute name="IntegralI" value="-17220.000000" />
  <attribute name="IntegralH" value="-17220.000000" />
  <attribute name="DerivativeT" value="-0.023229" />
  <attribute name="DerivativeI" value="-0.023229" />
  <attribute name="DerivativeH" value="-0.023229" />
  <attribute name="Loop Time for DT" value="861.000000" />
  <attribute name="Output H" value="2092630016"/>
  <attribute name="Output I" value="200"/>
  <attribute name="Output T" value="4"/>
  <attribute name="Target GC Util Change" value ="20.000000" />
  <attribute name="Current GC Util Change" value="0.000000"/>
  <attribute name="GC Util currently" value="0" />
  <attribute name="CPU Util currently" value="3" />
<allocation-satisfied id="255" threadId="0000000000F63500" bytesRequested="16" />
<af-end id="256" timestamp="2019-06-16T01:07:41.558" threadId="0000000000F63E88" success="true" from="nursery"/>
<exclusive-end id="257" timestamp="2019-06-16T01:07:41.558" durationms="2.918" />

<exclusive-start id="258" timestamp="2019-06-16T01:07:42.462" intervalms="906.405">
  <response-info timems="0.025" idlems="0.025" threads="0" lastid="0000000000F5BD00" lastname="node-5" />
</exclusive-start>
<af-start id="259" threadId="0000000000F5C688" totalBytesRequested="32" timestamp="2019-06-16T01:07:42.462" intervalms="906.394" type="nursery" />
<cycle-start id="260" type="scavenge" contextid="0" timestamp="2019-06-16T01:07:42.462" intervalms="906.345" />
<gc-start id="261" type="scavenge" contextid="260" timestamp="2019-06-16T01:07:42.462">
  <mem-info id="262" free="3074624" total="8519680" percent="36">
    <mem type="nursery" free="0" total="2228224" percent="0">
      <mem type="allocate" free="0" total="1572864" percent="0" />
      <mem type="survivor" free="0" total="655360" percent="0" />
    </mem>
    <mem type="tenure" free="3074624" total="6291456" percent="48">
      <mem type="soa" free="2760256" total="5977088" percent="46" />
      <mem type="loa" free="314368" total="314368" percent="100" />
    </mem>
    <remembered-set count="148" />
  </mem-info>
</gc-start>
<allocation-stats totalBytes="1218376" >
  <allocated-bytes non-tlh="16" tlh="1218360" />
  <largest-consumer threadName="node-0" threadId="0000000000F63500" bytes="208600" />
</allocation-stats>
<gc-op id="263" type="scavenge" timems="1.280" contextid="260" timestamp="2019-06-16T01:07:42.464">
  <scavenger-info tenureage="2" tenuremask="7ffc" tiltratio="70" />
  <memory-copied type="nursery" objects="15492" bytes="372296" bytesdiscarded="58552" />
  <memory-copied type="tenure" objects="6174" bytes="148176" bytesdiscarded="0" />
</gc-op>
<gc-end id="264" type="scavenge" contextid="260" durationms="1.619" usertimems="0.000" systemtimems="0.000" timestamp="2019-06-16T01:07:42.464" activeThreads="4">
  <mem-info id="265" free="4125504" total="8519680" percent="48">
    <mem type="nursery" free="1207552" total="2228224" percent="54">
      <mem type="allocate" free="1207552" total="1638400" percent="73" />
      <mem type="survivor" free="0" total="589824" percent="0" />
    </mem>
    <mem type="tenure" free="2917952" total="6291456" percent="46" macro-fragmented="1500163">
      <mem type="soa" free="2603584" total="5977088" percent="43" />
      <mem type="loa" free="314368" total="314368" percent="100" />
    </mem>
    <remembered-set count="128" />
  </mem-info>
</gc-end>
<cycle-end id="266" type="scavenge" contextid="260" timestamp="2019-06-16T01:07:42.464" />
  <attribute name="elasticGC enabled" value="1" />
  <attribute name= "numThreadsSpecified" value="4" />
  <attribute name="heapSize specified" value="8388608" />
  <attribute name="Current GC Util" value="0" />
  <attribute name= "Current Time Running" value="18677" />
  <attribute name ="GC Interval" value="200" />
  <attribute name="ProportionalT" value="-30.000000" />
  <attribute name="ProportionalI" value="-30.000000" />
  <attribute name="ProportionalH" value="-30.000000" />
  <attribute name="Current Error" value="-20.000000" />
  <attribute name="IntegralT" value="-18120.000000" />
  <attribute name="IntegralI" value="-18120.000000" />
  <attribute name="IntegralH" value="-18120.000000" />
  <attribute name="DerivativeT" value="-0.022075" />
  <attribute name="DerivativeI" value="-0.022075" />
  <attribute name="DerivativeH" value="-0.022075" />
  <attribute name="Loop Time for DT" value="906.000000" />
  <attribute name="Output H" value="2092630016"/>
  <attribute name="Output I" value="200"/>
  <attribute name="Output T" value="4"/>
  <attribute name="Target GC Util Change" value ="20.000000" />
  <attribute name="Current GC Util Change" value="0.000000"/>
  <attribute name="GC Util currently" value="0" />
  <attribute name="CPU Util currently" value="5" />
<allocation-satisfied id="267" threadId="0000000000F5BD00" bytesRequested="32" />
<af-end id="268" timestamp="2019-06-16T01:07:42.464" threadId="0000000000F5C688" success="true" from="nursery"/>
<exclusive-end id="269" timestamp="2019-06-16T01:07:42.464" durationms="2.377" />

<exclusive-start id="270" timestamp="2019-06-16T01:07:43.314" intervalms="851.874">
  <response-info timems="0.037" idlems="0.037" threads="0" lastid="0000000000F54500" lastname="node-1" />
</exclusive-start>
<af-start id="271" threadId="0000000000F54E88" totalBytesRequested="32" timestamp="2019-06-16T01:07:43.314" intervalms="851.846" type="nursery" />
<cycle-start id="272" type="scavenge" contextid="0" timestamp="2019-06-16T01:07:43.314" intervalms="851.843" />
<gc-start id="273" type="scavenge" contextid="272" timestamp="2019-06-16T01:07:43.314">
  <mem-info id="274" free="2917952" total="8519680" percent="34">
    <mem type="nursery" free="0" total="2228224" percent="0">
      <mem type="allocate" free="0" total="1638400" percent="0" />
      <mem type="survivor" free="0" total="589824" percent="0" />
    </mem>
    <mem type="tenure" free="2917952" total="6291456" percent="46">
      <mem type="soa" free="2603584" total="5977088" percent="43" />
      <mem type="loa" free="314368" total="314368" percent="100" />
    </mem>
    <remembered-set count="145" />
  </mem-info>
</gc-start>
<allocation-stats totalBytes="1205352" >
  <allocated-bytes non-tlh="32" tlh="1205320" />
  <largest-consumer threadName="node-5" threadId="0000000000F5BD00" bytes="208896" />
</allocation-stats>
<gc-op id="275" type="scavenge" timems="1.376" contextid="272" timestamp="2019-06-16T01:07:43.316">
  <scavenger-info tenureage="2" tenuremask="7ffc" tiltratio="73" />
  <memory-copied type="nursery" objects="15877" bytes="381536" bytesdiscarded="88480" />
  <memory-copied type="tenure" objects="6709" bytes="161016" bytesdiscarded="16" />
</gc-op>
<gc-end id="276" type="scavenge" contextid="272" durationms="1.773" usertimems="4.000" systemtimems="0.000" timestamp="2019-06-16T01:07:43.316" activeThreads="4">
  <mem-info id="277" free="4008000" total="8519680" percent="47">
    <mem type="nursery" free="1168384" total="2228224" percent="52">
      <mem type="allocate" free="1168384" total="1638400" percent="71" />
      <mem type="survivor" free="0" total="589824" percent="0" />
    </mem>
    <mem type="tenure" free="2839616" total="6291456" percent="45" macro-fragmented="2160235">
      <mem type="soa" free="2525248" total="5977088" percent="42" />
      <mem type="loa" free="314368" total="314368" percent="100" />
    </mem>
    <remembered-set count="126" />
  </mem-info>
</gc-end>
<cycle-end id="278" type="scavenge" contextid="272" timestamp="2019-06-16T01:07:43.316" />
  <attribute name="elasticGC enabled" value="1" />
  <attribute name= "numThreadsSpecified" value="4" />
  <attribute name="heapSize specified" value="8388608" />
  <attribute name="Current GC Util" value="0" />
  <attribute name= "Current Time Running" value="19529" />
  <attribute name ="GC Interval" value="200" />
  <attribute name="ProportionalT" value="-30.000000" />
  <attribute name="ProportionalI" value="-30.000000" />
  <attribute name="ProportionalH" value="-30.000000" />
  <attribute name="Current Error" value="-20.000000" />
  <attribute name="IntegralT" value="-17040.000000" />
  <attribute name="IntegralI" value="-17040.000000" />
  <attribute name="IntegralH" value="-17040.000000" />
  <attribute name="DerivativeT" value="-0.023474" />
  <attribute name="DerivativeI" value="-0.023474" />
  <attribute name="DerivativeH" value="-0.023474" />
  <attribute name="Loop Time for DT" value="852.000000" />
  <attribute name="Output H" value="2092630016"/>
  <attribute name="Output I" value="200"/>
  <attribute name="Output T" value="4"/>
  <attribute name="Target GC Util Change" value ="20.000000" />
  <attribute name="Current GC Util Change" value="0.000000"/>
  <attribute name="GC Util currently" value="0" />
  <attribute name="CPU Util currently" value="3" />
<allocation-satisfied id="279" threadId="0000000000F54500" bytesRequested="32" />
<af-end id="280" timestamp="2019-06-16T01:07:43.316" threadId="0000000000F54E88" success="true" from="nursery"/>
<exclusive-end id="281" timestamp="2019-06-16T01:07:43.316" durationms="2.375" />

<exclusive-start id="282" timestamp="2019-06-16T01:07:44.147" intervalms="833.227">
  <response-info timems="0.024" idlems="0.024" threads="0" lastid="0000000000F54500" lastname="node-1" />
</exclusive-start>
<af-start id="283" threadId="0000000000F54E88" totalBytesRequested="16" timestamp="2019-06-16T01:07:44.147" intervalms="833.225" type="nursery" />
<cycle-start id="284" type="scavenge" contextid="0" timestamp="2019-06-16T01:07:44.147" intervalms="833.227" />
<gc-start id="285" type="scavenge" contextid="284" timestamp="2019-06-16T01:07:44.147">
  <mem-info id="286" free="2839616" total="8519680" percent="33">
    <mem type="nursery" free="0" total="2228224" percent="0">
      <mem type="allocate" free="0" total="1638400" percent="0" />
      <mem type="survivor" free="0" total="589824" percent="0" />
    </mem>
    <mem type="tenure" free="2839616" total="6291456" percent="45">
      <mem type="soa" free="2525248" total="5977088" percent="42" />
      <mem type="loa" free="314368" total="314368" percent="100" />
    </mem>
    <remembered-set count="143" />
  </mem-info>
</gc-start>
<allocation-stats totalBytes="1167240" >
  <allocated-bytes non-tlh="32" tlh="1167208" />
  <largest-consumer threadName="node-5" threadId="0000000000F5BD00" bytes="213664" />
</allocation-stats>
<gc-op id="287" type="scavenge" timems="1.629" contextid="284" timestamp="2019-06-16T01:07:44.149">
  <scavenger-info tenureage="2" tenuremask="7ffc" tiltratio="73" />
  <memory-copied type="nursery" objects="13955" bytes="336600" bytesdiscarded="55080" />
  <memory-copied type="tenure" objects="8745" bytes="209880" bytesdiscarded="0" />
</gc-op>
<gc-end id="288" type="scavenge" contextid="284" durationms="2.042" usertimems="0.000" systemtimems="0.000" timestamp="2019-06-16T01:07:44.149" activeThreads="4">
  <mem-info id="289" free="3956032" total="8519680" percent="46">
    <mem type="nursery" free="1312256" total="2228224" percent="58">
      <mem type="allocate" free="1312256" total="1703936" percent="77" />
      <mem type="survivor" free="0" total="524288" percent="0" />
    </mem>
    <mem type="tenure" free="2643776" total="6291456" percent="42" macro-fragmented="1800196">
      <mem type="soa" free="2329408" total="5977088" percent="38" />
      <mem type="loa" free="314368" total="314368" percent="100" />
    </mem>
    <remembered-set count="126" />
  </mem-info>
</gc-end>
<cycle-end id="290" type="scavenge" contextid="284" timestamp="2019-06-16T01:07:44.149" />
  <attribute name="elasticGC enabled" value="1" />
  <attribute name= "numThreadsSpecified" value="4" />
  <attribute name="heapSize specified" value="8388608" />
  <attribute name="Current GC Util" value="0" />
  <attribute name= "Current Time Running" value="20362" />
  <attribute name ="GC Interval" value="200" />
  <attribute name="ProportionalT" value="-30.000000" />
  <attribute name="ProportionalI" value="-30.000000" />
  <attribute name="ProportionalH" value="-30.000000" />
  <attribute name="Current Error" value="-20.000000" />
  <attribute name="IntegralT" value="-16660.000000" />
  <attribute name="IntegralI" value="-16660.000000" />
  <attribute name="IntegralH" value="-16660.000000" />
  <attribute name="DerivativeT" value="-0.024010" />
  <attribute name="DerivativeI" value="-0.024010" />
  <attribute name="DerivativeH" value="-0.024010" />
  <attribute name="Loop Time for DT" value="833.000000" />
  <attribute name="Output H" value="2092630016"/>
  <attribute name="Output I" value="200"/>
  <attribute name="Output T" value="4"/>
  <attribute name="Target GC Util Change" value ="20.000000" />
  <attribute name="Current GC Util Change" value="0.000000"/>
  <attribute name="GC Util currently" value="0" />
  <attribute name="CPU Util currently" value="4" />
<allocation-satisfied id="291" threadId="0000000000F54500" bytesRequested="16" />
<af-end id="292" timestamp="2019-06-16T01:07:44.150" threadId="0000000000F54E88" success="true" from="nursery"/>
<exclusive-end id="293" timestamp="2019-06-16T01:07:44.150" durationms="2.670" />

<exclusive-start id="294" timestamp="2019-06-16T01:07:45.149" intervalms="1001.550">
  <response-info timems="0.193" idlems="0.105" threads="1" lastid="0000000000F5BD00" lastname="node-5" />
</exclusive-start>
<af-start id="295" threadId="0000000000F67988" totalBytesRequested="16" timestamp="2019-06-16T01:07:45.149" intervalms="1001.608" type="nursery" />
<cycle-start id="296" type="scavenge" contextid="0" timestamp="2019-06-16T01:07:45.149" intervalms="1001.691" />
<gc-start id="297" type="scavenge" contextid="296" timestamp="2019-06-16T01:07:45.149">
  <mem-info id="298" free="2643776" total="8519680" percent="31">
    <mem type="nursery" free="0" total="2228224" percent="0">
      <mem type="allocate" free="0" total="1703936" percent="0" />
      <mem type="survivor" free="0" total="524288" percent="0" />
    </mem>
    <mem type="tenure" free="2643776" total="6291456" percent="42">
      <mem type="soa" free="2329408" total="5977088" percent="38" />
      <mem type="loa" free="314368" total="314368" percent="100" />
    </mem>
    <remembered-set count="143" />
  </mem-info>
</gc-start>
<allocation-stats totalBytes="1311416" >
  <allocated-bytes non-tlh="16" tlh="1311400" />
  <largest-consumer threadName="node-4" threadId="0000000000F5F900" bytes="243104" />
</allocation-stats>
<gc-op id="299" type="scavenge" timems="2.143" contextid="296" timestamp="2019-06-16T01:07:45.151">
  <scavenger-info tenureage="2" tenuremask="7ffc" tiltratio="76" />
  <memory-copied type="nursery" objects="15385" bytes="371128" bytesdiscarded="98888" />
  <memory-copied type="tenure" objects="7092" bytes="170208" bytesdiscarded="0" />
</gc-op>
<gc-end id="300" type="scavenge" contextid="296" durationms="2.629" usertimems="0.000" systemtimems="0.000" timestamp="2019-06-16T01:07:45.152" activeThreads="4">
  <mem-info id="301" free="3681856" total="8519680" percent="43">
    <mem type="nursery" free="1233920" total="2228224" percent="55">
      <mem type="allocate" free="1233920" total="1703936" percent="72" />
      <mem type="survivor" free="0" total="524288" percent="0" />
    </mem>
    <mem type="tenure" free="2447936" total="6291456" percent="38" macro-fragmented="1250136">
      <mem type="soa" free="2133568" total="5977088" percent="35" />
      <mem type="loa" free="314368" total="314368" percent="100" />
    </mem>
    <remembered-set count="123" />
  </mem-info>
</gc-end>
<cycle-end id="302" type="scavenge" contextid="296" timestamp="2019-06-16T01:07:45.152" />
  <attribute name="elasticGC enabled" value="1" />
  <attribute name= "numThreadsSpecified" value="4" />
  <attribute name="heapSize specified" value="8388608" />
  <attribute name="Current GC Util" value="0" />
  <attribute name= "Current Time Running" value="21364" />
  <attribute name ="GC Interval" value="200" />
  <attribute name="ProportionalT" value="-30.000000" />
  <attribute name="ProportionalI" value="-30.000000" />
  <attribute name="ProportionalH" value="-30.000000" />
  <attribute name="Current Error" value="-20.000000" />
  <attribute name="IntegralT" value="-20040.000000" />
  <attribute name="IntegralI" value="-20040.000000" />
  <attribute name="IntegralH" value="-20040.000000" />
  <attribute name="DerivativeT" value="-0.019960" />
  <attribute name="DerivativeI" value="-0.019960" />
  <attribute name="DerivativeH" value="-0.019960" />
  <attribute name="Loop Time for DT" value="1002.000000" />
  <attribute name="Output H" value="2092630016"/>
  <attribute name="Output I" value="200"/>
  <attribute name="Output T" value="4"/>
  <attribute name="Target GC Util Change" value ="20.000000" />
  <attribute name="Current GC Util Change" value="0.000000"/>
  <attribute name="GC Util currently" value="0" />
  <attribute name="CPU Util currently" value="6" />
<allocation-satisfied id="303" threadId="0000000000F67000" bytesRequested="16" />
<af-end id="304" timestamp="2019-06-16T01:07:45.152" threadId="0000000000F67988" success="true" from="nursery"/>
<exclusive-end id="305" timestamp="2019-06-16T01:07:45.152" durationms="3.547" />

<exclusive-start id="306" timestamp="2019-06-16T01:07:46.015" intervalms="866.071">
  <response-info timems="0.529" idlems="0.268" threads="3" lastid="0000000000F5F900" lastname="node-4" />
</exclusive-start>
<af-start id="307" threadId="0000000000F67988" totalBytesRequested="24" timestamp="2019-06-16T01:07:46.015" intervalms="866.014" type="nursery" />
<cycle-start id="308" type="scavenge" contextid="0" timestamp="2019-06-16T01:07:46.015" intervalms="865.979" />
<gc-start id="309" type="scavenge" contextid="308" timestamp="2019-06-16T01:07:46.015">
  <mem-info id="310" free="2447936" total="8519680" percent="28">
    <mem type="nursery" free="0" total="2228224" percent="0">
      <mem type="allocate" free="0" total="1703936" percent="0" />
      <mem type="survivor" free="0" total="524288" percent="0" />
    </mem>
    <mem type="tenure" free="2447936" total="6291456" percent="38">
      <mem type="soa" free="2133568" total="5977088" percent="35" />
      <mem type="loa" free="314368" total="314368" percent="100" />
    </mem>
    <remembered-set count="141" />
  </mem-info>
</gc-start>
<allocation-stats totalBytes="1232888" >
  <allocated-bytes non-tlh="16" tlh="1232872" />
  <largest-consumer threadName="node-4" threadId="0000000000F5F900" bytes="233272" />
</allocation-stats>
<gc-op id="311" type="scavenge" timems="1.642" contextid="308" timestamp="2019-06-16T01:07:46.017">
  <scavenger-info tenureage="2" tenuremask="7ffc" tiltratio="76" />
  <memory-copied type="nursery" objects="16747" bytes="402880" bytesdiscarded="67136" />
  <memory-copied type="tenure" objects="6807" bytes="163368" bytesdiscarded="0" />
</gc-op>
<gc-end id="312" type="scavenge" contextid="308" durationms="2.313" usertimems="0.000" systemtimems="0.000" timestamp="2019-06-16T01:07:46.017" activeThreads="4">
  <mem-info id="313" free="3525184" total="8519680" percent="41">
    <mem type="nursery" free="1233920" total="2228224" percent="55">
      <mem type="allocate" free="1233920" total="1703936" percent="72" />
      <mem type="survivor" free="0" total="524288" percent="0" />
    </mem>
    <mem type="tenure" free="2291264" total="6291456" percent="36" macro-fragmented="1800196">
      <mem type="soa" free="1976896" total="5977088" percent="33" />
      <mem type="loa" free="314368" total="314368" percent="100" />
    </mem>
    <remembered-set count="120" />
  </mem-info>
</gc-end>
<cycle-end id="314" type="scavenge" contextid="308" timestamp="2019-06-16T01:07:46.017" />
  <attribute name="elasticGC enabled" value="1" />
  <attribute name= "numThreadsSpecified" value="4" />
  <attribute name="heapSize specified" value="8388608" />
  <attribute name="Current GC Util" value="0" />
  <attribute name= "Current Time Running" value="22230" />
  <attribute name ="GC Interval" value="200" />
  <attribute name="ProportionalT" value="-30.000000" />
  <attribute name="ProportionalI" value="-30.000000" />
  <attribute name="ProportionalH" value="-30.000000" />
  <attribute name="Current Error" value="-20.000000" />
  <attribute name="IntegralT" value="-17320.000000" />
  <attribute name="IntegralI" value="-17320.000000" />
  <attribute name="IntegralH" value="-17320.000000" />
  <attribute name="DerivativeT" value="-0.023095" />
  <attribute name="DerivativeI" value="-0.023095" />
  <attribute name="DerivativeH" value="-0.023095" />
  <attribute name="Loop Time for DT" value="866.000000" />
  <attribute name="Output H" value="2092630016"/>
  <attribute name="Output I" value="200"/>
  <attribute name="Output T" value="4"/>
  <attribute name="Target GC Util Change" value ="20.000000" />
  <attribute name="Current GC Util Change" value="0.000000"/>
  <attribute name="GC Util currently" value="0" />
  <attribute name="CPU Util currently" value="2" />
<allocation-satisfied id="315" threadId="0000000000F67000" bytesRequested="24" />
<af-end id="316" timestamp="2019-06-16T01:07:46.018" threadId="0000000000F67988" success="true" from="nursery"/>
<exclusive-end id="317" timestamp="2019-06-16T01:07:46.018" durationms="3.135" />

<exclusive-start id="318" timestamp="2019-06-16T01:07:46.821" intervalms="805.947">
  <response-info timems="0.028" idlems="0.028" threads="0" lastid="0000000000F54500" lastname="node-1" />
</exclusive-start>
<af-start id="319" threadId="0000000000F54E88" totalBytesRequested="32" timestamp="2019-06-16T01:07:46.821" intervalms="805.951" type="nursery" />
<cycle-start id="320" type="scavenge" contextid="0" timestamp="2019-06-16T01:07:46.821" intervalms="805.905" />
<gc-start id="321" type="scavenge" contextid="320" timestamp="2019-06-16T01:07:46.821">
  <mem-info id="322" free="2291264" total="8519680" percent="26">
    <mem type="nursery" free="0" total="2228224" percent="0">
      <mem type="allocate" free="0" total="1703936" percent="0" />
      <mem type="survivor" free="0" total="524288" percent="0" />
    </mem>
    <mem type="tenure" free="2291264" total="6291456" percent="36">
      <mem type="soa" free="1976896" total="5977088" percent="33" />
      <mem type="loa" free="314368" total="314368" percent="100" />
    </mem>
    <remembered-set count="141" />
  </mem-info>
</gc-start>
<allocation-stats totalBytes="1232536" >
  <allocated-bytes non-tlh="24" tlh="1232512" />
  <largest-consumer threadName="node-4" threadId="0000000000F5F900" bytes="233296" />
</allocation-stats>
<gc-op id="323" type="scavenge" timems="1.415" contextid="320" timestamp="2019-06-16T01:07:46.822">
  <scavenger-info tenureage="2" tenuremask="7ffc" tiltratio="76" />
  <memory-copied type="nursery" objects="15468" bytes="371784" bytesdiscarded="59064" />
  <memory-copied type="tenure" objects="8529" bytes="204696" bytesdiscarded="0" />
</gc-op>
<gc-end id="324" type="scavenge" contextid="320" durationms="1.738" usertimems="4.000" systemtimems="0.000" timestamp="2019-06-16T01:07:46.823" activeThreads="4">
  <mem-info id="325" free="3368512" total="8519680" percent="39">
    <mem type="nursery" free="1273088" total="2228224" percent="57">
      <mem type="allocate" free="1273088" total="1703936" percent="74" />
      <mem type="survivor" free="0" total="524288" percent="0" />
    </mem>
    <mem type="tenure" free="2095424" total="6291456" percent="33" macro-fragmented="0">
      <mem type="soa" free="1781056" total="5977088" percent="29" />
      <mem type="loa" free="314368" total="314368" percent="100" />
    </mem>
    <remembered-set count="123" />
  </mem-info>
</gc-end>
<cycle-end id="326" type="scavenge" contextid="320" timestamp="2019-06-16T01:07:46.823" />
  <attribute name="elasticGC enabled" value="1" />
  <attribute name= "numThreadsSpecified" value="4" />
  <attribute name="heapSize specified" value="8388608" />
  <attribute name="Current GC Util" value="0" />
  <attribute name= "Current Time Running" value="23036" />
  <attribute name ="GC Interval" value="200" />
  <attribute name="ProportionalT" value="-30.000000" />
  <attribute name="ProportionalI" value="-30.000000" />
  <attribute name="ProportionalH" value="-30.000000" />
  <attribute name="Current Error" value="-20.000000" />
  <attribute name="IntegralT" value="-16120.000000" />
  <attribute name="IntegralI" value="-16120.000000" />
  <attribute name="IntegralH" value="-16120.000000" />
  <attribute name="DerivativeT" value="-0.024814" />
  <attribute name="DerivativeI" value="-0.024814" />
  <attribute name="DerivativeH" value="-0.024814" />
  <attribute name="Loop Time for DT" value="806.000000" />
  <attribute name="Output H" value="2092630016"/>
  <attribute name="Output I" value="200"/>
  <attribute name="Output T" value="4"/>
  <attribute name="Target GC Util Change" value ="20.000000" />
  <attribute name="Current GC Util Change" value="0.000000"/>
  <attribute name="GC Util currently" value="0" />
  <attribute name="CPU Util currently" value="13" />
<allocation-satisfied id="327" threadId="0000000000F54500" bytesRequested="32" />
<af-end id="328" timestamp="2019-06-16T01:07:46.823" threadId="0000000000F54E88" success="true" from="nursery"/>
<exclusive-end id="329" timestamp="2019-06-16T01:07:46.823" durationms="2.305" />

<exclusive-start id="330" timestamp="2019-06-16T01:07:47.788" intervalms="967.790">
  <response-info timems="0.030" idlems="0.030" threads="0" lastid="0000000000F63500" lastname="node-0" />
</exclusive-start>
<af-start id="331" threadId="0000000000F63E88" totalBytesRequested="32" timestamp="2019-06-16T01:07:47.788" intervalms="967.792" type="nursery" />
<cycle-start id="332" type="scavenge" contextid="0" timestamp="2019-06-16T01:07:47.789" intervalms="967.789" />
<gc-start id="333" type="scavenge" contextid="332" timestamp="2019-06-16T01:07:47.789">
  <mem-info id="334" free="2095424" total="8519680" percent="24">
    <mem type="nursery" free="0" total="2228224" percent="0">
      <mem type="allocate" free="0" total="1703936" percent="0" />
      <mem type="survivor" free="0" total="524288" percent="0" />
    </mem>
    <mem type="tenure" free="2095424" total="6291456" percent="33">
      <mem type="soa" free="1781056" total="5977088" percent="29" />
      <mem type="loa" free="314368" total="314368" percent="100" />
    </mem>
    <remembered-set count="141" />
  </mem-info>
</gc-start>
<allocation-stats totalBytes="1272696" >
  <allocated-bytes non-tlh="32" tlh="1272664" />
  <largest-consumer threadName="node-4" threadId="0000000000F5F900" bytes="249008" />
</allocation-stats>
<gc-op id="335" type="scavenge" timems="2.938" contextid="332" timestamp="2019-06-16T01:07:47.792">
  <scavenger-info tenureage="2" tenuremask="7ffc" tiltratio="76" />
  <memory-copied type="nursery" objects="15196" bytes="365192" bytesdiscarded="67960" />
  <memory-copied type="tenure" objects="8176" bytes="196224" bytesdiscarded="0" />
</gc-op>
<gc-end id="336" type="scavenge" contextid="332" durationms="3.410" usertimems="4.000" systemtimems="0.000" timestamp="2019-06-16T01:07:47.792" activeThreads="4">
  <mem-info id="337" free="3182912" total="8519680" percent="37">
    <mem type="nursery" free="1336320" total="2228224" percent="59">
      <mem type="allocate" free="1336320" total="1769472" percent="75" />
      <mem type="survivor" free="0" total="458752" percent="0" />
    </mem>
    <mem type="tenure" free="1846592" total="6291456" percent="29" macro-fragmented="868149">
      <mem type="soa" free="1532224" total="5977088" percent="25" />
      <mem type="loa" free="314368" total="314368" percent="100" />
    </mem>
    <remembered-set count="125" />
  </mem-info>
</gc-end>
<cycle-end id="338" type="scavenge" contextid="332" timestamp="2019-06-16T01:07:47.792" />
  <attribute name="elasticGC enabled" value="1" />
  <attribute name= "numThreadsSpecified" value="4" />
  <attribute name="heapSize specified" value="8388608" />
  <attribute name="Current GC Util" value="0" />
  <attribute name= "Current Time Running" value="24003" />
  <attribute name ="GC Interval" value="200" />
  <attribute name="ProportionalT" value="-30.000000" />
  <attribute name="ProportionalI" value="-30.000000" />
  <attribute name="ProportionalH" value="-30.000000" />
  <attribute name="Current Error" value="-20.000000" />
  <attribute name="IntegralT" value="-19340.000000" />
  <attribute name="IntegralI" value="-19340.000000" />
  <attribute name="IntegralH" value="-19340.000000" />
  <attribute name="DerivativeT" value="-0.020683" />
  <attribute name="DerivativeI" value="-0.020683" />
  <attribute name="DerivativeH" value="-0.020683" />
  <attribute name="Loop Time for DT" value="967.000000" />
  <attribute name="Output H" value="2092630016"/>
  <attribute name="Output I" value="200"/>
  <attribute name="Output T" value="4"/>
  <attribute name="Target GC Util Change" value ="20.000000" />
  <attribute name="Current GC Util Change" value="0.000000"/>
  <attribute name="GC Util currently" value="0" />
  <attribute name="CPU Util currently" value="3" />
<allocation-satisfied id="339" threadId="0000000000F63500" bytesRequested="32" />
<af-end id="340" timestamp="2019-06-16T01:07:47.792" threadId="0000000000F63E88" success="true" from="nursery"/>
<exclusive-end id="341" timestamp="2019-06-16T01:07:47.792" durationms="3.884" />

<exclusive-start id="342" timestamp="2019-06-16T01:07:48.798" intervalms="1009.350">
  <response-info timems="0.028" idlems="0.028" threads="0" lastid="0000000000F5BD00" lastname="node-5" />
</exclusive-start>
<af-start id="343" threadId="0000000000F5C688" totalBytesRequested="32" timestamp="2019-06-16T01:07:48.798" intervalms="1009.349" type="nursery" />
<cycle-start id="344" type="scavenge" contextid="0" timestamp="2019-06-16T01:07:48.798" intervalms="1009.358" />
<gc-start id="345" type="scavenge" contextid="344" timestamp="2019-06-16T01:07:48.798">
  <mem-info id="346" free="1846592" total="8519680" percent="21">
    <mem type="nursery" free="0" total="2228224" percent="0">
      <mem type="allocate" free="0" total="1769472" percent="0" />
      <mem type="survivor" free="0" total="458752" percent="0" />
    </mem>
    <mem type="tenure" free="1846592" total="6291456" percent="29">
      <mem type="soa" free="1532224" total="5977088" percent="25" />
      <mem type="loa" free="314368" total="314368" percent="100" />
    </mem>
    <remembered-set count="142" />
  </mem-info>
</gc-start>
<allocation-stats totalBytes="1335168" >
  <allocated-bytes non-tlh="32" tlh="1335136" />
  <largest-consumer threadName="node-2" threadId="0000000000F67000" bytes="242304" />
</allocation-stats>
<gc-op id="347" type="scavenge" timems="2.930" contextid="344" timestamp="2019-06-16T01:07:48.801">
  <scavenger-info tenureage="2" tenuremask="7ffc" tiltratio="79" />
  <memory-copied type="nursery" objects="17152" bytes="412136" bytesdiscarded="46616" />
  <memory-copied type="tenure" objects="7242" bytes="173808" bytesdiscarded="16" />
</gc-op>
<gc-end id="348" type="scavenge" contextid="344" durationms="3.365" usertimems="4.000" systemtimems="0.000" timestamp="2019-06-16T01:07:48.801" activeThreads="4">
  <mem-info id="349" free="2943552" total="8519680" percent="34">
    <mem type="nursery" free="1245184" total="2228224" percent="55">
      <mem type="allocate" free="1245184" total="1703936" percent="73" />
      <mem type="survivor" free="0" total="524288" percent="0" />
    </mem>
    <mem type="tenure" free="1698368" total="6291456" percent="26" macro-fragmented="868149">
      <mem type="soa" free="1384000" total="5977088" percent="23" />
      <mem type="loa" free="314368" total="314368" percent="100" />
    </mem>
    <remembered-set count="127" />
  </mem-info>
</gc-end>
<cycle-end id="350" type="scavenge" contextid="344" timestamp="2019-06-16T01:07:48.801" />
  <attribute name="elasticGC enabled" value="1" />
  <attribute name= "numThreadsSpecified" value="4" />
  <attribute name="heapSize specified" value="8388608" />
  <attribute name="Current GC Util" value="0" />
  <attribute name= "Current Time Running" value="25013" />
  <attribute name ="GC Interval" value="200" />
  <attribute name="ProportionalT" value="-30.000000" />
  <attribute name="ProportionalI" value="-30.000000" />
  <attribute name="ProportionalH" value="-30.000000" />
  <attribute name="Current Error" value="-20.000000" />
  <attribute name="IntegralT" value="-20200.000000" />
  <attribute name="IntegralI" value="-20200.000000" />
  <attribute name="IntegralH" value="-20200.000000" />
  <attribute name="DerivativeT" value="-0.019802" />
  <attribute name="DerivativeI" value="-0.019802" />
  <attribute name="DerivativeH" value="-0.019802" />
  <attribute name="Loop Time for DT" value="1010.000000" />
  <attribute name="Output H" value="2092630016"/>
  <attribute name="Output I" value="200"/>
  <attribute name="Output T" value="4"/>
  <attribute name="Target GC Util Change" value ="20.000000" />
  <attribute name="Current GC Util Change" value="0.000000"/>
  <attribute name="GC Util currently" value="0" />
  <attribute name="CPU Util currently" value="5" />
<allocation-satisfied id="351" threadId="0000000000F5BD00" bytesRequested="32" />
<af-end id="352" timestamp="2019-06-16T01:07:48.802" threadId="0000000000F5C688" success="true" from="nursery"/>
<exclusive-end id="353" timestamp="2019-06-16T01:07:48.802" durationms="3.976" />

<exclusive-start id="354" timestamp="2019-06-16T01:07:49.767" intervalms="969.339">
  <response-info timems="0.044" idlems="0.044" threads="0" lastid="0000000000F63500" lastname="node-0" />
</exclusive-start>
<af-start id="355" threadId="0000000000F63E88" totalBytesRequested="24" timestamp="2019-06-16T01:07:49.767" intervalms="969.386" type="nursery" />
<cycle-start id="356" type="scavenge" contextid="0" timestamp="2019-06-16T01:07:49.767" intervalms="969.422" />
<gc-start id="357" type="scavenge" contextid="356" timestamp="2019-06-16T01:07:49.767">
  <mem-info id="358" free="1698368" total="8519680" percent="19">
    <mem type="nursery" free="0" total="2228224" percent="0">
      <mem type="allocate" free="0" total="1703936" percent="0" />
      <mem type="survivor" free="0" total="524288" percent="0" />
    </mem>
    <mem type="tenure" free="1698368" total="6291456" percent="26">
      <mem type="soa" free="1384000" total="5977088" percent="23" />
      <mem type="loa" free="314368" total="314368" percent="100" />
    </mem>
    <remembered-set count="144" />
  </mem-info>
</gc-start>
<allocation-stats totalBytes="1244264" >
  <allocated-bytes non-tlh="32" tlh="1244232" />
  <largest-consumer threadName="node-5" threadId="0000000000F5BD00" bytes="233200" />
</allocation-stats>
<gc-op id="359" type="scavenge" timems="2.889" contextid="356" timestamp="2019-06-16T01:07:49.771">
  <scavenger-info tenureage="2" tenuremask="7ffc" tiltratio="76" />
  <memory-copied type="nursery" objects="17108" bytes="411544" bytesdiscarded="69224" />
  <memory-copied type="tenure" objects="7914" bytes="189936" bytesdiscarded="8" />
</gc-op>
<gc-end id="360" type="scavenge" contextid="356" durationms="3.580" usertimems="0.000" systemtimems="0.000" timestamp="2019-06-16T01:07:49.771" activeThreads="4">
  <mem-info id="361" free="2908736" total="8519680" percent="34">
    <mem type="nursery" free="1288704" total="2228224" percent="57">
      <mem type="allocate" free="1288704" total="1769472" percent="72" />
      <mem type="survivor" free="0" total="458752" percent="0" />
    </mem>
    <mem type="tenure" free="1620032" total="6291456" percent="25" macro-fragmented="723458">
      <mem type="soa" free="1305664" total="5977088" percent="21" />
      <mem type="loa" free="314368" total="314368" percent="100" />
    </mem>
    <remembered-set count="129" />
  </mem-info>
</gc-end>
<cycle-end id="362" type="scavenge" contextid="356" timestamp="2019-06-16T01:07:49.771" />
  <attribute name="elasticGC enabled" value="1" />
  <attribute name= "numThreadsSpecified" value="4" />
  <attribute name="heapSize specified" value="8388608" />
  <attribute name="Current GC Util" value="0" />
  <attribute name= "Current Time Running" value="25982" />
  <attribute name ="GC Interval" value="200" />
  <attribute name="ProportionalT" value="-30.000000" />
  <attribute name="ProportionalI" value="-30.000000" />
  <attribute name="ProportionalH" value="-30.000000" />
  <attribute name="Current Error" value="-20.000000" />
  <attribute name="IntegralT" value="-19380.000000" />
  <attribute name="IntegralI" value="-19380.000000" />
  <attribute name="IntegralH" value="-19380.000000" />
  <attribute name="DerivativeT" value="-0.020640" />
  <attribute name="DerivativeI" value="-0.020640" />
  <attribute name="DerivativeH" value="-0.020640" />
  <attribute name="Loop Time for DT" value="969.000000" />
  <attribute name="Output H" value="2092630016"/>
  <attribute name="Output I" value="200"/>
  <attribute name="Output T" value="4"/>
  <attribute name="Target GC Util Change" value ="20.000000" />
  <attribute name="Current GC Util Change" value="0.000000"/>
  <attribute name="GC Util currently" value="0" />
  <attribute name="CPU Util currently" value="2" />
<allocation-satisfied id="363" threadId="0000000000F63500" bytesRequested="24" />
<af-end id="364" timestamp="2019-06-16T01:07:49.771" threadId="0000000000F63E88" success="true" from="nursery"/>
<exclusive-end id="365" timestamp="2019-06-16T01:07:49.772" durationms="4.425" />

<exclusive-start id="366" timestamp="2019-06-16T01:07:50.708" intervalms="940.439">
  <response-info timems="0.025" idlems="0.025" threads="0" lastid="0000000000F63500" lastname="node-0" />
</exclusive-start>
<af-start id="367" threadId="0000000000F63E88" totalBytesRequested="32" timestamp="2019-06-16T01:07:50.708" intervalms="940.373" type="nursery" />
<cycle-start id="368" type="scavenge" contextid="0" timestamp="2019-06-16T01:07:50.708" intervalms="940.323" />
<gc-start id="369" type="scavenge" contextid="368" timestamp="2019-06-16T01:07:50.708">
  <mem-info id="370" free="1620032" total="8519680" percent="19">
    <mem type="nursery" free="0" total="2228224" percent="0">
      <mem type="allocate" free="0" total="1769472" percent="0" />
      <mem type="survivor" free="0" total="458752" percent="0" />
    </mem>
    <mem type="tenure" free="1620032" total="6291456" percent="25">
      <mem type="soa" free="1305664" total="5977088" percent="21" />
      <mem type="loa" free="314368" total="314368" percent="100" />
    </mem>
    <remembered-set count="144" />
  </mem-info>
</gc-start>
<allocation-stats totalBytes="1288160" >
  <allocated-bytes non-tlh="24" tlh="1288136" />
  <largest-consumer threadName="node-2" threadId="0000000000F67000" bytes="233416" />
</allocation-stats>
<gc-op id="371" type="scavenge" timems="1.560" contextid="368" timestamp="2019-06-16T01:07:50.709">
  <scavenger-info tenureage="2" tenuremask="7ffc" tiltratio="79" />
  <memory-copied type="nursery" objects="15377" bytes="369984" bytesdiscarded="60864" />
  <memory-copied type="tenure" objects="9198" bytes="220752" bytesdiscarded="0" />
</gc-op>
<gc-end id="372" type="scavenge" contextid="368" durationms="1.816" usertimems="0.000" systemtimems="0.000" timestamp="2019-06-16T01:07:50.710" activeThreads="4">
  <mem-info id="373" free="2762816" total="8519680" percent="32">
    <mem type="nursery" free="1338624" total="2228224" percent="60">
      <mem type="allocate" free="1338624" total="1769472" percent="75" />
      <mem type="survivor" free="0" total="458752" percent="0" />
    </mem>
    <mem type="tenure" free="1424192" total="6291456" percent="22" macro-fragmented="602881">
      <mem type="soa" free="1109824" total="5977088" percent="18" />
      <mem type="loa" free="314368" total="314368" percent="100" />
    </mem>
    <remembered-set count="129" />
  </mem-info>
</gc-end>
<cycle-end id="374" type="scavenge" contextid="368" timestamp="2019-06-16T01:07:50.710" />
  <attribute name="elasticGC enabled" value="1" />
  <attribute name= "numThreadsSpecified" value="4" />
  <attribute name="heapSize specified" value="8388608" />
  <attribute name="Current GC Util" value="0" />
  <attribute name= "Current Time Running" value="26923" />
  <attribute name ="GC Interval" value="200" />
  <attribute name="ProportionalT" value="-30.000000" />
  <attribute name="ProportionalI" value="-30.000000" />
  <attribute name="ProportionalH" value="-30.000000" />
  <attribute name="Current Error" value="-20.000000" />
  <attribute name="IntegralT" value="-18820.000000" />
  <attribute name="IntegralI" value="-18820.000000" />
  <attribute name="IntegralH" value="-18820.000000" />
  <attribute name="DerivativeT" value="-0.021254" />
  <attribute name="DerivativeI" value="-0.021254" />
  <attribute name="DerivativeH" value="-0.021254" />
  <attribute name="Loop Time for DT" value="941.000000" />
  <attribute name="Output H" value="2092630016"/>
  <attribute name="Output I" value="200"/>
  <attribute name="Output T" value="4"/>
  <attribute name="Target GC Util Change" value ="20.000000" />
  <attribute name="Current GC Util Change" value="0.000000"/>
  <attribute name="GC Util currently" value="0" />
  <attribute name="CPU Util currently" value="3" />
<allocation-satisfied id="375" threadId="0000000000F63500" bytesRequested="32" />
<af-end id="376" timestamp="2019-06-16T01:07:50.710" threadId="0000000000F63E88" success="true" from="nursery"/>
<exclusive-end id="377" timestamp="2019-06-16T01:07:50.710" durationms="2.253" />

<exclusive-start id="378" timestamp="2019-06-16T01:07:51.705" intervalms="997.942">
  <response-info timems="0.031" idlems="0.031" threads="0" lastid="0000000000F58100" lastname="node-3" />
</exclusive-start>
<af-start id="379" threadId="0000000000F58A88" totalBytesRequested="16" timestamp="2019-06-16T01:07:51.706" intervalms="997.951" type="nursery" />
<cycle-start id="380" type="scavenge" contextid="0" timestamp="2019-06-16T01:07:51.706" intervalms="997.951" />
<gc-start id="381" type="scavenge" contextid="380" timestamp="2019-06-16T01:07:51.706">
  <mem-info id="382" free="1424192" total="8519680" percent="16">
    <mem type="nursery" free="0" total="2228224" percent="0">
      <mem type="allocate" free="0" total="1769472" percent="0" />
      <mem type="survivor" free="0" total="458752" percent="0" />
    </mem>
    <mem type="tenure" free="1424192" total="6291456" percent="22">
      <mem type="soa" free="1109824" total="5977088" percent="18" />
      <mem type="loa" free="314368" total="314368" percent="100" />
    </mem>
    <remembered-set count="143" />
  </mem-info>
</gc-start>
<allocation-stats totalBytes="1336704" >
  <allocated-bytes non-tlh="32" tlh="1336672" />
  <largest-consumer threadName="node-0" threadId="0000000000F63500" bytes="236248" />
</allocation-stats>
<gc-op id="383" type="scavenge" timems="1.497" contextid="380" timestamp="2019-06-16T01:07:51.707">
  <scavenger-info tenureage="2" tenuremask="7ffc" tiltratio="79" />
  <memory-copied type="nursery" objects="15720" bytes="379016" bytesdiscarded="51832" />
  <memory-copied type="tenure" objects="7868" bytes="188832" bytesdiscarded="8" />
</gc-op>
<gc-end id="384" type="scavenge" contextid="380" durationms="1.688" usertimems="0.000" systemtimems="0.000" timestamp="2019-06-16T01:07:51.707" activeThreads="4">
  <mem-info id="385" free="2606144" total="8519680" percent="30">
    <mem type="nursery" free="1338624" total="2228224" percent="60">
      <mem type="allocate" free="1338624" total="1769472" percent="75" />
      <mem type="survivor" free="0" total="458752" percent="0" />
    </mem>
    <mem type="tenure" free="1267520" total="6291456" percent="20" macro-fragmented="1110433">
      <mem type="soa" free="953152" total="5977088" percent="15" />
      <mem type="loa" free="314368" total="314368" percent="100" />
    </mem>
    <remembered-set count="123" />
  </mem-info>
</gc-end>
<cycle-end id="386" type="scavenge" contextid="380" timestamp="2019-06-16T01:07:51.707" />
  <attribute name="elasticGC enabled" value="1" />
  <attribute name= "numThreadsSpecified" value="4" />
  <attribute name="heapSize specified" value="8388608" />
  <attribute name="Current GC Util" value="0" />
  <attribute name= "Current Time Running" value="27920" />
  <attribute name ="GC Interval" value="200" />
  <attribute name="ProportionalT" value="-30.000000" />
  <attribute name="ProportionalI" value="-30.000000" />
  <attribute name="ProportionalH" value="-30.000000" />
  <attribute name="Current Error" value="-20.000000" />
  <attribute name="IntegralT" value="-19940.000000" />
  <attribute name="IntegralI" value="-19940.000000" />
  <attribute name="IntegralH" value="-19940.000000" />
  <attribute name="DerivativeT" value="-0.020060" />
  <attribute name="DerivativeI" value="-0.020060" />
  <attribute name="DerivativeH" value="-0.020060" />
  <attribute name="Loop Time for DT" value="997.000000" />
  <attribute name="Output H" value="2092630016"/>
  <attribute name="Output I" value="200"/>
  <attribute name="Output T" value="4"/>
  <attribute name="Target GC Util Change" value ="20.000000" />
  <attribute name="Current GC Util Change" value="0.000000"/>
  <attribute name="GC Util currently" value="0" />
  <attribute name="CPU Util currently" value="3" />
<allocation-satisfied id="387" threadId="0000000000F58100" bytesRequested="16" />
<af-end id="388" timestamp="2019-06-16T01:07:51.708" threadId="0000000000F58A88" success="true" from="nursery"/>
<exclusive-end id="389" timestamp="2019-06-16T01:07:51.708" durationms="2.198" />

<exclusive-start id="390" timestamp="2019-06-16T01:07:52.702" intervalms="996.819">
  <response-info timems="0.032" idlems="0.032" threads="0" lastid="0000000000F58100" lastname="node-3" />
</exclusive-start>
<af-start id="391" threadId="0000000000F58A88" totalBytesRequested="32" timestamp="2019-06-16T01:07:52.702" intervalms="996.822" type="nursery" />
<cycle-start id="392" type="scavenge" contextid="0" timestamp="2019-06-16T01:07:52.702" intervalms="996.820" />
<gc-start id="393" type="scavenge" contextid="392" timestamp="2019-06-16T01:07:52.703">
  <mem-info id="394" free="1267520" total="8519680" percent="14">
    <mem type="nursery" free="0" total="2228224" percent="0">
      <mem type="allocate" free="0" total="1769472" percent="0" />
      <mem type="survivor" free="0" total="458752" percent="0" />
    </mem>
    <mem type="tenure" free="1267520" total="6291456" percent="20">
      <mem type="soa" free="953152" total="5977088" percent="15" />
      <mem type="loa" free="314368" total="314368" percent="100" />
    </mem>
    <remembered-set count="140" />
  </mem-info>
</gc-start>
<allocation-stats totalBytes="1336536" >
  <allocated-bytes non-tlh="16" tlh="1336520" />
  <largest-consumer threadName="node-0" threadId="0000000000F63500" bytes="233336" />
</allocation-stats>
<gc-op id="395" type="scavenge" timems="3.003" contextid="392" timestamp="2019-06-16T01:07:52.706">
  <scavenger-info tenureage="2" tenuremask="7ffc" tiltratio="79" />
  <memory-copied type="nursery" objects="17637" bytes="423776" bytesdiscarded="9376" />
  <memory-copied type="tenure" objects="7467" bytes="179208" bytesdiscarded="0" />
</gc-op>
<gc-end id="396" type="scavenge" contextid="392" durationms="3.399" usertimems="0.000" systemtimems="4.000" timestamp="2019-06-16T01:07:52.706" activeThreads="4">
  <mem-info id="397" free="2289472" total="8519680" percent="26">
    <mem type="nursery" free="1270784" total="2228224" percent="57">
      <mem type="allocate" free="1270784" total="1703936" percent="74" />
      <mem type="survivor" free="0" total="524288" percent="0" />
    </mem>
    <mem type="tenure" free="1018688" total="6291456" percent="16" macro-fragmented="591173">
      <mem type="soa" free="704320" total="5977088" percent="11" />
      <mem type="loa" free="314368" total="314368" percent="100" />
    </mem>
    <remembered-set count="123" />
  </mem-info>
</gc-end>
<cycle-end id="398" type="scavenge" contextid="392" timestamp="2019-06-16T01:07:52.706" />
  <attribute name="elasticGC enabled" value="1" />
  <attribute name= "numThreadsSpecified" value="4" />
  <attribute name="heapSize specified" value="8388608" />
  <attribute name="Current GC Util" value="0" />
  <attribute name= "Current Time Running" value="28917" />
  <attribute name ="GC Interval" value="200" />
  <attribute name="ProportionalT" value="-30.000000" />
  <attribute name="ProportionalI" value="-30.000000" />
  <attribute name="ProportionalH" value="-30.000000" />
  <attribute name="Current Error" value="-20.000000" />
  <attribute name="IntegralT" value="-19940.000000" />
  <attribute name="IntegralI" value="-19940.000000" />
  <attribute name="IntegralH" value="-19940.000000" />
  <attribute name="DerivativeT" value="-0.020060" />
  <attribute name="DerivativeI" value="-0.020060" />
  <attribute name="DerivativeH" value="-0.020060" />
  <attribute name="Loop Time for DT" value="997.000000" />
  <attribute name="Output H" value="2092630016"/>
  <attribute name="Output I" value="200"/>
  <attribute name="Output T" value="4"/>
  <attribute name="Target GC Util Change" value ="20.000000" />
  <attribute name="Current GC Util Change" value="0.000000"/>
  <attribute name="GC Util currently" value="0" />
  <attribute name="CPU Util currently" value="2" />
<allocation-satisfied id="399" threadId="0000000000F58100" bytesRequested="32" />
<af-end id="400" timestamp="2019-06-16T01:07:52.706" threadId="0000000000F58A88" success="true" from="nursery"/>
<exclusive-end id="401" timestamp="2019-06-16T01:07:52.706" durationms="3.967" />

<exclusive-start id="402" timestamp="2019-06-16T01:07:53.655" intervalms="952.996">
  <response-info timems="0.028" idlems="0.028" threads="0" lastid="0000000000F67000" lastname="node-2" />
</exclusive-start>
<af-start id="403" threadId="0000000000F67988" totalBytesRequested="24" timestamp="2019-06-16T01:07:53.655" intervalms="952.984" type="nursery" />
<cycle-start id="404" type="scavenge" contextid="0" timestamp="2019-06-16T01:07:53.655" intervalms="952.985" />
<gc-start id="405" type="scavenge" contextid="404" timestamp="2019-06-16T01:07:53.655">
  <mem-info id="406" free="1018688" total="8519680" percent="11">
    <mem type="nursery" free="0" total="2228224" percent="0">
      <mem type="allocate" free="0" total="1703936" percent="0" />
      <mem type="survivor" free="0" total="524288" percent="0" />
    </mem>
    <mem type="tenure" free="1018688" total="6291456" percent="16">
      <mem type="soa" free="704320" total="5977088" percent="11" />
      <mem type="loa" free="314368" total="314368" percent="100" />
    </mem>
    <remembered-set count="140" />
  </mem-info>
</gc-start>
<allocation-stats totalBytes="1269784" >
  <allocated-bytes non-tlh="32" tlh="1269752" />
  <largest-consumer threadName="node-5" threadId="0000000000F5BD00" bytes="233360" />
</allocation-stats>
<gc-op id="407" type="scavenge" timems="2.941" contextid="404" timestamp="2019-06-16T01:07:53.659">
  <scavenger-info tenureage="2" tenuremask="7ffc" tiltratio="76" />
  <memory-copied type="nursery" objects="17025" bytes="409096" bytesdiscarded="115192" />
  <memory-copied type="tenure" objects="8201" bytes="196824" bytesdiscarded="0" />
</gc-op>
<gc-end id="408" type="scavenge" contextid="404" durationms="3.301" usertimems="4.000" systemtimems="0.000" timestamp="2019-06-16T01:07:53.659" activeThreads="4">
  <mem-info id="409" free="2050112" total="8519680" percent="24">
    <mem type="nursery" free="1179648" total="2228224" percent="52">
      <mem type="allocate" free="1179648" total="1703936" percent="69" />
      <mem type="survivor" free="0" total="524288" percent="0" />
    </mem>
    <mem type="tenure" free="870464" total="6291456" percent="13" macro-fragmented="793142">
      <mem type="soa" free="556096" total="5977088" percent="9" />
      <mem type="loa" free="314368" total="314368" percent="100" />
    </mem>
    <remembered-set count="122" />
  </mem-info>
</gc-end>
<cycle-end id="410" type="scavenge" contextid="404" timestamp="2019-06-16T01:07:53.659" />
  <attribute name="elasticGC enabled" value="1" />
  <attribute name= "numThreadsSpecified" value="4" />
  <attribute name="heapSize specified" value="8388608" />
  <attribute name="Current GC Util" value="0" />
  <attribute name= "Current Time Running" value="29870" />
  <attribute name ="GC Interval" value="200" />
  <attribute name="ProportionalT" value="-30.000000" />
  <attribute name="ProportionalI" value="-30.000000" />
  <attribute name="ProportionalH" value="-30.000000" />
  <attribute name="Current Error" value="-20.000000" />
  <attribute name="IntegralT" value="-19060.000000" />
  <attribute name="IntegralI" value="-19060.000000" />
  <attribute name="IntegralH" value="-19060.000000" />
  <attribute name="DerivativeT" value="-0.020986" />
  <attribute name="DerivativeI" value="-0.020986" />
  <attribute name="DerivativeH" value="-0.020986" />
  <attribute name="Loop Time for DT" value="953.000000" />
  <attribute name="Output H" value="2092630016"/>
  <attribute name="Output I" value="200"/>
  <attribute name="Output T" value="4"/>
  <attribute name="Target GC Util Change" value ="20.000000" />
  <attribute name="Current GC Util Change" value="0.000000"/>
  <attribute name="GC Util currently" value="0" />
  <attribute name="CPU Util currently" value="2" />
<allocation-satisfied id="411" threadId="0000000000F67000" bytesRequested="24" />
<af-end id="412" timestamp="2019-06-16T01:07:53.659" threadId="0000000000F67988" success="true" from="nursery"/>
<exclusive-end id="413" timestamp="2019-06-16T01:07:53.659" durationms="3.767" />

<exclusive-start id="414" timestamp="2019-06-16T01:07:54.497" intervalms="842.047">
  <response-info timems="0.022" idlems="0.022" threads="0" lastid="0000000000F67000" lastname="node-2" />
</exclusive-start>
<af-start id="415" threadId="0000000000F67988" totalBytesRequested="24" timestamp="2019-06-16T01:07:54.497" intervalms="842.058" type="nursery" />
<cycle-start id="416" type="scavenge" contextid="0" timestamp="2019-06-16T01:07:54.497" intervalms="842.063" />
<gc-start id="417" type="scavenge" contextid="416" timestamp="2019-06-16T01:07:54.498">
  <mem-info id="418" free="870464" total="8519680" percent="10">
    <mem type="nursery" free="0" total="2228224" percent="0">
      <mem type="allocate" free="0" total="1703936" percent="0" />
      <mem type="survivor" free="0" total="524288" percent="0" />
    </mem>
    <mem type="tenure" free="870464" total="6291456" percent="13">
      <mem type="soa" free="556096" total="5977088" percent="9" />
      <mem type="loa" free="314368" total="314368" percent="100" />
    </mem>
    <remembered-set count="139" />
  </mem-info>
</gc-start>
<allocation-stats totalBytes="1178152" >
  <allocated-bytes non-tlh="24" tlh="1178128" />
  <largest-consumer threadName="node-4" threadId="0000000000F5F900" bytes="233432" />
</allocation-stats>
<gc-op id="419" type="scavenge" timems="1.366" contextid="416" timestamp="2019-06-16T01:07:54.499">
  <scavenger-info tenureage="2" tenuremask="7ffc" tiltratio="76" />
  <memory-copied type="nursery" objects="14912" bytes="358840" bytesdiscarded="72008" />
  <memory-copied type="tenure" objects="9396" bytes="225504" bytesdiscarded="0" />
</gc-op>
<gc-end id="420" type="scavenge" contextid="416" durationms="1.578" usertimems="0.000" systemtimems="0.000" timestamp="2019-06-16T01:07:54.499" activeThreads="4">
  <mem-info id="421" free="1908544" total="8519680" percent="22">
    <mem type="nursery" free="1273088" total="2228224" percent="57">
      <mem type="allocate" free="1273088" total="1703936" percent="74" />
      <mem type="survivor" free="0" total="524288" percent="0" />
    </mem>
    <mem type="tenure" free="635456" total="6291456" percent="10" macro-fragmented="533025">
      <mem type="soa" free="321088" total="5977088" percent="5" />
      <mem type="loa" free="314368" total="314368" percent="100" />
    </mem>
    <remembered-set count="126" />
  </mem-info>
</gc-end>
<cycle-end id="422" type="scavenge" contextid="416" timestamp="2019-06-16T01:07:54.499" />
  <attribute name="elasticGC enabled" value="1" />
  <attribute name= "numThreadsSpecified" value="4" />
  <attribute name="heapSize specified" value="8388608" />
  <attribute name="Current GC Util" value="0" />
  <attribute name= "Current Time Running" value="30712" />
  <attribute name ="GC Interval" value="200" />
  <attribute name="ProportionalT" value="-30.000000" />
  <attribute name="ProportionalI" value="-30.000000" />
  <attribute name="ProportionalH" value="-30.000000" />
  <attribute name="Current Error" value="-20.000000" />
  <attribute name="IntegralT" value="-16840.000000" />
  <attribute name="IntegralI" value="-16840.000000" />
  <attribute name="IntegralH" value="-16840.000000" />
  <attribute name="DerivativeT" value="-0.023753" />
  <attribute name="DerivativeI" value="-0.023753" />
  <attribute name="DerivativeH" value="-0.023753" />
  <attribute name="Loop Time for DT" value="842.000000" />
  <attribute name="Output H" value="2092630016"/>
  <attribute name="Output I" value="200"/>
  <attribute name="Output T" value="4"/>
  <attribute name="Target GC Util Change" value ="20.000000" />
  <attribute name="Current GC Util Change" value="0.000000"/>
  <attribute name="GC Util currently" value="0" />
  <attribute name="CPU Util currently" value="2" />
<allocation-satisfied id="423" threadId="0000000000F67000" bytesRequested="24" />
<af-end id="424" timestamp="2019-06-16T01:07:54.499" threadId="0000000000F67988" success="true" from="nursery"/>
<exclusive-end id="425" timestamp="2019-06-16T01:07:54.499" durationms="2.032" />

<concurrent-kickoff id="426" timestamp="2019-06-16T01:07:55.212">
  <kickoff reason="threshold reached" targetBytes="1867303" thresholdFreeBytes="258041"  remainingFree="249064" tenureFreeBytes="635456" nurseryFreeBytes="249064" />
</concurrent-kickoff>
<exclusive-start id="427" timestamp="2019-06-16T01:07:55.212" intervalms="714.952">
  <response-info timems="0.020" idlems="0.020" threads="0" lastid="0000000000F63500" lastname="node-0" />
</exclusive-start>
<cycle-start id="428" type="global" contextid="0" timestamp="2019-06-16T01:07:55.212" intervalms="18486.555" />
<exclusive-end id="429" timestamp="2019-06-16T01:07:55.212" durationms="0.115" />

<exclusive-start id="430" timestamp="2019-06-16T01:07:55.432" intervalms="220.141">
  <response-info timems="0.026" idlems="0.026" threads="0" lastid="0000000000F63500" lastname="node-0" />
</exclusive-start>
<concurrent-collection-start id="431" timestamp="2019-06-16T01:07:55.433" intervalms="31761.958" >
  <concurrent-trace-info reason="card cleaning threshold reached" tracedByMutators="386452" tracedByHelpers="1108868" cardsCleaned="30" workStackOverflowCount="0" />
</concurrent-collection-start>
<gc-start id="432" type="global" contextid="428" timestamp="2019-06-16T01:07:55.433">
  <mem-info id="433" free="638784" total="8519680" percent="7">
    <mem type="nursery" free="3328" total="2228224" percent="0">
      <mem type="allocate" free="3328" total="1703936" percent="0" />
      <mem type="survivor" free="0" total="524288" percent="0" />
    </mem>
    <mem type="tenure" free="635456" total="6291456" percent="10">
      <mem type="soa" free="321088" total="5977088" percent="5" />
      <mem type="loa" free="314368" total="314368" percent="100" />
    </mem>
    <remembered-set count="141" />
  </mem-info>
</gc-start>
<allocation-stats totalBytes="1267976" >
  <allocated-bytes non-tlh="24" tlh="1267952" />
  <largest-consumer threadName="node-5" threadId="0000000000F5BD00" bytes="233368" />
</allocation-stats>
<gc-op id="434" type="rs-scan" timems="1.323" contextid="428" timestamp="2019-06-16T01:07:55.434">
  <scan objectsFound="44" bytesTraced="4544" workStackOverflowCount="0" />
</gc-op>
<gc-op id="435" type="card-cleaning" timems="1.285" contextid="428" timestamp="2019-06-16T01:07:55.436">
  <card-cleaning cardsCleaned="25" bytesTraced="49196" workStackOverflowCount="0" />
</gc-op>
<gc-op id="436" type="mark" timems="5.420" contextid="428" timestamp="2019-06-16T01:07:55.441">
  <trace-info objectcount="236" scancount="194" scanbytes="5128" />
  <finalization candidates="13" enqueued="0" />
  <references type="soft" candidates="67" cleared="0" enqueued="0" dynamicThreshold="28" maxThreshold="32" />
  <references type="weak" candidates="134" cleared="0" enqueued="0" />
  <references type="phantom" candidates="33" cleared="2" enqueued="2" />
  <stringconstants candidates="3831" cleared="0"  />
</gc-op>
<gc-op id="437" type="sweep" timems="1.666" contextid="428" timestamp="2019-06-16T01:07:55.443" />
<mem-info id="438" free="5650696" total="8519680" percent="66">
  <mem type="nursery" free="1700376" total="2228224" percent="76">
    <mem type="allocate" free="1700376" total="1703936" percent="99" />
    <mem type="survivor" free="0" total="524288" percent="0" />
  </mem>
  <mem type="tenure" free="3950320" total="6291456" percent="62" micro-fragmented="5673" macro-fragmented="3110739">
    <mem type="soa" free="3635952" total="5977088" percent="60" />
    <mem type="loa" free="314368" total="314368" percent="100" />
  </mem>
  <pending-finalizers system="0" default="0" reference="2" classloader="0" />
  <remembered-set count="138" />
</mem-info>
<gc-op id="439" type="compact" timems="18.747" contextid="428" timestamp="2019-06-16T01:07:55.462">
  <compact-info movecount="34789" movebytes="1813576" reason="compact to aid heap contraction" />
</gc-op>
<heap-resize id="440" type="contract" space="tenure" amount="131072" count="1" timems="0.136" reason="heap reconfiguration" timestamp="2019-06-16T01:07:55.463" />
<gc-end id="441" type="global" contextid="428" durationms="30.563" usertimems="16.000" systemtimems="16.000" timestamp="2019-06-16T01:07:55.463" activeThreads="4">
  <mem-info id="442" free="5522896" total="8388608" percent="65">
    <mem type="nursery" free="1702472" total="2228224" percent="76">
      <mem type="allocate" free="1702472" total="1703936" percent="99" />
      <mem type="survivor" free="0" total="524288" percent="0" />
    </mem>
    <mem type="tenure" free="3820424" total="6160384" percent="62">
      <mem type="soa" free="3513224" total="5853184" percent="60" />
      <mem type="loa" free="307200" total="307200" percent="100" />
    </mem>
    <pending-finalizers system="0" default="0" reference="2" classloader="0" />
    <remembered-set count="138" />
  </mem-info>
</gc-end>
<cycle-end id="443" type="global" contextid="428" timestamp="2019-06-16T01:07:55.463" />
  <attribute name="elasticGC enabled" value="1" />
  <attribute name= "numThreadsSpecified" value="4" />
  <attribute name="heapSize specified" value="8519680" />
  <attribute name="Current GC Util" value="29" />
  <attribute name= "Current Time Running" value="31677" />
  <attribute name ="GC Interval" value="200" />
  <attribute name="ProportionalT" value="13.500000" />
  <attribute name="ProportionalI" value="13.500000" />
  <attribute name="ProportionalH" value="13.500000" />
  <attribute name="Current Error" value="9.000000" />
  <attribute name="IntegralT" value="171.000000" />
  <attribute name="IntegralI" value="171.000000" />
  <attribute name="IntegralH" value="171.000000" />
  <attribute name="DerivativeT" value="-2.684211" />
  <attribute name="DerivativeI" value="-2.684211" />
  <attribute name="DerivativeH" value="-2.684211" />
  <attribute name="Loop Time for DT" value="19.000000" />
  <attribute name="Output H" value="8388608"/>
  <attribute name="Output I" value="200"/>
  <attribute name="Output T" value="4"/>
  <attribute name="Target GC Util Change" value ="20.000000" />
  <attribute name="Current GC Util Change" value="29.000000"/>
  <attribute name="GC Util currently" value="29" />
  <attribute name="CPU Util currently" value="244035823785" />
<concurrent-collection-end id="444" timestamp="2019-06-16T01:07:55.464" />
<exclusive-end id="445" timestamp="2019-06-16T01:07:55.464" durationms="31.226" />

<exclusive-start id="446" timestamp="2019-06-16T01:07:56.662" intervalms="1229.128">
  <response-info timems="0.039" idlems="0.020" threads="1" lastid="0000000000F5F900" lastname="node-4" />
</exclusive-start>
<af-start id="447" threadId="0000000000F5C688" totalBytesRequested="16" timestamp="2019-06-16T01:07:56.662" intervalms="2164.232" type="nursery" />
<cycle-start id="448" type="scavenge" contextid="0" timestamp="2019-06-16T01:07:56.662" intervalms="2164.236" />
<gc-start id="449" type="scavenge" contextid="448" timestamp="2019-06-16T01:07:56.662">
  <mem-info id="450" free="3820424" total="8388608" percent="45">
    <mem type="nursery" free="0" total="2228224" percent="0">
      <mem type="allocate" free="0" total="1703936" percent="0" />
      <mem type="survivor" free="0" total="524288" percent="0" />
    </mem>
    <mem type="tenure" free="3820424" total="6160384" percent="62">
      <mem type="soa" free="3513224" total="5853184" percent="60" />
      <mem type="loa" free="307200" total="307200" percent="100" />
    </mem>
    <remembered-set count="140" />
  </mem-info>
</gc-start>
<allocation-stats totalBytes="1701304" >
  <allocated-bytes non-tlh="0" tlh="1701304" />
  <largest-consumer threadName="node-4" threadId="0000000000F5F900" bytes="329976" />
</allocation-stats>
<gc-op id="451" type="scavenge" timems="0.209" contextid="448" timestamp="2019-06-16T01:07:56.662">
  <scavenger-info tenureage="2" tenuremask="7ffc" tiltratio="76" />
  <memory-copied type="nursery" objects="47" bytes="3000" bytesdiscarded="75336" />
</gc-op>
<gc-end id="452" type="scavenge" contextid="448" durationms="0.623" usertimems="0.000" systemtimems="0.000" timestamp="2019-06-16T01:07:56.662" activeThreads="4">
  <mem-info id="453" free="5446024" total="8388608" percent="64">
    <mem type="nursery" free="1625600" total="2228224" percent="72">
      <mem type="allocate" free="1625600" total="1703936" percent="95" />
      <mem type="survivor" free="0" total="524288" percent="0" />
    </mem>
    <mem type="tenure" free="3820424" total="6160384" percent="62" macro-fragmented="2592282">
      <mem type="soa" free="3513224" total="5853184" percent="60" />
      <mem type="loa" free="307200" total="307200" percent="100" />
    </mem>
    <remembered-set count="119" />
  </mem-info>
</gc-end>
<cycle-end id="454" type="scavenge" contextid="448" timestamp="2019-06-16T01:07:56.662" />
  <attribute name="elasticGC enabled" value="1" />
  <attribute name= "numThreadsSpecified" value="4" />
  <attribute name="heapSize specified" value="8519680" />
  <attribute name="Current GC Util" value="1" />
  <attribute name= "Current Time Running" value="32877" />
  <attribute name ="GC Interval" value="200" />
  <attribute name="ProportionalT" value="-28.500000" />
  <attribute name="ProportionalI" value="-28.500000" />
  <attribute name="ProportionalH" value="-28.500000" />
  <attribute name="Current Error" value="-19.000000" />
  <attribute name="IntegralT" value="-22800.000000" />
  <attribute name="IntegralI" value="-22800.000000" />
  <attribute name="IntegralH" value="-22800.000000" />
  <attribute name="DerivativeT" value="-0.023333" />
  <attribute name="DerivativeI" value="-0.023333" />
  <attribute name="DerivativeH" value="-0.023333" />
  <attribute name="Loop Time for DT" value="1200.000000" />
  <attribute name="Output H" value="2092630016"/>
  <attribute name="Output I" value="200"/>
  <attribute name="Output T" value="4"/>
  <attribute name="Target GC Util Change" value ="20.000000" />
  <attribute name="Current GC Util Change" value="1.000000"/>
  <attribute name="GC Util currently" value="1" />
  <attribute name="CPU Util currently" value="3" />
<allocation-satisfied id="455" threadId="0000000000F5BD00" bytesRequested="16" />
<af-end id="456" timestamp="2019-06-16T01:07:56.663" threadId="0000000000F5C688" success="true" from="nursery"/>
<exclusive-end id="457" timestamp="2019-06-16T01:07:56.663" durationms="1.158" />

<exclusive-start id="458" timestamp="2019-06-16T01:07:57.811" intervalms="1149.192">
  <response-info timems="0.027" idlems="0.027" threads="0" lastid="0000000000F63500" lastname="node-0" />
</exclusive-start>
<af-start id="459" threadId="0000000000F63E88" totalBytesRequested="16" timestamp="2019-06-16T01:07:57.811" intervalms="1149.193" type="nursery" />
<cycle-start id="460" type="scavenge" contextid="0" timestamp="2019-06-16T01:07:57.811" intervalms="1149.195" />
<gc-start id="461" type="scavenge" contextid="460" timestamp="2019-06-16T01:07:57.811">
  <mem-info id="462" free="3820424" total="8388608" percent="45">
    <mem type="nursery" free="0" total="2228224" percent="0">
      <mem type="allocate" free="0" total="1703936" percent="0" />
      <mem type="survivor" free="0" total="524288" percent="0" />
    </mem>
    <mem type="tenure" free="3820424" total="6160384" percent="62">
      <mem type="soa" free="3513224" total="5853184" percent="60" />
      <mem type="loa" free="307200" total="307200" percent="100" />
    </mem>
    <remembered-set count="140" />
  </mem-info>
</gc-start>
<allocation-stats totalBytes="1623448" >
  <allocated-bytes non-tlh="16" tlh="1623432" />
  <largest-consumer threadName="node-4" threadId="0000000000F5F900" bytes="298344" />
</allocation-stats>
<gc-op id="463" type="scavenge" timems="0.201" contextid="460" timestamp="2019-06-16T01:07:57.811">
  <scavenger-info tenureage="3" tenuremask="7ff8" tiltratio="76" />
  <memory-copied type="nursery" objects="49" bytes="2008" bytesdiscarded="76328" />
</gc-op>
<gc-end id="464" type="scavenge" contextid="460" durationms="0.673" usertimems="4.000" systemtimems="0.000" timestamp="2019-06-16T01:07:57.812" activeThreads="4">
  <mem-info id="465" free="5577096" total="8388608" percent="66">
    <mem type="nursery" free="1756672" total="2228224" percent="78">
      <mem type="allocate" free="1756672" total="1835008" percent="95" />
      <mem type="survivor" free="0" total="393216" percent="0" />
    </mem>
    <mem type="tenure" free="3820424" total="6160384" percent="62" macro-fragmented="0">
      <mem type="soa" free="3513224" total="5853184" percent="60" />
      <mem type="loa" free="307200" total="307200" percent="100" />
    </mem>
    <remembered-set count="123" />
  </mem-info>
</gc-end>
<cycle-end id="466" type="scavenge" contextid="460" timestamp="2019-06-16T01:07:57.812" />
  <attribute name="elasticGC enabled" value="1" />
  <attribute name= "numThreadsSpecified" value="4" />
  <attribute name="heapSize specified" value="8519680" />
  <attribute name="Current GC Util" value="0" />
  <attribute name= "Current Time Running" value="34026" />
  <attribute name ="GC Interval" value="200" />
  <attribute name="ProportionalT" value="-30.000000" />
  <attribute name="ProportionalI" value="-30.000000" />
  <attribute name="ProportionalH" value="-30.000000" />
  <attribute name="Current Error" value="-20.000000" />
  <attribute name="IntegralT" value="-22980.000000" />
  <attribute name="IntegralI" value="-22980.000000" />
  <attribute name="IntegralH" value="-22980.000000" />
  <attribute name="DerivativeT" value="-0.017406" />
  <attribute name="DerivativeI" value="-0.017406" />
  <attribute name="DerivativeH" value="-0.017406" />
  <attribute name="Loop Time for DT" value="1149.000000" />
  <attribute name="Output H" value="2092630016"/>
  <attribute name="Output I" value="200"/>
  <attribute name="Output T" value="4"/>
  <attribute name="Target GC Util Change" value ="20.000000" />
  <attribute name="Current GC Util Change" value="0.000000"/>
  <attribute name="GC Util currently" value="0" />
  <attribute name="CPU Util currently" value="2" />
<allocation-satisfied id="467" threadId="0000000000F63500" bytesRequested="16" />
<af-end id="468" timestamp="2019-06-16T01:07:57.812" threadId="0000000000F63E88" success="true" from="nursery"/>
<exclusive-end id="469" timestamp="2019-06-16T01:07:57.812" durationms="1.441" />

<exclusive-start id="470" timestamp="2019-06-16T01:07:59.115" intervalms="1303.972">
  <response-info timems="0.028" idlems="0.028" threads="0" lastid="0000000000F5F900" lastname="node-4" />
</exclusive-start>
<af-start id="471" threadId="0000000000F60288" totalBytesRequested="16" timestamp="2019-06-16T01:07:59.115" intervalms="1303.969" type="nursery" />
<cycle-start id="472" type="scavenge" contextid="0" timestamp="2019-06-16T01:07:59.115" intervalms="1303.984" />
<gc-start id="473" type="scavenge" contextid="472" timestamp="2019-06-16T01:07:59.115">
  <mem-info id="474" free="3820424" total="8388608" percent="45">
    <mem type="nursery" free="0" total="2228224" percent="0">
      <mem type="allocate" free="0" total="1835008" percent="0" />
      <mem type="survivor" free="0" total="393216" percent="0" />
    </mem>
    <mem type="tenure" free="3820424" total="6160384" percent="62">
      <mem type="soa" free="3513224" total="5853184" percent="60" />
      <mem type="loa" free="307200" total="307200" percent="100" />
    </mem>
    <remembered-set count="140" />
  </mem-info>
</gc-start>
<allocation-stats totalBytes="1755296" >
  <allocated-bytes non-tlh="16" tlh="1755280" />
  <largest-consumer threadName="node-5" threadId="0000000000F5BD00" bytes="310472" />
</allocation-stats>
<gc-op id="475" type="scavenge" timems="0.199" contextid="472" timestamp="2019-06-16T01:07:59.115">
  <scavenger-info tenureage="4" tenuremask="7ff0" tiltratio="82" />
  <memory-copied type="nursery" objects="49" bytes="2816" bytesdiscarded="114688" />
</gc-op>
<gc-end id="476" type="scavenge" contextid="472" durationms="0.621" usertimems="0.000" systemtimems="0.000" timestamp="2019-06-16T01:07:59.116" activeThreads="4">
  <mem-info id="477" free="5603464" total="8388608" percent="66">
    <mem type="nursery" free="1783040" total="2228224" percent="80">
      <mem type="allocate" free="1783040" total="1900544" percent="93" />
      <mem type="survivor" free="0" total="327680" percent="0" />
    </mem>
    <mem type="tenure" free="3820424" total="6160384" percent="62" macro-fragmented="2592282">
      <mem type="soa" free="3513224" total="5853184" percent="60" />
      <mem type="loa" free="307200" total="307200" percent="100" />
    </mem>
    <remembered-set count="117" />
  </mem-info>
</gc-end>
<cycle-end id="478" type="scavenge" contextid="472" timestamp="2019-06-16T01:07:59.116" />
  <attribute name="elasticGC enabled" value="1" />
  <attribute name= "numThreadsSpecified" value="4" />
  <attribute name="heapSize specified" value="8519680" />
  <attribute name="Current GC Util" value="0" />
  <attribute name= "Current Time Running" value="35330" />
  <attribute name ="GC Interval" value="200" />
  <attribute name="ProportionalT" value="-30.000000" />
  <attribute name="ProportionalI" value="-30.000000" />
  <attribute name="ProportionalH" value="-30.000000" />
  <attribute name="Current Error" value="-20.000000" />
  <attribute name="IntegralT" value="-26080.000000" />
  <attribute name="IntegralI" value="-26080.000000" />
  <attribute name="IntegralH" value="-26080.000000" />
  <attribute name="DerivativeT" value="-0.015337" />
  <attribute name="DerivativeI" value="-0.015337" />
  <attribute name="DerivativeH" value="-0.015337" />
  <attribute name="Loop Time for DT" value="1304.000000" />
  <attribute name="Output H" value="2092630016"/>
  <attribute name="Output I" value="200"/>
  <attribute name="Output T" value="4"/>
  <attribute name="Target GC Util Change" value ="20.000000" />
  <attribute name="Current GC Util Change" value="0.000000"/>
  <attribute name="GC Util currently" value="0" />
  <attribute name="CPU Util currently" value="3" />
<allocation-satisfied id="479" threadId="0000000000F5F900" bytesRequested="16" />
<af-end id="480" timestamp="2019-06-16T01:07:59.116" threadId="0000000000F60288" success="true" from="nursery"/>
<exclusive-end id="481" timestamp="2019-06-16T01:07:59.116" durationms="1.133" />

<exclusive-start id="482" timestamp="2019-06-16T01:08:00.332" intervalms="1217.168">
  <response-info timems="0.033" idlems="0.033" threads="0" lastid="0000000000F67000" lastname="node-2" />
</exclusive-start>
<af-start id="483" threadId="0000000000F67988" totalBytesRequested="720" timestamp="2019-06-16T01:08:00.332" intervalms="1217.162" type="nursery" />
<cycle-start id="484" type="scavenge" contextid="0" timestamp="2019-06-16T01:08:00.332" intervalms="1217.133" />
<gc-start id="485" type="scavenge" contextid="484" timestamp="2019-06-16T01:08:00.332">
  <mem-info id="486" free="3820424" total="8388608" percent="45">
    <mem type="nursery" free="0" total="2228224" percent="0">
      <mem type="allocate" free="0" total="1900544" percent="0" />
      <mem type="survivor" free="0" total="327680" percent="0" />
    </mem>
    <mem type="tenure" free="3820424" total="6160384" percent="62">
      <mem type="soa" free="3513224" total="5853184" percent="60" />
      <mem type="loa" free="307200" total="307200" percent="100" />
    </mem>
    <remembered-set count="138" />
  </mem-info>
</gc-start>
<allocation-stats totalBytes="1779584" >
  <allocated-bytes non-tlh="16" tlh="1779568" />
  <largest-consumer threadName="node-4" threadId="0000000000F5F900" bytes="315232" />
</allocation-stats>
<gc-op id="487" type="scavenge" timems="0.181" contextid="484" timestamp="2019-06-16T01:08:00.332">
  <scavenger-info tenureage="5" tenuremask="7fe0" tiltratio="85" />
  <memory-copied type="nursery" objects="55" bytes="3512" bytesdiscarded="113992" />
</gc-op>
<gc-end id="488" type="scavenge" contextid="484" durationms="0.580" usertimems="0.000" systemtimems="0.000" timestamp="2019-06-16T01:08:00.333" activeThreads="4">
  <mem-info id="489" free="5669000" total="8388608" percent="67">
    <mem type="nursery" free="1848576" total="2228224" percent="82">
      <mem type="allocate" free="1848576" total="1966080" percent="94" />
      <mem type="survivor" free="0" total="262144" percent="0" />
    </mem>
    <mem type="tenure" free="3820424" total="6160384" percent="62" macro-fragmented="2592282">
      <mem type="soa" free="3513224" total="5853184" percent="60" />
      <mem type="loa" free="307200" total="307200" percent="100" />
    </mem>
    <remembered-set count="121" />
  </mem-info>
</gc-end>
<cycle-end id="490" type="scavenge" contextid="484" timestamp="2019-06-16T01:08:00.333" />
  <attribute name="elasticGC enabled" value="1" />
  <attribute name= "numThreadsSpecified" value="4" />
  <attribute name="heapSize specified" value="8519680" />
  <attribute name="Current GC Util" value="0" />
  <attribute name= "Current Time Running" value="36547" />
  <attribute name ="GC Interval" value="200" />
  <attribute name="ProportionalT" value="-30.000000" />
  <attribute name="ProportionalI" value="-30.000000" />
  <attribute name="ProportionalH" value="-30.000000" />
  <attribute name="Current Error" value="-20.000000" />
  <attribute name="IntegralT" value="-24340.000000" />
  <attribute name="IntegralI" value="-24340.000000" />
  <attribute name="IntegralH" value="-24340.000000" />
  <attribute name="DerivativeT" value="-0.016434" />
  <attribute name="DerivativeI" value="-0.016434" />
  <attribute name="DerivativeH" value="-0.016434" />
  <attribute name="Loop Time for DT" value="1217.000000" />
  <attribute name="Output H" value="2092630016"/>
  <attribute name="Output I" value="200"/>
  <attribute name="Output T" value="4"/>
  <attribute name="Target GC Util Change" value ="20.000000" />
  <attribute name="Current GC Util Change" value="0.000000"/>
  <attribute name="GC Util currently" value="0" />
  <attribute name="CPU Util currently" value="2" />
<allocation-satisfied id="491" threadId="0000000000F67000" bytesRequested="720" />
<af-end id="492" timestamp="2019-06-16T01:08:00.333" threadId="0000000000F67988" success="true" from="nursery"/>
<exclusive-end id="493" timestamp="2019-06-16T01:08:00.333" durationms="1.018" />

<exclusive-start id="494" timestamp="2019-06-16T01:08:01.656" intervalms="1324.040">
  <response-info timems="0.025" idlems="0.025" threads="0" lastid="0000000000F5F900" lastname="node-4" />
</exclusive-start>
<af-start id="495" threadId="0000000000F60288" totalBytesRequested="32" timestamp="2019-06-16T01:08:01.656" intervalms="1324.349" type="nursery" />
<cycle-start id="496" type="scavenge" contextid="0" timestamp="2019-06-16T01:08:01.656" intervalms="1324.351" />
<gc-start id="497" type="scavenge" contextid="496" timestamp="2019-06-16T01:08:01.656">
  <mem-info id="498" free="3820424" total="8388608" percent="45">
    <mem type="nursery" free="0" total="2228224" percent="0">
      <mem type="allocate" free="0" total="1966080" percent="0" />
      <mem type="survivor" free="0" total="262144" percent="0" />
    </mem>
    <mem type="tenure" free="3820424" total="6160384" percent="62">
      <mem type="soa" free="3513224" total="5853184" percent="60" />
      <mem type="loa" free="307200" total="307200" percent="100" />
    </mem>
    <remembered-set count="138" />
  </mem-info>
</gc-start>
<allocation-stats totalBytes="1847312" >
  <allocated-bytes non-tlh="720" tlh="1846592" />
  <largest-consumer threadName="node-3" threadId="0000000000F58100" bytes="332968" />
</allocation-stats>
<gc-op id="499" type="scavenge" timems="0.155" contextid="496" timestamp="2019-06-16T01:08:01.657">
  <scavenger-info tenureage="6" tenuremask="7fc0" tiltratio="88" />
  <memory-copied type="nursery" objects="44" bytes="1544" bytesdiscarded="76792" />
</gc-op>
<gc-end id="500" type="scavenge" contextid="496" durationms="0.563" usertimems="4.000" systemtimems="0.000" timestamp="2019-06-16T01:08:01.657" activeThreads="4">
  <mem-info id="501" free="5708168" total="8388608" percent="68">
    <mem type="nursery" free="1887744" total="2228224" percent="84">
      <mem type="allocate" free="1887744" total="1966080" percent="96" />
      <mem type="survivor" free="0" total="262144" percent="0" />
    </mem>
    <mem type="tenure" free="3820424" total="6160384" percent="62" macro-fragmented="2592282">
      <mem type="soa" free="3513224" total="5853184" percent="60" />
      <mem type="loa" free="307200" total="307200" percent="100" />
    </mem>
    <remembered-set count="122" />
  </mem-info>
</gc-end>
<cycle-end id="502" type="scavenge" contextid="496" timestamp="2019-06-16T01:08:01.657" />
  <attribute name="elasticGC enabled" value="1" />
  <attribute name= "numThreadsSpecified" value="4" />
  <attribute name="heapSize specified" value="8519680" />
  <attribute name="Current GC Util" value="0" />
  <attribute name= "Current Time Running" value="37871" />
  <attribute name ="GC Interval" value="200" />
  <attribute name="ProportionalT" value="-30.000000" />
  <attribute name="ProportionalI" value="-30.000000" />
  <attribute name="ProportionalH" value="-30.000000" />
  <attribute name="Current Error" value="-20.000000" />
  <attribute name="IntegralT" value="-26480.000000" />
  <attribute name="IntegralI" value="-26480.000000" />
  <attribute name="IntegralH" value="-26480.000000" />
  <attribute name="DerivativeT" value="-0.015106" />
  <attribute name="DerivativeI" value="-0.015106" />
  <attribute name="DerivativeH" value="-0.015106" />
  <attribute name="Loop Time for DT" value="1324.000000" />
  <attribute name="Output H" value="2092630016"/>
  <attribute name="Output I" value="200"/>
  <attribute name="Output T" value="4"/>
  <attribute name="Target GC Util Change" value ="20.000000" />
  <attribute name="Current GC Util Change" value="0.000000"/>
  <attribute name="GC Util currently" value="0" />
  <attribute name="CPU Util currently" value="2" />
<allocation-satisfied id="503" threadId="0000000000F5F900" bytesRequested="32" />
<af-end id="504" timestamp="2019-06-16T01:08:01.657" threadId="0000000000F60288" success="true" from="nursery"/>
<exclusive-end id="505" timestamp="2019-06-16T01:08:01.657" durationms="1.378" />

<exclusive-start id="506" timestamp="2019-06-16T01:08:02.954" intervalms="1298.018">
  <response-info timems="0.024" idlems="0.024" threads="0" lastid="0000000000F5F900" lastname="node-4" />
</exclusive-start>
<af-start id="507" threadId="0000000000F60288" totalBytesRequested="24" timestamp="2019-06-16T01:08:02.954" intervalms="1297.702" type="nursery" />
<cycle-start id="508" type="scavenge" contextid="0" timestamp="2019-06-16T01:08:02.954" intervalms="1297.702" />
<gc-start id="509" type="scavenge" contextid="508" timestamp="2019-06-16T01:08:02.954">
  <mem-info id="510" free="3820424" total="8388608" percent="45">
    <mem type="nursery" free="0" total="2228224" percent="0">
      <mem type="allocate" free="0" total="1966080" percent="0" />
      <mem type="survivor" free="0" total="262144" percent="0" />
    </mem>
    <mem type="tenure" free="3820424" total="6160384" percent="62">
      <mem type="soa" free="3513224" total="5853184" percent="60" />
      <mem type="loa" free="307200" total="307200" percent="100" />
    </mem>
    <remembered-set count="138" />
  </mem-info>
</gc-start>
<allocation-stats totalBytes="1885832" >
  <allocated-bytes non-tlh="32" tlh="1885800" />
  <largest-consumer threadName="node-5" threadId="0000000000F5BD00" bytes="368048" />
</allocation-stats>
<gc-op id="511" type="scavenge" timems="0.332" contextid="508" timestamp="2019-06-16T01:08:02.955">
  <scavenger-info tenureage="7" tenuremask="7f80" tiltratio="88" />
  <memory-copied type="nursery" objects="34" bytes="576" bytesdiscarded="77760" />
</gc-op>
<gc-end id="512" type="scavenge" contextid="508" durationms="0.535" usertimems="4.000" systemtimems="0.000" timestamp="2019-06-16T01:08:02.955" activeThreads="4">
  <mem-info id="513" free="5708168" total="8388608" percent="68">
    <mem type="nursery" free="1887744" total="2228224" percent="84">
      <mem type="allocate" free="1887744" total="1966080" percent="96" />
      <mem type="survivor" free="0" total="262144" percent="0" />
    </mem>
    <mem type="tenure" free="3820424" total="6160384" percent="62" macro-fragmented="2592282">
      <mem type="soa" free="3513224" total="5853184" percent="60" />
      <mem type="loa" free="307200" total="307200" percent="100" />
    </mem>
    <remembered-set count="115" />
  </mem-info>
</gc-end>
<cycle-end id="514" type="scavenge" contextid="508" timestamp="2019-06-16T01:08:02.955" />
  <attribute name="elasticGC enabled" value="1" />
  <attribute name= "numThreadsSpecified" value="4" />
  <attribute name="heapSize specified" value="8519680" />
  <attribute name="Current GC Util" value="0" />
  <attribute name= "Current Time Running" value="39169" />
  <attribute name ="GC Interval" value="200" />
  <attribute name="ProportionalT" value="-30.000000" />
  <attribute name="ProportionalI" value="-30.000000" />
  <attribute name="ProportionalH" value="-30.000000" />
  <attribute name="Current Error" value="-20.000000" />
  <attribute name="IntegralT" value="-25960.000000" />
  <attribute name="IntegralI" value="-25960.000000" />
  <attribute name="IntegralH" value="-25960.000000" />
  <attribute name="DerivativeT" value="-0.015408" />
  <attribute name="DerivativeI" value="-0.015408" />
  <attribute name="DerivativeH" value="-0.015408" />
  <attribute name="Loop Time for DT" value="1298.000000" />
  <attribute name="Output H" value="2092630016"/>
  <attribute name="Output I" value="200"/>
  <attribute name="Output T" value="4"/>
  <attribute name="Target GC Util Change" value ="20.000000" />
  <attribute name="Current GC Util Change" value="0.000000"/>
  <attribute name="GC Util currently" value="0" />
  <attribute name="CPU Util currently" value="1" />
<allocation-satisfied id="515" threadId="0000000000F5F900" bytesRequested="24" />
<af-end id="516" timestamp="2019-06-16T01:08:02.955" threadId="0000000000F60288" success="true" from="nursery"/>
<exclusive-end id="517" timestamp="2019-06-16T01:08:02.955" durationms="1.104" />

<exclusive-start id="518" timestamp="2019-06-16T01:08:04.202" intervalms="1247.922">
  <response-info timems="0.019" idlems="0.019" threads="0" lastid="0000000000F5F900" lastname="node-4" />
</exclusive-start>
<af-start id="519" threadId="0000000000F60288" totalBytesRequested="24" timestamp="2019-06-16T01:08:04.202" intervalms="1247.926" type="nursery" />
<cycle-start id="520" type="scavenge" contextid="0" timestamp="2019-06-16T01:08:04.202" intervalms="1247.938" />
<gc-start id="521" type="scavenge" contextid="520" timestamp="2019-06-16T01:08:04.202">
  <mem-info id="522" free="3820424" total="8388608" percent="45">
    <mem type="nursery" free="0" total="2228224" percent="0">
      <mem type="allocate" free="0" total="1966080" percent="0" />
      <mem type="survivor" free="0" total="262144" percent="0" />
    </mem>
    <mem type="tenure" free="3820424" total="6160384" percent="62">
      <mem type="soa" free="3513224" total="5853184" percent="60" />
      <mem type="loa" free="307200" total="307200" percent="100" />
    </mem>
    <remembered-set count="138" />
  </mem-info>
</gc-start>
<allocation-stats totalBytes="1885480" >
  <allocated-bytes non-tlh="24" tlh="1885456" />
  <largest-consumer threadName="node-0" threadId="0000000000F63500" bytes="343984" />
</allocation-stats>
<gc-op id="523" type="scavenge" timems="0.196" contextid="520" timestamp="2019-06-16T01:08:04.202">
  <scavenger-info tenureage="8" tenuremask="7f00" tiltratio="88" />
  <memory-copied type="nursery" objects="46" bytes="2056" bytesdiscarded="115448" />
</gc-op>
<gc-end id="524" type="scavenge" contextid="520" durationms="0.589" usertimems="0.000" systemtimems="0.000" timestamp="2019-06-16T01:08:04.203" activeThreads="4">
  <mem-info id="525" free="5669000" total="8388608" percent="67">
    <mem type="nursery" free="1848576" total="2228224" percent="82">
      <mem type="allocate" free="1848576" total="1966080" percent="94" />
      <mem type="survivor" free="0" total="262144" percent="0" />
    </mem>
    <mem type="tenure" free="3820424" total="6160384" percent="62" macro-fragmented="3110739">
      <mem type="soa" free="3513224" total="5853184" percent="60" />
      <mem type="loa" free="307200" total="307200" percent="100" />
    </mem>
    <remembered-set count="123" />
  </mem-info>
</gc-end>
<cycle-end id="526" type="scavenge" contextid="520" timestamp="2019-06-16T01:08:04.203" />
  <attribute name="elasticGC enabled" value="1" />
  <attribute name= "numThreadsSpecified" value="4" />
  <attribute name="heapSize specified" value="8519680" />
  <attribute name="Current GC Util" value="0" />
  <attribute name= "Current Time Running" value="40417" />
  <attribute name ="GC Interval" value="200" />
  <attribute name="ProportionalT" value="-30.000000" />
  <attribute name="ProportionalI" value="-30.000000" />
  <attribute name="ProportionalH" value="-30.000000" />
  <attribute name="Current Error" value="-20.000000" />
  <attribute name="IntegralT" value="-24960.000000" />
  <attribute name="IntegralI" value="-24960.000000" />
  <attribute name="IntegralH" value="-24960.000000" />
  <attribute name="DerivativeT" value="-0.016026" />
  <attribute name="DerivativeI" value="-0.016026" />
  <attribute name="DerivativeH" value="-0.016026" />
  <attribute name="Loop Time for DT" value="1248.000000" />
  <attribute name="Output H" value="2092630016"/>
  <attribute name="Output I" value="200"/>
  <attribute name="Output T" value="4"/>
  <attribute name="Target GC Util Change" value ="20.000000" />
  <attribute name="Current GC Util Change" value="0.000000"/>
  <attribute name="GC Util currently" value="0" />
  <attribute name="CPU Util currently" value="2" />
<allocation-satisfied id="527" threadId="0000000000F5F900" bytesRequested="24" />
<af-end id="528" timestamp="2019-06-16T01:08:04.203" threadId="0000000000F60288" success="true" from="nursery"/>
<exclusive-end id="529" timestamp="2019-06-16T01:08:04.203" durationms="1.094" />

</verbosegc>

