<?xml version="1.0" ?>

<verbosegc xmlns="http://www.ibm.com/j9/verbosegc" version="10b4217_CMPRSS">

<initialized id="1" timestamp="2019-06-16T01:08:43.358">
  <attribute name="gcPolicy" value="-Xgcpolicy:gencon" />
  <attribute name="elasticGC enabled" value="1" />
  <attribute name= "numThreadsSpecified" value="0" />
  <attribute name="heapSize specified" value="0" />
  <attribute name="Current GC Util" value="0" />
  <attribute name= "Current Time Running" value="0" />
  <attribute name ="GC Interval" value="0" />
  <attribute name="ProportionalT" value="0.000000" />
  <attribute name="ProportionalI" value="0.000000" />
  <attribute name="ProportionalH" value="0.000000" />
  <attribute name="IntegralT" value="0.000000" />
  <attribute name="IntegralI" value="0.000000" />
  <attribute name="IntegralH" value="0.000000" />
  <attribute name="DerivativeT" value="0.000000" />
  <attribute name="DerivativeI" value="0.000000" />
  <attribute name="DerivativeH" value="0.000000" />
  <attribute name="Target GC Util Change" value ="0.000000" />
  <attribute name="Current GC Util Change" value="0.000000"/>
  <attribute name="Current Error" value="0.000000" />
  <attribute name="Loop Time for DT" value="0.000000" />
  <attribute name="Output H" value="0"/>
  <attribute name="Output I" value="0"/>
  <attribute name="Output T" value="0"/>
  <attribute name="GC Util currently" value="0" />
  <attribute name="CPU Util currently" value="0" />
  <attribute name="maxHeapSize" value="0x7cbc0000" />
  <attribute name="initialHeapSize" value="0x800000" />
  <attribute name="compressedRefs" value="true" />
  <attribute name="compressedRefsDisplacement" value="0x0" />
  <attribute name="compressedRefsShift" value="0x0" />
  <attribute name="pageSize" value="0x1000" />
  <attribute name="pageType" value="not used" />
  <attribute name="requestedPageSize" value="0x1000" />
  <attribute name="requestedPageType" value="not used" />
  <attribute name="gcthreads" value="4" />
  <attribute name="gcthreads Concurrent Mark" value="1" />
  <attribute name="packetListSplit" value="4" />
  <attribute name="cacheListSplit" value="4" />
  <attribute name="splitFreeListSplitAmount" value="1" />
  <attribute name="numaNodes" value="0" />
  <system>
    <attribute name="physicalMemory" value="8370958336" />
    <attribute name="numCPUs" value="4" />
    <attribute name="architecture" value="amd64" />
    <attribute name="os" value="Linux" />
    <attribute name="osVersion" value="4.4.0-150-generic" />
  </system>
  <vmargs>
    <vmarg name="-Xoptionsfile=/vagrant/jdk/lib/options.default" />
    <vmarg name="-Xlockword:mode=default,noLockword=java/lang/String,noLockword=java/util/MapEntry,noLockword=java/util/HashMap$Entry,noLockword..." />
    <vmarg name="-Xjcl:jclse29" />
    <vmarg name="-Dcom.ibm.oti.vm.bootstrap.library.path=/vagrant/jdk/lib/compressedrefs:/vagrant/jdk/lib" />
    <vmarg name="-Dsun.boot.library.path=/vagrant/jdk/lib/compressedrefs:/vagrant/jdk/lib" />
    <vmarg name="-Djava.library.path=/vagrant/jdk/lib/compressedrefs:/vagrant/jdk/lib:/usr/lib64:/usr/lib" />
    <vmarg name="-Djava.home=/vagrant/jdk" />
    <vmarg name="-Duser.dir=/vagrant" />
    <vmarg name="-Xgcpolicy:gencon" />
    <vmarg name="-Xgcelastic" />
    <vmarg name="-Xcheck:gc:::elasticGC" />
    <vmarg name="-verbose:gc" />
    <vmarg name="-Xloggc:jdk1.5-1-1-default-GEN-4CORE-elasticverbose15avrora.txt" />
    <vmarg name="-Djava.class.path=dacapo-9.12-MR1-bach.jar" />
    <vmarg name="-Dsun.java.command=dacapo-9.12-MR1-bach.jar avrora --size=default" />
    <vmarg name="-Dsun.java.launcher=SUN_STANDARD" />
    <vmarg name="-Dsun.java.launcher.pid=16691" />
  </vmargs>
</initialized>

<exclusive-start id="2" timestamp="2019-06-16T01:08:43.534" intervalms="175.451">
  <response-info timems="0.022" idlems="0.022" threads="0" lastid="00000000025B0700" lastname="main" />
</exclusive-start>
<af-start id="3" threadId="00000000025B1088" totalBytesRequested="3080" timestamp="2019-06-16T01:08:43.534" intervalms="175.755" type="nursery" />
<cycle-start id="4" type="scavenge" contextid="0" timestamp="2019-06-16T01:08:43.534" intervalms="176.148" />
<gc-start id="5" type="scavenge" contextid="4" timestamp="2019-06-16T01:08:43.539">
  <mem-info id="6" free="6062624" total="8388608" percent="72">
    <mem type="nursery" free="0" total="2097152" percent="0">
      <mem type="allocate" free="0" total="1048576" percent="0" />
      <mem type="survivor" free="0" total="1048576" percent="0" />
    </mem>
    <mem type="tenure" free="6062624" total="6291456" percent="96">
      <mem type="soa" free="5748256" total="5977088" percent="96" />
      <mem type="loa" free="314368" total="314368" percent="100" />
    </mem>
    <remembered-set count="3161" />
  </mem-info>
</gc-start>
<allocation-stats totalBytes="1271056" >
  <allocated-bytes non-tlh="344784" tlh="926272" />
  <largest-consumer threadName="main" threadId="00000000025B0700" bytes="1197408" />
</allocation-stats>
<gc-op id="7" type="scavenge" timems="1.761" contextid="4" timestamp="2019-06-16T01:08:43.541">
  <scavenger-info tenureage="2" tenuremask="fffc" tiltratio="50" />
  <memory-copied type="nursery" objects="10578" bytes="477568" bytesdiscarded="126808" />
  <finalization candidates="11" enqueued="0" />
  <references type="soft" candidates="62" cleared="0" enqueued="0" dynamicThreshold="32" maxThreshold="32" />
  <references type="weak" candidates="309" cleared="177" enqueued="141" />
  <references type="phantom" candidates="25" cleared="6" enqueued="6" />
</gc-op>
<gc-end id="8" type="scavenge" contextid="4" durationms="5.160" usertimems="4.000" systemtimems="0.000" timestamp="2019-06-16T01:08:43.544" activeThreads="4">
  <mem-info id="9" free="6504728" total="8388608" percent="77">
    <mem type="nursery" free="442104" total="2097152" percent="21">
      <mem type="allocate" free="442104" total="1048576" percent="42" />
      <mem type="survivor" free="0" total="1048576" percent="0" />
    </mem>
    <mem type="tenure" free="6062624" total="6291456" percent="96">
      <mem type="soa" free="5748256" total="5977088" percent="96" />
      <mem type="loa" free="314368" total="314368" percent="100" />
    </mem>
    <pending-finalizers system="0" default="0" reference="147" classloader="0" />
    <remembered-set count="3161" />
  </mem-info>
</gc-end>
<cycle-end id="10" type="scavenge" contextid="4" timestamp="2019-06-16T01:08:43.545" />
  <attribute name="elasticGC enabled" value="1" />
  <attribute name= "numThreadsSpecified" value="0" />
  <attribute name="heapSize specified" value="0" />
  <attribute name="Current GC Util" value="0" />
  <attribute name= "Current Time Running" value="69" />
  <attribute name ="GC Interval" value="1" />
  <attribute name="ProportionalT" value="0.000000" />
  <attribute name="ProportionalI" value="0.000000" />
  <attribute name="ProportionalH" value="0.000000" />
  <attribute name="Current Error" value="0.000000" />
  <attribute name="IntegralT" value="0.000000" />
  <attribute name="IntegralI" value="0.000000" />
  <attribute name="IntegralH" value="0.000000" />
  <attribute name="DerivativeT" value="0.000000" />
  <attribute name="DerivativeI" value="0.000000" />
  <attribute name="DerivativeH" value="0.000000" />
  <attribute name="Loop Time for DT" value="0.000000" />
  <attribute name="Output H" value="0"/>
  <attribute name="Output I" value="0"/>
  <attribute name="Output T" value="0"/>
  <attribute name="Target GC Util Change" value ="20.000000" />
  <attribute name="Current GC Util Change" value="0.000000"/>
  <attribute name="GC Util currently" value="0" />
  <attribute name="CPU Util currently" value="28" />
<allocation-satisfied id="11" threadId="00000000025B0700" bytesRequested="3080" />
<af-end id="12" timestamp="2019-06-16T01:08:43.545" threadId="00000000025B1088" success="true" from="nursery"/>
<exclusive-end id="13" timestamp="2019-06-16T01:08:43.545" durationms="11.210" />

<exclusive-start id="14" timestamp="2019-06-16T01:08:43.615" intervalms="81.586">
  <response-info timems="0.026" idlems="0.026" threads="0" lastid="00000000025B0700" lastname="main" />
</exclusive-start>
<af-start id="15" threadId="00000000025B1088" totalBytesRequested="96" timestamp="2019-06-16T01:08:43.615" intervalms="81.348" type="nursery" />
<cycle-start id="16" type="scavenge" contextid="0" timestamp="2019-06-16T01:08:43.615" intervalms="81.007" />
<gc-start id="17" type="scavenge" contextid="16" timestamp="2019-06-16T01:08:43.619">
  <mem-info id="18" free="6054888" total="8388608" percent="72">
    <mem type="nursery" free="0" total="2097152" percent="0">
      <mem type="allocate" free="0" total="1048576" percent="0" />
      <mem type="survivor" free="0" total="1048576" percent="0" />
    </mem>
    <mem type="tenure" free="6054888" total="6291456" percent="96">
      <mem type="soa" free="5740520" total="5977088" percent="96" />
      <mem type="loa" free="314368" total="314368" percent="100" />
    </mem>
    <remembered-set count="3262" />
  </mem-info>
</gc-start>
<allocation-stats totalBytes="448936" >
  <allocated-bytes non-tlh="10816" tlh="438120" />
  <largest-consumer threadName="main" threadId="00000000025B0700" bytes="436960" />
</allocation-stats>
<gc-op id="19" type="scavenge" timems="0.874" contextid="16" timestamp="2019-06-16T01:08:43.620">
  <scavenger-info tenureage="5" tenuremask="7fe0" tiltratio="50" />
  <memory-copied type="nursery" objects="10958" bytes="486480" bytesdiscarded="58664" />
  <finalization candidates="11" enqueued="0" />
  <references type="soft" candidates="62" cleared="0" enqueued="0" dynamicThreshold="32" maxThreshold="32" />
  <references type="weak" candidates="237" cleared="93" enqueued="90" />
  <references type="phantom" candidates="35" cleared="11" enqueued="11" />
</gc-op>
<gc-end id="20" type="scavenge" contextid="16" durationms="1.029" usertimems="0.000" systemtimems="0.000" timestamp="2019-06-16T01:08:43.620" activeThreads="4">
  <mem-info id="21" free="6556864" total="8388608" percent="78">
    <mem type="nursery" free="501976" total="2097152" percent="23">
      <mem type="allocate" free="501976" total="1048576" percent="47" />
      <mem type="survivor" free="0" total="1048576" percent="0" />
    </mem>
    <mem type="tenure" free="6054888" total="6291456" percent="96">
      <mem type="soa" free="5740520" total="5977088" percent="96" />
      <mem type="loa" free="314368" total="314368" percent="100" />
    </mem>
    <pending-finalizers system="0" default="0" reference="101" classloader="0" />
    <remembered-set count="3262" />
  </mem-info>
</gc-end>
<cycle-end id="22" type="scavenge" contextid="16" timestamp="2019-06-16T01:08:43.620" />
  <attribute name="elasticGC enabled" value="1" />
  <attribute name= "numThreadsSpecified" value="4" />
  <attribute name="heapSize specified" value="0" />
  <attribute name="Current GC Util" value="13" />
  <attribute name= "Current Time Running" value="148" />
  <attribute name ="GC Interval" value="200" />
  <attribute name="ProportionalT" value="-10.500000" />
  <attribute name="ProportionalI" value="-10.500000" />
  <attribute name="ProportionalH" value="-10.500000" />
  <attribute name="Current Error" value="-7.000000" />
  <attribute name="IntegralT" value="-553.000000" />
  <attribute name="IntegralI" value="-553.000000" />
  <attribute name="IntegralH" value="-553.000000" />
  <attribute name="DerivativeT" value="-0.088608" />
  <attribute name="DerivativeI" value="-0.088608" />
  <attribute name="DerivativeH" value="-0.088608" />
  <attribute name="Loop Time for DT" value="79.000000" />
  <attribute name="Output H" value="2092630016"/>
  <attribute name="Output I" value="200"/>
  <attribute name="Output T" value="4"/>
  <attribute name="Target GC Util Change" value ="20.000000" />
  <attribute name="Current GC Util Change" value="13.000000"/>
  <attribute name="GC Util currently" value="13" />
  <attribute name="CPU Util currently" value="15" />
<allocation-satisfied id="23" threadId="00000000025B0700" bytesRequested="96" />
<af-end id="24" timestamp="2019-06-16T01:08:43.620" threadId="00000000025B1088" success="true" from="nursery"/>
<exclusive-end id="25" timestamp="2019-06-16T01:08:43.620" durationms="5.199" />

<exclusive-start id="26" timestamp="2019-06-16T01:08:44.023" intervalms="408.031">
  <response-info timems="0.021" idlems="0.021" threads="0" lastid="00000000025B0700" lastname="main" />
</exclusive-start>
<af-start id="27" threadId="00000000025B1088" totalBytesRequested="152" timestamp="2019-06-16T01:08:44.023" intervalms="408.042" type="nursery" />
<cycle-start id="28" type="scavenge" contextid="0" timestamp="2019-06-16T01:08:44.023" intervalms="408.045" />
<gc-start id="29" type="scavenge" contextid="28" timestamp="2019-06-16T01:08:44.023">
  <mem-info id="30" free="6054888" total="8388608" percent="72">
    <mem type="nursery" free="0" total="2097152" percent="0">
      <mem type="allocate" free="0" total="1048576" percent="0" />
      <mem type="survivor" free="0" total="1048576" percent="0" />
    </mem>
    <mem type="tenure" free="6054888" total="6291456" percent="96">
      <mem type="soa" free="5740520" total="5977088" percent="96" />
      <mem type="loa" free="314368" total="314368" percent="100" />
    </mem>
    <remembered-set count="3262" />
  </mem-info>
</gc-start>
<allocation-stats totalBytes="501592" >
  <allocated-bytes non-tlh="96" tlh="501496" />
  <largest-consumer threadName="main" threadId="00000000025B0700" bytes="493400" />
</allocation-stats>
<gc-op id="31" type="scavenge" timems="0.990" contextid="28" timestamp="2019-06-16T01:08:44.024">
  <scavenger-info tenureage="4" tenuremask="7ff0" tiltratio="50" />
  <memory-copied type="nursery" objects="10890" bytes="485208" bytesdiscarded="76688" />
  <finalization candidates="11" enqueued="0" />
  <references type="soft" candidates="62" cleared="0" enqueued="0" dynamicThreshold="32" maxThreshold="32" />
  <references type="weak" candidates="144" cleared="0" enqueued="0" />
  <references type="phantom" candidates="24" cleared="0" enqueued="0" />
</gc-op>
<gc-end id="32" type="scavenge" contextid="28" durationms="1.149" usertimems="0.000" systemtimems="0.000" timestamp="2019-06-16T01:08:44.024" activeThreads="4">
  <mem-info id="33" free="6540120" total="8388608" percent="77">
    <mem type="nursery" free="485232" total="2097152" percent="23">
      <mem type="allocate" free="485232" total="1048576" percent="46" />
      <mem type="survivor" free="0" total="1048576" percent="0" />
    </mem>
    <mem type="tenure" free="6054888" total="6291456" percent="96">
      <mem type="soa" free="5740520" total="5977088" percent="96" />
      <mem type="loa" free="314368" total="314368" percent="100" />
    </mem>
    <remembered-set count="992" />
  </mem-info>
</gc-end>
<cycle-end id="34" type="scavenge" contextid="28" timestamp="2019-06-16T01:08:44.025" />
  <attribute name="elasticGC enabled" value="1" />
  <attribute name= "numThreadsSpecified" value="4" />
  <attribute name="heapSize specified" value="0" />
  <attribute name="Current GC Util" value="1" />
  <attribute name= "Current Time Running" value="553" />
  <attribute name ="GC Interval" value="200" />
  <attribute name="ProportionalT" value="-28.500000" />
  <attribute name="ProportionalI" value="-28.500000" />
  <attribute name="ProportionalH" value="-28.500000" />
  <attribute name="Current Error" value="-19.000000" />
  <attribute name="IntegralT" value="-8248.000000" />
  <attribute name="IntegralI" value="-8248.000000" />
  <attribute name="IntegralH" value="-8248.000000" />
  <attribute name="DerivativeT" value="-0.046914" />
  <attribute name="DerivativeI" value="-0.046914" />
  <attribute name="DerivativeH" value="-0.046914" />
  <attribute name="Loop Time for DT" value="405.000000" />
  <attribute name="Output H" value="2092630016"/>
  <attribute name="Output I" value="200"/>
  <attribute name="Output T" value="4"/>
  <attribute name="Target GC Util Change" value ="20.000000" />
  <attribute name="Current GC Util Change" value="1.000000"/>
  <attribute name="GC Util currently" value="1" />
  <attribute name="CPU Util currently" value="1" />
<allocation-satisfied id="35" threadId="00000000025B0700" bytesRequested="152" />
<af-end id="36" timestamp="2019-06-16T01:08:44.025" threadId="00000000025B1088" success="true" from="nursery"/>
<exclusive-end id="37" timestamp="2019-06-16T01:08:44.025" durationms="1.678" />

<exclusive-start id="38" timestamp="2019-06-16T01:08:44.064" intervalms="41.159">
  <response-info timems="0.054" idlems="0.054" threads="0" lastid="00000000025B0700" lastname="main" />
</exclusive-start>
<af-start id="39" threadId="00000000025B1088" totalBytesRequested="20232" timestamp="2019-06-16T01:08:44.064" intervalms="41.186" type="nursery" />
<cycle-start id="40" type="scavenge" contextid="0" timestamp="2019-06-16T01:08:44.064" intervalms="41.216" />
<gc-start id="41" type="scavenge" contextid="40" timestamp="2019-06-16T01:08:44.065">
  <mem-info id="42" free="6052200" total="8388608" percent="72">
    <mem type="nursery" free="0" total="2097152" percent="0">
      <mem type="allocate" free="0" total="1048576" percent="0" />
      <mem type="survivor" free="0" total="1048576" percent="0" />
    </mem>
    <mem type="tenure" free="6052200" total="6291456" percent="96">
      <mem type="soa" free="5737832" total="5977088" percent="95" />
      <mem type="loa" free="314368" total="314368" percent="100" />
    </mem>
    <remembered-set count="1025" />
  </mem-info>
</gc-start>
<allocation-stats totalBytes="442696" >
  <allocated-bytes non-tlh="2840" tlh="439856" />
  <largest-consumer threadName="main" threadId="00000000025B0700" bytes="442696" />
</allocation-stats>
<gc-op id="43" type="scavenge" timems="1.096" contextid="40" timestamp="2019-06-16T01:08:44.066">
  <scavenger-info tenureage="3" tenuremask="fff8" tiltratio="50" />
  <memory-copied type="nursery" objects="637" bytes="79864" bytesdiscarded="86904" />
  <memory-copied type="tenure" objects="10291" bytes="460072" bytesdiscarded="16" />
  <finalization candidates="11" enqueued="0" />
  <references type="weak" candidates="95" cleared="78" enqueued="78" />
  <references type="phantom" candidates="18" cleared="10" enqueued="10" />
</gc-op>
<gc-end id="44" type="scavenge" contextid="40" durationms="1.284" usertimems="4.000" systemtimems="0.000" timestamp="2019-06-16T01:08:44.066" activeThreads="4">
  <mem-info id="45" free="6315088" total="8388608" percent="75">
    <mem type="nursery" free="881792" total="2097152" percent="42">
      <mem type="allocate" free="881792" total="1048576" percent="84" />
      <mem type="survivor" free="0" total="1048576" percent="0" />
    </mem>
    <mem type="tenure" free="5433296" total="6291456" percent="86">
      <mem type="soa" free="5118928" total="5977088" percent="85" />
      <mem type="loa" free="314368" total="314368" percent="100" />
    </mem>
    <pending-finalizers system="0" default="0" reference="88" classloader="0" />
    <remembered-set count="140" />
  </mem-info>
</gc-end>
<cycle-end id="46" type="scavenge" contextid="40" timestamp="2019-06-16T01:08:44.066" />
  <attribute name="elasticGC enabled" value="1" />
  <attribute name= "numThreadsSpecified" value="4" />
  <attribute name="heapSize specified" value="0" />
  <attribute name="Current GC Util" value="4" />
  <attribute name= "Current Time Running" value="594" />
  <attribute name ="GC Interval" value="200" />
  <attribute name="ProportionalT" value="-24.000000" />
  <attribute name="ProportionalI" value="-24.000000" />
  <attribute name="ProportionalH" value="-24.000000" />
  <attribute name="Current Error" value="-16.000000" />
  <attribute name="IntegralT" value="-8904.000000" />
  <attribute name="IntegralI" value="-8904.000000" />
  <attribute name="IntegralH" value="-8904.000000" />
  <attribute name="DerivativeT" value="-0.390244" />
  <attribute name="DerivativeI" value="-0.390244" />
  <attribute name="DerivativeH" value="-0.390244" />
  <attribute name="Loop Time for DT" value="41.000000" />
  <attribute name="Output H" value="2092630016"/>
  <attribute name="Output I" value="200"/>
  <attribute name="Output T" value="4"/>
  <attribute name="Target GC Util Change" value ="20.000000" />
  <attribute name="Current GC Util Change" value="4.000000"/>
  <attribute name="GC Util currently" value="4" />
  <attribute name="CPU Util currently" value="111746939682" />
<allocation-satisfied id="47" threadId="00000000025B0700" bytesRequested="20232" />
<af-end id="48" timestamp="2019-06-16T01:08:44.066" threadId="00000000025B1088" success="true" from="nursery"/>
<exclusive-end id="49" timestamp="2019-06-16T01:08:44.066" durationms="1.744" />

<exclusive-start id="50" timestamp="2019-06-16T01:08:45.810" intervalms="1745.358">
  <response-info timems="0.202" idlems="0.202" threads="0" lastid="00000000025B0700" lastname="main" />
</exclusive-start>
<af-start id="51" threadId="00000000025B1088" totalBytesRequested="2056" timestamp="2019-06-16T01:08:45.810" intervalms="1745.759" type="nursery" />
<cycle-start id="52" type="scavenge" contextid="0" timestamp="2019-06-16T01:08:45.811" intervalms="1746.145" />
<gc-start id="53" type="scavenge" contextid="52" timestamp="2019-06-16T01:08:45.811">
  <mem-info id="54" free="5428712" total="8388608" percent="64">
    <mem type="nursery" free="0" total="2097152" percent="0">
      <mem type="allocate" free="0" total="1048576" percent="0" />
      <mem type="survivor" free="0" total="1048576" percent="0" />
    </mem>
    <mem type="tenure" free="5428712" total="6291456" percent="86">
      <mem type="soa" free="5114344" total="5977088" percent="85" />
      <mem type="loa" free="314368" total="314368" percent="100" />
    </mem>
    <remembered-set count="223" />
  </mem-info>
</gc-start>
<allocation-stats totalBytes="882648" >
  <allocated-bytes non-tlh="24816" tlh="857832" />
  <largest-consumer threadName="main" threadId="00000000025B0700" bytes="882648" />
</allocation-stats>
<gc-op id="55" type="scavenge" timems="2.939" contextid="52" timestamp="2019-06-16T01:08:45.815">
  <scavenger-info tenureage="4" tenuremask="fff0" tiltratio="50" />
  <memory-copied type="nursery" objects="741" bytes="110544" bytesdiscarded="95224" />
  <finalization candidates="3" enqueued="1" />
  <references type="soft" candidates="1" cleared="0" enqueued="0" dynamicThreshold="32" maxThreshold="32" />
  <references type="weak" candidates="64" cleared="48" enqueued="48" />
  <references type="phantom" candidates="21" cleared="10" enqueued="10" />
</gc-op>
<gc-end id="56" type="scavenge" contextid="52" durationms="4.219" usertimems="4.000" systemtimems="0.000" timestamp="2019-06-16T01:08:45.815" activeThreads="4">
  <mem-info id="57" free="6271432" total="8388608" percent="74">
    <mem type="nursery" free="842720" total="2097152" percent="40">
      <mem type="allocate" free="842720" total="1048576" percent="80" />
      <mem type="survivor" free="0" total="1048576" percent="0" />
    </mem>
    <mem type="tenure" free="5428712" total="6291456" percent="86">
      <mem type="soa" free="5114344" total="5977088" percent="85" />
      <mem type="loa" free="314368" total="314368" percent="100" />
    </mem>
    <pending-finalizers system="1" default="0" reference="58" classloader="0" />
    <remembered-set count="222" />
  </mem-info>
</gc-end>
<cycle-end id="58" type="scavenge" contextid="52" timestamp="2019-06-16T01:08:45.816" />
  <attribute name="elasticGC enabled" value="1" />
  <attribute name= "numThreadsSpecified" value="4" />
  <attribute name="heapSize specified" value="0" />
  <attribute name="Current GC Util" value="0" />
  <attribute name= "Current Time Running" value="2341" />
  <attribute name ="GC Interval" value="200" />
  <attribute name="ProportionalT" value="-30.000000" />
  <attribute name="ProportionalI" value="-30.000000" />
  <attribute name="ProportionalH" value="-30.000000" />
  <attribute name="Current Error" value="-20.000000" />
  <attribute name="IntegralT" value="-43844.000000" />
  <attribute name="IntegralI" value="-43844.000000" />
  <attribute name="IntegralH" value="-43844.000000" />
  <attribute name="DerivativeT" value="-0.011448" />
  <attribute name="DerivativeI" value="-0.011448" />
  <attribute name="DerivativeH" value="-0.011448" />
  <attribute name="Loop Time for DT" value="1747.000000" />
  <attribute name="Output H" value="2092630016"/>
  <attribute name="Output I" value="200"/>
  <attribute name="Output T" value="4"/>
  <attribute name="Target GC Util Change" value ="20.000000" />
  <attribute name="Current GC Util Change" value="0.000000"/>
  <attribute name="GC Util currently" value="0" />
  <attribute name="CPU Util currently" value="3" />
<allocation-satisfied id="59" threadId="00000000025B0700" bytesRequested="2056" />
<af-end id="60" timestamp="2019-06-16T01:08:45.817" threadId="00000000025B1088" success="true" from="nursery"/>
<exclusive-end id="61" timestamp="2019-06-16T01:08:45.817" durationms="7.276" />

<exclusive-start id="62" timestamp="2019-06-16T01:08:48.478" intervalms="2667.920">
  <response-info timems="0.201" idlems="0.201" threads="0" lastid="00000000025B0700" lastname="main" />
</exclusive-start>
<af-start id="63" threadId="00000000025B1088" totalBytesRequested="2056" timestamp="2019-06-16T01:08:48.478" intervalms="2667.975" type="nursery" />
<cycle-start id="64" type="scavenge" contextid="0" timestamp="2019-06-16T01:08:48.479" intervalms="2668.044" />
<gc-start id="65" type="scavenge" contextid="64" timestamp="2019-06-16T01:08:48.479">
  <mem-info id="66" free="5428712" total="8388608" percent="64">
    <mem type="nursery" free="0" total="2097152" percent="0">
      <mem type="allocate" free="0" total="1048576" percent="0" />
      <mem type="survivor" free="0" total="1048576" percent="0" />
    </mem>
    <mem type="tenure" free="5428712" total="6291456" percent="86">
      <mem type="soa" free="5114344" total="5977088" percent="85" />
      <mem type="loa" free="314368" total="314368" percent="100" />
    </mem>
    <remembered-set count="222" />
  </mem-info>
</gc-start>
<allocation-stats totalBytes="830992" >
  <allocated-bytes non-tlh="2056" tlh="828936" />
  <largest-consumer threadName="main" threadId="00000000025B0700" bytes="830992" />
</allocation-stats>
<gc-op id="67" type="scavenge" timems="1.488" contextid="64" timestamp="2019-06-16T01:08:48.481">
  <scavenger-info tenureage="3" tenuremask="fff8" tiltratio="50" />
  <memory-copied type="nursery" objects="300" bytes="81640" bytesdiscarded="52176" />
  <memory-copied type="tenure" objects="302" bytes="16080" bytesdiscarded="0" />
  <finalization candidates="2" enqueued="0" />
  <references type="soft" candidates="1" cleared="0" enqueued="0" dynamicThreshold="32" maxThreshold="32" />
  <references type="weak" candidates="2" cleared="0" enqueued="0" />
  <references type="phantom" candidates="5" cleared="0" enqueued="0" />
</gc-op>
<gc-end id="68" type="scavenge" contextid="64" durationms="3.004" usertimems="0.000" systemtimems="4.000" timestamp="2019-06-16T01:08:48.482" activeThreads="4">
  <mem-info id="69" free="6435296" total="8388608" percent="76">
    <mem type="nursery" free="1045752" total="2097152" percent="49">
      <mem type="allocate" free="1045752" total="1179648" percent="88" />
      <mem type="survivor" free="0" total="917504" percent="0" />
    </mem>
    <mem type="tenure" free="5389544" total="6291456" percent="85">
      <mem type="soa" free="5075176" total="5977088" percent="84" />
      <mem type="loa" free="314368" total="314368" percent="100" />
    </mem>
    <remembered-set count="157" />
  </mem-info>
</gc-end>
<cycle-end id="70" type="scavenge" contextid="64" timestamp="2019-06-16T01:08:48.483" />
  <attribute name="elasticGC enabled" value="1" />
  <attribute name= "numThreadsSpecified" value="4" />
  <attribute name="heapSize specified" value="0" />
  <attribute name="Current GC Util" value="0" />
  <attribute name= "Current Time Running" value="5009" />
  <attribute name ="GC Interval" value="200" />
  <attribute name="ProportionalT" value="-30.000000" />
  <attribute name="ProportionalI" value="-30.000000" />
  <attribute name="ProportionalH" value="-30.000000" />
  <attribute name="Current Error" value="-20.000000" />
  <attribute name="IntegralT" value="-97204.000000" />
  <attribute name="IntegralI" value="-97204.000000" />
  <attribute name="IntegralH" value="-97204.000000" />
  <attribute name="DerivativeT" value="-0.007496" />
  <attribute name="DerivativeI" value="-0.007496" />
  <attribute name="DerivativeH" value="-0.007496" />
  <attribute name="Loop Time for DT" value="2668.000000" />
  <attribute name="Output H" value="2092630016"/>
  <attribute name="Output I" value="200"/>
  <attribute name="Output T" value="4"/>
  <attribute name="Target GC Util Change" value ="20.000000" />
  <attribute name="Current GC Util Change" value="0.000000"/>
  <attribute name="GC Util currently" value="0" />
  <attribute name="CPU Util currently" value="3" />
<allocation-satisfied id="71" threadId="00000000025B0700" bytesRequested="2056" />
<af-end id="72" timestamp="2019-06-16T01:08:48.483" threadId="00000000025B1088" success="true" from="nursery"/>
<exclusive-end id="73" timestamp="2019-06-16T01:08:48.484" durationms="5.971" />

<exclusive-start id="74" timestamp="2019-06-16T01:08:52.117" intervalms="3639.890">
  <response-info timems="0.182" idlems="0.182" threads="0" lastid="00000000025B0700" lastname="main" />
</exclusive-start>
<af-start id="75" threadId="00000000025B1088" totalBytesRequested="2056" timestamp="2019-06-16T01:08:52.118" intervalms="3639.899" type="nursery" />
<cycle-start id="76" type="scavenge" contextid="0" timestamp="2019-06-16T01:08:52.119" intervalms="3639.988" />
<gc-start id="77" type="scavenge" contextid="76" timestamp="2019-06-16T01:08:52.119">
  <mem-info id="78" free="5389544" total="8388608" percent="64">
    <mem type="nursery" free="0" total="2097152" percent="0">
      <mem type="allocate" free="0" total="1179648" percent="0" />
      <mem type="survivor" free="0" total="917504" percent="0" />
    </mem>
    <mem type="tenure" free="5389544" total="6291456" percent="85">
      <mem type="soa" free="5075176" total="5977088" percent="84" />
      <mem type="loa" free="314368" total="314368" percent="100" />
    </mem>
    <remembered-set count="157" />
  </mem-info>
</gc-start>
<allocation-stats totalBytes="1037040" >
  <allocated-bytes non-tlh="2056" tlh="1034984" />
  <largest-consumer threadName="main" threadId="00000000025B0700" bytes="1037040" />
</allocation-stats>
<gc-op id="79" type="scavenge" timems="8.857" contextid="76" timestamp="2019-06-16T01:08:52.129">
  <scavenger-info tenureage="5" tenuremask="ffe0" tiltratio="56" />
  <memory-copied type="nursery" objects="299" bytes="79600" bytesdiscarded="480" />
  <finalization candidates="2" enqueued="0" />
  <references type="soft" candidates="1" cleared="0" enqueued="0" dynamicThreshold="32" maxThreshold="32" />
  <references type="weak" candidates="2" cleared="0" enqueued="0" />
  <references type="phantom" candidates="5" cleared="0" enqueued="0" />
</gc-op>
<gc-end id="80" type="scavenge" contextid="76" durationms="10.450" usertimems="0.000" systemtimems="8.000" timestamp="2019-06-16T01:08:52.130" activeThreads="4">
  <mem-info id="81" free="6620104" total="8388608" percent="78">
    <mem type="nursery" free="1230560" total="2097152" percent="58">
      <mem type="allocate" free="1230560" total="1310720" percent="93" />
      <mem type="survivor" free="0" total="786432" percent="0" />
    </mem>
    <mem type="tenure" free="5389544" total="6291456" percent="85" macro-fragmented="4479464">
      <mem type="soa" free="5075176" total="5977088" percent="84" />
      <mem type="loa" free="314368" total="314368" percent="100" />
    </mem>
    <remembered-set count="86" />
  </mem-info>
</gc-end>
<cycle-end id="82" type="scavenge" contextid="76" timestamp="2019-06-16T01:08:52.130" />
  <attribute name="elasticGC enabled" value="1" />
  <attribute name= "numThreadsSpecified" value="4" />
  <attribute name="heapSize specified" value="0" />
  <attribute name="Current GC Util" value="0" />
  <attribute name= "Current Time Running" value="8649" />
  <attribute name ="GC Interval" value="200" />
  <attribute name="ProportionalT" value="-30.000000" />
  <attribute name="ProportionalI" value="-30.000000" />
  <attribute name="ProportionalH" value="-30.000000" />
  <attribute name="Current Error" value="-20.000000" />
  <attribute name="IntegralT" value="-72800.000000" />
  <attribute name="IntegralI" value="-72800.000000" />
  <attribute name="IntegralH" value="-72800.000000" />
  <attribute name="DerivativeT" value="-0.005495" />
  <attribute name="DerivativeI" value="-0.005495" />
  <attribute name="DerivativeH" value="-0.005495" />
  <attribute name="Loop Time for DT" value="3640.000000" />
  <attribute name="Output H" value="2092630016"/>
  <attribute name="Output I" value="200"/>
  <attribute name="Output T" value="4"/>
  <attribute name="Target GC Util Change" value ="20.000000" />
  <attribute name="Current GC Util Change" value="0.000000"/>
  <attribute name="GC Util currently" value="0" />
  <attribute name="CPU Util currently" value="1" />
<allocation-satisfied id="83" threadId="00000000025B0700" bytesRequested="2056" />
<af-end id="84" timestamp="2019-06-16T01:08:52.130" threadId="00000000025B1088" success="true" from="nursery"/>
<exclusive-end id="85" timestamp="2019-06-16T01:08:52.130" durationms="12.852" />

<exclusive-start id="86" timestamp="2019-06-16T01:08:55.166" intervalms="3048.732">
  <response-info timems="0.070" idlems="0.070" threads="0" lastid="00000000025B0700" lastname="main" />
</exclusive-start>
<sys-start reason="explicit" id="87" timestamp="2019-06-16T01:08:55.166" intervalms="11808.362" />
<cycle-start id="88" type="global" contextid="0" timestamp="2019-06-16T01:08:55.167" intervalms="11809.095" />
<gc-start id="89" type="global" contextid="88" timestamp="2019-06-16T01:08:55.167">
  <mem-info id="90" free="5382544" total="8388608" percent="64">
    <mem type="nursery" free="0" total="2097152" percent="0">
      <mem type="allocate" free="0" total="1310720" percent="0" />
      <mem type="survivor" free="0" total="786432" percent="0" />
    </mem>
    <mem type="tenure" free="5382544" total="6291456" percent="85">
      <mem type="soa" free="5068176" total="5977088" percent="84" />
      <mem type="loa" free="314368" total="314368" percent="100" />
    </mem>
    <remembered-set count="164" />
  </mem-info>
</gc-start>
<allocation-stats totalBytes="1236176" >
  <allocated-bytes non-tlh="174240" tlh="1061936" />
  <largest-consumer threadName="main" threadId="00000000025B0700" bytes="1236176" />
</allocation-stats>
<gc-op id="91" type="mark" timems="15.002" contextid="88" timestamp="2019-06-16T01:08:55.183">
  <trace-info objectcount="16928" scancount="13951" scanbytes="446088" />
  <finalization candidates="13" enqueued="0" />
  <references type="soft" candidates="66" cleared="0" enqueued="0" dynamicThreshold="32" maxThreshold="32" />
  <references type="weak" candidates="172" cleared="43" enqueued="35" />
  <references type="phantom" candidates="34" cleared="4" enqueued="4" />
  <stringconstants candidates="2456" cleared="0"  />
</gc-op>
<gc-op id="92" type="classunload" timems="0.181" contextid="88" timestamp="2019-06-16T01:08:55.183">
  <classunload-info classloadercandidates="6" classloadersunloaded="0" classesunloaded="0" anonymousclassesunloaded="0" quiescems="0.000" setupms="0.181" scanms="0.000" postms="0.000" />
</gc-op>
<gc-op id="93" type="sweep" timems="2.441" contextid="88" timestamp="2019-06-16T01:08:55.186" />
<mem-info id="94" free="6601056" total="8388608" percent="78">
  <mem type="nursery" free="1038056" total="2097152" percent="49">
    <mem type="allocate" free="1038056" total="1310720" percent="79" />
    <mem type="survivor" free="0" total="786432" percent="0" />
  </mem>
  <mem type="tenure" free="5563000" total="6291456" percent="88" micro-fragmented="0" macro-fragmented="4479464">
    <mem type="soa" free="5248632" total="5977088" percent="87" />
    <mem type="loa" free="314368" total="314368" percent="100" />
  </mem>
  <pending-finalizers system="0" default="0" reference="39" classloader="0" />
  <remembered-set count="163" />
</mem-info>
<gc-op id="95" type="compact" timems="7.544" contextid="88" timestamp="2019-06-16T01:08:55.194">
  <compact-info movecount="12505" movebytes="800856" reason="compact to aid heap contraction" />
</gc-op>
<gc-end id="96" type="global" contextid="88" durationms="27.486" usertimems="16.000" systemtimems="8.000" timestamp="2019-06-16T01:08:55.195" activeThreads="4">
  <mem-info id="97" free="6617512" total="8388608" percent="78">
    <mem type="nursery" free="1052488" total="2097152" percent="50">
      <mem type="allocate" free="1052488" total="1310720" percent="80" />
      <mem type="survivor" free="0" total="786432" percent="0" />
    </mem>
    <mem type="tenure" free="5565024" total="6291456" percent="88">
      <mem type="soa" free="5250656" total="5977088" percent="87" />
      <mem type="loa" free="314368" total="314368" percent="100" />
    </mem>
    <pending-finalizers system="0" default="0" reference="39" classloader="0" />
    <remembered-set count="163" />
  </mem-info>
</gc-end>
<cycle-end id="98" type="global" contextid="88" timestamp="2019-06-16T01:08:55.195" />
  <attribute name="elasticGC enabled" value="1" />
  <attribute name= "numThreadsSpecified" value="4" />
  <attribute name="heapSize specified" value="8388608" />
  <attribute name="Current GC Util" value="90" />
  <attribute name= "Current Time Running" value="11723" />
  <attribute name ="GC Interval" value="200" />
  <attribute name="ProportionalT" value="105.000000" />
  <attribute name="ProportionalI" value="105.000000" />
  <attribute name="ProportionalH" value="105.000000" />
  <attribute name="Current Error" value="70.000000" />
  <attribute name="IntegralT" value="560.000000" />
  <attribute name="IntegralI" value="560.000000" />
  <attribute name="IntegralH" value="560.000000" />
  <attribute name="DerivativeT" value="4.375000" />
  <attribute name="DerivativeI" value="4.375000" />
  <attribute name="DerivativeH" value="4.375000" />
  <attribute name="Loop Time for DT" value="8.000000" />
  <attribute name="Output H" value="8388608"/>
  <attribute name="Output I" value="672"/>
  <attribute name="Output T" value="4"/>
  <attribute name="Target GC Util Change" value ="20.000000" />
  <attribute name="Current GC Util Change" value="90.000000"/>
  <attribute name="GC Util currently" value="90" />
  <attribute name="CPU Util currently" value="598454555487" />
<sys-end id="99" timestamp="2019-06-16T01:08:55.195" />
<exclusive-end id="100" timestamp="2019-06-16T01:08:55.195" durationms="29.109" />

<exclusive-start id="101" timestamp="2019-06-16T01:08:55.333" intervalms="166.794">
  <response-info timems="0.070" idlems="0.070" threads="0" lastid="00000000025B0700" lastname="main" />
</exclusive-start>
<af-start id="102" threadId="00000000025B1088" totalBytesRequested="64" timestamp="2019-06-16T01:08:55.333" intervalms="3215.127" type="nursery" />
<cycle-start id="103" type="scavenge" contextid="0" timestamp="2019-06-16T01:08:55.333" intervalms="3214.657" />
<gc-start id="104" type="scavenge" contextid="103" timestamp="2019-06-16T01:08:55.333">
  <mem-info id="105" free="5502304" total="8388608" percent="65">
    <mem type="nursery" free="0" total="2097152" percent="0">
      <mem type="allocate" free="0" total="1310720" percent="0" />
      <mem type="survivor" free="0" total="786432" percent="0" />
    </mem>
    <mem type="tenure" free="5502304" total="6291456" percent="87">
      <mem type="soa" free="5187936" total="5977088" percent="86" />
      <mem type="loa" free="314368" total="314368" percent="100" />
    </mem>
    <remembered-set count="569" />
  </mem-info>
</gc-start>
<allocation-stats totalBytes="1113224" >
  <allocated-bytes non-tlh="62720" tlh="1050504" />
  <largest-consumer threadName="main" threadId="00000000025B0700" bytes="1109128" />
</allocation-stats>
<gc-op id="106" type="scavenge" timems="4.746" contextid="103" timestamp="2019-06-16T01:08:55.338">
  <scavenger-info tenureage="3" tenuremask="fff8" tiltratio="62" />
  <memory-copied type="nursery" objects="2268" bytes="289880" bytesdiscarded="46216" />
  <memory-copied type="tenure" objects="231" bytes="57800" bytesdiscarded="0" />
  <finalization candidates="2" enqueued="0" />
  <references type="soft" candidates="3" cleared="0" enqueued="0" dynamicThreshold="28" maxThreshold="32" />
  <references type="weak" candidates="32" cleared="31" enqueued="31" />
  <references type="phantom" candidates="6" cleared="0" enqueued="0" />
</gc-op>
<gc-end id="107" type="scavenge" contextid="103" durationms="5.202" usertimems="4.000" systemtimems="4.000" timestamp="2019-06-16T01:08:55.339" activeThreads="4">
  <mem-info id="108" free="6447656" total="8388608" percent="76">
    <mem type="nursery" free="1040088" total="2097152" percent="49">
      <mem type="allocate" free="1040088" total="1376256" percent="75" />
      <mem type="survivor" free="0" total="720896" percent="0" />
    </mem>
    <mem type="tenure" free="5407568" total="6291456" percent="85" macro-fragmented="2160235">
      <mem type="soa" free="5093200" total="5977088" percent="85" />
      <mem type="loa" free="314368" total="314368" percent="100" />
    </mem>
    <pending-finalizers system="0" default="0" reference="31" classloader="0" />
    <remembered-set count="549" />
  </mem-info>
</gc-end>
<cycle-end id="109" type="scavenge" contextid="103" timestamp="2019-06-16T01:08:55.339" />
  <attribute name="elasticGC enabled" value="1" />
  <attribute name= "numThreadsSpecified" value="4" />
  <attribute name="heapSize specified" value="8388608" />
  <attribute name="Current GC Util" value="1" />
  <attribute name= "Current Time Running" value="11863" />
  <attribute name ="GC Interval" value="200" />
  <attribute name="ProportionalT" value="-28.500000" />
  <attribute name="ProportionalI" value="-28.500000" />
  <attribute name="ProportionalH" value="-28.500000" />
  <attribute name="Current Error" value="-19.000000" />
  <attribute name="IntegralT" value="-2660.000000" />
  <attribute name="IntegralI" value="-2660.000000" />
  <attribute name="IntegralH" value="-2660.000000" />
  <attribute name="DerivativeT" value="-0.635714" />
  <attribute name="DerivativeI" value="-0.635714" />
  <attribute name="DerivativeH" value="-0.635714" />
  <attribute name="Loop Time for DT" value="140.000000" />
  <attribute name="Output H" value="2092630016"/>
  <attribute name="Output I" value="200"/>
  <attribute name="Output T" value="4"/>
  <attribute name="Target GC Util Change" value ="20.000000" />
  <attribute name="Current GC Util Change" value="1.000000"/>
  <attribute name="GC Util currently" value="1" />
  <attribute name="CPU Util currently" value="3" />
<allocation-satisfied id="110" threadId="00000000025B0700" bytesRequested="64" />
<af-end id="111" timestamp="2019-06-16T01:08:55.339" threadId="00000000025B1088" success="true" from="nursery"/>
<exclusive-end id="112" timestamp="2019-06-16T01:08:55.339" durationms="6.169" />

<exclusive-start id="113" timestamp="2019-06-16T01:08:55.456" intervalms="123.158">
  <response-info timems="0.048" idlems="0.048" threads="0" lastid="00000000025B0700" lastname="main" />
</exclusive-start>
<af-start id="114" threadId="00000000025B1088" totalBytesRequested="1272" timestamp="2019-06-16T01:08:55.456" intervalms="123.094" type="nursery" />
<cycle-start id="115" type="scavenge" contextid="0" timestamp="2019-06-16T01:08:55.456" intervalms="123.026" />
<gc-start id="116" type="scavenge" contextid="115" timestamp="2019-06-16T01:08:55.456">
  <mem-info id="117" free="5373528" total="8388608" percent="64">
    <mem type="nursery" free="0" total="2097152" percent="0">
      <mem type="allocate" free="0" total="1376256" percent="0" />
      <mem type="survivor" free="0" total="720896" percent="0" />
    </mem>
    <mem type="tenure" free="5373528" total="6291456" percent="85">
      <mem type="soa" free="5059160" total="5977088" percent="84" />
      <mem type="loa" free="314368" total="314368" percent="100" />
    </mem>
    <remembered-set count="961" />
  </mem-info>
</gc-start>
<allocation-stats totalBytes="1070936" >
  <allocated-bytes non-tlh="34104" tlh="1036832" />
  <largest-consumer threadName="main" threadId="00000000025B0700" bytes="1070936" />
</allocation-stats>
<gc-op id="118" type="scavenge" timems="3.545" contextid="115" timestamp="2019-06-16T01:08:55.460">
  <scavenger-info tenureage="3" tenuremask="ffc8" tiltratio="65" />
  <memory-copied type="nursery" objects="2451" bytes="351040" bytesdiscarded="9200" />
  <references type="soft" candidates="3" cleared="0" enqueued="0" dynamicThreshold="28" maxThreshold="32" />
  <references type="weak" candidates="3" cleared="2" enqueued="2" />
  <references type="phantom" candidates="7" cleared="0" enqueued="0" />
</gc-op>
<gc-end id="119" type="scavenge" contextid="115" durationms="3.869" usertimems="4.000" systemtimems="0.000" timestamp="2019-06-16T01:08:55.460" activeThreads="4">
  <mem-info id="120" free="6454992" total="8388608" percent="76">
    <mem type="nursery" free="1081464" total="2097152" percent="51">
      <mem type="allocate" free="1081464" total="1441792" percent="75" />
      <mem type="survivor" free="0" total="655360" percent="0" />
    </mem>
    <mem type="tenure" free="5373528" total="6291456" percent="85" macro-fragmented="3732887">
      <mem type="soa" free="5059160" total="5977088" percent="84" />
      <mem type="loa" free="314368" total="314368" percent="100" />
    </mem>
    <pending-finalizers system="0" default="0" reference="2" classloader="0" />
    <remembered-set count="959" />
  </mem-info>
</gc-end>
<cycle-end id="121" type="scavenge" contextid="115" timestamp="2019-06-16T01:08:55.460" />
  <attribute name="elasticGC enabled" value="1" />
  <attribute name= "numThreadsSpecified" value="4" />
  <attribute name="heapSize specified" value="8388608" />
  <attribute name="Current GC Util" value="3" />
  <attribute name= "Current Time Running" value="11986" />
  <attribute name ="GC Interval" value="200" />
  <attribute name="ProportionalT" value="-25.500000" />
  <attribute name="ProportionalI" value="-25.500000" />
  <attribute name="ProportionalH" value="-25.500000" />
  <attribute name="Current Error" value="-17.000000" />
  <attribute name="IntegralT" value="-2091.000000" />
  <attribute name="IntegralI" value="-2091.000000" />
  <attribute name="IntegralH" value="-2091.000000" />
  <attribute name="DerivativeT" value="-0.138211" />
  <attribute name="DerivativeI" value="-0.138211" />
  <attribute name="DerivativeH" value="-0.138211" />
  <attribute name="Loop Time for DT" value="123.000000" />
  <attribute name="Output H" value="2092630016"/>
  <attribute name="Output I" value="200"/>
  <attribute name="Output T" value="4"/>
  <attribute name="Target GC Util Change" value ="20.000000" />
  <attribute name="Current GC Util Change" value="3.000000"/>
  <attribute name="GC Util currently" value="3" />
  <attribute name="CPU Util currently" value="0" />
<allocation-satisfied id="122" threadId="00000000025B0700" bytesRequested="1272" />
<af-end id="123" timestamp="2019-06-16T01:08:55.460" threadId="00000000025B1088" success="true" from="nursery"/>
<exclusive-end id="124" timestamp="2019-06-16T01:08:55.461" durationms="4.389" />

<exclusive-start id="125" timestamp="2019-06-16T01:08:55.846" intervalms="389.362">
  <response-info timems="0.044" idlems="0.044" threads="0" lastid="00000000025B0700" lastname="main" />
</exclusive-start>
<af-start id="126" threadId="00000000025B1088" totalBytesRequested="3080" timestamp="2019-06-16T01:08:55.846" intervalms="389.445" type="nursery" />
<cycle-start id="127" type="scavenge" contextid="0" timestamp="2019-06-16T01:08:55.846" intervalms="389.498" />
<gc-start id="128" type="scavenge" contextid="127" timestamp="2019-06-16T01:08:55.846">
  <mem-info id="129" free="5355760" total="8388608" percent="63">
    <mem type="nursery" free="0" total="2097152" percent="0">
      <mem type="allocate" free="0" total="1441792" percent="0" />
      <mem type="survivor" free="0" total="655360" percent="0" />
    </mem>
    <mem type="tenure" free="5355760" total="6291456" percent="85">
      <mem type="soa" free="5041392" total="5977088" percent="84" />
      <mem type="loa" free="314368" total="314368" percent="100" />
    </mem>
    <remembered-set count="1209" />
  </mem-info>
</gc-start>
<allocation-stats totalBytes="1095304" >
  <allocated-bytes non-tlh="19040" tlh="1076264" />
  <largest-consumer threadName="main" threadId="00000000025B0700" bytes="1095304" />
</allocation-stats>
<gc-op id="130" type="scavenge" timems="4.365" contextid="127" timestamp="2019-06-16T01:08:55.851">
  <scavenger-info tenureage="3" tenuremask="fff8" tiltratio="68" />
  <memory-copied type="nursery" objects="13600" bytes="646416" bytesdiscarded="8848" />
  <memory-copied type="tenure" objects="1" bytes="22760" bytesdiscarded="0" />
  <copy-failed type="nursery" objects="1" bytes="22760" />
  <references type="soft" candidates="3" cleared="0" enqueued="0" dynamicThreshold="28" maxThreshold="32" />
  <references type="weak" candidates="9" cleared="7" enqueued="7" />
  <references type="phantom" candidates="9" cleared="2" enqueued="2" />
</gc-op>
<gc-end id="131" type="scavenge" contextid="127" durationms="4.744" usertimems="0.000" systemtimems="4.000" timestamp="2019-06-16T01:08:55.851" activeThreads="4">
  <mem-info id="132" free="5726216" total="8388608" percent="68">
    <mem type="nursery" free="393216" total="2097152" percent="18">
      <mem type="allocate" free="393216" total="1048576" percent="37" />
      <mem type="survivor" free="0" total="1048576" percent="0" />
    </mem>
    <mem type="tenure" free="5333000" total="6291456" percent="84" macro-fragmented="3732887">
      <mem type="soa" free="5018632" total="5977088" percent="83" />
      <mem type="loa" free="314368" total="314368" percent="100" />
    </mem>
    <pending-finalizers system="0" default="0" reference="9" classloader="0" />
    <remembered-set count="858" />
  </mem-info>
</gc-end>
<cycle-end id="133" type="scavenge" contextid="127" timestamp="2019-06-16T01:08:55.851" />
  <attribute name="elasticGC enabled" value="1" />
  <attribute name= "numThreadsSpecified" value="4" />
  <attribute name="heapSize specified" value="8388608" />
  <attribute name="Current GC Util" value="0" />
  <attribute name= "Current Time Running" value="12375" />
  <attribute name ="GC Interval" value="200" />
  <attribute name="ProportionalT" value="-30.000000" />
  <attribute name="ProportionalI" value="-30.000000" />
  <attribute name="ProportionalH" value="-30.000000" />
  <attribute name="Current Error" value="-20.000000" />
  <attribute name="IntegralT" value="-7780.000000" />
  <attribute name="IntegralI" value="-7780.000000" />
  <attribute name="IntegralH" value="-7780.000000" />
  <attribute name="DerivativeT" value="-0.051414" />
  <attribute name="DerivativeI" value="-0.051414" />
  <attribute name="DerivativeH" value="-0.051414" />
  <attribute name="Loop Time for DT" value="389.000000" />
  <attribute name="Output H" value="2092630016"/>
  <attribute name="Output I" value="200"/>
  <attribute name="Output T" value="4"/>
  <attribute name="Target GC Util Change" value ="20.000000" />
  <attribute name="Current GC Util Change" value="0.000000"/>
  <attribute name="GC Util currently" value="0" />
  <attribute name="CPU Util currently" value="9" />
<allocation-satisfied id="134" threadId="00000000025B0700" bytesRequested="3080" />
<af-end id="135" timestamp="2019-06-16T01:08:55.851" threadId="00000000025B1088" success="true" from="nursery"/>
<exclusive-end id="136" timestamp="2019-06-16T01:08:55.851" durationms="5.549" />

<exclusive-start id="137" timestamp="2019-06-16T01:08:55.866" intervalms="20.152">
  <response-info timems="0.046" idlems="0.046" threads="0" lastid="00000000025B0700" lastname="main" />
</exclusive-start>
<af-start id="138" threadId="00000000025B1088" totalBytesRequested="7032" timestamp="2019-06-16T01:08:55.866" intervalms="20.122" type="nursery" />
<cycle-start id="139" type="scavenge" contextid="0" timestamp="2019-06-16T01:08:55.866" intervalms="20.112" />
<gc-start id="140" type="scavenge" contextid="139" timestamp="2019-06-16T01:08:55.866">
  <mem-info id="141" free="5317016" total="8388608" percent="63">
    <mem type="nursery" free="0" total="2097152" percent="0">
      <mem type="allocate" free="0" total="1048576" percent="0" />
      <mem type="survivor" free="0" total="1048576" percent="0" />
    </mem>
    <mem type="tenure" free="5317016" total="6291456" percent="84">
      <mem type="soa" free="5002648" total="5977088" percent="83" />
      <mem type="loa" free="314368" total="314368" percent="100" />
    </mem>
    <remembered-set count="1203" />
  </mem-info>
</gc-start>
<allocation-stats totalBytes="399648" >
  <allocated-bytes non-tlh="19064" tlh="380584" />
  <largest-consumer threadName="main" threadId="00000000025B0700" bytes="399648" />
</allocation-stats>
<gc-op id="142" type="scavenge" timems="2.915" contextid="139" timestamp="2019-06-16T01:08:55.869">
  <scavenger-info tenureage="3" tenuremask="fff8" tiltratio="50" />
  <memory-copied type="nursery" objects="12096" bytes="387792" bytesdiscarded="29592" />
  <memory-copied type="tenure" objects="2121" bytes="262296" bytesdiscarded="16" />
</gc-op>
<heap-resize id="143" type="expand" space="nursery" amount="262144" count="1" timems="0.235" reason="excessive time being spent scavenging" timestamp="2019-06-16T01:08:55.870" />
<gc-end id="144" type="scavenge" contextid="139" durationms="3.674" usertimems="4.000" systemtimems="0.000" timestamp="2019-06-16T01:08:55.870" activeThreads="4">
  <mem-info id="145" free="5813456" total="8650752" percent="67">
    <mem type="nursery" free="762232" total="2359296" percent="32">
      <mem type="allocate" free="762232" total="1179648" percent="64" />
      <mem type="survivor" free="0" total="1179648" percent="0" />
    </mem>
    <mem type="tenure" free="5051224" total="6291456" percent="80" macro-fragmented="2160235">
      <mem type="soa" free="4736856" total="5977088" percent="79" />
      <mem type="loa" free="314368" total="314368" percent="100" />
    </mem>
    <remembered-set count="761" />
  </mem-info>
</gc-end>
<cycle-end id="146" type="scavenge" contextid="139" timestamp="2019-06-16T01:08:55.870" />
  <attribute name="elasticGC enabled" value="1" />
  <attribute name= "numThreadsSpecified" value="4" />
  <attribute name="heapSize specified" value="8388608" />
  <attribute name="Current GC Util" value="23" />
  <attribute name= "Current Time Running" value="12396" />
  <attribute name ="GC Interval" value="200" />
  <attribute name="ProportionalT" value="4.500000" />
  <attribute name="ProportionalI" value="4.500000" />
  <attribute name="ProportionalH" value="4.500000" />
  <attribute name="Current Error" value="3.000000" />
  <attribute name="IntegralT" value="63.000000" />
  <attribute name="IntegralI" value="63.000000" />
  <attribute name="IntegralH" value="63.000000" />
  <attribute name="DerivativeT" value="0.142857" />
  <attribute name="DerivativeI" value="0.142857" />
  <attribute name="DerivativeH" value="0.142857" />
  <attribute name="Loop Time for DT" value="21.000000" />
  <attribute name="Output H" value="8388608"/>
  <attribute name="Output I" value="200"/>
  <attribute name="Output T" value="4"/>
  <attribute name="Target GC Util Change" value ="20.000000" />
  <attribute name="Current GC Util Change" value="23.000000"/>
  <attribute name="GC Util currently" value="23" />
  <attribute name="CPU Util currently" value="229301644778" />
<allocation-satisfied id="147" threadId="00000000025B0700" bytesRequested="7032" />
<af-end id="148" timestamp="2019-06-16T01:08:55.870" threadId="00000000025B1088" success="true" from="nursery"/>
<exclusive-end id="149" timestamp="2019-06-16T01:08:55.870" durationms="4.471" />

<exclusive-start id="150" timestamp="2019-06-16T01:08:55.983" intervalms="117.826">
  <response-info timems="0.052" idlems="0.052" threads="0" lastid="00000000025B0700" lastname="main" />
</exclusive-start>
<af-start id="151" threadId="00000000025B1088" totalBytesRequested="1224" timestamp="2019-06-16T01:08:55.984" intervalms="117.817" type="nursery" />
<cycle-start id="152" type="scavenge" contextid="0" timestamp="2019-06-16T01:08:55.984" intervalms="117.805" />
<gc-start id="153" type="scavenge" contextid="152" timestamp="2019-06-16T01:08:55.984">
  <mem-info id="154" free="5039424" total="8650752" percent="58">
    <mem type="nursery" free="0" total="2359296" percent="0">
      <mem type="allocate" free="0" total="1179648" percent="0" />
      <mem type="survivor" free="0" total="1179648" percent="0" />
    </mem>
    <mem type="tenure" free="5039424" total="6291456" percent="80">
      <mem type="soa" free="4725056" total="5977088" percent="79" />
      <mem type="loa" free="314368" total="314368" percent="100" />
    </mem>
    <remembered-set count="900" />
  </mem-info>
</gc-start>
<allocation-stats totalBytes="749728" >
  <allocated-bytes non-tlh="113488" tlh="636240" />
  <largest-consumer threadName="main" threadId="00000000025B0700" bytes="749728" />
</allocation-stats>
<gc-op id="155" type="scavenge" timems="3.548" contextid="152" timestamp="2019-06-16T01:08:55.988">
  <scavenger-info tenureage="3" tenuremask="fff8" tiltratio="50" />
  <memory-copied type="nursery" objects="12662" bytes="406032" bytesdiscarded="68440" />
  <memory-copied type="tenure" objects="164" bytes="51296" bytesdiscarded="0" />
  <references type="weak" candidates="2" cleared="2" enqueued="2" />
</gc-op>
<gc-end id="156" type="scavenge" contextid="152" durationms="3.887" usertimems="4.000" systemtimems="0.000" timestamp="2019-06-16T01:08:55.988" activeThreads="4">
  <mem-info id="157" free="5904256" total="8650752" percent="68">
    <mem type="nursery" free="901736" total="2359296" percent="38">
      <mem type="allocate" free="901736" total="1376256" percent="65" />
      <mem type="survivor" free="0" total="983040" percent="0" />
    </mem>
    <mem type="tenure" free="5002520" total="6291456" percent="79" macro-fragmented="3110739">
      <mem type="soa" free="4688152" total="5977088" percent="78" />
      <mem type="loa" free="314368" total="314368" percent="100" />
    </mem>
    <pending-finalizers system="0" default="0" reference="2" classloader="0" />
    <remembered-set count="662" />
  </mem-info>
</gc-end>
<cycle-end id="158" type="scavenge" contextid="152" timestamp="2019-06-16T01:08:55.988" />
  <attribute name="elasticGC enabled" value="1" />
  <attribute name= "numThreadsSpecified" value="4" />
  <attribute name="heapSize specified" value="8388608" />
  <attribute name="Current GC Util" value="2" />
  <attribute name= "Current Time Running" value="12513" />
  <attribute name ="GC Interval" value="200" />
  <attribute name="ProportionalT" value="-27.000000" />
  <attribute name="ProportionalI" value="-27.000000" />
  <attribute name="ProportionalH" value="-27.000000" />
  <attribute name="Current Error" value="-18.000000" />
  <attribute name="IntegralT" value="-2106.000000" />
  <attribute name="IntegralI" value="-2106.000000" />
  <attribute name="IntegralH" value="-2106.000000" />
  <attribute name="DerivativeT" value="-0.179487" />
  <attribute name="DerivativeI" value="-0.179487" />
  <attribute name="DerivativeH" value="-0.179487" />
  <attribute name="Loop Time for DT" value="117.000000" />
  <attribute name="Output H" value="2092630016"/>
  <attribute name="Output I" value="200"/>
  <attribute name="Output T" value="4"/>
  <attribute name="Target GC Util Change" value ="20.000000" />
  <attribute name="Current GC Util Change" value="2.000000"/>
  <attribute name="GC Util currently" value="2" />
  <attribute name="CPU Util currently" value="39164720464" />
<allocation-satisfied id="159" threadId="00000000025B0700" bytesRequested="1224" />
<af-end id="160" timestamp="2019-06-16T01:08:55.988" threadId="00000000025B1088" success="true" from="nursery"/>
<exclusive-end id="161" timestamp="2019-06-16T01:08:55.988" durationms="4.773" />

<exclusive-start id="162" timestamp="2019-06-16T01:08:56.020" intervalms="36.366">
  <response-info timems="0.028" idlems="0.028" threads="0" lastid="00000000025B0700" lastname="main" />
</exclusive-start>
<af-start id="163" threadId="00000000025B1088" totalBytesRequested="152" timestamp="2019-06-16T01:08:56.020" intervalms="36.290" type="nursery" />
<cycle-start id="164" type="scavenge" contextid="0" timestamp="2019-06-16T01:08:56.020" intervalms="36.233" />
<gc-start id="165" type="scavenge" contextid="164" timestamp="2019-06-16T01:08:56.020">
  <mem-info id="166" free="4981232" total="8650752" percent="57">
    <mem type="nursery" free="0" total="2359296" percent="0">
      <mem type="allocate" free="0" total="1376256" percent="0" />
      <mem type="survivor" free="0" total="983040" percent="0" />
    </mem>
    <mem type="tenure" free="4981232" total="6291456" percent="79">
      <mem type="soa" free="4666864" total="5977088" percent="78" />
      <mem type="loa" free="314368" total="314368" percent="100" />
    </mem>
    <remembered-set count="933" />
  </mem-info>
</gc-start>
<allocation-stats totalBytes="920960" >
  <allocated-bytes non-tlh="22512" tlh="898448" />
  <largest-consumer threadName="main" threadId="00000000025B0700" bytes="920960" />
</allocation-stats>
<gc-op id="167" type="scavenge" timems="2.957" contextid="164" timestamp="2019-06-16T01:08:56.023">
  <scavenger-info tenureage="3" tenuremask="fff8" tiltratio="58" />
  <memory-copied type="nursery" objects="3183" bytes="154128" bytesdiscarded="116944" />
  <memory-copied type="tenure" objects="11261" bytes="316384" bytesdiscarded="16" />
</gc-op>
<heap-resize id="168" type="expand" space="nursery" amount="131072" count="1" timems="0.014" reason="excessive time being spent scavenging" timestamp="2019-06-16T01:08:56.023" />
<gc-end id="169" type="scavenge" contextid="164" durationms="3.367" usertimems="0.000" systemtimems="4.000" timestamp="2019-06-16T01:08:56.023" activeThreads="4">
  <mem-info id="170" free="5981168" total="8781824" percent="68">
    <mem type="nursery" free="1301760" total="2490368" percent="52">
      <mem type="allocate" free="1301760" total="1572864" percent="82" />
      <mem type="survivor" free="0" total="917504" percent="0" />
    </mem>
    <mem type="tenure" free="4679408" total="6291456" percent="74" macro-fragmented="0">
      <mem type="soa" free="4365040" total="5977088" percent="73" />
      <mem type="loa" free="314368" total="314368" percent="100" />
    </mem>
    <remembered-set count="490" />
  </mem-info>
</gc-end>
<cycle-end id="171" type="scavenge" contextid="164" timestamp="2019-06-16T01:08:56.023" />
  <attribute name="elasticGC enabled" value="1" />
  <attribute name= "numThreadsSpecified" value="4" />
  <attribute name="heapSize specified" value="8388608" />
  <attribute name="Current GC Util" value="10" />
  <attribute name= "Current Time Running" value="12549" />
  <attribute name ="GC Interval" value="200" />
  <attribute name="ProportionalT" value="-15.000000" />
  <attribute name="ProportionalI" value="-15.000000" />
  <attribute name="ProportionalH" value="-15.000000" />
  <attribute name="Current Error" value="-10.000000" />
  <attribute name="IntegralT" value="-360.000000" />
  <attribute name="IntegralI" value="-360.000000" />
  <attribute name="IntegralH" value="-360.000000" />
  <attribute name="DerivativeT" value="-0.277778" />
  <attribute name="DerivativeI" value="-0.277778" />
  <attribute name="DerivativeH" value="-0.277778" />
  <attribute name="Loop Time for DT" value="36.000000" />
  <attribute name="Output H" value="2092630016"/>
  <attribute name="Output I" value="200"/>
  <attribute name="Output T" value="4"/>
  <attribute name="Target GC Util Change" value ="20.000000" />
  <attribute name="Current GC Util Change" value="10.000000"/>
  <attribute name="GC Util currently" value="10" />
  <attribute name="CPU Util currently" value="127816506459" />
<allocation-satisfied id="172" threadId="00000000025B0700" bytesRequested="152" />
<af-end id="173" timestamp="2019-06-16T01:08:56.024" threadId="00000000025B1088" success="true" from="nursery"/>
<exclusive-end id="174" timestamp="2019-06-16T01:08:56.024" durationms="3.837" />

<exclusive-start id="175" timestamp="2019-06-16T01:08:56.245" intervalms="225.012">
  <response-info timems="0.033" idlems="0.033" threads="0" lastid="000000000286DD00" lastname="node-0" />
</exclusive-start>
<af-start id="176" threadId="000000000286E688" totalBytesRequested="32" timestamp="2019-06-16T01:08:56.245" intervalms="225.019" type="nursery" />
<cycle-start id="177" type="scavenge" contextid="0" timestamp="2019-06-16T01:08:56.245" intervalms="225.008" />
<gc-start id="178" type="scavenge" contextid="177" timestamp="2019-06-16T01:08:56.245">
  <mem-info id="179" free="4670296" total="8781824" percent="53">
    <mem type="nursery" free="0" total="2490368" percent="0">
      <mem type="allocate" free="0" total="1572864" percent="0" />
      <mem type="survivor" free="0" total="917504" percent="0" />
    </mem>
    <mem type="tenure" free="4670296" total="6291456" percent="74">
      <mem type="soa" free="4355928" total="5977088" percent="72" />
      <mem type="loa" free="314368" total="314368" percent="100" />
    </mem>
    <remembered-set count="618" />
  </mem-info>
</gc-start>
<allocation-stats totalBytes="1281744" >
  <allocated-bytes non-tlh="9264" tlh="1272480" />
  <largest-consumer threadName="main" threadId="00000000025B0700" bytes="1105920" />
</allocation-stats>
<gc-op id="180" type="scavenge" timems="0.832" contextid="177" timestamp="2019-06-16T01:08:56.246">
  <scavenger-info tenureage="5" tenuremask="ffe0" tiltratio="63" />
  <memory-copied type="nursery" objects="14181" bytes="772952" bytesdiscarded="144440" />
  <references type="weak" candidates="2" cleared="2" enqueued="2" />
</gc-op>
<gc-end id="181" type="scavenge" contextid="177" durationms="1.049" usertimems="0.000" systemtimems="0.000" timestamp="2019-06-16T01:08:56.246" activeThreads="4">
  <mem-info id="182" free="4997976" total="8781824" percent="56">
    <mem type="nursery" free="327680" total="2490368" percent="13">
      <mem type="allocate" free="327680" total="1245184" percent="26" />
      <mem type="survivor" free="0" total="1245184" percent="0" />
    </mem>
    <mem type="tenure" free="4670296" total="6291456" percent="74" macro-fragmented="3110739">
      <mem type="soa" free="4355928" total="5977088" percent="72" />
      <mem type="loa" free="314368" total="314368" percent="100" />
    </mem>
    <pending-finalizers system="0" default="0" reference="2" classloader="0" />
    <remembered-set count="503" />
  </mem-info>
</gc-end>
<cycle-end id="183" type="scavenge" contextid="177" timestamp="2019-06-16T01:08:56.246" />
  <attribute name="elasticGC enabled" value="1" />
  <attribute name= "numThreadsSpecified" value="4" />
  <attribute name="heapSize specified" value="8388608" />
  <attribute name="Current GC Util" value="1" />
  <attribute name= "Current Time Running" value="12774" />
  <attribute name ="GC Interval" value="200" />
  <attribute name="ProportionalT" value="-28.500000" />
  <attribute name="ProportionalI" value="-28.500000" />
  <attribute name="ProportionalH" value="-28.500000" />
  <attribute name="Current Error" value="-19.000000" />
  <attribute name="IntegralT" value="-4275.000000" />
  <attribute name="IntegralI" value="-4275.000000" />
  <attribute name="IntegralH" value="-4275.000000" />
  <attribute name="DerivativeT" value="-0.084444" />
  <attribute name="DerivativeI" value="-0.084444" />
  <attribute name="DerivativeH" value="-0.084444" />
  <attribute name="Loop Time for DT" value="225.000000" />
  <attribute name="Output H" value="2092630016"/>
  <attribute name="Output I" value="200"/>
  <attribute name="Output T" value="4"/>
  <attribute name="Target GC Util Change" value ="20.000000" />
  <attribute name="Current GC Util Change" value="1.000000"/>
  <attribute name="GC Util currently" value="1" />
  <attribute name="CPU Util currently" value="19" />
<allocation-satisfied id="184" threadId="000000000286DD00" bytesRequested="32" />
<af-end id="185" timestamp="2019-06-16T01:08:56.246" threadId="000000000286E688" success="true" from="nursery"/>
<exclusive-end id="186" timestamp="2019-06-16T01:08:56.246" durationms="1.503" />

<exclusive-start id="187" timestamp="2019-06-16T01:08:56.411" intervalms="166.391">
  <response-info timems="0.025" idlems="0.025" threads="0" lastid="0000000002879000" lastname="node-4" />
</exclusive-start>
<af-start id="188" threadId="0000000002879988" totalBytesRequested="32" timestamp="2019-06-16T01:08:56.411" intervalms="166.392" type="nursery" />
<cycle-start id="189" type="scavenge" contextid="0" timestamp="2019-06-16T01:08:56.411" intervalms="166.405" />
<gc-start id="190" type="scavenge" contextid="189" timestamp="2019-06-16T01:08:56.411">
  <mem-info id="191" free="4670296" total="8781824" percent="53">
    <mem type="nursery" free="0" total="2490368" percent="0">
      <mem type="allocate" free="0" total="1245184" percent="0" />
      <mem type="survivor" free="0" total="1245184" percent="0" />
    </mem>
    <mem type="tenure" free="4670296" total="6291456" percent="74">
      <mem type="soa" free="4355928" total="5977088" percent="72" />
      <mem type="loa" free="314368" total="314368" percent="100" />
    </mem>
    <remembered-set count="503" />
  </mem-info>
</gc-start>
<allocation-stats totalBytes="327528" >
  <allocated-bytes non-tlh="32" tlh="327496" />
  <largest-consumer threadName="node-1" threadId="0000000002866500" bytes="102336" />
</allocation-stats>
<gc-op id="192" type="scavenge" timems="2.681" contextid="189" timestamp="2019-06-16T01:08:56.414">
  <scavenger-info tenureage="2" tenuremask="fffc" tiltratio="50" />
  <memory-copied type="nursery" objects="13461" bytes="678872" bytesdiscarded="98168" />
  <memory-copied type="tenure" objects="3168" bytes="153448" bytesdiscarded="8" />
</gc-op>
<gc-end id="193" type="scavenge" contextid="189" durationms="2.964" usertimems="0.000" systemtimems="0.000" timestamp="2019-06-16T01:08:56.414" activeThreads="4">
  <mem-info id="194" free="4961672" total="8781824" percent="56">
    <mem type="nursery" free="468056" total="2490368" percent="18">
      <mem type="allocate" free="468056" total="1245184" percent="37" />
      <mem type="survivor" free="0" total="1245184" percent="0" />
    </mem>
    <mem type="tenure" free="4493616" total="6291456" percent="71" macro-fragmented="1500163">
      <mem type="soa" free="4179248" total="5977088" percent="69" />
      <mem type="loa" free="314368" total="314368" percent="100" />
    </mem>
    <remembered-set count="207" />
  </mem-info>
</gc-end>
<cycle-end id="195" type="scavenge" contextid="189" timestamp="2019-06-16T01:08:56.415" />
  <attribute name="elasticGC enabled" value="1" />
  <attribute name= "numThreadsSpecified" value="4" />
  <attribute name="heapSize specified" value="8388608" />
  <attribute name="Current GC Util" value="1" />
  <attribute name= "Current Time Running" value="12941" />
  <attribute name ="GC Interval" value="200" />
  <attribute name="ProportionalT" value="-28.500000" />
  <attribute name="ProportionalI" value="-28.500000" />
  <attribute name="ProportionalH" value="-28.500000" />
  <attribute name="Current Error" value="-19.000000" />
  <attribute name="IntegralT" value="-3173.000000" />
  <attribute name="IntegralI" value="-3173.000000" />
  <attribute name="IntegralH" value="-3173.000000" />
  <attribute name="DerivativeT" value="-0.113772" />
  <attribute name="DerivativeI" value="-0.113772" />
  <attribute name="DerivativeH" value="-0.113772" />
  <attribute name="Loop Time for DT" value="167.000000" />
  <attribute name="Output H" value="2092630016"/>
  <attribute name="Output I" value="200"/>
  <attribute name="Output T" value="4"/>
  <attribute name="Target GC Util Change" value ="20.000000" />
  <attribute name="Current GC Util Change" value="1.000000"/>
  <attribute name="GC Util currently" value="1" />
  <attribute name="CPU Util currently" value="20" />
<allocation-satisfied id="196" threadId="0000000002879000" bytesRequested="32" />
<af-end id="197" timestamp="2019-06-16T01:08:56.415" threadId="0000000002879988" success="true" from="nursery"/>
<exclusive-end id="198" timestamp="2019-06-16T01:08:56.415" durationms="3.410" />

<exclusive-start id="199" timestamp="2019-06-16T01:08:56.682" intervalms="270.383">
  <response-info timems="0.330" idlems="0.161" threads="2" lastid="0000000002866500" lastname="node-1" />
</exclusive-start>
<af-start id="200" threadId="0000000002872288" totalBytesRequested="24" timestamp="2019-06-16T01:08:56.682" intervalms="270.393" type="nursery" />
<cycle-start id="201" type="scavenge" contextid="0" timestamp="2019-06-16T01:08:56.682" intervalms="270.438" />
<gc-start id="202" type="scavenge" contextid="201" timestamp="2019-06-16T01:08:56.682">
  <mem-info id="203" free="4493616" total="8781824" percent="51">
    <mem type="nursery" free="0" total="2490368" percent="0">
      <mem type="allocate" free="0" total="1245184" percent="0" />
      <mem type="survivor" free="0" total="1245184" percent="0" />
    </mem>
    <mem type="tenure" free="4493616" total="6291456" percent="71">
      <mem type="soa" free="4179248" total="5977088" percent="69" />
      <mem type="loa" free="314368" total="314368" percent="100" />
    </mem>
    <remembered-set count="207" />
  </mem-info>
</gc-start>
<allocation-stats totalBytes="467040" >
  <allocated-bytes non-tlh="32" tlh="467008" />
  <largest-consumer threadName="node-1" threadId="0000000002866500" bytes="90088" />
</allocation-stats>
<gc-op id="204" type="scavenge" timems="1.011" contextid="201" timestamp="2019-06-16T01:08:56.683">
  <scavenger-info tenureage="2" tenuremask="fffc" tiltratio="50" />
  <memory-copied type="nursery" objects="4311" bytes="103240" bytesdiscarded="176312" />
  <memory-copied type="tenure" objects="10961" bytes="617808" bytesdiscarded="72" />
</gc-op>
<gc-end id="205" type="scavenge" contextid="201" durationms="1.254" usertimems="4.000" systemtimems="0.000" timestamp="2019-06-16T01:08:56.683" activeThreads="4">
  <mem-info id="206" free="4823344" total="8781824" percent="54">
    <mem type="nursery" free="1031168" total="2490368" percent="41">
      <mem type="allocate" free="1031168" total="1310720" percent="78" />
      <mem type="survivor" free="0" total="1179648" percent="0" />
    </mem>
    <mem type="tenure" free="3792176" total="6291456" percent="60" macro-fragmented="2592282">
      <mem type="soa" free="3477808" total="5977088" percent="58" />
      <mem type="loa" free="314368" total="314368" percent="100" />
    </mem>
    <remembered-set count="175" />
  </mem-info>
</gc-end>
<cycle-end id="207" type="scavenge" contextid="201" timestamp="2019-06-16T01:08:56.683" />
  <attribute name="elasticGC enabled" value="1" />
  <attribute name= "numThreadsSpecified" value="4" />
  <attribute name="heapSize specified" value="8388608" />
  <attribute name="Current GC Util" value="1" />
  <attribute name= "Current Time Running" value="13211" />
  <attribute name ="GC Interval" value="200" />
  <attribute name="ProportionalT" value="-28.500000" />
  <attribute name="ProportionalI" value="-28.500000" />
  <attribute name="ProportionalH" value="-28.500000" />
  <attribute name="Current Error" value="-19.000000" />
  <attribute name="IntegralT" value="-5130.000000" />
  <attribute name="IntegralI" value="-5130.000000" />
  <attribute name="IntegralH" value="-5130.000000" />
  <attribute name="DerivativeT" value="-0.070370" />
  <attribute name="DerivativeI" value="-0.070370" />
  <attribute name="DerivativeH" value="-0.070370" />
  <attribute name="Loop Time for DT" value="270.000000" />
  <attribute name="Output H" value="2092630016"/>
  <attribute name="Output I" value="200"/>
  <attribute name="Output T" value="4"/>
  <attribute name="Target GC Util Change" value ="20.000000" />
  <attribute name="Current GC Util Change" value="1.000000"/>
  <attribute name="GC Util currently" value="1" />
  <attribute name="CPU Util currently" value="13" />
<allocation-satisfied id="208" threadId="0000000002871900" bytesRequested="24" />
<af-end id="209" timestamp="2019-06-16T01:08:56.683" threadId="0000000002872288" success="true" from="nursery"/>
<exclusive-end id="210" timestamp="2019-06-16T01:08:56.684" durationms="1.863" />

<exclusive-start id="211" timestamp="2019-06-16T01:08:57.199" intervalms="516.919">
  <response-info timems="0.073" idlems="0.044" threads="1" lastid="00000000025B4300" lastname="JIT Compilation Thread-0" />
</exclusive-start>
<af-start id="212" threadId="000000000286E688" totalBytesRequested="32" timestamp="2019-06-16T01:08:57.199" intervalms="516.912" type="nursery" />
<cycle-start id="213" type="scavenge" contextid="0" timestamp="2019-06-16T01:08:57.199" intervalms="516.862" />
<gc-start id="214" type="scavenge" contextid="213" timestamp="2019-06-16T01:08:57.199">
  <mem-info id="215" free="3792176" total="8781824" percent="43">
    <mem type="nursery" free="0" total="2490368" percent="0">
      <mem type="allocate" free="0" total="1310720" percent="0" />
      <mem type="survivor" free="0" total="1179648" percent="0" />
    </mem>
    <mem type="tenure" free="3792176" total="6291456" percent="60">
      <mem type="soa" free="3477808" total="5977088" percent="58" />
      <mem type="loa" free="314368" total="314368" percent="100" />
    </mem>
    <remembered-set count="200" />
  </mem-info>
</gc-start>
<allocation-stats totalBytes="1030360" >
  <allocated-bytes non-tlh="24" tlh="1030336" />
  <largest-consumer threadName="node-4" threadId="0000000002879000" bytes="200480" />
</allocation-stats>
<gc-op id="216" type="scavenge" timems="0.611" contextid="213" timestamp="2019-06-16T01:08:57.199">
  <scavenger-info tenureage="4" tenuremask="fff0" tiltratio="52" />
  <memory-copied type="nursery" objects="8695" bytes="209624" bytesdiscarded="64552" />
</gc-op>
<gc-end id="217" type="scavenge" contextid="213" durationms="1.002" usertimems="0.000" systemtimems="4.000" timestamp="2019-06-16T01:08:57.200" activeThreads="4">
  <mem-info id="218" free="4959792" total="8781824" percent="56">
    <mem type="nursery" free="1167616" total="2490368" percent="46">
      <mem type="allocate" free="1167616" total="1441792" percent="80" />
      <mem type="survivor" free="0" total="1048576" percent="0" />
    </mem>
    <mem type="tenure" free="3792176" total="6291456" percent="60" macro-fragmented="2592282">
      <mem type="soa" free="3477808" total="5977088" percent="58" />
      <mem type="loa" free="314368" total="314368" percent="100" />
    </mem>
    <remembered-set count="188" />
  </mem-info>
</gc-end>
<cycle-end id="219" type="scavenge" contextid="213" timestamp="2019-06-16T01:08:57.200" />
  <attribute name="elasticGC enabled" value="1" />
  <attribute name= "numThreadsSpecified" value="4" />
  <attribute name="heapSize specified" value="8388608" />
  <attribute name="Current GC Util" value="0" />
  <attribute name= "Current Time Running" value="13728" />
  <attribute name ="GC Interval" value="200" />
  <attribute name="ProportionalT" value="-30.000000" />
  <attribute name="ProportionalI" value="-30.000000" />
  <attribute name="ProportionalH" value="-30.000000" />
  <attribute name="Current Error" value="-20.000000" />
  <attribute name="IntegralT" value="-10340.000000" />
  <attribute name="IntegralI" value="-10340.000000" />
  <attribute name="IntegralH" value="-10340.000000" />
  <attribute name="DerivativeT" value="-0.038685" />
  <attribute name="DerivativeI" value="-0.038685" />
  <attribute name="DerivativeH" value="-0.038685" />
  <attribute name="Loop Time for DT" value="517.000000" />
  <attribute name="Output H" value="2092630016"/>
  <attribute name="Output I" value="200"/>
  <attribute name="Output T" value="4"/>
  <attribute name="Target GC Util Change" value ="20.000000" />
  <attribute name="Current GC Util Change" value="0.000000"/>
  <attribute name="GC Util currently" value="0" />
  <attribute name="CPU Util currently" value="12" />
<allocation-satisfied id="220" threadId="000000000286DD00" bytesRequested="32" />
<af-end id="221" timestamp="2019-06-16T01:08:57.200" threadId="000000000286E688" success="true" from="nursery"/>
<exclusive-end id="222" timestamp="2019-06-16T01:08:57.200" durationms="1.549" />

<exclusive-start id="223" timestamp="2019-06-16T01:08:57.789" intervalms="590.441">
  <response-info timems="0.029" idlems="0.029" threads="0" lastid="0000000002871900" lastname="node-3" />
</exclusive-start>
<af-start id="224" threadId="0000000002872288" totalBytesRequested="16" timestamp="2019-06-16T01:08:57.789" intervalms="590.452" type="nursery" />
<cycle-start id="225" type="scavenge" contextid="0" timestamp="2019-06-16T01:08:57.789" intervalms="590.462" />
<gc-start id="226" type="scavenge" contextid="225" timestamp="2019-06-16T01:08:57.789">
  <mem-info id="227" free="3792176" total="8781824" percent="43">
    <mem type="nursery" free="0" total="2490368" percent="0">
      <mem type="allocate" free="0" total="1441792" percent="0" />
      <mem type="survivor" free="0" total="1048576" percent="0" />
    </mem>
    <mem type="tenure" free="3792176" total="6291456" percent="60">
      <mem type="soa" free="3477808" total="5977088" percent="58" />
      <mem type="loa" free="314368" total="314368" percent="100" />
    </mem>
    <remembered-set count="199" />
  </mem-info>
</gc-start>
<allocation-stats totalBytes="1167336" >
  <allocated-bytes non-tlh="32" tlh="1167304" />
  <largest-consumer threadName="node-2" threadId="0000000002875500" bytes="208864" />
</allocation-stats>
<gc-op id="228" type="scavenge" timems="0.901" contextid="225" timestamp="2019-06-16T01:08:57.790">
  <scavenger-info tenureage="2" tenuremask="fffc" tiltratio="57" />
  <memory-copied type="nursery" objects="9336" bytes="224432" bytesdiscarded="49744" />
  <memory-copied type="tenure" objects="4283" bytes="102792" bytesdiscarded="16" />
</gc-op>
<gc-end id="229" type="scavenge" contextid="225" durationms="1.168" usertimems="0.000" systemtimems="0.000" timestamp="2019-06-16T01:08:57.790" activeThreads="4">
  <mem-info id="230" free="5038896" total="8781824" percent="57">
    <mem type="nursery" free="1364224" total="2490368" percent="54">
      <mem type="allocate" free="1364224" total="1638400" percent="83" />
      <mem type="survivor" free="0" total="851968" percent="0" />
    </mem>
    <mem type="tenure" free="3674672" total="6291456" percent="58" macro-fragmented="2592282">
      <mem type="soa" free="3360304" total="5977088" percent="56" />
      <mem type="loa" free="314368" total="314368" percent="100" />
    </mem>
    <remembered-set count="134" />
  </mem-info>
</gc-end>
<cycle-end id="231" type="scavenge" contextid="225" timestamp="2019-06-16T01:08:57.791" />
  <attribute name="elasticGC enabled" value="1" />
  <attribute name= "numThreadsSpecified" value="4" />
  <attribute name="heapSize specified" value="8388608" />
  <attribute name="Current GC Util" value="0" />
  <attribute name= "Current Time Running" value="14319" />
  <attribute name ="GC Interval" value="200" />
  <attribute name="ProportionalT" value="-30.000000" />
  <attribute name="ProportionalI" value="-30.000000" />
  <attribute name="ProportionalH" value="-30.000000" />
  <attribute name="Current Error" value="-20.000000" />
  <attribute name="IntegralT" value="-11820.000000" />
  <attribute name="IntegralI" value="-11820.000000" />
  <attribute name="IntegralH" value="-11820.000000" />
  <attribute name="DerivativeT" value="-0.033841" />
  <attribute name="DerivativeI" value="-0.033841" />
  <attribute name="DerivativeH" value="-0.033841" />
  <attribute name="Loop Time for DT" value="591.000000" />
  <attribute name="Output H" value="2092630016"/>
  <attribute name="Output I" value="200"/>
  <attribute name="Output T" value="4"/>
  <attribute name="Target GC Util Change" value ="20.000000" />
  <attribute name="Current GC Util Change" value="0.000000"/>
  <attribute name="GC Util currently" value="0" />
  <attribute name="CPU Util currently" value="6" />
<allocation-satisfied id="232" threadId="0000000002871900" bytesRequested="16" />
<af-end id="233" timestamp="2019-06-16T01:08:57.791" threadId="0000000002872288" success="true" from="nursery"/>
<exclusive-end id="234" timestamp="2019-06-16T01:08:57.791" durationms="1.742" />

<exclusive-start id="235" timestamp="2019-06-16T01:08:58.505" intervalms="715.795">
  <response-info timems="0.030" idlems="0.030" threads="0" lastid="0000000002871900" lastname="node-3" />
</exclusive-start>
<af-start id="236" threadId="0000000002872288" totalBytesRequested="16" timestamp="2019-06-16T01:08:58.505" intervalms="715.798" type="nursery" />
<cycle-start id="237" type="scavenge" contextid="0" timestamp="2019-06-16T01:08:58.505" intervalms="715.803" />
<gc-start id="238" type="scavenge" contextid="237" timestamp="2019-06-16T01:08:58.505">
  <mem-info id="239" free="3674672" total="8781824" percent="41">
    <mem type="nursery" free="0" total="2490368" percent="0">
      <mem type="allocate" free="0" total="1638400" percent="0" />
      <mem type="survivor" free="0" total="851968" percent="0" />
    </mem>
    <mem type="tenure" free="3674672" total="6291456" percent="58">
      <mem type="soa" free="3360304" total="5977088" percent="56" />
      <mem type="loa" free="314368" total="314368" percent="100" />
    </mem>
    <remembered-set count="153" />
  </mem-info>
</gc-start>
<allocation-stats totalBytes="1362576" >
  <allocated-bytes non-tlh="16" tlh="1362560" />
  <largest-consumer threadName="node-4" threadId="0000000002879000" bytes="257960" />
</allocation-stats>
<gc-op id="240" type="scavenge" timems="0.926" contextid="237" timestamp="2019-06-16T01:08:58.506">
  <scavenger-info tenureage="4" tenuremask="fff0" tiltratio="65" />
  <memory-copied type="nursery" objects="14750" bytes="355184" bytesdiscarded="75664" />
</gc-op>
<gc-end id="241" type="scavenge" contextid="237" durationms="1.354" usertimems="0.000" systemtimems="0.000" timestamp="2019-06-16T01:08:58.506" activeThreads="4">
  <mem-info id="242" free="4947760" total="8781824" percent="56">
    <mem type="nursery" free="1273088" total="2490368" percent="51">
      <mem type="allocate" free="1273088" total="1703936" percent="74" />
      <mem type="survivor" free="0" total="786432" percent="0" />
    </mem>
    <mem type="tenure" free="3674672" total="6291456" percent="58" macro-fragmented="2592282">
      <mem type="soa" free="3360304" total="5977088" percent="56" />
      <mem type="loa" free="314368" total="314368" percent="100" />
    </mem>
    <remembered-set count="131" />
  </mem-info>
</gc-end>
<cycle-end id="243" type="scavenge" contextid="237" timestamp="2019-06-16T01:08:58.507" />
  <attribute name="elasticGC enabled" value="1" />
  <attribute name= "numThreadsSpecified" value="4" />
  <attribute name="heapSize specified" value="8388608" />
  <attribute name="Current GC Util" value="0" />
  <attribute name= "Current Time Running" value="15035" />
  <attribute name ="GC Interval" value="200" />
  <attribute name="ProportionalT" value="-30.000000" />
  <attribute name="ProportionalI" value="-30.000000" />
  <attribute name="ProportionalH" value="-30.000000" />
  <attribute name="Current Error" value="-20.000000" />
  <attribute name="IntegralT" value="-14320.000000" />
  <attribute name="IntegralI" value="-14320.000000" />
  <attribute name="IntegralH" value="-14320.000000" />
  <attribute name="DerivativeT" value="-0.027933" />
  <attribute name="DerivativeI" value="-0.027933" />
  <attribute name="DerivativeH" value="-0.027933" />
  <attribute name="Loop Time for DT" value="716.000000" />
  <attribute name="Output H" value="2092630016"/>
  <attribute name="Output I" value="200"/>
  <attribute name="Output T" value="4"/>
  <attribute name="Target GC Util Change" value ="20.000000" />
  <attribute name="Current GC Util Change" value="0.000000"/>
  <attribute name="GC Util currently" value="0" />
  <attribute name="CPU Util currently" value="8" />
<allocation-satisfied id="244" threadId="0000000002871900" bytesRequested="16" />
<af-end id="245" timestamp="2019-06-16T01:08:58.507" threadId="0000000002872288" success="true" from="nursery"/>
<exclusive-end id="246" timestamp="2019-06-16T01:08:58.507" durationms="2.062" />

<exclusive-start id="247" timestamp="2019-06-16T01:08:59.107" intervalms="601.895">
  <response-info timems="0.032" idlems="0.032" threads="0" lastid="0000000002875500" lastname="node-2" />
</exclusive-start>
<af-start id="248" threadId="0000000002875E88" totalBytesRequested="720" timestamp="2019-06-16T01:08:59.107" intervalms="601.884" type="nursery" />
<cycle-start id="249" type="scavenge" contextid="0" timestamp="2019-06-16T01:08:59.107" intervalms="601.921" />
<gc-start id="250" type="scavenge" contextid="249" timestamp="2019-06-16T01:08:59.107">
  <mem-info id="251" free="3674672" total="8781824" percent="41">
    <mem type="nursery" free="0" total="2490368" percent="0">
      <mem type="allocate" free="0" total="1703936" percent="0" />
      <mem type="survivor" free="0" total="786432" percent="0" />
    </mem>
    <mem type="tenure" free="3674672" total="6291456" percent="58">
      <mem type="soa" free="3360304" total="5977088" percent="56" />
      <mem type="loa" free="314368" total="314368" percent="100" />
    </mem>
    <remembered-set count="146" />
  </mem-info>
</gc-start>
<allocation-stats totalBytes="1271984" >
  <allocated-bytes non-tlh="16" tlh="1271968" />
  <largest-consumer threadName="node-4" threadId="0000000002879000" bytes="233352" />
</allocation-stats>
<gc-op id="252" type="scavenge" timems="1.159" contextid="249" timestamp="2019-06-16T01:08:59.108">
  <scavenger-info tenureage="3" tenuremask="fff8" tiltratio="68" />
  <memory-copied type="nursery" objects="15022" bytes="363048" bytesdiscarded="67800" />
  <memory-copied type="tenure" objects="4369" bytes="104856" bytesdiscarded="0" />
</gc-op>
<gc-end id="253" type="scavenge" contextid="249" durationms="1.427" usertimems="4.000" systemtimems="0.000" timestamp="2019-06-16T01:08:59.108" activeThreads="4">
  <mem-info id="254" free="4895792" total="8781824" percent="55">
    <mem type="nursery" free="1338624" total="2490368" percent="53">
      <mem type="allocate" free="1338624" total="1769472" percent="75" />
      <mem type="survivor" free="0" total="720896" percent="0" />
    </mem>
    <mem type="tenure" free="3557168" total="6291456" percent="56" macro-fragmented="2592282">
      <mem type="soa" free="3242800" total="5977088" percent="54" />
      <mem type="loa" free="314368" total="314368" percent="100" />
    </mem>
    <remembered-set count="128" />
  </mem-info>
</gc-end>
<cycle-end id="255" type="scavenge" contextid="249" timestamp="2019-06-16T01:08:59.109" />
  <attribute name="elasticGC enabled" value="1" />
  <attribute name= "numThreadsSpecified" value="4" />
  <attribute name="heapSize specified" value="8388608" />
  <attribute name="Current GC Util" value="0" />
  <attribute name= "Current Time Running" value="15636" />
  <attribute name ="GC Interval" value="200" />
  <attribute name="ProportionalT" value="-30.000000" />
  <attribute name="ProportionalI" value="-30.000000" />
  <attribute name="ProportionalH" value="-30.000000" />
  <attribute name="Current Error" value="-20.000000" />
  <attribute name="IntegralT" value="-12020.000000" />
  <attribute name="IntegralI" value="-12020.000000" />
  <attribute name="IntegralH" value="-12020.000000" />
  <attribute name="DerivativeT" value="-0.033278" />
  <attribute name="DerivativeI" value="-0.033278" />
  <attribute name="DerivativeH" value="-0.033278" />
  <attribute name="Loop Time for DT" value="601.000000" />
  <attribute name="Output H" value="2092630016"/>
  <attribute name="Output I" value="200"/>
  <attribute name="Output T" value="4"/>
  <attribute name="Target GC Util Change" value ="20.000000" />
  <attribute name="Current GC Util Change" value="0.000000"/>
  <attribute name="GC Util currently" value="0" />
  <attribute name="CPU Util currently" value="4" />
<allocation-satisfied id="256" threadId="0000000002875500" bytesRequested="720" />
<af-end id="257" timestamp="2019-06-16T01:08:59.109" threadId="0000000002875E88" success="true" from="nursery"/>
<exclusive-end id="258" timestamp="2019-06-16T01:08:59.109" durationms="2.175" />

<exclusive-start id="259" timestamp="2019-06-16T01:08:59.745" intervalms="638.360">
  <response-info timems="0.031" idlems="0.031" threads="0" lastid="000000000286DD00" lastname="node-0" />
</exclusive-start>
<af-start id="260" threadId="000000000286E688" totalBytesRequested="32" timestamp="2019-06-16T01:08:59.745" intervalms="638.363" type="nursery" />
<cycle-start id="261" type="scavenge" contextid="0" timestamp="2019-06-16T01:08:59.745" intervalms="638.364" />
<gc-start id="262" type="scavenge" contextid="261" timestamp="2019-06-16T01:08:59.745">
  <mem-info id="263" free="3557168" total="8781824" percent="40">
    <mem type="nursery" free="0" total="2490368" percent="0">
      <mem type="allocate" free="0" total="1769472" percent="0" />
      <mem type="survivor" free="0" total="720896" percent="0" />
    </mem>
    <mem type="tenure" free="3557168" total="6291456" percent="56">
      <mem type="soa" free="3242800" total="5977088" percent="54" />
      <mem type="loa" free="314368" total="314368" percent="100" />
    </mem>
    <remembered-set count="145" />
  </mem-info>
</gc-start>
<allocation-stats totalBytes="1337536" >
  <allocated-bytes non-tlh="720" tlh="1336816" />
  <largest-consumer threadName="node-5" threadId="000000000286A100" bytes="244696" />
</allocation-stats>
<gc-op id="264" type="scavenge" timems="1.241" contextid="261" timestamp="2019-06-16T01:08:59.747">
  <scavenger-info tenureage="3" tenuremask="fff8" tiltratio="71" />
  <memory-copied type="nursery" objects="15777" bytes="379584" bytesdiscarded="51264" />
  <memory-copied type="tenure" objects="4929" bytes="118296" bytesdiscarded="0" />
</gc-op>
<gc-end id="265" type="scavenge" contextid="261" durationms="1.771" usertimems="0.000" systemtimems="0.000" timestamp="2019-06-16T01:08:59.747" activeThreads="4">
  <mem-info id="266" free="4804656" total="8781824" percent="54">
    <mem type="nursery" free="1404160" total="2490368" percent="56">
      <mem type="allocate" free="1404160" total="1835008" percent="76" />
      <mem type="survivor" free="0" total="655360" percent="0" />
    </mem>
    <mem type="tenure" free="3400496" total="6291456" percent="54" macro-fragmented="1800196">
      <mem type="soa" free="3086128" total="5977088" percent="51" />
      <mem type="loa" free="314368" total="314368" percent="100" />
    </mem>
    <remembered-set count="128" />
  </mem-info>
</gc-end>
<cycle-end id="267" type="scavenge" contextid="261" timestamp="2019-06-16T01:08:59.747" />
  <attribute name="elasticGC enabled" value="1" />
  <attribute name= "numThreadsSpecified" value="4" />
  <attribute name="heapSize specified" value="8388608" />
  <attribute name="Current GC Util" value="0" />
  <attribute name= "Current Time Running" value="16275" />
  <attribute name ="GC Interval" value="200" />
  <attribute name="ProportionalT" value="-30.000000" />
  <attribute name="ProportionalI" value="-30.000000" />
  <attribute name="ProportionalH" value="-30.000000" />
  <attribute name="Current Error" value="-20.000000" />
  <attribute name="IntegralT" value="-12780.000000" />
  <attribute name="IntegralI" value="-12780.000000" />
  <attribute name="IntegralH" value="-12780.000000" />
  <attribute name="DerivativeT" value="-0.031299" />
  <attribute name="DerivativeI" value="-0.031299" />
  <attribute name="DerivativeH" value="-0.031299" />
  <attribute name="Loop Time for DT" value="639.000000" />
  <attribute name="Output H" value="2092630016"/>
  <attribute name="Output I" value="200"/>
  <attribute name="Output T" value="4"/>
  <attribute name="Target GC Util Change" value ="20.000000" />
  <attribute name="Current GC Util Change" value="0.000000"/>
  <attribute name="GC Util currently" value="0" />
  <attribute name="CPU Util currently" value="4" />
<allocation-satisfied id="268" threadId="000000000286DD00" bytesRequested="32" />
<af-end id="269" timestamp="2019-06-16T01:08:59.748" threadId="000000000286E688" success="true" from="nursery"/>
<exclusive-end id="270" timestamp="2019-06-16T01:08:59.748" durationms="2.655" />

<exclusive-start id="271" timestamp="2019-06-16T01:09:00.430" intervalms="684.727">
  <response-info timems="0.028" idlems="0.028" threads="0" lastid="0000000002866500" lastname="node-1" />
</exclusive-start>
<af-start id="272" threadId="0000000002866E88" totalBytesRequested="32" timestamp="2019-06-16T01:09:00.430" intervalms="684.733" type="nursery" />
<cycle-start id="273" type="scavenge" contextid="0" timestamp="2019-06-16T01:09:00.430" intervalms="684.682" />
<gc-start id="274" type="scavenge" contextid="273" timestamp="2019-06-16T01:09:00.430">
  <mem-info id="275" free="3400496" total="8781824" percent="38">
    <mem type="nursery" free="0" total="2490368" percent="0">
      <mem type="allocate" free="0" total="1835008" percent="0" />
      <mem type="survivor" free="0" total="655360" percent="0" />
    </mem>
    <mem type="tenure" free="3400496" total="6291456" percent="54">
      <mem type="soa" free="3086128" total="5977088" percent="51" />
      <mem type="loa" free="314368" total="314368" percent="100" />
    </mem>
    <remembered-set count="142" />
  </mem-info>
</gc-start>
<allocation-stats totalBytes="1403376" >
  <allocated-bytes non-tlh="32" tlh="1403344" />
  <largest-consumer threadName="node-3" threadId="0000000002871900" bytes="257984" />
</allocation-stats>
<gc-op id="276" type="scavenge" timems="2.781" contextid="273" timestamp="2019-06-16T01:09:00.433">
  <scavenger-info tenureage="3" tenuremask="fff8" tiltratio="73" />
  <memory-copied type="nursery" objects="15925" bytes="382688" bytesdiscarded="19744" />
  <memory-copied type="tenure" objects="5412" bytes="129888" bytesdiscarded="0" />
</gc-op>
<gc-end id="277" type="scavenge" contextid="273" durationms="3.023" usertimems="4.000" systemtimems="0.000" timestamp="2019-06-16T01:09:00.433" activeThreads="4">
  <mem-info id="278" free="4684848" total="8781824" percent="53">
    <mem type="nursery" free="1432576" total="2490368" percent="57">
      <mem type="allocate" free="1432576" total="1835008" percent="78" />
      <mem type="survivor" free="0" total="655360" percent="0" />
    </mem>
    <mem type="tenure" free="3252272" total="6291456" percent="51" macro-fragmented="2592282">
      <mem type="soa" free="2937904" total="5977088" percent="49" />
      <mem type="loa" free="314368" total="314368" percent="100" />
    </mem>
    <remembered-set count="124" />
  </mem-info>
</gc-end>
<cycle-end id="279" type="scavenge" contextid="273" timestamp="2019-06-16T01:09:00.433" />
  <attribute name="elasticGC enabled" value="1" />
  <attribute name= "numThreadsSpecified" value="4" />
  <attribute name="heapSize specified" value="8388608" />
  <attribute name="Current GC Util" value="0" />
  <attribute name= "Current Time Running" value="16959" />
  <attribute name ="GC Interval" value="200" />
  <attribute name="ProportionalT" value="-30.000000" />
  <attribute name="ProportionalI" value="-30.000000" />
  <attribute name="ProportionalH" value="-30.000000" />
  <attribute name="Current Error" value="-20.000000" />
  <attribute name="IntegralT" value="-13680.000000" />
  <attribute name="IntegralI" value="-13680.000000" />
  <attribute name="IntegralH" value="-13680.000000" />
  <attribute name="DerivativeT" value="-0.029240" />
  <attribute name="DerivativeI" value="-0.029240" />
  <attribute name="DerivativeH" value="-0.029240" />
  <attribute name="Loop Time for DT" value="684.000000" />
  <attribute name="Output H" value="2092630016"/>
  <attribute name="Output I" value="200"/>
  <attribute name="Output T" value="4"/>
  <attribute name="Target GC Util Change" value ="20.000000" />
  <attribute name="Current GC Util Change" value="0.000000"/>
  <attribute name="GC Util currently" value="0" />
  <attribute name="CPU Util currently" value="5" />
<allocation-satisfied id="280" threadId="0000000002866500" bytesRequested="32" />
<af-end id="281" timestamp="2019-06-16T01:09:00.433" threadId="0000000002866E88" success="true" from="nursery"/>
<exclusive-end id="282" timestamp="2019-06-16T01:09:00.433" durationms="3.475" />

<exclusive-start id="283" timestamp="2019-06-16T01:09:01.097" intervalms="667.279">
  <response-info timems="0.029" idlems="0.029" threads="0" lastid="0000000002866500" lastname="node-1" />
</exclusive-start>
<af-start id="284" threadId="0000000002866E88" totalBytesRequested="32" timestamp="2019-06-16T01:09:01.097" intervalms="667.244" type="nursery" />
<cycle-start id="285" type="scavenge" contextid="0" timestamp="2019-06-16T01:09:01.097" intervalms="667.246" />
<gc-start id="286" type="scavenge" contextid="285" timestamp="2019-06-16T01:09:01.097">
  <mem-info id="287" free="3252272" total="8781824" percent="37">
    <mem type="nursery" free="0" total="2490368" percent="0">
      <mem type="allocate" free="0" total="1835008" percent="0" />
      <mem type="survivor" free="0" total="655360" percent="0" />
    </mem>
    <mem type="tenure" free="3252272" total="6291456" percent="51">
      <mem type="soa" free="2937904" total="5977088" percent="49" />
      <mem type="loa" free="314368" total="314368" percent="100" />
    </mem>
    <remembered-set count="141" />
  </mem-info>
</gc-start>
<allocation-stats totalBytes="1431376" >
  <allocated-bytes non-tlh="32" tlh="1431344" />
  <largest-consumer threadName="node-5" threadId="000000000286A100" bytes="286616" />
</allocation-stats>
<gc-op id="288" type="scavenge" timems="2.802" contextid="285" timestamp="2019-06-16T01:09:01.100">
  <scavenger-info tenureage="3" tenuremask="7ff8" tiltratio="73" />
  <memory-copied type="nursery" objects="17601" bytes="422184" bytesdiscarded="111576" />
  <memory-copied type="tenure" objects="4629" bytes="111096" bytesdiscarded="0" />
</gc-op>
<gc-end id="289" type="scavenge" contextid="285" durationms="3.032" usertimems="4.000" systemtimems="0.000" timestamp="2019-06-16T01:09:01.100" activeThreads="4">
  <mem-info id="290" free="4536368" total="8781824" percent="51">
    <mem type="nursery" free="1432320" total="2490368" percent="57">
      <mem type="allocate" free="1432320" total="1966080" percent="72" />
      <mem type="survivor" free="0" total="524288" percent="0" />
    </mem>
    <mem type="tenure" free="3104048" total="6291456" percent="49" macro-fragmented="2592282">
      <mem type="soa" free="2789680" total="5977088" percent="46" />
      <mem type="loa" free="314368" total="314368" percent="100" />
    </mem>
    <remembered-set count="117" />
  </mem-info>
</gc-end>
<cycle-end id="291" type="scavenge" contextid="285" timestamp="2019-06-16T01:09:01.100" />
  <attribute name="elasticGC enabled" value="1" />
  <attribute name= "numThreadsSpecified" value="4" />
  <attribute name="heapSize specified" value="8388608" />
  <attribute name="Current GC Util" value="0" />
  <attribute name= "Current Time Running" value="17627" />
  <attribute name ="GC Interval" value="200" />
  <attribute name="ProportionalT" value="-30.000000" />
  <attribute name="ProportionalI" value="-30.000000" />
  <attribute name="ProportionalH" value="-30.000000" />
  <attribute name="Current Error" value="-20.000000" />
  <attribute name="IntegralT" value="-13360.000000" />
  <attribute name="IntegralI" value="-13360.000000" />
  <attribute name="IntegralH" value="-13360.000000" />
  <attribute name="DerivativeT" value="-0.029940" />
  <attribute name="DerivativeI" value="-0.029940" />
  <attribute name="DerivativeH" value="-0.029940" />
  <attribute name="Loop Time for DT" value="668.000000" />
  <attribute name="Output H" value="2092630016"/>
  <attribute name="Output I" value="200"/>
  <attribute name="Output T" value="4"/>
  <attribute name="Target GC Util Change" value ="20.000000" />
  <attribute name="Current GC Util Change" value="0.000000"/>
  <attribute name="GC Util currently" value="0" />
  <attribute name="CPU Util currently" value="4" />
<allocation-satisfied id="292" threadId="0000000002866500" bytesRequested="32" />
<af-end id="293" timestamp="2019-06-16T01:09:01.101" threadId="0000000002866E88" success="true" from="nursery"/>
<exclusive-end id="294" timestamp="2019-06-16T01:09:01.101" durationms="3.662" />

<exclusive-start id="295" timestamp="2019-06-16T01:09:01.832" intervalms="735.399">
  <response-info timems="0.032" idlems="0.032" threads="0" lastid="000000000286A100" lastname="node-5" />
</exclusive-start>
<af-start id="296" threadId="000000000286AA88" totalBytesRequested="32" timestamp="2019-06-16T01:09:01.833" intervalms="735.427" type="nursery" />
<cycle-start id="297" type="scavenge" contextid="0" timestamp="2019-06-16T01:09:01.833" intervalms="735.434" />
<gc-start id="298" type="scavenge" contextid="297" timestamp="2019-06-16T01:09:01.833">
  <mem-info id="299" free="3104048" total="8781824" percent="35">
    <mem type="nursery" free="0" total="2490368" percent="0">
      <mem type="allocate" free="0" total="1966080" percent="0" />
      <mem type="survivor" free="0" total="524288" percent="0" />
    </mem>
    <mem type="tenure" free="3104048" total="6291456" percent="49">
      <mem type="soa" free="2789680" total="5977088" percent="46" />
      <mem type="loa" free="314368" total="314368" percent="100" />
    </mem>
    <remembered-set count="140" />
  </mem-info>
</gc-start>
<allocation-stats totalBytes="1431592" >
  <allocated-bytes non-tlh="32" tlh="1431560" />
  <largest-consumer threadName="node-1" threadId="0000000002866500" bytes="257808" />
</allocation-stats>
<gc-op id="300" type="scavenge" timems="2.908" contextid="297" timestamp="2019-06-16T01:09:01.836">
  <scavenger-info tenureage="3" tenuremask="fff8" tiltratio="78" />
  <memory-copied type="nursery" objects="17838" bytes="427872" bytesdiscarded="30624" />
  <memory-copied type="tenure" objects="5694" bytes="136656" bytesdiscarded="8" />
</gc-op>
<gc-end id="301" type="scavenge" contextid="297" durationms="3.345" usertimems="4.000" systemtimems="0.000" timestamp="2019-06-16T01:09:01.836" activeThreads="4">
  <mem-info id="302" free="4533296" total="8781824" percent="51">
    <mem type="nursery" free="1507584" total="2490368" percent="60">
      <mem type="allocate" free="1507584" total="1966080" percent="76" />
      <mem type="survivor" free="0" total="524288" percent="0" />
    </mem>
    <mem type="tenure" free="3025712" total="6291456" percent="48" macro-fragmented="1800196">
      <mem type="soa" free="2711344" total="5977088" percent="45" />
      <mem type="loa" free="314368" total="314368" percent="100" />
    </mem>
    <remembered-set count="118" />
  </mem-info>
</gc-end>
<cycle-end id="303" type="scavenge" contextid="297" timestamp="2019-06-16T01:09:01.836" />
  <attribute name="elasticGC enabled" value="1" />
  <attribute name= "numThreadsSpecified" value="4" />
  <attribute name="heapSize specified" value="8388608" />
  <attribute name="Current GC Util" value="0" />
  <attribute name= "Current Time Running" value="18362" />
  <attribute name ="GC Interval" value="200" />
  <attribute name="ProportionalT" value="-30.000000" />
  <attribute name="ProportionalI" value="-30.000000" />
  <attribute name="ProportionalH" value="-30.000000" />
  <attribute name="Current Error" value="-20.000000" />
  <attribute name="IntegralT" value="-14700.000000" />
  <attribute name="IntegralI" value="-14700.000000" />
  <attribute name="IntegralH" value="-14700.000000" />
  <attribute name="DerivativeT" value="-0.027211" />
  <attribute name="DerivativeI" value="-0.027211" />
  <attribute name="DerivativeH" value="-0.027211" />
  <attribute name="Loop Time for DT" value="735.000000" />
  <attribute name="Output H" value="2092630016"/>
  <attribute name="Output I" value="200"/>
  <attribute name="Output T" value="4"/>
  <attribute name="Target GC Util Change" value ="20.000000" />
  <attribute name="Current GC Util Change" value="0.000000"/>
  <attribute name="GC Util currently" value="0" />
  <attribute name="CPU Util currently" value="4" />
<allocation-satisfied id="304" threadId="000000000286A100" bytesRequested="32" />
<af-end id="305" timestamp="2019-06-16T01:09:01.836" threadId="000000000286AA88" success="true" from="nursery"/>
<exclusive-end id="306" timestamp="2019-06-16T01:09:01.837" durationms="4.117" />

<exclusive-start id="307" timestamp="2019-06-16T01:09:02.521" intervalms="688.363">
  <response-info timems="0.030" idlems="0.030" threads="0" lastid="000000000286DD00" lastname="node-0" />
</exclusive-start>
<af-start id="308" threadId="000000000286E688" totalBytesRequested="16" timestamp="2019-06-16T01:09:02.521" intervalms="688.372" type="nursery" />
<cycle-start id="309" type="scavenge" contextid="0" timestamp="2019-06-16T01:09:02.521" intervalms="688.378" />
<gc-start id="310" type="scavenge" contextid="309" timestamp="2019-06-16T01:09:02.521">
  <mem-info id="311" free="3025712" total="8781824" percent="34">
    <mem type="nursery" free="0" total="2490368" percent="0">
      <mem type="allocate" free="0" total="1966080" percent="0" />
      <mem type="survivor" free="0" total="524288" percent="0" />
    </mem>
    <mem type="tenure" free="3025712" total="6291456" percent="48">
      <mem type="soa" free="2711344" total="5977088" percent="45" />
      <mem type="loa" free="314368" total="314368" percent="100" />
    </mem>
    <remembered-set count="141" />
  </mem-info>
</gc-start>
<allocation-stats totalBytes="1506640" >
  <allocated-bytes non-tlh="32" tlh="1506608" />
  <largest-consumer threadName="node-5" threadId="000000000286A100" bytes="286680" />
</allocation-stats>
<gc-op id="312" type="scavenge" timems="2.952" contextid="309" timestamp="2019-06-16T01:09:02.524">
  <scavenger-info tenureage="2" tenuremask="7ffc" tiltratio="78" />
  <memory-copied type="nursery" objects="11901" bytes="288152" bytesdiscarded="13672" />
  <memory-copied type="tenure" objects="11877" bytes="285048" bytesdiscarded="16" />
</gc-op>
<gc-end id="313" type="scavenge" contextid="309" durationms="3.342" usertimems="0.000" systemtimems="4.000" timestamp="2019-06-16T01:09:02.524" activeThreads="4">
  <mem-info id="314" free="4309808" total="8781824" percent="49">
    <mem type="nursery" free="1664256" total="2490368" percent="66">
      <mem type="allocate" free="1664256" total="1966080" percent="84" />
      <mem type="survivor" free="0" total="524288" percent="0" />
    </mem>
    <mem type="tenure" free="2645552" total="6291456" percent="42" macro-fragmented="1800196">
      <mem type="soa" free="2331184" total="5977088" percent="39" />
      <mem type="loa" free="314368" total="314368" percent="100" />
    </mem>
    <remembered-set count="124" />
  </mem-info>
</gc-end>
<cycle-end id="315" type="scavenge" contextid="309" timestamp="2019-06-16T01:09:02.525" />
  <attribute name="elasticGC enabled" value="1" />
  <attribute name= "numThreadsSpecified" value="4" />
  <attribute name="heapSize specified" value="8388608" />
  <attribute name="Current GC Util" value="0" />
  <attribute name= "Current Time Running" value="19050" />
  <attribute name ="GC Interval" value="200" />
  <attribute name="ProportionalT" value="-30.000000" />
  <attribute name="ProportionalI" value="-30.000000" />
  <attribute name="ProportionalH" value="-30.000000" />
  <attribute name="Current Error" value="-20.000000" />
  <attribute name="IntegralT" value="-13760.000000" />
  <attribute name="IntegralI" value="-13760.000000" />
  <attribute name="IntegralH" value="-13760.000000" />
  <attribute name="DerivativeT" value="-0.029070" />
  <attribute name="DerivativeI" value="-0.029070" />
  <attribute name="DerivativeH" value="-0.029070" />
  <attribute name="Loop Time for DT" value="688.000000" />
  <attribute name="Output H" value="2092630016"/>
  <attribute name="Output I" value="200"/>
  <attribute name="Output T" value="4"/>
  <attribute name="Target GC Util Change" value ="20.000000" />
  <attribute name="Current GC Util Change" value="0.000000"/>
  <attribute name="GC Util currently" value="0" />
  <attribute name="CPU Util currently" value="4" />
<allocation-satisfied id="316" threadId="000000000286DD00" bytesRequested="16" />
<af-end id="317" timestamp="2019-06-16T01:09:02.525" threadId="000000000286E688" success="true" from="nursery"/>
<exclusive-end id="318" timestamp="2019-06-16T01:09:02.525" durationms="3.938" />

<exclusive-start id="319" timestamp="2019-06-16T01:09:03.327" intervalms="806.226">
  <response-info timems="0.065" idlems="0.027" threads="2" lastid="000000000286DD00" lastname="node-0" />
</exclusive-start>
<af-start id="320" threadId="0000000002866E88" totalBytesRequested="720" timestamp="2019-06-16T01:09:03.327" intervalms="806.254" type="nursery" />
<cycle-start id="321" type="scavenge" contextid="0" timestamp="2019-06-16T01:09:03.327" intervalms="806.279" />
<gc-start id="322" type="scavenge" contextid="321" timestamp="2019-06-16T01:09:03.327">
  <mem-info id="323" free="2645552" total="8781824" percent="30">
    <mem type="nursery" free="0" total="2490368" percent="0">
      <mem type="allocate" free="0" total="1966080" percent="0" />
      <mem type="survivor" free="0" total="524288" percent="0" />
    </mem>
    <mem type="tenure" free="2645552" total="6291456" percent="42">
      <mem type="soa" free="2331184" total="5977088" percent="39" />
      <mem type="loa" free="314368" total="314368" percent="100" />
    </mem>
    <remembered-set count="141" />
  </mem-info>
</gc-start>
<allocation-stats totalBytes="1662328" >
  <allocated-bytes non-tlh="16" tlh="1662312" />
  <largest-consumer threadName="node-2" threadId="0000000002875500" bytes="286672" />
</allocation-stats>
<gc-op id="324" type="scavenge" timems="1.970" contextid="321" timestamp="2019-06-16T01:09:03.330">
  <scavenger-info tenureage="2" tenuremask="7ff4" tiltratio="78" />
  <memory-copied type="nursery" objects="12103" bytes="293016" bytesdiscarded="87144" />
  <memory-copied type="tenure" objects="5931" bytes="142344" bytesdiscarded="0" />
</gc-op>
<gc-end id="325" type="scavenge" contextid="321" durationms="2.600" usertimems="0.000" systemtimems="0.000" timestamp="2019-06-16T01:09:03.330" activeThreads="4">
  <mem-info id="326" free="4257840" total="8781824" percent="48">
    <mem type="nursery" free="1651456" total="2490368" percent="66">
      <mem type="allocate" free="1651456" total="2031616" percent="81" />
      <mem type="survivor" free="0" total="458752" percent="0" />
    </mem>
    <mem type="tenure" free="2606384" total="6291456" percent="41" macro-fragmented="1500163">
      <mem type="soa" free="2292016" total="5977088" percent="38" />
      <mem type="loa" free="314368" total="314368" percent="100" />
    </mem>
    <remembered-set count="120" />
  </mem-info>
</gc-end>
<cycle-end id="327" type="scavenge" contextid="321" timestamp="2019-06-16T01:09:03.330" />
  <attribute name="elasticGC enabled" value="1" />
  <attribute name= "numThreadsSpecified" value="4" />
  <attribute name="heapSize specified" value="8388608" />
  <attribute name="Current GC Util" value="0" />
  <attribute name= "Current Time Running" value="19857" />
  <attribute name ="GC Interval" value="200" />
  <attribute name="ProportionalT" value="-30.000000" />
  <attribute name="ProportionalI" value="-30.000000" />
  <attribute name="ProportionalH" value="-30.000000" />
  <attribute name="Current Error" value="-20.000000" />
  <attribute name="IntegralT" value="-16140.000000" />
  <attribute name="IntegralI" value="-16140.000000" />
  <attribute name="IntegralH" value="-16140.000000" />
  <attribute name="DerivativeT" value="-0.024783" />
  <attribute name="DerivativeI" value="-0.024783" />
  <attribute name="DerivativeH" value="-0.024783" />
  <attribute name="Loop Time for DT" value="807.000000" />
  <attribute name="Output H" value="2092630016"/>
  <attribute name="Output I" value="200"/>
  <attribute name="Output T" value="4"/>
  <attribute name="Target GC Util Change" value ="20.000000" />
  <attribute name="Current GC Util Change" value="0.000000"/>
  <attribute name="GC Util currently" value="0" />
  <attribute name="CPU Util currently" value="5" />
<allocation-satisfied id="328" threadId="0000000002866500" bytesRequested="720" />
<af-end id="329" timestamp="2019-06-16T01:09:03.330" threadId="0000000002866E88" success="true" from="nursery"/>
<exclusive-end id="330" timestamp="2019-06-16T01:09:03.330" durationms="3.366" />

<exclusive-start id="331" timestamp="2019-06-16T01:09:04.041" intervalms="714.118">
  <response-info timems="0.034" idlems="0.034" threads="0" lastid="0000000002866500" lastname="node-1" />
</exclusive-start>
<af-start id="332" threadId="0000000002866E88" totalBytesRequested="16" timestamp="2019-06-16T01:09:04.041" intervalms="714.080" type="nursery" />
<cycle-start id="333" type="scavenge" contextid="0" timestamp="2019-06-16T01:09:04.041" intervalms="714.041" />
<gc-start id="334" type="scavenge" contextid="333" timestamp="2019-06-16T01:09:04.041">
  <mem-info id="335" free="2606384" total="8781824" percent="29">
    <mem type="nursery" free="0" total="2490368" percent="0">
      <mem type="allocate" free="0" total="2031616" percent="0" />
      <mem type="survivor" free="0" total="458752" percent="0" />
    </mem>
    <mem type="tenure" free="2606384" total="6291456" percent="41">
      <mem type="soa" free="2292016" total="5977088" percent="38" />
      <mem type="loa" free="314368" total="314368" percent="100" />
    </mem>
    <remembered-set count="140" />
  </mem-info>
</gc-start>
<allocation-stats totalBytes="1650392" >
  <allocated-bytes non-tlh="720" tlh="1649672" />
  <largest-consumer threadName="node-0" threadId="000000000286DD00" bytes="286648" />
</allocation-stats>
<gc-op id="336" type="scavenge" timems="2.665" contextid="333" timestamp="2019-06-16T01:09:04.044">
  <scavenger-info tenureage="4" tenuremask="7ff0" tiltratio="81" />
  <memory-copied type="nursery" objects="18748" bytes="452440" bytesdiscarded="6312" />
</gc-op>
<gc-end id="337" type="scavenge" contextid="333" durationms="3.148" usertimems="0.000" systemtimems="4.000" timestamp="2019-06-16T01:09:04.045" activeThreads="4">
  <mem-info id="338" free="3982640" total="8781824" percent="45">
    <mem type="nursery" free="1376256" total="2490368" percent="55">
      <mem type="allocate" free="1376256" total="1835008" percent="75" />
      <mem type="survivor" free="0" total="655360" percent="0" />
    </mem>
    <mem type="tenure" free="2606384" total="6291456" percent="41" macro-fragmented="0">
      <mem type="soa" free="2292016" total="5977088" percent="38" />
      <mem type="loa" free="314368" total="314368" percent="100" />
    </mem>
    <remembered-set count="123" />
  </mem-info>
</gc-end>
<cycle-end id="339" type="scavenge" contextid="333" timestamp="2019-06-16T01:09:04.045" />
  <attribute name="elasticGC enabled" value="1" />
  <attribute name= "numThreadsSpecified" value="4" />
  <attribute name="heapSize specified" value="8388608" />
  <attribute name="Current GC Util" value="0" />
  <attribute name= "Current Time Running" value="20571" />
  <attribute name ="GC Interval" value="200" />
  <attribute name="ProportionalT" value="-30.000000" />
  <attribute name="ProportionalI" value="-30.000000" />
  <attribute name="ProportionalH" value="-30.000000" />
  <attribute name="Current Error" value="-20.000000" />
  <attribute name="IntegralT" value="-14280.000000" />
  <attribute name="IntegralI" value="-14280.000000" />
  <attribute name="IntegralH" value="-14280.000000" />
  <attribute name="DerivativeT" value="-0.028011" />
  <attribute name="DerivativeI" value="-0.028011" />
  <attribute name="DerivativeH" value="-0.028011" />
  <attribute name="Loop Time for DT" value="714.000000" />
  <attribute name="Output H" value="2092630016"/>
  <attribute name="Output I" value="200"/>
  <attribute name="Output T" value="4"/>
  <attribute name="Target GC Util Change" value ="20.000000" />
  <attribute name="Current GC Util Change" value="0.000000"/>
  <attribute name="GC Util currently" value="0" />
  <attribute name="CPU Util currently" value="6" />
<allocation-satisfied id="340" threadId="0000000002866500" bytesRequested="16" />
<af-end id="341" timestamp="2019-06-16T01:09:04.045" threadId="0000000002866E88" success="true" from="nursery"/>
<exclusive-end id="342" timestamp="2019-06-16T01:09:04.045" durationms="3.713" />

<exclusive-start id="343" timestamp="2019-06-16T01:09:04.730" intervalms="688.969">
  <response-info timems="0.024" idlems="0.024" threads="0" lastid="0000000002879000" lastname="node-4" />
</exclusive-start>
<af-start id="344" threadId="0000000002879988" totalBytesRequested="32" timestamp="2019-06-16T01:09:04.730" intervalms="688.974" type="nursery" />
<cycle-start id="345" type="scavenge" contextid="0" timestamp="2019-06-16T01:09:04.730" intervalms="688.977" />
<gc-start id="346" type="scavenge" contextid="345" timestamp="2019-06-16T01:09:04.730">
  <mem-info id="347" free="2606384" total="8781824" percent="29">
    <mem type="nursery" free="0" total="2490368" percent="0">
      <mem type="allocate" free="0" total="1835008" percent="0" />
      <mem type="survivor" free="0" total="655360" percent="0" />
    </mem>
    <mem type="tenure" free="2606384" total="6291456" percent="41">
      <mem type="soa" free="2292016" total="5977088" percent="38" />
      <mem type="loa" free="314368" total="314368" percent="100" />
    </mem>
    <remembered-set count="140" />
  </mem-info>
</gc-start>
<allocation-stats totalBytes="1375696" >
  <allocated-bytes non-tlh="16" tlh="1375680" />
  <largest-consumer threadName="node-2" threadId="0000000002875500" bytes="233432" />
</allocation-stats>
<gc-op id="348" type="scavenge" timems="1.483" contextid="345" timestamp="2019-06-16T01:09:04.732">
  <scavenger-info tenureage="2" tenuremask="7ffc" tiltratio="73" />
  <memory-copied type="nursery" objects="12718" bytes="304992" bytesdiscarded="8352" />
  <memory-copied type="tenure" objects="12052" bytes="289248" bytesdiscarded="0" />
</gc-op>
<gc-end id="349" type="scavenge" contextid="345" durationms="1.917" usertimems="0.000" systemtimems="0.000" timestamp="2019-06-16T01:09:04.732" activeThreads="4">
  <mem-info id="350" free="3814704" total="8781824" percent="43">
    <mem type="nursery" free="1521664" total="2490368" percent="61">
      <mem type="allocate" free="1521664" total="1835008" percent="82" />
      <mem type="survivor" free="0" total="655360" percent="0" />
    </mem>
    <mem type="tenure" free="2293040" total="6291456" percent="36" macro-fragmented="1500163">
      <mem type="soa" free="1978672" total="5977088" percent="33" />
      <mem type="loa" free="314368" total="314368" percent="100" />
    </mem>
    <remembered-set count="118" />
  </mem-info>
</gc-end>
<cycle-end id="351" type="scavenge" contextid="345" timestamp="2019-06-16T01:09:04.732" />
  <attribute name="elasticGC enabled" value="1" />
  <attribute name= "numThreadsSpecified" value="4" />
  <attribute name="heapSize specified" value="8388608" />
  <attribute name="Current GC Util" value="0" />
  <attribute name= "Current Time Running" value="21260" />
  <attribute name ="GC Interval" value="200" />
  <attribute name="ProportionalT" value="-30.000000" />
  <attribute name="ProportionalI" value="-30.000000" />
  <attribute name="ProportionalH" value="-30.000000" />
  <attribute name="Current Error" value="-20.000000" />
  <attribute name="IntegralT" value="-13780.000000" />
  <attribute name="IntegralI" value="-13780.000000" />
  <attribute name="IntegralH" value="-13780.000000" />
  <attribute name="DerivativeT" value="-0.029028" />
  <attribute name="DerivativeI" value="-0.029028" />
  <attribute name="DerivativeH" value="-0.029028" />
  <attribute name="Loop Time for DT" value="689.000000" />
  <attribute name="Output H" value="2092630016"/>
  <attribute name="Output I" value="200"/>
  <attribute name="Output T" value="4"/>
  <attribute name="Target GC Util Change" value ="20.000000" />
  <attribute name="Current GC Util Change" value="0.000000"/>
  <attribute name="GC Util currently" value="0" />
  <attribute name="CPU Util currently" value="4" />
<allocation-satisfied id="352" threadId="0000000002879000" bytesRequested="32" />
<af-end id="353" timestamp="2019-06-16T01:09:04.733" threadId="0000000002879988" success="true" from="nursery"/>
<exclusive-end id="354" timestamp="2019-06-16T01:09:04.733" durationms="2.627" />

<exclusive-start id="355" timestamp="2019-06-16T01:09:05.487" intervalms="757.089">
  <response-info timems="0.034" idlems="0.034" threads="0" lastid="0000000002875500" lastname="node-2" />
</exclusive-start>
<af-start id="356" threadId="0000000002875E88" totalBytesRequested="32" timestamp="2019-06-16T01:09:05.487" intervalms="757.089" type="nursery" />
<cycle-start id="357" type="scavenge" contextid="0" timestamp="2019-06-16T01:09:05.487" intervalms="757.093" />
<gc-start id="358" type="scavenge" contextid="357" timestamp="2019-06-16T01:09:05.487">
  <mem-info id="359" free="2293040" total="8781824" percent="26">
    <mem type="nursery" free="0" total="2490368" percent="0">
      <mem type="allocate" free="0" total="1835008" percent="0" />
      <mem type="survivor" free="0" total="655360" percent="0" />
    </mem>
    <mem type="tenure" free="2293040" total="6291456" percent="36">
      <mem type="soa" free="1978672" total="5977088" percent="33" />
      <mem type="loa" free="314368" total="314368" percent="100" />
    </mem>
    <remembered-set count="141" />
  </mem-info>
</gc-start>
<allocation-stats totalBytes="1520600" >
  <allocated-bytes non-tlh="32" tlh="1520568" />
  <largest-consumer threadName="node-4" threadId="0000000002879000" bytes="286656" />
</allocation-stats>
<gc-op id="360" type="scavenge" timems="1.177" contextid="357" timestamp="2019-06-16T01:09:05.489">
  <scavenger-info tenureage="2" tenuremask="7ff4" tiltratio="73" />
  <memory-copied type="nursery" objects="12324" bytes="295536" bytesdiscarded="56976" />
  <memory-copied type="tenure" objects="6644" bytes="159456" bytesdiscarded="0" />
</gc-op>
<gc-end id="361" type="scavenge" contextid="357" durationms="1.625" usertimems="0.000" systemtimems="0.000" timestamp="2019-06-16T01:09:05.489" activeThreads="4">
  <mem-info id="362" free="3684400" total="8781824" percent="41">
    <mem type="nursery" free="1548032" total="2490368" percent="62">
      <mem type="allocate" free="1548032" total="1900544" percent="81" />
      <mem type="survivor" free="0" total="589824" percent="0" />
    </mem>
    <mem type="tenure" free="2136368" total="6291456" percent="33" macro-fragmented="1500163">
      <mem type="soa" free="1822000" total="5977088" percent="30" />
      <mem type="loa" free="314368" total="314368" percent="100" />
    </mem>
    <remembered-set count="117" />
  </mem-info>
</gc-end>
<cycle-end id="363" type="scavenge" contextid="357" timestamp="2019-06-16T01:09:05.489" />
  <attribute name="elasticGC enabled" value="1" />
  <attribute name= "numThreadsSpecified" value="4" />
  <attribute name="heapSize specified" value="8388608" />
  <attribute name="Current GC Util" value="0" />
  <attribute name= "Current Time Running" value="22017" />
  <attribute name ="GC Interval" value="200" />
  <attribute name="ProportionalT" value="-30.000000" />
  <attribute name="ProportionalI" value="-30.000000" />
  <attribute name="ProportionalH" value="-30.000000" />
  <attribute name="Current Error" value="-20.000000" />
  <attribute name="IntegralT" value="-15140.000000" />
  <attribute name="IntegralI" value="-15140.000000" />
  <attribute name="IntegralH" value="-15140.000000" />
  <attribute name="DerivativeT" value="-0.026420" />
  <attribute name="DerivativeI" value="-0.026420" />
  <attribute name="DerivativeH" value="-0.026420" />
  <attribute name="Loop Time for DT" value="757.000000" />
  <attribute name="Output H" value="2092630016"/>
  <attribute name="Output I" value="200"/>
  <attribute name="Output T" value="4"/>
  <attribute name="Target GC Util Change" value ="20.000000" />
  <attribute name="Current GC Util Change" value="0.000000"/>
  <attribute name="GC Util currently" value="0" />
  <attribute name="CPU Util currently" value="7" />
<allocation-satisfied id="364" threadId="0000000002875500" bytesRequested="32" />
<af-end id="365" timestamp="2019-06-16T01:09:05.489" threadId="0000000002875E88" success="true" from="nursery"/>
<exclusive-end id="366" timestamp="2019-06-16T01:09:05.489" durationms="2.274" />

<exclusive-start id="367" timestamp="2019-06-16T01:09:06.154" intervalms="667.264">
  <response-info timems="0.034" idlems="0.034" threads="0" lastid="0000000002866500" lastname="node-1" />
</exclusive-start>
<af-start id="368" threadId="0000000002866E88" totalBytesRequested="32" timestamp="2019-06-16T01:09:06.155" intervalms="667.263" type="nursery" />
<cycle-start id="369" type="scavenge" contextid="0" timestamp="2019-06-16T01:09:06.155" intervalms="667.259" />
<gc-start id="370" type="scavenge" contextid="369" timestamp="2019-06-16T01:09:06.155">
  <mem-info id="371" free="2136368" total="8781824" percent="24">
    <mem type="nursery" free="0" total="2490368" percent="0">
      <mem type="allocate" free="0" total="1900544" percent="0" />
      <mem type="survivor" free="0" total="589824" percent="0" />
    </mem>
    <mem type="tenure" free="2136368" total="6291456" percent="33">
      <mem type="soa" free="1822000" total="5977088" percent="30" />
      <mem type="loa" free="314368" total="314368" percent="100" />
    </mem>
    <remembered-set count="140" />
  </mem-info>
</gc-start>
<allocation-stats totalBytes="1547704" >
  <allocated-bytes non-tlh="32" tlh="1547672" />
  <largest-consumer threadName="node-4" threadId="0000000002879000" bytes="286680" />
</allocation-stats>
<gc-op id="372" type="scavenge" timems="1.133" contextid="369" timestamp="2019-06-16T01:09:06.156">
  <scavenger-info tenureage="2" tenuremask="7ff4" tiltratio="76" />
  <memory-copied type="nursery" objects="12832" bytes="308912" bytesdiscarded="4432" />
  <memory-copied type="tenure" objects="6044" bytes="145056" bytesdiscarded="0" />
</gc-op>
<gc-end id="373" type="scavenge" contextid="369" durationms="1.576" usertimems="0.000" systemtimems="0.000" timestamp="2019-06-16T01:09:06.156" activeThreads="4">
  <mem-info id="374" free="3632432" total="8781824" percent="41">
    <mem type="nursery" free="1652736" total="2490368" percent="66">
      <mem type="allocate" free="1652736" total="1966080" percent="84" />
      <mem type="survivor" free="0" total="524288" percent="0" />
    </mem>
    <mem type="tenure" free="1979696" total="6291456" percent="31" macro-fragmented="1041779">
      <mem type="soa" free="1665328" total="5977088" percent="27" />
      <mem type="loa" free="314368" total="314368" percent="100" />
    </mem>
    <remembered-set count="126" />
  </mem-info>
</gc-end>
<cycle-end id="375" type="scavenge" contextid="369" timestamp="2019-06-16T01:09:06.156" />
  <attribute name="elasticGC enabled" value="1" />
  <attribute name= "numThreadsSpecified" value="4" />
  <attribute name="heapSize specified" value="8388608" />
  <attribute name="Current GC Util" value="0" />
  <attribute name= "Current Time Running" value="22684" />
  <attribute name ="GC Interval" value="200" />
  <attribute name="ProportionalT" value="-30.000000" />
  <attribute name="ProportionalI" value="-30.000000" />
  <attribute name="ProportionalH" value="-30.000000" />
  <attribute name="Current Error" value="-20.000000" />
  <attribute name="IntegralT" value="-13340.000000" />
  <attribute name="IntegralI" value="-13340.000000" />
  <attribute name="IntegralH" value="-13340.000000" />
  <attribute name="DerivativeT" value="-0.029985" />
  <attribute name="DerivativeI" value="-0.029985" />
  <attribute name="DerivativeH" value="-0.029985" />
  <attribute name="Loop Time for DT" value="667.000000" />
  <attribute name="Output H" value="2092630016"/>
  <attribute name="Output I" value="200"/>
  <attribute name="Output T" value="4"/>
  <attribute name="Target GC Util Change" value ="20.000000" />
  <attribute name="Current GC Util Change" value="0.000000"/>
  <attribute name="GC Util currently" value="0" />
  <attribute name="CPU Util currently" value="4" />
<allocation-satisfied id="376" threadId="0000000002866500" bytesRequested="32" />
<af-end id="377" timestamp="2019-06-16T01:09:06.156" threadId="0000000002866E88" success="true" from="nursery"/>
<exclusive-end id="378" timestamp="2019-06-16T01:09:06.157" durationms="2.026" />

<exclusive-start id="379" timestamp="2019-06-16T01:09:06.860" intervalms="705.337">
  <response-info timems="0.028" idlems="0.028" threads="0" lastid="000000000286DD00" lastname="node-0" />
</exclusive-start>
<af-start id="380" threadId="000000000286E688" totalBytesRequested="24" timestamp="2019-06-16T01:09:06.860" intervalms="705.333" type="nursery" />
<cycle-start id="381" type="scavenge" contextid="0" timestamp="2019-06-16T01:09:06.860" intervalms="705.337" />
<gc-start id="382" type="scavenge" contextid="381" timestamp="2019-06-16T01:09:06.860">
  <mem-info id="383" free="1979696" total="8781824" percent="22">
    <mem type="nursery" free="0" total="2490368" percent="0">
      <mem type="allocate" free="0" total="1966080" percent="0" />
      <mem type="survivor" free="0" total="524288" percent="0" />
    </mem>
    <mem type="tenure" free="1979696" total="6291456" percent="31">
      <mem type="soa" free="1665328" total="5977088" percent="27" />
      <mem type="loa" free="314368" total="314368" percent="100" />
    </mem>
    <remembered-set count="140" />
  </mem-info>
</gc-start>
<allocation-stats totalBytes="1651760" >
  <allocated-bytes non-tlh="32" tlh="1651728" />
  <largest-consumer threadName="node-1" threadId="0000000002866500" bytes="286664" />
</allocation-stats>
<gc-op id="384" type="scavenge" timems="1.186" contextid="381" timestamp="2019-06-16T01:09:06.861">
  <scavenger-info tenureage="2" tenuremask="7ff4" tiltratio="78" />
  <memory-copied type="nursery" objects="13258" bytes="318688" bytesdiscarded="72992" />
  <memory-copied type="tenure" objects="6250" bytes="150000" bytesdiscarded="0" />
</gc-op>
<gc-end id="385" type="scavenge" contextid="381" durationms="1.655" usertimems="0.000" systemtimems="0.000" timestamp="2019-06-16T01:09:06.862" activeThreads="4">
  <mem-info id="386" free="3436592" total="8781824" percent="39">
    <mem type="nursery" free="1574400" total="2490368" percent="63">
      <mem type="allocate" free="1574400" total="1966080" percent="80" />
      <mem type="survivor" free="0" total="524288" percent="0" />
    </mem>
    <mem type="tenure" free="1862192" total="6291456" percent="29" macro-fragmented="0">
      <mem type="soa" free="1547824" total="5977088" percent="25" />
      <mem type="loa" free="314368" total="314368" percent="100" />
    </mem>
    <remembered-set count="123" />
  </mem-info>
</gc-end>
<cycle-end id="387" type="scavenge" contextid="381" timestamp="2019-06-16T01:09:06.862" />
  <attribute name="elasticGC enabled" value="1" />
  <attribute name= "numThreadsSpecified" value="4" />
  <attribute name="heapSize specified" value="8388608" />
  <attribute name="Current GC Util" value="0" />
  <attribute name= "Current Time Running" value="23389" />
  <attribute name ="GC Interval" value="200" />
  <attribute name="ProportionalT" value="-30.000000" />
  <attribute name="ProportionalI" value="-30.000000" />
  <attribute name="ProportionalH" value="-30.000000" />
  <attribute name="Current Error" value="-20.000000" />
  <attribute name="IntegralT" value="-14100.000000" />
  <attribute name="IntegralI" value="-14100.000000" />
  <attribute name="IntegralH" value="-14100.000000" />
  <attribute name="DerivativeT" value="-0.028369" />
  <attribute name="DerivativeI" value="-0.028369" />
  <attribute name="DerivativeH" value="-0.028369" />
  <attribute name="Loop Time for DT" value="705.000000" />
  <attribute name="Output H" value="2092630016"/>
  <attribute name="Output I" value="200"/>
  <attribute name="Output T" value="4"/>
  <attribute name="Target GC Util Change" value ="20.000000" />
  <attribute name="Current GC Util Change" value="0.000000"/>
  <attribute name="GC Util currently" value="0" />
  <attribute name="CPU Util currently" value="1" />
<allocation-satisfied id="388" threadId="000000000286DD00" bytesRequested="24" />
<af-end id="389" timestamp="2019-06-16T01:09:06.862" threadId="000000000286E688" success="true" from="nursery"/>
<exclusive-end id="390" timestamp="2019-06-16T01:09:06.862" durationms="2.392" />

<exclusive-start id="391" timestamp="2019-06-16T01:09:07.479" intervalms="619.461">
  <response-info timems="0.197" idlems="0.100" threads="1" lastid="000000000286A100" lastname="node-5" />
</exclusive-start>
<af-start id="392" threadId="0000000002866E88" totalBytesRequested="32" timestamp="2019-06-16T01:09:07.479" intervalms="619.460" type="nursery" />
<cycle-start id="393" type="scavenge" contextid="0" timestamp="2019-06-16T01:09:07.479" intervalms="619.459" />
<gc-start id="394" type="scavenge" contextid="393" timestamp="2019-06-16T01:09:07.480">
  <mem-info id="395" free="1862192" total="8781824" percent="21">
    <mem type="nursery" free="0" total="2490368" percent="0">
      <mem type="allocate" free="0" total="1966080" percent="0" />
      <mem type="survivor" free="0" total="524288" percent="0" />
    </mem>
    <mem type="tenure" free="1862192" total="6291456" percent="29">
      <mem type="soa" free="1547824" total="5977088" percent="25" />
      <mem type="loa" free="314368" total="314368" percent="100" />
    </mem>
    <remembered-set count="140" />
  </mem-info>
</gc-start>
<allocation-stats totalBytes="1572672" >
  <allocated-bytes non-tlh="24" tlh="1572648" />
  <largest-consumer threadName="node-4" threadId="0000000002879000" bytes="286624" />
</allocation-stats>
<gc-op id="396" type="scavenge" timems="2.707" contextid="393" timestamp="2019-06-16T01:09:07.482">
  <scavenger-info tenureage="2" tenuremask="7ff4" tiltratio="78" />
  <memory-copied type="nursery" objects="13800" bytes="331680" bytesdiscarded="70752" />
  <memory-copied type="tenure" objects="6541" bytes="156984" bytesdiscarded="0" />
</gc-op>
<gc-end id="397" type="scavenge" contextid="393" durationms="3.002" usertimems="0.000" systemtimems="4.000" timestamp="2019-06-16T01:09:07.483" activeThreads="4">
  <mem-info id="398" free="3343152" total="8781824" percent="38">
    <mem type="nursery" free="1629184" total="2490368" percent="65">
      <mem type="allocate" free="1629184" total="2031616" percent="80" />
      <mem type="survivor" free="0" total="458752" percent="0" />
    </mem>
    <mem type="tenure" free="1713968" total="6291456" percent="27" macro-fragmented="602881">
      <mem type="soa" free="1399600" total="5977088" percent="23" />
      <mem type="loa" free="314368" total="314368" percent="100" />
    </mem>
    <remembered-set count="125" />
  </mem-info>
</gc-end>
<cycle-end id="399" type="scavenge" contextid="393" timestamp="2019-06-16T01:09:07.483" />
  <attribute name="elasticGC enabled" value="1" />
  <attribute name= "numThreadsSpecified" value="4" />
  <attribute name="heapSize specified" value="8388608" />
  <attribute name="Current GC Util" value="0" />
  <attribute name= "Current Time Running" value="24009" />
  <attribute name ="GC Interval" value="200" />
  <attribute name="ProportionalT" value="-30.000000" />
  <attribute name="ProportionalI" value="-30.000000" />
  <attribute name="ProportionalH" value="-30.000000" />
  <attribute name="Current Error" value="-20.000000" />
  <attribute name="IntegralT" value="-12400.000000" />
  <attribute name="IntegralI" value="-12400.000000" />
  <attribute name="IntegralH" value="-12400.000000" />
  <attribute name="DerivativeT" value="-0.032258" />
  <attribute name="DerivativeI" value="-0.032258" />
  <attribute name="DerivativeH" value="-0.032258" />
  <attribute name="Loop Time for DT" value="620.000000" />
  <attribute name="Output H" value="2092630016"/>
  <attribute name="Output I" value="200"/>
  <attribute name="Output T" value="4"/>
  <attribute name="Target GC Util Change" value ="20.000000" />
  <attribute name="Current GC Util Change" value="0.000000"/>
  <attribute name="GC Util currently" value="0" />
  <attribute name="CPU Util currently" value="1" />
<allocation-satisfied id="400" threadId="0000000002866500" bytesRequested="32" />
<af-end id="401" timestamp="2019-06-16T01:09:07.483" threadId="0000000002866E88" success="true" from="nursery"/>
<exclusive-end id="402" timestamp="2019-06-16T01:09:07.483" durationms="3.627" />

<exclusive-start id="403" timestamp="2019-06-16T01:09:08.216" intervalms="736.393">
  <response-info timems="0.023" idlems="0.023" threads="0" lastid="000000000286DD00" lastname="node-0" />
</exclusive-start>
<af-start id="404" threadId="000000000286E688" totalBytesRequested="16" timestamp="2019-06-16T01:09:08.216" intervalms="736.378" type="nursery" />
<cycle-start id="405" type="scavenge" contextid="0" timestamp="2019-06-16T01:09:08.216" intervalms="736.375" />
<gc-start id="406" type="scavenge" contextid="405" timestamp="2019-06-16T01:09:08.216">
  <mem-info id="407" free="1713968" total="8781824" percent="19">
    <mem type="nursery" free="0" total="2490368" percent="0">
      <mem type="allocate" free="0" total="2031616" percent="0" />
      <mem type="survivor" free="0" total="458752" percent="0" />
    </mem>
    <mem type="tenure" free="1713968" total="6291456" percent="27">
      <mem type="soa" free="1399600" total="5977088" percent="23" />
      <mem type="loa" free="314368" total="314368" percent="100" />
    </mem>
    <remembered-set count="141" />
  </mem-info>
</gc-start>
<allocation-stats totalBytes="1628368" >
  <allocated-bytes non-tlh="32" tlh="1628336" />
  <largest-consumer threadName="node-2" threadId="0000000002875500" bytes="286672" />
</allocation-stats>
<gc-op id="408" type="scavenge" timems="1.159" contextid="405" timestamp="2019-06-16T01:09:08.217">
  <scavenger-info tenureage="2" tenuremask="7ff4" tiltratio="81" />
  <memory-copied type="nursery" objects="13532" bytes="327000" bytesdiscarded="64680" />
  <memory-copied type="tenure" objects="6678" bytes="160272" bytesdiscarded="0" />
</gc-op>
<gc-end id="409" type="scavenge" contextid="405" durationms="1.466" usertimems="0.000" systemtimems="4.000" timestamp="2019-06-16T01:09:08.217" activeThreads="4">
  <mem-info id="410" free="3197232" total="8781824" percent="36">
    <mem type="nursery" free="1639936" total="2490368" percent="65">
      <mem type="allocate" free="1639936" total="2031616" percent="80" />
      <mem type="survivor" free="0" total="458752" percent="0" />
    </mem>
    <mem type="tenure" free="1557296" total="6291456" percent="24" macro-fragmented="0">
      <mem type="soa" free="1242928" total="5977088" percent="20" />
      <mem type="loa" free="314368" total="314368" percent="100" />
    </mem>
    <remembered-set count="125" />
  </mem-info>
</gc-end>
<cycle-end id="411" type="scavenge" contextid="405" timestamp="2019-06-16T01:09:08.217" />
  <attribute name="elasticGC enabled" value="1" />
  <attribute name= "numThreadsSpecified" value="4" />
  <attribute name="heapSize specified" value="8388608" />
  <attribute name="Current GC Util" value="0" />
  <attribute name= "Current Time Running" value="24745" />
  <attribute name ="GC Interval" value="200" />
  <attribute name="ProportionalT" value="-30.000000" />
  <attribute name="ProportionalI" value="-30.000000" />
  <attribute name="ProportionalH" value="-30.000000" />
  <attribute name="Current Error" value="-20.000000" />
  <attribute name="IntegralT" value="-14720.000000" />
  <attribute name="IntegralI" value="-14720.000000" />
  <attribute name="IntegralH" value="-14720.000000" />
  <attribute name="DerivativeT" value="-0.027174" />
  <attribute name="DerivativeI" value="-0.027174" />
  <attribute name="DerivativeH" value="-0.027174" />
  <attribute name="Loop Time for DT" value="736.000000" />
  <attribute name="Output H" value="2092630016"/>
  <attribute name="Output I" value="200"/>
  <attribute name="Output T" value="4"/>
  <attribute name="Target GC Util Change" value ="20.000000" />
  <attribute name="Current GC Util Change" value="0.000000"/>
  <attribute name="GC Util currently" value="0" />
  <attribute name="CPU Util currently" value="3" />
<allocation-satisfied id="412" threadId="000000000286DD00" bytesRequested="16" />
<af-end id="413" timestamp="2019-06-16T01:09:08.218" threadId="000000000286E688" success="true" from="nursery"/>
<exclusive-end id="414" timestamp="2019-06-16T01:09:08.218" durationms="1.889" />

<exclusive-start id="415" timestamp="2019-06-16T01:09:08.931" intervalms="715.290">
  <response-info timems="0.027" idlems="0.027" threads="0" lastid="0000000002871900" lastname="node-3" />
</exclusive-start>
<af-start id="416" threadId="0000000002872288" totalBytesRequested="32" timestamp="2019-06-16T01:09:08.931" intervalms="715.302" type="nursery" />
<cycle-start id="417" type="scavenge" contextid="0" timestamp="2019-06-16T01:09:08.931" intervalms="715.340" />
<gc-start id="418" type="scavenge" contextid="417" timestamp="2019-06-16T01:09:08.931">
  <mem-info id="419" free="1557296" total="8781824" percent="17">
    <mem type="nursery" free="0" total="2490368" percent="0">
      <mem type="allocate" free="0" total="2031616" percent="0" />
      <mem type="survivor" free="0" total="458752" percent="0" />
    </mem>
    <mem type="tenure" free="1557296" total="6291456" percent="24">
      <mem type="soa" free="1242928" total="5977088" percent="20" />
      <mem type="loa" free="314368" total="314368" percent="100" />
    </mem>
    <remembered-set count="142" />
  </mem-info>
</gc-start>
<allocation-stats totalBytes="1638776" >
  <allocated-bytes non-tlh="16" tlh="1638760" />
  <largest-consumer threadName="node-0" threadId="000000000286DD00" bytes="286688" />
</allocation-stats>
<gc-op id="420" type="scavenge" timems="2.740" contextid="417" timestamp="2019-06-16T01:09:08.934">
  <scavenger-info tenureage="2" tenuremask="7ff4" tiltratio="81" />
  <memory-copied type="nursery" objects="13024" bytes="312336" bytesdiscarded="90096" />
  <memory-copied type="tenure" objects="7081" bytes="169944" bytesdiscarded="0" />
</gc-op>
<gc-end id="421" type="scavenge" contextid="417" durationms="3.140" usertimems="4.000" systemtimems="0.000" timestamp="2019-06-16T01:09:08.934" activeThreads="4">
  <mem-info id="422" free="3038256" total="8781824" percent="34">
    <mem type="nursery" free="1629184" total="2490368" percent="65">
      <mem type="allocate" free="1629184" total="2031616" percent="80" />
      <mem type="survivor" free="0" total="458752" percent="0" />
    </mem>
    <mem type="tenure" free="1409072" total="6291456" percent="22" macro-fragmented="1284063">
      <mem type="soa" free="1094704" total="5977088" percent="18" />
      <mem type="loa" free="314368" total="314368" percent="100" />
    </mem>
    <remembered-set count="119" />
  </mem-info>
</gc-end>
<cycle-end id="423" type="scavenge" contextid="417" timestamp="2019-06-16T01:09:08.935" />
  <attribute name="elasticGC enabled" value="1" />
  <attribute name= "numThreadsSpecified" value="4" />
  <attribute name="heapSize specified" value="8388608" />
  <attribute name="Current GC Util" value="0" />
  <attribute name= "Current Time Running" value="25461" />
  <attribute name ="GC Interval" value="200" />
  <attribute name="ProportionalT" value="-30.000000" />
  <attribute name="ProportionalI" value="-30.000000" />
  <attribute name="ProportionalH" value="-30.000000" />
  <attribute name="Current Error" value="-20.000000" />
  <attribute name="IntegralT" value="-14320.000000" />
  <attribute name="IntegralI" value="-14320.000000" />
  <attribute name="IntegralH" value="-14320.000000" />
  <attribute name="DerivativeT" value="-0.027933" />
  <attribute name="DerivativeI" value="-0.027933" />
  <attribute name="DerivativeH" value="-0.027933" />
  <attribute name="Loop Time for DT" value="716.000000" />
  <attribute name="Output H" value="2092630016"/>
  <attribute name="Output I" value="200"/>
  <attribute name="Output T" value="4"/>
  <attribute name="Target GC Util Change" value ="20.000000" />
  <attribute name="Current GC Util Change" value="0.000000"/>
  <attribute name="GC Util currently" value="0" />
  <attribute name="CPU Util currently" value="1" />
<allocation-satisfied id="424" threadId="0000000002871900" bytesRequested="32" />
<af-end id="425" timestamp="2019-06-16T01:09:08.935" threadId="0000000002872288" success="true" from="nursery"/>
<exclusive-end id="426" timestamp="2019-06-16T01:09:08.935" durationms="3.807" />

<exclusive-start id="427" timestamp="2019-06-16T01:09:09.637" intervalms="706.274">
  <response-info timems="0.027" idlems="0.027" threads="0" lastid="0000000002875500" lastname="node-2" />
</exclusive-start>
<af-start id="428" threadId="0000000002875E88" totalBytesRequested="32" timestamp="2019-06-16T01:09:09.637" intervalms="706.270" type="nursery" />
<cycle-start id="429" type="scavenge" contextid="0" timestamp="2019-06-16T01:09:09.637" intervalms="706.232" />
<gc-start id="430" type="scavenge" contextid="429" timestamp="2019-06-16T01:09:09.637">
  <mem-info id="431" free="1409072" total="8781824" percent="16">
    <mem type="nursery" free="0" total="2490368" percent="0">
      <mem type="allocate" free="0" total="2031616" percent="0" />
      <mem type="survivor" free="0" total="458752" percent="0" />
    </mem>
    <mem type="tenure" free="1409072" total="6291456" percent="22">
      <mem type="soa" free="1094704" total="5977088" percent="18" />
      <mem type="loa" free="314368" total="314368" percent="100" />
    </mem>
    <remembered-set count="142" />
  </mem-info>
</gc-start>
<allocation-stats totalBytes="1628240" >
  <allocated-bytes non-tlh="32" tlh="1628208" />
  <largest-consumer threadName="node-4" threadId="0000000002879000" bytes="286536" />
</allocation-stats>
<gc-op id="432" type="scavenge" timems="1.124" contextid="429" timestamp="2019-06-16T01:09:09.639">
  <scavenger-info tenureage="2" tenuremask="7ff4" tiltratio="81" />
  <memory-copied type="nursery" objects="12986" bytes="311424" bytesdiscarded="1920" />
  <memory-copied type="tenure" objects="6401" bytes="153624" bytesdiscarded="0" />
</gc-op>
<gc-end id="433" type="scavenge" contextid="429" durationms="1.391" usertimems="0.000" systemtimems="0.000" timestamp="2019-06-16T01:09:09.639" activeThreads="4">
  <mem-info id="434" free="2970672" total="8781824" percent="33">
    <mem type="nursery" free="1718272" total="2490368" percent="68">
      <mem type="allocate" free="1718272" total="2031616" percent="84" />
      <mem type="survivor" free="0" total="458752" percent="0" />
    </mem>
    <mem type="tenure" free="1252400" total="6291456" percent="19" macro-fragmented="602881">
      <mem type="soa" free="938032" total="5977088" percent="15" />
      <mem type="loa" free="314368" total="314368" percent="100" />
    </mem>
    <remembered-set count="117" />
  </mem-info>
</gc-end>
<cycle-end id="435" type="scavenge" contextid="429" timestamp="2019-06-16T01:09:09.639" />
  <attribute name="elasticGC enabled" value="1" />
  <attribute name= "numThreadsSpecified" value="4" />
  <attribute name="heapSize specified" value="8388608" />
  <attribute name="Current GC Util" value="0" />
  <attribute name= "Current Time Running" value="26167" />
  <attribute name ="GC Interval" value="200" />
  <attribute name="ProportionalT" value="-30.000000" />
  <attribute name="ProportionalI" value="-30.000000" />
  <attribute name="ProportionalH" value="-30.000000" />
  <attribute name="Current Error" value="-20.000000" />
  <attribute name="IntegralT" value="-14120.000000" />
  <attribute name="IntegralI" value="-14120.000000" />
  <attribute name="IntegralH" value="-14120.000000" />
  <attribute name="DerivativeT" value="-0.028329" />
  <attribute name="DerivativeI" value="-0.028329" />
  <attribute name="DerivativeH" value="-0.028329" />
  <attribute name="Loop Time for DT" value="706.000000" />
  <attribute name="Output H" value="2092630016"/>
  <attribute name="Output I" value="200"/>
  <attribute name="Output T" value="4"/>
  <attribute name="Target GC Util Change" value ="20.000000" />
  <attribute name="Current GC Util Change" value="0.000000"/>
  <attribute name="GC Util currently" value="0" />
  <attribute name="CPU Util currently" value="0" />
<allocation-satisfied id="436" threadId="0000000002875500" bytesRequested="32" />
<af-end id="437" timestamp="2019-06-16T01:09:09.639" threadId="0000000002875E88" success="true" from="nursery"/>
<exclusive-end id="438" timestamp="2019-06-16T01:09:09.639" durationms="1.980" />

<exclusive-start id="439" timestamp="2019-06-16T01:09:10.356" intervalms="718.466">
  <response-info timems="0.189" idlems="0.103" threads="1" lastid="0000000002875500" lastname="node-2" />
</exclusive-start>
<af-start id="440" threadId="000000000286AA88" totalBytesRequested="16" timestamp="2019-06-16T01:09:10.356" intervalms="718.470" type="nursery" />
<cycle-start id="441" type="scavenge" contextid="0" timestamp="2019-06-16T01:09:10.356" intervalms="718.470" />
<gc-start id="442" type="scavenge" contextid="441" timestamp="2019-06-16T01:09:10.356">
  <mem-info id="443" free="1252400" total="8781824" percent="14">
    <mem type="nursery" free="0" total="2490368" percent="0">
      <mem type="allocate" free="0" total="2031616" percent="0" />
      <mem type="survivor" free="0" total="458752" percent="0" />
    </mem>
    <mem type="tenure" free="1252400" total="6291456" percent="19">
      <mem type="soa" free="938032" total="5977088" percent="15" />
      <mem type="loa" free="314368" total="314368" percent="100" />
    </mem>
    <remembered-set count="140" />
  </mem-info>
</gc-start>
<allocation-stats totalBytes="1717432" >
  <allocated-bytes non-tlh="32" tlh="1717400" />
  <largest-consumer threadName="node-4" threadId="0000000002879000" bytes="286688" />
</allocation-stats>
<gc-op id="444" type="scavenge" timems="1.209" contextid="441" timestamp="2019-06-16T01:09:10.357">
  <scavenger-info tenureage="2" tenuremask="7ff4" tiltratio="81" />
  <memory-copied type="nursery" objects="13631" bytes="330752" bytesdiscarded="60928" />
  <memory-copied type="tenure" objects="6593" bytes="158232" bytesdiscarded="0" />
</gc-op>
<gc-end id="445" type="scavenge" contextid="441" durationms="1.649" usertimems="0.000" systemtimems="0.000" timestamp="2019-06-16T01:09:10.358" activeThreads="4">
  <mem-info id="446" free="2696496" total="8781824" percent="30">
    <mem type="nursery" free="1639936" total="2490368" percent="65">
      <mem type="allocate" free="1639936" total="2031616" percent="80" />
      <mem type="survivor" free="0" total="458752" percent="0" />
    </mem>
    <mem type="tenure" free="1056560" total="6291456" percent="16" macro-fragmented="348889">
      <mem type="soa" free="742192" total="5977088" percent="12" />
      <mem type="loa" free="314368" total="314368" percent="100" />
    </mem>
    <remembered-set count="122" />
  </mem-info>
</gc-end>
<cycle-end id="447" type="scavenge" contextid="441" timestamp="2019-06-16T01:09:10.358" />
  <attribute name="elasticGC enabled" value="1" />
  <attribute name= "numThreadsSpecified" value="4" />
  <attribute name="heapSize specified" value="8388608" />
  <attribute name="Current GC Util" value="0" />
  <attribute name= "Current Time Running" value="26885" />
  <attribute name ="GC Interval" value="200" />
  <attribute name="ProportionalT" value="-30.000000" />
  <attribute name="ProportionalI" value="-30.000000" />
  <attribute name="ProportionalH" value="-30.000000" />
  <attribute name="Current Error" value="-20.000000" />
  <attribute name="IntegralT" value="-14360.000000" />
  <attribute name="IntegralI" value="-14360.000000" />
  <attribute name="IntegralH" value="-14360.000000" />
  <attribute name="DerivativeT" value="-0.027855" />
  <attribute name="DerivativeI" value="-0.027855" />
  <attribute name="DerivativeH" value="-0.027855" />
  <attribute name="Loop Time for DT" value="718.000000" />
  <attribute name="Output H" value="2092630016"/>
  <attribute name="Output I" value="200"/>
  <attribute name="Output T" value="4"/>
  <attribute name="Target GC Util Change" value ="20.000000" />
  <attribute name="Current GC Util Change" value="0.000000"/>
  <attribute name="GC Util currently" value="0" />
  <attribute name="CPU Util currently" value="4" />
<allocation-satisfied id="448" threadId="000000000286A100" bytesRequested="16" />
<af-end id="449" timestamp="2019-06-16T01:09:10.358" threadId="000000000286AA88" success="true" from="nursery"/>
<exclusive-end id="450" timestamp="2019-06-16T01:09:10.358" durationms="2.324" />

<exclusive-start id="451" timestamp="2019-06-16T01:09:11.048" intervalms="692.613">
  <response-info timems="0.026" idlems="0.026" threads="0" lastid="0000000002866500" lastname="node-1" />
</exclusive-start>
<af-start id="452" threadId="0000000002866E88" totalBytesRequested="32" timestamp="2019-06-16T01:09:11.048" intervalms="692.616" type="nursery" />
<cycle-start id="453" type="scavenge" contextid="0" timestamp="2019-06-16T01:09:11.048" intervalms="692.610" />
<gc-start id="454" type="scavenge" contextid="453" timestamp="2019-06-16T01:09:11.049">
  <mem-info id="455" free="1056560" total="8781824" percent="12">
    <mem type="nursery" free="0" total="2490368" percent="0">
      <mem type="allocate" free="0" total="2031616" percent="0" />
      <mem type="survivor" free="0" total="458752" percent="0" />
    </mem>
    <mem type="tenure" free="1056560" total="6291456" percent="16">
      <mem type="soa" free="742192" total="5977088" percent="12" />
      <mem type="loa" free="314368" total="314368" percent="100" />
    </mem>
    <remembered-set count="141" />
  </mem-info>
</gc-start>
<allocation-stats totalBytes="1638360" >
  <allocated-bytes non-tlh="16" tlh="1638344" />
  <largest-consumer threadName="node-4" threadId="0000000002879000" bytes="286680" />
</allocation-stats>
<gc-op id="456" type="scavenge" timems="1.300" contextid="453" timestamp="2019-06-16T01:09:11.050">
  <scavenger-info tenureage="2" tenuremask="7ff4" tiltratio="81" />
  <memory-copied type="nursery" objects="14125" bytes="338760" bytesdiscarded="52920" />
  <memory-copied type="tenure" objects="6363" bytes="152712" bytesdiscarded="0" />
</gc-op>
<gc-end id="457" type="scavenge" contextid="453" durationms="1.469" usertimems="0.000" systemtimems="0.000" timestamp="2019-06-16T01:09:11.050" activeThreads="4">
  <mem-info id="458" free="2605360" total="8781824" percent="29">
    <mem type="nursery" free="1705472" total="2490368" percent="68">
      <mem type="allocate" free="1705472" total="2097152" percent="81" />
      <mem type="survivor" free="0" total="393216" percent="0" />
    </mem>
    <mem type="tenure" free="899888" total="6291456" percent="14" macro-fragmented="793142">
      <mem type="soa" free="585520" total="5977088" percent="9" />
      <mem type="loa" free="314368" total="314368" percent="100" />
    </mem>
    <remembered-set count="118" />
  </mem-info>
</gc-end>
<cycle-end id="459" type="scavenge" contextid="453" timestamp="2019-06-16T01:09:11.050" />
  <attribute name="elasticGC enabled" value="1" />
  <attribute name= "numThreadsSpecified" value="4" />
  <attribute name="heapSize specified" value="8388608" />
  <attribute name="Current GC Util" value="0" />
  <attribute name= "Current Time Running" value="27578" />
  <attribute name ="GC Interval" value="200" />
  <attribute name="ProportionalT" value="-30.000000" />
  <attribute name="ProportionalI" value="-30.000000" />
  <attribute name="ProportionalH" value="-30.000000" />
  <attribute name="Current Error" value="-20.000000" />
  <attribute name="IntegralT" value="-13860.000000" />
  <attribute name="IntegralI" value="-13860.000000" />
  <attribute name="IntegralH" value="-13860.000000" />
  <attribute name="DerivativeT" value="-0.028860" />
  <attribute name="DerivativeI" value="-0.028860" />
  <attribute name="DerivativeH" value="-0.028860" />
  <attribute name="Loop Time for DT" value="693.000000" />
  <attribute name="Output H" value="2092630016"/>
  <attribute name="Output I" value="200"/>
  <attribute name="Output T" value="4"/>
  <attribute name="Target GC Util Change" value ="20.000000" />
  <attribute name="Current GC Util Change" value="0.000000"/>
  <attribute name="GC Util currently" value="0" />
  <attribute name="CPU Util currently" value="2" />
<allocation-satisfied id="460" threadId="0000000002866500" bytesRequested="32" />
<af-end id="461" timestamp="2019-06-16T01:09:11.050" threadId="0000000002866E88" success="true" from="nursery"/>
<exclusive-end id="462" timestamp="2019-06-16T01:09:11.050" durationms="1.919" />

<exclusive-start id="463" timestamp="2019-06-16T01:09:11.818" intervalms="770.115">
  <response-info timems="0.030" idlems="0.030" threads="0" lastid="000000000286A100" lastname="node-5" />
</exclusive-start>
<af-start id="464" threadId="000000000286AA88" totalBytesRequested="24" timestamp="2019-06-16T01:09:11.819" intervalms="770.103" type="nursery" />
<cycle-start id="465" type="scavenge" contextid="0" timestamp="2019-06-16T01:09:11.819" intervalms="770.100" />
<gc-start id="466" type="scavenge" contextid="465" timestamp="2019-06-16T01:09:11.819">
  <mem-info id="467" free="899888" total="8781824" percent="10">
    <mem type="nursery" free="0" total="2490368" percent="0">
      <mem type="allocate" free="0" total="2097152" percent="0" />
      <mem type="survivor" free="0" total="393216" percent="0" />
    </mem>
    <mem type="tenure" free="899888" total="6291456" percent="14">
      <mem type="soa" free="585520" total="5977088" percent="9" />
      <mem type="loa" free="314368" total="314368" percent="100" />
    </mem>
    <remembered-set count="141" />
  </mem-info>
</gc-start>
<allocation-stats totalBytes="1705160" >
  <allocated-bytes non-tlh="32" tlh="1705128" />
  <largest-consumer threadName="node-4" threadId="0000000002879000" bytes="286696" />
</allocation-stats>
<gc-op id="468" type="scavenge" timems="1.209" contextid="465" timestamp="2019-06-16T01:09:11.820">
  <scavenger-info tenureage="2" tenuremask="7ff4" tiltratio="84" />
  <memory-copied type="nursery" objects="13800" bytes="331696" bytesdiscarded="59984" />
  <memory-copied type="tenure" objects="7218" bytes="173232" bytesdiscarded="0" />
</gc-op>
<gc-end id="469" type="scavenge" contextid="465" durationms="1.648" usertimems="4.000" systemtimems="0.000" timestamp="2019-06-16T01:09:11.820" activeThreads="4">
  <mem-info id="470" free="2448688" total="8781824" percent="27">
    <mem type="nursery" free="1705472" total="2490368" percent="68">
      <mem type="allocate" free="1705472" total="2097152" percent="81" />
      <mem type="survivor" free="0" total="393216" percent="0" />
    </mem>
    <mem type="tenure" free="743216" total="6291456" percent="11" macro-fragmented="3047">
      <mem type="soa" free="428848" total="5977088" percent="7" />
      <mem type="loa" free="314368" total="314368" percent="100" />
    </mem>
    <remembered-set count="124" />
  </mem-info>
</gc-end>
<cycle-end id="471" type="scavenge" contextid="465" timestamp="2019-06-16T01:09:11.820" />
  <attribute name="elasticGC enabled" value="1" />
  <attribute name= "numThreadsSpecified" value="4" />
  <attribute name="heapSize specified" value="8388608" />
  <attribute name="Current GC Util" value="0" />
  <attribute name= "Current Time Running" value="28348" />
  <attribute name ="GC Interval" value="200" />
  <attribute name="ProportionalT" value="-30.000000" />
  <attribute name="ProportionalI" value="-30.000000" />
  <attribute name="ProportionalH" value="-30.000000" />
  <attribute name="Current Error" value="-20.000000" />
  <attribute name="IntegralT" value="-15400.000000" />
  <attribute name="IntegralI" value="-15400.000000" />
  <attribute name="IntegralH" value="-15400.000000" />
  <attribute name="DerivativeT" value="-0.025974" />
  <attribute name="DerivativeI" value="-0.025974" />
  <attribute name="DerivativeH" value="-0.025974" />
  <attribute name="Loop Time for DT" value="770.000000" />
  <attribute name="Output H" value="2092630016"/>
  <attribute name="Output I" value="200"/>
  <attribute name="Output T" value="4"/>
  <attribute name="Target GC Util Change" value ="20.000000" />
  <attribute name="Current GC Util Change" value="0.000000"/>
  <attribute name="GC Util currently" value="0" />
  <attribute name="CPU Util currently" value="0" />
<allocation-satisfied id="472" threadId="000000000286A100" bytesRequested="24" />
<af-end id="473" timestamp="2019-06-16T01:09:11.821" threadId="000000000286AA88" success="true" from="nursery"/>
<exclusive-end id="474" timestamp="2019-06-16T01:09:11.821" durationms="2.155" />

<exclusive-start id="475" timestamp="2019-06-16T01:09:12.654" intervalms="835.593">
  <response-info timems="0.028" idlems="0.028" threads="0" lastid="0000000002879000" lastname="node-4" />
</exclusive-start>
<af-start id="476" threadId="0000000002879988" totalBytesRequested="32" timestamp="2019-06-16T01:09:12.654" intervalms="835.603" type="nursery" />
<cycle-start id="477" type="scavenge" contextid="0" timestamp="2019-06-16T01:09:12.654" intervalms="835.605" />
<gc-start id="478" type="scavenge" contextid="477" timestamp="2019-06-16T01:09:12.654">
  <mem-info id="479" free="743216" total="8781824" percent="8">
    <mem type="nursery" free="0" total="2490368" percent="0">
      <mem type="allocate" free="0" total="2097152" percent="0" />
      <mem type="survivor" free="0" total="393216" percent="0" />
    </mem>
    <mem type="tenure" free="743216" total="6291456" percent="11">
      <mem type="soa" free="428848" total="5977088" percent="7" />
      <mem type="loa" free="314368" total="314368" percent="100" />
    </mem>
    <remembered-set count="141" />
  </mem-info>
</gc-start>
<allocation-stats totalBytes="1704464" >
  <allocated-bytes non-tlh="24" tlh="1704440" />
  <largest-consumer threadName="node-4" threadId="0000000002879000" bytes="288200" />
</allocation-stats>
<gc-op id="480" type="scavenge" timems="2.775" contextid="477" timestamp="2019-06-16T01:09:12.657">
  <scavenger-info tenureage="2" tenuremask="7ff4" tiltratio="84" />
  <memory-copied type="nursery" objects="13870" bytes="332640" bytesdiscarded="60576" />
  <memory-copied type="tenure" objects="6877" bytes="165048" bytesdiscarded="0" />
</gc-op>
<gc-end id="481" type="scavenge" contextid="477" durationms="3.019" usertimems="4.000" systemtimems="0.000" timestamp="2019-06-16T01:09:12.657" activeThreads="4">
  <mem-info id="482" free="2298928" total="8781824" percent="26">
    <mem type="nursery" free="1703936" total="2490368" percent="68">
      <mem type="allocate" free="1703936" total="2097152" percent="81" />
      <mem type="survivor" free="0" total="393216" percent="0" />
    </mem>
    <mem type="tenure" free="594992" total="6291456" percent="9" macro-fragmented="0">
      <mem type="soa" free="280624" total="5977088" percent="4" />
      <mem type="loa" free="314368" total="314368" percent="100" />
    </mem>
    <remembered-set count="117" />
  </mem-info>
</gc-end>
<cycle-end id="483" type="scavenge" contextid="477" timestamp="2019-06-16T01:09:12.657" />
  <attribute name="elasticGC enabled" value="1" />
  <attribute name= "numThreadsSpecified" value="4" />
  <attribute name="heapSize specified" value="8388608" />
  <attribute name="Current GC Util" value="0" />
  <attribute name= "Current Time Running" value="29183" />
  <attribute name ="GC Interval" value="200" />
  <attribute name="ProportionalT" value="-30.000000" />
  <attribute name="ProportionalI" value="-30.000000" />
  <attribute name="ProportionalH" value="-30.000000" />
  <attribute name="Current Error" value="-20.000000" />
  <attribute name="IntegralT" value="-16700.000000" />
  <attribute name="IntegralI" value="-16700.000000" />
  <attribute name="IntegralH" value="-16700.000000" />
  <attribute name="DerivativeT" value="-0.023952" />
  <attribute name="DerivativeI" value="-0.023952" />
  <attribute name="DerivativeH" value="-0.023952" />
  <attribute name="Loop Time for DT" value="835.000000" />
  <attribute name="Output H" value="2092630016"/>
  <attribute name="Output I" value="200"/>
  <attribute name="Output T" value="4"/>
  <attribute name="Target GC Util Change" value ="20.000000" />
  <attribute name="Current GC Util Change" value="0.000000"/>
  <attribute name="GC Util currently" value="0" />
  <attribute name="CPU Util currently" value="0" />
<allocation-satisfied id="484" threadId="0000000002879000" bytesRequested="32" />
<af-end id="485" timestamp="2019-06-16T01:09:12.657" threadId="0000000002879988" success="true" from="nursery"/>
<exclusive-end id="486" timestamp="2019-06-16T01:09:12.658" durationms="3.493" />

<concurrent-kickoff id="487" timestamp="2019-06-16T01:09:13.213">
  <kickoff reason="threshold reached" targetBytes="1867303" thresholdFreeBytes="258111"  remainingFree="253920" tenureFreeBytes="594992" nurseryFreeBytes="253920" />
</concurrent-kickoff>
<exclusive-start id="488" timestamp="2019-06-16T01:09:13.213" intervalms="559.026">
  <response-info timems="0.039" idlems="0.022" threads="1" lastid="000000000286A100" lastname="node-5" />
</exclusive-start>
<cycle-start id="489" type="global" contextid="0" timestamp="2019-06-16T01:09:13.213" intervalms="18045.993" />
<exclusive-end id="490" timestamp="2019-06-16T01:09:13.213" durationms="0.173" />

<exclusive-start id="491" timestamp="2019-06-16T01:09:13.399" intervalms="185.615">
  <response-info timems="0.021" idlems="0.021" threads="0" lastid="0000000002875500" lastname="node-2" />
</exclusive-start>
<af-start id="492" threadId="0000000002875E88" totalBytesRequested="24" timestamp="2019-06-16T01:09:13.399" intervalms="744.629" type="nursery" />
<percolate-collect id="493" from="nursery" to="global" reason="concurrent mark exhausted" timestamp="2019-06-16T01:09:13.399"/>
<gc-start id="494" type="global" contextid="489" timestamp="2019-06-16T01:09:13.399">
  <mem-info id="495" free="594992" total="8781824" percent="6">
    <mem type="nursery" free="0" total="2490368" percent="0">
      <mem type="allocate" free="0" total="2097152" percent="0" />
      <mem type="survivor" free="0" total="393216" percent="0" />
    </mem>
    <mem type="tenure" free="594992" total="6291456" percent="9">
      <mem type="soa" free="280624" total="5977088" percent="4" />
      <mem type="loa" free="314368" total="314368" percent="100" />
    </mem>
    <remembered-set count="140" />
  </mem-info>
</gc-start>
<allocation-stats totalBytes="1703128" >
  <allocated-bytes non-tlh="32" tlh="1703096" />
  <largest-consumer threadName="node-4" threadId="0000000002879000" bytes="315352" />
</allocation-stats>
<concurrent-halted id="496" timestamp="2019-06-16T01:09:13.399">
  <halted state="Complete" status="exhausted" />
  <traced bytesTarget="1867303" bytesTotal="1462632" bytesByMutator="428308" bytesByHelper="1034324" percent="78" />
  <cards cleaned="39" thresholdBytes="101679" />
</concurrent-halted>
<gc-op id="497" type="rs-scan" timems="0.189" contextid="489" timestamp="2019-06-16T01:09:13.399">
  <scan objectsFound="51" bytesTraced="4856" workStackOverflowCount="0" />
</gc-op>
<gc-op id="498" type="card-cleaning" timems="0.114" contextid="489" timestamp="2019-06-16T01:09:13.399">
  <card-cleaning cardsCleaned="19" bytesTraced="9048" workStackOverflowCount="0" />
</gc-op>
<gc-op id="499" type="mark" timems="0.481" contextid="489" timestamp="2019-06-16T01:09:13.400">
  <trace-info objectcount="235" scancount="191" scanbytes="5104" />
  <finalization candidates="13" enqueued="0" />
  <references type="soft" candidates="66" cleared="0" enqueued="0" dynamicThreshold="28" maxThreshold="32" />
  <references type="weak" candidates="130" cleared="0" enqueued="0" />
  <references type="phantom" candidates="32" cleared="2" enqueued="2" />
  <stringconstants candidates="3831" cleared="0"  />
</gc-op>
<gc-op id="500" type="sweep" timems="0.119" contextid="489" timestamp="2019-06-16T01:09:13.400" />
<mem-info id="501" free="6044592" total="8781824" percent="68">
  <mem type="nursery" free="2092896" total="2490368" percent="84">
    <mem type="allocate" free="2092896" total="2097152" percent="99" />
    <mem type="survivor" free="0" total="393216" percent="0" />
  </mem>
  <mem type="tenure" free="3951696" total="6291456" percent="62" micro-fragmented="0" macro-fragmented="3110739">
    <mem type="soa" free="3637328" total="5977088" percent="60" />
    <mem type="loa" free="314368" total="314368" percent="100" />
  </mem>
  <pending-finalizers system="0" default="0" reference="2" classloader="0" />
  <remembered-set count="139" />
</mem-info>
<gc-op id="502" type="compact" timems="15.170" contextid="489" timestamp="2019-06-16T01:09:13.415">
  <compact-info movecount="34758" movebytes="1814192" reason="compact to aid heap contraction" />
</gc-op>
<heap-resize id="503" type="expand" space="tenure" amount="2083848192" count="1" timems="0.023" reason="satisfy allocation request" timestamp="2019-06-16T01:09:13.416" />
<gc-end id="504" type="global" contextid="489" durationms="16.930" usertimems="20.000" systemtimems="0.000" timestamp="2019-06-16T01:09:13.416" activeThreads="4">
  <mem-info id="505" free="2089894760" total="2092630016" percent="99">
    <mem type="nursery" free="2094344" total="2490368" percent="84">
      <mem type="allocate" free="2094344" total="2097152" percent="99" />
      <mem type="survivor" free="0" total="393216" percent="0" />
    </mem>
    <mem type="tenure" free="2087800416" total="2090139648" percent="99">
      <mem type="soa" free="1983294048" total="1985633280" percent="99" />
      <mem type="loa" free="104506368" total="104506368" percent="100" />
    </mem>
    <pending-finalizers system="0" default="0" reference="2" classloader="0" />
    <remembered-set count="139" />
  </mem-info>
</gc-end>
<cycle-end id="506" type="global" contextid="489" timestamp="2019-06-16T01:09:13.416" />
  <attribute name="elasticGC enabled" value="1" />
  <attribute name= "numThreadsSpecified" value="4" />
  <attribute name="heapSize specified" value="8781824" />
  <attribute name="Current GC Util" value="7" />
  <attribute name= "Current Time Running" value="29945" />
  <attribute name ="GC Interval" value="200" />
  <attribute name="ProportionalT" value="-19.500000" />
  <attribute name="ProportionalI" value="-19.500000" />
  <attribute name="ProportionalH" value="-19.500000" />
  <attribute name="Current Error" value="-13.000000" />
  <attribute name="IntegralT" value="-208.000000" />
  <attribute name="IntegralI" value="-208.000000" />
  <attribute name="IntegralH" value="-208.000000" />
  <attribute name="DerivativeT" value="-0.812500" />
  <attribute name="DerivativeI" value="-0.812500" />
  <attribute name="DerivativeH" value="-0.812500" />
  <attribute name="Loop Time for DT" value="16.000000" />
  <attribute name="Output H" value="2092630016"/>
  <attribute name="Output I" value="200"/>
  <attribute name="Output T" value="4"/>
  <attribute name="Target GC Util Change" value ="20.000000" />
  <attribute name="Current GC Util Change" value="7.000000"/>
  <attribute name="GC Util currently" value="7" />
  <attribute name="CPU Util currently" value="301213289997" />
<allocation-satisfied id="507" threadId="0000000002875500" bytesRequested="24" />
<af-end id="508" timestamp="2019-06-16T01:09:13.416" threadId="0000000002875E88" success="true" from="nursery"/>
<exclusive-end id="509" timestamp="2019-06-16T01:09:13.416" durationms="17.633" />

<exclusive-start id="510" timestamp="2019-06-16T01:09:14.426" intervalms="1027.383">
  <response-info timems="0.028" idlems="0.028" threads="0" lastid="000000000286A100" lastname="node-5" />
</exclusive-start>
<af-start id="511" threadId="000000000286AA88" totalBytesRequested="32" timestamp="2019-06-16T01:09:14.426" intervalms="1027.406" type="nursery" />
<cycle-start id="512" type="scavenge" contextid="0" timestamp="2019-06-16T01:09:14.426" intervalms="1772.052" />
<gc-start id="513" type="scavenge" contextid="512" timestamp="2019-06-16T01:09:14.426">
  <mem-info id="514" free="2087800416" total="2092630016" percent="99">
    <mem type="nursery" free="0" total="2490368" percent="0">
      <mem type="allocate" free="0" total="2097152" percent="0" />
      <mem type="survivor" free="0" total="393216" percent="0" />
    </mem>
    <mem type="tenure" free="2087800416" total="2090139648" percent="99">
      <mem type="soa" free="1983294048" total="1985633280" percent="99" />
      <mem type="loa" free="104506368" total="104506368" percent="100" />
    </mem>
    <remembered-set count="142" />
  </mem-info>
</gc-start>
<allocation-stats totalBytes="2093520" >
  <allocated-bytes non-tlh="24" tlh="2093496" />
  <largest-consumer threadName="node-4" threadId="0000000002879000" bytes="376720" />
</allocation-stats>
<gc-op id="515" type="scavenge" timems="0.221" contextid="512" timestamp="2019-06-16T01:09:14.427">
  <scavenger-info tenureage="2" tenuremask="7ff4" tiltratio="84" />
  <memory-copied type="nursery" objects="45" bytes="1568" bytesdiscarded="76768" />
</gc-op>
<gc-end id="516" type="scavenge" contextid="512" durationms="0.603" usertimems="0.000" systemtimems="4.000" timestamp="2019-06-16T01:09:14.427" activeThreads="4">
  <mem-info id="517" free="2089819232" total="2092630016" percent="99">
    <mem type="nursery" free="2018816" total="2490368" percent="81">
      <mem type="allocate" free="2018816" total="2097152" percent="96" />
      <mem type="survivor" free="0" total="393216" percent="0" />
    </mem>
    <mem type="tenure" free="2087800416" total="2090139648" percent="99" macro-fragmented="2160235">
      <mem type="soa" free="1983294048" total="1985633280" percent="99" />
      <mem type="loa" free="104506368" total="104506368" percent="100" />
    </mem>
    <remembered-set count="124" />
  </mem-info>
</gc-end>
<cycle-end id="518" type="scavenge" contextid="512" timestamp="2019-06-16T01:09:14.427" />
  <attribute name="elasticGC enabled" value="1" />
  <attribute name= "numThreadsSpecified" value="4" />
  <attribute name="heapSize specified" value="8781824" />
  <attribute name="Current GC Util" value="3" />
  <attribute name= "Current Time Running" value="30956" />
  <attribute name ="GC Interval" value="200" />
  <attribute name="ProportionalT" value="-25.500000" />
  <attribute name="ProportionalI" value="-25.500000" />
  <attribute name="ProportionalH" value="-25.500000" />
  <attribute name="Current Error" value="-17.000000" />
  <attribute name="IntegralT" value="-17187.000000" />
  <attribute name="IntegralI" value="-17187.000000" />
  <attribute name="IntegralH" value="-17187.000000" />
  <attribute name="DerivativeT" value="-0.016815" />
  <attribute name="DerivativeI" value="-0.016815" />
  <attribute name="DerivativeH" value="-0.016815" />
  <attribute name="Loop Time for DT" value="1011.000000" />
  <attribute name="Output H" value="2092630016"/>
  <attribute name="Output I" value="200"/>
  <attribute name="Output T" value="4"/>
  <attribute name="Target GC Util Change" value ="20.000000" />
  <attribute name="Current GC Util Change" value="3.000000"/>
  <attribute name="GC Util currently" value="3" />
  <attribute name="CPU Util currently" value="2" />
<allocation-satisfied id="519" threadId="000000000286A100" bytesRequested="32" />
<af-end id="520" timestamp="2019-06-16T01:09:14.427" threadId="000000000286AA88" success="true" from="nursery"/>
<exclusive-end id="521" timestamp="2019-06-16T01:09:14.427" durationms="1.350" />

<exclusive-start id="522" timestamp="2019-06-16T01:09:15.235" intervalms="808.630">
  <response-info timems="0.028" idlems="0.028" threads="0" lastid="0000000002871900" lastname="node-3" />
</exclusive-start>
<af-start id="523" threadId="0000000002872288" totalBytesRequested="32" timestamp="2019-06-16T01:09:15.235" intervalms="808.619" type="nursery" />
<cycle-start id="524" type="scavenge" contextid="0" timestamp="2019-06-16T01:09:15.235" intervalms="808.614" />
<gc-start id="525" type="scavenge" contextid="524" timestamp="2019-06-16T01:09:15.235">
  <mem-info id="526" free="2087800416" total="2092630016" percent="99">
    <mem type="nursery" free="0" total="2490368" percent="0">
      <mem type="allocate" free="0" total="2097152" percent="0" />
      <mem type="survivor" free="0" total="393216" percent="0" />
    </mem>
    <mem type="tenure" free="2087800416" total="2090139648" percent="99">
      <mem type="soa" free="1983294048" total="1985633280" percent="99" />
      <mem type="loa" free="104506368" total="104506368" percent="100" />
    </mem>
    <remembered-set count="141" />
  </mem-info>
</gc-start>
<allocation-stats totalBytes="2017504" >
  <allocated-bytes non-tlh="32" tlh="2017472" />
  <largest-consumer threadName="node-4" threadId="0000000002879000" bytes="376736" />
</allocation-stats>
<gc-op id="527" type="scavenge" timems="1.731" contextid="524" timestamp="2019-06-16T01:09:15.237">
  <scavenger-info tenureage="5" tenuremask="7fe0" tiltratio="84" />
  <memory-copied type="nursery" objects="46" bytes="1592" bytesdiscarded="37576" />
</gc-op>
<gc-end id="528" type="scavenge" contextid="524" durationms="2.163" usertimems="0.000" systemtimems="4.000" timestamp="2019-06-16T01:09:15.237" activeThreads="4">
  <mem-info id="529" free="2089923936" total="2092630016" percent="99">
    <mem type="nursery" free="2123520" total="2490368" percent="85">
      <mem type="allocate" free="2123520" total="2162688" percent="98" />
      <mem type="survivor" free="0" total="327680" percent="0" />
    </mem>
    <mem type="tenure" free="2087800416" total="2090139648" percent="99" macro-fragmented="0">
      <mem type="soa" free="1983294048" total="1985633280" percent="99" />
      <mem type="loa" free="104506368" total="104506368" percent="100" />
    </mem>
    <remembered-set count="124" />
  </mem-info>
</gc-end>
<cycle-end id="530" type="scavenge" contextid="524" timestamp="2019-06-16T01:09:15.237" />
  <attribute name="elasticGC enabled" value="1" />
  <attribute name= "numThreadsSpecified" value="4" />
  <attribute name="heapSize specified" value="8781824" />
  <attribute name="Current GC Util" value="0" />
  <attribute name= "Current Time Running" value="31764" />
  <attribute name ="GC Interval" value="200" />
  <attribute name="ProportionalT" value="-30.000000" />
  <attribute name="ProportionalI" value="-30.000000" />
  <attribute name="ProportionalH" value="-30.000000" />
  <attribute name="Current Error" value="-20.000000" />
  <attribute name="IntegralT" value="-16160.000000" />
  <attribute name="IntegralI" value="-16160.000000" />
  <attribute name="IntegralH" value="-16160.000000" />
  <attribute name="DerivativeT" value="-0.024752" />
  <attribute name="DerivativeI" value="-0.024752" />
  <attribute name="DerivativeH" value="-0.024752" />
  <attribute name="Loop Time for DT" value="808.000000" />
  <attribute name="Output H" value="2092630016"/>
  <attribute name="Output I" value="200"/>
  <attribute name="Output T" value="4"/>
  <attribute name="Target GC Util Change" value ="20.000000" />
  <attribute name="Current GC Util Change" value="0.000000"/>
  <attribute name="GC Util currently" value="0" />
  <attribute name="CPU Util currently" value="0" />
<allocation-satisfied id="531" threadId="0000000002871900" bytesRequested="32" />
<af-end id="532" timestamp="2019-06-16T01:09:15.237" threadId="0000000002872288" success="true" from="nursery"/>
<exclusive-end id="533" timestamp="2019-06-16T01:09:15.237" durationms="2.768" />

<exclusive-start id="534" timestamp="2019-06-16T01:09:16.159" intervalms="924.624">
  <response-info timems="0.023" idlems="0.023" threads="0" lastid="000000000286DD00" lastname="node-0" />
</exclusive-start>
<af-start id="535" threadId="000000000286E688" totalBytesRequested="32" timestamp="2019-06-16T01:09:16.159" intervalms="924.628" type="nursery" />
<cycle-start id="536" type="scavenge" contextid="0" timestamp="2019-06-16T01:09:16.159" intervalms="924.622" />
<gc-start id="537" type="scavenge" contextid="536" timestamp="2019-06-16T01:09:16.160">
  <mem-info id="538" free="2087800416" total="2092630016" percent="99">
    <mem type="nursery" free="0" total="2490368" percent="0">
      <mem type="allocate" free="0" total="2162688" percent="0" />
      <mem type="survivor" free="0" total="327680" percent="0" />
    </mem>
    <mem type="tenure" free="2087800416" total="2090139648" percent="99">
      <mem type="soa" free="1983294048" total="1985633280" percent="99" />
      <mem type="loa" free="104506368" total="104506368" percent="100" />
    </mem>
    <remembered-set count="141" />
  </mem-info>
</gc-start>
<allocation-stats totalBytes="2121816" >
  <allocated-bytes non-tlh="32" tlh="2121784" />
  <largest-consumer threadName="node-4" threadId="0000000002879000" bytes="376576" />
</allocation-stats>
<gc-op id="539" type="scavenge" timems="0.210" contextid="536" timestamp="2019-06-16T01:09:16.160">
  <scavenger-info tenureage="6" tenuremask="7fc0" tiltratio="86" />
  <memory-copied type="nursery" objects="33" bytes="552" bytesdiscarded="38616" />
</gc-op>
<gc-end id="540" type="scavenge" contextid="536" durationms="0.584" usertimems="4.000" systemtimems="0.000" timestamp="2019-06-16T01:09:16.160" activeThreads="4">
  <mem-info id="541" free="2089989472" total="2092630016" percent="99">
    <mem type="nursery" free="2189056" total="2490368" percent="87">
      <mem type="allocate" free="2189056" total="2228224" percent="98" />
      <mem type="survivor" free="0" total="262144" percent="0" />
    </mem>
    <mem type="tenure" free="2087800416" total="2090139648" percent="99" macro-fragmented="1800196">
      <mem type="soa" free="1983294048" total="1985633280" percent="99" />
      <mem type="loa" free="104506368" total="104506368" percent="100" />
    </mem>
    <remembered-set count="116" />
  </mem-info>
</gc-end>
<cycle-end id="542" type="scavenge" contextid="536" timestamp="2019-06-16T01:09:16.160" />
  <attribute name="elasticGC enabled" value="1" />
  <attribute name= "numThreadsSpecified" value="4" />
  <attribute name="heapSize specified" value="8781824" />
  <attribute name="Current GC Util" value="0" />
  <attribute name= "Current Time Running" value="32689" />
  <attribute name ="GC Interval" value="200" />
  <attribute name="ProportionalT" value="-30.000000" />
  <attribute name="ProportionalI" value="-30.000000" />
  <attribute name="ProportionalH" value="-30.000000" />
  <attribute name="Current Error" value="-20.000000" />
  <attribute name="IntegralT" value="-18500.000000" />
  <attribute name="IntegralI" value="-18500.000000" />
  <attribute name="IntegralH" value="-18500.000000" />
  <attribute name="DerivativeT" value="-0.021622" />
  <attribute name="DerivativeI" value="-0.021622" />
  <attribute name="DerivativeH" value="-0.021622" />
  <attribute name="Loop Time for DT" value="925.000000" />
  <attribute name="Output H" value="2092630016"/>
  <attribute name="Output I" value="200"/>
  <attribute name="Output T" value="4"/>
  <attribute name="Target GC Util Change" value ="20.000000" />
  <attribute name="Current GC Util Change" value="0.000000"/>
  <attribute name="GC Util currently" value="0" />
  <attribute name="CPU Util currently" value="0" />
<allocation-satisfied id="543" threadId="000000000286DD00" bytesRequested="32" />
<af-end id="544" timestamp="2019-06-16T01:09:16.160" threadId="000000000286E688" success="true" from="nursery"/>
<exclusive-end id="545" timestamp="2019-06-16T01:09:16.161" durationms="1.257" />

<exclusive-start id="546" timestamp="2019-06-16T01:09:17.083" intervalms="923.995">
  <response-info timems="0.033" idlems="0.033" threads="0" lastid="0000000002866500" lastname="node-1" />
</exclusive-start>
<af-start id="547" threadId="0000000002866E88" totalBytesRequested="32" timestamp="2019-06-16T01:09:17.083" intervalms="923.996" type="nursery" />
<cycle-start id="548" type="scavenge" contextid="0" timestamp="2019-06-16T01:09:17.083" intervalms="923.996" />
<gc-start id="549" type="scavenge" contextid="548" timestamp="2019-06-16T01:09:17.084">
  <mem-info id="550" free="2087800416" total="2092630016" percent="99">
    <mem type="nursery" free="0" total="2490368" percent="0">
      <mem type="allocate" free="0" total="2228224" percent="0" />
      <mem type="survivor" free="0" total="262144" percent="0" />
    </mem>
    <mem type="tenure" free="2087800416" total="2090139648" percent="99">
      <mem type="soa" free="1983294048" total="1985633280" percent="99" />
      <mem type="loa" free="104506368" total="104506368" percent="100" />
    </mem>
    <remembered-set count="139" />
  </mem-info>
</gc-start>
<allocation-stats totalBytes="2186728" >
  <allocated-bytes non-tlh="32" tlh="2186696" />
  <largest-consumer threadName="node-4" threadId="0000000002879000" bytes="388648" />
</allocation-stats>
<gc-op id="551" type="scavenge" timems="1.745" contextid="548" timestamp="2019-06-16T01:09:17.085">
  <scavenger-info tenureage="7" tenuremask="7f80" tiltratio="89" />
  <memory-copied type="nursery" objects="74" bytes="2264" bytesdiscarded="36904" />
</gc-op>
<gc-end id="552" type="scavenge" contextid="548" durationms="2.349" usertimems="0.000" systemtimems="0.000" timestamp="2019-06-16T01:09:17.086" activeThreads="4">
  <mem-info id="553" free="2089989472" total="2092630016" percent="99">
    <mem type="nursery" free="2189056" total="2490368" percent="87">
      <mem type="allocate" free="2189056" total="2228224" percent="98" />
      <mem type="survivor" free="0" total="262144" percent="0" />
    </mem>
    <mem type="tenure" free="2087800416" total="2090139648" percent="99" macro-fragmented="1500163">
      <mem type="soa" free="1983294048" total="1985633280" percent="99" />
      <mem type="loa" free="104506368" total="104506368" percent="100" />
    </mem>
    <remembered-set count="120" />
  </mem-info>
</gc-end>
<cycle-end id="554" type="scavenge" contextid="548" timestamp="2019-06-16T01:09:17.086" />
  <attribute name="elasticGC enabled" value="1" />
  <attribute name= "numThreadsSpecified" value="4" />
  <attribute name="heapSize specified" value="8781824" />
  <attribute name="Current GC Util" value="0" />
  <attribute name= "Current Time Running" value="33613" />
  <attribute name ="GC Interval" value="200" />
  <attribute name="ProportionalT" value="-30.000000" />
  <attribute name="ProportionalI" value="-30.000000" />
  <attribute name="ProportionalH" value="-30.000000" />
  <attribute name="Current Error" value="-20.000000" />
  <attribute name="IntegralT" value="-18480.000000" />
  <attribute name="IntegralI" value="-18480.000000" />
  <attribute name="IntegralH" value="-18480.000000" />
  <attribute name="DerivativeT" value="-0.021645" />
  <attribute name="DerivativeI" value="-0.021645" />
  <attribute name="DerivativeH" value="-0.021645" />
  <attribute name="Loop Time for DT" value="924.000000" />
  <attribute name="Output H" value="2092630016"/>
  <attribute name="Output I" value="200"/>
  <attribute name="Output T" value="4"/>
  <attribute name="Target GC Util Change" value ="20.000000" />
  <attribute name="Current GC Util Change" value="0.000000"/>
  <attribute name="GC Util currently" value="0" />
  <attribute name="CPU Util currently" value="2" />
<allocation-satisfied id="555" threadId="0000000002866500" bytesRequested="32" />
<af-end id="556" timestamp="2019-06-16T01:09:17.086" threadId="0000000002866E88" success="true" from="nursery"/>
<exclusive-end id="557" timestamp="2019-06-16T01:09:17.086" durationms="3.168" />

<exclusive-start id="558" timestamp="2019-06-16T01:09:17.972" intervalms="888.283">
  <response-info timems="0.027" idlems="0.027" threads="0" lastid="0000000002871900" lastname="node-3" />
</exclusive-start>
<af-start id="559" threadId="0000000002872288" totalBytesRequested="16" timestamp="2019-06-16T01:09:17.972" intervalms="888.300" type="nursery" />
<cycle-start id="560" type="scavenge" contextid="0" timestamp="2019-06-16T01:09:17.972" intervalms="888.313" />
<gc-start id="561" type="scavenge" contextid="560" timestamp="2019-06-16T01:09:17.972">
  <mem-info id="562" free="2087800416" total="2092630016" percent="99">
    <mem type="nursery" free="0" total="2490368" percent="0">
      <mem type="allocate" free="0" total="2228224" percent="0" />
      <mem type="survivor" free="0" total="262144" percent="0" />
    </mem>
    <mem type="tenure" free="2087800416" total="2090139648" percent="99">
      <mem type="soa" free="1983294048" total="1985633280" percent="99" />
      <mem type="loa" free="104506368" total="104506368" percent="100" />
    </mem>
    <remembered-set count="139" />
  </mem-info>
</gc-start>
<allocation-stats totalBytes="2187856" >
  <allocated-bytes non-tlh="32" tlh="2187824" />
  <largest-consumer threadName="node-4" threadId="0000000002879000" bytes="408848" />
</allocation-stats>
<gc-op id="563" type="scavenge" timems="1.757" contextid="560" timestamp="2019-06-16T01:09:17.974">
  <scavenger-info tenureage="8" tenuremask="7f00" tiltratio="89" />
  <memory-copied type="nursery" objects="55" bytes="3840" bytesdiscarded="35328" />
</gc-op>
<gc-end id="564" type="scavenge" contextid="560" durationms="2.338" usertimems="0.000" systemtimems="0.000" timestamp="2019-06-16T01:09:17.974" activeThreads="4">
  <mem-info id="565" free="2089989472" total="2092630016" percent="99">
    <mem type="nursery" free="2189056" total="2490368" percent="87">
      <mem type="allocate" free="2189056" total="2228224" percent="98" />
      <mem type="survivor" free="0" total="262144" percent="0" />
    </mem>
    <mem type="tenure" free="2087800416" total="2090139648" percent="99" macro-fragmented="1800196">
      <mem type="soa" free="1983294048" total="1985633280" percent="99" />
      <mem type="loa" free="104506368" total="104506368" percent="100" />
    </mem>
    <remembered-set count="122" />
  </mem-info>
</gc-end>
<cycle-end id="566" type="scavenge" contextid="560" timestamp="2019-06-16T01:09:17.974" />
  <attribute name="elasticGC enabled" value="1" />
  <attribute name= "numThreadsSpecified" value="4" />
  <attribute name="heapSize specified" value="8781824" />
  <attribute name="Current GC Util" value="0" />
  <attribute name= "Current Time Running" value="34501" />
  <attribute name ="GC Interval" value="200" />
  <attribute name="ProportionalT" value="-30.000000" />
  <attribute name="ProportionalI" value="-30.000000" />
  <attribute name="ProportionalH" value="-30.000000" />
  <attribute name="Current Error" value="-20.000000" />
  <attribute name="IntegralT" value="-17760.000000" />
  <attribute name="IntegralI" value="-17760.000000" />
  <attribute name="IntegralH" value="-17760.000000" />
  <attribute name="DerivativeT" value="-0.022523" />
  <attribute name="DerivativeI" value="-0.022523" />
  <attribute name="DerivativeH" value="-0.022523" />
  <attribute name="Loop Time for DT" value="888.000000" />
  <attribute name="Output H" value="2092630016"/>
  <attribute name="Output I" value="200"/>
  <attribute name="Output T" value="4"/>
  <attribute name="Target GC Util Change" value ="20.000000" />
  <attribute name="Current GC Util Change" value="0.000000"/>
  <attribute name="GC Util currently" value="0" />
  <attribute name="CPU Util currently" value="4" />
<allocation-satisfied id="567" threadId="0000000002871900" bytesRequested="16" />
<af-end id="568" timestamp="2019-06-16T01:09:17.975" threadId="0000000002872288" success="true" from="nursery"/>
<exclusive-end id="569" timestamp="2019-06-16T01:09:17.975" durationms="3.173" />

<exclusive-start id="570" timestamp="2019-06-16T01:09:18.979" intervalms="1007.639">
  <response-info timems="0.021" idlems="0.021" threads="0" lastid="0000000002866500" lastname="node-1" />
</exclusive-start>
<af-start id="571" threadId="0000000002866E88" totalBytesRequested="32" timestamp="2019-06-16T01:09:18.979" intervalms="1007.617" type="nursery" />
<cycle-start id="572" type="scavenge" contextid="0" timestamp="2019-06-16T01:09:18.979" intervalms="1007.602" />
<gc-start id="573" type="scavenge" contextid="572" timestamp="2019-06-16T01:09:18.979">
  <mem-info id="574" free="2087800416" total="2092630016" percent="99">
    <mem type="nursery" free="0" total="2490368" percent="0">
      <mem type="allocate" free="0" total="2228224" percent="0" />
      <mem type="survivor" free="0" total="262144" percent="0" />
    </mem>
    <mem type="tenure" free="2087800416" total="2090139648" percent="99">
      <mem type="soa" free="1983294048" total="1985633280" percent="99" />
      <mem type="loa" free="104506368" total="104506368" percent="100" />
    </mem>
    <remembered-set count="139" />
  </mem-info>
</gc-start>
<allocation-stats totalBytes="2188328" >
  <allocated-bytes non-tlh="16" tlh="2188312" />
  <largest-consumer threadName="node-4" threadId="0000000002879000" bytes="382624" />
</allocation-stats>
<gc-op id="575" type="scavenge" timems="1.728" contextid="572" timestamp="2019-06-16T01:09:18.981">
  <scavenger-info tenureage="9" tenuremask="7e00" tiltratio="89" />
  <memory-copied type="nursery" objects="36" bytes="624" bytesdiscarded="38544" />
</gc-op>
<gc-end id="576" type="scavenge" contextid="572" durationms="2.256" usertimems="0.000" systemtimems="0.000" timestamp="2019-06-16T01:09:18.982" activeThreads="4">
  <mem-info id="577" free="2089989472" total="2092630016" percent="99">
    <mem type="nursery" free="2189056" total="2490368" percent="87">
      <mem type="allocate" free="2189056" total="2228224" percent="98" />
      <mem type="survivor" free="0" total="262144" percent="0" />
    </mem>
    <mem type="tenure" free="2087800416" total="2090139648" percent="99" macro-fragmented="0">
      <mem type="soa" free="1983294048" total="1985633280" percent="99" />
      <mem type="loa" free="104506368" total="104506368" percent="100" />
    </mem>
    <remembered-set count="116" />
  </mem-info>
</gc-end>
<cycle-end id="578" type="scavenge" contextid="572" timestamp="2019-06-16T01:09:18.982" />
  <attribute name="elasticGC enabled" value="1" />
  <attribute name= "numThreadsSpecified" value="4" />
  <attribute name="heapSize specified" value="8781824" />
  <attribute name="Current GC Util" value="0" />
  <attribute name= "Current Time Running" value="35509" />
  <attribute name ="GC Interval" value="200" />
  <attribute name="ProportionalT" value="-30.000000" />
  <attribute name="ProportionalI" value="-30.000000" />
  <attribute name="ProportionalH" value="-30.000000" />
  <attribute name="Current Error" value="-20.000000" />
  <attribute name="IntegralT" value="-20160.000000" />
  <attribute name="IntegralI" value="-20160.000000" />
  <attribute name="IntegralH" value="-20160.000000" />
  <attribute name="DerivativeT" value="-0.019841" />
  <attribute name="DerivativeI" value="-0.019841" />
  <attribute name="DerivativeH" value="-0.019841" />
  <attribute name="Loop Time for DT" value="1008.000000" />
  <attribute name="Output H" value="2092630016"/>
  <attribute name="Output I" value="200"/>
  <attribute name="Output T" value="4"/>
  <attribute name="Target GC Util Change" value ="20.000000" />
  <attribute name="Current GC Util Change" value="0.000000"/>
  <attribute name="GC Util currently" value="0" />
  <attribute name="CPU Util currently" value="2" />
<allocation-satisfied id="579" threadId="0000000002866500" bytesRequested="32" />
<af-end id="580" timestamp="2019-06-16T01:09:18.982" threadId="0000000002866E88" success="true" from="nursery"/>
<exclusive-end id="581" timestamp="2019-06-16T01:09:18.982" durationms="3.073" />

<exclusive-start id="582" timestamp="2019-06-16T01:09:19.943" intervalms="963.657">
  <response-info timems="0.164" idlems="0.091" threads="1" lastid="0000000002871900" lastname="node-3" />
</exclusive-start>
<af-start id="583" threadId="0000000002866E88" totalBytesRequested="32" timestamp="2019-06-16T01:09:19.943" intervalms="963.654" type="nursery" />
<cycle-start id="584" type="scavenge" contextid="0" timestamp="2019-06-16T01:09:19.943" intervalms="963.657" />
<gc-start id="585" type="scavenge" contextid="584" timestamp="2019-06-16T01:09:19.943">
  <mem-info id="586" free="2087800416" total="2092630016" percent="99">
    <mem type="nursery" free="0" total="2490368" percent="0">
      <mem type="allocate" free="0" total="2228224" percent="0" />
      <mem type="survivor" free="0" total="262144" percent="0" />
    </mem>
    <mem type="tenure" free="2087800416" total="2090139648" percent="99">
      <mem type="soa" free="1983294048" total="1985633280" percent="99" />
      <mem type="loa" free="104506368" total="104506368" percent="100" />
    </mem>
    <remembered-set count="139" />
  </mem-info>
</gc-start>
<allocation-stats totalBytes="2187560" >
  <allocated-bytes non-tlh="32" tlh="2187528" />
  <largest-consumer threadName="node-5" threadId="000000000286A100" bytes="376760" />
</allocation-stats>
<gc-op id="587" type="scavenge" timems="0.199" contextid="584" timestamp="2019-06-16T01:09:19.943">
  <scavenger-info tenureage="10" tenuremask="7c00" tiltratio="89" />
  <memory-copied type="nursery" objects="46" bytes="1480" bytesdiscarded="76856" />
</gc-op>
<gc-end id="588" type="scavenge" contextid="584" durationms="0.573" usertimems="0.000" systemtimems="0.000" timestamp="2019-06-16T01:09:19.944" activeThreads="4">
  <mem-info id="589" free="2089950304" total="2092630016" percent="99">
    <mem type="nursery" free="2149888" total="2490368" percent="86">
      <mem type="allocate" free="2149888" total="2228224" percent="96" />
      <mem type="survivor" free="0" total="262144" percent="0" />
    </mem>
    <mem type="tenure" free="2087800416" total="2090139648" percent="99" macro-fragmented="0">
      <mem type="soa" free="1983294048" total="1985633280" percent="99" />
      <mem type="loa" free="104506368" total="104506368" percent="100" />
    </mem>
    <remembered-set count="122" />
  </mem-info>
</gc-end>
<cycle-end id="590" type="scavenge" contextid="584" timestamp="2019-06-16T01:09:19.944" />
  <attribute name="elasticGC enabled" value="1" />
  <attribute name= "numThreadsSpecified" value="4" />
  <attribute name="heapSize specified" value="8781824" />
  <attribute name="Current GC Util" value="0" />
  <attribute name= "Current Time Running" value="36472" />
  <attribute name ="GC Interval" value="200" />
  <attribute name="ProportionalT" value="-30.000000" />
  <attribute name="ProportionalI" value="-30.000000" />
  <attribute name="ProportionalH" value="-30.000000" />
  <attribute name="Current Error" value="-20.000000" />
  <attribute name="IntegralT" value="-19260.000000" />
  <attribute name="IntegralI" value="-19260.000000" />
  <attribute name="IntegralH" value="-19260.000000" />
  <attribute name="DerivativeT" value="-0.020768" />
  <attribute name="DerivativeI" value="-0.020768" />
  <attribute name="DerivativeH" value="-0.020768" />
  <attribute name="Loop Time for DT" value="963.000000" />
  <attribute name="Output H" value="2092630016"/>
  <attribute name="Output I" value="200"/>
  <attribute name="Output T" value="4"/>
  <attribute name="Target GC Util Change" value ="20.000000" />
  <attribute name="Current GC Util Change" value="0.000000"/>
  <attribute name="GC Util currently" value="0" />
  <attribute name="CPU Util currently" value="4785612574" />
<allocation-satisfied id="591" threadId="0000000002866500" bytesRequested="32" />
<af-end id="592" timestamp="2019-06-16T01:09:19.944" threadId="0000000002866E88" success="true" from="nursery"/>
<exclusive-end id="593" timestamp="2019-06-16T01:09:19.944" durationms="1.184" />

<exclusive-start id="594" timestamp="2019-06-16T01:09:20.782" intervalms="838.853">
  <response-info timems="0.024" idlems="0.024" threads="0" lastid="0000000002875500" lastname="node-2" />
</exclusive-start>
<af-start id="595" threadId="0000000002875E88" totalBytesRequested="32" timestamp="2019-06-16T01:09:20.782" intervalms="838.846" type="nursery" />
<cycle-start id="596" type="scavenge" contextid="0" timestamp="2019-06-16T01:09:20.782" intervalms="838.839" />
<gc-start id="597" type="scavenge" contextid="596" timestamp="2019-06-16T01:09:20.782">
  <mem-info id="598" free="2087800416" total="2092630016" percent="99">
    <mem type="nursery" free="0" total="2490368" percent="0">
      <mem type="allocate" free="0" total="2228224" percent="0" />
      <mem type="survivor" free="0" total="262144" percent="0" />
    </mem>
    <mem type="tenure" free="2087800416" total="2090139648" percent="99">
      <mem type="soa" free="1983294048" total="1985633280" percent="99" />
      <mem type="loa" free="104506368" total="104506368" percent="100" />
    </mem>
    <remembered-set count="139" />
  </mem-info>
</gc-start>
<allocation-stats totalBytes="2149072" >
  <allocated-bytes non-tlh="32" tlh="2149040" />
  <largest-consumer threadName="node-4" threadId="0000000002879000" bytes="404816" />
</allocation-stats>
<gc-op id="599" type="scavenge" timems="0.184" contextid="596" timestamp="2019-06-16T01:09:20.782">
  <scavenger-info tenureage="11" tenuremask="7800" tiltratio="89" />
  <memory-copied type="nursery" objects="36" bytes="624" bytesdiscarded="38544" />
</gc-op>
<gc-end id="600" type="scavenge" contextid="596" durationms="0.557" usertimems="0.000" systemtimems="4.000" timestamp="2019-06-16T01:09:20.782" activeThreads="4">
  <mem-info id="601" free="2089989472" total="2092630016" percent="99">
    <mem type="nursery" free="2189056" total="2490368" percent="87">
      <mem type="allocate" free="2189056" total="2228224" percent="98" />
      <mem type="survivor" free="0" total="262144" percent="0" />
    </mem>
    <mem type="tenure" free="2087800416" total="2090139648" percent="99" macro-fragmented="0">
      <mem type="soa" free="1983294048" total="1985633280" percent="99" />
      <mem type="loa" free="104506368" total="104506368" percent="100" />
    </mem>
    <remembered-set count="116" />
  </mem-info>
</gc-end>
<cycle-end id="602" type="scavenge" contextid="596" timestamp="2019-06-16T01:09:20.783" />
  <attribute name="elasticGC enabled" value="1" />
  <attribute name= "numThreadsSpecified" value="4" />
  <attribute name="heapSize specified" value="8781824" />
  <attribute name="Current GC Util" value="0" />
  <attribute name= "Current Time Running" value="37311" />
  <attribute name ="GC Interval" value="200" />
  <attribute name="ProportionalT" value="-30.000000" />
  <attribute name="ProportionalI" value="-30.000000" />
  <attribute name="ProportionalH" value="-30.000000" />
  <attribute name="Current Error" value="-20.000000" />
  <attribute name="IntegralT" value="-16780.000000" />
  <attribute name="IntegralI" value="-16780.000000" />
  <attribute name="IntegralH" value="-16780.000000" />
  <attribute name="DerivativeT" value="-0.023838" />
  <attribute name="DerivativeI" value="-0.023838" />
  <attribute name="DerivativeH" value="-0.023838" />
  <attribute name="Loop Time for DT" value="839.000000" />
  <attribute name="Output H" value="2092630016"/>
  <attribute name="Output I" value="200"/>
  <attribute name="Output T" value="4"/>
  <attribute name="Target GC Util Change" value ="20.000000" />
  <attribute name="Current GC Util Change" value="0.000000"/>
  <attribute name="GC Util currently" value="0" />
  <attribute name="CPU Util currently" value="0" />
<allocation-satisfied id="603" threadId="0000000002875500" bytesRequested="32" />
<af-end id="604" timestamp="2019-06-16T01:09:20.783" threadId="0000000002875E88" success="true" from="nursery"/>
<exclusive-end id="605" timestamp="2019-06-16T01:09:20.783" durationms="1.152" />

<exclusive-start id="606" timestamp="2019-06-16T01:09:21.717" intervalms="935.239">
  <response-info timems="0.028" idlems="0.028" threads="0" lastid="0000000002866500" lastname="node-1" />
</exclusive-start>
<af-start id="607" threadId="0000000002866E88" totalBytesRequested="24" timestamp="2019-06-16T01:09:21.717" intervalms="935.264" type="nursery" />
<cycle-start id="608" type="scavenge" contextid="0" timestamp="2019-06-16T01:09:21.717" intervalms="935.259" />
<gc-start id="609" type="scavenge" contextid="608" timestamp="2019-06-16T01:09:21.717">
  <mem-info id="610" free="2087800416" total="2092630016" percent="99">
    <mem type="nursery" free="0" total="2490368" percent="0">
      <mem type="allocate" free="0" total="2228224" percent="0" />
      <mem type="survivor" free="0" total="262144" percent="0" />
    </mem>
    <mem type="tenure" free="2087800416" total="2090139648" percent="99">
      <mem type="soa" free="1983294048" total="1985633280" percent="99" />
      <mem type="loa" free="104506368" total="104506368" percent="100" />
    </mem>
    <remembered-set count="139" />
  </mem-info>
</gc-start>
<allocation-stats totalBytes="2187640" >
  <allocated-bytes non-tlh="32" tlh="2187608" />
  <largest-consumer threadName="node-2" threadId="0000000002875500" bytes="376792" />
</allocation-stats>
<gc-op id="611" type="scavenge" timems="1.759" contextid="608" timestamp="2019-06-16T01:09:21.719">
  <scavenger-info tenureage="3" tenuremask="fff8" tiltratio="89" />
  <memory-copied type="nursery" objects="35" bytes="600" bytesdiscarded="38568" />
</gc-op>
<gc-end id="612" type="scavenge" contextid="608" durationms="2.293" usertimems="0.000" systemtimems="0.000" timestamp="2019-06-16T01:09:21.719" activeThreads="4">
  <mem-info id="613" free="2089989472" total="2092630016" percent="99">
    <mem type="nursery" free="2189056" total="2490368" percent="87">
      <mem type="allocate" free="2189056" total="2228224" percent="98" />
      <mem type="survivor" free="0" total="262144" percent="0" />
    </mem>
    <mem type="tenure" free="2087800416" total="2090139648" percent="99" macro-fragmented="2592282">
      <mem type="soa" free="1983294048" total="1985633280" percent="99" />
      <mem type="loa" free="104506368" total="104506368" percent="100" />
    </mem>
    <remembered-set count="116" />
  </mem-info>
</gc-end>
<cycle-end id="614" type="scavenge" contextid="608" timestamp="2019-06-16T01:09:21.720" />
  <attribute name="elasticGC enabled" value="1" />
  <attribute name= "numThreadsSpecified" value="4" />
  <attribute name="heapSize specified" value="8781824" />
  <attribute name="Current GC Util" value="0" />
  <attribute name= "Current Time Running" value="38246" />
  <attribute name ="GC Interval" value="200" />
  <attribute name="ProportionalT" value="-30.000000" />
  <attribute name="ProportionalI" value="-30.000000" />
  <attribute name="ProportionalH" value="-30.000000" />
  <attribute name="Current Error" value="-20.000000" />
  <attribute name="IntegralT" value="-18700.000000" />
  <attribute name="IntegralI" value="-18700.000000" />
  <attribute name="IntegralH" value="-18700.000000" />
  <attribute name="DerivativeT" value="-0.021390" />
  <attribute name="DerivativeI" value="-0.021390" />
  <attribute name="DerivativeH" value="-0.021390" />
  <attribute name="Loop Time for DT" value="935.000000" />
  <attribute name="Output H" value="2092630016"/>
  <attribute name="Output I" value="200"/>
  <attribute name="Output T" value="4"/>
  <attribute name="Target GC Util Change" value ="20.000000" />
  <attribute name="Current GC Util Change" value="0.000000"/>
  <attribute name="GC Util currently" value="0" />
  <attribute name="CPU Util currently" value="4" />
<allocation-satisfied id="615" threadId="0000000002866500" bytesRequested="24" />
<af-end id="616" timestamp="2019-06-16T01:09:21.720" threadId="0000000002866E88" success="true" from="nursery"/>
<exclusive-end id="617" timestamp="2019-06-16T01:09:21.720" durationms="2.826" />

</verbosegc>

