<?xml version="1.0" ?>

<verbosegc xmlns="http://www.ibm.com/j9/verbosegc" version="08cc62e_CMPRSS">

<initialized id="1" timestamp="2019-08-02T18:57:19.456">
  <attribute name="gcPolicy" value="-Xgcpolicy:optavgpause" />
  <attribute name="elasticGC enabled" value="1" />
  <attribute name= "numThreadsSpecified" value="0" />
  <attribute name="heapSize specified" value="0" />
  <attribute name= "numCores" value="0" />
  <attribute name ="GC Interval" value="0" />
  <attribute name="GC Util Range Max" value="0" />
  <attribute name="Current GC Util" value="0" />
  <attribute name= "Current Time Running" value="0" />
  <attribute name="maxHeapSize" value="0x7cba0000" />
  <attribute name="initialHeapSize" value="0x800000" />
  <attribute name="compressedRefs" value="true" />
  <attribute name="compressedRefsDisplacement" value="0x0" />
  <attribute name="compressedRefsShift" value="0x0" />
  <attribute name="pageSize" value="0x1000" />
  <attribute name="pageType" value="not used" />
  <attribute name="requestedPageSize" value="0x1000" />
  <attribute name="requestedPageType" value="not used" />
  <attribute name="gcthreads" value="8" />
  <attribute name="packetListSplit" value="8" />
  <attribute name="cacheListSplit" value="8" />
  <attribute name="splitFreeListSplitAmount" value="1" />
  <attribute name="numaNodes" value="0" />
  <system>
    <attribute name="physicalMemory" value="8370401280" />
    <attribute name="numCPUs" value="8" />
    <attribute name="architecture" value="amd64" />
    <attribute name="os" value="Linux" />
    <attribute name="osVersion" value="4.4.0-154-generic" />
  </system>
  <vmargs>
    <vmarg name="-Xoptionsfile=/vagrant/jdk/lib/options.default" />
    <vmarg name="-Xlockword:mode=default,noLockword=java/lang/String,noLockword=java/util/MapEntry,noLockword=java/util/HashMap$Entry,noLockword..." />
    <vmarg name="-Xjcl:jclse29" />
    <vmarg name="-Dcom.ibm.oti.vm.bootstrap.library.path=/vagrant/jdk/lib/compressedrefs:/vagrant/jdk/lib" />
    <vmarg name="-Dsun.boot.library.path=/vagrant/jdk/lib/compressedrefs:/vagrant/jdk/lib" />
    <vmarg name="-Djava.library.path=/vagrant/jdk/lib/compressedrefs:/vagrant/jdk/lib:/usr/lib64:/usr/lib" />
    <vmarg name="-Djava.home=/vagrant/jdk" />
    <vmarg name="-Duser.dir=/vagrant" />
    <vmarg name="-Xgcpolicy:optavgpause" />
    <vmarg name="-Xgcelastic" />
    <vmarg name="-Xcheck:gc:::elasticGC" />
    <vmarg name="-verbose:gc" />
    <vmarg name="-Xloggc:jdkA-small-OAP-8core-verbose14pmd.txt" />
    <vmarg name="-Djava.class.path=dacapo-9.12-MR1-bach.jar" />
    <vmarg name="-Dsun.java.command=dacapo-9.12-MR1-bach.jar pmd --size=small" />
    <vmarg name="-Dsun.java.launcher=SUN_STANDARD" />
    <vmarg name="-Dsun.java.launcher.pid=4993" />
  </vmargs>
</initialized>

<exclusive-start id="2" timestamp="2019-08-02T18:57:20.289" intervalms="832.211">
  <response-info timems="0.022" idlems="0.022" threads="0" lastid="0000000002315A00" lastname="main" />
</exclusive-start>
<sys-start reason="explicit" id="3" timestamp="2019-08-02T18:57:20.289" intervalms="832.511" />
<cycle-start id="4" type="global" contextid="0" timestamp="2019-08-02T18:57:20.289" intervalms="832.872" />
<gc-start id="5" type="global" contextid="4" timestamp="2019-08-02T18:57:20.289">
  <mem-info id="6" free="1481176" total="8388608" percent="17">
    <mem type="tenure" free="1481176" total="8388608" percent="17">
      <mem type="soa" free="1062360" total="7969792" percent="13" />
      <mem type="loa" free="418816" total="418816" percent="100" />
    </mem>
  </mem-info>
</gc-start>
<allocation-stats totalBytes="6898704" >
  <allocated-bytes non-tlh="460328" tlh="6438376" />
  <largest-consumer threadName="main" threadId="0000000002315A00" bytes="6805792" />
</allocation-stats>
<gc-op id="7" type="mark" timems="2.470" contextid="4" timestamp="2019-08-02T18:57:20.292">
  <trace-info objectcount="20002" scancount="16581" scanbytes="533828" />
  <finalization candidates="46" enqueued="1" />
  <ownableSynchronizers candidates="4" cleared="3" />
  <references type="soft" candidates="66" cleared="0" enqueued="0" dynamicThreshold="32" maxThreshold="32" />
  <references type="weak" candidates="911" cleared="529" enqueued="452" />
  <references type="phantom" candidates="125" cleared="44" enqueued="44" />
  <stringconstants candidates="2485" cleared="0"  />
</gc-op>
<gc-op id="8" type="classunload" timems="0.101" contextid="4" timestamp="2019-08-02T18:57:20.292">
  <classunload-info classloadercandidates="6" classloadersunloaded="0" classesunloaded="0" anonymousclassesunloaded="0" quiescems="0.000" setupms="0.101" scanms="0.000" postms="0.000" />
</gc-op>
<gc-op id="9" type="sweep" timems="0.704" contextid="4" timestamp="2019-08-02T18:57:20.293" />
<mem-info id="10" free="6773976" total="8388608" percent="80">
  <mem type="tenure" free="6773976" total="8388608" percent="80" micro-fragmented="265086">
    <mem type="soa" free="6355160" total="7969792" percent="79" />
    <mem type="loa" free="418816" total="418816" percent="100" />
  </mem>
  <pending-finalizers system="1" default="0" reference="496" classloader="0" />
</mem-info>
<gc-op id="11" type="compact" timems="4.526" contextid="4" timestamp="2019-08-02T18:57:20.298">
  <compact-info movecount="20001" movebytes="1291384" reason="no compaction" />
</gc-op>
<gc-end id="12" type="global" contextid="4" durationms="9.133" usertimems="8.000" systemtimems="4.000" timestamp="2019-08-02T18:57:20.298" activeThreads="8">
  <mem-info id="13" free="7097136" total="8388608" percent="84">
    <mem type="tenure" free="7097136" total="8388608" percent="84">
      <mem type="soa" free="6678320" total="7969792" percent="83" />
      <mem type="loa" free="418816" total="418816" percent="100" />
    </mem>
    <pending-finalizers system="1" default="0" reference="496" classloader="0" />
  </mem-info>
</gc-end>
<cycle-end id="14" type="global" contextid="4" timestamp="2019-08-02T18:57:20.299" />
  <attribute name="elasticGC enabled" value="1" />
  <attribute name= "numThreadsSpecified" value="0" />
  <attribute name="heapSize specified" value="8388608" />
  <attribute name= "numCores" value="8" />
  <attribute name ="GC Interval" value="0" />
  <attribute name ="Control flow" value="3" />
  <attribute name="GC Util Range Max" value="81" />
  <attribute name="Current GC Util" value="41" />
  <attribute name= "Current Time Running" value="8" />
<sys-end id="15" timestamp="2019-08-02T18:57:20.299" />
<exclusive-end id="16" timestamp="2019-08-02T18:57:20.299" durationms="10.419" />

<exclusive-start id="17" timestamp="2019-08-02T18:57:20.561" intervalms="272.116">
  <response-info timems="0.058" idlems="0.058" threads="0" lastid="0000000002315A00" lastname="main" />
</exclusive-start>
<af-start id="18" threadId="0000000002316388" totalBytesRequested="3368" timestamp="2019-08-02T18:57:20.561" intervalms="1104.511" />
<cycle-start id="19" type="global" contextid="0" timestamp="2019-08-02T18:57:20.561" intervalms="271.790" />
<gc-start id="20" type="global" contextid="19" timestamp="2019-08-02T18:57:20.561">
  <mem-info id="21" free="418816" total="8388608" percent="4">
    <mem type="tenure" free="418816" total="8388608" percent="4">
      <mem type="soa" free="0" total="7969792" percent="0" />
      <mem type="loa" free="418816" total="418816" percent="100" />
    </mem>
  </mem-info>
</gc-start>
<allocation-stats totalBytes="6669992" >
  <allocated-bytes non-tlh="124552" tlh="6545440" />
  <largest-consumer threadName="main" threadId="0000000002315A00" bytes="6653920" />
</allocation-stats>
<gc-op id="22" type="mark" timems="1.168" contextid="19" timestamp="2019-08-02T18:57:20.562">
  <trace-info objectcount="27889" scancount="21947" scanbytes="726676" />
  <finalization candidates="50" enqueued="0" />
  <ownableSynchronizers candidates="1" cleared="0" />
  <references type="soft" candidates="69" cleared="0" enqueued="0" dynamicThreshold="27" maxThreshold="32" />
  <references type="weak" candidates="550" cleared="85" enqueued="80" />
  <references type="phantom" candidates="88" cleared="5" enqueued="5" />
  <stringconstants candidates="3396" cleared="0"  />
</gc-op>
<gc-op id="23" type="sweep" timems="0.274" contextid="19" timestamp="2019-08-02T18:57:20.563" />
<mem-info id="24" free="6495000" total="8388608" percent="77">
  <mem type="tenure" free="6495000" total="8388608" percent="77" micro-fragmented="196096">
    <mem type="soa" free="6076184" total="7969792" percent="76" />
    <mem type="loa" free="418816" total="418816" percent="100" />
  </mem>
  <pending-finalizers system="0" default="0" reference="85" classloader="0" />
</mem-info>
<gc-op id="25" type="compact" timems="3.551" contextid="19" timestamp="2019-08-02T18:57:20.567">
  <compact-info movecount="16790" movebytes="1277232" reason="no compaction" />
</gc-op>
<gc-end id="26" type="global" contextid="19" durationms="5.835" usertimems="8.000" systemtimems="0.000" timestamp="2019-08-02T18:57:20.567" activeThreads="8">
  <mem-info id="27" free="6570144" total="8388608" percent="78">
    <mem type="tenure" free="6570144" total="8388608" percent="78">
      <mem type="soa" free="6151328" total="7969792" percent="77" />
      <mem type="loa" free="418816" total="418816" percent="100" />
    </mem>
    <pending-finalizers system="0" default="0" reference="85" classloader="0" />
  </mem-info>
</gc-end>
<cycle-end id="28" type="global" contextid="19" timestamp="2019-08-02T18:57:20.567" />
  <attribute name="elasticGC enabled" value="1" />
  <attribute name= "numThreadsSpecified" value="0" />
  <attribute name="heapSize specified" value="8388608" />
  <attribute name= "numCores" value="8" />
  <attribute name ="GC Interval" value="0" />
  <attribute name ="Control flow" value="3" />
  <attribute name="GC Util Range Max" value="81" />
  <attribute name="Current GC Util" value="41" />
  <attribute name= "Current Time Running" value="277" />
<allocation-satisfied id="29" threadId="0000000002315A00" bytesRequested="3368" />
<af-end id="30" timestamp="2019-08-02T18:57:20.567" threadId="0000000002316388" success="true" />
<exclusive-end id="31" timestamp="2019-08-02T18:57:20.568" durationms="7.041" />

<exclusive-start id="32" timestamp="2019-08-02T18:57:20.959" intervalms="398.259">
  <response-info timems="0.031" idlems="0.031" threads="0" lastid="0000000002315A00" lastname="main" />
</exclusive-start>
<af-start id="33" threadId="0000000002316388" totalBytesRequested="184" timestamp="2019-08-02T18:57:20.959" intervalms="398.160" />
<cycle-start id="34" type="global" contextid="0" timestamp="2019-08-02T18:57:20.959" intervalms="398.068" />
<gc-start id="35" type="global" contextid="34" timestamp="2019-08-02T18:57:20.959">
  <mem-info id="36" free="418816" total="8388608" percent="4">
    <mem type="tenure" free="418816" total="8388608" percent="4">
      <mem type="soa" free="0" total="7969792" percent="0" />
      <mem type="loa" free="418816" total="418816" percent="100" />
    </mem>
  </mem-info>
</gc-start>
<allocation-stats totalBytes="6211136" >
  <allocated-bytes non-tlh="500232" tlh="5710904" />
  <largest-consumer threadName="main" threadId="0000000002315A00" bytes="883672" />
</allocation-stats>
<gc-op id="37" type="mark" timems="1.270" contextid="34" timestamp="2019-08-02T18:57:20.960">
  <trace-info objectcount="28059" scancount="22060" scanbytes="697948" />
  <finalization candidates="58" enqueued="0" />
  <ownableSynchronizers candidates="5" cleared="4" />
  <references type="soft" candidates="102" cleared="0" enqueued="0" dynamicThreshold="25" maxThreshold="32" />
  <references type="weak" candidates="941" cleared="266" enqueued="190" />
  <references type="phantom" candidates="92" cleared="14" enqueued="14" />
  <stringconstants candidates="5222" cleared="1494"  />
</gc-op>
<gc-op id="38" type="classunload" timems="1.498" contextid="34" timestamp="2019-08-02T18:57:20.962">
  <classunload-info classloadercandidates="8" classloadersunloaded="2" classesunloaded="671" anonymousclassesunloaded="0" quiescems="0.000" setupms="1.390" scanms="0.105" postms="0.003" />
</gc-op>
<gc-op id="39" type="sweep" timems="0.218" contextid="34" timestamp="2019-08-02T18:57:20.962" />
<mem-info id="40" free="6644152" total="8388608" percent="79">
  <mem type="tenure" free="6644152" total="8388608" percent="79" micro-fragmented="160336">
    <mem type="soa" free="6225336" total="7969792" percent="78" />
    <mem type="loa" free="418816" total="418816" percent="100" />
  </mem>
  <pending-finalizers system="0" default="0" reference="204" classloader="0" />
</mem-info>
<gc-op id="41" type="compact" timems="5.775" contextid="34" timestamp="2019-08-02T18:57:20.968">
  <compact-info movecount="27383" movebytes="1484880" reason="no compaction" />
</gc-op>
<gc-end id="42" type="global" contextid="34" durationms="9.893" usertimems="8.000" systemtimems="4.000" timestamp="2019-08-02T18:57:20.969" activeThreads="8">
  <mem-info id="43" free="6823576" total="8388608" percent="81">
    <mem type="tenure" free="6823576" total="8388608" percent="81">
      <mem type="soa" free="6404760" total="7969792" percent="80" />
      <mem type="loa" free="418816" total="418816" percent="100" />
    </mem>
    <pending-finalizers system="0" default="0" reference="204" classloader="0" />
  </mem-info>
</gc-end>
<cycle-end id="44" type="global" contextid="34" timestamp="2019-08-02T18:57:20.969" />
  <attribute name="elasticGC enabled" value="1" />
  <attribute name= "numThreadsSpecified" value="0" />
  <attribute name="heapSize specified" value="8388608" />
  <attribute name= "numCores" value="8" />
  <attribute name ="GC Interval" value="0" />
  <attribute name ="Control flow" value="3" />
  <attribute name="GC Util Range Max" value="81" />
  <attribute name="Current GC Util" value="34" />
  <attribute name= "Current Time Running" value="679" />
<allocation-satisfied id="45" threadId="0000000002315A00" bytesRequested="184" />
<af-end id="46" timestamp="2019-08-02T18:57:20.969" threadId="0000000002316388" success="true" />
<exclusive-end id="47" timestamp="2019-08-02T18:57:20.970" durationms="10.868" />

</verbosegc>

