<?xml version="1.0" ?>

<verbosegc xmlns="http://www.ibm.com/j9/verbosegc" version="08cc62e_CMPRSS">

<initialized id="1" timestamp="2019-08-02T18:56:54.960">
  <attribute name="gcPolicy" value="-Xgcpolicy:optavgpause" />
  <attribute name="elasticGC enabled" value="1" />
  <attribute name= "numThreadsSpecified" value="0" />
  <attribute name="heapSize specified" value="0" />
  <attribute name= "numCores" value="0" />
  <attribute name ="GC Interval" value="0" />
  <attribute name="GC Util Range Max" value="0" />
  <attribute name="Current GC Util" value="0" />
  <attribute name= "Current Time Running" value="0" />
  <attribute name="maxHeapSize" value="0x7cba0000" />
  <attribute name="initialHeapSize" value="0x800000" />
  <attribute name="compressedRefs" value="true" />
  <attribute name="compressedRefsDisplacement" value="0x0" />
  <attribute name="compressedRefsShift" value="0x0" />
  <attribute name="pageSize" value="0x1000" />
  <attribute name="pageType" value="not used" />
  <attribute name="requestedPageSize" value="0x1000" />
  <attribute name="requestedPageType" value="not used" />
  <attribute name="gcthreads" value="8" />
  <attribute name="packetListSplit" value="8" />
  <attribute name="cacheListSplit" value="8" />
  <attribute name="splitFreeListSplitAmount" value="1" />
  <attribute name="numaNodes" value="0" />
  <system>
    <attribute name="physicalMemory" value="8370401280" />
    <attribute name="numCPUs" value="8" />
    <attribute name="architecture" value="amd64" />
    <attribute name="os" value="Linux" />
    <attribute name="osVersion" value="4.4.0-154-generic" />
  </system>
  <vmargs>
    <vmarg name="-Xoptionsfile=/vagrant/jdk/lib/options.default" />
    <vmarg name="-Xlockword:mode=default,noLockword=java/lang/String,noLockword=java/util/MapEntry,noLockword=java/util/HashMap$Entry,noLockword..." />
    <vmarg name="-Xjcl:jclse29" />
    <vmarg name="-Dcom.ibm.oti.vm.bootstrap.library.path=/vagrant/jdk/lib/compressedrefs:/vagrant/jdk/lib" />
    <vmarg name="-Dsun.boot.library.path=/vagrant/jdk/lib/compressedrefs:/vagrant/jdk/lib" />
    <vmarg name="-Djava.library.path=/vagrant/jdk/lib/compressedrefs:/vagrant/jdk/lib:/usr/lib64:/usr/lib" />
    <vmarg name="-Djava.home=/vagrant/jdk" />
    <vmarg name="-Duser.dir=/vagrant" />
    <vmarg name="-Xgcpolicy:optavgpause" />
    <vmarg name="-Xgcelastic" />
    <vmarg name="-Xcheck:gc:::elasticGC" />
    <vmarg name="-verbose:gc" />
    <vmarg name="-Xloggc:jdkA-small-OAP-8core-verbose1pmd.txt" />
    <vmarg name="-Djava.class.path=dacapo-9.12-MR1-bach.jar" />
    <vmarg name="-Dsun.java.command=dacapo-9.12-MR1-bach.jar pmd --size=small" />
    <vmarg name="-Dsun.java.launcher=SUN_STANDARD" />
    <vmarg name="-Dsun.java.launcher.pid=4616" />
  </vmargs>
</initialized>

<exclusive-start id="2" timestamp="2019-08-02T18:56:55.869" intervalms="908.411">
  <response-info timems="0.018" idlems="0.018" threads="0" lastid="0000000001A4EA00" lastname="main" />
</exclusive-start>
<sys-start reason="explicit" id="3" timestamp="2019-08-02T18:56:55.869" intervalms="908.652" />
<cycle-start id="4" type="global" contextid="0" timestamp="2019-08-02T18:56:55.869" intervalms="908.950" />
<gc-start id="5" type="global" contextid="4" timestamp="2019-08-02T18:56:55.870">
  <mem-info id="6" free="967568" total="8388608" percent="11">
    <mem type="tenure" free="967568" total="8388608" percent="11">
      <mem type="soa" free="548752" total="7969792" percent="6" />
      <mem type="loa" free="418816" total="418816" percent="100" />
    </mem>
  </mem-info>
</gc-start>
<allocation-stats totalBytes="7412096" >
  <allocated-bytes non-tlh="449648" tlh="6962448" />
  <largest-consumer threadName="main" threadId="0000000001A4EA00" bytes="7319184" />
</allocation-stats>
<gc-op id="7" type="mark" timems="2.621" contextid="4" timestamp="2019-08-02T18:56:55.872">
  <trace-info objectcount="20002" scancount="16600" scanbytes="533828" />
  <finalization candidates="46" enqueued="1" />
  <ownableSynchronizers candidates="4" cleared="3" />
  <references type="soft" candidates="66" cleared="0" enqueued="0" dynamicThreshold="32" maxThreshold="32" />
  <references type="weak" candidates="911" cleared="529" enqueued="452" />
  <references type="phantom" candidates="125" cleared="44" enqueued="44" />
  <stringconstants candidates="2485" cleared="0"  />
</gc-op>
<gc-op id="8" type="classunload" timems="0.099" contextid="4" timestamp="2019-08-02T18:56:55.873">
  <classunload-info classloadercandidates="6" classloadersunloaded="0" classesunloaded="0" anonymousclassesunloaded="0" quiescems="0.000" setupms="0.099" scanms="0.000" postms="0.000" />
</gc-op>
<gc-op id="9" type="sweep" timems="0.585" contextid="4" timestamp="2019-08-02T18:56:55.873" />
<mem-info id="10" free="6770880" total="8388608" percent="80">
  <mem type="tenure" free="6770880" total="8388608" percent="80" micro-fragmented="264779">
    <mem type="soa" free="6352064" total="7969792" percent="79" />
    <mem type="loa" free="418816" total="418816" percent="100" />
  </mem>
  <pending-finalizers system="1" default="0" reference="496" classloader="0" />
</mem-info>
<gc-op id="11" type="compact" timems="4.606" contextid="4" timestamp="2019-08-02T18:56:55.878">
  <compact-info movecount="20001" movebytes="1291384" reason="no compaction" />
</gc-op>
<gc-end id="12" type="global" contextid="4" durationms="9.080" usertimems="12.000" systemtimems="0.000" timestamp="2019-08-02T18:56:55.879" activeThreads="8">
  <mem-info id="13" free="7097136" total="8388608" percent="84">
    <mem type="tenure" free="7097136" total="8388608" percent="84">
      <mem type="soa" free="6678320" total="7969792" percent="83" />
      <mem type="loa" free="418816" total="418816" percent="100" />
    </mem>
    <pending-finalizers system="1" default="0" reference="496" classloader="0" />
  </mem-info>
</gc-end>
<cycle-end id="14" type="global" contextid="4" timestamp="2019-08-02T18:56:55.879" />
  <attribute name="elasticGC enabled" value="1" />
  <attribute name= "numThreadsSpecified" value="0" />
  <attribute name="heapSize specified" value="8388608" />
  <attribute name= "numCores" value="8" />
  <attribute name ="GC Interval" value="0" />
  <attribute name ="Control flow" value="3" />
  <attribute name="GC Util Range Max" value="85" />
  <attribute name="Current GC Util" value="37" />
  <attribute name= "Current Time Running" value="8" />
<sys-end id="15" timestamp="2019-08-02T18:56:55.879" />
<exclusive-end id="16" timestamp="2019-08-02T18:56:55.879" durationms="10.248" />

<exclusive-start id="17" timestamp="2019-08-02T18:56:56.099" intervalms="229.672">
  <response-info timems="0.100" idlems="0.100" threads="0" lastid="0000000001A4EA00" lastname="main" />
</exclusive-start>
<af-start id="18" threadId="0000000001A4F388" totalBytesRequested="3368" timestamp="2019-08-02T18:56:56.099" intervalms="1138.207" />
<cycle-start id="19" type="global" contextid="0" timestamp="2019-08-02T18:56:56.099" intervalms="229.355" />
<gc-start id="20" type="global" contextid="19" timestamp="2019-08-02T18:56:56.099">
  <mem-info id="21" free="418816" total="8388608" percent="4">
    <mem type="tenure" free="418816" total="8388608" percent="4">
      <mem type="soa" free="0" total="7969792" percent="0" />
      <mem type="loa" free="418816" total="418816" percent="100" />
    </mem>
  </mem-info>
</gc-start>
<allocation-stats totalBytes="6669992" >
  <allocated-bytes non-tlh="124552" tlh="6545440" />
  <largest-consumer threadName="main" threadId="0000000001A4EA00" bytes="6653920" />
</allocation-stats>
<gc-op id="22" type="mark" timems="1.261" contextid="19" timestamp="2019-08-02T18:56:56.100">
  <trace-info objectcount="27889" scancount="21945" scanbytes="726676" />
  <finalization candidates="50" enqueued="0" />
  <ownableSynchronizers candidates="1" cleared="0" />
  <references type="soft" candidates="69" cleared="0" enqueued="0" dynamicThreshold="27" maxThreshold="32" />
  <references type="weak" candidates="550" cleared="85" enqueued="80" />
  <references type="phantom" candidates="88" cleared="5" enqueued="5" />
  <stringconstants candidates="3396" cleared="0"  />
</gc-op>
<gc-op id="23" type="sweep" timems="0.256" contextid="19" timestamp="2019-08-02T18:56:56.101" />
<mem-info id="24" free="6495000" total="8388608" percent="77">
  <mem type="tenure" free="6495000" total="8388608" percent="77" micro-fragmented="105281">
    <mem type="soa" free="6076184" total="7969792" percent="76" />
    <mem type="loa" free="418816" total="418816" percent="100" />
  </mem>
  <pending-finalizers system="0" default="0" reference="85" classloader="0" />
</mem-info>
<gc-op id="25" type="compact" timems="3.713" contextid="19" timestamp="2019-08-02T18:56:56.105">
  <compact-info movecount="16790" movebytes="1277232" reason="no compaction" />
</gc-op>
<gc-end id="26" type="global" contextid="19" durationms="5.849" usertimems="12.000" systemtimems="0.000" timestamp="2019-08-02T18:56:56.105" activeThreads="8">
  <mem-info id="27" free="6570144" total="8388608" percent="78">
    <mem type="tenure" free="6570144" total="8388608" percent="78">
      <mem type="soa" free="6151328" total="7969792" percent="77" />
      <mem type="loa" free="418816" total="418816" percent="100" />
    </mem>
    <pending-finalizers system="0" default="0" reference="85" classloader="0" />
  </mem-info>
</gc-end>
<cycle-end id="28" type="global" contextid="19" timestamp="2019-08-02T18:56:56.105" />
  <attribute name="elasticGC enabled" value="1" />
  <attribute name= "numThreadsSpecified" value="0" />
  <attribute name="heapSize specified" value="8388608" />
  <attribute name= "numCores" value="8" />
  <attribute name ="GC Interval" value="0" />
  <attribute name ="Control flow" value="3" />
  <attribute name="GC Util Range Max" value="85" />
  <attribute name="Current GC Util" value="37" />
  <attribute name= "Current Time Running" value="234" />
<allocation-satisfied id="29" threadId="0000000001A4EA00" bytesRequested="3368" />
<af-end id="30" timestamp="2019-08-02T18:56:56.105" threadId="0000000001A4F388" success="true" />
<exclusive-end id="31" timestamp="2019-08-02T18:56:56.105" durationms="6.465" />

<exclusive-start id="32" timestamp="2019-08-02T18:56:56.475" intervalms="376.952">
  <response-info timems="0.024" idlems="0.024" threads="0" lastid="0000000001A4EA00" lastname="main" />
</exclusive-start>
<af-start id="33" threadId="0000000001A4F388" totalBytesRequested="184" timestamp="2019-08-02T18:56:56.476" intervalms="376.907" />
<cycle-start id="34" type="global" contextid="0" timestamp="2019-08-02T18:56:56.476" intervalms="376.862" />
<gc-start id="35" type="global" contextid="34" timestamp="2019-08-02T18:56:56.476">
  <mem-info id="36" free="418816" total="8388608" percent="4">
    <mem type="tenure" free="418816" total="8388608" percent="4">
      <mem type="soa" free="0" total="7969792" percent="0" />
      <mem type="loa" free="418816" total="418816" percent="100" />
    </mem>
  </mem-info>
</gc-start>
<allocation-stats totalBytes="6211144" >
  <allocated-bytes non-tlh="500232" tlh="5710912" />
  <largest-consumer threadName="main" threadId="0000000001A4EA00" bytes="883672" />
</allocation-stats>
<gc-op id="37" type="mark" timems="1.474" contextid="34" timestamp="2019-08-02T18:56:56.477">
  <trace-info objectcount="28059" scancount="22061" scanbytes="697948" />
  <finalization candidates="58" enqueued="0" />
  <ownableSynchronizers candidates="5" cleared="4" />
  <references type="soft" candidates="102" cleared="0" enqueued="0" dynamicThreshold="25" maxThreshold="32" />
  <references type="weak" candidates="941" cleared="266" enqueued="190" />
  <references type="phantom" candidates="92" cleared="14" enqueued="14" />
  <stringconstants candidates="5222" cleared="1494"  />
</gc-op>
<gc-op id="38" type="classunload" timems="1.373" contextid="34" timestamp="2019-08-02T18:56:56.479">
  <classunload-info classloadercandidates="8" classloadersunloaded="2" classesunloaded="671" anonymousclassesunloaded="0" quiescems="0.000" setupms="1.274" scanms="0.096" postms="0.003" />
</gc-op>
<gc-op id="39" type="sweep" timems="0.231" contextid="34" timestamp="2019-08-02T18:56:56.479" />
<mem-info id="40" free="6644120" total="8388608" percent="79">
  <mem type="tenure" free="6644120" total="8388608" percent="79" micro-fragmented="190624">
    <mem type="soa" free="6225304" total="7969792" percent="78" />
    <mem type="loa" free="418816" total="418816" percent="100" />
  </mem>
  <pending-finalizers system="0" default="0" reference="204" classloader="0" />
</mem-info>
<gc-op id="41" type="compact" timems="5.755" contextid="34" timestamp="2019-08-02T18:56:56.485">
  <compact-info movecount="27386" movebytes="1485072" reason="no compaction" />
</gc-op>
<gc-end id="42" type="global" contextid="34" durationms="9.513" usertimems="12.000" systemtimems="0.000" timestamp="2019-08-02T18:56:56.485" activeThreads="8">
  <mem-info id="43" free="6823576" total="8388608" percent="81">
    <mem type="tenure" free="6823576" total="8388608" percent="81">
      <mem type="soa" free="6404760" total="7969792" percent="80" />
      <mem type="loa" free="418816" total="418816" percent="100" />
    </mem>
    <pending-finalizers system="0" default="0" reference="204" classloader="0" />
  </mem-info>
</gc-end>
<cycle-end id="44" type="global" contextid="34" timestamp="2019-08-02T18:56:56.485" />
  <attribute name="elasticGC enabled" value="1" />
  <attribute name= "numThreadsSpecified" value="0" />
  <attribute name="heapSize specified" value="8388608" />
  <attribute name= "numCores" value="8" />
  <attribute name ="GC Interval" value="0" />
  <attribute name ="Control flow" value="3" />
  <attribute name="GC Util Range Max" value="85" />
  <attribute name="Current GC Util" value="31" />
  <attribute name= "Current Time Running" value="615" />
<allocation-satisfied id="45" threadId="0000000001A4EA00" bytesRequested="184" />
<af-end id="46" timestamp="2019-08-02T18:56:56.486" threadId="0000000001A4F388" success="true" />
<exclusive-end id="47" timestamp="2019-08-02T18:56:56.486" durationms="10.119" />

</verbosegc>

