<?xml version="1.0" ?>

<verbosegc xmlns="http://www.ibm.com/j9/verbosegc" version="08cc62e_CMPRSS">

<initialized id="1" timestamp="2019-08-07T01:42:50.232">
  <attribute name="gcPolicy" value="-Xgcpolicy:gencon" />
  <attribute name="Current GC Util" value="0" />
  <attribute name= "Current Time Running" value="0" />
  <attribute name="maxHeapSize" value="0x7cba0000" />
  <attribute name="initialHeapSize" value="0x800000" />
  <attribute name="compressedRefs" value="true" />
  <attribute name="compressedRefsDisplacement" value="0x0" />
  <attribute name="compressedRefsShift" value="0x0" />
  <attribute name="pageSize" value="0x1000" />
  <attribute name="pageType" value="not used" />
  <attribute name="requestedPageSize" value="0x1000" />
  <attribute name="requestedPageType" value="not used" />
  <attribute name="gcthreads" value="8" />
  <attribute name="gcthreads Concurrent Mark" value="1" />
  <attribute name="packetListSplit" value="8" />
  <attribute name="cacheListSplit" value="8" />
  <attribute name="splitFreeListSplitAmount" value="1" />
  <attribute name="numaNodes" value="0" />
  <system>
    <attribute name="physicalMemory" value="8370401280" />
    <attribute name="numCPUs" value="8" />
    <attribute name="architecture" value="amd64" />
    <attribute name="os" value="Linux" />
    <attribute name="osVersion" value="4.4.0-154-generic" />
  </system>
  <vmargs>
    <vmarg name="-Xoptionsfile=/vagrant/jdk/lib/options.default" />
    <vmarg name="-Xlockword:mode=default,noLockword=java/lang/String,noLockword=java/util/MapEntry,noLockword=java/util/HashMap$Entry,noLockword..." />
    <vmarg name="-Xjcl:jclse29" />
    <vmarg name="-Dcom.ibm.oti.vm.bootstrap.library.path=/vagrant/jdk/lib/compressedrefs:/vagrant/jdk/lib" />
    <vmarg name="-Dsun.boot.library.path=/vagrant/jdk/lib/compressedrefs:/vagrant/jdk/lib" />
    <vmarg name="-Djava.library.path=/vagrant/jdk/lib/compressedrefs:/vagrant/jdk/lib:/usr/lib64:/usr/lib" />
    <vmarg name="-Djava.home=/vagrant/jdk" />
    <vmarg name="-Duser.dir=/vagrant" />
    <vmarg name="-verbose:gc" />
    <vmarg name="-Xloggc:jdkE-small-GEN-8core-verbose12xalan.txt" />
    <vmarg name="-Djava.class.path=dacapo-9.12-MR1-bach.jar" />
    <vmarg name="-Dsun.java.command=dacapo-9.12-MR1-bach.jar xalan --size=small" />
    <vmarg name="-Dsun.java.launcher=SUN_STANDARD" />
    <vmarg name="-Dsun.java.launcher.pid=3312" />
  </vmargs>
</initialized>

<exclusive-start id="2" timestamp="2019-08-07T01:42:50.424" intervalms="192.241">
  <response-info timems="0.023" idlems="0.023" threads="0" lastid="0000000001415A00" lastname="main" />
</exclusive-start>
<af-start id="3" threadId="0000000001416388" totalBytesRequested="88" timestamp="2019-08-07T01:42:50.424" intervalms="192.590" type="nursery" />
<cycle-start id="4" type="scavenge" contextid="0" timestamp="2019-08-07T01:42:50.425" intervalms="192.938" />
<gc-start id="5" type="scavenge" contextid="4" timestamp="2019-08-07T01:42:50.425">
  <mem-info id="6" free="6063912" total="8388608" percent="72">
    <mem type="nursery" free="0" total="2097152" percent="0">
      <mem type="allocate" free="0" total="1048576" percent="0" />
      <mem type="survivor" free="0" total="1048576" percent="0" />
    </mem>
    <mem type="tenure" free="6063912" total="6291456" percent="96">
      <mem type="soa" free="5749544" total="5977088" percent="96" />
      <mem type="loa" free="314368" total="314368" percent="100" />
    </mem>
    <remembered-set count="3139" />
  </mem-info>
</gc-start>
<allocation-stats totalBytes="1274936" >
  <allocated-bytes non-tlh="343496" tlh="931440" />
  <largest-consumer threadName="main" threadId="0000000001415A00" bytes="1237416" />
</allocation-stats>
<gc-op id="7" type="scavenge" timems="2.028" contextid="4" timestamp="2019-08-07T01:42:50.427">
  <scavenger-info tenureage="2" tenuremask="fffc" tiltratio="50" />
  <memory-copied type="nursery" objects="10557" bytes="468632" bytesdiscarded="41936" />
  <finalization candidates="11" enqueued="0" />
  <references type="soft" candidates="62" cleared="0" enqueued="0" dynamicThreshold="32" maxThreshold="32" />
  <references type="weak" candidates="314" cleared="184" enqueued="148" />
  <references type="phantom" candidates="23" cleared="5" enqueued="5" />
</gc-op>
<gc-end id="8" type="scavenge" contextid="4" durationms="2.469" usertimems="4.000" systemtimems="0.000" timestamp="2019-08-07T01:42:50.427" activeThreads="4">
  <mem-info id="9" free="6599824" total="8388608" percent="78">
    <mem type="nursery" free="535912" total="2097152" percent="25">
      <mem type="allocate" free="535912" total="1048576" percent="51" />
      <mem type="survivor" free="0" total="1048576" percent="0" />
    </mem>
    <mem type="tenure" free="6063912" total="6291456" percent="96">
      <mem type="soa" free="5749544" total="5977088" percent="96" />
      <mem type="loa" free="314368" total="314368" percent="100" />
    </mem>
    <pending-finalizers system="0" default="0" reference="153" classloader="0" />
    <remembered-set count="3139" />
  </mem-info>
</gc-end>
<cycle-end id="10" type="scavenge" contextid="4" timestamp="2019-08-07T01:42:50.428" />
  <attribute name="Current GC Util" value="0" />
  <attribute name= "Current Time Running" value="73" />
<allocation-satisfied id="11" threadId="0000000001415A00" bytesRequested="88" />
<af-end id="12" timestamp="2019-08-07T01:42:50.428" threadId="0000000001416388" success="true" from="nursery"/>
<exclusive-end id="13" timestamp="2019-08-07T01:42:50.428" durationms="3.925" />

<exclusive-start id="14" timestamp="2019-08-07T01:42:50.469" intervalms="45.227">
  <response-info timems="0.066" idlems="0.066" threads="0" lastid="0000000001415A00" lastname="main" />
</exclusive-start>
<af-start id="15" threadId="0000000001416388" totalBytesRequested="15024" timestamp="2019-08-07T01:42:50.469" intervalms="45.012" type="nursery" />
<cycle-start id="16" type="scavenge" contextid="0" timestamp="2019-08-07T01:42:50.469" intervalms="44.777" />
<gc-start id="17" type="scavenge" contextid="16" timestamp="2019-08-07T01:42:50.470">
  <mem-info id="18" free="6055560" total="8388608" percent="72">
    <mem type="nursery" free="0" total="2097152" percent="0">
      <mem type="allocate" free="0" total="1048576" percent="0" />
      <mem type="survivor" free="0" total="1048576" percent="0" />
    </mem>
    <mem type="tenure" free="6055560" total="6291456" percent="96">
      <mem type="soa" free="5741192" total="5977088" percent="96" />
      <mem type="loa" free="314368" total="314368" percent="100" />
    </mem>
    <remembered-set count="3247" />
  </mem-info>
</gc-start>
<allocation-stats totalBytes="535760" >
  <allocated-bytes non-tlh="8440" tlh="527320" />
  <largest-consumer threadName="main" threadId="0000000001415A00" bytes="523784" />
</allocation-stats>
<gc-op id="19" type="scavenge" timems="0.937" contextid="16" timestamp="2019-08-07T01:42:50.471">
  <scavenger-info tenureage="5" tenuremask="7fe0" tiltratio="50" />
  <memory-copied type="nursery" objects="10994" bytes="489888" bytesdiscarded="117168" />
  <finalization candidates="11" enqueued="0" />
  <references type="soft" candidates="62" cleared="0" enqueued="0" dynamicThreshold="32" maxThreshold="32" />
  <references type="weak" candidates="274" cleared="129" enqueued="126" />
  <references type="phantom" candidates="45" cleared="16" enqueued="16" />
</gc-op>
<gc-end id="20" type="scavenge" contextid="16" durationms="1.219" usertimems="4.000" systemtimems="0.000" timestamp="2019-08-07T01:42:50.471" activeThreads="4">
  <mem-info id="21" free="6495600" total="8388608" percent="77">
    <mem type="nursery" free="440040" total="2097152" percent="20">
      <mem type="allocate" free="440040" total="1048576" percent="41" />
      <mem type="survivor" free="0" total="1048576" percent="0" />
    </mem>
    <mem type="tenure" free="6055560" total="6291456" percent="96">
      <mem type="soa" free="5741192" total="5977088" percent="96" />
      <mem type="loa" free="314368" total="314368" percent="100" />
    </mem>
    <pending-finalizers system="0" default="0" reference="142" classloader="0" />
    <remembered-set count="3247" />
  </mem-info>
</gc-end>
<cycle-end id="22" type="scavenge" contextid="16" timestamp="2019-08-07T01:42:50.471" />
  <attribute name="Current GC Util" value="8" />
  <attribute name= "Current Time Running" value="118" />
<allocation-satisfied id="23" threadId="0000000001415A00" bytesRequested="15024" />
<af-end id="24" timestamp="2019-08-07T01:42:50.471" threadId="0000000001416388" success="true" from="nursery"/>
<exclusive-end id="25" timestamp="2019-08-07T01:42:50.471" durationms="1.811" />

<exclusive-start id="26" timestamp="2019-08-07T01:42:50.483" intervalms="13.355">
  <response-info timems="0.179" idlems="0.179" threads="0" lastid="0000000001415A00" lastname="main" />
</exclusive-start>
<af-start id="27" threadId="0000000001416388" totalBytesRequested="2368" timestamp="2019-08-07T01:42:50.483" intervalms="13.361" type="nursery" />
<cycle-start id="28" type="scavenge" contextid="0" timestamp="2019-08-07T01:42:50.483" intervalms="13.353" />
<gc-start id="29" type="scavenge" contextid="28" timestamp="2019-08-07T01:42:50.483">
  <mem-info id="30" free="6051280" total="8388608" percent="72">
    <mem type="nursery" free="0" total="2097152" percent="0">
      <mem type="allocate" free="0" total="1048576" percent="0" />
      <mem type="survivor" free="0" total="1048576" percent="0" />
    </mem>
    <mem type="tenure" free="6051280" total="6291456" percent="96">
      <mem type="soa" free="5736912" total="5977088" percent="95" />
      <mem type="loa" free="314368" total="314368" percent="100" />
    </mem>
    <remembered-set count="3319" />
  </mem-info>
</gc-start>
<allocation-stats totalBytes="442264" >
  <allocated-bytes non-tlh="19304" tlh="422960" />
  <largest-consumer threadName="main" threadId="0000000001415A00" bytes="429976" />
</allocation-stats>
<gc-op id="31" type="scavenge" timems="0.924" contextid="28" timestamp="2019-08-07T01:42:50.484">
  <scavenger-info tenureage="4" tenuremask="7ff0" tiltratio="50" />
  <memory-copied type="nursery" objects="10928" bytes="544064" bytesdiscarded="66432" />
  <finalization candidates="11" enqueued="0" />
  <references type="soft" candidates="62" cleared="0" enqueued="0" dynamicThreshold="32" maxThreshold="32" />
  <references type="weak" candidates="204" cleared="56" enqueued="56" />
  <references type="phantom" candidates="42" cleared="10" enqueued="10" />
</gc-op>
<gc-end id="32" type="scavenge" contextid="28" durationms="1.107" usertimems="4.000" systemtimems="0.000" timestamp="2019-08-07T01:42:50.484" activeThreads="4">
  <mem-info id="33" free="6487872" total="8388608" percent="77">
    <mem type="nursery" free="436592" total="2097152" percent="20">
      <mem type="allocate" free="436592" total="1048576" percent="41" />
      <mem type="survivor" free="0" total="1048576" percent="0" />
    </mem>
    <mem type="tenure" free="6051280" total="6291456" percent="96">
      <mem type="soa" free="5736912" total="5977088" percent="95" />
      <mem type="loa" free="314368" total="314368" percent="100" />
    </mem>
    <pending-finalizers system="0" default="0" reference="66" classloader="0" />
    <remembered-set count="1062" />
  </mem-info>
</gc-end>
<cycle-end id="34" type="scavenge" contextid="28" timestamp="2019-08-07T01:42:50.484" />
  <attribute name="Current GC Util" value="13" />
  <attribute name= "Current Time Running" value="131" />
<allocation-satisfied id="35" threadId="0000000001415A00" bytesRequested="2368" />
<af-end id="36" timestamp="2019-08-07T01:42:50.484" threadId="0000000001416388" success="true" from="nursery"/>
<exclusive-end id="37" timestamp="2019-08-07T01:42:50.484" durationms="1.631" />

<exclusive-start id="38" timestamp="2019-08-07T01:42:51.403" intervalms="920.140">
  <response-info timems="0.104" idlems="0.104" threads="0" lastid="0000000001415A00" lastname="main" />
</exclusive-start>
<af-start id="39" threadId="0000000001416388" totalBytesRequested="2056" timestamp="2019-08-07T01:42:51.403" intervalms="920.629" type="nursery" />
<cycle-start id="40" type="scavenge" contextid="0" timestamp="2019-08-07T01:42:51.404" intervalms="921.120" />
<gc-start id="41" type="scavenge" contextid="40" timestamp="2019-08-07T01:42:51.405">
  <mem-info id="42" free="6048544" total="8388608" percent="72">
    <mem type="nursery" free="0" total="2097152" percent="0">
      <mem type="allocate" free="0" total="1048576" percent="0" />
      <mem type="survivor" free="0" total="1048576" percent="0" />
    </mem>
    <mem type="tenure" free="6048544" total="6291456" percent="96">
      <mem type="soa" free="5734176" total="5977088" percent="95" />
      <mem type="loa" free="314368" total="314368" percent="100" />
    </mem>
    <remembered-set count="1099" />
  </mem-info>
</gc-start>
<allocation-stats totalBytes="431304" >
  <allocated-bytes non-tlh="5104" tlh="426200" />
  <largest-consumer threadName="main" threadId="0000000001415A00" bytes="431304" />
</allocation-stats>
<gc-op id="43" type="scavenge" timems="5.913" contextid="40" timestamp="2019-08-07T01:42:51.411">
  <scavenger-info tenureage="3" tenuremask="fff8" tiltratio="50" />
  <memory-copied type="nursery" objects="764" bytes="139664" bytesdiscarded="111064" />
  <memory-copied type="tenure" objects="10279" bytes="460376" bytesdiscarded="504" />
  <finalization candidates="14" enqueued="1" />
  <references type="soft" candidates="1" cleared="0" enqueued="0" dynamicThreshold="32" maxThreshold="32" />
  <references type="weak" candidates="54" cleared="38" enqueued="38" />
  <references type="phantom" candidates="25" cleared="9" enqueued="9" />
</gc-op>
<gc-end id="44" type="scavenge" contextid="40" durationms="7.514" usertimems="0.000" systemtimems="8.000" timestamp="2019-08-07T01:42:51.412" activeThreads="4">
  <mem-info id="45" free="6308288" total="8388608" percent="75">
    <mem type="nursery" free="797760" total="2097152" percent="38">
      <mem type="allocate" free="797760" total="1048576" percent="76" />
      <mem type="survivor" free="0" total="1048576" percent="0" />
    </mem>
    <mem type="tenure" free="5510528" total="6291456" percent="87">
      <mem type="soa" free="5196160" total="5977088" percent="86" />
      <mem type="loa" free="314368" total="314368" percent="100" />
    </mem>
    <pending-finalizers system="1" default="0" reference="47" classloader="0" />
    <remembered-set count="227" />
  </mem-info>
</gc-end>
<cycle-end id="46" type="scavenge" contextid="40" timestamp="2019-08-07T01:42:51.413" />
  <attribute name="Current GC Util" value="0" />
  <attribute name= "Current Time Running" value="1054" />
<allocation-satisfied id="47" threadId="0000000001415A00" bytesRequested="2056" />
<af-end id="48" timestamp="2019-08-07T01:42:51.413" threadId="0000000001416388" success="true" from="nursery"/>
<exclusive-end id="49" timestamp="2019-08-07T01:42:51.414" durationms="11.223" />

<exclusive-start id="50" timestamp="2019-08-07T01:42:51.653" intervalms="250.654">
  <response-info timems="0.022" idlems="0.022" threads="0" lastid="0000000001415A00" lastname="main" />
</exclusive-start>
<af-start id="51" threadId="0000000001416388" totalBytesRequested="1840" timestamp="2019-08-07T01:42:51.653" intervalms="250.181" type="nursery" />
<cycle-start id="52" type="scavenge" contextid="0" timestamp="2019-08-07T01:42:51.654" intervalms="249.737" />
<gc-start id="53" type="scavenge" contextid="52" timestamp="2019-08-07T01:42:51.654">
  <mem-info id="54" free="5507912" total="8388608" percent="65">
    <mem type="nursery" free="0" total="2097152" percent="0">
      <mem type="allocate" free="0" total="1048576" percent="0" />
      <mem type="survivor" free="0" total="1048576" percent="0" />
    </mem>
    <mem type="tenure" free="5507912" total="6291456" percent="87">
      <mem type="soa" free="5193544" total="5977088" percent="86" />
      <mem type="loa" free="314368" total="314368" percent="100" />
    </mem>
    <remembered-set count="269" />
  </mem-info>
</gc-start>
<allocation-stats totalBytes="783088" >
  <allocated-bytes non-tlh="330928" tlh="452160" />
  <largest-consumer threadName="main" threadId="0000000001415A00" bytes="783088" />
</allocation-stats>
<gc-op id="55" type="scavenge" timems="0.538" contextid="52" timestamp="2019-08-07T01:42:51.654">
  <scavenger-info tenureage="3" tenuremask="fff8" tiltratio="50" />
  <memory-copied type="nursery" objects="1525" bytes="584632" bytesdiscarded="12696" />
  <memory-copied type="tenure" objects="319" bytes="16040" bytesdiscarded="0" />
  <finalization candidates="2" enqueued="0" />
  <references type="soft" candidates="11" cleared="0" enqueued="0" dynamicThreshold="32" maxThreshold="32" />
  <references type="weak" candidates="17" cleared="16" enqueued="16" />
  <references type="phantom" candidates="30" cleared="2" enqueued="2" />
</gc-op>
<gc-end id="56" type="scavenge" contextid="52" durationms="0.817" usertimems="4.000" systemtimems="0.000" timestamp="2019-08-07T01:42:51.655" activeThreads="4">
  <mem-info id="57" free="5935264" total="8388608" percent="70">
    <mem type="nursery" free="451160" total="2097152" percent="21">
      <mem type="allocate" free="451160" total="1048576" percent="43" />
      <mem type="survivor" free="0" total="1048576" percent="0" />
    </mem>
    <mem type="tenure" free="5484104" total="6291456" percent="87">
      <mem type="soa" free="5169736" total="5977088" percent="86" />
      <mem type="loa" free="314368" total="314368" percent="100" />
    </mem>
    <pending-finalizers system="0" default="0" reference="18" classloader="0" />
    <remembered-set count="170" />
  </mem-info>
</gc-end>
<cycle-end id="58" type="scavenge" contextid="52" timestamp="2019-08-07T01:42:51.655" />
  <attribute name="Current GC Util" value="3" />
  <attribute name= "Current Time Running" value="1302" />
<allocation-satisfied id="59" threadId="0000000001415A00" bytesRequested="1840" />
<af-end id="60" timestamp="2019-08-07T01:42:51.655" threadId="0000000001416388" success="true" from="nursery"/>
<exclusive-end id="61" timestamp="2019-08-07T01:42:51.655" durationms="1.497" />

<exclusive-start id="62" timestamp="2019-08-07T01:42:51.674" intervalms="20.236">
  <response-info timems="0.041" idlems="0.041" threads="0" lastid="0000000001415A00" lastname="main" />
</exclusive-start>
<af-start id="63" threadId="0000000001416388" totalBytesRequested="192" timestamp="2019-08-07T01:42:51.674" intervalms="20.200" type="nursery" />
<cycle-start id="64" type="scavenge" contextid="0" timestamp="2019-08-07T01:42:51.674" intervalms="20.143" />
<gc-start id="65" type="scavenge" contextid="64" timestamp="2019-08-07T01:42:51.674">
  <mem-info id="66" free="5475744" total="8388608" percent="65">
    <mem type="nursery" free="0" total="2097152" percent="0">
      <mem type="allocate" free="0" total="1048576" percent="0" />
      <mem type="survivor" free="0" total="1048576" percent="0" />
    </mem>
    <mem type="tenure" free="5475744" total="6291456" percent="87">
      <mem type="soa" free="5161376" total="5977088" percent="86" />
      <mem type="loa" free="314368" total="314368" percent="100" />
    </mem>
    <remembered-set count="261" />
  </mem-info>
</gc-start>
<allocation-stats totalBytes="458624" >
  <allocated-bytes non-tlh="10200" tlh="448424" />
  <largest-consumer threadName="main" threadId="0000000001415A00" bytes="454528" />
</allocation-stats>
<gc-op id="67" type="scavenge" timems="0.418" contextid="64" timestamp="2019-08-07T01:42:51.674">
  <scavenger-info tenureage="2" tenuremask="7ffc" tiltratio="50" />
  <memory-copied type="nursery" objects="1378" bytes="524880" bytesdiscarded="68304" />
  <memory-copied type="tenure" objects="265" bytes="60008" bytesdiscarded="0" />
  <finalization candidates="2" enqueued="0" />
  <references type="soft" candidates="10" cleared="0" enqueued="0" dynamicThreshold="32" maxThreshold="32" />
  <references type="weak" candidates="23" cleared="23" enqueued="23" />
  <references type="phantom" candidates="26" cleared="0" enqueued="0" />
</gc-op>
<gc-end id="68" type="scavenge" contextid="64" durationms="0.607" usertimems="0.000" systemtimems="0.000" timestamp="2019-08-07T01:42:51.674" activeThreads="4">
  <mem-info id="69" free="5914704" total="8388608" percent="70">
    <mem type="nursery" free="455360" total="2097152" percent="21">
      <mem type="allocate" free="455360" total="1048576" percent="43" />
      <mem type="survivor" free="0" total="1048576" percent="0" />
    </mem>
    <mem type="tenure" free="5459344" total="6291456" percent="86">
      <mem type="soa" free="5144976" total="5977088" percent="86" />
      <mem type="loa" free="314368" total="314368" percent="100" />
    </mem>
    <pending-finalizers system="0" default="0" reference="23" classloader="0" />
    <remembered-set count="209" />
  </mem-info>
</gc-end>
<cycle-end id="70" type="scavenge" contextid="64" timestamp="2019-08-07T01:42:51.675" />
  <attribute name="Current GC Util" value="4" />
  <attribute name= "Current Time Running" value="1322" />
<allocation-satisfied id="71" threadId="0000000001415A00" bytesRequested="192" />
<af-end id="72" timestamp="2019-08-07T01:42:51.675" threadId="0000000001416388" success="true" from="nursery"/>
<exclusive-end id="73" timestamp="2019-08-07T01:42:51.675" durationms="1.136" />

<exclusive-start id="74" timestamp="2019-08-07T01:42:51.696" intervalms="22.287">
  <response-info timems="0.067" idlems="0.067" threads="0" lastid="0000000001415A00" lastname="main" />
</exclusive-start>
<af-start id="75" threadId="0000000001416388" totalBytesRequested="1744" timestamp="2019-08-07T01:42:51.696" intervalms="22.256" type="nursery" />
<cycle-start id="76" type="scavenge" contextid="0" timestamp="2019-08-07T01:42:51.696" intervalms="22.231" />
<gc-start id="77" type="scavenge" contextid="76" timestamp="2019-08-07T01:42:51.696">
  <mem-info id="78" free="5450448" total="8388608" percent="64">
    <mem type="nursery" free="0" total="2097152" percent="0">
      <mem type="allocate" free="0" total="1048576" percent="0" />
      <mem type="survivor" free="0" total="1048576" percent="0" />
    </mem>
    <mem type="tenure" free="5450448" total="6291456" percent="86">
      <mem type="soa" free="5136080" total="5977088" percent="85" />
      <mem type="loa" free="314368" total="314368" percent="100" />
    </mem>
    <remembered-set count="305" />
  </mem-info>
</gc-start>
<allocation-stats totalBytes="461648" >
  <allocated-bytes non-tlh="9088" tlh="452560" />
  <largest-consumer threadName="main" threadId="0000000001415A00" bytes="461648" />
</allocation-stats>
<gc-op id="79" type="scavenge" timems="0.440" contextid="76" timestamp="2019-08-07T01:42:51.697">
  <scavenger-info tenureage="1" tenuremask="fffe" tiltratio="50" />
  <memory-copied type="nursery" objects="132" bytes="7496" bytesdiscarded="41144" />
  <memory-copied type="tenure" objects="1271" bytes="520832" bytesdiscarded="128" />
  <references type="weak" candidates="7" cleared="6" enqueued="6" />
  <references type="phantom" candidates="1" cleared="0" enqueued="0" />
</gc-op>
<gc-end id="80" type="scavenge" contextid="76" durationms="0.637" usertimems="0.000" systemtimems="0.000" timestamp="2019-08-07T01:42:51.697" activeThreads="4">
  <mem-info id="81" free="5897984" total="8388608" percent="70">
    <mem type="nursery" free="999928" total="2097152" percent="47">
      <mem type="allocate" free="999928" total="1048576" percent="95" />
      <mem type="survivor" free="0" total="1048576" percent="0" />
    </mem>
    <mem type="tenure" free="4898056" total="6291456" percent="77">
      <mem type="soa" free="4583688" total="5977088" percent="76" />
      <mem type="loa" free="314368" total="314368" percent="100" />
    </mem>
    <pending-finalizers system="0" default="0" reference="6" classloader="0" />
    <remembered-set count="270" />
  </mem-info>
</gc-end>
<cycle-end id="82" type="scavenge" contextid="76" timestamp="2019-08-07T01:42:51.697" />
  <attribute name="Current GC Util" value="3" />
  <attribute name= "Current Time Running" value="1344" />
<allocation-satisfied id="83" threadId="0000000001415A00" bytesRequested="1744" />
<af-end id="84" timestamp="2019-08-07T01:42:51.697" threadId="0000000001416388" success="true" from="nursery"/>
<exclusive-end id="85" timestamp="2019-08-07T01:42:51.697" durationms="1.110" />

<exclusive-start id="86" timestamp="2019-08-07T01:42:51.724" intervalms="27.762">
  <response-info timems="0.032" idlems="0.032" threads="0" lastid="0000000001415A00" lastname="main" />
</exclusive-start>
<af-start id="87" threadId="0000000001416388" totalBytesRequested="3080" timestamp="2019-08-07T01:42:51.724" intervalms="27.771" type="nursery" />
<cycle-start id="88" type="scavenge" contextid="0" timestamp="2019-08-07T01:42:51.724" intervalms="27.782" />
<gc-start id="89" type="scavenge" contextid="88" timestamp="2019-08-07T01:42:51.724">
  <mem-info id="90" free="4882968" total="8388608" percent="58">
    <mem type="nursery" free="0" total="2097152" percent="0">
      <mem type="allocate" free="0" total="1048576" percent="0" />
      <mem type="survivor" free="0" total="1048576" percent="0" />
    </mem>
    <mem type="tenure" free="4882968" total="6291456" percent="77">
      <mem type="soa" free="4568600" total="5977088" percent="76" />
      <mem type="loa" free="314368" total="314368" percent="100" />
    </mem>
    <remembered-set count="472" />
  </mem-info>
</gc-start>
<allocation-stats totalBytes="1009000" >
  <allocated-bytes non-tlh="16832" tlh="992168" />
  <largest-consumer threadName="main" threadId="0000000001415A00" bytes="1009000" />
</allocation-stats>
<gc-op id="91" type="scavenge" timems="0.302" contextid="88" timestamp="2019-08-07T01:42:51.724">
  <scavenger-info tenureage="2" tenuremask="fffc" tiltratio="50" />
  <memory-copied type="nursery" objects="361" bytes="31088" bytesdiscarded="56720" />
  <references type="weak" candidates="7" cleared="6" enqueued="6" />
  <references type="phantom" candidates="1" cleared="0" enqueued="0" />
</gc-op>
<gc-end id="92" type="scavenge" contextid="88" durationms="0.505" usertimems="4.000" systemtimems="0.000" timestamp="2019-08-07T01:42:51.724" activeThreads="4">
  <mem-info id="93" free="5974800" total="8388608" percent="71">
    <mem type="nursery" free="1091832" total="2097152" percent="52">
      <mem type="allocate" free="1091832" total="1179648" percent="92" />
      <mem type="survivor" free="0" total="917504" percent="0" />
    </mem>
    <mem type="tenure" free="4882968" total="6291456" percent="77">
      <mem type="soa" free="4568600" total="5977088" percent="76" />
      <mem type="loa" free="314368" total="314368" percent="100" />
    </mem>
    <pending-finalizers system="0" default="0" reference="6" classloader="0" />
    <remembered-set count="378" />
  </mem-info>
</gc-end>
<cycle-end id="94" type="scavenge" contextid="88" timestamp="2019-08-07T01:42:51.724" />
  <attribute name="Current GC Util" value="3" />
  <attribute name= "Current Time Running" value="1372" />
<allocation-satisfied id="95" threadId="0000000001415A00" bytesRequested="3080" />
<af-end id="96" timestamp="2019-08-07T01:42:51.725" threadId="0000000001416388" success="true" from="nursery"/>
<exclusive-end id="97" timestamp="2019-08-07T01:42:51.725" durationms="0.981" />

<exclusive-start id="98" timestamp="2019-08-07T01:42:51.758" intervalms="34.654">
  <response-info timems="0.057" idlems="0.057" threads="0" lastid="0000000001415A00" lastname="main" />
</exclusive-start>
<af-start id="99" threadId="0000000001416388" totalBytesRequested="40632" timestamp="2019-08-07T01:42:51.758" intervalms="34.683" type="nursery" />
<cycle-start id="100" type="scavenge" contextid="0" timestamp="2019-08-07T01:42:51.758" intervalms="34.704" />
<gc-start id="101" type="scavenge" contextid="100" timestamp="2019-08-07T01:42:51.759">
  <mem-info id="102" free="4867936" total="8388608" percent="58">
    <mem type="nursery" free="0" total="2097152" percent="0">
      <mem type="allocate" free="0" total="1179648" percent="0" />
      <mem type="survivor" free="0" total="917504" percent="0" />
    </mem>
    <mem type="tenure" free="4867936" total="6291456" percent="77">
      <mem type="soa" free="4553568" total="5977088" percent="76" />
      <mem type="loa" free="314368" total="314368" percent="100" />
    </mem>
    <remembered-set count="578" />
  </mem-info>
</gc-start>
<allocation-stats totalBytes="1097784" >
  <allocated-bytes non-tlh="18112" tlh="1079672" />
  <largest-consumer threadName="main" threadId="0000000001415A00" bytes="1097784" />
</allocation-stats>
<gc-op id="103" type="scavenge" timems="0.335" contextid="100" timestamp="2019-08-07T01:42:51.759">
  <scavenger-info tenureage="3" tenuremask="fff8" tiltratio="56" />
  <memory-copied type="nursery" objects="1063" bytes="42856" bytesdiscarded="28560" />
  <finalization candidates="1" enqueued="0" />
  <references type="soft" candidates="1" cleared="0" enqueued="0" dynamicThreshold="32" maxThreshold="32" />
  <references type="weak" candidates="8" cleared="7" enqueued="7" />
  <references type="phantom" candidates="3" cleared="1" enqueued="1" />
</gc-op>
<gc-end id="104" type="scavenge" contextid="100" durationms="0.554" usertimems="0.000" systemtimems="0.000" timestamp="2019-08-07T01:42:51.759" activeThreads="4">
  <mem-info id="105" free="6172768" total="8388608" percent="73">
    <mem type="nursery" free="1304832" total="2097152" percent="62">
      <mem type="allocate" free="1304832" total="1376256" percent="94" />
      <mem type="survivor" free="0" total="720896" percent="0" />
    </mem>
    <mem type="tenure" free="4867936" total="6291456" percent="77">
      <mem type="soa" free="4553568" total="5977088" percent="76" />
      <mem type="loa" free="314368" total="314368" percent="100" />
    </mem>
    <pending-finalizers system="0" default="0" reference="8" classloader="0" />
    <remembered-set count="521" />
  </mem-info>
</gc-end>
<cycle-end id="106" type="scavenge" contextid="100" timestamp="2019-08-07T01:42:51.759" />
  <attribute name="Current GC Util" value="1" />
  <attribute name= "Current Time Running" value="1407" />
<allocation-satisfied id="107" threadId="0000000001415A00" bytesRequested="40632" />
<af-end id="108" timestamp="2019-08-07T01:42:51.759" threadId="0000000001416388" success="true" from="nursery"/>
<exclusive-end id="109" timestamp="2019-08-07T01:42:51.759" durationms="1.106" />

<exclusive-start id="110" timestamp="2019-08-07T01:42:51.790" intervalms="31.975">
  <response-info timems="0.060" idlems="0.060" threads="0" lastid="0000000001415A00" lastname="main" />
</exclusive-start>
<af-start id="111" threadId="0000000001416388" totalBytesRequested="22872" timestamp="2019-08-07T01:42:51.790" intervalms="31.937" type="nursery" />
<cycle-start id="112" type="scavenge" contextid="0" timestamp="2019-08-07T01:42:51.790" intervalms="31.904" />
<gc-start id="113" type="scavenge" contextid="112" timestamp="2019-08-07T01:42:51.790">
  <mem-info id="114" free="4844512" total="8388608" percent="57">
    <mem type="nursery" free="0" total="2097152" percent="0">
      <mem type="allocate" free="0" total="1376256" percent="0" />
      <mem type="survivor" free="0" total="720896" percent="0" />
    </mem>
    <mem type="tenure" free="4844512" total="6291456" percent="77">
      <mem type="soa" free="4530144" total="5977088" percent="75" />
      <mem type="loa" free="314368" total="314368" percent="100" />
    </mem>
    <remembered-set count="747" />
  </mem-info>
</gc-start>
<allocation-stats totalBytes="1307752" >
  <allocated-bytes non-tlh="104688" tlh="1203064" />
  <largest-consumer threadName="main" threadId="0000000001415A00" bytes="1303656" />
</allocation-stats>
<gc-op id="115" type="scavenge" timems="0.409" contextid="112" timestamp="2019-08-07T01:42:51.791">
  <scavenger-info tenureage="4" tenuremask="fff0" tiltratio="65" />
  <memory-copied type="nursery" objects="1214" bytes="82560" bytesdiscarded="19568" />
  <finalization candidates="1" enqueued="0" />
  <references type="soft" candidates="1" cleared="0" enqueued="0" dynamicThreshold="32" maxThreshold="32" />
  <references type="weak" candidates="5" cleared="3" enqueued="3" />
  <references type="phantom" candidates="3" cleared="0" enqueued="0" />
</gc-op>
<gc-end id="116" type="scavenge" contextid="112" durationms="0.607" usertimems="0.000" systemtimems="0.000" timestamp="2019-08-07T01:42:51.791" activeThreads="4">
  <mem-info id="117" free="6184152" total="8388608" percent="73">
    <mem type="nursery" free="1339640" total="2097152" percent="63">
      <mem type="allocate" free="1339640" total="1441792" percent="92" />
      <mem type="survivor" free="0" total="655360" percent="0" />
    </mem>
    <mem type="tenure" free="4844512" total="6291456" percent="77">
      <mem type="soa" free="4530144" total="5977088" percent="75" />
      <mem type="loa" free="314368" total="314368" percent="100" />
    </mem>
    <pending-finalizers system="0" default="0" reference="3" classloader="0" />
    <remembered-set count="568" />
  </mem-info>
</gc-end>
<cycle-end id="118" type="scavenge" contextid="112" timestamp="2019-08-07T01:42:51.791" />
  <attribute name="Current GC Util" value="1" />
  <attribute name= "Current Time Running" value="1439" />
<allocation-satisfied id="119" threadId="0000000001415A00" bytesRequested="22872" />
<af-end id="120" timestamp="2019-08-07T01:42:51.791" threadId="0000000001416388" success="true" from="nursery"/>
<exclusive-end id="121" timestamp="2019-08-07T01:42:51.791" durationms="1.065" />

<exclusive-start id="122" timestamp="2019-08-07T01:42:51.840" intervalms="49.311">
  <response-info timems="0.034" idlems="0.034" threads="0" lastid="0000000001415A00" lastname="main" />
</exclusive-start>
<af-start id="123" threadId="0000000001416388" totalBytesRequested="52000" timestamp="2019-08-07T01:42:51.840" intervalms="49.303" type="nursery" />
<cycle-start id="124" type="scavenge" contextid="0" timestamp="2019-08-07T01:42:51.840" intervalms="49.327" />
<gc-start id="125" type="scavenge" contextid="124" timestamp="2019-08-07T01:42:51.840">
  <mem-info id="126" free="4812792" total="8388608" percent="57">
    <mem type="nursery" free="0" total="2097152" percent="0">
      <mem type="allocate" free="0" total="1441792" percent="0" />
      <mem type="survivor" free="0" total="655360" percent="0" />
    </mem>
    <mem type="tenure" free="4812792" total="6291456" percent="76">
      <mem type="soa" free="4498424" total="5977088" percent="75" />
      <mem type="loa" free="314368" total="314368" percent="100" />
    </mem>
    <remembered-set count="941" />
  </mem-info>
</gc-start>
<allocation-stats totalBytes="1334008" >
  <allocated-bytes non-tlh="54592" tlh="1279416" />
  <largest-consumer threadName="main" threadId="0000000001415A00" bytes="1334008" />
</allocation-stats>
<gc-op id="127" type="scavenge" timems="0.470" contextid="124" timestamp="2019-08-07T01:42:51.840">
  <scavenger-info tenureage="3" tenuremask="fff8" tiltratio="68" />
  <memory-copied type="nursery" objects="1334" bytes="217688" bytesdiscarded="42080" />
  <memory-copied type="tenure" objects="295" bytes="9608" bytesdiscarded="0" />
  <finalization candidates="1" enqueued="0" />
  <references type="soft" candidates="1" cleared="0" enqueued="0" dynamicThreshold="32" maxThreshold="32" />
  <references type="weak" candidates="13" cleared="11" enqueued="11" />
  <references type="phantom" candidates="4" cleared="0" enqueued="0" />
</gc-op>
<gc-end id="128" type="scavenge" contextid="124" durationms="0.713" usertimems="0.000" systemtimems="0.000" timestamp="2019-08-07T01:42:51.841" activeThreads="4">
  <mem-info id="129" free="6060232" total="8388608" percent="72">
    <mem type="nursery" free="1247440" total="2097152" percent="59">
      <mem type="allocate" free="1247440" total="1507328" percent="82" />
      <mem type="survivor" free="0" total="589824" percent="0" />
    </mem>
    <mem type="tenure" free="4812792" total="6291456" percent="76">
      <mem type="soa" free="4498424" total="5977088" percent="75" />
      <mem type="loa" free="314368" total="314368" percent="100" />
    </mem>
    <pending-finalizers system="0" default="0" reference="11" classloader="0" />
    <remembered-set count="742" />
  </mem-info>
</gc-end>
<cycle-end id="130" type="scavenge" contextid="124" timestamp="2019-08-07T01:42:51.841" />
  <attribute name="Current GC Util" value="1" />
  <attribute name= "Current Time Running" value="1488" />
<allocation-satisfied id="131" threadId="0000000001415A00" bytesRequested="52000" />
<af-end id="132" timestamp="2019-08-07T01:42:51.841" threadId="0000000001416388" success="true" from="nursery"/>
<exclusive-end id="133" timestamp="2019-08-07T01:42:51.841" durationms="1.281" />

<exclusive-start id="134" timestamp="2019-08-07T01:42:51.871" intervalms="31.245">
  <response-info timems="0.033" idlems="0.033" threads="0" lastid="0000000001415A00" lastname="main" />
</exclusive-start>
<af-start id="135" threadId="0000000001416388" totalBytesRequested="65544" timestamp="2019-08-07T01:42:51.871" intervalms="31.302" type="nursery" />
<cycle-start id="136" type="scavenge" contextid="0" timestamp="2019-08-07T01:42:51.871" intervalms="31.331" />
<gc-start id="137" type="scavenge" contextid="136" timestamp="2019-08-07T01:42:51.871">
  <mem-info id="138" free="4798840" total="8388608" percent="57">
    <mem type="nursery" free="0" total="2097152" percent="0">
      <mem type="allocate" free="0" total="1507328" percent="0" />
      <mem type="survivor" free="0" total="589824" percent="0" />
    </mem>
    <mem type="tenure" free="4798840" total="6291456" percent="76">
      <mem type="soa" free="4484472" total="5977088" percent="75" />
      <mem type="loa" free="314368" total="314368" percent="100" />
    </mem>
    <remembered-set count="915" />
  </mem-info>
</gc-start>
<allocation-stats totalBytes="1219208" >
  <allocated-bytes non-tlh="65952" tlh="1153256" />
  <largest-consumer threadName="main" threadId="0000000001415A00" bytes="1219208" />
</allocation-stats>
<gc-op id="139" type="scavenge" timems="0.419" contextid="136" timestamp="2019-08-07T01:42:51.872">
  <scavenger-info tenureage="5" tenuremask="ffe0" tiltratio="71" />
  <memory-copied type="nursery" objects="1548" bytes="140992" bytesdiscarded="35032" />
  <finalization candidates="1" enqueued="0" />
  <references type="soft" candidates="3" cleared="0" enqueued="0" dynamicThreshold="32" maxThreshold="32" />
  <references type="weak" candidates="10" cleared="9" enqueued="9" />
  <references type="phantom" candidates="3" cleared="0" enqueued="0" />
</gc-op>
<gc-end id="140" type="scavenge" contextid="136" durationms="0.699" usertimems="0.000" systemtimems="0.000" timestamp="2019-08-07T01:42:51.872" activeThreads="4">
  <mem-info id="141" free="6195568" total="8388608" percent="73">
    <mem type="nursery" free="1396728" total="2097152" percent="66">
      <mem type="allocate" free="1396728" total="1572864" percent="88" />
      <mem type="survivor" free="0" total="524288" percent="0" />
    </mem>
    <mem type="tenure" free="4798840" total="6291456" percent="76">
      <mem type="soa" free="4484472" total="5977088" percent="75" />
      <mem type="loa" free="314368" total="314368" percent="100" />
    </mem>
    <pending-finalizers system="0" default="0" reference="9" classloader="0" />
    <remembered-set count="765" />
  </mem-info>
</gc-end>
<cycle-end id="142" type="scavenge" contextid="136" timestamp="2019-08-07T01:42:51.872" />
  <attribute name="Current GC Util" value="2" />
  <attribute name= "Current Time Running" value="1519" />
<allocation-satisfied id="143" threadId="0000000001415A00" bytesRequested="65544" />
<af-end id="144" timestamp="2019-08-07T01:42:51.872" threadId="0000000001416388" success="true" from="nursery"/>
<exclusive-end id="145" timestamp="2019-08-07T01:42:51.872" durationms="1.329" />

<exclusive-start id="146" timestamp="2019-08-07T01:42:51.936" intervalms="65.463">
  <response-info timems="0.023" idlems="0.023" threads="0" lastid="0000000001415A00" lastname="main" />
</exclusive-start>
<af-start id="147" threadId="0000000001416388" totalBytesRequested="24" timestamp="2019-08-07T01:42:51.936" intervalms="65.471" type="nursery" />
<cycle-start id="148" type="scavenge" contextid="0" timestamp="2019-08-07T01:42:51.937" intervalms="65.452" />
<gc-start id="149" type="scavenge" contextid="148" timestamp="2019-08-07T01:42:51.937">
  <mem-info id="150" free="4779424" total="8388608" percent="56">
    <mem type="nursery" free="0" total="2097152" percent="0">
      <mem type="allocate" free="0" total="1572864" percent="0" />
      <mem type="survivor" free="0" total="524288" percent="0" />
    </mem>
    <mem type="tenure" free="4779424" total="6291456" percent="75">
      <mem type="soa" free="4465056" total="5977088" percent="74" />
      <mem type="loa" free="314368" total="314368" percent="100" />
    </mem>
    <remembered-set count="1070" />
  </mem-info>
</gc-start>
<allocation-stats totalBytes="1413392" >
  <allocated-bytes non-tlh="84960" tlh="1328432" />
  <largest-consumer threadName="main" threadId="0000000001415A00" bytes="1413392" />
</allocation-stats>
<gc-op id="151" type="scavenge" timems="0.633" contextid="148" timestamp="2019-08-07T01:42:51.937">
  <scavenger-info tenureage="3" tenuremask="fff8" tiltratio="75" />
  <memory-copied type="nursery" objects="3227" bytes="288352" bytesdiscarded="39872" />
  <memory-copied type="tenure" objects="833" bytes="30736" bytesdiscarded="112" />
  <finalization candidates="2" enqueued="0" />
  <references type="soft" candidates="45" cleared="0" enqueued="0" dynamicThreshold="32" maxThreshold="32" />
  <references type="weak" candidates="3" cleared="2" enqueued="2" />
  <references type="phantom" candidates="2" cleared="0" enqueued="0" />
</gc-op>
<gc-end id="152" type="scavenge" contextid="148" durationms="0.949" usertimems="0.000" systemtimems="0.000" timestamp="2019-08-07T01:42:51.938" activeThreads="4">
  <mem-info id="153" free="5945488" total="8388608" percent="70">
    <mem type="nursery" free="1244400" total="2097152" percent="59">
      <mem type="allocate" free="1244400" total="1572864" percent="79" />
      <mem type="survivor" free="0" total="524288" percent="0" />
    </mem>
    <mem type="tenure" free="4701088" total="6291456" percent="74">
      <mem type="soa" free="4386720" total="5977088" percent="73" />
      <mem type="loa" free="314368" total="314368" percent="100" />
    </mem>
    <pending-finalizers system="0" default="0" reference="2" classloader="0" />
    <remembered-set count="660" />
  </mem-info>
</gc-end>
<cycle-end id="154" type="scavenge" contextid="148" timestamp="2019-08-07T01:42:51.938" />
  <attribute name="Current GC Util" value="1" />
  <attribute name= "Current Time Running" value="1585" />
<allocation-satisfied id="155" threadId="0000000001415A00" bytesRequested="24" />
<af-end id="156" timestamp="2019-08-07T01:42:51.938" threadId="0000000001416388" success="true" from="nursery"/>
<exclusive-end id="157" timestamp="2019-08-07T01:42:51.938" durationms="1.505" />

<exclusive-start id="158" timestamp="2019-08-07T01:42:51.993" intervalms="56.614">
  <response-info timems="0.058" idlems="0.058" threads="0" lastid="0000000001415A00" lastname="main" />
</exclusive-start>
<af-start id="159" threadId="0000000001416388" totalBytesRequested="2008" timestamp="2019-08-07T01:42:51.993" intervalms="56.655" type="nursery" />
<cycle-start id="160" type="scavenge" contextid="0" timestamp="2019-08-07T01:42:51.993" intervalms="56.714" />
<gc-start id="161" type="scavenge" contextid="160" timestamp="2019-08-07T01:42:51.993">
  <mem-info id="162" free="4698424" total="8388608" percent="56">
    <mem type="nursery" free="0" total="2097152" percent="0">
      <mem type="allocate" free="0" total="1572864" percent="0" />
      <mem type="survivor" free="0" total="524288" percent="0" />
    </mem>
    <mem type="tenure" free="4698424" total="6291456" percent="74">
      <mem type="soa" free="4384056" total="5977088" percent="73" />
      <mem type="loa" free="314368" total="314368" percent="100" />
    </mem>
    <remembered-set count="710" />
  </mem-info>
</gc-start>
<allocation-stats totalBytes="1243896" >
  <allocated-bytes non-tlh="2688" tlh="1241208" />
  <largest-consumer threadName="main" threadId="0000000001415A00" bytes="1243896" />
</allocation-stats>
<gc-op id="163" type="scavenge" timems="0.960" contextid="160" timestamp="2019-08-07T01:42:51.995">
  <scavenger-info tenureage="3" tenuremask="ffc8" tiltratio="75" />
  <memory-copied type="nursery" objects="6285" bytes="355472" bytesdiscarded="58528" />
  <memory-copied type="tenure" objects="400" bytes="98944" bytesdiscarded="0" />
  <finalization candidates="1" enqueued="0" />
  <references type="soft" candidates="52" cleared="0" enqueued="0" dynamicThreshold="32" maxThreshold="32" />
  <references type="weak" candidates="2" cleared="1" enqueued="1" />
  <references type="phantom" candidates="1" cleared="0" enqueued="0" />
</gc-op>
<gc-end id="164" type="scavenge" contextid="160" durationms="1.468" usertimems="4.000" systemtimems="0.000" timestamp="2019-08-07T01:42:51.995" activeThreads="4">
  <mem-info id="165" free="5791528" total="8388608" percent="69">
    <mem type="nursery" free="1158648" total="2097152" percent="55">
      <mem type="allocate" free="1158648" total="1572864" percent="73" />
      <mem type="survivor" free="0" total="524288" percent="0" />
    </mem>
    <mem type="tenure" free="4632880" total="6291456" percent="73">
      <mem type="soa" free="4318512" total="5977088" percent="72" />
      <mem type="loa" free="314368" total="314368" percent="100" />
    </mem>
    <pending-finalizers system="0" default="0" reference="1" classloader="0" />
    <remembered-set count="516" />
  </mem-info>
</gc-end>
<cycle-end id="166" type="scavenge" contextid="160" timestamp="2019-08-07T01:42:51.995" />
  <attribute name="Current GC Util" value="1" />
  <attribute name= "Current Time Running" value="1642" />
<allocation-satisfied id="167" threadId="0000000001415A00" bytesRequested="2008" />
<af-end id="168" timestamp="2019-08-07T01:42:51.995" threadId="0000000001416388" success="true" from="nursery"/>
<exclusive-end id="169" timestamp="2019-08-07T01:42:51.995" durationms="2.452" />

<exclusive-start id="170" timestamp="2019-08-07T01:42:52.026" intervalms="33.042">
  <response-info timems="0.175" idlems="0.175" threads="0" lastid="0000000001415A00" lastname="main" />
</exclusive-start>
<sys-start reason="explicit" id="171" timestamp="2019-08-07T01:42:52.034" intervalms="1801.871" />
<cycle-start id="172" type="global" contextid="0" timestamp="2019-08-07T01:42:52.043" intervalms="1811.628" />
<gc-start id="173" type="global" contextid="172" timestamp="2019-08-07T01:42:52.049">
  <mem-info id="174" free="4909032" total="8388608" percent="58">
    <mem type="nursery" free="280096" total="2097152" percent="13">
      <mem type="allocate" free="280096" total="1572864" percent="17" />
      <mem type="survivor" free="0" total="524288" percent="0" />
    </mem>
    <mem type="tenure" free="4628936" total="6291456" percent="73">
      <mem type="soa" free="4314568" total="5977088" percent="72" />
      <mem type="loa" free="314368" total="314368" percent="100" />
    </mem>
    <remembered-set count="600" />
  </mem-info>
</gc-start>
<allocation-stats totalBytes="875928" >
  <allocated-bytes non-tlh="5952" tlh="869976" />
  <largest-consumer threadName="main" threadId="0000000001415A00" bytes="847208" />
</allocation-stats>
<gc-op id="175" type="mark" timems="21.908" contextid="172" timestamp="2019-08-07T01:42:52.081">
  <trace-info objectcount="29395" scancount="23795" scanbytes="869532" />
  <finalization candidates="15" enqueued="0" />
  <references type="soft" candidates="133" cleared="0" enqueued="0" dynamicThreshold="32" maxThreshold="32" />
  <references type="weak" candidates="166" cleared="29" enqueued="21" />
  <references type="phantom" candidates="62" cleared="2" enqueued="2" />
  <stringconstants candidates="3520" cleared="22"  />
</gc-op>
<gc-op id="176" type="classunload" timems="0.422" contextid="172" timestamp="2019-08-07T01:42:52.083">
  <classunload-info classloadercandidates="19" classloadersunloaded="0" classesunloaded="0" anonymousclassesunloaded="0" quiescems="0.000" setupms="0.421" scanms="0.001" postms="0.000" />
</gc-op>
<gc-op id="177" type="sweep" timems="2.575" contextid="172" timestamp="2019-08-07T01:42:52.086" />
<gc-end id="178" type="global" contextid="172" durationms="37.482" usertimems="16.000" systemtimems="0.000" timestamp="2019-08-07T01:42:52.086" activeThreads="4">
  <mem-info id="179" free="5821848" total="8388608" percent="69">
    <mem type="nursery" free="1076296" total="2097152" percent="51">
      <mem type="allocate" free="1076296" total="1572864" percent="68" />
      <mem type="survivor" free="0" total="524288" percent="0" />
    </mem>
    <mem type="tenure" free="4745552" total="6291456" percent="75" micro-fragmented="6698" macro-fragmented="0">
      <mem type="soa" free="4431184" total="5977088" percent="74" />
      <mem type="loa" free="314368" total="314368" percent="100" />
    </mem>
    <pending-finalizers system="0" default="0" reference="23" classloader="0" />
    <remembered-set count="499" />
  </mem-info>
</gc-end>
<cycle-end id="180" type="global" contextid="172" timestamp="2019-08-07T01:42:52.087" />
  <attribute name="Current GC Util" value="35" />
  <attribute name= "Current Time Running" value="1732" />
<sys-end id="181" timestamp="2019-08-07T01:42:52.087" />
<exclusive-end id="182" timestamp="2019-08-07T01:42:52.088" durationms="61.849" />

<exclusive-start id="183" timestamp="2019-08-07T01:42:52.208" intervalms="182.025">
  <response-info timems="0.058" idlems="0.030" threads="1" lastid="0000000001768900" lastname="Thread-8" />
</exclusive-start>
<af-start id="184" threadId="0000000001761A88" totalBytesRequested="104" timestamp="2019-08-07T01:42:52.208" intervalms="215.078" type="nursery" />
<cycle-start id="185" type="scavenge" contextid="0" timestamp="2019-08-07T01:42:52.208" intervalms="215.063" />
<gc-start id="186" type="scavenge" contextid="185" timestamp="2019-08-07T01:42:52.208">
  <mem-info id="187" free="4735504" total="8388608" percent="56">
    <mem type="nursery" free="0" total="2097152" percent="0">
      <mem type="allocate" free="0" total="1572864" percent="0" />
      <mem type="survivor" free="0" total="524288" percent="0" />
    </mem>
    <mem type="tenure" free="4735504" total="6291456" percent="75">
      <mem type="soa" free="4421136" total="5977088" percent="73" />
      <mem type="loa" free="314368" total="314368" percent="100" />
    </mem>
    <remembered-set count="615" />
  </mem-info>
</gc-start>
<allocation-stats totalBytes="1027296" >
  <allocated-bytes non-tlh="540680" tlh="486616" />
  <largest-consumer threadName="Thread-3" threadId="0000000001755D00" bytes="369456" />
</allocation-stats>
<gc-op id="188" type="scavenge" timems="1.213" contextid="185" timestamp="2019-08-07T01:42:52.210">
  <scavenger-info tenureage="2" tenuremask="ffec" tiltratio="75" />
  <memory-copied type="nursery" objects="6049" bytes="398056" bytesdiscarded="22752" />
  <memory-copied type="tenure" objects="2512" bytes="177096" bytesdiscarded="72" />
  <finalization candidates="1" enqueued="0" />
  <references type="soft" candidates="21" cleared="0" enqueued="0" dynamicThreshold="24" maxThreshold="32" />
  <references type="weak" candidates="20" cleared="5" enqueued="5" />
  <references type="phantom" candidates="12" cleared="0" enqueued="0" />
</gc-op>
<gc-end id="189" type="scavenge" contextid="185" durationms="1.569" usertimems="0.000" systemtimems="0.000" timestamp="2019-08-07T01:42:52.210" activeThreads="4">
  <mem-info id="190" free="5691296" total="8388608" percent="67">
    <mem type="nursery" free="1151712" total="2097152" percent="54">
      <mem type="allocate" free="1151712" total="1572864" percent="73" />
      <mem type="survivor" free="0" total="524288" percent="0" />
    </mem>
    <mem type="tenure" free="4539584" total="6291456" percent="72">
      <mem type="soa" free="4225216" total="5977088" percent="70" />
      <mem type="loa" free="314368" total="314368" percent="100" />
    </mem>
    <pending-finalizers system="0" default="0" reference="5" classloader="0" />
    <remembered-set count="685" />
  </mem-info>
</gc-end>
<cycle-end id="191" type="scavenge" contextid="185" timestamp="2019-08-07T01:42:52.210" />
  <attribute name="Current GC Util" value="6" />
  <attribute name= "Current Time Running" value="1857" />
<allocation-satisfied id="192" threadId="0000000001761100" bytesRequested="104" />
<af-end id="193" timestamp="2019-08-07T01:42:52.210" threadId="0000000001761A88" success="true" from="nursery"/>
<exclusive-end id="194" timestamp="2019-08-07T01:42:52.210" durationms="2.447" />

<exclusive-start id="195" timestamp="2019-08-07T01:42:52.220" intervalms="11.683">
  <response-info timems="0.073" idlems="0.073" threads="0" lastid="000000000175D500" lastname="Thread-5" />
</exclusive-start>
<af-start id="196" threadId="000000000175DE88" totalBytesRequested="32776" timestamp="2019-08-07T01:42:52.220" intervalms="11.641" type="nursery" />
<cycle-start id="197" type="scavenge" contextid="0" timestamp="2019-08-07T01:42:52.220" intervalms="11.630" />
<gc-start id="198" type="scavenge" contextid="197" timestamp="2019-08-07T01:42:52.220">
  <mem-info id="199" free="4536760" total="8388608" percent="54">
    <mem type="nursery" free="0" total="2097152" percent="0">
      <mem type="allocate" free="0" total="1572864" percent="0" />
      <mem type="survivor" free="0" total="524288" percent="0" />
    </mem>
    <mem type="tenure" free="4536760" total="6291456" percent="72">
      <mem type="soa" free="4222392" total="5977088" percent="70" />
      <mem type="loa" free="314368" total="314368" percent="100" />
    </mem>
    <remembered-set count="723" />
  </mem-info>
</gc-start>
<allocation-stats totalBytes="1059272" >
  <allocated-bytes non-tlh="134056" tlh="925216" />
  <largest-consumer threadName="Thread-6" threadId="0000000001761100" bytes="341960" />
</allocation-stats>
<gc-op id="200" type="scavenge" timems="0.793" contextid="197" timestamp="2019-08-07T01:42:52.221">
  <scavenger-info tenureage="5" tenuremask="ffe0" tiltratio="75" />
  <memory-copied type="nursery" objects="2647" bytes="494152" bytesdiscarded="29760" />
  <memory-copied type="tenure" objects="3743" bytes="236056" bytesdiscarded="328" />
  <copy-failed type="nursery" objects="3743" bytes="236064" />
  <finalization candidates="4" enqueued="3" />
  <references type="soft" candidates="19" cleared="0" enqueued="0" dynamicThreshold="24" maxThreshold="32" />
  <references type="weak" candidates="26" cleared="0" enqueued="0" />
  <references type="phantom" candidates="20" cleared="0" enqueued="0" />
</gc-op>
<heap-resize id="201" type="expand" space="nursery" amount="131072" count="1" timems="0.093" reason="excessive time being spent scavenging" timestamp="2019-08-07T01:42:52.221" />
<gc-end id="202" type="scavenge" contextid="197" durationms="1.291" usertimems="0.000" systemtimems="4.000" timestamp="2019-08-07T01:42:52.221" activeThreads="4">
  <mem-info id="203" free="4870552" total="8519680" percent="57">
    <mem type="nursery" free="589824" total="2228224" percent="26">
      <mem type="allocate" free="589824" total="1114112" percent="52" />
      <mem type="survivor" free="0" total="1114112" percent="0" />
    </mem>
    <mem type="tenure" free="4280728" total="6291456" percent="68">
      <mem type="soa" free="3966360" total="5977088" percent="66" />
      <mem type="loa" free="314368" total="314368" percent="100" />
    </mem>
    <pending-finalizers system="3" default="0" reference="0" classloader="0" />
    <remembered-set count="1387" />
  </mem-info>
</gc-end>
<cycle-end id="204" type="scavenge" contextid="197" timestamp="2019-08-07T01:42:52.221" />
  <attribute name="Current GC Util" value="18" />
  <attribute name= "Current Time Running" value="1868" />
<allocation-satisfied id="205" threadId="000000000175D500" bytesRequested="32776" />
<af-end id="206" timestamp="2019-08-07T01:42:52.222" threadId="000000000175DE88" success="true" from="nursery"/>
<exclusive-end id="207" timestamp="2019-08-07T01:42:52.222" durationms="1.955" />

<exclusive-start id="208" timestamp="2019-08-07T01:42:52.222" intervalms="2.599">
  <response-info timems="0.091" idlems="0.091" threads="0" lastid="0000000001755D00" lastname="Thread-3" />
</exclusive-start>
<af-start id="209" threadId="0000000001756688" totalBytesRequested="16392" timestamp="2019-08-07T01:42:52.222" intervalms="2.619" type="nursery" />
<cycle-start id="210" type="scavenge" contextid="0" timestamp="2019-08-07T01:42:52.223" intervalms="3.355" />
<gc-start id="211" type="scavenge" contextid="210" timestamp="2019-08-07T01:42:52.224">
  <mem-info id="212" free="4280536" total="8519680" percent="50">
    <mem type="nursery" free="0" total="2228224" percent="0">
      <mem type="allocate" free="0" total="1114112" percent="0" />
      <mem type="survivor" free="0" total="1114112" percent="0" />
    </mem>
    <mem type="tenure" free="4280536" total="6291456" percent="68">
      <mem type="soa" free="3966168" total="5977088" percent="66" />
      <mem type="loa" free="314368" total="314368" percent="100" />
    </mem>
    <remembered-set count="1392" />
  </mem-info>
</gc-start>
<allocation-stats totalBytes="570560" >
  <allocated-bytes non-tlh="327992" tlh="242568" />
  <largest-consumer threadName="Thread-4" threadId="0000000001759900" bytes="119376" />
</allocation-stats>
<gc-op id="213" type="scavenge" timems="1.546" contextid="210" timestamp="2019-08-07T01:42:52.226">
  <scavenger-info tenureage="2" tenuremask="fffc" tiltratio="50" />
  <memory-copied type="nursery" objects="468" bytes="744728" bytesdiscarded="13152" />
  <memory-copied type="tenure" objects="2315" bytes="179912" bytesdiscarded="232" />
  <finalization candidates="1" enqueued="0" />
  <references type="soft" candidates="3" cleared="0" enqueued="0" dynamicThreshold="24" maxThreshold="32" />
  <references type="weak" candidates="11" cleared="0" enqueued="0" />
  <references type="phantom" candidates="8" cleared="0" enqueued="0" />
</gc-op>
<heap-resize id="214" type="expand" space="nursery" amount="524288" count="1" timems="0.012" reason="excessive time being spent scavenging" timestamp="2019-08-07T01:42:52.226" />
<gc-end id="215" type="scavenge" contextid="210" durationms="2.317" usertimems="0.000" systemtimems="0.000" timestamp="2019-08-07T01:42:52.227" activeThreads="4">
  <mem-info id="216" free="4731872" total="9043968" percent="52">
    <mem type="nursery" free="749344" total="2752512" percent="27">
      <mem type="allocate" free="749344" total="1507328" percent="49" />
      <mem type="survivor" free="0" total="1245184" percent="0" />
    </mem>
    <mem type="tenure" free="3982528" total="6291456" percent="63">
      <mem type="soa" free="3668160" total="5977088" percent="61" />
      <mem type="loa" free="314368" total="314368" percent="100" />
    </mem>
    <remembered-set count="159" />
  </mem-info>
</gc-end>
<cycle-end id="217" type="scavenge" contextid="210" timestamp="2019-08-07T01:42:52.227" />
  <attribute name="Current GC Util" value="34" />
  <attribute name= "Current Time Running" value="1873" />
<allocation-satisfied id="218" threadId="0000000001755D00" bytesRequested="16392" />
<af-end id="219" timestamp="2019-08-07T01:42:52.227" threadId="0000000001756688" success="true" from="nursery"/>
<exclusive-end id="220" timestamp="2019-08-07T01:42:52.227" durationms="4.700" />

<exclusive-start id="221" timestamp="2019-08-07T01:42:52.237" intervalms="14.639">
  <response-info timems="0.035" idlems="0.035" threads="0" lastid="0000000001755D00" lastname="Thread-3" />
</exclusive-start>
<af-start id="222" threadId="0000000001756688" totalBytesRequested="520" timestamp="2019-08-07T01:42:52.237" intervalms="14.551" type="nursery" />
<cycle-start id="223" type="scavenge" contextid="0" timestamp="2019-08-07T01:42:52.237" intervalms="13.749" />
<gc-start id="224" type="scavenge" contextid="223" timestamp="2019-08-07T01:42:52.237">
  <mem-info id="225" free="3976128" total="9043968" percent="43">
    <mem type="nursery" free="0" total="2752512" percent="0">
      <mem type="allocate" free="0" total="1507328" percent="0" />
      <mem type="survivor" free="0" total="1245184" percent="0" />
    </mem>
    <mem type="tenure" free="3976128" total="6291456" percent="63">
      <mem type="soa" free="3661760" total="5977088" percent="61" />
      <mem type="loa" free="314368" total="314368" percent="100" />
    </mem>
    <remembered-set count="274" />
  </mem-info>
</gc-start>
<allocation-stats totalBytes="753208" >
  <allocated-bytes non-tlh="186696" tlh="566512" />
  <largest-consumer threadName="Thread-3" threadId="0000000001755D00" bytes="367640" />
</allocation-stats>
<gc-op id="226" type="scavenge" timems="1.966" contextid="223" timestamp="2019-08-07T01:42:52.239">
  <scavenger-info tenureage="2" tenuremask="7ff4" tiltratio="54" />
  <memory-copied type="nursery" objects="716" bytes="742648" bytesdiscarded="87176" />
  <memory-copied type="tenure" objects="319" bytes="313824" bytesdiscarded="728" />
  <finalization candidates="1" enqueued="0" />
  <references type="soft" candidates="2" cleared="0" enqueued="0" dynamicThreshold="24" maxThreshold="32" />
  <references type="weak" candidates="1" cleared="1" enqueued="1" />
  <references type="phantom" candidates="8" cleared="0" enqueued="0" />
</gc-op>
<heap-resize id="227" type="expand" space="nursery" amount="262144" count="1" timems="0.021" reason="excessive time being spent scavenging" timestamp="2019-08-07T01:42:52.239" />
<gc-end id="228" type="scavenge" contextid="223" durationms="2.283" usertimems="4.000" systemtimems="0.000" timestamp="2019-08-07T01:42:52.239" activeThreads="4">
  <mem-info id="229" free="4763792" total="9306112" percent="51">
    <mem type="nursery" free="1070640" total="3014656" percent="35">
      <mem type="allocate" free="1070640" total="1900544" percent="56" />
      <mem type="survivor" free="0" total="1114112" percent="0" />
    </mem>
    <mem type="tenure" free="3693152" total="6291456" percent="58">
      <mem type="soa" free="3378784" total="5977088" percent="56" />
      <mem type="loa" free="314368" total="314368" percent="100" />
    </mem>
    <pending-finalizers system="0" default="0" reference="1" classloader="0" />
    <remembered-set count="227" />
  </mem-info>
</gc-end>
<cycle-end id="230" type="scavenge" contextid="223" timestamp="2019-08-07T01:42:52.239" />
  <attribute name="Current GC Util" value="19" />
  <attribute name= "Current Time Running" value="1885" />
<allocation-satisfied id="231" threadId="0000000001755D00" bytesRequested="520" />
<af-end id="232" timestamp="2019-08-07T01:42:52.240" threadId="0000000001756688" success="true" from="nursery"/>
<exclusive-end id="233" timestamp="2019-08-07T01:42:52.240" durationms="2.757" />

<exclusive-start id="234" timestamp="2019-08-07T01:42:52.263" intervalms="26.221">
  <response-info timems="0.028" idlems="0.028" threads="0" lastid="0000000001752100" lastname="Thread-2" />
</exclusive-start>
<af-start id="235" threadId="0000000001752A88" totalBytesRequested="16" timestamp="2019-08-07T01:42:52.263" intervalms="26.289" type="nursery" />
<cycle-start id="236" type="scavenge" contextid="0" timestamp="2019-08-07T01:42:52.263" intervalms="26.314" />
<gc-start id="237" type="scavenge" contextid="236" timestamp="2019-08-07T01:42:52.263">
  <mem-info id="238" free="3677440" total="9306112" percent="39">
    <mem type="nursery" free="0" total="3014656" percent="0">
      <mem type="allocate" free="0" total="1900544" percent="0" />
      <mem type="survivor" free="0" total="1114112" percent="0" />
    </mem>
    <mem type="tenure" free="3677440" total="6291456" percent="58">
      <mem type="soa" free="3363072" total="5977088" percent="56" />
      <mem type="loa" free="314368" total="314368" percent="100" />
    </mem>
    <remembered-set count="510" />
  </mem-info>
</gc-start>
<allocation-stats totalBytes="1082568" >
  <allocated-bytes non-tlh="75432" tlh="1007136" />
  <largest-consumer threadName="Thread-2" threadId="0000000001752100" bytes="238672" />
</allocation-stats>
<gc-op id="239" type="scavenge" timems="2.401" contextid="236" timestamp="2019-08-07T01:42:52.266">
  <scavenger-info tenureage="2" tenuremask="7ffc" tiltratio="63" />
  <memory-copied type="nursery" objects="4514" bytes="603352" bytesdiscarded="44288" />
  <memory-copied type="tenure" objects="143" bytes="430632" bytesdiscarded="0" />
  <finalization candidates="10" enqueued="1" />
  <references type="soft" candidates="21" cleared="0" enqueued="0" dynamicThreshold="24" maxThreshold="32" />
  <references type="weak" candidates="146" cleared="42" enqueued="26" />
  <references type="phantom" candidates="13" cleared="0" enqueued="0" />
</gc-op>
<gc-end id="240" type="scavenge" contextid="236" durationms="2.735" usertimems="4.000" systemtimems="0.000" timestamp="2019-08-07T01:42:52.266" activeThreads="4">
  <mem-info id="241" free="4758800" total="9306112" percent="51">
    <mem type="nursery" free="1514928" total="3014656" percent="50">
      <mem type="allocate" free="1514928" total="2162688" percent="70" />
      <mem type="survivor" free="0" total="851968" percent="0" />
    </mem>
    <mem type="tenure" free="3243872" total="6291456" percent="51">
      <mem type="soa" free="2929504" total="5977088" percent="49" />
      <mem type="loa" free="314368" total="314368" percent="100" />
    </mem>
    <pending-finalizers system="1" default="0" reference="26" classloader="0" />
    <remembered-set count="500" />
  </mem-info>
</gc-end>
<cycle-end id="242" type="scavenge" contextid="236" timestamp="2019-08-07T01:42:52.266" />
  <attribute name="Current GC Util" value="11" />
  <attribute name= "Current Time Running" value="1912" />
<allocation-satisfied id="243" threadId="0000000001752100" bytesRequested="16" />
<af-end id="244" timestamp="2019-08-07T01:42:52.266" threadId="0000000001752A88" success="true" from="nursery"/>
<exclusive-end id="245" timestamp="2019-08-07T01:42:52.266" durationms="3.359" />

<exclusive-start id="246" timestamp="2019-08-07T01:42:52.300" intervalms="37.085">
  <response-info timems="0.065" idlems="0.065" threads="0" lastid="000000000176C500" lastname="Thread-9" />
</exclusive-start>
<af-start id="247" threadId="000000000176CE88" totalBytesRequested="520" timestamp="2019-08-07T01:42:52.300" intervalms="37.052" type="nursery" />
<cycle-start id="248" type="scavenge" contextid="0" timestamp="2019-08-07T01:42:52.300" intervalms="37.067" />
<gc-start id="249" type="scavenge" contextid="248" timestamp="2019-08-07T01:42:52.301">
  <mem-info id="250" free="3235976" total="9306112" percent="34">
    <mem type="nursery" free="0" total="3014656" percent="0">
      <mem type="allocate" free="0" total="2162688" percent="0" />
      <mem type="survivor" free="0" total="851968" percent="0" />
    </mem>
    <mem type="tenure" free="3235976" total="6291456" percent="51">
      <mem type="soa" free="2921608" total="5977088" percent="48" />
      <mem type="loa" free="314368" total="314368" percent="100" />
    </mem>
    <remembered-set count="606" />
  </mem-info>
</gc-start>
<allocation-stats totalBytes="1504920" >
  <allocated-bytes non-tlh="48896" tlh="1456024" />
  <largest-consumer threadName="Thread-9" threadId="000000000176C500" bytes="409608" />
</allocation-stats>
<gc-op id="251" type="scavenge" timems="0.650" contextid="248" timestamp="2019-08-07T01:42:52.301">
  <scavenger-info tenureage="2" tenuremask="7ffc" tiltratio="71" />
  <memory-copied type="nursery" objects="7307" bytes="402408" bytesdiscarded="80904" />
  <memory-copied type="tenure" objects="564" bytes="311656" bytesdiscarded="592" />
  <finalization candidates="9" enqueued="0" />
  <references type="soft" candidates="21" cleared="0" enqueued="0" dynamicThreshold="24" maxThreshold="32" />
  <references type="weak" candidates="94" cleared="1" enqueued="1" />
  <references type="phantom" candidates="2" cleared="0" enqueued="0" />
</gc-op>
<gc-end id="252" type="scavenge" contextid="248" durationms="0.922" usertimems="0.000" systemtimems="4.000" timestamp="2019-08-07T01:42:52.301" activeThreads="4">
  <mem-info id="253" free="4602096" total="9306112" percent="49">
    <mem type="nursery" free="1679280" total="3014656" percent="55">
      <mem type="allocate" free="1679280" total="2162688" percent="77" />
      <mem type="survivor" free="0" total="851968" percent="0" />
    </mem>
    <mem type="tenure" free="2922816" total="6291456" percent="46">
      <mem type="soa" free="2608448" total="5977088" percent="43" />
      <mem type="loa" free="314368" total="314368" percent="100" />
    </mem>
    <pending-finalizers system="0" default="0" reference="1" classloader="0" />
    <remembered-set count="528" />
  </mem-info>
</gc-end>
<cycle-end id="254" type="scavenge" contextid="248" timestamp="2019-08-07T01:42:52.302" />
  <attribute name="Current GC Util" value="7" />
  <attribute name= "Current Time Running" value="1949" />
<allocation-satisfied id="255" threadId="000000000176C500" bytesRequested="520" />
<af-end id="256" timestamp="2019-08-07T01:42:52.302" threadId="000000000176CE88" success="true" from="nursery"/>
<exclusive-end id="257" timestamp="2019-08-07T01:42:52.302" durationms="1.543" />

<exclusive-start id="258" timestamp="2019-08-07T01:42:52.342" intervalms="41.373">
  <response-info timems="0.066" idlems="0.031" threads="4" lastid="0000000001761100" lastname="Thread-6" />
</exclusive-start>
<af-start id="259" threadId="0000000001752A88" totalBytesRequested="3736" timestamp="2019-08-07T01:42:52.342" intervalms="41.336" type="nursery" />
<cycle-start id="260" type="scavenge" contextid="0" timestamp="2019-08-07T01:42:52.342" intervalms="41.291" />
<gc-start id="261" type="scavenge" contextid="260" timestamp="2019-08-07T01:42:52.342">
  <mem-info id="262" free="2908568" total="9306112" percent="31">
    <mem type="nursery" free="0" total="3014656" percent="0">
      <mem type="allocate" free="0" total="2162688" percent="0" />
      <mem type="survivor" free="0" total="851968" percent="0" />
    </mem>
    <mem type="tenure" free="2908568" total="6291456" percent="46">
      <mem type="soa" free="2594200" total="5977088" percent="43" />
      <mem type="loa" free="314368" total="314368" percent="100" />
    </mem>
    <remembered-set count="821" />
  </mem-info>
</gc-start>
<allocation-stats totalBytes="1676712" >
  <allocated-bytes non-tlh="14768" tlh="1661944" />
  <largest-consumer threadName="Thread-6" threadId="0000000001761100" bytes="418024" />
</allocation-stats>
<gc-op id="263" type="scavenge" timems="4.783" contextid="260" timestamp="2019-08-07T01:42:52.347">
  <scavenger-info tenureage="3" tenuremask="7ff8" tiltratio="71" />
  <memory-copied type="nursery" objects="7191" bytes="764216" bytesdiscarded="87496" />
  <memory-copied type="tenure" objects="4395" bytes="284512" bytesdiscarded="760" />
  <copy-failed type="nursery" objects="4396" bytes="284544" />
  <finalization candidates="9" enqueued="0" />
  <references type="soft" candidates="20" cleared="0" enqueued="0" dynamicThreshold="24" maxThreshold="32" />
  <references type="weak" candidates="83" cleared="3" enqueued="2" />
  <references type="phantom" candidates="2" cleared="0" enqueued="0" />
</gc-op>
<heap-resize id="264" type="expand" space="nursery" amount="262144" count="1" timems="0.013" reason="excessive time being spent scavenging" timestamp="2019-08-07T01:42:52.347" />
<gc-end id="265" type="scavenge" contextid="260" durationms="5.041" usertimems="4.000" systemtimems="0.000" timestamp="2019-08-07T01:42:52.347" activeThreads="4">
  <mem-info id="266" free="3437160" total="9568256" percent="35">
    <mem type="nursery" free="786432" total="3276800" percent="24">
      <mem type="allocate" free="786432" total="1638400" percent="48" />
      <mem type="survivor" free="0" total="1638400" percent="0" />
    </mem>
    <mem type="tenure" free="2650728" total="6291456" percent="42">
      <mem type="soa" free="2336360" total="5977088" percent="39" />
      <mem type="loa" free="314368" total="314368" percent="100" />
    </mem>
    <pending-finalizers system="0" default="0" reference="2" classloader="0" />
    <remembered-set count="2526" />
  </mem-info>
</gc-end>
<cycle-end id="267" type="scavenge" contextid="260" timestamp="2019-08-07T01:42:52.347" />
  <attribute name="Current GC Util" value="3" />
  <attribute name= "Current Time Running" value="1990" />
<allocation-satisfied id="268" threadId="0000000001752100" bytesRequested="3736" />
<af-end id="269" timestamp="2019-08-07T01:42:52.347" threadId="0000000001752A88" success="true" from="nursery"/>
<exclusive-end id="270" timestamp="2019-08-07T01:42:52.347" durationms="5.661" />

<exclusive-start id="271" timestamp="2019-08-07T01:42:52.379" intervalms="37.800">
  <response-info timems="0.060" idlems="0.031" threads="2" lastid="0000000001764D00" lastname="Thread-7" />
</exclusive-start>
<af-start id="272" threadId="000000000175DE88" totalBytesRequested="16392" timestamp="2019-08-07T01:42:52.379" intervalms="37.793" type="nursery" />
<cycle-start id="273" type="scavenge" contextid="0" timestamp="2019-08-07T01:42:52.379" intervalms="37.801" />
<gc-start id="274" type="scavenge" contextid="273" timestamp="2019-08-07T01:42:52.380">
  <mem-info id="275" free="2650104" total="9568256" percent="27">
    <mem type="nursery" free="0" total="3276800" percent="0">
      <mem type="allocate" free="0" total="1638400" percent="0" />
      <mem type="survivor" free="0" total="1638400" percent="0" />
    </mem>
    <mem type="tenure" free="2650104" total="6291456" percent="42">
      <mem type="soa" free="2335736" total="5977088" percent="39" />
      <mem type="loa" free="314368" total="314368" percent="100" />
    </mem>
    <remembered-set count="2612" />
  </mem-info>
</gc-start>
<allocation-stats totalBytes="754632" >
  <allocated-bytes non-tlh="37136" tlh="717496" />
  <largest-consumer threadName="Thread-5" threadId="000000000175D500" bytes="275176" />
</allocation-stats>
<gc-op id="276" type="scavenge" timems="0.909" contextid="273" timestamp="2019-08-07T01:42:52.381">
  <scavenger-info tenureage="2" tenuremask="7ffc" tiltratio="50" />
  <memory-copied type="nursery" objects="3201" bytes="700560" bytesdiscarded="170976" />
  <memory-copied type="tenure" objects="4267" bytes="195296" bytesdiscarded="744" />
  <finalization candidates="6" enqueued="0" />
  <references type="soft" candidates="4" cleared="0" enqueued="0" dynamicThreshold="24" maxThreshold="32" />
  <references type="weak" candidates="24" cleared="2" enqueued="2" />
</gc-op>
<gc-end id="277" type="scavenge" contextid="273" durationms="1.100" usertimems="4.000" systemtimems="0.000" timestamp="2019-08-07T01:42:52.381" activeThreads="4">
  <mem-info id="278" free="3098304" total="9568256" percent="32">
    <mem type="nursery" free="766672" total="3276800" percent="23">
      <mem type="allocate" free="766672" total="1638400" percent="46" />
      <mem type="survivor" free="0" total="1638400" percent="0" />
    </mem>
    <mem type="tenure" free="2331632" total="6291456" percent="37">
      <mem type="soa" free="2017264" total="5977088" percent="33" />
      <mem type="loa" free="314368" total="314368" percent="100" />
    </mem>
    <pending-finalizers system="0" default="0" reference="2" classloader="0" />
    <remembered-set count="714" />
  </mem-info>
</gc-end>
<cycle-end id="279" type="scavenge" contextid="273" timestamp="2019-08-07T01:42:52.381" />
  <attribute name="Current GC Util" value="18" />
  <attribute name= "Current Time Running" value="2028" />
<allocation-satisfied id="280" threadId="000000000175D500" bytesRequested="16392" />
<af-end id="281" timestamp="2019-08-07T01:42:52.381" threadId="000000000175DE88" success="true" from="nursery"/>
<exclusive-end id="282" timestamp="2019-08-07T01:42:52.381" durationms="1.548" />

<exclusive-start id="283" timestamp="2019-08-07T01:42:52.400" intervalms="20.626">
  <response-info timems="0.037" idlems="0.037" threads="0" lastid="0000000001755D00" lastname="Thread-3" />
</exclusive-start>
<af-start id="284" threadId="0000000001756688" totalBytesRequested="32776" timestamp="2019-08-07T01:42:52.400" intervalms="20.626" type="nursery" />
<cycle-start id="285" type="scavenge" contextid="0" timestamp="2019-08-07T01:42:52.400" intervalms="20.620" />
<gc-start id="286" type="scavenge" contextid="285" timestamp="2019-08-07T01:42:52.400">
  <mem-info id="287" free="2331584" total="9568256" percent="24">
    <mem type="nursery" free="0" total="3276800" percent="0">
      <mem type="allocate" free="0" total="1638400" percent="0" />
      <mem type="survivor" free="0" total="1638400" percent="0" />
    </mem>
    <mem type="tenure" free="2331584" total="6291456" percent="37">
      <mem type="soa" free="2017216" total="5977088" percent="33" />
      <mem type="loa" free="314368" total="314368" percent="100" />
    </mem>
    <remembered-set count="780" />
  </mem-info>
</gc-start>
<allocation-stats totalBytes="724080" >
  <allocated-bytes non-tlh="81992" tlh="642088" />
  <largest-consumer threadName="Thread-5" threadId="000000000175D500" bytes="277880" />
</allocation-stats>
<gc-op id="288" type="scavenge" timems="2.068" contextid="285" timestamp="2019-08-07T01:42:52.402">
  <scavenger-info tenureage="1" tenuremask="7ffe" tiltratio="50" />
  <memory-copied type="nursery" objects="795" bytes="304728" bytesdiscarded="79280" />
  <memory-copied type="tenure" objects="3138" bytes="696544" bytesdiscarded="1648" />
</gc-op>
<heap-resize id="289" type="expand" space="nursery" amount="262144" count="1" timems="0.026" reason="excessive time being spent scavenging" timestamp="2019-08-07T01:42:52.402" />
<gc-end id="290" type="scavenge" contextid="285" durationms="2.337" usertimems="4.000" systemtimems="0.000" timestamp="2019-08-07T01:42:52.403" activeThreads="4">
  <mem-info id="291" free="3052032" total="9830400" percent="31">
    <mem type="nursery" free="1450976" total="3538944" percent="41">
      <mem type="allocate" free="1450976" total="1835008" percent="79" />
      <mem type="survivor" free="0" total="1703936" percent="0" />
    </mem>
    <mem type="tenure" free="1601056" total="6291456" percent="25">
      <mem type="soa" free="1286688" total="5977088" percent="21" />
      <mem type="loa" free="314368" total="314368" percent="100" />
    </mem>
    <remembered-set count="196" />
  </mem-info>
</gc-end>
<cycle-end id="292" type="scavenge" contextid="285" timestamp="2019-08-07T01:42:52.403" />
  <attribute name="Current GC Util" value="10" />
  <attribute name= "Current Time Running" value="2048" />
<allocation-satisfied id="293" threadId="0000000001755D00" bytesRequested="32776" />
<af-end id="294" timestamp="2019-08-07T01:42:52.403" threadId="0000000001756688" success="true" from="nursery"/>
<exclusive-end id="295" timestamp="2019-08-07T01:42:52.403" durationms="2.784" />

<exclusive-start id="296" timestamp="2019-08-07T01:42:52.439" intervalms="39.422">
  <response-info timems="0.048" idlems="0.048" threads="0" lastid="000000000175D500" lastname="Thread-5" />
</exclusive-start>
<af-start id="297" threadId="000000000175DE88" totalBytesRequested="48" timestamp="2019-08-07T01:42:52.440" intervalms="39.458" type="nursery" />
<cycle-start id="298" type="scavenge" contextid="0" timestamp="2019-08-07T01:42:52.440" intervalms="39.502" />
<gc-start id="299" type="scavenge" contextid="298" timestamp="2019-08-07T01:42:52.440">
  <mem-info id="300" free="1600800" total="9830400" percent="16">
    <mem type="nursery" free="0" total="3538944" percent="0">
      <mem type="allocate" free="0" total="1835008" percent="0" />
      <mem type="survivor" free="0" total="1703936" percent="0" />
    </mem>
    <mem type="tenure" free="1600800" total="6291456" percent="25">
      <mem type="soa" free="1286432" total="5977088" percent="21" />
      <mem type="loa" free="314368" total="314368" percent="100" />
    </mem>
    <remembered-set count="384" />
  </mem-info>
</gc-start>
<allocation-stats totalBytes="1410688" >
  <allocated-bytes non-tlh="147752" tlh="1262936" />
  <largest-consumer threadName="Thread-3" threadId="0000000001755D00" bytes="537448" />
</allocation-stats>
<gc-op id="301" type="scavenge" timems="0.628" contextid="298" timestamp="2019-08-07T01:42:52.440">
  <scavenger-info tenureage="1" tenuremask="7ffe" tiltratio="51" />
  <memory-copied type="nursery" objects="1298" bytes="452448" bytesdiscarded="136880" />
  <memory-copied type="tenure" objects="678" bytes="198608" bytesdiscarded="432" />
  <references type="phantom" candidates="1" cleared="0" enqueued="0" />
</gc-op>
<gc-end id="302" type="scavenge" contextid="298" durationms="0.864" usertimems="0.000" systemtimems="0.000" timestamp="2019-08-07T01:42:52.441" activeThreads="4">
  <mem-info id="303" free="2932168" total="9830400" percent="29">
    <mem type="nursery" free="1507784" total="3538944" percent="42">
      <mem type="allocate" free="1507784" total="2097152" percent="71" />
      <mem type="survivor" free="0" total="1441792" percent="0" />
    </mem>
    <mem type="tenure" free="1424384" total="6291456" percent="22">
      <mem type="soa" free="1110016" total="5977088" percent="18" />
      <mem type="loa" free="314368" total="314368" percent="100" />
    </mem>
    <remembered-set count="210" />
  </mem-info>
</gc-end>
<cycle-end id="304" type="scavenge" contextid="298" timestamp="2019-08-07T01:42:52.441" />
  <attribute name="Current GC Util" value="8" />
  <attribute name= "Current Time Running" value="2088" />
<allocation-satisfied id="305" threadId="000000000175D500" bytesRequested="48" />
<af-end id="306" timestamp="2019-08-07T01:42:52.441" threadId="000000000175DE88" success="true" from="nursery"/>
<exclusive-end id="307" timestamp="2019-08-07T01:42:52.441" durationms="1.454" />

<exclusive-start id="308" timestamp="2019-08-07T01:42:52.461" intervalms="21.714">
  <response-info timems="0.059" idlems="0.059" threads="0" lastid="000000000175D500" lastname="Thread-5" />
</exclusive-start>
<af-start id="309" threadId="000000000175DE88" totalBytesRequested="48" timestamp="2019-08-07T01:42:52.461" intervalms="21.692" type="nursery" />
<cycle-start id="310" type="scavenge" contextid="0" timestamp="2019-08-07T01:42:52.461" intervalms="21.641" />
<gc-start id="311" type="scavenge" contextid="310" timestamp="2019-08-07T01:42:52.461">
  <mem-info id="312" free="1424344" total="9830400" percent="14">
    <mem type="nursery" free="0" total="3538944" percent="0">
      <mem type="allocate" free="0" total="2097152" percent="0" />
      <mem type="survivor" free="0" total="1441792" percent="0" />
    </mem>
    <mem type="tenure" free="1424344" total="6291456" percent="22">
      <mem type="soa" free="1109976" total="5977088" percent="18" />
      <mem type="loa" free="314368" total="314368" percent="100" />
    </mem>
    <remembered-set count="383" />
  </mem-info>
</gc-start>
<allocation-stats totalBytes="1456632" >
  <allocated-bytes non-tlh="98424" tlh="1358208" />
  <largest-consumer threadName="Thread-4" threadId="0000000001759900" bytes="553832" />
</allocation-stats>
<gc-op id="313" type="scavenge" timems="0.543" contextid="310" timestamp="2019-08-07T01:42:52.462">
  <scavenger-info tenureage="1" tenuremask="7ffe" tiltratio="59" />
  <memory-copied type="nursery" objects="955" bytes="373904" bytesdiscarded="171168" />
  <memory-copied type="tenure" objects="609" bytes="242040" bytesdiscarded="896" />
  <references type="phantom" candidates="1" cleared="0" enqueued="0" />
</gc-op>
<gc-end id="314" type="scavenge" contextid="310" durationms="0.734" usertimems="0.000" systemtimems="0.000" timestamp="2019-08-07T01:42:52.462" activeThreads="4">
  <mem-info id="315" free="2983024" total="9830400" percent="30">
    <mem type="nursery" free="1748656" total="3538944" percent="49">
      <mem type="allocate" free="1748656" total="2293760" percent="76" />
      <mem type="survivor" free="0" total="1245184" percent="0" />
    </mem>
    <mem type="tenure" free="1234368" total="6291456" percent="19">
      <mem type="soa" free="920000" total="5977088" percent="15" />
      <mem type="loa" free="314368" total="314368" percent="100" />
    </mem>
    <remembered-set count="225" />
  </mem-info>
</gc-end>
<cycle-end id="316" type="scavenge" contextid="310" timestamp="2019-08-07T01:42:52.462" />
  <attribute name="Current GC Util" value="8" />
  <attribute name= "Current Time Running" value="2109" />
<allocation-satisfied id="317" threadId="000000000175D500" bytesRequested="48" />
<af-end id="318" timestamp="2019-08-07T01:42:52.462" threadId="000000000175DE88" success="true" from="nursery"/>
<exclusive-end id="319" timestamp="2019-08-07T01:42:52.462" durationms="1.184" />

<exclusive-start id="320" timestamp="2019-08-07T01:42:52.474" intervalms="12.813">
  <response-info timems="0.062" idlems="0.062" threads="0" lastid="0000000001759900" lastname="Thread-4" />
</exclusive-start>
<af-start id="321" threadId="000000000175A288" totalBytesRequested="32776" timestamp="2019-08-07T01:42:52.474" intervalms="12.870" type="nursery" />
<cycle-start id="322" type="scavenge" contextid="0" timestamp="2019-08-07T01:42:52.474" intervalms="12.875" />
<gc-start id="323" type="scavenge" contextid="322" timestamp="2019-08-07T01:42:52.474">
  <mem-info id="324" free="1234336" total="9830400" percent="12">
    <mem type="nursery" free="0" total="3538944" percent="0">
      <mem type="allocate" free="0" total="2293760" percent="0" />
      <mem type="survivor" free="0" total="1245184" percent="0" />
    </mem>
    <mem type="tenure" free="1234336" total="6291456" percent="19">
      <mem type="soa" free="919968" total="5977088" percent="15" />
      <mem type="loa" free="314368" total="314368" percent="100" />
    </mem>
    <remembered-set count="410" />
  </mem-info>
</gc-start>
<allocation-stats totalBytes="1644624" >
  <allocated-bytes non-tlh="286888" tlh="1357736" />
  <largest-consumer threadName="Thread-5" threadId="000000000175D500" bytes="413128" />
</allocation-stats>
<gc-op id="325" type="scavenge" timems="0.719" contextid="322" timestamp="2019-08-07T01:42:52.475">
  <scavenger-info tenureage="1" tenuremask="7ffe" tiltratio="64" />
  <memory-copied type="nursery" objects="2186" bytes="901680" bytesdiscarded="132344" />
  <memory-copied type="tenure" objects="880" bytes="368664" bytesdiscarded="824" />
  <references type="phantom" candidates="2" cleared="0" enqueued="0" />
</gc-op>
<gc-end id="326" type="scavenge" contextid="322" durationms="1.088" usertimems="0.000" systemtimems="0.000" timestamp="2019-08-07T01:42:52.475" activeThreads="4">
  <mem-info id="327" free="1547480" total="9830400" percent="15">
    <mem type="nursery" free="931960" total="3538944" percent="26">
      <mem type="allocate" free="931960" total="1966080" percent="47" />
      <mem type="survivor" free="0" total="1572864" percent="0" />
    </mem>
    <mem type="tenure" free="615520" total="6291456" percent="9">
      <mem type="soa" free="301152" total="5977088" percent="5" />
      <mem type="loa" free="314368" total="314368" percent="100" />
    </mem>
    <remembered-set count="226" />
  </mem-info>
</gc-end>
<cycle-end id="328" type="scavenge" contextid="322" timestamp="2019-08-07T01:42:52.475" />
  <attribute name="Current GC Util" value="11" />
  <attribute name= "Current Time Running" value="2122" />
<allocation-satisfied id="329" threadId="0000000001759900" bytesRequested="32776" />
<af-end id="330" timestamp="2019-08-07T01:42:52.475" threadId="000000000175A288" success="true" from="nursery"/>
<exclusive-end id="331" timestamp="2019-08-07T01:42:52.476" durationms="1.598" />

<concurrent-kickoff id="332" timestamp="2019-08-07T01:42:52.479">
  <kickoff reason="threshold reached" targetBytes="1867303" thresholdFreeBytes="258393"  remainingFree="243792" tenureFreeBytes="615520" nurseryFreeBytes="243792" />
</concurrent-kickoff>
<exclusive-start id="333" timestamp="2019-08-07T01:42:52.479" intervalms="5.439">
  <response-info timems="0.039" idlems="0.039" threads="0" lastid="0000000001764D00" lastname="Thread-7" />
</exclusive-start>
<cycle-start id="334" type="global" contextid="0" timestamp="2019-08-07T01:42:52.480" intervalms="436.539" />
<exclusive-end id="335" timestamp="2019-08-07T01:42:52.480" durationms="0.592" />

<exclusive-start id="336" timestamp="2019-08-07T01:42:52.483" intervalms="3.992">
  <response-info timems="0.040" idlems="0.040" threads="0" lastid="000000000176C500" lastname="Thread-9" />
</exclusive-start>
<concurrent-collection-start id="337" timestamp="2019-08-07T01:42:52.483" intervalms="2251.774" >
  <concurrent-trace-info reason="card cleaning threshold reached" tracedByMutators="447572" tracedByHelpers="929744" cardsCleaned="55" workStackOverflowCount="0" />
</concurrent-collection-start>
<gc-start id="338" type="global" contextid="334" timestamp="2019-08-07T01:42:52.484">
  <mem-info id="339" free="662736" total="9830400" percent="6">
    <mem type="nursery" free="47216" total="3538944" percent="1">
      <mem type="allocate" free="47216" total="1966080" percent="2" />
      <mem type="survivor" free="0" total="1572864" percent="0" />
    </mem>
    <mem type="tenure" free="615520" total="6291456" percent="9">
      <mem type="soa" free="301152" total="5977088" percent="5" />
      <mem type="loa" free="314368" total="314368" percent="100" />
    </mem>
    <remembered-set count="339" />
  </mem-info>
</gc-start>
<allocation-stats totalBytes="817504" >
  <allocated-bytes non-tlh="155696" tlh="661808" />
  <largest-consumer threadName="Thread-4" threadId="0000000001759900" bytes="286328" />
</allocation-stats>
<gc-op id="340" type="rs-scan" timems="0.276" contextid="334" timestamp="2019-08-07T01:42:52.484">
  <scan objectsFound="209" bytesTraced="61412" workStackOverflowCount="0" />
</gc-op>
<gc-op id="341" type="card-cleaning" timems="0.426" contextid="334" timestamp="2019-08-07T01:42:52.485">
  <card-cleaning cardsCleaned="19" bytesTraced="315152" workStackOverflowCount="0" />
</gc-op>
<gc-op id="342" type="mark" timems="1.404" contextid="334" timestamp="2019-08-07T01:42:52.486">
  <trace-info objectcount="15764" scancount="12367" scanbytes="746088" />
  <finalization candidates="25" enqueued="0" />
  <references type="soft" candidates="168" cleared="0" enqueued="0" dynamicThreshold="24" maxThreshold="32" />
  <references type="weak" candidates="263" cleared="12" enqueued="9" />
  <references type="phantom" candidates="84" cleared="2" enqueued="2" />
  <stringconstants candidates="3948" cleared="1"  />
</gc-op>
<gc-op id="343" type="classunload" timems="0.296" contextid="334" timestamp="2019-08-07T01:42:52.487">
  <classunload-info classloadercandidates="21" classloadersunloaded="1" classesunloaded="9" anonymousclassesunloaded="8" quiescems="0.000" setupms="0.286" scanms="0.009" postms="0.001" />
</gc-op>
<gc-op id="344" type="sweep" timems="0.339" contextid="334" timestamp="2019-08-07T01:42:52.487" />
<gc-end id="345" type="global" contextid="334" durationms="3.689" usertimems="4.000" systemtimems="0.000" timestamp="2019-08-07T01:42:52.487" activeThreads="4">
  <mem-info id="346" free="3916536" total="9830400" percent="39">
    <mem type="nursery" free="968232" total="3538944" percent="27">
      <mem type="allocate" free="968232" total="1966080" percent="49" />
      <mem type="survivor" free="0" total="1572864" percent="0" />
    </mem>
    <mem type="tenure" free="2948304" total="6291456" percent="46" micro-fragmented="71155" macro-fragmented="0">
      <mem type="soa" free="2633936" total="5977088" percent="44" />
      <mem type="loa" free="314368" total="314368" percent="100" />
    </mem>
    <pending-finalizers system="0" default="0" reference="11" classloader="0" />
    <remembered-set count="279" />
  </mem-info>
</gc-end>
<cycle-end id="347" type="global" contextid="334" timestamp="2019-08-07T01:42:52.487" />
  <attribute name="Current GC Util" value="70" />
  <attribute name= "Current Time Running" value="2135" />
<concurrent-collection-end id="348" timestamp="2019-08-07T01:42:52.487" />
<exclusive-end id="349" timestamp="2019-08-07T01:42:52.487" durationms="4.082" />

<exclusive-start id="350" timestamp="2019-08-07T01:42:52.511" intervalms="27.932">
  <response-info timems="0.053" idlems="0.053" threads="0" lastid="0000000001768900" lastname="Thread-8" />
</exclusive-start>
<af-start id="351" threadId="0000000001769288" totalBytesRequested="16392" timestamp="2019-08-07T01:42:52.511" intervalms="37.345" type="nursery" />
<cycle-start id="352" type="scavenge" contextid="0" timestamp="2019-08-07T01:42:52.511" intervalms="37.348" />
<gc-start id="353" type="scavenge" contextid="352" timestamp="2019-08-07T01:42:52.512">
  <mem-info id="354" free="2948272" total="9830400" percent="29">
    <mem type="nursery" free="0" total="3538944" percent="0">
      <mem type="allocate" free="0" total="1966080" percent="0" />
      <mem type="survivor" free="0" total="1572864" percent="0" />
    </mem>
    <mem type="tenure" free="2948272" total="6291456" percent="46">
      <mem type="soa" free="2633904" total="5977088" percent="44" />
      <mem type="loa" free="314368" total="314368" percent="100" />
    </mem>
    <remembered-set count="363" />
  </mem-info>
</gc-start>
<allocation-stats totalBytes="942368" >
  <allocated-bytes non-tlh="69712" tlh="872656" />
  <largest-consumer threadName="Thread-8" threadId="0000000001768900" bytes="239392" />
</allocation-stats>
<gc-op id="355" type="scavenge" timems="0.548" contextid="352" timestamp="2019-08-07T01:42:52.512">
  <scavenger-info tenureage="1" tenuremask="7ffe" tiltratio="55" />
  <memory-copied type="nursery" objects="1585" bytes="621496" bytesdiscarded="133088" />
  <memory-copied type="tenure" objects="1004" bytes="404248" bytesdiscarded="4040" />
</gc-op>
<gc-end id="356" type="scavenge" contextid="352" durationms="0.918" usertimems="0.000" systemtimems="0.000" timestamp="2019-08-07T01:42:52.512" activeThreads="4">
  <mem-info id="357" free="3866256" total="9830400" percent="39">
    <mem type="nursery" free="1342528" total="3538944" percent="37">
      <mem type="allocate" free="1342528" total="2097152" percent="64" />
      <mem type="survivor" free="0" total="1441792" percent="0" />
    </mem>
    <mem type="tenure" free="2523728" total="6291456" percent="40">
      <mem type="soa" free="2209360" total="5977088" percent="36" />
      <mem type="loa" free="314368" total="314368" percent="100" />
    </mem>
    <remembered-set count="261" />
  </mem-info>
</gc-end>
<cycle-end id="358" type="scavenge" contextid="352" timestamp="2019-08-07T01:42:52.513" />
  <attribute name="Current GC Util" value="8" />
  <attribute name= "Current Time Running" value="2160" />
<allocation-satisfied id="359" threadId="0000000001768900" bytesRequested="16392" />
<af-end id="360" timestamp="2019-08-07T01:42:52.513" threadId="0000000001769288" success="true" from="nursery"/>
<exclusive-end id="361" timestamp="2019-08-07T01:42:52.513" durationms="1.414" />

<exclusive-start id="362" timestamp="2019-08-07T01:42:52.538" intervalms="26.842">
  <response-info timems="0.041" idlems="0.041" threads="0" lastid="0000000001764D00" lastname="Thread-7" />
</exclusive-start>
<af-start id="363" threadId="0000000001765688" totalBytesRequested="16392" timestamp="2019-08-07T01:42:52.538" intervalms="26.899" type="nursery" />
<cycle-start id="364" type="scavenge" contextid="0" timestamp="2019-08-07T01:42:52.538" intervalms="26.899" />
<gc-start id="365" type="scavenge" contextid="364" timestamp="2019-08-07T01:42:52.538">
  <mem-info id="366" free="2523728" total="9830400" percent="25">
    <mem type="nursery" free="0" total="3538944" percent="0">
      <mem type="allocate" free="0" total="2097152" percent="0" />
      <mem type="survivor" free="0" total="1441792" percent="0" />
    </mem>
    <mem type="tenure" free="2523728" total="6291456" percent="40">
      <mem type="soa" free="2209360" total="5977088" percent="36" />
      <mem type="loa" free="314368" total="314368" percent="100" />
    </mem>
    <remembered-set count="443" />
  </mem-info>
</gc-start>
<allocation-stats totalBytes="1315432" >
  <allocated-bytes non-tlh="131112" tlh="1184320" />
  <largest-consumer threadName="Thread-6" threadId="0000000001761100" bytes="483152" />
</allocation-stats>
<gc-op id="367" type="scavenge" timems="0.585" contextid="364" timestamp="2019-08-07T01:42:52.539">
  <scavenger-info tenureage="1" tenuremask="7ffe" tiltratio="59" />
  <memory-copied type="nursery" objects="1442" bytes="482608" bytesdiscarded="163896" />
  <memory-copied type="tenure" objects="964" bytes="404544" bytesdiscarded="1008" />
  <references type="phantom" candidates="1" cleared="0" enqueued="0" />
</gc-op>
<gc-end id="368" type="scavenge" contextid="364" durationms="0.942" usertimems="4.000" systemtimems="0.000" timestamp="2019-08-07T01:42:52.539" activeThreads="4">
  <mem-info id="369" free="3692600" total="9830400" percent="37">
    <mem type="nursery" free="1581688" total="3538944" percent="44">
      <mem type="allocate" free="1581688" total="2228224" percent="70" />
      <mem type="survivor" free="0" total="1310720" percent="0" />
    </mem>
    <mem type="tenure" free="2110912" total="6291456" percent="33">
      <mem type="soa" free="1796544" total="5977088" percent="30" />
      <mem type="loa" free="314368" total="314368" percent="100" />
    </mem>
    <remembered-set count="262" />
  </mem-info>
</gc-end>
<cycle-end id="370" type="scavenge" contextid="364" timestamp="2019-08-07T01:42:52.539" />
  <attribute name="Current GC Util" value="5" />
  <attribute name= "Current Time Running" value="2187" />
<allocation-satisfied id="371" threadId="0000000001764D00" bytesRequested="16392" />
<af-end id="372" timestamp="2019-08-07T01:42:52.540" threadId="0000000001765688" success="true" from="nursery"/>
<exclusive-end id="373" timestamp="2019-08-07T01:42:52.540" durationms="1.509" />

<exclusive-start id="374" timestamp="2019-08-07T01:42:52.561" intervalms="23.011">
  <response-info timems="0.045" idlems="0.045" threads="0" lastid="0000000001759900" lastname="Thread-4" />
</exclusive-start>
<af-start id="375" threadId="000000000175A288" totalBytesRequested="2056" timestamp="2019-08-07T01:42:52.561" intervalms="23.041" type="nursery" />
<cycle-start id="376" type="scavenge" contextid="0" timestamp="2019-08-07T01:42:52.561" intervalms="23.040" />
<gc-start id="377" type="scavenge" contextid="376" timestamp="2019-08-07T01:42:52.561">
  <mem-info id="378" free="2110912" total="9830400" percent="21">
    <mem type="nursery" free="0" total="3538944" percent="0">
      <mem type="allocate" free="0" total="2228224" percent="0" />
      <mem type="survivor" free="0" total="1310720" percent="0" />
    </mem>
    <mem type="tenure" free="2110912" total="6291456" percent="33">
      <mem type="soa" free="1796544" total="5977088" percent="30" />
      <mem type="loa" free="314368" total="314368" percent="100" />
    </mem>
    <remembered-set count="432" />
  </mem-info>
</gc-start>
<allocation-stats totalBytes="1507328" >
  <allocated-bytes non-tlh="213056" tlh="1294272" />
  <largest-consumer threadName="Thread-3" threadId="0000000001755D00" bytes="422192" />
</allocation-stats>
<gc-op id="379" type="scavenge" timems="0.673" contextid="376" timestamp="2019-08-07T01:42:52.562">
  <scavenger-info tenureage="1" tenuremask="7ffe" tiltratio="62" />
  <memory-copied type="nursery" objects="1847" bytes="708016" bytesdiscarded="63592" />
  <memory-copied type="tenure" objects="1350" bytes="476280" bytesdiscarded="6656" />
  <references type="phantom" candidates="1" cleared="0" enqueued="0" />
</gc-op>
<gc-end id="380" type="scavenge" contextid="376" durationms="1.044" usertimems="0.000" systemtimems="0.000" timestamp="2019-08-07T01:42:52.563" activeThreads="4">
  <mem-info id="381" free="3127544" total="9830400" percent="31">
    <mem type="nursery" free="1522088" total="3538944" percent="43">
      <mem type="allocate" free="1522088" total="2293760" percent="66" />
      <mem type="survivor" free="0" total="1245184" percent="0" />
    </mem>
    <mem type="tenure" free="1605456" total="6291456" percent="25">
      <mem type="soa" free="1291088" total="5977088" percent="21" />
      <mem type="loa" free="314368" total="314368" percent="100" />
    </mem>
    <remembered-set count="270" />
  </mem-info>
</gc-end>
<cycle-end id="382" type="scavenge" contextid="376" timestamp="2019-08-07T01:42:52.563" />
  <attribute name="Current GC Util" value="6" />
  <attribute name= "Current Time Running" value="2210" />
<allocation-satisfied id="383" threadId="0000000001759900" bytesRequested="2056" />
<af-end id="384" timestamp="2019-08-07T01:42:52.563" threadId="000000000175A288" success="true" from="nursery"/>
<exclusive-end id="385" timestamp="2019-08-07T01:42:52.563" durationms="1.638" />

<exclusive-start id="386" timestamp="2019-08-07T01:42:52.588" intervalms="26.794">
  <response-info timems="0.035" idlems="0.035" threads="0" lastid="0000000001768900" lastname="Thread-8" />
</exclusive-start>
<af-start id="387" threadId="0000000001769288" totalBytesRequested="8200" timestamp="2019-08-07T01:42:52.588" intervalms="26.743" type="nursery" />
<cycle-start id="388" type="scavenge" contextid="0" timestamp="2019-08-07T01:42:52.588" intervalms="26.738" />
<gc-start id="389" type="scavenge" contextid="388" timestamp="2019-08-07T01:42:52.588">
  <mem-info id="390" free="1605456" total="9830400" percent="16">
    <mem type="nursery" free="0" total="3538944" percent="0">
      <mem type="allocate" free="0" total="2293760" percent="0" />
      <mem type="survivor" free="0" total="1245184" percent="0" />
    </mem>
    <mem type="tenure" free="1605456" total="6291456" percent="25">
      <mem type="soa" free="1291088" total="5977088" percent="21" />
      <mem type="loa" free="314368" total="314368" percent="100" />
    </mem>
    <remembered-set count="465" />
  </mem-info>
</gc-start>
<allocation-stats totalBytes="1486304" >
  <allocated-bytes non-tlh="133168" tlh="1353136" />
  <largest-consumer threadName="Thread-2" threadId="0000000001752100" bytes="519616" />
</allocation-stats>
<gc-op id="391" type="scavenge" timems="0.582" contextid="388" timestamp="2019-08-07T01:42:52.589">
  <scavenger-info tenureage="1" tenuremask="7ffe" tiltratio="64" />
  <memory-copied type="nursery" objects="1240" bytes="516736" bytesdiscarded="191424" />
  <memory-copied type="tenure" objects="1748" bytes="703224" bytesdiscarded="3424" />
  <references type="phantom" candidates="1" cleared="0" enqueued="0" />
</gc-op>
<gc-end id="392" type="scavenge" contextid="388" durationms="0.952" usertimems="0.000" systemtimems="0.000" timestamp="2019-08-07T01:42:52.589" activeThreads="4">
  <mem-info id="393" free="2527392" total="9830400" percent="25">
    <mem type="nursery" free="1651088" total="3538944" percent="46">
      <mem type="allocate" free="1651088" total="2359296" percent="69" />
      <mem type="survivor" free="0" total="1179648" percent="0" />
    </mem>
    <mem type="tenure" free="876304" total="6291456" percent="13">
      <mem type="soa" free="561936" total="5977088" percent="9" />
      <mem type="loa" free="314368" total="314368" percent="100" />
    </mem>
    <remembered-set count="271" />
  </mem-info>
</gc-end>
<cycle-end id="394" type="scavenge" contextid="388" timestamp="2019-08-07T01:42:52.589" />
  <attribute name="Current GC Util" value="6" />
  <attribute name= "Current Time Running" value="2236" />
<allocation-satisfied id="395" threadId="0000000001768900" bytesRequested="8200" />
<af-end id="396" timestamp="2019-08-07T01:42:52.589" threadId="0000000001769288" success="true" from="nursery"/>
<exclusive-end id="397" timestamp="2019-08-07T01:42:52.589" durationms="1.475" />

<concurrent-kickoff id="398" timestamp="2019-08-07T01:42:52.606">
  <kickoff reason="threshold reached" targetBytes="1764102" thresholdFreeBytes="244028"  remainingFree="237960" tenureFreeBytes="876304" nurseryFreeBytes="237960" />
</concurrent-kickoff>
<exclusive-start id="399" timestamp="2019-08-07T01:42:52.606" intervalms="18.401">
  <response-info timems="0.046" idlems="0.046" threads="0" lastid="000000000175D500" lastname="Thread-5" />
</exclusive-start>
<cycle-start id="400" type="global" contextid="0" timestamp="2019-08-07T01:42:52.606" intervalms="126.492" />
<exclusive-end id="401" timestamp="2019-08-07T01:42:52.606" durationms="0.101" />

<exclusive-start id="402" timestamp="2019-08-07T01:42:52.610" intervalms="3.900">
  <response-info timems="0.057" idlems="0.057" threads="0" lastid="0000000001764D00" lastname="Thread-7" />
</exclusive-start>
<af-start id="403" threadId="0000000001765688" totalBytesRequested="32776" timestamp="2019-08-07T01:42:52.611" intervalms="22.418" type="nursery" />
<percolate-collect id="404" from="nursery" to="global" reason="concurrent mark exhausted" timestamp="2019-08-07T01:42:52.611"/>
<gc-start id="405" type="global" contextid="400" timestamp="2019-08-07T01:42:52.611">
  <mem-info id="406" free="876304" total="9830400" percent="8">
    <mem type="nursery" free="0" total="3538944" percent="0">
      <mem type="allocate" free="0" total="2359296" percent="0" />
      <mem type="survivor" free="0" total="1179648" percent="0" />
    </mem>
    <mem type="tenure" free="876304" total="6291456" percent="13">
      <mem type="soa" free="561936" total="5977088" percent="9" />
      <mem type="loa" free="314368" total="314368" percent="100" />
    </mem>
    <remembered-set count="463" />
  </mem-info>
</gc-start>
<allocation-stats totalBytes="1535504" >
  <allocated-bytes non-tlh="106528" tlh="1428976" />
  <largest-consumer threadName="Thread-8" threadId="0000000001768900" bytes="520600" />
</allocation-stats>
<concurrent-halted id="407" timestamp="2019-08-07T01:42:52.611">
  <halted state="Complete" status="exhausted" />
  <traced bytesTarget="1764102" bytesTotal="1849196" bytesByMutator="739452" bytesByHelper="1109744" percent="104" />
  <cards cleaned="84" thresholdBytes="96132" />
</concurrent-halted>
<gc-op id="408" type="rs-scan" timems="0.216" contextid="400" timestamp="2019-08-07T01:42:52.611">
  <scan objectsFound="331" bytesTraced="108700" workStackOverflowCount="0" />
</gc-op>
<gc-op id="409" type="card-cleaning" timems="0.147" contextid="400" timestamp="2019-08-07T01:42:52.611">
  <card-cleaning cardsCleaned="0" bytesTraced="353844" workStackOverflowCount="0" />
</gc-op>
<gc-op id="410" type="mark" timems="0.527" contextid="400" timestamp="2019-08-07T01:42:52.612">
  <trace-info objectcount="1564" scancount="1346" scanbytes="269164" />
  <finalization candidates="25" enqueued="0" />
  <references type="soft" candidates="168" cleared="0" enqueued="0" dynamicThreshold="14" maxThreshold="32" />
  <references type="weak" candidates="251" cleared="0" enqueued="0" />
  <references type="phantom" candidates="81" cleared="0" enqueued="0" />
  <stringconstants candidates="3948" cleared="0"  />
</gc-op>
<gc-op id="411" type="sweep" timems="0.205" contextid="400" timestamp="2019-08-07T01:42:52.612" />
<gc-end id="412" type="global" contextid="400" durationms="1.639" usertimems="4.000" systemtimems="0.000" timestamp="2019-08-07T01:42:52.612" activeThreads="4">
  <mem-info id="413" free="4130056" total="9830400" percent="42">
    <mem type="nursery" free="1498920" total="3538944" percent="42">
      <mem type="allocate" free="1498920" total="2359296" percent="63" />
      <mem type="survivor" free="0" total="1179648" percent="0" />
    </mem>
    <mem type="tenure" free="2631136" total="6291456" percent="41" micro-fragmented="81052" macro-fragmented="0">
      <mem type="soa" free="2316768" total="5977088" percent="38" />
      <mem type="loa" free="314368" total="314368" percent="100" />
    </mem>
    <remembered-set count="369" />
  </mem-info>
</gc-end>
<cycle-end id="414" type="global" contextid="400" timestamp="2019-08-07T01:42:52.612" />
  <attribute name="Current GC Util" value="117" />
  <attribute name= "Current Time Running" value="2260" />
<allocation-satisfied id="415" threadId="0000000001764D00" bytesRequested="32776" />
<af-end id="416" timestamp="2019-08-07T01:42:52.613" threadId="0000000001765688" success="true" from="nursery"/>
<exclusive-end id="417" timestamp="2019-08-07T01:42:52.613" durationms="2.513" />

<exclusive-start id="418" timestamp="2019-08-07T01:42:52.633" intervalms="22.322">
  <response-info timems="0.054" idlems="0.054" threads="0" lastid="000000000176C500" lastname="Thread-9" />
</exclusive-start>
<af-start id="419" threadId="000000000176CE88" totalBytesRequested="16392" timestamp="2019-08-07T01:42:52.633" intervalms="22.173" type="nursery" />
<cycle-start id="420" type="scavenge" contextid="0" timestamp="2019-08-07T01:42:52.633" intervalms="44.598" />
<gc-start id="421" type="scavenge" contextid="420" timestamp="2019-08-07T01:42:52.633">
  <mem-info id="422" free="2671384" total="9830400" percent="27">
    <mem type="nursery" free="40248" total="3538944" percent="1">
      <mem type="allocate" free="40248" total="2359296" percent="1" />
      <mem type="survivor" free="0" total="1179648" percent="0" />
    </mem>
    <mem type="tenure" free="2631136" total="6291456" percent="41">
      <mem type="soa" free="2316768" total="5977088" percent="38" />
      <mem type="loa" free="314368" total="314368" percent="100" />
    </mem>
    <remembered-set count="411" />
  </mem-info>
</gc-start>
<allocation-stats totalBytes="1396376" >
  <allocated-bytes non-tlh="479456" tlh="916920" />
  <largest-consumer threadName="Thread-7" threadId="0000000001764D00" bytes="623608" />
</allocation-stats>
<gc-op id="423" type="scavenge" timems="0.502" contextid="420" timestamp="2019-08-07T01:42:52.633">
  <scavenger-info tenureage="1" tenuremask="7ffe" tiltratio="66" />
  <memory-copied type="nursery" objects="2247" bytes="949176" bytesdiscarded="230384" />
  <memory-copied type="tenure" objects="748" bytes="270016" bytesdiscarded="3400" />
  <copy-failed type="nursery" objects="29" bytes="20640" />
  <references type="phantom" candidates="2" cleared="0" enqueued="0" />
</gc-op>
<gc-end id="424" type="scavenge" contextid="420" durationms="0.715" usertimems="4.000" systemtimems="0.000" timestamp="2019-08-07T01:42:52.634" activeThreads="4">
  <mem-info id="425" free="3043184" total="9830400" percent="30">
    <mem type="nursery" free="720896" total="3538944" percent="20">
      <mem type="allocate" free="720896" total="1900544" percent="37" />
      <mem type="survivor" free="0" total="1638400" percent="0" />
    </mem>
    <mem type="tenure" free="2322288" total="6291456" percent="36">
      <mem type="soa" free="2007920" total="5977088" percent="33" />
      <mem type="loa" free="314368" total="314368" percent="100" />
    </mem>
    <remembered-set count="227" />
  </mem-info>
</gc-end>
<cycle-end id="426" type="scavenge" contextid="420" timestamp="2019-08-07T01:42:52.634" />
  <attribute name="Current GC Util" value="11" />
  <attribute name= "Current Time Running" value="2281" />
<allocation-satisfied id="427" threadId="000000000176C500" bytesRequested="16392" />
<af-end id="428" timestamp="2019-08-07T01:42:52.634" threadId="000000000176CE88" success="true" from="nursery"/>
<exclusive-end id="429" timestamp="2019-08-07T01:42:52.634" durationms="1.250" />

<exclusive-start id="430" timestamp="2019-08-07T01:42:52.636" intervalms="3.326">
  <response-info timems="0.057" idlems="0.057" threads="0" lastid="000000000175D500" lastname="Thread-5" />
</exclusive-start>
<af-start id="431" threadId="000000000175DE88" totalBytesRequested="16392" timestamp="2019-08-07T01:42:52.636" intervalms="3.258" type="nursery" />
<cycle-start id="432" type="scavenge" contextid="0" timestamp="2019-08-07T01:42:52.636" intervalms="3.252" />
<gc-start id="433" type="scavenge" contextid="432" timestamp="2019-08-07T01:42:52.636">
  <mem-info id="434" free="2322288" total="9830400" percent="23">
    <mem type="nursery" free="0" total="3538944" percent="0">
      <mem type="allocate" free="0" total="1900544" percent="0" />
      <mem type="survivor" free="0" total="1638400" percent="0" />
    </mem>
    <mem type="tenure" free="2322288" total="6291456" percent="36">
      <mem type="soa" free="2007920" total="5977088" percent="33" />
      <mem type="loa" free="314368" total="314368" percent="100" />
    </mem>
    <remembered-set count="301" />
  </mem-info>
</gc-start>
<allocation-stats totalBytes="685184" >
  <allocated-bytes non-tlh="114728" tlh="570456" />
  <largest-consumer threadName="Thread-9" threadId="000000000176C500" bytes="236048" />
</allocation-stats>
<gc-op id="435" type="scavenge" timems="0.838" contextid="432" timestamp="2019-08-07T01:42:52.637">
  <scavenger-info tenureage="1" tenuremask="7ffe" tiltratio="53" />
  <memory-copied type="nursery" objects="869" bytes="330200" bytesdiscarded="145992" />
  <memory-copied type="tenure" objects="2083" bytes="931576" bytesdiscarded="10824" />
  <references type="phantom" candidates="1" cleared="0" enqueued="0" />
</gc-op>
<heap-resize id="436" type="expand" space="nursery" amount="655360" count="1" timems="0.015" reason="excessive time being spent scavenging" timestamp="2019-08-07T01:42:52.637" />
<gc-end id="437" type="scavenge" contextid="432" durationms="1.083" usertimems="0.000" systemtimems="0.000" timestamp="2019-08-07T01:42:52.637" activeThreads="4">
  <mem-info id="438" free="3289408" total="10485760" percent="31">
    <mem type="nursery" free="1883080" total="4194304" percent="44">
      <mem type="allocate" free="1883080" total="2359296" percent="79" />
      <mem type="survivor" free="0" total="1835008" percent="0" />
    </mem>
    <mem type="tenure" free="1406328" total="6291456" percent="22">
      <mem type="soa" free="1091960" total="5977088" percent="18" />
      <mem type="loa" free="314368" total="314368" percent="100" />
    </mem>
    <remembered-set count="226" />
  </mem-info>
</gc-end>
<cycle-end id="439" type="scavenge" contextid="432" timestamp="2019-08-07T01:42:52.637" />
  <attribute name="Current GC Util" value="43" />
  <attribute name= "Current Time Running" value="2284" />
<allocation-satisfied id="440" threadId="000000000175D500" bytesRequested="16392" />
<af-end id="441" timestamp="2019-08-07T01:42:52.637" threadId="000000000175DE88" success="true" from="nursery"/>
<exclusive-end id="442" timestamp="2019-08-07T01:42:52.637" durationms="1.493" />

<exclusive-start id="443" timestamp="2019-08-07T01:42:52.655" intervalms="18.963">
  <response-info timems="0.036" idlems="0.036" threads="0" lastid="0000000001759900" lastname="Thread-4" />
</exclusive-start>
<af-start id="444" threadId="000000000175A288" totalBytesRequested="16" timestamp="2019-08-07T01:42:52.655" intervalms="19.033" type="nursery" />
<cycle-start id="445" type="scavenge" contextid="0" timestamp="2019-08-07T01:42:52.655" intervalms="19.031" />
<gc-start id="446" type="scavenge" contextid="445" timestamp="2019-08-07T01:42:52.655">
  <mem-info id="447" free="1406328" total="10485760" percent="13">
    <mem type="nursery" free="0" total="4194304" percent="0">
      <mem type="allocate" free="0" total="2359296" percent="0" />
      <mem type="survivor" free="0" total="1835008" percent="0" />
    </mem>
    <mem type="tenure" free="1406328" total="6291456" percent="22">
      <mem type="soa" free="1091960" total="5977088" percent="18" />
      <mem type="loa" free="314368" total="314368" percent="100" />
    </mem>
    <remembered-set count="435" />
  </mem-info>
</gc-start>
<allocation-stats totalBytes="1762232" >
  <allocated-bytes non-tlh="114720" tlh="1647512" />
  <largest-consumer threadName="Thread-3" threadId="0000000001755D00" bytes="416632" />
</allocation-stats>
<gc-op id="448" type="scavenge" timems="0.536" contextid="445" timestamp="2019-08-07T01:42:52.656">
  <scavenger-info tenureage="1" tenuremask="7ffe" tiltratio="56" />
  <memory-copied type="nursery" objects="1543" bytes="846512" bytesdiscarded="165256" />
  <memory-copied type="tenure" objects="176" bytes="194520" bytesdiscarded="2680" />
  <references type="phantom" candidates="1" cleared="0" enqueued="0" />
</gc-op>
<gc-end id="449" type="scavenge" contextid="445" durationms="0.711" usertimems="0.000" systemtimems="0.000" timestamp="2019-08-07T01:42:52.656" activeThreads="5">
  <mem-info id="450" free="2810624" total="10485760" percent="26">
    <mem type="nursery" free="1609592" total="4194304" percent="38">
      <mem type="allocate" free="1609592" total="2621440" percent="61" />
      <mem type="survivor" free="0" total="1572864" percent="0" />
    </mem>
    <mem type="tenure" free="1201032" total="6291456" percent="19">
      <mem type="soa" free="886664" total="5977088" percent="14" />
      <mem type="loa" free="314368" total="314368" percent="100" />
    </mem>
    <remembered-set count="244" />
  </mem-info>
</gc-end>
<cycle-end id="451" type="scavenge" contextid="445" timestamp="2019-08-07T01:42:52.656" />
  <attribute name="Current GC Util" value="7" />
  <attribute name= "Current Time Running" value="2303" />
<allocation-satisfied id="452" threadId="0000000001759900" bytesRequested="16" />
<af-end id="453" timestamp="2019-08-07T01:42:52.656" threadId="000000000175A288" success="true" from="nursery"/>
<exclusive-end id="454" timestamp="2019-08-07T01:42:52.656" durationms="1.177" />

<concurrent-kickoff id="455" timestamp="2019-08-07T01:42:52.664">
  <kickoff reason="threshold reached" targetBytes="1778102" thresholdFreeBytes="246511"  remainingFree="225096" tenureFreeBytes="1201032" nurseryFreeBytes="225096" />
</concurrent-kickoff>
<exclusive-start id="456" timestamp="2019-08-07T01:42:52.664" intervalms="9.170">
  <response-info timems="0.104" idlems="0.104" threads="0" lastid="0000000001761100" lastname="Thread-6" />
</exclusive-start>
<cycle-start id="457" type="global" contextid="0" timestamp="2019-08-07T01:42:52.664" intervalms="57.686" />
<exclusive-end id="458" timestamp="2019-08-07T01:42:52.664" durationms="0.094" />

<exclusive-start id="459" timestamp="2019-08-07T01:42:52.671" intervalms="6.504">
  <response-info timems="0.049" idlems="0.049" threads="0" lastid="0000000001755D00" lastname="Thread-3" />
</exclusive-start>
<af-start id="460" threadId="0000000001756688" totalBytesRequested="2056" timestamp="2019-08-07T01:42:52.671" intervalms="15.617" type="nursery" />
<cycle-start id="461" type="scavenge" contextid="0" timestamp="2019-08-07T01:42:52.671" intervalms="15.619" />
<gc-start id="462" type="scavenge" contextid="461" timestamp="2019-08-07T01:42:52.671">
  <mem-info id="463" free="1201032" total="10485760" percent="11">
    <mem type="nursery" free="0" total="4194304" percent="0">
      <mem type="allocate" free="0" total="2621440" percent="0" />
      <mem type="survivor" free="0" total="1572864" percent="0" />
    </mem>
    <mem type="tenure" free="1201032" total="6291456" percent="19">
      <mem type="soa" free="886664" total="5977088" percent="14" />
      <mem type="loa" free="314368" total="314368" percent="100" />
    </mem>
    <remembered-set count="449" />
  </mem-info>
</gc-start>
<allocation-stats totalBytes="1566280" >
  <allocated-bytes non-tlh="98352" tlh="1467928" />
  <largest-consumer threadName="Thread-4" threadId="0000000001759900" bytes="502816" />
</allocation-stats>
<gc-op id="464" type="scavenge" timems="1.483" contextid="461" timestamp="2019-08-07T01:42:52.672">
  <scavenger-info tenureage="1" tenuremask="7ffe" tiltratio="62" />
  <memory-copied type="nursery" objects="2378" bytes="700680" bytesdiscarded="84464" />
  <memory-copied type="tenure" objects="974" bytes="620512" bytesdiscarded="2520" />
  <references type="phantom" candidates="1" cleared="0" enqueued="0" />
</gc-op>
<gc-end id="465" type="scavenge" contextid="461" durationms="1.684" usertimems="4.000" systemtimems="0.000" timestamp="2019-08-07T01:42:52.672" activeThreads="5">
  <mem-info id="466" free="2387632" total="10485760" percent="22">
    <mem type="nursery" free="1967328" total="4194304" percent="46">
      <mem type="allocate" free="1967328" total="2752512" percent="71" />
      <mem type="survivor" free="0" total="1441792" percent="0" />
    </mem>
    <mem type="tenure" free="420304" total="6291456" percent="6">
      <mem type="soa" free="105936" total="5977088" percent="1" />
      <mem type="loa" free="314368" total="314368" percent="100" />
    </mem>
    <remembered-set count="251" />
  </mem-info>
</gc-end>
<cycle-end id="467" type="scavenge" contextid="461" timestamp="2019-08-07T01:42:52.672" />
  <attribute name="Current GC Util" value="15" />
  <attribute name= "Current Time Running" value="2319" />
<allocation-satisfied id="468" threadId="0000000001755D00" bytesRequested="2056" />
<af-end id="469" timestamp="2019-08-07T01:42:52.673" threadId="0000000001756688" success="true" from="nursery"/>
<exclusive-end id="470" timestamp="2019-08-07T01:42:52.673" durationms="2.122" />

<exclusive-start id="471" timestamp="2019-08-07T01:42:52.706" intervalms="35.214">
  <response-info timems="0.047" idlems="0.047" threads="0" lastid="0000000001759900" lastname="Thread-4" />
</exclusive-start>
<af-start id="472" threadId="000000000175A288" totalBytesRequested="16392" timestamp="2019-08-07T01:42:52.706" intervalms="35.245" type="nursery" />
<cycle-start id="473" type="scavenge" contextid="0" timestamp="2019-08-07T01:42:52.706" intervalms="35.247" />
<gc-start id="474" type="scavenge" contextid="473" timestamp="2019-08-07T01:42:52.706">
  <mem-info id="475" free="420304" total="10485760" percent="4">
    <mem type="nursery" free="0" total="4194304" percent="0">
      <mem type="allocate" free="0" total="2752512" percent="0" />
      <mem type="survivor" free="0" total="1441792" percent="0" />
    </mem>
    <mem type="tenure" free="420304" total="6291456" percent="6">
      <mem type="soa" free="105936" total="5977088" percent="1" />
      <mem type="loa" free="314368" total="314368" percent="100" />
    </mem>
    <remembered-set count="364" />
  </mem-info>
</gc-start>
<allocation-stats totalBytes="1927400" >
  <allocated-bytes non-tlh="182328" tlh="1745072" />
  <largest-consumer threadName="Thread-7" threadId="0000000001764D00" bytes="472064" />
</allocation-stats>
<gc-op id="476" type="scavenge" timems="0.543" contextid="473" timestamp="2019-08-07T01:42:52.707">
  <scavenger-info tenureage="1" tenuremask="7ffe" tiltratio="65" />
  <memory-copied type="nursery" objects="1571" bytes="631336" bytesdiscarded="276216" />
  <memory-copied type="tenure" objects="1383" bytes="439264" bytesdiscarded="1008" />
  <heap-resize type="expand" space="tenure" amount="327680" count="5" timems="0.049" reason="continue current collection" />
</gc-op>
<gc-end id="477" type="scavenge" contextid="473" durationms="0.735" usertimems="0.000" systemtimems="0.000" timestamp="2019-08-07T01:42:52.707" activeThreads="5">
  <mem-info id="478" free="2345384" total="10813440" percent="21">
    <mem type="nursery" free="1975976" total="4194304" percent="47">
      <mem type="allocate" free="1975976" total="2883584" percent="68" />
      <mem type="survivor" free="0" total="1310720" percent="0" />
    </mem>
    <mem type="tenure" free="369408" total="6619136" percent="5">
      <mem type="soa" free="38656" total="6288384" percent="0" />
      <mem type="loa" free="330752" total="330752" percent="100" />
    </mem>
    <remembered-set count="266" />
  </mem-info>
</gc-end>
<cycle-end id="479" type="scavenge" contextid="473" timestamp="2019-08-07T01:42:52.707" />
  <attribute name="Current GC Util" value="6" />
  <attribute name= "Current Time Running" value="2354" />
<allocation-satisfied id="480" threadId="0000000001759900" bytesRequested="16392" />
<af-end id="481" timestamp="2019-08-07T01:42:52.707" threadId="000000000175A288" success="true" from="nursery"/>
<exclusive-end id="482" timestamp="2019-08-07T01:42:52.707" durationms="1.396" />

<exclusive-start id="483" timestamp="2019-08-07T01:42:52.709" intervalms="3.199">
  <response-info timems="0.063" idlems="0.063" threads="0" lastid="0000000001759900" lastname="Thread-4" />
</exclusive-start>
<concurrent-collection-start id="484" timestamp="2019-08-07T01:42:52.709" intervalms="225.638" >
  <concurrent-trace-info reason="card cleaning threshold reached" tracedByMutators="1214452" tracedByHelpers="885480" cardsCleaned="313" workStackOverflowCount="0" />
</concurrent-collection-start>
<gc-start id="485" type="global" contextid="457" timestamp="2019-08-07T01:42:52.709">
  <mem-info id="486" free="2017688" total="10813440" percent="18">
    <mem type="nursery" free="1648280" total="4194304" percent="39">
      <mem type="allocate" free="1648280" total="2883584" percent="57" />
      <mem type="survivor" free="0" total="1310720" percent="0" />
    </mem>
    <mem type="tenure" free="369408" total="6619136" percent="5">
      <mem type="soa" free="38656" total="6288384" percent="0" />
      <mem type="loa" free="330752" total="330752" percent="100" />
    </mem>
    <remembered-set count="283" />
  </mem-info>
</gc-start>
<allocation-stats totalBytes="323168" >
  <allocated-bytes non-tlh="49168" tlh="274000" />
  <largest-consumer threadName="Thread-4" threadId="0000000001759900" bytes="130656" />
</allocation-stats>
<gc-op id="487" type="rs-scan" timems="0.227" contextid="457" timestamp="2019-08-07T01:42:52.710">
  <scan objectsFound="148" bytesTraced="32936" workStackOverflowCount="0" />
</gc-op>
<gc-op id="488" type="card-cleaning" timems="0.228" contextid="457" timestamp="2019-08-07T01:42:52.710">
  <card-cleaning cardsCleaned="87" bytesTraced="585944" workStackOverflowCount="0" />
</gc-op>
<gc-op id="489" type="mark" timems="0.659" contextid="457" timestamp="2019-08-07T01:42:52.711">
  <trace-info objectcount="1135" scancount="1029" scanbytes="205076" />
  <finalization candidates="25" enqueued="0" />
  <references type="soft" candidates="168" cleared="0" enqueued="0" dynamicThreshold="13" maxThreshold="32" />
  <references type="weak" candidates="251" cleared="0" enqueued="0" />
  <references type="phantom" candidates="81" cleared="0" enqueued="0" />
  <stringconstants candidates="3948" cleared="0"  />
</gc-op>
<gc-op id="490" type="sweep" timems="0.336" contextid="457" timestamp="2019-08-07T01:42:52.711" />
<gc-end id="491" type="global" contextid="457" durationms="1.869" usertimems="4.000" systemtimems="0.000" timestamp="2019-08-07T01:42:52.711" activeThreads="5">
  <mem-info id="492" free="4691320" total="10813440" percent="43">
    <mem type="nursery" free="2210832" total="4194304" percent="52">
      <mem type="allocate" free="2210832" total="2883584" percent="76" />
      <mem type="survivor" free="0" total="1310720" percent="0" />
    </mem>
    <mem type="tenure" free="2480488" total="6619136" percent="37" micro-fragmented="26653" macro-fragmented="0">
      <mem type="soa" free="2149736" total="6288384" percent="34" />
      <mem type="loa" free="330752" total="330752" percent="100" />
    </mem>
    <remembered-set count="266" />
  </mem-info>
</gc-end>
<cycle-end id="493" type="global" contextid="457" timestamp="2019-08-07T01:42:52.711" />
  <attribute name="Current GC Util" value="124" />
  <attribute name= "Current Time Running" value="2359" />
<concurrent-collection-end id="494" timestamp="2019-08-07T01:42:52.711" />
<exclusive-end id="495" timestamp="2019-08-07T01:42:52.711" durationms="2.395" />

<exclusive-start id="496" timestamp="2019-08-07T01:42:52.738" intervalms="28.721">
  <response-info timems="0.053" idlems="0.053" threads="0" lastid="0000000001759900" lastname="Thread-4" />
</exclusive-start>
<af-start id="497" threadId="000000000175A288" totalBytesRequested="16392" timestamp="2019-08-07T01:42:52.738" intervalms="31.911" type="nursery" />
<cycle-start id="498" type="scavenge" contextid="0" timestamp="2019-08-07T01:42:52.738" intervalms="31.903" />
<gc-start id="499" type="scavenge" contextid="498" timestamp="2019-08-07T01:42:52.738">
  <mem-info id="500" free="2480488" total="10813440" percent="22">
    <mem type="nursery" free="0" total="4194304" percent="0">
      <mem type="allocate" free="0" total="2883584" percent="0" />
      <mem type="survivor" free="0" total="1310720" percent="0" />
    </mem>
    <mem type="tenure" free="2480488" total="6619136" percent="37">
      <mem type="soa" free="2149736" total="6288384" percent="34" />
      <mem type="loa" free="330752" total="330752" percent="100" />
    </mem>
    <remembered-set count="503" />
  </mem-info>
</gc-start>
<allocation-stats totalBytes="2138840" >
  <allocated-bytes non-tlh="131104" tlh="2007736" />
  <largest-consumer threadName="Thread-4" threadId="0000000001759900" bytes="499000" />
</allocation-stats>
<gc-op id="501" type="scavenge" timems="0.501" contextid="498" timestamp="2019-08-07T01:42:52.738">
  <scavenger-info tenureage="1" tenuremask="7ffe" tiltratio="68" />
  <memory-copied type="nursery" objects="1888" bytes="747256" bytesdiscarded="314720" />
  <memory-copied type="tenure" objects="791" bytes="289048" bytesdiscarded="4928" />
  <references type="weak" candidates="1" cleared="0" enqueued="0" />
  <references type="phantom" candidates="2" cleared="0" enqueued="0" />
</gc-op>
<gc-end id="502" type="scavenge" contextid="498" durationms="0.681" usertimems="0.000" systemtimems="0.000" timestamp="2019-08-07T01:42:52.739" activeThreads="5">
  <mem-info id="503" free="4044552" total="10813440" percent="37">
    <mem type="nursery" free="1887080" total="4194304" percent="44">
      <mem type="allocate" free="1887080" total="2949120" percent="63" />
      <mem type="survivor" free="0" total="1245184" percent="0" />
    </mem>
    <mem type="tenure" free="2157472" total="6619136" percent="32">
      <mem type="soa" free="1826720" total="6288384" percent="29" />
      <mem type="loa" free="330752" total="330752" percent="100" />
    </mem>
    <remembered-set count="243" />
  </mem-info>
</gc-end>
<cycle-end id="504" type="scavenge" contextid="498" timestamp="2019-08-07T01:42:52.739" />
  <attribute name="Current GC Util" value="4" />
  <attribute name= "Current Time Running" value="2386" />
<allocation-satisfied id="505" threadId="0000000001759900" bytesRequested="16392" />
<af-end id="506" timestamp="2019-08-07T01:42:52.739" threadId="000000000175A288" success="true" from="nursery"/>
<exclusive-end id="507" timestamp="2019-08-07T01:42:52.739" durationms="1.109" />

<exclusive-start id="508" timestamp="2019-08-07T01:42:52.753" intervalms="15.394">
  <response-info timems="0.051" idlems="0.051" threads="0" lastid="000000000176C500" lastname="Thread-9" />
</exclusive-start>
<af-start id="509" threadId="000000000176CE88" totalBytesRequested="48" timestamp="2019-08-07T01:42:52.753" intervalms="15.425" type="nursery" />
<cycle-start id="510" type="scavenge" contextid="0" timestamp="2019-08-07T01:42:52.753" intervalms="15.435" />
<gc-start id="511" type="scavenge" contextid="510" timestamp="2019-08-07T01:42:52.753">
  <mem-info id="512" free="2157472" total="10813440" percent="19">
    <mem type="nursery" free="0" total="4194304" percent="0">
      <mem type="allocate" free="0" total="2949120" percent="0" />
      <mem type="survivor" free="0" total="1245184" percent="0" />
    </mem>
    <mem type="tenure" free="2157472" total="6619136" percent="32">
      <mem type="soa" free="1826720" total="6288384" percent="29" />
      <mem type="loa" free="330752" total="330752" percent="100" />
    </mem>
    <remembered-set count="414" />
  </mem-info>
</gc-start>
<allocation-stats totalBytes="1848368" >
  <allocated-bytes non-tlh="155704" tlh="1692664" />
  <largest-consumer threadName="Thread-4" threadId="0000000001759900" bytes="723432" />
</allocation-stats>
<gc-op id="513" type="scavenge" timems="0.548" contextid="510" timestamp="2019-08-07T01:42:52.754">
  <scavenger-info tenureage="1" tenuremask="7ffe" tiltratio="70" />
  <memory-copied type="nursery" objects="1866" bytes="729696" bytesdiscarded="94792" />
  <memory-copied type="tenure" objects="1324" bytes="539952" bytesdiscarded="3984" />
  <references type="phantom" candidates="1" cleared="0" enqueued="0" />
</gc-op>
<gc-end id="514" type="scavenge" contextid="510" durationms="0.730" usertimems="0.000" systemtimems="0.000" timestamp="2019-08-07T01:42:52.754" activeThreads="5">
  <mem-info id="515" free="3768360" total="10813440" percent="34">
    <mem type="nursery" free="2190104" total="4194304" percent="52">
      <mem type="allocate" free="2190104" total="3014656" percent="72" />
      <mem type="survivor" free="0" total="1179648" percent="0" />
    </mem>
    <mem type="tenure" free="1578256" total="6619136" percent="23">
      <mem type="soa" free="1247504" total="6288384" percent="19" />
      <mem type="loa" free="330752" total="330752" percent="100" />
    </mem>
    <remembered-set count="246" />
  </mem-info>
</gc-end>
<cycle-end id="516" type="scavenge" contextid="510" timestamp="2019-08-07T01:42:52.754" />
  <attribute name="Current GC Util" value="8" />
  <attribute name= "Current Time Running" value="2401" />
<allocation-satisfied id="517" threadId="000000000176C500" bytesRequested="48" />
<af-end id="518" timestamp="2019-08-07T01:42:52.754" threadId="000000000176CE88" success="true" from="nursery"/>
<exclusive-end id="519" timestamp="2019-08-07T01:42:52.754" durationms="1.225" />

<exclusive-start id="520" timestamp="2019-08-07T01:42:52.779" intervalms="25.617">
  <response-info timems="0.075" idlems="0.075" threads="0" lastid="0000000001761100" lastname="Thread-6" />
</exclusive-start>
<af-start id="521" threadId="0000000001761A88" totalBytesRequested="32776" timestamp="2019-08-07T01:42:52.779" intervalms="25.568" type="nursery" />
<cycle-start id="522" type="scavenge" contextid="0" timestamp="2019-08-07T01:42:52.779" intervalms="25.552" />
<gc-start id="523" type="scavenge" contextid="522" timestamp="2019-08-07T01:42:52.779">
  <mem-info id="524" free="1601480" total="10813440" percent="14">
    <mem type="nursery" free="23224" total="4194304" percent="0">
      <mem type="allocate" free="23224" total="3014656" percent="0" />
      <mem type="survivor" free="0" total="1179648" percent="0" />
    </mem>
    <mem type="tenure" free="1578256" total="6619136" percent="23">
      <mem type="soa" free="1247504" total="6288384" percent="19" />
      <mem type="loa" free="330752" total="330752" percent="100" />
    </mem>
    <remembered-set count="464" />
  </mem-info>
</gc-start>
<allocation-stats totalBytes="2058872" >
  <allocated-bytes non-tlh="163936" tlh="1894936" />
  <largest-consumer threadName="Thread-7" threadId="0000000001764D00" bytes="492040" />
</allocation-stats>
<gc-op id="525" type="scavenge" timems="0.513" contextid="522" timestamp="2019-08-07T01:42:52.779">
  <scavenger-info tenureage="1" tenuremask="7ffe" tiltratio="71" />
  <memory-copied type="nursery" objects="2008" bytes="936720" bytesdiscarded="176448" />
  <memory-copied type="tenure" objects="1385" bytes="539536" bytesdiscarded="9712" />
</gc-op>
<gc-end id="526" type="scavenge" contextid="522" durationms="0.680" usertimems="0.000" systemtimems="4.000" timestamp="2019-08-07T01:42:52.780" activeThreads="5">
  <mem-info id="527" free="2840912" total="10813440" percent="26">
    <mem type="nursery" free="1770336" total="4194304" percent="42">
      <mem type="allocate" free="1770336" total="2883584" percent="61" />
      <mem type="survivor" free="0" total="1310720" percent="0" />
    </mem>
    <mem type="tenure" free="1070576" total="6619136" percent="16">
      <mem type="soa" free="739824" total="6288384" percent="11" />
      <mem type="loa" free="330752" total="330752" percent="100" />
    </mem>
    <remembered-set count="263" />
  </mem-info>
</gc-end>
<cycle-end id="528" type="scavenge" contextid="522" timestamp="2019-08-07T01:42:52.780" />
  <attribute name="Current GC Util" value="5" />
  <attribute name= "Current Time Running" value="2427" />
<allocation-satisfied id="529" threadId="0000000001761100" bytesRequested="32776" />
<af-end id="530" timestamp="2019-08-07T01:42:52.780" threadId="0000000001761A88" success="true" from="nursery"/>
<exclusive-end id="531" timestamp="2019-08-07T01:42:52.780" durationms="1.059" />

<concurrent-kickoff id="532" timestamp="2019-08-07T01:42:52.798">
  <kickoff reason="threshold reached" targetBytes="1928257" thresholdFreeBytes="265232"  remainingFree="234312" tenureFreeBytes="1070576" nurseryFreeBytes="234312" />
</concurrent-kickoff>
<exclusive-start id="533" timestamp="2019-08-07T01:42:52.798" intervalms="19.820">
  <response-info timems="0.052" idlems="0.029" threads="1" lastid="0000000001761100" lastname="Thread-6" />
</exclusive-start>
<cycle-start id="534" type="global" contextid="0" timestamp="2019-08-07T01:42:52.799" intervalms="134.484" />
<exclusive-end id="535" timestamp="2019-08-07T01:42:52.799" durationms="0.118" />

<exclusive-start id="536" timestamp="2019-08-07T01:42:52.803" intervalms="4.097">
  <response-info timems="0.095" idlems="0.095" threads="0" lastid="0000000001752100" lastname="Thread-2" />
</exclusive-start>
<af-start id="537" threadId="0000000001752A88" totalBytesRequested="32776" timestamp="2019-08-07T01:42:52.803" intervalms="23.912" type="nursery" />
<cycle-start id="538" type="scavenge" contextid="0" timestamp="2019-08-07T01:42:52.803" intervalms="23.927" />
<gc-start id="539" type="scavenge" contextid="538" timestamp="2019-08-07T01:42:52.803">
  <mem-info id="540" free="1070576" total="10813440" percent="9">
    <mem type="nursery" free="0" total="4194304" percent="0">
      <mem type="allocate" free="0" total="2883584" percent="0" />
      <mem type="survivor" free="0" total="1310720" percent="0" />
    </mem>
    <mem type="tenure" free="1070576" total="6619136" percent="16">
      <mem type="soa" free="739824" total="6288384" percent="11" />
      <mem type="loa" free="330752" total="330752" percent="100" />
    </mem>
    <remembered-set count="460" />
  </mem-info>
</gc-start>
<allocation-stats totalBytes="1735384" >
  <allocated-bytes non-tlh="114720" tlh="1620664" />
  <largest-consumer threadName="Thread-9" threadId="000000000176C500" bytes="475984" />
</allocation-stats>
<gc-op id="541" type="scavenge" timems="1.328" contextid="538" timestamp="2019-08-07T01:42:52.804">
  <scavenger-info tenureage="1" tenuremask="7ffe" tiltratio="68" />
  <memory-copied type="nursery" objects="1917" bytes="617752" bytesdiscarded="115752" />
  <memory-copied type="tenure" objects="892" bytes="518288" bytesdiscarded="3176" />
</gc-op>
<gc-end id="542" type="scavenge" contextid="538" durationms="1.544" usertimems="0.000" systemtimems="4.000" timestamp="2019-08-07T01:42:52.804" activeThreads="5">
  <mem-info id="543" free="2759648" total="10813440" percent="25">
    <mem type="nursery" free="2215560" total="4194304" percent="52">
      <mem type="allocate" free="2215560" total="2949120" percent="75" />
      <mem type="survivor" free="0" total="1245184" percent="0" />
    </mem>
    <mem type="tenure" free="544088" total="6619136" percent="8">
      <mem type="soa" free="213336" total="6288384" percent="3" />
      <mem type="loa" free="330752" total="330752" percent="100" />
    </mem>
    <remembered-set count="242" />
  </mem-info>
</gc-end>
<cycle-end id="544" type="scavenge" contextid="538" timestamp="2019-08-07T01:42:52.804" />
  <attribute name="Current GC Util" value="6" />
  <attribute name= "Current Time Running" value="2451" />
<allocation-satisfied id="545" threadId="0000000001752100" bytesRequested="32776" />
<af-end id="546" timestamp="2019-08-07T01:42:52.805" threadId="0000000001752A88" success="true" from="nursery"/>
<exclusive-end id="547" timestamp="2019-08-07T01:42:52.805" durationms="2.239" />

<exclusive-start id="548" timestamp="2019-08-07T01:42:52.806" intervalms="2.985">
  <response-info timems="0.667" idlems="0.341" threads="1" lastid="0000000001752100" lastname="Thread-2" />
</exclusive-start>
<concurrent-collection-start id="549" timestamp="2019-08-07T01:42:52.806" intervalms="96.505" >
  <concurrent-trace-info reason="card cleaning threshold reached" tracedByMutators="807784" tracedByHelpers="1188620" cardsCleaned="115" workStackOverflowCount="0" />
</concurrent-collection-start>
<gc-start id="550" type="global" contextid="534" timestamp="2019-08-07T01:42:52.806">
  <mem-info id="551" free="2472912" total="10813440" percent="22">
    <mem type="nursery" free="1928824" total="4194304" percent="45">
      <mem type="allocate" free="1928824" total="2949120" percent="65" />
      <mem type="survivor" free="0" total="1245184" percent="0" />
    </mem>
    <mem type="tenure" free="544088" total="6619136" percent="8">
      <mem type="soa" free="213336" total="6288384" percent="3" />
      <mem type="loa" free="330752" total="330752" percent="100" />
    </mem>
    <remembered-set count="254" />
  </mem-info>
</gc-start>
<allocation-stats totalBytes="286736" >
  <allocated-bytes non-tlh="49168" tlh="237568" />
  <largest-consumer threadName="Thread-2" threadId="0000000001752100" bytes="57352" />
</allocation-stats>
<gc-op id="552" type="rs-scan" timems="1.438" contextid="534" timestamp="2019-08-07T01:42:52.807">
  <scan objectsFound="114" bytesTraced="28772" workStackOverflowCount="0" />
</gc-op>
<gc-op id="553" type="card-cleaning" timems="0.899" contextid="534" timestamp="2019-08-07T01:42:52.808">
  <card-cleaning cardsCleaned="149" bytesTraced="538012" workStackOverflowCount="0" />
</gc-op>
<gc-op id="554" type="mark" timems="2.512" contextid="534" timestamp="2019-08-07T01:42:52.811">
  <trace-info objectcount="2010" scancount="1792" scanbytes="337136" />
  <finalization candidates="25" enqueued="0" />
  <references type="soft" candidates="168" cleared="0" enqueued="0" dynamicThreshold="11" maxThreshold="32" />
  <references type="weak" candidates="252" cleared="0" enqueued="0" />
  <references type="phantom" candidates="81" cleared="0" enqueued="0" />
  <stringconstants candidates="3948" cleared="0"  />
</gc-op>
<gc-op id="555" type="sweep" timems="1.747" contextid="534" timestamp="2019-08-07T01:42:52.813" />
<heap-resize id="556" type="contract" space="tenure" amount="327680" count="1" timems="0.216" reason="insufficient time being spent in gc" timestamp="2019-08-07T01:42:52.813" />
<gc-end id="557" type="global" contextid="534" durationms="7.368" usertimems="16.000" systemtimems="4.000" timestamp="2019-08-07T01:42:52.813" activeThreads="5">
  <mem-info id="558" free="4436776" total="10485760" percent="42">
    <mem type="nursery" free="2269632" total="4194304" percent="54">
      <mem type="allocate" free="2269632" total="2949120" percent="76" />
      <mem type="survivor" free="0" total="1245184" percent="0" />
    </mem>
    <mem type="tenure" free="2167144" total="6291456" percent="34" micro-fragmented="86267" macro-fragmented="0">
      <mem type="soa" free="2077704" total="5977088" percent="34" />
      <mem type="loa" free="89440" total="314368" percent="28" />
    </mem>
    <remembered-set count="247" />
  </mem-info>
</gc-end>
<cycle-end id="559" type="global" contextid="534" timestamp="2019-08-07T01:42:52.813" />
  <attribute name="Current GC Util" value="136" />
  <attribute name= "Current Time Running" value="2459" />
<concurrent-collection-end id="560" timestamp="2019-08-07T01:42:52.813" />
<exclusive-end id="561" timestamp="2019-08-07T01:42:52.813" durationms="7.755" />

<exclusive-start id="562" timestamp="2019-08-07T01:42:52.849" intervalms="43.082">
  <response-info timems="0.055" idlems="0.055" threads="0" lastid="0000000001759900" lastname="Thread-4" />
</exclusive-start>
<af-start id="563" threadId="000000000175A288" totalBytesRequested="2056" timestamp="2019-08-07T01:42:52.849" intervalms="46.239" type="nursery" />
<cycle-start id="564" type="scavenge" contextid="0" timestamp="2019-08-07T01:42:52.849" intervalms="46.231" />
<gc-start id="565" type="scavenge" contextid="564" timestamp="2019-08-07T01:42:52.849">
  <mem-info id="566" free="2167144" total="10485760" percent="20">
    <mem type="nursery" free="0" total="4194304" percent="0">
      <mem type="allocate" free="0" total="2949120" percent="0" />
      <mem type="survivor" free="0" total="1245184" percent="0" />
    </mem>
    <mem type="tenure" free="2167144" total="6291456" percent="34">
      <mem type="soa" free="2077704" total="5977088" percent="34" />
      <mem type="loa" free="89440" total="314368" percent="28" />
    </mem>
    <remembered-set count="419" />
  </mem-info>
</gc-start>
<allocation-stats totalBytes="2215776" >
  <allocated-bytes non-tlh="286824" tlh="1928952" />
  <largest-consumer threadName="Thread-3" threadId="0000000001755D00" bytes="487304" />
</allocation-stats>
<gc-op id="567" type="scavenge" timems="0.566" contextid="564" timestamp="2019-08-07T01:42:52.850">
  <scavenger-info tenureage="1" tenuremask="7ffe" tiltratio="70" />
  <memory-copied type="nursery" objects="2473" bytes="978200" bytesdiscarded="159616" />
  <memory-copied type="tenure" objects="1253" bytes="398336" bytesdiscarded="8224" />
  <references type="phantom" candidates="1" cleared="0" enqueued="0" />
</gc-op>
<gc-end id="568" type="scavenge" contextid="564" durationms="0.747" usertimems="0.000" systemtimems="4.000" timestamp="2019-08-07T01:42:52.850" activeThreads="5">
  <mem-info id="569" free="3264968" total="10485760" percent="31">
    <mem type="nursery" free="1549088" total="4194304" percent="36">
      <mem type="allocate" free="1549088" total="2686976" percent="57" />
      <mem type="survivor" free="0" total="1507328" percent="0" />
    </mem>
    <mem type="tenure" free="1715880" total="6291456" percent="27">
      <mem type="soa" free="1626440" total="5977088" percent="27" />
      <mem type="loa" free="89440" total="314368" percent="28" />
    </mem>
    <remembered-set count="237" />
  </mem-info>
</gc-end>
<cycle-end id="570" type="scavenge" contextid="564" timestamp="2019-08-07T01:42:52.850" />
  <attribute name="Current GC Util" value="8" />
  <attribute name= "Current Time Running" value="2497" />
<allocation-satisfied id="571" threadId="0000000001759900" bytesRequested="2056" />
<af-end id="572" timestamp="2019-08-07T01:42:52.850" threadId="000000000175A288" success="true" from="nursery"/>
<exclusive-end id="573" timestamp="2019-08-07T01:42:52.850" durationms="1.317" />

<exclusive-start id="574" timestamp="2019-08-07T01:42:52.885" intervalms="36.579">
  <response-info timems="0.046" idlems="0.046" threads="0" lastid="0000000001761100" lastname="Thread-6" />
</exclusive-start>
<af-start id="575" threadId="0000000001761A88" totalBytesRequested="2056" timestamp="2019-08-07T01:42:52.885" intervalms="36.578" type="nursery" />
<cycle-start id="576" type="scavenge" contextid="0" timestamp="2019-08-07T01:42:52.886" intervalms="36.595" />
<gc-start id="577" type="scavenge" contextid="576" timestamp="2019-08-07T01:42:52.886">
  <mem-info id="578" free="1715880" total="10485760" percent="16">
    <mem type="nursery" free="0" total="4194304" percent="0">
      <mem type="allocate" free="0" total="2686976" percent="0" />
      <mem type="survivor" free="0" total="1507328" percent="0" />
    </mem>
    <mem type="tenure" free="1715880" total="6291456" percent="27">
      <mem type="soa" free="1626440" total="5977088" percent="27" />
      <mem type="loa" free="89440" total="314368" percent="28" />
    </mem>
    <remembered-set count="440" />
  </mem-info>
</gc-start>
<allocation-stats totalBytes="1481720" >
  <allocated-bytes non-tlh="116776" tlh="1364944" />
  <largest-consumer threadName="Thread-9" threadId="000000000176C500" bytes="464840" />
</allocation-stats>
<gc-op id="579" type="scavenge" timems="0.580" contextid="576" timestamp="2019-08-07T01:42:52.886">
  <scavenger-info tenureage="1" tenuremask="7ffe" tiltratio="64" />
  <memory-copied type="nursery" objects="1169" bytes="508712" bytesdiscarded="210696" />
  <memory-copied type="tenure" objects="2363" bytes="972608" bytesdiscarded="14808" />
  <references type="phantom" candidates="1" cleared="0" enqueued="0" />
</gc-op>
<gc-end id="580" type="scavenge" contextid="576" durationms="0.753" usertimems="4.000" systemtimems="0.000" timestamp="2019-08-07T01:42:52.886" activeThreads="5">
  <mem-info id="581" free="2812472" total="10485760" percent="26">
    <mem type="nursery" free="2098592" total="4194304" percent="50">
      <mem type="allocate" free="2098592" total="2818048" percent="74" />
      <mem type="survivor" free="0" total="1376256" percent="0" />
    </mem>
    <mem type="tenure" free="713880" total="6291456" percent="11">
      <mem type="soa" free="624440" total="5977088" percent="10" />
      <mem type="loa" free="89440" total="314368" percent="28" />
    </mem>
    <remembered-set count="269" />
  </mem-info>
</gc-end>
<cycle-end id="582" type="scavenge" contextid="576" timestamp="2019-08-07T01:42:52.886" />
  <attribute name="Current GC Util" value="4" />
  <attribute name= "Current Time Running" value="2534" />
<allocation-satisfied id="583" threadId="0000000001761100" bytesRequested="2056" />
<af-end id="584" timestamp="2019-08-07T01:42:52.887" threadId="0000000001761A88" success="true" from="nursery"/>
<exclusive-end id="585" timestamp="2019-08-07T01:42:52.887" durationms="1.337" />

<concurrent-kickoff id="586" timestamp="2019-08-07T01:42:52.900">
  <kickoff reason="threshold reached" targetBytes="1845818" thresholdFreeBytes="253366"  remainingFree="224600" tenureFreeBytes="713880" nurseryFreeBytes="224600" />
</concurrent-kickoff>
<exclusive-start id="587" timestamp="2019-08-07T01:42:52.900" intervalms="15.148">
  <response-info timems="0.050" idlems="0.050" threads="0" lastid="0000000001759900" lastname="Thread-4" />
</exclusive-start>
<cycle-start id="588" type="global" contextid="0" timestamp="2019-08-07T01:42:52.901" intervalms="102.020" />
<exclusive-end id="589" timestamp="2019-08-07T01:42:52.901" durationms="0.261" />

<exclusive-start id="590" timestamp="2019-08-07T01:42:52.905" intervalms="4.329">
  <response-info timems="0.058" idlems="0.058" threads="0" lastid="0000000001764D00" lastname="Thread-7" />
</exclusive-start>
<af-start id="591" threadId="0000000001765688" totalBytesRequested="48" timestamp="2019-08-07T01:42:52.905" intervalms="19.424" type="nursery" />
<cycle-start id="592" type="scavenge" contextid="0" timestamp="2019-08-07T01:42:52.905" intervalms="19.421" />
<gc-start id="593" type="scavenge" contextid="592" timestamp="2019-08-07T01:42:52.905">
  <mem-info id="594" free="713880" total="10485760" percent="6">
    <mem type="nursery" free="0" total="4194304" percent="0">
      <mem type="allocate" free="0" total="2818048" percent="0" />
      <mem type="survivor" free="0" total="1376256" percent="0" />
    </mem>
    <mem type="tenure" free="713880" total="6291456" percent="11">
      <mem type="soa" free="624440" total="5977088" percent="10" />
      <mem type="loa" free="89440" total="314368" percent="28" />
    </mem>
    <remembered-set count="451" />
  </mem-info>
</gc-start>
<allocation-stats totalBytes="1978728" >
  <allocated-bytes non-tlh="231496" tlh="1747232" />
  <largest-consumer threadName="Thread-8" threadId="0000000001768900" bytes="514712" />
</allocation-stats>
<gc-op id="595" type="scavenge" timems="0.583" contextid="592" timestamp="2019-08-07T01:42:52.906">
  <scavenger-info tenureage="1" tenuremask="7ffe" tiltratio="67" />
  <memory-copied type="nursery" objects="2224" bytes="970584" bytesdiscarded="249312" />
  <memory-copied type="tenure" objects="994" bytes="358512" bytesdiscarded="2864" />
  <references type="phantom" candidates="2" cleared="0" enqueued="0" />
</gc-op>
<gc-end id="596" type="scavenge" contextid="592" durationms="0.960" usertimems="0.000" systemtimems="0.000" timestamp="2019-08-07T01:42:52.906" activeThreads="5">
  <mem-info id="597" free="1791728" total="10485760" percent="17">
    <mem type="nursery" free="1401456" total="4194304" percent="33">
      <mem type="allocate" free="1401456" total="2621440" percent="53" />
      <mem type="survivor" free="0" total="1572864" percent="0" />
    </mem>
    <mem type="tenure" free="390272" total="6291456" percent="6">
      <mem type="soa" free="300832" total="5977088" percent="5" />
      <mem type="loa" free="89440" total="314368" percent="28" />
    </mem>
    <remembered-set count="237" />
  </mem-info>
</gc-end>
<cycle-end id="598" type="scavenge" contextid="592" timestamp="2019-08-07T01:42:52.906" />
  <attribute name="Current GC Util" value="8" />
  <attribute name= "Current Time Running" value="2553" />
<allocation-satisfied id="599" threadId="0000000001764D00" bytesRequested="48" />
<af-end id="600" timestamp="2019-08-07T01:42:52.906" threadId="0000000001765688" success="true" from="nursery"/>
<exclusive-end id="601" timestamp="2019-08-07T01:42:52.906" durationms="1.570" />

<exclusive-start id="602" timestamp="2019-08-07T01:42:52.920" intervalms="15.711">
  <response-info timems="0.048" idlems="0.048" threads="0" lastid="0000000001764D00" lastname="Thread-7" />
</exclusive-start>
<af-start id="603" threadId="0000000001765688" totalBytesRequested="16392" timestamp="2019-08-07T01:42:52.921" intervalms="15.676" type="nursery" />
<cycle-start id="604" type="scavenge" contextid="0" timestamp="2019-08-07T01:42:52.921" intervalms="15.664" />
<gc-start id="605" type="scavenge" contextid="604" timestamp="2019-08-07T01:42:52.921">
  <mem-info id="606" free="390272" total="10485760" percent="3">
    <mem type="nursery" free="0" total="4194304" percent="0">
      <mem type="allocate" free="0" total="2621440" percent="0" />
      <mem type="survivor" free="0" total="1572864" percent="0" />
    </mem>
    <mem type="tenure" free="390272" total="6291456" percent="6">
      <mem type="soa" free="300832" total="5977088" percent="5" />
      <mem type="loa" free="89440" total="314368" percent="28" />
    </mem>
    <remembered-set count="329" />
  </mem-info>
</gc-start>
<allocation-stats totalBytes="1311904" >
  <allocated-bytes non-tlh="180328" tlh="1131576" />
  <largest-consumer threadName="Thread-7" threadId="0000000001764D00" bytes="475600" />
</allocation-stats>
<gc-op id="607" type="scavenge" timems="0.949" contextid="604" timestamp="2019-08-07T01:42:52.922">
  <scavenger-info tenureage="1" tenuremask="7ffe" tiltratio="62" />
  <memory-copied type="nursery" objects="1023" bytes="409488" bytesdiscarded="377776" />
  <memory-copied type="tenure" objects="2154" bytes="934728" bytesdiscarded="3272" />
  <heap-resize type="expand" space="tenure" amount="1114112" count="17" timems="0.296" reason="continue current collection" />
</gc-op>
<heap-resize id="608" type="expand" space="nursery" amount="262144" count="1" timems="0.011" reason="excessive time being spent scavenging" timestamp="2019-08-07T01:42:52.922" />
<gc-end id="609" type="scavenge" contextid="604" durationms="1.378" usertimems="4.000" systemtimems="0.000" timestamp="2019-08-07T01:42:52.922" activeThreads="5">
  <mem-info id="610" free="2443360" total="11862016" percent="20">
    <mem type="nursery" free="2030728" total="4456448" percent="45">
      <mem type="allocate" free="2030728" total="2818048" percent="72" />
      <mem type="survivor" free="0" total="1638400" percent="0" />
    </mem>
    <mem type="tenure" free="412632" total="7405568" percent="5">
      <mem type="soa" free="42968" total="7035904" percent="0" />
      <mem type="loa" free="369664" total="369664" percent="100" />
    </mem>
    <remembered-set count="272" />
  </mem-info>
</gc-end>
<cycle-end id="611" type="scavenge" contextid="604" timestamp="2019-08-07T01:42:52.922" />
  <attribute name="Current GC Util" value="10" />
  <attribute name= "Current Time Running" value="2569" />
<allocation-satisfied id="612" threadId="0000000001764D00" bytesRequested="16392" />
<af-end id="613" timestamp="2019-08-07T01:42:52.922" threadId="0000000001765688" success="true" from="nursery"/>
<exclusive-end id="614" timestamp="2019-08-07T01:42:52.922" durationms="1.936" />

<exclusive-start id="615" timestamp="2019-08-07T01:42:52.923" intervalms="2.182">
  <response-info timems="0.038" idlems="0.038" threads="0" lastid="0000000001764D00" lastname="Thread-7" />
</exclusive-start>
<concurrent-collection-start id="616" timestamp="2019-08-07T01:42:52.923" intervalms="117.048" >
  <concurrent-trace-info reason="card cleaning threshold reached" tracedByMutators="740888" tracedByHelpers="1341900" cardsCleaned="307" workStackOverflowCount="0" />
</concurrent-collection-start>
<gc-start id="617" type="global" contextid="588" timestamp="2019-08-07T01:42:52.923">
  <mem-info id="618" free="2250840" total="11862016" percent="18">
    <mem type="nursery" free="1838208" total="4456448" percent="41">
      <mem type="allocate" free="1838208" total="2818048" percent="65" />
      <mem type="survivor" free="0" total="1638400" percent="0" />
    </mem>
    <mem type="tenure" free="412632" total="7405568" percent="5">
      <mem type="soa" free="42968" total="7035904" percent="0" />
      <mem type="loa" free="369664" total="369664" percent="100" />
    </mem>
    <remembered-set count="278" />
  </mem-info>
</gc-start>
<allocation-stats totalBytes="192520" >
  <allocated-bytes non-tlh="16392" tlh="176128" />
  <largest-consumer threadName="Thread-7" threadId="0000000001764D00" bytes="53256" />
</allocation-stats>
<gc-op id="619" type="rs-scan" timems="0.165" contextid="588" timestamp="2019-08-07T01:42:52.923">
  <scan objectsFound="128" bytesTraced="29528" workStackOverflowCount="0" />
</gc-op>
<gc-op id="620" type="card-cleaning" timems="0.264" contextid="588" timestamp="2019-08-07T01:42:52.923">
  <card-cleaning cardsCleaned="120" bytesTraced="696160" workStackOverflowCount="0" />
</gc-op>
<gc-op id="621" type="mark" timems="0.595" contextid="588" timestamp="2019-08-07T01:42:52.924">
  <trace-info objectcount="1056" scancount="964" scanbytes="158480" />
  <finalization candidates="25" enqueued="0" />
  <references type="soft" candidates="168" cleared="0" enqueued="0" dynamicThreshold="11" maxThreshold="32" />
  <references type="weak" candidates="251" cleared="0" enqueued="0" />
  <references type="phantom" candidates="80" cleared="0" enqueued="0" />
  <stringconstants candidates="3948" cleared="0"  />
</gc-op>
<gc-op id="622" type="sweep" timems="0.277" contextid="588" timestamp="2019-08-07T01:42:52.924" />
<heap-resize id="623" type="contract" space="tenure" amount="327680" count="1" timems="0.058" reason="insufficient time being spent in gc" timestamp="2019-08-07T01:42:52.925" />
<gc-end id="624" type="global" contextid="588" durationms="1.869" usertimems="4.000" systemtimems="0.000" timestamp="2019-08-07T01:42:52.925" activeThreads="5">
  <mem-info id="625" free="4832672" total="11534336" percent="41">
    <mem type="nursery" free="2389480" total="4456448" percent="53">
      <mem type="allocate" free="2389480" total="2818048" percent="84" />
      <mem type="survivor" free="0" total="1638400" percent="0" />
    </mem>
    <mem type="tenure" free="2443192" total="7077888" percent="34" micro-fragmented="87371" macro-fragmented="0">
      <mem type="soa" free="2443192" total="6724608" percent="36" />
      <mem type="loa" free="0" total="353280" percent="0" />
    </mem>
    <remembered-set count="276" />
  </mem-info>
</gc-end>
<cycle-end id="626" type="global" contextid="588" timestamp="2019-08-07T01:42:52.925" />
  <attribute name="Current GC Util" value="129" />
  <attribute name= "Current Time Running" value="2572" />
<concurrent-collection-end id="627" timestamp="2019-08-07T01:42:52.925" />
<exclusive-end id="628" timestamp="2019-08-07T01:42:52.925" durationms="2.269" />

<exclusive-start id="629" timestamp="2019-08-07T01:42:52.948" intervalms="24.990">
  <response-info timems="0.121" idlems="0.121" threads="0" lastid="0000000001759900" lastname="Thread-4" />
</exclusive-start>
<af-start id="630" threadId="000000000175A288" totalBytesRequested="48" timestamp="2019-08-07T01:42:52.948" intervalms="27.151" type="nursery" />
<cycle-start id="631" type="scavenge" contextid="0" timestamp="2019-08-07T01:42:52.948" intervalms="27.153" />
<gc-start id="632" type="scavenge" contextid="631" timestamp="2019-08-07T01:42:52.948">
  <mem-info id="633" free="2443192" total="11534336" percent="21">
    <mem type="nursery" free="0" total="4456448" percent="0">
      <mem type="allocate" free="0" total="2818048" percent="0" />
      <mem type="survivor" free="0" total="1638400" percent="0" />
    </mem>
    <mem type="tenure" free="2443192" total="7077888" percent="34">
      <mem type="soa" free="2443192" total="6724608" percent="36" />
      <mem type="loa" free="0" total="353280" percent="0" />
    </mem>
    <remembered-set count="494" />
  </mem-info>
</gc-start>
<allocation-stats totalBytes="2342320" >
  <allocated-bytes non-tlh="411800" tlh="1930520" />
  <largest-consumer threadName="Thread-9" threadId="000000000176C500" bytes="443232" />
</allocation-stats>
<gc-op id="634" type="scavenge" timems="0.642" contextid="631" timestamp="2019-08-07T01:42:52.949">
  <scavenger-info tenureage="1" tenuremask="7ffe" tiltratio="63" />
  <memory-copied type="nursery" objects="2945" bytes="1214544" bytesdiscarded="272984" />
  <memory-copied type="tenure" objects="414" bytes="204144" bytesdiscarded="4984" />
  <references type="phantom" candidates="1" cleared="0" enqueued="0" />
</gc-op>
<gc-end id="635" type="scavenge" contextid="631" durationms="0.847" usertimems="4.000" systemtimems="0.000" timestamp="2019-08-07T01:42:52.949" activeThreads="5">
  <mem-info id="636" free="3026040" total="11534336" percent="26">
    <mem type="nursery" free="806144" total="4456448" percent="18">
      <mem type="allocate" free="806144" total="2293760" percent="35" />
      <mem type="survivor" free="0" total="2162688" percent="0" />
    </mem>
    <mem type="tenure" free="2219896" total="7077888" percent="31">
      <mem type="soa" free="2219896" total="6724608" percent="33" />
      <mem type="loa" free="0" total="353280" percent="0" />
    </mem>
    <remembered-set count="249" />
  </mem-info>
</gc-end>
<cycle-end id="637" type="scavenge" contextid="631" timestamp="2019-08-07T01:42:52.949" />
  <attribute name="Current GC Util" value="5" />
  <attribute name= "Current Time Running" value="2596" />
<allocation-satisfied id="638" threadId="0000000001759900" bytesRequested="48" />
<af-end id="639" timestamp="2019-08-07T01:42:52.949" threadId="000000000175A288" success="true" from="nursery"/>
<exclusive-end id="640" timestamp="2019-08-07T01:42:52.949" durationms="1.348" />

<exclusive-start id="641" timestamp="2019-08-07T01:42:52.964" intervalms="16.575">
  <response-info timems="0.065" idlems="0.065" threads="0" lastid="000000000176C500" lastname="Thread-9" />
</exclusive-start>
<af-start id="642" threadId="000000000176CE88" totalBytesRequested="48" timestamp="2019-08-07T01:42:52.964" intervalms="16.559" type="nursery" />
<cycle-start id="643" type="scavenge" contextid="0" timestamp="2019-08-07T01:42:52.964" intervalms="16.569" />
<gc-start id="644" type="scavenge" contextid="643" timestamp="2019-08-07T01:42:52.964">
  <mem-info id="645" free="2219896" total="11534336" percent="19">
    <mem type="nursery" free="0" total="4456448" percent="0">
      <mem type="allocate" free="0" total="2293760" percent="0" />
      <mem type="survivor" free="0" total="2162688" percent="0" />
    </mem>
    <mem type="tenure" free="2219896" total="7077888" percent="31">
      <mem type="soa" free="2219896" total="6724608" percent="33" />
      <mem type="loa" free="0" total="353280" percent="0" />
    </mem>
    <remembered-set count="360" />
  </mem-info>
</gc-start>
<allocation-stats totalBytes="796712" >
  <allocated-bytes non-tlh="32824" tlh="763888" />
  <largest-consumer threadName="Thread-6" threadId="0000000001761100" bytes="367648" />
</allocation-stats>
<gc-op id="646" type="scavenge" timems="0.632" contextid="643" timestamp="2019-08-07T01:42:52.965">
  <scavenger-info tenureage="1" tenuremask="7ffe" tiltratio="51" />
  <memory-copied type="nursery" objects="579" bytes="207504" bytesdiscarded="223872" />
  <memory-copied type="tenure" objects="2373" bytes="994536" bytesdiscarded="9648" />
  <references type="phantom" candidates="1" cleared="0" enqueued="0" />
</gc-op>
<gc-end id="647" type="scavenge" contextid="643" durationms="0.842" usertimems="0.000" systemtimems="4.000" timestamp="2019-08-07T01:42:52.965" activeThreads="5">
  <mem-info id="648" free="3272680" total="11534336" percent="28">
    <mem type="nursery" free="2058976" total="4456448" percent="46">
      <mem type="allocate" free="2058976" total="2490368" percent="82" />
      <mem type="survivor" free="0" total="1966080" percent="0" />
    </mem>
    <mem type="tenure" free="1213704" total="7077888" percent="17">
      <mem type="soa" free="1213704" total="6724608" percent="18" />
      <mem type="loa" free="0" total="353280" percent="0" />
    </mem>
    <remembered-set count="251" />
  </mem-info>
</gc-end>
<cycle-end id="649" type="scavenge" contextid="643" timestamp="2019-08-07T01:42:52.965" />
  <attribute name="Current GC Util" value="10" />
  <attribute name= "Current Time Running" value="2613" />
<allocation-satisfied id="650" threadId="000000000176C500" bytesRequested="48" />
<af-end id="651" timestamp="2019-08-07T01:42:52.965" threadId="000000000176CE88" success="true" from="nursery"/>
<exclusive-end id="652" timestamp="2019-08-07T01:42:52.965" durationms="1.340" />

<concurrent-kickoff id="653" timestamp="2019-08-07T01:42:53.016">
  <kickoff reason="threshold reached" targetBytes="2064793" thresholdFreeBytes="281066"  remainingFree="264848" tenureFreeBytes="1213704" nurseryFreeBytes="264848" />
</concurrent-kickoff>
<exclusive-start id="654" timestamp="2019-08-07T01:42:53.017" intervalms="52.671">
  <response-info timems="0.160" idlems="0.160" threads="0" lastid="0000000001759900" lastname="Thread-4" />
</exclusive-start>
<cycle-start id="655" type="global" contextid="0" timestamp="2019-08-07T01:42:53.017" intervalms="116.379" />
<exclusive-end id="656" timestamp="2019-08-07T01:42:53.017" durationms="0.152" />

<exclusive-start id="657" timestamp="2019-08-07T01:42:53.021" intervalms="3.803">
  <response-info timems="0.144" idlems="0.144" threads="0" lastid="0000000001759900" lastname="Thread-4" />
</exclusive-start>
<af-start id="658" threadId="000000000175A288" totalBytesRequested="32776" timestamp="2019-08-07T01:42:53.021" intervalms="56.477" type="nursery" />
<cycle-start id="659" type="scavenge" contextid="0" timestamp="2019-08-07T01:42:53.021" intervalms="56.476" />
<gc-start id="660" type="scavenge" contextid="659" timestamp="2019-08-07T01:42:53.021">
  <mem-info id="661" free="1216408" total="11534336" percent="10">
    <mem type="nursery" free="2704" total="4456448" percent="0">
      <mem type="allocate" free="2704" total="2490368" percent="0" />
      <mem type="survivor" free="0" total="1966080" percent="0" />
    </mem>
    <mem type="tenure" free="1213704" total="7077888" percent="17">
      <mem type="soa" free="1213704" total="6724608" percent="18" />
      <mem type="loa" free="0" total="353280" percent="0" />
    </mem>
    <remembered-set count="460" />
  </mem-info>
</gc-start>
<allocation-stats totalBytes="1955072" >
  <allocated-bytes non-tlh="114768" tlh="1840304" />
  <largest-consumer threadName="Thread-2" threadId="0000000001752100" bytes="441040" />
</allocation-stats>
<gc-op id="662" type="scavenge" timems="0.479" contextid="659" timestamp="2019-08-07T01:42:53.021">
  <scavenger-info tenureage="2" tenuremask="7ffc" tiltratio="55" />
  <memory-copied type="nursery" objects="2393" bytes="976568" bytesdiscarded="144568" />
</gc-op>
<gc-end id="663" type="scavenge" contextid="659" durationms="0.646" usertimems="0.000" systemtimems="0.000" timestamp="2019-08-07T01:42:53.022" activeThreads="5">
  <mem-info id="664" free="2582856" total="11534336" percent="22">
    <mem type="nursery" free="1369152" total="4456448" percent="30">
      <mem type="allocate" free="1369152" total="2490368" percent="54" />
      <mem type="survivor" free="0" total="1966080" percent="0" />
    </mem>
    <mem type="tenure" free="1213704" total="7077888" percent="17">
      <mem type="soa" free="1213704" total="6724608" percent="18" />
      <mem type="loa" free="0" total="353280" percent="0" />
    </mem>
    <remembered-set count="277" />
  </mem-info>
</gc-end>
<cycle-end id="665" type="scavenge" contextid="659" timestamp="2019-08-07T01:42:53.022" />
  <attribute name="Current GC Util" value="3" />
  <attribute name= "Current Time Running" value="2669" />
<allocation-satisfied id="666" threadId="0000000001759900" bytesRequested="32776" />
<af-end id="667" timestamp="2019-08-07T01:42:53.022" threadId="000000000175A288" success="true" from="nursery"/>
<exclusive-end id="668" timestamp="2019-08-07T01:42:53.022" durationms="1.087" />

<exclusive-start id="669" timestamp="2019-08-07T01:42:53.022" intervalms="1.186">
  <response-info timems="0.044" idlems="0.044" threads="0" lastid="000000000175D500" lastname="Thread-5" />
</exclusive-start>
<concurrent-collection-start id="670" timestamp="2019-08-07T01:42:53.022" intervalms="99.211" >
  <concurrent-trace-info reason="card cleaning threshold reached" tracedByMutators="1115044" tracedByHelpers="996024" cardsCleaned="116" workStackOverflowCount="0" />
</concurrent-collection-start>
<gc-start id="671" type="global" contextid="655" timestamp="2019-08-07T01:42:53.022">
  <mem-info id="672" free="2496832" total="11534336" percent="21">
    <mem type="nursery" free="1283128" total="4456448" percent="28">
      <mem type="allocate" free="1283128" total="2490368" percent="51" />
      <mem type="survivor" free="0" total="1966080" percent="0" />
    </mem>
    <mem type="tenure" free="1213704" total="7077888" percent="17">
      <mem type="soa" free="1213704" total="6724608" percent="18" />
      <mem type="loa" free="0" total="353280" percent="0" />
    </mem>
    <remembered-set count="277" />
  </mem-info>
</gc-start>
<allocation-stats totalBytes="86024" >
  <allocated-bytes non-tlh="32776" tlh="53248" />
  <largest-consumer threadName="Thread-4" threadId="0000000001759900" bytes="65544" />
</allocation-stats>
<gc-op id="673" type="rs-scan" timems="0.526" contextid="655" timestamp="2019-08-07T01:42:53.023">
  <scan objectsFound="183" bytesTraced="33776" workStackOverflowCount="0" />
</gc-op>
<gc-op id="674" type="card-cleaning" timems="0.368" contextid="655" timestamp="2019-08-07T01:42:53.023">
  <card-cleaning cardsCleaned="106" bytesTraced="433212" workStackOverflowCount="0" />
</gc-op>
<gc-op id="675" type="mark" timems="0.908" contextid="655" timestamp="2019-08-07T01:42:53.024">
  <trace-info objectcount="2276" scancount="1982" scanbytes="407988" />
  <finalization candidates="25" enqueued="0" />
  <references type="soft" candidates="168" cleared="0" enqueued="0" dynamicThreshold="11" maxThreshold="32" />
  <references type="weak" candidates="251" cleared="0" enqueued="0" />
  <references type="phantom" candidates="80" cleared="0" enqueued="0" />
  <stringconstants candidates="3948" cleared="0"  />
</gc-op>
<gc-op id="676" type="sweep" timems="0.405" contextid="655" timestamp="2019-08-07T01:42:53.024" />
<heap-resize id="677" type="contract" space="tenure" amount="262144" count="1" timems="0.043" reason="insufficient time being spent in gc" timestamp="2019-08-07T01:42:53.025" />
<gc-end id="678" type="global" contextid="655" durationms="2.869" usertimems="8.000" systemtimems="0.000" timestamp="2019-08-07T01:42:53.025" activeThreads="5">
  <mem-info id="679" free="4378928" total="11272192" percent="38">
    <mem type="nursery" free="1554080" total="4456448" percent="34">
      <mem type="allocate" free="1554080" total="2490368" percent="62" />
      <mem type="survivor" free="0" total="1966080" percent="0" />
    </mem>
    <mem type="tenure" free="2824848" total="6815744" percent="41" micro-fragmented="106370" macro-fragmented="0">
      <mem type="soa" free="2824848" total="6475776" percent="43" />
      <mem type="loa" free="0" total="339968" percent="0" />
    </mem>
    <remembered-set count="228" />
  </mem-info>
</gc-end>
<cycle-end id="680" type="global" contextid="655" timestamp="2019-08-07T01:42:53.025" />
  <attribute name="Current GC Util" value="84" />
  <attribute name= "Current Time Running" value="2672" />
<concurrent-collection-end id="681" timestamp="2019-08-07T01:42:53.025" />
<exclusive-end id="682" timestamp="2019-08-07T01:42:53.025" durationms="3.364" />

<exclusive-start id="683" timestamp="2019-08-07T01:42:53.064" intervalms="41.941">
  <response-info timems="0.048" idlems="0.048" threads="0" lastid="000000000175D500" lastname="Thread-5" />
</exclusive-start>
<af-start id="684" threadId="000000000175DE88" totalBytesRequested="16392" timestamp="2019-08-07T01:42:53.064" intervalms="43.112" type="nursery" />
<cycle-start id="685" type="scavenge" contextid="0" timestamp="2019-08-07T01:42:53.064" intervalms="43.108" />
<gc-start id="686" type="scavenge" contextid="685" timestamp="2019-08-07T01:42:53.064">
  <mem-info id="687" free="2824848" total="11272192" percent="25">
    <mem type="nursery" free="0" total="4456448" percent="0">
      <mem type="allocate" free="0" total="2490368" percent="0" />
      <mem type="survivor" free="0" total="1966080" percent="0" />
    </mem>
    <mem type="tenure" free="2824848" total="6815744" percent="41">
      <mem type="soa" free="2824848" total="6475776" percent="43" />
      <mem type="loa" free="0" total="339968" percent="0" />
    </mem>
    <remembered-set count="417" />
  </mem-info>
</gc-start>
<allocation-stats totalBytes="1495288" >
  <allocated-bytes non-tlh="213064" tlh="1282224" />
  <largest-consumer threadName="Thread-5" threadId="000000000175D500" bytes="486360" />
</allocation-stats>
<gc-op id="688" type="scavenge" timems="1.008" contextid="685" timestamp="2019-08-07T01:42:53.065">
  <scavenger-info tenureage="1" tenuremask="7ffe" tiltratio="55" />
  <memory-copied type="nursery" objects="1435" bytes="466496" bytesdiscarded="136696" />
  <memory-copied type="tenure" objects="2172" bytes="894880" bytesdiscarded="12744" />
  <references type="weak" candidates="1" cleared="0" enqueued="0" />
  <references type="phantom" candidates="1" cleared="0" enqueued="0" />
</gc-op>
<gc-end id="689" type="scavenge" contextid="685" durationms="1.204" usertimems="4.000" systemtimems="0.000" timestamp="2019-08-07T01:42:53.065" activeThreads="5">
  <mem-info id="690" free="3900440" total="11272192" percent="34">
    <mem type="nursery" free="2018200" total="4456448" percent="45">
      <mem type="allocate" free="2018200" total="2621440" percent="76" />
      <mem type="survivor" free="0" total="1835008" percent="0" />
    </mem>
    <mem type="tenure" free="1882240" total="6815744" percent="27">
      <mem type="soa" free="1882240" total="6475776" percent="29" />
      <mem type="loa" free="0" total="339968" percent="0" />
    </mem>
    <remembered-set count="280" />
  </mem-info>
</gc-end>
<cycle-end id="691" type="scavenge" contextid="685" timestamp="2019-08-07T01:42:53.065" />
  <attribute name="Current GC Util" value="4" />
  <attribute name= "Current Time Running" value="2712" />
<allocation-satisfied id="692" threadId="000000000175D500" bytesRequested="16392" />
<af-end id="693" timestamp="2019-08-07T01:42:53.065" threadId="000000000175DE88" success="true" from="nursery"/>
<exclusive-end id="694" timestamp="2019-08-07T01:42:53.065" durationms="1.746" />

<exclusive-start id="695" timestamp="2019-08-07T01:42:53.091" intervalms="26.927">
  <response-info timems="0.033" idlems="0.033" threads="0" lastid="0000000001768900" lastname="Thread-8" />
</exclusive-start>
<af-start id="696" threadId="0000000001769288" totalBytesRequested="2056" timestamp="2019-08-07T01:42:53.091" intervalms="26.974" type="nursery" />
<cycle-start id="697" type="scavenge" contextid="0" timestamp="2019-08-07T01:42:53.091" intervalms="26.969" />
<gc-start id="698" type="scavenge" contextid="697" timestamp="2019-08-07T01:42:53.091">
  <mem-info id="699" free="1882240" total="11272192" percent="16">
    <mem type="nursery" free="0" total="4456448" percent="0">
      <mem type="allocate" free="0" total="2621440" percent="0" />
      <mem type="survivor" free="0" total="1835008" percent="0" />
    </mem>
    <mem type="tenure" free="1882240" total="6815744" percent="27">
      <mem type="soa" free="1882240" total="6475776" percent="29" />
      <mem type="loa" free="0" total="339968" percent="0" />
    </mem>
    <remembered-set count="479" />
  </mem-info>
</gc-start>
<allocation-stats totalBytes="1891128" >
  <allocated-bytes non-tlh="196664" tlh="1694464" />
  <largest-consumer threadName="Thread-9" threadId="000000000176C500" bytes="411704" />
</allocation-stats>
<gc-op id="700" type="scavenge" timems="0.583" contextid="697" timestamp="2019-08-07T01:42:53.092">
  <scavenger-info tenureage="1" tenuremask="7ffe" tiltratio="58" />
  <memory-copied type="nursery" objects="2124" bytes="899640" bytesdiscarded="122184" />
  <memory-copied type="tenure" objects="809" bytes="341408" bytesdiscarded="3080" />
  <references type="phantom" candidates="3" cleared="0" enqueued="0" />
</gc-op>
<gc-end id="701" type="scavenge" contextid="697" durationms="0.804" usertimems="0.000" systemtimems="0.000" timestamp="2019-08-07T01:42:53.092" activeThreads="5">
  <mem-info id="702" free="3391088" total="11272192" percent="30">
    <mem type="nursery" free="1861672" total="4456448" percent="41">
      <mem type="allocate" free="1861672" total="2883584" percent="64" />
      <mem type="survivor" free="0" total="1572864" percent="0" />
    </mem>
    <mem type="tenure" free="1529416" total="6815744" percent="22">
      <mem type="soa" free="1529416" total="6475776" percent="23" />
      <mem type="loa" free="0" total="339968" percent="0" />
    </mem>
    <remembered-set count="263" />
  </mem-info>
</gc-end>
<cycle-end id="703" type="scavenge" contextid="697" timestamp="2019-08-07T01:42:53.092" />
  <attribute name="Current GC Util" value="6" />
  <attribute name= "Current Time Running" value="2739" />
<allocation-satisfied id="704" threadId="0000000001768900" bytesRequested="2056" />
<af-end id="705" timestamp="2019-08-07T01:42:53.092" threadId="0000000001769288" success="true" from="nursery"/>
<exclusive-end id="706" timestamp="2019-08-07T01:42:53.092" durationms="1.334" />

<exclusive-start id="707" timestamp="2019-08-07T01:42:53.104" intervalms="13.616">
  <response-info timems="0.044" idlems="0.044" threads="0" lastid="0000000001752100" lastname="Thread-2" />
</exclusive-start>
<af-start id="708" threadId="0000000001752A88" totalBytesRequested="32776" timestamp="2019-08-07T01:42:53.104" intervalms="13.551" type="nursery" />
<cycle-start id="709" type="scavenge" contextid="0" timestamp="2019-08-07T01:42:53.104" intervalms="13.559" />
<gc-start id="710" type="scavenge" contextid="709" timestamp="2019-08-07T01:42:53.105">
  <mem-info id="711" free="1529416" total="11272192" percent="13">
    <mem type="nursery" free="0" total="4456448" percent="0">
      <mem type="allocate" free="0" total="2883584" percent="0" />
      <mem type="survivor" free="0" total="1572864" percent="0" />
    </mem>
    <mem type="tenure" free="1529416" total="6815744" percent="22">
      <mem type="soa" free="1529416" total="6475776" percent="23" />
      <mem type="loa" free="0" total="339968" percent="0" />
    </mem>
    <remembered-set count="431" />
  </mem-info>
</gc-start>
<allocation-stats totalBytes="1756072" >
  <allocated-bytes non-tlh="198720" tlh="1557352" />
  <largest-consumer threadName="Thread-9" threadId="000000000176C500" bytes="453832" />
</allocation-stats>
<gc-op id="712" type="scavenge" timems="1.929" contextid="709" timestamp="2019-08-07T01:42:53.107">
  <scavenger-info tenureage="1" tenuremask="7ffe" tiltratio="64" />
  <memory-copied type="nursery" objects="1896" bytes="880608" bytesdiscarded="169672" />
  <memory-copied type="tenure" objects="1078" bytes="593008" bytesdiscarded="4544" />
  <references type="phantom" candidates="1" cleared="0" enqueued="0" />
</gc-op>
<heap-resize id="713" type="expand" space="nursery" amount="393216" count="1" timems="0.018" reason="excessive time being spent scavenging" timestamp="2019-08-07T01:42:53.107" />
<gc-end id="714" type="scavenge" contextid="709" durationms="2.229" usertimems="8.000" systemtimems="0.000" timestamp="2019-08-07T01:42:53.107" activeThreads="5">
  <mem-info id="715" free="3063256" total="11665408" percent="26">
    <mem type="nursery" free="2160904" total="4849664" percent="44">
      <mem type="allocate" free="2160904" total="3211264" percent="67" />
      <mem type="survivor" free="0" total="1638400" percent="0" />
    </mem>
    <mem type="tenure" free="902352" total="6815744" percent="13">
      <mem type="soa" free="902352" total="6475776" percent="13" />
      <mem type="loa" free="0" total="339968" percent="0" />
    </mem>
    <remembered-set count="265" />
  </mem-info>
</gc-end>
<cycle-end id="716" type="scavenge" contextid="709" timestamp="2019-08-07T01:42:53.107" />
  <attribute name="Current GC Util" value="11" />
  <attribute name= "Current Time Running" value="2753" />
<allocation-satisfied id="717" threadId="0000000001752100" bytesRequested="32776" />
<af-end id="718" timestamp="2019-08-07T01:42:53.107" threadId="0000000001752A88" success="true" from="nursery"/>
<exclusive-end id="719" timestamp="2019-08-07T01:42:53.107" durationms="2.741" />

<concurrent-kickoff id="720" timestamp="2019-08-07T01:42:53.127">
  <kickoff reason="threshold reached" targetBytes="2002287" thresholdFreeBytes="271645"  remainingFree="211184" tenureFreeBytes="902352" nurseryFreeBytes="211184" />
</concurrent-kickoff>
<exclusive-start id="721" timestamp="2019-08-07T01:42:53.127" intervalms="23.137">
  <response-info timems="0.065" idlems="0.065" threads="0" lastid="000000000176C500" lastname="Thread-9" />
</exclusive-start>
<cycle-start id="722" type="global" contextid="0" timestamp="2019-08-07T01:42:53.128" intervalms="110.629" />
<exclusive-end id="723" timestamp="2019-08-07T01:42:53.128" durationms="0.185" />

<exclusive-start id="724" timestamp="2019-08-07T01:42:53.138" intervalms="10.094">
  <response-info timems="0.110" idlems="0.110" threads="0" lastid="000000000175D500" lastname="Thread-5" />
</exclusive-start>
<af-start id="725" threadId="000000000175DE88" totalBytesRequested="48" timestamp="2019-08-07T01:42:53.138" intervalms="33.227" type="nursery" />
<cycle-start id="726" type="scavenge" contextid="0" timestamp="2019-08-07T01:42:53.138" intervalms="33.226" />
<gc-start id="727" type="scavenge" contextid="726" timestamp="2019-08-07T01:42:53.138">
  <mem-info id="728" free="902352" total="11665408" percent="7">
    <mem type="nursery" free="0" total="4849664" percent="0">
      <mem type="allocate" free="0" total="3211264" percent="0" />
      <mem type="survivor" free="0" total="1638400" percent="0" />
    </mem>
    <mem type="tenure" free="902352" total="6815744" percent="13">
      <mem type="soa" free="902352" total="6475776" percent="13" />
      <mem type="loa" free="0" total="339968" percent="0" />
    </mem>
    <remembered-set count="469" />
  </mem-info>
</gc-start>
<allocation-stats totalBytes="2076240" >
  <allocated-bytes non-tlh="147496" tlh="1928744" />
  <largest-consumer threadName="Thread-9" threadId="000000000176C500" bytes="479344" />
</allocation-stats>
<gc-op id="729" type="scavenge" timems="0.912" contextid="726" timestamp="2019-08-07T01:42:53.139">
  <scavenger-info tenureage="1" tenuremask="7ffe" tiltratio="66" />
  <memory-copied type="nursery" objects="2598" bytes="951256" bytesdiscarded="171408" />
  <memory-copied type="tenure" objects="870" bytes="488184" bytesdiscarded="296" />
  <references type="phantom" candidates="1" cleared="0" enqueued="0" />
</gc-op>
<gc-end id="730" type="scavenge" contextid="726" durationms="1.104" usertimems="4.000" systemtimems="0.000" timestamp="2019-08-07T01:42:53.139" activeThreads="5">
  <mem-info id="731" free="2923592" total="11665408" percent="25">
    <mem type="nursery" free="2481752" total="4849664" percent="51">
      <mem type="allocate" free="2481752" total="3604480" percent="68" />
      <mem type="survivor" free="0" total="1245184" percent="0" />
    </mem>
    <mem type="tenure" free="441840" total="6815744" percent="6">
      <mem type="soa" free="441840" total="6475776" percent="6" />
      <mem type="loa" free="0" total="339968" percent="0" />
    </mem>
    <remembered-set count="245" />
  </mem-info>
</gc-end>
<cycle-end id="732" type="scavenge" contextid="726" timestamp="2019-08-07T01:42:53.139" />
  <attribute name="Current GC Util" value="10" />
  <attribute name= "Current Time Running" value="2786" />
<allocation-satisfied id="733" threadId="000000000175D500" bytesRequested="48" />
<af-end id="734" timestamp="2019-08-07T01:42:53.139" threadId="000000000175DE88" success="true" from="nursery"/>
<exclusive-end id="735" timestamp="2019-08-07T01:42:53.139" durationms="1.612" />

<exclusive-start id="736" timestamp="2019-08-07T01:42:53.178" intervalms="40.157">
  <response-info timems="0.124" idlems="0.124" threads="0" lastid="0000000001759900" lastname="Thread-4" />
</exclusive-start>
<af-start id="737" threadId="000000000175A288" totalBytesRequested="16392" timestamp="2019-08-07T01:42:53.178" intervalms="40.168" type="nursery" />
<cycle-start id="738" type="scavenge" contextid="0" timestamp="2019-08-07T01:42:53.178" intervalms="40.153" />
<gc-start id="739" type="scavenge" contextid="738" timestamp="2019-08-07T01:42:53.178">
  <mem-info id="740" free="441840" total="11665408" percent="3">
    <mem type="nursery" free="0" total="4849664" percent="0">
      <mem type="allocate" free="0" total="3604480" percent="0" />
      <mem type="survivor" free="0" total="1245184" percent="0" />
    </mem>
    <mem type="tenure" free="441840" total="6815744" percent="6">
      <mem type="soa" free="441840" total="6475776" percent="6" />
      <mem type="loa" free="0" total="339968" percent="0" />
    </mem>
    <remembered-set count="374" />
  </mem-info>
</gc-start>
<allocation-stats totalBytes="2416248" >
  <allocated-bytes non-tlh="131152" tlh="2285096" />
  <largest-consumer threadName="Thread-2" threadId="0000000001752100" bytes="511752" />
</allocation-stats>
<gc-op id="741" type="scavenge" timems="0.480" contextid="738" timestamp="2019-08-07T01:42:53.178">
  <scavenger-info tenureage="1" tenuremask="7ffe" tiltratio="74" />
  <memory-copied type="nursery" objects="2274" bytes="909800" bytesdiscarded="180664" />
  <memory-copied type="tenure" objects="992" bytes="409536" bytesdiscarded="1304" />
</gc-op>
<gc-end id="742" type="scavenge" contextid="738" durationms="0.648" usertimems="0.000" systemtimems="0.000" timestamp="2019-08-07T01:42:53.179" activeThreads="5">
  <mem-info id="743" free="2581240" total="11665408" percent="22">
    <mem type="nursery" free="2579480" total="4849664" percent="53">
      <mem type="allocate" free="2579480" total="3670016" percent="70" />
      <mem type="survivor" free="0" total="1179648" percent="0" />
    </mem>
    <mem type="tenure" free="1760" total="6815744" percent="0">
      <mem type="soa" free="1760" total="6475776" percent="0" />
      <mem type="loa" free="0" total="339968" percent="0" />
    </mem>
    <remembered-set count="236" />
  </mem-info>
</gc-end>
<cycle-end id="744" type="scavenge" contextid="738" timestamp="2019-08-07T01:42:53.179" />
  <attribute name="Current GC Util" value="4" />
  <attribute name= "Current Time Running" value="2826" />
<allocation-satisfied id="745" threadId="0000000001759900" bytesRequested="16392" />
<af-end id="746" timestamp="2019-08-07T01:42:53.179" threadId="000000000175A288" success="true" from="nursery"/>
<exclusive-end id="747" timestamp="2019-08-07T01:42:53.179" durationms="1.046" />

<exclusive-start id="748" timestamp="2019-08-07T01:42:53.222" intervalms="44.421">
  <response-info timems="0.045" idlems="0.045" threads="0" lastid="000000000175D500" lastname="Thread-5" />
</exclusive-start>
<af-start id="749" threadId="000000000175DE88" totalBytesRequested="16392" timestamp="2019-08-07T01:42:53.222" intervalms="44.443" type="nursery" />
<percolate-collect id="750" from="nursery" to="global" reason="concurrent mark exhausted" timestamp="2019-08-07T01:42:53.222"/>
<gc-start id="751" type="global" contextid="722" timestamp="2019-08-07T01:42:53.222">
  <mem-info id="752" free="1760" total="11665408" percent="0">
    <mem type="nursery" free="0" total="4849664" percent="0">
      <mem type="allocate" free="0" total="3670016" percent="0" />
      <mem type="survivor" free="0" total="1179648" percent="0" />
    </mem>
    <mem type="tenure" free="1760" total="6815744" percent="0">
      <mem type="soa" free="1760" total="6475776" percent="0" />
      <mem type="loa" free="0" total="339968" percent="0" />
    </mem>
    <remembered-set count="404" />
  </mem-info>
</gc-start>
<allocation-stats totalBytes="2524736" >
  <allocated-bytes non-tlh="147496" tlh="2377240" />
  <largest-consumer threadName="Thread-4" threadId="0000000001759900" bytes="664136" />
</allocation-stats>
<concurrent-halted id="753" timestamp="2019-08-07T01:42:53.222">
  <halted state="Complete" status="exhausted" />
  <traced bytesTarget="2002287" bytesTotal="1851828" bytesByMutator="534840" bytesByHelper="1316988" percent="92" />
  <cards cleaned="128" thresholdBytes="107011" />
</concurrent-halted>
<gc-op id="754" type="rs-scan" timems="0.517" contextid="722" timestamp="2019-08-07T01:42:53.223">
  <scan objectsFound="63" bytesTraced="5576" workStackOverflowCount="0" />
</gc-op>
<gc-op id="755" type="card-cleaning" timems="0.473" contextid="722" timestamp="2019-08-07T01:42:53.224">
  <card-cleaning cardsCleaned="290" bytesTraced="799888" workStackOverflowCount="0" />
</gc-op>
<gc-op id="756" type="mark" timems="0.743" contextid="722" timestamp="2019-08-07T01:42:53.224">
  <trace-info objectcount="1004" scancount="876" scanbytes="149012" />
  <finalization candidates="25" enqueued="0" />
  <references type="soft" candidates="168" cleared="0" enqueued="0" dynamicThreshold="13" maxThreshold="32" />
  <references type="weak" candidates="251" cleared="0" enqueued="0" />
  <references type="phantom" candidates="80" cleared="0" enqueued="0" />
  <stringconstants candidates="3948" cleared="0"  />
</gc-op>
<gc-op id="757" type="sweep" timems="0.425" contextid="722" timestamp="2019-08-07T01:42:53.225" />
<heap-resize id="758" type="contract" space="tenure" amount="327680" count="1" timems="0.111" reason="insufficient time being spent in gc" timestamp="2019-08-07T01:42:53.225" />
<gc-end id="759" type="global" contextid="722" durationms="2.939" usertimems="4.000" systemtimems="0.000" timestamp="2019-08-07T01:42:53.225" activeThreads="5">
  <mem-info id="760" free="5336224" total="11337728" percent="47">
    <mem type="nursery" free="2590184" total="4849664" percent="53">
      <mem type="allocate" free="2590184" total="3670016" percent="70" />
      <mem type="survivor" free="0" total="1179648" percent="0" />
    </mem>
    <mem type="tenure" free="2746040" total="6488064" percent="42" micro-fragmented="87038" macro-fragmented="0">
      <mem type="soa" free="2484720" total="6164480" percent="40" />
      <mem type="loa" free="261320" total="323584" percent="80" />
    </mem>
    <remembered-set count="363" />
  </mem-info>
</gc-end>
<cycle-end id="761" type="global" contextid="722" timestamp="2019-08-07T01:42:53.225" />
  <attribute name="Current GC Util" value="132" />
  <attribute name= "Current Time Running" value="2872" />
<allocation-satisfied id="762" threadId="000000000175D500" bytesRequested="16392" />
<af-end id="763" timestamp="2019-08-07T01:42:53.226" threadId="000000000175DE88" success="true" from="nursery"/>
<exclusive-end id="764" timestamp="2019-08-07T01:42:53.226" durationms="3.716" />

<exclusive-start id="765" timestamp="2019-08-07T01:42:53.243" intervalms="20.494">
  <response-info timems="0.064" idlems="0.064" threads="0" lastid="0000000001761100" lastname="Thread-6" />
</exclusive-start>
<af-start id="766" threadId="0000000001761A88" totalBytesRequested="16392" timestamp="2019-08-07T01:42:53.243" intervalms="20.544" type="nursery" />
<cycle-start id="767" type="scavenge" contextid="0" timestamp="2019-08-07T01:42:53.243" intervalms="64.987" />
<gc-start id="768" type="scavenge" contextid="767" timestamp="2019-08-07T01:42:53.243">
  <mem-info id="769" free="2772664" total="11337728" percent="24">
    <mem type="nursery" free="26624" total="4849664" percent="0">
      <mem type="allocate" free="26624" total="3670016" percent="0" />
      <mem type="survivor" free="0" total="1179648" percent="0" />
    </mem>
    <mem type="tenure" free="2746040" total="6488064" percent="42">
      <mem type="soa" free="2484720" total="6164480" percent="40" />
      <mem type="loa" free="261320" total="323584" percent="80" />
    </mem>
    <remembered-set count="452" />
  </mem-info>
</gc-start>
<allocation-stats totalBytes="2499304" >
  <allocated-bytes non-tlh="756072" tlh="1743232" />
  <largest-consumer threadName="Thread-3" threadId="0000000001755D00" bytes="606784" />
</allocation-stats>
<gc-op id="770" type="scavenge" timems="0.615" contextid="767" timestamp="2019-08-07T01:42:53.244">
  <scavenger-info tenureage="1" tenuremask="7ffe" tiltratio="75" />
  <memory-copied type="nursery" objects="2703" bytes="1165760" bytesdiscarded="13752" />
  <memory-copied type="tenure" objects="1327" bytes="571928" bytesdiscarded="8792" />
  <copy-failed type="nursery" objects="496" bytes="228808" />
  <references type="phantom" candidates="1" cleared="0" enqueued="0" />
</gc-op>
<gc-end id="771" type="scavenge" contextid="767" durationms="0.777" usertimems="0.000" systemtimems="0.000" timestamp="2019-08-07T01:42:53.244" activeThreads="5">
  <mem-info id="772" free="3655624" total="11337728" percent="32">
    <mem type="nursery" free="1507328" total="4849664" percent="31">
      <mem type="allocate" free="1507328" total="2686976" percent="56" />
      <mem type="survivor" free="0" total="2162688" percent="0" />
    </mem>
    <mem type="tenure" free="2148296" total="6488064" percent="33">
      <mem type="soa" free="1886976" total="6164480" percent="30" />
      <mem type="loa" free="261320" total="323584" percent="80" />
    </mem>
    <remembered-set count="247" />
  </mem-info>
</gc-end>
<cycle-end id="773" type="scavenge" contextid="767" timestamp="2019-08-07T01:42:53.244" />
  <attribute name="Current GC Util" value="17" />
  <attribute name= "Current Time Running" value="2891" />
<allocation-satisfied id="774" threadId="0000000001761100" bytesRequested="16392" />
<af-end id="775" timestamp="2019-08-07T01:42:53.244" threadId="0000000001761A88" success="true" from="nursery"/>
<exclusive-end id="776" timestamp="2019-08-07T01:42:53.244" durationms="1.244" />

<exclusive-start id="777" timestamp="2019-08-07T01:42:53.260" intervalms="17.698">
  <response-info timems="0.055" idlems="0.055" threads="0" lastid="0000000001764D00" lastname="Thread-7" />
</exclusive-start>
<af-start id="778" threadId="0000000001765688" totalBytesRequested="48" timestamp="2019-08-07T01:42:53.260" intervalms="17.602" type="nursery" />
<cycle-start id="779" type="scavenge" contextid="0" timestamp="2019-08-07T01:42:53.260" intervalms="17.604" />
<gc-start id="780" type="scavenge" contextid="779" timestamp="2019-08-07T01:42:53.261">
  <mem-info id="781" free="2148296" total="11337728" percent="18">
    <mem type="nursery" free="0" total="4849664" percent="0">
      <mem type="allocate" free="0" total="2686976" percent="0" />
      <mem type="survivor" free="0" total="2162688" percent="0" />
    </mem>
    <mem type="tenure" free="2148296" total="6488064" percent="33">
      <mem type="soa" free="1886976" total="6164480" percent="30" />
      <mem type="loa" free="261320" total="323584" percent="80" />
    </mem>
    <remembered-set count="412" />
  </mem-info>
</gc-start>
<allocation-stats totalBytes="1422200" >
  <allocated-bytes non-tlh="81944" tlh="1340256" />
  <largest-consumer threadName="Thread-4" threadId="0000000001759900" bytes="293696" />
</allocation-stats>
<gc-op id="782" type="scavenge" timems="0.743" contextid="779" timestamp="2019-08-07T01:42:53.261">
  <scavenger-info tenureage="1" tenuremask="7ffe" tiltratio="55" />
  <memory-copied type="nursery" objects="1518" bytes="624592" bytesdiscarded="366864" />
  <memory-copied type="tenure" objects="1877" bytes="888672" bytesdiscarded="13584" />
  <references type="weak" candidates="1" cleared="0" enqueued="0" />
  <references type="phantom" candidates="1" cleared="0" enqueued="0" />
</gc-op>
<gc-end id="783" type="scavenge" contextid="779" durationms="0.931" usertimems="4.000" systemtimems="0.000" timestamp="2019-08-07T01:42:53.261" activeThreads="5">
  <mem-info id="784" free="3053632" total="11337728" percent="26">
    <mem type="nursery" free="1826552" total="4849664" percent="37">
      <mem type="allocate" free="1826552" total="2818048" percent="64" />
      <mem type="survivor" free="0" total="2031616" percent="0" />
    </mem>
    <mem type="tenure" free="1227080" total="6488064" percent="18">
      <mem type="soa" free="965760" total="6164480" percent="15" />
      <mem type="loa" free="261320" total="323584" percent="80" />
    </mem>
    <remembered-set count="215" />
  </mem-info>
</gc-end>
<cycle-end id="785" type="scavenge" contextid="779" timestamp="2019-08-07T01:42:53.262" />
  <attribute name="Current GC Util" value="10" />
  <attribute name= "Current Time Running" value="2909" />
<allocation-satisfied id="786" threadId="0000000001764D00" bytesRequested="48" />
<af-end id="787" timestamp="2019-08-07T01:42:53.262" threadId="0000000001765688" success="true" from="nursery"/>
<exclusive-end id="788" timestamp="2019-08-07T01:42:53.262" durationms="1.410" />

<concurrent-kickoff id="789" timestamp="2019-08-07T01:42:53.280">
  <kickoff reason="threshold reached" targetBytes="1878189" thresholdFreeBytes="254987"  remainingFree="249512" tenureFreeBytes="1227080" nurseryFreeBytes="249512" />
</concurrent-kickoff>
<exclusive-start id="790" timestamp="2019-08-07T01:42:53.280" intervalms="19.687">
  <response-info timems="0.109" idlems="0.062" threads="1" lastid="0000000001759900" lastname="Thread-4" />
</exclusive-start>
<cycle-start id="791" type="global" contextid="0" timestamp="2019-08-07T01:42:53.280" intervalms="152.537" />
<exclusive-end id="792" timestamp="2019-08-07T01:42:53.280" durationms="0.170" />

<exclusive-start id="793" timestamp="2019-08-07T01:42:53.288" intervalms="7.663">
  <response-info timems="0.060" idlems="0.060" threads="0" lastid="0000000001768900" lastname="Thread-8" />
</exclusive-start>
<af-start id="794" threadId="0000000001769288" totalBytesRequested="520" timestamp="2019-08-07T01:42:53.288" intervalms="27.410" type="nursery" />
<cycle-start id="795" type="scavenge" contextid="0" timestamp="2019-08-07T01:42:53.288" intervalms="27.420" />
<gc-start id="796" type="scavenge" contextid="795" timestamp="2019-08-07T01:42:53.288">
  <mem-info id="797" free="1227080" total="11337728" percent="10">
    <mem type="nursery" free="0" total="4849664" percent="0">
      <mem type="allocate" free="0" total="2818048" percent="0" />
      <mem type="survivor" free="0" total="2031616" percent="0" />
    </mem>
    <mem type="tenure" free="1227080" total="6488064" percent="18">
      <mem type="soa" free="965760" total="6164480" percent="15" />
      <mem type="loa" free="261320" total="323584" percent="80" />
    </mem>
    <remembered-set count="399" />
  </mem-info>
</gc-start>
<allocation-stats totalBytes="1769968" >
  <allocated-bytes non-tlh="114768" tlh="1655200" />
  <largest-consumer threadName="Thread-6" threadId="0000000001761100" bytes="464536" />
</allocation-stats>
<gc-op id="798" type="scavenge" timems="1.389" contextid="795" timestamp="2019-08-07T01:42:53.289">
  <scavenger-info tenureage="1" tenuremask="7ffe" tiltratio="58" />
  <memory-copied type="nursery" objects="2380" bytes="829456" bytesdiscarded="162600" />
  <memory-copied type="tenure" objects="851" bytes="450560" bytesdiscarded="2192" />
  <references type="phantom" candidates="1" cleared="0" enqueued="0" />
</gc-op>
<gc-end id="799" type="scavenge" contextid="795" durationms="1.594" usertimems="0.000" systemtimems="0.000" timestamp="2019-08-07T01:42:53.290" activeThreads="5">
  <mem-info id="800" free="2732616" total="11337728" percent="24">
    <mem type="nursery" free="2022536" total="4849664" percent="41">
      <mem type="allocate" free="2022536" total="3014656" percent="67" />
      <mem type="survivor" free="0" total="1835008" percent="0" />
    </mem>
    <mem type="tenure" free="710080" total="6488064" percent="10">
      <mem type="soa" free="448760" total="6164480" percent="7" />
      <mem type="loa" free="261320" total="323584" percent="80" />
    </mem>
    <remembered-set count="249" />
  </mem-info>
</gc-end>
<cycle-end id="801" type="scavenge" contextid="795" timestamp="2019-08-07T01:42:53.290" />
  <attribute name="Current GC Util" value="7" />
  <attribute name= "Current Time Running" value="2936" />
<allocation-satisfied id="802" threadId="0000000001768900" bytesRequested="520" />
<af-end id="803" timestamp="2019-08-07T01:42:53.291" threadId="0000000001769288" success="true" from="nursery"/>
<exclusive-end id="804" timestamp="2019-08-07T01:42:53.291" durationms="3.061" />

<exclusive-start id="805" timestamp="2019-08-07T01:42:53.327" intervalms="39.343">
  <response-info timems="0.067" idlems="0.067" threads="0" lastid="0000000001768900" lastname="Thread-8" />
</exclusive-start>
<af-start id="806" threadId="0000000001769288" totalBytesRequested="8200" timestamp="2019-08-07T01:42:53.327" intervalms="39.287" type="nursery" />
<percolate-collect id="807" from="nursery" to="global" reason="concurrent mark exhausted" timestamp="2019-08-07T01:42:53.327"/>
<gc-start id="808" type="global" contextid="791" timestamp="2019-08-07T01:42:53.327">
  <mem-info id="809" free="710080" total="11337728" percent="6">
    <mem type="nursery" free="0" total="4849664" percent="0">
      <mem type="allocate" free="0" total="3014656" percent="0" />
      <mem type="survivor" free="0" total="1835008" percent="0" />
    </mem>
    <mem type="tenure" free="710080" total="6488064" percent="10">
      <mem type="soa" free="448760" total="6164480" percent="7" />
      <mem type="loa" free="261320" total="323584" percent="80" />
    </mem>
    <remembered-set count="358" />
  </mem-info>
</gc-start>
<allocation-stats totalBytes="1938064" >
  <allocated-bytes non-tlh="115240" tlh="1822824" />
  <largest-consumer threadName="Thread-9" threadId="000000000176C500" bytes="467608" />
</allocation-stats>
<concurrent-halted id="810" timestamp="2019-08-07T01:42:53.327">
  <halted state="Complete" status="exhausted" />
  <traced bytesTarget="1878189" bytesTotal="2080508" bytesByMutator="860752" bytesByHelper="1219756" percent="110" />
  <cards cleaned="229" thresholdBytes="100449" />
</concurrent-halted>
<gc-op id="811" type="rs-scan" timems="0.763" contextid="791" timestamp="2019-08-07T01:42:53.328">
  <scan objectsFound="214" bytesTraced="44176" workStackOverflowCount="0" />
</gc-op>
<gc-op id="812" type="card-cleaning" timems="0.466" contextid="791" timestamp="2019-08-07T01:42:53.329">
  <card-cleaning cardsCleaned="72" bytesTraced="631284" workStackOverflowCount="0" />
</gc-op>
<gc-op id="813" type="mark" timems="1.718" contextid="791" timestamp="2019-08-07T01:42:53.330">
  <trace-info objectcount="875" scancount="777" scanbytes="196236" />
  <finalization candidates="25" enqueued="0" />
  <references type="soft" candidates="168" cleared="0" enqueued="0" dynamicThreshold="13" maxThreshold="32" />
  <references type="weak" candidates="251" cleared="0" enqueued="0" />
  <references type="phantom" candidates="81" cleared="0" enqueued="0" />
  <stringconstants candidates="3948" cleared="0"  />
</gc-op>
<gc-op id="814" type="sweep" timems="1.156" contextid="791" timestamp="2019-08-07T01:42:53.332" />
<heap-resize id="815" type="contract" space="tenure" amount="196608" count="1" timems="0.042" reason="insufficient time being spent in gc" timestamp="2019-08-07T01:42:53.332" />
<gc-end id="816" type="global" contextid="791" durationms="4.792" usertimems="0.000" systemtimems="8.000" timestamp="2019-08-07T01:42:53.332" activeThreads="5">
  <mem-info id="817" free="4419184" total="11141120" percent="39">
    <mem type="nursery" free="1990704" total="4849664" percent="41">
      <mem type="allocate" free="1990704" total="3014656" percent="66" />
      <mem type="survivor" free="0" total="1835008" percent="0" />
    </mem>
    <mem type="tenure" free="2428480" total="6291456" percent="38" micro-fragmented="81175" macro-fragmented="0">
      <mem type="soa" free="2149888" total="5977088" percent="35" />
      <mem type="loa" free="278592" total="314368" percent="88" />
    </mem>
    <remembered-set count="329" />
  </mem-info>
</gc-end>
<cycle-end id="818" type="global" contextid="791" timestamp="2019-08-07T01:42:53.332" />
  <attribute name="Current GC Util" value="138" />
  <attribute name= "Current Time Running" value="2979" />
<allocation-satisfied id="819" threadId="0000000001768900" bytesRequested="8200" />
<af-end id="820" timestamp="2019-08-07T01:42:53.332" threadId="0000000001769288" success="true" from="nursery"/>
<exclusive-end id="821" timestamp="2019-08-07T01:42:53.333" durationms="5.615" />

<exclusive-start id="822" timestamp="2019-08-07T01:42:53.366" intervalms="38.782">
  <response-info timems="0.047" idlems="0.026" threads="1" lastid="0000000001752100" lastname="Thread-2" />
</exclusive-start>
<af-start id="823" threadId="0000000001769288" totalBytesRequested="32776" timestamp="2019-08-07T01:42:53.366" intervalms="38.842" type="nursery" />
<cycle-start id="824" type="scavenge" contextid="0" timestamp="2019-08-07T01:42:53.366" intervalms="78.129" />
<gc-start id="825" type="scavenge" contextid="824" timestamp="2019-08-07T01:42:53.366">
  <mem-info id="826" free="2457752" total="11141120" percent="22">
    <mem type="nursery" free="29272" total="4849664" percent="0">
      <mem type="allocate" free="29272" total="3014656" percent="0" />
      <mem type="survivor" free="0" total="1835008" percent="0" />
    </mem>
    <mem type="tenure" free="2428480" total="6291456" percent="38">
      <mem type="soa" free="2149888" total="5977088" percent="35" />
      <mem type="loa" free="278592" total="314368" percent="88" />
    </mem>
    <remembered-set count="452" />
  </mem-info>
</gc-start>
<allocation-stats totalBytes="1914440" >
  <allocated-bytes non-tlh="538920" tlh="1375520" />
  <largest-consumer threadName="Thread-8" threadId="0000000001768900" bytes="554744" />
</allocation-stats>
<gc-op id="827" type="scavenge" timems="1.520" contextid="824" timestamp="2019-08-07T01:42:53.368">
  <scavenger-info tenureage="1" tenuremask="7ffe" tiltratio="62" />
  <memory-copied type="nursery" objects="2723" bytes="1003416" bytesdiscarded="164984" />
  <memory-copied type="tenure" objects="791" bytes="297600" bytesdiscarded="9992" />
  <references type="phantom" candidates="2" cleared="0" enqueued="0" />
</gc-op>
<gc-end id="828" type="scavenge" contextid="824" durationms="1.717" usertimems="4.000" systemtimems="4.000" timestamp="2019-08-07T01:42:53.368" activeThreads="5">
  <mem-info id="829" free="4018408" total="11141120" percent="36">
    <mem type="nursery" free="1911696" total="4849664" percent="39">
      <mem type="allocate" free="1911696" total="3080192" percent="62" />
      <mem type="survivor" free="0" total="1769472" percent="0" />
    </mem>
    <mem type="tenure" free="2106712" total="6291456" percent="33">
      <mem type="soa" free="1828120" total="5977088" percent="30" />
      <mem type="loa" free="278592" total="314368" percent="88" />
    </mem>
    <remembered-set count="275" />
  </mem-info>
</gc-end>
<cycle-end id="830" type="scavenge" contextid="824" timestamp="2019-08-07T01:42:53.368" />
  <attribute name="Current GC Util" value="12" />
  <attribute name= "Current Time Running" value="3014" />
<allocation-satisfied id="831" threadId="0000000001768900" bytesRequested="32776" />
<af-end id="832" timestamp="2019-08-07T01:42:53.368" threadId="0000000001769288" success="true" from="nursery"/>
<exclusive-end id="833" timestamp="2019-08-07T01:42:53.368" durationms="2.229" />

<exclusive-start id="834" timestamp="2019-08-07T01:42:53.383" intervalms="17.725">
  <response-info timems="0.060" idlems="0.033" threads="1" lastid="0000000001752100" lastname="Thread-2" />
</exclusive-start>
<af-start id="835" threadId="0000000001756688" totalBytesRequested="16392" timestamp="2019-08-07T01:42:53.384" intervalms="17.671" type="nursery" />
<cycle-start id="836" type="scavenge" contextid="0" timestamp="2019-08-07T01:42:53.384" intervalms="17.672" />
<gc-start id="837" type="scavenge" contextid="836" timestamp="2019-08-07T01:42:53.384">
  <mem-info id="838" free="2106712" total="11141120" percent="18">
    <mem type="nursery" free="0" total="4849664" percent="0">
      <mem type="allocate" free="0" total="3080192" percent="0" />
      <mem type="survivor" free="0" total="1769472" percent="0" />
    </mem>
    <mem type="tenure" free="2106712" total="6291456" percent="33">
      <mem type="soa" free="1828120" total="5977088" percent="30" />
      <mem type="loa" free="278592" total="314368" percent="88" />
    </mem>
    <remembered-set count="453" />
  </mem-info>
</gc-start>
<allocation-stats totalBytes="1856808" >
  <allocated-bytes non-tlh="180272" tlh="1676536" />
  <largest-consumer threadName="Thread-2" threadId="0000000001752100" bytes="491048" />
</allocation-stats>
<gc-op id="839" type="scavenge" timems="2.051" contextid="836" timestamp="2019-08-07T01:42:53.386">
  <scavenger-info tenureage="1" tenuremask="7ffe" tiltratio="63" />
  <memory-copied type="nursery" objects="2052" bytes="867848" bytesdiscarded="345424" />
  <memory-copied type="tenure" objects="2151" bytes="801208" bytesdiscarded="9744" />
</gc-op>
<heap-resize id="840" type="expand" space="nursery" amount="262144" count="1" timems="0.025" reason="excessive time being spent scavenging" timestamp="2019-08-07T01:42:53.386" />
<gc-end id="841" type="scavenge" contextid="836" durationms="2.361" usertimems="4.000" systemtimems="0.000" timestamp="2019-08-07T01:42:53.386" activeThreads="5">
  <mem-info id="842" free="3403056" total="11403264" percent="29">
    <mem type="nursery" free="2128984" total="5111808" percent="41">
      <mem type="allocate" free="2128984" total="3342336" percent="63" />
      <mem type="survivor" free="0" total="1769472" percent="0" />
    </mem>
    <mem type="tenure" free="1274072" total="6291456" percent="20">
      <mem type="soa" free="995480" total="5977088" percent="16" />
      <mem type="loa" free="278592" total="314368" percent="88" />
    </mem>
    <remembered-set count="242" />
  </mem-info>
</gc-end>
<cycle-end id="843" type="scavenge" contextid="836" timestamp="2019-08-07T01:42:53.386" />
  <attribute name="Current GC Util" value="14" />
  <attribute name= "Current Time Running" value="3032" />
<allocation-satisfied id="844" threadId="0000000001755D00" bytesRequested="16392" />
<af-end id="845" timestamp="2019-08-07T01:42:53.386" threadId="0000000001756688" success="true" from="nursery"/>
<exclusive-end id="846" timestamp="2019-08-07T01:42:53.386" durationms="2.816" />

<concurrent-kickoff id="847" timestamp="2019-08-07T01:42:53.397">
  <kickoff reason="threshold reached" targetBytes="1862406" thresholdFreeBytes="253698"  remainingFree="199768" tenureFreeBytes="1274072" nurseryFreeBytes="199768" />
</concurrent-kickoff>
<exclusive-start id="848" timestamp="2019-08-07T01:42:53.397" intervalms="13.640">
  <response-info timems="0.223" idlems="0.196" threads="1" lastid="000000000143B100" lastname="IProfiler" />
</exclusive-start>
<cycle-start id="849" type="global" contextid="0" timestamp="2019-08-07T01:42:53.397" intervalms="117.096" />
<exclusive-end id="850" timestamp="2019-08-07T01:42:53.397" durationms="0.114" />

<exclusive-start id="851" timestamp="2019-08-07T01:42:53.401" intervalms="4.167">
  <response-info timems="0.040" idlems="0.040" threads="0" lastid="0000000001764D00" lastname="Thread-7" />
</exclusive-start>
<af-start id="852" threadId="0000000001765688" totalBytesRequested="2056" timestamp="2019-08-07T01:42:53.401" intervalms="17.894" type="nursery" />
<cycle-start id="853" type="scavenge" contextid="0" timestamp="2019-08-07T01:42:53.402" intervalms="17.893" />
<gc-start id="854" type="scavenge" contextid="853" timestamp="2019-08-07T01:42:53.402">
  <mem-info id="855" free="1274072" total="11403264" percent="11">
    <mem type="nursery" free="0" total="5111808" percent="0">
      <mem type="allocate" free="0" total="3342336" percent="0" />
      <mem type="survivor" free="0" total="1769472" percent="0" />
    </mem>
    <mem type="tenure" free="1274072" total="6291456" percent="20">
      <mem type="soa" free="995480" total="5977088" percent="16" />
      <mem type="loa" free="278592" total="314368" percent="88" />
    </mem>
    <remembered-set count="430" />
  </mem-info>
</gc-start>
<allocation-stats totalBytes="2017328" >
  <allocated-bytes non-tlh="213064" tlh="1804264" />
  <largest-consumer threadName="Thread-3" threadId="0000000001755D00" bytes="575344" />
</allocation-stats>
<gc-op id="856" type="scavenge" timems="0.571" contextid="853" timestamp="2019-08-07T01:42:53.402">
  <scavenger-info tenureage="1" tenuremask="7ffe" tiltratio="65" />
  <memory-copied type="nursery" objects="2365" bytes="999560" bytesdiscarded="153928" />
  <memory-copied type="tenure" objects="1445" bytes="629672" bytesdiscarded="6056" />
  <references type="phantom" candidates="1" cleared="0" enqueued="0" />
</gc-op>
<gc-end id="857" type="scavenge" contextid="853" durationms="0.947" usertimems="4.000" systemtimems="0.000" timestamp="2019-08-07T01:42:53.403" activeThreads="5">
  <mem-info id="858" free="2877128" total="11403264" percent="25">
    <mem type="nursery" free="2385376" total="5111808" percent="46">
      <mem type="allocate" free="2385376" total="3538944" percent="67" />
      <mem type="survivor" free="0" total="1572864" percent="0" />
    </mem>
    <mem type="tenure" free="491752" total="6291456" percent="7">
      <mem type="soa" free="213160" total="5977088" percent="3" />
      <mem type="loa" free="278592" total="314368" percent="88" />
    </mem>
    <remembered-set count="242" />
  </mem-info>
</gc-end>
<cycle-end id="859" type="scavenge" contextid="853" timestamp="2019-08-07T01:42:53.403" />
  <attribute name="Current GC Util" value="18" />
  <attribute name= "Current Time Running" value="3050" />
<allocation-satisfied id="860" threadId="0000000001764D00" bytesRequested="2056" />
<af-end id="861" timestamp="2019-08-07T01:42:53.403" threadId="0000000001765688" success="true" from="nursery"/>
<exclusive-end id="862" timestamp="2019-08-07T01:42:53.403" durationms="1.504" />

<exclusive-start id="863" timestamp="2019-08-07T01:42:53.403" intervalms="1.619">
  <response-info timems="0.027" idlems="0.027" threads="0" lastid="000000000175D500" lastname="Thread-5" />
</exclusive-start>
<concurrent-collection-start id="864" timestamp="2019-08-07T01:42:53.403" intervalms="381.106" >
  <concurrent-trace-info reason="card cleaning threshold reached" tracedByMutators="558416" tracedByHelpers="1062400" cardsCleaned="108" workStackOverflowCount="0" />
</concurrent-collection-start>
<gc-start id="865" type="global" contextid="849" timestamp="2019-08-07T01:42:53.403">
  <mem-info id="866" free="2719424" total="11403264" percent="23">
    <mem type="nursery" free="2227672" total="5111808" percent="43">
      <mem type="allocate" free="2227672" total="3538944" percent="62" />
      <mem type="survivor" free="0" total="1572864" percent="0" />
    </mem>
    <mem type="tenure" free="491752" total="6291456" percent="7">
      <mem type="soa" free="213160" total="5977088" percent="3" />
      <mem type="loa" free="278592" total="314368" percent="88" />
    </mem>
    <remembered-set count="242" />
  </mem-info>
</gc-start>
<allocation-stats totalBytes="157704" >
  <allocated-bytes non-tlh="2056" tlh="155648" />
  <largest-consumer threadName="Thread-3" threadId="0000000001755D00" bytes="45056" />
</allocation-stats>
<gc-op id="867" type="rs-scan" timems="0.700" contextid="849" timestamp="2019-08-07T01:42:53.404">
  <scan objectsFound="104" bytesTraced="21544" workStackOverflowCount="0" />
</gc-op>
<gc-op id="868" type="card-cleaning" timems="0.428" contextid="849" timestamp="2019-08-07T01:42:53.404">
  <card-cleaning cardsCleaned="139" bytesTraced="716880" workStackOverflowCount="0" />
</gc-op>
<gc-op id="869" type="mark" timems="0.715" contextid="849" timestamp="2019-08-07T01:42:53.405">
  <trace-info objectcount="855" scancount="753" scanbytes="110944" />
  <finalization candidates="25" enqueued="0" />
  <references type="soft" candidates="168" cleared="0" enqueued="0" dynamicThreshold="12" maxThreshold="32" />
  <references type="weak" candidates="251" cleared="0" enqueued="0" />
  <references type="phantom" candidates="81" cleared="0" enqueued="0" />
  <stringconstants candidates="3948" cleared="0"  />
</gc-op>
<gc-op id="870" type="sweep" timems="0.386" contextid="849" timestamp="2019-08-07T01:42:53.406" />
<gc-end id="871" type="global" contextid="849" durationms="2.733" usertimems="4.000" systemtimems="0.000" timestamp="2019-08-07T01:42:53.406" activeThreads="5">
  <mem-info id="872" free="5225840" total="11403264" percent="45">
    <mem type="nursery" free="2608496" total="5111808" percent="51">
      <mem type="allocate" free="2608496" total="3538944" percent="73" />
      <mem type="survivor" free="0" total="1572864" percent="0" />
    </mem>
    <mem type="tenure" free="2617344" total="6291456" percent="41" micro-fragmented="149070" macro-fragmented="0">
      <mem type="soa" free="2338752" total="5977088" percent="39" />
      <mem type="loa" free="278592" total="314368" percent="88" />
    </mem>
    <remembered-set count="208" />
  </mem-info>
</gc-end>
<cycle-end id="873" type="global" contextid="849" timestamp="2019-08-07T01:42:53.406" />
  <attribute name="Current GC Util" value="112" />
  <attribute name= "Current Time Running" value="3053" />
<concurrent-collection-end id="874" timestamp="2019-08-07T01:42:53.406" />
<exclusive-end id="875" timestamp="2019-08-07T01:42:53.406" durationms="3.218" />

<exclusive-start id="876" timestamp="2019-08-07T01:42:53.442" intervalms="39.557">
  <response-info timems="0.050" idlems="0.050" threads="0" lastid="0000000001764D00" lastname="Thread-7" />
</exclusive-start>
<af-start id="877" threadId="0000000001765688" totalBytesRequested="48" timestamp="2019-08-07T01:42:53.443" intervalms="41.088" type="nursery" />
<cycle-start id="878" type="scavenge" contextid="0" timestamp="2019-08-07T01:42:53.443" intervalms="41.091" />
<gc-start id="879" type="scavenge" contextid="878" timestamp="2019-08-07T01:42:53.443">
  <mem-info id="880" free="2617344" total="11403264" percent="22">
    <mem type="nursery" free="0" total="5111808" percent="0">
      <mem type="allocate" free="0" total="3538944" percent="0" />
      <mem type="survivor" free="0" total="1572864" percent="0" />
    </mem>
    <mem type="tenure" free="2617344" total="6291456" percent="41">
      <mem type="soa" free="2338752" total="5977088" percent="39" />
      <mem type="loa" free="278592" total="314368" percent="88" />
    </mem>
    <remembered-set count="445" />
  </mem-info>
</gc-start>
<allocation-stats totalBytes="2502864" >
  <allocated-bytes non-tlh="180272" tlh="2322592" />
  <largest-consumer threadName="Thread-4" threadId="0000000001759900" bytes="542944" />
</allocation-stats>
<gc-op id="881" type="scavenge" timems="0.714" contextid="878" timestamp="2019-08-07T01:42:53.444">
  <scavenger-info tenureage="1" tenuremask="7ffe" tiltratio="69" />
  <memory-copied type="nursery" objects="2714" bytes="1045496" bytesdiscarded="281160" />
  <memory-copied type="tenure" objects="1172" bytes="504464" bytesdiscarded="8888" />
  <references type="phantom" candidates="1" cleared="0" enqueued="0" />
</gc-op>
<gc-end id="882" type="scavenge" contextid="878" durationms="1.090" usertimems="0.000" systemtimems="0.000" timestamp="2019-08-07T01:42:53.444" activeThreads="5">
  <mem-info id="883" free="4372056" total="11403264" percent="38">
    <mem type="nursery" free="2277744" total="5111808" percent="44">
      <mem type="allocate" free="2277744" total="3604480" percent="63" />
      <mem type="survivor" free="0" total="1507328" percent="0" />
    </mem>
    <mem type="tenure" free="2094312" total="6291456" percent="33">
      <mem type="soa" free="1815720" total="5977088" percent="30" />
      <mem type="loa" free="278592" total="314368" percent="88" />
    </mem>
    <remembered-set count="265" />
  </mem-info>
</gc-end>
<cycle-end id="884" type="scavenge" contextid="878" timestamp="2019-08-07T01:42:53.444" />
  <attribute name="Current GC Util" value="3" />
  <attribute name= "Current Time Running" value="3091" />
<allocation-satisfied id="885" threadId="0000000001764D00" bytesRequested="48" />
<af-end id="886" timestamp="2019-08-07T01:42:53.444" threadId="0000000001765688" success="true" from="nursery"/>
<exclusive-end id="887" timestamp="2019-08-07T01:42:53.444" durationms="1.559" />

<exclusive-start id="888" timestamp="2019-08-07T01:42:53.494" intervalms="51.956">
  <response-info timems="0.047" idlems="0.047" threads="0" lastid="0000000001755D00" lastname="Thread-3" />
</exclusive-start>
<af-start id="889" threadId="0000000001756688" totalBytesRequested="16392" timestamp="2019-08-07T01:42:53.495" intervalms="52.002" type="nursery" />
<cycle-start id="890" type="scavenge" contextid="0" timestamp="2019-08-07T01:42:53.495" intervalms="52.001" />
<gc-start id="891" type="scavenge" contextid="890" timestamp="2019-08-07T01:42:53.495">
  <mem-info id="892" free="2094312" total="11403264" percent="18">
    <mem type="nursery" free="0" total="5111808" percent="0">
      <mem type="allocate" free="0" total="3604480" percent="0" />
      <mem type="survivor" free="0" total="1507328" percent="0" />
    </mem>
    <mem type="tenure" free="2094312" total="6291456" percent="33">
      <mem type="soa" free="1815720" total="5977088" percent="30" />
      <mem type="loa" free="278592" total="314368" percent="88" />
    </mem>
    <remembered-set count="453" />
  </mem-info>
</gc-start>
<allocation-stats totalBytes="2224960" >
  <allocated-bytes non-tlh="65600" tlh="2159360" />
  <largest-consumer threadName="Thread-3" threadId="0000000001755D00" bytes="678792" />
</allocation-stats>
<gc-op id="893" type="scavenge" timems="0.645" contextid="890" timestamp="2019-08-07T01:42:53.495">
  <scavenger-info tenureage="1" tenuremask="7ffe" tiltratio="70" />
  <memory-copied type="nursery" objects="985" bytes="363400" bytesdiscarded="45752" />
  <memory-copied type="tenure" objects="2037" bytes="823832" bytesdiscarded="11688" />
</gc-op>
<gc-end id="894" type="scavenge" contextid="890" durationms="0.852" usertimems="4.000" systemtimems="0.000" timestamp="2019-08-07T01:42:53.496" activeThreads="5">
  <mem-info id="895" free="4490056" total="11403264" percent="39">
    <mem type="nursery" free="3260824" total="5111808" percent="63">
      <mem type="allocate" free="3260824" total="3670016" percent="88" />
      <mem type="survivor" free="0" total="1441792" percent="0" />
    </mem>
    <mem type="tenure" free="1229232" total="6291456" percent="19">
      <mem type="soa" free="950640" total="5977088" percent="15" />
      <mem type="loa" free="278592" total="314368" percent="88" />
    </mem>
    <remembered-set count="251" />
  </mem-info>
</gc-end>
<cycle-end id="896" type="scavenge" contextid="890" timestamp="2019-08-07T01:42:53.496" />
  <attribute name="Current GC Util" value="3" />
  <attribute name= "Current Time Running" value="3143" />
<allocation-satisfied id="897" threadId="0000000001755D00" bytesRequested="16392" />
<af-end id="898" timestamp="2019-08-07T01:42:53.496" threadId="0000000001756688" success="true" from="nursery"/>
<exclusive-end id="899" timestamp="2019-08-07T01:42:53.496" durationms="1.366" />

<concurrent-kickoff id="900" timestamp="2019-08-07T01:42:53.525">
  <kickoff reason="threshold reached" targetBytes="1809273" thresholdFreeBytes="246261"  remainingFree="246112" tenureFreeBytes="1229232" nurseryFreeBytes="246112" />
</concurrent-kickoff>
<exclusive-start id="901" timestamp="2019-08-07T01:42:53.525" intervalms="30.609">
  <response-info timems="0.055" idlems="0.055" threads="0" lastid="000000000176C500" lastname="Thread-9" />
</exclusive-start>
<cycle-start id="902" type="global" contextid="0" timestamp="2019-08-07T01:42:53.525" intervalms="127.905" />
<exclusive-end id="903" timestamp="2019-08-07T01:42:53.525" durationms="0.107" />

<exclusive-start id="904" timestamp="2019-08-07T01:42:53.526" intervalms="1.157">
  <response-info timems="0.049" idlems="0.026" threads="1" lastid="0000000001752100" lastname="Thread-2" />
</exclusive-start>
<af-start id="905" threadId="000000000175A288" totalBytesRequested="48" timestamp="2019-08-07T01:42:53.526" intervalms="31.695" type="nursery" />
<cycle-start id="906" type="scavenge" contextid="0" timestamp="2019-08-07T01:42:53.526" intervalms="31.679" />
<gc-start id="907" type="scavenge" contextid="906" timestamp="2019-08-07T01:42:53.526">
  <mem-info id="908" free="1229232" total="11403264" percent="10">
    <mem type="nursery" free="0" total="5111808" percent="0">
      <mem type="allocate" free="0" total="3670016" percent="0" />
      <mem type="survivor" free="0" total="1441792" percent="0" />
    </mem>
    <mem type="tenure" free="1229232" total="6291456" percent="19">
      <mem type="soa" free="950640" total="5977088" percent="15" />
      <mem type="loa" free="278592" total="314368" percent="88" />
    </mem>
    <remembered-set count="492" />
  </mem-info>
</gc-start>
<allocation-stats totalBytes="3136712" >
  <allocated-bytes non-tlh="196664" tlh="2940048" />
  <largest-consumer threadName="Thread-5" threadId="000000000175D500" bytes="819968" />
</allocation-stats>
<gc-op id="909" type="scavenge" timems="0.508" contextid="906" timestamp="2019-08-07T01:42:53.527">
  <scavenger-info tenureage="2" tenuremask="7ffc" tiltratio="71" />
  <memory-copied type="nursery" objects="3090" bytes="1359472" bytesdiscarded="82184" />
  <memory-copied type="tenure" objects="558" bytes="157776" bytesdiscarded="1096" />
  <copy-failed type="nursery" objects="558" bytes="157784" />
  <references type="phantom" candidates="2" cleared="0" enqueued="0" />
</gc-op>
<gc-end id="910" type="scavenge" contextid="906" durationms="0.671" usertimems="4.000" systemtimems="0.000" timestamp="2019-08-07T01:42:53.527" activeThreads="5">
  <mem-info id="911" free="2182880" total="11403264" percent="19">
    <mem type="nursery" free="1114112" total="5111808" percent="21">
      <mem type="allocate" free="1114112" total="2555904" percent="43" />
      <mem type="survivor" free="0" total="2555904" percent="0" />
    </mem>
    <mem type="tenure" free="1068768" total="6291456" percent="16">
      <mem type="soa" free="790176" total="5977088" percent="13" />
      <mem type="loa" free="278592" total="314368" percent="88" />
    </mem>
    <remembered-set count="321" />
  </mem-info>
</gc-end>
<cycle-end id="912" type="scavenge" contextid="906" timestamp="2019-08-07T01:42:53.527" />
  <attribute name="Current GC Util" value="4" />
  <attribute name= "Current Time Running" value="3174" />
<allocation-satisfied id="913" threadId="0000000001759900" bytesRequested="48" />
<af-end id="914" timestamp="2019-08-07T01:42:53.528" threadId="000000000175A288" success="true" from="nursery"/>
<exclusive-end id="915" timestamp="2019-08-07T01:42:53.528" durationms="1.691" />

<exclusive-start id="916" timestamp="2019-08-07T01:42:53.529" intervalms="2.465">
  <response-info timems="0.045" idlems="0.045" threads="0" lastid="0000000001761100" lastname="Thread-6" />
</exclusive-start>
<concurrent-collection-start id="917" timestamp="2019-08-07T01:42:53.529" intervalms="125.735" >
  <concurrent-trace-info reason="card cleaning threshold reached" tracedByMutators="1017960" tracedByHelpers="535544" cardsCleaned="82" workStackOverflowCount="0" />
</concurrent-collection-start>
<gc-start id="918" type="global" contextid="902" timestamp="2019-08-07T01:42:53.529">
  <mem-info id="919" free="1851056" total="11403264" percent="16">
    <mem type="nursery" free="782288" total="5111808" percent="15">
      <mem type="allocate" free="782288" total="2555904" percent="30" />
      <mem type="survivor" free="0" total="2555904" percent="0" />
    </mem>
    <mem type="tenure" free="1068768" total="6291456" percent="16">
      <mem type="soa" free="790176" total="5977088" percent="13" />
      <mem type="loa" free="278592" total="314368" percent="88" />
    </mem>
    <remembered-set count="348" />
  </mem-info>
</gc-start>
<allocation-stats totalBytes="331016" >
  <allocated-bytes non-tlh="48" tlh="330968" />
  <largest-consumer threadName="Thread-9" threadId="000000000176C500" bytes="68824" />
</allocation-stats>
<gc-op id="920" type="rs-scan" timems="0.165" contextid="902" timestamp="2019-08-07T01:42:53.529">
  <scan objectsFound="132" bytesTraced="22936" workStackOverflowCount="0" />
</gc-op>
<gc-op id="921" type="card-cleaning" timems="0.164" contextid="902" timestamp="2019-08-07T01:42:53.529">
  <card-cleaning cardsCleaned="43" bytesTraced="378764" workStackOverflowCount="0" />
</gc-op>
<gc-op id="922" type="mark" timems="0.535" contextid="902" timestamp="2019-08-07T01:42:53.530">
  <trace-info objectcount="1979" scancount="1719" scanbytes="316964" />
  <finalization candidates="25" enqueued="0" />
  <references type="soft" candidates="168" cleared="0" enqueued="0" dynamicThreshold="13" maxThreshold="32" />
  <references type="weak" candidates="251" cleared="0" enqueued="0" />
  <references type="phantom" candidates="82" cleared="0" enqueued="0" />
  <stringconstants candidates="3948" cleared="0"  />
</gc-op>
<gc-op id="923" type="sweep" timems="0.207" contextid="902" timestamp="2019-08-07T01:42:53.530" />
<gc-end id="924" type="global" contextid="902" durationms="1.351" usertimems="4.000" systemtimems="0.000" timestamp="2019-08-07T01:42:53.530" activeThreads="5">
  <mem-info id="925" free="4265736" total="11403264" percent="37">
    <mem type="nursery" free="1345064" total="5111808" percent="26">
      <mem type="allocate" free="1345064" total="2555904" percent="52" />
      <mem type="survivor" free="0" total="2555904" percent="0" />
    </mem>
    <mem type="tenure" free="2920672" total="6291456" percent="46" micro-fragmented="119066" macro-fragmented="0">
      <mem type="soa" free="2642080" total="5977088" percent="44" />
      <mem type="loa" free="278592" total="314368" percent="88" />
    </mem>
    <remembered-set count="251" />
  </mem-info>
</gc-end>
<cycle-end id="926" type="global" contextid="902" timestamp="2019-08-07T01:42:53.530" />
  <attribute name="Current GC Util" value="133" />
  <attribute name= "Current Time Running" value="3178" />
<concurrent-collection-end id="927" timestamp="2019-08-07T01:42:53.530" />
<exclusive-end id="928" timestamp="2019-08-07T01:42:53.530" durationms="1.589" />

<exclusive-start id="929" timestamp="2019-08-07T01:42:53.539" intervalms="9.949">
  <response-info timems="0.035" idlems="0.035" threads="0" lastid="0000000001761100" lastname="Thread-6" />
</exclusive-start>
<af-start id="930" threadId="0000000001761A88" totalBytesRequested="2056" timestamp="2019-08-07T01:42:53.539" intervalms="12.569" type="nursery" />
<cycle-start id="931" type="scavenge" contextid="0" timestamp="2019-08-07T01:42:53.539" intervalms="12.569" />
<gc-start id="932" type="scavenge" contextid="931" timestamp="2019-08-07T01:42:53.539">
  <mem-info id="933" free="2920672" total="11403264" percent="25">
    <mem type="nursery" free="0" total="5111808" percent="0">
      <mem type="allocate" free="0" total="2555904" percent="0" />
      <mem type="survivor" free="0" total="2555904" percent="0" />
    </mem>
    <mem type="tenure" free="2920672" total="6291456" percent="46">
      <mem type="soa" free="2642080" total="5977088" percent="44" />
      <mem type="loa" free="278592" total="314368" percent="88" />
    </mem>
    <remembered-set count="373" />
  </mem-info>
</gc-start>
<allocation-stats totalBytes="1269176" >
  <allocated-bytes non-tlh="221264" tlh="1047912" />
  <largest-consumer threadName="Thread-9" threadId="000000000176C500" bytes="371352" />
</allocation-stats>
<gc-op id="934" type="scavenge" timems="0.514" contextid="931" timestamp="2019-08-07T01:42:53.540">
  <scavenger-info tenureage="1" tenuremask="7ffe" tiltratio="50" />
  <memory-copied type="nursery" objects="1617" bytes="644592" bytesdiscarded="298304" />
  <memory-copied type="tenure" objects="2008" bytes="812456" bytesdiscarded="12152" />
  <references type="phantom" candidates="2" cleared="0" enqueued="0" />
</gc-op>
<gc-end id="935" type="scavenge" contextid="931" durationms="0.668" usertimems="4.000" systemtimems="0.000" timestamp="2019-08-07T01:42:53.540" activeThreads="5">
  <mem-info id="936" free="3694288" total="11403264" percent="32">
    <mem type="nursery" free="1612952" total="5111808" percent="31">
      <mem type="allocate" free="1612952" total="2555904" percent="63" />
      <mem type="survivor" free="0" total="2555904" percent="0" />
    </mem>
    <mem type="tenure" free="2081336" total="6291456" percent="33">
      <mem type="soa" free="1802744" total="5977088" percent="30" />
      <mem type="loa" free="278592" total="314368" percent="88" />
    </mem>
    <remembered-set count="230" />
  </mem-info>
</gc-end>
<cycle-end id="937" type="scavenge" contextid="931" timestamp="2019-08-07T01:42:53.540" />
  <attribute name="Current GC Util" value="12" />
  <attribute name= "Current Time Running" value="3187" />
<allocation-satisfied id="938" threadId="0000000001761100" bytesRequested="2056" />
<af-end id="939" timestamp="2019-08-07T01:42:53.540" threadId="0000000001761A88" success="true" from="nursery"/>
<exclusive-end id="940" timestamp="2019-08-07T01:42:53.540" durationms="1.164" />

<exclusive-start id="941" timestamp="2019-08-07T01:42:53.559" intervalms="19.977">
  <response-info timems="0.050" idlems="0.050" threads="0" lastid="0000000001755D00" lastname="Thread-3" />
</exclusive-start>
<af-start id="942" threadId="0000000001756688" totalBytesRequested="16392" timestamp="2019-08-07T01:42:53.559" intervalms="19.906" type="nursery" />
<cycle-start id="943" type="scavenge" contextid="0" timestamp="2019-08-07T01:42:53.559" intervalms="20.118" />
<gc-start id="944" type="scavenge" contextid="943" timestamp="2019-08-07T01:42:53.559">
  <mem-info id="945" free="2081336" total="11403264" percent="18">
    <mem type="nursery" free="0" total="5111808" percent="0">
      <mem type="allocate" free="0" total="2555904" percent="0" />
      <mem type="survivor" free="0" total="2555904" percent="0" />
    </mem>
    <mem type="tenure" free="2081336" total="6291456" percent="33">
      <mem type="soa" free="1802744" total="5977088" percent="30" />
      <mem type="loa" free="278592" total="314368" percent="88" />
    </mem>
    <remembered-set count="411" />
  </mem-info>
</gc-start>
<allocation-stats totalBytes="1537824" >
  <allocated-bytes non-tlh="133168" tlh="1404656" />
  <largest-consumer threadName="Thread-2" threadId="0000000001752100" bytes="419488" />
</allocation-stats>
<gc-op id="946" type="scavenge" timems="0.580" contextid="943" timestamp="2019-08-07T01:42:53.560">
  <scavenger-info tenureage="1" tenuremask="7ffe" tiltratio="50" />
  <memory-copied type="nursery" objects="1183" bytes="648112" bytesdiscarded="62104" />
  <memory-copied type="tenure" objects="1000" bytes="438360" bytesdiscarded="5352" />
</gc-op>
<gc-end id="947" type="scavenge" contextid="943" durationms="0.781" usertimems="0.000" systemtimems="0.000" timestamp="2019-08-07T01:42:53.560" activeThreads="5">
  <mem-info id="948" free="3671184" total="11403264" percent="32">
    <mem type="nursery" free="2042240" total="5111808" percent="39">
      <mem type="allocate" free="2042240" total="2752512" percent="74" />
      <mem type="survivor" free="0" total="2359296" percent="0" />
    </mem>
    <mem type="tenure" free="1628944" total="6291456" percent="25">
      <mem type="soa" free="1350352" total="5977088" percent="22" />
      <mem type="loa" free="278592" total="314368" percent="88" />
    </mem>
    <remembered-set count="268" />
  </mem-info>
</gc-end>
<cycle-end id="949" type="scavenge" contextid="943" timestamp="2019-08-07T01:42:53.560" />
  <attribute name="Current GC Util" value="7" />
  <attribute name= "Current Time Running" value="3207" />
<allocation-satisfied id="950" threadId="0000000001755D00" bytesRequested="16392" />
<af-end id="951" timestamp="2019-08-07T01:42:53.560" threadId="0000000001756688" success="true" from="nursery"/>
<exclusive-end id="952" timestamp="2019-08-07T01:42:53.560" durationms="1.509" />

<exclusive-start id="953" timestamp="2019-08-07T01:42:53.601" intervalms="42.379">
  <response-info timems="0.073" idlems="0.041" threads="1" lastid="0000000001759900" lastname="Thread-4" />
</exclusive-start>
<af-start id="954" threadId="0000000001769288" totalBytesRequested="8200" timestamp="2019-08-07T01:42:53.601" intervalms="42.315" type="nursery" />
<cycle-start id="955" type="scavenge" contextid="0" timestamp="2019-08-07T01:42:53.601" intervalms="42.114" />
<gc-start id="956" type="scavenge" contextid="955" timestamp="2019-08-07T01:42:53.601">
  <mem-info id="957" free="1628944" total="11403264" percent="14">
    <mem type="nursery" free="0" total="5111808" percent="0">
      <mem type="allocate" free="0" total="2752512" percent="0" />
      <mem type="survivor" free="0" total="2359296" percent="0" />
    </mem>
    <mem type="tenure" free="1628944" total="6291456" percent="25">
      <mem type="soa" free="1350352" total="5977088" percent="22" />
      <mem type="loa" free="278592" total="314368" percent="88" />
    </mem>
    <remembered-set count="465" />
  </mem-info>
</gc-start>
<allocation-stats totalBytes="2008904" >
  <allocated-bytes non-tlh="147496" tlh="1861408" />
  <largest-consumer threadName="Thread-6" threadId="0000000001761100" bytes="515096" />
</allocation-stats>
<gc-op id="958" type="scavenge" timems="1.515" contextid="955" timestamp="2019-08-07T01:42:53.603">
  <scavenger-info tenureage="1" tenuremask="7ffe" tiltratio="53" />
  <memory-copied type="nursery" objects="1602" bytes="678408" bytesdiscarded="184368" />
  <memory-copied type="tenure" objects="1030" bytes="507384" bytesdiscarded="3352" />
  <references type="phantom" candidates="1" cleared="0" enqueued="0" />
</gc-op>
<gc-end id="959" type="scavenge" contextid="955" durationms="1.733" usertimems="8.000" systemtimems="0.000" timestamp="2019-08-07T01:42:53.603" activeThreads="5">
  <mem-info id="960" free="3331064" total="11403264" percent="29">
    <mem type="nursery" free="2217360" total="5111808" percent="43">
      <mem type="allocate" free="2217360" total="3080192" percent="71" />
      <mem type="survivor" free="0" total="2031616" percent="0" />
    </mem>
    <mem type="tenure" free="1113704" total="6291456" percent="17">
      <mem type="soa" free="835112" total="5977088" percent="13" />
      <mem type="loa" free="278592" total="314368" percent="88" />
    </mem>
    <remembered-set count="246" />
  </mem-info>
</gc-end>
<cycle-end id="961" type="scavenge" contextid="955" timestamp="2019-08-07T01:42:53.603" />
  <attribute name="Current GC Util" value="3" />
  <attribute name= "Current Time Running" value="3249" />
<allocation-satisfied id="962" threadId="0000000001768900" bytesRequested="8200" />
<af-end id="963" timestamp="2019-08-07T01:42:53.603" threadId="0000000001769288" success="true" from="nursery"/>
<exclusive-end id="964" timestamp="2019-08-07T01:42:53.603" durationms="2.208" />

<concurrent-kickoff id="965" timestamp="2019-08-07T01:42:53.628">
  <kickoff reason="threshold reached" targetBytes="1752502" thresholdFreeBytes="234439"  remainingFree="193896" tenureFreeBytes="1113704" nurseryFreeBytes="193896" />
</concurrent-kickoff>
<exclusive-start id="966" timestamp="2019-08-07T01:42:53.628" intervalms="27.259">
  <response-info timems="0.223" idlems="0.118" threads="1" lastid="0000000001752100" lastname="Thread-2" />
</exclusive-start>
<cycle-start id="967" type="global" contextid="0" timestamp="2019-08-07T01:42:53.628" intervalms="103.184" />
<exclusive-end id="968" timestamp="2019-08-07T01:42:53.628" durationms="0.106" />

<exclusive-start id="969" timestamp="2019-08-07T01:42:53.645" intervalms="16.467">
  <response-info timems="0.037" idlems="0.037" threads="0" lastid="0000000001752100" lastname="Thread-2" />
</exclusive-start>
<af-start id="970" threadId="0000000001752A88" totalBytesRequested="32776" timestamp="2019-08-07T01:42:53.645" intervalms="43.845" type="nursery" />
<cycle-start id="971" type="scavenge" contextid="0" timestamp="2019-08-07T01:42:53.645" intervalms="43.843" />
<gc-start id="972" type="scavenge" contextid="971" timestamp="2019-08-07T01:42:53.645">
  <mem-info id="973" free="1113704" total="11403264" percent="9">
    <mem type="nursery" free="0" total="5111808" percent="0">
      <mem type="allocate" free="0" total="3080192" percent="0" />
      <mem type="survivor" free="0" total="2031616" percent="0" />
    </mem>
    <mem type="tenure" free="1113704" total="6291456" percent="17">
      <mem type="soa" free="835112" total="5977088" percent="13" />
      <mem type="loa" free="278592" total="314368" percent="88" />
    </mem>
    <remembered-set count="480" />
  </mem-info>
</gc-start>
<allocation-stats totalBytes="2205800" >
  <allocated-bytes non-tlh="106536" tlh="2099264" />
  <largest-consumer threadName="Thread-3" threadId="0000000001755D00" bytes="523616" />
</allocation-stats>
<gc-op id="974" type="scavenge" timems="0.523" contextid="971" timestamp="2019-08-07T01:42:53.646">
  <scavenger-info tenureage="1" tenuremask="7ffe" tiltratio="60" />
  <memory-copied type="nursery" objects="2554" bytes="826088" bytesdiscarded="202104" />
  <memory-copied type="tenure" objects="991" bytes="552440" bytesdiscarded="3784" />
</gc-op>
<gc-end id="975" type="scavenge" contextid="971" durationms="0.705" usertimems="0.000" systemtimems="4.000" timestamp="2019-08-07T01:42:53.646" activeThreads="5">
  <mem-info id="976" free="2660296" total="11403264" percent="23">
    <mem type="nursery" free="2183000" total="5111808" percent="42">
      <mem type="allocate" free="2183000" total="3211264" percent="67" />
      <mem type="survivor" free="0" total="1900544" percent="0" />
    </mem>
    <mem type="tenure" free="477296" total="6291456" percent="7">
      <mem type="soa" free="198704" total="5977088" percent="3" />
      <mem type="loa" free="278592" total="314368" percent="88" />
    </mem>
    <remembered-set count="263" />
  </mem-info>
</gc-end>
<cycle-end id="977" type="scavenge" contextid="971" timestamp="2019-08-07T01:42:53.646" />
  <attribute name="Current GC Util" value="6" />
  <attribute name= "Current Time Running" value="3293" />
<allocation-satisfied id="978" threadId="0000000001752100" bytesRequested="32776" />
<af-end id="979" timestamp="2019-08-07T01:42:53.647" threadId="0000000001752A88" success="true" from="nursery"/>
<exclusive-end id="980" timestamp="2019-08-07T01:42:53.647" durationms="1.947" />

<exclusive-start id="981" timestamp="2019-08-07T01:42:53.666" intervalms="20.988">
  <response-info timems="0.092" idlems="0.092" threads="0" lastid="0000000001768900" lastname="Thread-8" />
</exclusive-start>
<af-start id="982" threadId="0000000001769288" totalBytesRequested="8200" timestamp="2019-08-07T01:42:53.666" intervalms="20.912" type="nursery" />
<percolate-collect id="983" from="nursery" to="global" reason="concurrent mark exhausted" timestamp="2019-08-07T01:42:53.666"/>
<gc-start id="984" type="global" contextid="967" timestamp="2019-08-07T01:42:53.666">
  <mem-info id="985" free="477296" total="11403264" percent="4">
    <mem type="nursery" free="0" total="5111808" percent="0">
      <mem type="allocate" free="0" total="3211264" percent="0" />
      <mem type="survivor" free="0" total="1900544" percent="0" />
    </mem>
    <mem type="tenure" free="477296" total="6291456" percent="7">
      <mem type="soa" free="198704" total="5977088" percent="3" />
      <mem type="loa" free="278592" total="314368" percent="88" />
    </mem>
    <remembered-set count="381" />
  </mem-info>
</gc-start>
<allocation-stats totalBytes="2052000" >
  <allocated-bytes non-tlh="180272" tlh="1871728" />
  <largest-consumer threadName="Thread-2" threadId="0000000001752100" bytes="650248" />
</allocation-stats>
<concurrent-halted id="986" timestamp="2019-08-07T01:42:53.666">
  <halted state="Complete" status="exhausted" />
  <traced bytesTarget="1752502" bytesTotal="1849164" bytesByMutator="576020" bytesByHelper="1273144" percent="105" />
  <cards cleaned="235" thresholdBytes="92354" />
</concurrent-halted>
<gc-op id="987" type="rs-scan" timems="0.743" contextid="967" timestamp="2019-08-07T01:42:53.667">
  <scan objectsFound="198" bytesTraced="35616" workStackOverflowCount="0" />
</gc-op>
<gc-op id="988" type="card-cleaning" timems="0.880" contextid="967" timestamp="2019-08-07T01:42:53.668">
  <card-cleaning cardsCleaned="65" bytesTraced="636940" workStackOverflowCount="0" />
</gc-op>
<gc-op id="989" type="mark" timems="1.677" contextid="967" timestamp="2019-08-07T01:42:53.670">
  <trace-info objectcount="1068" scancount="933" scanbytes="285152" />
  <finalization candidates="25" enqueued="0" />
  <references type="soft" candidates="168" cleared="0" enqueued="0" dynamicThreshold="14" maxThreshold="32" />
  <references type="weak" candidates="251" cleared="0" enqueued="0" />
  <references type="phantom" candidates="82" cleared="0" enqueued="0" />
  <stringconstants candidates="3948" cleared="0"  />
</gc-op>
<gc-op id="990" type="sweep" timems="1.125" contextid="967" timestamp="2019-08-07T01:42:53.671" />
<gc-end id="991" type="global" contextid="967" durationms="4.945" usertimems="12.000" systemtimems="0.000" timestamp="2019-08-07T01:42:53.671" activeThreads="5">
  <mem-info id="992" free="4436920" total="11403264" percent="38">
    <mem type="nursery" free="1977264" total="5111808" percent="38">
      <mem type="allocate" free="1977264" total="3211264" percent="61" />
      <mem type="survivor" free="0" total="1900544" percent="0" />
    </mem>
    <mem type="tenure" free="2459656" total="6291456" percent="39" micro-fragmented="129682" macro-fragmented="0">
      <mem type="soa" free="2181064" total="5977088" percent="36" />
      <mem type="loa" free="278592" total="314368" percent="88" />
    </mem>
    <remembered-set count="323" />
  </mem-info>
</gc-end>
<cycle-end id="993" type="global" contextid="967" timestamp="2019-08-07T01:42:53.671" />
  <attribute name="Current GC Util" value="128" />
  <attribute name= "Current Time Running" value="3318" />
<allocation-satisfied id="994" threadId="0000000001768900" bytesRequested="8200" />
<af-end id="995" timestamp="2019-08-07T01:42:53.671" threadId="0000000001769288" success="true" from="nursery"/>
<exclusive-end id="996" timestamp="2019-08-07T01:42:53.671" durationms="5.499" />

<exclusive-start id="997" timestamp="2019-08-07T01:42:53.688" intervalms="22.316">
  <response-info timems="0.047" idlems="0.047" threads="0" lastid="000000000176C500" lastname="Thread-9" />
</exclusive-start>
<af-start id="998" threadId="000000000176CE88" totalBytesRequested="16392" timestamp="2019-08-07T01:42:53.688" intervalms="22.350" type="nursery" />
<cycle-start id="999" type="scavenge" contextid="0" timestamp="2019-08-07T01:42:53.688" intervalms="43.270" />
<gc-start id="1000" type="scavenge" contextid="999" timestamp="2019-08-07T01:42:53.688">
  <mem-info id="1001" free="2504864" total="11403264" percent="21">
    <mem type="nursery" free="45208" total="5111808" percent="0">
      <mem type="allocate" free="45208" total="3211264" percent="1" />
      <mem type="survivor" free="0" total="1900544" percent="0" />
    </mem>
    <mem type="tenure" free="2459656" total="6291456" percent="39">
      <mem type="soa" free="2181064" total="5977088" percent="36" />
      <mem type="loa" free="278592" total="314368" percent="88" />
    </mem>
    <remembered-set count="437" />
  </mem-info>
</gc-start>
<allocation-stats totalBytes="1852840" >
  <allocated-bytes non-tlh="504040" tlh="1348800" />
  <largest-consumer threadName="Thread-4" threadId="0000000001759900" bytes="534392" />
</allocation-stats>
<gc-op id="1002" type="scavenge" timems="1.478" contextid="999" timestamp="2019-08-07T01:42:53.690">
  <scavenger-info tenureage="1" tenuremask="7ffe" tiltratio="62" />
  <memory-copied type="nursery" objects="3141" bytes="1293248" bytesdiscarded="131272" />
  <memory-copied type="tenure" objects="726" bytes="331896" bytesdiscarded="7112" />
  <references type="phantom" candidates="1" cleared="0" enqueued="0" />
</gc-op>
<gc-end id="1003" type="scavenge" contextid="999" durationms="1.686" usertimems="4.000" systemtimems="0.000" timestamp="2019-08-07T01:42:53.690" activeThreads="5">
  <mem-info id="1004" free="3832792" total="11403264" percent="33">
    <mem type="nursery" free="1721080" total="5111808" percent="33">
      <mem type="allocate" free="1721080" total="3145728" percent="54" />
      <mem type="survivor" free="0" total="1966080" percent="0" />
    </mem>
    <mem type="tenure" free="2111712" total="6291456" percent="33">
      <mem type="soa" free="1833120" total="5977088" percent="30" />
      <mem type="loa" free="278592" total="314368" percent="88" />
    </mem>
    <remembered-set count="232" />
  </mem-info>
</gc-end>
<cycle-end id="1005" type="scavenge" contextid="999" timestamp="2019-08-07T01:42:53.690" />
  <attribute name="Current GC Util" value="21" />
  <attribute name= "Current Time Running" value="3336" />
<allocation-satisfied id="1006" threadId="000000000176C500" bytesRequested="16392" />
<af-end id="1007" timestamp="2019-08-07T01:42:53.690" threadId="000000000176CE88" success="true" from="nursery"/>
<exclusive-end id="1008" timestamp="2019-08-07T01:42:53.690" durationms="2.219" />

<exclusive-start id="1009" timestamp="2019-08-07T01:42:53.708" intervalms="20.368">
  <response-info timems="0.096" idlems="0.096" threads="0" lastid="0000000001759900" lastname="Thread-4" />
</exclusive-start>
<af-start id="1010" threadId="000000000175A288" totalBytesRequested="48" timestamp="2019-08-07T01:42:53.709" intervalms="20.381" type="nursery" />
<cycle-start id="1011" type="scavenge" contextid="0" timestamp="2019-08-07T01:42:53.709" intervalms="20.376" />
<gc-start id="1012" type="scavenge" contextid="1011" timestamp="2019-08-07T01:42:53.709">
  <mem-info id="1013" free="2111712" total="11403264" percent="18">
    <mem type="nursery" free="0" total="5111808" percent="0">
      <mem type="allocate" free="0" total="3145728" percent="0" />
      <mem type="survivor" free="0" total="1966080" percent="0" />
    </mem>
    <mem type="tenure" free="2111712" total="6291456" percent="33">
      <mem type="soa" free="1833120" total="5977088" percent="30" />
      <mem type="loa" free="278592" total="314368" percent="88" />
    </mem>
    <remembered-set count="401" />
  </mem-info>
</gc-start>
<allocation-stats totalBytes="1688304" >
  <allocated-bytes non-tlh="131112" tlh="1557192" />
  <largest-consumer threadName="Thread-5" threadId="000000000175D500" bytes="491408" />
</allocation-stats>
<gc-op id="1014" type="scavenge" timems="0.605" contextid="1011" timestamp="2019-08-07T01:42:53.709">
  <scavenger-info tenureage="1" tenuremask="7ffe" tiltratio="61" />
  <memory-copied type="nursery" objects="1874" bytes="760144" bytesdiscarded="183872" />
  <memory-copied type="tenure" objects="2480" bytes="1085088" bytesdiscarded="14488" />
</gc-op>
<gc-end id="1015" type="scavenge" contextid="1011" durationms="0.786" usertimems="0.000" systemtimems="0.000" timestamp="2019-08-07T01:42:53.709" activeThreads="5">
  <mem-info id="1016" free="3257032" total="11403264" percent="28">
    <mem type="nursery" free="2267192" total="5111808" percent="44">
      <mem type="allocate" free="2267192" total="3211264" percent="70" />
      <mem type="survivor" free="0" total="1900544" percent="0" />
    </mem>
    <mem type="tenure" free="989840" total="6291456" percent="15">
      <mem type="soa" free="711248" total="5977088" percent="11" />
      <mem type="loa" free="278592" total="314368" percent="88" />
    </mem>
    <remembered-set count="256" />
  </mem-info>
</gc-end>
<cycle-end id="1017" type="scavenge" contextid="1011" timestamp="2019-08-07T01:42:53.710" />
  <attribute name="Current GC Util" value="13" />
  <attribute name= "Current Time Running" value="3357" />
<allocation-satisfied id="1018" threadId="0000000001759900" bytesRequested="48" />
<af-end id="1019" timestamp="2019-08-07T01:42:53.710" threadId="000000000175A288" success="true" from="nursery"/>
<exclusive-end id="1020" timestamp="2019-08-07T01:42:53.710" durationms="1.292" />

<concurrent-kickoff id="1021" timestamp="2019-08-07T01:42:53.736">
  <kickoff reason="threshold reached" targetBytes="1774549" thresholdFreeBytes="239542"  remainingFree="219176" tenureFreeBytes="989840" nurseryFreeBytes="219176" />
</concurrent-kickoff>
<exclusive-start id="1022" timestamp="2019-08-07T01:42:53.736" intervalms="28.093">
  <response-info timems="0.084" idlems="0.050" threads="1" lastid="000000000175D500" lastname="Thread-5" />
</exclusive-start>
<cycle-start id="1023" type="global" contextid="0" timestamp="2019-08-07T01:42:53.737" intervalms="108.289" />
<exclusive-end id="1024" timestamp="2019-08-07T01:42:53.737" durationms="0.172" />

<exclusive-start id="1025" timestamp="2019-08-07T01:42:53.740" intervalms="3.392">
  <response-info timems="0.051" idlems="0.048" threads="1" lastid="000000000175D500" lastname="Thread-5" />
</exclusive-start>
<af-start id="1026" threadId="0000000001769288" totalBytesRequested="16392" timestamp="2019-08-07T01:42:53.740" intervalms="31.455" type="nursery" />
<cycle-start id="1027" type="scavenge" contextid="0" timestamp="2019-08-07T01:42:53.740" intervalms="31.455" />
<gc-start id="1028" type="scavenge" contextid="1027" timestamp="2019-08-07T01:42:53.740">
  <mem-info id="1029" free="989840" total="11403264" percent="8">
    <mem type="nursery" free="0" total="5111808" percent="0">
      <mem type="allocate" free="0" total="3211264" percent="0" />
      <mem type="survivor" free="0" total="1900544" percent="0" />
    </mem>
    <mem type="tenure" free="989840" total="6291456" percent="15">
      <mem type="soa" free="711248" total="5977088" percent="11" />
      <mem type="loa" free="278592" total="314368" percent="88" />
    </mem>
    <remembered-set count="454" />
  </mem-info>
</gc-start>
<allocation-stats totalBytes="2174984" >
  <allocated-bytes non-tlh="163928" tlh="2011056" />
  <largest-consumer threadName="Thread-7" threadId="0000000001764D00" bytes="536208" />
</allocation-stats>
<gc-op id="1030" type="scavenge" timems="1.300" contextid="1027" timestamp="2019-08-07T01:42:53.742">
  <scavenger-info tenureage="1" tenuremask="7ffe" tiltratio="62" />
  <memory-copied type="nursery" objects="2260" bytes="910600" bytesdiscarded="119384" />
  <memory-copied type="tenure" objects="281" bytes="218360" bytesdiscarded="3312" />
  <references type="weak" candidates="1" cleared="0" enqueued="0" />
  <references type="phantom" candidates="1" cleared="0" enqueued="0" />
</gc-op>
<gc-end id="1031" type="scavenge" contextid="1027" durationms="1.517" usertimems="4.000" systemtimems="0.000" timestamp="2019-08-07T01:42:53.742" activeThreads="5">
  <mem-info id="1032" free="3067760" total="11403264" percent="26">
    <mem type="nursery" free="2312272" total="5111808" percent="45">
      <mem type="allocate" free="2312272" total="3342336" percent="69" />
      <mem type="survivor" free="0" total="1769472" percent="0" />
    </mem>
    <mem type="tenure" free="755488" total="6291456" percent="12">
      <mem type="soa" free="476896" total="5977088" percent="7" />
      <mem type="loa" free="278592" total="314368" percent="88" />
    </mem>
    <remembered-set count="236" />
  </mem-info>
</gc-end>
<cycle-end id="1033" type="scavenge" contextid="1027" timestamp="2019-08-07T01:42:53.742" />
  <attribute name="Current GC Util" value="5" />
  <attribute name= "Current Time Running" value="3388" />
<allocation-satisfied id="1034" threadId="0000000001768900" bytesRequested="16392" />
<af-end id="1035" timestamp="2019-08-07T01:42:53.743" threadId="0000000001769288" success="true" from="nursery"/>
<exclusive-end id="1036" timestamp="2019-08-07T01:42:53.743" durationms="2.964" />

<exclusive-start id="1037" timestamp="2019-08-07T01:42:53.790" intervalms="50.097">
  <response-info timems="0.051" idlems="0.051" threads="0" lastid="0000000001764D00" lastname="Thread-7" />
</exclusive-start>
<af-start id="1038" threadId="0000000001765688" totalBytesRequested="16392" timestamp="2019-08-07T01:42:53.790" intervalms="50.058" type="nursery" />
<cycle-start id="1039" type="scavenge" contextid="0" timestamp="2019-08-07T01:42:53.790" intervalms="50.059" />
<gc-start id="1040" type="scavenge" contextid="1039" timestamp="2019-08-07T01:42:53.790">
  <mem-info id="1041" free="755488" total="11403264" percent="6">
    <mem type="nursery" free="0" total="5111808" percent="0">
      <mem type="allocate" free="0" total="3342336" percent="0" />
      <mem type="survivor" free="0" total="1769472" percent="0" />
    </mem>
    <mem type="tenure" free="755488" total="6291456" percent="12">
      <mem type="soa" free="476896" total="5977088" percent="7" />
      <mem type="loa" free="278592" total="314368" percent="88" />
    </mem>
    <remembered-set count="392" />
  </mem-info>
</gc-start>
<allocation-stats totalBytes="2262504" >
  <allocated-bytes non-tlh="114728" tlh="2147776" />
  <largest-consumer threadName="Thread-8" threadId="0000000001768900" bytes="778056" />
</allocation-stats>
<gc-op id="1042" type="scavenge" timems="0.618" contextid="1039" timestamp="2019-08-07T01:42:53.791">
  <scavenger-info tenureage="1" tenuremask="7ffe" tiltratio="65" />
  <memory-copied type="nursery" objects="1478" bytes="543296" bytesdiscarded="277720" />
  <memory-copied type="tenure" objects="1498" bytes="650880" bytesdiscarded="3128" />
  <heap-resize type="expand" space="tenure" amount="262144" count="4" timems="0.033" reason="continue current collection" />
</gc-op>
<gc-end id="1043" type="scavenge" contextid="1039" durationms="1.008" usertimems="4.000" systemtimems="0.000" timestamp="2019-08-07T01:42:53.791" activeThreads="5">
  <mem-info id="1044" free="2990944" total="11665408" percent="25">
    <mem type="nursery" free="2652360" total="5111808" percent="51">
      <mem type="allocate" free="2652360" total="3473408" percent="76" />
      <mem type="survivor" free="0" total="1638400" percent="0" />
    </mem>
    <mem type="tenure" free="338584" total="6553600" percent="5">
      <mem type="soa" free="10904" total="6225920" percent="0" />
      <mem type="loa" free="327680" total="327680" percent="100" />
    </mem>
    <remembered-set count="214" />
  </mem-info>
</gc-end>
<cycle-end id="1045" type="scavenge" contextid="1039" timestamp="2019-08-07T01:42:53.791" />
  <attribute name="Current GC Util" value="4" />
  <attribute name= "Current Time Running" value="3438" />
<allocation-satisfied id="1046" threadId="0000000001764D00" bytesRequested="16392" />
<af-end id="1047" timestamp="2019-08-07T01:42:53.791" threadId="0000000001765688" success="true" from="nursery"/>
<exclusive-end id="1048" timestamp="2019-08-07T01:42:53.791" durationms="1.490" />

<exclusive-start id="1049" timestamp="2019-08-07T01:42:53.792" intervalms="1.848">
  <response-info timems="0.267" idlems="0.267" threads="0" lastid="000000000176C500" lastname="Thread-9" />
</exclusive-start>
<concurrent-collection-start id="1050" timestamp="2019-08-07T01:42:53.792" intervalms="263.147" >
  <concurrent-trace-info reason="card cleaning threshold reached" tracedByMutators="851668" tracedByHelpers="1155096" cardsCleaned="256" workStackOverflowCount="0" />
</concurrent-collection-start>
<gc-start id="1051" type="global" contextid="1023" timestamp="2019-08-07T01:42:53.792">
  <mem-info id="1052" free="2794320" total="11665408" percent="23">
    <mem type="nursery" free="2455736" total="5111808" percent="48">
      <mem type="allocate" free="2455736" total="3473408" percent="70" />
      <mem type="survivor" free="0" total="1638400" percent="0" />
    </mem>
    <mem type="tenure" free="338584" total="6553600" percent="5">
      <mem type="soa" free="10904" total="6225920" percent="0" />
      <mem type="loa" free="327680" total="327680" percent="100" />
    </mem>
    <remembered-set count="218" />
  </mem-info>
</gc-start>
<allocation-stats totalBytes="196624" >
  <allocated-bytes non-tlh="49168" tlh="147456" />
  <largest-consumer threadName="Thread-7" threadId="0000000001764D00" bytes="94224" />
</allocation-stats>
<gc-op id="1053" type="rs-scan" timems="0.752" contextid="1023" timestamp="2019-08-07T01:42:53.793">
  <scan objectsFound="122" bytesTraced="29524" workStackOverflowCount="0" />
</gc-op>
<gc-op id="1054" type="card-cleaning" timems="0.442" contextid="1023" timestamp="2019-08-07T01:42:53.793">
  <card-cleaning cardsCleaned="124" bytesTraced="497800" workStackOverflowCount="0" />
</gc-op>
<gc-op id="1055" type="mark" timems="1.725" contextid="1023" timestamp="2019-08-07T01:42:53.795">
  <trace-info objectcount="1028" scancount="915" scanbytes="201136" />
  <finalization candidates="25" enqueued="0" />
  <references type="soft" candidates="168" cleared="76" enqueued="73" dynamicThreshold="12" maxThreshold="32" />
  <references type="weak" candidates="251" cleared="0" enqueued="0" />
  <references type="phantom" candidates="80" cleared="0" enqueued="0" />
  <stringconstants candidates="3948" cleared="0"  />
</gc-op>
<gc-op id="1056" type="sweep" timems="1.313" contextid="1023" timestamp="2019-08-07T01:42:53.796" />
<gc-end id="1057" type="global" contextid="1023" durationms="4.681" usertimems="8.000" systemtimems="0.000" timestamp="2019-08-07T01:42:53.797" activeThreads="5">
  <mem-info id="1058" free="5189512" total="11665408" percent="44">
    <mem type="nursery" free="2880368" total="5111808" percent="56">
      <mem type="allocate" free="2880368" total="3473408" percent="82" />
      <mem type="survivor" free="0" total="1638400" percent="0" />
    </mem>
    <mem type="tenure" free="2309144" total="6553600" percent="35" micro-fragmented="113367" macro-fragmented="0">
      <mem type="soa" free="1981464" total="6225920" percent="31" />
      <mem type="loa" free="327680" total="327680" percent="100" />
    </mem>
    <pending-finalizers system="0" default="0" reference="73" classloader="0" />
    <remembered-set count="217" />
  </mem-info>
</gc-end>
<cycle-end id="1059" type="global" contextid="1023" timestamp="2019-08-07T01:42:53.797" />
  <attribute name="Current GC Util" value="140" />
  <attribute name= "Current Time Running" value="3443" />
<concurrent-collection-end id="1060" timestamp="2019-08-07T01:42:53.797" />
<exclusive-end id="1061" timestamp="2019-08-07T01:42:53.797" durationms="5.265" />

<exclusive-start id="1062" timestamp="2019-08-07T01:42:53.829" intervalms="37.241">
  <response-info timems="0.096" idlems="0.096" threads="0" lastid="0000000001755D00" lastname="Thread-3" />
</exclusive-start>
<af-start id="1063" threadId="0000000001756688" totalBytesRequested="16392" timestamp="2019-08-07T01:42:53.829" intervalms="39.158" type="nursery" />
<cycle-start id="1064" type="scavenge" contextid="0" timestamp="2019-08-07T01:42:53.829" intervalms="39.168" />
<gc-start id="1065" type="scavenge" contextid="1064" timestamp="2019-08-07T01:42:53.829">
  <mem-info id="1066" free="2309144" total="11665408" percent="19">
    <mem type="nursery" free="0" total="5111808" percent="0">
      <mem type="allocate" free="0" total="3473408" percent="0" />
      <mem type="survivor" free="0" total="1638400" percent="0" />
    </mem>
    <mem type="tenure" free="2309144" total="6553600" percent="35">
      <mem type="soa" free="1981464" total="6225920" percent="31" />
      <mem type="loa" free="327680" total="327680" percent="100" />
    </mem>
    <remembered-set count="552" />
  </mem-info>
</gc-start>
<allocation-stats totalBytes="2809672" >
  <allocated-bytes non-tlh="229440" tlh="2580232" />
  <largest-consumer threadName="Thread-5" threadId="000000000175D500" bytes="826840" />
</allocation-stats>
<gc-op id="1067" type="scavenge" timems="1.751" contextid="1064" timestamp="2019-08-07T01:42:53.831">
  <scavenger-info tenureage="1" tenuremask="7ffe" tiltratio="67" />
  <memory-copied type="nursery" objects="2531" bytes="1033792" bytesdiscarded="48392" />
  <memory-copied type="tenure" objects="761" bytes="333800" bytesdiscarded="5664" />
  <references type="weak" candidates="1" cleared="0" enqueued="0" />
  <references type="phantom" candidates="1" cleared="0" enqueued="0" />
</gc-op>
<gc-end id="1068" type="scavenge" contextid="1064" durationms="1.977" usertimems="4.000" systemtimems="0.000" timestamp="2019-08-07T01:42:53.831" activeThreads="5">
  <mem-info id="1069" free="4289776" total="11665408" percent="36">
    <mem type="nursery" free="2325600" total="5111808" percent="45">
      <mem type="allocate" free="2325600" total="3407872" percent="68" />
      <mem type="survivor" free="0" total="1703936" percent="0" />
    </mem>
    <mem type="tenure" free="1964176" total="6553600" percent="29">
      <mem type="soa" free="1636496" total="6225920" percent="26" />
      <mem type="loa" free="327680" total="327680" percent="100" />
    </mem>
    <remembered-set count="308" />
  </mem-info>
</gc-end>
<cycle-end id="1070" type="scavenge" contextid="1064" timestamp="2019-08-07T01:42:53.831" />
  <attribute name="Current GC Util" value="9" />
  <attribute name= "Current Time Running" value="3477" />
<allocation-satisfied id="1071" threadId="0000000001755D00" bytesRequested="16392" />
<af-end id="1072" timestamp="2019-08-07T01:42:53.832" threadId="0000000001756688" success="true" from="nursery"/>
<exclusive-end id="1073" timestamp="2019-08-07T01:42:53.832" durationms="2.557" />

<exclusive-start id="1074" timestamp="2019-08-07T01:42:53.862" intervalms="33.326">
  <response-info timems="0.038" idlems="0.038" threads="0" lastid="000000000176C500" lastname="Thread-9" />
</exclusive-start>
<af-start id="1075" threadId="000000000176CE88" totalBytesRequested="1032" timestamp="2019-08-07T01:42:53.862" intervalms="33.238" type="nursery" />
<cycle-start id="1076" type="scavenge" contextid="0" timestamp="2019-08-07T01:42:53.863" intervalms="33.230" />
<gc-start id="1077" type="scavenge" contextid="1076" timestamp="2019-08-07T01:42:53.863">
  <mem-info id="1078" free="1964176" total="11665408" percent="16">
    <mem type="nursery" free="0" total="5111808" percent="0">
      <mem type="allocate" free="0" total="3407872" percent="0" />
      <mem type="survivor" free="0" total="1703936" percent="0" />
    </mem>
    <mem type="tenure" free="1964176" total="6553600" percent="29">
      <mem type="soa" free="1636496" total="6225920" percent="26" />
      <mem type="loa" free="327680" total="327680" percent="100" />
    </mem>
    <remembered-set count="486" />
  </mem-info>
</gc-start>
<allocation-stats totalBytes="2266840" >
  <allocated-bytes non-tlh="163888" tlh="2102952" />
  <largest-consumer threadName="Thread-5" threadId="000000000175D500" bytes="651096" />
</allocation-stats>
<gc-op id="1079" type="scavenge" timems="1.277" contextid="1076" timestamp="2019-08-07T01:42:53.864">
  <scavenger-info tenureage="1" tenuremask="7ffe" tiltratio="66" />
  <memory-copied type="nursery" objects="930" bytes="420552" bytesdiscarded="103752" />
  <memory-copied type="tenure" objects="1380" bytes="625792" bytesdiscarded="10280" />
</gc-op>
<gc-end id="1080" type="scavenge" contextid="1076" durationms="1.474" usertimems="4.000" systemtimems="0.000" timestamp="2019-08-07T01:42:53.864" activeThreads="5">
  <mem-info id="1081" free="4275424" total="11665408" percent="36">
    <mem type="nursery" free="2949056" total="5111808" percent="57">
      <mem type="allocate" free="2949056" total="3473408" percent="84" />
      <mem type="survivor" free="0" total="1638400" percent="0" />
    </mem>
    <mem type="tenure" free="1326368" total="6553600" percent="20">
      <mem type="soa" free="998688" total="6225920" percent="16" />
      <mem type="loa" free="327680" total="327680" percent="100" />
    </mem>
    <remembered-set count="303" />
  </mem-info>
</gc-end>
<cycle-end id="1082" type="scavenge" contextid="1076" timestamp="2019-08-07T01:42:53.864" />
  <attribute name="Current GC Util" value="8" />
  <attribute name= "Current Time Running" value="3511" />
<allocation-satisfied id="1083" threadId="000000000176C500" bytesRequested="1032" />
<af-end id="1084" timestamp="2019-08-07T01:42:53.864" threadId="000000000176CE88" success="true" from="nursery"/>
<exclusive-end id="1085" timestamp="2019-08-07T01:42:53.864" durationms="2.086" />

</verbosegc>

