<?xml version="1.0" ?>

<verbosegc xmlns="http://www.ibm.com/j9/verbosegc" version="08cc62e_CMPRSS">

<initialized id="1" timestamp="2019-08-07T01:42:37.980">
  <attribute name="gcPolicy" value="-Xgcpolicy:gencon" />
  <attribute name="Current GC Util" value="0" />
  <attribute name= "Current Time Running" value="0" />
  <attribute name="maxHeapSize" value="0x7cba0000" />
  <attribute name="initialHeapSize" value="0x800000" />
  <attribute name="compressedRefs" value="true" />
  <attribute name="compressedRefsDisplacement" value="0x0" />
  <attribute name="compressedRefsShift" value="0x0" />
  <attribute name="pageSize" value="0x1000" />
  <attribute name="pageType" value="not used" />
  <attribute name="requestedPageSize" value="0x1000" />
  <attribute name="requestedPageType" value="not used" />
  <attribute name="gcthreads" value="8" />
  <attribute name="gcthreads Concurrent Mark" value="1" />
  <attribute name="packetListSplit" value="8" />
  <attribute name="cacheListSplit" value="8" />
  <attribute name="splitFreeListSplitAmount" value="1" />
  <attribute name="numaNodes" value="0" />
  <system>
    <attribute name="physicalMemory" value="8370401280" />
    <attribute name="numCPUs" value="8" />
    <attribute name="architecture" value="amd64" />
    <attribute name="os" value="Linux" />
    <attribute name="osVersion" value="4.4.0-154-generic" />
  </system>
  <vmargs>
    <vmarg name="-Xoptionsfile=/vagrant/jdk/lib/options.default" />
    <vmarg name="-Xlockword:mode=default,noLockword=java/lang/String,noLockword=java/util/MapEntry,noLockword=java/util/HashMap$Entry,noLockword..." />
    <vmarg name="-Xjcl:jclse29" />
    <vmarg name="-Dcom.ibm.oti.vm.bootstrap.library.path=/vagrant/jdk/lib/compressedrefs:/vagrant/jdk/lib" />
    <vmarg name="-Dsun.boot.library.path=/vagrant/jdk/lib/compressedrefs:/vagrant/jdk/lib" />
    <vmarg name="-Djava.library.path=/vagrant/jdk/lib/compressedrefs:/vagrant/jdk/lib:/usr/lib64:/usr/lib" />
    <vmarg name="-Djava.home=/vagrant/jdk" />
    <vmarg name="-Duser.dir=/vagrant" />
    <vmarg name="-verbose:gc" />
    <vmarg name="-Xloggc:jdkE-small-GEN-8core-verbose9xalan.txt" />
    <vmarg name="-Djava.class.path=dacapo-9.12-MR1-bach.jar" />
    <vmarg name="-Dsun.java.command=dacapo-9.12-MR1-bach.jar xalan --size=small" />
    <vmarg name="-Dsun.java.launcher=SUN_STANDARD" />
    <vmarg name="-Dsun.java.launcher.pid=3210" />
  </vmargs>
</initialized>

<exclusive-start id="2" timestamp="2019-08-07T01:42:38.181" intervalms="201.115">
  <response-info timems="0.027" idlems="0.027" threads="0" lastid="00000000025E7A00" lastname="main" />
</exclusive-start>
<af-start id="3" threadId="00000000025E8388" totalBytesRequested="88" timestamp="2019-08-07T01:42:38.182" intervalms="201.519" type="nursery" />
<cycle-start id="4" type="scavenge" contextid="0" timestamp="2019-08-07T01:42:38.182" intervalms="201.859" />
<gc-start id="5" type="scavenge" contextid="4" timestamp="2019-08-07T01:42:38.182">
  <mem-info id="6" free="6063912" total="8388608" percent="72">
    <mem type="nursery" free="0" total="2097152" percent="0">
      <mem type="allocate" free="0" total="1048576" percent="0" />
      <mem type="survivor" free="0" total="1048576" percent="0" />
    </mem>
    <mem type="tenure" free="6063912" total="6291456" percent="96">
      <mem type="soa" free="5749544" total="5977088" percent="96" />
      <mem type="loa" free="314368" total="314368" percent="100" />
    </mem>
    <remembered-set count="3139" />
  </mem-info>
</gc-start>
<allocation-stats totalBytes="1275032" >
  <allocated-bytes non-tlh="343496" tlh="931536" />
  <largest-consumer threadName="main" threadId="00000000025E7A00" bytes="1237512" />
</allocation-stats>
<gc-op id="7" type="scavenge" timems="2.119" contextid="4" timestamp="2019-08-07T01:42:38.185">
  <scavenger-info tenureage="2" tenuremask="fffc" tiltratio="50" />
  <memory-copied type="nursery" objects="10557" bytes="468632" bytesdiscarded="59336" />
  <finalization candidates="11" enqueued="0" />
  <references type="soft" candidates="62" cleared="0" enqueued="0" dynamicThreshold="32" maxThreshold="32" />
  <references type="weak" candidates="314" cleared="184" enqueued="148" />
  <references type="phantom" candidates="23" cleared="5" enqueued="5" />
</gc-op>
<gc-end id="8" type="scavenge" contextid="4" durationms="2.543" usertimems="4.000" systemtimems="0.000" timestamp="2019-08-07T01:42:38.185" activeThreads="4">
  <mem-info id="9" free="6582424" total="8388608" percent="78">
    <mem type="nursery" free="518512" total="2097152" percent="24">
      <mem type="allocate" free="518512" total="1048576" percent="49" />
      <mem type="survivor" free="0" total="1048576" percent="0" />
    </mem>
    <mem type="tenure" free="6063912" total="6291456" percent="96">
      <mem type="soa" free="5749544" total="5977088" percent="96" />
      <mem type="loa" free="314368" total="314368" percent="100" />
    </mem>
    <pending-finalizers system="0" default="0" reference="153" classloader="0" />
    <remembered-set count="3139" />
  </mem-info>
</gc-end>
<cycle-end id="10" type="scavenge" contextid="4" timestamp="2019-08-07T01:42:38.185" />
  <attribute name="Current GC Util" value="0" />
  <attribute name= "Current Time Running" value="79" />
<allocation-satisfied id="11" threadId="00000000025E7A00" bytesRequested="88" />
<af-end id="12" timestamp="2019-08-07T01:42:38.185" threadId="00000000025E8388" success="true" from="nursery"/>
<exclusive-end id="13" timestamp="2019-08-07T01:42:38.185" durationms="4.094" />

<exclusive-start id="14" timestamp="2019-08-07T01:42:38.242" intervalms="60.619">
  <response-info timems="0.087" idlems="0.087" threads="0" lastid="00000000025E7A00" lastname="main" />
</exclusive-start>
<af-start id="15" threadId="00000000025E8388" totalBytesRequested="15024" timestamp="2019-08-07T01:42:38.242" intervalms="60.397" type="nursery" />
<cycle-start id="16" type="scavenge" contextid="0" timestamp="2019-08-07T01:42:38.242" intervalms="60.186" />
<gc-start id="17" type="scavenge" contextid="16" timestamp="2019-08-07T01:42:38.242">
  <mem-info id="18" free="6055624" total="8388608" percent="72">
    <mem type="nursery" free="0" total="2097152" percent="0">
      <mem type="allocate" free="0" total="1048576" percent="0" />
      <mem type="survivor" free="0" total="1048576" percent="0" />
    </mem>
    <mem type="tenure" free="6055624" total="6291456" percent="96">
      <mem type="soa" free="5741256" total="5977088" percent="96" />
      <mem type="loa" free="314368" total="314368" percent="100" />
    </mem>
    <remembered-set count="3246" />
  </mem-info>
</gc-start>
<allocation-stats totalBytes="519648" >
  <allocated-bytes non-tlh="8376" tlh="511272" />
  <largest-consumer threadName="main" threadId="00000000025E7A00" bytes="507672" />
</allocation-stats>
<gc-op id="19" type="scavenge" timems="0.936" contextid="16" timestamp="2019-08-07T01:42:38.243">
  <scavenger-info tenureage="5" tenuremask="7fe0" tiltratio="50" />
  <memory-copied type="nursery" objects="10983" bytes="489520" bytesdiscarded="148256" />
  <finalization candidates="11" enqueued="0" />
  <references type="soft" candidates="62" cleared="0" enqueued="0" dynamicThreshold="32" maxThreshold="32" />
  <references type="weak" candidates="273" cleared="128" enqueued="125" />
  <references type="phantom" candidates="43" cleared="15" enqueued="15" />
</gc-op>
<gc-end id="20" type="scavenge" contextid="16" durationms="1.222" usertimems="0.000" systemtimems="4.000" timestamp="2019-08-07T01:42:38.243" activeThreads="4">
  <mem-info id="21" free="6464944" total="8388608" percent="77">
    <mem type="nursery" free="409320" total="2097152" percent="19">
      <mem type="allocate" free="409320" total="1048576" percent="39" />
      <mem type="survivor" free="0" total="1048576" percent="0" />
    </mem>
    <mem type="tenure" free="6055624" total="6291456" percent="96">
      <mem type="soa" free="5741256" total="5977088" percent="96" />
      <mem type="loa" free="314368" total="314368" percent="100" />
    </mem>
    <pending-finalizers system="0" default="0" reference="140" classloader="0" />
    <remembered-set count="3246" />
  </mem-info>
</gc-end>
<cycle-end id="22" type="scavenge" contextid="16" timestamp="2019-08-07T01:42:38.244" />
  <attribute name="Current GC Util" value="6" />
  <attribute name= "Current Time Running" value="139" />
<allocation-satisfied id="23" threadId="00000000025E7A00" bytesRequested="15024" />
<af-end id="24" timestamp="2019-08-07T01:42:38.244" threadId="00000000025E8388" success="true" from="nursery"/>
<exclusive-end id="25" timestamp="2019-08-07T01:42:38.244" durationms="1.982" />

<exclusive-start id="26" timestamp="2019-08-07T01:42:38.251" intervalms="9.170">
  <response-info timems="0.070" idlems="0.070" threads="0" lastid="00000000025E7A00" lastname="main" />
</exclusive-start>
<af-start id="27" threadId="00000000025E8388" totalBytesRequested="20232" timestamp="2019-08-07T01:42:38.251" intervalms="9.140" type="nursery" />
<cycle-start id="28" type="scavenge" contextid="0" timestamp="2019-08-07T01:42:38.251" intervalms="9.134" />
<gc-start id="29" type="scavenge" contextid="28" timestamp="2019-08-07T01:42:38.251">
  <mem-info id="30" free="6053992" total="8388608" percent="72">
    <mem type="nursery" free="0" total="2097152" percent="0">
      <mem type="allocate" free="0" total="1048576" percent="0" />
      <mem type="survivor" free="0" total="1048576" percent="0" />
    </mem>
    <mem type="tenure" free="6053992" total="6291456" percent="96">
      <mem type="soa" free="5739624" total="5977088" percent="96" />
      <mem type="loa" free="314368" total="314368" percent="100" />
    </mem>
    <remembered-set count="3267" />
  </mem-info>
</gc-start>
<allocation-stats totalBytes="372640" >
  <allocated-bytes non-tlh="16656" tlh="355984" />
  <largest-consumer threadName="main" threadId="00000000025E7A00" bytes="364448" />
</allocation-stats>
<gc-op id="31" type="scavenge" timems="0.930" contextid="28" timestamp="2019-08-07T01:42:38.252">
  <scavenger-info tenureage="4" tenuremask="7ff0" tiltratio="50" />
  <memory-copied type="nursery" objects="10820" bytes="572504" bytesdiscarded="151192" />
  <finalization candidates="11" enqueued="0" />
  <references type="soft" candidates="62" cleared="0" enqueued="0" dynamicThreshold="32" maxThreshold="32" />
  <references type="weak" candidates="185" cleared="37" enqueued="37" />
  <references type="phantom" candidates="39" cleared="7" enqueued="7" />
</gc-op>
<heap-resize id="32" type="expand" space="nursery" amount="131072" count="1" timems="0.066" reason="excessive time being spent scavenging" timestamp="2019-08-07T01:42:38.253" />
<gc-end id="33" type="scavenge" contextid="28" durationms="1.278" usertimems="4.000" systemtimems="0.000" timestamp="2019-08-07T01:42:38.253" activeThreads="4">
  <mem-info id="34" free="6442928" total="8519680" percent="75">
    <mem type="nursery" free="388936" total="2228224" percent="17">
      <mem type="allocate" free="388936" total="1114112" percent="34" />
      <mem type="survivor" free="0" total="1114112" percent="0" />
    </mem>
    <mem type="tenure" free="6053992" total="6291456" percent="96">
      <mem type="soa" free="5739624" total="5977088" percent="96" />
      <mem type="loa" free="314368" total="314368" percent="100" />
    </mem>
    <pending-finalizers system="0" default="0" reference="44" classloader="0" />
    <remembered-set count="1010" />
  </mem-info>
</gc-end>
<cycle-end id="35" type="scavenge" contextid="28" timestamp="2019-08-07T01:42:38.253" />
  <attribute name="Current GC Util" value="20" />
  <attribute name= "Current Time Running" value="148" />
<allocation-satisfied id="36" threadId="00000000025E7A00" bytesRequested="20232" />
<af-end id="37" timestamp="2019-08-07T01:42:38.253" threadId="00000000025E8388" success="true" from="nursery"/>
<exclusive-end id="38" timestamp="2019-08-07T01:42:38.253" durationms="1.889" />

<exclusive-start id="39" timestamp="2019-08-07T01:42:38.639" intervalms="388.045">
  <response-info timems="0.075" idlems="0.075" threads="0" lastid="00000000025E7A00" lastname="main" />
</exclusive-start>
<af-start id="40" threadId="00000000025E8388" totalBytesRequested="8200" timestamp="2019-08-07T01:42:38.639" intervalms="388.115" type="nursery" />
<cycle-start id="41" type="scavenge" contextid="0" timestamp="2019-08-07T01:42:38.639" intervalms="388.165" />
<gc-start id="42" type="scavenge" contextid="41" timestamp="2019-08-07T01:42:38.640">
  <mem-info id="43" free="6049464" total="8519680" percent="71">
    <mem type="nursery" free="0" total="2228224" percent="0">
      <mem type="allocate" free="0" total="1114112" percent="0" />
      <mem type="survivor" free="0" total="1114112" percent="0" />
    </mem>
    <mem type="tenure" free="6049464" total="6291456" percent="96">
      <mem type="soa" free="5735096" total="5977088" percent="95" />
      <mem type="loa" free="314368" total="314368" percent="100" />
    </mem>
    <remembered-set count="1086" />
  </mem-info>
</gc-start>
<allocation-stats totalBytes="387136" >
  <allocated-bytes non-tlh="24760" tlh="362376" />
  <largest-consumer threadName="main" threadId="00000000025E7A00" bytes="387136" />
</allocation-stats>
<gc-op id="44" type="scavenge" timems="1.066" contextid="41" timestamp="2019-08-07T01:42:38.641">
  <scavenger-info tenureage="3" tenuremask="fff8" tiltratio="50" />
  <memory-copied type="nursery" objects="738" bytes="119688" bytesdiscarded="114424" />
  <memory-copied type="tenure" objects="10278" bytes="460184" bytesdiscarded="360" />
  <finalization candidates="13" enqueued="0" />
  <references type="soft" candidates="1" cleared="0" enqueued="0" dynamicThreshold="32" maxThreshold="32" />
  <references type="weak" candidates="71" cleared="55" enqueued="55" />
  <references type="phantom" candidates="26" cleared="12" enqueued="12" />
</gc-op>
<gc-end id="45" type="scavenge" contextid="41" durationms="1.523" usertimems="4.000" systemtimems="0.000" timestamp="2019-08-07T01:42:38.641" activeThreads="4">
  <mem-info id="46" free="6352224" total="8519680" percent="74">
    <mem type="nursery" free="879944" total="2228224" percent="39">
      <mem type="allocate" free="879944" total="1114112" percent="78" />
      <mem type="survivor" free="0" total="1114112" percent="0" />
    </mem>
    <mem type="tenure" free="5472280" total="6291456" percent="86">
      <mem type="soa" free="5157912" total="5977088" percent="86" />
      <mem type="loa" free="314368" total="314368" percent="100" />
    </mem>
    <pending-finalizers system="0" default="0" reference="67" classloader="0" />
    <remembered-set count="217" />
  </mem-info>
</gc-end>
<cycle-end id="47" type="scavenge" contextid="41" timestamp="2019-08-07T01:42:38.641" />
  <attribute name="Current GC Util" value="0" />
  <attribute name= "Current Time Running" value="536" />
<allocation-satisfied id="48" threadId="00000000025E7A00" bytesRequested="8200" />
<af-end id="49" timestamp="2019-08-07T01:42:38.641" threadId="00000000025E8388" success="true" from="nursery"/>
<exclusive-end id="50" timestamp="2019-08-07T01:42:38.641" durationms="2.393" />

<exclusive-start id="51" timestamp="2019-08-07T01:42:39.230" intervalms="590.952">
  <response-info timems="0.023" idlems="0.023" threads="0" lastid="00000000025E7A00" lastname="main" />
</exclusive-start>
<af-start id="52" threadId="00000000025E8388" totalBytesRequested="1760" timestamp="2019-08-07T01:42:39.230" intervalms="590.909" type="nursery" />
<cycle-start id="53" type="scavenge" contextid="0" timestamp="2019-08-07T01:42:39.230" intervalms="590.893" />
<gc-start id="54" type="scavenge" contextid="53" timestamp="2019-08-07T01:42:39.230">
  <mem-info id="55" free="5469848" total="8519680" percent="64">
    <mem type="nursery" free="0" total="2228224" percent="0">
      <mem type="allocate" free="0" total="1114112" percent="0" />
      <mem type="survivor" free="0" total="1114112" percent="0" />
    </mem>
    <mem type="tenure" free="5469848" total="6291456" percent="86">
      <mem type="soa" free="5155480" total="5977088" percent="86" />
      <mem type="loa" free="314368" total="314368" percent="100" />
    </mem>
    <remembered-set count="258" />
  </mem-info>
</gc-start>
<allocation-stats totalBytes="864840" >
  <allocated-bytes non-tlh="336888" tlh="527952" />
  <largest-consumer threadName="main" threadId="00000000025E7A00" bytes="864840" />
</allocation-stats>
<gc-op id="56" type="scavenge" timems="0.607" contextid="53" timestamp="2019-08-07T01:42:39.231">
  <scavenger-info tenureage="3" tenuremask="fff8" tiltratio="50" />
  <memory-copied type="nursery" objects="1495" bytes="591416" bytesdiscarded="76320" />
  <memory-copied type="tenure" objects="312" bytes="15824" bytesdiscarded="0" />
  <finalization candidates="3" enqueued="1" />
  <references type="soft" candidates="11" cleared="0" enqueued="0" dynamicThreshold="32" maxThreshold="32" />
  <references type="weak" candidates="14" cleared="13" enqueued="13" />
  <references type="phantom" candidates="32" cleared="3" enqueued="3" />
</gc-op>
<gc-end id="57" type="scavenge" contextid="53" durationms="0.919" usertimems="0.000" systemtimems="0.000" timestamp="2019-08-07T01:42:39.231" activeThreads="4">
  <mem-info id="58" free="5892328" total="8519680" percent="69">
    <mem type="nursery" free="446288" total="2228224" percent="20">
      <mem type="allocate" free="446288" total="1114112" percent="40" />
      <mem type="survivor" free="0" total="1114112" percent="0" />
    </mem>
    <mem type="tenure" free="5446040" total="6291456" percent="86">
      <mem type="soa" free="5131672" total="5977088" percent="85" />
      <mem type="loa" free="314368" total="314368" percent="100" />
    </mem>
    <pending-finalizers system="1" default="0" reference="16" classloader="0" />
    <remembered-set count="208" />
  </mem-info>
</gc-end>
<cycle-end id="59" type="scavenge" contextid="53" timestamp="2019-08-07T01:42:39.231" />
  <attribute name="Current GC Util" value="0" />
  <attribute name= "Current Time Running" value="1127" />
<allocation-satisfied id="60" threadId="00000000025E7A00" bytesRequested="1760" />
<af-end id="61" timestamp="2019-08-07T01:42:39.232" threadId="00000000025E8388" success="true" from="nursery"/>
<exclusive-end id="62" timestamp="2019-08-07T01:42:39.232" durationms="1.635" />

<exclusive-start id="63" timestamp="2019-08-07T01:42:39.251" intervalms="20.780">
  <response-info timems="0.080" idlems="0.080" threads="0" lastid="00000000025E7A00" lastname="main" />
</exclusive-start>
<af-start id="64" threadId="00000000025E8388" totalBytesRequested="4632" timestamp="2019-08-07T01:42:39.251" intervalms="20.729" type="nursery" />
<cycle-start id="65" type="scavenge" contextid="0" timestamp="2019-08-07T01:42:39.251" intervalms="20.678" />
<gc-start id="66" type="scavenge" contextid="65" timestamp="2019-08-07T01:42:39.251">
  <mem-info id="67" free="5438080" total="8519680" percent="63">
    <mem type="nursery" free="0" total="2228224" percent="0">
      <mem type="allocate" free="0" total="1114112" percent="0" />
      <mem type="survivor" free="0" total="1114112" percent="0" />
    </mem>
    <mem type="tenure" free="5438080" total="6291456" percent="86">
      <mem type="soa" free="5123712" total="5977088" percent="85" />
      <mem type="loa" free="314368" total="314368" percent="100" />
    </mem>
    <remembered-set count="297" />
  </mem-info>
</gc-start>
<allocation-stats totalBytes="446496" >
  <allocated-bytes non-tlh="9720" tlh="436776" />
  <largest-consumer threadName="main" threadId="00000000025E7A00" bytes="442400" />
</allocation-stats>
<gc-op id="68" type="scavenge" timems="0.372" contextid="65" timestamp="2019-08-07T01:42:39.252">
  <scavenger-info tenureage="2" tenuremask="7ffc" tiltratio="50" />
  <memory-copied type="nursery" objects="1429" bytes="535240" bytesdiscarded="49928" />
  <memory-copied type="tenure" objects="234" bytes="58704" bytesdiscarded="0" />
  <finalization candidates="2" enqueued="0" />
  <references type="soft" candidates="10" cleared="0" enqueued="0" dynamicThreshold="32" maxThreshold="32" />
  <references type="weak" candidates="28" cleared="27" enqueued="27" />
  <references type="phantom" candidates="27" cleared="0" enqueued="0" />
</gc-op>
<gc-end id="69" type="scavenge" contextid="65" durationms="0.686" usertimems="0.000" systemtimems="0.000" timestamp="2019-08-07T01:42:39.252" activeThreads="4">
  <mem-info id="70" free="5950576" total="8519680" percent="69">
    <mem type="nursery" free="528888" total="2228224" percent="23">
      <mem type="allocate" free="528888" total="1114112" percent="47" />
      <mem type="survivor" free="0" total="1114112" percent="0" />
    </mem>
    <mem type="tenure" free="5421688" total="6291456" percent="86">
      <mem type="soa" free="5107320" total="5977088" percent="85" />
      <mem type="loa" free="314368" total="314368" percent="100" />
    </mem>
    <pending-finalizers system="0" default="0" reference="27" classloader="0" />
    <remembered-set count="201" />
  </mem-info>
</gc-end>
<cycle-end id="71" type="scavenge" contextid="65" timestamp="2019-08-07T01:42:39.252" />
  <attribute name="Current GC Util" value="4" />
  <attribute name= "Current Time Running" value="1147" />
<allocation-satisfied id="72" threadId="00000000025E7A00" bytesRequested="4632" />
<af-end id="73" timestamp="2019-08-07T01:42:39.252" threadId="00000000025E8388" success="true" from="nursery"/>
<exclusive-end id="74" timestamp="2019-08-07T01:42:39.252" durationms="1.365" />

<exclusive-start id="75" timestamp="2019-08-07T01:42:39.277" intervalms="26.145">
  <response-info timems="0.038" idlems="0.038" threads="0" lastid="00000000025E7A00" lastname="main" />
</exclusive-start>
<af-start id="76" threadId="00000000025E8388" totalBytesRequested="1032" timestamp="2019-08-07T01:42:39.277" intervalms="26.163" type="nursery" />
<cycle-start id="77" type="scavenge" contextid="0" timestamp="2019-08-07T01:42:39.277" intervalms="26.175" />
<gc-start id="78" type="scavenge" contextid="77" timestamp="2019-08-07T01:42:39.277">
  <mem-info id="79" free="5410904" total="8519680" percent="63">
    <mem type="nursery" free="0" total="2228224" percent="0">
      <mem type="allocate" free="0" total="1114112" percent="0" />
      <mem type="survivor" free="0" total="1114112" percent="0" />
    </mem>
    <mem type="tenure" free="5410904" total="6291456" percent="86">
      <mem type="soa" free="5096536" total="5977088" percent="85" />
      <mem type="loa" free="314368" total="314368" percent="100" />
    </mem>
    <remembered-set count="319" />
  </mem-info>
</gc-start>
<allocation-stats totalBytes="537808" >
  <allocated-bytes non-tlh="15416" tlh="522392" />
  <largest-consumer threadName="main" threadId="00000000025E7A00" bytes="537808" />
</allocation-stats>
<gc-op id="80" type="scavenge" timems="0.448" contextid="77" timestamp="2019-08-07T01:42:39.278">
  <scavenger-info tenureage="1" tenuremask="fffe" tiltratio="50" />
  <memory-copied type="nursery" objects="156" bytes="7184" bytesdiscarded="40432" />
  <memory-copied type="tenure" objects="1298" bytes="522232" bytesdiscarded="184" />
  <references type="weak" candidates="9" cleared="8" enqueued="8" />
  <references type="phantom" candidates="1" cleared="0" enqueued="0" />
</gc-op>
<gc-end id="81" type="scavenge" contextid="77" durationms="0.741" usertimems="0.000" systemtimems="0.000" timestamp="2019-08-07T01:42:39.278" activeThreads="4">
  <mem-info id="82" free="5911408" total="8519680" percent="69">
    <mem type="nursery" free="1066496" total="2228224" percent="47">
      <mem type="allocate" free="1066496" total="1114112" percent="95" />
      <mem type="survivor" free="0" total="1114112" percent="0" />
    </mem>
    <mem type="tenure" free="4844912" total="6291456" percent="77">
      <mem type="soa" free="4530544" total="5977088" percent="75" />
      <mem type="loa" free="314368" total="314368" percent="100" />
    </mem>
    <pending-finalizers system="0" default="0" reference="8" classloader="0" />
    <remembered-set count="286" />
  </mem-info>
</gc-end>
<cycle-end id="83" type="scavenge" contextid="77" timestamp="2019-08-07T01:42:39.278" />
  <attribute name="Current GC Util" value="2" />
  <attribute name= "Current Time Running" value="1174" />
<allocation-satisfied id="84" threadId="00000000025E7A00" bytesRequested="1032" />
<af-end id="85" timestamp="2019-08-07T01:42:39.278" threadId="00000000025E8388" success="true" from="nursery"/>
<exclusive-end id="86" timestamp="2019-08-07T01:42:39.278" durationms="1.414" />

<exclusive-start id="87" timestamp="2019-08-07T01:42:39.304" intervalms="27.257">
  <response-info timems="0.031" idlems="0.031" threads="0" lastid="00000000025E7A00" lastname="main" />
</exclusive-start>
<af-start id="88" threadId="00000000025E8388" totalBytesRequested="2208" timestamp="2019-08-07T01:42:39.304" intervalms="27.196" type="nursery" />
<cycle-start id="89" type="scavenge" contextid="0" timestamp="2019-08-07T01:42:39.304" intervalms="27.170" />
<gc-start id="90" type="scavenge" contextid="89" timestamp="2019-08-07T01:42:39.304">
  <mem-info id="91" free="4829760" total="8519680" percent="56">
    <mem type="nursery" free="0" total="2228224" percent="0">
      <mem type="allocate" free="0" total="1114112" percent="0" />
      <mem type="survivor" free="0" total="1114112" percent="0" />
    </mem>
    <mem type="tenure" free="4829760" total="6291456" percent="76">
      <mem type="soa" free="4515392" total="5977088" percent="75" />
      <mem type="loa" free="314368" total="314368" percent="100" />
    </mem>
    <remembered-set count="490" />
  </mem-info>
</gc-start>
<allocation-stats totalBytes="1056968" >
  <allocated-bytes non-tlh="16184" tlh="1040784" />
  <largest-consumer threadName="main" threadId="00000000025E7A00" bytes="1056968" />
</allocation-stats>
<gc-op id="92" type="scavenge" timems="0.283" contextid="89" timestamp="2019-08-07T01:42:39.305">
  <scavenger-info tenureage="2" tenuremask="fffc" tiltratio="50" />
  <memory-copied type="nursery" objects="373" bytes="12704" bytesdiscarded="34912" />
  <references type="weak" candidates="6" cleared="6" enqueued="6" />
</gc-op>
<gc-end id="93" type="scavenge" contextid="89" durationms="0.527" usertimems="0.000" systemtimems="0.000" timestamp="2019-08-07T01:42:39.305" activeThreads="4">
  <mem-info id="94" free="6092864" total="8519680" percent="71">
    <mem type="nursery" free="1263104" total="2228224" percent="56">
      <mem type="allocate" free="1263104" total="1310720" percent="96" />
      <mem type="survivor" free="0" total="917504" percent="0" />
    </mem>
    <mem type="tenure" free="4829760" total="6291456" percent="76">
      <mem type="soa" free="4515392" total="5977088" percent="75" />
      <mem type="loa" free="314368" total="314368" percent="100" />
    </mem>
    <pending-finalizers system="0" default="0" reference="6" classloader="0" />
    <remembered-set count="397" />
  </mem-info>
</gc-end>
<cycle-end id="95" type="scavenge" contextid="89" timestamp="2019-08-07T01:42:39.305" />
  <attribute name="Current GC Util" value="3" />
  <attribute name= "Current Time Running" value="1201" />
<allocation-satisfied id="96" threadId="00000000025E7A00" bytesRequested="2208" />
<af-end id="97" timestamp="2019-08-07T01:42:39.305" threadId="00000000025E8388" success="true" from="nursery"/>
<exclusive-end id="98" timestamp="2019-08-07T01:42:39.305" durationms="1.028" />

<exclusive-start id="99" timestamp="2019-08-07T01:42:39.340" intervalms="35.574">
  <response-info timems="0.059" idlems="0.059" threads="0" lastid="00000000025E7A00" lastname="main" />
</exclusive-start>
<af-start id="100" threadId="00000000025E8388" totalBytesRequested="18568" timestamp="2019-08-07T01:42:39.340" intervalms="35.579" type="nursery" />
<cycle-start id="101" type="scavenge" contextid="0" timestamp="2019-08-07T01:42:39.340" intervalms="35.549" />
<gc-start id="102" type="scavenge" contextid="101" timestamp="2019-08-07T01:42:39.340">
  <mem-info id="103" free="4812936" total="8519680" percent="56">
    <mem type="nursery" free="0" total="2228224" percent="0">
      <mem type="allocate" free="0" total="1310720" percent="0" />
      <mem type="survivor" free="0" total="917504" percent="0" />
    </mem>
    <mem type="tenure" free="4812936" total="6291456" percent="76">
      <mem type="soa" free="4498568" total="5977088" percent="75" />
      <mem type="loa" free="314368" total="314368" percent="100" />
    </mem>
    <remembered-set count="619" />
  </mem-info>
</gc-start>
<allocation-stats totalBytes="1249232" >
  <allocated-bytes non-tlh="19032" tlh="1230200" />
  <largest-consumer threadName="main" threadId="00000000025E7A00" bytes="1249232" />
</allocation-stats>
<gc-op id="104" type="scavenge" timems="0.334" contextid="101" timestamp="2019-08-07T01:42:39.340">
  <scavenger-info tenureage="3" tenuremask="fff8" tiltratio="58" />
  <memory-copied type="nursery" objects="1117" bytes="44248" bytesdiscarded="27168" />
  <finalization candidates="1" enqueued="0" />
  <references type="soft" candidates="1" cleared="0" enqueued="0" dynamicThreshold="32" maxThreshold="32" />
  <references type="weak" candidates="8" cleared="7" enqueued="7" />
  <references type="phantom" candidates="3" cleared="1" enqueued="1" />
</gc-op>
<gc-end id="105" type="scavenge" contextid="101" durationms="0.517" usertimems="4.000" systemtimems="0.000" timestamp="2019-08-07T01:42:39.340" activeThreads="4">
  <mem-info id="106" free="6183304" total="8519680" percent="72">
    <mem type="nursery" free="1370368" total="2228224" percent="61">
      <mem type="allocate" free="1370368" total="1441792" percent="95" />
      <mem type="survivor" free="0" total="786432" percent="0" />
    </mem>
    <mem type="tenure" free="4812936" total="6291456" percent="76">
      <mem type="soa" free="4498568" total="5977088" percent="75" />
      <mem type="loa" free="314368" total="314368" percent="100" />
    </mem>
    <pending-finalizers system="0" default="0" reference="8" classloader="0" />
    <remembered-set count="547" />
  </mem-info>
</gc-end>
<cycle-end id="107" type="scavenge" contextid="101" timestamp="2019-08-07T01:42:39.341" />
  <attribute name="Current GC Util" value="1" />
  <attribute name= "Current Time Running" value="1236" />
<allocation-satisfied id="108" threadId="00000000025E7A00" bytesRequested="18568" />
<af-end id="109" timestamp="2019-08-07T01:42:39.341" threadId="00000000025E8388" success="true" from="nursery"/>
<exclusive-end id="110" timestamp="2019-08-07T01:42:39.341" durationms="0.952" />

<exclusive-start id="111" timestamp="2019-08-07T01:42:39.376" intervalms="36.205">
  <response-info timems="0.035" idlems="0.035" threads="0" lastid="00000000025E7A00" lastname="main" />
</exclusive-start>
<af-start id="112" threadId="00000000025E8388" totalBytesRequested="1032" timestamp="2019-08-07T01:42:39.376" intervalms="36.236" type="nursery" />
<cycle-start id="113" type="scavenge" contextid="0" timestamp="2019-08-07T01:42:39.376" intervalms="36.273" />
<gc-start id="114" type="scavenge" contextid="113" timestamp="2019-08-07T01:42:39.376">
  <mem-info id="115" free="4786240" total="8519680" percent="56">
    <mem type="nursery" free="0" total="2228224" percent="0">
      <mem type="allocate" free="0" total="1441792" percent="0" />
      <mem type="survivor" free="0" total="786432" percent="0" />
    </mem>
    <mem type="tenure" free="4786240" total="6291456" percent="76">
      <mem type="soa" free="4471872" total="5977088" percent="74" />
      <mem type="loa" free="314368" total="314368" percent="100" />
    </mem>
    <remembered-set count="805" />
  </mem-info>
</gc-start>
<allocation-stats totalBytes="1384696" >
  <allocated-bytes non-tlh="45264" tlh="1339432" />
  <largest-consumer threadName="main" threadId="00000000025E7A00" bytes="1380600" />
</allocation-stats>
<gc-op id="116" type="scavenge" timems="0.365" contextid="113" timestamp="2019-08-07T01:42:39.377">
  <scavenger-info tenureage="4" tenuremask="fff0" tiltratio="64" />
  <memory-copied type="nursery" objects="1307" bytes="48824" bytesdiscarded="22584" />
  <finalization candidates="1" enqueued="0" />
  <references type="soft" candidates="1" cleared="0" enqueued="0" dynamicThreshold="32" maxThreshold="32" />
  <references type="weak" candidates="9" cleared="7" enqueued="7" />
  <references type="phantom" candidates="3" cleared="0" enqueued="0" />
</gc-op>
<gc-end id="117" type="scavenge" contextid="113" durationms="0.589" usertimems="4.000" systemtimems="0.000" timestamp="2019-08-07T01:42:39.377" activeThreads="4">
  <mem-info id="118" free="6353216" total="8519680" percent="74">
    <mem type="nursery" free="1566976" total="2228224" percent="70">
      <mem type="allocate" free="1566976" total="1638400" percent="95" />
      <mem type="survivor" free="0" total="589824" percent="0" />
    </mem>
    <mem type="tenure" free="4786240" total="6291456" percent="76">
      <mem type="soa" free="4471872" total="5977088" percent="74" />
      <mem type="loa" free="314368" total="314368" percent="100" />
    </mem>
    <pending-finalizers system="0" default="0" reference="7" classloader="0" />
    <remembered-set count="625" />
  </mem-info>
</gc-end>
<cycle-end id="119" type="scavenge" contextid="113" timestamp="2019-08-07T01:42:39.377" />
  <attribute name="Current GC Util" value="1" />
  <attribute name= "Current Time Running" value="1272" />
<allocation-satisfied id="120" threadId="00000000025E7A00" bytesRequested="1032" />
<af-end id="121" timestamp="2019-08-07T01:42:39.377" threadId="00000000025E8388" success="true" from="nursery"/>
<exclusive-end id="122" timestamp="2019-08-07T01:42:39.377" durationms="1.180" />

<exclusive-start id="123" timestamp="2019-08-07T01:42:39.431" intervalms="55.568">
  <response-info timems="0.075" idlems="0.075" threads="0" lastid="00000000025E7A00" lastname="main" />
</exclusive-start>
<af-start id="124" threadId="00000000025E8388" totalBytesRequested="11032" timestamp="2019-08-07T01:42:39.432" intervalms="55.588" type="nursery" />
<cycle-start id="125" type="scavenge" contextid="0" timestamp="2019-08-07T01:42:39.432" intervalms="55.611" />
<gc-start id="126" type="scavenge" contextid="125" timestamp="2019-08-07T01:42:39.432">
  <mem-info id="127" free="4752808" total="8519680" percent="55">
    <mem type="nursery" free="0" total="2228224" percent="0">
      <mem type="allocate" free="0" total="1638400" percent="0" />
      <mem type="survivor" free="0" total="589824" percent="0" />
    </mem>
    <mem type="tenure" free="4752808" total="6291456" percent="75">
      <mem type="soa" free="4438440" total="5977088" percent="74" />
      <mem type="loa" free="314368" total="314368" percent="100" />
    </mem>
    <remembered-set count="1031" />
  </mem-info>
</gc-start>
<allocation-stats totalBytes="1593640" >
  <allocated-bytes non-tlh="34464" tlh="1559176" />
  <largest-consumer threadName="main" threadId="00000000025E7A00" bytes="1593640" />
</allocation-stats>
<gc-op id="128" type="scavenge" timems="0.569" contextid="125" timestamp="2019-08-07T01:42:39.433">
  <scavenger-info tenureage="3" tenuremask="fff8" tiltratio="73" />
  <memory-copied type="nursery" objects="1412" bytes="136800" bytesdiscarded="23864" />
  <memory-copied type="tenure" objects="310" bytes="9856" bytesdiscarded="0" />
  <finalization candidates="1" enqueued="0" />
  <references type="soft" candidates="1" cleared="0" enqueued="0" dynamicThreshold="32" maxThreshold="32" />
  <references type="weak" candidates="9" cleared="8" enqueued="8" />
  <references type="phantom" candidates="3" cleared="0" enqueued="0" />
</gc-op>
<gc-end id="129" type="scavenge" contextid="125" durationms="0.860" usertimems="4.000" systemtimems="0.000" timestamp="2019-08-07T01:42:39.433" activeThreads="4">
  <mem-info id="130" free="6295968" total="8519680" percent="73">
    <mem type="nursery" free="1543160" total="2228224" percent="69">
      <mem type="allocate" free="1543160" total="1703936" percent="90" />
      <mem type="survivor" free="0" total="524288" percent="0" />
    </mem>
    <mem type="tenure" free="4752808" total="6291456" percent="75">
      <mem type="soa" free="4438440" total="5977088" percent="74" />
      <mem type="loa" free="314368" total="314368" percent="100" />
    </mem>
    <pending-finalizers system="0" default="0" reference="8" classloader="0" />
    <remembered-set count="812" />
  </mem-info>
</gc-end>
<cycle-end id="131" type="scavenge" contextid="125" timestamp="2019-08-07T01:42:39.433" />
  <attribute name="Current GC Util" value="1" />
  <attribute name= "Current Time Running" value="1328" />
<allocation-satisfied id="132" threadId="00000000025E7A00" bytesRequested="11032" />
<af-end id="133" timestamp="2019-08-07T01:42:39.433" threadId="00000000025E8388" success="true" from="nursery"/>
<exclusive-end id="134" timestamp="2019-08-07T01:42:39.433" durationms="1.544" />

<exclusive-start id="135" timestamp="2019-08-07T01:42:39.495" intervalms="63.689">
  <response-info timems="0.026" idlems="0.026" threads="0" lastid="00000000025E7A00" lastname="main" />
</exclusive-start>
<af-start id="136" threadId="00000000025E8388" totalBytesRequested="1608" timestamp="2019-08-07T01:42:39.495" intervalms="63.715" type="nursery" />
<cycle-start id="137" type="scavenge" contextid="0" timestamp="2019-08-07T01:42:39.495" intervalms="63.757" />
<gc-start id="138" type="scavenge" contextid="137" timestamp="2019-08-07T01:42:39.496">
  <mem-info id="139" free="4729528" total="8519680" percent="55">
    <mem type="nursery" free="0" total="2228224" percent="0">
      <mem type="allocate" free="0" total="1703936" percent="0" />
      <mem type="survivor" free="0" total="524288" percent="0" />
    </mem>
    <mem type="tenure" free="4729528" total="6291456" percent="75">
      <mem type="soa" free="4415160" total="5977088" percent="73" />
      <mem type="loa" free="314368" total="314368" percent="100" />
    </mem>
    <remembered-set count="1146" />
  </mem-info>
</gc-start>
<allocation-stats totalBytes="1556872" >
  <allocated-bytes non-tlh="34312" tlh="1522560" />
  <largest-consumer threadName="main" threadId="00000000025E7A00" bytes="1556872" />
</allocation-stats>
<gc-op id="140" type="scavenge" timems="0.500" contextid="137" timestamp="2019-08-07T01:42:39.496">
  <scavenger-info tenureage="6" tenuremask="ffc0" tiltratio="76" />
  <memory-copied type="nursery" objects="2887" bytes="265088" bytesdiscarded="71664" />
  <finalization candidates="2" enqueued="0" />
  <references type="soft" candidates="39" cleared="0" enqueued="0" dynamicThreshold="32" maxThreshold="32" />
  <references type="weak" candidates="12" cleared="10" enqueued="10" />
  <references type="phantom" candidates="4" cleared="0" enqueued="0" />
</gc-op>
<gc-end id="141" type="scavenge" contextid="137" durationms="0.866" usertimems="0.000" systemtimems="0.000" timestamp="2019-08-07T01:42:39.497" activeThreads="4">
  <mem-info id="142" free="6162088" total="8519680" percent="72">
    <mem type="nursery" free="1432560" total="2228224" percent="64">
      <mem type="allocate" free="1432560" total="1769472" percent="80" />
      <mem type="survivor" free="0" total="458752" percent="0" />
    </mem>
    <mem type="tenure" free="4729528" total="6291456" percent="75">
      <mem type="soa" free="4415160" total="5977088" percent="73" />
      <mem type="loa" free="314368" total="314368" percent="100" />
    </mem>
    <pending-finalizers system="0" default="0" reference="10" classloader="0" />
    <remembered-set count="978" />
  </mem-info>
</gc-end>
<cycle-end id="143" type="scavenge" contextid="137" timestamp="2019-08-07T01:42:39.497" />
  <attribute name="Current GC Util" value="1" />
  <attribute name= "Current Time Running" value="1392" />
<allocation-satisfied id="144" threadId="00000000025E7A00" bytesRequested="1608" />
<af-end id="145" timestamp="2019-08-07T01:42:39.497" threadId="00000000025E8388" success="true" from="nursery"/>
<exclusive-end id="146" timestamp="2019-08-07T01:42:39.497" durationms="1.631" />

<exclusive-start id="147" timestamp="2019-08-07T01:42:39.564" intervalms="68.976">
  <response-info timems="0.057" idlems="0.057" threads="0" lastid="00000000025E7A00" lastname="main" />
</exclusive-start>
<af-start id="148" threadId="00000000025E8388" totalBytesRequested="2008" timestamp="2019-08-07T01:42:39.564" intervalms="68.989" type="nursery" />
<cycle-start id="149" type="scavenge" contextid="0" timestamp="2019-08-07T01:42:39.564" intervalms="68.984" />
<gc-start id="150" type="scavenge" contextid="149" timestamp="2019-08-07T01:42:39.565">
  <mem-info id="151" free="4724032" total="8519680" percent="55">
    <mem type="nursery" free="0" total="2228224" percent="0">
      <mem type="allocate" free="0" total="1769472" percent="0" />
      <mem type="survivor" free="0" total="458752" percent="0" />
    </mem>
    <mem type="tenure" free="4724032" total="6291456" percent="75">
      <mem type="soa" free="4409664" total="5977088" percent="73" />
      <mem type="loa" free="314368" total="314368" percent="100" />
    </mem>
    <remembered-set count="1073" />
  </mem-info>
</gc-start>
<allocation-stats totalBytes="1435552" >
  <allocated-bytes non-tlh="7104" tlh="1428448" />
  <largest-consumer threadName="main" threadId="00000000025E7A00" bytes="1435552" />
</allocation-stats>
<gc-op id="152" type="scavenge" timems="0.936" contextid="149" timestamp="2019-08-07T01:42:39.566">
  <scavenger-info tenureage="3" tenuremask="ffe8" tiltratio="79" />
  <memory-copied type="nursery" objects="6458" bytes="436984" bytesdiscarded="21448" />
  <memory-copied type="tenure" objects="218" bytes="9024" bytesdiscarded="0" />
  <copy-failed type="nursery" objects="56" bytes="3304" />
  <finalization candidates="2" enqueued="0" />
  <references type="soft" candidates="51" cleared="0" enqueued="0" dynamicThreshold="32" maxThreshold="32" />
  <references type="weak" candidates="3" cleared="1" enqueued="1" />
  <references type="phantom" candidates="4" cleared="0" enqueued="0" />
</gc-op>
<gc-end id="153" type="scavenge" contextid="149" durationms="1.409" usertimems="0.000" systemtimems="0.000" timestamp="2019-08-07T01:42:39.566" activeThreads="4">
  <mem-info id="154" free="5772608" total="8519680" percent="67">
    <mem type="nursery" free="1048576" total="2228224" percent="47">
      <mem type="allocate" free="1048576" total="1507328" percent="69" />
      <mem type="survivor" free="0" total="720896" percent="0" />
    </mem>
    <mem type="tenure" free="4724032" total="6291456" percent="75">
      <mem type="soa" free="4409664" total="5977088" percent="73" />
      <mem type="loa" free="314368" total="314368" percent="100" />
    </mem>
    <pending-finalizers system="0" default="0" reference="1" classloader="0" />
    <remembered-set count="788" />
  </mem-info>
</gc-end>
<cycle-end id="155" type="scavenge" contextid="149" timestamp="2019-08-07T01:42:39.566" />
  <attribute name="Current GC Util" value="1" />
  <attribute name= "Current Time Running" value="1461" />
<allocation-satisfied id="156" threadId="00000000025E7A00" bytesRequested="2008" />
<af-end id="157" timestamp="2019-08-07T01:42:39.566" threadId="00000000025E8388" success="true" from="nursery"/>
<exclusive-end id="158" timestamp="2019-08-07T01:42:39.566" durationms="2.299" />

<exclusive-start id="159" timestamp="2019-08-07T01:42:39.609" intervalms="45.177">
  <response-info timems="0.069" idlems="0.069" threads="0" lastid="00000000025E7A00" lastname="main" />
</exclusive-start>
<af-start id="160" threadId="00000000025E8388" totalBytesRequested="1200" timestamp="2019-08-07T01:42:39.609" intervalms="45.110" type="nursery" />
<cycle-start id="161" type="scavenge" contextid="0" timestamp="2019-08-07T01:42:39.610" intervalms="45.041" />
<gc-start id="162" type="scavenge" contextid="161" timestamp="2019-08-07T01:42:39.610">
  <mem-info id="163" free="4721256" total="8519680" percent="55">
    <mem type="nursery" free="0" total="2228224" percent="0">
      <mem type="allocate" free="0" total="1507328" percent="0" />
      <mem type="survivor" free="0" total="720896" percent="0" />
    </mem>
    <mem type="tenure" free="4721256" total="6291456" percent="75">
      <mem type="soa" free="4406888" total="5977088" percent="73" />
      <mem type="loa" free="314368" total="314368" percent="100" />
    </mem>
    <remembered-set count="833" />
  </mem-info>
</gc-start>
<allocation-stats totalBytes="1049288" >
  <allocated-bytes non-tlh="4784" tlh="1044504" />
  <largest-consumer threadName="main" threadId="00000000025E7A00" bytes="1049288" />
</allocation-stats>
<gc-op id="164" type="scavenge" timems="0.884" contextid="161" timestamp="2019-08-07T01:42:39.611">
  <scavenger-info tenureage="3" tenuremask="ffe8" tiltratio="67" />
  <memory-copied type="nursery" objects="7910" bytes="419096" bytesdiscarded="56248" />
  <memory-copied type="tenure" objects="1133" bytes="116088" bytesdiscarded="72" />
  <finalization candidates="2" enqueued="0" />
  <references type="soft" candidates="59" cleared="0" enqueued="0" dynamicThreshold="32" maxThreshold="32" />
  <references type="weak" candidates="2" cleared="1" enqueued="1" />
  <references type="phantom" candidates="1" cleared="0" enqueued="0" />
</gc-op>
<gc-end id="165" type="scavenge" contextid="161" durationms="1.065" usertimems="4.000" systemtimems="0.000" timestamp="2019-08-07T01:42:39.611" activeThreads="4">
  <mem-info id="166" free="5729112" total="8519680" percent="67">
    <mem type="nursery" free="1097208" total="2228224" percent="49">
      <mem type="allocate" free="1097208" total="1572864" percent="69" />
      <mem type="survivor" free="0" total="655360" percent="0" />
    </mem>
    <mem type="tenure" free="4631904" total="6291456" percent="73">
      <mem type="soa" free="4317536" total="5977088" percent="72" />
      <mem type="loa" free="314368" total="314368" percent="100" />
    </mem>
    <pending-finalizers system="0" default="0" reference="1" classloader="0" />
    <remembered-set count="343" />
  </mem-info>
</gc-end>
<cycle-end id="167" type="scavenge" contextid="161" timestamp="2019-08-07T01:42:39.611" />
  <attribute name="Current GC Util" value="2" />
  <attribute name= "Current Time Running" value="1506" />
<allocation-satisfied id="168" threadId="00000000025E7A00" bytesRequested="1200" />
<af-end id="169" timestamp="2019-08-07T01:42:39.611" threadId="00000000025E8388" success="true" from="nursery"/>
<exclusive-end id="170" timestamp="2019-08-07T01:42:39.611" durationms="1.583" />

<exclusive-start id="171" timestamp="2019-08-07T01:42:39.614" intervalms="4.688">
  <response-info timems="0.086" idlems="0.086" threads="0" lastid="00000000025E7A00" lastname="main" />
</exclusive-start>
<sys-start reason="explicit" id="172" timestamp="2019-08-07T01:42:39.614" intervalms="1634.105" />
<cycle-start id="173" type="global" contextid="0" timestamp="2019-08-07T01:42:39.627" intervalms="1647.242" />
<gc-start id="174" type="global" contextid="173" timestamp="2019-08-07T01:42:39.628">
  <mem-info id="175" free="5628408" total="8519680" percent="66">
    <mem type="nursery" free="997704" total="2228224" percent="44">
      <mem type="allocate" free="997704" total="1572864" percent="63" />
      <mem type="survivor" free="0" total="655360" percent="0" />
    </mem>
    <mem type="tenure" free="4630704" total="6291456" percent="73">
      <mem type="soa" free="4316336" total="5977088" percent="72" />
      <mem type="loa" free="314368" total="314368" percent="100" />
    </mem>
    <remembered-set count="374" />
  </mem-info>
</gc-start>
<allocation-stats totalBytes="100704" >
  <allocated-bytes non-tlh="2400" tlh="98304" />
  <largest-consumer threadName="main" threadId="00000000025E7A00" bytes="67888" />
</allocation-stats>
<gc-op id="176" type="mark" timems="284.740" contextid="173" timestamp="2019-08-07T01:42:40.148">
  <trace-info objectcount="29404" scancount="23818" scanbytes="869676" />
  <finalization candidates="15" enqueued="0" />
  <references type="soft" candidates="133" cleared="0" enqueued="0" dynamicThreshold="32" maxThreshold="32" />
  <references type="weak" candidates="166" cleared="28" enqueued="20" />
  <references type="phantom" candidates="62" cleared="2" enqueued="2" />
  <stringconstants candidates="3520" cleared="22"  />
</gc-op>
<gc-op id="177" type="classunload" timems="0.269" contextid="173" timestamp="2019-08-07T01:42:40.184">
  <classunload-info classloadercandidates="19" classloadersunloaded="0" classesunloaded="0" anonymousclassesunloaded="0" quiescems="0.000" setupms="0.268" scanms="0.000" postms="0.001" />
</gc-op>
<gc-op id="178" type="sweep" timems="3.458" contextid="173" timestamp="2019-08-07T01:42:40.188" />
<gc-end id="179" type="global" contextid="173" durationms="559.963" usertimems="28.000" systemtimems="0.000" timestamp="2019-08-07T01:42:40.188" activeThreads="4">
  <mem-info id="180" free="5892472" total="8519680" percent="69">
    <mem type="nursery" free="1151216" total="2228224" percent="51">
      <mem type="allocate" free="1151216" total="1572864" percent="73" />
      <mem type="survivor" free="0" total="655360" percent="0" />
    </mem>
    <mem type="tenure" free="4741256" total="6291456" percent="75" micro-fragmented="1814" macro-fragmented="0">
      <mem type="soa" free="4426888" total="5977088" percent="74" />
      <mem type="loa" free="314368" total="314368" percent="100" />
    </mem>
    <pending-finalizers system="0" default="0" reference="22" classloader="0" />
    <remembered-set count="308" />
  </mem-info>
</gc-end>
<cycle-end id="181" type="global" contextid="173" timestamp="2019-08-07T01:42:40.188" />
  <attribute name="Current GC Util" value="5" />
  <attribute name= "Current Time Running" value="2081" />
<sys-end id="182" timestamp="2019-08-07T01:42:40.189" />
<exclusive-end id="183" timestamp="2019-08-07T01:42:40.189" durationms="574.886" />

<exclusive-start id="184" timestamp="2019-08-07T01:42:40.334" intervalms="720.084">
  <response-info timems="0.034" idlems="0.034" threads="0" lastid="0000000002927D00" lastname="Thread-3" />
</exclusive-start>
<af-start id="185" threadId="0000000002928688" totalBytesRequested="72" timestamp="2019-08-07T01:42:40.334" intervalms="724.810" type="nursery" />
<cycle-start id="186" type="scavenge" contextid="0" timestamp="2019-08-07T01:42:40.334" intervalms="724.891" />
<gc-start id="187" type="scavenge" contextid="186" timestamp="2019-08-07T01:42:40.335">
  <mem-info id="188" free="4732616" total="8519680" percent="55">
    <mem type="nursery" free="0" total="2228224" percent="0">
      <mem type="allocate" free="0" total="1572864" percent="0" />
      <mem type="survivor" free="0" total="655360" percent="0" />
    </mem>
    <mem type="tenure" free="4732616" total="6291456" percent="75">
      <mem type="soa" free="4418248" total="5977088" percent="73" />
      <mem type="loa" free="314368" total="314368" percent="100" />
    </mem>
    <remembered-set count="426" />
  </mem-info>
</gc-start>
<allocation-stats totalBytes="1132400" >
  <allocated-bytes non-tlh="322568" tlh="809832" />
  <largest-consumer threadName="Thread-3" threadId="0000000002927D00" bytes="385432" />
</allocation-stats>
<gc-op id="189" type="scavenge" timems="1.318" contextid="186" timestamp="2019-08-07T01:42:40.336">
  <scavenger-info tenureage="3" tenuremask="ffe8" tiltratio="70" />
  <memory-copied type="nursery" objects="7164" bytes="449136" bytesdiscarded="68104" />
  <memory-copied type="tenure" objects="1309" bytes="121576" bytesdiscarded="368" />
  <finalization candidates="1" enqueued="0" />
  <references type="soft" candidates="29" cleared="0" enqueued="0" dynamicThreshold="24" maxThreshold="32" />
  <references type="weak" candidates="21" cleared="5" enqueued="5" />
  <references type="phantom" candidates="13" cleared="0" enqueued="0" />
</gc-op>
<gc-end id="190" type="scavenge" contextid="186" durationms="1.610" usertimems="0.000" systemtimems="0.000" timestamp="2019-08-07T01:42:40.336" activeThreads="4">
  <mem-info id="191" free="5706792" total="8519680" percent="66">
    <mem type="nursery" free="1120720" total="2228224" percent="50">
      <mem type="allocate" free="1120720" total="1638400" percent="68" />
      <mem type="survivor" free="0" total="589824" percent="0" />
    </mem>
    <mem type="tenure" free="4586072" total="6291456" percent="72">
      <mem type="soa" free="4271704" total="5977088" percent="71" />
      <mem type="loa" free="314368" total="314368" percent="100" />
    </mem>
    <pending-finalizers system="0" default="0" reference="5" classloader="0" />
    <remembered-set count="447" />
  </mem-info>
</gc-end>
<cycle-end id="192" type="scavenge" contextid="186" timestamp="2019-08-07T01:42:40.336" />
  <attribute name="Current GC Util" value="5" />
  <attribute name= "Current Time Running" value="2231" />
<allocation-satisfied id="193" threadId="0000000002927D00" bytesRequested="72" />
<af-end id="194" timestamp="2019-08-07T01:42:40.336" threadId="0000000002928688" success="true" from="nursery"/>
<exclusive-end id="195" timestamp="2019-08-07T01:42:40.337" durationms="2.424" />

<exclusive-start id="196" timestamp="2019-08-07T01:42:40.355" intervalms="21.335">
  <response-info timems="0.101" idlems="0.053" threads="1" lastid="000000000293E500" lastname="Thread-9" />
</exclusive-start>
<af-start id="197" threadId="000000000292FE88" totalBytesRequested="6664" timestamp="2019-08-07T01:42:40.356" intervalms="21.335" type="nursery" />
<cycle-start id="198" type="scavenge" contextid="0" timestamp="2019-08-07T01:42:40.356" intervalms="21.277" />
<gc-start id="199" type="scavenge" contextid="198" timestamp="2019-08-07T01:42:40.356">
  <mem-info id="200" free="4583000" total="8519680" percent="53">
    <mem type="nursery" free="0" total="2228224" percent="0">
      <mem type="allocate" free="0" total="1638400" percent="0" />
      <mem type="survivor" free="0" total="589824" percent="0" />
    </mem>
    <mem type="tenure" free="4583000" total="6291456" percent="72">
      <mem type="soa" free="4268632" total="5977088" percent="71" />
      <mem type="loa" free="314368" total="314368" percent="100" />
    </mem>
    <remembered-set count="479" />
  </mem-info>
</gc-start>
<allocation-stats totalBytes="1038048" >
  <allocated-bytes non-tlh="184816" tlh="853232" />
  <largest-consumer threadName="Thread-2" threadId="0000000002924100" bytes="391416" />
</allocation-stats>
<gc-op id="201" type="scavenge" timems="0.931" contextid="198" timestamp="2019-08-07T01:42:40.357">
  <scavenger-info tenureage="5" tenuremask="ffe0" tiltratio="73" />
  <memory-copied type="nursery" objects="3915" bytes="485752" bytesdiscarded="103616" />
  <memory-copied type="tenure" objects="3483" bytes="197040" bytesdiscarded="104" />
  <copy-failed type="nursery" objects="3483" bytes="197040" />
  <finalization candidates="3" enqueued="2" />
  <references type="soft" candidates="29" cleared="0" enqueued="0" dynamicThreshold="24" maxThreshold="32" />
  <references type="weak" candidates="22" cleared="0" enqueued="0" />
  <references type="phantom" candidates="19" cleared="0" enqueued="0" />
</gc-op>
<gc-end id="202" type="scavenge" contextid="198" durationms="1.244" usertimems="0.000" systemtimems="4.000" timestamp="2019-08-07T01:42:40.357" activeThreads="4">
  <mem-info id="203" free="4940688" total="8519680" percent="57">
    <mem type="nursery" free="589824" total="2228224" percent="26">
      <mem type="allocate" free="589824" total="1179648" percent="50" />
      <mem type="survivor" free="0" total="1048576" percent="0" />
    </mem>
    <mem type="tenure" free="4350864" total="6291456" percent="69">
      <mem type="soa" free="4036496" total="5977088" percent="67" />
      <mem type="loa" free="314368" total="314368" percent="100" />
    </mem>
    <pending-finalizers system="2" default="0" reference="0" classloader="0" />
    <remembered-set count="1142" />
  </mem-info>
</gc-end>
<cycle-end id="204" type="scavenge" contextid="198" timestamp="2019-08-07T01:42:40.357" />
  <attribute name="Current GC Util" value="11" />
  <attribute name= "Current Time Running" value="2252" />
<allocation-satisfied id="205" threadId="000000000292F500" bytesRequested="6664" />
<af-end id="206" timestamp="2019-08-07T01:42:40.357" threadId="000000000292FE88" success="true" from="nursery"/>
<exclusive-end id="207" timestamp="2019-08-07T01:42:40.357" durationms="1.882" />

<exclusive-start id="208" timestamp="2019-08-07T01:42:40.359" intervalms="3.110">
  <response-info timems="0.083" idlems="0.083" threads="0" lastid="0000000002933100" lastname="Thread-6" />
</exclusive-start>
<af-start id="209" threadId="0000000002933A88" totalBytesRequested="16392" timestamp="2019-08-07T01:42:40.360" intervalms="3.971" type="nursery" />
<cycle-start id="210" type="scavenge" contextid="0" timestamp="2019-08-07T01:42:40.360" intervalms="4.368" />
<gc-start id="211" type="scavenge" contextid="210" timestamp="2019-08-07T01:42:40.360">
  <mem-info id="212" free="4350176" total="8519680" percent="51">
    <mem type="nursery" free="0" total="2228224" percent="0">
      <mem type="allocate" free="0" total="1179648" percent="0" />
      <mem type="survivor" free="0" total="1048576" percent="0" />
    </mem>
    <mem type="tenure" free="4350176" total="6291456" percent="69">
      <mem type="soa" free="4035808" total="5977088" percent="67" />
      <mem type="loa" free="314368" total="314368" percent="100" />
    </mem>
    <remembered-set count="1153" />
  </mem-info>
</gc-start>
<allocation-stats totalBytes="572576" >
  <allocated-bytes non-tlh="285976" tlh="286600" />
  <largest-consumer threadName="Thread-4" threadId="000000000292B900" bytes="140160" />
</allocation-stats>
<gc-op id="213" type="scavenge" timems="0.786" contextid="210" timestamp="2019-08-07T01:42:40.361">
  <scavenger-info tenureage="3" tenuremask="fff8" tiltratio="52" />
  <memory-copied type="nursery" objects="1101" bytes="789760" bytesdiscarded="135192" />
  <memory-copied type="tenure" objects="2958" bytes="139152" bytesdiscarded="56" />
  <finalization candidates="1" enqueued="0" />
  <references type="soft" candidates="10" cleared="0" enqueued="0" dynamicThreshold="24" maxThreshold="32" />
  <references type="weak" candidates="22" cleared="0" enqueued="0" />
  <references type="phantom" candidates="19" cleared="0" enqueued="0" />
</gc-op>
<heap-resize id="214" type="expand" space="nursery" amount="393216" count="1" timems="0.016" reason="excessive time being spent scavenging" timestamp="2019-08-07T01:42:40.361" />
<gc-end id="215" type="scavenge" contextid="210" durationms="1.093" usertimems="0.000" systemtimems="0.000" timestamp="2019-08-07T01:42:40.361" activeThreads="4">
  <mem-info id="216" free="4574680" total="8912896" percent="51">
    <mem type="nursery" free="451064" total="2621440" percent="17">
      <mem type="allocate" free="451064" total="1376256" percent="32" />
      <mem type="survivor" free="0" total="1245184" percent="0" />
    </mem>
    <mem type="tenure" free="4123616" total="6291456" percent="65">
      <mem type="soa" free="3809248" total="5977088" percent="63" />
      <mem type="loa" free="314368" total="314368" percent="100" />
    </mem>
    <remembered-set count="167" />
  </mem-info>
</gc-end>
<cycle-end id="217" type="scavenge" contextid="210" timestamp="2019-08-07T01:42:40.361" />
  <attribute name="Current GC Util" value="43" />
  <attribute name= "Current Time Running" value="2256" />
<allocation-satisfied id="218" threadId="0000000002933100" bytesRequested="16392" />
<af-end id="219" timestamp="2019-08-07T01:42:40.361" threadId="0000000002933A88" success="true" from="nursery"/>
<exclusive-end id="220" timestamp="2019-08-07T01:42:40.362" durationms="2.993" />

<exclusive-start id="221" timestamp="2019-08-07T01:42:40.365" intervalms="6.225">
  <response-info timems="0.044" idlems="0.026" threads="1" lastid="000000000292B900" lastname="Thread-4" />
</exclusive-start>
<af-start id="222" threadId="000000000292FE88" totalBytesRequested="1032" timestamp="2019-08-07T01:42:40.365" intervalms="5.314" type="nursery" />
<cycle-start id="223" type="scavenge" contextid="0" timestamp="2019-08-07T01:42:40.365" intervalms="4.869" />
<gc-start id="224" type="scavenge" contextid="223" timestamp="2019-08-07T01:42:40.365">
  <mem-info id="225" free="4122960" total="8912896" percent="46">
    <mem type="nursery" free="0" total="2621440" percent="0">
      <mem type="allocate" free="0" total="1376256" percent="0" />
      <mem type="survivor" free="0" total="1245184" percent="0" />
    </mem>
    <mem type="tenure" free="4122960" total="6291456" percent="65">
      <mem type="soa" free="3808592" total="5977088" percent="63" />
      <mem type="loa" free="314368" total="314368" percent="100" />
    </mem>
    <remembered-set count="179" />
  </mem-info>
</gc-start>
<allocation-stats totalBytes="449416" >
  <allocated-bytes non-tlh="279296" tlh="170120" />
  <largest-consumer threadName="Thread-7" threadId="0000000002936D00" bytes="127024" />
</allocation-stats>
<gc-op id="226" type="scavenge" timems="0.442" contextid="223" timestamp="2019-08-07T01:42:40.366">
  <scavenger-info tenureage="3" tenuremask="fff8" tiltratio="52" />
  <memory-copied type="nursery" objects="561" bytes="941512" bytesdiscarded="32712" />
  <memory-copied type="tenure" objects="672" bytes="143736" bytesdiscarded="160" />
  <finalization candidates="1" enqueued="0" />
  <references type="soft" candidates="2" cleared="0" enqueued="0" dynamicThreshold="24" maxThreshold="32" />
  <references type="weak" candidates="9" cleared="0" enqueued="0" />
  <references type="phantom" candidates="15" cleared="0" enqueued="0" />
</gc-op>
<gc-end id="227" type="scavenge" contextid="223" durationms="0.663" usertimems="4.000" systemtimems="0.000" timestamp="2019-08-07T01:42:40.366" activeThreads="4">
  <mem-info id="228" free="4311576" total="8912896" percent="48">
    <mem type="nursery" free="401904" total="2621440" percent="15">
      <mem type="allocate" free="401904" total="1376256" percent="29" />
      <mem type="survivor" free="0" total="1245184" percent="0" />
    </mem>
    <mem type="tenure" free="3909672" total="6291456" percent="62">
      <mem type="soa" free="3595304" total="5977088" percent="60" />
      <mem type="loa" free="314368" total="314368" percent="100" />
    </mem>
    <remembered-set count="159" />
  </mem-info>
</gc-end>
<cycle-end id="229" type="scavenge" contextid="223" timestamp="2019-08-07T01:42:40.366" />
  <attribute name="Current GC Util" value="32" />
  <attribute name= "Current Time Running" value="2261" />
<allocation-satisfied id="230" threadId="000000000292F500" bytesRequested="1032" />
<af-end id="231" timestamp="2019-08-07T01:42:40.366" threadId="000000000292FE88" success="true" from="nursery"/>
<exclusive-end id="232" timestamp="2019-08-07T01:42:40.366" durationms="1.156" />

<exclusive-start id="233" timestamp="2019-08-07T01:42:40.373" intervalms="8.564">
  <response-info timems="0.040" idlems="0.040" threads="0" lastid="000000000292F500" lastname="Thread-5" />
</exclusive-start>
<af-start id="234" threadId="000000000292FE88" totalBytesRequested="520" timestamp="2019-08-07T01:42:40.373" intervalms="8.568" type="nursery" />
<cycle-start id="235" type="scavenge" contextid="0" timestamp="2019-08-07T01:42:40.374" intervalms="8.579" />
<gc-start id="236" type="scavenge" contextid="235" timestamp="2019-08-07T01:42:40.374">
  <mem-info id="237" free="3905376" total="8912896" percent="43">
    <mem type="nursery" free="0" total="2621440" percent="0">
      <mem type="allocate" free="0" total="1376256" percent="0" />
      <mem type="survivor" free="0" total="1245184" percent="0" />
    </mem>
    <mem type="tenure" free="3905376" total="6291456" percent="62">
      <mem type="soa" free="3591008" total="5977088" percent="60" />
      <mem type="loa" free="314368" total="314368" percent="100" />
    </mem>
    <remembered-set count="218" />
  </mem-info>
</gc-start>
<allocation-stats totalBytes="404296" >
  <allocated-bytes non-tlh="28064" tlh="376232" />
  <largest-consumer threadName="Thread-5" threadId="000000000292F500" bytes="294736" />
</allocation-stats>
<gc-op id="238" type="scavenge" timems="0.637" contextid="235" timestamp="2019-08-07T01:42:40.374">
  <scavenger-info tenureage="2" tenuremask="7ffc" tiltratio="52" />
  <memory-copied type="nursery" objects="318" bytes="328288" bytesdiscarded="44496" />
  <memory-copied type="tenure" objects="419" bytes="645672" bytesdiscarded="1112" />
  <finalization candidates="1" enqueued="0" />
  <references type="weak" candidates="1" cleared="1" enqueued="1" />
  <references type="phantom" candidates="8" cleared="0" enqueued="0" />
</gc-op>
<gc-end id="239" type="scavenge" contextid="235" durationms="0.870" usertimems="0.000" systemtimems="0.000" timestamp="2019-08-07T01:42:40.374" activeThreads="4">
  <mem-info id="240" free="4350768" total="8912896" percent="48">
    <mem type="nursery" free="1068952" total="2621440" percent="40">
      <mem type="allocate" free="1068952" total="1441792" percent="74" />
      <mem type="survivor" free="0" total="1179648" percent="0" />
    </mem>
    <mem type="tenure" free="3281816" total="6291456" percent="52">
      <mem type="soa" free="2967448" total="5977088" percent="49" />
      <mem type="loa" free="314368" total="314368" percent="100" />
    </mem>
    <pending-finalizers system="0" default="0" reference="1" classloader="0" />
    <remembered-set count="180" />
  </mem-info>
</gc-end>
<cycle-end id="241" type="scavenge" contextid="235" timestamp="2019-08-07T01:42:40.375" />
  <attribute name="Current GC Util" value="13" />
  <attribute name= "Current Time Running" value="2270" />
<allocation-satisfied id="242" threadId="000000000292F500" bytesRequested="520" />
<af-end id="243" timestamp="2019-08-07T01:42:40.375" threadId="000000000292FE88" success="true" from="nursery"/>
<exclusive-end id="244" timestamp="2019-08-07T01:42:40.375" durationms="1.377" />

<exclusive-start id="245" timestamp="2019-08-07T01:42:40.399" intervalms="25.987">
  <response-info timems="0.059" idlems="0.059" threads="0" lastid="000000000293A900" lastname="Thread-8" />
</exclusive-start>
<af-start id="246" threadId="000000000293B288" totalBytesRequested="24" timestamp="2019-08-07T01:42:40.399" intervalms="26.001" type="nursery" />
<cycle-start id="247" type="scavenge" contextid="0" timestamp="2019-08-07T01:42:40.400" intervalms="26.020" />
<gc-start id="248" type="scavenge" contextid="247" timestamp="2019-08-07T01:42:40.400">
  <mem-info id="249" free="3264728" total="8912896" percent="36">
    <mem type="nursery" free="0" total="2621440" percent="0">
      <mem type="allocate" free="0" total="1441792" percent="0" />
      <mem type="survivor" free="0" total="1179648" percent="0" />
    </mem>
    <mem type="tenure" free="3264728" total="6291456" percent="51">
      <mem type="soa" free="2950360" total="5977088" percent="49" />
      <mem type="loa" free="314368" total="314368" percent="100" />
    </mem>
    <remembered-set count="499" />
  </mem-info>
</gc-start>
<allocation-stats totalBytes="1053552" >
  <allocated-bytes non-tlh="83184" tlh="970368" />
  <largest-consumer threadName="Thread-5" threadId="000000000292F500" bytes="288184" />
</allocation-stats>
<gc-op id="250" type="scavenge" timems="1.153" contextid="247" timestamp="2019-08-07T01:42:40.401">
  <scavenger-info tenureage="3" tenuremask="fff8" tiltratio="55" />
  <memory-copied type="nursery" objects="5275" bytes="831352" bytesdiscarded="77944" />
  <finalization candidates="9" enqueued="0" />
  <references type="soft" candidates="18" cleared="0" enqueued="0" dynamicThreshold="24" maxThreshold="32" />
  <references type="weak" candidates="135" cleared="34" enqueued="20" />
  <references type="phantom" candidates="16" cleared="0" enqueued="0" />
</gc-op>
<gc-end id="251" type="scavenge" contextid="247" durationms="1.349" usertimems="0.000" systemtimems="0.000" timestamp="2019-08-07T01:42:40.401" activeThreads="4">
  <mem-info id="252" free="3666000" total="8912896" percent="41">
    <mem type="nursery" free="401272" total="2621440" percent="15">
      <mem type="allocate" free="401272" total="1310720" percent="30" />
      <mem type="survivor" free="0" total="1310720" percent="0" />
    </mem>
    <mem type="tenure" free="3264728" total="6291456" percent="51">
      <mem type="soa" free="2950360" total="5977088" percent="49" />
      <mem type="loa" free="314368" total="314368" percent="100" />
    </mem>
    <pending-finalizers system="0" default="0" reference="20" classloader="0" />
    <remembered-set count="492" />
  </mem-info>
</gc-end>
<cycle-end id="253" type="scavenge" contextid="247" timestamp="2019-08-07T01:42:40.401" />
  <attribute name="Current GC Util" value="5" />
  <attribute name= "Current Time Running" value="2296" />
<allocation-satisfied id="254" threadId="000000000293A900" bytesRequested="24" />
<af-end id="255" timestamp="2019-08-07T01:42:40.401" threadId="000000000293B288" success="true" from="nursery"/>
<exclusive-end id="256" timestamp="2019-08-07T01:42:40.401" durationms="1.921" />

<exclusive-start id="257" timestamp="2019-08-07T01:42:40.408" intervalms="8.429">
  <response-info timems="0.263" idlems="0.199" threads="2" lastid="0000000002924100" lastname="Thread-2" />
</exclusive-start>
<af-start id="258" threadId="000000000293EE88" totalBytesRequested="24" timestamp="2019-08-07T01:42:40.408" intervalms="8.444" type="nursery" />
<cycle-start id="259" type="scavenge" contextid="0" timestamp="2019-08-07T01:42:40.408" intervalms="8.497" />
<gc-start id="260" type="scavenge" contextid="259" timestamp="2019-08-07T01:42:40.408">
  <mem-info id="261" free="3264520" total="8912896" percent="36">
    <mem type="nursery" free="0" total="2621440" percent="0">
      <mem type="allocate" free="0" total="1310720" percent="0" />
      <mem type="survivor" free="0" total="1310720" percent="0" />
    </mem>
    <mem type="tenure" free="3264520" total="6291456" percent="51">
      <mem type="soa" free="2950152" total="5977088" percent="49" />
      <mem type="loa" free="314368" total="314368" percent="100" />
    </mem>
    <remembered-set count="505" />
  </mem-info>
</gc-start>
<allocation-stats totalBytes="400776" >
  <allocated-bytes non-tlh="49416" tlh="351360" />
  <largest-consumer threadName="Thread-4" threadId="000000000292B900" bytes="90104" />
</allocation-stats>
<gc-op id="262" type="scavenge" timems="0.878" contextid="259" timestamp="2019-08-07T01:42:40.410">
  <scavenger-info tenureage="2" tenuremask="fffc" tiltratio="50" />
  <memory-copied type="nursery" objects="3973" bytes="381680" bytesdiscarded="73680" />
  <memory-copied type="tenure" objects="308" bytes="327904" bytesdiscarded="904" />
  <finalization candidates="9" enqueued="0" />
  <references type="soft" candidates="21" cleared="0" enqueued="0" dynamicThreshold="24" maxThreshold="32" />
  <references type="weak" candidates="105" cleared="5" enqueued="5" />
  <references type="phantom" candidates="6" cleared="0" enqueued="0" />
</gc-op>
<heap-resize id="263" type="expand" space="nursery" amount="262144" count="1" timems="0.017" reason="excessive time being spent scavenging" timestamp="2019-08-07T01:42:40.410" />
<gc-end id="264" type="scavenge" contextid="259" durationms="1.471" usertimems="4.000" systemtimems="0.000" timestamp="2019-08-07T01:42:40.410" activeThreads="4">
  <mem-info id="265" free="3869248" total="9175040" percent="42">
    <mem type="nursery" free="986344" total="2883584" percent="34">
      <mem type="allocate" free="986344" total="1441792" percent="68" />
      <mem type="survivor" free="0" total="1441792" percent="0" />
    </mem>
    <mem type="tenure" free="2882904" total="6291456" percent="45">
      <mem type="soa" free="2568536" total="5977088" percent="42" />
      <mem type="loa" free="314368" total="314368" percent="100" />
    </mem>
    <pending-finalizers system="0" default="0" reference="5" classloader="0" />
    <remembered-set count="473" />
  </mem-info>
</gc-end>
<cycle-end id="266" type="scavenge" contextid="259" timestamp="2019-08-07T01:42:40.410" />
  <attribute name="Current GC Util" value="25" />
  <attribute name= "Current Time Running" value="2305" />
<allocation-satisfied id="267" threadId="000000000293E500" bytesRequested="24" />
<af-end id="268" timestamp="2019-08-07T01:42:40.410" threadId="000000000293EE88" success="true" from="nursery"/>
<exclusive-end id="269" timestamp="2019-08-07T01:42:40.410" durationms="2.480" />

<exclusive-start id="270" timestamp="2019-08-07T01:42:40.456" intervalms="48.748">
  <response-info timems="0.055" idlems="0.031" threads="1" lastid="0000000002933100" lastname="Thread-6" />
</exclusive-start>
<af-start id="271" threadId="0000000002928688" totalBytesRequested="8200" timestamp="2019-08-07T01:42:40.457" intervalms="48.722" type="nursery" />
<cycle-start id="272" type="scavenge" contextid="0" timestamp="2019-08-07T01:42:40.457" intervalms="48.643" />
<gc-start id="273" type="scavenge" contextid="272" timestamp="2019-08-07T01:42:40.457">
  <mem-info id="274" free="2880672" total="9175040" percent="31">
    <mem type="nursery" free="0" total="2883584" percent="0">
      <mem type="allocate" free="0" total="1441792" percent="0" />
      <mem type="survivor" free="0" total="1441792" percent="0" />
    </mem>
    <mem type="tenure" free="2880672" total="6291456" percent="45">
      <mem type="soa" free="2566304" total="5977088" percent="42" />
      <mem type="loa" free="314368" total="314368" percent="100" />
    </mem>
    <remembered-set count="508" />
  </mem-info>
</gc-start>
<allocation-stats totalBytes="959184" >
  <allocated-bytes non-tlh="2256" tlh="956928" />
  <largest-consumer threadName="Thread-6" threadId="0000000002933100" bytes="339224" />
</allocation-stats>
<gc-op id="275" type="scavenge" timems="0.651" contextid="272" timestamp="2019-08-07T01:42:40.458">
  <scavenger-info tenureage="2" tenuremask="7ffc" tiltratio="50" />
  <memory-copied type="nursery" objects="7964" bytes="286184" bytesdiscarded="135968" />
  <memory-copied type="tenure" objects="1978" bytes="163744" bytesdiscarded="8" />
  <finalization candidates="9" enqueued="0" />
  <references type="soft" candidates="3" cleared="0" enqueued="0" dynamicThreshold="24" maxThreshold="32" />
  <references type="weak" candidates="6" cleared="0" enqueued="0" />
  <references type="phantom" candidates="1" cleared="0" enqueued="0" />
</gc-op>
<gc-end id="276" type="scavenge" contextid="272" durationms="0.916" usertimems="0.000" systemtimems="0.000" timestamp="2019-08-07T01:42:40.458" activeThreads="4">
  <mem-info id="277" free="4014232" total="9175040" percent="43">
    <mem type="nursery" free="1281784" total="2883584" percent="44">
      <mem type="allocate" free="1281784" total="1703936" percent="75" />
      <mem type="survivor" free="0" total="1179648" percent="0" />
    </mem>
    <mem type="tenure" free="2732448" total="6291456" percent="43">
      <mem type="soa" free="2418080" total="5977088" percent="40" />
      <mem type="loa" free="314368" total="314368" percent="100" />
    </mem>
    <remembered-set count="180" />
  </mem-info>
</gc-end>
<cycle-end id="278" type="scavenge" contextid="272" timestamp="2019-08-07T01:42:40.458" />
  <attribute name="Current GC Util" value="3" />
  <attribute name= "Current Time Running" value="2353" />
<allocation-satisfied id="279" threadId="0000000002927D00" bytesRequested="8200" />
<af-end id="280" timestamp="2019-08-07T01:42:40.458" threadId="0000000002928688" success="true" from="nursery"/>
<exclusive-end id="281" timestamp="2019-08-07T01:42:40.458" durationms="1.373" />

<exclusive-start id="282" timestamp="2019-08-07T01:42:40.490" intervalms="33.096">
  <response-info timems="0.313" idlems="0.281" threads="2" lastid="000000000260D100" lastname="IProfiler" />
</exclusive-start>
<af-start id="283" threadId="000000000293EE88" totalBytesRequested="4104" timestamp="2019-08-07T01:42:40.490" intervalms="33.111" type="nursery" />
<cycle-start id="284" type="scavenge" contextid="0" timestamp="2019-08-07T01:42:40.490" intervalms="33.128" />
<gc-start id="285" type="scavenge" contextid="284" timestamp="2019-08-07T01:42:40.490">
  <mem-info id="286" free="2721512" total="9175040" percent="29">
    <mem type="nursery" free="0" total="2883584" percent="0">
      <mem type="allocate" free="0" total="1703936" percent="0" />
      <mem type="survivor" free="0" total="1179648" percent="0" />
    </mem>
    <mem type="tenure" free="2721512" total="6291456" percent="43">
      <mem type="soa" free="2407144" total="5977088" percent="40" />
      <mem type="loa" free="314368" total="314368" percent="100" />
    </mem>
    <remembered-set count="353" />
  </mem-info>
</gc-start>
<allocation-stats totalBytes="1280744" >
  <allocated-bytes non-tlh="19136" tlh="1261608" />
  <largest-consumer threadName="Thread-6" threadId="0000000002933100" bytes="448048" />
</allocation-stats>
<gc-op id="287" type="scavenge" timems="1.026" contextid="284" timestamp="2019-08-07T01:42:40.491">
  <scavenger-info tenureage="2" tenuremask="7ffc" tiltratio="59" />
  <memory-copied type="nursery" objects="11079" bytes="775320" bytesdiscarded="156304" />
  <memory-copied type="tenure" objects="235" bytes="13792" bytesdiscarded="0" />
  <references type="weak" candidates="9" cleared="1" enqueued="1" />
</gc-op>
<gc-end id="288" type="scavenge" contextid="284" durationms="1.243" usertimems="0.000" systemtimems="0.000" timestamp="2019-08-07T01:42:40.491" activeThreads="4">
  <mem-info id="289" free="3297136" total="9175040" percent="35">
    <mem type="nursery" free="575624" total="2883584" percent="19">
      <mem type="allocate" free="575624" total="1507328" percent="38" />
      <mem type="survivor" free="0" total="1376256" percent="0" />
    </mem>
    <mem type="tenure" free="2721512" total="6291456" percent="43">
      <mem type="soa" free="2407144" total="5977088" percent="40" />
      <mem type="loa" free="314368" total="314368" percent="100" />
    </mem>
    <pending-finalizers system="0" default="0" reference="1" classloader="0" />
    <remembered-set count="316" />
  </mem-info>
</gc-end>
<cycle-end id="290" type="scavenge" contextid="284" timestamp="2019-08-07T01:42:40.491" />
  <attribute name="Current GC Util" value="5" />
  <attribute name= "Current Time Running" value="2386" />
<allocation-satisfied id="291" threadId="000000000293E500" bytesRequested="4104" />
<af-end id="292" timestamp="2019-08-07T01:42:40.491" threadId="000000000293EE88" success="true" from="nursery"/>
<exclusive-end id="293" timestamp="2019-08-07T01:42:40.491" durationms="1.800" />

<exclusive-start id="294" timestamp="2019-08-07T01:42:40.505" intervalms="15.051">
  <response-info timems="0.220" idlems="0.193" threads="1" lastid="0000000002933100" lastname="Thread-6" />
</exclusive-start>
<af-start id="295" threadId="000000000293B288" totalBytesRequested="5296" timestamp="2019-08-07T01:42:40.505" intervalms="15.009" type="nursery" />
<cycle-start id="296" type="scavenge" contextid="0" timestamp="2019-08-07T01:42:40.505" intervalms="15.040" />
<gc-start id="297" type="scavenge" contextid="296" timestamp="2019-08-07T01:42:40.505">
  <mem-info id="298" free="2714360" total="9175040" percent="29">
    <mem type="nursery" free="0" total="2883584" percent="0">
      <mem type="allocate" free="0" total="1507328" percent="0" />
      <mem type="survivor" free="0" total="1376256" percent="0" />
    </mem>
    <mem type="tenure" free="2714360" total="6291456" percent="43">
      <mem type="soa" free="2399992" total="5977088" percent="40" />
      <mem type="loa" free="314368" total="314368" percent="100" />
    </mem>
    <remembered-set count="471" />
  </mem-info>
</gc-start>
<allocation-stats totalBytes="576352" >
  <allocated-bytes non-tlh="52408" tlh="523944" />
  <largest-consumer threadName="Thread-8" threadId="000000000293A900" bytes="173136" />
</allocation-stats>
<gc-op id="299" type="scavenge" timems="1.244" contextid="296" timestamp="2019-08-07T01:42:40.506">
  <scavenger-info tenureage="1" tenuremask="7ffe" tiltratio="52" />
  <memory-copied type="nursery" objects="964" bytes="126000" bytesdiscarded="179352" />
  <memory-copied type="tenure" objects="11006" bytes="766032" bytesdiscarded="1392" />
  <references type="soft" candidates="3" cleared="0" enqueued="0" dynamicThreshold="24" maxThreshold="32" />
  <references type="weak" candidates="37" cleared="11" enqueued="7" />
  <references type="phantom" candidates="1" cleared="0" enqueued="0" />
</gc-op>
<gc-end id="300" type="scavenge" contextid="296" durationms="1.444" usertimems="0.000" systemtimems="0.000" timestamp="2019-08-07T01:42:40.506" activeThreads="4">
  <mem-info id="301" free="3080824" total="9175040" percent="33">
    <mem type="nursery" free="1267448" total="2883584" percent="43">
      <mem type="allocate" free="1267448" total="1572864" percent="80" />
      <mem type="survivor" free="0" total="1310720" percent="0" />
    </mem>
    <mem type="tenure" free="1813376" total="6291456" percent="28">
      <mem type="soa" free="1499008" total="5977088" percent="25" />
      <mem type="loa" free="314368" total="314368" percent="100" />
    </mem>
    <pending-finalizers system="0" default="0" reference="7" classloader="0" />
    <remembered-set count="490" />
  </mem-info>
</gc-end>
<cycle-end id="302" type="scavenge" contextid="296" timestamp="2019-08-07T01:42:40.506" />
  <attribute name="Current GC Util" value="13" />
  <attribute name= "Current Time Running" value="2401" />
<allocation-satisfied id="303" threadId="000000000293A900" bytesRequested="5296" />
<af-end id="304" timestamp="2019-08-07T01:42:40.507" threadId="000000000293B288" success="true" from="nursery"/>
<exclusive-end id="305" timestamp="2019-08-07T01:42:40.507" durationms="2.020" />

<exclusive-start id="306" timestamp="2019-08-07T01:42:40.560" intervalms="55.089">
  <response-info timems="0.104" idlems="0.104" threads="0" lastid="0000000002927D00" lastname="Thread-3" />
</exclusive-start>
<af-start id="307" threadId="0000000002928688" totalBytesRequested="2056" timestamp="2019-08-07T01:42:40.560" intervalms="55.120" type="nursery" />
<cycle-start id="308" type="scavenge" contextid="0" timestamp="2019-08-07T01:42:40.560" intervalms="55.096" />
<gc-start id="309" type="scavenge" contextid="308" timestamp="2019-08-07T01:42:40.560">
  <mem-info id="310" free="1811392" total="9175040" percent="19">
    <mem type="nursery" free="0" total="2883584" percent="0">
      <mem type="allocate" free="0" total="1572864" percent="0" />
      <mem type="survivor" free="0" total="1310720" percent="0" />
    </mem>
    <mem type="tenure" free="1811392" total="6291456" percent="28">
      <mem type="soa" free="1497024" total="5977088" percent="25" />
      <mem type="loa" free="314368" total="314368" percent="100" />
    </mem>
    <remembered-set count="674" />
  </mem-info>
</gc-start>
<allocation-stats totalBytes="1253504" >
  <allocated-bytes non-tlh="72832" tlh="1180672" />
  <largest-consumer threadName="Thread-3" threadId="0000000002927D00" bytes="428200" />
</allocation-stats>
<gc-op id="311" type="scavenge" timems="0.616" contextid="308" timestamp="2019-08-07T01:42:40.561">
  <scavenger-info tenureage="2" tenuremask="7ffc" tiltratio="54" />
  <memory-copied type="nursery" objects="2117" bytes="519680" bytesdiscarded="199208" />
  <references type="soft" candidates="4" cleared="0" enqueued="0" dynamicThreshold="24" maxThreshold="32" />
  <references type="weak" candidates="26" cleared="2" enqueued="2" />
  <references type="phantom" candidates="2" cleared="0" enqueued="0" />
</gc-op>
<gc-end id="312" type="scavenge" contextid="308" durationms="0.900" usertimems="4.000" systemtimems="0.000" timestamp="2019-08-07T01:42:40.561" activeThreads="4">
  <mem-info id="313" free="2730816" total="9175040" percent="29">
    <mem type="nursery" free="919424" total="2883584" percent="31">
      <mem type="allocate" free="919424" total="1638400" percent="56" />
      <mem type="survivor" free="0" total="1245184" percent="0" />
    </mem>
    <mem type="tenure" free="1811392" total="6291456" percent="28">
      <mem type="soa" free="1497024" total="5977088" percent="25" />
      <mem type="loa" free="314368" total="314368" percent="100" />
    </mem>
    <pending-finalizers system="0" default="0" reference="2" classloader="0" />
    <remembered-set count="505" />
  </mem-info>
</gc-end>
<cycle-end id="314" type="scavenge" contextid="308" timestamp="2019-08-07T01:42:40.561" />
  <attribute name="Current GC Util" value="5" />
  <attribute name= "Current Time Running" value="2456" />
<allocation-satisfied id="315" threadId="0000000002927D00" bytesRequested="2056" />
<af-end id="316" timestamp="2019-08-07T01:42:40.561" threadId="0000000002928688" success="true" from="nursery"/>
<exclusive-end id="317" timestamp="2019-08-07T01:42:40.561" durationms="1.490" />

<exclusive-start id="318" timestamp="2019-08-07T01:42:40.575" intervalms="14.968">
  <response-info timems="0.059" idlems="0.059" threads="0" lastid="0000000002927D00" lastname="Thread-3" />
</exclusive-start>
<af-start id="319" threadId="0000000002928688" totalBytesRequested="48" timestamp="2019-08-07T01:42:40.575" intervalms="14.954" type="nursery" />
<cycle-start id="320" type="scavenge" contextid="0" timestamp="2019-08-07T01:42:40.575" intervalms="14.932" />
<gc-start id="321" type="scavenge" contextid="320" timestamp="2019-08-07T01:42:40.575">
  <mem-info id="322" free="1810880" total="9175040" percent="19">
    <mem type="nursery" free="0" total="2883584" percent="0">
      <mem type="allocate" free="0" total="1638400" percent="0" />
      <mem type="survivor" free="0" total="1245184" percent="0" />
    </mem>
    <mem type="tenure" free="1810880" total="6291456" percent="28">
      <mem type="soa" free="1496512" total="5977088" percent="25" />
      <mem type="loa" free="314368" total="314368" percent="100" />
    </mem>
    <remembered-set count="583" />
  </mem-info>
</gc-start>
<allocation-stats totalBytes="867696" >
  <allocated-bytes non-tlh="51736" tlh="815960" />
  <largest-consumer threadName="Thread-8" threadId="000000000293A900" bytes="590784" />
</allocation-stats>
<gc-op id="323" type="scavenge" timems="0.794" contextid="320" timestamp="2019-08-07T01:42:40.576">
  <scavenger-info tenureage="1" tenuremask="7ffe" tiltratio="56" />
  <memory-copied type="nursery" objects="765" bytes="248752" bytesdiscarded="319088" />
  <memory-copied type="tenure" objects="2013" bytes="471432" bytesdiscarded="832" />
  <references type="weak" candidates="1" cleared="1" enqueued="1" />
  <references type="phantom" candidates="1" cleared="0" enqueued="0" />
</gc-op>
<heap-resize id="324" type="expand" space="nursery" amount="131072" count="1" timems="0.013" reason="excessive time being spent scavenging" timestamp="2019-08-07T01:42:40.576" />
<gc-end id="325" type="scavenge" contextid="320" durationms="1.093" usertimems="0.000" systemtimems="0.000" timestamp="2019-08-07T01:42:40.576" activeThreads="4">
  <mem-info id="326" free="2523896" total="9306112" percent="27">
    <mem type="nursery" free="1267120" total="3014656" percent="42">
      <mem type="allocate" free="1267120" total="1835008" percent="69" />
      <mem type="survivor" free="0" total="1179648" percent="0" />
    </mem>
    <mem type="tenure" free="1256776" total="6291456" percent="19">
      <mem type="soa" free="942408" total="5977088" percent="15" />
      <mem type="loa" free="314368" total="314368" percent="100" />
    </mem>
    <pending-finalizers system="0" default="0" reference="1" classloader="0" />
    <remembered-set count="257" />
  </mem-info>
</gc-end>
<cycle-end id="327" type="scavenge" contextid="320" timestamp="2019-08-07T01:42:40.576" />
  <attribute name="Current GC Util" value="10" />
  <attribute name= "Current Time Running" value="2471" />
<allocation-satisfied id="328" threadId="0000000002927D00" bytesRequested="48" />
<af-end id="329" timestamp="2019-08-07T01:42:40.576" threadId="0000000002928688" success="true" from="nursery"/>
<exclusive-end id="330" timestamp="2019-08-07T01:42:40.576" durationms="1.635" />

<exclusive-start id="331" timestamp="2019-08-07T01:42:40.635" intervalms="60.038">
  <response-info timems="0.079" idlems="0.079" threads="0" lastid="000000000292F500" lastname="Thread-5" />
</exclusive-start>
<af-start id="332" threadId="000000000292FE88" totalBytesRequested="16392" timestamp="2019-08-07T01:42:40.635" intervalms="60.068" type="nursery" />
<cycle-start id="333" type="scavenge" contextid="0" timestamp="2019-08-07T01:42:40.635" intervalms="60.076" />
<gc-start id="334" type="scavenge" contextid="333" timestamp="2019-08-07T01:42:40.635">
  <mem-info id="335" free="1256704" total="9306112" percent="13">
    <mem type="nursery" free="0" total="3014656" percent="0">
      <mem type="allocate" free="0" total="1835008" percent="0" />
      <mem type="survivor" free="0" total="1179648" percent="0" />
    </mem>
    <mem type="tenure" free="1256704" total="6291456" percent="19">
      <mem type="soa" free="942336" total="5977088" percent="15" />
      <mem type="loa" free="314368" total="314368" percent="100" />
    </mem>
    <remembered-set count="423" />
  </mem-info>
</gc-start>
<allocation-stats totalBytes="1232600" >
  <allocated-bytes non-tlh="131232" tlh="1101368" />
  <largest-consumer threadName="Thread-9" threadId="000000000293E500" bytes="541480" />
</allocation-stats>
<gc-op id="336" type="scavenge" timems="0.730" contextid="333" timestamp="2019-08-07T01:42:40.636">
  <scavenger-info tenureage="1" tenuremask="7ffe" tiltratio="60" />
  <memory-copied type="nursery" objects="1182" bytes="448360" bytesdiscarded="200368" />
  <memory-copied type="tenure" objects="695" bytes="243680" bytesdiscarded="1152" />
  <references type="weak" candidates="1" cleared="0" enqueued="0" />
  <references type="phantom" candidates="1" cleared="0" enqueued="0" />
</gc-op>
<gc-end id="337" type="scavenge" contextid="333" durationms="0.961" usertimems="4.000" systemtimems="0.000" timestamp="2019-08-07T01:42:40.636" activeThreads="4">
  <mem-info id="338" free="2292344" total="9306112" percent="24">
    <mem type="nursery" free="1317320" total="3014656" percent="43">
      <mem type="allocate" free="1317320" total="1966080" percent="67" />
      <mem type="survivor" free="0" total="1048576" percent="0" />
    </mem>
    <mem type="tenure" free="975024" total="6291456" percent="15">
      <mem type="soa" free="660656" total="5977088" percent="11" />
      <mem type="loa" free="314368" total="314368" percent="100" />
    </mem>
    <remembered-set count="259" />
  </mem-info>
</gc-end>
<cycle-end id="339" type="scavenge" contextid="333" timestamp="2019-08-07T01:42:40.636" />
  <attribute name="Current GC Util" value="3" />
  <attribute name= "Current Time Running" value="2531" />
<allocation-satisfied id="340" threadId="000000000292F500" bytesRequested="16392" />
<af-end id="341" timestamp="2019-08-07T01:42:40.636" threadId="000000000292FE88" success="true" from="nursery"/>
<exclusive-end id="342" timestamp="2019-08-07T01:42:40.636" durationms="1.532" />

<exclusive-start id="343" timestamp="2019-08-07T01:42:40.666" intervalms="30.888">
  <response-info timems="0.059" idlems="0.059" threads="0" lastid="000000000292B900" lastname="Thread-4" />
</exclusive-start>
<af-start id="344" threadId="000000000292C288" totalBytesRequested="2056" timestamp="2019-08-07T01:42:40.666" intervalms="31.017" type="nursery" />
<cycle-start id="345" type="scavenge" contextid="0" timestamp="2019-08-07T01:42:40.666" intervalms="31.040" />
<gc-start id="346" type="scavenge" contextid="345" timestamp="2019-08-07T01:42:40.666">
  <mem-info id="347" free="975024" total="9306112" percent="10">
    <mem type="nursery" free="0" total="3014656" percent="0">
      <mem type="allocate" free="0" total="1966080" percent="0" />
      <mem type="survivor" free="0" total="1048576" percent="0" />
    </mem>
    <mem type="tenure" free="975024" total="6291456" percent="15">
      <mem type="soa" free="660656" total="5977088" percent="11" />
      <mem type="loa" free="314368" total="314368" percent="100" />
    </mem>
    <remembered-set count="371" />
  </mem-info>
</gc-start>
<allocation-stats totalBytes="1289840" >
  <allocated-bytes non-tlh="180288" tlh="1109552" />
  <largest-consumer threadName="Thread-5" threadId="000000000292F500" bytes="670528" />
</allocation-stats>
<gc-op id="348" type="scavenge" timems="0.747" contextid="345" timestamp="2019-08-07T01:42:40.667">
  <scavenger-info tenureage="1" tenuremask="7ffe" tiltratio="65" />
  <memory-copied type="nursery" objects="1063" bytes="435720" bytesdiscarded="186176" />
  <memory-copied type="tenure" objects="1070" bytes="418024" bytesdiscarded="928" />
  <references type="phantom" candidates="2" cleared="0" enqueued="0" />
</gc-op>
<gc-end id="349" type="scavenge" contextid="345" durationms="1.038" usertimems="0.000" systemtimems="0.000" timestamp="2019-08-07T01:42:40.667" activeThreads="4">
  <mem-info id="350" free="1926320" total="9306112" percent="20">
    <mem type="nursery" free="1475208" total="3014656" percent="48">
      <mem type="allocate" free="1475208" total="2097152" percent="70" />
      <mem type="survivor" free="0" total="917504" percent="0" />
    </mem>
    <mem type="tenure" free="451112" total="6291456" percent="7">
      <mem type="soa" free="136744" total="5977088" percent="2" />
      <mem type="loa" free="314368" total="314368" percent="100" />
    </mem>
    <remembered-set count="208" />
  </mem-info>
</gc-end>
<cycle-end id="351" type="scavenge" contextid="345" timestamp="2019-08-07T01:42:40.667" />
  <attribute name="Current GC Util" value="6" />
  <attribute name= "Current Time Running" value="2562" />
<allocation-satisfied id="352" threadId="000000000292B900" bytesRequested="2056" />
<af-end id="353" timestamp="2019-08-07T01:42:40.667" threadId="000000000292C288" success="true" from="nursery"/>
<exclusive-end id="354" timestamp="2019-08-07T01:42:40.667" durationms="1.758" />

<concurrent-kickoff id="355" timestamp="2019-08-07T01:42:40.685">
  <kickoff reason="threshold reached" targetBytes="1867303" thresholdFreeBytes="258252"  remainingFree="234112" tenureFreeBytes="451080" nurseryFreeBytes="234112" />
</concurrent-kickoff>
<exclusive-start id="356" timestamp="2019-08-07T01:42:40.686" intervalms="19.999">
  <response-info timems="0.075" idlems="0.075" threads="0" lastid="0000000002924100" lastname="Thread-2" />
</exclusive-start>
<cycle-start id="357" type="global" contextid="0" timestamp="2019-08-07T01:42:40.686" intervalms="1058.907" />
<exclusive-end id="358" timestamp="2019-08-07T01:42:40.686" durationms="0.616" />

<exclusive-start id="359" timestamp="2019-08-07T01:42:40.689" intervalms="3.133">
  <response-info timems="0.118" idlems="0.118" threads="0" lastid="000000000292B900" lastname="Thread-4" />
</exclusive-start>
<af-start id="360" threadId="000000000292C288" totalBytesRequested="16392" timestamp="2019-08-07T01:42:40.689" intervalms="22.968" type="nursery" />
<percolate-collect id="361" from="nursery" to="global" reason="concurrent mark exhausted" timestamp="2019-08-07T01:42:40.689"/>
<gc-start id="362" type="global" contextid="357" timestamp="2019-08-07T01:42:40.689">
  <mem-info id="363" free="451080" total="9306112" percent="4">
    <mem type="nursery" free="0" total="3014656" percent="0">
      <mem type="allocate" free="0" total="2097152" percent="0" />
      <mem type="survivor" free="0" total="917504" percent="0" />
    </mem>
    <mem type="tenure" free="451080" total="6291456" percent="7">
      <mem type="soa" free="136712" total="5977088" percent="2" />
      <mem type="loa" free="314368" total="314368" percent="100" />
    </mem>
    <remembered-set count="352" />
  </mem-info>
</gc-start>
<allocation-stats totalBytes="1379056" >
  <allocated-bytes non-tlh="215152" tlh="1163904" />
  <largest-consumer threadName="Thread-8" threadId="000000000293A900" bytes="381272" />
</allocation-stats>
<concurrent-halted id="364" timestamp="2019-08-07T01:42:40.689">
  <halted state="Complete" status="exhausted" />
  <traced bytesTarget="1867303" bytesTotal="1493580" bytesByMutator="1199072" bytesByHelper="294508" percent="79" />
  <cards cleaned="83" thresholdBytes="101735" />
</concurrent-halted>
<gc-op id="365" type="rs-scan" timems="0.298" contextid="357" timestamp="2019-08-07T01:42:40.689">
  <scan objectsFound="235" bytesTraced="79604" workStackOverflowCount="0" />
</gc-op>
<gc-op id="366" type="card-cleaning" timems="0.250" contextid="357" timestamp="2019-08-07T01:42:40.690">
  <card-cleaning cardsCleaned="9" bytesTraced="379984" workStackOverflowCount="0" />
</gc-op>
<gc-op id="367" type="mark" timems="0.742" contextid="357" timestamp="2019-08-07T01:42:40.690">
  <trace-info objectcount="15612" scancount="12246" scanbytes="627700" />
  <finalization candidates="25" enqueued="0" />
  <references type="soft" candidates="168" cleared="0" enqueued="0" dynamicThreshold="24" maxThreshold="32" />
  <references type="weak" candidates="271" cleared="9" enqueued="8" />
  <references type="phantom" candidates="83" cleared="2" enqueued="2" />
  <stringconstants candidates="3947" cleared="0"  />
</gc-op>
<gc-op id="368" type="sweep" timems="0.252" contextid="357" timestamp="2019-08-07T01:42:40.691" />
<gc-end id="369" type="global" contextid="357" durationms="1.930" usertimems="4.000" systemtimems="0.000" timestamp="2019-08-07T01:42:40.691" activeThreads="4">
  <mem-info id="370" free="4075808" total="9306112" percent="43">
    <mem type="nursery" free="1338496" total="3014656" percent="44">
      <mem type="allocate" free="1338496" total="2097152" percent="63" />
      <mem type="survivor" free="0" total="917504" percent="0" />
    </mem>
    <mem type="tenure" free="2737312" total="6291456" percent="43" micro-fragmented="50619" macro-fragmented="0">
      <mem type="soa" free="2422944" total="5977088" percent="40" />
      <mem type="loa" free="314368" total="314368" percent="100" />
    </mem>
    <pending-finalizers system="0" default="0" reference="10" classloader="0" />
    <remembered-set count="298" />
  </mem-info>
</gc-end>
<cycle-end id="371" type="global" contextid="357" timestamp="2019-08-07T01:42:40.691" />
  <attribute name="Current GC Util" value="152" />
  <attribute name= "Current Time Running" value="2587" />
<allocation-satisfied id="372" threadId="000000000292B900" bytesRequested="16392" />
<af-end id="373" timestamp="2019-08-07T01:42:40.691" threadId="000000000292C288" success="true" from="nursery"/>
<exclusive-end id="374" timestamp="2019-08-07T01:42:40.691" durationms="2.459" />

<exclusive-start id="375" timestamp="2019-08-07T01:42:40.728" intervalms="39.503">
  <response-info timems="0.059" idlems="0.059" threads="0" lastid="000000000293A900" lastname="Thread-8" />
</exclusive-start>
<af-start id="376" threadId="000000000293B288" totalBytesRequested="48" timestamp="2019-08-07T01:42:40.728" intervalms="39.580" type="nursery" />
<cycle-start id="377" type="scavenge" contextid="0" timestamp="2019-08-07T01:42:40.728" intervalms="62.506" />
<gc-start id="378" type="scavenge" contextid="377" timestamp="2019-08-07T01:42:40.729">
  <mem-info id="379" free="2737280" total="9306112" percent="29">
    <mem type="nursery" free="0" total="3014656" percent="0">
      <mem type="allocate" free="0" total="2097152" percent="0" />
      <mem type="survivor" free="0" total="917504" percent="0" />
    </mem>
    <mem type="tenure" free="2737280" total="6291456" percent="43">
      <mem type="soa" free="2422912" total="5977088" percent="40" />
      <mem type="loa" free="314368" total="314368" percent="100" />
    </mem>
    <remembered-set count="413" />
  </mem-info>
</gc-start>
<allocation-stats totalBytes="1316736" >
  <allocated-bytes non-tlh="321744" tlh="994992" />
  <largest-consumer threadName="Thread-3" threadId="0000000002927D00" bytes="378360" />
</allocation-stats>
<gc-op id="380" type="scavenge" timems="0.713" contextid="377" timestamp="2019-08-07T01:42:40.729">
  <scavenger-info tenureage="1" tenuremask="7ffe" tiltratio="69" />
  <memory-copied type="nursery" objects="2943" bytes="913864" bytesdiscarded="3544" />
  <memory-copied type="tenure" objects="783" bytes="543168" bytesdiscarded="4608" />
  <copy-failed type="nursery" objects="209" bytes="319552" />
</gc-op>
<gc-end id="381" type="scavenge" contextid="377" durationms="0.903" usertimems="0.000" systemtimems="0.000" timestamp="2019-08-07T01:42:40.729" activeThreads="4">
  <mem-info id="382" free="2568920" total="9306112" percent="27">
    <mem type="nursery" free="589824" total="3014656" percent="19">
      <mem type="allocate" free="589824" total="1507328" percent="39" />
      <mem type="survivor" free="0" total="1507328" percent="0" />
    </mem>
    <mem type="tenure" free="1979096" total="6291456" percent="31">
      <mem type="soa" free="1664728" total="5977088" percent="27" />
      <mem type="loa" free="314368" total="314368" percent="100" />
    </mem>
    <remembered-set count="288" />
  </mem-info>
</gc-end>
<cycle-end id="383" type="scavenge" contextid="377" timestamp="2019-08-07T01:42:40.730" />
  <attribute name="Current GC Util" value="8" />
  <attribute name= "Current Time Running" value="2625" />
<allocation-satisfied id="384" threadId="000000000293A900" bytesRequested="48" />
<af-end id="385" timestamp="2019-08-07T01:42:40.730" threadId="000000000293B288" success="true" from="nursery"/>
<exclusive-end id="386" timestamp="2019-08-07T01:42:40.730" durationms="1.391" />

<exclusive-start id="387" timestamp="2019-08-07T01:42:40.749" intervalms="20.759">
  <response-info timems="0.131" idlems="0.078" threads="1" lastid="000000000293A900" lastname="Thread-8" />
</exclusive-start>
<af-start id="388" threadId="0000000002933A88" totalBytesRequested="16392" timestamp="2019-08-07T01:42:40.749" intervalms="20.699" type="nursery" />
<cycle-start id="389" type="scavenge" contextid="0" timestamp="2019-08-07T01:42:40.749" intervalms="20.710" />
<gc-start id="390" type="scavenge" contextid="389" timestamp="2019-08-07T01:42:40.749">
  <mem-info id="391" free="1979096" total="9306112" percent="21">
    <mem type="nursery" free="0" total="3014656" percent="0">
      <mem type="allocate" free="0" total="1507328" percent="0" />
      <mem type="survivor" free="0" total="1507328" percent="0" />
    </mem>
    <mem type="tenure" free="1979096" total="6291456" percent="31">
      <mem type="soa" free="1664728" total="5977088" percent="27" />
      <mem type="loa" free="314368" total="314368" percent="100" />
    </mem>
    <remembered-set count="374" />
  </mem-info>
</gc-start>
<allocation-stats totalBytes="547144" >
  <allocated-bytes non-tlh="32824" tlh="514320" />
  <largest-consumer threadName="Thread-6" threadId="0000000002933100" bytes="182648" />
</allocation-stats>
<gc-op id="392" type="scavenge" timems="0.672" contextid="389" timestamp="2019-08-07T01:42:40.750">
  <scavenger-info tenureage="1" tenuremask="7ffe" tiltratio="50" />
  <memory-copied type="nursery" objects="160" bytes="78528" bytesdiscarded="161840" />
  <memory-copied type="tenure" objects="2445" bytes="849096" bytesdiscarded="6616" />
</gc-op>
<gc-end id="393" type="scavenge" contextid="389" durationms="0.874" usertimems="4.000" systemtimems="0.000" timestamp="2019-08-07T01:42:40.750" activeThreads="4">
  <mem-info id="394" free="2486128" total="9306112" percent="26">
    <mem type="nursery" free="1266944" total="3014656" percent="42">
      <mem type="allocate" free="1266944" total="1507328" percent="84" />
      <mem type="survivor" free="0" total="1507328" percent="0" />
    </mem>
    <mem type="tenure" free="1219184" total="6291456" percent="19">
      <mem type="soa" free="904816" total="5977088" percent="15" />
      <mem type="loa" free="314368" total="314368" percent="100" />
    </mem>
    <remembered-set count="232" />
  </mem-info>
</gc-end>
<cycle-end id="395" type="scavenge" contextid="389" timestamp="2019-08-07T01:42:40.750" />
  <attribute name="Current GC Util" value="9" />
  <attribute name= "Current Time Running" value="2646" />
<allocation-satisfied id="396" threadId="0000000002933100" bytesRequested="16392" />
<af-end id="397" timestamp="2019-08-07T01:42:40.750" threadId="0000000002933A88" success="true" from="nursery"/>
<exclusive-end id="398" timestamp="2019-08-07T01:42:40.750" durationms="1.397" />

<exclusive-start id="399" timestamp="2019-08-07T01:42:40.774" intervalms="25.027">
  <response-info timems="0.056" idlems="0.056" threads="0" lastid="000000000292F500" lastname="Thread-5" />
</exclusive-start>
<af-start id="400" threadId="000000000292FE88" totalBytesRequested="16392" timestamp="2019-08-07T01:42:40.774" intervalms="25.052" type="nursery" />
<cycle-start id="401" type="scavenge" contextid="0" timestamp="2019-08-07T01:42:40.774" intervalms="25.030" />
<gc-start id="402" type="scavenge" contextid="401" timestamp="2019-08-07T01:42:40.774">
  <mem-info id="403" free="1219184" total="9306112" percent="13">
    <mem type="nursery" free="0" total="3014656" percent="0">
      <mem type="allocate" free="0" total="1507328" percent="0" />
      <mem type="survivor" free="0" total="1507328" percent="0" />
    </mem>
    <mem type="tenure" free="1219184" total="6291456" percent="19">
      <mem type="soa" free="904816" total="5977088" percent="15" />
      <mem type="loa" free="314368" total="314368" percent="100" />
    </mem>
    <remembered-set count="369" />
  </mem-info>
</gc-start>
<allocation-stats totalBytes="1194200" >
  <allocated-bytes non-tlh="163888" tlh="1030312" />
  <largest-consumer threadName="Thread-4" threadId="000000000292B900" bytes="377872" />
</allocation-stats>
<gc-op id="404" type="scavenge" timems="0.456" contextid="401" timestamp="2019-08-07T01:42:40.775">
  <scavenger-info tenureage="2" tenuremask="7ffc" tiltratio="50" />
  <memory-copied type="nursery" objects="1573" bytes="658976" bytesdiscarded="261368" />
  <references type="weak" candidates="1" cleared="0" enqueued="0" />
  <references type="phantom" candidates="2" cleared="0" enqueued="0" />
</gc-op>
<gc-end id="405" type="scavenge" contextid="401" durationms="0.662" usertimems="4.000" systemtimems="0.000" timestamp="2019-08-07T01:42:40.775" activeThreads="4">
  <mem-info id="406" free="1806104" total="9306112" percent="19">
    <mem type="nursery" free="586920" total="3014656" percent="19">
      <mem type="allocate" free="586920" total="1507328" percent="38" />
      <mem type="survivor" free="0" total="1507328" percent="0" />
    </mem>
    <mem type="tenure" free="1219184" total="6291456" percent="19">
      <mem type="soa" free="904816" total="5977088" percent="15" />
      <mem type="loa" free="314368" total="314368" percent="100" />
    </mem>
    <remembered-set count="257" />
  </mem-info>
</gc-end>
<cycle-end id="407" type="scavenge" contextid="401" timestamp="2019-08-07T01:42:40.775" />
  <attribute name="Current GC Util" value="8" />
  <attribute name= "Current Time Running" value="2671" />
<allocation-satisfied id="408" threadId="000000000292F500" bytesRequested="16392" />
<af-end id="409" timestamp="2019-08-07T01:42:40.775" threadId="000000000292FE88" success="true" from="nursery"/>
<exclusive-end id="410" timestamp="2019-08-07T01:42:40.775" durationms="1.218" />

<exclusive-start id="411" timestamp="2019-08-07T01:42:40.778" intervalms="3.788">
  <response-info timems="0.044" idlems="0.044" threads="0" lastid="0000000002927D00" lastname="Thread-3" />
</exclusive-start>
<af-start id="412" threadId="0000000002928688" totalBytesRequested="8200" timestamp="2019-08-07T01:42:40.778" intervalms="3.735" type="nursery" />
<cycle-start id="413" type="scavenge" contextid="0" timestamp="2019-08-07T01:42:40.778" intervalms="3.755" />
<gc-start id="414" type="scavenge" contextid="413" timestamp="2019-08-07T01:42:40.778">
  <mem-info id="415" free="1219184" total="9306112" percent="13">
    <mem type="nursery" free="0" total="3014656" percent="0">
      <mem type="allocate" free="0" total="1507328" percent="0" />
      <mem type="survivor" free="0" total="1507328" percent="0" />
    </mem>
    <mem type="tenure" free="1219184" total="6291456" percent="19">
      <mem type="soa" free="904816" total="5977088" percent="15" />
      <mem type="loa" free="314368" total="314368" percent="100" />
    </mem>
    <remembered-set count="311" />
  </mem-info>
</gc-start>
<allocation-stats totalBytes="564056" >
  <allocated-bytes non-tlh="147512" tlh="416544" />
  <largest-consumer threadName="Thread-5" threadId="000000000292F500" bytes="232784" />
</allocation-stats>
<gc-op id="416" type="scavenge" timems="0.679" contextid="413" timestamp="2019-08-07T01:42:40.779">
  <scavenger-info tenureage="1" tenuremask="7ffe" tiltratio="50" />
  <memory-copied type="nursery" objects="802" bytes="338768" bytesdiscarded="54456" />
  <memory-copied type="tenure" objects="1504" bytes="647048" bytesdiscarded="6392" />
  <references type="phantom" candidates="2" cleared="0" enqueued="0" />
</gc-op>
<gc-end id="417" type="scavenge" contextid="413" durationms="0.874" usertimems="0.000" systemtimems="0.000" timestamp="2019-08-07T01:42:40.779" activeThreads="4">
  <mem-info id="418" free="1640744" total="9306112" percent="17">
    <mem type="nursery" free="1114072" total="3014656" percent="36">
      <mem type="allocate" free="1114072" total="1507328" percent="73" />
      <mem type="survivor" free="0" total="1507328" percent="0" />
    </mem>
    <mem type="tenure" free="526672" total="6291456" percent="8">
      <mem type="soa" free="212304" total="5977088" percent="3" />
      <mem type="loa" free="314368" total="314368" percent="100" />
    </mem>
    <remembered-set count="207" />
  </mem-info>
</gc-end>
<cycle-end id="419" type="scavenge" contextid="413" timestamp="2019-08-07T01:42:40.779" />
  <attribute name="Current GC Util" value="33" />
  <attribute name= "Current Time Running" value="2674" />
<allocation-satisfied id="420" threadId="0000000002927D00" bytesRequested="8200" />
<af-end id="421" timestamp="2019-08-07T01:42:40.779" threadId="0000000002928688" success="true" from="nursery"/>
<exclusive-end id="422" timestamp="2019-08-07T01:42:40.779" durationms="1.342" />

<concurrent-kickoff id="423" timestamp="2019-08-07T01:42:40.792">
  <kickoff reason="threshold reached" targetBytes="1788718" thresholdFreeBytes="243947"  remainingFree="241584" tenureFreeBytes="526672" nurseryFreeBytes="241584" />
</concurrent-kickoff>
<exclusive-start id="424" timestamp="2019-08-07T01:42:40.792" intervalms="14.483">
  <response-info timems="0.052" idlems="0.052" threads="0" lastid="000000000292B900" lastname="Thread-4" />
</exclusive-start>
<cycle-start id="425" type="global" contextid="0" timestamp="2019-08-07T01:42:40.792" intervalms="106.275" />
<exclusive-end id="426" timestamp="2019-08-07T01:42:40.793" durationms="0.205" />

<exclusive-start id="427" timestamp="2019-08-07T01:42:40.803" intervalms="10.603">
  <response-info timems="0.064" idlems="0.064" threads="0" lastid="0000000002936D00" lastname="Thread-7" />
</exclusive-start>
<af-start id="428" threadId="0000000002937688" totalBytesRequested="48" timestamp="2019-08-07T01:42:40.803" intervalms="25.116" type="nursery" />
<percolate-collect id="429" from="nursery" to="global" reason="concurrent mark exhausted" timestamp="2019-08-07T01:42:40.803"/>
<gc-start id="430" type="global" contextid="425" timestamp="2019-08-07T01:42:40.803">
  <mem-info id="431" free="526672" total="9306112" percent="5">
    <mem type="nursery" free="0" total="3014656" percent="0">
      <mem type="allocate" free="0" total="1507328" percent="0" />
      <mem type="survivor" free="0" total="1507328" percent="0" />
    </mem>
    <mem type="tenure" free="526672" total="6291456" percent="8">
      <mem type="soa" free="212304" total="5977088" percent="3" />
      <mem type="loa" free="314368" total="314368" percent="100" />
    </mem>
    <remembered-set count="406" />
  </mem-info>
</gc-start>
<allocation-stats totalBytes="1109088" >
  <allocated-bytes non-tlh="106536" tlh="1002552" />
  <largest-consumer threadName="Thread-2" threadId="0000000002924100" bytes="451112" />
</allocation-stats>
<concurrent-halted id="432" timestamp="2019-08-07T01:42:40.803">
  <halted state="Complete" status="exhausted" />
  <traced bytesTarget="1788718" bytesTotal="2364624" bytesByMutator="781368" bytesByHelper="1583256" percent="132" />
  <cards cleaned="175" thresholdBytes="96100" />
</concurrent-halted>
<gc-op id="433" type="rs-scan" timems="0.224" contextid="425" timestamp="2019-08-07T01:42:40.804">
  <scan objectsFound="214" bytesTraced="33424" workStackOverflowCount="0" />
</gc-op>
<gc-op id="434" type="card-cleaning" timems="0.244" contextid="425" timestamp="2019-08-07T01:42:40.804">
  <card-cleaning cardsCleaned="106" bytesTraced="709256" workStackOverflowCount="0" />
</gc-op>
<gc-op id="435" type="mark" timems="0.673" contextid="425" timestamp="2019-08-07T01:42:40.805">
  <trace-info objectcount="349" scancount="317" scanbytes="16728" />
  <finalization candidates="25" enqueued="0" />
  <references type="soft" candidates="168" cleared="0" enqueued="0" dynamicThreshold="13" maxThreshold="32" />
  <references type="weak" candidates="262" cleared="0" enqueued="0" />
  <references type="phantom" candidates="80" cleared="0" enqueued="0" />
  <stringconstants candidates="3948" cleared="0"  />
</gc-op>
<gc-op id="436" type="sweep" timems="0.267" contextid="425" timestamp="2019-08-07T01:42:40.805" />
<gc-end id="437" type="global" contextid="425" durationms="1.837" usertimems="4.000" systemtimems="0.000" timestamp="2019-08-07T01:42:40.805" activeThreads="4">
  <mem-info id="438" free="3130904" total="9306112" percent="33">
    <mem type="nursery" free="779552" total="3014656" percent="25">
      <mem type="allocate" free="779552" total="1507328" percent="51" />
      <mem type="survivor" free="0" total="1507328" percent="0" />
    </mem>
    <mem type="tenure" free="2351352" total="6291456" percent="37" micro-fragmented="48627" macro-fragmented="0">
      <mem type="soa" free="2036984" total="5977088" percent="34" />
      <mem type="loa" free="314368" total="314368" percent="100" />
    </mem>
    <remembered-set count="375" />
  </mem-info>
</gc-end>
<cycle-end id="439" type="global" contextid="425" timestamp="2019-08-07T01:42:40.805" />
  <attribute name="Current GC Util" value="133" />
  <attribute name= "Current Time Running" value="2701" />
<allocation-satisfied id="440" threadId="0000000002936D00" bytesRequested="48" />
<af-end id="441" timestamp="2019-08-07T01:42:40.805" threadId="0000000002937688" success="true" from="nursery"/>
<exclusive-end id="442" timestamp="2019-08-07T01:42:40.805" durationms="2.394" />

<exclusive-start id="443" timestamp="2019-08-07T01:42:40.826" intervalms="23.387">
  <response-info timems="0.051" idlems="0.051" threads="0" lastid="0000000002924100" lastname="Thread-2" />
</exclusive-start>
<af-start id="444" threadId="0000000002924A88" totalBytesRequested="16392" timestamp="2019-08-07T01:42:40.827" intervalms="23.495" type="nursery" />
<cycle-start id="445" type="scavenge" contextid="0" timestamp="2019-08-07T01:42:40.827" intervalms="48.611" />
<gc-start id="446" type="scavenge" contextid="445" timestamp="2019-08-07T01:42:40.827">
  <mem-info id="447" free="2438968" total="9306112" percent="26">
    <mem type="nursery" free="87616" total="3014656" percent="2">
      <mem type="allocate" free="87616" total="1507328" percent="5" />
      <mem type="survivor" free="0" total="1507328" percent="0" />
    </mem>
    <mem type="tenure" free="2351352" total="6291456" percent="37">
      <mem type="soa" free="2036984" total="5977088" percent="34" />
      <mem type="loa" free="314368" total="314368" percent="100" />
    </mem>
    <remembered-set count="418" />
  </mem-info>
</gc-start>
<allocation-stats totalBytes="672824" >
  <allocated-bytes non-tlh="155768" tlh="517056" />
  <largest-consumer threadName="Thread-2" threadId="0000000002924100" bytes="256984" />
</allocation-stats>
<gc-op id="448" type="scavenge" timems="0.618" contextid="445" timestamp="2019-08-07T01:42:40.827">
  <scavenger-info tenureage="1" tenuremask="7ffe" tiltratio="50" />
  <memory-copied type="nursery" objects="858" bytes="241080" bytesdiscarded="271176" />
  <memory-copied type="tenure" objects="747" bytes="333712" bytesdiscarded="2616" />
</gc-op>
<gc-end id="449" type="scavenge" contextid="445" durationms="0.812" usertimems="4.000" systemtimems="0.000" timestamp="2019-08-07T01:42:40.827" activeThreads="4">
  <mem-info id="450" free="2965440" total="9306112" percent="31">
    <mem type="nursery" free="995056" total="3014656" percent="33">
      <mem type="allocate" free="995056" total="1507328" percent="66" />
      <mem type="survivor" free="0" total="1507328" percent="0" />
    </mem>
    <mem type="tenure" free="1970384" total="6291456" percent="31">
      <mem type="soa" free="1656016" total="5977088" percent="27" />
      <mem type="loa" free="314368" total="314368" percent="100" />
    </mem>
    <remembered-set count="267" />
  </mem-info>
</gc-end>
<cycle-end id="451" type="scavenge" contextid="445" timestamp="2019-08-07T01:42:40.828" />
  <attribute name="Current GC Util" value="13" />
  <attribute name= "Current Time Running" value="2723" />
<allocation-satisfied id="452" threadId="0000000002924100" bytesRequested="16392" />
<af-end id="453" timestamp="2019-08-07T01:42:40.828" threadId="0000000002924A88" success="true" from="nursery"/>
<exclusive-end id="454" timestamp="2019-08-07T01:42:40.828" durationms="1.403" />

<exclusive-start id="455" timestamp="2019-08-07T01:42:40.838" intervalms="11.229">
  <response-info timems="0.053" idlems="0.029" threads="1" lastid="000000000292B900" lastname="Thread-4" />
</exclusive-start>
<af-start id="456" threadId="000000000292FE88" totalBytesRequested="16392" timestamp="2019-08-07T01:42:40.838" intervalms="11.092" type="nursery" />
<cycle-start id="457" type="scavenge" contextid="0" timestamp="2019-08-07T01:42:40.838" intervalms="11.086" />
<gc-start id="458" type="scavenge" contextid="457" timestamp="2019-08-07T01:42:40.838">
  <mem-info id="459" free="1970384" total="9306112" percent="21">
    <mem type="nursery" free="0" total="3014656" percent="0">
      <mem type="allocate" free="0" total="1507328" percent="0" />
      <mem type="survivor" free="0" total="1507328" percent="0" />
    </mem>
    <mem type="tenure" free="1970384" total="6291456" percent="31">
      <mem type="soa" free="1656016" total="5977088" percent="27" />
      <mem type="loa" free="314368" total="314368" percent="100" />
    </mem>
    <remembered-set count="410" />
  </mem-info>
</gc-start>
<allocation-stats totalBytes="987968" >
  <allocated-bytes non-tlh="131112" tlh="856856" />
  <largest-consumer threadName="Thread-5" threadId="000000000292F500" bytes="447368" />
</allocation-stats>
<gc-op id="460" type="scavenge" timems="0.623" contextid="457" timestamp="2019-08-07T01:42:40.838">
  <scavenger-info tenureage="1" tenuremask="7ffe" tiltratio="50" />
  <memory-copied type="nursery" objects="783" bytes="228208" bytesdiscarded="145536" />
  <memory-copied type="tenure" objects="739" bytes="235120" bytesdiscarded="1448" />
  <references type="weak" candidates="1" cleared="0" enqueued="0" />
  <references type="phantom" candidates="1" cleared="0" enqueued="0" />
</gc-op>
<gc-end id="461" type="scavenge" contextid="457" durationms="0.830" usertimems="0.000" systemtimems="0.000" timestamp="2019-08-07T01:42:40.839" activeThreads="4">
  <mem-info id="462" free="3016376" total="9306112" percent="32">
    <mem type="nursery" free="1395704" total="3014656" percent="46">
      <mem type="allocate" free="1395704" total="1769472" percent="78" />
      <mem type="survivor" free="0" total="1245184" percent="0" />
    </mem>
    <mem type="tenure" free="1620672" total="6291456" percent="25">
      <mem type="soa" free="1306304" total="5977088" percent="21" />
      <mem type="loa" free="314368" total="314368" percent="100" />
    </mem>
    <remembered-set count="233" />
  </mem-info>
</gc-end>
<cycle-end id="463" type="scavenge" contextid="457" timestamp="2019-08-07T01:42:40.839" />
  <attribute name="Current GC Util" value="15" />
  <attribute name= "Current Time Running" value="2734" />
<allocation-satisfied id="464" threadId="000000000292F500" bytesRequested="16392" />
<af-end id="465" timestamp="2019-08-07T01:42:40.839" threadId="000000000292FE88" success="true" from="nursery"/>
<exclusive-end id="466" timestamp="2019-08-07T01:42:40.839" durationms="1.270" />

<exclusive-start id="467" timestamp="2019-08-07T01:42:40.856" intervalms="18.848">
  <response-info timems="0.042" idlems="0.042" threads="0" lastid="000000000293E500" lastname="Thread-9" />
</exclusive-start>
<af-start id="468" threadId="000000000293EE88" totalBytesRequested="32776" timestamp="2019-08-07T01:42:40.857" intervalms="18.932" type="nursery" />
<cycle-start id="469" type="scavenge" contextid="0" timestamp="2019-08-07T01:42:40.857" intervalms="18.939" />
<gc-start id="470" type="scavenge" contextid="469" timestamp="2019-08-07T01:42:40.857">
  <mem-info id="471" free="1620672" total="9306112" percent="17">
    <mem type="nursery" free="0" total="3014656" percent="0">
      <mem type="allocate" free="0" total="1769472" percent="0" />
      <mem type="survivor" free="0" total="1245184" percent="0" />
    </mem>
    <mem type="tenure" free="1620672" total="6291456" percent="25">
      <mem type="soa" free="1306304" total="5977088" percent="21" />
      <mem type="loa" free="314368" total="314368" percent="100" />
    </mem>
    <remembered-set count="372" />
  </mem-info>
</gc-start>
<allocation-stats totalBytes="1307784" >
  <allocated-bytes non-tlh="147504" tlh="1160280" />
  <largest-consumer threadName="Thread-6" threadId="0000000002933100" bytes="438728" />
</allocation-stats>
<gc-op id="472" type="scavenge" timems="0.654" contextid="469" timestamp="2019-08-07T01:42:40.857">
  <scavenger-info tenureage="1" tenuremask="7ffe" tiltratio="58" />
  <memory-copied type="nursery" objects="1434" bytes="625960" bytesdiscarded="359720" />
  <memory-copied type="tenure" objects="675" bytes="214816" bytesdiscarded="1648" />
  <references type="phantom" candidates="1" cleared="0" enqueued="0" />
</gc-op>
<gc-end id="473" type="scavenge" contextid="469" durationms="0.881" usertimems="0.000" systemtimems="0.000" timestamp="2019-08-07T01:42:40.858" activeThreads="4">
  <mem-info id="474" free="2197456" total="9306112" percent="23">
    <mem type="nursery" free="849272" total="3014656" percent="28">
      <mem type="allocate" free="849272" total="1835008" percent="46" />
      <mem type="survivor" free="0" total="1179648" percent="0" />
    </mem>
    <mem type="tenure" free="1348184" total="6291456" percent="21">
      <mem type="soa" free="1033816" total="5977088" percent="17" />
      <mem type="loa" free="314368" total="314368" percent="100" />
    </mem>
    <remembered-set count="239" />
  </mem-info>
</gc-end>
<cycle-end id="475" type="scavenge" contextid="469" timestamp="2019-08-07T01:42:40.858" />
  <attribute name="Current GC Util" value="9" />
  <attribute name= "Current Time Running" value="2753" />
<allocation-satisfied id="476" threadId="000000000293E500" bytesRequested="32776" />
<af-end id="477" timestamp="2019-08-07T01:42:40.858" threadId="000000000293EE88" success="true" from="nursery"/>
<exclusive-end id="478" timestamp="2019-08-07T01:42:40.858" durationms="1.437" />

<exclusive-start id="479" timestamp="2019-08-07T01:42:40.869" intervalms="12.595">
  <response-info timems="0.104" idlems="0.035" threads="4" lastid="0000000002924100" lastname="Thread-2" />
</exclusive-start>
<af-start id="480" threadId="0000000002928688" totalBytesRequested="16392" timestamp="2019-08-07T01:42:40.869" intervalms="12.516" type="nursery" />
<cycle-start id="481" type="scavenge" contextid="0" timestamp="2019-08-07T01:42:40.869" intervalms="12.508" />
<gc-start id="482" type="scavenge" contextid="481" timestamp="2019-08-07T01:42:40.869">
  <mem-info id="483" free="1348184" total="9306112" percent="14">
    <mem type="nursery" free="0" total="3014656" percent="0">
      <mem type="allocate" free="0" total="1835008" percent="0" />
      <mem type="survivor" free="0" total="1179648" percent="0" />
    </mem>
    <mem type="tenure" free="1348184" total="6291456" percent="21">
      <mem type="soa" free="1033816" total="5977088" percent="17" />
      <mem type="loa" free="314368" total="314368" percent="100" />
    </mem>
    <remembered-set count="355" />
  </mem-info>
</gc-start>
<allocation-stats totalBytes="824560" >
  <allocated-bytes non-tlh="114720" tlh="709840" />
  <largest-consumer threadName="Thread-5" threadId="000000000292F500" bytes="180880" />
</allocation-stats>
<gc-op id="484" type="scavenge" timems="0.568" contextid="481" timestamp="2019-08-07T01:42:40.870">
  <scavenger-info tenureage="1" tenuremask="7ffe" tiltratio="60" />
  <memory-copied type="nursery" objects="740" bytes="301984" bytesdiscarded="104528" />
  <memory-copied type="tenure" objects="840" bytes="518208" bytesdiscarded="3848" />
  <references type="weak" candidates="1" cleared="0" enqueued="0" />
  <references type="phantom" candidates="2" cleared="0" enqueued="0" />
</gc-op>
<gc-end id="485" type="scavenge" contextid="481" durationms="0.768" usertimems="4.000" systemtimems="0.000" timestamp="2019-08-07T01:42:40.870" activeThreads="4">
  <mem-info id="486" free="2337936" total="9306112" percent="25">
    <mem type="nursery" free="1494000" total="3014656" percent="49">
      <mem type="allocate" free="1494000" total="1900544" percent="78" />
      <mem type="survivor" free="0" total="1114112" percent="0" />
    </mem>
    <mem type="tenure" free="843936" total="6291456" percent="13">
      <mem type="soa" free="529568" total="5977088" percent="8" />
      <mem type="loa" free="314368" total="314368" percent="100" />
    </mem>
    <remembered-set count="234" />
  </mem-info>
</gc-end>
<cycle-end id="487" type="scavenge" contextid="481" timestamp="2019-08-07T01:42:40.870" />
  <attribute name="Current GC Util" value="14" />
  <attribute name= "Current Time Running" value="2765" />
<allocation-satisfied id="488" threadId="0000000002927D00" bytesRequested="16392" />
<af-end id="489" timestamp="2019-08-07T01:42:40.870" threadId="0000000002928688" success="true" from="nursery"/>
<exclusive-end id="490" timestamp="2019-08-07T01:42:40.870" durationms="1.211" />

<concurrent-kickoff id="491" timestamp="2019-08-07T01:42:40.879">
  <kickoff reason="threshold reached" targetBytes="1911078" thresholdFreeBytes="258012"  remainingFree="203752" tenureFreeBytes="843936" nurseryFreeBytes="203752" />
</concurrent-kickoff>
<exclusive-start id="492" timestamp="2019-08-07T01:42:40.880" intervalms="10.895">
  <response-info timems="0.070" idlems="0.070" threads="0" lastid="000000000292F500" lastname="Thread-5" />
</exclusive-start>
<cycle-start id="493" type="global" contextid="0" timestamp="2019-08-07T01:42:40.880" intervalms="87.527" />
<exclusive-end id="494" timestamp="2019-08-07T01:42:40.880" durationms="0.189" />

<exclusive-start id="495" timestamp="2019-08-07T01:42:40.884" intervalms="3.648">
  <response-info timems="0.220" idlems="0.064" threads="4" lastid="0000000002924100" lastname="Thread-2" />
</exclusive-start>
<af-start id="496" threadId="000000000293EE88" totalBytesRequested="16392" timestamp="2019-08-07T01:42:40.884" intervalms="14.543" type="nursery" />
<percolate-collect id="497" from="nursery" to="global" reason="concurrent mark exhausted" timestamp="2019-08-07T01:42:40.884"/>
<gc-start id="498" type="global" contextid="493" timestamp="2019-08-07T01:42:40.884">
  <mem-info id="499" free="843936" total="9306112" percent="9">
    <mem type="nursery" free="0" total="3014656" percent="0">
      <mem type="allocate" free="0" total="1900544" percent="0" />
      <mem type="survivor" free="0" total="1114112" percent="0" />
    </mem>
    <mem type="tenure" free="843936" total="6291456" percent="13">
      <mem type="soa" free="529568" total="5977088" percent="8" />
      <mem type="loa" free="314368" total="314368" percent="100" />
    </mem>
    <remembered-set count="360" />
  </mem-info>
</gc-start>
<allocation-stats totalBytes="1432200" >
  <allocated-bytes non-tlh="147504" tlh="1284696" />
  <largest-consumer threadName="Thread-5" threadId="000000000292F500" bytes="617392" />
</allocation-stats>
<concurrent-halted id="500" timestamp="2019-08-07T01:42:40.884">
  <halted state="Complete" status="exhausted" />
  <traced bytesTarget="1911078" bytesTotal="2202204" bytesByMutator="1134852" bytesByHelper="1067352" percent="115" />
  <cards cleaned="165" thresholdBytes="101640" />
</concurrent-halted>
<gc-op id="501" type="rs-scan" timems="0.251" contextid="493" timestamp="2019-08-07T01:42:40.884">
  <scan objectsFound="271" bytesTraced="112672" workStackOverflowCount="0" />
</gc-op>
<gc-op id="502" type="card-cleaning" timems="0.200" contextid="493" timestamp="2019-08-07T01:42:40.884">
  <card-cleaning cardsCleaned="10" bytesTraced="426176" workStackOverflowCount="0" />
</gc-op>
<gc-op id="503" type="mark" timems="1.248" contextid="493" timestamp="2019-08-07T01:42:40.886">
  <trace-info objectcount="1114" scancount="996" scanbytes="171700" />
  <finalization candidates="25" enqueued="0" />
  <references type="soft" candidates="168" cleared="0" enqueued="0" dynamicThreshold="11" maxThreshold="32" />
  <references type="weak" candidates="250" cleared="0" enqueued="0" />
  <references type="phantom" candidates="80" cleared="0" enqueued="0" />
  <stringconstants candidates="3948" cleared="0"  />
</gc-op>
<gc-op id="504" type="classunload" timems="0.262" contextid="493" timestamp="2019-08-07T01:42:40.886">
  <classunload-info classloadercandidates="20" classloadersunloaded="0" classesunloaded="6" anonymousclassesunloaded="6" quiescems="0.000" setupms="0.257" scanms="0.004" postms="0.001" />
</gc-op>
<gc-op id="505" type="sweep" timems="0.279" contextid="493" timestamp="2019-08-07T01:42:40.886" />
<gc-end id="506" type="global" contextid="493" durationms="2.810" usertimems="4.000" systemtimems="0.000" timestamp="2019-08-07T01:42:40.887" activeThreads="4">
  <mem-info id="507" free="3643136" total="9306112" percent="39">
    <mem type="nursery" free="1330448" total="3014656" percent="44">
      <mem type="allocate" free="1330448" total="1900544" percent="70" />
      <mem type="survivor" free="0" total="1114112" percent="0" />
    </mem>
    <mem type="tenure" free="2312688" total="6291456" percent="36" micro-fragmented="107698" macro-fragmented="0">
      <mem type="soa" free="1998320" total="5977088" percent="33" />
      <mem type="loa" free="314368" total="314368" percent="100" />
    </mem>
    <remembered-set count="317" />
  </mem-info>
</gc-end>
<cycle-end id="508" type="global" contextid="493" timestamp="2019-08-07T01:42:40.887" />
  <attribute name="Current GC Util" value="90" />
  <attribute name= "Current Time Running" value="2782" />
<allocation-satisfied id="509" threadId="000000000293E500" bytesRequested="16392" />
<af-end id="510" timestamp="2019-08-07T01:42:40.887" threadId="000000000293EE88" success="true" from="nursery"/>
<exclusive-end id="511" timestamp="2019-08-07T01:42:40.887" durationms="3.439" />

<exclusive-start id="512" timestamp="2019-08-07T01:42:40.904" intervalms="20.768">
  <response-info timems="0.048" idlems="0.025" threads="1" lastid="0000000002924100" lastname="Thread-2" />
</exclusive-start>
<af-start id="513" threadId="000000000292FE88" totalBytesRequested="32776" timestamp="2019-08-07T01:42:40.904" intervalms="20.816" type="nursery" />
<cycle-start id="514" type="scavenge" contextid="0" timestamp="2019-08-07T01:42:40.904" intervalms="35.365" />
<gc-start id="515" type="scavenge" contextid="514" timestamp="2019-08-07T01:42:40.905">
  <mem-info id="516" free="2330968" total="9306112" percent="25">
    <mem type="nursery" free="18280" total="3014656" percent="0">
      <mem type="allocate" free="18280" total="1900544" percent="0" />
      <mem type="survivor" free="0" total="1114112" percent="0" />
    </mem>
    <mem type="tenure" free="2312688" total="6291456" percent="36">
      <mem type="soa" free="1998320" total="5977088" percent="33" />
      <mem type="loa" free="314368" total="314368" percent="100" />
    </mem>
    <remembered-set count="409" />
  </mem-info>
</gc-start>
<allocation-stats totalBytes="1254920" >
  <allocated-bytes non-tlh="372856" tlh="882064" />
  <largest-consumer threadName="Thread-7" threadId="0000000002936D00" bytes="374120" />
</allocation-stats>
<gc-op id="517" type="scavenge" timems="0.512" contextid="514" timestamp="2019-08-07T01:42:40.905">
  <scavenger-info tenureage="1" tenuremask="7ffe" tiltratio="63" />
  <memory-copied type="nursery" objects="1987" bytes="852976" bytesdiscarded="98088" />
  <memory-copied type="tenure" objects="190" bytes="74936" bytesdiscarded="3008" />
</gc-op>
<gc-end id="518" type="scavenge" contextid="514" durationms="0.717" usertimems="4.000" systemtimems="0.000" timestamp="2019-08-07T01:42:40.905" activeThreads="4">
  <mem-info id="519" free="2786224" total="9306112" percent="29">
    <mem type="nursery" free="556200" total="3014656" percent="18">
      <mem type="allocate" free="556200" total="1507328" percent="36" />
      <mem type="survivor" free="0" total="1507328" percent="0" />
    </mem>
    <mem type="tenure" free="2230024" total="6291456" percent="35">
      <mem type="soa" free="1915656" total="5977088" percent="32" />
      <mem type="loa" free="314368" total="314368" percent="100" />
    </mem>
    <remembered-set count="218" />
  </mem-info>
</gc-end>
<cycle-end id="520" type="scavenge" contextid="514" timestamp="2019-08-07T01:42:40.905" />
  <attribute name="Current GC Util" value="17" />
  <attribute name= "Current Time Running" value="2801" />
<allocation-satisfied id="521" threadId="000000000292F500" bytesRequested="32776" />
<af-end id="522" timestamp="2019-08-07T01:42:40.905" threadId="000000000292FE88" success="true" from="nursery"/>
<exclusive-end id="523" timestamp="2019-08-07T01:42:40.906" durationms="1.230" />

<exclusive-start id="524" timestamp="2019-08-07T01:42:40.912" intervalms="7.977">
  <response-info timems="0.049" idlems="0.049" threads="0" lastid="0000000002924100" lastname="Thread-2" />
</exclusive-start>
<af-start id="525" threadId="0000000002924A88" totalBytesRequested="16392" timestamp="2019-08-07T01:42:40.912" intervalms="8.031" type="nursery" />
<cycle-start id="526" type="scavenge" contextid="0" timestamp="2019-08-07T01:42:40.913" intervalms="8.026" />
<gc-start id="527" type="scavenge" contextid="526" timestamp="2019-08-07T01:42:40.913">
  <mem-info id="528" free="2230024" total="9306112" percent="23">
    <mem type="nursery" free="0" total="3014656" percent="0">
      <mem type="allocate" free="0" total="1507328" percent="0" />
      <mem type="survivor" free="0" total="1507328" percent="0" />
    </mem>
    <mem type="tenure" free="2230024" total="6291456" percent="35">
      <mem type="soa" free="1915656" total="5977088" percent="32" />
      <mem type="loa" free="314368" total="314368" percent="100" />
    </mem>
    <remembered-set count="312" />
  </mem-info>
</gc-start>
<allocation-stats totalBytes="549248" >
  <allocated-bytes non-tlh="81944" tlh="467304" />
  <largest-consumer threadName="Thread-5" threadId="000000000292F500" bytes="167928" />
</allocation-stats>
<gc-op id="529" type="scavenge" timems="0.653" contextid="526" timestamp="2019-08-07T01:42:40.913">
  <scavenger-info tenureage="1" tenuremask="7ffe" tiltratio="50" />
  <memory-copied type="nursery" objects="629" bytes="176016" bytesdiscarded="199792" />
  <memory-copied type="tenure" objects="1930" bytes="850336" bytesdiscarded="8128" />
  <references type="weak" candidates="1" cleared="0" enqueued="0" />
  <references type="phantom" candidates="1" cleared="0" enqueued="0" />
</gc-op>
<gc-end id="530" type="scavenge" contextid="526" durationms="0.844" usertimems="0.000" systemtimems="0.000" timestamp="2019-08-07T01:42:40.913" activeThreads="4">
  <mem-info id="531" free="2626888" total="9306112" percent="28">
    <mem type="nursery" free="1262576" total="3014656" percent="41">
      <mem type="allocate" free="1262576" total="1638400" percent="77" />
      <mem type="survivor" free="0" total="1376256" percent="0" />
    </mem>
    <mem type="tenure" free="1364312" total="6291456" percent="21">
      <mem type="soa" free="1049944" total="5977088" percent="17" />
      <mem type="loa" free="314368" total="314368" percent="100" />
    </mem>
    <remembered-set count="228" />
  </mem-info>
</gc-end>
<cycle-end id="532" type="scavenge" contextid="526" timestamp="2019-08-07T01:42:40.914" />
  <attribute name="Current GC Util" value="18" />
  <attribute name= "Current Time Running" value="2809" />
<allocation-satisfied id="533" threadId="0000000002924100" bytesRequested="16392" />
<af-end id="534" timestamp="2019-08-07T01:42:40.914" threadId="0000000002924A88" success="true" from="nursery"/>
<exclusive-end id="535" timestamp="2019-08-07T01:42:40.914" durationms="1.396" />

<exclusive-start id="536" timestamp="2019-08-07T01:42:40.930" intervalms="17.781">
  <response-info timems="0.049" idlems="0.049" threads="0" lastid="000000000293A900" lastname="Thread-8" />
</exclusive-start>
<af-start id="537" threadId="000000000293B288" totalBytesRequested="16392" timestamp="2019-08-07T01:42:40.930" intervalms="17.779" type="nursery" />
<cycle-start id="538" type="scavenge" contextid="0" timestamp="2019-08-07T01:42:40.930" intervalms="17.772" />
<gc-start id="539" type="scavenge" contextid="538" timestamp="2019-08-07T01:42:40.930">
  <mem-info id="540" free="1364312" total="9306112" percent="14">
    <mem type="nursery" free="0" total="3014656" percent="0">
      <mem type="allocate" free="0" total="1638400" percent="0" />
      <mem type="survivor" free="0" total="1376256" percent="0" />
    </mem>
    <mem type="tenure" free="1364312" total="6291456" percent="21">
      <mem type="soa" free="1049944" total="5977088" percent="17" />
      <mem type="loa" free="314368" total="314368" percent="100" />
    </mem>
    <remembered-set count="366" />
  </mem-info>
</gc-start>
<allocation-stats totalBytes="1187560" >
  <allocated-bytes non-tlh="180288" tlh="1007272" />
  <largest-consumer threadName="Thread-7" threadId="0000000002936D00" bytes="437256" />
</allocation-stats>
<gc-op id="541" type="scavenge" timems="0.615" contextid="538" timestamp="2019-08-07T01:42:40.931">
  <scavenger-info tenureage="1" tenuremask="7ffe" tiltratio="54" />
  <memory-copied type="nursery" objects="1368" bytes="529792" bytesdiscarded="120752" />
  <memory-copied type="tenure" objects="559" bytes="164056" bytesdiscarded="2816" />
  <references type="weak" candidates="1" cleared="0" enqueued="0" />
  <references type="phantom" candidates="1" cleared="0" enqueued="0" />
</gc-op>
<gc-end id="542" type="scavenge" contextid="538" durationms="0.790" usertimems="4.000" systemtimems="0.000" timestamp="2019-08-07T01:42:40.931" activeThreads="4">
  <mem-info id="543" free="2182000" total="9306112" percent="23">
    <mem type="nursery" free="1053344" total="3014656" percent="34">
      <mem type="allocate" free="1053344" total="1703936" percent="61" />
      <mem type="survivor" free="0" total="1310720" percent="0" />
    </mem>
    <mem type="tenure" free="1128656" total="6291456" percent="17">
      <mem type="soa" free="814288" total="5977088" percent="13" />
      <mem type="loa" free="314368" total="314368" percent="100" />
    </mem>
    <remembered-set count="250" />
  </mem-info>
</gc-end>
<cycle-end id="544" type="scavenge" contextid="538" timestamp="2019-08-07T01:42:40.931" />
  <attribute name="Current GC Util" value="9" />
  <attribute name= "Current Time Running" value="2827" />
<allocation-satisfied id="545" threadId="000000000293A900" bytesRequested="16392" />
<af-end id="546" timestamp="2019-08-07T01:42:40.931" threadId="000000000293B288" success="true" from="nursery"/>
<exclusive-end id="547" timestamp="2019-08-07T01:42:40.931" durationms="1.286" />

<exclusive-start id="548" timestamp="2019-08-07T01:42:40.951" intervalms="20.735">
  <response-info timems="0.044" idlems="0.044" threads="0" lastid="0000000002927D00" lastname="Thread-3" />
</exclusive-start>
<af-start id="549" threadId="0000000002928688" totalBytesRequested="16392" timestamp="2019-08-07T01:42:40.951" intervalms="20.702" type="nursery" />
<cycle-start id="550" type="scavenge" contextid="0" timestamp="2019-08-07T01:42:40.951" intervalms="20.708" />
<gc-start id="551" type="scavenge" contextid="550" timestamp="2019-08-07T01:42:40.951">
  <mem-info id="552" free="1128656" total="9306112" percent="12">
    <mem type="nursery" free="0" total="3014656" percent="0">
      <mem type="allocate" free="0" total="1703936" percent="0" />
      <mem type="survivor" free="0" total="1310720" percent="0" />
    </mem>
    <mem type="tenure" free="1128656" total="6291456" percent="17">
      <mem type="soa" free="814288" total="5977088" percent="13" />
      <mem type="loa" free="314368" total="314368" percent="100" />
    </mem>
    <remembered-set count="369" />
  </mem-info>
</gc-start>
<allocation-stats totalBytes="1027976" >
  <allocated-bytes non-tlh="114728" tlh="913248" />
  <largest-consumer threadName="Thread-8" threadId="000000000293A900" bytes="412936" />
</allocation-stats>
<gc-op id="553" type="scavenge" timems="0.505" contextid="550" timestamp="2019-08-07T01:42:40.952">
  <scavenger-info tenureage="1" tenuremask="7ffe" tiltratio="56" />
  <memory-copied type="nursery" objects="917" bytes="350696" bytesdiscarded="199264" />
  <memory-copied type="tenure" objects="1268" bytes="516392" bytesdiscarded="4848" />
</gc-op>
<gc-end id="554" type="scavenge" contextid="550" durationms="0.713" usertimems="4.000" systemtimems="0.000" timestamp="2019-08-07T01:42:40.952" activeThreads="4">
  <mem-info id="555" free="1785920" total="9306112" percent="19">
    <mem type="nursery" free="1285016" total="3014656" percent="42">
      <mem type="allocate" free="1285016" total="1835008" percent="70" />
      <mem type="survivor" free="0" total="1179648" percent="0" />
    </mem>
    <mem type="tenure" free="500904" total="6291456" percent="7">
      <mem type="soa" free="186536" total="5977088" percent="3" />
      <mem type="loa" free="314368" total="314368" percent="100" />
    </mem>
    <remembered-set count="235" />
  </mem-info>
</gc-end>
<cycle-end id="556" type="scavenge" contextid="550" timestamp="2019-08-07T01:42:40.952" />
  <attribute name="Current GC Util" value="7" />
  <attribute name= "Current Time Running" value="2847" />
<allocation-satisfied id="557" threadId="0000000002927D00" bytesRequested="16392" />
<af-end id="558" timestamp="2019-08-07T01:42:40.952" threadId="0000000002928688" success="true" from="nursery"/>
<exclusive-end id="559" timestamp="2019-08-07T01:42:40.952" durationms="1.232" />

<concurrent-kickoff id="560" timestamp="2019-08-07T01:42:40.958">
  <kickoff reason="threshold reached" targetBytes="1970886" thresholdFreeBytes="266326"  remainingFree="256888" tenureFreeBytes="500904" nurseryFreeBytes="256888" />
</concurrent-kickoff>
<exclusive-start id="561" timestamp="2019-08-07T01:42:40.958" intervalms="7.298">
  <response-info timems="0.037" idlems="0.037" threads="0" lastid="0000000002924100" lastname="Thread-2" />
</exclusive-start>
<cycle-start id="562" type="global" contextid="0" timestamp="2019-08-07T01:42:40.958" intervalms="78.390" />
<exclusive-end id="563" timestamp="2019-08-07T01:42:40.958" durationms="0.378" />

<exclusive-start id="564" timestamp="2019-08-07T01:42:40.964" intervalms="6.347">
  <response-info timems="0.057" idlems="0.029" threads="1" lastid="000000000292B900" lastname="Thread-4" />
</exclusive-start>
<af-start id="565" threadId="000000000293EE88" totalBytesRequested="48" timestamp="2019-08-07T01:42:40.965" intervalms="13.639" type="nursery" />
<percolate-collect id="566" from="nursery" to="global" reason="concurrent mark exhausted" timestamp="2019-08-07T01:42:40.965"/>
<gc-start id="567" type="global" contextid="562" timestamp="2019-08-07T01:42:40.965">
  <mem-info id="568" free="500904" total="9306112" percent="5">
    <mem type="nursery" free="0" total="3014656" percent="0">
      <mem type="allocate" free="0" total="1835008" percent="0" />
      <mem type="survivor" free="0" total="1179648" percent="0" />
    </mem>
    <mem type="tenure" free="500904" total="6291456" percent="7">
      <mem type="soa" free="186536" total="5977088" percent="3" />
      <mem type="loa" free="314368" total="314368" percent="100" />
    </mem>
    <remembered-set count="360" />
  </mem-info>
</gc-start>
<allocation-stats totalBytes="1262144" >
  <allocated-bytes non-tlh="245840" tlh="1016304" />
  <largest-consumer threadName="Thread-5" threadId="000000000292F500" bytes="427280" />
</allocation-stats>
<concurrent-halted id="569" timestamp="2019-08-07T01:42:40.965">
  <halted state="Complete" status="exhausted" />
  <traced bytesTarget="1970886" bytesTotal="2185860" bytesByMutator="593816" bytesByHelper="1592044" percent="110" />
  <cards cleaned="179" thresholdBytes="104916" />
</concurrent-halted>
<gc-op id="570" type="rs-scan" timems="0.233" contextid="562" timestamp="2019-08-07T01:42:40.965">
  <scan objectsFound="192" bytesTraced="39724" workStackOverflowCount="0" />
</gc-op>
<gc-op id="571" type="card-cleaning" timems="0.217" contextid="562" timestamp="2019-08-07T01:42:40.965">
  <card-cleaning cardsCleaned="53" bytesTraced="634640" workStackOverflowCount="0" />
</gc-op>
<gc-op id="572" type="mark" timems="0.677" contextid="562" timestamp="2019-08-07T01:42:40.966">
  <trace-info objectcount="813" scancount="719" scanbytes="110004" />
  <finalization candidates="25" enqueued="0" />
  <references type="soft" candidates="168" cleared="0" enqueued="0" dynamicThreshold="11" maxThreshold="32" />
  <references type="weak" candidates="250" cleared="0" enqueued="0" />
  <references type="phantom" candidates="81" cleared="0" enqueued="0" />
  <stringconstants candidates="3948" cleared="0"  />
</gc-op>
<gc-op id="573" type="sweep" timems="0.322" contextid="562" timestamp="2019-08-07T01:42:40.967" />
<gc-end id="574" type="global" contextid="562" durationms="1.934" usertimems="0.000" systemtimems="0.000" timestamp="2019-08-07T01:42:40.967" activeThreads="4">
  <mem-info id="575" free="3487712" total="9306112" percent="37">
    <mem type="nursery" free="887600" total="3014656" percent="29">
      <mem type="allocate" free="887600" total="1835008" percent="48" />
      <mem type="survivor" free="0" total="1179648" percent="0" />
    </mem>
    <mem type="tenure" free="2600112" total="6291456" percent="41" micro-fragmented="87331" macro-fragmented="0">
      <mem type="soa" free="2285744" total="5977088" percent="38" />
      <mem type="loa" free="314368" total="314368" percent="100" />
    </mem>
    <remembered-set count="287" />
  </mem-info>
</gc-end>
<cycle-end id="576" type="global" contextid="562" timestamp="2019-08-07T01:42:40.967" />
  <attribute name="Current GC Util" value="132" />
  <attribute name= "Current Time Running" value="2862" />
<allocation-satisfied id="577" threadId="000000000293E500" bytesRequested="48" />
<af-end id="578" timestamp="2019-08-07T01:42:40.967" threadId="000000000293EE88" success="true" from="nursery"/>
<exclusive-end id="579" timestamp="2019-08-07T01:42:40.967" durationms="2.553" />

<exclusive-start id="580" timestamp="2019-08-07T01:42:40.989" intervalms="24.397">
  <response-info timems="0.143" idlems="0.079" threads="1" lastid="000000000293E500" lastname="Thread-9" />
</exclusive-start>
<af-start id="581" threadId="0000000002937688" totalBytesRequested="16392" timestamp="2019-08-07T01:42:40.989" intervalms="24.395" type="nursery" />
<cycle-start id="582" type="scavenge" contextid="0" timestamp="2019-08-07T01:42:40.989" intervalms="38.039" />
<gc-start id="583" type="scavenge" contextid="582" timestamp="2019-08-07T01:42:40.989">
  <mem-info id="584" free="2643016" total="9306112" percent="28">
    <mem type="nursery" free="42904" total="3014656" percent="1">
      <mem type="allocate" free="42904" total="1835008" percent="2" />
      <mem type="survivor" free="0" total="1179648" percent="0" />
    </mem>
    <mem type="tenure" free="2600112" total="6291456" percent="41">
      <mem type="soa" free="2285744" total="5977088" percent="38" />
      <mem type="loa" free="314368" total="314368" percent="100" />
    </mem>
    <remembered-set count="347" />
  </mem-info>
</gc-start>
<allocation-stats totalBytes="839064" >
  <allocated-bytes non-tlh="122976" tlh="716088" />
  <largest-consumer threadName="Thread-7" threadId="0000000002936D00" bytes="189368" />
</allocation-stats>
<gc-op id="585" type="scavenge" timems="0.655" contextid="582" timestamp="2019-08-07T01:42:40.990">
  <scavenger-info tenureage="1" tenuremask="7ffe" tiltratio="60" />
  <memory-copied type="nursery" objects="2067" bytes="757656" bytesdiscarded="175016" />
  <memory-copied type="tenure" objects="803" bytes="309968" bytesdiscarded="6048" />
  <references type="weak" candidates="1" cleared="0" enqueued="0" />
  <references type="phantom" candidates="1" cleared="0" enqueued="0" />
</gc-op>
<gc-end id="586" type="scavenge" contextid="582" durationms="0.861" usertimems="4.000" systemtimems="0.000" timestamp="2019-08-07T01:42:40.990" activeThreads="4">
  <mem-info id="587" free="2970688" total="9306112" percent="31">
    <mem type="nursery" free="771208" total="3014656" percent="25">
      <mem type="allocate" free="771208" total="1703936" percent="45" />
      <mem type="survivor" free="0" total="1310720" percent="0" />
    </mem>
    <mem type="tenure" free="2199480" total="6291456" percent="34">
      <mem type="soa" free="1885112" total="5977088" percent="31" />
      <mem type="loa" free="314368" total="314368" percent="100" />
    </mem>
    <remembered-set count="219" />
  </mem-info>
</gc-end>
<cycle-end id="588" type="scavenge" contextid="582" timestamp="2019-08-07T01:42:40.990" />
  <attribute name="Current GC Util" value="12" />
  <attribute name= "Current Time Running" value="2885" />
<allocation-satisfied id="589" threadId="0000000002936D00" bytesRequested="16392" />
<af-end id="590" timestamp="2019-08-07T01:42:40.990" threadId="0000000002937688" success="true" from="nursery"/>
<exclusive-end id="591" timestamp="2019-08-07T01:42:40.990" durationms="1.377" />

<exclusive-start id="592" timestamp="2019-08-07T01:42:40.995" intervalms="6.489">
  <response-info timems="0.056" idlems="0.056" threads="0" lastid="0000000002924100" lastname="Thread-2" />
</exclusive-start>
<af-start id="593" threadId="0000000002924A88" totalBytesRequested="32776" timestamp="2019-08-07T01:42:40.995" intervalms="6.492" type="nursery" />
<cycle-start id="594" type="scavenge" contextid="0" timestamp="2019-08-07T01:42:40.996" intervalms="6.488" />
<gc-start id="595" type="scavenge" contextid="594" timestamp="2019-08-07T01:42:40.996">
  <mem-info id="596" free="2217008" total="9306112" percent="23">
    <mem type="nursery" free="17528" total="3014656" percent="0">
      <mem type="allocate" free="17528" total="1703936" percent="1" />
      <mem type="survivor" free="0" total="1310720" percent="0" />
    </mem>
    <mem type="tenure" free="2199480" total="6291456" percent="34">
      <mem type="soa" free="1885112" total="5977088" percent="31" />
      <mem type="loa" free="314368" total="314368" percent="100" />
    </mem>
    <remembered-set count="327" />
  </mem-info>
</gc-start>
<allocation-stats totalBytes="717936" >
  <allocated-bytes non-tlh="49168" tlh="668768" />
  <largest-consumer threadName="Thread-6" threadId="0000000002933100" bytes="275504" />
</allocation-stats>
<gc-op id="597" type="scavenge" timems="0.976" contextid="594" timestamp="2019-08-07T01:42:40.997">
  <scavenger-info tenureage="1" tenuremask="7ffe" tiltratio="56" />
  <memory-copied type="nursery" objects="1049" bytes="385000" bytesdiscarded="207120" />
  <memory-copied type="tenure" objects="1954" bytes="743472" bytesdiscarded="10616" />
  <references type="phantom" candidates="1" cleared="0" enqueued="0" />
</gc-op>
<heap-resize id="598" type="expand" space="nursery" amount="262144" count="1" timems="0.014" reason="excessive time being spent scavenging" timestamp="2019-08-07T01:42:40.997" />
<gc-end id="599" type="scavenge" contextid="594" durationms="1.424" usertimems="4.000" systemtimems="0.000" timestamp="2019-08-07T01:42:40.997" activeThreads="4">
  <mem-info id="600" free="2712240" total="9568256" percent="28">
    <mem type="nursery" free="1308384" total="3276800" percent="39">
      <mem type="allocate" free="1308384" total="1900544" percent="68" />
      <mem type="survivor" free="0" total="1376256" percent="0" />
    </mem>
    <mem type="tenure" free="1403856" total="6291456" percent="22">
      <mem type="soa" free="1089488" total="5977088" percent="18" />
      <mem type="loa" free="314368" total="314368" percent="100" />
    </mem>
    <remembered-set count="210" />
  </mem-info>
</gc-end>
<cycle-end id="601" type="scavenge" contextid="594" timestamp="2019-08-07T01:42:40.997" />
  <attribute name="Current GC Util" value="26" />
  <attribute name= "Current Time Running" value="2892" />
<allocation-satisfied id="602" threadId="0000000002924100" bytesRequested="32776" />
<af-end id="603" timestamp="2019-08-07T01:42:40.997" threadId="0000000002924A88" success="true" from="nursery"/>
<exclusive-end id="604" timestamp="2019-08-07T01:42:40.997" durationms="1.928" />

<exclusive-start id="605" timestamp="2019-08-07T01:42:41.019" intervalms="23.397">
  <response-info timems="0.059" idlems="0.059" threads="0" lastid="000000000292F500" lastname="Thread-5" />
</exclusive-start>
<af-start id="606" threadId="000000000292FE88" totalBytesRequested="48" timestamp="2019-08-07T01:42:41.019" intervalms="23.395" type="nursery" />
<cycle-start id="607" type="scavenge" contextid="0" timestamp="2019-08-07T01:42:41.019" intervalms="23.403" />
<gc-start id="608" type="scavenge" contextid="607" timestamp="2019-08-07T01:42:41.019">
  <mem-info id="609" free="1403856" total="9568256" percent="14">
    <mem type="nursery" free="0" total="3276800" percent="0">
      <mem type="allocate" free="0" total="1900544" percent="0" />
      <mem type="survivor" free="0" total="1376256" percent="0" />
    </mem>
    <mem type="tenure" free="1403856" total="6291456" percent="22">
      <mem type="soa" free="1089488" total="5977088" percent="18" />
      <mem type="loa" free="314368" total="314368" percent="100" />
    </mem>
    <remembered-set count="367" />
  </mem-info>
</gc-start>
<allocation-stats totalBytes="1264152" >
  <allocated-bytes non-tlh="147496" tlh="1116656" />
  <largest-consumer threadName="Thread-6" threadId="0000000002933100" bytes="480584" />
</allocation-stats>
<gc-op id="610" type="scavenge" timems="0.501" contextid="607" timestamp="2019-08-07T01:42:41.020">
  <scavenger-info tenureage="1" tenuremask="7ffe" tiltratio="58" />
  <memory-copied type="nursery" objects="1528" bytes="591992" bytesdiscarded="31216" />
  <memory-copied type="tenure" objects="597" bytes="289880" bytesdiscarded="3720" />
</gc-op>
<gc-end id="611" type="scavenge" contextid="607" durationms="0.708" usertimems="0.000" systemtimems="0.000" timestamp="2019-08-07T01:42:41.020" activeThreads="4">
  <mem-info id="612" free="2591224" total="9568256" percent="27">
    <mem type="nursery" free="1473904" total="3276800" percent="44">
      <mem type="allocate" free="1473904" total="2097152" percent="70" />
      <mem type="survivor" free="0" total="1179648" percent="0" />
    </mem>
    <mem type="tenure" free="1117320" total="6291456" percent="17">
      <mem type="soa" free="802952" total="5977088" percent="13" />
      <mem type="loa" free="314368" total="314368" percent="100" />
    </mem>
    <remembered-set count="253" />
  </mem-info>
</gc-end>
<cycle-end id="613" type="scavenge" contextid="607" timestamp="2019-08-07T01:42:41.020" />
  <attribute name="Current GC Util" value="7" />
  <attribute name= "Current Time Running" value="2915" />
<allocation-satisfied id="614" threadId="000000000292F500" bytesRequested="48" />
<af-end id="615" timestamp="2019-08-07T01:42:41.020" threadId="000000000292FE88" success="true" from="nursery"/>
<exclusive-end id="616" timestamp="2019-08-07T01:42:41.020" durationms="1.231" />

<concurrent-kickoff id="617" timestamp="2019-08-07T01:42:41.036">
  <kickoff reason="threshold reached" targetBytes="2017244" thresholdFreeBytes="270769"  remainingFree="265488" tenureFreeBytes="1117320" nurseryFreeBytes="265488" />
</concurrent-kickoff>
<exclusive-start id="618" timestamp="2019-08-07T01:42:41.036" intervalms="17.390">
  <response-info timems="0.127" idlems="0.070" threads="1" lastid="000000000292F500" lastname="Thread-5" />
</exclusive-start>
<cycle-start id="619" type="global" contextid="0" timestamp="2019-08-07T01:42:41.036" intervalms="77.788" />
<exclusive-end id="620" timestamp="2019-08-07T01:42:41.036" durationms="0.139" />

<exclusive-start id="621" timestamp="2019-08-07T01:42:41.039" intervalms="3.195">
  <response-info timems="0.056" idlems="0.056" threads="0" lastid="000000000292F500" lastname="Thread-5" />
</exclusive-start>
<af-start id="622" threadId="000000000292FE88" totalBytesRequested="2008" timestamp="2019-08-07T01:42:41.039" intervalms="20.517" type="nursery" />
<cycle-start id="623" type="scavenge" contextid="0" timestamp="2019-08-07T01:42:41.039" intervalms="20.512" />
<gc-start id="624" type="scavenge" contextid="623" timestamp="2019-08-07T01:42:41.040">
  <mem-info id="625" free="1117320" total="9568256" percent="11">
    <mem type="nursery" free="0" total="3276800" percent="0">
      <mem type="allocate" free="0" total="2097152" percent="0" />
      <mem type="survivor" free="0" total="1179648" percent="0" />
    </mem>
    <mem type="tenure" free="1117320" total="6291456" percent="17">
      <mem type="soa" free="802952" total="5977088" percent="13" />
      <mem type="loa" free="314368" total="314368" percent="100" />
    </mem>
    <remembered-set count="371" />
  </mem-info>
</gc-start>
<allocation-stats totalBytes="1425024" >
  <allocated-bytes non-tlh="147552" tlh="1277472" />
  <largest-consumer threadName="Thread-3" threadId="0000000002927D00" bytes="505752" />
</allocation-stats>
<gc-op id="626" type="scavenge" timems="0.577" contextid="623" timestamp="2019-08-07T01:42:41.040">
  <scavenger-info tenureage="1" tenuremask="7ffe" tiltratio="64" />
  <memory-copied type="nursery" objects="1214" bytes="517088" bytesdiscarded="195104" />
  <memory-copied type="tenure" objects="1446" bytes="588144" bytesdiscarded="9472" />
  <references type="weak" candidates="1" cleared="0" enqueued="0" />
  <references type="phantom" candidates="1" cleared="0" enqueued="0" />
</gc-op>
<gc-end id="627" type="scavenge" contextid="623" durationms="0.771" usertimems="4.000" systemtimems="0.000" timestamp="2019-08-07T01:42:41.040" activeThreads="4">
  <mem-info id="628" free="2002936" total="9568256" percent="20">
    <mem type="nursery" free="1515984" total="3276800" percent="46">
      <mem type="allocate" free="1515984" total="2228224" percent="68" />
      <mem type="survivor" free="0" total="1048576" percent="0" />
    </mem>
    <mem type="tenure" free="486952" total="6291456" percent="7">
      <mem type="soa" free="172584" total="5977088" percent="2" />
      <mem type="loa" free="314368" total="314368" percent="100" />
    </mem>
    <remembered-set count="231" />
  </mem-info>
</gc-end>
<cycle-end id="629" type="scavenge" contextid="623" timestamp="2019-08-07T01:42:41.040" />
  <attribute name="Current GC Util" value="6" />
  <attribute name= "Current Time Running" value="2936" />
<allocation-satisfied id="630" threadId="000000000292F500" bytesRequested="2008" />
<af-end id="631" timestamp="2019-08-07T01:42:41.040" threadId="000000000292FE88" success="true" from="nursery"/>
<exclusive-end id="632" timestamp="2019-08-07T01:42:41.041" durationms="1.233" />

<exclusive-start id="633" timestamp="2019-08-07T01:42:41.049" intervalms="9.680">
  <response-info timems="0.046" idlems="0.046" threads="0" lastid="000000000293E500" lastname="Thread-9" />
</exclusive-start>
<af-start id="634" threadId="000000000293EE88" totalBytesRequested="16392" timestamp="2019-08-07T01:42:41.049" intervalms="9.783" type="nursery" />
<percolate-collect id="635" from="nursery" to="global" reason="concurrent mark exhausted" timestamp="2019-08-07T01:42:41.049"/>
<gc-start id="636" type="global" contextid="619" timestamp="2019-08-07T01:42:41.049">
  <mem-info id="637" free="486952" total="9568256" percent="5">
    <mem type="nursery" free="0" total="3276800" percent="0">
      <mem type="allocate" free="0" total="2228224" percent="0" />
      <mem type="survivor" free="0" total="1048576" percent="0" />
    </mem>
    <mem type="tenure" free="486952" total="6291456" percent="7">
      <mem type="soa" free="172584" total="5977088" percent="2" />
      <mem type="loa" free="314368" total="314368" percent="100" />
    </mem>
    <remembered-set count="323" />
  </mem-info>
</gc-start>
<allocation-stats totalBytes="1404584" >
  <allocated-bytes non-tlh="149504" tlh="1255080" />
  <largest-consumer threadName="Thread-2" threadId="0000000002924100" bytes="586664" />
</allocation-stats>
<concurrent-halted id="638" timestamp="2019-08-07T01:42:41.050">
  <halted state="Complete" status="exhausted" />
  <traced bytesTarget="2017244" bytesTotal="2146656" bytesByMutator="925272" bytesByHelper="1221384" percent="106" />
  <cards cleaned="295" thresholdBytes="106666" />
</concurrent-halted>
<gc-op id="639" type="rs-scan" timems="0.191" contextid="619" timestamp="2019-08-07T01:42:41.050">
  <scan objectsFound="178" bytesTraced="31696" workStackOverflowCount="0" />
</gc-op>
<gc-op id="640" type="card-cleaning" timems="0.170" contextid="619" timestamp="2019-08-07T01:42:41.050">
  <card-cleaning cardsCleaned="57" bytesTraced="440632" workStackOverflowCount="0" />
</gc-op>
<gc-op id="641" type="mark" timems="0.495" contextid="619" timestamp="2019-08-07T01:42:41.051">
  <trace-info objectcount="1069" scancount="933" scanbytes="251780" />
  <finalization candidates="25" enqueued="0" />
  <references type="soft" candidates="168" cleared="0" enqueued="0" dynamicThreshold="13" maxThreshold="32" />
  <references type="weak" candidates="250" cleared="0" enqueued="0" />
  <references type="phantom" candidates="81" cleared="0" enqueued="0" />
  <stringconstants candidates="3948" cleared="0"  />
</gc-op>
<gc-op id="642" type="sweep" timems="0.232" contextid="619" timestamp="2019-08-07T01:42:41.051" />
<gc-end id="643" type="global" contextid="619" durationms="1.516" usertimems="0.000" systemtimems="0.000" timestamp="2019-08-07T01:42:41.051" activeThreads="4">
  <mem-info id="644" free="3799856" total="9568256" percent="39">
    <mem type="nursery" free="1523072" total="3276800" percent="46">
      <mem type="allocate" free="1523072" total="2228224" percent="68" />
      <mem type="survivor" free="0" total="1048576" percent="0" />
    </mem>
    <mem type="tenure" free="2276784" total="6291456" percent="36" micro-fragmented="139526" macro-fragmented="0">
      <mem type="soa" free="1962416" total="5977088" percent="32" />
      <mem type="loa" free="314368" total="314368" percent="100" />
    </mem>
    <remembered-set count="274" />
  </mem-info>
</gc-end>
<cycle-end id="645" type="global" contextid="619" timestamp="2019-08-07T01:42:41.051" />
  <attribute name="Current GC Util" value="130" />
  <attribute name= "Current Time Running" value="2947" />
<allocation-satisfied id="646" threadId="000000000293E500" bytesRequested="16392" />
<af-end id="647" timestamp="2019-08-07T01:42:41.051" threadId="000000000293EE88" success="true" from="nursery"/>
<exclusive-end id="648" timestamp="2019-08-07T01:42:41.051" durationms="2.293" />

<exclusive-start id="649" timestamp="2019-08-07T01:42:41.064" intervalms="14.621">
  <response-info timems="0.051" idlems="0.051" threads="0" lastid="0000000002936D00" lastname="Thread-7" />
</exclusive-start>
<af-start id="650" threadId="0000000002937688" totalBytesRequested="2056" timestamp="2019-08-07T01:42:41.064" intervalms="14.590" type="nursery" />
<cycle-start id="651" type="scavenge" contextid="0" timestamp="2019-08-07T01:42:41.064" intervalms="24.372" />
<gc-start id="652" type="scavenge" contextid="651" timestamp="2019-08-07T01:42:41.064">
  <mem-info id="653" free="2276784" total="9568256" percent="23">
    <mem type="nursery" free="0" total="3276800" percent="0">
      <mem type="allocate" free="0" total="2228224" percent="0" />
      <mem type="survivor" free="0" total="1048576" percent="0" />
    </mem>
    <mem type="tenure" free="2276784" total="6291456" percent="36">
      <mem type="soa" free="1962416" total="5977088" percent="32" />
      <mem type="loa" free="314368" total="314368" percent="100" />
    </mem>
    <remembered-set count="396" />
  </mem-info>
</gc-start>
<allocation-stats totalBytes="1443904" >
  <allocated-bytes non-tlh="440616" tlh="1003288" />
  <largest-consumer threadName="Thread-4" threadId="000000000292B900" bytes="367688" />
</allocation-stats>
<gc-op id="654" type="scavenge" timems="0.536" contextid="651" timestamp="2019-08-07T01:42:41.065">
  <scavenger-info tenureage="1" tenuremask="7ffe" tiltratio="68" />
  <memory-copied type="nursery" objects="2637" bytes="1047512" bytesdiscarded="968" />
  <memory-copied type="tenure" objects="890" bytes="413000" bytesdiscarded="9888" />
  <copy-failed type="nursery" objects="305" bytes="186904" />
  <references type="phantom" candidates="1" cleared="0" enqueued="0" />
</gc-op>
<gc-end id="655" type="scavenge" contextid="651" durationms="0.724" usertimems="4.000" systemtimems="0.000" timestamp="2019-08-07T01:42:41.065" activeThreads="4">
  <mem-info id="656" free="2439504" total="9568256" percent="25">
    <mem type="nursery" free="589824" total="3276800" percent="18">
      <mem type="allocate" free="589824" total="1638400" percent="36" />
      <mem type="survivor" free="0" total="1638400" percent="0" />
    </mem>
    <mem type="tenure" free="1849680" total="6291456" percent="29">
      <mem type="soa" free="1535312" total="5977088" percent="25" />
      <mem type="loa" free="314368" total="314368" percent="100" />
    </mem>
    <remembered-set count="279" />
  </mem-info>
</gc-end>
<cycle-end id="657" type="scavenge" contextid="651" timestamp="2019-08-07T01:42:41.065" />
  <attribute name="Current GC Util" value="17" />
  <attribute name= "Current Time Running" value="2960" />
<allocation-satisfied id="658" threadId="0000000002936D00" bytesRequested="2056" />
<af-end id="659" timestamp="2019-08-07T01:42:41.065" threadId="0000000002937688" success="true" from="nursery"/>
<exclusive-end id="660" timestamp="2019-08-07T01:42:41.065" durationms="1.223" />

<exclusive-start id="661" timestamp="2019-08-07T01:42:41.072" intervalms="8.716">
  <response-info timems="0.052" idlems="0.052" threads="0" lastid="0000000002927D00" lastname="Thread-3" />
</exclusive-start>
<af-start id="662" threadId="0000000002928688" totalBytesRequested="16392" timestamp="2019-08-07T01:42:41.072" intervalms="8.636" type="nursery" />
<cycle-start id="663" type="scavenge" contextid="0" timestamp="2019-08-07T01:42:41.072" intervalms="8.634" />
<gc-start id="664" type="scavenge" contextid="663" timestamp="2019-08-07T01:42:41.073">
  <mem-info id="665" free="1849680" total="9568256" percent="19">
    <mem type="nursery" free="0" total="3276800" percent="0">
      <mem type="allocate" free="0" total="1638400" percent="0" />
      <mem type="survivor" free="0" total="1638400" percent="0" />
    </mem>
    <mem type="tenure" free="1849680" total="6291456" percent="29">
      <mem type="soa" free="1535312" total="5977088" percent="25" />
      <mem type="loa" free="314368" total="314368" percent="100" />
    </mem>
    <remembered-set count="373" />
  </mem-info>
</gc-start>
<allocation-stats totalBytes="558040" >
  <allocated-bytes non-tlh="51224" tlh="506816" />
  <largest-consumer threadName="Thread-3" threadId="0000000002927D00" bytes="199672" />
</allocation-stats>
<gc-op id="666" type="scavenge" timems="0.473" contextid="663" timestamp="2019-08-07T01:42:41.073">
  <scavenger-info tenureage="1" tenuremask="7ffe" tiltratio="50" />
  <memory-copied type="nursery" objects="326" bytes="87992" bytesdiscarded="75584" />
  <memory-copied type="tenure" objects="2040" bytes="860776" bytesdiscarded="10784" />
</gc-op>
<gc-end id="667" type="scavenge" contextid="663" durationms="0.661" usertimems="0.000" systemtimems="0.000" timestamp="2019-08-07T01:42:41.073" activeThreads="4">
  <mem-info id="668" free="2449192" total="9568256" percent="25">
    <mem type="nursery" free="1474816" total="3276800" percent="45">
      <mem type="allocate" free="1474816" total="1638400" percent="90" />
      <mem type="survivor" free="0" total="1638400" percent="0" />
    </mem>
    <mem type="tenure" free="974376" total="6291456" percent="15">
      <mem type="soa" free="660008" total="5977088" percent="11" />
      <mem type="loa" free="314368" total="314368" percent="100" />
    </mem>
    <remembered-set count="226" />
  </mem-info>
</gc-end>
<cycle-end id="669" type="scavenge" contextid="663" timestamp="2019-08-07T01:42:41.073" />
  <attribute name="Current GC Util" value="17" />
  <attribute name= "Current Time Running" value="2969" />
<allocation-satisfied id="670" threadId="0000000002927D00" bytesRequested="16392" />
<af-end id="671" timestamp="2019-08-07T01:42:41.073" threadId="0000000002928688" success="true" from="nursery"/>
<exclusive-end id="672" timestamp="2019-08-07T01:42:41.073" durationms="1.081" />

<concurrent-kickoff id="673" timestamp="2019-08-07T01:42:41.089">
  <kickoff reason="threshold reached" targetBytes="2047082" thresholdFreeBytes="273419"  remainingFree="233672" tenureFreeBytes="974376" nurseryFreeBytes="233672" />
</concurrent-kickoff>
<exclusive-start id="674" timestamp="2019-08-07T01:42:41.089" intervalms="16.651">
  <response-info timems="0.064" idlems="0.064" threads="0" lastid="000000000292F500" lastname="Thread-5" />
</exclusive-start>
<cycle-start id="675" type="global" contextid="0" timestamp="2019-08-07T01:42:41.089" intervalms="52.996" />
<exclusive-end id="676" timestamp="2019-08-07T01:42:41.089" durationms="0.271" />

<exclusive-start id="677" timestamp="2019-08-07T01:42:41.092" intervalms="3.271">
  <response-info timems="0.035" idlems="0.035" threads="0" lastid="000000000292F500" lastname="Thread-5" />
</exclusive-start>
<concurrent-collection-start id="678" timestamp="2019-08-07T01:42:41.092" intervalms="3112.312" >
  <concurrent-trace-info reason="card cleaning threshold reached" tracedByMutators="1239116" tracedByHelpers="732864" cardsCleaned="163" workStackOverflowCount="0" />
</concurrent-collection-start>
<gc-start id="679" type="global" contextid="675" timestamp="2019-08-07T01:42:41.092">
  <mem-info id="680" free="974376" total="9568256" percent="10">
    <mem type="nursery" free="0" total="3276800" percent="0">
      <mem type="allocate" free="0" total="1638400" percent="0" />
      <mem type="survivor" free="0" total="1638400" percent="0" />
    </mem>
    <mem type="tenure" free="974376" total="6291456" percent="15">
      <mem type="soa" free="660008" total="5977088" percent="11" />
      <mem type="loa" free="314368" total="314368" percent="100" />
    </mem>
    <remembered-set count="347" />
  </mem-info>
</gc-start>
<allocation-stats totalBytes="1390824" >
  <allocated-bytes non-tlh="180280" tlh="1210544" />
  <largest-consumer threadName="Thread-9" threadId="000000000293E500" bytes="421656" />
</allocation-stats>
<gc-op id="681" type="rs-scan" timems="0.325" contextid="675" timestamp="2019-08-07T01:42:41.093">
  <scan objectsFound="198" bytesTraced="44984" workStackOverflowCount="0" />
</gc-op>
<gc-op id="682" type="card-cleaning" timems="0.183" contextid="675" timestamp="2019-08-07T01:42:41.093">
  <card-cleaning cardsCleaned="49" bytesTraced="608740" workStackOverflowCount="0" />
</gc-op>
<gc-op id="683" type="mark" timems="0.674" contextid="675" timestamp="2019-08-07T01:42:41.094">
  <trace-info objectcount="14748" scancount="11478" scanbytes="458608" />
  <finalization candidates="25" enqueued="0" />
  <references type="soft" candidates="168" cleared="0" enqueued="0" dynamicThreshold="11" maxThreshold="32" />
  <references type="weak" candidates="250" cleared="0" enqueued="0" />
  <references type="phantom" candidates="82" cleared="0" enqueued="0" />
  <stringconstants candidates="3948" cleared="0"  />
</gc-op>
<gc-op id="684" type="sweep" timems="0.217" contextid="675" timestamp="2019-08-07T01:42:41.094" />
<gc-end id="685" type="global" contextid="675" durationms="1.818" usertimems="4.000" systemtimems="0.000" timestamp="2019-08-07T01:42:41.094" activeThreads="4">
  <mem-info id="686" free="3382024" total="9568256" percent="35">
    <mem type="nursery" free="948176" total="3276800" percent="28">
      <mem type="allocate" free="948176" total="1638400" percent="57" />
      <mem type="survivor" free="0" total="1638400" percent="0" />
    </mem>
    <mem type="tenure" free="2433848" total="6291456" percent="38" micro-fragmented="72653" macro-fragmented="0">
      <mem type="soa" free="2119480" total="5977088" percent="35" />
      <mem type="loa" free="314368" total="314368" percent="100" />
    </mem>
    <remembered-set count="295" />
  </mem-info>
</gc-end>
<cycle-end id="687" type="global" contextid="675" timestamp="2019-08-07T01:42:41.094" />
  <attribute name="Current GC Util" value="139" />
  <attribute name= "Current Time Running" value="2990" />
<concurrent-collection-end id="688" timestamp="2019-08-07T01:42:41.094" />
<exclusive-end id="689" timestamp="2019-08-07T01:42:41.094" durationms="2.270" />

<exclusive-start id="690" timestamp="2019-08-07T01:42:41.108" intervalms="16.101">
  <response-info timems="0.069" idlems="0.069" threads="0" lastid="0000000002927D00" lastname="Thread-3" />
</exclusive-start>
<af-start id="691" threadId="0000000002928688" totalBytesRequested="48" timestamp="2019-08-07T01:42:41.108" intervalms="36.094" type="nursery" />
<cycle-start id="692" type="scavenge" contextid="0" timestamp="2019-08-07T01:42:41.109" intervalms="36.095" />
<gc-start id="693" type="scavenge" contextid="692" timestamp="2019-08-07T01:42:41.109">
  <mem-info id="694" free="2433848" total="9568256" percent="25">
    <mem type="nursery" free="0" total="3276800" percent="0">
      <mem type="allocate" free="0" total="1638400" percent="0" />
      <mem type="survivor" free="0" total="1638400" percent="0" />
    </mem>
    <mem type="tenure" free="2433848" total="6291456" percent="38">
      <mem type="soa" free="2119480" total="5977088" percent="35" />
      <mem type="loa" free="314368" total="314368" percent="100" />
    </mem>
    <remembered-set count="382" />
  </mem-info>
</gc-start>
<allocation-stats totalBytes="924872" >
  <allocated-bytes non-tlh="231576" tlh="693296" />
  <largest-consumer threadName="Thread-7" threadId="0000000002936D00" bytes="390328" />
</allocation-stats>
<gc-op id="695" type="scavenge" timems="0.435" contextid="692" timestamp="2019-08-07T01:42:41.109">
  <scavenger-info tenureage="2" tenuremask="7ffc" tiltratio="50" />
  <memory-copied type="nursery" objects="2899" bytes="1037072" bytesdiscarded="152368" />
</gc-op>
<gc-end id="696" type="scavenge" contextid="692" durationms="0.624" usertimems="0.000" systemtimems="0.000" timestamp="2019-08-07T01:42:41.109" activeThreads="4">
  <mem-info id="697" free="2882736" total="9568256" percent="30">
    <mem type="nursery" free="448888" total="3276800" percent="13">
      <mem type="allocate" free="448888" total="1638400" percent="27" />
      <mem type="survivor" free="0" total="1638400" percent="0" />
    </mem>
    <mem type="tenure" free="2433848" total="6291456" percent="38">
      <mem type="soa" free="2119480" total="5977088" percent="35" />
      <mem type="loa" free="314368" total="314368" percent="100" />
    </mem>
    <remembered-set count="227" />
  </mem-info>
</gc-end>
<cycle-end id="698" type="scavenge" contextid="692" timestamp="2019-08-07T01:42:41.109" />
  <attribute name="Current GC Util" value="9" />
  <attribute name= "Current Time Running" value="3005" />
<allocation-satisfied id="699" threadId="0000000002927D00" bytesRequested="48" />
<af-end id="700" timestamp="2019-08-07T01:42:41.109" threadId="0000000002928688" success="true" from="nursery"/>
<exclusive-end id="701" timestamp="2019-08-07T01:42:41.109" durationms="1.117" />

<exclusive-start id="702" timestamp="2019-08-07T01:42:41.117" intervalms="8.599">
  <response-info timems="0.118" idlems="0.118" threads="0" lastid="000000000292B900" lastname="Thread-4" />
</exclusive-start>
<af-start id="703" threadId="000000000292C288" totalBytesRequested="16392" timestamp="2019-08-07T01:42:41.117" intervalms="8.528" type="nursery" />
<cycle-start id="704" type="scavenge" contextid="0" timestamp="2019-08-07T01:42:41.117" intervalms="8.519" />
<gc-start id="705" type="scavenge" contextid="704" timestamp="2019-08-07T01:42:41.117">
  <mem-info id="706" free="2433848" total="9568256" percent="25">
    <mem type="nursery" free="0" total="3276800" percent="0">
      <mem type="allocate" free="0" total="1638400" percent="0" />
      <mem type="survivor" free="0" total="1638400" percent="0" />
    </mem>
    <mem type="tenure" free="2433848" total="6291456" percent="38">
      <mem type="soa" free="2119480" total="5977088" percent="35" />
      <mem type="loa" free="314368" total="314368" percent="100" />
    </mem>
    <remembered-set count="292" />
  </mem-info>
</gc-start>
<allocation-stats totalBytes="441208" >
  <allocated-bytes non-tlh="49216" tlh="391992" />
  <largest-consumer threadName="Thread-4" threadId="000000000292B900" bytes="134064" />
</allocation-stats>
<gc-op id="707" type="scavenge" timems="0.550" contextid="704" timestamp="2019-08-07T01:42:41.118">
  <scavenger-info tenureage="1" tenuremask="7ffe" tiltratio="50" />
  <memory-copied type="nursery" objects="183" bytes="69784" bytesdiscarded="111208" />
  <memory-copied type="tenure" objects="2817" bytes="1033288" bytesdiscarded="22152" />
  <references type="weak" candidates="1" cleared="0" enqueued="0" />
  <references type="phantom" candidates="1" cleared="0" enqueued="0" />
</gc-op>
<gc-end id="708" type="scavenge" contextid="704" durationms="0.714" usertimems="0.000" systemtimems="0.000" timestamp="2019-08-07T01:42:41.118" activeThreads="4">
  <mem-info id="709" free="2829552" total="9568256" percent="29">
    <mem type="nursery" free="1457400" total="3276800" percent="44">
      <mem type="allocate" free="1457400" total="1638400" percent="88" />
      <mem type="survivor" free="0" total="1638400" percent="0" />
    </mem>
    <mem type="tenure" free="1372152" total="6291456" percent="21">
      <mem type="soa" free="1057784" total="5977088" percent="17" />
      <mem type="loa" free="314368" total="314368" percent="100" />
    </mem>
    <remembered-set count="243" />
  </mem-info>
</gc-end>
<cycle-end id="710" type="scavenge" contextid="704" timestamp="2019-08-07T01:42:41.118" />
  <attribute name="Current GC Util" value="13" />
  <attribute name= "Current Time Running" value="3013" />
<allocation-satisfied id="711" threadId="000000000292B900" bytesRequested="16392" />
<af-end id="712" timestamp="2019-08-07T01:42:41.118" threadId="000000000292C288" success="true" from="nursery"/>
<exclusive-end id="713" timestamp="2019-08-07T01:42:41.118" durationms="1.099" />

<concurrent-kickoff id="714" timestamp="2019-08-07T01:42:41.142">
  <kickoff reason="threshold reached" targetBytes="2034716" thresholdFreeBytes="269760"  remainingFree="224448" tenureFreeBytes="1372152" nurseryFreeBytes="224448" />
</concurrent-kickoff>
<exclusive-start id="715" timestamp="2019-08-07T01:42:41.142" intervalms="25.505">
  <response-info timems="0.155" idlems="0.086" threads="1" lastid="000000000292B900" lastname="Thread-4" />
</exclusive-start>
<cycle-start id="716" type="global" contextid="0" timestamp="2019-08-07T01:42:41.143" intervalms="53.469" />
<exclusive-end id="717" timestamp="2019-08-07T01:42:41.143" durationms="0.258" />

<exclusive-start id="718" timestamp="2019-08-07T01:42:41.144" intervalms="1.442">
  <response-info timems="0.140" idlems="0.064" threads="3" lastid="000000000293A900" lastname="Thread-8" />
</exclusive-start>
<af-start id="719" threadId="0000000002928688" totalBytesRequested="32776" timestamp="2019-08-07T01:42:41.144" intervalms="26.950" type="nursery" />
<cycle-start id="720" type="scavenge" contextid="0" timestamp="2019-08-07T01:42:41.144" intervalms="26.963" />
<gc-start id="721" type="scavenge" contextid="720" timestamp="2019-08-07T01:42:41.144">
  <mem-info id="722" free="1372152" total="9568256" percent="14">
    <mem type="nursery" free="0" total="3276800" percent="0">
      <mem type="allocate" free="0" total="1638400" percent="0" />
      <mem type="survivor" free="0" total="1638400" percent="0" />
    </mem>
    <mem type="tenure" free="1372152" total="6291456" percent="21">
      <mem type="soa" free="1057784" total="5977088" percent="17" />
      <mem type="loa" free="314368" total="314368" percent="100" />
    </mem>
    <remembered-set count="370" />
  </mem-info>
</gc-start>
<allocation-stats totalBytes="1402912" >
  <allocated-bytes non-tlh="163896" tlh="1239016" />
  <largest-consumer threadName="Thread-6" threadId="0000000002933100" bytes="433248" />
</allocation-stats>
<gc-op id="723" type="scavenge" timems="0.432" contextid="720" timestamp="2019-08-07T01:42:41.145">
  <scavenger-info tenureage="2" tenuremask="7ffc" tiltratio="50" />
  <memory-copied type="nursery" objects="1308" bytes="490752" bytesdiscarded="190520" />
  <references type="phantom" candidates="1" cleared="0" enqueued="0" />
</gc-op>
<gc-end id="724" type="scavenge" contextid="720" durationms="0.640" usertimems="0.000" systemtimems="4.000" timestamp="2019-08-07T01:42:41.145" activeThreads="4">
  <mem-info id="725" free="2329224" total="9568256" percent="24">
    <mem type="nursery" free="957072" total="3276800" percent="29">
      <mem type="allocate" free="957072" total="1638400" percent="58" />
      <mem type="survivor" free="0" total="1638400" percent="0" />
    </mem>
    <mem type="tenure" free="1372152" total="6291456" percent="21">
      <mem type="soa" free="1057784" total="5977088" percent="17" />
      <mem type="loa" free="314368" total="314368" percent="100" />
    </mem>
    <remembered-set count="257" />
  </mem-info>
</gc-end>
<cycle-end id="726" type="scavenge" contextid="720" timestamp="2019-08-07T01:42:41.145" />
  <attribute name="Current GC Util" value="5" />
  <attribute name= "Current Time Running" value="3040" />
<allocation-satisfied id="727" threadId="0000000002927D00" bytesRequested="32776" />
<af-end id="728" timestamp="2019-08-07T01:42:41.145" threadId="0000000002928688" success="true" from="nursery"/>
<exclusive-end id="729" timestamp="2019-08-07T01:42:41.145" durationms="1.205" />

<exclusive-start id="730" timestamp="2019-08-07T01:42:41.147" intervalms="2.659">
  <response-info timems="0.055" idlems="0.055" threads="0" lastid="000000000292F500" lastname="Thread-5" />
</exclusive-start>
<concurrent-collection-start id="731" timestamp="2019-08-07T01:42:41.147" intervalms="54.244" >
  <concurrent-trace-info reason="card cleaning threshold reached" tracedByMutators="1380380" tracedByHelpers="890868" cardsCleaned="158" workStackOverflowCount="0" />
</concurrent-collection-start>
<gc-start id="732" type="global" contextid="716" timestamp="2019-08-07T01:42:41.147">
  <mem-info id="733" free="1960568" total="9568256" percent="20">
    <mem type="nursery" free="588416" total="3276800" percent="17">
      <mem type="allocate" free="588416" total="1638400" percent="35" />
      <mem type="survivor" free="0" total="1638400" percent="0" />
    </mem>
    <mem type="tenure" free="1372152" total="6291456" percent="21">
      <mem type="soa" free="1057784" total="5977088" percent="17" />
      <mem type="loa" free="314368" total="314368" percent="100" />
    </mem>
    <remembered-set count="280" />
  </mem-info>
</gc-start>
<allocation-stats totalBytes="366560" >
  <allocated-bytes non-tlh="49168" tlh="317392" />
  <largest-consumer threadName="Thread-3" threadId="0000000002927D00" bytes="118680" />
</allocation-stats>
<gc-op id="734" type="rs-scan" timems="0.181" contextid="716" timestamp="2019-08-07T01:42:41.147">
  <scan objectsFound="184" bytesTraced="55316" workStackOverflowCount="0" />
</gc-op>
<gc-op id="735" type="card-cleaning" timems="0.150" contextid="716" timestamp="2019-08-07T01:42:41.147">
  <card-cleaning cardsCleaned="30" bytesTraced="407560" workStackOverflowCount="0" />
</gc-op>
<gc-op id="736" type="mark" timems="0.502" contextid="716" timestamp="2019-08-07T01:42:41.148">
  <trace-info objectcount="931" scancount="830" scanbytes="148764" />
  <finalization candidates="25" enqueued="0" />
  <references type="soft" candidates="168" cleared="0" enqueued="0" dynamicThreshold="12" maxThreshold="32" />
  <references type="weak" candidates="251" cleared="0" enqueued="0" />
  <references type="phantom" candidates="82" cleared="0" enqueued="0" />
  <stringconstants candidates="3948" cleared="0"  />
</gc-op>
<gc-op id="737" type="sweep" timems="0.243" contextid="716" timestamp="2019-08-07T01:42:41.148" />
<gc-end id="738" type="global" contextid="716" durationms="1.462" usertimems="0.000" systemtimems="0.000" timestamp="2019-08-07T01:42:41.148" activeThreads="4">
  <mem-info id="739" free="3257056" total="9568256" percent="34">
    <mem type="nursery" free="1080992" total="3276800" percent="32">
      <mem type="allocate" free="1080992" total="1638400" percent="65" />
      <mem type="survivor" free="0" total="1638400" percent="0" />
    </mem>
    <mem type="tenure" free="2176064" total="6291456" percent="34" micro-fragmented="83473" macro-fragmented="0">
      <mem type="soa" free="1861696" total="5977088" percent="31" />
      <mem type="loa" free="314368" total="314368" percent="100" />
    </mem>
    <remembered-set count="243" />
  </mem-info>
</gc-end>
<cycle-end id="740" type="global" contextid="716" timestamp="2019-08-07T01:42:41.148" />
  <attribute name="Current GC Util" value="122" />
  <attribute name= "Current Time Running" value="3044" />
<concurrent-collection-end id="741" timestamp="2019-08-07T01:42:41.148" />
<exclusive-end id="742" timestamp="2019-08-07T01:42:41.148" durationms="1.958" />

<exclusive-start id="743" timestamp="2019-08-07T01:42:41.156" intervalms="9.480">
  <response-info timems="0.049" idlems="0.049" threads="0" lastid="0000000002933100" lastname="Thread-6" />
</exclusive-start>
<af-start id="744" threadId="0000000002933A88" totalBytesRequested="40" timestamp="2019-08-07T01:42:41.156" intervalms="12.227" type="nursery" />
<cycle-start id="745" type="scavenge" contextid="0" timestamp="2019-08-07T01:42:41.156" intervalms="12.446" />
<gc-start id="746" type="scavenge" contextid="745" timestamp="2019-08-07T01:42:41.157">
  <mem-info id="747" free="2176064" total="9568256" percent="22">
    <mem type="nursery" free="0" total="3276800" percent="0">
      <mem type="allocate" free="0" total="1638400" percent="0" />
      <mem type="survivor" free="0" total="1638400" percent="0" />
    </mem>
    <mem type="tenure" free="2176064" total="6291456" percent="34">
      <mem type="soa" free="1861696" total="5977088" percent="31" />
      <mem type="loa" free="314368" total="314368" percent="100" />
    </mem>
    <remembered-set count="364" />
  </mem-info>
</gc-start>
<allocation-stats totalBytes="1061976" >
  <allocated-bytes non-tlh="252040" tlh="809936" />
  <largest-consumer threadName="Thread-3" threadId="0000000002927D00" bytes="445000" />
</allocation-stats>
<gc-op id="748" type="scavenge" timems="0.415" contextid="745" timestamp="2019-08-07T01:42:41.157">
  <scavenger-info tenureage="2" tenuremask="7ffc" tiltratio="50" />
  <memory-copied type="nursery" objects="2115" bytes="865824" bytesdiscarded="123992" />
  <memory-copied type="tenure" objects="37" bytes="18752" bytesdiscarded="864" />
</gc-op>
<gc-end id="749" type="scavenge" contextid="745" durationms="0.606" usertimems="4.000" systemtimems="0.000" timestamp="2019-08-07T01:42:41.157" activeThreads="4">
  <mem-info id="750" free="2928536" total="9568256" percent="30">
    <mem type="nursery" free="779568" total="3276800" percent="23">
      <mem type="allocate" free="779568" total="1769472" percent="44" />
      <mem type="survivor" free="0" total="1507328" percent="0" />
    </mem>
    <mem type="tenure" free="2148968" total="6291456" percent="34">
      <mem type="soa" free="1834600" total="5977088" percent="30" />
      <mem type="loa" free="314368" total="314368" percent="100" />
    </mem>
    <remembered-set count="229" />
  </mem-info>
</gc-end>
<cycle-end id="751" type="scavenge" contextid="745" timestamp="2019-08-07T01:42:41.157" />
  <attribute name="Current GC Util" value="12" />
  <attribute name= "Current Time Running" value="3053" />
<allocation-satisfied id="752" threadId="0000000002933100" bytesRequested="40" />
<af-end id="753" timestamp="2019-08-07T01:42:41.157" threadId="0000000002933A88" success="true" from="nursery"/>
<exclusive-end id="754" timestamp="2019-08-07T01:42:41.157" durationms="1.373" />

<exclusive-start id="755" timestamp="2019-08-07T01:42:41.164" intervalms="7.775">
  <response-info timems="0.045" idlems="0.045" threads="0" lastid="000000000293E500" lastname="Thread-9" />
</exclusive-start>
<af-start id="756" threadId="000000000293EE88" totalBytesRequested="416" timestamp="2019-08-07T01:42:41.164" intervalms="7.738" type="nursery" />
<cycle-start id="757" type="scavenge" contextid="0" timestamp="2019-08-07T01:42:41.164" intervalms="7.511" />
<gc-start id="758" type="scavenge" contextid="757" timestamp="2019-08-07T01:42:41.164">
  <mem-info id="759" free="2148968" total="9568256" percent="22">
    <mem type="nursery" free="0" total="3276800" percent="0">
      <mem type="allocate" free="0" total="1769472" percent="0" />
      <mem type="survivor" free="0" total="1507328" percent="0" />
    </mem>
    <mem type="tenure" free="2148968" total="6291456" percent="34">
      <mem type="soa" free="1834600" total="5977088" percent="30" />
      <mem type="loa" free="314368" total="314368" percent="100" />
    </mem>
    <remembered-set count="316" />
  </mem-info>
</gc-start>
<allocation-stats totalBytes="735680" >
  <allocated-bytes non-tlh="65600" tlh="670080" />
  <largest-consumer threadName="Thread-4" threadId="000000000292B900" bytes="364112" />
</allocation-stats>
<gc-op id="760" type="scavenge" timems="0.482" contextid="757" timestamp="2019-08-07T01:42:41.165">
  <scavenger-info tenureage="1" tenuremask="7ffe" tiltratio="54" />
  <memory-copied type="nursery" objects="1055" bytes="387992" bytesdiscarded="199312" />
  <memory-copied type="tenure" objects="1550" bytes="749896" bytesdiscarded="7608" />
  <references type="phantom" candidates="1" cleared="0" enqueued="0" />
</gc-op>
<gc-end id="761" type="scavenge" contextid="757" durationms="0.672" usertimems="0.000" systemtimems="0.000" timestamp="2019-08-07T01:42:41.165" activeThreads="4">
  <mem-info id="762" free="2699624" total="9568256" percent="28">
    <mem type="nursery" free="1313216" total="3276800" percent="40">
      <mem type="allocate" free="1313216" total="1900544" percent="69" />
      <mem type="survivor" free="0" total="1376256" percent="0" />
    </mem>
    <mem type="tenure" free="1386408" total="6291456" percent="22">
      <mem type="soa" free="1072040" total="5977088" percent="17" />
      <mem type="loa" free="314368" total="314368" percent="100" />
    </mem>
    <remembered-set count="225" />
  </mem-info>
</gc-end>
<cycle-end id="763" type="scavenge" contextid="757" timestamp="2019-08-07T01:42:41.165" />
  <attribute name="Current GC Util" value="15" />
  <attribute name= "Current Time Running" value="3060" />
<allocation-satisfied id="764" threadId="000000000293E500" bytesRequested="416" />
<af-end id="765" timestamp="2019-08-07T01:42:41.165" threadId="000000000293EE88" success="true" from="nursery"/>
<exclusive-end id="766" timestamp="2019-08-07T01:42:41.165" durationms="1.147" />

<exclusive-start id="767" timestamp="2019-08-07T01:42:41.173" intervalms="9.226">
  <response-info timems="0.092" idlems="0.048" threads="1" lastid="000000000292B900" lastname="Thread-4" />
</exclusive-start>
<af-start id="768" threadId="000000000293B288" totalBytesRequested="2056" timestamp="2019-08-07T01:42:41.173" intervalms="9.160" type="nursery" />
<cycle-start id="769" type="scavenge" contextid="0" timestamp="2019-08-07T01:42:41.173" intervalms="9.149" />
<gc-start id="770" type="scavenge" contextid="769" timestamp="2019-08-07T01:42:41.173">
  <mem-info id="771" free="1386408" total="9568256" percent="14">
    <mem type="nursery" free="0" total="3276800" percent="0">
      <mem type="allocate" free="0" total="1900544" percent="0" />
      <mem type="survivor" free="0" total="1376256" percent="0" />
    </mem>
    <mem type="tenure" free="1386408" total="6291456" percent="22">
      <mem type="soa" free="1072040" total="5977088" percent="17" />
      <mem type="loa" free="314368" total="314368" percent="100" />
    </mem>
    <remembered-set count="328" />
  </mem-info>
</gc-start>
<allocation-stats totalBytes="1281000" >
  <allocated-bytes non-tlh="205280" tlh="1075720" />
  <largest-consumer threadName="Thread-7" threadId="0000000002936D00" bytes="372512" />
</allocation-stats>
<gc-op id="772" type="scavenge" timems="0.416" contextid="769" timestamp="2019-08-07T01:42:41.174">
  <scavenger-info tenureage="1" tenuremask="7ffe" tiltratio="58" />
  <memory-copied type="nursery" objects="1083" bytes="538288" bytesdiscarded="335536" />
  <memory-copied type="tenure" objects="592" bytes="184776" bytesdiscarded="5576" />
  <references type="phantom" candidates="1" cleared="0" enqueued="0" />
</gc-op>
<gc-end id="773" type="scavenge" contextid="769" durationms="0.570" usertimems="0.000" systemtimems="0.000" timestamp="2019-08-07T01:42:41.174" activeThreads="4">
  <mem-info id="774" free="2254792" total="9568256" percent="23">
    <mem type="nursery" free="1092200" total="3276800" percent="33">
      <mem type="allocate" free="1092200" total="1966080" percent="55" />
      <mem type="survivor" free="0" total="1310720" percent="0" />
    </mem>
    <mem type="tenure" free="1162592" total="6291456" percent="18">
      <mem type="soa" free="848224" total="5977088" percent="14" />
      <mem type="loa" free="314368" total="314368" percent="100" />
    </mem>
    <remembered-set count="224" />
  </mem-info>
</gc-end>
<cycle-end id="775" type="scavenge" contextid="769" timestamp="2019-08-07T01:42:41.174" />
  <attribute name="Current GC Util" value="14" />
  <attribute name= "Current Time Running" value="3069" />
<allocation-satisfied id="776" threadId="000000000293A900" bytesRequested="2056" />
<af-end id="777" timestamp="2019-08-07T01:42:41.174" threadId="000000000293B288" success="true" from="nursery"/>
<exclusive-end id="778" timestamp="2019-08-07T01:42:41.174" durationms="0.920" />

<exclusive-start id="779" timestamp="2019-08-07T01:42:41.181" intervalms="7.903">
  <response-info timems="0.059" idlems="0.059" threads="0" lastid="0000000002924100" lastname="Thread-2" />
</exclusive-start>
<af-start id="780" threadId="0000000002924A88" totalBytesRequested="80" timestamp="2019-08-07T01:42:41.181" intervalms="8.126" type="nursery" />
<cycle-start id="781" type="scavenge" contextid="0" timestamp="2019-08-07T01:42:41.181" intervalms="8.139" />
<gc-start id="782" type="scavenge" contextid="781" timestamp="2019-08-07T01:42:41.181">
  <mem-info id="783" free="1162592" total="9568256" percent="12">
    <mem type="nursery" free="0" total="3276800" percent="0">
      <mem type="allocate" free="0" total="1966080" percent="0" />
      <mem type="survivor" free="0" total="1310720" percent="0" />
    </mem>
    <mem type="tenure" free="1162592" total="6291456" percent="18">
      <mem type="soa" free="848224" total="5977088" percent="14" />
      <mem type="loa" free="314368" total="314368" percent="100" />
    </mem>
    <remembered-set count="349" />
  </mem-info>
</gc-start>
<allocation-stats totalBytes="1059904" >
  <allocated-bytes non-tlh="198720" tlh="861184" />
  <largest-consumer threadName="Thread-7" threadId="0000000002936D00" bytes="411512" />
</allocation-stats>
<gc-op id="784" type="scavenge" timems="1.306" contextid="781" timestamp="2019-08-07T01:42:41.183">
  <scavenger-info tenureage="1" tenuremask="7ffe" tiltratio="60" />
  <memory-copied type="nursery" objects="1380" bytes="549328" bytesdiscarded="129152" />
  <memory-copied type="tenure" objects="591" bytes="345232" bytesdiscarded="2008" />
  <references type="weak" candidates="1" cleared="0" enqueued="0" />
  <references type="phantom" candidates="2" cleared="0" enqueued="0" />
</gc-op>
<heap-resize id="785" type="expand" space="nursery" amount="262144" count="1" timems="0.019" reason="excessive time being spent scavenging" timestamp="2019-08-07T01:42:41.183" />
<gc-end id="786" type="scavenge" contextid="781" durationms="1.759" usertimems="4.000" systemtimems="0.000" timestamp="2019-08-07T01:42:41.183" activeThreads="4">
  <mem-info id="787" free="2359024" total="9830400" percent="23">
    <mem type="nursery" free="1549696" total="3538944" percent="43">
      <mem type="allocate" free="1549696" total="2228224" percent="69" />
      <mem type="survivor" free="0" total="1310720" percent="0" />
    </mem>
    <mem type="tenure" free="809328" total="6291456" percent="12">
      <mem type="soa" free="494960" total="5977088" percent="8" />
      <mem type="loa" free="314368" total="314368" percent="100" />
    </mem>
    <remembered-set count="232" />
  </mem-info>
</gc-end>
<cycle-end id="788" type="scavenge" contextid="781" timestamp="2019-08-07T01:42:41.183" />
  <attribute name="Current GC Util" value="13" />
  <attribute name= "Current Time Running" value="3078" />
<allocation-satisfied id="789" threadId="0000000002924100" bytesRequested="80" />
<af-end id="790" timestamp="2019-08-07T01:42:41.183" threadId="0000000002924A88" success="true" from="nursery"/>
<exclusive-end id="791" timestamp="2019-08-07T01:42:41.183" durationms="2.482" />

<concurrent-kickoff id="792" timestamp="2019-08-07T01:42:41.200">
  <kickoff reason="threshold reached" targetBytes="2080052" thresholdFreeBytes="275490"  remainingFree="251232" tenureFreeBytes="809328" nurseryFreeBytes="251232" />
</concurrent-kickoff>
<exclusive-start id="793" timestamp="2019-08-07T01:42:41.200" intervalms="19.546">
  <response-info timems="0.056" idlems="0.056" threads="0" lastid="0000000002936D00" lastname="Thread-7" />
</exclusive-start>
<cycle-start id="794" type="global" contextid="0" timestamp="2019-08-07T01:42:41.201" intervalms="57.960" />
<exclusive-end id="795" timestamp="2019-08-07T01:42:41.201" durationms="0.189" />

<exclusive-start id="796" timestamp="2019-08-07T01:42:41.204" intervalms="3.855">
  <response-info timems="0.199" idlems="0.078" threads="2" lastid="0000000002924100" lastname="Thread-2" />
</exclusive-start>
<af-start id="797" threadId="000000000292FE88" totalBytesRequested="32776" timestamp="2019-08-07T01:42:41.204" intervalms="23.215" type="nursery" />
<cycle-start id="798" type="scavenge" contextid="0" timestamp="2019-08-07T01:42:41.205" intervalms="23.238" />
<gc-start id="799" type="scavenge" contextid="798" timestamp="2019-08-07T01:42:41.205">
  <mem-info id="800" free="809328" total="9830400" percent="8">
    <mem type="nursery" free="0" total="3538944" percent="0">
      <mem type="allocate" free="0" total="2228224" percent="0" />
      <mem type="survivor" free="0" total="1310720" percent="0" />
    </mem>
    <mem type="tenure" free="809328" total="6291456" percent="12">
      <mem type="soa" free="494960" total="5977088" percent="8" />
      <mem type="loa" free="314368" total="314368" percent="100" />
    </mem>
    <remembered-set count="403" />
  </mem-info>
</gc-start>
<allocation-stats totalBytes="1517072" >
  <allocated-bytes non-tlh="131192" tlh="1385880" />
  <largest-consumer threadName="Thread-2" threadId="0000000002924100" bytes="491152" />
</allocation-stats>
<gc-op id="801" type="scavenge" timems="0.553" contextid="798" timestamp="2019-08-07T01:42:41.205">
  <scavenger-info tenureage="1" tenuremask="7ffe" tiltratio="62" />
  <memory-copied type="nursery" objects="1422" bytes="510576" bytesdiscarded="181520" />
  <memory-copied type="tenure" objects="849" bytes="447280" bytesdiscarded="264" />
  <references type="weak" candidates="1" cleared="0" enqueued="0" />
  <references type="phantom" candidates="1" cleared="0" enqueued="0" />
</gc-op>
<gc-end id="802" type="scavenge" contextid="798" durationms="0.769" usertimems="0.000" systemtimems="0.000" timestamp="2019-08-07T01:42:41.205" activeThreads="4">
  <mem-info id="803" free="2112600" total="9830400" percent="21">
    <mem type="nursery" free="1798232" total="3538944" percent="50">
      <mem type="allocate" free="1798232" total="2490368" percent="72" />
      <mem type="survivor" free="0" total="1048576" percent="0" />
    </mem>
    <mem type="tenure" free="314368" total="6291456" percent="4">
      <mem type="soa" free="0" total="5977088" percent="0" />
      <mem type="loa" free="314368" total="314368" percent="100" />
    </mem>
    <remembered-set count="263" />
  </mem-info>
</gc-end>
<cycle-end id="804" type="scavenge" contextid="798" timestamp="2019-08-07T01:42:41.205" />
  <attribute name="Current GC Util" value="10" />
  <attribute name= "Current Time Running" value="3101" />
<allocation-satisfied id="805" threadId="000000000292F500" bytesRequested="32776" />
<af-end id="806" timestamp="2019-08-07T01:42:41.206" threadId="000000000292FE88" success="true" from="nursery"/>
<exclusive-end id="807" timestamp="2019-08-07T01:42:41.206" durationms="1.264" />

<exclusive-start id="808" timestamp="2019-08-07T01:42:41.229" intervalms="24.424">
  <response-info timems="0.038" idlems="0.038" threads="0" lastid="000000000293A900" lastname="Thread-8" />
</exclusive-start>
<af-start id="809" threadId="000000000293B288" totalBytesRequested="16" timestamp="2019-08-07T01:42:41.229" intervalms="24.534" type="nursery" />
<percolate-collect id="810" from="nursery" to="global" reason="concurrent mark exhausted" timestamp="2019-08-07T01:42:41.229"/>
<gc-start id="811" type="global" contextid="794" timestamp="2019-08-07T01:42:41.229">
  <mem-info id="812" free="314368" total="9830400" percent="3">
    <mem type="nursery" free="0" total="3538944" percent="0">
      <mem type="allocate" free="0" total="2490368" percent="0" />
      <mem type="survivor" free="0" total="1048576" percent="0" />
    </mem>
    <mem type="tenure" free="314368" total="6291456" percent="4">
      <mem type="soa" free="0" total="5977088" percent="0" />
      <mem type="loa" free="314368" total="314368" percent="100" />
    </mem>
    <remembered-set count="391" />
  </mem-info>
</gc-start>
<allocation-stats totalBytes="1773304" >
  <allocated-bytes non-tlh="196664" tlh="1576640" />
  <largest-consumer threadName="Thread-6" threadId="0000000002933100" bytes="533808" />
</allocation-stats>
<concurrent-halted id="813" timestamp="2019-08-07T01:42:41.229">
  <halted state="Complete" status="exhausted" />
  <traced bytesTarget="2080052" bytesTotal="2304016" bytesByMutator="1216268" bytesByHelper="1087748" percent="110" />
  <cards cleaned="293" thresholdBytes="108526" />
</concurrent-halted>
<gc-op id="814" type="rs-scan" timems="0.224" contextid="794" timestamp="2019-08-07T01:42:41.229">
  <scan objectsFound="232" bytesTraced="44648" workStackOverflowCount="0" />
</gc-op>
<gc-op id="815" type="card-cleaning" timems="0.289" contextid="794" timestamp="2019-08-07T01:42:41.230">
  <card-cleaning cardsCleaned="74" bytesTraced="823080" workStackOverflowCount="0" />
</gc-op>
<gc-op id="816" type="mark" timems="0.562" contextid="794" timestamp="2019-08-07T01:42:41.230">
  <trace-info objectcount="250" scancount="216" scanbytes="6040" />
  <finalization candidates="25" enqueued="0" />
  <references type="soft" candidates="168" cleared="0" enqueued="0" dynamicThreshold="11" maxThreshold="32" />
  <references type="weak" candidates="250" cleared="0" enqueued="0" />
  <references type="phantom" candidates="80" cleared="0" enqueued="0" />
  <stringconstants candidates="3948" cleared="0"  />
</gc-op>
<gc-op id="817" type="sweep" timems="0.246" contextid="794" timestamp="2019-08-07T01:42:41.231" />
<gc-end id="818" type="global" contextid="794" durationms="1.745" usertimems="0.000" systemtimems="4.000" timestamp="2019-08-07T01:42:41.231" activeThreads="4">
  <mem-info id="819" free="3818912" total="9830400" percent="38">
    <mem type="nursery" free="1367472" total="3538944" percent="38">
      <mem type="allocate" free="1367472" total="2490368" percent="54" />
      <mem type="survivor" free="0" total="1048576" percent="0" />
    </mem>
    <mem type="tenure" free="2451440" total="6291456" percent="38" micro-fragmented="69828" macro-fragmented="0">
      <mem type="soa" free="2137072" total="5977088" percent="35" />
      <mem type="loa" free="314368" total="314368" percent="100" />
    </mem>
    <remembered-set count="358" />
  </mem-info>
</gc-end>
<cycle-end id="820" type="global" contextid="794" timestamp="2019-08-07T01:42:41.231" />
  <attribute name="Current GC Util" value="120" />
  <attribute name= "Current Time Running" value="3127" />
<allocation-satisfied id="821" threadId="000000000293A900" bytesRequested="16" />
<af-end id="822" timestamp="2019-08-07T01:42:41.231" threadId="000000000293B288" success="true" from="nursery"/>
<exclusive-end id="823" timestamp="2019-08-07T01:42:41.231" durationms="2.304" />

<exclusive-start id="824" timestamp="2019-08-07T01:42:41.254" intervalms="25.154">
  <response-info timems="0.044" idlems="0.044" threads="0" lastid="000000000293A900" lastname="Thread-8" />
</exclusive-start>
<af-start id="825" threadId="000000000293B288" totalBytesRequested="8200" timestamp="2019-08-07T01:42:41.254" intervalms="25.150" type="nursery" />
<cycle-start id="826" type="scavenge" contextid="0" timestamp="2019-08-07T01:42:41.254" intervalms="49.657" />
<gc-start id="827" type="scavenge" contextid="826" timestamp="2019-08-07T01:42:41.254">
  <mem-info id="828" free="2466872" total="9830400" percent="25">
    <mem type="nursery" free="15432" total="3538944" percent="0">
      <mem type="allocate" free="15432" total="2490368" percent="0" />
      <mem type="survivor" free="0" total="1048576" percent="0" />
    </mem>
    <mem type="tenure" free="2451440" total="6291456" percent="38">
      <mem type="soa" free="2137072" total="5977088" percent="35" />
      <mem type="loa" free="314368" total="314368" percent="100" />
    </mem>
    <remembered-set count="401" />
  </mem-info>
</gc-start>
<allocation-stats totalBytes="1297944" >
  <allocated-bytes non-tlh="469256" tlh="828688" />
  <largest-consumer threadName="Thread-2" threadId="0000000002924100" bytes="417360" />
</allocation-stats>
<gc-op id="829" type="scavenge" timems="0.491" contextid="826" timestamp="2019-08-07T01:42:41.255">
  <scavenger-info tenureage="1" tenuremask="7ffe" tiltratio="70" />
  <memory-copied type="nursery" objects="1899" bytes="945440" bytesdiscarded="103048" />
  <memory-copied type="tenure" objects="592" bytes="131496" bytesdiscarded="2936" />
  <copy-failed type="nursery" objects="363" bytes="35960" />
  <references type="phantom" candidates="1" cleared="0" enqueued="0" />
</gc-op>
<gc-end id="830" type="scavenge" contextid="826" durationms="0.658" usertimems="0.000" systemtimems="0.000" timestamp="2019-08-07T01:42:41.255" activeThreads="4">
  <mem-info id="831" free="3137528" total="9830400" percent="31">
    <mem type="nursery" free="851968" total="3538944" percent="24">
      <mem type="allocate" free="851968" total="1900544" percent="44" />
      <mem type="survivor" free="0" total="1638400" percent="0" />
    </mem>
    <mem type="tenure" free="2285560" total="6291456" percent="36">
      <mem type="soa" free="1971192" total="5977088" percent="32" />
      <mem type="loa" free="314368" total="314368" percent="100" />
    </mem>
    <remembered-set count="238" />
  </mem-info>
</gc-end>
<cycle-end id="832" type="scavenge" contextid="826" timestamp="2019-08-07T01:42:41.255" />
  <attribute name="Current GC Util" value="11" />
  <attribute name= "Current Time Running" value="3150" />
<allocation-satisfied id="833" threadId="000000000293A900" bytesRequested="8200" />
<af-end id="834" timestamp="2019-08-07T01:42:41.255" threadId="000000000293B288" success="true" from="nursery"/>
<exclusive-end id="835" timestamp="2019-08-07T01:42:41.255" durationms="1.170" />

<exclusive-start id="836" timestamp="2019-08-07T01:42:41.261" intervalms="7.521">
  <response-info timems="0.058" idlems="0.058" threads="0" lastid="000000000292F500" lastname="Thread-5" />
</exclusive-start>
<af-start id="837" threadId="000000000292FE88" totalBytesRequested="16392" timestamp="2019-08-07T01:42:41.262" intervalms="7.482" type="nursery" />
<cycle-start id="838" type="scavenge" contextid="0" timestamp="2019-08-07T01:42:41.262" intervalms="7.490" />
<gc-start id="839" type="scavenge" contextid="838" timestamp="2019-08-07T01:42:41.262">
  <mem-info id="840" free="2285560" total="9830400" percent="23">
    <mem type="nursery" free="0" total="3538944" percent="0">
      <mem type="allocate" free="0" total="1900544" percent="0" />
      <mem type="survivor" free="0" total="1638400" percent="0" />
    </mem>
    <mem type="tenure" free="2285560" total="6291456" percent="36">
      <mem type="soa" free="1971192" total="5977088" percent="32" />
      <mem type="loa" free="314368" total="314368" percent="100" />
    </mem>
    <remembered-set count="335" />
  </mem-info>
</gc-start>
<allocation-stats totalBytes="796968" >
  <allocated-bytes non-tlh="73752" tlh="723216" />
  <largest-consumer threadName="Thread-4" threadId="000000000292B900" bytes="288640" />
</allocation-stats>
<gc-op id="841" type="scavenge" timems="0.546" contextid="838" timestamp="2019-08-07T01:42:41.262">
  <scavenger-info tenureage="1" tenuremask="7ffe" tiltratio="53" />
  <memory-copied type="nursery" objects="1104" bytes="299104" bytesdiscarded="278736" />
  <memory-copied type="tenure" objects="1262" bytes="717408" bytesdiscarded="12288" />
  <references type="weak" candidates="1" cleared="0" enqueued="0" />
  <references type="phantom" candidates="2" cleared="0" enqueued="0" />
</gc-op>
<gc-end id="842" type="scavenge" contextid="838" durationms="0.751" usertimems="0.000" systemtimems="0.000" timestamp="2019-08-07T01:42:41.262" activeThreads="4">
  <mem-info id="843" free="2879896" total="9830400" percent="29">
    <mem type="nursery" free="1388224" total="3538944" percent="39">
      <mem type="allocate" free="1388224" total="1966080" percent="70" />
      <mem type="survivor" free="0" total="1572864" percent="0" />
    </mem>
    <mem type="tenure" free="1491672" total="6291456" percent="23">
      <mem type="soa" free="1177304" total="5977088" percent="19" />
      <mem type="loa" free="314368" total="314368" percent="100" />
    </mem>
    <remembered-set count="223" />
  </mem-info>
</gc-end>
<cycle-end id="844" type="scavenge" contextid="838" timestamp="2019-08-07T01:42:41.263" />
  <attribute name="Current GC Util" value="18" />
  <attribute name= "Current Time Running" value="3158" />
<allocation-satisfied id="845" threadId="000000000292F500" bytesRequested="16392" />
<af-end id="846" timestamp="2019-08-07T01:42:41.263" threadId="000000000292FE88" success="true" from="nursery"/>
<exclusive-end id="847" timestamp="2019-08-07T01:42:41.263" durationms="1.288" />

<exclusive-start id="848" timestamp="2019-08-07T01:42:41.291" intervalms="29.720">
  <response-info timems="0.057" idlems="0.057" threads="0" lastid="000000000293E500" lastname="Thread-9" />
</exclusive-start>
<af-start id="849" threadId="000000000293EE88" totalBytesRequested="32776" timestamp="2019-08-07T01:42:41.291" intervalms="29.711" type="nursery" />
<cycle-start id="850" type="scavenge" contextid="0" timestamp="2019-08-07T01:42:41.291" intervalms="29.710" />
<gc-start id="851" type="scavenge" contextid="850" timestamp="2019-08-07T01:42:41.291">
  <mem-info id="852" free="1491672" total="9830400" percent="15">
    <mem type="nursery" free="0" total="3538944" percent="0">
      <mem type="allocate" free="0" total="1966080" percent="0" />
      <mem type="survivor" free="0" total="1572864" percent="0" />
    </mem>
    <mem type="tenure" free="1491672" total="6291456" percent="23">
      <mem type="soa" free="1177304" total="5977088" percent="19" />
      <mem type="loa" free="314368" total="314368" percent="100" />
    </mem>
    <remembered-set count="406" />
  </mem-info>
</gc-start>
<allocation-stats totalBytes="1375032" >
  <allocated-bytes non-tlh="98336" tlh="1276696" />
  <largest-consumer threadName="Thread-5" threadId="000000000292F500" bytes="413552" />
</allocation-stats>
<gc-op id="853" type="scavenge" timems="0.411" contextid="850" timestamp="2019-08-07T01:42:41.292">
  <scavenger-info tenureage="1" tenuremask="7ffe" tiltratio="55" />
  <memory-copied type="nursery" objects="1012" bytes="312064" bytesdiscarded="97544" />
  <memory-copied type="tenure" objects="1007" bytes="283744" bytesdiscarded="3168" />
</gc-op>
<gc-end id="854" type="scavenge" contextid="850" durationms="0.594" usertimems="0.000" systemtimems="0.000" timestamp="2019-08-07T01:42:41.292" activeThreads="4">
  <mem-info id="855" free="2986248" total="9830400" percent="30">
    <mem type="nursery" free="1818584" total="3538944" percent="51">
      <mem type="allocate" free="1818584" total="2228224" percent="81" />
      <mem type="survivor" free="0" total="1310720" percent="0" />
    </mem>
    <mem type="tenure" free="1167664" total="6291456" percent="18">
      <mem type="soa" free="853296" total="5977088" percent="14" />
      <mem type="loa" free="314368" total="314368" percent="100" />
    </mem>
    <remembered-set count="263" />
  </mem-info>
</gc-end>
<cycle-end id="856" type="scavenge" contextid="850" timestamp="2019-08-07T01:42:41.292" />
  <attribute name="Current GC Util" value="4" />
  <attribute name= "Current Time Running" value="3188" />
<allocation-satisfied id="857" threadId="000000000293E500" bytesRequested="32776" />
<af-end id="858" timestamp="2019-08-07T01:42:41.292" threadId="000000000293EE88" success="true" from="nursery"/>
<exclusive-end id="859" timestamp="2019-08-07T01:42:41.292" durationms="1.104" />

<exclusive-start id="860" timestamp="2019-08-07T01:42:41.302" intervalms="10.437">
  <response-info timems="0.074" idlems="0.074" threads="0" lastid="0000000002924100" lastname="Thread-2" />
</exclusive-start>
<af-start id="861" threadId="0000000002924A88" totalBytesRequested="16392" timestamp="2019-08-07T01:42:41.302" intervalms="10.431" type="nursery" />
<cycle-start id="862" type="scavenge" contextid="0" timestamp="2019-08-07T01:42:41.302" intervalms="10.433" />
<gc-start id="863" type="scavenge" contextid="862" timestamp="2019-08-07T01:42:41.302">
  <mem-info id="864" free="1167664" total="9830400" percent="11">
    <mem type="nursery" free="0" total="3538944" percent="0">
      <mem type="allocate" free="0" total="2228224" percent="0" />
      <mem type="survivor" free="0" total="1310720" percent="0" />
    </mem>
    <mem type="tenure" free="1167664" total="6291456" percent="18">
      <mem type="soa" free="853296" total="5977088" percent="14" />
      <mem type="loa" free="314368" total="314368" percent="100" />
    </mem>
    <remembered-set count="415" />
  </mem-info>
</gc-start>
<allocation-stats totalBytes="1693456" >
  <allocated-bytes non-tlh="213056" tlh="1480400" />
  <largest-consumer threadName="Thread-3" threadId="0000000002927D00" bytes="430696" />
</allocation-stats>
<gc-op id="865" type="scavenge" timems="1.838" contextid="862" timestamp="2019-08-07T01:42:41.304">
  <scavenger-info tenureage="1" tenuremask="7ffe" tiltratio="62" />
  <memory-copied type="nursery" objects="1795" bytes="829920" bytesdiscarded="129672" />
  <memory-copied type="tenure" objects="905" bytes="290520" bytesdiscarded="1528" />
  <references type="phantom" candidates="2" cleared="0" enqueued="0" />
</gc-op>
<heap-resize id="866" type="expand" space="nursery" amount="393216" count="1" timems="0.014" reason="excessive time being spent scavenging" timestamp="2019-08-07T01:42:41.304" />
<gc-end id="867" type="scavenge" contextid="862" durationms="2.261" usertimems="4.000" systemtimems="0.000" timestamp="2019-08-07T01:42:41.304" activeThreads="4">
  <mem-info id="868" free="2155536" total="10223616" percent="21">
    <mem type="nursery" free="1268552" total="3932160" percent="32">
      <mem type="allocate" free="1268552" total="2228224" percent="56" />
      <mem type="survivor" free="0" total="1703936" percent="0" />
    </mem>
    <mem type="tenure" free="886984" total="6291456" percent="14">
      <mem type="soa" free="572616" total="5977088" percent="9" />
      <mem type="loa" free="314368" total="314368" percent="100" />
    </mem>
    <remembered-set count="222" />
  </mem-info>
</gc-end>
<cycle-end id="869" type="scavenge" contextid="862" timestamp="2019-08-07T01:42:41.304" />
  <attribute name="Current GC Util" value="11" />
  <attribute name= "Current Time Running" value="3198" />
<allocation-satisfied id="870" threadId="0000000002924100" bytesRequested="16392" />
<af-end id="871" timestamp="2019-08-07T01:42:41.304" threadId="0000000002924A88" success="true" from="nursery"/>
<exclusive-end id="872" timestamp="2019-08-07T01:42:41.304" durationms="2.777" />

<concurrent-kickoff id="873" timestamp="2019-08-07T01:42:41.312">
  <kickoff reason="threshold reached" targetBytes="2129460" thresholdFreeBytes="277646"  remainingFree="232256" tenureFreeBytes="886984" nurseryFreeBytes="232256" />
</concurrent-kickoff>
<exclusive-start id="874" timestamp="2019-08-07T01:42:41.312" intervalms="10.833">
  <response-info timems="0.064" idlems="0.064" threads="0" lastid="000000000293E500" lastname="Thread-9" />
</exclusive-start>
<cycle-start id="875" type="global" contextid="0" timestamp="2019-08-07T01:42:41.312" intervalms="111.839" />
<exclusive-end id="876" timestamp="2019-08-07T01:42:41.312" durationms="0.081" />

<exclusive-start id="877" timestamp="2019-08-07T01:42:41.314" intervalms="1.678">
  <response-info timems="0.060" idlems="0.033" threads="1" lastid="0000000002936D00" lastname="Thread-7" />
</exclusive-start>
<af-start id="878" threadId="0000000002933A88" totalBytesRequested="48" timestamp="2019-08-07T01:42:41.314" intervalms="12.441" type="nursery" />
<cycle-start id="879" type="scavenge" contextid="0" timestamp="2019-08-07T01:42:41.314" intervalms="12.443" />
<gc-start id="880" type="scavenge" contextid="879" timestamp="2019-08-07T01:42:41.314">
  <mem-info id="881" free="886984" total="10223616" percent="8">
    <mem type="nursery" free="0" total="3932160" percent="0">
      <mem type="allocate" free="0" total="2228224" percent="0" />
      <mem type="survivor" free="0" total="1703936" percent="0" />
    </mem>
    <mem type="tenure" free="886984" total="6291456" percent="14">
      <mem type="soa" free="572616" total="5977088" percent="9" />
      <mem type="loa" free="314368" total="314368" percent="100" />
    </mem>
    <remembered-set count="342" />
  </mem-info>
</gc-start>
<allocation-stats totalBytes="1167952" >
  <allocated-bytes non-tlh="147504" tlh="1020448" />
  <largest-consumer threadName="Thread-4" threadId="000000000292B900" bytes="359152" />
</allocation-stats>
<gc-op id="882" type="scavenge" timems="0.520" contextid="879" timestamp="2019-08-07T01:42:41.315">
  <scavenger-info tenureage="1" tenuremask="7ffe" tiltratio="56" />
  <memory-copied type="nursery" objects="890" bytes="510312" bytesdiscarded="214208" />
  <memory-copied type="tenure" objects="1306" bytes="627440" bytesdiscarded="5632" />
  <references type="phantom" candidates="1" cleared="0" enqueued="0" />
  <heap-resize type="expand" space="tenure" amount="65536" count="1" timems="0.016" reason="continue current collection" />
</gc-op>
<gc-end id="883" type="scavenge" contextid="879" durationms="0.739" usertimems="0.000" systemtimems="0.000" timestamp="2019-08-07T01:42:41.315" activeThreads="4">
  <mem-info id="884" free="2198912" total="10289152" percent="21">
    <mem type="nursery" free="1831344" total="3932160" percent="46">
      <mem type="allocate" free="1831344" total="2555904" percent="71" />
      <mem type="survivor" free="0" total="1376256" percent="0" />
    </mem>
    <mem type="tenure" free="367568" total="6356992" percent="5">
      <mem type="soa" free="50128" total="6039552" percent="0" />
      <mem type="loa" free="317440" total="317440" percent="100" />
    </mem>
    <remembered-set count="249" />
  </mem-info>
</gc-end>
<cycle-end id="885" type="scavenge" contextid="879" timestamp="2019-08-07T01:42:41.315" />
  <attribute name="Current GC Util" value="26" />
  <attribute name= "Current Time Running" value="3211" />
<allocation-satisfied id="886" threadId="0000000002933100" bytesRequested="48" />
<af-end id="887" timestamp="2019-08-07T01:42:41.316" threadId="0000000002933A88" success="true" from="nursery"/>
<exclusive-end id="888" timestamp="2019-08-07T01:42:41.316" durationms="1.881" />

<exclusive-start id="889" timestamp="2019-08-07T01:42:41.321" intervalms="6.819">
  <response-info timems="0.228" idlems="0.228" threads="0" lastid="000000000293E500" lastname="Thread-9" />
</exclusive-start>
<concurrent-collection-start id="890" timestamp="2019-08-07T01:42:41.321" intervalms="174.352" >
  <concurrent-trace-info reason="card cleaning threshold reached" tracedByMutators="1190032" tracedByHelpers="862228" cardsCleaned="213" workStackOverflowCount="0" />
</concurrent-collection-start>
<gc-start id="891" type="global" contextid="875" timestamp="2019-08-07T01:42:41.321">
  <mem-info id="892" free="1842512" total="10289152" percent="17">
    <mem type="nursery" free="1474944" total="3932160" percent="37">
      <mem type="allocate" free="1474944" total="2555904" percent="57" />
      <mem type="survivor" free="0" total="1376256" percent="0" />
    </mem>
    <mem type="tenure" free="367568" total="6356992" percent="5">
      <mem type="soa" free="50128" total="6039552" percent="0" />
      <mem type="loa" free="317440" total="317440" percent="100" />
    </mem>
    <remembered-set count="303" />
  </mem-info>
</gc-start>
<allocation-stats totalBytes="354424" >
  <allocated-bytes non-tlh="48" tlh="354376" />
  <largest-consumer threadName="Thread-7" threadId="0000000002936D00" bytes="96792" />
</allocation-stats>
<gc-op id="893" type="rs-scan" timems="0.192" contextid="875" timestamp="2019-08-07T01:42:41.321">
  <scan objectsFound="156" bytesTraced="37432" workStackOverflowCount="0" />
</gc-op>
<gc-op id="894" type="card-cleaning" timems="0.224" contextid="875" timestamp="2019-08-07T01:42:41.322">
  <card-cleaning cardsCleaned="116" bytesTraced="612096" workStackOverflowCount="0" />
</gc-op>
<gc-op id="895" type="mark" timems="0.601" contextid="875" timestamp="2019-08-07T01:42:41.322">
  <trace-info objectcount="870" scancount="736" scanbytes="111004" />
  <finalization candidates="25" enqueued="0" />
  <references type="soft" candidates="168" cleared="0" enqueued="0" dynamicThreshold="12" maxThreshold="32" />
  <references type="weak" candidates="250" cleared="0" enqueued="0" />
  <references type="phantom" candidates="81" cleared="0" enqueued="0" />
  <stringconstants candidates="3948" cleared="0"  />
</gc-op>
<gc-op id="896" type="sweep" timems="0.337" contextid="875" timestamp="2019-08-07T01:42:41.323" />
<heap-resize id="897" type="contract" space="tenure" amount="65536" count="1" timems="0.132" reason="insufficient time being spent in gc" timestamp="2019-08-07T01:42:41.323" />
<gc-end id="898" type="global" contextid="875" durationms="2.019" usertimems="4.000" systemtimems="0.000" timestamp="2019-08-07T01:42:41.323" activeThreads="4">
  <mem-info id="899" free="4338760" total="10223616" percent="42">
    <mem type="nursery" free="1965160" total="3932160" percent="49">
      <mem type="allocate" free="1965160" total="2555904" percent="76" />
      <mem type="survivor" free="0" total="1376256" percent="0" />
    </mem>
    <mem type="tenure" free="2373600" total="6291456" percent="37" micro-fragmented="129754" macro-fragmented="0">
      <mem type="soa" free="2121696" total="5977088" percent="35" />
      <mem type="loa" free="251904" total="314368" percent="80" />
    </mem>
    <remembered-set count="283" />
  </mem-info>
</gc-end>
<cycle-end id="900" type="global" contextid="875" timestamp="2019-08-07T01:42:41.323" />
  <attribute name="Current GC Util" value="122" />
  <attribute name= "Current Time Running" value="3218" />
<concurrent-collection-end id="901" timestamp="2019-08-07T01:42:41.323" />
<exclusive-end id="902" timestamp="2019-08-07T01:42:41.323" durationms="2.350" />

<exclusive-start id="903" timestamp="2019-08-07T01:42:41.343" intervalms="22.531">
  <response-info timems="0.036" idlems="0.036" threads="0" lastid="000000000292B900" lastname="Thread-4" />
</exclusive-start>
<af-start id="904" threadId="000000000292C288" totalBytesRequested="48" timestamp="2019-08-07T01:42:41.344" intervalms="29.441" type="nursery" />
<cycle-start id="905" type="scavenge" contextid="0" timestamp="2019-08-07T01:42:41.344" intervalms="29.426" />
<gc-start id="906" type="scavenge" contextid="905" timestamp="2019-08-07T01:42:41.344">
  <mem-info id="907" free="2373600" total="10223616" percent="23">
    <mem type="nursery" free="0" total="3932160" percent="0">
      <mem type="allocate" free="0" total="2555904" percent="0" />
      <mem type="survivor" free="0" total="1376256" percent="0" />
    </mem>
    <mem type="tenure" free="2373600" total="6291456" percent="37">
      <mem type="soa" free="2121696" total="5977088" percent="35" />
      <mem type="loa" free="251904" total="314368" percent="80" />
    </mem>
    <remembered-set count="436" />
  </mem-info>
</gc-start>
<allocation-stats totalBytes="1910784" >
  <allocated-bytes non-tlh="315528" tlh="1595256" />
  <largest-consumer threadName="Thread-7" threadId="0000000002936D00" bytes="604400" />
</allocation-stats>
<gc-op id="908" type="scavenge" timems="0.487" contextid="905" timestamp="2019-08-07T01:42:41.344">
  <scavenger-info tenureage="1" tenuremask="7ffe" tiltratio="65" />
  <memory-copied type="nursery" objects="2384" bytes="871488" bytesdiscarded="207856" />
  <memory-copied type="tenure" objects="725" bytes="333728" bytesdiscarded="5048" />
</gc-op>
<gc-end id="909" type="scavenge" contextid="905" durationms="0.652" usertimems="0.000" systemtimems="0.000" timestamp="2019-08-07T01:42:41.344" activeThreads="4">
  <mem-info id="910" free="3506944" total="10223616" percent="34">
    <mem type="nursery" free="1476488" total="3932160" percent="37">
      <mem type="allocate" free="1476488" total="2555904" percent="57" />
      <mem type="survivor" free="0" total="1376256" percent="0" />
    </mem>
    <mem type="tenure" free="2030456" total="6291456" percent="32">
      <mem type="soa" free="1778552" total="5977088" percent="29" />
      <mem type="loa" free="251904" total="314368" percent="80" />
    </mem>
    <remembered-set count="255" />
  </mem-info>
</gc-end>
<cycle-end id="911" type="scavenge" contextid="905" timestamp="2019-08-07T01:42:41.344" />
  <attribute name="Current GC Util" value="6" />
  <attribute name= "Current Time Running" value="3240" />
<allocation-satisfied id="912" threadId="000000000292B900" bytesRequested="48" />
<af-end id="913" timestamp="2019-08-07T01:42:41.345" threadId="000000000292C288" success="true" from="nursery"/>
<exclusive-end id="914" timestamp="2019-08-07T01:42:41.345" durationms="1.127" />

<exclusive-start id="915" timestamp="2019-08-07T01:42:41.363" intervalms="19.398">
  <response-info timems="0.059" idlems="0.059" threads="0" lastid="000000000292F500" lastname="Thread-5" />
</exclusive-start>
<af-start id="916" threadId="000000000292FE88" totalBytesRequested="16392" timestamp="2019-08-07T01:42:41.363" intervalms="19.373" type="nursery" />
<cycle-start id="917" type="scavenge" contextid="0" timestamp="2019-08-07T01:42:41.363" intervalms="19.381" />
<gc-start id="918" type="scavenge" contextid="917" timestamp="2019-08-07T01:42:41.363">
  <mem-info id="919" free="2030456" total="10223616" percent="19">
    <mem type="nursery" free="0" total="3932160" percent="0">
      <mem type="allocate" free="0" total="2555904" percent="0" />
      <mem type="survivor" free="0" total="1376256" percent="0" />
    </mem>
    <mem type="tenure" free="2030456" total="6291456" percent="32">
      <mem type="soa" free="1778552" total="5977088" percent="29" />
      <mem type="loa" free="251904" total="314368" percent="80" />
    </mem>
    <remembered-set count="399" />
  </mem-info>
</gc-start>
<allocation-stats totalBytes="1404016" >
  <allocated-bytes non-tlh="163936" tlh="1240080" />
  <largest-consumer threadName="Thread-4" threadId="000000000292B900" bytes="392216" />
</allocation-stats>
<gc-op id="920" type="scavenge" timems="0.502" contextid="917" timestamp="2019-08-07T01:42:41.364">
  <scavenger-info tenureage="1" tenuremask="7ffe" tiltratio="65" />
  <memory-copied type="nursery" objects="1366" bytes="605272" bytesdiscarded="218584" />
  <memory-copied type="tenure" objects="1370" bytes="591408" bytesdiscarded="15568" />
</gc-op>
<gc-end id="921" type="scavenge" contextid="917" durationms="0.702" usertimems="0.000" systemtimems="0.000" timestamp="2019-08-07T01:42:41.364" activeThreads="4">
  <mem-info id="922" free="3214440" total="10223616" percent="31">
    <mem type="nursery" free="1797528" total="3932160" percent="45">
      <mem type="allocate" free="1797528" total="2621440" percent="68" />
      <mem type="survivor" free="0" total="1310720" percent="0" />
    </mem>
    <mem type="tenure" free="1416912" total="6291456" percent="22">
      <mem type="soa" free="1165008" total="5977088" percent="19" />
      <mem type="loa" free="251904" total="314368" percent="80" />
    </mem>
    <remembered-set count="237" />
  </mem-info>
</gc-end>
<cycle-end id="923" type="scavenge" contextid="917" timestamp="2019-08-07T01:42:41.364" />
  <attribute name="Current GC Util" value="7" />
  <attribute name= "Current Time Running" value="3259" />
<allocation-satisfied id="924" threadId="000000000292F500" bytesRequested="16392" />
<af-end id="925" timestamp="2019-08-07T01:42:41.364" threadId="000000000292FE88" success="true" from="nursery"/>
<exclusive-end id="926" timestamp="2019-08-07T01:42:41.364" durationms="1.205" />

<exclusive-start id="927" timestamp="2019-08-07T01:42:41.393" intervalms="30.029">
  <response-info timems="0.115" idlems="0.115" threads="0" lastid="0000000002933100" lastname="Thread-6" />
</exclusive-start>
<af-start id="928" threadId="0000000002933A88" totalBytesRequested="16392" timestamp="2019-08-07T01:42:41.393" intervalms="30.037" type="nursery" />
<cycle-start id="929" type="scavenge" contextid="0" timestamp="2019-08-07T01:42:41.393" intervalms="30.049" />
<gc-start id="930" type="scavenge" contextid="929" timestamp="2019-08-07T01:42:41.393">
  <mem-info id="931" free="1416912" total="10223616" percent="13">
    <mem type="nursery" free="0" total="3932160" percent="0">
      <mem type="allocate" free="0" total="2621440" percent="0" />
      <mem type="survivor" free="0" total="1310720" percent="0" />
    </mem>
    <mem type="tenure" free="1416912" total="6291456" percent="22">
      <mem type="soa" free="1165008" total="5977088" percent="19" />
      <mem type="loa" free="251904" total="314368" percent="80" />
    </mem>
    <remembered-set count="389" />
  </mem-info>
</gc-start>
<allocation-stats totalBytes="1712384" >
  <allocated-bytes non-tlh="180272" tlh="1532112" />
  <largest-consumer threadName="Thread-2" threadId="0000000002924100" bytes="415472" />
</allocation-stats>
<gc-op id="932" type="scavenge" timems="0.549" contextid="929" timestamp="2019-08-07T01:42:41.394">
  <scavenger-info tenureage="1" tenuremask="7ffe" tiltratio="66" />
  <memory-copied type="nursery" objects="1654" bytes="714856" bytesdiscarded="73960" />
  <memory-copied type="tenure" objects="1263" bytes="600352" bytesdiscarded="7208" />
  <references type="weak" candidates="1" cleared="0" enqueued="0" />
  <references type="phantom" candidates="1" cleared="0" enqueued="0" />
</gc-op>
<gc-end id="933" type="scavenge" contextid="929" durationms="0.760" usertimems="4.000" systemtimems="0.000" timestamp="2019-08-07T01:42:41.394" activeThreads="4">
  <mem-info id="934" free="2704640" total="10223616" percent="26">
    <mem type="nursery" free="1898096" total="3932160" percent="48">
      <mem type="allocate" free="1898096" total="2686976" percent="70" />
      <mem type="survivor" free="0" total="1245184" percent="0" />
    </mem>
    <mem type="tenure" free="806544" total="6291456" percent="12">
      <mem type="soa" free="554640" total="5977088" percent="9" />
      <mem type="loa" free="251904" total="314368" percent="80" />
    </mem>
    <remembered-set count="252" />
  </mem-info>
</gc-end>
<cycle-end id="935" type="scavenge" contextid="929" timestamp="2019-08-07T01:42:41.394" />
  <attribute name="Current GC Util" value="4" />
  <attribute name= "Current Time Running" value="3289" />
<allocation-satisfied id="936" threadId="0000000002933100" bytesRequested="16392" />
<af-end id="937" timestamp="2019-08-07T01:42:41.394" threadId="0000000002933A88" success="true" from="nursery"/>
<exclusive-end id="938" timestamp="2019-08-07T01:42:41.394" durationms="1.309" />

<concurrent-kickoff id="939" timestamp="2019-08-07T01:42:41.423">
  <kickoff reason="threshold reached" targetBytes="2110503" thresholdFreeBytes="274819"  remainingFree="263792" tenureFreeBytes="806544" nurseryFreeBytes="263792" />
</concurrent-kickoff>
<exclusive-start id="940" timestamp="2019-08-07T01:42:41.424" intervalms="30.718">
  <response-info timems="0.102" idlems="0.102" threads="0" lastid="000000000292B900" lastname="Thread-4" />
</exclusive-start>
<cycle-start id="941" type="global" contextid="0" timestamp="2019-08-07T01:42:41.424" intervalms="111.236" />
<exclusive-end id="942" timestamp="2019-08-07T01:42:41.424" durationms="0.148" />

<exclusive-start id="943" timestamp="2019-08-07T01:42:41.428" intervalms="4.071">
  <response-info timems="0.064" idlems="0.064" threads="0" lastid="0000000002933100" lastname="Thread-6" />
</exclusive-start>
<af-start id="944" threadId="0000000002933A88" totalBytesRequested="8200" timestamp="2019-08-07T01:42:41.428" intervalms="34.724" type="nursery" />
<cycle-start id="945" type="scavenge" contextid="0" timestamp="2019-08-07T01:42:41.428" intervalms="34.717" />
<gc-start id="946" type="scavenge" contextid="945" timestamp="2019-08-07T01:42:41.428">
  <mem-info id="947" free="806544" total="10223616" percent="7">
    <mem type="nursery" free="0" total="3932160" percent="0">
      <mem type="allocate" free="0" total="2686976" percent="0" />
      <mem type="survivor" free="0" total="1245184" percent="0" />
    </mem>
    <mem type="tenure" free="806544" total="6291456" percent="12">
      <mem type="soa" free="554640" total="5977088" percent="9" />
      <mem type="loa" free="251904" total="314368" percent="80" />
    </mem>
    <remembered-set count="464" />
  </mem-info>
</gc-start>
<allocation-stats totalBytes="1882328" >
  <allocated-bytes non-tlh="147504" tlh="1734824" />
  <largest-consumer threadName="Thread-6" threadId="0000000002933100" bytes="578992" />
</allocation-stats>
<gc-op id="948" type="scavenge" timems="0.567" contextid="945" timestamp="2019-08-07T01:42:41.429">
  <scavenger-info tenureage="1" tenuremask="7ffe" tiltratio="68" />
  <memory-copied type="nursery" objects="1453" bytes="511488" bytesdiscarded="232256" />
  <memory-copied type="tenure" objects="1532" bytes="683928" bytesdiscarded="9120" />
  <references type="phantom" candidates="1" cleared="0" enqueued="0" />
  <heap-resize type="expand" space="tenure" amount="327680" count="5" timems="0.056" reason="continue current collection" />
</gc-op>
<gc-end id="949" type="scavenge" contextid="945" durationms="0.767" usertimems="4.000" systemtimems="0.000" timestamp="2019-08-07T01:42:41.429" activeThreads="4">
  <mem-info id="950" free="2339472" total="10551296" percent="22">
    <mem type="nursery" free="2008720" total="3932160" percent="51">
      <mem type="allocate" free="2008720" total="2752512" percent="72" />
      <mem type="survivor" free="0" total="1179648" percent="0" />
    </mem>
    <mem type="tenure" free="330752" total="6619136" percent="4">
      <mem type="soa" free="0" total="6288384" percent="0" />
      <mem type="loa" free="330752" total="330752" percent="100" />
    </mem>
    <remembered-set count="237" />
  </mem-info>
</gc-end>
<cycle-end id="951" type="scavenge" contextid="945" timestamp="2019-08-07T01:42:41.429" />
  <attribute name="Current GC Util" value="4" />
  <attribute name= "Current Time Running" value="3324" />
<allocation-satisfied id="952" threadId="0000000002933100" bytesRequested="8200" />
<af-end id="953" timestamp="2019-08-07T01:42:41.429" threadId="0000000002933A88" success="true" from="nursery"/>
<exclusive-end id="954" timestamp="2019-08-07T01:42:41.429" durationms="1.251" />

<exclusive-start id="955" timestamp="2019-08-07T01:42:41.446" intervalms="18.585">
  <response-info timems="0.063" idlems="0.063" threads="0" lastid="0000000002927D00" lastname="Thread-3" />
</exclusive-start>
<af-start id="956" threadId="0000000002928688" totalBytesRequested="16392" timestamp="2019-08-07T01:42:41.446" intervalms="18.607" type="nursery" />
<cycle-start id="957" type="scavenge" contextid="0" timestamp="2019-08-07T01:42:41.446" intervalms="18.585" />
<gc-start id="958" type="scavenge" contextid="957" timestamp="2019-08-07T01:42:41.446">
  <mem-info id="959" free="330752" total="10551296" percent="3">
    <mem type="nursery" free="0" total="3932160" percent="0">
      <mem type="allocate" free="0" total="2752512" percent="0" />
      <mem type="survivor" free="0" total="1179648" percent="0" />
    </mem>
    <mem type="tenure" free="330752" total="6619136" percent="4">
      <mem type="soa" free="0" total="6288384" percent="0" />
      <mem type="loa" free="330752" total="330752" percent="100" />
    </mem>
    <remembered-set count="363" />
  </mem-info>
</gc-start>
<allocation-stats totalBytes="1963608" >
  <allocated-bytes non-tlh="237640" tlh="1725968" />
  <largest-consumer threadName="Thread-2" threadId="0000000002924100" bytes="540536" />
</allocation-stats>
<gc-op id="960" type="scavenge" timems="0.521" contextid="957" timestamp="2019-08-07T01:42:41.447">
  <scavenger-info tenureage="1" tenuremask="7ffe" tiltratio="70" />
  <memory-copied type="nursery" objects="1495" bytes="624800" bytesdiscarded="109944" />
  <memory-copied type="tenure" objects="1287" bytes="370416" bytesdiscarded="2312" />
  <heap-resize type="expand" space="tenure" amount="458752" count="7" timems="0.082" reason="continue current collection" />
</gc-op>
<gc-end id="961" type="scavenge" contextid="957" durationms="0.740" usertimems="0.000" systemtimems="0.000" timestamp="2019-08-07T01:42:41.447" activeThreads="5">
  <mem-info id="962" free="2492816" total="11010048" percent="22">
    <mem type="nursery" free="2083240" total="3932160" percent="52">
      <mem type="allocate" free="2083240" total="2818048" percent="73" />
      <mem type="survivor" free="0" total="1114112" percent="0" />
    </mem>
    <mem type="tenure" free="409576" total="7077888" percent="5">
      <mem type="soa" free="56296" total="6724608" percent="0" />
      <mem type="loa" free="353280" total="353280" percent="100" />
    </mem>
    <remembered-set count="240" />
  </mem-info>
</gc-end>
<cycle-end id="963" type="scavenge" contextid="957" timestamp="2019-08-07T01:42:41.447" />
  <attribute name="Current GC Util" value="8" />
  <attribute name= "Current Time Running" value="3343" />
<allocation-satisfied id="964" threadId="0000000002927D00" bytesRequested="16392" />
<af-end id="965" timestamp="2019-08-07T01:42:41.448" threadId="0000000002928688" success="true" from="nursery"/>
<exclusive-end id="966" timestamp="2019-08-07T01:42:41.448" durationms="1.368" />

<exclusive-start id="967" timestamp="2019-08-07T01:42:41.448" intervalms="1.793">
  <response-info timems="0.317" idlems="0.317" threads="0" lastid="0000000002933100" lastname="Thread-6" />
</exclusive-start>
<concurrent-collection-start id="968" timestamp="2019-08-07T01:42:41.448" intervalms="127.192" >
  <concurrent-trace-info reason="card cleaning threshold reached" tracedByMutators="1075456" tracedByHelpers="972320" cardsCleaned="337" workStackOverflowCount="0" />
</concurrent-collection-start>
<gc-start id="969" type="global" contextid="941" timestamp="2019-08-07T01:42:41.448">
  <mem-info id="970" free="2226568" total="11010048" percent="20">
    <mem type="nursery" free="1816992" total="3932160" percent="46">
      <mem type="allocate" free="1816992" total="2818048" percent="64" />
      <mem type="survivor" free="0" total="1114112" percent="0" />
    </mem>
    <mem type="tenure" free="409576" total="7077888" percent="5">
      <mem type="soa" free="56296" total="6724608" percent="0" />
      <mem type="loa" free="353280" total="353280" percent="100" />
    </mem>
    <remembered-set count="243" />
  </mem-info>
</gc-start>
<allocation-stats totalBytes="266248" >
  <allocated-bytes non-tlh="16392" tlh="249856" />
  <largest-consumer threadName="Thread-2" threadId="0000000002924100" bytes="49152" />
</allocation-stats>
<gc-op id="971" type="rs-scan" timems="0.171" contextid="941" timestamp="2019-08-07T01:42:41.448">
  <scan objectsFound="138" bytesTraced="23396" workStackOverflowCount="0" />
</gc-op>
<gc-op id="972" type="card-cleaning" timems="0.419" contextid="941" timestamp="2019-08-07T01:42:41.449">
  <card-cleaning cardsCleaned="42" bytesTraced="546656" workStackOverflowCount="0" />
</gc-op>
<gc-op id="973" type="mark" timems="1.523" contextid="941" timestamp="2019-08-07T01:42:41.451">
  <trace-info objectcount="950" scancount="834" scanbytes="146864" />
  <finalization candidates="25" enqueued="0" />
  <references type="soft" candidates="168" cleared="0" enqueued="0" dynamicThreshold="12" maxThreshold="32" />
  <references type="weak" candidates="250" cleared="0" enqueued="0" />
  <references type="phantom" candidates="80" cleared="0" enqueued="0" />
  <stringconstants candidates="3948" cleared="0"  />
</gc-op>
<gc-op id="974" type="sweep" timems="0.624" contextid="941" timestamp="2019-08-07T01:42:41.451" />
<heap-resize id="975" type="contract" space="tenure" amount="327680" count="1" timems="0.081" reason="insufficient time being spent in gc" timestamp="2019-08-07T01:42:41.452" />
<gc-end id="976" type="global" contextid="941" durationms="3.454" usertimems="4.000" systemtimems="4.000" timestamp="2019-08-07T01:42:41.452" activeThreads="5">
  <mem-info id="977" free="4722880" total="10682368" percent="44">
    <mem type="nursery" free="2211944" total="3932160" percent="56">
      <mem type="allocate" free="2211944" total="2818048" percent="78" />
      <mem type="survivor" free="0" total="1114112" percent="0" />
    </mem>
    <mem type="tenure" free="2510936" total="6750208" percent="37" micro-fragmented="151197" macro-fragmented="0">
      <mem type="soa" free="2510936" total="6413312" percent="39" />
      <mem type="loa" free="0" total="336896" percent="0" />
    </mem>
    <remembered-set count="224" />
  </mem-info>
</gc-end>
<cycle-end id="978" type="global" contextid="941" timestamp="2019-08-07T01:42:41.452" />
  <attribute name="Current GC Util" value="154" />
  <attribute name= "Current Time Running" value="3347" />
<concurrent-collection-end id="979" timestamp="2019-08-07T01:42:41.452" />
<exclusive-end id="980" timestamp="2019-08-07T01:42:41.452" durationms="4.037" />

<exclusive-start id="981" timestamp="2019-08-07T01:42:41.473" intervalms="25.336">
  <response-info timems="0.043" idlems="0.043" threads="0" lastid="000000000293A900" lastname="Thread-8" />
</exclusive-start>
<af-start id="982" threadId="000000000293B288" totalBytesRequested="16392" timestamp="2019-08-07T01:42:41.474" intervalms="27.215" type="nursery" />
<cycle-start id="983" type="scavenge" contextid="0" timestamp="2019-08-07T01:42:41.474" intervalms="27.233" />
<gc-start id="984" type="scavenge" contextid="983" timestamp="2019-08-07T01:42:41.474">
  <mem-info id="985" free="2510936" total="10682368" percent="23">
    <mem type="nursery" free="0" total="3932160" percent="0">
      <mem type="allocate" free="0" total="2818048" percent="0" />
      <mem type="survivor" free="0" total="1114112" percent="0" />
    </mem>
    <mem type="tenure" free="2510936" total="6750208" percent="37">
      <mem type="soa" free="2510936" total="6413312" percent="39" />
      <mem type="loa" free="0" total="336896" percent="0" />
    </mem>
    <remembered-set count="381" />
  </mem-info>
</gc-start>
<allocation-stats totalBytes="2069624" >
  <allocated-bytes non-tlh="311408" tlh="1758216" />
  <largest-consumer threadName="Thread-3" threadId="0000000002927D00" bytes="656424" />
</allocation-stats>
<gc-op id="986" type="scavenge" timems="1.170" contextid="983" timestamp="2019-08-07T01:42:41.475">
  <scavenger-info tenureage="1" tenuremask="7ffe" tiltratio="71" />
  <memory-copied type="nursery" objects="2172" bytes="884200" bytesdiscarded="131392" />
  <memory-copied type="tenure" objects="1390" bytes="584784" bytesdiscarded="7664" />
  <references type="weak" candidates="1" cleared="0" enqueued="0" />
  <references type="phantom" candidates="3" cleared="0" enqueued="0" />
</gc-op>
<gc-end id="987" type="scavenge" contextid="983" durationms="1.370" usertimems="4.000" systemtimems="0.000" timestamp="2019-08-07T01:42:41.475" activeThreads="5">
  <mem-info id="988" free="3546688" total="10682368" percent="33">
    <mem type="nursery" free="1671304" total="3932160" percent="42">
      <mem type="allocate" free="1671304" total="2686976" percent="62" />
      <mem type="survivor" free="0" total="1245184" percent="0" />
    </mem>
    <mem type="tenure" free="1875384" total="6750208" percent="27">
      <mem type="soa" free="1875384" total="6413312" percent="29" />
      <mem type="loa" free="0" total="336896" percent="0" />
    </mem>
    <remembered-set count="234" />
  </mem-info>
</gc-end>
<cycle-end id="989" type="scavenge" contextid="983" timestamp="2019-08-07T01:42:41.475" />
  <attribute name="Current GC Util" value="11" />
  <attribute name= "Current Time Running" value="3370" />
<allocation-satisfied id="990" threadId="000000000293A900" bytesRequested="16392" />
<af-end id="991" timestamp="2019-08-07T01:42:41.475" threadId="000000000293B288" success="true" from="nursery"/>
<exclusive-end id="992" timestamp="2019-08-07T01:42:41.475" durationms="1.919" />

<exclusive-start id="993" timestamp="2019-08-07T01:42:41.492" intervalms="18.968">
  <response-info timems="0.054" idlems="0.054" threads="0" lastid="0000000002927D00" lastname="Thread-3" />
</exclusive-start>
<af-start id="994" threadId="0000000002928688" totalBytesRequested="2056" timestamp="2019-08-07T01:42:41.492" intervalms="18.859" type="nursery" />
<cycle-start id="995" type="scavenge" contextid="0" timestamp="2019-08-07T01:42:41.492" intervalms="18.860" />
<gc-start id="996" type="scavenge" contextid="995" timestamp="2019-08-07T01:42:41.493">
  <mem-info id="997" free="1875384" total="10682368" percent="17">
    <mem type="nursery" free="0" total="3932160" percent="0">
      <mem type="allocate" free="0" total="2686976" percent="0" />
      <mem type="survivor" free="0" total="1245184" percent="0" />
    </mem>
    <mem type="tenure" free="1875384" total="6750208" percent="27">
      <mem type="soa" free="1875384" total="6413312" percent="29" />
      <mem type="loa" free="0" total="336896" percent="0" />
    </mem>
    <remembered-set count="406" />
  </mem-info>
</gc-start>
<allocation-stats totalBytes="1625520" >
  <allocated-bytes non-tlh="213056" tlh="1412464" />
  <largest-consumer threadName="Thread-4" threadId="000000000292B900" bytes="416144" />
</allocation-stats>
<gc-op id="998" type="scavenge" timems="0.930" contextid="995" timestamp="2019-08-07T01:42:41.494">
  <scavenger-info tenureage="1" tenuremask="7ffe" tiltratio="68" />
  <memory-copied type="nursery" objects="1610" bytes="779360" bytesdiscarded="234384" />
  <memory-copied type="tenure" objects="1530" bytes="668024" bytesdiscarded="7688" />
  <references type="phantom" candidates="1" cleared="0" enqueued="0" />
</gc-op>
<gc-end id="999" type="scavenge" contextid="995" durationms="1.146" usertimems="4.000" systemtimems="0.000" timestamp="2019-08-07T01:42:41.494" activeThreads="5">
  <mem-info id="1000" free="2873896" total="10682368" percent="26">
    <mem type="nursery" free="1673168" total="3932160" percent="42">
      <mem type="allocate" free="1673168" total="2686976" percent="62" />
      <mem type="survivor" free="0" total="1245184" percent="0" />
    </mem>
    <mem type="tenure" free="1200728" total="6750208" percent="17">
      <mem type="soa" free="1200728" total="6413312" percent="18" />
      <mem type="loa" free="0" total="336896" percent="0" />
    </mem>
    <remembered-set count="270" />
  </mem-info>
</gc-end>
<cycle-end id="1001" type="scavenge" contextid="995" timestamp="2019-08-07T01:42:41.494" />
  <attribute name="Current GC Util" value="16" />
  <attribute name= "Current Time Running" value="3389" />
<allocation-satisfied id="1002" threadId="0000000002927D00" bytesRequested="2056" />
<af-end id="1003" timestamp="2019-08-07T01:42:41.494" threadId="0000000002928688" success="true" from="nursery"/>
<exclusive-end id="1004" timestamp="2019-08-07T01:42:41.494" durationms="1.651" />

<exclusive-start id="1005" timestamp="2019-08-07T01:42:41.526" intervalms="33.619">
  <response-info timems="0.067" idlems="0.067" threads="0" lastid="0000000002933100" lastname="Thread-6" />
</exclusive-start>
<af-start id="1006" threadId="0000000002933A88" totalBytesRequested="48" timestamp="2019-08-07T01:42:41.526" intervalms="33.662" type="nursery" />
<cycle-start id="1007" type="scavenge" contextid="0" timestamp="2019-08-07T01:42:41.526" intervalms="33.678" />
<gc-start id="1008" type="scavenge" contextid="1007" timestamp="2019-08-07T01:42:41.526">
  <mem-info id="1009" free="1200728" total="10682368" percent="11">
    <mem type="nursery" free="0" total="3932160" percent="0">
      <mem type="allocate" free="0" total="2686976" percent="0" />
      <mem type="survivor" free="0" total="1245184" percent="0" />
    </mem>
    <mem type="tenure" free="1200728" total="6750208" percent="17">
      <mem type="soa" free="1200728" total="6413312" percent="18" />
      <mem type="loa" free="0" total="336896" percent="0" />
    </mem>
    <remembered-set count="437" />
  </mem-info>
</gc-start>
<allocation-stats totalBytes="1658504" >
  <allocated-bytes non-tlh="34832" tlh="1623672" />
  <largest-consumer threadName="Thread-9" threadId="000000000293E500" bytes="584496" />
</allocation-stats>
<gc-op id="1010" type="scavenge" timems="1.590" contextid="1007" timestamp="2019-08-07T01:42:41.528">
  <scavenger-info tenureage="1" tenuremask="7ffe" tiltratio="68" />
  <memory-copied type="nursery" objects="1604" bytes="513736" bytesdiscarded="264064" />
  <memory-copied type="tenure" objects="1514" bytes="774568" bytesdiscarded="13648" />
  <references type="weak" candidates="1" cleared="0" enqueued="0" />
  <references type="phantom" candidates="1" cleared="0" enqueued="0" />
</gc-op>
<gc-end id="1011" type="scavenge" contextid="1007" durationms="1.796" usertimems="4.000" systemtimems="0.000" timestamp="2019-08-07T01:42:41.528" activeThreads="5">
  <mem-info id="1012" free="2404008" total="10682368" percent="22">
    <mem type="nursery" free="1974680" total="3932160" percent="50">
      <mem type="allocate" free="1974680" total="2752512" percent="71" />
      <mem type="survivor" free="0" total="1179648" percent="0" />
    </mem>
    <mem type="tenure" free="429328" total="6750208" percent="6">
      <mem type="soa" free="429328" total="6413312" percent="6" />
      <mem type="loa" free="0" total="336896" percent="0" />
    </mem>
    <remembered-set count="256" />
  </mem-info>
</gc-end>
<cycle-end id="1013" type="scavenge" contextid="1007" timestamp="2019-08-07T01:42:41.528" />
  <attribute name="Current GC Util" value="7" />
  <attribute name= "Current Time Running" value="3422" />
<allocation-satisfied id="1014" threadId="0000000002933100" bytesRequested="48" />
<af-end id="1015" timestamp="2019-08-07T01:42:41.528" threadId="0000000002933A88" success="true" from="nursery"/>
<exclusive-end id="1016" timestamp="2019-08-07T01:42:41.528" durationms="2.347" />

<concurrent-kickoff id="1017" timestamp="2019-08-07T01:42:41.558">
  <kickoff reason="threshold reached" targetBytes="2202809" thresholdFreeBytes="289568"  remainingFree="241960" tenureFreeBytes="429328" nurseryFreeBytes="241960" />
</concurrent-kickoff>
<exclusive-start id="1018" timestamp="2019-08-07T01:42:41.558" intervalms="32.427">
  <response-info timems="0.125" idlems="0.070" threads="1" lastid="0000000002927D00" lastname="Thread-3" />
</exclusive-start>
<cycle-start id="1019" type="global" contextid="0" timestamp="2019-08-07T01:42:41.558" intervalms="134.761" />
<exclusive-end id="1020" timestamp="2019-08-07T01:42:41.558" durationms="0.108" />

<exclusive-start id="1021" timestamp="2019-08-07T01:42:41.563" intervalms="4.807">
  <response-info timems="0.049" idlems="0.049" threads="0" lastid="0000000002927D00" lastname="Thread-3" />
</exclusive-start>
<af-start id="1022" threadId="0000000002928688" totalBytesRequested="16392" timestamp="2019-08-07T01:42:41.563" intervalms="37.265" type="nursery" />
<cycle-start id="1023" type="scavenge" contextid="0" timestamp="2019-08-07T01:42:41.563" intervalms="37.251" />
<gc-start id="1024" type="scavenge" contextid="1023" timestamp="2019-08-07T01:42:41.563">
  <mem-info id="1025" free="429328" total="10682368" percent="4">
    <mem type="nursery" free="0" total="3932160" percent="0">
      <mem type="allocate" free="0" total="2752512" percent="0" />
      <mem type="survivor" free="0" total="1179648" percent="0" />
    </mem>
    <mem type="tenure" free="429328" total="6750208" percent="6">
      <mem type="soa" free="429328" total="6413312" percent="6" />
      <mem type="loa" free="0" total="336896" percent="0" />
    </mem>
    <remembered-set count="440" />
  </mem-info>
</gc-start>
<allocation-stats totalBytes="1905216" >
  <allocated-bytes non-tlh="245880" tlh="1659336" />
  <largest-consumer threadName="Thread-8" threadId="000000000293A900" bytes="425616" />
</allocation-stats>
<gc-op id="1026" type="scavenge" timems="1.161" contextid="1023" timestamp="2019-08-07T01:42:41.565">
  <scavenger-info tenureage="1" tenuremask="7ffe" tiltratio="70" />
  <memory-copied type="nursery" objects="2134" bytes="917528" bytesdiscarded="50768" />
  <memory-copied type="tenure" objects="1449" bytes="480840" bytesdiscarded="5112" />
  <references type="weak" candidates="1" cleared="0" enqueued="0" />
  <references type="phantom" candidates="1" cleared="0" enqueued="0" />
  <heap-resize type="expand" space="tenure" amount="524288" count="8" timems="0.067" reason="continue current collection" />
</gc-op>
<gc-end id="1027" type="scavenge" contextid="1023" durationms="1.339" usertimems="0.000" systemtimems="4.000" timestamp="2019-08-07T01:42:41.565" activeThreads="5">
  <mem-info id="1028" free="1521984" total="11206656" percent="13">
    <mem type="nursery" free="1521984" total="3932160" percent="38">
      <mem type="allocate" free="1521984" total="2490368" percent="61" />
      <mem type="survivor" free="0" total="1441792" percent="0" />
    </mem>
    <mem type="tenure" free="0" total="7274496" percent="0">
      <mem type="soa" free="0" total="6910976" percent="0" />
      <mem type="loa" free="0" total="363520" percent="0" />
    </mem>
    <remembered-set count="237" />
  </mem-info>
</gc-end>
<cycle-end id="1029" type="scavenge" contextid="1023" timestamp="2019-08-07T01:42:41.565" />
  <attribute name="Current GC Util" value="10" />
  <attribute name= "Current Time Running" value="3460" />
<allocation-satisfied id="1030" threadId="0000000002927D00" bytesRequested="16392" />
<af-end id="1031" timestamp="2019-08-07T01:42:41.565" threadId="0000000002928688" success="true" from="nursery"/>
<exclusive-end id="1032" timestamp="2019-08-07T01:42:41.565" durationms="1.852" />

<exclusive-start id="1033" timestamp="2019-08-07T01:42:41.580" intervalms="16.390">
  <response-info timems="0.046" idlems="0.046" threads="0" lastid="000000000292B900" lastname="Thread-4" />
</exclusive-start>
<concurrent-collection-start id="1034" timestamp="2019-08-07T01:42:41.580" intervalms="131.523" >
  <concurrent-trace-info reason="card cleaning threshold reached" tracedByMutators="678872" tracedByHelpers="1056880" cardsCleaned="104" workStackOverflowCount="0" />
</concurrent-collection-start>
<gc-start id="1035" type="global" contextid="1019" timestamp="2019-08-07T01:42:41.580">
  <mem-info id="1036" free="2360" total="11206656" percent="0">
    <mem type="nursery" free="2360" total="3932160" percent="0">
      <mem type="allocate" free="2360" total="2490368" percent="0" />
      <mem type="survivor" free="0" total="1441792" percent="0" />
    </mem>
    <mem type="tenure" free="0" total="7274496" percent="0">
      <mem type="soa" free="0" total="6910976" percent="0" />
      <mem type="loa" free="0" total="363520" percent="0" />
    </mem>
    <remembered-set count="353" />
  </mem-info>
</gc-start>
<allocation-stats totalBytes="1449808" >
  <allocated-bytes non-tlh="131112" tlh="1318696" />
  <largest-consumer threadName="Thread-5" threadId="000000000292F500" bytes="614952" />
</allocation-stats>
<gc-op id="1037" type="rs-scan" timems="0.192" contextid="1019" timestamp="2019-08-07T01:42:41.580">
  <scan objectsFound="87" bytesTraced="6624" workStackOverflowCount="0" />
</gc-op>
<gc-op id="1038" type="card-cleaning" timems="0.623" contextid="1019" timestamp="2019-08-07T01:42:41.581">
  <card-cleaning cardsCleaned="214" bytesTraced="728368" workStackOverflowCount="0" />
</gc-op>
<gc-op id="1039" type="mark" timems="0.936" contextid="1019" timestamp="2019-08-07T01:42:41.582">
  <trace-info objectcount="1082" scancount="956" scanbytes="153016" />
  <finalization candidates="25" enqueued="0" />
  <references type="soft" candidates="168" cleared="76" enqueued="73" dynamicThreshold="11" maxThreshold="32" />
  <references type="weak" candidates="250" cleared="0" enqueued="0" />
  <references type="phantom" candidates="80" cleared="0" enqueued="0" />
  <stringconstants candidates="3948" cleared="0"  />
</gc-op>
<gc-op id="1040" type="sweep" timems="0.244" contextid="1019" timestamp="2019-08-07T01:42:41.582" />
<gc-end id="1041" type="global" contextid="1019" durationms="2.309" usertimems="0.000" systemtimems="4.000" timestamp="2019-08-07T01:42:41.582" activeThreads="5">
  <mem-info id="1042" free="4949400" total="11206656" percent="44">
    <mem type="nursery" free="1507320" total="3932160" percent="38">
      <mem type="allocate" free="1507320" total="2490368" percent="60" />
      <mem type="survivor" free="0" total="1441792" percent="0" />
    </mem>
    <mem type="tenure" free="3442080" total="7274496" percent="47" micro-fragmented="64712" macro-fragmented="0">
      <mem type="soa" free="3144072" total="6910976" percent="45" />
      <mem type="loa" free="298008" total="363520" percent="81" />
    </mem>
    <pending-finalizers system="0" default="0" reference="73" classloader="0" />
    <remembered-set count="311" />
  </mem-info>
</gc-end>
<cycle-end id="1043" type="global" contextid="1019" timestamp="2019-08-07T01:42:41.582" />
  <attribute name="Current GC Util" value="133" />
  <attribute name= "Current Time Running" value="3478" />
<concurrent-collection-end id="1044" timestamp="2019-08-07T01:42:41.582" />
<exclusive-end id="1045" timestamp="2019-08-07T01:42:41.582" durationms="2.660" />

<exclusive-start id="1046" timestamp="2019-08-07T01:42:41.605" intervalms="24.999">
  <response-info timems="0.067" idlems="0.067" threads="0" lastid="000000000292F500" lastname="Thread-5" />
</exclusive-start>
<af-start id="1047" threadId="000000000292FE88" totalBytesRequested="16392" timestamp="2019-08-07T01:42:41.605" intervalms="41.346" type="nursery" />
<cycle-start id="1048" type="scavenge" contextid="0" timestamp="2019-08-07T01:42:41.605" intervalms="41.351" />
<gc-start id="1049" type="scavenge" contextid="1048" timestamp="2019-08-07T01:42:41.605">
  <mem-info id="1050" free="3442080" total="11206656" percent="30">
    <mem type="nursery" free="0" total="3932160" percent="0">
      <mem type="allocate" free="0" total="2490368" percent="0" />
      <mem type="survivor" free="0" total="1441792" percent="0" />
    </mem>
    <mem type="tenure" free="3442080" total="7274496" percent="47">
      <mem type="soa" free="3144072" total="6910976" percent="45" />
      <mem type="loa" free="298008" total="363520" percent="81" />
    </mem>
    <remembered-set count="507" />
  </mem-info>
</gc-start>
<allocation-stats totalBytes="1451904" >
  <allocated-bytes non-tlh="215144" tlh="1236760" />
  <largest-consumer threadName="Thread-6" threadId="0000000002933100" bytes="450880" />
</allocation-stats>
<gc-op id="1051" type="scavenge" timems="0.591" contextid="1048" timestamp="2019-08-07T01:42:41.606">
  <scavenger-info tenureage="1" tenuremask="7ffe" tiltratio="63" />
  <memory-copied type="nursery" objects="1912" bytes="721688" bytesdiscarded="278792" />
  <memory-copied type="tenure" objects="1271" bytes="541200" bytesdiscarded="7752" />
</gc-op>
<gc-end id="1052" type="scavenge" contextid="1048" durationms="0.784" usertimems="4.000" systemtimems="0.000" timestamp="2019-08-07T01:42:41.606" activeThreads="5">
  <mem-info id="1053" free="4436392" total="11206656" percent="39">
    <mem type="nursery" free="1555360" total="3932160" percent="39">
      <mem type="allocate" free="1555360" total="2555904" percent="60" />
      <mem type="survivor" free="0" total="1376256" percent="0" />
    </mem>
    <mem type="tenure" free="2881032" total="7274496" percent="39">
      <mem type="soa" free="2583024" total="6910976" percent="37" />
      <mem type="loa" free="298008" total="363520" percent="81" />
    </mem>
    <remembered-set count="305" />
  </mem-info>
</gc-end>
<cycle-end id="1054" type="scavenge" contextid="1048" timestamp="2019-08-07T01:42:41.606" />
  <attribute name="Current GC Util" value="7" />
  <attribute name= "Current Time Running" value="3501" />
<allocation-satisfied id="1055" threadId="000000000292F500" bytesRequested="16392" />
<af-end id="1056" timestamp="2019-08-07T01:42:41.606" threadId="000000000292FE88" success="true" from="nursery"/>
<exclusive-end id="1057" timestamp="2019-08-07T01:42:41.606" durationms="1.285" />

<exclusive-start id="1058" timestamp="2019-08-07T01:42:41.614" intervalms="9.218">
  <response-info timems="0.072" idlems="0.072" threads="0" lastid="0000000002924100" lastname="Thread-2" />
</exclusive-start>
<af-start id="1059" threadId="0000000002924A88" totalBytesRequested="16392" timestamp="2019-08-07T01:42:41.614" intervalms="9.283" type="nursery" />
<cycle-start id="1060" type="scavenge" contextid="0" timestamp="2019-08-07T01:42:41.614" intervalms="9.561" />
<gc-start id="1061" type="scavenge" contextid="1060" timestamp="2019-08-07T01:42:41.614">
  <mem-info id="1062" free="2881032" total="11206656" percent="25">
    <mem type="nursery" free="0" total="3932160" percent="0">
      <mem type="allocate" free="0" total="2555904" percent="0" />
      <mem type="survivor" free="0" total="1376256" percent="0" />
    </mem>
    <mem type="tenure" free="2881032" total="7274496" percent="39">
      <mem type="soa" free="2583024" total="6910976" percent="37" />
      <mem type="loa" free="298008" total="363520" percent="81" />
    </mem>
    <remembered-set count="410" />
  </mem-info>
</gc-start>
<allocation-stats totalBytes="1462640" >
  <allocated-bytes non-tlh="180272" tlh="1282368" />
  <largest-consumer threadName="Thread-6" threadId="0000000002933100" bytes="434952" />
</allocation-stats>
<gc-op id="1063" type="scavenge" timems="0.902" contextid="1060" timestamp="2019-08-07T01:42:41.615">
  <scavenger-info tenureage="1" tenuremask="7ffe" tiltratio="65" />
  <memory-copied type="nursery" objects="1331" bytes="719800" bytesdiscarded="10152" />
  <memory-copied type="tenure" objects="1422" bytes="509344" bytesdiscarded="8248" />
  <references type="phantom" candidates="1" cleared="0" enqueued="0" />
</gc-op>
<heap-resize id="1064" type="expand" space="nursery" amount="262144" count="1" timems="0.017" reason="excessive time being spent scavenging" timestamp="2019-08-07T01:42:41.615" />
<gc-end id="1065" type="scavenge" contextid="1060" durationms="1.195" usertimems="0.000" systemtimems="0.000" timestamp="2019-08-07T01:42:41.616" activeThreads="5">
  <mem-info id="1066" free="4421360" total="11468800" percent="38">
    <mem type="nursery" free="2088024" total="4194304" percent="49">
      <mem type="allocate" free="2088024" total="2818048" percent="74" />
      <mem type="survivor" free="0" total="1376256" percent="0" />
    </mem>
    <mem type="tenure" free="2333336" total="7274496" percent="32">
      <mem type="soa" free="2035328" total="6910976" percent="29" />
      <mem type="loa" free="298008" total="363520" percent="81" />
    </mem>
    <remembered-set count="293" />
  </mem-info>
</gc-end>
<cycle-end id="1067" type="scavenge" contextid="1060" timestamp="2019-08-07T01:42:41.616" />
  <attribute name="Current GC Util" value="17" />
  <attribute name= "Current Time Running" value="3511" />
<allocation-satisfied id="1068" threadId="0000000002924100" bytesRequested="16392" />
<af-end id="1069" timestamp="2019-08-07T01:42:41.616" threadId="0000000002924A88" success="true" from="nursery"/>
<exclusive-end id="1070" timestamp="2019-08-07T01:42:41.616" durationms="2.000" />

<exclusive-start id="1071" timestamp="2019-08-07T01:42:41.639" intervalms="25.199">
  <response-info timems="0.051" idlems="0.051" threads="0" lastid="0000000002927D00" lastname="Thread-3" />
</exclusive-start>
<af-start id="1072" threadId="0000000002928688" totalBytesRequested="16392" timestamp="2019-08-07T01:42:41.639" intervalms="25.108" type="nursery" />
<cycle-start id="1073" type="scavenge" contextid="0" timestamp="2019-08-07T01:42:41.639" intervalms="24.822" />
<gc-start id="1074" type="scavenge" contextid="1073" timestamp="2019-08-07T01:42:41.639">
  <mem-info id="1075" free="2333336" total="11468800" percent="20">
    <mem type="nursery" free="0" total="4194304" percent="0">
      <mem type="allocate" free="0" total="2818048" percent="0" />
      <mem type="survivor" free="0" total="1376256" percent="0" />
    </mem>
    <mem type="tenure" free="2333336" total="7274496" percent="32">
      <mem type="soa" free="2035328" total="6910976" percent="29" />
      <mem type="loa" free="298008" total="363520" percent="81" />
    </mem>
    <remembered-set count="502" />
  </mem-info>
</gc-start>
<allocation-stats totalBytes="2037256" >
  <allocated-bytes non-tlh="196664" tlh="1840592" />
  <largest-consumer threadName="Thread-6" threadId="0000000002933100" bytes="429816" />
</allocation-stats>
<gc-op id="1076" type="scavenge" timems="0.589" contextid="1073" timestamp="2019-08-07T01:42:41.640">
  <scavenger-info tenureage="1" tenuremask="7ffe" tiltratio="67" />
  <memory-copied type="nursery" objects="1901" bytes="787952" bytesdiscarded="94648" />
  <memory-copied type="tenure" objects="726" bytes="387320" bytesdiscarded="2832" />
</gc-op>
<gc-end id="1077" type="scavenge" contextid="1073" durationms="0.782" usertimems="0.000" systemtimems="0.000" timestamp="2019-08-07T01:42:41.640" activeThreads="5">
  <mem-info id="1078" free="4088856" total="11468800" percent="35">
    <mem type="nursery" free="2132000" total="4194304" percent="50">
      <mem type="allocate" free="2132000" total="3014656" percent="70" />
      <mem type="survivor" free="0" total="1179648" percent="0" />
    </mem>
    <mem type="tenure" free="1956856" total="7274496" percent="26">
      <mem type="soa" free="1658848" total="6910976" percent="24" />
      <mem type="loa" free="298008" total="363520" percent="81" />
    </mem>
    <remembered-set count="216" />
  </mem-info>
</gc-end>
<cycle-end id="1079" type="scavenge" contextid="1073" timestamp="2019-08-07T01:42:41.640" />
  <attribute name="Current GC Util" value="7" />
  <attribute name= "Current Time Running" value="3535" />
<allocation-satisfied id="1080" threadId="0000000002927D00" bytesRequested="16392" />
<af-end id="1081" timestamp="2019-08-07T01:42:41.640" threadId="0000000002928688" success="true" from="nursery"/>
<exclusive-end id="1082" timestamp="2019-08-07T01:42:41.640" durationms="1.281" />

<exclusive-start id="1083" timestamp="2019-08-07T01:42:41.670" intervalms="31.043">
  <response-info timems="0.044" idlems="0.044" threads="0" lastid="0000000002924100" lastname="Thread-2" />
</exclusive-start>
<af-start id="1084" threadId="0000000002924A88" totalBytesRequested="48" timestamp="2019-08-07T01:42:41.670" intervalms="31.083" type="nursery" />
<cycle-start id="1085" type="scavenge" contextid="0" timestamp="2019-08-07T01:42:41.670" intervalms="31.090" />
<gc-start id="1086" type="scavenge" contextid="1085" timestamp="2019-08-07T01:42:41.670">
  <mem-info id="1087" free="1956856" total="11468800" percent="17">
    <mem type="nursery" free="0" total="4194304" percent="0">
      <mem type="allocate" free="0" total="3014656" percent="0" />
      <mem type="survivor" free="0" total="1179648" percent="0" />
    </mem>
    <mem type="tenure" free="1956856" total="7274496" percent="26">
      <mem type="soa" free="1658848" total="6910976" percent="24" />
      <mem type="loa" free="298008" total="363520" percent="81" />
    </mem>
    <remembered-set count="403" />
  </mem-info>
</gc-start>
<allocation-stats totalBytes="2081880" >
  <allocated-bytes non-tlh="114720" tlh="1967160" />
  <largest-consumer threadName="Thread-7" threadId="0000000002936D00" bytes="521032" />
</allocation-stats>
<gc-op id="1088" type="scavenge" timems="0.665" contextid="1085" timestamp="2019-08-07T01:42:41.671">
  <scavenger-info tenureage="1" tenuremask="7ffe" tiltratio="71" />
  <memory-copied type="nursery" objects="2486" bytes="904520" bytesdiscarded="124392" />
  <memory-copied type="tenure" objects="855" bytes="459984" bytesdiscarded="6720" />
  <references type="phantom" candidates="1" cleared="0" enqueued="0" />
</gc-op>
<gc-end id="1089" type="scavenge" contextid="1085" durationms="0.863" usertimems="0.000" systemtimems="0.000" timestamp="2019-08-07T01:42:41.671" activeThreads="5">
  <mem-info id="1090" free="3480640" total="11468800" percent="30">
    <mem type="nursery" free="1985680" total="4194304" percent="47">
      <mem type="allocate" free="1985680" total="3014656" percent="65" />
      <mem type="survivor" free="0" total="1179648" percent="0" />
    </mem>
    <mem type="tenure" free="1494960" total="7274496" percent="20">
      <mem type="soa" free="1196952" total="6910976" percent="17" />
      <mem type="loa" free="298008" total="363520" percent="81" />
    </mem>
    <remembered-set count="230" />
  </mem-info>
</gc-end>
<cycle-end id="1091" type="scavenge" contextid="1085" timestamp="2019-08-07T01:42:41.671" />
  <attribute name="Current GC Util" value="5" />
  <attribute name= "Current Time Running" value="3567" />
<allocation-satisfied id="1092" threadId="0000000002924100" bytesRequested="48" />
<af-end id="1093" timestamp="2019-08-07T01:42:41.671" threadId="0000000002924A88" success="true" from="nursery"/>
<exclusive-end id="1094" timestamp="2019-08-07T01:42:41.671" durationms="1.373" />

<exclusive-start id="1095" timestamp="2019-08-07T01:42:41.698" intervalms="28.258">
  <response-info timems="0.040" idlems="0.040" threads="0" lastid="0000000002936D00" lastname="Thread-7" />
</exclusive-start>
<af-start id="1096" threadId="0000000002937688" totalBytesRequested="48" timestamp="2019-08-07T01:42:41.698" intervalms="28.325" type="nursery" />
<cycle-start id="1097" type="scavenge" contextid="0" timestamp="2019-08-07T01:42:41.699" intervalms="28.329" />
<gc-start id="1098" type="scavenge" contextid="1097" timestamp="2019-08-07T01:42:41.699">
  <mem-info id="1099" free="1494960" total="11468800" percent="13">
    <mem type="nursery" free="0" total="4194304" percent="0">
      <mem type="allocate" free="0" total="3014656" percent="0" />
      <mem type="survivor" free="0" total="1179648" percent="0" />
    </mem>
    <mem type="tenure" free="1494960" total="7274496" percent="20">
      <mem type="soa" free="1196952" total="6910976" percent="17" />
      <mem type="loa" free="298008" total="363520" percent="81" />
    </mem>
    <remembered-set count="432" />
  </mem-info>
</gc-start>
<allocation-stats totalBytes="1942216" >
  <allocated-bytes non-tlh="180320" tlh="1761896" />
  <largest-consumer threadName="Thread-9" threadId="000000000293E500" bytes="523176" />
</allocation-stats>
<gc-op id="1100" type="scavenge" timems="0.543" contextid="1097" timestamp="2019-08-07T01:42:41.699">
  <scavenger-info tenureage="1" tenuremask="7ffe" tiltratio="71" />
  <memory-copied type="nursery" objects="2173" bytes="809944" bytesdiscarded="91832" />
  <memory-copied type="tenure" objects="1939" bytes="790096" bytesdiscarded="10088" />
</gc-op>
<gc-end id="1101" type="scavenge" contextid="1097" durationms="0.756" usertimems="4.000" systemtimems="0.000" timestamp="2019-08-07T01:42:41.699" activeThreads="5">
  <mem-info id="1102" free="2781448" total="11468800" percent="24">
    <mem type="nursery" free="2112808" total="4194304" percent="50">
      <mem type="allocate" free="2112808" total="3014656" percent="70" />
      <mem type="survivor" free="0" total="1179648" percent="0" />
    </mem>
    <mem type="tenure" free="668640" total="7274496" percent="9">
      <mem type="soa" free="370632" total="6910976" percent="5" />
      <mem type="loa" free="298008" total="363520" percent="81" />
    </mem>
    <remembered-set count="268" />
  </mem-info>
</gc-end>
<cycle-end id="1103" type="scavenge" contextid="1097" timestamp="2019-08-07T01:42:41.699" />
  <attribute name="Current GC Util" value="4" />
  <attribute name= "Current Time Running" value="3595" />
<allocation-satisfied id="1104" threadId="0000000002936D00" bytesRequested="48" />
<af-end id="1105" timestamp="2019-08-07T01:42:41.700" threadId="0000000002937688" success="true" from="nursery"/>
<exclusive-end id="1106" timestamp="2019-08-07T01:42:41.700" durationms="1.360" />

<concurrent-kickoff id="1107" timestamp="2019-08-07T01:42:41.719">
  <kickoff reason="threshold reached" targetBytes="2228153" thresholdFreeBytes="294124"  remainingFree="281824" tenureFreeBytes="668640" nurseryFreeBytes="281824" />
</concurrent-kickoff>
<exclusive-start id="1108" timestamp="2019-08-07T01:42:41.719" intervalms="20.710">
  <response-info timems="0.086" idlems="0.086" threads="0" lastid="000000000293A900" lastname="Thread-8" />
</exclusive-start>
<cycle-start id="1109" type="global" contextid="0" timestamp="2019-08-07T01:42:41.719" intervalms="160.638" />
<exclusive-end id="1110" timestamp="2019-08-07T01:42:41.719" durationms="0.124" />

<exclusive-start id="1111" timestamp="2019-08-07T01:42:41.726" intervalms="7.118">
  <response-info timems="0.048" idlems="0.048" threads="0" lastid="0000000002933100" lastname="Thread-6" />
</exclusive-start>
<af-start id="1112" threadId="0000000002933A88" totalBytesRequested="32776" timestamp="2019-08-07T01:42:41.726" intervalms="27.871" type="nursery" />
<percolate-collect id="1113" from="nursery" to="global" reason="concurrent mark exhausted" timestamp="2019-08-07T01:42:41.726"/>
<gc-start id="1114" type="global" contextid="1109" timestamp="2019-08-07T01:42:41.727">
  <mem-info id="1115" free="668640" total="11468800" percent="5">
    <mem type="nursery" free="0" total="4194304" percent="0">
      <mem type="allocate" free="0" total="3014656" percent="0" />
      <mem type="survivor" free="0" total="1179648" percent="0" />
    </mem>
    <mem type="tenure" free="668640" total="7274496" percent="9">
      <mem type="soa" free="370632" total="6910976" percent="5" />
      <mem type="loa" free="298008" total="363520" percent="81" />
    </mem>
    <remembered-set count="433" />
  </mem-info>
</gc-start>
<allocation-stats totalBytes="1996752" >
  <allocated-bytes non-tlh="131152" tlh="1865600" />
  <largest-consumer threadName="Thread-8" threadId="000000000293A900" bytes="830552" />
</allocation-stats>
<concurrent-halted id="1116" timestamp="2019-08-07T01:42:41.727">
  <halted state="Complete" status="exhausted" />
  <traced bytesTarget="2228153" bytesTotal="2104668" bytesByMutator="861624" bytesByHelper="1243044" percent="94" />
  <cards cleaned="166" thresholdBytes="115866" />
</concurrent-halted>
<gc-op id="1117" type="rs-scan" timems="0.276" contextid="1109" timestamp="2019-08-07T01:42:41.727">
  <scan objectsFound="257" bytesTraced="51172" workStackOverflowCount="0" />
</gc-op>
<gc-op id="1118" type="card-cleaning" timems="0.211" contextid="1109" timestamp="2019-08-07T01:42:41.727">
  <card-cleaning cardsCleaned="53" bytesTraced="667696" workStackOverflowCount="0" />
</gc-op>
<gc-op id="1119" type="mark" timems="0.480" contextid="1109" timestamp="2019-08-07T01:42:41.728">
  <trace-info objectcount="1103" scancount="970" scanbytes="169880" />
  <finalization candidates="25" enqueued="0" />
  <references type="soft" candidates="92" cleared="0" enqueued="0" dynamicThreshold="15" maxThreshold="32" />
  <references type="weak" candidates="250" cleared="0" enqueued="0" />
  <references type="phantom" candidates="80" cleared="0" enqueued="0" />
  <stringconstants candidates="3948" cleared="18"  />
</gc-op>
<gc-op id="1120" type="sweep" timems="0.239" contextid="1109" timestamp="2019-08-07T01:42:41.728" />
<heap-resize id="1121" type="contract" space="tenure" amount="327680" count="1" timems="0.073" reason="insufficient time being spent in gc" timestamp="2019-08-07T01:42:41.728" />
<gc-end id="1122" type="global" contextid="1109" durationms="1.852" usertimems="0.000" systemtimems="4.000" timestamp="2019-08-07T01:42:41.728" activeThreads="5">
  <mem-info id="1123" free="5067104" total="11141120" percent="45">
    <mem type="nursery" free="1879136" total="4194304" percent="44">
      <mem type="allocate" free="1879136" total="3014656" percent="62" />
      <mem type="survivor" free="0" total="1179648" percent="0" />
    </mem>
    <mem type="tenure" free="3187968" total="6946816" percent="45" micro-fragmented="60110" macro-fragmented="0">
      <mem type="soa" free="2928072" total="6599680" percent="44" />
      <mem type="loa" free="259896" total="347136" percent="74" />
    </mem>
    <remembered-set count="366" />
  </mem-info>
</gc-end>
<cycle-end id="1124" type="global" contextid="1109" timestamp="2019-08-07T01:42:41.728" />
  <attribute name="Current GC Util" value="124" />
  <attribute name= "Current Time Running" value="3624" />
<allocation-satisfied id="1125" threadId="0000000002933100" bytesRequested="32776" />
<af-end id="1126" timestamp="2019-08-07T01:42:41.729" threadId="0000000002933A88" success="true" from="nursery"/>
<exclusive-end id="1127" timestamp="2019-08-07T01:42:41.729" durationms="2.502" />

<exclusive-start id="1128" timestamp="2019-08-07T01:42:41.745" intervalms="19.361">
  <response-info timems="0.041" idlems="0.041" threads="0" lastid="0000000002924100" lastname="Thread-2" />
</exclusive-start>
<af-start id="1129" threadId="0000000002924A88" totalBytesRequested="32776" timestamp="2019-08-07T01:42:41.746" intervalms="19.211" type="nursery" />
<cycle-start id="1130" type="scavenge" contextid="0" timestamp="2019-08-07T01:42:41.746" intervalms="47.077" />
<gc-start id="1131" type="scavenge" contextid="1130" timestamp="2019-08-07T01:42:41.746">
  <mem-info id="1132" free="3244256" total="11141120" percent="29">
    <mem type="nursery" free="56288" total="4194304" percent="1">
      <mem type="allocate" free="56288" total="3014656" percent="1" />
      <mem type="survivor" free="0" total="1179648" percent="0" />
    </mem>
    <mem type="tenure" free="3187968" total="6946816" percent="45">
      <mem type="soa" free="2928072" total="6599680" percent="44" />
      <mem type="loa" free="259896" total="347136" percent="74" />
    </mem>
    <remembered-set count="435" />
  </mem-info>
</gc-start>
<allocation-stats totalBytes="1802560" >
  <allocated-bytes non-tlh="484568" tlh="1317992" />
  <largest-consumer threadName="Thread-6" threadId="0000000002933100" bytes="592984" />
</allocation-stats>
<gc-op id="1133" type="scavenge" timems="0.599" contextid="1130" timestamp="2019-08-07T01:42:41.746">
  <scavenger-info tenureage="1" tenuremask="7ffe" tiltratio="71" />
  <memory-copied type="nursery" objects="2501" bytes="1007952" bytesdiscarded="170688" />
  <memory-copied type="tenure" objects="716" bytes="254848" bytesdiscarded="4272" />
</gc-op>
<gc-end id="1134" type="scavenge" contextid="1130" durationms="0.789" usertimems="0.000" systemtimems="0.000" timestamp="2019-08-07T01:42:41.747" activeThreads="5">
  <mem-info id="1135" free="4630280" total="11141120" percent="41">
    <mem type="nursery" free="1704848" total="4194304" percent="40">
      <mem type="allocate" free="1704848" total="2883584" percent="59" />
      <mem type="survivor" free="0" total="1310720" percent="0" />
    </mem>
    <mem type="tenure" free="2925432" total="6946816" percent="42">
      <mem type="soa" free="2665536" total="6599680" percent="40" />
      <mem type="loa" free="259896" total="347136" percent="74" />
    </mem>
    <remembered-set count="225" />
  </mem-info>
</gc-end>
<cycle-end id="1136" type="scavenge" contextid="1130" timestamp="2019-08-07T01:42:41.747" />
  <attribute name="Current GC Util" value="15" />
  <attribute name= "Current Time Running" value="3642" />
<allocation-satisfied id="1137" threadId="0000000002924100" bytesRequested="32776" />
<af-end id="1138" timestamp="2019-08-07T01:42:41.747" threadId="0000000002924A88" success="true" from="nursery"/>
<exclusive-end id="1139" timestamp="2019-08-07T01:42:41.747" durationms="1.249" />

<exclusive-start id="1140" timestamp="2019-08-07T01:42:41.762" intervalms="16.383">
  <response-info timems="0.068" idlems="0.068" threads="0" lastid="000000000292B900" lastname="Thread-4" />
</exclusive-start>
<af-start id="1141" threadId="000000000292C288" totalBytesRequested="16392" timestamp="2019-08-07T01:42:41.762" intervalms="16.382" type="nursery" />
<cycle-start id="1142" type="scavenge" contextid="0" timestamp="2019-08-07T01:42:41.762" intervalms="16.370" />
<gc-start id="1143" type="scavenge" contextid="1142" timestamp="2019-08-07T01:42:41.762">
  <mem-info id="1144" free="2926344" total="11141120" percent="26">
    <mem type="nursery" free="912" total="4194304" percent="0">
      <mem type="allocate" free="912" total="2883584" percent="0" />
      <mem type="survivor" free="0" total="1310720" percent="0" />
    </mem>
    <mem type="tenure" free="2925432" total="6946816" percent="42">
      <mem type="soa" free="2665536" total="6599680" percent="40" />
      <mem type="loa" free="259896" total="347136" percent="74" />
    </mem>
    <remembered-set count="372" />
  </mem-info>
</gc-start>
<allocation-stats totalBytes="1665312" >
  <allocated-bytes non-tlh="147496" tlh="1517816" />
  <largest-consumer threadName="Thread-9" threadId="000000000293E500" bytes="430536" />
</allocation-stats>
<gc-op id="1145" type="scavenge" timems="0.658" contextid="1142" timestamp="2019-08-07T01:42:41.763">
  <scavenger-info tenureage="1" tenuremask="7ffe" tiltratio="68" />
  <memory-copied type="nursery" objects="1787" bytes="791384" bytesdiscarded="121656" />
  <memory-copied type="tenure" objects="1919" bytes="807344" bytesdiscarded="9296" />
  <references type="weak" candidates="1" cleared="0" enqueued="0" />
  <references type="phantom" candidates="2" cleared="0" enqueued="0" />
</gc-op>
<gc-end id="1146" type="scavenge" contextid="1142" durationms="0.829" usertimems="4.000" systemtimems="0.000" timestamp="2019-08-07T01:42:41.763" activeThreads="5">
  <mem-info id="1147" free="4047312" total="11141120" percent="36">
    <mem type="nursery" free="1970480" total="4194304" percent="46">
      <mem type="allocate" free="1970480" total="2883584" percent="68" />
      <mem type="survivor" free="0" total="1310720" percent="0" />
    </mem>
    <mem type="tenure" free="2076832" total="6946816" percent="29">
      <mem type="soa" free="1816936" total="6599680" percent="27" />
      <mem type="loa" free="259896" total="347136" percent="74" />
    </mem>
    <remembered-set count="230" />
  </mem-info>
</gc-end>
<cycle-end id="1148" type="scavenge" contextid="1142" timestamp="2019-08-07T01:42:41.763" />
  <attribute name="Current GC Util" value="7" />
  <attribute name= "Current Time Running" value="3658" />
<allocation-satisfied id="1149" threadId="000000000292B900" bytesRequested="16392" />
<af-end id="1150" timestamp="2019-08-07T01:42:41.763" threadId="000000000292C288" success="true" from="nursery"/>
<exclusive-end id="1151" timestamp="2019-08-07T01:42:41.763" durationms="1.238" />

<exclusive-start id="1152" timestamp="2019-08-07T01:42:41.788" intervalms="26.167">
  <response-info timems="0.042" idlems="0.042" threads="0" lastid="000000000293A900" lastname="Thread-8" />
</exclusive-start>
<af-start id="1153" threadId="000000000293B288" totalBytesRequested="48" timestamp="2019-08-07T01:42:41.788" intervalms="26.217" type="nursery" />
<cycle-start id="1154" type="scavenge" contextid="0" timestamp="2019-08-07T01:42:41.788" intervalms="26.226" />
<gc-start id="1155" type="scavenge" contextid="1154" timestamp="2019-08-07T01:42:41.788">
  <mem-info id="1156" free="2076832" total="11141120" percent="18">
    <mem type="nursery" free="0" total="4194304" percent="0">
      <mem type="allocate" free="0" total="2883584" percent="0" />
      <mem type="survivor" free="0" total="1310720" percent="0" />
    </mem>
    <mem type="tenure" free="2076832" total="6946816" percent="29">
      <mem type="soa" free="1816936" total="6599680" percent="27" />
      <mem type="loa" free="259896" total="347136" percent="74" />
    </mem>
    <remembered-set count="426" />
  </mem-info>
</gc-start>
<allocation-stats totalBytes="1924392" >
  <allocated-bytes non-tlh="180280" tlh="1744112" />
  <largest-consumer threadName="Thread-2" threadId="0000000002924100" bytes="528008" />
</allocation-stats>
<gc-op id="1157" type="scavenge" timems="0.537" contextid="1154" timestamp="2019-08-07T01:42:41.789">
  <scavenger-info tenureage="1" tenuremask="7ffe" tiltratio="68" />
  <memory-copied type="nursery" objects="2258" bytes="816728" bytesdiscarded="271040" />
  <memory-copied type="tenure" objects="1189" bytes="547232" bytesdiscarded="9832" />
</gc-op>
<gc-end id="1158" type="scavenge" contextid="1154" durationms="0.731" usertimems="0.000" systemtimems="0.000" timestamp="2019-08-07T01:42:41.789" activeThreads="5">
  <mem-info id="1159" free="3373824" total="11141120" percent="30">
    <mem type="nursery" free="1861296" total="4194304" percent="44">
      <mem type="allocate" free="1861296" total="2949120" percent="63" />
      <mem type="survivor" free="0" total="1245184" percent="0" />
    </mem>
    <mem type="tenure" free="1512528" total="6946816" percent="21">
      <mem type="soa" free="1252632" total="6599680" percent="18" />
      <mem type="loa" free="259896" total="347136" percent="74" />
    </mem>
    <remembered-set count="243" />
  </mem-info>
</gc-end>
<cycle-end id="1160" type="scavenge" contextid="1154" timestamp="2019-08-07T01:42:41.789" />
  <attribute name="Current GC Util" value="5" />
  <attribute name= "Current Time Running" value="3685" />
<allocation-satisfied id="1161" threadId="000000000293A900" bytesRequested="48" />
<af-end id="1162" timestamp="2019-08-07T01:42:41.789" threadId="000000000293B288" success="true" from="nursery"/>
<exclusive-end id="1163" timestamp="2019-08-07T01:42:41.789" durationms="1.226" />

<exclusive-start id="1164" timestamp="2019-08-07T01:42:41.814" intervalms="26.163">
  <response-info timems="0.103" idlems="0.103" threads="0" lastid="0000000002936D00" lastname="Thread-7" />
</exclusive-start>
<af-start id="1165" threadId="0000000002937688" totalBytesRequested="16392" timestamp="2019-08-07T01:42:41.814" intervalms="26.124" type="nursery" />
<cycle-start id="1166" type="scavenge" contextid="0" timestamp="2019-08-07T01:42:41.814" intervalms="26.128" />
<gc-start id="1167" type="scavenge" contextid="1166" timestamp="2019-08-07T01:42:41.814">
  <mem-info id="1168" free="1512528" total="11141120" percent="13">
    <mem type="nursery" free="0" total="4194304" percent="0">
      <mem type="allocate" free="0" total="2949120" percent="0" />
      <mem type="survivor" free="0" total="1245184" percent="0" />
    </mem>
    <mem type="tenure" free="1512528" total="6946816" percent="21">
      <mem type="soa" free="1252632" total="6599680" percent="18" />
      <mem type="loa" free="259896" total="347136" percent="74" />
    </mem>
    <remembered-set count="385" />
  </mem-info>
</gc-start>
<allocation-stats totalBytes="1772672" >
  <allocated-bytes non-tlh="180320" tlh="1592352" />
  <largest-consumer threadName="Thread-9" threadId="000000000293E500" bytes="433288" />
</allocation-stats>
<gc-op id="1169" type="scavenge" timems="0.538" contextid="1166" timestamp="2019-08-07T01:42:41.815">
  <scavenger-info tenureage="1" tenuremask="7ffe" tiltratio="70" />
  <memory-copied type="nursery" objects="1818" bytes="772384" bytesdiscarded="113936" />
  <memory-copied type="tenure" objects="1646" bytes="698208" bytesdiscarded="8376" />
  <references type="phantom" candidates="1" cleared="0" enqueued="0" />
</gc-op>
<gc-end id="1170" type="scavenge" contextid="1166" durationms="0.726" usertimems="0.000" systemtimems="0.000" timestamp="2019-08-07T01:42:41.815" activeThreads="5">
  <mem-info id="1171" free="2927016" total="11141120" percent="26">
    <mem type="nursery" free="2128256" total="4194304" percent="50">
      <mem type="allocate" free="2128256" total="3014656" percent="70" />
      <mem type="survivor" free="0" total="1179648" percent="0" />
    </mem>
    <mem type="tenure" free="798760" total="6946816" percent="11">
      <mem type="soa" free="538864" total="6599680" percent="8" />
      <mem type="loa" free="259896" total="347136" percent="74" />
    </mem>
    <remembered-set count="254" />
  </mem-info>
</gc-end>
<cycle-end id="1172" type="scavenge" contextid="1166" timestamp="2019-08-07T01:42:41.815" />
  <attribute name="Current GC Util" value="5" />
  <attribute name= "Current Time Running" value="3711" />
<allocation-satisfied id="1173" threadId="0000000002936D00" bytesRequested="16392" />
<af-end id="1174" timestamp="2019-08-07T01:42:41.815" threadId="0000000002937688" success="true" from="nursery"/>
<exclusive-end id="1175" timestamp="2019-08-07T01:42:41.815" durationms="1.271" />

<concurrent-kickoff id="1176" timestamp="2019-08-07T01:42:41.835">
  <kickoff reason="threshold reached" targetBytes="2110279" thresholdFreeBytes="279017"  remainingFree="272728" tenureFreeBytes="798760" nurseryFreeBytes="272728" />
</concurrent-kickoff>
<exclusive-start id="1177" timestamp="2019-08-07T01:42:41.836" intervalms="21.396">
  <response-info timems="0.096" idlems="0.096" threads="0" lastid="000000000293A900" lastname="Thread-8" />
</exclusive-start>
<cycle-start id="1178" type="global" contextid="0" timestamp="2019-08-07T01:42:41.836" intervalms="116.593" />
<exclusive-end id="1179" timestamp="2019-08-07T01:42:41.836" durationms="0.128" />

<exclusive-start id="1180" timestamp="2019-08-07T01:42:41.846" intervalms="10.321">
  <response-info timems="0.100" idlems="0.100" threads="0" lastid="000000000292B900" lastname="Thread-4" />
</exclusive-start>
<af-start id="1181" threadId="000000000292C288" totalBytesRequested="32776" timestamp="2019-08-07T01:42:41.846" intervalms="31.685" type="nursery" />
<cycle-start id="1182" type="scavenge" contextid="0" timestamp="2019-08-07T01:42:41.846" intervalms="31.667" />
<gc-start id="1183" type="scavenge" contextid="1182" timestamp="2019-08-07T01:42:41.846">
  <mem-info id="1184" free="813440" total="11141120" percent="7">
    <mem type="nursery" free="14680" total="4194304" percent="0">
      <mem type="allocate" free="14680" total="3014656" percent="0" />
      <mem type="survivor" free="0" total="1179648" percent="0" />
    </mem>
    <mem type="tenure" free="798760" total="6946816" percent="11">
      <mem type="soa" free="538864" total="6599680" percent="8" />
      <mem type="loa" free="259896" total="347136" percent="74" />
    </mem>
    <remembered-set count="456" />
  </mem-info>
</gc-start>
<allocation-stats totalBytes="2084728" >
  <allocated-bytes non-tlh="131112" tlh="1953616" />
  <largest-consumer threadName="Thread-5" threadId="000000000292F500" bytes="760976" />
</allocation-stats>
<gc-op id="1185" type="scavenge" timems="0.684" contextid="1182" timestamp="2019-08-07T01:42:41.847">
  <scavenger-info tenureage="1" tenuremask="7ffe" tiltratio="71" />
  <memory-copied type="nursery" objects="1637" bytes="527776" bytesdiscarded="383608" />
  <memory-copied type="tenure" objects="1734" bytes="768528" bytesdiscarded="4488" />
  <heap-resize type="expand" space="tenure" amount="524288" count="8" timems="0.209" reason="continue current collection" />
</gc-op>
<gc-end id="1186" type="scavenge" contextid="1182" durationms="0.863" usertimems="0.000" systemtimems="0.000" timestamp="2019-08-07T01:42:41.847" activeThreads="5">
  <mem-info id="1187" free="2600864" total="11665408" percent="22">
    <mem type="nursery" free="2168760" total="4194304" percent="51">
      <mem type="allocate" free="2168760" total="3080192" percent="70" />
      <mem type="survivor" free="0" total="1114112" percent="0" />
    </mem>
    <mem type="tenure" free="432104" total="7471104" percent="5">
      <mem type="soa" free="59368" total="7098368" percent="0" />
      <mem type="loa" free="372736" total="372736" percent="100" />
    </mem>
    <remembered-set count="266" />
  </mem-info>
</gc-end>
<cycle-end id="1188" type="scavenge" contextid="1182" timestamp="2019-08-07T01:42:41.847" />
  <attribute name="Current GC Util" value="4" />
  <attribute name= "Current Time Running" value="3742" />
<allocation-satisfied id="1189" threadId="000000000292B900" bytesRequested="32776" />
<af-end id="1190" timestamp="2019-08-07T01:42:41.847" threadId="000000000292C288" success="true" from="nursery"/>
<exclusive-end id="1191" timestamp="2019-08-07T01:42:41.847" durationms="1.230" />

<exclusive-start id="1192" timestamp="2019-08-07T01:42:41.847" intervalms="1.338">
  <response-info timems="0.038" idlems="0.038" threads="0" lastid="0000000002924100" lastname="Thread-2" />
</exclusive-start>
<concurrent-collection-start id="1193" timestamp="2019-08-07T01:42:41.847" intervalms="267.642" >
  <concurrent-trace-info reason="card cleaning threshold reached" tracedByMutators="877744" tracedByHelpers="968336" cardsCleaned="148" workStackOverflowCount="0" />
</concurrent-collection-start>
<gc-start id="1194" type="global" contextid="1178" timestamp="2019-08-07T01:42:41.847">
  <mem-info id="1195" free="2412440" total="11665408" percent="20">
    <mem type="nursery" free="1980336" total="4194304" percent="47">
      <mem type="allocate" free="1980336" total="3080192" percent="64" />
      <mem type="survivor" free="0" total="1114112" percent="0" />
    </mem>
    <mem type="tenure" free="432104" total="7471104" percent="5">
      <mem type="soa" free="59368" total="7098368" percent="0" />
      <mem type="loa" free="372736" total="372736" percent="100" />
    </mem>
    <remembered-set count="267" />
  </mem-info>
</gc-start>
<allocation-stats totalBytes="188424" >
  <allocated-bytes non-tlh="32776" tlh="155648" />
  <largest-consumer threadName="Thread-4" threadId="000000000292B900" bytes="65544" />
</allocation-stats>
<gc-op id="1196" type="rs-scan" timems="0.162" contextid="1178" timestamp="2019-08-07T01:42:41.848">
  <scan objectsFound="102" bytesTraced="20568" workStackOverflowCount="0" />
</gc-op>
<gc-op id="1197" type="card-cleaning" timems="0.210" contextid="1178" timestamp="2019-08-07T01:42:41.848">
  <card-cleaning cardsCleaned="147" bytesTraced="486560" workStackOverflowCount="0" />
</gc-op>
<gc-op id="1198" type="mark" timems="0.609" contextid="1178" timestamp="2019-08-07T01:42:41.849">
  <trace-info objectcount="1979" scancount="1706" scanbytes="317736" />
  <finalization candidates="25" enqueued="0" />
  <references type="soft" candidates="92" cleared="0" enqueued="0" dynamicThreshold="14" maxThreshold="32" />
  <references type="weak" candidates="250" cleared="0" enqueued="0" />
  <references type="phantom" candidates="80" cleared="0" enqueued="0" />
  <stringconstants candidates="3930" cleared="0"  />
</gc-op>
<gc-op id="1199" type="sweep" timems="0.251" contextid="1178" timestamp="2019-08-07T01:42:41.849" />
<heap-resize id="1200" type="contract" space="tenure" amount="327680" count="1" timems="0.026" reason="insufficient time being spent in gc" timestamp="2019-08-07T01:42:41.849" />
<gc-end id="1201" type="global" contextid="1178" durationms="1.735" usertimems="4.000" systemtimems="0.000" timestamp="2019-08-07T01:42:41.849" activeThreads="5">
  <mem-info id="1202" free="5558552" total="11337728" percent="49">
    <mem type="nursery" free="2555520" total="4194304" percent="60">
      <mem type="allocate" free="2555520" total="3080192" percent="82" />
      <mem type="survivor" free="0" total="1114112" percent="0" />
    </mem>
    <mem type="tenure" free="3003032" total="7143424" percent="42" micro-fragmented="129009" macro-fragmented="0">
      <mem type="soa" free="2872672" total="6787072" percent="42" />
      <mem type="loa" free="130360" total="356352" percent="36" />
    </mem>
    <remembered-set count="240" />
  </mem-info>
</gc-end>
<cycle-end id="1203" type="global" contextid="1178" timestamp="2019-08-07T01:42:41.849" />
  <attribute name="Current GC Util" value="80" />
  <attribute name= "Current Time Running" value="3745" />
<concurrent-collection-end id="1204" timestamp="2019-08-07T01:42:41.849" />
<exclusive-end id="1205" timestamp="2019-08-07T01:42:41.849" durationms="2.181" />

<exclusive-start id="1206" timestamp="2019-08-07T01:42:41.869" intervalms="21.914">
  <response-info timems="0.043" idlems="0.043" threads="0" lastid="0000000002924100" lastname="Thread-2" />
</exclusive-start>
<af-start id="1207" threadId="0000000002924A88" totalBytesRequested="32" timestamp="2019-08-07T01:42:41.869" intervalms="23.276" type="nursery" />
<cycle-start id="1208" type="scavenge" contextid="0" timestamp="2019-08-07T01:42:41.869" intervalms="23.302" />
<gc-start id="1209" type="scavenge" contextid="1208" timestamp="2019-08-07T01:42:41.869">
  <mem-info id="1210" free="3003032" total="11337728" percent="26">
    <mem type="nursery" free="0" total="4194304" percent="0">
      <mem type="allocate" free="0" total="3080192" percent="0" />
      <mem type="survivor" free="0" total="1114112" percent="0" />
    </mem>
    <mem type="tenure" free="3003032" total="7143424" percent="42">
      <mem type="soa" free="2872672" total="6787072" percent="42" />
      <mem type="loa" free="130360" total="356352" percent="36" />
    </mem>
    <remembered-set count="411" />
  </mem-info>
</gc-start>
<allocation-stats totalBytes="2433896" >
  <allocated-bytes non-tlh="213056" tlh="2220840" />
  <largest-consumer threadName="Thread-6" threadId="0000000002933100" bytes="919416" />
</allocation-stats>
<gc-op id="1211" type="scavenge" timems="0.589" contextid="1208" timestamp="2019-08-07T01:42:41.870">
  <scavenger-info tenureage="1" tenuremask="7ffe" tiltratio="73" />
  <memory-copied type="nursery" objects="1923" bytes="838968" bytesdiscarded="146888" />
  <memory-copied type="tenure" objects="906" bytes="282512" bytesdiscarded="6080" />
  <references type="phantom" candidates="1" cleared="0" enqueued="0" />
</gc-op>
<gc-end id="1212" type="scavenge" contextid="1208" durationms="0.759" usertimems="0.000" systemtimems="0.000" timestamp="2019-08-07T01:42:41.870" activeThreads="5">
  <mem-info id="1213" free="4602696" total="11337728" percent="40">
    <mem type="nursery" free="1897656" total="4194304" percent="45">
      <mem type="allocate" free="1897656" total="2883584" percent="65" />
      <mem type="survivor" free="0" total="1310720" percent="0" />
    </mem>
    <mem type="tenure" free="2705040" total="7143424" percent="37">
      <mem type="soa" free="2574680" total="6787072" percent="37" />
      <mem type="loa" free="130360" total="356352" percent="36" />
    </mem>
    <remembered-set count="243" />
  </mem-info>
</gc-end>
<cycle-end id="1214" type="scavenge" contextid="1208" timestamp="2019-08-07T01:42:41.870" />
  <attribute name="Current GC Util" value="6" />
  <attribute name= "Current Time Running" value="3766" />
<allocation-satisfied id="1215" threadId="0000000002924100" bytesRequested="32" />
<af-end id="1216" timestamp="2019-08-07T01:42:41.870" threadId="0000000002924A88" success="true" from="nursery"/>
<exclusive-end id="1217" timestamp="2019-08-07T01:42:41.870" durationms="1.197" />

<exclusive-start id="1218" timestamp="2019-08-07T01:42:41.890" intervalms="20.722">
  <response-info timems="0.040" idlems="0.040" threads="0" lastid="000000000293A900" lastname="Thread-8" />
</exclusive-start>
<af-start id="1219" threadId="000000000293B288" totalBytesRequested="32776" timestamp="2019-08-07T01:42:41.890" intervalms="20.828" type="nursery" />
<cycle-start id="1220" type="scavenge" contextid="0" timestamp="2019-08-07T01:42:41.890" intervalms="20.821" />
<gc-start id="1221" type="scavenge" contextid="1220" timestamp="2019-08-07T01:42:41.890">
  <mem-info id="1222" free="2705040" total="11337728" percent="23">
    <mem type="nursery" free="0" total="4194304" percent="0">
      <mem type="allocate" free="0" total="2883584" percent="0" />
      <mem type="survivor" free="0" total="1310720" percent="0" />
    </mem>
    <mem type="tenure" free="2705040" total="7143424" percent="37">
      <mem type="soa" free="2574680" total="6787072" percent="37" />
      <mem type="loa" free="130360" total="356352" percent="36" />
    </mem>
    <remembered-set count="436" />
  </mem-info>
</gc-start>
<allocation-stats totalBytes="1856456" >
  <allocated-bytes non-tlh="163920" tlh="1692536" />
  <largest-consumer threadName="Thread-9" threadId="000000000293E500" bytes="457536" />
</allocation-stats>
<gc-op id="1223" type="scavenge" timems="0.601" contextid="1220" timestamp="2019-08-07T01:42:41.891">
  <scavenger-info tenureage="1" tenuremask="7ffe" tiltratio="68" />
  <memory-copied type="nursery" objects="2046" bytes="853992" bytesdiscarded="106360" />
  <memory-copied type="tenure" objects="1843" bytes="833416" bytesdiscarded="14344" />
</gc-op>
<gc-end id="1224" type="scavenge" contextid="1220" durationms="0.834" usertimems="0.000" systemtimems="4.000" timestamp="2019-08-07T01:42:41.891" activeThreads="5">
  <mem-info id="1225" free="4033704" total="11337728" percent="35">
    <mem type="nursery" free="2185296" total="4194304" percent="52">
      <mem type="allocate" free="2185296" total="3145728" percent="69" />
      <mem type="survivor" free="0" total="1048576" percent="0" />
    </mem>
    <mem type="tenure" free="1848408" total="7143424" percent="25">
      <mem type="soa" free="1718048" total="6787072" percent="25" />
      <mem type="loa" free="130360" total="356352" percent="36" />
    </mem>
    <remembered-set count="262" />
  </mem-info>
</gc-end>
<cycle-end id="1226" type="scavenge" contextid="1220" timestamp="2019-08-07T01:42:41.891" />
  <attribute name="Current GC Util" value="6" />
  <attribute name= "Current Time Running" value="3786" />
<allocation-satisfied id="1227" threadId="000000000293A900" bytesRequested="32776" />
<af-end id="1228" timestamp="2019-08-07T01:42:41.891" threadId="000000000293B288" success="true" from="nursery"/>
<exclusive-end id="1229" timestamp="2019-08-07T01:42:41.891" durationms="1.435" />

<exclusive-start id="1230" timestamp="2019-08-07T01:42:41.926" intervalms="36.443">
  <response-info timems="0.088" idlems="0.088" threads="0" lastid="000000000292F500" lastname="Thread-5" />
</exclusive-start>
<af-start id="1231" threadId="000000000292FE88" totalBytesRequested="16392" timestamp="2019-08-07T01:42:41.926" intervalms="36.348" type="nursery" />
<cycle-start id="1232" type="scavenge" contextid="0" timestamp="2019-08-07T01:42:41.927" intervalms="36.345" />
<gc-start id="1233" type="scavenge" contextid="1232" timestamp="2019-08-07T01:42:41.927">
  <mem-info id="1234" free="1848408" total="11337728" percent="16">
    <mem type="nursery" free="0" total="4194304" percent="0">
      <mem type="allocate" free="0" total="3145728" percent="0" />
      <mem type="survivor" free="0" total="1048576" percent="0" />
    </mem>
    <mem type="tenure" free="1848408" total="7143424" percent="25">
      <mem type="soa" free="1718048" total="6787072" percent="25" />
      <mem type="loa" free="130360" total="356352" percent="36" />
    </mem>
    <remembered-set count="442" />
  </mem-info>
</gc-start>
<allocation-stats totalBytes="2089640" >
  <allocated-bytes non-tlh="196664" tlh="1892976" />
  <largest-consumer threadName="Thread-9" threadId="000000000293E500" bytes="556008" />
</allocation-stats>
<gc-op id="1235" type="scavenge" timems="0.630" contextid="1232" timestamp="2019-08-07T01:42:41.927">
  <scavenger-info tenureage="1" tenuremask="7ffe" tiltratio="75" />
  <memory-copied type="nursery" objects="2097" bytes="830488" bytesdiscarded="55112" />
  <memory-copied type="tenure" objects="1480" bytes="636552" bytesdiscarded="15824" />
  <references type="weak" candidates="1" cleared="0" enqueued="0" />
  <references type="phantom" candidates="1" cleared="0" enqueued="0" />
</gc-op>
<gc-end id="1236" type="scavenge" contextid="1232" durationms="0.841" usertimems="4.000" systemtimems="0.000" timestamp="2019-08-07T01:42:41.927" activeThreads="5">
  <mem-info id="1237" free="3455024" total="11337728" percent="30">
    <mem type="nursery" free="2260072" total="4194304" percent="53">
      <mem type="allocate" free="2260072" total="3145728" percent="71" />
      <mem type="survivor" free="0" total="1048576" percent="0" />
    </mem>
    <mem type="tenure" free="1194952" total="7143424" percent="16">
      <mem type="soa" free="1064592" total="6787072" percent="15" />
      <mem type="loa" free="130360" total="356352" percent="36" />
    </mem>
    <remembered-set count="241" />
  </mem-info>
</gc-end>
<cycle-end id="1238" type="scavenge" contextid="1232" timestamp="2019-08-07T01:42:41.927" />
  <attribute name="Current GC Util" value="4" />
  <attribute name= "Current Time Running" value="3823" />
<allocation-satisfied id="1239" threadId="000000000292F500" bytesRequested="16392" />
<af-end id="1240" timestamp="2019-08-07T01:42:41.928" threadId="000000000292FE88" success="true" from="nursery"/>
<exclusive-end id="1241" timestamp="2019-08-07T01:42:41.928" durationms="1.329" />

<concurrent-kickoff id="1242" timestamp="2019-08-07T01:42:41.942">
  <kickoff reason="threshold reached" targetBytes="2081469" thresholdFreeBytes="274531"  remainingFree="269376" tenureFreeBytes="1194952" nurseryFreeBytes="269376" />
</concurrent-kickoff>
<exclusive-start id="1243" timestamp="2019-08-07T01:42:41.943" intervalms="16.576">
  <response-info timems="0.131" idlems="0.131" threads="0" lastid="000000000292B900" lastname="Thread-4" />
</exclusive-start>
<cycle-start id="1244" type="global" contextid="0" timestamp="2019-08-07T01:42:41.943" intervalms="107.299" />
<exclusive-end id="1245" timestamp="2019-08-07T01:42:41.943" durationms="0.229" />

<exclusive-start id="1246" timestamp="2019-08-07T01:42:41.954" intervalms="11.319">
  <response-info timems="0.045" idlems="0.045" threads="0" lastid="000000000293A900" lastname="Thread-8" />
</exclusive-start>
<af-start id="1247" threadId="000000000293B288" totalBytesRequested="16392" timestamp="2019-08-07T01:42:41.954" intervalms="27.994" type="nursery" />
<cycle-start id="1248" type="scavenge" contextid="0" timestamp="2019-08-07T01:42:41.954" intervalms="27.990" />
<gc-start id="1249" type="scavenge" contextid="1248" timestamp="2019-08-07T01:42:41.955">
  <mem-info id="1250" free="1194952" total="11337728" percent="10">
    <mem type="nursery" free="0" total="4194304" percent="0">
      <mem type="allocate" free="0" total="3145728" percent="0" />
      <mem type="survivor" free="0" total="1048576" percent="0" />
    </mem>
    <mem type="tenure" free="1194952" total="7143424" percent="16">
      <mem type="soa" free="1064592" total="6787072" percent="15" />
      <mem type="loa" free="130360" total="356352" percent="36" />
    </mem>
    <remembered-set count="438" />
  </mem-info>
</gc-start>
<allocation-stats totalBytes="2204896" >
  <allocated-bytes non-tlh="163888" tlh="2041008" />
  <largest-consumer threadName="Thread-7" threadId="0000000002936D00" bytes="507576" />
</allocation-stats>
<gc-op id="1251" type="scavenge" timems="0.528" contextid="1248" timestamp="2019-08-07T01:42:41.955">
  <scavenger-info tenureage="1" tenuremask="7ffe" tiltratio="75" />
  <memory-copied type="nursery" objects="2620" bytes="1000048" bytesdiscarded="48432" />
  <memory-copied type="tenure" objects="983" bytes="494856" bytesdiscarded="4712" />
  <copy-failed type="nursery" objects="45" bytes="15168" />
</gc-op>
<gc-end id="1252" type="scavenge" contextid="1248" durationms="0.736" usertimems="0.000" systemtimems="0.000" timestamp="2019-08-07T01:42:41.955" activeThreads="5">
  <mem-info id="1253" free="2361536" total="11337728" percent="20">
    <mem type="nursery" free="1769472" total="4194304" percent="42">
      <mem type="allocate" free="1769472" total="2818048" percent="62" />
      <mem type="survivor" free="0" total="1376256" percent="0" />
    </mem>
    <mem type="tenure" free="592064" total="7143424" percent="8">
      <mem type="soa" free="461704" total="6787072" percent="6" />
      <mem type="loa" free="130360" total="356352" percent="36" />
    </mem>
    <remembered-set count="237" />
  </mem-info>
</gc-end>
<cycle-end id="1254" type="scavenge" contextid="1248" timestamp="2019-08-07T01:42:41.955" />
  <attribute name="Current GC Util" value="6" />
  <attribute name= "Current Time Running" value="3851" />
<allocation-satisfied id="1255" threadId="000000000293A900" bytesRequested="16392" />
<af-end id="1256" timestamp="2019-08-07T01:42:41.955" threadId="000000000293B288" success="true" from="nursery"/>
<exclusive-end id="1257" timestamp="2019-08-07T01:42:41.956" durationms="1.304" />

<exclusive-start id="1258" timestamp="2019-08-07T01:42:42.001" intervalms="47.262">
  <response-info timems="0.043" idlems="0.043" threads="0" lastid="000000000293E500" lastname="Thread-9" />
</exclusive-start>
<concurrent-collection-start id="1259" timestamp="2019-08-07T01:42:42.002" intervalms="154.392" >
  <concurrent-trace-info reason="card cleaning threshold reached" tracedByMutators="226612" tracedByHelpers="1292992" cardsCleaned="92" workStackOverflowCount="0" />
</concurrent-collection-start>
<gc-start id="1260" type="global" contextid="1244" timestamp="2019-08-07T01:42:42.002">
  <mem-info id="1261" free="592064" total="11337728" percent="5">
    <mem type="nursery" free="0" total="4194304" percent="0">
      <mem type="allocate" free="0" total="2818048" percent="0" />
      <mem type="survivor" free="0" total="1376256" percent="0" />
    </mem>
    <mem type="tenure" free="592064" total="7143424" percent="8">
      <mem type="soa" free="461704" total="6787072" percent="6" />
      <mem type="loa" free="130360" total="356352" percent="36" />
    </mem>
    <remembered-set count="369" />
  </mem-info>
</gc-start>
<allocation-stats totalBytes="1655632" >
  <allocated-bytes non-tlh="81944" tlh="1573688" />
  <largest-consumer threadName="Thread-8" threadId="000000000293A900" bytes="608736" />
</allocation-stats>
<gc-op id="1262" type="rs-scan" timems="0.193" contextid="1244" timestamp="2019-08-07T01:42:42.002">
  <scan objectsFound="76" bytesTraced="5880" workStackOverflowCount="0" />
</gc-op>
<gc-op id="1263" type="card-cleaning" timems="0.269" contextid="1244" timestamp="2019-08-07T01:42:42.002">
  <card-cleaning cardsCleaned="209" bytesTraced="750792" workStackOverflowCount="0" />
</gc-op>
<gc-op id="1264" type="mark" timems="0.572" contextid="1244" timestamp="2019-08-07T01:42:42.003">
  <trace-info objectcount="1046" scancount="921" scanbytes="116860" />
  <finalization candidates="25" enqueued="0" />
  <references type="soft" candidates="92" cleared="27" enqueued="23" dynamicThreshold="13" maxThreshold="32" />
  <references type="weak" candidates="250" cleared="0" enqueued="0" />
  <references type="phantom" candidates="80" cleared="0" enqueued="0" />
  <stringconstants candidates="3930" cleared="1"  />
</gc-op>
<gc-op id="1265" type="sweep" timems="0.246" contextid="1244" timestamp="2019-08-07T01:42:42.003" />
<heap-resize id="1266" type="contract" space="tenure" amount="327680" count="1" timems="0.051" reason="insufficient time being spent in gc" timestamp="2019-08-07T01:42:42.004" />
<gc-end id="1267" type="global" contextid="1244" durationms="1.860" usertimems="4.000" systemtimems="0.000" timestamp="2019-08-07T01:42:42.004" activeThreads="5">
  <mem-info id="1268" free="4976736" total="11010048" percent="45">
    <mem type="nursery" free="1654008" total="4194304" percent="39">
      <mem type="allocate" free="1654008" total="2818048" percent="58" />
      <mem type="survivor" free="0" total="1376256" percent="0" />
    </mem>
    <mem type="tenure" free="3322728" total="6815744" percent="48" micro-fragmented="143780" macro-fragmented="0">
      <mem type="soa" free="3011808" total="6475776" percent="46" />
      <mem type="loa" free="310920" total="339968" percent="91" />
    </mem>
    <pending-finalizers system="0" default="0" reference="23" classloader="0" />
    <remembered-set count="326" />
  </mem-info>
</gc-end>
<cycle-end id="1269" type="global" contextid="1244" timestamp="2019-08-07T01:42:42.004" />
  <attribute name="Current GC Util" value="127" />
  <attribute name= "Current Time Running" value="3899" />
<concurrent-collection-end id="1270" timestamp="2019-08-07T01:42:42.004" />
<exclusive-end id="1271" timestamp="2019-08-07T01:42:42.004" durationms="2.353" />

<exclusive-start id="1272" timestamp="2019-08-07T01:42:42.024" intervalms="22.265">
  <response-info timems="0.168" idlems="0.167" threads="1" lastid="0000000002933100" lastname="Thread-6" />
</exclusive-start>
<af-start id="1273" threadId="0000000002924A88" totalBytesRequested="56" timestamp="2019-08-07T01:42:42.024" intervalms="69.874" type="nursery" />
<cycle-start id="1274" type="scavenge" contextid="0" timestamp="2019-08-07T01:42:42.024" intervalms="69.882" />
<gc-start id="1275" type="scavenge" contextid="1274" timestamp="2019-08-07T01:42:42.024">
  <mem-info id="1276" free="3322728" total="11010048" percent="30">
    <mem type="nursery" free="0" total="4194304" percent="0">
      <mem type="allocate" free="0" total="2818048" percent="0" />
      <mem type="survivor" free="0" total="1376256" percent="0" />
    </mem>
    <mem type="tenure" free="3322728" total="6815744" percent="48">
      <mem type="soa" free="3011808" total="6475776" percent="46" />
      <mem type="loa" free="310920" total="339968" percent="91" />
    </mem>
    <remembered-set count="397" />
  </mem-info>
</gc-start>
<allocation-stats totalBytes="1591936" >
  <allocated-bytes non-tlh="617544" tlh="974392" />
  <largest-consumer threadName="Thread-5" threadId="000000000292F500" bytes="694928" />
</allocation-stats>
<gc-op id="1277" type="scavenge" timems="0.594" contextid="1274" timestamp="2019-08-07T01:42:42.025">
  <scavenger-info tenureage="1" tenuremask="7ffe" tiltratio="67" />
  <memory-copied type="nursery" objects="1013" bytes="626440" bytesdiscarded="12800" />
  <memory-copied type="tenure" objects="649" bytes="296240" bytesdiscarded="5320" />
  <references type="weak" candidates="1" cleared="0" enqueued="0" />
  <references type="phantom" candidates="1" cleared="0" enqueued="0" />
</gc-op>
<gc-end id="1278" type="scavenge" contextid="1274" durationms="0.805" usertimems="0.000" systemtimems="4.000" timestamp="2019-08-07T01:42:42.025" activeThreads="5">
  <mem-info id="1279" free="5262616" total="11010048" percent="47">
    <mem type="nursery" free="2244264" total="4194304" percent="53">
      <mem type="allocate" free="2244264" total="2883584" percent="77" />
      <mem type="survivor" free="0" total="1310720" percent="0" />
    </mem>
    <mem type="tenure" free="3018352" total="6815744" percent="44">
      <mem type="soa" free="2707432" total="6475776" percent="41" />
      <mem type="loa" free="310920" total="339968" percent="91" />
    </mem>
    <remembered-set count="224" />
  </mem-info>
</gc-end>
<cycle-end id="1280" type="scavenge" contextid="1274" timestamp="2019-08-07T01:42:42.025" />
  <attribute name="Current GC Util" value="6" />
  <attribute name= "Current Time Running" value="3921" />
<allocation-satisfied id="1281" threadId="0000000002924100" bytesRequested="56" />
<af-end id="1282" timestamp="2019-08-07T01:42:42.025" threadId="0000000002924A88" success="true" from="nursery"/>
<exclusive-end id="1283" timestamp="2019-08-07T01:42:42.026" durationms="1.771" />

<exclusive-start id="1284" timestamp="2019-08-07T01:42:42.054" intervalms="30.241">
  <response-info timems="0.042" idlems="0.042" threads="0" lastid="000000000293E500" lastname="Thread-9" />
</exclusive-start>
<af-start id="1285" threadId="000000000293EE88" totalBytesRequested="48" timestamp="2019-08-07T01:42:42.054" intervalms="29.775" type="nursery" />
<cycle-start id="1286" type="scavenge" contextid="0" timestamp="2019-08-07T01:42:42.054" intervalms="29.764" />
<gc-start id="1287" type="scavenge" contextid="1286" timestamp="2019-08-07T01:42:42.054">
  <mem-info id="1288" free="3018352" total="11010048" percent="27">
    <mem type="nursery" free="0" total="4194304" percent="0">
      <mem type="allocate" free="0" total="2883584" percent="0" />
      <mem type="survivor" free="0" total="1310720" percent="0" />
    </mem>
    <mem type="tenure" free="3018352" total="6815744" percent="44">
      <mem type="soa" free="2707432" total="6475776" percent="41" />
      <mem type="loa" free="310920" total="339968" percent="91" />
    </mem>
    <remembered-set count="417" />
  </mem-info>
</gc-start>
<allocation-stats totalBytes="2203304" >
  <allocated-bytes non-tlh="147552" tlh="2055752" />
  <largest-consumer threadName="Thread-6" threadId="0000000002933100" bytes="567864" />
</allocation-stats>
<gc-op id="1289" type="scavenge" timems="0.506" contextid="1286" timestamp="2019-08-07T01:42:42.055">
  <scavenger-info tenureage="1" tenuremask="7ffe" tiltratio="68" />
  <memory-copied type="nursery" objects="1434" bytes="506608" bytesdiscarded="273160" />
  <memory-copied type="tenure" objects="828" bytes="467520" bytesdiscarded="10016" />
</gc-op>
<gc-end id="1290" type="scavenge" contextid="1286" durationms="0.696" usertimems="4.000" systemtimems="0.000" timestamp="2019-08-07T01:42:42.055" activeThreads="5">
  <mem-info id="1291" free="4705024" total="11010048" percent="42">
    <mem type="nursery" free="2169312" total="4194304" percent="51">
      <mem type="allocate" free="2169312" total="2949120" percent="73" />
      <mem type="survivor" free="0" total="1245184" percent="0" />
    </mem>
    <mem type="tenure" free="2535712" total="6815744" percent="37">
      <mem type="soa" free="2224792" total="6475776" percent="34" />
      <mem type="loa" free="310920" total="339968" percent="91" />
    </mem>
    <remembered-set count="246" />
  </mem-info>
</gc-end>
<cycle-end id="1292" type="scavenge" contextid="1286" timestamp="2019-08-07T01:42:42.055" />
  <attribute name="Current GC Util" value="4" />
  <attribute name= "Current Time Running" value="3950" />
<allocation-satisfied id="1293" threadId="000000000293E500" bytesRequested="48" />
<af-end id="1294" timestamp="2019-08-07T01:42:42.055" threadId="000000000293EE88" success="true" from="nursery"/>
<exclusive-end id="1295" timestamp="2019-08-07T01:42:42.055" durationms="1.147" />

</verbosegc>

